OpenJDK 64-Bit Server VM (25.302-b08) for windows-amd64 JRE (Zulu 8.56.0.21-CA-win64) (1.8.0_302-b08), built on Jul 12 2021 09:58:01 by "tester" with MS VC++ 15.9 (VS2017)
Memory: 4k page, physical 33363216k(18179332k free), swap 35460368k(16076648k free)
CommandLine flags: -XX:InitialHeapSize=20971520 -XX:MaxHeapSize=20971520 -XX:MaxNewSize=6991872 -XX:MaxTenuringThreshold=6 -XX:NewSize=6991872 -XX:OldPLABSize=16 -XX:OldSize=13979648 -XX:+PrintGC -XX:+PrintGCDateStamps -XX:+PrintGCDetails -XX:+PrintGCTimeStamps -XX:+PrintHeapAtGC -XX:+UseCompressedClassPointers -XX:+UseCompressedOops -XX:+UseConcMarkSweepGC -XX:-UseLargePagesIndividualAllocation -XX:+UseParNewGC 
{Heap before GC invocations=0 (full 0):
 par new generation   total 6144K, used 5035K [0x00000000fec00000, 0x00000000ff2a0000, 0x00000000ff2a0000)
  eden space 5504K,  91% used [0x00000000fec00000, 0x00000000ff0eaff0, 0x00000000ff160000)
  from space 640K,   0% used [0x00000000ff160000, 0x00000000ff160000, 0x00000000ff200000)
  to   space 640K,   0% used [0x00000000ff200000, 0x00000000ff200000, 0x00000000ff2a0000)
 concurrent mark-sweep generation total 13696K, used 0K [0x00000000ff2a0000, 0x0000000100000000, 0x0000000100000000)
 Metaspace       used 4475K, capacity 4786K, committed 4992K, reserved 1056768K
  class space    used 495K, capacity 533K, committed 640K, reserved 1048576K
2024-07-16T11:01:35.249+0800: 0.129: [GC (Allocation Failure) 2024-07-16T11:01:35.249+0800: 0.129: [ParNew: 5035K->640K(6144K), 0.0017730 secs] 5035K->1952K(19840K), 0.0019940 secs] [Times: user=0.00 sys=0.00, real=0.00 secs] 
Heap after GC invocations=1 (full 0):
 par new generation   total 6144K, used 640K [0x00000000fec00000, 0x00000000ff2a0000, 0x00000000ff2a0000)
  eden space 5504K,   0% used [0x00000000fec00000, 0x00000000fec00000, 0x00000000ff160000)
  from space 640K, 100% used [0x00000000ff200000, 0x00000000ff2a0000, 0x00000000ff2a0000)
  to   space 640K,   0% used [0x00000000ff160000, 0x00000000ff160000, 0x00000000ff200000)
 concurrent mark-sweep generation total 13696K, used 1312K [0x00000000ff2a0000, 0x0000000100000000, 0x0000000100000000)
 Metaspace       used 4475K, capacity 4786K, committed 4992K, reserved 1056768K
  class space    used 495K, capacity 533K, committed 640K, reserved 1048576K
}
{Heap before GC invocations=1 (full 0):
 par new generation   total 6144K, used 5863K [0x00000000fec00000, 0x00000000ff2a0000, 0x00000000ff2a0000)
  eden space 5504K,  94% used [0x00000000fec00000, 0x00000000ff119d70, 0x00000000ff160000)
  from space 640K, 100% used [0x00000000ff200000, 0x00000000ff2a0000, 0x00000000ff2a0000)
  to   space 640K,   0% used [0x00000000ff160000, 0x00000000ff160000, 0x00000000ff200000)
 concurrent mark-sweep generation total 13696K, used 1312K [0x00000000ff2a0000, 0x0000000100000000, 0x0000000100000000)
 Metaspace       used 4477K, capacity 4786K, committed 4992K, reserved 1056768K
  class space    used 495K, capacity 533K, committed 640K, reserved 1048576K
2024-07-16T11:01:35.257+0800: 0.137: [GC (Allocation Failure) 2024-07-16T11:01:35.257+0800: 0.137: [ParNew: 5863K->141K(6144K), 0.0013792 secs] 7175K->3058K(19840K), 0.0014386 secs] [Times: user=0.00 sys=0.00, real=0.00 secs] 
Heap after GC invocations=2 (full 0):
 par new generation   total 6144K, used 141K [0x00000000fec00000, 0x00000000ff2a0000, 0x00000000ff2a0000)
  eden space 5504K,   0% used [0x00000000fec00000, 0x00000000fec00000, 0x00000000ff160000)
  from space 640K,  22% used [0x00000000ff160000, 0x00000000ff183580, 0x00000000ff200000)
  to   space 640K,   0% used [0x00000000ff200000, 0x00000000ff200000, 0x00000000ff2a0000)
 concurrent mark-sweep generation total 13696K, used 2917K [0x00000000ff2a0000, 0x0000000100000000, 0x0000000100000000)
 Metaspace       used 4477K, capacity 4786K, committed 4992K, reserved 1056768K
  class space    used 495K, capacity 533K, committed 640K, reserved 1048576K
}
{Heap before GC invocations=2 (full 0):
 par new generation   total 6144K, used 5359K [0x00000000fec00000, 0x00000000ff2a0000, 0x00000000ff2a0000)
  eden space 5504K,  94% used [0x00000000fec00000, 0x00000000ff1187d0, 0x00000000ff160000)
  from space 640K,  22% used [0x00000000ff160000, 0x00000000ff183580, 0x00000000ff200000)
  to   space 640K,   0% used [0x00000000ff200000, 0x00000000ff200000, 0x00000000ff2a0000)
 concurrent mark-sweep generation total 13696K, used 2917K [0x00000000ff2a0000, 0x0000000100000000, 0x0000000100000000)
 Metaspace       used 4477K, capacity 4786K, committed 4992K, reserved 1056768K
  class space    used 495K, capacity 533K, committed 640K, reserved 1048576K
2024-07-16T11:01:35.268+0800: 0.148: [GC (Allocation Failure) 2024-07-16T11:01:35.268+0800: 0.148: [ParNew: 5359K->47K(6144K), 0.0002797 secs] 8276K->2964K(19840K), 0.0004008 secs] [Times: user=0.00 sys=0.00, real=0.00 secs] 
Heap after GC invocations=3 (full 0):
 par new generation   total 6144K, used 47K [0x00000000fec00000, 0x00000000ff2a0000, 0x00000000ff2a0000)
  eden space 5504K,   0% used [0x00000000fec00000, 0x00000000fec00000, 0x00000000ff160000)
  from space 640K,   7% used [0x00000000ff200000, 0x00000000ff20bc80, 0x00000000ff2a0000)
  to   space 640K,   0% used [0x00000000ff160000, 0x00000000ff160000, 0x00000000ff200000)
 concurrent mark-sweep generation total 13696K, used 2917K [0x00000000ff2a0000, 0x0000000100000000, 0x0000000100000000)
 Metaspace       used 4477K, capacity 4786K, committed 4992K, reserved 1056768K
  class space    used 495K, capacity 533K, committed 640K, reserved 1048576K
}
{Heap before GC invocations=3 (full 0):
 par new generation   total 6144K, used 5268K [0x00000000fec00000, 0x00000000ff2a0000, 0x00000000ff2a0000)
  eden space 5504K,  94% used [0x00000000fec00000, 0x00000000ff119650, 0x00000000ff160000)
  from space 640K,   7% used [0x00000000ff200000, 0x00000000ff20bc80, 0x00000000ff2a0000)
  to   space 640K,   0% used [0x00000000ff160000, 0x00000000ff160000, 0x00000000ff200000)
 concurrent mark-sweep generation total 13696K, used 2917K [0x00000000ff2a0000, 0x0000000100000000, 0x0000000100000000)
 Metaspace       used 4477K, capacity 4786K, committed 4992K, reserved 1056768K
  class space    used 495K, capacity 533K, committed 640K, reserved 1048576K
2024-07-16T11:01:35.275+0800: 0.155: [GC (Allocation Failure) 2024-07-16T11:01:35.275+0800: 0.155: [ParNew: 5268K->8K(6144K), 0.0014242 secs] 8185K->4973K(19840K), 0.0014854 secs] [Times: user=0.00 sys=0.00, real=0.00 secs] 
Heap after GC invocations=4 (full 0):
 par new generation   total 6144K, used 8K [0x00000000fec00000, 0x00000000ff2a0000, 0x00000000ff2a0000)
  eden space 5504K,   0% used [0x00000000fec00000, 0x00000000fec00000, 0x00000000ff160000)
  from space 640K,   1% used [0x00000000ff160000, 0x00000000ff162358, 0x00000000ff200000)
  to   space 640K,   0% used [0x00000000ff200000, 0x00000000ff200000, 0x00000000ff2a0000)
 concurrent mark-sweep generation total 13696K, used 4965K [0x00000000ff2a0000, 0x0000000100000000, 0x0000000100000000)
 Metaspace       used 4477K, capacity 4786K, committed 4992K, reserved 1056768K
  class space    used 495K, capacity 533K, committed 640K, reserved 1048576K
}
{Heap before GC invocations=4 (full 0):
 par new generation   total 6144K, used 5232K [0x00000000fec00000, 0x00000000ff2a0000, 0x00000000ff2a0000)
  eden space 5504K,  94% used [0x00000000fec00000, 0x00000000ff119fb8, 0x00000000ff160000)
  from space 640K,   1% used [0x00000000ff160000, 0x00000000ff162358, 0x00000000ff200000)
  to   space 640K,   0% used [0x00000000ff200000, 0x00000000ff200000, 0x00000000ff2a0000)
 concurrent mark-sweep generation total 13696K, used 4965K [0x00000000ff2a0000, 0x0000000100000000, 0x0000000100000000)
 Metaspace       used 4477K, capacity 4786K, committed 4992K, reserved 1056768K
  class space    used 495K, capacity 533K, committed 640K, reserved 1048576K
2024-07-16T11:01:35.283+0800: 0.163: [GC (Allocation Failure) 2024-07-16T11:01:35.283+0800: 0.163: [ParNew: 5232K->6K(6144K), 0.0009175 secs] 10197K->5995K(19840K), 0.0009867 secs] [Times: user=0.02 sys=0.00, real=0.00 secs] 
Heap after GC invocations=5 (full 0):
 par new generation   total 6144K, used 6K [0x00000000fec00000, 0x00000000ff2a0000, 0x00000000ff2a0000)
  eden space 5504K,   0% used [0x00000000fec00000, 0x00000000fec00000, 0x00000000ff160000)
  from space 640K,   0% used [0x00000000ff200000, 0x00000000ff201830, 0x00000000ff2a0000)
  to   space 640K,   0% used [0x00000000ff160000, 0x00000000ff160000, 0x00000000ff200000)
 concurrent mark-sweep generation total 13696K, used 5989K [0x00000000ff2a0000, 0x0000000100000000, 0x0000000100000000)
 Metaspace       used 4477K, capacity 4786K, committed 4992K, reserved 1056768K
  class space    used 495K, capacity 533K, committed 640K, reserved 1048576K
}
{Heap before GC invocations=5 (full 0):
 par new generation   total 6144K, used 5231K [0x00000000fec00000, 0x00000000ff2a0000, 0x00000000ff2a0000)
  eden space 5504K,  94% used [0x00000000fec00000, 0x00000000ff11a5c8, 0x00000000ff160000)
  from space 640K,   0% used [0x00000000ff200000, 0x00000000ff201830, 0x00000000ff2a0000)
  to   space 640K,   0% used [0x00000000ff160000, 0x00000000ff160000, 0x00000000ff200000)
 concurrent mark-sweep generation total 13696K, used 5989K [0x00000000ff2a0000, 0x0000000100000000, 0x0000000100000000)
 Metaspace       used 4477K, capacity 4786K, committed 4992K, reserved 1056768K
  class space    used 495K, capacity 533K, committed 640K, reserved 1048576K
2024-07-16T11:01:35.292+0800: 0.172: [GC (Allocation Failure) 2024-07-16T11:01:35.292+0800: 0.172: [ParNew: 5231K->8K(6144K), 0.0013088 secs] 11220K->8045K(19840K), 0.0013702 secs] [Times: user=0.00 sys=0.00, real=0.00 secs] 
Heap after GC invocations=6 (full 0):
 par new generation   total 6144K, used 8K [0x00000000fec00000, 0x00000000ff2a0000, 0x00000000ff2a0000)
  eden space 5504K,   0% used [0x00000000fec00000, 0x00000000fec00000, 0x00000000ff160000)
  from space 640K,   1% used [0x00000000ff160000, 0x00000000ff162040, 0x00000000ff200000)
  to   space 640K,   0% used [0x00000000ff200000, 0x00000000ff200000, 0x00000000ff2a0000)
 concurrent mark-sweep generation total 13696K, used 8037K [0x00000000ff2a0000, 0x0000000100000000, 0x0000000100000000)
 Metaspace       used 4477K, capacity 4786K, committed 4992K, reserved 1056768K
  class space    used 495K, capacity 533K, committed 640K, reserved 1048576K
}
2024-07-16T11:01:35.293+0800: 0.174: [GC (CMS Initial Mark) [1 CMS-initial-mark: 8037K(13696K)] 9069K(19840K), 0.0001227 secs] [Times: user=0.00 sys=0.00, real=0.00 secs] 
2024-07-16T11:01:35.293+0800: 0.174: [CMS-concurrent-mark-start]
2024-07-16T11:01:35.294+0800: 0.175: [CMS-concurrent-mark: 0.001/0.001 secs] [Times: user=0.00 sys=0.00, real=0.00 secs] 
2024-07-16T11:01:35.294+0800: 0.175: [CMS-concurrent-preclean-start]
2024-07-16T11:01:35.294+0800: 0.175: [CMS-concurrent-preclean: 0.000/0.000 secs] [Times: user=0.00 sys=0.00, real=0.00 secs] 
2024-07-16T11:01:35.295+0800: 0.175: [GC (CMS Final Remark) [YG occupancy: 1032 K (6144 K)]2024-07-16T11:01:35.295+0800: 0.175: [Rescan (parallel) , 0.0001370 secs]2024-07-16T11:01:35.295+0800: 0.175: [weak refs processing, 0.0000299 secs]2024-07-16T11:01:35.295+0800: 0.175: [class unloading, 0.0003002 secs]2024-07-16T11:01:35.295+0800: 0.175: [scrub symbol table, 0.0003438 secs]2024-07-16T11:01:35.295+0800: 0.176: [scrub string table, 0.0000782 secs][1 CMS-remark: 8037K(13696K)] 9069K(19840K), 0.0009406 secs] [Times: user=0.00 sys=0.00, real=0.00 secs] 
2024-07-16T11:01:35.296+0800: 0.176: [CMS-concurrent-sweep-start]
2024-07-16T11:01:35.296+0800: 0.176: [CMS-concurrent-sweep: 0.000/0.000 secs] [Times: user=0.00 sys=0.00, real=0.00 secs] 
2024-07-16T11:01:35.296+0800: 0.176: [CMS-concurrent-reset-start]
2024-07-16T11:01:35.296+0800: 0.176: [CMS-concurrent-reset: 0.000/0.000 secs] [Times: user=0.00 sys=0.00, real=0.00 secs] 
{Heap before GC invocations=6 (full 1):
 par new generation   total 6144K, used 5234K [0x00000000fec00000, 0x00000000ff2a0000, 0x00000000ff2a0000)
  eden space 5504K,  94% used [0x00000000fec00000, 0x00000000ff11aa28, 0x00000000ff160000)
  from space 640K,   1% used [0x00000000ff160000, 0x00000000ff162040, 0x00000000ff200000)
  to   space 640K,   0% used [0x00000000ff200000, 0x00000000ff200000, 0x00000000ff2a0000)
 concurrent mark-sweep generation total 13696K, used 2914K [0x00000000ff2a0000, 0x0000000100000000, 0x0000000100000000)
 Metaspace       used 4477K, capacity 4786K, committed 4992K, reserved 1056768K
  class space    used 495K, capacity 533K, committed 640K, reserved 1048576K
2024-07-16T11:01:35.303+0800: 0.183: [GC (Allocation Failure) 2024-07-16T11:01:35.303+0800: 0.183: [ParNew: 5234K->10K(6144K), 0.0004599 secs] 8149K->3948K(19840K), 0.0005274 secs] [Times: user=0.00 sys=0.00, real=0.00 secs] 
Heap after GC invocations=7 (full 1):
 par new generation   total 6144K, used 10K [0x00000000fec00000, 0x00000000ff2a0000, 0x00000000ff2a0000)
  eden space 5504K,   0% used [0x00000000fec00000, 0x00000000fec00000, 0x00000000ff160000)
  from space 640K,   1% used [0x00000000ff200000, 0x00000000ff202850, 0x00000000ff2a0000)
  to   space 640K,   0% used [0x00000000ff160000, 0x00000000ff160000, 0x00000000ff200000)
 concurrent mark-sweep generation total 13696K, used 3938K [0x00000000ff2a0000, 0x0000000100000000, 0x0000000100000000)
 Metaspace       used 4477K, capacity 4786K, committed 4992K, reserved 1056768K
  class space    used 495K, capacity 533K, committed 640K, reserved 1048576K
}
{Heap before GC invocations=7 (full 1):
 par new generation   total 6144K, used 5237K [0x00000000fec00000, 0x00000000ff2a0000, 0x00000000ff2a0000)
  eden space 5504K,  94% used [0x00000000fec00000, 0x00000000ff11ac08, 0x00000000ff160000)
  from space 640K,   1% used [0x00000000ff200000, 0x00000000ff202850, 0x00000000ff2a0000)
  to   space 640K,   0% used [0x00000000ff160000, 0x00000000ff160000, 0x00000000ff200000)
 concurrent mark-sweep generation total 13696K, used 3938K [0x00000000ff2a0000, 0x0000000100000000, 0x0000000100000000)
 Metaspace       used 4477K, capacity 4786K, committed 4992K, reserved 1056768K
  class space    used 495K, capacity 533K, committed 640K, reserved 1048576K
2024-07-16T11:01:35.310+0800: 0.190: [GC (Allocation Failure) 2024-07-16T11:01:35.310+0800: 0.190: [ParNew: 5237K->8K(6144K), 0.0004637 secs] 9175K->5995K(19840K), 0.0005091 secs] [Times: user=0.00 sys=0.00, real=0.00 secs] 
Heap after GC invocations=8 (full 1):
 par new generation   total 6144K, used 8K [0x00000000fec00000, 0x00000000ff2a0000, 0x00000000ff2a0000)
  eden space 5504K,   0% used [0x00000000fec00000, 0x00000000fec00000, 0x00000000ff160000)
  from space 640K,   1% used [0x00000000ff160000, 0x00000000ff162118, 0x00000000ff200000)
  to   space 640K,   0% used [0x00000000ff200000, 0x00000000ff200000, 0x00000000ff2a0000)
 concurrent mark-sweep generation total 13696K, used 5986K [0x00000000ff2a0000, 0x0000000100000000, 0x0000000100000000)
 Metaspace       used 4477K, capacity 4786K, committed 4992K, reserved 1056768K
  class space    used 495K, capacity 533K, committed 640K, reserved 1048576K
}
{Heap before GC invocations=8 (full 1):
 par new generation   total 6144K, used 5235K [0x00000000fec00000, 0x00000000ff2a0000, 0x00000000ff2a0000)
  eden space 5504K,  94% used [0x00000000fec00000, 0x00000000ff11ae28, 0x00000000ff160000)
  from space 640K,   1% used [0x00000000ff160000, 0x00000000ff162118, 0x00000000ff200000)
  to   space 640K,   0% used [0x00000000ff200000, 0x00000000ff200000, 0x00000000ff2a0000)
 concurrent mark-sweep generation total 13696K, used 5986K [0x00000000ff2a0000, 0x0000000100000000, 0x0000000100000000)
 Metaspace       used 4477K, capacity 4786K, committed 4992K, reserved 1056768K
  class space    used 495K, capacity 533K, committed 640K, reserved 1048576K
2024-07-16T11:01:35.319+0800: 0.199: [GC (Allocation Failure) 2024-07-16T11:01:35.319+0800: 0.199: [ParNew: 5235K->4K(6144K), 0.0004473 secs] 11222K->7015K(19840K), 0.0005062 secs] [Times: user=0.00 sys=0.00, real=0.00 secs] 
Heap after GC invocations=9 (full 1):
 par new generation   total 6144K, used 4K [0x00000000fec00000, 0x00000000ff2a0000, 0x00000000ff2a0000)
  eden space 5504K,   0% used [0x00000000fec00000, 0x00000000fec00000, 0x00000000ff160000)
  from space 640K,   0% used [0x00000000ff200000, 0x00000000ff2010f8, 0x00000000ff2a0000)
  to   space 640K,   0% used [0x00000000ff160000, 0x00000000ff160000, 0x00000000ff200000)
 concurrent mark-sweep generation total 13696K, used 7010K [0x00000000ff2a0000, 0x0000000100000000, 0x0000000100000000)
 Metaspace       used 4477K, capacity 4786K, committed 4992K, reserved 1056768K
  class space    used 495K, capacity 533K, committed 640K, reserved 1048576K
}
{Heap before GC invocations=9 (full 1):
 par new generation   total 6144K, used 5231K [0x00000000fec00000, 0x00000000ff2a0000, 0x00000000ff2a0000)
  eden space 5504K,  94% used [0x00000000fec00000, 0x00000000ff11aef0, 0x00000000ff160000)
  from space 640K,   0% used [0x00000000ff200000, 0x00000000ff2010f8, 0x00000000ff2a0000)
  to   space 640K,   0% used [0x00000000ff160000, 0x00000000ff160000, 0x00000000ff200000)
 concurrent mark-sweep generation total 13696K, used 7010K [0x00000000ff2a0000, 0x0000000100000000, 0x0000000100000000)
 Metaspace       used 4477K, capacity 4786K, committed 4992K, reserved 1056768K
  class space    used 495K, capacity 533K, committed 640K, reserved 1048576K
2024-07-16T11:01:35.325+0800: 0.205: [GC (Allocation Failure) 2024-07-16T11:01:35.325+0800: 0.205: [ParNew: 5231K->10K(6144K), 0.0004598 secs] 12242K->8045K(19840K), 0.0005639 secs] [Times: user=0.00 sys=0.00, real=0.00 secs] 
Heap after GC invocations=10 (full 1):
 par new generation   total 6144K, used 10K [0x00000000fec00000, 0x00000000ff2a0000, 0x00000000ff2a0000)
  eden space 5504K,   0% used [0x00000000fec00000, 0x00000000fec00000, 0x00000000ff160000)
  from space 640K,   1% used [0x00000000ff160000, 0x00000000ff162928, 0x00000000ff200000)
  to   space 640K,   0% used [0x00000000ff200000, 0x00000000ff200000, 0x00000000ff2a0000)
 concurrent mark-sweep generation total 13696K, used 8034K [0x00000000ff2a0000, 0x0000000100000000, 0x0000000100000000)
 Metaspace       used 4477K, capacity 4786K, committed 4992K, reserved 1056768K
  class space    used 495K, capacity 533K, committed 640K, reserved 1048576K
}
{Heap before GC invocations=10 (full 1):
 par new generation   total 6144K, used 5238K [0x00000000fec00000, 0x00000000ff2a0000, 0x00000000ff2a0000)
  eden space 5504K,  94% used [0x00000000fec00000, 0x00000000ff11af58, 0x00000000ff160000)
  from space 640K,   1% used [0x00000000ff160000, 0x00000000ff162928, 0x00000000ff200000)
  to   space 640K,   0% used [0x00000000ff200000, 0x00000000ff200000, 0x00000000ff2a0000)
 concurrent mark-sweep generation total 13696K, used 8034K [0x00000000ff2a0000, 0x0000000100000000, 0x0000000100000000)
 Metaspace       used 4477K, capacity 4786K, committed 4992K, reserved 1056768K
  class space    used 495K, capacity 533K, committed 640K, reserved 1048576K
2024-07-16T11:01:35.331+0800: 0.211: [GC (Allocation Failure) 2024-07-16T11:01:35.331+0800: 0.211: [ParNew: 5238K->6K(6144K), 0.0007766 secs] 13273K->9065K(19840K), 0.0008256 secs] [Times: user=0.00 sys=0.00, real=0.00 secs] 
Heap after GC invocations=11 (full 1):
 par new generation   total 6144K, used 6K [0x00000000fec00000, 0x00000000ff2a0000, 0x00000000ff2a0000)
  eden space 5504K,   0% used [0x00000000fec00000, 0x00000000fec00000, 0x00000000ff160000)
  from space 640K,   0% used [0x00000000ff200000, 0x00000000ff201968, 0x00000000ff2a0000)
  to   space 640K,   0% used [0x00000000ff160000, 0x00000000ff160000, 0x00000000ff200000)
 concurrent mark-sweep generation total 13696K, used 9058K [0x00000000ff2a0000, 0x0000000100000000, 0x0000000100000000)
 Metaspace       used 4477K, capacity 4786K, committed 4992K, reserved 1056768K
  class space    used 495K, capacity 533K, committed 640K, reserved 1048576K
}
{Heap before GC invocations=11 (full 1):
 par new generation   total 6144K, used 5234K [0x00000000fec00000, 0x00000000ff2a0000, 0x00000000ff2a0000)
  eden space 5504K,  94% used [0x00000000fec00000, 0x00000000ff11b028, 0x00000000ff160000)
  from space 640K,   0% used [0x00000000ff200000, 0x00000000ff201968, 0x00000000ff2a0000)
  to   space 640K,   0% used [0x00000000ff160000, 0x00000000ff160000, 0x00000000ff200000)
 concurrent mark-sweep generation total 13696K, used 9058K [0x00000000ff2a0000, 0x0000000100000000, 0x0000000100000000)
 Metaspace       used 4478K, capacity 4786K, committed 4992K, reserved 1056768K
  class space    used 495K, capacity 533K, committed 640K, reserved 1048576K
2024-07-16T11:01:35.339+0800: 0.219: [GC (Allocation Failure) 2024-07-16T11:01:35.339+0800: 0.219: [ParNew: 5234K->6K(6144K), 0.0007955 secs] 14293K->10089K(19840K), 0.0008547 secs] [Times: user=0.00 sys=0.00, real=0.00 secs] 
Heap after GC invocations=12 (full 1):
 par new generation   total 6144K, used 6K [0x00000000fec00000, 0x00000000ff2a0000, 0x00000000ff2a0000)
  eden space 5504K,   0% used [0x00000000fec00000, 0x00000000fec00000, 0x00000000ff160000)
  from space 640K,   0% used [0x00000000ff160000, 0x00000000ff161968, 0x00000000ff200000)
  to   space 640K,   0% used [0x00000000ff200000, 0x00000000ff200000, 0x00000000ff2a0000)
 concurrent mark-sweep generation total 13696K, used 10083K [0x00000000ff2a0000, 0x0000000100000000, 0x0000000100000000)
 Metaspace       used 4478K, capacity 4786K, committed 4992K, reserved 1056768K
  class space    used 495K, capacity 533K, committed 640K, reserved 1048576K
}
{Heap before GC invocations=12 (full 1):
 par new generation   total 6144K, used 5234K [0x00000000fec00000, 0x00000000ff2a0000, 0x00000000ff2a0000)
  eden space 5504K,  94% used [0x00000000fec00000, 0x00000000ff11b090, 0x00000000ff160000)
  from space 640K,   0% used [0x00000000ff160000, 0x00000000ff161968, 0x00000000ff200000)
  to   space 640K,   0% used [0x00000000ff200000, 0x00000000ff200000, 0x00000000ff2a0000)
 concurrent mark-sweep generation total 13696K, used 10083K [0x00000000ff2a0000, 0x0000000100000000, 0x0000000100000000)
 Metaspace       used 4478K, capacity 4786K, committed 4992K, reserved 1056768K
  class space    used 495K, capacity 533K, committed 640K, reserved 1048576K
2024-07-16T11:01:35.347+0800: 0.227: [GC (Allocation Failure) 2024-07-16T11:01:35.347+0800: 0.227: [ParNew: 5234K->6K(6144K), 0.0007451 secs] 15317K->11113K(19840K), 0.0007857 secs] [Times: user=0.00 sys=0.00, real=0.00 secs] 
Heap after GC invocations=13 (full 1):
 par new generation   total 6144K, used 6K [0x00000000fec00000, 0x00000000ff2a0000, 0x00000000ff2a0000)
  eden space 5504K,   0% used [0x00000000fec00000, 0x00000000fec00000, 0x00000000ff160000)
  from space 640K,   0% used [0x00000000ff200000, 0x00000000ff201968, 0x00000000ff2a0000)
  to   space 640K,   0% used [0x00000000ff160000, 0x00000000ff160000, 0x00000000ff200000)
 concurrent mark-sweep generation total 13696K, used 11107K [0x00000000ff2a0000, 0x0000000100000000, 0x0000000100000000)
 Metaspace       used 4478K, capacity 4786K, committed 4992K, reserved 1056768K
  class space    used 495K, capacity 533K, committed 640K, reserved 1048576K
}
2024-07-16T11:01:35.348+0800: 0.228: [GC (CMS Initial Mark) [1 CMS-initial-mark: 11107K(13696K)] 12137K(19840K), 0.0001300 secs] [Times: user=0.00 sys=0.00, real=0.00 secs] 
2024-07-16T11:01:35.348+0800: 0.228: [CMS-concurrent-mark-start]
2024-07-16T11:01:35.349+0800: 0.229: [CMS-concurrent-mark: 0.001/0.001 secs] [Times: user=0.00 sys=0.00, real=0.00 secs] 
2024-07-16T11:01:35.349+0800: 0.229: [CMS-concurrent-preclean-start]
2024-07-16T11:01:35.349+0800: 0.229: [CMS-concurrent-preclean: 0.000/0.000 secs] [Times: user=0.00 sys=0.00, real=0.00 secs] 
2024-07-16T11:01:35.349+0800: 0.229: [CMS-concurrent-abortable-preclean-start]
{Heap before GC invocations=13 (full 2):
 par new generation   total 6144K, used 5234K [0x00000000fec00000, 0x00000000ff2a0000, 0x00000000ff2a0000)
  eden space 5504K,  94% used [0x00000000fec00000, 0x00000000ff11b038, 0x00000000ff160000)
  from space 640K,   0% used [0x00000000ff200000, 0x00000000ff201968, 0x00000000ff2a0000)
  to   space 640K,   0% used [0x00000000ff160000, 0x00000000ff160000, 0x00000000ff200000)
 concurrent mark-sweep generation total 13696K, used 11107K [0x00000000ff2a0000, 0x0000000100000000, 0x0000000100000000)
 Metaspace       used 4479K, capacity 4786K, committed 4992K, reserved 1056768K
  class space    used 495K, capacity 533K, committed 640K, reserved 1048576K
2024-07-16T11:01:35.354+0800: 0.234: [GC (Allocation Failure) 2024-07-16T11:01:35.354+0800: 0.234: [ParNew: 5234K->6K(6144K), 0.0007778 secs] 16341K->12137K(19840K), 0.0008190 secs] [Times: user=0.00 sys=0.00, real=0.00 secs] 
Heap after GC invocations=14 (full 2):
 par new generation   total 6144K, used 6K [0x00000000fec00000, 0x00000000ff2a0000, 0x00000000ff2a0000)
  eden space 5504K,   0% used [0x00000000fec00000, 0x00000000fec00000, 0x00000000ff160000)
  from space 640K,   0% used [0x00000000ff160000, 0x00000000ff161968, 0x00000000ff200000)
  to   space 640K,   0% used [0x00000000ff200000, 0x00000000ff200000, 0x00000000ff2a0000)
 concurrent mark-sweep generation total 13696K, used 12131K [0x00000000ff2a0000, 0x0000000100000000, 0x0000000100000000)
 Metaspace       used 4479K, capacity 4786K, committed 4992K, reserved 1056768K
  class space    used 495K, capacity 533K, committed 640K, reserved 1048576K
}
{Heap before GC invocations=14 (full 2):
 par new generation   total 6144K, used 5234K [0x00000000fec00000, 0x00000000ff2a0000, 0x00000000ff2a0000)
  eden space 5504K,  94% used [0x00000000fec00000, 0x00000000ff11b0d8, 0x00000000ff160000)
  from space 640K,   0% used [0x00000000ff160000, 0x00000000ff161968, 0x00000000ff200000)
  to   space 640K,   0% used [0x00000000ff200000, 0x00000000ff200000, 0x00000000ff2a0000)
 concurrent mark-sweep generation total 13696K, used 12131K [0x00000000ff2a0000, 0x0000000100000000, 0x0000000100000000)
 Metaspace       used 4479K, capacity 4786K, committed 4992K, reserved 1056768K
  class space    used 495K, capacity 533K, committed 640K, reserved 1048576K
2024-07-16T11:01:35.364+0800: 0.244: [GC (Allocation Failure) 2024-07-16T11:01:35.364+0800: 0.244: [ParNew (promotion failed): 5234K->5236K(6144K), 0.0003232 secs]2024-07-16T11:01:35.364+0800: 0.244: [CMS2024-07-16T11:01:35.364+0800: 0.244: [CMS-concurrent-abortable-preclean: 0.000/0.015 secs] [Times: user=0.00 sys=0.00, real=0.02 secs] 
 (concurrent mode failure): 12131K->2891K(13696K), 0.0023022 secs] 17365K->2891K(19840K), [Metaspace: 4479K->4479K(1056768K)], 0.0026977 secs] [Times: user=0.00 sys=0.00, real=0.00 secs] 
Heap after GC invocations=15 (full 3):
 par new generation   total 6144K, used 0K [0x00000000fec00000, 0x00000000ff2a0000, 0x00000000ff2a0000)
  eden space 5504K,   0% used [0x00000000fec00000, 0x00000000fec00000, 0x00000000ff160000)
  from space 640K,   0% used [0x00000000ff200000, 0x00000000ff200000, 0x00000000ff2a0000)
  to   space 640K,   0% used [0x00000000ff160000, 0x00000000ff160000, 0x00000000ff200000)
 concurrent mark-sweep generation total 13696K, used 2891K [0x00000000ff2a0000, 0x0000000100000000, 0x0000000100000000)
 Metaspace       used 4479K, capacity 4786K, committed 4992K, reserved 1056768K
  class space    used 495K, capacity 533K, committed 640K, reserved 1048576K
}
{Heap before GC invocations=15 (full 3):
 par new generation   total 6144K, used 5283K [0x00000000fec00000, 0x00000000ff2a0000, 0x00000000ff2a0000)
  eden space 5504K,  95% used [0x00000000fec00000, 0x00000000ff128ce8, 0x00000000ff160000)
  from space 640K,   0% used [0x00000000ff200000, 0x00000000ff200000, 0x00000000ff2a0000)
  to   space 640K,   0% used [0x00000000ff160000, 0x00000000ff160000, 0x00000000ff200000)
 concurrent mark-sweep generation total 13696K, used 2891K [0x00000000ff2a0000, 0x0000000100000000, 0x0000000100000000)
 Metaspace       used 4481K, capacity 4786K, committed 4992K, reserved 1056768K
  class space    used 495K, capacity 533K, committed 640K, reserved 1048576K
2024-07-16T11:01:35.374+0800: 0.254: [GC (Allocation Failure) 2024-07-16T11:01:35.374+0800: 0.254: [ParNew: 5283K->12K(6144K), 0.0004787 secs] 8174K->3929K(19840K), 0.0005296 secs] [Times: user=0.00 sys=0.00, real=0.00 secs] 
Heap after GC invocations=16 (full 3):
 par new generation   total 6144K, used 12K [0x00000000fec00000, 0x00000000ff2a0000, 0x00000000ff2a0000)
  eden space 5504K,   0% used [0x00000000fec00000, 0x00000000fec00000, 0x00000000ff160000)
  from space 640K,   1% used [0x00000000ff160000, 0x00000000ff163060, 0x00000000ff200000)
  to   space 640K,   0% used [0x00000000ff200000, 0x00000000ff200000, 0x00000000ff2a0000)
 concurrent mark-sweep generation total 13696K, used 3917K [0x00000000ff2a0000, 0x0000000100000000, 0x0000000100000000)
 Metaspace       used 4481K, capacity 4786K, committed 4992K, reserved 1056768K
  class space    used 495K, capacity 533K, committed 640K, reserved 1048576K
}
{Heap before GC invocations=16 (full 3):
 par new generation   total 6144K, used 5239K [0x00000000fec00000, 0x00000000ff2a0000, 0x00000000ff2a0000)
  eden space 5504K,  94% used [0x00000000fec00000, 0x00000000ff11af80, 0x00000000ff160000)
  from space 640K,   1% used [0x00000000ff160000, 0x00000000ff163060, 0x00000000ff200000)
  to   space 640K,   0% used [0x00000000ff200000, 0x00000000ff200000, 0x00000000ff2a0000)
 concurrent mark-sweep generation total 13696K, used 3917K [0x00000000ff2a0000, 0x0000000100000000, 0x0000000100000000)
 Metaspace       used 4482K, capacity 4786K, committed 4992K, reserved 1056768K
  class space    used 495K, capacity 533K, committed 640K, reserved 1048576K
2024-07-16T11:01:35.383+0800: 0.263: [GC (Allocation Failure) 2024-07-16T11:01:35.383+0800: 0.263: [ParNew: 5239K->6K(6144K), 0.0003229 secs] 9157K->3924K(19840K), 0.0003665 secs] [Times: user=0.00 sys=0.00, real=0.00 secs] 
Heap after GC invocations=17 (full 3):
 par new generation   total 6144K, used 6K [0x00000000fec00000, 0x00000000ff2a0000, 0x00000000ff2a0000)
  eden space 5504K,   0% used [0x00000000fec00000, 0x00000000fec00000, 0x00000000ff160000)
  from space 640K,   1% used [0x00000000ff200000, 0x00000000ff2019f8, 0x00000000ff2a0000)
  to   space 640K,   0% used [0x00000000ff160000, 0x00000000ff160000, 0x00000000ff200000)
 concurrent mark-sweep generation total 13696K, used 3917K [0x00000000ff2a0000, 0x0000000100000000, 0x0000000100000000)
 Metaspace       used 4482K, capacity 4786K, committed 4992K, reserved 1056768K
  class space    used 495K, capacity 533K, committed 640K, reserved 1048576K
}
{Heap before GC invocations=17 (full 3):
 par new generation   total 6144K, used 5234K [0x00000000fec00000, 0x00000000ff2a0000, 0x00000000ff2a0000)
  eden space 5504K,  94% used [0x00000000fec00000, 0x00000000ff11afb8, 0x00000000ff160000)
  from space 640K,   1% used [0x00000000ff200000, 0x00000000ff2019f8, 0x00000000ff2a0000)
  to   space 640K,   0% used [0x00000000ff160000, 0x00000000ff160000, 0x00000000ff200000)
 concurrent mark-sweep generation total 13696K, used 3917K [0x00000000ff2a0000, 0x0000000100000000, 0x0000000100000000)
 Metaspace       used 4482K, capacity 4786K, committed 4992K, reserved 1056768K
  class space    used 495K, capacity 533K, committed 640K, reserved 1048576K
2024-07-16T11:01:35.391+0800: 0.271: [GC (Allocation Failure) 2024-07-16T11:01:35.391+0800: 0.271: [ParNew: 5234K->6K(6144K), 0.0003405 secs] 9152K->3924K(19840K), 0.0003971 secs] [Times: user=0.00 sys=0.00, real=0.00 secs] 
Heap after GC invocations=18 (full 3):
 par new generation   total 6144K, used 6K [0x00000000fec00000, 0x00000000ff2a0000, 0x00000000ff2a0000)
  eden space 5504K,   0% used [0x00000000fec00000, 0x00000000fec00000, 0x00000000ff160000)
  from space 640K,   1% used [0x00000000ff160000, 0x00000000ff1619f8, 0x00000000ff200000)
  to   space 640K,   0% used [0x00000000ff200000, 0x00000000ff200000, 0x00000000ff2a0000)
 concurrent mark-sweep generation total 13696K, used 3917K [0x00000000ff2a0000, 0x0000000100000000, 0x0000000100000000)
 Metaspace       used 4482K, capacity 4786K, committed 4992K, reserved 1056768K
  class space    used 495K, capacity 533K, committed 640K, reserved 1048576K
}
{Heap before GC invocations=18 (full 3):
 par new generation   total 6144K, used 5234K [0x00000000fec00000, 0x00000000ff2a0000, 0x00000000ff2a0000)
  eden space 5504K,  94% used [0x00000000fec00000, 0x00000000ff11b018, 0x00000000ff160000)
  from space 640K,   1% used [0x00000000ff160000, 0x00000000ff1619f8, 0x00000000ff200000)
  to   space 640K,   0% used [0x00000000ff200000, 0x00000000ff200000, 0x00000000ff2a0000)
 concurrent mark-sweep generation total 13696K, used 3917K [0x00000000ff2a0000, 0x0000000100000000, 0x0000000100000000)
 Metaspace       used 4482K, capacity 4786K, committed 4992K, reserved 1056768K
  class space    used 495K, capacity 533K, committed 640K, reserved 1048576K
2024-07-16T11:01:35.398+0800: 0.278: [GC (Allocation Failure) 2024-07-16T11:01:35.398+0800: 0.278: [ParNew: 5234K->14K(6144K), 0.0003704 secs] 9152K->4958K(19840K), 0.0004661 secs] [Times: user=0.00 sys=0.00, real=0.00 secs] 
Heap after GC invocations=19 (full 3):
 par new generation   total 6144K, used 14K [0x00000000fec00000, 0x00000000ff2a0000, 0x00000000ff2a0000)
  eden space 5504K,   0% used [0x00000000fec00000, 0x00000000fec00000, 0x00000000ff160000)
  from space 640K,   2% used [0x00000000ff200000, 0x00000000ff203a38, 0x00000000ff2a0000)
  to   space 640K,   0% used [0x00000000ff160000, 0x00000000ff160000, 0x00000000ff200000)
 concurrent mark-sweep generation total 13696K, used 4943K [0x00000000ff2a0000, 0x0000000100000000, 0x0000000100000000)
 Metaspace       used 4482K, capacity 4786K, committed 4992K, reserved 1056768K
  class space    used 495K, capacity 533K, committed 640K, reserved 1048576K
}
{Heap before GC invocations=19 (full 3):
 par new generation   total 6144K, used 5242K [0x00000000fec00000, 0x00000000ff2a0000, 0x00000000ff2a0000)
  eden space 5504K,  94% used [0x00000000fec00000, 0x00000000ff11b038, 0x00000000ff160000)
  from space 640K,   2% used [0x00000000ff200000, 0x00000000ff203a38, 0x00000000ff2a0000)
  to   space 640K,   0% used [0x00000000ff160000, 0x00000000ff160000, 0x00000000ff200000)
 concurrent mark-sweep generation total 13696K, used 4943K [0x00000000ff2a0000, 0x0000000100000000, 0x0000000100000000)
 Metaspace       used 4483K, capacity 4786K, committed 4992K, reserved 1056768K
  class space    used 495K, capacity 533K, committed 640K, reserved 1048576K
2024-07-16T11:01:35.406+0800: 0.286: [GC (Allocation Failure) 2024-07-16T11:01:35.406+0800: 0.286: [ParNew: 5242K->14K(6144K), 0.0005607 secs] 10186K->5984K(19840K), 0.0006077 secs] [Times: user=0.00 sys=0.00, real=0.00 secs] 
Heap after GC invocations=20 (full 3):
 par new generation   total 6144K, used 14K [0x00000000fec00000, 0x00000000ff2a0000, 0x00000000ff2a0000)
  eden space 5504K,   0% used [0x00000000fec00000, 0x00000000fec00000, 0x00000000ff160000)
  from space 640K,   2% used [0x00000000ff160000, 0x00000000ff163a38, 0x00000000ff200000)
  to   space 640K,   0% used [0x00000000ff200000, 0x00000000ff200000, 0x00000000ff2a0000)
 concurrent mark-sweep generation total 13696K, used 5969K [0x00000000ff2a0000, 0x0000000100000000, 0x0000000100000000)
 Metaspace       used 4483K, capacity 4786K, committed 4992K, reserved 1056768K
  class space    used 495K, capacity 533K, committed 640K, reserved 1048576K
}
{Heap before GC invocations=20 (full 3):
 par new generation   total 6144K, used 5242K [0x00000000fec00000, 0x00000000ff2a0000, 0x00000000ff2a0000)
  eden space 5504K,  94% used [0x00000000fec00000, 0x00000000ff11b0a0, 0x00000000ff160000)
  from space 640K,   2% used [0x00000000ff160000, 0x00000000ff163a38, 0x00000000ff200000)
  to   space 640K,   0% used [0x00000000ff200000, 0x00000000ff200000, 0x00000000ff2a0000)
 concurrent mark-sweep generation total 13696K, used 5969K [0x00000000ff2a0000, 0x0000000100000000, 0x0000000100000000)
 Metaspace       used 4483K, capacity 4786K, committed 4992K, reserved 1056768K
  class space    used 495K, capacity 533K, committed 640K, reserved 1048576K
2024-07-16T11:01:35.413+0800: 0.293: [GC (Allocation Failure) 2024-07-16T11:01:35.413+0800: 0.293: [ParNew: 5242K->12K(6144K), 0.0004615 secs] 11212K->7008K(19840K), 0.0005064 secs] [Times: user=0.00 sys=0.00, real=0.00 secs] 
Heap after GC invocations=21 (full 3):
 par new generation   total 6144K, used 12K [0x00000000fec00000, 0x00000000ff2a0000, 0x00000000ff2a0000)
  eden space 5504K,   0% used [0x00000000fec00000, 0x00000000fec00000, 0x00000000ff160000)
  from space 640K,   1% used [0x00000000ff200000, 0x00000000ff203228, 0x00000000ff2a0000)
  to   space 640K,   0% used [0x00000000ff160000, 0x00000000ff160000, 0x00000000ff200000)
 concurrent mark-sweep generation total 13696K, used 6995K [0x00000000ff2a0000, 0x0000000100000000, 0x0000000100000000)
 Metaspace       used 4483K, capacity 4786K, committed 4992K, reserved 1056768K
  class space    used 495K, capacity 533K, committed 640K, reserved 1048576K
}
{Heap before GC invocations=21 (full 3):
 par new generation   total 6144K, used 5240K [0x00000000fec00000, 0x00000000ff2a0000, 0x00000000ff2a0000)
  eden space 5504K,  94% used [0x00000000fec00000, 0x00000000ff11b078, 0x00000000ff160000)
  from space 640K,   1% used [0x00000000ff200000, 0x00000000ff203228, 0x00000000ff2a0000)
  to   space 640K,   0% used [0x00000000ff160000, 0x00000000ff160000, 0x00000000ff200000)
 concurrent mark-sweep generation total 13696K, used 6995K [0x00000000ff2a0000, 0x0000000100000000, 0x0000000100000000)
 Metaspace       used 4484K, capacity 4786K, committed 4992K, reserved 1056768K
  class space    used 495K, capacity 533K, committed 640K, reserved 1048576K
2024-07-16T11:01:35.420+0800: 0.300: [GC (Allocation Failure) 2024-07-16T11:01:35.420+0800: 0.300: [ParNew: 5240K->8K(6144K), 0.0004975 secs] 12236K->8032K(19840K), 0.0005651 secs] [Times: user=0.00 sys=0.00, real=0.00 secs] 
Heap after GC invocations=22 (full 3):
 par new generation   total 6144K, used 8K [0x00000000fec00000, 0x00000000ff2a0000, 0x00000000ff2a0000)
  eden space 5504K,   0% used [0x00000000fec00000, 0x00000000fec00000, 0x00000000ff160000)
  from space 640K,   1% used [0x00000000ff160000, 0x00000000ff162040, 0x00000000ff200000)
  to   space 640K,   0% used [0x00000000ff200000, 0x00000000ff200000, 0x00000000ff2a0000)
 concurrent mark-sweep generation total 13696K, used 8024K [0x00000000ff2a0000, 0x0000000100000000, 0x0000000100000000)
 Metaspace       used 4484K, capacity 4786K, committed 4992K, reserved 1056768K
  class space    used 495K, capacity 533K, committed 640K, reserved 1048576K
}
{Heap before GC invocations=22 (full 3):
 par new generation   total 6144K, used 5236K [0x00000000fec00000, 0x00000000ff2a0000, 0x00000000ff2a0000)
  eden space 5504K,  94% used [0x00000000fec00000, 0x00000000ff11b088, 0x00000000ff160000)
  from space 640K,   1% used [0x00000000ff160000, 0x00000000ff162040, 0x00000000ff200000)
  to   space 640K,   0% used [0x00000000ff200000, 0x00000000ff200000, 0x00000000ff2a0000)
 concurrent mark-sweep generation total 13696K, used 8024K [0x00000000ff2a0000, 0x0000000100000000, 0x0000000100000000)
 Metaspace       used 4484K, capacity 4786K, committed 4992K, reserved 1056768K
  class space    used 495K, capacity 533K, committed 640K, reserved 1048576K
2024-07-16T11:01:35.428+0800: 0.308: [GC (Allocation Failure) 2024-07-16T11:01:35.428+0800: 0.308: [ParNew: 5236K->8K(6144K), 0.0004612 secs] 13260K->9058K(19840K), 0.0005095 secs] [Times: user=0.00 sys=0.00, real=0.00 secs] 
Heap after GC invocations=23 (full 3):
 par new generation   total 6144K, used 8K [0x00000000fec00000, 0x00000000ff2a0000, 0x00000000ff2a0000)
  eden space 5504K,   0% used [0x00000000fec00000, 0x00000000fec00000, 0x00000000ff160000)
  from space 640K,   1% used [0x00000000ff200000, 0x00000000ff202040, 0x00000000ff2a0000)
  to   space 640K,   0% used [0x00000000ff160000, 0x00000000ff160000, 0x00000000ff200000)
 concurrent mark-sweep generation total 13696K, used 9050K [0x00000000ff2a0000, 0x0000000100000000, 0x0000000100000000)
 Metaspace       used 4484K, capacity 4786K, committed 4992K, reserved 1056768K
  class space    used 495K, capacity 533K, committed 640K, reserved 1048576K
}
{Heap before GC invocations=23 (full 3):
 par new generation   total 6144K, used 5272K [0x00000000fec00000, 0x00000000ff2a0000, 0x00000000ff2a0000)
  eden space 5504K,  95% used [0x00000000fec00000, 0x00000000ff124048, 0x00000000ff160000)
  from space 640K,   1% used [0x00000000ff200000, 0x00000000ff202040, 0x00000000ff2a0000)
  to   space 640K,   0% used [0x00000000ff160000, 0x00000000ff160000, 0x00000000ff200000)
 concurrent mark-sweep generation total 13696K, used 9050K [0x00000000ff2a0000, 0x0000000100000000, 0x0000000100000000)
 Metaspace       used 4487K, capacity 4786K, committed 4992K, reserved 1056768K
  class space    used 495K, capacity 533K, committed 640K, reserved 1048576K
2024-07-16T11:01:35.437+0800: 0.317: [GC (Allocation Failure) 2024-07-16T11:01:35.437+0800: 0.317: [ParNew: 5272K->8K(6144K), 0.0004137 secs] 14322K->9058K(19840K), 0.0004758 secs] [Times: user=0.00 sys=0.00, real=0.00 secs] 
Heap after GC invocations=24 (full 3):
 par new generation   total 6144K, used 8K [0x00000000fec00000, 0x00000000ff2a0000, 0x00000000ff2a0000)
  eden space 5504K,   0% used [0x00000000fec00000, 0x00000000fec00000, 0x00000000ff160000)
  from space 640K,   1% used [0x00000000ff160000, 0x00000000ff162040, 0x00000000ff200000)
  to   space 640K,   0% used [0x00000000ff200000, 0x00000000ff200000, 0x00000000ff2a0000)
 concurrent mark-sweep generation total 13696K, used 9050K [0x00000000ff2a0000, 0x0000000100000000, 0x0000000100000000)
 Metaspace       used 4487K, capacity 4786K, committed 4992K, reserved 1056768K
  class space    used 495K, capacity 533K, committed 640K, reserved 1048576K
}
{Heap before GC invocations=24 (full 3):
 par new generation   total 6144K, used 5236K [0x00000000fec00000, 0x00000000ff2a0000, 0x00000000ff2a0000)
  eden space 5504K,  94% used [0x00000000fec00000, 0x00000000ff11afd8, 0x00000000ff160000)
  from space 640K,   1% used [0x00000000ff160000, 0x00000000ff162040, 0x00000000ff200000)
  to   space 640K,   0% used [0x00000000ff200000, 0x00000000ff200000, 0x00000000ff2a0000)
 concurrent mark-sweep generation total 13696K, used 9050K [0x00000000ff2a0000, 0x0000000100000000, 0x0000000100000000)
 Metaspace       used 4487K, capacity 4786K, committed 4992K, reserved 1056768K
  class space    used 495K, capacity 533K, committed 640K, reserved 1048576K
2024-07-16T11:01:35.445+0800: 0.325: [GC (Allocation Failure) 2024-07-16T11:01:35.445+0800: 0.325: [ParNew: 5236K->10K(6144K), 0.0004199 secs] 14286K->10084K(19840K), 0.0004668 secs] [Times: user=0.00 sys=0.00, real=0.00 secs] 
Heap after GC invocations=25 (full 3):
 par new generation   total 6144K, used 10K [0x00000000fec00000, 0x00000000ff2a0000, 0x00000000ff2a0000)
  eden space 5504K,   0% used [0x00000000fec00000, 0x00000000fec00000, 0x00000000ff160000)
  from space 640K,   1% used [0x00000000ff200000, 0x00000000ff202850, 0x00000000ff2a0000)
  to   space 640K,   0% used [0x00000000ff160000, 0x00000000ff160000, 0x00000000ff200000)
 concurrent mark-sweep generation total 13696K, used 10074K [0x00000000ff2a0000, 0x0000000100000000, 0x0000000100000000)
 Metaspace       used 4487K, capacity 4786K, committed 4992K, reserved 1056768K
  class space    used 495K, capacity 533K, committed 640K, reserved 1048576K
}
{Heap before GC invocations=25 (full 3):
 par new generation   total 6144K, used 5238K [0x00000000fec00000, 0x00000000ff2a0000, 0x00000000ff2a0000)
  eden space 5504K,  94% used [0x00000000fec00000, 0x00000000ff11afd8, 0x00000000ff160000)
  from space 640K,   1% used [0x00000000ff200000, 0x00000000ff202850, 0x00000000ff2a0000)
  to   space 640K,   0% used [0x00000000ff160000, 0x00000000ff160000, 0x00000000ff200000)
 concurrent mark-sweep generation total 13696K, used 10074K [0x00000000ff2a0000, 0x0000000100000000, 0x0000000100000000)
 Metaspace       used 4487K, capacity 4786K, committed 4992K, reserved 1056768K
  class space    used 495K, capacity 533K, committed 640K, reserved 1048576K
2024-07-16T11:01:35.452+0800: 0.332: [GC (Allocation Failure) 2024-07-16T11:01:35.452+0800: 0.332: [ParNew: 5238K->12K(6144K), 0.0004177 secs] 15312K->11112K(19840K), 0.0004647 secs] [Times: user=0.00 sys=0.00, real=0.00 secs] 
Heap after GC invocations=26 (full 3):
 par new generation   total 6144K, used 12K [0x00000000fec00000, 0x00000000ff2a0000, 0x00000000ff2a0000)
  eden space 5504K,   0% used [0x00000000fec00000, 0x00000000fec00000, 0x00000000ff160000)
  from space 640K,   1% used [0x00000000ff160000, 0x00000000ff163060, 0x00000000ff200000)
  to   space 640K,   0% used [0x00000000ff200000, 0x00000000ff200000, 0x00000000ff2a0000)
 concurrent mark-sweep generation total 13696K, used 11100K [0x00000000ff2a0000, 0x0000000100000000, 0x0000000100000000)
 Metaspace       used 4487K, capacity 4786K, committed 4992K, reserved 1056768K
  class space    used 495K, capacity 533K, committed 640K, reserved 1048576K
}
2024-07-16T11:01:35.452+0800: 0.333: [GC (CMS Initial Mark) [1 CMS-initial-mark: 11100K(13696K)] 12136K(19840K), 0.0001183 secs] [Times: user=0.00 sys=0.00, real=0.00 secs] 
2024-07-16T11:01:35.452+0800: 0.333: [CMS-concurrent-mark-start]
2024-07-16T11:01:35.453+0800: 0.334: [CMS-concurrent-mark: 0.001/0.001 secs] [Times: user=0.00 sys=0.00, real=0.00 secs] 
2024-07-16T11:01:35.453+0800: 0.334: [CMS-concurrent-preclean-start]
2024-07-16T11:01:35.453+0800: 0.334: [CMS-concurrent-preclean: 0.000/0.000 secs] [Times: user=0.00 sys=0.00, real=0.00 secs] 
2024-07-16T11:01:35.453+0800: 0.334: [CMS-concurrent-abortable-preclean-start]
{Heap before GC invocations=26 (full 4):
 par new generation   total 6144K, used 5240K [0x00000000fec00000, 0x00000000ff2a0000, 0x00000000ff2a0000)
  eden space 5504K,  94% used [0x00000000fec00000, 0x00000000ff11b038, 0x00000000ff160000)
  from space 640K,   1% used [0x00000000ff160000, 0x00000000ff163060, 0x00000000ff200000)
  to   space 640K,   0% used [0x00000000ff200000, 0x00000000ff200000, 0x00000000ff2a0000)
 concurrent mark-sweep generation total 13696K, used 11100K [0x00000000ff2a0000, 0x0000000100000000, 0x0000000100000000)
 Metaspace       used 4489K, capacity 4786K, committed 4992K, reserved 1056768K
  class space    used 495K, capacity 533K, committed 640K, reserved 1048576K
2024-07-16T11:01:35.458+0800: 0.338: [GC (Allocation Failure) 2024-07-16T11:01:35.458+0800: 0.338: [ParNew: 5240K->8K(6144K), 0.0003679 secs] 16340K->12133K(19840K), 0.0004019 secs] [Times: user=0.00 sys=0.00, real=0.00 secs] 
Heap after GC invocations=27 (full 4):
 par new generation   total 6144K, used 8K [0x00000000fec00000, 0x00000000ff2a0000, 0x00000000ff2a0000)
  eden space 5504K,   0% used [0x00000000fec00000, 0x00000000fec00000, 0x00000000ff160000)
  from space 640K,   1% used [0x00000000ff200000, 0x00000000ff2022e0, 0x00000000ff2a0000)
  to   space 640K,   0% used [0x00000000ff160000, 0x00000000ff160000, 0x00000000ff200000)
 concurrent mark-sweep generation total 13696K, used 12124K [0x00000000ff2a0000, 0x0000000100000000, 0x0000000100000000)
 Metaspace       used 4489K, capacity 4786K, committed 4992K, reserved 1056768K
  class space    used 495K, capacity 533K, committed 640K, reserved 1048576K
}
{Heap before GC invocations=27 (full 4):
 par new generation   total 6144K, used 5236K [0x00000000fec00000, 0x00000000ff2a0000, 0x00000000ff2a0000)
  eden space 5504K,  94% used [0x00000000fec00000, 0x00000000ff11b060, 0x00000000ff160000)
  from space 640K,   1% used [0x00000000ff200000, 0x00000000ff2022e0, 0x00000000ff2a0000)
  to   space 640K,   0% used [0x00000000ff160000, 0x00000000ff160000, 0x00000000ff200000)
 concurrent mark-sweep generation total 13696K, used 12124K [0x00000000ff2a0000, 0x0000000100000000, 0x0000000100000000)
 Metaspace       used 4489K, capacity 4786K, committed 4992K, reserved 1056768K
  class space    used 495K, capacity 533K, committed 640K, reserved 1048576K
2024-07-16T11:01:35.465+0800: 0.345: [GC (Allocation Failure) 2024-07-16T11:01:35.465+0800: 0.345: [ParNew: 5236K->6K(6144K), 0.0003180 secs] 17361K->12131K(19840K), 0.0003704 secs] [Times: user=0.00 sys=0.00, real=0.00 secs] 
Heap after GC invocations=28 (full 4):
 par new generation   total 6144K, used 6K [0x00000000fec00000, 0x00000000ff2a0000, 0x00000000ff2a0000)
  eden space 5504K,   0% used [0x00000000fec00000, 0x00000000fec00000, 0x00000000ff160000)
  from space 640K,   1% used [0x00000000ff160000, 0x00000000ff161ad0, 0x00000000ff200000)
  to   space 640K,   0% used [0x00000000ff200000, 0x00000000ff200000, 0x00000000ff2a0000)
 concurrent mark-sweep generation total 13696K, used 12124K [0x00000000ff2a0000, 0x0000000100000000, 0x0000000100000000)
 Metaspace       used 4489K, capacity 4786K, committed 4992K, reserved 1056768K
  class space    used 495K, capacity 533K, committed 640K, reserved 1048576K
}
{Heap before GC invocations=28 (full 4):
 par new generation   total 6144K, used 5234K [0x00000000fec00000, 0x00000000ff2a0000, 0x00000000ff2a0000)
  eden space 5504K,  94% used [0x00000000fec00000, 0x00000000ff11b098, 0x00000000ff160000)
  from space 640K,   1% used [0x00000000ff160000, 0x00000000ff161ad0, 0x00000000ff200000)
  to   space 640K,   0% used [0x00000000ff200000, 0x00000000ff200000, 0x00000000ff2a0000)
 concurrent mark-sweep generation total 13696K, used 12124K [0x00000000ff2a0000, 0x0000000100000000, 0x0000000100000000)
 Metaspace       used 4489K, capacity 4786K, committed 4992K, reserved 1056768K
  class space    used 495K, capacity 533K, committed 640K, reserved 1048576K
2024-07-16T11:01:35.472+0800: 0.352: [GC (Allocation Failure) 2024-07-16T11:01:35.472+0800: 0.352: [ParNew: 5234K->4K(6144K), 0.0002741 secs] 17359K->12129K(19840K), 0.0003295 secs] [Times: user=0.00 sys=0.00, real=0.00 secs] 
Heap after GC invocations=29 (full 4):
 par new generation   total 6144K, used 4K [0x00000000fec00000, 0x00000000ff2a0000, 0x00000000ff2a0000)
  eden space 5504K,   0% used [0x00000000fec00000, 0x00000000fec00000, 0x00000000ff160000)
  from space 640K,   0% used [0x00000000ff200000, 0x00000000ff201020, 0x00000000ff2a0000)
  to   space 640K,   0% used [0x00000000ff160000, 0x00000000ff160000, 0x00000000ff200000)
 concurrent mark-sweep generation total 13696K, used 12125K [0x00000000ff2a0000, 0x0000000100000000, 0x0000000100000000)
 Metaspace       used 4489K, capacity 4786K, committed 4992K, reserved 1056768K
  class space    used 495K, capacity 533K, committed 640K, reserved 1048576K
}
{Heap before GC invocations=29 (full 4):
 par new generation   total 6144K, used 5232K [0x00000000fec00000, 0x00000000ff2a0000, 0x00000000ff2a0000)
  eden space 5504K,  94% used [0x00000000fec00000, 0x00000000ff11b088, 0x00000000ff160000)
  from space 640K,   0% used [0x00000000ff200000, 0x00000000ff201020, 0x00000000ff2a0000)
  to   space 640K,   0% used [0x00000000ff160000, 0x00000000ff160000, 0x00000000ff200000)
 concurrent mark-sweep generation total 13696K, used 12125K [0x00000000ff2a0000, 0x0000000100000000, 0x0000000100000000)
 Metaspace       used 4489K, capacity 4786K, committed 4992K, reserved 1056768K
  class space    used 495K, capacity 533K, committed 640K, reserved 1048576K
2024-07-16T11:01:35.478+0800: 0.358: [GC (Allocation Failure) 2024-07-16T11:01:35.478+0800: 0.358: [ParNew: 5232K->6K(6144K), 0.0005259 secs] 17357K->13155K(19840K), 0.0005673 secs] [Times: user=0.00 sys=0.00, real=0.00 secs] 
Heap after GC invocations=30 (full 4):
 par new generation   total 6144K, used 6K [0x00000000fec00000, 0x00000000ff2a0000, 0x00000000ff2a0000)
  eden space 5504K,   0% used [0x00000000fec00000, 0x00000000fec00000, 0x00000000ff160000)
  from space 640K,   0% used [0x00000000ff160000, 0x00000000ff161830, 0x00000000ff200000)
  to   space 640K,   0% used [0x00000000ff200000, 0x00000000ff200000, 0x00000000ff2a0000)
 concurrent mark-sweep generation total 13696K, used 13149K [0x00000000ff2a0000, 0x0000000100000000, 0x0000000100000000)
 Metaspace       used 4489K, capacity 4786K, committed 4992K, reserved 1056768K
  class space    used 495K, capacity 533K, committed 640K, reserved 1048576K
}
2024-07-16T11:01:35.478+0800: 0.359: [CMS-concurrent-abortable-preclean: 0.000/0.025 secs] [Times: user=0.00 sys=0.00, real=0.02 secs] 
2024-07-16T11:01:35.478+0800: 0.359: [GC (CMS Final Remark) [YG occupancy: 1030 K (6144 K)]2024-07-16T11:01:35.478+0800: 0.359: [Rescan (parallel) , 0.0001630 secs]2024-07-16T11:01:35.478+0800: 0.359: [weak refs processing, 0.0000114 secs]2024-07-16T11:01:35.478+0800: 0.359: [class unloading, 0.0002614 secs]2024-07-16T11:01:35.479+0800: 0.359: [scrub symbol table, 0.0003062 secs]2024-07-16T11:01:35.479+0800: 0.359: [scrub string table, 0.0000641 secs][1 CMS-remark: 13149K(13696K)] 14179K(19840K), 0.0008545 secs] [Times: user=0.00 sys=0.00, real=0.00 secs] 
2024-07-16T11:01:35.479+0800: 0.360: [CMS-concurrent-sweep-start]
2024-07-16T11:01:35.479+0800: 0.360: [CMS-concurrent-sweep: 0.000/0.000 secs] [Times: user=0.00 sys=0.00, real=0.00 secs] 
2024-07-16T11:01:35.479+0800: 0.360: [CMS-concurrent-reset-start]
2024-07-16T11:01:35.479+0800: 0.360: [CMS-concurrent-reset: 0.000/0.000 secs] [Times: user=0.00 sys=0.00, real=0.00 secs] 
{Heap before GC invocations=30 (full 4):
 par new generation   total 6144K, used 5234K [0x00000000fec00000, 0x00000000ff2a0000, 0x00000000ff2a0000)
  eden space 5504K,  94% used [0x00000000fec00000, 0x00000000ff11b0b8, 0x00000000ff160000)
  from space 640K,   0% used [0x00000000ff160000, 0x00000000ff161830, 0x00000000ff200000)
  to   space 640K,   0% used [0x00000000ff200000, 0x00000000ff200000, 0x00000000ff2a0000)
 concurrent mark-sweep generation total 13696K, used 2908K [0x00000000ff2a0000, 0x0000000100000000, 0x0000000100000000)
 Metaspace       used 4489K, capacity 4786K, committed 4992K, reserved 1056768K
  class space    used 495K, capacity 533K, committed 640K, reserved 1048576K
2024-07-16T11:01:35.487+0800: 0.367: [GC (Allocation Failure) 2024-07-16T11:01:35.487+0800: 0.367: [ParNew: 5234K->8K(6144K), 0.0004475 secs] 8142K->3940K(19840K), 0.0004884 secs] [Times: user=0.00 sys=0.00, real=0.00 secs] 
Heap after GC invocations=31 (full 4):
 par new generation   total 6144K, used 8K [0x00000000fec00000, 0x00000000ff2a0000, 0x00000000ff2a0000)
  eden space 5504K,   0% used [0x00000000fec00000, 0x00000000fec00000, 0x00000000ff160000)
  from space 640K,   1% used [0x00000000ff200000, 0x00000000ff202040, 0x00000000ff2a0000)
  to   space 640K,   0% used [0x00000000ff160000, 0x00000000ff160000, 0x00000000ff200000)
 concurrent mark-sweep generation total 13696K, used 3932K [0x00000000ff2a0000, 0x0000000100000000, 0x0000000100000000)
 Metaspace       used 4489K, capacity 4786K, committed 4992K, reserved 1056768K
  class space    used 495K, capacity 533K, committed 640K, reserved 1048576K
}
{Heap before GC invocations=31 (full 4):
 par new generation   total 6144K, used 5236K [0x00000000fec00000, 0x00000000ff2a0000, 0x00000000ff2a0000)
  eden space 5504K,  94% used [0x00000000fec00000, 0x00000000ff11b098, 0x00000000ff160000)
  from space 640K,   1% used [0x00000000ff200000, 0x00000000ff202040, 0x00000000ff2a0000)
  to   space 640K,   0% used [0x00000000ff160000, 0x00000000ff160000, 0x00000000ff200000)
 concurrent mark-sweep generation total 13696K, used 3932K [0x00000000ff2a0000, 0x0000000100000000, 0x0000000100000000)
 Metaspace       used 4490K, capacity 4786K, committed 4992K, reserved 1056768K
  class space    used 495K, capacity 533K, committed 640K, reserved 1048576K
2024-07-16T11:01:35.494+0800: 0.374: [GC (Allocation Failure) 2024-07-16T11:01:35.494+0800: 0.374: [ParNew: 5236K->6K(6144K), 0.0003520 secs] 9168K->4962K(19840K), 0.0003946 secs] [Times: user=0.00 sys=0.00, real=0.00 secs] 
Heap after GC invocations=32 (full 4):
 par new generation   total 6144K, used 6K [0x00000000fec00000, 0x00000000ff2a0000, 0x00000000ff2a0000)
  eden space 5504K,   0% used [0x00000000fec00000, 0x00000000fec00000, 0x00000000ff160000)
  from space 640K,   0% used [0x00000000ff160000, 0x00000000ff161830, 0x00000000ff200000)
  to   space 640K,   0% used [0x00000000ff200000, 0x00000000ff200000, 0x00000000ff2a0000)
 concurrent mark-sweep generation total 13696K, used 4956K [0x00000000ff2a0000, 0x0000000100000000, 0x0000000100000000)
 Metaspace       used 4490K, capacity 4786K, committed 4992K, reserved 1056768K
  class space    used 495K, capacity 533K, committed 640K, reserved 1048576K
}
{Heap before GC invocations=32 (full 4):
 par new generation   total 6144K, used 5234K [0x00000000fec00000, 0x00000000ff2a0000, 0x00000000ff2a0000)
  eden space 5504K,  94% used [0x00000000fec00000, 0x00000000ff11b0c0, 0x00000000ff160000)
  from space 640K,   0% used [0x00000000ff160000, 0x00000000ff161830, 0x00000000ff200000)
  to   space 640K,   0% used [0x00000000ff200000, 0x00000000ff200000, 0x00000000ff2a0000)
 concurrent mark-sweep generation total 13696K, used 4956K [0x00000000ff2a0000, 0x0000000100000000, 0x0000000100000000)
 Metaspace       used 4490K, capacity 4786K, committed 4992K, reserved 1056768K
  class space    used 495K, capacity 533K, committed 640K, reserved 1048576K
2024-07-16T11:01:35.501+0800: 0.381: [GC (Allocation Failure) 2024-07-16T11:01:35.501+0800: 0.381: [ParNew: 5234K->6K(6144K), 0.0005592 secs] 10190K->5986K(19840K), 0.0006087 secs] [Times: user=0.00 sys=0.00, real=0.00 secs] 
Heap after GC invocations=33 (full 4):
 par new generation   total 6144K, used 6K [0x00000000fec00000, 0x00000000ff2a0000, 0x00000000ff2a0000)
  eden space 5504K,   0% used [0x00000000fec00000, 0x00000000fec00000, 0x00000000ff160000)
  from space 640K,   0% used [0x00000000ff200000, 0x00000000ff201830, 0x00000000ff2a0000)
  to   space 640K,   0% used [0x00000000ff160000, 0x00000000ff160000, 0x00000000ff200000)
 concurrent mark-sweep generation total 13696K, used 5980K [0x00000000ff2a0000, 0x0000000100000000, 0x0000000100000000)
 Metaspace       used 4490K, capacity 4786K, committed 4992K, reserved 1056768K
  class space    used 495K, capacity 533K, committed 640K, reserved 1048576K
}
{Heap before GC invocations=33 (full 4):
 par new generation   total 6144K, used 5234K [0x00000000fec00000, 0x00000000ff2a0000, 0x00000000ff2a0000)
  eden space 5504K,  94% used [0x00000000fec00000, 0x00000000ff11b0c0, 0x00000000ff160000)
  from space 640K,   0% used [0x00000000ff200000, 0x00000000ff201830, 0x00000000ff2a0000)
  to   space 640K,   0% used [0x00000000ff160000, 0x00000000ff160000, 0x00000000ff200000)
 concurrent mark-sweep generation total 13696K, used 5980K [0x00000000ff2a0000, 0x0000000100000000, 0x0000000100000000)
 Metaspace       used 4490K, capacity 4786K, committed 4992K, reserved 1056768K
  class space    used 495K, capacity 533K, committed 640K, reserved 1048576K
2024-07-16T11:01:35.509+0800: 0.389: [GC (Allocation Failure) 2024-07-16T11:01:35.509+0800: 0.389: [ParNew: 5234K->8K(6144K), 0.0003598 secs] 11214K->7012K(19840K), 0.0004031 secs] [Times: user=0.00 sys=0.00, real=0.00 secs] 
Heap after GC invocations=34 (full 4):
 par new generation   total 6144K, used 8K [0x00000000fec00000, 0x00000000ff2a0000, 0x00000000ff2a0000)
  eden space 5504K,   0% used [0x00000000fec00000, 0x00000000fec00000, 0x00000000ff160000)
  from space 640K,   1% used [0x00000000ff160000, 0x00000000ff162040, 0x00000000ff200000)
  to   space 640K,   0% used [0x00000000ff200000, 0x00000000ff200000, 0x00000000ff2a0000)
 concurrent mark-sweep generation total 13696K, used 7004K [0x00000000ff2a0000, 0x0000000100000000, 0x0000000100000000)
 Metaspace       used 4490K, capacity 4786K, committed 4992K, reserved 1056768K
  class space    used 495K, capacity 533K, committed 640K, reserved 1048576K
}
{Heap before GC invocations=34 (full 4):
 par new generation   total 6144K, used 5236K [0x00000000fec00000, 0x00000000ff2a0000, 0x00000000ff2a0000)
  eden space 5504K,  94% used [0x00000000fec00000, 0x00000000ff11b0c8, 0x00000000ff160000)
  from space 640K,   1% used [0x00000000ff160000, 0x00000000ff162040, 0x00000000ff200000)
  to   space 640K,   0% used [0x00000000ff200000, 0x00000000ff200000, 0x00000000ff2a0000)
 concurrent mark-sweep generation total 13696K, used 7004K [0x00000000ff2a0000, 0x0000000100000000, 0x0000000100000000)
 Metaspace       used 4490K, capacity 4786K, committed 4992K, reserved 1056768K
  class space    used 495K, capacity 533K, committed 640K, reserved 1048576K
2024-07-16T11:01:35.517+0800: 0.397: [GC (Allocation Failure) 2024-07-16T11:01:35.517+0800: 0.397: [ParNew: 5236K->7K(6144K), 0.0004651 secs] 12240K->8037K(19840K), 0.0005086 secs] [Times: user=0.00 sys=0.00, real=0.00 secs] 
Heap after GC invocations=35 (full 4):
 par new generation   total 6144K, used 7K [0x00000000fec00000, 0x00000000ff2a0000, 0x00000000ff2a0000)
  eden space 5504K,   0% used [0x00000000fec00000, 0x00000000fec00000, 0x00000000ff160000)
  from space 640K,   1% used [0x00000000ff200000, 0x00000000ff201c10, 0x00000000ff2a0000)
  to   space 640K,   0% used [0x00000000ff160000, 0x00000000ff160000, 0x00000000ff200000)
 concurrent mark-sweep generation total 13696K, used 8030K [0x00000000ff2a0000, 0x0000000100000000, 0x0000000100000000)
 Metaspace       used 4490K, capacity 4786K, committed 4992K, reserved 1056768K
  class space    used 495K, capacity 533K, committed 640K, reserved 1048576K
}
{Heap before GC invocations=35 (full 4):
 par new generation   total 6144K, used 5235K [0x00000000fec00000, 0x00000000ff2a0000, 0x00000000ff2a0000)
  eden space 5504K,  94% used [0x00000000fec00000, 0x00000000ff11b110, 0x00000000ff160000)
  from space 640K,   1% used [0x00000000ff200000, 0x00000000ff201c10, 0x00000000ff2a0000)
  to   space 640K,   0% used [0x00000000ff160000, 0x00000000ff160000, 0x00000000ff200000)
 concurrent mark-sweep generation total 13696K, used 8030K [0x00000000ff2a0000, 0x0000000100000000, 0x0000000100000000)
 Metaspace       used 4491K, capacity 4786K, committed 4992K, reserved 1056768K
  class space    used 495K, capacity 533K, committed 640K, reserved 1048576K
2024-07-16T11:01:35.525+0800: 0.405: [GC (Allocation Failure) 2024-07-16T11:01:35.525+0800: 0.405: [ParNew: 5235K->7K(6144K), 0.0004557 secs] 13265K->9061K(19840K), 0.0005189 secs] [Times: user=0.00 sys=0.00, real=0.00 secs] 
Heap after GC invocations=36 (full 4):
 par new generation   total 6144K, used 7K [0x00000000fec00000, 0x00000000ff2a0000, 0x00000000ff2a0000)
  eden space 5504K,   0% used [0x00000000fec00000, 0x00000000fec00000, 0x00000000ff160000)
  from space 640K,   1% used [0x00000000ff160000, 0x00000000ff161c10, 0x00000000ff200000)
  to   space 640K,   0% used [0x00000000ff200000, 0x00000000ff200000, 0x00000000ff2a0000)
 concurrent mark-sweep generation total 13696K, used 9054K [0x00000000ff2a0000, 0x0000000100000000, 0x0000000100000000)
 Metaspace       used 4491K, capacity 4786K, committed 4992K, reserved 1056768K
  class space    used 495K, capacity 533K, committed 640K, reserved 1048576K
}
{Heap before GC invocations=36 (full 4):
 par new generation   total 6144K, used 5235K [0x00000000fec00000, 0x00000000ff2a0000, 0x00000000ff2a0000)
  eden space 5504K,  94% used [0x00000000fec00000, 0x00000000ff11b0c8, 0x00000000ff160000)
  from space 640K,   1% used [0x00000000ff160000, 0x00000000ff161c10, 0x00000000ff200000)
  to   space 640K,   0% used [0x00000000ff200000, 0x00000000ff200000, 0x00000000ff2a0000)
 concurrent mark-sweep generation total 13696K, used 9054K [0x00000000ff2a0000, 0x0000000100000000, 0x0000000100000000)
 Metaspace       used 4491K, capacity 4786K, committed 4992K, reserved 1056768K
  class space    used 495K, capacity 533K, committed 640K, reserved 1048576K
2024-07-16T11:01:35.532+0800: 0.412: [GC (Allocation Failure) 2024-07-16T11:01:35.532+0800: 0.412: [ParNew: 5235K->7K(6144K), 0.0004201 secs] 14289K->10085K(19840K), 0.0004616 secs] [Times: user=0.00 sys=0.00, real=0.00 secs] 
Heap after GC invocations=37 (full 4):
 par new generation   total 6144K, used 7K [0x00000000fec00000, 0x00000000ff2a0000, 0x00000000ff2a0000)
  eden space 5504K,   0% used [0x00000000fec00000, 0x00000000fec00000, 0x00000000ff160000)
  from space 640K,   1% used [0x00000000ff200000, 0x00000000ff201c10, 0x00000000ff2a0000)
  to   space 640K,   0% used [0x00000000ff160000, 0x00000000ff160000, 0x00000000ff200000)
 concurrent mark-sweep generation total 13696K, used 10078K [0x00000000ff2a0000, 0x0000000100000000, 0x0000000100000000)
 Metaspace       used 4491K, capacity 4786K, committed 4992K, reserved 1056768K
  class space    used 495K, capacity 533K, committed 640K, reserved 1048576K
}
2024-07-16T11:01:35.532+0800: 0.413: [GC (CMS Initial Mark) [1 CMS-initial-mark: 10078K(13696K)] 11109K(19840K), 0.0001131 secs] [Times: user=0.00 sys=0.00, real=0.00 secs] 
2024-07-16T11:01:35.532+0800: 0.413: [CMS-concurrent-mark-start]
2024-07-16T11:01:35.533+0800: 0.414: [CMS-concurrent-mark: 0.001/0.001 secs] [Times: user=0.00 sys=0.00, real=0.00 secs] 
2024-07-16T11:01:35.533+0800: 0.414: [CMS-concurrent-preclean-start]
2024-07-16T11:01:35.533+0800: 0.414: [CMS-concurrent-preclean: 0.000/0.000 secs] [Times: user=0.00 sys=0.00, real=0.00 secs] 
2024-07-16T11:01:35.533+0800: 0.414: [CMS-concurrent-abortable-preclean-start]
{Heap before GC invocations=37 (full 5):
 par new generation   total 6144K, used 5235K [0x00000000fec00000, 0x00000000ff2a0000, 0x00000000ff2a0000)
  eden space 5504K,  94% used [0x00000000fec00000, 0x00000000ff11b0a8, 0x00000000ff160000)
  from space 640K,   1% used [0x00000000ff200000, 0x00000000ff201c10, 0x00000000ff2a0000)
  to   space 640K,   0% used [0x00000000ff160000, 0x00000000ff160000, 0x00000000ff200000)
 concurrent mark-sweep generation total 13696K, used 10078K [0x00000000ff2a0000, 0x0000000100000000, 0x0000000100000000)
 Metaspace       used 4491K, capacity 4786K, committed 4992K, reserved 1056768K
  class space    used 495K, capacity 533K, committed 640K, reserved 1048576K
2024-07-16T11:01:35.539+0800: 0.419: [GC (Allocation Failure) 2024-07-16T11:01:35.539+0800: 0.419: [ParNew: 5235K->7K(6144K), 0.0003940 secs] 15313K->11111K(19840K), 0.0004313 secs] [Times: user=0.00 sys=0.00, real=0.00 secs] 
Heap after GC invocations=38 (full 5):
 par new generation   total 6144K, used 7K [0x00000000fec00000, 0x00000000ff2a0000, 0x00000000ff2a0000)
  eden space 5504K,   0% used [0x00000000fec00000, 0x00000000fec00000, 0x00000000ff160000)
  from space 640K,   1% used [0x00000000ff160000, 0x00000000ff161c10, 0x00000000ff200000)
  to   space 640K,   0% used [0x00000000ff200000, 0x00000000ff200000, 0x00000000ff2a0000)
 concurrent mark-sweep generation total 13696K, used 11104K [0x00000000ff2a0000, 0x0000000100000000, 0x0000000100000000)
 Metaspace       used 4491K, capacity 4786K, committed 4992K, reserved 1056768K
  class space    used 495K, capacity 533K, committed 640K, reserved 1048576K
}
{Heap before GC invocations=38 (full 5):
 par new generation   total 6144K, used 5235K [0x00000000fec00000, 0x00000000ff2a0000, 0x00000000ff2a0000)
  eden space 5504K,  94% used [0x00000000fec00000, 0x00000000ff11b0e8, 0x00000000ff160000)
  from space 640K,   1% used [0x00000000ff160000, 0x00000000ff161c10, 0x00000000ff200000)
  to   space 640K,   0% used [0x00000000ff200000, 0x00000000ff200000, 0x00000000ff2a0000)
 concurrent mark-sweep generation total 13696K, used 11104K [0x00000000ff2a0000, 0x0000000100000000, 0x0000000100000000)
 Metaspace       used 4491K, capacity 4786K, committed 4992K, reserved 1056768K
  class space    used 495K, capacity 533K, committed 640K, reserved 1048576K
2024-07-16T11:01:35.546+0800: 0.426: [GC (Allocation Failure) 2024-07-16T11:01:35.546+0800: 0.426: [ParNew: 5235K->7K(6144K), 0.0003894 secs] 16339K->12135K(19840K), 0.0004402 secs] [Times: user=0.00 sys=0.00, real=0.00 secs] 
Heap after GC invocations=39 (full 5):
 par new generation   total 6144K, used 7K [0x00000000fec00000, 0x00000000ff2a0000, 0x00000000ff2a0000)
  eden space 5504K,   0% used [0x00000000fec00000, 0x00000000fec00000, 0x00000000ff160000)
  from space 640K,   1% used [0x00000000ff200000, 0x00000000ff201c10, 0x00000000ff2a0000)
  to   space 640K,   0% used [0x00000000ff160000, 0x00000000ff160000, 0x00000000ff200000)
 concurrent mark-sweep generation total 13696K, used 12128K [0x00000000ff2a0000, 0x0000000100000000, 0x0000000100000000)
 Metaspace       used 4491K, capacity 4786K, committed 4992K, reserved 1056768K
  class space    used 495K, capacity 533K, committed 640K, reserved 1048576K
}
{Heap before GC invocations=39 (full 5):
 par new generation   total 6144K, used 5235K [0x00000000fec00000, 0x00000000ff2a0000, 0x00000000ff2a0000)
  eden space 5504K,  94% used [0x00000000fec00000, 0x00000000ff11b088, 0x00000000ff160000)
  from space 640K,   1% used [0x00000000ff200000, 0x00000000ff201c10, 0x00000000ff2a0000)
  to   space 640K,   0% used [0x00000000ff160000, 0x00000000ff160000, 0x00000000ff200000)
 concurrent mark-sweep generation total 13696K, used 12128K [0x00000000ff2a0000, 0x0000000100000000, 0x0000000100000000)
 Metaspace       used 4491K, capacity 4786K, committed 4992K, reserved 1056768K
  class space    used 495K, capacity 533K, committed 640K, reserved 1048576K
2024-07-16T11:01:35.554+0800: 0.434: [GC (Allocation Failure) 2024-07-16T11:01:35.554+0800: 0.434: [ParNew: 5235K->6K(6144K), 0.0003879 secs] 17363K->13159K(19840K), 0.0004367 secs] [Times: user=0.00 sys=0.00, real=0.00 secs] 
Heap after GC invocations=40 (full 5):
 par new generation   total 6144K, used 6K [0x00000000fec00000, 0x00000000ff2a0000, 0x00000000ff2a0000)
  eden space 5504K,   0% used [0x00000000fec00000, 0x00000000fec00000, 0x00000000ff160000)
  from space 640K,   0% used [0x00000000ff160000, 0x00000000ff161830, 0x00000000ff200000)
  to   space 640K,   0% used [0x00000000ff200000, 0x00000000ff200000, 0x00000000ff2a0000)
 concurrent mark-sweep generation total 13696K, used 13153K [0x00000000ff2a0000, 0x0000000100000000, 0x0000000100000000)
 Metaspace       used 4491K, capacity 4786K, committed 4992K, reserved 1056768K
  class space    used 495K, capacity 533K, committed 640K, reserved 1048576K
}
2024-07-16T11:01:35.554+0800: 0.434: [CMS-concurrent-abortable-preclean: 0.000/0.021 secs] [Times: user=0.00 sys=0.00, real=0.02 secs] 
2024-07-16T11:01:35.554+0800: 0.435: [GC (CMS Final Remark) [YG occupancy: 1030 K (6144 K)]2024-07-16T11:01:35.554+0800: 0.435: [Rescan (parallel) , 0.0001141 secs]2024-07-16T11:01:35.554+0800: 0.435: [weak refs processing, 0.0000089 secs]2024-07-16T11:01:35.554+0800: 0.435: [class unloading, 0.0002712 secs]2024-07-16T11:01:35.555+0800: 0.435: [scrub symbol table, 0.0003513 secs]2024-07-16T11:01:35.555+0800: 0.435: [scrub string table, 0.0000691 secs][1 CMS-remark: 13153K(13696K)] 14183K(19840K), 0.0008601 secs] [Times: user=0.00 sys=0.00, real=0.00 secs] 
2024-07-16T11:01:35.555+0800: 0.435: [CMS-concurrent-sweep-start]
2024-07-16T11:01:35.555+0800: 0.436: [CMS-concurrent-sweep: 0.000/0.000 secs] [Times: user=0.00 sys=0.00, real=0.00 secs] 
2024-07-16T11:01:35.555+0800: 0.436: [CMS-concurrent-reset-start]
2024-07-16T11:01:35.555+0800: 0.436: [CMS-concurrent-reset: 0.000/0.000 secs] [Times: user=0.00 sys=0.00, real=0.00 secs] 
{Heap before GC invocations=40 (full 5):
 par new generation   total 6144K, used 5234K [0x00000000fec00000, 0x00000000ff2a0000, 0x00000000ff2a0000)
  eden space 5504K,  94% used [0x00000000fec00000, 0x00000000ff11b0c8, 0x00000000ff160000)
  from space 640K,   0% used [0x00000000ff160000, 0x00000000ff161830, 0x00000000ff200000)
  to   space 640K,   0% used [0x00000000ff200000, 0x00000000ff200000, 0x00000000ff2a0000)
 concurrent mark-sweep generation total 13696K, used 4960K [0x00000000ff2a0000, 0x0000000100000000, 0x0000000100000000)
 Metaspace       used 4491K, capacity 4786K, committed 4992K, reserved 1056768K
  class space    used 495K, capacity 533K, committed 640K, reserved 1048576K
2024-07-16T11:01:35.562+0800: 0.442: [GC (Allocation Failure) 2024-07-16T11:01:35.562+0800: 0.442: [ParNew: 5234K->6K(6144K), 0.0004121 secs] 10194K->5990K(19840K), 0.0004551 secs] [Times: user=0.00 sys=0.00, real=0.00 secs] 
Heap after GC invocations=41 (full 5):
 par new generation   total 6144K, used 6K [0x00000000fec00000, 0x00000000ff2a0000, 0x00000000ff2a0000)
  eden space 5504K,   0% used [0x00000000fec00000, 0x00000000fec00000, 0x00000000ff160000)
  from space 640K,   0% used [0x00000000ff200000, 0x00000000ff201830, 0x00000000ff2a0000)
  to   space 640K,   0% used [0x00000000ff160000, 0x00000000ff160000, 0x00000000ff200000)
 concurrent mark-sweep generation total 13696K, used 5984K [0x00000000ff2a0000, 0x0000000100000000, 0x0000000100000000)
 Metaspace       used 4491K, capacity 4786K, committed 4992K, reserved 1056768K
  class space    used 495K, capacity 533K, committed 640K, reserved 1048576K
}
{Heap before GC invocations=41 (full 5):
 par new generation   total 6144K, used 5234K [0x00000000fec00000, 0x00000000ff2a0000, 0x00000000ff2a0000)
  eden space 5504K,  94% used [0x00000000fec00000, 0x00000000ff11b128, 0x00000000ff160000)
  from space 640K,   0% used [0x00000000ff200000, 0x00000000ff201830, 0x00000000ff2a0000)
  to   space 640K,   0% used [0x00000000ff160000, 0x00000000ff160000, 0x00000000ff200000)
 concurrent mark-sweep generation total 13696K, used 5984K [0x00000000ff2a0000, 0x0000000100000000, 0x0000000100000000)
 Metaspace       used 4491K, capacity 4786K, committed 4992K, reserved 1056768K
  class space    used 495K, capacity 533K, committed 640K, reserved 1048576K
2024-07-16T11:01:35.571+0800: 0.451: [GC (Allocation Failure) 2024-07-16T11:01:35.571+0800: 0.451: [ParNew: 5234K->4K(6144K), 0.0003047 secs] 11219K->5988K(19840K), 0.0003495 secs] [Times: user=0.00 sys=0.00, real=0.00 secs] 
Heap after GC invocations=42 (full 5):
 par new generation   total 6144K, used 4K [0x00000000fec00000, 0x00000000ff2a0000, 0x00000000ff2a0000)
  eden space 5504K,   0% used [0x00000000fec00000, 0x00000000fec00000, 0x00000000ff160000)
  from space 640K,   0% used [0x00000000ff160000, 0x00000000ff161020, 0x00000000ff200000)
  to   space 640K,   0% used [0x00000000ff200000, 0x00000000ff200000, 0x00000000ff2a0000)
 concurrent mark-sweep generation total 13696K, used 5984K [0x00000000ff2a0000, 0x0000000100000000, 0x0000000100000000)
 Metaspace       used 4491K, capacity 4786K, committed 4992K, reserved 1056768K
  class space    used 495K, capacity 533K, committed 640K, reserved 1048576K
}
{Heap before GC invocations=42 (full 5):
 par new generation   total 6144K, used 5232K [0x00000000fec00000, 0x00000000ff2a0000, 0x00000000ff2a0000)
  eden space 5504K,  94% used [0x00000000fec00000, 0x00000000ff11b0e8, 0x00000000ff160000)
  from space 640K,   0% used [0x00000000ff160000, 0x00000000ff161020, 0x00000000ff200000)
  to   space 640K,   0% used [0x00000000ff200000, 0x00000000ff200000, 0x00000000ff2a0000)
 concurrent mark-sweep generation total 13696K, used 5984K [0x00000000ff2a0000, 0x0000000100000000, 0x0000000100000000)
 Metaspace       used 4492K, capacity 4786K, committed 4992K, reserved 1056768K
  class space    used 495K, capacity 533K, committed 640K, reserved 1048576K
2024-07-16T11:01:35.579+0800: 0.459: [GC (Allocation Failure) 2024-07-16T11:01:35.579+0800: 0.459: [ParNew: 5232K->8K(6144K), 0.0003549 secs] 11217K->7016K(19840K), 0.0003952 secs] [Times: user=0.00 sys=0.00, real=0.00 secs] 
Heap after GC invocations=43 (full 5):
 par new generation   total 6144K, used 8K [0x00000000fec00000, 0x00000000ff2a0000, 0x00000000ff2a0000)
  eden space 5504K,   0% used [0x00000000fec00000, 0x00000000fec00000, 0x00000000ff160000)
  from space 640K,   1% used [0x00000000ff200000, 0x00000000ff202040, 0x00000000ff2a0000)
  to   space 640K,   0% used [0x00000000ff160000, 0x00000000ff160000, 0x00000000ff200000)
 concurrent mark-sweep generation total 13696K, used 7008K [0x00000000ff2a0000, 0x0000000100000000, 0x0000000100000000)
 Metaspace       used 4492K, capacity 4786K, committed 4992K, reserved 1056768K
  class space    used 495K, capacity 533K, committed 640K, reserved 1048576K
}
{Heap before GC invocations=43 (full 5):
 par new generation   total 6144K, used 5291K [0x00000000fec00000, 0x00000000ff2a0000, 0x00000000ff2a0000)
  eden space 5504K,  95% used [0x00000000fec00000, 0x00000000ff128c90, 0x00000000ff160000)
  from space 640K,   1% used [0x00000000ff200000, 0x00000000ff202040, 0x00000000ff2a0000)
  to   space 640K,   0% used [0x00000000ff160000, 0x00000000ff160000, 0x00000000ff200000)
 concurrent mark-sweep generation total 13696K, used 7008K [0x00000000ff2a0000, 0x0000000100000000, 0x0000000100000000)
 Metaspace       used 4497K, capacity 4786K, committed 4992K, reserved 1056768K
  class space    used 495K, capacity 533K, committed 640K, reserved 1048576K
2024-07-16T11:01:35.584+0800: 0.464: [GC (Allocation Failure) 2024-07-16T11:01:35.584+0800: 0.464: [ParNew: 5291K->4K(6144K), 0.0003476 secs] 12299K->8036K(19840K), 0.0003886 secs] [Times: user=0.00 sys=0.00, real=0.00 secs] 
Heap after GC invocations=44 (full 5):
 par new generation   total 6144K, used 4K [0x00000000fec00000, 0x00000000ff2a0000, 0x00000000ff2a0000)
  eden space 5504K,   0% used [0x00000000fec00000, 0x00000000fec00000, 0x00000000ff160000)
  from space 640K,   0% used [0x00000000ff160000, 0x00000000ff161020, 0x00000000ff200000)
  to   space 640K,   0% used [0x00000000ff200000, 0x00000000ff200000, 0x00000000ff2a0000)
 concurrent mark-sweep generation total 13696K, used 8032K [0x00000000ff2a0000, 0x0000000100000000, 0x0000000100000000)
 Metaspace       used 4497K, capacity 4786K, committed 4992K, reserved 1056768K
  class space    used 495K, capacity 533K, committed 640K, reserved 1048576K
}
{Heap before GC invocations=44 (full 5):
 par new generation   total 6144K, used 5267K [0x00000000fec00000, 0x00000000ff2a0000, 0x00000000ff2a0000)
  eden space 5504K,  95% used [0x00000000fec00000, 0x00000000ff123d90, 0x00000000ff160000)
  from space 640K,   0% used [0x00000000ff160000, 0x00000000ff161020, 0x00000000ff200000)
  to   space 640K,   0% used [0x00000000ff200000, 0x00000000ff200000, 0x00000000ff2a0000)
 concurrent mark-sweep generation total 13696K, used 8032K [0x00000000ff2a0000, 0x0000000100000000, 0x0000000100000000)
 Metaspace       used 4497K, capacity 4786K, committed 4992K, reserved 1056768K
  class space    used 495K, capacity 533K, committed 640K, reserved 1048576K
2024-07-16T11:01:35.592+0800: 0.472: [GC (Allocation Failure) 2024-07-16T11:01:35.592+0800: 0.472: [ParNew: 5267K->8K(6144K), 0.0004053 secs] 13300K->9064K(19840K), 0.0004469 secs] [Times: user=0.00 sys=0.00, real=0.00 secs] 
Heap after GC invocations=45 (full 5):
 par new generation   total 6144K, used 8K [0x00000000fec00000, 0x00000000ff2a0000, 0x00000000ff2a0000)
  eden space 5504K,   0% used [0x00000000fec00000, 0x00000000fec00000, 0x00000000ff160000)
  from space 640K,   1% used [0x00000000ff200000, 0x00000000ff202040, 0x00000000ff2a0000)
  to   space 640K,   0% used [0x00000000ff160000, 0x00000000ff160000, 0x00000000ff200000)
 concurrent mark-sweep generation total 13696K, used 9056K [0x00000000ff2a0000, 0x0000000100000000, 0x0000000100000000)
 Metaspace       used 4497K, capacity 4786K, committed 4992K, reserved 1056768K
  class space    used 495K, capacity 533K, committed 640K, reserved 1048576K
}
2024-07-16T11:01:35.592+0800: 0.473: [GC (CMS Initial Mark) [1 CMS-initial-mark: 9056K(13696K)] 10088K(19840K), 0.0001093 secs] [Times: user=0.00 sys=0.00, real=0.00 secs] 
2024-07-16T11:01:35.592+0800: 0.473: [CMS-concurrent-mark-start]
2024-07-16T11:01:35.593+0800: 0.474: [CMS-concurrent-mark: 0.001/0.001 secs] [Times: user=0.00 sys=0.00, real=0.00 secs] 
2024-07-16T11:01:35.593+0800: 0.474: [CMS-concurrent-preclean-start]
2024-07-16T11:01:35.593+0800: 0.474: [CMS-concurrent-preclean: 0.000/0.000 secs] [Times: user=0.00 sys=0.00, real=0.00 secs] 
2024-07-16T11:01:35.593+0800: 0.474: [CMS-concurrent-abortable-preclean-start]
{Heap before GC invocations=45 (full 6):
 par new generation   total 6144K, used 5258K [0x00000000fec00000, 0x00000000ff2a0000, 0x00000000ff2a0000)
  eden space 5504K,  95% used [0x00000000fec00000, 0x00000000ff120b00, 0x00000000ff160000)
  from space 640K,   1% used [0x00000000ff200000, 0x00000000ff202040, 0x00000000ff2a0000)
  to   space 640K,   0% used [0x00000000ff160000, 0x00000000ff160000, 0x00000000ff200000)
 concurrent mark-sweep generation total 13696K, used 9056K [0x00000000ff2a0000, 0x0000000100000000, 0x0000000100000000)
 Metaspace       used 4497K, capacity 4786K, committed 4992K, reserved 1056768K
  class space    used 495K, capacity 533K, committed 640K, reserved 1048576K
2024-07-16T11:01:35.600+0800: 0.480: [GC (Allocation Failure) 2024-07-16T11:01:35.600+0800: 0.480: [ParNew: 5258K->4K(6144K), 0.0002821 secs] 14315K->9060K(19840K), 0.0003117 secs] [Times: user=0.00 sys=0.00, real=0.00 secs] 
Heap after GC invocations=46 (full 6):
 par new generation   total 6144K, used 4K [0x00000000fec00000, 0x00000000ff2a0000, 0x00000000ff2a0000)
  eden space 5504K,   0% used [0x00000000fec00000, 0x00000000fec00000, 0x00000000ff160000)
  from space 640K,   0% used [0x00000000ff160000, 0x00000000ff161020, 0x00000000ff200000)
  to   space 640K,   0% used [0x00000000ff200000, 0x00000000ff200000, 0x00000000ff2a0000)
 concurrent mark-sweep generation total 13696K, used 9056K [0x00000000ff2a0000, 0x0000000100000000, 0x0000000100000000)
 Metaspace       used 4497K, capacity 4786K, committed 4992K, reserved 1056768K
  class space    used 495K, capacity 533K, committed 640K, reserved 1048576K
}
{Heap before GC invocations=46 (full 6):
 par new generation   total 6144K, used 5246K [0x00000000fec00000, 0x00000000ff2a0000, 0x00000000ff2a0000)
  eden space 5504K,  95% used [0x00000000fec00000, 0x00000000ff11ea80, 0x00000000ff160000)
  from space 640K,   0% used [0x00000000ff160000, 0x00000000ff161020, 0x00000000ff200000)
  to   space 640K,   0% used [0x00000000ff200000, 0x00000000ff200000, 0x00000000ff2a0000)
 concurrent mark-sweep generation total 13696K, used 9056K [0x00000000ff2a0000, 0x0000000100000000, 0x0000000100000000)
 Metaspace       used 4497K, capacity 4786K, committed 4992K, reserved 1056768K
  class space    used 495K, capacity 533K, committed 640K, reserved 1048576K
2024-07-16T11:01:35.607+0800: 0.487: [GC (Allocation Failure) 2024-07-16T11:01:35.607+0800: 0.487: [ParNew: 5246K->8K(6144K), 0.0003456 secs] 14303K->10088K(19840K), 0.0003886 secs] [Times: user=0.00 sys=0.00, real=0.00 secs] 
Heap after GC invocations=47 (full 6):
 par new generation   total 6144K, used 8K [0x00000000fec00000, 0x00000000ff2a0000, 0x00000000ff2a0000)
  eden space 5504K,   0% used [0x00000000fec00000, 0x00000000fec00000, 0x00000000ff160000)
  from space 640K,   1% used [0x00000000ff200000, 0x00000000ff202040, 0x00000000ff2a0000)
  to   space 640K,   0% used [0x00000000ff160000, 0x00000000ff160000, 0x00000000ff200000)
 concurrent mark-sweep generation total 13696K, used 10080K [0x00000000ff2a0000, 0x0000000100000000, 0x0000000100000000)
 Metaspace       used 4497K, capacity 4786K, committed 4992K, reserved 1056768K
  class space    used 495K, capacity 533K, committed 640K, reserved 1048576K
}
{Heap before GC invocations=47 (full 6):
 par new generation   total 6144K, used 5245K [0x00000000fec00000, 0x00000000ff2a0000, 0x00000000ff2a0000)
  eden space 5504K,  95% used [0x00000000fec00000, 0x00000000ff11d5a0, 0x00000000ff160000)
  from space 640K,   1% used [0x00000000ff200000, 0x00000000ff202040, 0x00000000ff2a0000)
  to   space 640K,   0% used [0x00000000ff160000, 0x00000000ff160000, 0x00000000ff200000)
 concurrent mark-sweep generation total 13696K, used 10080K [0x00000000ff2a0000, 0x0000000100000000, 0x0000000100000000)
 Metaspace       used 4497K, capacity 4786K, committed 4992K, reserved 1056768K
  class space    used 495K, capacity 533K, committed 640K, reserved 1048576K
2024-07-16T11:01:35.615+0800: 0.495: [GC (Allocation Failure) 2024-07-16T11:01:35.615+0800: 0.495: [ParNew: 5245K->4K(6144K), 0.0002998 secs] 15326K->10084K(19840K), 0.0003435 secs] [Times: user=0.00 sys=0.00, real=0.00 secs] 
Heap after GC invocations=48 (full 6):
 par new generation   total 6144K, used 4K [0x00000000fec00000, 0x00000000ff2a0000, 0x00000000ff2a0000)
  eden space 5504K,   0% used [0x00000000fec00000, 0x00000000fec00000, 0x00000000ff160000)
  from space 640K,   0% used [0x00000000ff160000, 0x00000000ff161020, 0x00000000ff200000)
  to   space 640K,   0% used [0x00000000ff200000, 0x00000000ff200000, 0x00000000ff2a0000)
 concurrent mark-sweep generation total 13696K, used 10080K [0x00000000ff2a0000, 0x0000000100000000, 0x0000000100000000)
 Metaspace       used 4497K, capacity 4786K, committed 4992K, reserved 1056768K
  class space    used 495K, capacity 533K, committed 640K, reserved 1048576K
}
{Heap before GC invocations=48 (full 6):
 par new generation   total 6144K, used 5238K [0x00000000fec00000, 0x00000000ff2a0000, 0x00000000ff2a0000)
  eden space 5504K,  95% used [0x00000000fec00000, 0x00000000ff11c830, 0x00000000ff160000)
  from space 640K,   0% used [0x00000000ff160000, 0x00000000ff161020, 0x00000000ff200000)
  to   space 640K,   0% used [0x00000000ff200000, 0x00000000ff200000, 0x00000000ff2a0000)
 concurrent mark-sweep generation total 13696K, used 10080K [0x00000000ff2a0000, 0x0000000100000000, 0x0000000100000000)
 Metaspace       used 4497K, capacity 4786K, committed 4992K, reserved 1056768K
  class space    used 495K, capacity 533K, committed 640K, reserved 1048576K
2024-07-16T11:01:35.622+0800: 0.502: [GC (Allocation Failure) 2024-07-16T11:01:35.622+0800: 0.502: [ParNew: 5238K->4K(6144K), 0.0003203 secs] 15318K->10084K(19840K), 0.0003623 secs] [Times: user=0.00 sys=0.00, real=0.00 secs] 
Heap after GC invocations=49 (full 6):
 par new generation   total 6144K, used 4K [0x00000000fec00000, 0x00000000ff2a0000, 0x00000000ff2a0000)
  eden space 5504K,   0% used [0x00000000fec00000, 0x00000000fec00000, 0x00000000ff160000)
  from space 640K,   0% used [0x00000000ff200000, 0x00000000ff201020, 0x00000000ff2a0000)
  to   space 640K,   0% used [0x00000000ff160000, 0x00000000ff160000, 0x00000000ff200000)
 concurrent mark-sweep generation total 13696K, used 10080K [0x00000000ff2a0000, 0x0000000100000000, 0x0000000100000000)
 Metaspace       used 4497K, capacity 4786K, committed 4992K, reserved 1056768K
  class space    used 495K, capacity 533K, committed 640K, reserved 1048576K
}
{Heap before GC invocations=49 (full 6):
 par new generation   total 6144K, used 5235K [0x00000000fec00000, 0x00000000ff2a0000, 0x00000000ff2a0000)
  eden space 5504K,  95% used [0x00000000fec00000, 0x00000000ff11bf90, 0x00000000ff160000)
  from space 640K,   0% used [0x00000000ff200000, 0x00000000ff201020, 0x00000000ff2a0000)
  to   space 640K,   0% used [0x00000000ff160000, 0x00000000ff160000, 0x00000000ff200000)
 concurrent mark-sweep generation total 13696K, used 10080K [0x00000000ff2a0000, 0x0000000100000000, 0x0000000100000000)
 Metaspace       used 4497K, capacity 4786K, committed 4992K, reserved 1056768K
  class space    used 495K, capacity 533K, committed 640K, reserved 1048576K
2024-07-16T11:01:35.629+0800: 0.509: [GC (Allocation Failure) 2024-07-16T11:01:35.629+0800: 0.509: [ParNew: 5235K->7K(6144K), 0.0004337 secs] 15316K->12136K(19840K), 0.0004764 secs] [Times: user=0.00 sys=0.00, real=0.00 secs] 
Heap after GC invocations=50 (full 6):
 par new generation   total 6144K, used 7K [0x00000000fec00000, 0x00000000ff2a0000, 0x00000000ff2a0000)
  eden space 5504K,   0% used [0x00000000fec00000, 0x00000000fec00000, 0x00000000ff160000)
  from space 640K,   1% used [0x00000000ff160000, 0x00000000ff161df8, 0x00000000ff200000)
  to   space 640K,   0% used [0x00000000ff200000, 0x00000000ff200000, 0x00000000ff2a0000)
 concurrent mark-sweep generation total 13696K, used 12128K [0x00000000ff2a0000, 0x0000000100000000, 0x0000000100000000)
 Metaspace       used 4497K, capacity 4786K, committed 4992K, reserved 1056768K
  class space    used 495K, capacity 533K, committed 640K, reserved 1048576K
}
{Heap before GC invocations=50 (full 6):
 par new generation   total 6144K, used 5238K [0x00000000fec00000, 0x00000000ff2a0000, 0x00000000ff2a0000)
  eden space 5504K,  95% used [0x00000000fec00000, 0x00000000ff11ba08, 0x00000000ff160000)
  from space 640K,   1% used [0x00000000ff160000, 0x00000000ff161df8, 0x00000000ff200000)
  to   space 640K,   0% used [0x00000000ff200000, 0x00000000ff200000, 0x00000000ff2a0000)
 concurrent mark-sweep generation total 13696K, used 12128K [0x00000000ff2a0000, 0x0000000100000000, 0x0000000100000000)
 Metaspace       used 4497K, capacity 4786K, committed 4992K, reserved 1056768K
  class space    used 495K, capacity 533K, committed 640K, reserved 1048576K
2024-07-16T11:01:35.637+0800: 0.517: [GC (Allocation Failure) 2024-07-16T11:01:35.637+0800: 0.517: [ParNew: 5238K->5238K(6144K), 0.0000137 secs]2024-07-16T11:01:35.637+0800: 0.517: [CMS2024-07-16T11:01:35.637+0800: 0.517: [CMS-concurrent-abortable-preclean: 0.000/0.043 secs] [Times: user=0.00 sys=0.00, real=0.04 secs] 
 (concurrent mode failure): 12128K->2892K(13696K), 0.0020684 secs] 17366K->2892K(19840K), [Metaspace: 4497K->4497K(1056768K)], 0.0021374 secs] [Times: user=0.00 sys=0.00, real=0.00 secs] 
Heap after GC invocations=51 (full 7):
 par new generation   total 6144K, used 0K [0x00000000fec00000, 0x00000000ff2a0000, 0x00000000ff2a0000)
  eden space 5504K,   0% used [0x00000000fec00000, 0x00000000fec00000, 0x00000000ff160000)
  from space 640K,   0% used [0x00000000ff160000, 0x00000000ff160000, 0x00000000ff200000)
  to   space 640K,   0% used [0x00000000ff200000, 0x00000000ff200000, 0x00000000ff2a0000)
 concurrent mark-sweep generation total 13696K, used 2892K [0x00000000ff2a0000, 0x0000000100000000, 0x0000000100000000)
 Metaspace       used 4497K, capacity 4786K, committed 4992K, reserved 1056768K
  class space    used 495K, capacity 533K, committed 640K, reserved 1048576K
}
{Heap before GC invocations=51 (full 7):
 par new generation   total 6144K, used 5229K [0x00000000fec00000, 0x00000000ff2a0000, 0x00000000ff2a0000)
  eden space 5504K,  95% used [0x00000000fec00000, 0x00000000ff11b790, 0x00000000ff160000)
  from space 640K,   0% used [0x00000000ff160000, 0x00000000ff160000, 0x00000000ff200000)
  to   space 640K,   0% used [0x00000000ff200000, 0x00000000ff200000, 0x00000000ff2a0000)
 concurrent mark-sweep generation total 13696K, used 2892K [0x00000000ff2a0000, 0x0000000100000000, 0x0000000100000000)
 Metaspace       used 4502K, capacity 4794K, committed 4992K, reserved 1056768K
  class space    used 495K, capacity 533K, committed 640K, reserved 1048576K
2024-07-16T11:01:35.647+0800: 0.527: [GC (Allocation Failure) 2024-07-16T11:01:35.647+0800: 0.527: [ParNew: 5229K->6K(6144K), 0.0004970 secs] 8122K->3925K(19840K), 0.0005405 secs] [Times: user=0.00 sys=0.00, real=0.00 secs] 
Heap after GC invocations=52 (full 7):
 par new generation   total 6144K, used 6K [0x00000000fec00000, 0x00000000ff2a0000, 0x00000000ff2a0000)
  eden space 5504K,   0% used [0x00000000fec00000, 0x00000000fec00000, 0x00000000ff160000)
  from space 640K,   0% used [0x00000000ff200000, 0x00000000ff201830, 0x00000000ff2a0000)
  to   space 640K,   0% used [0x00000000ff160000, 0x00000000ff160000, 0x00000000ff200000)
 concurrent mark-sweep generation total 13696K, used 3919K [0x00000000ff2a0000, 0x0000000100000000, 0x0000000100000000)
 Metaspace       used 4502K, capacity 4794K, committed 4992K, reserved 1056768K
  class space    used 495K, capacity 533K, committed 640K, reserved 1048576K
}
{Heap before GC invocations=52 (full 7):
 par new generation   total 6144K, used 5235K [0x00000000fec00000, 0x00000000ff2a0000, 0x00000000ff2a0000)
  eden space 5504K,  95% used [0x00000000fec00000, 0x00000000ff11b7b0, 0x00000000ff160000)
  from space 640K,   0% used [0x00000000ff200000, 0x00000000ff201830, 0x00000000ff2a0000)
  to   space 640K,   0% used [0x00000000ff160000, 0x00000000ff160000, 0x00000000ff200000)
 concurrent mark-sweep generation total 13696K, used 3919K [0x00000000ff2a0000, 0x0000000100000000, 0x0000000100000000)
 Metaspace       used 4505K, capacity 4794K, committed 4992K, reserved 1056768K
  class space    used 495K, capacity 533K, committed 640K, reserved 1048576K
2024-07-16T11:01:35.654+0800: 0.534: [GC (Allocation Failure) 2024-07-16T11:01:35.654+0800: 0.534: [ParNew: 5235K->8K(6144K), 0.0003331 secs] 9155K->4953K(19840K), 0.0003643 secs] [Times: user=0.00 sys=0.00, real=0.00 secs] 
Heap after GC invocations=53 (full 7):
 par new generation   total 6144K, used 8K [0x00000000fec00000, 0x00000000ff2a0000, 0x00000000ff2a0000)
  eden space 5504K,   0% used [0x00000000fec00000, 0x00000000fec00000, 0x00000000ff160000)
  from space 640K,   1% used [0x00000000ff160000, 0x00000000ff162040, 0x00000000ff200000)
  to   space 640K,   0% used [0x00000000ff200000, 0x00000000ff200000, 0x00000000ff2a0000)
 concurrent mark-sweep generation total 13696K, used 4945K [0x00000000ff2a0000, 0x0000000100000000, 0x0000000100000000)
 Metaspace       used 4505K, capacity 4794K, committed 4992K, reserved 1056768K
  class space    used 495K, capacity 533K, committed 640K, reserved 1048576K
}
{Heap before GC invocations=53 (full 7):
 par new generation   total 6144K, used 5238K [0x00000000fec00000, 0x00000000ff2a0000, 0x00000000ff2a0000)
  eden space 5504K,  95% used [0x00000000fec00000, 0x00000000ff11b7c8, 0x00000000ff160000)
  from space 640K,   1% used [0x00000000ff160000, 0x00000000ff162040, 0x00000000ff200000)
  to   space 640K,   0% used [0x00000000ff200000, 0x00000000ff200000, 0x00000000ff2a0000)
 concurrent mark-sweep generation total 13696K, used 4945K [0x00000000ff2a0000, 0x0000000100000000, 0x0000000100000000)
 Metaspace       used 4505K, capacity 4794K, committed 4992K, reserved 1056768K
  class space    used 495K, capacity 533K, committed 640K, reserved 1048576K
2024-07-16T11:01:35.660+0800: 0.540: [GC (Allocation Failure) 2024-07-16T11:01:35.660+0800: 0.540: [ParNew: 5238K->6K(6144K), 0.0003641 secs] 10183K->5977K(19840K), 0.0004120 secs] [Times: user=0.00 sys=0.00, real=0.00 secs] 
Heap after GC invocations=54 (full 7):
 par new generation   total 6144K, used 6K [0x00000000fec00000, 0x00000000ff2a0000, 0x00000000ff2a0000)
  eden space 5504K,   0% used [0x00000000fec00000, 0x00000000fec00000, 0x00000000ff160000)
  from space 640K,   0% used [0x00000000ff200000, 0x00000000ff201830, 0x00000000ff2a0000)
  to   space 640K,   0% used [0x00000000ff160000, 0x00000000ff160000, 0x00000000ff200000)
 concurrent mark-sweep generation total 13696K, used 5971K [0x00000000ff2a0000, 0x0000000100000000, 0x0000000100000000)
 Metaspace       used 4505K, capacity 4794K, committed 4992K, reserved 1056768K
  class space    used 495K, capacity 533K, committed 640K, reserved 1048576K
}
{Heap before GC invocations=54 (full 7):
 par new generation   total 6144K, used 5236K [0x00000000fec00000, 0x00000000ff2a0000, 0x00000000ff2a0000)
  eden space 5504K,  95% used [0x00000000fec00000, 0x00000000ff11b7d8, 0x00000000ff160000)
  from space 640K,   0% used [0x00000000ff200000, 0x00000000ff201830, 0x00000000ff2a0000)
  to   space 640K,   0% used [0x00000000ff160000, 0x00000000ff160000, 0x00000000ff200000)
 concurrent mark-sweep generation total 13696K, used 5971K [0x00000000ff2a0000, 0x0000000100000000, 0x0000000100000000)
 Metaspace       used 4505K, capacity 4794K, committed 4992K, reserved 1056768K
  class space    used 495K, capacity 533K, committed 640K, reserved 1048576K
2024-07-16T11:01:35.668+0800: 0.548: [GC (Allocation Failure) 2024-07-16T11:01:35.668+0800: 0.548: [ParNew: 5236K->2K(6144K), 0.0002943 secs] 11207K->5973K(19840K), 0.0003298 secs] [Times: user=0.00 sys=0.00, real=0.00 secs] 
Heap after GC invocations=55 (full 7):
 par new generation   total 6144K, used 2K [0x00000000fec00000, 0x00000000ff2a0000, 0x00000000ff2a0000)
  eden space 5504K,   0% used [0x00000000fec00000, 0x00000000fec00000, 0x00000000ff160000)
  from space 640K,   0% used [0x00000000ff160000, 0x00000000ff160810, 0x00000000ff200000)
  to   space 640K,   0% used [0x00000000ff200000, 0x00000000ff200000, 0x00000000ff2a0000)
 concurrent mark-sweep generation total 13696K, used 5971K [0x00000000ff2a0000, 0x0000000100000000, 0x0000000100000000)
 Metaspace       used 4505K, capacity 4794K, committed 4992K, reserved 1056768K
  class space    used 495K, capacity 533K, committed 640K, reserved 1048576K
}
{Heap before GC invocations=55 (full 7):
 par new generation   total 6144K, used 5231K [0x00000000fec00000, 0x00000000ff2a0000, 0x00000000ff2a0000)
  eden space 5504K,  95% used [0x00000000fec00000, 0x00000000ff11b7e0, 0x00000000ff160000)
  from space 640K,   0% used [0x00000000ff160000, 0x00000000ff160810, 0x00000000ff200000)
  to   space 640K,   0% used [0x00000000ff200000, 0x00000000ff200000, 0x00000000ff2a0000)
 concurrent mark-sweep generation total 13696K, used 5971K [0x00000000ff2a0000, 0x0000000100000000, 0x0000000100000000)
 Metaspace       used 4505K, capacity 4794K, committed 4992K, reserved 1056768K
  class space    used 495K, capacity 533K, committed 640K, reserved 1048576K
2024-07-16T11:01:35.675+0800: 0.555: [GC (Allocation Failure) 2024-07-16T11:01:35.675+0800: 0.555: [ParNew: 5231K->6K(6144K), 0.0003657 secs] 11203K->7003K(19840K), 0.0004047 secs] [Times: user=0.00 sys=0.00, real=0.00 secs] 
Heap after GC invocations=56 (full 7):
 par new generation   total 6144K, used 6K [0x00000000fec00000, 0x00000000ff2a0000, 0x00000000ff2a0000)
  eden space 5504K,   0% used [0x00000000fec00000, 0x00000000fec00000, 0x00000000ff160000)
  from space 640K,   0% used [0x00000000ff200000, 0x00000000ff201830, 0x00000000ff2a0000)
  to   space 640K,   0% used [0x00000000ff160000, 0x00000000ff160000, 0x00000000ff200000)
 concurrent mark-sweep generation total 13696K, used 6997K [0x00000000ff2a0000, 0x0000000100000000, 0x0000000100000000)
 Metaspace       used 4505K, capacity 4794K, committed 4992K, reserved 1056768K
  class space    used 495K, capacity 533K, committed 640K, reserved 1048576K
}
{Heap before GC invocations=56 (full 7):
 par new generation   total 6144K, used 5236K [0x00000000fec00000, 0x00000000ff2a0000, 0x00000000ff2a0000)
  eden space 5504K,  95% used [0x00000000fec00000, 0x00000000ff11b7e8, 0x00000000ff160000)
  from space 640K,   0% used [0x00000000ff200000, 0x00000000ff201830, 0x00000000ff2a0000)
  to   space 640K,   0% used [0x00000000ff160000, 0x00000000ff160000, 0x00000000ff200000)
 concurrent mark-sweep generation total 13696K, used 6997K [0x00000000ff2a0000, 0x0000000100000000, 0x0000000100000000)
 Metaspace       used 4505K, capacity 4794K, committed 4992K, reserved 1056768K
  class space    used 495K, capacity 533K, committed 640K, reserved 1048576K
2024-07-16T11:01:35.682+0800: 0.562: [GC (Allocation Failure) 2024-07-16T11:01:35.682+0800: 0.562: [ParNew: 5236K->6K(6144K), 0.0003906 secs] 12233K->8029K(19840K), 0.0004398 secs] [Times: user=0.00 sys=0.00, real=0.00 secs] 
Heap after GC invocations=57 (full 7):
 par new generation   total 6144K, used 6K [0x00000000fec00000, 0x00000000ff2a0000, 0x00000000ff2a0000)
  eden space 5504K,   0% used [0x00000000fec00000, 0x00000000fec00000, 0x00000000ff160000)
  from space 640K,   0% used [0x00000000ff160000, 0x00000000ff161830, 0x00000000ff200000)
  to   space 640K,   0% used [0x00000000ff200000, 0x00000000ff200000, 0x00000000ff2a0000)
 concurrent mark-sweep generation total 13696K, used 8023K [0x00000000ff2a0000, 0x0000000100000000, 0x0000000100000000)
 Metaspace       used 4505K, capacity 4794K, committed 4992K, reserved 1056768K
  class space    used 495K, capacity 533K, committed 640K, reserved 1048576K
}
{Heap before GC invocations=57 (full 7):
 par new generation   total 6144K, used 5236K [0x00000000fec00000, 0x00000000ff2a0000, 0x00000000ff2a0000)
  eden space 5504K,  95% used [0x00000000fec00000, 0x00000000ff11b7e8, 0x00000000ff160000)
  from space 640K,   0% used [0x00000000ff160000, 0x00000000ff161830, 0x00000000ff200000)
  to   space 640K,   0% used [0x00000000ff200000, 0x00000000ff200000, 0x00000000ff2a0000)
 concurrent mark-sweep generation total 13696K, used 8023K [0x00000000ff2a0000, 0x0000000100000000, 0x0000000100000000)
 Metaspace       used 4506K, capacity 4794K, committed 4992K, reserved 1056768K
  class space    used 495K, capacity 533K, committed 640K, reserved 1048576K
2024-07-16T11:01:35.690+0800: 0.570: [GC (Allocation Failure) 2024-07-16T11:01:35.690+0800: 0.570: [ParNew: 5236K->4K(6144K), 0.0002810 secs] 13259K->8027K(19840K), 0.0003189 secs] [Times: user=0.00 sys=0.00, real=0.00 secs] 
Heap after GC invocations=58 (full 7):
 par new generation   total 6144K, used 4K [0x00000000fec00000, 0x00000000ff2a0000, 0x00000000ff2a0000)
  eden space 5504K,   0% used [0x00000000fec00000, 0x00000000fec00000, 0x00000000ff160000)
  from space 640K,   0% used [0x00000000ff200000, 0x00000000ff201020, 0x00000000ff2a0000)
  to   space 640K,   0% used [0x00000000ff160000, 0x00000000ff160000, 0x00000000ff200000)
 concurrent mark-sweep generation total 13696K, used 8023K [0x00000000ff2a0000, 0x0000000100000000, 0x0000000100000000)
 Metaspace       used 4506K, capacity 4794K, committed 4992K, reserved 1056768K
  class space    used 495K, capacity 533K, committed 640K, reserved 1048576K
}
{Heap before GC invocations=58 (full 7):
 par new generation   total 6144K, used 5234K [0x00000000fec00000, 0x00000000ff2a0000, 0x00000000ff2a0000)
  eden space 5504K,  95% used [0x00000000fec00000, 0x00000000ff11b7f0, 0x00000000ff160000)
  from space 640K,   0% used [0x00000000ff200000, 0x00000000ff201020, 0x00000000ff2a0000)
  to   space 640K,   0% used [0x00000000ff160000, 0x00000000ff160000, 0x00000000ff200000)
 concurrent mark-sweep generation total 13696K, used 8023K [0x00000000ff2a0000, 0x0000000100000000, 0x0000000100000000)
 Metaspace       used 4506K, capacity 4794K, committed 4992K, reserved 1056768K
  class space    used 495K, capacity 533K, committed 640K, reserved 1048576K
2024-07-16T11:01:35.699+0800: 0.579: [GC (Allocation Failure) 2024-07-16T11:01:35.699+0800: 0.579: [ParNew: 5234K->4K(6144K), 0.0003279 secs] 13257K->8027K(19840K), 0.0003817 secs] [Times: user=0.00 sys=0.00, real=0.00 secs] 
Heap after GC invocations=59 (full 7):
 par new generation   total 6144K, used 4K [0x00000000fec00000, 0x00000000ff2a0000, 0x00000000ff2a0000)
  eden space 5504K,   0% used [0x00000000fec00000, 0x00000000fec00000, 0x00000000ff160000)
  from space 640K,   0% used [0x00000000ff160000, 0x00000000ff161020, 0x00000000ff200000)
  to   space 640K,   0% used [0x00000000ff200000, 0x00000000ff200000, 0x00000000ff2a0000)
 concurrent mark-sweep generation total 13696K, used 8023K [0x00000000ff2a0000, 0x0000000100000000, 0x0000000100000000)
 Metaspace       used 4506K, capacity 4794K, committed 4992K, reserved 1056768K
  class space    used 495K, capacity 533K, committed 640K, reserved 1048576K
}
{Heap before GC invocations=59 (full 7):
 par new generation   total 6144K, used 5234K [0x00000000fec00000, 0x00000000ff2a0000, 0x00000000ff2a0000)
  eden space 5504K,  95% used [0x00000000fec00000, 0x00000000ff11b7f0, 0x00000000ff160000)
  from space 640K,   0% used [0x00000000ff160000, 0x00000000ff161020, 0x00000000ff200000)
  to   space 640K,   0% used [0x00000000ff200000, 0x00000000ff200000, 0x00000000ff2a0000)
 concurrent mark-sweep generation total 13696K, used 8023K [0x00000000ff2a0000, 0x0000000100000000, 0x0000000100000000)
 Metaspace       used 4506K, capacity 4794K, committed 4992K, reserved 1056768K
  class space    used 495K, capacity 533K, committed 640K, reserved 1048576K
2024-07-16T11:01:35.705+0800: 0.586: [GC (Allocation Failure) 2024-07-16T11:01:35.705+0800: 0.586: [ParNew: 5234K->6K(6144K), 0.0004666 secs] 13257K->9053K(19840K), 0.0005178 secs] [Times: user=0.00 sys=0.00, real=0.00 secs] 
Heap after GC invocations=60 (full 7):
 par new generation   total 6144K, used 6K [0x00000000fec00000, 0x00000000ff2a0000, 0x00000000ff2a0000)
  eden space 5504K,   0% used [0x00000000fec00000, 0x00000000fec00000, 0x00000000ff160000)
  from space 640K,   0% used [0x00000000ff200000, 0x00000000ff201830, 0x00000000ff2a0000)
  to   space 640K,   0% used [0x00000000ff160000, 0x00000000ff160000, 0x00000000ff200000)
 concurrent mark-sweep generation total 13696K, used 9047K [0x00000000ff2a0000, 0x0000000100000000, 0x0000000100000000)
 Metaspace       used 4506K, capacity 4794K, committed 4992K, reserved 1056768K
  class space    used 495K, capacity 533K, committed 640K, reserved 1048576K
}
{Heap before GC invocations=60 (full 7):
 par new generation   total 6144K, used 5236K [0x00000000fec00000, 0x00000000ff2a0000, 0x00000000ff2a0000)
  eden space 5504K,  95% used [0x00000000fec00000, 0x00000000ff11b7f0, 0x00000000ff160000)
  from space 640K,   0% used [0x00000000ff200000, 0x00000000ff201830, 0x00000000ff2a0000)
  to   space 640K,   0% used [0x00000000ff160000, 0x00000000ff160000, 0x00000000ff200000)
 concurrent mark-sweep generation total 13696K, used 9047K [0x00000000ff2a0000, 0x0000000100000000, 0x0000000100000000)
 Metaspace       used 4506K, capacity 4794K, committed 4992K, reserved 1056768K
  class space    used 495K, capacity 533K, committed 640K, reserved 1048576K
2024-07-16T11:01:35.712+0800: 0.592: [GC (Allocation Failure) 2024-07-16T11:01:35.712+0800: 0.592: [ParNew: 5236K->6K(6144K), 0.0004086 secs] 14283K->10079K(19840K), 0.0004791 secs] [Times: user=0.00 sys=0.00, real=0.00 secs] 
Heap after GC invocations=61 (full 7):
 par new generation   total 6144K, used 6K [0x00000000fec00000, 0x00000000ff2a0000, 0x00000000ff2a0000)
  eden space 5504K,   0% used [0x00000000fec00000, 0x00000000fec00000, 0x00000000ff160000)
  from space 640K,   0% used [0x00000000ff160000, 0x00000000ff161830, 0x00000000ff200000)
  to   space 640K,   0% used [0x00000000ff200000, 0x00000000ff200000, 0x00000000ff2a0000)
 concurrent mark-sweep generation total 13696K, used 10073K [0x00000000ff2a0000, 0x0000000100000000, 0x0000000100000000)
 Metaspace       used 4506K, capacity 4794K, committed 4992K, reserved 1056768K
  class space    used 495K, capacity 533K, committed 640K, reserved 1048576K
}
2024-07-16T11:01:35.712+0800: 0.593: [GC (CMS Initial Mark) [1 CMS-initial-mark: 10073K(13696K)] 11103K(19840K), 0.0001429 secs] [Times: user=0.00 sys=0.00, real=0.00 secs] 
2024-07-16T11:01:35.712+0800: 0.593: [CMS-concurrent-mark-start]
2024-07-16T11:01:35.714+0800: 0.594: [CMS-concurrent-mark: 0.001/0.001 secs] [Times: user=0.00 sys=0.00, real=0.00 secs] 
2024-07-16T11:01:35.714+0800: 0.594: [CMS-concurrent-preclean-start]
2024-07-16T11:01:35.714+0800: 0.594: [CMS-concurrent-preclean: 0.000/0.000 secs] [Times: user=0.00 sys=0.00, real=0.00 secs] 
2024-07-16T11:01:35.714+0800: 0.594: [CMS-concurrent-abortable-preclean-start]
{Heap before GC invocations=61 (full 8):
 par new generation   total 6144K, used 5236K [0x00000000fec00000, 0x00000000ff2a0000, 0x00000000ff2a0000)
  eden space 5504K,  95% used [0x00000000fec00000, 0x00000000ff11b7f0, 0x00000000ff160000)
  from space 640K,   0% used [0x00000000ff160000, 0x00000000ff161830, 0x00000000ff200000)
  to   space 640K,   0% used [0x00000000ff200000, 0x00000000ff200000, 0x00000000ff2a0000)
 concurrent mark-sweep generation total 13696K, used 10073K [0x00000000ff2a0000, 0x0000000100000000, 0x0000000100000000)
 Metaspace       used 4506K, capacity 4794K, committed 4992K, reserved 1056768K
  class space    used 495K, capacity 533K, committed 640K, reserved 1048576K
2024-07-16T11:01:35.720+0800: 0.600: [GC (Allocation Failure) 2024-07-16T11:01:35.720+0800: 0.600: [ParNew: 5236K->8K(6144K), 0.0006771 secs] 15309K->12131K(19840K), 0.0007365 secs] [Times: user=0.00 sys=0.00, real=0.00 secs] 
Heap after GC invocations=62 (full 8):
 par new generation   total 6144K, used 8K [0x00000000fec00000, 0x00000000ff2a0000, 0x00000000ff2a0000)
  eden space 5504K,   0% used [0x00000000fec00000, 0x00000000fec00000, 0x00000000ff160000)
  from space 640K,   1% used [0x00000000ff200000, 0x00000000ff202040, 0x00000000ff2a0000)
  to   space 640K,   0% used [0x00000000ff160000, 0x00000000ff160000, 0x00000000ff200000)
 concurrent mark-sweep generation total 13696K, used 12123K [0x00000000ff2a0000, 0x0000000100000000, 0x0000000100000000)
 Metaspace       used 4506K, capacity 4794K, committed 4992K, reserved 1056768K
  class space    used 495K, capacity 533K, committed 640K, reserved 1048576K
}
{Heap before GC invocations=62 (full 8):
 par new generation   total 6144K, used 5238K [0x00000000fec00000, 0x00000000ff2a0000, 0x00000000ff2a0000)
  eden space 5504K,  95% used [0x00000000fec00000, 0x00000000ff11b7f0, 0x00000000ff160000)
  from space 640K,   1% used [0x00000000ff200000, 0x00000000ff202040, 0x00000000ff2a0000)
  to   space 640K,   0% used [0x00000000ff160000, 0x00000000ff160000, 0x00000000ff200000)
 concurrent mark-sweep generation total 13696K, used 12123K [0x00000000ff2a0000, 0x0000000100000000, 0x0000000100000000)
 Metaspace       used 4506K, capacity 4794K, committed 4992K, reserved 1056768K
  class space    used 495K, capacity 533K, committed 640K, reserved 1048576K
2024-07-16T11:01:35.730+0800: 0.610: [GC (Allocation Failure) 2024-07-16T11:01:35.730+0800: 0.610: [ParNew: 5238K->5238K(6144K), 0.0000126 secs]2024-07-16T11:01:35.730+0800: 0.610: [CMS2024-07-16T11:01:35.730+0800: 0.610: [CMS-concurrent-abortable-preclean: 0.000/0.016 secs] [Times: user=0.03 sys=0.00, real=0.02 secs] 
 (concurrent mode failure): 12123K->1868K(13696K), 0.0019890 secs] 17361K->1868K(19840K), [Metaspace: 4506K->4506K(1056768K)], 0.0020576 secs] [Times: user=0.00 sys=0.00, real=0.00 secs] 
Heap after GC invocations=63 (full 9):
 par new generation   total 6144K, used 0K [0x00000000fec00000, 0x00000000ff2a0000, 0x00000000ff2a0000)
  eden space 5504K,   0% used [0x00000000fec00000, 0x00000000fec00000, 0x00000000ff160000)
  from space 640K,   0% used [0x00000000ff200000, 0x00000000ff200000, 0x00000000ff2a0000)
  to   space 640K,   0% used [0x00000000ff160000, 0x00000000ff160000, 0x00000000ff200000)
 concurrent mark-sweep generation total 13696K, used 1868K [0x00000000ff2a0000, 0x0000000100000000, 0x0000000100000000)
 Metaspace       used 4506K, capacity 4794K, committed 4992K, reserved 1056768K
  class space    used 495K, capacity 533K, committed 640K, reserved 1048576K
}
{Heap before GC invocations=63 (full 9):
 par new generation   total 6144K, used 5229K [0x00000000fec00000, 0x00000000ff2a0000, 0x00000000ff2a0000)
  eden space 5504K,  95% used [0x00000000fec00000, 0x00000000ff11b7f0, 0x00000000ff160000)
  from space 640K,   0% used [0x00000000ff200000, 0x00000000ff200000, 0x00000000ff2a0000)
  to   space 640K,   0% used [0x00000000ff160000, 0x00000000ff160000, 0x00000000ff200000)
 concurrent mark-sweep generation total 13696K, used 1868K [0x00000000ff2a0000, 0x0000000100000000, 0x0000000100000000)
 Metaspace       used 4506K, capacity 4794K, committed 4992K, reserved 1056768K
  class space    used 495K, capacity 533K, committed 640K, reserved 1048576K
2024-07-16T11:01:35.740+0800: 0.620: [GC (Allocation Failure) 2024-07-16T11:01:35.740+0800: 0.620: [ParNew: 5229K->10K(6144K), 0.0004323 secs] 7098K->2905K(19840K), 0.0004760 secs] [Times: user=0.00 sys=0.00, real=0.00 secs] 
Heap after GC invocations=64 (full 9):
 par new generation   total 6144K, used 10K [0x00000000fec00000, 0x00000000ff2a0000, 0x00000000ff2a0000)
  eden space 5504K,   0% used [0x00000000fec00000, 0x00000000fec00000, 0x00000000ff160000)
  from space 640K,   1% used [0x00000000ff160000, 0x00000000ff162850, 0x00000000ff200000)
  to   space 640K,   0% used [0x00000000ff200000, 0x00000000ff200000, 0x00000000ff2a0000)
 concurrent mark-sweep generation total 13696K, used 2894K [0x00000000ff2a0000, 0x0000000100000000, 0x0000000100000000)
 Metaspace       used 4506K, capacity 4794K, committed 4992K, reserved 1056768K
  class space    used 495K, capacity 533K, committed 640K, reserved 1048576K
}
{Heap before GC invocations=64 (full 9):
 par new generation   total 6144K, used 5240K [0x00000000fec00000, 0x00000000ff2a0000, 0x00000000ff2a0000)
  eden space 5504K,  95% used [0x00000000fec00000, 0x00000000ff11b7f0, 0x00000000ff160000)
  from space 640K,   1% used [0x00000000ff160000, 0x00000000ff162850, 0x00000000ff200000)
  to   space 640K,   0% used [0x00000000ff200000, 0x00000000ff200000, 0x00000000ff2a0000)
 concurrent mark-sweep generation total 13696K, used 2894K [0x00000000ff2a0000, 0x0000000100000000, 0x0000000100000000)
 Metaspace       used 4506K, capacity 4794K, committed 4992K, reserved 1056768K
  class space    used 495K, capacity 533K, committed 640K, reserved 1048576K
2024-07-16T11:01:35.747+0800: 0.627: [GC (Allocation Failure) 2024-07-16T11:01:35.747+0800: 0.627: [ParNew: 5240K->8K(6144K), 0.0004095 secs] 8134K->3929K(19840K), 0.0004533 secs] [Times: user=0.00 sys=0.00, real=0.00 secs] 
Heap after GC invocations=65 (full 9):
 par new generation   total 6144K, used 8K [0x00000000fec00000, 0x00000000ff2a0000, 0x00000000ff2a0000)
  eden space 5504K,   0% used [0x00000000fec00000, 0x00000000fec00000, 0x00000000ff160000)
  from space 640K,   1% used [0x00000000ff200000, 0x00000000ff202040, 0x00000000ff2a0000)
  to   space 640K,   0% used [0x00000000ff160000, 0x00000000ff160000, 0x00000000ff200000)
 concurrent mark-sweep generation total 13696K, used 3920K [0x00000000ff2a0000, 0x0000000100000000, 0x0000000100000000)
 Metaspace       used 4506K, capacity 4794K, committed 4992K, reserved 1056768K
  class space    used 495K, capacity 533K, committed 640K, reserved 1048576K
}
{Heap before GC invocations=65 (full 9):
 par new generation   total 6144K, used 5238K [0x00000000fec00000, 0x00000000ff2a0000, 0x00000000ff2a0000)
  eden space 5504K,  95% used [0x00000000fec00000, 0x00000000ff11b7f0, 0x00000000ff160000)
  from space 640K,   1% used [0x00000000ff200000, 0x00000000ff202040, 0x00000000ff2a0000)
  to   space 640K,   0% used [0x00000000ff160000, 0x00000000ff160000, 0x00000000ff200000)
 concurrent mark-sweep generation total 13696K, used 3920K [0x00000000ff2a0000, 0x0000000100000000, 0x0000000100000000)
 Metaspace       used 4506K, capacity 4794K, committed 4992K, reserved 1056768K
  class space    used 495K, capacity 533K, committed 640K, reserved 1048576K
2024-07-16T11:01:35.753+0800: 0.633: [GC (Allocation Failure) 2024-07-16T11:01:35.753+0800: 0.633: [ParNew: 5238K->8K(6144K), 0.0003869 secs] 9159K->4955K(19840K), 0.0004313 secs] [Times: user=0.00 sys=0.00, real=0.00 secs] 
Heap after GC invocations=66 (full 9):
 par new generation   total 6144K, used 8K [0x00000000fec00000, 0x00000000ff2a0000, 0x00000000ff2a0000)
  eden space 5504K,   0% used [0x00000000fec00000, 0x00000000fec00000, 0x00000000ff160000)
  from space 640K,   1% used [0x00000000ff160000, 0x00000000ff162040, 0x00000000ff200000)
  to   space 640K,   0% used [0x00000000ff200000, 0x00000000ff200000, 0x00000000ff2a0000)
 concurrent mark-sweep generation total 13696K, used 4947K [0x00000000ff2a0000, 0x0000000100000000, 0x0000000100000000)
 Metaspace       used 4506K, capacity 4794K, committed 4992K, reserved 1056768K
  class space    used 495K, capacity 533K, committed 640K, reserved 1048576K
}
{Heap before GC invocations=66 (full 9):
 par new generation   total 6144K, used 5238K [0x00000000fec00000, 0x00000000ff2a0000, 0x00000000ff2a0000)
  eden space 5504K,  95% used [0x00000000fec00000, 0x00000000ff11b7f0, 0x00000000ff160000)
  from space 640K,   1% used [0x00000000ff160000, 0x00000000ff162040, 0x00000000ff200000)
  to   space 640K,   0% used [0x00000000ff200000, 0x00000000ff200000, 0x00000000ff2a0000)
 concurrent mark-sweep generation total 13696K, used 4947K [0x00000000ff2a0000, 0x0000000100000000, 0x0000000100000000)
 Metaspace       used 4506K, capacity 4794K, committed 4992K, reserved 1056768K
  class space    used 495K, capacity 533K, committed 640K, reserved 1048576K
2024-07-16T11:01:35.760+0800: 0.640: [GC (Allocation Failure) 2024-07-16T11:01:35.760+0800: 0.640: [ParNew: 5238K->6K(6144K), 0.0004405 secs] 10185K->5979K(19840K), 0.0004808 secs] [Times: user=0.00 sys=0.00, real=0.00 secs] 
Heap after GC invocations=67 (full 9):
 par new generation   total 6144K, used 6K [0x00000000fec00000, 0x00000000ff2a0000, 0x00000000ff2a0000)
  eden space 5504K,   0% used [0x00000000fec00000, 0x00000000fec00000, 0x00000000ff160000)
  from space 640K,   0% used [0x00000000ff200000, 0x00000000ff201830, 0x00000000ff2a0000)
  to   space 640K,   0% used [0x00000000ff160000, 0x00000000ff160000, 0x00000000ff200000)
 concurrent mark-sweep generation total 13696K, used 5973K [0x00000000ff2a0000, 0x0000000100000000, 0x0000000100000000)
 Metaspace       used 4506K, capacity 4794K, committed 4992K, reserved 1056768K
  class space    used 495K, capacity 533K, committed 640K, reserved 1048576K
}
{Heap before GC invocations=67 (full 9):
 par new generation   total 6144K, used 5236K [0x00000000fec00000, 0x00000000ff2a0000, 0x00000000ff2a0000)
  eden space 5504K,  95% used [0x00000000fec00000, 0x00000000ff11b7f0, 0x00000000ff160000)
  from space 640K,   0% used [0x00000000ff200000, 0x00000000ff201830, 0x00000000ff2a0000)
  to   space 640K,   0% used [0x00000000ff160000, 0x00000000ff160000, 0x00000000ff200000)
 concurrent mark-sweep generation total 13696K, used 5973K [0x00000000ff2a0000, 0x0000000100000000, 0x0000000100000000)
 Metaspace       used 4506K, capacity 4794K, committed 4992K, reserved 1056768K
  class space    used 495K, capacity 533K, committed 640K, reserved 1048576K
2024-07-16T11:01:35.768+0800: 0.648: [GC (Allocation Failure) 2024-07-16T11:01:35.768+0800: 0.648: [ParNew: 5236K->4K(6144K), 0.0004056 secs] 11209K->5977K(19840K), 0.0004542 secs] [Times: user=0.00 sys=0.00, real=0.00 secs] 
Heap after GC invocations=68 (full 9):
 par new generation   total 6144K, used 4K [0x00000000fec00000, 0x00000000ff2a0000, 0x00000000ff2a0000)
  eden space 5504K,   0% used [0x00000000fec00000, 0x00000000fec00000, 0x00000000ff160000)
  from space 640K,   0% used [0x00000000ff160000, 0x00000000ff161020, 0x00000000ff200000)
  to   space 640K,   0% used [0x00000000ff200000, 0x00000000ff200000, 0x00000000ff2a0000)
 concurrent mark-sweep generation total 13696K, used 5973K [0x00000000ff2a0000, 0x0000000100000000, 0x0000000100000000)
 Metaspace       used 4506K, capacity 4794K, committed 4992K, reserved 1056768K
  class space    used 495K, capacity 533K, committed 640K, reserved 1048576K
}
{Heap before GC invocations=68 (full 9):
 par new generation   total 6144K, used 5234K [0x00000000fec00000, 0x00000000ff2a0000, 0x00000000ff2a0000)
  eden space 5504K,  95% used [0x00000000fec00000, 0x00000000ff11b7f0, 0x00000000ff160000)
  from space 640K,   0% used [0x00000000ff160000, 0x00000000ff161020, 0x00000000ff200000)
  to   space 640K,   0% used [0x00000000ff200000, 0x00000000ff200000, 0x00000000ff2a0000)
 concurrent mark-sweep generation total 13696K, used 5973K [0x00000000ff2a0000, 0x0000000100000000, 0x0000000100000000)
 Metaspace       used 4506K, capacity 4794K, committed 4992K, reserved 1056768K
  class space    used 495K, capacity 533K, committed 640K, reserved 1048576K
2024-07-16T11:01:35.775+0800: 0.655: [GC (Allocation Failure) 2024-07-16T11:01:35.775+0800: 0.655: [ParNew: 5234K->8K(6144K), 0.0004735 secs] 11207K->7005K(19840K), 0.0005348 secs] [Times: user=0.00 sys=0.00, real=0.00 secs] 
Heap after GC invocations=69 (full 9):
 par new generation   total 6144K, used 8K [0x00000000fec00000, 0x00000000ff2a0000, 0x00000000ff2a0000)
  eden space 5504K,   0% used [0x00000000fec00000, 0x00000000fec00000, 0x00000000ff160000)
  from space 640K,   1% used [0x00000000ff200000, 0x00000000ff202040, 0x00000000ff2a0000)
  to   space 640K,   0% used [0x00000000ff160000, 0x00000000ff160000, 0x00000000ff200000)
 concurrent mark-sweep generation total 13696K, used 6997K [0x00000000ff2a0000, 0x0000000100000000, 0x0000000100000000)
 Metaspace       used 4506K, capacity 4794K, committed 4992K, reserved 1056768K
  class space    used 495K, capacity 533K, committed 640K, reserved 1048576K
}
{Heap before GC invocations=69 (full 9):
 par new generation   total 6144K, used 5238K [0x00000000fec00000, 0x00000000ff2a0000, 0x00000000ff2a0000)
  eden space 5504K,  95% used [0x00000000fec00000, 0x00000000ff11b7f0, 0x00000000ff160000)
  from space 640K,   1% used [0x00000000ff200000, 0x00000000ff202040, 0x00000000ff2a0000)
  to   space 640K,   0% used [0x00000000ff160000, 0x00000000ff160000, 0x00000000ff200000)
 concurrent mark-sweep generation total 13696K, used 6997K [0x00000000ff2a0000, 0x0000000100000000, 0x0000000100000000)
 Metaspace       used 4506K, capacity 4794K, committed 4992K, reserved 1056768K
  class space    used 495K, capacity 533K, committed 640K, reserved 1048576K
2024-07-16T11:01:35.783+0800: 0.663: [GC (Allocation Failure) 2024-07-16T11:01:35.783+0800: 0.663: [ParNew: 5238K->6K(6144K), 0.0003607 secs] 12235K->8029K(19840K), 0.0004025 secs] [Times: user=0.00 sys=0.00, real=0.00 secs] 
Heap after GC invocations=70 (full 9):
 par new generation   total 6144K, used 6K [0x00000000fec00000, 0x00000000ff2a0000, 0x00000000ff2a0000)
  eden space 5504K,   0% used [0x00000000fec00000, 0x00000000fec00000, 0x00000000ff160000)
  from space 640K,   0% used [0x00000000ff160000, 0x00000000ff161830, 0x00000000ff200000)
  to   space 640K,   0% used [0x00000000ff200000, 0x00000000ff200000, 0x00000000ff2a0000)
 concurrent mark-sweep generation total 13696K, used 8023K [0x00000000ff2a0000, 0x0000000100000000, 0x0000000100000000)
 Metaspace       used 4506K, capacity 4794K, committed 4992K, reserved 1056768K
  class space    used 495K, capacity 533K, committed 640K, reserved 1048576K
}
{Heap before GC invocations=70 (full 9):
 par new generation   total 6144K, used 5236K [0x00000000fec00000, 0x00000000ff2a0000, 0x00000000ff2a0000)
  eden space 5504K,  95% used [0x00000000fec00000, 0x00000000ff11b7f0, 0x00000000ff160000)
  from space 640K,   0% used [0x00000000ff160000, 0x00000000ff161830, 0x00000000ff200000)
  to   space 640K,   0% used [0x00000000ff200000, 0x00000000ff200000, 0x00000000ff2a0000)
 concurrent mark-sweep generation total 13696K, used 8023K [0x00000000ff2a0000, 0x0000000100000000, 0x0000000100000000)
 Metaspace       used 4506K, capacity 4794K, committed 4992K, reserved 1056768K
  class space    used 495K, capacity 533K, committed 640K, reserved 1048576K
2024-07-16T11:01:35.790+0800: 0.670: [GC (Allocation Failure) 2024-07-16T11:01:35.790+0800: 0.670: [ParNew: 5236K->4K(6144K), 0.0004507 secs] 13259K->9051K(19840K), 0.0004944 secs] [Times: user=0.00 sys=0.00, real=0.00 secs] 
Heap after GC invocations=71 (full 9):
 par new generation   total 6144K, used 4K [0x00000000fec00000, 0x00000000ff2a0000, 0x00000000ff2a0000)
  eden space 5504K,   0% used [0x00000000fec00000, 0x00000000fec00000, 0x00000000ff160000)
  from space 640K,   0% used [0x00000000ff200000, 0x00000000ff201020, 0x00000000ff2a0000)
  to   space 640K,   0% used [0x00000000ff160000, 0x00000000ff160000, 0x00000000ff200000)
 concurrent mark-sweep generation total 13696K, used 9047K [0x00000000ff2a0000, 0x0000000100000000, 0x0000000100000000)
 Metaspace       used 4506K, capacity 4794K, committed 4992K, reserved 1056768K
  class space    used 495K, capacity 533K, committed 640K, reserved 1048576K
}
2024-07-16T11:01:35.790+0800: 0.671: [GC (CMS Initial Mark) [1 CMS-initial-mark: 9047K(13696K)] 10075K(19840K), 0.0001087 secs] [Times: user=0.00 sys=0.00, real=0.00 secs] 
2024-07-16T11:01:35.790+0800: 0.671: [CMS-concurrent-mark-start]
2024-07-16T11:01:35.792+0800: 0.672: [CMS-concurrent-mark: 0.001/0.001 secs] [Times: user=0.00 sys=0.00, real=0.00 secs] 
2024-07-16T11:01:35.792+0800: 0.672: [CMS-concurrent-preclean-start]
2024-07-16T11:01:35.792+0800: 0.672: [CMS-concurrent-preclean: 0.000/0.000 secs] [Times: user=0.00 sys=0.00, real=0.00 secs] 
2024-07-16T11:01:35.792+0800: 0.672: [CMS-concurrent-abortable-preclean-start]
{Heap before GC invocations=71 (full 10):
 par new generation   total 6144K, used 5234K [0x00000000fec00000, 0x00000000ff2a0000, 0x00000000ff2a0000)
  eden space 5504K,  95% used [0x00000000fec00000, 0x00000000ff11b7f0, 0x00000000ff160000)
  from space 640K,   0% used [0x00000000ff200000, 0x00000000ff201020, 0x00000000ff2a0000)
  to   space 640K,   0% used [0x00000000ff160000, 0x00000000ff160000, 0x00000000ff200000)
 concurrent mark-sweep generation total 13696K, used 9047K [0x00000000ff2a0000, 0x0000000100000000, 0x0000000100000000)
 Metaspace       used 4506K, capacity 4794K, committed 4992K, reserved 1056768K
  class space    used 495K, capacity 533K, committed 640K, reserved 1048576K
2024-07-16T11:01:35.799+0800: 0.679: [GC (Allocation Failure) 2024-07-16T11:01:35.799+0800: 0.679: [ParNew: 5234K->2K(6144K), 0.0003094 secs] 14281K->9049K(19840K), 0.0003730 secs] [Times: user=0.00 sys=0.00, real=0.00 secs] 
Heap after GC invocations=72 (full 10):
 par new generation   total 6144K, used 2K [0x00000000fec00000, 0x00000000ff2a0000, 0x00000000ff2a0000)
  eden space 5504K,   0% used [0x00000000fec00000, 0x00000000fec00000, 0x00000000ff160000)
  from space 640K,   0% used [0x00000000ff160000, 0x00000000ff160810, 0x00000000ff200000)
  to   space 640K,   0% used [0x00000000ff200000, 0x00000000ff200000, 0x00000000ff2a0000)
 concurrent mark-sweep generation total 13696K, used 9047K [0x00000000ff2a0000, 0x0000000100000000, 0x0000000100000000)
 Metaspace       used 4506K, capacity 4794K, committed 4992K, reserved 1056768K
  class space    used 495K, capacity 533K, committed 640K, reserved 1048576K
}
{Heap before GC invocations=72 (full 10):
 par new generation   total 6144K, used 5232K [0x00000000fec00000, 0x00000000ff2a0000, 0x00000000ff2a0000)
  eden space 5504K,  95% used [0x00000000fec00000, 0x00000000ff11b7f0, 0x00000000ff160000)
  from space 640K,   0% used [0x00000000ff160000, 0x00000000ff160810, 0x00000000ff200000)
  to   space 640K,   0% used [0x00000000ff200000, 0x00000000ff200000, 0x00000000ff2a0000)
 concurrent mark-sweep generation total 13696K, used 9047K [0x00000000ff2a0000, 0x0000000100000000, 0x0000000100000000)
 Metaspace       used 4506K, capacity 4794K, committed 4992K, reserved 1056768K
  class space    used 495K, capacity 533K, committed 640K, reserved 1048576K
2024-07-16T11:01:35.806+0800: 0.686: [GC (Allocation Failure) 2024-07-16T11:01:35.806+0800: 0.686: [ParNew: 5232K->10K(6144K), 0.0005146 secs] 14279K->11105K(19840K), 0.0005675 secs] [Times: user=0.00 sys=0.00, real=0.00 secs] 
Heap after GC invocations=73 (full 10):
 par new generation   total 6144K, used 10K [0x00000000fec00000, 0x00000000ff2a0000, 0x00000000ff2a0000)
  eden space 5504K,   0% used [0x00000000fec00000, 0x00000000fec00000, 0x00000000ff160000)
  from space 640K,   1% used [0x00000000ff200000, 0x00000000ff202850, 0x00000000ff2a0000)
  to   space 640K,   0% used [0x00000000ff160000, 0x00000000ff160000, 0x00000000ff200000)
 concurrent mark-sweep generation total 13696K, used 11095K [0x00000000ff2a0000, 0x0000000100000000, 0x0000000100000000)
 Metaspace       used 4506K, capacity 4794K, committed 4992K, reserved 1056768K
  class space    used 495K, capacity 533K, committed 640K, reserved 1048576K
}
{Heap before GC invocations=73 (full 10):
 par new generation   total 6144K, used 5240K [0x00000000fec00000, 0x00000000ff2a0000, 0x00000000ff2a0000)
  eden space 5504K,  95% used [0x00000000fec00000, 0x00000000ff11b7f0, 0x00000000ff160000)
  from space 640K,   1% used [0x00000000ff200000, 0x00000000ff202850, 0x00000000ff2a0000)
  to   space 640K,   0% used [0x00000000ff160000, 0x00000000ff160000, 0x00000000ff200000)
 concurrent mark-sweep generation total 13696K, used 11095K [0x00000000ff2a0000, 0x0000000100000000, 0x0000000100000000)
 Metaspace       used 4506K, capacity 4794K, committed 4992K, reserved 1056768K
  class space    used 495K, capacity 533K, committed 640K, reserved 1048576K
2024-07-16T11:01:35.815+0800: 0.695: [GC (Allocation Failure) 2024-07-16T11:01:35.815+0800: 0.695: [ParNew: 5240K->4K(6144K), 0.0002916 secs] 16335K->11099K(19840K), 0.0003381 secs] [Times: user=0.00 sys=0.00, real=0.00 secs] 
Heap after GC invocations=74 (full 10):
 par new generation   total 6144K, used 4K [0x00000000fec00000, 0x00000000ff2a0000, 0x00000000ff2a0000)
  eden space 5504K,   0% used [0x00000000fec00000, 0x00000000fec00000, 0x00000000ff160000)
  from space 640K,   0% used [0x00000000ff160000, 0x00000000ff161020, 0x00000000ff200000)
  to   space 640K,   0% used [0x00000000ff200000, 0x00000000ff200000, 0x00000000ff2a0000)
 concurrent mark-sweep generation total 13696K, used 11095K [0x00000000ff2a0000, 0x0000000100000000, 0x0000000100000000)
 Metaspace       used 4506K, capacity 4794K, committed 4992K, reserved 1056768K
  class space    used 495K, capacity 533K, committed 640K, reserved 1048576K
}
{Heap before GC invocations=74 (full 10):
 par new generation   total 6144K, used 5236K [0x00000000fec00000, 0x00000000ff2a0000, 0x00000000ff2a0000)
  eden space 5504K,  95% used [0x00000000fec00000, 0x00000000ff11c020, 0x00000000ff160000)
  from space 640K,   0% used [0x00000000ff160000, 0x00000000ff161020, 0x00000000ff200000)
  to   space 640K,   0% used [0x00000000ff200000, 0x00000000ff200000, 0x00000000ff2a0000)
 concurrent mark-sweep generation total 13696K, used 11095K [0x00000000ff2a0000, 0x0000000100000000, 0x0000000100000000)
 Metaspace       used 4506K, capacity 4794K, committed 4992K, reserved 1056768K
  class space    used 495K, capacity 533K, committed 640K, reserved 1048576K
2024-07-16T11:01:35.823+0800: 0.703: [GC (Allocation Failure) 2024-07-16T11:01:35.823+0800: 0.703: [ParNew: 5236K->6K(6144K), 0.0003248 secs] 16331K->11101K(19840K), 0.0003667 secs] [Times: user=0.00 sys=0.00, real=0.00 secs] 
Heap after GC invocations=75 (full 10):
 par new generation   total 6144K, used 6K [0x00000000fec00000, 0x00000000ff2a0000, 0x00000000ff2a0000)
  eden space 5504K,   0% used [0x00000000fec00000, 0x00000000fec00000, 0x00000000ff160000)
  from space 640K,   0% used [0x00000000ff200000, 0x00000000ff2018c8, 0x00000000ff2a0000)
  to   space 640K,   0% used [0x00000000ff160000, 0x00000000ff160000, 0x00000000ff200000)
 concurrent mark-sweep generation total 13696K, used 11095K [0x00000000ff2a0000, 0x0000000100000000, 0x0000000100000000)
 Metaspace       used 4506K, capacity 4794K, committed 4992K, reserved 1056768K
  class space    used 495K, capacity 533K, committed 640K, reserved 1048576K
}
{Heap before GC invocations=75 (full 10):
 par new generation   total 6144K, used 5236K [0x00000000fec00000, 0x00000000ff2a0000, 0x00000000ff2a0000)
  eden space 5504K,  95% used [0x00000000fec00000, 0x00000000ff11bb28, 0x00000000ff160000)
  from space 640K,   0% used [0x00000000ff200000, 0x00000000ff2018c8, 0x00000000ff2a0000)
  to   space 640K,   0% used [0x00000000ff160000, 0x00000000ff160000, 0x00000000ff200000)
 concurrent mark-sweep generation total 13696K, used 11095K [0x00000000ff2a0000, 0x0000000100000000, 0x0000000100000000)
 Metaspace       used 4508K, capacity 4794K, committed 4992K, reserved 1056768K
  class space    used 495K, capacity 533K, committed 640K, reserved 1048576K
2024-07-16T11:01:35.830+0800: 0.710: [GC (Allocation Failure) 2024-07-16T11:01:35.830+0800: 0.710: [ParNew: 5236K->8K(6144K), 0.0004013 secs] 16332K->12129K(19840K), 0.0004918 secs] [Times: user=0.00 sys=0.00, real=0.00 secs] 
Heap after GC invocations=76 (full 10):
 par new generation   total 6144K, used 8K [0x00000000fec00000, 0x00000000ff2a0000, 0x00000000ff2a0000)
  eden space 5504K,   0% used [0x00000000fec00000, 0x00000000fec00000, 0x00000000ff160000)
  from space 640K,   1% used [0x00000000ff160000, 0x00000000ff1620d8, 0x00000000ff200000)
  to   space 640K,   0% used [0x00000000ff200000, 0x00000000ff200000, 0x00000000ff2a0000)
 concurrent mark-sweep generation total 13696K, used 12121K [0x00000000ff2a0000, 0x0000000100000000, 0x0000000100000000)
 Metaspace       used 4508K, capacity 4794K, committed 4992K, reserved 1056768K
  class space    used 495K, capacity 533K, committed 640K, reserved 1048576K
}
{Heap before GC invocations=76 (full 10):
 par new generation   total 6144K, used 5231K [0x00000000fec00000, 0x00000000ff2a0000, 0x00000000ff2a0000)
  eden space 5504K,  94% used [0x00000000fec00000, 0x00000000ff119be8, 0x00000000ff160000)
  from space 640K,   1% used [0x00000000ff160000, 0x00000000ff1620d8, 0x00000000ff200000)
  to   space 640K,   0% used [0x00000000ff200000, 0x00000000ff200000, 0x00000000ff2a0000)
 concurrent mark-sweep generation total 13696K, used 12121K [0x00000000ff2a0000, 0x0000000100000000, 0x0000000100000000)
 Metaspace       used 4508K, capacity 4794K, committed 4992K, reserved 1056768K
  class space    used 495K, capacity 533K, committed 640K, reserved 1048576K
2024-07-16T11:01:35.836+0800: 0.716: [GC (Allocation Failure) 2024-07-16T11:01:35.836+0800: 0.716: [ParNew: 5231K->5231K(6144K), 0.0000124 secs]2024-07-16T11:01:35.836+0800: 0.716: [CMS2024-07-16T11:01:35.836+0800: 0.716: [CMS-concurrent-abortable-preclean: 0.000/0.044 secs] [Times: user=0.00 sys=0.00, real=0.04 secs] 
 (concurrent mode failure): 12121K->2893K(13696K), 0.0019425 secs] 17352K->2893K(19840K), [Metaspace: 4508K->4508K(1056768K)], 0.0020007 secs] [Times: user=0.00 sys=0.00, real=0.00 secs] 
Heap after GC invocations=77 (full 11):
 par new generation   total 6144K, used 0K [0x00000000fec00000, 0x00000000ff2a0000, 0x00000000ff2a0000)
  eden space 5504K,   0% used [0x00000000fec00000, 0x00000000fec00000, 0x00000000ff160000)
  from space 640K,   0% used [0x00000000ff160000, 0x00000000ff160000, 0x00000000ff200000)
  to   space 640K,   0% used [0x00000000ff200000, 0x00000000ff200000, 0x00000000ff2a0000)
 concurrent mark-sweep generation total 13696K, used 2893K [0x00000000ff2a0000, 0x0000000100000000, 0x0000000100000000)
 Metaspace       used 4508K, capacity 4794K, committed 4992K, reserved 1056768K
  class space    used 495K, capacity 533K, committed 640K, reserved 1048576K
}
{Heap before GC invocations=77 (full 11):
 par new generation   total 6144K, used 5225K [0x00000000fec00000, 0x00000000ff2a0000, 0x00000000ff2a0000)
  eden space 5504K,  94% used [0x00000000fec00000, 0x00000000ff11a5f0, 0x00000000ff160000)
  from space 640K,   0% used [0x00000000ff160000, 0x00000000ff160000, 0x00000000ff200000)
  to   space 640K,   0% used [0x00000000ff200000, 0x00000000ff200000, 0x00000000ff2a0000)
 concurrent mark-sweep generation total 13696K, used 2893K [0x00000000ff2a0000, 0x0000000100000000, 0x0000000100000000)
 Metaspace       used 4525K, capacity 4794K, committed 4992K, reserved 1056768K
  class space    used 495K, capacity 533K, committed 640K, reserved 1048576K
2024-07-16T11:01:35.845+0800: 0.725: [GC (Allocation Failure) 2024-07-16T11:01:35.845+0800: 0.725: [ParNew: 5225K->8K(6144K), 0.0005936 secs] 8119K->4951K(19840K), 0.0006808 secs] [Times: user=0.00 sys=0.00, real=0.00 secs] 
Heap after GC invocations=78 (full 11):
 par new generation   total 6144K, used 8K [0x00000000fec00000, 0x00000000ff2a0000, 0x00000000ff2a0000)
  eden space 5504K,   0% used [0x00000000fec00000, 0x00000000fec00000, 0x00000000ff160000)
  from space 640K,   1% used [0x00000000ff200000, 0x00000000ff202040, 0x00000000ff2a0000)
  to   space 640K,   0% used [0x00000000ff160000, 0x00000000ff160000, 0x00000000ff200000)
 concurrent mark-sweep generation total 13696K, used 4943K [0x00000000ff2a0000, 0x0000000100000000, 0x0000000100000000)
 Metaspace       used 4525K, capacity 4794K, committed 4992K, reserved 1056768K
  class space    used 495K, capacity 533K, committed 640K, reserved 1048576K
}
{Heap before GC invocations=78 (full 11):
 par new generation   total 6144K, used 5235K [0x00000000fec00000, 0x00000000ff2a0000, 0x00000000ff2a0000)
  eden space 5504K,  94% used [0x00000000fec00000, 0x00000000ff11abe8, 0x00000000ff160000)
  from space 640K,   1% used [0x00000000ff200000, 0x00000000ff202040, 0x00000000ff2a0000)
  to   space 640K,   0% used [0x00000000ff160000, 0x00000000ff160000, 0x00000000ff200000)
 concurrent mark-sweep generation total 13696K, used 4943K [0x00000000ff2a0000, 0x0000000100000000, 0x0000000100000000)
 Metaspace       used 4525K, capacity 4794K, committed 4992K, reserved 1056768K
  class space    used 495K, capacity 533K, committed 640K, reserved 1048576K
2024-07-16T11:01:35.851+0800: 0.731: [GC (Allocation Failure) 2024-07-16T11:01:35.851+0800: 0.731: [ParNew: 5235K->8K(6144K), 0.0003381 secs] 10178K->5977K(19840K), 0.0003748 secs] [Times: user=0.00 sys=0.00, real=0.00 secs] 
Heap after GC invocations=79 (full 11):
 par new generation   total 6144K, used 8K [0x00000000fec00000, 0x00000000ff2a0000, 0x00000000ff2a0000)
  eden space 5504K,   0% used [0x00000000fec00000, 0x00000000fec00000, 0x00000000ff160000)
  from space 640K,   1% used [0x00000000ff160000, 0x00000000ff162040, 0x00000000ff200000)
  to   space 640K,   0% used [0x00000000ff200000, 0x00000000ff200000, 0x00000000ff2a0000)
 concurrent mark-sweep generation total 13696K, used 5969K [0x00000000ff2a0000, 0x0000000100000000, 0x0000000100000000)
 Metaspace       used 4525K, capacity 4794K, committed 4992K, reserved 1056768K
  class space    used 495K, capacity 533K, committed 640K, reserved 1048576K
}
{Heap before GC invocations=79 (full 11):
 par new generation   total 6144K, used 5236K [0x00000000fec00000, 0x00000000ff2a0000, 0x00000000ff2a0000)
  eden space 5504K,  94% used [0x00000000fec00000, 0x00000000ff11b328, 0x00000000ff160000)
  from space 640K,   1% used [0x00000000ff160000, 0x00000000ff162040, 0x00000000ff200000)
  to   space 640K,   0% used [0x00000000ff200000, 0x00000000ff200000, 0x00000000ff2a0000)
 concurrent mark-sweep generation total 13696K, used 5969K [0x00000000ff2a0000, 0x0000000100000000, 0x0000000100000000)
 Metaspace       used 4525K, capacity 4794K, committed 4992K, reserved 1056768K
  class space    used 495K, capacity 533K, committed 640K, reserved 1048576K
2024-07-16T11:01:35.859+0800: 0.739: [GC (Allocation Failure) 2024-07-16T11:01:35.859+0800: 0.739: [ParNew: 5236K->8K(6144K), 0.0007000 secs] 11206K->8027K(19840K), 0.0007886 secs] [Times: user=0.00 sys=0.00, real=0.00 secs] 
Heap after GC invocations=80 (full 11):
 par new generation   total 6144K, used 8K [0x00000000fec00000, 0x00000000ff2a0000, 0x00000000ff2a0000)
  eden space 5504K,   0% used [0x00000000fec00000, 0x00000000fec00000, 0x00000000ff160000)
  from space 640K,   1% used [0x00000000ff200000, 0x00000000ff202040, 0x00000000ff2a0000)
  to   space 640K,   0% used [0x00000000ff160000, 0x00000000ff160000, 0x00000000ff200000)
 concurrent mark-sweep generation total 13696K, used 8019K [0x00000000ff2a0000, 0x0000000100000000, 0x0000000100000000)
 Metaspace       used 4525K, capacity 4794K, committed 4992K, reserved 1056768K
  class space    used 495K, capacity 533K, committed 640K, reserved 1048576K
}
2024-07-16T11:01:35.860+0800: 0.740: [GC (CMS Initial Mark) [1 CMS-initial-mark: 8019K(13696K)] 9054K(19840K), 0.0001081 secs] [Times: user=0.00 sys=0.00, real=0.00 secs] 
2024-07-16T11:01:35.860+0800: 0.740: [CMS-concurrent-mark-start]
2024-07-16T11:01:35.861+0800: 0.741: [CMS-concurrent-mark: 0.001/0.001 secs] [Times: user=0.00 sys=0.00, real=0.00 secs] 
2024-07-16T11:01:35.861+0800: 0.741: [CMS-concurrent-preclean-start]
2024-07-16T11:01:35.861+0800: 0.741: [CMS-concurrent-preclean: 0.000/0.000 secs] [Times: user=0.00 sys=0.00, real=0.00 secs] 
2024-07-16T11:01:35.861+0800: 0.741: [GC (CMS Final Remark) [YG occupancy: 1141 K (6144 K)]2024-07-16T11:01:35.861+0800: 0.741: [Rescan (parallel) , 0.0001405 secs]2024-07-16T11:01:35.861+0800: 0.741: [weak refs processing, 0.0000079 secs]2024-07-16T11:01:35.861+0800: 0.741: [class unloading, 0.0002561 secs]2024-07-16T11:01:35.861+0800: 0.742: [scrub symbol table, 0.0003006 secs]2024-07-16T11:01:35.862+0800: 0.742: [scrub string table, 0.0000682 secs][1 CMS-remark: 8019K(13696K)] 9161K(19840K), 0.0008084 secs] [Times: user=0.01 sys=0.00, real=0.00 secs] 
2024-07-16T11:01:35.862+0800: 0.742: [CMS-concurrent-sweep-start]
2024-07-16T11:01:35.862+0800: 0.742: [CMS-concurrent-sweep: 0.000/0.000 secs] [Times: user=0.00 sys=0.00, real=0.00 secs] 
2024-07-16T11:01:35.862+0800: 0.742: [CMS-concurrent-reset-start]
2024-07-16T11:01:35.862+0800: 0.742: [CMS-concurrent-reset: 0.000/0.000 secs] [Times: user=0.00 sys=0.00, real=0.00 secs] 
{Heap before GC invocations=80 (full 12):
 par new generation   total 6144K, used 5237K [0x00000000fec00000, 0x00000000ff2a0000, 0x00000000ff2a0000)
  eden space 5504K,  95% used [0x00000000fec00000, 0x00000000ff11b4b8, 0x00000000ff160000)
  from space 640K,   1% used [0x00000000ff200000, 0x00000000ff202040, 0x00000000ff2a0000)
  to   space 640K,   0% used [0x00000000ff160000, 0x00000000ff160000, 0x00000000ff200000)
 concurrent mark-sweep generation total 13696K, used 851K [0x00000000ff2a0000, 0x0000000100000000, 0x0000000100000000)
 Metaspace       used 4525K, capacity 4794K, committed 4992K, reserved 1056768K
  class space    used 495K, capacity 533K, committed 640K, reserved 1048576K
2024-07-16T11:01:35.867+0800: 0.747: [GC (Allocation Failure) 2024-07-16T11:01:35.867+0800: 0.747: [ParNew: 5237K->6K(6144K), 0.0003656 secs] 6088K->1883K(19840K), 0.0003930 secs] [Times: user=0.00 sys=0.00, real=0.00 secs] 
Heap after GC invocations=81 (full 12):
 par new generation   total 6144K, used 6K [0x00000000fec00000, 0x00000000ff2a0000, 0x00000000ff2a0000)
  eden space 5504K,   0% used [0x00000000fec00000, 0x00000000fec00000, 0x00000000ff160000)
  from space 640K,   0% used [0x00000000ff160000, 0x00000000ff161830, 0x00000000ff200000)
  to   space 640K,   0% used [0x00000000ff200000, 0x00000000ff200000, 0x00000000ff2a0000)
 concurrent mark-sweep generation total 13696K, used 1877K [0x00000000ff2a0000, 0x0000000100000000, 0x0000000100000000)
 Metaspace       used 4525K, capacity 4794K, committed 4992K, reserved 1056768K
  class space    used 495K, capacity 533K, committed 640K, reserved 1048576K
}
{Heap before GC invocations=81 (full 12):
 par new generation   total 6144K, used 5235K [0x00000000fec00000, 0x00000000ff2a0000, 0x00000000ff2a0000)
  eden space 5504K,  95% used [0x00000000fec00000, 0x00000000ff11b5b0, 0x00000000ff160000)
  from space 640K,   0% used [0x00000000ff160000, 0x00000000ff161830, 0x00000000ff200000)
  to   space 640K,   0% used [0x00000000ff200000, 0x00000000ff200000, 0x00000000ff2a0000)
 concurrent mark-sweep generation total 13696K, used 1877K [0x00000000ff2a0000, 0x0000000100000000, 0x0000000100000000)
 Metaspace       used 4525K, capacity 4794K, committed 4992K, reserved 1056768K
  class space    used 495K, capacity 533K, committed 640K, reserved 1048576K
2024-07-16T11:01:35.873+0800: 0.753: [GC (Allocation Failure) 2024-07-16T11:01:35.873+0800: 0.753: [ParNew: 5235K->8K(6144K), 0.0003554 secs] 7113K->2911K(19840K), 0.0004522 secs] [Times: user=0.00 sys=0.00, real=0.00 secs] 
Heap after GC invocations=82 (full 12):
 par new generation   total 6144K, used 8K [0x00000000fec00000, 0x00000000ff2a0000, 0x00000000ff2a0000)
  eden space 5504K,   0% used [0x00000000fec00000, 0x00000000fec00000, 0x00000000ff160000)
  from space 640K,   1% used [0x00000000ff200000, 0x00000000ff202040, 0x00000000ff2a0000)
  to   space 640K,   0% used [0x00000000ff160000, 0x00000000ff160000, 0x00000000ff200000)
 concurrent mark-sweep generation total 13696K, used 2903K [0x00000000ff2a0000, 0x0000000100000000, 0x0000000100000000)
 Metaspace       used 4525K, capacity 4794K, committed 4992K, reserved 1056768K
  class space    used 495K, capacity 533K, committed 640K, reserved 1048576K
}
{Heap before GC invocations=82 (full 12):
 par new generation   total 6144K, used 5237K [0x00000000fec00000, 0x00000000ff2a0000, 0x00000000ff2a0000)
  eden space 5504K,  95% used [0x00000000fec00000, 0x00000000ff11b658, 0x00000000ff160000)
  from space 640K,   1% used [0x00000000ff200000, 0x00000000ff202040, 0x00000000ff2a0000)
  to   space 640K,   0% used [0x00000000ff160000, 0x00000000ff160000, 0x00000000ff200000)
 concurrent mark-sweep generation total 13696K, used 2903K [0x00000000ff2a0000, 0x0000000100000000, 0x0000000100000000)
 Metaspace       used 4525K, capacity 4794K, committed 4992K, reserved 1056768K
  class space    used 495K, capacity 533K, committed 640K, reserved 1048576K
2024-07-16T11:01:35.879+0800: 0.759: [GC (Allocation Failure) 2024-07-16T11:01:35.879+0800: 0.759: [ParNew: 5237K->8K(6144K), 0.0003413 secs] 8141K->3935K(19840K), 0.0003713 secs] [Times: user=0.00 sys=0.00, real=0.00 secs] 
Heap after GC invocations=83 (full 12):
 par new generation   total 6144K, used 8K [0x00000000fec00000, 0x00000000ff2a0000, 0x00000000ff2a0000)
  eden space 5504K,   0% used [0x00000000fec00000, 0x00000000fec00000, 0x00000000ff160000)
  from space 640K,   1% used [0x00000000ff160000, 0x00000000ff162040, 0x00000000ff200000)
  to   space 640K,   0% used [0x00000000ff200000, 0x00000000ff200000, 0x00000000ff2a0000)
 concurrent mark-sweep generation total 13696K, used 3927K [0x00000000ff2a0000, 0x0000000100000000, 0x0000000100000000)
 Metaspace       used 4525K, capacity 4794K, committed 4992K, reserved 1056768K
  class space    used 495K, capacity 533K, committed 640K, reserved 1048576K
}
{Heap before GC invocations=83 (full 12):
 par new generation   total 6144K, used 5237K [0x00000000fec00000, 0x00000000ff2a0000, 0x00000000ff2a0000)
  eden space 5504K,  95% used [0x00000000fec00000, 0x00000000ff11b6c0, 0x00000000ff160000)
  from space 640K,   1% used [0x00000000ff160000, 0x00000000ff162040, 0x00000000ff200000)
  to   space 640K,   0% used [0x00000000ff200000, 0x00000000ff200000, 0x00000000ff2a0000)
 concurrent mark-sweep generation total 13696K, used 3927K [0x00000000ff2a0000, 0x0000000100000000, 0x0000000100000000)
 Metaspace       used 4525K, capacity 4794K, committed 4992K, reserved 1056768K
  class space    used 495K, capacity 533K, committed 640K, reserved 1048576K
2024-07-16T11:01:35.887+0800: 0.767: [GC (Allocation Failure) 2024-07-16T11:01:35.887+0800: 0.767: [ParNew: 5237K->8K(6144K), 0.0003651 secs] 9165K->4959K(19840K), 0.0003977 secs] [Times: user=0.00 sys=0.00, real=0.00 secs] 
Heap after GC invocations=84 (full 12):
 par new generation   total 6144K, used 8K [0x00000000fec00000, 0x00000000ff2a0000, 0x00000000ff2a0000)
  eden space 5504K,   0% used [0x00000000fec00000, 0x00000000fec00000, 0x00000000ff160000)
  from space 640K,   1% used [0x00000000ff200000, 0x00000000ff202040, 0x00000000ff2a0000)
  to   space 640K,   0% used [0x00000000ff160000, 0x00000000ff160000, 0x00000000ff200000)
 concurrent mark-sweep generation total 13696K, used 4951K [0x00000000ff2a0000, 0x0000000100000000, 0x0000000100000000)
 Metaspace       used 4525K, capacity 4794K, committed 4992K, reserved 1056768K
  class space    used 495K, capacity 533K, committed 640K, reserved 1048576K
}
{Heap before GC invocations=84 (full 12):
 par new generation   total 6144K, used 5237K [0x00000000fec00000, 0x00000000ff2a0000, 0x00000000ff2a0000)
  eden space 5504K,  95% used [0x00000000fec00000, 0x00000000ff11b700, 0x00000000ff160000)
  from space 640K,   1% used [0x00000000ff200000, 0x00000000ff202040, 0x00000000ff2a0000)
  to   space 640K,   0% used [0x00000000ff160000, 0x00000000ff160000, 0x00000000ff200000)
 concurrent mark-sweep generation total 13696K, used 4951K [0x00000000ff2a0000, 0x0000000100000000, 0x0000000100000000)
 Metaspace       used 4525K, capacity 4794K, committed 4992K, reserved 1056768K
  class space    used 495K, capacity 533K, committed 640K, reserved 1048576K
2024-07-16T11:01:35.893+0800: 0.773: [GC (Allocation Failure) 2024-07-16T11:01:35.893+0800: 0.773: [ParNew: 5237K->10K(6144K), 0.0004805 secs] 10189K->7009K(19840K), 0.0005137 secs] [Times: user=0.00 sys=0.00, real=0.00 secs] 
Heap after GC invocations=85 (full 12):
 par new generation   total 6144K, used 10K [0x00000000fec00000, 0x00000000ff2a0000, 0x00000000ff2a0000)
  eden space 5504K,   0% used [0x00000000fec00000, 0x00000000fec00000, 0x00000000ff160000)
  from space 640K,   1% used [0x00000000ff160000, 0x00000000ff162850, 0x00000000ff200000)
  to   space 640K,   0% used [0x00000000ff200000, 0x00000000ff200000, 0x00000000ff2a0000)
 concurrent mark-sweep generation total 13696K, used 6999K [0x00000000ff2a0000, 0x0000000100000000, 0x0000000100000000)
 Metaspace       used 4525K, capacity 4794K, committed 4992K, reserved 1056768K
  class space    used 495K, capacity 533K, committed 640K, reserved 1048576K
}
2024-07-16T11:01:35.893+0800: 0.774: [GC (CMS Initial Mark) [1 CMS-initial-mark: 6999K(13696K)] 8035K(19840K), 0.0001856 secs] [Times: user=0.00 sys=0.00, real=0.00 secs] 
2024-07-16T11:01:35.893+0800: 0.774: [CMS-concurrent-mark-start]
2024-07-16T11:01:35.894+0800: 0.775: [CMS-concurrent-mark: 0.001/0.001 secs] [Times: user=0.00 sys=0.00, real=0.00 secs] 
2024-07-16T11:01:35.895+0800: 0.775: [CMS-concurrent-preclean-start]
2024-07-16T11:01:35.895+0800: 0.775: [CMS-concurrent-preclean: 0.000/0.000 secs] [Times: user=0.00 sys=0.00, real=0.00 secs] 
2024-07-16T11:01:35.895+0800: 0.775: [CMS-concurrent-abortable-preclean-start]
{Heap before GC invocations=85 (full 13):
 par new generation   total 6144K, used 5239K [0x00000000fec00000, 0x00000000ff2a0000, 0x00000000ff2a0000)
  eden space 5504K,  95% used [0x00000000fec00000, 0x00000000ff11b730, 0x00000000ff160000)
  from space 640K,   1% used [0x00000000ff160000, 0x00000000ff162850, 0x00000000ff200000)
  to   space 640K,   0% used [0x00000000ff200000, 0x00000000ff200000, 0x00000000ff2a0000)
 concurrent mark-sweep generation total 13696K, used 6999K [0x00000000ff2a0000, 0x0000000100000000, 0x0000000100000000)
 Metaspace       used 4525K, capacity 4794K, committed 4992K, reserved 1056768K
  class space    used 495K, capacity 533K, committed 640K, reserved 1048576K
2024-07-16T11:01:35.899+0800: 0.779: [GC (Allocation Failure) 2024-07-16T11:01:35.899+0800: 0.779: [ParNew: 5239K->8K(6144K), 0.0003346 secs] 12239K->8033K(19840K), 0.0003547 secs] [Times: user=0.00 sys=0.00, real=0.00 secs] 
Heap after GC invocations=86 (full 13):
 par new generation   total 6144K, used 8K [0x00000000fec00000, 0x00000000ff2a0000, 0x00000000ff2a0000)
  eden space 5504K,   0% used [0x00000000fec00000, 0x00000000fec00000, 0x00000000ff160000)
  from space 640K,   1% used [0x00000000ff200000, 0x00000000ff202040, 0x00000000ff2a0000)
  to   space 640K,   0% used [0x00000000ff160000, 0x00000000ff160000, 0x00000000ff200000)
 concurrent mark-sweep generation total 13696K, used 8025K [0x00000000ff2a0000, 0x0000000100000000, 0x0000000100000000)
 Metaspace       used 4525K, capacity 4794K, committed 4992K, reserved 1056768K
  class space    used 495K, capacity 533K, committed 640K, reserved 1048576K
}
{Heap before GC invocations=86 (full 13):
 par new generation   total 6144K, used 5237K [0x00000000fec00000, 0x00000000ff2a0000, 0x00000000ff2a0000)
  eden space 5504K,  95% used [0x00000000fec00000, 0x00000000ff11b748, 0x00000000ff160000)
  from space 640K,   1% used [0x00000000ff200000, 0x00000000ff202040, 0x00000000ff2a0000)
  to   space 640K,   0% used [0x00000000ff160000, 0x00000000ff160000, 0x00000000ff200000)
 concurrent mark-sweep generation total 13696K, used 8025K [0x00000000ff2a0000, 0x0000000100000000, 0x0000000100000000)
 Metaspace       used 4525K, capacity 4794K, committed 4992K, reserved 1056768K
  class space    used 495K, capacity 533K, committed 640K, reserved 1048576K
2024-07-16T11:01:35.906+0800: 0.786: [GC (Allocation Failure) 2024-07-16T11:01:35.906+0800: 0.786: [ParNew: 5237K->8K(6144K), 0.0003465 secs] 13263K->9059K(19840K), 0.0003724 secs] [Times: user=0.00 sys=0.00, real=0.00 secs] 
Heap after GC invocations=87 (full 13):
 par new generation   total 6144K, used 8K [0x00000000fec00000, 0x00000000ff2a0000, 0x00000000ff2a0000)
  eden space 5504K,   0% used [0x00000000fec00000, 0x00000000fec00000, 0x00000000ff160000)
  from space 640K,   1% used [0x00000000ff160000, 0x00000000ff162040, 0x00000000ff200000)
  to   space 640K,   0% used [0x00000000ff200000, 0x00000000ff200000, 0x00000000ff2a0000)
 concurrent mark-sweep generation total 13696K, used 9051K [0x00000000ff2a0000, 0x0000000100000000, 0x0000000100000000)
 Metaspace       used 4525K, capacity 4794K, committed 4992K, reserved 1056768K
  class space    used 495K, capacity 533K, committed 640K, reserved 1048576K
}
{Heap before GC invocations=87 (full 13):
 par new generation   total 6144K, used 5237K [0x00000000fec00000, 0x00000000ff2a0000, 0x00000000ff2a0000)
  eden space 5504K,  95% used [0x00000000fec00000, 0x00000000ff11b758, 0x00000000ff160000)
  from space 640K,   1% used [0x00000000ff160000, 0x00000000ff162040, 0x00000000ff200000)
  to   space 640K,   0% used [0x00000000ff200000, 0x00000000ff200000, 0x00000000ff2a0000)
 concurrent mark-sweep generation total 13696K, used 9051K [0x00000000ff2a0000, 0x0000000100000000, 0x0000000100000000)
 Metaspace       used 4525K, capacity 4794K, committed 4992K, reserved 1056768K
  class space    used 495K, capacity 533K, committed 640K, reserved 1048576K
2024-07-16T11:01:35.913+0800: 0.793: [GC (Allocation Failure) 2024-07-16T11:01:35.913+0800: 0.793: [ParNew: 5237K->8K(6144K), 0.0003115 secs] 14289K->10083K(19840K), 0.0003375 secs] [Times: user=0.00 sys=0.00, real=0.00 secs] 
Heap after GC invocations=88 (full 13):
 par new generation   total 6144K, used 8K [0x00000000fec00000, 0x00000000ff2a0000, 0x00000000ff2a0000)
  eden space 5504K,   0% used [0x00000000fec00000, 0x00000000fec00000, 0x00000000ff160000)
  from space 640K,   1% used [0x00000000ff200000, 0x00000000ff202040, 0x00000000ff2a0000)
  to   space 640K,   0% used [0x00000000ff160000, 0x00000000ff160000, 0x00000000ff200000)
 concurrent mark-sweep generation total 13696K, used 10075K [0x00000000ff2a0000, 0x0000000100000000, 0x0000000100000000)
 Metaspace       used 4525K, capacity 4794K, committed 4992K, reserved 1056768K
  class space    used 495K, capacity 533K, committed 640K, reserved 1048576K
}
{Heap before GC invocations=88 (full 13):
 par new generation   total 6144K, used 5237K [0x00000000fec00000, 0x00000000ff2a0000, 0x00000000ff2a0000)
  eden space 5504K,  95% used [0x00000000fec00000, 0x00000000ff11b768, 0x00000000ff160000)
  from space 640K,   1% used [0x00000000ff200000, 0x00000000ff202040, 0x00000000ff2a0000)
  to   space 640K,   0% used [0x00000000ff160000, 0x00000000ff160000, 0x00000000ff200000)
 concurrent mark-sweep generation total 13696K, used 10075K [0x00000000ff2a0000, 0x0000000100000000, 0x0000000100000000)
 Metaspace       used 4525K, capacity 4794K, committed 4992K, reserved 1056768K
  class space    used 495K, capacity 533K, committed 640K, reserved 1048576K
2024-07-16T11:01:35.920+0800: 0.800: [GC (Allocation Failure) 2024-07-16T11:01:35.920+0800: 0.800: [ParNew: 5237K->8K(6144K), 0.0003556 secs] 15313K->11107K(19840K), 0.0003995 secs] [Times: user=0.00 sys=0.00, real=0.00 secs] 
Heap after GC invocations=89 (full 13):
 par new generation   total 6144K, used 8K [0x00000000fec00000, 0x00000000ff2a0000, 0x00000000ff2a0000)
  eden space 5504K,   0% used [0x00000000fec00000, 0x00000000fec00000, 0x00000000ff160000)
  from space 640K,   1% used [0x00000000ff160000, 0x00000000ff162040, 0x00000000ff200000)
  to   space 640K,   0% used [0x00000000ff200000, 0x00000000ff200000, 0x00000000ff2a0000)
 concurrent mark-sweep generation total 13696K, used 11099K [0x00000000ff2a0000, 0x0000000100000000, 0x0000000100000000)
 Metaspace       used 4525K, capacity 4794K, committed 4992K, reserved 1056768K
  class space    used 495K, capacity 533K, committed 640K, reserved 1048576K
}
{Heap before GC invocations=89 (full 13):
 par new generation   total 6144K, used 5237K [0x00000000fec00000, 0x00000000ff2a0000, 0x00000000ff2a0000)
  eden space 5504K,  95% used [0x00000000fec00000, 0x00000000ff11b770, 0x00000000ff160000)
  from space 640K,   1% used [0x00000000ff160000, 0x00000000ff162040, 0x00000000ff200000)
  to   space 640K,   0% used [0x00000000ff200000, 0x00000000ff200000, 0x00000000ff2a0000)
 concurrent mark-sweep generation total 13696K, used 11099K [0x00000000ff2a0000, 0x0000000100000000, 0x0000000100000000)
 Metaspace       used 4525K, capacity 4794K, committed 4992K, reserved 1056768K
  class space    used 495K, capacity 533K, committed 640K, reserved 1048576K
2024-07-16T11:01:35.927+0800: 0.807: [GC (Allocation Failure) 2024-07-16T11:01:35.927+0800: 0.807: [ParNew: 5237K->6K(6144K), 0.0004131 secs] 16337K->12129K(19840K), 0.0004632 secs] [Times: user=0.00 sys=0.00, real=0.00 secs] 
Heap after GC invocations=90 (full 13):
 par new generation   total 6144K, used 6K [0x00000000fec00000, 0x00000000ff2a0000, 0x00000000ff2a0000)
  eden space 5504K,   0% used [0x00000000fec00000, 0x00000000fec00000, 0x00000000ff160000)
  from space 640K,   0% used [0x00000000ff200000, 0x00000000ff201830, 0x00000000ff2a0000)
  to   space 640K,   0% used [0x00000000ff160000, 0x00000000ff160000, 0x00000000ff200000)
 concurrent mark-sweep generation total 13696K, used 12123K [0x00000000ff2a0000, 0x0000000100000000, 0x0000000100000000)
 Metaspace       used 4525K, capacity 4794K, committed 4992K, reserved 1056768K
  class space    used 495K, capacity 533K, committed 640K, reserved 1048576K
}
{Heap before GC invocations=90 (full 13):
 par new generation   total 6144K, used 5235K [0x00000000fec00000, 0x00000000ff2a0000, 0x00000000ff2a0000)
  eden space 5504K,  95% used [0x00000000fec00000, 0x00000000ff11b770, 0x00000000ff160000)
  from space 640K,   0% used [0x00000000ff200000, 0x00000000ff201830, 0x00000000ff2a0000)
  to   space 640K,   0% used [0x00000000ff160000, 0x00000000ff160000, 0x00000000ff200000)
 concurrent mark-sweep generation total 13696K, used 12123K [0x00000000ff2a0000, 0x0000000100000000, 0x0000000100000000)
 Metaspace       used 4525K, capacity 4794K, committed 4992K, reserved 1056768K
  class space    used 495K, capacity 533K, committed 640K, reserved 1048576K
2024-07-16T11:01:35.935+0800: 0.815: [GC (Allocation Failure) 2024-07-16T11:01:35.935+0800: 0.815: [ParNew: 5235K->2K(6144K), 0.0003027 secs] 17359K->12125K(19840K), 0.0003490 secs] [Times: user=0.00 sys=0.00, real=0.00 secs] 
Heap after GC invocations=91 (full 13):
 par new generation   total 6144K, used 2K [0x00000000fec00000, 0x00000000ff2a0000, 0x00000000ff2a0000)
  eden space 5504K,   0% used [0x00000000fec00000, 0x00000000fec00000, 0x00000000ff160000)
  from space 640K,   0% used [0x00000000ff160000, 0x00000000ff160810, 0x00000000ff200000)
  to   space 640K,   0% used [0x00000000ff200000, 0x00000000ff200000, 0x00000000ff2a0000)
 concurrent mark-sweep generation total 13696K, used 12123K [0x00000000ff2a0000, 0x0000000100000000, 0x0000000100000000)
 Metaspace       used 4525K, capacity 4794K, committed 4992K, reserved 1056768K
  class space    used 495K, capacity 533K, committed 640K, reserved 1048576K
}
{Heap before GC invocations=91 (full 13):
 par new generation   total 6144K, used 5231K [0x00000000fec00000, 0x00000000ff2a0000, 0x00000000ff2a0000)
  eden space 5504K,  95% used [0x00000000fec00000, 0x00000000ff11b778, 0x00000000ff160000)
  from space 640K,   0% used [0x00000000ff160000, 0x00000000ff160810, 0x00000000ff200000)
  to   space 640K,   0% used [0x00000000ff200000, 0x00000000ff200000, 0x00000000ff2a0000)
 concurrent mark-sweep generation total 13696K, used 12123K [0x00000000ff2a0000, 0x0000000100000000, 0x0000000100000000)
 Metaspace       used 4525K, capacity 4794K, committed 4992K, reserved 1056768K
  class space    used 495K, capacity 533K, committed 640K, reserved 1048576K
2024-07-16T11:01:35.942+0800: 0.822: [GC (Allocation Failure) 2024-07-16T11:01:35.942+0800: 0.822: [ParNew (promotion failed): 5231K->5235K(6144K), 0.0003563 secs]2024-07-16T11:01:35.942+0800: 0.822: [CMS2024-07-16T11:01:35.942+0800: 0.822: [CMS-concurrent-abortable-preclean: 0.000/0.047 secs] [Times: user=0.00 sys=0.00, real=0.05 secs] 
 (concurrent mode failure): 12125K->1869K(13696K), 0.0018599 secs] 17355K->1869K(19840K), [Metaspace: 4525K->4525K(1056768K)], 0.0022762 secs] [Times: user=0.00 sys=0.00, real=0.00 secs] 
Heap after GC invocations=92 (full 14):
 par new generation   total 6144K, used 0K [0x00000000fec00000, 0x00000000ff2a0000, 0x00000000ff2a0000)
  eden space 5504K,   0% used [0x00000000fec00000, 0x00000000fec00000, 0x00000000ff160000)
  from space 640K,   0% used [0x00000000ff200000, 0x00000000ff200000, 0x00000000ff2a0000)
  to   space 640K,   0% used [0x00000000ff160000, 0x00000000ff160000, 0x00000000ff200000)
 concurrent mark-sweep generation total 13696K, used 1869K [0x00000000ff2a0000, 0x0000000100000000, 0x0000000100000000)
 Metaspace       used 4525K, capacity 4794K, committed 4992K, reserved 1056768K
  class space    used 495K, capacity 533K, committed 640K, reserved 1048576K
}
{Heap before GC invocations=92 (full 14):
 par new generation   total 6144K, used 5229K [0x00000000fec00000, 0x00000000ff2a0000, 0x00000000ff2a0000)
  eden space 5504K,  95% used [0x00000000fec00000, 0x00000000ff11b778, 0x00000000ff160000)
  from space 640K,   0% used [0x00000000ff200000, 0x00000000ff200000, 0x00000000ff2a0000)
  to   space 640K,   0% used [0x00000000ff160000, 0x00000000ff160000, 0x00000000ff200000)
 concurrent mark-sweep generation total 13696K, used 1869K [0x00000000ff2a0000, 0x0000000100000000, 0x0000000100000000)
 Metaspace       used 4525K, capacity 4794K, committed 4992K, reserved 1056768K
  class space    used 495K, capacity 533K, committed 640K, reserved 1048576K
2024-07-16T11:01:35.952+0800: 0.832: [GC (Allocation Failure) 2024-07-16T11:01:35.952+0800: 0.832: [ParNew: 5229K->10K(6144K), 0.0005392 secs] 7099K->2905K(19840K), 0.0005770 secs] [Times: user=0.00 sys=0.00, real=0.00 secs] 
Heap after GC invocations=93 (full 14):
 par new generation   total 6144K, used 10K [0x00000000fec00000, 0x00000000ff2a0000, 0x00000000ff2a0000)
  eden space 5504K,   0% used [0x00000000fec00000, 0x00000000fec00000, 0x00000000ff160000)
  from space 640K,   1% used [0x00000000ff160000, 0x00000000ff162850, 0x00000000ff200000)
  to   space 640K,   0% used [0x00000000ff200000, 0x00000000ff200000, 0x00000000ff2a0000)
 concurrent mark-sweep generation total 13696K, used 2895K [0x00000000ff2a0000, 0x0000000100000000, 0x0000000100000000)
 Metaspace       used 4525K, capacity 4794K, committed 4992K, reserved 1056768K
  class space    used 495K, capacity 533K, committed 640K, reserved 1048576K
}
{Heap before GC invocations=93 (full 14):
 par new generation   total 6144K, used 5239K [0x00000000fec00000, 0x00000000ff2a0000, 0x00000000ff2a0000)
  eden space 5504K,  95% used [0x00000000fec00000, 0x00000000ff11b778, 0x00000000ff160000)
  from space 640K,   1% used [0x00000000ff160000, 0x00000000ff162850, 0x00000000ff200000)
  to   space 640K,   0% used [0x00000000ff200000, 0x00000000ff200000, 0x00000000ff2a0000)
 concurrent mark-sweep generation total 13696K, used 2895K [0x00000000ff2a0000, 0x0000000100000000, 0x0000000100000000)
 Metaspace       used 4525K, capacity 4794K, committed 4992K, reserved 1056768K
  class space    used 495K, capacity 533K, committed 640K, reserved 1048576K
2024-07-16T11:01:35.958+0800: 0.838: [GC (Allocation Failure) 2024-07-16T11:01:35.958+0800: 0.838: [ParNew: 5239K->6K(6144K), 0.0003753 secs] 8135K->3927K(19840K), 0.0004128 secs] [Times: user=0.00 sys=0.00, real=0.00 secs] 
Heap after GC invocations=94 (full 14):
 par new generation   total 6144K, used 6K [0x00000000fec00000, 0x00000000ff2a0000, 0x00000000ff2a0000)
  eden space 5504K,   0% used [0x00000000fec00000, 0x00000000fec00000, 0x00000000ff160000)
  from space 640K,   0% used [0x00000000ff200000, 0x00000000ff201830, 0x00000000ff2a0000)
  to   space 640K,   0% used [0x00000000ff160000, 0x00000000ff160000, 0x00000000ff200000)
 concurrent mark-sweep generation total 13696K, used 3921K [0x00000000ff2a0000, 0x0000000100000000, 0x0000000100000000)
 Metaspace       used 4525K, capacity 4794K, committed 4992K, reserved 1056768K
  class space    used 495K, capacity 533K, committed 640K, reserved 1048576K
}
{Heap before GC invocations=94 (full 14):
 par new generation   total 6144K, used 5235K [0x00000000fec00000, 0x00000000ff2a0000, 0x00000000ff2a0000)
  eden space 5504K,  95% used [0x00000000fec00000, 0x00000000ff11b778, 0x00000000ff160000)
  from space 640K,   0% used [0x00000000ff200000, 0x00000000ff201830, 0x00000000ff2a0000)
  to   space 640K,   0% used [0x00000000ff160000, 0x00000000ff160000, 0x00000000ff200000)
 concurrent mark-sweep generation total 13696K, used 3921K [0x00000000ff2a0000, 0x0000000100000000, 0x0000000100000000)
 Metaspace       used 4525K, capacity 4794K, committed 4992K, reserved 1056768K
  class space    used 495K, capacity 533K, committed 640K, reserved 1048576K
2024-07-16T11:01:35.965+0800: 0.845: [GC (Allocation Failure) 2024-07-16T11:01:35.965+0800: 0.845: [ParNew: 5235K->6K(6144K), 0.0003627 secs] 9157K->4953K(19840K), 0.0004138 secs] [Times: user=0.00 sys=0.00, real=0.00 secs] 
Heap after GC invocations=95 (full 14):
 par new generation   total 6144K, used 6K [0x00000000fec00000, 0x00000000ff2a0000, 0x00000000ff2a0000)
  eden space 5504K,   0% used [0x00000000fec00000, 0x00000000fec00000, 0x00000000ff160000)
  from space 640K,   0% used [0x00000000ff160000, 0x00000000ff161830, 0x00000000ff200000)
  to   space 640K,   0% used [0x00000000ff200000, 0x00000000ff200000, 0x00000000ff2a0000)
 concurrent mark-sweep generation total 13696K, used 4947K [0x00000000ff2a0000, 0x0000000100000000, 0x0000000100000000)
 Metaspace       used 4525K, capacity 4794K, committed 4992K, reserved 1056768K
  class space    used 495K, capacity 533K, committed 640K, reserved 1048576K
}
{Heap before GC invocations=95 (full 14):
 par new generation   total 6144K, used 5235K [0x00000000fec00000, 0x00000000ff2a0000, 0x00000000ff2a0000)
  eden space 5504K,  95% used [0x00000000fec00000, 0x00000000ff11b778, 0x00000000ff160000)
  from space 640K,   0% used [0x00000000ff160000, 0x00000000ff161830, 0x00000000ff200000)
  to   space 640K,   0% used [0x00000000ff200000, 0x00000000ff200000, 0x00000000ff2a0000)
 concurrent mark-sweep generation total 13696K, used 4947K [0x00000000ff2a0000, 0x0000000100000000, 0x0000000100000000)
 Metaspace       used 4525K, capacity 4794K, committed 4992K, reserved 1056768K
  class space    used 495K, capacity 533K, committed 640K, reserved 1048576K
2024-07-16T11:01:35.972+0800: 0.852: [GC (Allocation Failure) 2024-07-16T11:01:35.972+0800: 0.852: [ParNew: 5235K->6K(6144K), 0.0004029 secs] 10183K->5979K(19840K), 0.0004521 secs] [Times: user=0.00 sys=0.00, real=0.00 secs] 
Heap after GC invocations=96 (full 14):
 par new generation   total 6144K, used 6K [0x00000000fec00000, 0x00000000ff2a0000, 0x00000000ff2a0000)
  eden space 5504K,   0% used [0x00000000fec00000, 0x00000000fec00000, 0x00000000ff160000)
  from space 640K,   0% used [0x00000000ff200000, 0x00000000ff201830, 0x00000000ff2a0000)
  to   space 640K,   0% used [0x00000000ff160000, 0x00000000ff160000, 0x00000000ff200000)
 concurrent mark-sweep generation total 13696K, used 5973K [0x00000000ff2a0000, 0x0000000100000000, 0x0000000100000000)
 Metaspace       used 4525K, capacity 4794K, committed 4992K, reserved 1056768K
  class space    used 495K, capacity 533K, committed 640K, reserved 1048576K
}
{Heap before GC invocations=96 (full 14):
 par new generation   total 6144K, used 5235K [0x00000000fec00000, 0x00000000ff2a0000, 0x00000000ff2a0000)
  eden space 5504K,  95% used [0x00000000fec00000, 0x00000000ff11b778, 0x00000000ff160000)
  from space 640K,   0% used [0x00000000ff200000, 0x00000000ff201830, 0x00000000ff2a0000)
  to   space 640K,   0% used [0x00000000ff160000, 0x00000000ff160000, 0x00000000ff200000)
 concurrent mark-sweep generation total 13696K, used 5973K [0x00000000ff2a0000, 0x0000000100000000, 0x0000000100000000)
 Metaspace       used 4525K, capacity 4794K, committed 4992K, reserved 1056768K
  class space    used 495K, capacity 533K, committed 640K, reserved 1048576K
2024-07-16T11:01:35.979+0800: 0.859: [GC (Allocation Failure) 2024-07-16T11:01:35.979+0800: 0.859: [ParNew: 5235K->8K(6144K), 0.0003697 secs] 11209K->7007K(19840K), 0.0004074 secs] [Times: user=0.00 sys=0.00, real=0.00 secs] 
Heap after GC invocations=97 (full 14):
 par new generation   total 6144K, used 8K [0x00000000fec00000, 0x00000000ff2a0000, 0x00000000ff2a0000)
  eden space 5504K,   0% used [0x00000000fec00000, 0x00000000fec00000, 0x00000000ff160000)
  from space 640K,   1% used [0x00000000ff160000, 0x00000000ff162040, 0x00000000ff200000)
  to   space 640K,   0% used [0x00000000ff200000, 0x00000000ff200000, 0x00000000ff2a0000)
 concurrent mark-sweep generation total 13696K, used 6999K [0x00000000ff2a0000, 0x0000000100000000, 0x0000000100000000)
 Metaspace       used 4525K, capacity 4794K, committed 4992K, reserved 1056768K
  class space    used 495K, capacity 533K, committed 640K, reserved 1048576K
}
{Heap before GC invocations=97 (full 14):
 par new generation   total 6144K, used 5237K [0x00000000fec00000, 0x00000000ff2a0000, 0x00000000ff2a0000)
  eden space 5504K,  95% used [0x00000000fec00000, 0x00000000ff11b778, 0x00000000ff160000)
  from space 640K,   1% used [0x00000000ff160000, 0x00000000ff162040, 0x00000000ff200000)
  to   space 640K,   0% used [0x00000000ff200000, 0x00000000ff200000, 0x00000000ff2a0000)
 concurrent mark-sweep generation total 13696K, used 6999K [0x00000000ff2a0000, 0x0000000100000000, 0x0000000100000000)
 Metaspace       used 4525K, capacity 4794K, committed 4992K, reserved 1056768K
  class space    used 495K, capacity 533K, committed 640K, reserved 1048576K
2024-07-16T11:01:35.985+0800: 0.865: [GC (Allocation Failure) 2024-07-16T11:01:35.985+0800: 0.865: [ParNew: 5237K->6K(6144K), 0.0003159 secs] 12237K->8032K(19840K), 0.0003423 secs] [Times: user=0.00 sys=0.00, real=0.00 secs] 
Heap after GC invocations=98 (full 14):
 par new generation   total 6144K, used 6K [0x00000000fec00000, 0x00000000ff2a0000, 0x00000000ff2a0000)
  eden space 5504K,   0% used [0x00000000fec00000, 0x00000000fec00000, 0x00000000ff160000)
  from space 640K,   0% used [0x00000000ff200000, 0x00000000ff201830, 0x00000000ff2a0000)
  to   space 640K,   0% used [0x00000000ff160000, 0x00000000ff160000, 0x00000000ff200000)
 concurrent mark-sweep generation total 13696K, used 8025K [0x00000000ff2a0000, 0x0000000100000000, 0x0000000100000000)
 Metaspace       used 4525K, capacity 4794K, committed 4992K, reserved 1056768K
  class space    used 495K, capacity 533K, committed 640K, reserved 1048576K
}
{Heap before GC invocations=98 (full 14):
 par new generation   total 6144K, used 5235K [0x00000000fec00000, 0x00000000ff2a0000, 0x00000000ff2a0000)
  eden space 5504K,  95% used [0x00000000fec00000, 0x00000000ff11b778, 0x00000000ff160000)
  from space 640K,   0% used [0x00000000ff200000, 0x00000000ff201830, 0x00000000ff2a0000)
  to   space 640K,   0% used [0x00000000ff160000, 0x00000000ff160000, 0x00000000ff200000)
 concurrent mark-sweep generation total 13696K, used 8025K [0x00000000ff2a0000, 0x0000000100000000, 0x0000000100000000)
 Metaspace       used 4525K, capacity 4794K, committed 4992K, reserved 1056768K
  class space    used 495K, capacity 533K, committed 640K, reserved 1048576K
2024-07-16T11:01:35.991+0800: 0.871: [GC (Allocation Failure) 2024-07-16T11:01:35.991+0800: 0.871: [ParNew: 5235K->10K(6144K), 0.0003507 secs] 13261K->9062K(19840K), 0.0003860 secs] [Times: user=0.00 sys=0.00, real=0.00 secs] 
Heap after GC invocations=99 (full 14):
 par new generation   total 6144K, used 10K [0x00000000fec00000, 0x00000000ff2a0000, 0x00000000ff2a0000)
  eden space 5504K,   0% used [0x00000000fec00000, 0x00000000fec00000, 0x00000000ff160000)
  from space 640K,   1% used [0x00000000ff160000, 0x00000000ff162850, 0x00000000ff200000)
  to   space 640K,   0% used [0x00000000ff200000, 0x00000000ff200000, 0x00000000ff2a0000)
 concurrent mark-sweep generation total 13696K, used 9052K [0x00000000ff2a0000, 0x0000000100000000, 0x0000000100000000)
 Metaspace       used 4525K, capacity 4794K, committed 4992K, reserved 1056768K
  class space    used 495K, capacity 533K, committed 640K, reserved 1048576K
}
{Heap before GC invocations=99 (full 14):
 par new generation   total 6144K, used 5239K [0x00000000fec00000, 0x00000000ff2a0000, 0x00000000ff2a0000)
  eden space 5504K,  95% used [0x00000000fec00000, 0x00000000ff11b780, 0x00000000ff160000)
  from space 640K,   1% used [0x00000000ff160000, 0x00000000ff162850, 0x00000000ff200000)
  to   space 640K,   0% used [0x00000000ff200000, 0x00000000ff200000, 0x00000000ff2a0000)
 concurrent mark-sweep generation total 13696K, used 9052K [0x00000000ff2a0000, 0x0000000100000000, 0x0000000100000000)
 Metaspace       used 4525K, capacity 4794K, committed 4992K, reserved 1056768K
  class space    used 495K, capacity 533K, committed 640K, reserved 1048576K
2024-07-16T11:01:35.999+0800: 0.879: [GC (Allocation Failure) 2024-07-16T11:01:35.999+0800: 0.879: [ParNew: 5239K->4K(6144K), 0.0002758 secs] 14292K->9056K(19840K), 0.0003088 secs] [Times: user=0.00 sys=0.00, real=0.00 secs] 
Heap after GC invocations=100 (full 14):
 par new generation   total 6144K, used 4K [0x00000000fec00000, 0x00000000ff2a0000, 0x00000000ff2a0000)
  eden space 5504K,   0% used [0x00000000fec00000, 0x00000000fec00000, 0x00000000ff160000)
  from space 640K,   0% used [0x00000000ff200000, 0x00000000ff201020, 0x00000000ff2a0000)
  to   space 640K,   0% used [0x00000000ff160000, 0x00000000ff160000, 0x00000000ff200000)
 concurrent mark-sweep generation total 13696K, used 9052K [0x00000000ff2a0000, 0x0000000100000000, 0x0000000100000000)
 Metaspace       used 4525K, capacity 4794K, committed 4992K, reserved 1056768K
  class space    used 495K, capacity 533K, committed 640K, reserved 1048576K
}
{Heap before GC invocations=100 (full 14):
 par new generation   total 6144K, used 5233K [0x00000000fec00000, 0x00000000ff2a0000, 0x00000000ff2a0000)
  eden space 5504K,  95% used [0x00000000fec00000, 0x00000000ff11b780, 0x00000000ff160000)
  from space 640K,   0% used [0x00000000ff200000, 0x00000000ff201020, 0x00000000ff2a0000)
  to   space 640K,   0% used [0x00000000ff160000, 0x00000000ff160000, 0x00000000ff200000)
 concurrent mark-sweep generation total 13696K, used 9052K [0x00000000ff2a0000, 0x0000000100000000, 0x0000000100000000)
 Metaspace       used 4527K, capacity 4794K, committed 4992K, reserved 1056768K
  class space    used 495K, capacity 533K, committed 640K, reserved 1048576K
2024-07-16T11:01:36.005+0800: 0.885: [GC (Allocation Failure) 2024-07-16T11:01:36.005+0800: 0.885: [ParNew: 5233K->6K(6144K), 0.0003234 secs] 14285K->10084K(19840K), 0.0003581 secs] [Times: user=0.00 sys=0.00, real=0.00 secs] 
Heap after GC invocations=101 (full 14):
 par new generation   total 6144K, used 6K [0x00000000fec00000, 0x00000000ff2a0000, 0x00000000ff2a0000)
  eden space 5504K,   0% used [0x00000000fec00000, 0x00000000fec00000, 0x00000000ff160000)
  from space 640K,   0% used [0x00000000ff160000, 0x00000000ff161830, 0x00000000ff200000)
  to   space 640K,   0% used [0x00000000ff200000, 0x00000000ff200000, 0x00000000ff2a0000)
 concurrent mark-sweep generation total 13696K, used 10078K [0x00000000ff2a0000, 0x0000000100000000, 0x0000000100000000)
 Metaspace       used 4527K, capacity 4794K, committed 4992K, reserved 1056768K
  class space    used 495K, capacity 533K, committed 640K, reserved 1048576K
}
{Heap before GC invocations=101 (full 14):
 par new generation   total 6144K, used 5235K [0x00000000fec00000, 0x00000000ff2a0000, 0x00000000ff2a0000)
  eden space 5504K,  95% used [0x00000000fec00000, 0x00000000ff11b780, 0x00000000ff160000)
  from space 640K,   0% used [0x00000000ff160000, 0x00000000ff161830, 0x00000000ff200000)
  to   space 640K,   0% used [0x00000000ff200000, 0x00000000ff200000, 0x00000000ff2a0000)
 concurrent mark-sweep generation total 13696K, used 10078K [0x00000000ff2a0000, 0x0000000100000000, 0x0000000100000000)
 Metaspace       used 4527K, capacity 4794K, committed 4992K, reserved 1056768K
  class space    used 495K, capacity 533K, committed 640K, reserved 1048576K
2024-07-16T11:01:36.012+0800: 0.892: [GC (Allocation Failure) 2024-07-16T11:01:36.012+0800: 0.892: [ParNew: 5235K->6K(6144K), 0.0003305 secs] 15314K->11110K(19840K), 0.0003734 secs] [Times: user=0.00 sys=0.00, real=0.00 secs] 
Heap after GC invocations=102 (full 14):
 par new generation   total 6144K, used 6K [0x00000000fec00000, 0x00000000ff2a0000, 0x00000000ff2a0000)
  eden space 5504K,   0% used [0x00000000fec00000, 0x00000000fec00000, 0x00000000ff160000)
  from space 640K,   0% used [0x00000000ff200000, 0x00000000ff201830, 0x00000000ff2a0000)
  to   space 640K,   0% used [0x00000000ff160000, 0x00000000ff160000, 0x00000000ff200000)
 concurrent mark-sweep generation total 13696K, used 11104K [0x00000000ff2a0000, 0x0000000100000000, 0x0000000100000000)
 Metaspace       used 4527K, capacity 4794K, committed 4992K, reserved 1056768K
  class space    used 495K, capacity 533K, committed 640K, reserved 1048576K
}
2024-07-16T11:01:36.012+0800: 0.892: [GC (CMS Initial Mark) [1 CMS-initial-mark: 11104K(13696K)] 12134K(19840K), 0.0001057 secs] [Times: user=0.00 sys=0.00, real=0.00 secs] 
2024-07-16T11:01:36.012+0800: 0.893: [CMS-concurrent-mark-start]
2024-07-16T11:01:36.013+0800: 0.894: [CMS-concurrent-mark: 0.001/0.001 secs] [Times: user=0.00 sys=0.00, real=0.00 secs] 
2024-07-16T11:01:36.013+0800: 0.894: [CMS-concurrent-preclean-start]
2024-07-16T11:01:36.013+0800: 0.894: [CMS-concurrent-preclean: 0.000/0.000 secs] [Times: user=0.00 sys=0.00, real=0.00 secs] 
2024-07-16T11:01:36.013+0800: 0.894: [GC (CMS Final Remark) [YG occupancy: 1137 K (6144 K)]2024-07-16T11:01:36.013+0800: 0.894: [Rescan (parallel) , 0.0001434 secs]2024-07-16T11:01:36.013+0800: 0.894: [weak refs processing, 0.0000078 secs]2024-07-16T11:01:36.013+0800: 0.894: [class unloading, 0.0002504 secs]2024-07-16T11:01:36.014+0800: 0.894: [scrub symbol table, 0.0002987 secs]2024-07-16T11:01:36.014+0800: 0.894: [scrub string table, 0.0000663 secs][1 CMS-remark: 11104K(13696K)] 12242K(19840K), 0.0008036 secs] [Times: user=0.00 sys=0.00, real=0.00 secs] 
2024-07-16T11:01:36.014+0800: 0.895: [CMS-concurrent-sweep-start]
2024-07-16T11:01:36.014+0800: 0.895: [CMS-concurrent-sweep: 0.000/0.000 secs] [Times: user=0.00 sys=0.00, real=0.00 secs] 
2024-07-16T11:01:36.014+0800: 0.895: [CMS-concurrent-reset-start]
2024-07-16T11:01:36.014+0800: 0.895: [CMS-concurrent-reset: 0.000/0.000 secs] [Times: user=0.00 sys=0.00, real=0.00 secs] 
{Heap before GC invocations=102 (full 15):
 par new generation   total 6144K, used 5235K [0x00000000fec00000, 0x00000000ff2a0000, 0x00000000ff2a0000)
  eden space 5504K,  95% used [0x00000000fec00000, 0x00000000ff11b780, 0x00000000ff160000)
  from space 640K,   0% used [0x00000000ff200000, 0x00000000ff201830, 0x00000000ff2a0000)
  to   space 640K,   0% used [0x00000000ff160000, 0x00000000ff160000, 0x00000000ff200000)
 concurrent mark-sweep generation total 13696K, used 1887K [0x00000000ff2a0000, 0x0000000100000000, 0x0000000100000000)
 Metaspace       used 4527K, capacity 4794K, committed 4992K, reserved 1056768K
  class space    used 495K, capacity 533K, committed 640K, reserved 1048576K
2024-07-16T11:01:36.020+0800: 0.900: [GC (Allocation Failure) 2024-07-16T11:01:36.020+0800: 0.900: [ParNew: 5235K->2K(6144K), 0.0002965 secs] 7123K->1889K(19840K), 0.0003423 secs] [Times: user=0.00 sys=0.00, real=0.00 secs] 
Heap after GC invocations=103 (full 15):
 par new generation   total 6144K, used 2K [0x00000000fec00000, 0x00000000ff2a0000, 0x00000000ff2a0000)
  eden space 5504K,   0% used [0x00000000fec00000, 0x00000000fec00000, 0x00000000ff160000)
  from space 640K,   0% used [0x00000000ff160000, 0x00000000ff160810, 0x00000000ff200000)
  to   space 640K,   0% used [0x00000000ff200000, 0x00000000ff200000, 0x00000000ff2a0000)
 concurrent mark-sweep generation total 13696K, used 1887K [0x00000000ff2a0000, 0x0000000100000000, 0x0000000100000000)
 Metaspace       used 4527K, capacity 4794K, committed 4992K, reserved 1056768K
  class space    used 495K, capacity 533K, committed 640K, reserved 1048576K
}
{Heap before GC invocations=103 (full 15):
 par new generation   total 6144K, used 5231K [0x00000000fec00000, 0x00000000ff2a0000, 0x00000000ff2a0000)
  eden space 5504K,  95% used [0x00000000fec00000, 0x00000000ff11b780, 0x00000000ff160000)
  from space 640K,   0% used [0x00000000ff160000, 0x00000000ff160810, 0x00000000ff200000)
  to   space 640K,   0% used [0x00000000ff200000, 0x00000000ff200000, 0x00000000ff2a0000)
 concurrent mark-sweep generation total 13696K, used 1887K [0x00000000ff2a0000, 0x0000000100000000, 0x0000000100000000)
 Metaspace       used 4538K, capacity 4794K, committed 4992K, reserved 1056768K
  class space    used 495K, capacity 533K, committed 640K, reserved 1048576K
2024-07-16T11:01:36.026+0800: 0.906: [GC (Allocation Failure) 2024-07-16T11:01:36.026+0800: 0.906: [ParNew: 5231K->8K(6144K), 0.0003619 secs] 7119K->2919K(19840K), 0.0003924 secs] [Times: user=0.00 sys=0.00, real=0.00 secs] 
Heap after GC invocations=104 (full 15):
 par new generation   total 6144K, used 8K [0x00000000fec00000, 0x00000000ff2a0000, 0x00000000ff2a0000)
  eden space 5504K,   0% used [0x00000000fec00000, 0x00000000fec00000, 0x00000000ff160000)
  from space 640K,   1% used [0x00000000ff200000, 0x00000000ff202040, 0x00000000ff2a0000)
  to   space 640K,   0% used [0x00000000ff160000, 0x00000000ff160000, 0x00000000ff200000)
 concurrent mark-sweep generation total 13696K, used 2911K [0x00000000ff2a0000, 0x0000000100000000, 0x0000000100000000)
 Metaspace       used 4538K, capacity 4794K, committed 4992K, reserved 1056768K
  class space    used 495K, capacity 533K, committed 640K, reserved 1048576K
}
{Heap before GC invocations=104 (full 15):
 par new generation   total 6144K, used 5237K [0x00000000fec00000, 0x00000000ff2a0000, 0x00000000ff2a0000)
  eden space 5504K,  95% used [0x00000000fec00000, 0x00000000ff11b780, 0x00000000ff160000)
  from space 640K,   1% used [0x00000000ff200000, 0x00000000ff202040, 0x00000000ff2a0000)
  to   space 640K,   0% used [0x00000000ff160000, 0x00000000ff160000, 0x00000000ff200000)
 concurrent mark-sweep generation total 13696K, used 2911K [0x00000000ff2a0000, 0x0000000100000000, 0x0000000100000000)
 Metaspace       used 4538K, capacity 4794K, committed 4992K, reserved 1056768K
  class space    used 495K, capacity 533K, committed 640K, reserved 1048576K
2024-07-16T11:01:36.033+0800: 0.913: [GC (Allocation Failure) 2024-07-16T11:01:36.033+0800: 0.913: [ParNew: 5237K->4K(6144K), 0.0003281 secs] 8149K->3939K(19840K), 0.0003559 secs] [Times: user=0.00 sys=0.00, real=0.00 secs] 
Heap after GC invocations=105 (full 15):
 par new generation   total 6144K, used 4K [0x00000000fec00000, 0x00000000ff2a0000, 0x00000000ff2a0000)
  eden space 5504K,   0% used [0x00000000fec00000, 0x00000000fec00000, 0x00000000ff160000)
  from space 640K,   0% used [0x00000000ff160000, 0x00000000ff161020, 0x00000000ff200000)
  to   space 640K,   0% used [0x00000000ff200000, 0x00000000ff200000, 0x00000000ff2a0000)
 concurrent mark-sweep generation total 13696K, used 3935K [0x00000000ff2a0000, 0x0000000100000000, 0x0000000100000000)
 Metaspace       used 4538K, capacity 4794K, committed 4992K, reserved 1056768K
  class space    used 495K, capacity 533K, committed 640K, reserved 1048576K
}
{Heap before GC invocations=105 (full 15):
 par new generation   total 6144K, used 5233K [0x00000000fec00000, 0x00000000ff2a0000, 0x00000000ff2a0000)
  eden space 5504K,  95% used [0x00000000fec00000, 0x00000000ff11b780, 0x00000000ff160000)
  from space 640K,   0% used [0x00000000ff160000, 0x00000000ff161020, 0x00000000ff200000)
  to   space 640K,   0% used [0x00000000ff200000, 0x00000000ff200000, 0x00000000ff2a0000)
 concurrent mark-sweep generation total 13696K, used 3935K [0x00000000ff2a0000, 0x0000000100000000, 0x0000000100000000)
 Metaspace       used 4538K, capacity 4794K, committed 4992K, reserved 1056768K
  class space    used 495K, capacity 533K, committed 640K, reserved 1048576K
2024-07-16T11:01:36.041+0800: 0.921: [GC (Allocation Failure) 2024-07-16T11:01:36.041+0800: 0.921: [ParNew: 5233K->8K(6144K), 0.0003557 secs] 9169K->4967K(19840K), 0.0003919 secs] [Times: user=0.00 sys=0.00, real=0.00 secs] 
Heap after GC invocations=106 (full 15):
 par new generation   total 6144K, used 8K [0x00000000fec00000, 0x00000000ff2a0000, 0x00000000ff2a0000)
  eden space 5504K,   0% used [0x00000000fec00000, 0x00000000fec00000, 0x00000000ff160000)
  from space 640K,   1% used [0x00000000ff200000, 0x00000000ff202040, 0x00000000ff2a0000)
  to   space 640K,   0% used [0x00000000ff160000, 0x00000000ff160000, 0x00000000ff200000)
 concurrent mark-sweep generation total 13696K, used 4959K [0x00000000ff2a0000, 0x0000000100000000, 0x0000000100000000)
 Metaspace       used 4538K, capacity 4794K, committed 4992K, reserved 1056768K
  class space    used 495K, capacity 533K, committed 640K, reserved 1048576K
}
{Heap before GC invocations=106 (full 15):
 par new generation   total 6144K, used 5237K [0x00000000fec00000, 0x00000000ff2a0000, 0x00000000ff2a0000)
  eden space 5504K,  95% used [0x00000000fec00000, 0x00000000ff11b780, 0x00000000ff160000)
  from space 640K,   1% used [0x00000000ff200000, 0x00000000ff202040, 0x00000000ff2a0000)
  to   space 640K,   0% used [0x00000000ff160000, 0x00000000ff160000, 0x00000000ff200000)
 concurrent mark-sweep generation total 13696K, used 4959K [0x00000000ff2a0000, 0x0000000100000000, 0x0000000100000000)
 Metaspace       used 4538K, capacity 4794K, committed 4992K, reserved 1056768K
  class space    used 495K, capacity 533K, committed 640K, reserved 1048576K
2024-07-16T11:01:36.049+0800: 0.929: [GC (Allocation Failure) 2024-07-16T11:01:36.049+0800: 0.929: [ParNew: 5237K->6K(6144K), 0.0003384 secs] 10197K->5989K(19840K), 0.0003659 secs] [Times: user=0.00 sys=0.00, real=0.00 secs] 
Heap after GC invocations=107 (full 15):
 par new generation   total 6144K, used 6K [0x00000000fec00000, 0x00000000ff2a0000, 0x00000000ff2a0000)
  eden space 5504K,   0% used [0x00000000fec00000, 0x00000000fec00000, 0x00000000ff160000)
  from space 640K,   0% used [0x00000000ff160000, 0x00000000ff161830, 0x00000000ff200000)
  to   space 640K,   0% used [0x00000000ff200000, 0x00000000ff200000, 0x00000000ff2a0000)
 concurrent mark-sweep generation total 13696K, used 5983K [0x00000000ff2a0000, 0x0000000100000000, 0x0000000100000000)
 Metaspace       used 4538K, capacity 4794K, committed 4992K, reserved 1056768K
  class space    used 495K, capacity 533K, committed 640K, reserved 1048576K
}
{Heap before GC invocations=107 (full 15):
 par new generation   total 6144K, used 5235K [0x00000000fec00000, 0x00000000ff2a0000, 0x00000000ff2a0000)
  eden space 5504K,  95% used [0x00000000fec00000, 0x00000000ff11b780, 0x00000000ff160000)
  from space 640K,   0% used [0x00000000ff160000, 0x00000000ff161830, 0x00000000ff200000)
  to   space 640K,   0% used [0x00000000ff200000, 0x00000000ff200000, 0x00000000ff2a0000)
 concurrent mark-sweep generation total 13696K, used 5983K [0x00000000ff2a0000, 0x0000000100000000, 0x0000000100000000)
 Metaspace       used 4538K, capacity 4794K, committed 4992K, reserved 1056768K
  class space    used 495K, capacity 533K, committed 640K, reserved 1048576K
2024-07-16T11:01:36.055+0800: 0.935: [GC (Allocation Failure) 2024-07-16T11:01:36.055+0800: 0.935: [ParNew: 5235K->8K(6144K), 0.0004481 secs] 11219K->7015K(19840K), 0.0004897 secs] [Times: user=0.00 sys=0.00, real=0.00 secs] 
Heap after GC invocations=108 (full 15):
 par new generation   total 6144K, used 8K [0x00000000fec00000, 0x00000000ff2a0000, 0x00000000ff2a0000)
  eden space 5504K,   0% used [0x00000000fec00000, 0x00000000fec00000, 0x00000000ff160000)
  from space 640K,   1% used [0x00000000ff200000, 0x00000000ff202040, 0x00000000ff2a0000)
  to   space 640K,   0% used [0x00000000ff160000, 0x00000000ff160000, 0x00000000ff200000)
 concurrent mark-sweep generation total 13696K, used 7007K [0x00000000ff2a0000, 0x0000000100000000, 0x0000000100000000)
 Metaspace       used 4538K, capacity 4794K, committed 4992K, reserved 1056768K
  class space    used 495K, capacity 533K, committed 640K, reserved 1048576K
}
{Heap before GC invocations=108 (full 15):
 par new generation   total 6144K, used 5237K [0x00000000fec00000, 0x00000000ff2a0000, 0x00000000ff2a0000)
  eden space 5504K,  95% used [0x00000000fec00000, 0x00000000ff11b780, 0x00000000ff160000)
  from space 640K,   1% used [0x00000000ff200000, 0x00000000ff202040, 0x00000000ff2a0000)
  to   space 640K,   0% used [0x00000000ff160000, 0x00000000ff160000, 0x00000000ff200000)
 concurrent mark-sweep generation total 13696K, used 7007K [0x00000000ff2a0000, 0x0000000100000000, 0x0000000100000000)
 Metaspace       used 4538K, capacity 4794K, committed 4992K, reserved 1056768K
  class space    used 495K, capacity 533K, committed 640K, reserved 1048576K
2024-07-16T11:01:36.062+0800: 0.942: [GC (Allocation Failure) 2024-07-16T11:01:36.062+0800: 0.942: [ParNew: 5237K->8K(6144K), 0.0003613 secs] 12245K->8040K(19840K), 0.0003827 secs] [Times: user=0.00 sys=0.00, real=0.00 secs] 
Heap after GC invocations=109 (full 15):
 par new generation   total 6144K, used 8K [0x00000000fec00000, 0x00000000ff2a0000, 0x00000000ff2a0000)
  eden space 5504K,   0% used [0x00000000fec00000, 0x00000000fec00000, 0x00000000ff160000)
  from space 640K,   1% used [0x00000000ff160000, 0x00000000ff162040, 0x00000000ff200000)
  to   space 640K,   0% used [0x00000000ff200000, 0x00000000ff200000, 0x00000000ff2a0000)
 concurrent mark-sweep generation total 13696K, used 8031K [0x00000000ff2a0000, 0x0000000100000000, 0x0000000100000000)
 Metaspace       used 4538K, capacity 4794K, committed 4992K, reserved 1056768K
  class space    used 495K, capacity 533K, committed 640K, reserved 1048576K
}
{Heap before GC invocations=109 (full 15):
 par new generation   total 6144K, used 5237K [0x00000000fec00000, 0x00000000ff2a0000, 0x00000000ff2a0000)
  eden space 5504K,  95% used [0x00000000fec00000, 0x00000000ff11b780, 0x00000000ff160000)
  from space 640K,   1% used [0x00000000ff160000, 0x00000000ff162040, 0x00000000ff200000)
  to   space 640K,   0% used [0x00000000ff200000, 0x00000000ff200000, 0x00000000ff2a0000)
 concurrent mark-sweep generation total 13696K, used 8031K [0x00000000ff2a0000, 0x0000000100000000, 0x0000000100000000)
 Metaspace       used 4538K, capacity 4794K, committed 4992K, reserved 1056768K
  class space    used 495K, capacity 533K, committed 640K, reserved 1048576K
2024-07-16T11:01:36.069+0800: 0.949: [GC (Allocation Failure) 2024-07-16T11:01:36.069+0800: 0.949: [ParNew: 5237K->8K(6144K), 0.0010108 secs] 13269K->9064K(19840K), 0.0010999 secs] [Times: user=0.00 sys=0.00, real=0.00 secs] 
Heap after GC invocations=110 (full 15):
 par new generation   total 6144K, used 8K [0x00000000fec00000, 0x00000000ff2a0000, 0x00000000ff2a0000)
  eden space 5504K,   0% used [0x00000000fec00000, 0x00000000fec00000, 0x00000000ff160000)
  from space 640K,   1% used [0x00000000ff200000, 0x00000000ff202040, 0x00000000ff2a0000)
  to   space 640K,   0% used [0x00000000ff160000, 0x00000000ff160000, 0x00000000ff200000)
 concurrent mark-sweep generation total 13696K, used 9055K [0x00000000ff2a0000, 0x0000000100000000, 0x0000000100000000)
 Metaspace       used 4538K, capacity 4794K, committed 4992K, reserved 1056768K
  class space    used 495K, capacity 533K, committed 640K, reserved 1048576K
}
{Heap before GC invocations=110 (full 15):
 par new generation   total 6144K, used 5237K [0x00000000fec00000, 0x00000000ff2a0000, 0x00000000ff2a0000)
  eden space 5504K,  95% used [0x00000000fec00000, 0x00000000ff11b780, 0x00000000ff160000)
  from space 640K,   1% used [0x00000000ff200000, 0x00000000ff202040, 0x00000000ff2a0000)
  to   space 640K,   0% used [0x00000000ff160000, 0x00000000ff160000, 0x00000000ff200000)
 concurrent mark-sweep generation total 13696K, used 9055K [0x00000000ff2a0000, 0x0000000100000000, 0x0000000100000000)
 Metaspace       used 4538K, capacity 4794K, committed 4992K, reserved 1056768K
  class space    used 495K, capacity 533K, committed 640K, reserved 1048576K
2024-07-16T11:01:36.078+0800: 0.958: [GC (Allocation Failure) 2024-07-16T11:01:36.078+0800: 0.958: [ParNew: 5237K->9K(6144K), 0.0008747 secs] 14293K->10089K(19840K), 0.0009665 secs] [Times: user=0.00 sys=0.00, real=0.00 secs] 
Heap after GC invocations=111 (full 15):
 par new generation   total 6144K, used 9K [0x00000000fec00000, 0x00000000ff2a0000, 0x00000000ff2a0000)
  eden space 5504K,   0% used [0x00000000fec00000, 0x00000000fec00000, 0x00000000ff160000)
  from space 640K,   1% used [0x00000000ff160000, 0x00000000ff162520, 0x00000000ff200000)
  to   space 640K,   0% used [0x00000000ff200000, 0x00000000ff200000, 0x00000000ff2a0000)
 concurrent mark-sweep generation total 13696K, used 10079K [0x00000000ff2a0000, 0x0000000100000000, 0x0000000100000000)
 Metaspace       used 4538K, capacity 4794K, committed 4992K, reserved 1056768K
  class space    used 495K, capacity 533K, committed 640K, reserved 1048576K
}
{Heap before GC invocations=111 (full 15):
 par new generation   total 6144K, used 5239K [0x00000000fec00000, 0x00000000ff2a0000, 0x00000000ff2a0000)
  eden space 5504K,  95% used [0x00000000fec00000, 0x00000000ff11b780, 0x00000000ff160000)
  from space 640K,   1% used [0x00000000ff160000, 0x00000000ff162520, 0x00000000ff200000)
  to   space 640K,   0% used [0x00000000ff200000, 0x00000000ff200000, 0x00000000ff2a0000)
 concurrent mark-sweep generation total 13696K, used 10079K [0x00000000ff2a0000, 0x0000000100000000, 0x0000000100000000)
 Metaspace       used 4538K, capacity 4794K, committed 4992K, reserved 1056768K
  class space    used 495K, capacity 533K, committed 640K, reserved 1048576K
2024-07-16T11:01:36.086+0800: 0.966: [GC (Allocation Failure) 2024-07-16T11:01:36.086+0800: 0.966: [ParNew: 5239K->7K(6144K), 0.0009739 secs] 15319K->10087K(19840K), 0.0010364 secs] [Times: user=0.00 sys=0.00, real=0.00 secs] 
Heap after GC invocations=112 (full 15):
 par new generation   total 6144K, used 7K [0x00000000fec00000, 0x00000000ff2a0000, 0x00000000ff2a0000)
  eden space 5504K,   0% used [0x00000000fec00000, 0x00000000fec00000, 0x00000000ff160000)
  from space 640K,   1% used [0x00000000ff200000, 0x00000000ff201d10, 0x00000000ff2a0000)
  to   space 640K,   0% used [0x00000000ff160000, 0x00000000ff160000, 0x00000000ff200000)
 concurrent mark-sweep generation total 13696K, used 10079K [0x00000000ff2a0000, 0x0000000100000000, 0x0000000100000000)
 Metaspace       used 4538K, capacity 4794K, committed 4992K, reserved 1056768K
  class space    used 495K, capacity 533K, committed 640K, reserved 1048576K
}
{Heap before GC invocations=112 (full 15):
 par new generation   total 6144K, used 5237K [0x00000000fec00000, 0x00000000ff2a0000, 0x00000000ff2a0000)
  eden space 5504K,  95% used [0x00000000fec00000, 0x00000000ff11b798, 0x00000000ff160000)
  from space 640K,   1% used [0x00000000ff200000, 0x00000000ff201d10, 0x00000000ff2a0000)
  to   space 640K,   0% used [0x00000000ff160000, 0x00000000ff160000, 0x00000000ff200000)
 concurrent mark-sweep generation total 13696K, used 10079K [0x00000000ff2a0000, 0x0000000100000000, 0x0000000100000000)
 Metaspace       used 4538K, capacity 4794K, committed 4992K, reserved 1056768K
  class space    used 495K, capacity 533K, committed 640K, reserved 1048576K
2024-07-16T11:01:36.094+0800: 0.974: [GC (Allocation Failure) 2024-07-16T11:01:36.094+0800: 0.974: [ParNew: 5237K->11K(6144K), 0.0013485 secs] 15317K->11115K(19840K), 0.0014458 secs] [Times: user=0.00 sys=0.00, real=0.00 secs] 
Heap after GC invocations=113 (full 15):
 par new generation   total 6144K, used 11K [0x00000000fec00000, 0x00000000ff2a0000, 0x00000000ff2a0000)
  eden space 5504K,   0% used [0x00000000fec00000, 0x00000000fec00000, 0x00000000ff160000)
  from space 640K,   1% used [0x00000000ff160000, 0x00000000ff162d30, 0x00000000ff200000)
  to   space 640K,   0% used [0x00000000ff200000, 0x00000000ff200000, 0x00000000ff2a0000)
 concurrent mark-sweep generation total 13696K, used 11103K [0x00000000ff2a0000, 0x0000000100000000, 0x0000000100000000)
 Metaspace       used 4538K, capacity 4794K, committed 4992K, reserved 1056768K
  class space    used 495K, capacity 533K, committed 640K, reserved 1048576K
}
2024-07-16T11:01:36.095+0800: 0.976: [GC (CMS Initial Mark) [1 CMS-initial-mark: 11103K(13696K)] 12141K(19840K), 0.0003021 secs] [Times: user=0.02 sys=0.00, real=0.00 secs] 
2024-07-16T11:01:36.096+0800: 0.976: [CMS-concurrent-mark-start]
2024-07-16T11:01:36.099+0800: 0.980: [CMS-concurrent-mark: 0.004/0.004 secs] [Times: user=0.00 sys=0.00, real=0.00 secs] 
2024-07-16T11:01:36.099+0800: 0.980: [CMS-concurrent-preclean-start]
2024-07-16T11:01:36.100+0800: 0.980: [CMS-concurrent-preclean: 0.000/0.000 secs] [Times: user=0.00 sys=0.00, real=0.00 secs] 
2024-07-16T11:01:36.100+0800: 0.980: [CMS-concurrent-abortable-preclean-start]
{Heap before GC invocations=113 (full 16):
 par new generation   total 6144K, used 5241K [0x00000000fec00000, 0x00000000ff2a0000, 0x00000000ff2a0000)
  eden space 5504K,  95% used [0x00000000fec00000, 0x00000000ff11b788, 0x00000000ff160000)
  from space 640K,   1% used [0x00000000ff160000, 0x00000000ff162d30, 0x00000000ff200000)
  to   space 640K,   0% used [0x00000000ff200000, 0x00000000ff200000, 0x00000000ff2a0000)
 concurrent mark-sweep generation total 13696K, used 11103K [0x00000000ff2a0000, 0x0000000100000000, 0x0000000100000000)
 Metaspace       used 4538K, capacity 4794K, committed 4992K, reserved 1056768K
  class space    used 495K, capacity 533K, committed 640K, reserved 1048576K
2024-07-16T11:01:36.105+0800: 0.985: [GC (Allocation Failure) 2024-07-16T11:01:36.105+0800: 0.985: [ParNew: 5241K->7K(6144K), 0.0008813 secs] 16345K->11111K(19840K), 0.0009635 secs] [Times: user=0.00 sys=0.00, real=0.00 secs] 
Heap after GC invocations=114 (full 16):
 par new generation   total 6144K, used 7K [0x00000000fec00000, 0x00000000ff2a0000, 0x00000000ff2a0000)
  eden space 5504K,   0% used [0x00000000fec00000, 0x00000000fec00000, 0x00000000ff160000)
  from space 640K,   1% used [0x00000000ff200000, 0x00000000ff201d10, 0x00000000ff2a0000)
  to   space 640K,   0% used [0x00000000ff160000, 0x00000000ff160000, 0x00000000ff200000)
 concurrent mark-sweep generation total 13696K, used 11103K [0x00000000ff2a0000, 0x0000000100000000, 0x0000000100000000)
 Metaspace       used 4538K, capacity 4794K, committed 4992K, reserved 1056768K
  class space    used 495K, capacity 533K, committed 640K, reserved 1048576K
}
{Heap before GC invocations=114 (full 16):
 par new generation   total 6144K, used 5237K [0x00000000fec00000, 0x00000000ff2a0000, 0x00000000ff2a0000)
  eden space 5504K,  95% used [0x00000000fec00000, 0x00000000ff11b788, 0x00000000ff160000)
  from space 640K,   1% used [0x00000000ff200000, 0x00000000ff201d10, 0x00000000ff2a0000)
  to   space 640K,   0% used [0x00000000ff160000, 0x00000000ff160000, 0x00000000ff200000)
 concurrent mark-sweep generation total 13696K, used 11103K [0x00000000ff2a0000, 0x0000000100000000, 0x0000000100000000)
 Metaspace       used 4538K, capacity 4794K, committed 4992K, reserved 1056768K
  class space    used 495K, capacity 533K, committed 640K, reserved 1048576K
2024-07-16T11:01:36.114+0800: 0.994: [GC (Allocation Failure) 2024-07-16T11:01:36.114+0800: 0.994: [ParNew: 5237K->7K(6144K), 0.0009513 secs] 16341K->11111K(19840K), 0.0010591 secs] [Times: user=0.00 sys=0.00, real=0.00 secs] 
Heap after GC invocations=115 (full 16):
 par new generation   total 6144K, used 7K [0x00000000fec00000, 0x00000000ff2a0000, 0x00000000ff2a0000)
  eden space 5504K,   0% used [0x00000000fec00000, 0x00000000fec00000, 0x00000000ff160000)
  from space 640K,   1% used [0x00000000ff160000, 0x00000000ff161d10, 0x00000000ff200000)
  to   space 640K,   0% used [0x00000000ff200000, 0x00000000ff200000, 0x00000000ff2a0000)
 concurrent mark-sweep generation total 13696K, used 11103K [0x00000000ff2a0000, 0x0000000100000000, 0x0000000100000000)
 Metaspace       used 4538K, capacity 4794K, committed 4992K, reserved 1056768K
  class space    used 495K, capacity 533K, committed 640K, reserved 1048576K
}
{Heap before GC invocations=115 (full 16):
 par new generation   total 6144K, used 5237K [0x00000000fec00000, 0x00000000ff2a0000, 0x00000000ff2a0000)
  eden space 5504K,  95% used [0x00000000fec00000, 0x00000000ff11b780, 0x00000000ff160000)
  from space 640K,   1% used [0x00000000ff160000, 0x00000000ff161d10, 0x00000000ff200000)
  to   space 640K,   0% used [0x00000000ff200000, 0x00000000ff200000, 0x00000000ff2a0000)
 concurrent mark-sweep generation total 13696K, used 11103K [0x00000000ff2a0000, 0x0000000100000000, 0x0000000100000000)
 Metaspace       used 4538K, capacity 4794K, committed 4992K, reserved 1056768K
  class space    used 495K, capacity 533K, committed 640K, reserved 1048576K
2024-07-16T11:01:36.123+0800: 1.003: [GC (Allocation Failure) 2024-07-16T11:01:36.123+0800: 1.003: [ParNew: 5237K->7K(6144K), 0.0011335 secs] 16341K->11111K(19840K), 0.0012347 secs] [Times: user=0.00 sys=0.00, real=0.00 secs] 
Heap after GC invocations=116 (full 16):
 par new generation   total 6144K, used 7K [0x00000000fec00000, 0x00000000ff2a0000, 0x00000000ff2a0000)
  eden space 5504K,   0% used [0x00000000fec00000, 0x00000000fec00000, 0x00000000ff160000)
  from space 640K,   1% used [0x00000000ff200000, 0x00000000ff201d10, 0x00000000ff2a0000)
  to   space 640K,   0% used [0x00000000ff160000, 0x00000000ff160000, 0x00000000ff200000)
 concurrent mark-sweep generation total 13696K, used 11103K [0x00000000ff2a0000, 0x0000000100000000, 0x0000000100000000)
 Metaspace       used 4538K, capacity 4794K, committed 4992K, reserved 1056768K
  class space    used 495K, capacity 533K, committed 640K, reserved 1048576K
}
{Heap before GC invocations=116 (full 16):
 par new generation   total 6144K, used 5237K [0x00000000fec00000, 0x00000000ff2a0000, 0x00000000ff2a0000)
  eden space 5504K,  95% used [0x00000000fec00000, 0x00000000ff11b780, 0x00000000ff160000)
  from space 640K,   1% used [0x00000000ff200000, 0x00000000ff201d10, 0x00000000ff2a0000)
  to   space 640K,   0% used [0x00000000ff160000, 0x00000000ff160000, 0x00000000ff200000)
 concurrent mark-sweep generation total 13696K, used 11103K [0x00000000ff2a0000, 0x0000000100000000, 0x0000000100000000)
 Metaspace       used 4538K, capacity 4794K, committed 4992K, reserved 1056768K
  class space    used 495K, capacity 533K, committed 640K, reserved 1048576K
2024-07-16T11:01:36.133+0800: 1.013: [GC (Allocation Failure) 2024-07-16T11:01:36.133+0800: 1.013: [ParNew: 5237K->4K(6144K), 0.0009095 secs] 16341K->11113K(19840K), 0.0009775 secs] [Times: user=0.00 sys=0.00, real=0.00 secs] 
Heap after GC invocations=117 (full 16):
 par new generation   total 6144K, used 4K [0x00000000fec00000, 0x00000000ff2a0000, 0x00000000ff2a0000)
  eden space 5504K,   0% used [0x00000000fec00000, 0x00000000fec00000, 0x00000000ff160000)
  from space 640K,   0% used [0x00000000ff160000, 0x00000000ff161020, 0x00000000ff200000)
  to   space 640K,   0% used [0x00000000ff200000, 0x00000000ff200000, 0x00000000ff2a0000)
 concurrent mark-sweep generation total 13696K, used 11109K [0x00000000ff2a0000, 0x0000000100000000, 0x0000000100000000)
 Metaspace       used 4538K, capacity 4794K, committed 4992K, reserved 1056768K
  class space    used 495K, capacity 533K, committed 640K, reserved 1048576K
}
{Heap before GC invocations=117 (full 16):
 par new generation   total 6144K, used 5233K [0x00000000fec00000, 0x00000000ff2a0000, 0x00000000ff2a0000)
  eden space 5504K,  95% used [0x00000000fec00000, 0x00000000ff11b780, 0x00000000ff160000)
  from space 640K,   0% used [0x00000000ff160000, 0x00000000ff161020, 0x00000000ff200000)
  to   space 640K,   0% used [0x00000000ff200000, 0x00000000ff200000, 0x00000000ff2a0000)
 concurrent mark-sweep generation total 13696K, used 11109K [0x00000000ff2a0000, 0x0000000100000000, 0x0000000100000000)
 Metaspace       used 4538K, capacity 4794K, committed 4992K, reserved 1056768K
  class space    used 495K, capacity 533K, committed 640K, reserved 1048576K
2024-07-16T11:01:36.141+0800: 1.021: [GC (Allocation Failure) 2024-07-16T11:01:36.141+0800: 1.021: [ParNew: 5233K->8K(6144K), 0.0011875 secs] 16343K->12141K(19840K), 0.0012804 secs] [Times: user=0.00 sys=0.00, real=0.00 secs] 
Heap after GC invocations=118 (full 16):
 par new generation   total 6144K, used 8K [0x00000000fec00000, 0x00000000ff2a0000, 0x00000000ff2a0000)
  eden space 5504K,   0% used [0x00000000fec00000, 0x00000000fec00000, 0x00000000ff160000)
  from space 640K,   1% used [0x00000000ff200000, 0x00000000ff202040, 0x00000000ff2a0000)
  to   space 640K,   0% used [0x00000000ff160000, 0x00000000ff160000, 0x00000000ff200000)
 concurrent mark-sweep generation total 13696K, used 12133K [0x00000000ff2a0000, 0x0000000100000000, 0x0000000100000000)
 Metaspace       used 4538K, capacity 4794K, committed 4992K, reserved 1056768K
  class space    used 495K, capacity 533K, committed 640K, reserved 1048576K
}
{Heap before GC invocations=118 (full 16):
 par new generation   total 6144K, used 5237K [0x00000000fec00000, 0x00000000ff2a0000, 0x00000000ff2a0000)
  eden space 5504K,  95% used [0x00000000fec00000, 0x00000000ff11b780, 0x00000000ff160000)
  from space 640K,   1% used [0x00000000ff200000, 0x00000000ff202040, 0x00000000ff2a0000)
  to   space 640K,   0% used [0x00000000ff160000, 0x00000000ff160000, 0x00000000ff200000)
 concurrent mark-sweep generation total 13696K, used 12133K [0x00000000ff2a0000, 0x0000000100000000, 0x0000000100000000)
 Metaspace       used 4538K, capacity 4794K, committed 4992K, reserved 1056768K
  class space    used 495K, capacity 533K, committed 640K, reserved 1048576K
2024-07-16T11:01:36.150+0800: 1.030: [GC (Allocation Failure) 2024-07-16T11:01:36.150+0800: 1.030: [ParNew: 5237K->4K(6144K), 0.0011838 secs] 17371K->12137K(19840K), 0.0013054 secs] [Times: user=0.00 sys=0.00, real=0.00 secs] 
Heap after GC invocations=119 (full 16):
 par new generation   total 6144K, used 4K [0x00000000fec00000, 0x00000000ff2a0000, 0x00000000ff2a0000)
  eden space 5504K,   0% used [0x00000000fec00000, 0x00000000fec00000, 0x00000000ff160000)
  from space 640K,   0% used [0x00000000ff160000, 0x00000000ff161020, 0x00000000ff200000)
  to   space 640K,   0% used [0x00000000ff200000, 0x00000000ff200000, 0x00000000ff2a0000)
 concurrent mark-sweep generation total 13696K, used 12133K [0x00000000ff2a0000, 0x0000000100000000, 0x0000000100000000)
 Metaspace       used 4538K, capacity 4794K, committed 4992K, reserved 1056768K
  class space    used 495K, capacity 533K, committed 640K, reserved 1048576K
}
{Heap before GC invocations=119 (full 16):
 par new generation   total 6144K, used 5233K [0x00000000fec00000, 0x00000000ff2a0000, 0x00000000ff2a0000)
  eden space 5504K,  95% used [0x00000000fec00000, 0x00000000ff11b780, 0x00000000ff160000)
  from space 640K,   0% used [0x00000000ff160000, 0x00000000ff161020, 0x00000000ff200000)
  to   space 640K,   0% used [0x00000000ff200000, 0x00000000ff200000, 0x00000000ff2a0000)
 concurrent mark-sweep generation total 13696K, used 12133K [0x00000000ff2a0000, 0x0000000100000000, 0x0000000100000000)
 Metaspace       used 4538K, capacity 4794K, committed 4992K, reserved 1056768K
  class space    used 495K, capacity 533K, committed 640K, reserved 1048576K
2024-07-16T11:01:36.159+0800: 1.039: [GC (Allocation Failure) 2024-07-16T11:01:36.159+0800: 1.039: [ParNew: 5233K->4K(6144K), 0.0011641 secs] 17367K->12137K(19840K), 0.0012891 secs] [Times: user=0.00 sys=0.00, real=0.00 secs] 
Heap after GC invocations=120 (full 16):
 par new generation   total 6144K, used 4K [0x00000000fec00000, 0x00000000ff2a0000, 0x00000000ff2a0000)
  eden space 5504K,   0% used [0x00000000fec00000, 0x00000000fec00000, 0x00000000ff160000)
  from space 640K,   0% used [0x00000000ff200000, 0x00000000ff201020, 0x00000000ff2a0000)
  to   space 640K,   0% used [0x00000000ff160000, 0x00000000ff160000, 0x00000000ff200000)
 concurrent mark-sweep generation total 13696K, used 12133K [0x00000000ff2a0000, 0x0000000100000000, 0x0000000100000000)
 Metaspace       used 4538K, capacity 4794K, committed 4992K, reserved 1056768K
  class space    used 495K, capacity 533K, committed 640K, reserved 1048576K
}
{Heap before GC invocations=120 (full 16):
 par new generation   total 6144K, used 5233K [0x00000000fec00000, 0x00000000ff2a0000, 0x00000000ff2a0000)
  eden space 5504K,  95% used [0x00000000fec00000, 0x00000000ff11b780, 0x00000000ff160000)
  from space 640K,   0% used [0x00000000ff200000, 0x00000000ff201020, 0x00000000ff2a0000)
  to   space 640K,   0% used [0x00000000ff160000, 0x00000000ff160000, 0x00000000ff200000)
 concurrent mark-sweep generation total 13696K, used 12133K [0x00000000ff2a0000, 0x0000000100000000, 0x0000000100000000)
 Metaspace       used 4538K, capacity 4794K, committed 4992K, reserved 1056768K
  class space    used 495K, capacity 533K, committed 640K, reserved 1048576K
2024-07-16T11:01:36.166+0800: 1.046: [GC (Allocation Failure) 2024-07-16T11:01:36.166+0800: 1.046: [ParNew: 5233K->8K(6144K), 0.0011351 secs] 17367K->13165K(19840K), 0.0012258 secs] [Times: user=0.00 sys=0.00, real=0.00 secs] 
Heap after GC invocations=121 (full 16):
 par new generation   total 6144K, used 8K [0x00000000fec00000, 0x00000000ff2a0000, 0x00000000ff2a0000)
  eden space 5504K,   0% used [0x00000000fec00000, 0x00000000fec00000, 0x00000000ff160000)
  from space 640K,   1% used [0x00000000ff160000, 0x00000000ff162040, 0x00000000ff200000)
  to   space 640K,   0% used [0x00000000ff200000, 0x00000000ff200000, 0x00000000ff2a0000)
 concurrent mark-sweep generation total 13696K, used 13157K [0x00000000ff2a0000, 0x0000000100000000, 0x0000000100000000)
 Metaspace       used 4538K, capacity 4794K, committed 4992K, reserved 1056768K
  class space    used 495K, capacity 533K, committed 640K, reserved 1048576K
}
2024-07-16T11:01:36.167+0800: 1.047: [CMS-concurrent-abortable-preclean: 0.001/0.067 secs] [Times: user=0.00 sys=0.00, real=0.07 secs] 
2024-07-16T11:01:36.167+0800: 1.048: [GC (CMS Final Remark) [YG occupancy: 1141 K (6144 K)]2024-07-16T11:01:36.167+0800: 1.048: [Rescan (parallel) , 0.0004968 secs]2024-07-16T11:01:36.168+0800: 1.048: [weak refs processing, 0.0000246 secs]2024-07-16T11:01:36.168+0800: 1.048: [class unloading, 0.0005554 secs]2024-07-16T11:01:36.168+0800: 1.049: [scrub symbol table, 0.0005746 secs]2024-07-16T11:01:36.169+0800: 1.050: [scrub string table, 0.0001439 secs][1 CMS-remark: 13157K(13696K)] 14299K(19840K), 0.0019333 secs] [Times: user=0.00 sys=0.00, real=0.00 secs] 
2024-07-16T11:01:36.169+0800: 1.050: [CMS-concurrent-sweep-start]
2024-07-16T11:01:36.170+0800: 1.050: [CMS-concurrent-sweep: 0.000/0.000 secs] [Times: user=0.00 sys=0.00, real=0.00 secs] 
2024-07-16T11:01:36.170+0800: 1.050: [CMS-concurrent-reset-start]
2024-07-16T11:01:36.170+0800: 1.050: [CMS-concurrent-reset: 0.000/0.000 secs] [Times: user=0.00 sys=0.00, real=0.00 secs] 
{Heap before GC invocations=121 (full 16):
 par new generation   total 6144K, used 5237K [0x00000000fec00000, 0x00000000ff2a0000, 0x00000000ff2a0000)
  eden space 5504K,  95% used [0x00000000fec00000, 0x00000000ff11b780, 0x00000000ff160000)
  from space 640K,   1% used [0x00000000ff160000, 0x00000000ff162040, 0x00000000ff200000)
  to   space 640K,   0% used [0x00000000ff200000, 0x00000000ff200000, 0x00000000ff2a0000)
 concurrent mark-sweep generation total 13696K, used 2914K [0x00000000ff2a0000, 0x0000000100000000, 0x0000000100000000)
 Metaspace       used 4538K, capacity 4794K, committed 4992K, reserved 1056768K
  class space    used 495K, capacity 533K, committed 640K, reserved 1048576K
2024-07-16T11:01:36.174+0800: 1.054: [GC (Allocation Failure) 2024-07-16T11:01:36.174+0800: 1.054: [ParNew: 5237K->8K(6144K), 0.0011025 secs] 8152K->3947K(19840K), 0.0011954 secs] [Times: user=0.00 sys=0.00, real=0.00 secs] 
Heap after GC invocations=122 (full 16):
 par new generation   total 6144K, used 8K [0x00000000fec00000, 0x00000000ff2a0000, 0x00000000ff2a0000)
  eden space 5504K,   0% used [0x00000000fec00000, 0x00000000fec00000, 0x00000000ff160000)
  from space 640K,   1% used [0x00000000ff200000, 0x00000000ff202040, 0x00000000ff2a0000)
  to   space 640K,   0% used [0x00000000ff160000, 0x00000000ff160000, 0x00000000ff200000)
 concurrent mark-sweep generation total 13696K, used 3939K [0x00000000ff2a0000, 0x0000000100000000, 0x0000000100000000)
 Metaspace       used 4538K, capacity 4794K, committed 4992K, reserved 1056768K
  class space    used 495K, capacity 533K, committed 640K, reserved 1048576K
}
{Heap before GC invocations=122 (full 16):
 par new generation   total 6144K, used 5237K [0x00000000fec00000, 0x00000000ff2a0000, 0x00000000ff2a0000)
  eden space 5504K,  95% used [0x00000000fec00000, 0x00000000ff11b780, 0x00000000ff160000)
  from space 640K,   1% used [0x00000000ff200000, 0x00000000ff202040, 0x00000000ff2a0000)
  to   space 640K,   0% used [0x00000000ff160000, 0x00000000ff160000, 0x00000000ff200000)
 concurrent mark-sweep generation total 13696K, used 3939K [0x00000000ff2a0000, 0x0000000100000000, 0x0000000100000000)
 Metaspace       used 4538K, capacity 4794K, committed 4992K, reserved 1056768K
  class space    used 495K, capacity 533K, committed 640K, reserved 1048576K
2024-07-16T11:01:36.183+0800: 1.063: [GC (Allocation Failure) 2024-07-16T11:01:36.183+0800: 1.063: [ParNew: 5237K->4K(6144K), 0.0010151 secs] 9176K->3943K(19840K), 0.0011215 secs] [Times: user=0.00 sys=0.00, real=0.00 secs] 
Heap after GC invocations=123 (full 16):
 par new generation   total 6144K, used 4K [0x00000000fec00000, 0x00000000ff2a0000, 0x00000000ff2a0000)
  eden space 5504K,   0% used [0x00000000fec00000, 0x00000000fec00000, 0x00000000ff160000)
  from space 640K,   0% used [0x00000000ff160000, 0x00000000ff161020, 0x00000000ff200000)
  to   space 640K,   0% used [0x00000000ff200000, 0x00000000ff200000, 0x00000000ff2a0000)
 concurrent mark-sweep generation total 13696K, used 3939K [0x00000000ff2a0000, 0x0000000100000000, 0x0000000100000000)
 Metaspace       used 4538K, capacity 4794K, committed 4992K, reserved 1056768K
  class space    used 495K, capacity 533K, committed 640K, reserved 1048576K
}
{Heap before GC invocations=123 (full 16):
 par new generation   total 6144K, used 5233K [0x00000000fec00000, 0x00000000ff2a0000, 0x00000000ff2a0000)
  eden space 5504K,  95% used [0x00000000fec00000, 0x00000000ff11b780, 0x00000000ff160000)
  from space 640K,   0% used [0x00000000ff160000, 0x00000000ff161020, 0x00000000ff200000)
  to   space 640K,   0% used [0x00000000ff200000, 0x00000000ff200000, 0x00000000ff2a0000)
 concurrent mark-sweep generation total 13696K, used 3939K [0x00000000ff2a0000, 0x0000000100000000, 0x0000000100000000)
 Metaspace       used 4538K, capacity 4794K, committed 4992K, reserved 1056768K
  class space    used 495K, capacity 533K, committed 640K, reserved 1048576K
2024-07-16T11:01:36.192+0800: 1.072: [GC (Allocation Failure) 2024-07-16T11:01:36.192+0800: 1.072: [ParNew: 5233K->8K(6144K), 0.0005876 secs] 9172K->4971K(19840K), 0.0006581 secs] [Times: user=0.00 sys=0.00, real=0.00 secs] 
Heap after GC invocations=124 (full 16):
 par new generation   total 6144K, used 8K [0x00000000fec00000, 0x00000000ff2a0000, 0x00000000ff2a0000)
  eden space 5504K,   0% used [0x00000000fec00000, 0x00000000fec00000, 0x00000000ff160000)
  from space 640K,   1% used [0x00000000ff200000, 0x00000000ff202040, 0x00000000ff2a0000)
  to   space 640K,   0% used [0x00000000ff160000, 0x00000000ff160000, 0x00000000ff200000)
 concurrent mark-sweep generation total 13696K, used 4963K [0x00000000ff2a0000, 0x0000000100000000, 0x0000000100000000)
 Metaspace       used 4538K, capacity 4794K, committed 4992K, reserved 1056768K
  class space    used 495K, capacity 533K, committed 640K, reserved 1048576K
}
{Heap before GC invocations=124 (full 16):
 par new generation   total 6144K, used 5237K [0x00000000fec00000, 0x00000000ff2a0000, 0x00000000ff2a0000)
  eden space 5504K,  95% used [0x00000000fec00000, 0x00000000ff11b780, 0x00000000ff160000)
  from space 640K,   1% used [0x00000000ff200000, 0x00000000ff202040, 0x00000000ff2a0000)
  to   space 640K,   0% used [0x00000000ff160000, 0x00000000ff160000, 0x00000000ff200000)
 concurrent mark-sweep generation total 13696K, used 4963K [0x00000000ff2a0000, 0x0000000100000000, 0x0000000100000000)
 Metaspace       used 4538K, capacity 4794K, committed 4992K, reserved 1056768K
  class space    used 495K, capacity 533K, committed 640K, reserved 1048576K
2024-07-16T11:01:36.202+0800: 1.082: [GC (Allocation Failure) 2024-07-16T11:01:36.202+0800: 1.082: [ParNew: 5237K->4K(6144K), 0.0003036 secs] 10200K->4967K(19840K), 0.0003498 secs] [Times: user=0.00 sys=0.00, real=0.00 secs] 
Heap after GC invocations=125 (full 16):
 par new generation   total 6144K, used 4K [0x00000000fec00000, 0x00000000ff2a0000, 0x00000000ff2a0000)
  eden space 5504K,   0% used [0x00000000fec00000, 0x00000000fec00000, 0x00000000ff160000)
  from space 640K,   0% used [0x00000000ff160000, 0x00000000ff161020, 0x00000000ff200000)
  to   space 640K,   0% used [0x00000000ff200000, 0x00000000ff200000, 0x00000000ff2a0000)
 concurrent mark-sweep generation total 13696K, used 4963K [0x00000000ff2a0000, 0x0000000100000000, 0x0000000100000000)
 Metaspace       used 4538K, capacity 4794K, committed 4992K, reserved 1056768K
  class space    used 495K, capacity 533K, committed 640K, reserved 1048576K
}
{Heap before GC invocations=125 (full 16):
 par new generation   total 6144K, used 5233K [0x00000000fec00000, 0x00000000ff2a0000, 0x00000000ff2a0000)
  eden space 5504K,  95% used [0x00000000fec00000, 0x00000000ff11b780, 0x00000000ff160000)
  from space 640K,   0% used [0x00000000ff160000, 0x00000000ff161020, 0x00000000ff200000)
  to   space 640K,   0% used [0x00000000ff200000, 0x00000000ff200000, 0x00000000ff2a0000)
 concurrent mark-sweep generation total 13696K, used 4963K [0x00000000ff2a0000, 0x0000000100000000, 0x0000000100000000)
 Metaspace       used 4538K, capacity 4794K, committed 4992K, reserved 1056768K
  class space    used 495K, capacity 533K, committed 640K, reserved 1048576K
2024-07-16T11:01:36.211+0800: 1.091: [GC (Allocation Failure) 2024-07-16T11:01:36.211+0800: 1.091: [ParNew: 5233K->8K(6144K), 0.0003831 secs] 10196K->5995K(19840K), 0.0004230 secs] [Times: user=0.00 sys=0.00, real=0.00 secs] 
Heap after GC invocations=126 (full 16):
 par new generation   total 6144K, used 8K [0x00000000fec00000, 0x00000000ff2a0000, 0x00000000ff2a0000)
  eden space 5504K,   0% used [0x00000000fec00000, 0x00000000fec00000, 0x00000000ff160000)
  from space 640K,   1% used [0x00000000ff200000, 0x00000000ff202040, 0x00000000ff2a0000)
  to   space 640K,   0% used [0x00000000ff160000, 0x00000000ff160000, 0x00000000ff200000)
 concurrent mark-sweep generation total 13696K, used 5987K [0x00000000ff2a0000, 0x0000000100000000, 0x0000000100000000)
 Metaspace       used 4538K, capacity 4794K, committed 4992K, reserved 1056768K
  class space    used 495K, capacity 533K, committed 640K, reserved 1048576K
}
{Heap before GC invocations=126 (full 16):
 par new generation   total 6144K, used 5237K [0x00000000fec00000, 0x00000000ff2a0000, 0x00000000ff2a0000)
  eden space 5504K,  95% used [0x00000000fec00000, 0x00000000ff11b780, 0x00000000ff160000)
  from space 640K,   1% used [0x00000000ff200000, 0x00000000ff202040, 0x00000000ff2a0000)
  to   space 640K,   0% used [0x00000000ff160000, 0x00000000ff160000, 0x00000000ff200000)
 concurrent mark-sweep generation total 13696K, used 5987K [0x00000000ff2a0000, 0x0000000100000000, 0x0000000100000000)
 Metaspace       used 4538K, capacity 4794K, committed 4992K, reserved 1056768K
  class space    used 495K, capacity 533K, committed 640K, reserved 1048576K
2024-07-16T11:01:36.218+0800: 1.098: [GC (Allocation Failure) 2024-07-16T11:01:36.218+0800: 1.098: [ParNew: 5237K->10K(6144K), 0.0004526 secs] 11224K->8045K(19840K), 0.0004924 secs] [Times: user=0.00 sys=0.00, real=0.00 secs] 
Heap after GC invocations=127 (full 16):
 par new generation   total 6144K, used 10K [0x00000000fec00000, 0x00000000ff2a0000, 0x00000000ff2a0000)
  eden space 5504K,   0% used [0x00000000fec00000, 0x00000000fec00000, 0x00000000ff160000)
  from space 640K,   1% used [0x00000000ff160000, 0x00000000ff162850, 0x00000000ff200000)
  to   space 640K,   0% used [0x00000000ff200000, 0x00000000ff200000, 0x00000000ff2a0000)
 concurrent mark-sweep generation total 13696K, used 8035K [0x00000000ff2a0000, 0x0000000100000000, 0x0000000100000000)
 Metaspace       used 4538K, capacity 4794K, committed 4992K, reserved 1056768K
  class space    used 495K, capacity 533K, committed 640K, reserved 1048576K
}
2024-07-16T11:01:36.218+0800: 1.099: [GC (CMS Initial Mark) [1 CMS-initial-mark: 8035K(13696K)] 9071K(19840K), 0.0001142 secs] [Times: user=0.00 sys=0.00, real=0.00 secs] 
2024-07-16T11:01:36.218+0800: 1.099: [CMS-concurrent-mark-start]
2024-07-16T11:01:36.219+0800: 1.100: [CMS-concurrent-mark: 0.001/0.001 secs] [Times: user=0.00 sys=0.00, real=0.00 secs] 
2024-07-16T11:01:36.219+0800: 1.100: [CMS-concurrent-preclean-start]
2024-07-16T11:01:36.219+0800: 1.100: [CMS-concurrent-preclean: 0.000/0.000 secs] [Times: user=0.00 sys=0.00, real=0.00 secs] 
2024-07-16T11:01:36.219+0800: 1.100: [CMS-concurrent-abortable-preclean-start]
{Heap before GC invocations=127 (full 17):
 par new generation   total 6144K, used 5239K [0x00000000fec00000, 0x00000000ff2a0000, 0x00000000ff2a0000)
  eden space 5504K,  95% used [0x00000000fec00000, 0x00000000ff11b780, 0x00000000ff160000)
  from space 640K,   1% used [0x00000000ff160000, 0x00000000ff162850, 0x00000000ff200000)
  to   space 640K,   0% used [0x00000000ff200000, 0x00000000ff200000, 0x00000000ff2a0000)
 concurrent mark-sweep generation total 13696K, used 8035K [0x00000000ff2a0000, 0x0000000100000000, 0x0000000100000000)
 Metaspace       used 4538K, capacity 4794K, committed 4992K, reserved 1056768K
  class space    used 495K, capacity 533K, committed 640K, reserved 1048576K
2024-07-16T11:01:36.223+0800: 1.103: [GC (Allocation Failure) 2024-07-16T11:01:36.223+0800: 1.103: [ParNew: 5239K->8K(6144K), 0.0003304 secs] 13275K->9067K(19840K), 0.0003612 secs] [Times: user=0.00 sys=0.00, real=0.00 secs] 
Heap after GC invocations=128 (full 17):
 par new generation   total 6144K, used 8K [0x00000000fec00000, 0x00000000ff2a0000, 0x00000000ff2a0000)
  eden space 5504K,   0% used [0x00000000fec00000, 0x00000000fec00000, 0x00000000ff160000)
  from space 640K,   1% used [0x00000000ff200000, 0x00000000ff202040, 0x00000000ff2a0000)
  to   space 640K,   0% used [0x00000000ff160000, 0x00000000ff160000, 0x00000000ff200000)
 concurrent mark-sweep generation total 13696K, used 9059K [0x00000000ff2a0000, 0x0000000100000000, 0x0000000100000000)
 Metaspace       used 4538K, capacity 4794K, committed 4992K, reserved 1056768K
  class space    used 495K, capacity 533K, committed 640K, reserved 1048576K
}
{Heap before GC invocations=128 (full 17):
 par new generation   total 6144K, used 5237K [0x00000000fec00000, 0x00000000ff2a0000, 0x00000000ff2a0000)
  eden space 5504K,  95% used [0x00000000fec00000, 0x00000000ff11b780, 0x00000000ff160000)
  from space 640K,   1% used [0x00000000ff200000, 0x00000000ff202040, 0x00000000ff2a0000)
  to   space 640K,   0% used [0x00000000ff160000, 0x00000000ff160000, 0x00000000ff200000)
 concurrent mark-sweep generation total 13696K, used 9059K [0x00000000ff2a0000, 0x0000000100000000, 0x0000000100000000)
 Metaspace       used 4544K, capacity 4794K, committed 4992K, reserved 1056768K
  class space    used 495K, capacity 533K, committed 640K, reserved 1048576K
2024-07-16T11:01:36.232+0800: 1.112: [GC (Allocation Failure) 2024-07-16T11:01:36.232+0800: 1.112: [ParNew: 5237K->4K(6144K), 0.0003367 secs] 14297K->9063K(19840K), 0.0003736 secs] [Times: user=0.00 sys=0.00, real=0.00 secs] 
Heap after GC invocations=129 (full 17):
 par new generation   total 6144K, used 4K [0x00000000fec00000, 0x00000000ff2a0000, 0x00000000ff2a0000)
  eden space 5504K,   0% used [0x00000000fec00000, 0x00000000fec00000, 0x00000000ff160000)
  from space 640K,   0% used [0x00000000ff160000, 0x00000000ff161020, 0x00000000ff200000)
  to   space 640K,   0% used [0x00000000ff200000, 0x00000000ff200000, 0x00000000ff2a0000)
 concurrent mark-sweep generation total 13696K, used 9059K [0x00000000ff2a0000, 0x0000000100000000, 0x0000000100000000)
 Metaspace       used 4544K, capacity 4794K, committed 4992K, reserved 1056768K
  class space    used 495K, capacity 533K, committed 640K, reserved 1048576K
}
{Heap before GC invocations=129 (full 17):
 par new generation   total 6144K, used 5233K [0x00000000fec00000, 0x00000000ff2a0000, 0x00000000ff2a0000)
  eden space 5504K,  95% used [0x00000000fec00000, 0x00000000ff11b780, 0x00000000ff160000)
  from space 640K,   0% used [0x00000000ff160000, 0x00000000ff161020, 0x00000000ff200000)
  to   space 640K,   0% used [0x00000000ff200000, 0x00000000ff200000, 0x00000000ff2a0000)
 concurrent mark-sweep generation total 13696K, used 9059K [0x00000000ff2a0000, 0x0000000100000000, 0x0000000100000000)
 Metaspace       used 4544K, capacity 4794K, committed 4992K, reserved 1056768K
  class space    used 495K, capacity 533K, committed 640K, reserved 1048576K
2024-07-16T11:01:36.238+0800: 1.118: [GC (Allocation Failure) 2024-07-16T11:01:36.238+0800: 1.118: [ParNew: 5233K->6K(6144K), 0.0003552 secs] 14292K->10089K(19840K), 0.0003938 secs] [Times: user=0.00 sys=0.00, real=0.00 secs] 
Heap after GC invocations=130 (full 17):
 par new generation   total 6144K, used 6K [0x00000000fec00000, 0x00000000ff2a0000, 0x00000000ff2a0000)
  eden space 5504K,   0% used [0x00000000fec00000, 0x00000000fec00000, 0x00000000ff160000)
  from space 640K,   0% used [0x00000000ff200000, 0x00000000ff201830, 0x00000000ff2a0000)
  to   space 640K,   0% used [0x00000000ff160000, 0x00000000ff160000, 0x00000000ff200000)
 concurrent mark-sweep generation total 13696K, used 10083K [0x00000000ff2a0000, 0x0000000100000000, 0x0000000100000000)
 Metaspace       used 4544K, capacity 4794K, committed 4992K, reserved 1056768K
  class space    used 495K, capacity 533K, committed 640K, reserved 1048576K
}
{Heap before GC invocations=130 (full 17):
 par new generation   total 6144K, used 5235K [0x00000000fec00000, 0x00000000ff2a0000, 0x00000000ff2a0000)
  eden space 5504K,  95% used [0x00000000fec00000, 0x00000000ff11b780, 0x00000000ff160000)
  from space 640K,   0% used [0x00000000ff200000, 0x00000000ff201830, 0x00000000ff2a0000)
  to   space 640K,   0% used [0x00000000ff160000, 0x00000000ff160000, 0x00000000ff200000)
 concurrent mark-sweep generation total 13696K, used 10083K [0x00000000ff2a0000, 0x0000000100000000, 0x0000000100000000)
 Metaspace       used 4544K, capacity 4794K, committed 4992K, reserved 1056768K
  class space    used 495K, capacity 533K, committed 640K, reserved 1048576K
2024-07-16T11:01:36.245+0800: 1.125: [GC (Allocation Failure) 2024-07-16T11:01:36.245+0800: 1.125: [ParNew: 5235K->4K(6144K), 0.0002731 secs] 15319K->10087K(19840K), 0.0003126 secs] [Times: user=0.00 sys=0.00, real=0.00 secs] 
Heap after GC invocations=131 (full 17):
 par new generation   total 6144K, used 4K [0x00000000fec00000, 0x00000000ff2a0000, 0x00000000ff2a0000)
  eden space 5504K,   0% used [0x00000000fec00000, 0x00000000fec00000, 0x00000000ff160000)
  from space 640K,   0% used [0x00000000ff160000, 0x00000000ff161020, 0x00000000ff200000)
  to   space 640K,   0% used [0x00000000ff200000, 0x00000000ff200000, 0x00000000ff2a0000)
 concurrent mark-sweep generation total 13696K, used 10083K [0x00000000ff2a0000, 0x0000000100000000, 0x0000000100000000)
 Metaspace       used 4544K, capacity 4794K, committed 4992K, reserved 1056768K
  class space    used 495K, capacity 533K, committed 640K, reserved 1048576K
}
{Heap before GC invocations=131 (full 17):
 par new generation   total 6144K, used 5233K [0x00000000fec00000, 0x00000000ff2a0000, 0x00000000ff2a0000)
  eden space 5504K,  95% used [0x00000000fec00000, 0x00000000ff11b780, 0x00000000ff160000)
  from space 640K,   0% used [0x00000000ff160000, 0x00000000ff161020, 0x00000000ff200000)
  to   space 640K,   0% used [0x00000000ff200000, 0x00000000ff200000, 0x00000000ff2a0000)
 concurrent mark-sweep generation total 13696K, used 10083K [0x00000000ff2a0000, 0x0000000100000000, 0x0000000100000000)
 Metaspace       used 4544K, capacity 4794K, committed 4992K, reserved 1056768K
  class space    used 495K, capacity 533K, committed 640K, reserved 1048576K
2024-07-16T11:01:36.253+0800: 1.133: [GC (Allocation Failure) 2024-07-16T11:01:36.253+0800: 1.133: [ParNew: 5233K->4K(6144K), 0.0004357 secs] 15317K->10087K(19840K), 0.0004758 secs] [Times: user=0.00 sys=0.00, real=0.00 secs] 
Heap after GC invocations=132 (full 17):
 par new generation   total 6144K, used 4K [0x00000000fec00000, 0x00000000ff2a0000, 0x00000000ff2a0000)
  eden space 5504K,   0% used [0x00000000fec00000, 0x00000000fec00000, 0x00000000ff160000)
  from space 640K,   0% used [0x00000000ff200000, 0x00000000ff201020, 0x00000000ff2a0000)
  to   space 640K,   0% used [0x00000000ff160000, 0x00000000ff160000, 0x00000000ff200000)
 concurrent mark-sweep generation total 13696K, used 10083K [0x00000000ff2a0000, 0x0000000100000000, 0x0000000100000000)
 Metaspace       used 4544K, capacity 4794K, committed 4992K, reserved 1056768K
  class space    used 495K, capacity 533K, committed 640K, reserved 1048576K
}
{Heap before GC invocations=132 (full 17):
 par new generation   total 6144K, used 5233K [0x00000000fec00000, 0x00000000ff2a0000, 0x00000000ff2a0000)
  eden space 5504K,  95% used [0x00000000fec00000, 0x00000000ff11b780, 0x00000000ff160000)
  from space 640K,   0% used [0x00000000ff200000, 0x00000000ff201020, 0x00000000ff2a0000)
  to   space 640K,   0% used [0x00000000ff160000, 0x00000000ff160000, 0x00000000ff200000)
 concurrent mark-sweep generation total 13696K, used 10083K [0x00000000ff2a0000, 0x0000000100000000, 0x0000000100000000)
 Metaspace       used 4544K, capacity 4794K, committed 4992K, reserved 1056768K
  class space    used 495K, capacity 533K, committed 640K, reserved 1048576K
2024-07-16T11:01:36.260+0800: 1.140: [GC (Allocation Failure) 2024-07-16T11:01:36.260+0800: 1.140: [ParNew: 5233K->4K(6144K), 0.0002835 secs] 15317K->10087K(19840K), 0.0003191 secs] [Times: user=0.00 sys=0.00, real=0.00 secs] 
Heap after GC invocations=133 (full 17):
 par new generation   total 6144K, used 4K [0x00000000fec00000, 0x00000000ff2a0000, 0x00000000ff2a0000)
  eden space 5504K,   0% used [0x00000000fec00000, 0x00000000fec00000, 0x00000000ff160000)
  from space 640K,   0% used [0x00000000ff160000, 0x00000000ff161020, 0x00000000ff200000)
  to   space 640K,   0% used [0x00000000ff200000, 0x00000000ff200000, 0x00000000ff2a0000)
 concurrent mark-sweep generation total 13696K, used 10083K [0x00000000ff2a0000, 0x0000000100000000, 0x0000000100000000)
 Metaspace       used 4544K, capacity 4794K, committed 4992K, reserved 1056768K
  class space    used 495K, capacity 533K, committed 640K, reserved 1048576K
}
{Heap before GC invocations=133 (full 17):
 par new generation   total 6144K, used 5233K [0x00000000fec00000, 0x00000000ff2a0000, 0x00000000ff2a0000)
  eden space 5504K,  95% used [0x00000000fec00000, 0x00000000ff11b780, 0x00000000ff160000)
  from space 640K,   0% used [0x00000000ff160000, 0x00000000ff161020, 0x00000000ff200000)
  to   space 640K,   0% used [0x00000000ff200000, 0x00000000ff200000, 0x00000000ff2a0000)
 concurrent mark-sweep generation total 13696K, used 10083K [0x00000000ff2a0000, 0x0000000100000000, 0x0000000100000000)
 Metaspace       used 4544K, capacity 4794K, committed 4992K, reserved 1056768K
  class space    used 495K, capacity 533K, committed 640K, reserved 1048576K
2024-07-16T11:01:36.268+0800: 1.148: [GC (Allocation Failure) 2024-07-16T11:01:36.268+0800: 1.148: [ParNew: 5233K->4K(6144K), 0.0003229 secs] 15317K->10087K(19840K), 0.0003680 secs] [Times: user=0.00 sys=0.00, real=0.00 secs] 
Heap after GC invocations=134 (full 17):
 par new generation   total 6144K, used 4K [0x00000000fec00000, 0x00000000ff2a0000, 0x00000000ff2a0000)
  eden space 5504K,   0% used [0x00000000fec00000, 0x00000000fec00000, 0x00000000ff160000)
  from space 640K,   0% used [0x00000000ff200000, 0x00000000ff201020, 0x00000000ff2a0000)
  to   space 640K,   0% used [0x00000000ff160000, 0x00000000ff160000, 0x00000000ff200000)
 concurrent mark-sweep generation total 13696K, used 10083K [0x00000000ff2a0000, 0x0000000100000000, 0x0000000100000000)
 Metaspace       used 4544K, capacity 4794K, committed 4992K, reserved 1056768K
  class space    used 495K, capacity 533K, committed 640K, reserved 1048576K
}
{Heap before GC invocations=134 (full 17):
 par new generation   total 6144K, used 5358K [0x00000000fec00000, 0x00000000ff2a0000, 0x00000000ff2a0000)
  eden space 5504K,  97% used [0x00000000fec00000, 0x00000000ff13a860, 0x00000000ff160000)
  from space 640K,   0% used [0x00000000ff200000, 0x00000000ff201020, 0x00000000ff2a0000)
  to   space 640K,   0% used [0x00000000ff160000, 0x00000000ff160000, 0x00000000ff200000)
 concurrent mark-sweep generation total 13696K, used 10083K [0x00000000ff2a0000, 0x0000000100000000, 0x0000000100000000)
 Metaspace       used 4680K, capacity 4834K, committed 4992K, reserved 1056768K
  class space    used 506K, capacity 565K, committed 640K, reserved 1048576K
2024-07-16T11:01:36.276+0800: 1.156: [GC (Allocation Failure) 2024-07-16T11:01:36.276+0800: 1.156: [ParNew: 5358K->52K(6144K), 0.0003895 secs] 15441K->11159K(19840K), 0.0004284 secs] [Times: user=0.00 sys=0.00, real=0.00 secs] 
Heap after GC invocations=135 (full 17):
 par new generation   total 6144K, used 52K [0x00000000fec00000, 0x00000000ff2a0000, 0x00000000ff2a0000)
  eden space 5504K,   0% used [0x00000000fec00000, 0x00000000fec00000, 0x00000000ff160000)
  from space 640K,   8% used [0x00000000ff160000, 0x00000000ff16d218, 0x00000000ff200000)
  to   space 640K,   0% used [0x00000000ff200000, 0x00000000ff200000, 0x00000000ff2a0000)
 concurrent mark-sweep generation total 13696K, used 11107K [0x00000000ff2a0000, 0x0000000100000000, 0x0000000100000000)
 Metaspace       used 4680K, capacity 4834K, committed 4992K, reserved 1056768K
  class space    used 506K, capacity 565K, committed 640K, reserved 1048576K
}
{Heap before GC invocations=135 (full 17):
 par new generation   total 6144K, used 4580K [0x00000000fec00000, 0x00000000ff2a0000, 0x00000000ff2a0000)
  eden space 5504K,  82% used [0x00000000fec00000, 0x00000000ff06bf38, 0x00000000ff160000)
  from space 640K,   8% used [0x00000000ff160000, 0x00000000ff16d218, 0x00000000ff200000)
  to   space 640K,   0% used [0x00000000ff200000, 0x00000000ff200000, 0x00000000ff2a0000)
 concurrent mark-sweep generation total 13696K, used 11107K [0x00000000ff2a0000, 0x0000000100000000, 0x0000000100000000)
 Metaspace       used 4854K, capacity 5066K, committed 5248K, reserved 1056768K
  class space    used 533K, capacity 597K, committed 640K, reserved 1048576K
2024-07-16T11:01:36.281+0800: 1.161: [GC (Allocation Failure) 2024-07-16T11:01:36.281+0800: 1.161: [ParNew: 4580K->230K(6144K), 0.0003199 secs] 15687K->11338K(19840K), 0.0003501 secs] [Times: user=0.00 sys=0.00, real=0.00 secs] 
Heap after GC invocations=136 (full 17):
 par new generation   total 6144K, used 230K [0x00000000fec00000, 0x00000000ff2a0000, 0x00000000ff2a0000)
  eden space 5504K,   0% used [0x00000000fec00000, 0x00000000fec00000, 0x00000000ff160000)
  from space 640K,  36% used [0x00000000ff200000, 0x00000000ff239be0, 0x00000000ff2a0000)
  to   space 640K,   0% used [0x00000000ff160000, 0x00000000ff160000, 0x00000000ff200000)
 concurrent mark-sweep generation total 13696K, used 11107K [0x00000000ff2a0000, 0x0000000100000000, 0x0000000100000000)
 Metaspace       used 4854K, capacity 5066K, committed 5248K, reserved 1056768K
  class space    used 533K, capacity 597K, committed 640K, reserved 1048576K
}
{Heap before GC invocations=136 (full 17):
 par new generation   total 6144K, used 5734K [0x00000000fec00000, 0x00000000ff2a0000, 0x00000000ff2a0000)
  eden space 5504K, 100% used [0x00000000fec00000, 0x00000000ff160000, 0x00000000ff160000)
  from space 640K,  36% used [0x00000000ff200000, 0x00000000ff239be0, 0x00000000ff2a0000)
  to   space 640K,   0% used [0x00000000ff160000, 0x00000000ff160000, 0x00000000ff200000)
 concurrent mark-sweep generation total 13696K, used 11107K [0x00000000ff2a0000, 0x0000000100000000, 0x0000000100000000)
 Metaspace       used 5070K, capacity 5258K, committed 5504K, reserved 1056768K
  class space    used 556K, capacity 597K, committed 640K, reserved 1048576K
2024-07-16T11:01:36.286+0800: 1.166: [GC (Allocation Failure) 2024-07-16T11:01:36.286+0800: 1.166: [ParNew: 5734K->326K(6144K), 0.0010962 secs] 16842K->13481K(19840K), 0.0011364 secs] [Times: user=0.00 sys=0.00, real=0.00 secs] 
Heap after GC invocations=137 (full 17):
 par new generation   total 6144K, used 326K [0x00000000fec00000, 0x00000000ff2a0000, 0x00000000ff2a0000)
  eden space 5504K,   0% used [0x00000000fec00000, 0x00000000fec00000, 0x00000000ff160000)
  from space 640K,  51% used [0x00000000ff160000, 0x00000000ff1b19c8, 0x00000000ff200000)
  to   space 640K,   0% used [0x00000000ff200000, 0x00000000ff200000, 0x00000000ff2a0000)
 concurrent mark-sweep generation total 13696K, used 13155K [0x00000000ff2a0000, 0x0000000100000000, 0x0000000100000000)
 Metaspace       used 5070K, capacity 5258K, committed 5504K, reserved 1056768K
  class space    used 556K, capacity 597K, committed 640K, reserved 1048576K
}
{Heap before GC invocations=137 (full 17):
 par new generation   total 6144K, used 5770K [0x00000000fec00000, 0x00000000ff2a0000, 0x00000000ff2a0000)
  eden space 5504K,  98% used [0x00000000fec00000, 0x00000000ff150f90, 0x00000000ff160000)
  from space 640K,  51% used [0x00000000ff160000, 0x00000000ff1b19c8, 0x00000000ff200000)
  to   space 640K,   0% used [0x00000000ff200000, 0x00000000ff200000, 0x00000000ff2a0000)
 concurrent mark-sweep generation total 13696K, used 13155K [0x00000000ff2a0000, 0x0000000100000000, 0x0000000100000000)
 Metaspace       used 5076K, capacity 5258K, committed 5504K, reserved 1056768K
  class space    used 557K, capacity 597K, committed 640K, reserved 1048576K
2024-07-16T11:01:36.295+0800: 1.175: [GC (Allocation Failure) 2024-07-16T11:01:36.295+0800: 1.175: [ParNew: 5770K->5770K(6144K), 0.0000103 secs]2024-07-16T11:01:36.295+0800: 1.175: [CMS2024-07-16T11:01:36.295+0800: 1.175: [CMS-concurrent-abortable-preclean: 0.001/0.075 secs] [Times: user=0.00 sys=0.02, real=0.08 secs] 
 (concurrent mode failure): 13155K->1182K(13696K), 0.0023420 secs] 18925K->1182K(19840K), [Metaspace: 5076K->5076K(1056768K)], 0.0023951 secs] [Times: user=0.00 sys=0.00, real=0.00 secs] 
Heap after GC invocations=138 (full 18):
 par new generation   total 6144K, used 0K [0x00000000fec00000, 0x00000000ff2a0000, 0x00000000ff2a0000)
  eden space 5504K,   0% used [0x00000000fec00000, 0x00000000fec00000, 0x00000000ff160000)
  from space 640K,   0% used [0x00000000ff160000, 0x00000000ff160000, 0x00000000ff200000)
  to   space 640K,   0% used [0x00000000ff200000, 0x00000000ff200000, 0x00000000ff2a0000)
 concurrent mark-sweep generation total 13696K, used 1182K [0x00000000ff2a0000, 0x0000000100000000, 0x0000000100000000)
 Metaspace       used 5076K, capacity 5258K, committed 5504K, reserved 1056768K
  class space    used 557K, capacity 597K, committed 640K, reserved 1048576K
}
{Heap before GC invocations=138 (full 18):
 par new generation   total 6144K, used 5218K [0x00000000fec00000, 0x00000000ff2a0000, 0x00000000ff2a0000)
  eden space 5504K,  94% used [0x00000000fec00000, 0x00000000ff1189e0, 0x00000000ff160000)
  from space 640K,   0% used [0x00000000ff160000, 0x00000000ff160000, 0x00000000ff200000)
  to   space 640K,   0% used [0x00000000ff200000, 0x00000000ff200000, 0x00000000ff2a0000)
 concurrent mark-sweep generation total 13696K, used 1182K [0x00000000ff2a0000, 0x0000000100000000, 0x0000000100000000)
 Metaspace       used 5076K, capacity 5258K, committed 5504K, reserved 1056768K
  class space    used 557K, capacity 597K, committed 640K, reserved 1048576K
2024-07-16T11:01:36.304+0800: 1.184: [GC (Allocation Failure) 2024-07-16T11:01:36.304+0800: 1.184: [ParNew: 5218K->44K(6144K), 0.0002464 secs] 6401K->1227K(19840K), 0.0002752 secs] [Times: user=0.00 sys=0.00, real=0.00 secs] 
Heap after GC invocations=139 (full 18):
 par new generation   total 6144K, used 44K [0x00000000fec00000, 0x00000000ff2a0000, 0x00000000ff2a0000)
  eden space 5504K,   0% used [0x00000000fec00000, 0x00000000fec00000, 0x00000000ff160000)
  from space 640K,   7% used [0x00000000ff200000, 0x00000000ff20b370, 0x00000000ff2a0000)
  to   space 640K,   0% used [0x00000000ff160000, 0x00000000ff160000, 0x00000000ff200000)
 concurrent mark-sweep generation total 13696K, used 1182K [0x00000000ff2a0000, 0x0000000100000000, 0x0000000100000000)
 Metaspace       used 5076K, capacity 5258K, committed 5504K, reserved 1056768K
  class space    used 557K, capacity 597K, committed 640K, reserved 1048576K
}
{Heap before GC invocations=139 (full 18):
 par new generation   total 6144K, used 5268K [0x00000000fec00000, 0x00000000ff2a0000, 0x00000000ff2a0000)
  eden space 5504K,  94% used [0x00000000fec00000, 0x00000000ff119d10, 0x00000000ff160000)
  from space 640K,   7% used [0x00000000ff200000, 0x00000000ff20b370, 0x00000000ff2a0000)
  to   space 640K,   0% used [0x00000000ff160000, 0x00000000ff160000, 0x00000000ff200000)
 concurrent mark-sweep generation total 13696K, used 1182K [0x00000000ff2a0000, 0x0000000100000000, 0x0000000100000000)
 Metaspace       used 5076K, capacity 5258K, committed 5504K, reserved 1056768K
  class space    used 557K, capacity 597K, committed 640K, reserved 1048576K
2024-07-16T11:01:36.311+0800: 1.191: [GC (Allocation Failure) 2024-07-16T11:01:36.311+0800: 1.191: [ParNew: 5268K->16K(6144K), 0.0003239 secs] 6450K->2225K(19840K), 0.0003421 secs] [Times: user=0.00 sys=0.00, real=0.00 secs] 
Heap after GC invocations=140 (full 18):
 par new generation   total 6144K, used 16K [0x00000000fec00000, 0x00000000ff2a0000, 0x00000000ff2a0000)
  eden space 5504K,   0% used [0x00000000fec00000, 0x00000000fec00000, 0x00000000ff160000)
  from space 640K,   2% used [0x00000000ff160000, 0x00000000ff164338, 0x00000000ff200000)
  to   space 640K,   0% used [0x00000000ff200000, 0x00000000ff200000, 0x00000000ff2a0000)
 concurrent mark-sweep generation total 13696K, used 2208K [0x00000000ff2a0000, 0x0000000100000000, 0x0000000100000000)
 Metaspace       used 5076K, capacity 5258K, committed 5504K, reserved 1056768K
  class space    used 557K, capacity 597K, committed 640K, reserved 1048576K
}
{Heap before GC invocations=140 (full 18):
 par new generation   total 6144K, used 5242K [0x00000000fec00000, 0x00000000ff2a0000, 0x00000000ff2a0000)
  eden space 5504K,  94% used [0x00000000fec00000, 0x00000000ff11a680, 0x00000000ff160000)
  from space 640K,   2% used [0x00000000ff160000, 0x00000000ff164338, 0x00000000ff200000)
  to   space 640K,   0% used [0x00000000ff200000, 0x00000000ff200000, 0x00000000ff2a0000)
 concurrent mark-sweep generation total 13696K, used 2208K [0x00000000ff2a0000, 0x0000000100000000, 0x0000000100000000)
 Metaspace       used 5076K, capacity 5258K, committed 5504K, reserved 1056768K
  class space    used 557K, capacity 597K, committed 640K, reserved 1048576K
2024-07-16T11:01:36.318+0800: 1.198: [GC (Allocation Failure) 2024-07-16T11:01:36.318+0800: 1.198: [ParNew: 5242K->4K(6144K), 0.0002485 secs] 7451K->2212K(19840K), 0.0002792 secs] [Times: user=0.00 sys=0.00, real=0.00 secs] 
Heap after GC invocations=141 (full 18):
 par new generation   total 6144K, used 4K [0x00000000fec00000, 0x00000000ff2a0000, 0x00000000ff2a0000)
  eden space 5504K,   0% used [0x00000000fec00000, 0x00000000fec00000, 0x00000000ff160000)
  from space 640K,   0% used [0x00000000ff200000, 0x00000000ff201020, 0x00000000ff2a0000)
  to   space 640K,   0% used [0x00000000ff160000, 0x00000000ff160000, 0x00000000ff200000)
 concurrent mark-sweep generation total 13696K, used 2208K [0x00000000ff2a0000, 0x0000000100000000, 0x0000000100000000)
 Metaspace       used 5076K, capacity 5258K, committed 5504K, reserved 1056768K
  class space    used 557K, capacity 597K, committed 640K, reserved 1048576K
}
{Heap before GC invocations=141 (full 18):
 par new generation   total 6144K, used 5231K [0x00000000fec00000, 0x00000000ff2a0000, 0x00000000ff2a0000)
  eden space 5504K,  94% used [0x00000000fec00000, 0x00000000ff11ac90, 0x00000000ff160000)
  from space 640K,   0% used [0x00000000ff200000, 0x00000000ff201020, 0x00000000ff2a0000)
  to   space 640K,   0% used [0x00000000ff160000, 0x00000000ff160000, 0x00000000ff200000)
 concurrent mark-sweep generation total 13696K, used 2208K [0x00000000ff2a0000, 0x0000000100000000, 0x0000000100000000)
 Metaspace       used 5076K, capacity 5258K, committed 5504K, reserved 1056768K
  class space    used 557K, capacity 597K, committed 640K, reserved 1048576K
2024-07-16T11:01:36.325+0800: 1.205: [GC (Allocation Failure) 2024-07-16T11:01:36.325+0800: 1.205: [ParNew: 5231K->8K(6144K), 0.0003700 secs] 7439K->3242K(19840K), 0.0003974 secs] [Times: user=0.00 sys=0.00, real=0.00 secs] 
Heap after GC invocations=142 (full 18):
 par new generation   total 6144K, used 8K [0x00000000fec00000, 0x00000000ff2a0000, 0x00000000ff2a0000)
  eden space 5504K,   0% used [0x00000000fec00000, 0x00000000fec00000, 0x00000000ff160000)
  from space 640K,   1% used [0x00000000ff160000, 0x00000000ff162040, 0x00000000ff200000)
  to   space 640K,   0% used [0x00000000ff200000, 0x00000000ff200000, 0x00000000ff2a0000)
 concurrent mark-sweep generation total 13696K, used 3234K [0x00000000ff2a0000, 0x0000000100000000, 0x0000000100000000)
 Metaspace       used 5076K, capacity 5258K, committed 5504K, reserved 1056768K
  class space    used 557K, capacity 597K, committed 640K, reserved 1048576K
}
{Heap before GC invocations=142 (full 18):
 par new generation   total 6144K, used 5236K [0x00000000fec00000, 0x00000000ff2a0000, 0x00000000ff2a0000)
  eden space 5504K,  94% used [0x00000000fec00000, 0x00000000ff11b078, 0x00000000ff160000)
  from space 640K,   1% used [0x00000000ff160000, 0x00000000ff162040, 0x00000000ff200000)
  to   space 640K,   0% used [0x00000000ff200000, 0x00000000ff200000, 0x00000000ff2a0000)
 concurrent mark-sweep generation total 13696K, used 3234K [0x00000000ff2a0000, 0x0000000100000000, 0x0000000100000000)
 Metaspace       used 5076K, capacity 5258K, committed 5504K, reserved 1056768K
  class space    used 557K, capacity 597K, committed 640K, reserved 1048576K
2024-07-16T11:01:36.331+0800: 1.211: [GC (Allocation Failure) 2024-07-16T11:01:36.331+0800: 1.211: [ParNew: 5236K->8K(6144K), 0.0004314 secs] 8470K->4266K(19840K), 0.0005105 secs] [Times: user=0.00 sys=0.00, real=0.00 secs] 
Heap after GC invocations=143 (full 18):
 par new generation   total 6144K, used 8K [0x00000000fec00000, 0x00000000ff2a0000, 0x00000000ff2a0000)
  eden space 5504K,   0% used [0x00000000fec00000, 0x00000000fec00000, 0x00000000ff160000)
  from space 640K,   1% used [0x00000000ff200000, 0x00000000ff202040, 0x00000000ff2a0000)
  to   space 640K,   0% used [0x00000000ff160000, 0x00000000ff160000, 0x00000000ff200000)
 concurrent mark-sweep generation total 13696K, used 4258K [0x00000000ff2a0000, 0x0000000100000000, 0x0000000100000000)
 Metaspace       used 5076K, capacity 5258K, committed 5504K, reserved 1056768K
  class space    used 557K, capacity 597K, committed 640K, reserved 1048576K
}
{Heap before GC invocations=143 (full 18):
 par new generation   total 6144K, used 5236K [0x00000000fec00000, 0x00000000ff2a0000, 0x00000000ff2a0000)
  eden space 5504K,  94% used [0x00000000fec00000, 0x00000000ff11b2f8, 0x00000000ff160000)
  from space 640K,   1% used [0x00000000ff200000, 0x00000000ff202040, 0x00000000ff2a0000)
  to   space 640K,   0% used [0x00000000ff160000, 0x00000000ff160000, 0x00000000ff200000)
 concurrent mark-sweep generation total 13696K, used 4258K [0x00000000ff2a0000, 0x0000000100000000, 0x0000000100000000)
 Metaspace       used 5076K, capacity 5258K, committed 5504K, reserved 1056768K
  class space    used 557K, capacity 597K, committed 640K, reserved 1048576K
2024-07-16T11:01:36.337+0800: 1.217: [GC (Allocation Failure) 2024-07-16T11:01:36.337+0800: 1.217: [ParNew: 5236K->4K(6144K), 0.0008620 secs] 9495K->5286K(19840K), 0.0009376 secs] [Times: user=0.00 sys=0.00, real=0.00 secs] 
Heap after GC invocations=144 (full 18):
 par new generation   total 6144K, used 4K [0x00000000fec00000, 0x00000000ff2a0000, 0x00000000ff2a0000)
  eden space 5504K,   0% used [0x00000000fec00000, 0x00000000fec00000, 0x00000000ff160000)
  from space 640K,   0% used [0x00000000ff160000, 0x00000000ff161020, 0x00000000ff200000)
  to   space 640K,   0% used [0x00000000ff200000, 0x00000000ff200000, 0x00000000ff2a0000)
 concurrent mark-sweep generation total 13696K, used 5282K [0x00000000ff2a0000, 0x0000000100000000, 0x0000000100000000)
 Metaspace       used 5076K, capacity 5258K, committed 5504K, reserved 1056768K
  class space    used 557K, capacity 597K, committed 640K, reserved 1048576K
}
2024-07-16T11:01:36.338+0800: 1.218: [GC (CMS Initial Mark) [1 CMS-initial-mark: 5282K(13696K)] 6312K(19840K), 0.0001933 secs] [Times: user=0.00 sys=0.00, real=0.00 secs] 
2024-07-16T11:01:36.338+0800: 1.218: [CMS-concurrent-mark-start]
2024-07-16T11:01:36.340+0800: 1.221: [CMS-concurrent-mark: 0.002/0.002 secs] [Times: user=0.00 sys=0.00, real=0.00 secs] 
2024-07-16T11:01:36.340+0800: 1.221: [CMS-concurrent-preclean-start]
2024-07-16T11:01:36.340+0800: 1.221: [CMS-concurrent-preclean: 0.000/0.000 secs] [Times: user=0.00 sys=0.00, real=0.00 secs] 
2024-07-16T11:01:36.340+0800: 1.221: [CMS-concurrent-abortable-preclean-start]
{Heap before GC invocations=144 (full 19):
 par new generation   total 6144K, used 5233K [0x00000000fec00000, 0x00000000ff2a0000, 0x00000000ff2a0000)
  eden space 5504K,  95% used [0x00000000fec00000, 0x00000000ff11b498, 0x00000000ff160000)
  from space 640K,   0% used [0x00000000ff160000, 0x00000000ff161020, 0x00000000ff200000)
  to   space 640K,   0% used [0x00000000ff200000, 0x00000000ff200000, 0x00000000ff2a0000)
 concurrent mark-sweep generation total 13696K, used 5282K [0x00000000ff2a0000, 0x0000000100000000, 0x0000000100000000)
 Metaspace       used 5076K, capacity 5258K, committed 5504K, reserved 1056768K
  class space    used 557K, capacity 597K, committed 640K, reserved 1048576K
2024-07-16T11:01:36.345+0800: 1.225: [GC (Allocation Failure) 2024-07-16T11:01:36.345+0800: 1.225: [ParNew: 5233K->8K(6144K), 0.0007054 secs] 10516K->6316K(19840K), 0.0007738 secs] [Times: user=0.00 sys=0.00, real=0.00 secs] 
Heap after GC invocations=145 (full 19):
 par new generation   total 6144K, used 8K [0x00000000fec00000, 0x00000000ff2a0000, 0x00000000ff2a0000)
  eden space 5504K,   0% used [0x00000000fec00000, 0x00000000fec00000, 0x00000000ff160000)
  from space 640K,   1% used [0x00000000ff200000, 0x00000000ff202040, 0x00000000ff2a0000)
  to   space 640K,   0% used [0x00000000ff160000, 0x00000000ff160000, 0x00000000ff200000)
 concurrent mark-sweep generation total 13696K, used 6308K [0x00000000ff2a0000, 0x0000000100000000, 0x0000000100000000)
 Metaspace       used 5076K, capacity 5258K, committed 5504K, reserved 1056768K
  class space    used 557K, capacity 597K, committed 640K, reserved 1048576K
}
{Heap before GC invocations=145 (full 19):
 par new generation   total 6144K, used 5237K [0x00000000fec00000, 0x00000000ff2a0000, 0x00000000ff2a0000)
  eden space 5504K,  95% used [0x00000000fec00000, 0x00000000ff11b5a0, 0x00000000ff160000)
  from space 640K,   1% used [0x00000000ff200000, 0x00000000ff202040, 0x00000000ff2a0000)
  to   space 640K,   0% used [0x00000000ff160000, 0x00000000ff160000, 0x00000000ff200000)
 concurrent mark-sweep generation total 13696K, used 6308K [0x00000000ff2a0000, 0x0000000100000000, 0x0000000100000000)
 Metaspace       used 5076K, capacity 5258K, committed 5504K, reserved 1056768K
  class space    used 557K, capacity 597K, committed 640K, reserved 1048576K
2024-07-16T11:01:36.353+0800: 1.233: [GC (Allocation Failure) 2024-07-16T11:01:36.353+0800: 1.233: [ParNew: 5237K->4K(6144K), 0.0005951 secs] 11546K->6312K(19840K), 0.0006955 secs] [Times: user=0.00 sys=0.00, real=0.00 secs] 
Heap after GC invocations=146 (full 19):
 par new generation   total 6144K, used 4K [0x00000000fec00000, 0x00000000ff2a0000, 0x00000000ff2a0000)
  eden space 5504K,   0% used [0x00000000fec00000, 0x00000000fec00000, 0x00000000ff160000)
  from space 640K,   0% used [0x00000000ff160000, 0x00000000ff161020, 0x00000000ff200000)
  to   space 640K,   0% used [0x00000000ff200000, 0x00000000ff200000, 0x00000000ff2a0000)
 concurrent mark-sweep generation total 13696K, used 6308K [0x00000000ff2a0000, 0x0000000100000000, 0x0000000100000000)
 Metaspace       used 5076K, capacity 5258K, committed 5504K, reserved 1056768K
  class space    used 557K, capacity 597K, committed 640K, reserved 1048576K
}
{Heap before GC invocations=146 (full 19):
 par new generation   total 6144K, used 5233K [0x00000000fec00000, 0x00000000ff2a0000, 0x00000000ff2a0000)
  eden space 5504K,  95% used [0x00000000fec00000, 0x00000000ff11b648, 0x00000000ff160000)
  from space 640K,   0% used [0x00000000ff160000, 0x00000000ff161020, 0x00000000ff200000)
  to   space 640K,   0% used [0x00000000ff200000, 0x00000000ff200000, 0x00000000ff2a0000)
 concurrent mark-sweep generation total 13696K, used 6308K [0x00000000ff2a0000, 0x0000000100000000, 0x0000000100000000)
 Metaspace       used 5076K, capacity 5258K, committed 5504K, reserved 1056768K
  class space    used 557K, capacity 597K, committed 640K, reserved 1048576K
2024-07-16T11:01:36.360+0800: 1.240: [GC (Allocation Failure) 2024-07-16T11:01:36.360+0800: 1.240: [ParNew: 5233K->8K(6144K), 0.0012408 secs] 11542K->7340K(19840K), 0.0013339 secs] [Times: user=0.00 sys=0.00, real=0.00 secs] 
Heap after GC invocations=147 (full 19):
 par new generation   total 6144K, used 8K [0x00000000fec00000, 0x00000000ff2a0000, 0x00000000ff2a0000)
  eden space 5504K,   0% used [0x00000000fec00000, 0x00000000fec00000, 0x00000000ff160000)
  from space 640K,   1% used [0x00000000ff200000, 0x00000000ff202040, 0x00000000ff2a0000)
  to   space 640K,   0% used [0x00000000ff160000, 0x00000000ff160000, 0x00000000ff200000)
 concurrent mark-sweep generation total 13696K, used 7332K [0x00000000ff2a0000, 0x0000000100000000, 0x0000000100000000)
 Metaspace       used 5076K, capacity 5258K, committed 5504K, reserved 1056768K
  class space    used 557K, capacity 597K, committed 640K, reserved 1048576K
}
{Heap before GC invocations=147 (full 19):
 par new generation   total 6144K, used 5237K [0x00000000fec00000, 0x00000000ff2a0000, 0x00000000ff2a0000)
  eden space 5504K,  95% used [0x00000000fec00000, 0x00000000ff11b6b8, 0x00000000ff160000)
  from space 640K,   1% used [0x00000000ff200000, 0x00000000ff202040, 0x00000000ff2a0000)
  to   space 640K,   0% used [0x00000000ff160000, 0x00000000ff160000, 0x00000000ff200000)
 concurrent mark-sweep generation total 13696K, used 7332K [0x00000000ff2a0000, 0x0000000100000000, 0x0000000100000000)
 Metaspace       used 5076K, capacity 5258K, committed 5504K, reserved 1056768K
  class space    used 557K, capacity 597K, committed 640K, reserved 1048576K
2024-07-16T11:01:36.368+0800: 1.248: [GC (Allocation Failure) 2024-07-16T11:01:36.368+0800: 1.248: [ParNew: 5237K->6K(6144K), 0.0012089 secs] 12570K->8365K(19840K), 0.0012817 secs] [Times: user=0.00 sys=0.00, real=0.00 secs] 
Heap after GC invocations=148 (full 19):
 par new generation   total 6144K, used 6K [0x00000000fec00000, 0x00000000ff2a0000, 0x00000000ff2a0000)
  eden space 5504K,   0% used [0x00000000fec00000, 0x00000000fec00000, 0x00000000ff160000)
  from space 640K,   0% used [0x00000000ff160000, 0x00000000ff161830, 0x00000000ff200000)
  to   space 640K,   0% used [0x00000000ff200000, 0x00000000ff200000, 0x00000000ff2a0000)
 concurrent mark-sweep generation total 13696K, used 8358K [0x00000000ff2a0000, 0x0000000100000000, 0x0000000100000000)
 Metaspace       used 5076K, capacity 5258K, committed 5504K, reserved 1056768K
  class space    used 557K, capacity 597K, committed 640K, reserved 1048576K
}
{Heap before GC invocations=148 (full 19):
 par new generation   total 6144K, used 5235K [0x00000000fec00000, 0x00000000ff2a0000, 0x00000000ff2a0000)
  eden space 5504K,  95% used [0x00000000fec00000, 0x00000000ff11b700, 0x00000000ff160000)
  from space 640K,   0% used [0x00000000ff160000, 0x00000000ff161830, 0x00000000ff200000)
  to   space 640K,   0% used [0x00000000ff200000, 0x00000000ff200000, 0x00000000ff2a0000)
 concurrent mark-sweep generation total 13696K, used 8358K [0x00000000ff2a0000, 0x0000000100000000, 0x0000000100000000)
 Metaspace       used 5076K, capacity 5258K, committed 5504K, reserved 1056768K
  class space    used 557K, capacity 597K, committed 640K, reserved 1048576K
2024-07-16T11:01:36.377+0800: 1.257: [GC (Allocation Failure) 2024-07-16T11:01:36.377+0800: 1.257: [ParNew: 5235K->10K(6144K), 0.0014988 secs] 13594K->9393K(19840K), 0.0016087 secs] [Times: user=0.00 sys=0.00, real=0.00 secs] 
Heap after GC invocations=149 (full 19):
 par new generation   total 6144K, used 10K [0x00000000fec00000, 0x00000000ff2a0000, 0x00000000ff2a0000)
  eden space 5504K,   0% used [0x00000000fec00000, 0x00000000fec00000, 0x00000000ff160000)
  from space 640K,   1% used [0x00000000ff200000, 0x00000000ff202850, 0x00000000ff2a0000)
  to   space 640K,   0% used [0x00000000ff160000, 0x00000000ff160000, 0x00000000ff200000)
 concurrent mark-sweep generation total 13696K, used 9382K [0x00000000ff2a0000, 0x0000000100000000, 0x0000000100000000)
 Metaspace       used 5076K, capacity 5258K, committed 5504K, reserved 1056768K
  class space    used 557K, capacity 597K, committed 640K, reserved 1048576K
}
{Heap before GC invocations=149 (full 19):
 par new generation   total 6144K, used 5239K [0x00000000fec00000, 0x00000000ff2a0000, 0x00000000ff2a0000)
  eden space 5504K,  95% used [0x00000000fec00000, 0x00000000ff11b728, 0x00000000ff160000)
  from space 640K,   1% used [0x00000000ff200000, 0x00000000ff202850, 0x00000000ff2a0000)
  to   space 640K,   0% used [0x00000000ff160000, 0x00000000ff160000, 0x00000000ff200000)
 concurrent mark-sweep generation total 13696K, used 9382K [0x00000000ff2a0000, 0x0000000100000000, 0x0000000100000000)
 Metaspace       used 5076K, capacity 5258K, committed 5504K, reserved 1056768K
  class space    used 557K, capacity 597K, committed 640K, reserved 1048576K
2024-07-16T11:01:36.386+0800: 1.266: [GC (Allocation Failure) 2024-07-16T11:01:36.386+0800: 1.266: [ParNew: 5239K->8K(6144K), 0.0013065 secs] 14622K->10415K(19840K), 0.0014335 secs] [Times: user=0.00 sys=0.00, real=0.00 secs] 
Heap after GC invocations=150 (full 19):
 par new generation   total 6144K, used 8K [0x00000000fec00000, 0x00000000ff2a0000, 0x00000000ff2a0000)
  eden space 5504K,   0% used [0x00000000fec00000, 0x00000000fec00000, 0x00000000ff160000)
  from space 640K,   1% used [0x00000000ff160000, 0x00000000ff162040, 0x00000000ff200000)
  to   space 640K,   0% used [0x00000000ff200000, 0x00000000ff200000, 0x00000000ff2a0000)
 concurrent mark-sweep generation total 13696K, used 10407K [0x00000000ff2a0000, 0x0000000100000000, 0x0000000100000000)
 Metaspace       used 5076K, capacity 5258K, committed 5504K, reserved 1056768K
  class space    used 557K, capacity 597K, committed 640K, reserved 1048576K
}
{Heap before GC invocations=150 (full 19):
 par new generation   total 6144K, used 5237K [0x00000000fec00000, 0x00000000ff2a0000, 0x00000000ff2a0000)
  eden space 5504K,  95% used [0x00000000fec00000, 0x00000000ff11b748, 0x00000000ff160000)
  from space 640K,   1% used [0x00000000ff160000, 0x00000000ff162040, 0x00000000ff200000)
  to   space 640K,   0% used [0x00000000ff200000, 0x00000000ff200000, 0x00000000ff2a0000)
 concurrent mark-sweep generation total 13696K, used 10407K [0x00000000ff2a0000, 0x0000000100000000, 0x0000000100000000)
 Metaspace       used 5076K, capacity 5258K, committed 5504K, reserved 1056768K
  class space    used 557K, capacity 597K, committed 640K, reserved 1048576K
2024-07-16T11:01:36.396+0800: 1.276: [GC (Allocation Failure) 2024-07-16T11:01:36.396+0800: 1.276: [ParNew: 5237K->8K(6144K), 0.0013003 secs] 15644K->11439K(19840K), 0.0016473 secs] [Times: user=0.00 sys=0.00, real=0.00 secs] 
Heap after GC invocations=151 (full 19):
 par new generation   total 6144K, used 8K [0x00000000fec00000, 0x00000000ff2a0000, 0x00000000ff2a0000)
  eden space 5504K,   0% used [0x00000000fec00000, 0x00000000fec00000, 0x00000000ff160000)
  from space 640K,   1% used [0x00000000ff200000, 0x00000000ff202040, 0x00000000ff2a0000)
  to   space 640K,   0% used [0x00000000ff160000, 0x00000000ff160000, 0x00000000ff200000)
 concurrent mark-sweep generation total 13696K, used 11431K [0x00000000ff2a0000, 0x0000000100000000, 0x0000000100000000)
 Metaspace       used 5076K, capacity 5258K, committed 5504K, reserved 1056768K
  class space    used 557K, capacity 597K, committed 640K, reserved 1048576K
}
{Heap before GC invocations=151 (full 19):
 par new generation   total 6144K, used 5237K [0x00000000fec00000, 0x00000000ff2a0000, 0x00000000ff2a0000)
  eden space 5504K,  95% used [0x00000000fec00000, 0x00000000ff11b758, 0x00000000ff160000)
  from space 640K,   1% used [0x00000000ff200000, 0x00000000ff202040, 0x00000000ff2a0000)
  to   space 640K,   0% used [0x00000000ff160000, 0x00000000ff160000, 0x00000000ff200000)
 concurrent mark-sweep generation total 13696K, used 11431K [0x00000000ff2a0000, 0x0000000100000000, 0x0000000100000000)
 Metaspace       used 5076K, capacity 5258K, committed 5504K, reserved 1056768K
  class space    used 557K, capacity 597K, committed 640K, reserved 1048576K
2024-07-16T11:01:36.407+0800: 1.287: [GC (Allocation Failure) 2024-07-16T11:01:36.407+0800: 1.287: [ParNew: 5237K->4K(6144K), 0.0010846 secs] 16668K->11435K(19840K), 0.0011673 secs] [Times: user=0.00 sys=0.00, real=0.00 secs] 
Heap after GC invocations=152 (full 19):
 par new generation   total 6144K, used 4K [0x00000000fec00000, 0x00000000ff2a0000, 0x00000000ff2a0000)
  eden space 5504K,   0% used [0x00000000fec00000, 0x00000000fec00000, 0x00000000ff160000)
  from space 640K,   0% used [0x00000000ff160000, 0x00000000ff161020, 0x00000000ff200000)
  to   space 640K,   0% used [0x00000000ff200000, 0x00000000ff200000, 0x00000000ff2a0000)
 concurrent mark-sweep generation total 13696K, used 11431K [0x00000000ff2a0000, 0x0000000100000000, 0x0000000100000000)
 Metaspace       used 5076K, capacity 5258K, committed 5504K, reserved 1056768K
  class space    used 557K, capacity 597K, committed 640K, reserved 1048576K
}
{Heap before GC invocations=152 (full 19):
 par new generation   total 6144K, used 5233K [0x00000000fec00000, 0x00000000ff2a0000, 0x00000000ff2a0000)
  eden space 5504K,  95% used [0x00000000fec00000, 0x00000000ff11b768, 0x00000000ff160000)
  from space 640K,   0% used [0x00000000ff160000, 0x00000000ff161020, 0x00000000ff200000)
  to   space 640K,   0% used [0x00000000ff200000, 0x00000000ff200000, 0x00000000ff2a0000)
 concurrent mark-sweep generation total 13696K, used 11431K [0x00000000ff2a0000, 0x0000000100000000, 0x0000000100000000)
 Metaspace       used 5076K, capacity 5258K, committed 5504K, reserved 1056768K
  class space    used 557K, capacity 597K, committed 640K, reserved 1048576K
2024-07-16T11:01:36.416+0800: 1.296: [GC (Allocation Failure) 2024-07-16T11:01:36.416+0800: 1.296: [ParNew: 5233K->8K(6144K), 0.0008886 secs] 16664K->12465K(19840K), 0.0009712 secs] [Times: user=0.00 sys=0.00, real=0.00 secs] 
Heap after GC invocations=153 (full 19):
 par new generation   total 6144K, used 8K [0x00000000fec00000, 0x00000000ff2a0000, 0x00000000ff2a0000)
  eden space 5504K,   0% used [0x00000000fec00000, 0x00000000fec00000, 0x00000000ff160000)
  from space 640K,   1% used [0x00000000ff200000, 0x00000000ff202040, 0x00000000ff2a0000)
  to   space 640K,   0% used [0x00000000ff160000, 0x00000000ff160000, 0x00000000ff200000)
 concurrent mark-sweep generation total 13696K, used 12457K [0x00000000ff2a0000, 0x0000000100000000, 0x0000000100000000)
 Metaspace       used 5076K, capacity 5258K, committed 5504K, reserved 1056768K
  class space    used 557K, capacity 597K, committed 640K, reserved 1048576K
}
{Heap before GC invocations=153 (full 19):
 par new generation   total 6144K, used 5237K [0x00000000fec00000, 0x00000000ff2a0000, 0x00000000ff2a0000)
  eden space 5504K,  95% used [0x00000000fec00000, 0x00000000ff11b770, 0x00000000ff160000)
  from space 640K,   1% used [0x00000000ff200000, 0x00000000ff202040, 0x00000000ff2a0000)
  to   space 640K,   0% used [0x00000000ff160000, 0x00000000ff160000, 0x00000000ff200000)
 concurrent mark-sweep generation total 13696K, used 12457K [0x00000000ff2a0000, 0x0000000100000000, 0x0000000100000000)
 Metaspace       used 5076K, capacity 5258K, committed 5504K, reserved 1056768K
  class space    used 557K, capacity 597K, committed 640K, reserved 1048576K
2024-07-16T11:01:36.426+0800: 1.306: [GC (Allocation Failure) 2024-07-16T11:01:36.426+0800: 1.306: [ParNew: 5237K->4K(6144K), 0.0002439 secs] 17695K->12461K(19840K), 0.0003166 secs] [Times: user=0.00 sys=0.00, real=0.00 secs] 
Heap after GC invocations=154 (full 19):
 par new generation   total 6144K, used 4K [0x00000000fec00000, 0x00000000ff2a0000, 0x00000000ff2a0000)
  eden space 5504K,   0% used [0x00000000fec00000, 0x00000000fec00000, 0x00000000ff160000)
  from space 640K,   0% used [0x00000000ff160000, 0x00000000ff161020, 0x00000000ff200000)
  to   space 640K,   0% used [0x00000000ff200000, 0x00000000ff200000, 0x00000000ff2a0000)
 concurrent mark-sweep generation total 13696K, used 12457K [0x00000000ff2a0000, 0x0000000100000000, 0x0000000100000000)
 Metaspace       used 5076K, capacity 5258K, committed 5504K, reserved 1056768K
  class space    used 557K, capacity 597K, committed 640K, reserved 1048576K
}
{Heap before GC invocations=154 (full 19):
 par new generation   total 6144K, used 5233K [0x00000000fec00000, 0x00000000ff2a0000, 0x00000000ff2a0000)
  eden space 5504K,  95% used [0x00000000fec00000, 0x00000000ff11b770, 0x00000000ff160000)
  from space 640K,   0% used [0x00000000ff160000, 0x00000000ff161020, 0x00000000ff200000)
  to   space 640K,   0% used [0x00000000ff200000, 0x00000000ff200000, 0x00000000ff2a0000)
 concurrent mark-sweep generation total 13696K, used 12457K [0x00000000ff2a0000, 0x0000000100000000, 0x0000000100000000)
 Metaspace       used 5076K, capacity 5258K, committed 5504K, reserved 1056768K
  class space    used 557K, capacity 597K, committed 640K, reserved 1048576K
2024-07-16T11:01:36.434+0800: 1.314: [GC (Allocation Failure) 2024-07-16T11:01:36.434+0800: 1.314: [ParNew (promotion failed): 5233K->5241K(6144K), 0.0007209 secs]2024-07-16T11:01:36.434+0800: 1.315: [CMS2024-07-16T11:01:36.434+0800: 1.315: [CMS-concurrent-abortable-preclean: 0.001/0.094 secs] [Times: user=0.00 sys=0.02, real=0.09 secs] 
 (concurrent mode failure): 13483K->3230K(13696K), 0.0023418 secs] 17690K->3230K(19840K), [Metaspace: 5076K->5076K(1056768K)], 0.0031146 secs] [Times: user=0.00 sys=0.00, real=0.00 secs] 
Heap after GC invocations=155 (full 20):
 par new generation   total 6144K, used 0K [0x00000000fec00000, 0x00000000ff2a0000, 0x00000000ff2a0000)
  eden space 5504K,   0% used [0x00000000fec00000, 0x00000000fec00000, 0x00000000ff160000)
  from space 640K,   0% used [0x00000000ff200000, 0x00000000ff200000, 0x00000000ff2a0000)
  to   space 640K,   0% used [0x00000000ff160000, 0x00000000ff160000, 0x00000000ff200000)
 concurrent mark-sweep generation total 13696K, used 3230K [0x00000000ff2a0000, 0x0000000100000000, 0x0000000100000000)
 Metaspace       used 5076K, capacity 5258K, committed 5504K, reserved 1056768K
  class space    used 557K, capacity 597K, committed 640K, reserved 1048576K
}
{Heap before GC invocations=155 (full 20):
 par new generation   total 6144K, used 5229K [0x00000000fec00000, 0x00000000ff2a0000, 0x00000000ff2a0000)
  eden space 5504K,  95% used [0x00000000fec00000, 0x00000000ff11b778, 0x00000000ff160000)
  from space 640K,   0% used [0x00000000ff200000, 0x00000000ff200000, 0x00000000ff2a0000)
  to   space 640K,   0% used [0x00000000ff160000, 0x00000000ff160000, 0x00000000ff200000)
 concurrent mark-sweep generation total 13696K, used 3230K [0x00000000ff2a0000, 0x0000000100000000, 0x0000000100000000)
 Metaspace       used 5076K, capacity 5258K, committed 5504K, reserved 1056768K
  class space    used 557K, capacity 597K, committed 640K, reserved 1048576K
2024-07-16T11:01:36.444+0800: 1.324: [GC (Allocation Failure) 2024-07-16T11:01:36.444+0800: 1.324: [ParNew: 5229K->4K(6144K), 0.0002953 secs] 8460K->3234K(19840K), 0.0003199 secs] [Times: user=0.00 sys=0.00, real=0.00 secs] 
Heap after GC invocations=156 (full 20):
 par new generation   total 6144K, used 4K [0x00000000fec00000, 0x00000000ff2a0000, 0x00000000ff2a0000)
  eden space 5504K,   0% used [0x00000000fec00000, 0x00000000fec00000, 0x00000000ff160000)
  from space 640K,   0% used [0x00000000ff160000, 0x00000000ff161020, 0x00000000ff200000)
  to   space 640K,   0% used [0x00000000ff200000, 0x00000000ff200000, 0x00000000ff2a0000)
 concurrent mark-sweep generation total 13696K, used 3230K [0x00000000ff2a0000, 0x0000000100000000, 0x0000000100000000)
 Metaspace       used 5076K, capacity 5258K, committed 5504K, reserved 1056768K
  class space    used 557K, capacity 597K, committed 640K, reserved 1048576K
}
{Heap before GC invocations=156 (full 20):
 par new generation   total 6144K, used 5233K [0x00000000fec00000, 0x00000000ff2a0000, 0x00000000ff2a0000)
  eden space 5504K,  95% used [0x00000000fec00000, 0x00000000ff11b778, 0x00000000ff160000)
  from space 640K,   0% used [0x00000000ff160000, 0x00000000ff161020, 0x00000000ff200000)
  to   space 640K,   0% used [0x00000000ff200000, 0x00000000ff200000, 0x00000000ff2a0000)
 concurrent mark-sweep generation total 13696K, used 3230K [0x00000000ff2a0000, 0x0000000100000000, 0x0000000100000000)
 Metaspace       used 5076K, capacity 5258K, committed 5504K, reserved 1056768K
  class space    used 557K, capacity 597K, committed 640K, reserved 1048576K
2024-07-16T11:01:36.451+0800: 1.331: [GC (Allocation Failure) 2024-07-16T11:01:36.451+0800: 1.331: [ParNew: 5233K->10K(6144K), 0.0007982 secs] 8464K->4267K(19840K), 0.0008602 secs] [Times: user=0.00 sys=0.00, real=0.00 secs] 
Heap after GC invocations=157 (full 20):
 par new generation   total 6144K, used 10K [0x00000000fec00000, 0x00000000ff2a0000, 0x00000000ff2a0000)
  eden space 5504K,   0% used [0x00000000fec00000, 0x00000000fec00000, 0x00000000ff160000)
  from space 640K,   1% used [0x00000000ff200000, 0x00000000ff202850, 0x00000000ff2a0000)
  to   space 640K,   0% used [0x00000000ff160000, 0x00000000ff160000, 0x00000000ff200000)
 concurrent mark-sweep generation total 13696K, used 4257K [0x00000000ff2a0000, 0x0000000100000000, 0x0000000100000000)
 Metaspace       used 5076K, capacity 5258K, committed 5504K, reserved 1056768K
  class space    used 557K, capacity 597K, committed 640K, reserved 1048576K
}
{Heap before GC invocations=157 (full 20):
 par new generation   total 6144K, used 5239K [0x00000000fec00000, 0x00000000ff2a0000, 0x00000000ff2a0000)
  eden space 5504K,  95% used [0x00000000fec00000, 0x00000000ff11b778, 0x00000000ff160000)
  from space 640K,   1% used [0x00000000ff200000, 0x00000000ff202850, 0x00000000ff2a0000)
  to   space 640K,   0% used [0x00000000ff160000, 0x00000000ff160000, 0x00000000ff200000)
 concurrent mark-sweep generation total 13696K, used 4257K [0x00000000ff2a0000, 0x0000000100000000, 0x0000000100000000)
 Metaspace       used 5076K, capacity 5258K, committed 5504K, reserved 1056768K
  class space    used 557K, capacity 597K, committed 640K, reserved 1048576K
2024-07-16T11:01:36.458+0800: 1.338: [GC (Allocation Failure) 2024-07-16T11:01:36.458+0800: 1.338: [ParNew: 5239K->6K(6144K), 0.0007894 secs] 9496K->5289K(19840K), 0.0008564 secs] [Times: user=0.00 sys=0.00, real=0.00 secs] 
Heap after GC invocations=158 (full 20):
 par new generation   total 6144K, used 6K [0x00000000fec00000, 0x00000000ff2a0000, 0x00000000ff2a0000)
  eden space 5504K,   0% used [0x00000000fec00000, 0x00000000fec00000, 0x00000000ff160000)
  from space 640K,   0% used [0x00000000ff160000, 0x00000000ff161830, 0x00000000ff200000)
  to   space 640K,   0% used [0x00000000ff200000, 0x00000000ff200000, 0x00000000ff2a0000)
 concurrent mark-sweep generation total 13696K, used 5283K [0x00000000ff2a0000, 0x0000000100000000, 0x0000000100000000)
 Metaspace       used 5076K, capacity 5258K, committed 5504K, reserved 1056768K
  class space    used 557K, capacity 597K, committed 640K, reserved 1048576K
}
{Heap before GC invocations=158 (full 20):
 par new generation   total 6144K, used 5235K [0x00000000fec00000, 0x00000000ff2a0000, 0x00000000ff2a0000)
  eden space 5504K,  95% used [0x00000000fec00000, 0x00000000ff11b778, 0x00000000ff160000)
  from space 640K,   0% used [0x00000000ff160000, 0x00000000ff161830, 0x00000000ff200000)
  to   space 640K,   0% used [0x00000000ff200000, 0x00000000ff200000, 0x00000000ff2a0000)
 concurrent mark-sweep generation total 13696K, used 5283K [0x00000000ff2a0000, 0x0000000100000000, 0x0000000100000000)
 Metaspace       used 5076K, capacity 5258K, committed 5504K, reserved 1056768K
  class space    used 557K, capacity 597K, committed 640K, reserved 1048576K
2024-07-16T11:01:36.466+0800: 1.346: [GC (Allocation Failure) 2024-07-16T11:01:36.466+0800: 1.346: [ParNew: 5235K->6K(6144K), 0.0010755 secs] 10518K->6315K(19840K), 0.0011650 secs] [Times: user=0.00 sys=0.00, real=0.00 secs] 
Heap after GC invocations=159 (full 20):
 par new generation   total 6144K, used 6K [0x00000000fec00000, 0x00000000ff2a0000, 0x00000000ff2a0000)
  eden space 5504K,   0% used [0x00000000fec00000, 0x00000000fec00000, 0x00000000ff160000)
  from space 640K,   0% used [0x00000000ff200000, 0x00000000ff201830, 0x00000000ff2a0000)
  to   space 640K,   0% used [0x00000000ff160000, 0x00000000ff160000, 0x00000000ff200000)
 concurrent mark-sweep generation total 13696K, used 6309K [0x00000000ff2a0000, 0x0000000100000000, 0x0000000100000000)
 Metaspace       used 5076K, capacity 5258K, committed 5504K, reserved 1056768K
  class space    used 557K, capacity 597K, committed 640K, reserved 1048576K
}
2024-07-16T11:01:36.467+0800: 1.348: [GC (CMS Initial Mark) [1 CMS-initial-mark: 6309K(13696K)] 7341K(19840K), 0.0002611 secs] [Times: user=0.00 sys=0.00, real=0.00 secs] 
2024-07-16T11:01:36.467+0800: 1.348: [CMS-concurrent-mark-start]
2024-07-16T11:01:36.471+0800: 1.351: [CMS-concurrent-mark: 0.003/0.003 secs] [Times: user=0.05 sys=0.00, real=0.00 secs] 
2024-07-16T11:01:36.471+0800: 1.351: [CMS-concurrent-preclean-start]
2024-07-16T11:01:36.471+0800: 1.351: [CMS-concurrent-preclean: 0.000/0.000 secs] [Times: user=0.00 sys=0.00, real=0.00 secs] 
2024-07-16T11:01:36.471+0800: 1.351: [CMS-concurrent-abortable-preclean-start]
{Heap before GC invocations=159 (full 21):
 par new generation   total 6144K, used 5235K [0x00000000fec00000, 0x00000000ff2a0000, 0x00000000ff2a0000)
  eden space 5504K,  95% used [0x00000000fec00000, 0x00000000ff11b778, 0x00000000ff160000)
  from space 640K,   0% used [0x00000000ff200000, 0x00000000ff201830, 0x00000000ff2a0000)
  to   space 640K,   0% used [0x00000000ff160000, 0x00000000ff160000, 0x00000000ff200000)
 concurrent mark-sweep generation total 13696K, used 6309K [0x00000000ff2a0000, 0x0000000100000000, 0x0000000100000000)
 Metaspace       used 5076K, capacity 5258K, committed 5504K, reserved 1056768K
  class space    used 557K, capacity 597K, committed 640K, reserved 1048576K
2024-07-16T11:01:36.476+0800: 1.356: [GC (Allocation Failure) 2024-07-16T11:01:36.476+0800: 1.356: [ParNew: 5235K->8K(6144K), 0.0009518 secs] 11545K->7341K(19840K), 0.0010005 secs] [Times: user=0.00 sys=0.00, real=0.00 secs] 
Heap after GC invocations=160 (full 21):
 par new generation   total 6144K, used 8K [0x00000000fec00000, 0x00000000ff2a0000, 0x00000000ff2a0000)
  eden space 5504K,   0% used [0x00000000fec00000, 0x00000000fec00000, 0x00000000ff160000)
  from space 640K,   1% used [0x00000000ff160000, 0x00000000ff162040, 0x00000000ff200000)
  to   space 640K,   0% used [0x00000000ff200000, 0x00000000ff200000, 0x00000000ff2a0000)
 concurrent mark-sweep generation total 13696K, used 7333K [0x00000000ff2a0000, 0x0000000100000000, 0x0000000100000000)
 Metaspace       used 5076K, capacity 5258K, committed 5504K, reserved 1056768K
  class space    used 557K, capacity 597K, committed 640K, reserved 1048576K
}
{Heap before GC invocations=160 (full 21):
 par new generation   total 6144K, used 5237K [0x00000000fec00000, 0x00000000ff2a0000, 0x00000000ff2a0000)
  eden space 5504K,  95% used [0x00000000fec00000, 0x00000000ff11b778, 0x00000000ff160000)
  from space 640K,   1% used [0x00000000ff160000, 0x00000000ff162040, 0x00000000ff200000)
  to   space 640K,   0% used [0x00000000ff200000, 0x00000000ff200000, 0x00000000ff2a0000)
 concurrent mark-sweep generation total 13696K, used 7333K [0x00000000ff2a0000, 0x0000000100000000, 0x0000000100000000)
 Metaspace       used 5076K, capacity 5258K, committed 5504K, reserved 1056768K
  class space    used 557K, capacity 597K, committed 640K, reserved 1048576K
2024-07-16T11:01:36.483+0800: 1.363: [GC (Allocation Failure) 2024-07-16T11:01:36.483+0800: 1.363: [ParNew: 5237K->8K(6144K), 0.0009838 secs] 12571K->8367K(19840K), 0.0010723 secs] [Times: user=0.00 sys=0.00, real=0.00 secs] 
Heap after GC invocations=161 (full 21):
 par new generation   total 6144K, used 8K [0x00000000fec00000, 0x00000000ff2a0000, 0x00000000ff2a0000)
  eden space 5504K,   0% used [0x00000000fec00000, 0x00000000fec00000, 0x00000000ff160000)
  from space 640K,   1% used [0x00000000ff200000, 0x00000000ff202040, 0x00000000ff2a0000)
  to   space 640K,   0% used [0x00000000ff160000, 0x00000000ff160000, 0x00000000ff200000)
 concurrent mark-sweep generation total 13696K, used 8359K [0x00000000ff2a0000, 0x0000000100000000, 0x0000000100000000)
 Metaspace       used 5076K, capacity 5258K, committed 5504K, reserved 1056768K
  class space    used 557K, capacity 597K, committed 640K, reserved 1048576K
}
{Heap before GC invocations=161 (full 21):
 par new generation   total 6144K, used 5237K [0x00000000fec00000, 0x00000000ff2a0000, 0x00000000ff2a0000)
  eden space 5504K,  95% used [0x00000000fec00000, 0x00000000ff11b778, 0x00000000ff160000)
  from space 640K,   1% used [0x00000000ff200000, 0x00000000ff202040, 0x00000000ff2a0000)
  to   space 640K,   0% used [0x00000000ff160000, 0x00000000ff160000, 0x00000000ff200000)
 concurrent mark-sweep generation total 13696K, used 8359K [0x00000000ff2a0000, 0x0000000100000000, 0x0000000100000000)
 Metaspace       used 5076K, capacity 5258K, committed 5504K, reserved 1056768K
  class space    used 557K, capacity 597K, committed 640K, reserved 1048576K
2024-07-16T11:01:36.491+0800: 1.371: [GC (Allocation Failure) 2024-07-16T11:01:36.491+0800: 1.371: [ParNew: 5237K->8K(6144K), 0.0013980 secs] 13597K->9393K(19840K), 0.0014928 secs] [Times: user=0.00 sys=0.00, real=0.00 secs] 
Heap after GC invocations=162 (full 21):
 par new generation   total 6144K, used 8K [0x00000000fec00000, 0x00000000ff2a0000, 0x00000000ff2a0000)
  eden space 5504K,   0% used [0x00000000fec00000, 0x00000000fec00000, 0x00000000ff160000)
  from space 640K,   1% used [0x00000000ff160000, 0x00000000ff162040, 0x00000000ff200000)
  to   space 640K,   0% used [0x00000000ff200000, 0x00000000ff200000, 0x00000000ff2a0000)
 concurrent mark-sweep generation total 13696K, used 9385K [0x00000000ff2a0000, 0x0000000100000000, 0x0000000100000000)
 Metaspace       used 5076K, capacity 5258K, committed 5504K, reserved 1056768K
  class space    used 557K, capacity 597K, committed 640K, reserved 1048576K
}
{Heap before GC invocations=162 (full 21):
 par new generation   total 6144K, used 5237K [0x00000000fec00000, 0x00000000ff2a0000, 0x00000000ff2a0000)
  eden space 5504K,  95% used [0x00000000fec00000, 0x00000000ff11b778, 0x00000000ff160000)
  from space 640K,   1% used [0x00000000ff160000, 0x00000000ff162040, 0x00000000ff200000)
  to   space 640K,   0% used [0x00000000ff200000, 0x00000000ff200000, 0x00000000ff2a0000)
 concurrent mark-sweep generation total 13696K, used 9385K [0x00000000ff2a0000, 0x0000000100000000, 0x0000000100000000)
 Metaspace       used 5076K, capacity 5258K, committed 5504K, reserved 1056768K
  class space    used 557K, capacity 597K, committed 640K, reserved 1048576K
2024-07-16T11:01:36.498+0800: 1.378: [GC (Allocation Failure) 2024-07-16T11:01:36.498+0800: 1.378: [ParNew: 5237K->8K(6144K), 0.0012473 secs] 14623K->10419K(19840K), 0.0013549 secs] [Times: user=0.00 sys=0.00, real=0.00 secs] 
Heap after GC invocations=163 (full 21):
 par new generation   total 6144K, used 8K [0x00000000fec00000, 0x00000000ff2a0000, 0x00000000ff2a0000)
  eden space 5504K,   0% used [0x00000000fec00000, 0x00000000fec00000, 0x00000000ff160000)
  from space 640K,   1% used [0x00000000ff200000, 0x00000000ff202040, 0x00000000ff2a0000)
  to   space 640K,   0% used [0x00000000ff160000, 0x00000000ff160000, 0x00000000ff200000)
 concurrent mark-sweep generation total 13696K, used 10411K [0x00000000ff2a0000, 0x0000000100000000, 0x0000000100000000)
 Metaspace       used 5076K, capacity 5258K, committed 5504K, reserved 1056768K
  class space    used 557K, capacity 597K, committed 640K, reserved 1048576K
}
{Heap before GC invocations=163 (full 21):
 par new generation   total 6144K, used 5237K [0x00000000fec00000, 0x00000000ff2a0000, 0x00000000ff2a0000)
  eden space 5504K,  95% used [0x00000000fec00000, 0x00000000ff11b780, 0x00000000ff160000)
  from space 640K,   1% used [0x00000000ff200000, 0x00000000ff202040, 0x00000000ff2a0000)
  to   space 640K,   0% used [0x00000000ff160000, 0x00000000ff160000, 0x00000000ff200000)
 concurrent mark-sweep generation total 13696K, used 10411K [0x00000000ff2a0000, 0x0000000100000000, 0x0000000100000000)
 Metaspace       used 5076K, capacity 5258K, committed 5504K, reserved 1056768K
  class space    used 557K, capacity 597K, committed 640K, reserved 1048576K
2024-07-16T11:01:36.508+0800: 1.388: [GC (Allocation Failure) 2024-07-16T11:01:36.508+0800: 1.388: [ParNew: 5237K->4K(6144K), 0.0011827 secs] 15649K->10415K(19840K), 0.0012771 secs] [Times: user=0.00 sys=0.00, real=0.00 secs] 
Heap after GC invocations=164 (full 21):
 par new generation   total 6144K, used 4K [0x00000000fec00000, 0x00000000ff2a0000, 0x00000000ff2a0000)
  eden space 5504K,   0% used [0x00000000fec00000, 0x00000000fec00000, 0x00000000ff160000)
  from space 640K,   0% used [0x00000000ff160000, 0x00000000ff161020, 0x00000000ff200000)
  to   space 640K,   0% used [0x00000000ff200000, 0x00000000ff200000, 0x00000000ff2a0000)
 concurrent mark-sweep generation total 13696K, used 10411K [0x00000000ff2a0000, 0x0000000100000000, 0x0000000100000000)
 Metaspace       used 5076K, capacity 5258K, committed 5504K, reserved 1056768K
  class space    used 557K, capacity 597K, committed 640K, reserved 1048576K
}
{Heap before GC invocations=164 (full 21):
 par new generation   total 6144K, used 5233K [0x00000000fec00000, 0x00000000ff2a0000, 0x00000000ff2a0000)
  eden space 5504K,  95% used [0x00000000fec00000, 0x00000000ff11b780, 0x00000000ff160000)
  from space 640K,   0% used [0x00000000ff160000, 0x00000000ff161020, 0x00000000ff200000)
  to   space 640K,   0% used [0x00000000ff200000, 0x00000000ff200000, 0x00000000ff2a0000)
 concurrent mark-sweep generation total 13696K, used 10411K [0x00000000ff2a0000, 0x0000000100000000, 0x0000000100000000)
 Metaspace       used 5076K, capacity 5258K, committed 5504K, reserved 1056768K
  class space    used 557K, capacity 597K, committed 640K, reserved 1048576K
2024-07-16T11:01:36.516+0800: 1.396: [GC (Allocation Failure) 2024-07-16T11:01:36.516+0800: 1.396: [ParNew: 5233K->8K(6144K), 0.0014323 secs] 15645K->11445K(19840K), 0.0015295 secs] [Times: user=0.00 sys=0.00, real=0.00 secs] 
Heap after GC invocations=165 (full 21):
 par new generation   total 6144K, used 8K [0x00000000fec00000, 0x00000000ff2a0000, 0x00000000ff2a0000)
  eden space 5504K,   0% used [0x00000000fec00000, 0x00000000fec00000, 0x00000000ff160000)
  from space 640K,   1% used [0x00000000ff200000, 0x00000000ff202040, 0x00000000ff2a0000)
  to   space 640K,   0% used [0x00000000ff160000, 0x00000000ff160000, 0x00000000ff200000)
 concurrent mark-sweep generation total 13696K, used 11437K [0x00000000ff2a0000, 0x0000000100000000, 0x0000000100000000)
 Metaspace       used 5076K, capacity 5258K, committed 5504K, reserved 1056768K
  class space    used 557K, capacity 597K, committed 640K, reserved 1048576K
}
{Heap before GC invocations=165 (full 21):
 par new generation   total 6144K, used 5237K [0x00000000fec00000, 0x00000000ff2a0000, 0x00000000ff2a0000)
  eden space 5504K,  95% used [0x00000000fec00000, 0x00000000ff11b780, 0x00000000ff160000)
  from space 640K,   1% used [0x00000000ff200000, 0x00000000ff202040, 0x00000000ff2a0000)
  to   space 640K,   0% used [0x00000000ff160000, 0x00000000ff160000, 0x00000000ff200000)
 concurrent mark-sweep generation total 13696K, used 11437K [0x00000000ff2a0000, 0x0000000100000000, 0x0000000100000000)
 Metaspace       used 5076K, capacity 5258K, committed 5504K, reserved 1056768K
  class space    used 557K, capacity 597K, committed 640K, reserved 1048576K
2024-07-16T11:01:36.525+0800: 1.405: [GC (Allocation Failure) 2024-07-16T11:01:36.525+0800: 1.405: [ParNew: 5237K->12K(6144K), 0.0014088 secs] 16675K->13498K(19840K), 0.0015282 secs] [Times: user=0.00 sys=0.00, real=0.00 secs] 
Heap after GC invocations=166 (full 21):
 par new generation   total 6144K, used 12K [0x00000000fec00000, 0x00000000ff2a0000, 0x00000000ff2a0000)
  eden space 5504K,   0% used [0x00000000fec00000, 0x00000000fec00000, 0x00000000ff160000)
  from space 640K,   2% used [0x00000000ff160000, 0x00000000ff163398, 0x00000000ff200000)
  to   space 640K,   0% used [0x00000000ff200000, 0x00000000ff200000, 0x00000000ff2a0000)
 concurrent mark-sweep generation total 13696K, used 13485K [0x00000000ff2a0000, 0x0000000100000000, 0x0000000100000000)
 Metaspace       used 5076K, capacity 5258K, committed 5504K, reserved 1056768K
  class space    used 557K, capacity 597K, committed 640K, reserved 1048576K
}
2024-07-16T11:01:36.526+0800: 1.407: [CMS-concurrent-abortable-preclean: 0.001/0.056 secs] [Times: user=0.03 sys=0.00, real=0.06 secs] 
2024-07-16T11:01:36.527+0800: 1.407: [GC (CMS Final Remark) [YG occupancy: 1144 K (6144 K)]2024-07-16T11:01:36.527+0800: 1.407: [Rescan (parallel) , 0.0004932 secs]2024-07-16T11:01:36.527+0800: 1.408: [weak refs processing, 0.0000259 secs]2024-07-16T11:01:36.527+0800: 1.408: [class unloading, 0.0007591 secs]2024-07-16T11:01:36.528+0800: 1.408: [scrub symbol table, 0.0008161 secs]2024-07-16T11:01:36.529+0800: 1.409: [scrub string table, 0.0002458 secs][1 CMS-remark: 13485K(13696K)] 14630K(19840K), 0.0024562 secs] [Times: user=0.00 sys=0.00, real=0.00 secs] 
2024-07-16T11:01:36.529+0800: 1.410: [CMS-concurrent-sweep-start]
2024-07-16T11:01:36.530+0800: 1.410: [CMS-concurrent-sweep: 0.001/0.001 secs] [Times: user=0.00 sys=0.00, real=0.00 secs] 
2024-07-16T11:01:36.530+0800: 1.410: [CMS-concurrent-reset-start]
2024-07-16T11:01:36.530+0800: 1.410: [CMS-concurrent-reset: 0.000/0.000 secs] [Times: user=0.00 sys=0.00, real=0.00 secs] 
{Heap before GC invocations=166 (full 21):
 par new generation   total 6144K, used 5242K [0x00000000fec00000, 0x00000000ff2a0000, 0x00000000ff2a0000)
  eden space 5504K,  95% used [0x00000000fec00000, 0x00000000ff11b780, 0x00000000ff160000)
  from space 640K,   2% used [0x00000000ff160000, 0x00000000ff163398, 0x00000000ff200000)
  to   space 640K,   0% used [0x00000000ff200000, 0x00000000ff200000, 0x00000000ff2a0000)
 concurrent mark-sweep generation total 13696K, used 8365K [0x00000000ff2a0000, 0x0000000100000000, 0x0000000100000000)
 Metaspace       used 5076K, capacity 5258K, committed 5504K, reserved 1056768K
  class space    used 557K, capacity 597K, committed 640K, reserved 1048576K
2024-07-16T11:01:36.534+0800: 1.414: [GC (Allocation Failure) 2024-07-16T11:01:36.534+0800: 1.414: [ParNew: 5242K->12K(6144K), 0.0014343 secs] 13607K->9401K(19840K), 0.0015433 secs] [Times: user=0.00 sys=0.00, real=0.00 secs] 
Heap after GC invocations=167 (full 21):
 par new generation   total 6144K, used 12K [0x00000000fec00000, 0x00000000ff2a0000, 0x00000000ff2a0000)
  eden space 5504K,   0% used [0x00000000fec00000, 0x00000000fec00000, 0x00000000ff160000)
  from space 640K,   2% used [0x00000000ff200000, 0x00000000ff203398, 0x00000000ff2a0000)
  to   space 640K,   0% used [0x00000000ff160000, 0x00000000ff160000, 0x00000000ff200000)
 concurrent mark-sweep generation total 13696K, used 9389K [0x00000000ff2a0000, 0x0000000100000000, 0x0000000100000000)
 Metaspace       used 5076K, capacity 5258K, committed 5504K, reserved 1056768K
  class space    used 557K, capacity 597K, committed 640K, reserved 1048576K
}
2024-07-16T11:01:36.536+0800: 1.416: [GC (CMS Initial Mark) [1 CMS-initial-mark: 9389K(13696K)] 10427K(19840K), 0.0004979 secs] [Times: user=0.00 sys=0.00, real=0.00 secs] 
2024-07-16T11:01:36.536+0800: 1.417: [CMS-concurrent-mark-start]
2024-07-16T11:01:36.540+0800: 1.421: [CMS-concurrent-mark: 0.004/0.004 secs] [Times: user=0.00 sys=0.00, real=0.00 secs] 
2024-07-16T11:01:36.540+0800: 1.421: [CMS-concurrent-preclean-start]
2024-07-16T11:01:36.540+0800: 1.421: [CMS-concurrent-preclean: 0.000/0.000 secs] [Times: user=0.00 sys=0.00, real=0.00 secs] 
2024-07-16T11:01:36.540+0800: 1.421: [CMS-concurrent-abortable-preclean-start]
{Heap before GC invocations=167 (full 22):
 par new generation   total 6144K, used 5242K [0x00000000fec00000, 0x00000000ff2a0000, 0x00000000ff2a0000)
  eden space 5504K,  95% used [0x00000000fec00000, 0x00000000ff11b7a0, 0x00000000ff160000)
  from space 640K,   2% used [0x00000000ff200000, 0x00000000ff203398, 0x00000000ff2a0000)
  to   space 640K,   0% used [0x00000000ff160000, 0x00000000ff160000, 0x00000000ff200000)
 concurrent mark-sweep generation total 13696K, used 9389K [0x00000000ff2a0000, 0x0000000100000000, 0x0000000100000000)
 Metaspace       used 5076K, capacity 5258K, committed 5504K, reserved 1056768K
  class space    used 557K, capacity 597K, committed 640K, reserved 1048576K
2024-07-16T11:01:36.545+0800: 1.425: [GC (Allocation Failure) 2024-07-16T11:01:36.545+0800: 1.425: [ParNew: 5242K->12K(6144K), 0.0011255 secs] 14631K->10425K(19840K), 0.0012044 secs] [Times: user=0.00 sys=0.00, real=0.00 secs] 
Heap after GC invocations=168 (full 22):
 par new generation   total 6144K, used 12K [0x00000000fec00000, 0x00000000ff2a0000, 0x00000000ff2a0000)
  eden space 5504K,   0% used [0x00000000fec00000, 0x00000000fec00000, 0x00000000ff160000)
  from space 640K,   2% used [0x00000000ff160000, 0x00000000ff163398, 0x00000000ff200000)
  to   space 640K,   0% used [0x00000000ff200000, 0x00000000ff200000, 0x00000000ff2a0000)
 concurrent mark-sweep generation total 13696K, used 10413K [0x00000000ff2a0000, 0x0000000100000000, 0x0000000100000000)
 Metaspace       used 5076K, capacity 5258K, committed 5504K, reserved 1056768K
  class space    used 557K, capacity 597K, committed 640K, reserved 1048576K
}
{Heap before GC invocations=168 (full 22):
 par new generation   total 6144K, used 5242K [0x00000000fec00000, 0x00000000ff2a0000, 0x00000000ff2a0000)
  eden space 5504K,  95% used [0x00000000fec00000, 0x00000000ff11b790, 0x00000000ff160000)
  from space 640K,   2% used [0x00000000ff160000, 0x00000000ff163398, 0x00000000ff200000)
  to   space 640K,   0% used [0x00000000ff200000, 0x00000000ff200000, 0x00000000ff2a0000)
 concurrent mark-sweep generation total 13696K, used 10413K [0x00000000ff2a0000, 0x0000000100000000, 0x0000000100000000)
 Metaspace       used 5076K, capacity 5258K, committed 5504K, reserved 1056768K
  class space    used 557K, capacity 597K, committed 640K, reserved 1048576K
2024-07-16T11:01:36.552+0800: 1.432: [GC (Allocation Failure) 2024-07-16T11:01:36.552+0800: 1.432: [ParNew: 5242K->12K(6144K), 0.0011642 secs] 15655K->11449K(19840K), 0.0012723 secs] [Times: user=0.00 sys=0.00, real=0.00 secs] 
Heap after GC invocations=169 (full 22):
 par new generation   total 6144K, used 12K [0x00000000fec00000, 0x00000000ff2a0000, 0x00000000ff2a0000)
  eden space 5504K,   0% used [0x00000000fec00000, 0x00000000fec00000, 0x00000000ff160000)
  from space 640K,   2% used [0x00000000ff200000, 0x00000000ff203398, 0x00000000ff2a0000)
  to   space 640K,   0% used [0x00000000ff160000, 0x00000000ff160000, 0x00000000ff200000)
 concurrent mark-sweep generation total 13696K, used 11437K [0x00000000ff2a0000, 0x0000000100000000, 0x0000000100000000)
 Metaspace       used 5076K, capacity 5258K, committed 5504K, reserved 1056768K
  class space    used 557K, capacity 597K, committed 640K, reserved 1048576K
}
{Heap before GC invocations=169 (full 22):
 par new generation   total 6144K, used 5242K [0x00000000fec00000, 0x00000000ff2a0000, 0x00000000ff2a0000)
  eden space 5504K,  95% used [0x00000000fec00000, 0x00000000ff11b788, 0x00000000ff160000)
  from space 640K,   2% used [0x00000000ff200000, 0x00000000ff203398, 0x00000000ff2a0000)
  to   space 640K,   0% used [0x00000000ff160000, 0x00000000ff160000, 0x00000000ff200000)
 concurrent mark-sweep generation total 13696K, used 11437K [0x00000000ff2a0000, 0x0000000100000000, 0x0000000100000000)
 Metaspace       used 5076K, capacity 5258K, committed 5504K, reserved 1056768K
  class space    used 557K, capacity 597K, committed 640K, reserved 1048576K
2024-07-16T11:01:36.559+0800: 1.439: [GC (Allocation Failure) 2024-07-16T11:01:36.559+0800: 1.439: [ParNew: 5242K->10K(6144K), 0.0014378 secs] 16679K->12471K(19840K), 0.0015458 secs] [Times: user=0.00 sys=0.00, real=0.00 secs] 
Heap after GC invocations=170 (full 22):
 par new generation   total 6144K, used 10K [0x00000000fec00000, 0x00000000ff2a0000, 0x00000000ff2a0000)
  eden space 5504K,   0% used [0x00000000fec00000, 0x00000000fec00000, 0x00000000ff160000)
  from space 640K,   1% used [0x00000000ff160000, 0x00000000ff162b88, 0x00000000ff200000)
  to   space 640K,   0% used [0x00000000ff200000, 0x00000000ff200000, 0x00000000ff2a0000)
 concurrent mark-sweep generation total 13696K, used 12461K [0x00000000ff2a0000, 0x0000000100000000, 0x0000000100000000)
 Metaspace       used 5076K, capacity 5258K, committed 5504K, reserved 1056768K
  class space    used 557K, capacity 597K, committed 640K, reserved 1048576K
}
{Heap before GC invocations=170 (full 22):
 par new generation   total 6144K, used 5240K [0x00000000fec00000, 0x00000000ff2a0000, 0x00000000ff2a0000)
  eden space 5504K,  95% used [0x00000000fec00000, 0x00000000ff11b788, 0x00000000ff160000)
  from space 640K,   1% used [0x00000000ff160000, 0x00000000ff162b88, 0x00000000ff200000)
  to   space 640K,   0% used [0x00000000ff200000, 0x00000000ff200000, 0x00000000ff2a0000)
 concurrent mark-sweep generation total 13696K, used 12461K [0x00000000ff2a0000, 0x0000000100000000, 0x0000000100000000)
 Metaspace       used 5076K, capacity 5258K, committed 5504K, reserved 1056768K
  class space    used 557K, capacity 597K, committed 640K, reserved 1048576K
2024-07-16T11:01:36.568+0800: 1.448: [GC (Allocation Failure) 2024-07-16T11:01:36.568+0800: 1.448: [ParNew: 5240K->5240K(6144K), 0.0000254 secs]2024-07-16T11:01:36.568+0800: 1.448: [CMS2024-07-16T11:01:36.568+0800: 1.448: [CMS-concurrent-abortable-preclean: 0.000/0.027 secs] [Times: user=0.00 sys=0.00, real=0.03 secs] 
 (concurrent mode failure): 12461K->1184K(13696K), 0.0051657 secs] 17701K->1184K(19840K), [Metaspace: 5076K->5076K(1056768K)], 0.0052712 secs] [Times: user=0.00 sys=0.00, real=0.00 secs] 
Heap after GC invocations=171 (full 23):
 par new generation   total 6144K, used 0K [0x00000000fec00000, 0x00000000ff2a0000, 0x00000000ff2a0000)
  eden space 5504K,   0% used [0x00000000fec00000, 0x00000000fec00000, 0x00000000ff160000)
  from space 640K,   0% used [0x00000000ff160000, 0x00000000ff160000, 0x00000000ff200000)
  to   space 640K,   0% used [0x00000000ff200000, 0x00000000ff200000, 0x00000000ff2a0000)
 concurrent mark-sweep generation total 13696K, used 1184K [0x00000000ff2a0000, 0x0000000100000000, 0x0000000100000000)
 Metaspace       used 5076K, capacity 5258K, committed 5504K, reserved 1056768K
  class space    used 557K, capacity 597K, committed 640K, reserved 1048576K
}
{Heap before GC invocations=171 (full 23):
 par new generation   total 6144K, used 5229K [0x00000000fec00000, 0x00000000ff2a0000, 0x00000000ff2a0000)
  eden space 5504K,  95% used [0x00000000fec00000, 0x00000000ff11b780, 0x00000000ff160000)
  from space 640K,   0% used [0x00000000ff160000, 0x00000000ff160000, 0x00000000ff200000)
  to   space 640K,   0% used [0x00000000ff200000, 0x00000000ff200000, 0x00000000ff2a0000)
 concurrent mark-sweep generation total 13696K, used 1184K [0x00000000ff2a0000, 0x0000000100000000, 0x0000000100000000)
 Metaspace       used 5076K, capacity 5258K, committed 5504K, reserved 1056768K
  class space    used 557K, capacity 597K, committed 640K, reserved 1048576K
2024-07-16T11:01:36.579+0800: 1.459: [GC (Allocation Failure) 2024-07-16T11:01:36.579+0800: 1.459: [ParNew: 5229K->6K(6144K), 0.0010826 secs] 6414K->2216K(19840K), 0.0011792 secs] [Times: user=0.00 sys=0.00, real=0.00 secs] 
Heap after GC invocations=172 (full 23):
 par new generation   total 6144K, used 6K [0x00000000fec00000, 0x00000000ff2a0000, 0x00000000ff2a0000)
  eden space 5504K,   0% used [0x00000000fec00000, 0x00000000fec00000, 0x00000000ff160000)
  from space 640K,   0% used [0x00000000ff200000, 0x00000000ff201830, 0x00000000ff2a0000)
  to   space 640K,   0% used [0x00000000ff160000, 0x00000000ff160000, 0x00000000ff200000)
 concurrent mark-sweep generation total 13696K, used 2210K [0x00000000ff2a0000, 0x0000000100000000, 0x0000000100000000)
 Metaspace       used 5076K, capacity 5258K, committed 5504K, reserved 1056768K
  class space    used 557K, capacity 597K, committed 640K, reserved 1048576K
}
{Heap before GC invocations=172 (full 23):
 par new generation   total 6144K, used 5235K [0x00000000fec00000, 0x00000000ff2a0000, 0x00000000ff2a0000)
  eden space 5504K,  95% used [0x00000000fec00000, 0x00000000ff11b780, 0x00000000ff160000)
  from space 640K,   0% used [0x00000000ff200000, 0x00000000ff201830, 0x00000000ff2a0000)
  to   space 640K,   0% used [0x00000000ff160000, 0x00000000ff160000, 0x00000000ff200000)
 concurrent mark-sweep generation total 13696K, used 2210K [0x00000000ff2a0000, 0x0000000100000000, 0x0000000100000000)
 Metaspace       used 5076K, capacity 5258K, committed 5504K, reserved 1056768K
  class space    used 557K, capacity 597K, committed 640K, reserved 1048576K
2024-07-16T11:01:36.588+0800: 1.468: [GC (Allocation Failure) 2024-07-16T11:01:36.588+0800: 1.468: [ParNew: 5235K->4K(6144K), 0.0010352 secs] 7446K->2214K(19840K), 0.0011453 secs] [Times: user=0.00 sys=0.00, real=0.00 secs] 
Heap after GC invocations=173 (full 23):
 par new generation   total 6144K, used 4K [0x00000000fec00000, 0x00000000ff2a0000, 0x00000000ff2a0000)
  eden space 5504K,   0% used [0x00000000fec00000, 0x00000000fec00000, 0x00000000ff160000)
  from space 640K,   0% used [0x00000000ff160000, 0x00000000ff161020, 0x00000000ff200000)
  to   space 640K,   0% used [0x00000000ff200000, 0x00000000ff200000, 0x00000000ff2a0000)
 concurrent mark-sweep generation total 13696K, used 2210K [0x00000000ff2a0000, 0x0000000100000000, 0x0000000100000000)
 Metaspace       used 5076K, capacity 5258K, committed 5504K, reserved 1056768K
  class space    used 557K, capacity 597K, committed 640K, reserved 1048576K
}
{Heap before GC invocations=173 (full 23):
 par new generation   total 6144K, used 5233K [0x00000000fec00000, 0x00000000ff2a0000, 0x00000000ff2a0000)
  eden space 5504K,  95% used [0x00000000fec00000, 0x00000000ff11b780, 0x00000000ff160000)
  from space 640K,   0% used [0x00000000ff160000, 0x00000000ff161020, 0x00000000ff200000)
  to   space 640K,   0% used [0x00000000ff200000, 0x00000000ff200000, 0x00000000ff2a0000)
 concurrent mark-sweep generation total 13696K, used 2210K [0x00000000ff2a0000, 0x0000000100000000, 0x0000000100000000)
 Metaspace       used 5076K, capacity 5258K, committed 5504K, reserved 1056768K
  class space    used 557K, capacity 597K, committed 640K, reserved 1048576K
2024-07-16T11:01:36.596+0800: 1.476: [GC (Allocation Failure) 2024-07-16T11:01:36.596+0800: 1.476: [ParNew: 5233K->2K(6144K), 0.0013126 secs] 7444K->2212K(19840K), 0.0014277 secs] [Times: user=0.00 sys=0.00, real=0.00 secs] 
Heap after GC invocations=174 (full 23):
 par new generation   total 6144K, used 2K [0x00000000fec00000, 0x00000000ff2a0000, 0x00000000ff2a0000)
  eden space 5504K,   0% used [0x00000000fec00000, 0x00000000fec00000, 0x00000000ff160000)
  from space 640K,   0% used [0x00000000ff200000, 0x00000000ff200810, 0x00000000ff2a0000)
  to   space 640K,   0% used [0x00000000ff160000, 0x00000000ff160000, 0x00000000ff200000)
 concurrent mark-sweep generation total 13696K, used 2210K [0x00000000ff2a0000, 0x0000000100000000, 0x0000000100000000)
 Metaspace       used 5076K, capacity 5258K, committed 5504K, reserved 1056768K
  class space    used 557K, capacity 597K, committed 640K, reserved 1048576K
}
{Heap before GC invocations=174 (full 23):
 par new generation   total 6144K, used 5231K [0x00000000fec00000, 0x00000000ff2a0000, 0x00000000ff2a0000)
  eden space 5504K,  95% used [0x00000000fec00000, 0x00000000ff11b780, 0x00000000ff160000)
  from space 640K,   0% used [0x00000000ff200000, 0x00000000ff200810, 0x00000000ff2a0000)
  to   space 640K,   0% used [0x00000000ff160000, 0x00000000ff160000, 0x00000000ff200000)
 concurrent mark-sweep generation total 13696K, used 2210K [0x00000000ff2a0000, 0x0000000100000000, 0x0000000100000000)
 Metaspace       used 5076K, capacity 5258K, committed 5504K, reserved 1056768K
  class space    used 557K, capacity 597K, committed 640K, reserved 1048576K
2024-07-16T11:01:36.603+0800: 1.483: [GC (Allocation Failure) 2024-07-16T11:01:36.603+0800: 1.483: [ParNew: 5231K->6K(6144K), 0.0014613 secs] 7442K->3242K(19840K), 0.0015604 secs] [Times: user=0.00 sys=0.00, real=0.00 secs] 
Heap after GC invocations=175 (full 23):
 par new generation   total 6144K, used 6K [0x00000000fec00000, 0x00000000ff2a0000, 0x00000000ff2a0000)
  eden space 5504K,   0% used [0x00000000fec00000, 0x00000000fec00000, 0x00000000ff160000)
  from space 640K,   0% used [0x00000000ff160000, 0x00000000ff161830, 0x00000000ff200000)
  to   space 640K,   0% used [0x00000000ff200000, 0x00000000ff200000, 0x00000000ff2a0000)
 concurrent mark-sweep generation total 13696K, used 3236K [0x00000000ff2a0000, 0x0000000100000000, 0x0000000100000000)
 Metaspace       used 5076K, capacity 5258K, committed 5504K, reserved 1056768K
  class space    used 557K, capacity 597K, committed 640K, reserved 1048576K
}
{Heap before GC invocations=175 (full 23):
 par new generation   total 6144K, used 5235K [0x00000000fec00000, 0x00000000ff2a0000, 0x00000000ff2a0000)
  eden space 5504K,  95% used [0x00000000fec00000, 0x00000000ff11b780, 0x00000000ff160000)
  from space 640K,   0% used [0x00000000ff160000, 0x00000000ff161830, 0x00000000ff200000)
  to   space 640K,   0% used [0x00000000ff200000, 0x00000000ff200000, 0x00000000ff2a0000)
 concurrent mark-sweep generation total 13696K, used 3236K [0x00000000ff2a0000, 0x0000000100000000, 0x0000000100000000)
 Metaspace       used 5076K, capacity 5258K, committed 5504K, reserved 1056768K
  class space    used 557K, capacity 597K, committed 640K, reserved 1048576K
2024-07-16T11:01:36.611+0800: 1.491: [GC (Allocation Failure) 2024-07-16T11:01:36.611+0800: 1.491: [ParNew: 5235K->6K(6144K), 0.0014945 secs] 8472K->4268K(19840K), 0.0015930 secs] [Times: user=0.16 sys=0.00, real=0.00 secs] 
Heap after GC invocations=176 (full 23):
 par new generation   total 6144K, used 6K [0x00000000fec00000, 0x00000000ff2a0000, 0x00000000ff2a0000)
  eden space 5504K,   0% used [0x00000000fec00000, 0x00000000fec00000, 0x00000000ff160000)
  from space 640K,   0% used [0x00000000ff200000, 0x00000000ff201830, 0x00000000ff2a0000)
  to   space 640K,   0% used [0x00000000ff160000, 0x00000000ff160000, 0x00000000ff200000)
 concurrent mark-sweep generation total 13696K, used 4262K [0x00000000ff2a0000, 0x0000000100000000, 0x0000000100000000)
 Metaspace       used 5076K, capacity 5258K, committed 5504K, reserved 1056768K
  class space    used 557K, capacity 597K, committed 640K, reserved 1048576K
}
{Heap before GC invocations=176 (full 23):
 par new generation   total 6144K, used 5235K [0x00000000fec00000, 0x00000000ff2a0000, 0x00000000ff2a0000)
  eden space 5504K,  95% used [0x00000000fec00000, 0x00000000ff11b780, 0x00000000ff160000)
  from space 640K,   0% used [0x00000000ff200000, 0x00000000ff201830, 0x00000000ff2a0000)
  to   space 640K,   0% used [0x00000000ff160000, 0x00000000ff160000, 0x00000000ff200000)
 concurrent mark-sweep generation total 13696K, used 4262K [0x00000000ff2a0000, 0x0000000100000000, 0x0000000100000000)
 Metaspace       used 5076K, capacity 5258K, committed 5504K, reserved 1056768K
  class space    used 557K, capacity 597K, committed 640K, reserved 1048576K
2024-07-16T11:01:36.620+0800: 1.500: [GC (Allocation Failure) 2024-07-16T11:01:36.620+0800: 1.500: [ParNew: 5235K->6K(6144K), 0.0014604 secs] 9498K->5292K(19840K), 0.0016125 secs] [Times: user=0.00 sys=0.00, real=0.00 secs] 
Heap after GC invocations=177 (full 23):
 par new generation   total 6144K, used 6K [0x00000000fec00000, 0x00000000ff2a0000, 0x00000000ff2a0000)
  eden space 5504K,   0% used [0x00000000fec00000, 0x00000000fec00000, 0x00000000ff160000)
  from space 640K,   0% used [0x00000000ff160000, 0x00000000ff161830, 0x00000000ff200000)
  to   space 640K,   0% used [0x00000000ff200000, 0x00000000ff200000, 0x00000000ff2a0000)
 concurrent mark-sweep generation total 13696K, used 5286K [0x00000000ff2a0000, 0x0000000100000000, 0x0000000100000000)
 Metaspace       used 5076K, capacity 5258K, committed 5504K, reserved 1056768K
  class space    used 557K, capacity 597K, committed 640K, reserved 1048576K
}
2024-07-16T11:01:36.622+0800: 1.502: [GC (CMS Initial Mark) [1 CMS-initial-mark: 5286K(13696K)] 6318K(19840K), 0.0005060 secs] [Times: user=0.00 sys=0.00, real=0.00 secs] 
2024-07-16T11:01:36.622+0800: 1.503: [CMS-concurrent-mark-start]
2024-07-16T11:01:36.628+0800: 1.509: [CMS-concurrent-mark: 0.006/0.006 secs] [Times: user=0.05 sys=0.00, real=0.01 secs] 
2024-07-16T11:01:36.628+0800: 1.509: [CMS-concurrent-preclean-start]
2024-07-16T11:01:36.629+0800: 1.509: [CMS-concurrent-preclean: 0.000/0.000 secs] [Times: user=0.00 sys=0.00, real=0.00 secs] 
2024-07-16T11:01:36.629+0800: 1.509: [CMS-concurrent-abortable-preclean-start]
{Heap before GC invocations=177 (full 24):
 par new generation   total 6144K, used 5235K [0x00000000fec00000, 0x00000000ff2a0000, 0x00000000ff2a0000)
  eden space 5504K,  95% used [0x00000000fec00000, 0x00000000ff11b780, 0x00000000ff160000)
  from space 640K,   0% used [0x00000000ff160000, 0x00000000ff161830, 0x00000000ff200000)
  to   space 640K,   0% used [0x00000000ff200000, 0x00000000ff200000, 0x00000000ff2a0000)
 concurrent mark-sweep generation total 13696K, used 5286K [0x00000000ff2a0000, 0x0000000100000000, 0x0000000100000000)
 Metaspace       used 5076K, capacity 5258K, committed 5504K, reserved 1056768K
  class space    used 557K, capacity 597K, committed 640K, reserved 1048576K
2024-07-16T11:01:36.630+0800: 1.510: [GC (Allocation Failure) 2024-07-16T11:01:36.630+0800: 1.510: [ParNew: 5235K->4K(6144K), 0.0010271 secs] 10522K->5290K(19840K), 0.0011011 secs] [Times: user=0.00 sys=0.00, real=0.00 secs] 
Heap after GC invocations=178 (full 24):
 par new generation   total 6144K, used 4K [0x00000000fec00000, 0x00000000ff2a0000, 0x00000000ff2a0000)
  eden space 5504K,   0% used [0x00000000fec00000, 0x00000000fec00000, 0x00000000ff160000)
  from space 640K,   0% used [0x00000000ff200000, 0x00000000ff201020, 0x00000000ff2a0000)
  to   space 640K,   0% used [0x00000000ff160000, 0x00000000ff160000, 0x00000000ff200000)
 concurrent mark-sweep generation total 13696K, used 5286K [0x00000000ff2a0000, 0x0000000100000000, 0x0000000100000000)
 Metaspace       used 5076K, capacity 5258K, committed 5504K, reserved 1056768K
  class space    used 557K, capacity 597K, committed 640K, reserved 1048576K
}
{Heap before GC invocations=178 (full 24):
 par new generation   total 6144K, used 5233K [0x00000000fec00000, 0x00000000ff2a0000, 0x00000000ff2a0000)
  eden space 5504K,  95% used [0x00000000fec00000, 0x00000000ff11b780, 0x00000000ff160000)
  from space 640K,   0% used [0x00000000ff200000, 0x00000000ff201020, 0x00000000ff2a0000)
  to   space 640K,   0% used [0x00000000ff160000, 0x00000000ff160000, 0x00000000ff200000)
 concurrent mark-sweep generation total 13696K, used 5286K [0x00000000ff2a0000, 0x0000000100000000, 0x0000000100000000)
 Metaspace       used 5076K, capacity 5258K, committed 5504K, reserved 1056768K
  class space    used 557K, capacity 597K, committed 640K, reserved 1048576K
2024-07-16T11:01:36.638+0800: 1.518: [GC (Allocation Failure) 2024-07-16T11:01:36.638+0800: 1.518: [ParNew: 5233K->8K(6144K), 0.0012463 secs] 10520K->6320K(19840K), 0.0013539 secs] [Times: user=0.00 sys=0.00, real=0.00 secs] 
Heap after GC invocations=179 (full 24):
 par new generation   total 6144K, used 8K [0x00000000fec00000, 0x00000000ff2a0000, 0x00000000ff2a0000)
  eden space 5504K,   0% used [0x00000000fec00000, 0x00000000fec00000, 0x00000000ff160000)
  from space 640K,   1% used [0x00000000ff160000, 0x00000000ff162040, 0x00000000ff200000)
  to   space 640K,   0% used [0x00000000ff200000, 0x00000000ff200000, 0x00000000ff2a0000)
 concurrent mark-sweep generation total 13696K, used 6312K [0x00000000ff2a0000, 0x0000000100000000, 0x0000000100000000)
 Metaspace       used 5076K, capacity 5258K, committed 5504K, reserved 1056768K
  class space    used 557K, capacity 597K, committed 640K, reserved 1048576K
}
{Heap before GC invocations=179 (full 24):
 par new generation   total 6144K, used 5237K [0x00000000fec00000, 0x00000000ff2a0000, 0x00000000ff2a0000)
  eden space 5504K,  95% used [0x00000000fec00000, 0x00000000ff11b780, 0x00000000ff160000)
  from space 640K,   1% used [0x00000000ff160000, 0x00000000ff162040, 0x00000000ff200000)
  to   space 640K,   0% used [0x00000000ff200000, 0x00000000ff200000, 0x00000000ff2a0000)
 concurrent mark-sweep generation total 13696K, used 6312K [0x00000000ff2a0000, 0x0000000100000000, 0x0000000100000000)
 Metaspace       used 5076K, capacity 5258K, committed 5504K, reserved 1056768K
  class space    used 557K, capacity 597K, committed 640K, reserved 1048576K
2024-07-16T11:01:36.647+0800: 1.527: [GC (Allocation Failure) 2024-07-16T11:01:36.647+0800: 1.527: [ParNew: 5237K->8K(6144K), 0.0014265 secs] 11550K->7344K(19840K), 0.0015234 secs] [Times: user=0.00 sys=0.00, real=0.00 secs] 
Heap after GC invocations=180 (full 24):
 par new generation   total 6144K, used 8K [0x00000000fec00000, 0x00000000ff2a0000, 0x00000000ff2a0000)
  eden space 5504K,   0% used [0x00000000fec00000, 0x00000000fec00000, 0x00000000ff160000)
  from space 640K,   1% used [0x00000000ff200000, 0x00000000ff202040, 0x00000000ff2a0000)
  to   space 640K,   0% used [0x00000000ff160000, 0x00000000ff160000, 0x00000000ff200000)
 concurrent mark-sweep generation total 13696K, used 7336K [0x00000000ff2a0000, 0x0000000100000000, 0x0000000100000000)
 Metaspace       used 5076K, capacity 5258K, committed 5504K, reserved 1056768K
  class space    used 557K, capacity 597K, committed 640K, reserved 1048576K
}
{Heap before GC invocations=180 (full 24):
 par new generation   total 6144K, used 5237K [0x00000000fec00000, 0x00000000ff2a0000, 0x00000000ff2a0000)
  eden space 5504K,  95% used [0x00000000fec00000, 0x00000000ff11b780, 0x00000000ff160000)
  from space 640K,   1% used [0x00000000ff200000, 0x00000000ff202040, 0x00000000ff2a0000)
  to   space 640K,   0% used [0x00000000ff160000, 0x00000000ff160000, 0x00000000ff200000)
 concurrent mark-sweep generation total 13696K, used 7336K [0x00000000ff2a0000, 0x0000000100000000, 0x0000000100000000)
 Metaspace       used 5076K, capacity 5258K, committed 5504K, reserved 1056768K
  class space    used 557K, capacity 597K, committed 640K, reserved 1048576K
2024-07-16T11:01:36.656+0800: 1.536: [GC (Allocation Failure) 2024-07-16T11:01:36.656+0800: 1.536: [ParNew: 5237K->2K(6144K), 0.0012358 secs] 12574K->7338K(19840K), 0.0013381 secs] [Times: user=0.00 sys=0.00, real=0.00 secs] 
Heap after GC invocations=181 (full 24):
 par new generation   total 6144K, used 2K [0x00000000fec00000, 0x00000000ff2a0000, 0x00000000ff2a0000)
  eden space 5504K,   0% used [0x00000000fec00000, 0x00000000fec00000, 0x00000000ff160000)
  from space 640K,   0% used [0x00000000ff160000, 0x00000000ff160810, 0x00000000ff200000)
  to   space 640K,   0% used [0x00000000ff200000, 0x00000000ff200000, 0x00000000ff2a0000)
 concurrent mark-sweep generation total 13696K, used 7336K [0x00000000ff2a0000, 0x0000000100000000, 0x0000000100000000)
 Metaspace       used 5076K, capacity 5258K, committed 5504K, reserved 1056768K
  class space    used 557K, capacity 597K, committed 640K, reserved 1048576K
}
{Heap before GC invocations=181 (full 24):
 par new generation   total 6144K, used 5231K [0x00000000fec00000, 0x00000000ff2a0000, 0x00000000ff2a0000)
  eden space 5504K,  95% used [0x00000000fec00000, 0x00000000ff11b780, 0x00000000ff160000)
  from space 640K,   0% used [0x00000000ff160000, 0x00000000ff160810, 0x00000000ff200000)
  to   space 640K,   0% used [0x00000000ff200000, 0x00000000ff200000, 0x00000000ff2a0000)
 concurrent mark-sweep generation total 13696K, used 7336K [0x00000000ff2a0000, 0x0000000100000000, 0x0000000100000000)
 Metaspace       used 5076K, capacity 5258K, committed 5504K, reserved 1056768K
  class space    used 557K, capacity 597K, committed 640K, reserved 1048576K
2024-07-16T11:01:36.666+0800: 1.546: [GC (Allocation Failure) 2024-07-16T11:01:36.666+0800: 1.546: [ParNew: 5231K->4K(6144K), 0.0012382 secs] 12568K->7340K(19840K), 0.0013290 secs] [Times: user=0.00 sys=0.00, real=0.00 secs] 
Heap after GC invocations=182 (full 24):
 par new generation   total 6144K, used 4K [0x00000000fec00000, 0x00000000ff2a0000, 0x00000000ff2a0000)
  eden space 5504K,   0% used [0x00000000fec00000, 0x00000000fec00000, 0x00000000ff160000)
  from space 640K,   0% used [0x00000000ff200000, 0x00000000ff201020, 0x00000000ff2a0000)
  to   space 640K,   0% used [0x00000000ff160000, 0x00000000ff160000, 0x00000000ff200000)
 concurrent mark-sweep generation total 13696K, used 7336K [0x00000000ff2a0000, 0x0000000100000000, 0x0000000100000000)
 Metaspace       used 5076K, capacity 5258K, committed 5504K, reserved 1056768K
  class space    used 557K, capacity 597K, committed 640K, reserved 1048576K
}
{Heap before GC invocations=182 (full 24):
 par new generation   total 6144K, used 5233K [0x00000000fec00000, 0x00000000ff2a0000, 0x00000000ff2a0000)
  eden space 5504K,  95% used [0x00000000fec00000, 0x00000000ff11b780, 0x00000000ff160000)
  from space 640K,   0% used [0x00000000ff200000, 0x00000000ff201020, 0x00000000ff2a0000)
  to   space 640K,   0% used [0x00000000ff160000, 0x00000000ff160000, 0x00000000ff200000)
 concurrent mark-sweep generation total 13696K, used 7336K [0x00000000ff2a0000, 0x0000000100000000, 0x0000000100000000)
 Metaspace       used 5076K, capacity 5258K, committed 5504K, reserved 1056768K
  class space    used 557K, capacity 597K, committed 640K, reserved 1048576K
2024-07-16T11:01:36.674+0800: 1.554: [GC (Allocation Failure) 2024-07-16T11:01:36.674+0800: 1.554: [ParNew: 5233K->6K(6144K), 0.0013904 secs] 12570K->8368K(19840K), 0.0014721 secs] [Times: user=0.00 sys=0.00, real=0.00 secs] 
Heap after GC invocations=183 (full 24):
 par new generation   total 6144K, used 6K [0x00000000fec00000, 0x00000000ff2a0000, 0x00000000ff2a0000)
  eden space 5504K,   0% used [0x00000000fec00000, 0x00000000fec00000, 0x00000000ff160000)
  from space 640K,   0% used [0x00000000ff160000, 0x00000000ff161830, 0x00000000ff200000)
  to   space 640K,   0% used [0x00000000ff200000, 0x00000000ff200000, 0x00000000ff2a0000)
 concurrent mark-sweep generation total 13696K, used 8362K [0x00000000ff2a0000, 0x0000000100000000, 0x0000000100000000)
 Metaspace       used 5076K, capacity 5258K, committed 5504K, reserved 1056768K
  class space    used 557K, capacity 597K, committed 640K, reserved 1048576K
}
{Heap before GC invocations=183 (full 24):
 par new generation   total 6144K, used 5235K [0x00000000fec00000, 0x00000000ff2a0000, 0x00000000ff2a0000)
  eden space 5504K,  95% used [0x00000000fec00000, 0x00000000ff11b780, 0x00000000ff160000)
  from space 640K,   0% used [0x00000000ff160000, 0x00000000ff161830, 0x00000000ff200000)
  to   space 640K,   0% used [0x00000000ff200000, 0x00000000ff200000, 0x00000000ff2a0000)
 concurrent mark-sweep generation total 13696K, used 8362K [0x00000000ff2a0000, 0x0000000100000000, 0x0000000100000000)
 Metaspace       used 5076K, capacity 5258K, committed 5504K, reserved 1056768K
  class space    used 557K, capacity 597K, committed 640K, reserved 1048576K
2024-07-16T11:01:36.683+0800: 1.563: [GC (Allocation Failure) 2024-07-16T11:01:36.683+0800: 1.563: [ParNew: 5235K->4K(6144K), 0.0011764 secs] 13598K->8366K(19840K), 0.0012936 secs] [Times: user=0.00 sys=0.00, real=0.00 secs] 
Heap after GC invocations=184 (full 24):
 par new generation   total 6144K, used 4K [0x00000000fec00000, 0x00000000ff2a0000, 0x00000000ff2a0000)
  eden space 5504K,   0% used [0x00000000fec00000, 0x00000000fec00000, 0x00000000ff160000)
  from space 640K,   0% used [0x00000000ff200000, 0x00000000ff201020, 0x00000000ff2a0000)
  to   space 640K,   0% used [0x00000000ff160000, 0x00000000ff160000, 0x00000000ff200000)
 concurrent mark-sweep generation total 13696K, used 8362K [0x00000000ff2a0000, 0x0000000100000000, 0x0000000100000000)
 Metaspace       used 5076K, capacity 5258K, committed 5504K, reserved 1056768K
  class space    used 557K, capacity 597K, committed 640K, reserved 1048576K
}
{Heap before GC invocations=184 (full 24):
 par new generation   total 6144K, used 5233K [0x00000000fec00000, 0x00000000ff2a0000, 0x00000000ff2a0000)
  eden space 5504K,  95% used [0x00000000fec00000, 0x00000000ff11b780, 0x00000000ff160000)
  from space 640K,   0% used [0x00000000ff200000, 0x00000000ff201020, 0x00000000ff2a0000)
  to   space 640K,   0% used [0x00000000ff160000, 0x00000000ff160000, 0x00000000ff200000)
 concurrent mark-sweep generation total 13696K, used 8362K [0x00000000ff2a0000, 0x0000000100000000, 0x0000000100000000)
 Metaspace       used 5076K, capacity 5258K, committed 5504K, reserved 1056768K
  class space    used 557K, capacity 597K, committed 640K, reserved 1048576K
2024-07-16T11:01:36.694+0800: 1.574: [GC (Allocation Failure) 2024-07-16T11:01:36.694+0800: 1.574: [ParNew: 5233K->2K(6144K), 0.0004183 secs] 13596K->8364K(19840K), 0.0004652 secs] [Times: user=0.00 sys=0.00, real=0.00 secs] 
Heap after GC invocations=185 (full 24):
 par new generation   total 6144K, used 2K [0x00000000fec00000, 0x00000000ff2a0000, 0x00000000ff2a0000)
  eden space 5504K,   0% used [0x00000000fec00000, 0x00000000fec00000, 0x00000000ff160000)
  from space 640K,   0% used [0x00000000ff160000, 0x00000000ff160810, 0x00000000ff200000)
  to   space 640K,   0% used [0x00000000ff200000, 0x00000000ff200000, 0x00000000ff2a0000)
 concurrent mark-sweep generation total 13696K, used 8362K [0x00000000ff2a0000, 0x0000000100000000, 0x0000000100000000)
 Metaspace       used 5076K, capacity 5258K, committed 5504K, reserved 1056768K
  class space    used 557K, capacity 597K, committed 640K, reserved 1048576K
}
{Heap before GC invocations=185 (full 24):
 par new generation   total 6144K, used 5231K [0x00000000fec00000, 0x00000000ff2a0000, 0x00000000ff2a0000)
  eden space 5504K,  95% used [0x00000000fec00000, 0x00000000ff11b780, 0x00000000ff160000)
  from space 640K,   0% used [0x00000000ff160000, 0x00000000ff160810, 0x00000000ff200000)
  to   space 640K,   0% used [0x00000000ff200000, 0x00000000ff200000, 0x00000000ff2a0000)
 concurrent mark-sweep generation total 13696K, used 8362K [0x00000000ff2a0000, 0x0000000100000000, 0x0000000100000000)
 Metaspace       used 5076K, capacity 5258K, committed 5504K, reserved 1056768K
  class space    used 557K, capacity 597K, committed 640K, reserved 1048576K
2024-07-16T11:01:36.701+0800: 1.581: [GC (Allocation Failure) 2024-07-16T11:01:36.701+0800: 1.581: [ParNew: 5231K->6K(6144K), 0.0010236 secs] 13594K->9392K(19840K), 0.0011166 secs] [Times: user=0.00 sys=0.00, real=0.00 secs] 
Heap after GC invocations=186 (full 24):
 par new generation   total 6144K, used 6K [0x00000000fec00000, 0x00000000ff2a0000, 0x00000000ff2a0000)
  eden space 5504K,   0% used [0x00000000fec00000, 0x00000000fec00000, 0x00000000ff160000)
  from space 640K,   0% used [0x00000000ff200000, 0x00000000ff201830, 0x00000000ff2a0000)
  to   space 640K,   0% used [0x00000000ff160000, 0x00000000ff160000, 0x00000000ff200000)
 concurrent mark-sweep generation total 13696K, used 9386K [0x00000000ff2a0000, 0x0000000100000000, 0x0000000100000000)
 Metaspace       used 5076K, capacity 5258K, committed 5504K, reserved 1056768K
  class space    used 557K, capacity 597K, committed 640K, reserved 1048576K
}
{Heap before GC invocations=186 (full 24):
 par new generation   total 6144K, used 5235K [0x00000000fec00000, 0x00000000ff2a0000, 0x00000000ff2a0000)
  eden space 5504K,  95% used [0x00000000fec00000, 0x00000000ff11b780, 0x00000000ff160000)
  from space 640K,   0% used [0x00000000ff200000, 0x00000000ff201830, 0x00000000ff2a0000)
  to   space 640K,   0% used [0x00000000ff160000, 0x00000000ff160000, 0x00000000ff200000)
 concurrent mark-sweep generation total 13696K, used 9386K [0x00000000ff2a0000, 0x0000000100000000, 0x0000000100000000)
 Metaspace       used 5076K, capacity 5258K, committed 5504K, reserved 1056768K
  class space    used 557K, capacity 597K, committed 640K, reserved 1048576K
2024-07-16T11:01:36.709+0800: 1.590: [GC (Allocation Failure) 2024-07-16T11:01:36.709+0800: 1.590: [ParNew: 5235K->4K(6144K), 0.0009283 secs] 14622K->9390K(19840K), 0.0009966 secs] [Times: user=0.00 sys=0.00, real=0.00 secs] 
Heap after GC invocations=187 (full 24):
 par new generation   total 6144K, used 4K [0x00000000fec00000, 0x00000000ff2a0000, 0x00000000ff2a0000)
  eden space 5504K,   0% used [0x00000000fec00000, 0x00000000fec00000, 0x00000000ff160000)
  from space 640K,   0% used [0x00000000ff160000, 0x00000000ff161020, 0x00000000ff200000)
  to   space 640K,   0% used [0x00000000ff200000, 0x00000000ff200000, 0x00000000ff2a0000)
 concurrent mark-sweep generation total 13696K, used 9386K [0x00000000ff2a0000, 0x0000000100000000, 0x0000000100000000)
 Metaspace       used 5076K, capacity 5258K, committed 5504K, reserved 1056768K
  class space    used 557K, capacity 597K, committed 640K, reserved 1048576K
}
{Heap before GC invocations=187 (full 24):
 par new generation   total 6144K, used 5233K [0x00000000fec00000, 0x00000000ff2a0000, 0x00000000ff2a0000)
  eden space 5504K,  95% used [0x00000000fec00000, 0x00000000ff11b780, 0x00000000ff160000)
  from space 640K,   0% used [0x00000000ff160000, 0x00000000ff161020, 0x00000000ff200000)
  to   space 640K,   0% used [0x00000000ff200000, 0x00000000ff200000, 0x00000000ff2a0000)
 concurrent mark-sweep generation total 13696K, used 9386K [0x00000000ff2a0000, 0x0000000100000000, 0x0000000100000000)
 Metaspace       used 5076K, capacity 5258K, committed 5504K, reserved 1056768K
  class space    used 557K, capacity 597K, committed 640K, reserved 1048576K
2024-07-16T11:01:36.716+0800: 1.597: [GC (Allocation Failure) 2024-07-16T11:01:36.716+0800: 1.597: [ParNew: 5233K->6K(6144K), 0.0011303 secs] 14620K->10416K(19840K), 0.0012041 secs] [Times: user=0.00 sys=0.00, real=0.00 secs] 
Heap after GC invocations=188 (full 24):
 par new generation   total 6144K, used 6K [0x00000000fec00000, 0x00000000ff2a0000, 0x00000000ff2a0000)
  eden space 5504K,   0% used [0x00000000fec00000, 0x00000000fec00000, 0x00000000ff160000)
  from space 640K,   0% used [0x00000000ff200000, 0x00000000ff201830, 0x00000000ff2a0000)
  to   space 640K,   0% used [0x00000000ff160000, 0x00000000ff160000, 0x00000000ff200000)
 concurrent mark-sweep generation total 13696K, used 10410K [0x00000000ff2a0000, 0x0000000100000000, 0x0000000100000000)
 Metaspace       used 5076K, capacity 5258K, committed 5504K, reserved 1056768K
  class space    used 557K, capacity 597K, committed 640K, reserved 1048576K
}
{Heap before GC invocations=188 (full 24):
 par new generation   total 6144K, used 5235K [0x00000000fec00000, 0x00000000ff2a0000, 0x00000000ff2a0000)
  eden space 5504K,  95% used [0x00000000fec00000, 0x00000000ff11b780, 0x00000000ff160000)
  from space 640K,   0% used [0x00000000ff200000, 0x00000000ff201830, 0x00000000ff2a0000)
  to   space 640K,   0% used [0x00000000ff160000, 0x00000000ff160000, 0x00000000ff200000)
 concurrent mark-sweep generation total 13696K, used 10410K [0x00000000ff2a0000, 0x0000000100000000, 0x0000000100000000)
 Metaspace       used 5076K, capacity 5258K, committed 5504K, reserved 1056768K
  class space    used 557K, capacity 597K, committed 640K, reserved 1048576K
2024-07-16T11:01:36.724+0800: 1.605: [GC (Allocation Failure) 2024-07-16T11:01:36.724+0800: 1.605: [ParNew: 5235K->4K(6144K), 0.0010025 secs] 15646K->10414K(19840K), 0.0011332 secs] [Times: user=0.00 sys=0.00, real=0.00 secs] 
Heap after GC invocations=189 (full 24):
 par new generation   total 6144K, used 4K [0x00000000fec00000, 0x00000000ff2a0000, 0x00000000ff2a0000)
  eden space 5504K,   0% used [0x00000000fec00000, 0x00000000fec00000, 0x00000000ff160000)
  from space 640K,   0% used [0x00000000ff160000, 0x00000000ff161020, 0x00000000ff200000)
  to   space 640K,   0% used [0x00000000ff200000, 0x00000000ff200000, 0x00000000ff2a0000)
 concurrent mark-sweep generation total 13696K, used 10410K [0x00000000ff2a0000, 0x0000000100000000, 0x0000000100000000)
 Metaspace       used 5076K, capacity 5258K, committed 5504K, reserved 1056768K
  class space    used 557K, capacity 597K, committed 640K, reserved 1048576K
}
{Heap before GC invocations=189 (full 24):
 par new generation   total 6144K, used 5233K [0x00000000fec00000, 0x00000000ff2a0000, 0x00000000ff2a0000)
  eden space 5504K,  95% used [0x00000000fec00000, 0x00000000ff11b780, 0x00000000ff160000)
  from space 640K,   0% used [0x00000000ff160000, 0x00000000ff161020, 0x00000000ff200000)
  to   space 640K,   0% used [0x00000000ff200000, 0x00000000ff200000, 0x00000000ff2a0000)
 concurrent mark-sweep generation total 13696K, used 10410K [0x00000000ff2a0000, 0x0000000100000000, 0x0000000100000000)
 Metaspace       used 5076K, capacity 5258K, committed 5504K, reserved 1056768K
  class space    used 557K, capacity 597K, committed 640K, reserved 1048576K
2024-07-16T11:01:36.732+0800: 1.613: [GC (Allocation Failure) 2024-07-16T11:01:36.732+0800: 1.613: [ParNew: 5233K->8K(6144K), 0.0012084 secs] 15644K->11442K(19840K), 0.0012888 secs] [Times: user=0.00 sys=0.00, real=0.00 secs] 
Heap after GC invocations=190 (full 24):
 par new generation   total 6144K, used 8K [0x00000000fec00000, 0x00000000ff2a0000, 0x00000000ff2a0000)
  eden space 5504K,   0% used [0x00000000fec00000, 0x00000000fec00000, 0x00000000ff160000)
  from space 640K,   1% used [0x00000000ff200000, 0x00000000ff202040, 0x00000000ff2a0000)
  to   space 640K,   0% used [0x00000000ff160000, 0x00000000ff160000, 0x00000000ff200000)
 concurrent mark-sweep generation total 13696K, used 11434K [0x00000000ff2a0000, 0x0000000100000000, 0x0000000100000000)
 Metaspace       used 5076K, capacity 5258K, committed 5504K, reserved 1056768K
  class space    used 557K, capacity 597K, committed 640K, reserved 1048576K
}
{Heap before GC invocations=190 (full 24):
 par new generation   total 6144K, used 5237K [0x00000000fec00000, 0x00000000ff2a0000, 0x00000000ff2a0000)
  eden space 5504K,  95% used [0x00000000fec00000, 0x00000000ff11b780, 0x00000000ff160000)
  from space 640K,   1% used [0x00000000ff200000, 0x00000000ff202040, 0x00000000ff2a0000)
  to   space 640K,   0% used [0x00000000ff160000, 0x00000000ff160000, 0x00000000ff200000)
 concurrent mark-sweep generation total 13696K, used 11434K [0x00000000ff2a0000, 0x0000000100000000, 0x0000000100000000)
 Metaspace       used 5076K, capacity 5258K, committed 5504K, reserved 1056768K
  class space    used 557K, capacity 597K, committed 640K, reserved 1048576K
2024-07-16T11:01:36.740+0800: 1.621: [GC (Allocation Failure) 2024-07-16T11:01:36.740+0800: 1.621: [ParNew: 5237K->6K(6144K), 0.0013918 secs] 16672K->12466K(19840K), 0.0015086 secs] [Times: user=0.00 sys=0.00, real=0.00 secs] 
Heap after GC invocations=191 (full 24):
 par new generation   total 6144K, used 6K [0x00000000fec00000, 0x00000000ff2a0000, 0x00000000ff2a0000)
  eden space 5504K,   0% used [0x00000000fec00000, 0x00000000fec00000, 0x00000000ff160000)
  from space 640K,   0% used [0x00000000ff160000, 0x00000000ff161830, 0x00000000ff200000)
  to   space 640K,   0% used [0x00000000ff200000, 0x00000000ff200000, 0x00000000ff2a0000)
 concurrent mark-sweep generation total 13696K, used 12460K [0x00000000ff2a0000, 0x0000000100000000, 0x0000000100000000)
 Metaspace       used 5076K, capacity 5258K, committed 5504K, reserved 1056768K
  class space    used 557K, capacity 597K, committed 640K, reserved 1048576K
}
{Heap before GC invocations=191 (full 24):
 par new generation   total 6144K, used 5235K [0x00000000fec00000, 0x00000000ff2a0000, 0x00000000ff2a0000)
  eden space 5504K,  95% used [0x00000000fec00000, 0x00000000ff11b780, 0x00000000ff160000)
  from space 640K,   0% used [0x00000000ff160000, 0x00000000ff161830, 0x00000000ff200000)
  to   space 640K,   0% used [0x00000000ff200000, 0x00000000ff200000, 0x00000000ff2a0000)
 concurrent mark-sweep generation total 13696K, used 12460K [0x00000000ff2a0000, 0x0000000100000000, 0x0000000100000000)
 Metaspace       used 5076K, capacity 5258K, committed 5504K, reserved 1056768K
  class space    used 557K, capacity 597K, committed 640K, reserved 1048576K
2024-07-16T11:01:36.748+0800: 1.629: [GC (Allocation Failure) 2024-07-16T11:01:36.748+0800: 1.629: [ParNew: 5235K->5235K(6144K), 0.0000318 secs]2024-07-16T11:01:36.748+0800: 1.629: [CMS2024-07-16T11:01:36.748+0800: 1.629: [CMS-concurrent-abortable-preclean: 0.002/0.120 secs] [Times: user=0.02 sys=0.00, real=0.12 secs] 
 (concurrent mode failure): 12460K->2208K(13696K), 0.0074022 secs] 17696K->2208K(19840K), [Metaspace: 5076K->5076K(1056768K)], 0.0075483 secs] [Times: user=0.02 sys=0.00, real=0.01 secs] 
Heap after GC invocations=192 (full 25):
 par new generation   total 6144K, used 0K [0x00000000fec00000, 0x00000000ff2a0000, 0x00000000ff2a0000)
  eden space 5504K,   0% used [0x00000000fec00000, 0x00000000fec00000, 0x00000000ff160000)
  from space 640K,   0% used [0x00000000ff160000, 0x00000000ff160000, 0x00000000ff200000)
  to   space 640K,   0% used [0x00000000ff200000, 0x00000000ff200000, 0x00000000ff2a0000)
 concurrent mark-sweep generation total 13696K, used 2208K [0x00000000ff2a0000, 0x0000000100000000, 0x0000000100000000)
 Metaspace       used 5076K, capacity 5258K, committed 5504K, reserved 1056768K
  class space    used 557K, capacity 597K, committed 640K, reserved 1048576K
}
{Heap before GC invocations=192 (full 25):
 par new generation   total 6144K, used 5229K [0x00000000fec00000, 0x00000000ff2a0000, 0x00000000ff2a0000)
  eden space 5504K,  95% used [0x00000000fec00000, 0x00000000ff11b780, 0x00000000ff160000)
  from space 640K,   0% used [0x00000000ff160000, 0x00000000ff160000, 0x00000000ff200000)
  to   space 640K,   0% used [0x00000000ff200000, 0x00000000ff200000, 0x00000000ff2a0000)
 concurrent mark-sweep generation total 13696K, used 2208K [0x00000000ff2a0000, 0x0000000100000000, 0x0000000100000000)
 Metaspace       used 5076K, capacity 5258K, committed 5504K, reserved 1056768K
  class space    used 557K, capacity 597K, committed 640K, reserved 1048576K
2024-07-16T11:01:36.761+0800: 1.642: [GC (Allocation Failure) 2024-07-16T11:01:36.761+0800: 1.642: [ParNew: 5229K->6K(6144K), 0.0009981 secs] 7438K->3240K(19840K), 0.0010821 secs] [Times: user=0.00 sys=0.00, real=0.00 secs] 
Heap after GC invocations=193 (full 25):
 par new generation   total 6144K, used 6K [0x00000000fec00000, 0x00000000ff2a0000, 0x00000000ff2a0000)
  eden space 5504K,   0% used [0x00000000fec00000, 0x00000000fec00000, 0x00000000ff160000)
  from space 640K,   0% used [0x00000000ff200000, 0x00000000ff201830, 0x00000000ff2a0000)
  to   space 640K,   0% used [0x00000000ff160000, 0x00000000ff160000, 0x00000000ff200000)
 concurrent mark-sweep generation total 13696K, used 3234K [0x00000000ff2a0000, 0x0000000100000000, 0x0000000100000000)
 Metaspace       used 5076K, capacity 5258K, committed 5504K, reserved 1056768K
  class space    used 557K, capacity 597K, committed 640K, reserved 1048576K
}
{Heap before GC invocations=193 (full 25):
 par new generation   total 6144K, used 5235K [0x00000000fec00000, 0x00000000ff2a0000, 0x00000000ff2a0000)
  eden space 5504K,  95% used [0x00000000fec00000, 0x00000000ff11b780, 0x00000000ff160000)
  from space 640K,   0% used [0x00000000ff200000, 0x00000000ff201830, 0x00000000ff2a0000)
  to   space 640K,   0% used [0x00000000ff160000, 0x00000000ff160000, 0x00000000ff200000)
 concurrent mark-sweep generation total 13696K, used 3234K [0x00000000ff2a0000, 0x0000000100000000, 0x0000000100000000)
 Metaspace       used 5076K, capacity 5258K, committed 5504K, reserved 1056768K
  class space    used 557K, capacity 597K, committed 640K, reserved 1048576K
2024-07-16T11:01:36.768+0800: 1.649: [GC (Allocation Failure) 2024-07-16T11:01:36.768+0800: 1.649: [ParNew: 5235K->6K(6144K), 0.0011108 secs] 8470K->4266K(19840K), 0.0012167 secs] [Times: user=0.00 sys=0.00, real=0.00 secs] 
Heap after GC invocations=194 (full 25):
 par new generation   total 6144K, used 6K [0x00000000fec00000, 0x00000000ff2a0000, 0x00000000ff2a0000)
  eden space 5504K,   0% used [0x00000000fec00000, 0x00000000fec00000, 0x00000000ff160000)
  from space 640K,   0% used [0x00000000ff160000, 0x00000000ff161830, 0x00000000ff200000)
  to   space 640K,   0% used [0x00000000ff200000, 0x00000000ff200000, 0x00000000ff2a0000)
 concurrent mark-sweep generation total 13696K, used 4260K [0x00000000ff2a0000, 0x0000000100000000, 0x0000000100000000)
 Metaspace       used 5076K, capacity 5258K, committed 5504K, reserved 1056768K
  class space    used 557K, capacity 597K, committed 640K, reserved 1048576K
}
{Heap before GC invocations=194 (full 25):
 par new generation   total 6144K, used 5235K [0x00000000fec00000, 0x00000000ff2a0000, 0x00000000ff2a0000)
  eden space 5504K,  95% used [0x00000000fec00000, 0x00000000ff11b780, 0x00000000ff160000)
  from space 640K,   0% used [0x00000000ff160000, 0x00000000ff161830, 0x00000000ff200000)
  to   space 640K,   0% used [0x00000000ff200000, 0x00000000ff200000, 0x00000000ff2a0000)
 concurrent mark-sweep generation total 13696K, used 4260K [0x00000000ff2a0000, 0x0000000100000000, 0x0000000100000000)
 Metaspace       used 5076K, capacity 5258K, committed 5504K, reserved 1056768K
  class space    used 557K, capacity 597K, committed 640K, reserved 1048576K
2024-07-16T11:01:36.776+0800: 1.657: [GC (Allocation Failure) 2024-07-16T11:01:36.776+0800: 1.657: [ParNew: 5235K->10K(6144K), 0.0014031 secs] 9496K->6322K(19840K), 0.0014849 secs] [Times: user=0.00 sys=0.00, real=0.00 secs] 
Heap after GC invocations=195 (full 25):
 par new generation   total 6144K, used 10K [0x00000000fec00000, 0x00000000ff2a0000, 0x00000000ff2a0000)
  eden space 5504K,   0% used [0x00000000fec00000, 0x00000000fec00000, 0x00000000ff160000)
  from space 640K,   1% used [0x00000000ff200000, 0x00000000ff202850, 0x00000000ff2a0000)
  to   space 640K,   0% used [0x00000000ff160000, 0x00000000ff160000, 0x00000000ff200000)
 concurrent mark-sweep generation total 13696K, used 6312K [0x00000000ff2a0000, 0x0000000100000000, 0x0000000100000000)
 Metaspace       used 5076K, capacity 5258K, committed 5504K, reserved 1056768K
  class space    used 557K, capacity 597K, committed 640K, reserved 1048576K
}
2024-07-16T11:01:36.778+0800: 1.659: [GC (CMS Initial Mark) [1 CMS-initial-mark: 6312K(13696K)] 7348K(19840K), 0.0003534 secs] [Times: user=0.00 sys=0.00, real=0.00 secs] 
2024-07-16T11:01:36.778+0800: 1.659: [CMS-concurrent-mark-start]
2024-07-16T11:01:36.783+0800: 1.664: [CMS-concurrent-mark: 0.005/0.005 secs] [Times: user=0.05 sys=0.00, real=0.00 secs] 
2024-07-16T11:01:36.783+0800: 1.664: [CMS-concurrent-preclean-start]
2024-07-16T11:01:36.783+0800: 1.664: [CMS-concurrent-preclean: 0.000/0.000 secs] [Times: user=0.00 sys=0.00, real=0.00 secs] 
2024-07-16T11:01:36.783+0800: 1.664: [CMS-concurrent-abortable-preclean-start]
{Heap before GC invocations=195 (full 26):
 par new generation   total 6144K, used 5239K [0x00000000fec00000, 0x00000000ff2a0000, 0x00000000ff2a0000)
  eden space 5504K,  95% used [0x00000000fec00000, 0x00000000ff11b780, 0x00000000ff160000)
  from space 640K,   1% used [0x00000000ff200000, 0x00000000ff202850, 0x00000000ff2a0000)
  to   space 640K,   0% used [0x00000000ff160000, 0x00000000ff160000, 0x00000000ff200000)
 concurrent mark-sweep generation total 13696K, used 6312K [0x00000000ff2a0000, 0x0000000100000000, 0x0000000100000000)
 Metaspace       used 5076K, capacity 5258K, committed 5504K, reserved 1056768K
  class space    used 557K, capacity 597K, committed 640K, reserved 1048576K
2024-07-16T11:01:36.786+0800: 1.667: [GC (Allocation Failure) 2024-07-16T11:01:36.786+0800: 1.667: [ParNew: 5239K->8K(6144K), 0.0010552 secs] 11552K->7346K(19840K), 0.0011368 secs] [Times: user=0.00 sys=0.00, real=0.00 secs] 
Heap after GC invocations=196 (full 26):
 par new generation   total 6144K, used 8K [0x00000000fec00000, 0x00000000ff2a0000, 0x00000000ff2a0000)
  eden space 5504K,   0% used [0x00000000fec00000, 0x00000000fec00000, 0x00000000ff160000)
  from space 640K,   1% used [0x00000000ff160000, 0x00000000ff162040, 0x00000000ff200000)
  to   space 640K,   0% used [0x00000000ff200000, 0x00000000ff200000, 0x00000000ff2a0000)
 concurrent mark-sweep generation total 13696K, used 7338K [0x00000000ff2a0000, 0x0000000100000000, 0x0000000100000000)
 Metaspace       used 5076K, capacity 5258K, committed 5504K, reserved 1056768K
  class space    used 557K, capacity 597K, committed 640K, reserved 1048576K
}
{Heap before GC invocations=196 (full 26):
 par new generation   total 6144K, used 5237K [0x00000000fec00000, 0x00000000ff2a0000, 0x00000000ff2a0000)
  eden space 5504K,  95% used [0x00000000fec00000, 0x00000000ff11b780, 0x00000000ff160000)
  from space 640K,   1% used [0x00000000ff160000, 0x00000000ff162040, 0x00000000ff200000)
  to   space 640K,   0% used [0x00000000ff200000, 0x00000000ff200000, 0x00000000ff2a0000)
 concurrent mark-sweep generation total 13696K, used 7338K [0x00000000ff2a0000, 0x0000000100000000, 0x0000000100000000)
 Metaspace       used 5076K, capacity 5258K, committed 5504K, reserved 1056768K
  class space    used 557K, capacity 597K, committed 640K, reserved 1048576K
2024-07-16T11:01:36.794+0800: 1.675: [GC (Allocation Failure) 2024-07-16T11:01:36.794+0800: 1.675: [ParNew: 5237K->8K(6144K), 0.0012072 secs] 12576K->8372K(19840K), 0.0013122 secs] [Times: user=0.00 sys=0.00, real=0.00 secs] 
Heap after GC invocations=197 (full 26):
 par new generation   total 6144K, used 8K [0x00000000fec00000, 0x00000000ff2a0000, 0x00000000ff2a0000)
  eden space 5504K,   0% used [0x00000000fec00000, 0x00000000fec00000, 0x00000000ff160000)
  from space 640K,   1% used [0x00000000ff200000, 0x00000000ff202040, 0x00000000ff2a0000)
  to   space 640K,   0% used [0x00000000ff160000, 0x00000000ff160000, 0x00000000ff200000)
 concurrent mark-sweep generation total 13696K, used 8364K [0x00000000ff2a0000, 0x0000000100000000, 0x0000000100000000)
 Metaspace       used 5076K, capacity 5258K, committed 5504K, reserved 1056768K
  class space    used 557K, capacity 597K, committed 640K, reserved 1048576K
}
{Heap before GC invocations=197 (full 26):
 par new generation   total 6144K, used 5237K [0x00000000fec00000, 0x00000000ff2a0000, 0x00000000ff2a0000)
  eden space 5504K,  95% used [0x00000000fec00000, 0x00000000ff11b780, 0x00000000ff160000)
  from space 640K,   1% used [0x00000000ff200000, 0x00000000ff202040, 0x00000000ff2a0000)
  to   space 640K,   0% used [0x00000000ff160000, 0x00000000ff160000, 0x00000000ff200000)
 concurrent mark-sweep generation total 13696K, used 8364K [0x00000000ff2a0000, 0x0000000100000000, 0x0000000100000000)
 Metaspace       used 5076K, capacity 5258K, committed 5504K, reserved 1056768K
  class space    used 557K, capacity 597K, committed 640K, reserved 1048576K
2024-07-16T11:01:36.802+0800: 1.683: [GC (Allocation Failure) 2024-07-16T11:01:36.802+0800: 1.683: [ParNew: 5237K->6K(6144K), 0.0015077 secs] 13602K->9396K(19840K), 0.0016063 secs] [Times: user=0.00 sys=0.00, real=0.00 secs] 
Heap after GC invocations=198 (full 26):
 par new generation   total 6144K, used 6K [0x00000000fec00000, 0x00000000ff2a0000, 0x00000000ff2a0000)
  eden space 5504K,   0% used [0x00000000fec00000, 0x00000000fec00000, 0x00000000ff160000)
  from space 640K,   0% used [0x00000000ff160000, 0x00000000ff161830, 0x00000000ff200000)
  to   space 640K,   0% used [0x00000000ff200000, 0x00000000ff200000, 0x00000000ff2a0000)
 concurrent mark-sweep generation total 13696K, used 9390K [0x00000000ff2a0000, 0x0000000100000000, 0x0000000100000000)
 Metaspace       used 5076K, capacity 5258K, committed 5504K, reserved 1056768K
  class space    used 557K, capacity 597K, committed 640K, reserved 1048576K
}
{Heap before GC invocations=198 (full 26):
 par new generation   total 6144K, used 5235K [0x00000000fec00000, 0x00000000ff2a0000, 0x00000000ff2a0000)
  eden space 5504K,  95% used [0x00000000fec00000, 0x00000000ff11b780, 0x00000000ff160000)
  from space 640K,   0% used [0x00000000ff160000, 0x00000000ff161830, 0x00000000ff200000)
  to   space 640K,   0% used [0x00000000ff200000, 0x00000000ff200000, 0x00000000ff2a0000)
 concurrent mark-sweep generation total 13696K, used 9390K [0x00000000ff2a0000, 0x0000000100000000, 0x0000000100000000)
 Metaspace       used 5076K, capacity 5258K, committed 5504K, reserved 1056768K
  class space    used 557K, capacity 597K, committed 640K, reserved 1048576K
2024-07-16T11:01:36.813+0800: 1.694: [GC (Allocation Failure) 2024-07-16T11:01:36.813+0800: 1.694: [ParNew: 5235K->4K(6144K), 0.0011334 secs] 14626K->9394K(19840K), 0.0012375 secs] [Times: user=0.16 sys=0.00, real=0.00 secs] 
Heap after GC invocations=199 (full 26):
 par new generation   total 6144K, used 4K [0x00000000fec00000, 0x00000000ff2a0000, 0x00000000ff2a0000)
  eden space 5504K,   0% used [0x00000000fec00000, 0x00000000fec00000, 0x00000000ff160000)
  from space 640K,   0% used [0x00000000ff200000, 0x00000000ff201020, 0x00000000ff2a0000)
  to   space 640K,   0% used [0x00000000ff160000, 0x00000000ff160000, 0x00000000ff200000)
 concurrent mark-sweep generation total 13696K, used 9390K [0x00000000ff2a0000, 0x0000000100000000, 0x0000000100000000)
 Metaspace       used 5076K, capacity 5258K, committed 5504K, reserved 1056768K
  class space    used 557K, capacity 597K, committed 640K, reserved 1048576K
}
{Heap before GC invocations=199 (full 26):
 par new generation   total 6144K, used 5233K [0x00000000fec00000, 0x00000000ff2a0000, 0x00000000ff2a0000)
  eden space 5504K,  95% used [0x00000000fec00000, 0x00000000ff11b780, 0x00000000ff160000)
  from space 640K,   0% used [0x00000000ff200000, 0x00000000ff201020, 0x00000000ff2a0000)
  to   space 640K,   0% used [0x00000000ff160000, 0x00000000ff160000, 0x00000000ff200000)
 concurrent mark-sweep generation total 13696K, used 9390K [0x00000000ff2a0000, 0x0000000100000000, 0x0000000100000000)
 Metaspace       used 5076K, capacity 5258K, committed 5504K, reserved 1056768K
  class space    used 557K, capacity 597K, committed 640K, reserved 1048576K
2024-07-16T11:01:36.822+0800: 1.703: [GC (Allocation Failure) 2024-07-16T11:01:36.822+0800: 1.703: [ParNew: 5233K->4K(6144K), 0.0012761 secs] 14624K->9394K(19840K), 0.0013959 secs] [Times: user=0.00 sys=0.00, real=0.00 secs] 
Heap after GC invocations=200 (full 26):
 par new generation   total 6144K, used 4K [0x00000000fec00000, 0x00000000ff2a0000, 0x00000000ff2a0000)
  eden space 5504K,   0% used [0x00000000fec00000, 0x00000000fec00000, 0x00000000ff160000)
  from space 640K,   0% used [0x00000000ff160000, 0x00000000ff161020, 0x00000000ff200000)
  to   space 640K,   0% used [0x00000000ff200000, 0x00000000ff200000, 0x00000000ff2a0000)
 concurrent mark-sweep generation total 13696K, used 9390K [0x00000000ff2a0000, 0x0000000100000000, 0x0000000100000000)
 Metaspace       used 5076K, capacity 5258K, committed 5504K, reserved 1056768K
  class space    used 557K, capacity 597K, committed 640K, reserved 1048576K
}
{Heap before GC invocations=200 (full 26):
 par new generation   total 6144K, used 5233K [0x00000000fec00000, 0x00000000ff2a0000, 0x00000000ff2a0000)
  eden space 5504K,  95% used [0x00000000fec00000, 0x00000000ff11b780, 0x00000000ff160000)
  from space 640K,   0% used [0x00000000ff160000, 0x00000000ff161020, 0x00000000ff200000)
  to   space 640K,   0% used [0x00000000ff200000, 0x00000000ff200000, 0x00000000ff2a0000)
 concurrent mark-sweep generation total 13696K, used 9390K [0x00000000ff2a0000, 0x0000000100000000, 0x0000000100000000)
 Metaspace       used 5076K, capacity 5258K, committed 5504K, reserved 1056768K
  class space    used 557K, capacity 597K, committed 640K, reserved 1048576K
2024-07-16T11:01:36.831+0800: 1.712: [GC (Allocation Failure) 2024-07-16T11:01:36.831+0800: 1.712: [ParNew: 5233K->8K(6144K), 0.0014992 secs] 14624K->10424K(19840K), 0.0016229 secs] [Times: user=0.00 sys=0.00, real=0.00 secs] 
Heap after GC invocations=201 (full 26):
 par new generation   total 6144K, used 8K [0x00000000fec00000, 0x00000000ff2a0000, 0x00000000ff2a0000)
  eden space 5504K,   0% used [0x00000000fec00000, 0x00000000fec00000, 0x00000000ff160000)
  from space 640K,   1% used [0x00000000ff200000, 0x00000000ff202040, 0x00000000ff2a0000)
  to   space 640K,   0% used [0x00000000ff160000, 0x00000000ff160000, 0x00000000ff200000)
 concurrent mark-sweep generation total 13696K, used 10416K [0x00000000ff2a0000, 0x0000000100000000, 0x0000000100000000)
 Metaspace       used 5076K, capacity 5258K, committed 5504K, reserved 1056768K
  class space    used 557K, capacity 597K, committed 640K, reserved 1048576K
}
{Heap before GC invocations=201 (full 26):
 par new generation   total 6144K, used 5237K [0x00000000fec00000, 0x00000000ff2a0000, 0x00000000ff2a0000)
  eden space 5504K,  95% used [0x00000000fec00000, 0x00000000ff11b780, 0x00000000ff160000)
  from space 640K,   1% used [0x00000000ff200000, 0x00000000ff202040, 0x00000000ff2a0000)
  to   space 640K,   0% used [0x00000000ff160000, 0x00000000ff160000, 0x00000000ff200000)
 concurrent mark-sweep generation total 13696K, used 10416K [0x00000000ff2a0000, 0x0000000100000000, 0x0000000100000000)
 Metaspace       used 5076K, capacity 5258K, committed 5504K, reserved 1056768K
  class space    used 557K, capacity 597K, committed 640K, reserved 1048576K
2024-07-16T11:01:36.842+0800: 1.723: [GC (Allocation Failure) 2024-07-16T11:01:36.842+0800: 1.723: [ParNew: 5237K->8K(6144K), 0.0014955 secs] 15654K->11448K(19840K), 0.0015899 secs] [Times: user=0.00 sys=0.00, real=0.00 secs] 
Heap after GC invocations=202 (full 26):
 par new generation   total 6144K, used 8K [0x00000000fec00000, 0x00000000ff2a0000, 0x00000000ff2a0000)
  eden space 5504K,   0% used [0x00000000fec00000, 0x00000000fec00000, 0x00000000ff160000)
  from space 640K,   1% used [0x00000000ff160000, 0x00000000ff162040, 0x00000000ff200000)
  to   space 640K,   0% used [0x00000000ff200000, 0x00000000ff200000, 0x00000000ff2a0000)
 concurrent mark-sweep generation total 13696K, used 11440K [0x00000000ff2a0000, 0x0000000100000000, 0x0000000100000000)
 Metaspace       used 5076K, capacity 5258K, committed 5504K, reserved 1056768K
  class space    used 557K, capacity 597K, committed 640K, reserved 1048576K
}
{Heap before GC invocations=202 (full 26):
 par new generation   total 6144K, used 5237K [0x00000000fec00000, 0x00000000ff2a0000, 0x00000000ff2a0000)
  eden space 5504K,  95% used [0x00000000fec00000, 0x00000000ff11b780, 0x00000000ff160000)
  from space 640K,   1% used [0x00000000ff160000, 0x00000000ff162040, 0x00000000ff200000)
  to   space 640K,   0% used [0x00000000ff200000, 0x00000000ff200000, 0x00000000ff2a0000)
 concurrent mark-sweep generation total 13696K, used 11440K [0x00000000ff2a0000, 0x0000000100000000, 0x0000000100000000)
 Metaspace       used 5076K, capacity 5258K, committed 5504K, reserved 1056768K
  class space    used 557K, capacity 597K, committed 640K, reserved 1048576K
2024-07-16T11:01:36.852+0800: 1.733: [GC (Allocation Failure) 2024-07-16T11:01:36.852+0800: 1.733: [ParNew: 5237K->8K(6144K), 0.0013371 secs] 16678K->12473K(19840K), 0.0014650 secs] [Times: user=0.00 sys=0.00, real=0.00 secs] 
Heap after GC invocations=203 (full 26):
 par new generation   total 6144K, used 8K [0x00000000fec00000, 0x00000000ff2a0000, 0x00000000ff2a0000)
  eden space 5504K,   0% used [0x00000000fec00000, 0x00000000fec00000, 0x00000000ff160000)
  from space 640K,   1% used [0x00000000ff200000, 0x00000000ff202040, 0x00000000ff2a0000)
  to   space 640K,   0% used [0x00000000ff160000, 0x00000000ff160000, 0x00000000ff200000)
 concurrent mark-sweep generation total 13696K, used 12464K [0x00000000ff2a0000, 0x0000000100000000, 0x0000000100000000)
 Metaspace       used 5076K, capacity 5258K, committed 5504K, reserved 1056768K
  class space    used 557K, capacity 597K, committed 640K, reserved 1048576K
}
{Heap before GC invocations=203 (full 26):
 par new generation   total 6144K, used 5237K [0x00000000fec00000, 0x00000000ff2a0000, 0x00000000ff2a0000)
  eden space 5504K,  95% used [0x00000000fec00000, 0x00000000ff11b780, 0x00000000ff160000)
  from space 640K,   1% used [0x00000000ff200000, 0x00000000ff202040, 0x00000000ff2a0000)
  to   space 640K,   0% used [0x00000000ff160000, 0x00000000ff160000, 0x00000000ff200000)
 concurrent mark-sweep generation total 13696K, used 12464K [0x00000000ff2a0000, 0x0000000100000000, 0x0000000100000000)
 Metaspace       used 5076K, capacity 5258K, committed 5504K, reserved 1056768K
  class space    used 557K, capacity 597K, committed 640K, reserved 1048576K
2024-07-16T11:01:36.859+0800: 1.740: [GC (Allocation Failure) 2024-07-16T11:01:36.859+0800: 1.740: [ParNew: 5237K->5237K(6144K), 0.0000365 secs]2024-07-16T11:01:36.859+0800: 1.740: [CMS2024-07-16T11:01:36.859+0800: 1.740: [CMS-concurrent-abortable-preclean: 0.001/0.076 secs] [Times: user=0.16 sys=0.00, real=0.08 secs] 
 (concurrent mode failure): 12464K->2208K(13696K), 0.0070755 secs] 17702K->2208K(19840K), [Metaspace: 5076K->5076K(1056768K)], 0.0072217 secs] [Times: user=0.02 sys=0.00, real=0.01 secs] 
Heap after GC invocations=204 (full 27):
 par new generation   total 6144K, used 0K [0x00000000fec00000, 0x00000000ff2a0000, 0x00000000ff2a0000)
  eden space 5504K,   0% used [0x00000000fec00000, 0x00000000fec00000, 0x00000000ff160000)
  from space 640K,   0% used [0x00000000ff200000, 0x00000000ff200000, 0x00000000ff2a0000)
  to   space 640K,   0% used [0x00000000ff160000, 0x00000000ff160000, 0x00000000ff200000)
 concurrent mark-sweep generation total 13696K, used 2208K [0x00000000ff2a0000, 0x0000000100000000, 0x0000000100000000)
 Metaspace       used 5076K, capacity 5258K, committed 5504K, reserved 1056768K
  class space    used 557K, capacity 597K, committed 640K, reserved 1048576K
}
{Heap before GC invocations=204 (full 27):
 par new generation   total 6144K, used 5229K [0x00000000fec00000, 0x00000000ff2a0000, 0x00000000ff2a0000)
  eden space 5504K,  95% used [0x00000000fec00000, 0x00000000ff11b780, 0x00000000ff160000)
  from space 640K,   0% used [0x00000000ff200000, 0x00000000ff200000, 0x00000000ff2a0000)
  to   space 640K,   0% used [0x00000000ff160000, 0x00000000ff160000, 0x00000000ff200000)
 concurrent mark-sweep generation total 13696K, used 2208K [0x00000000ff2a0000, 0x0000000100000000, 0x0000000100000000)
 Metaspace       used 5076K, capacity 5258K, committed 5504K, reserved 1056768K
  class space    used 557K, capacity 597K, committed 640K, reserved 1048576K
2024-07-16T11:01:36.872+0800: 1.753: [GC (Allocation Failure) 2024-07-16T11:01:36.872+0800: 1.753: [ParNew: 5229K->8K(6144K), 0.0010648 secs] 7438K->3242K(19840K), 0.0011503 secs] [Times: user=0.00 sys=0.00, real=0.00 secs] 
Heap after GC invocations=205 (full 27):
 par new generation   total 6144K, used 8K [0x00000000fec00000, 0x00000000ff2a0000, 0x00000000ff2a0000)
  eden space 5504K,   0% used [0x00000000fec00000, 0x00000000fec00000, 0x00000000ff160000)
  from space 640K,   1% used [0x00000000ff160000, 0x00000000ff162040, 0x00000000ff200000)
  to   space 640K,   0% used [0x00000000ff200000, 0x00000000ff200000, 0x00000000ff2a0000)
 concurrent mark-sweep generation total 13696K, used 3234K [0x00000000ff2a0000, 0x0000000100000000, 0x0000000100000000)
 Metaspace       used 5076K, capacity 5258K, committed 5504K, reserved 1056768K
  class space    used 557K, capacity 597K, committed 640K, reserved 1048576K
}
{Heap before GC invocations=205 (full 27):
 par new generation   total 6144K, used 5237K [0x00000000fec00000, 0x00000000ff2a0000, 0x00000000ff2a0000)
  eden space 5504K,  95% used [0x00000000fec00000, 0x00000000ff11b780, 0x00000000ff160000)
  from space 640K,   1% used [0x00000000ff160000, 0x00000000ff162040, 0x00000000ff200000)
  to   space 640K,   0% used [0x00000000ff200000, 0x00000000ff200000, 0x00000000ff2a0000)
 concurrent mark-sweep generation total 13696K, used 3234K [0x00000000ff2a0000, 0x0000000100000000, 0x0000000100000000)
 Metaspace       used 5076K, capacity 5258K, committed 5504K, reserved 1056768K
  class space    used 557K, capacity 597K, committed 640K, reserved 1048576K
2024-07-16T11:01:36.881+0800: 1.762: [GC (Allocation Failure) 2024-07-16T11:01:36.881+0800: 1.762: [ParNew: 5237K->4K(6144K), 0.0011489 secs] 8472K->3238K(19840K), 0.0012373 secs] [Times: user=0.00 sys=0.00, real=0.00 secs] 
Heap after GC invocations=206 (full 27):
 par new generation   total 6144K, used 4K [0x00000000fec00000, 0x00000000ff2a0000, 0x00000000ff2a0000)
  eden space 5504K,   0% used [0x00000000fec00000, 0x00000000fec00000, 0x00000000ff160000)
  from space 640K,   0% used [0x00000000ff200000, 0x00000000ff201020, 0x00000000ff2a0000)
  to   space 640K,   0% used [0x00000000ff160000, 0x00000000ff160000, 0x00000000ff200000)
 concurrent mark-sweep generation total 13696K, used 3234K [0x00000000ff2a0000, 0x0000000100000000, 0x0000000100000000)
 Metaspace       used 5076K, capacity 5258K, committed 5504K, reserved 1056768K
  class space    used 557K, capacity 597K, committed 640K, reserved 1048576K
}
{Heap before GC invocations=206 (full 27):
 par new generation   total 6144K, used 5233K [0x00000000fec00000, 0x00000000ff2a0000, 0x00000000ff2a0000)
  eden space 5504K,  95% used [0x00000000fec00000, 0x00000000ff11b780, 0x00000000ff160000)
  from space 640K,   0% used [0x00000000ff200000, 0x00000000ff201020, 0x00000000ff2a0000)
  to   space 640K,   0% used [0x00000000ff160000, 0x00000000ff160000, 0x00000000ff200000)
 concurrent mark-sweep generation total 13696K, used 3234K [0x00000000ff2a0000, 0x0000000100000000, 0x0000000100000000)
 Metaspace       used 5076K, capacity 5258K, committed 5504K, reserved 1056768K
  class space    used 557K, capacity 597K, committed 640K, reserved 1048576K
2024-07-16T11:01:36.889+0800: 1.770: [GC (Allocation Failure) 2024-07-16T11:01:36.889+0800: 1.770: [ParNew: 5233K->8K(6144K), 0.0013497 secs] 8468K->4268K(19840K), 0.0014594 secs] [Times: user=0.00 sys=0.00, real=0.00 secs] 
Heap after GC invocations=207 (full 27):
 par new generation   total 6144K, used 8K [0x00000000fec00000, 0x00000000ff2a0000, 0x00000000ff2a0000)
  eden space 5504K,   0% used [0x00000000fec00000, 0x00000000fec00000, 0x00000000ff160000)
  from space 640K,   1% used [0x00000000ff160000, 0x00000000ff162040, 0x00000000ff200000)
  to   space 640K,   0% used [0x00000000ff200000, 0x00000000ff200000, 0x00000000ff2a0000)
 concurrent mark-sweep generation total 13696K, used 4260K [0x00000000ff2a0000, 0x0000000100000000, 0x0000000100000000)
 Metaspace       used 5076K, capacity 5258K, committed 5504K, reserved 1056768K
  class space    used 557K, capacity 597K, committed 640K, reserved 1048576K
}
{Heap before GC invocations=207 (full 27):
 par new generation   total 6144K, used 5237K [0x00000000fec00000, 0x00000000ff2a0000, 0x00000000ff2a0000)
  eden space 5504K,  95% used [0x00000000fec00000, 0x00000000ff11b780, 0x00000000ff160000)
  from space 640K,   1% used [0x00000000ff160000, 0x00000000ff162040, 0x00000000ff200000)
  to   space 640K,   0% used [0x00000000ff200000, 0x00000000ff200000, 0x00000000ff2a0000)
 concurrent mark-sweep generation total 13696K, used 4260K [0x00000000ff2a0000, 0x0000000100000000, 0x0000000100000000)
 Metaspace       used 5076K, capacity 5258K, committed 5504K, reserved 1056768K
  class space    used 557K, capacity 597K, committed 640K, reserved 1048576K
2024-07-16T11:01:36.897+0800: 1.778: [GC (Allocation Failure) 2024-07-16T11:01:36.897+0800: 1.778: [ParNew: 5237K->6K(6144K), 0.0012927 secs] 9498K->5292K(19840K), 0.0014041 secs] [Times: user=0.00 sys=0.00, real=0.00 secs] 
Heap after GC invocations=208 (full 27):
 par new generation   total 6144K, used 6K [0x00000000fec00000, 0x00000000ff2a0000, 0x00000000ff2a0000)
  eden space 5504K,   0% used [0x00000000fec00000, 0x00000000fec00000, 0x00000000ff160000)
  from space 640K,   0% used [0x00000000ff200000, 0x00000000ff201830, 0x00000000ff2a0000)
  to   space 640K,   0% used [0x00000000ff160000, 0x00000000ff160000, 0x00000000ff200000)
 concurrent mark-sweep generation total 13696K, used 5286K [0x00000000ff2a0000, 0x0000000100000000, 0x0000000100000000)
 Metaspace       used 5076K, capacity 5258K, committed 5504K, reserved 1056768K
  class space    used 557K, capacity 597K, committed 640K, reserved 1048576K
}
{Heap before GC invocations=208 (full 27):
 par new generation   total 6144K, used 5235K [0x00000000fec00000, 0x00000000ff2a0000, 0x00000000ff2a0000)
  eden space 5504K,  95% used [0x00000000fec00000, 0x00000000ff11b780, 0x00000000ff160000)
  from space 640K,   0% used [0x00000000ff200000, 0x00000000ff201830, 0x00000000ff2a0000)
  to   space 640K,   0% used [0x00000000ff160000, 0x00000000ff160000, 0x00000000ff200000)
 concurrent mark-sweep generation total 13696K, used 5286K [0x00000000ff2a0000, 0x0000000100000000, 0x0000000100000000)
 Metaspace       used 5076K, capacity 5258K, committed 5504K, reserved 1056768K
  class space    used 557K, capacity 597K, committed 640K, reserved 1048576K
2024-07-16T11:01:36.904+0800: 1.785: [GC (Allocation Failure) 2024-07-16T11:01:36.904+0800: 1.785: [ParNew: 5235K->8K(6144K), 0.0014418 secs] 10522K->6320K(19840K), 0.0015251 secs] [Times: user=0.00 sys=0.00, real=0.00 secs] 
Heap after GC invocations=209 (full 27):
 par new generation   total 6144K, used 8K [0x00000000fec00000, 0x00000000ff2a0000, 0x00000000ff2a0000)
  eden space 5504K,   0% used [0x00000000fec00000, 0x00000000fec00000, 0x00000000ff160000)
  from space 640K,   1% used [0x00000000ff160000, 0x00000000ff162040, 0x00000000ff200000)
  to   space 640K,   0% used [0x00000000ff200000, 0x00000000ff200000, 0x00000000ff2a0000)
 concurrent mark-sweep generation total 13696K, used 6312K [0x00000000ff2a0000, 0x0000000100000000, 0x0000000100000000)
 Metaspace       used 5076K, capacity 5258K, committed 5504K, reserved 1056768K
  class space    used 557K, capacity 597K, committed 640K, reserved 1048576K
}
2024-07-16T11:01:36.906+0800: 1.787: [GC (CMS Initial Mark) [1 CMS-initial-mark: 6312K(13696K)] 7346K(19840K), 0.0003968 secs] [Times: user=0.00 sys=0.00, real=0.00 secs] 
2024-07-16T11:01:36.906+0800: 1.787: [CMS-concurrent-mark-start]
2024-07-16T11:01:36.912+0800: 1.793: [CMS-concurrent-mark: 0.006/0.006 secs] [Times: user=0.05 sys=0.00, real=0.01 secs] 
2024-07-16T11:01:36.912+0800: 1.793: [CMS-concurrent-preclean-start]
2024-07-16T11:01:36.913+0800: 1.794: [CMS-concurrent-preclean: 0.000/0.000 secs] [Times: user=0.00 sys=0.00, real=0.00 secs] 
2024-07-16T11:01:36.913+0800: 1.794: [CMS-concurrent-abortable-preclean-start]
{Heap before GC invocations=209 (full 28):
 par new generation   total 6144K, used 5237K [0x00000000fec00000, 0x00000000ff2a0000, 0x00000000ff2a0000)
  eden space 5504K,  95% used [0x00000000fec00000, 0x00000000ff11b780, 0x00000000ff160000)
  from space 640K,   1% used [0x00000000ff160000, 0x00000000ff162040, 0x00000000ff200000)
  to   space 640K,   0% used [0x00000000ff200000, 0x00000000ff200000, 0x00000000ff2a0000)
 concurrent mark-sweep generation total 13696K, used 6312K [0x00000000ff2a0000, 0x0000000100000000, 0x0000000100000000)
 Metaspace       used 5076K, capacity 5258K, committed 5504K, reserved 1056768K
  class space    used 557K, capacity 597K, committed 640K, reserved 1048576K
2024-07-16T11:01:36.913+0800: 1.794: [GC (Allocation Failure) 2024-07-16T11:01:36.913+0800: 1.794: [ParNew: 5237K->4K(6144K), 0.0009998 secs] 11550K->6316K(19840K), 0.0011059 secs] [Times: user=0.00 sys=0.00, real=0.00 secs] 
Heap after GC invocations=210 (full 28):
 par new generation   total 6144K, used 4K [0x00000000fec00000, 0x00000000ff2a0000, 0x00000000ff2a0000)
  eden space 5504K,   0% used [0x00000000fec00000, 0x00000000fec00000, 0x00000000ff160000)
  from space 640K,   0% used [0x00000000ff200000, 0x00000000ff201020, 0x00000000ff2a0000)
  to   space 640K,   0% used [0x00000000ff160000, 0x00000000ff160000, 0x00000000ff200000)
 concurrent mark-sweep generation total 13696K, used 6312K [0x00000000ff2a0000, 0x0000000100000000, 0x0000000100000000)
 Metaspace       used 5076K, capacity 5258K, committed 5504K, reserved 1056768K
  class space    used 557K, capacity 597K, committed 640K, reserved 1048576K
}
{Heap before GC invocations=210 (full 28):
 par new generation   total 6144K, used 5233K [0x00000000fec00000, 0x00000000ff2a0000, 0x00000000ff2a0000)
  eden space 5504K,  95% used [0x00000000fec00000, 0x00000000ff11b780, 0x00000000ff160000)
  from space 640K,   0% used [0x00000000ff200000, 0x00000000ff201020, 0x00000000ff2a0000)
  to   space 640K,   0% used [0x00000000ff160000, 0x00000000ff160000, 0x00000000ff200000)
 concurrent mark-sweep generation total 13696K, used 6312K [0x00000000ff2a0000, 0x0000000100000000, 0x0000000100000000)
 Metaspace       used 5076K, capacity 5258K, committed 5504K, reserved 1056768K
  class space    used 557K, capacity 597K, committed 640K, reserved 1048576K
2024-07-16T11:01:36.921+0800: 1.802: [GC (Allocation Failure) 2024-07-16T11:01:36.921+0800: 1.802: [ParNew: 5233K->4K(6144K), 0.0012489 secs] 11546K->7340K(19840K), 0.0013467 secs] [Times: user=0.00 sys=0.00, real=0.00 secs] 
Heap after GC invocations=211 (full 28):
 par new generation   total 6144K, used 4K [0x00000000fec00000, 0x00000000ff2a0000, 0x00000000ff2a0000)
  eden space 5504K,   0% used [0x00000000fec00000, 0x00000000fec00000, 0x00000000ff160000)
  from space 640K,   0% used [0x00000000ff160000, 0x00000000ff161020, 0x00000000ff200000)
  to   space 640K,   0% used [0x00000000ff200000, 0x00000000ff200000, 0x00000000ff2a0000)
 concurrent mark-sweep generation total 13696K, used 7336K [0x00000000ff2a0000, 0x0000000100000000, 0x0000000100000000)
 Metaspace       used 5076K, capacity 5258K, committed 5504K, reserved 1056768K
  class space    used 557K, capacity 597K, committed 640K, reserved 1048576K
}
{Heap before GC invocations=211 (full 28):
 par new generation   total 6144K, used 5233K [0x00000000fec00000, 0x00000000ff2a0000, 0x00000000ff2a0000)
  eden space 5504K,  95% used [0x00000000fec00000, 0x00000000ff11b780, 0x00000000ff160000)
  from space 640K,   0% used [0x00000000ff160000, 0x00000000ff161020, 0x00000000ff200000)
  to   space 640K,   0% used [0x00000000ff200000, 0x00000000ff200000, 0x00000000ff2a0000)
 concurrent mark-sweep generation total 13696K, used 7336K [0x00000000ff2a0000, 0x0000000100000000, 0x0000000100000000)
 Metaspace       used 5076K, capacity 5258K, committed 5504K, reserved 1056768K
  class space    used 557K, capacity 597K, committed 640K, reserved 1048576K
2024-07-16T11:01:36.929+0800: 1.810: [GC (Allocation Failure) 2024-07-16T11:01:36.929+0800: 1.810: [ParNew: 5233K->6K(6144K), 0.0013413 secs] 12570K->8368K(19840K), 0.0014382 secs] [Times: user=0.00 sys=0.00, real=0.00 secs] 
Heap after GC invocations=212 (full 28):
 par new generation   total 6144K, used 6K [0x00000000fec00000, 0x00000000ff2a0000, 0x00000000ff2a0000)
  eden space 5504K,   0% used [0x00000000fec00000, 0x00000000fec00000, 0x00000000ff160000)
  from space 640K,   0% used [0x00000000ff200000, 0x00000000ff201830, 0x00000000ff2a0000)
  to   space 640K,   0% used [0x00000000ff160000, 0x00000000ff160000, 0x00000000ff200000)
 concurrent mark-sweep generation total 13696K, used 8362K [0x00000000ff2a0000, 0x0000000100000000, 0x0000000100000000)
 Metaspace       used 5076K, capacity 5258K, committed 5504K, reserved 1056768K
  class space    used 557K, capacity 597K, committed 640K, reserved 1048576K
}
{Heap before GC invocations=212 (full 28):
 par new generation   total 6144K, used 5235K [0x00000000fec00000, 0x00000000ff2a0000, 0x00000000ff2a0000)
  eden space 5504K,  95% used [0x00000000fec00000, 0x00000000ff11b780, 0x00000000ff160000)
  from space 640K,   0% used [0x00000000ff200000, 0x00000000ff201830, 0x00000000ff2a0000)
  to   space 640K,   0% used [0x00000000ff160000, 0x00000000ff160000, 0x00000000ff200000)
 concurrent mark-sweep generation total 13696K, used 8362K [0x00000000ff2a0000, 0x0000000100000000, 0x0000000100000000)
 Metaspace       used 5076K, capacity 5258K, committed 5504K, reserved 1056768K
  class space    used 557K, capacity 597K, committed 640K, reserved 1048576K
2024-07-16T11:01:36.938+0800: 1.819: [GC (Allocation Failure) 2024-07-16T11:01:36.938+0800: 1.819: [ParNew: 5235K->4K(6144K), 0.0010735 secs] 13598K->8366K(19840K), 0.0012057 secs] [Times: user=0.16 sys=0.00, real=0.00 secs] 
Heap after GC invocations=213 (full 28):
 par new generation   total 6144K, used 4K [0x00000000fec00000, 0x00000000ff2a0000, 0x00000000ff2a0000)
  eden space 5504K,   0% used [0x00000000fec00000, 0x00000000fec00000, 0x00000000ff160000)
  from space 640K,   0% used [0x00000000ff160000, 0x00000000ff161020, 0x00000000ff200000)
  to   space 640K,   0% used [0x00000000ff200000, 0x00000000ff200000, 0x00000000ff2a0000)
 concurrent mark-sweep generation total 13696K, used 8362K [0x00000000ff2a0000, 0x0000000100000000, 0x0000000100000000)
 Metaspace       used 5076K, capacity 5258K, committed 5504K, reserved 1056768K
  class space    used 557K, capacity 597K, committed 640K, reserved 1048576K
}
{Heap before GC invocations=213 (full 28):
 par new generation   total 6144K, used 5233K [0x00000000fec00000, 0x00000000ff2a0000, 0x00000000ff2a0000)
  eden space 5504K,  95% used [0x00000000fec00000, 0x00000000ff11b780, 0x00000000ff160000)
  from space 640K,   0% used [0x00000000ff160000, 0x00000000ff161020, 0x00000000ff200000)
  to   space 640K,   0% used [0x00000000ff200000, 0x00000000ff200000, 0x00000000ff2a0000)
 concurrent mark-sweep generation total 13696K, used 8362K [0x00000000ff2a0000, 0x0000000100000000, 0x0000000100000000)
 Metaspace       used 5076K, capacity 5258K, committed 5504K, reserved 1056768K
  class space    used 557K, capacity 597K, committed 640K, reserved 1048576K
2024-07-16T11:01:36.948+0800: 1.829: [GC (Allocation Failure) 2024-07-16T11:01:36.948+0800: 1.829: [ParNew: 5233K->4K(6144K), 0.0012477 secs] 13596K->8366K(19840K), 0.0013473 secs] [Times: user=0.00 sys=0.00, real=0.00 secs] 
Heap after GC invocations=214 (full 28):
 par new generation   total 6144K, used 4K [0x00000000fec00000, 0x00000000ff2a0000, 0x00000000ff2a0000)
  eden space 5504K,   0% used [0x00000000fec00000, 0x00000000fec00000, 0x00000000ff160000)
  from space 640K,   0% used [0x00000000ff200000, 0x00000000ff201020, 0x00000000ff2a0000)
  to   space 640K,   0% used [0x00000000ff160000, 0x00000000ff160000, 0x00000000ff200000)
 concurrent mark-sweep generation total 13696K, used 8362K [0x00000000ff2a0000, 0x0000000100000000, 0x0000000100000000)
 Metaspace       used 5076K, capacity 5258K, committed 5504K, reserved 1056768K
  class space    used 557K, capacity 597K, committed 640K, reserved 1048576K
}
{Heap before GC invocations=214 (full 28):
 par new generation   total 6144K, used 5233K [0x00000000fec00000, 0x00000000ff2a0000, 0x00000000ff2a0000)
  eden space 5504K,  95% used [0x00000000fec00000, 0x00000000ff11b780, 0x00000000ff160000)
  from space 640K,   0% used [0x00000000ff200000, 0x00000000ff201020, 0x00000000ff2a0000)
  to   space 640K,   0% used [0x00000000ff160000, 0x00000000ff160000, 0x00000000ff200000)
 concurrent mark-sweep generation total 13696K, used 8362K [0x00000000ff2a0000, 0x0000000100000000, 0x0000000100000000)
 Metaspace       used 5076K, capacity 5258K, committed 5504K, reserved 1056768K
  class space    used 557K, capacity 597K, committed 640K, reserved 1048576K
2024-07-16T11:01:36.955+0800: 1.836: [GC (Allocation Failure) 2024-07-16T11:01:36.955+0800: 1.836: [ParNew: 5233K->8K(6144K), 0.0012655 secs] 13596K->9396K(19840K), 0.0013872 secs] [Times: user=0.00 sys=0.00, real=0.00 secs] 
Heap after GC invocations=215 (full 28):
 par new generation   total 6144K, used 8K [0x00000000fec00000, 0x00000000ff2a0000, 0x00000000ff2a0000)
  eden space 5504K,   0% used [0x00000000fec00000, 0x00000000fec00000, 0x00000000ff160000)
  from space 640K,   1% used [0x00000000ff160000, 0x00000000ff162040, 0x00000000ff200000)
  to   space 640K,   0% used [0x00000000ff200000, 0x00000000ff200000, 0x00000000ff2a0000)
 concurrent mark-sweep generation total 13696K, used 9388K [0x00000000ff2a0000, 0x0000000100000000, 0x0000000100000000)
 Metaspace       used 5076K, capacity 5258K, committed 5504K, reserved 1056768K
  class space    used 557K, capacity 597K, committed 640K, reserved 1048576K
}
{Heap before GC invocations=215 (full 28):
 par new generation   total 6144K, used 5237K [0x00000000fec00000, 0x00000000ff2a0000, 0x00000000ff2a0000)
  eden space 5504K,  95% used [0x00000000fec00000, 0x00000000ff11b780, 0x00000000ff160000)
  from space 640K,   1% used [0x00000000ff160000, 0x00000000ff162040, 0x00000000ff200000)
  to   space 640K,   0% used [0x00000000ff200000, 0x00000000ff200000, 0x00000000ff2a0000)
 concurrent mark-sweep generation total 13696K, used 9388K [0x00000000ff2a0000, 0x0000000100000000, 0x0000000100000000)
 Metaspace       used 5076K, capacity 5258K, committed 5504K, reserved 1056768K
  class space    used 557K, capacity 597K, committed 640K, reserved 1048576K
2024-07-16T11:01:36.966+0800: 1.847: [GC (Allocation Failure) 2024-07-16T11:01:36.966+0800: 1.847: [ParNew: 5237K->4K(6144K), 0.0012869 secs] 14626K->9392K(19840K), 0.0014013 secs] [Times: user=0.00 sys=0.00, real=0.00 secs] 
Heap after GC invocations=216 (full 28):
 par new generation   total 6144K, used 4K [0x00000000fec00000, 0x00000000ff2a0000, 0x00000000ff2a0000)
  eden space 5504K,   0% used [0x00000000fec00000, 0x00000000fec00000, 0x00000000ff160000)
  from space 640K,   0% used [0x00000000ff200000, 0x00000000ff201020, 0x00000000ff2a0000)
  to   space 640K,   0% used [0x00000000ff160000, 0x00000000ff160000, 0x00000000ff200000)
 concurrent mark-sweep generation total 13696K, used 9388K [0x00000000ff2a0000, 0x0000000100000000, 0x0000000100000000)
 Metaspace       used 5076K, capacity 5258K, committed 5504K, reserved 1056768K
  class space    used 557K, capacity 597K, committed 640K, reserved 1048576K
}
{Heap before GC invocations=216 (full 28):
 par new generation   total 6144K, used 5233K [0x00000000fec00000, 0x00000000ff2a0000, 0x00000000ff2a0000)
  eden space 5504K,  95% used [0x00000000fec00000, 0x00000000ff11b780, 0x00000000ff160000)
  from space 640K,   0% used [0x00000000ff200000, 0x00000000ff201020, 0x00000000ff2a0000)
  to   space 640K,   0% used [0x00000000ff160000, 0x00000000ff160000, 0x00000000ff200000)
 concurrent mark-sweep generation total 13696K, used 9388K [0x00000000ff2a0000, 0x0000000100000000, 0x0000000100000000)
 Metaspace       used 5076K, capacity 5258K, committed 5504K, reserved 1056768K
  class space    used 557K, capacity 597K, committed 640K, reserved 1048576K
2024-07-16T11:01:36.973+0800: 1.854: [GC (Allocation Failure) 2024-07-16T11:01:36.973+0800: 1.854: [ParNew: 5233K->8K(6144K), 0.0012686 secs] 14622K->10422K(19840K), 0.0013979 secs] [Times: user=0.00 sys=0.00, real=0.00 secs] 
Heap after GC invocations=217 (full 28):
 par new generation   total 6144K, used 8K [0x00000000fec00000, 0x00000000ff2a0000, 0x00000000ff2a0000)
  eden space 5504K,   0% used [0x00000000fec00000, 0x00000000fec00000, 0x00000000ff160000)
  from space 640K,   1% used [0x00000000ff160000, 0x00000000ff162040, 0x00000000ff200000)
  to   space 640K,   0% used [0x00000000ff200000, 0x00000000ff200000, 0x00000000ff2a0000)
 concurrent mark-sweep generation total 13696K, used 10414K [0x00000000ff2a0000, 0x0000000100000000, 0x0000000100000000)
 Metaspace       used 5076K, capacity 5258K, committed 5504K, reserved 1056768K
  class space    used 557K, capacity 597K, committed 640K, reserved 1048576K
}
{Heap before GC invocations=217 (full 28):
 par new generation   total 6144K, used 5237K [0x00000000fec00000, 0x00000000ff2a0000, 0x00000000ff2a0000)
  eden space 5504K,  95% used [0x00000000fec00000, 0x00000000ff11b780, 0x00000000ff160000)
  from space 640K,   1% used [0x00000000ff160000, 0x00000000ff162040, 0x00000000ff200000)
  to   space 640K,   0% used [0x00000000ff200000, 0x00000000ff200000, 0x00000000ff2a0000)
 concurrent mark-sweep generation total 13696K, used 10414K [0x00000000ff2a0000, 0x0000000100000000, 0x0000000100000000)
 Metaspace       used 5076K, capacity 5258K, committed 5504K, reserved 1056768K
  class space    used 557K, capacity 597K, committed 640K, reserved 1048576K
2024-07-16T11:01:36.981+0800: 1.862: [GC (Allocation Failure) 2024-07-16T11:01:36.981+0800: 1.862: [ParNew: 5237K->6K(6144K), 0.0012738 secs] 15652K->11444K(19840K), 0.0013941 secs] [Times: user=0.00 sys=0.00, real=0.00 secs] 
Heap after GC invocations=218 (full 28):
 par new generation   total 6144K, used 6K [0x00000000fec00000, 0x00000000ff2a0000, 0x00000000ff2a0000)
  eden space 5504K,   0% used [0x00000000fec00000, 0x00000000fec00000, 0x00000000ff160000)
  from space 640K,   0% used [0x00000000ff200000, 0x00000000ff201830, 0x00000000ff2a0000)
  to   space 640K,   0% used [0x00000000ff160000, 0x00000000ff160000, 0x00000000ff200000)
 concurrent mark-sweep generation total 13696K, used 11438K [0x00000000ff2a0000, 0x0000000100000000, 0x0000000100000000)
 Metaspace       used 5076K, capacity 5258K, committed 5504K, reserved 1056768K
  class space    used 557K, capacity 597K, committed 640K, reserved 1048576K
}
{Heap before GC invocations=218 (full 28):
 par new generation   total 6144K, used 5235K [0x00000000fec00000, 0x00000000ff2a0000, 0x00000000ff2a0000)
  eden space 5504K,  95% used [0x00000000fec00000, 0x00000000ff11b780, 0x00000000ff160000)
  from space 640K,   0% used [0x00000000ff200000, 0x00000000ff201830, 0x00000000ff2a0000)
  to   space 640K,   0% used [0x00000000ff160000, 0x00000000ff160000, 0x00000000ff200000)
 concurrent mark-sweep generation total 13696K, used 11438K [0x00000000ff2a0000, 0x0000000100000000, 0x0000000100000000)
 Metaspace       used 5076K, capacity 5258K, committed 5504K, reserved 1056768K
  class space    used 557K, capacity 597K, committed 640K, reserved 1048576K
2024-07-16T11:01:36.989+0800: 1.870: [GC (Allocation Failure) 2024-07-16T11:01:36.989+0800: 1.870: [ParNew: 5235K->8K(6144K), 0.0013358 secs] 16674K->12470K(19840K), 0.0014553 secs] [Times: user=0.00 sys=0.00, real=0.00 secs] 
Heap after GC invocations=219 (full 28):
 par new generation   total 6144K, used 8K [0x00000000fec00000, 0x00000000ff2a0000, 0x00000000ff2a0000)
  eden space 5504K,   0% used [0x00000000fec00000, 0x00000000fec00000, 0x00000000ff160000)
  from space 640K,   1% used [0x00000000ff160000, 0x00000000ff162040, 0x00000000ff200000)
  to   space 640K,   0% used [0x00000000ff200000, 0x00000000ff200000, 0x00000000ff2a0000)
 concurrent mark-sweep generation total 13696K, used 12462K [0x00000000ff2a0000, 0x0000000100000000, 0x0000000100000000)
 Metaspace       used 5076K, capacity 5258K, committed 5504K, reserved 1056768K
  class space    used 557K, capacity 597K, committed 640K, reserved 1048576K
}
{Heap before GC invocations=219 (full 28):
 par new generation   total 6144K, used 5237K [0x00000000fec00000, 0x00000000ff2a0000, 0x00000000ff2a0000)
  eden space 5504K,  95% used [0x00000000fec00000, 0x00000000ff11b780, 0x00000000ff160000)
  from space 640K,   1% used [0x00000000ff160000, 0x00000000ff162040, 0x00000000ff200000)
  to   space 640K,   0% used [0x00000000ff200000, 0x00000000ff200000, 0x00000000ff2a0000)
 concurrent mark-sweep generation total 13696K, used 12462K [0x00000000ff2a0000, 0x0000000100000000, 0x0000000100000000)
 Metaspace       used 5076K, capacity 5258K, committed 5504K, reserved 1056768K
  class space    used 557K, capacity 597K, committed 640K, reserved 1048576K
2024-07-16T11:01:36.998+0800: 1.879: [GC (Allocation Failure) 2024-07-16T11:01:36.998+0800: 1.879: [ParNew: 5237K->5237K(6144K), 0.0000492 secs]2024-07-16T11:01:36.998+0800: 1.879: [CMS2024-07-16T11:01:36.998+0800: 1.879: [CMS-concurrent-abortable-preclean: 0.001/0.085 secs] [Times: user=0.16 sys=0.00, real=0.08 secs] 
 (concurrent mode failure): 12462K->2208K(13696K), 0.0074422 secs] 17700K->2208K(19840K), [Metaspace: 5076K->5076K(1056768K)], 0.0076314 secs] [Times: user=0.02 sys=0.00, real=0.01 secs] 
Heap after GC invocations=220 (full 29):
 par new generation   total 6144K, used 0K [0x00000000fec00000, 0x00000000ff2a0000, 0x00000000ff2a0000)
  eden space 5504K,   0% used [0x00000000fec00000, 0x00000000fec00000, 0x00000000ff160000)
  from space 640K,   0% used [0x00000000ff160000, 0x00000000ff160000, 0x00000000ff200000)
  to   space 640K,   0% used [0x00000000ff200000, 0x00000000ff200000, 0x00000000ff2a0000)
 concurrent mark-sweep generation total 13696K, used 2208K [0x00000000ff2a0000, 0x0000000100000000, 0x0000000100000000)
 Metaspace       used 5076K, capacity 5258K, committed 5504K, reserved 1056768K
  class space    used 557K, capacity 597K, committed 640K, reserved 1048576K
}
{Heap before GC invocations=220 (full 29):
 par new generation   total 6144K, used 5229K [0x00000000fec00000, 0x00000000ff2a0000, 0x00000000ff2a0000)
  eden space 5504K,  95% used [0x00000000fec00000, 0x00000000ff11b780, 0x00000000ff160000)
  from space 640K,   0% used [0x00000000ff160000, 0x00000000ff160000, 0x00000000ff200000)
  to   space 640K,   0% used [0x00000000ff200000, 0x00000000ff200000, 0x00000000ff2a0000)
 concurrent mark-sweep generation total 13696K, used 2208K [0x00000000ff2a0000, 0x0000000100000000, 0x0000000100000000)
 Metaspace       used 5076K, capacity 5258K, committed 5504K, reserved 1056768K
  class space    used 557K, capacity 597K, committed 640K, reserved 1048576K
2024-07-16T11:01:37.012+0800: 1.893: [GC (Allocation Failure) 2024-07-16T11:01:37.012+0800: 1.893: [ParNew: 5229K->8K(6144K), 0.0013156 secs] 7438K->3242K(19840K), 0.0014252 secs] [Times: user=0.00 sys=0.00, real=0.00 secs] 
Heap after GC invocations=221 (full 29):
 par new generation   total 6144K, used 8K [0x00000000fec00000, 0x00000000ff2a0000, 0x00000000ff2a0000)
  eden space 5504K,   0% used [0x00000000fec00000, 0x00000000fec00000, 0x00000000ff160000)
  from space 640K,   1% used [0x00000000ff200000, 0x00000000ff202040, 0x00000000ff2a0000)
  to   space 640K,   0% used [0x00000000ff160000, 0x00000000ff160000, 0x00000000ff200000)
 concurrent mark-sweep generation total 13696K, used 3234K [0x00000000ff2a0000, 0x0000000100000000, 0x0000000100000000)
 Metaspace       used 5076K, capacity 5258K, committed 5504K, reserved 1056768K
  class space    used 557K, capacity 597K, committed 640K, reserved 1048576K
}
{Heap before GC invocations=221 (full 29):
 par new generation   total 6144K, used 5237K [0x00000000fec00000, 0x00000000ff2a0000, 0x00000000ff2a0000)
  eden space 5504K,  95% used [0x00000000fec00000, 0x00000000ff11b780, 0x00000000ff160000)
  from space 640K,   1% used [0x00000000ff200000, 0x00000000ff202040, 0x00000000ff2a0000)
  to   space 640K,   0% used [0x00000000ff160000, 0x00000000ff160000, 0x00000000ff200000)
 concurrent mark-sweep generation total 13696K, used 3234K [0x00000000ff2a0000, 0x0000000100000000, 0x0000000100000000)
 Metaspace       used 5076K, capacity 5258K, committed 5504K, reserved 1056768K
  class space    used 557K, capacity 597K, committed 640K, reserved 1048576K
2024-07-16T11:01:37.021+0800: 1.902: [GC (Allocation Failure) 2024-07-16T11:01:37.021+0800: 1.902: [ParNew: 5237K->8K(6144K), 0.0011840 secs] 8472K->4268K(19840K), 0.0012744 secs] [Times: user=0.00 sys=0.00, real=0.00 secs] 
Heap after GC invocations=222 (full 29):
 par new generation   total 6144K, used 8K [0x00000000fec00000, 0x00000000ff2a0000, 0x00000000ff2a0000)
  eden space 5504K,   0% used [0x00000000fec00000, 0x00000000fec00000, 0x00000000ff160000)
  from space 640K,   1% used [0x00000000ff160000, 0x00000000ff162040, 0x00000000ff200000)
  to   space 640K,   0% used [0x00000000ff200000, 0x00000000ff200000, 0x00000000ff2a0000)
 concurrent mark-sweep generation total 13696K, used 4260K [0x00000000ff2a0000, 0x0000000100000000, 0x0000000100000000)
 Metaspace       used 5076K, capacity 5258K, committed 5504K, reserved 1056768K
  class space    used 557K, capacity 597K, committed 640K, reserved 1048576K
}
{Heap before GC invocations=222 (full 29):
 par new generation   total 6144K, used 5237K [0x00000000fec00000, 0x00000000ff2a0000, 0x00000000ff2a0000)
  eden space 5504K,  95% used [0x00000000fec00000, 0x00000000ff11b780, 0x00000000ff160000)
  from space 640K,   1% used [0x00000000ff160000, 0x00000000ff162040, 0x00000000ff200000)
  to   space 640K,   0% used [0x00000000ff200000, 0x00000000ff200000, 0x00000000ff2a0000)
 concurrent mark-sweep generation total 13696K, used 4260K [0x00000000ff2a0000, 0x0000000100000000, 0x0000000100000000)
 Metaspace       used 5076K, capacity 5258K, committed 5504K, reserved 1056768K
  class space    used 557K, capacity 597K, committed 640K, reserved 1048576K
2024-07-16T11:01:37.030+0800: 1.911: [GC (Allocation Failure) 2024-07-16T11:01:37.030+0800: 1.911: [ParNew: 5237K->4K(6144K), 0.0003519 secs] 9498K->4264K(19840K), 0.0003896 secs] [Times: user=0.00 sys=0.00, real=0.00 secs] 
Heap after GC invocations=223 (full 29):
 par new generation   total 6144K, used 4K [0x00000000fec00000, 0x00000000ff2a0000, 0x00000000ff2a0000)
  eden space 5504K,   0% used [0x00000000fec00000, 0x00000000fec00000, 0x00000000ff160000)
  from space 640K,   0% used [0x00000000ff200000, 0x00000000ff201020, 0x00000000ff2a0000)
  to   space 640K,   0% used [0x00000000ff160000, 0x00000000ff160000, 0x00000000ff200000)
 concurrent mark-sweep generation total 13696K, used 4260K [0x00000000ff2a0000, 0x0000000100000000, 0x0000000100000000)
 Metaspace       used 5076K, capacity 5258K, committed 5504K, reserved 1056768K
  class space    used 557K, capacity 597K, committed 640K, reserved 1048576K
}
{Heap before GC invocations=223 (full 29):
 par new generation   total 6144K, used 5233K [0x00000000fec00000, 0x00000000ff2a0000, 0x00000000ff2a0000)
  eden space 5504K,  95% used [0x00000000fec00000, 0x00000000ff11b780, 0x00000000ff160000)
  from space 640K,   0% used [0x00000000ff200000, 0x00000000ff201020, 0x00000000ff2a0000)
  to   space 640K,   0% used [0x00000000ff160000, 0x00000000ff160000, 0x00000000ff200000)
 concurrent mark-sweep generation total 13696K, used 4260K [0x00000000ff2a0000, 0x0000000100000000, 0x0000000100000000)
 Metaspace       used 5076K, capacity 5258K, committed 5504K, reserved 1056768K
  class space    used 557K, capacity 597K, committed 640K, reserved 1048576K
2024-07-16T11:01:37.036+0800: 1.917: [GC (Allocation Failure) 2024-07-16T11:01:37.036+0800: 1.917: [ParNew: 5233K->8K(6144K), 0.0007168 secs] 9494K->5294K(19840K), 0.0007952 secs] [Times: user=0.00 sys=0.00, real=0.00 secs] 
Heap after GC invocations=224 (full 29):
 par new generation   total 6144K, used 8K [0x00000000fec00000, 0x00000000ff2a0000, 0x00000000ff2a0000)
  eden space 5504K,   0% used [0x00000000fec00000, 0x00000000fec00000, 0x00000000ff160000)
  from space 640K,   1% used [0x00000000ff160000, 0x00000000ff162040, 0x00000000ff200000)
  to   space 640K,   0% used [0x00000000ff200000, 0x00000000ff200000, 0x00000000ff2a0000)
 concurrent mark-sweep generation total 13696K, used 5286K [0x00000000ff2a0000, 0x0000000100000000, 0x0000000100000000)
 Metaspace       used 5076K, capacity 5258K, committed 5504K, reserved 1056768K
  class space    used 557K, capacity 597K, committed 640K, reserved 1048576K
}
{Heap before GC invocations=224 (full 29):
 par new generation   total 6144K, used 5237K [0x00000000fec00000, 0x00000000ff2a0000, 0x00000000ff2a0000)
  eden space 5504K,  95% used [0x00000000fec00000, 0x00000000ff11b780, 0x00000000ff160000)
  from space 640K,   1% used [0x00000000ff160000, 0x00000000ff162040, 0x00000000ff200000)
  to   space 640K,   0% used [0x00000000ff200000, 0x00000000ff200000, 0x00000000ff2a0000)
 concurrent mark-sweep generation total 13696K, used 5286K [0x00000000ff2a0000, 0x0000000100000000, 0x0000000100000000)
 Metaspace       used 5076K, capacity 5258K, committed 5504K, reserved 1056768K
  class space    used 557K, capacity 597K, committed 640K, reserved 1048576K
2024-07-16T11:01:37.046+0800: 1.927: [GC (Allocation Failure) 2024-07-16T11:01:37.046+0800: 1.927: [ParNew: 5237K->4K(6144K), 0.0004413 secs] 10524K->5290K(19840K), 0.0005329 secs] [Times: user=0.00 sys=0.00, real=0.00 secs] 
Heap after GC invocations=225 (full 29):
 par new generation   total 6144K, used 4K [0x00000000fec00000, 0x00000000ff2a0000, 0x00000000ff2a0000)
  eden space 5504K,   0% used [0x00000000fec00000, 0x00000000fec00000, 0x00000000ff160000)
  from space 640K,   0% used [0x00000000ff200000, 0x00000000ff201020, 0x00000000ff2a0000)
  to   space 640K,   0% used [0x00000000ff160000, 0x00000000ff160000, 0x00000000ff200000)
 concurrent mark-sweep generation total 13696K, used 5286K [0x00000000ff2a0000, 0x0000000100000000, 0x0000000100000000)
 Metaspace       used 5076K, capacity 5258K, committed 5504K, reserved 1056768K
  class space    used 557K, capacity 597K, committed 640K, reserved 1048576K
}
{Heap before GC invocations=225 (full 29):
 par new generation   total 6144K, used 5233K [0x00000000fec00000, 0x00000000ff2a0000, 0x00000000ff2a0000)
  eden space 5504K,  95% used [0x00000000fec00000, 0x00000000ff11b780, 0x00000000ff160000)
  from space 640K,   0% used [0x00000000ff200000, 0x00000000ff201020, 0x00000000ff2a0000)
  to   space 640K,   0% used [0x00000000ff160000, 0x00000000ff160000, 0x00000000ff200000)
 concurrent mark-sweep generation total 13696K, used 5286K [0x00000000ff2a0000, 0x0000000100000000, 0x0000000100000000)
 Metaspace       used 5076K, capacity 5258K, committed 5504K, reserved 1056768K
  class space    used 557K, capacity 597K, committed 640K, reserved 1048576K
2024-07-16T11:01:37.053+0800: 1.934: [GC (Allocation Failure) 2024-07-16T11:01:37.053+0800: 1.934: [ParNew: 5233K->10K(6144K), 0.0005400 secs] 10520K->7346K(19840K), 0.0005771 secs] [Times: user=0.00 sys=0.00, real=0.00 secs] 
Heap after GC invocations=226 (full 29):
 par new generation   total 6144K, used 10K [0x00000000fec00000, 0x00000000ff2a0000, 0x00000000ff2a0000)
  eden space 5504K,   0% used [0x00000000fec00000, 0x00000000fec00000, 0x00000000ff160000)
  from space 640K,   1% used [0x00000000ff160000, 0x00000000ff162850, 0x00000000ff200000)
  to   space 640K,   0% used [0x00000000ff200000, 0x00000000ff200000, 0x00000000ff2a0000)
 concurrent mark-sweep generation total 13696K, used 7336K [0x00000000ff2a0000, 0x0000000100000000, 0x0000000100000000)
 Metaspace       used 5076K, capacity 5258K, committed 5504K, reserved 1056768K
  class space    used 557K, capacity 597K, committed 640K, reserved 1048576K
}
2024-07-16T11:01:37.053+0800: 1.934: [GC (CMS Initial Mark) [1 CMS-initial-mark: 7336K(13696K)] 8372K(19840K), 0.0001557 secs] [Times: user=0.00 sys=0.00, real=0.00 secs] 
2024-07-16T11:01:37.053+0800: 1.935: [CMS-concurrent-mark-start]
2024-07-16T11:01:37.055+0800: 1.936: [CMS-concurrent-mark: 0.002/0.002 secs] [Times: user=0.00 sys=0.00, real=0.00 secs] 
2024-07-16T11:01:37.055+0800: 1.936: [CMS-concurrent-preclean-start]
2024-07-16T11:01:37.055+0800: 1.936: [CMS-concurrent-preclean: 0.000/0.000 secs] [Times: user=0.00 sys=0.00, real=0.00 secs] 
2024-07-16T11:01:37.055+0800: 1.936: [CMS-concurrent-abortable-preclean-start]
{Heap before GC invocations=226 (full 30):
 par new generation   total 6144K, used 5239K [0x00000000fec00000, 0x00000000ff2a0000, 0x00000000ff2a0000)
  eden space 5504K,  95% used [0x00000000fec00000, 0x00000000ff11b780, 0x00000000ff160000)
  from space 640K,   1% used [0x00000000ff160000, 0x00000000ff162850, 0x00000000ff200000)
  to   space 640K,   0% used [0x00000000ff200000, 0x00000000ff200000, 0x00000000ff2a0000)
 concurrent mark-sweep generation total 13696K, used 7336K [0x00000000ff2a0000, 0x0000000100000000, 0x0000000100000000)
 Metaspace       used 5076K, capacity 5258K, committed 5504K, reserved 1056768K
  class space    used 557K, capacity 597K, committed 640K, reserved 1048576K
2024-07-16T11:01:37.060+0800: 1.941: [GC (Allocation Failure) 2024-07-16T11:01:37.060+0800: 1.941: [ParNew: 5239K->8K(6144K), 0.0003776 secs] 12576K->8368K(19840K), 0.0004504 secs] [Times: user=0.00 sys=0.00, real=0.00 secs] 
Heap after GC invocations=227 (full 30):
 par new generation   total 6144K, used 8K [0x00000000fec00000, 0x00000000ff2a0000, 0x00000000ff2a0000)
  eden space 5504K,   0% used [0x00000000fec00000, 0x00000000fec00000, 0x00000000ff160000)
  from space 640K,   1% used [0x00000000ff200000, 0x00000000ff202040, 0x00000000ff2a0000)
  to   space 640K,   0% used [0x00000000ff160000, 0x00000000ff160000, 0x00000000ff200000)
 concurrent mark-sweep generation total 13696K, used 8360K [0x00000000ff2a0000, 0x0000000100000000, 0x0000000100000000)
 Metaspace       used 5076K, capacity 5258K, committed 5504K, reserved 1056768K
  class space    used 557K, capacity 597K, committed 640K, reserved 1048576K
}
{Heap before GC invocations=227 (full 30):
 par new generation   total 6144K, used 5237K [0x00000000fec00000, 0x00000000ff2a0000, 0x00000000ff2a0000)
  eden space 5504K,  95% used [0x00000000fec00000, 0x00000000ff11b780, 0x00000000ff160000)
  from space 640K,   1% used [0x00000000ff200000, 0x00000000ff202040, 0x00000000ff2a0000)
  to   space 640K,   0% used [0x00000000ff160000, 0x00000000ff160000, 0x00000000ff200000)
 concurrent mark-sweep generation total 13696K, used 8360K [0x00000000ff2a0000, 0x0000000100000000, 0x0000000100000000)
 Metaspace       used 5076K, capacity 5258K, committed 5504K, reserved 1056768K
  class space    used 557K, capacity 597K, committed 640K, reserved 1048576K
2024-07-16T11:01:37.067+0800: 1.948: [GC (Allocation Failure) 2024-07-16T11:01:37.067+0800: 1.948: [ParNew: 5237K->4K(6144K), 0.0003082 secs] 13598K->8364K(19840K), 0.0003486 secs] [Times: user=0.00 sys=0.00, real=0.00 secs] 
Heap after GC invocations=228 (full 30):
 par new generation   total 6144K, used 4K [0x00000000fec00000, 0x00000000ff2a0000, 0x00000000ff2a0000)
  eden space 5504K,   0% used [0x00000000fec00000, 0x00000000fec00000, 0x00000000ff160000)
  from space 640K,   0% used [0x00000000ff160000, 0x00000000ff161020, 0x00000000ff200000)
  to   space 640K,   0% used [0x00000000ff200000, 0x00000000ff200000, 0x00000000ff2a0000)
 concurrent mark-sweep generation total 13696K, used 8360K [0x00000000ff2a0000, 0x0000000100000000, 0x0000000100000000)
 Metaspace       used 5076K, capacity 5258K, committed 5504K, reserved 1056768K
  class space    used 557K, capacity 597K, committed 640K, reserved 1048576K
}
{Heap before GC invocations=228 (full 30):
 par new generation   total 6144K, used 5233K [0x00000000fec00000, 0x00000000ff2a0000, 0x00000000ff2a0000)
  eden space 5504K,  95% used [0x00000000fec00000, 0x00000000ff11b780, 0x00000000ff160000)
  from space 640K,   0% used [0x00000000ff160000, 0x00000000ff161020, 0x00000000ff200000)
  to   space 640K,   0% used [0x00000000ff200000, 0x00000000ff200000, 0x00000000ff2a0000)
 concurrent mark-sweep generation total 13696K, used 8360K [0x00000000ff2a0000, 0x0000000100000000, 0x0000000100000000)
 Metaspace       used 5076K, capacity 5258K, committed 5504K, reserved 1056768K
  class space    used 557K, capacity 597K, committed 640K, reserved 1048576K
2024-07-16T11:01:37.074+0800: 1.955: [GC (Allocation Failure) 2024-07-16T11:01:37.074+0800: 1.955: [ParNew: 5233K->4K(6144K), 0.0002629 secs] 13594K->8364K(19840K), 0.0002983 secs] [Times: user=0.00 sys=0.00, real=0.00 secs] 
Heap after GC invocations=229 (full 30):
 par new generation   total 6144K, used 4K [0x00000000fec00000, 0x00000000ff2a0000, 0x00000000ff2a0000)
  eden space 5504K,   0% used [0x00000000fec00000, 0x00000000fec00000, 0x00000000ff160000)
  from space 640K,   0% used [0x00000000ff200000, 0x00000000ff201020, 0x00000000ff2a0000)
  to   space 640K,   0% used [0x00000000ff160000, 0x00000000ff160000, 0x00000000ff200000)
 concurrent mark-sweep generation total 13696K, used 8360K [0x00000000ff2a0000, 0x0000000100000000, 0x0000000100000000)
 Metaspace       used 5076K, capacity 5258K, committed 5504K, reserved 1056768K
  class space    used 557K, capacity 597K, committed 640K, reserved 1048576K
}
{Heap before GC invocations=229 (full 30):
 par new generation   total 6144K, used 5233K [0x00000000fec00000, 0x00000000ff2a0000, 0x00000000ff2a0000)
  eden space 5504K,  95% used [0x00000000fec00000, 0x00000000ff11b780, 0x00000000ff160000)
  from space 640K,   0% used [0x00000000ff200000, 0x00000000ff201020, 0x00000000ff2a0000)
  to   space 640K,   0% used [0x00000000ff160000, 0x00000000ff160000, 0x00000000ff200000)
 concurrent mark-sweep generation total 13696K, used 8360K [0x00000000ff2a0000, 0x0000000100000000, 0x0000000100000000)
 Metaspace       used 5076K, capacity 5258K, committed 5504K, reserved 1056768K
  class space    used 557K, capacity 597K, committed 640K, reserved 1048576K
2024-07-16T11:01:37.081+0800: 1.961: [GC (Allocation Failure) 2024-07-16T11:01:37.081+0800: 1.961: [ParNew: 5233K->6K(6144K), 0.0004020 secs] 13594K->9390K(19840K), 0.0004403 secs] [Times: user=0.00 sys=0.00, real=0.00 secs] 
Heap after GC invocations=230 (full 30):
 par new generation   total 6144K, used 6K [0x00000000fec00000, 0x00000000ff2a0000, 0x00000000ff2a0000)
  eden space 5504K,   0% used [0x00000000fec00000, 0x00000000fec00000, 0x00000000ff160000)
  from space 640K,   0% used [0x00000000ff160000, 0x00000000ff161830, 0x00000000ff200000)
  to   space 640K,   0% used [0x00000000ff200000, 0x00000000ff200000, 0x00000000ff2a0000)
 concurrent mark-sweep generation total 13696K, used 9384K [0x00000000ff2a0000, 0x0000000100000000, 0x0000000100000000)
 Metaspace       used 5076K, capacity 5258K, committed 5504K, reserved 1056768K
  class space    used 557K, capacity 597K, committed 640K, reserved 1048576K
}
{Heap before GC invocations=230 (full 30):
 par new generation   total 6144K, used 5235K [0x00000000fec00000, 0x00000000ff2a0000, 0x00000000ff2a0000)
  eden space 5504K,  95% used [0x00000000fec00000, 0x00000000ff11b780, 0x00000000ff160000)
  from space 640K,   0% used [0x00000000ff160000, 0x00000000ff161830, 0x00000000ff200000)
  to   space 640K,   0% used [0x00000000ff200000, 0x00000000ff200000, 0x00000000ff2a0000)
 concurrent mark-sweep generation total 13696K, used 9384K [0x00000000ff2a0000, 0x0000000100000000, 0x0000000100000000)
 Metaspace       used 5076K, capacity 5258K, committed 5504K, reserved 1056768K
  class space    used 557K, capacity 597K, committed 640K, reserved 1048576K
2024-07-16T11:01:37.086+0800: 1.966: [GC (Allocation Failure) 2024-07-16T11:01:37.086+0800: 1.966: [ParNew: 5235K->8K(6144K), 0.0003764 secs] 14620K->10418K(19840K), 0.0004098 secs] [Times: user=0.00 sys=0.00, real=0.00 secs] 
Heap after GC invocations=231 (full 30):
 par new generation   total 6144K, used 8K [0x00000000fec00000, 0x00000000ff2a0000, 0x00000000ff2a0000)
  eden space 5504K,   0% used [0x00000000fec00000, 0x00000000fec00000, 0x00000000ff160000)
  from space 640K,   1% used [0x00000000ff200000, 0x00000000ff202040, 0x00000000ff2a0000)
  to   space 640K,   0% used [0x00000000ff160000, 0x00000000ff160000, 0x00000000ff200000)
 concurrent mark-sweep generation total 13696K, used 10410K [0x00000000ff2a0000, 0x0000000100000000, 0x0000000100000000)
 Metaspace       used 5076K, capacity 5258K, committed 5504K, reserved 1056768K
  class space    used 557K, capacity 597K, committed 640K, reserved 1048576K
}
{Heap before GC invocations=231 (full 30):
 par new generation   total 6144K, used 5237K [0x00000000fec00000, 0x00000000ff2a0000, 0x00000000ff2a0000)
  eden space 5504K,  95% used [0x00000000fec00000, 0x00000000ff11b780, 0x00000000ff160000)
  from space 640K,   1% used [0x00000000ff200000, 0x00000000ff202040, 0x00000000ff2a0000)
  to   space 640K,   0% used [0x00000000ff160000, 0x00000000ff160000, 0x00000000ff200000)
 concurrent mark-sweep generation total 13696K, used 10410K [0x00000000ff2a0000, 0x0000000100000000, 0x0000000100000000)
 Metaspace       used 5076K, capacity 5258K, committed 5504K, reserved 1056768K
  class space    used 557K, capacity 597K, committed 640K, reserved 1048576K
2024-07-16T11:01:37.092+0800: 1.973: [GC (Allocation Failure) 2024-07-16T11:01:37.092+0800: 1.973: [ParNew: 5237K->6K(6144K), 0.0004041 secs] 15648K->11442K(19840K), 0.0004444 secs] [Times: user=0.00 sys=0.00, real=0.00 secs] 
Heap after GC invocations=232 (full 30):
 par new generation   total 6144K, used 6K [0x00000000fec00000, 0x00000000ff2a0000, 0x00000000ff2a0000)
  eden space 5504K,   0% used [0x00000000fec00000, 0x00000000fec00000, 0x00000000ff160000)
  from space 640K,   0% used [0x00000000ff160000, 0x00000000ff161830, 0x00000000ff200000)
  to   space 640K,   0% used [0x00000000ff200000, 0x00000000ff200000, 0x00000000ff2a0000)
 concurrent mark-sweep generation total 13696K, used 11436K [0x00000000ff2a0000, 0x0000000100000000, 0x0000000100000000)
 Metaspace       used 5076K, capacity 5258K, committed 5504K, reserved 1056768K
  class space    used 557K, capacity 597K, committed 640K, reserved 1048576K
}
{Heap before GC invocations=232 (full 30):
 par new generation   total 6144K, used 5235K [0x00000000fec00000, 0x00000000ff2a0000, 0x00000000ff2a0000)
  eden space 5504K,  95% used [0x00000000fec00000, 0x00000000ff11b780, 0x00000000ff160000)
  from space 640K,   0% used [0x00000000ff160000, 0x00000000ff161830, 0x00000000ff200000)
  to   space 640K,   0% used [0x00000000ff200000, 0x00000000ff200000, 0x00000000ff2a0000)
 concurrent mark-sweep generation total 13696K, used 11436K [0x00000000ff2a0000, 0x0000000100000000, 0x0000000100000000)
 Metaspace       used 5076K, capacity 5258K, committed 5504K, reserved 1056768K
  class space    used 557K, capacity 597K, committed 640K, reserved 1048576K
2024-07-16T11:01:37.099+0800: 1.979: [GC (Allocation Failure) 2024-07-16T11:01:37.099+0800: 1.979: [ParNew: 5235K->8K(6144K), 0.0003530 secs] 16672K->12468K(19840K), 0.0003901 secs] [Times: user=0.00 sys=0.00, real=0.00 secs] 
Heap after GC invocations=233 (full 30):
 par new generation   total 6144K, used 8K [0x00000000fec00000, 0x00000000ff2a0000, 0x00000000ff2a0000)
  eden space 5504K,   0% used [0x00000000fec00000, 0x00000000fec00000, 0x00000000ff160000)
  from space 640K,   1% used [0x00000000ff200000, 0x00000000ff202040, 0x00000000ff2a0000)
  to   space 640K,   0% used [0x00000000ff160000, 0x00000000ff160000, 0x00000000ff200000)
 concurrent mark-sweep generation total 13696K, used 12460K [0x00000000ff2a0000, 0x0000000100000000, 0x0000000100000000)
 Metaspace       used 5076K, capacity 5258K, committed 5504K, reserved 1056768K
  class space    used 557K, capacity 597K, committed 640K, reserved 1048576K
}
{Heap before GC invocations=233 (full 30):
 par new generation   total 6144K, used 5237K [0x00000000fec00000, 0x00000000ff2a0000, 0x00000000ff2a0000)
  eden space 5504K,  95% used [0x00000000fec00000, 0x00000000ff11b780, 0x00000000ff160000)
  from space 640K,   1% used [0x00000000ff200000, 0x00000000ff202040, 0x00000000ff2a0000)
  to   space 640K,   0% used [0x00000000ff160000, 0x00000000ff160000, 0x00000000ff200000)
 concurrent mark-sweep generation total 13696K, used 12460K [0x00000000ff2a0000, 0x0000000100000000, 0x0000000100000000)
 Metaspace       used 5076K, capacity 5258K, committed 5504K, reserved 1056768K
  class space    used 557K, capacity 597K, committed 640K, reserved 1048576K
2024-07-16T11:01:37.104+0800: 1.985: [GC (Allocation Failure) 2024-07-16T11:01:37.104+0800: 1.985: [ParNew: 5237K->5237K(6144K), 0.0000121 secs]2024-07-16T11:01:37.104+0800: 1.985: [CMS2024-07-16T11:01:37.104+0800: 1.985: [CMS-concurrent-abortable-preclean: 0.000/0.048 secs] [Times: user=0.02 sys=0.00, real=0.05 secs] 
 (concurrent mode failure): 12460K->2208K(13696K), 0.0022909 secs] 17698K->2208K(19840K), [Metaspace: 5076K->5076K(1056768K)], 0.0023475 secs] [Times: user=0.00 sys=0.00, real=0.00 secs] 
Heap after GC invocations=234 (full 31):
 par new generation   total 6144K, used 0K [0x00000000fec00000, 0x00000000ff2a0000, 0x00000000ff2a0000)
  eden space 5504K,   0% used [0x00000000fec00000, 0x00000000fec00000, 0x00000000ff160000)
  from space 640K,   0% used [0x00000000ff200000, 0x00000000ff200000, 0x00000000ff2a0000)
  to   space 640K,   0% used [0x00000000ff160000, 0x00000000ff160000, 0x00000000ff200000)
 concurrent mark-sweep generation total 13696K, used 2208K [0x00000000ff2a0000, 0x0000000100000000, 0x0000000100000000)
 Metaspace       used 5076K, capacity 5258K, committed 5504K, reserved 1056768K
  class space    used 557K, capacity 597K, committed 640K, reserved 1048576K
}
{Heap before GC invocations=234 (full 31):
 par new generation   total 6144K, used 5229K [0x00000000fec00000, 0x00000000ff2a0000, 0x00000000ff2a0000)
  eden space 5504K,  95% used [0x00000000fec00000, 0x00000000ff11b780, 0x00000000ff160000)
  from space 640K,   0% used [0x00000000ff200000, 0x00000000ff200000, 0x00000000ff2a0000)
  to   space 640K,   0% used [0x00000000ff160000, 0x00000000ff160000, 0x00000000ff200000)
 concurrent mark-sweep generation total 13696K, used 2208K [0x00000000ff2a0000, 0x0000000100000000, 0x0000000100000000)
 Metaspace       used 5076K, capacity 5258K, committed 5504K, reserved 1056768K
  class space    used 557K, capacity 597K, committed 640K, reserved 1048576K
2024-07-16T11:01:37.112+0800: 1.992: [GC (Allocation Failure) 2024-07-16T11:01:37.112+0800: 1.992: [ParNew: 5229K->6K(6144K), 0.0003517 secs] 7438K->3240K(19840K), 0.0003843 secs] [Times: user=0.00 sys=0.00, real=0.00 secs] 
Heap after GC invocations=235 (full 31):
 par new generation   total 6144K, used 6K [0x00000000fec00000, 0x00000000ff2a0000, 0x00000000ff2a0000)
  eden space 5504K,   0% used [0x00000000fec00000, 0x00000000fec00000, 0x00000000ff160000)
  from space 640K,   0% used [0x00000000ff160000, 0x00000000ff161830, 0x00000000ff200000)
  to   space 640K,   0% used [0x00000000ff200000, 0x00000000ff200000, 0x00000000ff2a0000)
 concurrent mark-sweep generation total 13696K, used 3234K [0x00000000ff2a0000, 0x0000000100000000, 0x0000000100000000)
 Metaspace       used 5076K, capacity 5258K, committed 5504K, reserved 1056768K
  class space    used 557K, capacity 597K, committed 640K, reserved 1048576K
}
{Heap before GC invocations=235 (full 31):
 par new generation   total 6144K, used 5235K [0x00000000fec00000, 0x00000000ff2a0000, 0x00000000ff2a0000)
  eden space 5504K,  95% used [0x00000000fec00000, 0x00000000ff11b780, 0x00000000ff160000)
  from space 640K,   0% used [0x00000000ff160000, 0x00000000ff161830, 0x00000000ff200000)
  to   space 640K,   0% used [0x00000000ff200000, 0x00000000ff200000, 0x00000000ff2a0000)
 concurrent mark-sweep generation total 13696K, used 3234K [0x00000000ff2a0000, 0x0000000100000000, 0x0000000100000000)
 Metaspace       used 5076K, capacity 5258K, committed 5504K, reserved 1056768K
  class space    used 557K, capacity 597K, committed 640K, reserved 1048576K
2024-07-16T11:01:37.117+0800: 1.998: [GC (Allocation Failure) 2024-07-16T11:01:37.117+0800: 1.998: [ParNew: 5235K->8K(6144K), 0.0003231 secs] 8470K->4268K(19840K), 0.0003517 secs] [Times: user=0.00 sys=0.00, real=0.00 secs] 
Heap after GC invocations=236 (full 31):
 par new generation   total 6144K, used 8K [0x00000000fec00000, 0x00000000ff2a0000, 0x00000000ff2a0000)
  eden space 5504K,   0% used [0x00000000fec00000, 0x00000000fec00000, 0x00000000ff160000)
  from space 640K,   1% used [0x00000000ff200000, 0x00000000ff202040, 0x00000000ff2a0000)
  to   space 640K,   0% used [0x00000000ff160000, 0x00000000ff160000, 0x00000000ff200000)
 concurrent mark-sweep generation total 13696K, used 4260K [0x00000000ff2a0000, 0x0000000100000000, 0x0000000100000000)
 Metaspace       used 5076K, capacity 5258K, committed 5504K, reserved 1056768K
  class space    used 557K, capacity 597K, committed 640K, reserved 1048576K
}
2024-07-16T11:01:37.117+0800: 1.998: [GC (CMS Initial Mark) [1 CMS-initial-mark: 4260K(13696K)] 5292K(19840K), 0.0001095 secs] [Times: user=0.00 sys=0.00, real=0.00 secs] 
2024-07-16T11:01:37.118+0800: 1.998: [CMS-concurrent-mark-start]
2024-07-16T11:01:37.119+0800: 1.999: [CMS-concurrent-mark: 0.001/0.001 secs] [Times: user=0.00 sys=0.00, real=0.00 secs] 
2024-07-16T11:01:37.119+0800: 2.000: [CMS-concurrent-preclean-start]
2024-07-16T11:01:37.119+0800: 2.000: [CMS-concurrent-preclean: 0.000/0.000 secs] [Times: user=0.00 sys=0.00, real=0.00 secs] 
2024-07-16T11:01:37.119+0800: 2.000: [CMS-concurrent-abortable-preclean-start]
{Heap before GC invocations=236 (full 32):
 par new generation   total 6144K, used 5237K [0x00000000fec00000, 0x00000000ff2a0000, 0x00000000ff2a0000)
  eden space 5504K,  95% used [0x00000000fec00000, 0x00000000ff11b780, 0x00000000ff160000)
  from space 640K,   1% used [0x00000000ff200000, 0x00000000ff202040, 0x00000000ff2a0000)
  to   space 640K,   0% used [0x00000000ff160000, 0x00000000ff160000, 0x00000000ff200000)
 concurrent mark-sweep generation total 13696K, used 4260K [0x00000000ff2a0000, 0x0000000100000000, 0x0000000100000000)
 Metaspace       used 5076K, capacity 5258K, committed 5504K, reserved 1056768K
  class space    used 557K, capacity 597K, committed 640K, reserved 1048576K
2024-07-16T11:01:37.123+0800: 2.003: [GC (Allocation Failure) 2024-07-16T11:01:37.123+0800: 2.003: [ParNew: 5237K->4K(6144K), 0.0002564 secs] 9498K->4264K(19840K), 0.0002824 secs] [Times: user=0.00 sys=0.00, real=0.00 secs] 
Heap after GC invocations=237 (full 32):
 par new generation   total 6144K, used 4K [0x00000000fec00000, 0x00000000ff2a0000, 0x00000000ff2a0000)
  eden space 5504K,   0% used [0x00000000fec00000, 0x00000000fec00000, 0x00000000ff160000)
  from space 640K,   0% used [0x00000000ff160000, 0x00000000ff161020, 0x00000000ff200000)
  to   space 640K,   0% used [0x00000000ff200000, 0x00000000ff200000, 0x00000000ff2a0000)
 concurrent mark-sweep generation total 13696K, used 4260K [0x00000000ff2a0000, 0x0000000100000000, 0x0000000100000000)
 Metaspace       used 5076K, capacity 5258K, committed 5504K, reserved 1056768K
  class space    used 557K, capacity 597K, committed 640K, reserved 1048576K
}
{Heap before GC invocations=237 (full 32):
 par new generation   total 6144K, used 5233K [0x00000000fec00000, 0x00000000ff2a0000, 0x00000000ff2a0000)
  eden space 5504K,  95% used [0x00000000fec00000, 0x00000000ff11b780, 0x00000000ff160000)
  from space 640K,   0% used [0x00000000ff160000, 0x00000000ff161020, 0x00000000ff200000)
  to   space 640K,   0% used [0x00000000ff200000, 0x00000000ff200000, 0x00000000ff2a0000)
 concurrent mark-sweep generation total 13696K, used 4260K [0x00000000ff2a0000, 0x0000000100000000, 0x0000000100000000)
 Metaspace       used 5076K, capacity 5258K, committed 5504K, reserved 1056768K
  class space    used 557K, capacity 597K, committed 640K, reserved 1048576K
2024-07-16T11:01:37.129+0800: 2.009: [GC (Allocation Failure) 2024-07-16T11:01:37.129+0800: 2.009: [ParNew: 5233K->6K(6144K), 0.0004683 secs] 9494K->5292K(19840K), 0.0005218 secs] [Times: user=0.00 sys=0.00, real=0.00 secs] 
Heap after GC invocations=238 (full 32):
 par new generation   total 6144K, used 6K [0x00000000fec00000, 0x00000000ff2a0000, 0x00000000ff2a0000)
  eden space 5504K,   0% used [0x00000000fec00000, 0x00000000fec00000, 0x00000000ff160000)
  from space 640K,   0% used [0x00000000ff200000, 0x00000000ff201830, 0x00000000ff2a0000)
  to   space 640K,   0% used [0x00000000ff160000, 0x00000000ff160000, 0x00000000ff200000)
 concurrent mark-sweep generation total 13696K, used 5286K [0x00000000ff2a0000, 0x0000000100000000, 0x0000000100000000)
 Metaspace       used 5076K, capacity 5258K, committed 5504K, reserved 1056768K
  class space    used 557K, capacity 597K, committed 640K, reserved 1048576K
}
{Heap before GC invocations=238 (full 32):
 par new generation   total 6144K, used 5235K [0x00000000fec00000, 0x00000000ff2a0000, 0x00000000ff2a0000)
  eden space 5504K,  95% used [0x00000000fec00000, 0x00000000ff11b780, 0x00000000ff160000)
  from space 640K,   0% used [0x00000000ff200000, 0x00000000ff201830, 0x00000000ff2a0000)
  to   space 640K,   0% used [0x00000000ff160000, 0x00000000ff160000, 0x00000000ff200000)
 concurrent mark-sweep generation total 13696K, used 5286K [0x00000000ff2a0000, 0x0000000100000000, 0x0000000100000000)
 Metaspace       used 5076K, capacity 5258K, committed 5504K, reserved 1056768K
  class space    used 557K, capacity 597K, committed 640K, reserved 1048576K
2024-07-16T11:01:37.137+0800: 2.017: [GC (Allocation Failure) 2024-07-16T11:01:37.137+0800: 2.017: [ParNew: 5235K->8K(6144K), 0.0004635 secs] 10522K->6320K(19840K), 0.0005067 secs] [Times: user=0.00 sys=0.00, real=0.00 secs] 
Heap after GC invocations=239 (full 32):
 par new generation   total 6144K, used 8K [0x00000000fec00000, 0x00000000ff2a0000, 0x00000000ff2a0000)
  eden space 5504K,   0% used [0x00000000fec00000, 0x00000000fec00000, 0x00000000ff160000)
  from space 640K,   1% used [0x00000000ff160000, 0x00000000ff162040, 0x00000000ff200000)
  to   space 640K,   0% used [0x00000000ff200000, 0x00000000ff200000, 0x00000000ff2a0000)
 concurrent mark-sweep generation total 13696K, used 6312K [0x00000000ff2a0000, 0x0000000100000000, 0x0000000100000000)
 Metaspace       used 5076K, capacity 5258K, committed 5504K, reserved 1056768K
  class space    used 557K, capacity 597K, committed 640K, reserved 1048576K
}
{Heap before GC invocations=239 (full 32):
 par new generation   total 6144K, used 5237K [0x00000000fec00000, 0x00000000ff2a0000, 0x00000000ff2a0000)
  eden space 5504K,  95% used [0x00000000fec00000, 0x00000000ff11b780, 0x00000000ff160000)
  from space 640K,   1% used [0x00000000ff160000, 0x00000000ff162040, 0x00000000ff200000)
  to   space 640K,   0% used [0x00000000ff200000, 0x00000000ff200000, 0x00000000ff2a0000)
 concurrent mark-sweep generation total 13696K, used 6312K [0x00000000ff2a0000, 0x0000000100000000, 0x0000000100000000)
 Metaspace       used 5076K, capacity 5258K, committed 5504K, reserved 1056768K
  class space    used 557K, capacity 597K, committed 640K, reserved 1048576K
2024-07-16T11:01:37.143+0800: 2.023: [GC (Allocation Failure) 2024-07-16T11:01:37.143+0800: 2.023: [ParNew: 5237K->4K(6144K), 0.0002604 secs] 11550K->6316K(19840K), 0.0002895 secs] [Times: user=0.00 sys=0.00, real=0.00 secs] 
Heap after GC invocations=240 (full 32):
 par new generation   total 6144K, used 4K [0x00000000fec00000, 0x00000000ff2a0000, 0x00000000ff2a0000)
  eden space 5504K,   0% used [0x00000000fec00000, 0x00000000fec00000, 0x00000000ff160000)
  from space 640K,   0% used [0x00000000ff200000, 0x00000000ff201020, 0x00000000ff2a0000)
  to   space 640K,   0% used [0x00000000ff160000, 0x00000000ff160000, 0x00000000ff200000)
 concurrent mark-sweep generation total 13696K, used 6312K [0x00000000ff2a0000, 0x0000000100000000, 0x0000000100000000)
 Metaspace       used 5076K, capacity 5258K, committed 5504K, reserved 1056768K
  class space    used 557K, capacity 597K, committed 640K, reserved 1048576K
}
{Heap before GC invocations=240 (full 32):
 par new generation   total 6144K, used 5233K [0x00000000fec00000, 0x00000000ff2a0000, 0x00000000ff2a0000)
  eden space 5504K,  95% used [0x00000000fec00000, 0x00000000ff11b780, 0x00000000ff160000)
  from space 640K,   0% used [0x00000000ff200000, 0x00000000ff201020, 0x00000000ff2a0000)
  to   space 640K,   0% used [0x00000000ff160000, 0x00000000ff160000, 0x00000000ff200000)
 concurrent mark-sweep generation total 13696K, used 6312K [0x00000000ff2a0000, 0x0000000100000000, 0x0000000100000000)
 Metaspace       used 5076K, capacity 5258K, committed 5504K, reserved 1056768K
  class space    used 557K, capacity 597K, committed 640K, reserved 1048576K
2024-07-16T11:01:37.148+0800: 2.028: [GC (Allocation Failure) 2024-07-16T11:01:37.148+0800: 2.028: [ParNew: 5233K->4K(6144K), 0.0002460 secs] 11546K->6316K(19840K), 0.0002732 secs] [Times: user=0.00 sys=0.00, real=0.00 secs] 
Heap after GC invocations=241 (full 32):
 par new generation   total 6144K, used 4K [0x00000000fec00000, 0x00000000ff2a0000, 0x00000000ff2a0000)
  eden space 5504K,   0% used [0x00000000fec00000, 0x00000000fec00000, 0x00000000ff160000)
  from space 640K,   0% used [0x00000000ff160000, 0x00000000ff161020, 0x00000000ff200000)
  to   space 640K,   0% used [0x00000000ff200000, 0x00000000ff200000, 0x00000000ff2a0000)
 concurrent mark-sweep generation total 13696K, used 6312K [0x00000000ff2a0000, 0x0000000100000000, 0x0000000100000000)
 Metaspace       used 5076K, capacity 5258K, committed 5504K, reserved 1056768K
  class space    used 557K, capacity 597K, committed 640K, reserved 1048576K
}
{Heap before GC invocations=241 (full 32):
 par new generation   total 6144K, used 5233K [0x00000000fec00000, 0x00000000ff2a0000, 0x00000000ff2a0000)
  eden space 5504K,  95% used [0x00000000fec00000, 0x00000000ff11b780, 0x00000000ff160000)
  from space 640K,   0% used [0x00000000ff160000, 0x00000000ff161020, 0x00000000ff200000)
  to   space 640K,   0% used [0x00000000ff200000, 0x00000000ff200000, 0x00000000ff2a0000)
 concurrent mark-sweep generation total 13696K, used 6312K [0x00000000ff2a0000, 0x0000000100000000, 0x0000000100000000)
 Metaspace       used 5076K, capacity 5258K, committed 5504K, reserved 1056768K
  class space    used 557K, capacity 597K, committed 640K, reserved 1048576K
2024-07-16T11:01:37.153+0800: 2.034: [GC (Allocation Failure) 2024-07-16T11:01:37.153+0800: 2.034: [ParNew: 5233K->2K(6144K), 0.0002815 secs] 11546K->6314K(19840K), 0.0003197 secs] [Times: user=0.00 sys=0.00, real=0.00 secs] 
Heap after GC invocations=242 (full 32):
 par new generation   total 6144K, used 2K [0x00000000fec00000, 0x00000000ff2a0000, 0x00000000ff2a0000)
  eden space 5504K,   0% used [0x00000000fec00000, 0x00000000fec00000, 0x00000000ff160000)
  from space 640K,   0% used [0x00000000ff200000, 0x00000000ff200810, 0x00000000ff2a0000)
  to   space 640K,   0% used [0x00000000ff160000, 0x00000000ff160000, 0x00000000ff200000)
 concurrent mark-sweep generation total 13696K, used 6312K [0x00000000ff2a0000, 0x0000000100000000, 0x0000000100000000)
 Metaspace       used 5076K, capacity 5258K, committed 5504K, reserved 1056768K
  class space    used 557K, capacity 597K, committed 640K, reserved 1048576K
}
{Heap before GC invocations=242 (full 32):
 par new generation   total 6144K, used 5231K [0x00000000fec00000, 0x00000000ff2a0000, 0x00000000ff2a0000)
  eden space 5504K,  95% used [0x00000000fec00000, 0x00000000ff11b780, 0x00000000ff160000)
  from space 640K,   0% used [0x00000000ff200000, 0x00000000ff200810, 0x00000000ff2a0000)
  to   space 640K,   0% used [0x00000000ff160000, 0x00000000ff160000, 0x00000000ff200000)
 concurrent mark-sweep generation total 13696K, used 6312K [0x00000000ff2a0000, 0x0000000100000000, 0x0000000100000000)
 Metaspace       used 5076K, capacity 5258K, committed 5504K, reserved 1056768K
  class space    used 557K, capacity 597K, committed 640K, reserved 1048576K
2024-07-16T11:01:37.159+0800: 2.039: [GC (Allocation Failure) 2024-07-16T11:01:37.159+0800: 2.039: [ParNew: 5231K->8K(6144K), 0.0003587 secs] 11544K->7346K(19840K), 0.0003895 secs] [Times: user=0.00 sys=0.00, real=0.00 secs] 
Heap after GC invocations=243 (full 32):
 par new generation   total 6144K, used 8K [0x00000000fec00000, 0x00000000ff2a0000, 0x00000000ff2a0000)
  eden space 5504K,   0% used [0x00000000fec00000, 0x00000000fec00000, 0x00000000ff160000)
  from space 640K,   1% used [0x00000000ff160000, 0x00000000ff162040, 0x00000000ff200000)
  to   space 640K,   0% used [0x00000000ff200000, 0x00000000ff200000, 0x00000000ff2a0000)
 concurrent mark-sweep generation total 13696K, used 7338K [0x00000000ff2a0000, 0x0000000100000000, 0x0000000100000000)
 Metaspace       used 5076K, capacity 5258K, committed 5504K, reserved 1056768K
  class space    used 557K, capacity 597K, committed 640K, reserved 1048576K
}
{Heap before GC invocations=243 (full 32):
 par new generation   total 6144K, used 5237K [0x00000000fec00000, 0x00000000ff2a0000, 0x00000000ff2a0000)
  eden space 5504K,  95% used [0x00000000fec00000, 0x00000000ff11b780, 0x00000000ff160000)
  from space 640K,   1% used [0x00000000ff160000, 0x00000000ff162040, 0x00000000ff200000)
  to   space 640K,   0% used [0x00000000ff200000, 0x00000000ff200000, 0x00000000ff2a0000)
 concurrent mark-sweep generation total 13696K, used 7338K [0x00000000ff2a0000, 0x0000000100000000, 0x0000000100000000)
 Metaspace       used 5076K, capacity 5258K, committed 5504K, reserved 1056768K
  class space    used 557K, capacity 597K, committed 640K, reserved 1048576K
2024-07-16T11:01:37.164+0800: 2.044: [GC (Allocation Failure) 2024-07-16T11:01:37.164+0800: 2.044: [ParNew: 5237K->8K(6144K), 0.0003409 secs] 12576K->8370K(19840K), 0.0003730 secs] [Times: user=0.00 sys=0.00, real=0.00 secs] 
Heap after GC invocations=244 (full 32):
 par new generation   total 6144K, used 8K [0x00000000fec00000, 0x00000000ff2a0000, 0x00000000ff2a0000)
  eden space 5504K,   0% used [0x00000000fec00000, 0x00000000fec00000, 0x00000000ff160000)
  from space 640K,   1% used [0x00000000ff200000, 0x00000000ff202040, 0x00000000ff2a0000)
  to   space 640K,   0% used [0x00000000ff160000, 0x00000000ff160000, 0x00000000ff200000)
 concurrent mark-sweep generation total 13696K, used 8362K [0x00000000ff2a0000, 0x0000000100000000, 0x0000000100000000)
 Metaspace       used 5076K, capacity 5258K, committed 5504K, reserved 1056768K
  class space    used 557K, capacity 597K, committed 640K, reserved 1048576K
}
{Heap before GC invocations=244 (full 32):
 par new generation   total 6144K, used 5237K [0x00000000fec00000, 0x00000000ff2a0000, 0x00000000ff2a0000)
  eden space 5504K,  95% used [0x00000000fec00000, 0x00000000ff11b780, 0x00000000ff160000)
  from space 640K,   1% used [0x00000000ff200000, 0x00000000ff202040, 0x00000000ff2a0000)
  to   space 640K,   0% used [0x00000000ff160000, 0x00000000ff160000, 0x00000000ff200000)
 concurrent mark-sweep generation total 13696K, used 8362K [0x00000000ff2a0000, 0x0000000100000000, 0x0000000100000000)
 Metaspace       used 5076K, capacity 5258K, committed 5504K, reserved 1056768K
  class space    used 557K, capacity 597K, committed 640K, reserved 1048576K
2024-07-16T11:01:37.172+0800: 2.052: [GC (Allocation Failure) 2024-07-16T11:01:37.172+0800: 2.052: [ParNew: 5237K->6K(6144K), 0.0003486 secs] 13600K->9394K(19840K), 0.0003689 secs] [Times: user=0.00 sys=0.00, real=0.00 secs] 
Heap after GC invocations=245 (full 32):
 par new generation   total 6144K, used 6K [0x00000000fec00000, 0x00000000ff2a0000, 0x00000000ff2a0000)
  eden space 5504K,   0% used [0x00000000fec00000, 0x00000000fec00000, 0x00000000ff160000)
  from space 640K,   0% used [0x00000000ff160000, 0x00000000ff161830, 0x00000000ff200000)
  to   space 640K,   0% used [0x00000000ff200000, 0x00000000ff200000, 0x00000000ff2a0000)
 concurrent mark-sweep generation total 13696K, used 9388K [0x00000000ff2a0000, 0x0000000100000000, 0x0000000100000000)
 Metaspace       used 5076K, capacity 5258K, committed 5504K, reserved 1056768K
  class space    used 557K, capacity 597K, committed 640K, reserved 1048576K
}
{Heap before GC invocations=245 (full 32):
 par new generation   total 6144K, used 5235K [0x00000000fec00000, 0x00000000ff2a0000, 0x00000000ff2a0000)
  eden space 5504K,  95% used [0x00000000fec00000, 0x00000000ff11b780, 0x00000000ff160000)
  from space 640K,   0% used [0x00000000ff160000, 0x00000000ff161830, 0x00000000ff200000)
  to   space 640K,   0% used [0x00000000ff200000, 0x00000000ff200000, 0x00000000ff2a0000)
 concurrent mark-sweep generation total 13696K, used 9388K [0x00000000ff2a0000, 0x0000000100000000, 0x0000000100000000)
 Metaspace       used 5076K, capacity 5258K, committed 5504K, reserved 1056768K
  class space    used 557K, capacity 597K, committed 640K, reserved 1048576K
2024-07-16T11:01:37.179+0800: 2.060: [GC (Allocation Failure) 2024-07-16T11:01:37.179+0800: 2.060: [ParNew: 5235K->6K(6144K), 0.0004202 secs] 14624K->10418K(19840K), 0.0004724 secs] [Times: user=0.00 sys=0.00, real=0.00 secs] 
Heap after GC invocations=246 (full 32):
 par new generation   total 6144K, used 6K [0x00000000fec00000, 0x00000000ff2a0000, 0x00000000ff2a0000)
  eden space 5504K,   0% used [0x00000000fec00000, 0x00000000fec00000, 0x00000000ff160000)
  from space 640K,   0% used [0x00000000ff200000, 0x00000000ff201830, 0x00000000ff2a0000)
  to   space 640K,   0% used [0x00000000ff160000, 0x00000000ff160000, 0x00000000ff200000)
 concurrent mark-sweep generation total 13696K, used 10412K [0x00000000ff2a0000, 0x0000000100000000, 0x0000000100000000)
 Metaspace       used 5076K, capacity 5258K, committed 5504K, reserved 1056768K
  class space    used 557K, capacity 597K, committed 640K, reserved 1048576K
}
{Heap before GC invocations=246 (full 32):
 par new generation   total 6144K, used 5235K [0x00000000fec00000, 0x00000000ff2a0000, 0x00000000ff2a0000)
  eden space 5504K,  95% used [0x00000000fec00000, 0x00000000ff11b780, 0x00000000ff160000)
  from space 640K,   0% used [0x00000000ff200000, 0x00000000ff201830, 0x00000000ff2a0000)
  to   space 640K,   0% used [0x00000000ff160000, 0x00000000ff160000, 0x00000000ff200000)
 concurrent mark-sweep generation total 13696K, used 10412K [0x00000000ff2a0000, 0x0000000100000000, 0x0000000100000000)
 Metaspace       used 5076K, capacity 5258K, committed 5504K, reserved 1056768K
  class space    used 557K, capacity 597K, committed 640K, reserved 1048576K
2024-07-16T11:01:37.187+0800: 2.068: [GC (Allocation Failure) 2024-07-16T11:01:37.187+0800: 2.068: [ParNew: 5235K->4K(6144K), 0.0002333 secs] 15648K->10416K(19840K), 0.0002661 secs] [Times: user=0.00 sys=0.00, real=0.00 secs] 
Heap after GC invocations=247 (full 32):
 par new generation   total 6144K, used 4K [0x00000000fec00000, 0x00000000ff2a0000, 0x00000000ff2a0000)
  eden space 5504K,   0% used [0x00000000fec00000, 0x00000000fec00000, 0x00000000ff160000)
  from space 640K,   0% used [0x00000000ff160000, 0x00000000ff161020, 0x00000000ff200000)
  to   space 640K,   0% used [0x00000000ff200000, 0x00000000ff200000, 0x00000000ff2a0000)
 concurrent mark-sweep generation total 13696K, used 10412K [0x00000000ff2a0000, 0x0000000100000000, 0x0000000100000000)
 Metaspace       used 5076K, capacity 5258K, committed 5504K, reserved 1056768K
  class space    used 557K, capacity 597K, committed 640K, reserved 1048576K
}
{Heap before GC invocations=247 (full 32):
 par new generation   total 6144K, used 5233K [0x00000000fec00000, 0x00000000ff2a0000, 0x00000000ff2a0000)
  eden space 5504K,  95% used [0x00000000fec00000, 0x00000000ff11b780, 0x00000000ff160000)
  from space 640K,   0% used [0x00000000ff160000, 0x00000000ff161020, 0x00000000ff200000)
  to   space 640K,   0% used [0x00000000ff200000, 0x00000000ff200000, 0x00000000ff2a0000)
 concurrent mark-sweep generation total 13696K, used 10412K [0x00000000ff2a0000, 0x0000000100000000, 0x0000000100000000)
 Metaspace       used 5076K, capacity 5258K, committed 5504K, reserved 1056768K
  class space    used 557K, capacity 597K, committed 640K, reserved 1048576K
2024-07-16T11:01:37.194+0800: 2.075: [GC (Allocation Failure) 2024-07-16T11:01:37.194+0800: 2.075: [ParNew: 5233K->13K(6144K), 0.0006109 secs] 15646K->11452K(19840K), 0.0006711 secs] [Times: user=0.00 sys=0.00, real=0.00 secs] 
Heap after GC invocations=248 (full 32):
 par new generation   total 6144K, used 13K [0x00000000fec00000, 0x00000000ff2a0000, 0x00000000ff2a0000)
  eden space 5504K,   0% used [0x00000000fec00000, 0x00000000fec00000, 0x00000000ff160000)
  from space 640K,   2% used [0x00000000ff200000, 0x00000000ff203530, 0x00000000ff2a0000)
  to   space 640K,   0% used [0x00000000ff160000, 0x00000000ff160000, 0x00000000ff200000)
 concurrent mark-sweep generation total 13696K, used 11438K [0x00000000ff2a0000, 0x0000000100000000, 0x0000000100000000)
 Metaspace       used 5076K, capacity 5258K, committed 5504K, reserved 1056768K
  class space    used 557K, capacity 597K, committed 640K, reserved 1048576K
}
{Heap before GC invocations=248 (full 32):
 par new generation   total 6144K, used 5243K [0x00000000fec00000, 0x00000000ff2a0000, 0x00000000ff2a0000)
  eden space 5504K,  95% used [0x00000000fec00000, 0x00000000ff11b780, 0x00000000ff160000)
  from space 640K,   2% used [0x00000000ff200000, 0x00000000ff203530, 0x00000000ff2a0000)
  to   space 640K,   0% used [0x00000000ff160000, 0x00000000ff160000, 0x00000000ff200000)
 concurrent mark-sweep generation total 13696K, used 11438K [0x00000000ff2a0000, 0x0000000100000000, 0x0000000100000000)
 Metaspace       used 5076K, capacity 5258K, committed 5504K, reserved 1056768K
  class space    used 557K, capacity 597K, committed 640K, reserved 1048576K
2024-07-16T11:01:37.200+0800: 2.081: [GC (Allocation Failure) 2024-07-16T11:01:37.200+0800: 2.081: [ParNew: 5243K->15K(6144K), 0.0007925 secs] 16682K->12480K(19840K), 0.0008662 secs] [Times: user=0.00 sys=0.00, real=0.00 secs] 
Heap after GC invocations=249 (full 32):
 par new generation   total 6144K, used 15K [0x00000000fec00000, 0x00000000ff2a0000, 0x00000000ff2a0000)
  eden space 5504K,   0% used [0x00000000fec00000, 0x00000000fec00000, 0x00000000ff160000)
  from space 640K,   2% used [0x00000000ff160000, 0x00000000ff163d40, 0x00000000ff200000)
  to   space 640K,   0% used [0x00000000ff200000, 0x00000000ff200000, 0x00000000ff2a0000)
 concurrent mark-sweep generation total 13696K, used 12464K [0x00000000ff2a0000, 0x0000000100000000, 0x0000000100000000)
 Metaspace       used 5076K, capacity 5258K, committed 5504K, reserved 1056768K
  class space    used 557K, capacity 597K, committed 640K, reserved 1048576K
}
{Heap before GC invocations=249 (full 32):
 par new generation   total 6144K, used 5245K [0x00000000fec00000, 0x00000000ff2a0000, 0x00000000ff2a0000)
  eden space 5504K,  95% used [0x00000000fec00000, 0x00000000ff11b7b0, 0x00000000ff160000)
  from space 640K,   2% used [0x00000000ff160000, 0x00000000ff163d40, 0x00000000ff200000)
  to   space 640K,   0% used [0x00000000ff200000, 0x00000000ff200000, 0x00000000ff2a0000)
 concurrent mark-sweep generation total 13696K, used 12464K [0x00000000ff2a0000, 0x0000000100000000, 0x0000000100000000)
 Metaspace       used 5076K, capacity 5258K, committed 5504K, reserved 1056768K
  class space    used 557K, capacity 597K, committed 640K, reserved 1048576K
2024-07-16T11:01:37.208+0800: 2.089: [GC (Allocation Failure) 2024-07-16T11:01:37.208+0800: 2.089: [ParNew: 5245K->5245K(6144K), 0.0000152 secs]2024-07-16T11:01:37.208+0800: 2.089: [CMS2024-07-16T11:01:37.208+0800: 2.089: [CMS-concurrent-abortable-preclean: 0.001/0.089 secs] [Times: user=0.00 sys=0.00, real=0.09 secs] 
 (concurrent mode failure): 12464K->2210K(13696K), 0.0039495 secs] 17710K->2210K(19840K), [Metaspace: 5076K->5076K(1056768K)], 0.0040247 secs] [Times: user=0.00 sys=0.00, real=0.00 secs] 
Heap after GC invocations=250 (full 33):
 par new generation   total 6144K, used 0K [0x00000000fec00000, 0x00000000ff2a0000, 0x00000000ff2a0000)
  eden space 5504K,   0% used [0x00000000fec00000, 0x00000000fec00000, 0x00000000ff160000)
  from space 640K,   0% used [0x00000000ff160000, 0x00000000ff160000, 0x00000000ff200000)
  to   space 640K,   0% used [0x00000000ff200000, 0x00000000ff200000, 0x00000000ff2a0000)
 concurrent mark-sweep generation total 13696K, used 2210K [0x00000000ff2a0000, 0x0000000100000000, 0x0000000100000000)
 Metaspace       used 5076K, capacity 5258K, committed 5504K, reserved 1056768K
  class space    used 557K, capacity 597K, committed 640K, reserved 1048576K
}
{Heap before GC invocations=250 (full 33):
 par new generation   total 6144K, used 5229K [0x00000000fec00000, 0x00000000ff2a0000, 0x00000000ff2a0000)
  eden space 5504K,  95% used [0x00000000fec00000, 0x00000000ff11b7a0, 0x00000000ff160000)
  from space 640K,   0% used [0x00000000ff160000, 0x00000000ff160000, 0x00000000ff200000)
  to   space 640K,   0% used [0x00000000ff200000, 0x00000000ff200000, 0x00000000ff2a0000)
 concurrent mark-sweep generation total 13696K, used 2210K [0x00000000ff2a0000, 0x0000000100000000, 0x0000000100000000)
 Metaspace       used 5076K, capacity 5258K, committed 5504K, reserved 1056768K
  class space    used 557K, capacity 597K, committed 640K, reserved 1048576K
2024-07-16T11:01:37.219+0800: 2.100: [GC (Allocation Failure) 2024-07-16T11:01:37.219+0800: 2.100: [ParNew: 5229K->6K(6144K), 0.0010720 secs] 7440K->3242K(19840K), 0.0011647 secs] [Times: user=0.00 sys=0.00, real=0.00 secs] 
Heap after GC invocations=251 (full 33):
 par new generation   total 6144K, used 6K [0x00000000fec00000, 0x00000000ff2a0000, 0x00000000ff2a0000)
  eden space 5504K,   0% used [0x00000000fec00000, 0x00000000fec00000, 0x00000000ff160000)
  from space 640K,   0% used [0x00000000ff200000, 0x00000000ff201830, 0x00000000ff2a0000)
  to   space 640K,   0% used [0x00000000ff160000, 0x00000000ff160000, 0x00000000ff200000)
 concurrent mark-sweep generation total 13696K, used 3236K [0x00000000ff2a0000, 0x0000000100000000, 0x0000000100000000)
 Metaspace       used 5076K, capacity 5258K, committed 5504K, reserved 1056768K
  class space    used 557K, capacity 597K, committed 640K, reserved 1048576K
}
{Heap before GC invocations=251 (full 33):
 par new generation   total 6144K, used 5235K [0x00000000fec00000, 0x00000000ff2a0000, 0x00000000ff2a0000)
  eden space 5504K,  95% used [0x00000000fec00000, 0x00000000ff11b790, 0x00000000ff160000)
  from space 640K,   0% used [0x00000000ff200000, 0x00000000ff201830, 0x00000000ff2a0000)
  to   space 640K,   0% used [0x00000000ff160000, 0x00000000ff160000, 0x00000000ff200000)
 concurrent mark-sweep generation total 13696K, used 3236K [0x00000000ff2a0000, 0x0000000100000000, 0x0000000100000000)
 Metaspace       used 5076K, capacity 5258K, committed 5504K, reserved 1056768K
  class space    used 557K, capacity 597K, committed 640K, reserved 1048576K
2024-07-16T11:01:37.228+0800: 2.109: [GC (Allocation Failure) 2024-07-16T11:01:37.228+0800: 2.109: [ParNew: 5235K->8K(6144K), 0.0013748 secs] 8472K->4271K(19840K), 0.0014480 secs] [Times: user=0.00 sys=0.00, real=0.00 secs] 
Heap after GC invocations=252 (full 33):
 par new generation   total 6144K, used 8K [0x00000000fec00000, 0x00000000ff2a0000, 0x00000000ff2a0000)
  eden space 5504K,   0% used [0x00000000fec00000, 0x00000000fec00000, 0x00000000ff160000)
  from space 640K,   1% used [0x00000000ff160000, 0x00000000ff162040, 0x00000000ff200000)
  to   space 640K,   0% used [0x00000000ff200000, 0x00000000ff200000, 0x00000000ff2a0000)
 concurrent mark-sweep generation total 13696K, used 4262K [0x00000000ff2a0000, 0x0000000100000000, 0x0000000100000000)
 Metaspace       used 5076K, capacity 5258K, committed 5504K, reserved 1056768K
  class space    used 557K, capacity 597K, committed 640K, reserved 1048576K
}
{Heap before GC invocations=252 (full 33):
 par new generation   total 6144K, used 5237K [0x00000000fec00000, 0x00000000ff2a0000, 0x00000000ff2a0000)
  eden space 5504K,  95% used [0x00000000fec00000, 0x00000000ff11b788, 0x00000000ff160000)
  from space 640K,   1% used [0x00000000ff160000, 0x00000000ff162040, 0x00000000ff200000)
  to   space 640K,   0% used [0x00000000ff200000, 0x00000000ff200000, 0x00000000ff2a0000)
 concurrent mark-sweep generation total 13696K, used 4262K [0x00000000ff2a0000, 0x0000000100000000, 0x0000000100000000)
 Metaspace       used 5076K, capacity 5258K, committed 5504K, reserved 1056768K
  class space    used 557K, capacity 597K, committed 640K, reserved 1048576K
2024-07-16T11:01:37.236+0800: 2.117: [GC (Allocation Failure) 2024-07-16T11:01:37.236+0800: 2.117: [ParNew: 5237K->6K(6144K), 0.0011577 secs] 9500K->5295K(19840K), 0.0012294 secs] [Times: user=0.00 sys=0.00, real=0.00 secs] 
Heap after GC invocations=253 (full 33):
 par new generation   total 6144K, used 6K [0x00000000fec00000, 0x00000000ff2a0000, 0x00000000ff2a0000)
  eden space 5504K,   0% used [0x00000000fec00000, 0x00000000fec00000, 0x00000000ff160000)
  from space 640K,   0% used [0x00000000ff200000, 0x00000000ff201830, 0x00000000ff2a0000)
  to   space 640K,   0% used [0x00000000ff160000, 0x00000000ff160000, 0x00000000ff200000)
 concurrent mark-sweep generation total 13696K, used 5289K [0x00000000ff2a0000, 0x0000000100000000, 0x0000000100000000)
 Metaspace       used 5076K, capacity 5258K, committed 5504K, reserved 1056768K
  class space    used 557K, capacity 597K, committed 640K, reserved 1048576K
}
2024-07-16T11:01:37.237+0800: 2.118: [GC (CMS Initial Mark) [1 CMS-initial-mark: 5289K(13696K)] 6321K(19840K), 0.0002993 secs] [Times: user=0.00 sys=0.00, real=0.00 secs] 
2024-07-16T11:01:37.237+0800: 2.119: [CMS-concurrent-mark-start]
2024-07-16T11:01:37.242+0800: 2.123: [CMS-concurrent-mark: 0.004/0.004 secs] [Times: user=0.00 sys=0.00, real=0.01 secs] 
2024-07-16T11:01:37.242+0800: 2.123: [CMS-concurrent-preclean-start]
2024-07-16T11:01:37.242+0800: 2.123: [CMS-concurrent-preclean: 0.000/0.000 secs] [Times: user=0.00 sys=0.00, real=0.00 secs] 
2024-07-16T11:01:37.242+0800: 2.123: [CMS-concurrent-abortable-preclean-start]
{Heap before GC invocations=253 (full 34):
 par new generation   total 6144K, used 5235K [0x00000000fec00000, 0x00000000ff2a0000, 0x00000000ff2a0000)
  eden space 5504K,  95% used [0x00000000fec00000, 0x00000000ff11b788, 0x00000000ff160000)
  from space 640K,   0% used [0x00000000ff200000, 0x00000000ff201830, 0x00000000ff2a0000)
  to   space 640K,   0% used [0x00000000ff160000, 0x00000000ff160000, 0x00000000ff200000)
 concurrent mark-sweep generation total 13696K, used 5289K [0x00000000ff2a0000, 0x0000000100000000, 0x0000000100000000)
 Metaspace       used 5076K, capacity 5258K, committed 5504K, reserved 1056768K
  class space    used 557K, capacity 597K, committed 640K, reserved 1048576K
2024-07-16T11:01:37.245+0800: 2.126: [GC (Allocation Failure) 2024-07-16T11:01:37.245+0800: 2.126: [ParNew: 5235K->2K(6144K), 0.0007303 secs] 10524K->5291K(19840K), 0.0008017 secs] [Times: user=0.00 sys=0.00, real=0.00 secs] 
Heap after GC invocations=254 (full 34):
 par new generation   total 6144K, used 2K [0x00000000fec00000, 0x00000000ff2a0000, 0x00000000ff2a0000)
  eden space 5504K,   0% used [0x00000000fec00000, 0x00000000fec00000, 0x00000000ff160000)
  from space 640K,   0% used [0x00000000ff160000, 0x00000000ff160810, 0x00000000ff200000)
  to   space 640K,   0% used [0x00000000ff200000, 0x00000000ff200000, 0x00000000ff2a0000)
 concurrent mark-sweep generation total 13696K, used 5289K [0x00000000ff2a0000, 0x0000000100000000, 0x0000000100000000)
 Metaspace       used 5076K, capacity 5258K, committed 5504K, reserved 1056768K
  class space    used 557K, capacity 597K, committed 640K, reserved 1048576K
}
{Heap before GC invocations=254 (full 34):
 par new generation   total 6144K, used 5231K [0x00000000fec00000, 0x00000000ff2a0000, 0x00000000ff2a0000)
  eden space 5504K,  95% used [0x00000000fec00000, 0x00000000ff11b780, 0x00000000ff160000)
  from space 640K,   0% used [0x00000000ff160000, 0x00000000ff160810, 0x00000000ff200000)
  to   space 640K,   0% used [0x00000000ff200000, 0x00000000ff200000, 0x00000000ff2a0000)
 concurrent mark-sweep generation total 13696K, used 5289K [0x00000000ff2a0000, 0x0000000100000000, 0x0000000100000000)
 Metaspace       used 5076K, capacity 5258K, committed 5504K, reserved 1056768K
  class space    used 557K, capacity 597K, committed 640K, reserved 1048576K
2024-07-16T11:01:37.253+0800: 2.134: [GC (Allocation Failure) 2024-07-16T11:01:37.253+0800: 2.134: [ParNew: 5231K->6K(6144K), 0.0014259 secs] 10520K->6321K(19840K), 0.0015239 secs] [Times: user=0.00 sys=0.00, real=0.00 secs] 
Heap after GC invocations=255 (full 34):
 par new generation   total 6144K, used 6K [0x00000000fec00000, 0x00000000ff2a0000, 0x00000000ff2a0000)
  eden space 5504K,   0% used [0x00000000fec00000, 0x00000000fec00000, 0x00000000ff160000)
  from space 640K,   0% used [0x00000000ff200000, 0x00000000ff201830, 0x00000000ff2a0000)
  to   space 640K,   0% used [0x00000000ff160000, 0x00000000ff160000, 0x00000000ff200000)
 concurrent mark-sweep generation total 13696K, used 6315K [0x00000000ff2a0000, 0x0000000100000000, 0x0000000100000000)
 Metaspace       used 5076K, capacity 5258K, committed 5504K, reserved 1056768K
  class space    used 557K, capacity 597K, committed 640K, reserved 1048576K
}
{Heap before GC invocations=255 (full 34):
 par new generation   total 6144K, used 5235K [0x00000000fec00000, 0x00000000ff2a0000, 0x00000000ff2a0000)
  eden space 5504K,  95% used [0x00000000fec00000, 0x00000000ff11b780, 0x00000000ff160000)
  from space 640K,   0% used [0x00000000ff200000, 0x00000000ff201830, 0x00000000ff2a0000)
  to   space 640K,   0% used [0x00000000ff160000, 0x00000000ff160000, 0x00000000ff200000)
 concurrent mark-sweep generation total 13696K, used 6315K [0x00000000ff2a0000, 0x0000000100000000, 0x0000000100000000)
 Metaspace       used 5076K, capacity 5258K, committed 5504K, reserved 1056768K
  class space    used 557K, capacity 597K, committed 640K, reserved 1048576K
2024-07-16T11:01:37.262+0800: 2.143: [GC (Allocation Failure) 2024-07-16T11:01:37.262+0800: 2.143: [ParNew: 5235K->6K(6144K), 0.0013659 secs] 11550K->7345K(19840K), 0.0014945 secs] [Times: user=0.00 sys=0.00, real=0.00 secs] 
Heap after GC invocations=256 (full 34):
 par new generation   total 6144K, used 6K [0x00000000fec00000, 0x00000000ff2a0000, 0x00000000ff2a0000)
  eden space 5504K,   0% used [0x00000000fec00000, 0x00000000fec00000, 0x00000000ff160000)
  from space 640K,   0% used [0x00000000ff160000, 0x00000000ff161830, 0x00000000ff200000)
  to   space 640K,   0% used [0x00000000ff200000, 0x00000000ff200000, 0x00000000ff2a0000)
 concurrent mark-sweep generation total 13696K, used 7339K [0x00000000ff2a0000, 0x0000000100000000, 0x0000000100000000)
 Metaspace       used 5076K, capacity 5258K, committed 5504K, reserved 1056768K
  class space    used 557K, capacity 597K, committed 640K, reserved 1048576K
}
{Heap before GC invocations=256 (full 34):
 par new generation   total 6144K, used 5235K [0x00000000fec00000, 0x00000000ff2a0000, 0x00000000ff2a0000)
  eden space 5504K,  95% used [0x00000000fec00000, 0x00000000ff11b780, 0x00000000ff160000)
  from space 640K,   0% used [0x00000000ff160000, 0x00000000ff161830, 0x00000000ff200000)
  to   space 640K,   0% used [0x00000000ff200000, 0x00000000ff200000, 0x00000000ff2a0000)
 concurrent mark-sweep generation total 13696K, used 7339K [0x00000000ff2a0000, 0x0000000100000000, 0x0000000100000000)
 Metaspace       used 5076K, capacity 5258K, committed 5504K, reserved 1056768K
  class space    used 557K, capacity 597K, committed 640K, reserved 1048576K
2024-07-16T11:01:37.272+0800: 2.152: [GC (Allocation Failure) 2024-07-16T11:01:37.272+0800: 2.152: [ParNew: 5235K->4K(6144K), 0.0012250 secs] 12575K->7343K(19840K), 0.0013020 secs] [Times: user=0.00 sys=0.00, real=0.00 secs] 
Heap after GC invocations=257 (full 34):
 par new generation   total 6144K, used 4K [0x00000000fec00000, 0x00000000ff2a0000, 0x00000000ff2a0000)
  eden space 5504K,   0% used [0x00000000fec00000, 0x00000000fec00000, 0x00000000ff160000)
  from space 640K,   0% used [0x00000000ff200000, 0x00000000ff201020, 0x00000000ff2a0000)
  to   space 640K,   0% used [0x00000000ff160000, 0x00000000ff160000, 0x00000000ff200000)
 concurrent mark-sweep generation total 13696K, used 7339K [0x00000000ff2a0000, 0x0000000100000000, 0x0000000100000000)
 Metaspace       used 5076K, capacity 5258K, committed 5504K, reserved 1056768K
  class space    used 557K, capacity 597K, committed 640K, reserved 1048576K
}
{Heap before GC invocations=257 (full 34):
 par new generation   total 6144K, used 5233K [0x00000000fec00000, 0x00000000ff2a0000, 0x00000000ff2a0000)
  eden space 5504K,  95% used [0x00000000fec00000, 0x00000000ff11b780, 0x00000000ff160000)
  from space 640K,   0% used [0x00000000ff200000, 0x00000000ff201020, 0x00000000ff2a0000)
  to   space 640K,   0% used [0x00000000ff160000, 0x00000000ff160000, 0x00000000ff200000)
 concurrent mark-sweep generation total 13696K, used 7339K [0x00000000ff2a0000, 0x0000000100000000, 0x0000000100000000)
 Metaspace       used 5076K, capacity 5258K, committed 5504K, reserved 1056768K
  class space    used 557K, capacity 597K, committed 640K, reserved 1048576K
2024-07-16T11:01:37.280+0800: 2.161: [GC (Allocation Failure) 2024-07-16T11:01:37.280+0800: 2.161: [ParNew: 5233K->2K(6144K), 0.0002594 secs] 12572K->7341K(19840K), 0.0002837 secs] [Times: user=0.00 sys=0.00, real=0.00 secs] 
Heap after GC invocations=258 (full 34):
 par new generation   total 6144K, used 2K [0x00000000fec00000, 0x00000000ff2a0000, 0x00000000ff2a0000)
  eden space 5504K,   0% used [0x00000000fec00000, 0x00000000fec00000, 0x00000000ff160000)
  from space 640K,   0% used [0x00000000ff160000, 0x00000000ff160810, 0x00000000ff200000)
  to   space 640K,   0% used [0x00000000ff200000, 0x00000000ff200000, 0x00000000ff2a0000)
 concurrent mark-sweep generation total 13696K, used 7339K [0x00000000ff2a0000, 0x0000000100000000, 0x0000000100000000)
 Metaspace       used 5076K, capacity 5258K, committed 5504K, reserved 1056768K
  class space    used 557K, capacity 597K, committed 640K, reserved 1048576K
}
{Heap before GC invocations=258 (full 34):
 par new generation   total 6144K, used 5231K [0x00000000fec00000, 0x00000000ff2a0000, 0x00000000ff2a0000)
  eden space 5504K,  95% used [0x00000000fec00000, 0x00000000ff11b780, 0x00000000ff160000)
  from space 640K,   0% used [0x00000000ff160000, 0x00000000ff160810, 0x00000000ff200000)
  to   space 640K,   0% used [0x00000000ff200000, 0x00000000ff200000, 0x00000000ff2a0000)
 concurrent mark-sweep generation total 13696K, used 7339K [0x00000000ff2a0000, 0x0000000100000000, 0x0000000100000000)
 Metaspace       used 5076K, capacity 5258K, committed 5504K, reserved 1056768K
  class space    used 557K, capacity 597K, committed 640K, reserved 1048576K
2024-07-16T11:01:37.288+0800: 2.169: [GC (Allocation Failure) 2024-07-16T11:01:37.288+0800: 2.169: [ParNew: 5231K->4K(6144K), 0.0004598 secs] 12570K->7343K(19840K), 0.0005173 secs] [Times: user=0.00 sys=0.00, real=0.00 secs] 
Heap after GC invocations=259 (full 34):
 par new generation   total 6144K, used 4K [0x00000000fec00000, 0x00000000ff2a0000, 0x00000000ff2a0000)
  eden space 5504K,   0% used [0x00000000fec00000, 0x00000000fec00000, 0x00000000ff160000)
  from space 640K,   0% used [0x00000000ff200000, 0x00000000ff201020, 0x00000000ff2a0000)
  to   space 640K,   0% used [0x00000000ff160000, 0x00000000ff160000, 0x00000000ff200000)
 concurrent mark-sweep generation total 13696K, used 7339K [0x00000000ff2a0000, 0x0000000100000000, 0x0000000100000000)
 Metaspace       used 5076K, capacity 5258K, committed 5504K, reserved 1056768K
  class space    used 557K, capacity 597K, committed 640K, reserved 1048576K
}
{Heap before GC invocations=259 (full 34):
 par new generation   total 6144K, used 5233K [0x00000000fec00000, 0x00000000ff2a0000, 0x00000000ff2a0000)
  eden space 5504K,  95% used [0x00000000fec00000, 0x00000000ff11b780, 0x00000000ff160000)
  from space 640K,   0% used [0x00000000ff200000, 0x00000000ff201020, 0x00000000ff2a0000)
  to   space 640K,   0% used [0x00000000ff160000, 0x00000000ff160000, 0x00000000ff200000)
 concurrent mark-sweep generation total 13696K, used 7339K [0x00000000ff2a0000, 0x0000000100000000, 0x0000000100000000)
 Metaspace       used 5076K, capacity 5258K, committed 5504K, reserved 1056768K
  class space    used 557K, capacity 597K, committed 640K, reserved 1048576K
2024-07-16T11:01:37.295+0800: 2.176: [GC (Allocation Failure) 2024-07-16T11:01:37.295+0800: 2.176: [ParNew: 5233K->6K(6144K), 0.0004959 secs] 12572K->8371K(19840K), 0.0005409 secs] [Times: user=0.00 sys=0.00, real=0.00 secs] 
Heap after GC invocations=260 (full 34):
 par new generation   total 6144K, used 6K [0x00000000fec00000, 0x00000000ff2a0000, 0x00000000ff2a0000)
  eden space 5504K,   0% used [0x00000000fec00000, 0x00000000fec00000, 0x00000000ff160000)
  from space 640K,   0% used [0x00000000ff160000, 0x00000000ff161830, 0x00000000ff200000)
  to   space 640K,   0% used [0x00000000ff200000, 0x00000000ff200000, 0x00000000ff2a0000)
 concurrent mark-sweep generation total 13696K, used 8365K [0x00000000ff2a0000, 0x0000000100000000, 0x0000000100000000)
 Metaspace       used 5076K, capacity 5258K, committed 5504K, reserved 1056768K
  class space    used 557K, capacity 597K, committed 640K, reserved 1048576K
}
{Heap before GC invocations=260 (full 34):
 par new generation   total 6144K, used 5235K [0x00000000fec00000, 0x00000000ff2a0000, 0x00000000ff2a0000)
  eden space 5504K,  95% used [0x00000000fec00000, 0x00000000ff11b780, 0x00000000ff160000)
  from space 640K,   0% used [0x00000000ff160000, 0x00000000ff161830, 0x00000000ff200000)
  to   space 640K,   0% used [0x00000000ff200000, 0x00000000ff200000, 0x00000000ff2a0000)
 concurrent mark-sweep generation total 13696K, used 8365K [0x00000000ff2a0000, 0x0000000100000000, 0x0000000100000000)
 Metaspace       used 5076K, capacity 5258K, committed 5504K, reserved 1056768K
  class space    used 557K, capacity 597K, committed 640K, reserved 1048576K
2024-07-16T11:01:37.302+0800: 2.183: [GC (Allocation Failure) 2024-07-16T11:01:37.302+0800: 2.183: [ParNew: 5235K->4K(6144K), 0.0006923 secs] 13601K->8369K(19840K), 0.0007713 secs] [Times: user=0.00 sys=0.00, real=0.00 secs] 
Heap after GC invocations=261 (full 34):
 par new generation   total 6144K, used 4K [0x00000000fec00000, 0x00000000ff2a0000, 0x00000000ff2a0000)
  eden space 5504K,   0% used [0x00000000fec00000, 0x00000000fec00000, 0x00000000ff160000)
  from space 640K,   0% used [0x00000000ff200000, 0x00000000ff201020, 0x00000000ff2a0000)
  to   space 640K,   0% used [0x00000000ff160000, 0x00000000ff160000, 0x00000000ff200000)
 concurrent mark-sweep generation total 13696K, used 8365K [0x00000000ff2a0000, 0x0000000100000000, 0x0000000100000000)
 Metaspace       used 5076K, capacity 5258K, committed 5504K, reserved 1056768K
  class space    used 557K, capacity 597K, committed 640K, reserved 1048576K
}
{Heap before GC invocations=261 (full 34):
 par new generation   total 6144K, used 5233K [0x00000000fec00000, 0x00000000ff2a0000, 0x00000000ff2a0000)
  eden space 5504K,  95% used [0x00000000fec00000, 0x00000000ff11b780, 0x00000000ff160000)
  from space 640K,   0% used [0x00000000ff200000, 0x00000000ff201020, 0x00000000ff2a0000)
  to   space 640K,   0% used [0x00000000ff160000, 0x00000000ff160000, 0x00000000ff200000)
 concurrent mark-sweep generation total 13696K, used 8365K [0x00000000ff2a0000, 0x0000000100000000, 0x0000000100000000)
 Metaspace       used 5076K, capacity 5258K, committed 5504K, reserved 1056768K
  class space    used 557K, capacity 597K, committed 640K, reserved 1048576K
2024-07-16T11:01:37.310+0800: 2.191: [GC (Allocation Failure) 2024-07-16T11:01:37.310+0800: 2.191: [ParNew: 5233K->6K(6144K), 0.0012334 secs] 13599K->9395K(19840K), 0.0012949 secs] [Times: user=0.00 sys=0.00, real=0.00 secs] 
Heap after GC invocations=262 (full 34):
 par new generation   total 6144K, used 6K [0x00000000fec00000, 0x00000000ff2a0000, 0x00000000ff2a0000)
  eden space 5504K,   0% used [0x00000000fec00000, 0x00000000fec00000, 0x00000000ff160000)
  from space 640K,   0% used [0x00000000ff160000, 0x00000000ff161830, 0x00000000ff200000)
  to   space 640K,   0% used [0x00000000ff200000, 0x00000000ff200000, 0x00000000ff2a0000)
 concurrent mark-sweep generation total 13696K, used 9389K [0x00000000ff2a0000, 0x0000000100000000, 0x0000000100000000)
 Metaspace       used 5076K, capacity 5258K, committed 5504K, reserved 1056768K
  class space    used 557K, capacity 597K, committed 640K, reserved 1048576K
}
{Heap before GC invocations=262 (full 34):
 par new generation   total 6144K, used 5235K [0x00000000fec00000, 0x00000000ff2a0000, 0x00000000ff2a0000)
  eden space 5504K,  95% used [0x00000000fec00000, 0x00000000ff11b780, 0x00000000ff160000)
  from space 640K,   0% used [0x00000000ff160000, 0x00000000ff161830, 0x00000000ff200000)
  to   space 640K,   0% used [0x00000000ff200000, 0x00000000ff200000, 0x00000000ff2a0000)
 concurrent mark-sweep generation total 13696K, used 9389K [0x00000000ff2a0000, 0x0000000100000000, 0x0000000100000000)
 Metaspace       used 5076K, capacity 5258K, committed 5504K, reserved 1056768K
  class space    used 557K, capacity 597K, committed 640K, reserved 1048576K
2024-07-16T11:01:37.318+0800: 2.199: [GC (Allocation Failure) 2024-07-16T11:01:37.318+0800: 2.199: [ParNew: 5235K->8K(6144K), 0.0015474 secs] 14625K->10423K(19840K), 0.0016783 secs] [Times: user=0.00 sys=0.00, real=0.00 secs] 
Heap after GC invocations=263 (full 34):
 par new generation   total 6144K, used 8K [0x00000000fec00000, 0x00000000ff2a0000, 0x00000000ff2a0000)
  eden space 5504K,   0% used [0x00000000fec00000, 0x00000000fec00000, 0x00000000ff160000)
  from space 640K,   1% used [0x00000000ff200000, 0x00000000ff202040, 0x00000000ff2a0000)
  to   space 640K,   0% used [0x00000000ff160000, 0x00000000ff160000, 0x00000000ff200000)
 concurrent mark-sweep generation total 13696K, used 10415K [0x00000000ff2a0000, 0x0000000100000000, 0x0000000100000000)
 Metaspace       used 5076K, capacity 5258K, committed 5504K, reserved 1056768K
  class space    used 557K, capacity 597K, committed 640K, reserved 1048576K
}
{Heap before GC invocations=263 (full 34):
 par new generation   total 6144K, used 5237K [0x00000000fec00000, 0x00000000ff2a0000, 0x00000000ff2a0000)
  eden space 5504K,  95% used [0x00000000fec00000, 0x00000000ff11b780, 0x00000000ff160000)
  from space 640K,   1% used [0x00000000ff200000, 0x00000000ff202040, 0x00000000ff2a0000)
  to   space 640K,   0% used [0x00000000ff160000, 0x00000000ff160000, 0x00000000ff200000)
 concurrent mark-sweep generation total 13696K, used 10415K [0x00000000ff2a0000, 0x0000000100000000, 0x0000000100000000)
 Metaspace       used 5076K, capacity 5258K, committed 5504K, reserved 1056768K
  class space    used 557K, capacity 597K, committed 640K, reserved 1048576K
2024-07-16T11:01:37.327+0800: 2.208: [GC (Allocation Failure) 2024-07-16T11:01:37.327+0800: 2.208: [ParNew: 5237K->4K(6144K), 0.0002829 secs] 15653K->10419K(19840K), 0.0003213 secs] [Times: user=0.00 sys=0.00, real=0.00 secs] 
Heap after GC invocations=264 (full 34):
 par new generation   total 6144K, used 4K [0x00000000fec00000, 0x00000000ff2a0000, 0x00000000ff2a0000)
  eden space 5504K,   0% used [0x00000000fec00000, 0x00000000fec00000, 0x00000000ff160000)
  from space 640K,   0% used [0x00000000ff160000, 0x00000000ff161020, 0x00000000ff200000)
  to   space 640K,   0% used [0x00000000ff200000, 0x00000000ff200000, 0x00000000ff2a0000)
 concurrent mark-sweep generation total 13696K, used 10415K [0x00000000ff2a0000, 0x0000000100000000, 0x0000000100000000)
 Metaspace       used 5076K, capacity 5258K, committed 5504K, reserved 1056768K
  class space    used 557K, capacity 597K, committed 640K, reserved 1048576K
}
{Heap before GC invocations=264 (full 34):
 par new generation   total 6144K, used 5233K [0x00000000fec00000, 0x00000000ff2a0000, 0x00000000ff2a0000)
  eden space 5504K,  95% used [0x00000000fec00000, 0x00000000ff11b780, 0x00000000ff160000)
  from space 640K,   0% used [0x00000000ff160000, 0x00000000ff161020, 0x00000000ff200000)
  to   space 640K,   0% used [0x00000000ff200000, 0x00000000ff200000, 0x00000000ff2a0000)
 concurrent mark-sweep generation total 13696K, used 10415K [0x00000000ff2a0000, 0x0000000100000000, 0x0000000100000000)
 Metaspace       used 5076K, capacity 5258K, committed 5504K, reserved 1056768K
  class space    used 557K, capacity 597K, committed 640K, reserved 1048576K
2024-07-16T11:01:37.335+0800: 2.216: [GC (Allocation Failure) 2024-07-16T11:01:37.335+0800: 2.216: [ParNew: 5233K->8K(6144K), 0.0005289 secs] 15649K->11449K(19840K), 0.0005726 secs] [Times: user=0.00 sys=0.00, real=0.00 secs] 
Heap after GC invocations=265 (full 34):
 par new generation   total 6144K, used 8K [0x00000000fec00000, 0x00000000ff2a0000, 0x00000000ff2a0000)
  eden space 5504K,   0% used [0x00000000fec00000, 0x00000000fec00000, 0x00000000ff160000)
  from space 640K,   1% used [0x00000000ff200000, 0x00000000ff202040, 0x00000000ff2a0000)
  to   space 640K,   0% used [0x00000000ff160000, 0x00000000ff160000, 0x00000000ff200000)
 concurrent mark-sweep generation total 13696K, used 11441K [0x00000000ff2a0000, 0x0000000100000000, 0x0000000100000000)
 Metaspace       used 5076K, capacity 5258K, committed 5504K, reserved 1056768K
  class space    used 557K, capacity 597K, committed 640K, reserved 1048576K
}
{Heap before GC invocations=265 (full 34):
 par new generation   total 6144K, used 5237K [0x00000000fec00000, 0x00000000ff2a0000, 0x00000000ff2a0000)
  eden space 5504K,  95% used [0x00000000fec00000, 0x00000000ff11b780, 0x00000000ff160000)
  from space 640K,   1% used [0x00000000ff200000, 0x00000000ff202040, 0x00000000ff2a0000)
  to   space 640K,   0% used [0x00000000ff160000, 0x00000000ff160000, 0x00000000ff200000)
 concurrent mark-sweep generation total 13696K, used 11441K [0x00000000ff2a0000, 0x0000000100000000, 0x0000000100000000)
 Metaspace       used 5076K, capacity 5258K, committed 5504K, reserved 1056768K
  class space    used 557K, capacity 597K, committed 640K, reserved 1048576K
2024-07-16T11:01:37.341+0800: 2.222: [GC (Allocation Failure) 2024-07-16T11:01:37.341+0800: 2.222: [ParNew: 5237K->10K(6144K), 0.0004200 secs] 16679K->12475K(19840K), 0.0005519 secs] [Times: user=0.00 sys=0.00, real=0.00 secs] 
Heap after GC invocations=266 (full 34):
 par new generation   total 6144K, used 10K [0x00000000fec00000, 0x00000000ff2a0000, 0x00000000ff2a0000)
  eden space 5504K,   0% used [0x00000000fec00000, 0x00000000fec00000, 0x00000000ff160000)
  from space 640K,   1% used [0x00000000ff160000, 0x00000000ff162850, 0x00000000ff200000)
  to   space 640K,   0% used [0x00000000ff200000, 0x00000000ff200000, 0x00000000ff2a0000)
 concurrent mark-sweep generation total 13696K, used 12465K [0x00000000ff2a0000, 0x0000000100000000, 0x0000000100000000)
 Metaspace       used 5076K, capacity 5258K, committed 5504K, reserved 1056768K
  class space    used 557K, capacity 597K, committed 640K, reserved 1048576K
}
{Heap before GC invocations=266 (full 34):
 par new generation   total 6144K, used 5239K [0x00000000fec00000, 0x00000000ff2a0000, 0x00000000ff2a0000)
  eden space 5504K,  95% used [0x00000000fec00000, 0x00000000ff11b780, 0x00000000ff160000)
  from space 640K,   1% used [0x00000000ff160000, 0x00000000ff162850, 0x00000000ff200000)
  to   space 640K,   0% used [0x00000000ff200000, 0x00000000ff200000, 0x00000000ff2a0000)
 concurrent mark-sweep generation total 13696K, used 12465K [0x00000000ff2a0000, 0x0000000100000000, 0x0000000100000000)
 Metaspace       used 5076K, capacity 5258K, committed 5504K, reserved 1056768K
  class space    used 557K, capacity 597K, committed 640K, reserved 1048576K
2024-07-16T11:01:37.349+0800: 2.230: [GC (Allocation Failure) 2024-07-16T11:01:37.349+0800: 2.230: [ParNew: 5239K->5239K(6144K), 0.0000107 secs]2024-07-16T11:01:37.349+0800: 2.230: [CMS2024-07-16T11:01:37.349+0800: 2.230: [CMS-concurrent-abortable-preclean: 0.001/0.107 secs] [Times: user=0.00 sys=0.00, real=0.11 secs] 
 (concurrent mode failure): 12465K->1186K(13696K), 0.0021251 secs] 17705K->1186K(19840K), [Metaspace: 5076K->5076K(1056768K)], 0.0021760 secs] [Times: user=0.00 sys=0.00, real=0.00 secs] 
Heap after GC invocations=267 (full 35):
 par new generation   total 6144K, used 0K [0x00000000fec00000, 0x00000000ff2a0000, 0x00000000ff2a0000)
  eden space 5504K,   0% used [0x00000000fec00000, 0x00000000fec00000, 0x00000000ff160000)
  from space 640K,   0% used [0x00000000ff160000, 0x00000000ff160000, 0x00000000ff200000)
  to   space 640K,   0% used [0x00000000ff200000, 0x00000000ff200000, 0x00000000ff2a0000)
 concurrent mark-sweep generation total 13696K, used 1186K [0x00000000ff2a0000, 0x0000000100000000, 0x0000000100000000)
 Metaspace       used 5076K, capacity 5258K, committed 5504K, reserved 1056768K
  class space    used 557K, capacity 597K, committed 640K, reserved 1048576K
}
{Heap before GC invocations=267 (full 35):
 par new generation   total 6144K, used 5229K [0x00000000fec00000, 0x00000000ff2a0000, 0x00000000ff2a0000)
  eden space 5504K,  95% used [0x00000000fec00000, 0x00000000ff11b780, 0x00000000ff160000)
  from space 640K,   0% used [0x00000000ff160000, 0x00000000ff160000, 0x00000000ff200000)
  to   space 640K,   0% used [0x00000000ff200000, 0x00000000ff200000, 0x00000000ff2a0000)
 concurrent mark-sweep generation total 13696K, used 1186K [0x00000000ff2a0000, 0x0000000100000000, 0x0000000100000000)
 Metaspace       used 5076K, capacity 5258K, committed 5504K, reserved 1056768K
  class space    used 557K, capacity 597K, committed 640K, reserved 1048576K
2024-07-16T11:01:37.358+0800: 2.239: [GC (Allocation Failure) 2024-07-16T11:01:37.358+0800: 2.239: [ParNew: 5229K->8K(6144K), 0.0012093 secs] 6416K->2220K(19840K), 0.0013518 secs] [Times: user=0.00 sys=0.00, real=0.00 secs] 
Heap after GC invocations=268 (full 35):
 par new generation   total 6144K, used 8K [0x00000000fec00000, 0x00000000ff2a0000, 0x00000000ff2a0000)
  eden space 5504K,   0% used [0x00000000fec00000, 0x00000000fec00000, 0x00000000ff160000)
  from space 640K,   1% used [0x00000000ff200000, 0x00000000ff202040, 0x00000000ff2a0000)
  to   space 640K,   0% used [0x00000000ff160000, 0x00000000ff160000, 0x00000000ff200000)
 concurrent mark-sweep generation total 13696K, used 2212K [0x00000000ff2a0000, 0x0000000100000000, 0x0000000100000000)
 Metaspace       used 5076K, capacity 5258K, committed 5504K, reserved 1056768K
  class space    used 557K, capacity 597K, committed 640K, reserved 1048576K
}
{Heap before GC invocations=268 (full 35):
 par new generation   total 6144K, used 5237K [0x00000000fec00000, 0x00000000ff2a0000, 0x00000000ff2a0000)
  eden space 5504K,  95% used [0x00000000fec00000, 0x00000000ff11b780, 0x00000000ff160000)
  from space 640K,   1% used [0x00000000ff200000, 0x00000000ff202040, 0x00000000ff2a0000)
  to   space 640K,   0% used [0x00000000ff160000, 0x00000000ff160000, 0x00000000ff200000)
 concurrent mark-sweep generation total 13696K, used 2212K [0x00000000ff2a0000, 0x0000000100000000, 0x0000000100000000)
 Metaspace       used 5076K, capacity 5258K, committed 5504K, reserved 1056768K
  class space    used 557K, capacity 597K, committed 640K, reserved 1048576K
2024-07-16T11:01:37.365+0800: 2.246: [GC (Allocation Failure) 2024-07-16T11:01:37.365+0800: 2.246: [ParNew: 5237K->8K(6144K), 0.0007311 secs] 7450K->3246K(19840K), 0.0008144 secs] [Times: user=0.00 sys=0.00, real=0.00 secs] 
Heap after GC invocations=269 (full 35):
 par new generation   total 6144K, used 8K [0x00000000fec00000, 0x00000000ff2a0000, 0x00000000ff2a0000)
  eden space 5504K,   0% used [0x00000000fec00000, 0x00000000fec00000, 0x00000000ff160000)
  from space 640K,   1% used [0x00000000ff160000, 0x00000000ff162040, 0x00000000ff200000)
  to   space 640K,   0% used [0x00000000ff200000, 0x00000000ff200000, 0x00000000ff2a0000)
 concurrent mark-sweep generation total 13696K, used 3238K [0x00000000ff2a0000, 0x0000000100000000, 0x0000000100000000)
 Metaspace       used 5076K, capacity 5258K, committed 5504K, reserved 1056768K
  class space    used 557K, capacity 597K, committed 640K, reserved 1048576K
}
{Heap before GC invocations=269 (full 35):
 par new generation   total 6144K, used 5237K [0x00000000fec00000, 0x00000000ff2a0000, 0x00000000ff2a0000)
  eden space 5504K,  95% used [0x00000000fec00000, 0x00000000ff11b780, 0x00000000ff160000)
  from space 640K,   1% used [0x00000000ff160000, 0x00000000ff162040, 0x00000000ff200000)
  to   space 640K,   0% used [0x00000000ff200000, 0x00000000ff200000, 0x00000000ff2a0000)
 concurrent mark-sweep generation total 13696K, used 3238K [0x00000000ff2a0000, 0x0000000100000000, 0x0000000100000000)
 Metaspace       used 5076K, capacity 5258K, committed 5504K, reserved 1056768K
  class space    used 557K, capacity 597K, committed 640K, reserved 1048576K
2024-07-16T11:01:37.373+0800: 2.254: [GC (Allocation Failure) 2024-07-16T11:01:37.373+0800: 2.254: [ParNew: 5237K->8K(6144K), 0.0011803 secs] 8476K->4272K(19840K), 0.0012536 secs] [Times: user=0.00 sys=0.00, real=0.00 secs] 
Heap after GC invocations=270 (full 35):
 par new generation   total 6144K, used 8K [0x00000000fec00000, 0x00000000ff2a0000, 0x00000000ff2a0000)
  eden space 5504K,   0% used [0x00000000fec00000, 0x00000000fec00000, 0x00000000ff160000)
  from space 640K,   1% used [0x00000000ff200000, 0x00000000ff202040, 0x00000000ff2a0000)
  to   space 640K,   0% used [0x00000000ff160000, 0x00000000ff160000, 0x00000000ff200000)
 concurrent mark-sweep generation total 13696K, used 4264K [0x00000000ff2a0000, 0x0000000100000000, 0x0000000100000000)
 Metaspace       used 5076K, capacity 5258K, committed 5504K, reserved 1056768K
  class space    used 557K, capacity 597K, committed 640K, reserved 1048576K
}
{Heap before GC invocations=270 (full 35):
 par new generation   total 6144K, used 5237K [0x00000000fec00000, 0x00000000ff2a0000, 0x00000000ff2a0000)
  eden space 5504K,  95% used [0x00000000fec00000, 0x00000000ff11b780, 0x00000000ff160000)
  from space 640K,   1% used [0x00000000ff200000, 0x00000000ff202040, 0x00000000ff2a0000)
  to   space 640K,   0% used [0x00000000ff160000, 0x00000000ff160000, 0x00000000ff200000)
 concurrent mark-sweep generation total 13696K, used 4264K [0x00000000ff2a0000, 0x0000000100000000, 0x0000000100000000)
 Metaspace       used 5076K, capacity 5258K, committed 5504K, reserved 1056768K
  class space    used 557K, capacity 597K, committed 640K, reserved 1048576K
2024-07-16T11:01:37.380+0800: 2.261: [GC (Allocation Failure) 2024-07-16T11:01:37.380+0800: 2.261: [ParNew: 5237K->8K(6144K), 0.0011744 secs] 9502K->5299K(19840K), 0.0013782 secs] [Times: user=0.00 sys=0.00, real=0.00 secs] 
Heap after GC invocations=271 (full 35):
 par new generation   total 6144K, used 8K [0x00000000fec00000, 0x00000000ff2a0000, 0x00000000ff2a0000)
  eden space 5504K,   0% used [0x00000000fec00000, 0x00000000fec00000, 0x00000000ff160000)
  from space 640K,   1% used [0x00000000ff160000, 0x00000000ff162040, 0x00000000ff200000)
  to   space 640K,   0% used [0x00000000ff200000, 0x00000000ff200000, 0x00000000ff2a0000)
 concurrent mark-sweep generation total 13696K, used 5290K [0x00000000ff2a0000, 0x0000000100000000, 0x0000000100000000)
 Metaspace       used 5076K, capacity 5258K, committed 5504K, reserved 1056768K
  class space    used 557K, capacity 597K, committed 640K, reserved 1048576K
}
2024-07-16T11:01:37.381+0800: 2.262: [GC (CMS Initial Mark) [1 CMS-initial-mark: 5290K(13696K)] 6325K(19840K), 0.0003677 secs] [Times: user=0.00 sys=0.00, real=0.00 secs] 
2024-07-16T11:01:37.382+0800: 2.263: [CMS-concurrent-mark-start]
2024-07-16T11:01:37.386+0800: 2.267: [CMS-concurrent-mark: 0.004/0.004 secs] [Times: user=0.00 sys=0.00, real=0.00 secs] 
2024-07-16T11:01:37.386+0800: 2.267: [CMS-concurrent-preclean-start]
2024-07-16T11:01:37.386+0800: 2.267: [CMS-concurrent-preclean: 0.000/0.000 secs] [Times: user=0.00 sys=0.00, real=0.00 secs] 
2024-07-16T11:01:37.386+0800: 2.267: [CMS-concurrent-abortable-preclean-start]
{Heap before GC invocations=271 (full 36):
 par new generation   total 6144K, used 5237K [0x00000000fec00000, 0x00000000ff2a0000, 0x00000000ff2a0000)
  eden space 5504K,  95% used [0x00000000fec00000, 0x00000000ff11b780, 0x00000000ff160000)
  from space 640K,   1% used [0x00000000ff160000, 0x00000000ff162040, 0x00000000ff200000)
  to   space 640K,   0% used [0x00000000ff200000, 0x00000000ff200000, 0x00000000ff2a0000)
 concurrent mark-sweep generation total 13696K, used 5290K [0x00000000ff2a0000, 0x0000000100000000, 0x0000000100000000)
 Metaspace       used 5076K, capacity 5258K, committed 5504K, reserved 1056768K
  class space    used 557K, capacity 597K, committed 640K, reserved 1048576K
2024-07-16T11:01:37.390+0800: 2.271: [GC (Allocation Failure) 2024-07-16T11:01:37.390+0800: 2.271: [ParNew: 5237K->4K(6144K), 0.0010644 secs] 10528K->5294K(19840K), 0.0011489 secs] [Times: user=0.00 sys=0.00, real=0.00 secs] 
Heap after GC invocations=272 (full 36):
 par new generation   total 6144K, used 4K [0x00000000fec00000, 0x00000000ff2a0000, 0x00000000ff2a0000)
  eden space 5504K,   0% used [0x00000000fec00000, 0x00000000fec00000, 0x00000000ff160000)
  from space 640K,   0% used [0x00000000ff200000, 0x00000000ff201020, 0x00000000ff2a0000)
  to   space 640K,   0% used [0x00000000ff160000, 0x00000000ff160000, 0x00000000ff200000)
 concurrent mark-sweep generation total 13696K, used 5290K [0x00000000ff2a0000, 0x0000000100000000, 0x0000000100000000)
 Metaspace       used 5076K, capacity 5258K, committed 5504K, reserved 1056768K
  class space    used 557K, capacity 597K, committed 640K, reserved 1048576K
}
{Heap before GC invocations=272 (full 36):
 par new generation   total 6144K, used 5233K [0x00000000fec00000, 0x00000000ff2a0000, 0x00000000ff2a0000)
  eden space 5504K,  95% used [0x00000000fec00000, 0x00000000ff11b780, 0x00000000ff160000)
  from space 640K,   0% used [0x00000000ff200000, 0x00000000ff201020, 0x00000000ff2a0000)
  to   space 640K,   0% used [0x00000000ff160000, 0x00000000ff160000, 0x00000000ff200000)
 concurrent mark-sweep generation total 13696K, used 5290K [0x00000000ff2a0000, 0x0000000100000000, 0x0000000100000000)
 Metaspace       used 5076K, capacity 5258K, committed 5504K, reserved 1056768K
  class space    used 557K, capacity 597K, committed 640K, reserved 1048576K
2024-07-16T11:01:37.398+0800: 2.279: [GC (Allocation Failure) 2024-07-16T11:01:37.398+0800: 2.279: [ParNew: 5233K->4K(6144K), 0.0012234 secs] 10524K->5294K(19840K), 0.0013474 secs] [Times: user=0.00 sys=0.00, real=0.00 secs] 
Heap after GC invocations=273 (full 36):
 par new generation   total 6144K, used 4K [0x00000000fec00000, 0x00000000ff2a0000, 0x00000000ff2a0000)
  eden space 5504K,   0% used [0x00000000fec00000, 0x00000000fec00000, 0x00000000ff160000)
  from space 640K,   0% used [0x00000000ff160000, 0x00000000ff161020, 0x00000000ff200000)
  to   space 640K,   0% used [0x00000000ff200000, 0x00000000ff200000, 0x00000000ff2a0000)
 concurrent mark-sweep generation total 13696K, used 5290K [0x00000000ff2a0000, 0x0000000100000000, 0x0000000100000000)
 Metaspace       used 5076K, capacity 5258K, committed 5504K, reserved 1056768K
  class space    used 557K, capacity 597K, committed 640K, reserved 1048576K
}
{Heap before GC invocations=273 (full 36):
 par new generation   total 6144K, used 5233K [0x00000000fec00000, 0x00000000ff2a0000, 0x00000000ff2a0000)
  eden space 5504K,  95% used [0x00000000fec00000, 0x00000000ff11b780, 0x00000000ff160000)
  from space 640K,   0% used [0x00000000ff160000, 0x00000000ff161020, 0x00000000ff200000)
  to   space 640K,   0% used [0x00000000ff200000, 0x00000000ff200000, 0x00000000ff2a0000)
 concurrent mark-sweep generation total 13696K, used 5290K [0x00000000ff2a0000, 0x0000000100000000, 0x0000000100000000)
 Metaspace       used 5076K, capacity 5258K, committed 5504K, reserved 1056768K
  class space    used 557K, capacity 597K, committed 640K, reserved 1048576K
2024-07-16T11:01:37.406+0800: 2.287: [GC (Allocation Failure) 2024-07-16T11:01:37.406+0800: 2.287: [ParNew: 5233K->4K(6144K), 0.0011549 secs] 10524K->5294K(19840K), 0.0012385 secs] [Times: user=0.00 sys=0.00, real=0.00 secs] 
Heap after GC invocations=274 (full 36):
 par new generation   total 6144K, used 4K [0x00000000fec00000, 0x00000000ff2a0000, 0x00000000ff2a0000)
  eden space 5504K,   0% used [0x00000000fec00000, 0x00000000fec00000, 0x00000000ff160000)
  from space 640K,   0% used [0x00000000ff200000, 0x00000000ff201020, 0x00000000ff2a0000)
  to   space 640K,   0% used [0x00000000ff160000, 0x00000000ff160000, 0x00000000ff200000)
 concurrent mark-sweep generation total 13696K, used 5290K [0x00000000ff2a0000, 0x0000000100000000, 0x0000000100000000)
 Metaspace       used 5076K, capacity 5258K, committed 5504K, reserved 1056768K
  class space    used 557K, capacity 597K, committed 640K, reserved 1048576K
}
{Heap before GC invocations=274 (full 36):
 par new generation   total 6144K, used 5233K [0x00000000fec00000, 0x00000000ff2a0000, 0x00000000ff2a0000)
  eden space 5504K,  95% used [0x00000000fec00000, 0x00000000ff11b780, 0x00000000ff160000)
  from space 640K,   0% used [0x00000000ff200000, 0x00000000ff201020, 0x00000000ff2a0000)
  to   space 640K,   0% used [0x00000000ff160000, 0x00000000ff160000, 0x00000000ff200000)
 concurrent mark-sweep generation total 13696K, used 5290K [0x00000000ff2a0000, 0x0000000100000000, 0x0000000100000000)
 Metaspace       used 5076K, capacity 5258K, committed 5504K, reserved 1056768K
  class space    used 557K, capacity 597K, committed 640K, reserved 1048576K
2024-07-16T11:01:37.415+0800: 2.296: [GC (Allocation Failure) 2024-07-16T11:01:37.415+0800: 2.296: [ParNew: 5233K->4K(6144K), 0.0009063 secs] 10524K->5294K(19840K), 0.0010024 secs] [Times: user=0.00 sys=0.00, real=0.00 secs] 
Heap after GC invocations=275 (full 36):
 par new generation   total 6144K, used 4K [0x00000000fec00000, 0x00000000ff2a0000, 0x00000000ff2a0000)
  eden space 5504K,   0% used [0x00000000fec00000, 0x00000000fec00000, 0x00000000ff160000)
  from space 640K,   0% used [0x00000000ff160000, 0x00000000ff161020, 0x00000000ff200000)
  to   space 640K,   0% used [0x00000000ff200000, 0x00000000ff200000, 0x00000000ff2a0000)
 concurrent mark-sweep generation total 13696K, used 5290K [0x00000000ff2a0000, 0x0000000100000000, 0x0000000100000000)
 Metaspace       used 5076K, capacity 5258K, committed 5504K, reserved 1056768K
  class space    used 557K, capacity 597K, committed 640K, reserved 1048576K
}
{Heap before GC invocations=275 (full 36):
 par new generation   total 6144K, used 5233K [0x00000000fec00000, 0x00000000ff2a0000, 0x00000000ff2a0000)
  eden space 5504K,  95% used [0x00000000fec00000, 0x00000000ff11b780, 0x00000000ff160000)
  from space 640K,   0% used [0x00000000ff160000, 0x00000000ff161020, 0x00000000ff200000)
  to   space 640K,   0% used [0x00000000ff200000, 0x00000000ff200000, 0x00000000ff2a0000)
 concurrent mark-sweep generation total 13696K, used 5290K [0x00000000ff2a0000, 0x0000000100000000, 0x0000000100000000)
 Metaspace       used 5076K, capacity 5258K, committed 5504K, reserved 1056768K
  class space    used 557K, capacity 597K, committed 640K, reserved 1048576K
2024-07-16T11:01:37.424+0800: 2.305: [GC (Allocation Failure) 2024-07-16T11:01:37.424+0800: 2.305: [ParNew: 5233K->2K(6144K), 0.0002834 secs] 10524K->5292K(19840K), 0.0003165 secs] [Times: user=0.00 sys=0.00, real=0.00 secs] 
Heap after GC invocations=276 (full 36):
 par new generation   total 6144K, used 2K [0x00000000fec00000, 0x00000000ff2a0000, 0x00000000ff2a0000)
  eden space 5504K,   0% used [0x00000000fec00000, 0x00000000fec00000, 0x00000000ff160000)
  from space 640K,   0% used [0x00000000ff200000, 0x00000000ff200810, 0x00000000ff2a0000)
  to   space 640K,   0% used [0x00000000ff160000, 0x00000000ff160000, 0x00000000ff200000)
 concurrent mark-sweep generation total 13696K, used 5290K [0x00000000ff2a0000, 0x0000000100000000, 0x0000000100000000)
 Metaspace       used 5076K, capacity 5258K, committed 5504K, reserved 1056768K
  class space    used 557K, capacity 597K, committed 640K, reserved 1048576K
}
{Heap before GC invocations=276 (full 36):
 par new generation   total 6144K, used 5231K [0x00000000fec00000, 0x00000000ff2a0000, 0x00000000ff2a0000)
  eden space 5504K,  95% used [0x00000000fec00000, 0x00000000ff11b780, 0x00000000ff160000)
  from space 640K,   0% used [0x00000000ff200000, 0x00000000ff200810, 0x00000000ff2a0000)
  to   space 640K,   0% used [0x00000000ff160000, 0x00000000ff160000, 0x00000000ff200000)
 concurrent mark-sweep generation total 13696K, used 5290K [0x00000000ff2a0000, 0x0000000100000000, 0x0000000100000000)
 Metaspace       used 5076K, capacity 5258K, committed 5504K, reserved 1056768K
  class space    used 557K, capacity 597K, committed 640K, reserved 1048576K
2024-07-16T11:01:37.432+0800: 2.313: [GC (Allocation Failure) 2024-07-16T11:01:37.432+0800: 2.313: [ParNew: 5231K->8K(6144K), 0.0003841 secs] 10522K->6323K(19840K), 0.0004087 secs] [Times: user=0.00 sys=0.00, real=0.00 secs] 
Heap after GC invocations=277 (full 36):
 par new generation   total 6144K, used 8K [0x00000000fec00000, 0x00000000ff2a0000, 0x00000000ff2a0000)
  eden space 5504K,   0% used [0x00000000fec00000, 0x00000000fec00000, 0x00000000ff160000)
  from space 640K,   1% used [0x00000000ff160000, 0x00000000ff162040, 0x00000000ff200000)
  to   space 640K,   0% used [0x00000000ff200000, 0x00000000ff200000, 0x00000000ff2a0000)
 concurrent mark-sweep generation total 13696K, used 6314K [0x00000000ff2a0000, 0x0000000100000000, 0x0000000100000000)
 Metaspace       used 5076K, capacity 5258K, committed 5504K, reserved 1056768K
  class space    used 557K, capacity 597K, committed 640K, reserved 1048576K
}
{Heap before GC invocations=277 (full 36):
 par new generation   total 6144K, used 5237K [0x00000000fec00000, 0x00000000ff2a0000, 0x00000000ff2a0000)
  eden space 5504K,  95% used [0x00000000fec00000, 0x00000000ff11b780, 0x00000000ff160000)
  from space 640K,   1% used [0x00000000ff160000, 0x00000000ff162040, 0x00000000ff200000)
  to   space 640K,   0% used [0x00000000ff200000, 0x00000000ff200000, 0x00000000ff2a0000)
 concurrent mark-sweep generation total 13696K, used 6314K [0x00000000ff2a0000, 0x0000000100000000, 0x0000000100000000)
 Metaspace       used 5076K, capacity 5258K, committed 5504K, reserved 1056768K
  class space    used 557K, capacity 597K, committed 640K, reserved 1048576K
2024-07-16T11:01:37.440+0800: 2.321: [GC (Allocation Failure) 2024-07-16T11:01:37.440+0800: 2.321: [ParNew: 5237K->8K(6144K), 0.0008037 secs] 11552K->8371K(19840K), 0.0008429 secs] [Times: user=0.00 sys=0.00, real=0.00 secs] 
Heap after GC invocations=278 (full 36):
 par new generation   total 6144K, used 8K [0x00000000fec00000, 0x00000000ff2a0000, 0x00000000ff2a0000)
  eden space 5504K,   0% used [0x00000000fec00000, 0x00000000fec00000, 0x00000000ff160000)
  from space 640K,   1% used [0x00000000ff200000, 0x00000000ff202040, 0x00000000ff2a0000)
  to   space 640K,   0% used [0x00000000ff160000, 0x00000000ff160000, 0x00000000ff200000)
 concurrent mark-sweep generation total 13696K, used 8362K [0x00000000ff2a0000, 0x0000000100000000, 0x0000000100000000)
 Metaspace       used 5076K, capacity 5258K, committed 5504K, reserved 1056768K
  class space    used 557K, capacity 597K, committed 640K, reserved 1048576K
}
{Heap before GC invocations=278 (full 36):
 par new generation   total 6144K, used 5237K [0x00000000fec00000, 0x00000000ff2a0000, 0x00000000ff2a0000)
  eden space 5504K,  95% used [0x00000000fec00000, 0x00000000ff11b780, 0x00000000ff160000)
  from space 640K,   1% used [0x00000000ff200000, 0x00000000ff202040, 0x00000000ff2a0000)
  to   space 640K,   0% used [0x00000000ff160000, 0x00000000ff160000, 0x00000000ff200000)
 concurrent mark-sweep generation total 13696K, used 8362K [0x00000000ff2a0000, 0x0000000100000000, 0x0000000100000000)
 Metaspace       used 5076K, capacity 5258K, committed 5504K, reserved 1056768K
  class space    used 557K, capacity 597K, committed 640K, reserved 1048576K
2024-07-16T11:01:37.447+0800: 2.328: [GC (Allocation Failure) 2024-07-16T11:01:37.447+0800: 2.328: [ParNew: 5237K->8K(6144K), 0.0003096 secs] 13600K->9397K(19840K), 0.0003290 secs] [Times: user=0.00 sys=0.00, real=0.00 secs] 
Heap after GC invocations=279 (full 36):
 par new generation   total 6144K, used 8K [0x00000000fec00000, 0x00000000ff2a0000, 0x00000000ff2a0000)
  eden space 5504K,   0% used [0x00000000fec00000, 0x00000000fec00000, 0x00000000ff160000)
  from space 640K,   1% used [0x00000000ff160000, 0x00000000ff162040, 0x00000000ff200000)
  to   space 640K,   0% used [0x00000000ff200000, 0x00000000ff200000, 0x00000000ff2a0000)
 concurrent mark-sweep generation total 13696K, used 9389K [0x00000000ff2a0000, 0x0000000100000000, 0x0000000100000000)
 Metaspace       used 5076K, capacity 5258K, committed 5504K, reserved 1056768K
  class space    used 557K, capacity 597K, committed 640K, reserved 1048576K
}
{Heap before GC invocations=279 (full 36):
 par new generation   total 6144K, used 5237K [0x00000000fec00000, 0x00000000ff2a0000, 0x00000000ff2a0000)
  eden space 5504K,  95% used [0x00000000fec00000, 0x00000000ff11b780, 0x00000000ff160000)
  from space 640K,   1% used [0x00000000ff160000, 0x00000000ff162040, 0x00000000ff200000)
  to   space 640K,   0% used [0x00000000ff200000, 0x00000000ff200000, 0x00000000ff2a0000)
 concurrent mark-sweep generation total 13696K, used 9389K [0x00000000ff2a0000, 0x0000000100000000, 0x0000000100000000)
 Metaspace       used 5076K, capacity 5258K, committed 5504K, reserved 1056768K
  class space    used 557K, capacity 597K, committed 640K, reserved 1048576K
2024-07-16T11:01:37.453+0800: 2.334: [GC (Allocation Failure) 2024-07-16T11:01:37.453+0800: 2.334: [ParNew: 5237K->8K(6144K), 0.0007223 secs] 14626K->10423K(19840K), 0.0007695 secs] [Times: user=0.00 sys=0.00, real=0.00 secs] 
Heap after GC invocations=280 (full 36):
 par new generation   total 6144K, used 8K [0x00000000fec00000, 0x00000000ff2a0000, 0x00000000ff2a0000)
  eden space 5504K,   0% used [0x00000000fec00000, 0x00000000fec00000, 0x00000000ff160000)
  from space 640K,   1% used [0x00000000ff200000, 0x00000000ff202040, 0x00000000ff2a0000)
  to   space 640K,   0% used [0x00000000ff160000, 0x00000000ff160000, 0x00000000ff200000)
 concurrent mark-sweep generation total 13696K, used 10415K [0x00000000ff2a0000, 0x0000000100000000, 0x0000000100000000)
 Metaspace       used 5076K, capacity 5258K, committed 5504K, reserved 1056768K
  class space    used 557K, capacity 597K, committed 640K, reserved 1048576K
}
{Heap before GC invocations=280 (full 36):
 par new generation   total 6144K, used 5237K [0x00000000fec00000, 0x00000000ff2a0000, 0x00000000ff2a0000)
  eden space 5504K,  95% used [0x00000000fec00000, 0x00000000ff11b780, 0x00000000ff160000)
  from space 640K,   1% used [0x00000000ff200000, 0x00000000ff202040, 0x00000000ff2a0000)
  to   space 640K,   0% used [0x00000000ff160000, 0x00000000ff160000, 0x00000000ff200000)
 concurrent mark-sweep generation total 13696K, used 10415K [0x00000000ff2a0000, 0x0000000100000000, 0x0000000100000000)
 Metaspace       used 5076K, capacity 5258K, committed 5504K, reserved 1056768K
  class space    used 557K, capacity 597K, committed 640K, reserved 1048576K
2024-07-16T11:01:37.460+0800: 2.341: [GC (Allocation Failure) 2024-07-16T11:01:37.460+0800: 2.341: [ParNew: 5237K->8K(6144K), 0.0010948 secs] 15653K->11447K(19840K), 0.0011862 secs] [Times: user=0.00 sys=0.00, real=0.00 secs] 
Heap after GC invocations=281 (full 36):
 par new generation   total 6144K, used 8K [0x00000000fec00000, 0x00000000ff2a0000, 0x00000000ff2a0000)
  eden space 5504K,   0% used [0x00000000fec00000, 0x00000000fec00000, 0x00000000ff160000)
  from space 640K,   1% used [0x00000000ff160000, 0x00000000ff162040, 0x00000000ff200000)
  to   space 640K,   0% used [0x00000000ff200000, 0x00000000ff200000, 0x00000000ff2a0000)
 concurrent mark-sweep generation total 13696K, used 11439K [0x00000000ff2a0000, 0x0000000100000000, 0x0000000100000000)
 Metaspace       used 5076K, capacity 5258K, committed 5504K, reserved 1056768K
  class space    used 557K, capacity 597K, committed 640K, reserved 1048576K
}
{Heap before GC invocations=281 (full 36):
 par new generation   total 6144K, used 5237K [0x00000000fec00000, 0x00000000ff2a0000, 0x00000000ff2a0000)
  eden space 5504K,  95% used [0x00000000fec00000, 0x00000000ff11b780, 0x00000000ff160000)
  from space 640K,   1% used [0x00000000ff160000, 0x00000000ff162040, 0x00000000ff200000)
  to   space 640K,   0% used [0x00000000ff200000, 0x00000000ff200000, 0x00000000ff2a0000)
 concurrent mark-sweep generation total 13696K, used 11439K [0x00000000ff2a0000, 0x0000000100000000, 0x0000000100000000)
 Metaspace       used 5076K, capacity 5258K, committed 5504K, reserved 1056768K
  class space    used 557K, capacity 597K, committed 640K, reserved 1048576K
2024-07-16T11:01:37.469+0800: 2.350: [GC (Allocation Failure) 2024-07-16T11:01:37.469+0800: 2.350: [ParNew: 5237K->8K(6144K), 0.0010002 secs] 16677K->12471K(19840K), 0.0010903 secs] [Times: user=0.00 sys=0.00, real=0.00 secs] 
Heap after GC invocations=282 (full 36):
 par new generation   total 6144K, used 8K [0x00000000fec00000, 0x00000000ff2a0000, 0x00000000ff2a0000)
  eden space 5504K,   0% used [0x00000000fec00000, 0x00000000fec00000, 0x00000000ff160000)
  from space 640K,   1% used [0x00000000ff200000, 0x00000000ff202040, 0x00000000ff2a0000)
  to   space 640K,   0% used [0x00000000ff160000, 0x00000000ff160000, 0x00000000ff200000)
 concurrent mark-sweep generation total 13696K, used 12463K [0x00000000ff2a0000, 0x0000000100000000, 0x0000000100000000)
 Metaspace       used 5076K, capacity 5258K, committed 5504K, reserved 1056768K
  class space    used 557K, capacity 597K, committed 640K, reserved 1048576K
}
{Heap before GC invocations=282 (full 36):
 par new generation   total 6144K, used 5237K [0x00000000fec00000, 0x00000000ff2a0000, 0x00000000ff2a0000)
  eden space 5504K,  95% used [0x00000000fec00000, 0x00000000ff11b780, 0x00000000ff160000)
  from space 640K,   1% used [0x00000000ff200000, 0x00000000ff202040, 0x00000000ff2a0000)
  to   space 640K,   0% used [0x00000000ff160000, 0x00000000ff160000, 0x00000000ff200000)
 concurrent mark-sweep generation total 13696K, used 12463K [0x00000000ff2a0000, 0x0000000100000000, 0x0000000100000000)
 Metaspace       used 5076K, capacity 5258K, committed 5504K, reserved 1056768K
  class space    used 557K, capacity 597K, committed 640K, reserved 1048576K
2024-07-16T11:01:37.478+0800: 2.359: [GC (Allocation Failure) 2024-07-16T11:01:37.478+0800: 2.359: [ParNew: 5237K->5237K(6144K), 0.0000319 secs]2024-07-16T11:01:37.478+0800: 2.359: [CMS2024-07-16T11:01:37.478+0800: 2.359: [CMS-concurrent-abortable-preclean: 0.001/0.092 secs] [Times: user=0.00 sys=0.00, real=0.09 secs] 
 (concurrent mode failure): 12463K->1186K(13696K), 0.0054095 secs] 17701K->1186K(19840K), [Metaspace: 5076K->5076K(1056768K)], 0.0055360 secs] [Times: user=0.00 sys=0.00, real=0.01 secs] 
Heap after GC invocations=283 (full 37):
 par new generation   total 6144K, used 0K [0x00000000fec00000, 0x00000000ff2a0000, 0x00000000ff2a0000)
  eden space 5504K,   0% used [0x00000000fec00000, 0x00000000fec00000, 0x00000000ff160000)
  from space 640K,   0% used [0x00000000ff200000, 0x00000000ff200000, 0x00000000ff2a0000)
  to   space 640K,   0% used [0x00000000ff160000, 0x00000000ff160000, 0x00000000ff200000)
 concurrent mark-sweep generation total 13696K, used 1186K [0x00000000ff2a0000, 0x0000000100000000, 0x0000000100000000)
 Metaspace       used 5076K, capacity 5258K, committed 5504K, reserved 1056768K
  class space    used 557K, capacity 597K, committed 640K, reserved 1048576K
}
{Heap before GC invocations=283 (full 37):
 par new generation   total 6144K, used 5229K [0x00000000fec00000, 0x00000000ff2a0000, 0x00000000ff2a0000)
  eden space 5504K,  95% used [0x00000000fec00000, 0x00000000ff11b780, 0x00000000ff160000)
  from space 640K,   0% used [0x00000000ff200000, 0x00000000ff200000, 0x00000000ff2a0000)
  to   space 640K,   0% used [0x00000000ff160000, 0x00000000ff160000, 0x00000000ff200000)
 concurrent mark-sweep generation total 13696K, used 1186K [0x00000000ff2a0000, 0x0000000100000000, 0x0000000100000000)
 Metaspace       used 5076K, capacity 5258K, committed 5504K, reserved 1056768K
  class space    used 557K, capacity 597K, committed 640K, reserved 1048576K
2024-07-16T11:01:37.489+0800: 2.370: [GC (Allocation Failure) 2024-07-16T11:01:37.489+0800: 2.370: [ParNew: 5229K->6K(6144K), 0.0014043 secs] 6416K->2218K(19840K), 0.0014746 secs] [Times: user=0.00 sys=0.00, real=0.00 secs] 
Heap after GC invocations=284 (full 37):
 par new generation   total 6144K, used 6K [0x00000000fec00000, 0x00000000ff2a0000, 0x00000000ff2a0000)
  eden space 5504K,   0% used [0x00000000fec00000, 0x00000000fec00000, 0x00000000ff160000)
  from space 640K,   0% used [0x00000000ff160000, 0x00000000ff161830, 0x00000000ff200000)
  to   space 640K,   0% used [0x00000000ff200000, 0x00000000ff200000, 0x00000000ff2a0000)
 concurrent mark-sweep generation total 13696K, used 2212K [0x00000000ff2a0000, 0x0000000100000000, 0x0000000100000000)
 Metaspace       used 5076K, capacity 5258K, committed 5504K, reserved 1056768K
  class space    used 557K, capacity 597K, committed 640K, reserved 1048576K
}
{Heap before GC invocations=284 (full 37):
 par new generation   total 6144K, used 5235K [0x00000000fec00000, 0x00000000ff2a0000, 0x00000000ff2a0000)
  eden space 5504K,  95% used [0x00000000fec00000, 0x00000000ff11b780, 0x00000000ff160000)
  from space 640K,   0% used [0x00000000ff160000, 0x00000000ff161830, 0x00000000ff200000)
  to   space 640K,   0% used [0x00000000ff200000, 0x00000000ff200000, 0x00000000ff2a0000)
 concurrent mark-sweep generation total 13696K, used 2212K [0x00000000ff2a0000, 0x0000000100000000, 0x0000000100000000)
 Metaspace       used 5076K, capacity 5258K, committed 5504K, reserved 1056768K
  class space    used 557K, capacity 597K, committed 640K, reserved 1048576K
2024-07-16T11:01:37.497+0800: 2.378: [GC (Allocation Failure) 2024-07-16T11:01:37.497+0800: 2.378: [ParNew: 5235K->6K(6144K), 0.0012909 secs] 7448K->3242K(19840K), 0.0013735 secs] [Times: user=0.00 sys=0.00, real=0.00 secs] 
Heap after GC invocations=285 (full 37):
 par new generation   total 6144K, used 6K [0x00000000fec00000, 0x00000000ff2a0000, 0x00000000ff2a0000)
  eden space 5504K,   0% used [0x00000000fec00000, 0x00000000fec00000, 0x00000000ff160000)
  from space 640K,   0% used [0x00000000ff200000, 0x00000000ff201830, 0x00000000ff2a0000)
  to   space 640K,   0% used [0x00000000ff160000, 0x00000000ff160000, 0x00000000ff200000)
 concurrent mark-sweep generation total 13696K, used 3236K [0x00000000ff2a0000, 0x0000000100000000, 0x0000000100000000)
 Metaspace       used 5076K, capacity 5258K, committed 5504K, reserved 1056768K
  class space    used 557K, capacity 597K, committed 640K, reserved 1048576K
}
{Heap before GC invocations=285 (full 37):
 par new generation   total 6144K, used 5235K [0x00000000fec00000, 0x00000000ff2a0000, 0x00000000ff2a0000)
  eden space 5504K,  95% used [0x00000000fec00000, 0x00000000ff11b780, 0x00000000ff160000)
  from space 640K,   0% used [0x00000000ff200000, 0x00000000ff201830, 0x00000000ff2a0000)
  to   space 640K,   0% used [0x00000000ff160000, 0x00000000ff160000, 0x00000000ff200000)
 concurrent mark-sweep generation total 13696K, used 3236K [0x00000000ff2a0000, 0x0000000100000000, 0x0000000100000000)
 Metaspace       used 5076K, capacity 5258K, committed 5504K, reserved 1056768K
  class space    used 557K, capacity 597K, committed 640K, reserved 1048576K
2024-07-16T11:01:37.504+0800: 2.385: [GC (Allocation Failure) 2024-07-16T11:01:37.504+0800: 2.385: [ParNew: 5235K->8K(6144K), 0.0013671 secs] 8472K->4270K(19840K), 0.0014903 secs] [Times: user=0.00 sys=0.00, real=0.00 secs] 
Heap after GC invocations=286 (full 37):
 par new generation   total 6144K, used 8K [0x00000000fec00000, 0x00000000ff2a0000, 0x00000000ff2a0000)
  eden space 5504K,   0% used [0x00000000fec00000, 0x00000000fec00000, 0x00000000ff160000)
  from space 640K,   1% used [0x00000000ff160000, 0x00000000ff162040, 0x00000000ff200000)
  to   space 640K,   0% used [0x00000000ff200000, 0x00000000ff200000, 0x00000000ff2a0000)
 concurrent mark-sweep generation total 13696K, used 4262K [0x00000000ff2a0000, 0x0000000100000000, 0x0000000100000000)
 Metaspace       used 5076K, capacity 5258K, committed 5504K, reserved 1056768K
  class space    used 557K, capacity 597K, committed 640K, reserved 1048576K
}
{Heap before GC invocations=286 (full 37):
 par new generation   total 6144K, used 5237K [0x00000000fec00000, 0x00000000ff2a0000, 0x00000000ff2a0000)
  eden space 5504K,  95% used [0x00000000fec00000, 0x00000000ff11b780, 0x00000000ff160000)
  from space 640K,   1% used [0x00000000ff160000, 0x00000000ff162040, 0x00000000ff200000)
  to   space 640K,   0% used [0x00000000ff200000, 0x00000000ff200000, 0x00000000ff2a0000)
 concurrent mark-sweep generation total 13696K, used 4262K [0x00000000ff2a0000, 0x0000000100000000, 0x0000000100000000)
 Metaspace       used 5076K, capacity 5258K, committed 5504K, reserved 1056768K
  class space    used 557K, capacity 597K, committed 640K, reserved 1048576K
2024-07-16T11:01:37.512+0800: 2.393: [GC (Allocation Failure) 2024-07-16T11:01:37.512+0800: 2.393: [ParNew: 5237K->6K(6144K), 0.0010471 secs] 9500K->5292K(19840K), 0.0011250 secs] [Times: user=0.00 sys=0.00, real=0.00 secs] 
Heap after GC invocations=287 (full 37):
 par new generation   total 6144K, used 6K [0x00000000fec00000, 0x00000000ff2a0000, 0x00000000ff2a0000)
  eden space 5504K,   0% used [0x00000000fec00000, 0x00000000fec00000, 0x00000000ff160000)
  from space 640K,   0% used [0x00000000ff200000, 0x00000000ff201830, 0x00000000ff2a0000)
  to   space 640K,   0% used [0x00000000ff160000, 0x00000000ff160000, 0x00000000ff200000)
 concurrent mark-sweep generation total 13696K, used 5286K [0x00000000ff2a0000, 0x0000000100000000, 0x0000000100000000)
 Metaspace       used 5076K, capacity 5258K, committed 5504K, reserved 1056768K
  class space    used 557K, capacity 597K, committed 640K, reserved 1048576K
}
2024-07-16T11:01:37.513+0800: 2.394: [GC (CMS Initial Mark) [1 CMS-initial-mark: 5286K(13696K)] 6318K(19840K), 0.0005121 secs] [Times: user=0.00 sys=0.00, real=0.00 secs] 
2024-07-16T11:01:37.514+0800: 2.395: [CMS-concurrent-mark-start]
2024-07-16T11:01:37.518+0800: 2.399: [CMS-concurrent-mark: 0.005/0.005 secs] [Times: user=0.05 sys=0.00, real=0.00 secs] 
2024-07-16T11:01:37.519+0800: 2.400: [CMS-concurrent-preclean-start]
2024-07-16T11:01:37.519+0800: 2.400: [CMS-concurrent-preclean: 0.000/0.000 secs] [Times: user=0.00 sys=0.00, real=0.00 secs] 
2024-07-16T11:01:37.519+0800: 2.400: [CMS-concurrent-abortable-preclean-start]
{Heap before GC invocations=287 (full 38):
 par new generation   total 6144K, used 5235K [0x00000000fec00000, 0x00000000ff2a0000, 0x00000000ff2a0000)
  eden space 5504K,  95% used [0x00000000fec00000, 0x00000000ff11b780, 0x00000000ff160000)
  from space 640K,   0% used [0x00000000ff200000, 0x00000000ff201830, 0x00000000ff2a0000)
  to   space 640K,   0% used [0x00000000ff160000, 0x00000000ff160000, 0x00000000ff200000)
 concurrent mark-sweep generation total 13696K, used 5286K [0x00000000ff2a0000, 0x0000000100000000, 0x0000000100000000)
 Metaspace       used 5076K, capacity 5258K, committed 5504K, reserved 1056768K
  class space    used 557K, capacity 597K, committed 640K, reserved 1048576K
2024-07-16T11:01:37.523+0800: 2.404: [GC (Allocation Failure) 2024-07-16T11:01:37.523+0800: 2.404: [ParNew: 5235K->4K(6144K), 0.0006581 secs] 10522K->5290K(19840K), 0.0007066 secs] [Times: user=0.00 sys=0.00, real=0.00 secs] 
Heap after GC invocations=288 (full 38):
 par new generation   total 6144K, used 4K [0x00000000fec00000, 0x00000000ff2a0000, 0x00000000ff2a0000)
  eden space 5504K,   0% used [0x00000000fec00000, 0x00000000fec00000, 0x00000000ff160000)
  from space 640K,   0% used [0x00000000ff160000, 0x00000000ff161020, 0x00000000ff200000)
  to   space 640K,   0% used [0x00000000ff200000, 0x00000000ff200000, 0x00000000ff2a0000)
 concurrent mark-sweep generation total 13696K, used 5286K [0x00000000ff2a0000, 0x0000000100000000, 0x0000000100000000)
 Metaspace       used 5076K, capacity 5258K, committed 5504K, reserved 1056768K
  class space    used 557K, capacity 597K, committed 640K, reserved 1048576K
}
{Heap before GC invocations=288 (full 38):
 par new generation   total 6144K, used 5233K [0x00000000fec00000, 0x00000000ff2a0000, 0x00000000ff2a0000)
  eden space 5504K,  95% used [0x00000000fec00000, 0x00000000ff11b780, 0x00000000ff160000)
  from space 640K,   0% used [0x00000000ff160000, 0x00000000ff161020, 0x00000000ff200000)
  to   space 640K,   0% used [0x00000000ff200000, 0x00000000ff200000, 0x00000000ff2a0000)
 concurrent mark-sweep generation total 13696K, used 5286K [0x00000000ff2a0000, 0x0000000100000000, 0x0000000100000000)
 Metaspace       used 5076K, capacity 5258K, committed 5504K, reserved 1056768K
  class space    used 557K, capacity 597K, committed 640K, reserved 1048576K
2024-07-16T11:01:37.530+0800: 2.411: [GC (Allocation Failure) 2024-07-16T11:01:37.530+0800: 2.411: [ParNew: 5233K->8K(6144K), 0.0013246 secs] 10520K->6320K(19840K), 0.0014267 secs] [Times: user=0.00 sys=0.00, real=0.00 secs] 
Heap after GC invocations=289 (full 38):
 par new generation   total 6144K, used 8K [0x00000000fec00000, 0x00000000ff2a0000, 0x00000000ff2a0000)
  eden space 5504K,   0% used [0x00000000fec00000, 0x00000000fec00000, 0x00000000ff160000)
  from space 640K,   1% used [0x00000000ff200000, 0x00000000ff202040, 0x00000000ff2a0000)
  to   space 640K,   0% used [0x00000000ff160000, 0x00000000ff160000, 0x00000000ff200000)
 concurrent mark-sweep generation total 13696K, used 6312K [0x00000000ff2a0000, 0x0000000100000000, 0x0000000100000000)
 Metaspace       used 5076K, capacity 5258K, committed 5504K, reserved 1056768K
  class space    used 557K, capacity 597K, committed 640K, reserved 1048576K
}
{Heap before GC invocations=289 (full 38):
 par new generation   total 6144K, used 5237K [0x00000000fec00000, 0x00000000ff2a0000, 0x00000000ff2a0000)
  eden space 5504K,  95% used [0x00000000fec00000, 0x00000000ff11b780, 0x00000000ff160000)
  from space 640K,   1% used [0x00000000ff200000, 0x00000000ff202040, 0x00000000ff2a0000)
  to   space 640K,   0% used [0x00000000ff160000, 0x00000000ff160000, 0x00000000ff200000)
 concurrent mark-sweep generation total 13696K, used 6312K [0x00000000ff2a0000, 0x0000000100000000, 0x0000000100000000)
 Metaspace       used 5076K, capacity 5258K, committed 5504K, reserved 1056768K
  class space    used 557K, capacity 597K, committed 640K, reserved 1048576K
2024-07-16T11:01:37.538+0800: 2.419: [GC (Allocation Failure) 2024-07-16T11:01:37.538+0800: 2.419: [ParNew: 5237K->6K(6144K), 0.0012219 secs] 11550K->7342K(19840K), 0.0013389 secs] [Times: user=0.00 sys=0.00, real=0.00 secs] 
Heap after GC invocations=290 (full 38):
 par new generation   total 6144K, used 6K [0x00000000fec00000, 0x00000000ff2a0000, 0x00000000ff2a0000)
  eden space 5504K,   0% used [0x00000000fec00000, 0x00000000fec00000, 0x00000000ff160000)
  from space 640K,   0% used [0x00000000ff160000, 0x00000000ff161830, 0x00000000ff200000)
  to   space 640K,   0% used [0x00000000ff200000, 0x00000000ff200000, 0x00000000ff2a0000)
 concurrent mark-sweep generation total 13696K, used 7336K [0x00000000ff2a0000, 0x0000000100000000, 0x0000000100000000)
 Metaspace       used 5076K, capacity 5258K, committed 5504K, reserved 1056768K
  class space    used 557K, capacity 597K, committed 640K, reserved 1048576K
}
{Heap before GC invocations=290 (full 38):
 par new generation   total 6144K, used 5235K [0x00000000fec00000, 0x00000000ff2a0000, 0x00000000ff2a0000)
  eden space 5504K,  95% used [0x00000000fec00000, 0x00000000ff11b780, 0x00000000ff160000)
  from space 640K,   0% used [0x00000000ff160000, 0x00000000ff161830, 0x00000000ff200000)
  to   space 640K,   0% used [0x00000000ff200000, 0x00000000ff200000, 0x00000000ff2a0000)
 concurrent mark-sweep generation total 13696K, used 7336K [0x00000000ff2a0000, 0x0000000100000000, 0x0000000100000000)
 Metaspace       used 5076K, capacity 5258K, committed 5504K, reserved 1056768K
  class space    used 557K, capacity 597K, committed 640K, reserved 1048576K
2024-07-16T11:01:37.546+0800: 2.427: [GC (Allocation Failure) 2024-07-16T11:01:37.546+0800: 2.427: [ParNew: 5235K->8K(6144K), 0.0012749 secs] 12572K->8371K(19840K), 0.0013786 secs] [Times: user=0.00 sys=0.00, real=0.00 secs] 
Heap after GC invocations=291 (full 38):
 par new generation   total 6144K, used 8K [0x00000000fec00000, 0x00000000ff2a0000, 0x00000000ff2a0000)
  eden space 5504K,   0% used [0x00000000fec00000, 0x00000000fec00000, 0x00000000ff160000)
  from space 640K,   1% used [0x00000000ff200000, 0x00000000ff202040, 0x00000000ff2a0000)
  to   space 640K,   0% used [0x00000000ff160000, 0x00000000ff160000, 0x00000000ff200000)
 concurrent mark-sweep generation total 13696K, used 8362K [0x00000000ff2a0000, 0x0000000100000000, 0x0000000100000000)
 Metaspace       used 5076K, capacity 5258K, committed 5504K, reserved 1056768K
  class space    used 557K, capacity 597K, committed 640K, reserved 1048576K
}
{Heap before GC invocations=291 (full 38):
 par new generation   total 6144K, used 5237K [0x00000000fec00000, 0x00000000ff2a0000, 0x00000000ff2a0000)
  eden space 5504K,  95% used [0x00000000fec00000, 0x00000000ff11b780, 0x00000000ff160000)
  from space 640K,   1% used [0x00000000ff200000, 0x00000000ff202040, 0x00000000ff2a0000)
  to   space 640K,   0% used [0x00000000ff160000, 0x00000000ff160000, 0x00000000ff200000)
 concurrent mark-sweep generation total 13696K, used 8362K [0x00000000ff2a0000, 0x0000000100000000, 0x0000000100000000)
 Metaspace       used 5076K, capacity 5258K, committed 5504K, reserved 1056768K
  class space    used 557K, capacity 597K, committed 640K, reserved 1048576K
2024-07-16T11:01:37.556+0800: 2.437: [GC (Allocation Failure) 2024-07-16T11:01:37.556+0800: 2.437: [ParNew: 5237K->8K(6144K), 0.0014694 secs] 13600K->9397K(19840K), 0.0015900 secs] [Times: user=0.00 sys=0.00, real=0.00 secs] 
Heap after GC invocations=292 (full 38):
 par new generation   total 6144K, used 8K [0x00000000fec00000, 0x00000000ff2a0000, 0x00000000ff2a0000)
  eden space 5504K,   0% used [0x00000000fec00000, 0x00000000fec00000, 0x00000000ff160000)
  from space 640K,   1% used [0x00000000ff160000, 0x00000000ff162040, 0x00000000ff200000)
  to   space 640K,   0% used [0x00000000ff200000, 0x00000000ff200000, 0x00000000ff2a0000)
 concurrent mark-sweep generation total 13696K, used 9389K [0x00000000ff2a0000, 0x0000000100000000, 0x0000000100000000)
 Metaspace       used 5076K, capacity 5258K, committed 5504K, reserved 1056768K
  class space    used 557K, capacity 597K, committed 640K, reserved 1048576K
}
{Heap before GC invocations=292 (full 38):
 par new generation   total 6144K, used 5237K [0x00000000fec00000, 0x00000000ff2a0000, 0x00000000ff2a0000)
  eden space 5504K,  95% used [0x00000000fec00000, 0x00000000ff11b780, 0x00000000ff160000)
  from space 640K,   1% used [0x00000000ff160000, 0x00000000ff162040, 0x00000000ff200000)
  to   space 640K,   0% used [0x00000000ff200000, 0x00000000ff200000, 0x00000000ff2a0000)
 concurrent mark-sweep generation total 13696K, used 9389K [0x00000000ff2a0000, 0x0000000100000000, 0x0000000100000000)
 Metaspace       used 5076K, capacity 5258K, committed 5504K, reserved 1056768K
  class space    used 557K, capacity 597K, committed 640K, reserved 1048576K
2024-07-16T11:01:37.565+0800: 2.446: [GC (Allocation Failure) 2024-07-16T11:01:37.565+0800: 2.446: [ParNew: 5237K->6K(6144K), 0.0014861 secs] 14626K->10419K(19840K), 0.0015904 secs] [Times: user=0.00 sys=0.00, real=0.00 secs] 
Heap after GC invocations=293 (full 38):
 par new generation   total 6144K, used 6K [0x00000000fec00000, 0x00000000ff2a0000, 0x00000000ff2a0000)
  eden space 5504K,   0% used [0x00000000fec00000, 0x00000000fec00000, 0x00000000ff160000)
  from space 640K,   0% used [0x00000000ff200000, 0x00000000ff201830, 0x00000000ff2a0000)
  to   space 640K,   0% used [0x00000000ff160000, 0x00000000ff160000, 0x00000000ff200000)
 concurrent mark-sweep generation total 13696K, used 10413K [0x00000000ff2a0000, 0x0000000100000000, 0x0000000100000000)
 Metaspace       used 5076K, capacity 5258K, committed 5504K, reserved 1056768K
  class space    used 557K, capacity 597K, committed 640K, reserved 1048576K
}
{Heap before GC invocations=293 (full 38):
 par new generation   total 6144K, used 5235K [0x00000000fec00000, 0x00000000ff2a0000, 0x00000000ff2a0000)
  eden space 5504K,  95% used [0x00000000fec00000, 0x00000000ff11b780, 0x00000000ff160000)
  from space 640K,   0% used [0x00000000ff200000, 0x00000000ff201830, 0x00000000ff2a0000)
  to   space 640K,   0% used [0x00000000ff160000, 0x00000000ff160000, 0x00000000ff200000)
 concurrent mark-sweep generation total 13696K, used 10413K [0x00000000ff2a0000, 0x0000000100000000, 0x0000000100000000)
 Metaspace       used 5076K, capacity 5258K, committed 5504K, reserved 1056768K
  class space    used 557K, capacity 597K, committed 640K, reserved 1048576K
2024-07-16T11:01:37.574+0800: 2.455: [GC (Allocation Failure) 2024-07-16T11:01:37.574+0800: 2.455: [ParNew: 5235K->8K(6144K), 0.0014328 secs] 15648K->11445K(19840K), 0.0015299 secs] [Times: user=0.00 sys=0.00, real=0.00 secs] 
Heap after GC invocations=294 (full 38):
 par new generation   total 6144K, used 8K [0x00000000fec00000, 0x00000000ff2a0000, 0x00000000ff2a0000)
  eden space 5504K,   0% used [0x00000000fec00000, 0x00000000fec00000, 0x00000000ff160000)
  from space 640K,   1% used [0x00000000ff160000, 0x00000000ff162040, 0x00000000ff200000)
  to   space 640K,   0% used [0x00000000ff200000, 0x00000000ff200000, 0x00000000ff2a0000)
 concurrent mark-sweep generation total 13696K, used 11437K [0x00000000ff2a0000, 0x0000000100000000, 0x0000000100000000)
 Metaspace       used 5076K, capacity 5258K, committed 5504K, reserved 1056768K
  class space    used 557K, capacity 597K, committed 640K, reserved 1048576K
}
{Heap before GC invocations=294 (full 38):
 par new generation   total 6144K, used 5237K [0x00000000fec00000, 0x00000000ff2a0000, 0x00000000ff2a0000)
  eden space 5504K,  95% used [0x00000000fec00000, 0x00000000ff11b780, 0x00000000ff160000)
  from space 640K,   1% used [0x00000000ff160000, 0x00000000ff162040, 0x00000000ff200000)
  to   space 640K,   0% used [0x00000000ff200000, 0x00000000ff200000, 0x00000000ff2a0000)
 concurrent mark-sweep generation total 13696K, used 11437K [0x00000000ff2a0000, 0x0000000100000000, 0x0000000100000000)
 Metaspace       used 5076K, capacity 5258K, committed 5504K, reserved 1056768K
  class space    used 557K, capacity 597K, committed 640K, reserved 1048576K
2024-07-16T11:01:37.583+0800: 2.464: [GC (Allocation Failure) 2024-07-16T11:01:37.583+0800: 2.464: [ParNew: 5237K->8K(6144K), 0.0014787 secs] 16675K->12471K(19840K), 0.0016115 secs] [Times: user=0.00 sys=0.00, real=0.00 secs] 
Heap after GC invocations=295 (full 38):
 par new generation   total 6144K, used 8K [0x00000000fec00000, 0x00000000ff2a0000, 0x00000000ff2a0000)
  eden space 5504K,   0% used [0x00000000fec00000, 0x00000000fec00000, 0x00000000ff160000)
  from space 640K,   1% used [0x00000000ff200000, 0x00000000ff202040, 0x00000000ff2a0000)
  to   space 640K,   0% used [0x00000000ff160000, 0x00000000ff160000, 0x00000000ff200000)
 concurrent mark-sweep generation total 13696K, used 12463K [0x00000000ff2a0000, 0x0000000100000000, 0x0000000100000000)
 Metaspace       used 5076K, capacity 5258K, committed 5504K, reserved 1056768K
  class space    used 557K, capacity 597K, committed 640K, reserved 1048576K
}
{Heap before GC invocations=295 (full 38):
 par new generation   total 6144K, used 5237K [0x00000000fec00000, 0x00000000ff2a0000, 0x00000000ff2a0000)
  eden space 5504K,  95% used [0x00000000fec00000, 0x00000000ff11b780, 0x00000000ff160000)
  from space 640K,   1% used [0x00000000ff200000, 0x00000000ff202040, 0x00000000ff2a0000)
  to   space 640K,   0% used [0x00000000ff160000, 0x00000000ff160000, 0x00000000ff200000)
 concurrent mark-sweep generation total 13696K, used 12463K [0x00000000ff2a0000, 0x0000000100000000, 0x0000000100000000)
 Metaspace       used 5076K, capacity 5258K, committed 5504K, reserved 1056768K
  class space    used 557K, capacity 597K, committed 640K, reserved 1048576K
2024-07-16T11:01:37.593+0800: 2.474: [GC (Allocation Failure) 2024-07-16T11:01:37.593+0800: 2.474: [ParNew: 5237K->6K(6144K), 0.0014678 secs] 17701K->13495K(19840K), 0.0015737 secs] [Times: user=0.00 sys=0.00, real=0.00 secs] 
Heap after GC invocations=296 (full 38):
 par new generation   total 6144K, used 6K [0x00000000fec00000, 0x00000000ff2a0000, 0x00000000ff2a0000)
  eden space 5504K,   0% used [0x00000000fec00000, 0x00000000fec00000, 0x00000000ff160000)
  from space 640K,   0% used [0x00000000ff160000, 0x00000000ff161830, 0x00000000ff200000)
  to   space 640K,   0% used [0x00000000ff200000, 0x00000000ff200000, 0x00000000ff2a0000)
 concurrent mark-sweep generation total 13696K, used 13489K [0x00000000ff2a0000, 0x0000000100000000, 0x0000000100000000)
 Metaspace       used 5076K, capacity 5258K, committed 5504K, reserved 1056768K
  class space    used 557K, capacity 597K, committed 640K, reserved 1048576K
}
2024-07-16T11:01:37.594+0800: 2.475: [CMS-concurrent-abortable-preclean: 0.001/0.076 secs] [Times: user=0.00 sys=0.00, real=0.08 secs] 
2024-07-16T11:01:37.595+0800: 2.476: [GC (CMS Final Remark) [YG occupancy: 1139 K (6144 K)]2024-07-16T11:01:37.595+0800: 2.476: [Rescan (parallel) , 0.0005897 secs]2024-07-16T11:01:37.595+0800: 2.476: [weak refs processing, 0.0000319 secs]2024-07-16T11:01:37.595+0800: 2.476: [class unloading, 0.0008170 secs]2024-07-16T11:01:37.596+0800: 2.477: [scrub symbol table, 0.0008306 secs]2024-07-16T11:01:37.597+0800: 2.478: [scrub string table, 0.0002502 secs][1 CMS-remark: 13489K(13696K)] 14629K(19840K), 0.0026498 secs] [Times: user=0.01 sys=0.00, real=0.00 secs] 
2024-07-16T11:01:37.597+0800: 2.478: [CMS-concurrent-sweep-start]
2024-07-16T11:01:37.598+0800: 2.479: [CMS-concurrent-sweep: 0.001/0.001 secs] [Times: user=0.00 sys=0.00, real=0.00 secs] 
2024-07-16T11:01:37.598+0800: 2.479: [CMS-concurrent-reset-start]
2024-07-16T11:01:37.598+0800: 2.479: [CMS-concurrent-reset: 0.000/0.000 secs] [Times: user=0.00 sys=0.00, real=0.00 secs] 
{Heap before GC invocations=296 (full 38):
 par new generation   total 6144K, used 5235K [0x00000000fec00000, 0x00000000ff2a0000, 0x00000000ff2a0000)
  eden space 5504K,  95% used [0x00000000fec00000, 0x00000000ff11b780, 0x00000000ff160000)
  from space 640K,   0% used [0x00000000ff160000, 0x00000000ff161830, 0x00000000ff200000)
  to   space 640K,   0% used [0x00000000ff200000, 0x00000000ff200000, 0x00000000ff2a0000)
 concurrent mark-sweep generation total 13696K, used 9393K [0x00000000ff2a0000, 0x0000000100000000, 0x0000000100000000)
 Metaspace       used 5076K, capacity 5258K, committed 5504K, reserved 1056768K
  class space    used 557K, capacity 597K, committed 640K, reserved 1048576K
2024-07-16T11:01:37.603+0800: 2.484: [GC (Allocation Failure) 2024-07-16T11:01:37.603+0800: 2.484: [ParNew: 5235K->8K(6144K), 0.0013775 secs] 14629K->10425K(19840K), 0.0014772 secs] [Times: user=0.00 sys=0.00, real=0.00 secs] 
Heap after GC invocations=297 (full 38):
 par new generation   total 6144K, used 8K [0x00000000fec00000, 0x00000000ff2a0000, 0x00000000ff2a0000)
  eden space 5504K,   0% used [0x00000000fec00000, 0x00000000fec00000, 0x00000000ff160000)
  from space 640K,   1% used [0x00000000ff200000, 0x00000000ff202040, 0x00000000ff2a0000)
  to   space 640K,   0% used [0x00000000ff160000, 0x00000000ff160000, 0x00000000ff200000)
 concurrent mark-sweep generation total 13696K, used 10417K [0x00000000ff2a0000, 0x0000000100000000, 0x0000000100000000)
 Metaspace       used 5076K, capacity 5258K, committed 5504K, reserved 1056768K
  class space    used 557K, capacity 597K, committed 640K, reserved 1048576K
}
2024-07-16T11:01:37.604+0800: 2.486: [GC (CMS Initial Mark) [1 CMS-initial-mark: 10417K(13696K)] 11451K(19840K), 0.0003928 secs] [Times: user=0.00 sys=0.00, real=0.00 secs] 
2024-07-16T11:01:37.605+0800: 2.486: [CMS-concurrent-mark-start]
2024-07-16T11:01:37.609+0800: 2.490: [CMS-concurrent-mark: 0.004/0.004 secs] [Times: user=0.00 sys=0.00, real=0.00 secs] 
2024-07-16T11:01:37.609+0800: 2.490: [CMS-concurrent-preclean-start]
2024-07-16T11:01:37.609+0800: 2.490: [CMS-concurrent-preclean: 0.000/0.000 secs] [Times: user=0.00 sys=0.00, real=0.00 secs] 
2024-07-16T11:01:37.609+0800: 2.490: [CMS-concurrent-abortable-preclean-start]
{Heap before GC invocations=297 (full 39):
 par new generation   total 6144K, used 5237K [0x00000000fec00000, 0x00000000ff2a0000, 0x00000000ff2a0000)
  eden space 5504K,  95% used [0x00000000fec00000, 0x00000000ff11b780, 0x00000000ff160000)
  from space 640K,   1% used [0x00000000ff200000, 0x00000000ff202040, 0x00000000ff2a0000)
  to   space 640K,   0% used [0x00000000ff160000, 0x00000000ff160000, 0x00000000ff200000)
 concurrent mark-sweep generation total 13696K, used 10417K [0x00000000ff2a0000, 0x0000000100000000, 0x0000000100000000)
 Metaspace       used 5076K, capacity 5258K, committed 5504K, reserved 1056768K
  class space    used 557K, capacity 597K, committed 640K, reserved 1048576K
2024-07-16T11:01:37.613+0800: 2.494: [GC (Allocation Failure) 2024-07-16T11:01:37.613+0800: 2.494: [ParNew: 5237K->8K(6144K), 0.0011139 secs] 15655K->11449K(19840K), 0.0011931 secs] [Times: user=0.00 sys=0.00, real=0.00 secs] 
Heap after GC invocations=298 (full 39):
 par new generation   total 6144K, used 8K [0x00000000fec00000, 0x00000000ff2a0000, 0x00000000ff2a0000)
  eden space 5504K,   0% used [0x00000000fec00000, 0x00000000fec00000, 0x00000000ff160000)
  from space 640K,   1% used [0x00000000ff160000, 0x00000000ff162040, 0x00000000ff200000)
  to   space 640K,   0% used [0x00000000ff200000, 0x00000000ff200000, 0x00000000ff2a0000)
 concurrent mark-sweep generation total 13696K, used 11441K [0x00000000ff2a0000, 0x0000000100000000, 0x0000000100000000)
 Metaspace       used 5076K, capacity 5258K, committed 5504K, reserved 1056768K
  class space    used 557K, capacity 597K, committed 640K, reserved 1048576K
}
{Heap before GC invocations=298 (full 39):
 par new generation   total 6144K, used 5237K [0x00000000fec00000, 0x00000000ff2a0000, 0x00000000ff2a0000)
  eden space 5504K,  95% used [0x00000000fec00000, 0x00000000ff11b780, 0x00000000ff160000)
  from space 640K,   1% used [0x00000000ff160000, 0x00000000ff162040, 0x00000000ff200000)
  to   space 640K,   0% used [0x00000000ff200000, 0x00000000ff200000, 0x00000000ff2a0000)
 concurrent mark-sweep generation total 13696K, used 11441K [0x00000000ff2a0000, 0x0000000100000000, 0x0000000100000000)
 Metaspace       used 5076K, capacity 5258K, committed 5504K, reserved 1056768K
  class space    used 557K, capacity 597K, committed 640K, reserved 1048576K
2024-07-16T11:01:37.621+0800: 2.502: [GC (Allocation Failure) 2024-07-16T11:01:37.621+0800: 2.502: [ParNew: 5237K->6K(6144K), 0.0013743 secs] 16679K->12471K(19840K), 0.0014657 secs] [Times: user=0.00 sys=0.00, real=0.00 secs] 
Heap after GC invocations=299 (full 39):
 par new generation   total 6144K, used 6K [0x00000000fec00000, 0x00000000ff2a0000, 0x00000000ff2a0000)
  eden space 5504K,   0% used [0x00000000fec00000, 0x00000000fec00000, 0x00000000ff160000)
  from space 640K,   0% used [0x00000000ff200000, 0x00000000ff201830, 0x00000000ff2a0000)
  to   space 640K,   0% used [0x00000000ff160000, 0x00000000ff160000, 0x00000000ff200000)
 concurrent mark-sweep generation total 13696K, used 12465K [0x00000000ff2a0000, 0x0000000100000000, 0x0000000100000000)
 Metaspace       used 5076K, capacity 5258K, committed 5504K, reserved 1056768K
  class space    used 557K, capacity 597K, committed 640K, reserved 1048576K
}
{Heap before GC invocations=299 (full 39):
 par new generation   total 6144K, used 5235K [0x00000000fec00000, 0x00000000ff2a0000, 0x00000000ff2a0000)
  eden space 5504K,  95% used [0x00000000fec00000, 0x00000000ff11b780, 0x00000000ff160000)
  from space 640K,   0% used [0x00000000ff200000, 0x00000000ff201830, 0x00000000ff2a0000)
  to   space 640K,   0% used [0x00000000ff160000, 0x00000000ff160000, 0x00000000ff200000)
 concurrent mark-sweep generation total 13696K, used 12465K [0x00000000ff2a0000, 0x0000000100000000, 0x0000000100000000)
 Metaspace       used 5076K, capacity 5258K, committed 5504K, reserved 1056768K
  class space    used 557K, capacity 597K, committed 640K, reserved 1048576K
2024-07-16T11:01:37.631+0800: 2.512: [GC (Allocation Failure) 2024-07-16T11:01:37.631+0800: 2.512: [ParNew: 5235K->4K(6144K), 0.0011644 secs] 17701K->12469K(19840K), 0.0012562 secs] [Times: user=0.00 sys=0.00, real=0.00 secs] 
Heap after GC invocations=300 (full 39):
 par new generation   total 6144K, used 4K [0x00000000fec00000, 0x00000000ff2a0000, 0x00000000ff2a0000)
  eden space 5504K,   0% used [0x00000000fec00000, 0x00000000fec00000, 0x00000000ff160000)
  from space 640K,   0% used [0x00000000ff160000, 0x00000000ff161020, 0x00000000ff200000)
  to   space 640K,   0% used [0x00000000ff200000, 0x00000000ff200000, 0x00000000ff2a0000)
 concurrent mark-sweep generation total 13696K, used 12465K [0x00000000ff2a0000, 0x0000000100000000, 0x0000000100000000)
 Metaspace       used 5076K, capacity 5258K, committed 5504K, reserved 1056768K
  class space    used 557K, capacity 597K, committed 640K, reserved 1048576K
}
{Heap before GC invocations=300 (full 39):
 par new generation   total 6144K, used 5233K [0x00000000fec00000, 0x00000000ff2a0000, 0x00000000ff2a0000)
  eden space 5504K,  95% used [0x00000000fec00000, 0x00000000ff11b780, 0x00000000ff160000)
  from space 640K,   0% used [0x00000000ff160000, 0x00000000ff161020, 0x00000000ff200000)
  to   space 640K,   0% used [0x00000000ff200000, 0x00000000ff200000, 0x00000000ff2a0000)
 concurrent mark-sweep generation total 13696K, used 12465K [0x00000000ff2a0000, 0x0000000100000000, 0x0000000100000000)
 Metaspace       used 5076K, capacity 5258K, committed 5504K, reserved 1056768K
  class space    used 557K, capacity 597K, committed 640K, reserved 1048576K
2024-07-16T11:01:37.639+0800: 2.520: [GC (Allocation Failure) 2024-07-16T11:01:37.639+0800: 2.520: [ParNew: 5233K->16K(6144K), 0.0012109 secs] 17699K->12481K(19840K), 0.0013198 secs] [Times: user=0.00 sys=0.00, real=0.00 secs] 
Heap after GC invocations=301 (full 39):
 par new generation   total 6144K, used 16K [0x00000000fec00000, 0x00000000ff2a0000, 0x00000000ff2a0000)
  eden space 5504K,   0% used [0x00000000fec00000, 0x00000000fec00000, 0x00000000ff160000)
  from space 640K,   2% used [0x00000000ff200000, 0x00000000ff204080, 0x00000000ff2a0000)
  to   space 640K,   0% used [0x00000000ff160000, 0x00000000ff160000, 0x00000000ff200000)
 concurrent mark-sweep generation total 13696K, used 12465K [0x00000000ff2a0000, 0x0000000100000000, 0x0000000100000000)
 Metaspace       used 5076K, capacity 5258K, committed 5504K, reserved 1056768K
  class space    used 557K, capacity 597K, committed 640K, reserved 1048576K
}
{Heap before GC invocations=301 (full 39):
 par new generation   total 6144K, used 5246K [0x00000000fec00000, 0x00000000ff2a0000, 0x00000000ff2a0000)
  eden space 5504K,  95% used [0x00000000fec00000, 0x00000000ff11b780, 0x00000000ff160000)
  from space 640K,   2% used [0x00000000ff200000, 0x00000000ff204080, 0x00000000ff2a0000)
  to   space 640K,   0% used [0x00000000ff160000, 0x00000000ff160000, 0x00000000ff200000)
 concurrent mark-sweep generation total 13696K, used 12465K [0x00000000ff2a0000, 0x0000000100000000, 0x0000000100000000)
 Metaspace       used 5076K, capacity 5258K, committed 5504K, reserved 1056768K
  class space    used 557K, capacity 597K, committed 640K, reserved 1048576K
2024-07-16T11:01:37.647+0800: 2.528: [GC (Allocation Failure) 2024-07-16T11:01:37.647+0800: 2.528: [ParNew: 5246K->16K(6144K), 0.0012115 secs] 17711K->13505K(19840K), 0.0012809 secs] [Times: user=0.00 sys=0.00, real=0.00 secs] 
Heap after GC invocations=302 (full 39):
 par new generation   total 6144K, used 16K [0x00000000fec00000, 0x00000000ff2a0000, 0x00000000ff2a0000)
  eden space 5504K,   0% used [0x00000000fec00000, 0x00000000fec00000, 0x00000000ff160000)
  from space 640K,   2% used [0x00000000ff160000, 0x00000000ff164080, 0x00000000ff200000)
  to   space 640K,   0% used [0x00000000ff200000, 0x00000000ff200000, 0x00000000ff2a0000)
 concurrent mark-sweep generation total 13696K, used 13489K [0x00000000ff2a0000, 0x0000000100000000, 0x0000000100000000)
 Metaspace       used 5076K, capacity 5258K, committed 5504K, reserved 1056768K
  class space    used 557K, capacity 597K, committed 640K, reserved 1048576K
}
2024-07-16T11:01:37.648+0800: 2.529: [CMS-concurrent-abortable-preclean: 0.001/0.039 secs] [Times: user=0.00 sys=0.00, real=0.04 secs] 
2024-07-16T11:01:37.648+0800: 2.529: [GC (CMS Final Remark) [YG occupancy: 1149 K (6144 K)]2024-07-16T11:01:37.648+0800: 2.529: [Rescan (parallel) , 0.0003788 secs]2024-07-16T11:01:37.649+0800: 2.530: [weak refs processing, 0.0000191 secs]2024-07-16T11:01:37.649+0800: 2.530: [class unloading, 0.0005794 secs]2024-07-16T11:01:37.649+0800: 2.530: [scrub symbol table, 0.0006879 secs]2024-07-16T11:01:37.650+0800: 2.531: [scrub string table, 0.0002330 secs][1 CMS-remark: 13489K(13696K)] 14639K(19840K), 0.0019895 secs] [Times: user=0.00 sys=0.00, real=0.00 secs] 
2024-07-16T11:01:37.650+0800: 2.531: [CMS-concurrent-sweep-start]
2024-07-16T11:01:37.651+0800: 2.532: [CMS-concurrent-sweep: 0.001/0.001 secs] [Times: user=0.00 sys=0.00, real=0.00 secs] 
2024-07-16T11:01:37.651+0800: 2.532: [CMS-concurrent-reset-start]
2024-07-16T11:01:37.651+0800: 2.532: [CMS-concurrent-reset: 0.000/0.000 secs] [Times: user=0.00 sys=0.00, real=0.00 secs] 
{Heap before GC invocations=302 (full 39):
 par new generation   total 6144K, used 5246K [0x00000000fec00000, 0x00000000ff2a0000, 0x00000000ff2a0000)
  eden space 5504K,  95% used [0x00000000fec00000, 0x00000000ff11b780, 0x00000000ff160000)
  from space 640K,   2% used [0x00000000ff160000, 0x00000000ff164080, 0x00000000ff200000)
  to   space 640K,   0% used [0x00000000ff200000, 0x00000000ff200000, 0x00000000ff2a0000)
 concurrent mark-sweep generation total 13696K, used 4273K [0x00000000ff2a0000, 0x0000000100000000, 0x0000000100000000)
 Metaspace       used 5076K, capacity 5258K, committed 5504K, reserved 1056768K
  class space    used 557K, capacity 597K, committed 640K, reserved 1048576K
2024-07-16T11:01:37.655+0800: 2.536: [GC (Allocation Failure) 2024-07-16T11:01:37.655+0800: 2.536: [ParNew: 5246K->12K(6144K), 0.0010141 secs] 9519K->4285K(19840K), 0.0011876 secs] [Times: user=0.00 sys=0.00, real=0.00 secs] 
Heap after GC invocations=303 (full 39):
 par new generation   total 6144K, used 12K [0x00000000fec00000, 0x00000000ff2a0000, 0x00000000ff2a0000)
  eden space 5504K,   0% used [0x00000000fec00000, 0x00000000fec00000, 0x00000000ff160000)
  from space 640K,   1% used [0x00000000ff200000, 0x00000000ff203060, 0x00000000ff2a0000)
  to   space 640K,   0% used [0x00000000ff160000, 0x00000000ff160000, 0x00000000ff200000)
 concurrent mark-sweep generation total 13696K, used 4273K [0x00000000ff2a0000, 0x0000000100000000, 0x0000000100000000)
 Metaspace       used 5076K, capacity 5258K, committed 5504K, reserved 1056768K
  class space    used 557K, capacity 597K, committed 640K, reserved 1048576K
}
{Heap before GC invocations=303 (full 39):
 par new generation   total 6144K, used 5241K [0x00000000fec00000, 0x00000000ff2a0000, 0x00000000ff2a0000)
  eden space 5504K,  95% used [0x00000000fec00000, 0x00000000ff11b780, 0x00000000ff160000)
  from space 640K,   1% used [0x00000000ff200000, 0x00000000ff203060, 0x00000000ff2a0000)
  to   space 640K,   0% used [0x00000000ff160000, 0x00000000ff160000, 0x00000000ff200000)
 concurrent mark-sweep generation total 13696K, used 4273K [0x00000000ff2a0000, 0x0000000100000000, 0x0000000100000000)
 Metaspace       used 5076K, capacity 5258K, committed 5504K, reserved 1056768K
  class space    used 557K, capacity 597K, committed 640K, reserved 1048576K
2024-07-16T11:01:37.663+0800: 2.544: [GC (Allocation Failure) 2024-07-16T11:01:37.663+0800: 2.544: [ParNew: 5241K->16K(6144K), 0.0014107 secs] 9514K->5313K(19840K), 0.0015229 secs] [Times: user=0.00 sys=0.00, real=0.00 secs] 
Heap after GC invocations=304 (full 39):
 par new generation   total 6144K, used 16K [0x00000000fec00000, 0x00000000ff2a0000, 0x00000000ff2a0000)
  eden space 5504K,   0% used [0x00000000fec00000, 0x00000000fec00000, 0x00000000ff160000)
  from space 640K,   2% used [0x00000000ff160000, 0x00000000ff164080, 0x00000000ff200000)
  to   space 640K,   0% used [0x00000000ff200000, 0x00000000ff200000, 0x00000000ff2a0000)
 concurrent mark-sweep generation total 13696K, used 5297K [0x00000000ff2a0000, 0x0000000100000000, 0x0000000100000000)
 Metaspace       used 5076K, capacity 5258K, committed 5504K, reserved 1056768K
  class space    used 557K, capacity 597K, committed 640K, reserved 1048576K
}
{Heap before GC invocations=304 (full 39):
 par new generation   total 6144K, used 5246K [0x00000000fec00000, 0x00000000ff2a0000, 0x00000000ff2a0000)
  eden space 5504K,  95% used [0x00000000fec00000, 0x00000000ff11b780, 0x00000000ff160000)
  from space 640K,   2% used [0x00000000ff160000, 0x00000000ff164080, 0x00000000ff200000)
  to   space 640K,   0% used [0x00000000ff200000, 0x00000000ff200000, 0x00000000ff2a0000)
 concurrent mark-sweep generation total 13696K, used 5297K [0x00000000ff2a0000, 0x0000000100000000, 0x0000000100000000)
 Metaspace       used 5076K, capacity 5258K, committed 5504K, reserved 1056768K
  class space    used 557K, capacity 597K, committed 640K, reserved 1048576K
2024-07-16T11:01:37.672+0800: 2.553: [GC (Allocation Failure) 2024-07-16T11:01:37.672+0800: 2.553: [ParNew: 5246K->14K(6144K), 0.0015617 secs] 10543K->7361K(19840K), 0.0016649 secs] [Times: user=0.00 sys=0.00, real=0.00 secs] 
Heap after GC invocations=305 (full 39):
 par new generation   total 6144K, used 14K [0x00000000fec00000, 0x00000000ff2a0000, 0x00000000ff2a0000)
  eden space 5504K,   0% used [0x00000000fec00000, 0x00000000fec00000, 0x00000000ff160000)
  from space 640K,   2% used [0x00000000ff200000, 0x00000000ff203870, 0x00000000ff2a0000)
  to   space 640K,   0% used [0x00000000ff160000, 0x00000000ff160000, 0x00000000ff200000)
 concurrent mark-sweep generation total 13696K, used 7347K [0x00000000ff2a0000, 0x0000000100000000, 0x0000000100000000)
 Metaspace       used 5076K, capacity 5258K, committed 5504K, reserved 1056768K
  class space    used 557K, capacity 597K, committed 640K, reserved 1048576K
}
2024-07-16T11:01:37.674+0800: 2.555: [GC (CMS Initial Mark) [1 CMS-initial-mark: 7347K(13696K)] 8387K(19840K), 0.0004273 secs] [Times: user=0.00 sys=0.00, real=0.00 secs] 
2024-07-16T11:01:37.674+0800: 2.555: [CMS-concurrent-mark-start]
2024-07-16T11:01:37.680+0800: 2.561: [CMS-concurrent-mark: 0.006/0.006 secs] [Times: user=0.00 sys=0.00, real=0.01 secs] 
2024-07-16T11:01:37.680+0800: 2.561: [CMS-concurrent-preclean-start]
2024-07-16T11:01:37.680+0800: 2.561: [CMS-concurrent-preclean: 0.000/0.000 secs] [Times: user=0.00 sys=0.00, real=0.00 secs] 
2024-07-16T11:01:37.680+0800: 2.561: [CMS-concurrent-abortable-preclean-start]
{Heap before GC invocations=305 (full 40):
 par new generation   total 6144K, used 5243K [0x00000000fec00000, 0x00000000ff2a0000, 0x00000000ff2a0000)
  eden space 5504K,  95% used [0x00000000fec00000, 0x00000000ff11b780, 0x00000000ff160000)
  from space 640K,   2% used [0x00000000ff200000, 0x00000000ff203870, 0x00000000ff2a0000)
  to   space 640K,   0% used [0x00000000ff160000, 0x00000000ff160000, 0x00000000ff200000)
 concurrent mark-sweep generation total 13696K, used 7347K [0x00000000ff2a0000, 0x0000000100000000, 0x0000000100000000)
 Metaspace       used 5076K, capacity 5258K, committed 5504K, reserved 1056768K
  class space    used 557K, capacity 597K, committed 640K, reserved 1048576K
2024-07-16T11:01:37.682+0800: 2.563: [GC (Allocation Failure) 2024-07-16T11:01:37.682+0800: 2.563: [ParNew: 5243K->16K(6144K), 0.0008705 secs] 12591K->7363K(19840K), 0.0009359 secs] [Times: user=0.00 sys=0.00, real=0.00 secs] 
Heap after GC invocations=306 (full 40):
 par new generation   total 6144K, used 16K [0x00000000fec00000, 0x00000000ff2a0000, 0x00000000ff2a0000)
  eden space 5504K,   0% used [0x00000000fec00000, 0x00000000fec00000, 0x00000000ff160000)
  from space 640K,   2% used [0x00000000ff160000, 0x00000000ff164080, 0x00000000ff200000)
  to   space 640K,   0% used [0x00000000ff200000, 0x00000000ff200000, 0x00000000ff2a0000)
 concurrent mark-sweep generation total 13696K, used 7347K [0x00000000ff2a0000, 0x0000000100000000, 0x0000000100000000)
 Metaspace       used 5076K, capacity 5258K, committed 5504K, reserved 1056768K
  class space    used 557K, capacity 597K, committed 640K, reserved 1048576K
}
{Heap before GC invocations=306 (full 40):
 par new generation   total 6144K, used 5246K [0x00000000fec00000, 0x00000000ff2a0000, 0x00000000ff2a0000)
  eden space 5504K,  95% used [0x00000000fec00000, 0x00000000ff11b780, 0x00000000ff160000)
  from space 640K,   2% used [0x00000000ff160000, 0x00000000ff164080, 0x00000000ff200000)
  to   space 640K,   0% used [0x00000000ff200000, 0x00000000ff200000, 0x00000000ff2a0000)
 concurrent mark-sweep generation total 13696K, used 7347K [0x00000000ff2a0000, 0x0000000100000000, 0x0000000100000000)
 Metaspace       used 5076K, capacity 5258K, committed 5504K, reserved 1056768K
  class space    used 557K, capacity 597K, committed 640K, reserved 1048576K
2024-07-16T11:01:37.690+0800: 2.571: [GC (Allocation Failure) 2024-07-16T11:01:37.690+0800: 2.571: [ParNew: 5246K->8K(6144K), 0.0011846 secs] 12593K->8383K(19840K), 0.0012630 secs] [Times: user=0.00 sys=0.00, real=0.00 secs] 
Heap after GC invocations=307 (full 40):
 par new generation   total 6144K, used 8K [0x00000000fec00000, 0x00000000ff2a0000, 0x00000000ff2a0000)
  eden space 5504K,   0% used [0x00000000fec00000, 0x00000000fec00000, 0x00000000ff160000)
  from space 640K,   1% used [0x00000000ff200000, 0x00000000ff202040, 0x00000000ff2a0000)
  to   space 640K,   0% used [0x00000000ff160000, 0x00000000ff160000, 0x00000000ff200000)
 concurrent mark-sweep generation total 13696K, used 8375K [0x00000000ff2a0000, 0x0000000100000000, 0x0000000100000000)
 Metaspace       used 5076K, capacity 5258K, committed 5504K, reserved 1056768K
  class space    used 557K, capacity 597K, committed 640K, reserved 1048576K
}
{Heap before GC invocations=307 (full 40):
 par new generation   total 6144K, used 5237K [0x00000000fec00000, 0x00000000ff2a0000, 0x00000000ff2a0000)
  eden space 5504K,  95% used [0x00000000fec00000, 0x00000000ff11b798, 0x00000000ff160000)
  from space 640K,   1% used [0x00000000ff200000, 0x00000000ff202040, 0x00000000ff2a0000)
  to   space 640K,   0% used [0x00000000ff160000, 0x00000000ff160000, 0x00000000ff200000)
 concurrent mark-sweep generation total 13696K, used 8375K [0x00000000ff2a0000, 0x0000000100000000, 0x0000000100000000)
 Metaspace       used 5076K, capacity 5258K, committed 5504K, reserved 1056768K
  class space    used 557K, capacity 597K, committed 640K, reserved 1048576K
2024-07-16T11:01:37.698+0800: 2.579: [GC (Allocation Failure) 2024-07-16T11:01:37.698+0800: 2.579: [ParNew: 5237K->12K(6144K), 0.0011790 secs] 13613K->9411K(19840K), 0.0013082 secs] [Times: user=0.00 sys=0.00, real=0.00 secs] 
Heap after GC invocations=308 (full 40):
 par new generation   total 6144K, used 12K [0x00000000fec00000, 0x00000000ff2a0000, 0x00000000ff2a0000)
  eden space 5504K,   0% used [0x00000000fec00000, 0x00000000fec00000, 0x00000000ff160000)
  from space 640K,   1% used [0x00000000ff160000, 0x00000000ff163060, 0x00000000ff200000)
  to   space 640K,   0% used [0x00000000ff200000, 0x00000000ff200000, 0x00000000ff2a0000)
 concurrent mark-sweep generation total 13696K, used 9399K [0x00000000ff2a0000, 0x0000000100000000, 0x0000000100000000)
 Metaspace       used 5076K, capacity 5258K, committed 5504K, reserved 1056768K
  class space    used 557K, capacity 597K, committed 640K, reserved 1048576K
}
{Heap before GC invocations=308 (full 40):
 par new generation   total 6144K, used 5241K [0x00000000fec00000, 0x00000000ff2a0000, 0x00000000ff2a0000)
  eden space 5504K,  95% used [0x00000000fec00000, 0x00000000ff11b780, 0x00000000ff160000)
  from space 640K,   1% used [0x00000000ff160000, 0x00000000ff163060, 0x00000000ff200000)
  to   space 640K,   0% used [0x00000000ff200000, 0x00000000ff200000, 0x00000000ff2a0000)
 concurrent mark-sweep generation total 13696K, used 9399K [0x00000000ff2a0000, 0x0000000100000000, 0x0000000100000000)
 Metaspace       used 5076K, capacity 5258K, committed 5504K, reserved 1056768K
  class space    used 557K, capacity 597K, committed 640K, reserved 1048576K
2024-07-16T11:01:37.706+0800: 2.586: [GC (Allocation Failure) 2024-07-16T11:01:37.706+0800: 2.586: [ParNew: 5241K->14K(6144K), 0.0011198 secs] 14641K->9413K(19840K), 0.0012241 secs] [Times: user=0.00 sys=0.00, real=0.00 secs] 
Heap after GC invocations=309 (full 40):
 par new generation   total 6144K, used 14K [0x00000000fec00000, 0x00000000ff2a0000, 0x00000000ff2a0000)
  eden space 5504K,   0% used [0x00000000fec00000, 0x00000000fec00000, 0x00000000ff160000)
  from space 640K,   2% used [0x00000000ff200000, 0x00000000ff203870, 0x00000000ff2a0000)
  to   space 640K,   0% used [0x00000000ff160000, 0x00000000ff160000, 0x00000000ff200000)
 concurrent mark-sweep generation total 13696K, used 9399K [0x00000000ff2a0000, 0x0000000100000000, 0x0000000100000000)
 Metaspace       used 5076K, capacity 5258K, committed 5504K, reserved 1056768K
  class space    used 557K, capacity 597K, committed 640K, reserved 1048576K
}
{Heap before GC invocations=309 (full 40):
 par new generation   total 6144K, used 5243K [0x00000000fec00000, 0x00000000ff2a0000, 0x00000000ff2a0000)
  eden space 5504K,  95% used [0x00000000fec00000, 0x00000000ff11b780, 0x00000000ff160000)
  from space 640K,   2% used [0x00000000ff200000, 0x00000000ff203870, 0x00000000ff2a0000)
  to   space 640K,   0% used [0x00000000ff160000, 0x00000000ff160000, 0x00000000ff200000)
 concurrent mark-sweep generation total 13696K, used 9399K [0x00000000ff2a0000, 0x0000000100000000, 0x0000000100000000)
 Metaspace       used 5076K, capacity 5258K, committed 5504K, reserved 1056768K
  class space    used 557K, capacity 597K, committed 640K, reserved 1048576K
2024-07-16T11:01:37.715+0800: 2.595: [GC (Allocation Failure) 2024-07-16T11:01:37.715+0800: 2.595: [ParNew: 5243K->16K(6144K), 0.0004567 secs] 14643K->9415K(19840K), 0.0005096 secs] [Times: user=0.00 sys=0.00, real=0.00 secs] 
Heap after GC invocations=310 (full 40):
 par new generation   total 6144K, used 16K [0x00000000fec00000, 0x00000000ff2a0000, 0x00000000ff2a0000)
  eden space 5504K,   0% used [0x00000000fec00000, 0x00000000fec00000, 0x00000000ff160000)
  from space 640K,   2% used [0x00000000ff160000, 0x00000000ff164080, 0x00000000ff200000)
  to   space 640K,   0% used [0x00000000ff200000, 0x00000000ff200000, 0x00000000ff2a0000)
 concurrent mark-sweep generation total 13696K, used 9399K [0x00000000ff2a0000, 0x0000000100000000, 0x0000000100000000)
 Metaspace       used 5076K, capacity 5258K, committed 5504K, reserved 1056768K
  class space    used 557K, capacity 597K, committed 640K, reserved 1048576K
}
{Heap before GC invocations=310 (full 40):
 par new generation   total 6144K, used 5246K [0x00000000fec00000, 0x00000000ff2a0000, 0x00000000ff2a0000)
  eden space 5504K,  95% used [0x00000000fec00000, 0x00000000ff11b780, 0x00000000ff160000)
  from space 640K,   2% used [0x00000000ff160000, 0x00000000ff164080, 0x00000000ff200000)
  to   space 640K,   0% used [0x00000000ff200000, 0x00000000ff200000, 0x00000000ff2a0000)
 concurrent mark-sweep generation total 13696K, used 9399K [0x00000000ff2a0000, 0x0000000100000000, 0x0000000100000000)
 Metaspace       used 5076K, capacity 5258K, committed 5504K, reserved 1056768K
  class space    used 557K, capacity 597K, committed 640K, reserved 1048576K
2024-07-16T11:01:37.722+0800: 2.602: [GC (Allocation Failure) 2024-07-16T11:01:37.722+0800: 2.602: [ParNew: 5246K->18K(6144K), 0.0004896 secs] 14645K->10441K(19840K), 0.0005338 secs] [Times: user=0.00 sys=0.00, real=0.00 secs] 
Heap after GC invocations=311 (full 40):
 par new generation   total 6144K, used 18K [0x00000000fec00000, 0x00000000ff2a0000, 0x00000000ff2a0000)
  eden space 5504K,   0% used [0x00000000fec00000, 0x00000000fec00000, 0x00000000ff160000)
  from space 640K,   2% used [0x00000000ff200000, 0x00000000ff204890, 0x00000000ff2a0000)
  to   space 640K,   0% used [0x00000000ff160000, 0x00000000ff160000, 0x00000000ff200000)
 concurrent mark-sweep generation total 13696K, used 10423K [0x00000000ff2a0000, 0x0000000100000000, 0x0000000100000000)
 Metaspace       used 5076K, capacity 5258K, committed 5504K, reserved 1056768K
  class space    used 557K, capacity 597K, committed 640K, reserved 1048576K
}
{Heap before GC invocations=311 (full 40):
 par new generation   total 6144K, used 5248K [0x00000000fec00000, 0x00000000ff2a0000, 0x00000000ff2a0000)
  eden space 5504K,  95% used [0x00000000fec00000, 0x00000000ff11b780, 0x00000000ff160000)
  from space 640K,   2% used [0x00000000ff200000, 0x00000000ff204890, 0x00000000ff2a0000)
  to   space 640K,   0% used [0x00000000ff160000, 0x00000000ff160000, 0x00000000ff200000)
 concurrent mark-sweep generation total 13696K, used 10423K [0x00000000ff2a0000, 0x0000000100000000, 0x0000000100000000)
 Metaspace       used 5076K, capacity 5258K, committed 5504K, reserved 1056768K
  class space    used 557K, capacity 597K, committed 640K, reserved 1048576K
2024-07-16T11:01:37.729+0800: 2.609: [GC (Allocation Failure) 2024-07-16T11:01:37.729+0800: 2.609: [ParNew: 5248K->16K(6144K), 0.0002919 secs] 15671K->10439K(19840K), 0.0003280 secs] [Times: user=0.00 sys=0.00, real=0.00 secs] 
Heap after GC invocations=312 (full 40):
 par new generation   total 6144K, used 16K [0x00000000fec00000, 0x00000000ff2a0000, 0x00000000ff2a0000)
  eden space 5504K,   0% used [0x00000000fec00000, 0x00000000fec00000, 0x00000000ff160000)
  from space 640K,   2% used [0x00000000ff160000, 0x00000000ff164080, 0x00000000ff200000)
  to   space 640K,   0% used [0x00000000ff200000, 0x00000000ff200000, 0x00000000ff2a0000)
 concurrent mark-sweep generation total 13696K, used 10423K [0x00000000ff2a0000, 0x0000000100000000, 0x0000000100000000)
 Metaspace       used 5076K, capacity 5258K, committed 5504K, reserved 1056768K
  class space    used 557K, capacity 597K, committed 640K, reserved 1048576K
}
{Heap before GC invocations=312 (full 40):
 par new generation   total 6144K, used 5246K [0x00000000fec00000, 0x00000000ff2a0000, 0x00000000ff2a0000)
  eden space 5504K,  95% used [0x00000000fec00000, 0x00000000ff11b780, 0x00000000ff160000)
  from space 640K,   2% used [0x00000000ff160000, 0x00000000ff164080, 0x00000000ff200000)
  to   space 640K,   0% used [0x00000000ff200000, 0x00000000ff200000, 0x00000000ff2a0000)
 concurrent mark-sweep generation total 13696K, used 10423K [0x00000000ff2a0000, 0x0000000100000000, 0x0000000100000000)
 Metaspace       used 5076K, capacity 5258K, committed 5504K, reserved 1056768K
  class space    used 557K, capacity 597K, committed 640K, reserved 1048576K
2024-07-16T11:01:37.736+0800: 2.616: [GC (Allocation Failure) 2024-07-16T11:01:37.736+0800: 2.616: [ParNew: 5246K->14K(6144K), 0.0003320 secs] 15669K->10437K(19840K), 0.0003635 secs] [Times: user=0.00 sys=0.00, real=0.00 secs] 
Heap after GC invocations=313 (full 40):
 par new generation   total 6144K, used 14K [0x00000000fec00000, 0x00000000ff2a0000, 0x00000000ff2a0000)
  eden space 5504K,   0% used [0x00000000fec00000, 0x00000000fec00000, 0x00000000ff160000)
  from space 640K,   2% used [0x00000000ff200000, 0x00000000ff203870, 0x00000000ff2a0000)
  to   space 640K,   0% used [0x00000000ff160000, 0x00000000ff160000, 0x00000000ff200000)
 concurrent mark-sweep generation total 13696K, used 10423K [0x00000000ff2a0000, 0x0000000100000000, 0x0000000100000000)
 Metaspace       used 5076K, capacity 5258K, committed 5504K, reserved 1056768K
  class space    used 557K, capacity 597K, committed 640K, reserved 1048576K
}
{Heap before GC invocations=313 (full 40):
 par new generation   total 6144K, used 5243K [0x00000000fec00000, 0x00000000ff2a0000, 0x00000000ff2a0000)
  eden space 5504K,  95% used [0x00000000fec00000, 0x00000000ff11b780, 0x00000000ff160000)
  from space 640K,   2% used [0x00000000ff200000, 0x00000000ff203870, 0x00000000ff2a0000)
  to   space 640K,   0% used [0x00000000ff160000, 0x00000000ff160000, 0x00000000ff200000)
 concurrent mark-sweep generation total 13696K, used 10423K [0x00000000ff2a0000, 0x0000000100000000, 0x0000000100000000)
 Metaspace       used 5076K, capacity 5258K, committed 5504K, reserved 1056768K
  class space    used 557K, capacity 597K, committed 640K, reserved 1048576K
2024-07-16T11:01:37.743+0800: 2.623: [GC (Allocation Failure) 2024-07-16T11:01:37.743+0800: 2.623: [ParNew: 5243K->4K(6144K), 0.0002702 secs] 15667K->10428K(19840K), 0.0002969 secs] [Times: user=0.00 sys=0.00, real=0.00 secs] 
Heap after GC invocations=314 (full 40):
 par new generation   total 6144K, used 4K [0x00000000fec00000, 0x00000000ff2a0000, 0x00000000ff2a0000)
  eden space 5504K,   0% used [0x00000000fec00000, 0x00000000fec00000, 0x00000000ff160000)
  from space 640K,   0% used [0x00000000ff160000, 0x00000000ff161020, 0x00000000ff200000)
  to   space 640K,   0% used [0x00000000ff200000, 0x00000000ff200000, 0x00000000ff2a0000)
 concurrent mark-sweep generation total 13696K, used 10424K [0x00000000ff2a0000, 0x0000000100000000, 0x0000000100000000)
 Metaspace       used 5076K, capacity 5258K, committed 5504K, reserved 1056768K
  class space    used 557K, capacity 597K, committed 640K, reserved 1048576K
}
{Heap before GC invocations=314 (full 40):
 par new generation   total 6144K, used 5233K [0x00000000fec00000, 0x00000000ff2a0000, 0x00000000ff2a0000)
  eden space 5504K,  95% used [0x00000000fec00000, 0x00000000ff11b780, 0x00000000ff160000)
  from space 640K,   0% used [0x00000000ff160000, 0x00000000ff161020, 0x00000000ff200000)
  to   space 640K,   0% used [0x00000000ff200000, 0x00000000ff200000, 0x00000000ff2a0000)
 concurrent mark-sweep generation total 13696K, used 10424K [0x00000000ff2a0000, 0x0000000100000000, 0x0000000100000000)
 Metaspace       used 5076K, capacity 5258K, committed 5504K, reserved 1056768K
  class space    used 557K, capacity 597K, committed 640K, reserved 1048576K
2024-07-16T11:01:37.750+0800: 2.630: [GC (Allocation Failure) 2024-07-16T11:01:37.750+0800: 2.630: [ParNew: 5233K->6K(6144K), 0.0005813 secs] 15658K->11454K(19840K), 0.0006369 secs] [Times: user=0.00 sys=0.00, real=0.00 secs] 
Heap after GC invocations=315 (full 40):
 par new generation   total 6144K, used 6K [0x00000000fec00000, 0x00000000ff2a0000, 0x00000000ff2a0000)
  eden space 5504K,   0% used [0x00000000fec00000, 0x00000000fec00000, 0x00000000ff160000)
  from space 640K,   0% used [0x00000000ff200000, 0x00000000ff201830, 0x00000000ff2a0000)
  to   space 640K,   0% used [0x00000000ff160000, 0x00000000ff160000, 0x00000000ff200000)
 concurrent mark-sweep generation total 13696K, used 11448K [0x00000000ff2a0000, 0x0000000100000000, 0x0000000100000000)
 Metaspace       used 5076K, capacity 5258K, committed 5504K, reserved 1056768K
  class space    used 557K, capacity 597K, committed 640K, reserved 1048576K
}
{Heap before GC invocations=315 (full 40):
 par new generation   total 6144K, used 5235K [0x00000000fec00000, 0x00000000ff2a0000, 0x00000000ff2a0000)
  eden space 5504K,  95% used [0x00000000fec00000, 0x00000000ff11b780, 0x00000000ff160000)
  from space 640K,   0% used [0x00000000ff200000, 0x00000000ff201830, 0x00000000ff2a0000)
  to   space 640K,   0% used [0x00000000ff160000, 0x00000000ff160000, 0x00000000ff200000)
 concurrent mark-sweep generation total 13696K, used 11448K [0x00000000ff2a0000, 0x0000000100000000, 0x0000000100000000)
 Metaspace       used 5076K, capacity 5258K, committed 5504K, reserved 1056768K
  class space    used 557K, capacity 597K, committed 640K, reserved 1048576K
2024-07-16T11:01:37.757+0800: 2.637: [GC (Allocation Failure) 2024-07-16T11:01:37.757+0800: 2.637: [ParNew: 5235K->8K(6144K), 0.0003438 secs] 16684K->12480K(19840K), 0.0003676 secs] [Times: user=0.00 sys=0.00, real=0.00 secs] 
Heap after GC invocations=316 (full 40):
 par new generation   total 6144K, used 8K [0x00000000fec00000, 0x00000000ff2a0000, 0x00000000ff2a0000)
  eden space 5504K,   0% used [0x00000000fec00000, 0x00000000fec00000, 0x00000000ff160000)
  from space 640K,   1% used [0x00000000ff160000, 0x00000000ff162040, 0x00000000ff200000)
  to   space 640K,   0% used [0x00000000ff200000, 0x00000000ff200000, 0x00000000ff2a0000)
 concurrent mark-sweep generation total 13696K, used 12472K [0x00000000ff2a0000, 0x0000000100000000, 0x0000000100000000)
 Metaspace       used 5076K, capacity 5258K, committed 5504K, reserved 1056768K
  class space    used 557K, capacity 597K, committed 640K, reserved 1048576K
}
{Heap before GC invocations=316 (full 40):
 par new generation   total 6144K, used 5237K [0x00000000fec00000, 0x00000000ff2a0000, 0x00000000ff2a0000)
  eden space 5504K,  95% used [0x00000000fec00000, 0x00000000ff11b780, 0x00000000ff160000)
  from space 640K,   1% used [0x00000000ff160000, 0x00000000ff162040, 0x00000000ff200000)
  to   space 640K,   0% used [0x00000000ff200000, 0x00000000ff200000, 0x00000000ff2a0000)
 concurrent mark-sweep generation total 13696K, used 12472K [0x00000000ff2a0000, 0x0000000100000000, 0x0000000100000000)
 Metaspace       used 5076K, capacity 5258K, committed 5504K, reserved 1056768K
  class space    used 557K, capacity 597K, committed 640K, reserved 1048576K
2024-07-16T11:01:37.763+0800: 2.643: [GC (Allocation Failure) 2024-07-16T11:01:37.763+0800: 2.643: [ParNew: 5237K->5237K(6144K), 0.0000097 secs]2024-07-16T11:01:37.763+0800: 2.643: [CMS2024-07-16T11:01:37.763+0800: 2.643: [CMS-concurrent-abortable-preclean: 0.001/0.082 secs] [Times: user=0.00 sys=0.00, real=0.08 secs] 
 (concurrent mode failure): 12472K->2211K(13696K), 0.0026393 secs] 17710K->2211K(19840K), [Metaspace: 5076K->5076K(1056768K)], 0.0026904 secs] [Times: user=0.00 sys=0.00, real=0.00 secs] 
Heap after GC invocations=317 (full 41):
 par new generation   total 6144K, used 0K [0x00000000fec00000, 0x00000000ff2a0000, 0x00000000ff2a0000)
  eden space 5504K,   0% used [0x00000000fec00000, 0x00000000fec00000, 0x00000000ff160000)
  from space 640K,   0% used [0x00000000ff160000, 0x00000000ff160000, 0x00000000ff200000)
  to   space 640K,   0% used [0x00000000ff200000, 0x00000000ff200000, 0x00000000ff2a0000)
 concurrent mark-sweep generation total 13696K, used 2211K [0x00000000ff2a0000, 0x0000000100000000, 0x0000000100000000)
 Metaspace       used 5076K, capacity 5258K, committed 5504K, reserved 1056768K
  class space    used 557K, capacity 597K, committed 640K, reserved 1048576K
}
{Heap before GC invocations=317 (full 41):
 par new generation   total 6144K, used 5229K [0x00000000fec00000, 0x00000000ff2a0000, 0x00000000ff2a0000)
  eden space 5504K,  95% used [0x00000000fec00000, 0x00000000ff11b780, 0x00000000ff160000)
  from space 640K,   0% used [0x00000000ff160000, 0x00000000ff160000, 0x00000000ff200000)
  to   space 640K,   0% used [0x00000000ff200000, 0x00000000ff200000, 0x00000000ff2a0000)
 concurrent mark-sweep generation total 13696K, used 2211K [0x00000000ff2a0000, 0x0000000100000000, 0x0000000100000000)
 Metaspace       used 5076K, capacity 5258K, committed 5504K, reserved 1056768K
  class space    used 557K, capacity 597K, committed 640K, reserved 1048576K
2024-07-16T11:01:37.772+0800: 2.652: [GC (Allocation Failure) 2024-07-16T11:01:37.772+0800: 2.652: [ParNew: 5229K->4K(6144K), 0.0004991 secs] 7441K->2215K(19840K), 0.0005467 secs] [Times: user=0.00 sys=0.00, real=0.00 secs] 
Heap after GC invocations=318 (full 41):
 par new generation   total 6144K, used 4K [0x00000000fec00000, 0x00000000ff2a0000, 0x00000000ff2a0000)
  eden space 5504K,   0% used [0x00000000fec00000, 0x00000000fec00000, 0x00000000ff160000)
  from space 640K,   0% used [0x00000000ff200000, 0x00000000ff201020, 0x00000000ff2a0000)
  to   space 640K,   0% used [0x00000000ff160000, 0x00000000ff160000, 0x00000000ff200000)
 concurrent mark-sweep generation total 13696K, used 2211K [0x00000000ff2a0000, 0x0000000100000000, 0x0000000100000000)
 Metaspace       used 5076K, capacity 5258K, committed 5504K, reserved 1056768K
  class space    used 557K, capacity 597K, committed 640K, reserved 1048576K
}
{Heap before GC invocations=318 (full 41):
 par new generation   total 6144K, used 5233K [0x00000000fec00000, 0x00000000ff2a0000, 0x00000000ff2a0000)
  eden space 5504K,  95% used [0x00000000fec00000, 0x00000000ff11b780, 0x00000000ff160000)
  from space 640K,   0% used [0x00000000ff200000, 0x00000000ff201020, 0x00000000ff2a0000)
  to   space 640K,   0% used [0x00000000ff160000, 0x00000000ff160000, 0x00000000ff200000)
 concurrent mark-sweep generation total 13696K, used 2211K [0x00000000ff2a0000, 0x0000000100000000, 0x0000000100000000)
 Metaspace       used 5076K, capacity 5258K, committed 5504K, reserved 1056768K
  class space    used 557K, capacity 597K, committed 640K, reserved 1048576K
2024-07-16T11:01:37.779+0800: 2.659: [GC (Allocation Failure) 2024-07-16T11:01:37.779+0800: 2.659: [ParNew: 5233K->6K(6144K), 0.0010450 secs] 7445K->3243K(19840K), 0.0011302 secs] [Times: user=0.00 sys=0.00, real=0.00 secs] 
Heap after GC invocations=319 (full 41):
 par new generation   total 6144K, used 6K [0x00000000fec00000, 0x00000000ff2a0000, 0x00000000ff2a0000)
  eden space 5504K,   0% used [0x00000000fec00000, 0x00000000fec00000, 0x00000000ff160000)
  from space 640K,   0% used [0x00000000ff160000, 0x00000000ff161830, 0x00000000ff200000)
  to   space 640K,   0% used [0x00000000ff200000, 0x00000000ff200000, 0x00000000ff2a0000)
 concurrent mark-sweep generation total 13696K, used 3237K [0x00000000ff2a0000, 0x0000000100000000, 0x0000000100000000)
 Metaspace       used 5076K, capacity 5258K, committed 5504K, reserved 1056768K
  class space    used 557K, capacity 597K, committed 640K, reserved 1048576K
}
{Heap before GC invocations=319 (full 41):
 par new generation   total 6144K, used 5235K [0x00000000fec00000, 0x00000000ff2a0000, 0x00000000ff2a0000)
  eden space 5504K,  95% used [0x00000000fec00000, 0x00000000ff11b780, 0x00000000ff160000)
  from space 640K,   0% used [0x00000000ff160000, 0x00000000ff161830, 0x00000000ff200000)
  to   space 640K,   0% used [0x00000000ff200000, 0x00000000ff200000, 0x00000000ff2a0000)
 concurrent mark-sweep generation total 13696K, used 3237K [0x00000000ff2a0000, 0x0000000100000000, 0x0000000100000000)
 Metaspace       used 5076K, capacity 5258K, committed 5504K, reserved 1056768K
  class space    used 557K, capacity 597K, committed 640K, reserved 1048576K
2024-07-16T11:01:37.787+0800: 2.667: [GC (Allocation Failure) 2024-07-16T11:01:37.787+0800: 2.667: [ParNew: 5235K->4K(6144K), 0.0006053 secs] 8473K->3241K(19840K), 0.0006562 secs] [Times: user=0.00 sys=0.00, real=0.00 secs] 
Heap after GC invocations=320 (full 41):
 par new generation   total 6144K, used 4K [0x00000000fec00000, 0x00000000ff2a0000, 0x00000000ff2a0000)
  eden space 5504K,   0% used [0x00000000fec00000, 0x00000000fec00000, 0x00000000ff160000)
  from space 640K,   0% used [0x00000000ff200000, 0x00000000ff201020, 0x00000000ff2a0000)
  to   space 640K,   0% used [0x00000000ff160000, 0x00000000ff160000, 0x00000000ff200000)
 concurrent mark-sweep generation total 13696K, used 3237K [0x00000000ff2a0000, 0x0000000100000000, 0x0000000100000000)
 Metaspace       used 5076K, capacity 5258K, committed 5504K, reserved 1056768K
  class space    used 557K, capacity 597K, committed 640K, reserved 1048576K
}
{Heap before GC invocations=320 (full 41):
 par new generation   total 6144K, used 5233K [0x00000000fec00000, 0x00000000ff2a0000, 0x00000000ff2a0000)
  eden space 5504K,  95% used [0x00000000fec00000, 0x00000000ff11b780, 0x00000000ff160000)
  from space 640K,   0% used [0x00000000ff200000, 0x00000000ff201020, 0x00000000ff2a0000)
  to   space 640K,   0% used [0x00000000ff160000, 0x00000000ff160000, 0x00000000ff200000)
 concurrent mark-sweep generation total 13696K, used 3237K [0x00000000ff2a0000, 0x0000000100000000, 0x0000000100000000)
 Metaspace       used 5076K, capacity 5258K, committed 5504K, reserved 1056768K
  class space    used 557K, capacity 597K, committed 640K, reserved 1048576K
2024-07-16T11:01:37.795+0800: 2.675: [GC (Allocation Failure) 2024-07-16T11:01:37.795+0800: 2.675: [ParNew: 5233K->4K(6144K), 0.0008801 secs] 8471K->3241K(19840K), 0.0010397 secs] [Times: user=0.00 sys=0.00, real=0.00 secs] 
Heap after GC invocations=321 (full 41):
 par new generation   total 6144K, used 4K [0x00000000fec00000, 0x00000000ff2a0000, 0x00000000ff2a0000)
  eden space 5504K,   0% used [0x00000000fec00000, 0x00000000fec00000, 0x00000000ff160000)
  from space 640K,   0% used [0x00000000ff160000, 0x00000000ff161020, 0x00000000ff200000)
  to   space 640K,   0% used [0x00000000ff200000, 0x00000000ff200000, 0x00000000ff2a0000)
 concurrent mark-sweep generation total 13696K, used 3237K [0x00000000ff2a0000, 0x0000000100000000, 0x0000000100000000)
 Metaspace       used 5076K, capacity 5258K, committed 5504K, reserved 1056768K
  class space    used 557K, capacity 597K, committed 640K, reserved 1048576K
}
{Heap before GC invocations=321 (full 41):
 par new generation   total 6144K, used 5233K [0x00000000fec00000, 0x00000000ff2a0000, 0x00000000ff2a0000)
  eden space 5504K,  95% used [0x00000000fec00000, 0x00000000ff11b780, 0x00000000ff160000)
  from space 640K,   0% used [0x00000000ff160000, 0x00000000ff161020, 0x00000000ff200000)
  to   space 640K,   0% used [0x00000000ff200000, 0x00000000ff200000, 0x00000000ff2a0000)
 concurrent mark-sweep generation total 13696K, used 3237K [0x00000000ff2a0000, 0x0000000100000000, 0x0000000100000000)
 Metaspace       used 5076K, capacity 5258K, committed 5504K, reserved 1056768K
  class space    used 557K, capacity 597K, committed 640K, reserved 1048576K
2024-07-16T11:01:37.803+0800: 2.683: [GC (Allocation Failure) 2024-07-16T11:01:37.803+0800: 2.683: [ParNew: 5233K->8K(6144K), 0.0014542 secs] 8471K->4271K(19840K), 0.0015666 secs] [Times: user=0.00 sys=0.00, real=0.00 secs] 
Heap after GC invocations=322 (full 41):
 par new generation   total 6144K, used 8K [0x00000000fec00000, 0x00000000ff2a0000, 0x00000000ff2a0000)
  eden space 5504K,   0% used [0x00000000fec00000, 0x00000000fec00000, 0x00000000ff160000)
  from space 640K,   1% used [0x00000000ff200000, 0x00000000ff202040, 0x00000000ff2a0000)
  to   space 640K,   0% used [0x00000000ff160000, 0x00000000ff160000, 0x00000000ff200000)
 concurrent mark-sweep generation total 13696K, used 4263K [0x00000000ff2a0000, 0x0000000100000000, 0x0000000100000000)
 Metaspace       used 5076K, capacity 5258K, committed 5504K, reserved 1056768K
  class space    used 557K, capacity 597K, committed 640K, reserved 1048576K
}
{Heap before GC invocations=322 (full 41):
 par new generation   total 6144K, used 5237K [0x00000000fec00000, 0x00000000ff2a0000, 0x00000000ff2a0000)
  eden space 5504K,  95% used [0x00000000fec00000, 0x00000000ff11b780, 0x00000000ff160000)
  from space 640K,   1% used [0x00000000ff200000, 0x00000000ff202040, 0x00000000ff2a0000)
  to   space 640K,   0% used [0x00000000ff160000, 0x00000000ff160000, 0x00000000ff200000)
 concurrent mark-sweep generation total 13696K, used 4263K [0x00000000ff2a0000, 0x0000000100000000, 0x0000000100000000)
 Metaspace       used 5076K, capacity 5258K, committed 5504K, reserved 1056768K
  class space    used 557K, capacity 597K, committed 640K, reserved 1048576K
2024-07-16T11:01:37.811+0800: 2.691: [GC (Allocation Failure) 2024-07-16T11:01:37.811+0800: 2.691: [ParNew: 5237K->4K(6144K), 0.0012237 secs] 9501K->4267K(19840K), 0.0013363 secs] [Times: user=0.00 sys=0.00, real=0.00 secs] 
Heap after GC invocations=323 (full 41):
 par new generation   total 6144K, used 4K [0x00000000fec00000, 0x00000000ff2a0000, 0x00000000ff2a0000)
  eden space 5504K,   0% used [0x00000000fec00000, 0x00000000fec00000, 0x00000000ff160000)
  from space 640K,   0% used [0x00000000ff160000, 0x00000000ff161020, 0x00000000ff200000)
  to   space 640K,   0% used [0x00000000ff200000, 0x00000000ff200000, 0x00000000ff2a0000)
 concurrent mark-sweep generation total 13696K, used 4263K [0x00000000ff2a0000, 0x0000000100000000, 0x0000000100000000)
 Metaspace       used 5076K, capacity 5258K, committed 5504K, reserved 1056768K
  class space    used 557K, capacity 597K, committed 640K, reserved 1048576K
}
{Heap before GC invocations=323 (full 41):
 par new generation   total 6144K, used 5233K [0x00000000fec00000, 0x00000000ff2a0000, 0x00000000ff2a0000)
  eden space 5504K,  95% used [0x00000000fec00000, 0x00000000ff11b780, 0x00000000ff160000)
  from space 640K,   0% used [0x00000000ff160000, 0x00000000ff161020, 0x00000000ff200000)
  to   space 640K,   0% used [0x00000000ff200000, 0x00000000ff200000, 0x00000000ff2a0000)
 concurrent mark-sweep generation total 13696K, used 4263K [0x00000000ff2a0000, 0x0000000100000000, 0x0000000100000000)
 Metaspace       used 5076K, capacity 5258K, committed 5504K, reserved 1056768K
  class space    used 557K, capacity 597K, committed 640K, reserved 1048576K
2024-07-16T11:01:37.819+0800: 2.699: [GC (Allocation Failure) 2024-07-16T11:01:37.819+0800: 2.699: [ParNew: 5233K->6K(6144K), 0.0013128 secs] 9497K->5293K(19840K), 0.0014076 secs] [Times: user=0.00 sys=0.00, real=0.00 secs] 
Heap after GC invocations=324 (full 41):
 par new generation   total 6144K, used 6K [0x00000000fec00000, 0x00000000ff2a0000, 0x00000000ff2a0000)
  eden space 5504K,   0% used [0x00000000fec00000, 0x00000000fec00000, 0x00000000ff160000)
  from space 640K,   0% used [0x00000000ff200000, 0x00000000ff201830, 0x00000000ff2a0000)
  to   space 640K,   0% used [0x00000000ff160000, 0x00000000ff160000, 0x00000000ff200000)
 concurrent mark-sweep generation total 13696K, used 5287K [0x00000000ff2a0000, 0x0000000100000000, 0x0000000100000000)
 Metaspace       used 5076K, capacity 5258K, committed 5504K, reserved 1056768K
  class space    used 557K, capacity 597K, committed 640K, reserved 1048576K
}
{Heap before GC invocations=324 (full 41):
 par new generation   total 6144K, used 5235K [0x00000000fec00000, 0x00000000ff2a0000, 0x00000000ff2a0000)
  eden space 5504K,  95% used [0x00000000fec00000, 0x00000000ff11b780, 0x00000000ff160000)
  from space 640K,   0% used [0x00000000ff200000, 0x00000000ff201830, 0x00000000ff2a0000)
  to   space 640K,   0% used [0x00000000ff160000, 0x00000000ff160000, 0x00000000ff200000)
 concurrent mark-sweep generation total 13696K, used 5287K [0x00000000ff2a0000, 0x0000000100000000, 0x0000000100000000)
 Metaspace       used 5076K, capacity 5258K, committed 5504K, reserved 1056768K
  class space    used 557K, capacity 597K, committed 640K, reserved 1048576K
2024-07-16T11:01:37.828+0800: 2.708: [GC (Allocation Failure) 2024-07-16T11:01:37.828+0800: 2.708: [ParNew: 5235K->4K(6144K), 0.0011231 secs] 10523K->5291K(19840K), 0.0012455 secs] [Times: user=0.00 sys=0.00, real=0.00 secs] 
Heap after GC invocations=325 (full 41):
 par new generation   total 6144K, used 4K [0x00000000fec00000, 0x00000000ff2a0000, 0x00000000ff2a0000)
  eden space 5504K,   0% used [0x00000000fec00000, 0x00000000fec00000, 0x00000000ff160000)
  from space 640K,   0% used [0x00000000ff160000, 0x00000000ff161020, 0x00000000ff200000)
  to   space 640K,   0% used [0x00000000ff200000, 0x00000000ff200000, 0x00000000ff2a0000)
 concurrent mark-sweep generation total 13696K, used 5287K [0x00000000ff2a0000, 0x0000000100000000, 0x0000000100000000)
 Metaspace       used 5076K, capacity 5258K, committed 5504K, reserved 1056768K
  class space    used 557K, capacity 597K, committed 640K, reserved 1048576K
}
{Heap before GC invocations=325 (full 41):
 par new generation   total 6144K, used 5233K [0x00000000fec00000, 0x00000000ff2a0000, 0x00000000ff2a0000)
  eden space 5504K,  95% used [0x00000000fec00000, 0x00000000ff11b780, 0x00000000ff160000)
  from space 640K,   0% used [0x00000000ff160000, 0x00000000ff161020, 0x00000000ff200000)
  to   space 640K,   0% used [0x00000000ff200000, 0x00000000ff200000, 0x00000000ff2a0000)
 concurrent mark-sweep generation total 13696K, used 5287K [0x00000000ff2a0000, 0x0000000100000000, 0x0000000100000000)
 Metaspace       used 5076K, capacity 5258K, committed 5504K, reserved 1056768K
  class space    used 557K, capacity 597K, committed 640K, reserved 1048576K
2024-07-16T11:01:37.837+0800: 2.717: [GC (Allocation Failure) 2024-07-16T11:01:37.837+0800: 2.717: [ParNew: 5233K->4K(6144K), 0.0013097 secs] 10521K->5291K(19840K), 0.0014093 secs] [Times: user=0.00 sys=0.00, real=0.00 secs] 
Heap after GC invocations=326 (full 41):
 par new generation   total 6144K, used 4K [0x00000000fec00000, 0x00000000ff2a0000, 0x00000000ff2a0000)
  eden space 5504K,   0% used [0x00000000fec00000, 0x00000000fec00000, 0x00000000ff160000)
  from space 640K,   0% used [0x00000000ff200000, 0x00000000ff201020, 0x00000000ff2a0000)
  to   space 640K,   0% used [0x00000000ff160000, 0x00000000ff160000, 0x00000000ff200000)
 concurrent mark-sweep generation total 13696K, used 5287K [0x00000000ff2a0000, 0x0000000100000000, 0x0000000100000000)
 Metaspace       used 5076K, capacity 5258K, committed 5504K, reserved 1056768K
  class space    used 557K, capacity 597K, committed 640K, reserved 1048576K
}
{Heap before GC invocations=326 (full 41):
 par new generation   total 6144K, used 5233K [0x00000000fec00000, 0x00000000ff2a0000, 0x00000000ff2a0000)
  eden space 5504K,  95% used [0x00000000fec00000, 0x00000000ff11b780, 0x00000000ff160000)
  from space 640K,   0% used [0x00000000ff200000, 0x00000000ff201020, 0x00000000ff2a0000)
  to   space 640K,   0% used [0x00000000ff160000, 0x00000000ff160000, 0x00000000ff200000)
 concurrent mark-sweep generation total 13696K, used 5287K [0x00000000ff2a0000, 0x0000000100000000, 0x0000000100000000)
 Metaspace       used 5076K, capacity 5258K, committed 5504K, reserved 1056768K
  class space    used 557K, capacity 597K, committed 640K, reserved 1048576K
2024-07-16T11:01:37.845+0800: 2.725: [GC (Allocation Failure) 2024-07-16T11:01:37.845+0800: 2.725: [ParNew: 5233K->6K(6144K), 0.0014405 secs] 10521K->6320K(19840K), 0.0015287 secs] [Times: user=0.16 sys=0.00, real=0.00 secs] 
Heap after GC invocations=327 (full 41):
 par new generation   total 6144K, used 6K [0x00000000fec00000, 0x00000000ff2a0000, 0x00000000ff2a0000)
  eden space 5504K,   0% used [0x00000000fec00000, 0x00000000fec00000, 0x00000000ff160000)
  from space 640K,   0% used [0x00000000ff160000, 0x00000000ff161830, 0x00000000ff200000)
  to   space 640K,   0% used [0x00000000ff200000, 0x00000000ff200000, 0x00000000ff2a0000)
 concurrent mark-sweep generation total 13696K, used 6314K [0x00000000ff2a0000, 0x0000000100000000, 0x0000000100000000)
 Metaspace       used 5076K, capacity 5258K, committed 5504K, reserved 1056768K
  class space    used 557K, capacity 597K, committed 640K, reserved 1048576K
}
{Heap before GC invocations=327 (full 41):
 par new generation   total 6144K, used 5235K [0x00000000fec00000, 0x00000000ff2a0000, 0x00000000ff2a0000)
  eden space 5504K,  95% used [0x00000000fec00000, 0x00000000ff11b780, 0x00000000ff160000)
  from space 640K,   0% used [0x00000000ff160000, 0x00000000ff161830, 0x00000000ff200000)
  to   space 640K,   0% used [0x00000000ff200000, 0x00000000ff200000, 0x00000000ff2a0000)
 concurrent mark-sweep generation total 13696K, used 6314K [0x00000000ff2a0000, 0x0000000100000000, 0x0000000100000000)
 Metaspace       used 5076K, capacity 5258K, committed 5504K, reserved 1056768K
  class space    used 557K, capacity 597K, committed 640K, reserved 1048576K
2024-07-16T11:01:37.854+0800: 2.734: [GC (Allocation Failure) 2024-07-16T11:01:37.854+0800: 2.734: [ParNew: 5235K->6K(6144K), 0.0013199 secs] 11549K->7346K(19840K), 0.0014329 secs] [Times: user=0.00 sys=0.00, real=0.00 secs] 
Heap after GC invocations=328 (full 41):
 par new generation   total 6144K, used 6K [0x00000000fec00000, 0x00000000ff2a0000, 0x00000000ff2a0000)
  eden space 5504K,   0% used [0x00000000fec00000, 0x00000000fec00000, 0x00000000ff160000)
  from space 640K,   0% used [0x00000000ff200000, 0x00000000ff201830, 0x00000000ff2a0000)
  to   space 640K,   0% used [0x00000000ff160000, 0x00000000ff160000, 0x00000000ff200000)
 concurrent mark-sweep generation total 13696K, used 7340K [0x00000000ff2a0000, 0x0000000100000000, 0x0000000100000000)
 Metaspace       used 5076K, capacity 5258K, committed 5504K, reserved 1056768K
  class space    used 557K, capacity 597K, committed 640K, reserved 1048576K
}
2024-07-16T11:01:37.855+0800: 2.736: [GC (CMS Initial Mark) [1 CMS-initial-mark: 7340K(13696K)] 8372K(19840K), 0.0004834 secs] [Times: user=0.00 sys=0.00, real=0.00 secs] 
2024-07-16T11:01:37.856+0800: 2.736: [CMS-concurrent-mark-start]
2024-07-16T11:01:37.861+0800: 2.742: [CMS-concurrent-mark: 0.005/0.005 secs] [Times: user=0.00 sys=0.00, real=0.01 secs] 
2024-07-16T11:01:37.861+0800: 2.742: [CMS-concurrent-preclean-start]
2024-07-16T11:01:37.861+0800: 2.742: [CMS-concurrent-preclean: 0.000/0.000 secs] [Times: user=0.00 sys=0.00, real=0.00 secs] 
2024-07-16T11:01:37.861+0800: 2.742: [CMS-concurrent-abortable-preclean-start]
{Heap before GC invocations=328 (full 42):
 par new generation   total 6144K, used 5235K [0x00000000fec00000, 0x00000000ff2a0000, 0x00000000ff2a0000)
  eden space 5504K,  95% used [0x00000000fec00000, 0x00000000ff11b780, 0x00000000ff160000)
  from space 640K,   0% used [0x00000000ff200000, 0x00000000ff201830, 0x00000000ff2a0000)
  to   space 640K,   0% used [0x00000000ff160000, 0x00000000ff160000, 0x00000000ff200000)
 concurrent mark-sweep generation total 13696K, used 7340K [0x00000000ff2a0000, 0x0000000100000000, 0x0000000100000000)
 Metaspace       used 5076K, capacity 5258K, committed 5504K, reserved 1056768K
  class space    used 557K, capacity 597K, committed 640K, reserved 1048576K
2024-07-16T11:01:37.864+0800: 2.744: [GC (Allocation Failure) 2024-07-16T11:01:37.864+0800: 2.744: [ParNew: 5235K->8K(6144K), 0.0012049 secs] 12575K->8374K(19840K), 0.0012884 secs] [Times: user=0.00 sys=0.00, real=0.00 secs] 
Heap after GC invocations=329 (full 42):
 par new generation   total 6144K, used 8K [0x00000000fec00000, 0x00000000ff2a0000, 0x00000000ff2a0000)
  eden space 5504K,   0% used [0x00000000fec00000, 0x00000000fec00000, 0x00000000ff160000)
  from space 640K,   1% used [0x00000000ff160000, 0x00000000ff162040, 0x00000000ff200000)
  to   space 640K,   0% used [0x00000000ff200000, 0x00000000ff200000, 0x00000000ff2a0000)
 concurrent mark-sweep generation total 13696K, used 8366K [0x00000000ff2a0000, 0x0000000100000000, 0x0000000100000000)
 Metaspace       used 5076K, capacity 5258K, committed 5504K, reserved 1056768K
  class space    used 557K, capacity 597K, committed 640K, reserved 1048576K
}
{Heap before GC invocations=329 (full 42):
 par new generation   total 6144K, used 5237K [0x00000000fec00000, 0x00000000ff2a0000, 0x00000000ff2a0000)
  eden space 5504K,  95% used [0x00000000fec00000, 0x00000000ff11b780, 0x00000000ff160000)
  from space 640K,   1% used [0x00000000ff160000, 0x00000000ff162040, 0x00000000ff200000)
  to   space 640K,   0% used [0x00000000ff200000, 0x00000000ff200000, 0x00000000ff2a0000)
 concurrent mark-sweep generation total 13696K, used 8366K [0x00000000ff2a0000, 0x0000000100000000, 0x0000000100000000)
 Metaspace       used 5076K, capacity 5258K, committed 5504K, reserved 1056768K
  class space    used 557K, capacity 597K, committed 640K, reserved 1048576K
2024-07-16T11:01:37.872+0800: 2.752: [GC (Allocation Failure) 2024-07-16T11:01:37.872+0800: 2.752: [ParNew: 5237K->8K(6144K), 0.0013299 secs] 13604K->9398K(19840K), 0.0014145 secs] [Times: user=0.00 sys=0.00, real=0.00 secs] 
Heap after GC invocations=330 (full 42):
 par new generation   total 6144K, used 8K [0x00000000fec00000, 0x00000000ff2a0000, 0x00000000ff2a0000)
  eden space 5504K,   0% used [0x00000000fec00000, 0x00000000fec00000, 0x00000000ff160000)
  from space 640K,   1% used [0x00000000ff200000, 0x00000000ff202040, 0x00000000ff2a0000)
  to   space 640K,   0% used [0x00000000ff160000, 0x00000000ff160000, 0x00000000ff200000)
 concurrent mark-sweep generation total 13696K, used 9390K [0x00000000ff2a0000, 0x0000000100000000, 0x0000000100000000)
 Metaspace       used 5076K, capacity 5258K, committed 5504K, reserved 1056768K
  class space    used 557K, capacity 597K, committed 640K, reserved 1048576K
}
{Heap before GC invocations=330 (full 42):
 par new generation   total 6144K, used 5237K [0x00000000fec00000, 0x00000000ff2a0000, 0x00000000ff2a0000)
  eden space 5504K,  95% used [0x00000000fec00000, 0x00000000ff11b780, 0x00000000ff160000)
  from space 640K,   1% used [0x00000000ff200000, 0x00000000ff202040, 0x00000000ff2a0000)
  to   space 640K,   0% used [0x00000000ff160000, 0x00000000ff160000, 0x00000000ff200000)
 concurrent mark-sweep generation total 13696K, used 9390K [0x00000000ff2a0000, 0x0000000100000000, 0x0000000100000000)
 Metaspace       used 5076K, capacity 5258K, committed 5504K, reserved 1056768K
  class space    used 557K, capacity 597K, committed 640K, reserved 1048576K
2024-07-16T11:01:37.879+0800: 2.759: [GC (Allocation Failure) 2024-07-16T11:01:37.879+0800: 2.759: [ParNew: 5237K->8K(6144K), 0.0013288 secs] 14628K->10424K(19840K), 0.0014014 secs] [Times: user=0.00 sys=0.00, real=0.00 secs] 
Heap after GC invocations=331 (full 42):
 par new generation   total 6144K, used 8K [0x00000000fec00000, 0x00000000ff2a0000, 0x00000000ff2a0000)
  eden space 5504K,   0% used [0x00000000fec00000, 0x00000000fec00000, 0x00000000ff160000)
  from space 640K,   1% used [0x00000000ff160000, 0x00000000ff162040, 0x00000000ff200000)
  to   space 640K,   0% used [0x00000000ff200000, 0x00000000ff200000, 0x00000000ff2a0000)
 concurrent mark-sweep generation total 13696K, used 10416K [0x00000000ff2a0000, 0x0000000100000000, 0x0000000100000000)
 Metaspace       used 5076K, capacity 5258K, committed 5504K, reserved 1056768K
  class space    used 557K, capacity 597K, committed 640K, reserved 1048576K
}
{Heap before GC invocations=331 (full 42):
 par new generation   total 6144K, used 5237K [0x00000000fec00000, 0x00000000ff2a0000, 0x00000000ff2a0000)
  eden space 5504K,  95% used [0x00000000fec00000, 0x00000000ff11b780, 0x00000000ff160000)
  from space 640K,   1% used [0x00000000ff160000, 0x00000000ff162040, 0x00000000ff200000)
  to   space 640K,   0% used [0x00000000ff200000, 0x00000000ff200000, 0x00000000ff2a0000)
 concurrent mark-sweep generation total 13696K, used 10416K [0x00000000ff2a0000, 0x0000000100000000, 0x0000000100000000)
 Metaspace       used 5076K, capacity 5258K, committed 5504K, reserved 1056768K
  class space    used 557K, capacity 597K, committed 640K, reserved 1048576K
2024-07-16T11:01:37.888+0800: 2.768: [GC (Allocation Failure) 2024-07-16T11:01:37.888+0800: 2.768: [ParNew: 5237K->4K(6144K), 0.0012749 secs] 15654K->10420K(19840K), 0.0014108 secs] [Times: user=0.00 sys=0.00, real=0.00 secs] 
Heap after GC invocations=332 (full 42):
 par new generation   total 6144K, used 4K [0x00000000fec00000, 0x00000000ff2a0000, 0x00000000ff2a0000)
  eden space 5504K,   0% used [0x00000000fec00000, 0x00000000fec00000, 0x00000000ff160000)
  from space 640K,   0% used [0x00000000ff200000, 0x00000000ff201020, 0x00000000ff2a0000)
  to   space 640K,   0% used [0x00000000ff160000, 0x00000000ff160000, 0x00000000ff200000)
 concurrent mark-sweep generation total 13696K, used 10416K [0x00000000ff2a0000, 0x0000000100000000, 0x0000000100000000)
 Metaspace       used 5076K, capacity 5258K, committed 5504K, reserved 1056768K
  class space    used 557K, capacity 597K, committed 640K, reserved 1048576K
}
{Heap before GC invocations=332 (full 42):
 par new generation   total 6144K, used 5233K [0x00000000fec00000, 0x00000000ff2a0000, 0x00000000ff2a0000)
  eden space 5504K,  95% used [0x00000000fec00000, 0x00000000ff11b780, 0x00000000ff160000)
  from space 640K,   0% used [0x00000000ff200000, 0x00000000ff201020, 0x00000000ff2a0000)
  to   space 640K,   0% used [0x00000000ff160000, 0x00000000ff160000, 0x00000000ff200000)
 concurrent mark-sweep generation total 13696K, used 10416K [0x00000000ff2a0000, 0x0000000100000000, 0x0000000100000000)
 Metaspace       used 5076K, capacity 5258K, committed 5504K, reserved 1056768K
  class space    used 557K, capacity 597K, committed 640K, reserved 1048576K
2024-07-16T11:01:37.897+0800: 2.777: [GC (Allocation Failure) 2024-07-16T11:01:37.897+0800: 2.777: [ParNew: 5233K->8K(6144K), 0.0013183 secs] 15650K->11448K(19840K), 0.0014276 secs] [Times: user=0.00 sys=0.00, real=0.00 secs] 
Heap after GC invocations=333 (full 42):
 par new generation   total 6144K, used 8K [0x00000000fec00000, 0x00000000ff2a0000, 0x00000000ff2a0000)
  eden space 5504K,   0% used [0x00000000fec00000, 0x00000000fec00000, 0x00000000ff160000)
  from space 640K,   1% used [0x00000000ff160000, 0x00000000ff162040, 0x00000000ff200000)
  to   space 640K,   0% used [0x00000000ff200000, 0x00000000ff200000, 0x00000000ff2a0000)
 concurrent mark-sweep generation total 13696K, used 11440K [0x00000000ff2a0000, 0x0000000100000000, 0x0000000100000000)
 Metaspace       used 5076K, capacity 5258K, committed 5504K, reserved 1056768K
  class space    used 557K, capacity 597K, committed 640K, reserved 1048576K
}
{Heap before GC invocations=333 (full 42):
 par new generation   total 6144K, used 5237K [0x00000000fec00000, 0x00000000ff2a0000, 0x00000000ff2a0000)
  eden space 5504K,  95% used [0x00000000fec00000, 0x00000000ff11b780, 0x00000000ff160000)
  from space 640K,   1% used [0x00000000ff160000, 0x00000000ff162040, 0x00000000ff200000)
  to   space 640K,   0% used [0x00000000ff200000, 0x00000000ff200000, 0x00000000ff2a0000)
 concurrent mark-sweep generation total 13696K, used 11440K [0x00000000ff2a0000, 0x0000000100000000, 0x0000000100000000)
 Metaspace       used 5076K, capacity 5258K, committed 5504K, reserved 1056768K
  class space    used 557K, capacity 597K, committed 640K, reserved 1048576K
2024-07-16T11:01:37.904+0800: 2.784: [GC (Allocation Failure) 2024-07-16T11:01:37.904+0800: 2.784: [ParNew: 5237K->6K(6144K), 0.0013260 secs] 16678K->12472K(19840K), 0.0014239 secs] [Times: user=0.00 sys=0.00, real=0.00 secs] 
Heap after GC invocations=334 (full 42):
 par new generation   total 6144K, used 6K [0x00000000fec00000, 0x00000000ff2a0000, 0x00000000ff2a0000)
  eden space 5504K,   0% used [0x00000000fec00000, 0x00000000fec00000, 0x00000000ff160000)
  from space 640K,   0% used [0x00000000ff200000, 0x00000000ff201830, 0x00000000ff2a0000)
  to   space 640K,   0% used [0x00000000ff160000, 0x00000000ff160000, 0x00000000ff200000)
 concurrent mark-sweep generation total 13696K, used 12466K [0x00000000ff2a0000, 0x0000000100000000, 0x0000000100000000)
 Metaspace       used 5076K, capacity 5258K, committed 5504K, reserved 1056768K
  class space    used 557K, capacity 597K, committed 640K, reserved 1048576K
}
{Heap before GC invocations=334 (full 42):
 par new generation   total 6144K, used 5235K [0x00000000fec00000, 0x00000000ff2a0000, 0x00000000ff2a0000)
  eden space 5504K,  95% used [0x00000000fec00000, 0x00000000ff11b780, 0x00000000ff160000)
  from space 640K,   0% used [0x00000000ff200000, 0x00000000ff201830, 0x00000000ff2a0000)
  to   space 640K,   0% used [0x00000000ff160000, 0x00000000ff160000, 0x00000000ff200000)
 concurrent mark-sweep generation total 13696K, used 12466K [0x00000000ff2a0000, 0x0000000100000000, 0x0000000100000000)
 Metaspace       used 5076K, capacity 5258K, committed 5504K, reserved 1056768K
  class space    used 557K, capacity 597K, committed 640K, reserved 1048576K
2024-07-16T11:01:37.913+0800: 2.793: [GC (Allocation Failure) 2024-07-16T11:01:37.913+0800: 2.793: [ParNew: 5235K->5235K(6144K), 0.0000440 secs]2024-07-16T11:01:37.913+0800: 2.793: [CMS2024-07-16T11:01:37.913+0800: 2.793: [CMS-concurrent-abortable-preclean: 0.001/0.051 secs] [Times: user=0.02 sys=0.00, real=0.05 secs] 
 (concurrent mode failure): 12466K->1187K(13696K), 0.0059543 secs] 17702K->1187K(19840K), [Metaspace: 5076K->5076K(1056768K)], 0.0061078 secs] [Times: user=0.00 sys=0.00, real=0.01 secs] 
Heap after GC invocations=335 (full 43):
 par new generation   total 6144K, used 0K [0x00000000fec00000, 0x00000000ff2a0000, 0x00000000ff2a0000)
  eden space 5504K,   0% used [0x00000000fec00000, 0x00000000fec00000, 0x00000000ff160000)
  from space 640K,   0% used [0x00000000ff200000, 0x00000000ff200000, 0x00000000ff2a0000)
  to   space 640K,   0% used [0x00000000ff160000, 0x00000000ff160000, 0x00000000ff200000)
 concurrent mark-sweep generation total 13696K, used 1187K [0x00000000ff2a0000, 0x0000000100000000, 0x0000000100000000)
 Metaspace       used 5076K, capacity 5258K, committed 5504K, reserved 1056768K
  class space    used 557K, capacity 597K, committed 640K, reserved 1048576K
}
{Heap before GC invocations=335 (full 43):
 par new generation   total 6144K, used 5229K [0x00000000fec00000, 0x00000000ff2a0000, 0x00000000ff2a0000)
  eden space 5504K,  95% used [0x00000000fec00000, 0x00000000ff11b780, 0x00000000ff160000)
  from space 640K,   0% used [0x00000000ff200000, 0x00000000ff200000, 0x00000000ff2a0000)
  to   space 640K,   0% used [0x00000000ff160000, 0x00000000ff160000, 0x00000000ff200000)
 concurrent mark-sweep generation total 13696K, used 1187K [0x00000000ff2a0000, 0x0000000100000000, 0x0000000100000000)
 Metaspace       used 5076K, capacity 5258K, committed 5504K, reserved 1056768K
  class space    used 557K, capacity 597K, committed 640K, reserved 1048576K
2024-07-16T11:01:37.926+0800: 2.806: [GC (Allocation Failure) 2024-07-16T11:01:37.926+0800: 2.806: [ParNew: 5229K->10K(6144K), 0.0014090 secs] 6417K->2223K(19840K), 0.0015271 secs] [Times: user=0.00 sys=0.00, real=0.00 secs] 
Heap after GC invocations=336 (full 43):
 par new generation   total 6144K, used 10K [0x00000000fec00000, 0x00000000ff2a0000, 0x00000000ff2a0000)
  eden space 5504K,   0% used [0x00000000fec00000, 0x00000000fec00000, 0x00000000ff160000)
  from space 640K,   1% used [0x00000000ff160000, 0x00000000ff162850, 0x00000000ff200000)
  to   space 640K,   0% used [0x00000000ff200000, 0x00000000ff200000, 0x00000000ff2a0000)
 concurrent mark-sweep generation total 13696K, used 2213K [0x00000000ff2a0000, 0x0000000100000000, 0x0000000100000000)
 Metaspace       used 5076K, capacity 5258K, committed 5504K, reserved 1056768K
  class space    used 557K, capacity 597K, committed 640K, reserved 1048576K
}
{Heap before GC invocations=336 (full 43):
 par new generation   total 6144K, used 5239K [0x00000000fec00000, 0x00000000ff2a0000, 0x00000000ff2a0000)
  eden space 5504K,  95% used [0x00000000fec00000, 0x00000000ff11b780, 0x00000000ff160000)
  from space 640K,   1% used [0x00000000ff160000, 0x00000000ff162850, 0x00000000ff200000)
  to   space 640K,   0% used [0x00000000ff200000, 0x00000000ff200000, 0x00000000ff2a0000)
 concurrent mark-sweep generation total 13696K, used 2213K [0x00000000ff2a0000, 0x0000000100000000, 0x0000000100000000)
 Metaspace       used 5076K, capacity 5258K, committed 5504K, reserved 1056768K
  class space    used 557K, capacity 597K, committed 640K, reserved 1048576K
2024-07-16T11:01:37.934+0800: 2.814: [GC (Allocation Failure) 2024-07-16T11:01:37.934+0800: 2.814: [ParNew: 5239K->4K(6144K), 0.0010978 secs] 7453K->2217K(19840K), 0.0011917 secs] [Times: user=0.00 sys=0.00, real=0.00 secs] 
Heap after GC invocations=337 (full 43):
 par new generation   total 6144K, used 4K [0x00000000fec00000, 0x00000000ff2a0000, 0x00000000ff2a0000)
  eden space 5504K,   0% used [0x00000000fec00000, 0x00000000fec00000, 0x00000000ff160000)
  from space 640K,   0% used [0x00000000ff200000, 0x00000000ff201020, 0x00000000ff2a0000)
  to   space 640K,   0% used [0x00000000ff160000, 0x00000000ff160000, 0x00000000ff200000)
 concurrent mark-sweep generation total 13696K, used 2213K [0x00000000ff2a0000, 0x0000000100000000, 0x0000000100000000)
 Metaspace       used 5076K, capacity 5258K, committed 5504K, reserved 1056768K
  class space    used 557K, capacity 597K, committed 640K, reserved 1048576K
}
{Heap before GC invocations=337 (full 43):
 par new generation   total 6144K, used 5233K [0x00000000fec00000, 0x00000000ff2a0000, 0x00000000ff2a0000)
  eden space 5504K,  95% used [0x00000000fec00000, 0x00000000ff11b780, 0x00000000ff160000)
  from space 640K,   0% used [0x00000000ff200000, 0x00000000ff201020, 0x00000000ff2a0000)
  to   space 640K,   0% used [0x00000000ff160000, 0x00000000ff160000, 0x00000000ff200000)
 concurrent mark-sweep generation total 13696K, used 2213K [0x00000000ff2a0000, 0x0000000100000000, 0x0000000100000000)
 Metaspace       used 5076K, capacity 5258K, committed 5504K, reserved 1056768K
  class space    used 557K, capacity 597K, committed 640K, reserved 1048576K
2024-07-16T11:01:37.943+0800: 2.823: [GC (Allocation Failure) 2024-07-16T11:01:37.943+0800: 2.823: [ParNew: 5233K->4K(6144K), 0.0004938 secs] 7447K->2217K(19840K), 0.0005541 secs] [Times: user=0.00 sys=0.00, real=0.00 secs] 
Heap after GC invocations=338 (full 43):
 par new generation   total 6144K, used 4K [0x00000000fec00000, 0x00000000ff2a0000, 0x00000000ff2a0000)
  eden space 5504K,   0% used [0x00000000fec00000, 0x00000000fec00000, 0x00000000ff160000)
  from space 640K,   0% used [0x00000000ff160000, 0x00000000ff161020, 0x00000000ff200000)
  to   space 640K,   0% used [0x00000000ff200000, 0x00000000ff200000, 0x00000000ff2a0000)
 concurrent mark-sweep generation total 13696K, used 2213K [0x00000000ff2a0000, 0x0000000100000000, 0x0000000100000000)
 Metaspace       used 5076K, capacity 5258K, committed 5504K, reserved 1056768K
  class space    used 557K, capacity 597K, committed 640K, reserved 1048576K
}
{Heap before GC invocations=338 (full 43):
 par new generation   total 6144K, used 5233K [0x00000000fec00000, 0x00000000ff2a0000, 0x00000000ff2a0000)
  eden space 5504K,  95% used [0x00000000fec00000, 0x00000000ff11b780, 0x00000000ff160000)
  from space 640K,   0% used [0x00000000ff160000, 0x00000000ff161020, 0x00000000ff200000)
  to   space 640K,   0% used [0x00000000ff200000, 0x00000000ff200000, 0x00000000ff2a0000)
 concurrent mark-sweep generation total 13696K, used 2213K [0x00000000ff2a0000, 0x0000000100000000, 0x0000000100000000)
 Metaspace       used 5076K, capacity 5258K, committed 5504K, reserved 1056768K
  class space    used 557K, capacity 597K, committed 640K, reserved 1048576K
2024-07-16T11:01:37.951+0800: 2.831: [GC (Allocation Failure) 2024-07-16T11:01:37.951+0800: 2.831: [ParNew: 5233K->2K(6144K), 0.0002897 secs] 7447K->2215K(19840K), 0.0003324 secs] [Times: user=0.00 sys=0.00, real=0.00 secs] 
Heap after GC invocations=339 (full 43):
 par new generation   total 6144K, used 2K [0x00000000fec00000, 0x00000000ff2a0000, 0x00000000ff2a0000)
  eden space 5504K,   0% used [0x00000000fec00000, 0x00000000fec00000, 0x00000000ff160000)
  from space 640K,   0% used [0x00000000ff200000, 0x00000000ff200810, 0x00000000ff2a0000)
  to   space 640K,   0% used [0x00000000ff160000, 0x00000000ff160000, 0x00000000ff200000)
 concurrent mark-sweep generation total 13696K, used 2213K [0x00000000ff2a0000, 0x0000000100000000, 0x0000000100000000)
 Metaspace       used 5076K, capacity 5258K, committed 5504K, reserved 1056768K
  class space    used 557K, capacity 597K, committed 640K, reserved 1048576K
}
{Heap before GC invocations=339 (full 43):
 par new generation   total 6144K, used 5231K [0x00000000fec00000, 0x00000000ff2a0000, 0x00000000ff2a0000)
  eden space 5504K,  95% used [0x00000000fec00000, 0x00000000ff11b780, 0x00000000ff160000)
  from space 640K,   0% used [0x00000000ff200000, 0x00000000ff200810, 0x00000000ff2a0000)
  to   space 640K,   0% used [0x00000000ff160000, 0x00000000ff160000, 0x00000000ff200000)
 concurrent mark-sweep generation total 13696K, used 2213K [0x00000000ff2a0000, 0x0000000100000000, 0x0000000100000000)
 Metaspace       used 5076K, capacity 5258K, committed 5504K, reserved 1056768K
  class space    used 557K, capacity 597K, committed 640K, reserved 1048576K
2024-07-16T11:01:37.959+0800: 2.839: [GC (Allocation Failure) 2024-07-16T11:01:37.959+0800: 2.839: [ParNew: 5231K->8K(6144K), 0.0004638 secs] 7445K->3247K(19840K), 0.0005235 secs] [Times: user=0.00 sys=0.00, real=0.00 secs] 
Heap after GC invocations=340 (full 43):
 par new generation   total 6144K, used 8K [0x00000000fec00000, 0x00000000ff2a0000, 0x00000000ff2a0000)
  eden space 5504K,   0% used [0x00000000fec00000, 0x00000000fec00000, 0x00000000ff160000)
  from space 640K,   1% used [0x00000000ff160000, 0x00000000ff162040, 0x00000000ff200000)
  to   space 640K,   0% used [0x00000000ff200000, 0x00000000ff200000, 0x00000000ff2a0000)
 concurrent mark-sweep generation total 13696K, used 3239K [0x00000000ff2a0000, 0x0000000100000000, 0x0000000100000000)
 Metaspace       used 5076K, capacity 5258K, committed 5504K, reserved 1056768K
  class space    used 557K, capacity 597K, committed 640K, reserved 1048576K
}
{Heap before GC invocations=340 (full 43):
 par new generation   total 6144K, used 5237K [0x00000000fec00000, 0x00000000ff2a0000, 0x00000000ff2a0000)
  eden space 5504K,  95% used [0x00000000fec00000, 0x00000000ff11b780, 0x00000000ff160000)
  from space 640K,   1% used [0x00000000ff160000, 0x00000000ff162040, 0x00000000ff200000)
  to   space 640K,   0% used [0x00000000ff200000, 0x00000000ff200000, 0x00000000ff2a0000)
 concurrent mark-sweep generation total 13696K, used 3239K [0x00000000ff2a0000, 0x0000000100000000, 0x0000000100000000)
 Metaspace       used 5076K, capacity 5258K, committed 5504K, reserved 1056768K
  class space    used 557K, capacity 597K, committed 640K, reserved 1048576K
2024-07-16T11:01:37.965+0800: 2.845: [GC (Allocation Failure) 2024-07-16T11:01:37.965+0800: 2.845: [ParNew: 5237K->8K(6144K), 0.0008118 secs] 8477K->4273K(19840K), 0.0008709 secs] [Times: user=0.00 sys=0.00, real=0.00 secs] 
Heap after GC invocations=341 (full 43):
 par new generation   total 6144K, used 8K [0x00000000fec00000, 0x00000000ff2a0000, 0x00000000ff2a0000)
  eden space 5504K,   0% used [0x00000000fec00000, 0x00000000fec00000, 0x00000000ff160000)
  from space 640K,   1% used [0x00000000ff200000, 0x00000000ff202040, 0x00000000ff2a0000)
  to   space 640K,   0% used [0x00000000ff160000, 0x00000000ff160000, 0x00000000ff200000)
 concurrent mark-sweep generation total 13696K, used 4265K [0x00000000ff2a0000, 0x0000000100000000, 0x0000000100000000)
 Metaspace       used 5076K, capacity 5258K, committed 5504K, reserved 1056768K
  class space    used 557K, capacity 597K, committed 640K, reserved 1048576K
}
2024-07-16T11:01:37.966+0800: 2.846: [GC (CMS Initial Mark) [1 CMS-initial-mark: 4265K(13696K)] 5299K(19840K), 0.0001358 secs] [Times: user=0.00 sys=0.00, real=0.00 secs] 
2024-07-16T11:01:37.966+0800: 2.846: [CMS-concurrent-mark-start]
2024-07-16T11:01:37.968+0800: 2.848: [CMS-concurrent-mark: 0.002/0.002 secs] [Times: user=0.00 sys=0.00, real=0.00 secs] 
2024-07-16T11:01:37.968+0800: 2.848: [CMS-concurrent-preclean-start]
2024-07-16T11:01:37.968+0800: 2.848: [CMS-concurrent-preclean: 0.000/0.000 secs] [Times: user=0.00 sys=0.00, real=0.00 secs] 
2024-07-16T11:01:37.968+0800: 2.848: [CMS-concurrent-abortable-preclean-start]
{Heap before GC invocations=341 (full 44):
 par new generation   total 6144K, used 5237K [0x00000000fec00000, 0x00000000ff2a0000, 0x00000000ff2a0000)
  eden space 5504K,  95% used [0x00000000fec00000, 0x00000000ff11b780, 0x00000000ff160000)
  from space 640K,   1% used [0x00000000ff200000, 0x00000000ff202040, 0x00000000ff2a0000)
  to   space 640K,   0% used [0x00000000ff160000, 0x00000000ff160000, 0x00000000ff200000)
 concurrent mark-sweep generation total 13696K, used 4265K [0x00000000ff2a0000, 0x0000000100000000, 0x0000000100000000)
 Metaspace       used 5076K, capacity 5258K, committed 5504K, reserved 1056768K
  class space    used 557K, capacity 597K, committed 640K, reserved 1048576K
2024-07-16T11:01:37.974+0800: 2.854: [GC (Allocation Failure) 2024-07-16T11:01:37.974+0800: 2.854: [ParNew: 5237K->4K(6144K), 0.0008403 secs] 9503K->4269K(19840K), 0.0009203 secs] [Times: user=0.00 sys=0.00, real=0.00 secs] 
Heap after GC invocations=342 (full 44):
 par new generation   total 6144K, used 4K [0x00000000fec00000, 0x00000000ff2a0000, 0x00000000ff2a0000)
  eden space 5504K,   0% used [0x00000000fec00000, 0x00000000fec00000, 0x00000000ff160000)
  from space 640K,   0% used [0x00000000ff160000, 0x00000000ff161020, 0x00000000ff200000)
  to   space 640K,   0% used [0x00000000ff200000, 0x00000000ff200000, 0x00000000ff2a0000)
 concurrent mark-sweep generation total 13696K, used 4265K [0x00000000ff2a0000, 0x0000000100000000, 0x0000000100000000)
 Metaspace       used 5076K, capacity 5258K, committed 5504K, reserved 1056768K
  class space    used 557K, capacity 597K, committed 640K, reserved 1048576K
}
{Heap before GC invocations=342 (full 44):
 par new generation   total 6144K, used 5233K [0x00000000fec00000, 0x00000000ff2a0000, 0x00000000ff2a0000)
  eden space 5504K,  95% used [0x00000000fec00000, 0x00000000ff11b780, 0x00000000ff160000)
  from space 640K,   0% used [0x00000000ff160000, 0x00000000ff161020, 0x00000000ff200000)
  to   space 640K,   0% used [0x00000000ff200000, 0x00000000ff200000, 0x00000000ff2a0000)
 concurrent mark-sweep generation total 13696K, used 4265K [0x00000000ff2a0000, 0x0000000100000000, 0x0000000100000000)
 Metaspace       used 5076K, capacity 5258K, committed 5504K, reserved 1056768K
  class space    used 557K, capacity 597K, committed 640K, reserved 1048576K
2024-07-16T11:01:37.981+0800: 2.861: [GC (Allocation Failure) 2024-07-16T11:01:37.981+0800: 2.861: [ParNew: 5233K->6K(6144K), 0.0006761 secs] 9499K->5295K(19840K), 0.0007348 secs] [Times: user=0.00 sys=0.00, real=0.00 secs] 
Heap after GC invocations=343 (full 44):
 par new generation   total 6144K, used 6K [0x00000000fec00000, 0x00000000ff2a0000, 0x00000000ff2a0000)
  eden space 5504K,   0% used [0x00000000fec00000, 0x00000000fec00000, 0x00000000ff160000)
  from space 640K,   0% used [0x00000000ff200000, 0x00000000ff201830, 0x00000000ff2a0000)
  to   space 640K,   0% used [0x00000000ff160000, 0x00000000ff160000, 0x00000000ff200000)
 concurrent mark-sweep generation total 13696K, used 5289K [0x00000000ff2a0000, 0x0000000100000000, 0x0000000100000000)
 Metaspace       used 5076K, capacity 5258K, committed 5504K, reserved 1056768K
  class space    used 557K, capacity 597K, committed 640K, reserved 1048576K
}
{Heap before GC invocations=343 (full 44):
 par new generation   total 6144K, used 5235K [0x00000000fec00000, 0x00000000ff2a0000, 0x00000000ff2a0000)
  eden space 5504K,  95% used [0x00000000fec00000, 0x00000000ff11b780, 0x00000000ff160000)
  from space 640K,   0% used [0x00000000ff200000, 0x00000000ff201830, 0x00000000ff2a0000)
  to   space 640K,   0% used [0x00000000ff160000, 0x00000000ff160000, 0x00000000ff200000)
 concurrent mark-sweep generation total 13696K, used 5289K [0x00000000ff2a0000, 0x0000000100000000, 0x0000000100000000)
 Metaspace       used 5076K, capacity 5258K, committed 5504K, reserved 1056768K
  class space    used 557K, capacity 597K, committed 640K, reserved 1048576K
2024-07-16T11:01:37.989+0800: 2.869: [GC (Allocation Failure) 2024-07-16T11:01:37.989+0800: 2.869: [ParNew: 5235K->4K(6144K), 0.0007561 secs] 10525K->5293K(19840K), 0.0009230 secs] [Times: user=0.00 sys=0.00, real=0.00 secs] 
Heap after GC invocations=344 (full 44):
 par new generation   total 6144K, used 4K [0x00000000fec00000, 0x00000000ff2a0000, 0x00000000ff2a0000)
  eden space 5504K,   0% used [0x00000000fec00000, 0x00000000fec00000, 0x00000000ff160000)
  from space 640K,   0% used [0x00000000ff160000, 0x00000000ff161020, 0x00000000ff200000)
  to   space 640K,   0% used [0x00000000ff200000, 0x00000000ff200000, 0x00000000ff2a0000)
 concurrent mark-sweep generation total 13696K, used 5289K [0x00000000ff2a0000, 0x0000000100000000, 0x0000000100000000)
 Metaspace       used 5076K, capacity 5258K, committed 5504K, reserved 1056768K
  class space    used 557K, capacity 597K, committed 640K, reserved 1048576K
}
{Heap before GC invocations=344 (full 44):
 par new generation   total 6144K, used 5233K [0x00000000fec00000, 0x00000000ff2a0000, 0x00000000ff2a0000)
  eden space 5504K,  95% used [0x00000000fec00000, 0x00000000ff11b780, 0x00000000ff160000)
  from space 640K,   0% used [0x00000000ff160000, 0x00000000ff161020, 0x00000000ff200000)
  to   space 640K,   0% used [0x00000000ff200000, 0x00000000ff200000, 0x00000000ff2a0000)
 concurrent mark-sweep generation total 13696K, used 5289K [0x00000000ff2a0000, 0x0000000100000000, 0x0000000100000000)
 Metaspace       used 5076K, capacity 5258K, committed 5504K, reserved 1056768K
  class space    used 557K, capacity 597K, committed 640K, reserved 1048576K
2024-07-16T11:01:37.997+0800: 2.877: [GC (Allocation Failure) 2024-07-16T11:01:37.997+0800: 2.877: [ParNew: 5233K->8K(6144K), 0.0011231 secs] 10523K->6321K(19840K), 0.0012024 secs] [Times: user=0.00 sys=0.00, real=0.00 secs] 
Heap after GC invocations=345 (full 44):
 par new generation   total 6144K, used 8K [0x00000000fec00000, 0x00000000ff2a0000, 0x00000000ff2a0000)
  eden space 5504K,   0% used [0x00000000fec00000, 0x00000000fec00000, 0x00000000ff160000)
  from space 640K,   1% used [0x00000000ff200000, 0x00000000ff202040, 0x00000000ff2a0000)
  to   space 640K,   0% used [0x00000000ff160000, 0x00000000ff160000, 0x00000000ff200000)
 concurrent mark-sweep generation total 13696K, used 6313K [0x00000000ff2a0000, 0x0000000100000000, 0x0000000100000000)
 Metaspace       used 5076K, capacity 5258K, committed 5504K, reserved 1056768K
  class space    used 557K, capacity 597K, committed 640K, reserved 1048576K
}
{Heap before GC invocations=345 (full 44):
 par new generation   total 6144K, used 5237K [0x00000000fec00000, 0x00000000ff2a0000, 0x00000000ff2a0000)
  eden space 5504K,  95% used [0x00000000fec00000, 0x00000000ff11b780, 0x00000000ff160000)
  from space 640K,   1% used [0x00000000ff200000, 0x00000000ff202040, 0x00000000ff2a0000)
  to   space 640K,   0% used [0x00000000ff160000, 0x00000000ff160000, 0x00000000ff200000)
 concurrent mark-sweep generation total 13696K, used 6313K [0x00000000ff2a0000, 0x0000000100000000, 0x0000000100000000)
 Metaspace       used 5076K, capacity 5258K, committed 5504K, reserved 1056768K
  class space    used 557K, capacity 597K, committed 640K, reserved 1048576K
2024-07-16T11:01:38.007+0800: 2.887: [GC (Allocation Failure) 2024-07-16T11:01:38.007+0800: 2.887: [ParNew: 5237K->4K(6144K), 0.0009403 secs] 11551K->6317K(19840K), 0.0010124 secs] [Times: user=0.00 sys=0.00, real=0.00 secs] 
Heap after GC invocations=346 (full 44):
 par new generation   total 6144K, used 4K [0x00000000fec00000, 0x00000000ff2a0000, 0x00000000ff2a0000)
  eden space 5504K,   0% used [0x00000000fec00000, 0x00000000fec00000, 0x00000000ff160000)
  from space 640K,   0% used [0x00000000ff160000, 0x00000000ff161020, 0x00000000ff200000)
  to   space 640K,   0% used [0x00000000ff200000, 0x00000000ff200000, 0x00000000ff2a0000)
 concurrent mark-sweep generation total 13696K, used 6313K [0x00000000ff2a0000, 0x0000000100000000, 0x0000000100000000)
 Metaspace       used 5076K, capacity 5258K, committed 5504K, reserved 1056768K
  class space    used 557K, capacity 597K, committed 640K, reserved 1048576K
}
{Heap before GC invocations=346 (full 44):
 par new generation   total 6144K, used 5233K [0x00000000fec00000, 0x00000000ff2a0000, 0x00000000ff2a0000)
  eden space 5504K,  95% used [0x00000000fec00000, 0x00000000ff11b780, 0x00000000ff160000)
  from space 640K,   0% used [0x00000000ff160000, 0x00000000ff161020, 0x00000000ff200000)
  to   space 640K,   0% used [0x00000000ff200000, 0x00000000ff200000, 0x00000000ff2a0000)
 concurrent mark-sweep generation total 13696K, used 6313K [0x00000000ff2a0000, 0x0000000100000000, 0x0000000100000000)
 Metaspace       used 5076K, capacity 5258K, committed 5504K, reserved 1056768K
  class space    used 557K, capacity 597K, committed 640K, reserved 1048576K
2024-07-16T11:01:38.015+0800: 2.895: [GC (Allocation Failure) 2024-07-16T11:01:38.015+0800: 2.895: [ParNew: 5233K->8K(6144K), 0.0014593 secs] 11547K->7345K(19840K), 0.0016662 secs] [Times: user=0.00 sys=0.00, real=0.00 secs] 
Heap after GC invocations=347 (full 44):
 par new generation   total 6144K, used 8K [0x00000000fec00000, 0x00000000ff2a0000, 0x00000000ff2a0000)
  eden space 5504K,   0% used [0x00000000fec00000, 0x00000000fec00000, 0x00000000ff160000)
  from space 640K,   1% used [0x00000000ff200000, 0x00000000ff202040, 0x00000000ff2a0000)
  to   space 640K,   0% used [0x00000000ff160000, 0x00000000ff160000, 0x00000000ff200000)
 concurrent mark-sweep generation total 13696K, used 7337K [0x00000000ff2a0000, 0x0000000100000000, 0x0000000100000000)
 Metaspace       used 5076K, capacity 5258K, committed 5504K, reserved 1056768K
  class space    used 557K, capacity 597K, committed 640K, reserved 1048576K
}
{Heap before GC invocations=347 (full 44):
 par new generation   total 6144K, used 5237K [0x00000000fec00000, 0x00000000ff2a0000, 0x00000000ff2a0000)
  eden space 5504K,  95% used [0x00000000fec00000, 0x00000000ff11b780, 0x00000000ff160000)
  from space 640K,   1% used [0x00000000ff200000, 0x00000000ff202040, 0x00000000ff2a0000)
  to   space 640K,   0% used [0x00000000ff160000, 0x00000000ff160000, 0x00000000ff200000)
 concurrent mark-sweep generation total 13696K, used 7337K [0x00000000ff2a0000, 0x0000000100000000, 0x0000000100000000)
 Metaspace       used 5076K, capacity 5258K, committed 5504K, reserved 1056768K
  class space    used 557K, capacity 597K, committed 640K, reserved 1048576K
2024-07-16T11:01:38.025+0800: 2.905: [GC (Allocation Failure) 2024-07-16T11:01:38.025+0800: 2.905: [ParNew: 5237K->6K(6144K), 0.0013566 secs] 12575K->8370K(19840K), 0.0014413 secs] [Times: user=0.00 sys=0.00, real=0.00 secs] 
Heap after GC invocations=348 (full 44):
 par new generation   total 6144K, used 6K [0x00000000fec00000, 0x00000000ff2a0000, 0x00000000ff2a0000)
  eden space 5504K,   0% used [0x00000000fec00000, 0x00000000fec00000, 0x00000000ff160000)
  from space 640K,   0% used [0x00000000ff160000, 0x00000000ff161830, 0x00000000ff200000)
  to   space 640K,   0% used [0x00000000ff200000, 0x00000000ff200000, 0x00000000ff2a0000)
 concurrent mark-sweep generation total 13696K, used 8363K [0x00000000ff2a0000, 0x0000000100000000, 0x0000000100000000)
 Metaspace       used 5076K, capacity 5258K, committed 5504K, reserved 1056768K
  class space    used 557K, capacity 597K, committed 640K, reserved 1048576K
}
{Heap before GC invocations=348 (full 44):
 par new generation   total 6144K, used 5235K [0x00000000fec00000, 0x00000000ff2a0000, 0x00000000ff2a0000)
  eden space 5504K,  95% used [0x00000000fec00000, 0x00000000ff11b780, 0x00000000ff160000)
  from space 640K,   0% used [0x00000000ff160000, 0x00000000ff161830, 0x00000000ff200000)
  to   space 640K,   0% used [0x00000000ff200000, 0x00000000ff200000, 0x00000000ff2a0000)
 concurrent mark-sweep generation total 13696K, used 8363K [0x00000000ff2a0000, 0x0000000100000000, 0x0000000100000000)
 Metaspace       used 5076K, capacity 5258K, committed 5504K, reserved 1056768K
  class space    used 557K, capacity 597K, committed 640K, reserved 1048576K
2024-07-16T11:01:38.033+0800: 2.913: [GC (Allocation Failure) 2024-07-16T11:01:38.033+0800: 2.913: [ParNew: 5235K->8K(6144K), 0.0014643 secs] 13599K->9398K(19840K), 0.0017244 secs] [Times: user=0.16 sys=0.00, real=0.00 secs] 
Heap after GC invocations=349 (full 44):
 par new generation   total 6144K, used 8K [0x00000000fec00000, 0x00000000ff2a0000, 0x00000000ff2a0000)
  eden space 5504K,   0% used [0x00000000fec00000, 0x00000000fec00000, 0x00000000ff160000)
  from space 640K,   1% used [0x00000000ff200000, 0x00000000ff202040, 0x00000000ff2a0000)
  to   space 640K,   0% used [0x00000000ff160000, 0x00000000ff160000, 0x00000000ff200000)
 concurrent mark-sweep generation total 13696K, used 9390K [0x00000000ff2a0000, 0x0000000100000000, 0x0000000100000000)
 Metaspace       used 5076K, capacity 5258K, committed 5504K, reserved 1056768K
  class space    used 557K, capacity 597K, committed 640K, reserved 1048576K
}
{Heap before GC invocations=349 (full 44):
 par new generation   total 6144K, used 5237K [0x00000000fec00000, 0x00000000ff2a0000, 0x00000000ff2a0000)
  eden space 5504K,  95% used [0x00000000fec00000, 0x00000000ff11b780, 0x00000000ff160000)
  from space 640K,   1% used [0x00000000ff200000, 0x00000000ff202040, 0x00000000ff2a0000)
  to   space 640K,   0% used [0x00000000ff160000, 0x00000000ff160000, 0x00000000ff200000)
 concurrent mark-sweep generation total 13696K, used 9390K [0x00000000ff2a0000, 0x0000000100000000, 0x0000000100000000)
 Metaspace       used 5076K, capacity 5258K, committed 5504K, reserved 1056768K
  class space    used 557K, capacity 597K, committed 640K, reserved 1048576K
2024-07-16T11:01:38.043+0800: 2.923: [GC (Allocation Failure) 2024-07-16T11:01:38.043+0800: 2.923: [ParNew: 5237K->2K(6144K), 0.0012156 secs] 14627K->9392K(19840K), 0.0013153 secs] [Times: user=0.00 sys=0.00, real=0.00 secs] 
Heap after GC invocations=350 (full 44):
 par new generation   total 6144K, used 2K [0x00000000fec00000, 0x00000000ff2a0000, 0x00000000ff2a0000)
  eden space 5504K,   0% used [0x00000000fec00000, 0x00000000fec00000, 0x00000000ff160000)
  from space 640K,   0% used [0x00000000ff160000, 0x00000000ff160810, 0x00000000ff200000)
  to   space 640K,   0% used [0x00000000ff200000, 0x00000000ff200000, 0x00000000ff2a0000)
 concurrent mark-sweep generation total 13696K, used 9390K [0x00000000ff2a0000, 0x0000000100000000, 0x0000000100000000)
 Metaspace       used 5076K, capacity 5258K, committed 5504K, reserved 1056768K
  class space    used 557K, capacity 597K, committed 640K, reserved 1048576K
}
{Heap before GC invocations=350 (full 44):
 par new generation   total 6144K, used 5231K [0x00000000fec00000, 0x00000000ff2a0000, 0x00000000ff2a0000)
  eden space 5504K,  95% used [0x00000000fec00000, 0x00000000ff11b780, 0x00000000ff160000)
  from space 640K,   0% used [0x00000000ff160000, 0x00000000ff160810, 0x00000000ff200000)
  to   space 640K,   0% used [0x00000000ff200000, 0x00000000ff200000, 0x00000000ff2a0000)
 concurrent mark-sweep generation total 13696K, used 9390K [0x00000000ff2a0000, 0x0000000100000000, 0x0000000100000000)
 Metaspace       used 5076K, capacity 5258K, committed 5504K, reserved 1056768K
  class space    used 557K, capacity 597K, committed 640K, reserved 1048576K
2024-07-16T11:01:38.051+0800: 2.931: [GC (Allocation Failure) 2024-07-16T11:01:38.051+0800: 2.931: [ParNew: 5231K->8K(6144K), 0.0013650 secs] 14621K->10424K(19840K), 0.0014760 secs] [Times: user=0.00 sys=0.00, real=0.00 secs] 
Heap after GC invocations=351 (full 44):
 par new generation   total 6144K, used 8K [0x00000000fec00000, 0x00000000ff2a0000, 0x00000000ff2a0000)
  eden space 5504K,   0% used [0x00000000fec00000, 0x00000000fec00000, 0x00000000ff160000)
  from space 640K,   1% used [0x00000000ff200000, 0x00000000ff202040, 0x00000000ff2a0000)
  to   space 640K,   0% used [0x00000000ff160000, 0x00000000ff160000, 0x00000000ff200000)
 concurrent mark-sweep generation total 13696K, used 10416K [0x00000000ff2a0000, 0x0000000100000000, 0x0000000100000000)
 Metaspace       used 5076K, capacity 5258K, committed 5504K, reserved 1056768K
  class space    used 557K, capacity 597K, committed 640K, reserved 1048576K
}
{Heap before GC invocations=351 (full 44):
 par new generation   total 6144K, used 5237K [0x00000000fec00000, 0x00000000ff2a0000, 0x00000000ff2a0000)
  eden space 5504K,  95% used [0x00000000fec00000, 0x00000000ff11b780, 0x00000000ff160000)
  from space 640K,   1% used [0x00000000ff200000, 0x00000000ff202040, 0x00000000ff2a0000)
  to   space 640K,   0% used [0x00000000ff160000, 0x00000000ff160000, 0x00000000ff200000)
 concurrent mark-sweep generation total 13696K, used 10416K [0x00000000ff2a0000, 0x0000000100000000, 0x0000000100000000)
 Metaspace       used 5076K, capacity 5258K, committed 5504K, reserved 1056768K
  class space    used 557K, capacity 597K, committed 640K, reserved 1048576K
2024-07-16T11:01:38.060+0800: 2.940: [GC (Allocation Failure) 2024-07-16T11:01:38.060+0800: 2.940: [ParNew: 5237K->4K(6144K), 0.0011365 secs] 15654K->10420K(19840K), 0.0014344 secs] [Times: user=0.00 sys=0.00, real=0.00 secs] 
Heap after GC invocations=352 (full 44):
 par new generation   total 6144K, used 4K [0x00000000fec00000, 0x00000000ff2a0000, 0x00000000ff2a0000)
  eden space 5504K,   0% used [0x00000000fec00000, 0x00000000fec00000, 0x00000000ff160000)
  from space 640K,   0% used [0x00000000ff160000, 0x00000000ff161020, 0x00000000ff200000)
  to   space 640K,   0% used [0x00000000ff200000, 0x00000000ff200000, 0x00000000ff2a0000)
 concurrent mark-sweep generation total 13696K, used 10416K [0x00000000ff2a0000, 0x0000000100000000, 0x0000000100000000)
 Metaspace       used 5076K, capacity 5258K, committed 5504K, reserved 1056768K
  class space    used 557K, capacity 597K, committed 640K, reserved 1048576K
}
{Heap before GC invocations=352 (full 44):
 par new generation   total 6144K, used 5233K [0x00000000fec00000, 0x00000000ff2a0000, 0x00000000ff2a0000)
  eden space 5504K,  95% used [0x00000000fec00000, 0x00000000ff11b780, 0x00000000ff160000)
  from space 640K,   0% used [0x00000000ff160000, 0x00000000ff161020, 0x00000000ff200000)
  to   space 640K,   0% used [0x00000000ff200000, 0x00000000ff200000, 0x00000000ff2a0000)
 concurrent mark-sweep generation total 13696K, used 10416K [0x00000000ff2a0000, 0x0000000100000000, 0x0000000100000000)
 Metaspace       used 5076K, capacity 5258K, committed 5504K, reserved 1056768K
  class space    used 557K, capacity 597K, committed 640K, reserved 1048576K
2024-07-16T11:01:38.070+0800: 2.950: [GC (Allocation Failure) 2024-07-16T11:01:38.070+0800: 2.950: [ParNew: 5233K->4K(6144K), 0.0010570 secs] 15650K->10420K(19840K), 0.0011347 secs] [Times: user=0.00 sys=0.00, real=0.00 secs] 
Heap after GC invocations=353 (full 44):
 par new generation   total 6144K, used 4K [0x00000000fec00000, 0x00000000ff2a0000, 0x00000000ff2a0000)
  eden space 5504K,   0% used [0x00000000fec00000, 0x00000000fec00000, 0x00000000ff160000)
  from space 640K,   0% used [0x00000000ff200000, 0x00000000ff201020, 0x00000000ff2a0000)
  to   space 640K,   0% used [0x00000000ff160000, 0x00000000ff160000, 0x00000000ff200000)
 concurrent mark-sweep generation total 13696K, used 10416K [0x00000000ff2a0000, 0x0000000100000000, 0x0000000100000000)
 Metaspace       used 5076K, capacity 5258K, committed 5504K, reserved 1056768K
  class space    used 557K, capacity 597K, committed 640K, reserved 1048576K
}
{Heap before GC invocations=353 (full 44):
 par new generation   total 6144K, used 5233K [0x00000000fec00000, 0x00000000ff2a0000, 0x00000000ff2a0000)
  eden space 5504K,  95% used [0x00000000fec00000, 0x00000000ff11b780, 0x00000000ff160000)
  from space 640K,   0% used [0x00000000ff200000, 0x00000000ff201020, 0x00000000ff2a0000)
  to   space 640K,   0% used [0x00000000ff160000, 0x00000000ff160000, 0x00000000ff200000)
 concurrent mark-sweep generation total 13696K, used 10416K [0x00000000ff2a0000, 0x0000000100000000, 0x0000000100000000)
 Metaspace       used 5076K, capacity 5258K, committed 5504K, reserved 1056768K
  class space    used 557K, capacity 597K, committed 640K, reserved 1048576K
2024-07-16T11:01:38.079+0800: 2.959: [GC (Allocation Failure) 2024-07-16T11:01:38.079+0800: 2.959: [ParNew: 5233K->6K(6144K), 0.0004241 secs] 15650K->11448K(19840K), 0.0005066 secs] [Times: user=0.00 sys=0.00, real=0.00 secs] 
Heap after GC invocations=354 (full 44):
 par new generation   total 6144K, used 6K [0x00000000fec00000, 0x00000000ff2a0000, 0x00000000ff2a0000)
  eden space 5504K,   0% used [0x00000000fec00000, 0x00000000fec00000, 0x00000000ff160000)
  from space 640K,   0% used [0x00000000ff160000, 0x00000000ff161830, 0x00000000ff200000)
  to   space 640K,   0% used [0x00000000ff200000, 0x00000000ff200000, 0x00000000ff2a0000)
 concurrent mark-sweep generation total 13696K, used 11442K [0x00000000ff2a0000, 0x0000000100000000, 0x0000000100000000)
 Metaspace       used 5076K, capacity 5258K, committed 5504K, reserved 1056768K
  class space    used 557K, capacity 597K, committed 640K, reserved 1048576K
}
{Heap before GC invocations=354 (full 44):
 par new generation   total 6144K, used 5235K [0x00000000fec00000, 0x00000000ff2a0000, 0x00000000ff2a0000)
  eden space 5504K,  95% used [0x00000000fec00000, 0x00000000ff11b780, 0x00000000ff160000)
  from space 640K,   0% used [0x00000000ff160000, 0x00000000ff161830, 0x00000000ff200000)
  to   space 640K,   0% used [0x00000000ff200000, 0x00000000ff200000, 0x00000000ff2a0000)
 concurrent mark-sweep generation total 13696K, used 11442K [0x00000000ff2a0000, 0x0000000100000000, 0x0000000100000000)
 Metaspace       used 5076K, capacity 5258K, committed 5504K, reserved 1056768K
  class space    used 557K, capacity 597K, committed 640K, reserved 1048576K
2024-07-16T11:01:38.086+0800: 2.966: [GC (Allocation Failure) 2024-07-16T11:01:38.086+0800: 2.966: [ParNew: 5235K->2K(6144K), 0.0004418 secs] 16678K->11444K(19840K), 0.0004742 secs] [Times: user=0.00 sys=0.00, real=0.00 secs] 
Heap after GC invocations=355 (full 44):
 par new generation   total 6144K, used 2K [0x00000000fec00000, 0x00000000ff2a0000, 0x00000000ff2a0000)
  eden space 5504K,   0% used [0x00000000fec00000, 0x00000000fec00000, 0x00000000ff160000)
  from space 640K,   0% used [0x00000000ff200000, 0x00000000ff200810, 0x00000000ff2a0000)
  to   space 640K,   0% used [0x00000000ff160000, 0x00000000ff160000, 0x00000000ff200000)
 concurrent mark-sweep generation total 13696K, used 11442K [0x00000000ff2a0000, 0x0000000100000000, 0x0000000100000000)
 Metaspace       used 5076K, capacity 5258K, committed 5504K, reserved 1056768K
  class space    used 557K, capacity 597K, committed 640K, reserved 1048576K
}
{Heap before GC invocations=355 (full 44):
 par new generation   total 6144K, used 5231K [0x00000000fec00000, 0x00000000ff2a0000, 0x00000000ff2a0000)
  eden space 5504K,  95% used [0x00000000fec00000, 0x00000000ff11b780, 0x00000000ff160000)
  from space 640K,   0% used [0x00000000ff200000, 0x00000000ff200810, 0x00000000ff2a0000)
  to   space 640K,   0% used [0x00000000ff160000, 0x00000000ff160000, 0x00000000ff200000)
 concurrent mark-sweep generation total 13696K, used 11442K [0x00000000ff2a0000, 0x0000000100000000, 0x0000000100000000)
 Metaspace       used 5076K, capacity 5258K, committed 5504K, reserved 1056768K
  class space    used 557K, capacity 597K, committed 640K, reserved 1048576K
2024-07-16T11:01:38.093+0800: 2.973: [GC (Allocation Failure) 2024-07-16T11:01:38.093+0800: 2.973: [ParNew: 5231K->6K(6144K), 0.0010676 secs] 16674K->12472K(19840K), 0.0011308 secs] [Times: user=0.00 sys=0.00, real=0.00 secs] 
Heap after GC invocations=356 (full 44):
 par new generation   total 6144K, used 6K [0x00000000fec00000, 0x00000000ff2a0000, 0x00000000ff2a0000)
  eden space 5504K,   0% used [0x00000000fec00000, 0x00000000fec00000, 0x00000000ff160000)
  from space 640K,   0% used [0x00000000ff160000, 0x00000000ff161830, 0x00000000ff200000)
  to   space 640K,   0% used [0x00000000ff200000, 0x00000000ff200000, 0x00000000ff2a0000)
 concurrent mark-sweep generation total 13696K, used 12466K [0x00000000ff2a0000, 0x0000000100000000, 0x0000000100000000)
 Metaspace       used 5076K, capacity 5258K, committed 5504K, reserved 1056768K
  class space    used 557K, capacity 597K, committed 640K, reserved 1048576K
}
{Heap before GC invocations=356 (full 44):
 par new generation   total 6144K, used 5235K [0x00000000fec00000, 0x00000000ff2a0000, 0x00000000ff2a0000)
  eden space 5504K,  95% used [0x00000000fec00000, 0x00000000ff11b780, 0x00000000ff160000)
  from space 640K,   0% used [0x00000000ff160000, 0x00000000ff161830, 0x00000000ff200000)
  to   space 640K,   0% used [0x00000000ff200000, 0x00000000ff200000, 0x00000000ff2a0000)
 concurrent mark-sweep generation total 13696K, used 12466K [0x00000000ff2a0000, 0x0000000100000000, 0x0000000100000000)
 Metaspace       used 5076K, capacity 5258K, committed 5504K, reserved 1056768K
  class space    used 557K, capacity 597K, committed 640K, reserved 1048576K
2024-07-16T11:01:38.101+0800: 2.981: [GC (Allocation Failure) 2024-07-16T11:01:38.101+0800: 2.981: [ParNew: 5235K->5235K(6144K), 0.0000484 secs]2024-07-16T11:01:38.101+0800: 2.981: [CMS2024-07-16T11:01:38.101+0800: 2.981: [CMS-concurrent-abortable-preclean: 0.002/0.133 secs] [Times: user=0.16 sys=0.00, real=0.13 secs] 
 (concurrent mode failure): 12466K->2211K(13696K), 0.0048988 secs] 17702K->2211K(19840K), [Metaspace: 5076K->5076K(1056768K)], 0.0051367 secs] [Times: user=0.00 sys=0.00, real=0.00 secs] 
Heap after GC invocations=357 (full 45):
 par new generation   total 6144K, used 0K [0x00000000fec00000, 0x00000000ff2a0000, 0x00000000ff2a0000)
  eden space 5504K,   0% used [0x00000000fec00000, 0x00000000fec00000, 0x00000000ff160000)
  from space 640K,   0% used [0x00000000ff160000, 0x00000000ff160000, 0x00000000ff200000)
  to   space 640K,   0% used [0x00000000ff200000, 0x00000000ff200000, 0x00000000ff2a0000)
 concurrent mark-sweep generation total 13696K, used 2211K [0x00000000ff2a0000, 0x0000000100000000, 0x0000000100000000)
 Metaspace       used 5076K, capacity 5258K, committed 5504K, reserved 1056768K
  class space    used 557K, capacity 597K, committed 640K, reserved 1048576K
}
{Heap before GC invocations=357 (full 45):
 par new generation   total 6144K, used 5229K [0x00000000fec00000, 0x00000000ff2a0000, 0x00000000ff2a0000)
  eden space 5504K,  95% used [0x00000000fec00000, 0x00000000ff11b780, 0x00000000ff160000)
  from space 640K,   0% used [0x00000000ff160000, 0x00000000ff160000, 0x00000000ff200000)
  to   space 640K,   0% used [0x00000000ff200000, 0x00000000ff200000, 0x00000000ff2a0000)
 concurrent mark-sweep generation total 13696K, used 2211K [0x00000000ff2a0000, 0x0000000100000000, 0x0000000100000000)
 Metaspace       used 5076K, capacity 5258K, committed 5504K, reserved 1056768K
  class space    used 557K, capacity 597K, committed 640K, reserved 1048576K
2024-07-16T11:01:38.112+0800: 2.992: [GC (Allocation Failure) 2024-07-16T11:01:38.112+0800: 2.992: [ParNew: 5229K->8K(6144K), 0.0014035 secs] 7441K->3245K(19840K), 0.0014857 secs] [Times: user=0.00 sys=0.00, real=0.00 secs] 
Heap after GC invocations=358 (full 45):
 par new generation   total 6144K, used 8K [0x00000000fec00000, 0x00000000ff2a0000, 0x00000000ff2a0000)
  eden space 5504K,   0% used [0x00000000fec00000, 0x00000000fec00000, 0x00000000ff160000)
  from space 640K,   1% used [0x00000000ff200000, 0x00000000ff202040, 0x00000000ff2a0000)
  to   space 640K,   0% used [0x00000000ff160000, 0x00000000ff160000, 0x00000000ff200000)
 concurrent mark-sweep generation total 13696K, used 3237K [0x00000000ff2a0000, 0x0000000100000000, 0x0000000100000000)
 Metaspace       used 5076K, capacity 5258K, committed 5504K, reserved 1056768K
  class space    used 557K, capacity 597K, committed 640K, reserved 1048576K
}
{Heap before GC invocations=358 (full 45):
 par new generation   total 6144K, used 5237K [0x00000000fec00000, 0x00000000ff2a0000, 0x00000000ff2a0000)
  eden space 5504K,  95% used [0x00000000fec00000, 0x00000000ff11b780, 0x00000000ff160000)
  from space 640K,   1% used [0x00000000ff200000, 0x00000000ff202040, 0x00000000ff2a0000)
  to   space 640K,   0% used [0x00000000ff160000, 0x00000000ff160000, 0x00000000ff200000)
 concurrent mark-sweep generation total 13696K, used 3237K [0x00000000ff2a0000, 0x0000000100000000, 0x0000000100000000)
 Metaspace       used 5076K, capacity 5258K, committed 5504K, reserved 1056768K
  class space    used 557K, capacity 597K, committed 640K, reserved 1048576K
2024-07-16T11:01:38.119+0800: 2.999: [GC (Allocation Failure) 2024-07-16T11:01:38.119+0800: 2.999: [ParNew: 5237K->8K(6144K), 0.0014239 secs] 8475K->4271K(19840K), 0.0016261 secs] [Times: user=0.00 sys=0.00, real=0.00 secs] 
Heap after GC invocations=359 (full 45):
 par new generation   total 6144K, used 8K [0x00000000fec00000, 0x00000000ff2a0000, 0x00000000ff2a0000)
  eden space 5504K,   0% used [0x00000000fec00000, 0x00000000fec00000, 0x00000000ff160000)
  from space 640K,   1% used [0x00000000ff160000, 0x00000000ff162040, 0x00000000ff200000)
  to   space 640K,   0% used [0x00000000ff200000, 0x00000000ff200000, 0x00000000ff2a0000)
 concurrent mark-sweep generation total 13696K, used 4263K [0x00000000ff2a0000, 0x0000000100000000, 0x0000000100000000)
 Metaspace       used 5076K, capacity 5258K, committed 5504K, reserved 1056768K
  class space    used 557K, capacity 597K, committed 640K, reserved 1048576K
}
{Heap before GC invocations=359 (full 45):
 par new generation   total 6144K, used 5237K [0x00000000fec00000, 0x00000000ff2a0000, 0x00000000ff2a0000)
  eden space 5504K,  95% used [0x00000000fec00000, 0x00000000ff11b780, 0x00000000ff160000)
  from space 640K,   1% used [0x00000000ff160000, 0x00000000ff162040, 0x00000000ff200000)
  to   space 640K,   0% used [0x00000000ff200000, 0x00000000ff200000, 0x00000000ff2a0000)
 concurrent mark-sweep generation total 13696K, used 4263K [0x00000000ff2a0000, 0x0000000100000000, 0x0000000100000000)
 Metaspace       used 5076K, capacity 5258K, committed 5504K, reserved 1056768K
  class space    used 557K, capacity 597K, committed 640K, reserved 1048576K
2024-07-16T11:01:38.128+0800: 3.008: [GC (Allocation Failure) 2024-07-16T11:01:38.128+0800: 3.008: [ParNew: 5237K->8K(6144K), 0.0016592 secs] 9501K->6322K(19840K), 0.0017839 secs] [Times: user=0.00 sys=0.00, real=0.00 secs] 
Heap after GC invocations=360 (full 45):
 par new generation   total 6144K, used 8K [0x00000000fec00000, 0x00000000ff2a0000, 0x00000000ff2a0000)
  eden space 5504K,   0% used [0x00000000fec00000, 0x00000000fec00000, 0x00000000ff160000)
  from space 640K,   1% used [0x00000000ff200000, 0x00000000ff202040, 0x00000000ff2a0000)
  to   space 640K,   0% used [0x00000000ff160000, 0x00000000ff160000, 0x00000000ff200000)
 concurrent mark-sweep generation total 13696K, used 6314K [0x00000000ff2a0000, 0x0000000100000000, 0x0000000100000000)
 Metaspace       used 5076K, capacity 5258K, committed 5504K, reserved 1056768K
  class space    used 557K, capacity 597K, committed 640K, reserved 1048576K
}
2024-07-16T11:01:38.130+0800: 3.010: [GC (CMS Initial Mark) [1 CMS-initial-mark: 6314K(13696K)] 7348K(19840K), 0.0005410 secs] [Times: user=0.00 sys=0.00, real=0.00 secs] 
2024-07-16T11:01:38.131+0800: 3.011: [CMS-concurrent-mark-start]
2024-07-16T11:01:38.136+0800: 3.016: [CMS-concurrent-mark: 0.006/0.006 secs] [Times: user=0.00 sys=0.00, real=0.00 secs] 
2024-07-16T11:01:38.136+0800: 3.017: [CMS-concurrent-preclean-start]
2024-07-16T11:01:38.136+0800: 3.017: [CMS-concurrent-preclean: 0.000/0.000 secs] [Times: user=0.00 sys=0.00, real=0.00 secs] 
2024-07-16T11:01:38.136+0800: 3.017: [CMS-concurrent-abortable-preclean-start]
{Heap before GC invocations=360 (full 46):
 par new generation   total 6144K, used 5237K [0x00000000fec00000, 0x00000000ff2a0000, 0x00000000ff2a0000)
  eden space 5504K,  95% used [0x00000000fec00000, 0x00000000ff11b780, 0x00000000ff160000)
  from space 640K,   1% used [0x00000000ff200000, 0x00000000ff202040, 0x00000000ff2a0000)
  to   space 640K,   0% used [0x00000000ff160000, 0x00000000ff160000, 0x00000000ff200000)
 concurrent mark-sweep generation total 13696K, used 6314K [0x00000000ff2a0000, 0x0000000100000000, 0x0000000100000000)
 Metaspace       used 5076K, capacity 5258K, committed 5504K, reserved 1056768K
  class space    used 557K, capacity 597K, committed 640K, reserved 1048576K
2024-07-16T11:01:38.139+0800: 3.019: [GC (Allocation Failure) 2024-07-16T11:01:38.139+0800: 3.019: [ParNew: 5237K->10K(6144K), 0.0013787 secs] 11551K->8374K(19840K), 0.0015289 secs] [Times: user=0.00 sys=0.00, real=0.00 secs] 
Heap after GC invocations=361 (full 46):
 par new generation   total 6144K, used 10K [0x00000000fec00000, 0x00000000ff2a0000, 0x00000000ff2a0000)
  eden space 5504K,   0% used [0x00000000fec00000, 0x00000000fec00000, 0x00000000ff160000)
  from space 640K,   1% used [0x00000000ff160000, 0x00000000ff162850, 0x00000000ff200000)
  to   space 640K,   0% used [0x00000000ff200000, 0x00000000ff200000, 0x00000000ff2a0000)
 concurrent mark-sweep generation total 13696K, used 8364K [0x00000000ff2a0000, 0x0000000100000000, 0x0000000100000000)
 Metaspace       used 5076K, capacity 5258K, committed 5504K, reserved 1056768K
  class space    used 557K, capacity 597K, committed 640K, reserved 1048576K
}
{Heap before GC invocations=361 (full 46):
 par new generation   total 6144K, used 5239K [0x00000000fec00000, 0x00000000ff2a0000, 0x00000000ff2a0000)
  eden space 5504K,  95% used [0x00000000fec00000, 0x00000000ff11b780, 0x00000000ff160000)
  from space 640K,   1% used [0x00000000ff160000, 0x00000000ff162850, 0x00000000ff200000)
  to   space 640K,   0% used [0x00000000ff200000, 0x00000000ff200000, 0x00000000ff2a0000)
 concurrent mark-sweep generation total 13696K, used 8364K [0x00000000ff2a0000, 0x0000000100000000, 0x0000000100000000)
 Metaspace       used 5076K, capacity 5258K, committed 5504K, reserved 1056768K
  class space    used 557K, capacity 597K, committed 640K, reserved 1048576K
2024-07-16T11:01:38.147+0800: 3.027: [GC (Allocation Failure) 2024-07-16T11:01:38.147+0800: 3.027: [ParNew: 5239K->4K(6144K), 0.0008263 secs] 13604K->8368K(19840K), 0.0009172 secs] [Times: user=0.00 sys=0.00, real=0.00 secs] 
Heap after GC invocations=362 (full 46):
 par new generation   total 6144K, used 4K [0x00000000fec00000, 0x00000000ff2a0000, 0x00000000ff2a0000)
  eden space 5504K,   0% used [0x00000000fec00000, 0x00000000fec00000, 0x00000000ff160000)
  from space 640K,   0% used [0x00000000ff200000, 0x00000000ff201020, 0x00000000ff2a0000)
  to   space 640K,   0% used [0x00000000ff160000, 0x00000000ff160000, 0x00000000ff200000)
 concurrent mark-sweep generation total 13696K, used 8364K [0x00000000ff2a0000, 0x0000000100000000, 0x0000000100000000)
 Metaspace       used 5076K, capacity 5258K, committed 5504K, reserved 1056768K
  class space    used 557K, capacity 597K, committed 640K, reserved 1048576K
}
{Heap before GC invocations=362 (full 46):
 par new generation   total 6144K, used 5233K [0x00000000fec00000, 0x00000000ff2a0000, 0x00000000ff2a0000)
  eden space 5504K,  95% used [0x00000000fec00000, 0x00000000ff11b780, 0x00000000ff160000)
  from space 640K,   0% used [0x00000000ff200000, 0x00000000ff201020, 0x00000000ff2a0000)
  to   space 640K,   0% used [0x00000000ff160000, 0x00000000ff160000, 0x00000000ff200000)
 concurrent mark-sweep generation total 13696K, used 8364K [0x00000000ff2a0000, 0x0000000100000000, 0x0000000100000000)
 Metaspace       used 5076K, capacity 5258K, committed 5504K, reserved 1056768K
  class space    used 557K, capacity 597K, committed 640K, reserved 1048576K
2024-07-16T11:01:38.156+0800: 3.036: [GC (Allocation Failure) 2024-07-16T11:01:38.156+0800: 3.036: [ParNew: 5233K->8K(6144K), 0.0014506 secs] 13597K->9398K(19840K), 0.0015445 secs] [Times: user=0.00 sys=0.00, real=0.00 secs] 
Heap after GC invocations=363 (full 46):
 par new generation   total 6144K, used 8K [0x00000000fec00000, 0x00000000ff2a0000, 0x00000000ff2a0000)
  eden space 5504K,   0% used [0x00000000fec00000, 0x00000000fec00000, 0x00000000ff160000)
  from space 640K,   1% used [0x00000000ff160000, 0x00000000ff162040, 0x00000000ff200000)
  to   space 640K,   0% used [0x00000000ff200000, 0x00000000ff200000, 0x00000000ff2a0000)
 concurrent mark-sweep generation total 13696K, used 9390K [0x00000000ff2a0000, 0x0000000100000000, 0x0000000100000000)
 Metaspace       used 5076K, capacity 5258K, committed 5504K, reserved 1056768K
  class space    used 557K, capacity 597K, committed 640K, reserved 1048576K
}
{Heap before GC invocations=363 (full 46):
 par new generation   total 6144K, used 5237K [0x00000000fec00000, 0x00000000ff2a0000, 0x00000000ff2a0000)
  eden space 5504K,  95% used [0x00000000fec00000, 0x00000000ff11b780, 0x00000000ff160000)
  from space 640K,   1% used [0x00000000ff160000, 0x00000000ff162040, 0x00000000ff200000)
  to   space 640K,   0% used [0x00000000ff200000, 0x00000000ff200000, 0x00000000ff2a0000)
 concurrent mark-sweep generation total 13696K, used 9390K [0x00000000ff2a0000, 0x0000000100000000, 0x0000000100000000)
 Metaspace       used 5076K, capacity 5258K, committed 5504K, reserved 1056768K
  class space    used 557K, capacity 597K, committed 640K, reserved 1048576K
2024-07-16T11:01:38.164+0800: 3.044: [GC (Allocation Failure) 2024-07-16T11:01:38.164+0800: 3.044: [ParNew: 5237K->6K(6144K), 0.0012042 secs] 14628K->10420K(19840K), 0.0013882 secs] [Times: user=0.00 sys=0.00, real=0.00 secs] 
Heap after GC invocations=364 (full 46):
 par new generation   total 6144K, used 6K [0x00000000fec00000, 0x00000000ff2a0000, 0x00000000ff2a0000)
  eden space 5504K,   0% used [0x00000000fec00000, 0x00000000fec00000, 0x00000000ff160000)
  from space 640K,   0% used [0x00000000ff200000, 0x00000000ff201830, 0x00000000ff2a0000)
  to   space 640K,   0% used [0x00000000ff160000, 0x00000000ff160000, 0x00000000ff200000)
 concurrent mark-sweep generation total 13696K, used 10414K [0x00000000ff2a0000, 0x0000000100000000, 0x0000000100000000)
 Metaspace       used 5076K, capacity 5258K, committed 5504K, reserved 1056768K
  class space    used 557K, capacity 597K, committed 640K, reserved 1048576K
}
{Heap before GC invocations=364 (full 46):
 par new generation   total 6144K, used 5235K [0x00000000fec00000, 0x00000000ff2a0000, 0x00000000ff2a0000)
  eden space 5504K,  95% used [0x00000000fec00000, 0x00000000ff11b780, 0x00000000ff160000)
  from space 640K,   0% used [0x00000000ff200000, 0x00000000ff201830, 0x00000000ff2a0000)
  to   space 640K,   0% used [0x00000000ff160000, 0x00000000ff160000, 0x00000000ff200000)
 concurrent mark-sweep generation total 13696K, used 10414K [0x00000000ff2a0000, 0x0000000100000000, 0x0000000100000000)
 Metaspace       used 5076K, capacity 5258K, committed 5504K, reserved 1056768K
  class space    used 557K, capacity 597K, committed 640K, reserved 1048576K
2024-07-16T11:01:38.172+0800: 3.052: [GC (Allocation Failure) 2024-07-16T11:01:38.172+0800: 3.052: [ParNew: 5235K->4K(6144K), 0.0010167 secs] 15650K->10418K(19840K), 0.0011365 secs] [Times: user=0.00 sys=0.00, real=0.00 secs] 
Heap after GC invocations=365 (full 46):
 par new generation   total 6144K, used 4K [0x00000000fec00000, 0x00000000ff2a0000, 0x00000000ff2a0000)
  eden space 5504K,   0% used [0x00000000fec00000, 0x00000000fec00000, 0x00000000ff160000)
  from space 640K,   0% used [0x00000000ff160000, 0x00000000ff161020, 0x00000000ff200000)
  to   space 640K,   0% used [0x00000000ff200000, 0x00000000ff200000, 0x00000000ff2a0000)
 concurrent mark-sweep generation total 13696K, used 10414K [0x00000000ff2a0000, 0x0000000100000000, 0x0000000100000000)
 Metaspace       used 5076K, capacity 5258K, committed 5504K, reserved 1056768K
  class space    used 557K, capacity 597K, committed 640K, reserved 1048576K
}
{Heap before GC invocations=365 (full 46):
 par new generation   total 6144K, used 5233K [0x00000000fec00000, 0x00000000ff2a0000, 0x00000000ff2a0000)
  eden space 5504K,  95% used [0x00000000fec00000, 0x00000000ff11b780, 0x00000000ff160000)
  from space 640K,   0% used [0x00000000ff160000, 0x00000000ff161020, 0x00000000ff200000)
  to   space 640K,   0% used [0x00000000ff200000, 0x00000000ff200000, 0x00000000ff2a0000)
 concurrent mark-sweep generation total 13696K, used 10414K [0x00000000ff2a0000, 0x0000000100000000, 0x0000000100000000)
 Metaspace       used 5076K, capacity 5258K, committed 5504K, reserved 1056768K
  class space    used 557K, capacity 597K, committed 640K, reserved 1048576K
2024-07-16T11:01:38.182+0800: 3.062: [GC (Allocation Failure) 2024-07-16T11:01:38.182+0800: 3.062: [ParNew: 5233K->4K(6144K), 0.0010860 secs] 15648K->10418K(19840K), 0.0013496 secs] [Times: user=0.00 sys=0.00, real=0.00 secs] 
Heap after GC invocations=366 (full 46):
 par new generation   total 6144K, used 4K [0x00000000fec00000, 0x00000000ff2a0000, 0x00000000ff2a0000)
  eden space 5504K,   0% used [0x00000000fec00000, 0x00000000fec00000, 0x00000000ff160000)
  from space 640K,   0% used [0x00000000ff200000, 0x00000000ff201020, 0x00000000ff2a0000)
  to   space 640K,   0% used [0x00000000ff160000, 0x00000000ff160000, 0x00000000ff200000)
 concurrent mark-sweep generation total 13696K, used 10414K [0x00000000ff2a0000, 0x0000000100000000, 0x0000000100000000)
 Metaspace       used 5076K, capacity 5258K, committed 5504K, reserved 1056768K
  class space    used 557K, capacity 597K, committed 640K, reserved 1048576K
}
{Heap before GC invocations=366 (full 46):
 par new generation   total 6144K, used 5233K [0x00000000fec00000, 0x00000000ff2a0000, 0x00000000ff2a0000)
  eden space 5504K,  95% used [0x00000000fec00000, 0x00000000ff11b780, 0x00000000ff160000)
  from space 640K,   0% used [0x00000000ff200000, 0x00000000ff201020, 0x00000000ff2a0000)
  to   space 640K,   0% used [0x00000000ff160000, 0x00000000ff160000, 0x00000000ff200000)
 concurrent mark-sweep generation total 13696K, used 10414K [0x00000000ff2a0000, 0x0000000100000000, 0x0000000100000000)
 Metaspace       used 5076K, capacity 5258K, committed 5504K, reserved 1056768K
  class space    used 557K, capacity 597K, committed 640K, reserved 1048576K
2024-07-16T11:01:38.191+0800: 3.071: [GC (Allocation Failure) 2024-07-16T11:01:38.191+0800: 3.071: [ParNew: 5233K->4K(6144K), 0.0012737 secs] 15648K->10418K(19840K), 0.0013947 secs] [Times: user=0.00 sys=0.00, real=0.00 secs] 
Heap after GC invocations=367 (full 46):
 par new generation   total 6144K, used 4K [0x00000000fec00000, 0x00000000ff2a0000, 0x00000000ff2a0000)
  eden space 5504K,   0% used [0x00000000fec00000, 0x00000000fec00000, 0x00000000ff160000)
  from space 640K,   0% used [0x00000000ff160000, 0x00000000ff161020, 0x00000000ff200000)
  to   space 640K,   0% used [0x00000000ff200000, 0x00000000ff200000, 0x00000000ff2a0000)
 concurrent mark-sweep generation total 13696K, used 10414K [0x00000000ff2a0000, 0x0000000100000000, 0x0000000100000000)
 Metaspace       used 5076K, capacity 5258K, committed 5504K, reserved 1056768K
  class space    used 557K, capacity 597K, committed 640K, reserved 1048576K
}
{Heap before GC invocations=367 (full 46):
 par new generation   total 6144K, used 5233K [0x00000000fec00000, 0x00000000ff2a0000, 0x00000000ff2a0000)
  eden space 5504K,  95% used [0x00000000fec00000, 0x00000000ff11b780, 0x00000000ff160000)
  from space 640K,   0% used [0x00000000ff160000, 0x00000000ff161020, 0x00000000ff200000)
  to   space 640K,   0% used [0x00000000ff200000, 0x00000000ff200000, 0x00000000ff2a0000)
 concurrent mark-sweep generation total 13696K, used 10414K [0x00000000ff2a0000, 0x0000000100000000, 0x0000000100000000)
 Metaspace       used 5076K, capacity 5258K, committed 5504K, reserved 1056768K
  class space    used 557K, capacity 597K, committed 640K, reserved 1048576K
2024-07-16T11:01:38.199+0800: 3.079: [GC (Allocation Failure) 2024-07-16T11:01:38.199+0800: 3.079: [ParNew: 5233K->8K(6144K), 0.0012371 secs] 15648K->11446K(19840K), 0.0013263 secs] [Times: user=0.00 sys=0.00, real=0.00 secs] 
Heap after GC invocations=368 (full 46):
 par new generation   total 6144K, used 8K [0x00000000fec00000, 0x00000000ff2a0000, 0x00000000ff2a0000)
  eden space 5504K,   0% used [0x00000000fec00000, 0x00000000fec00000, 0x00000000ff160000)
  from space 640K,   1% used [0x00000000ff200000, 0x00000000ff202040, 0x00000000ff2a0000)
  to   space 640K,   0% used [0x00000000ff160000, 0x00000000ff160000, 0x00000000ff200000)
 concurrent mark-sweep generation total 13696K, used 11438K [0x00000000ff2a0000, 0x0000000100000000, 0x0000000100000000)
 Metaspace       used 5076K, capacity 5258K, committed 5504K, reserved 1056768K
  class space    used 557K, capacity 597K, committed 640K, reserved 1048576K
}
{Heap before GC invocations=368 (full 46):
 par new generation   total 6144K, used 5237K [0x00000000fec00000, 0x00000000ff2a0000, 0x00000000ff2a0000)
  eden space 5504K,  95% used [0x00000000fec00000, 0x00000000ff11b780, 0x00000000ff160000)
  from space 640K,   1% used [0x00000000ff200000, 0x00000000ff202040, 0x00000000ff2a0000)
  to   space 640K,   0% used [0x00000000ff160000, 0x00000000ff160000, 0x00000000ff200000)
 concurrent mark-sweep generation total 13696K, used 11438K [0x00000000ff2a0000, 0x0000000100000000, 0x0000000100000000)
 Metaspace       used 5076K, capacity 5258K, committed 5504K, reserved 1056768K
  class space    used 557K, capacity 597K, committed 640K, reserved 1048576K
2024-07-16T11:01:38.208+0800: 3.088: [GC (Allocation Failure) 2024-07-16T11:01:38.208+0800: 3.088: [ParNew: 5237K->4K(6144K), 0.0011021 secs] 16676K->11442K(19840K), 0.0012245 secs] [Times: user=0.00 sys=0.00, real=0.00 secs] 
Heap after GC invocations=369 (full 46):
 par new generation   total 6144K, used 4K [0x00000000fec00000, 0x00000000ff2a0000, 0x00000000ff2a0000)
  eden space 5504K,   0% used [0x00000000fec00000, 0x00000000fec00000, 0x00000000ff160000)
  from space 640K,   0% used [0x00000000ff160000, 0x00000000ff161020, 0x00000000ff200000)
  to   space 640K,   0% used [0x00000000ff200000, 0x00000000ff200000, 0x00000000ff2a0000)
 concurrent mark-sweep generation total 13696K, used 11438K [0x00000000ff2a0000, 0x0000000100000000, 0x0000000100000000)
 Metaspace       used 5076K, capacity 5258K, committed 5504K, reserved 1056768K
  class space    used 557K, capacity 597K, committed 640K, reserved 1048576K
}
{Heap before GC invocations=369 (full 46):
 par new generation   total 6144K, used 5233K [0x00000000fec00000, 0x00000000ff2a0000, 0x00000000ff2a0000)
  eden space 5504K,  95% used [0x00000000fec00000, 0x00000000ff11b780, 0x00000000ff160000)
  from space 640K,   0% used [0x00000000ff160000, 0x00000000ff161020, 0x00000000ff200000)
  to   space 640K,   0% used [0x00000000ff200000, 0x00000000ff200000, 0x00000000ff2a0000)
 concurrent mark-sweep generation total 13696K, used 11438K [0x00000000ff2a0000, 0x0000000100000000, 0x0000000100000000)
 Metaspace       used 5076K, capacity 5258K, committed 5504K, reserved 1056768K
  class space    used 557K, capacity 597K, committed 640K, reserved 1048576K
2024-07-16T11:01:38.216+0800: 3.096: [GC (Allocation Failure) 2024-07-16T11:01:38.216+0800: 3.096: [ParNew: 5233K->6K(6144K), 0.0015344 secs] 16672K->12468K(19840K), 0.0016415 secs] [Times: user=0.00 sys=0.00, real=0.00 secs] 
Heap after GC invocations=370 (full 46):
 par new generation   total 6144K, used 6K [0x00000000fec00000, 0x00000000ff2a0000, 0x00000000ff2a0000)
  eden space 5504K,   0% used [0x00000000fec00000, 0x00000000fec00000, 0x00000000ff160000)
  from space 640K,   0% used [0x00000000ff200000, 0x00000000ff201830, 0x00000000ff2a0000)
  to   space 640K,   0% used [0x00000000ff160000, 0x00000000ff160000, 0x00000000ff200000)
 concurrent mark-sweep generation total 13696K, used 12462K [0x00000000ff2a0000, 0x0000000100000000, 0x0000000100000000)
 Metaspace       used 5076K, capacity 5258K, committed 5504K, reserved 1056768K
  class space    used 557K, capacity 597K, committed 640K, reserved 1048576K
}
{Heap before GC invocations=370 (full 46):
 par new generation   total 6144K, used 5235K [0x00000000fec00000, 0x00000000ff2a0000, 0x00000000ff2a0000)
  eden space 5504K,  95% used [0x00000000fec00000, 0x00000000ff11b780, 0x00000000ff160000)
  from space 640K,   0% used [0x00000000ff200000, 0x00000000ff201830, 0x00000000ff2a0000)
  to   space 640K,   0% used [0x00000000ff160000, 0x00000000ff160000, 0x00000000ff200000)
 concurrent mark-sweep generation total 13696K, used 12462K [0x00000000ff2a0000, 0x0000000100000000, 0x0000000100000000)
 Metaspace       used 5076K, capacity 5258K, committed 5504K, reserved 1056768K
  class space    used 557K, capacity 597K, committed 640K, reserved 1048576K
2024-07-16T11:01:38.225+0800: 3.105: [GC (Allocation Failure) 2024-07-16T11:01:38.225+0800: 3.105: [ParNew: 5235K->5235K(6144K), 0.0000460 secs]2024-07-16T11:01:38.225+0800: 3.105: [CMS2024-07-16T11:01:38.225+0800: 3.105: [CMS-concurrent-abortable-preclean: 0.001/0.089 secs] [Times: user=0.00 sys=0.00, real=0.09 secs] 
 (concurrent mode failure): 12462K->1187K(13696K), 0.0052455 secs] 17698K->1187K(19840K), [Metaspace: 5076K->5076K(1056768K)], 0.0054104 secs] [Times: user=0.00 sys=0.00, real=0.01 secs] 
Heap after GC invocations=371 (full 47):
 par new generation   total 6144K, used 0K [0x00000000fec00000, 0x00000000ff2a0000, 0x00000000ff2a0000)
  eden space 5504K,   0% used [0x00000000fec00000, 0x00000000fec00000, 0x00000000ff160000)
  from space 640K,   0% used [0x00000000ff200000, 0x00000000ff200000, 0x00000000ff2a0000)
  to   space 640K,   0% used [0x00000000ff160000, 0x00000000ff160000, 0x00000000ff200000)
 concurrent mark-sweep generation total 13696K, used 1187K [0x00000000ff2a0000, 0x0000000100000000, 0x0000000100000000)
 Metaspace       used 5076K, capacity 5258K, committed 5504K, reserved 1056768K
  class space    used 557K, capacity 597K, committed 640K, reserved 1048576K
}
{Heap before GC invocations=371 (full 47):
 par new generation   total 6144K, used 5229K [0x00000000fec00000, 0x00000000ff2a0000, 0x00000000ff2a0000)
  eden space 5504K,  95% used [0x00000000fec00000, 0x00000000ff11b780, 0x00000000ff160000)
  from space 640K,   0% used [0x00000000ff200000, 0x00000000ff200000, 0x00000000ff2a0000)
  to   space 640K,   0% used [0x00000000ff160000, 0x00000000ff160000, 0x00000000ff200000)
 concurrent mark-sweep generation total 13696K, used 1187K [0x00000000ff2a0000, 0x0000000100000000, 0x0000000100000000)
 Metaspace       used 5076K, capacity 5258K, committed 5504K, reserved 1056768K
  class space    used 557K, capacity 597K, committed 640K, reserved 1048576K
2024-07-16T11:01:38.236+0800: 3.116: [GC (Allocation Failure) 2024-07-16T11:01:38.236+0800: 3.116: [ParNew: 5229K->18K(6144K), 0.0009142 secs] 6417K->2232K(19840K), 0.0009965 secs] [Times: user=0.02 sys=0.02, real=0.00 secs] 
Heap after GC invocations=372 (full 47):
 par new generation   total 6144K, used 18K [0x00000000fec00000, 0x00000000ff2a0000, 0x00000000ff2a0000)
  eden space 5504K,   0% used [0x00000000fec00000, 0x00000000fec00000, 0x00000000ff160000)
  from space 640K,   2% used [0x00000000ff160000, 0x00000000ff164bb0, 0x00000000ff200000)
  to   space 640K,   0% used [0x00000000ff200000, 0x00000000ff200000, 0x00000000ff2a0000)
 concurrent mark-sweep generation total 13696K, used 2213K [0x00000000ff2a0000, 0x0000000100000000, 0x0000000100000000)
 Metaspace       used 5076K, capacity 5258K, committed 5504K, reserved 1056768K
  class space    used 557K, capacity 597K, committed 640K, reserved 1048576K
}
{Heap before GC invocations=372 (full 47):
 par new generation   total 6144K, used 5248K [0x00000000fec00000, 0x00000000ff2a0000, 0x00000000ff2a0000)
  eden space 5504K,  95% used [0x00000000fec00000, 0x00000000ff11b780, 0x00000000ff160000)
  from space 640K,   2% used [0x00000000ff160000, 0x00000000ff164bb0, 0x00000000ff200000)
  to   space 640K,   0% used [0x00000000ff200000, 0x00000000ff200000, 0x00000000ff2a0000)
 concurrent mark-sweep generation total 13696K, used 2213K [0x00000000ff2a0000, 0x0000000100000000, 0x0000000100000000)
 Metaspace       used 5076K, capacity 5258K, committed 5504K, reserved 1056768K
  class space    used 557K, capacity 597K, committed 640K, reserved 1048576K
2024-07-16T11:01:38.243+0800: 3.123: [GC (Allocation Failure) 2024-07-16T11:01:38.243+0800: 3.123: [ParNew: 5248K->16K(6144K), 0.0012571 secs] 7462K->3256K(19840K), 0.0013306 secs] [Times: user=0.00 sys=0.00, real=0.00 secs] 
Heap after GC invocations=373 (full 47):
 par new generation   total 6144K, used 16K [0x00000000fec00000, 0x00000000ff2a0000, 0x00000000ff2a0000)
  eden space 5504K,   0% used [0x00000000fec00000, 0x00000000fec00000, 0x00000000ff160000)
  from space 640K,   2% used [0x00000000ff200000, 0x00000000ff2043a0, 0x00000000ff2a0000)
  to   space 640K,   0% used [0x00000000ff160000, 0x00000000ff160000, 0x00000000ff200000)
 concurrent mark-sweep generation total 13696K, used 3239K [0x00000000ff2a0000, 0x0000000100000000, 0x0000000100000000)
 Metaspace       used 5076K, capacity 5258K, committed 5504K, reserved 1056768K
  class space    used 557K, capacity 597K, committed 640K, reserved 1048576K
}
{Heap before GC invocations=373 (full 47):
 par new generation   total 6144K, used 5246K [0x00000000fec00000, 0x00000000ff2a0000, 0x00000000ff2a0000)
  eden space 5504K,  95% used [0x00000000fec00000, 0x00000000ff11b7d0, 0x00000000ff160000)
  from space 640K,   2% used [0x00000000ff200000, 0x00000000ff2043a0, 0x00000000ff2a0000)
  to   space 640K,   0% used [0x00000000ff160000, 0x00000000ff160000, 0x00000000ff200000)
 concurrent mark-sweep generation total 13696K, used 3239K [0x00000000ff2a0000, 0x0000000100000000, 0x0000000100000000)
 Metaspace       used 5076K, capacity 5258K, committed 5504K, reserved 1056768K
  class space    used 557K, capacity 597K, committed 640K, reserved 1048576K
2024-07-16T11:01:38.250+0800: 3.130: [GC (Allocation Failure) 2024-07-16T11:01:38.250+0800: 3.130: [ParNew: 5246K->18K(6144K), 0.0013523 secs] 8486K->4282K(19840K), 0.0014368 secs] [Times: user=0.00 sys=0.00, real=0.00 secs] 
Heap after GC invocations=374 (full 47):
 par new generation   total 6144K, used 18K [0x00000000fec00000, 0x00000000ff2a0000, 0x00000000ff2a0000)
  eden space 5504K,   0% used [0x00000000fec00000, 0x00000000fec00000, 0x00000000ff160000)
  from space 640K,   2% used [0x00000000ff160000, 0x00000000ff164bb0, 0x00000000ff200000)
  to   space 640K,   0% used [0x00000000ff200000, 0x00000000ff200000, 0x00000000ff2a0000)
 concurrent mark-sweep generation total 13696K, used 4263K [0x00000000ff2a0000, 0x0000000100000000, 0x0000000100000000)
 Metaspace       used 5076K, capacity 5258K, committed 5504K, reserved 1056768K
  class space    used 557K, capacity 597K, committed 640K, reserved 1048576K
}
2024-07-16T11:01:38.251+0800: 3.132: [GC (CMS Initial Mark) [1 CMS-initial-mark: 4263K(13696K)] 5308K(19840K), 0.0004153 secs] [Times: user=0.00 sys=0.00, real=0.00 secs] 
2024-07-16T11:01:38.252+0800: 3.132: [CMS-concurrent-mark-start]
2024-07-16T11:01:38.257+0800: 3.138: [CMS-concurrent-mark: 0.005/0.005 secs] [Times: user=0.05 sys=0.00, real=0.00 secs] 
2024-07-16T11:01:38.257+0800: 3.138: [CMS-concurrent-preclean-start]
2024-07-16T11:01:38.258+0800: 3.138: [CMS-concurrent-preclean: 0.000/0.000 secs] [Times: user=0.00 sys=0.00, real=0.00 secs] 
2024-07-16T11:01:38.258+0800: 3.138: [CMS-concurrent-abortable-preclean-start]
{Heap before GC invocations=374 (full 48):
 par new generation   total 6144K, used 5248K [0x00000000fec00000, 0x00000000ff2a0000, 0x00000000ff2a0000)
  eden space 5504K,  95% used [0x00000000fec00000, 0x00000000ff11b7b0, 0x00000000ff160000)
  from space 640K,   2% used [0x00000000ff160000, 0x00000000ff164bb0, 0x00000000ff200000)
  to   space 640K,   0% used [0x00000000ff200000, 0x00000000ff200000, 0x00000000ff2a0000)
 concurrent mark-sweep generation total 13696K, used 4263K [0x00000000ff2a0000, 0x0000000100000000, 0x0000000100000000)
 Metaspace       used 5076K, capacity 5258K, committed 5504K, reserved 1056768K
  class space    used 557K, capacity 597K, committed 640K, reserved 1048576K
2024-07-16T11:01:38.259+0800: 3.139: [GC (Allocation Failure) 2024-07-16T11:01:38.259+0800: 3.139: [ParNew: 5248K->14K(6144K), 0.0008799 secs] 9512K->4278K(19840K), 0.0009471 secs] [Times: user=0.00 sys=0.00, real=0.00 secs] 
Heap after GC invocations=375 (full 48):
 par new generation   total 6144K, used 14K [0x00000000fec00000, 0x00000000ff2a0000, 0x00000000ff2a0000)
  eden space 5504K,   0% used [0x00000000fec00000, 0x00000000fec00000, 0x00000000ff160000)
  from space 640K,   2% used [0x00000000ff200000, 0x00000000ff203b90, 0x00000000ff2a0000)
  to   space 640K,   0% used [0x00000000ff160000, 0x00000000ff160000, 0x00000000ff200000)
 concurrent mark-sweep generation total 13696K, used 4263K [0x00000000ff2a0000, 0x0000000100000000, 0x0000000100000000)
 Metaspace       used 5076K, capacity 5258K, committed 5504K, reserved 1056768K
  class space    used 557K, capacity 597K, committed 640K, reserved 1048576K
}
{Heap before GC invocations=375 (full 48):
 par new generation   total 6144K, used 5244K [0x00000000fec00000, 0x00000000ff2a0000, 0x00000000ff2a0000)
  eden space 5504K,  95% used [0x00000000fec00000, 0x00000000ff11b7a0, 0x00000000ff160000)
  from space 640K,   2% used [0x00000000ff200000, 0x00000000ff203b90, 0x00000000ff2a0000)
  to   space 640K,   0% used [0x00000000ff160000, 0x00000000ff160000, 0x00000000ff200000)
 concurrent mark-sweep generation total 13696K, used 4263K [0x00000000ff2a0000, 0x0000000100000000, 0x0000000100000000)
 Metaspace       used 5076K, capacity 5258K, committed 5504K, reserved 1056768K
  class space    used 557K, capacity 597K, committed 640K, reserved 1048576K
2024-07-16T11:01:38.267+0800: 3.147: [GC (Allocation Failure) 2024-07-16T11:01:38.267+0800: 3.147: [ParNew: 5244K->14K(6144K), 0.0012602 secs] 9508K->4278K(19840K), 0.0013403 secs] [Times: user=0.16 sys=0.00, real=0.00 secs] 
Heap after GC invocations=376 (full 48):
 par new generation   total 6144K, used 14K [0x00000000fec00000, 0x00000000ff2a0000, 0x00000000ff2a0000)
  eden space 5504K,   0% used [0x00000000fec00000, 0x00000000fec00000, 0x00000000ff160000)
  from space 640K,   2% used [0x00000000ff160000, 0x00000000ff163b90, 0x00000000ff200000)
  to   space 640K,   0% used [0x00000000ff200000, 0x00000000ff200000, 0x00000000ff2a0000)
 concurrent mark-sweep generation total 13696K, used 4263K [0x00000000ff2a0000, 0x0000000100000000, 0x0000000100000000)
 Metaspace       used 5076K, capacity 5258K, committed 5504K, reserved 1056768K
  class space    used 557K, capacity 597K, committed 640K, reserved 1048576K
}
{Heap before GC invocations=376 (full 48):
 par new generation   total 6144K, used 5244K [0x00000000fec00000, 0x00000000ff2a0000, 0x00000000ff2a0000)
  eden space 5504K,  95% used [0x00000000fec00000, 0x00000000ff11b790, 0x00000000ff160000)
  from space 640K,   2% used [0x00000000ff160000, 0x00000000ff163b90, 0x00000000ff200000)
  to   space 640K,   0% used [0x00000000ff200000, 0x00000000ff200000, 0x00000000ff2a0000)
 concurrent mark-sweep generation total 13696K, used 4263K [0x00000000ff2a0000, 0x0000000100000000, 0x0000000100000000)
 Metaspace       used 5076K, capacity 5258K, committed 5504K, reserved 1056768K
  class space    used 557K, capacity 597K, committed 640K, reserved 1048576K
2024-07-16T11:01:38.276+0800: 3.156: [GC (Allocation Failure) 2024-07-16T11:01:38.276+0800: 3.156: [ParNew: 5244K->14K(6144K), 0.0012243 secs] 9508K->4278K(19840K), 0.0013105 secs] [Times: user=0.00 sys=0.00, real=0.00 secs] 
Heap after GC invocations=377 (full 48):
 par new generation   total 6144K, used 14K [0x00000000fec00000, 0x00000000ff2a0000, 0x00000000ff2a0000)
  eden space 5504K,   0% used [0x00000000fec00000, 0x00000000fec00000, 0x00000000ff160000)
  from space 640K,   2% used [0x00000000ff200000, 0x00000000ff203b90, 0x00000000ff2a0000)
  to   space 640K,   0% used [0x00000000ff160000, 0x00000000ff160000, 0x00000000ff200000)
 concurrent mark-sweep generation total 13696K, used 4263K [0x00000000ff2a0000, 0x0000000100000000, 0x0000000100000000)
 Metaspace       used 5076K, capacity 5258K, committed 5504K, reserved 1056768K
  class space    used 557K, capacity 597K, committed 640K, reserved 1048576K
}
{Heap before GC invocations=377 (full 48):
 par new generation   total 6144K, used 5244K [0x00000000fec00000, 0x00000000ff2a0000, 0x00000000ff2a0000)
  eden space 5504K,  95% used [0x00000000fec00000, 0x00000000ff11b788, 0x00000000ff160000)
  from space 640K,   2% used [0x00000000ff200000, 0x00000000ff203b90, 0x00000000ff2a0000)
  to   space 640K,   0% used [0x00000000ff160000, 0x00000000ff160000, 0x00000000ff200000)
 concurrent mark-sweep generation total 13696K, used 4263K [0x00000000ff2a0000, 0x0000000100000000, 0x0000000100000000)
 Metaspace       used 5076K, capacity 5258K, committed 5504K, reserved 1056768K
  class space    used 557K, capacity 597K, committed 640K, reserved 1048576K
2024-07-16T11:01:38.284+0800: 3.164: [GC (Allocation Failure) 2024-07-16T11:01:38.284+0800: 3.164: [ParNew: 5244K->4K(6144K), 0.0012352 secs] 9508K->4280K(19840K), 0.0013598 secs] [Times: user=0.00 sys=0.00, real=0.00 secs] 
Heap after GC invocations=378 (full 48):
 par new generation   total 6144K, used 4K [0x00000000fec00000, 0x00000000ff2a0000, 0x00000000ff2a0000)
  eden space 5504K,   0% used [0x00000000fec00000, 0x00000000fec00000, 0x00000000ff160000)
  from space 640K,   0% used [0x00000000ff160000, 0x00000000ff161020, 0x00000000ff200000)
  to   space 640K,   0% used [0x00000000ff200000, 0x00000000ff200000, 0x00000000ff2a0000)
 concurrent mark-sweep generation total 13696K, used 4276K [0x00000000ff2a0000, 0x0000000100000000, 0x0000000100000000)
 Metaspace       used 5076K, capacity 5258K, committed 5504K, reserved 1056768K
  class space    used 557K, capacity 597K, committed 640K, reserved 1048576K
}
{Heap before GC invocations=378 (full 48):
 par new generation   total 6144K, used 5233K [0x00000000fec00000, 0x00000000ff2a0000, 0x00000000ff2a0000)
  eden space 5504K,  95% used [0x00000000fec00000, 0x00000000ff11b788, 0x00000000ff160000)
  from space 640K,   0% used [0x00000000ff160000, 0x00000000ff161020, 0x00000000ff200000)
  to   space 640K,   0% used [0x00000000ff200000, 0x00000000ff200000, 0x00000000ff2a0000)
 concurrent mark-sweep generation total 13696K, used 4276K [0x00000000ff2a0000, 0x0000000100000000, 0x0000000100000000)
 Metaspace       used 5076K, capacity 5258K, committed 5504K, reserved 1056768K
  class space    used 557K, capacity 597K, committed 640K, reserved 1048576K
2024-07-16T11:01:38.293+0800: 3.173: [GC (Allocation Failure) 2024-07-16T11:01:38.293+0800: 3.173: [ParNew: 5233K->8K(6144K), 0.0014427 secs] 9510K->5308K(19840K), 0.0015232 secs] [Times: user=0.00 sys=0.00, real=0.00 secs] 
Heap after GC invocations=379 (full 48):
 par new generation   total 6144K, used 8K [0x00000000fec00000, 0x00000000ff2a0000, 0x00000000ff2a0000)
  eden space 5504K,   0% used [0x00000000fec00000, 0x00000000fec00000, 0x00000000ff160000)
  from space 640K,   1% used [0x00000000ff200000, 0x00000000ff202040, 0x00000000ff2a0000)
  to   space 640K,   0% used [0x00000000ff160000, 0x00000000ff160000, 0x00000000ff200000)
 concurrent mark-sweep generation total 13696K, used 5300K [0x00000000ff2a0000, 0x0000000100000000, 0x0000000100000000)
 Metaspace       used 5076K, capacity 5258K, committed 5504K, reserved 1056768K
  class space    used 557K, capacity 597K, committed 640K, reserved 1048576K
}
{Heap before GC invocations=379 (full 48):
 par new generation   total 6144K, used 5237K [0x00000000fec00000, 0x00000000ff2a0000, 0x00000000ff2a0000)
  eden space 5504K,  95% used [0x00000000fec00000, 0x00000000ff11b780, 0x00000000ff160000)
  from space 640K,   1% used [0x00000000ff200000, 0x00000000ff202040, 0x00000000ff2a0000)
  to   space 640K,   0% used [0x00000000ff160000, 0x00000000ff160000, 0x00000000ff200000)
 concurrent mark-sweep generation total 13696K, used 5300K [0x00000000ff2a0000, 0x0000000100000000, 0x0000000100000000)
 Metaspace       used 5076K, capacity 5258K, committed 5504K, reserved 1056768K
  class space    used 557K, capacity 597K, committed 640K, reserved 1048576K
2024-07-16T11:01:38.301+0800: 3.181: [GC (Allocation Failure) 2024-07-16T11:01:38.301+0800: 3.181: [ParNew: 5237K->8K(6144K), 0.0015278 secs] 10538K->6334K(19840K), 0.0016693 secs] [Times: user=0.00 sys=0.00, real=0.00 secs] 
Heap after GC invocations=380 (full 48):
 par new generation   total 6144K, used 8K [0x00000000fec00000, 0x00000000ff2a0000, 0x00000000ff2a0000)
  eden space 5504K,   0% used [0x00000000fec00000, 0x00000000fec00000, 0x00000000ff160000)
  from space 640K,   1% used [0x00000000ff160000, 0x00000000ff162040, 0x00000000ff200000)
  to   space 640K,   0% used [0x00000000ff200000, 0x00000000ff200000, 0x00000000ff2a0000)
 concurrent mark-sweep generation total 13696K, used 6326K [0x00000000ff2a0000, 0x0000000100000000, 0x0000000100000000)
 Metaspace       used 5076K, capacity 5258K, committed 5504K, reserved 1056768K
  class space    used 557K, capacity 597K, committed 640K, reserved 1048576K
}
{Heap before GC invocations=380 (full 48):
 par new generation   total 6144K, used 5237K [0x00000000fec00000, 0x00000000ff2a0000, 0x00000000ff2a0000)
  eden space 5504K,  95% used [0x00000000fec00000, 0x00000000ff11b780, 0x00000000ff160000)
  from space 640K,   1% used [0x00000000ff160000, 0x00000000ff162040, 0x00000000ff200000)
  to   space 640K,   0% used [0x00000000ff200000, 0x00000000ff200000, 0x00000000ff2a0000)
 concurrent mark-sweep generation total 13696K, used 6326K [0x00000000ff2a0000, 0x0000000100000000, 0x0000000100000000)
 Metaspace       used 5076K, capacity 5258K, committed 5504K, reserved 1056768K
  class space    used 557K, capacity 597K, committed 640K, reserved 1048576K
2024-07-16T11:01:38.310+0800: 3.190: [GC (Allocation Failure) 2024-07-16T11:01:38.310+0800: 3.190: [ParNew: 5237K->6K(6144K), 0.0014575 secs] 11564K->7356K(19840K), 0.0015576 secs] [Times: user=0.00 sys=0.00, real=0.00 secs] 
Heap after GC invocations=381 (full 48):
 par new generation   total 6144K, used 6K [0x00000000fec00000, 0x00000000ff2a0000, 0x00000000ff2a0000)
  eden space 5504K,   0% used [0x00000000fec00000, 0x00000000fec00000, 0x00000000ff160000)
  from space 640K,   0% used [0x00000000ff200000, 0x00000000ff201830, 0x00000000ff2a0000)
  to   space 640K,   0% used [0x00000000ff160000, 0x00000000ff160000, 0x00000000ff200000)
 concurrent mark-sweep generation total 13696K, used 7350K [0x00000000ff2a0000, 0x0000000100000000, 0x0000000100000000)
 Metaspace       used 5076K, capacity 5258K, committed 5504K, reserved 1056768K
  class space    used 557K, capacity 597K, committed 640K, reserved 1048576K
}
{Heap before GC invocations=381 (full 48):
 par new generation   total 6144K, used 5235K [0x00000000fec00000, 0x00000000ff2a0000, 0x00000000ff2a0000)
  eden space 5504K,  95% used [0x00000000fec00000, 0x00000000ff11b780, 0x00000000ff160000)
  from space 640K,   0% used [0x00000000ff200000, 0x00000000ff201830, 0x00000000ff2a0000)
  to   space 640K,   0% used [0x00000000ff160000, 0x00000000ff160000, 0x00000000ff200000)
 concurrent mark-sweep generation total 13696K, used 7350K [0x00000000ff2a0000, 0x0000000100000000, 0x0000000100000000)
 Metaspace       used 5076K, capacity 5258K, committed 5504K, reserved 1056768K
  class space    used 557K, capacity 597K, committed 640K, reserved 1048576K
2024-07-16T11:01:38.320+0800: 3.200: [GC (Allocation Failure) 2024-07-16T11:01:38.320+0800: 3.200: [ParNew: 5235K->4K(6144K), 0.0012494 secs] 12586K->7354K(19840K), 0.0014122 secs] [Times: user=0.00 sys=0.00, real=0.00 secs] 
Heap after GC invocations=382 (full 48):
 par new generation   total 6144K, used 4K [0x00000000fec00000, 0x00000000ff2a0000, 0x00000000ff2a0000)
  eden space 5504K,   0% used [0x00000000fec00000, 0x00000000fec00000, 0x00000000ff160000)
  from space 640K,   0% used [0x00000000ff160000, 0x00000000ff161020, 0x00000000ff200000)
  to   space 640K,   0% used [0x00000000ff200000, 0x00000000ff200000, 0x00000000ff2a0000)
 concurrent mark-sweep generation total 13696K, used 7350K [0x00000000ff2a0000, 0x0000000100000000, 0x0000000100000000)
 Metaspace       used 5076K, capacity 5258K, committed 5504K, reserved 1056768K
  class space    used 557K, capacity 597K, committed 640K, reserved 1048576K
}
{Heap before GC invocations=382 (full 48):
 par new generation   total 6144K, used 5233K [0x00000000fec00000, 0x00000000ff2a0000, 0x00000000ff2a0000)
  eden space 5504K,  95% used [0x00000000fec00000, 0x00000000ff11b780, 0x00000000ff160000)
  from space 640K,   0% used [0x00000000ff160000, 0x00000000ff161020, 0x00000000ff200000)
  to   space 640K,   0% used [0x00000000ff200000, 0x00000000ff200000, 0x00000000ff2a0000)
 concurrent mark-sweep generation total 13696K, used 7350K [0x00000000ff2a0000, 0x0000000100000000, 0x0000000100000000)
 Metaspace       used 5076K, capacity 5258K, committed 5504K, reserved 1056768K
  class space    used 557K, capacity 597K, committed 640K, reserved 1048576K
2024-07-16T11:01:38.331+0800: 3.211: [GC (Allocation Failure) 2024-07-16T11:01:38.331+0800: 3.211: [ParNew: 5233K->8K(6144K), 0.0005694 secs] 12584K->8382K(19840K), 0.0006466 secs] [Times: user=0.00 sys=0.00, real=0.00 secs] 
Heap after GC invocations=383 (full 48):
 par new generation   total 6144K, used 8K [0x00000000fec00000, 0x00000000ff2a0000, 0x00000000ff2a0000)
  eden space 5504K,   0% used [0x00000000fec00000, 0x00000000fec00000, 0x00000000ff160000)
  from space 640K,   1% used [0x00000000ff200000, 0x00000000ff202040, 0x00000000ff2a0000)
  to   space 640K,   0% used [0x00000000ff160000, 0x00000000ff160000, 0x00000000ff200000)
 concurrent mark-sweep generation total 13696K, used 8374K [0x00000000ff2a0000, 0x0000000100000000, 0x0000000100000000)
 Metaspace       used 5076K, capacity 5258K, committed 5504K, reserved 1056768K
  class space    used 557K, capacity 597K, committed 640K, reserved 1048576K
}
{Heap before GC invocations=383 (full 48):
 par new generation   total 6144K, used 5237K [0x00000000fec00000, 0x00000000ff2a0000, 0x00000000ff2a0000)
  eden space 5504K,  95% used [0x00000000fec00000, 0x00000000ff11b780, 0x00000000ff160000)
  from space 640K,   1% used [0x00000000ff200000, 0x00000000ff202040, 0x00000000ff2a0000)
  to   space 640K,   0% used [0x00000000ff160000, 0x00000000ff160000, 0x00000000ff200000)
 concurrent mark-sweep generation total 13696K, used 8374K [0x00000000ff2a0000, 0x0000000100000000, 0x0000000100000000)
 Metaspace       used 5076K, capacity 5258K, committed 5504K, reserved 1056768K
  class space    used 557K, capacity 597K, committed 640K, reserved 1048576K
2024-07-16T11:01:38.337+0800: 3.217: [GC (Allocation Failure) 2024-07-16T11:01:38.337+0800: 3.217: [ParNew: 5237K->8K(6144K), 0.0003720 secs] 13612K->9406K(19840K), 0.0004013 secs] [Times: user=0.00 sys=0.00, real=0.00 secs] 
Heap after GC invocations=384 (full 48):
 par new generation   total 6144K, used 8K [0x00000000fec00000, 0x00000000ff2a0000, 0x00000000ff2a0000)
  eden space 5504K,   0% used [0x00000000fec00000, 0x00000000fec00000, 0x00000000ff160000)
  from space 640K,   1% used [0x00000000ff160000, 0x00000000ff162040, 0x00000000ff200000)
  to   space 640K,   0% used [0x00000000ff200000, 0x00000000ff200000, 0x00000000ff2a0000)
 concurrent mark-sweep generation total 13696K, used 9398K [0x00000000ff2a0000, 0x0000000100000000, 0x0000000100000000)
 Metaspace       used 5076K, capacity 5258K, committed 5504K, reserved 1056768K
  class space    used 557K, capacity 597K, committed 640K, reserved 1048576K
}
{Heap before GC invocations=384 (full 48):
 par new generation   total 6144K, used 5237K [0x00000000fec00000, 0x00000000ff2a0000, 0x00000000ff2a0000)
  eden space 5504K,  95% used [0x00000000fec00000, 0x00000000ff11b780, 0x00000000ff160000)
  from space 640K,   1% used [0x00000000ff160000, 0x00000000ff162040, 0x00000000ff200000)
  to   space 640K,   0% used [0x00000000ff200000, 0x00000000ff200000, 0x00000000ff2a0000)
 concurrent mark-sweep generation total 13696K, used 9398K [0x00000000ff2a0000, 0x0000000100000000, 0x0000000100000000)
 Metaspace       used 5076K, capacity 5258K, committed 5504K, reserved 1056768K
  class space    used 557K, capacity 597K, committed 640K, reserved 1048576K
2024-07-16T11:01:38.344+0800: 3.224: [GC (Allocation Failure) 2024-07-16T11:01:38.344+0800: 3.224: [ParNew: 5237K->6K(6144K), 0.0004520 secs] 14636K->10430K(19840K), 0.0004921 secs] [Times: user=0.00 sys=0.00, real=0.00 secs] 
Heap after GC invocations=385 (full 48):
 par new generation   total 6144K, used 6K [0x00000000fec00000, 0x00000000ff2a0000, 0x00000000ff2a0000)
  eden space 5504K,   0% used [0x00000000fec00000, 0x00000000fec00000, 0x00000000ff160000)
  from space 640K,   0% used [0x00000000ff200000, 0x00000000ff201830, 0x00000000ff2a0000)
  to   space 640K,   0% used [0x00000000ff160000, 0x00000000ff160000, 0x00000000ff200000)
 concurrent mark-sweep generation total 13696K, used 10424K [0x00000000ff2a0000, 0x0000000100000000, 0x0000000100000000)
 Metaspace       used 5076K, capacity 5258K, committed 5504K, reserved 1056768K
  class space    used 557K, capacity 597K, committed 640K, reserved 1048576K
}
{Heap before GC invocations=385 (full 48):
 par new generation   total 6144K, used 5235K [0x00000000fec00000, 0x00000000ff2a0000, 0x00000000ff2a0000)
  eden space 5504K,  95% used [0x00000000fec00000, 0x00000000ff11b780, 0x00000000ff160000)
  from space 640K,   0% used [0x00000000ff200000, 0x00000000ff201830, 0x00000000ff2a0000)
  to   space 640K,   0% used [0x00000000ff160000, 0x00000000ff160000, 0x00000000ff200000)
 concurrent mark-sweep generation total 13696K, used 10424K [0x00000000ff2a0000, 0x0000000100000000, 0x0000000100000000)
 Metaspace       used 5076K, capacity 5258K, committed 5504K, reserved 1056768K
  class space    used 557K, capacity 597K, committed 640K, reserved 1048576K
2024-07-16T11:01:38.351+0800: 3.231: [GC (Allocation Failure) 2024-07-16T11:01:38.351+0800: 3.231: [ParNew: 5235K->8K(6144K), 0.0003642 secs] 15660K->11456K(19840K), 0.0003993 secs] [Times: user=0.00 sys=0.00, real=0.00 secs] 
Heap after GC invocations=386 (full 48):
 par new generation   total 6144K, used 8K [0x00000000fec00000, 0x00000000ff2a0000, 0x00000000ff2a0000)
  eden space 5504K,   0% used [0x00000000fec00000, 0x00000000fec00000, 0x00000000ff160000)
  from space 640K,   1% used [0x00000000ff160000, 0x00000000ff162040, 0x00000000ff200000)
  to   space 640K,   0% used [0x00000000ff200000, 0x00000000ff200000, 0x00000000ff2a0000)
 concurrent mark-sweep generation total 13696K, used 11448K [0x00000000ff2a0000, 0x0000000100000000, 0x0000000100000000)
 Metaspace       used 5076K, capacity 5258K, committed 5504K, reserved 1056768K
  class space    used 557K, capacity 597K, committed 640K, reserved 1048576K
}
{Heap before GC invocations=386 (full 48):
 par new generation   total 6144K, used 5237K [0x00000000fec00000, 0x00000000ff2a0000, 0x00000000ff2a0000)
  eden space 5504K,  95% used [0x00000000fec00000, 0x00000000ff11b780, 0x00000000ff160000)
  from space 640K,   1% used [0x00000000ff160000, 0x00000000ff162040, 0x00000000ff200000)
  to   space 640K,   0% used [0x00000000ff200000, 0x00000000ff200000, 0x00000000ff2a0000)
 concurrent mark-sweep generation total 13696K, used 11448K [0x00000000ff2a0000, 0x0000000100000000, 0x0000000100000000)
 Metaspace       used 5076K, capacity 5258K, committed 5504K, reserved 1056768K
  class space    used 557K, capacity 597K, committed 640K, reserved 1048576K
2024-07-16T11:01:38.357+0800: 3.237: [GC (Allocation Failure) 2024-07-16T11:01:38.357+0800: 3.237: [ParNew: 5237K->8K(6144K), 0.0002946 secs] 16686K->12481K(19840K), 0.0003145 secs] [Times: user=0.00 sys=0.00, real=0.00 secs] 
Heap after GC invocations=387 (full 48):
 par new generation   total 6144K, used 8K [0x00000000fec00000, 0x00000000ff2a0000, 0x00000000ff2a0000)
  eden space 5504K,   0% used [0x00000000fec00000, 0x00000000fec00000, 0x00000000ff160000)
  from space 640K,   1% used [0x00000000ff200000, 0x00000000ff202040, 0x00000000ff2a0000)
  to   space 640K,   0% used [0x00000000ff160000, 0x00000000ff160000, 0x00000000ff200000)
 concurrent mark-sweep generation total 13696K, used 12472K [0x00000000ff2a0000, 0x0000000100000000, 0x0000000100000000)
 Metaspace       used 5076K, capacity 5258K, committed 5504K, reserved 1056768K
  class space    used 557K, capacity 597K, committed 640K, reserved 1048576K
}
{Heap before GC invocations=387 (full 48):
 par new generation   total 6144K, used 5237K [0x00000000fec00000, 0x00000000ff2a0000, 0x00000000ff2a0000)
  eden space 5504K,  95% used [0x00000000fec00000, 0x00000000ff11b780, 0x00000000ff160000)
  from space 640K,   1% used [0x00000000ff200000, 0x00000000ff202040, 0x00000000ff2a0000)
  to   space 640K,   0% used [0x00000000ff160000, 0x00000000ff160000, 0x00000000ff200000)
 concurrent mark-sweep generation total 13696K, used 12472K [0x00000000ff2a0000, 0x0000000100000000, 0x0000000100000000)
 Metaspace       used 5076K, capacity 5258K, committed 5504K, reserved 1056768K
  class space    used 557K, capacity 597K, committed 640K, reserved 1048576K
2024-07-16T11:01:38.363+0800: 3.243: [GC (Allocation Failure) 2024-07-16T11:01:38.363+0800: 3.243: [ParNew: 5237K->8K(6144K), 0.0004205 secs] 17710K->13507K(19840K), 0.0004676 secs] [Times: user=0.00 sys=0.00, real=0.00 secs] 
Heap after GC invocations=388 (full 48):
 par new generation   total 6144K, used 8K [0x00000000fec00000, 0x00000000ff2a0000, 0x00000000ff2a0000)
  eden space 5504K,   0% used [0x00000000fec00000, 0x00000000fec00000, 0x00000000ff160000)
  from space 640K,   1% used [0x00000000ff160000, 0x00000000ff162040, 0x00000000ff200000)
  to   space 640K,   0% used [0x00000000ff200000, 0x00000000ff200000, 0x00000000ff2a0000)
 concurrent mark-sweep generation total 13696K, used 13499K [0x00000000ff2a0000, 0x0000000100000000, 0x0000000100000000)
 Metaspace       used 5076K, capacity 5258K, committed 5504K, reserved 1056768K
  class space    used 557K, capacity 597K, committed 640K, reserved 1048576K
}
2024-07-16T11:01:38.363+0800: 3.243: [CMS-concurrent-abortable-preclean: 0.001/0.105 secs] [Times: user=0.16 sys=0.00, real=0.11 secs] 
2024-07-16T11:01:38.363+0800: 3.243: [GC (CMS Final Remark) [YG occupancy: 1139 K (6144 K)]2024-07-16T11:01:38.363+0800: 3.243: [Rescan (parallel) , 0.0001253 secs]2024-07-16T11:01:38.363+0800: 3.244: [weak refs processing, 0.0000105 secs]2024-07-16T11:01:38.363+0800: 3.244: [class unloading, 0.0004496 secs]2024-07-16T11:01:38.364+0800: 3.244: [scrub symbol table, 0.0003258 secs]2024-07-16T11:01:38.364+0800: 3.244: [scrub string table, 0.0000836 secs][1 CMS-remark: 13499K(13696K)] 14638K(19840K), 0.0010377 secs] [Times: user=0.00 sys=0.00, real=0.00 secs] 
2024-07-16T11:01:38.364+0800: 3.244: [CMS-concurrent-sweep-start]
2024-07-16T11:01:38.364+0800: 3.245: [CMS-concurrent-sweep: 0.000/0.000 secs] [Times: user=0.00 sys=0.00, real=0.00 secs] 
2024-07-16T11:01:38.364+0800: 3.245: [CMS-concurrent-reset-start]
2024-07-16T11:01:38.364+0800: 3.245: [CMS-concurrent-reset: 0.000/0.000 secs] [Times: user=0.00 sys=0.00, real=0.00 secs] 
{Heap before GC invocations=388 (full 48):
 par new generation   total 6144K, used 5237K [0x00000000fec00000, 0x00000000ff2a0000, 0x00000000ff2a0000)
  eden space 5504K,  95% used [0x00000000fec00000, 0x00000000ff11b780, 0x00000000ff160000)
  from space 640K,   1% used [0x00000000ff160000, 0x00000000ff162040, 0x00000000ff200000)
  to   space 640K,   0% used [0x00000000ff200000, 0x00000000ff200000, 0x00000000ff2a0000)
 concurrent mark-sweep generation total 13696K, used 10419K [0x00000000ff2a0000, 0x0000000100000000, 0x0000000100000000)
 Metaspace       used 5076K, capacity 5258K, committed 5504K, reserved 1056768K
  class space    used 557K, capacity 597K, committed 640K, reserved 1048576K
2024-07-16T11:01:38.370+0800: 3.250: [GC (Allocation Failure) 2024-07-16T11:01:38.370+0800: 3.250: [ParNew: 5237K->4K(6144K), 0.0003450 secs] 15657K->10423K(19840K), 0.0003776 secs] [Times: user=0.00 sys=0.00, real=0.00 secs] 
Heap after GC invocations=389 (full 48):
 par new generation   total 6144K, used 4K [0x00000000fec00000, 0x00000000ff2a0000, 0x00000000ff2a0000)
  eden space 5504K,   0% used [0x00000000fec00000, 0x00000000fec00000, 0x00000000ff160000)
  from space 640K,   0% used [0x00000000ff200000, 0x00000000ff201020, 0x00000000ff2a0000)
  to   space 640K,   0% used [0x00000000ff160000, 0x00000000ff160000, 0x00000000ff200000)
 concurrent mark-sweep generation total 13696K, used 10419K [0x00000000ff2a0000, 0x0000000100000000, 0x0000000100000000)
 Metaspace       used 5076K, capacity 5258K, committed 5504K, reserved 1056768K
  class space    used 557K, capacity 597K, committed 640K, reserved 1048576K
}
2024-07-16T11:01:38.370+0800: 3.250: [GC (CMS Initial Mark) [1 CMS-initial-mark: 10419K(13696K)] 11447K(19840K), 0.0001472 secs] [Times: user=0.00 sys=0.00, real=0.00 secs] 
2024-07-16T11:01:38.370+0800: 3.250: [CMS-concurrent-mark-start]
2024-07-16T11:01:38.373+0800: 3.253: [CMS-concurrent-mark: 0.002/0.002 secs] [Times: user=0.00 sys=0.00, real=0.00 secs] 
2024-07-16T11:01:38.373+0800: 3.253: [CMS-concurrent-preclean-start]
2024-07-16T11:01:38.373+0800: 3.253: [CMS-concurrent-preclean: 0.000/0.000 secs] [Times: user=0.00 sys=0.00, real=0.00 secs] 
2024-07-16T11:01:38.373+0800: 3.253: [CMS-concurrent-abortable-preclean-start]
{Heap before GC invocations=389 (full 49):
 par new generation   total 6144K, used 5233K [0x00000000fec00000, 0x00000000ff2a0000, 0x00000000ff2a0000)
  eden space 5504K,  95% used [0x00000000fec00000, 0x00000000ff11b780, 0x00000000ff160000)
  from space 640K,   0% used [0x00000000ff200000, 0x00000000ff201020, 0x00000000ff2a0000)
  to   space 640K,   0% used [0x00000000ff160000, 0x00000000ff160000, 0x00000000ff200000)
 concurrent mark-sweep generation total 13696K, used 10419K [0x00000000ff2a0000, 0x0000000100000000, 0x0000000100000000)
 Metaspace       used 5076K, capacity 5258K, committed 5504K, reserved 1056768K
  class space    used 557K, capacity 597K, committed 640K, reserved 1048576K
2024-07-16T11:01:38.376+0800: 3.256: [GC (Allocation Failure) 2024-07-16T11:01:38.376+0800: 3.256: [ParNew: 5233K->2K(6144K), 0.0004783 secs] 15653K->10421K(19840K), 0.0005099 secs] [Times: user=0.00 sys=0.00, real=0.00 secs] 
Heap after GC invocations=390 (full 49):
 par new generation   total 6144K, used 2K [0x00000000fec00000, 0x00000000ff2a0000, 0x00000000ff2a0000)
  eden space 5504K,   0% used [0x00000000fec00000, 0x00000000fec00000, 0x00000000ff160000)
  from space 640K,   0% used [0x00000000ff160000, 0x00000000ff160810, 0x00000000ff200000)
  to   space 640K,   0% used [0x00000000ff200000, 0x00000000ff200000, 0x00000000ff2a0000)
 concurrent mark-sweep generation total 13696K, used 10419K [0x00000000ff2a0000, 0x0000000100000000, 0x0000000100000000)
 Metaspace       used 5076K, capacity 5258K, committed 5504K, reserved 1056768K
  class space    used 557K, capacity 597K, committed 640K, reserved 1048576K
}
{Heap before GC invocations=390 (full 49):
 par new generation   total 6144K, used 5231K [0x00000000fec00000, 0x00000000ff2a0000, 0x00000000ff2a0000)
  eden space 5504K,  95% used [0x00000000fec00000, 0x00000000ff11b780, 0x00000000ff160000)
  from space 640K,   0% used [0x00000000ff160000, 0x00000000ff160810, 0x00000000ff200000)
  to   space 640K,   0% used [0x00000000ff200000, 0x00000000ff200000, 0x00000000ff2a0000)
 concurrent mark-sweep generation total 13696K, used 10419K [0x00000000ff2a0000, 0x0000000100000000, 0x0000000100000000)
 Metaspace       used 5076K, capacity 5258K, committed 5504K, reserved 1056768K
  class space    used 557K, capacity 597K, committed 640K, reserved 1048576K
2024-07-16T11:01:38.382+0800: 3.262: [GC (Allocation Failure) 2024-07-16T11:01:38.382+0800: 3.262: [ParNew: 5231K->8K(6144K), 0.0011248 secs] 15651K->11451K(19840K), 0.0012111 secs] [Times: user=0.00 sys=0.00, real=0.00 secs] 
Heap after GC invocations=391 (full 49):
 par new generation   total 6144K, used 8K [0x00000000fec00000, 0x00000000ff2a0000, 0x00000000ff2a0000)
  eden space 5504K,   0% used [0x00000000fec00000, 0x00000000fec00000, 0x00000000ff160000)
  from space 640K,   1% used [0x00000000ff200000, 0x00000000ff202040, 0x00000000ff2a0000)
  to   space 640K,   0% used [0x00000000ff160000, 0x00000000ff160000, 0x00000000ff200000)
 concurrent mark-sweep generation total 13696K, used 11443K [0x00000000ff2a0000, 0x0000000100000000, 0x0000000100000000)
 Metaspace       used 5076K, capacity 5258K, committed 5504K, reserved 1056768K
  class space    used 557K, capacity 597K, committed 640K, reserved 1048576K
}
{Heap before GC invocations=391 (full 49):
 par new generation   total 6144K, used 5237K [0x00000000fec00000, 0x00000000ff2a0000, 0x00000000ff2a0000)
  eden space 5504K,  95% used [0x00000000fec00000, 0x00000000ff11b780, 0x00000000ff160000)
  from space 640K,   1% used [0x00000000ff200000, 0x00000000ff202040, 0x00000000ff2a0000)
  to   space 640K,   0% used [0x00000000ff160000, 0x00000000ff160000, 0x00000000ff200000)
 concurrent mark-sweep generation total 13696K, used 11443K [0x00000000ff2a0000, 0x0000000100000000, 0x0000000100000000)
 Metaspace       used 5076K, capacity 5258K, committed 5504K, reserved 1056768K
  class space    used 557K, capacity 597K, committed 640K, reserved 1048576K
2024-07-16T11:01:38.389+0800: 3.269: [GC (Allocation Failure) 2024-07-16T11:01:38.389+0800: 3.269: [ParNew: 5237K->6K(6144K), 0.0012367 secs] 16681K->12475K(19840K), 0.0013161 secs] [Times: user=0.00 sys=0.00, real=0.00 secs] 
Heap after GC invocations=392 (full 49):
 par new generation   total 6144K, used 6K [0x00000000fec00000, 0x00000000ff2a0000, 0x00000000ff2a0000)
  eden space 5504K,   0% used [0x00000000fec00000, 0x00000000fec00000, 0x00000000ff160000)
  from space 640K,   0% used [0x00000000ff160000, 0x00000000ff161830, 0x00000000ff200000)
  to   space 640K,   0% used [0x00000000ff200000, 0x00000000ff200000, 0x00000000ff2a0000)
 concurrent mark-sweep generation total 13696K, used 12469K [0x00000000ff2a0000, 0x0000000100000000, 0x0000000100000000)
 Metaspace       used 5076K, capacity 5258K, committed 5504K, reserved 1056768K
  class space    used 557K, capacity 597K, committed 640K, reserved 1048576K
}
{Heap before GC invocations=392 (full 49):
 par new generation   total 6144K, used 5235K [0x00000000fec00000, 0x00000000ff2a0000, 0x00000000ff2a0000)
  eden space 5504K,  95% used [0x00000000fec00000, 0x00000000ff11b780, 0x00000000ff160000)
  from space 640K,   0% used [0x00000000ff160000, 0x00000000ff161830, 0x00000000ff200000)
  to   space 640K,   0% used [0x00000000ff200000, 0x00000000ff200000, 0x00000000ff2a0000)
 concurrent mark-sweep generation total 13696K, used 12469K [0x00000000ff2a0000, 0x0000000100000000, 0x0000000100000000)
 Metaspace       used 5076K, capacity 5258K, committed 5504K, reserved 1056768K
  class space    used 557K, capacity 597K, committed 640K, reserved 1048576K
2024-07-16T11:01:38.397+0800: 3.277: [GC (Allocation Failure) 2024-07-16T11:01:38.397+0800: 3.277: [ParNew: 5235K->5235K(6144K), 0.0000225 secs]2024-07-16T11:01:38.397+0800: 3.277: [CMS2024-07-16T11:01:38.397+0800: 3.277: [CMS-concurrent-abortable-preclean: 0.000/0.024 secs] [Times: user=0.00 sys=0.00, real=0.02 secs] 
 (concurrent mode failure): 12469K->2215K(13696K), 0.0044520 secs] 17705K->2215K(19840K), [Metaspace: 5076K->5076K(1056768K)], 0.0045374 secs] [Times: user=0.00 sys=0.00, real=0.00 secs] 
Heap after GC invocations=393 (full 50):
 par new generation   total 6144K, used 0K [0x00000000fec00000, 0x00000000ff2a0000, 0x00000000ff2a0000)
  eden space 5504K,   0% used [0x00000000fec00000, 0x00000000fec00000, 0x00000000ff160000)
  from space 640K,   0% used [0x00000000ff160000, 0x00000000ff160000, 0x00000000ff200000)
  to   space 640K,   0% used [0x00000000ff200000, 0x00000000ff200000, 0x00000000ff2a0000)
 concurrent mark-sweep generation total 13696K, used 2215K [0x00000000ff2a0000, 0x0000000100000000, 0x0000000100000000)
 Metaspace       used 5076K, capacity 5258K, committed 5504K, reserved 1056768K
  class space    used 557K, capacity 597K, committed 640K, reserved 1048576K
}
{Heap before GC invocations=393 (full 50):
 par new generation   total 6144K, used 5229K [0x00000000fec00000, 0x00000000ff2a0000, 0x00000000ff2a0000)
  eden space 5504K,  95% used [0x00000000fec00000, 0x00000000ff11b780, 0x00000000ff160000)
  from space 640K,   0% used [0x00000000ff160000, 0x00000000ff160000, 0x00000000ff200000)
  to   space 640K,   0% used [0x00000000ff200000, 0x00000000ff200000, 0x00000000ff2a0000)
 concurrent mark-sweep generation total 13696K, used 2215K [0x00000000ff2a0000, 0x0000000100000000, 0x0000000100000000)
 Metaspace       used 5076K, capacity 5258K, committed 5504K, reserved 1056768K
  class space    used 557K, capacity 597K, committed 640K, reserved 1048576K
2024-07-16T11:01:38.408+0800: 3.288: [GC (Allocation Failure) 2024-07-16T11:01:38.408+0800: 3.288: [ParNew: 5229K->8K(6144K), 0.0010619 secs] 7445K->3249K(19840K), 0.0011075 secs] [Times: user=0.00 sys=0.00, real=0.00 secs] 
Heap after GC invocations=394 (full 50):
 par new generation   total 6144K, used 8K [0x00000000fec00000, 0x00000000ff2a0000, 0x00000000ff2a0000)
  eden space 5504K,   0% used [0x00000000fec00000, 0x00000000fec00000, 0x00000000ff160000)
  from space 640K,   1% used [0x00000000ff200000, 0x00000000ff202040, 0x00000000ff2a0000)
  to   space 640K,   0% used [0x00000000ff160000, 0x00000000ff160000, 0x00000000ff200000)
 concurrent mark-sweep generation total 13696K, used 3241K [0x00000000ff2a0000, 0x0000000100000000, 0x0000000100000000)
 Metaspace       used 5076K, capacity 5258K, committed 5504K, reserved 1056768K
  class space    used 557K, capacity 597K, committed 640K, reserved 1048576K
}
{Heap before GC invocations=394 (full 50):
 par new generation   total 6144K, used 5237K [0x00000000fec00000, 0x00000000ff2a0000, 0x00000000ff2a0000)
  eden space 5504K,  95% used [0x00000000fec00000, 0x00000000ff11b780, 0x00000000ff160000)
  from space 640K,   1% used [0x00000000ff200000, 0x00000000ff202040, 0x00000000ff2a0000)
  to   space 640K,   0% used [0x00000000ff160000, 0x00000000ff160000, 0x00000000ff200000)
 concurrent mark-sweep generation total 13696K, used 3241K [0x00000000ff2a0000, 0x0000000100000000, 0x0000000100000000)
 Metaspace       used 5076K, capacity 5258K, committed 5504K, reserved 1056768K
  class space    used 557K, capacity 597K, committed 640K, reserved 1048576K
2024-07-16T11:01:38.419+0800: 3.299: [GC (Allocation Failure) 2024-07-16T11:01:38.419+0800: 3.299: [ParNew: 5237K->4K(6144K), 0.0002836 secs] 8479K->3245K(19840K), 0.0003162 secs] [Times: user=0.00 sys=0.00, real=0.00 secs] 
Heap after GC invocations=395 (full 50):
 par new generation   total 6144K, used 4K [0x00000000fec00000, 0x00000000ff2a0000, 0x00000000ff2a0000)
  eden space 5504K,   0% used [0x00000000fec00000, 0x00000000fec00000, 0x00000000ff160000)
  from space 640K,   0% used [0x00000000ff160000, 0x00000000ff161020, 0x00000000ff200000)
  to   space 640K,   0% used [0x00000000ff200000, 0x00000000ff200000, 0x00000000ff2a0000)
 concurrent mark-sweep generation total 13696K, used 3241K [0x00000000ff2a0000, 0x0000000100000000, 0x0000000100000000)
 Metaspace       used 5076K, capacity 5258K, committed 5504K, reserved 1056768K
  class space    used 557K, capacity 597K, committed 640K, reserved 1048576K
}
{Heap before GC invocations=395 (full 50):
 par new generation   total 6144K, used 5233K [0x00000000fec00000, 0x00000000ff2a0000, 0x00000000ff2a0000)
  eden space 5504K,  95% used [0x00000000fec00000, 0x00000000ff11b780, 0x00000000ff160000)
  from space 640K,   0% used [0x00000000ff160000, 0x00000000ff161020, 0x00000000ff200000)
  to   space 640K,   0% used [0x00000000ff200000, 0x00000000ff200000, 0x00000000ff2a0000)
 concurrent mark-sweep generation total 13696K, used 3241K [0x00000000ff2a0000, 0x0000000100000000, 0x0000000100000000)
 Metaspace       used 5076K, capacity 5258K, committed 5504K, reserved 1056768K
  class space    used 557K, capacity 597K, committed 640K, reserved 1048576K
2024-07-16T11:01:38.426+0800: 3.306: [GC (Allocation Failure) 2024-07-16T11:01:38.426+0800: 3.306: [ParNew: 5233K->2K(6144K), 0.0002716 secs] 8475K->3243K(19840K), 0.0002964 secs] [Times: user=0.00 sys=0.00, real=0.00 secs] 
Heap after GC invocations=396 (full 50):
 par new generation   total 6144K, used 2K [0x00000000fec00000, 0x00000000ff2a0000, 0x00000000ff2a0000)
  eden space 5504K,   0% used [0x00000000fec00000, 0x00000000fec00000, 0x00000000ff160000)
  from space 640K,   0% used [0x00000000ff200000, 0x00000000ff200810, 0x00000000ff2a0000)
  to   space 640K,   0% used [0x00000000ff160000, 0x00000000ff160000, 0x00000000ff200000)
 concurrent mark-sweep generation total 13696K, used 3241K [0x00000000ff2a0000, 0x0000000100000000, 0x0000000100000000)
 Metaspace       used 5076K, capacity 5258K, committed 5504K, reserved 1056768K
  class space    used 557K, capacity 597K, committed 640K, reserved 1048576K
}
{Heap before GC invocations=396 (full 50):
 par new generation   total 6144K, used 5231K [0x00000000fec00000, 0x00000000ff2a0000, 0x00000000ff2a0000)
  eden space 5504K,  95% used [0x00000000fec00000, 0x00000000ff11b780, 0x00000000ff160000)
  from space 640K,   0% used [0x00000000ff200000, 0x00000000ff200810, 0x00000000ff2a0000)
  to   space 640K,   0% used [0x00000000ff160000, 0x00000000ff160000, 0x00000000ff200000)
 concurrent mark-sweep generation total 13696K, used 3241K [0x00000000ff2a0000, 0x0000000100000000, 0x0000000100000000)
 Metaspace       used 5076K, capacity 5258K, committed 5504K, reserved 1056768K
  class space    used 557K, capacity 597K, committed 640K, reserved 1048576K
2024-07-16T11:01:38.434+0800: 3.314: [GC (Allocation Failure) 2024-07-16T11:01:38.434+0800: 3.314: [ParNew: 5231K->8K(6144K), 0.0004340 secs] 8473K->4275K(19840K), 0.0004681 secs] [Times: user=0.00 sys=0.00, real=0.00 secs] 
Heap after GC invocations=397 (full 50):
 par new generation   total 6144K, used 8K [0x00000000fec00000, 0x00000000ff2a0000, 0x00000000ff2a0000)
  eden space 5504K,   0% used [0x00000000fec00000, 0x00000000fec00000, 0x00000000ff160000)
  from space 640K,   1% used [0x00000000ff160000, 0x00000000ff162040, 0x00000000ff200000)
  to   space 640K,   0% used [0x00000000ff200000, 0x00000000ff200000, 0x00000000ff2a0000)
 concurrent mark-sweep generation total 13696K, used 4267K [0x00000000ff2a0000, 0x0000000100000000, 0x0000000100000000)
 Metaspace       used 5076K, capacity 5258K, committed 5504K, reserved 1056768K
  class space    used 557K, capacity 597K, committed 640K, reserved 1048576K
}
{Heap before GC invocations=397 (full 50):
 par new generation   total 6144K, used 5237K [0x00000000fec00000, 0x00000000ff2a0000, 0x00000000ff2a0000)
  eden space 5504K,  95% used [0x00000000fec00000, 0x00000000ff11b780, 0x00000000ff160000)
  from space 640K,   1% used [0x00000000ff160000, 0x00000000ff162040, 0x00000000ff200000)
  to   space 640K,   0% used [0x00000000ff200000, 0x00000000ff200000, 0x00000000ff2a0000)
 concurrent mark-sweep generation total 13696K, used 4267K [0x00000000ff2a0000, 0x0000000100000000, 0x0000000100000000)
 Metaspace       used 5076K, capacity 5258K, committed 5504K, reserved 1056768K
  class space    used 557K, capacity 597K, committed 640K, reserved 1048576K
2024-07-16T11:01:38.440+0800: 3.320: [GC (Allocation Failure) 2024-07-16T11:01:38.440+0800: 3.320: [ParNew: 5237K->8K(6144K), 0.0003580 secs] 9505K->5301K(19840K), 0.0003868 secs] [Times: user=0.00 sys=0.00, real=0.00 secs] 
Heap after GC invocations=398 (full 50):
 par new generation   total 6144K, used 8K [0x00000000fec00000, 0x00000000ff2a0000, 0x00000000ff2a0000)
  eden space 5504K,   0% used [0x00000000fec00000, 0x00000000fec00000, 0x00000000ff160000)
  from space 640K,   1% used [0x00000000ff200000, 0x00000000ff202040, 0x00000000ff2a0000)
  to   space 640K,   0% used [0x00000000ff160000, 0x00000000ff160000, 0x00000000ff200000)
 concurrent mark-sweep generation total 13696K, used 5293K [0x00000000ff2a0000, 0x0000000100000000, 0x0000000100000000)
 Metaspace       used 5076K, capacity 5258K, committed 5504K, reserved 1056768K
  class space    used 557K, capacity 597K, committed 640K, reserved 1048576K
}
2024-07-16T11:01:38.440+0800: 3.320: [GC (CMS Initial Mark) [1 CMS-initial-mark: 5293K(13696K)] 6325K(19840K), 0.0001072 secs] [Times: user=0.00 sys=0.00, real=0.00 secs] 
2024-07-16T11:01:38.440+0800: 3.320: [CMS-concurrent-mark-start]
2024-07-16T11:01:38.442+0800: 3.322: [CMS-concurrent-mark: 0.002/0.002 secs] [Times: user=0.00 sys=0.00, real=0.00 secs] 
2024-07-16T11:01:38.442+0800: 3.322: [CMS-concurrent-preclean-start]
2024-07-16T11:01:38.442+0800: 3.322: [CMS-concurrent-preclean: 0.000/0.000 secs] [Times: user=0.00 sys=0.00, real=0.00 secs] 
2024-07-16T11:01:38.442+0800: 3.322: [CMS-concurrent-abortable-preclean-start]
{Heap before GC invocations=398 (full 51):
 par new generation   total 6144K, used 5237K [0x00000000fec00000, 0x00000000ff2a0000, 0x00000000ff2a0000)
  eden space 5504K,  95% used [0x00000000fec00000, 0x00000000ff11b780, 0x00000000ff160000)
  from space 640K,   1% used [0x00000000ff200000, 0x00000000ff202040, 0x00000000ff2a0000)
  to   space 640K,   0% used [0x00000000ff160000, 0x00000000ff160000, 0x00000000ff200000)
 concurrent mark-sweep generation total 13696K, used 5293K [0x00000000ff2a0000, 0x0000000100000000, 0x0000000100000000)
 Metaspace       used 5076K, capacity 5258K, committed 5504K, reserved 1056768K
  class space    used 557K, capacity 597K, committed 640K, reserved 1048576K
2024-07-16T11:01:38.447+0800: 3.327: [GC (Allocation Failure) 2024-07-16T11:01:38.447+0800: 3.327: [ParNew: 5237K->8K(6144K), 0.0005641 secs] 10531K->6327K(19840K), 0.0006130 secs] [Times: user=0.00 sys=0.00, real=0.00 secs] 
Heap after GC invocations=399 (full 51):
 par new generation   total 6144K, used 8K [0x00000000fec00000, 0x00000000ff2a0000, 0x00000000ff2a0000)
  eden space 5504K,   0% used [0x00000000fec00000, 0x00000000fec00000, 0x00000000ff160000)
  from space 640K,   1% used [0x00000000ff160000, 0x00000000ff162040, 0x00000000ff200000)
  to   space 640K,   0% used [0x00000000ff200000, 0x00000000ff200000, 0x00000000ff2a0000)
 concurrent mark-sweep generation total 13696K, used 6319K [0x00000000ff2a0000, 0x0000000100000000, 0x0000000100000000)
 Metaspace       used 5076K, capacity 5258K, committed 5504K, reserved 1056768K
  class space    used 557K, capacity 597K, committed 640K, reserved 1048576K
}
{Heap before GC invocations=399 (full 51):
 par new generation   total 6144K, used 5237K [0x00000000fec00000, 0x00000000ff2a0000, 0x00000000ff2a0000)
  eden space 5504K,  95% used [0x00000000fec00000, 0x00000000ff11b780, 0x00000000ff160000)
  from space 640K,   1% used [0x00000000ff160000, 0x00000000ff162040, 0x00000000ff200000)
  to   space 640K,   0% used [0x00000000ff200000, 0x00000000ff200000, 0x00000000ff2a0000)
 concurrent mark-sweep generation total 13696K, used 6319K [0x00000000ff2a0000, 0x0000000100000000, 0x0000000100000000)
 Metaspace       used 5076K, capacity 5258K, committed 5504K, reserved 1056768K
  class space    used 557K, capacity 597K, committed 640K, reserved 1048576K
2024-07-16T11:01:38.453+0800: 3.333: [GC (Allocation Failure) 2024-07-16T11:01:38.453+0800: 3.333: [ParNew: 5237K->8K(6144K), 0.0004789 secs] 11557K->7351K(19840K), 0.0005116 secs] [Times: user=0.00 sys=0.00, real=0.00 secs] 
Heap after GC invocations=400 (full 51):
 par new generation   total 6144K, used 8K [0x00000000fec00000, 0x00000000ff2a0000, 0x00000000ff2a0000)
  eden space 5504K,   0% used [0x00000000fec00000, 0x00000000fec00000, 0x00000000ff160000)
  from space 640K,   1% used [0x00000000ff200000, 0x00000000ff202040, 0x00000000ff2a0000)
  to   space 640K,   0% used [0x00000000ff160000, 0x00000000ff160000, 0x00000000ff200000)
 concurrent mark-sweep generation total 13696K, used 7343K [0x00000000ff2a0000, 0x0000000100000000, 0x0000000100000000)
 Metaspace       used 5076K, capacity 5258K, committed 5504K, reserved 1056768K
  class space    used 557K, capacity 597K, committed 640K, reserved 1048576K
}
{Heap before GC invocations=400 (full 51):
 par new generation   total 6144K, used 5237K [0x00000000fec00000, 0x00000000ff2a0000, 0x00000000ff2a0000)
  eden space 5504K,  95% used [0x00000000fec00000, 0x00000000ff11b780, 0x00000000ff160000)
  from space 640K,   1% used [0x00000000ff200000, 0x00000000ff202040, 0x00000000ff2a0000)
  to   space 640K,   0% used [0x00000000ff160000, 0x00000000ff160000, 0x00000000ff200000)
 concurrent mark-sweep generation total 13696K, used 7343K [0x00000000ff2a0000, 0x0000000100000000, 0x0000000100000000)
 Metaspace       used 5076K, capacity 5258K, committed 5504K, reserved 1056768K
  class space    used 557K, capacity 597K, committed 640K, reserved 1048576K
2024-07-16T11:01:38.460+0800: 3.340: [GC (Allocation Failure) 2024-07-16T11:01:38.460+0800: 3.340: [ParNew: 5237K->8K(6144K), 0.0009549 secs] 12581K->8377K(19840K), 0.0010084 secs] [Times: user=0.00 sys=0.00, real=0.00 secs] 
Heap after GC invocations=401 (full 51):
 par new generation   total 6144K, used 8K [0x00000000fec00000, 0x00000000ff2a0000, 0x00000000ff2a0000)
  eden space 5504K,   0% used [0x00000000fec00000, 0x00000000fec00000, 0x00000000ff160000)
  from space 640K,   1% used [0x00000000ff160000, 0x00000000ff162040, 0x00000000ff200000)
  to   space 640K,   0% used [0x00000000ff200000, 0x00000000ff200000, 0x00000000ff2a0000)
 concurrent mark-sweep generation total 13696K, used 8369K [0x00000000ff2a0000, 0x0000000100000000, 0x0000000100000000)
 Metaspace       used 5076K, capacity 5258K, committed 5504K, reserved 1056768K
  class space    used 557K, capacity 597K, committed 640K, reserved 1048576K
}
{Heap before GC invocations=401 (full 51):
 par new generation   total 6144K, used 5237K [0x00000000fec00000, 0x00000000ff2a0000, 0x00000000ff2a0000)
  eden space 5504K,  95% used [0x00000000fec00000, 0x00000000ff11b780, 0x00000000ff160000)
  from space 640K,   1% used [0x00000000ff160000, 0x00000000ff162040, 0x00000000ff200000)
  to   space 640K,   0% used [0x00000000ff200000, 0x00000000ff200000, 0x00000000ff2a0000)
 concurrent mark-sweep generation total 13696K, used 8369K [0x00000000ff2a0000, 0x0000000100000000, 0x0000000100000000)
 Metaspace       used 5076K, capacity 5258K, committed 5504K, reserved 1056768K
  class space    used 557K, capacity 597K, committed 640K, reserved 1048576K
2024-07-16T11:01:38.467+0800: 3.347: [GC (Allocation Failure) 2024-07-16T11:01:38.467+0800: 3.347: [ParNew: 5237K->8K(6144K), 0.0011036 secs] 13607K->9403K(19840K), 0.0011848 secs] [Times: user=0.00 sys=0.00, real=0.00 secs] 
Heap after GC invocations=402 (full 51):
 par new generation   total 6144K, used 8K [0x00000000fec00000, 0x00000000ff2a0000, 0x00000000ff2a0000)
  eden space 5504K,   0% used [0x00000000fec00000, 0x00000000fec00000, 0x00000000ff160000)
  from space 640K,   1% used [0x00000000ff200000, 0x00000000ff202040, 0x00000000ff2a0000)
  to   space 640K,   0% used [0x00000000ff160000, 0x00000000ff160000, 0x00000000ff200000)
 concurrent mark-sweep generation total 13696K, used 9395K [0x00000000ff2a0000, 0x0000000100000000, 0x0000000100000000)
 Metaspace       used 5076K, capacity 5258K, committed 5504K, reserved 1056768K
  class space    used 557K, capacity 597K, committed 640K, reserved 1048576K
}
{Heap before GC invocations=402 (full 51):
 par new generation   total 6144K, used 5237K [0x00000000fec00000, 0x00000000ff2a0000, 0x00000000ff2a0000)
  eden space 5504K,  95% used [0x00000000fec00000, 0x00000000ff11b780, 0x00000000ff160000)
  from space 640K,   1% used [0x00000000ff200000, 0x00000000ff202040, 0x00000000ff2a0000)
  to   space 640K,   0% used [0x00000000ff160000, 0x00000000ff160000, 0x00000000ff200000)
 concurrent mark-sweep generation total 13696K, used 9395K [0x00000000ff2a0000, 0x0000000100000000, 0x0000000100000000)
 Metaspace       used 5076K, capacity 5258K, committed 5504K, reserved 1056768K
  class space    used 557K, capacity 597K, committed 640K, reserved 1048576K
2024-07-16T11:01:38.475+0800: 3.355: [GC (Allocation Failure) 2024-07-16T11:01:38.475+0800: 3.355: [ParNew: 5237K->2K(6144K), 0.0013513 secs] 14633K->10421K(19840K), 0.0014479 secs] [Times: user=0.00 sys=0.00, real=0.00 secs] 
Heap after GC invocations=403 (full 51):
 par new generation   total 6144K, used 2K [0x00000000fec00000, 0x00000000ff2a0000, 0x00000000ff2a0000)
  eden space 5504K,   0% used [0x00000000fec00000, 0x00000000fec00000, 0x00000000ff160000)
  from space 640K,   0% used [0x00000000ff160000, 0x00000000ff160810, 0x00000000ff200000)
  to   space 640K,   0% used [0x00000000ff200000, 0x00000000ff200000, 0x00000000ff2a0000)
 concurrent mark-sweep generation total 13696K, used 10419K [0x00000000ff2a0000, 0x0000000100000000, 0x0000000100000000)
 Metaspace       used 5076K, capacity 5258K, committed 5504K, reserved 1056768K
  class space    used 557K, capacity 597K, committed 640K, reserved 1048576K
}
{Heap before GC invocations=403 (full 51):
 par new generation   total 6144K, used 5231K [0x00000000fec00000, 0x00000000ff2a0000, 0x00000000ff2a0000)
  eden space 5504K,  95% used [0x00000000fec00000, 0x00000000ff11b780, 0x00000000ff160000)
  from space 640K,   0% used [0x00000000ff160000, 0x00000000ff160810, 0x00000000ff200000)
  to   space 640K,   0% used [0x00000000ff200000, 0x00000000ff200000, 0x00000000ff2a0000)
 concurrent mark-sweep generation total 13696K, used 10419K [0x00000000ff2a0000, 0x0000000100000000, 0x0000000100000000)
 Metaspace       used 5076K, capacity 5258K, committed 5504K, reserved 1056768K
  class space    used 557K, capacity 597K, committed 640K, reserved 1048576K
2024-07-16T11:01:38.484+0800: 3.364: [GC (Allocation Failure) 2024-07-16T11:01:38.484+0800: 3.364: [ParNew: 5231K->4K(6144K), 0.0011983 secs] 15651K->10423K(19840K), 0.0012853 secs] [Times: user=0.00 sys=0.00, real=0.00 secs] 
Heap after GC invocations=404 (full 51):
 par new generation   total 6144K, used 4K [0x00000000fec00000, 0x00000000ff2a0000, 0x00000000ff2a0000)
  eden space 5504K,   0% used [0x00000000fec00000, 0x00000000fec00000, 0x00000000ff160000)
  from space 640K,   0% used [0x00000000ff200000, 0x00000000ff201020, 0x00000000ff2a0000)
  to   space 640K,   0% used [0x00000000ff160000, 0x00000000ff160000, 0x00000000ff200000)
 concurrent mark-sweep generation total 13696K, used 10419K [0x00000000ff2a0000, 0x0000000100000000, 0x0000000100000000)
 Metaspace       used 5076K, capacity 5258K, committed 5504K, reserved 1056768K
  class space    used 557K, capacity 597K, committed 640K, reserved 1048576K
}
{Heap before GC invocations=404 (full 51):
 par new generation   total 6144K, used 5233K [0x00000000fec00000, 0x00000000ff2a0000, 0x00000000ff2a0000)
  eden space 5504K,  95% used [0x00000000fec00000, 0x00000000ff11b780, 0x00000000ff160000)
  from space 640K,   0% used [0x00000000ff200000, 0x00000000ff201020, 0x00000000ff2a0000)
  to   space 640K,   0% used [0x00000000ff160000, 0x00000000ff160000, 0x00000000ff200000)
 concurrent mark-sweep generation total 13696K, used 10419K [0x00000000ff2a0000, 0x0000000100000000, 0x0000000100000000)
 Metaspace       used 5076K, capacity 5258K, committed 5504K, reserved 1056768K
  class space    used 557K, capacity 597K, committed 640K, reserved 1048576K
2024-07-16T11:01:38.492+0800: 3.372: [GC (Allocation Failure) 2024-07-16T11:01:38.492+0800: 3.372: [ParNew: 5233K->2K(6144K), 0.0012773 secs] 15653K->10421K(19840K), 0.0013874 secs] [Times: user=0.00 sys=0.00, real=0.00 secs] 
Heap after GC invocations=405 (full 51):
 par new generation   total 6144K, used 2K [0x00000000fec00000, 0x00000000ff2a0000, 0x00000000ff2a0000)
  eden space 5504K,   0% used [0x00000000fec00000, 0x00000000fec00000, 0x00000000ff160000)
  from space 640K,   0% used [0x00000000ff160000, 0x00000000ff160810, 0x00000000ff200000)
  to   space 640K,   0% used [0x00000000ff200000, 0x00000000ff200000, 0x00000000ff2a0000)
 concurrent mark-sweep generation total 13696K, used 10419K [0x00000000ff2a0000, 0x0000000100000000, 0x0000000100000000)
 Metaspace       used 5076K, capacity 5258K, committed 5504K, reserved 1056768K
  class space    used 557K, capacity 597K, committed 640K, reserved 1048576K
}
{Heap before GC invocations=405 (full 51):
 par new generation   total 6144K, used 5231K [0x00000000fec00000, 0x00000000ff2a0000, 0x00000000ff2a0000)
  eden space 5504K,  95% used [0x00000000fec00000, 0x00000000ff11b780, 0x00000000ff160000)
  from space 640K,   0% used [0x00000000ff160000, 0x00000000ff160810, 0x00000000ff200000)
  to   space 640K,   0% used [0x00000000ff200000, 0x00000000ff200000, 0x00000000ff2a0000)
 concurrent mark-sweep generation total 13696K, used 10419K [0x00000000ff2a0000, 0x0000000100000000, 0x0000000100000000)
 Metaspace       used 5076K, capacity 5258K, committed 5504K, reserved 1056768K
  class space    used 557K, capacity 597K, committed 640K, reserved 1048576K
2024-07-16T11:01:38.499+0800: 3.379: [GC (Allocation Failure) 2024-07-16T11:01:38.499+0800: 3.379: [ParNew: 5231K->8K(6144K), 0.0014797 secs] 15651K->11453K(19840K), 0.0015728 secs] [Times: user=0.00 sys=0.00, real=0.00 secs] 
Heap after GC invocations=406 (full 51):
 par new generation   total 6144K, used 8K [0x00000000fec00000, 0x00000000ff2a0000, 0x00000000ff2a0000)
  eden space 5504K,   0% used [0x00000000fec00000, 0x00000000fec00000, 0x00000000ff160000)
  from space 640K,   1% used [0x00000000ff200000, 0x00000000ff202040, 0x00000000ff2a0000)
  to   space 640K,   0% used [0x00000000ff160000, 0x00000000ff160000, 0x00000000ff200000)
 concurrent mark-sweep generation total 13696K, used 11445K [0x00000000ff2a0000, 0x0000000100000000, 0x0000000100000000)
 Metaspace       used 5076K, capacity 5258K, committed 5504K, reserved 1056768K
  class space    used 557K, capacity 597K, committed 640K, reserved 1048576K
}
{Heap before GC invocations=406 (full 51):
 par new generation   total 6144K, used 5237K [0x00000000fec00000, 0x00000000ff2a0000, 0x00000000ff2a0000)
  eden space 5504K,  95% used [0x00000000fec00000, 0x00000000ff11b780, 0x00000000ff160000)
  from space 640K,   1% used [0x00000000ff200000, 0x00000000ff202040, 0x00000000ff2a0000)
  to   space 640K,   0% used [0x00000000ff160000, 0x00000000ff160000, 0x00000000ff200000)
 concurrent mark-sweep generation total 13696K, used 11445K [0x00000000ff2a0000, 0x0000000100000000, 0x0000000100000000)
 Metaspace       used 5076K, capacity 5258K, committed 5504K, reserved 1056768K
  class space    used 557K, capacity 597K, committed 640K, reserved 1048576K
2024-07-16T11:01:38.510+0800: 3.390: [GC (Allocation Failure) 2024-07-16T11:01:38.510+0800: 3.390: [ParNew: 5237K->4K(6144K), 0.0011608 secs] 16683K->11449K(19840K), 0.0012816 secs] [Times: user=0.00 sys=0.00, real=0.00 secs] 
Heap after GC invocations=407 (full 51):
 par new generation   total 6144K, used 4K [0x00000000fec00000, 0x00000000ff2a0000, 0x00000000ff2a0000)
  eden space 5504K,   0% used [0x00000000fec00000, 0x00000000fec00000, 0x00000000ff160000)
  from space 640K,   0% used [0x00000000ff160000, 0x00000000ff161020, 0x00000000ff200000)
  to   space 640K,   0% used [0x00000000ff200000, 0x00000000ff200000, 0x00000000ff2a0000)
 concurrent mark-sweep generation total 13696K, used 11445K [0x00000000ff2a0000, 0x0000000100000000, 0x0000000100000000)
 Metaspace       used 5076K, capacity 5258K, committed 5504K, reserved 1056768K
  class space    used 557K, capacity 597K, committed 640K, reserved 1048576K
}
{Heap before GC invocations=407 (full 51):
 par new generation   total 6144K, used 5233K [0x00000000fec00000, 0x00000000ff2a0000, 0x00000000ff2a0000)
  eden space 5504K,  95% used [0x00000000fec00000, 0x00000000ff11b780, 0x00000000ff160000)
  from space 640K,   0% used [0x00000000ff160000, 0x00000000ff161020, 0x00000000ff200000)
  to   space 640K,   0% used [0x00000000ff200000, 0x00000000ff200000, 0x00000000ff2a0000)
 concurrent mark-sweep generation total 13696K, used 11445K [0x00000000ff2a0000, 0x0000000100000000, 0x0000000100000000)
 Metaspace       used 5076K, capacity 5258K, committed 5504K, reserved 1056768K
  class space    used 557K, capacity 597K, committed 640K, reserved 1048576K
2024-07-16T11:01:38.518+0800: 3.398: [GC (Allocation Failure) 2024-07-16T11:01:38.518+0800: 3.398: [ParNew: 5233K->4K(6144K), 0.0011790 secs] 16679K->11449K(19840K), 0.0012577 secs] [Times: user=0.00 sys=0.00, real=0.00 secs] 
Heap after GC invocations=408 (full 51):
 par new generation   total 6144K, used 4K [0x00000000fec00000, 0x00000000ff2a0000, 0x00000000ff2a0000)
  eden space 5504K,   0% used [0x00000000fec00000, 0x00000000fec00000, 0x00000000ff160000)
  from space 640K,   0% used [0x00000000ff200000, 0x00000000ff201020, 0x00000000ff2a0000)
  to   space 640K,   0% used [0x00000000ff160000, 0x00000000ff160000, 0x00000000ff200000)
 concurrent mark-sweep generation total 13696K, used 11445K [0x00000000ff2a0000, 0x0000000100000000, 0x0000000100000000)
 Metaspace       used 5076K, capacity 5258K, committed 5504K, reserved 1056768K
  class space    used 557K, capacity 597K, committed 640K, reserved 1048576K
}
{Heap before GC invocations=408 (full 51):
 par new generation   total 6144K, used 5233K [0x00000000fec00000, 0x00000000ff2a0000, 0x00000000ff2a0000)
  eden space 5504K,  95% used [0x00000000fec00000, 0x00000000ff11b780, 0x00000000ff160000)
  from space 640K,   0% used [0x00000000ff200000, 0x00000000ff201020, 0x00000000ff2a0000)
  to   space 640K,   0% used [0x00000000ff160000, 0x00000000ff160000, 0x00000000ff200000)
 concurrent mark-sweep generation total 13696K, used 11445K [0x00000000ff2a0000, 0x0000000100000000, 0x0000000100000000)
 Metaspace       used 5076K, capacity 5258K, committed 5504K, reserved 1056768K
  class space    used 557K, capacity 597K, committed 640K, reserved 1048576K
2024-07-16T11:01:38.526+0800: 3.406: [GC (Allocation Failure) 2024-07-16T11:01:38.526+0800: 3.406: [ParNew: 5233K->6K(6144K), 0.0014925 secs] 16679K->12475K(19840K), 0.0016105 secs] [Times: user=0.00 sys=0.00, real=0.00 secs] 
Heap after GC invocations=409 (full 51):
 par new generation   total 6144K, used 6K [0x00000000fec00000, 0x00000000ff2a0000, 0x00000000ff2a0000)
  eden space 5504K,   0% used [0x00000000fec00000, 0x00000000fec00000, 0x00000000ff160000)
  from space 640K,   0% used [0x00000000ff160000, 0x00000000ff161830, 0x00000000ff200000)
  to   space 640K,   0% used [0x00000000ff200000, 0x00000000ff200000, 0x00000000ff2a0000)
 concurrent mark-sweep generation total 13696K, used 12469K [0x00000000ff2a0000, 0x0000000100000000, 0x0000000100000000)
 Metaspace       used 5076K, capacity 5258K, committed 5504K, reserved 1056768K
  class space    used 557K, capacity 597K, committed 640K, reserved 1048576K
}
{Heap before GC invocations=409 (full 51):
 par new generation   total 6144K, used 5235K [0x00000000fec00000, 0x00000000ff2a0000, 0x00000000ff2a0000)
  eden space 5504K,  95% used [0x00000000fec00000, 0x00000000ff11b780, 0x00000000ff160000)
  from space 640K,   0% used [0x00000000ff160000, 0x00000000ff161830, 0x00000000ff200000)
  to   space 640K,   0% used [0x00000000ff200000, 0x00000000ff200000, 0x00000000ff2a0000)
 concurrent mark-sweep generation total 13696K, used 12469K [0x00000000ff2a0000, 0x0000000100000000, 0x0000000100000000)
 Metaspace       used 5076K, capacity 5258K, committed 5504K, reserved 1056768K
  class space    used 557K, capacity 597K, committed 640K, reserved 1048576K
2024-07-16T11:01:38.535+0800: 3.415: [GC (Allocation Failure) 2024-07-16T11:01:38.535+0800: 3.415: [ParNew: 5235K->5235K(6144K), 0.0000378 secs]2024-07-16T11:01:38.535+0800: 3.415: [CMS2024-07-16T11:01:38.535+0800: 3.415: [CMS-concurrent-abortable-preclean: 0.001/0.093 secs] [Times: user=0.00 sys=0.00, real=0.09 secs] 
 (concurrent mode failure): 12469K->2215K(13696K), 0.0070961 secs] 17705K->2215K(19840K), [Metaspace: 5076K->5076K(1056768K)], 0.0072546 secs] [Times: user=0.00 sys=0.00, real=0.01 secs] 
Heap after GC invocations=410 (full 52):
 par new generation   total 6144K, used 0K [0x00000000fec00000, 0x00000000ff2a0000, 0x00000000ff2a0000)
  eden space 5504K,   0% used [0x00000000fec00000, 0x00000000fec00000, 0x00000000ff160000)
  from space 640K,   0% used [0x00000000ff160000, 0x00000000ff160000, 0x00000000ff200000)
  to   space 640K,   0% used [0x00000000ff200000, 0x00000000ff200000, 0x00000000ff2a0000)
 concurrent mark-sweep generation total 13696K, used 2215K [0x00000000ff2a0000, 0x0000000100000000, 0x0000000100000000)
 Metaspace       used 5076K, capacity 5258K, committed 5504K, reserved 1056768K
  class space    used 557K, capacity 597K, committed 640K, reserved 1048576K
}
{Heap before GC invocations=410 (full 52):
 par new generation   total 6144K, used 5229K [0x00000000fec00000, 0x00000000ff2a0000, 0x00000000ff2a0000)
  eden space 5504K,  95% used [0x00000000fec00000, 0x00000000ff11b780, 0x00000000ff160000)
  from space 640K,   0% used [0x00000000ff160000, 0x00000000ff160000, 0x00000000ff200000)
  to   space 640K,   0% used [0x00000000ff200000, 0x00000000ff200000, 0x00000000ff2a0000)
 concurrent mark-sweep generation total 13696K, used 2215K [0x00000000ff2a0000, 0x0000000100000000, 0x0000000100000000)
 Metaspace       used 5076K, capacity 5258K, committed 5504K, reserved 1056768K
  class space    used 557K, capacity 597K, committed 640K, reserved 1048576K
2024-07-16T11:01:38.549+0800: 3.429: [GC (Allocation Failure) 2024-07-16T11:01:38.549+0800: 3.429: [ParNew: 5229K->8K(6144K), 0.0014319 secs] 7445K->3249K(19840K), 0.0015507 secs] [Times: user=0.16 sys=0.00, real=0.00 secs] 
Heap after GC invocations=411 (full 52):
 par new generation   total 6144K, used 8K [0x00000000fec00000, 0x00000000ff2a0000, 0x00000000ff2a0000)
  eden space 5504K,   0% used [0x00000000fec00000, 0x00000000fec00000, 0x00000000ff160000)
  from space 640K,   1% used [0x00000000ff200000, 0x00000000ff202040, 0x00000000ff2a0000)
  to   space 640K,   0% used [0x00000000ff160000, 0x00000000ff160000, 0x00000000ff200000)
 concurrent mark-sweep generation total 13696K, used 3241K [0x00000000ff2a0000, 0x0000000100000000, 0x0000000100000000)
 Metaspace       used 5076K, capacity 5258K, committed 5504K, reserved 1056768K
  class space    used 557K, capacity 597K, committed 640K, reserved 1048576K
}
{Heap before GC invocations=411 (full 52):
 par new generation   total 6144K, used 5237K [0x00000000fec00000, 0x00000000ff2a0000, 0x00000000ff2a0000)
  eden space 5504K,  95% used [0x00000000fec00000, 0x00000000ff11b780, 0x00000000ff160000)
  from space 640K,   1% used [0x00000000ff200000, 0x00000000ff202040, 0x00000000ff2a0000)
  to   space 640K,   0% used [0x00000000ff160000, 0x00000000ff160000, 0x00000000ff200000)
 concurrent mark-sweep generation total 13696K, used 3241K [0x00000000ff2a0000, 0x0000000100000000, 0x0000000100000000)
 Metaspace       used 5076K, capacity 5258K, committed 5504K, reserved 1056768K
  class space    used 557K, capacity 597K, committed 640K, reserved 1048576K
2024-07-16T11:01:38.558+0800: 3.438: [GC (Allocation Failure) 2024-07-16T11:01:38.558+0800: 3.438: [ParNew: 5237K->8K(6144K), 0.0014408 secs] 8479K->4275K(19840K), 0.0015564 secs] [Times: user=0.00 sys=0.00, real=0.00 secs] 
Heap after GC invocations=412 (full 52):
 par new generation   total 6144K, used 8K [0x00000000fec00000, 0x00000000ff2a0000, 0x00000000ff2a0000)
  eden space 5504K,   0% used [0x00000000fec00000, 0x00000000fec00000, 0x00000000ff160000)
  from space 640K,   1% used [0x00000000ff160000, 0x00000000ff162040, 0x00000000ff200000)
  to   space 640K,   0% used [0x00000000ff200000, 0x00000000ff200000, 0x00000000ff2a0000)
 concurrent mark-sweep generation total 13696K, used 4267K [0x00000000ff2a0000, 0x0000000100000000, 0x0000000100000000)
 Metaspace       used 5076K, capacity 5258K, committed 5504K, reserved 1056768K
  class space    used 557K, capacity 597K, committed 640K, reserved 1048576K
}
2024-07-16T11:01:38.560+0800: 3.440: [GC (CMS Initial Mark) [1 CMS-initial-mark: 4267K(13696K)] 5301K(19840K), 0.0004598 secs] [Times: user=0.00 sys=0.00, real=0.00 secs] 
2024-07-16T11:01:38.560+0800: 3.440: [CMS-concurrent-mark-start]
2024-07-16T11:01:38.565+0800: 3.446: [CMS-concurrent-mark: 0.005/0.005 secs] [Times: user=0.05 sys=0.00, real=0.01 secs] 
2024-07-16T11:01:38.565+0800: 3.446: [CMS-concurrent-preclean-start]
2024-07-16T11:01:38.566+0800: 3.446: [CMS-concurrent-preclean: 0.000/0.000 secs] [Times: user=0.00 sys=0.00, real=0.00 secs] 
2024-07-16T11:01:38.566+0800: 3.446: [CMS-concurrent-abortable-preclean-start]
{Heap before GC invocations=412 (full 53):
 par new generation   total 6144K, used 5237K [0x00000000fec00000, 0x00000000ff2a0000, 0x00000000ff2a0000)
  eden space 5504K,  95% used [0x00000000fec00000, 0x00000000ff11b780, 0x00000000ff160000)
  from space 640K,   1% used [0x00000000ff160000, 0x00000000ff162040, 0x00000000ff200000)
  to   space 640K,   0% used [0x00000000ff200000, 0x00000000ff200000, 0x00000000ff2a0000)
 concurrent mark-sweep generation total 13696K, used 4267K [0x00000000ff2a0000, 0x0000000100000000, 0x0000000100000000)
 Metaspace       used 5076K, capacity 5258K, committed 5504K, reserved 1056768K
  class space    used 557K, capacity 597K, committed 640K, reserved 1048576K
2024-07-16T11:01:38.567+0800: 3.447: [GC (Allocation Failure) 2024-07-16T11:01:38.567+0800: 3.447: [ParNew: 5237K->8K(6144K), 0.0009882 secs] 9505K->5301K(19840K), 0.0010834 secs] [Times: user=0.00 sys=0.00, real=0.00 secs] 
Heap after GC invocations=413 (full 53):
 par new generation   total 6144K, used 8K [0x00000000fec00000, 0x00000000ff2a0000, 0x00000000ff2a0000)
  eden space 5504K,   0% used [0x00000000fec00000, 0x00000000fec00000, 0x00000000ff160000)
  from space 640K,   1% used [0x00000000ff200000, 0x00000000ff202040, 0x00000000ff2a0000)
  to   space 640K,   0% used [0x00000000ff160000, 0x00000000ff160000, 0x00000000ff200000)
 concurrent mark-sweep generation total 13696K, used 5293K [0x00000000ff2a0000, 0x0000000100000000, 0x0000000100000000)
 Metaspace       used 5076K, capacity 5258K, committed 5504K, reserved 1056768K
  class space    used 557K, capacity 597K, committed 640K, reserved 1048576K
}
{Heap before GC invocations=413 (full 53):
 par new generation   total 6144K, used 5237K [0x00000000fec00000, 0x00000000ff2a0000, 0x00000000ff2a0000)
  eden space 5504K,  95% used [0x00000000fec00000, 0x00000000ff11b780, 0x00000000ff160000)
  from space 640K,   1% used [0x00000000ff200000, 0x00000000ff202040, 0x00000000ff2a0000)
  to   space 640K,   0% used [0x00000000ff160000, 0x00000000ff160000, 0x00000000ff200000)
 concurrent mark-sweep generation total 13696K, used 5293K [0x00000000ff2a0000, 0x0000000100000000, 0x0000000100000000)
 Metaspace       used 5076K, capacity 5258K, committed 5504K, reserved 1056768K
  class space    used 557K, capacity 597K, committed 640K, reserved 1048576K
2024-07-16T11:01:38.574+0800: 3.454: [GC (Allocation Failure) 2024-07-16T11:01:38.574+0800: 3.454: [ParNew: 5237K->8K(6144K), 0.0011078 secs] 10531K->6325K(19840K), 0.0012127 secs] [Times: user=0.00 sys=0.00, real=0.00 secs] 
Heap after GC invocations=414 (full 53):
 par new generation   total 6144K, used 8K [0x00000000fec00000, 0x00000000ff2a0000, 0x00000000ff2a0000)
  eden space 5504K,   0% used [0x00000000fec00000, 0x00000000fec00000, 0x00000000ff160000)
  from space 640K,   1% used [0x00000000ff160000, 0x00000000ff162040, 0x00000000ff200000)
  to   space 640K,   0% used [0x00000000ff200000, 0x00000000ff200000, 0x00000000ff2a0000)
 concurrent mark-sweep generation total 13696K, used 6317K [0x00000000ff2a0000, 0x0000000100000000, 0x0000000100000000)
 Metaspace       used 5076K, capacity 5258K, committed 5504K, reserved 1056768K
  class space    used 557K, capacity 597K, committed 640K, reserved 1048576K
}
{Heap before GC invocations=414 (full 53):
 par new generation   total 6144K, used 5237K [0x00000000fec00000, 0x00000000ff2a0000, 0x00000000ff2a0000)
  eden space 5504K,  95% used [0x00000000fec00000, 0x00000000ff11b780, 0x00000000ff160000)
  from space 640K,   1% used [0x00000000ff160000, 0x00000000ff162040, 0x00000000ff200000)
  to   space 640K,   0% used [0x00000000ff200000, 0x00000000ff200000, 0x00000000ff2a0000)
 concurrent mark-sweep generation total 13696K, used 6317K [0x00000000ff2a0000, 0x0000000100000000, 0x0000000100000000)
 Metaspace       used 5076K, capacity 5258K, committed 5504K, reserved 1056768K
  class space    used 557K, capacity 597K, committed 640K, reserved 1048576K
2024-07-16T11:01:38.582+0800: 3.462: [GC (Allocation Failure) 2024-07-16T11:01:38.582+0800: 3.462: [ParNew: 5237K->4K(6144K), 0.0013204 secs] 11555K->6321K(19840K), 0.0014209 secs] [Times: user=0.00 sys=0.00, real=0.00 secs] 
Heap after GC invocations=415 (full 53):
 par new generation   total 6144K, used 4K [0x00000000fec00000, 0x00000000ff2a0000, 0x00000000ff2a0000)
  eden space 5504K,   0% used [0x00000000fec00000, 0x00000000fec00000, 0x00000000ff160000)
  from space 640K,   0% used [0x00000000ff200000, 0x00000000ff201020, 0x00000000ff2a0000)
  to   space 640K,   0% used [0x00000000ff160000, 0x00000000ff160000, 0x00000000ff200000)
 concurrent mark-sweep generation total 13696K, used 6317K [0x00000000ff2a0000, 0x0000000100000000, 0x0000000100000000)
 Metaspace       used 5076K, capacity 5258K, committed 5504K, reserved 1056768K
  class space    used 557K, capacity 597K, committed 640K, reserved 1048576K
}
{Heap before GC invocations=415 (full 53):
 par new generation   total 6144K, used 5233K [0x00000000fec00000, 0x00000000ff2a0000, 0x00000000ff2a0000)
  eden space 5504K,  95% used [0x00000000fec00000, 0x00000000ff11b780, 0x00000000ff160000)
  from space 640K,   0% used [0x00000000ff200000, 0x00000000ff201020, 0x00000000ff2a0000)
  to   space 640K,   0% used [0x00000000ff160000, 0x00000000ff160000, 0x00000000ff200000)
 concurrent mark-sweep generation total 13696K, used 6317K [0x00000000ff2a0000, 0x0000000100000000, 0x0000000100000000)
 Metaspace       used 5076K, capacity 5258K, committed 5504K, reserved 1056768K
  class space    used 557K, capacity 597K, committed 640K, reserved 1048576K
2024-07-16T11:01:38.591+0800: 3.471: [GC (Allocation Failure) 2024-07-16T11:01:38.591+0800: 3.471: [ParNew: 5233K->4K(6144K), 0.0011628 secs] 11551K->6321K(19840K), 0.0012997 secs] [Times: user=0.00 sys=0.00, real=0.00 secs] 
Heap after GC invocations=416 (full 53):
 par new generation   total 6144K, used 4K [0x00000000fec00000, 0x00000000ff2a0000, 0x00000000ff2a0000)
  eden space 5504K,   0% used [0x00000000fec00000, 0x00000000fec00000, 0x00000000ff160000)
  from space 640K,   0% used [0x00000000ff160000, 0x00000000ff161020, 0x00000000ff200000)
  to   space 640K,   0% used [0x00000000ff200000, 0x00000000ff200000, 0x00000000ff2a0000)
 concurrent mark-sweep generation total 13696K, used 6317K [0x00000000ff2a0000, 0x0000000100000000, 0x0000000100000000)
 Metaspace       used 5076K, capacity 5258K, committed 5504K, reserved 1056768K
  class space    used 557K, capacity 597K, committed 640K, reserved 1048576K
}
{Heap before GC invocations=416 (full 53):
 par new generation   total 6144K, used 5233K [0x00000000fec00000, 0x00000000ff2a0000, 0x00000000ff2a0000)
  eden space 5504K,  95% used [0x00000000fec00000, 0x00000000ff11b780, 0x00000000ff160000)
  from space 640K,   0% used [0x00000000ff160000, 0x00000000ff161020, 0x00000000ff200000)
  to   space 640K,   0% used [0x00000000ff200000, 0x00000000ff200000, 0x00000000ff2a0000)
 concurrent mark-sweep generation total 13696K, used 6317K [0x00000000ff2a0000, 0x0000000100000000, 0x0000000100000000)
 Metaspace       used 5076K, capacity 5258K, committed 5504K, reserved 1056768K
  class space    used 557K, capacity 597K, committed 640K, reserved 1048576K
2024-07-16T11:01:38.598+0800: 3.478: [GC (Allocation Failure) 2024-07-16T11:01:38.598+0800: 3.478: [ParNew: 5233K->8K(6144K), 0.0012463 secs] 11551K->7349K(19840K), 0.0013723 secs] [Times: user=0.00 sys=0.00, real=0.00 secs] 
Heap after GC invocations=417 (full 53):
 par new generation   total 6144K, used 8K [0x00000000fec00000, 0x00000000ff2a0000, 0x00000000ff2a0000)
  eden space 5504K,   0% used [0x00000000fec00000, 0x00000000fec00000, 0x00000000ff160000)
  from space 640K,   1% used [0x00000000ff200000, 0x00000000ff202040, 0x00000000ff2a0000)
  to   space 640K,   0% used [0x00000000ff160000, 0x00000000ff160000, 0x00000000ff200000)
 concurrent mark-sweep generation total 13696K, used 7341K [0x00000000ff2a0000, 0x0000000100000000, 0x0000000100000000)
 Metaspace       used 5076K, capacity 5258K, committed 5504K, reserved 1056768K
  class space    used 557K, capacity 597K, committed 640K, reserved 1048576K
}
{Heap before GC invocations=417 (full 53):
 par new generation   total 6144K, used 5237K [0x00000000fec00000, 0x00000000ff2a0000, 0x00000000ff2a0000)
  eden space 5504K,  95% used [0x00000000fec00000, 0x00000000ff11b780, 0x00000000ff160000)
  from space 640K,   1% used [0x00000000ff200000, 0x00000000ff202040, 0x00000000ff2a0000)
  to   space 640K,   0% used [0x00000000ff160000, 0x00000000ff160000, 0x00000000ff200000)
 concurrent mark-sweep generation total 13696K, used 7341K [0x00000000ff2a0000, 0x0000000100000000, 0x0000000100000000)
 Metaspace       used 5076K, capacity 5258K, committed 5504K, reserved 1056768K
  class space    used 557K, capacity 597K, committed 640K, reserved 1048576K
2024-07-16T11:01:38.606+0800: 3.486: [GC (Allocation Failure) 2024-07-16T11:01:38.606+0800: 3.486: [ParNew: 5237K->8K(6144K), 0.0012610 secs] 12579K->8375K(19840K), 0.0013495 secs] [Times: user=0.00 sys=0.00, real=0.00 secs] 
Heap after GC invocations=418 (full 53):
 par new generation   total 6144K, used 8K [0x00000000fec00000, 0x00000000ff2a0000, 0x00000000ff2a0000)
  eden space 5504K,   0% used [0x00000000fec00000, 0x00000000fec00000, 0x00000000ff160000)
  from space 640K,   1% used [0x00000000ff160000, 0x00000000ff162040, 0x00000000ff200000)
  to   space 640K,   0% used [0x00000000ff200000, 0x00000000ff200000, 0x00000000ff2a0000)
 concurrent mark-sweep generation total 13696K, used 8367K [0x00000000ff2a0000, 0x0000000100000000, 0x0000000100000000)
 Metaspace       used 5076K, capacity 5258K, committed 5504K, reserved 1056768K
  class space    used 557K, capacity 597K, committed 640K, reserved 1048576K
}
{Heap before GC invocations=418 (full 53):
 par new generation   total 6144K, used 5237K [0x00000000fec00000, 0x00000000ff2a0000, 0x00000000ff2a0000)
  eden space 5504K,  95% used [0x00000000fec00000, 0x00000000ff11b780, 0x00000000ff160000)
  from space 640K,   1% used [0x00000000ff160000, 0x00000000ff162040, 0x00000000ff200000)
  to   space 640K,   0% used [0x00000000ff200000, 0x00000000ff200000, 0x00000000ff2a0000)
 concurrent mark-sweep generation total 13696K, used 8367K [0x00000000ff2a0000, 0x0000000100000000, 0x0000000100000000)
 Metaspace       used 5076K, capacity 5258K, committed 5504K, reserved 1056768K
  class space    used 557K, capacity 597K, committed 640K, reserved 1048576K
2024-07-16T11:01:38.616+0800: 3.496: [GC (Allocation Failure) 2024-07-16T11:01:38.616+0800: 3.496: [ParNew: 5237K->6K(6144K), 0.0013639 secs] 13605K->9399K(19840K), 0.0014880 secs] [Times: user=0.00 sys=0.00, real=0.00 secs] 
Heap after GC invocations=419 (full 53):
 par new generation   total 6144K, used 6K [0x00000000fec00000, 0x00000000ff2a0000, 0x00000000ff2a0000)
  eden space 5504K,   0% used [0x00000000fec00000, 0x00000000fec00000, 0x00000000ff160000)
  from space 640K,   0% used [0x00000000ff200000, 0x00000000ff201830, 0x00000000ff2a0000)
  to   space 640K,   0% used [0x00000000ff160000, 0x00000000ff160000, 0x00000000ff200000)
 concurrent mark-sweep generation total 13696K, used 9393K [0x00000000ff2a0000, 0x0000000100000000, 0x0000000100000000)
 Metaspace       used 5076K, capacity 5258K, committed 5504K, reserved 1056768K
  class space    used 557K, capacity 597K, committed 640K, reserved 1048576K
}
{Heap before GC invocations=419 (full 53):
 par new generation   total 6144K, used 5235K [0x00000000fec00000, 0x00000000ff2a0000, 0x00000000ff2a0000)
  eden space 5504K,  95% used [0x00000000fec00000, 0x00000000ff11b780, 0x00000000ff160000)
  from space 640K,   0% used [0x00000000ff200000, 0x00000000ff201830, 0x00000000ff2a0000)
  to   space 640K,   0% used [0x00000000ff160000, 0x00000000ff160000, 0x00000000ff200000)
 concurrent mark-sweep generation total 13696K, used 9393K [0x00000000ff2a0000, 0x0000000100000000, 0x0000000100000000)
 Metaspace       used 5076K, capacity 5258K, committed 5504K, reserved 1056768K
  class space    used 557K, capacity 597K, committed 640K, reserved 1048576K
2024-07-16T11:01:38.625+0800: 3.505: [GC (Allocation Failure) 2024-07-16T11:01:38.625+0800: 3.505: [ParNew: 5235K->6K(6144K), 0.0012991 secs] 14629K->10425K(19840K), 0.0013842 secs] [Times: user=0.00 sys=0.00, real=0.00 secs] 
Heap after GC invocations=420 (full 53):
 par new generation   total 6144K, used 6K [0x00000000fec00000, 0x00000000ff2a0000, 0x00000000ff2a0000)
  eden space 5504K,   0% used [0x00000000fec00000, 0x00000000fec00000, 0x00000000ff160000)
  from space 640K,   0% used [0x00000000ff160000, 0x00000000ff161830, 0x00000000ff200000)
  to   space 640K,   0% used [0x00000000ff200000, 0x00000000ff200000, 0x00000000ff2a0000)
 concurrent mark-sweep generation total 13696K, used 10419K [0x00000000ff2a0000, 0x0000000100000000, 0x0000000100000000)
 Metaspace       used 5076K, capacity 5258K, committed 5504K, reserved 1056768K
  class space    used 557K, capacity 597K, committed 640K, reserved 1048576K
}
{Heap before GC invocations=420 (full 53):
 par new generation   total 6144K, used 5235K [0x00000000fec00000, 0x00000000ff2a0000, 0x00000000ff2a0000)
  eden space 5504K,  95% used [0x00000000fec00000, 0x00000000ff11b780, 0x00000000ff160000)
  from space 640K,   0% used [0x00000000ff160000, 0x00000000ff161830, 0x00000000ff200000)
  to   space 640K,   0% used [0x00000000ff200000, 0x00000000ff200000, 0x00000000ff2a0000)
 concurrent mark-sweep generation total 13696K, used 10419K [0x00000000ff2a0000, 0x0000000100000000, 0x0000000100000000)
 Metaspace       used 5076K, capacity 5258K, committed 5504K, reserved 1056768K
  class space    used 557K, capacity 597K, committed 640K, reserved 1048576K
2024-07-16T11:01:38.633+0800: 3.513: [GC (Allocation Failure) 2024-07-16T11:01:38.633+0800: 3.513: [ParNew: 5235K->6K(6144K), 0.0014536 secs] 15655K->11451K(19840K), 0.0015719 secs] [Times: user=0.00 sys=0.00, real=0.00 secs] 
Heap after GC invocations=421 (full 53):
 par new generation   total 6144K, used 6K [0x00000000fec00000, 0x00000000ff2a0000, 0x00000000ff2a0000)
  eden space 5504K,   0% used [0x00000000fec00000, 0x00000000fec00000, 0x00000000ff160000)
  from space 640K,   0% used [0x00000000ff200000, 0x00000000ff201830, 0x00000000ff2a0000)
  to   space 640K,   0% used [0x00000000ff160000, 0x00000000ff160000, 0x00000000ff200000)
 concurrent mark-sweep generation total 13696K, used 11445K [0x00000000ff2a0000, 0x0000000100000000, 0x0000000100000000)
 Metaspace       used 5076K, capacity 5258K, committed 5504K, reserved 1056768K
  class space    used 557K, capacity 597K, committed 640K, reserved 1048576K
}
{Heap before GC invocations=421 (full 53):
 par new generation   total 6144K, used 5235K [0x00000000fec00000, 0x00000000ff2a0000, 0x00000000ff2a0000)
  eden space 5504K,  95% used [0x00000000fec00000, 0x00000000ff11b780, 0x00000000ff160000)
  from space 640K,   0% used [0x00000000ff200000, 0x00000000ff201830, 0x00000000ff2a0000)
  to   space 640K,   0% used [0x00000000ff160000, 0x00000000ff160000, 0x00000000ff200000)
 concurrent mark-sweep generation total 13696K, used 11445K [0x00000000ff2a0000, 0x0000000100000000, 0x0000000100000000)
 Metaspace       used 5076K, capacity 5258K, committed 5504K, reserved 1056768K
  class space    used 557K, capacity 597K, committed 640K, reserved 1048576K
2024-07-16T11:01:38.641+0800: 3.521: [GC (Allocation Failure) 2024-07-16T11:01:38.641+0800: 3.521: [ParNew: 5235K->8K(6144K), 0.0013655 secs] 16681K->12477K(19840K), 0.0014425 secs] [Times: user=0.00 sys=0.00, real=0.00 secs] 
Heap after GC invocations=422 (full 53):
 par new generation   total 6144K, used 8K [0x00000000fec00000, 0x00000000ff2a0000, 0x00000000ff2a0000)
  eden space 5504K,   0% used [0x00000000fec00000, 0x00000000fec00000, 0x00000000ff160000)
  from space 640K,   1% used [0x00000000ff160000, 0x00000000ff162040, 0x00000000ff200000)
  to   space 640K,   0% used [0x00000000ff200000, 0x00000000ff200000, 0x00000000ff2a0000)
 concurrent mark-sweep generation total 13696K, used 12469K [0x00000000ff2a0000, 0x0000000100000000, 0x0000000100000000)
 Metaspace       used 5076K, capacity 5258K, committed 5504K, reserved 1056768K
  class space    used 557K, capacity 597K, committed 640K, reserved 1048576K
}
{Heap before GC invocations=422 (full 53):
 par new generation   total 6144K, used 5237K [0x00000000fec00000, 0x00000000ff2a0000, 0x00000000ff2a0000)
  eden space 5504K,  95% used [0x00000000fec00000, 0x00000000ff11b780, 0x00000000ff160000)
  from space 640K,   1% used [0x00000000ff160000, 0x00000000ff162040, 0x00000000ff200000)
  to   space 640K,   0% used [0x00000000ff200000, 0x00000000ff200000, 0x00000000ff2a0000)
 concurrent mark-sweep generation total 13696K, used 12469K [0x00000000ff2a0000, 0x0000000100000000, 0x0000000100000000)
 Metaspace       used 5076K, capacity 5258K, committed 5504K, reserved 1056768K
  class space    used 557K, capacity 597K, committed 640K, reserved 1048576K
2024-07-16T11:01:38.649+0800: 3.529: [GC (Allocation Failure) 2024-07-16T11:01:38.649+0800: 3.529: [ParNew: 5237K->4K(6144K), 0.0012926 secs] 17707K->12473K(19840K), 0.0014060 secs] [Times: user=0.00 sys=0.00, real=0.00 secs] 
Heap after GC invocations=423 (full 53):
 par new generation   total 6144K, used 4K [0x00000000fec00000, 0x00000000ff2a0000, 0x00000000ff2a0000)
  eden space 5504K,   0% used [0x00000000fec00000, 0x00000000fec00000, 0x00000000ff160000)
  from space 640K,   0% used [0x00000000ff200000, 0x00000000ff201020, 0x00000000ff2a0000)
  to   space 640K,   0% used [0x00000000ff160000, 0x00000000ff160000, 0x00000000ff200000)
 concurrent mark-sweep generation total 13696K, used 12469K [0x00000000ff2a0000, 0x0000000100000000, 0x0000000100000000)
 Metaspace       used 5076K, capacity 5258K, committed 5504K, reserved 1056768K
  class space    used 557K, capacity 597K, committed 640K, reserved 1048576K
}
{Heap before GC invocations=423 (full 53):
 par new generation   total 6144K, used 5233K [0x00000000fec00000, 0x00000000ff2a0000, 0x00000000ff2a0000)
  eden space 5504K,  95% used [0x00000000fec00000, 0x00000000ff11b780, 0x00000000ff160000)
  from space 640K,   0% used [0x00000000ff200000, 0x00000000ff201020, 0x00000000ff2a0000)
  to   space 640K,   0% used [0x00000000ff160000, 0x00000000ff160000, 0x00000000ff200000)
 concurrent mark-sweep generation total 13696K, used 12469K [0x00000000ff2a0000, 0x0000000100000000, 0x0000000100000000)
 Metaspace       used 5076K, capacity 5258K, committed 5504K, reserved 1056768K
  class space    used 557K, capacity 597K, committed 640K, reserved 1048576K
2024-07-16T11:01:38.658+0800: 3.538: [GC (Allocation Failure) 2024-07-16T11:01:38.658+0800: 3.538: [ParNew: 5233K->4K(6144K), 0.0011857 secs] 17703K->12473K(19840K), 0.0012922 secs] [Times: user=0.16 sys=0.00, real=0.00 secs] 
Heap after GC invocations=424 (full 53):
 par new generation   total 6144K, used 4K [0x00000000fec00000, 0x00000000ff2a0000, 0x00000000ff2a0000)
  eden space 5504K,   0% used [0x00000000fec00000, 0x00000000fec00000, 0x00000000ff160000)
  from space 640K,   0% used [0x00000000ff160000, 0x00000000ff161020, 0x00000000ff200000)
  to   space 640K,   0% used [0x00000000ff200000, 0x00000000ff200000, 0x00000000ff2a0000)
 concurrent mark-sweep generation total 13696K, used 12469K [0x00000000ff2a0000, 0x0000000100000000, 0x0000000100000000)
 Metaspace       used 5076K, capacity 5258K, committed 5504K, reserved 1056768K
  class space    used 557K, capacity 597K, committed 640K, reserved 1048576K
}
{Heap before GC invocations=424 (full 53):
 par new generation   total 6144K, used 5233K [0x00000000fec00000, 0x00000000ff2a0000, 0x00000000ff2a0000)
  eden space 5504K,  95% used [0x00000000fec00000, 0x00000000ff11b780, 0x00000000ff160000)
  from space 640K,   0% used [0x00000000ff160000, 0x00000000ff161020, 0x00000000ff200000)
  to   space 640K,   0% used [0x00000000ff200000, 0x00000000ff200000, 0x00000000ff2a0000)
 concurrent mark-sweep generation total 13696K, used 12469K [0x00000000ff2a0000, 0x0000000100000000, 0x0000000100000000)
 Metaspace       used 5076K, capacity 5258K, committed 5504K, reserved 1056768K
  class space    used 557K, capacity 597K, committed 640K, reserved 1048576K
2024-07-16T11:01:38.666+0800: 3.546: [GC (Allocation Failure) 2024-07-16T11:01:38.666+0800: 3.546: [ParNew: 5233K->8K(6144K), 0.0014052 secs] 17703K->13504K(19840K), 0.0015085 secs] [Times: user=0.00 sys=0.00, real=0.00 secs] 
Heap after GC invocations=425 (full 53):
 par new generation   total 6144K, used 8K [0x00000000fec00000, 0x00000000ff2a0000, 0x00000000ff2a0000)
  eden space 5504K,   0% used [0x00000000fec00000, 0x00000000fec00000, 0x00000000ff160000)
  from space 640K,   1% used [0x00000000ff200000, 0x00000000ff202040, 0x00000000ff2a0000)
  to   space 640K,   0% used [0x00000000ff160000, 0x00000000ff160000, 0x00000000ff200000)
 concurrent mark-sweep generation total 13696K, used 13495K [0x00000000ff2a0000, 0x0000000100000000, 0x0000000100000000)
 Metaspace       used 5076K, capacity 5258K, committed 5504K, reserved 1056768K
  class space    used 557K, capacity 597K, committed 640K, reserved 1048576K
}
2024-07-16T11:01:38.667+0800: 3.548: [CMS-concurrent-abortable-preclean: 0.002/0.102 secs] [Times: user=0.16 sys=0.00, real=0.10 secs] 
2024-07-16T11:01:38.668+0800: 3.548: [GC (CMS Final Remark) [YG occupancy: 1141 K (6144 K)]2024-07-16T11:01:38.668+0800: 3.548: [Rescan (parallel) , 0.0005856 secs]2024-07-16T11:01:38.668+0800: 3.549: [weak refs processing, 0.0000458 secs]2024-07-16T11:01:38.668+0800: 3.549: [class unloading, 0.0006646 secs]2024-07-16T11:01:38.669+0800: 3.549: [scrub symbol table, 0.0007157 secs]2024-07-16T11:01:38.670+0800: 3.550: [scrub string table, 0.0002517 secs][1 CMS-remark: 13495K(13696K)] 14637K(19840K), 0.0024656 secs] [Times: user=0.00 sys=0.00, real=0.00 secs] 
2024-07-16T11:01:38.670+0800: 3.551: [CMS-concurrent-sweep-start]
2024-07-16T11:01:38.671+0800: 3.551: [CMS-concurrent-sweep: 0.001/0.001 secs] [Times: user=0.00 sys=0.00, real=0.00 secs] 
2024-07-16T11:01:38.671+0800: 3.551: [CMS-concurrent-reset-start]
2024-07-16T11:01:38.671+0800: 3.551: [CMS-concurrent-reset: 0.000/0.000 secs] [Times: user=0.00 sys=0.00, real=0.00 secs] 
{Heap before GC invocations=425 (full 53):
 par new generation   total 6144K, used 5237K [0x00000000fec00000, 0x00000000ff2a0000, 0x00000000ff2a0000)
  eden space 5504K,  95% used [0x00000000fec00000, 0x00000000ff11b780, 0x00000000ff160000)
  from space 640K,   1% used [0x00000000ff200000, 0x00000000ff202040, 0x00000000ff2a0000)
  to   space 640K,   0% used [0x00000000ff160000, 0x00000000ff160000, 0x00000000ff200000)
 concurrent mark-sweep generation total 13696K, used 10423K [0x00000000ff2a0000, 0x0000000100000000, 0x0000000100000000)
 Metaspace       used 5076K, capacity 5258K, committed 5504K, reserved 1056768K
  class space    used 557K, capacity 597K, committed 640K, reserved 1048576K
2024-07-16T11:01:38.676+0800: 3.556: [GC (Allocation Failure) 2024-07-16T11:01:38.676+0800: 3.556: [ParNew: 5237K->4K(6144K), 0.0010628 secs] 15661K->10427K(19840K), 0.0011485 secs] [Times: user=0.00 sys=0.00, real=0.00 secs] 
Heap after GC invocations=426 (full 53):
 par new generation   total 6144K, used 4K [0x00000000fec00000, 0x00000000ff2a0000, 0x00000000ff2a0000)
  eden space 5504K,   0% used [0x00000000fec00000, 0x00000000fec00000, 0x00000000ff160000)
  from space 640K,   0% used [0x00000000ff160000, 0x00000000ff161020, 0x00000000ff200000)
  to   space 640K,   0% used [0x00000000ff200000, 0x00000000ff200000, 0x00000000ff2a0000)
 concurrent mark-sweep generation total 13696K, used 10423K [0x00000000ff2a0000, 0x0000000100000000, 0x0000000100000000)
 Metaspace       used 5076K, capacity 5258K, committed 5504K, reserved 1056768K
  class space    used 557K, capacity 597K, committed 640K, reserved 1048576K
}
2024-07-16T11:01:38.677+0800: 3.557: [GC (CMS Initial Mark) [1 CMS-initial-mark: 10423K(13696K)] 11451K(19840K), 0.0002739 secs] [Times: user=0.00 sys=0.00, real=0.00 secs] 
2024-07-16T11:01:38.677+0800: 3.558: [CMS-concurrent-mark-start]
2024-07-16T11:01:38.681+0800: 3.562: [CMS-concurrent-mark: 0.004/0.004 secs] [Times: user=0.00 sys=0.00, real=0.00 secs] 
2024-07-16T11:01:38.681+0800: 3.562: [CMS-concurrent-preclean-start]
2024-07-16T11:01:38.681+0800: 3.562: [CMS-concurrent-preclean: 0.000/0.000 secs] [Times: user=0.00 sys=0.00, real=0.00 secs] 
2024-07-16T11:01:38.681+0800: 3.562: [CMS-concurrent-abortable-preclean-start]
{Heap before GC invocations=426 (full 54):
 par new generation   total 6144K, used 5233K [0x00000000fec00000, 0x00000000ff2a0000, 0x00000000ff2a0000)
  eden space 5504K,  95% used [0x00000000fec00000, 0x00000000ff11b780, 0x00000000ff160000)
  from space 640K,   0% used [0x00000000ff160000, 0x00000000ff161020, 0x00000000ff200000)
  to   space 640K,   0% used [0x00000000ff200000, 0x00000000ff200000, 0x00000000ff2a0000)
 concurrent mark-sweep generation total 13696K, used 10423K [0x00000000ff2a0000, 0x0000000100000000, 0x0000000100000000)
 Metaspace       used 5076K, capacity 5258K, committed 5504K, reserved 1056768K
  class space    used 557K, capacity 597K, committed 640K, reserved 1048576K
2024-07-16T11:01:38.685+0800: 3.565: [GC (Allocation Failure) 2024-07-16T11:01:38.685+0800: 3.565: [ParNew: 5233K->8K(6144K), 0.0005879 secs] 15657K->11455K(19840K), 0.0006325 secs] [Times: user=0.00 sys=0.00, real=0.00 secs] 
Heap after GC invocations=427 (full 54):
 par new generation   total 6144K, used 8K [0x00000000fec00000, 0x00000000ff2a0000, 0x00000000ff2a0000)
  eden space 5504K,   0% used [0x00000000fec00000, 0x00000000fec00000, 0x00000000ff160000)
  from space 640K,   1% used [0x00000000ff200000, 0x00000000ff202040, 0x00000000ff2a0000)
  to   space 640K,   0% used [0x00000000ff160000, 0x00000000ff160000, 0x00000000ff200000)
 concurrent mark-sweep generation total 13696K, used 11447K [0x00000000ff2a0000, 0x0000000100000000, 0x0000000100000000)
 Metaspace       used 5076K, capacity 5258K, committed 5504K, reserved 1056768K
  class space    used 557K, capacity 597K, committed 640K, reserved 1048576K
}
{Heap before GC invocations=427 (full 54):
 par new generation   total 6144K, used 5237K [0x00000000fec00000, 0x00000000ff2a0000, 0x00000000ff2a0000)
  eden space 5504K,  95% used [0x00000000fec00000, 0x00000000ff11b780, 0x00000000ff160000)
  from space 640K,   1% used [0x00000000ff200000, 0x00000000ff202040, 0x00000000ff2a0000)
  to   space 640K,   0% used [0x00000000ff160000, 0x00000000ff160000, 0x00000000ff200000)
 concurrent mark-sweep generation total 13696K, used 11447K [0x00000000ff2a0000, 0x0000000100000000, 0x0000000100000000)
 Metaspace       used 5076K, capacity 5258K, committed 5504K, reserved 1056768K
  class space    used 557K, capacity 597K, committed 640K, reserved 1048576K
2024-07-16T11:01:38.691+0800: 3.571: [GC (Allocation Failure) 2024-07-16T11:01:38.691+0800: 3.571: [ParNew: 5237K->6K(6144K), 0.0011511 secs] 16685K->12477K(19840K), 0.0012452 secs] [Times: user=0.00 sys=0.00, real=0.00 secs] 
Heap after GC invocations=428 (full 54):
 par new generation   total 6144K, used 6K [0x00000000fec00000, 0x00000000ff2a0000, 0x00000000ff2a0000)
  eden space 5504K,   0% used [0x00000000fec00000, 0x00000000fec00000, 0x00000000ff160000)
  from space 640K,   0% used [0x00000000ff160000, 0x00000000ff161830, 0x00000000ff200000)
  to   space 640K,   0% used [0x00000000ff200000, 0x00000000ff200000, 0x00000000ff2a0000)
 concurrent mark-sweep generation total 13696K, used 12471K [0x00000000ff2a0000, 0x0000000100000000, 0x0000000100000000)
 Metaspace       used 5076K, capacity 5258K, committed 5504K, reserved 1056768K
  class space    used 557K, capacity 597K, committed 640K, reserved 1048576K
}
{Heap before GC invocations=428 (full 54):
 par new generation   total 6144K, used 5235K [0x00000000fec00000, 0x00000000ff2a0000, 0x00000000ff2a0000)
  eden space 5504K,  95% used [0x00000000fec00000, 0x00000000ff11b780, 0x00000000ff160000)
  from space 640K,   0% used [0x00000000ff160000, 0x00000000ff161830, 0x00000000ff200000)
  to   space 640K,   0% used [0x00000000ff200000, 0x00000000ff200000, 0x00000000ff2a0000)
 concurrent mark-sweep generation total 13696K, used 12471K [0x00000000ff2a0000, 0x0000000100000000, 0x0000000100000000)
 Metaspace       used 5076K, capacity 5258K, committed 5504K, reserved 1056768K
  class space    used 557K, capacity 597K, committed 640K, reserved 1048576K
2024-07-16T11:01:38.700+0800: 3.580: [GC (Allocation Failure) 2024-07-16T11:01:38.700+0800: 3.580: [ParNew: 5235K->5235K(6144K), 0.0000214 secs]2024-07-16T11:01:38.700+0800: 3.580: [CMS2024-07-16T11:01:38.700+0800: 3.580: [CMS-concurrent-abortable-preclean: 0.000/0.018 secs] [Times: user=0.00 sys=0.00, real=0.02 secs] 
 (concurrent mode failure): 12471K->1191K(13696K), 0.0042767 secs] 17707K->1191K(19840K), [Metaspace: 5076K->5076K(1056768K)], 0.0043673 secs] [Times: user=0.00 sys=0.00, real=0.00 secs] 
Heap after GC invocations=429 (full 55):
 par new generation   total 6144K, used 0K [0x00000000fec00000, 0x00000000ff2a0000, 0x00000000ff2a0000)
  eden space 5504K,   0% used [0x00000000fec00000, 0x00000000fec00000, 0x00000000ff160000)
  from space 640K,   0% used [0x00000000ff160000, 0x00000000ff160000, 0x00000000ff200000)
  to   space 640K,   0% used [0x00000000ff200000, 0x00000000ff200000, 0x00000000ff2a0000)
 concurrent mark-sweep generation total 13696K, used 1191K [0x00000000ff2a0000, 0x0000000100000000, 0x0000000100000000)
 Metaspace       used 5076K, capacity 5258K, committed 5504K, reserved 1056768K
  class space    used 557K, capacity 597K, committed 640K, reserved 1048576K
}
{Heap before GC invocations=429 (full 55):
 par new generation   total 6144K, used 5229K [0x00000000fec00000, 0x00000000ff2a0000, 0x00000000ff2a0000)
  eden space 5504K,  95% used [0x00000000fec00000, 0x00000000ff11b780, 0x00000000ff160000)
  from space 640K,   0% used [0x00000000ff160000, 0x00000000ff160000, 0x00000000ff200000)
  to   space 640K,   0% used [0x00000000ff200000, 0x00000000ff200000, 0x00000000ff2a0000)
 concurrent mark-sweep generation total 13696K, used 1191K [0x00000000ff2a0000, 0x0000000100000000, 0x0000000100000000)
 Metaspace       used 5076K, capacity 5258K, committed 5504K, reserved 1056768K
  class space    used 557K, capacity 597K, committed 640K, reserved 1048576K
2024-07-16T11:01:38.712+0800: 3.592: [GC (Allocation Failure) 2024-07-16T11:01:38.712+0800: 3.592: [ParNew: 5229K->8K(6144K), 0.0011328 secs] 6421K->2225K(19840K), 0.0012113 secs] [Times: user=0.00 sys=0.00, real=0.00 secs] 
Heap after GC invocations=430 (full 55):
 par new generation   total 6144K, used 8K [0x00000000fec00000, 0x00000000ff2a0000, 0x00000000ff2a0000)
  eden space 5504K,   0% used [0x00000000fec00000, 0x00000000fec00000, 0x00000000ff160000)
  from space 640K,   1% used [0x00000000ff200000, 0x00000000ff202040, 0x00000000ff2a0000)
  to   space 640K,   0% used [0x00000000ff160000, 0x00000000ff160000, 0x00000000ff200000)
 concurrent mark-sweep generation total 13696K, used 2217K [0x00000000ff2a0000, 0x0000000100000000, 0x0000000100000000)
 Metaspace       used 5076K, capacity 5258K, committed 5504K, reserved 1056768K
  class space    used 557K, capacity 597K, committed 640K, reserved 1048576K
}
{Heap before GC invocations=430 (full 55):
 par new generation   total 6144K, used 5237K [0x00000000fec00000, 0x00000000ff2a0000, 0x00000000ff2a0000)
  eden space 5504K,  95% used [0x00000000fec00000, 0x00000000ff11b780, 0x00000000ff160000)
  from space 640K,   1% used [0x00000000ff200000, 0x00000000ff202040, 0x00000000ff2a0000)
  to   space 640K,   0% used [0x00000000ff160000, 0x00000000ff160000, 0x00000000ff200000)
 concurrent mark-sweep generation total 13696K, used 2217K [0x00000000ff2a0000, 0x0000000100000000, 0x0000000100000000)
 Metaspace       used 5076K, capacity 5258K, committed 5504K, reserved 1056768K
  class space    used 557K, capacity 597K, committed 640K, reserved 1048576K
2024-07-16T11:01:38.720+0800: 3.600: [GC (Allocation Failure) 2024-07-16T11:01:38.720+0800: 3.600: [ParNew: 5237K->4K(6144K), 0.0011923 secs] 7455K->2221K(19840K), 0.0012711 secs] [Times: user=0.00 sys=0.01, real=0.00 secs] 
Heap after GC invocations=431 (full 55):
 par new generation   total 6144K, used 4K [0x00000000fec00000, 0x00000000ff2a0000, 0x00000000ff2a0000)
  eden space 5504K,   0% used [0x00000000fec00000, 0x00000000fec00000, 0x00000000ff160000)
  from space 640K,   0% used [0x00000000ff160000, 0x00000000ff161020, 0x00000000ff200000)
  to   space 640K,   0% used [0x00000000ff200000, 0x00000000ff200000, 0x00000000ff2a0000)
 concurrent mark-sweep generation total 13696K, used 2217K [0x00000000ff2a0000, 0x0000000100000000, 0x0000000100000000)
 Metaspace       used 5076K, capacity 5258K, committed 5504K, reserved 1056768K
  class space    used 557K, capacity 597K, committed 640K, reserved 1048576K
}
{Heap before GC invocations=431 (full 55):
 par new generation   total 6144K, used 5233K [0x00000000fec00000, 0x00000000ff2a0000, 0x00000000ff2a0000)
  eden space 5504K,  95% used [0x00000000fec00000, 0x00000000ff11b780, 0x00000000ff160000)
  from space 640K,   0% used [0x00000000ff160000, 0x00000000ff161020, 0x00000000ff200000)
  to   space 640K,   0% used [0x00000000ff200000, 0x00000000ff200000, 0x00000000ff2a0000)
 concurrent mark-sweep generation total 13696K, used 2217K [0x00000000ff2a0000, 0x0000000100000000, 0x0000000100000000)
 Metaspace       used 5076K, capacity 5258K, committed 5504K, reserved 1056768K
  class space    used 557K, capacity 597K, committed 640K, reserved 1048576K
2024-07-16T11:01:38.728+0800: 3.609: [GC (Allocation Failure) 2024-07-16T11:01:38.728+0800: 3.609: [ParNew: 5233K->4K(6144K), 0.0011873 secs] 7451K->2221K(19840K), 0.0013122 secs] [Times: user=0.00 sys=0.00, real=0.00 secs] 
Heap after GC invocations=432 (full 55):
 par new generation   total 6144K, used 4K [0x00000000fec00000, 0x00000000ff2a0000, 0x00000000ff2a0000)
  eden space 5504K,   0% used [0x00000000fec00000, 0x00000000fec00000, 0x00000000ff160000)
  from space 640K,   0% used [0x00000000ff200000, 0x00000000ff201020, 0x00000000ff2a0000)
  to   space 640K,   0% used [0x00000000ff160000, 0x00000000ff160000, 0x00000000ff200000)
 concurrent mark-sweep generation total 13696K, used 2217K [0x00000000ff2a0000, 0x0000000100000000, 0x0000000100000000)
 Metaspace       used 5076K, capacity 5258K, committed 5504K, reserved 1056768K
  class space    used 557K, capacity 597K, committed 640K, reserved 1048576K
}
{Heap before GC invocations=432 (full 55):
 par new generation   total 6144K, used 5233K [0x00000000fec00000, 0x00000000ff2a0000, 0x00000000ff2a0000)
  eden space 5504K,  95% used [0x00000000fec00000, 0x00000000ff11b780, 0x00000000ff160000)
  from space 640K,   0% used [0x00000000ff200000, 0x00000000ff201020, 0x00000000ff2a0000)
  to   space 640K,   0% used [0x00000000ff160000, 0x00000000ff160000, 0x00000000ff200000)
 concurrent mark-sweep generation total 13696K, used 2217K [0x00000000ff2a0000, 0x0000000100000000, 0x0000000100000000)
 Metaspace       used 5076K, capacity 5258K, committed 5504K, reserved 1056768K
  class space    used 557K, capacity 597K, committed 640K, reserved 1048576K
2024-07-16T11:01:38.735+0800: 3.616: [GC (Allocation Failure) 2024-07-16T11:01:38.735+0800: 3.616: [ParNew: 5233K->8K(6144K), 0.0013595 secs] 7451K->3251K(19840K), 0.0014915 secs] [Times: user=0.16 sys=0.00, real=0.00 secs] 
Heap after GC invocations=433 (full 55):
 par new generation   total 6144K, used 8K [0x00000000fec00000, 0x00000000ff2a0000, 0x00000000ff2a0000)
  eden space 5504K,   0% used [0x00000000fec00000, 0x00000000fec00000, 0x00000000ff160000)
  from space 640K,   1% used [0x00000000ff160000, 0x00000000ff162040, 0x00000000ff200000)
  to   space 640K,   0% used [0x00000000ff200000, 0x00000000ff200000, 0x00000000ff2a0000)
 concurrent mark-sweep generation total 13696K, used 3243K [0x00000000ff2a0000, 0x0000000100000000, 0x0000000100000000)
 Metaspace       used 5076K, capacity 5258K, committed 5504K, reserved 1056768K
  class space    used 557K, capacity 597K, committed 640K, reserved 1048576K
}
2024-07-16T11:01:38.737+0800: 3.617: [GC (CMS Initial Mark) [1 CMS-initial-mark: 3243K(13696K)] 4277K(19840K), 0.0004014 secs] [Times: user=0.00 sys=0.00, real=0.00 secs] 
2024-07-16T11:01:38.737+0800: 3.618: [CMS-concurrent-mark-start]
2024-07-16T11:01:38.742+0800: 3.622: [CMS-concurrent-mark: 0.004/0.004 secs] [Times: user=0.00 sys=0.00, real=0.01 secs] 
2024-07-16T11:01:38.742+0800: 3.622: [CMS-concurrent-preclean-start]
2024-07-16T11:01:38.742+0800: 3.622: [CMS-concurrent-preclean: 0.000/0.000 secs] [Times: user=0.00 sys=0.00, real=0.00 secs] 
2024-07-16T11:01:38.742+0800: 3.622: [CMS-concurrent-abortable-preclean-start]
{Heap before GC invocations=433 (full 56):
 par new generation   total 6144K, used 5237K [0x00000000fec00000, 0x00000000ff2a0000, 0x00000000ff2a0000)
  eden space 5504K,  95% used [0x00000000fec00000, 0x00000000ff11b780, 0x00000000ff160000)
  from space 640K,   1% used [0x00000000ff160000, 0x00000000ff162040, 0x00000000ff200000)
  to   space 640K,   0% used [0x00000000ff200000, 0x00000000ff200000, 0x00000000ff2a0000)
 concurrent mark-sweep generation total 13696K, used 3243K [0x00000000ff2a0000, 0x0000000100000000, 0x0000000100000000)
 Metaspace       used 5076K, capacity 5258K, committed 5504K, reserved 1056768K
  class space    used 557K, capacity 597K, committed 640K, reserved 1048576K
2024-07-16T11:01:38.745+0800: 3.625: [GC (Allocation Failure) 2024-07-16T11:01:38.745+0800: 3.625: [ParNew: 5237K->6K(6144K), 0.0012374 secs] 8481K->4273K(19840K), 0.0013101 secs] [Times: user=0.00 sys=0.00, real=0.00 secs] 
Heap after GC invocations=434 (full 56):
 par new generation   total 6144K, used 6K [0x00000000fec00000, 0x00000000ff2a0000, 0x00000000ff2a0000)
  eden space 5504K,   0% used [0x00000000fec00000, 0x00000000fec00000, 0x00000000ff160000)
  from space 640K,   0% used [0x00000000ff200000, 0x00000000ff201830, 0x00000000ff2a0000)
  to   space 640K,   0% used [0x00000000ff160000, 0x00000000ff160000, 0x00000000ff200000)
 concurrent mark-sweep generation total 13696K, used 4267K [0x00000000ff2a0000, 0x0000000100000000, 0x0000000100000000)
 Metaspace       used 5076K, capacity 5258K, committed 5504K, reserved 1056768K
  class space    used 557K, capacity 597K, committed 640K, reserved 1048576K
}
{Heap before GC invocations=434 (full 56):
 par new generation   total 6144K, used 5235K [0x00000000fec00000, 0x00000000ff2a0000, 0x00000000ff2a0000)
  eden space 5504K,  95% used [0x00000000fec00000, 0x00000000ff11b780, 0x00000000ff160000)
  from space 640K,   0% used [0x00000000ff200000, 0x00000000ff201830, 0x00000000ff2a0000)
  to   space 640K,   0% used [0x00000000ff160000, 0x00000000ff160000, 0x00000000ff200000)
 concurrent mark-sweep generation total 13696K, used 4267K [0x00000000ff2a0000, 0x0000000100000000, 0x0000000100000000)
 Metaspace       used 5076K, capacity 5258K, committed 5504K, reserved 1056768K
  class space    used 557K, capacity 597K, committed 640K, reserved 1048576K
2024-07-16T11:01:38.754+0800: 3.634: [GC (Allocation Failure) 2024-07-16T11:01:38.754+0800: 3.635: [ParNew: 5235K->4K(6144K), 0.0009265 secs] 9503K->4271K(19840K), 0.0010188 secs] [Times: user=0.00 sys=0.00, real=0.00 secs] 
Heap after GC invocations=435 (full 56):
 par new generation   total 6144K, used 4K [0x00000000fec00000, 0x00000000ff2a0000, 0x00000000ff2a0000)
  eden space 5504K,   0% used [0x00000000fec00000, 0x00000000fec00000, 0x00000000ff160000)
  from space 640K,   0% used [0x00000000ff160000, 0x00000000ff161020, 0x00000000ff200000)
  to   space 640K,   0% used [0x00000000ff200000, 0x00000000ff200000, 0x00000000ff2a0000)
 concurrent mark-sweep generation total 13696K, used 4267K [0x00000000ff2a0000, 0x0000000100000000, 0x0000000100000000)
 Metaspace       used 5076K, capacity 5258K, committed 5504K, reserved 1056768K
  class space    used 557K, capacity 597K, committed 640K, reserved 1048576K
}
{Heap before GC invocations=435 (full 56):
 par new generation   total 6144K, used 5233K [0x00000000fec00000, 0x00000000ff2a0000, 0x00000000ff2a0000)
  eden space 5504K,  95% used [0x00000000fec00000, 0x00000000ff11b780, 0x00000000ff160000)
  from space 640K,   0% used [0x00000000ff160000, 0x00000000ff161020, 0x00000000ff200000)
  to   space 640K,   0% used [0x00000000ff200000, 0x00000000ff200000, 0x00000000ff2a0000)
 concurrent mark-sweep generation total 13696K, used 4267K [0x00000000ff2a0000, 0x0000000100000000, 0x0000000100000000)
 Metaspace       used 5076K, capacity 5258K, committed 5504K, reserved 1056768K
  class space    used 557K, capacity 597K, committed 640K, reserved 1048576K
2024-07-16T11:01:38.763+0800: 3.644: [GC (Allocation Failure) 2024-07-16T11:01:38.763+0800: 3.644: [ParNew: 5233K->4K(6144K), 0.0012716 secs] 9501K->4271K(19840K), 0.0013776 secs] [Times: user=0.00 sys=0.00, real=0.00 secs] 
Heap after GC invocations=436 (full 56):
 par new generation   total 6144K, used 4K [0x00000000fec00000, 0x00000000ff2a0000, 0x00000000ff2a0000)
  eden space 5504K,   0% used [0x00000000fec00000, 0x00000000fec00000, 0x00000000ff160000)
  from space 640K,   0% used [0x00000000ff200000, 0x00000000ff201020, 0x00000000ff2a0000)
  to   space 640K,   0% used [0x00000000ff160000, 0x00000000ff160000, 0x00000000ff200000)
 concurrent mark-sweep generation total 13696K, used 4267K [0x00000000ff2a0000, 0x0000000100000000, 0x0000000100000000)
 Metaspace       used 5076K, capacity 5258K, committed 5504K, reserved 1056768K
  class space    used 557K, capacity 597K, committed 640K, reserved 1048576K
}
{Heap before GC invocations=436 (full 56):
 par new generation   total 6144K, used 5233K [0x00000000fec00000, 0x00000000ff2a0000, 0x00000000ff2a0000)
  eden space 5504K,  95% used [0x00000000fec00000, 0x00000000ff11b780, 0x00000000ff160000)
  from space 640K,   0% used [0x00000000ff200000, 0x00000000ff201020, 0x00000000ff2a0000)
  to   space 640K,   0% used [0x00000000ff160000, 0x00000000ff160000, 0x00000000ff200000)
 concurrent mark-sweep generation total 13696K, used 4267K [0x00000000ff2a0000, 0x0000000100000000, 0x0000000100000000)
 Metaspace       used 5076K, capacity 5258K, committed 5504K, reserved 1056768K
  class space    used 557K, capacity 597K, committed 640K, reserved 1048576K
2024-07-16T11:01:38.771+0800: 3.651: [GC (Allocation Failure) 2024-07-16T11:01:38.771+0800: 3.652: [ParNew: 5233K->4K(6144K), 0.0010352 secs] 9501K->4271K(19840K), 0.0011146 secs] [Times: user=0.00 sys=0.00, real=0.00 secs] 
Heap after GC invocations=437 (full 56):
 par new generation   total 6144K, used 4K [0x00000000fec00000, 0x00000000ff2a0000, 0x00000000ff2a0000)
  eden space 5504K,   0% used [0x00000000fec00000, 0x00000000fec00000, 0x00000000ff160000)
  from space 640K,   0% used [0x00000000ff160000, 0x00000000ff161020, 0x00000000ff200000)
  to   space 640K,   0% used [0x00000000ff200000, 0x00000000ff200000, 0x00000000ff2a0000)
 concurrent mark-sweep generation total 13696K, used 4267K [0x00000000ff2a0000, 0x0000000100000000, 0x0000000100000000)
 Metaspace       used 5076K, capacity 5258K, committed 5504K, reserved 1056768K
  class space    used 557K, capacity 597K, committed 640K, reserved 1048576K
}
{Heap before GC invocations=437 (full 56):
 par new generation   total 6144K, used 5233K [0x00000000fec00000, 0x00000000ff2a0000, 0x00000000ff2a0000)
  eden space 5504K,  95% used [0x00000000fec00000, 0x00000000ff11b780, 0x00000000ff160000)
  from space 640K,   0% used [0x00000000ff160000, 0x00000000ff161020, 0x00000000ff200000)
  to   space 640K,   0% used [0x00000000ff200000, 0x00000000ff200000, 0x00000000ff2a0000)
 concurrent mark-sweep generation total 13696K, used 4267K [0x00000000ff2a0000, 0x0000000100000000, 0x0000000100000000)
 Metaspace       used 5076K, capacity 5258K, committed 5504K, reserved 1056768K
  class space    used 557K, capacity 597K, committed 640K, reserved 1048576K
2024-07-16T11:01:38.780+0800: 3.660: [GC (Allocation Failure) 2024-07-16T11:01:38.780+0800: 3.660: [ParNew: 5233K->6K(6144K), 0.0007751 secs] 9501K->5297K(19840K), 0.0008319 secs] [Times: user=0.00 sys=0.00, real=0.00 secs] 
Heap after GC invocations=438 (full 56):
 par new generation   total 6144K, used 6K [0x00000000fec00000, 0x00000000ff2a0000, 0x00000000ff2a0000)
  eden space 5504K,   0% used [0x00000000fec00000, 0x00000000fec00000, 0x00000000ff160000)
  from space 640K,   0% used [0x00000000ff200000, 0x00000000ff201830, 0x00000000ff2a0000)
  to   space 640K,   0% used [0x00000000ff160000, 0x00000000ff160000, 0x00000000ff200000)
 concurrent mark-sweep generation total 13696K, used 5291K [0x00000000ff2a0000, 0x0000000100000000, 0x0000000100000000)
 Metaspace       used 5076K, capacity 5258K, committed 5504K, reserved 1056768K
  class space    used 557K, capacity 597K, committed 640K, reserved 1048576K
}
{Heap before GC invocations=438 (full 56):
 par new generation   total 6144K, used 5235K [0x00000000fec00000, 0x00000000ff2a0000, 0x00000000ff2a0000)
  eden space 5504K,  95% used [0x00000000fec00000, 0x00000000ff11b780, 0x00000000ff160000)
  from space 640K,   0% used [0x00000000ff200000, 0x00000000ff201830, 0x00000000ff2a0000)
  to   space 640K,   0% used [0x00000000ff160000, 0x00000000ff160000, 0x00000000ff200000)
 concurrent mark-sweep generation total 13696K, used 5291K [0x00000000ff2a0000, 0x0000000100000000, 0x0000000100000000)
 Metaspace       used 5076K, capacity 5258K, committed 5504K, reserved 1056768K
  class space    used 557K, capacity 597K, committed 640K, reserved 1048576K
2024-07-16T11:01:38.789+0800: 3.669: [GC (Allocation Failure) 2024-07-16T11:01:38.789+0800: 3.669: [ParNew: 5235K->4K(6144K), 0.0002973 secs] 10527K->5295K(19840K), 0.0003319 secs] [Times: user=0.00 sys=0.00, real=0.00 secs] 
Heap after GC invocations=439 (full 56):
 par new generation   total 6144K, used 4K [0x00000000fec00000, 0x00000000ff2a0000, 0x00000000ff2a0000)
  eden space 5504K,   0% used [0x00000000fec00000, 0x00000000fec00000, 0x00000000ff160000)
  from space 640K,   0% used [0x00000000ff160000, 0x00000000ff161020, 0x00000000ff200000)
  to   space 640K,   0% used [0x00000000ff200000, 0x00000000ff200000, 0x00000000ff2a0000)
 concurrent mark-sweep generation total 13696K, used 5291K [0x00000000ff2a0000, 0x0000000100000000, 0x0000000100000000)
 Metaspace       used 5076K, capacity 5258K, committed 5504K, reserved 1056768K
  class space    used 557K, capacity 597K, committed 640K, reserved 1048576K
}
{Heap before GC invocations=439 (full 56):
 par new generation   total 6144K, used 5233K [0x00000000fec00000, 0x00000000ff2a0000, 0x00000000ff2a0000)
  eden space 5504K,  95% used [0x00000000fec00000, 0x00000000ff11b780, 0x00000000ff160000)
  from space 640K,   0% used [0x00000000ff160000, 0x00000000ff161020, 0x00000000ff200000)
  to   space 640K,   0% used [0x00000000ff200000, 0x00000000ff200000, 0x00000000ff2a0000)
 concurrent mark-sweep generation total 13696K, used 5291K [0x00000000ff2a0000, 0x0000000100000000, 0x0000000100000000)
 Metaspace       used 5076K, capacity 5258K, committed 5504K, reserved 1056768K
  class space    used 557K, capacity 597K, committed 640K, reserved 1048576K
2024-07-16T11:01:38.796+0800: 3.676: [GC (Allocation Failure) 2024-07-16T11:01:38.796+0800: 3.676: [ParNew: 5233K->8K(6144K), 0.0004243 secs] 10525K->6325K(19840K), 0.0004567 secs] [Times: user=0.00 sys=0.00, real=0.00 secs] 
Heap after GC invocations=440 (full 56):
 par new generation   total 6144K, used 8K [0x00000000fec00000, 0x00000000ff2a0000, 0x00000000ff2a0000)
  eden space 5504K,   0% used [0x00000000fec00000, 0x00000000fec00000, 0x00000000ff160000)
  from space 640K,   1% used [0x00000000ff200000, 0x00000000ff202040, 0x00000000ff2a0000)
  to   space 640K,   0% used [0x00000000ff160000, 0x00000000ff160000, 0x00000000ff200000)
 concurrent mark-sweep generation total 13696K, used 6317K [0x00000000ff2a0000, 0x0000000100000000, 0x0000000100000000)
 Metaspace       used 5076K, capacity 5258K, committed 5504K, reserved 1056768K
  class space    used 557K, capacity 597K, committed 640K, reserved 1048576K
}
{Heap before GC invocations=440 (full 56):
 par new generation   total 6144K, used 5237K [0x00000000fec00000, 0x00000000ff2a0000, 0x00000000ff2a0000)
  eden space 5504K,  95% used [0x00000000fec00000, 0x00000000ff11b780, 0x00000000ff160000)
  from space 640K,   1% used [0x00000000ff200000, 0x00000000ff202040, 0x00000000ff2a0000)
  to   space 640K,   0% used [0x00000000ff160000, 0x00000000ff160000, 0x00000000ff200000)
 concurrent mark-sweep generation total 13696K, used 6317K [0x00000000ff2a0000, 0x0000000100000000, 0x0000000100000000)
 Metaspace       used 5076K, capacity 5258K, committed 5504K, reserved 1056768K
  class space    used 557K, capacity 597K, committed 640K, reserved 1048576K
2024-07-16T11:01:38.804+0800: 3.684: [GC (Allocation Failure) 2024-07-16T11:01:38.804+0800: 3.684: [ParNew: 5237K->4K(6144K), 0.0005495 secs] 11555K->6321K(19840K), 0.0006000 secs] [Times: user=0.00 sys=0.00, real=0.00 secs] 
Heap after GC invocations=441 (full 56):
 par new generation   total 6144K, used 4K [0x00000000fec00000, 0x00000000ff2a0000, 0x00000000ff2a0000)
  eden space 5504K,   0% used [0x00000000fec00000, 0x00000000fec00000, 0x00000000ff160000)
  from space 640K,   0% used [0x00000000ff160000, 0x00000000ff161020, 0x00000000ff200000)
  to   space 640K,   0% used [0x00000000ff200000, 0x00000000ff200000, 0x00000000ff2a0000)
 concurrent mark-sweep generation total 13696K, used 6317K [0x00000000ff2a0000, 0x0000000100000000, 0x0000000100000000)
 Metaspace       used 5076K, capacity 5258K, committed 5504K, reserved 1056768K
  class space    used 557K, capacity 597K, committed 640K, reserved 1048576K
}
{Heap before GC invocations=441 (full 56):
 par new generation   total 6144K, used 5233K [0x00000000fec00000, 0x00000000ff2a0000, 0x00000000ff2a0000)
  eden space 5504K,  95% used [0x00000000fec00000, 0x00000000ff11b780, 0x00000000ff160000)
  from space 640K,   0% used [0x00000000ff160000, 0x00000000ff161020, 0x00000000ff200000)
  to   space 640K,   0% used [0x00000000ff200000, 0x00000000ff200000, 0x00000000ff2a0000)
 concurrent mark-sweep generation total 13696K, used 6317K [0x00000000ff2a0000, 0x0000000100000000, 0x0000000100000000)
 Metaspace       used 5076K, capacity 5258K, committed 5504K, reserved 1056768K
  class space    used 557K, capacity 597K, committed 640K, reserved 1048576K
2024-07-16T11:01:38.811+0800: 3.691: [GC (Allocation Failure) 2024-07-16T11:01:38.811+0800: 3.691: [ParNew: 5233K->6K(6144K), 0.0004719 secs] 11551K->7347K(19840K), 0.0005440 secs] [Times: user=0.00 sys=0.00, real=0.00 secs] 
Heap after GC invocations=442 (full 56):
 par new generation   total 6144K, used 6K [0x00000000fec00000, 0x00000000ff2a0000, 0x00000000ff2a0000)
  eden space 5504K,   0% used [0x00000000fec00000, 0x00000000fec00000, 0x00000000ff160000)
  from space 640K,   0% used [0x00000000ff200000, 0x00000000ff201830, 0x00000000ff2a0000)
  to   space 640K,   0% used [0x00000000ff160000, 0x00000000ff160000, 0x00000000ff200000)
 concurrent mark-sweep generation total 13696K, used 7341K [0x00000000ff2a0000, 0x0000000100000000, 0x0000000100000000)
 Metaspace       used 5076K, capacity 5258K, committed 5504K, reserved 1056768K
  class space    used 557K, capacity 597K, committed 640K, reserved 1048576K
}
{Heap before GC invocations=442 (full 56):
 par new generation   total 6144K, used 5235K [0x00000000fec00000, 0x00000000ff2a0000, 0x00000000ff2a0000)
  eden space 5504K,  95% used [0x00000000fec00000, 0x00000000ff11b780, 0x00000000ff160000)
  from space 640K,   0% used [0x00000000ff200000, 0x00000000ff201830, 0x00000000ff2a0000)
  to   space 640K,   0% used [0x00000000ff160000, 0x00000000ff160000, 0x00000000ff200000)
 concurrent mark-sweep generation total 13696K, used 7341K [0x00000000ff2a0000, 0x0000000100000000, 0x0000000100000000)
 Metaspace       used 5076K, capacity 5258K, committed 5504K, reserved 1056768K
  class space    used 557K, capacity 597K, committed 640K, reserved 1048576K
2024-07-16T11:01:38.817+0800: 3.697: [GC (Allocation Failure) 2024-07-16T11:01:38.817+0800: 3.697: [ParNew: 5235K->8K(6144K), 0.0006930 secs] 12577K->8375K(19840K), 0.0007580 secs] [Times: user=0.00 sys=0.00, real=0.00 secs] 
Heap after GC invocations=443 (full 56):
 par new generation   total 6144K, used 8K [0x00000000fec00000, 0x00000000ff2a0000, 0x00000000ff2a0000)
  eden space 5504K,   0% used [0x00000000fec00000, 0x00000000fec00000, 0x00000000ff160000)
  from space 640K,   1% used [0x00000000ff160000, 0x00000000ff162040, 0x00000000ff200000)
  to   space 640K,   0% used [0x00000000ff200000, 0x00000000ff200000, 0x00000000ff2a0000)
 concurrent mark-sweep generation total 13696K, used 8367K [0x00000000ff2a0000, 0x0000000100000000, 0x0000000100000000)
 Metaspace       used 5076K, capacity 5258K, committed 5504K, reserved 1056768K
  class space    used 557K, capacity 597K, committed 640K, reserved 1048576K
}
{Heap before GC invocations=443 (full 56):
 par new generation   total 6144K, used 5237K [0x00000000fec00000, 0x00000000ff2a0000, 0x00000000ff2a0000)
  eden space 5504K,  95% used [0x00000000fec00000, 0x00000000ff11b780, 0x00000000ff160000)
  from space 640K,   1% used [0x00000000ff160000, 0x00000000ff162040, 0x00000000ff200000)
  to   space 640K,   0% used [0x00000000ff200000, 0x00000000ff200000, 0x00000000ff2a0000)
 concurrent mark-sweep generation total 13696K, used 8367K [0x00000000ff2a0000, 0x0000000100000000, 0x0000000100000000)
 Metaspace       used 5076K, capacity 5258K, committed 5504K, reserved 1056768K
  class space    used 557K, capacity 597K, committed 640K, reserved 1048576K
2024-07-16T11:01:38.824+0800: 3.704: [GC (Allocation Failure) 2024-07-16T11:01:38.824+0800: 3.704: [ParNew: 5237K->8K(6144K), 0.0010251 secs] 13605K->9401K(19840K), 0.0011009 secs] [Times: user=0.00 sys=0.00, real=0.00 secs] 
Heap after GC invocations=444 (full 56):
 par new generation   total 6144K, used 8K [0x00000000fec00000, 0x00000000ff2a0000, 0x00000000ff2a0000)
  eden space 5504K,   0% used [0x00000000fec00000, 0x00000000fec00000, 0x00000000ff160000)
  from space 640K,   1% used [0x00000000ff200000, 0x00000000ff202040, 0x00000000ff2a0000)
  to   space 640K,   0% used [0x00000000ff160000, 0x00000000ff160000, 0x00000000ff200000)
 concurrent mark-sweep generation total 13696K, used 9393K [0x00000000ff2a0000, 0x0000000100000000, 0x0000000100000000)
 Metaspace       used 5076K, capacity 5258K, committed 5504K, reserved 1056768K
  class space    used 557K, capacity 597K, committed 640K, reserved 1048576K
}
{Heap before GC invocations=444 (full 56):
 par new generation   total 6144K, used 5237K [0x00000000fec00000, 0x00000000ff2a0000, 0x00000000ff2a0000)
  eden space 5504K,  95% used [0x00000000fec00000, 0x00000000ff11b780, 0x00000000ff160000)
  from space 640K,   1% used [0x00000000ff200000, 0x00000000ff202040, 0x00000000ff2a0000)
  to   space 640K,   0% used [0x00000000ff160000, 0x00000000ff160000, 0x00000000ff200000)
 concurrent mark-sweep generation total 13696K, used 9393K [0x00000000ff2a0000, 0x0000000100000000, 0x0000000100000000)
 Metaspace       used 5076K, capacity 5258K, committed 5504K, reserved 1056768K
  class space    used 557K, capacity 597K, committed 640K, reserved 1048576K
2024-07-16T11:01:38.832+0800: 3.712: [GC (Allocation Failure) 2024-07-16T11:01:38.832+0800: 3.712: [ParNew: 5237K->6K(6144K), 0.0011161 secs] 14631K->10423K(19840K), 0.0012093 secs] [Times: user=0.00 sys=0.00, real=0.00 secs] 
Heap after GC invocations=445 (full 56):
 par new generation   total 6144K, used 6K [0x00000000fec00000, 0x00000000ff2a0000, 0x00000000ff2a0000)
  eden space 5504K,   0% used [0x00000000fec00000, 0x00000000fec00000, 0x00000000ff160000)
  from space 640K,   0% used [0x00000000ff160000, 0x00000000ff161830, 0x00000000ff200000)
  to   space 640K,   0% used [0x00000000ff200000, 0x00000000ff200000, 0x00000000ff2a0000)
 concurrent mark-sweep generation total 13696K, used 10417K [0x00000000ff2a0000, 0x0000000100000000, 0x0000000100000000)
 Metaspace       used 5076K, capacity 5258K, committed 5504K, reserved 1056768K
  class space    used 557K, capacity 597K, committed 640K, reserved 1048576K
}
{Heap before GC invocations=445 (full 56):
 par new generation   total 6144K, used 5235K [0x00000000fec00000, 0x00000000ff2a0000, 0x00000000ff2a0000)
  eden space 5504K,  95% used [0x00000000fec00000, 0x00000000ff11b780, 0x00000000ff160000)
  from space 640K,   0% used [0x00000000ff160000, 0x00000000ff161830, 0x00000000ff200000)
  to   space 640K,   0% used [0x00000000ff200000, 0x00000000ff200000, 0x00000000ff2a0000)
 concurrent mark-sweep generation total 13696K, used 10417K [0x00000000ff2a0000, 0x0000000100000000, 0x0000000100000000)
 Metaspace       used 5076K, capacity 5258K, committed 5504K, reserved 1056768K
  class space    used 557K, capacity 597K, committed 640K, reserved 1048576K
2024-07-16T11:01:38.840+0800: 3.721: [GC (Allocation Failure) 2024-07-16T11:01:38.840+0800: 3.721: [ParNew: 5235K->6K(6144K), 0.0012888 secs] 15653K->11449K(19840K), 0.0013908 secs] [Times: user=0.00 sys=0.00, real=0.00 secs] 
Heap after GC invocations=446 (full 56):
 par new generation   total 6144K, used 6K [0x00000000fec00000, 0x00000000ff2a0000, 0x00000000ff2a0000)
  eden space 5504K,   0% used [0x00000000fec00000, 0x00000000fec00000, 0x00000000ff160000)
  from space 640K,   0% used [0x00000000ff200000, 0x00000000ff201830, 0x00000000ff2a0000)
  to   space 640K,   0% used [0x00000000ff160000, 0x00000000ff160000, 0x00000000ff200000)
 concurrent mark-sweep generation total 13696K, used 11443K [0x00000000ff2a0000, 0x0000000100000000, 0x0000000100000000)
 Metaspace       used 5076K, capacity 5258K, committed 5504K, reserved 1056768K
  class space    used 557K, capacity 597K, committed 640K, reserved 1048576K
}
{Heap before GC invocations=446 (full 56):
 par new generation   total 6144K, used 5235K [0x00000000fec00000, 0x00000000ff2a0000, 0x00000000ff2a0000)
  eden space 5504K,  95% used [0x00000000fec00000, 0x00000000ff11b780, 0x00000000ff160000)
  from space 640K,   0% used [0x00000000ff200000, 0x00000000ff201830, 0x00000000ff2a0000)
  to   space 640K,   0% used [0x00000000ff160000, 0x00000000ff160000, 0x00000000ff200000)
 concurrent mark-sweep generation total 13696K, used 11443K [0x00000000ff2a0000, 0x0000000100000000, 0x0000000100000000)
 Metaspace       used 5076K, capacity 5258K, committed 5504K, reserved 1056768K
  class space    used 557K, capacity 597K, committed 640K, reserved 1048576K
2024-07-16T11:01:38.849+0800: 3.730: [GC (Allocation Failure) 2024-07-16T11:01:38.849+0800: 3.730: [ParNew: 5235K->4K(6144K), 0.0012515 secs] 16679K->11447K(19840K), 0.0013658 secs] [Times: user=0.00 sys=0.00, real=0.00 secs] 
Heap after GC invocations=447 (full 56):
 par new generation   total 6144K, used 4K [0x00000000fec00000, 0x00000000ff2a0000, 0x00000000ff2a0000)
  eden space 5504K,   0% used [0x00000000fec00000, 0x00000000fec00000, 0x00000000ff160000)
  from space 640K,   0% used [0x00000000ff160000, 0x00000000ff161020, 0x00000000ff200000)
  to   space 640K,   0% used [0x00000000ff200000, 0x00000000ff200000, 0x00000000ff2a0000)
 concurrent mark-sweep generation total 13696K, used 11443K [0x00000000ff2a0000, 0x0000000100000000, 0x0000000100000000)
 Metaspace       used 5076K, capacity 5258K, committed 5504K, reserved 1056768K
  class space    used 557K, capacity 597K, committed 640K, reserved 1048576K
}
{Heap before GC invocations=447 (full 56):
 par new generation   total 6144K, used 5233K [0x00000000fec00000, 0x00000000ff2a0000, 0x00000000ff2a0000)
  eden space 5504K,  95% used [0x00000000fec00000, 0x00000000ff11b780, 0x00000000ff160000)
  from space 640K,   0% used [0x00000000ff160000, 0x00000000ff161020, 0x00000000ff200000)
  to   space 640K,   0% used [0x00000000ff200000, 0x00000000ff200000, 0x00000000ff2a0000)
 concurrent mark-sweep generation total 13696K, used 11443K [0x00000000ff2a0000, 0x0000000100000000, 0x0000000100000000)
 Metaspace       used 5076K, capacity 5258K, committed 5504K, reserved 1056768K
  class space    used 557K, capacity 597K, committed 640K, reserved 1048576K
2024-07-16T11:01:38.856+0800: 3.736: [GC (Allocation Failure) 2024-07-16T11:01:38.856+0800: 3.737: [ParNew: 5233K->6K(6144K), 0.0013393 secs] 16677K->12473K(19840K), 0.0014314 secs] [Times: user=0.00 sys=0.00, real=0.00 secs] 
Heap after GC invocations=448 (full 56):
 par new generation   total 6144K, used 6K [0x00000000fec00000, 0x00000000ff2a0000, 0x00000000ff2a0000)
  eden space 5504K,   0% used [0x00000000fec00000, 0x00000000fec00000, 0x00000000ff160000)
  from space 640K,   0% used [0x00000000ff200000, 0x00000000ff201830, 0x00000000ff2a0000)
  to   space 640K,   0% used [0x00000000ff160000, 0x00000000ff160000, 0x00000000ff200000)
 concurrent mark-sweep generation total 13696K, used 12467K [0x00000000ff2a0000, 0x0000000100000000, 0x0000000100000000)
 Metaspace       used 5076K, capacity 5258K, committed 5504K, reserved 1056768K
  class space    used 557K, capacity 597K, committed 640K, reserved 1048576K
}
{Heap before GC invocations=448 (full 56):
 par new generation   total 6144K, used 5235K [0x00000000fec00000, 0x00000000ff2a0000, 0x00000000ff2a0000)
  eden space 5504K,  95% used [0x00000000fec00000, 0x00000000ff11b780, 0x00000000ff160000)
  from space 640K,   0% used [0x00000000ff200000, 0x00000000ff201830, 0x00000000ff2a0000)
  to   space 640K,   0% used [0x00000000ff160000, 0x00000000ff160000, 0x00000000ff200000)
 concurrent mark-sweep generation total 13696K, used 12467K [0x00000000ff2a0000, 0x0000000100000000, 0x0000000100000000)
 Metaspace       used 5076K, capacity 5258K, committed 5504K, reserved 1056768K
  class space    used 557K, capacity 597K, committed 640K, reserved 1048576K
2024-07-16T11:01:38.864+0800: 3.745: [GC (Allocation Failure) 2024-07-16T11:01:38.864+0800: 3.745: [ParNew: 5235K->5235K(6144K), 0.0000362 secs]2024-07-16T11:01:38.864+0800: 3.745: [CMS2024-07-16T11:01:38.864+0800: 3.745: [CMS-concurrent-abortable-preclean: 0.002/0.122 secs] [Times: user=0.00 sys=0.00, real=0.12 secs] 
 (concurrent mode failure): 12467K->1191K(13696K), 0.0059607 secs] 17703K->1191K(19840K), [Metaspace: 5076K->5076K(1056768K)], 0.0060971 secs] [Times: user=0.00 sys=0.00, real=0.01 secs] 
Heap after GC invocations=449 (full 57):
 par new generation   total 6144K, used 0K [0x00000000fec00000, 0x00000000ff2a0000, 0x00000000ff2a0000)
  eden space 5504K,   0% used [0x00000000fec00000, 0x00000000fec00000, 0x00000000ff160000)
  from space 640K,   0% used [0x00000000ff200000, 0x00000000ff200000, 0x00000000ff2a0000)
  to   space 640K,   0% used [0x00000000ff160000, 0x00000000ff160000, 0x00000000ff200000)
 concurrent mark-sweep generation total 13696K, used 1191K [0x00000000ff2a0000, 0x0000000100000000, 0x0000000100000000)
 Metaspace       used 5076K, capacity 5258K, committed 5504K, reserved 1056768K
  class space    used 557K, capacity 597K, committed 640K, reserved 1048576K
}
{Heap before GC invocations=449 (full 57):
 par new generation   total 6144K, used 5229K [0x00000000fec00000, 0x00000000ff2a0000, 0x00000000ff2a0000)
  eden space 5504K,  95% used [0x00000000fec00000, 0x00000000ff11b780, 0x00000000ff160000)
  from space 640K,   0% used [0x00000000ff200000, 0x00000000ff200000, 0x00000000ff2a0000)
  to   space 640K,   0% used [0x00000000ff160000, 0x00000000ff160000, 0x00000000ff200000)
 concurrent mark-sweep generation total 13696K, used 1191K [0x00000000ff2a0000, 0x0000000100000000, 0x0000000100000000)
 Metaspace       used 5076K, capacity 5258K, committed 5504K, reserved 1056768K
  class space    used 557K, capacity 597K, committed 640K, reserved 1048576K
2024-07-16T11:01:38.876+0800: 3.756: [GC (Allocation Failure) 2024-07-16T11:01:38.876+0800: 3.757: [ParNew: 5229K->8K(6144K), 0.0012262 secs] 6421K->2225K(19840K), 0.0012995 secs] [Times: user=0.14 sys=0.02, real=0.00 secs] 
Heap after GC invocations=450 (full 57):
 par new generation   total 6144K, used 8K [0x00000000fec00000, 0x00000000ff2a0000, 0x00000000ff2a0000)
  eden space 5504K,   0% used [0x00000000fec00000, 0x00000000fec00000, 0x00000000ff160000)
  from space 640K,   1% used [0x00000000ff160000, 0x00000000ff162040, 0x00000000ff200000)
  to   space 640K,   0% used [0x00000000ff200000, 0x00000000ff200000, 0x00000000ff2a0000)
 concurrent mark-sweep generation total 13696K, used 2217K [0x00000000ff2a0000, 0x0000000100000000, 0x0000000100000000)
 Metaspace       used 5076K, capacity 5258K, committed 5504K, reserved 1056768K
  class space    used 557K, capacity 597K, committed 640K, reserved 1048576K
}
{Heap before GC invocations=450 (full 57):
 par new generation   total 6144K, used 5237K [0x00000000fec00000, 0x00000000ff2a0000, 0x00000000ff2a0000)
  eden space 5504K,  95% used [0x00000000fec00000, 0x00000000ff11b780, 0x00000000ff160000)
  from space 640K,   1% used [0x00000000ff160000, 0x00000000ff162040, 0x00000000ff200000)
  to   space 640K,   0% used [0x00000000ff200000, 0x00000000ff200000, 0x00000000ff2a0000)
 concurrent mark-sweep generation total 13696K, used 2217K [0x00000000ff2a0000, 0x0000000100000000, 0x0000000100000000)
 Metaspace       used 5076K, capacity 5258K, committed 5504K, reserved 1056768K
  class space    used 557K, capacity 597K, committed 640K, reserved 1048576K
2024-07-16T11:01:38.885+0800: 3.765: [GC (Allocation Failure) 2024-07-16T11:01:38.885+0800: 3.766: [ParNew: 5237K->4K(6144K), 0.0010648 secs] 7455K->2221K(19840K), 0.0011494 secs] [Times: user=0.00 sys=0.00, real=0.00 secs] 
Heap after GC invocations=451 (full 57):
 par new generation   total 6144K, used 4K [0x00000000fec00000, 0x00000000ff2a0000, 0x00000000ff2a0000)
  eden space 5504K,   0% used [0x00000000fec00000, 0x00000000fec00000, 0x00000000ff160000)
  from space 640K,   0% used [0x00000000ff200000, 0x00000000ff201020, 0x00000000ff2a0000)
  to   space 640K,   0% used [0x00000000ff160000, 0x00000000ff160000, 0x00000000ff200000)
 concurrent mark-sweep generation total 13696K, used 2217K [0x00000000ff2a0000, 0x0000000100000000, 0x0000000100000000)
 Metaspace       used 5076K, capacity 5258K, committed 5504K, reserved 1056768K
  class space    used 557K, capacity 597K, committed 640K, reserved 1048576K
}
{Heap before GC invocations=451 (full 57):
 par new generation   total 6144K, used 5233K [0x00000000fec00000, 0x00000000ff2a0000, 0x00000000ff2a0000)
  eden space 5504K,  95% used [0x00000000fec00000, 0x00000000ff11b780, 0x00000000ff160000)
  from space 640K,   0% used [0x00000000ff200000, 0x00000000ff201020, 0x00000000ff2a0000)
  to   space 640K,   0% used [0x00000000ff160000, 0x00000000ff160000, 0x00000000ff200000)
 concurrent mark-sweep generation total 13696K, used 2217K [0x00000000ff2a0000, 0x0000000100000000, 0x0000000100000000)
 Metaspace       used 5076K, capacity 5258K, committed 5504K, reserved 1056768K
  class space    used 557K, capacity 597K, committed 640K, reserved 1048576K
2024-07-16T11:01:38.893+0800: 3.774: [GC (Allocation Failure) 2024-07-16T11:01:38.893+0800: 3.774: [ParNew: 5233K->2K(6144K), 0.0010686 secs] 7451K->2219K(19840K), 0.0011634 secs] [Times: user=0.00 sys=0.00, real=0.00 secs] 
Heap after GC invocations=452 (full 57):
 par new generation   total 6144K, used 2K [0x00000000fec00000, 0x00000000ff2a0000, 0x00000000ff2a0000)
  eden space 5504K,   0% used [0x00000000fec00000, 0x00000000fec00000, 0x00000000ff160000)
  from space 640K,   0% used [0x00000000ff160000, 0x00000000ff160810, 0x00000000ff200000)
  to   space 640K,   0% used [0x00000000ff200000, 0x00000000ff200000, 0x00000000ff2a0000)
 concurrent mark-sweep generation total 13696K, used 2217K [0x00000000ff2a0000, 0x0000000100000000, 0x0000000100000000)
 Metaspace       used 5076K, capacity 5258K, committed 5504K, reserved 1056768K
  class space    used 557K, capacity 597K, committed 640K, reserved 1048576K
}
{Heap before GC invocations=452 (full 57):
 par new generation   total 6144K, used 5231K [0x00000000fec00000, 0x00000000ff2a0000, 0x00000000ff2a0000)
  eden space 5504K,  95% used [0x00000000fec00000, 0x00000000ff11b780, 0x00000000ff160000)
  from space 640K,   0% used [0x00000000ff160000, 0x00000000ff160810, 0x00000000ff200000)
  to   space 640K,   0% used [0x00000000ff200000, 0x00000000ff200000, 0x00000000ff2a0000)
 concurrent mark-sweep generation total 13696K, used 2217K [0x00000000ff2a0000, 0x0000000100000000, 0x0000000100000000)
 Metaspace       used 5076K, capacity 5258K, committed 5504K, reserved 1056768K
  class space    used 557K, capacity 597K, committed 640K, reserved 1048576K
2024-07-16T11:01:38.902+0800: 3.783: [GC (Allocation Failure) 2024-07-16T11:01:38.902+0800: 3.783: [ParNew: 5231K->8K(6144K), 0.0013210 secs] 7449K->3251K(19840K), 0.0014345 secs] [Times: user=0.00 sys=0.00, real=0.00 secs] 
Heap after GC invocations=453 (full 57):
 par new generation   total 6144K, used 8K [0x00000000fec00000, 0x00000000ff2a0000, 0x00000000ff2a0000)
  eden space 5504K,   0% used [0x00000000fec00000, 0x00000000fec00000, 0x00000000ff160000)
  from space 640K,   1% used [0x00000000ff200000, 0x00000000ff202040, 0x00000000ff2a0000)
  to   space 640K,   0% used [0x00000000ff160000, 0x00000000ff160000, 0x00000000ff200000)
 concurrent mark-sweep generation total 13696K, used 3243K [0x00000000ff2a0000, 0x0000000100000000, 0x0000000100000000)
 Metaspace       used 5076K, capacity 5258K, committed 5504K, reserved 1056768K
  class space    used 557K, capacity 597K, committed 640K, reserved 1048576K
}
{Heap before GC invocations=453 (full 57):
 par new generation   total 6144K, used 5237K [0x00000000fec00000, 0x00000000ff2a0000, 0x00000000ff2a0000)
  eden space 5504K,  95% used [0x00000000fec00000, 0x00000000ff11b780, 0x00000000ff160000)
  from space 640K,   1% used [0x00000000ff200000, 0x00000000ff202040, 0x00000000ff2a0000)
  to   space 640K,   0% used [0x00000000ff160000, 0x00000000ff160000, 0x00000000ff200000)
 concurrent mark-sweep generation total 13696K, used 3243K [0x00000000ff2a0000, 0x0000000100000000, 0x0000000100000000)
 Metaspace       used 5076K, capacity 5258K, committed 5504K, reserved 1056768K
  class space    used 557K, capacity 597K, committed 640K, reserved 1048576K
2024-07-16T11:01:38.910+0800: 3.791: [GC (Allocation Failure) 2024-07-16T11:01:38.910+0800: 3.791: [ParNew: 5237K->4K(6144K), 0.0012716 secs] 8481K->3247K(19840K), 0.0013998 secs] [Times: user=0.00 sys=0.00, real=0.00 secs] 
Heap after GC invocations=454 (full 57):
 par new generation   total 6144K, used 4K [0x00000000fec00000, 0x00000000ff2a0000, 0x00000000ff2a0000)
  eden space 5504K,   0% used [0x00000000fec00000, 0x00000000fec00000, 0x00000000ff160000)
  from space 640K,   0% used [0x00000000ff160000, 0x00000000ff161020, 0x00000000ff200000)
  to   space 640K,   0% used [0x00000000ff200000, 0x00000000ff200000, 0x00000000ff2a0000)
 concurrent mark-sweep generation total 13696K, used 3243K [0x00000000ff2a0000, 0x0000000100000000, 0x0000000100000000)
 Metaspace       used 5076K, capacity 5258K, committed 5504K, reserved 1056768K
  class space    used 557K, capacity 597K, committed 640K, reserved 1048576K
}
{Heap before GC invocations=454 (full 57):
 par new generation   total 6144K, used 5233K [0x00000000fec00000, 0x00000000ff2a0000, 0x00000000ff2a0000)
  eden space 5504K,  95% used [0x00000000fec00000, 0x00000000ff11b780, 0x00000000ff160000)
  from space 640K,   0% used [0x00000000ff160000, 0x00000000ff161020, 0x00000000ff200000)
  to   space 640K,   0% used [0x00000000ff200000, 0x00000000ff200000, 0x00000000ff2a0000)
 concurrent mark-sweep generation total 13696K, used 3243K [0x00000000ff2a0000, 0x0000000100000000, 0x0000000100000000)
 Metaspace       used 5076K, capacity 5258K, committed 5504K, reserved 1056768K
  class space    used 557K, capacity 597K, committed 640K, reserved 1048576K
2024-07-16T11:01:38.919+0800: 3.800: [GC (Allocation Failure) 2024-07-16T11:01:38.919+0800: 3.800: [ParNew: 5233K->2K(6144K), 0.0012602 secs] 8477K->3245K(19840K), 0.0013570 secs] [Times: user=0.00 sys=0.00, real=0.00 secs] 
Heap after GC invocations=455 (full 57):
 par new generation   total 6144K, used 2K [0x00000000fec00000, 0x00000000ff2a0000, 0x00000000ff2a0000)
  eden space 5504K,   0% used [0x00000000fec00000, 0x00000000fec00000, 0x00000000ff160000)
  from space 640K,   0% used [0x00000000ff200000, 0x00000000ff200810, 0x00000000ff2a0000)
  to   space 640K,   0% used [0x00000000ff160000, 0x00000000ff160000, 0x00000000ff200000)
 concurrent mark-sweep generation total 13696K, used 3243K [0x00000000ff2a0000, 0x0000000100000000, 0x0000000100000000)
 Metaspace       used 5076K, capacity 5258K, committed 5504K, reserved 1056768K
  class space    used 557K, capacity 597K, committed 640K, reserved 1048576K
}
{Heap before GC invocations=455 (full 57):
 par new generation   total 6144K, used 5231K [0x00000000fec00000, 0x00000000ff2a0000, 0x00000000ff2a0000)
  eden space 5504K,  95% used [0x00000000fec00000, 0x00000000ff11b780, 0x00000000ff160000)
  from space 640K,   0% used [0x00000000ff200000, 0x00000000ff200810, 0x00000000ff2a0000)
  to   space 640K,   0% used [0x00000000ff160000, 0x00000000ff160000, 0x00000000ff200000)
 concurrent mark-sweep generation total 13696K, used 3243K [0x00000000ff2a0000, 0x0000000100000000, 0x0000000100000000)
 Metaspace       used 5076K, capacity 5258K, committed 5504K, reserved 1056768K
  class space    used 557K, capacity 597K, committed 640K, reserved 1048576K
2024-07-16T11:01:38.928+0800: 3.809: [GC (Allocation Failure) 2024-07-16T11:01:38.928+0800: 3.809: [ParNew: 5231K->4K(6144K), 0.0013193 secs] 8475K->3247K(19840K), 0.0014257 secs] [Times: user=0.00 sys=0.00, real=0.00 secs] 
Heap after GC invocations=456 (full 57):
 par new generation   total 6144K, used 4K [0x00000000fec00000, 0x00000000ff2a0000, 0x00000000ff2a0000)
  eden space 5504K,   0% used [0x00000000fec00000, 0x00000000fec00000, 0x00000000ff160000)
  from space 640K,   0% used [0x00000000ff160000, 0x00000000ff161020, 0x00000000ff200000)
  to   space 640K,   0% used [0x00000000ff200000, 0x00000000ff200000, 0x00000000ff2a0000)
 concurrent mark-sweep generation total 13696K, used 3243K [0x00000000ff2a0000, 0x0000000100000000, 0x0000000100000000)
 Metaspace       used 5076K, capacity 5258K, committed 5504K, reserved 1056768K
  class space    used 557K, capacity 597K, committed 640K, reserved 1048576K
}
{Heap before GC invocations=456 (full 57):
 par new generation   total 6144K, used 5233K [0x00000000fec00000, 0x00000000ff2a0000, 0x00000000ff2a0000)
  eden space 5504K,  95% used [0x00000000fec00000, 0x00000000ff11b780, 0x00000000ff160000)
  from space 640K,   0% used [0x00000000ff160000, 0x00000000ff161020, 0x00000000ff200000)
  to   space 640K,   0% used [0x00000000ff200000, 0x00000000ff200000, 0x00000000ff2a0000)
 concurrent mark-sweep generation total 13696K, used 3243K [0x00000000ff2a0000, 0x0000000100000000, 0x0000000100000000)
 Metaspace       used 5076K, capacity 5258K, committed 5504K, reserved 1056768K
  class space    used 557K, capacity 597K, committed 640K, reserved 1048576K
2024-07-16T11:01:38.936+0800: 3.817: [GC (Allocation Failure) 2024-07-16T11:01:38.936+0800: 3.817: [ParNew: 5233K->8K(6144K), 0.0014513 secs] 8477K->4277K(19840K), 0.0017961 secs] [Times: user=0.00 sys=0.00, real=0.00 secs] 
Heap after GC invocations=457 (full 57):
 par new generation   total 6144K, used 8K [0x00000000fec00000, 0x00000000ff2a0000, 0x00000000ff2a0000)
  eden space 5504K,   0% used [0x00000000fec00000, 0x00000000fec00000, 0x00000000ff160000)
  from space 640K,   1% used [0x00000000ff200000, 0x00000000ff202040, 0x00000000ff2a0000)
  to   space 640K,   0% used [0x00000000ff160000, 0x00000000ff160000, 0x00000000ff200000)
 concurrent mark-sweep generation total 13696K, used 4269K [0x00000000ff2a0000, 0x0000000100000000, 0x0000000100000000)
 Metaspace       used 5076K, capacity 5258K, committed 5504K, reserved 1056768K
  class space    used 557K, capacity 597K, committed 640K, reserved 1048576K
}
{Heap before GC invocations=457 (full 57):
 par new generation   total 6144K, used 5237K [0x00000000fec00000, 0x00000000ff2a0000, 0x00000000ff2a0000)
  eden space 5504K,  95% used [0x00000000fec00000, 0x00000000ff11b780, 0x00000000ff160000)
  from space 640K,   1% used [0x00000000ff200000, 0x00000000ff202040, 0x00000000ff2a0000)
  to   space 640K,   0% used [0x00000000ff160000, 0x00000000ff160000, 0x00000000ff200000)
 concurrent mark-sweep generation total 13696K, used 4269K [0x00000000ff2a0000, 0x0000000100000000, 0x0000000100000000)
 Metaspace       used 5076K, capacity 5258K, committed 5504K, reserved 1056768K
  class space    used 557K, capacity 597K, committed 640K, reserved 1048576K
2024-07-16T11:01:38.945+0800: 3.826: [GC (Allocation Failure) 2024-07-16T11:01:38.945+0800: 3.826: [ParNew: 5237K->8K(6144K), 0.0015092 secs] 9507K->5303K(19840K), 0.0016435 secs] [Times: user=0.00 sys=0.00, real=0.00 secs] 
Heap after GC invocations=458 (full 57):
 par new generation   total 6144K, used 8K [0x00000000fec00000, 0x00000000ff2a0000, 0x00000000ff2a0000)
  eden space 5504K,   0% used [0x00000000fec00000, 0x00000000fec00000, 0x00000000ff160000)
  from space 640K,   1% used [0x00000000ff160000, 0x00000000ff162040, 0x00000000ff200000)
  to   space 640K,   0% used [0x00000000ff200000, 0x00000000ff200000, 0x00000000ff2a0000)
 concurrent mark-sweep generation total 13696K, used 5295K [0x00000000ff2a0000, 0x0000000100000000, 0x0000000100000000)
 Metaspace       used 5076K, capacity 5258K, committed 5504K, reserved 1056768K
  class space    used 557K, capacity 597K, committed 640K, reserved 1048576K
}
2024-07-16T11:01:38.947+0800: 3.828: [GC (CMS Initial Mark) [1 CMS-initial-mark: 5295K(13696K)] 6329K(19840K), 0.0004458 secs] [Times: user=0.00 sys=0.00, real=0.00 secs] 
2024-07-16T11:01:38.947+0800: 3.828: [CMS-concurrent-mark-start]
2024-07-16T11:01:38.953+0800: 3.833: [CMS-concurrent-mark: 0.005/0.005 secs] [Times: user=0.00 sys=0.00, real=0.01 secs] 
2024-07-16T11:01:38.953+0800: 3.833: [CMS-concurrent-preclean-start]
2024-07-16T11:01:38.953+0800: 3.833: [CMS-concurrent-preclean: 0.000/0.000 secs] [Times: user=0.00 sys=0.00, real=0.00 secs] 
2024-07-16T11:01:38.953+0800: 3.834: [CMS-concurrent-abortable-preclean-start]
{Heap before GC invocations=458 (full 58):
 par new generation   total 6144K, used 5237K [0x00000000fec00000, 0x00000000ff2a0000, 0x00000000ff2a0000)
  eden space 5504K,  95% used [0x00000000fec00000, 0x00000000ff11b780, 0x00000000ff160000)
  from space 640K,   1% used [0x00000000ff160000, 0x00000000ff162040, 0x00000000ff200000)
  to   space 640K,   0% used [0x00000000ff200000, 0x00000000ff200000, 0x00000000ff2a0000)
 concurrent mark-sweep generation total 13696K, used 5295K [0x00000000ff2a0000, 0x0000000100000000, 0x0000000100000000)
 Metaspace       used 5076K, capacity 5258K, committed 5504K, reserved 1056768K
  class space    used 557K, capacity 597K, committed 640K, reserved 1048576K
2024-07-16T11:01:38.954+0800: 3.834: [GC (Allocation Failure) 2024-07-16T11:01:38.954+0800: 3.834: [ParNew: 5237K->4K(6144K), 0.0010465 secs] 10533K->5299K(19840K), 0.0011141 secs] [Times: user=0.00 sys=0.02, real=0.00 secs] 
Heap after GC invocations=459 (full 58):
 par new generation   total 6144K, used 4K [0x00000000fec00000, 0x00000000ff2a0000, 0x00000000ff2a0000)
  eden space 5504K,   0% used [0x00000000fec00000, 0x00000000fec00000, 0x00000000ff160000)
  from space 640K,   0% used [0x00000000ff200000, 0x00000000ff201020, 0x00000000ff2a0000)
  to   space 640K,   0% used [0x00000000ff160000, 0x00000000ff160000, 0x00000000ff200000)
 concurrent mark-sweep generation total 13696K, used 5295K [0x00000000ff2a0000, 0x0000000100000000, 0x0000000100000000)
 Metaspace       used 5076K, capacity 5258K, committed 5504K, reserved 1056768K
  class space    used 557K, capacity 597K, committed 640K, reserved 1048576K
}
{Heap before GC invocations=459 (full 58):
 par new generation   total 6144K, used 5233K [0x00000000fec00000, 0x00000000ff2a0000, 0x00000000ff2a0000)
  eden space 5504K,  95% used [0x00000000fec00000, 0x00000000ff11b780, 0x00000000ff160000)
  from space 640K,   0% used [0x00000000ff200000, 0x00000000ff201020, 0x00000000ff2a0000)
  to   space 640K,   0% used [0x00000000ff160000, 0x00000000ff160000, 0x00000000ff200000)
 concurrent mark-sweep generation total 13696K, used 5295K [0x00000000ff2a0000, 0x0000000100000000, 0x0000000100000000)
 Metaspace       used 5076K, capacity 5258K, committed 5504K, reserved 1056768K
  class space    used 557K, capacity 597K, committed 640K, reserved 1048576K
2024-07-16T11:01:38.962+0800: 3.842: [GC (Allocation Failure) 2024-07-16T11:01:38.962+0800: 3.843: [ParNew: 5233K->4K(6144K), 0.0011986 secs] 10529K->5299K(19840K), 0.0012736 secs] [Times: user=0.00 sys=0.00, real=0.00 secs] 
Heap after GC invocations=460 (full 58):
 par new generation   total 6144K, used 4K [0x00000000fec00000, 0x00000000ff2a0000, 0x00000000ff2a0000)
  eden space 5504K,   0% used [0x00000000fec00000, 0x00000000fec00000, 0x00000000ff160000)
  from space 640K,   0% used [0x00000000ff160000, 0x00000000ff161020, 0x00000000ff200000)
  to   space 640K,   0% used [0x00000000ff200000, 0x00000000ff200000, 0x00000000ff2a0000)
 concurrent mark-sweep generation total 13696K, used 5295K [0x00000000ff2a0000, 0x0000000100000000, 0x0000000100000000)
 Metaspace       used 5076K, capacity 5258K, committed 5504K, reserved 1056768K
  class space    used 557K, capacity 597K, committed 640K, reserved 1048576K
}
{Heap before GC invocations=460 (full 58):
 par new generation   total 6144K, used 5233K [0x00000000fec00000, 0x00000000ff2a0000, 0x00000000ff2a0000)
  eden space 5504K,  95% used [0x00000000fec00000, 0x00000000ff11b780, 0x00000000ff160000)
  from space 640K,   0% used [0x00000000ff160000, 0x00000000ff161020, 0x00000000ff200000)
  to   space 640K,   0% used [0x00000000ff200000, 0x00000000ff200000, 0x00000000ff2a0000)
 concurrent mark-sweep generation total 13696K, used 5295K [0x00000000ff2a0000, 0x0000000100000000, 0x0000000100000000)
 Metaspace       used 5076K, capacity 5258K, committed 5504K, reserved 1056768K
  class space    used 557K, capacity 597K, committed 640K, reserved 1048576K
2024-07-16T11:01:38.970+0800: 3.850: [GC (Allocation Failure) 2024-07-16T11:01:38.970+0800: 3.851: [ParNew: 5233K->6K(6144K), 0.0013578 secs] 10529K->6325K(19840K), 0.0015493 secs] [Times: user=0.16 sys=0.00, real=0.00 secs] 
Heap after GC invocations=461 (full 58):
 par new generation   total 6144K, used 6K [0x00000000fec00000, 0x00000000ff2a0000, 0x00000000ff2a0000)
  eden space 5504K,   0% used [0x00000000fec00000, 0x00000000fec00000, 0x00000000ff160000)
  from space 640K,   0% used [0x00000000ff200000, 0x00000000ff201830, 0x00000000ff2a0000)
  to   space 640K,   0% used [0x00000000ff160000, 0x00000000ff160000, 0x00000000ff200000)
 concurrent mark-sweep generation total 13696K, used 6319K [0x00000000ff2a0000, 0x0000000100000000, 0x0000000100000000)
 Metaspace       used 5076K, capacity 5258K, committed 5504K, reserved 1056768K
  class space    used 557K, capacity 597K, committed 640K, reserved 1048576K
}
{Heap before GC invocations=461 (full 58):
 par new generation   total 6144K, used 5235K [0x00000000fec00000, 0x00000000ff2a0000, 0x00000000ff2a0000)
  eden space 5504K,  95% used [0x00000000fec00000, 0x00000000ff11b780, 0x00000000ff160000)
  from space 640K,   0% used [0x00000000ff200000, 0x00000000ff201830, 0x00000000ff2a0000)
  to   space 640K,   0% used [0x00000000ff160000, 0x00000000ff160000, 0x00000000ff200000)
 concurrent mark-sweep generation total 13696K, used 6319K [0x00000000ff2a0000, 0x0000000100000000, 0x0000000100000000)
 Metaspace       used 5076K, capacity 5258K, committed 5504K, reserved 1056768K
  class space    used 557K, capacity 597K, committed 640K, reserved 1048576K
2024-07-16T11:01:38.978+0800: 3.859: [GC (Allocation Failure) 2024-07-16T11:01:38.978+0800: 3.859: [ParNew: 5235K->6K(6144K), 0.0014175 secs] 11555K->7351K(19840K), 0.0015322 secs] [Times: user=0.00 sys=0.00, real=0.00 secs] 
Heap after GC invocations=462 (full 58):
 par new generation   total 6144K, used 6K [0x00000000fec00000, 0x00000000ff2a0000, 0x00000000ff2a0000)
  eden space 5504K,   0% used [0x00000000fec00000, 0x00000000fec00000, 0x00000000ff160000)
  from space 640K,   0% used [0x00000000ff160000, 0x00000000ff161830, 0x00000000ff200000)
  to   space 640K,   0% used [0x00000000ff200000, 0x00000000ff200000, 0x00000000ff2a0000)
 concurrent mark-sweep generation total 13696K, used 7345K [0x00000000ff2a0000, 0x0000000100000000, 0x0000000100000000)
 Metaspace       used 5076K, capacity 5258K, committed 5504K, reserved 1056768K
  class space    used 557K, capacity 597K, committed 640K, reserved 1048576K
}
{Heap before GC invocations=462 (full 58):
 par new generation   total 6144K, used 5235K [0x00000000fec00000, 0x00000000ff2a0000, 0x00000000ff2a0000)
  eden space 5504K,  95% used [0x00000000fec00000, 0x00000000ff11b780, 0x00000000ff160000)
  from space 640K,   0% used [0x00000000ff160000, 0x00000000ff161830, 0x00000000ff200000)
  to   space 640K,   0% used [0x00000000ff200000, 0x00000000ff200000, 0x00000000ff2a0000)
 concurrent mark-sweep generation total 13696K, used 7345K [0x00000000ff2a0000, 0x0000000100000000, 0x0000000100000000)
 Metaspace       used 5076K, capacity 5258K, committed 5504K, reserved 1056768K
  class space    used 557K, capacity 597K, committed 640K, reserved 1048576K
2024-07-16T11:01:38.987+0800: 3.868: [GC (Allocation Failure) 2024-07-16T11:01:38.987+0800: 3.868: [ParNew: 5235K->10K(6144K), 0.0012953 secs] 12581K->8381K(19840K), 0.0014104 secs] [Times: user=0.00 sys=0.00, real=0.00 secs] 
Heap after GC invocations=463 (full 58):
 par new generation   total 6144K, used 10K [0x00000000fec00000, 0x00000000ff2a0000, 0x00000000ff2a0000)
  eden space 5504K,   0% used [0x00000000fec00000, 0x00000000fec00000, 0x00000000ff160000)
  from space 640K,   1% used [0x00000000ff200000, 0x00000000ff202850, 0x00000000ff2a0000)
  to   space 640K,   0% used [0x00000000ff160000, 0x00000000ff160000, 0x00000000ff200000)
 concurrent mark-sweep generation total 13696K, used 8371K [0x00000000ff2a0000, 0x0000000100000000, 0x0000000100000000)
 Metaspace       used 5076K, capacity 5258K, committed 5504K, reserved 1056768K
  class space    used 557K, capacity 597K, committed 640K, reserved 1048576K
}
{Heap before GC invocations=463 (full 58):
 par new generation   total 6144K, used 5239K [0x00000000fec00000, 0x00000000ff2a0000, 0x00000000ff2a0000)
  eden space 5504K,  95% used [0x00000000fec00000, 0x00000000ff11b780, 0x00000000ff160000)
  from space 640K,   1% used [0x00000000ff200000, 0x00000000ff202850, 0x00000000ff2a0000)
  to   space 640K,   0% used [0x00000000ff160000, 0x00000000ff160000, 0x00000000ff200000)
 concurrent mark-sweep generation total 13696K, used 8371K [0x00000000ff2a0000, 0x0000000100000000, 0x0000000100000000)
 Metaspace       used 5076K, capacity 5258K, committed 5504K, reserved 1056768K
  class space    used 557K, capacity 597K, committed 640K, reserved 1048576K
2024-07-16T11:01:38.995+0800: 3.876: [GC (Allocation Failure) 2024-07-16T11:01:38.995+0800: 3.876: [ParNew: 5239K->8K(6144K), 0.0014717 secs] 13611K->9405K(19840K), 0.0017238 secs] [Times: user=0.00 sys=0.00, real=0.00 secs] 
Heap after GC invocations=464 (full 58):
 par new generation   total 6144K, used 8K [0x00000000fec00000, 0x00000000ff2a0000, 0x00000000ff2a0000)
  eden space 5504K,   0% used [0x00000000fec00000, 0x00000000fec00000, 0x00000000ff160000)
  from space 640K,   1% used [0x00000000ff160000, 0x00000000ff162040, 0x00000000ff200000)
  to   space 640K,   0% used [0x00000000ff200000, 0x00000000ff200000, 0x00000000ff2a0000)
 concurrent mark-sweep generation total 13696K, used 9397K [0x00000000ff2a0000, 0x0000000100000000, 0x0000000100000000)
 Metaspace       used 5076K, capacity 5258K, committed 5504K, reserved 1056768K
  class space    used 557K, capacity 597K, committed 640K, reserved 1048576K
}
{Heap before GC invocations=464 (full 58):
 par new generation   total 6144K, used 5237K [0x00000000fec00000, 0x00000000ff2a0000, 0x00000000ff2a0000)
  eden space 5504K,  95% used [0x00000000fec00000, 0x00000000ff11b780, 0x00000000ff160000)
  from space 640K,   1% used [0x00000000ff160000, 0x00000000ff162040, 0x00000000ff200000)
  to   space 640K,   0% used [0x00000000ff200000, 0x00000000ff200000, 0x00000000ff2a0000)
 concurrent mark-sweep generation total 13696K, used 9397K [0x00000000ff2a0000, 0x0000000100000000, 0x0000000100000000)
 Metaspace       used 5076K, capacity 5258K, committed 5504K, reserved 1056768K
  class space    used 557K, capacity 597K, committed 640K, reserved 1048576K
2024-07-16T11:01:39.004+0800: 3.885: [GC (Allocation Failure) 2024-07-16T11:01:39.004+0800: 3.885: [ParNew: 5237K->2K(6144K), 0.0013067 secs] 14635K->10423K(19840K), 0.0014128 secs] [Times: user=0.00 sys=0.00, real=0.00 secs] 
Heap after GC invocations=465 (full 58):
 par new generation   total 6144K, used 2K [0x00000000fec00000, 0x00000000ff2a0000, 0x00000000ff2a0000)
  eden space 5504K,   0% used [0x00000000fec00000, 0x00000000fec00000, 0x00000000ff160000)
  from space 640K,   0% used [0x00000000ff200000, 0x00000000ff200810, 0x00000000ff2a0000)
  to   space 640K,   0% used [0x00000000ff160000, 0x00000000ff160000, 0x00000000ff200000)
 concurrent mark-sweep generation total 13696K, used 10421K [0x00000000ff2a0000, 0x0000000100000000, 0x0000000100000000)
 Metaspace       used 5076K, capacity 5258K, committed 5504K, reserved 1056768K
  class space    used 557K, capacity 597K, committed 640K, reserved 1048576K
}
{Heap before GC invocations=465 (full 58):
 par new generation   total 6144K, used 5231K [0x00000000fec00000, 0x00000000ff2a0000, 0x00000000ff2a0000)
  eden space 5504K,  95% used [0x00000000fec00000, 0x00000000ff11b780, 0x00000000ff160000)
  from space 640K,   0% used [0x00000000ff200000, 0x00000000ff200810, 0x00000000ff2a0000)
  to   space 640K,   0% used [0x00000000ff160000, 0x00000000ff160000, 0x00000000ff200000)
 concurrent mark-sweep generation total 13696K, used 10421K [0x00000000ff2a0000, 0x0000000100000000, 0x0000000100000000)
 Metaspace       used 5076K, capacity 5258K, committed 5504K, reserved 1056768K
  class space    used 557K, capacity 597K, committed 640K, reserved 1048576K
2024-07-16T11:01:39.012+0800: 3.893: [GC (Allocation Failure) 2024-07-16T11:01:39.012+0800: 3.893: [ParNew: 5231K->4K(6144K), 0.0010939 secs] 15653K->10425K(19840K), 0.0013694 secs] [Times: user=0.00 sys=0.00, real=0.00 secs] 
Heap after GC invocations=466 (full 58):
 par new generation   total 6144K, used 4K [0x00000000fec00000, 0x00000000ff2a0000, 0x00000000ff2a0000)
  eden space 5504K,   0% used [0x00000000fec00000, 0x00000000fec00000, 0x00000000ff160000)
  from space 640K,   0% used [0x00000000ff160000, 0x00000000ff161020, 0x00000000ff200000)
  to   space 640K,   0% used [0x00000000ff200000, 0x00000000ff200000, 0x00000000ff2a0000)
 concurrent mark-sweep generation total 13696K, used 10421K [0x00000000ff2a0000, 0x0000000100000000, 0x0000000100000000)
 Metaspace       used 5076K, capacity 5258K, committed 5504K, reserved 1056768K
  class space    used 557K, capacity 597K, committed 640K, reserved 1048576K
}
{Heap before GC invocations=466 (full 58):
 par new generation   total 6144K, used 5233K [0x00000000fec00000, 0x00000000ff2a0000, 0x00000000ff2a0000)
  eden space 5504K,  95% used [0x00000000fec00000, 0x00000000ff11b780, 0x00000000ff160000)
  from space 640K,   0% used [0x00000000ff160000, 0x00000000ff161020, 0x00000000ff200000)
  to   space 640K,   0% used [0x00000000ff200000, 0x00000000ff200000, 0x00000000ff2a0000)
 concurrent mark-sweep generation total 13696K, used 10421K [0x00000000ff2a0000, 0x0000000100000000, 0x0000000100000000)
 Metaspace       used 5076K, capacity 5258K, committed 5504K, reserved 1056768K
  class space    used 557K, capacity 597K, committed 640K, reserved 1048576K
2024-07-16T11:01:39.021+0800: 3.902: [GC (Allocation Failure) 2024-07-16T11:01:39.021+0800: 3.902: [ParNew: 5233K->4K(6144K), 0.0011050 secs] 15655K->10425K(19840K), 0.0011910 secs] [Times: user=0.00 sys=0.00, real=0.00 secs] 
Heap after GC invocations=467 (full 58):
 par new generation   total 6144K, used 4K [0x00000000fec00000, 0x00000000ff2a0000, 0x00000000ff2a0000)
  eden space 5504K,   0% used [0x00000000fec00000, 0x00000000fec00000, 0x00000000ff160000)
  from space 640K,   0% used [0x00000000ff200000, 0x00000000ff201020, 0x00000000ff2a0000)
  to   space 640K,   0% used [0x00000000ff160000, 0x00000000ff160000, 0x00000000ff200000)
 concurrent mark-sweep generation total 13696K, used 10421K [0x00000000ff2a0000, 0x0000000100000000, 0x0000000100000000)
 Metaspace       used 5076K, capacity 5258K, committed 5504K, reserved 1056768K
  class space    used 557K, capacity 597K, committed 640K, reserved 1048576K
}
{Heap before GC invocations=467 (full 58):
 par new generation   total 6144K, used 5233K [0x00000000fec00000, 0x00000000ff2a0000, 0x00000000ff2a0000)
  eden space 5504K,  95% used [0x00000000fec00000, 0x00000000ff11b780, 0x00000000ff160000)
  from space 640K,   0% used [0x00000000ff200000, 0x00000000ff201020, 0x00000000ff2a0000)
  to   space 640K,   0% used [0x00000000ff160000, 0x00000000ff160000, 0x00000000ff200000)
 concurrent mark-sweep generation total 13696K, used 10421K [0x00000000ff2a0000, 0x0000000100000000, 0x0000000100000000)
 Metaspace       used 5076K, capacity 5258K, committed 5504K, reserved 1056768K
  class space    used 557K, capacity 597K, committed 640K, reserved 1048576K
2024-07-16T11:01:39.029+0800: 3.910: [GC (Allocation Failure) 2024-07-16T11:01:39.029+0800: 3.910: [ParNew: 5233K->4K(6144K), 0.0010979 secs] 15655K->10425K(19840K), 0.0012098 secs] [Times: user=0.00 sys=0.00, real=0.00 secs] 
Heap after GC invocations=468 (full 58):
 par new generation   total 6144K, used 4K [0x00000000fec00000, 0x00000000ff2a0000, 0x00000000ff2a0000)
  eden space 5504K,   0% used [0x00000000fec00000, 0x00000000fec00000, 0x00000000ff160000)
  from space 640K,   0% used [0x00000000ff160000, 0x00000000ff161020, 0x00000000ff200000)
  to   space 640K,   0% used [0x00000000ff200000, 0x00000000ff200000, 0x00000000ff2a0000)
 concurrent mark-sweep generation total 13696K, used 10421K [0x00000000ff2a0000, 0x0000000100000000, 0x0000000100000000)
 Metaspace       used 5076K, capacity 5258K, committed 5504K, reserved 1056768K
  class space    used 557K, capacity 597K, committed 640K, reserved 1048576K
}
{Heap before GC invocations=468 (full 58):
 par new generation   total 6144K, used 5233K [0x00000000fec00000, 0x00000000ff2a0000, 0x00000000ff2a0000)
  eden space 5504K,  95% used [0x00000000fec00000, 0x00000000ff11b780, 0x00000000ff160000)
  from space 640K,   0% used [0x00000000ff160000, 0x00000000ff161020, 0x00000000ff200000)
  to   space 640K,   0% used [0x00000000ff200000, 0x00000000ff200000, 0x00000000ff2a0000)
 concurrent mark-sweep generation total 13696K, used 10421K [0x00000000ff2a0000, 0x0000000100000000, 0x0000000100000000)
 Metaspace       used 5076K, capacity 5258K, committed 5504K, reserved 1056768K
  class space    used 557K, capacity 597K, committed 640K, reserved 1048576K
2024-07-16T11:01:39.038+0800: 3.918: [GC (Allocation Failure) 2024-07-16T11:01:39.038+0800: 3.919: [ParNew: 5233K->4K(6144K), 0.0012760 secs] 15655K->10425K(19840K), 0.0014115 secs] [Times: user=0.00 sys=0.00, real=0.00 secs] 
Heap after GC invocations=469 (full 58):
 par new generation   total 6144K, used 4K [0x00000000fec00000, 0x00000000ff2a0000, 0x00000000ff2a0000)
  eden space 5504K,   0% used [0x00000000fec00000, 0x00000000fec00000, 0x00000000ff160000)
  from space 640K,   0% used [0x00000000ff200000, 0x00000000ff201020, 0x00000000ff2a0000)
  to   space 640K,   0% used [0x00000000ff160000, 0x00000000ff160000, 0x00000000ff200000)
 concurrent mark-sweep generation total 13696K, used 10421K [0x00000000ff2a0000, 0x0000000100000000, 0x0000000100000000)
 Metaspace       used 5076K, capacity 5258K, committed 5504K, reserved 1056768K
  class space    used 557K, capacity 597K, committed 640K, reserved 1048576K
}
{Heap before GC invocations=469 (full 58):
 par new generation   total 6144K, used 5233K [0x00000000fec00000, 0x00000000ff2a0000, 0x00000000ff2a0000)
  eden space 5504K,  95% used [0x00000000fec00000, 0x00000000ff11b780, 0x00000000ff160000)
  from space 640K,   0% used [0x00000000ff200000, 0x00000000ff201020, 0x00000000ff2a0000)
  to   space 640K,   0% used [0x00000000ff160000, 0x00000000ff160000, 0x00000000ff200000)
 concurrent mark-sweep generation total 13696K, used 10421K [0x00000000ff2a0000, 0x0000000100000000, 0x0000000100000000)
 Metaspace       used 5076K, capacity 5258K, committed 5504K, reserved 1056768K
  class space    used 557K, capacity 597K, committed 640K, reserved 1048576K
2024-07-16T11:01:39.047+0800: 3.928: [GC (Allocation Failure) 2024-07-16T11:01:39.047+0800: 3.928: [ParNew: 5233K->8K(6144K), 0.0012895 secs] 15655K->11453K(19840K), 0.0013802 secs] [Times: user=0.00 sys=0.00, real=0.00 secs] 
Heap after GC invocations=470 (full 58):
 par new generation   total 6144K, used 8K [0x00000000fec00000, 0x00000000ff2a0000, 0x00000000ff2a0000)
  eden space 5504K,   0% used [0x00000000fec00000, 0x00000000fec00000, 0x00000000ff160000)
  from space 640K,   1% used [0x00000000ff160000, 0x00000000ff162040, 0x00000000ff200000)
  to   space 640K,   0% used [0x00000000ff200000, 0x00000000ff200000, 0x00000000ff2a0000)
 concurrent mark-sweep generation total 13696K, used 11445K [0x00000000ff2a0000, 0x0000000100000000, 0x0000000100000000)
 Metaspace       used 5076K, capacity 5258K, committed 5504K, reserved 1056768K
  class space    used 557K, capacity 597K, committed 640K, reserved 1048576K
}
{Heap before GC invocations=470 (full 58):
 par new generation   total 6144K, used 5237K [0x00000000fec00000, 0x00000000ff2a0000, 0x00000000ff2a0000)
  eden space 5504K,  95% used [0x00000000fec00000, 0x00000000ff11b780, 0x00000000ff160000)
  from space 640K,   1% used [0x00000000ff160000, 0x00000000ff162040, 0x00000000ff200000)
  to   space 640K,   0% used [0x00000000ff200000, 0x00000000ff200000, 0x00000000ff2a0000)
 concurrent mark-sweep generation total 13696K, used 11445K [0x00000000ff2a0000, 0x0000000100000000, 0x0000000100000000)
 Metaspace       used 5076K, capacity 5258K, committed 5504K, reserved 1056768K
  class space    used 557K, capacity 597K, committed 640K, reserved 1048576K
2024-07-16T11:01:39.056+0800: 3.936: [GC (Allocation Failure) 2024-07-16T11:01:39.056+0800: 3.937: [ParNew: 5237K->6K(6144K), 0.0014354 secs] 16683K->12475K(19840K), 0.0015221 secs] [Times: user=0.00 sys=0.00, real=0.00 secs] 
Heap after GC invocations=471 (full 58):
 par new generation   total 6144K, used 6K [0x00000000fec00000, 0x00000000ff2a0000, 0x00000000ff2a0000)
  eden space 5504K,   0% used [0x00000000fec00000, 0x00000000fec00000, 0x00000000ff160000)
  from space 640K,   0% used [0x00000000ff200000, 0x00000000ff201830, 0x00000000ff2a0000)
  to   space 640K,   0% used [0x00000000ff160000, 0x00000000ff160000, 0x00000000ff200000)
 concurrent mark-sweep generation total 13696K, used 12469K [0x00000000ff2a0000, 0x0000000100000000, 0x0000000100000000)
 Metaspace       used 5076K, capacity 5258K, committed 5504K, reserved 1056768K
  class space    used 557K, capacity 597K, committed 640K, reserved 1048576K
}
{Heap before GC invocations=471 (full 58):
 par new generation   total 6144K, used 5235K [0x00000000fec00000, 0x00000000ff2a0000, 0x00000000ff2a0000)
  eden space 5504K,  95% used [0x00000000fec00000, 0x00000000ff11b780, 0x00000000ff160000)
  from space 640K,   0% used [0x00000000ff200000, 0x00000000ff201830, 0x00000000ff2a0000)
  to   space 640K,   0% used [0x00000000ff160000, 0x00000000ff160000, 0x00000000ff200000)
 concurrent mark-sweep generation total 13696K, used 12469K [0x00000000ff2a0000, 0x0000000100000000, 0x0000000100000000)
 Metaspace       used 5076K, capacity 5258K, committed 5504K, reserved 1056768K
  class space    used 557K, capacity 597K, committed 640K, reserved 1048576K
2024-07-16T11:01:39.065+0800: 3.946: [GC (Allocation Failure) 2024-07-16T11:01:39.065+0800: 3.946: [ParNew: 5235K->5235K(6144K), 0.0000386 secs]2024-07-16T11:01:39.065+0800: 3.946: [CMS2024-07-16T11:01:39.065+0800: 3.946: [CMS-concurrent-abortable-preclean: 0.002/0.112 secs] [Times: user=0.16 sys=0.02, real=0.11 secs] 
 (concurrent mode failure): 12469K->1191K(13696K), 0.0067116 secs] 17705K->1191K(19840K), [Metaspace: 5076K->5076K(1056768K)], 0.0068522 secs] [Times: user=0.00 sys=0.00, real=0.01 secs] 
Heap after GC invocations=472 (full 59):
 par new generation   total 6144K, used 0K [0x00000000fec00000, 0x00000000ff2a0000, 0x00000000ff2a0000)
  eden space 5504K,   0% used [0x00000000fec00000, 0x00000000fec00000, 0x00000000ff160000)
  from space 640K,   0% used [0x00000000ff200000, 0x00000000ff200000, 0x00000000ff2a0000)
  to   space 640K,   0% used [0x00000000ff160000, 0x00000000ff160000, 0x00000000ff200000)
 concurrent mark-sweep generation total 13696K, used 1191K [0x00000000ff2a0000, 0x0000000100000000, 0x0000000100000000)
 Metaspace       used 5076K, capacity 5258K, committed 5504K, reserved 1056768K
  class space    used 557K, capacity 597K, committed 640K, reserved 1048576K
}
{Heap before GC invocations=472 (full 59):
 par new generation   total 6144K, used 5229K [0x00000000fec00000, 0x00000000ff2a0000, 0x00000000ff2a0000)
  eden space 5504K,  95% used [0x00000000fec00000, 0x00000000ff11b780, 0x00000000ff160000)
  from space 640K,   0% used [0x00000000ff200000, 0x00000000ff200000, 0x00000000ff2a0000)
  to   space 640K,   0% used [0x00000000ff160000, 0x00000000ff160000, 0x00000000ff200000)
 concurrent mark-sweep generation total 13696K, used 1191K [0x00000000ff2a0000, 0x0000000100000000, 0x0000000100000000)
 Metaspace       used 5076K, capacity 5258K, committed 5504K, reserved 1056768K
  class space    used 557K, capacity 597K, committed 640K, reserved 1048576K
2024-07-16T11:01:39.078+0800: 3.958: [GC (Allocation Failure) 2024-07-16T11:01:39.078+0800: 3.958: [ParNew: 5229K->8K(6144K), 0.0012513 secs] 6421K->2225K(19840K), 0.0013303 secs] [Times: user=0.00 sys=0.00, real=0.00 secs] 
Heap after GC invocations=473 (full 59):
 par new generation   total 6144K, used 8K [0x00000000fec00000, 0x00000000ff2a0000, 0x00000000ff2a0000)
  eden space 5504K,   0% used [0x00000000fec00000, 0x00000000fec00000, 0x00000000ff160000)
  from space 640K,   1% used [0x00000000ff160000, 0x00000000ff162040, 0x00000000ff200000)
  to   space 640K,   0% used [0x00000000ff200000, 0x00000000ff200000, 0x00000000ff2a0000)
 concurrent mark-sweep generation total 13696K, used 2217K [0x00000000ff2a0000, 0x0000000100000000, 0x0000000100000000)
 Metaspace       used 5076K, capacity 5258K, committed 5504K, reserved 1056768K
  class space    used 557K, capacity 597K, committed 640K, reserved 1048576K
}
{Heap before GC invocations=473 (full 59):
 par new generation   total 6144K, used 5237K [0x00000000fec00000, 0x00000000ff2a0000, 0x00000000ff2a0000)
  eden space 5504K,  95% used [0x00000000fec00000, 0x00000000ff11b780, 0x00000000ff160000)
  from space 640K,   1% used [0x00000000ff160000, 0x00000000ff162040, 0x00000000ff200000)
  to   space 640K,   0% used [0x00000000ff200000, 0x00000000ff200000, 0x00000000ff2a0000)
 concurrent mark-sweep generation total 13696K, used 2217K [0x00000000ff2a0000, 0x0000000100000000, 0x0000000100000000)
 Metaspace       used 5076K, capacity 5258K, committed 5504K, reserved 1056768K
  class space    used 557K, capacity 597K, committed 640K, reserved 1048576K
2024-07-16T11:01:39.086+0800: 3.966: [GC (Allocation Failure) 2024-07-16T11:01:39.086+0800: 3.967: [ParNew: 5237K->8K(6144K), 0.0014397 secs] 7455K->3251K(19840K), 0.0015386 secs] [Times: user=0.00 sys=0.00, real=0.00 secs] 
Heap after GC invocations=474 (full 59):
 par new generation   total 6144K, used 8K [0x00000000fec00000, 0x00000000ff2a0000, 0x00000000ff2a0000)
  eden space 5504K,   0% used [0x00000000fec00000, 0x00000000fec00000, 0x00000000ff160000)
  from space 640K,   1% used [0x00000000ff200000, 0x00000000ff202040, 0x00000000ff2a0000)
  to   space 640K,   0% used [0x00000000ff160000, 0x00000000ff160000, 0x00000000ff200000)
 concurrent mark-sweep generation total 13696K, used 3243K [0x00000000ff2a0000, 0x0000000100000000, 0x0000000100000000)
 Metaspace       used 5076K, capacity 5258K, committed 5504K, reserved 1056768K
  class space    used 557K, capacity 597K, committed 640K, reserved 1048576K
}
2024-07-16T11:01:39.087+0800: 3.968: [GC (CMS Initial Mark) [1 CMS-initial-mark: 3243K(13696K)] 4277K(19840K), 0.0003476 secs] [Times: user=0.00 sys=0.00, real=0.00 secs] 
2024-07-16T11:01:39.088+0800: 3.969: [CMS-concurrent-mark-start]
2024-07-16T11:01:39.093+0800: 3.973: [CMS-concurrent-mark: 0.005/0.005 secs] [Times: user=0.00 sys=0.00, real=0.00 secs] 
2024-07-16T11:01:39.093+0800: 3.973: [CMS-concurrent-preclean-start]
2024-07-16T11:01:39.093+0800: 3.974: [CMS-concurrent-preclean: 0.000/0.000 secs] [Times: user=0.00 sys=0.00, real=0.00 secs] 
2024-07-16T11:01:39.093+0800: 3.974: [CMS-concurrent-abortable-preclean-start]
{Heap before GC invocations=474 (full 60):
 par new generation   total 6144K, used 5237K [0x00000000fec00000, 0x00000000ff2a0000, 0x00000000ff2a0000)
  eden space 5504K,  95% used [0x00000000fec00000, 0x00000000ff11b780, 0x00000000ff160000)
  from space 640K,   1% used [0x00000000ff200000, 0x00000000ff202040, 0x00000000ff2a0000)
  to   space 640K,   0% used [0x00000000ff160000, 0x00000000ff160000, 0x00000000ff200000)
 concurrent mark-sweep generation total 13696K, used 3243K [0x00000000ff2a0000, 0x0000000100000000, 0x0000000100000000)
 Metaspace       used 5076K, capacity 5258K, committed 5504K, reserved 1056768K
  class space    used 557K, capacity 597K, committed 640K, reserved 1048576K
2024-07-16T11:01:39.096+0800: 3.976: [GC (Allocation Failure) 2024-07-16T11:01:39.096+0800: 3.976: [ParNew: 5237K->4K(6144K), 0.0011086 secs] 8481K->3247K(19840K), 0.0012052 secs] [Times: user=0.00 sys=0.00, real=0.00 secs] 
Heap after GC invocations=475 (full 60):
 par new generation   total 6144K, used 4K [0x00000000fec00000, 0x00000000ff2a0000, 0x00000000ff2a0000)
  eden space 5504K,   0% used [0x00000000fec00000, 0x00000000fec00000, 0x00000000ff160000)
  from space 640K,   0% used [0x00000000ff160000, 0x00000000ff161020, 0x00000000ff200000)
  to   space 640K,   0% used [0x00000000ff200000, 0x00000000ff200000, 0x00000000ff2a0000)
 concurrent mark-sweep generation total 13696K, used 3243K [0x00000000ff2a0000, 0x0000000100000000, 0x0000000100000000)
 Metaspace       used 5076K, capacity 5258K, committed 5504K, reserved 1056768K
  class space    used 557K, capacity 597K, committed 640K, reserved 1048576K
}
{Heap before GC invocations=475 (full 60):
 par new generation   total 6144K, used 5233K [0x00000000fec00000, 0x00000000ff2a0000, 0x00000000ff2a0000)
  eden space 5504K,  95% used [0x00000000fec00000, 0x00000000ff11b780, 0x00000000ff160000)
  from space 640K,   0% used [0x00000000ff160000, 0x00000000ff161020, 0x00000000ff200000)
  to   space 640K,   0% used [0x00000000ff200000, 0x00000000ff200000, 0x00000000ff2a0000)
 concurrent mark-sweep generation total 13696K, used 3243K [0x00000000ff2a0000, 0x0000000100000000, 0x0000000100000000)
 Metaspace       used 5076K, capacity 5258K, committed 5504K, reserved 1056768K
  class space    used 557K, capacity 597K, committed 640K, reserved 1048576K
2024-07-16T11:01:39.105+0800: 3.985: [GC (Allocation Failure) 2024-07-16T11:01:39.105+0800: 3.986: [ParNew: 5233K->8K(6144K), 0.0013220 secs] 8477K->4277K(19840K), 0.0014167 secs] [Times: user=0.00 sys=0.00, real=0.00 secs] 
Heap after GC invocations=476 (full 60):
 par new generation   total 6144K, used 8K [0x00000000fec00000, 0x00000000ff2a0000, 0x00000000ff2a0000)
  eden space 5504K,   0% used [0x00000000fec00000, 0x00000000fec00000, 0x00000000ff160000)
  from space 640K,   1% used [0x00000000ff200000, 0x00000000ff202040, 0x00000000ff2a0000)
  to   space 640K,   0% used [0x00000000ff160000, 0x00000000ff160000, 0x00000000ff200000)
 concurrent mark-sweep generation total 13696K, used 4269K [0x00000000ff2a0000, 0x0000000100000000, 0x0000000100000000)
 Metaspace       used 5076K, capacity 5258K, committed 5504K, reserved 1056768K
  class space    used 557K, capacity 597K, committed 640K, reserved 1048576K
}
{Heap before GC invocations=476 (full 60):
 par new generation   total 6144K, used 5237K [0x00000000fec00000, 0x00000000ff2a0000, 0x00000000ff2a0000)
  eden space 5504K,  95% used [0x00000000fec00000, 0x00000000ff11b780, 0x00000000ff160000)
  from space 640K,   1% used [0x00000000ff200000, 0x00000000ff202040, 0x00000000ff2a0000)
  to   space 640K,   0% used [0x00000000ff160000, 0x00000000ff160000, 0x00000000ff200000)
 concurrent mark-sweep generation total 13696K, used 4269K [0x00000000ff2a0000, 0x0000000100000000, 0x0000000100000000)
 Metaspace       used 5076K, capacity 5258K, committed 5504K, reserved 1056768K
  class space    used 557K, capacity 597K, committed 640K, reserved 1048576K
2024-07-16T11:01:39.113+0800: 3.994: [GC (Allocation Failure) 2024-07-16T11:01:39.113+0800: 3.994: [ParNew: 5237K->6K(6144K), 0.0013319 secs] 9507K->5299K(19840K), 0.0014344 secs] [Times: user=0.00 sys=0.00, real=0.00 secs] 
Heap after GC invocations=477 (full 60):
 par new generation   total 6144K, used 6K [0x00000000fec00000, 0x00000000ff2a0000, 0x00000000ff2a0000)
  eden space 5504K,   0% used [0x00000000fec00000, 0x00000000fec00000, 0x00000000ff160000)
  from space 640K,   0% used [0x00000000ff160000, 0x00000000ff161830, 0x00000000ff200000)
  to   space 640K,   0% used [0x00000000ff200000, 0x00000000ff200000, 0x00000000ff2a0000)
 concurrent mark-sweep generation total 13696K, used 5293K [0x00000000ff2a0000, 0x0000000100000000, 0x0000000100000000)
 Metaspace       used 5076K, capacity 5258K, committed 5504K, reserved 1056768K
  class space    used 557K, capacity 597K, committed 640K, reserved 1048576K
}
{Heap before GC invocations=477 (full 60):
 par new generation   total 6144K, used 5235K [0x00000000fec00000, 0x00000000ff2a0000, 0x00000000ff2a0000)
  eden space 5504K,  95% used [0x00000000fec00000, 0x00000000ff11b780, 0x00000000ff160000)
  from space 640K,   0% used [0x00000000ff160000, 0x00000000ff161830, 0x00000000ff200000)
  to   space 640K,   0% used [0x00000000ff200000, 0x00000000ff200000, 0x00000000ff2a0000)
 concurrent mark-sweep generation total 13696K, used 5293K [0x00000000ff2a0000, 0x0000000100000000, 0x0000000100000000)
 Metaspace       used 5076K, capacity 5258K, committed 5504K, reserved 1056768K
  class space    used 557K, capacity 597K, committed 640K, reserved 1048576K
2024-07-16T11:01:39.122+0800: 4.003: [GC (Allocation Failure) 2024-07-16T11:01:39.122+0800: 4.003: [ParNew: 5235K->8K(6144K), 0.0014402 secs] 10529K->6325K(19840K), 0.0015509 secs] [Times: user=0.00 sys=0.00, real=0.00 secs] 
Heap after GC invocations=478 (full 60):
 par new generation   total 6144K, used 8K [0x00000000fec00000, 0x00000000ff2a0000, 0x00000000ff2a0000)
  eden space 5504K,   0% used [0x00000000fec00000, 0x00000000fec00000, 0x00000000ff160000)
  from space 640K,   1% used [0x00000000ff200000, 0x00000000ff202040, 0x00000000ff2a0000)
  to   space 640K,   0% used [0x00000000ff160000, 0x00000000ff160000, 0x00000000ff200000)
 concurrent mark-sweep generation total 13696K, used 6317K [0x00000000ff2a0000, 0x0000000100000000, 0x0000000100000000)
 Metaspace       used 5076K, capacity 5258K, committed 5504K, reserved 1056768K
  class space    used 557K, capacity 597K, committed 640K, reserved 1048576K
}
{Heap before GC invocations=478 (full 60):
 par new generation   total 6144K, used 5237K [0x00000000fec00000, 0x00000000ff2a0000, 0x00000000ff2a0000)
  eden space 5504K,  95% used [0x00000000fec00000, 0x00000000ff11b780, 0x00000000ff160000)
  from space 640K,   1% used [0x00000000ff200000, 0x00000000ff202040, 0x00000000ff2a0000)
  to   space 640K,   0% used [0x00000000ff160000, 0x00000000ff160000, 0x00000000ff200000)
 concurrent mark-sweep generation total 13696K, used 6317K [0x00000000ff2a0000, 0x0000000100000000, 0x0000000100000000)
 Metaspace       used 5076K, capacity 5258K, committed 5504K, reserved 1056768K
  class space    used 557K, capacity 597K, committed 640K, reserved 1048576K
2024-07-16T11:01:39.131+0800: 4.012: [GC (Allocation Failure) 2024-07-16T11:01:39.131+0800: 4.012: [ParNew: 5237K->4K(6144K), 0.0012650 secs] 11555K->6321K(19840K), 0.0013603 secs] [Times: user=0.00 sys=0.00, real=0.00 secs] 
Heap after GC invocations=479 (full 60):
 par new generation   total 6144K, used 4K [0x00000000fec00000, 0x00000000ff2a0000, 0x00000000ff2a0000)
  eden space 5504K,   0% used [0x00000000fec00000, 0x00000000fec00000, 0x00000000ff160000)
  from space 640K,   0% used [0x00000000ff160000, 0x00000000ff161020, 0x00000000ff200000)
  to   space 640K,   0% used [0x00000000ff200000, 0x00000000ff200000, 0x00000000ff2a0000)
 concurrent mark-sweep generation total 13696K, used 6317K [0x00000000ff2a0000, 0x0000000100000000, 0x0000000100000000)
 Metaspace       used 5076K, capacity 5258K, committed 5504K, reserved 1056768K
  class space    used 557K, capacity 597K, committed 640K, reserved 1048576K
}
{Heap before GC invocations=479 (full 60):
 par new generation   total 6144K, used 5233K [0x00000000fec00000, 0x00000000ff2a0000, 0x00000000ff2a0000)
  eden space 5504K,  95% used [0x00000000fec00000, 0x00000000ff11b780, 0x00000000ff160000)
  from space 640K,   0% used [0x00000000ff160000, 0x00000000ff161020, 0x00000000ff200000)
  to   space 640K,   0% used [0x00000000ff200000, 0x00000000ff200000, 0x00000000ff2a0000)
 concurrent mark-sweep generation total 13696K, used 6317K [0x00000000ff2a0000, 0x0000000100000000, 0x0000000100000000)
 Metaspace       used 5076K, capacity 5258K, committed 5504K, reserved 1056768K
  class space    used 557K, capacity 597K, committed 640K, reserved 1048576K
2024-07-16T11:01:39.140+0800: 4.021: [GC (Allocation Failure) 2024-07-16T11:01:39.140+0800: 4.021: [ParNew: 5233K->2K(6144K), 0.0011208 secs] 11551K->6319K(19840K), 0.0012104 secs] [Times: user=0.00 sys=0.00, real=0.00 secs] 
Heap after GC invocations=480 (full 60):
 par new generation   total 6144K, used 2K [0x00000000fec00000, 0x00000000ff2a0000, 0x00000000ff2a0000)
  eden space 5504K,   0% used [0x00000000fec00000, 0x00000000fec00000, 0x00000000ff160000)
  from space 640K,   0% used [0x00000000ff200000, 0x00000000ff200810, 0x00000000ff2a0000)
  to   space 640K,   0% used [0x00000000ff160000, 0x00000000ff160000, 0x00000000ff200000)
 concurrent mark-sweep generation total 13696K, used 6317K [0x00000000ff2a0000, 0x0000000100000000, 0x0000000100000000)
 Metaspace       used 5076K, capacity 5258K, committed 5504K, reserved 1056768K
  class space    used 557K, capacity 597K, committed 640K, reserved 1048576K
}
{Heap before GC invocations=480 (full 60):
 par new generation   total 6144K, used 5231K [0x00000000fec00000, 0x00000000ff2a0000, 0x00000000ff2a0000)
  eden space 5504K,  95% used [0x00000000fec00000, 0x00000000ff11b780, 0x00000000ff160000)
  from space 640K,   0% used [0x00000000ff200000, 0x00000000ff200810, 0x00000000ff2a0000)
  to   space 640K,   0% used [0x00000000ff160000, 0x00000000ff160000, 0x00000000ff200000)
 concurrent mark-sweep generation total 13696K, used 6317K [0x00000000ff2a0000, 0x0000000100000000, 0x0000000100000000)
 Metaspace       used 5076K, capacity 5258K, committed 5504K, reserved 1056768K
  class space    used 557K, capacity 597K, committed 640K, reserved 1048576K
2024-07-16T11:01:39.149+0800: 4.030: [GC (Allocation Failure) 2024-07-16T11:01:39.149+0800: 4.030: [ParNew: 5231K->6K(6144K), 0.0013399 secs] 11549K->7349K(19840K), 0.0014545 secs] [Times: user=0.00 sys=0.00, real=0.00 secs] 
Heap after GC invocations=481 (full 60):
 par new generation   total 6144K, used 6K [0x00000000fec00000, 0x00000000ff2a0000, 0x00000000ff2a0000)
  eden space 5504K,   0% used [0x00000000fec00000, 0x00000000fec00000, 0x00000000ff160000)
  from space 640K,   0% used [0x00000000ff160000, 0x00000000ff161830, 0x00000000ff200000)
  to   space 640K,   0% used [0x00000000ff200000, 0x00000000ff200000, 0x00000000ff2a0000)
 concurrent mark-sweep generation total 13696K, used 7343K [0x00000000ff2a0000, 0x0000000100000000, 0x0000000100000000)
 Metaspace       used 5076K, capacity 5258K, committed 5504K, reserved 1056768K
  class space    used 557K, capacity 597K, committed 640K, reserved 1048576K
}
{Heap before GC invocations=481 (full 60):
 par new generation   total 6144K, used 5235K [0x00000000fec00000, 0x00000000ff2a0000, 0x00000000ff2a0000)
  eden space 5504K,  95% used [0x00000000fec00000, 0x00000000ff11b780, 0x00000000ff160000)
  from space 640K,   0% used [0x00000000ff160000, 0x00000000ff161830, 0x00000000ff200000)
  to   space 640K,   0% used [0x00000000ff200000, 0x00000000ff200000, 0x00000000ff2a0000)
 concurrent mark-sweep generation total 13696K, used 7343K [0x00000000ff2a0000, 0x0000000100000000, 0x0000000100000000)
 Metaspace       used 5076K, capacity 5258K, committed 5504K, reserved 1056768K
  class space    used 557K, capacity 597K, committed 640K, reserved 1048576K
2024-07-16T11:01:39.156+0800: 4.037: [GC (Allocation Failure) 2024-07-16T11:01:39.156+0800: 4.037: [ParNew: 5235K->6K(6144K), 0.0014485 secs] 12579K->8375K(19840K), 0.0015670 secs] [Times: user=0.00 sys=0.00, real=0.00 secs] 
Heap after GC invocations=482 (full 60):
 par new generation   total 6144K, used 6K [0x00000000fec00000, 0x00000000ff2a0000, 0x00000000ff2a0000)
  eden space 5504K,   0% used [0x00000000fec00000, 0x00000000fec00000, 0x00000000ff160000)
  from space 640K,   0% used [0x00000000ff200000, 0x00000000ff201830, 0x00000000ff2a0000)
  to   space 640K,   0% used [0x00000000ff160000, 0x00000000ff160000, 0x00000000ff200000)
 concurrent mark-sweep generation total 13696K, used 8369K [0x00000000ff2a0000, 0x0000000100000000, 0x0000000100000000)
 Metaspace       used 5076K, capacity 5258K, committed 5504K, reserved 1056768K
  class space    used 557K, capacity 597K, committed 640K, reserved 1048576K
}
{Heap before GC invocations=482 (full 60):
 par new generation   total 6144K, used 5235K [0x00000000fec00000, 0x00000000ff2a0000, 0x00000000ff2a0000)
  eden space 5504K,  95% used [0x00000000fec00000, 0x00000000ff11b780, 0x00000000ff160000)
  from space 640K,   0% used [0x00000000ff200000, 0x00000000ff201830, 0x00000000ff2a0000)
  to   space 640K,   0% used [0x00000000ff160000, 0x00000000ff160000, 0x00000000ff200000)
 concurrent mark-sweep generation total 13696K, used 8369K [0x00000000ff2a0000, 0x0000000100000000, 0x0000000100000000)
 Metaspace       used 5076K, capacity 5258K, committed 5504K, reserved 1056768K
  class space    used 557K, capacity 597K, committed 640K, reserved 1048576K
2024-07-16T11:01:39.165+0800: 4.046: [GC (Allocation Failure) 2024-07-16T11:01:39.165+0800: 4.046: [ParNew: 5235K->8K(6144K), 0.0014387 secs] 13605K->9401K(19840K), 0.0015496 secs] [Times: user=0.00 sys=0.00, real=0.00 secs] 
Heap after GC invocations=483 (full 60):
 par new generation   total 6144K, used 8K [0x00000000fec00000, 0x00000000ff2a0000, 0x00000000ff2a0000)
  eden space 5504K,   0% used [0x00000000fec00000, 0x00000000fec00000, 0x00000000ff160000)
  from space 640K,   1% used [0x00000000ff160000, 0x00000000ff162040, 0x00000000ff200000)
  to   space 640K,   0% used [0x00000000ff200000, 0x00000000ff200000, 0x00000000ff2a0000)
 concurrent mark-sweep generation total 13696K, used 9393K [0x00000000ff2a0000, 0x0000000100000000, 0x0000000100000000)
 Metaspace       used 5076K, capacity 5258K, committed 5504K, reserved 1056768K
  class space    used 557K, capacity 597K, committed 640K, reserved 1048576K
}
{Heap before GC invocations=483 (full 60):
 par new generation   total 6144K, used 5237K [0x00000000fec00000, 0x00000000ff2a0000, 0x00000000ff2a0000)
  eden space 5504K,  95% used [0x00000000fec00000, 0x00000000ff11b780, 0x00000000ff160000)
  from space 640K,   1% used [0x00000000ff160000, 0x00000000ff162040, 0x00000000ff200000)
  to   space 640K,   0% used [0x00000000ff200000, 0x00000000ff200000, 0x00000000ff2a0000)
 concurrent mark-sweep generation total 13696K, used 9393K [0x00000000ff2a0000, 0x0000000100000000, 0x0000000100000000)
 Metaspace       used 5076K, capacity 5258K, committed 5504K, reserved 1056768K
  class space    used 557K, capacity 597K, committed 640K, reserved 1048576K
2024-07-16T11:01:39.174+0800: 4.055: [GC (Allocation Failure) 2024-07-16T11:01:39.174+0800: 4.055: [ParNew: 5237K->8K(6144K), 0.0013324 secs] 14631K->10427K(19840K), 0.0014440 secs] [Times: user=0.00 sys=0.00, real=0.00 secs] 
Heap after GC invocations=484 (full 60):
 par new generation   total 6144K, used 8K [0x00000000fec00000, 0x00000000ff2a0000, 0x00000000ff2a0000)
  eden space 5504K,   0% used [0x00000000fec00000, 0x00000000fec00000, 0x00000000ff160000)
  from space 640K,   1% used [0x00000000ff200000, 0x00000000ff202040, 0x00000000ff2a0000)
  to   space 640K,   0% used [0x00000000ff160000, 0x00000000ff160000, 0x00000000ff200000)
 concurrent mark-sweep generation total 13696K, used 10419K [0x00000000ff2a0000, 0x0000000100000000, 0x0000000100000000)
 Metaspace       used 5076K, capacity 5258K, committed 5504K, reserved 1056768K
  class space    used 557K, capacity 597K, committed 640K, reserved 1048576K
}
{Heap before GC invocations=484 (full 60):
 par new generation   total 6144K, used 5237K [0x00000000fec00000, 0x00000000ff2a0000, 0x00000000ff2a0000)
  eden space 5504K,  95% used [0x00000000fec00000, 0x00000000ff11b780, 0x00000000ff160000)
  from space 640K,   1% used [0x00000000ff200000, 0x00000000ff202040, 0x00000000ff2a0000)
  to   space 640K,   0% used [0x00000000ff160000, 0x00000000ff160000, 0x00000000ff200000)
 concurrent mark-sweep generation total 13696K, used 10419K [0x00000000ff2a0000, 0x0000000100000000, 0x0000000100000000)
 Metaspace       used 5076K, capacity 5258K, committed 5504K, reserved 1056768K
  class space    used 557K, capacity 597K, committed 640K, reserved 1048576K
2024-07-16T11:01:39.184+0800: 4.064: [GC (Allocation Failure) 2024-07-16T11:01:39.184+0800: 4.065: [ParNew: 5237K->4K(6144K), 0.0013172 secs] 15657K->10423K(19840K), 0.0014343 secs] [Times: user=0.00 sys=0.00, real=0.00 secs] 
Heap after GC invocations=485 (full 60):
 par new generation   total 6144K, used 4K [0x00000000fec00000, 0x00000000ff2a0000, 0x00000000ff2a0000)
  eden space 5504K,   0% used [0x00000000fec00000, 0x00000000fec00000, 0x00000000ff160000)
  from space 640K,   0% used [0x00000000ff160000, 0x00000000ff161020, 0x00000000ff200000)
  to   space 640K,   0% used [0x00000000ff200000, 0x00000000ff200000, 0x00000000ff2a0000)
 concurrent mark-sweep generation total 13696K, used 10419K [0x00000000ff2a0000, 0x0000000100000000, 0x0000000100000000)
 Metaspace       used 5076K, capacity 5258K, committed 5504K, reserved 1056768K
  class space    used 557K, capacity 597K, committed 640K, reserved 1048576K
}
{Heap before GC invocations=485 (full 60):
 par new generation   total 6144K, used 5233K [0x00000000fec00000, 0x00000000ff2a0000, 0x00000000ff2a0000)
  eden space 5504K,  95% used [0x00000000fec00000, 0x00000000ff11b780, 0x00000000ff160000)
  from space 640K,   0% used [0x00000000ff160000, 0x00000000ff161020, 0x00000000ff200000)
  to   space 640K,   0% used [0x00000000ff200000, 0x00000000ff200000, 0x00000000ff2a0000)
 concurrent mark-sweep generation total 13696K, used 10419K [0x00000000ff2a0000, 0x0000000100000000, 0x0000000100000000)
 Metaspace       used 5076K, capacity 5258K, committed 5504K, reserved 1056768K
  class space    used 557K, capacity 597K, committed 640K, reserved 1048576K
2024-07-16T11:01:39.194+0800: 4.074: [GC (Allocation Failure) 2024-07-16T11:01:39.194+0800: 4.074: [ParNew: 5233K->4K(6144K), 0.0007572 secs] 15653K->10423K(19840K), 0.0008557 secs] [Times: user=0.00 sys=0.00, real=0.00 secs] 
Heap after GC invocations=486 (full 60):
 par new generation   total 6144K, used 4K [0x00000000fec00000, 0x00000000ff2a0000, 0x00000000ff2a0000)
  eden space 5504K,   0% used [0x00000000fec00000, 0x00000000fec00000, 0x00000000ff160000)
  from space 640K,   0% used [0x00000000ff200000, 0x00000000ff201020, 0x00000000ff2a0000)
  to   space 640K,   0% used [0x00000000ff160000, 0x00000000ff160000, 0x00000000ff200000)
 concurrent mark-sweep generation total 13696K, used 10419K [0x00000000ff2a0000, 0x0000000100000000, 0x0000000100000000)
 Metaspace       used 5076K, capacity 5258K, committed 5504K, reserved 1056768K
  class space    used 557K, capacity 597K, committed 640K, reserved 1048576K
}
{Heap before GC invocations=486 (full 60):
 par new generation   total 6144K, used 5233K [0x00000000fec00000, 0x00000000ff2a0000, 0x00000000ff2a0000)
  eden space 5504K,  95% used [0x00000000fec00000, 0x00000000ff11b780, 0x00000000ff160000)
  from space 640K,   0% used [0x00000000ff200000, 0x00000000ff201020, 0x00000000ff2a0000)
  to   space 640K,   0% used [0x00000000ff160000, 0x00000000ff160000, 0x00000000ff200000)
 concurrent mark-sweep generation total 13696K, used 10419K [0x00000000ff2a0000, 0x0000000100000000, 0x0000000100000000)
 Metaspace       used 5076K, capacity 5258K, committed 5504K, reserved 1056768K
  class space    used 557K, capacity 597K, committed 640K, reserved 1048576K
2024-07-16T11:01:39.203+0800: 4.083: [GC (Allocation Failure) 2024-07-16T11:01:39.203+0800: 4.083: [ParNew: 5233K->4K(6144K), 0.0002543 secs] 15653K->10423K(19840K), 0.0002818 secs] [Times: user=0.00 sys=0.00, real=0.00 secs] 
Heap after GC invocations=487 (full 60):
 par new generation   total 6144K, used 4K [0x00000000fec00000, 0x00000000ff2a0000, 0x00000000ff2a0000)
  eden space 5504K,   0% used [0x00000000fec00000, 0x00000000fec00000, 0x00000000ff160000)
  from space 640K,   0% used [0x00000000ff160000, 0x00000000ff161020, 0x00000000ff200000)
  to   space 640K,   0% used [0x00000000ff200000, 0x00000000ff200000, 0x00000000ff2a0000)
 concurrent mark-sweep generation total 13696K, used 10419K [0x00000000ff2a0000, 0x0000000100000000, 0x0000000100000000)
 Metaspace       used 5076K, capacity 5258K, committed 5504K, reserved 1056768K
  class space    used 557K, capacity 597K, committed 640K, reserved 1048576K
}
{Heap before GC invocations=487 (full 60):
 par new generation   total 6144K, used 5233K [0x00000000fec00000, 0x00000000ff2a0000, 0x00000000ff2a0000)
  eden space 5504K,  95% used [0x00000000fec00000, 0x00000000ff11b780, 0x00000000ff160000)
  from space 640K,   0% used [0x00000000ff160000, 0x00000000ff161020, 0x00000000ff200000)
  to   space 640K,   0% used [0x00000000ff200000, 0x00000000ff200000, 0x00000000ff2a0000)
 concurrent mark-sweep generation total 13696K, used 10419K [0x00000000ff2a0000, 0x0000000100000000, 0x0000000100000000)
 Metaspace       used 5076K, capacity 5258K, committed 5504K, reserved 1056768K
  class space    used 557K, capacity 597K, committed 640K, reserved 1048576K
2024-07-16T11:01:39.210+0800: 4.090: [GC (Allocation Failure) 2024-07-16T11:01:39.210+0800: 4.090: [ParNew: 5233K->2K(6144K), 0.0002952 secs] 15653K->10421K(19840K), 0.0003421 secs] [Times: user=0.00 sys=0.00, real=0.00 secs] 
Heap after GC invocations=488 (full 60):
 par new generation   total 6144K, used 2K [0x00000000fec00000, 0x00000000ff2a0000, 0x00000000ff2a0000)
  eden space 5504K,   0% used [0x00000000fec00000, 0x00000000fec00000, 0x00000000ff160000)
  from space 640K,   0% used [0x00000000ff200000, 0x00000000ff200810, 0x00000000ff2a0000)
  to   space 640K,   0% used [0x00000000ff160000, 0x00000000ff160000, 0x00000000ff200000)
 concurrent mark-sweep generation total 13696K, used 10419K [0x00000000ff2a0000, 0x0000000100000000, 0x0000000100000000)
 Metaspace       used 5076K, capacity 5258K, committed 5504K, reserved 1056768K
  class space    used 557K, capacity 597K, committed 640K, reserved 1048576K
}
{Heap before GC invocations=488 (full 60):
 par new generation   total 6144K, used 5231K [0x00000000fec00000, 0x00000000ff2a0000, 0x00000000ff2a0000)
  eden space 5504K,  95% used [0x00000000fec00000, 0x00000000ff11b780, 0x00000000ff160000)
  from space 640K,   0% used [0x00000000ff200000, 0x00000000ff200810, 0x00000000ff2a0000)
  to   space 640K,   0% used [0x00000000ff160000, 0x00000000ff160000, 0x00000000ff200000)
 concurrent mark-sweep generation total 13696K, used 10419K [0x00000000ff2a0000, 0x0000000100000000, 0x0000000100000000)
 Metaspace       used 5076K, capacity 5258K, committed 5504K, reserved 1056768K
  class space    used 557K, capacity 597K, committed 640K, reserved 1048576K
2024-07-16T11:01:39.217+0800: 4.097: [GC (Allocation Failure) 2024-07-16T11:01:39.217+0800: 4.097: [ParNew: 5231K->4K(6144K), 0.0002763 secs] 15651K->10423K(19840K), 0.0003199 secs] [Times: user=0.00 sys=0.00, real=0.00 secs] 
Heap after GC invocations=489 (full 60):
 par new generation   total 6144K, used 4K [0x00000000fec00000, 0x00000000ff2a0000, 0x00000000ff2a0000)
  eden space 5504K,   0% used [0x00000000fec00000, 0x00000000fec00000, 0x00000000ff160000)
  from space 640K,   0% used [0x00000000ff160000, 0x00000000ff161020, 0x00000000ff200000)
  to   space 640K,   0% used [0x00000000ff200000, 0x00000000ff200000, 0x00000000ff2a0000)
 concurrent mark-sweep generation total 13696K, used 10419K [0x00000000ff2a0000, 0x0000000100000000, 0x0000000100000000)
 Metaspace       used 5076K, capacity 5258K, committed 5504K, reserved 1056768K
  class space    used 557K, capacity 597K, committed 640K, reserved 1048576K
}
{Heap before GC invocations=489 (full 60):
 par new generation   total 6144K, used 5233K [0x00000000fec00000, 0x00000000ff2a0000, 0x00000000ff2a0000)
  eden space 5504K,  95% used [0x00000000fec00000, 0x00000000ff11b780, 0x00000000ff160000)
  from space 640K,   0% used [0x00000000ff160000, 0x00000000ff161020, 0x00000000ff200000)
  to   space 640K,   0% used [0x00000000ff200000, 0x00000000ff200000, 0x00000000ff2a0000)
 concurrent mark-sweep generation total 13696K, used 10419K [0x00000000ff2a0000, 0x0000000100000000, 0x0000000100000000)
 Metaspace       used 5076K, capacity 5258K, committed 5504K, reserved 1056768K
  class space    used 557K, capacity 597K, committed 640K, reserved 1048576K
2024-07-16T11:01:39.225+0800: 4.105: [GC (Allocation Failure) 2024-07-16T11:01:39.225+0800: 4.105: [ParNew: 5233K->2K(6144K), 0.0002659 secs] 15653K->10421K(19840K), 0.0002938 secs] [Times: user=0.00 sys=0.00, real=0.00 secs] 
Heap after GC invocations=490 (full 60):
 par new generation   total 6144K, used 2K [0x00000000fec00000, 0x00000000ff2a0000, 0x00000000ff2a0000)
  eden space 5504K,   0% used [0x00000000fec00000, 0x00000000fec00000, 0x00000000ff160000)
  from space 640K,   0% used [0x00000000ff200000, 0x00000000ff200810, 0x00000000ff2a0000)
  to   space 640K,   0% used [0x00000000ff160000, 0x00000000ff160000, 0x00000000ff200000)
 concurrent mark-sweep generation total 13696K, used 10419K [0x00000000ff2a0000, 0x0000000100000000, 0x0000000100000000)
 Metaspace       used 5076K, capacity 5258K, committed 5504K, reserved 1056768K
  class space    used 557K, capacity 597K, committed 640K, reserved 1048576K
}
{Heap before GC invocations=490 (full 60):
 par new generation   total 6144K, used 5231K [0x00000000fec00000, 0x00000000ff2a0000, 0x00000000ff2a0000)
  eden space 5504K,  95% used [0x00000000fec00000, 0x00000000ff11b780, 0x00000000ff160000)
  from space 640K,   0% used [0x00000000ff200000, 0x00000000ff200810, 0x00000000ff2a0000)
  to   space 640K,   0% used [0x00000000ff160000, 0x00000000ff160000, 0x00000000ff200000)
 concurrent mark-sweep generation total 13696K, used 10419K [0x00000000ff2a0000, 0x0000000100000000, 0x0000000100000000)
 Metaspace       used 5076K, capacity 5258K, committed 5504K, reserved 1056768K
  class space    used 557K, capacity 597K, committed 640K, reserved 1048576K
2024-07-16T11:01:39.234+0800: 4.114: [GC (Allocation Failure) 2024-07-16T11:01:39.234+0800: 4.114: [ParNew: 5231K->4K(6144K), 0.0002651 secs] 15651K->10423K(19840K), 0.0003124 secs] [Times: user=0.00 sys=0.00, real=0.00 secs] 
Heap after GC invocations=491 (full 60):
 par new generation   total 6144K, used 4K [0x00000000fec00000, 0x00000000ff2a0000, 0x00000000ff2a0000)
  eden space 5504K,   0% used [0x00000000fec00000, 0x00000000fec00000, 0x00000000ff160000)
  from space 640K,   0% used [0x00000000ff160000, 0x00000000ff161020, 0x00000000ff200000)
  to   space 640K,   0% used [0x00000000ff200000, 0x00000000ff200000, 0x00000000ff2a0000)
 concurrent mark-sweep generation total 13696K, used 10419K [0x00000000ff2a0000, 0x0000000100000000, 0x0000000100000000)
 Metaspace       used 5076K, capacity 5258K, committed 5504K, reserved 1056768K
  class space    used 557K, capacity 597K, committed 640K, reserved 1048576K
}
{Heap before GC invocations=491 (full 60):
 par new generation   total 6144K, used 5233K [0x00000000fec00000, 0x00000000ff2a0000, 0x00000000ff2a0000)
  eden space 5504K,  95% used [0x00000000fec00000, 0x00000000ff11b780, 0x00000000ff160000)
  from space 640K,   0% used [0x00000000ff160000, 0x00000000ff161020, 0x00000000ff200000)
  to   space 640K,   0% used [0x00000000ff200000, 0x00000000ff200000, 0x00000000ff2a0000)
 concurrent mark-sweep generation total 13696K, used 10419K [0x00000000ff2a0000, 0x0000000100000000, 0x0000000100000000)
 Metaspace       used 5076K, capacity 5258K, committed 5504K, reserved 1056768K
  class space    used 557K, capacity 597K, committed 640K, reserved 1048576K
2024-07-16T11:01:39.240+0800: 4.120: [GC (Allocation Failure) 2024-07-16T11:01:39.240+0800: 4.120: [ParNew: 5233K->8K(6144K), 0.0004802 secs] 15653K->11451K(19840K), 0.0005343 secs] [Times: user=0.00 sys=0.00, real=0.00 secs] 
Heap after GC invocations=492 (full 60):
 par new generation   total 6144K, used 8K [0x00000000fec00000, 0x00000000ff2a0000, 0x00000000ff2a0000)
  eden space 5504K,   0% used [0x00000000fec00000, 0x00000000fec00000, 0x00000000ff160000)
  from space 640K,   1% used [0x00000000ff200000, 0x00000000ff202040, 0x00000000ff2a0000)
  to   space 640K,   0% used [0x00000000ff160000, 0x00000000ff160000, 0x00000000ff200000)
 concurrent mark-sweep generation total 13696K, used 11443K [0x00000000ff2a0000, 0x0000000100000000, 0x0000000100000000)
 Metaspace       used 5076K, capacity 5258K, committed 5504K, reserved 1056768K
  class space    used 557K, capacity 597K, committed 640K, reserved 1048576K
}
{Heap before GC invocations=492 (full 60):
 par new generation   total 6144K, used 5237K [0x00000000fec00000, 0x00000000ff2a0000, 0x00000000ff2a0000)
  eden space 5504K,  95% used [0x00000000fec00000, 0x00000000ff11b780, 0x00000000ff160000)
  from space 640K,   1% used [0x00000000ff200000, 0x00000000ff202040, 0x00000000ff2a0000)
  to   space 640K,   0% used [0x00000000ff160000, 0x00000000ff160000, 0x00000000ff200000)
 concurrent mark-sweep generation total 13696K, used 11443K [0x00000000ff2a0000, 0x0000000100000000, 0x0000000100000000)
 Metaspace       used 5076K, capacity 5258K, committed 5504K, reserved 1056768K
  class space    used 557K, capacity 597K, committed 640K, reserved 1048576K
2024-07-16T11:01:39.247+0800: 4.127: [GC (Allocation Failure) 2024-07-16T11:01:39.247+0800: 4.127: [ParNew: 5237K->8K(6144K), 0.0003450 secs] 16681K->12477K(19840K), 0.0003755 secs] [Times: user=0.00 sys=0.00, real=0.00 secs] 
Heap after GC invocations=493 (full 60):
 par new generation   total 6144K, used 8K [0x00000000fec00000, 0x00000000ff2a0000, 0x00000000ff2a0000)
  eden space 5504K,   0% used [0x00000000fec00000, 0x00000000fec00000, 0x00000000ff160000)
  from space 640K,   1% used [0x00000000ff160000, 0x00000000ff162040, 0x00000000ff200000)
  to   space 640K,   0% used [0x00000000ff200000, 0x00000000ff200000, 0x00000000ff2a0000)
 concurrent mark-sweep generation total 13696K, used 12469K [0x00000000ff2a0000, 0x0000000100000000, 0x0000000100000000)
 Metaspace       used 5076K, capacity 5258K, committed 5504K, reserved 1056768K
  class space    used 557K, capacity 597K, committed 640K, reserved 1048576K
}
{Heap before GC invocations=493 (full 60):
 par new generation   total 6144K, used 5237K [0x00000000fec00000, 0x00000000ff2a0000, 0x00000000ff2a0000)
  eden space 5504K,  95% used [0x00000000fec00000, 0x00000000ff11b780, 0x00000000ff160000)
  from space 640K,   1% used [0x00000000ff160000, 0x00000000ff162040, 0x00000000ff200000)
  to   space 640K,   0% used [0x00000000ff200000, 0x00000000ff200000, 0x00000000ff2a0000)
 concurrent mark-sweep generation total 13696K, used 12469K [0x00000000ff2a0000, 0x0000000100000000, 0x0000000100000000)
 Metaspace       used 5076K, capacity 5258K, committed 5504K, reserved 1056768K
  class space    used 557K, capacity 597K, committed 640K, reserved 1048576K
2024-07-16T11:01:39.253+0800: 4.133: [GC (Allocation Failure) 2024-07-16T11:01:39.253+0800: 4.133: [ParNew: 5237K->5237K(6144K), 0.0000106 secs]2024-07-16T11:01:39.253+0800: 4.133: [CMS2024-07-16T11:01:39.253+0800: 4.133: [CMS-concurrent-abortable-preclean: 0.002/0.159 secs] [Times: user=0.03 sys=0.00, real=0.16 secs] 
 (concurrent mode failure): 12469K->2215K(13696K), 0.0027506 secs] 17707K->2215K(19840K), [Metaspace: 5076K->5076K(1056768K)], 0.0028120 secs] [Times: user=0.00 sys=0.00, real=0.00 secs] 
Heap after GC invocations=494 (full 61):
 par new generation   total 6144K, used 0K [0x00000000fec00000, 0x00000000ff2a0000, 0x00000000ff2a0000)
  eden space 5504K,   0% used [0x00000000fec00000, 0x00000000fec00000, 0x00000000ff160000)
  from space 640K,   0% used [0x00000000ff160000, 0x00000000ff160000, 0x00000000ff200000)
  to   space 640K,   0% used [0x00000000ff200000, 0x00000000ff200000, 0x00000000ff2a0000)
 concurrent mark-sweep generation total 13696K, used 2215K [0x00000000ff2a0000, 0x0000000100000000, 0x0000000100000000)
 Metaspace       used 5076K, capacity 5258K, committed 5504K, reserved 1056768K
  class space    used 557K, capacity 597K, committed 640K, reserved 1048576K
}
{Heap before GC invocations=494 (full 61):
 par new generation   total 6144K, used 5229K [0x00000000fec00000, 0x00000000ff2a0000, 0x00000000ff2a0000)
  eden space 5504K,  95% used [0x00000000fec00000, 0x00000000ff11b780, 0x00000000ff160000)
  from space 640K,   0% used [0x00000000ff160000, 0x00000000ff160000, 0x00000000ff200000)
  to   space 640K,   0% used [0x00000000ff200000, 0x00000000ff200000, 0x00000000ff2a0000)
 concurrent mark-sweep generation total 13696K, used 2215K [0x00000000ff2a0000, 0x0000000100000000, 0x0000000100000000)
 Metaspace       used 5076K, capacity 5258K, committed 5504K, reserved 1056768K
  class space    used 557K, capacity 597K, committed 640K, reserved 1048576K
2024-07-16T11:01:39.261+0800: 4.141: [GC (Allocation Failure) 2024-07-16T11:01:39.261+0800: 4.141: [ParNew: 5229K->8K(6144K), 0.0003376 secs] 7445K->3249K(19840K), 0.0003722 secs] [Times: user=0.00 sys=0.00, real=0.00 secs] 
Heap after GC invocations=495 (full 61):
 par new generation   total 6144K, used 8K [0x00000000fec00000, 0x00000000ff2a0000, 0x00000000ff2a0000)
  eden space 5504K,   0% used [0x00000000fec00000, 0x00000000fec00000, 0x00000000ff160000)
  from space 640K,   1% used [0x00000000ff200000, 0x00000000ff202040, 0x00000000ff2a0000)
  to   space 640K,   0% used [0x00000000ff160000, 0x00000000ff160000, 0x00000000ff200000)
 concurrent mark-sweep generation total 13696K, used 3241K [0x00000000ff2a0000, 0x0000000100000000, 0x0000000100000000)
 Metaspace       used 5076K, capacity 5258K, committed 5504K, reserved 1056768K
  class space    used 557K, capacity 597K, committed 640K, reserved 1048576K
}
2024-07-16T11:01:39.261+0800: 4.141: [GC (CMS Initial Mark) [1 CMS-initial-mark: 3241K(13696K)] 4273K(19840K), 0.0001195 secs] [Times: user=0.00 sys=0.00, real=0.00 secs] 
2024-07-16T11:01:39.261+0800: 4.141: [CMS-concurrent-mark-start]
2024-07-16T11:01:39.264+0800: 4.145: [CMS-concurrent-mark: 0.003/0.003 secs] [Times: user=0.00 sys=0.00, real=0.00 secs] 
2024-07-16T11:01:39.264+0800: 4.145: [CMS-concurrent-preclean-start]
2024-07-16T11:01:39.264+0800: 4.145: [CMS-concurrent-preclean: 0.000/0.000 secs] [Times: user=0.00 sys=0.00, real=0.00 secs] 
2024-07-16T11:01:39.264+0800: 4.145: [CMS-concurrent-abortable-preclean-start]
{Heap before GC invocations=495 (full 62):
 par new generation   total 6144K, used 5237K [0x00000000fec00000, 0x00000000ff2a0000, 0x00000000ff2a0000)
  eden space 5504K,  95% used [0x00000000fec00000, 0x00000000ff11b780, 0x00000000ff160000)
  from space 640K,   1% used [0x00000000ff200000, 0x00000000ff202040, 0x00000000ff2a0000)
  to   space 640K,   0% used [0x00000000ff160000, 0x00000000ff160000, 0x00000000ff200000)
 concurrent mark-sweep generation total 13696K, used 3241K [0x00000000ff2a0000, 0x0000000100000000, 0x0000000100000000)
 Metaspace       used 5076K, capacity 5258K, committed 5504K, reserved 1056768K
  class space    used 557K, capacity 597K, committed 640K, reserved 1048576K
2024-07-16T11:01:39.267+0800: 4.147: [GC (Allocation Failure) 2024-07-16T11:01:39.267+0800: 4.147: [ParNew: 5237K->6K(6144K), 0.0003688 secs] 8479K->4273K(19840K), 0.0003995 secs] [Times: user=0.00 sys=0.00, real=0.00 secs] 
Heap after GC invocations=496 (full 62):
 par new generation   total 6144K, used 6K [0x00000000fec00000, 0x00000000ff2a0000, 0x00000000ff2a0000)
  eden space 5504K,   0% used [0x00000000fec00000, 0x00000000fec00000, 0x00000000ff160000)
  from space 640K,   0% used [0x00000000ff160000, 0x00000000ff161830, 0x00000000ff200000)
  to   space 640K,   0% used [0x00000000ff200000, 0x00000000ff200000, 0x00000000ff2a0000)
 concurrent mark-sweep generation total 13696K, used 4267K [0x00000000ff2a0000, 0x0000000100000000, 0x0000000100000000)
 Metaspace       used 5076K, capacity 5258K, committed 5504K, reserved 1056768K
  class space    used 557K, capacity 597K, committed 640K, reserved 1048576K
}
{Heap before GC invocations=496 (full 62):
 par new generation   total 6144K, used 5235K [0x00000000fec00000, 0x00000000ff2a0000, 0x00000000ff2a0000)
  eden space 5504K,  95% used [0x00000000fec00000, 0x00000000ff11b780, 0x00000000ff160000)
  from space 640K,   0% used [0x00000000ff160000, 0x00000000ff161830, 0x00000000ff200000)
  to   space 640K,   0% used [0x00000000ff200000, 0x00000000ff200000, 0x00000000ff2a0000)
 concurrent mark-sweep generation total 13696K, used 4267K [0x00000000ff2a0000, 0x0000000100000000, 0x0000000100000000)
 Metaspace       used 5076K, capacity 5258K, committed 5504K, reserved 1056768K
  class space    used 557K, capacity 597K, committed 640K, reserved 1048576K
2024-07-16T11:01:39.272+0800: 4.152: [GC (Allocation Failure) 2024-07-16T11:01:39.272+0800: 4.152: [ParNew: 5235K->8K(6144K), 0.0003695 secs] 9503K->5301K(19840K), 0.0004106 secs] [Times: user=0.00 sys=0.00, real=0.00 secs] 
Heap after GC invocations=497 (full 62):
 par new generation   total 6144K, used 8K [0x00000000fec00000, 0x00000000ff2a0000, 0x00000000ff2a0000)
  eden space 5504K,   0% used [0x00000000fec00000, 0x00000000fec00000, 0x00000000ff160000)
  from space 640K,   1% used [0x00000000ff200000, 0x00000000ff202040, 0x00000000ff2a0000)
  to   space 640K,   0% used [0x00000000ff160000, 0x00000000ff160000, 0x00000000ff200000)
 concurrent mark-sweep generation total 13696K, used 5293K [0x00000000ff2a0000, 0x0000000100000000, 0x0000000100000000)
 Metaspace       used 5076K, capacity 5258K, committed 5504K, reserved 1056768K
  class space    used 557K, capacity 597K, committed 640K, reserved 1048576K
}
{Heap before GC invocations=497 (full 62):
 par new generation   total 6144K, used 5237K [0x00000000fec00000, 0x00000000ff2a0000, 0x00000000ff2a0000)
  eden space 5504K,  95% used [0x00000000fec00000, 0x00000000ff11b780, 0x00000000ff160000)
  from space 640K,   1% used [0x00000000ff200000, 0x00000000ff202040, 0x00000000ff2a0000)
  to   space 640K,   0% used [0x00000000ff160000, 0x00000000ff160000, 0x00000000ff200000)
 concurrent mark-sweep generation total 13696K, used 5293K [0x00000000ff2a0000, 0x0000000100000000, 0x0000000100000000)
 Metaspace       used 5076K, capacity 5258K, committed 5504K, reserved 1056768K
  class space    used 557K, capacity 597K, committed 640K, reserved 1048576K
2024-07-16T11:01:39.278+0800: 4.158: [GC (Allocation Failure) 2024-07-16T11:01:39.278+0800: 4.158: [ParNew: 5237K->6K(6144K), 0.0003314 secs] 10531K->6325K(19840K), 0.0003607 secs] [Times: user=0.00 sys=0.00, real=0.00 secs] 
Heap after GC invocations=498 (full 62):
 par new generation   total 6144K, used 6K [0x00000000fec00000, 0x00000000ff2a0000, 0x00000000ff2a0000)
  eden space 5504K,   0% used [0x00000000fec00000, 0x00000000fec00000, 0x00000000ff160000)
  from space 640K,   0% used [0x00000000ff160000, 0x00000000ff161830, 0x00000000ff200000)
  to   space 640K,   0% used [0x00000000ff200000, 0x00000000ff200000, 0x00000000ff2a0000)
 concurrent mark-sweep generation total 13696K, used 6319K [0x00000000ff2a0000, 0x0000000100000000, 0x0000000100000000)
 Metaspace       used 5076K, capacity 5258K, committed 5504K, reserved 1056768K
  class space    used 557K, capacity 597K, committed 640K, reserved 1048576K
}
{Heap before GC invocations=498 (full 62):
 par new generation   total 6144K, used 5235K [0x00000000fec00000, 0x00000000ff2a0000, 0x00000000ff2a0000)
  eden space 5504K,  95% used [0x00000000fec00000, 0x00000000ff11b780, 0x00000000ff160000)
  from space 640K,   0% used [0x00000000ff160000, 0x00000000ff161830, 0x00000000ff200000)
  to   space 640K,   0% used [0x00000000ff200000, 0x00000000ff200000, 0x00000000ff2a0000)
 concurrent mark-sweep generation total 13696K, used 6319K [0x00000000ff2a0000, 0x0000000100000000, 0x0000000100000000)
 Metaspace       used 5076K, capacity 5258K, committed 5504K, reserved 1056768K
  class space    used 557K, capacity 597K, committed 640K, reserved 1048576K
2024-07-16T11:01:39.284+0800: 4.164: [GC (Allocation Failure) 2024-07-16T11:01:39.284+0800: 4.164: [ParNew: 5235K->4K(6144K), 0.0002699 secs] 11555K->6323K(19840K), 0.0002963 secs] [Times: user=0.00 sys=0.00, real=0.00 secs] 
Heap after GC invocations=499 (full 62):
 par new generation   total 6144K, used 4K [0x00000000fec00000, 0x00000000ff2a0000, 0x00000000ff2a0000)
  eden space 5504K,   0% used [0x00000000fec00000, 0x00000000fec00000, 0x00000000ff160000)
  from space 640K,   0% used [0x00000000ff200000, 0x00000000ff201020, 0x00000000ff2a0000)
  to   space 640K,   0% used [0x00000000ff160000, 0x00000000ff160000, 0x00000000ff200000)
 concurrent mark-sweep generation total 13696K, used 6319K [0x00000000ff2a0000, 0x0000000100000000, 0x0000000100000000)
 Metaspace       used 5076K, capacity 5258K, committed 5504K, reserved 1056768K
  class space    used 557K, capacity 597K, committed 640K, reserved 1048576K
}
{Heap before GC invocations=499 (full 62):
 par new generation   total 6144K, used 5233K [0x00000000fec00000, 0x00000000ff2a0000, 0x00000000ff2a0000)
  eden space 5504K,  95% used [0x00000000fec00000, 0x00000000ff11b780, 0x00000000ff160000)
  from space 640K,   0% used [0x00000000ff200000, 0x00000000ff201020, 0x00000000ff2a0000)
  to   space 640K,   0% used [0x00000000ff160000, 0x00000000ff160000, 0x00000000ff200000)
 concurrent mark-sweep generation total 13696K, used 6319K [0x00000000ff2a0000, 0x0000000100000000, 0x0000000100000000)
 Metaspace       used 5076K, capacity 5258K, committed 5504K, reserved 1056768K
  class space    used 557K, capacity 597K, committed 640K, reserved 1048576K
2024-07-16T11:01:39.289+0800: 4.169: [GC (Allocation Failure) 2024-07-16T11:01:39.289+0800: 4.169: [ParNew: 5233K->2K(6144K), 0.0003724 secs] 11553K->6321K(19840K), 0.0004004 secs] [Times: user=0.00 sys=0.00, real=0.00 secs] 
Heap after GC invocations=500 (full 62):
 par new generation   total 6144K, used 2K [0x00000000fec00000, 0x00000000ff2a0000, 0x00000000ff2a0000)
  eden space 5504K,   0% used [0x00000000fec00000, 0x00000000fec00000, 0x00000000ff160000)
  from space 640K,   0% used [0x00000000ff160000, 0x00000000ff160810, 0x00000000ff200000)
  to   space 640K,   0% used [0x00000000ff200000, 0x00000000ff200000, 0x00000000ff2a0000)
 concurrent mark-sweep generation total 13696K, used 6319K [0x00000000ff2a0000, 0x0000000100000000, 0x0000000100000000)
 Metaspace       used 5076K, capacity 5258K, committed 5504K, reserved 1056768K
  class space    used 557K, capacity 597K, committed 640K, reserved 1048576K
}
{Heap before GC invocations=500 (full 62):
 par new generation   total 6144K, used 5231K [0x00000000fec00000, 0x00000000ff2a0000, 0x00000000ff2a0000)
  eden space 5504K,  95% used [0x00000000fec00000, 0x00000000ff11b780, 0x00000000ff160000)
  from space 640K,   0% used [0x00000000ff160000, 0x00000000ff160810, 0x00000000ff200000)
  to   space 640K,   0% used [0x00000000ff200000, 0x00000000ff200000, 0x00000000ff2a0000)
 concurrent mark-sweep generation total 13696K, used 6319K [0x00000000ff2a0000, 0x0000000100000000, 0x0000000100000000)
 Metaspace       used 5076K, capacity 5258K, committed 5504K, reserved 1056768K
  class space    used 557K, capacity 597K, committed 640K, reserved 1048576K
2024-07-16T11:01:39.297+0800: 4.177: [GC (Allocation Failure) 2024-07-16T11:01:39.297+0800: 4.177: [ParNew: 5231K->8K(6144K), 0.0003590 secs] 11551K->7353K(19840K), 0.0003930 secs] [Times: user=0.00 sys=0.00, real=0.00 secs] 
Heap after GC invocations=501 (full 62):
 par new generation   total 6144K, used 8K [0x00000000fec00000, 0x00000000ff2a0000, 0x00000000ff2a0000)
  eden space 5504K,   0% used [0x00000000fec00000, 0x00000000fec00000, 0x00000000ff160000)
  from space 640K,   1% used [0x00000000ff200000, 0x00000000ff202040, 0x00000000ff2a0000)
  to   space 640K,   0% used [0x00000000ff160000, 0x00000000ff160000, 0x00000000ff200000)
 concurrent mark-sweep generation total 13696K, used 7345K [0x00000000ff2a0000, 0x0000000100000000, 0x0000000100000000)
 Metaspace       used 5076K, capacity 5258K, committed 5504K, reserved 1056768K
  class space    used 557K, capacity 597K, committed 640K, reserved 1048576K
}
{Heap before GC invocations=501 (full 62):
 par new generation   total 6144K, used 5237K [0x00000000fec00000, 0x00000000ff2a0000, 0x00000000ff2a0000)
  eden space 5504K,  95% used [0x00000000fec00000, 0x00000000ff11b780, 0x00000000ff160000)
  from space 640K,   1% used [0x00000000ff200000, 0x00000000ff202040, 0x00000000ff2a0000)
  to   space 640K,   0% used [0x00000000ff160000, 0x00000000ff160000, 0x00000000ff200000)
 concurrent mark-sweep generation total 13696K, used 7345K [0x00000000ff2a0000, 0x0000000100000000, 0x0000000100000000)
 Metaspace       used 5076K, capacity 5258K, committed 5504K, reserved 1056768K
  class space    used 557K, capacity 597K, committed 640K, reserved 1048576K
2024-07-16T11:01:39.305+0800: 4.185: [GC (Allocation Failure) 2024-07-16T11:01:39.305+0800: 4.185: [ParNew: 5237K->4K(6144K), 0.0002752 secs] 12583K->7349K(19840K), 0.0002982 secs] [Times: user=0.00 sys=0.00, real=0.00 secs] 
Heap after GC invocations=502 (full 62):
 par new generation   total 6144K, used 4K [0x00000000fec00000, 0x00000000ff2a0000, 0x00000000ff2a0000)
  eden space 5504K,   0% used [0x00000000fec00000, 0x00000000fec00000, 0x00000000ff160000)
  from space 640K,   0% used [0x00000000ff160000, 0x00000000ff161020, 0x00000000ff200000)
  to   space 640K,   0% used [0x00000000ff200000, 0x00000000ff200000, 0x00000000ff2a0000)
 concurrent mark-sweep generation total 13696K, used 7345K [0x00000000ff2a0000, 0x0000000100000000, 0x0000000100000000)
 Metaspace       used 5076K, capacity 5258K, committed 5504K, reserved 1056768K
  class space    used 557K, capacity 597K, committed 640K, reserved 1048576K
}
{Heap before GC invocations=502 (full 62):
 par new generation   total 6144K, used 5233K [0x00000000fec00000, 0x00000000ff2a0000, 0x00000000ff2a0000)
  eden space 5504K,  95% used [0x00000000fec00000, 0x00000000ff11b780, 0x00000000ff160000)
  from space 640K,   0% used [0x00000000ff160000, 0x00000000ff161020, 0x00000000ff200000)
  to   space 640K,   0% used [0x00000000ff200000, 0x00000000ff200000, 0x00000000ff2a0000)
 concurrent mark-sweep generation total 13696K, used 7345K [0x00000000ff2a0000, 0x0000000100000000, 0x0000000100000000)
 Metaspace       used 5076K, capacity 5258K, committed 5504K, reserved 1056768K
  class space    used 557K, capacity 597K, committed 640K, reserved 1048576K
2024-07-16T11:01:39.312+0800: 4.192: [GC (Allocation Failure) 2024-07-16T11:01:39.312+0800: 4.192: [ParNew: 5233K->4K(6144K), 0.0003189 secs] 12579K->7349K(19840K), 0.0003541 secs] [Times: user=0.00 sys=0.00, real=0.00 secs] 
Heap after GC invocations=503 (full 62):
 par new generation   total 6144K, used 4K [0x00000000fec00000, 0x00000000ff2a0000, 0x00000000ff2a0000)
  eden space 5504K,   0% used [0x00000000fec00000, 0x00000000fec00000, 0x00000000ff160000)
  from space 640K,   0% used [0x00000000ff200000, 0x00000000ff201020, 0x00000000ff2a0000)
  to   space 640K,   0% used [0x00000000ff160000, 0x00000000ff160000, 0x00000000ff200000)
 concurrent mark-sweep generation total 13696K, used 7345K [0x00000000ff2a0000, 0x0000000100000000, 0x0000000100000000)
 Metaspace       used 5076K, capacity 5258K, committed 5504K, reserved 1056768K
  class space    used 557K, capacity 597K, committed 640K, reserved 1048576K
}
{Heap before GC invocations=503 (full 62):
 par new generation   total 6144K, used 5233K [0x00000000fec00000, 0x00000000ff2a0000, 0x00000000ff2a0000)
  eden space 5504K,  95% used [0x00000000fec00000, 0x00000000ff11b780, 0x00000000ff160000)
  from space 640K,   0% used [0x00000000ff200000, 0x00000000ff201020, 0x00000000ff2a0000)
  to   space 640K,   0% used [0x00000000ff160000, 0x00000000ff160000, 0x00000000ff200000)
 concurrent mark-sweep generation total 13696K, used 7345K [0x00000000ff2a0000, 0x0000000100000000, 0x0000000100000000)
 Metaspace       used 5076K, capacity 5258K, committed 5504K, reserved 1056768K
  class space    used 557K, capacity 597K, committed 640K, reserved 1048576K
2024-07-16T11:01:39.317+0800: 4.197: [GC (Allocation Failure) 2024-07-16T11:01:39.317+0800: 4.197: [ParNew: 5233K->8K(6144K), 0.0003337 secs] 12579K->8377K(19840K), 0.0003624 secs] [Times: user=0.00 sys=0.00, real=0.00 secs] 
Heap after GC invocations=504 (full 62):
 par new generation   total 6144K, used 8K [0x00000000fec00000, 0x00000000ff2a0000, 0x00000000ff2a0000)
  eden space 5504K,   0% used [0x00000000fec00000, 0x00000000fec00000, 0x00000000ff160000)
  from space 640K,   1% used [0x00000000ff160000, 0x00000000ff162040, 0x00000000ff200000)
  to   space 640K,   0% used [0x00000000ff200000, 0x00000000ff200000, 0x00000000ff2a0000)
 concurrent mark-sweep generation total 13696K, used 8369K [0x00000000ff2a0000, 0x0000000100000000, 0x0000000100000000)
 Metaspace       used 5076K, capacity 5258K, committed 5504K, reserved 1056768K
  class space    used 557K, capacity 597K, committed 640K, reserved 1048576K
}
{Heap before GC invocations=504 (full 62):
 par new generation   total 6144K, used 5237K [0x00000000fec00000, 0x00000000ff2a0000, 0x00000000ff2a0000)
  eden space 5504K,  95% used [0x00000000fec00000, 0x00000000ff11b780, 0x00000000ff160000)
  from space 640K,   1% used [0x00000000ff160000, 0x00000000ff162040, 0x00000000ff200000)
  to   space 640K,   0% used [0x00000000ff200000, 0x00000000ff200000, 0x00000000ff2a0000)
 concurrent mark-sweep generation total 13696K, used 8369K [0x00000000ff2a0000, 0x0000000100000000, 0x0000000100000000)
 Metaspace       used 5076K, capacity 5258K, committed 5504K, reserved 1056768K
  class space    used 557K, capacity 597K, committed 640K, reserved 1048576K
2024-07-16T11:01:39.323+0800: 4.203: [GC (Allocation Failure) 2024-07-16T11:01:39.323+0800: 4.203: [ParNew: 5237K->8K(6144K), 0.0003968 secs] 13607K->9403K(19840K), 0.0004506 secs] [Times: user=0.00 sys=0.00, real=0.00 secs] 
Heap after GC invocations=505 (full 62):
 par new generation   total 6144K, used 8K [0x00000000fec00000, 0x00000000ff2a0000, 0x00000000ff2a0000)
  eden space 5504K,   0% used [0x00000000fec00000, 0x00000000fec00000, 0x00000000ff160000)
  from space 640K,   1% used [0x00000000ff200000, 0x00000000ff202040, 0x00000000ff2a0000)
  to   space 640K,   0% used [0x00000000ff160000, 0x00000000ff160000, 0x00000000ff200000)
 concurrent mark-sweep generation total 13696K, used 9395K [0x00000000ff2a0000, 0x0000000100000000, 0x0000000100000000)
 Metaspace       used 5076K, capacity 5258K, committed 5504K, reserved 1056768K
  class space    used 557K, capacity 597K, committed 640K, reserved 1048576K
}
{Heap before GC invocations=505 (full 62):
 par new generation   total 6144K, used 5237K [0x00000000fec00000, 0x00000000ff2a0000, 0x00000000ff2a0000)
  eden space 5504K,  95% used [0x00000000fec00000, 0x00000000ff11b780, 0x00000000ff160000)
  from space 640K,   1% used [0x00000000ff200000, 0x00000000ff202040, 0x00000000ff2a0000)
  to   space 640K,   0% used [0x00000000ff160000, 0x00000000ff160000, 0x00000000ff200000)
 concurrent mark-sweep generation total 13696K, used 9395K [0x00000000ff2a0000, 0x0000000100000000, 0x0000000100000000)
 Metaspace       used 5076K, capacity 5258K, committed 5504K, reserved 1056768K
  class space    used 557K, capacity 597K, committed 640K, reserved 1048576K
2024-07-16T11:01:39.328+0800: 4.208: [GC (Allocation Failure) 2024-07-16T11:01:39.328+0800: 4.208: [ParNew: 5237K->8K(6144K), 0.0004873 secs] 14633K->10429K(19840K), 0.0005389 secs] [Times: user=0.00 sys=0.00, real=0.00 secs] 
Heap after GC invocations=506 (full 62):
 par new generation   total 6144K, used 8K [0x00000000fec00000, 0x00000000ff2a0000, 0x00000000ff2a0000)
  eden space 5504K,   0% used [0x00000000fec00000, 0x00000000fec00000, 0x00000000ff160000)
  from space 640K,   1% used [0x00000000ff160000, 0x00000000ff162040, 0x00000000ff200000)
  to   space 640K,   0% used [0x00000000ff200000, 0x00000000ff200000, 0x00000000ff2a0000)
 concurrent mark-sweep generation total 13696K, used 10421K [0x00000000ff2a0000, 0x0000000100000000, 0x0000000100000000)
 Metaspace       used 5076K, capacity 5258K, committed 5504K, reserved 1056768K
  class space    used 557K, capacity 597K, committed 640K, reserved 1048576K
}
{Heap before GC invocations=506 (full 62):
 par new generation   total 6144K, used 5237K [0x00000000fec00000, 0x00000000ff2a0000, 0x00000000ff2a0000)
  eden space 5504K,  95% used [0x00000000fec00000, 0x00000000ff11b780, 0x00000000ff160000)
  from space 640K,   1% used [0x00000000ff160000, 0x00000000ff162040, 0x00000000ff200000)
  to   space 640K,   0% used [0x00000000ff200000, 0x00000000ff200000, 0x00000000ff2a0000)
 concurrent mark-sweep generation total 13696K, used 10421K [0x00000000ff2a0000, 0x0000000100000000, 0x0000000100000000)
 Metaspace       used 5076K, capacity 5258K, committed 5504K, reserved 1056768K
  class space    used 557K, capacity 597K, committed 640K, reserved 1048576K
2024-07-16T11:01:39.335+0800: 4.215: [GC (Allocation Failure) 2024-07-16T11:01:39.335+0800: 4.215: [ParNew: 5237K->4K(6144K), 0.0002919 secs] 15659K->10425K(19840K), 0.0003246 secs] [Times: user=0.00 sys=0.00, real=0.00 secs] 
Heap after GC invocations=507 (full 62):
 par new generation   total 6144K, used 4K [0x00000000fec00000, 0x00000000ff2a0000, 0x00000000ff2a0000)
  eden space 5504K,   0% used [0x00000000fec00000, 0x00000000fec00000, 0x00000000ff160000)
  from space 640K,   0% used [0x00000000ff200000, 0x00000000ff201020, 0x00000000ff2a0000)
  to   space 640K,   0% used [0x00000000ff160000, 0x00000000ff160000, 0x00000000ff200000)
 concurrent mark-sweep generation total 13696K, used 10421K [0x00000000ff2a0000, 0x0000000100000000, 0x0000000100000000)
 Metaspace       used 5076K, capacity 5258K, committed 5504K, reserved 1056768K
  class space    used 557K, capacity 597K, committed 640K, reserved 1048576K
}
{Heap before GC invocations=507 (full 62):
 par new generation   total 6144K, used 5233K [0x00000000fec00000, 0x00000000ff2a0000, 0x00000000ff2a0000)
  eden space 5504K,  95% used [0x00000000fec00000, 0x00000000ff11b780, 0x00000000ff160000)
  from space 640K,   0% used [0x00000000ff200000, 0x00000000ff201020, 0x00000000ff2a0000)
  to   space 640K,   0% used [0x00000000ff160000, 0x00000000ff160000, 0x00000000ff200000)
 concurrent mark-sweep generation total 13696K, used 10421K [0x00000000ff2a0000, 0x0000000100000000, 0x0000000100000000)
 Metaspace       used 5076K, capacity 5258K, committed 5504K, reserved 1056768K
  class space    used 557K, capacity 597K, committed 640K, reserved 1048576K
2024-07-16T11:01:39.342+0800: 4.222: [GC (Allocation Failure) 2024-07-16T11:01:39.342+0800: 4.222: [ParNew: 5233K->4K(6144K), 0.0004534 secs] 15655K->10425K(19840K), 0.0005052 secs] [Times: user=0.00 sys=0.00, real=0.00 secs] 
Heap after GC invocations=508 (full 62):
 par new generation   total 6144K, used 4K [0x00000000fec00000, 0x00000000ff2a0000, 0x00000000ff2a0000)
  eden space 5504K,   0% used [0x00000000fec00000, 0x00000000fec00000, 0x00000000ff160000)
  from space 640K,   0% used [0x00000000ff160000, 0x00000000ff161020, 0x00000000ff200000)
  to   space 640K,   0% used [0x00000000ff200000, 0x00000000ff200000, 0x00000000ff2a0000)
 concurrent mark-sweep generation total 13696K, used 10421K [0x00000000ff2a0000, 0x0000000100000000, 0x0000000100000000)
 Metaspace       used 5076K, capacity 5258K, committed 5504K, reserved 1056768K
  class space    used 557K, capacity 597K, committed 640K, reserved 1048576K
}
{Heap before GC invocations=508 (full 62):
 par new generation   total 6144K, used 5233K [0x00000000fec00000, 0x00000000ff2a0000, 0x00000000ff2a0000)
  eden space 5504K,  95% used [0x00000000fec00000, 0x00000000ff11b780, 0x00000000ff160000)
  from space 640K,   0% used [0x00000000ff160000, 0x00000000ff161020, 0x00000000ff200000)
  to   space 640K,   0% used [0x00000000ff200000, 0x00000000ff200000, 0x00000000ff2a0000)
 concurrent mark-sweep generation total 13696K, used 10421K [0x00000000ff2a0000, 0x0000000100000000, 0x0000000100000000)
 Metaspace       used 5076K, capacity 5258K, committed 5504K, reserved 1056768K
  class space    used 557K, capacity 597K, committed 640K, reserved 1048576K
2024-07-16T11:01:39.348+0800: 4.228: [GC (Allocation Failure) 2024-07-16T11:01:39.348+0800: 4.228: [ParNew: 5233K->4K(6144K), 0.0002490 secs] 15655K->10425K(19840K), 0.0002820 secs] [Times: user=0.00 sys=0.00, real=0.00 secs] 
Heap after GC invocations=509 (full 62):
 par new generation   total 6144K, used 4K [0x00000000fec00000, 0x00000000ff2a0000, 0x00000000ff2a0000)
  eden space 5504K,   0% used [0x00000000fec00000, 0x00000000fec00000, 0x00000000ff160000)
  from space 640K,   0% used [0x00000000ff200000, 0x00000000ff201020, 0x00000000ff2a0000)
  to   space 640K,   0% used [0x00000000ff160000, 0x00000000ff160000, 0x00000000ff200000)
 concurrent mark-sweep generation total 13696K, used 10421K [0x00000000ff2a0000, 0x0000000100000000, 0x0000000100000000)
 Metaspace       used 5076K, capacity 5258K, committed 5504K, reserved 1056768K
  class space    used 557K, capacity 597K, committed 640K, reserved 1048576K
}
{Heap before GC invocations=509 (full 62):
 par new generation   total 6144K, used 5233K [0x00000000fec00000, 0x00000000ff2a0000, 0x00000000ff2a0000)
  eden space 5504K,  95% used [0x00000000fec00000, 0x00000000ff11b780, 0x00000000ff160000)
  from space 640K,   0% used [0x00000000ff200000, 0x00000000ff201020, 0x00000000ff2a0000)
  to   space 640K,   0% used [0x00000000ff160000, 0x00000000ff160000, 0x00000000ff200000)
 concurrent mark-sweep generation total 13696K, used 10421K [0x00000000ff2a0000, 0x0000000100000000, 0x0000000100000000)
 Metaspace       used 5076K, capacity 5258K, committed 5504K, reserved 1056768K
  class space    used 557K, capacity 597K, committed 640K, reserved 1048576K
2024-07-16T11:01:39.354+0800: 4.234: [GC (Allocation Failure) 2024-07-16T11:01:39.354+0800: 4.234: [ParNew: 5233K->8K(6144K), 0.0003336 secs] 15655K->11453K(19840K), 0.0003604 secs] [Times: user=0.00 sys=0.00, real=0.00 secs] 
Heap after GC invocations=510 (full 62):
 par new generation   total 6144K, used 8K [0x00000000fec00000, 0x00000000ff2a0000, 0x00000000ff2a0000)
  eden space 5504K,   0% used [0x00000000fec00000, 0x00000000fec00000, 0x00000000ff160000)
  from space 640K,   1% used [0x00000000ff160000, 0x00000000ff162040, 0x00000000ff200000)
  to   space 640K,   0% used [0x00000000ff200000, 0x00000000ff200000, 0x00000000ff2a0000)
 concurrent mark-sweep generation total 13696K, used 11445K [0x00000000ff2a0000, 0x0000000100000000, 0x0000000100000000)
 Metaspace       used 5076K, capacity 5258K, committed 5504K, reserved 1056768K
  class space    used 557K, capacity 597K, committed 640K, reserved 1048576K
}
{Heap before GC invocations=510 (full 62):
 par new generation   total 6144K, used 5237K [0x00000000fec00000, 0x00000000ff2a0000, 0x00000000ff2a0000)
  eden space 5504K,  95% used [0x00000000fec00000, 0x00000000ff11b780, 0x00000000ff160000)
  from space 640K,   1% used [0x00000000ff160000, 0x00000000ff162040, 0x00000000ff200000)
  to   space 640K,   0% used [0x00000000ff200000, 0x00000000ff200000, 0x00000000ff2a0000)
 concurrent mark-sweep generation total 13696K, used 11445K [0x00000000ff2a0000, 0x0000000100000000, 0x0000000100000000)
 Metaspace       used 5076K, capacity 5258K, committed 5504K, reserved 1056768K
  class space    used 557K, capacity 597K, committed 640K, reserved 1048576K
2024-07-16T11:01:39.360+0800: 4.240: [GC (Allocation Failure) 2024-07-16T11:01:39.360+0800: 4.240: [ParNew: 5237K->4K(6144K), 0.0002807 secs] 16683K->11449K(19840K), 0.0003192 secs] [Times: user=0.00 sys=0.00, real=0.00 secs] 
Heap after GC invocations=511 (full 62):
 par new generation   total 6144K, used 4K [0x00000000fec00000, 0x00000000ff2a0000, 0x00000000ff2a0000)
  eden space 5504K,   0% used [0x00000000fec00000, 0x00000000fec00000, 0x00000000ff160000)
  from space 640K,   0% used [0x00000000ff200000, 0x00000000ff201020, 0x00000000ff2a0000)
  to   space 640K,   0% used [0x00000000ff160000, 0x00000000ff160000, 0x00000000ff200000)
 concurrent mark-sweep generation total 13696K, used 11445K [0x00000000ff2a0000, 0x0000000100000000, 0x0000000100000000)
 Metaspace       used 5076K, capacity 5258K, committed 5504K, reserved 1056768K
  class space    used 557K, capacity 597K, committed 640K, reserved 1048576K
}
{Heap before GC invocations=511 (full 62):
 par new generation   total 6144K, used 5233K [0x00000000fec00000, 0x00000000ff2a0000, 0x00000000ff2a0000)
  eden space 5504K,  95% used [0x00000000fec00000, 0x00000000ff11b780, 0x00000000ff160000)
  from space 640K,   0% used [0x00000000ff200000, 0x00000000ff201020, 0x00000000ff2a0000)
  to   space 640K,   0% used [0x00000000ff160000, 0x00000000ff160000, 0x00000000ff200000)
 concurrent mark-sweep generation total 13696K, used 11445K [0x00000000ff2a0000, 0x0000000100000000, 0x0000000100000000)
 Metaspace       used 5076K, capacity 5258K, committed 5504K, reserved 1056768K
  class space    used 557K, capacity 597K, committed 640K, reserved 1048576K
2024-07-16T11:01:39.367+0800: 4.247: [GC (Allocation Failure) 2024-07-16T11:01:39.367+0800: 4.247: [ParNew: 5233K->2K(6144K), 0.0002300 secs] 16679K->11447K(19840K), 0.0002595 secs] [Times: user=0.00 sys=0.00, real=0.00 secs] 
Heap after GC invocations=512 (full 62):
 par new generation   total 6144K, used 2K [0x00000000fec00000, 0x00000000ff2a0000, 0x00000000ff2a0000)
  eden space 5504K,   0% used [0x00000000fec00000, 0x00000000fec00000, 0x00000000ff160000)
  from space 640K,   0% used [0x00000000ff160000, 0x00000000ff160810, 0x00000000ff200000)
  to   space 640K,   0% used [0x00000000ff200000, 0x00000000ff200000, 0x00000000ff2a0000)
 concurrent mark-sweep generation total 13696K, used 11445K [0x00000000ff2a0000, 0x0000000100000000, 0x0000000100000000)
 Metaspace       used 5076K, capacity 5258K, committed 5504K, reserved 1056768K
  class space    used 557K, capacity 597K, committed 640K, reserved 1048576K
}
{Heap before GC invocations=512 (full 62):
 par new generation   total 6144K, used 5231K [0x00000000fec00000, 0x00000000ff2a0000, 0x00000000ff2a0000)
  eden space 5504K,  95% used [0x00000000fec00000, 0x00000000ff11b780, 0x00000000ff160000)
  from space 640K,   0% used [0x00000000ff160000, 0x00000000ff160810, 0x00000000ff200000)
  to   space 640K,   0% used [0x00000000ff200000, 0x00000000ff200000, 0x00000000ff2a0000)
 concurrent mark-sweep generation total 13696K, used 11445K [0x00000000ff2a0000, 0x0000000100000000, 0x0000000100000000)
 Metaspace       used 5076K, capacity 5258K, committed 5504K, reserved 1056768K
  class space    used 557K, capacity 597K, committed 640K, reserved 1048576K
2024-07-16T11:01:39.375+0800: 4.255: [GC (Allocation Failure) 2024-07-16T11:01:39.375+0800: 4.255: [ParNew: 5231K->4K(6144K), 0.0002559 secs] 16677K->11449K(19840K), 0.0002844 secs] [Times: user=0.00 sys=0.00, real=0.00 secs] 
Heap after GC invocations=513 (full 62):
 par new generation   total 6144K, used 4K [0x00000000fec00000, 0x00000000ff2a0000, 0x00000000ff2a0000)
  eden space 5504K,   0% used [0x00000000fec00000, 0x00000000fec00000, 0x00000000ff160000)
  from space 640K,   0% used [0x00000000ff200000, 0x00000000ff201020, 0x00000000ff2a0000)
  to   space 640K,   0% used [0x00000000ff160000, 0x00000000ff160000, 0x00000000ff200000)
 concurrent mark-sweep generation total 13696K, used 11445K [0x00000000ff2a0000, 0x0000000100000000, 0x0000000100000000)
 Metaspace       used 5076K, capacity 5258K, committed 5504K, reserved 1056768K
  class space    used 557K, capacity 597K, committed 640K, reserved 1048576K
}
{Heap before GC invocations=513 (full 62):
 par new generation   total 6144K, used 5233K [0x00000000fec00000, 0x00000000ff2a0000, 0x00000000ff2a0000)
  eden space 5504K,  95% used [0x00000000fec00000, 0x00000000ff11b780, 0x00000000ff160000)
  from space 640K,   0% used [0x00000000ff200000, 0x00000000ff201020, 0x00000000ff2a0000)
  to   space 640K,   0% used [0x00000000ff160000, 0x00000000ff160000, 0x00000000ff200000)
 concurrent mark-sweep generation total 13696K, used 11445K [0x00000000ff2a0000, 0x0000000100000000, 0x0000000100000000)
 Metaspace       used 5076K, capacity 5258K, committed 5504K, reserved 1056768K
  class space    used 557K, capacity 597K, committed 640K, reserved 1048576K
2024-07-16T11:01:39.381+0800: 4.261: [GC (Allocation Failure) 2024-07-16T11:01:39.381+0800: 4.261: [ParNew: 5233K->8K(6144K), 0.0008460 secs] 16679K->12477K(19840K), 0.0008758 secs] [Times: user=0.00 sys=0.00, real=0.00 secs] 
Heap after GC invocations=514 (full 62):
 par new generation   total 6144K, used 8K [0x00000000fec00000, 0x00000000ff2a0000, 0x00000000ff2a0000)
  eden space 5504K,   0% used [0x00000000fec00000, 0x00000000fec00000, 0x00000000ff160000)
  from space 640K,   1% used [0x00000000ff160000, 0x00000000ff162040, 0x00000000ff200000)
  to   space 640K,   0% used [0x00000000ff200000, 0x00000000ff200000, 0x00000000ff2a0000)
 concurrent mark-sweep generation total 13696K, used 12469K [0x00000000ff2a0000, 0x0000000100000000, 0x0000000100000000)
 Metaspace       used 5076K, capacity 5258K, committed 5504K, reserved 1056768K
  class space    used 557K, capacity 597K, committed 640K, reserved 1048576K
}
{Heap before GC invocations=514 (full 62):
 par new generation   total 6144K, used 5237K [0x00000000fec00000, 0x00000000ff2a0000, 0x00000000ff2a0000)
  eden space 5504K,  95% used [0x00000000fec00000, 0x00000000ff11b780, 0x00000000ff160000)
  from space 640K,   1% used [0x00000000ff160000, 0x00000000ff162040, 0x00000000ff200000)
  to   space 640K,   0% used [0x00000000ff200000, 0x00000000ff200000, 0x00000000ff2a0000)
 concurrent mark-sweep generation total 13696K, used 12469K [0x00000000ff2a0000, 0x0000000100000000, 0x0000000100000000)
 Metaspace       used 5076K, capacity 5258K, committed 5504K, reserved 1056768K
  class space    used 557K, capacity 597K, committed 640K, reserved 1048576K
2024-07-16T11:01:39.389+0800: 4.269: [GC (Allocation Failure) 2024-07-16T11:01:39.389+0800: 4.269: [ParNew: 5237K->5237K(6144K), 0.0000208 secs]2024-07-16T11:01:39.389+0800: 4.269: [CMS2024-07-16T11:01:39.389+0800: 4.269: [CMS-concurrent-abortable-preclean: 0.001/0.124 secs] [Times: user=0.00 sys=0.00, real=0.13 secs] 
 (concurrent mode failure): 12469K->2215K(13696K), 0.0040519 secs] 17707K->2215K(19840K), [Metaspace: 5076K->5076K(1056768K)], 0.0041369 secs] [Times: user=0.01 sys=0.00, real=0.00 secs] 
Heap after GC invocations=515 (full 63):
 par new generation   total 6144K, used 0K [0x00000000fec00000, 0x00000000ff2a0000, 0x00000000ff2a0000)
  eden space 5504K,   0% used [0x00000000fec00000, 0x00000000fec00000, 0x00000000ff160000)
  from space 640K,   0% used [0x00000000ff160000, 0x00000000ff160000, 0x00000000ff200000)
  to   space 640K,   0% used [0x00000000ff200000, 0x00000000ff200000, 0x00000000ff2a0000)
 concurrent mark-sweep generation total 13696K, used 2215K [0x00000000ff2a0000, 0x0000000100000000, 0x0000000100000000)
 Metaspace       used 5076K, capacity 5258K, committed 5504K, reserved 1056768K
  class space    used 557K, capacity 597K, committed 640K, reserved 1048576K
}
{Heap before GC invocations=515 (full 63):
 par new generation   total 6144K, used 5229K [0x00000000fec00000, 0x00000000ff2a0000, 0x00000000ff2a0000)
  eden space 5504K,  95% used [0x00000000fec00000, 0x00000000ff11b780, 0x00000000ff160000)
  from space 640K,   0% used [0x00000000ff160000, 0x00000000ff160000, 0x00000000ff200000)
  to   space 640K,   0% used [0x00000000ff200000, 0x00000000ff200000, 0x00000000ff2a0000)
 concurrent mark-sweep generation total 13696K, used 2215K [0x00000000ff2a0000, 0x0000000100000000, 0x0000000100000000)
 Metaspace       used 5076K, capacity 5258K, committed 5504K, reserved 1056768K
  class space    used 557K, capacity 597K, committed 640K, reserved 1048576K
2024-07-16T11:01:39.399+0800: 4.279: [GC (Allocation Failure) 2024-07-16T11:01:39.399+0800: 4.279: [ParNew: 5229K->10K(6144K), 0.0010870 secs] 7445K->3251K(19840K), 0.0011373 secs] [Times: user=0.00 sys=0.00, real=0.00 secs] 
Heap after GC invocations=516 (full 63):
 par new generation   total 6144K, used 10K [0x00000000fec00000, 0x00000000ff2a0000, 0x00000000ff2a0000)
  eden space 5504K,   0% used [0x00000000fec00000, 0x00000000fec00000, 0x00000000ff160000)
  from space 640K,   1% used [0x00000000ff200000, 0x00000000ff202850, 0x00000000ff2a0000)
  to   space 640K,   0% used [0x00000000ff160000, 0x00000000ff160000, 0x00000000ff200000)
 concurrent mark-sweep generation total 13696K, used 3241K [0x00000000ff2a0000, 0x0000000100000000, 0x0000000100000000)
 Metaspace       used 5076K, capacity 5258K, committed 5504K, reserved 1056768K
  class space    used 557K, capacity 597K, committed 640K, reserved 1048576K
}
2024-07-16T11:01:39.400+0800: 4.280: [GC (CMS Initial Mark) [1 CMS-initial-mark: 3241K(13696K)] 4277K(19840K), 0.0002310 secs] [Times: user=0.00 sys=0.00, real=0.00 secs] 
2024-07-16T11:01:39.400+0800: 4.281: [CMS-concurrent-mark-start]
2024-07-16T11:01:39.403+0800: 4.283: [CMS-concurrent-mark: 0.003/0.003 secs] [Times: user=0.00 sys=0.00, real=0.00 secs] 
2024-07-16T11:01:39.403+0800: 4.283: [CMS-concurrent-preclean-start]
2024-07-16T11:01:39.403+0800: 4.283: [CMS-concurrent-preclean: 0.000/0.000 secs] [Times: user=0.00 sys=0.00, real=0.00 secs] 
2024-07-16T11:01:39.403+0800: 4.283: [CMS-concurrent-abortable-preclean-start]
{Heap before GC invocations=516 (full 64):
 par new generation   total 6144K, used 5239K [0x00000000fec00000, 0x00000000ff2a0000, 0x00000000ff2a0000)
  eden space 5504K,  95% used [0x00000000fec00000, 0x00000000ff11b780, 0x00000000ff160000)
  from space 640K,   1% used [0x00000000ff200000, 0x00000000ff202850, 0x00000000ff2a0000)
  to   space 640K,   0% used [0x00000000ff160000, 0x00000000ff160000, 0x00000000ff200000)
 concurrent mark-sweep generation total 13696K, used 3241K [0x00000000ff2a0000, 0x0000000100000000, 0x0000000100000000)
 Metaspace       used 5076K, capacity 5258K, committed 5504K, reserved 1056768K
  class space    used 557K, capacity 597K, committed 640K, reserved 1048576K
2024-07-16T11:01:39.407+0800: 4.287: [GC (Allocation Failure) 2024-07-16T11:01:39.407+0800: 4.287: [ParNew: 5239K->8K(6144K), 0.0011502 secs] 8481K->4275K(19840K), 0.0012462 secs] [Times: user=0.00 sys=0.00, real=0.00 secs] 
Heap after GC invocations=517 (full 64):
 par new generation   total 6144K, used 8K [0x00000000fec00000, 0x00000000ff2a0000, 0x00000000ff2a0000)
  eden space 5504K,   0% used [0x00000000fec00000, 0x00000000fec00000, 0x00000000ff160000)
  from space 640K,   1% used [0x00000000ff160000, 0x00000000ff162040, 0x00000000ff200000)
  to   space 640K,   0% used [0x00000000ff200000, 0x00000000ff200000, 0x00000000ff2a0000)
 concurrent mark-sweep generation total 13696K, used 4267K [0x00000000ff2a0000, 0x0000000100000000, 0x0000000100000000)
 Metaspace       used 5076K, capacity 5258K, committed 5504K, reserved 1056768K
  class space    used 557K, capacity 597K, committed 640K, reserved 1048576K
}
{Heap before GC invocations=517 (full 64):
 par new generation   total 6144K, used 5237K [0x00000000fec00000, 0x00000000ff2a0000, 0x00000000ff2a0000)
  eden space 5504K,  95% used [0x00000000fec00000, 0x00000000ff11b780, 0x00000000ff160000)
  from space 640K,   1% used [0x00000000ff160000, 0x00000000ff162040, 0x00000000ff200000)
  to   space 640K,   0% used [0x00000000ff200000, 0x00000000ff200000, 0x00000000ff2a0000)
 concurrent mark-sweep generation total 13696K, used 4267K [0x00000000ff2a0000, 0x0000000100000000, 0x0000000100000000)
 Metaspace       used 5076K, capacity 5258K, committed 5504K, reserved 1056768K
  class space    used 557K, capacity 597K, committed 640K, reserved 1048576K
2024-07-16T11:01:39.417+0800: 4.297: [GC (Allocation Failure) 2024-07-16T11:01:39.417+0800: 4.297: [ParNew: 5237K->8K(6144K), 0.0003403 secs] 9505K->5301K(19840K), 0.0003694 secs] [Times: user=0.00 sys=0.00, real=0.00 secs] 
Heap after GC invocations=518 (full 64):
 par new generation   total 6144K, used 8K [0x00000000fec00000, 0x00000000ff2a0000, 0x00000000ff2a0000)
  eden space 5504K,   0% used [0x00000000fec00000, 0x00000000fec00000, 0x00000000ff160000)
  from space 640K,   1% used [0x00000000ff200000, 0x00000000ff202040, 0x00000000ff2a0000)
  to   space 640K,   0% used [0x00000000ff160000, 0x00000000ff160000, 0x00000000ff200000)
 concurrent mark-sweep generation total 13696K, used 5293K [0x00000000ff2a0000, 0x0000000100000000, 0x0000000100000000)
 Metaspace       used 5076K, capacity 5258K, committed 5504K, reserved 1056768K
  class space    used 557K, capacity 597K, committed 640K, reserved 1048576K
}
{Heap before GC invocations=518 (full 64):
 par new generation   total 6144K, used 5237K [0x00000000fec00000, 0x00000000ff2a0000, 0x00000000ff2a0000)
  eden space 5504K,  95% used [0x00000000fec00000, 0x00000000ff11b780, 0x00000000ff160000)
  from space 640K,   1% used [0x00000000ff200000, 0x00000000ff202040, 0x00000000ff2a0000)
  to   space 640K,   0% used [0x00000000ff160000, 0x00000000ff160000, 0x00000000ff200000)
 concurrent mark-sweep generation total 13696K, used 5293K [0x00000000ff2a0000, 0x0000000100000000, 0x0000000100000000)
 Metaspace       used 5076K, capacity 5258K, committed 5504K, reserved 1056768K
  class space    used 557K, capacity 597K, committed 640K, reserved 1048576K
2024-07-16T11:01:39.423+0800: 4.303: [GC (Allocation Failure) 2024-07-16T11:01:39.423+0800: 4.303: [ParNew: 5237K->6K(6144K), 0.0004642 secs] 10531K->6323K(19840K), 0.0004872 secs] [Times: user=0.00 sys=0.00, real=0.00 secs] 
Heap after GC invocations=519 (full 64):
 par new generation   total 6144K, used 6K [0x00000000fec00000, 0x00000000ff2a0000, 0x00000000ff2a0000)
  eden space 5504K,   0% used [0x00000000fec00000, 0x00000000fec00000, 0x00000000ff160000)
  from space 640K,   0% used [0x00000000ff160000, 0x00000000ff161830, 0x00000000ff200000)
  to   space 640K,   0% used [0x00000000ff200000, 0x00000000ff200000, 0x00000000ff2a0000)
 concurrent mark-sweep generation total 13696K, used 6317K [0x00000000ff2a0000, 0x0000000100000000, 0x0000000100000000)
 Metaspace       used 5076K, capacity 5258K, committed 5504K, reserved 1056768K
  class space    used 557K, capacity 597K, committed 640K, reserved 1048576K
}
{Heap before GC invocations=519 (full 64):
 par new generation   total 6144K, used 5235K [0x00000000fec00000, 0x00000000ff2a0000, 0x00000000ff2a0000)
  eden space 5504K,  95% used [0x00000000fec00000, 0x00000000ff11b780, 0x00000000ff160000)
  from space 640K,   0% used [0x00000000ff160000, 0x00000000ff161830, 0x00000000ff200000)
  to   space 640K,   0% used [0x00000000ff200000, 0x00000000ff200000, 0x00000000ff2a0000)
 concurrent mark-sweep generation total 13696K, used 6317K [0x00000000ff2a0000, 0x0000000100000000, 0x0000000100000000)
 Metaspace       used 5076K, capacity 5258K, committed 5504K, reserved 1056768K
  class space    used 557K, capacity 597K, committed 640K, reserved 1048576K
2024-07-16T11:01:39.430+0800: 4.310: [GC (Allocation Failure) 2024-07-16T11:01:39.430+0800: 4.310: [ParNew: 5235K->6K(6144K), 0.0003845 secs] 11553K->7347K(19840K), 0.0004104 secs] [Times: user=0.00 sys=0.00, real=0.00 secs] 
Heap after GC invocations=520 (full 64):
 par new generation   total 6144K, used 6K [0x00000000fec00000, 0x00000000ff2a0000, 0x00000000ff2a0000)
  eden space 5504K,   0% used [0x00000000fec00000, 0x00000000fec00000, 0x00000000ff160000)
  from space 640K,   0% used [0x00000000ff200000, 0x00000000ff201830, 0x00000000ff2a0000)
  to   space 640K,   0% used [0x00000000ff160000, 0x00000000ff160000, 0x00000000ff200000)
 concurrent mark-sweep generation total 13696K, used 7341K [0x00000000ff2a0000, 0x0000000100000000, 0x0000000100000000)
 Metaspace       used 5076K, capacity 5258K, committed 5504K, reserved 1056768K
  class space    used 557K, capacity 597K, committed 640K, reserved 1048576K
}
{Heap before GC invocations=520 (full 64):
 par new generation   total 6144K, used 5235K [0x00000000fec00000, 0x00000000ff2a0000, 0x00000000ff2a0000)
  eden space 5504K,  95% used [0x00000000fec00000, 0x00000000ff11b780, 0x00000000ff160000)
  from space 640K,   0% used [0x00000000ff200000, 0x00000000ff201830, 0x00000000ff2a0000)
  to   space 640K,   0% used [0x00000000ff160000, 0x00000000ff160000, 0x00000000ff200000)
 concurrent mark-sweep generation total 13696K, used 7341K [0x00000000ff2a0000, 0x0000000100000000, 0x0000000100000000)
 Metaspace       used 5076K, capacity 5258K, committed 5504K, reserved 1056768K
  class space    used 557K, capacity 597K, committed 640K, reserved 1048576K
2024-07-16T11:01:39.436+0800: 4.316: [GC (Allocation Failure) 2024-07-16T11:01:39.436+0800: 4.316: [ParNew: 5235K->8K(6144K), 0.0003266 secs] 12577K->8373K(19840K), 0.0003515 secs] [Times: user=0.00 sys=0.00, real=0.00 secs] 
Heap after GC invocations=521 (full 64):
 par new generation   total 6144K, used 8K [0x00000000fec00000, 0x00000000ff2a0000, 0x00000000ff2a0000)
  eden space 5504K,   0% used [0x00000000fec00000, 0x00000000fec00000, 0x00000000ff160000)
  from space 640K,   1% used [0x00000000ff160000, 0x00000000ff162040, 0x00000000ff200000)
  to   space 640K,   0% used [0x00000000ff200000, 0x00000000ff200000, 0x00000000ff2a0000)
 concurrent mark-sweep generation total 13696K, used 8365K [0x00000000ff2a0000, 0x0000000100000000, 0x0000000100000000)
 Metaspace       used 5076K, capacity 5258K, committed 5504K, reserved 1056768K
  class space    used 557K, capacity 597K, committed 640K, reserved 1048576K
}
{Heap before GC invocations=521 (full 64):
 par new generation   total 6144K, used 5237K [0x00000000fec00000, 0x00000000ff2a0000, 0x00000000ff2a0000)
  eden space 5504K,  95% used [0x00000000fec00000, 0x00000000ff11b780, 0x00000000ff160000)
  from space 640K,   1% used [0x00000000ff160000, 0x00000000ff162040, 0x00000000ff200000)
  to   space 640K,   0% used [0x00000000ff200000, 0x00000000ff200000, 0x00000000ff2a0000)
 concurrent mark-sweep generation total 13696K, used 8365K [0x00000000ff2a0000, 0x0000000100000000, 0x0000000100000000)
 Metaspace       used 5076K, capacity 5258K, committed 5504K, reserved 1056768K
  class space    used 557K, capacity 597K, committed 640K, reserved 1048576K
2024-07-16T11:01:39.443+0800: 4.323: [GC (Allocation Failure) 2024-07-16T11:01:39.443+0800: 4.323: [ParNew: 5237K->4K(6144K), 0.0002362 secs] 13603K->8369K(19840K), 0.0002647 secs] [Times: user=0.00 sys=0.00, real=0.00 secs] 
Heap after GC invocations=522 (full 64):
 par new generation   total 6144K, used 4K [0x00000000fec00000, 0x00000000ff2a0000, 0x00000000ff2a0000)
  eden space 5504K,   0% used [0x00000000fec00000, 0x00000000fec00000, 0x00000000ff160000)
  from space 640K,   0% used [0x00000000ff200000, 0x00000000ff201020, 0x00000000ff2a0000)
  to   space 640K,   0% used [0x00000000ff160000, 0x00000000ff160000, 0x00000000ff200000)
 concurrent mark-sweep generation total 13696K, used 8365K [0x00000000ff2a0000, 0x0000000100000000, 0x0000000100000000)
 Metaspace       used 5076K, capacity 5258K, committed 5504K, reserved 1056768K
  class space    used 557K, capacity 597K, committed 640K, reserved 1048576K
}
{Heap before GC invocations=522 (full 64):
 par new generation   total 6144K, used 5233K [0x00000000fec00000, 0x00000000ff2a0000, 0x00000000ff2a0000)
  eden space 5504K,  95% used [0x00000000fec00000, 0x00000000ff11b780, 0x00000000ff160000)
  from space 640K,   0% used [0x00000000ff200000, 0x00000000ff201020, 0x00000000ff2a0000)
  to   space 640K,   0% used [0x00000000ff160000, 0x00000000ff160000, 0x00000000ff200000)
 concurrent mark-sweep generation total 13696K, used 8365K [0x00000000ff2a0000, 0x0000000100000000, 0x0000000100000000)
 Metaspace       used 5076K, capacity 5258K, committed 5504K, reserved 1056768K
  class space    used 557K, capacity 597K, committed 640K, reserved 1048576K
2024-07-16T11:01:39.449+0800: 4.329: [GC (Allocation Failure) 2024-07-16T11:01:39.449+0800: 4.329: [ParNew: 5233K->8K(6144K), 0.0004305 secs] 13599K->9399K(19840K), 0.0004610 secs] [Times: user=0.00 sys=0.00, real=0.00 secs] 
Heap after GC invocations=523 (full 64):
 par new generation   total 6144K, used 8K [0x00000000fec00000, 0x00000000ff2a0000, 0x00000000ff2a0000)
  eden space 5504K,   0% used [0x00000000fec00000, 0x00000000fec00000, 0x00000000ff160000)
  from space 640K,   1% used [0x00000000ff160000, 0x00000000ff162040, 0x00000000ff200000)
  to   space 640K,   0% used [0x00000000ff200000, 0x00000000ff200000, 0x00000000ff2a0000)
 concurrent mark-sweep generation total 13696K, used 9391K [0x00000000ff2a0000, 0x0000000100000000, 0x0000000100000000)
 Metaspace       used 5076K, capacity 5258K, committed 5504K, reserved 1056768K
  class space    used 557K, capacity 597K, committed 640K, reserved 1048576K
}
{Heap before GC invocations=523 (full 64):
 par new generation   total 6144K, used 5237K [0x00000000fec00000, 0x00000000ff2a0000, 0x00000000ff2a0000)
  eden space 5504K,  95% used [0x00000000fec00000, 0x00000000ff11b780, 0x00000000ff160000)
  from space 640K,   1% used [0x00000000ff160000, 0x00000000ff162040, 0x00000000ff200000)
  to   space 640K,   0% used [0x00000000ff200000, 0x00000000ff200000, 0x00000000ff2a0000)
 concurrent mark-sweep generation total 13696K, used 9391K [0x00000000ff2a0000, 0x0000000100000000, 0x0000000100000000)
 Metaspace       used 5076K, capacity 5258K, committed 5504K, reserved 1056768K
  class space    used 557K, capacity 597K, committed 640K, reserved 1048576K
2024-07-16T11:01:39.455+0800: 4.335: [GC (Allocation Failure) 2024-07-16T11:01:39.455+0800: 4.335: [ParNew: 5237K->8K(6144K), 0.0009897 secs] 14629K->10425K(19840K), 0.0010442 secs] [Times: user=0.00 sys=0.02, real=0.00 secs] 
Heap after GC invocations=524 (full 64):
 par new generation   total 6144K, used 8K [0x00000000fec00000, 0x00000000ff2a0000, 0x00000000ff2a0000)
  eden space 5504K,   0% used [0x00000000fec00000, 0x00000000fec00000, 0x00000000ff160000)
  from space 640K,   1% used [0x00000000ff200000, 0x00000000ff202040, 0x00000000ff2a0000)
  to   space 640K,   0% used [0x00000000ff160000, 0x00000000ff160000, 0x00000000ff200000)
 concurrent mark-sweep generation total 13696K, used 10417K [0x00000000ff2a0000, 0x0000000100000000, 0x0000000100000000)
 Metaspace       used 5076K, capacity 5258K, committed 5504K, reserved 1056768K
  class space    used 557K, capacity 597K, committed 640K, reserved 1048576K
}
{Heap before GC invocations=524 (full 64):
 par new generation   total 6144K, used 5237K [0x00000000fec00000, 0x00000000ff2a0000, 0x00000000ff2a0000)
  eden space 5504K,  95% used [0x00000000fec00000, 0x00000000ff11b780, 0x00000000ff160000)
  from space 640K,   1% used [0x00000000ff200000, 0x00000000ff202040, 0x00000000ff2a0000)
  to   space 640K,   0% used [0x00000000ff160000, 0x00000000ff160000, 0x00000000ff200000)
 concurrent mark-sweep generation total 13696K, used 10417K [0x00000000ff2a0000, 0x0000000100000000, 0x0000000100000000)
 Metaspace       used 5076K, capacity 5258K, committed 5504K, reserved 1056768K
  class space    used 557K, capacity 597K, committed 640K, reserved 1048576K
2024-07-16T11:01:39.463+0800: 4.343: [GC (Allocation Failure) 2024-07-16T11:01:39.463+0800: 4.343: [ParNew: 5237K->8K(6144K), 0.0011990 secs] 15655K->11451K(19840K), 0.0012826 secs] [Times: user=0.00 sys=0.00, real=0.00 secs] 
Heap after GC invocations=525 (full 64):
 par new generation   total 6144K, used 8K [0x00000000fec00000, 0x00000000ff2a0000, 0x00000000ff2a0000)
  eden space 5504K,   0% used [0x00000000fec00000, 0x00000000fec00000, 0x00000000ff160000)
  from space 640K,   1% used [0x00000000ff160000, 0x00000000ff162040, 0x00000000ff200000)
  to   space 640K,   0% used [0x00000000ff200000, 0x00000000ff200000, 0x00000000ff2a0000)
 concurrent mark-sweep generation total 13696K, used 11443K [0x00000000ff2a0000, 0x0000000100000000, 0x0000000100000000)
 Metaspace       used 5076K, capacity 5258K, committed 5504K, reserved 1056768K
  class space    used 557K, capacity 597K, committed 640K, reserved 1048576K
}
{Heap before GC invocations=525 (full 64):
 par new generation   total 6144K, used 5237K [0x00000000fec00000, 0x00000000ff2a0000, 0x00000000ff2a0000)
  eden space 5504K,  95% used [0x00000000fec00000, 0x00000000ff11b780, 0x00000000ff160000)
  from space 640K,   1% used [0x00000000ff160000, 0x00000000ff162040, 0x00000000ff200000)
  to   space 640K,   0% used [0x00000000ff200000, 0x00000000ff200000, 0x00000000ff2a0000)
 concurrent mark-sweep generation total 13696K, used 11443K [0x00000000ff2a0000, 0x0000000100000000, 0x0000000100000000)
 Metaspace       used 5076K, capacity 5258K, committed 5504K, reserved 1056768K
  class space    used 557K, capacity 597K, committed 640K, reserved 1048576K
2024-07-16T11:01:39.470+0800: 4.350: [GC (Allocation Failure) 2024-07-16T11:01:39.470+0800: 4.350: [ParNew: 5237K->6K(6144K), 0.0012366 secs] 16681K->12473K(19840K), 0.0013410 secs] [Times: user=0.16 sys=0.00, real=0.00 secs] 
Heap after GC invocations=526 (full 64):
 par new generation   total 6144K, used 6K [0x00000000fec00000, 0x00000000ff2a0000, 0x00000000ff2a0000)
  eden space 5504K,   0% used [0x00000000fec00000, 0x00000000fec00000, 0x00000000ff160000)
  from space 640K,   0% used [0x00000000ff200000, 0x00000000ff201830, 0x00000000ff2a0000)
  to   space 640K,   0% used [0x00000000ff160000, 0x00000000ff160000, 0x00000000ff200000)
 concurrent mark-sweep generation total 13696K, used 12467K [0x00000000ff2a0000, 0x0000000100000000, 0x0000000100000000)
 Metaspace       used 5076K, capacity 5258K, committed 5504K, reserved 1056768K
  class space    used 557K, capacity 597K, committed 640K, reserved 1048576K
}
{Heap before GC invocations=526 (full 64):
 par new generation   total 6144K, used 5235K [0x00000000fec00000, 0x00000000ff2a0000, 0x00000000ff2a0000)
  eden space 5504K,  95% used [0x00000000fec00000, 0x00000000ff11b780, 0x00000000ff160000)
  from space 640K,   0% used [0x00000000ff200000, 0x00000000ff201830, 0x00000000ff2a0000)
  to   space 640K,   0% used [0x00000000ff160000, 0x00000000ff160000, 0x00000000ff200000)
 concurrent mark-sweep generation total 13696K, used 12467K [0x00000000ff2a0000, 0x0000000100000000, 0x0000000100000000)
 Metaspace       used 5076K, capacity 5258K, committed 5504K, reserved 1056768K
  class space    used 557K, capacity 597K, committed 640K, reserved 1048576K
2024-07-16T11:01:39.478+0800: 4.358: [GC (Allocation Failure) 2024-07-16T11:01:39.478+0800: 4.358: [ParNew: 5235K->10K(6144K), 0.0014060 secs] 17703K->13501K(19840K), 0.0015120 secs] [Times: user=0.00 sys=0.00, real=0.00 secs] 
Heap after GC invocations=527 (full 64):
 par new generation   total 6144K, used 10K [0x00000000fec00000, 0x00000000ff2a0000, 0x00000000ff2a0000)
  eden space 5504K,   0% used [0x00000000fec00000, 0x00000000fec00000, 0x00000000ff160000)
  from space 640K,   1% used [0x00000000ff160000, 0x00000000ff162850, 0x00000000ff200000)
  to   space 640K,   0% used [0x00000000ff200000, 0x00000000ff200000, 0x00000000ff2a0000)
 concurrent mark-sweep generation total 13696K, used 13491K [0x00000000ff2a0000, 0x0000000100000000, 0x0000000100000000)
 Metaspace       used 5076K, capacity 5258K, committed 5504K, reserved 1056768K
  class space    used 557K, capacity 597K, committed 640K, reserved 1048576K
}
2024-07-16T11:01:39.479+0800: 4.360: [CMS-concurrent-abortable-preclean: 0.001/0.076 secs] [Times: user=0.16 sys=0.02, real=0.08 secs] 
2024-07-16T11:01:39.480+0800: 4.360: [GC (CMS Final Remark) [YG occupancy: 1143 K (6144 K)]2024-07-16T11:01:39.480+0800: 4.360: [Rescan (parallel) , 0.0004998 secs]2024-07-16T11:01:39.480+0800: 4.360: [weak refs processing, 0.0000241 secs]2024-07-16T11:01:39.480+0800: 4.361: [class unloading, 0.0007818 secs]2024-07-16T11:01:39.481+0800: 4.361: [scrub symbol table, 0.0008214 secs]2024-07-16T11:01:39.482+0800: 4.362: [scrub string table, 0.0002668 secs][1 CMS-remark: 13491K(13696K)] 14635K(19840K), 0.0025136 secs] [Times: user=0.00 sys=0.00, real=0.00 secs] 
2024-07-16T11:01:39.482+0800: 4.363: [CMS-concurrent-sweep-start]
2024-07-16T11:01:39.483+0800: 4.363: [CMS-concurrent-sweep: 0.001/0.001 secs] [Times: user=0.00 sys=0.00, real=0.00 secs] 
2024-07-16T11:01:39.483+0800: 4.363: [CMS-concurrent-reset-start]
2024-07-16T11:01:39.483+0800: 4.363: [CMS-concurrent-reset: 0.000/0.000 secs] [Times: user=0.00 sys=0.00, real=0.00 secs] 
{Heap before GC invocations=527 (full 64):
 par new generation   total 6144K, used 5239K [0x00000000fec00000, 0x00000000ff2a0000, 0x00000000ff2a0000)
  eden space 5504K,  95% used [0x00000000fec00000, 0x00000000ff11b780, 0x00000000ff160000)
  from space 640K,   1% used [0x00000000ff160000, 0x00000000ff162850, 0x00000000ff200000)
  to   space 640K,   0% used [0x00000000ff200000, 0x00000000ff200000, 0x00000000ff2a0000)
 concurrent mark-sweep generation total 13696K, used 11443K [0x00000000ff2a0000, 0x0000000100000000, 0x0000000100000000)
 Metaspace       used 5076K, capacity 5258K, committed 5504K, reserved 1056768K
  class space    used 557K, capacity 597K, committed 640K, reserved 1048576K
2024-07-16T11:01:39.488+0800: 4.368: [GC (Allocation Failure) 2024-07-16T11:01:39.488+0800: 4.368: [ParNew: 5239K->4K(6144K), 0.0011560 secs] 16683K->11447K(19840K), 0.0012587 secs] [Times: user=0.00 sys=0.00, real=0.00 secs] 
Heap after GC invocations=528 (full 64):
 par new generation   total 6144K, used 4K [0x00000000fec00000, 0x00000000ff2a0000, 0x00000000ff2a0000)
  eden space 5504K,   0% used [0x00000000fec00000, 0x00000000fec00000, 0x00000000ff160000)
  from space 640K,   0% used [0x00000000ff200000, 0x00000000ff201020, 0x00000000ff2a0000)
  to   space 640K,   0% used [0x00000000ff160000, 0x00000000ff160000, 0x00000000ff200000)
 concurrent mark-sweep generation total 13696K, used 11443K [0x00000000ff2a0000, 0x0000000100000000, 0x0000000100000000)
 Metaspace       used 5076K, capacity 5258K, committed 5504K, reserved 1056768K
  class space    used 557K, capacity 597K, committed 640K, reserved 1048576K
}
2024-07-16T11:01:39.489+0800: 4.370: [GC (CMS Initial Mark) [1 CMS-initial-mark: 11443K(13696K)] 12471K(19840K), 0.0005210 secs] [Times: user=0.00 sys=0.00, real=0.00 secs] 
2024-07-16T11:01:39.490+0800: 4.370: [CMS-concurrent-mark-start]
2024-07-16T11:01:39.494+0800: 4.374: [CMS-concurrent-mark: 0.004/0.004 secs] [Times: user=0.00 sys=0.00, real=0.00 secs] 
2024-07-16T11:01:39.494+0800: 4.374: [CMS-concurrent-preclean-start]
2024-07-16T11:01:39.494+0800: 4.374: [CMS-concurrent-preclean: 0.000/0.000 secs] [Times: user=0.00 sys=0.00, real=0.00 secs] 
2024-07-16T11:01:39.494+0800: 4.374: [CMS-concurrent-abortable-preclean-start]
{Heap before GC invocations=528 (full 65):
 par new generation   total 6144K, used 5233K [0x00000000fec00000, 0x00000000ff2a0000, 0x00000000ff2a0000)
  eden space 5504K,  95% used [0x00000000fec00000, 0x00000000ff11b780, 0x00000000ff160000)
  from space 640K,   0% used [0x00000000ff200000, 0x00000000ff201020, 0x00000000ff2a0000)
  to   space 640K,   0% used [0x00000000ff160000, 0x00000000ff160000, 0x00000000ff200000)
 concurrent mark-sweep generation total 13696K, used 11443K [0x00000000ff2a0000, 0x0000000100000000, 0x0000000100000000)
 Metaspace       used 5076K, capacity 5258K, committed 5504K, reserved 1056768K
  class space    used 557K, capacity 597K, committed 640K, reserved 1048576K
2024-07-16T11:01:39.498+0800: 4.378: [GC (Allocation Failure) 2024-07-16T11:01:39.498+0800: 4.378: [ParNew: 5233K->8K(6144K), 0.0010398 secs] 16677K->12477K(19840K), 0.0010852 secs] [Times: user=0.00 sys=0.00, real=0.00 secs] 
Heap after GC invocations=529 (full 65):
 par new generation   total 6144K, used 8K [0x00000000fec00000, 0x00000000ff2a0000, 0x00000000ff2a0000)
  eden space 5504K,   0% used [0x00000000fec00000, 0x00000000fec00000, 0x00000000ff160000)
  from space 640K,   1% used [0x00000000ff160000, 0x00000000ff162040, 0x00000000ff200000)
  to   space 640K,   0% used [0x00000000ff200000, 0x00000000ff200000, 0x00000000ff2a0000)
 concurrent mark-sweep generation total 13696K, used 12469K [0x00000000ff2a0000, 0x0000000100000000, 0x0000000100000000)
 Metaspace       used 5076K, capacity 5258K, committed 5504K, reserved 1056768K
  class space    used 557K, capacity 597K, committed 640K, reserved 1048576K
}
{Heap before GC invocations=529 (full 65):
 par new generation   total 6144K, used 5237K [0x00000000fec00000, 0x00000000ff2a0000, 0x00000000ff2a0000)
  eden space 5504K,  95% used [0x00000000fec00000, 0x00000000ff11b780, 0x00000000ff160000)
  from space 640K,   1% used [0x00000000ff160000, 0x00000000ff162040, 0x00000000ff200000)
  to   space 640K,   0% used [0x00000000ff200000, 0x00000000ff200000, 0x00000000ff2a0000)
 concurrent mark-sweep generation total 13696K, used 12469K [0x00000000ff2a0000, 0x0000000100000000, 0x0000000100000000)
 Metaspace       used 5076K, capacity 5258K, committed 5504K, reserved 1056768K
  class space    used 557K, capacity 597K, committed 640K, reserved 1048576K
2024-07-16T11:01:39.507+0800: 4.387: [GC (Allocation Failure) 2024-07-16T11:01:39.507+0800: 4.387: [ParNew (promotion failed): 5237K->5235K(6144K), 0.0008746 secs]2024-07-16T11:01:39.508+0800: 4.388: [CMS2024-07-16T11:01:39.508+0800: 4.388: [CMS-concurrent-abortable-preclean: 0.000/0.014 secs] [Times: user=0.00 sys=0.00, real=0.01 secs] 
 (concurrent mode failure): 12469K->2215K(13696K), 0.0046544 secs] 17707K->2215K(19840K), [Metaspace: 5076K->5076K(1056768K)], 0.0055996 secs] [Times: user=0.00 sys=0.00, real=0.01 secs] 
Heap after GC invocations=530 (full 66):
 par new generation   total 6144K, used 0K [0x00000000fec00000, 0x00000000ff2a0000, 0x00000000ff2a0000)
  eden space 5504K,   0% used [0x00000000fec00000, 0x00000000fec00000, 0x00000000ff160000)
  from space 640K,   0% used [0x00000000ff200000, 0x00000000ff200000, 0x00000000ff2a0000)
  to   space 640K,   0% used [0x00000000ff160000, 0x00000000ff160000, 0x00000000ff200000)
 concurrent mark-sweep generation total 13696K, used 2215K [0x00000000ff2a0000, 0x0000000100000000, 0x0000000100000000)
 Metaspace       used 5076K, capacity 5258K, committed 5504K, reserved 1056768K
  class space    used 557K, capacity 597K, committed 640K, reserved 1048576K
}
{Heap before GC invocations=530 (full 66):
 par new generation   total 6144K, used 5229K [0x00000000fec00000, 0x00000000ff2a0000, 0x00000000ff2a0000)
  eden space 5504K,  95% used [0x00000000fec00000, 0x00000000ff11b780, 0x00000000ff160000)
  from space 640K,   0% used [0x00000000ff200000, 0x00000000ff200000, 0x00000000ff2a0000)
  to   space 640K,   0% used [0x00000000ff160000, 0x00000000ff160000, 0x00000000ff200000)
 concurrent mark-sweep generation total 13696K, used 2215K [0x00000000ff2a0000, 0x0000000100000000, 0x0000000100000000)
 Metaspace       used 5076K, capacity 5258K, committed 5504K, reserved 1056768K
  class space    used 557K, capacity 597K, committed 640K, reserved 1048576K
2024-07-16T11:01:39.518+0800: 4.398: [GC (Allocation Failure) 2024-07-16T11:01:39.518+0800: 4.398: [ParNew: 5229K->6K(6144K), 0.0010516 secs] 7445K->3247K(19840K), 0.0011589 secs] [Times: user=0.00 sys=0.00, real=0.00 secs] 
Heap after GC invocations=531 (full 66):
 par new generation   total 6144K, used 6K [0x00000000fec00000, 0x00000000ff2a0000, 0x00000000ff2a0000)
  eden space 5504K,   0% used [0x00000000fec00000, 0x00000000fec00000, 0x00000000ff160000)
  from space 640K,   0% used [0x00000000ff160000, 0x00000000ff161830, 0x00000000ff200000)
  to   space 640K,   0% used [0x00000000ff200000, 0x00000000ff200000, 0x00000000ff2a0000)
 concurrent mark-sweep generation total 13696K, used 3241K [0x00000000ff2a0000, 0x0000000100000000, 0x0000000100000000)
 Metaspace       used 5076K, capacity 5258K, committed 5504K, reserved 1056768K
  class space    used 557K, capacity 597K, committed 640K, reserved 1048576K
}
{Heap before GC invocations=531 (full 66):
 par new generation   total 6144K, used 5235K [0x00000000fec00000, 0x00000000ff2a0000, 0x00000000ff2a0000)
  eden space 5504K,  95% used [0x00000000fec00000, 0x00000000ff11b780, 0x00000000ff160000)
  from space 640K,   0% used [0x00000000ff160000, 0x00000000ff161830, 0x00000000ff200000)
  to   space 640K,   0% used [0x00000000ff200000, 0x00000000ff200000, 0x00000000ff2a0000)
 concurrent mark-sweep generation total 13696K, used 3241K [0x00000000ff2a0000, 0x0000000100000000, 0x0000000100000000)
 Metaspace       used 5076K, capacity 5258K, committed 5504K, reserved 1056768K
  class space    used 557K, capacity 597K, committed 640K, reserved 1048576K
2024-07-16T11:01:39.525+0800: 4.405: [GC (Allocation Failure) 2024-07-16T11:01:39.525+0800: 4.405: [ParNew: 5235K->8K(6144K), 0.0012356 secs] 8477K->4275K(19840K), 0.0013246 secs] [Times: user=0.00 sys=0.00, real=0.00 secs] 
Heap after GC invocations=532 (full 66):
 par new generation   total 6144K, used 8K [0x00000000fec00000, 0x00000000ff2a0000, 0x00000000ff2a0000)
  eden space 5504K,   0% used [0x00000000fec00000, 0x00000000fec00000, 0x00000000ff160000)
  from space 640K,   1% used [0x00000000ff200000, 0x00000000ff202040, 0x00000000ff2a0000)
  to   space 640K,   0% used [0x00000000ff160000, 0x00000000ff160000, 0x00000000ff200000)
 concurrent mark-sweep generation total 13696K, used 4267K [0x00000000ff2a0000, 0x0000000100000000, 0x0000000100000000)
 Metaspace       used 5076K, capacity 5258K, committed 5504K, reserved 1056768K
  class space    used 557K, capacity 597K, committed 640K, reserved 1048576K
}
2024-07-16T11:01:39.526+0800: 4.407: [GC (CMS Initial Mark) [1 CMS-initial-mark: 4267K(13696K)] 5301K(19840K), 0.0003354 secs] [Times: user=0.00 sys=0.00, real=0.00 secs] 
2024-07-16T11:01:39.527+0800: 4.407: [CMS-concurrent-mark-start]
2024-07-16T11:01:39.531+0800: 4.411: [CMS-concurrent-mark: 0.004/0.004 secs] [Times: user=0.00 sys=0.00, real=0.00 secs] 
2024-07-16T11:01:39.531+0800: 4.411: [CMS-concurrent-preclean-start]
2024-07-16T11:01:39.531+0800: 4.411: [CMS-concurrent-preclean: 0.000/0.000 secs] [Times: user=0.00 sys=0.00, real=0.00 secs] 
2024-07-16T11:01:39.531+0800: 4.411: [CMS-concurrent-abortable-preclean-start]
{Heap before GC invocations=532 (full 67):
 par new generation   total 6144K, used 5237K [0x00000000fec00000, 0x00000000ff2a0000, 0x00000000ff2a0000)
  eden space 5504K,  95% used [0x00000000fec00000, 0x00000000ff11b780, 0x00000000ff160000)
  from space 640K,   1% used [0x00000000ff200000, 0x00000000ff202040, 0x00000000ff2a0000)
  to   space 640K,   0% used [0x00000000ff160000, 0x00000000ff160000, 0x00000000ff200000)
 concurrent mark-sweep generation total 13696K, used 4267K [0x00000000ff2a0000, 0x0000000100000000, 0x0000000100000000)
 Metaspace       used 5076K, capacity 5258K, committed 5504K, reserved 1056768K
  class space    used 557K, capacity 597K, committed 640K, reserved 1048576K
2024-07-16T11:01:39.534+0800: 4.414: [GC (Allocation Failure) 2024-07-16T11:01:39.534+0800: 4.414: [ParNew: 5237K->8K(6144K), 0.0011056 secs] 9505K->5301K(19840K), 0.0012802 secs] [Times: user=0.00 sys=0.00, real=0.00 secs] 
Heap after GC invocations=533 (full 67):
 par new generation   total 6144K, used 8K [0x00000000fec00000, 0x00000000ff2a0000, 0x00000000ff2a0000)
  eden space 5504K,   0% used [0x00000000fec00000, 0x00000000fec00000, 0x00000000ff160000)
  from space 640K,   1% used [0x00000000ff160000, 0x00000000ff162040, 0x00000000ff200000)
  to   space 640K,   0% used [0x00000000ff200000, 0x00000000ff200000, 0x00000000ff2a0000)
 concurrent mark-sweep generation total 13696K, used 5293K [0x00000000ff2a0000, 0x0000000100000000, 0x0000000100000000)
 Metaspace       used 5076K, capacity 5258K, committed 5504K, reserved 1056768K
  class space    used 557K, capacity 597K, committed 640K, reserved 1048576K
}
{Heap before GC invocations=533 (full 67):
 par new generation   total 6144K, used 5237K [0x00000000fec00000, 0x00000000ff2a0000, 0x00000000ff2a0000)
  eden space 5504K,  95% used [0x00000000fec00000, 0x00000000ff11b780, 0x00000000ff160000)
  from space 640K,   1% used [0x00000000ff160000, 0x00000000ff162040, 0x00000000ff200000)
  to   space 640K,   0% used [0x00000000ff200000, 0x00000000ff200000, 0x00000000ff2a0000)
 concurrent mark-sweep generation total 13696K, used 5293K [0x00000000ff2a0000, 0x0000000100000000, 0x0000000100000000)
 Metaspace       used 5076K, capacity 5258K, committed 5504K, reserved 1056768K
  class space    used 557K, capacity 597K, committed 640K, reserved 1048576K
2024-07-16T11:01:39.542+0800: 4.422: [GC (Allocation Failure) 2024-07-16T11:01:39.542+0800: 4.422: [ParNew: 5237K->8K(6144K), 0.0013811 secs] 10531K->6327K(19840K), 0.0014803 secs] [Times: user=0.00 sys=0.00, real=0.00 secs] 
Heap after GC invocations=534 (full 67):
 par new generation   total 6144K, used 8K [0x00000000fec00000, 0x00000000ff2a0000, 0x00000000ff2a0000)
  eden space 5504K,   0% used [0x00000000fec00000, 0x00000000fec00000, 0x00000000ff160000)
  from space 640K,   1% used [0x00000000ff200000, 0x00000000ff202040, 0x00000000ff2a0000)
  to   space 640K,   0% used [0x00000000ff160000, 0x00000000ff160000, 0x00000000ff200000)
 concurrent mark-sweep generation total 13696K, used 6319K [0x00000000ff2a0000, 0x0000000100000000, 0x0000000100000000)
 Metaspace       used 5076K, capacity 5258K, committed 5504K, reserved 1056768K
  class space    used 557K, capacity 597K, committed 640K, reserved 1048576K
}
{Heap before GC invocations=534 (full 67):
 par new generation   total 6144K, used 5237K [0x00000000fec00000, 0x00000000ff2a0000, 0x00000000ff2a0000)
  eden space 5504K,  95% used [0x00000000fec00000, 0x00000000ff11b780, 0x00000000ff160000)
  from space 640K,   1% used [0x00000000ff200000, 0x00000000ff202040, 0x00000000ff2a0000)
  to   space 640K,   0% used [0x00000000ff160000, 0x00000000ff160000, 0x00000000ff200000)
 concurrent mark-sweep generation total 13696K, used 6319K [0x00000000ff2a0000, 0x0000000100000000, 0x0000000100000000)
 Metaspace       used 5076K, capacity 5258K, committed 5504K, reserved 1056768K
  class space    used 557K, capacity 597K, committed 640K, reserved 1048576K
2024-07-16T11:01:39.550+0800: 4.430: [GC (Allocation Failure) 2024-07-16T11:01:39.550+0800: 4.430: [ParNew: 5237K->4K(6144K), 0.0010189 secs] 11557K->6323K(19840K), 0.0010937 secs] [Times: user=0.00 sys=0.00, real=0.00 secs] 
Heap after GC invocations=535 (full 67):
 par new generation   total 6144K, used 4K [0x00000000fec00000, 0x00000000ff2a0000, 0x00000000ff2a0000)
  eden space 5504K,   0% used [0x00000000fec00000, 0x00000000fec00000, 0x00000000ff160000)
  from space 640K,   0% used [0x00000000ff160000, 0x00000000ff161020, 0x00000000ff200000)
  to   space 640K,   0% used [0x00000000ff200000, 0x00000000ff200000, 0x00000000ff2a0000)
 concurrent mark-sweep generation total 13696K, used 6319K [0x00000000ff2a0000, 0x0000000100000000, 0x0000000100000000)
 Metaspace       used 5076K, capacity 5258K, committed 5504K, reserved 1056768K
  class space    used 557K, capacity 597K, committed 640K, reserved 1048576K
}
{Heap before GC invocations=535 (full 67):
 par new generation   total 6144K, used 5233K [0x00000000fec00000, 0x00000000ff2a0000, 0x00000000ff2a0000)
  eden space 5504K,  95% used [0x00000000fec00000, 0x00000000ff11b780, 0x00000000ff160000)
  from space 640K,   0% used [0x00000000ff160000, 0x00000000ff161020, 0x00000000ff200000)
  to   space 640K,   0% used [0x00000000ff200000, 0x00000000ff200000, 0x00000000ff2a0000)
 concurrent mark-sweep generation total 13696K, used 6319K [0x00000000ff2a0000, 0x0000000100000000, 0x0000000100000000)
 Metaspace       used 5076K, capacity 5258K, committed 5504K, reserved 1056768K
  class space    used 557K, capacity 597K, committed 640K, reserved 1048576K
2024-07-16T11:01:39.559+0800: 4.439: [GC (Allocation Failure) 2024-07-16T11:01:39.559+0800: 4.439: [ParNew: 5233K->4K(6144K), 0.0010853 secs] 11553K->6323K(19840K), 0.0012127 secs] [Times: user=0.00 sys=0.00, real=0.00 secs] 
Heap after GC invocations=536 (full 67):
 par new generation   total 6144K, used 4K [0x00000000fec00000, 0x00000000ff2a0000, 0x00000000ff2a0000)
  eden space 5504K,   0% used [0x00000000fec00000, 0x00000000fec00000, 0x00000000ff160000)
  from space 640K,   0% used [0x00000000ff200000, 0x00000000ff201020, 0x00000000ff2a0000)
  to   space 640K,   0% used [0x00000000ff160000, 0x00000000ff160000, 0x00000000ff200000)
 concurrent mark-sweep generation total 13696K, used 6319K [0x00000000ff2a0000, 0x0000000100000000, 0x0000000100000000)
 Metaspace       used 5076K, capacity 5258K, committed 5504K, reserved 1056768K
  class space    used 557K, capacity 597K, committed 640K, reserved 1048576K
}
{Heap before GC invocations=536 (full 67):
 par new generation   total 6144K, used 5233K [0x00000000fec00000, 0x00000000ff2a0000, 0x00000000ff2a0000)
  eden space 5504K,  95% used [0x00000000fec00000, 0x00000000ff11b780, 0x00000000ff160000)
  from space 640K,   0% used [0x00000000ff200000, 0x00000000ff201020, 0x00000000ff2a0000)
  to   space 640K,   0% used [0x00000000ff160000, 0x00000000ff160000, 0x00000000ff200000)
 concurrent mark-sweep generation total 13696K, used 6319K [0x00000000ff2a0000, 0x0000000100000000, 0x0000000100000000)
 Metaspace       used 5076K, capacity 5258K, committed 5504K, reserved 1056768K
  class space    used 557K, capacity 597K, committed 640K, reserved 1048576K
2024-07-16T11:01:39.568+0800: 4.448: [GC (Allocation Failure) 2024-07-16T11:01:39.568+0800: 4.448: [ParNew: 5233K->10K(6144K), 0.0014353 secs] 11553K->7355K(19840K), 0.0015221 secs] [Times: user=0.00 sys=0.00, real=0.00 secs] 
Heap after GC invocations=537 (full 67):
 par new generation   total 6144K, used 10K [0x00000000fec00000, 0x00000000ff2a0000, 0x00000000ff2a0000)
  eden space 5504K,   0% used [0x00000000fec00000, 0x00000000fec00000, 0x00000000ff160000)
  from space 640K,   1% used [0x00000000ff160000, 0x00000000ff162850, 0x00000000ff200000)
  to   space 640K,   0% used [0x00000000ff200000, 0x00000000ff200000, 0x00000000ff2a0000)
 concurrent mark-sweep generation total 13696K, used 7345K [0x00000000ff2a0000, 0x0000000100000000, 0x0000000100000000)
 Metaspace       used 5076K, capacity 5258K, committed 5504K, reserved 1056768K
  class space    used 557K, capacity 597K, committed 640K, reserved 1048576K
}
{Heap before GC invocations=537 (full 67):
 par new generation   total 6144K, used 5239K [0x00000000fec00000, 0x00000000ff2a0000, 0x00000000ff2a0000)
  eden space 5504K,  95% used [0x00000000fec00000, 0x00000000ff11b780, 0x00000000ff160000)
  from space 640K,   1% used [0x00000000ff160000, 0x00000000ff162850, 0x00000000ff200000)
  to   space 640K,   0% used [0x00000000ff200000, 0x00000000ff200000, 0x00000000ff2a0000)
 concurrent mark-sweep generation total 13696K, used 7345K [0x00000000ff2a0000, 0x0000000100000000, 0x0000000100000000)
 Metaspace       used 5076K, capacity 5258K, committed 5504K, reserved 1056768K
  class space    used 557K, capacity 597K, committed 640K, reserved 1048576K
2024-07-16T11:01:39.576+0800: 4.456: [GC (Allocation Failure) 2024-07-16T11:01:39.576+0800: 4.456: [ParNew: 5239K->6K(6144K), 0.0013906 secs] 12585K->8375K(19840K), 0.0014786 secs] [Times: user=0.00 sys=0.00, real=0.00 secs] 
Heap after GC invocations=538 (full 67):
 par new generation   total 6144K, used 6K [0x00000000fec00000, 0x00000000ff2a0000, 0x00000000ff2a0000)
  eden space 5504K,   0% used [0x00000000fec00000, 0x00000000fec00000, 0x00000000ff160000)
  from space 640K,   0% used [0x00000000ff200000, 0x00000000ff201830, 0x00000000ff2a0000)
  to   space 640K,   0% used [0x00000000ff160000, 0x00000000ff160000, 0x00000000ff200000)
 concurrent mark-sweep generation total 13696K, used 8369K [0x00000000ff2a0000, 0x0000000100000000, 0x0000000100000000)
 Metaspace       used 5076K, capacity 5258K, committed 5504K, reserved 1056768K
  class space    used 557K, capacity 597K, committed 640K, reserved 1048576K
}
{Heap before GC invocations=538 (full 67):
 par new generation   total 6144K, used 5235K [0x00000000fec00000, 0x00000000ff2a0000, 0x00000000ff2a0000)
  eden space 5504K,  95% used [0x00000000fec00000, 0x00000000ff11b780, 0x00000000ff160000)
  from space 640K,   0% used [0x00000000ff200000, 0x00000000ff201830, 0x00000000ff2a0000)
  to   space 640K,   0% used [0x00000000ff160000, 0x00000000ff160000, 0x00000000ff200000)
 concurrent mark-sweep generation total 13696K, used 8369K [0x00000000ff2a0000, 0x0000000100000000, 0x0000000100000000)
 Metaspace       used 5076K, capacity 5258K, committed 5504K, reserved 1056768K
  class space    used 557K, capacity 597K, committed 640K, reserved 1048576K
2024-07-16T11:01:39.584+0800: 4.464: [GC (Allocation Failure) 2024-07-16T11:01:39.584+0800: 4.464: [ParNew: 5235K->8K(6144K), 0.0013719 secs] 13605K->9401K(19840K), 0.0014494 secs] [Times: user=0.00 sys=0.00, real=0.00 secs] 
Heap after GC invocations=539 (full 67):
 par new generation   total 6144K, used 8K [0x00000000fec00000, 0x00000000ff2a0000, 0x00000000ff2a0000)
  eden space 5504K,   0% used [0x00000000fec00000, 0x00000000fec00000, 0x00000000ff160000)
  from space 640K,   1% used [0x00000000ff160000, 0x00000000ff162040, 0x00000000ff200000)
  to   space 640K,   0% used [0x00000000ff200000, 0x00000000ff200000, 0x00000000ff2a0000)
 concurrent mark-sweep generation total 13696K, used 9393K [0x00000000ff2a0000, 0x0000000100000000, 0x0000000100000000)
 Metaspace       used 5076K, capacity 5258K, committed 5504K, reserved 1056768K
  class space    used 557K, capacity 597K, committed 640K, reserved 1048576K
}
{Heap before GC invocations=539 (full 67):
 par new generation   total 6144K, used 5237K [0x00000000fec00000, 0x00000000ff2a0000, 0x00000000ff2a0000)
  eden space 5504K,  95% used [0x00000000fec00000, 0x00000000ff11b780, 0x00000000ff160000)
  from space 640K,   1% used [0x00000000ff160000, 0x00000000ff162040, 0x00000000ff200000)
  to   space 640K,   0% used [0x00000000ff200000, 0x00000000ff200000, 0x00000000ff2a0000)
 concurrent mark-sweep generation total 13696K, used 9393K [0x00000000ff2a0000, 0x0000000100000000, 0x0000000100000000)
 Metaspace       used 5076K, capacity 5258K, committed 5504K, reserved 1056768K
  class space    used 557K, capacity 597K, committed 640K, reserved 1048576K
2024-07-16T11:01:39.592+0800: 4.472: [GC (Allocation Failure) 2024-07-16T11:01:39.592+0800: 4.472: [ParNew: 5237K->8K(6144K), 0.0014550 secs] 14631K->10425K(19840K), 0.0015364 secs] [Times: user=0.00 sys=0.00, real=0.00 secs] 
Heap after GC invocations=540 (full 67):
 par new generation   total 6144K, used 8K [0x00000000fec00000, 0x00000000ff2a0000, 0x00000000ff2a0000)
  eden space 5504K,   0% used [0x00000000fec00000, 0x00000000fec00000, 0x00000000ff160000)
  from space 640K,   1% used [0x00000000ff200000, 0x00000000ff202040, 0x00000000ff2a0000)
  to   space 640K,   0% used [0x00000000ff160000, 0x00000000ff160000, 0x00000000ff200000)
 concurrent mark-sweep generation total 13696K, used 10417K [0x00000000ff2a0000, 0x0000000100000000, 0x0000000100000000)
 Metaspace       used 5076K, capacity 5258K, committed 5504K, reserved 1056768K
  class space    used 557K, capacity 597K, committed 640K, reserved 1048576K
}
{Heap before GC invocations=540 (full 67):
 par new generation   total 6144K, used 5237K [0x00000000fec00000, 0x00000000ff2a0000, 0x00000000ff2a0000)
  eden space 5504K,  95% used [0x00000000fec00000, 0x00000000ff11b780, 0x00000000ff160000)
  from space 640K,   1% used [0x00000000ff200000, 0x00000000ff202040, 0x00000000ff2a0000)
  to   space 640K,   0% used [0x00000000ff160000, 0x00000000ff160000, 0x00000000ff200000)
 concurrent mark-sweep generation total 13696K, used 10417K [0x00000000ff2a0000, 0x0000000100000000, 0x0000000100000000)
 Metaspace       used 5076K, capacity 5258K, committed 5504K, reserved 1056768K
  class space    used 557K, capacity 597K, committed 640K, reserved 1048576K
2024-07-16T11:01:39.602+0800: 4.482: [GC (Allocation Failure) 2024-07-16T11:01:39.602+0800: 4.482: [ParNew: 5237K->4K(6144K), 0.0012818 secs] 15655K->10421K(19840K), 0.0013805 secs] [Times: user=0.00 sys=0.00, real=0.00 secs] 
Heap after GC invocations=541 (full 67):
 par new generation   total 6144K, used 4K [0x00000000fec00000, 0x00000000ff2a0000, 0x00000000ff2a0000)
  eden space 5504K,   0% used [0x00000000fec00000, 0x00000000fec00000, 0x00000000ff160000)
  from space 640K,   0% used [0x00000000ff160000, 0x00000000ff161020, 0x00000000ff200000)
  to   space 640K,   0% used [0x00000000ff200000, 0x00000000ff200000, 0x00000000ff2a0000)
 concurrent mark-sweep generation total 13696K, used 10417K [0x00000000ff2a0000, 0x0000000100000000, 0x0000000100000000)
 Metaspace       used 5076K, capacity 5258K, committed 5504K, reserved 1056768K
  class space    used 557K, capacity 597K, committed 640K, reserved 1048576K
}
{Heap before GC invocations=541 (full 67):
 par new generation   total 6144K, used 5233K [0x00000000fec00000, 0x00000000ff2a0000, 0x00000000ff2a0000)
  eden space 5504K,  95% used [0x00000000fec00000, 0x00000000ff11b780, 0x00000000ff160000)
  from space 640K,   0% used [0x00000000ff160000, 0x00000000ff161020, 0x00000000ff200000)
  to   space 640K,   0% used [0x00000000ff200000, 0x00000000ff200000, 0x00000000ff2a0000)
 concurrent mark-sweep generation total 13696K, used 10417K [0x00000000ff2a0000, 0x0000000100000000, 0x0000000100000000)
 Metaspace       used 5076K, capacity 5258K, committed 5504K, reserved 1056768K
  class space    used 557K, capacity 597K, committed 640K, reserved 1048576K
2024-07-16T11:01:39.610+0800: 4.490: [GC (Allocation Failure) 2024-07-16T11:01:39.610+0800: 4.490: [ParNew: 5233K->8K(6144K), 0.0014682 secs] 15651K->11449K(19840K), 0.0015800 secs] [Times: user=0.00 sys=0.00, real=0.00 secs] 
Heap after GC invocations=542 (full 67):
 par new generation   total 6144K, used 8K [0x00000000fec00000, 0x00000000ff2a0000, 0x00000000ff2a0000)
  eden space 5504K,   0% used [0x00000000fec00000, 0x00000000fec00000, 0x00000000ff160000)
  from space 640K,   1% used [0x00000000ff200000, 0x00000000ff202040, 0x00000000ff2a0000)
  to   space 640K,   0% used [0x00000000ff160000, 0x00000000ff160000, 0x00000000ff200000)
 concurrent mark-sweep generation total 13696K, used 11441K [0x00000000ff2a0000, 0x0000000100000000, 0x0000000100000000)
 Metaspace       used 5076K, capacity 5258K, committed 5504K, reserved 1056768K
  class space    used 557K, capacity 597K, committed 640K, reserved 1048576K
}
{Heap before GC invocations=542 (full 67):
 par new generation   total 6144K, used 5237K [0x00000000fec00000, 0x00000000ff2a0000, 0x00000000ff2a0000)
  eden space 5504K,  95% used [0x00000000fec00000, 0x00000000ff11b780, 0x00000000ff160000)
  from space 640K,   1% used [0x00000000ff200000, 0x00000000ff202040, 0x00000000ff2a0000)
  to   space 640K,   0% used [0x00000000ff160000, 0x00000000ff160000, 0x00000000ff200000)
 concurrent mark-sweep generation total 13696K, used 11441K [0x00000000ff2a0000, 0x0000000100000000, 0x0000000100000000)
 Metaspace       used 5076K, capacity 5258K, committed 5504K, reserved 1056768K
  class space    used 557K, capacity 597K, committed 640K, reserved 1048576K
2024-07-16T11:01:39.620+0800: 4.500: [GC (Allocation Failure) 2024-07-16T11:01:39.620+0800: 4.500: [ParNew: 5237K->4K(6144K), 0.0012467 secs] 16679K->11445K(19840K), 0.0013866 secs] [Times: user=0.00 sys=0.00, real=0.00 secs] 
Heap after GC invocations=543 (full 67):
 par new generation   total 6144K, used 4K [0x00000000fec00000, 0x00000000ff2a0000, 0x00000000ff2a0000)
  eden space 5504K,   0% used [0x00000000fec00000, 0x00000000fec00000, 0x00000000ff160000)
  from space 640K,   0% used [0x00000000ff160000, 0x00000000ff161020, 0x00000000ff200000)
  to   space 640K,   0% used [0x00000000ff200000, 0x00000000ff200000, 0x00000000ff2a0000)
 concurrent mark-sweep generation total 13696K, used 11441K [0x00000000ff2a0000, 0x0000000100000000, 0x0000000100000000)
 Metaspace       used 5076K, capacity 5258K, committed 5504K, reserved 1056768K
  class space    used 557K, capacity 597K, committed 640K, reserved 1048576K
}
{Heap before GC invocations=543 (full 67):
 par new generation   total 6144K, used 5233K [0x00000000fec00000, 0x00000000ff2a0000, 0x00000000ff2a0000)
  eden space 5504K,  95% used [0x00000000fec00000, 0x00000000ff11b780, 0x00000000ff160000)
  from space 640K,   0% used [0x00000000ff160000, 0x00000000ff161020, 0x00000000ff200000)
  to   space 640K,   0% used [0x00000000ff200000, 0x00000000ff200000, 0x00000000ff2a0000)
 concurrent mark-sweep generation total 13696K, used 11441K [0x00000000ff2a0000, 0x0000000100000000, 0x0000000100000000)
 Metaspace       used 5076K, capacity 5258K, committed 5504K, reserved 1056768K
  class space    used 557K, capacity 597K, committed 640K, reserved 1048576K
2024-07-16T11:01:39.628+0800: 4.508: [GC (Allocation Failure) 2024-07-16T11:01:39.628+0800: 4.508: [ParNew: 5233K->8K(6144K), 0.0015330 secs] 16675K->12475K(19840K), 0.0016339 secs] [Times: user=0.00 sys=0.00, real=0.00 secs] 
Heap after GC invocations=544 (full 67):
 par new generation   total 6144K, used 8K [0x00000000fec00000, 0x00000000ff2a0000, 0x00000000ff2a0000)
  eden space 5504K,   0% used [0x00000000fec00000, 0x00000000fec00000, 0x00000000ff160000)
  from space 640K,   1% used [0x00000000ff200000, 0x00000000ff202040, 0x00000000ff2a0000)
  to   space 640K,   0% used [0x00000000ff160000, 0x00000000ff160000, 0x00000000ff200000)
 concurrent mark-sweep generation total 13696K, used 12467K [0x00000000ff2a0000, 0x0000000100000000, 0x0000000100000000)
 Metaspace       used 5076K, capacity 5258K, committed 5504K, reserved 1056768K
  class space    used 557K, capacity 597K, committed 640K, reserved 1048576K
}
{Heap before GC invocations=544 (full 67):
 par new generation   total 6144K, used 5237K [0x00000000fec00000, 0x00000000ff2a0000, 0x00000000ff2a0000)
  eden space 5504K,  95% used [0x00000000fec00000, 0x00000000ff11b780, 0x00000000ff160000)
  from space 640K,   1% used [0x00000000ff200000, 0x00000000ff202040, 0x00000000ff2a0000)
  to   space 640K,   0% used [0x00000000ff160000, 0x00000000ff160000, 0x00000000ff200000)
 concurrent mark-sweep generation total 13696K, used 12467K [0x00000000ff2a0000, 0x0000000100000000, 0x0000000100000000)
 Metaspace       used 5076K, capacity 5258K, committed 5504K, reserved 1056768K
  class space    used 557K, capacity 597K, committed 640K, reserved 1048576K
2024-07-16T11:01:39.636+0800: 4.516: [GC (Allocation Failure) 2024-07-16T11:01:39.636+0800: 4.516: [ParNew: 5237K->5237K(6144K), 0.0000387 secs]2024-07-16T11:01:39.636+0800: 4.516: [CMS2024-07-16T11:01:39.636+0800: 4.516: [CMS-concurrent-abortable-preclean: 0.002/0.105 secs] [Times: user=0.03 sys=0.02, real=0.11 secs] 
 (concurrent mode failure): 12467K->2215K(13696K), 0.0064720 secs] 17705K->2215K(19840K), [Metaspace: 5076K->5076K(1056768K)], 0.0066189 secs] [Times: user=0.00 sys=0.00, real=0.01 secs] 
Heap after GC invocations=545 (full 68):
 par new generation   total 6144K, used 0K [0x00000000fec00000, 0x00000000ff2a0000, 0x00000000ff2a0000)
  eden space 5504K,   0% used [0x00000000fec00000, 0x00000000fec00000, 0x00000000ff160000)
  from space 640K,   0% used [0x00000000ff200000, 0x00000000ff200000, 0x00000000ff2a0000)
  to   space 640K,   0% used [0x00000000ff160000, 0x00000000ff160000, 0x00000000ff200000)
 concurrent mark-sweep generation total 13696K, used 2215K [0x00000000ff2a0000, 0x0000000100000000, 0x0000000100000000)
 Metaspace       used 5076K, capacity 5258K, committed 5504K, reserved 1056768K
  class space    used 557K, capacity 597K, committed 640K, reserved 1048576K
}
{Heap before GC invocations=545 (full 68):
 par new generation   total 6144K, used 5229K [0x00000000fec00000, 0x00000000ff2a0000, 0x00000000ff2a0000)
  eden space 5504K,  95% used [0x00000000fec00000, 0x00000000ff11b780, 0x00000000ff160000)
  from space 640K,   0% used [0x00000000ff200000, 0x00000000ff200000, 0x00000000ff2a0000)
  to   space 640K,   0% used [0x00000000ff160000, 0x00000000ff160000, 0x00000000ff200000)
 concurrent mark-sweep generation total 13696K, used 2215K [0x00000000ff2a0000, 0x0000000100000000, 0x0000000100000000)
 Metaspace       used 5076K, capacity 5258K, committed 5504K, reserved 1056768K
  class space    used 557K, capacity 597K, committed 640K, reserved 1048576K
2024-07-16T11:01:39.649+0800: 4.529: [GC (Allocation Failure) 2024-07-16T11:01:39.649+0800: 4.529: [ParNew: 5229K->8K(6144K), 0.0011960 secs] 7445K->3249K(19840K), 0.0012651 secs] [Times: user=0.00 sys=0.00, real=0.00 secs] 
Heap after GC invocations=546 (full 68):
 par new generation   total 6144K, used 8K [0x00000000fec00000, 0x00000000ff2a0000, 0x00000000ff2a0000)
  eden space 5504K,   0% used [0x00000000fec00000, 0x00000000fec00000, 0x00000000ff160000)
  from space 640K,   1% used [0x00000000ff160000, 0x00000000ff162040, 0x00000000ff200000)
  to   space 640K,   0% used [0x00000000ff200000, 0x00000000ff200000, 0x00000000ff2a0000)
 concurrent mark-sweep generation total 13696K, used 3241K [0x00000000ff2a0000, 0x0000000100000000, 0x0000000100000000)
 Metaspace       used 5076K, capacity 5258K, committed 5504K, reserved 1056768K
  class space    used 557K, capacity 597K, committed 640K, reserved 1048576K
}
{Heap before GC invocations=546 (full 68):
 par new generation   total 6144K, used 5237K [0x00000000fec00000, 0x00000000ff2a0000, 0x00000000ff2a0000)
  eden space 5504K,  95% used [0x00000000fec00000, 0x00000000ff11b780, 0x00000000ff160000)
  from space 640K,   1% used [0x00000000ff160000, 0x00000000ff162040, 0x00000000ff200000)
  to   space 640K,   0% used [0x00000000ff200000, 0x00000000ff200000, 0x00000000ff2a0000)
 concurrent mark-sweep generation total 13696K, used 3241K [0x00000000ff2a0000, 0x0000000100000000, 0x0000000100000000)
 Metaspace       used 5076K, capacity 5258K, committed 5504K, reserved 1056768K
  class space    used 557K, capacity 597K, committed 640K, reserved 1048576K
2024-07-16T11:01:39.656+0800: 4.536: [GC (Allocation Failure) 2024-07-16T11:01:39.656+0800: 4.536: [ParNew: 5237K->8K(6144K), 0.0013761 secs] 8479K->4275K(19840K), 0.0014560 secs] [Times: user=0.00 sys=0.00, real=0.00 secs] 
Heap after GC invocations=547 (full 68):
 par new generation   total 6144K, used 8K [0x00000000fec00000, 0x00000000ff2a0000, 0x00000000ff2a0000)
  eden space 5504K,   0% used [0x00000000fec00000, 0x00000000fec00000, 0x00000000ff160000)
  from space 640K,   1% used [0x00000000ff200000, 0x00000000ff202040, 0x00000000ff2a0000)
  to   space 640K,   0% used [0x00000000ff160000, 0x00000000ff160000, 0x00000000ff200000)
 concurrent mark-sweep generation total 13696K, used 4267K [0x00000000ff2a0000, 0x0000000100000000, 0x0000000100000000)
 Metaspace       used 5076K, capacity 5258K, committed 5504K, reserved 1056768K
  class space    used 557K, capacity 597K, committed 640K, reserved 1048576K
}
2024-07-16T11:01:39.657+0800: 4.538: [GC (CMS Initial Mark) [1 CMS-initial-mark: 4267K(13696K)] 5301K(19840K), 0.0003514 secs] [Times: user=0.00 sys=0.00, real=0.00 secs] 
2024-07-16T11:01:39.658+0800: 4.538: [CMS-concurrent-mark-start]
2024-07-16T11:01:39.662+0800: 4.542: [CMS-concurrent-mark: 0.004/0.004 secs] [Times: user=0.05 sys=0.00, real=0.00 secs] 
2024-07-16T11:01:39.662+0800: 4.542: [CMS-concurrent-preclean-start]
2024-07-16T11:01:39.662+0800: 4.542: [CMS-concurrent-preclean: 0.000/0.000 secs] [Times: user=0.00 sys=0.00, real=0.00 secs] 
2024-07-16T11:01:39.662+0800: 4.542: [CMS-concurrent-abortable-preclean-start]
{Heap before GC invocations=547 (full 69):
 par new generation   total 6144K, used 5237K [0x00000000fec00000, 0x00000000ff2a0000, 0x00000000ff2a0000)
  eden space 5504K,  95% used [0x00000000fec00000, 0x00000000ff11b780, 0x00000000ff160000)
  from space 640K,   1% used [0x00000000ff200000, 0x00000000ff202040, 0x00000000ff2a0000)
  to   space 640K,   0% used [0x00000000ff160000, 0x00000000ff160000, 0x00000000ff200000)
 concurrent mark-sweep generation total 13696K, used 4267K [0x00000000ff2a0000, 0x0000000100000000, 0x0000000100000000)
 Metaspace       used 5076K, capacity 5258K, committed 5504K, reserved 1056768K
  class space    used 557K, capacity 597K, committed 640K, reserved 1048576K
2024-07-16T11:01:39.666+0800: 4.546: [GC (Allocation Failure) 2024-07-16T11:01:39.666+0800: 4.546: [ParNew: 5237K->8K(6144K), 0.0010645 secs] 9505K->5301K(19840K), 0.0011301 secs] [Times: user=0.00 sys=0.00, real=0.00 secs] 
Heap after GC invocations=548 (full 69):
 par new generation   total 6144K, used 8K [0x00000000fec00000, 0x00000000ff2a0000, 0x00000000ff2a0000)
  eden space 5504K,   0% used [0x00000000fec00000, 0x00000000fec00000, 0x00000000ff160000)
  from space 640K,   1% used [0x00000000ff160000, 0x00000000ff162040, 0x00000000ff200000)
  to   space 640K,   0% used [0x00000000ff200000, 0x00000000ff200000, 0x00000000ff2a0000)
 concurrent mark-sweep generation total 13696K, used 5293K [0x00000000ff2a0000, 0x0000000100000000, 0x0000000100000000)
 Metaspace       used 5076K, capacity 5258K, committed 5504K, reserved 1056768K
  class space    used 557K, capacity 597K, committed 640K, reserved 1048576K
}
{Heap before GC invocations=548 (full 69):
 par new generation   total 6144K, used 5237K [0x00000000fec00000, 0x00000000ff2a0000, 0x00000000ff2a0000)
  eden space 5504K,  95% used [0x00000000fec00000, 0x00000000ff11b780, 0x00000000ff160000)
  from space 640K,   1% used [0x00000000ff160000, 0x00000000ff162040, 0x00000000ff200000)
  to   space 640K,   0% used [0x00000000ff200000, 0x00000000ff200000, 0x00000000ff2a0000)
 concurrent mark-sweep generation total 13696K, used 5293K [0x00000000ff2a0000, 0x0000000100000000, 0x0000000100000000)
 Metaspace       used 5076K, capacity 5258K, committed 5504K, reserved 1056768K
  class space    used 557K, capacity 597K, committed 640K, reserved 1048576K
2024-07-16T11:01:39.675+0800: 4.555: [GC (Allocation Failure) 2024-07-16T11:01:39.675+0800: 4.555: [ParNew: 5237K->4K(6144K), 0.0012316 secs] 10531K->5297K(19840K), 0.0013211 secs] [Times: user=0.00 sys=0.00, real=0.00 secs] 
Heap after GC invocations=549 (full 69):
 par new generation   total 6144K, used 4K [0x00000000fec00000, 0x00000000ff2a0000, 0x00000000ff2a0000)
  eden space 5504K,   0% used [0x00000000fec00000, 0x00000000fec00000, 0x00000000ff160000)
  from space 640K,   0% used [0x00000000ff200000, 0x00000000ff201020, 0x00000000ff2a0000)
  to   space 640K,   0% used [0x00000000ff160000, 0x00000000ff160000, 0x00000000ff200000)
 concurrent mark-sweep generation total 13696K, used 5293K [0x00000000ff2a0000, 0x0000000100000000, 0x0000000100000000)
 Metaspace       used 5076K, capacity 5258K, committed 5504K, reserved 1056768K
  class space    used 557K, capacity 597K, committed 640K, reserved 1048576K
}
{Heap before GC invocations=549 (full 69):
 par new generation   total 6144K, used 5233K [0x00000000fec00000, 0x00000000ff2a0000, 0x00000000ff2a0000)
  eden space 5504K,  95% used [0x00000000fec00000, 0x00000000ff11b780, 0x00000000ff160000)
  from space 640K,   0% used [0x00000000ff200000, 0x00000000ff201020, 0x00000000ff2a0000)
  to   space 640K,   0% used [0x00000000ff160000, 0x00000000ff160000, 0x00000000ff200000)
 concurrent mark-sweep generation total 13696K, used 5293K [0x00000000ff2a0000, 0x0000000100000000, 0x0000000100000000)
 Metaspace       used 5076K, capacity 5258K, committed 5504K, reserved 1056768K
  class space    used 557K, capacity 597K, committed 640K, reserved 1048576K
2024-07-16T11:01:39.684+0800: 4.564: [GC (Allocation Failure) 2024-07-16T11:01:39.684+0800: 4.564: [ParNew: 5233K->4K(6144K), 0.0012749 secs] 10527K->5297K(19840K), 0.0013950 secs] [Times: user=0.00 sys=0.00, real=0.00 secs] 
Heap after GC invocations=550 (full 69):
 par new generation   total 6144K, used 4K [0x00000000fec00000, 0x00000000ff2a0000, 0x00000000ff2a0000)
  eden space 5504K,   0% used [0x00000000fec00000, 0x00000000fec00000, 0x00000000ff160000)
  from space 640K,   0% used [0x00000000ff160000, 0x00000000ff161020, 0x00000000ff200000)
  to   space 640K,   0% used [0x00000000ff200000, 0x00000000ff200000, 0x00000000ff2a0000)
 concurrent mark-sweep generation total 13696K, used 5293K [0x00000000ff2a0000, 0x0000000100000000, 0x0000000100000000)
 Metaspace       used 5076K, capacity 5258K, committed 5504K, reserved 1056768K
  class space    used 557K, capacity 597K, committed 640K, reserved 1048576K
}
{Heap before GC invocations=550 (full 69):
 par new generation   total 6144K, used 5233K [0x00000000fec00000, 0x00000000ff2a0000, 0x00000000ff2a0000)
  eden space 5504K,  95% used [0x00000000fec00000, 0x00000000ff11b780, 0x00000000ff160000)
  from space 640K,   0% used [0x00000000ff160000, 0x00000000ff161020, 0x00000000ff200000)
  to   space 640K,   0% used [0x00000000ff200000, 0x00000000ff200000, 0x00000000ff2a0000)
 concurrent mark-sweep generation total 13696K, used 5293K [0x00000000ff2a0000, 0x0000000100000000, 0x0000000100000000)
 Metaspace       used 5076K, capacity 5258K, committed 5504K, reserved 1056768K
  class space    used 557K, capacity 597K, committed 640K, reserved 1048576K
2024-07-16T11:01:39.692+0800: 4.572: [GC (Allocation Failure) 2024-07-16T11:01:39.692+0800: 4.572: [ParNew: 5233K->8K(6144K), 0.0014272 secs] 10527K->6325K(19840K), 0.0015298 secs] [Times: user=0.00 sys=0.00, real=0.00 secs] 
Heap after GC invocations=551 (full 69):
 par new generation   total 6144K, used 8K [0x00000000fec00000, 0x00000000ff2a0000, 0x00000000ff2a0000)
  eden space 5504K,   0% used [0x00000000fec00000, 0x00000000fec00000, 0x00000000ff160000)
  from space 640K,   1% used [0x00000000ff200000, 0x00000000ff202040, 0x00000000ff2a0000)
  to   space 640K,   0% used [0x00000000ff160000, 0x00000000ff160000, 0x00000000ff200000)
 concurrent mark-sweep generation total 13696K, used 6317K [0x00000000ff2a0000, 0x0000000100000000, 0x0000000100000000)
 Metaspace       used 5076K, capacity 5258K, committed 5504K, reserved 1056768K
  class space    used 557K, capacity 597K, committed 640K, reserved 1048576K
}
{Heap before GC invocations=551 (full 69):
 par new generation   total 6144K, used 5237K [0x00000000fec00000, 0x00000000ff2a0000, 0x00000000ff2a0000)
  eden space 5504K,  95% used [0x00000000fec00000, 0x00000000ff11b780, 0x00000000ff160000)
  from space 640K,   1% used [0x00000000ff200000, 0x00000000ff202040, 0x00000000ff2a0000)
  to   space 640K,   0% used [0x00000000ff160000, 0x00000000ff160000, 0x00000000ff200000)
 concurrent mark-sweep generation total 13696K, used 6317K [0x00000000ff2a0000, 0x0000000100000000, 0x0000000100000000)
 Metaspace       used 5076K, capacity 5258K, committed 5504K, reserved 1056768K
  class space    used 557K, capacity 597K, committed 640K, reserved 1048576K
2024-07-16T11:01:39.703+0800: 4.583: [GC (Allocation Failure) 2024-07-16T11:01:39.703+0800: 4.583: [ParNew: 5237K->8K(6144K), 0.0003710 secs] 11555K->7351K(19840K), 0.0004009 secs] [Times: user=0.00 sys=0.00, real=0.00 secs] 
Heap after GC invocations=552 (full 69):
 par new generation   total 6144K, used 8K [0x00000000fec00000, 0x00000000ff2a0000, 0x00000000ff2a0000)
  eden space 5504K,   0% used [0x00000000fec00000, 0x00000000fec00000, 0x00000000ff160000)
  from space 640K,   1% used [0x00000000ff160000, 0x00000000ff162040, 0x00000000ff200000)
  to   space 640K,   0% used [0x00000000ff200000, 0x00000000ff200000, 0x00000000ff2a0000)
 concurrent mark-sweep generation total 13696K, used 7343K [0x00000000ff2a0000, 0x0000000100000000, 0x0000000100000000)
 Metaspace       used 5076K, capacity 5258K, committed 5504K, reserved 1056768K
  class space    used 557K, capacity 597K, committed 640K, reserved 1048576K
}
{Heap before GC invocations=552 (full 69):
 par new generation   total 6144K, used 5237K [0x00000000fec00000, 0x00000000ff2a0000, 0x00000000ff2a0000)
  eden space 5504K,  95% used [0x00000000fec00000, 0x00000000ff11b780, 0x00000000ff160000)
  from space 640K,   1% used [0x00000000ff160000, 0x00000000ff162040, 0x00000000ff200000)
  to   space 640K,   0% used [0x00000000ff200000, 0x00000000ff200000, 0x00000000ff2a0000)
 concurrent mark-sweep generation total 13696K, used 7343K [0x00000000ff2a0000, 0x0000000100000000, 0x0000000100000000)
 Metaspace       used 5076K, capacity 5258K, committed 5504K, reserved 1056768K
  class space    used 557K, capacity 597K, committed 640K, reserved 1048576K
2024-07-16T11:01:39.709+0800: 4.590: [GC (Allocation Failure) 2024-07-16T11:01:39.709+0800: 4.590: [ParNew: 5237K->8K(6144K), 0.0003513 secs] 12581K->8377K(19840K), 0.0003762 secs] [Times: user=0.00 sys=0.00, real=0.00 secs] 
Heap after GC invocations=553 (full 69):
 par new generation   total 6144K, used 8K [0x00000000fec00000, 0x00000000ff2a0000, 0x00000000ff2a0000)
  eden space 5504K,   0% used [0x00000000fec00000, 0x00000000fec00000, 0x00000000ff160000)
  from space 640K,   1% used [0x00000000ff200000, 0x00000000ff202040, 0x00000000ff2a0000)
  to   space 640K,   0% used [0x00000000ff160000, 0x00000000ff160000, 0x00000000ff200000)
 concurrent mark-sweep generation total 13696K, used 8369K [0x00000000ff2a0000, 0x0000000100000000, 0x0000000100000000)
 Metaspace       used 5076K, capacity 5258K, committed 5504K, reserved 1056768K
  class space    used 557K, capacity 597K, committed 640K, reserved 1048576K
}
{Heap before GC invocations=553 (full 69):
 par new generation   total 6144K, used 5237K [0x00000000fec00000, 0x00000000ff2a0000, 0x00000000ff2a0000)
  eden space 5504K,  95% used [0x00000000fec00000, 0x00000000ff11b780, 0x00000000ff160000)
  from space 640K,   1% used [0x00000000ff200000, 0x00000000ff202040, 0x00000000ff2a0000)
  to   space 640K,   0% used [0x00000000ff160000, 0x00000000ff160000, 0x00000000ff200000)
 concurrent mark-sweep generation total 13696K, used 8369K [0x00000000ff2a0000, 0x0000000100000000, 0x0000000100000000)
 Metaspace       used 5076K, capacity 5258K, committed 5504K, reserved 1056768K
  class space    used 557K, capacity 597K, committed 640K, reserved 1048576K
2024-07-16T11:01:39.716+0800: 4.597: [GC (Allocation Failure) 2024-07-16T11:01:39.716+0800: 4.597: [ParNew: 5237K->8K(6144K), 0.0003939 secs] 13607K->9403K(19840K), 0.0004402 secs] [Times: user=0.00 sys=0.00, real=0.00 secs] 
Heap after GC invocations=554 (full 69):
 par new generation   total 6144K, used 8K [0x00000000fec00000, 0x00000000ff2a0000, 0x00000000ff2a0000)
  eden space 5504K,   0% used [0x00000000fec00000, 0x00000000fec00000, 0x00000000ff160000)
  from space 640K,   1% used [0x00000000ff160000, 0x00000000ff162040, 0x00000000ff200000)
  to   space 640K,   0% used [0x00000000ff200000, 0x00000000ff200000, 0x00000000ff2a0000)
 concurrent mark-sweep generation total 13696K, used 9395K [0x00000000ff2a0000, 0x0000000100000000, 0x0000000100000000)
 Metaspace       used 5076K, capacity 5258K, committed 5504K, reserved 1056768K
  class space    used 557K, capacity 597K, committed 640K, reserved 1048576K
}
{Heap before GC invocations=554 (full 69):
 par new generation   total 6144K, used 5237K [0x00000000fec00000, 0x00000000ff2a0000, 0x00000000ff2a0000)
  eden space 5504K,  95% used [0x00000000fec00000, 0x00000000ff11b780, 0x00000000ff160000)
  from space 640K,   1% used [0x00000000ff160000, 0x00000000ff162040, 0x00000000ff200000)
  to   space 640K,   0% used [0x00000000ff200000, 0x00000000ff200000, 0x00000000ff2a0000)
 concurrent mark-sweep generation total 13696K, used 9395K [0x00000000ff2a0000, 0x0000000100000000, 0x0000000100000000)
 Metaspace       used 5076K, capacity 5258K, committed 5504K, reserved 1056768K
  class space    used 557K, capacity 597K, committed 640K, reserved 1048576K
2024-07-16T11:01:39.723+0800: 4.604: [GC (Allocation Failure) 2024-07-16T11:01:39.723+0800: 4.604: [ParNew: 5237K->6K(6144K), 0.0003508 secs] 14633K->10427K(19840K), 0.0003922 secs] [Times: user=0.00 sys=0.00, real=0.00 secs] 
Heap after GC invocations=555 (full 69):
 par new generation   total 6144K, used 6K [0x00000000fec00000, 0x00000000ff2a0000, 0x00000000ff2a0000)
  eden space 5504K,   0% used [0x00000000fec00000, 0x00000000fec00000, 0x00000000ff160000)
  from space 640K,   0% used [0x00000000ff200000, 0x00000000ff201830, 0x00000000ff2a0000)
  to   space 640K,   0% used [0x00000000ff160000, 0x00000000ff160000, 0x00000000ff200000)
 concurrent mark-sweep generation total 13696K, used 10421K [0x00000000ff2a0000, 0x0000000100000000, 0x0000000100000000)
 Metaspace       used 5076K, capacity 5258K, committed 5504K, reserved 1056768K
  class space    used 557K, capacity 597K, committed 640K, reserved 1048576K
}
{Heap before GC invocations=555 (full 69):
 par new generation   total 6144K, used 5235K [0x00000000fec00000, 0x00000000ff2a0000, 0x00000000ff2a0000)
  eden space 5504K,  95% used [0x00000000fec00000, 0x00000000ff11b780, 0x00000000ff160000)
  from space 640K,   0% used [0x00000000ff200000, 0x00000000ff201830, 0x00000000ff2a0000)
  to   space 640K,   0% used [0x00000000ff160000, 0x00000000ff160000, 0x00000000ff200000)
 concurrent mark-sweep generation total 13696K, used 10421K [0x00000000ff2a0000, 0x0000000100000000, 0x0000000100000000)
 Metaspace       used 5076K, capacity 5258K, committed 5504K, reserved 1056768K
  class space    used 557K, capacity 597K, committed 640K, reserved 1048576K
2024-07-16T11:01:39.731+0800: 4.612: [GC (Allocation Failure) 2024-07-16T11:01:39.731+0800: 4.612: [ParNew: 5235K->6K(6144K), 0.0005481 secs] 15657K->11451K(19840K), 0.0005969 secs] [Times: user=0.00 sys=0.00, real=0.00 secs] 
Heap after GC invocations=556 (full 69):
 par new generation   total 6144K, used 6K [0x00000000fec00000, 0x00000000ff2a0000, 0x00000000ff2a0000)
  eden space 5504K,   0% used [0x00000000fec00000, 0x00000000fec00000, 0x00000000ff160000)
  from space 640K,   0% used [0x00000000ff160000, 0x00000000ff161830, 0x00000000ff200000)
  to   space 640K,   0% used [0x00000000ff200000, 0x00000000ff200000, 0x00000000ff2a0000)
 concurrent mark-sweep generation total 13696K, used 11445K [0x00000000ff2a0000, 0x0000000100000000, 0x0000000100000000)
 Metaspace       used 5076K, capacity 5258K, committed 5504K, reserved 1056768K
  class space    used 557K, capacity 597K, committed 640K, reserved 1048576K
}
{Heap before GC invocations=556 (full 69):
 par new generation   total 6144K, used 5235K [0x00000000fec00000, 0x00000000ff2a0000, 0x00000000ff2a0000)
  eden space 5504K,  95% used [0x00000000fec00000, 0x00000000ff11b780, 0x00000000ff160000)
  from space 640K,   0% used [0x00000000ff160000, 0x00000000ff161830, 0x00000000ff200000)
  to   space 640K,   0% used [0x00000000ff200000, 0x00000000ff200000, 0x00000000ff2a0000)
 concurrent mark-sweep generation total 13696K, used 11445K [0x00000000ff2a0000, 0x0000000100000000, 0x0000000100000000)
 Metaspace       used 5076K, capacity 5258K, committed 5504K, reserved 1056768K
  class space    used 557K, capacity 597K, committed 640K, reserved 1048576K
2024-07-16T11:01:39.737+0800: 4.618: [GC (Allocation Failure) 2024-07-16T11:01:39.737+0800: 4.618: [ParNew: 5235K->22K(6144K), 0.0004180 secs] 16681K->13516K(19840K), 0.0004489 secs] [Times: user=0.00 sys=0.00, real=0.00 secs] 
Heap after GC invocations=557 (full 69):
 par new generation   total 6144K, used 22K [0x00000000fec00000, 0x00000000ff2a0000, 0x00000000ff2a0000)
  eden space 5504K,   0% used [0x00000000fec00000, 0x00000000fec00000, 0x00000000ff160000)
  from space 640K,   3% used [0x00000000ff200000, 0x00000000ff205950, 0x00000000ff2a0000)
  to   space 640K,   0% used [0x00000000ff160000, 0x00000000ff160000, 0x00000000ff200000)
 concurrent mark-sweep generation total 13696K, used 13493K [0x00000000ff2a0000, 0x0000000100000000, 0x0000000100000000)
 Metaspace       used 5076K, capacity 5258K, committed 5504K, reserved 1056768K
  class space    used 557K, capacity 597K, committed 640K, reserved 1048576K
}
2024-07-16T11:01:39.737+0800: 4.618: [CMS-concurrent-abortable-preclean: 0.001/0.076 secs] [Times: user=0.00 sys=0.00, real=0.08 secs] 
2024-07-16T11:01:39.737+0800: 4.618: [GC (CMS Final Remark) [YG occupancy: 1156 K (6144 K)]2024-07-16T11:01:39.737+0800: 4.618: [Rescan (parallel) , 0.0001359 secs]2024-07-16T11:01:39.737+0800: 4.618: [weak refs processing, 0.0000074 secs]2024-07-16T11:01:39.737+0800: 4.618: [class unloading, 0.0002981 secs]2024-07-16T11:01:39.738+0800: 4.619: [scrub symbol table, 0.0003313 secs]2024-07-16T11:01:39.738+0800: 4.619: [scrub string table, 0.0000841 secs][1 CMS-remark: 13493K(13696K)] 14650K(19840K), 0.0008905 secs] [Times: user=0.00 sys=0.00, real=0.00 secs] 
2024-07-16T11:01:39.738+0800: 4.619: [CMS-concurrent-sweep-start]
2024-07-16T11:01:39.738+0800: 4.619: [CMS-concurrent-sweep: 0.000/0.000 secs] [Times: user=0.00 sys=0.00, real=0.00 secs] 
2024-07-16T11:01:39.738+0800: 4.619: [CMS-concurrent-reset-start]
2024-07-16T11:01:39.738+0800: 4.619: [CMS-concurrent-reset: 0.000/0.000 secs] [Times: user=0.00 sys=0.00, real=0.00 secs] 
{Heap before GC invocations=557 (full 69):
 par new generation   total 6144K, used 5252K [0x00000000fec00000, 0x00000000ff2a0000, 0x00000000ff2a0000)
  eden space 5504K,  95% used [0x00000000fec00000, 0x00000000ff11b780, 0x00000000ff160000)
  from space 640K,   3% used [0x00000000ff200000, 0x00000000ff205950, 0x00000000ff2a0000)
  to   space 640K,   0% used [0x00000000ff160000, 0x00000000ff160000, 0x00000000ff200000)
 concurrent mark-sweep generation total 13696K, used 10421K [0x00000000ff2a0000, 0x0000000100000000, 0x0000000100000000)
 Metaspace       used 5076K, capacity 5258K, committed 5504K, reserved 1056768K
  class space    used 557K, capacity 597K, committed 640K, reserved 1048576K
2024-07-16T11:01:39.745+0800: 4.626: [GC (Allocation Failure) 2024-07-16T11:01:39.745+0800: 4.626: [ParNew: 5252K->20K(6144K), 0.0003298 secs] 15673K->10442K(19840K), 0.0003610 secs] [Times: user=0.00 sys=0.00, real=0.00 secs] 
Heap after GC invocations=558 (full 69):
 par new generation   total 6144K, used 20K [0x00000000fec00000, 0x00000000ff2a0000, 0x00000000ff2a0000)
  eden space 5504K,   0% used [0x00000000fec00000, 0x00000000fec00000, 0x00000000ff160000)
  from space 640K,   3% used [0x00000000ff160000, 0x00000000ff165140, 0x00000000ff200000)
  to   space 640K,   0% used [0x00000000ff200000, 0x00000000ff200000, 0x00000000ff2a0000)
 concurrent mark-sweep generation total 13696K, used 10421K [0x00000000ff2a0000, 0x0000000100000000, 0x0000000100000000)
 Metaspace       used 5076K, capacity 5258K, committed 5504K, reserved 1056768K
  class space    used 557K, capacity 597K, committed 640K, reserved 1048576K
}
2024-07-16T11:01:39.745+0800: 4.626: [GC (CMS Initial Mark) [1 CMS-initial-mark: 10421K(13696K)] 11466K(19840K), 0.0001865 secs] [Times: user=0.00 sys=0.00, real=0.00 secs] 
2024-07-16T11:01:39.745+0800: 4.626: [CMS-concurrent-mark-start]
2024-07-16T11:01:39.747+0800: 4.627: [CMS-concurrent-mark: 0.001/0.001 secs] [Times: user=0.00 sys=0.00, real=0.00 secs] 
2024-07-16T11:01:39.747+0800: 4.628: [CMS-concurrent-preclean-start]
2024-07-16T11:01:39.747+0800: 4.628: [CMS-concurrent-preclean: 0.000/0.000 secs] [Times: user=0.00 sys=0.00, real=0.00 secs] 
2024-07-16T11:01:39.747+0800: 4.628: [CMS-concurrent-abortable-preclean-start]
{Heap before GC invocations=558 (full 70):
 par new generation   total 6144K, used 5250K [0x00000000fec00000, 0x00000000ff2a0000, 0x00000000ff2a0000)
  eden space 5504K,  95% used [0x00000000fec00000, 0x00000000ff11b7f8, 0x00000000ff160000)
  from space 640K,   3% used [0x00000000ff160000, 0x00000000ff165140, 0x00000000ff200000)
  to   space 640K,   0% used [0x00000000ff200000, 0x00000000ff200000, 0x00000000ff2a0000)
 concurrent mark-sweep generation total 13696K, used 10421K [0x00000000ff2a0000, 0x0000000100000000, 0x0000000100000000)
 Metaspace       used 5076K, capacity 5258K, committed 5504K, reserved 1056768K
  class space    used 557K, capacity 597K, committed 640K, reserved 1048576K
2024-07-16T11:01:39.752+0800: 4.633: [GC (Allocation Failure) 2024-07-16T11:01:39.752+0800: 4.633: [ParNew: 5250K->24K(6144K), 0.0004049 secs] 15671K->11470K(19840K), 0.0004390 secs] [Times: user=0.00 sys=0.00, real=0.00 secs] 
Heap after GC invocations=559 (full 70):
 par new generation   total 6144K, used 24K [0x00000000fec00000, 0x00000000ff2a0000, 0x00000000ff2a0000)
  eden space 5504K,   0% used [0x00000000fec00000, 0x00000000fec00000, 0x00000000ff160000)
  from space 640K,   3% used [0x00000000ff200000, 0x00000000ff206160, 0x00000000ff2a0000)
  to   space 640K,   0% used [0x00000000ff160000, 0x00000000ff160000, 0x00000000ff200000)
 concurrent mark-sweep generation total 13696K, used 11445K [0x00000000ff2a0000, 0x0000000100000000, 0x0000000100000000)
 Metaspace       used 5076K, capacity 5258K, committed 5504K, reserved 1056768K
  class space    used 557K, capacity 597K, committed 640K, reserved 1048576K
}
{Heap before GC invocations=559 (full 70):
 par new generation   total 6144K, used 5254K [0x00000000fec00000, 0x00000000ff2a0000, 0x00000000ff2a0000)
  eden space 5504K,  95% used [0x00000000fec00000, 0x00000000ff11b7c8, 0x00000000ff160000)
  from space 640K,   3% used [0x00000000ff200000, 0x00000000ff206160, 0x00000000ff2a0000)
  to   space 640K,   0% used [0x00000000ff160000, 0x00000000ff160000, 0x00000000ff200000)
 concurrent mark-sweep generation total 13696K, used 11445K [0x00000000ff2a0000, 0x0000000100000000, 0x0000000100000000)
 Metaspace       used 5076K, capacity 5258K, committed 5504K, reserved 1056768K
  class space    used 557K, capacity 597K, committed 640K, reserved 1048576K
2024-07-16T11:01:39.759+0800: 4.639: [GC (Allocation Failure) 2024-07-16T11:01:39.759+0800: 4.640: [ParNew: 5254K->22K(6144K), 0.0004344 secs] 16699K->12494K(19840K), 0.0004612 secs] [Times: user=0.00 sys=0.00, real=0.00 secs] 
Heap after GC invocations=560 (full 70):
 par new generation   total 6144K, used 22K [0x00000000fec00000, 0x00000000ff2a0000, 0x00000000ff2a0000)
  eden space 5504K,   0% used [0x00000000fec00000, 0x00000000fec00000, 0x00000000ff160000)
  from space 640K,   3% used [0x00000000ff160000, 0x00000000ff165950, 0x00000000ff200000)
  to   space 640K,   0% used [0x00000000ff200000, 0x00000000ff200000, 0x00000000ff2a0000)
 concurrent mark-sweep generation total 13696K, used 12471K [0x00000000ff2a0000, 0x0000000100000000, 0x0000000100000000)
 Metaspace       used 5076K, capacity 5258K, committed 5504K, reserved 1056768K
  class space    used 557K, capacity 597K, committed 640K, reserved 1048576K
}
{Heap before GC invocations=560 (full 70):
 par new generation   total 6144K, used 5252K [0x00000000fec00000, 0x00000000ff2a0000, 0x00000000ff2a0000)
  eden space 5504K,  95% used [0x00000000fec00000, 0x00000000ff11b7b0, 0x00000000ff160000)
  from space 640K,   3% used [0x00000000ff160000, 0x00000000ff165950, 0x00000000ff200000)
  to   space 640K,   0% used [0x00000000ff200000, 0x00000000ff200000, 0x00000000ff2a0000)
 concurrent mark-sweep generation total 13696K, used 12471K [0x00000000ff2a0000, 0x0000000100000000, 0x0000000100000000)
 Metaspace       used 5076K, capacity 5258K, committed 5504K, reserved 1056768K
  class space    used 557K, capacity 597K, committed 640K, reserved 1048576K
2024-07-16T11:01:39.767+0800: 4.647: [GC (Allocation Failure) 2024-07-16T11:01:39.767+0800: 4.648: [ParNew: 5252K->5252K(6144K), 0.0000103 secs]2024-07-16T11:01:39.767+0800: 4.648: [CMS2024-07-16T11:01:39.767+0800: 4.648: [CMS-concurrent-abortable-preclean: 0.000/0.020 secs] [Times: user=0.00 sys=0.00, real=0.02 secs] 
 (concurrent mode failure): 12471K->1196K(13696K), 0.0020923 secs] 17724K->1196K(19840K), [Metaspace: 5076K->5076K(1056768K)], 0.0021393 secs] [Times: user=0.01 sys=0.00, real=0.00 secs] 
Heap after GC invocations=561 (full 71):
 par new generation   total 6144K, used 0K [0x00000000fec00000, 0x00000000ff2a0000, 0x00000000ff2a0000)
  eden space 5504K,   0% used [0x00000000fec00000, 0x00000000fec00000, 0x00000000ff160000)
  from space 640K,   0% used [0x00000000ff160000, 0x00000000ff160000, 0x00000000ff200000)
  to   space 640K,   0% used [0x00000000ff200000, 0x00000000ff200000, 0x00000000ff2a0000)
 concurrent mark-sweep generation total 13696K, used 1196K [0x00000000ff2a0000, 0x0000000100000000, 0x0000000100000000)
 Metaspace       used 5076K, capacity 5258K, committed 5504K, reserved 1056768K
  class space    used 557K, capacity 597K, committed 640K, reserved 1048576K
}
{Heap before GC invocations=561 (full 71):
 par new generation   total 6144K, used 5229K [0x00000000fec00000, 0x00000000ff2a0000, 0x00000000ff2a0000)
  eden space 5504K,  95% used [0x00000000fec00000, 0x00000000ff11b7a0, 0x00000000ff160000)
  from space 640K,   0% used [0x00000000ff160000, 0x00000000ff160000, 0x00000000ff200000)
  to   space 640K,   0% used [0x00000000ff200000, 0x00000000ff200000, 0x00000000ff2a0000)
 concurrent mark-sweep generation total 13696K, used 1196K [0x00000000ff2a0000, 0x0000000100000000, 0x0000000100000000)
 Metaspace       used 5076K, capacity 5258K, committed 5504K, reserved 1056768K
  class space    used 557K, capacity 597K, committed 640K, reserved 1048576K
2024-07-16T11:01:39.775+0800: 4.656: [GC (Allocation Failure) 2024-07-16T11:01:39.775+0800: 4.656: [ParNew: 5229K->6K(6144K), 0.0005039 secs] 6426K->2228K(19840K), 0.0005745 secs] [Times: user=0.00 sys=0.00, real=0.00 secs] 
Heap after GC invocations=562 (full 71):
 par new generation   total 6144K, used 6K [0x00000000fec00000, 0x00000000ff2a0000, 0x00000000ff2a0000)
  eden space 5504K,   0% used [0x00000000fec00000, 0x00000000fec00000, 0x00000000ff160000)
  from space 640K,   0% used [0x00000000ff200000, 0x00000000ff201830, 0x00000000ff2a0000)
  to   space 640K,   0% used [0x00000000ff160000, 0x00000000ff160000, 0x00000000ff200000)
 concurrent mark-sweep generation total 13696K, used 2222K [0x00000000ff2a0000, 0x0000000100000000, 0x0000000100000000)
 Metaspace       used 5076K, capacity 5258K, committed 5504K, reserved 1056768K
  class space    used 557K, capacity 597K, committed 640K, reserved 1048576K
}
{Heap before GC invocations=562 (full 71):
 par new generation   total 6144K, used 5235K [0x00000000fec00000, 0x00000000ff2a0000, 0x00000000ff2a0000)
  eden space 5504K,  95% used [0x00000000fec00000, 0x00000000ff11b790, 0x00000000ff160000)
  from space 640K,   0% used [0x00000000ff200000, 0x00000000ff201830, 0x00000000ff2a0000)
  to   space 640K,   0% used [0x00000000ff160000, 0x00000000ff160000, 0x00000000ff200000)
 concurrent mark-sweep generation total 13696K, used 2222K [0x00000000ff2a0000, 0x0000000100000000, 0x0000000100000000)
 Metaspace       used 5076K, capacity 5258K, committed 5504K, reserved 1056768K
  class space    used 557K, capacity 597K, committed 640K, reserved 1048576K
2024-07-16T11:01:39.781+0800: 4.662: [GC (Allocation Failure) 2024-07-16T11:01:39.781+0800: 4.662: [ParNew: 5235K->6K(6144K), 0.0007241 secs] 7458K->3254K(19840K), 0.0007884 secs] [Times: user=0.00 sys=0.00, real=0.00 secs] 
Heap after GC invocations=563 (full 71):
 par new generation   total 6144K, used 6K [0x00000000fec00000, 0x00000000ff2a0000, 0x00000000ff2a0000)
  eden space 5504K,   0% used [0x00000000fec00000, 0x00000000fec00000, 0x00000000ff160000)
  from space 640K,   0% used [0x00000000ff160000, 0x00000000ff161830, 0x00000000ff200000)
  to   space 640K,   0% used [0x00000000ff200000, 0x00000000ff200000, 0x00000000ff2a0000)
 concurrent mark-sweep generation total 13696K, used 3248K [0x00000000ff2a0000, 0x0000000100000000, 0x0000000100000000)
 Metaspace       used 5076K, capacity 5258K, committed 5504K, reserved 1056768K
  class space    used 557K, capacity 597K, committed 640K, reserved 1048576K
}
2024-07-16T11:01:39.782+0800: 4.663: [GC (CMS Initial Mark) [1 CMS-initial-mark: 3248K(13696K)] 4280K(19840K), 0.0002305 secs] [Times: user=0.00 sys=0.00, real=0.00 secs] 
2024-07-16T11:01:39.782+0800: 4.663: [CMS-concurrent-mark-start]
2024-07-16T11:01:39.786+0800: 4.667: [CMS-concurrent-mark: 0.004/0.004 secs] [Times: user=0.05 sys=0.00, real=0.00 secs] 
2024-07-16T11:01:39.786+0800: 4.667: [CMS-concurrent-preclean-start]
2024-07-16T11:01:39.786+0800: 4.667: [CMS-concurrent-preclean: 0.000/0.000 secs] [Times: user=0.00 sys=0.00, real=0.00 secs] 
2024-07-16T11:01:39.786+0800: 4.667: [CMS-concurrent-abortable-preclean-start]
{Heap before GC invocations=563 (full 72):
 par new generation   total 6144K, used 5235K [0x00000000fec00000, 0x00000000ff2a0000, 0x00000000ff2a0000)
  eden space 5504K,  95% used [0x00000000fec00000, 0x00000000ff11b788, 0x00000000ff160000)
  from space 640K,   0% used [0x00000000ff160000, 0x00000000ff161830, 0x00000000ff200000)
  to   space 640K,   0% used [0x00000000ff200000, 0x00000000ff200000, 0x00000000ff2a0000)
 concurrent mark-sweep generation total 13696K, used 3248K [0x00000000ff2a0000, 0x0000000100000000, 0x0000000100000000)
 Metaspace       used 5076K, capacity 5258K, committed 5504K, reserved 1056768K
  class space    used 557K, capacity 597K, committed 640K, reserved 1048576K
2024-07-16T11:01:39.790+0800: 4.671: [GC (Allocation Failure) 2024-07-16T11:01:39.790+0800: 4.671: [ParNew: 5235K->2K(6144K), 0.0003704 secs] 8484K->3250K(19840K), 0.0004101 secs] [Times: user=0.00 sys=0.00, real=0.00 secs] 
Heap after GC invocations=564 (full 72):
 par new generation   total 6144K, used 2K [0x00000000fec00000, 0x00000000ff2a0000, 0x00000000ff2a0000)
  eden space 5504K,   0% used [0x00000000fec00000, 0x00000000fec00000, 0x00000000ff160000)
  from space 640K,   0% used [0x00000000ff200000, 0x00000000ff200810, 0x00000000ff2a0000)
  to   space 640K,   0% used [0x00000000ff160000, 0x00000000ff160000, 0x00000000ff200000)
 concurrent mark-sweep generation total 13696K, used 3248K [0x00000000ff2a0000, 0x0000000100000000, 0x0000000100000000)
 Metaspace       used 5076K, capacity 5258K, committed 5504K, reserved 1056768K
  class space    used 557K, capacity 597K, committed 640K, reserved 1048576K
}
{Heap before GC invocations=564 (full 72):
 par new generation   total 6144K, used 5231K [0x00000000fec00000, 0x00000000ff2a0000, 0x00000000ff2a0000)
  eden space 5504K,  95% used [0x00000000fec00000, 0x00000000ff11b788, 0x00000000ff160000)
  from space 640K,   0% used [0x00000000ff200000, 0x00000000ff200810, 0x00000000ff2a0000)
  to   space 640K,   0% used [0x00000000ff160000, 0x00000000ff160000, 0x00000000ff200000)
 concurrent mark-sweep generation total 13696K, used 3248K [0x00000000ff2a0000, 0x0000000100000000, 0x0000000100000000)
 Metaspace       used 5076K, capacity 5258K, committed 5504K, reserved 1056768K
  class space    used 557K, capacity 597K, committed 640K, reserved 1048576K
2024-07-16T11:01:39.797+0800: 4.678: [GC (Allocation Failure) 2024-07-16T11:01:39.797+0800: 4.678: [ParNew: 5231K->4K(6144K), 0.0011784 secs] 8480K->3252K(19840K), 0.0012339 secs] [Times: user=0.00 sys=0.00, real=0.00 secs] 
Heap after GC invocations=565 (full 72):
 par new generation   total 6144K, used 4K [0x00000000fec00000, 0x00000000ff2a0000, 0x00000000ff2a0000)
  eden space 5504K,   0% used [0x00000000fec00000, 0x00000000fec00000, 0x00000000ff160000)
  from space 640K,   0% used [0x00000000ff160000, 0x00000000ff161020, 0x00000000ff200000)
  to   space 640K,   0% used [0x00000000ff200000, 0x00000000ff200000, 0x00000000ff2a0000)
 concurrent mark-sweep generation total 13696K, used 3248K [0x00000000ff2a0000, 0x0000000100000000, 0x0000000100000000)
 Metaspace       used 5076K, capacity 5258K, committed 5504K, reserved 1056768K
  class space    used 557K, capacity 597K, committed 640K, reserved 1048576K
}
{Heap before GC invocations=565 (full 72):
 par new generation   total 6144K, used 5233K [0x00000000fec00000, 0x00000000ff2a0000, 0x00000000ff2a0000)
  eden space 5504K,  95% used [0x00000000fec00000, 0x00000000ff11b780, 0x00000000ff160000)
  from space 640K,   0% used [0x00000000ff160000, 0x00000000ff161020, 0x00000000ff200000)
  to   space 640K,   0% used [0x00000000ff200000, 0x00000000ff200000, 0x00000000ff2a0000)
 concurrent mark-sweep generation total 13696K, used 3248K [0x00000000ff2a0000, 0x0000000100000000, 0x0000000100000000)
 Metaspace       used 5076K, capacity 5258K, committed 5504K, reserved 1056768K
  class space    used 557K, capacity 597K, committed 640K, reserved 1048576K
2024-07-16T11:01:39.805+0800: 4.686: [GC (Allocation Failure) 2024-07-16T11:01:39.805+0800: 4.686: [ParNew: 5233K->4K(6144K), 0.0011488 secs] 8482K->4278K(19840K), 0.0012261 secs] [Times: user=0.00 sys=0.00, real=0.00 secs] 
Heap after GC invocations=566 (full 72):
 par new generation   total 6144K, used 4K [0x00000000fec00000, 0x00000000ff2a0000, 0x00000000ff2a0000)
  eden space 5504K,   0% used [0x00000000fec00000, 0x00000000fec00000, 0x00000000ff160000)
  from space 640K,   0% used [0x00000000ff200000, 0x00000000ff201020, 0x00000000ff2a0000)
  to   space 640K,   0% used [0x00000000ff160000, 0x00000000ff160000, 0x00000000ff200000)
 concurrent mark-sweep generation total 13696K, used 4274K [0x00000000ff2a0000, 0x0000000100000000, 0x0000000100000000)
 Metaspace       used 5076K, capacity 5258K, committed 5504K, reserved 1056768K
  class space    used 557K, capacity 597K, committed 640K, reserved 1048576K
}
{Heap before GC invocations=566 (full 72):
 par new generation   total 6144K, used 5233K [0x00000000fec00000, 0x00000000ff2a0000, 0x00000000ff2a0000)
  eden space 5504K,  95% used [0x00000000fec00000, 0x00000000ff11b780, 0x00000000ff160000)
  from space 640K,   0% used [0x00000000ff200000, 0x00000000ff201020, 0x00000000ff2a0000)
  to   space 640K,   0% used [0x00000000ff160000, 0x00000000ff160000, 0x00000000ff200000)
 concurrent mark-sweep generation total 13696K, used 4274K [0x00000000ff2a0000, 0x0000000100000000, 0x0000000100000000)
 Metaspace       used 5076K, capacity 5258K, committed 5504K, reserved 1056768K
  class space    used 557K, capacity 597K, committed 640K, reserved 1048576K
2024-07-16T11:01:39.813+0800: 4.694: [GC (Allocation Failure) 2024-07-16T11:01:39.813+0800: 4.694: [ParNew: 5233K->8K(6144K), 0.0012943 secs] 9508K->5306K(19840K), 0.0013692 secs] [Times: user=0.14 sys=0.02, real=0.00 secs] 
Heap after GC invocations=567 (full 72):
 par new generation   total 6144K, used 8K [0x00000000fec00000, 0x00000000ff2a0000, 0x00000000ff2a0000)
  eden space 5504K,   0% used [0x00000000fec00000, 0x00000000fec00000, 0x00000000ff160000)
  from space 640K,   1% used [0x00000000ff160000, 0x00000000ff162040, 0x00000000ff200000)
  to   space 640K,   0% used [0x00000000ff200000, 0x00000000ff200000, 0x00000000ff2a0000)
 concurrent mark-sweep generation total 13696K, used 5298K [0x00000000ff2a0000, 0x0000000100000000, 0x0000000100000000)
 Metaspace       used 5076K, capacity 5258K, committed 5504K, reserved 1056768K
  class space    used 557K, capacity 597K, committed 640K, reserved 1048576K
}
{Heap before GC invocations=567 (full 72):
 par new generation   total 6144K, used 5237K [0x00000000fec00000, 0x00000000ff2a0000, 0x00000000ff2a0000)
  eden space 5504K,  95% used [0x00000000fec00000, 0x00000000ff11b780, 0x00000000ff160000)
  from space 640K,   1% used [0x00000000ff160000, 0x00000000ff162040, 0x00000000ff200000)
  to   space 640K,   0% used [0x00000000ff200000, 0x00000000ff200000, 0x00000000ff2a0000)
 concurrent mark-sweep generation total 13696K, used 5298K [0x00000000ff2a0000, 0x0000000100000000, 0x0000000100000000)
 Metaspace       used 5076K, capacity 5258K, committed 5504K, reserved 1056768K
  class space    used 557K, capacity 597K, committed 640K, reserved 1048576K
2024-07-16T11:01:39.821+0800: 4.702: [GC (Allocation Failure) 2024-07-16T11:01:39.821+0800: 4.702: [ParNew: 5237K->6K(6144K), 0.0011485 secs] 10536K->6331K(19840K), 0.0012795 secs] [Times: user=0.00 sys=0.00, real=0.00 secs] 
Heap after GC invocations=568 (full 72):
 par new generation   total 6144K, used 6K [0x00000000fec00000, 0x00000000ff2a0000, 0x00000000ff2a0000)
  eden space 5504K,   0% used [0x00000000fec00000, 0x00000000fec00000, 0x00000000ff160000)
  from space 640K,   0% used [0x00000000ff200000, 0x00000000ff201830, 0x00000000ff2a0000)
  to   space 640K,   0% used [0x00000000ff160000, 0x00000000ff160000, 0x00000000ff200000)
 concurrent mark-sweep generation total 13696K, used 6324K [0x00000000ff2a0000, 0x0000000100000000, 0x0000000100000000)
 Metaspace       used 5076K, capacity 5258K, committed 5504K, reserved 1056768K
  class space    used 557K, capacity 597K, committed 640K, reserved 1048576K
}
{Heap before GC invocations=568 (full 72):
 par new generation   total 6144K, used 5235K [0x00000000fec00000, 0x00000000ff2a0000, 0x00000000ff2a0000)
  eden space 5504K,  95% used [0x00000000fec00000, 0x00000000ff11b780, 0x00000000ff160000)
  from space 640K,   0% used [0x00000000ff200000, 0x00000000ff201830, 0x00000000ff2a0000)
  to   space 640K,   0% used [0x00000000ff160000, 0x00000000ff160000, 0x00000000ff200000)
 concurrent mark-sweep generation total 13696K, used 6324K [0x00000000ff2a0000, 0x0000000100000000, 0x0000000100000000)
 Metaspace       used 5076K, capacity 5258K, committed 5504K, reserved 1056768K
  class space    used 557K, capacity 597K, committed 640K, reserved 1048576K
2024-07-16T11:01:39.828+0800: 4.709: [GC (Allocation Failure) 2024-07-16T11:01:39.828+0800: 4.709: [ParNew: 5235K->6K(6144K), 0.0013016 secs] 11560K->7357K(19840K), 0.0014109 secs] [Times: user=0.00 sys=0.00, real=0.00 secs] 
Heap after GC invocations=569 (full 72):
 par new generation   total 6144K, used 6K [0x00000000fec00000, 0x00000000ff2a0000, 0x00000000ff2a0000)
  eden space 5504K,   0% used [0x00000000fec00000, 0x00000000fec00000, 0x00000000ff160000)
  from space 640K,   0% used [0x00000000ff160000, 0x00000000ff161830, 0x00000000ff200000)
  to   space 640K,   0% used [0x00000000ff200000, 0x00000000ff200000, 0x00000000ff2a0000)
 concurrent mark-sweep generation total 13696K, used 7351K [0x00000000ff2a0000, 0x0000000100000000, 0x0000000100000000)
 Metaspace       used 5076K, capacity 5258K, committed 5504K, reserved 1056768K
  class space    used 557K, capacity 597K, committed 640K, reserved 1048576K
}
{Heap before GC invocations=569 (full 72):
 par new generation   total 6144K, used 5235K [0x00000000fec00000, 0x00000000ff2a0000, 0x00000000ff2a0000)
  eden space 5504K,  95% used [0x00000000fec00000, 0x00000000ff11b780, 0x00000000ff160000)
  from space 640K,   0% used [0x00000000ff160000, 0x00000000ff161830, 0x00000000ff200000)
  to   space 640K,   0% used [0x00000000ff200000, 0x00000000ff200000, 0x00000000ff2a0000)
 concurrent mark-sweep generation total 13696K, used 7351K [0x00000000ff2a0000, 0x0000000100000000, 0x0000000100000000)
 Metaspace       used 5076K, capacity 5258K, committed 5504K, reserved 1056768K
  class space    used 557K, capacity 597K, committed 640K, reserved 1048576K
2024-07-16T11:01:39.837+0800: 4.717: [GC (Allocation Failure) 2024-07-16T11:01:39.837+0800: 4.717: [ParNew: 5235K->4K(6144K), 0.0012437 secs] 12586K->7355K(19840K), 0.0013380 secs] [Times: user=0.00 sys=0.00, real=0.00 secs] 
Heap after GC invocations=570 (full 72):
 par new generation   total 6144K, used 4K [0x00000000fec00000, 0x00000000ff2a0000, 0x00000000ff2a0000)
  eden space 5504K,   0% used [0x00000000fec00000, 0x00000000fec00000, 0x00000000ff160000)
  from space 640K,   0% used [0x00000000ff200000, 0x00000000ff201020, 0x00000000ff2a0000)
  to   space 640K,   0% used [0x00000000ff160000, 0x00000000ff160000, 0x00000000ff200000)
 concurrent mark-sweep generation total 13696K, used 7351K [0x00000000ff2a0000, 0x0000000100000000, 0x0000000100000000)
 Metaspace       used 5076K, capacity 5258K, committed 5504K, reserved 1056768K
  class space    used 557K, capacity 597K, committed 640K, reserved 1048576K
}
{Heap before GC invocations=570 (full 72):
 par new generation   total 6144K, used 5233K [0x00000000fec00000, 0x00000000ff2a0000, 0x00000000ff2a0000)
  eden space 5504K,  95% used [0x00000000fec00000, 0x00000000ff11b780, 0x00000000ff160000)
  from space 640K,   0% used [0x00000000ff200000, 0x00000000ff201020, 0x00000000ff2a0000)
  to   space 640K,   0% used [0x00000000ff160000, 0x00000000ff160000, 0x00000000ff200000)
 concurrent mark-sweep generation total 13696K, used 7351K [0x00000000ff2a0000, 0x0000000100000000, 0x0000000100000000)
 Metaspace       used 5076K, capacity 5258K, committed 5504K, reserved 1056768K
  class space    used 557K, capacity 597K, committed 640K, reserved 1048576K
2024-07-16T11:01:39.845+0800: 4.725: [GC (Allocation Failure) 2024-07-16T11:01:39.845+0800: 4.725: [ParNew: 5233K->4K(6144K), 0.0012154 secs] 12584K->7355K(19840K), 0.0014409 secs] [Times: user=0.16 sys=0.00, real=0.00 secs] 
Heap after GC invocations=571 (full 72):
 par new generation   total 6144K, used 4K [0x00000000fec00000, 0x00000000ff2a0000, 0x00000000ff2a0000)
  eden space 5504K,   0% used [0x00000000fec00000, 0x00000000fec00000, 0x00000000ff160000)
  from space 640K,   0% used [0x00000000ff160000, 0x00000000ff161020, 0x00000000ff200000)
  to   space 640K,   0% used [0x00000000ff200000, 0x00000000ff200000, 0x00000000ff2a0000)
 concurrent mark-sweep generation total 13696K, used 7351K [0x00000000ff2a0000, 0x0000000100000000, 0x0000000100000000)
 Metaspace       used 5076K, capacity 5258K, committed 5504K, reserved 1056768K
  class space    used 557K, capacity 597K, committed 640K, reserved 1048576K
}
{Heap before GC invocations=571 (full 72):
 par new generation   total 6144K, used 5233K [0x00000000fec00000, 0x00000000ff2a0000, 0x00000000ff2a0000)
  eden space 5504K,  95% used [0x00000000fec00000, 0x00000000ff11b780, 0x00000000ff160000)
  from space 640K,   0% used [0x00000000ff160000, 0x00000000ff161020, 0x00000000ff200000)
  to   space 640K,   0% used [0x00000000ff200000, 0x00000000ff200000, 0x00000000ff2a0000)
 concurrent mark-sweep generation total 13696K, used 7351K [0x00000000ff2a0000, 0x0000000100000000, 0x0000000100000000)
 Metaspace       used 5076K, capacity 5258K, committed 5504K, reserved 1056768K
  class space    used 557K, capacity 597K, committed 640K, reserved 1048576K
2024-07-16T11:01:39.854+0800: 4.734: [GC (Allocation Failure) 2024-07-16T11:01:39.854+0800: 4.734: [ParNew: 5233K->4K(6144K), 0.0010288 secs] 12584K->7355K(19840K), 0.0011045 secs] [Times: user=0.00 sys=0.00, real=0.00 secs] 
Heap after GC invocations=572 (full 72):
 par new generation   total 6144K, used 4K [0x00000000fec00000, 0x00000000ff2a0000, 0x00000000ff2a0000)
  eden space 5504K,   0% used [0x00000000fec00000, 0x00000000fec00000, 0x00000000ff160000)
  from space 640K,   0% used [0x00000000ff200000, 0x00000000ff201020, 0x00000000ff2a0000)
  to   space 640K,   0% used [0x00000000ff160000, 0x00000000ff160000, 0x00000000ff200000)
 concurrent mark-sweep generation total 13696K, used 7351K [0x00000000ff2a0000, 0x0000000100000000, 0x0000000100000000)
 Metaspace       used 5076K, capacity 5258K, committed 5504K, reserved 1056768K
  class space    used 557K, capacity 597K, committed 640K, reserved 1048576K
}
{Heap before GC invocations=572 (full 72):
 par new generation   total 6144K, used 5233K [0x00000000fec00000, 0x00000000ff2a0000, 0x00000000ff2a0000)
  eden space 5504K,  95% used [0x00000000fec00000, 0x00000000ff11b780, 0x00000000ff160000)
  from space 640K,   0% used [0x00000000ff200000, 0x00000000ff201020, 0x00000000ff2a0000)
  to   space 640K,   0% used [0x00000000ff160000, 0x00000000ff160000, 0x00000000ff200000)
 concurrent mark-sweep generation total 13696K, used 7351K [0x00000000ff2a0000, 0x0000000100000000, 0x0000000100000000)
 Metaspace       used 5076K, capacity 5258K, committed 5504K, reserved 1056768K
  class space    used 557K, capacity 597K, committed 640K, reserved 1048576K
2024-07-16T11:01:39.863+0800: 4.743: [GC (Allocation Failure) 2024-07-16T11:01:39.863+0800: 4.743: [ParNew: 5233K->8K(6144K), 0.0012984 secs] 12584K->8383K(19840K), 0.0013953 secs] [Times: user=0.00 sys=0.00, real=0.00 secs] 
Heap after GC invocations=573 (full 72):
 par new generation   total 6144K, used 8K [0x00000000fec00000, 0x00000000ff2a0000, 0x00000000ff2a0000)
  eden space 5504K,   0% used [0x00000000fec00000, 0x00000000fec00000, 0x00000000ff160000)
  from space 640K,   1% used [0x00000000ff160000, 0x00000000ff162040, 0x00000000ff200000)
  to   space 640K,   0% used [0x00000000ff200000, 0x00000000ff200000, 0x00000000ff2a0000)
 concurrent mark-sweep generation total 13696K, used 8375K [0x00000000ff2a0000, 0x0000000100000000, 0x0000000100000000)
 Metaspace       used 5076K, capacity 5258K, committed 5504K, reserved 1056768K
  class space    used 557K, capacity 597K, committed 640K, reserved 1048576K
}
{Heap before GC invocations=573 (full 72):
 par new generation   total 6144K, used 5237K [0x00000000fec00000, 0x00000000ff2a0000, 0x00000000ff2a0000)
  eden space 5504K,  95% used [0x00000000fec00000, 0x00000000ff11b780, 0x00000000ff160000)
  from space 640K,   1% used [0x00000000ff160000, 0x00000000ff162040, 0x00000000ff200000)
  to   space 640K,   0% used [0x00000000ff200000, 0x00000000ff200000, 0x00000000ff2a0000)
 concurrent mark-sweep generation total 13696K, used 8375K [0x00000000ff2a0000, 0x0000000100000000, 0x0000000100000000)
 Metaspace       used 5076K, capacity 5258K, committed 5504K, reserved 1056768K
  class space    used 557K, capacity 597K, committed 640K, reserved 1048576K
2024-07-16T11:01:39.872+0800: 4.752: [GC (Allocation Failure) 2024-07-16T11:01:39.872+0800: 4.752: [ParNew: 5237K->2K(6144K), 0.0002405 secs] 13612K->8377K(19840K), 0.0002642 secs] [Times: user=0.00 sys=0.00, real=0.00 secs] 
Heap after GC invocations=574 (full 72):
 par new generation   total 6144K, used 2K [0x00000000fec00000, 0x00000000ff2a0000, 0x00000000ff2a0000)
  eden space 5504K,   0% used [0x00000000fec00000, 0x00000000fec00000, 0x00000000ff160000)
  from space 640K,   0% used [0x00000000ff200000, 0x00000000ff200810, 0x00000000ff2a0000)
  to   space 640K,   0% used [0x00000000ff160000, 0x00000000ff160000, 0x00000000ff200000)
 concurrent mark-sweep generation total 13696K, used 8375K [0x00000000ff2a0000, 0x0000000100000000, 0x0000000100000000)
 Metaspace       used 5076K, capacity 5258K, committed 5504K, reserved 1056768K
  class space    used 557K, capacity 597K, committed 640K, reserved 1048576K
}
{Heap before GC invocations=574 (full 72):
 par new generation   total 6144K, used 5231K [0x00000000fec00000, 0x00000000ff2a0000, 0x00000000ff2a0000)
  eden space 5504K,  95% used [0x00000000fec00000, 0x00000000ff11b780, 0x00000000ff160000)
  from space 640K,   0% used [0x00000000ff200000, 0x00000000ff200810, 0x00000000ff2a0000)
  to   space 640K,   0% used [0x00000000ff160000, 0x00000000ff160000, 0x00000000ff200000)
 concurrent mark-sweep generation total 13696K, used 8375K [0x00000000ff2a0000, 0x0000000100000000, 0x0000000100000000)
 Metaspace       used 5076K, capacity 5258K, committed 5504K, reserved 1056768K
  class space    used 557K, capacity 597K, committed 640K, reserved 1048576K
2024-07-16T11:01:39.878+0800: 4.758: [GC (Allocation Failure) 2024-07-16T11:01:39.878+0800: 4.758: [ParNew: 5231K->8K(6144K), 0.0003514 secs] 13606K->9407K(19840K), 0.0003838 secs] [Times: user=0.00 sys=0.00, real=0.00 secs] 
Heap after GC invocations=575 (full 72):
 par new generation   total 6144K, used 8K [0x00000000fec00000, 0x00000000ff2a0000, 0x00000000ff2a0000)
  eden space 5504K,   0% used [0x00000000fec00000, 0x00000000fec00000, 0x00000000ff160000)
  from space 640K,   1% used [0x00000000ff160000, 0x00000000ff162040, 0x00000000ff200000)
  to   space 640K,   0% used [0x00000000ff200000, 0x00000000ff200000, 0x00000000ff2a0000)
 concurrent mark-sweep generation total 13696K, used 9399K [0x00000000ff2a0000, 0x0000000100000000, 0x0000000100000000)
 Metaspace       used 5076K, capacity 5258K, committed 5504K, reserved 1056768K
  class space    used 557K, capacity 597K, committed 640K, reserved 1048576K
}
{Heap before GC invocations=575 (full 72):
 par new generation   total 6144K, used 5237K [0x00000000fec00000, 0x00000000ff2a0000, 0x00000000ff2a0000)
  eden space 5504K,  95% used [0x00000000fec00000, 0x00000000ff11b780, 0x00000000ff160000)
  from space 640K,   1% used [0x00000000ff160000, 0x00000000ff162040, 0x00000000ff200000)
  to   space 640K,   0% used [0x00000000ff200000, 0x00000000ff200000, 0x00000000ff2a0000)
 concurrent mark-sweep generation total 13696K, used 9399K [0x00000000ff2a0000, 0x0000000100000000, 0x0000000100000000)
 Metaspace       used 5076K, capacity 5258K, committed 5504K, reserved 1056768K
  class space    used 557K, capacity 597K, committed 640K, reserved 1048576K
2024-07-16T11:01:39.886+0800: 4.766: [GC (Allocation Failure) 2024-07-16T11:01:39.886+0800: 4.766: [ParNew: 5237K->4K(6144K), 0.0005596 secs] 14637K->9403K(19840K), 0.0006289 secs] [Times: user=0.00 sys=0.00, real=0.00 secs] 
Heap after GC invocations=576 (full 72):
 par new generation   total 6144K, used 4K [0x00000000fec00000, 0x00000000ff2a0000, 0x00000000ff2a0000)
  eden space 5504K,   0% used [0x00000000fec00000, 0x00000000fec00000, 0x00000000ff160000)
  from space 640K,   0% used [0x00000000ff200000, 0x00000000ff201020, 0x00000000ff2a0000)
  to   space 640K,   0% used [0x00000000ff160000, 0x00000000ff160000, 0x00000000ff200000)
 concurrent mark-sweep generation total 13696K, used 9399K [0x00000000ff2a0000, 0x0000000100000000, 0x0000000100000000)
 Metaspace       used 5076K, capacity 5258K, committed 5504K, reserved 1056768K
  class space    used 557K, capacity 597K, committed 640K, reserved 1048576K
}
{Heap before GC invocations=576 (full 72):
 par new generation   total 6144K, used 5233K [0x00000000fec00000, 0x00000000ff2a0000, 0x00000000ff2a0000)
  eden space 5504K,  95% used [0x00000000fec00000, 0x00000000ff11b780, 0x00000000ff160000)
  from space 640K,   0% used [0x00000000ff200000, 0x00000000ff201020, 0x00000000ff2a0000)
  to   space 640K,   0% used [0x00000000ff160000, 0x00000000ff160000, 0x00000000ff200000)
 concurrent mark-sweep generation total 13696K, used 9399K [0x00000000ff2a0000, 0x0000000100000000, 0x0000000100000000)
 Metaspace       used 5076K, capacity 5258K, committed 5504K, reserved 1056768K
  class space    used 557K, capacity 597K, committed 640K, reserved 1048576K
2024-07-16T11:01:39.892+0800: 4.772: [GC (Allocation Failure) 2024-07-16T11:01:39.892+0800: 4.772: [ParNew: 5233K->8K(6144K), 0.0011937 secs] 14632K->10431K(19840K), 0.0012526 secs] [Times: user=0.02 sys=0.00, real=0.00 secs] 
Heap after GC invocations=577 (full 72):
 par new generation   total 6144K, used 8K [0x00000000fec00000, 0x00000000ff2a0000, 0x00000000ff2a0000)
  eden space 5504K,   0% used [0x00000000fec00000, 0x00000000fec00000, 0x00000000ff160000)
  from space 640K,   1% used [0x00000000ff160000, 0x00000000ff162040, 0x00000000ff200000)
  to   space 640K,   0% used [0x00000000ff200000, 0x00000000ff200000, 0x00000000ff2a0000)
 concurrent mark-sweep generation total 13696K, used 10423K [0x00000000ff2a0000, 0x0000000100000000, 0x0000000100000000)
 Metaspace       used 5076K, capacity 5258K, committed 5504K, reserved 1056768K
  class space    used 557K, capacity 597K, committed 640K, reserved 1048576K
}
{Heap before GC invocations=577 (full 72):
 par new generation   total 6144K, used 5237K [0x00000000fec00000, 0x00000000ff2a0000, 0x00000000ff2a0000)
  eden space 5504K,  95% used [0x00000000fec00000, 0x00000000ff11b780, 0x00000000ff160000)
  from space 640K,   1% used [0x00000000ff160000, 0x00000000ff162040, 0x00000000ff200000)
  to   space 640K,   0% used [0x00000000ff200000, 0x00000000ff200000, 0x00000000ff2a0000)
 concurrent mark-sweep generation total 13696K, used 10423K [0x00000000ff2a0000, 0x0000000100000000, 0x0000000100000000)
 Metaspace       used 5076K, capacity 5258K, committed 5504K, reserved 1056768K
  class space    used 557K, capacity 597K, committed 640K, reserved 1048576K
2024-07-16T11:01:39.900+0800: 4.780: [GC (Allocation Failure) 2024-07-16T11:01:39.900+0800: 4.780: [ParNew: 5237K->8K(6144K), 0.0010615 secs] 15661K->11457K(19840K), 0.0011455 secs] [Times: user=0.00 sys=0.00, real=0.00 secs] 
Heap after GC invocations=578 (full 72):
 par new generation   total 6144K, used 8K [0x00000000fec00000, 0x00000000ff2a0000, 0x00000000ff2a0000)
  eden space 5504K,   0% used [0x00000000fec00000, 0x00000000fec00000, 0x00000000ff160000)
  from space 640K,   1% used [0x00000000ff200000, 0x00000000ff202040, 0x00000000ff2a0000)
  to   space 640K,   0% used [0x00000000ff160000, 0x00000000ff160000, 0x00000000ff200000)
 concurrent mark-sweep generation total 13696K, used 11449K [0x00000000ff2a0000, 0x0000000100000000, 0x0000000100000000)
 Metaspace       used 5076K, capacity 5258K, committed 5504K, reserved 1056768K
  class space    used 557K, capacity 597K, committed 640K, reserved 1048576K
}
{Heap before GC invocations=578 (full 72):
 par new generation   total 6144K, used 5237K [0x00000000fec00000, 0x00000000ff2a0000, 0x00000000ff2a0000)
  eden space 5504K,  95% used [0x00000000fec00000, 0x00000000ff11b780, 0x00000000ff160000)
  from space 640K,   1% used [0x00000000ff200000, 0x00000000ff202040, 0x00000000ff2a0000)
  to   space 640K,   0% used [0x00000000ff160000, 0x00000000ff160000, 0x00000000ff200000)
 concurrent mark-sweep generation total 13696K, used 11449K [0x00000000ff2a0000, 0x0000000100000000, 0x0000000100000000)
 Metaspace       used 5076K, capacity 5258K, committed 5504K, reserved 1056768K
  class space    used 557K, capacity 597K, committed 640K, reserved 1048576K
2024-07-16T11:01:39.907+0800: 4.787: [GC (Allocation Failure) 2024-07-16T11:01:39.907+0800: 4.787: [ParNew: 5237K->4K(6144K), 0.0012792 secs] 16687K->12477K(19840K), 0.0013618 secs] [Times: user=0.00 sys=0.00, real=0.00 secs] 
Heap after GC invocations=579 (full 72):
 par new generation   total 6144K, used 4K [0x00000000fec00000, 0x00000000ff2a0000, 0x00000000ff2a0000)
  eden space 5504K,   0% used [0x00000000fec00000, 0x00000000fec00000, 0x00000000ff160000)
  from space 640K,   0% used [0x00000000ff160000, 0x00000000ff161020, 0x00000000ff200000)
  to   space 640K,   0% used [0x00000000ff200000, 0x00000000ff200000, 0x00000000ff2a0000)
 concurrent mark-sweep generation total 13696K, used 12473K [0x00000000ff2a0000, 0x0000000100000000, 0x0000000100000000)
 Metaspace       used 5076K, capacity 5258K, committed 5504K, reserved 1056768K
  class space    used 557K, capacity 597K, committed 640K, reserved 1048576K
}
{Heap before GC invocations=579 (full 72):
 par new generation   total 6144K, used 5233K [0x00000000fec00000, 0x00000000ff2a0000, 0x00000000ff2a0000)
  eden space 5504K,  95% used [0x00000000fec00000, 0x00000000ff11b780, 0x00000000ff160000)
  from space 640K,   0% used [0x00000000ff160000, 0x00000000ff161020, 0x00000000ff200000)
  to   space 640K,   0% used [0x00000000ff200000, 0x00000000ff200000, 0x00000000ff2a0000)
 concurrent mark-sweep generation total 13696K, used 12473K [0x00000000ff2a0000, 0x0000000100000000, 0x0000000100000000)
 Metaspace       used 5076K, capacity 5258K, committed 5504K, reserved 1056768K
  class space    used 557K, capacity 597K, committed 640K, reserved 1048576K
2024-07-16T11:01:39.915+0800: 4.795: [GC (Allocation Failure) 2024-07-16T11:01:39.915+0800: 4.795: [ParNew: 5233K->5233K(6144K), 0.0000319 secs]2024-07-16T11:01:39.915+0800: 4.795: [CMS2024-07-16T11:01:39.915+0800: 4.795: [CMS-concurrent-abortable-preclean: 0.002/0.128 secs] [Times: user=0.31 sys=0.02, real=0.13 secs] 
 (concurrent mode failure): 12473K->2220K(13696K), 0.0054837 secs] 17707K->2220K(19840K), [Metaspace: 5076K->5076K(1056768K)], 0.0056082 secs] [Times: user=0.00 sys=0.00, real=0.01 secs] 
Heap after GC invocations=580 (full 73):
 par new generation   total 6144K, used 0K [0x00000000fec00000, 0x00000000ff2a0000, 0x00000000ff2a0000)
  eden space 5504K,   0% used [0x00000000fec00000, 0x00000000fec00000, 0x00000000ff160000)
  from space 640K,   0% used [0x00000000ff160000, 0x00000000ff160000, 0x00000000ff200000)
  to   space 640K,   0% used [0x00000000ff200000, 0x00000000ff200000, 0x00000000ff2a0000)
 concurrent mark-sweep generation total 13696K, used 2220K [0x00000000ff2a0000, 0x0000000100000000, 0x0000000100000000)
 Metaspace       used 5076K, capacity 5258K, committed 5504K, reserved 1056768K
  class space    used 557K, capacity 597K, committed 640K, reserved 1048576K
}
{Heap before GC invocations=580 (full 73):
 par new generation   total 6144K, used 5229K [0x00000000fec00000, 0x00000000ff2a0000, 0x00000000ff2a0000)
  eden space 5504K,  95% used [0x00000000fec00000, 0x00000000ff11b780, 0x00000000ff160000)
  from space 640K,   0% used [0x00000000ff160000, 0x00000000ff160000, 0x00000000ff200000)
  to   space 640K,   0% used [0x00000000ff200000, 0x00000000ff200000, 0x00000000ff2a0000)
 concurrent mark-sweep generation total 13696K, used 2220K [0x00000000ff2a0000, 0x0000000100000000, 0x0000000100000000)
 Metaspace       used 5076K, capacity 5258K, committed 5504K, reserved 1056768K
  class space    used 557K, capacity 597K, committed 640K, reserved 1048576K
2024-07-16T11:01:39.926+0800: 4.806: [GC (Allocation Failure) 2024-07-16T11:01:39.926+0800: 4.806: [ParNew: 5229K->8K(6144K), 0.0008804 secs] 7450K->3254K(19840K), 0.0009841 secs] [Times: user=0.00 sys=0.00, real=0.00 secs] 
Heap after GC invocations=581 (full 73):
 par new generation   total 6144K, used 8K [0x00000000fec00000, 0x00000000ff2a0000, 0x00000000ff2a0000)
  eden space 5504K,   0% used [0x00000000fec00000, 0x00000000fec00000, 0x00000000ff160000)
  from space 640K,   1% used [0x00000000ff200000, 0x00000000ff202040, 0x00000000ff2a0000)
  to   space 640K,   0% used [0x00000000ff160000, 0x00000000ff160000, 0x00000000ff200000)
 concurrent mark-sweep generation total 13696K, used 3246K [0x00000000ff2a0000, 0x0000000100000000, 0x0000000100000000)
 Metaspace       used 5076K, capacity 5258K, committed 5504K, reserved 1056768K
  class space    used 557K, capacity 597K, committed 640K, reserved 1048576K
}
{Heap before GC invocations=581 (full 73):
 par new generation   total 6144K, used 5237K [0x00000000fec00000, 0x00000000ff2a0000, 0x00000000ff2a0000)
  eden space 5504K,  95% used [0x00000000fec00000, 0x00000000ff11b780, 0x00000000ff160000)
  from space 640K,   1% used [0x00000000ff200000, 0x00000000ff202040, 0x00000000ff2a0000)
  to   space 640K,   0% used [0x00000000ff160000, 0x00000000ff160000, 0x00000000ff200000)
 concurrent mark-sweep generation total 13696K, used 3246K [0x00000000ff2a0000, 0x0000000100000000, 0x0000000100000000)
 Metaspace       used 5076K, capacity 5258K, committed 5504K, reserved 1056768K
  class space    used 557K, capacity 597K, committed 640K, reserved 1048576K
2024-07-16T11:01:39.935+0800: 4.815: [GC (Allocation Failure) 2024-07-16T11:01:39.935+0800: 4.815: [ParNew: 5237K->4K(6144K), 0.0011127 secs] 8484K->3250K(19840K), 0.0011869 secs] [Times: user=0.00 sys=0.00, real=0.00 secs] 
Heap after GC invocations=582 (full 73):
 par new generation   total 6144K, used 4K [0x00000000fec00000, 0x00000000ff2a0000, 0x00000000ff2a0000)
  eden space 5504K,   0% used [0x00000000fec00000, 0x00000000fec00000, 0x00000000ff160000)
  from space 640K,   0% used [0x00000000ff160000, 0x00000000ff161020, 0x00000000ff200000)
  to   space 640K,   0% used [0x00000000ff200000, 0x00000000ff200000, 0x00000000ff2a0000)
 concurrent mark-sweep generation total 13696K, used 3246K [0x00000000ff2a0000, 0x0000000100000000, 0x0000000100000000)
 Metaspace       used 5076K, capacity 5258K, committed 5504K, reserved 1056768K
  class space    used 557K, capacity 597K, committed 640K, reserved 1048576K
}
{Heap before GC invocations=582 (full 73):
 par new generation   total 6144K, used 5233K [0x00000000fec00000, 0x00000000ff2a0000, 0x00000000ff2a0000)
  eden space 5504K,  95% used [0x00000000fec00000, 0x00000000ff11b780, 0x00000000ff160000)
  from space 640K,   0% used [0x00000000ff160000, 0x00000000ff161020, 0x00000000ff200000)
  to   space 640K,   0% used [0x00000000ff200000, 0x00000000ff200000, 0x00000000ff2a0000)
 concurrent mark-sweep generation total 13696K, used 3246K [0x00000000ff2a0000, 0x0000000100000000, 0x0000000100000000)
 Metaspace       used 5076K, capacity 5258K, committed 5504K, reserved 1056768K
  class space    used 557K, capacity 597K, committed 640K, reserved 1048576K
2024-07-16T11:01:39.944+0800: 4.824: [GC (Allocation Failure) 2024-07-16T11:01:39.944+0800: 4.824: [ParNew: 5233K->4K(6144K), 0.0012202 secs] 8480K->3250K(19840K), 0.0013399 secs] [Times: user=0.00 sys=0.00, real=0.00 secs] 
Heap after GC invocations=583 (full 73):
 par new generation   total 6144K, used 4K [0x00000000fec00000, 0x00000000ff2a0000, 0x00000000ff2a0000)
  eden space 5504K,   0% used [0x00000000fec00000, 0x00000000fec00000, 0x00000000ff160000)
  from space 640K,   0% used [0x00000000ff200000, 0x00000000ff201020, 0x00000000ff2a0000)
  to   space 640K,   0% used [0x00000000ff160000, 0x00000000ff160000, 0x00000000ff200000)
 concurrent mark-sweep generation total 13696K, used 3246K [0x00000000ff2a0000, 0x0000000100000000, 0x0000000100000000)
 Metaspace       used 5076K, capacity 5258K, committed 5504K, reserved 1056768K
  class space    used 557K, capacity 597K, committed 640K, reserved 1048576K
}
{Heap before GC invocations=583 (full 73):
 par new generation   total 6144K, used 5233K [0x00000000fec00000, 0x00000000ff2a0000, 0x00000000ff2a0000)
  eden space 5504K,  95% used [0x00000000fec00000, 0x00000000ff11b780, 0x00000000ff160000)
  from space 640K,   0% used [0x00000000ff200000, 0x00000000ff201020, 0x00000000ff2a0000)
  to   space 640K,   0% used [0x00000000ff160000, 0x00000000ff160000, 0x00000000ff200000)
 concurrent mark-sweep generation total 13696K, used 3246K [0x00000000ff2a0000, 0x0000000100000000, 0x0000000100000000)
 Metaspace       used 5076K, capacity 5258K, committed 5504K, reserved 1056768K
  class space    used 557K, capacity 597K, committed 640K, reserved 1048576K
2024-07-16T11:01:39.953+0800: 4.833: [GC (Allocation Failure) 2024-07-16T11:01:39.953+0800: 4.833: [ParNew: 5233K->4K(6144K), 0.0009419 secs] 8480K->3250K(19840K), 0.0010693 secs] [Times: user=0.00 sys=0.00, real=0.00 secs] 
Heap after GC invocations=584 (full 73):
 par new generation   total 6144K, used 4K [0x00000000fec00000, 0x00000000ff2a0000, 0x00000000ff2a0000)
  eden space 5504K,   0% used [0x00000000fec00000, 0x00000000fec00000, 0x00000000ff160000)
  from space 640K,   0% used [0x00000000ff160000, 0x00000000ff161020, 0x00000000ff200000)
  to   space 640K,   0% used [0x00000000ff200000, 0x00000000ff200000, 0x00000000ff2a0000)
 concurrent mark-sweep generation total 13696K, used 3246K [0x00000000ff2a0000, 0x0000000100000000, 0x0000000100000000)
 Metaspace       used 5076K, capacity 5258K, committed 5504K, reserved 1056768K
  class space    used 557K, capacity 597K, committed 640K, reserved 1048576K
}
{Heap before GC invocations=584 (full 73):
 par new generation   total 6144K, used 5233K [0x00000000fec00000, 0x00000000ff2a0000, 0x00000000ff2a0000)
  eden space 5504K,  95% used [0x00000000fec00000, 0x00000000ff11b780, 0x00000000ff160000)
  from space 640K,   0% used [0x00000000ff160000, 0x00000000ff161020, 0x00000000ff200000)
  to   space 640K,   0% used [0x00000000ff200000, 0x00000000ff200000, 0x00000000ff2a0000)
 concurrent mark-sweep generation total 13696K, used 3246K [0x00000000ff2a0000, 0x0000000100000000, 0x0000000100000000)
 Metaspace       used 5076K, capacity 5258K, committed 5504K, reserved 1056768K
  class space    used 557K, capacity 597K, committed 640K, reserved 1048576K
2024-07-16T11:01:39.961+0800: 4.841: [GC (Allocation Failure) 2024-07-16T11:01:39.961+0800: 4.841: [ParNew: 5233K->8K(6144K), 0.0014516 secs] 8480K->4281K(19840K), 0.0015588 secs] [Times: user=0.00 sys=0.00, real=0.00 secs] 
Heap after GC invocations=585 (full 73):
 par new generation   total 6144K, used 8K [0x00000000fec00000, 0x00000000ff2a0000, 0x00000000ff2a0000)
  eden space 5504K,   0% used [0x00000000fec00000, 0x00000000fec00000, 0x00000000ff160000)
  from space 640K,   1% used [0x00000000ff200000, 0x00000000ff202040, 0x00000000ff2a0000)
  to   space 640K,   0% used [0x00000000ff160000, 0x00000000ff160000, 0x00000000ff200000)
 concurrent mark-sweep generation total 13696K, used 4272K [0x00000000ff2a0000, 0x0000000100000000, 0x0000000100000000)
 Metaspace       used 5076K, capacity 5258K, committed 5504K, reserved 1056768K
  class space    used 557K, capacity 597K, committed 640K, reserved 1048576K
}
{Heap before GC invocations=585 (full 73):
 par new generation   total 6144K, used 5237K [0x00000000fec00000, 0x00000000ff2a0000, 0x00000000ff2a0000)
  eden space 5504K,  95% used [0x00000000fec00000, 0x00000000ff11b780, 0x00000000ff160000)
  from space 640K,   1% used [0x00000000ff200000, 0x00000000ff202040, 0x00000000ff2a0000)
  to   space 640K,   0% used [0x00000000ff160000, 0x00000000ff160000, 0x00000000ff200000)
 concurrent mark-sweep generation total 13696K, used 4272K [0x00000000ff2a0000, 0x0000000100000000, 0x0000000100000000)
 Metaspace       used 5076K, capacity 5258K, committed 5504K, reserved 1056768K
  class space    used 557K, capacity 597K, committed 640K, reserved 1048576K
2024-07-16T11:01:39.970+0800: 4.850: [GC (Allocation Failure) 2024-07-16T11:01:39.970+0800: 4.850: [ParNew: 5237K->8K(6144K), 0.0014764 secs] 9510K->5307K(19840K), 0.0015938 secs] [Times: user=0.16 sys=0.00, real=0.00 secs] 
Heap after GC invocations=586 (full 73):
 par new generation   total 6144K, used 8K [0x00000000fec00000, 0x00000000ff2a0000, 0x00000000ff2a0000)
  eden space 5504K,   0% used [0x00000000fec00000, 0x00000000fec00000, 0x00000000ff160000)
  from space 640K,   1% used [0x00000000ff160000, 0x00000000ff162040, 0x00000000ff200000)
  to   space 640K,   0% used [0x00000000ff200000, 0x00000000ff200000, 0x00000000ff2a0000)
 concurrent mark-sweep generation total 13696K, used 5299K [0x00000000ff2a0000, 0x0000000100000000, 0x0000000100000000)
 Metaspace       used 5076K, capacity 5258K, committed 5504K, reserved 1056768K
  class space    used 557K, capacity 597K, committed 640K, reserved 1048576K
}
2024-07-16T11:01:39.972+0800: 4.852: [GC (CMS Initial Mark) [1 CMS-initial-mark: 5299K(13696K)] 6333K(19840K), 0.0005166 secs] [Times: user=0.00 sys=0.00, real=0.00 secs] 
2024-07-16T11:01:39.972+0800: 4.853: [CMS-concurrent-mark-start]
2024-07-16T11:01:39.977+0800: 4.857: [CMS-concurrent-mark: 0.005/0.005 secs] [Times: user=0.00 sys=0.00, real=0.01 secs] 
2024-07-16T11:01:39.977+0800: 4.857: [CMS-concurrent-preclean-start]
2024-07-16T11:01:39.977+0800: 4.857: [CMS-concurrent-preclean: 0.000/0.000 secs] [Times: user=0.00 sys=0.00, real=0.00 secs] 
2024-07-16T11:01:39.977+0800: 4.858: [CMS-concurrent-abortable-preclean-start]
{Heap before GC invocations=586 (full 74):
 par new generation   total 6144K, used 5237K [0x00000000fec00000, 0x00000000ff2a0000, 0x00000000ff2a0000)
  eden space 5504K,  95% used [0x00000000fec00000, 0x00000000ff11b780, 0x00000000ff160000)
  from space 640K,   1% used [0x00000000ff160000, 0x00000000ff162040, 0x00000000ff200000)
  to   space 640K,   0% used [0x00000000ff200000, 0x00000000ff200000, 0x00000000ff2a0000)
 concurrent mark-sweep generation total 13696K, used 5299K [0x00000000ff2a0000, 0x0000000100000000, 0x0000000100000000)
 Metaspace       used 5076K, capacity 5258K, committed 5504K, reserved 1056768K
  class space    used 557K, capacity 597K, committed 640K, reserved 1048576K
2024-07-16T11:01:39.980+0800: 4.860: [GC (Allocation Failure) 2024-07-16T11:01:39.980+0800: 4.860: [ParNew: 5237K->4K(6144K), 0.0009737 secs] 10536K->5303K(19840K), 0.0010206 secs] [Times: user=0.00 sys=0.00, real=0.00 secs] 
Heap after GC invocations=587 (full 74):
 par new generation   total 6144K, used 4K [0x00000000fec00000, 0x00000000ff2a0000, 0x00000000ff2a0000)
  eden space 5504K,   0% used [0x00000000fec00000, 0x00000000fec00000, 0x00000000ff160000)
  from space 640K,   0% used [0x00000000ff200000, 0x00000000ff201020, 0x00000000ff2a0000)
  to   space 640K,   0% used [0x00000000ff160000, 0x00000000ff160000, 0x00000000ff200000)
 concurrent mark-sweep generation total 13696K, used 5299K [0x00000000ff2a0000, 0x0000000100000000, 0x0000000100000000)
 Metaspace       used 5076K, capacity 5258K, committed 5504K, reserved 1056768K
  class space    used 557K, capacity 597K, committed 640K, reserved 1048576K
}
{Heap before GC invocations=587 (full 74):
 par new generation   total 6144K, used 5233K [0x00000000fec00000, 0x00000000ff2a0000, 0x00000000ff2a0000)
  eden space 5504K,  95% used [0x00000000fec00000, 0x00000000ff11b780, 0x00000000ff160000)
  from space 640K,   0% used [0x00000000ff200000, 0x00000000ff201020, 0x00000000ff2a0000)
  to   space 640K,   0% used [0x00000000ff160000, 0x00000000ff160000, 0x00000000ff200000)
 concurrent mark-sweep generation total 13696K, used 5299K [0x00000000ff2a0000, 0x0000000100000000, 0x0000000100000000)
 Metaspace       used 5076K, capacity 5258K, committed 5504K, reserved 1056768K
  class space    used 557K, capacity 597K, committed 640K, reserved 1048576K
2024-07-16T11:01:39.988+0800: 4.868: [GC (Allocation Failure) 2024-07-16T11:01:39.988+0800: 4.868: [ParNew: 5233K->4K(6144K), 0.0011401 secs] 10532K->5303K(19840K), 0.0012621 secs] [Times: user=0.00 sys=0.00, real=0.00 secs] 
Heap after GC invocations=588 (full 74):
 par new generation   total 6144K, used 4K [0x00000000fec00000, 0x00000000ff2a0000, 0x00000000ff2a0000)
  eden space 5504K,   0% used [0x00000000fec00000, 0x00000000fec00000, 0x00000000ff160000)
  from space 640K,   0% used [0x00000000ff160000, 0x00000000ff161020, 0x00000000ff200000)
  to   space 640K,   0% used [0x00000000ff200000, 0x00000000ff200000, 0x00000000ff2a0000)
 concurrent mark-sweep generation total 13696K, used 5299K [0x00000000ff2a0000, 0x0000000100000000, 0x0000000100000000)
 Metaspace       used 5076K, capacity 5258K, committed 5504K, reserved 1056768K
  class space    used 557K, capacity 597K, committed 640K, reserved 1048576K
}
{Heap before GC invocations=588 (full 74):
 par new generation   total 6144K, used 5233K [0x00000000fec00000, 0x00000000ff2a0000, 0x00000000ff2a0000)
  eden space 5504K,  95% used [0x00000000fec00000, 0x00000000ff11b780, 0x00000000ff160000)
  from space 640K,   0% used [0x00000000ff160000, 0x00000000ff161020, 0x00000000ff200000)
  to   space 640K,   0% used [0x00000000ff200000, 0x00000000ff200000, 0x00000000ff2a0000)
 concurrent mark-sweep generation total 13696K, used 5299K [0x00000000ff2a0000, 0x0000000100000000, 0x0000000100000000)
 Metaspace       used 5076K, capacity 5258K, committed 5504K, reserved 1056768K
  class space    used 557K, capacity 597K, committed 640K, reserved 1048576K
2024-07-16T11:01:39.995+0800: 4.875: [GC (Allocation Failure) 2024-07-16T11:01:39.995+0800: 4.875: [ParNew: 5233K->6K(6144K), 0.0012835 secs] 10532K->6331K(19840K), 0.0013906 secs] [Times: user=0.00 sys=0.00, real=0.00 secs] 
Heap after GC invocations=589 (full 74):
 par new generation   total 6144K, used 6K [0x00000000fec00000, 0x00000000ff2a0000, 0x00000000ff2a0000)
  eden space 5504K,   0% used [0x00000000fec00000, 0x00000000fec00000, 0x00000000ff160000)
  from space 640K,   0% used [0x00000000ff200000, 0x00000000ff201830, 0x00000000ff2a0000)
  to   space 640K,   0% used [0x00000000ff160000, 0x00000000ff160000, 0x00000000ff200000)
 concurrent mark-sweep generation total 13696K, used 6325K [0x00000000ff2a0000, 0x0000000100000000, 0x0000000100000000)
 Metaspace       used 5076K, capacity 5258K, committed 5504K, reserved 1056768K
  class space    used 557K, capacity 597K, committed 640K, reserved 1048576K
}
{Heap before GC invocations=589 (full 74):
 par new generation   total 6144K, used 5235K [0x00000000fec00000, 0x00000000ff2a0000, 0x00000000ff2a0000)
  eden space 5504K,  95% used [0x00000000fec00000, 0x00000000ff11b780, 0x00000000ff160000)
  from space 640K,   0% used [0x00000000ff200000, 0x00000000ff201830, 0x00000000ff2a0000)
  to   space 640K,   0% used [0x00000000ff160000, 0x00000000ff160000, 0x00000000ff200000)
 concurrent mark-sweep generation total 13696K, used 6325K [0x00000000ff2a0000, 0x0000000100000000, 0x0000000100000000)
 Metaspace       used 5076K, capacity 5258K, committed 5504K, reserved 1056768K
  class space    used 557K, capacity 597K, committed 640K, reserved 1048576K
2024-07-16T11:01:40.002+0800: 4.882: [GC (Allocation Failure) 2024-07-16T11:01:40.002+0800: 4.882: [ParNew: 5235K->8K(6144K), 0.0015250 secs] 11561K->7359K(19840K), 0.0016481 secs] [Times: user=0.00 sys=0.00, real=0.00 secs] 
Heap after GC invocations=590 (full 74):
 par new generation   total 6144K, used 8K [0x00000000fec00000, 0x00000000ff2a0000, 0x00000000ff2a0000)
  eden space 5504K,   0% used [0x00000000fec00000, 0x00000000fec00000, 0x00000000ff160000)
  from space 640K,   1% used [0x00000000ff160000, 0x00000000ff162040, 0x00000000ff200000)
  to   space 640K,   0% used [0x00000000ff200000, 0x00000000ff200000, 0x00000000ff2a0000)
 concurrent mark-sweep generation total 13696K, used 7351K [0x00000000ff2a0000, 0x0000000100000000, 0x0000000100000000)
 Metaspace       used 5076K, capacity 5258K, committed 5504K, reserved 1056768K
  class space    used 557K, capacity 597K, committed 640K, reserved 1048576K
}
{Heap before GC invocations=590 (full 74):
 par new generation   total 6144K, used 5237K [0x00000000fec00000, 0x00000000ff2a0000, 0x00000000ff2a0000)
  eden space 5504K,  95% used [0x00000000fec00000, 0x00000000ff11b780, 0x00000000ff160000)
  from space 640K,   1% used [0x00000000ff160000, 0x00000000ff162040, 0x00000000ff200000)
  to   space 640K,   0% used [0x00000000ff200000, 0x00000000ff200000, 0x00000000ff2a0000)
 concurrent mark-sweep generation total 13696K, used 7351K [0x00000000ff2a0000, 0x0000000100000000, 0x0000000100000000)
 Metaspace       used 5076K, capacity 5258K, committed 5504K, reserved 1056768K
  class space    used 557K, capacity 597K, committed 640K, reserved 1048576K
2024-07-16T11:01:40.011+0800: 4.891: [GC (Allocation Failure) 2024-07-16T11:01:40.011+0800: 4.891: [ParNew: 5237K->10K(6144K), 0.0017487 secs] 12589K->9411K(19840K), 0.0018535 secs] [Times: user=0.00 sys=0.00, real=0.00 secs] 
Heap after GC invocations=591 (full 74):
 par new generation   total 6144K, used 10K [0x00000000fec00000, 0x00000000ff2a0000, 0x00000000ff2a0000)
  eden space 5504K,   0% used [0x00000000fec00000, 0x00000000fec00000, 0x00000000ff160000)
  from space 640K,   1% used [0x00000000ff200000, 0x00000000ff202850, 0x00000000ff2a0000)
  to   space 640K,   0% used [0x00000000ff160000, 0x00000000ff160000, 0x00000000ff200000)
 concurrent mark-sweep generation total 13696K, used 9401K [0x00000000ff2a0000, 0x0000000100000000, 0x0000000100000000)
 Metaspace       used 5076K, capacity 5258K, committed 5504K, reserved 1056768K
  class space    used 557K, capacity 597K, committed 640K, reserved 1048576K
}
{Heap before GC invocations=591 (full 74):
 par new generation   total 6144K, used 5239K [0x00000000fec00000, 0x00000000ff2a0000, 0x00000000ff2a0000)
  eden space 5504K,  95% used [0x00000000fec00000, 0x00000000ff11b780, 0x00000000ff160000)
  from space 640K,   1% used [0x00000000ff200000, 0x00000000ff202850, 0x00000000ff2a0000)
  to   space 640K,   0% used [0x00000000ff160000, 0x00000000ff160000, 0x00000000ff200000)
 concurrent mark-sweep generation total 13696K, used 9401K [0x00000000ff2a0000, 0x0000000100000000, 0x0000000100000000)
 Metaspace       used 5076K, capacity 5258K, committed 5504K, reserved 1056768K
  class space    used 557K, capacity 597K, committed 640K, reserved 1048576K
2024-07-16T11:01:40.020+0800: 4.901: [GC (Allocation Failure) 2024-07-16T11:01:40.020+0800: 4.901: [ParNew: 5239K->4K(6144K), 0.0012705 secs] 14641K->9405K(19840K), 0.0013989 secs] [Times: user=0.00 sys=0.00, real=0.00 secs] 
Heap after GC invocations=592 (full 74):
 par new generation   total 6144K, used 4K [0x00000000fec00000, 0x00000000ff2a0000, 0x00000000ff2a0000)
  eden space 5504K,   0% used [0x00000000fec00000, 0x00000000fec00000, 0x00000000ff160000)
  from space 640K,   0% used [0x00000000ff160000, 0x00000000ff161020, 0x00000000ff200000)
  to   space 640K,   0% used [0x00000000ff200000, 0x00000000ff200000, 0x00000000ff2a0000)
 concurrent mark-sweep generation total 13696K, used 9401K [0x00000000ff2a0000, 0x0000000100000000, 0x0000000100000000)
 Metaspace       used 5076K, capacity 5258K, committed 5504K, reserved 1056768K
  class space    used 557K, capacity 597K, committed 640K, reserved 1048576K
}
{Heap before GC invocations=592 (full 74):
 par new generation   total 6144K, used 5233K [0x00000000fec00000, 0x00000000ff2a0000, 0x00000000ff2a0000)
  eden space 5504K,  95% used [0x00000000fec00000, 0x00000000ff11b780, 0x00000000ff160000)
  from space 640K,   0% used [0x00000000ff160000, 0x00000000ff161020, 0x00000000ff200000)
  to   space 640K,   0% used [0x00000000ff200000, 0x00000000ff200000, 0x00000000ff2a0000)
 concurrent mark-sweep generation total 13696K, used 9401K [0x00000000ff2a0000, 0x0000000100000000, 0x0000000100000000)
 Metaspace       used 5076K, capacity 5258K, committed 5504K, reserved 1056768K
  class space    used 557K, capacity 597K, committed 640K, reserved 1048576K
2024-07-16T11:01:40.029+0800: 4.910: [GC (Allocation Failure) 2024-07-16T11:01:40.029+0800: 4.910: [ParNew: 5233K->2K(6144K), 0.0012313 secs] 14635K->9403K(19840K), 0.0013324 secs] [Times: user=0.00 sys=0.00, real=0.00 secs] 
Heap after GC invocations=593 (full 74):
 par new generation   total 6144K, used 2K [0x00000000fec00000, 0x00000000ff2a0000, 0x00000000ff2a0000)
  eden space 5504K,   0% used [0x00000000fec00000, 0x00000000fec00000, 0x00000000ff160000)
  from space 640K,   0% used [0x00000000ff200000, 0x00000000ff200810, 0x00000000ff2a0000)
  to   space 640K,   0% used [0x00000000ff160000, 0x00000000ff160000, 0x00000000ff200000)
 concurrent mark-sweep generation total 13696K, used 9401K [0x00000000ff2a0000, 0x0000000100000000, 0x0000000100000000)
 Metaspace       used 5076K, capacity 5258K, committed 5504K, reserved 1056768K
  class space    used 557K, capacity 597K, committed 640K, reserved 1048576K
}
{Heap before GC invocations=593 (full 74):
 par new generation   total 6144K, used 5231K [0x00000000fec00000, 0x00000000ff2a0000, 0x00000000ff2a0000)
  eden space 5504K,  95% used [0x00000000fec00000, 0x00000000ff11b780, 0x00000000ff160000)
  from space 640K,   0% used [0x00000000ff200000, 0x00000000ff200810, 0x00000000ff2a0000)
  to   space 640K,   0% used [0x00000000ff160000, 0x00000000ff160000, 0x00000000ff200000)
 concurrent mark-sweep generation total 13696K, used 9401K [0x00000000ff2a0000, 0x0000000100000000, 0x0000000100000000)
 Metaspace       used 5076K, capacity 5258K, committed 5504K, reserved 1056768K
  class space    used 557K, capacity 597K, committed 640K, reserved 1048576K
2024-07-16T11:01:40.037+0800: 4.918: [GC (Allocation Failure) 2024-07-16T11:01:40.037+0800: 4.918: [ParNew: 5231K->8K(6144K), 0.0013476 secs] 14633K->10433K(19840K), 0.0014296 secs] [Times: user=0.00 sys=0.00, real=0.00 secs] 
Heap after GC invocations=594 (full 74):
 par new generation   total 6144K, used 8K [0x00000000fec00000, 0x00000000ff2a0000, 0x00000000ff2a0000)
  eden space 5504K,   0% used [0x00000000fec00000, 0x00000000fec00000, 0x00000000ff160000)
  from space 640K,   1% used [0x00000000ff160000, 0x00000000ff162040, 0x00000000ff200000)
  to   space 640K,   0% used [0x00000000ff200000, 0x00000000ff200000, 0x00000000ff2a0000)
 concurrent mark-sweep generation total 13696K, used 10425K [0x00000000ff2a0000, 0x0000000100000000, 0x0000000100000000)
 Metaspace       used 5076K, capacity 5258K, committed 5504K, reserved 1056768K
  class space    used 557K, capacity 597K, committed 640K, reserved 1048576K
}
{Heap before GC invocations=594 (full 74):
 par new generation   total 6144K, used 5237K [0x00000000fec00000, 0x00000000ff2a0000, 0x00000000ff2a0000)
  eden space 5504K,  95% used [0x00000000fec00000, 0x00000000ff11b780, 0x00000000ff160000)
  from space 640K,   1% used [0x00000000ff160000, 0x00000000ff162040, 0x00000000ff200000)
  to   space 640K,   0% used [0x00000000ff200000, 0x00000000ff200000, 0x00000000ff2a0000)
 concurrent mark-sweep generation total 13696K, used 10425K [0x00000000ff2a0000, 0x0000000100000000, 0x0000000100000000)
 Metaspace       used 5076K, capacity 5258K, committed 5504K, reserved 1056768K
  class space    used 557K, capacity 597K, committed 640K, reserved 1048576K
2024-07-16T11:01:40.044+0800: 4.925: [GC (Allocation Failure) 2024-07-16T11:01:40.044+0800: 4.925: [ParNew: 5237K->6K(6144K), 0.0015389 secs] 15663K->11457K(19840K), 0.0016658 secs] [Times: user=0.00 sys=0.00, real=0.00 secs] 
Heap after GC invocations=595 (full 74):
 par new generation   total 6144K, used 6K [0x00000000fec00000, 0x00000000ff2a0000, 0x00000000ff2a0000)
  eden space 5504K,   0% used [0x00000000fec00000, 0x00000000fec00000, 0x00000000ff160000)
  from space 640K,   0% used [0x00000000ff200000, 0x00000000ff201830, 0x00000000ff2a0000)
  to   space 640K,   0% used [0x00000000ff160000, 0x00000000ff160000, 0x00000000ff200000)
 concurrent mark-sweep generation total 13696K, used 11451K [0x00000000ff2a0000, 0x0000000100000000, 0x0000000100000000)
 Metaspace       used 5076K, capacity 5258K, committed 5504K, reserved 1056768K
  class space    used 557K, capacity 597K, committed 640K, reserved 1048576K
}
{Heap before GC invocations=595 (full 74):
 par new generation   total 6144K, used 5235K [0x00000000fec00000, 0x00000000ff2a0000, 0x00000000ff2a0000)
  eden space 5504K,  95% used [0x00000000fec00000, 0x00000000ff11b780, 0x00000000ff160000)
  from space 640K,   0% used [0x00000000ff200000, 0x00000000ff201830, 0x00000000ff2a0000)
  to   space 640K,   0% used [0x00000000ff160000, 0x00000000ff160000, 0x00000000ff200000)
 concurrent mark-sweep generation total 13696K, used 11451K [0x00000000ff2a0000, 0x0000000100000000, 0x0000000100000000)
 Metaspace       used 5076K, capacity 5258K, committed 5504K, reserved 1056768K
  class space    used 557K, capacity 597K, committed 640K, reserved 1048576K
2024-07-16T11:01:40.055+0800: 4.936: [GC (Allocation Failure) 2024-07-16T11:01:40.055+0800: 4.936: [ParNew: 5235K->6K(6144K), 0.0013705 secs] 16687K->12483K(19840K), 0.0014832 secs] [Times: user=0.00 sys=0.00, real=0.00 secs] 
Heap after GC invocations=596 (full 74):
 par new generation   total 6144K, used 6K [0x00000000fec00000, 0x00000000ff2a0000, 0x00000000ff2a0000)
  eden space 5504K,   0% used [0x00000000fec00000, 0x00000000fec00000, 0x00000000ff160000)
  from space 640K,   0% used [0x00000000ff160000, 0x00000000ff161830, 0x00000000ff200000)
  to   space 640K,   0% used [0x00000000ff200000, 0x00000000ff200000, 0x00000000ff2a0000)
 concurrent mark-sweep generation total 13696K, used 12477K [0x00000000ff2a0000, 0x0000000100000000, 0x0000000100000000)
 Metaspace       used 5076K, capacity 5258K, committed 5504K, reserved 1056768K
  class space    used 557K, capacity 597K, committed 640K, reserved 1048576K
}
{Heap before GC invocations=596 (full 74):
 par new generation   total 6144K, used 5235K [0x00000000fec00000, 0x00000000ff2a0000, 0x00000000ff2a0000)
  eden space 5504K,  95% used [0x00000000fec00000, 0x00000000ff11b780, 0x00000000ff160000)
  from space 640K,   0% used [0x00000000ff160000, 0x00000000ff161830, 0x00000000ff200000)
  to   space 640K,   0% used [0x00000000ff200000, 0x00000000ff200000, 0x00000000ff2a0000)
 concurrent mark-sweep generation total 13696K, used 12477K [0x00000000ff2a0000, 0x0000000100000000, 0x0000000100000000)
 Metaspace       used 5076K, capacity 5258K, committed 5504K, reserved 1056768K
  class space    used 557K, capacity 597K, committed 640K, reserved 1048576K
2024-07-16T11:01:40.065+0800: 4.946: [GC (Allocation Failure) 2024-07-16T11:01:40.065+0800: 4.946: [ParNew: 5235K->5235K(6144K), 0.0000375 secs]2024-07-16T11:01:40.065+0800: 4.946: [CMS2024-07-16T11:01:40.065+0800: 4.946: [CMS-concurrent-abortable-preclean: 0.001/0.088 secs] [Times: user=0.00 sys=0.00, real=0.09 secs] 
 (concurrent mode failure): 12477K->1196K(13696K), 0.0063726 secs] 17713K->1196K(19840K), [Metaspace: 5076K->5076K(1056768K)], 0.0065101 secs] [Times: user=0.00 sys=0.00, real=0.01 secs] 
Heap after GC invocations=597 (full 75):
 par new generation   total 6144K, used 0K [0x00000000fec00000, 0x00000000ff2a0000, 0x00000000ff2a0000)
  eden space 5504K,   0% used [0x00000000fec00000, 0x00000000fec00000, 0x00000000ff160000)
  from space 640K,   0% used [0x00000000ff160000, 0x00000000ff160000, 0x00000000ff200000)
  to   space 640K,   0% used [0x00000000ff200000, 0x00000000ff200000, 0x00000000ff2a0000)
 concurrent mark-sweep generation total 13696K, used 1196K [0x00000000ff2a0000, 0x0000000100000000, 0x0000000100000000)
 Metaspace       used 5076K, capacity 5258K, committed 5504K, reserved 1056768K
  class space    used 557K, capacity 597K, committed 640K, reserved 1048576K
}
{Heap before GC invocations=597 (full 75):
 par new generation   total 6144K, used 5229K [0x00000000fec00000, 0x00000000ff2a0000, 0x00000000ff2a0000)
  eden space 5504K,  95% used [0x00000000fec00000, 0x00000000ff11b780, 0x00000000ff160000)
  from space 640K,   0% used [0x00000000ff160000, 0x00000000ff160000, 0x00000000ff200000)
  to   space 640K,   0% used [0x00000000ff200000, 0x00000000ff200000, 0x00000000ff2a0000)
 concurrent mark-sweep generation total 13696K, used 1196K [0x00000000ff2a0000, 0x0000000100000000, 0x0000000100000000)
 Metaspace       used 5076K, capacity 5258K, committed 5504K, reserved 1056768K
  class space    used 557K, capacity 597K, committed 640K, reserved 1048576K
2024-07-16T11:01:40.077+0800: 4.958: [GC (Allocation Failure) 2024-07-16T11:01:40.077+0800: 4.958: [ParNew: 5229K->8K(6144K), 0.0010081 secs] 6426K->2230K(19840K), 0.0010887 secs] [Times: user=0.00 sys=0.00, real=0.00 secs] 
Heap after GC invocations=598 (full 75):
 par new generation   total 6144K, used 8K [0x00000000fec00000, 0x00000000ff2a0000, 0x00000000ff2a0000)
  eden space 5504K,   0% used [0x00000000fec00000, 0x00000000fec00000, 0x00000000ff160000)
  from space 640K,   1% used [0x00000000ff200000, 0x00000000ff202040, 0x00000000ff2a0000)
  to   space 640K,   0% used [0x00000000ff160000, 0x00000000ff160000, 0x00000000ff200000)
 concurrent mark-sweep generation total 13696K, used 2222K [0x00000000ff2a0000, 0x0000000100000000, 0x0000000100000000)
 Metaspace       used 5076K, capacity 5258K, committed 5504K, reserved 1056768K
  class space    used 557K, capacity 597K, committed 640K, reserved 1048576K
}
{Heap before GC invocations=598 (full 75):
 par new generation   total 6144K, used 5237K [0x00000000fec00000, 0x00000000ff2a0000, 0x00000000ff2a0000)
  eden space 5504K,  95% used [0x00000000fec00000, 0x00000000ff11b780, 0x00000000ff160000)
  from space 640K,   1% used [0x00000000ff200000, 0x00000000ff202040, 0x00000000ff2a0000)
  to   space 640K,   0% used [0x00000000ff160000, 0x00000000ff160000, 0x00000000ff200000)
 concurrent mark-sweep generation total 13696K, used 2222K [0x00000000ff2a0000, 0x0000000100000000, 0x0000000100000000)
 Metaspace       used 5076K, capacity 5258K, committed 5504K, reserved 1056768K
  class space    used 557K, capacity 597K, committed 640K, reserved 1048576K
2024-07-16T11:01:40.085+0800: 4.966: [GC (Allocation Failure) 2024-07-16T11:01:40.085+0800: 4.966: [ParNew: 5237K->6K(6144K), 0.0011781 secs] 7460K->3254K(19840K), 0.0012834 secs] [Times: user=0.00 sys=0.00, real=0.00 secs] 
Heap after GC invocations=599 (full 75):
 par new generation   total 6144K, used 6K [0x00000000fec00000, 0x00000000ff2a0000, 0x00000000ff2a0000)
  eden space 5504K,   0% used [0x00000000fec00000, 0x00000000fec00000, 0x00000000ff160000)
  from space 640K,   0% used [0x00000000ff160000, 0x00000000ff161830, 0x00000000ff200000)
  to   space 640K,   0% used [0x00000000ff200000, 0x00000000ff200000, 0x00000000ff2a0000)
 concurrent mark-sweep generation total 13696K, used 3248K [0x00000000ff2a0000, 0x0000000100000000, 0x0000000100000000)
 Metaspace       used 5076K, capacity 5258K, committed 5504K, reserved 1056768K
  class space    used 557K, capacity 597K, committed 640K, reserved 1048576K
}
2024-07-16T11:01:40.086+0800: 4.967: [GC (CMS Initial Mark) [1 CMS-initial-mark: 3248K(13696K)] 4280K(19840K), 0.0003241 secs] [Times: user=0.00 sys=0.00, real=0.00 secs] 
2024-07-16T11:01:40.087+0800: 4.968: [CMS-concurrent-mark-start]
2024-07-16T11:01:40.091+0800: 4.972: [CMS-concurrent-mark: 0.004/0.004 secs] [Times: user=0.00 sys=0.00, real=0.00 secs] 
2024-07-16T11:01:40.091+0800: 4.972: [CMS-concurrent-preclean-start]
2024-07-16T11:01:40.091+0800: 4.972: [CMS-concurrent-preclean: 0.000/0.000 secs] [Times: user=0.00 sys=0.00, real=0.00 secs] 
2024-07-16T11:01:40.091+0800: 4.972: [CMS-concurrent-abortable-preclean-start]
{Heap before GC invocations=599 (full 76):
 par new generation   total 6144K, used 5235K [0x00000000fec00000, 0x00000000ff2a0000, 0x00000000ff2a0000)
  eden space 5504K,  95% used [0x00000000fec00000, 0x00000000ff11b780, 0x00000000ff160000)
  from space 640K,   0% used [0x00000000ff160000, 0x00000000ff161830, 0x00000000ff200000)
  to   space 640K,   0% used [0x00000000ff200000, 0x00000000ff200000, 0x00000000ff2a0000)
 concurrent mark-sweep generation total 13696K, used 3248K [0x00000000ff2a0000, 0x0000000100000000, 0x0000000100000000)
 Metaspace       used 5076K, capacity 5258K, committed 5504K, reserved 1056768K
  class space    used 557K, capacity 597K, committed 640K, reserved 1048576K
2024-07-16T11:01:40.094+0800: 4.975: [GC (Allocation Failure) 2024-07-16T11:01:40.094+0800: 4.975: [ParNew: 5235K->4K(6144K), 0.0012455 secs] 8484K->3252K(19840K), 0.0013245 secs] [Times: user=0.00 sys=0.00, real=0.00 secs] 
Heap after GC invocations=600 (full 76):
 par new generation   total 6144K, used 4K [0x00000000fec00000, 0x00000000ff2a0000, 0x00000000ff2a0000)
  eden space 5504K,   0% used [0x00000000fec00000, 0x00000000fec00000, 0x00000000ff160000)
  from space 640K,   0% used [0x00000000ff200000, 0x00000000ff201020, 0x00000000ff2a0000)
  to   space 640K,   0% used [0x00000000ff160000, 0x00000000ff160000, 0x00000000ff200000)
 concurrent mark-sweep generation total 13696K, used 3248K [0x00000000ff2a0000, 0x0000000100000000, 0x0000000100000000)
 Metaspace       used 5076K, capacity 5258K, committed 5504K, reserved 1056768K
  class space    used 557K, capacity 597K, committed 640K, reserved 1048576K
}
{Heap before GC invocations=600 (full 76):
 par new generation   total 6144K, used 5233K [0x00000000fec00000, 0x00000000ff2a0000, 0x00000000ff2a0000)
  eden space 5504K,  95% used [0x00000000fec00000, 0x00000000ff11b780, 0x00000000ff160000)
  from space 640K,   0% used [0x00000000ff200000, 0x00000000ff201020, 0x00000000ff2a0000)
  to   space 640K,   0% used [0x00000000ff160000, 0x00000000ff160000, 0x00000000ff200000)
 concurrent mark-sweep generation total 13696K, used 3248K [0x00000000ff2a0000, 0x0000000100000000, 0x0000000100000000)
 Metaspace       used 5076K, capacity 5258K, committed 5504K, reserved 1056768K
  class space    used 557K, capacity 597K, committed 640K, reserved 1048576K
2024-07-16T11:01:40.102+0800: 4.983: [GC (Allocation Failure) 2024-07-16T11:01:40.102+0800: 4.983: [ParNew: 5233K->8K(6144K), 0.0010938 secs] 8482K->4282K(19840K), 0.0011726 secs] [Times: user=0.00 sys=0.00, real=0.00 secs] 
Heap after GC invocations=601 (full 76):
 par new generation   total 6144K, used 8K [0x00000000fec00000, 0x00000000ff2a0000, 0x00000000ff2a0000)
  eden space 5504K,   0% used [0x00000000fec00000, 0x00000000fec00000, 0x00000000ff160000)
  from space 640K,   1% used [0x00000000ff160000, 0x00000000ff162040, 0x00000000ff200000)
  to   space 640K,   0% used [0x00000000ff200000, 0x00000000ff200000, 0x00000000ff2a0000)
 concurrent mark-sweep generation total 13696K, used 4274K [0x00000000ff2a0000, 0x0000000100000000, 0x0000000100000000)
 Metaspace       used 5076K, capacity 5258K, committed 5504K, reserved 1056768K
  class space    used 557K, capacity 597K, committed 640K, reserved 1048576K
}
{Heap before GC invocations=601 (full 76):
 par new generation   total 6144K, used 5237K [0x00000000fec00000, 0x00000000ff2a0000, 0x00000000ff2a0000)
  eden space 5504K,  95% used [0x00000000fec00000, 0x00000000ff11b780, 0x00000000ff160000)
  from space 640K,   1% used [0x00000000ff160000, 0x00000000ff162040, 0x00000000ff200000)
  to   space 640K,   0% used [0x00000000ff200000, 0x00000000ff200000, 0x00000000ff2a0000)
 concurrent mark-sweep generation total 13696K, used 4274K [0x00000000ff2a0000, 0x0000000100000000, 0x0000000100000000)
 Metaspace       used 5076K, capacity 5258K, committed 5504K, reserved 1056768K
  class space    used 557K, capacity 597K, committed 640K, reserved 1048576K
2024-07-16T11:01:40.110+0800: 4.991: [GC (Allocation Failure) 2024-07-16T11:01:40.110+0800: 4.991: [ParNew: 5237K->8K(6144K), 0.0014229 secs] 9512K->5309K(19840K), 0.0015483 secs] [Times: user=0.16 sys=0.00, real=0.00 secs] 
Heap after GC invocations=602 (full 76):
 par new generation   total 6144K, used 8K [0x00000000fec00000, 0x00000000ff2a0000, 0x00000000ff2a0000)
  eden space 5504K,   0% used [0x00000000fec00000, 0x00000000fec00000, 0x00000000ff160000)
  from space 640K,   1% used [0x00000000ff200000, 0x00000000ff202040, 0x00000000ff2a0000)
  to   space 640K,   0% used [0x00000000ff160000, 0x00000000ff160000, 0x00000000ff200000)
 concurrent mark-sweep generation total 13696K, used 5300K [0x00000000ff2a0000, 0x0000000100000000, 0x0000000100000000)
 Metaspace       used 5076K, capacity 5258K, committed 5504K, reserved 1056768K
  class space    used 557K, capacity 597K, committed 640K, reserved 1048576K
}
{Heap before GC invocations=602 (full 76):
 par new generation   total 6144K, used 5237K [0x00000000fec00000, 0x00000000ff2a0000, 0x00000000ff2a0000)
  eden space 5504K,  95% used [0x00000000fec00000, 0x00000000ff11b780, 0x00000000ff160000)
  from space 640K,   1% used [0x00000000ff200000, 0x00000000ff202040, 0x00000000ff2a0000)
  to   space 640K,   0% used [0x00000000ff160000, 0x00000000ff160000, 0x00000000ff200000)
 concurrent mark-sweep generation total 13696K, used 5300K [0x00000000ff2a0000, 0x0000000100000000, 0x0000000100000000)
 Metaspace       used 5076K, capacity 5258K, committed 5504K, reserved 1056768K
  class space    used 557K, capacity 597K, committed 640K, reserved 1048576K
2024-07-16T11:01:40.119+0800: 5.000: [GC (Allocation Failure) 2024-07-16T11:01:40.119+0800: 5.000: [ParNew: 5237K->4K(6144K), 0.0012501 secs] 10538K->5304K(19840K), 0.0013605 secs] [Times: user=0.00 sys=0.00, real=0.00 secs] 
Heap after GC invocations=603 (full 76):
 par new generation   total 6144K, used 4K [0x00000000fec00000, 0x00000000ff2a0000, 0x00000000ff2a0000)
  eden space 5504K,   0% used [0x00000000fec00000, 0x00000000fec00000, 0x00000000ff160000)
  from space 640K,   0% used [0x00000000ff160000, 0x00000000ff161020, 0x00000000ff200000)
  to   space 640K,   0% used [0x00000000ff200000, 0x00000000ff200000, 0x00000000ff2a0000)
 concurrent mark-sweep generation total 13696K, used 5300K [0x00000000ff2a0000, 0x0000000100000000, 0x0000000100000000)
 Metaspace       used 5076K, capacity 5258K, committed 5504K, reserved 1056768K
  class space    used 557K, capacity 597K, committed 640K, reserved 1048576K
}
{Heap before GC invocations=603 (full 76):
 par new generation   total 6144K, used 5233K [0x00000000fec00000, 0x00000000ff2a0000, 0x00000000ff2a0000)
  eden space 5504K,  95% used [0x00000000fec00000, 0x00000000ff11b780, 0x00000000ff160000)
  from space 640K,   0% used [0x00000000ff160000, 0x00000000ff161020, 0x00000000ff200000)
  to   space 640K,   0% used [0x00000000ff200000, 0x00000000ff200000, 0x00000000ff2a0000)
 concurrent mark-sweep generation total 13696K, used 5300K [0x00000000ff2a0000, 0x0000000100000000, 0x0000000100000000)
 Metaspace       used 5076K, capacity 5258K, committed 5504K, reserved 1056768K
  class space    used 557K, capacity 597K, committed 640K, reserved 1048576K
2024-07-16T11:01:40.127+0800: 5.008: [GC (Allocation Failure) 2024-07-16T11:01:40.127+0800: 5.008: [ParNew: 5233K->8K(6144K), 0.0014924 secs] 10534K->6335K(19840K), 0.0016167 secs] [Times: user=0.00 sys=0.00, real=0.00 secs] 
Heap after GC invocations=604 (full 76):
 par new generation   total 6144K, used 8K [0x00000000fec00000, 0x00000000ff2a0000, 0x00000000ff2a0000)
  eden space 5504K,   0% used [0x00000000fec00000, 0x00000000fec00000, 0x00000000ff160000)
  from space 640K,   1% used [0x00000000ff200000, 0x00000000ff202040, 0x00000000ff2a0000)
  to   space 640K,   0% used [0x00000000ff160000, 0x00000000ff160000, 0x00000000ff200000)
 concurrent mark-sweep generation total 13696K, used 6327K [0x00000000ff2a0000, 0x0000000100000000, 0x0000000100000000)
 Metaspace       used 5076K, capacity 5258K, committed 5504K, reserved 1056768K
  class space    used 557K, capacity 597K, committed 640K, reserved 1048576K
}
{Heap before GC invocations=604 (full 76):
 par new generation   total 6144K, used 5237K [0x00000000fec00000, 0x00000000ff2a0000, 0x00000000ff2a0000)
  eden space 5504K,  95% used [0x00000000fec00000, 0x00000000ff11b780, 0x00000000ff160000)
  from space 640K,   1% used [0x00000000ff200000, 0x00000000ff202040, 0x00000000ff2a0000)
  to   space 640K,   0% used [0x00000000ff160000, 0x00000000ff160000, 0x00000000ff200000)
 concurrent mark-sweep generation total 13696K, used 6327K [0x00000000ff2a0000, 0x0000000100000000, 0x0000000100000000)
 Metaspace       used 5076K, capacity 5258K, committed 5504K, reserved 1056768K
  class space    used 557K, capacity 597K, committed 640K, reserved 1048576K
2024-07-16T11:01:40.137+0800: 5.018: [GC (Allocation Failure) 2024-07-16T11:01:40.137+0800: 5.018: [ParNew: 5237K->8K(6144K), 0.0015009 secs] 11564K->8383K(19840K), 0.0015942 secs] [Times: user=0.00 sys=0.00, real=0.00 secs] 
Heap after GC invocations=605 (full 76):
 par new generation   total 6144K, used 8K [0x00000000fec00000, 0x00000000ff2a0000, 0x00000000ff2a0000)
  eden space 5504K,   0% used [0x00000000fec00000, 0x00000000fec00000, 0x00000000ff160000)
  from space 640K,   1% used [0x00000000ff160000, 0x00000000ff162040, 0x00000000ff200000)
  to   space 640K,   0% used [0x00000000ff200000, 0x00000000ff200000, 0x00000000ff2a0000)
 concurrent mark-sweep generation total 13696K, used 8375K [0x00000000ff2a0000, 0x0000000100000000, 0x0000000100000000)
 Metaspace       used 5076K, capacity 5258K, committed 5504K, reserved 1056768K
  class space    used 557K, capacity 597K, committed 640K, reserved 1048576K
}
{Heap before GC invocations=605 (full 76):
 par new generation   total 6144K, used 5237K [0x00000000fec00000, 0x00000000ff2a0000, 0x00000000ff2a0000)
  eden space 5504K,  95% used [0x00000000fec00000, 0x00000000ff11b780, 0x00000000ff160000)
  from space 640K,   1% used [0x00000000ff160000, 0x00000000ff162040, 0x00000000ff200000)
  to   space 640K,   0% used [0x00000000ff200000, 0x00000000ff200000, 0x00000000ff2a0000)
 concurrent mark-sweep generation total 13696K, used 8375K [0x00000000ff2a0000, 0x0000000100000000, 0x0000000100000000)
 Metaspace       used 5076K, capacity 5258K, committed 5504K, reserved 1056768K
  class space    used 557K, capacity 597K, committed 640K, reserved 1048576K
2024-07-16T11:01:40.146+0800: 5.027: [GC (Allocation Failure) 2024-07-16T11:01:40.146+0800: 5.027: [ParNew: 5237K->8K(6144K), 0.0012352 secs] 13612K->9407K(19840K), 0.0013048 secs] [Times: user=0.00 sys=0.00, real=0.00 secs] 
Heap after GC invocations=606 (full 76):
 par new generation   total 6144K, used 8K [0x00000000fec00000, 0x00000000ff2a0000, 0x00000000ff2a0000)
  eden space 5504K,   0% used [0x00000000fec00000, 0x00000000fec00000, 0x00000000ff160000)
  from space 640K,   1% used [0x00000000ff200000, 0x00000000ff202040, 0x00000000ff2a0000)
  to   space 640K,   0% used [0x00000000ff160000, 0x00000000ff160000, 0x00000000ff200000)
 concurrent mark-sweep generation total 13696K, used 9399K [0x00000000ff2a0000, 0x0000000100000000, 0x0000000100000000)
 Metaspace       used 5076K, capacity 5258K, committed 5504K, reserved 1056768K
  class space    used 557K, capacity 597K, committed 640K, reserved 1048576K
}
{Heap before GC invocations=606 (full 76):
 par new generation   total 6144K, used 5237K [0x00000000fec00000, 0x00000000ff2a0000, 0x00000000ff2a0000)
  eden space 5504K,  95% used [0x00000000fec00000, 0x00000000ff11b780, 0x00000000ff160000)
  from space 640K,   1% used [0x00000000ff200000, 0x00000000ff202040, 0x00000000ff2a0000)
  to   space 640K,   0% used [0x00000000ff160000, 0x00000000ff160000, 0x00000000ff200000)
 concurrent mark-sweep generation total 13696K, used 9399K [0x00000000ff2a0000, 0x0000000100000000, 0x0000000100000000)
 Metaspace       used 5076K, capacity 5258K, committed 5504K, reserved 1056768K
  class space    used 557K, capacity 597K, committed 640K, reserved 1048576K
2024-07-16T11:01:40.153+0800: 5.034: [GC (Allocation Failure) 2024-07-16T11:01:40.153+0800: 5.034: [ParNew: 5237K->8K(6144K), 0.0014980 secs] 14637K->10431K(19840K), 0.0016280 secs] [Times: user=0.00 sys=0.00, real=0.00 secs] 
Heap after GC invocations=607 (full 76):
 par new generation   total 6144K, used 8K [0x00000000fec00000, 0x00000000ff2a0000, 0x00000000ff2a0000)
  eden space 5504K,   0% used [0x00000000fec00000, 0x00000000fec00000, 0x00000000ff160000)
  from space 640K,   1% used [0x00000000ff160000, 0x00000000ff162040, 0x00000000ff200000)
  to   space 640K,   0% used [0x00000000ff200000, 0x00000000ff200000, 0x00000000ff2a0000)
 concurrent mark-sweep generation total 13696K, used 10423K [0x00000000ff2a0000, 0x0000000100000000, 0x0000000100000000)
 Metaspace       used 5076K, capacity 5258K, committed 5504K, reserved 1056768K
  class space    used 557K, capacity 597K, committed 640K, reserved 1048576K
}
{Heap before GC invocations=607 (full 76):
 par new generation   total 6144K, used 5237K [0x00000000fec00000, 0x00000000ff2a0000, 0x00000000ff2a0000)
  eden space 5504K,  95% used [0x00000000fec00000, 0x00000000ff11b780, 0x00000000ff160000)
  from space 640K,   1% used [0x00000000ff160000, 0x00000000ff162040, 0x00000000ff200000)
  to   space 640K,   0% used [0x00000000ff200000, 0x00000000ff200000, 0x00000000ff2a0000)
 concurrent mark-sweep generation total 13696K, used 10423K [0x00000000ff2a0000, 0x0000000100000000, 0x0000000100000000)
 Metaspace       used 5076K, capacity 5258K, committed 5504K, reserved 1056768K
  class space    used 557K, capacity 597K, committed 640K, reserved 1048576K
2024-07-16T11:01:40.162+0800: 5.043: [GC (Allocation Failure) 2024-07-16T11:01:40.162+0800: 5.043: [ParNew: 5237K->2K(6144K), 0.0007115 secs] 15661K->10425K(19840K), 0.0007770 secs] [Times: user=0.00 sys=0.00, real=0.00 secs] 
Heap after GC invocations=608 (full 76):
 par new generation   total 6144K, used 2K [0x00000000fec00000, 0x00000000ff2a0000, 0x00000000ff2a0000)
  eden space 5504K,   0% used [0x00000000fec00000, 0x00000000fec00000, 0x00000000ff160000)
  from space 640K,   0% used [0x00000000ff200000, 0x00000000ff200810, 0x00000000ff2a0000)
  to   space 640K,   0% used [0x00000000ff160000, 0x00000000ff160000, 0x00000000ff200000)
 concurrent mark-sweep generation total 13696K, used 10423K [0x00000000ff2a0000, 0x0000000100000000, 0x0000000100000000)
 Metaspace       used 5076K, capacity 5258K, committed 5504K, reserved 1056768K
  class space    used 557K, capacity 597K, committed 640K, reserved 1048576K
}
{Heap before GC invocations=608 (full 76):
 par new generation   total 6144K, used 5231K [0x00000000fec00000, 0x00000000ff2a0000, 0x00000000ff2a0000)
  eden space 5504K,  95% used [0x00000000fec00000, 0x00000000ff11b780, 0x00000000ff160000)
  from space 640K,   0% used [0x00000000ff200000, 0x00000000ff200810, 0x00000000ff2a0000)
  to   space 640K,   0% used [0x00000000ff160000, 0x00000000ff160000, 0x00000000ff200000)
 concurrent mark-sweep generation total 13696K, used 10423K [0x00000000ff2a0000, 0x0000000100000000, 0x0000000100000000)
 Metaspace       used 5076K, capacity 5258K, committed 5504K, reserved 1056768K
  class space    used 557K, capacity 597K, committed 640K, reserved 1048576K
2024-07-16T11:01:40.170+0800: 5.051: [GC (Allocation Failure) 2024-07-16T11:01:40.170+0800: 5.051: [ParNew: 5231K->6K(6144K), 0.0013078 secs] 15654K->11455K(19840K), 0.0014189 secs] [Times: user=0.00 sys=0.00, real=0.00 secs] 
Heap after GC invocations=609 (full 76):
 par new generation   total 6144K, used 6K [0x00000000fec00000, 0x00000000ff2a0000, 0x00000000ff2a0000)
  eden space 5504K,   0% used [0x00000000fec00000, 0x00000000fec00000, 0x00000000ff160000)
  from space 640K,   0% used [0x00000000ff160000, 0x00000000ff161830, 0x00000000ff200000)
  to   space 640K,   0% used [0x00000000ff200000, 0x00000000ff200000, 0x00000000ff2a0000)
 concurrent mark-sweep generation total 13696K, used 11449K [0x00000000ff2a0000, 0x0000000100000000, 0x0000000100000000)
 Metaspace       used 5076K, capacity 5258K, committed 5504K, reserved 1056768K
  class space    used 557K, capacity 597K, committed 640K, reserved 1048576K
}
{Heap before GC invocations=609 (full 76):
 par new generation   total 6144K, used 5235K [0x00000000fec00000, 0x00000000ff2a0000, 0x00000000ff2a0000)
  eden space 5504K,  95% used [0x00000000fec00000, 0x00000000ff11b780, 0x00000000ff160000)
  from space 640K,   0% used [0x00000000ff160000, 0x00000000ff161830, 0x00000000ff200000)
  to   space 640K,   0% used [0x00000000ff200000, 0x00000000ff200000, 0x00000000ff2a0000)
 concurrent mark-sweep generation total 13696K, used 11449K [0x00000000ff2a0000, 0x0000000100000000, 0x0000000100000000)
 Metaspace       used 5076K, capacity 5258K, committed 5504K, reserved 1056768K
  class space    used 557K, capacity 597K, committed 640K, reserved 1048576K
2024-07-16T11:01:40.180+0800: 5.061: [GC (Allocation Failure) 2024-07-16T11:01:40.180+0800: 5.061: [ParNew: 5235K->4K(6144K), 0.0002881 secs] 16685K->11453K(19840K), 0.0004360 secs] [Times: user=0.00 sys=0.00, real=0.00 secs] 
Heap after GC invocations=610 (full 76):
 par new generation   total 6144K, used 4K [0x00000000fec00000, 0x00000000ff2a0000, 0x00000000ff2a0000)
  eden space 5504K,   0% used [0x00000000fec00000, 0x00000000fec00000, 0x00000000ff160000)
  from space 640K,   0% used [0x00000000ff200000, 0x00000000ff201020, 0x00000000ff2a0000)
  to   space 640K,   0% used [0x00000000ff160000, 0x00000000ff160000, 0x00000000ff200000)
 concurrent mark-sweep generation total 13696K, used 11449K [0x00000000ff2a0000, 0x0000000100000000, 0x0000000100000000)
 Metaspace       used 5076K, capacity 5258K, committed 5504K, reserved 1056768K
  class space    used 557K, capacity 597K, committed 640K, reserved 1048576K
}
{Heap before GC invocations=610 (full 76):
 par new generation   total 6144K, used 5233K [0x00000000fec00000, 0x00000000ff2a0000, 0x00000000ff2a0000)
  eden space 5504K,  95% used [0x00000000fec00000, 0x00000000ff11b780, 0x00000000ff160000)
  from space 640K,   0% used [0x00000000ff200000, 0x00000000ff201020, 0x00000000ff2a0000)
  to   space 640K,   0% used [0x00000000ff160000, 0x00000000ff160000, 0x00000000ff200000)
 concurrent mark-sweep generation total 13696K, used 11449K [0x00000000ff2a0000, 0x0000000100000000, 0x0000000100000000)
 Metaspace       used 5076K, capacity 5258K, committed 5504K, reserved 1056768K
  class space    used 557K, capacity 597K, committed 640K, reserved 1048576K
2024-07-16T11:01:40.186+0800: 5.067: [GC (Allocation Failure) 2024-07-16T11:01:40.186+0800: 5.067: [ParNew: 5233K->6K(6144K), 0.0013255 secs] 16683K->12481K(19840K), 0.0013872 secs] [Times: user=0.00 sys=0.00, real=0.00 secs] 
Heap after GC invocations=611 (full 76):
 par new generation   total 6144K, used 6K [0x00000000fec00000, 0x00000000ff2a0000, 0x00000000ff2a0000)
  eden space 5504K,   0% used [0x00000000fec00000, 0x00000000fec00000, 0x00000000ff160000)
  from space 640K,   0% used [0x00000000ff160000, 0x00000000ff161830, 0x00000000ff200000)
  to   space 640K,   0% used [0x00000000ff200000, 0x00000000ff200000, 0x00000000ff2a0000)
 concurrent mark-sweep generation total 13696K, used 12475K [0x00000000ff2a0000, 0x0000000100000000, 0x0000000100000000)
 Metaspace       used 5076K, capacity 5258K, committed 5504K, reserved 1056768K
  class space    used 557K, capacity 597K, committed 640K, reserved 1048576K
}
{Heap before GC invocations=611 (full 76):
 par new generation   total 6144K, used 5235K [0x00000000fec00000, 0x00000000ff2a0000, 0x00000000ff2a0000)
  eden space 5504K,  95% used [0x00000000fec00000, 0x00000000ff11b780, 0x00000000ff160000)
  from space 640K,   0% used [0x00000000ff160000, 0x00000000ff161830, 0x00000000ff200000)
  to   space 640K,   0% used [0x00000000ff200000, 0x00000000ff200000, 0x00000000ff2a0000)
 concurrent mark-sweep generation total 13696K, used 12475K [0x00000000ff2a0000, 0x0000000100000000, 0x0000000100000000)
 Metaspace       used 5076K, capacity 5258K, committed 5504K, reserved 1056768K
  class space    used 557K, capacity 597K, committed 640K, reserved 1048576K
2024-07-16T11:01:40.194+0800: 5.075: [GC (Allocation Failure) 2024-07-16T11:01:40.194+0800: 5.075: [ParNew: 5235K->5235K(6144K), 0.0000205 secs]2024-07-16T11:01:40.194+0800: 5.075: [CMS2024-07-16T11:01:40.194+0800: 5.075: [CMS-concurrent-abortable-preclean: 0.002/0.102 secs] [Times: user=0.16 sys=0.00, real=0.10 secs] 
 (concurrent mode failure): 12475K->2220K(13696K), 0.0031349 secs] 17711K->2220K(19840K), [Metaspace: 5076K->5076K(1056768K)], 0.0032941 secs] [Times: user=0.00 sys=0.00, real=0.00 secs] 
Heap after GC invocations=612 (full 77):
 par new generation   total 6144K, used 0K [0x00000000fec00000, 0x00000000ff2a0000, 0x00000000ff2a0000)
  eden space 5504K,   0% used [0x00000000fec00000, 0x00000000fec00000, 0x00000000ff160000)
  from space 640K,   0% used [0x00000000ff160000, 0x00000000ff160000, 0x00000000ff200000)
  to   space 640K,   0% used [0x00000000ff200000, 0x00000000ff200000, 0x00000000ff2a0000)
 concurrent mark-sweep generation total 13696K, used 2220K [0x00000000ff2a0000, 0x0000000100000000, 0x0000000100000000)
 Metaspace       used 5076K, capacity 5258K, committed 5504K, reserved 1056768K
  class space    used 557K, capacity 597K, committed 640K, reserved 1048576K
}
{Heap before GC invocations=612 (full 77):
 par new generation   total 6144K, used 5229K [0x00000000fec00000, 0x00000000ff2a0000, 0x00000000ff2a0000)
  eden space 5504K,  95% used [0x00000000fec00000, 0x00000000ff11b780, 0x00000000ff160000)
  from space 640K,   0% used [0x00000000ff160000, 0x00000000ff160000, 0x00000000ff200000)
  to   space 640K,   0% used [0x00000000ff200000, 0x00000000ff200000, 0x00000000ff2a0000)
 concurrent mark-sweep generation total 13696K, used 2220K [0x00000000ff2a0000, 0x0000000100000000, 0x0000000100000000)
 Metaspace       used 5076K, capacity 5258K, committed 5504K, reserved 1056768K
  class space    used 557K, capacity 597K, committed 640K, reserved 1048576K
2024-07-16T11:01:40.202+0800: 5.083: [GC (Allocation Failure) 2024-07-16T11:01:40.202+0800: 5.083: [ParNew: 5229K->6K(6144K), 0.0010762 secs] 7450K->3252K(19840K), 0.0011197 secs] [Times: user=0.00 sys=0.00, real=0.00 secs] 
Heap after GC invocations=613 (full 77):
 par new generation   total 6144K, used 6K [0x00000000fec00000, 0x00000000ff2a0000, 0x00000000ff2a0000)
  eden space 5504K,   0% used [0x00000000fec00000, 0x00000000fec00000, 0x00000000ff160000)
  from space 640K,   0% used [0x00000000ff200000, 0x00000000ff201830, 0x00000000ff2a0000)
  to   space 640K,   0% used [0x00000000ff160000, 0x00000000ff160000, 0x00000000ff200000)
 concurrent mark-sweep generation total 13696K, used 3246K [0x00000000ff2a0000, 0x0000000100000000, 0x0000000100000000)
 Metaspace       used 5076K, capacity 5258K, committed 5504K, reserved 1056768K
  class space    used 557K, capacity 597K, committed 640K, reserved 1048576K
}
2024-07-16T11:01:40.203+0800: 5.084: [GC (CMS Initial Mark) [1 CMS-initial-mark: 3246K(13696K)] 4278K(19840K), 0.0002854 secs] [Times: user=0.00 sys=0.00, real=0.00 secs] 
2024-07-16T11:01:40.203+0800: 5.084: [CMS-concurrent-mark-start]
2024-07-16T11:01:40.206+0800: 5.087: [CMS-concurrent-mark: 0.003/0.003 secs] [Times: user=0.05 sys=0.00, real=0.00 secs] 
2024-07-16T11:01:40.206+0800: 5.087: [CMS-concurrent-preclean-start]
2024-07-16T11:01:40.206+0800: 5.087: [CMS-concurrent-preclean: 0.000/0.000 secs] [Times: user=0.00 sys=0.00, real=0.00 secs] 
2024-07-16T11:01:40.206+0800: 5.087: [CMS-concurrent-abortable-preclean-start]
{Heap before GC invocations=613 (full 78):
 par new generation   total 6144K, used 5235K [0x00000000fec00000, 0x00000000ff2a0000, 0x00000000ff2a0000)
  eden space 5504K,  95% used [0x00000000fec00000, 0x00000000ff11b780, 0x00000000ff160000)
  from space 640K,   0% used [0x00000000ff200000, 0x00000000ff201830, 0x00000000ff2a0000)
  to   space 640K,   0% used [0x00000000ff160000, 0x00000000ff160000, 0x00000000ff200000)
 concurrent mark-sweep generation total 13696K, used 3246K [0x00000000ff2a0000, 0x0000000100000000, 0x0000000100000000)
 Metaspace       used 5076K, capacity 5258K, committed 5504K, reserved 1056768K
  class space    used 557K, capacity 597K, committed 640K, reserved 1048576K
2024-07-16T11:01:40.211+0800: 5.092: [GC (Allocation Failure) 2024-07-16T11:01:40.211+0800: 5.092: [ParNew: 5235K->8K(6144K), 0.0010516 secs] 8482K->4278K(19840K), 0.0010955 secs] [Times: user=0.00 sys=0.00, real=0.00 secs] 
Heap after GC invocations=614 (full 78):
 par new generation   total 6144K, used 8K [0x00000000fec00000, 0x00000000ff2a0000, 0x00000000ff2a0000)
  eden space 5504K,   0% used [0x00000000fec00000, 0x00000000fec00000, 0x00000000ff160000)
  from space 640K,   1% used [0x00000000ff160000, 0x00000000ff162040, 0x00000000ff200000)
  to   space 640K,   0% used [0x00000000ff200000, 0x00000000ff200000, 0x00000000ff2a0000)
 concurrent mark-sweep generation total 13696K, used 4270K [0x00000000ff2a0000, 0x0000000100000000, 0x0000000100000000)
 Metaspace       used 5076K, capacity 5258K, committed 5504K, reserved 1056768K
  class space    used 557K, capacity 597K, committed 640K, reserved 1048576K
}
{Heap before GC invocations=614 (full 78):
 par new generation   total 6144K, used 5237K [0x00000000fec00000, 0x00000000ff2a0000, 0x00000000ff2a0000)
  eden space 5504K,  95% used [0x00000000fec00000, 0x00000000ff11b780, 0x00000000ff160000)
  from space 640K,   1% used [0x00000000ff160000, 0x00000000ff162040, 0x00000000ff200000)
  to   space 640K,   0% used [0x00000000ff200000, 0x00000000ff200000, 0x00000000ff2a0000)
 concurrent mark-sweep generation total 13696K, used 4270K [0x00000000ff2a0000, 0x0000000100000000, 0x0000000100000000)
 Metaspace       used 5076K, capacity 5258K, committed 5504K, reserved 1056768K
  class space    used 557K, capacity 597K, committed 640K, reserved 1048576K
2024-07-16T11:01:40.219+0800: 5.100: [GC (Allocation Failure) 2024-07-16T11:01:40.219+0800: 5.100: [ParNew: 5237K->6K(6144K), 0.0008191 secs] 9508K->5303K(19840K), 0.0009646 secs] [Times: user=0.00 sys=0.00, real=0.00 secs] 
Heap after GC invocations=615 (full 78):
 par new generation   total 6144K, used 6K [0x00000000fec00000, 0x00000000ff2a0000, 0x00000000ff2a0000)
  eden space 5504K,   0% used [0x00000000fec00000, 0x00000000fec00000, 0x00000000ff160000)
  from space 640K,   0% used [0x00000000ff200000, 0x00000000ff201830, 0x00000000ff2a0000)
  to   space 640K,   0% used [0x00000000ff160000, 0x00000000ff160000, 0x00000000ff200000)
 concurrent mark-sweep generation total 13696K, used 5296K [0x00000000ff2a0000, 0x0000000100000000, 0x0000000100000000)
 Metaspace       used 5076K, capacity 5258K, committed 5504K, reserved 1056768K
  class space    used 557K, capacity 597K, committed 640K, reserved 1048576K
}
{Heap before GC invocations=615 (full 78):
 par new generation   total 6144K, used 5235K [0x00000000fec00000, 0x00000000ff2a0000, 0x00000000ff2a0000)
  eden space 5504K,  95% used [0x00000000fec00000, 0x00000000ff11b780, 0x00000000ff160000)
  from space 640K,   0% used [0x00000000ff200000, 0x00000000ff201830, 0x00000000ff2a0000)
  to   space 640K,   0% used [0x00000000ff160000, 0x00000000ff160000, 0x00000000ff200000)
 concurrent mark-sweep generation total 13696K, used 5296K [0x00000000ff2a0000, 0x0000000100000000, 0x0000000100000000)
 Metaspace       used 5076K, capacity 5258K, committed 5504K, reserved 1056768K
  class space    used 557K, capacity 597K, committed 640K, reserved 1048576K
2024-07-16T11:01:40.227+0800: 5.108: [GC (Allocation Failure) 2024-07-16T11:01:40.227+0800: 5.108: [ParNew: 5235K->10K(6144K), 0.0012885 secs] 10532K->6333K(19840K), 0.0013818 secs] [Times: user=0.00 sys=0.00, real=0.00 secs] 
Heap after GC invocations=616 (full 78):
 par new generation   total 6144K, used 10K [0x00000000fec00000, 0x00000000ff2a0000, 0x00000000ff2a0000)
  eden space 5504K,   0% used [0x00000000fec00000, 0x00000000fec00000, 0x00000000ff160000)
  from space 640K,   1% used [0x00000000ff160000, 0x00000000ff162850, 0x00000000ff200000)
  to   space 640K,   0% used [0x00000000ff200000, 0x00000000ff200000, 0x00000000ff2a0000)
 concurrent mark-sweep generation total 13696K, used 6323K [0x00000000ff2a0000, 0x0000000100000000, 0x0000000100000000)
 Metaspace       used 5076K, capacity 5258K, committed 5504K, reserved 1056768K
  class space    used 557K, capacity 597K, committed 640K, reserved 1048576K
}
{Heap before GC invocations=616 (full 78):
 par new generation   total 6144K, used 5239K [0x00000000fec00000, 0x00000000ff2a0000, 0x00000000ff2a0000)
  eden space 5504K,  95% used [0x00000000fec00000, 0x00000000ff11b780, 0x00000000ff160000)
  from space 640K,   1% used [0x00000000ff160000, 0x00000000ff162850, 0x00000000ff200000)
  to   space 640K,   0% used [0x00000000ff200000, 0x00000000ff200000, 0x00000000ff2a0000)
 concurrent mark-sweep generation total 13696K, used 6323K [0x00000000ff2a0000, 0x0000000100000000, 0x0000000100000000)
 Metaspace       used 5076K, capacity 5258K, committed 5504K, reserved 1056768K
  class space    used 557K, capacity 597K, committed 640K, reserved 1048576K
2024-07-16T11:01:40.236+0800: 5.117: [GC (Allocation Failure) 2024-07-16T11:01:40.236+0800: 5.117: [ParNew: 5239K->8K(6144K), 0.0012973 secs] 11562K->7355K(19840K), 0.0013613 secs] [Times: user=0.00 sys=0.00, real=0.00 secs] 
Heap after GC invocations=617 (full 78):
 par new generation   total 6144K, used 8K [0x00000000fec00000, 0x00000000ff2a0000, 0x00000000ff2a0000)
  eden space 5504K,   0% used [0x00000000fec00000, 0x00000000fec00000, 0x00000000ff160000)
  from space 640K,   1% used [0x00000000ff200000, 0x00000000ff202040, 0x00000000ff2a0000)
  to   space 640K,   0% used [0x00000000ff160000, 0x00000000ff160000, 0x00000000ff200000)
 concurrent mark-sweep generation total 13696K, used 7347K [0x00000000ff2a0000, 0x0000000100000000, 0x0000000100000000)
 Metaspace       used 5076K, capacity 5258K, committed 5504K, reserved 1056768K
  class space    used 557K, capacity 597K, committed 640K, reserved 1048576K
}
{Heap before GC invocations=617 (full 78):
 par new generation   total 6144K, used 5237K [0x00000000fec00000, 0x00000000ff2a0000, 0x00000000ff2a0000)
  eden space 5504K,  95% used [0x00000000fec00000, 0x00000000ff11b780, 0x00000000ff160000)
  from space 640K,   1% used [0x00000000ff200000, 0x00000000ff202040, 0x00000000ff2a0000)
  to   space 640K,   0% used [0x00000000ff160000, 0x00000000ff160000, 0x00000000ff200000)
 concurrent mark-sweep generation total 13696K, used 7347K [0x00000000ff2a0000, 0x0000000100000000, 0x0000000100000000)
 Metaspace       used 5076K, capacity 5258K, committed 5504K, reserved 1056768K
  class space    used 557K, capacity 597K, committed 640K, reserved 1048576K
2024-07-16T11:01:40.245+0800: 5.126: [GC (Allocation Failure) 2024-07-16T11:01:40.245+0800: 5.126: [ParNew: 5237K->6K(6144K), 0.0014727 secs] 12584K->8379K(19840K), 0.0015981 secs] [Times: user=0.00 sys=0.00, real=0.00 secs] 
Heap after GC invocations=618 (full 78):
 par new generation   total 6144K, used 6K [0x00000000fec00000, 0x00000000ff2a0000, 0x00000000ff2a0000)
  eden space 5504K,   0% used [0x00000000fec00000, 0x00000000fec00000, 0x00000000ff160000)
  from space 640K,   0% used [0x00000000ff160000, 0x00000000ff161830, 0x00000000ff200000)
  to   space 640K,   0% used [0x00000000ff200000, 0x00000000ff200000, 0x00000000ff2a0000)
 concurrent mark-sweep generation total 13696K, used 8373K [0x00000000ff2a0000, 0x0000000100000000, 0x0000000100000000)
 Metaspace       used 5076K, capacity 5258K, committed 5504K, reserved 1056768K
  class space    used 557K, capacity 597K, committed 640K, reserved 1048576K
}
{Heap before GC invocations=618 (full 78):
 par new generation   total 6144K, used 5235K [0x00000000fec00000, 0x00000000ff2a0000, 0x00000000ff2a0000)
  eden space 5504K,  95% used [0x00000000fec00000, 0x00000000ff11b780, 0x00000000ff160000)
  from space 640K,   0% used [0x00000000ff160000, 0x00000000ff161830, 0x00000000ff200000)
  to   space 640K,   0% used [0x00000000ff200000, 0x00000000ff200000, 0x00000000ff2a0000)
 concurrent mark-sweep generation total 13696K, used 8373K [0x00000000ff2a0000, 0x0000000100000000, 0x0000000100000000)
 Metaspace       used 5076K, capacity 5258K, committed 5504K, reserved 1056768K
  class space    used 557K, capacity 597K, committed 640K, reserved 1048576K
2024-07-16T11:01:40.255+0800: 5.136: [GC (Allocation Failure) 2024-07-16T11:01:40.255+0800: 5.136: [ParNew: 5235K->4K(6144K), 0.0011490 secs] 13609K->8377K(19840K), 0.0012488 secs] [Times: user=0.00 sys=0.00, real=0.00 secs] 
Heap after GC invocations=619 (full 78):
 par new generation   total 6144K, used 4K [0x00000000fec00000, 0x00000000ff2a0000, 0x00000000ff2a0000)
  eden space 5504K,   0% used [0x00000000fec00000, 0x00000000fec00000, 0x00000000ff160000)
  from space 640K,   0% used [0x00000000ff200000, 0x00000000ff201020, 0x00000000ff2a0000)
  to   space 640K,   0% used [0x00000000ff160000, 0x00000000ff160000, 0x00000000ff200000)
 concurrent mark-sweep generation total 13696K, used 8373K [0x00000000ff2a0000, 0x0000000100000000, 0x0000000100000000)
 Metaspace       used 5076K, capacity 5258K, committed 5504K, reserved 1056768K
  class space    used 557K, capacity 597K, committed 640K, reserved 1048576K
}
{Heap before GC invocations=619 (full 78):
 par new generation   total 6144K, used 5233K [0x00000000fec00000, 0x00000000ff2a0000, 0x00000000ff2a0000)
  eden space 5504K,  95% used [0x00000000fec00000, 0x00000000ff11b780, 0x00000000ff160000)
  from space 640K,   0% used [0x00000000ff200000, 0x00000000ff201020, 0x00000000ff2a0000)
  to   space 640K,   0% used [0x00000000ff160000, 0x00000000ff160000, 0x00000000ff200000)
 concurrent mark-sweep generation total 13696K, used 8373K [0x00000000ff2a0000, 0x0000000100000000, 0x0000000100000000)
 Metaspace       used 5076K, capacity 5258K, committed 5504K, reserved 1056768K
  class space    used 557K, capacity 597K, committed 640K, reserved 1048576K
2024-07-16T11:01:40.263+0800: 5.144: [GC (Allocation Failure) 2024-07-16T11:01:40.263+0800: 5.144: [ParNew: 5233K->6K(6144K), 0.0014393 secs] 13607K->9403K(19840K), 0.0015638 secs] [Times: user=0.00 sys=0.00, real=0.00 secs] 
Heap after GC invocations=620 (full 78):
 par new generation   total 6144K, used 6K [0x00000000fec00000, 0x00000000ff2a0000, 0x00000000ff2a0000)
  eden space 5504K,   0% used [0x00000000fec00000, 0x00000000fec00000, 0x00000000ff160000)
  from space 640K,   0% used [0x00000000ff160000, 0x00000000ff161830, 0x00000000ff200000)
  to   space 640K,   0% used [0x00000000ff200000, 0x00000000ff200000, 0x00000000ff2a0000)
 concurrent mark-sweep generation total 13696K, used 9397K [0x00000000ff2a0000, 0x0000000100000000, 0x0000000100000000)
 Metaspace       used 5076K, capacity 5258K, committed 5504K, reserved 1056768K
  class space    used 557K, capacity 597K, committed 640K, reserved 1048576K
}
{Heap before GC invocations=620 (full 78):
 par new generation   total 6144K, used 5235K [0x00000000fec00000, 0x00000000ff2a0000, 0x00000000ff2a0000)
  eden space 5504K,  95% used [0x00000000fec00000, 0x00000000ff11b780, 0x00000000ff160000)
  from space 640K,   0% used [0x00000000ff160000, 0x00000000ff161830, 0x00000000ff200000)
  to   space 640K,   0% used [0x00000000ff200000, 0x00000000ff200000, 0x00000000ff2a0000)
 concurrent mark-sweep generation total 13696K, used 9397K [0x00000000ff2a0000, 0x0000000100000000, 0x0000000100000000)
 Metaspace       used 5076K, capacity 5258K, committed 5504K, reserved 1056768K
  class space    used 557K, capacity 597K, committed 640K, reserved 1048576K
2024-07-16T11:01:40.273+0800: 5.154: [GC (Allocation Failure) 2024-07-16T11:01:40.273+0800: 5.154: [ParNew: 5235K->6K(6144K), 0.0012260 secs] 14633K->10429K(19840K), 0.0013066 secs] [Times: user=0.00 sys=0.00, real=0.00 secs] 
Heap after GC invocations=621 (full 78):
 par new generation   total 6144K, used 6K [0x00000000fec00000, 0x00000000ff2a0000, 0x00000000ff2a0000)
  eden space 5504K,   0% used [0x00000000fec00000, 0x00000000fec00000, 0x00000000ff160000)
  from space 640K,   0% used [0x00000000ff200000, 0x00000000ff201830, 0x00000000ff2a0000)
  to   space 640K,   0% used [0x00000000ff160000, 0x00000000ff160000, 0x00000000ff200000)
 concurrent mark-sweep generation total 13696K, used 10423K [0x00000000ff2a0000, 0x0000000100000000, 0x0000000100000000)
 Metaspace       used 5076K, capacity 5258K, committed 5504K, reserved 1056768K
  class space    used 557K, capacity 597K, committed 640K, reserved 1048576K
}
{Heap before GC invocations=621 (full 78):
 par new generation   total 6144K, used 5235K [0x00000000fec00000, 0x00000000ff2a0000, 0x00000000ff2a0000)
  eden space 5504K,  95% used [0x00000000fec00000, 0x00000000ff11b780, 0x00000000ff160000)
  from space 640K,   0% used [0x00000000ff200000, 0x00000000ff201830, 0x00000000ff2a0000)
  to   space 640K,   0% used [0x00000000ff160000, 0x00000000ff160000, 0x00000000ff200000)
 concurrent mark-sweep generation total 13696K, used 10423K [0x00000000ff2a0000, 0x0000000100000000, 0x0000000100000000)
 Metaspace       used 5076K, capacity 5258K, committed 5504K, reserved 1056768K
  class space    used 557K, capacity 597K, committed 640K, reserved 1048576K
2024-07-16T11:01:40.281+0800: 5.162: [GC (Allocation Failure) 2024-07-16T11:01:40.281+0800: 5.162: [ParNew: 5235K->8K(6144K), 0.0014858 secs] 15659K->11455K(19840K), 0.0016087 secs] [Times: user=0.00 sys=0.00, real=0.00 secs] 
Heap after GC invocations=622 (full 78):
 par new generation   total 6144K, used 8K [0x00000000fec00000, 0x00000000ff2a0000, 0x00000000ff2a0000)
  eden space 5504K,   0% used [0x00000000fec00000, 0x00000000fec00000, 0x00000000ff160000)
  from space 640K,   1% used [0x00000000ff160000, 0x00000000ff162040, 0x00000000ff200000)
  to   space 640K,   0% used [0x00000000ff200000, 0x00000000ff200000, 0x00000000ff2a0000)
 concurrent mark-sweep generation total 13696K, used 11447K [0x00000000ff2a0000, 0x0000000100000000, 0x0000000100000000)
 Metaspace       used 5076K, capacity 5258K, committed 5504K, reserved 1056768K
  class space    used 557K, capacity 597K, committed 640K, reserved 1048576K
}
{Heap before GC invocations=622 (full 78):
 par new generation   total 6144K, used 5237K [0x00000000fec00000, 0x00000000ff2a0000, 0x00000000ff2a0000)
  eden space 5504K,  95% used [0x00000000fec00000, 0x00000000ff11b780, 0x00000000ff160000)
  from space 640K,   1% used [0x00000000ff160000, 0x00000000ff162040, 0x00000000ff200000)
  to   space 640K,   0% used [0x00000000ff200000, 0x00000000ff200000, 0x00000000ff2a0000)
 concurrent mark-sweep generation total 13696K, used 11447K [0x00000000ff2a0000, 0x0000000100000000, 0x0000000100000000)
 Metaspace       used 5076K, capacity 5258K, committed 5504K, reserved 1056768K
  class space    used 557K, capacity 597K, committed 640K, reserved 1048576K
2024-07-16T11:01:40.291+0800: 5.172: [GC (Allocation Failure) 2024-07-16T11:01:40.291+0800: 5.172: [ParNew: 5237K->6K(6144K), 0.0014309 secs] 16685K->12477K(19840K), 0.0015387 secs] [Times: user=0.00 sys=0.00, real=0.00 secs] 
Heap after GC invocations=623 (full 78):
 par new generation   total 6144K, used 6K [0x00000000fec00000, 0x00000000ff2a0000, 0x00000000ff2a0000)
  eden space 5504K,   0% used [0x00000000fec00000, 0x00000000fec00000, 0x00000000ff160000)
  from space 640K,   0% used [0x00000000ff200000, 0x00000000ff201830, 0x00000000ff2a0000)
  to   space 640K,   0% used [0x00000000ff160000, 0x00000000ff160000, 0x00000000ff200000)
 concurrent mark-sweep generation total 13696K, used 12471K [0x00000000ff2a0000, 0x0000000100000000, 0x0000000100000000)
 Metaspace       used 5076K, capacity 5258K, committed 5504K, reserved 1056768K
  class space    used 557K, capacity 597K, committed 640K, reserved 1048576K
}
{Heap before GC invocations=623 (full 78):
 par new generation   total 6144K, used 5235K [0x00000000fec00000, 0x00000000ff2a0000, 0x00000000ff2a0000)
  eden space 5504K,  95% used [0x00000000fec00000, 0x00000000ff11b780, 0x00000000ff160000)
  from space 640K,   0% used [0x00000000ff200000, 0x00000000ff201830, 0x00000000ff2a0000)
  to   space 640K,   0% used [0x00000000ff160000, 0x00000000ff160000, 0x00000000ff200000)
 concurrent mark-sweep generation total 13696K, used 12471K [0x00000000ff2a0000, 0x0000000100000000, 0x0000000100000000)
 Metaspace       used 5076K, capacity 5258K, committed 5504K, reserved 1056768K
  class space    used 557K, capacity 597K, committed 640K, reserved 1048576K
2024-07-16T11:01:40.299+0800: 5.180: [GC (Allocation Failure) 2024-07-16T11:01:40.299+0800: 5.180: [ParNew: 5235K->6K(6144K), 0.0014548 secs] 17707K->13501K(19840K), 0.0015705 secs] [Times: user=0.00 sys=0.00, real=0.00 secs] 
Heap after GC invocations=624 (full 78):
 par new generation   total 6144K, used 6K [0x00000000fec00000, 0x00000000ff2a0000, 0x00000000ff2a0000)
  eden space 5504K,   0% used [0x00000000fec00000, 0x00000000fec00000, 0x00000000ff160000)
  from space 640K,   0% used [0x00000000ff160000, 0x00000000ff161830, 0x00000000ff200000)
  to   space 640K,   0% used [0x00000000ff200000, 0x00000000ff200000, 0x00000000ff2a0000)
 concurrent mark-sweep generation total 13696K, used 13495K [0x00000000ff2a0000, 0x0000000100000000, 0x0000000100000000)
 Metaspace       used 5076K, capacity 5258K, committed 5504K, reserved 1056768K
  class space    used 557K, capacity 597K, committed 640K, reserved 1048576K
}
2024-07-16T11:01:40.300+0800: 5.182: [CMS-concurrent-abortable-preclean: 0.001/0.095 secs] [Times: user=0.03 sys=0.00, real=0.09 secs] 
2024-07-16T11:01:40.301+0800: 5.182: [GC (CMS Final Remark) [YG occupancy: 1139 K (6144 K)]2024-07-16T11:01:40.301+0800: 5.182: [Rescan (parallel) , 0.0006693 secs]2024-07-16T11:01:40.301+0800: 5.183: [weak refs processing, 0.0000525 secs]2024-07-16T11:01:40.302+0800: 5.183: [class unloading, 0.0007844 secs]2024-07-16T11:01:40.302+0800: 5.183: [scrub symbol table, 0.0009826 secs]2024-07-16T11:01:40.303+0800: 5.184: [scrub string table, 0.0002419 secs][1 CMS-remark: 13495K(13696K)] 14635K(19840K), 0.0029144 secs] [Times: user=0.00 sys=0.00, real=0.00 secs] 
2024-07-16T11:01:40.304+0800: 5.185: [CMS-concurrent-sweep-start]
2024-07-16T11:01:40.304+0800: 5.185: [CMS-concurrent-sweep: 0.000/0.000 secs] [Times: user=0.00 sys=0.00, real=0.00 secs] 
2024-07-16T11:01:40.304+0800: 5.185: [CMS-concurrent-reset-start]
2024-07-16T11:01:40.304+0800: 5.185: [CMS-concurrent-reset: 0.000/0.000 secs] [Times: user=0.00 sys=0.00, real=0.00 secs] 
{Heap before GC invocations=624 (full 78):
 par new generation   total 6144K, used 5235K [0x00000000fec00000, 0x00000000ff2a0000, 0x00000000ff2a0000)
  eden space 5504K,  95% used [0x00000000fec00000, 0x00000000ff11b780, 0x00000000ff160000)
  from space 640K,   0% used [0x00000000ff160000, 0x00000000ff161830, 0x00000000ff200000)
  to   space 640K,   0% used [0x00000000ff200000, 0x00000000ff200000, 0x00000000ff2a0000)
 concurrent mark-sweep generation total 13696K, used 11447K [0x00000000ff2a0000, 0x0000000100000000, 0x0000000100000000)
 Metaspace       used 5076K, capacity 5258K, committed 5504K, reserved 1056768K
  class space    used 557K, capacity 597K, committed 640K, reserved 1048576K
2024-07-16T11:01:40.311+0800: 5.192: [GC (Allocation Failure) 2024-07-16T11:01:40.311+0800: 5.192: [ParNew: 5235K->4K(6144K), 0.0014440 secs] 16682K->11451K(19840K), 0.0015859 secs] [Times: user=0.00 sys=0.00, real=0.00 secs] 
Heap after GC invocations=625 (full 78):
 par new generation   total 6144K, used 4K [0x00000000fec00000, 0x00000000ff2a0000, 0x00000000ff2a0000)
  eden space 5504K,   0% used [0x00000000fec00000, 0x00000000fec00000, 0x00000000ff160000)
  from space 640K,   0% used [0x00000000ff200000, 0x00000000ff201020, 0x00000000ff2a0000)
  to   space 640K,   0% used [0x00000000ff160000, 0x00000000ff160000, 0x00000000ff200000)
 concurrent mark-sweep generation total 13696K, used 11447K [0x00000000ff2a0000, 0x0000000100000000, 0x0000000100000000)
 Metaspace       used 5076K, capacity 5258K, committed 5504K, reserved 1056768K
  class space    used 557K, capacity 597K, committed 640K, reserved 1048576K
}
2024-07-16T11:01:40.313+0800: 5.194: [GC (CMS Initial Mark) [1 CMS-initial-mark: 11447K(13696K)] 12475K(19840K), 0.0005226 secs] [Times: user=0.00 sys=0.00, real=0.00 secs] 
2024-07-16T11:01:40.313+0800: 5.195: [CMS-concurrent-mark-start]
{Heap before GC invocations=625 (full 79):
 par new generation   total 6144K, used 5233K [0x00000000fec00000, 0x00000000ff2a0000, 0x00000000ff2a0000)
  eden space 5504K,  95% used [0x00000000fec00000, 0x00000000ff11b780, 0x00000000ff160000)
  from space 640K,   0% used [0x00000000ff200000, 0x00000000ff201020, 0x00000000ff2a0000)
  to   space 640K,   0% used [0x00000000ff160000, 0x00000000ff160000, 0x00000000ff200000)
 concurrent mark-sweep generation total 13696K, used 11447K [0x00000000ff2a0000, 0x0000000100000000, 0x0000000100000000)
 Metaspace       used 5076K, capacity 5258K, committed 5504K, reserved 1056768K
  class space    used 557K, capacity 597K, committed 640K, reserved 1048576K
2024-07-16T11:01:40.320+0800: 5.201: [GC (Allocation Failure) 2024-07-16T11:01:40.320+0800: 5.201: [ParNew: 5233K->4K(6144K), 0.0017183 secs] 16680K->12477K(19840K), 0.0018528 secs] [Times: user=0.00 sys=0.00, real=0.00 secs] 
Heap after GC invocations=626 (full 79):
 par new generation   total 6144K, used 4K [0x00000000fec00000, 0x00000000ff2a0000, 0x00000000ff2a0000)
  eden space 5504K,   0% used [0x00000000fec00000, 0x00000000fec00000, 0x00000000ff160000)
  from space 640K,   0% used [0x00000000ff160000, 0x00000000ff161020, 0x00000000ff200000)
  to   space 640K,   0% used [0x00000000ff200000, 0x00000000ff200000, 0x00000000ff2a0000)
 concurrent mark-sweep generation total 13696K, used 12473K [0x00000000ff2a0000, 0x0000000100000000, 0x0000000100000000)
 Metaspace       used 5076K, capacity 5258K, committed 5504K, reserved 1056768K
  class space    used 557K, capacity 597K, committed 640K, reserved 1048576K
}
2024-07-16T11:01:40.323+0800: 5.205: [CMS-concurrent-mark: 0.008/0.010 secs] [Times: user=0.02 sys=0.00, real=0.01 secs] 
2024-07-16T11:01:40.324+0800: 5.205: [CMS-concurrent-preclean-start]
2024-07-16T11:01:40.324+0800: 5.205: [CMS-concurrent-preclean: 0.000/0.000 secs] [Times: user=0.00 sys=0.00, real=0.00 secs] 
2024-07-16T11:01:40.324+0800: 5.205: [CMS-concurrent-abortable-preclean-start]
{Heap before GC invocations=626 (full 79):
 par new generation   total 6144K, used 5233K [0x00000000fec00000, 0x00000000ff2a0000, 0x00000000ff2a0000)
  eden space 5504K,  95% used [0x00000000fec00000, 0x00000000ff11b780, 0x00000000ff160000)
  from space 640K,   0% used [0x00000000ff160000, 0x00000000ff161020, 0x00000000ff200000)
  to   space 640K,   0% used [0x00000000ff200000, 0x00000000ff200000, 0x00000000ff2a0000)
 concurrent mark-sweep generation total 13696K, used 12473K [0x00000000ff2a0000, 0x0000000100000000, 0x0000000100000000)
 Metaspace       used 5076K, capacity 5258K, committed 5504K, reserved 1056768K
  class space    used 557K, capacity 597K, committed 640K, reserved 1048576K
2024-07-16T11:01:40.329+0800: 5.210: [GC (Allocation Failure) 2024-07-16T11:01:40.329+0800: 5.210: [ParNew: 5233K->4K(6144K), 0.0010593 secs] 17707K->12477K(19840K), 0.0011697 secs] [Times: user=0.13 sys=0.00, real=0.00 secs] 
Heap after GC invocations=627 (full 79):
 par new generation   total 6144K, used 4K [0x00000000fec00000, 0x00000000ff2a0000, 0x00000000ff2a0000)
  eden space 5504K,   0% used [0x00000000fec00000, 0x00000000fec00000, 0x00000000ff160000)
  from space 640K,   0% used [0x00000000ff200000, 0x00000000ff201020, 0x00000000ff2a0000)
  to   space 640K,   0% used [0x00000000ff160000, 0x00000000ff160000, 0x00000000ff200000)
 concurrent mark-sweep generation total 13696K, used 12473K [0x00000000ff2a0000, 0x0000000100000000, 0x0000000100000000)
 Metaspace       used 5076K, capacity 5258K, committed 5504K, reserved 1056768K
  class space    used 557K, capacity 597K, committed 640K, reserved 1048576K
}
{Heap before GC invocations=627 (full 79):
 par new generation   total 6144K, used 5233K [0x00000000fec00000, 0x00000000ff2a0000, 0x00000000ff2a0000)
  eden space 5504K,  95% used [0x00000000fec00000, 0x00000000ff11b780, 0x00000000ff160000)
  from space 640K,   0% used [0x00000000ff200000, 0x00000000ff201020, 0x00000000ff2a0000)
  to   space 640K,   0% used [0x00000000ff160000, 0x00000000ff160000, 0x00000000ff200000)
 concurrent mark-sweep generation total 13696K, used 12473K [0x00000000ff2a0000, 0x0000000100000000, 0x0000000100000000)
 Metaspace       used 5076K, capacity 5258K, committed 5504K, reserved 1056768K
  class space    used 557K, capacity 597K, committed 640K, reserved 1048576K
2024-07-16T11:01:40.337+0800: 5.218: [GC (Allocation Failure) 2024-07-16T11:01:40.337+0800: 5.218: [ParNew: 5233K->4K(6144K), 0.0009045 secs] 17707K->12477K(19840K), 0.0009944 secs] [Times: user=0.00 sys=0.00, real=0.00 secs] 
Heap after GC invocations=628 (full 79):
 par new generation   total 6144K, used 4K [0x00000000fec00000, 0x00000000ff2a0000, 0x00000000ff2a0000)
  eden space 5504K,   0% used [0x00000000fec00000, 0x00000000fec00000, 0x00000000ff160000)
  from space 640K,   0% used [0x00000000ff160000, 0x00000000ff161020, 0x00000000ff200000)
  to   space 640K,   0% used [0x00000000ff200000, 0x00000000ff200000, 0x00000000ff2a0000)
 concurrent mark-sweep generation total 13696K, used 12473K [0x00000000ff2a0000, 0x0000000100000000, 0x0000000100000000)
 Metaspace       used 5076K, capacity 5258K, committed 5504K, reserved 1056768K
  class space    used 557K, capacity 597K, committed 640K, reserved 1048576K
}
{Heap before GC invocations=628 (full 79):
 par new generation   total 6144K, used 5233K [0x00000000fec00000, 0x00000000ff2a0000, 0x00000000ff2a0000)
  eden space 5504K,  95% used [0x00000000fec00000, 0x00000000ff11b780, 0x00000000ff160000)
  from space 640K,   0% used [0x00000000ff160000, 0x00000000ff161020, 0x00000000ff200000)
  to   space 640K,   0% used [0x00000000ff200000, 0x00000000ff200000, 0x00000000ff2a0000)
 concurrent mark-sweep generation total 13696K, used 12473K [0x00000000ff2a0000, 0x0000000100000000, 0x0000000100000000)
 Metaspace       used 5076K, capacity 5258K, committed 5504K, reserved 1056768K
  class space    used 557K, capacity 597K, committed 640K, reserved 1048576K
2024-07-16T11:01:40.347+0800: 5.228: [GC (Allocation Failure) 2024-07-16T11:01:40.347+0800: 5.228: [ParNew: 5233K->4K(6144K), 0.0002850 secs] 17707K->12477K(19840K), 0.0003144 secs] [Times: user=0.00 sys=0.00, real=0.00 secs] 
Heap after GC invocations=629 (full 79):
 par new generation   total 6144K, used 4K [0x00000000fec00000, 0x00000000ff2a0000, 0x00000000ff2a0000)
  eden space 5504K,   0% used [0x00000000fec00000, 0x00000000fec00000, 0x00000000ff160000)
  from space 640K,   0% used [0x00000000ff200000, 0x00000000ff201020, 0x00000000ff2a0000)
  to   space 640K,   0% used [0x00000000ff160000, 0x00000000ff160000, 0x00000000ff200000)
 concurrent mark-sweep generation total 13696K, used 12473K [0x00000000ff2a0000, 0x0000000100000000, 0x0000000100000000)
 Metaspace       used 5076K, capacity 5258K, committed 5504K, reserved 1056768K
  class space    used 557K, capacity 597K, committed 640K, reserved 1048576K
}
{Heap before GC invocations=629 (full 79):
 par new generation   total 6144K, used 5233K [0x00000000fec00000, 0x00000000ff2a0000, 0x00000000ff2a0000)
  eden space 5504K,  95% used [0x00000000fec00000, 0x00000000ff11b780, 0x00000000ff160000)
  from space 640K,   0% used [0x00000000ff200000, 0x00000000ff201020, 0x00000000ff2a0000)
  to   space 640K,   0% used [0x00000000ff160000, 0x00000000ff160000, 0x00000000ff200000)
 concurrent mark-sweep generation total 13696K, used 12473K [0x00000000ff2a0000, 0x0000000100000000, 0x0000000100000000)
 Metaspace       used 5076K, capacity 5258K, committed 5504K, reserved 1056768K
  class space    used 557K, capacity 597K, committed 640K, reserved 1048576K
2024-07-16T11:01:40.353+0800: 5.234: [GC (Allocation Failure) 2024-07-16T11:01:40.353+0800: 5.234: [ParNew: 5233K->6K(6144K), 0.0004167 secs] 17707K->13503K(19840K), 0.0004560 secs] [Times: user=0.00 sys=0.00, real=0.00 secs] 
Heap after GC invocations=630 (full 79):
 par new generation   total 6144K, used 6K [0x00000000fec00000, 0x00000000ff2a0000, 0x00000000ff2a0000)
  eden space 5504K,   0% used [0x00000000fec00000, 0x00000000fec00000, 0x00000000ff160000)
  from space 640K,   0% used [0x00000000ff160000, 0x00000000ff161830, 0x00000000ff200000)
  to   space 640K,   0% used [0x00000000ff200000, 0x00000000ff200000, 0x00000000ff2a0000)
 concurrent mark-sweep generation total 13696K, used 13497K [0x00000000ff2a0000, 0x0000000100000000, 0x0000000100000000)
 Metaspace       used 5076K, capacity 5258K, committed 5504K, reserved 1056768K
  class space    used 557K, capacity 597K, committed 640K, reserved 1048576K
}
2024-07-16T11:01:40.353+0800: 5.234: [CMS-concurrent-abortable-preclean: 0.000/0.029 secs] [Times: user=0.13 sys=0.00, real=0.03 secs] 
2024-07-16T11:01:40.353+0800: 5.234: [GC (CMS Final Remark) [YG occupancy: 1030 K (6144 K)]2024-07-16T11:01:40.353+0800: 5.234: [Rescan (parallel) , 0.0001369 secs]2024-07-16T11:01:40.353+0800: 5.234: [weak refs processing, 0.0000073 secs]2024-07-16T11:01:40.353+0800: 5.234: [class unloading, 0.0003362 secs]2024-07-16T11:01:40.354+0800: 5.235: [scrub symbol table, 0.0003654 secs]2024-07-16T11:01:40.354+0800: 5.235: [scrub string table, 0.0000843 secs][1 CMS-remark: 13497K(13696K)] 14527K(19840K), 0.0009684 secs] [Times: user=0.00 sys=0.00, real=0.00 secs] 
2024-07-16T11:01:40.354+0800: 5.235: [CMS-concurrent-sweep-start]
2024-07-16T11:01:40.354+0800: 5.235: [CMS-concurrent-sweep: 0.000/0.000 secs] [Times: user=0.00 sys=0.00, real=0.00 secs] 
2024-07-16T11:01:40.354+0800: 5.235: [CMS-concurrent-reset-start]
2024-07-16T11:01:40.354+0800: 5.235: [CMS-concurrent-reset: 0.000/0.000 secs] [Times: user=0.00 sys=0.00, real=0.00 secs] 
{Heap before GC invocations=630 (full 79):
 par new generation   total 6144K, used 5235K [0x00000000fec00000, 0x00000000ff2a0000, 0x00000000ff2a0000)
  eden space 5504K,  95% used [0x00000000fec00000, 0x00000000ff11b780, 0x00000000ff160000)
  from space 640K,   0% used [0x00000000ff160000, 0x00000000ff161830, 0x00000000ff200000)
  to   space 640K,   0% used [0x00000000ff200000, 0x00000000ff200000, 0x00000000ff2a0000)
 concurrent mark-sweep generation total 13696K, used 3256K [0x00000000ff2a0000, 0x0000000100000000, 0x0000000100000000)
 Metaspace       used 5076K, capacity 5258K, committed 5504K, reserved 1056768K
  class space    used 557K, capacity 597K, committed 640K, reserved 1048576K
2024-07-16T11:01:40.361+0800: 5.241: [GC (Allocation Failure) 2024-07-16T11:01:40.361+0800: 5.241: [ParNew: 5235K->6K(6144K), 0.0005631 secs] 8492K->4287K(19840K), 0.0005910 secs] [Times: user=0.00 sys=0.00, real=0.00 secs] 
Heap after GC invocations=631 (full 79):
 par new generation   total 6144K, used 6K [0x00000000fec00000, 0x00000000ff2a0000, 0x00000000ff2a0000)
  eden space 5504K,   0% used [0x00000000fec00000, 0x00000000fec00000, 0x00000000ff160000)
  from space 640K,   0% used [0x00000000ff200000, 0x00000000ff201830, 0x00000000ff2a0000)
  to   space 640K,   0% used [0x00000000ff160000, 0x00000000ff160000, 0x00000000ff200000)
 concurrent mark-sweep generation total 13696K, used 4280K [0x00000000ff2a0000, 0x0000000100000000, 0x0000000100000000)
 Metaspace       used 5076K, capacity 5258K, committed 5504K, reserved 1056768K
  class space    used 557K, capacity 597K, committed 640K, reserved 1048576K
}
2024-07-16T11:01:40.361+0800: 5.241: [GC (CMS Initial Mark) [1 CMS-initial-mark: 4280K(13696K)] 5311K(19840K), 0.0001045 secs] [Times: user=0.00 sys=0.00, real=0.00 secs] 
2024-07-16T11:01:40.361+0800: 5.241: [CMS-concurrent-mark-start]
2024-07-16T11:01:40.362+0800: 5.243: [CMS-concurrent-mark: 0.001/0.001 secs] [Times: user=0.05 sys=0.00, real=0.00 secs] 
2024-07-16T11:01:40.362+0800: 5.243: [CMS-concurrent-preclean-start]
2024-07-16T11:01:40.362+0800: 5.243: [CMS-concurrent-preclean: 0.000/0.000 secs] [Times: user=0.00 sys=0.00, real=0.00 secs] 
2024-07-16T11:01:40.362+0800: 5.243: [CMS-concurrent-abortable-preclean-start]
{Heap before GC invocations=631 (full 80):
 par new generation   total 6144K, used 5235K [0x00000000fec00000, 0x00000000ff2a0000, 0x00000000ff2a0000)
  eden space 5504K,  95% used [0x00000000fec00000, 0x00000000ff11b780, 0x00000000ff160000)
  from space 640K,   0% used [0x00000000ff200000, 0x00000000ff201830, 0x00000000ff2a0000)
  to   space 640K,   0% used [0x00000000ff160000, 0x00000000ff160000, 0x00000000ff200000)
 concurrent mark-sweep generation total 13696K, used 4280K [0x00000000ff2a0000, 0x0000000100000000, 0x0000000100000000)
 Metaspace       used 5076K, capacity 5258K, committed 5504K, reserved 1056768K
  class space    used 557K, capacity 597K, committed 640K, reserved 1048576K
2024-07-16T11:01:40.369+0800: 5.250: [GC (Allocation Failure) 2024-07-16T11:01:40.369+0800: 5.250: [ParNew: 5235K->8K(6144K), 0.0003915 secs] 9516K->5313K(19840K), 0.0004155 secs] [Times: user=0.00 sys=0.00, real=0.00 secs] 
Heap after GC invocations=632 (full 80):
 par new generation   total 6144K, used 8K [0x00000000fec00000, 0x00000000ff2a0000, 0x00000000ff2a0000)
  eden space 5504K,   0% used [0x00000000fec00000, 0x00000000fec00000, 0x00000000ff160000)
  from space 640K,   1% used [0x00000000ff160000, 0x00000000ff162040, 0x00000000ff200000)
  to   space 640K,   0% used [0x00000000ff200000, 0x00000000ff200000, 0x00000000ff2a0000)
 concurrent mark-sweep generation total 13696K, used 5304K [0x00000000ff2a0000, 0x0000000100000000, 0x0000000100000000)
 Metaspace       used 5076K, capacity 5258K, committed 5504K, reserved 1056768K
  class space    used 557K, capacity 597K, committed 640K, reserved 1048576K
}
{Heap before GC invocations=632 (full 80):
 par new generation   total 6144K, used 5237K [0x00000000fec00000, 0x00000000ff2a0000, 0x00000000ff2a0000)
  eden space 5504K,  95% used [0x00000000fec00000, 0x00000000ff11b780, 0x00000000ff160000)
  from space 640K,   1% used [0x00000000ff160000, 0x00000000ff162040, 0x00000000ff200000)
  to   space 640K,   0% used [0x00000000ff200000, 0x00000000ff200000, 0x00000000ff2a0000)
 concurrent mark-sweep generation total 13696K, used 5304K [0x00000000ff2a0000, 0x0000000100000000, 0x0000000100000000)
 Metaspace       used 5076K, capacity 5258K, committed 5504K, reserved 1056768K
  class space    used 557K, capacity 597K, committed 640K, reserved 1048576K
2024-07-16T11:01:40.376+0800: 5.257: [GC (Allocation Failure) 2024-07-16T11:01:40.376+0800: 5.257: [ParNew: 5237K->8K(6144K), 0.0004243 secs] 10542K->6337K(19840K), 0.0004583 secs] [Times: user=0.00 sys=0.00, real=0.00 secs] 
Heap after GC invocations=633 (full 80):
 par new generation   total 6144K, used 8K [0x00000000fec00000, 0x00000000ff2a0000, 0x00000000ff2a0000)
  eden space 5504K,   0% used [0x00000000fec00000, 0x00000000fec00000, 0x00000000ff160000)
  from space 640K,   1% used [0x00000000ff200000, 0x00000000ff202040, 0x00000000ff2a0000)
  to   space 640K,   0% used [0x00000000ff160000, 0x00000000ff160000, 0x00000000ff200000)
 concurrent mark-sweep generation total 13696K, used 6329K [0x00000000ff2a0000, 0x0000000100000000, 0x0000000100000000)
 Metaspace       used 5076K, capacity 5258K, committed 5504K, reserved 1056768K
  class space    used 557K, capacity 597K, committed 640K, reserved 1048576K
}
{Heap before GC invocations=633 (full 80):
 par new generation   total 6144K, used 5237K [0x00000000fec00000, 0x00000000ff2a0000, 0x00000000ff2a0000)
  eden space 5504K,  95% used [0x00000000fec00000, 0x00000000ff11b780, 0x00000000ff160000)
  from space 640K,   1% used [0x00000000ff200000, 0x00000000ff202040, 0x00000000ff2a0000)
  to   space 640K,   0% used [0x00000000ff160000, 0x00000000ff160000, 0x00000000ff200000)
 concurrent mark-sweep generation total 13696K, used 6329K [0x00000000ff2a0000, 0x0000000100000000, 0x0000000100000000)
 Metaspace       used 5076K, capacity 5258K, committed 5504K, reserved 1056768K
  class space    used 557K, capacity 597K, committed 640K, reserved 1048576K
2024-07-16T11:01:40.384+0800: 5.265: [GC (Allocation Failure) 2024-07-16T11:01:40.384+0800: 5.265: [ParNew: 5237K->4K(6144K), 0.0003364 secs] 11566K->6333K(19840K), 0.0003610 secs] [Times: user=0.00 sys=0.00, real=0.00 secs] 
Heap after GC invocations=634 (full 80):
 par new generation   total 6144K, used 4K [0x00000000fec00000, 0x00000000ff2a0000, 0x00000000ff2a0000)
  eden space 5504K,   0% used [0x00000000fec00000, 0x00000000fec00000, 0x00000000ff160000)
  from space 640K,   0% used [0x00000000ff160000, 0x00000000ff161020, 0x00000000ff200000)
  to   space 640K,   0% used [0x00000000ff200000, 0x00000000ff200000, 0x00000000ff2a0000)
 concurrent mark-sweep generation total 13696K, used 6329K [0x00000000ff2a0000, 0x0000000100000000, 0x0000000100000000)
 Metaspace       used 5076K, capacity 5258K, committed 5504K, reserved 1056768K
  class space    used 557K, capacity 597K, committed 640K, reserved 1048576K
}
{Heap before GC invocations=634 (full 80):
 par new generation   total 6144K, used 5233K [0x00000000fec00000, 0x00000000ff2a0000, 0x00000000ff2a0000)
  eden space 5504K,  95% used [0x00000000fec00000, 0x00000000ff11b780, 0x00000000ff160000)
  from space 640K,   0% used [0x00000000ff160000, 0x00000000ff161020, 0x00000000ff200000)
  to   space 640K,   0% used [0x00000000ff200000, 0x00000000ff200000, 0x00000000ff2a0000)
 concurrent mark-sweep generation total 13696K, used 6329K [0x00000000ff2a0000, 0x0000000100000000, 0x0000000100000000)
 Metaspace       used 5076K, capacity 5258K, committed 5504K, reserved 1056768K
  class space    used 557K, capacity 597K, committed 640K, reserved 1048576K
2024-07-16T11:01:40.391+0800: 5.272: [GC (Allocation Failure) 2024-07-16T11:01:40.391+0800: 5.272: [ParNew: 5233K->8K(6144K), 0.0008413 secs] 11562K->7361K(19840K), 0.0009503 secs] [Times: user=0.00 sys=0.01, real=0.00 secs] 
Heap after GC invocations=635 (full 80):
 par new generation   total 6144K, used 8K [0x00000000fec00000, 0x00000000ff2a0000, 0x00000000ff2a0000)
  eden space 5504K,   0% used [0x00000000fec00000, 0x00000000fec00000, 0x00000000ff160000)
  from space 640K,   1% used [0x00000000ff200000, 0x00000000ff202040, 0x00000000ff2a0000)
  to   space 640K,   0% used [0x00000000ff160000, 0x00000000ff160000, 0x00000000ff200000)
 concurrent mark-sweep generation total 13696K, used 7353K [0x00000000ff2a0000, 0x0000000100000000, 0x0000000100000000)
 Metaspace       used 5076K, capacity 5258K, committed 5504K, reserved 1056768K
  class space    used 557K, capacity 597K, committed 640K, reserved 1048576K
}
{Heap before GC invocations=635 (full 80):
 par new generation   total 6144K, used 5237K [0x00000000fec00000, 0x00000000ff2a0000, 0x00000000ff2a0000)
  eden space 5504K,  95% used [0x00000000fec00000, 0x00000000ff11b780, 0x00000000ff160000)
  from space 640K,   1% used [0x00000000ff200000, 0x00000000ff202040, 0x00000000ff2a0000)
  to   space 640K,   0% used [0x00000000ff160000, 0x00000000ff160000, 0x00000000ff200000)
 concurrent mark-sweep generation total 13696K, used 7353K [0x00000000ff2a0000, 0x0000000100000000, 0x0000000100000000)
 Metaspace       used 5076K, capacity 5258K, committed 5504K, reserved 1056768K
  class space    used 557K, capacity 597K, committed 640K, reserved 1048576K
2024-07-16T11:01:40.400+0800: 5.281: [GC (Allocation Failure) 2024-07-16T11:01:40.400+0800: 5.281: [ParNew: 5237K->8K(6144K), 0.0010081 secs] 12590K->8387K(19840K), 0.0010784 secs] [Times: user=0.00 sys=0.00, real=0.00 secs] 
Heap after GC invocations=636 (full 80):
 par new generation   total 6144K, used 8K [0x00000000fec00000, 0x00000000ff2a0000, 0x00000000ff2a0000)
  eden space 5504K,   0% used [0x00000000fec00000, 0x00000000fec00000, 0x00000000ff160000)
  from space 640K,   1% used [0x00000000ff160000, 0x00000000ff162040, 0x00000000ff200000)
  to   space 640K,   0% used [0x00000000ff200000, 0x00000000ff200000, 0x00000000ff2a0000)
 concurrent mark-sweep generation total 13696K, used 8379K [0x00000000ff2a0000, 0x0000000100000000, 0x0000000100000000)
 Metaspace       used 5076K, capacity 5258K, committed 5504K, reserved 1056768K
  class space    used 557K, capacity 597K, committed 640K, reserved 1048576K
}
{Heap before GC invocations=636 (full 80):
 par new generation   total 6144K, used 5237K [0x00000000fec00000, 0x00000000ff2a0000, 0x00000000ff2a0000)
  eden space 5504K,  95% used [0x00000000fec00000, 0x00000000ff11b780, 0x00000000ff160000)
  from space 640K,   1% used [0x00000000ff160000, 0x00000000ff162040, 0x00000000ff200000)
  to   space 640K,   0% used [0x00000000ff200000, 0x00000000ff200000, 0x00000000ff2a0000)
 concurrent mark-sweep generation total 13696K, used 8379K [0x00000000ff2a0000, 0x0000000100000000, 0x0000000100000000)
 Metaspace       used 5076K, capacity 5258K, committed 5504K, reserved 1056768K
  class space    used 557K, capacity 597K, committed 640K, reserved 1048576K
2024-07-16T11:01:40.408+0800: 5.289: [GC (Allocation Failure) 2024-07-16T11:01:40.408+0800: 5.289: [ParNew: 5237K->8K(6144K), 0.0015841 secs] 13617K->9413K(19840K), 0.0016824 secs] [Times: user=0.00 sys=0.00, real=0.00 secs] 
Heap after GC invocations=637 (full 80):
 par new generation   total 6144K, used 8K [0x00000000fec00000, 0x00000000ff2a0000, 0x00000000ff2a0000)
  eden space 5504K,   0% used [0x00000000fec00000, 0x00000000fec00000, 0x00000000ff160000)
  from space 640K,   1% used [0x00000000ff200000, 0x00000000ff202040, 0x00000000ff2a0000)
  to   space 640K,   0% used [0x00000000ff160000, 0x00000000ff160000, 0x00000000ff200000)
 concurrent mark-sweep generation total 13696K, used 9405K [0x00000000ff2a0000, 0x0000000100000000, 0x0000000100000000)
 Metaspace       used 5076K, capacity 5258K, committed 5504K, reserved 1056768K
  class space    used 557K, capacity 597K, committed 640K, reserved 1048576K
}
{Heap before GC invocations=637 (full 80):
 par new generation   total 6144K, used 5237K [0x00000000fec00000, 0x00000000ff2a0000, 0x00000000ff2a0000)
  eden space 5504K,  95% used [0x00000000fec00000, 0x00000000ff11b780, 0x00000000ff160000)
  from space 640K,   1% used [0x00000000ff200000, 0x00000000ff202040, 0x00000000ff2a0000)
  to   space 640K,   0% used [0x00000000ff160000, 0x00000000ff160000, 0x00000000ff200000)
 concurrent mark-sweep generation total 13696K, used 9405K [0x00000000ff2a0000, 0x0000000100000000, 0x0000000100000000)
 Metaspace       used 5076K, capacity 5258K, committed 5504K, reserved 1056768K
  class space    used 557K, capacity 597K, committed 640K, reserved 1048576K
2024-07-16T11:01:40.418+0800: 5.299: [GC (Allocation Failure) 2024-07-16T11:01:40.418+0800: 5.299: [ParNew: 5237K->4K(6144K), 0.0002317 secs] 14643K->9409K(19840K), 0.0002625 secs] [Times: user=0.00 sys=0.00, real=0.00 secs] 
Heap after GC invocations=638 (full 80):
 par new generation   total 6144K, used 4K [0x00000000fec00000, 0x00000000ff2a0000, 0x00000000ff2a0000)
  eden space 5504K,   0% used [0x00000000fec00000, 0x00000000fec00000, 0x00000000ff160000)
  from space 640K,   0% used [0x00000000ff160000, 0x00000000ff161020, 0x00000000ff200000)
  to   space 640K,   0% used [0x00000000ff200000, 0x00000000ff200000, 0x00000000ff2a0000)
 concurrent mark-sweep generation total 13696K, used 9405K [0x00000000ff2a0000, 0x0000000100000000, 0x0000000100000000)
 Metaspace       used 5076K, capacity 5258K, committed 5504K, reserved 1056768K
  class space    used 557K, capacity 597K, committed 640K, reserved 1048576K
}
{Heap before GC invocations=638 (full 80):
 par new generation   total 6144K, used 5233K [0x00000000fec00000, 0x00000000ff2a0000, 0x00000000ff2a0000)
  eden space 5504K,  95% used [0x00000000fec00000, 0x00000000ff11b780, 0x00000000ff160000)
  from space 640K,   0% used [0x00000000ff160000, 0x00000000ff161020, 0x00000000ff200000)
  to   space 640K,   0% used [0x00000000ff200000, 0x00000000ff200000, 0x00000000ff2a0000)
 concurrent mark-sweep generation total 13696K, used 9405K [0x00000000ff2a0000, 0x0000000100000000, 0x0000000100000000)
 Metaspace       used 5076K, capacity 5258K, committed 5504K, reserved 1056768K
  class space    used 557K, capacity 597K, committed 640K, reserved 1048576K
2024-07-16T11:01:40.424+0800: 5.305: [GC (Allocation Failure) 2024-07-16T11:01:40.424+0800: 5.305: [ParNew: 5233K->8K(6144K), 0.0003330 secs] 14639K->10437K(19840K), 0.0003614 secs] [Times: user=0.00 sys=0.00, real=0.00 secs] 
Heap after GC invocations=639 (full 80):
 par new generation   total 6144K, used 8K [0x00000000fec00000, 0x00000000ff2a0000, 0x00000000ff2a0000)
  eden space 5504K,   0% used [0x00000000fec00000, 0x00000000fec00000, 0x00000000ff160000)
  from space 640K,   1% used [0x00000000ff200000, 0x00000000ff202040, 0x00000000ff2a0000)
  to   space 640K,   0% used [0x00000000ff160000, 0x00000000ff160000, 0x00000000ff200000)
 concurrent mark-sweep generation total 13696K, used 10429K [0x00000000ff2a0000, 0x0000000100000000, 0x0000000100000000)
 Metaspace       used 5076K, capacity 5258K, committed 5504K, reserved 1056768K
  class space    used 557K, capacity 597K, committed 640K, reserved 1048576K
}
{Heap before GC invocations=639 (full 80):
 par new generation   total 6144K, used 5237K [0x00000000fec00000, 0x00000000ff2a0000, 0x00000000ff2a0000)
  eden space 5504K,  95% used [0x00000000fec00000, 0x00000000ff11b780, 0x00000000ff160000)
  from space 640K,   1% used [0x00000000ff200000, 0x00000000ff202040, 0x00000000ff2a0000)
  to   space 640K,   0% used [0x00000000ff160000, 0x00000000ff160000, 0x00000000ff200000)
 concurrent mark-sweep generation total 13696K, used 10429K [0x00000000ff2a0000, 0x0000000100000000, 0x0000000100000000)
 Metaspace       used 5076K, capacity 5258K, committed 5504K, reserved 1056768K
  class space    used 557K, capacity 597K, committed 640K, reserved 1048576K
2024-07-16T11:01:40.433+0800: 5.314: [GC (Allocation Failure) 2024-07-16T11:01:40.433+0800: 5.314: [ParNew: 5237K->6K(6144K), 0.0004176 secs] 15667K->11459K(19840K), 0.0004477 secs] [Times: user=0.00 sys=0.00, real=0.00 secs] 
Heap after GC invocations=640 (full 80):
 par new generation   total 6144K, used 6K [0x00000000fec00000, 0x00000000ff2a0000, 0x00000000ff2a0000)
  eden space 5504K,   0% used [0x00000000fec00000, 0x00000000fec00000, 0x00000000ff160000)
  from space 640K,   0% used [0x00000000ff160000, 0x00000000ff161830, 0x00000000ff200000)
  to   space 640K,   0% used [0x00000000ff200000, 0x00000000ff200000, 0x00000000ff2a0000)
 concurrent mark-sweep generation total 13696K, used 11453K [0x00000000ff2a0000, 0x0000000100000000, 0x0000000100000000)
 Metaspace       used 5076K, capacity 5258K, committed 5504K, reserved 1056768K
  class space    used 557K, capacity 597K, committed 640K, reserved 1048576K
}
{Heap before GC invocations=640 (full 80):
 par new generation   total 6144K, used 5235K [0x00000000fec00000, 0x00000000ff2a0000, 0x00000000ff2a0000)
  eden space 5504K,  95% used [0x00000000fec00000, 0x00000000ff11b780, 0x00000000ff160000)
  from space 640K,   0% used [0x00000000ff160000, 0x00000000ff161830, 0x00000000ff200000)
  to   space 640K,   0% used [0x00000000ff200000, 0x00000000ff200000, 0x00000000ff2a0000)
 concurrent mark-sweep generation total 13696K, used 11453K [0x00000000ff2a0000, 0x0000000100000000, 0x0000000100000000)
 Metaspace       used 5076K, capacity 5258K, committed 5504K, reserved 1056768K
  class space    used 557K, capacity 597K, committed 640K, reserved 1048576K
2024-07-16T11:01:40.440+0800: 5.321: [GC (Allocation Failure) 2024-07-16T11:01:40.440+0800: 5.321: [ParNew: 5235K->6K(6144K), 0.0006275 secs] 16689K->12483K(19840K), 0.0006871 secs] [Times: user=0.00 sys=0.00, real=0.00 secs] 
Heap after GC invocations=641 (full 80):
 par new generation   total 6144K, used 6K [0x00000000fec00000, 0x00000000ff2a0000, 0x00000000ff2a0000)
  eden space 5504K,   0% used [0x00000000fec00000, 0x00000000fec00000, 0x00000000ff160000)
  from space 640K,   0% used [0x00000000ff200000, 0x00000000ff201830, 0x00000000ff2a0000)
  to   space 640K,   0% used [0x00000000ff160000, 0x00000000ff160000, 0x00000000ff200000)
 concurrent mark-sweep generation total 13696K, used 12477K [0x00000000ff2a0000, 0x0000000100000000, 0x0000000100000000)
 Metaspace       used 5076K, capacity 5258K, committed 5504K, reserved 1056768K
  class space    used 557K, capacity 597K, committed 640K, reserved 1048576K
}
{Heap before GC invocations=641 (full 80):
 par new generation   total 6144K, used 5235K [0x00000000fec00000, 0x00000000ff2a0000, 0x00000000ff2a0000)
  eden space 5504K,  95% used [0x00000000fec00000, 0x00000000ff11b780, 0x00000000ff160000)
  from space 640K,   0% used [0x00000000ff200000, 0x00000000ff201830, 0x00000000ff2a0000)
  to   space 640K,   0% used [0x00000000ff160000, 0x00000000ff160000, 0x00000000ff200000)
 concurrent mark-sweep generation total 13696K, used 12477K [0x00000000ff2a0000, 0x0000000100000000, 0x0000000100000000)
 Metaspace       used 5076K, capacity 5258K, committed 5504K, reserved 1056768K
  class space    used 557K, capacity 597K, committed 640K, reserved 1048576K
2024-07-16T11:01:40.446+0800: 5.327: [GC (Allocation Failure) 2024-07-16T11:01:40.446+0800: 5.327: [ParNew: 5235K->5235K(6144K), 0.0000128 secs]2024-07-16T11:01:40.446+0800: 5.327: [CMS2024-07-16T11:01:40.446+0800: 5.327: [CMS-concurrent-abortable-preclean: 0.001/0.084 secs] [Times: user=0.00 sys=0.01, real=0.08 secs] 
 (concurrent mode failure): 12477K->2220K(13696K), 0.0028461 secs] 17713K->2220K(19840K), [Metaspace: 5076K->5076K(1056768K)], 0.0029070 secs] [Times: user=0.00 sys=0.00, real=0.00 secs] 
Heap after GC invocations=642 (full 81):
 par new generation   total 6144K, used 0K [0x00000000fec00000, 0x00000000ff2a0000, 0x00000000ff2a0000)
  eden space 5504K,   0% used [0x00000000fec00000, 0x00000000fec00000, 0x00000000ff160000)
  from space 640K,   0% used [0x00000000ff200000, 0x00000000ff200000, 0x00000000ff2a0000)
  to   space 640K,   0% used [0x00000000ff160000, 0x00000000ff160000, 0x00000000ff200000)
 concurrent mark-sweep generation total 13696K, used 2220K [0x00000000ff2a0000, 0x0000000100000000, 0x0000000100000000)
 Metaspace       used 5076K, capacity 5258K, committed 5504K, reserved 1056768K
  class space    used 557K, capacity 597K, committed 640K, reserved 1048576K
}
{Heap before GC invocations=642 (full 81):
 par new generation   total 6144K, used 5229K [0x00000000fec00000, 0x00000000ff2a0000, 0x00000000ff2a0000)
  eden space 5504K,  95% used [0x00000000fec00000, 0x00000000ff11b780, 0x00000000ff160000)
  from space 640K,   0% used [0x00000000ff200000, 0x00000000ff200000, 0x00000000ff2a0000)
  to   space 640K,   0% used [0x00000000ff160000, 0x00000000ff160000, 0x00000000ff200000)
 concurrent mark-sweep generation total 13696K, used 2220K [0x00000000ff2a0000, 0x0000000100000000, 0x0000000100000000)
 Metaspace       used 5076K, capacity 5258K, committed 5504K, reserved 1056768K
  class space    used 557K, capacity 597K, committed 640K, reserved 1048576K
2024-07-16T11:01:40.456+0800: 5.337: [GC (Allocation Failure) 2024-07-16T11:01:40.456+0800: 5.337: [ParNew: 5229K->6K(6144K), 0.0012131 secs] 7450K->3252K(19840K), 0.0013096 secs] [Times: user=0.00 sys=0.00, real=0.00 secs] 
Heap after GC invocations=643 (full 81):
 par new generation   total 6144K, used 6K [0x00000000fec00000, 0x00000000ff2a0000, 0x00000000ff2a0000)
  eden space 5504K,   0% used [0x00000000fec00000, 0x00000000fec00000, 0x00000000ff160000)
  from space 640K,   0% used [0x00000000ff160000, 0x00000000ff161830, 0x00000000ff200000)
  to   space 640K,   0% used [0x00000000ff200000, 0x00000000ff200000, 0x00000000ff2a0000)
 concurrent mark-sweep generation total 13696K, used 3246K [0x00000000ff2a0000, 0x0000000100000000, 0x0000000100000000)
 Metaspace       used 5076K, capacity 5258K, committed 5504K, reserved 1056768K
  class space    used 557K, capacity 597K, committed 640K, reserved 1048576K
}
{Heap before GC invocations=643 (full 81):
 par new generation   total 6144K, used 5235K [0x00000000fec00000, 0x00000000ff2a0000, 0x00000000ff2a0000)
  eden space 5504K,  95% used [0x00000000fec00000, 0x00000000ff11b780, 0x00000000ff160000)
  from space 640K,   0% used [0x00000000ff160000, 0x00000000ff161830, 0x00000000ff200000)
  to   space 640K,   0% used [0x00000000ff200000, 0x00000000ff200000, 0x00000000ff2a0000)
 concurrent mark-sweep generation total 13696K, used 3246K [0x00000000ff2a0000, 0x0000000100000000, 0x0000000100000000)
 Metaspace       used 5076K, capacity 5258K, committed 5504K, reserved 1056768K
  class space    used 557K, capacity 597K, committed 640K, reserved 1048576K
2024-07-16T11:01:40.464+0800: 5.345: [GC (Allocation Failure) 2024-07-16T11:01:40.464+0800: 5.345: [ParNew: 5235K->8K(6144K), 0.0012126 secs] 8482K->4281K(19840K), 0.0012883 secs] [Times: user=0.00 sys=0.00, real=0.00 secs] 
Heap after GC invocations=644 (full 81):
 par new generation   total 6144K, used 8K [0x00000000fec00000, 0x00000000ff2a0000, 0x00000000ff2a0000)
  eden space 5504K,   0% used [0x00000000fec00000, 0x00000000fec00000, 0x00000000ff160000)
  from space 640K,   1% used [0x00000000ff200000, 0x00000000ff202040, 0x00000000ff2a0000)
  to   space 640K,   0% used [0x00000000ff160000, 0x00000000ff160000, 0x00000000ff200000)
 concurrent mark-sweep generation total 13696K, used 4272K [0x00000000ff2a0000, 0x0000000100000000, 0x0000000100000000)
 Metaspace       used 5076K, capacity 5258K, committed 5504K, reserved 1056768K
  class space    used 557K, capacity 597K, committed 640K, reserved 1048576K
}
2024-07-16T11:01:40.465+0800: 5.346: [GC (CMS Initial Mark) [1 CMS-initial-mark: 4272K(13696K)] 5307K(19840K), 0.0004394 secs] [Times: user=0.00 sys=0.00, real=0.00 secs] 
2024-07-16T11:01:40.466+0800: 5.347: [CMS-concurrent-mark-start]
2024-07-16T11:01:40.470+0800: 5.351: [CMS-concurrent-mark: 0.004/0.004 secs] [Times: user=0.00 sys=0.00, real=0.00 secs] 
2024-07-16T11:01:40.470+0800: 5.351: [CMS-concurrent-preclean-start]
2024-07-16T11:01:40.470+0800: 5.351: [CMS-concurrent-preclean: 0.000/0.000 secs] [Times: user=0.00 sys=0.00, real=0.00 secs] 
2024-07-16T11:01:40.470+0800: 5.351: [CMS-concurrent-abortable-preclean-start]
{Heap before GC invocations=644 (full 82):
 par new generation   total 6144K, used 5237K [0x00000000fec00000, 0x00000000ff2a0000, 0x00000000ff2a0000)
  eden space 5504K,  95% used [0x00000000fec00000, 0x00000000ff11b780, 0x00000000ff160000)
  from space 640K,   1% used [0x00000000ff200000, 0x00000000ff202040, 0x00000000ff2a0000)
  to   space 640K,   0% used [0x00000000ff160000, 0x00000000ff160000, 0x00000000ff200000)
 concurrent mark-sweep generation total 13696K, used 4272K [0x00000000ff2a0000, 0x0000000100000000, 0x0000000100000000)
 Metaspace       used 5076K, capacity 5258K, committed 5504K, reserved 1056768K
  class space    used 557K, capacity 597K, committed 640K, reserved 1048576K
2024-07-16T11:01:40.473+0800: 5.354: [GC (Allocation Failure) 2024-07-16T11:01:40.473+0800: 5.354: [ParNew: 5237K->8K(6144K), 0.0009140 secs] 9510K->5307K(19840K), 0.0009766 secs] [Times: user=0.00 sys=0.00, real=0.00 secs] 
Heap after GC invocations=645 (full 82):
 par new generation   total 6144K, used 8K [0x00000000fec00000, 0x00000000ff2a0000, 0x00000000ff2a0000)
  eden space 5504K,   0% used [0x00000000fec00000, 0x00000000fec00000, 0x00000000ff160000)
  from space 640K,   1% used [0x00000000ff160000, 0x00000000ff162040, 0x00000000ff200000)
  to   space 640K,   0% used [0x00000000ff200000, 0x00000000ff200000, 0x00000000ff2a0000)
 concurrent mark-sweep generation total 13696K, used 5299K [0x00000000ff2a0000, 0x0000000100000000, 0x0000000100000000)
 Metaspace       used 5076K, capacity 5258K, committed 5504K, reserved 1056768K
  class space    used 557K, capacity 597K, committed 640K, reserved 1048576K
}
{Heap before GC invocations=645 (full 82):
 par new generation   total 6144K, used 5237K [0x00000000fec00000, 0x00000000ff2a0000, 0x00000000ff2a0000)
  eden space 5504K,  95% used [0x00000000fec00000, 0x00000000ff11b780, 0x00000000ff160000)
  from space 640K,   1% used [0x00000000ff160000, 0x00000000ff162040, 0x00000000ff200000)
  to   space 640K,   0% used [0x00000000ff200000, 0x00000000ff200000, 0x00000000ff2a0000)
 concurrent mark-sweep generation total 13696K, used 5299K [0x00000000ff2a0000, 0x0000000100000000, 0x0000000100000000)
 Metaspace       used 5076K, capacity 5258K, committed 5504K, reserved 1056768K
  class space    used 557K, capacity 597K, committed 640K, reserved 1048576K
2024-07-16T11:01:40.480+0800: 5.361: [GC (Allocation Failure) 2024-07-16T11:01:40.480+0800: 5.361: [ParNew: 5237K->6K(6144K), 0.0008848 secs] 10536K->6331K(19840K), 0.0009748 secs] [Times: user=0.00 sys=0.00, real=0.00 secs] 
Heap after GC invocations=646 (full 82):
 par new generation   total 6144K, used 6K [0x00000000fec00000, 0x00000000ff2a0000, 0x00000000ff2a0000)
  eden space 5504K,   0% used [0x00000000fec00000, 0x00000000fec00000, 0x00000000ff160000)
  from space 640K,   0% used [0x00000000ff200000, 0x00000000ff201830, 0x00000000ff2a0000)
  to   space 640K,   0% used [0x00000000ff160000, 0x00000000ff160000, 0x00000000ff200000)
 concurrent mark-sweep generation total 13696K, used 6325K [0x00000000ff2a0000, 0x0000000100000000, 0x0000000100000000)
 Metaspace       used 5076K, capacity 5258K, committed 5504K, reserved 1056768K
  class space    used 557K, capacity 597K, committed 640K, reserved 1048576K
}
{Heap before GC invocations=646 (full 82):
 par new generation   total 6144K, used 5235K [0x00000000fec00000, 0x00000000ff2a0000, 0x00000000ff2a0000)
  eden space 5504K,  95% used [0x00000000fec00000, 0x00000000ff11b780, 0x00000000ff160000)
  from space 640K,   0% used [0x00000000ff200000, 0x00000000ff201830, 0x00000000ff2a0000)
  to   space 640K,   0% used [0x00000000ff160000, 0x00000000ff160000, 0x00000000ff200000)
 concurrent mark-sweep generation total 13696K, used 6325K [0x00000000ff2a0000, 0x0000000100000000, 0x0000000100000000)
 Metaspace       used 5076K, capacity 5258K, committed 5504K, reserved 1056768K
  class space    used 557K, capacity 597K, committed 640K, reserved 1048576K
2024-07-16T11:01:40.487+0800: 5.368: [GC (Allocation Failure) 2024-07-16T11:01:40.487+0800: 5.368: [ParNew: 5235K->4K(6144K), 0.0013813 secs] 11561K->7355K(19840K), 0.0014742 secs] [Times: user=0.00 sys=0.00, real=0.00 secs] 
Heap after GC invocations=647 (full 82):
 par new generation   total 6144K, used 4K [0x00000000fec00000, 0x00000000ff2a0000, 0x00000000ff2a0000)
  eden space 5504K,   0% used [0x00000000fec00000, 0x00000000fec00000, 0x00000000ff160000)
  from space 640K,   0% used [0x00000000ff160000, 0x00000000ff161020, 0x00000000ff200000)
  to   space 640K,   0% used [0x00000000ff200000, 0x00000000ff200000, 0x00000000ff2a0000)
 concurrent mark-sweep generation total 13696K, used 7351K [0x00000000ff2a0000, 0x0000000100000000, 0x0000000100000000)
 Metaspace       used 5076K, capacity 5258K, committed 5504K, reserved 1056768K
  class space    used 557K, capacity 597K, committed 640K, reserved 1048576K
}
{Heap before GC invocations=647 (full 82):
 par new generation   total 6144K, used 5233K [0x00000000fec00000, 0x00000000ff2a0000, 0x00000000ff2a0000)
  eden space 5504K,  95% used [0x00000000fec00000, 0x00000000ff11b780, 0x00000000ff160000)
  from space 640K,   0% used [0x00000000ff160000, 0x00000000ff161020, 0x00000000ff200000)
  to   space 640K,   0% used [0x00000000ff200000, 0x00000000ff200000, 0x00000000ff2a0000)
 concurrent mark-sweep generation total 13696K, used 7351K [0x00000000ff2a0000, 0x0000000100000000, 0x0000000100000000)
 Metaspace       used 5076K, capacity 5258K, committed 5504K, reserved 1056768K
  class space    used 557K, capacity 597K, committed 640K, reserved 1048576K
2024-07-16T11:01:40.496+0800: 5.377: [GC (Allocation Failure) 2024-07-16T11:01:40.496+0800: 5.377: [ParNew: 5233K->6K(6144K), 0.0014973 secs] 12585K->8381K(19840K), 0.0016091 secs] [Times: user=0.00 sys=0.00, real=0.00 secs] 
Heap after GC invocations=648 (full 82):
 par new generation   total 6144K, used 6K [0x00000000fec00000, 0x00000000ff2a0000, 0x00000000ff2a0000)
  eden space 5504K,   0% used [0x00000000fec00000, 0x00000000fec00000, 0x00000000ff160000)
  from space 640K,   0% used [0x00000000ff200000, 0x00000000ff201830, 0x00000000ff2a0000)
  to   space 640K,   0% used [0x00000000ff160000, 0x00000000ff160000, 0x00000000ff200000)
 concurrent mark-sweep generation total 13696K, used 8375K [0x00000000ff2a0000, 0x0000000100000000, 0x0000000100000000)
 Metaspace       used 5076K, capacity 5258K, committed 5504K, reserved 1056768K
  class space    used 557K, capacity 597K, committed 640K, reserved 1048576K
}
{Heap before GC invocations=648 (full 82):
 par new generation   total 6144K, used 5235K [0x00000000fec00000, 0x00000000ff2a0000, 0x00000000ff2a0000)
  eden space 5504K,  95% used [0x00000000fec00000, 0x00000000ff11b780, 0x00000000ff160000)
  from space 640K,   0% used [0x00000000ff200000, 0x00000000ff201830, 0x00000000ff2a0000)
  to   space 640K,   0% used [0x00000000ff160000, 0x00000000ff160000, 0x00000000ff200000)
 concurrent mark-sweep generation total 13696K, used 8375K [0x00000000ff2a0000, 0x0000000100000000, 0x0000000100000000)
 Metaspace       used 5076K, capacity 5258K, committed 5504K, reserved 1056768K
  class space    used 557K, capacity 597K, committed 640K, reserved 1048576K
2024-07-16T11:01:40.506+0800: 5.387: [GC (Allocation Failure) 2024-07-16T11:01:40.506+0800: 5.387: [ParNew: 5235K->10K(6144K), 0.0013972 secs] 13611K->9409K(19840K), 0.0015161 secs] [Times: user=0.00 sys=0.00, real=0.00 secs] 
Heap after GC invocations=649 (full 82):
 par new generation   total 6144K, used 10K [0x00000000fec00000, 0x00000000ff2a0000, 0x00000000ff2a0000)
  eden space 5504K,   0% used [0x00000000fec00000, 0x00000000fec00000, 0x00000000ff160000)
  from space 640K,   1% used [0x00000000ff160000, 0x00000000ff162850, 0x00000000ff200000)
  to   space 640K,   0% used [0x00000000ff200000, 0x00000000ff200000, 0x00000000ff2a0000)
 concurrent mark-sweep generation total 13696K, used 9399K [0x00000000ff2a0000, 0x0000000100000000, 0x0000000100000000)
 Metaspace       used 5076K, capacity 5258K, committed 5504K, reserved 1056768K
  class space    used 557K, capacity 597K, committed 640K, reserved 1048576K
}
{Heap before GC invocations=649 (full 82):
 par new generation   total 6144K, used 5239K [0x00000000fec00000, 0x00000000ff2a0000, 0x00000000ff2a0000)
  eden space 5504K,  95% used [0x00000000fec00000, 0x00000000ff11b780, 0x00000000ff160000)
  from space 640K,   1% used [0x00000000ff160000, 0x00000000ff162850, 0x00000000ff200000)
  to   space 640K,   0% used [0x00000000ff200000, 0x00000000ff200000, 0x00000000ff2a0000)
 concurrent mark-sweep generation total 13696K, used 9399K [0x00000000ff2a0000, 0x0000000100000000, 0x0000000100000000)
 Metaspace       used 5076K, capacity 5258K, committed 5504K, reserved 1056768K
  class space    used 557K, capacity 597K, committed 640K, reserved 1048576K
2024-07-16T11:01:40.515+0800: 5.396: [GC (Allocation Failure) 2024-07-16T11:01:40.515+0800: 5.396: [ParNew: 5239K->4K(6144K), 0.0012661 secs] 14639K->9403K(19840K), 0.0013576 secs] [Times: user=0.00 sys=0.00, real=0.00 secs] 
Heap after GC invocations=650 (full 82):
 par new generation   total 6144K, used 4K [0x00000000fec00000, 0x00000000ff2a0000, 0x00000000ff2a0000)
  eden space 5504K,   0% used [0x00000000fec00000, 0x00000000fec00000, 0x00000000ff160000)
  from space 640K,   0% used [0x00000000ff200000, 0x00000000ff201020, 0x00000000ff2a0000)
  to   space 640K,   0% used [0x00000000ff160000, 0x00000000ff160000, 0x00000000ff200000)
 concurrent mark-sweep generation total 13696K, used 9399K [0x00000000ff2a0000, 0x0000000100000000, 0x0000000100000000)
 Metaspace       used 5076K, capacity 5258K, committed 5504K, reserved 1056768K
  class space    used 557K, capacity 597K, committed 640K, reserved 1048576K
}
{Heap before GC invocations=650 (full 82):
 par new generation   total 6144K, used 5233K [0x00000000fec00000, 0x00000000ff2a0000, 0x00000000ff2a0000)
  eden space 5504K,  95% used [0x00000000fec00000, 0x00000000ff11b780, 0x00000000ff160000)
  from space 640K,   0% used [0x00000000ff200000, 0x00000000ff201020, 0x00000000ff2a0000)
  to   space 640K,   0% used [0x00000000ff160000, 0x00000000ff160000, 0x00000000ff200000)
 concurrent mark-sweep generation total 13696K, used 9399K [0x00000000ff2a0000, 0x0000000100000000, 0x0000000100000000)
 Metaspace       used 5076K, capacity 5258K, committed 5504K, reserved 1056768K
  class space    used 557K, capacity 597K, committed 640K, reserved 1048576K
2024-07-16T11:01:40.524+0800: 5.405: [GC (Allocation Failure) 2024-07-16T11:01:40.524+0800: 5.405: [ParNew: 5233K->4K(6144K), 0.0012325 secs] 14633K->9403K(19840K), 0.0013364 secs] [Times: user=0.00 sys=0.00, real=0.00 secs] 
Heap after GC invocations=651 (full 82):
 par new generation   total 6144K, used 4K [0x00000000fec00000, 0x00000000ff2a0000, 0x00000000ff2a0000)
  eden space 5504K,   0% used [0x00000000fec00000, 0x00000000fec00000, 0x00000000ff160000)
  from space 640K,   0% used [0x00000000ff160000, 0x00000000ff161020, 0x00000000ff200000)
  to   space 640K,   0% used [0x00000000ff200000, 0x00000000ff200000, 0x00000000ff2a0000)
 concurrent mark-sweep generation total 13696K, used 9399K [0x00000000ff2a0000, 0x0000000100000000, 0x0000000100000000)
 Metaspace       used 5076K, capacity 5258K, committed 5504K, reserved 1056768K
  class space    used 557K, capacity 597K, committed 640K, reserved 1048576K
}
{Heap before GC invocations=651 (full 82):
 par new generation   total 6144K, used 5233K [0x00000000fec00000, 0x00000000ff2a0000, 0x00000000ff2a0000)
  eden space 5504K,  95% used [0x00000000fec00000, 0x00000000ff11b780, 0x00000000ff160000)
  from space 640K,   0% used [0x00000000ff160000, 0x00000000ff161020, 0x00000000ff200000)
  to   space 640K,   0% used [0x00000000ff200000, 0x00000000ff200000, 0x00000000ff2a0000)
 concurrent mark-sweep generation total 13696K, used 9399K [0x00000000ff2a0000, 0x0000000100000000, 0x0000000100000000)
 Metaspace       used 5076K, capacity 5258K, committed 5504K, reserved 1056768K
  class space    used 557K, capacity 597K, committed 640K, reserved 1048576K
2024-07-16T11:01:40.533+0800: 5.414: [GC (Allocation Failure) 2024-07-16T11:01:40.533+0800: 5.414: [ParNew: 5233K->4K(6144K), 0.0013178 secs] 14633K->9403K(19840K), 0.0014479 secs] [Times: user=0.00 sys=0.00, real=0.00 secs] 
Heap after GC invocations=652 (full 82):
 par new generation   total 6144K, used 4K [0x00000000fec00000, 0x00000000ff2a0000, 0x00000000ff2a0000)
  eden space 5504K,   0% used [0x00000000fec00000, 0x00000000fec00000, 0x00000000ff160000)
  from space 640K,   0% used [0x00000000ff200000, 0x00000000ff201020, 0x00000000ff2a0000)
  to   space 640K,   0% used [0x00000000ff160000, 0x00000000ff160000, 0x00000000ff200000)
 concurrent mark-sweep generation total 13696K, used 9399K [0x00000000ff2a0000, 0x0000000100000000, 0x0000000100000000)
 Metaspace       used 5076K, capacity 5258K, committed 5504K, reserved 1056768K
  class space    used 557K, capacity 597K, committed 640K, reserved 1048576K
}
{Heap before GC invocations=652 (full 82):
 par new generation   total 6144K, used 5233K [0x00000000fec00000, 0x00000000ff2a0000, 0x00000000ff2a0000)
  eden space 5504K,  95% used [0x00000000fec00000, 0x00000000ff11b780, 0x00000000ff160000)
  from space 640K,   0% used [0x00000000ff200000, 0x00000000ff201020, 0x00000000ff2a0000)
  to   space 640K,   0% used [0x00000000ff160000, 0x00000000ff160000, 0x00000000ff200000)
 concurrent mark-sweep generation total 13696K, used 9399K [0x00000000ff2a0000, 0x0000000100000000, 0x0000000100000000)
 Metaspace       used 5076K, capacity 5258K, committed 5504K, reserved 1056768K
  class space    used 557K, capacity 597K, committed 640K, reserved 1048576K
2024-07-16T11:01:40.542+0800: 5.423: [GC (Allocation Failure) 2024-07-16T11:01:40.542+0800: 5.423: [ParNew: 5233K->6K(6144K), 0.0015469 secs] 14633K->10429K(19840K), 0.0016619 secs] [Times: user=0.00 sys=0.00, real=0.00 secs] 
Heap after GC invocations=653 (full 82):
 par new generation   total 6144K, used 6K [0x00000000fec00000, 0x00000000ff2a0000, 0x00000000ff2a0000)
  eden space 5504K,   0% used [0x00000000fec00000, 0x00000000fec00000, 0x00000000ff160000)
  from space 640K,   0% used [0x00000000ff160000, 0x00000000ff161830, 0x00000000ff200000)
  to   space 640K,   0% used [0x00000000ff200000, 0x00000000ff200000, 0x00000000ff2a0000)
 concurrent mark-sweep generation total 13696K, used 10423K [0x00000000ff2a0000, 0x0000000100000000, 0x0000000100000000)
 Metaspace       used 5076K, capacity 5258K, committed 5504K, reserved 1056768K
  class space    used 557K, capacity 597K, committed 640K, reserved 1048576K
}
{Heap before GC invocations=653 (full 82):
 par new generation   total 6144K, used 5235K [0x00000000fec00000, 0x00000000ff2a0000, 0x00000000ff2a0000)
  eden space 5504K,  95% used [0x00000000fec00000, 0x00000000ff11b780, 0x00000000ff160000)
  from space 640K,   0% used [0x00000000ff160000, 0x00000000ff161830, 0x00000000ff200000)
  to   space 640K,   0% used [0x00000000ff200000, 0x00000000ff200000, 0x00000000ff2a0000)
 concurrent mark-sweep generation total 13696K, used 10423K [0x00000000ff2a0000, 0x0000000100000000, 0x0000000100000000)
 Metaspace       used 5076K, capacity 5258K, committed 5504K, reserved 1056768K
  class space    used 557K, capacity 597K, committed 640K, reserved 1048576K
2024-07-16T11:01:40.552+0800: 5.433: [GC (Allocation Failure) 2024-07-16T11:01:40.552+0800: 5.433: [ParNew: 5235K->8K(6144K), 0.0013868 secs] 15659K->11457K(19840K), 0.0015310 secs] [Times: user=0.00 sys=0.00, real=0.00 secs] 
Heap after GC invocations=654 (full 82):
 par new generation   total 6144K, used 8K [0x00000000fec00000, 0x00000000ff2a0000, 0x00000000ff2a0000)
  eden space 5504K,   0% used [0x00000000fec00000, 0x00000000fec00000, 0x00000000ff160000)
  from space 640K,   1% used [0x00000000ff200000, 0x00000000ff202040, 0x00000000ff2a0000)
  to   space 640K,   0% used [0x00000000ff160000, 0x00000000ff160000, 0x00000000ff200000)
 concurrent mark-sweep generation total 13696K, used 11449K [0x00000000ff2a0000, 0x0000000100000000, 0x0000000100000000)
 Metaspace       used 5076K, capacity 5258K, committed 5504K, reserved 1056768K
  class space    used 557K, capacity 597K, committed 640K, reserved 1048576K
}
{Heap before GC invocations=654 (full 82):
 par new generation   total 6144K, used 5237K [0x00000000fec00000, 0x00000000ff2a0000, 0x00000000ff2a0000)
  eden space 5504K,  95% used [0x00000000fec00000, 0x00000000ff11b780, 0x00000000ff160000)
  from space 640K,   1% used [0x00000000ff200000, 0x00000000ff202040, 0x00000000ff2a0000)
  to   space 640K,   0% used [0x00000000ff160000, 0x00000000ff160000, 0x00000000ff200000)
 concurrent mark-sweep generation total 13696K, used 11449K [0x00000000ff2a0000, 0x0000000100000000, 0x0000000100000000)
 Metaspace       used 5076K, capacity 5258K, committed 5504K, reserved 1056768K
  class space    used 557K, capacity 597K, committed 640K, reserved 1048576K
2024-07-16T11:01:40.562+0800: 5.443: [GC (Allocation Failure) 2024-07-16T11:01:40.562+0800: 5.443: [ParNew: 5237K->8K(6144K), 0.0012675 secs] 16687K->12483K(19840K), 0.0013634 secs] [Times: user=0.00 sys=0.00, real=0.00 secs] 
Heap after GC invocations=655 (full 82):
 par new generation   total 6144K, used 8K [0x00000000fec00000, 0x00000000ff2a0000, 0x00000000ff2a0000)
  eden space 5504K,   0% used [0x00000000fec00000, 0x00000000fec00000, 0x00000000ff160000)
  from space 640K,   1% used [0x00000000ff160000, 0x00000000ff162040, 0x00000000ff200000)
  to   space 640K,   0% used [0x00000000ff200000, 0x00000000ff200000, 0x00000000ff2a0000)
 concurrent mark-sweep generation total 13696K, used 12475K [0x00000000ff2a0000, 0x0000000100000000, 0x0000000100000000)
 Metaspace       used 5076K, capacity 5258K, committed 5504K, reserved 1056768K
  class space    used 557K, capacity 597K, committed 640K, reserved 1048576K
}
{Heap before GC invocations=655 (full 82):
 par new generation   total 6144K, used 5237K [0x00000000fec00000, 0x00000000ff2a0000, 0x00000000ff2a0000)
  eden space 5504K,  95% used [0x00000000fec00000, 0x00000000ff11b780, 0x00000000ff160000)
  from space 640K,   1% used [0x00000000ff160000, 0x00000000ff162040, 0x00000000ff200000)
  to   space 640K,   0% used [0x00000000ff200000, 0x00000000ff200000, 0x00000000ff2a0000)
 concurrent mark-sweep generation total 13696K, used 12475K [0x00000000ff2a0000, 0x0000000100000000, 0x0000000100000000)
 Metaspace       used 5076K, capacity 5258K, committed 5504K, reserved 1056768K
  class space    used 557K, capacity 597K, committed 640K, reserved 1048576K
2024-07-16T11:01:40.570+0800: 5.451: [GC (Allocation Failure) 2024-07-16T11:01:40.570+0800: 5.451: [ParNew: 5237K->5237K(6144K), 0.0000297 secs]2024-07-16T11:01:40.570+0800: 5.451: [CMS2024-07-16T11:01:40.570+0800: 5.451: [CMS-concurrent-abortable-preclean: 0.002/0.100 secs] [Times: user=0.00 sys=0.00, real=0.10 secs] 
 (concurrent mode failure): 12475K->2220K(13696K), 0.0051404 secs] 17713K->2220K(19840K), [Metaspace: 5076K->5076K(1056768K)], 0.0052673 secs] [Times: user=0.00 sys=0.00, real=0.01 secs] 
Heap after GC invocations=656 (full 83):
 par new generation   total 6144K, used 0K [0x00000000fec00000, 0x00000000ff2a0000, 0x00000000ff2a0000)
  eden space 5504K,   0% used [0x00000000fec00000, 0x00000000fec00000, 0x00000000ff160000)
  from space 640K,   0% used [0x00000000ff160000, 0x00000000ff160000, 0x00000000ff200000)
  to   space 640K,   0% used [0x00000000ff200000, 0x00000000ff200000, 0x00000000ff2a0000)
 concurrent mark-sweep generation total 13696K, used 2220K [0x00000000ff2a0000, 0x0000000100000000, 0x0000000100000000)
 Metaspace       used 5076K, capacity 5258K, committed 5504K, reserved 1056768K
  class space    used 557K, capacity 597K, committed 640K, reserved 1048576K
}
{Heap before GC invocations=656 (full 83):
 par new generation   total 6144K, used 5229K [0x00000000fec00000, 0x00000000ff2a0000, 0x00000000ff2a0000)
  eden space 5504K,  95% used [0x00000000fec00000, 0x00000000ff11b780, 0x00000000ff160000)
  from space 640K,   0% used [0x00000000ff160000, 0x00000000ff160000, 0x00000000ff200000)
  to   space 640K,   0% used [0x00000000ff200000, 0x00000000ff200000, 0x00000000ff2a0000)
 concurrent mark-sweep generation total 13696K, used 2220K [0x00000000ff2a0000, 0x0000000100000000, 0x0000000100000000)
 Metaspace       used 5076K, capacity 5258K, committed 5504K, reserved 1056768K
  class space    used 557K, capacity 597K, committed 640K, reserved 1048576K
2024-07-16T11:01:40.582+0800: 5.463: [GC (Allocation Failure) 2024-07-16T11:01:40.582+0800: 5.463: [ParNew: 5229K->4K(6144K), 0.0006502 secs] 7450K->2224K(19840K), 0.0006973 secs] [Times: user=0.00 sys=0.00, real=0.00 secs] 
Heap after GC invocations=657 (full 83):
 par new generation   total 6144K, used 4K [0x00000000fec00000, 0x00000000ff2a0000, 0x00000000ff2a0000)
  eden space 5504K,   0% used [0x00000000fec00000, 0x00000000fec00000, 0x00000000ff160000)
  from space 640K,   0% used [0x00000000ff200000, 0x00000000ff201020, 0x00000000ff2a0000)
  to   space 640K,   0% used [0x00000000ff160000, 0x00000000ff160000, 0x00000000ff200000)
 concurrent mark-sweep generation total 13696K, used 2220K [0x00000000ff2a0000, 0x0000000100000000, 0x0000000100000000)
 Metaspace       used 5076K, capacity 5258K, committed 5504K, reserved 1056768K
  class space    used 557K, capacity 597K, committed 640K, reserved 1048576K
}
{Heap before GC invocations=657 (full 83):
 par new generation   total 6144K, used 5233K [0x00000000fec00000, 0x00000000ff2a0000, 0x00000000ff2a0000)
  eden space 5504K,  95% used [0x00000000fec00000, 0x00000000ff11b780, 0x00000000ff160000)
  from space 640K,   0% used [0x00000000ff200000, 0x00000000ff201020, 0x00000000ff2a0000)
  to   space 640K,   0% used [0x00000000ff160000, 0x00000000ff160000, 0x00000000ff200000)
 concurrent mark-sweep generation total 13696K, used 2220K [0x00000000ff2a0000, 0x0000000100000000, 0x0000000100000000)
 Metaspace       used 5076K, capacity 5258K, committed 5504K, reserved 1056768K
  class space    used 557K, capacity 597K, committed 640K, reserved 1048576K
2024-07-16T11:01:40.589+0800: 5.470: [GC (Allocation Failure) 2024-07-16T11:01:40.589+0800: 5.470: [ParNew: 5233K->6K(6144K), 0.0011222 secs] 7454K->3252K(19840K), 0.0012221 secs] [Times: user=0.00 sys=0.00, real=0.00 secs] 
Heap after GC invocations=658 (full 83):
 par new generation   total 6144K, used 6K [0x00000000fec00000, 0x00000000ff2a0000, 0x00000000ff2a0000)
  eden space 5504K,   0% used [0x00000000fec00000, 0x00000000fec00000, 0x00000000ff160000)
  from space 640K,   0% used [0x00000000ff160000, 0x00000000ff161830, 0x00000000ff200000)
  to   space 640K,   0% used [0x00000000ff200000, 0x00000000ff200000, 0x00000000ff2a0000)
 concurrent mark-sweep generation total 13696K, used 3246K [0x00000000ff2a0000, 0x0000000100000000, 0x0000000100000000)
 Metaspace       used 5076K, capacity 5258K, committed 5504K, reserved 1056768K
  class space    used 557K, capacity 597K, committed 640K, reserved 1048576K
}
{Heap before GC invocations=658 (full 83):
 par new generation   total 6144K, used 5235K [0x00000000fec00000, 0x00000000ff2a0000, 0x00000000ff2a0000)
  eden space 5504K,  95% used [0x00000000fec00000, 0x00000000ff11b780, 0x00000000ff160000)
  from space 640K,   0% used [0x00000000ff160000, 0x00000000ff161830, 0x00000000ff200000)
  to   space 640K,   0% used [0x00000000ff200000, 0x00000000ff200000, 0x00000000ff2a0000)
 concurrent mark-sweep generation total 13696K, used 3246K [0x00000000ff2a0000, 0x0000000100000000, 0x0000000100000000)
 Metaspace       used 5076K, capacity 5258K, committed 5504K, reserved 1056768K
  class space    used 557K, capacity 597K, committed 640K, reserved 1048576K
2024-07-16T11:01:40.597+0800: 5.478: [GC (Allocation Failure) 2024-07-16T11:01:40.597+0800: 5.478: [ParNew: 5235K->6K(6144K), 0.0013247 secs] 8482K->4279K(19840K), 0.0014368 secs] [Times: user=0.00 sys=0.00, real=0.00 secs] 
Heap after GC invocations=659 (full 83):
 par new generation   total 6144K, used 6K [0x00000000fec00000, 0x00000000ff2a0000, 0x00000000ff2a0000)
  eden space 5504K,   0% used [0x00000000fec00000, 0x00000000fec00000, 0x00000000ff160000)
  from space 640K,   0% used [0x00000000ff200000, 0x00000000ff201830, 0x00000000ff2a0000)
  to   space 640K,   0% used [0x00000000ff160000, 0x00000000ff160000, 0x00000000ff200000)
 concurrent mark-sweep generation total 13696K, used 4272K [0x00000000ff2a0000, 0x0000000100000000, 0x0000000100000000)
 Metaspace       used 5076K, capacity 5258K, committed 5504K, reserved 1056768K
  class space    used 557K, capacity 597K, committed 640K, reserved 1048576K
}
2024-07-16T11:01:40.599+0800: 5.480: [GC (CMS Initial Mark) [1 CMS-initial-mark: 4272K(13696K)] 5305K(19840K), 0.0004216 secs] [Times: user=0.00 sys=0.00, real=0.00 secs] 
2024-07-16T11:01:40.599+0800: 5.480: [CMS-concurrent-mark-start]
2024-07-16T11:01:40.603+0800: 5.484: [CMS-concurrent-mark: 0.004/0.004 secs] [Times: user=0.00 sys=0.00, real=0.00 secs] 
2024-07-16T11:01:40.603+0800: 5.484: [CMS-concurrent-preclean-start]
2024-07-16T11:01:40.603+0800: 5.484: [CMS-concurrent-preclean: 0.000/0.000 secs] [Times: user=0.00 sys=0.00, real=0.00 secs] 
2024-07-16T11:01:40.603+0800: 5.484: [CMS-concurrent-abortable-preclean-start]
{Heap before GC invocations=659 (full 84):
 par new generation   total 6144K, used 5235K [0x00000000fec00000, 0x00000000ff2a0000, 0x00000000ff2a0000)
  eden space 5504K,  95% used [0x00000000fec00000, 0x00000000ff11b780, 0x00000000ff160000)
  from space 640K,   0% used [0x00000000ff200000, 0x00000000ff201830, 0x00000000ff2a0000)
  to   space 640K,   0% used [0x00000000ff160000, 0x00000000ff160000, 0x00000000ff200000)
 concurrent mark-sweep generation total 13696K, used 4272K [0x00000000ff2a0000, 0x0000000100000000, 0x0000000100000000)
 Metaspace       used 5076K, capacity 5258K, committed 5504K, reserved 1056768K
  class space    used 557K, capacity 597K, committed 640K, reserved 1048576K
2024-07-16T11:01:40.607+0800: 5.488: [GC (Allocation Failure) 2024-07-16T11:01:40.607+0800: 5.488: [ParNew: 5235K->8K(6144K), 0.0010489 secs] 9508K->5307K(19840K), 0.0011108 secs] [Times: user=0.00 sys=0.00, real=0.00 secs] 
Heap after GC invocations=660 (full 84):
 par new generation   total 6144K, used 8K [0x00000000fec00000, 0x00000000ff2a0000, 0x00000000ff2a0000)
  eden space 5504K,   0% used [0x00000000fec00000, 0x00000000fec00000, 0x00000000ff160000)
  from space 640K,   1% used [0x00000000ff160000, 0x00000000ff162040, 0x00000000ff200000)
  to   space 640K,   0% used [0x00000000ff200000, 0x00000000ff200000, 0x00000000ff2a0000)
 concurrent mark-sweep generation total 13696K, used 5299K [0x00000000ff2a0000, 0x0000000100000000, 0x0000000100000000)
 Metaspace       used 5076K, capacity 5258K, committed 5504K, reserved 1056768K
  class space    used 557K, capacity 597K, committed 640K, reserved 1048576K
}
{Heap before GC invocations=660 (full 84):
 par new generation   total 6144K, used 5237K [0x00000000fec00000, 0x00000000ff2a0000, 0x00000000ff2a0000)
  eden space 5504K,  95% used [0x00000000fec00000, 0x00000000ff11b780, 0x00000000ff160000)
  from space 640K,   1% used [0x00000000ff160000, 0x00000000ff162040, 0x00000000ff200000)
  to   space 640K,   0% used [0x00000000ff200000, 0x00000000ff200000, 0x00000000ff2a0000)
 concurrent mark-sweep generation total 13696K, used 5299K [0x00000000ff2a0000, 0x0000000100000000, 0x0000000100000000)
 Metaspace       used 5076K, capacity 5258K, committed 5504K, reserved 1056768K
  class space    used 557K, capacity 597K, committed 640K, reserved 1048576K
2024-07-16T11:01:40.615+0800: 5.496: [GC (Allocation Failure) 2024-07-16T11:01:40.615+0800: 5.496: [ParNew: 5237K->4K(6144K), 0.0011303 secs] 10536K->5303K(19840K), 0.0012442 secs] [Times: user=0.00 sys=0.00, real=0.00 secs] 
Heap after GC invocations=661 (full 84):
 par new generation   total 6144K, used 4K [0x00000000fec00000, 0x00000000ff2a0000, 0x00000000ff2a0000)
  eden space 5504K,   0% used [0x00000000fec00000, 0x00000000fec00000, 0x00000000ff160000)
  from space 640K,   0% used [0x00000000ff200000, 0x00000000ff201020, 0x00000000ff2a0000)
  to   space 640K,   0% used [0x00000000ff160000, 0x00000000ff160000, 0x00000000ff200000)
 concurrent mark-sweep generation total 13696K, used 5299K [0x00000000ff2a0000, 0x0000000100000000, 0x0000000100000000)
 Metaspace       used 5076K, capacity 5258K, committed 5504K, reserved 1056768K
  class space    used 557K, capacity 597K, committed 640K, reserved 1048576K
}
{Heap before GC invocations=661 (full 84):
 par new generation   total 6144K, used 5233K [0x00000000fec00000, 0x00000000ff2a0000, 0x00000000ff2a0000)
  eden space 5504K,  95% used [0x00000000fec00000, 0x00000000ff11b780, 0x00000000ff160000)
  from space 640K,   0% used [0x00000000ff200000, 0x00000000ff201020, 0x00000000ff2a0000)
  to   space 640K,   0% used [0x00000000ff160000, 0x00000000ff160000, 0x00000000ff200000)
 concurrent mark-sweep generation total 13696K, used 5299K [0x00000000ff2a0000, 0x0000000100000000, 0x0000000100000000)
 Metaspace       used 5076K, capacity 5258K, committed 5504K, reserved 1056768K
  class space    used 557K, capacity 597K, committed 640K, reserved 1048576K
2024-07-16T11:01:40.622+0800: 5.503: [GC (Allocation Failure) 2024-07-16T11:01:40.622+0800: 5.503: [ParNew: 5233K->6K(6144K), 0.0012469 secs] 10532K->6329K(19840K), 0.0013409 secs] [Times: user=0.00 sys=0.00, real=0.00 secs] 
Heap after GC invocations=662 (full 84):
 par new generation   total 6144K, used 6K [0x00000000fec00000, 0x00000000ff2a0000, 0x00000000ff2a0000)
  eden space 5504K,   0% used [0x00000000fec00000, 0x00000000fec00000, 0x00000000ff160000)
  from space 640K,   0% used [0x00000000ff160000, 0x00000000ff161830, 0x00000000ff200000)
  to   space 640K,   0% used [0x00000000ff200000, 0x00000000ff200000, 0x00000000ff2a0000)
 concurrent mark-sweep generation total 13696K, used 6323K [0x00000000ff2a0000, 0x0000000100000000, 0x0000000100000000)
 Metaspace       used 5076K, capacity 5258K, committed 5504K, reserved 1056768K
  class space    used 557K, capacity 597K, committed 640K, reserved 1048576K
}
{Heap before GC invocations=662 (full 84):
 par new generation   total 6144K, used 5235K [0x00000000fec00000, 0x00000000ff2a0000, 0x00000000ff2a0000)
  eden space 5504K,  95% used [0x00000000fec00000, 0x00000000ff11b780, 0x00000000ff160000)
  from space 640K,   0% used [0x00000000ff160000, 0x00000000ff161830, 0x00000000ff200000)
  to   space 640K,   0% used [0x00000000ff200000, 0x00000000ff200000, 0x00000000ff2a0000)
 concurrent mark-sweep generation total 13696K, used 6323K [0x00000000ff2a0000, 0x0000000100000000, 0x0000000100000000)
 Metaspace       used 5076K, capacity 5258K, committed 5504K, reserved 1056768K
  class space    used 557K, capacity 597K, committed 640K, reserved 1048576K
2024-07-16T11:01:40.631+0800: 5.512: [GC (Allocation Failure) 2024-07-16T11:01:40.631+0800: 5.512: [ParNew: 5235K->2K(6144K), 0.0010084 secs] 11558K->6325K(19840K), 0.0011140 secs] [Times: user=0.00 sys=0.00, real=0.00 secs] 
Heap after GC invocations=663 (full 84):
 par new generation   total 6144K, used 2K [0x00000000fec00000, 0x00000000ff2a0000, 0x00000000ff2a0000)
  eden space 5504K,   0% used [0x00000000fec00000, 0x00000000fec00000, 0x00000000ff160000)
  from space 640K,   0% used [0x00000000ff200000, 0x00000000ff200810, 0x00000000ff2a0000)
  to   space 640K,   0% used [0x00000000ff160000, 0x00000000ff160000, 0x00000000ff200000)
 concurrent mark-sweep generation total 13696K, used 6323K [0x00000000ff2a0000, 0x0000000100000000, 0x0000000100000000)
 Metaspace       used 5076K, capacity 5258K, committed 5504K, reserved 1056768K
  class space    used 557K, capacity 597K, committed 640K, reserved 1048576K
}
{Heap before GC invocations=663 (full 84):
 par new generation   total 6144K, used 5231K [0x00000000fec00000, 0x00000000ff2a0000, 0x00000000ff2a0000)
  eden space 5504K,  95% used [0x00000000fec00000, 0x00000000ff11b780, 0x00000000ff160000)
  from space 640K,   0% used [0x00000000ff200000, 0x00000000ff200810, 0x00000000ff2a0000)
  to   space 640K,   0% used [0x00000000ff160000, 0x00000000ff160000, 0x00000000ff200000)
 concurrent mark-sweep generation total 13696K, used 6323K [0x00000000ff2a0000, 0x0000000100000000, 0x0000000100000000)
 Metaspace       used 5076K, capacity 5258K, committed 5504K, reserved 1056768K
  class space    used 557K, capacity 597K, committed 640K, reserved 1048576K
2024-07-16T11:01:40.639+0800: 5.520: [GC (Allocation Failure) 2024-07-16T11:01:40.639+0800: 5.520: [ParNew: 5231K->6K(6144K), 0.0012705 secs] 11554K->7355K(19840K), 0.0013609 secs] [Times: user=0.00 sys=0.00, real=0.00 secs] 
Heap after GC invocations=664 (full 84):
 par new generation   total 6144K, used 6K [0x00000000fec00000, 0x00000000ff2a0000, 0x00000000ff2a0000)
  eden space 5504K,   0% used [0x00000000fec00000, 0x00000000fec00000, 0x00000000ff160000)
  from space 640K,   0% used [0x00000000ff160000, 0x00000000ff161830, 0x00000000ff200000)
  to   space 640K,   0% used [0x00000000ff200000, 0x00000000ff200000, 0x00000000ff2a0000)
 concurrent mark-sweep generation total 13696K, used 7349K [0x00000000ff2a0000, 0x0000000100000000, 0x0000000100000000)
 Metaspace       used 5076K, capacity 5258K, committed 5504K, reserved 1056768K
  class space    used 557K, capacity 597K, committed 640K, reserved 1048576K
}
{Heap before GC invocations=664 (full 84):
 par new generation   total 6144K, used 5235K [0x00000000fec00000, 0x00000000ff2a0000, 0x00000000ff2a0000)
  eden space 5504K,  95% used [0x00000000fec00000, 0x00000000ff11b780, 0x00000000ff160000)
  from space 640K,   0% used [0x00000000ff160000, 0x00000000ff161830, 0x00000000ff200000)
  to   space 640K,   0% used [0x00000000ff200000, 0x00000000ff200000, 0x00000000ff2a0000)
 concurrent mark-sweep generation total 13696K, used 7349K [0x00000000ff2a0000, 0x0000000100000000, 0x0000000100000000)
 Metaspace       used 5076K, capacity 5258K, committed 5504K, reserved 1056768K
  class space    used 557K, capacity 597K, committed 640K, reserved 1048576K
2024-07-16T11:01:40.648+0800: 5.529: [GC (Allocation Failure) 2024-07-16T11:01:40.648+0800: 5.529: [ParNew: 5235K->6K(6144K), 0.0015238 secs] 12585K->8381K(19840K), 0.0016338 secs] [Times: user=0.00 sys=0.00, real=0.00 secs] 
Heap after GC invocations=665 (full 84):
 par new generation   total 6144K, used 6K [0x00000000fec00000, 0x00000000ff2a0000, 0x00000000ff2a0000)
  eden space 5504K,   0% used [0x00000000fec00000, 0x00000000fec00000, 0x00000000ff160000)
  from space 640K,   0% used [0x00000000ff200000, 0x00000000ff201830, 0x00000000ff2a0000)
  to   space 640K,   0% used [0x00000000ff160000, 0x00000000ff160000, 0x00000000ff200000)
 concurrent mark-sweep generation total 13696K, used 8375K [0x00000000ff2a0000, 0x0000000100000000, 0x0000000100000000)
 Metaspace       used 5076K, capacity 5258K, committed 5504K, reserved 1056768K
  class space    used 557K, capacity 597K, committed 640K, reserved 1048576K
}
{Heap before GC invocations=665 (full 84):
 par new generation   total 6144K, used 5235K [0x00000000fec00000, 0x00000000ff2a0000, 0x00000000ff2a0000)
  eden space 5504K,  95% used [0x00000000fec00000, 0x00000000ff11b780, 0x00000000ff160000)
  from space 640K,   0% used [0x00000000ff200000, 0x00000000ff201830, 0x00000000ff2a0000)
  to   space 640K,   0% used [0x00000000ff160000, 0x00000000ff160000, 0x00000000ff200000)
 concurrent mark-sweep generation total 13696K, used 8375K [0x00000000ff2a0000, 0x0000000100000000, 0x0000000100000000)
 Metaspace       used 5076K, capacity 5258K, committed 5504K, reserved 1056768K
  class space    used 557K, capacity 597K, committed 640K, reserved 1048576K
2024-07-16T11:01:40.657+0800: 5.538: [GC (Allocation Failure) 2024-07-16T11:01:40.657+0800: 5.538: [ParNew: 5235K->8K(6144K), 0.0013369 secs] 13611K->9409K(19840K), 0.0014608 secs] [Times: user=0.16 sys=0.00, real=0.00 secs] 
Heap after GC invocations=666 (full 84):
 par new generation   total 6144K, used 8K [0x00000000fec00000, 0x00000000ff2a0000, 0x00000000ff2a0000)
  eden space 5504K,   0% used [0x00000000fec00000, 0x00000000fec00000, 0x00000000ff160000)
  from space 640K,   1% used [0x00000000ff160000, 0x00000000ff162040, 0x00000000ff200000)
  to   space 640K,   0% used [0x00000000ff200000, 0x00000000ff200000, 0x00000000ff2a0000)
 concurrent mark-sweep generation total 13696K, used 9401K [0x00000000ff2a0000, 0x0000000100000000, 0x0000000100000000)
 Metaspace       used 5076K, capacity 5258K, committed 5504K, reserved 1056768K
  class space    used 557K, capacity 597K, committed 640K, reserved 1048576K
}
{Heap before GC invocations=666 (full 84):
 par new generation   total 6144K, used 5237K [0x00000000fec00000, 0x00000000ff2a0000, 0x00000000ff2a0000)
  eden space 5504K,  95% used [0x00000000fec00000, 0x00000000ff11b780, 0x00000000ff160000)
  from space 640K,   1% used [0x00000000ff160000, 0x00000000ff162040, 0x00000000ff200000)
  to   space 640K,   0% used [0x00000000ff200000, 0x00000000ff200000, 0x00000000ff2a0000)
 concurrent mark-sweep generation total 13696K, used 9401K [0x00000000ff2a0000, 0x0000000100000000, 0x0000000100000000)
 Metaspace       used 5076K, capacity 5258K, committed 5504K, reserved 1056768K
  class space    used 557K, capacity 597K, committed 640K, reserved 1048576K
2024-07-16T11:01:40.666+0800: 5.547: [GC (Allocation Failure) 2024-07-16T11:01:40.666+0800: 5.547: [ParNew: 5237K->6K(6144K), 0.0014009 secs] 14639K->10431K(19840K), 0.0015332 secs] [Times: user=0.00 sys=0.00, real=0.00 secs] 
Heap after GC invocations=667 (full 84):
 par new generation   total 6144K, used 6K [0x00000000fec00000, 0x00000000ff2a0000, 0x00000000ff2a0000)
  eden space 5504K,   0% used [0x00000000fec00000, 0x00000000fec00000, 0x00000000ff160000)
  from space 640K,   0% used [0x00000000ff200000, 0x00000000ff201830, 0x00000000ff2a0000)
  to   space 640K,   0% used [0x00000000ff160000, 0x00000000ff160000, 0x00000000ff200000)
 concurrent mark-sweep generation total 13696K, used 10425K [0x00000000ff2a0000, 0x0000000100000000, 0x0000000100000000)
 Metaspace       used 5076K, capacity 5258K, committed 5504K, reserved 1056768K
  class space    used 557K, capacity 597K, committed 640K, reserved 1048576K
}
{Heap before GC invocations=667 (full 84):
 par new generation   total 6144K, used 5235K [0x00000000fec00000, 0x00000000ff2a0000, 0x00000000ff2a0000)
  eden space 5504K,  95% used [0x00000000fec00000, 0x00000000ff11b780, 0x00000000ff160000)
  from space 640K,   0% used [0x00000000ff200000, 0x00000000ff201830, 0x00000000ff2a0000)
  to   space 640K,   0% used [0x00000000ff160000, 0x00000000ff160000, 0x00000000ff200000)
 concurrent mark-sweep generation total 13696K, used 10425K [0x00000000ff2a0000, 0x0000000100000000, 0x0000000100000000)
 Metaspace       used 5076K, capacity 5258K, committed 5504K, reserved 1056768K
  class space    used 557K, capacity 597K, committed 640K, reserved 1048576K
2024-07-16T11:01:40.675+0800: 5.556: [GC (Allocation Failure) 2024-07-16T11:01:40.675+0800: 5.556: [ParNew: 5235K->8K(6144K), 0.0013393 secs] 15661K->11459K(19840K), 0.0014505 secs] [Times: user=0.00 sys=0.00, real=0.00 secs] 
Heap after GC invocations=668 (full 84):
 par new generation   total 6144K, used 8K [0x00000000fec00000, 0x00000000ff2a0000, 0x00000000ff2a0000)
  eden space 5504K,   0% used [0x00000000fec00000, 0x00000000fec00000, 0x00000000ff160000)
  from space 640K,   1% used [0x00000000ff160000, 0x00000000ff162040, 0x00000000ff200000)
  to   space 640K,   0% used [0x00000000ff200000, 0x00000000ff200000, 0x00000000ff2a0000)
 concurrent mark-sweep generation total 13696K, used 11451K [0x00000000ff2a0000, 0x0000000100000000, 0x0000000100000000)
 Metaspace       used 5076K, capacity 5258K, committed 5504K, reserved 1056768K
  class space    used 557K, capacity 597K, committed 640K, reserved 1048576K
}
{Heap before GC invocations=668 (full 84):
 par new generation   total 6144K, used 5237K [0x00000000fec00000, 0x00000000ff2a0000, 0x00000000ff2a0000)
  eden space 5504K,  95% used [0x00000000fec00000, 0x00000000ff11b780, 0x00000000ff160000)
  from space 640K,   1% used [0x00000000ff160000, 0x00000000ff162040, 0x00000000ff200000)
  to   space 640K,   0% used [0x00000000ff200000, 0x00000000ff200000, 0x00000000ff2a0000)
 concurrent mark-sweep generation total 13696K, used 11451K [0x00000000ff2a0000, 0x0000000100000000, 0x0000000100000000)
 Metaspace       used 5076K, capacity 5258K, committed 5504K, reserved 1056768K
  class space    used 557K, capacity 597K, committed 640K, reserved 1048576K
2024-07-16T11:01:40.683+0800: 5.564: [GC (Allocation Failure) 2024-07-16T11:01:40.683+0800: 5.564: [ParNew: 5237K->8K(6144K), 0.0013454 secs] 16689K->12483K(19840K), 0.0014616 secs] [Times: user=0.00 sys=0.00, real=0.00 secs] 
Heap after GC invocations=669 (full 84):
 par new generation   total 6144K, used 8K [0x00000000fec00000, 0x00000000ff2a0000, 0x00000000ff2a0000)
  eden space 5504K,   0% used [0x00000000fec00000, 0x00000000fec00000, 0x00000000ff160000)
  from space 640K,   1% used [0x00000000ff200000, 0x00000000ff202040, 0x00000000ff2a0000)
  to   space 640K,   0% used [0x00000000ff160000, 0x00000000ff160000, 0x00000000ff200000)
 concurrent mark-sweep generation total 13696K, used 12475K [0x00000000ff2a0000, 0x0000000100000000, 0x0000000100000000)
 Metaspace       used 5076K, capacity 5258K, committed 5504K, reserved 1056768K
  class space    used 557K, capacity 597K, committed 640K, reserved 1048576K
}
{Heap before GC invocations=669 (full 84):
 par new generation   total 6144K, used 5237K [0x00000000fec00000, 0x00000000ff2a0000, 0x00000000ff2a0000)
  eden space 5504K,  95% used [0x00000000fec00000, 0x00000000ff11b780, 0x00000000ff160000)
  from space 640K,   1% used [0x00000000ff200000, 0x00000000ff202040, 0x00000000ff2a0000)
  to   space 640K,   0% used [0x00000000ff160000, 0x00000000ff160000, 0x00000000ff200000)
 concurrent mark-sweep generation total 13696K, used 12475K [0x00000000ff2a0000, 0x0000000100000000, 0x0000000100000000)
 Metaspace       used 5076K, capacity 5258K, committed 5504K, reserved 1056768K
  class space    used 557K, capacity 597K, committed 640K, reserved 1048576K
2024-07-16T11:01:40.691+0800: 5.572: [GC (Allocation Failure) 2024-07-16T11:01:40.691+0800: 5.572: [ParNew: 5237K->8K(6144K), 0.0014024 secs] 17713K->13509K(19840K), 0.0015473 secs] [Times: user=0.00 sys=0.00, real=0.00 secs] 
Heap after GC invocations=670 (full 84):
 par new generation   total 6144K, used 8K [0x00000000fec00000, 0x00000000ff2a0000, 0x00000000ff2a0000)
  eden space 5504K,   0% used [0x00000000fec00000, 0x00000000fec00000, 0x00000000ff160000)
  from space 640K,   1% used [0x00000000ff160000, 0x00000000ff162040, 0x00000000ff200000)
  to   space 640K,   0% used [0x00000000ff200000, 0x00000000ff200000, 0x00000000ff2a0000)
 concurrent mark-sweep generation total 13696K, used 13501K [0x00000000ff2a0000, 0x0000000100000000, 0x0000000100000000)
 Metaspace       used 5076K, capacity 5258K, committed 5504K, reserved 1056768K
  class space    used 557K, capacity 597K, committed 640K, reserved 1048576K
}
2024-07-16T11:01:40.692+0800: 5.574: [CMS-concurrent-abortable-preclean: 0.001/0.089 secs] [Times: user=0.16 sys=0.00, real=0.09 secs] 
2024-07-16T11:01:40.693+0800: 5.574: [GC (CMS Final Remark) [YG occupancy: 1141 K (6144 K)]2024-07-16T11:01:40.693+0800: 5.574: [Rescan (parallel) , 0.0006107 secs]2024-07-16T11:01:40.693+0800: 5.575: [weak refs processing, 0.0000391 secs]2024-07-16T11:01:40.694+0800: 5.575: [class unloading, 0.0009206 secs]2024-07-16T11:01:40.694+0800: 5.576: [scrub symbol table, 0.0007973 secs]2024-07-16T11:01:40.695+0800: 5.576: [scrub string table, 0.0002626 secs][1 CMS-remark: 13501K(13696K)] 14643K(19840K), 0.0028183 secs] [Times: user=0.00 sys=0.00, real=0.00 secs] 
2024-07-16T11:01:40.696+0800: 5.577: [CMS-concurrent-sweep-start]
2024-07-16T11:01:40.696+0800: 5.577: [CMS-concurrent-sweep: 0.001/0.001 secs] [Times: user=0.00 sys=0.00, real=0.00 secs] 
2024-07-16T11:01:40.696+0800: 5.578: [CMS-concurrent-reset-start]
2024-07-16T11:01:40.696+0800: 5.578: [CMS-concurrent-reset: 0.000/0.000 secs] [Times: user=0.00 sys=0.00, real=0.00 secs] 
{Heap before GC invocations=670 (full 84):
 par new generation   total 6144K, used 5237K [0x00000000fec00000, 0x00000000ff2a0000, 0x00000000ff2a0000)
  eden space 5504K,  95% used [0x00000000fec00000, 0x00000000ff11b780, 0x00000000ff160000)
  from space 640K,   1% used [0x00000000ff160000, 0x00000000ff162040, 0x00000000ff200000)
  to   space 640K,   0% used [0x00000000ff200000, 0x00000000ff200000, 0x00000000ff2a0000)
 concurrent mark-sweep generation total 13696K, used 10429K [0x00000000ff2a0000, 0x0000000100000000, 0x0000000100000000)
 Metaspace       used 5076K, capacity 5258K, committed 5504K, reserved 1056768K
  class space    used 557K, capacity 597K, committed 640K, reserved 1048576K
2024-07-16T11:01:40.703+0800: 5.584: [GC (Allocation Failure) 2024-07-16T11:01:40.703+0800: 5.584: [ParNew: 5237K->2K(6144K), 0.0010438 secs] 15667K->10431K(19840K), 0.0011495 secs] [Times: user=0.00 sys=0.00, real=0.00 secs] 
Heap after GC invocations=671 (full 84):
 par new generation   total 6144K, used 2K [0x00000000fec00000, 0x00000000ff2a0000, 0x00000000ff2a0000)
  eden space 5504K,   0% used [0x00000000fec00000, 0x00000000fec00000, 0x00000000ff160000)
  from space 640K,   0% used [0x00000000ff200000, 0x00000000ff200810, 0x00000000ff2a0000)
  to   space 640K,   0% used [0x00000000ff160000, 0x00000000ff160000, 0x00000000ff200000)
 concurrent mark-sweep generation total 13696K, used 10429K [0x00000000ff2a0000, 0x0000000100000000, 0x0000000100000000)
 Metaspace       used 5076K, capacity 5258K, committed 5504K, reserved 1056768K
  class space    used 557K, capacity 597K, committed 640K, reserved 1048576K
}
2024-07-16T11:01:40.705+0800: 5.585: [GC (CMS Initial Mark) [1 CMS-initial-mark: 10429K(13696K)] 11455K(19840K), 0.0003917 secs] [Times: user=0.00 sys=0.00, real=0.00 secs] 
2024-07-16T11:01:40.705+0800: 5.586: [CMS-concurrent-mark-start]
2024-07-16T11:01:40.710+0800: 5.590: [CMS-concurrent-mark: 0.005/0.005 secs] [Times: user=0.00 sys=0.00, real=0.01 secs] 
2024-07-16T11:01:40.710+0800: 5.590: [CMS-concurrent-preclean-start]
2024-07-16T11:01:40.710+0800: 5.590: [CMS-concurrent-preclean: 0.000/0.000 secs] [Times: user=0.00 sys=0.00, real=0.00 secs] 
2024-07-16T11:01:40.710+0800: 5.590: [CMS-concurrent-abortable-preclean-start]
{Heap before GC invocations=671 (full 85):
 par new generation   total 6144K, used 5231K [0x00000000fec00000, 0x00000000ff2a0000, 0x00000000ff2a0000)
  eden space 5504K,  95% used [0x00000000fec00000, 0x00000000ff11b780, 0x00000000ff160000)
  from space 640K,   0% used [0x00000000ff200000, 0x00000000ff200810, 0x00000000ff2a0000)
  to   space 640K,   0% used [0x00000000ff160000, 0x00000000ff160000, 0x00000000ff200000)
 concurrent mark-sweep generation total 13696K, used 10429K [0x00000000ff2a0000, 0x0000000100000000, 0x0000000100000000)
 Metaspace       used 5076K, capacity 5258K, committed 5504K, reserved 1056768K
  class space    used 557K, capacity 597K, committed 640K, reserved 1048576K
2024-07-16T11:01:40.712+0800: 5.592: [GC (Allocation Failure) 2024-07-16T11:01:40.712+0800: 5.592: [ParNew: 5231K->6K(6144K), 0.0011379 secs] 15661K->11459K(19840K), 0.0012276 secs] [Times: user=0.00 sys=0.00, real=0.00 secs] 
Heap after GC invocations=672 (full 85):
 par new generation   total 6144K, used 6K [0x00000000fec00000, 0x00000000ff2a0000, 0x00000000ff2a0000)
  eden space 5504K,   0% used [0x00000000fec00000, 0x00000000fec00000, 0x00000000ff160000)
  from space 640K,   0% used [0x00000000ff160000, 0x00000000ff161830, 0x00000000ff200000)
  to   space 640K,   0% used [0x00000000ff200000, 0x00000000ff200000, 0x00000000ff2a0000)
 concurrent mark-sweep generation total 13696K, used 11453K [0x00000000ff2a0000, 0x0000000100000000, 0x0000000100000000)
 Metaspace       used 5076K, capacity 5258K, committed 5504K, reserved 1056768K
  class space    used 557K, capacity 597K, committed 640K, reserved 1048576K
}
{Heap before GC invocations=672 (full 85):
 par new generation   total 6144K, used 5235K [0x00000000fec00000, 0x00000000ff2a0000, 0x00000000ff2a0000)
  eden space 5504K,  95% used [0x00000000fec00000, 0x00000000ff11b780, 0x00000000ff160000)
  from space 640K,   0% used [0x00000000ff160000, 0x00000000ff161830, 0x00000000ff200000)
  to   space 640K,   0% used [0x00000000ff200000, 0x00000000ff200000, 0x00000000ff2a0000)
 concurrent mark-sweep generation total 13696K, used 11453K [0x00000000ff2a0000, 0x0000000100000000, 0x0000000100000000)
 Metaspace       used 5076K, capacity 5258K, committed 5504K, reserved 1056768K
  class space    used 557K, capacity 597K, committed 640K, reserved 1048576K
2024-07-16T11:01:40.721+0800: 5.601: [GC (Allocation Failure) 2024-07-16T11:01:40.721+0800: 5.601: [ParNew: 5235K->8K(6144K), 0.0006356 secs] 16689K->12485K(19840K), 0.0007033 secs] [Times: user=0.00 sys=0.00, real=0.00 secs] 
Heap after GC invocations=673 (full 85):
 par new generation   total 6144K, used 8K [0x00000000fec00000, 0x00000000ff2a0000, 0x00000000ff2a0000)
  eden space 5504K,   0% used [0x00000000fec00000, 0x00000000fec00000, 0x00000000ff160000)
  from space 640K,   1% used [0x00000000ff200000, 0x00000000ff202040, 0x00000000ff2a0000)
  to   space 640K,   0% used [0x00000000ff160000, 0x00000000ff160000, 0x00000000ff200000)
 concurrent mark-sweep generation total 13696K, used 12477K [0x00000000ff2a0000, 0x0000000100000000, 0x0000000100000000)
 Metaspace       used 5076K, capacity 5258K, committed 5504K, reserved 1056768K
  class space    used 557K, capacity 597K, committed 640K, reserved 1048576K
}
{Heap before GC invocations=673 (full 85):
 par new generation   total 6144K, used 5237K [0x00000000fec00000, 0x00000000ff2a0000, 0x00000000ff2a0000)
  eden space 5504K,  95% used [0x00000000fec00000, 0x00000000ff11b780, 0x00000000ff160000)
  from space 640K,   1% used [0x00000000ff200000, 0x00000000ff202040, 0x00000000ff2a0000)
  to   space 640K,   0% used [0x00000000ff160000, 0x00000000ff160000, 0x00000000ff200000)
 concurrent mark-sweep generation total 13696K, used 12477K [0x00000000ff2a0000, 0x0000000100000000, 0x0000000100000000)
 Metaspace       used 5076K, capacity 5258K, committed 5504K, reserved 1056768K
  class space    used 557K, capacity 597K, committed 640K, reserved 1048576K
2024-07-16T11:01:40.728+0800: 5.608: [GC (Allocation Failure) 2024-07-16T11:01:40.728+0800: 5.608: [ParNew: 5237K->5237K(6144K), 0.0000135 secs]2024-07-16T11:01:40.728+0800: 5.608: [CMS2024-07-16T11:01:40.728+0800: 5.608: [CMS-concurrent-abortable-preclean: 0.000/0.018 secs] [Times: user=0.00 sys=0.00, real=0.02 secs] 
 (concurrent mode failure): 12477K->2220K(13696K), 0.0036113 secs] 17715K->2220K(19840K), [Metaspace: 5076K->5076K(1056768K)], 0.0036702 secs] [Times: user=0.00 sys=0.00, real=0.00 secs] 
Heap after GC invocations=674 (full 86):
 par new generation   total 6144K, used 0K [0x00000000fec00000, 0x00000000ff2a0000, 0x00000000ff2a0000)
  eden space 5504K,   0% used [0x00000000fec00000, 0x00000000fec00000, 0x00000000ff160000)
  from space 640K,   0% used [0x00000000ff200000, 0x00000000ff200000, 0x00000000ff2a0000)
  to   space 640K,   0% used [0x00000000ff160000, 0x00000000ff160000, 0x00000000ff200000)
 concurrent mark-sweep generation total 13696K, used 2220K [0x00000000ff2a0000, 0x0000000100000000, 0x0000000100000000)
 Metaspace       used 5076K, capacity 5258K, committed 5504K, reserved 1056768K
  class space    used 557K, capacity 597K, committed 640K, reserved 1048576K
}
{Heap before GC invocations=674 (full 86):
 par new generation   total 6144K, used 5229K [0x00000000fec00000, 0x00000000ff2a0000, 0x00000000ff2a0000)
  eden space 5504K,  95% used [0x00000000fec00000, 0x00000000ff11b780, 0x00000000ff160000)
  from space 640K,   0% used [0x00000000ff200000, 0x00000000ff200000, 0x00000000ff2a0000)
  to   space 640K,   0% used [0x00000000ff160000, 0x00000000ff160000, 0x00000000ff200000)
 concurrent mark-sweep generation total 13696K, used 2220K [0x00000000ff2a0000, 0x0000000100000000, 0x0000000100000000)
 Metaspace       used 5076K, capacity 5258K, committed 5504K, reserved 1056768K
  class space    used 557K, capacity 597K, committed 640K, reserved 1048576K
2024-07-16T11:01:40.738+0800: 5.618: [GC (Allocation Failure) 2024-07-16T11:01:40.738+0800: 5.618: [ParNew: 5229K->6K(6144K), 0.0011269 secs] 7450K->3252K(19840K), 0.0012150 secs] [Times: user=0.00 sys=0.00, real=0.00 secs] 
Heap after GC invocations=675 (full 86):
 par new generation   total 6144K, used 6K [0x00000000fec00000, 0x00000000ff2a0000, 0x00000000ff2a0000)
  eden space 5504K,   0% used [0x00000000fec00000, 0x00000000fec00000, 0x00000000ff160000)
  from space 640K,   0% used [0x00000000ff160000, 0x00000000ff161830, 0x00000000ff200000)
  to   space 640K,   0% used [0x00000000ff200000, 0x00000000ff200000, 0x00000000ff2a0000)
 concurrent mark-sweep generation total 13696K, used 3246K [0x00000000ff2a0000, 0x0000000100000000, 0x0000000100000000)
 Metaspace       used 5076K, capacity 5258K, committed 5504K, reserved 1056768K
  class space    used 557K, capacity 597K, committed 640K, reserved 1048576K
}
{Heap before GC invocations=675 (full 86):
 par new generation   total 6144K, used 5235K [0x00000000fec00000, 0x00000000ff2a0000, 0x00000000ff2a0000)
  eden space 5504K,  95% used [0x00000000fec00000, 0x00000000ff11b780, 0x00000000ff160000)
  from space 640K,   0% used [0x00000000ff160000, 0x00000000ff161830, 0x00000000ff200000)
  to   space 640K,   0% used [0x00000000ff200000, 0x00000000ff200000, 0x00000000ff2a0000)
 concurrent mark-sweep generation total 13696K, used 3246K [0x00000000ff2a0000, 0x0000000100000000, 0x0000000100000000)
 Metaspace       used 5076K, capacity 5258K, committed 5504K, reserved 1056768K
  class space    used 557K, capacity 597K, committed 640K, reserved 1048576K
2024-07-16T11:01:40.745+0800: 5.625: [GC (Allocation Failure) 2024-07-16T11:01:40.745+0800: 5.625: [ParNew: 5235K->10K(6144K), 0.0011171 secs] 8482K->4283K(19840K), 0.0011996 secs] [Times: user=0.00 sys=0.00, real=0.00 secs] 
Heap after GC invocations=676 (full 86):
 par new generation   total 6144K, used 10K [0x00000000fec00000, 0x00000000ff2a0000, 0x00000000ff2a0000)
  eden space 5504K,   0% used [0x00000000fec00000, 0x00000000fec00000, 0x00000000ff160000)
  from space 640K,   1% used [0x00000000ff200000, 0x00000000ff202850, 0x00000000ff2a0000)
  to   space 640K,   0% used [0x00000000ff160000, 0x00000000ff160000, 0x00000000ff200000)
 concurrent mark-sweep generation total 13696K, used 4272K [0x00000000ff2a0000, 0x0000000100000000, 0x0000000100000000)
 Metaspace       used 5076K, capacity 5258K, committed 5504K, reserved 1056768K
  class space    used 557K, capacity 597K, committed 640K, reserved 1048576K
}
2024-07-16T11:01:40.746+0800: 5.627: [GC (CMS Initial Mark) [1 CMS-initial-mark: 4272K(13696K)] 5309K(19840K), 0.0005478 secs] [Times: user=0.00 sys=0.00, real=0.00 secs] 
2024-07-16T11:01:40.747+0800: 5.628: [CMS-concurrent-mark-start]
2024-07-16T11:01:40.752+0800: 5.633: [CMS-concurrent-mark: 0.006/0.006 secs] [Times: user=0.05 sys=0.00, real=0.01 secs] 
2024-07-16T11:01:40.752+0800: 5.633: [CMS-concurrent-preclean-start]
2024-07-16T11:01:40.753+0800: 5.633: [CMS-concurrent-preclean: 0.000/0.000 secs] [Times: user=0.00 sys=0.00, real=0.00 secs] 
2024-07-16T11:01:40.753+0800: 5.633: [CMS-concurrent-abortable-preclean-start]
{Heap before GC invocations=676 (full 87):
 par new generation   total 6144K, used 5239K [0x00000000fec00000, 0x00000000ff2a0000, 0x00000000ff2a0000)
  eden space 5504K,  95% used [0x00000000fec00000, 0x00000000ff11b780, 0x00000000ff160000)
  from space 640K,   1% used [0x00000000ff200000, 0x00000000ff202850, 0x00000000ff2a0000)
  to   space 640K,   0% used [0x00000000ff160000, 0x00000000ff160000, 0x00000000ff200000)
 concurrent mark-sweep generation total 13696K, used 4272K [0x00000000ff2a0000, 0x0000000100000000, 0x0000000100000000)
 Metaspace       used 5076K, capacity 5258K, committed 5504K, reserved 1056768K
  class space    used 557K, capacity 597K, committed 640K, reserved 1048576K
2024-07-16T11:01:40.755+0800: 5.635: [GC (Allocation Failure) 2024-07-16T11:01:40.755+0800: 5.635: [ParNew: 5239K->4K(6144K), 0.0009732 secs] 9512K->4276K(19840K), 0.0010502 secs] [Times: user=0.00 sys=0.00, real=0.00 secs] 
Heap after GC invocations=677 (full 87):
 par new generation   total 6144K, used 4K [0x00000000fec00000, 0x00000000ff2a0000, 0x00000000ff2a0000)
  eden space 5504K,   0% used [0x00000000fec00000, 0x00000000fec00000, 0x00000000ff160000)
  from space 640K,   0% used [0x00000000ff160000, 0x00000000ff161020, 0x00000000ff200000)
  to   space 640K,   0% used [0x00000000ff200000, 0x00000000ff200000, 0x00000000ff2a0000)
 concurrent mark-sweep generation total 13696K, used 4272K [0x00000000ff2a0000, 0x0000000100000000, 0x0000000100000000)
 Metaspace       used 5076K, capacity 5258K, committed 5504K, reserved 1056768K
  class space    used 557K, capacity 597K, committed 640K, reserved 1048576K
}
{Heap before GC invocations=677 (full 87):
 par new generation   total 6144K, used 5233K [0x00000000fec00000, 0x00000000ff2a0000, 0x00000000ff2a0000)
  eden space 5504K,  95% used [0x00000000fec00000, 0x00000000ff11b780, 0x00000000ff160000)
  from space 640K,   0% used [0x00000000ff160000, 0x00000000ff161020, 0x00000000ff200000)
  to   space 640K,   0% used [0x00000000ff200000, 0x00000000ff200000, 0x00000000ff2a0000)
 concurrent mark-sweep generation total 13696K, used 4272K [0x00000000ff2a0000, 0x0000000100000000, 0x0000000100000000)
 Metaspace       used 5076K, capacity 5258K, committed 5504K, reserved 1056768K
  class space    used 557K, capacity 597K, committed 640K, reserved 1048576K
2024-07-16T11:01:40.764+0800: 5.644: [GC (Allocation Failure) 2024-07-16T11:01:40.764+0800: 5.644: [ParNew: 5233K->6K(6144K), 0.0008720 secs] 9506K->5305K(19840K), 0.0009310 secs] [Times: user=0.00 sys=0.00, real=0.00 secs] 
Heap after GC invocations=678 (full 87):
 par new generation   total 6144K, used 6K [0x00000000fec00000, 0x00000000ff2a0000, 0x00000000ff2a0000)
  eden space 5504K,   0% used [0x00000000fec00000, 0x00000000fec00000, 0x00000000ff160000)
  from space 640K,   0% used [0x00000000ff200000, 0x00000000ff201830, 0x00000000ff2a0000)
  to   space 640K,   0% used [0x00000000ff160000, 0x00000000ff160000, 0x00000000ff200000)
 concurrent mark-sweep generation total 13696K, used 5299K [0x00000000ff2a0000, 0x0000000100000000, 0x0000000100000000)
 Metaspace       used 5076K, capacity 5258K, committed 5504K, reserved 1056768K
  class space    used 557K, capacity 597K, committed 640K, reserved 1048576K
}
{Heap before GC invocations=678 (full 87):
 par new generation   total 6144K, used 5235K [0x00000000fec00000, 0x00000000ff2a0000, 0x00000000ff2a0000)
  eden space 5504K,  95% used [0x00000000fec00000, 0x00000000ff11b780, 0x00000000ff160000)
  from space 640K,   0% used [0x00000000ff200000, 0x00000000ff201830, 0x00000000ff2a0000)
  to   space 640K,   0% used [0x00000000ff160000, 0x00000000ff160000, 0x00000000ff200000)
 concurrent mark-sweep generation total 13696K, used 5299K [0x00000000ff2a0000, 0x0000000100000000, 0x0000000100000000)
 Metaspace       used 5076K, capacity 5258K, committed 5504K, reserved 1056768K
  class space    used 557K, capacity 597K, committed 640K, reserved 1048576K
2024-07-16T11:01:40.773+0800: 5.653: [GC (Allocation Failure) 2024-07-16T11:01:40.773+0800: 5.653: [ParNew: 5235K->4K(6144K), 0.0008117 secs] 10534K->5303K(19840K), 0.0009265 secs] [Times: user=0.00 sys=0.00, real=0.00 secs] 
Heap after GC invocations=679 (full 87):
 par new generation   total 6144K, used 4K [0x00000000fec00000, 0x00000000ff2a0000, 0x00000000ff2a0000)
  eden space 5504K,   0% used [0x00000000fec00000, 0x00000000fec00000, 0x00000000ff160000)
  from space 640K,   0% used [0x00000000ff160000, 0x00000000ff161020, 0x00000000ff200000)
  to   space 640K,   0% used [0x00000000ff200000, 0x00000000ff200000, 0x00000000ff2a0000)
 concurrent mark-sweep generation total 13696K, used 5299K [0x00000000ff2a0000, 0x0000000100000000, 0x0000000100000000)
 Metaspace       used 5076K, capacity 5258K, committed 5504K, reserved 1056768K
  class space    used 557K, capacity 597K, committed 640K, reserved 1048576K
}
{Heap before GC invocations=679 (full 87):
 par new generation   total 6144K, used 5233K [0x00000000fec00000, 0x00000000ff2a0000, 0x00000000ff2a0000)
  eden space 5504K,  95% used [0x00000000fec00000, 0x00000000ff11b780, 0x00000000ff160000)
  from space 640K,   0% used [0x00000000ff160000, 0x00000000ff161020, 0x00000000ff200000)
  to   space 640K,   0% used [0x00000000ff200000, 0x00000000ff200000, 0x00000000ff2a0000)
 concurrent mark-sweep generation total 13696K, used 5299K [0x00000000ff2a0000, 0x0000000100000000, 0x0000000100000000)
 Metaspace       used 5076K, capacity 5258K, committed 5504K, reserved 1056768K
  class space    used 557K, capacity 597K, committed 640K, reserved 1048576K
2024-07-16T11:01:40.782+0800: 5.662: [GC (Allocation Failure) 2024-07-16T11:01:40.782+0800: 5.662: [ParNew: 5233K->8K(6144K), 0.0003648 secs] 10532K->6333K(19840K), 0.0004167 secs] [Times: user=0.00 sys=0.00, real=0.00 secs] 
Heap after GC invocations=680 (full 87):
 par new generation   total 6144K, used 8K [0x00000000fec00000, 0x00000000ff2a0000, 0x00000000ff2a0000)
  eden space 5504K,   0% used [0x00000000fec00000, 0x00000000fec00000, 0x00000000ff160000)
  from space 640K,   1% used [0x00000000ff200000, 0x00000000ff202040, 0x00000000ff2a0000)
  to   space 640K,   0% used [0x00000000ff160000, 0x00000000ff160000, 0x00000000ff200000)
 concurrent mark-sweep generation total 13696K, used 6325K [0x00000000ff2a0000, 0x0000000100000000, 0x0000000100000000)
 Metaspace       used 5076K, capacity 5258K, committed 5504K, reserved 1056768K
  class space    used 557K, capacity 597K, committed 640K, reserved 1048576K
}
{Heap before GC invocations=680 (full 87):
 par new generation   total 6144K, used 5237K [0x00000000fec00000, 0x00000000ff2a0000, 0x00000000ff2a0000)
  eden space 5504K,  95% used [0x00000000fec00000, 0x00000000ff11b780, 0x00000000ff160000)
  from space 640K,   1% used [0x00000000ff200000, 0x00000000ff202040, 0x00000000ff2a0000)
  to   space 640K,   0% used [0x00000000ff160000, 0x00000000ff160000, 0x00000000ff200000)
 concurrent mark-sweep generation total 13696K, used 6325K [0x00000000ff2a0000, 0x0000000100000000, 0x0000000100000000)
 Metaspace       used 5076K, capacity 5258K, committed 5504K, reserved 1056768K
  class space    used 557K, capacity 597K, committed 640K, reserved 1048576K
2024-07-16T11:01:40.789+0800: 5.669: [GC (Allocation Failure) 2024-07-16T11:01:40.789+0800: 5.669: [ParNew: 5237K->4K(6144K), 0.0002743 secs] 11563K->6329K(19840K), 0.0003090 secs] [Times: user=0.00 sys=0.00, real=0.00 secs] 
Heap after GC invocations=681 (full 87):
 par new generation   total 6144K, used 4K [0x00000000fec00000, 0x00000000ff2a0000, 0x00000000ff2a0000)
  eden space 5504K,   0% used [0x00000000fec00000, 0x00000000fec00000, 0x00000000ff160000)
  from space 640K,   0% used [0x00000000ff160000, 0x00000000ff161020, 0x00000000ff200000)
  to   space 640K,   0% used [0x00000000ff200000, 0x00000000ff200000, 0x00000000ff2a0000)
 concurrent mark-sweep generation total 13696K, used 6325K [0x00000000ff2a0000, 0x0000000100000000, 0x0000000100000000)
 Metaspace       used 5076K, capacity 5258K, committed 5504K, reserved 1056768K
  class space    used 557K, capacity 597K, committed 640K, reserved 1048576K
}
{Heap before GC invocations=681 (full 87):
 par new generation   total 6144K, used 5233K [0x00000000fec00000, 0x00000000ff2a0000, 0x00000000ff2a0000)
  eden space 5504K,  95% used [0x00000000fec00000, 0x00000000ff11b780, 0x00000000ff160000)
  from space 640K,   0% used [0x00000000ff160000, 0x00000000ff161020, 0x00000000ff200000)
  to   space 640K,   0% used [0x00000000ff200000, 0x00000000ff200000, 0x00000000ff2a0000)
 concurrent mark-sweep generation total 13696K, used 6325K [0x00000000ff2a0000, 0x0000000100000000, 0x0000000100000000)
 Metaspace       used 5076K, capacity 5258K, committed 5504K, reserved 1056768K
  class space    used 557K, capacity 597K, committed 640K, reserved 1048576K
2024-07-16T11:01:40.796+0800: 5.676: [GC (Allocation Failure) 2024-07-16T11:01:40.796+0800: 5.676: [ParNew: 5233K->4K(6144K), 0.0002313 secs] 11558K->6329K(19840K), 0.0002562 secs] [Times: user=0.00 sys=0.00, real=0.00 secs] 
Heap after GC invocations=682 (full 87):
 par new generation   total 6144K, used 4K [0x00000000fec00000, 0x00000000ff2a0000, 0x00000000ff2a0000)
  eden space 5504K,   0% used [0x00000000fec00000, 0x00000000fec00000, 0x00000000ff160000)
  from space 640K,   0% used [0x00000000ff200000, 0x00000000ff201020, 0x00000000ff2a0000)
  to   space 640K,   0% used [0x00000000ff160000, 0x00000000ff160000, 0x00000000ff200000)
 concurrent mark-sweep generation total 13696K, used 6325K [0x00000000ff2a0000, 0x0000000100000000, 0x0000000100000000)
 Metaspace       used 5076K, capacity 5258K, committed 5504K, reserved 1056768K
  class space    used 557K, capacity 597K, committed 640K, reserved 1048576K
}
{Heap before GC invocations=682 (full 87):
 par new generation   total 6144K, used 5233K [0x00000000fec00000, 0x00000000ff2a0000, 0x00000000ff2a0000)
  eden space 5504K,  95% used [0x00000000fec00000, 0x00000000ff11b780, 0x00000000ff160000)
  from space 640K,   0% used [0x00000000ff200000, 0x00000000ff201020, 0x00000000ff2a0000)
  to   space 640K,   0% used [0x00000000ff160000, 0x00000000ff160000, 0x00000000ff200000)
 concurrent mark-sweep generation total 13696K, used 6325K [0x00000000ff2a0000, 0x0000000100000000, 0x0000000100000000)
 Metaspace       used 5076K, capacity 5258K, committed 5504K, reserved 1056768K
  class space    used 557K, capacity 597K, committed 640K, reserved 1048576K
2024-07-16T11:01:40.803+0800: 5.683: [GC (Allocation Failure) 2024-07-16T11:01:40.803+0800: 5.683: [ParNew: 5233K->6K(6144K), 0.0005009 secs] 11558K->7355K(19840K), 0.0005460 secs] [Times: user=0.00 sys=0.00, real=0.00 secs] 
Heap after GC invocations=683 (full 87):
 par new generation   total 6144K, used 6K [0x00000000fec00000, 0x00000000ff2a0000, 0x00000000ff2a0000)
  eden space 5504K,   0% used [0x00000000fec00000, 0x00000000fec00000, 0x00000000ff160000)
  from space 640K,   0% used [0x00000000ff160000, 0x00000000ff161830, 0x00000000ff200000)
  to   space 640K,   0% used [0x00000000ff200000, 0x00000000ff200000, 0x00000000ff2a0000)
 concurrent mark-sweep generation total 13696K, used 7349K [0x00000000ff2a0000, 0x0000000100000000, 0x0000000100000000)
 Metaspace       used 5076K, capacity 5258K, committed 5504K, reserved 1056768K
  class space    used 557K, capacity 597K, committed 640K, reserved 1048576K
}
{Heap before GC invocations=683 (full 87):
 par new generation   total 6144K, used 5235K [0x00000000fec00000, 0x00000000ff2a0000, 0x00000000ff2a0000)
  eden space 5504K,  95% used [0x00000000fec00000, 0x00000000ff11b780, 0x00000000ff160000)
  from space 640K,   0% used [0x00000000ff160000, 0x00000000ff161830, 0x00000000ff200000)
  to   space 640K,   0% used [0x00000000ff200000, 0x00000000ff200000, 0x00000000ff2a0000)
 concurrent mark-sweep generation total 13696K, used 7349K [0x00000000ff2a0000, 0x0000000100000000, 0x0000000100000000)
 Metaspace       used 5076K, capacity 5258K, committed 5504K, reserved 1056768K
  class space    used 557K, capacity 597K, committed 640K, reserved 1048576K
2024-07-16T11:01:40.809+0800: 5.689: [GC (Allocation Failure) 2024-07-16T11:01:40.809+0800: 5.689: [ParNew: 5235K->10K(6144K), 0.0007959 secs] 12585K->8383K(19840K), 0.0008824 secs] [Times: user=0.00 sys=0.00, real=0.00 secs] 
Heap after GC invocations=684 (full 87):
 par new generation   total 6144K, used 10K [0x00000000fec00000, 0x00000000ff2a0000, 0x00000000ff2a0000)
  eden space 5504K,   0% used [0x00000000fec00000, 0x00000000fec00000, 0x00000000ff160000)
  from space 640K,   1% used [0x00000000ff200000, 0x00000000ff202850, 0x00000000ff2a0000)
  to   space 640K,   0% used [0x00000000ff160000, 0x00000000ff160000, 0x00000000ff200000)
 concurrent mark-sweep generation total 13696K, used 8373K [0x00000000ff2a0000, 0x0000000100000000, 0x0000000100000000)
 Metaspace       used 5076K, capacity 5258K, committed 5504K, reserved 1056768K
  class space    used 557K, capacity 597K, committed 640K, reserved 1048576K
}
{Heap before GC invocations=684 (full 87):
 par new generation   total 6144K, used 5239K [0x00000000fec00000, 0x00000000ff2a0000, 0x00000000ff2a0000)
  eden space 5504K,  95% used [0x00000000fec00000, 0x00000000ff11b780, 0x00000000ff160000)
  from space 640K,   1% used [0x00000000ff200000, 0x00000000ff202850, 0x00000000ff2a0000)
  to   space 640K,   0% used [0x00000000ff160000, 0x00000000ff160000, 0x00000000ff200000)
 concurrent mark-sweep generation total 13696K, used 8373K [0x00000000ff2a0000, 0x0000000100000000, 0x0000000100000000)
 Metaspace       used 5076K, capacity 5258K, committed 5504K, reserved 1056768K
  class space    used 557K, capacity 597K, committed 640K, reserved 1048576K
2024-07-16T11:01:40.817+0800: 5.697: [GC (Allocation Failure) 2024-07-16T11:01:40.817+0800: 5.697: [ParNew: 5239K->6K(6144K), 0.0005259 secs] 13613K->9405K(19840K), 0.0006063 secs] [Times: user=0.00 sys=0.00, real=0.00 secs] 
Heap after GC invocations=685 (full 87):
 par new generation   total 6144K, used 6K [0x00000000fec00000, 0x00000000ff2a0000, 0x00000000ff2a0000)
  eden space 5504K,   0% used [0x00000000fec00000, 0x00000000fec00000, 0x00000000ff160000)
  from space 640K,   0% used [0x00000000ff160000, 0x00000000ff161830, 0x00000000ff200000)
  to   space 640K,   0% used [0x00000000ff200000, 0x00000000ff200000, 0x00000000ff2a0000)
 concurrent mark-sweep generation total 13696K, used 9399K [0x00000000ff2a0000, 0x0000000100000000, 0x0000000100000000)
 Metaspace       used 5076K, capacity 5258K, committed 5504K, reserved 1056768K
  class space    used 557K, capacity 597K, committed 640K, reserved 1048576K
}
{Heap before GC invocations=685 (full 87):
 par new generation   total 6144K, used 5235K [0x00000000fec00000, 0x00000000ff2a0000, 0x00000000ff2a0000)
  eden space 5504K,  95% used [0x00000000fec00000, 0x00000000ff11b780, 0x00000000ff160000)
  from space 640K,   0% used [0x00000000ff160000, 0x00000000ff161830, 0x00000000ff200000)
  to   space 640K,   0% used [0x00000000ff200000, 0x00000000ff200000, 0x00000000ff2a0000)
 concurrent mark-sweep generation total 13696K, used 9399K [0x00000000ff2a0000, 0x0000000100000000, 0x0000000100000000)
 Metaspace       used 5076K, capacity 5258K, committed 5504K, reserved 1056768K
  class space    used 557K, capacity 597K, committed 640K, reserved 1048576K
2024-07-16T11:01:40.825+0800: 5.705: [GC (Allocation Failure) 2024-07-16T11:01:40.825+0800: 5.705: [ParNew: 5235K->4K(6144K), 0.0007904 secs] 14635K->9403K(19840K), 0.0008807 secs] [Times: user=0.00 sys=0.00, real=0.00 secs] 
Heap after GC invocations=686 (full 87):
 par new generation   total 6144K, used 4K [0x00000000fec00000, 0x00000000ff2a0000, 0x00000000ff2a0000)
  eden space 5504K,   0% used [0x00000000fec00000, 0x00000000fec00000, 0x00000000ff160000)
  from space 640K,   0% used [0x00000000ff200000, 0x00000000ff201020, 0x00000000ff2a0000)
  to   space 640K,   0% used [0x00000000ff160000, 0x00000000ff160000, 0x00000000ff200000)
 concurrent mark-sweep generation total 13696K, used 9399K [0x00000000ff2a0000, 0x0000000100000000, 0x0000000100000000)
 Metaspace       used 5076K, capacity 5258K, committed 5504K, reserved 1056768K
  class space    used 557K, capacity 597K, committed 640K, reserved 1048576K
}
{Heap before GC invocations=686 (full 87):
 par new generation   total 6144K, used 5233K [0x00000000fec00000, 0x00000000ff2a0000, 0x00000000ff2a0000)
  eden space 5504K,  95% used [0x00000000fec00000, 0x00000000ff11b780, 0x00000000ff160000)
  from space 640K,   0% used [0x00000000ff200000, 0x00000000ff201020, 0x00000000ff2a0000)
  to   space 640K,   0% used [0x00000000ff160000, 0x00000000ff160000, 0x00000000ff200000)
 concurrent mark-sweep generation total 13696K, used 9399K [0x00000000ff2a0000, 0x0000000100000000, 0x0000000100000000)
 Metaspace       used 5076K, capacity 5258K, committed 5504K, reserved 1056768K
  class space    used 557K, capacity 597K, committed 640K, reserved 1048576K
2024-07-16T11:01:40.834+0800: 5.714: [GC (Allocation Failure) 2024-07-16T11:01:40.834+0800: 5.714: [ParNew: 5233K->6K(6144K), 0.0007274 secs] 14633K->10431K(19840K), 0.0008598 secs] [Times: user=0.00 sys=0.00, real=0.00 secs] 
Heap after GC invocations=687 (full 87):
 par new generation   total 6144K, used 6K [0x00000000fec00000, 0x00000000ff2a0000, 0x00000000ff2a0000)
  eden space 5504K,   0% used [0x00000000fec00000, 0x00000000fec00000, 0x00000000ff160000)
  from space 640K,   0% used [0x00000000ff160000, 0x00000000ff161830, 0x00000000ff200000)
  to   space 640K,   0% used [0x00000000ff200000, 0x00000000ff200000, 0x00000000ff2a0000)
 concurrent mark-sweep generation total 13696K, used 10425K [0x00000000ff2a0000, 0x0000000100000000, 0x0000000100000000)
 Metaspace       used 5076K, capacity 5258K, committed 5504K, reserved 1056768K
  class space    used 557K, capacity 597K, committed 640K, reserved 1048576K
}
{Heap before GC invocations=687 (full 87):
 par new generation   total 6144K, used 5235K [0x00000000fec00000, 0x00000000ff2a0000, 0x00000000ff2a0000)
  eden space 5504K,  95% used [0x00000000fec00000, 0x00000000ff11b780, 0x00000000ff160000)
  from space 640K,   0% used [0x00000000ff160000, 0x00000000ff161830, 0x00000000ff200000)
  to   space 640K,   0% used [0x00000000ff200000, 0x00000000ff200000, 0x00000000ff2a0000)
 concurrent mark-sweep generation total 13696K, used 10425K [0x00000000ff2a0000, 0x0000000100000000, 0x0000000100000000)
 Metaspace       used 5076K, capacity 5258K, committed 5504K, reserved 1056768K
  class space    used 557K, capacity 597K, committed 640K, reserved 1048576K
2024-07-16T11:01:40.842+0800: 5.722: [GC (Allocation Failure) 2024-07-16T11:01:40.842+0800: 5.722: [ParNew: 5235K->8K(6144K), 0.0003984 secs] 15661K->11457K(19840K), 0.0004284 secs] [Times: user=0.00 sys=0.00, real=0.00 secs] 
Heap after GC invocations=688 (full 87):
 par new generation   total 6144K, used 8K [0x00000000fec00000, 0x00000000ff2a0000, 0x00000000ff2a0000)
  eden space 5504K,   0% used [0x00000000fec00000, 0x00000000fec00000, 0x00000000ff160000)
  from space 640K,   1% used [0x00000000ff200000, 0x00000000ff202040, 0x00000000ff2a0000)
  to   space 640K,   0% used [0x00000000ff160000, 0x00000000ff160000, 0x00000000ff200000)
 concurrent mark-sweep generation total 13696K, used 11449K [0x00000000ff2a0000, 0x0000000100000000, 0x0000000100000000)
 Metaspace       used 5076K, capacity 5258K, committed 5504K, reserved 1056768K
  class space    used 557K, capacity 597K, committed 640K, reserved 1048576K
}
{Heap before GC invocations=688 (full 87):
 par new generation   total 6144K, used 5237K [0x00000000fec00000, 0x00000000ff2a0000, 0x00000000ff2a0000)
  eden space 5504K,  95% used [0x00000000fec00000, 0x00000000ff11b780, 0x00000000ff160000)
  from space 640K,   1% used [0x00000000ff200000, 0x00000000ff202040, 0x00000000ff2a0000)
  to   space 640K,   0% used [0x00000000ff160000, 0x00000000ff160000, 0x00000000ff200000)
 concurrent mark-sweep generation total 13696K, used 11449K [0x00000000ff2a0000, 0x0000000100000000, 0x0000000100000000)
 Metaspace       used 5076K, capacity 5258K, committed 5504K, reserved 1056768K
  class space    used 557K, capacity 597K, committed 640K, reserved 1048576K
2024-07-16T11:01:40.849+0800: 5.729: [GC (Allocation Failure) 2024-07-16T11:01:40.849+0800: 5.729: [ParNew: 5237K->4K(6144K), 0.0002422 secs] 16687K->11453K(19840K), 0.0003170 secs] [Times: user=0.00 sys=0.00, real=0.00 secs] 
Heap after GC invocations=689 (full 87):
 par new generation   total 6144K, used 4K [0x00000000fec00000, 0x00000000ff2a0000, 0x00000000ff2a0000)
  eden space 5504K,   0% used [0x00000000fec00000, 0x00000000fec00000, 0x00000000ff160000)
  from space 640K,   0% used [0x00000000ff160000, 0x00000000ff161020, 0x00000000ff200000)
  to   space 640K,   0% used [0x00000000ff200000, 0x00000000ff200000, 0x00000000ff2a0000)
 concurrent mark-sweep generation total 13696K, used 11449K [0x00000000ff2a0000, 0x0000000100000000, 0x0000000100000000)
 Metaspace       used 5076K, capacity 5258K, committed 5504K, reserved 1056768K
  class space    used 557K, capacity 597K, committed 640K, reserved 1048576K
}
{Heap before GC invocations=689 (full 87):
 par new generation   total 6144K, used 5233K [0x00000000fec00000, 0x00000000ff2a0000, 0x00000000ff2a0000)
  eden space 5504K,  95% used [0x00000000fec00000, 0x00000000ff11b780, 0x00000000ff160000)
  from space 640K,   0% used [0x00000000ff160000, 0x00000000ff161020, 0x00000000ff200000)
  to   space 640K,   0% used [0x00000000ff200000, 0x00000000ff200000, 0x00000000ff2a0000)
 concurrent mark-sweep generation total 13696K, used 11449K [0x00000000ff2a0000, 0x0000000100000000, 0x0000000100000000)
 Metaspace       used 5076K, capacity 5258K, committed 5504K, reserved 1056768K
  class space    used 557K, capacity 597K, committed 640K, reserved 1048576K
2024-07-16T11:01:40.855+0800: 5.735: [GC (Allocation Failure) 2024-07-16T11:01:40.855+0800: 5.735: [ParNew: 5233K->12K(6144K), 0.0011523 secs] 16683K->13509K(19840K), 0.0012277 secs] [Times: user=0.00 sys=0.00, real=0.00 secs] 
Heap after GC invocations=690 (full 87):
 par new generation   total 6144K, used 12K [0x00000000fec00000, 0x00000000ff2a0000, 0x00000000ff2a0000)
  eden space 5504K,   0% used [0x00000000fec00000, 0x00000000fec00000, 0x00000000ff160000)
  from space 640K,   1% used [0x00000000ff200000, 0x00000000ff203060, 0x00000000ff2a0000)
  to   space 640K,   0% used [0x00000000ff160000, 0x00000000ff160000, 0x00000000ff200000)
 concurrent mark-sweep generation total 13696K, used 13497K [0x00000000ff2a0000, 0x0000000100000000, 0x0000000100000000)
 Metaspace       used 5076K, capacity 5258K, committed 5504K, reserved 1056768K
  class space    used 557K, capacity 597K, committed 640K, reserved 1048576K
}
2024-07-16T11:01:40.856+0800: 5.737: [CMS-concurrent-abortable-preclean: 0.001/0.103 secs] [Times: user=0.00 sys=0.00, real=0.10 secs] 
2024-07-16T11:01:40.856+0800: 5.737: [GC (CMS Final Remark) [YG occupancy: 1145 K (6144 K)]2024-07-16T11:01:40.856+0800: 5.737: [Rescan (parallel) , 0.0001792 secs]2024-07-16T11:01:40.856+0800: 5.737: [weak refs processing, 0.0000113 secs]2024-07-16T11:01:40.856+0800: 5.737: [class unloading, 0.0003125 secs]2024-07-16T11:01:40.857+0800: 5.737: [scrub symbol table, 0.0003418 secs]2024-07-16T11:01:40.857+0800: 5.738: [scrub string table, 0.0000833 secs][1 CMS-remark: 13497K(13696K)] 14643K(19840K), 0.0009771 secs] [Times: user=0.00 sys=0.00, real=0.00 secs] 
2024-07-16T11:01:40.857+0800: 5.738: [CMS-concurrent-sweep-start]
2024-07-16T11:01:40.857+0800: 5.738: [CMS-concurrent-sweep: 0.000/0.000 secs] [Times: user=0.00 sys=0.00, real=0.00 secs] 
2024-07-16T11:01:40.857+0800: 5.738: [CMS-concurrent-reset-start]
2024-07-16T11:01:40.857+0800: 5.738: [CMS-concurrent-reset: 0.000/0.000 secs] [Times: user=0.00 sys=0.00, real=0.00 secs] 
{Heap before GC invocations=690 (full 87):
 par new generation   total 6144K, used 5241K [0x00000000fec00000, 0x00000000ff2a0000, 0x00000000ff2a0000)
  eden space 5504K,  95% used [0x00000000fec00000, 0x00000000ff11b780, 0x00000000ff160000)
  from space 640K,   1% used [0x00000000ff200000, 0x00000000ff203060, 0x00000000ff2a0000)
  to   space 640K,   0% used [0x00000000ff160000, 0x00000000ff160000, 0x00000000ff200000)
 concurrent mark-sweep generation total 13696K, used 10425K [0x00000000ff2a0000, 0x0000000100000000, 0x0000000100000000)
 Metaspace       used 5076K, capacity 5258K, committed 5504K, reserved 1056768K
  class space    used 557K, capacity 597K, committed 640K, reserved 1048576K
2024-07-16T11:01:40.863+0800: 5.743: [GC (Allocation Failure) 2024-07-16T11:01:40.863+0800: 5.743: [ParNew: 5241K->8K(6144K), 0.0007799 secs] 15667K->11459K(19840K), 0.0008941 secs] [Times: user=0.00 sys=0.00, real=0.00 secs] 
Heap after GC invocations=691 (full 87):
 par new generation   total 6144K, used 8K [0x00000000fec00000, 0x00000000ff2a0000, 0x00000000ff2a0000)
  eden space 5504K,   0% used [0x00000000fec00000, 0x00000000fec00000, 0x00000000ff160000)
  from space 640K,   1% used [0x00000000ff160000, 0x00000000ff162040, 0x00000000ff200000)
  to   space 640K,   0% used [0x00000000ff200000, 0x00000000ff200000, 0x00000000ff2a0000)
 concurrent mark-sweep generation total 13696K, used 11451K [0x00000000ff2a0000, 0x0000000100000000, 0x0000000100000000)
 Metaspace       used 5076K, capacity 5258K, committed 5504K, reserved 1056768K
  class space    used 557K, capacity 597K, committed 640K, reserved 1048576K
}
2024-07-16T11:01:40.864+0800: 5.745: [GC (CMS Initial Mark) [1 CMS-initial-mark: 11451K(13696K)] 12485K(19840K), 0.0005373 secs] [Times: user=0.00 sys=0.00, real=0.00 secs] 
2024-07-16T11:01:40.865+0800: 5.745: [CMS-concurrent-mark-start]
2024-07-16T11:01:40.867+0800: 5.747: [CMS-concurrent-mark: 0.002/0.002 secs] [Times: user=0.00 sys=0.00, real=0.00 secs] 
2024-07-16T11:01:40.867+0800: 5.747: [CMS-concurrent-preclean-start]
2024-07-16T11:01:40.867+0800: 5.747: [CMS-concurrent-preclean: 0.000/0.000 secs] [Times: user=0.00 sys=0.00, real=0.00 secs] 
2024-07-16T11:01:40.867+0800: 5.747: [CMS-concurrent-abortable-preclean-start]
{Heap before GC invocations=691 (full 88):
 par new generation   total 6144K, used 5237K [0x00000000fec00000, 0x00000000ff2a0000, 0x00000000ff2a0000)
  eden space 5504K,  95% used [0x00000000fec00000, 0x00000000ff11b780, 0x00000000ff160000)
  from space 640K,   1% used [0x00000000ff160000, 0x00000000ff162040, 0x00000000ff200000)
  to   space 640K,   0% used [0x00000000ff200000, 0x00000000ff200000, 0x00000000ff2a0000)
 concurrent mark-sweep generation total 13696K, used 11451K [0x00000000ff2a0000, 0x0000000100000000, 0x0000000100000000)
 Metaspace       used 5076K, capacity 5258K, committed 5504K, reserved 1056768K
  class space    used 557K, capacity 597K, committed 640K, reserved 1048576K
2024-07-16T11:01:40.872+0800: 5.752: [GC (Allocation Failure) 2024-07-16T11:01:40.872+0800: 5.752: [ParNew (promotion failed): 5237K->5235K(6144K), 0.0005296 secs]2024-07-16T11:01:40.872+0800: 5.753: [CMS2024-07-16T11:01:40.872+0800: 5.753: [CMS-concurrent-abortable-preclean: 0.000/0.006 secs] [Times: user=0.00 sys=0.00, real=0.00 secs] 
 (concurrent mode failure): 11453K->2220K(13696K), 0.0035854 secs] 16689K->2220K(19840K), [Metaspace: 5076K->5076K(1056768K)], 0.0041928 secs] [Times: user=0.00 sys=0.00, real=0.00 secs] 
Heap after GC invocations=692 (full 89):
 par new generation   total 6144K, used 0K [0x00000000fec00000, 0x00000000ff2a0000, 0x00000000ff2a0000)
  eden space 5504K,   0% used [0x00000000fec00000, 0x00000000fec00000, 0x00000000ff160000)
  from space 640K,   0% used [0x00000000ff200000, 0x00000000ff200000, 0x00000000ff2a0000)
  to   space 640K,   0% used [0x00000000ff160000, 0x00000000ff160000, 0x00000000ff200000)
 concurrent mark-sweep generation total 13696K, used 2220K [0x00000000ff2a0000, 0x0000000100000000, 0x0000000100000000)
 Metaspace       used 5076K, capacity 5258K, committed 5504K, reserved 1056768K
  class space    used 557K, capacity 597K, committed 640K, reserved 1048576K
}
{Heap before GC invocations=692 (full 89):
 par new generation   total 6144K, used 5229K [0x00000000fec00000, 0x00000000ff2a0000, 0x00000000ff2a0000)
  eden space 5504K,  95% used [0x00000000fec00000, 0x00000000ff11b780, 0x00000000ff160000)
  from space 640K,   0% used [0x00000000ff200000, 0x00000000ff200000, 0x00000000ff2a0000)
  to   space 640K,   0% used [0x00000000ff160000, 0x00000000ff160000, 0x00000000ff200000)
 concurrent mark-sweep generation total 13696K, used 2220K [0x00000000ff2a0000, 0x0000000100000000, 0x0000000100000000)
 Metaspace       used 5076K, capacity 5258K, committed 5504K, reserved 1056768K
  class space    used 557K, capacity 597K, committed 640K, reserved 1048576K
2024-07-16T11:01:40.882+0800: 5.762: [GC (Allocation Failure) 2024-07-16T11:01:40.882+0800: 5.762: [ParNew: 5229K->4K(6144K), 0.0003079 secs] 7450K->2224K(19840K), 0.0003973 secs] [Times: user=0.00 sys=0.00, real=0.00 secs] 
Heap after GC invocations=693 (full 89):
 par new generation   total 6144K, used 4K [0x00000000fec00000, 0x00000000ff2a0000, 0x00000000ff2a0000)
  eden space 5504K,   0% used [0x00000000fec00000, 0x00000000fec00000, 0x00000000ff160000)
  from space 640K,   0% used [0x00000000ff160000, 0x00000000ff161020, 0x00000000ff200000)
  to   space 640K,   0% used [0x00000000ff200000, 0x00000000ff200000, 0x00000000ff2a0000)
 concurrent mark-sweep generation total 13696K, used 2220K [0x00000000ff2a0000, 0x0000000100000000, 0x0000000100000000)
 Metaspace       used 5076K, capacity 5258K, committed 5504K, reserved 1056768K
  class space    used 557K, capacity 597K, committed 640K, reserved 1048576K
}
{Heap before GC invocations=693 (full 89):
 par new generation   total 6144K, used 5233K [0x00000000fec00000, 0x00000000ff2a0000, 0x00000000ff2a0000)
  eden space 5504K,  95% used [0x00000000fec00000, 0x00000000ff11b780, 0x00000000ff160000)
  from space 640K,   0% used [0x00000000ff160000, 0x00000000ff161020, 0x00000000ff200000)
  to   space 640K,   0% used [0x00000000ff200000, 0x00000000ff200000, 0x00000000ff2a0000)
 concurrent mark-sweep generation total 13696K, used 2220K [0x00000000ff2a0000, 0x0000000100000000, 0x0000000100000000)
 Metaspace       used 5076K, capacity 5258K, committed 5504K, reserved 1056768K
  class space    used 557K, capacity 597K, committed 640K, reserved 1048576K
2024-07-16T11:01:40.888+0800: 5.768: [GC (Allocation Failure) 2024-07-16T11:01:40.888+0800: 5.768: [ParNew: 5233K->8K(6144K), 0.0010642 secs] 7454K->3254K(19840K), 0.0011344 secs] [Times: user=0.00 sys=0.00, real=0.00 secs] 
Heap after GC invocations=694 (full 89):
 par new generation   total 6144K, used 8K [0x00000000fec00000, 0x00000000ff2a0000, 0x00000000ff2a0000)
  eden space 5504K,   0% used [0x00000000fec00000, 0x00000000fec00000, 0x00000000ff160000)
  from space 640K,   1% used [0x00000000ff200000, 0x00000000ff202040, 0x00000000ff2a0000)
  to   space 640K,   0% used [0x00000000ff160000, 0x00000000ff160000, 0x00000000ff200000)
 concurrent mark-sweep generation total 13696K, used 3246K [0x00000000ff2a0000, 0x0000000100000000, 0x0000000100000000)
 Metaspace       used 5076K, capacity 5258K, committed 5504K, reserved 1056768K
  class space    used 557K, capacity 597K, committed 640K, reserved 1048576K
}
2024-07-16T11:01:40.889+0800: 5.770: [GC (CMS Initial Mark) [1 CMS-initial-mark: 3246K(13696K)] 4280K(19840K), 0.0002026 secs] [Times: user=0.00 sys=0.00, real=0.00 secs] 
2024-07-16T11:01:40.889+0800: 5.770: [CMS-concurrent-mark-start]
2024-07-16T11:01:40.892+0800: 5.772: [CMS-concurrent-mark: 0.002/0.002 secs] [Times: user=0.00 sys=0.00, real=0.00 secs] 
2024-07-16T11:01:40.892+0800: 5.772: [CMS-concurrent-preclean-start]
2024-07-16T11:01:40.892+0800: 5.772: [CMS-concurrent-preclean: 0.000/0.000 secs] [Times: user=0.00 sys=0.00, real=0.00 secs] 
2024-07-16T11:01:40.892+0800: 5.772: [CMS-concurrent-abortable-preclean-start]
{Heap before GC invocations=694 (full 90):
 par new generation   total 6144K, used 5237K [0x00000000fec00000, 0x00000000ff2a0000, 0x00000000ff2a0000)
  eden space 5504K,  95% used [0x00000000fec00000, 0x00000000ff11b780, 0x00000000ff160000)
  from space 640K,   1% used [0x00000000ff200000, 0x00000000ff202040, 0x00000000ff2a0000)
  to   space 640K,   0% used [0x00000000ff160000, 0x00000000ff160000, 0x00000000ff200000)
 concurrent mark-sweep generation total 13696K, used 3246K [0x00000000ff2a0000, 0x0000000100000000, 0x0000000100000000)
 Metaspace       used 5076K, capacity 5258K, committed 5504K, reserved 1056768K
  class space    used 557K, capacity 597K, committed 640K, reserved 1048576K
2024-07-16T11:01:40.898+0800: 5.778: [GC (Allocation Failure) 2024-07-16T11:01:40.898+0800: 5.778: [ParNew: 5237K->4K(6144K), 0.0006462 secs] 8484K->3250K(19840K), 0.0007846 secs] [Times: user=0.00 sys=0.00, real=0.00 secs] 
Heap after GC invocations=695 (full 90):
 par new generation   total 6144K, used 4K [0x00000000fec00000, 0x00000000ff2a0000, 0x00000000ff2a0000)
  eden space 5504K,   0% used [0x00000000fec00000, 0x00000000fec00000, 0x00000000ff160000)
  from space 640K,   0% used [0x00000000ff160000, 0x00000000ff161020, 0x00000000ff200000)
  to   space 640K,   0% used [0x00000000ff200000, 0x00000000ff200000, 0x00000000ff2a0000)
 concurrent mark-sweep generation total 13696K, used 3246K [0x00000000ff2a0000, 0x0000000100000000, 0x0000000100000000)
 Metaspace       used 5076K, capacity 5258K, committed 5504K, reserved 1056768K
  class space    used 557K, capacity 597K, committed 640K, reserved 1048576K
}
{Heap before GC invocations=695 (full 90):
 par new generation   total 6144K, used 5233K [0x00000000fec00000, 0x00000000ff2a0000, 0x00000000ff2a0000)
  eden space 5504K,  95% used [0x00000000fec00000, 0x00000000ff11b780, 0x00000000ff160000)
  from space 640K,   0% used [0x00000000ff160000, 0x00000000ff161020, 0x00000000ff200000)
  to   space 640K,   0% used [0x00000000ff200000, 0x00000000ff200000, 0x00000000ff2a0000)
 concurrent mark-sweep generation total 13696K, used 3246K [0x00000000ff2a0000, 0x0000000100000000, 0x0000000100000000)
 Metaspace       used 5076K, capacity 5258K, committed 5504K, reserved 1056768K
  class space    used 557K, capacity 597K, committed 640K, reserved 1048576K
2024-07-16T11:01:40.906+0800: 5.786: [GC (Allocation Failure) 2024-07-16T11:01:40.906+0800: 5.786: [ParNew: 5233K->10K(6144K), 0.0012360 secs] 8480K->4280K(19840K), 0.0013422 secs] [Times: user=0.00 sys=0.00, real=0.00 secs] 
Heap after GC invocations=696 (full 90):
 par new generation   total 6144K, used 10K [0x00000000fec00000, 0x00000000ff2a0000, 0x00000000ff2a0000)
  eden space 5504K,   0% used [0x00000000fec00000, 0x00000000fec00000, 0x00000000ff160000)
  from space 640K,   1% used [0x00000000ff200000, 0x00000000ff202850, 0x00000000ff2a0000)
  to   space 640K,   0% used [0x00000000ff160000, 0x00000000ff160000, 0x00000000ff200000)
 concurrent mark-sweep generation total 13696K, used 4270K [0x00000000ff2a0000, 0x0000000100000000, 0x0000000100000000)
 Metaspace       used 5076K, capacity 5258K, committed 5504K, reserved 1056768K
  class space    used 557K, capacity 597K, committed 640K, reserved 1048576K
}
{Heap before GC invocations=696 (full 90):
 par new generation   total 6144K, used 5239K [0x00000000fec00000, 0x00000000ff2a0000, 0x00000000ff2a0000)
  eden space 5504K,  95% used [0x00000000fec00000, 0x00000000ff11b780, 0x00000000ff160000)
  from space 640K,   1% used [0x00000000ff200000, 0x00000000ff202850, 0x00000000ff2a0000)
  to   space 640K,   0% used [0x00000000ff160000, 0x00000000ff160000, 0x00000000ff200000)
 concurrent mark-sweep generation total 13696K, used 4270K [0x00000000ff2a0000, 0x0000000100000000, 0x0000000100000000)
 Metaspace       used 5076K, capacity 5258K, committed 5504K, reserved 1056768K
  class space    used 557K, capacity 597K, committed 640K, reserved 1048576K
2024-07-16T11:01:40.916+0800: 5.796: [GC (Allocation Failure) 2024-07-16T11:01:40.916+0800: 5.796: [ParNew: 5239K->4K(6144K), 0.0008674 secs] 9510K->4274K(19840K), 0.0009514 secs] [Times: user=0.00 sys=0.00, real=0.00 secs] 
Heap after GC invocations=697 (full 90):
 par new generation   total 6144K, used 4K [0x00000000fec00000, 0x00000000ff2a0000, 0x00000000ff2a0000)
  eden space 5504K,   0% used [0x00000000fec00000, 0x00000000fec00000, 0x00000000ff160000)
  from space 640K,   0% used [0x00000000ff160000, 0x00000000ff161020, 0x00000000ff200000)
  to   space 640K,   0% used [0x00000000ff200000, 0x00000000ff200000, 0x00000000ff2a0000)
 concurrent mark-sweep generation total 13696K, used 4270K [0x00000000ff2a0000, 0x0000000100000000, 0x0000000100000000)
 Metaspace       used 5076K, capacity 5258K, committed 5504K, reserved 1056768K
  class space    used 557K, capacity 597K, committed 640K, reserved 1048576K
}
{Heap before GC invocations=697 (full 90):
 par new generation   total 6144K, used 5233K [0x00000000fec00000, 0x00000000ff2a0000, 0x00000000ff2a0000)
  eden space 5504K,  95% used [0x00000000fec00000, 0x00000000ff11b780, 0x00000000ff160000)
  from space 640K,   0% used [0x00000000ff160000, 0x00000000ff161020, 0x00000000ff200000)
  to   space 640K,   0% used [0x00000000ff200000, 0x00000000ff200000, 0x00000000ff2a0000)
 concurrent mark-sweep generation total 13696K, used 4270K [0x00000000ff2a0000, 0x0000000100000000, 0x0000000100000000)
 Metaspace       used 5076K, capacity 5258K, committed 5504K, reserved 1056768K
  class space    used 557K, capacity 597K, committed 640K, reserved 1048576K
2024-07-16T11:01:40.925+0800: 5.805: [GC (Allocation Failure) 2024-07-16T11:01:40.925+0800: 5.805: [ParNew: 5233K->4K(6144K), 0.0008933 secs] 9504K->4274K(19840K), 0.0010660 secs] [Times: user=0.00 sys=0.00, real=0.00 secs] 
Heap after GC invocations=698 (full 90):
 par new generation   total 6144K, used 4K [0x00000000fec00000, 0x00000000ff2a0000, 0x00000000ff2a0000)
  eden space 5504K,   0% used [0x00000000fec00000, 0x00000000fec00000, 0x00000000ff160000)
  from space 640K,   0% used [0x00000000ff200000, 0x00000000ff201020, 0x00000000ff2a0000)
  to   space 640K,   0% used [0x00000000ff160000, 0x00000000ff160000, 0x00000000ff200000)
 concurrent mark-sweep generation total 13696K, used 4270K [0x00000000ff2a0000, 0x0000000100000000, 0x0000000100000000)
 Metaspace       used 5076K, capacity 5258K, committed 5504K, reserved 1056768K
  class space    used 557K, capacity 597K, committed 640K, reserved 1048576K
}
{Heap before GC invocations=698 (full 90):
 par new generation   total 6144K, used 5233K [0x00000000fec00000, 0x00000000ff2a0000, 0x00000000ff2a0000)
  eden space 5504K,  95% used [0x00000000fec00000, 0x00000000ff11b780, 0x00000000ff160000)
  from space 640K,   0% used [0x00000000ff200000, 0x00000000ff201020, 0x00000000ff2a0000)
  to   space 640K,   0% used [0x00000000ff160000, 0x00000000ff160000, 0x00000000ff200000)
 concurrent mark-sweep generation total 13696K, used 4270K [0x00000000ff2a0000, 0x0000000100000000, 0x0000000100000000)
 Metaspace       used 5076K, capacity 5258K, committed 5504K, reserved 1056768K
  class space    used 557K, capacity 597K, committed 640K, reserved 1048576K
2024-07-16T11:01:40.934+0800: 5.814: [GC (Allocation Failure) 2024-07-16T11:01:40.934+0800: 5.814: [ParNew: 5233K->4K(6144K), 0.0009121 secs] 9504K->4274K(19840K), 0.0009880 secs] [Times: user=0.00 sys=0.00, real=0.00 secs] 
Heap after GC invocations=699 (full 90):
 par new generation   total 6144K, used 4K [0x00000000fec00000, 0x00000000ff2a0000, 0x00000000ff2a0000)
  eden space 5504K,   0% used [0x00000000fec00000, 0x00000000fec00000, 0x00000000ff160000)
  from space 640K,   0% used [0x00000000ff160000, 0x00000000ff161020, 0x00000000ff200000)
  to   space 640K,   0% used [0x00000000ff200000, 0x00000000ff200000, 0x00000000ff2a0000)
 concurrent mark-sweep generation total 13696K, used 4270K [0x00000000ff2a0000, 0x0000000100000000, 0x0000000100000000)
 Metaspace       used 5076K, capacity 5258K, committed 5504K, reserved 1056768K
  class space    used 557K, capacity 597K, committed 640K, reserved 1048576K
}
{Heap before GC invocations=699 (full 90):
 par new generation   total 6144K, used 5233K [0x00000000fec00000, 0x00000000ff2a0000, 0x00000000ff2a0000)
  eden space 5504K,  95% used [0x00000000fec00000, 0x00000000ff11b780, 0x00000000ff160000)
  from space 640K,   0% used [0x00000000ff160000, 0x00000000ff161020, 0x00000000ff200000)
  to   space 640K,   0% used [0x00000000ff200000, 0x00000000ff200000, 0x00000000ff2a0000)
 concurrent mark-sweep generation total 13696K, used 4270K [0x00000000ff2a0000, 0x0000000100000000, 0x0000000100000000)
 Metaspace       used 5076K, capacity 5258K, committed 5504K, reserved 1056768K
  class space    used 557K, capacity 597K, committed 640K, reserved 1048576K
2024-07-16T11:01:40.943+0800: 5.823: [GC (Allocation Failure) 2024-07-16T11:01:40.943+0800: 5.823: [ParNew: 5233K->4K(6144K), 0.0008116 secs] 9504K->4274K(19840K), 0.0010050 secs] [Times: user=0.00 sys=0.00, real=0.00 secs] 
Heap after GC invocations=700 (full 90):
 par new generation   total 6144K, used 4K [0x00000000fec00000, 0x00000000ff2a0000, 0x00000000ff2a0000)
  eden space 5504K,   0% used [0x00000000fec00000, 0x00000000fec00000, 0x00000000ff160000)
  from space 640K,   0% used [0x00000000ff200000, 0x00000000ff201020, 0x00000000ff2a0000)
  to   space 640K,   0% used [0x00000000ff160000, 0x00000000ff160000, 0x00000000ff200000)
 concurrent mark-sweep generation total 13696K, used 4270K [0x00000000ff2a0000, 0x0000000100000000, 0x0000000100000000)
 Metaspace       used 5076K, capacity 5258K, committed 5504K, reserved 1056768K
  class space    used 557K, capacity 597K, committed 640K, reserved 1048576K
}
{Heap before GC invocations=700 (full 90):
 par new generation   total 6144K, used 5233K [0x00000000fec00000, 0x00000000ff2a0000, 0x00000000ff2a0000)
  eden space 5504K,  95% used [0x00000000fec00000, 0x00000000ff11b780, 0x00000000ff160000)
  from space 640K,   0% used [0x00000000ff200000, 0x00000000ff201020, 0x00000000ff2a0000)
  to   space 640K,   0% used [0x00000000ff160000, 0x00000000ff160000, 0x00000000ff200000)
 concurrent mark-sweep generation total 13696K, used 4270K [0x00000000ff2a0000, 0x0000000100000000, 0x0000000100000000)
 Metaspace       used 5076K, capacity 5258K, committed 5504K, reserved 1056768K
  class space    used 557K, capacity 597K, committed 640K, reserved 1048576K
2024-07-16T11:01:40.951+0800: 5.831: [GC (Allocation Failure) 2024-07-16T11:01:40.951+0800: 5.831: [ParNew: 5233K->8K(6144K), 0.0013070 secs] 9504K->5305K(19840K), 0.0013828 secs] [Times: user=0.00 sys=0.00, real=0.00 secs] 
Heap after GC invocations=701 (full 90):
 par new generation   total 6144K, used 8K [0x00000000fec00000, 0x00000000ff2a0000, 0x00000000ff2a0000)
  eden space 5504K,   0% used [0x00000000fec00000, 0x00000000fec00000, 0x00000000ff160000)
  from space 640K,   1% used [0x00000000ff160000, 0x00000000ff162040, 0x00000000ff200000)
  to   space 640K,   0% used [0x00000000ff200000, 0x00000000ff200000, 0x00000000ff2a0000)
 concurrent mark-sweep generation total 13696K, used 5296K [0x00000000ff2a0000, 0x0000000100000000, 0x0000000100000000)
 Metaspace       used 5076K, capacity 5258K, committed 5504K, reserved 1056768K
  class space    used 557K, capacity 597K, committed 640K, reserved 1048576K
}
{Heap before GC invocations=701 (full 90):
 par new generation   total 6144K, used 5237K [0x00000000fec00000, 0x00000000ff2a0000, 0x00000000ff2a0000)
  eden space 5504K,  95% used [0x00000000fec00000, 0x00000000ff11b780, 0x00000000ff160000)
  from space 640K,   1% used [0x00000000ff160000, 0x00000000ff162040, 0x00000000ff200000)
  to   space 640K,   0% used [0x00000000ff200000, 0x00000000ff200000, 0x00000000ff2a0000)
 concurrent mark-sweep generation total 13696K, used 5296K [0x00000000ff2a0000, 0x0000000100000000, 0x0000000100000000)
 Metaspace       used 5076K, capacity 5258K, committed 5504K, reserved 1056768K
  class space    used 557K, capacity 597K, committed 640K, reserved 1048576K
2024-07-16T11:01:40.959+0800: 5.839: [GC (Allocation Failure) 2024-07-16T11:01:40.959+0800: 5.839: [ParNew: 5237K->8K(6144K), 0.0010340 secs] 10534K->6329K(19840K), 0.0011413 secs] [Times: user=0.00 sys=0.00, real=0.00 secs] 
Heap after GC invocations=702 (full 90):
 par new generation   total 6144K, used 8K [0x00000000fec00000, 0x00000000ff2a0000, 0x00000000ff2a0000)
  eden space 5504K,   0% used [0x00000000fec00000, 0x00000000fec00000, 0x00000000ff160000)
  from space 640K,   1% used [0x00000000ff200000, 0x00000000ff202040, 0x00000000ff2a0000)
  to   space 640K,   0% used [0x00000000ff160000, 0x00000000ff160000, 0x00000000ff200000)
 concurrent mark-sweep generation total 13696K, used 6320K [0x00000000ff2a0000, 0x0000000100000000, 0x0000000100000000)
 Metaspace       used 5076K, capacity 5258K, committed 5504K, reserved 1056768K
  class space    used 557K, capacity 597K, committed 640K, reserved 1048576K
}
{Heap before GC invocations=702 (full 90):
 par new generation   total 6144K, used 5237K [0x00000000fec00000, 0x00000000ff2a0000, 0x00000000ff2a0000)
  eden space 5504K,  95% used [0x00000000fec00000, 0x00000000ff11b780, 0x00000000ff160000)
  from space 640K,   1% used [0x00000000ff200000, 0x00000000ff202040, 0x00000000ff2a0000)
  to   space 640K,   0% used [0x00000000ff160000, 0x00000000ff160000, 0x00000000ff200000)
 concurrent mark-sweep generation total 13696K, used 6320K [0x00000000ff2a0000, 0x0000000100000000, 0x0000000100000000)
 Metaspace       used 5076K, capacity 5258K, committed 5504K, reserved 1056768K
  class space    used 557K, capacity 597K, committed 640K, reserved 1048576K
2024-07-16T11:01:40.967+0800: 5.847: [GC (Allocation Failure) 2024-07-16T11:01:40.967+0800: 5.847: [ParNew: 5237K->8K(6144K), 0.0009496 secs] 11558K->7355K(19840K), 0.0011117 secs] [Times: user=0.00 sys=0.00, real=0.00 secs] 
Heap after GC invocations=703 (full 90):
 par new generation   total 6144K, used 8K [0x00000000fec00000, 0x00000000ff2a0000, 0x00000000ff2a0000)
  eden space 5504K,   0% used [0x00000000fec00000, 0x00000000fec00000, 0x00000000ff160000)
  from space 640K,   1% used [0x00000000ff160000, 0x00000000ff162040, 0x00000000ff200000)
  to   space 640K,   0% used [0x00000000ff200000, 0x00000000ff200000, 0x00000000ff2a0000)
 concurrent mark-sweep generation total 13696K, used 7347K [0x00000000ff2a0000, 0x0000000100000000, 0x0000000100000000)
 Metaspace       used 5076K, capacity 5258K, committed 5504K, reserved 1056768K
  class space    used 557K, capacity 597K, committed 640K, reserved 1048576K
}
{Heap before GC invocations=703 (full 90):
 par new generation   total 6144K, used 5237K [0x00000000fec00000, 0x00000000ff2a0000, 0x00000000ff2a0000)
  eden space 5504K,  95% used [0x00000000fec00000, 0x00000000ff11b780, 0x00000000ff160000)
  from space 640K,   1% used [0x00000000ff160000, 0x00000000ff162040, 0x00000000ff200000)
  to   space 640K,   0% used [0x00000000ff200000, 0x00000000ff200000, 0x00000000ff2a0000)
 concurrent mark-sweep generation total 13696K, used 7347K [0x00000000ff2a0000, 0x0000000100000000, 0x0000000100000000)
 Metaspace       used 5076K, capacity 5258K, committed 5504K, reserved 1056768K
  class space    used 557K, capacity 597K, committed 640K, reserved 1048576K
2024-07-16T11:01:40.977+0800: 5.857: [GC (Allocation Failure) 2024-07-16T11:01:40.977+0800: 5.857: [ParNew: 5237K->2K(6144K), 0.0004158 secs] 12584K->7349K(19840K), 0.0004669 secs] [Times: user=0.00 sys=0.00, real=0.00 secs] 
Heap after GC invocations=704 (full 90):
 par new generation   total 6144K, used 2K [0x00000000fec00000, 0x00000000ff2a0000, 0x00000000ff2a0000)
  eden space 5504K,   0% used [0x00000000fec00000, 0x00000000fec00000, 0x00000000ff160000)
  from space 640K,   0% used [0x00000000ff200000, 0x00000000ff200810, 0x00000000ff2a0000)
  to   space 640K,   0% used [0x00000000ff160000, 0x00000000ff160000, 0x00000000ff200000)
 concurrent mark-sweep generation total 13696K, used 7347K [0x00000000ff2a0000, 0x0000000100000000, 0x0000000100000000)
 Metaspace       used 5076K, capacity 5258K, committed 5504K, reserved 1056768K
  class space    used 557K, capacity 597K, committed 640K, reserved 1048576K
}
{Heap before GC invocations=704 (full 90):
 par new generation   total 6144K, used 5231K [0x00000000fec00000, 0x00000000ff2a0000, 0x00000000ff2a0000)
  eden space 5504K,  95% used [0x00000000fec00000, 0x00000000ff11b780, 0x00000000ff160000)
  from space 640K,   0% used [0x00000000ff200000, 0x00000000ff200810, 0x00000000ff2a0000)
  to   space 640K,   0% used [0x00000000ff160000, 0x00000000ff160000, 0x00000000ff200000)
 concurrent mark-sweep generation total 13696K, used 7347K [0x00000000ff2a0000, 0x0000000100000000, 0x0000000100000000)
 Metaspace       used 5076K, capacity 5258K, committed 5504K, reserved 1056768K
  class space    used 557K, capacity 597K, committed 640K, reserved 1048576K
2024-07-16T11:01:40.985+0800: 5.865: [GC (Allocation Failure) 2024-07-16T11:01:40.985+0800: 5.865: [ParNew: 5231K->8K(6144K), 0.0007275 secs] 12578K->8381K(19840K), 0.0008590 secs] [Times: user=0.00 sys=0.00, real=0.00 secs] 
Heap after GC invocations=705 (full 90):
 par new generation   total 6144K, used 8K [0x00000000fec00000, 0x00000000ff2a0000, 0x00000000ff2a0000)
  eden space 5504K,   0% used [0x00000000fec00000, 0x00000000fec00000, 0x00000000ff160000)
  from space 640K,   1% used [0x00000000ff160000, 0x00000000ff162040, 0x00000000ff200000)
  to   space 640K,   0% used [0x00000000ff200000, 0x00000000ff200000, 0x00000000ff2a0000)
 concurrent mark-sweep generation total 13696K, used 8373K [0x00000000ff2a0000, 0x0000000100000000, 0x0000000100000000)
 Metaspace       used 5076K, capacity 5258K, committed 5504K, reserved 1056768K
  class space    used 557K, capacity 597K, committed 640K, reserved 1048576K
}
{Heap before GC invocations=705 (full 90):
 par new generation   total 6144K, used 5237K [0x00000000fec00000, 0x00000000ff2a0000, 0x00000000ff2a0000)
  eden space 5504K,  95% used [0x00000000fec00000, 0x00000000ff11b780, 0x00000000ff160000)
  from space 640K,   1% used [0x00000000ff160000, 0x00000000ff162040, 0x00000000ff200000)
  to   space 640K,   0% used [0x00000000ff200000, 0x00000000ff200000, 0x00000000ff2a0000)
 concurrent mark-sweep generation total 13696K, used 8373K [0x00000000ff2a0000, 0x0000000100000000, 0x0000000100000000)
 Metaspace       used 5076K, capacity 5258K, committed 5504K, reserved 1056768K
  class space    used 557K, capacity 597K, committed 640K, reserved 1048576K
2024-07-16T11:01:40.993+0800: 5.873: [GC (Allocation Failure) 2024-07-16T11:01:40.993+0800: 5.873: [ParNew: 5237K->8K(6144K), 0.0005252 secs] 13611K->9405K(19840K), 0.0006191 secs] [Times: user=0.00 sys=0.00, real=0.00 secs] 
Heap after GC invocations=706 (full 90):
 par new generation   total 6144K, used 8K [0x00000000fec00000, 0x00000000ff2a0000, 0x00000000ff2a0000)
  eden space 5504K,   0% used [0x00000000fec00000, 0x00000000fec00000, 0x00000000ff160000)
  from space 640K,   1% used [0x00000000ff200000, 0x00000000ff202040, 0x00000000ff2a0000)
  to   space 640K,   0% used [0x00000000ff160000, 0x00000000ff160000, 0x00000000ff200000)
 concurrent mark-sweep generation total 13696K, used 9397K [0x00000000ff2a0000, 0x0000000100000000, 0x0000000100000000)
 Metaspace       used 5076K, capacity 5258K, committed 5504K, reserved 1056768K
  class space    used 557K, capacity 597K, committed 640K, reserved 1048576K
}
{Heap before GC invocations=706 (full 90):
 par new generation   total 6144K, used 5237K [0x00000000fec00000, 0x00000000ff2a0000, 0x00000000ff2a0000)
  eden space 5504K,  95% used [0x00000000fec00000, 0x00000000ff11b780, 0x00000000ff160000)
  from space 640K,   1% used [0x00000000ff200000, 0x00000000ff202040, 0x00000000ff2a0000)
  to   space 640K,   0% used [0x00000000ff160000, 0x00000000ff160000, 0x00000000ff200000)
 concurrent mark-sweep generation total 13696K, used 9397K [0x00000000ff2a0000, 0x0000000100000000, 0x0000000100000000)
 Metaspace       used 5076K, capacity 5258K, committed 5504K, reserved 1056768K
  class space    used 557K, capacity 597K, committed 640K, reserved 1048576K
2024-07-16T11:01:41.001+0800: 5.881: [GC (Allocation Failure) 2024-07-16T11:01:41.001+0800: 5.881: [ParNew: 5237K->10K(6144K), 0.0006485 secs] 14635K->10433K(19840K), 0.0007401 secs] [Times: user=0.00 sys=0.00, real=0.00 secs] 
Heap after GC invocations=707 (full 90):
 par new generation   total 6144K, used 10K [0x00000000fec00000, 0x00000000ff2a0000, 0x00000000ff2a0000)
  eden space 5504K,   0% used [0x00000000fec00000, 0x00000000fec00000, 0x00000000ff160000)
  from space 640K,   1% used [0x00000000ff160000, 0x00000000ff162850, 0x00000000ff200000)
  to   space 640K,   0% used [0x00000000ff200000, 0x00000000ff200000, 0x00000000ff2a0000)
 concurrent mark-sweep generation total 13696K, used 10423K [0x00000000ff2a0000, 0x0000000100000000, 0x0000000100000000)
 Metaspace       used 5076K, capacity 5258K, committed 5504K, reserved 1056768K
  class space    used 557K, capacity 597K, committed 640K, reserved 1048576K
}
{Heap before GC invocations=707 (full 90):
 par new generation   total 6144K, used 5239K [0x00000000fec00000, 0x00000000ff2a0000, 0x00000000ff2a0000)
  eden space 5504K,  95% used [0x00000000fec00000, 0x00000000ff11b780, 0x00000000ff160000)
  from space 640K,   1% used [0x00000000ff160000, 0x00000000ff162850, 0x00000000ff200000)
  to   space 640K,   0% used [0x00000000ff200000, 0x00000000ff200000, 0x00000000ff2a0000)
 concurrent mark-sweep generation total 13696K, used 10423K [0x00000000ff2a0000, 0x0000000100000000, 0x0000000100000000)
 Metaspace       used 5076K, capacity 5258K, committed 5504K, reserved 1056768K
  class space    used 557K, capacity 597K, committed 640K, reserved 1048576K
2024-07-16T11:01:41.009+0800: 5.889: [GC (Allocation Failure) 2024-07-16T11:01:41.009+0800: 5.889: [ParNew: 5239K->4K(6144K), 0.0003858 secs] 15663K->10427K(19840K), 0.0004866 secs] [Times: user=0.00 sys=0.00, real=0.00 secs] 
Heap after GC invocations=708 (full 90):
 par new generation   total 6144K, used 4K [0x00000000fec00000, 0x00000000ff2a0000, 0x00000000ff2a0000)
  eden space 5504K,   0% used [0x00000000fec00000, 0x00000000fec00000, 0x00000000ff160000)
  from space 640K,   0% used [0x00000000ff200000, 0x00000000ff201020, 0x00000000ff2a0000)
  to   space 640K,   0% used [0x00000000ff160000, 0x00000000ff160000, 0x00000000ff200000)
 concurrent mark-sweep generation total 13696K, used 10423K [0x00000000ff2a0000, 0x0000000100000000, 0x0000000100000000)
 Metaspace       used 5076K, capacity 5258K, committed 5504K, reserved 1056768K
  class space    used 557K, capacity 597K, committed 640K, reserved 1048576K
}
{Heap before GC invocations=708 (full 90):
 par new generation   total 6144K, used 5233K [0x00000000fec00000, 0x00000000ff2a0000, 0x00000000ff2a0000)
  eden space 5504K,  95% used [0x00000000fec00000, 0x00000000ff11b780, 0x00000000ff160000)
  from space 640K,   0% used [0x00000000ff200000, 0x00000000ff201020, 0x00000000ff2a0000)
  to   space 640K,   0% used [0x00000000ff160000, 0x00000000ff160000, 0x00000000ff200000)
 concurrent mark-sweep generation total 13696K, used 10423K [0x00000000ff2a0000, 0x0000000100000000, 0x0000000100000000)
 Metaspace       used 5076K, capacity 5258K, committed 5504K, reserved 1056768K
  class space    used 557K, capacity 597K, committed 640K, reserved 1048576K
2024-07-16T11:01:41.017+0800: 5.897: [GC (Allocation Failure) 2024-07-16T11:01:41.017+0800: 5.897: [ParNew: 5233K->4K(6144K), 0.0003357 secs] 15657K->10427K(19840K), 0.0003727 secs] [Times: user=0.00 sys=0.00, real=0.00 secs] 
Heap after GC invocations=709 (full 90):
 par new generation   total 6144K, used 4K [0x00000000fec00000, 0x00000000ff2a0000, 0x00000000ff2a0000)
  eden space 5504K,   0% used [0x00000000fec00000, 0x00000000fec00000, 0x00000000ff160000)
  from space 640K,   0% used [0x00000000ff160000, 0x00000000ff161020, 0x00000000ff200000)
  to   space 640K,   0% used [0x00000000ff200000, 0x00000000ff200000, 0x00000000ff2a0000)
 concurrent mark-sweep generation total 13696K, used 10423K [0x00000000ff2a0000, 0x0000000100000000, 0x0000000100000000)
 Metaspace       used 5076K, capacity 5258K, committed 5504K, reserved 1056768K
  class space    used 557K, capacity 597K, committed 640K, reserved 1048576K
}
{Heap before GC invocations=709 (full 90):
 par new generation   total 6144K, used 5233K [0x00000000fec00000, 0x00000000ff2a0000, 0x00000000ff2a0000)
  eden space 5504K,  95% used [0x00000000fec00000, 0x00000000ff11b780, 0x00000000ff160000)
  from space 640K,   0% used [0x00000000ff160000, 0x00000000ff161020, 0x00000000ff200000)
  to   space 640K,   0% used [0x00000000ff200000, 0x00000000ff200000, 0x00000000ff2a0000)
 concurrent mark-sweep generation total 13696K, used 10423K [0x00000000ff2a0000, 0x0000000100000000, 0x0000000100000000)
 Metaspace       used 5076K, capacity 5258K, committed 5504K, reserved 1056768K
  class space    used 557K, capacity 597K, committed 640K, reserved 1048576K
2024-07-16T11:01:41.024+0800: 5.904: [GC (Allocation Failure) 2024-07-16T11:01:41.024+0800: 5.904: [ParNew: 5233K->8K(6144K), 0.0005178 secs] 15657K->11457K(19840K), 0.0005694 secs] [Times: user=0.00 sys=0.00, real=0.00 secs] 
Heap after GC invocations=710 (full 90):
 par new generation   total 6144K, used 8K [0x00000000fec00000, 0x00000000ff2a0000, 0x00000000ff2a0000)
  eden space 5504K,   0% used [0x00000000fec00000, 0x00000000fec00000, 0x00000000ff160000)
  from space 640K,   1% used [0x00000000ff200000, 0x00000000ff202040, 0x00000000ff2a0000)
  to   space 640K,   0% used [0x00000000ff160000, 0x00000000ff160000, 0x00000000ff200000)
 concurrent mark-sweep generation total 13696K, used 11449K [0x00000000ff2a0000, 0x0000000100000000, 0x0000000100000000)
 Metaspace       used 5076K, capacity 5258K, committed 5504K, reserved 1056768K
  class space    used 557K, capacity 597K, committed 640K, reserved 1048576K
}
{Heap before GC invocations=710 (full 90):
 par new generation   total 6144K, used 5237K [0x00000000fec00000, 0x00000000ff2a0000, 0x00000000ff2a0000)
  eden space 5504K,  95% used [0x00000000fec00000, 0x00000000ff11b780, 0x00000000ff160000)
  from space 640K,   1% used [0x00000000ff200000, 0x00000000ff202040, 0x00000000ff2a0000)
  to   space 640K,   0% used [0x00000000ff160000, 0x00000000ff160000, 0x00000000ff200000)
 concurrent mark-sweep generation total 13696K, used 11449K [0x00000000ff2a0000, 0x0000000100000000, 0x0000000100000000)
 Metaspace       used 5076K, capacity 5258K, committed 5504K, reserved 1056768K
  class space    used 557K, capacity 597K, committed 640K, reserved 1048576K
2024-07-16T11:01:41.031+0800: 5.911: [GC (Allocation Failure) 2024-07-16T11:01:41.031+0800: 5.911: [ParNew: 5237K->8K(6144K), 0.0003369 secs] 16687K->12483K(19840K), 0.0003691 secs] [Times: user=0.00 sys=0.00, real=0.00 secs] 
Heap after GC invocations=711 (full 90):
 par new generation   total 6144K, used 8K [0x00000000fec00000, 0x00000000ff2a0000, 0x00000000ff2a0000)
  eden space 5504K,   0% used [0x00000000fec00000, 0x00000000fec00000, 0x00000000ff160000)
  from space 640K,   1% used [0x00000000ff160000, 0x00000000ff162040, 0x00000000ff200000)
  to   space 640K,   0% used [0x00000000ff200000, 0x00000000ff200000, 0x00000000ff2a0000)
 concurrent mark-sweep generation total 13696K, used 12475K [0x00000000ff2a0000, 0x0000000100000000, 0x0000000100000000)
 Metaspace       used 5076K, capacity 5258K, committed 5504K, reserved 1056768K
  class space    used 557K, capacity 597K, committed 640K, reserved 1048576K
}
{Heap before GC invocations=711 (full 90):
 par new generation   total 6144K, used 5237K [0x00000000fec00000, 0x00000000ff2a0000, 0x00000000ff2a0000)
  eden space 5504K,  95% used [0x00000000fec00000, 0x00000000ff11b780, 0x00000000ff160000)
  from space 640K,   1% used [0x00000000ff160000, 0x00000000ff162040, 0x00000000ff200000)
  to   space 640K,   0% used [0x00000000ff200000, 0x00000000ff200000, 0x00000000ff2a0000)
 concurrent mark-sweep generation total 13696K, used 12475K [0x00000000ff2a0000, 0x0000000100000000, 0x0000000100000000)
 Metaspace       used 5076K, capacity 5258K, committed 5504K, reserved 1056768K
  class space    used 557K, capacity 597K, committed 640K, reserved 1048576K
2024-07-16T11:01:41.037+0800: 5.917: [GC (Allocation Failure) 2024-07-16T11:01:41.037+0800: 5.917: [ParNew: 5237K->5237K(6144K), 0.0000220 secs]2024-07-16T11:01:41.037+0800: 5.917: [CMS2024-07-16T11:01:41.037+0800: 5.917: [CMS-concurrent-abortable-preclean: 0.002/0.145 secs] [Times: user=0.00 sys=0.00, real=0.14 secs] 
 (concurrent mode failure): 12475K->2220K(13696K), 0.0032000 secs] 17713K->2220K(19840K), [Metaspace: 5076K->5076K(1056768K)], 0.0032961 secs] [Times: user=0.00 sys=0.00, real=0.00 secs] 
Heap after GC invocations=712 (full 91):
 par new generation   total 6144K, used 0K [0x00000000fec00000, 0x00000000ff2a0000, 0x00000000ff2a0000)
  eden space 5504K,   0% used [0x00000000fec00000, 0x00000000fec00000, 0x00000000ff160000)
  from space 640K,   0% used [0x00000000ff160000, 0x00000000ff160000, 0x00000000ff200000)
  to   space 640K,   0% used [0x00000000ff200000, 0x00000000ff200000, 0x00000000ff2a0000)
 concurrent mark-sweep generation total 13696K, used 2220K [0x00000000ff2a0000, 0x0000000100000000, 0x0000000100000000)
 Metaspace       used 5076K, capacity 5258K, committed 5504K, reserved 1056768K
  class space    used 557K, capacity 597K, committed 640K, reserved 1048576K
}
{Heap before GC invocations=712 (full 91):
 par new generation   total 6144K, used 5229K [0x00000000fec00000, 0x00000000ff2a0000, 0x00000000ff2a0000)
  eden space 5504K,  95% used [0x00000000fec00000, 0x00000000ff11b780, 0x00000000ff160000)
  from space 640K,   0% used [0x00000000ff160000, 0x00000000ff160000, 0x00000000ff200000)
  to   space 640K,   0% used [0x00000000ff200000, 0x00000000ff200000, 0x00000000ff2a0000)
 concurrent mark-sweep generation total 13696K, used 2220K [0x00000000ff2a0000, 0x0000000100000000, 0x0000000100000000)
 Metaspace       used 5076K, capacity 5258K, committed 5504K, reserved 1056768K
  class space    used 557K, capacity 597K, committed 640K, reserved 1048576K
2024-07-16T11:01:41.047+0800: 5.927: [GC (Allocation Failure) 2024-07-16T11:01:41.047+0800: 5.927: [ParNew: 5229K->6K(6144K), 0.0003676 secs] 7450K->3252K(19840K), 0.0004073 secs] [Times: user=0.00 sys=0.00, real=0.00 secs] 
Heap after GC invocations=713 (full 91):
 par new generation   total 6144K, used 6K [0x00000000fec00000, 0x00000000ff2a0000, 0x00000000ff2a0000)
  eden space 5504K,   0% used [0x00000000fec00000, 0x00000000fec00000, 0x00000000ff160000)
  from space 640K,   0% used [0x00000000ff200000, 0x00000000ff201830, 0x00000000ff2a0000)
  to   space 640K,   0% used [0x00000000ff160000, 0x00000000ff160000, 0x00000000ff200000)
 concurrent mark-sweep generation total 13696K, used 3246K [0x00000000ff2a0000, 0x0000000100000000, 0x0000000100000000)
 Metaspace       used 5076K, capacity 5258K, committed 5504K, reserved 1056768K
  class space    used 557K, capacity 597K, committed 640K, reserved 1048576K
}
2024-07-16T11:01:41.047+0800: 5.928: [GC (CMS Initial Mark) [1 CMS-initial-mark: 3246K(13696K)] 4276K(19840K), 0.0001082 secs] [Times: user=0.00 sys=0.00, real=0.00 secs] 
2024-07-16T11:01:41.047+0800: 5.928: [CMS-concurrent-mark-start]
2024-07-16T11:01:41.049+0800: 5.929: [CMS-concurrent-mark: 0.001/0.001 secs] [Times: user=0.05 sys=0.00, real=0.00 secs] 
2024-07-16T11:01:41.049+0800: 5.929: [CMS-concurrent-preclean-start]
2024-07-16T11:01:41.049+0800: 5.929: [CMS-concurrent-preclean: 0.000/0.000 secs] [Times: user=0.00 sys=0.00, real=0.00 secs] 
2024-07-16T11:01:41.049+0800: 5.929: [CMS-concurrent-abortable-preclean-start]
{Heap before GC invocations=713 (full 92):
 par new generation   total 6144K, used 5235K [0x00000000fec00000, 0x00000000ff2a0000, 0x00000000ff2a0000)
  eden space 5504K,  95% used [0x00000000fec00000, 0x00000000ff11b780, 0x00000000ff160000)
  from space 640K,   0% used [0x00000000ff200000, 0x00000000ff201830, 0x00000000ff2a0000)
  to   space 640K,   0% used [0x00000000ff160000, 0x00000000ff160000, 0x00000000ff200000)
 concurrent mark-sweep generation total 13696K, used 3246K [0x00000000ff2a0000, 0x0000000100000000, 0x0000000100000000)
 Metaspace       used 5076K, capacity 5258K, committed 5504K, reserved 1056768K
  class space    used 557K, capacity 597K, committed 640K, reserved 1048576K
2024-07-16T11:01:41.055+0800: 5.935: [GC (Allocation Failure) 2024-07-16T11:01:41.055+0800: 5.935: [ParNew: 5235K->4K(6144K), 0.0002540 secs] 8482K->3250K(19840K), 0.0002866 secs] [Times: user=0.00 sys=0.00, real=0.00 secs] 
Heap after GC invocations=714 (full 92):
 par new generation   total 6144K, used 4K [0x00000000fec00000, 0x00000000ff2a0000, 0x00000000ff2a0000)
  eden space 5504K,   0% used [0x00000000fec00000, 0x00000000fec00000, 0x00000000ff160000)
  from space 640K,   0% used [0x00000000ff160000, 0x00000000ff161020, 0x00000000ff200000)
  to   space 640K,   0% used [0x00000000ff200000, 0x00000000ff200000, 0x00000000ff2a0000)
 concurrent mark-sweep generation total 13696K, used 3246K [0x00000000ff2a0000, 0x0000000100000000, 0x0000000100000000)
 Metaspace       used 5076K, capacity 5258K, committed 5504K, reserved 1056768K
  class space    used 557K, capacity 597K, committed 640K, reserved 1048576K
}
{Heap before GC invocations=714 (full 92):
 par new generation   total 6144K, used 5233K [0x00000000fec00000, 0x00000000ff2a0000, 0x00000000ff2a0000)
  eden space 5504K,  95% used [0x00000000fec00000, 0x00000000ff11b780, 0x00000000ff160000)
  from space 640K,   0% used [0x00000000ff160000, 0x00000000ff161020, 0x00000000ff200000)
  to   space 640K,   0% used [0x00000000ff200000, 0x00000000ff200000, 0x00000000ff2a0000)
 concurrent mark-sweep generation total 13696K, used 3246K [0x00000000ff2a0000, 0x0000000100000000, 0x0000000100000000)
 Metaspace       used 5076K, capacity 5258K, committed 5504K, reserved 1056768K
  class space    used 557K, capacity 597K, committed 640K, reserved 1048576K
2024-07-16T11:01:41.063+0800: 5.943: [GC (Allocation Failure) 2024-07-16T11:01:41.063+0800: 5.943: [ParNew: 5233K->4K(6144K), 0.0002842 secs] 8480K->3250K(19840K), 0.0003200 secs] [Times: user=0.00 sys=0.00, real=0.00 secs] 
Heap after GC invocations=715 (full 92):
 par new generation   total 6144K, used 4K [0x00000000fec00000, 0x00000000ff2a0000, 0x00000000ff2a0000)
  eden space 5504K,   0% used [0x00000000fec00000, 0x00000000fec00000, 0x00000000ff160000)
  from space 640K,   0% used [0x00000000ff200000, 0x00000000ff201020, 0x00000000ff2a0000)
  to   space 640K,   0% used [0x00000000ff160000, 0x00000000ff160000, 0x00000000ff200000)
 concurrent mark-sweep generation total 13696K, used 3246K [0x00000000ff2a0000, 0x0000000100000000, 0x0000000100000000)
 Metaspace       used 5076K, capacity 5258K, committed 5504K, reserved 1056768K
  class space    used 557K, capacity 597K, committed 640K, reserved 1048576K
}
{Heap before GC invocations=715 (full 92):
 par new generation   total 6144K, used 5233K [0x00000000fec00000, 0x00000000ff2a0000, 0x00000000ff2a0000)
  eden space 5504K,  95% used [0x00000000fec00000, 0x00000000ff11b780, 0x00000000ff160000)
  from space 640K,   0% used [0x00000000ff200000, 0x00000000ff201020, 0x00000000ff2a0000)
  to   space 640K,   0% used [0x00000000ff160000, 0x00000000ff160000, 0x00000000ff200000)
 concurrent mark-sweep generation total 13696K, used 3246K [0x00000000ff2a0000, 0x0000000100000000, 0x0000000100000000)
 Metaspace       used 5076K, capacity 5258K, committed 5504K, reserved 1056768K
  class space    used 557K, capacity 597K, committed 640K, reserved 1048576K
2024-07-16T11:01:41.069+0800: 5.949: [GC (Allocation Failure) 2024-07-16T11:01:41.069+0800: 5.949: [ParNew: 5233K->8K(6144K), 0.0006373 secs] 8480K->4278K(19840K), 0.0006926 secs] [Times: user=0.00 sys=0.00, real=0.00 secs] 
Heap after GC invocations=716 (full 92):
 par new generation   total 6144K, used 8K [0x00000000fec00000, 0x00000000ff2a0000, 0x00000000ff2a0000)
  eden space 5504K,   0% used [0x00000000fec00000, 0x00000000fec00000, 0x00000000ff160000)
  from space 640K,   1% used [0x00000000ff160000, 0x00000000ff162040, 0x00000000ff200000)
  to   space 640K,   0% used [0x00000000ff200000, 0x00000000ff200000, 0x00000000ff2a0000)
 concurrent mark-sweep generation total 13696K, used 4270K [0x00000000ff2a0000, 0x0000000100000000, 0x0000000100000000)
 Metaspace       used 5076K, capacity 5258K, committed 5504K, reserved 1056768K
  class space    used 557K, capacity 597K, committed 640K, reserved 1048576K
}
{Heap before GC invocations=716 (full 92):
 par new generation   total 6144K, used 5237K [0x00000000fec00000, 0x00000000ff2a0000, 0x00000000ff2a0000)
  eden space 5504K,  95% used [0x00000000fec00000, 0x00000000ff11b780, 0x00000000ff160000)
  from space 640K,   1% used [0x00000000ff160000, 0x00000000ff162040, 0x00000000ff200000)
  to   space 640K,   0% used [0x00000000ff200000, 0x00000000ff200000, 0x00000000ff2a0000)
 concurrent mark-sweep generation total 13696K, used 4270K [0x00000000ff2a0000, 0x0000000100000000, 0x0000000100000000)
 Metaspace       used 5076K, capacity 5258K, committed 5504K, reserved 1056768K
  class space    used 557K, capacity 597K, committed 640K, reserved 1048576K
2024-07-16T11:01:41.076+0800: 5.956: [GC (Allocation Failure) 2024-07-16T11:01:41.076+0800: 5.956: [ParNew: 5237K->8K(6144K), 0.0004936 secs] 9508K->5305K(19840K), 0.0005636 secs] [Times: user=0.00 sys=0.00, real=0.00 secs] 
Heap after GC invocations=717 (full 92):
 par new generation   total 6144K, used 8K [0x00000000fec00000, 0x00000000ff2a0000, 0x00000000ff2a0000)
  eden space 5504K,   0% used [0x00000000fec00000, 0x00000000fec00000, 0x00000000ff160000)
  from space 640K,   1% used [0x00000000ff200000, 0x00000000ff202040, 0x00000000ff2a0000)
  to   space 640K,   0% used [0x00000000ff160000, 0x00000000ff160000, 0x00000000ff200000)
 concurrent mark-sweep generation total 13696K, used 5296K [0x00000000ff2a0000, 0x0000000100000000, 0x0000000100000000)
 Metaspace       used 5076K, capacity 5258K, committed 5504K, reserved 1056768K
  class space    used 557K, capacity 597K, committed 640K, reserved 1048576K
}
{Heap before GC invocations=717 (full 92):
 par new generation   total 6144K, used 5237K [0x00000000fec00000, 0x00000000ff2a0000, 0x00000000ff2a0000)
  eden space 5504K,  95% used [0x00000000fec00000, 0x00000000ff11b780, 0x00000000ff160000)
  from space 640K,   1% used [0x00000000ff200000, 0x00000000ff202040, 0x00000000ff2a0000)
  to   space 640K,   0% used [0x00000000ff160000, 0x00000000ff160000, 0x00000000ff200000)
 concurrent mark-sweep generation total 13696K, used 5296K [0x00000000ff2a0000, 0x0000000100000000, 0x0000000100000000)
 Metaspace       used 5076K, capacity 5258K, committed 5504K, reserved 1056768K
  class space    used 557K, capacity 597K, committed 640K, reserved 1048576K
2024-07-16T11:01:41.083+0800: 5.963: [GC (Allocation Failure) 2024-07-16T11:01:41.083+0800: 5.963: [ParNew: 5237K->4K(6144K), 0.0002779 secs] 10534K->5301K(19840K), 0.0003107 secs] [Times: user=0.00 sys=0.00, real=0.00 secs] 
Heap after GC invocations=718 (full 92):
 par new generation   total 6144K, used 4K [0x00000000fec00000, 0x00000000ff2a0000, 0x00000000ff2a0000)
  eden space 5504K,   0% used [0x00000000fec00000, 0x00000000fec00000, 0x00000000ff160000)
  from space 640K,   0% used [0x00000000ff160000, 0x00000000ff161020, 0x00000000ff200000)
  to   space 640K,   0% used [0x00000000ff200000, 0x00000000ff200000, 0x00000000ff2a0000)
 concurrent mark-sweep generation total 13696K, used 5296K [0x00000000ff2a0000, 0x0000000100000000, 0x0000000100000000)
 Metaspace       used 5076K, capacity 5258K, committed 5504K, reserved 1056768K
  class space    used 557K, capacity 597K, committed 640K, reserved 1048576K
}
{Heap before GC invocations=718 (full 92):
 par new generation   total 6144K, used 5233K [0x00000000fec00000, 0x00000000ff2a0000, 0x00000000ff2a0000)
  eden space 5504K,  95% used [0x00000000fec00000, 0x00000000ff11b780, 0x00000000ff160000)
  from space 640K,   0% used [0x00000000ff160000, 0x00000000ff161020, 0x00000000ff200000)
  to   space 640K,   0% used [0x00000000ff200000, 0x00000000ff200000, 0x00000000ff2a0000)
 concurrent mark-sweep generation total 13696K, used 5296K [0x00000000ff2a0000, 0x0000000100000000, 0x0000000100000000)
 Metaspace       used 5076K, capacity 5258K, committed 5504K, reserved 1056768K
  class space    used 557K, capacity 597K, committed 640K, reserved 1048576K
2024-07-16T11:01:41.091+0800: 5.971: [GC (Allocation Failure) 2024-07-16T11:01:41.091+0800: 5.971: [ParNew: 5233K->6K(6144K), 0.0006684 secs] 10530K->6329K(19840K), 0.0007301 secs] [Times: user=0.00 sys=0.00, real=0.00 secs] 
Heap after GC invocations=719 (full 92):
 par new generation   total 6144K, used 6K [0x00000000fec00000, 0x00000000ff2a0000, 0x00000000ff2a0000)
  eden space 5504K,   0% used [0x00000000fec00000, 0x00000000fec00000, 0x00000000ff160000)
  from space 640K,   0% used [0x00000000ff200000, 0x00000000ff201830, 0x00000000ff2a0000)
  to   space 640K,   0% used [0x00000000ff160000, 0x00000000ff160000, 0x00000000ff200000)
 concurrent mark-sweep generation total 13696K, used 6323K [0x00000000ff2a0000, 0x0000000100000000, 0x0000000100000000)
 Metaspace       used 5076K, capacity 5258K, committed 5504K, reserved 1056768K
  class space    used 557K, capacity 597K, committed 640K, reserved 1048576K
}
{Heap before GC invocations=719 (full 92):
 par new generation   total 6144K, used 5235K [0x00000000fec00000, 0x00000000ff2a0000, 0x00000000ff2a0000)
  eden space 5504K,  95% used [0x00000000fec00000, 0x00000000ff11b780, 0x00000000ff160000)
  from space 640K,   0% used [0x00000000ff200000, 0x00000000ff201830, 0x00000000ff2a0000)
  to   space 640K,   0% used [0x00000000ff160000, 0x00000000ff160000, 0x00000000ff200000)
 concurrent mark-sweep generation total 13696K, used 6323K [0x00000000ff2a0000, 0x0000000100000000, 0x0000000100000000)
 Metaspace       used 5076K, capacity 5258K, committed 5504K, reserved 1056768K
  class space    used 557K, capacity 597K, committed 640K, reserved 1048576K
2024-07-16T11:01:41.099+0800: 5.979: [GC (Allocation Failure) 2024-07-16T11:01:41.099+0800: 5.979: [ParNew: 5235K->4K(6144K), 0.0006731 secs] 11558K->6327K(19840K), 0.0007782 secs] [Times: user=0.00 sys=0.00, real=0.00 secs] 
Heap after GC invocations=720 (full 92):
 par new generation   total 6144K, used 4K [0x00000000fec00000, 0x00000000ff2a0000, 0x00000000ff2a0000)
  eden space 5504K,   0% used [0x00000000fec00000, 0x00000000fec00000, 0x00000000ff160000)
  from space 640K,   0% used [0x00000000ff160000, 0x00000000ff161020, 0x00000000ff200000)
  to   space 640K,   0% used [0x00000000ff200000, 0x00000000ff200000, 0x00000000ff2a0000)
 concurrent mark-sweep generation total 13696K, used 6323K [0x00000000ff2a0000, 0x0000000100000000, 0x0000000100000000)
 Metaspace       used 5076K, capacity 5258K, committed 5504K, reserved 1056768K
  class space    used 557K, capacity 597K, committed 640K, reserved 1048576K
}
{Heap before GC invocations=720 (full 92):
 par new generation   total 6144K, used 5233K [0x00000000fec00000, 0x00000000ff2a0000, 0x00000000ff2a0000)
  eden space 5504K,  95% used [0x00000000fec00000, 0x00000000ff11b780, 0x00000000ff160000)
  from space 640K,   0% used [0x00000000ff160000, 0x00000000ff161020, 0x00000000ff200000)
  to   space 640K,   0% used [0x00000000ff200000, 0x00000000ff200000, 0x00000000ff2a0000)
 concurrent mark-sweep generation total 13696K, used 6323K [0x00000000ff2a0000, 0x0000000100000000, 0x0000000100000000)
 Metaspace       used 5076K, capacity 5258K, committed 5504K, reserved 1056768K
  class space    used 557K, capacity 597K, committed 640K, reserved 1048576K
2024-07-16T11:01:41.106+0800: 5.986: [GC (Allocation Failure) 2024-07-16T11:01:41.106+0800: 5.986: [ParNew: 5233K->6K(6144K), 0.0009741 secs] 11556K->7353K(19840K), 0.0010642 secs] [Times: user=0.00 sys=0.00, real=0.00 secs] 
Heap after GC invocations=721 (full 92):
 par new generation   total 6144K, used 6K [0x00000000fec00000, 0x00000000ff2a0000, 0x00000000ff2a0000)
  eden space 5504K,   0% used [0x00000000fec00000, 0x00000000fec00000, 0x00000000ff160000)
  from space 640K,   0% used [0x00000000ff200000, 0x00000000ff201830, 0x00000000ff2a0000)
  to   space 640K,   0% used [0x00000000ff160000, 0x00000000ff160000, 0x00000000ff200000)
 concurrent mark-sweep generation total 13696K, used 7347K [0x00000000ff2a0000, 0x0000000100000000, 0x0000000100000000)
 Metaspace       used 5076K, capacity 5258K, committed 5504K, reserved 1056768K
  class space    used 557K, capacity 597K, committed 640K, reserved 1048576K
}
{Heap before GC invocations=721 (full 92):
 par new generation   total 6144K, used 5235K [0x00000000fec00000, 0x00000000ff2a0000, 0x00000000ff2a0000)
  eden space 5504K,  95% used [0x00000000fec00000, 0x00000000ff11b780, 0x00000000ff160000)
  from space 640K,   0% used [0x00000000ff200000, 0x00000000ff201830, 0x00000000ff2a0000)
  to   space 640K,   0% used [0x00000000ff160000, 0x00000000ff160000, 0x00000000ff200000)
 concurrent mark-sweep generation total 13696K, used 7347K [0x00000000ff2a0000, 0x0000000100000000, 0x0000000100000000)
 Metaspace       used 5076K, capacity 5258K, committed 5504K, reserved 1056768K
  class space    used 557K, capacity 597K, committed 640K, reserved 1048576K
2024-07-16T11:01:41.116+0800: 5.996: [GC (Allocation Failure) 2024-07-16T11:01:41.116+0800: 5.996: [ParNew: 5235K->4K(6144K), 0.0002986 secs] 12582K->7351K(19840K), 0.0003398 secs] [Times: user=0.00 sys=0.00, real=0.00 secs] 
Heap after GC invocations=722 (full 92):
 par new generation   total 6144K, used 4K [0x00000000fec00000, 0x00000000ff2a0000, 0x00000000ff2a0000)
  eden space 5504K,   0% used [0x00000000fec00000, 0x00000000fec00000, 0x00000000ff160000)
  from space 640K,   0% used [0x00000000ff160000, 0x00000000ff161020, 0x00000000ff200000)
  to   space 640K,   0% used [0x00000000ff200000, 0x00000000ff200000, 0x00000000ff2a0000)
 concurrent mark-sweep generation total 13696K, used 7347K [0x00000000ff2a0000, 0x0000000100000000, 0x0000000100000000)
 Metaspace       used 5076K, capacity 5258K, committed 5504K, reserved 1056768K
  class space    used 557K, capacity 597K, committed 640K, reserved 1048576K
}
{Heap before GC invocations=722 (full 92):
 par new generation   total 6144K, used 5233K [0x00000000fec00000, 0x00000000ff2a0000, 0x00000000ff2a0000)
  eden space 5504K,  95% used [0x00000000fec00000, 0x00000000ff11b780, 0x00000000ff160000)
  from space 640K,   0% used [0x00000000ff160000, 0x00000000ff161020, 0x00000000ff200000)
  to   space 640K,   0% used [0x00000000ff200000, 0x00000000ff200000, 0x00000000ff2a0000)
 concurrent mark-sweep generation total 13696K, used 7347K [0x00000000ff2a0000, 0x0000000100000000, 0x0000000100000000)
 Metaspace       used 5076K, capacity 5258K, committed 5504K, reserved 1056768K
  class space    used 557K, capacity 597K, committed 640K, reserved 1048576K
2024-07-16T11:01:41.123+0800: 6.003: [GC (Allocation Failure) 2024-07-16T11:01:41.123+0800: 6.003: [ParNew: 5233K->8K(6144K), 0.0003880 secs] 12580K->8381K(19840K), 0.0004295 secs] [Times: user=0.00 sys=0.00, real=0.00 secs] 
Heap after GC invocations=723 (full 92):
 par new generation   total 6144K, used 8K [0x00000000fec00000, 0x00000000ff2a0000, 0x00000000ff2a0000)
  eden space 5504K,   0% used [0x00000000fec00000, 0x00000000fec00000, 0x00000000ff160000)
  from space 640K,   1% used [0x00000000ff200000, 0x00000000ff202040, 0x00000000ff2a0000)
  to   space 640K,   0% used [0x00000000ff160000, 0x00000000ff160000, 0x00000000ff200000)
 concurrent mark-sweep generation total 13696K, used 8373K [0x00000000ff2a0000, 0x0000000100000000, 0x0000000100000000)
 Metaspace       used 5076K, capacity 5258K, committed 5504K, reserved 1056768K
  class space    used 557K, capacity 597K, committed 640K, reserved 1048576K
}
{Heap before GC invocations=723 (full 92):
 par new generation   total 6144K, used 5237K [0x00000000fec00000, 0x00000000ff2a0000, 0x00000000ff2a0000)
  eden space 5504K,  95% used [0x00000000fec00000, 0x00000000ff11b780, 0x00000000ff160000)
  from space 640K,   1% used [0x00000000ff200000, 0x00000000ff202040, 0x00000000ff2a0000)
  to   space 640K,   0% used [0x00000000ff160000, 0x00000000ff160000, 0x00000000ff200000)
 concurrent mark-sweep generation total 13696K, used 8373K [0x00000000ff2a0000, 0x0000000100000000, 0x0000000100000000)
 Metaspace       used 5076K, capacity 5258K, committed 5504K, reserved 1056768K
  class space    used 557K, capacity 597K, committed 640K, reserved 1048576K
2024-07-16T11:01:41.130+0800: 6.010: [GC (Allocation Failure) 2024-07-16T11:01:41.130+0800: 6.010: [ParNew: 5237K->4K(6144K), 0.0002943 secs] 13611K->8377K(19840K), 0.0003284 secs] [Times: user=0.00 sys=0.00, real=0.00 secs] 
Heap after GC invocations=724 (full 92):
 par new generation   total 6144K, used 4K [0x00000000fec00000, 0x00000000ff2a0000, 0x00000000ff2a0000)
  eden space 5504K,   0% used [0x00000000fec00000, 0x00000000fec00000, 0x00000000ff160000)
  from space 640K,   0% used [0x00000000ff160000, 0x00000000ff161020, 0x00000000ff200000)
  to   space 640K,   0% used [0x00000000ff200000, 0x00000000ff200000, 0x00000000ff2a0000)
 concurrent mark-sweep generation total 13696K, used 8373K [0x00000000ff2a0000, 0x0000000100000000, 0x0000000100000000)
 Metaspace       used 5076K, capacity 5258K, committed 5504K, reserved 1056768K
  class space    used 557K, capacity 597K, committed 640K, reserved 1048576K
}
{Heap before GC invocations=724 (full 92):
 par new generation   total 6144K, used 5233K [0x00000000fec00000, 0x00000000ff2a0000, 0x00000000ff2a0000)
  eden space 5504K,  95% used [0x00000000fec00000, 0x00000000ff11b780, 0x00000000ff160000)
  from space 640K,   0% used [0x00000000ff160000, 0x00000000ff161020, 0x00000000ff200000)
  to   space 640K,   0% used [0x00000000ff200000, 0x00000000ff200000, 0x00000000ff2a0000)
 concurrent mark-sweep generation total 13696K, used 8373K [0x00000000ff2a0000, 0x0000000100000000, 0x0000000100000000)
 Metaspace       used 5076K, capacity 5258K, committed 5504K, reserved 1056768K
  class space    used 557K, capacity 597K, committed 640K, reserved 1048576K
2024-07-16T11:01:41.136+0800: 6.016: [GC (Allocation Failure) 2024-07-16T11:01:41.136+0800: 6.016: [ParNew: 5233K->6K(6144K), 0.0006786 secs] 13607K->9403K(19840K), 0.0007254 secs] [Times: user=0.00 sys=0.00, real=0.00 secs] 
Heap after GC invocations=725 (full 92):
 par new generation   total 6144K, used 6K [0x00000000fec00000, 0x00000000ff2a0000, 0x00000000ff2a0000)
  eden space 5504K,   0% used [0x00000000fec00000, 0x00000000fec00000, 0x00000000ff160000)
  from space 640K,   0% used [0x00000000ff200000, 0x00000000ff201830, 0x00000000ff2a0000)
  to   space 640K,   0% used [0x00000000ff160000, 0x00000000ff160000, 0x00000000ff200000)
 concurrent mark-sweep generation total 13696K, used 9397K [0x00000000ff2a0000, 0x0000000100000000, 0x0000000100000000)
 Metaspace       used 5076K, capacity 5258K, committed 5504K, reserved 1056768K
  class space    used 557K, capacity 597K, committed 640K, reserved 1048576K
}
{Heap before GC invocations=725 (full 92):
 par new generation   total 6144K, used 5235K [0x00000000fec00000, 0x00000000ff2a0000, 0x00000000ff2a0000)
  eden space 5504K,  95% used [0x00000000fec00000, 0x00000000ff11b780, 0x00000000ff160000)
  from space 640K,   0% used [0x00000000ff200000, 0x00000000ff201830, 0x00000000ff2a0000)
  to   space 640K,   0% used [0x00000000ff160000, 0x00000000ff160000, 0x00000000ff200000)
 concurrent mark-sweep generation total 13696K, used 9397K [0x00000000ff2a0000, 0x0000000100000000, 0x0000000100000000)
 Metaspace       used 5076K, capacity 5258K, committed 5504K, reserved 1056768K
  class space    used 557K, capacity 597K, committed 640K, reserved 1048576K
2024-07-16T11:01:41.142+0800: 6.022: [GC (Allocation Failure) 2024-07-16T11:01:41.142+0800: 6.022: [ParNew: 5235K->8K(6144K), 0.0004110 secs] 14633K->10429K(19840K), 0.0004512 secs] [Times: user=0.00 sys=0.00, real=0.00 secs] 
Heap after GC invocations=726 (full 92):
 par new generation   total 6144K, used 8K [0x00000000fec00000, 0x00000000ff2a0000, 0x00000000ff2a0000)
  eden space 5504K,   0% used [0x00000000fec00000, 0x00000000fec00000, 0x00000000ff160000)
  from space 640K,   1% used [0x00000000ff160000, 0x00000000ff162040, 0x00000000ff200000)
  to   space 640K,   0% used [0x00000000ff200000, 0x00000000ff200000, 0x00000000ff2a0000)
 concurrent mark-sweep generation total 13696K, used 10421K [0x00000000ff2a0000, 0x0000000100000000, 0x0000000100000000)
 Metaspace       used 5076K, capacity 5258K, committed 5504K, reserved 1056768K
  class space    used 557K, capacity 597K, committed 640K, reserved 1048576K
}
{Heap before GC invocations=726 (full 92):
 par new generation   total 6144K, used 5237K [0x00000000fec00000, 0x00000000ff2a0000, 0x00000000ff2a0000)
  eden space 5504K,  95% used [0x00000000fec00000, 0x00000000ff11b780, 0x00000000ff160000)
  from space 640K,   1% used [0x00000000ff160000, 0x00000000ff162040, 0x00000000ff200000)
  to   space 640K,   0% used [0x00000000ff200000, 0x00000000ff200000, 0x00000000ff2a0000)
 concurrent mark-sweep generation total 13696K, used 10421K [0x00000000ff2a0000, 0x0000000100000000, 0x0000000100000000)
 Metaspace       used 5076K, capacity 5258K, committed 5504K, reserved 1056768K
  class space    used 557K, capacity 597K, committed 640K, reserved 1048576K
2024-07-16T11:01:41.148+0800: 6.028: [GC (Allocation Failure) 2024-07-16T11:01:41.148+0800: 6.028: [ParNew: 5237K->6K(6144K), 0.0003863 secs] 15659K->11453K(19840K), 0.0004125 secs] [Times: user=0.00 sys=0.00, real=0.00 secs] 
Heap after GC invocations=727 (full 92):
 par new generation   total 6144K, used 6K [0x00000000fec00000, 0x00000000ff2a0000, 0x00000000ff2a0000)
  eden space 5504K,   0% used [0x00000000fec00000, 0x00000000fec00000, 0x00000000ff160000)
  from space 640K,   0% used [0x00000000ff200000, 0x00000000ff201830, 0x00000000ff2a0000)
  to   space 640K,   0% used [0x00000000ff160000, 0x00000000ff160000, 0x00000000ff200000)
 concurrent mark-sweep generation total 13696K, used 11447K [0x00000000ff2a0000, 0x0000000100000000, 0x0000000100000000)
 Metaspace       used 5076K, capacity 5258K, committed 5504K, reserved 1056768K
  class space    used 557K, capacity 597K, committed 640K, reserved 1048576K
}
{Heap before GC invocations=727 (full 92):
 par new generation   total 6144K, used 5235K [0x00000000fec00000, 0x00000000ff2a0000, 0x00000000ff2a0000)
  eden space 5504K,  95% used [0x00000000fec00000, 0x00000000ff11b780, 0x00000000ff160000)
  from space 640K,   0% used [0x00000000ff200000, 0x00000000ff201830, 0x00000000ff2a0000)
  to   space 640K,   0% used [0x00000000ff160000, 0x00000000ff160000, 0x00000000ff200000)
 concurrent mark-sweep generation total 13696K, used 11447K [0x00000000ff2a0000, 0x0000000100000000, 0x0000000100000000)
 Metaspace       used 5076K, capacity 5258K, committed 5504K, reserved 1056768K
  class space    used 557K, capacity 597K, committed 640K, reserved 1048576K
2024-07-16T11:01:41.155+0800: 6.035: [GC (Allocation Failure) 2024-07-16T11:01:41.155+0800: 6.035: [ParNew: 5235K->6K(6144K), 0.0007219 secs] 16683K->12477K(19840K), 0.0007970 secs] [Times: user=0.00 sys=0.00, real=0.00 secs] 
Heap after GC invocations=728 (full 92):
 par new generation   total 6144K, used 6K [0x00000000fec00000, 0x00000000ff2a0000, 0x00000000ff2a0000)
  eden space 5504K,   0% used [0x00000000fec00000, 0x00000000fec00000, 0x00000000ff160000)
  from space 640K,   0% used [0x00000000ff160000, 0x00000000ff161830, 0x00000000ff200000)
  to   space 640K,   0% used [0x00000000ff200000, 0x00000000ff200000, 0x00000000ff2a0000)
 concurrent mark-sweep generation total 13696K, used 12471K [0x00000000ff2a0000, 0x0000000100000000, 0x0000000100000000)
 Metaspace       used 5076K, capacity 5258K, committed 5504K, reserved 1056768K
  class space    used 557K, capacity 597K, committed 640K, reserved 1048576K
}
{Heap before GC invocations=728 (full 92):
 par new generation   total 6144K, used 5235K [0x00000000fec00000, 0x00000000ff2a0000, 0x00000000ff2a0000)
  eden space 5504K,  95% used [0x00000000fec00000, 0x00000000ff11b780, 0x00000000ff160000)
  from space 640K,   0% used [0x00000000ff160000, 0x00000000ff161830, 0x00000000ff200000)
  to   space 640K,   0% used [0x00000000ff200000, 0x00000000ff200000, 0x00000000ff2a0000)
 concurrent mark-sweep generation total 13696K, used 12471K [0x00000000ff2a0000, 0x0000000100000000, 0x0000000100000000)
 Metaspace       used 5076K, capacity 5258K, committed 5504K, reserved 1056768K
  class space    used 557K, capacity 597K, committed 640K, reserved 1048576K
2024-07-16T11:01:41.163+0800: 6.043: [GC (Allocation Failure) 2024-07-16T11:01:41.163+0800: 6.043: [ParNew: 5235K->5235K(6144K), 0.0000175 secs]2024-07-16T11:01:41.163+0800: 6.043: [CMS2024-07-16T11:01:41.163+0800: 6.043: [CMS-concurrent-abortable-preclean: 0.001/0.114 secs] [Times: user=0.00 sys=0.00, real=0.11 secs] 
 (concurrent mode failure): 12471K->2220K(13696K), 0.0042648 secs] 17707K->2220K(19840K), [Metaspace: 5076K->5076K(1056768K)], 0.0043427 secs] [Times: user=0.00 sys=0.00, real=0.00 secs] 
Heap after GC invocations=729 (full 93):
 par new generation   total 6144K, used 0K [0x00000000fec00000, 0x00000000ff2a0000, 0x00000000ff2a0000)
  eden space 5504K,   0% used [0x00000000fec00000, 0x00000000fec00000, 0x00000000ff160000)
  from space 640K,   0% used [0x00000000ff160000, 0x00000000ff160000, 0x00000000ff200000)
  to   space 640K,   0% used [0x00000000ff200000, 0x00000000ff200000, 0x00000000ff2a0000)
 concurrent mark-sweep generation total 13696K, used 2220K [0x00000000ff2a0000, 0x0000000100000000, 0x0000000100000000)
 Metaspace       used 5076K, capacity 5258K, committed 5504K, reserved 1056768K
  class space    used 557K, capacity 597K, committed 640K, reserved 1048576K
}
{Heap before GC invocations=729 (full 93):
 par new generation   total 6144K, used 5229K [0x00000000fec00000, 0x00000000ff2a0000, 0x00000000ff2a0000)
  eden space 5504K,  95% used [0x00000000fec00000, 0x00000000ff11b780, 0x00000000ff160000)
  from space 640K,   0% used [0x00000000ff160000, 0x00000000ff160000, 0x00000000ff200000)
  to   space 640K,   0% used [0x00000000ff200000, 0x00000000ff200000, 0x00000000ff2a0000)
 concurrent mark-sweep generation total 13696K, used 2220K [0x00000000ff2a0000, 0x0000000100000000, 0x0000000100000000)
 Metaspace       used 5076K, capacity 5258K, committed 5504K, reserved 1056768K
  class space    used 557K, capacity 597K, committed 640K, reserved 1048576K
2024-07-16T11:01:41.174+0800: 6.054: [GC (Allocation Failure) 2024-07-16T11:01:41.174+0800: 6.054: [ParNew: 5229K->6K(6144K), 0.0009370 secs] 7450K->3252K(19840K), 0.0010085 secs] [Times: user=0.00 sys=0.00, real=0.00 secs] 
Heap after GC invocations=730 (full 93):
 par new generation   total 6144K, used 6K [0x00000000fec00000, 0x00000000ff2a0000, 0x00000000ff2a0000)
  eden space 5504K,   0% used [0x00000000fec00000, 0x00000000fec00000, 0x00000000ff160000)
  from space 640K,   0% used [0x00000000ff200000, 0x00000000ff201830, 0x00000000ff2a0000)
  to   space 640K,   0% used [0x00000000ff160000, 0x00000000ff160000, 0x00000000ff200000)
 concurrent mark-sweep generation total 13696K, used 3246K [0x00000000ff2a0000, 0x0000000100000000, 0x0000000100000000)
 Metaspace       used 5076K, capacity 5258K, committed 5504K, reserved 1056768K
  class space    used 557K, capacity 597K, committed 640K, reserved 1048576K
}
2024-07-16T11:01:41.175+0800: 6.056: [GC (CMS Initial Mark) [1 CMS-initial-mark: 3246K(13696K)] 4278K(19840K), 0.0005067 secs] [Times: user=0.00 sys=0.00, real=0.00 secs] 
2024-07-16T11:01:41.176+0800: 6.056: [CMS-concurrent-mark-start]
2024-07-16T11:01:41.180+0800: 6.060: [CMS-concurrent-mark: 0.004/0.004 secs] [Times: user=0.00 sys=0.00, real=0.00 secs] 
2024-07-16T11:01:41.180+0800: 6.060: [CMS-concurrent-preclean-start]
2024-07-16T11:01:41.180+0800: 6.060: [CMS-concurrent-preclean: 0.000/0.000 secs] [Times: user=0.00 sys=0.00, real=0.00 secs] 
2024-07-16T11:01:41.180+0800: 6.060: [CMS-concurrent-abortable-preclean-start]
{Heap before GC invocations=730 (full 94):
 par new generation   total 6144K, used 5235K [0x00000000fec00000, 0x00000000ff2a0000, 0x00000000ff2a0000)
  eden space 5504K,  95% used [0x00000000fec00000, 0x00000000ff11b780, 0x00000000ff160000)
  from space 640K,   0% used [0x00000000ff200000, 0x00000000ff201830, 0x00000000ff2a0000)
  to   space 640K,   0% used [0x00000000ff160000, 0x00000000ff160000, 0x00000000ff200000)
 concurrent mark-sweep generation total 13696K, used 3246K [0x00000000ff2a0000, 0x0000000100000000, 0x0000000100000000)
 Metaspace       used 5076K, capacity 5258K, committed 5504K, reserved 1056768K
  class space    used 557K, capacity 597K, committed 640K, reserved 1048576K
2024-07-16T11:01:41.183+0800: 6.063: [GC (Allocation Failure) 2024-07-16T11:01:41.183+0800: 6.063: [ParNew: 5235K->8K(6144K), 0.0012352 secs] 8482K->4281K(19840K), 0.0012984 secs] [Times: user=0.00 sys=0.00, real=0.00 secs] 
Heap after GC invocations=731 (full 94):
 par new generation   total 6144K, used 8K [0x00000000fec00000, 0x00000000ff2a0000, 0x00000000ff2a0000)
  eden space 5504K,   0% used [0x00000000fec00000, 0x00000000fec00000, 0x00000000ff160000)
  from space 640K,   1% used [0x00000000ff160000, 0x00000000ff162040, 0x00000000ff200000)
  to   space 640K,   0% used [0x00000000ff200000, 0x00000000ff200000, 0x00000000ff2a0000)
 concurrent mark-sweep generation total 13696K, used 4272K [0x00000000ff2a0000, 0x0000000100000000, 0x0000000100000000)
 Metaspace       used 5076K, capacity 5258K, committed 5504K, reserved 1056768K
  class space    used 557K, capacity 597K, committed 640K, reserved 1048576K
}
{Heap before GC invocations=731 (full 94):
 par new generation   total 6144K, used 5237K [0x00000000fec00000, 0x00000000ff2a0000, 0x00000000ff2a0000)
  eden space 5504K,  95% used [0x00000000fec00000, 0x00000000ff11b780, 0x00000000ff160000)
  from space 640K,   1% used [0x00000000ff160000, 0x00000000ff162040, 0x00000000ff200000)
  to   space 640K,   0% used [0x00000000ff200000, 0x00000000ff200000, 0x00000000ff2a0000)
 concurrent mark-sweep generation total 13696K, used 4272K [0x00000000ff2a0000, 0x0000000100000000, 0x0000000100000000)
 Metaspace       used 5076K, capacity 5258K, committed 5504K, reserved 1056768K
  class space    used 557K, capacity 597K, committed 640K, reserved 1048576K
2024-07-16T11:01:41.192+0800: 6.072: [GC (Allocation Failure) 2024-07-16T11:01:41.192+0800: 6.072: [ParNew: 5237K->8K(6144K), 0.0003429 secs] 9510K->5307K(19840K), 0.0003844 secs] [Times: user=0.00 sys=0.00, real=0.00 secs] 
Heap after GC invocations=732 (full 94):
 par new generation   total 6144K, used 8K [0x00000000fec00000, 0x00000000ff2a0000, 0x00000000ff2a0000)
  eden space 5504K,   0% used [0x00000000fec00000, 0x00000000fec00000, 0x00000000ff160000)
  from space 640K,   1% used [0x00000000ff200000, 0x00000000ff202040, 0x00000000ff2a0000)
  to   space 640K,   0% used [0x00000000ff160000, 0x00000000ff160000, 0x00000000ff200000)
 concurrent mark-sweep generation total 13696K, used 5299K [0x00000000ff2a0000, 0x0000000100000000, 0x0000000100000000)
 Metaspace       used 5076K, capacity 5258K, committed 5504K, reserved 1056768K
  class space    used 557K, capacity 597K, committed 640K, reserved 1048576K
}
{Heap before GC invocations=732 (full 94):
 par new generation   total 6144K, used 5237K [0x00000000fec00000, 0x00000000ff2a0000, 0x00000000ff2a0000)
  eden space 5504K,  95% used [0x00000000fec00000, 0x00000000ff11b780, 0x00000000ff160000)
  from space 640K,   1% used [0x00000000ff200000, 0x00000000ff202040, 0x00000000ff2a0000)
  to   space 640K,   0% used [0x00000000ff160000, 0x00000000ff160000, 0x00000000ff200000)
 concurrent mark-sweep generation total 13696K, used 5299K [0x00000000ff2a0000, 0x0000000100000000, 0x0000000100000000)
 Metaspace       used 5076K, capacity 5258K, committed 5504K, reserved 1056768K
  class space    used 557K, capacity 597K, committed 640K, reserved 1048576K
2024-07-16T11:01:41.200+0800: 6.080: [GC (Allocation Failure) 2024-07-16T11:01:41.200+0800: 6.080: [ParNew: 5237K->4K(6144K), 0.0004381 secs] 10536K->5303K(19840K), 0.0004905 secs] [Times: user=0.00 sys=0.00, real=0.00 secs] 
Heap after GC invocations=733 (full 94):
 par new generation   total 6144K, used 4K [0x00000000fec00000, 0x00000000ff2a0000, 0x00000000ff2a0000)
  eden space 5504K,   0% used [0x00000000fec00000, 0x00000000fec00000, 0x00000000ff160000)
  from space 640K,   0% used [0x00000000ff160000, 0x00000000ff161020, 0x00000000ff200000)
  to   space 640K,   0% used [0x00000000ff200000, 0x00000000ff200000, 0x00000000ff2a0000)
 concurrent mark-sweep generation total 13696K, used 5299K [0x00000000ff2a0000, 0x0000000100000000, 0x0000000100000000)
 Metaspace       used 5076K, capacity 5258K, committed 5504K, reserved 1056768K
  class space    used 557K, capacity 597K, committed 640K, reserved 1048576K
}
{Heap before GC invocations=733 (full 94):
 par new generation   total 6144K, used 5233K [0x00000000fec00000, 0x00000000ff2a0000, 0x00000000ff2a0000)
  eden space 5504K,  95% used [0x00000000fec00000, 0x00000000ff11b780, 0x00000000ff160000)
  from space 640K,   0% used [0x00000000ff160000, 0x00000000ff161020, 0x00000000ff200000)
  to   space 640K,   0% used [0x00000000ff200000, 0x00000000ff200000, 0x00000000ff2a0000)
 concurrent mark-sweep generation total 13696K, used 5299K [0x00000000ff2a0000, 0x0000000100000000, 0x0000000100000000)
 Metaspace       used 5076K, capacity 5258K, committed 5504K, reserved 1056768K
  class space    used 557K, capacity 597K, committed 640K, reserved 1048576K
2024-07-16T11:01:41.207+0800: 6.087: [GC (Allocation Failure) 2024-07-16T11:01:41.207+0800: 6.087: [ParNew: 5233K->8K(6144K), 0.0004069 secs] 10532K->6333K(19840K), 0.0004446 secs] [Times: user=0.00 sys=0.00, real=0.00 secs] 
Heap after GC invocations=734 (full 94):
 par new generation   total 6144K, used 8K [0x00000000fec00000, 0x00000000ff2a0000, 0x00000000ff2a0000)
  eden space 5504K,   0% used [0x00000000fec00000, 0x00000000fec00000, 0x00000000ff160000)
  from space 640K,   1% used [0x00000000ff200000, 0x00000000ff202040, 0x00000000ff2a0000)
  to   space 640K,   0% used [0x00000000ff160000, 0x00000000ff160000, 0x00000000ff200000)
 concurrent mark-sweep generation total 13696K, used 6325K [0x00000000ff2a0000, 0x0000000100000000, 0x0000000100000000)
 Metaspace       used 5076K, capacity 5258K, committed 5504K, reserved 1056768K
  class space    used 557K, capacity 597K, committed 640K, reserved 1048576K
}
{Heap before GC invocations=734 (full 94):
 par new generation   total 6144K, used 5237K [0x00000000fec00000, 0x00000000ff2a0000, 0x00000000ff2a0000)
  eden space 5504K,  95% used [0x00000000fec00000, 0x00000000ff11b780, 0x00000000ff160000)
  from space 640K,   1% used [0x00000000ff200000, 0x00000000ff202040, 0x00000000ff2a0000)
  to   space 640K,   0% used [0x00000000ff160000, 0x00000000ff160000, 0x00000000ff200000)
 concurrent mark-sweep generation total 13696K, used 6325K [0x00000000ff2a0000, 0x0000000100000000, 0x0000000100000000)
 Metaspace       used 5076K, capacity 5258K, committed 5504K, reserved 1056768K
  class space    used 557K, capacity 597K, committed 640K, reserved 1048576K
2024-07-16T11:01:41.213+0800: 6.093: [GC (Allocation Failure) 2024-07-16T11:01:41.213+0800: 6.093: [ParNew: 5237K->8K(6144K), 0.0003664 secs] 11563K->7359K(19840K), 0.0004034 secs] [Times: user=0.00 sys=0.00, real=0.00 secs] 
Heap after GC invocations=735 (full 94):
 par new generation   total 6144K, used 8K [0x00000000fec00000, 0x00000000ff2a0000, 0x00000000ff2a0000)
  eden space 5504K,   0% used [0x00000000fec00000, 0x00000000fec00000, 0x00000000ff160000)
  from space 640K,   1% used [0x00000000ff160000, 0x00000000ff162040, 0x00000000ff200000)
  to   space 640K,   0% used [0x00000000ff200000, 0x00000000ff200000, 0x00000000ff2a0000)
 concurrent mark-sweep generation total 13696K, used 7351K [0x00000000ff2a0000, 0x0000000100000000, 0x0000000100000000)
 Metaspace       used 5076K, capacity 5258K, committed 5504K, reserved 1056768K
  class space    used 557K, capacity 597K, committed 640K, reserved 1048576K
}
{Heap before GC invocations=735 (full 94):
 par new generation   total 6144K, used 5237K [0x00000000fec00000, 0x00000000ff2a0000, 0x00000000ff2a0000)
  eden space 5504K,  95% used [0x00000000fec00000, 0x00000000ff11b780, 0x00000000ff160000)
  from space 640K,   1% used [0x00000000ff160000, 0x00000000ff162040, 0x00000000ff200000)
  to   space 640K,   0% used [0x00000000ff200000, 0x00000000ff200000, 0x00000000ff2a0000)
 concurrent mark-sweep generation total 13696K, used 7351K [0x00000000ff2a0000, 0x0000000100000000, 0x0000000100000000)
 Metaspace       used 5076K, capacity 5258K, committed 5504K, reserved 1056768K
  class space    used 557K, capacity 597K, committed 640K, reserved 1048576K
2024-07-16T11:01:41.219+0800: 6.099: [GC (Allocation Failure) 2024-07-16T11:01:41.219+0800: 6.099: [ParNew: 5237K->6K(6144K), 0.0007844 secs] 12589K->8381K(19840K), 0.0008690 secs] [Times: user=0.00 sys=0.00, real=0.00 secs] 
Heap after GC invocations=736 (full 94):
 par new generation   total 6144K, used 6K [0x00000000fec00000, 0x00000000ff2a0000, 0x00000000ff2a0000)
  eden space 5504K,   0% used [0x00000000fec00000, 0x00000000fec00000, 0x00000000ff160000)
  from space 640K,   0% used [0x00000000ff200000, 0x00000000ff201830, 0x00000000ff2a0000)
  to   space 640K,   0% used [0x00000000ff160000, 0x00000000ff160000, 0x00000000ff200000)
 concurrent mark-sweep generation total 13696K, used 8375K [0x00000000ff2a0000, 0x0000000100000000, 0x0000000100000000)
 Metaspace       used 5076K, capacity 5258K, committed 5504K, reserved 1056768K
  class space    used 557K, capacity 597K, committed 640K, reserved 1048576K
}
{Heap before GC invocations=736 (full 94):
 par new generation   total 6144K, used 5235K [0x00000000fec00000, 0x00000000ff2a0000, 0x00000000ff2a0000)
  eden space 5504K,  95% used [0x00000000fec00000, 0x00000000ff11b780, 0x00000000ff160000)
  from space 640K,   0% used [0x00000000ff200000, 0x00000000ff201830, 0x00000000ff2a0000)
  to   space 640K,   0% used [0x00000000ff160000, 0x00000000ff160000, 0x00000000ff200000)
 concurrent mark-sweep generation total 13696K, used 8375K [0x00000000ff2a0000, 0x0000000100000000, 0x0000000100000000)
 Metaspace       used 5076K, capacity 5258K, committed 5504K, reserved 1056768K
  class space    used 557K, capacity 597K, committed 640K, reserved 1048576K
2024-07-16T11:01:41.227+0800: 6.107: [GC (Allocation Failure) 2024-07-16T11:01:41.227+0800: 6.107: [ParNew: 5235K->6K(6144K), 0.0008730 secs] 13611K->9407K(19840K), 0.0009591 secs] [Times: user=0.00 sys=0.00, real=0.00 secs] 
Heap after GC invocations=737 (full 94):
 par new generation   total 6144K, used 6K [0x00000000fec00000, 0x00000000ff2a0000, 0x00000000ff2a0000)
  eden space 5504K,   0% used [0x00000000fec00000, 0x00000000fec00000, 0x00000000ff160000)
  from space 640K,   0% used [0x00000000ff160000, 0x00000000ff161830, 0x00000000ff200000)
  to   space 640K,   0% used [0x00000000ff200000, 0x00000000ff200000, 0x00000000ff2a0000)
 concurrent mark-sweep generation total 13696K, used 9401K [0x00000000ff2a0000, 0x0000000100000000, 0x0000000100000000)
 Metaspace       used 5076K, capacity 5258K, committed 5504K, reserved 1056768K
  class space    used 557K, capacity 597K, committed 640K, reserved 1048576K
}
{Heap before GC invocations=737 (full 94):
 par new generation   total 6144K, used 5235K [0x00000000fec00000, 0x00000000ff2a0000, 0x00000000ff2a0000)
  eden space 5504K,  95% used [0x00000000fec00000, 0x00000000ff11b780, 0x00000000ff160000)
  from space 640K,   0% used [0x00000000ff160000, 0x00000000ff161830, 0x00000000ff200000)
  to   space 640K,   0% used [0x00000000ff200000, 0x00000000ff200000, 0x00000000ff2a0000)
 concurrent mark-sweep generation total 13696K, used 9401K [0x00000000ff2a0000, 0x0000000100000000, 0x0000000100000000)
 Metaspace       used 5076K, capacity 5258K, committed 5504K, reserved 1056768K
  class space    used 557K, capacity 597K, committed 640K, reserved 1048576K
2024-07-16T11:01:41.235+0800: 6.115: [GC (Allocation Failure) 2024-07-16T11:01:41.235+0800: 6.115: [ParNew: 5235K->4K(6144K), 0.0010577 secs] 14637K->9405K(19840K), 0.0011223 secs] [Times: user=0.00 sys=0.00, real=0.00 secs] 
Heap after GC invocations=738 (full 94):
 par new generation   total 6144K, used 4K [0x00000000fec00000, 0x00000000ff2a0000, 0x00000000ff2a0000)
  eden space 5504K,   0% used [0x00000000fec00000, 0x00000000fec00000, 0x00000000ff160000)
  from space 640K,   0% used [0x00000000ff200000, 0x00000000ff201020, 0x00000000ff2a0000)
  to   space 640K,   0% used [0x00000000ff160000, 0x00000000ff160000, 0x00000000ff200000)
 concurrent mark-sweep generation total 13696K, used 9401K [0x00000000ff2a0000, 0x0000000100000000, 0x0000000100000000)
 Metaspace       used 5076K, capacity 5258K, committed 5504K, reserved 1056768K
  class space    used 557K, capacity 597K, committed 640K, reserved 1048576K
}
{Heap before GC invocations=738 (full 94):
 par new generation   total 6144K, used 5233K [0x00000000fec00000, 0x00000000ff2a0000, 0x00000000ff2a0000)
  eden space 5504K,  95% used [0x00000000fec00000, 0x00000000ff11b780, 0x00000000ff160000)
  from space 640K,   0% used [0x00000000ff200000, 0x00000000ff201020, 0x00000000ff2a0000)
  to   space 640K,   0% used [0x00000000ff160000, 0x00000000ff160000, 0x00000000ff200000)
 concurrent mark-sweep generation total 13696K, used 9401K [0x00000000ff2a0000, 0x0000000100000000, 0x0000000100000000)
 Metaspace       used 5076K, capacity 5258K, committed 5504K, reserved 1056768K
  class space    used 557K, capacity 597K, committed 640K, reserved 1048576K
2024-07-16T11:01:41.244+0800: 6.124: [GC (Allocation Failure) 2024-07-16T11:01:41.244+0800: 6.124: [ParNew: 5233K->4K(6144K), 0.0009843 secs] 14635K->9405K(19840K), 0.0011088 secs] [Times: user=0.00 sys=0.00, real=0.00 secs] 
Heap after GC invocations=739 (full 94):
 par new generation   total 6144K, used 4K [0x00000000fec00000, 0x00000000ff2a0000, 0x00000000ff2a0000)
  eden space 5504K,   0% used [0x00000000fec00000, 0x00000000fec00000, 0x00000000ff160000)
  from space 640K,   0% used [0x00000000ff160000, 0x00000000ff161020, 0x00000000ff200000)
  to   space 640K,   0% used [0x00000000ff200000, 0x00000000ff200000, 0x00000000ff2a0000)
 concurrent mark-sweep generation total 13696K, used 9401K [0x00000000ff2a0000, 0x0000000100000000, 0x0000000100000000)
 Metaspace       used 5076K, capacity 5258K, committed 5504K, reserved 1056768K
  class space    used 557K, capacity 597K, committed 640K, reserved 1048576K
}
{Heap before GC invocations=739 (full 94):
 par new generation   total 6144K, used 5233K [0x00000000fec00000, 0x00000000ff2a0000, 0x00000000ff2a0000)
  eden space 5504K,  95% used [0x00000000fec00000, 0x00000000ff11b780, 0x00000000ff160000)
  from space 640K,   0% used [0x00000000ff160000, 0x00000000ff161020, 0x00000000ff200000)
  to   space 640K,   0% used [0x00000000ff200000, 0x00000000ff200000, 0x00000000ff2a0000)
 concurrent mark-sweep generation total 13696K, used 9401K [0x00000000ff2a0000, 0x0000000100000000, 0x0000000100000000)
 Metaspace       used 5076K, capacity 5258K, committed 5504K, reserved 1056768K
  class space    used 557K, capacity 597K, committed 640K, reserved 1048576K
2024-07-16T11:01:41.253+0800: 6.133: [GC (Allocation Failure) 2024-07-16T11:01:41.253+0800: 6.133: [ParNew: 5233K->2K(6144K), 0.0003105 secs] 14635K->9403K(19840K), 0.0003491 secs] [Times: user=0.00 sys=0.00, real=0.00 secs] 
Heap after GC invocations=740 (full 94):
 par new generation   total 6144K, used 2K [0x00000000fec00000, 0x00000000ff2a0000, 0x00000000ff2a0000)
  eden space 5504K,   0% used [0x00000000fec00000, 0x00000000fec00000, 0x00000000ff160000)
  from space 640K,   0% used [0x00000000ff200000, 0x00000000ff200810, 0x00000000ff2a0000)
  to   space 640K,   0% used [0x00000000ff160000, 0x00000000ff160000, 0x00000000ff200000)
 concurrent mark-sweep generation total 13696K, used 9401K [0x00000000ff2a0000, 0x0000000100000000, 0x0000000100000000)
 Metaspace       used 5076K, capacity 5258K, committed 5504K, reserved 1056768K
  class space    used 557K, capacity 597K, committed 640K, reserved 1048576K
}
{Heap before GC invocations=740 (full 94):
 par new generation   total 6144K, used 5231K [0x00000000fec00000, 0x00000000ff2a0000, 0x00000000ff2a0000)
  eden space 5504K,  95% used [0x00000000fec00000, 0x00000000ff11b780, 0x00000000ff160000)
  from space 640K,   0% used [0x00000000ff200000, 0x00000000ff200810, 0x00000000ff2a0000)
  to   space 640K,   0% used [0x00000000ff160000, 0x00000000ff160000, 0x00000000ff200000)
 concurrent mark-sweep generation total 13696K, used 9401K [0x00000000ff2a0000, 0x0000000100000000, 0x0000000100000000)
 Metaspace       used 5076K, capacity 5258K, committed 5504K, reserved 1056768K
  class space    used 557K, capacity 597K, committed 640K, reserved 1048576K
2024-07-16T11:01:41.260+0800: 6.140: [GC (Allocation Failure) 2024-07-16T11:01:41.260+0800: 6.140: [ParNew: 5231K->8K(6144K), 0.0006646 secs] 14633K->11457K(19840K), 0.0007197 secs] [Times: user=0.00 sys=0.00, real=0.00 secs] 
Heap after GC invocations=741 (full 94):
 par new generation   total 6144K, used 8K [0x00000000fec00000, 0x00000000ff2a0000, 0x00000000ff2a0000)
  eden space 5504K,   0% used [0x00000000fec00000, 0x00000000fec00000, 0x00000000ff160000)
  from space 640K,   1% used [0x00000000ff160000, 0x00000000ff162040, 0x00000000ff200000)
  to   space 640K,   0% used [0x00000000ff200000, 0x00000000ff200000, 0x00000000ff2a0000)
 concurrent mark-sweep generation total 13696K, used 11449K [0x00000000ff2a0000, 0x0000000100000000, 0x0000000100000000)
 Metaspace       used 5076K, capacity 5258K, committed 5504K, reserved 1056768K
  class space    used 557K, capacity 597K, committed 640K, reserved 1048576K
}
{Heap before GC invocations=741 (full 94):
 par new generation   total 6144K, used 5237K [0x00000000fec00000, 0x00000000ff2a0000, 0x00000000ff2a0000)
  eden space 5504K,  95% used [0x00000000fec00000, 0x00000000ff11b780, 0x00000000ff160000)
  from space 640K,   1% used [0x00000000ff160000, 0x00000000ff162040, 0x00000000ff200000)
  to   space 640K,   0% used [0x00000000ff200000, 0x00000000ff200000, 0x00000000ff2a0000)
 concurrent mark-sweep generation total 13696K, used 11449K [0x00000000ff2a0000, 0x0000000100000000, 0x0000000100000000)
 Metaspace       used 5076K, capacity 5258K, committed 5504K, reserved 1056768K
  class space    used 557K, capacity 597K, committed 640K, reserved 1048576K
2024-07-16T11:01:41.269+0800: 6.149: [GC (Allocation Failure) 2024-07-16T11:01:41.269+0800: 6.149: [ParNew: 5237K->5237K(6144K), 0.0000168 secs]2024-07-16T11:01:41.269+0800: 6.149: [CMS2024-07-16T11:01:41.269+0800: 6.149: [CMS-concurrent-abortable-preclean: 0.001/0.089 secs] [Times: user=0.00 sys=0.00, real=0.09 secs] 
 (concurrent mode failure): 11449K->2220K(13696K), 0.0032546 secs] 16687K->2220K(19840K), [Metaspace: 5076K->5076K(1056768K)], 0.0033238 secs] [Times: user=0.00 sys=0.00, real=0.00 secs] 
Heap after GC invocations=742 (full 95):
 par new generation   total 6144K, used 0K [0x00000000fec00000, 0x00000000ff2a0000, 0x00000000ff2a0000)
  eden space 5504K,   0% used [0x00000000fec00000, 0x00000000fec00000, 0x00000000ff160000)
  from space 640K,   0% used [0x00000000ff160000, 0x00000000ff160000, 0x00000000ff200000)
  to   space 640K,   0% used [0x00000000ff200000, 0x00000000ff200000, 0x00000000ff2a0000)
 concurrent mark-sweep generation total 13696K, used 2220K [0x00000000ff2a0000, 0x0000000100000000, 0x0000000100000000)
 Metaspace       used 5076K, capacity 5258K, committed 5504K, reserved 1056768K
  class space    used 557K, capacity 597K, committed 640K, reserved 1048576K
}
{Heap before GC invocations=742 (full 95):
 par new generation   total 6144K, used 5229K [0x00000000fec00000, 0x00000000ff2a0000, 0x00000000ff2a0000)
  eden space 5504K,  95% used [0x00000000fec00000, 0x00000000ff11b780, 0x00000000ff160000)
  from space 640K,   0% used [0x00000000ff160000, 0x00000000ff160000, 0x00000000ff200000)
  to   space 640K,   0% used [0x00000000ff200000, 0x00000000ff200000, 0x00000000ff2a0000)
 concurrent mark-sweep generation total 13696K, used 2220K [0x00000000ff2a0000, 0x0000000100000000, 0x0000000100000000)
 Metaspace       used 5076K, capacity 5258K, committed 5504K, reserved 1056768K
  class space    used 557K, capacity 597K, committed 640K, reserved 1048576K
2024-07-16T11:01:41.281+0800: 6.161: [GC (Allocation Failure) 2024-07-16T11:01:41.281+0800: 6.161: [ParNew: 5229K->6K(6144K), 0.0003319 secs] 7450K->3252K(19840K), 0.0003660 secs] [Times: user=0.00 sys=0.00, real=0.00 secs] 
Heap after GC invocations=743 (full 95):
 par new generation   total 6144K, used 6K [0x00000000fec00000, 0x00000000ff2a0000, 0x00000000ff2a0000)
  eden space 5504K,   0% used [0x00000000fec00000, 0x00000000fec00000, 0x00000000ff160000)
  from space 640K,   0% used [0x00000000ff200000, 0x00000000ff201830, 0x00000000ff2a0000)
  to   space 640K,   0% used [0x00000000ff160000, 0x00000000ff160000, 0x00000000ff200000)
 concurrent mark-sweep generation total 13696K, used 3246K [0x00000000ff2a0000, 0x0000000100000000, 0x0000000100000000)
 Metaspace       used 5076K, capacity 5258K, committed 5504K, reserved 1056768K
  class space    used 557K, capacity 597K, committed 640K, reserved 1048576K
}
2024-07-16T11:01:41.281+0800: 6.162: [GC (CMS Initial Mark) [1 CMS-initial-mark: 3246K(13696K)] 4276K(19840K), 0.0001396 secs] [Times: user=0.00 sys=0.00, real=0.00 secs] 
2024-07-16T11:01:41.281+0800: 6.162: [CMS-concurrent-mark-start]
2024-07-16T11:01:41.283+0800: 6.163: [CMS-concurrent-mark: 0.001/0.001 secs] [Times: user=0.05 sys=0.00, real=0.00 secs] 
2024-07-16T11:01:41.283+0800: 6.163: [CMS-concurrent-preclean-start]
2024-07-16T11:01:41.283+0800: 6.163: [CMS-concurrent-preclean: 0.000/0.000 secs] [Times: user=0.00 sys=0.00, real=0.00 secs] 
2024-07-16T11:01:41.283+0800: 6.163: [CMS-concurrent-abortable-preclean-start]
{Heap before GC invocations=743 (full 96):
 par new generation   total 6144K, used 5235K [0x00000000fec00000, 0x00000000ff2a0000, 0x00000000ff2a0000)
  eden space 5504K,  95% used [0x00000000fec00000, 0x00000000ff11b780, 0x00000000ff160000)
  from space 640K,   0% used [0x00000000ff200000, 0x00000000ff201830, 0x00000000ff2a0000)
  to   space 640K,   0% used [0x00000000ff160000, 0x00000000ff160000, 0x00000000ff200000)
 concurrent mark-sweep generation total 13696K, used 3246K [0x00000000ff2a0000, 0x0000000100000000, 0x0000000100000000)
 Metaspace       used 5076K, capacity 5258K, committed 5504K, reserved 1056768K
  class space    used 557K, capacity 597K, committed 640K, reserved 1048576K
2024-07-16T11:01:41.288+0800: 6.168: [GC (Allocation Failure) 2024-07-16T11:01:41.288+0800: 6.168: [ParNew: 5235K->8K(6144K), 0.0003322 secs] 8482K->4281K(19840K), 0.0003557 secs] [Times: user=0.00 sys=0.00, real=0.00 secs] 
Heap after GC invocations=744 (full 96):
 par new generation   total 6144K, used 8K [0x00000000fec00000, 0x00000000ff2a0000, 0x00000000ff2a0000)
  eden space 5504K,   0% used [0x00000000fec00000, 0x00000000fec00000, 0x00000000ff160000)
  from space 640K,   1% used [0x00000000ff160000, 0x00000000ff162040, 0x00000000ff200000)
  to   space 640K,   0% used [0x00000000ff200000, 0x00000000ff200000, 0x00000000ff2a0000)
 concurrent mark-sweep generation total 13696K, used 4272K [0x00000000ff2a0000, 0x0000000100000000, 0x0000000100000000)
 Metaspace       used 5076K, capacity 5258K, committed 5504K, reserved 1056768K
  class space    used 557K, capacity 597K, committed 640K, reserved 1048576K
}
{Heap before GC invocations=744 (full 96):
 par new generation   total 6144K, used 5237K [0x00000000fec00000, 0x00000000ff2a0000, 0x00000000ff2a0000)
  eden space 5504K,  95% used [0x00000000fec00000, 0x00000000ff11b780, 0x00000000ff160000)
  from space 640K,   1% used [0x00000000ff160000, 0x00000000ff162040, 0x00000000ff200000)
  to   space 640K,   0% used [0x00000000ff200000, 0x00000000ff200000, 0x00000000ff2a0000)
 concurrent mark-sweep generation total 13696K, used 4272K [0x00000000ff2a0000, 0x0000000100000000, 0x0000000100000000)
 Metaspace       used 5076K, capacity 5258K, committed 5504K, reserved 1056768K
  class space    used 557K, capacity 597K, committed 640K, reserved 1048576K
2024-07-16T11:01:41.296+0800: 6.176: [GC (Allocation Failure) 2024-07-16T11:01:41.296+0800: 6.176: [ParNew: 5237K->4K(6144K), 0.0002479 secs] 9510K->4276K(19840K), 0.0002828 secs] [Times: user=0.00 sys=0.00, real=0.00 secs] 
Heap after GC invocations=745 (full 96):
 par new generation   total 6144K, used 4K [0x00000000fec00000, 0x00000000ff2a0000, 0x00000000ff2a0000)
  eden space 5504K,   0% used [0x00000000fec00000, 0x00000000fec00000, 0x00000000ff160000)
  from space 640K,   0% used [0x00000000ff200000, 0x00000000ff201020, 0x00000000ff2a0000)
  to   space 640K,   0% used [0x00000000ff160000, 0x00000000ff160000, 0x00000000ff200000)
 concurrent mark-sweep generation total 13696K, used 4272K [0x00000000ff2a0000, 0x0000000100000000, 0x0000000100000000)
 Metaspace       used 5076K, capacity 5258K, committed 5504K, reserved 1056768K
  class space    used 557K, capacity 597K, committed 640K, reserved 1048576K
}
{Heap before GC invocations=745 (full 96):
 par new generation   total 6144K, used 5233K [0x00000000fec00000, 0x00000000ff2a0000, 0x00000000ff2a0000)
  eden space 5504K,  95% used [0x00000000fec00000, 0x00000000ff11b780, 0x00000000ff160000)
  from space 640K,   0% used [0x00000000ff200000, 0x00000000ff201020, 0x00000000ff2a0000)
  to   space 640K,   0% used [0x00000000ff160000, 0x00000000ff160000, 0x00000000ff200000)
 concurrent mark-sweep generation total 13696K, used 4272K [0x00000000ff2a0000, 0x0000000100000000, 0x0000000100000000)
 Metaspace       used 5076K, capacity 5258K, committed 5504K, reserved 1056768K
  class space    used 557K, capacity 597K, committed 640K, reserved 1048576K
2024-07-16T11:01:41.303+0800: 6.183: [GC (Allocation Failure) 2024-07-16T11:01:41.303+0800: 6.183: [ParNew: 5233K->4K(6144K), 0.0002675 secs] 9506K->4276K(19840K), 0.0003056 secs] [Times: user=0.00 sys=0.00, real=0.00 secs] 
Heap after GC invocations=746 (full 96):
 par new generation   total 6144K, used 4K [0x00000000fec00000, 0x00000000ff2a0000, 0x00000000ff2a0000)
  eden space 5504K,   0% used [0x00000000fec00000, 0x00000000fec00000, 0x00000000ff160000)
  from space 640K,   0% used [0x00000000ff160000, 0x00000000ff161020, 0x00000000ff200000)
  to   space 640K,   0% used [0x00000000ff200000, 0x00000000ff200000, 0x00000000ff2a0000)
 concurrent mark-sweep generation total 13696K, used 4272K [0x00000000ff2a0000, 0x0000000100000000, 0x0000000100000000)
 Metaspace       used 5076K, capacity 5258K, committed 5504K, reserved 1056768K
  class space    used 557K, capacity 597K, committed 640K, reserved 1048576K
}
{Heap before GC invocations=746 (full 96):
 par new generation   total 6144K, used 5233K [0x00000000fec00000, 0x00000000ff2a0000, 0x00000000ff2a0000)
  eden space 5504K,  95% used [0x00000000fec00000, 0x00000000ff11b780, 0x00000000ff160000)
  from space 640K,   0% used [0x00000000ff160000, 0x00000000ff161020, 0x00000000ff200000)
  to   space 640K,   0% used [0x00000000ff200000, 0x00000000ff200000, 0x00000000ff2a0000)
 concurrent mark-sweep generation total 13696K, used 4272K [0x00000000ff2a0000, 0x0000000100000000, 0x0000000100000000)
 Metaspace       used 5076K, capacity 5258K, committed 5504K, reserved 1056768K
  class space    used 557K, capacity 597K, committed 640K, reserved 1048576K
2024-07-16T11:01:41.309+0800: 6.189: [GC (Allocation Failure) 2024-07-16T11:01:41.309+0800: 6.189: [ParNew: 5233K->8K(6144K), 0.0003231 secs] 9506K->5307K(19840K), 0.0003479 secs] [Times: user=0.00 sys=0.00, real=0.00 secs] 
Heap after GC invocations=747 (full 96):
 par new generation   total 6144K, used 8K [0x00000000fec00000, 0x00000000ff2a0000, 0x00000000ff2a0000)
  eden space 5504K,   0% used [0x00000000fec00000, 0x00000000fec00000, 0x00000000ff160000)
  from space 640K,   1% used [0x00000000ff200000, 0x00000000ff202040, 0x00000000ff2a0000)
  to   space 640K,   0% used [0x00000000ff160000, 0x00000000ff160000, 0x00000000ff200000)
 concurrent mark-sweep generation total 13696K, used 5299K [0x00000000ff2a0000, 0x0000000100000000, 0x0000000100000000)
 Metaspace       used 5076K, capacity 5258K, committed 5504K, reserved 1056768K
  class space    used 557K, capacity 597K, committed 640K, reserved 1048576K
}
{Heap before GC invocations=747 (full 96):
 par new generation   total 6144K, used 5237K [0x00000000fec00000, 0x00000000ff2a0000, 0x00000000ff2a0000)
  eden space 5504K,  95% used [0x00000000fec00000, 0x00000000ff11b780, 0x00000000ff160000)
  from space 640K,   1% used [0x00000000ff200000, 0x00000000ff202040, 0x00000000ff2a0000)
  to   space 640K,   0% used [0x00000000ff160000, 0x00000000ff160000, 0x00000000ff200000)
 concurrent mark-sweep generation total 13696K, used 5299K [0x00000000ff2a0000, 0x0000000100000000, 0x0000000100000000)
 Metaspace       used 5076K, capacity 5258K, committed 5504K, reserved 1056768K
  class space    used 557K, capacity 597K, committed 640K, reserved 1048576K
2024-07-16T11:01:41.316+0800: 6.196: [GC (Allocation Failure) 2024-07-16T11:01:41.316+0800: 6.196: [ParNew: 5237K->2K(6144K), 0.0002657 secs] 10536K->5301K(19840K), 0.0002911 secs] [Times: user=0.00 sys=0.00, real=0.00 secs] 
Heap after GC invocations=748 (full 96):
 par new generation   total 6144K, used 2K [0x00000000fec00000, 0x00000000ff2a0000, 0x00000000ff2a0000)
  eden space 5504K,   0% used [0x00000000fec00000, 0x00000000fec00000, 0x00000000ff160000)
  from space 640K,   0% used [0x00000000ff160000, 0x00000000ff160810, 0x00000000ff200000)
  to   space 640K,   0% used [0x00000000ff200000, 0x00000000ff200000, 0x00000000ff2a0000)
 concurrent mark-sweep generation total 13696K, used 5299K [0x00000000ff2a0000, 0x0000000100000000, 0x0000000100000000)
 Metaspace       used 5076K, capacity 5258K, committed 5504K, reserved 1056768K
  class space    used 557K, capacity 597K, committed 640K, reserved 1048576K
}
{Heap before GC invocations=748 (full 96):
 par new generation   total 6144K, used 5231K [0x00000000fec00000, 0x00000000ff2a0000, 0x00000000ff2a0000)
  eden space 5504K,  95% used [0x00000000fec00000, 0x00000000ff11b780, 0x00000000ff160000)
  from space 640K,   0% used [0x00000000ff160000, 0x00000000ff160810, 0x00000000ff200000)
  to   space 640K,   0% used [0x00000000ff200000, 0x00000000ff200000, 0x00000000ff2a0000)
 concurrent mark-sweep generation total 13696K, used 5299K [0x00000000ff2a0000, 0x0000000100000000, 0x0000000100000000)
 Metaspace       used 5076K, capacity 5258K, committed 5504K, reserved 1056768K
  class space    used 557K, capacity 597K, committed 640K, reserved 1048576K
2024-07-16T11:01:41.323+0800: 6.203: [GC (Allocation Failure) 2024-07-16T11:01:41.323+0800: 6.203: [ParNew: 5231K->6K(6144K), 0.0003232 secs] 10530K->6331K(19840K), 0.0003641 secs] [Times: user=0.00 sys=0.00, real=0.00 secs] 
Heap after GC invocations=749 (full 96):
 par new generation   total 6144K, used 6K [0x00000000fec00000, 0x00000000ff2a0000, 0x00000000ff2a0000)
  eden space 5504K,   0% used [0x00000000fec00000, 0x00000000fec00000, 0x00000000ff160000)
  from space 640K,   0% used [0x00000000ff200000, 0x00000000ff201830, 0x00000000ff2a0000)
  to   space 640K,   0% used [0x00000000ff160000, 0x00000000ff160000, 0x00000000ff200000)
 concurrent mark-sweep generation total 13696K, used 6325K [0x00000000ff2a0000, 0x0000000100000000, 0x0000000100000000)
 Metaspace       used 5076K, capacity 5258K, committed 5504K, reserved 1056768K
  class space    used 557K, capacity 597K, committed 640K, reserved 1048576K
}
{Heap before GC invocations=749 (full 96):
 par new generation   total 6144K, used 5235K [0x00000000fec00000, 0x00000000ff2a0000, 0x00000000ff2a0000)
  eden space 5504K,  95% used [0x00000000fec00000, 0x00000000ff11b780, 0x00000000ff160000)
  from space 640K,   0% used [0x00000000ff200000, 0x00000000ff201830, 0x00000000ff2a0000)
  to   space 640K,   0% used [0x00000000ff160000, 0x00000000ff160000, 0x00000000ff200000)
 concurrent mark-sweep generation total 13696K, used 6325K [0x00000000ff2a0000, 0x0000000100000000, 0x0000000100000000)
 Metaspace       used 5076K, capacity 5258K, committed 5504K, reserved 1056768K
  class space    used 557K, capacity 597K, committed 640K, reserved 1048576K
2024-07-16T11:01:41.331+0800: 6.211: [GC (Allocation Failure) 2024-07-16T11:01:41.331+0800: 6.211: [ParNew: 5235K->4K(6144K), 0.0003517 secs] 11561K->6329K(19840K), 0.0003878 secs] [Times: user=0.00 sys=0.00, real=0.00 secs] 
Heap after GC invocations=750 (full 96):
 par new generation   total 6144K, used 4K [0x00000000fec00000, 0x00000000ff2a0000, 0x00000000ff2a0000)
  eden space 5504K,   0% used [0x00000000fec00000, 0x00000000fec00000, 0x00000000ff160000)
  from space 640K,   0% used [0x00000000ff160000, 0x00000000ff161020, 0x00000000ff200000)
  to   space 640K,   0% used [0x00000000ff200000, 0x00000000ff200000, 0x00000000ff2a0000)
 concurrent mark-sweep generation total 13696K, used 6325K [0x00000000ff2a0000, 0x0000000100000000, 0x0000000100000000)
 Metaspace       used 5076K, capacity 5258K, committed 5504K, reserved 1056768K
  class space    used 557K, capacity 597K, committed 640K, reserved 1048576K
}
{Heap before GC invocations=750 (full 96):
 par new generation   total 6144K, used 5233K [0x00000000fec00000, 0x00000000ff2a0000, 0x00000000ff2a0000)
  eden space 5504K,  95% used [0x00000000fec00000, 0x00000000ff11b780, 0x00000000ff160000)
  from space 640K,   0% used [0x00000000ff160000, 0x00000000ff161020, 0x00000000ff200000)
  to   space 640K,   0% used [0x00000000ff200000, 0x00000000ff200000, 0x00000000ff2a0000)
 concurrent mark-sweep generation total 13696K, used 6325K [0x00000000ff2a0000, 0x0000000100000000, 0x0000000100000000)
 Metaspace       used 5076K, capacity 5258K, committed 5504K, reserved 1056768K
  class space    used 557K, capacity 597K, committed 640K, reserved 1048576K
2024-07-16T11:01:41.338+0800: 6.218: [GC (Allocation Failure) 2024-07-16T11:01:41.338+0800: 6.218: [ParNew: 5233K->4K(6144K), 0.0002888 secs] 11558K->6329K(19840K), 0.0003328 secs] [Times: user=0.00 sys=0.00, real=0.00 secs] 
Heap after GC invocations=751 (full 96):
 par new generation   total 6144K, used 4K [0x00000000fec00000, 0x00000000ff2a0000, 0x00000000ff2a0000)
  eden space 5504K,   0% used [0x00000000fec00000, 0x00000000fec00000, 0x00000000ff160000)
  from space 640K,   0% used [0x00000000ff200000, 0x00000000ff201020, 0x00000000ff2a0000)
  to   space 640K,   0% used [0x00000000ff160000, 0x00000000ff160000, 0x00000000ff200000)
 concurrent mark-sweep generation total 13696K, used 6325K [0x00000000ff2a0000, 0x0000000100000000, 0x0000000100000000)
 Metaspace       used 5076K, capacity 5258K, committed 5504K, reserved 1056768K
  class space    used 557K, capacity 597K, committed 640K, reserved 1048576K
}
{Heap before GC invocations=751 (full 96):
 par new generation   total 6144K, used 5233K [0x00000000fec00000, 0x00000000ff2a0000, 0x00000000ff2a0000)
  eden space 5504K,  95% used [0x00000000fec00000, 0x00000000ff11b780, 0x00000000ff160000)
  from space 640K,   0% used [0x00000000ff200000, 0x00000000ff201020, 0x00000000ff2a0000)
  to   space 640K,   0% used [0x00000000ff160000, 0x00000000ff160000, 0x00000000ff200000)
 concurrent mark-sweep generation total 13696K, used 6325K [0x00000000ff2a0000, 0x0000000100000000, 0x0000000100000000)
 Metaspace       used 5076K, capacity 5258K, committed 5504K, reserved 1056768K
  class space    used 557K, capacity 597K, committed 640K, reserved 1048576K
2024-07-16T11:01:41.344+0800: 6.224: [GC (Allocation Failure) 2024-07-16T11:01:41.344+0800: 6.224: [ParNew: 5233K->6K(6144K), 0.0003711 secs] 11558K->7357K(19840K), 0.0004051 secs] [Times: user=0.00 sys=0.00, real=0.00 secs] 
Heap after GC invocations=752 (full 96):
 par new generation   total 6144K, used 6K [0x00000000fec00000, 0x00000000ff2a0000, 0x00000000ff2a0000)
  eden space 5504K,   0% used [0x00000000fec00000, 0x00000000fec00000, 0x00000000ff160000)
  from space 640K,   0% used [0x00000000ff160000, 0x00000000ff161830, 0x00000000ff200000)
  to   space 640K,   0% used [0x00000000ff200000, 0x00000000ff200000, 0x00000000ff2a0000)
 concurrent mark-sweep generation total 13696K, used 7351K [0x00000000ff2a0000, 0x0000000100000000, 0x0000000100000000)
 Metaspace       used 5076K, capacity 5258K, committed 5504K, reserved 1056768K
  class space    used 557K, capacity 597K, committed 640K, reserved 1048576K
}
{Heap before GC invocations=752 (full 96):
 par new generation   total 6144K, used 5235K [0x00000000fec00000, 0x00000000ff2a0000, 0x00000000ff2a0000)
  eden space 5504K,  95% used [0x00000000fec00000, 0x00000000ff11b780, 0x00000000ff160000)
  from space 640K,   0% used [0x00000000ff160000, 0x00000000ff161830, 0x00000000ff200000)
  to   space 640K,   0% used [0x00000000ff200000, 0x00000000ff200000, 0x00000000ff2a0000)
 concurrent mark-sweep generation total 13696K, used 7351K [0x00000000ff2a0000, 0x0000000100000000, 0x0000000100000000)
 Metaspace       used 5076K, capacity 5258K, committed 5504K, reserved 1056768K
  class space    used 557K, capacity 597K, committed 640K, reserved 1048576K
2024-07-16T11:01:41.350+0800: 6.230: [GC (Allocation Failure) 2024-07-16T11:01:41.350+0800: 6.230: [ParNew: 5235K->8K(6144K), 0.0003636 secs] 12587K->8383K(19840K), 0.0004021 secs] [Times: user=0.00 sys=0.00, real=0.00 secs] 
Heap after GC invocations=753 (full 96):
 par new generation   total 6144K, used 8K [0x00000000fec00000, 0x00000000ff2a0000, 0x00000000ff2a0000)
  eden space 5504K,   0% used [0x00000000fec00000, 0x00000000fec00000, 0x00000000ff160000)
  from space 640K,   1% used [0x00000000ff200000, 0x00000000ff202040, 0x00000000ff2a0000)
  to   space 640K,   0% used [0x00000000ff160000, 0x00000000ff160000, 0x00000000ff200000)
 concurrent mark-sweep generation total 13696K, used 8375K [0x00000000ff2a0000, 0x0000000100000000, 0x0000000100000000)
 Metaspace       used 5076K, capacity 5258K, committed 5504K, reserved 1056768K
  class space    used 557K, capacity 597K, committed 640K, reserved 1048576K
}
{Heap before GC invocations=753 (full 96):
 par new generation   total 6144K, used 5237K [0x00000000fec00000, 0x00000000ff2a0000, 0x00000000ff2a0000)
  eden space 5504K,  95% used [0x00000000fec00000, 0x00000000ff11b780, 0x00000000ff160000)
  from space 640K,   1% used [0x00000000ff200000, 0x00000000ff202040, 0x00000000ff2a0000)
  to   space 640K,   0% used [0x00000000ff160000, 0x00000000ff160000, 0x00000000ff200000)
 concurrent mark-sweep generation total 13696K, used 8375K [0x00000000ff2a0000, 0x0000000100000000, 0x0000000100000000)
 Metaspace       used 5076K, capacity 5258K, committed 5504K, reserved 1056768K
  class space    used 557K, capacity 597K, committed 640K, reserved 1048576K
2024-07-16T11:01:41.357+0800: 6.237: [GC (Allocation Failure) 2024-07-16T11:01:41.357+0800: 6.237: [ParNew: 5237K->8K(6144K), 0.0006624 secs] 13613K->10431K(19840K), 0.0007026 secs] [Times: user=0.00 sys=0.00, real=0.00 secs] 
Heap after GC invocations=754 (full 96):
 par new generation   total 6144K, used 8K [0x00000000fec00000, 0x00000000ff2a0000, 0x00000000ff2a0000)
  eden space 5504K,   0% used [0x00000000fec00000, 0x00000000fec00000, 0x00000000ff160000)
  from space 640K,   1% used [0x00000000ff160000, 0x00000000ff162040, 0x00000000ff200000)
  to   space 640K,   0% used [0x00000000ff200000, 0x00000000ff200000, 0x00000000ff2a0000)
 concurrent mark-sweep generation total 13696K, used 10423K [0x00000000ff2a0000, 0x0000000100000000, 0x0000000100000000)
 Metaspace       used 5076K, capacity 5258K, committed 5504K, reserved 1056768K
  class space    used 557K, capacity 597K, committed 640K, reserved 1048576K
}
{Heap before GC invocations=754 (full 96):
 par new generation   total 6144K, used 5237K [0x00000000fec00000, 0x00000000ff2a0000, 0x00000000ff2a0000)
  eden space 5504K,  95% used [0x00000000fec00000, 0x00000000ff11b780, 0x00000000ff160000)
  from space 640K,   1% used [0x00000000ff160000, 0x00000000ff162040, 0x00000000ff200000)
  to   space 640K,   0% used [0x00000000ff200000, 0x00000000ff200000, 0x00000000ff2a0000)
 concurrent mark-sweep generation total 13696K, used 10423K [0x00000000ff2a0000, 0x0000000100000000, 0x0000000100000000)
 Metaspace       used 5076K, capacity 5258K, committed 5504K, reserved 1056768K
  class space    used 557K, capacity 597K, committed 640K, reserved 1048576K
2024-07-16T11:01:41.364+0800: 6.244: [GC (Allocation Failure) 2024-07-16T11:01:41.364+0800: 6.244: [ParNew: 5237K->8K(6144K), 0.0003953 secs] 15661K->11455K(19840K), 0.0004245 secs] [Times: user=0.00 sys=0.00, real=0.00 secs] 
Heap after GC invocations=755 (full 96):
 par new generation   total 6144K, used 8K [0x00000000fec00000, 0x00000000ff2a0000, 0x00000000ff2a0000)
  eden space 5504K,   0% used [0x00000000fec00000, 0x00000000fec00000, 0x00000000ff160000)
  from space 640K,   1% used [0x00000000ff200000, 0x00000000ff202040, 0x00000000ff2a0000)
  to   space 640K,   0% used [0x00000000ff160000, 0x00000000ff160000, 0x00000000ff200000)
 concurrent mark-sweep generation total 13696K, used 11447K [0x00000000ff2a0000, 0x0000000100000000, 0x0000000100000000)
 Metaspace       used 5076K, capacity 5258K, committed 5504K, reserved 1056768K
  class space    used 557K, capacity 597K, committed 640K, reserved 1048576K
}
{Heap before GC invocations=755 (full 96):
 par new generation   total 6144K, used 5237K [0x00000000fec00000, 0x00000000ff2a0000, 0x00000000ff2a0000)
  eden space 5504K,  95% used [0x00000000fec00000, 0x00000000ff11b780, 0x00000000ff160000)
  from space 640K,   1% used [0x00000000ff200000, 0x00000000ff202040, 0x00000000ff2a0000)
  to   space 640K,   0% used [0x00000000ff160000, 0x00000000ff160000, 0x00000000ff200000)
 concurrent mark-sweep generation total 13696K, used 11447K [0x00000000ff2a0000, 0x0000000100000000, 0x0000000100000000)
 Metaspace       used 5076K, capacity 5258K, committed 5504K, reserved 1056768K
  class space    used 557K, capacity 597K, committed 640K, reserved 1048576K
2024-07-16T11:01:41.371+0800: 6.251: [GC (Allocation Failure) 2024-07-16T11:01:41.371+0800: 6.251: [ParNew: 5237K->4K(6144K), 0.0003249 secs] 16685K->11451K(19840K), 0.0003811 secs] [Times: user=0.00 sys=0.00, real=0.00 secs] 
Heap after GC invocations=756 (full 96):
 par new generation   total 6144K, used 4K [0x00000000fec00000, 0x00000000ff2a0000, 0x00000000ff2a0000)
  eden space 5504K,   0% used [0x00000000fec00000, 0x00000000fec00000, 0x00000000ff160000)
  from space 640K,   0% used [0x00000000ff160000, 0x00000000ff161020, 0x00000000ff200000)
  to   space 640K,   0% used [0x00000000ff200000, 0x00000000ff200000, 0x00000000ff2a0000)
 concurrent mark-sweep generation total 13696K, used 11447K [0x00000000ff2a0000, 0x0000000100000000, 0x0000000100000000)
 Metaspace       used 5076K, capacity 5258K, committed 5504K, reserved 1056768K
  class space    used 557K, capacity 597K, committed 640K, reserved 1048576K
}
{Heap before GC invocations=756 (full 96):
 par new generation   total 6144K, used 5233K [0x00000000fec00000, 0x00000000ff2a0000, 0x00000000ff2a0000)
  eden space 5504K,  95% used [0x00000000fec00000, 0x00000000ff11b780, 0x00000000ff160000)
  from space 640K,   0% used [0x00000000ff160000, 0x00000000ff161020, 0x00000000ff200000)
  to   space 640K,   0% used [0x00000000ff200000, 0x00000000ff200000, 0x00000000ff2a0000)
 concurrent mark-sweep generation total 13696K, used 11447K [0x00000000ff2a0000, 0x0000000100000000, 0x0000000100000000)
 Metaspace       used 5076K, capacity 5258K, committed 5504K, reserved 1056768K
  class space    used 557K, capacity 597K, committed 640K, reserved 1048576K
2024-07-16T11:01:41.377+0800: 6.257: [GC (Allocation Failure) 2024-07-16T11:01:41.377+0800: 6.257: [ParNew: 5233K->10K(6144K), 0.0006229 secs] 16681K->13507K(19840K), 0.0006568 secs] [Times: user=0.00 sys=0.00, real=0.00 secs] 
Heap after GC invocations=757 (full 96):
 par new generation   total 6144K, used 10K [0x00000000fec00000, 0x00000000ff2a0000, 0x00000000ff2a0000)
  eden space 5504K,   0% used [0x00000000fec00000, 0x00000000fec00000, 0x00000000ff160000)
  from space 640K,   1% used [0x00000000ff200000, 0x00000000ff202850, 0x00000000ff2a0000)
  to   space 640K,   0% used [0x00000000ff160000, 0x00000000ff160000, 0x00000000ff200000)
 concurrent mark-sweep generation total 13696K, used 13497K [0x00000000ff2a0000, 0x0000000100000000, 0x0000000100000000)
 Metaspace       used 5076K, capacity 5258K, committed 5504K, reserved 1056768K
  class space    used 557K, capacity 597K, committed 640K, reserved 1048576K
}
2024-07-16T11:01:41.377+0800: 6.258: [CMS-concurrent-abortable-preclean: 0.001/0.094 secs] [Times: user=0.00 sys=0.00, real=0.09 secs] 
2024-07-16T11:01:41.377+0800: 6.258: [GC (CMS Final Remark) [YG occupancy: 1143 K (6144 K)]2024-07-16T11:01:41.377+0800: 6.258: [Rescan (parallel) , 0.0001996 secs]2024-07-16T11:01:41.378+0800: 6.258: [weak refs processing, 0.0000105 secs]2024-07-16T11:01:41.378+0800: 6.258: [class unloading, 0.0003201 secs]2024-07-16T11:01:41.378+0800: 6.259: [scrub symbol table, 0.0003506 secs]2024-07-16T11:01:41.378+0800: 6.259: [scrub string table, 0.0000853 secs][1 CMS-remark: 13497K(13696K)] 14641K(19840K), 0.0010136 secs] [Times: user=0.00 sys=0.00, real=0.00 secs] 
2024-07-16T11:01:41.378+0800: 6.259: [CMS-concurrent-sweep-start]
2024-07-16T11:01:41.379+0800: 6.259: [CMS-concurrent-sweep: 0.000/0.000 secs] [Times: user=0.00 sys=0.00, real=0.00 secs] 
2024-07-16T11:01:41.379+0800: 6.259: [CMS-concurrent-reset-start]
2024-07-16T11:01:41.379+0800: 6.259: [CMS-concurrent-reset: 0.000/0.000 secs] [Times: user=0.00 sys=0.00, real=0.00 secs] 
{Heap before GC invocations=757 (full 96):
 par new generation   total 6144K, used 5239K [0x00000000fec00000, 0x00000000ff2a0000, 0x00000000ff2a0000)
  eden space 5504K,  95% used [0x00000000fec00000, 0x00000000ff11b780, 0x00000000ff160000)
  from space 640K,   1% used [0x00000000ff200000, 0x00000000ff202850, 0x00000000ff2a0000)
  to   space 640K,   0% used [0x00000000ff160000, 0x00000000ff160000, 0x00000000ff200000)
 concurrent mark-sweep generation total 13696K, used 11449K [0x00000000ff2a0000, 0x0000000100000000, 0x0000000100000000)
 Metaspace       used 5076K, capacity 5258K, committed 5504K, reserved 1056768K
  class space    used 557K, capacity 597K, committed 640K, reserved 1048576K
2024-07-16T11:01:41.385+0800: 6.265: [GC (Allocation Failure) 2024-07-16T11:01:41.385+0800: 6.265: [ParNew: 5239K->5239K(6144K), 0.0000107 secs]2024-07-16T11:01:41.385+0800: 6.265: [CMS: 11449K->2156K(13696K), 0.0024462 secs] 16689K->2156K(19840K), [Metaspace: 5076K->5076K(1056768K)], 0.0025047 secs] [Times: user=0.00 sys=0.00, real=0.00 secs] 
Heap after GC invocations=758 (full 97):
 par new generation   total 6144K, used 0K [0x00000000fec00000, 0x00000000ff2a0000, 0x00000000ff2a0000)
  eden space 5504K,   0% used [0x00000000fec00000, 0x00000000fec00000, 0x00000000ff160000)
  from space 640K,   0% used [0x00000000ff200000, 0x00000000ff200000, 0x00000000ff2a0000)
  to   space 640K,   0% used [0x00000000ff160000, 0x00000000ff160000, 0x00000000ff200000)
 concurrent mark-sweep generation total 13696K, used 2156K [0x00000000ff2a0000, 0x0000000100000000, 0x0000000100000000)
 Metaspace       used 5070K, capacity 5248K, committed 5504K, reserved 1056768K
  class space    used 554K, capacity 592K, committed 640K, reserved 1048576K
}
2024-07-16T11:01:41.387+0800: 6.268: [GC (CMS Initial Mark) [1 CMS-initial-mark: 2156K(13696K)] 3182K(19840K), 0.0001212 secs] [Times: user=0.00 sys=0.00, real=0.00 secs] 
2024-07-16T11:01:41.387+0800: 6.268: [CMS-concurrent-mark-start]
2024-07-16T11:01:41.389+0800: 6.269: [CMS-concurrent-mark: 0.001/0.001 secs] [Times: user=0.00 sys=0.00, real=0.00 secs] 
2024-07-16T11:01:41.389+0800: 6.269: [CMS-concurrent-preclean-start]
2024-07-16T11:01:41.389+0800: 6.269: [CMS-concurrent-preclean: 0.000/0.000 secs] [Times: user=0.00 sys=0.00, real=0.00 secs] 
2024-07-16T11:01:41.389+0800: 6.269: [CMS-concurrent-abortable-preclean-start]
{Heap before GC invocations=758 (full 98):
 par new generation   total 6144K, used 5229K [0x00000000fec00000, 0x00000000ff2a0000, 0x00000000ff2a0000)
  eden space 5504K,  95% used [0x00000000fec00000, 0x00000000ff11b780, 0x00000000ff160000)
  from space 640K,   0% used [0x00000000ff200000, 0x00000000ff200000, 0x00000000ff2a0000)
  to   space 640K,   0% used [0x00000000ff160000, 0x00000000ff160000, 0x00000000ff200000)
 concurrent mark-sweep generation total 13696K, used 2156K [0x00000000ff2a0000, 0x0000000100000000, 0x0000000100000000)
 Metaspace       used 5070K, capacity 5248K, committed 5504K, reserved 1056768K
  class space    used 554K, capacity 592K, committed 640K, reserved 1048576K
2024-07-16T11:01:41.395+0800: 6.275: [GC (Allocation Failure) 2024-07-16T11:01:41.395+0800: 6.275: [ParNew: 5229K->4K(6144K), 0.0002608 secs] 7386K->2160K(19840K), 0.0002920 secs] [Times: user=0.00 sys=0.00, real=0.00 secs] 
Heap after GC invocations=759 (full 98):
 par new generation   total 6144K, used 4K [0x00000000fec00000, 0x00000000ff2a0000, 0x00000000ff2a0000)
  eden space 5504K,   0% used [0x00000000fec00000, 0x00000000fec00000, 0x00000000ff160000)
  from space 640K,   0% used [0x00000000ff160000, 0x00000000ff161020, 0x00000000ff200000)
  to   space 640K,   0% used [0x00000000ff200000, 0x00000000ff200000, 0x00000000ff2a0000)
 concurrent mark-sweep generation total 13696K, used 2156K [0x00000000ff2a0000, 0x0000000100000000, 0x0000000100000000)
 Metaspace       used 5070K, capacity 5248K, committed 5504K, reserved 1056768K
  class space    used 554K, capacity 592K, committed 640K, reserved 1048576K
}
{Heap before GC invocations=759 (full 98):
 par new generation   total 6144K, used 5233K [0x00000000fec00000, 0x00000000ff2a0000, 0x00000000ff2a0000)
  eden space 5504K,  95% used [0x00000000fec00000, 0x00000000ff11b780, 0x00000000ff160000)
  from space 640K,   0% used [0x00000000ff160000, 0x00000000ff161020, 0x00000000ff200000)
  to   space 640K,   0% used [0x00000000ff200000, 0x00000000ff200000, 0x00000000ff2a0000)
 concurrent mark-sweep generation total 13696K, used 2156K [0x00000000ff2a0000, 0x0000000100000000, 0x0000000100000000)
 Metaspace       used 5070K, capacity 5248K, committed 5504K, reserved 1056768K
  class space    used 554K, capacity 592K, committed 640K, reserved 1048576K
2024-07-16T11:01:41.401+0800: 6.281: [GC (Allocation Failure) 2024-07-16T11:01:41.401+0800: 6.281: [ParNew: 5233K->6K(6144K), 0.0003455 secs] 7390K->3188K(19840K), 0.0004308 secs] [Times: user=0.00 sys=0.00, real=0.00 secs] 
Heap after GC invocations=760 (full 98):
 par new generation   total 6144K, used 6K [0x00000000fec00000, 0x00000000ff2a0000, 0x00000000ff2a0000)
  eden space 5504K,   0% used [0x00000000fec00000, 0x00000000fec00000, 0x00000000ff160000)
  from space 640K,   0% used [0x00000000ff200000, 0x00000000ff201830, 0x00000000ff2a0000)
  to   space 640K,   0% used [0x00000000ff160000, 0x00000000ff160000, 0x00000000ff200000)
 concurrent mark-sweep generation total 13696K, used 3182K [0x00000000ff2a0000, 0x0000000100000000, 0x0000000100000000)
 Metaspace       used 5070K, capacity 5248K, committed 5504K, reserved 1056768K
  class space    used 554K, capacity 592K, committed 640K, reserved 1048576K
}
{Heap before GC invocations=760 (full 98):
 par new generation   total 6144K, used 5235K [0x00000000fec00000, 0x00000000ff2a0000, 0x00000000ff2a0000)
  eden space 5504K,  95% used [0x00000000fec00000, 0x00000000ff11b780, 0x00000000ff160000)
  from space 640K,   0% used [0x00000000ff200000, 0x00000000ff201830, 0x00000000ff2a0000)
  to   space 640K,   0% used [0x00000000ff160000, 0x00000000ff160000, 0x00000000ff200000)
 concurrent mark-sweep generation total 13696K, used 3182K [0x00000000ff2a0000, 0x0000000100000000, 0x0000000100000000)
 Metaspace       used 5070K, capacity 5248K, committed 5504K, reserved 1056768K
  class space    used 554K, capacity 592K, committed 640K, reserved 1048576K
2024-07-16T11:01:41.407+0800: 6.287: [GC (Allocation Failure) 2024-07-16T11:01:41.407+0800: 6.287: [ParNew: 5235K->8K(6144K), 0.0003487 secs] 8418K->4216K(19840K), 0.0003855 secs] [Times: user=0.00 sys=0.00, real=0.00 secs] 
Heap after GC invocations=761 (full 98):
 par new generation   total 6144K, used 8K [0x00000000fec00000, 0x00000000ff2a0000, 0x00000000ff2a0000)
  eden space 5504K,   0% used [0x00000000fec00000, 0x00000000fec00000, 0x00000000ff160000)
  from space 640K,   1% used [0x00000000ff160000, 0x00000000ff162040, 0x00000000ff200000)
  to   space 640K,   0% used [0x00000000ff200000, 0x00000000ff200000, 0x00000000ff2a0000)
 concurrent mark-sweep generation total 13696K, used 4208K [0x00000000ff2a0000, 0x0000000100000000, 0x0000000100000000)
 Metaspace       used 5070K, capacity 5248K, committed 5504K, reserved 1056768K
  class space    used 554K, capacity 592K, committed 640K, reserved 1048576K
}
{Heap before GC invocations=761 (full 98):
 par new generation   total 6144K, used 5237K [0x00000000fec00000, 0x00000000ff2a0000, 0x00000000ff2a0000)
  eden space 5504K,  95% used [0x00000000fec00000, 0x00000000ff11b780, 0x00000000ff160000)
  from space 640K,   1% used [0x00000000ff160000, 0x00000000ff162040, 0x00000000ff200000)
  to   space 640K,   0% used [0x00000000ff200000, 0x00000000ff200000, 0x00000000ff2a0000)
 concurrent mark-sweep generation total 13696K, used 4208K [0x00000000ff2a0000, 0x0000000100000000, 0x0000000100000000)
 Metaspace       used 5070K, capacity 5248K, committed 5504K, reserved 1056768K
  class space    used 554K, capacity 592K, committed 640K, reserved 1048576K
2024-07-16T11:01:41.413+0800: 6.293: [GC (Allocation Failure) 2024-07-16T11:01:41.413+0800: 6.293: [ParNew: 5237K->4K(6144K), 0.0002555 secs] 9446K->4212K(19840K), 0.0002956 secs] [Times: user=0.00 sys=0.00, real=0.00 secs] 
Heap after GC invocations=762 (full 98):
 par new generation   total 6144K, used 4K [0x00000000fec00000, 0x00000000ff2a0000, 0x00000000ff2a0000)
  eden space 5504K,   0% used [0x00000000fec00000, 0x00000000fec00000, 0x00000000ff160000)
  from space 640K,   0% used [0x00000000ff200000, 0x00000000ff201020, 0x00000000ff2a0000)
  to   space 640K,   0% used [0x00000000ff160000, 0x00000000ff160000, 0x00000000ff200000)
 concurrent mark-sweep generation total 13696K, used 4208K [0x00000000ff2a0000, 0x0000000100000000, 0x0000000100000000)
 Metaspace       used 5070K, capacity 5248K, committed 5504K, reserved 1056768K
  class space    used 554K, capacity 592K, committed 640K, reserved 1048576K
}
{Heap before GC invocations=762 (full 98):
 par new generation   total 6144K, used 5233K [0x00000000fec00000, 0x00000000ff2a0000, 0x00000000ff2a0000)
  eden space 5504K,  95% used [0x00000000fec00000, 0x00000000ff11b780, 0x00000000ff160000)
  from space 640K,   0% used [0x00000000ff200000, 0x00000000ff201020, 0x00000000ff2a0000)
  to   space 640K,   0% used [0x00000000ff160000, 0x00000000ff160000, 0x00000000ff200000)
 concurrent mark-sweep generation total 13696K, used 4208K [0x00000000ff2a0000, 0x0000000100000000, 0x0000000100000000)
 Metaspace       used 5070K, capacity 5248K, committed 5504K, reserved 1056768K
  class space    used 554K, capacity 592K, committed 640K, reserved 1048576K
2024-07-16T11:01:41.418+0800: 6.298: [GC (Allocation Failure) 2024-07-16T11:01:41.418+0800: 6.298: [ParNew: 5233K->2K(6144K), 0.0002781 secs] 9442K->4210K(19840K), 0.0003083 secs] [Times: user=0.00 sys=0.00, real=0.00 secs] 
Heap after GC invocations=763 (full 98):
 par new generation   total 6144K, used 2K [0x00000000fec00000, 0x00000000ff2a0000, 0x00000000ff2a0000)
  eden space 5504K,   0% used [0x00000000fec00000, 0x00000000fec00000, 0x00000000ff160000)
  from space 640K,   0% used [0x00000000ff160000, 0x00000000ff160810, 0x00000000ff200000)
  to   space 640K,   0% used [0x00000000ff200000, 0x00000000ff200000, 0x00000000ff2a0000)
 concurrent mark-sweep generation total 13696K, used 4208K [0x00000000ff2a0000, 0x0000000100000000, 0x0000000100000000)
 Metaspace       used 5070K, capacity 5248K, committed 5504K, reserved 1056768K
  class space    used 554K, capacity 592K, committed 640K, reserved 1048576K
}
{Heap before GC invocations=763 (full 98):
 par new generation   total 6144K, used 5231K [0x00000000fec00000, 0x00000000ff2a0000, 0x00000000ff2a0000)
  eden space 5504K,  95% used [0x00000000fec00000, 0x00000000ff11b780, 0x00000000ff160000)
  from space 640K,   0% used [0x00000000ff160000, 0x00000000ff160810, 0x00000000ff200000)
  to   space 640K,   0% used [0x00000000ff200000, 0x00000000ff200000, 0x00000000ff2a0000)
 concurrent mark-sweep generation total 13696K, used 4208K [0x00000000ff2a0000, 0x0000000100000000, 0x0000000100000000)
 Metaspace       used 5070K, capacity 5248K, committed 5504K, reserved 1056768K
  class space    used 554K, capacity 592K, committed 640K, reserved 1048576K
2024-07-16T11:01:41.423+0800: 6.304: [GC (Allocation Failure) 2024-07-16T11:01:41.423+0800: 6.304: [ParNew: 5231K->6K(6144K), 0.0005124 secs] 9440K->5240K(19840K), 0.0005481 secs] [Times: user=0.00 sys=0.00, real=0.00 secs] 
Heap after GC invocations=764 (full 98):
 par new generation   total 6144K, used 6K [0x00000000fec00000, 0x00000000ff2a0000, 0x00000000ff2a0000)
  eden space 5504K,   0% used [0x00000000fec00000, 0x00000000fec00000, 0x00000000ff160000)
  from space 640K,   0% used [0x00000000ff200000, 0x00000000ff201830, 0x00000000ff2a0000)
  to   space 640K,   0% used [0x00000000ff160000, 0x00000000ff160000, 0x00000000ff200000)
 concurrent mark-sweep generation total 13696K, used 5234K [0x00000000ff2a0000, 0x0000000100000000, 0x0000000100000000)
 Metaspace       used 5070K, capacity 5248K, committed 5504K, reserved 1056768K
  class space    used 554K, capacity 592K, committed 640K, reserved 1048576K
}
{Heap before GC invocations=764 (full 98):
 par new generation   total 6144K, used 5235K [0x00000000fec00000, 0x00000000ff2a0000, 0x00000000ff2a0000)
  eden space 5504K,  95% used [0x00000000fec00000, 0x00000000ff11b780, 0x00000000ff160000)
  from space 640K,   0% used [0x00000000ff200000, 0x00000000ff201830, 0x00000000ff2a0000)
  to   space 640K,   0% used [0x00000000ff160000, 0x00000000ff160000, 0x00000000ff200000)
 concurrent mark-sweep generation total 13696K, used 5234K [0x00000000ff2a0000, 0x0000000100000000, 0x0000000100000000)
 Metaspace       used 5070K, capacity 5248K, committed 5504K, reserved 1056768K
  class space    used 554K, capacity 592K, committed 640K, reserved 1048576K
2024-07-16T11:01:41.429+0800: 6.309: [GC (Allocation Failure) 2024-07-16T11:01:41.429+0800: 6.309: [ParNew: 5235K->8K(6144K), 0.0003906 secs] 10470K->6266K(19840K), 0.0004366 secs] [Times: user=0.00 sys=0.00, real=0.00 secs] 
Heap after GC invocations=765 (full 98):
 par new generation   total 6144K, used 8K [0x00000000fec00000, 0x00000000ff2a0000, 0x00000000ff2a0000)
  eden space 5504K,   0% used [0x00000000fec00000, 0x00000000fec00000, 0x00000000ff160000)
  from space 640K,   1% used [0x00000000ff160000, 0x00000000ff162040, 0x00000000ff200000)
  to   space 640K,   0% used [0x00000000ff200000, 0x00000000ff200000, 0x00000000ff2a0000)
 concurrent mark-sweep generation total 13696K, used 6258K [0x00000000ff2a0000, 0x0000000100000000, 0x0000000100000000)
 Metaspace       used 5070K, capacity 5248K, committed 5504K, reserved 1056768K
  class space    used 554K, capacity 592K, committed 640K, reserved 1048576K
}
{Heap before GC invocations=765 (full 98):
 par new generation   total 6144K, used 5237K [0x00000000fec00000, 0x00000000ff2a0000, 0x00000000ff2a0000)
  eden space 5504K,  95% used [0x00000000fec00000, 0x00000000ff11b780, 0x00000000ff160000)
  from space 640K,   1% used [0x00000000ff160000, 0x00000000ff162040, 0x00000000ff200000)
  to   space 640K,   0% used [0x00000000ff200000, 0x00000000ff200000, 0x00000000ff2a0000)
 concurrent mark-sweep generation total 13696K, used 6258K [0x00000000ff2a0000, 0x0000000100000000, 0x0000000100000000)
 Metaspace       used 5070K, capacity 5248K, committed 5504K, reserved 1056768K
  class space    used 554K, capacity 592K, committed 640K, reserved 1048576K
2024-07-16T11:01:41.435+0800: 6.315: [GC (Allocation Failure) 2024-07-16T11:01:41.435+0800: 6.315: [ParNew: 5237K->8K(6144K), 0.0003637 secs] 11496K->7290K(19840K), 0.0003849 secs] [Times: user=0.00 sys=0.00, real=0.00 secs] 
Heap after GC invocations=766 (full 98):
 par new generation   total 6144K, used 8K [0x00000000fec00000, 0x00000000ff2a0000, 0x00000000ff2a0000)
  eden space 5504K,   0% used [0x00000000fec00000, 0x00000000fec00000, 0x00000000ff160000)
  from space 640K,   1% used [0x00000000ff200000, 0x00000000ff202040, 0x00000000ff2a0000)
  to   space 640K,   0% used [0x00000000ff160000, 0x00000000ff160000, 0x00000000ff200000)
 concurrent mark-sweep generation total 13696K, used 7282K [0x00000000ff2a0000, 0x0000000100000000, 0x0000000100000000)
 Metaspace       used 5070K, capacity 5248K, committed 5504K, reserved 1056768K
  class space    used 554K, capacity 592K, committed 640K, reserved 1048576K
}
{Heap before GC invocations=766 (full 98):
 par new generation   total 6144K, used 5237K [0x00000000fec00000, 0x00000000ff2a0000, 0x00000000ff2a0000)
  eden space 5504K,  95% used [0x00000000fec00000, 0x00000000ff11b780, 0x00000000ff160000)
  from space 640K,   1% used [0x00000000ff200000, 0x00000000ff202040, 0x00000000ff2a0000)
  to   space 640K,   0% used [0x00000000ff160000, 0x00000000ff160000, 0x00000000ff200000)
 concurrent mark-sweep generation total 13696K, used 7282K [0x00000000ff2a0000, 0x0000000100000000, 0x0000000100000000)
 Metaspace       used 5070K, capacity 5248K, committed 5504K, reserved 1056768K
  class space    used 554K, capacity 592K, committed 640K, reserved 1048576K
2024-07-16T11:01:41.441+0800: 6.321: [GC (Allocation Failure) 2024-07-16T11:01:41.441+0800: 6.321: [ParNew: 5237K->8K(6144K), 0.0003513 secs] 12520K->8314K(19840K), 0.0003748 secs] [Times: user=0.00 sys=0.00, real=0.00 secs] 
Heap after GC invocations=767 (full 98):
 par new generation   total 6144K, used 8K [0x00000000fec00000, 0x00000000ff2a0000, 0x00000000ff2a0000)
  eden space 5504K,   0% used [0x00000000fec00000, 0x00000000fec00000, 0x00000000ff160000)
  from space 640K,   1% used [0x00000000ff160000, 0x00000000ff162040, 0x00000000ff200000)
  to   space 640K,   0% used [0x00000000ff200000, 0x00000000ff200000, 0x00000000ff2a0000)
 concurrent mark-sweep generation total 13696K, used 8306K [0x00000000ff2a0000, 0x0000000100000000, 0x0000000100000000)
 Metaspace       used 5070K, capacity 5248K, committed 5504K, reserved 1056768K
  class space    used 554K, capacity 592K, committed 640K, reserved 1048576K
}
{Heap before GC invocations=767 (full 98):
 par new generation   total 6144K, used 5237K [0x00000000fec00000, 0x00000000ff2a0000, 0x00000000ff2a0000)
  eden space 5504K,  95% used [0x00000000fec00000, 0x00000000ff11b780, 0x00000000ff160000)
  from space 640K,   1% used [0x00000000ff160000, 0x00000000ff162040, 0x00000000ff200000)
  to   space 640K,   0% used [0x00000000ff200000, 0x00000000ff200000, 0x00000000ff2a0000)
 concurrent mark-sweep generation total 13696K, used 8306K [0x00000000ff2a0000, 0x0000000100000000, 0x0000000100000000)
 Metaspace       used 5070K, capacity 5248K, committed 5504K, reserved 1056768K
  class space    used 554K, capacity 592K, committed 640K, reserved 1048576K
2024-07-16T11:01:41.446+0800: 6.326: [GC (Allocation Failure) 2024-07-16T11:01:41.446+0800: 6.326: [ParNew: 5237K->2K(6144K), 0.0003209 secs] 13544K->8308K(19840K), 0.0003568 secs] [Times: user=0.00 sys=0.00, real=0.00 secs] 
Heap after GC invocations=768 (full 98):
 par new generation   total 6144K, used 2K [0x00000000fec00000, 0x00000000ff2a0000, 0x00000000ff2a0000)
  eden space 5504K,   0% used [0x00000000fec00000, 0x00000000fec00000, 0x00000000ff160000)
  from space 640K,   0% used [0x00000000ff200000, 0x00000000ff200810, 0x00000000ff2a0000)
  to   space 640K,   0% used [0x00000000ff160000, 0x00000000ff160000, 0x00000000ff200000)
 concurrent mark-sweep generation total 13696K, used 8306K [0x00000000ff2a0000, 0x0000000100000000, 0x0000000100000000)
 Metaspace       used 5070K, capacity 5248K, committed 5504K, reserved 1056768K
  class space    used 554K, capacity 592K, committed 640K, reserved 1048576K
}
{Heap before GC invocations=768 (full 98):
 par new generation   total 6144K, used 5231K [0x00000000fec00000, 0x00000000ff2a0000, 0x00000000ff2a0000)
  eden space 5504K,  95% used [0x00000000fec00000, 0x00000000ff11b780, 0x00000000ff160000)
  from space 640K,   0% used [0x00000000ff200000, 0x00000000ff200810, 0x00000000ff2a0000)
  to   space 640K,   0% used [0x00000000ff160000, 0x00000000ff160000, 0x00000000ff200000)
 concurrent mark-sweep generation total 13696K, used 8306K [0x00000000ff2a0000, 0x0000000100000000, 0x0000000100000000)
 Metaspace       used 5070K, capacity 5248K, committed 5504K, reserved 1056768K
  class space    used 554K, capacity 592K, committed 640K, reserved 1048576K
2024-07-16T11:01:41.454+0800: 6.334: [GC (Allocation Failure) 2024-07-16T11:01:41.454+0800: 6.334: [ParNew: 5231K->4K(6144K), 0.0002380 secs] 13538K->8310K(19840K), 0.0002687 secs] [Times: user=0.00 sys=0.00, real=0.00 secs] 
Heap after GC invocations=769 (full 98):
 par new generation   total 6144K, used 4K [0x00000000fec00000, 0x00000000ff2a0000, 0x00000000ff2a0000)
  eden space 5504K,   0% used [0x00000000fec00000, 0x00000000fec00000, 0x00000000ff160000)
  from space 640K,   0% used [0x00000000ff160000, 0x00000000ff161020, 0x00000000ff200000)
  to   space 640K,   0% used [0x00000000ff200000, 0x00000000ff200000, 0x00000000ff2a0000)
 concurrent mark-sweep generation total 13696K, used 8306K [0x00000000ff2a0000, 0x0000000100000000, 0x0000000100000000)
 Metaspace       used 5070K, capacity 5248K, committed 5504K, reserved 1056768K
  class space    used 554K, capacity 592K, committed 640K, reserved 1048576K
}
{Heap before GC invocations=769 (full 98):
 par new generation   total 6144K, used 5233K [0x00000000fec00000, 0x00000000ff2a0000, 0x00000000ff2a0000)
  eden space 5504K,  95% used [0x00000000fec00000, 0x00000000ff11b780, 0x00000000ff160000)
  from space 640K,   0% used [0x00000000ff160000, 0x00000000ff161020, 0x00000000ff200000)
  to   space 640K,   0% used [0x00000000ff200000, 0x00000000ff200000, 0x00000000ff2a0000)
 concurrent mark-sweep generation total 13696K, used 8306K [0x00000000ff2a0000, 0x0000000100000000, 0x0000000100000000)
 Metaspace       used 5070K, capacity 5248K, committed 5504K, reserved 1056768K
  class space    used 554K, capacity 592K, committed 640K, reserved 1048576K
2024-07-16T11:01:41.462+0800: 6.342: [GC (Allocation Failure) 2024-07-16T11:01:41.462+0800: 6.342: [ParNew: 5233K->4K(6144K), 0.0003087 secs] 13540K->8310K(19840K), 0.0003415 secs] [Times: user=0.00 sys=0.00, real=0.00 secs] 
Heap after GC invocations=770 (full 98):
 par new generation   total 6144K, used 4K [0x00000000fec00000, 0x00000000ff2a0000, 0x00000000ff2a0000)
  eden space 5504K,   0% used [0x00000000fec00000, 0x00000000fec00000, 0x00000000ff160000)
  from space 640K,   0% used [0x00000000ff200000, 0x00000000ff201020, 0x00000000ff2a0000)
  to   space 640K,   0% used [0x00000000ff160000, 0x00000000ff160000, 0x00000000ff200000)
 concurrent mark-sweep generation total 13696K, used 8306K [0x00000000ff2a0000, 0x0000000100000000, 0x0000000100000000)
 Metaspace       used 5070K, capacity 5248K, committed 5504K, reserved 1056768K
  class space    used 554K, capacity 592K, committed 640K, reserved 1048576K
}
{Heap before GC invocations=770 (full 98):
 par new generation   total 6144K, used 5233K [0x00000000fec00000, 0x00000000ff2a0000, 0x00000000ff2a0000)
  eden space 5504K,  95% used [0x00000000fec00000, 0x00000000ff11b780, 0x00000000ff160000)
  from space 640K,   0% used [0x00000000ff200000, 0x00000000ff201020, 0x00000000ff2a0000)
  to   space 640K,   0% used [0x00000000ff160000, 0x00000000ff160000, 0x00000000ff200000)
 concurrent mark-sweep generation total 13696K, used 8306K [0x00000000ff2a0000, 0x0000000100000000, 0x0000000100000000)
 Metaspace       used 5070K, capacity 5248K, committed 5504K, reserved 1056768K
  class space    used 554K, capacity 592K, committed 640K, reserved 1048576K
2024-07-16T11:01:41.468+0800: 6.348: [GC (Allocation Failure) 2024-07-16T11:01:41.468+0800: 6.348: [ParNew: 5233K->8K(6144K), 0.0003514 secs] 13540K->9340K(19840K), 0.0003815 secs] [Times: user=0.00 sys=0.00, real=0.00 secs] 
Heap after GC invocations=771 (full 98):
 par new generation   total 6144K, used 8K [0x00000000fec00000, 0x00000000ff2a0000, 0x00000000ff2a0000)
  eden space 5504K,   0% used [0x00000000fec00000, 0x00000000fec00000, 0x00000000ff160000)
  from space 640K,   1% used [0x00000000ff160000, 0x00000000ff162040, 0x00000000ff200000)
  to   space 640K,   0% used [0x00000000ff200000, 0x00000000ff200000, 0x00000000ff2a0000)
 concurrent mark-sweep generation total 13696K, used 9332K [0x00000000ff2a0000, 0x0000000100000000, 0x0000000100000000)
 Metaspace       used 5070K, capacity 5248K, committed 5504K, reserved 1056768K
  class space    used 554K, capacity 592K, committed 640K, reserved 1048576K
}
{Heap before GC invocations=771 (full 98):
 par new generation   total 6144K, used 5237K [0x00000000fec00000, 0x00000000ff2a0000, 0x00000000ff2a0000)
  eden space 5504K,  95% used [0x00000000fec00000, 0x00000000ff11b780, 0x00000000ff160000)
  from space 640K,   1% used [0x00000000ff160000, 0x00000000ff162040, 0x00000000ff200000)
  to   space 640K,   0% used [0x00000000ff200000, 0x00000000ff200000, 0x00000000ff2a0000)
 concurrent mark-sweep generation total 13696K, used 9332K [0x00000000ff2a0000, 0x0000000100000000, 0x0000000100000000)
 Metaspace       used 5070K, capacity 5248K, committed 5504K, reserved 1056768K
  class space    used 554K, capacity 592K, committed 640K, reserved 1048576K
2024-07-16T11:01:41.473+0800: 6.354: [GC (Allocation Failure) 2024-07-16T11:01:41.473+0800: 6.354: [ParNew: 5237K->6K(6144K), 0.0003579 secs] 14570K->10362K(19840K), 0.0003992 secs] [Times: user=0.00 sys=0.00, real=0.00 secs] 
Heap after GC invocations=772 (full 98):
 par new generation   total 6144K, used 6K [0x00000000fec00000, 0x00000000ff2a0000, 0x00000000ff2a0000)
  eden space 5504K,   0% used [0x00000000fec00000, 0x00000000fec00000, 0x00000000ff160000)
  from space 640K,   0% used [0x00000000ff200000, 0x00000000ff201830, 0x00000000ff2a0000)
  to   space 640K,   0% used [0x00000000ff160000, 0x00000000ff160000, 0x00000000ff200000)
 concurrent mark-sweep generation total 13696K, used 10356K [0x00000000ff2a0000, 0x0000000100000000, 0x0000000100000000)
 Metaspace       used 5070K, capacity 5248K, committed 5504K, reserved 1056768K
  class space    used 554K, capacity 592K, committed 640K, reserved 1048576K
}
{Heap before GC invocations=772 (full 98):
 par new generation   total 6144K, used 5235K [0x00000000fec00000, 0x00000000ff2a0000, 0x00000000ff2a0000)
  eden space 5504K,  95% used [0x00000000fec00000, 0x00000000ff11b780, 0x00000000ff160000)
  from space 640K,   0% used [0x00000000ff200000, 0x00000000ff201830, 0x00000000ff2a0000)
  to   space 640K,   0% used [0x00000000ff160000, 0x00000000ff160000, 0x00000000ff200000)
 concurrent mark-sweep generation total 13696K, used 10356K [0x00000000ff2a0000, 0x0000000100000000, 0x0000000100000000)
 Metaspace       used 5070K, capacity 5248K, committed 5504K, reserved 1056768K
  class space    used 554K, capacity 592K, committed 640K, reserved 1048576K
2024-07-16T11:01:41.479+0800: 6.359: [GC (Allocation Failure) 2024-07-16T11:01:41.479+0800: 6.359: [ParNew: 5235K->2K(6144K), 0.0003734 secs] 15592K->10358K(19840K), 0.0004110 secs] [Times: user=0.00 sys=0.00, real=0.00 secs] 
Heap after GC invocations=773 (full 98):
 par new generation   total 6144K, used 2K [0x00000000fec00000, 0x00000000ff2a0000, 0x00000000ff2a0000)
  eden space 5504K,   0% used [0x00000000fec00000, 0x00000000fec00000, 0x00000000ff160000)
  from space 640K,   0% used [0x00000000ff160000, 0x00000000ff160810, 0x00000000ff200000)
  to   space 640K,   0% used [0x00000000ff200000, 0x00000000ff200000, 0x00000000ff2a0000)
 concurrent mark-sweep generation total 13696K, used 10356K [0x00000000ff2a0000, 0x0000000100000000, 0x0000000100000000)
 Metaspace       used 5070K, capacity 5248K, committed 5504K, reserved 1056768K
  class space    used 554K, capacity 592K, committed 640K, reserved 1048576K
}
{Heap before GC invocations=773 (full 98):
 par new generation   total 6144K, used 5231K [0x00000000fec00000, 0x00000000ff2a0000, 0x00000000ff2a0000)
  eden space 5504K,  95% used [0x00000000fec00000, 0x00000000ff11b780, 0x00000000ff160000)
  from space 640K,   0% used [0x00000000ff160000, 0x00000000ff160810, 0x00000000ff200000)
  to   space 640K,   0% used [0x00000000ff200000, 0x00000000ff200000, 0x00000000ff2a0000)
 concurrent mark-sweep generation total 13696K, used 10356K [0x00000000ff2a0000, 0x0000000100000000, 0x0000000100000000)
 Metaspace       used 5070K, capacity 5248K, committed 5504K, reserved 1056768K
  class space    used 554K, capacity 592K, committed 640K, reserved 1048576K
2024-07-16T11:01:41.486+0800: 6.366: [GC (Allocation Failure) 2024-07-16T11:01:41.486+0800: 6.366: [ParNew: 5231K->4K(6144K), 0.0002751 secs] 15588K->10360K(19840K), 0.0002996 secs] [Times: user=0.00 sys=0.00, real=0.00 secs] 
Heap after GC invocations=774 (full 98):
 par new generation   total 6144K, used 4K [0x00000000fec00000, 0x00000000ff2a0000, 0x00000000ff2a0000)
  eden space 5504K,   0% used [0x00000000fec00000, 0x00000000fec00000, 0x00000000ff160000)
  from space 640K,   0% used [0x00000000ff200000, 0x00000000ff201020, 0x00000000ff2a0000)
  to   space 640K,   0% used [0x00000000ff160000, 0x00000000ff160000, 0x00000000ff200000)
 concurrent mark-sweep generation total 13696K, used 10356K [0x00000000ff2a0000, 0x0000000100000000, 0x0000000100000000)
 Metaspace       used 5070K, capacity 5248K, committed 5504K, reserved 1056768K
  class space    used 554K, capacity 592K, committed 640K, reserved 1048576K
}
{Heap before GC invocations=774 (full 98):
 par new generation   total 6144K, used 5233K [0x00000000fec00000, 0x00000000ff2a0000, 0x00000000ff2a0000)
  eden space 5504K,  95% used [0x00000000fec00000, 0x00000000ff11b780, 0x00000000ff160000)
  from space 640K,   0% used [0x00000000ff200000, 0x00000000ff201020, 0x00000000ff2a0000)
  to   space 640K,   0% used [0x00000000ff160000, 0x00000000ff160000, 0x00000000ff200000)
 concurrent mark-sweep generation total 13696K, used 10356K [0x00000000ff2a0000, 0x0000000100000000, 0x0000000100000000)
 Metaspace       used 5070K, capacity 5248K, committed 5504K, reserved 1056768K
  class space    used 554K, capacity 592K, committed 640K, reserved 1048576K
2024-07-16T11:01:41.494+0800: 6.374: [GC (Allocation Failure) 2024-07-16T11:01:41.494+0800: 6.374: [ParNew: 5233K->4K(6144K), 0.0002808 secs] 15590K->10360K(19840K), 0.0003152 secs] [Times: user=0.00 sys=0.00, real=0.00 secs] 
Heap after GC invocations=775 (full 98):
 par new generation   total 6144K, used 4K [0x00000000fec00000, 0x00000000ff2a0000, 0x00000000ff2a0000)
  eden space 5504K,   0% used [0x00000000fec00000, 0x00000000fec00000, 0x00000000ff160000)
  from space 640K,   0% used [0x00000000ff160000, 0x00000000ff161020, 0x00000000ff200000)
  to   space 640K,   0% used [0x00000000ff200000, 0x00000000ff200000, 0x00000000ff2a0000)
 concurrent mark-sweep generation total 13696K, used 10356K [0x00000000ff2a0000, 0x0000000100000000, 0x0000000100000000)
 Metaspace       used 5070K, capacity 5248K, committed 5504K, reserved 1056768K
  class space    used 554K, capacity 592K, committed 640K, reserved 1048576K
}
{Heap before GC invocations=775 (full 98):
 par new generation   total 6144K, used 5233K [0x00000000fec00000, 0x00000000ff2a0000, 0x00000000ff2a0000)
  eden space 5504K,  95% used [0x00000000fec00000, 0x00000000ff11b780, 0x00000000ff160000)
  from space 640K,   0% used [0x00000000ff160000, 0x00000000ff161020, 0x00000000ff200000)
  to   space 640K,   0% used [0x00000000ff200000, 0x00000000ff200000, 0x00000000ff2a0000)
 concurrent mark-sweep generation total 13696K, used 10356K [0x00000000ff2a0000, 0x0000000100000000, 0x0000000100000000)
 Metaspace       used 5070K, capacity 5248K, committed 5504K, reserved 1056768K
  class space    used 554K, capacity 592K, committed 640K, reserved 1048576K
2024-07-16T11:01:41.502+0800: 6.382: [GC (Allocation Failure) 2024-07-16T11:01:41.502+0800: 6.382: [ParNew: 5233K->6K(6144K), 0.0004094 secs] 15590K->11386K(19840K), 0.0004442 secs] [Times: user=0.00 sys=0.00, real=0.00 secs] 
Heap after GC invocations=776 (full 98):
 par new generation   total 6144K, used 6K [0x00000000fec00000, 0x00000000ff2a0000, 0x00000000ff2a0000)
  eden space 5504K,   0% used [0x00000000fec00000, 0x00000000fec00000, 0x00000000ff160000)
  from space 640K,   0% used [0x00000000ff200000, 0x00000000ff201830, 0x00000000ff2a0000)
  to   space 640K,   0% used [0x00000000ff160000, 0x00000000ff160000, 0x00000000ff200000)
 concurrent mark-sweep generation total 13696K, used 11380K [0x00000000ff2a0000, 0x0000000100000000, 0x0000000100000000)
 Metaspace       used 5070K, capacity 5248K, committed 5504K, reserved 1056768K
  class space    used 554K, capacity 592K, committed 640K, reserved 1048576K
}
{Heap before GC invocations=776 (full 98):
 par new generation   total 6144K, used 5235K [0x00000000fec00000, 0x00000000ff2a0000, 0x00000000ff2a0000)
  eden space 5504K,  95% used [0x00000000fec00000, 0x00000000ff11b780, 0x00000000ff160000)
  from space 640K,   0% used [0x00000000ff200000, 0x00000000ff201830, 0x00000000ff2a0000)
  to   space 640K,   0% used [0x00000000ff160000, 0x00000000ff160000, 0x00000000ff200000)
 concurrent mark-sweep generation total 13696K, used 11380K [0x00000000ff2a0000, 0x0000000100000000, 0x0000000100000000)
 Metaspace       used 5070K, capacity 5248K, committed 5504K, reserved 1056768K
  class space    used 554K, capacity 592K, committed 640K, reserved 1048576K
2024-07-16T11:01:41.508+0800: 6.388: [GC (Allocation Failure) 2024-07-16T11:01:41.508+0800: 6.388: [ParNew: 5235K->8K(6144K), 0.0008628 secs] 16616K->12413K(19840K), 0.0009084 secs] [Times: user=0.00 sys=0.00, real=0.00 secs] 
Heap after GC invocations=777 (full 98):
 par new generation   total 6144K, used 8K [0x00000000fec00000, 0x00000000ff2a0000, 0x00000000ff2a0000)
  eden space 5504K,   0% used [0x00000000fec00000, 0x00000000fec00000, 0x00000000ff160000)
  from space 640K,   1% used [0x00000000ff160000, 0x00000000ff162040, 0x00000000ff200000)
  to   space 640K,   0% used [0x00000000ff200000, 0x00000000ff200000, 0x00000000ff2a0000)
 concurrent mark-sweep generation total 13696K, used 12404K [0x00000000ff2a0000, 0x0000000100000000, 0x0000000100000000)
 Metaspace       used 5070K, capacity 5248K, committed 5504K, reserved 1056768K
  class space    used 554K, capacity 592K, committed 640K, reserved 1048576K
}
{Heap before GC invocations=777 (full 98):
 par new generation   total 6144K, used 5237K [0x00000000fec00000, 0x00000000ff2a0000, 0x00000000ff2a0000)
  eden space 5504K,  95% used [0x00000000fec00000, 0x00000000ff11b780, 0x00000000ff160000)
  from space 640K,   1% used [0x00000000ff160000, 0x00000000ff162040, 0x00000000ff200000)
  to   space 640K,   0% used [0x00000000ff200000, 0x00000000ff200000, 0x00000000ff2a0000)
 concurrent mark-sweep generation total 13696K, used 12404K [0x00000000ff2a0000, 0x0000000100000000, 0x0000000100000000)
 Metaspace       used 5070K, capacity 5248K, committed 5504K, reserved 1056768K
  class space    used 554K, capacity 592K, committed 640K, reserved 1048576K
2024-07-16T11:01:41.517+0800: 6.397: [GC (Allocation Failure) 2024-07-16T11:01:41.517+0800: 6.397: [ParNew: 5237K->5237K(6144K), 0.0000349 secs]2024-07-16T11:01:41.517+0800: 6.397: [CMS2024-07-16T11:01:41.517+0800: 6.397: [CMS-concurrent-abortable-preclean: 0.001/0.128 secs] [Times: user=0.00 sys=0.00, real=0.13 secs] 
 (concurrent mode failure): 12404K->1132K(13696K), 0.0035650 secs] 17642K->1132K(19840K), [Metaspace: 5070K->5070K(1056768K)], 0.0036825 secs] [Times: user=0.02 sys=0.00, real=0.00 secs] 
Heap after GC invocations=778 (full 99):
 par new generation   total 6144K, used 0K [0x00000000fec00000, 0x00000000ff2a0000, 0x00000000ff2a0000)
  eden space 5504K,   0% used [0x00000000fec00000, 0x00000000fec00000, 0x00000000ff160000)
  from space 640K,   0% used [0x00000000ff160000, 0x00000000ff160000, 0x00000000ff200000)
  to   space 640K,   0% used [0x00000000ff200000, 0x00000000ff200000, 0x00000000ff2a0000)
 concurrent mark-sweep generation total 13696K, used 1132K [0x00000000ff2a0000, 0x0000000100000000, 0x0000000100000000)
 Metaspace       used 5070K, capacity 5248K, committed 5504K, reserved 1056768K
  class space    used 554K, capacity 592K, committed 640K, reserved 1048576K
}
{Heap before GC invocations=778 (full 99):
 par new generation   total 6144K, used 5229K [0x00000000fec00000, 0x00000000ff2a0000, 0x00000000ff2a0000)
  eden space 5504K,  95% used [0x00000000fec00000, 0x00000000ff11b780, 0x00000000ff160000)
  from space 640K,   0% used [0x00000000ff160000, 0x00000000ff160000, 0x00000000ff200000)
  to   space 640K,   0% used [0x00000000ff200000, 0x00000000ff200000, 0x00000000ff2a0000)
 concurrent mark-sweep generation total 13696K, used 1132K [0x00000000ff2a0000, 0x0000000100000000, 0x0000000100000000)
 Metaspace       used 5070K, capacity 5248K, committed 5504K, reserved 1056768K
  class space    used 554K, capacity 592K, committed 640K, reserved 1048576K
2024-07-16T11:01:41.527+0800: 6.407: [GC (Allocation Failure) 2024-07-16T11:01:41.527+0800: 6.407: [ParNew: 5229K->12K(6144K), 0.0011946 secs] 6362K->3194K(19840K), 0.0012729 secs] [Times: user=0.00 sys=0.00, real=0.00 secs] 
Heap after GC invocations=779 (full 99):
 par new generation   total 6144K, used 12K [0x00000000fec00000, 0x00000000ff2a0000, 0x00000000ff2a0000)
  eden space 5504K,   0% used [0x00000000fec00000, 0x00000000fec00000, 0x00000000ff160000)
  from space 640K,   1% used [0x00000000ff200000, 0x00000000ff203060, 0x00000000ff2a0000)
  to   space 640K,   0% used [0x00000000ff160000, 0x00000000ff160000, 0x00000000ff200000)
 concurrent mark-sweep generation total 13696K, used 3182K [0x00000000ff2a0000, 0x0000000100000000, 0x0000000100000000)
 Metaspace       used 5070K, capacity 5248K, committed 5504K, reserved 1056768K
  class space    used 554K, capacity 592K, committed 640K, reserved 1048576K
}
2024-07-16T11:01:41.528+0800: 6.409: [GC (CMS Initial Mark) [1 CMS-initial-mark: 3182K(13696K)] 4220K(19840K), 0.0002163 secs] [Times: user=0.00 sys=0.00, real=0.00 secs] 
2024-07-16T11:01:41.528+0800: 6.409: [CMS-concurrent-mark-start]
2024-07-16T11:01:41.531+0800: 6.411: [CMS-concurrent-mark: 0.002/0.002 secs] [Times: user=0.00 sys=0.00, real=0.00 secs] 
2024-07-16T11:01:41.531+0800: 6.411: [CMS-concurrent-preclean-start]
2024-07-16T11:01:41.531+0800: 6.411: [CMS-concurrent-preclean: 0.000/0.000 secs] [Times: user=0.00 sys=0.00, real=0.00 secs] 
2024-07-16T11:01:41.531+0800: 6.411: [CMS-concurrent-abortable-preclean-start]
{Heap before GC invocations=779 (full 100):
 par new generation   total 6144K, used 5241K [0x00000000fec00000, 0x00000000ff2a0000, 0x00000000ff2a0000)
  eden space 5504K,  95% used [0x00000000fec00000, 0x00000000ff11b780, 0x00000000ff160000)
  from space 640K,   1% used [0x00000000ff200000, 0x00000000ff203060, 0x00000000ff2a0000)
  to   space 640K,   0% used [0x00000000ff160000, 0x00000000ff160000, 0x00000000ff200000)
 concurrent mark-sweep generation total 13696K, used 3182K [0x00000000ff2a0000, 0x0000000100000000, 0x0000000100000000)
 Metaspace       used 5070K, capacity 5248K, committed 5504K, reserved 1056768K
  class space    used 554K, capacity 592K, committed 640K, reserved 1048576K
2024-07-16T11:01:41.535+0800: 6.415: [GC (Allocation Failure) 2024-07-16T11:01:41.535+0800: 6.415: [ParNew: 5241K->8K(6144K), 0.0010270 secs] 8424K->4216K(19840K), 0.0010730 secs] [Times: user=0.00 sys=0.00, real=0.00 secs] 
Heap after GC invocations=780 (full 100):
 par new generation   total 6144K, used 8K [0x00000000fec00000, 0x00000000ff2a0000, 0x00000000ff2a0000)
  eden space 5504K,   0% used [0x00000000fec00000, 0x00000000fec00000, 0x00000000ff160000)
  from space 640K,   1% used [0x00000000ff160000, 0x00000000ff162040, 0x00000000ff200000)
  to   space 640K,   0% used [0x00000000ff200000, 0x00000000ff200000, 0x00000000ff2a0000)
 concurrent mark-sweep generation total 13696K, used 4208K [0x00000000ff2a0000, 0x0000000100000000, 0x0000000100000000)
 Metaspace       used 5070K, capacity 5248K, committed 5504K, reserved 1056768K
  class space    used 554K, capacity 592K, committed 640K, reserved 1048576K
}
{Heap before GC invocations=780 (full 100):
 par new generation   total 6144K, used 5237K [0x00000000fec00000, 0x00000000ff2a0000, 0x00000000ff2a0000)
  eden space 5504K,  95% used [0x00000000fec00000, 0x00000000ff11b780, 0x00000000ff160000)
  from space 640K,   1% used [0x00000000ff160000, 0x00000000ff162040, 0x00000000ff200000)
  to   space 640K,   0% used [0x00000000ff200000, 0x00000000ff200000, 0x00000000ff2a0000)
 concurrent mark-sweep generation total 13696K, used 4208K [0x00000000ff2a0000, 0x0000000100000000, 0x0000000100000000)
 Metaspace       used 5070K, capacity 5248K, committed 5504K, reserved 1056768K
  class space    used 554K, capacity 592K, committed 640K, reserved 1048576K
2024-07-16T11:01:41.544+0800: 6.424: [GC (Allocation Failure) 2024-07-16T11:01:41.544+0800: 6.424: [ParNew: 5237K->8K(6144K), 0.0003922 secs] 9446K->5242K(19840K), 0.0004318 secs] [Times: user=0.00 sys=0.00, real=0.00 secs] 
Heap after GC invocations=781 (full 100):
 par new generation   total 6144K, used 8K [0x00000000fec00000, 0x00000000ff2a0000, 0x00000000ff2a0000)
  eden space 5504K,   0% used [0x00000000fec00000, 0x00000000fec00000, 0x00000000ff160000)
  from space 640K,   1% used [0x00000000ff200000, 0x00000000ff202040, 0x00000000ff2a0000)
  to   space 640K,   0% used [0x00000000ff160000, 0x00000000ff160000, 0x00000000ff200000)
 concurrent mark-sweep generation total 13696K, used 5234K [0x00000000ff2a0000, 0x0000000100000000, 0x0000000100000000)
 Metaspace       used 5070K, capacity 5248K, committed 5504K, reserved 1056768K
  class space    used 554K, capacity 592K, committed 640K, reserved 1048576K
}
{Heap before GC invocations=781 (full 100):
 par new generation   total 6144K, used 5237K [0x00000000fec00000, 0x00000000ff2a0000, 0x00000000ff2a0000)
  eden space 5504K,  95% used [0x00000000fec00000, 0x00000000ff11b780, 0x00000000ff160000)
  from space 640K,   1% used [0x00000000ff200000, 0x00000000ff202040, 0x00000000ff2a0000)
  to   space 640K,   0% used [0x00000000ff160000, 0x00000000ff160000, 0x00000000ff200000)
 concurrent mark-sweep generation total 13696K, used 5234K [0x00000000ff2a0000, 0x0000000100000000, 0x0000000100000000)
 Metaspace       used 5070K, capacity 5248K, committed 5504K, reserved 1056768K
  class space    used 554K, capacity 592K, committed 640K, reserved 1048576K
2024-07-16T11:01:41.550+0800: 6.430: [GC (Allocation Failure) 2024-07-16T11:01:41.550+0800: 6.430: [ParNew: 5237K->6K(6144K), 0.0007054 secs] 10472K->6266K(19840K), 0.0008046 secs] [Times: user=0.00 sys=0.00, real=0.00 secs] 
Heap after GC invocations=782 (full 100):
 par new generation   total 6144K, used 6K [0x00000000fec00000, 0x00000000ff2a0000, 0x00000000ff2a0000)
  eden space 5504K,   0% used [0x00000000fec00000, 0x00000000fec00000, 0x00000000ff160000)
  from space 640K,   0% used [0x00000000ff160000, 0x00000000ff161830, 0x00000000ff200000)
  to   space 640K,   0% used [0x00000000ff200000, 0x00000000ff200000, 0x00000000ff2a0000)
 concurrent mark-sweep generation total 13696K, used 6260K [0x00000000ff2a0000, 0x0000000100000000, 0x0000000100000000)
 Metaspace       used 5070K, capacity 5248K, committed 5504K, reserved 1056768K
  class space    used 554K, capacity 592K, committed 640K, reserved 1048576K
}
{Heap before GC invocations=782 (full 100):
 par new generation   total 6144K, used 5235K [0x00000000fec00000, 0x00000000ff2a0000, 0x00000000ff2a0000)
  eden space 5504K,  95% used [0x00000000fec00000, 0x00000000ff11b780, 0x00000000ff160000)
  from space 640K,   0% used [0x00000000ff160000, 0x00000000ff161830, 0x00000000ff200000)
  to   space 640K,   0% used [0x00000000ff200000, 0x00000000ff200000, 0x00000000ff2a0000)
 concurrent mark-sweep generation total 13696K, used 6260K [0x00000000ff2a0000, 0x0000000100000000, 0x0000000100000000)
 Metaspace       used 5070K, capacity 5248K, committed 5504K, reserved 1056768K
  class space    used 554K, capacity 592K, committed 640K, reserved 1048576K
2024-07-16T11:01:41.557+0800: 6.437: [GC (Allocation Failure) 2024-07-16T11:01:41.557+0800: 6.437: [ParNew: 5235K->6K(6144K), 0.0010862 secs] 11496K->7292K(19840K), 0.0011658 secs] [Times: user=0.00 sys=0.00, real=0.00 secs] 
Heap after GC invocations=783 (full 100):
 par new generation   total 6144K, used 6K [0x00000000fec00000, 0x00000000ff2a0000, 0x00000000ff2a0000)
  eden space 5504K,   0% used [0x00000000fec00000, 0x00000000fec00000, 0x00000000ff160000)
  from space 640K,   0% used [0x00000000ff200000, 0x00000000ff201830, 0x00000000ff2a0000)
  to   space 640K,   0% used [0x00000000ff160000, 0x00000000ff160000, 0x00000000ff200000)
 concurrent mark-sweep generation total 13696K, used 7286K [0x00000000ff2a0000, 0x0000000100000000, 0x0000000100000000)
 Metaspace       used 5070K, capacity 5248K, committed 5504K, reserved 1056768K
  class space    used 554K, capacity 592K, committed 640K, reserved 1048576K
}
{Heap before GC invocations=783 (full 100):
 par new generation   total 6144K, used 5235K [0x00000000fec00000, 0x00000000ff2a0000, 0x00000000ff2a0000)
  eden space 5504K,  95% used [0x00000000fec00000, 0x00000000ff11b780, 0x00000000ff160000)
  from space 640K,   0% used [0x00000000ff200000, 0x00000000ff201830, 0x00000000ff2a0000)
  to   space 640K,   0% used [0x00000000ff160000, 0x00000000ff160000, 0x00000000ff200000)
 concurrent mark-sweep generation total 13696K, used 7286K [0x00000000ff2a0000, 0x0000000100000000, 0x0000000100000000)
 Metaspace       used 5070K, capacity 5248K, committed 5504K, reserved 1056768K
  class space    used 554K, capacity 592K, committed 640K, reserved 1048576K
2024-07-16T11:01:41.564+0800: 6.444: [GC (Allocation Failure) 2024-07-16T11:01:41.564+0800: 6.444: [ParNew: 5235K->8K(6144K), 0.0010723 secs] 12522K->8318K(19840K), 0.0011485 secs] [Times: user=0.02 sys=0.00, real=0.00 secs] 
Heap after GC invocations=784 (full 100):
 par new generation   total 6144K, used 8K [0x00000000fec00000, 0x00000000ff2a0000, 0x00000000ff2a0000)
  eden space 5504K,   0% used [0x00000000fec00000, 0x00000000fec00000, 0x00000000ff160000)
  from space 640K,   1% used [0x00000000ff160000, 0x00000000ff162040, 0x00000000ff200000)
  to   space 640K,   0% used [0x00000000ff200000, 0x00000000ff200000, 0x00000000ff2a0000)
 concurrent mark-sweep generation total 13696K, used 8310K [0x00000000ff2a0000, 0x0000000100000000, 0x0000000100000000)
 Metaspace       used 5070K, capacity 5248K, committed 5504K, reserved 1056768K
  class space    used 554K, capacity 592K, committed 640K, reserved 1048576K
}
{Heap before GC invocations=784 (full 100):
 par new generation   total 6144K, used 5237K [0x00000000fec00000, 0x00000000ff2a0000, 0x00000000ff2a0000)
  eden space 5504K,  95% used [0x00000000fec00000, 0x00000000ff11b780, 0x00000000ff160000)
  from space 640K,   1% used [0x00000000ff160000, 0x00000000ff162040, 0x00000000ff200000)
  to   space 640K,   0% used [0x00000000ff200000, 0x00000000ff200000, 0x00000000ff2a0000)
 concurrent mark-sweep generation total 13696K, used 8310K [0x00000000ff2a0000, 0x0000000100000000, 0x0000000100000000)
 Metaspace       used 5070K, capacity 5248K, committed 5504K, reserved 1056768K
  class space    used 554K, capacity 592K, committed 640K, reserved 1048576K
2024-07-16T11:01:41.572+0800: 6.452: [GC (Allocation Failure) 2024-07-16T11:01:41.572+0800: 6.452: [ParNew: 5237K->8K(6144K), 0.0013808 secs] 13548K->9342K(19840K), 0.0014879 secs] [Times: user=0.00 sys=0.00, real=0.00 secs] 
Heap after GC invocations=785 (full 100):
 par new generation   total 6144K, used 8K [0x00000000fec00000, 0x00000000ff2a0000, 0x00000000ff2a0000)
  eden space 5504K,   0% used [0x00000000fec00000, 0x00000000fec00000, 0x00000000ff160000)
  from space 640K,   1% used [0x00000000ff200000, 0x00000000ff202040, 0x00000000ff2a0000)
  to   space 640K,   0% used [0x00000000ff160000, 0x00000000ff160000, 0x00000000ff200000)
 concurrent mark-sweep generation total 13696K, used 9334K [0x00000000ff2a0000, 0x0000000100000000, 0x0000000100000000)
 Metaspace       used 5070K, capacity 5248K, committed 5504K, reserved 1056768K
  class space    used 554K, capacity 592K, committed 640K, reserved 1048576K
}
{Heap before GC invocations=785 (full 100):
 par new generation   total 6144K, used 5237K [0x00000000fec00000, 0x00000000ff2a0000, 0x00000000ff2a0000)
  eden space 5504K,  95% used [0x00000000fec00000, 0x00000000ff11b780, 0x00000000ff160000)
  from space 640K,   1% used [0x00000000ff200000, 0x00000000ff202040, 0x00000000ff2a0000)
  to   space 640K,   0% used [0x00000000ff160000, 0x00000000ff160000, 0x00000000ff200000)
 concurrent mark-sweep generation total 13696K, used 9334K [0x00000000ff2a0000, 0x0000000100000000, 0x0000000100000000)
 Metaspace       used 5070K, capacity 5248K, committed 5504K, reserved 1056768K
  class space    used 554K, capacity 592K, committed 640K, reserved 1048576K
2024-07-16T11:01:41.579+0800: 6.459: [GC (Allocation Failure) 2024-07-16T11:01:41.579+0800: 6.459: [ParNew: 5237K->8K(6144K), 0.0015267 secs] 14572K->10366K(19840K), 0.0016188 secs] [Times: user=0.00 sys=0.00, real=0.00 secs] 
Heap after GC invocations=786 (full 100):
 par new generation   total 6144K, used 8K [0x00000000fec00000, 0x00000000ff2a0000, 0x00000000ff2a0000)
  eden space 5504K,   0% used [0x00000000fec00000, 0x00000000fec00000, 0x00000000ff160000)
  from space 640K,   1% used [0x00000000ff160000, 0x00000000ff162040, 0x00000000ff200000)
  to   space 640K,   0% used [0x00000000ff200000, 0x00000000ff200000, 0x00000000ff2a0000)
 concurrent mark-sweep generation total 13696K, used 10358K [0x00000000ff2a0000, 0x0000000100000000, 0x0000000100000000)
 Metaspace       used 5070K, capacity 5248K, committed 5504K, reserved 1056768K
  class space    used 554K, capacity 592K, committed 640K, reserved 1048576K
}
{Heap before GC invocations=786 (full 100):
 par new generation   total 6144K, used 5237K [0x00000000fec00000, 0x00000000ff2a0000, 0x00000000ff2a0000)
  eden space 5504K,  95% used [0x00000000fec00000, 0x00000000ff11b780, 0x00000000ff160000)
  from space 640K,   1% used [0x00000000ff160000, 0x00000000ff162040, 0x00000000ff200000)
  to   space 640K,   0% used [0x00000000ff200000, 0x00000000ff200000, 0x00000000ff2a0000)
 concurrent mark-sweep generation total 13696K, used 10358K [0x00000000ff2a0000, 0x0000000100000000, 0x0000000100000000)
 Metaspace       used 5070K, capacity 5248K, committed 5504K, reserved 1056768K
  class space    used 554K, capacity 592K, committed 640K, reserved 1048576K
2024-07-16T11:01:41.588+0800: 6.468: [GC (Allocation Failure) 2024-07-16T11:01:41.588+0800: 6.468: [ParNew: 5237K->6K(6144K), 0.0013825 secs] 15596K->11390K(19840K), 0.0014918 secs] [Times: user=0.00 sys=0.00, real=0.00 secs] 
Heap after GC invocations=787 (full 100):
 par new generation   total 6144K, used 6K [0x00000000fec00000, 0x00000000ff2a0000, 0x00000000ff2a0000)
  eden space 5504K,   0% used [0x00000000fec00000, 0x00000000fec00000, 0x00000000ff160000)
  from space 640K,   0% used [0x00000000ff200000, 0x00000000ff201830, 0x00000000ff2a0000)
  to   space 640K,   0% used [0x00000000ff160000, 0x00000000ff160000, 0x00000000ff200000)
 concurrent mark-sweep generation total 13696K, used 11384K [0x00000000ff2a0000, 0x0000000100000000, 0x0000000100000000)
 Metaspace       used 5070K, capacity 5248K, committed 5504K, reserved 1056768K
  class space    used 554K, capacity 592K, committed 640K, reserved 1048576K
}
{Heap before GC invocations=787 (full 100):
 par new generation   total 6144K, used 5235K [0x00000000fec00000, 0x00000000ff2a0000, 0x00000000ff2a0000)
  eden space 5504K,  95% used [0x00000000fec00000, 0x00000000ff11b780, 0x00000000ff160000)
  from space 640K,   0% used [0x00000000ff200000, 0x00000000ff201830, 0x00000000ff2a0000)
  to   space 640K,   0% used [0x00000000ff160000, 0x00000000ff160000, 0x00000000ff200000)
 concurrent mark-sweep generation total 13696K, used 11384K [0x00000000ff2a0000, 0x0000000100000000, 0x0000000100000000)
 Metaspace       used 5070K, capacity 5248K, committed 5504K, reserved 1056768K
  class space    used 554K, capacity 592K, committed 640K, reserved 1048576K
2024-07-16T11:01:41.596+0800: 6.476: [GC (Allocation Failure) 2024-07-16T11:01:41.596+0800: 6.476: [ParNew: 5235K->6K(6144K), 0.0011261 secs] 16620K->12414K(19840K), 0.0012298 secs] [Times: user=0.00 sys=0.00, real=0.00 secs] 
Heap after GC invocations=788 (full 100):
 par new generation   total 6144K, used 6K [0x00000000fec00000, 0x00000000ff2a0000, 0x00000000ff2a0000)
  eden space 5504K,   0% used [0x00000000fec00000, 0x00000000fec00000, 0x00000000ff160000)
  from space 640K,   0% used [0x00000000ff160000, 0x00000000ff161830, 0x00000000ff200000)
  to   space 640K,   0% used [0x00000000ff200000, 0x00000000ff200000, 0x00000000ff2a0000)
 concurrent mark-sweep generation total 13696K, used 12408K [0x00000000ff2a0000, 0x0000000100000000, 0x0000000100000000)
 Metaspace       used 5070K, capacity 5248K, committed 5504K, reserved 1056768K
  class space    used 554K, capacity 592K, committed 640K, reserved 1048576K
}
{Heap before GC invocations=788 (full 100):
 par new generation   total 6144K, used 5235K [0x00000000fec00000, 0x00000000ff2a0000, 0x00000000ff2a0000)
  eden space 5504K,  95% used [0x00000000fec00000, 0x00000000ff11b780, 0x00000000ff160000)
  from space 640K,   0% used [0x00000000ff160000, 0x00000000ff161830, 0x00000000ff200000)
  to   space 640K,   0% used [0x00000000ff200000, 0x00000000ff200000, 0x00000000ff2a0000)
 concurrent mark-sweep generation total 13696K, used 12408K [0x00000000ff2a0000, 0x0000000100000000, 0x0000000100000000)
 Metaspace       used 5070K, capacity 5248K, committed 5504K, reserved 1056768K
  class space    used 554K, capacity 592K, committed 640K, reserved 1048576K
2024-07-16T11:01:41.604+0800: 6.484: [GC (Allocation Failure) 2024-07-16T11:01:41.604+0800: 6.484: [ParNew: 5235K->8K(6144K), 0.0014715 secs] 17644K->13443K(19840K), 0.0015994 secs] [Times: user=0.00 sys=0.00, real=0.00 secs] 
Heap after GC invocations=789 (full 100):
 par new generation   total 6144K, used 8K [0x00000000fec00000, 0x00000000ff2a0000, 0x00000000ff2a0000)
  eden space 5504K,   0% used [0x00000000fec00000, 0x00000000fec00000, 0x00000000ff160000)
  from space 640K,   1% used [0x00000000ff200000, 0x00000000ff202040, 0x00000000ff2a0000)
  to   space 640K,   0% used [0x00000000ff160000, 0x00000000ff160000, 0x00000000ff200000)
 concurrent mark-sweep generation total 13696K, used 13435K [0x00000000ff2a0000, 0x0000000100000000, 0x0000000100000000)
 Metaspace       used 5070K, capacity 5248K, committed 5504K, reserved 1056768K
  class space    used 554K, capacity 592K, committed 640K, reserved 1048576K
}
2024-07-16T11:01:41.605+0800: 6.486: [CMS-concurrent-abortable-preclean: 0.001/0.075 secs] [Times: user=0.05 sys=0.00, real=0.08 secs] 
2024-07-16T11:01:41.606+0800: 6.486: [GC (CMS Final Remark) [YG occupancy: 1141 K (6144 K)]2024-07-16T11:01:41.606+0800: 6.486: [Rescan (parallel) , 0.0005433 secs]2024-07-16T11:01:41.606+0800: 6.487: [weak refs processing, 0.0000361 secs]2024-07-16T11:01:41.606+0800: 6.487: [class unloading, 0.0008761 secs]2024-07-16T11:01:41.607+0800: 6.488: [scrub symbol table, 0.0010063 secs]2024-07-16T11:01:41.608+0800: 6.489: [scrub string table, 0.0003537 secs][1 CMS-remark: 13435K(13696K)] 14576K(19840K), 0.0029983 secs] [Times: user=0.00 sys=0.00, real=0.00 secs] 
2024-07-16T11:01:41.609+0800: 6.489: [CMS-concurrent-sweep-start]
2024-07-16T11:01:41.610+0800: 6.490: [CMS-concurrent-sweep: 0.001/0.001 secs] [Times: user=0.00 sys=0.00, real=0.00 secs] 
2024-07-16T11:01:41.610+0800: 6.490: [CMS-concurrent-reset-start]
2024-07-16T11:01:41.610+0800: 6.490: [CMS-concurrent-reset: 0.000/0.000 secs] [Times: user=0.00 sys=0.00, real=0.00 secs] 
{Heap before GC invocations=789 (full 100):
 par new generation   total 6144K, used 5237K [0x00000000fec00000, 0x00000000ff2a0000, 0x00000000ff2a0000)
  eden space 5504K,  95% used [0x00000000fec00000, 0x00000000ff11b780, 0x00000000ff160000)
  from space 640K,   1% used [0x00000000ff200000, 0x00000000ff202040, 0x00000000ff2a0000)
  to   space 640K,   0% used [0x00000000ff160000, 0x00000000ff160000, 0x00000000ff200000)
 concurrent mark-sweep generation total 13696K, used 11386K [0x00000000ff2a0000, 0x0000000100000000, 0x0000000100000000)
 Metaspace       used 5070K, capacity 5248K, committed 5504K, reserved 1056768K
  class space    used 554K, capacity 592K, committed 640K, reserved 1048576K
2024-07-16T11:01:41.616+0800: 6.496: [GC (Allocation Failure) 2024-07-16T11:01:41.616+0800: 6.496: [ParNew: 5237K->4K(6144K), 0.0011026 secs] 16624K->11390K(19840K), 0.0011919 secs] [Times: user=0.00 sys=0.00, real=0.00 secs] 
Heap after GC invocations=790 (full 100):
 par new generation   total 6144K, used 4K [0x00000000fec00000, 0x00000000ff2a0000, 0x00000000ff2a0000)
  eden space 5504K,   0% used [0x00000000fec00000, 0x00000000fec00000, 0x00000000ff160000)
  from space 640K,   0% used [0x00000000ff160000, 0x00000000ff161020, 0x00000000ff200000)
  to   space 640K,   0% used [0x00000000ff200000, 0x00000000ff200000, 0x00000000ff2a0000)
 concurrent mark-sweep generation total 13696K, used 11386K [0x00000000ff2a0000, 0x0000000100000000, 0x0000000100000000)
 Metaspace       used 5070K, capacity 5248K, committed 5504K, reserved 1056768K
  class space    used 554K, capacity 592K, committed 640K, reserved 1048576K
}
2024-07-16T11:01:41.617+0800: 6.498: [GC (CMS Initial Mark) [1 CMS-initial-mark: 11386K(13696K)] 12414K(19840K), 0.0004785 secs] [Times: user=0.00 sys=0.00, real=0.00 secs] 
2024-07-16T11:01:41.618+0800: 6.498: [CMS-concurrent-mark-start]
2024-07-16T11:01:41.623+0800: 6.503: [CMS-concurrent-mark: 0.005/0.005 secs] [Times: user=0.00 sys=0.00, real=0.00 secs] 
2024-07-16T11:01:41.623+0800: 6.503: [CMS-concurrent-preclean-start]
2024-07-16T11:01:41.623+0800: 6.503: [CMS-concurrent-preclean: 0.000/0.000 secs] [Times: user=0.00 sys=0.00, real=0.00 secs] 
2024-07-16T11:01:41.623+0800: 6.503: [CMS-concurrent-abortable-preclean-start]
{Heap before GC invocations=790 (full 101):
 par new generation   total 6144K, used 5233K [0x00000000fec00000, 0x00000000ff2a0000, 0x00000000ff2a0000)
  eden space 5504K,  95% used [0x00000000fec00000, 0x00000000ff11b780, 0x00000000ff160000)
  from space 640K,   0% used [0x00000000ff160000, 0x00000000ff161020, 0x00000000ff200000)
  to   space 640K,   0% used [0x00000000ff200000, 0x00000000ff200000, 0x00000000ff2a0000)
 concurrent mark-sweep generation total 13696K, used 11386K [0x00000000ff2a0000, 0x0000000100000000, 0x0000000100000000)
 Metaspace       used 5070K, capacity 5248K, committed 5504K, reserved 1056768K
  class space    used 554K, capacity 592K, committed 640K, reserved 1048576K
2024-07-16T11:01:41.625+0800: 6.505: [GC (Allocation Failure) 2024-07-16T11:01:41.625+0800: 6.505: [ParNew: 5233K->8K(6144K), 0.0012724 secs] 16620K->12418K(19840K), 0.0013609 secs] [Times: user=0.00 sys=0.00, real=0.00 secs] 
Heap after GC invocations=791 (full 101):
 par new generation   total 6144K, used 8K [0x00000000fec00000, 0x00000000ff2a0000, 0x00000000ff2a0000)
  eden space 5504K,   0% used [0x00000000fec00000, 0x00000000fec00000, 0x00000000ff160000)
  from space 640K,   1% used [0x00000000ff200000, 0x00000000ff202040, 0x00000000ff2a0000)
  to   space 640K,   0% used [0x00000000ff160000, 0x00000000ff160000, 0x00000000ff200000)
 concurrent mark-sweep generation total 13696K, used 12410K [0x00000000ff2a0000, 0x0000000100000000, 0x0000000100000000)
 Metaspace       used 5070K, capacity 5248K, committed 5504K, reserved 1056768K
  class space    used 554K, capacity 592K, committed 640K, reserved 1048576K
}
{Heap before GC invocations=791 (full 101):
 par new generation   total 6144K, used 5237K [0x00000000fec00000, 0x00000000ff2a0000, 0x00000000ff2a0000)
  eden space 5504K,  95% used [0x00000000fec00000, 0x00000000ff11b780, 0x00000000ff160000)
  from space 640K,   1% used [0x00000000ff200000, 0x00000000ff202040, 0x00000000ff2a0000)
  to   space 640K,   0% used [0x00000000ff160000, 0x00000000ff160000, 0x00000000ff200000)
 concurrent mark-sweep generation total 13696K, used 12410K [0x00000000ff2a0000, 0x0000000100000000, 0x0000000100000000)
 Metaspace       used 5070K, capacity 5248K, committed 5504K, reserved 1056768K
  class space    used 554K, capacity 592K, committed 640K, reserved 1048576K
2024-07-16T11:01:41.634+0800: 6.514: [GC (Allocation Failure) 2024-07-16T11:01:41.634+0800: 6.514: [ParNew: 5237K->8K(6144K), 0.0012708 secs] 17648K->13443K(19840K), 0.0013809 secs] [Times: user=0.00 sys=0.00, real=0.00 secs] 
Heap after GC invocations=792 (full 101):
 par new generation   total 6144K, used 8K [0x00000000fec00000, 0x00000000ff2a0000, 0x00000000ff2a0000)
  eden space 5504K,   0% used [0x00000000fec00000, 0x00000000fec00000, 0x00000000ff160000)
  from space 640K,   1% used [0x00000000ff160000, 0x00000000ff162040, 0x00000000ff200000)
  to   space 640K,   0% used [0x00000000ff200000, 0x00000000ff200000, 0x00000000ff2a0000)
 concurrent mark-sweep generation total 13696K, used 13434K [0x00000000ff2a0000, 0x0000000100000000, 0x0000000100000000)
 Metaspace       used 5070K, capacity 5248K, committed 5504K, reserved 1056768K
  class space    used 554K, capacity 592K, committed 640K, reserved 1048576K
}
2024-07-16T11:01:41.635+0800: 6.516: [CMS-concurrent-abortable-preclean: 0.000/0.012 secs] [Times: user=0.00 sys=0.00, real=0.01 secs] 
2024-07-16T11:01:41.635+0800: 6.516: [GC (CMS Final Remark) [YG occupancy: 1141 K (6144 K)]2024-07-16T11:01:41.635+0800: 6.516: [Rescan (parallel) , 0.0004111 secs]2024-07-16T11:01:41.636+0800: 6.516: [weak refs processing, 0.0000194 secs]2024-07-16T11:01:41.636+0800: 6.516: [class unloading, 0.0005523 secs]2024-07-16T11:01:41.636+0800: 6.517: [scrub symbol table, 0.0006539 secs]2024-07-16T11:01:41.637+0800: 6.517: [scrub string table, 0.0002100 secs][1 CMS-remark: 13434K(13696K)] 14576K(19840K), 0.0019364 secs] [Times: user=0.00 sys=0.00, real=0.00 secs] 
2024-07-16T11:01:41.637+0800: 6.518: [CMS-concurrent-sweep-start]
2024-07-16T11:01:41.638+0800: 6.518: [CMS-concurrent-sweep: 0.000/0.000 secs] [Times: user=0.00 sys=0.00, real=0.00 secs] 
2024-07-16T11:01:41.638+0800: 6.518: [CMS-concurrent-reset-start]
2024-07-16T11:01:41.638+0800: 6.518: [CMS-concurrent-reset: 0.000/0.000 secs] [Times: user=0.00 sys=0.00, real=0.00 secs] 
{Heap before GC invocations=792 (full 101):
 par new generation   total 6144K, used 5237K [0x00000000fec00000, 0x00000000ff2a0000, 0x00000000ff2a0000)
  eden space 5504K,  95% used [0x00000000fec00000, 0x00000000ff11b780, 0x00000000ff160000)
  from space 640K,   1% used [0x00000000ff160000, 0x00000000ff162040, 0x00000000ff200000)
  to   space 640K,   0% used [0x00000000ff200000, 0x00000000ff200000, 0x00000000ff2a0000)
 concurrent mark-sweep generation total 13696K, used 3194K [0x00000000ff2a0000, 0x0000000100000000, 0x0000000100000000)
 Metaspace       used 5070K, capacity 5248K, committed 5504K, reserved 1056768K
  class space    used 554K, capacity 592K, committed 640K, reserved 1048576K
2024-07-16T11:01:41.643+0800: 6.523: [GC (Allocation Failure) 2024-07-16T11:01:41.643+0800: 6.523: [ParNew: 5237K->8K(6144K), 0.0011823 secs] 8432K->4226K(19840K), 0.0012527 secs] [Times: user=0.00 sys=0.00, real=0.00 secs] 
Heap after GC invocations=793 (full 101):
 par new generation   total 6144K, used 8K [0x00000000fec00000, 0x00000000ff2a0000, 0x00000000ff2a0000)
  eden space 5504K,   0% used [0x00000000fec00000, 0x00000000fec00000, 0x00000000ff160000)
  from space 640K,   1% used [0x00000000ff200000, 0x00000000ff202040, 0x00000000ff2a0000)
  to   space 640K,   0% used [0x00000000ff160000, 0x00000000ff160000, 0x00000000ff200000)
 concurrent mark-sweep generation total 13696K, used 4218K [0x00000000ff2a0000, 0x0000000100000000, 0x0000000100000000)
 Metaspace       used 5070K, capacity 5248K, committed 5504K, reserved 1056768K
  class space    used 554K, capacity 592K, committed 640K, reserved 1048576K
}
{Heap before GC invocations=793 (full 101):
 par new generation   total 6144K, used 5237K [0x00000000fec00000, 0x00000000ff2a0000, 0x00000000ff2a0000)
  eden space 5504K,  95% used [0x00000000fec00000, 0x00000000ff11b780, 0x00000000ff160000)
  from space 640K,   1% used [0x00000000ff200000, 0x00000000ff202040, 0x00000000ff2a0000)
  to   space 640K,   0% used [0x00000000ff160000, 0x00000000ff160000, 0x00000000ff200000)
 concurrent mark-sweep generation total 13696K, used 4218K [0x00000000ff2a0000, 0x0000000100000000, 0x0000000100000000)
 Metaspace       used 5070K, capacity 5248K, committed 5504K, reserved 1056768K
  class space    used 554K, capacity 592K, committed 640K, reserved 1048576K
2024-07-16T11:01:41.650+0800: 6.530: [GC (Allocation Failure) 2024-07-16T11:01:41.650+0800: 6.530: [ParNew: 5237K->8K(6144K), 0.0013028 secs] 9456K->5250K(19840K), 0.0014132 secs] [Times: user=0.00 sys=0.00, real=0.00 secs] 
Heap after GC invocations=794 (full 101):
 par new generation   total 6144K, used 8K [0x00000000fec00000, 0x00000000ff2a0000, 0x00000000ff2a0000)
  eden space 5504K,   0% used [0x00000000fec00000, 0x00000000fec00000, 0x00000000ff160000)
  from space 640K,   1% used [0x00000000ff160000, 0x00000000ff162040, 0x00000000ff200000)
  to   space 640K,   0% used [0x00000000ff200000, 0x00000000ff200000, 0x00000000ff2a0000)
 concurrent mark-sweep generation total 13696K, used 5242K [0x00000000ff2a0000, 0x0000000100000000, 0x0000000100000000)
 Metaspace       used 5070K, capacity 5248K, committed 5504K, reserved 1056768K
  class space    used 554K, capacity 592K, committed 640K, reserved 1048576K
}
2024-07-16T11:01:41.651+0800: 6.532: [GC (CMS Initial Mark) [1 CMS-initial-mark: 5242K(13696K)] 6276K(19840K), 0.0003776 secs] [Times: user=0.00 sys=0.00, real=0.00 secs] 
2024-07-16T11:01:41.652+0800: 6.532: [CMS-concurrent-mark-start]
2024-07-16T11:01:41.655+0800: 6.536: [CMS-concurrent-mark: 0.003/0.003 secs] [Times: user=0.00 sys=0.00, real=0.00 secs] 
2024-07-16T11:01:41.655+0800: 6.536: [CMS-concurrent-preclean-start]
2024-07-16T11:01:41.655+0800: 6.536: [CMS-concurrent-preclean: 0.000/0.000 secs] [Times: user=0.00 sys=0.00, real=0.00 secs] 
2024-07-16T11:01:41.655+0800: 6.536: [CMS-concurrent-abortable-preclean-start]
{Heap before GC invocations=794 (full 102):
 par new generation   total 6144K, used 5237K [0x00000000fec00000, 0x00000000ff2a0000, 0x00000000ff2a0000)
  eden space 5504K,  95% used [0x00000000fec00000, 0x00000000ff11b780, 0x00000000ff160000)
  from space 640K,   1% used [0x00000000ff160000, 0x00000000ff162040, 0x00000000ff200000)
  to   space 640K,   0% used [0x00000000ff200000, 0x00000000ff200000, 0x00000000ff2a0000)
 concurrent mark-sweep generation total 13696K, used 5242K [0x00000000ff2a0000, 0x0000000100000000, 0x0000000100000000)
 Metaspace       used 5070K, capacity 5248K, committed 5504K, reserved 1056768K
  class space    used 554K, capacity 592K, committed 640K, reserved 1048576K
2024-07-16T11:01:41.659+0800: 6.539: [GC (Allocation Failure) 2024-07-16T11:01:41.659+0800: 6.539: [ParNew: 5237K->8K(6144K), 0.0009240 secs] 10480K->6274K(19840K), 0.0009957 secs] [Times: user=0.00 sys=0.00, real=0.00 secs] 
Heap after GC invocations=795 (full 102):
 par new generation   total 6144K, used 8K [0x00000000fec00000, 0x00000000ff2a0000, 0x00000000ff2a0000)
  eden space 5504K,   0% used [0x00000000fec00000, 0x00000000fec00000, 0x00000000ff160000)
  from space 640K,   1% used [0x00000000ff200000, 0x00000000ff202040, 0x00000000ff2a0000)
  to   space 640K,   0% used [0x00000000ff160000, 0x00000000ff160000, 0x00000000ff200000)
 concurrent mark-sweep generation total 13696K, used 6266K [0x00000000ff2a0000, 0x0000000100000000, 0x0000000100000000)
 Metaspace       used 5070K, capacity 5248K, committed 5504K, reserved 1056768K
  class space    used 554K, capacity 592K, committed 640K, reserved 1048576K
}
{Heap before GC invocations=795 (full 102):
 par new generation   total 6144K, used 5237K [0x00000000fec00000, 0x00000000ff2a0000, 0x00000000ff2a0000)
  eden space 5504K,  95% used [0x00000000fec00000, 0x00000000ff11b780, 0x00000000ff160000)
  from space 640K,   1% used [0x00000000ff200000, 0x00000000ff202040, 0x00000000ff2a0000)
  to   space 640K,   0% used [0x00000000ff160000, 0x00000000ff160000, 0x00000000ff200000)
 concurrent mark-sweep generation total 13696K, used 6266K [0x00000000ff2a0000, 0x0000000100000000, 0x0000000100000000)
 Metaspace       used 5070K, capacity 5248K, committed 5504K, reserved 1056768K
  class space    used 554K, capacity 592K, committed 640K, reserved 1048576K
2024-07-16T11:01:41.666+0800: 6.546: [GC (Allocation Failure) 2024-07-16T11:01:41.666+0800: 6.546: [ParNew: 5237K->6K(6144K), 0.0009820 secs] 11504K->7296K(19840K), 0.0010475 secs] [Times: user=0.00 sys=0.00, real=0.00 secs] 
Heap after GC invocations=796 (full 102):
 par new generation   total 6144K, used 6K [0x00000000fec00000, 0x00000000ff2a0000, 0x00000000ff2a0000)
  eden space 5504K,   0% used [0x00000000fec00000, 0x00000000fec00000, 0x00000000ff160000)
  from space 640K,   0% used [0x00000000ff160000, 0x00000000ff161830, 0x00000000ff200000)
  to   space 640K,   0% used [0x00000000ff200000, 0x00000000ff200000, 0x00000000ff2a0000)
 concurrent mark-sweep generation total 13696K, used 7290K [0x00000000ff2a0000, 0x0000000100000000, 0x0000000100000000)
 Metaspace       used 5070K, capacity 5248K, committed 5504K, reserved 1056768K
  class space    used 554K, capacity 592K, committed 640K, reserved 1048576K
}
{Heap before GC invocations=796 (full 102):
 par new generation   total 6144K, used 5235K [0x00000000fec00000, 0x00000000ff2a0000, 0x00000000ff2a0000)
  eden space 5504K,  95% used [0x00000000fec00000, 0x00000000ff11b780, 0x00000000ff160000)
  from space 640K,   0% used [0x00000000ff160000, 0x00000000ff161830, 0x00000000ff200000)
  to   space 640K,   0% used [0x00000000ff200000, 0x00000000ff200000, 0x00000000ff2a0000)
 concurrent mark-sweep generation total 13696K, used 7290K [0x00000000ff2a0000, 0x0000000100000000, 0x0000000100000000)
 Metaspace       used 5070K, capacity 5248K, committed 5504K, reserved 1056768K
  class space    used 554K, capacity 592K, committed 640K, reserved 1048576K
2024-07-16T11:01:41.674+0800: 6.554: [GC (Allocation Failure) 2024-07-16T11:01:41.674+0800: 6.554: [ParNew: 5235K->8K(6144K), 0.0011836 secs] 12526K->8322K(19840K), 0.0013522 secs] [Times: user=0.00 sys=0.00, real=0.00 secs] 
Heap after GC invocations=797 (full 102):
 par new generation   total 6144K, used 8K [0x00000000fec00000, 0x00000000ff2a0000, 0x00000000ff2a0000)
  eden space 5504K,   0% used [0x00000000fec00000, 0x00000000fec00000, 0x00000000ff160000)
  from space 640K,   1% used [0x00000000ff200000, 0x00000000ff202040, 0x00000000ff2a0000)
  to   space 640K,   0% used [0x00000000ff160000, 0x00000000ff160000, 0x00000000ff200000)
 concurrent mark-sweep generation total 13696K, used 8314K [0x00000000ff2a0000, 0x0000000100000000, 0x0000000100000000)
 Metaspace       used 5070K, capacity 5248K, committed 5504K, reserved 1056768K
  class space    used 554K, capacity 592K, committed 640K, reserved 1048576K
}
{Heap before GC invocations=797 (full 102):
 par new generation   total 6144K, used 5237K [0x00000000fec00000, 0x00000000ff2a0000, 0x00000000ff2a0000)
  eden space 5504K,  95% used [0x00000000fec00000, 0x00000000ff11b780, 0x00000000ff160000)
  from space 640K,   1% used [0x00000000ff200000, 0x00000000ff202040, 0x00000000ff2a0000)
  to   space 640K,   0% used [0x00000000ff160000, 0x00000000ff160000, 0x00000000ff200000)
 concurrent mark-sweep generation total 13696K, used 8314K [0x00000000ff2a0000, 0x0000000100000000, 0x0000000100000000)
 Metaspace       used 5070K, capacity 5248K, committed 5504K, reserved 1056768K
  class space    used 554K, capacity 592K, committed 640K, reserved 1048576K
2024-07-16T11:01:41.682+0800: 6.562: [GC (Allocation Failure) 2024-07-16T11:01:41.682+0800: 6.562: [ParNew: 5237K->4K(6144K), 0.0012242 secs] 13552K->9342K(19840K), 0.0013185 secs] [Times: user=0.00 sys=0.00, real=0.00 secs] 
Heap after GC invocations=798 (full 102):
 par new generation   total 6144K, used 4K [0x00000000fec00000, 0x00000000ff2a0000, 0x00000000ff2a0000)
  eden space 5504K,   0% used [0x00000000fec00000, 0x00000000fec00000, 0x00000000ff160000)
  from space 640K,   0% used [0x00000000ff160000, 0x00000000ff161020, 0x00000000ff200000)
  to   space 640K,   0% used [0x00000000ff200000, 0x00000000ff200000, 0x00000000ff2a0000)
 concurrent mark-sweep generation total 13696K, used 9338K [0x00000000ff2a0000, 0x0000000100000000, 0x0000000100000000)
 Metaspace       used 5070K, capacity 5248K, committed 5504K, reserved 1056768K
  class space    used 554K, capacity 592K, committed 640K, reserved 1048576K
}
{Heap before GC invocations=798 (full 102):
 par new generation   total 6144K, used 5233K [0x00000000fec00000, 0x00000000ff2a0000, 0x00000000ff2a0000)
  eden space 5504K,  95% used [0x00000000fec00000, 0x00000000ff11b780, 0x00000000ff160000)
  from space 640K,   0% used [0x00000000ff160000, 0x00000000ff161020, 0x00000000ff200000)
  to   space 640K,   0% used [0x00000000ff200000, 0x00000000ff200000, 0x00000000ff2a0000)
 concurrent mark-sweep generation total 13696K, used 9338K [0x00000000ff2a0000, 0x0000000100000000, 0x0000000100000000)
 Metaspace       used 5070K, capacity 5248K, committed 5504K, reserved 1056768K
  class space    used 554K, capacity 592K, committed 640K, reserved 1048576K
2024-07-16T11:01:41.690+0800: 6.570: [GC (Allocation Failure) 2024-07-16T11:01:41.690+0800: 6.570: [ParNew: 5233K->4K(6144K), 0.0012946 secs] 14572K->9342K(19840K), 0.0013936 secs] [Times: user=0.00 sys=0.00, real=0.00 secs] 
Heap after GC invocations=799 (full 102):
 par new generation   total 6144K, used 4K [0x00000000fec00000, 0x00000000ff2a0000, 0x00000000ff2a0000)
  eden space 5504K,   0% used [0x00000000fec00000, 0x00000000fec00000, 0x00000000ff160000)
  from space 640K,   0% used [0x00000000ff200000, 0x00000000ff201020, 0x00000000ff2a0000)
  to   space 640K,   0% used [0x00000000ff160000, 0x00000000ff160000, 0x00000000ff200000)
 concurrent mark-sweep generation total 13696K, used 9338K [0x00000000ff2a0000, 0x0000000100000000, 0x0000000100000000)
 Metaspace       used 5070K, capacity 5248K, committed 5504K, reserved 1056768K
  class space    used 554K, capacity 592K, committed 640K, reserved 1048576K
}
{Heap before GC invocations=799 (full 102):
 par new generation   total 6144K, used 5233K [0x00000000fec00000, 0x00000000ff2a0000, 0x00000000ff2a0000)
  eden space 5504K,  95% used [0x00000000fec00000, 0x00000000ff11b780, 0x00000000ff160000)
  from space 640K,   0% used [0x00000000ff200000, 0x00000000ff201020, 0x00000000ff2a0000)
  to   space 640K,   0% used [0x00000000ff160000, 0x00000000ff160000, 0x00000000ff200000)
 concurrent mark-sweep generation total 13696K, used 9338K [0x00000000ff2a0000, 0x0000000100000000, 0x0000000100000000)
 Metaspace       used 5070K, capacity 5248K, committed 5504K, reserved 1056768K
  class space    used 554K, capacity 592K, committed 640K, reserved 1048576K
2024-07-16T11:01:41.699+0800: 6.579: [GC (Allocation Failure) 2024-07-16T11:01:41.699+0800: 6.579: [ParNew: 5233K->10K(6144K), 0.0013841 secs] 14572K->10372K(19840K), 0.0014937 secs] [Times: user=0.00 sys=0.00, real=0.00 secs] 
Heap after GC invocations=800 (full 102):
 par new generation   total 6144K, used 10K [0x00000000fec00000, 0x00000000ff2a0000, 0x00000000ff2a0000)
  eden space 5504K,   0% used [0x00000000fec00000, 0x00000000fec00000, 0x00000000ff160000)
  from space 640K,   1% used [0x00000000ff160000, 0x00000000ff162850, 0x00000000ff200000)
  to   space 640K,   0% used [0x00000000ff200000, 0x00000000ff200000, 0x00000000ff2a0000)
 concurrent mark-sweep generation total 13696K, used 10362K [0x00000000ff2a0000, 0x0000000100000000, 0x0000000100000000)
 Metaspace       used 5070K, capacity 5248K, committed 5504K, reserved 1056768K
  class space    used 554K, capacity 592K, committed 640K, reserved 1048576K
}
{Heap before GC invocations=800 (full 102):
 par new generation   total 6144K, used 5239K [0x00000000fec00000, 0x00000000ff2a0000, 0x00000000ff2a0000)
  eden space 5504K,  95% used [0x00000000fec00000, 0x00000000ff11b780, 0x00000000ff160000)
  from space 640K,   1% used [0x00000000ff160000, 0x00000000ff162850, 0x00000000ff200000)
  to   space 640K,   0% used [0x00000000ff200000, 0x00000000ff200000, 0x00000000ff2a0000)
 concurrent mark-sweep generation total 13696K, used 10362K [0x00000000ff2a0000, 0x0000000100000000, 0x0000000100000000)
 Metaspace       used 5070K, capacity 5248K, committed 5504K, reserved 1056768K
  class space    used 554K, capacity 592K, committed 640K, reserved 1048576K
2024-07-16T11:01:41.709+0800: 6.589: [GC (Allocation Failure) 2024-07-16T11:01:41.709+0800: 6.589: [ParNew: 5239K->4K(6144K), 0.0013799 secs] 15602K->10366K(19840K), 0.0014704 secs] [Times: user=0.00 sys=0.00, real=0.00 secs] 
Heap after GC invocations=801 (full 102):
 par new generation   total 6144K, used 4K [0x00000000fec00000, 0x00000000ff2a0000, 0x00000000ff2a0000)
  eden space 5504K,   0% used [0x00000000fec00000, 0x00000000fec00000, 0x00000000ff160000)
  from space 640K,   0% used [0x00000000ff200000, 0x00000000ff201020, 0x00000000ff2a0000)
  to   space 640K,   0% used [0x00000000ff160000, 0x00000000ff160000, 0x00000000ff200000)
 concurrent mark-sweep generation total 13696K, used 10362K [0x00000000ff2a0000, 0x0000000100000000, 0x0000000100000000)
 Metaspace       used 5070K, capacity 5248K, committed 5504K, reserved 1056768K
  class space    used 554K, capacity 592K, committed 640K, reserved 1048576K
}
{Heap before GC invocations=801 (full 102):
 par new generation   total 6144K, used 5233K [0x00000000fec00000, 0x00000000ff2a0000, 0x00000000ff2a0000)
  eden space 5504K,  95% used [0x00000000fec00000, 0x00000000ff11b780, 0x00000000ff160000)
  from space 640K,   0% used [0x00000000ff200000, 0x00000000ff201020, 0x00000000ff2a0000)
  to   space 640K,   0% used [0x00000000ff160000, 0x00000000ff160000, 0x00000000ff200000)
 concurrent mark-sweep generation total 13696K, used 10362K [0x00000000ff2a0000, 0x0000000100000000, 0x0000000100000000)
 Metaspace       used 5070K, capacity 5248K, committed 5504K, reserved 1056768K
  class space    used 554K, capacity 592K, committed 640K, reserved 1048576K
2024-07-16T11:01:41.717+0800: 6.597: [GC (Allocation Failure) 2024-07-16T11:01:41.717+0800: 6.597: [ParNew: 5233K->4K(6144K), 0.0010450 secs] 15596K->10366K(19840K), 0.0011748 secs] [Times: user=0.00 sys=0.00, real=0.00 secs] 
Heap after GC invocations=802 (full 102):
 par new generation   total 6144K, used 4K [0x00000000fec00000, 0x00000000ff2a0000, 0x00000000ff2a0000)
  eden space 5504K,   0% used [0x00000000fec00000, 0x00000000fec00000, 0x00000000ff160000)
  from space 640K,   0% used [0x00000000ff160000, 0x00000000ff161020, 0x00000000ff200000)
  to   space 640K,   0% used [0x00000000ff200000, 0x00000000ff200000, 0x00000000ff2a0000)
 concurrent mark-sweep generation total 13696K, used 10362K [0x00000000ff2a0000, 0x0000000100000000, 0x0000000100000000)
 Metaspace       used 5070K, capacity 5248K, committed 5504K, reserved 1056768K
  class space    used 554K, capacity 592K, committed 640K, reserved 1048576K
}
{Heap before GC invocations=802 (full 102):
 par new generation   total 6144K, used 5233K [0x00000000fec00000, 0x00000000ff2a0000, 0x00000000ff2a0000)
  eden space 5504K,  95% used [0x00000000fec00000, 0x00000000ff11b780, 0x00000000ff160000)
  from space 640K,   0% used [0x00000000ff160000, 0x00000000ff161020, 0x00000000ff200000)
  to   space 640K,   0% used [0x00000000ff200000, 0x00000000ff200000, 0x00000000ff2a0000)
 concurrent mark-sweep generation total 13696K, used 10362K [0x00000000ff2a0000, 0x0000000100000000, 0x0000000100000000)
 Metaspace       used 5070K, capacity 5248K, committed 5504K, reserved 1056768K
  class space    used 554K, capacity 592K, committed 640K, reserved 1048576K
2024-07-16T11:01:41.726+0800: 6.606: [GC (Allocation Failure) 2024-07-16T11:01:41.726+0800: 6.606: [ParNew: 5233K->4K(6144K), 0.0002989 secs] 15596K->10366K(19840K), 0.0003623 secs] [Times: user=0.00 sys=0.00, real=0.00 secs] 
Heap after GC invocations=803 (full 102):
 par new generation   total 6144K, used 4K [0x00000000fec00000, 0x00000000ff2a0000, 0x00000000ff2a0000)
  eden space 5504K,   0% used [0x00000000fec00000, 0x00000000fec00000, 0x00000000ff160000)
  from space 640K,   0% used [0x00000000ff200000, 0x00000000ff201020, 0x00000000ff2a0000)
  to   space 640K,   0% used [0x00000000ff160000, 0x00000000ff160000, 0x00000000ff200000)
 concurrent mark-sweep generation total 13696K, used 10362K [0x00000000ff2a0000, 0x0000000100000000, 0x0000000100000000)
 Metaspace       used 5070K, capacity 5248K, committed 5504K, reserved 1056768K
  class space    used 554K, capacity 592K, committed 640K, reserved 1048576K
}
{Heap before GC invocations=803 (full 102):
 par new generation   total 6144K, used 5233K [0x00000000fec00000, 0x00000000ff2a0000, 0x00000000ff2a0000)
  eden space 5504K,  95% used [0x00000000fec00000, 0x00000000ff11b780, 0x00000000ff160000)
  from space 640K,   0% used [0x00000000ff200000, 0x00000000ff201020, 0x00000000ff2a0000)
  to   space 640K,   0% used [0x00000000ff160000, 0x00000000ff160000, 0x00000000ff200000)
 concurrent mark-sweep generation total 13696K, used 10362K [0x00000000ff2a0000, 0x0000000100000000, 0x0000000100000000)
 Metaspace       used 5070K, capacity 5248K, committed 5504K, reserved 1056768K
  class space    used 554K, capacity 592K, committed 640K, reserved 1048576K
2024-07-16T11:01:41.732+0800: 6.612: [GC (Allocation Failure) 2024-07-16T11:01:41.732+0800: 6.612: [ParNew: 5233K->8K(6144K), 0.0004250 secs] 15596K->11394K(19840K), 0.0004697 secs] [Times: user=0.00 sys=0.00, real=0.00 secs] 
Heap after GC invocations=804 (full 102):
 par new generation   total 6144K, used 8K [0x00000000fec00000, 0x00000000ff2a0000, 0x00000000ff2a0000)
  eden space 5504K,   0% used [0x00000000fec00000, 0x00000000fec00000, 0x00000000ff160000)
  from space 640K,   1% used [0x00000000ff160000, 0x00000000ff162040, 0x00000000ff200000)
  to   space 640K,   0% used [0x00000000ff200000, 0x00000000ff200000, 0x00000000ff2a0000)
 concurrent mark-sweep generation total 13696K, used 11386K [0x00000000ff2a0000, 0x0000000100000000, 0x0000000100000000)
 Metaspace       used 5070K, capacity 5248K, committed 5504K, reserved 1056768K
  class space    used 554K, capacity 592K, committed 640K, reserved 1048576K
}
{Heap before GC invocations=804 (full 102):
 par new generation   total 6144K, used 5237K [0x00000000fec00000, 0x00000000ff2a0000, 0x00000000ff2a0000)
  eden space 5504K,  95% used [0x00000000fec00000, 0x00000000ff11b780, 0x00000000ff160000)
  from space 640K,   1% used [0x00000000ff160000, 0x00000000ff162040, 0x00000000ff200000)
  to   space 640K,   0% used [0x00000000ff200000, 0x00000000ff200000, 0x00000000ff2a0000)
 concurrent mark-sweep generation total 13696K, used 11386K [0x00000000ff2a0000, 0x0000000100000000, 0x0000000100000000)
 Metaspace       used 5070K, capacity 5248K, committed 5504K, reserved 1056768K
  class space    used 554K, capacity 592K, committed 640K, reserved 1048576K
2024-07-16T11:01:41.739+0800: 6.619: [GC (Allocation Failure) 2024-07-16T11:01:41.739+0800: 6.619: [ParNew: 5237K->2K(6144K), 0.0003890 secs] 16624K->11388K(19840K), 0.0004315 secs] [Times: user=0.00 sys=0.00, real=0.00 secs] 
Heap after GC invocations=805 (full 102):
 par new generation   total 6144K, used 2K [0x00000000fec00000, 0x00000000ff2a0000, 0x00000000ff2a0000)
  eden space 5504K,   0% used [0x00000000fec00000, 0x00000000fec00000, 0x00000000ff160000)
  from space 640K,   0% used [0x00000000ff200000, 0x00000000ff200810, 0x00000000ff2a0000)
  to   space 640K,   0% used [0x00000000ff160000, 0x00000000ff160000, 0x00000000ff200000)
 concurrent mark-sweep generation total 13696K, used 11386K [0x00000000ff2a0000, 0x0000000100000000, 0x0000000100000000)
 Metaspace       used 5070K, capacity 5248K, committed 5504K, reserved 1056768K
  class space    used 554K, capacity 592K, committed 640K, reserved 1048576K
}
{Heap before GC invocations=805 (full 102):
 par new generation   total 6144K, used 5231K [0x00000000fec00000, 0x00000000ff2a0000, 0x00000000ff2a0000)
  eden space 5504K,  95% used [0x00000000fec00000, 0x00000000ff11b780, 0x00000000ff160000)
  from space 640K,   0% used [0x00000000ff200000, 0x00000000ff200810, 0x00000000ff2a0000)
  to   space 640K,   0% used [0x00000000ff160000, 0x00000000ff160000, 0x00000000ff200000)
 concurrent mark-sweep generation total 13696K, used 11386K [0x00000000ff2a0000, 0x0000000100000000, 0x0000000100000000)
 Metaspace       used 5070K, capacity 5248K, committed 5504K, reserved 1056768K
  class space    used 554K, capacity 592K, committed 640K, reserved 1048576K
2024-07-16T11:01:41.747+0800: 6.627: [GC (Allocation Failure) 2024-07-16T11:01:41.747+0800: 6.627: [ParNew: 5231K->4K(6144K), 0.0002777 secs] 16618K->11390K(19840K), 0.0003133 secs] [Times: user=0.00 sys=0.00, real=0.00 secs] 
Heap after GC invocations=806 (full 102):
 par new generation   total 6144K, used 4K [0x00000000fec00000, 0x00000000ff2a0000, 0x00000000ff2a0000)
  eden space 5504K,   0% used [0x00000000fec00000, 0x00000000fec00000, 0x00000000ff160000)
  from space 640K,   0% used [0x00000000ff160000, 0x00000000ff161020, 0x00000000ff200000)
  to   space 640K,   0% used [0x00000000ff200000, 0x00000000ff200000, 0x00000000ff2a0000)
 concurrent mark-sweep generation total 13696K, used 11386K [0x00000000ff2a0000, 0x0000000100000000, 0x0000000100000000)
 Metaspace       used 5070K, capacity 5248K, committed 5504K, reserved 1056768K
  class space    used 554K, capacity 592K, committed 640K, reserved 1048576K
}
{Heap before GC invocations=806 (full 102):
 par new generation   total 6144K, used 5233K [0x00000000fec00000, 0x00000000ff2a0000, 0x00000000ff2a0000)
  eden space 5504K,  95% used [0x00000000fec00000, 0x00000000ff11b780, 0x00000000ff160000)
  from space 640K,   0% used [0x00000000ff160000, 0x00000000ff161020, 0x00000000ff200000)
  to   space 640K,   0% used [0x00000000ff200000, 0x00000000ff200000, 0x00000000ff2a0000)
 concurrent mark-sweep generation total 13696K, used 11386K [0x00000000ff2a0000, 0x0000000100000000, 0x0000000100000000)
 Metaspace       used 5070K, capacity 5248K, committed 5504K, reserved 1056768K
  class space    used 554K, capacity 592K, committed 640K, reserved 1048576K
2024-07-16T11:01:41.753+0800: 6.633: [GC (Allocation Failure) 2024-07-16T11:01:41.753+0800: 6.633: [ParNew: 5233K->8K(6144K), 0.0005792 secs] 16620K->12418K(19840K), 0.0006341 secs] [Times: user=0.00 sys=0.00, real=0.00 secs] 
Heap after GC invocations=807 (full 102):
 par new generation   total 6144K, used 8K [0x00000000fec00000, 0x00000000ff2a0000, 0x00000000ff2a0000)
  eden space 5504K,   0% used [0x00000000fec00000, 0x00000000fec00000, 0x00000000ff160000)
  from space 640K,   1% used [0x00000000ff200000, 0x00000000ff202040, 0x00000000ff2a0000)
  to   space 640K,   0% used [0x00000000ff160000, 0x00000000ff160000, 0x00000000ff200000)
 concurrent mark-sweep generation total 13696K, used 12410K [0x00000000ff2a0000, 0x0000000100000000, 0x0000000100000000)
 Metaspace       used 5070K, capacity 5248K, committed 5504K, reserved 1056768K
  class space    used 554K, capacity 592K, committed 640K, reserved 1048576K
}
{Heap before GC invocations=807 (full 102):
 par new generation   total 6144K, used 5237K [0x00000000fec00000, 0x00000000ff2a0000, 0x00000000ff2a0000)
  eden space 5504K,  95% used [0x00000000fec00000, 0x00000000ff11b780, 0x00000000ff160000)
  from space 640K,   1% used [0x00000000ff200000, 0x00000000ff202040, 0x00000000ff2a0000)
  to   space 640K,   0% used [0x00000000ff160000, 0x00000000ff160000, 0x00000000ff200000)
 concurrent mark-sweep generation total 13696K, used 12410K [0x00000000ff2a0000, 0x0000000100000000, 0x0000000100000000)
 Metaspace       used 5070K, capacity 5248K, committed 5504K, reserved 1056768K
  class space    used 554K, capacity 592K, committed 640K, reserved 1048576K
2024-07-16T11:01:41.760+0800: 6.640: [GC (Allocation Failure) 2024-07-16T11:01:41.760+0800: 6.640: [ParNew: 5237K->5237K(6144K), 0.0000093 secs]2024-07-16T11:01:41.760+0800: 6.640: [CMS2024-07-16T11:01:41.760+0800: 6.640: [CMS-concurrent-abortable-preclean: 0.001/0.104 secs] [Times: user=0.00 sys=0.00, real=0.11 secs] 
 (concurrent mode failure): 12410K->2156K(13696K), 0.0021912 secs] 17648K->2156K(19840K), [Metaspace: 5070K->5070K(1056768K)], 0.0022391 secs] [Times: user=0.00 sys=0.00, real=0.00 secs] 
Heap after GC invocations=808 (full 103):
 par new generation   total 6144K, used 0K [0x00000000fec00000, 0x00000000ff2a0000, 0x00000000ff2a0000)
  eden space 5504K,   0% used [0x00000000fec00000, 0x00000000fec00000, 0x00000000ff160000)
  from space 640K,   0% used [0x00000000ff200000, 0x00000000ff200000, 0x00000000ff2a0000)
  to   space 640K,   0% used [0x00000000ff160000, 0x00000000ff160000, 0x00000000ff200000)
 concurrent mark-sweep generation total 13696K, used 2156K [0x00000000ff2a0000, 0x0000000100000000, 0x0000000100000000)
 Metaspace       used 5070K, capacity 5248K, committed 5504K, reserved 1056768K
  class space    used 554K, capacity 592K, committed 640K, reserved 1048576K
}
{Heap before GC invocations=808 (full 103):
 par new generation   total 6144K, used 5229K [0x00000000fec00000, 0x00000000ff2a0000, 0x00000000ff2a0000)
  eden space 5504K,  95% used [0x00000000fec00000, 0x00000000ff11b780, 0x00000000ff160000)
  from space 640K,   0% used [0x00000000ff200000, 0x00000000ff200000, 0x00000000ff2a0000)
  to   space 640K,   0% used [0x00000000ff160000, 0x00000000ff160000, 0x00000000ff200000)
 concurrent mark-sweep generation total 13696K, used 2156K [0x00000000ff2a0000, 0x0000000100000000, 0x0000000100000000)
 Metaspace       used 5070K, capacity 5248K, committed 5504K, reserved 1056768K
  class space    used 554K, capacity 592K, committed 640K, reserved 1048576K
2024-07-16T11:01:41.769+0800: 6.649: [GC (Allocation Failure) 2024-07-16T11:01:41.769+0800: 6.649: [ParNew: 5229K->4K(6144K), 0.0007767 secs] 7386K->3186K(19840K), 0.0008524 secs] [Times: user=0.00 sys=0.00, real=0.00 secs] 
Heap after GC invocations=809 (full 103):
 par new generation   total 6144K, used 4K [0x00000000fec00000, 0x00000000ff2a0000, 0x00000000ff2a0000)
  eden space 5504K,   0% used [0x00000000fec00000, 0x00000000fec00000, 0x00000000ff160000)
  from space 640K,   0% used [0x00000000ff160000, 0x00000000ff161020, 0x00000000ff200000)
  to   space 640K,   0% used [0x00000000ff200000, 0x00000000ff200000, 0x00000000ff2a0000)
 concurrent mark-sweep generation total 13696K, used 3182K [0x00000000ff2a0000, 0x0000000100000000, 0x0000000100000000)
 Metaspace       used 5070K, capacity 5248K, committed 5504K, reserved 1056768K
  class space    used 554K, capacity 592K, committed 640K, reserved 1048576K
}
{Heap before GC invocations=809 (full 103):
 par new generation   total 6144K, used 5233K [0x00000000fec00000, 0x00000000ff2a0000, 0x00000000ff2a0000)
  eden space 5504K,  95% used [0x00000000fec00000, 0x00000000ff11b780, 0x00000000ff160000)
  from space 640K,   0% used [0x00000000ff160000, 0x00000000ff161020, 0x00000000ff200000)
  to   space 640K,   0% used [0x00000000ff200000, 0x00000000ff200000, 0x00000000ff2a0000)
 concurrent mark-sweep generation total 13696K, used 3182K [0x00000000ff2a0000, 0x0000000100000000, 0x0000000100000000)
 Metaspace       used 5070K, capacity 5248K, committed 5504K, reserved 1056768K
  class space    used 554K, capacity 592K, committed 640K, reserved 1048576K
2024-07-16T11:01:41.777+0800: 6.657: [GC (Allocation Failure) 2024-07-16T11:01:41.777+0800: 6.657: [ParNew: 5233K->4K(6144K), 0.0003953 secs] 8416K->3186K(19840K), 0.0004331 secs] [Times: user=0.00 sys=0.00, real=0.00 secs] 
Heap after GC invocations=810 (full 103):
 par new generation   total 6144K, used 4K [0x00000000fec00000, 0x00000000ff2a0000, 0x00000000ff2a0000)
  eden space 5504K,   0% used [0x00000000fec00000, 0x00000000fec00000, 0x00000000ff160000)
  from space 640K,   0% used [0x00000000ff200000, 0x00000000ff201020, 0x00000000ff2a0000)
  to   space 640K,   0% used [0x00000000ff160000, 0x00000000ff160000, 0x00000000ff200000)
 concurrent mark-sweep generation total 13696K, used 3182K [0x00000000ff2a0000, 0x0000000100000000, 0x0000000100000000)
 Metaspace       used 5070K, capacity 5248K, committed 5504K, reserved 1056768K
  class space    used 554K, capacity 592K, committed 640K, reserved 1048576K
}
{Heap before GC invocations=810 (full 103):
 par new generation   total 6144K, used 5233K [0x00000000fec00000, 0x00000000ff2a0000, 0x00000000ff2a0000)
  eden space 5504K,  95% used [0x00000000fec00000, 0x00000000ff11b780, 0x00000000ff160000)
  from space 640K,   0% used [0x00000000ff200000, 0x00000000ff201020, 0x00000000ff2a0000)
  to   space 640K,   0% used [0x00000000ff160000, 0x00000000ff160000, 0x00000000ff200000)
 concurrent mark-sweep generation total 13696K, used 3182K [0x00000000ff2a0000, 0x0000000100000000, 0x0000000100000000)
 Metaspace       used 5070K, capacity 5248K, committed 5504K, reserved 1056768K
  class space    used 554K, capacity 592K, committed 640K, reserved 1048576K
2024-07-16T11:01:41.783+0800: 6.663: [GC (Allocation Failure) 2024-07-16T11:01:41.783+0800: 6.663: [ParNew: 5233K->8K(6144K), 0.0007698 secs] 8416K->4216K(19840K), 0.0008362 secs] [Times: user=0.00 sys=0.00, real=0.00 secs] 
Heap after GC invocations=811 (full 103):
 par new generation   total 6144K, used 8K [0x00000000fec00000, 0x00000000ff2a0000, 0x00000000ff2a0000)
  eden space 5504K,   0% used [0x00000000fec00000, 0x00000000fec00000, 0x00000000ff160000)
  from space 640K,   1% used [0x00000000ff160000, 0x00000000ff162040, 0x00000000ff200000)
  to   space 640K,   0% used [0x00000000ff200000, 0x00000000ff200000, 0x00000000ff2a0000)
 concurrent mark-sweep generation total 13696K, used 4208K [0x00000000ff2a0000, 0x0000000100000000, 0x0000000100000000)
 Metaspace       used 5070K, capacity 5248K, committed 5504K, reserved 1056768K
  class space    used 554K, capacity 592K, committed 640K, reserved 1048576K
}
{Heap before GC invocations=811 (full 103):
 par new generation   total 6144K, used 5237K [0x00000000fec00000, 0x00000000ff2a0000, 0x00000000ff2a0000)
  eden space 5504K,  95% used [0x00000000fec00000, 0x00000000ff11b780, 0x00000000ff160000)
  from space 640K,   1% used [0x00000000ff160000, 0x00000000ff162040, 0x00000000ff200000)
  to   space 640K,   0% used [0x00000000ff200000, 0x00000000ff200000, 0x00000000ff2a0000)
 concurrent mark-sweep generation total 13696K, used 4208K [0x00000000ff2a0000, 0x0000000100000000, 0x0000000100000000)
 Metaspace       used 5070K, capacity 5248K, committed 5504K, reserved 1056768K
  class space    used 554K, capacity 592K, committed 640K, reserved 1048576K
2024-07-16T11:01:41.791+0800: 6.671: [GC (Allocation Failure) 2024-07-16T11:01:41.791+0800: 6.671: [ParNew: 5237K->6K(6144K), 0.0013711 secs] 9446K->5240K(19840K), 0.0014784 secs] [Times: user=0.00 sys=0.00, real=0.00 secs] 
Heap after GC invocations=812 (full 103):
 par new generation   total 6144K, used 6K [0x00000000fec00000, 0x00000000ff2a0000, 0x00000000ff2a0000)
  eden space 5504K,   0% used [0x00000000fec00000, 0x00000000fec00000, 0x00000000ff160000)
  from space 640K,   0% used [0x00000000ff200000, 0x00000000ff201830, 0x00000000ff2a0000)
  to   space 640K,   0% used [0x00000000ff160000, 0x00000000ff160000, 0x00000000ff200000)
 concurrent mark-sweep generation total 13696K, used 5234K [0x00000000ff2a0000, 0x0000000100000000, 0x0000000100000000)
 Metaspace       used 5070K, capacity 5248K, committed 5504K, reserved 1056768K
  class space    used 554K, capacity 592K, committed 640K, reserved 1048576K
}
2024-07-16T11:01:41.792+0800: 6.673: [GC (CMS Initial Mark) [1 CMS-initial-mark: 5234K(13696K)] 6266K(19840K), 0.0003084 secs] [Times: user=0.00 sys=0.00, real=0.00 secs] 
2024-07-16T11:01:41.793+0800: 6.673: [CMS-concurrent-mark-start]
2024-07-16T11:01:41.797+0800: 6.677: [CMS-concurrent-mark: 0.004/0.004 secs] [Times: user=0.00 sys=0.00, real=0.00 secs] 
2024-07-16T11:01:41.797+0800: 6.677: [CMS-concurrent-preclean-start]
2024-07-16T11:01:41.797+0800: 6.677: [CMS-concurrent-preclean: 0.000/0.000 secs] [Times: user=0.00 sys=0.00, real=0.00 secs] 
2024-07-16T11:01:41.797+0800: 6.677: [CMS-concurrent-abortable-preclean-start]
{Heap before GC invocations=812 (full 104):
 par new generation   total 6144K, used 5235K [0x00000000fec00000, 0x00000000ff2a0000, 0x00000000ff2a0000)
  eden space 5504K,  95% used [0x00000000fec00000, 0x00000000ff11b780, 0x00000000ff160000)
  from space 640K,   0% used [0x00000000ff200000, 0x00000000ff201830, 0x00000000ff2a0000)
  to   space 640K,   0% used [0x00000000ff160000, 0x00000000ff160000, 0x00000000ff200000)
 concurrent mark-sweep generation total 13696K, used 5234K [0x00000000ff2a0000, 0x0000000100000000, 0x0000000100000000)
 Metaspace       used 5070K, capacity 5248K, committed 5504K, reserved 1056768K
  class space    used 554K, capacity 592K, committed 640K, reserved 1048576K
2024-07-16T11:01:41.801+0800: 6.681: [GC (Allocation Failure) 2024-07-16T11:01:41.801+0800: 6.681: [ParNew: 5235K->4K(6144K), 0.0009469 secs] 10470K->5238K(19840K), 0.0010571 secs] [Times: user=0.00 sys=0.00, real=0.00 secs] 
Heap after GC invocations=813 (full 104):
 par new generation   total 6144K, used 4K [0x00000000fec00000, 0x00000000ff2a0000, 0x00000000ff2a0000)
  eden space 5504K,   0% used [0x00000000fec00000, 0x00000000fec00000, 0x00000000ff160000)
  from space 640K,   0% used [0x00000000ff160000, 0x00000000ff161020, 0x00000000ff200000)
  to   space 640K,   0% used [0x00000000ff200000, 0x00000000ff200000, 0x00000000ff2a0000)
 concurrent mark-sweep generation total 13696K, used 5234K [0x00000000ff2a0000, 0x0000000100000000, 0x0000000100000000)
 Metaspace       used 5070K, capacity 5248K, committed 5504K, reserved 1056768K
  class space    used 554K, capacity 592K, committed 640K, reserved 1048576K
}
{Heap before GC invocations=813 (full 104):
 par new generation   total 6144K, used 5233K [0x00000000fec00000, 0x00000000ff2a0000, 0x00000000ff2a0000)
  eden space 5504K,  95% used [0x00000000fec00000, 0x00000000ff11b780, 0x00000000ff160000)
  from space 640K,   0% used [0x00000000ff160000, 0x00000000ff161020, 0x00000000ff200000)
  to   space 640K,   0% used [0x00000000ff200000, 0x00000000ff200000, 0x00000000ff2a0000)
 concurrent mark-sweep generation total 13696K, used 5234K [0x00000000ff2a0000, 0x0000000100000000, 0x0000000100000000)
 Metaspace       used 5070K, capacity 5248K, committed 5504K, reserved 1056768K
  class space    used 554K, capacity 592K, committed 640K, reserved 1048576K
2024-07-16T11:01:41.808+0800: 6.688: [GC (Allocation Failure) 2024-07-16T11:01:41.808+0800: 6.688: [ParNew: 5233K->4K(6144K), 0.0010965 secs] 10468K->6264K(19840K), 0.0012152 secs] [Times: user=0.00 sys=0.00, real=0.00 secs] 
Heap after GC invocations=814 (full 104):
 par new generation   total 6144K, used 4K [0x00000000fec00000, 0x00000000ff2a0000, 0x00000000ff2a0000)
  eden space 5504K,   0% used [0x00000000fec00000, 0x00000000fec00000, 0x00000000ff160000)
  from space 640K,   0% used [0x00000000ff200000, 0x00000000ff201020, 0x00000000ff2a0000)
  to   space 640K,   0% used [0x00000000ff160000, 0x00000000ff160000, 0x00000000ff200000)
 concurrent mark-sweep generation total 13696K, used 6260K [0x00000000ff2a0000, 0x0000000100000000, 0x0000000100000000)
 Metaspace       used 5070K, capacity 5248K, committed 5504K, reserved 1056768K
  class space    used 554K, capacity 592K, committed 640K, reserved 1048576K
}
{Heap before GC invocations=814 (full 104):
 par new generation   total 6144K, used 5233K [0x00000000fec00000, 0x00000000ff2a0000, 0x00000000ff2a0000)
  eden space 5504K,  95% used [0x00000000fec00000, 0x00000000ff11b780, 0x00000000ff160000)
  from space 640K,   0% used [0x00000000ff200000, 0x00000000ff201020, 0x00000000ff2a0000)
  to   space 640K,   0% used [0x00000000ff160000, 0x00000000ff160000, 0x00000000ff200000)
 concurrent mark-sweep generation total 13696K, used 6260K [0x00000000ff2a0000, 0x0000000100000000, 0x0000000100000000)
 Metaspace       used 5070K, capacity 5248K, committed 5504K, reserved 1056768K
  class space    used 554K, capacity 592K, committed 640K, reserved 1048576K
2024-07-16T11:01:41.817+0800: 6.697: [GC (Allocation Failure) 2024-07-16T11:01:41.817+0800: 6.697: [ParNew: 5233K->6K(6144K), 0.0006646 secs] 11494K->7290K(19840K), 0.0007261 secs] [Times: user=0.00 sys=0.00, real=0.00 secs] 
Heap after GC invocations=815 (full 104):
 par new generation   total 6144K, used 6K [0x00000000fec00000, 0x00000000ff2a0000, 0x00000000ff2a0000)
  eden space 5504K,   0% used [0x00000000fec00000, 0x00000000fec00000, 0x00000000ff160000)
  from space 640K,   0% used [0x00000000ff160000, 0x00000000ff161830, 0x00000000ff200000)
  to   space 640K,   0% used [0x00000000ff200000, 0x00000000ff200000, 0x00000000ff2a0000)
 concurrent mark-sweep generation total 13696K, used 7284K [0x00000000ff2a0000, 0x0000000100000000, 0x0000000100000000)
 Metaspace       used 5070K, capacity 5248K, committed 5504K, reserved 1056768K
  class space    used 554K, capacity 592K, committed 640K, reserved 1048576K
}
{Heap before GC invocations=815 (full 104):
 par new generation   total 6144K, used 5235K [0x00000000fec00000, 0x00000000ff2a0000, 0x00000000ff2a0000)
  eden space 5504K,  95% used [0x00000000fec00000, 0x00000000ff11b780, 0x00000000ff160000)
  from space 640K,   0% used [0x00000000ff160000, 0x00000000ff161830, 0x00000000ff200000)
  to   space 640K,   0% used [0x00000000ff200000, 0x00000000ff200000, 0x00000000ff2a0000)
 concurrent mark-sweep generation total 13696K, used 7284K [0x00000000ff2a0000, 0x0000000100000000, 0x0000000100000000)
 Metaspace       used 5070K, capacity 5248K, committed 5504K, reserved 1056768K
  class space    used 554K, capacity 592K, committed 640K, reserved 1048576K
2024-07-16T11:01:41.824+0800: 6.704: [GC (Allocation Failure) 2024-07-16T11:01:41.824+0800: 6.704: [ParNew: 5235K->6K(6144K), 0.0009327 secs] 12520K->8316K(19840K), 0.0009944 secs] [Times: user=0.00 sys=0.00, real=0.00 secs] 
Heap after GC invocations=816 (full 104):
 par new generation   total 6144K, used 6K [0x00000000fec00000, 0x00000000ff2a0000, 0x00000000ff2a0000)
  eden space 5504K,   0% used [0x00000000fec00000, 0x00000000fec00000, 0x00000000ff160000)
  from space 640K,   0% used [0x00000000ff200000, 0x00000000ff201830, 0x00000000ff2a0000)
  to   space 640K,   0% used [0x00000000ff160000, 0x00000000ff160000, 0x00000000ff200000)
 concurrent mark-sweep generation total 13696K, used 8310K [0x00000000ff2a0000, 0x0000000100000000, 0x0000000100000000)
 Metaspace       used 5070K, capacity 5248K, committed 5504K, reserved 1056768K
  class space    used 554K, capacity 592K, committed 640K, reserved 1048576K
}
{Heap before GC invocations=816 (full 104):
 par new generation   total 6144K, used 5235K [0x00000000fec00000, 0x00000000ff2a0000, 0x00000000ff2a0000)
  eden space 5504K,  95% used [0x00000000fec00000, 0x00000000ff11b780, 0x00000000ff160000)
  from space 640K,   0% used [0x00000000ff200000, 0x00000000ff201830, 0x00000000ff2a0000)
  to   space 640K,   0% used [0x00000000ff160000, 0x00000000ff160000, 0x00000000ff200000)
 concurrent mark-sweep generation total 13696K, used 8310K [0x00000000ff2a0000, 0x0000000100000000, 0x0000000100000000)
 Metaspace       used 5070K, capacity 5248K, committed 5504K, reserved 1056768K
  class space    used 554K, capacity 592K, committed 640K, reserved 1048576K
2024-07-16T11:01:41.832+0800: 6.712: [GC (Allocation Failure) 2024-07-16T11:01:41.832+0800: 6.712: [ParNew: 5235K->6K(6144K), 0.0010098 secs] 13546K->9343K(19840K), 0.0011139 secs] [Times: user=0.00 sys=0.00, real=0.00 secs] 
Heap after GC invocations=817 (full 104):
 par new generation   total 6144K, used 6K [0x00000000fec00000, 0x00000000ff2a0000, 0x00000000ff2a0000)
  eden space 5504K,   0% used [0x00000000fec00000, 0x00000000fec00000, 0x00000000ff160000)
  from space 640K,   0% used [0x00000000ff160000, 0x00000000ff161830, 0x00000000ff200000)
  to   space 640K,   0% used [0x00000000ff200000, 0x00000000ff200000, 0x00000000ff2a0000)
 concurrent mark-sweep generation total 13696K, used 9337K [0x00000000ff2a0000, 0x0000000100000000, 0x0000000100000000)
 Metaspace       used 5070K, capacity 5248K, committed 5504K, reserved 1056768K
  class space    used 554K, capacity 592K, committed 640K, reserved 1048576K
}
{Heap before GC invocations=817 (full 104):
 par new generation   total 6144K, used 5235K [0x00000000fec00000, 0x00000000ff2a0000, 0x00000000ff2a0000)
  eden space 5504K,  95% used [0x00000000fec00000, 0x00000000ff11b780, 0x00000000ff160000)
  from space 640K,   0% used [0x00000000ff160000, 0x00000000ff161830, 0x00000000ff200000)
  to   space 640K,   0% used [0x00000000ff200000, 0x00000000ff200000, 0x00000000ff2a0000)
 concurrent mark-sweep generation total 13696K, used 9337K [0x00000000ff2a0000, 0x0000000100000000, 0x0000000100000000)
 Metaspace       used 5070K, capacity 5248K, committed 5504K, reserved 1056768K
  class space    used 554K, capacity 592K, committed 640K, reserved 1048576K
2024-07-16T11:01:41.841+0800: 6.721: [GC (Allocation Failure) 2024-07-16T11:01:41.841+0800: 6.721: [ParNew: 5235K->4K(6144K), 0.0010046 secs] 14572K->9341K(19840K), 0.0011103 secs] [Times: user=0.00 sys=0.00, real=0.00 secs] 
Heap after GC invocations=818 (full 104):
 par new generation   total 6144K, used 4K [0x00000000fec00000, 0x00000000ff2a0000, 0x00000000ff2a0000)
  eden space 5504K,   0% used [0x00000000fec00000, 0x00000000fec00000, 0x00000000ff160000)
  from space 640K,   0% used [0x00000000ff200000, 0x00000000ff201020, 0x00000000ff2a0000)
  to   space 640K,   0% used [0x00000000ff160000, 0x00000000ff160000, 0x00000000ff200000)
 concurrent mark-sweep generation total 13696K, used 9337K [0x00000000ff2a0000, 0x0000000100000000, 0x0000000100000000)
 Metaspace       used 5070K, capacity 5248K, committed 5504K, reserved 1056768K
  class space    used 554K, capacity 592K, committed 640K, reserved 1048576K
}
{Heap before GC invocations=818 (full 104):
 par new generation   total 6144K, used 5233K [0x00000000fec00000, 0x00000000ff2a0000, 0x00000000ff2a0000)
  eden space 5504K,  95% used [0x00000000fec00000, 0x00000000ff11b780, 0x00000000ff160000)
  from space 640K,   0% used [0x00000000ff200000, 0x00000000ff201020, 0x00000000ff2a0000)
  to   space 640K,   0% used [0x00000000ff160000, 0x00000000ff160000, 0x00000000ff200000)
 concurrent mark-sweep generation total 13696K, used 9337K [0x00000000ff2a0000, 0x0000000100000000, 0x0000000100000000)
 Metaspace       used 5070K, capacity 5248K, committed 5504K, reserved 1056768K
  class space    used 554K, capacity 592K, committed 640K, reserved 1048576K
2024-07-16T11:01:41.851+0800: 6.731: [GC (Allocation Failure) 2024-07-16T11:01:41.851+0800: 6.731: [ParNew: 5233K->6K(6144K), 0.0006266 secs] 14570K->10367K(19840K), 0.0006931 secs] [Times: user=0.00 sys=0.00, real=0.00 secs] 
Heap after GC invocations=819 (full 104):
 par new generation   total 6144K, used 6K [0x00000000fec00000, 0x00000000ff2a0000, 0x00000000ff2a0000)
  eden space 5504K,   0% used [0x00000000fec00000, 0x00000000fec00000, 0x00000000ff160000)
  from space 640K,   0% used [0x00000000ff160000, 0x00000000ff161830, 0x00000000ff200000)
  to   space 640K,   0% used [0x00000000ff200000, 0x00000000ff200000, 0x00000000ff2a0000)
 concurrent mark-sweep generation total 13696K, used 10361K [0x00000000ff2a0000, 0x0000000100000000, 0x0000000100000000)
 Metaspace       used 5070K, capacity 5248K, committed 5504K, reserved 1056768K
  class space    used 554K, capacity 592K, committed 640K, reserved 1048576K
}
{Heap before GC invocations=819 (full 104):
 par new generation   total 6144K, used 5235K [0x00000000fec00000, 0x00000000ff2a0000, 0x00000000ff2a0000)
  eden space 5504K,  95% used [0x00000000fec00000, 0x00000000ff11b780, 0x00000000ff160000)
  from space 640K,   0% used [0x00000000ff160000, 0x00000000ff161830, 0x00000000ff200000)
  to   space 640K,   0% used [0x00000000ff200000, 0x00000000ff200000, 0x00000000ff2a0000)
 concurrent mark-sweep generation total 13696K, used 10361K [0x00000000ff2a0000, 0x0000000100000000, 0x0000000100000000)
 Metaspace       used 5070K, capacity 5248K, committed 5504K, reserved 1056768K
  class space    used 554K, capacity 592K, committed 640K, reserved 1048576K
2024-07-16T11:01:41.858+0800: 6.738: [GC (Allocation Failure) 2024-07-16T11:01:41.858+0800: 6.738: [ParNew: 5235K->8K(6144K), 0.0004880 secs] 15596K->11393K(19840K), 0.0005376 secs] [Times: user=0.00 sys=0.00, real=0.00 secs] 
Heap after GC invocations=820 (full 104):
 par new generation   total 6144K, used 8K [0x00000000fec00000, 0x00000000ff2a0000, 0x00000000ff2a0000)
  eden space 5504K,   0% used [0x00000000fec00000, 0x00000000fec00000, 0x00000000ff160000)
  from space 640K,   1% used [0x00000000ff200000, 0x00000000ff202040, 0x00000000ff2a0000)
  to   space 640K,   0% used [0x00000000ff160000, 0x00000000ff160000, 0x00000000ff200000)
 concurrent mark-sweep generation total 13696K, used 11385K [0x00000000ff2a0000, 0x0000000100000000, 0x0000000100000000)
 Metaspace       used 5070K, capacity 5248K, committed 5504K, reserved 1056768K
  class space    used 554K, capacity 592K, committed 640K, reserved 1048576K
}
{Heap before GC invocations=820 (full 104):
 par new generation   total 6144K, used 5237K [0x00000000fec00000, 0x00000000ff2a0000, 0x00000000ff2a0000)
  eden space 5504K,  95% used [0x00000000fec00000, 0x00000000ff11b780, 0x00000000ff160000)
  from space 640K,   1% used [0x00000000ff200000, 0x00000000ff202040, 0x00000000ff2a0000)
  to   space 640K,   0% used [0x00000000ff160000, 0x00000000ff160000, 0x00000000ff200000)
 concurrent mark-sweep generation total 13696K, used 11385K [0x00000000ff2a0000, 0x0000000100000000, 0x0000000100000000)
 Metaspace       used 5070K, capacity 5248K, committed 5504K, reserved 1056768K
  class space    used 554K, capacity 592K, committed 640K, reserved 1048576K
2024-07-16T11:01:41.864+0800: 6.744: [GC (Allocation Failure) 2024-07-16T11:01:41.864+0800: 6.744: [ParNew: 5237K->10K(6144K), 0.0010976 secs] 16622K->13445K(19840K), 0.0011792 secs] [Times: user=0.00 sys=0.00, real=0.00 secs] 
Heap after GC invocations=821 (full 104):
 par new generation   total 6144K, used 10K [0x00000000fec00000, 0x00000000ff2a0000, 0x00000000ff2a0000)
  eden space 5504K,   0% used [0x00000000fec00000, 0x00000000fec00000, 0x00000000ff160000)
  from space 640K,   1% used [0x00000000ff160000, 0x00000000ff162850, 0x00000000ff200000)
  to   space 640K,   0% used [0x00000000ff200000, 0x00000000ff200000, 0x00000000ff2a0000)
 concurrent mark-sweep generation total 13696K, used 13435K [0x00000000ff2a0000, 0x0000000100000000, 0x0000000100000000)
 Metaspace       used 5070K, capacity 5248K, committed 5504K, reserved 1056768K
  class space    used 554K, capacity 592K, committed 640K, reserved 1048576K
}
2024-07-16T11:01:41.865+0800: 6.745: [CMS-concurrent-abortable-preclean: 0.001/0.068 secs] [Times: user=0.00 sys=0.00, real=0.07 secs] 
2024-07-16T11:01:41.865+0800: 6.745: [GC (CMS Final Remark) [YG occupancy: 1143 K (6144 K)]2024-07-16T11:01:41.865+0800: 6.745: [Rescan (parallel) , 0.0002268 secs]2024-07-16T11:01:41.865+0800: 6.745: [weak refs processing, 0.0000120 secs]2024-07-16T11:01:41.865+0800: 6.745: [class unloading, 0.0004022 secs]2024-07-16T11:01:41.866+0800: 6.746: [scrub symbol table, 0.0004379 secs]2024-07-16T11:01:41.866+0800: 6.746: [scrub string table, 0.0001207 secs][1 CMS-remark: 13435K(13696K)] 14579K(19840K), 0.0012571 secs] [Times: user=0.00 sys=0.00, real=0.00 secs] 
2024-07-16T11:01:41.866+0800: 6.746: [CMS-concurrent-sweep-start]
2024-07-16T11:01:41.867+0800: 6.747: [CMS-concurrent-sweep: 0.000/0.000 secs] [Times: user=0.00 sys=0.00, real=0.00 secs] 
2024-07-16T11:01:41.867+0800: 6.747: [CMS-concurrent-reset-start]
2024-07-16T11:01:41.867+0800: 6.747: [CMS-concurrent-reset: 0.000/0.000 secs] [Times: user=0.00 sys=0.00, real=0.00 secs] 
{Heap before GC invocations=821 (full 104):
 par new generation   total 6144K, used 5239K [0x00000000fec00000, 0x00000000ff2a0000, 0x00000000ff2a0000)
  eden space 5504K,  95% used [0x00000000fec00000, 0x00000000ff11b780, 0x00000000ff160000)
  from space 640K,   1% used [0x00000000ff160000, 0x00000000ff162850, 0x00000000ff200000)
  to   space 640K,   0% used [0x00000000ff200000, 0x00000000ff200000, 0x00000000ff2a0000)
 concurrent mark-sweep generation total 13696K, used 9338K [0x00000000ff2a0000, 0x0000000100000000, 0x0000000100000000)
 Metaspace       used 5070K, capacity 5248K, committed 5504K, reserved 1056768K
  class space    used 554K, capacity 592K, committed 640K, reserved 1048576K
2024-07-16T11:01:41.872+0800: 6.752: [GC (Allocation Failure) 2024-07-16T11:01:41.872+0800: 6.752: [ParNew: 5239K->6K(6144K), 0.0005329 secs] 14578K->10370K(19840K), 0.0005632 secs] [Times: user=0.00 sys=0.00, real=0.00 secs] 
Heap after GC invocations=822 (full 104):
 par new generation   total 6144K, used 6K [0x00000000fec00000, 0x00000000ff2a0000, 0x00000000ff2a0000)
  eden space 5504K,   0% used [0x00000000fec00000, 0x00000000fec00000, 0x00000000ff160000)
  from space 640K,   0% used [0x00000000ff200000, 0x00000000ff201830, 0x00000000ff2a0000)
  to   space 640K,   0% used [0x00000000ff160000, 0x00000000ff160000, 0x00000000ff200000)
 concurrent mark-sweep generation total 13696K, used 10364K [0x00000000ff2a0000, 0x0000000100000000, 0x0000000100000000)
 Metaspace       used 5070K, capacity 5248K, committed 5504K, reserved 1056768K
  class space    used 554K, capacity 592K, committed 640K, reserved 1048576K
}
2024-07-16T11:01:41.872+0800: 6.752: [GC (CMS Initial Mark) [1 CMS-initial-mark: 10364K(13696K)] 11395K(19840K), 0.0003095 secs] [Times: user=0.00 sys=0.00, real=0.00 secs] 
2024-07-16T11:01:41.873+0800: 6.753: [CMS-concurrent-mark-start]
2024-07-16T11:01:41.875+0800: 6.755: [CMS-concurrent-mark: 0.003/0.003 secs] [Times: user=0.00 sys=0.00, real=0.00 secs] 
2024-07-16T11:01:41.875+0800: 6.755: [CMS-concurrent-preclean-start]
2024-07-16T11:01:41.875+0800: 6.755: [CMS-concurrent-preclean: 0.000/0.000 secs] [Times: user=0.00 sys=0.00, real=0.00 secs] 
2024-07-16T11:01:41.875+0800: 6.755: [CMS-concurrent-abortable-preclean-start]
{Heap before GC invocations=822 (full 105):
 par new generation   total 6144K, used 5235K [0x00000000fec00000, 0x00000000ff2a0000, 0x00000000ff2a0000)
  eden space 5504K,  95% used [0x00000000fec00000, 0x00000000ff11b780, 0x00000000ff160000)
  from space 640K,   0% used [0x00000000ff200000, 0x00000000ff201830, 0x00000000ff2a0000)
  to   space 640K,   0% used [0x00000000ff160000, 0x00000000ff160000, 0x00000000ff200000)
 concurrent mark-sweep generation total 13696K, used 10364K [0x00000000ff2a0000, 0x0000000100000000, 0x0000000100000000)
 Metaspace       used 5070K, capacity 5248K, committed 5504K, reserved 1056768K
  class space    used 554K, capacity 592K, committed 640K, reserved 1048576K
2024-07-16T11:01:41.881+0800: 6.761: [GC (Allocation Failure) 2024-07-16T11:01:41.881+0800: 6.761: [ParNew: 5235K->4K(6144K), 0.0005269 secs] 15600K->10368K(19840K), 0.0005821 secs] [Times: user=0.00 sys=0.00, real=0.00 secs] 
Heap after GC invocations=823 (full 105):
 par new generation   total 6144K, used 4K [0x00000000fec00000, 0x00000000ff2a0000, 0x00000000ff2a0000)
  eden space 5504K,   0% used [0x00000000fec00000, 0x00000000fec00000, 0x00000000ff160000)
  from space 640K,   0% used [0x00000000ff160000, 0x00000000ff161020, 0x00000000ff200000)
  to   space 640K,   0% used [0x00000000ff200000, 0x00000000ff200000, 0x00000000ff2a0000)
 concurrent mark-sweep generation total 13696K, used 10364K [0x00000000ff2a0000, 0x0000000100000000, 0x0000000100000000)
 Metaspace       used 5070K, capacity 5248K, committed 5504K, reserved 1056768K
  class space    used 554K, capacity 592K, committed 640K, reserved 1048576K
}
{Heap before GC invocations=823 (full 105):
 par new generation   total 6144K, used 5233K [0x00000000fec00000, 0x00000000ff2a0000, 0x00000000ff2a0000)
  eden space 5504K,  95% used [0x00000000fec00000, 0x00000000ff11b780, 0x00000000ff160000)
  from space 640K,   0% used [0x00000000ff160000, 0x00000000ff161020, 0x00000000ff200000)
  to   space 640K,   0% used [0x00000000ff200000, 0x00000000ff200000, 0x00000000ff2a0000)
 concurrent mark-sweep generation total 13696K, used 10364K [0x00000000ff2a0000, 0x0000000100000000, 0x0000000100000000)
 Metaspace       used 5070K, capacity 5248K, committed 5504K, reserved 1056768K
  class space    used 554K, capacity 592K, committed 640K, reserved 1048576K
2024-07-16T11:01:41.887+0800: 6.767: [GC (Allocation Failure) 2024-07-16T11:01:41.887+0800: 6.767: [ParNew: 5233K->8K(6144K), 0.0008906 secs] 15598K->11397K(19840K), 0.0009856 secs] [Times: user=0.00 sys=0.00, real=0.00 secs] 
Heap after GC invocations=824 (full 105):
 par new generation   total 6144K, used 8K [0x00000000fec00000, 0x00000000ff2a0000, 0x00000000ff2a0000)
  eden space 5504K,   0% used [0x00000000fec00000, 0x00000000fec00000, 0x00000000ff160000)
  from space 640K,   1% used [0x00000000ff200000, 0x00000000ff202040, 0x00000000ff2a0000)
  to   space 640K,   0% used [0x00000000ff160000, 0x00000000ff160000, 0x00000000ff200000)
 concurrent mark-sweep generation total 13696K, used 11388K [0x00000000ff2a0000, 0x0000000100000000, 0x0000000100000000)
 Metaspace       used 5070K, capacity 5248K, committed 5504K, reserved 1056768K
  class space    used 554K, capacity 592K, committed 640K, reserved 1048576K
}
{Heap before GC invocations=824 (full 105):
 par new generation   total 6144K, used 5237K [0x00000000fec00000, 0x00000000ff2a0000, 0x00000000ff2a0000)
  eden space 5504K,  95% used [0x00000000fec00000, 0x00000000ff11b780, 0x00000000ff160000)
  from space 640K,   1% used [0x00000000ff200000, 0x00000000ff202040, 0x00000000ff2a0000)
  to   space 640K,   0% used [0x00000000ff160000, 0x00000000ff160000, 0x00000000ff200000)
 concurrent mark-sweep generation total 13696K, used 11388K [0x00000000ff2a0000, 0x0000000100000000, 0x0000000100000000)
 Metaspace       used 5070K, capacity 5248K, committed 5504K, reserved 1056768K
  class space    used 554K, capacity 592K, committed 640K, reserved 1048576K
2024-07-16T11:01:41.895+0800: 6.775: [GC (Allocation Failure) 2024-07-16T11:01:41.895+0800: 6.775: [ParNew: 5237K->4K(6144K), 0.0013093 secs] 16626K->11392K(19840K), 0.0014140 secs] [Times: user=0.00 sys=0.00, real=0.00 secs] 
Heap after GC invocations=825 (full 105):
 par new generation   total 6144K, used 4K [0x00000000fec00000, 0x00000000ff2a0000, 0x00000000ff2a0000)
  eden space 5504K,   0% used [0x00000000fec00000, 0x00000000fec00000, 0x00000000ff160000)
  from space 640K,   0% used [0x00000000ff160000, 0x00000000ff161020, 0x00000000ff200000)
  to   space 640K,   0% used [0x00000000ff200000, 0x00000000ff200000, 0x00000000ff2a0000)
 concurrent mark-sweep generation total 13696K, used 11388K [0x00000000ff2a0000, 0x0000000100000000, 0x0000000100000000)
 Metaspace       used 5070K, capacity 5248K, committed 5504K, reserved 1056768K
  class space    used 554K, capacity 592K, committed 640K, reserved 1048576K
}
{Heap before GC invocations=825 (full 105):
 par new generation   total 6144K, used 5233K [0x00000000fec00000, 0x00000000ff2a0000, 0x00000000ff2a0000)
  eden space 5504K,  95% used [0x00000000fec00000, 0x00000000ff11b780, 0x00000000ff160000)
  from space 640K,   0% used [0x00000000ff160000, 0x00000000ff161020, 0x00000000ff200000)
  to   space 640K,   0% used [0x00000000ff200000, 0x00000000ff200000, 0x00000000ff2a0000)
 concurrent mark-sweep generation total 13696K, used 11388K [0x00000000ff2a0000, 0x0000000100000000, 0x0000000100000000)
 Metaspace       used 5070K, capacity 5248K, committed 5504K, reserved 1056768K
  class space    used 554K, capacity 592K, committed 640K, reserved 1048576K
2024-07-16T11:01:41.901+0800: 6.782: [GC (Allocation Failure) 2024-07-16T11:01:41.901+0800: 6.782: [ParNew: 5233K->6K(6144K), 0.0012652 secs] 16622K->12419K(19840K), 0.0013799 secs] [Times: user=0.00 sys=0.00, real=0.00 secs] 
Heap after GC invocations=826 (full 105):
 par new generation   total 6144K, used 6K [0x00000000fec00000, 0x00000000ff2a0000, 0x00000000ff2a0000)
  eden space 5504K,   0% used [0x00000000fec00000, 0x00000000fec00000, 0x00000000ff160000)
  from space 640K,   0% used [0x00000000ff200000, 0x00000000ff201830, 0x00000000ff2a0000)
  to   space 640K,   0% used [0x00000000ff160000, 0x00000000ff160000, 0x00000000ff200000)
 concurrent mark-sweep generation total 13696K, used 12412K [0x00000000ff2a0000, 0x0000000100000000, 0x0000000100000000)
 Metaspace       used 5070K, capacity 5248K, committed 5504K, reserved 1056768K
  class space    used 554K, capacity 592K, committed 640K, reserved 1048576K
}
{Heap before GC invocations=826 (full 105):
 par new generation   total 6144K, used 5235K [0x00000000fec00000, 0x00000000ff2a0000, 0x00000000ff2a0000)
  eden space 5504K,  95% used [0x00000000fec00000, 0x00000000ff11b780, 0x00000000ff160000)
  from space 640K,   0% used [0x00000000ff200000, 0x00000000ff201830, 0x00000000ff2a0000)
  to   space 640K,   0% used [0x00000000ff160000, 0x00000000ff160000, 0x00000000ff200000)
 concurrent mark-sweep generation total 13696K, used 12412K [0x00000000ff2a0000, 0x0000000100000000, 0x0000000100000000)
 Metaspace       used 5070K, capacity 5248K, committed 5504K, reserved 1056768K
  class space    used 554K, capacity 592K, committed 640K, reserved 1048576K
2024-07-16T11:01:41.908+0800: 6.789: [GC (Allocation Failure) 2024-07-16T11:01:41.908+0800: 6.789: [ParNew: 5235K->5235K(6144K), 0.0000322 secs]2024-07-16T11:01:41.908+0800: 6.789: [CMS2024-07-16T11:01:41.908+0800: 6.789: [CMS-concurrent-abortable-preclean: 0.000/0.033 secs] [Times: user=0.00 sys=0.00, real=0.03 secs] 
 (concurrent mode failure): 12412K->2156K(13696K), 0.0052943 secs] 17648K->2156K(19840K), [Metaspace: 5070K->5070K(1056768K)], 0.0054210 secs] [Times: user=0.00 sys=0.00, real=0.01 secs] 
Heap after GC invocations=827 (full 106):
 par new generation   total 6144K, used 0K [0x00000000fec00000, 0x00000000ff2a0000, 0x00000000ff2a0000)
  eden space 5504K,   0% used [0x00000000fec00000, 0x00000000fec00000, 0x00000000ff160000)
  from space 640K,   0% used [0x00000000ff200000, 0x00000000ff200000, 0x00000000ff2a0000)
  to   space 640K,   0% used [0x00000000ff160000, 0x00000000ff160000, 0x00000000ff200000)
 concurrent mark-sweep generation total 13696K, used 2156K [0x00000000ff2a0000, 0x0000000100000000, 0x0000000100000000)
 Metaspace       used 5070K, capacity 5248K, committed 5504K, reserved 1056768K
  class space    used 554K, capacity 592K, committed 640K, reserved 1048576K
}
{Heap before GC invocations=827 (full 106):
 par new generation   total 6144K, used 5229K [0x00000000fec00000, 0x00000000ff2a0000, 0x00000000ff2a0000)
  eden space 5504K,  95% used [0x00000000fec00000, 0x00000000ff11b780, 0x00000000ff160000)
  from space 640K,   0% used [0x00000000ff200000, 0x00000000ff200000, 0x00000000ff2a0000)
  to   space 640K,   0% used [0x00000000ff160000, 0x00000000ff160000, 0x00000000ff200000)
 concurrent mark-sweep generation total 13696K, used 2156K [0x00000000ff2a0000, 0x0000000100000000, 0x0000000100000000)
 Metaspace       used 5070K, capacity 5248K, committed 5504K, reserved 1056768K
  class space    used 554K, capacity 592K, committed 640K, reserved 1048576K
2024-07-16T11:01:41.920+0800: 6.800: [GC (Allocation Failure) 2024-07-16T11:01:41.920+0800: 6.800: [ParNew: 5229K->6K(6144K), 0.0008422 secs] 7386K->3188K(19840K), 0.0009535 secs] [Times: user=0.00 sys=0.00, real=0.00 secs] 
Heap after GC invocations=828 (full 106):
 par new generation   total 6144K, used 6K [0x00000000fec00000, 0x00000000ff2a0000, 0x00000000ff2a0000)
  eden space 5504K,   0% used [0x00000000fec00000, 0x00000000fec00000, 0x00000000ff160000)
  from space 640K,   0% used [0x00000000ff160000, 0x00000000ff161830, 0x00000000ff200000)
  to   space 640K,   0% used [0x00000000ff200000, 0x00000000ff200000, 0x00000000ff2a0000)
 concurrent mark-sweep generation total 13696K, used 3182K [0x00000000ff2a0000, 0x0000000100000000, 0x0000000100000000)
 Metaspace       used 5070K, capacity 5248K, committed 5504K, reserved 1056768K
  class space    used 554K, capacity 592K, committed 640K, reserved 1048576K
}
{Heap before GC invocations=828 (full 106):
 par new generation   total 6144K, used 5235K [0x00000000fec00000, 0x00000000ff2a0000, 0x00000000ff2a0000)
  eden space 5504K,  95% used [0x00000000fec00000, 0x00000000ff11b780, 0x00000000ff160000)
  from space 640K,   0% used [0x00000000ff160000, 0x00000000ff161830, 0x00000000ff200000)
  to   space 640K,   0% used [0x00000000ff200000, 0x00000000ff200000, 0x00000000ff2a0000)
 concurrent mark-sweep generation total 13696K, used 3182K [0x00000000ff2a0000, 0x0000000100000000, 0x0000000100000000)
 Metaspace       used 5070K, capacity 5248K, committed 5504K, reserved 1056768K
  class space    used 554K, capacity 592K, committed 640K, reserved 1048576K
2024-07-16T11:01:41.928+0800: 6.808: [GC (Allocation Failure) 2024-07-16T11:01:41.928+0800: 6.809: [ParNew: 5235K->8K(6144K), 0.0014662 secs] 8418K->4216K(19840K), 0.0015420 secs] [Times: user=0.00 sys=0.00, real=0.00 secs] 
Heap after GC invocations=829 (full 106):
 par new generation   total 6144K, used 8K [0x00000000fec00000, 0x00000000ff2a0000, 0x00000000ff2a0000)
  eden space 5504K,   0% used [0x00000000fec00000, 0x00000000fec00000, 0x00000000ff160000)
  from space 640K,   1% used [0x00000000ff200000, 0x00000000ff202040, 0x00000000ff2a0000)
  to   space 640K,   0% used [0x00000000ff160000, 0x00000000ff160000, 0x00000000ff200000)
 concurrent mark-sweep generation total 13696K, used 4208K [0x00000000ff2a0000, 0x0000000100000000, 0x0000000100000000)
 Metaspace       used 5070K, capacity 5248K, committed 5504K, reserved 1056768K
  class space    used 554K, capacity 592K, committed 640K, reserved 1048576K
}
2024-07-16T11:01:41.930+0800: 6.810: [GC (CMS Initial Mark) [1 CMS-initial-mark: 4208K(13696K)] 5242K(19840K), 0.0005482 secs] [Times: user=0.00 sys=0.00, real=0.00 secs] 
2024-07-16T11:01:41.930+0800: 6.811: [CMS-concurrent-mark-start]
2024-07-16T11:01:41.936+0800: 6.817: [CMS-concurrent-mark: 0.006/0.006 secs] [Times: user=0.00 sys=0.00, real=0.01 secs] 
2024-07-16T11:01:41.936+0800: 6.817: [CMS-concurrent-preclean-start]
2024-07-16T11:01:41.937+0800: 6.818: [CMS-concurrent-preclean: 0.000/0.000 secs] [Times: user=0.00 sys=0.00, real=0.00 secs] 
2024-07-16T11:01:41.937+0800: 6.818: [CMS-concurrent-abortable-preclean-start]
{Heap before GC invocations=829 (full 107):
 par new generation   total 6144K, used 5237K [0x00000000fec00000, 0x00000000ff2a0000, 0x00000000ff2a0000)
  eden space 5504K,  95% used [0x00000000fec00000, 0x00000000ff11b780, 0x00000000ff160000)
  from space 640K,   1% used [0x00000000ff200000, 0x00000000ff202040, 0x00000000ff2a0000)
  to   space 640K,   0% used [0x00000000ff160000, 0x00000000ff160000, 0x00000000ff200000)
 concurrent mark-sweep generation total 13696K, used 4208K [0x00000000ff2a0000, 0x0000000100000000, 0x0000000100000000)
 Metaspace       used 5070K, capacity 5248K, committed 5504K, reserved 1056768K
  class space    used 554K, capacity 592K, committed 640K, reserved 1048576K
2024-07-16T11:01:41.939+0800: 6.819: [GC (Allocation Failure) 2024-07-16T11:01:41.939+0800: 6.819: [ParNew: 5237K->8K(6144K), 0.0013378 secs] 9446K->6266K(19840K), 0.0014015 secs] [Times: user=0.16 sys=0.00, real=0.00 secs] 
Heap after GC invocations=830 (full 107):
 par new generation   total 6144K, used 8K [0x00000000fec00000, 0x00000000ff2a0000, 0x00000000ff2a0000)
  eden space 5504K,   0% used [0x00000000fec00000, 0x00000000fec00000, 0x00000000ff160000)
  from space 640K,   1% used [0x00000000ff160000, 0x00000000ff162040, 0x00000000ff200000)
  to   space 640K,   0% used [0x00000000ff200000, 0x00000000ff200000, 0x00000000ff2a0000)
 concurrent mark-sweep generation total 13696K, used 6258K [0x00000000ff2a0000, 0x0000000100000000, 0x0000000100000000)
 Metaspace       used 5070K, capacity 5248K, committed 5504K, reserved 1056768K
  class space    used 554K, capacity 592K, committed 640K, reserved 1048576K
}
{Heap before GC invocations=830 (full 107):
 par new generation   total 6144K, used 5237K [0x00000000fec00000, 0x00000000ff2a0000, 0x00000000ff2a0000)
  eden space 5504K,  95% used [0x00000000fec00000, 0x00000000ff11b7a0, 0x00000000ff160000)
  from space 640K,   1% used [0x00000000ff160000, 0x00000000ff162040, 0x00000000ff200000)
  to   space 640K,   0% used [0x00000000ff200000, 0x00000000ff200000, 0x00000000ff2a0000)
 concurrent mark-sweep generation total 13696K, used 6258K [0x00000000ff2a0000, 0x0000000100000000, 0x0000000100000000)
 Metaspace       used 5070K, capacity 5248K, committed 5504K, reserved 1056768K
  class space    used 554K, capacity 592K, committed 640K, reserved 1048576K
2024-07-16T11:01:41.948+0800: 6.828: [GC (Allocation Failure) 2024-07-16T11:01:41.948+0800: 6.828: [ParNew: 5237K->4K(6144K), 0.0009880 secs] 11496K->6262K(19840K), 0.0010734 secs] [Times: user=0.00 sys=0.00, real=0.00 secs] 
Heap after GC invocations=831 (full 107):
 par new generation   total 6144K, used 4K [0x00000000fec00000, 0x00000000ff2a0000, 0x00000000ff2a0000)
  eden space 5504K,   0% used [0x00000000fec00000, 0x00000000fec00000, 0x00000000ff160000)
  from space 640K,   0% used [0x00000000ff200000, 0x00000000ff201020, 0x00000000ff2a0000)
  to   space 640K,   0% used [0x00000000ff160000, 0x00000000ff160000, 0x00000000ff200000)
 concurrent mark-sweep generation total 13696K, used 6258K [0x00000000ff2a0000, 0x0000000100000000, 0x0000000100000000)
 Metaspace       used 5070K, capacity 5248K, committed 5504K, reserved 1056768K
  class space    used 554K, capacity 592K, committed 640K, reserved 1048576K
}
{Heap before GC invocations=831 (full 107):
 par new generation   total 6144K, used 5233K [0x00000000fec00000, 0x00000000ff2a0000, 0x00000000ff2a0000)
  eden space 5504K,  95% used [0x00000000fec00000, 0x00000000ff11b798, 0x00000000ff160000)
  from space 640K,   0% used [0x00000000ff200000, 0x00000000ff201020, 0x00000000ff2a0000)
  to   space 640K,   0% used [0x00000000ff160000, 0x00000000ff160000, 0x00000000ff200000)
 concurrent mark-sweep generation total 13696K, used 6258K [0x00000000ff2a0000, 0x0000000100000000, 0x0000000100000000)
 Metaspace       used 5070K, capacity 5248K, committed 5504K, reserved 1056768K
  class space    used 554K, capacity 592K, committed 640K, reserved 1048576K
2024-07-16T11:01:41.955+0800: 6.836: [GC (Allocation Failure) 2024-07-16T11:01:41.955+0800: 6.836: [ParNew: 5233K->8K(6144K), 0.0013862 secs] 11492K->7292K(19840K), 0.0014613 secs] [Times: user=0.00 sys=0.00, real=0.00 secs] 
Heap after GC invocations=832 (full 107):
 par new generation   total 6144K, used 8K [0x00000000fec00000, 0x00000000ff2a0000, 0x00000000ff2a0000)
  eden space 5504K,   0% used [0x00000000fec00000, 0x00000000fec00000, 0x00000000ff160000)
  from space 640K,   1% used [0x00000000ff160000, 0x00000000ff162040, 0x00000000ff200000)
  to   space 640K,   0% used [0x00000000ff200000, 0x00000000ff200000, 0x00000000ff2a0000)
 concurrent mark-sweep generation total 13696K, used 7284K [0x00000000ff2a0000, 0x0000000100000000, 0x0000000100000000)
 Metaspace       used 5070K, capacity 5248K, committed 5504K, reserved 1056768K
  class space    used 554K, capacity 592K, committed 640K, reserved 1048576K
}
{Heap before GC invocations=832 (full 107):
 par new generation   total 6144K, used 5237K [0x00000000fec00000, 0x00000000ff2a0000, 0x00000000ff2a0000)
  eden space 5504K,  95% used [0x00000000fec00000, 0x00000000ff11b798, 0x00000000ff160000)
  from space 640K,   1% used [0x00000000ff160000, 0x00000000ff162040, 0x00000000ff200000)
  to   space 640K,   0% used [0x00000000ff200000, 0x00000000ff200000, 0x00000000ff2a0000)
 concurrent mark-sweep generation total 13696K, used 7284K [0x00000000ff2a0000, 0x0000000100000000, 0x0000000100000000)
 Metaspace       used 5070K, capacity 5248K, committed 5504K, reserved 1056768K
  class space    used 554K, capacity 592K, committed 640K, reserved 1048576K
2024-07-16T11:01:41.964+0800: 6.845: [GC (Allocation Failure) 2024-07-16T11:01:41.964+0800: 6.845: [ParNew: 5237K->4K(6144K), 0.0012944 secs] 12522K->7288K(19840K), 0.0014269 secs] [Times: user=0.00 sys=0.00, real=0.00 secs] 
Heap after GC invocations=833 (full 107):
 par new generation   total 6144K, used 4K [0x00000000fec00000, 0x00000000ff2a0000, 0x00000000ff2a0000)
  eden space 5504K,   0% used [0x00000000fec00000, 0x00000000fec00000, 0x00000000ff160000)
  from space 640K,   0% used [0x00000000ff200000, 0x00000000ff201020, 0x00000000ff2a0000)
  to   space 640K,   0% used [0x00000000ff160000, 0x00000000ff160000, 0x00000000ff200000)
 concurrent mark-sweep generation total 13696K, used 7284K [0x00000000ff2a0000, 0x0000000100000000, 0x0000000100000000)
 Metaspace       used 5070K, capacity 5248K, committed 5504K, reserved 1056768K
  class space    used 554K, capacity 592K, committed 640K, reserved 1048576K
}
{Heap before GC invocations=833 (full 107):
 par new generation   total 6144K, used 5233K [0x00000000fec00000, 0x00000000ff2a0000, 0x00000000ff2a0000)
  eden space 5504K,  95% used [0x00000000fec00000, 0x00000000ff11b798, 0x00000000ff160000)
  from space 640K,   0% used [0x00000000ff200000, 0x00000000ff201020, 0x00000000ff2a0000)
  to   space 640K,   0% used [0x00000000ff160000, 0x00000000ff160000, 0x00000000ff200000)
 concurrent mark-sweep generation total 13696K, used 7284K [0x00000000ff2a0000, 0x0000000100000000, 0x0000000100000000)
 Metaspace       used 5070K, capacity 5248K, committed 5504K, reserved 1056768K
  class space    used 554K, capacity 592K, committed 640K, reserved 1048576K
2024-07-16T11:01:41.974+0800: 6.855: [GC (Allocation Failure) 2024-07-16T11:01:41.974+0800: 6.855: [ParNew: 5233K->28K(6144K), 0.0013242 secs] 12518K->8339K(19840K), 0.0014245 secs] [Times: user=0.00 sys=0.00, real=0.00 secs] 
Heap after GC invocations=834 (full 107):
 par new generation   total 6144K, used 28K [0x00000000fec00000, 0x00000000ff2a0000, 0x00000000ff2a0000)
  eden space 5504K,   0% used [0x00000000fec00000, 0x00000000fec00000, 0x00000000ff160000)
  from space 640K,   4% used [0x00000000ff160000, 0x00000000ff1671c8, 0x00000000ff200000)
  to   space 640K,   0% used [0x00000000ff200000, 0x00000000ff200000, 0x00000000ff2a0000)
 concurrent mark-sweep generation total 13696K, used 8310K [0x00000000ff2a0000, 0x0000000100000000, 0x0000000100000000)
 Metaspace       used 5070K, capacity 5248K, committed 5504K, reserved 1056768K
  class space    used 554K, capacity 592K, committed 640K, reserved 1048576K
}
{Heap before GC invocations=834 (full 107):
 par new generation   total 6144K, used 5258K [0x00000000fec00000, 0x00000000ff2a0000, 0x00000000ff2a0000)
  eden space 5504K,  95% used [0x00000000fec00000, 0x00000000ff11b798, 0x00000000ff160000)
  from space 640K,   4% used [0x00000000ff160000, 0x00000000ff1671c8, 0x00000000ff200000)
  to   space 640K,   0% used [0x00000000ff200000, 0x00000000ff200000, 0x00000000ff2a0000)
 concurrent mark-sweep generation total 13696K, used 8310K [0x00000000ff2a0000, 0x0000000100000000, 0x0000000100000000)
 Metaspace       used 5070K, capacity 5248K, committed 5504K, reserved 1056768K
  class space    used 554K, capacity 592K, committed 640K, reserved 1048576K
2024-07-16T11:01:41.982+0800: 6.863: [GC (Allocation Failure) 2024-07-16T11:01:41.982+0800: 6.863: [ParNew: 5258K->28K(6144K), 0.0012626 secs] 13569K->8339K(19840K), 0.0014738 secs] [Times: user=0.00 sys=0.00, real=0.00 secs] 
Heap after GC invocations=835 (full 107):
 par new generation   total 6144K, used 28K [0x00000000fec00000, 0x00000000ff2a0000, 0x00000000ff2a0000)
  eden space 5504K,   0% used [0x00000000fec00000, 0x00000000fec00000, 0x00000000ff160000)
  from space 640K,   4% used [0x00000000ff200000, 0x00000000ff2071c8, 0x00000000ff2a0000)
  to   space 640K,   0% used [0x00000000ff160000, 0x00000000ff160000, 0x00000000ff200000)
 concurrent mark-sweep generation total 13696K, used 8310K [0x00000000ff2a0000, 0x0000000100000000, 0x0000000100000000)
 Metaspace       used 5070K, capacity 5248K, committed 5504K, reserved 1056768K
  class space    used 554K, capacity 592K, committed 640K, reserved 1048576K
}
{Heap before GC invocations=835 (full 107):
 par new generation   total 6144K, used 5258K [0x00000000fec00000, 0x00000000ff2a0000, 0x00000000ff2a0000)
  eden space 5504K,  95% used [0x00000000fec00000, 0x00000000ff11b850, 0x00000000ff160000)
  from space 640K,   4% used [0x00000000ff200000, 0x00000000ff2071c8, 0x00000000ff2a0000)
  to   space 640K,   0% used [0x00000000ff160000, 0x00000000ff160000, 0x00000000ff200000)
 concurrent mark-sweep generation total 13696K, used 8310K [0x00000000ff2a0000, 0x0000000100000000, 0x0000000100000000)
 Metaspace       used 5070K, capacity 5248K, committed 5504K, reserved 1056768K
  class space    used 554K, capacity 592K, committed 640K, reserved 1048576K
2024-07-16T11:01:41.991+0800: 6.872: [GC (Allocation Failure) 2024-07-16T11:01:41.991+0800: 6.872: [ParNew: 5258K->28K(6144K), 0.0014661 secs] 13569K->9365K(19840K), 0.0015693 secs] [Times: user=0.00 sys=0.00, real=0.00 secs] 
Heap after GC invocations=836 (full 107):
 par new generation   total 6144K, used 28K [0x00000000fec00000, 0x00000000ff2a0000, 0x00000000ff2a0000)
  eden space 5504K,   0% used [0x00000000fec00000, 0x00000000fec00000, 0x00000000ff160000)
  from space 640K,   4% used [0x00000000ff160000, 0x00000000ff1671c8, 0x00000000ff200000)
  to   space 640K,   0% used [0x00000000ff200000, 0x00000000ff200000, 0x00000000ff2a0000)
 concurrent mark-sweep generation total 13696K, used 9337K [0x00000000ff2a0000, 0x0000000100000000, 0x0000000100000000)
 Metaspace       used 5070K, capacity 5248K, committed 5504K, reserved 1056768K
  class space    used 554K, capacity 592K, committed 640K, reserved 1048576K
}
{Heap before GC invocations=836 (full 107):
 par new generation   total 6144K, used 5258K [0x00000000fec00000, 0x00000000ff2a0000, 0x00000000ff2a0000)
  eden space 5504K,  95% used [0x00000000fec00000, 0x00000000ff11b810, 0x00000000ff160000)
  from space 640K,   4% used [0x00000000ff160000, 0x00000000ff1671c8, 0x00000000ff200000)
  to   space 640K,   0% used [0x00000000ff200000, 0x00000000ff200000, 0x00000000ff2a0000)
 concurrent mark-sweep generation total 13696K, used 9337K [0x00000000ff2a0000, 0x0000000100000000, 0x0000000100000000)
 Metaspace       used 5070K, capacity 5248K, committed 5504K, reserved 1056768K
  class space    used 554K, capacity 592K, committed 640K, reserved 1048576K
2024-07-16T11:01:42.001+0800: 6.882: [GC (Allocation Failure) 2024-07-16T11:01:42.001+0800: 6.882: [ParNew: 5258K->28K(6144K), 0.0014579 secs] 14595K->9365K(19840K), 0.0015556 secs] [Times: user=0.16 sys=0.00, real=0.00 secs] 
Heap after GC invocations=837 (full 107):
 par new generation   total 6144K, used 28K [0x00000000fec00000, 0x00000000ff2a0000, 0x00000000ff2a0000)
  eden space 5504K,   0% used [0x00000000fec00000, 0x00000000fec00000, 0x00000000ff160000)
  from space 640K,   4% used [0x00000000ff200000, 0x00000000ff2071c8, 0x00000000ff2a0000)
  to   space 640K,   0% used [0x00000000ff160000, 0x00000000ff160000, 0x00000000ff200000)
 concurrent mark-sweep generation total 13696K, used 9337K [0x00000000ff2a0000, 0x0000000100000000, 0x0000000100000000)
 Metaspace       used 5070K, capacity 5248K, committed 5504K, reserved 1056768K
  class space    used 554K, capacity 592K, committed 640K, reserved 1048576K
}
{Heap before GC invocations=837 (full 107):
 par new generation   total 6144K, used 5258K [0x00000000fec00000, 0x00000000ff2a0000, 0x00000000ff2a0000)
  eden space 5504K,  95% used [0x00000000fec00000, 0x00000000ff11b7e8, 0x00000000ff160000)
  from space 640K,   4% used [0x00000000ff200000, 0x00000000ff2071c8, 0x00000000ff2a0000)
  to   space 640K,   0% used [0x00000000ff160000, 0x00000000ff160000, 0x00000000ff200000)
 concurrent mark-sweep generation total 13696K, used 9337K [0x00000000ff2a0000, 0x0000000100000000, 0x0000000100000000)
 Metaspace       used 5070K, capacity 5248K, committed 5504K, reserved 1056768K
  class space    used 554K, capacity 592K, committed 640K, reserved 1048576K
2024-07-16T11:01:42.010+0800: 6.891: [GC (Allocation Failure) 2024-07-16T11:01:42.010+0800: 6.891: [ParNew: 5258K->30K(6144K), 0.0014541 secs] 14595K->10391K(19840K), 0.0015778 secs] [Times: user=0.00 sys=0.00, real=0.00 secs] 
Heap after GC invocations=838 (full 107):
 par new generation   total 6144K, used 30K [0x00000000fec00000, 0x00000000ff2a0000, 0x00000000ff2a0000)
  eden space 5504K,   0% used [0x00000000fec00000, 0x00000000fec00000, 0x00000000ff160000)
  from space 640K,   4% used [0x00000000ff160000, 0x00000000ff1679d8, 0x00000000ff200000)
  to   space 640K,   0% used [0x00000000ff200000, 0x00000000ff200000, 0x00000000ff2a0000)
 concurrent mark-sweep generation total 13696K, used 10361K [0x00000000ff2a0000, 0x0000000100000000, 0x0000000100000000)
 Metaspace       used 5070K, capacity 5248K, committed 5504K, reserved 1056768K
  class space    used 554K, capacity 592K, committed 640K, reserved 1048576K
}
{Heap before GC invocations=838 (full 107):
 par new generation   total 6144K, used 5260K [0x00000000fec00000, 0x00000000ff2a0000, 0x00000000ff2a0000)
  eden space 5504K,  95% used [0x00000000fec00000, 0x00000000ff11b7d0, 0x00000000ff160000)
  from space 640K,   4% used [0x00000000ff160000, 0x00000000ff1679d8, 0x00000000ff200000)
  to   space 640K,   0% used [0x00000000ff200000, 0x00000000ff200000, 0x00000000ff2a0000)
 concurrent mark-sweep generation total 13696K, used 10361K [0x00000000ff2a0000, 0x0000000100000000, 0x0000000100000000)
 Metaspace       used 5070K, capacity 5248K, committed 5504K, reserved 1056768K
  class space    used 554K, capacity 592K, committed 640K, reserved 1048576K
2024-07-16T11:01:42.020+0800: 6.901: [GC (Allocation Failure) 2024-07-16T11:01:42.020+0800: 6.901: [ParNew: 5260K->28K(6144K), 0.0015834 secs] 15621K->11415K(19840K), 0.0016714 secs] [Times: user=0.00 sys=0.00, real=0.00 secs] 
Heap after GC invocations=839 (full 107):
 par new generation   total 6144K, used 28K [0x00000000fec00000, 0x00000000ff2a0000, 0x00000000ff2a0000)
  eden space 5504K,   0% used [0x00000000fec00000, 0x00000000fec00000, 0x00000000ff160000)
  from space 640K,   4% used [0x00000000ff200000, 0x00000000ff2071c8, 0x00000000ff2a0000)
  to   space 640K,   0% used [0x00000000ff160000, 0x00000000ff160000, 0x00000000ff200000)
 concurrent mark-sweep generation total 13696K, used 11387K [0x00000000ff2a0000, 0x0000000100000000, 0x0000000100000000)
 Metaspace       used 5070K, capacity 5248K, committed 5504K, reserved 1056768K
  class space    used 554K, capacity 592K, committed 640K, reserved 1048576K
}
{Heap before GC invocations=839 (full 107):
 par new generation   total 6144K, used 5258K [0x00000000fec00000, 0x00000000ff2a0000, 0x00000000ff2a0000)
  eden space 5504K,  95% used [0x00000000fec00000, 0x00000000ff11b7b8, 0x00000000ff160000)
  from space 640K,   4% used [0x00000000ff200000, 0x00000000ff2071c8, 0x00000000ff2a0000)
  to   space 640K,   0% used [0x00000000ff160000, 0x00000000ff160000, 0x00000000ff200000)
 concurrent mark-sweep generation total 13696K, used 11387K [0x00000000ff2a0000, 0x0000000100000000, 0x0000000100000000)
 Metaspace       used 5070K, capacity 5248K, committed 5504K, reserved 1056768K
  class space    used 554K, capacity 592K, committed 640K, reserved 1048576K
2024-07-16T11:01:42.029+0800: 6.910: [GC (Allocation Failure) 2024-07-16T11:01:42.029+0800: 6.910: [ParNew: 5258K->4K(6144K), 0.0014969 secs] 16645K->11415K(19840K), 0.0015961 secs] [Times: user=0.00 sys=0.00, real=0.00 secs] 
Heap after GC invocations=840 (full 107):
 par new generation   total 6144K, used 4K [0x00000000fec00000, 0x00000000ff2a0000, 0x00000000ff2a0000)
  eden space 5504K,   0% used [0x00000000fec00000, 0x00000000fec00000, 0x00000000ff160000)
  from space 640K,   0% used [0x00000000ff160000, 0x00000000ff161020, 0x00000000ff200000)
  to   space 640K,   0% used [0x00000000ff200000, 0x00000000ff200000, 0x00000000ff2a0000)
 concurrent mark-sweep generation total 13696K, used 11411K [0x00000000ff2a0000, 0x0000000100000000, 0x0000000100000000)
 Metaspace       used 5070K, capacity 5248K, committed 5504K, reserved 1056768K
  class space    used 554K, capacity 592K, committed 640K, reserved 1048576K
}
{Heap before GC invocations=840 (full 107):
 par new generation   total 6144K, used 5233K [0x00000000fec00000, 0x00000000ff2a0000, 0x00000000ff2a0000)
  eden space 5504K,  95% used [0x00000000fec00000, 0x00000000ff11b7b0, 0x00000000ff160000)
  from space 640K,   0% used [0x00000000ff160000, 0x00000000ff161020, 0x00000000ff200000)
  to   space 640K,   0% used [0x00000000ff200000, 0x00000000ff200000, 0x00000000ff2a0000)
 concurrent mark-sweep generation total 13696K, used 11411K [0x00000000ff2a0000, 0x0000000100000000, 0x0000000100000000)
 Metaspace       used 5070K, capacity 5248K, committed 5504K, reserved 1056768K
  class space    used 554K, capacity 592K, committed 640K, reserved 1048576K
2024-07-16T11:01:42.039+0800: 6.920: [GC (Allocation Failure) 2024-07-16T11:01:42.039+0800: 6.920: [ParNew: 5233K->4K(6144K), 0.0012181 secs] 16645K->11415K(19840K), 0.0013739 secs] [Times: user=0.00 sys=0.00, real=0.00 secs] 
Heap after GC invocations=841 (full 107):
 par new generation   total 6144K, used 4K [0x00000000fec00000, 0x00000000ff2a0000, 0x00000000ff2a0000)
  eden space 5504K,   0% used [0x00000000fec00000, 0x00000000fec00000, 0x00000000ff160000)
  from space 640K,   0% used [0x00000000ff200000, 0x00000000ff201020, 0x00000000ff2a0000)
  to   space 640K,   0% used [0x00000000ff160000, 0x00000000ff160000, 0x00000000ff200000)
 concurrent mark-sweep generation total 13696K, used 11411K [0x00000000ff2a0000, 0x0000000100000000, 0x0000000100000000)
 Metaspace       used 5070K, capacity 5248K, committed 5504K, reserved 1056768K
  class space    used 554K, capacity 592K, committed 640K, reserved 1048576K
}
{Heap before GC invocations=841 (full 107):
 par new generation   total 6144K, used 5233K [0x00000000fec00000, 0x00000000ff2a0000, 0x00000000ff2a0000)
  eden space 5504K,  95% used [0x00000000fec00000, 0x00000000ff11b7a8, 0x00000000ff160000)
  from space 640K,   0% used [0x00000000ff200000, 0x00000000ff201020, 0x00000000ff2a0000)
  to   space 640K,   0% used [0x00000000ff160000, 0x00000000ff160000, 0x00000000ff200000)
 concurrent mark-sweep generation total 13696K, used 11411K [0x00000000ff2a0000, 0x0000000100000000, 0x0000000100000000)
 Metaspace       used 5070K, capacity 5248K, committed 5504K, reserved 1056768K
  class space    used 554K, capacity 592K, committed 640K, reserved 1048576K
2024-07-16T11:01:42.047+0800: 6.927: [GC (Allocation Failure) 2024-07-16T11:01:42.047+0800: 6.927: [ParNew: 5233K->6K(6144K), 0.0013513 secs] 16645K->12441K(19840K), 0.0014757 secs] [Times: user=0.00 sys=0.00, real=0.00 secs] 
Heap after GC invocations=842 (full 107):
 par new generation   total 6144K, used 6K [0x00000000fec00000, 0x00000000ff2a0000, 0x00000000ff2a0000)
  eden space 5504K,   0% used [0x00000000fec00000, 0x00000000fec00000, 0x00000000ff160000)
  from space 640K,   0% used [0x00000000ff160000, 0x00000000ff161830, 0x00000000ff200000)
  to   space 640K,   0% used [0x00000000ff200000, 0x00000000ff200000, 0x00000000ff2a0000)
 concurrent mark-sweep generation total 13696K, used 12435K [0x00000000ff2a0000, 0x0000000100000000, 0x0000000100000000)
 Metaspace       used 5070K, capacity 5248K, committed 5504K, reserved 1056768K
  class space    used 554K, capacity 592K, committed 640K, reserved 1048576K
}
{Heap before GC invocations=842 (full 107):
 par new generation   total 6144K, used 5235K [0x00000000fec00000, 0x00000000ff2a0000, 0x00000000ff2a0000)
  eden space 5504K,  95% used [0x00000000fec00000, 0x00000000ff11b7a0, 0x00000000ff160000)
  from space 640K,   0% used [0x00000000ff160000, 0x00000000ff161830, 0x00000000ff200000)
  to   space 640K,   0% used [0x00000000ff200000, 0x00000000ff200000, 0x00000000ff2a0000)
 concurrent mark-sweep generation total 13696K, used 12435K [0x00000000ff2a0000, 0x0000000100000000, 0x0000000100000000)
 Metaspace       used 5070K, capacity 5248K, committed 5504K, reserved 1056768K
  class space    used 554K, capacity 592K, committed 640K, reserved 1048576K
2024-07-16T11:01:42.056+0800: 6.936: [GC (Allocation Failure) 2024-07-16T11:01:42.056+0800: 6.936: [ParNew: 5235K->5235K(6144K), 0.0000442 secs]2024-07-16T11:01:42.056+0800: 6.936: [CMS2024-07-16T11:01:42.056+0800: 6.937: [CMS-concurrent-abortable-preclean: 0.002/0.119 secs] [Times: user=0.34 sys=0.00, real=0.12 secs] 
 (concurrent mode failure): 12435K->2164K(13696K), 0.0061262 secs] 17671K->2164K(19840K), [Metaspace: 5070K->5070K(1056768K)], 0.0062803 secs] [Times: user=0.00 sys=0.00, real=0.01 secs] 
Heap after GC invocations=843 (full 108):
 par new generation   total 6144K, used 0K [0x00000000fec00000, 0x00000000ff2a0000, 0x00000000ff2a0000)
  eden space 5504K,   0% used [0x00000000fec00000, 0x00000000fec00000, 0x00000000ff160000)
  from space 640K,   0% used [0x00000000ff160000, 0x00000000ff160000, 0x00000000ff200000)
  to   space 640K,   0% used [0x00000000ff200000, 0x00000000ff200000, 0x00000000ff2a0000)
 concurrent mark-sweep generation total 13696K, used 2164K [0x00000000ff2a0000, 0x0000000100000000, 0x0000000100000000)
 Metaspace       used 5070K, capacity 5248K, committed 5504K, reserved 1056768K
  class space    used 554K, capacity 592K, committed 640K, reserved 1048576K
}
{Heap before GC invocations=843 (full 108):
 par new generation   total 6144K, used 5229K [0x00000000fec00000, 0x00000000ff2a0000, 0x00000000ff2a0000)
  eden space 5504K,  95% used [0x00000000fec00000, 0x00000000ff11b7a0, 0x00000000ff160000)
  from space 640K,   0% used [0x00000000ff160000, 0x00000000ff160000, 0x00000000ff200000)
  to   space 640K,   0% used [0x00000000ff200000, 0x00000000ff200000, 0x00000000ff2a0000)
 concurrent mark-sweep generation total 13696K, used 2164K [0x00000000ff2a0000, 0x0000000100000000, 0x0000000100000000)
 Metaspace       used 5070K, capacity 5248K, committed 5504K, reserved 1056768K
  class space    used 554K, capacity 592K, committed 640K, reserved 1048576K
2024-07-16T11:01:42.069+0800: 6.949: [GC (Allocation Failure) 2024-07-16T11:01:42.069+0800: 6.949: [ParNew: 5229K->10K(6144K), 0.0012569 secs] 7394K->3200K(19840K), 0.0013552 secs] [Times: user=0.00 sys=0.00, real=0.00 secs] 
Heap after GC invocations=844 (full 108):
 par new generation   total 6144K, used 10K [0x00000000fec00000, 0x00000000ff2a0000, 0x00000000ff2a0000)
  eden space 5504K,   0% used [0x00000000fec00000, 0x00000000fec00000, 0x00000000ff160000)
  from space 640K,   1% used [0x00000000ff200000, 0x00000000ff202850, 0x00000000ff2a0000)
  to   space 640K,   0% used [0x00000000ff160000, 0x00000000ff160000, 0x00000000ff200000)
 concurrent mark-sweep generation total 13696K, used 3190K [0x00000000ff2a0000, 0x0000000100000000, 0x0000000100000000)
 Metaspace       used 5070K, capacity 5248K, committed 5504K, reserved 1056768K
  class space    used 554K, capacity 592K, committed 640K, reserved 1048576K
}
{Heap before GC invocations=844 (full 108):
 par new generation   total 6144K, used 5239K [0x00000000fec00000, 0x00000000ff2a0000, 0x00000000ff2a0000)
  eden space 5504K,  95% used [0x00000000fec00000, 0x00000000ff11b7a0, 0x00000000ff160000)
  from space 640K,   1% used [0x00000000ff200000, 0x00000000ff202850, 0x00000000ff2a0000)
  to   space 640K,   0% used [0x00000000ff160000, 0x00000000ff160000, 0x00000000ff200000)
 concurrent mark-sweep generation total 13696K, used 3190K [0x00000000ff2a0000, 0x0000000100000000, 0x0000000100000000)
 Metaspace       used 5070K, capacity 5248K, committed 5504K, reserved 1056768K
  class space    used 554K, capacity 592K, committed 640K, reserved 1048576K
2024-07-16T11:01:42.078+0800: 6.958: [GC (Allocation Failure) 2024-07-16T11:01:42.078+0800: 6.958: [ParNew: 5239K->2K(6144K), 0.0011511 secs] 8430K->3192K(19840K), 0.0012653 secs] [Times: user=0.00 sys=0.00, real=0.00 secs] 
Heap after GC invocations=845 (full 108):
 par new generation   total 6144K, used 2K [0x00000000fec00000, 0x00000000ff2a0000, 0x00000000ff2a0000)
  eden space 5504K,   0% used [0x00000000fec00000, 0x00000000fec00000, 0x00000000ff160000)
  from space 640K,   0% used [0x00000000ff160000, 0x00000000ff160810, 0x00000000ff200000)
  to   space 640K,   0% used [0x00000000ff200000, 0x00000000ff200000, 0x00000000ff2a0000)
 concurrent mark-sweep generation total 13696K, used 3190K [0x00000000ff2a0000, 0x0000000100000000, 0x0000000100000000)
 Metaspace       used 5070K, capacity 5248K, committed 5504K, reserved 1056768K
  class space    used 554K, capacity 592K, committed 640K, reserved 1048576K
}
{Heap before GC invocations=845 (full 108):
 par new generation   total 6144K, used 5231K [0x00000000fec00000, 0x00000000ff2a0000, 0x00000000ff2a0000)
  eden space 5504K,  95% used [0x00000000fec00000, 0x00000000ff11b7a0, 0x00000000ff160000)
  from space 640K,   0% used [0x00000000ff160000, 0x00000000ff160810, 0x00000000ff200000)
  to   space 640K,   0% used [0x00000000ff200000, 0x00000000ff200000, 0x00000000ff2a0000)
 concurrent mark-sweep generation total 13696K, used 3190K [0x00000000ff2a0000, 0x0000000100000000, 0x0000000100000000)
 Metaspace       used 5070K, capacity 5248K, committed 5504K, reserved 1056768K
  class space    used 554K, capacity 592K, committed 640K, reserved 1048576K
2024-07-16T11:01:42.086+0800: 6.966: [GC (Allocation Failure) 2024-07-16T11:01:42.086+0800: 6.966: [ParNew: 5231K->8K(6144K), 0.0011783 secs] 8422K->4222K(19840K), 0.0012865 secs] [Times: user=0.00 sys=0.00, real=0.00 secs] 
Heap after GC invocations=846 (full 108):
 par new generation   total 6144K, used 8K [0x00000000fec00000, 0x00000000ff2a0000, 0x00000000ff2a0000)
  eden space 5504K,   0% used [0x00000000fec00000, 0x00000000fec00000, 0x00000000ff160000)
  from space 640K,   1% used [0x00000000ff200000, 0x00000000ff202040, 0x00000000ff2a0000)
  to   space 640K,   0% used [0x00000000ff160000, 0x00000000ff160000, 0x00000000ff200000)
 concurrent mark-sweep generation total 13696K, used 4214K [0x00000000ff2a0000, 0x0000000100000000, 0x0000000100000000)
 Metaspace       used 5070K, capacity 5248K, committed 5504K, reserved 1056768K
  class space    used 554K, capacity 592K, committed 640K, reserved 1048576K
}
{Heap before GC invocations=846 (full 108):
 par new generation   total 6144K, used 5237K [0x00000000fec00000, 0x00000000ff2a0000, 0x00000000ff2a0000)
  eden space 5504K,  95% used [0x00000000fec00000, 0x00000000ff11b7a0, 0x00000000ff160000)
  from space 640K,   1% used [0x00000000ff200000, 0x00000000ff202040, 0x00000000ff2a0000)
  to   space 640K,   0% used [0x00000000ff160000, 0x00000000ff160000, 0x00000000ff200000)
 concurrent mark-sweep generation total 13696K, used 4214K [0x00000000ff2a0000, 0x0000000100000000, 0x0000000100000000)
 Metaspace       used 5070K, capacity 5248K, committed 5504K, reserved 1056768K
  class space    used 554K, capacity 592K, committed 640K, reserved 1048576K
2024-07-16T11:01:42.094+0800: 6.974: [GC (Allocation Failure) 2024-07-16T11:01:42.094+0800: 6.974: [ParNew: 5237K->6K(6144K), 0.0012670 secs] 9452K->5246K(19840K), 0.0013710 secs] [Times: user=0.00 sys=0.00, real=0.00 secs] 
Heap after GC invocations=847 (full 108):
 par new generation   total 6144K, used 6K [0x00000000fec00000, 0x00000000ff2a0000, 0x00000000ff2a0000)
  eden space 5504K,   0% used [0x00000000fec00000, 0x00000000fec00000, 0x00000000ff160000)
  from space 640K,   0% used [0x00000000ff160000, 0x00000000ff161830, 0x00000000ff200000)
  to   space 640K,   0% used [0x00000000ff200000, 0x00000000ff200000, 0x00000000ff2a0000)
 concurrent mark-sweep generation total 13696K, used 5240K [0x00000000ff2a0000, 0x0000000100000000, 0x0000000100000000)
 Metaspace       used 5070K, capacity 5248K, committed 5504K, reserved 1056768K
  class space    used 554K, capacity 592K, committed 640K, reserved 1048576K
}
2024-07-16T11:01:42.095+0800: 6.976: [GC (CMS Initial Mark) [1 CMS-initial-mark: 5240K(13696K)] 6273K(19840K), 0.0004288 secs] [Times: user=0.03 sys=0.00, real=0.00 secs] 
2024-07-16T11:01:42.096+0800: 6.977: [CMS-concurrent-mark-start]
2024-07-16T11:01:42.102+0800: 6.982: [CMS-concurrent-mark: 0.006/0.006 secs] [Times: user=0.00 sys=0.00, real=0.01 secs] 
2024-07-16T11:01:42.102+0800: 6.983: [CMS-concurrent-preclean-start]
2024-07-16T11:01:42.102+0800: 6.983: [CMS-concurrent-preclean: 0.000/0.000 secs] [Times: user=0.00 sys=0.00, real=0.00 secs] 
2024-07-16T11:01:42.102+0800: 6.983: [CMS-concurrent-abortable-preclean-start]
{Heap before GC invocations=847 (full 109):
 par new generation   total 6144K, used 5235K [0x00000000fec00000, 0x00000000ff2a0000, 0x00000000ff2a0000)
  eden space 5504K,  95% used [0x00000000fec00000, 0x00000000ff11b7a0, 0x00000000ff160000)
  from space 640K,   0% used [0x00000000ff160000, 0x00000000ff161830, 0x00000000ff200000)
  to   space 640K,   0% used [0x00000000ff200000, 0x00000000ff200000, 0x00000000ff2a0000)
 concurrent mark-sweep generation total 13696K, used 5240K [0x00000000ff2a0000, 0x0000000100000000, 0x0000000100000000)
 Metaspace       used 5070K, capacity 5248K, committed 5504K, reserved 1056768K
  class space    used 554K, capacity 592K, committed 640K, reserved 1048576K
2024-07-16T11:01:42.103+0800: 6.983: [GC (Allocation Failure) 2024-07-16T11:01:42.103+0800: 6.983: [ParNew: 5235K->4K(6144K), 0.0009082 secs] 10476K->5244K(19840K), 0.0010127 secs] [Times: user=0.00 sys=0.00, real=0.00 secs] 
Heap after GC invocations=848 (full 109):
 par new generation   total 6144K, used 4K [0x00000000fec00000, 0x00000000ff2a0000, 0x00000000ff2a0000)
  eden space 5504K,   0% used [0x00000000fec00000, 0x00000000fec00000, 0x00000000ff160000)
  from space 640K,   0% used [0x00000000ff200000, 0x00000000ff201020, 0x00000000ff2a0000)
  to   space 640K,   0% used [0x00000000ff160000, 0x00000000ff160000, 0x00000000ff200000)
 concurrent mark-sweep generation total 13696K, used 5240K [0x00000000ff2a0000, 0x0000000100000000, 0x0000000100000000)
 Metaspace       used 5070K, capacity 5248K, committed 5504K, reserved 1056768K
  class space    used 554K, capacity 592K, committed 640K, reserved 1048576K
}
{Heap before GC invocations=848 (full 109):
 par new generation   total 6144K, used 5233K [0x00000000fec00000, 0x00000000ff2a0000, 0x00000000ff2a0000)
  eden space 5504K,  95% used [0x00000000fec00000, 0x00000000ff11b7a0, 0x00000000ff160000)
  from space 640K,   0% used [0x00000000ff200000, 0x00000000ff201020, 0x00000000ff2a0000)
  to   space 640K,   0% used [0x00000000ff160000, 0x00000000ff160000, 0x00000000ff200000)
 concurrent mark-sweep generation total 13696K, used 5240K [0x00000000ff2a0000, 0x0000000100000000, 0x0000000100000000)
 Metaspace       used 5070K, capacity 5248K, committed 5504K, reserved 1056768K
  class space    used 554K, capacity 592K, committed 640K, reserved 1048576K
2024-07-16T11:01:42.112+0800: 6.992: [GC (Allocation Failure) 2024-07-16T11:01:42.112+0800: 6.992: [ParNew: 5233K->4K(6144K), 0.0011626 secs] 10474K->5244K(19840K), 0.0012482 secs] [Times: user=0.00 sys=0.00, real=0.00 secs] 
Heap after GC invocations=849 (full 109):
 par new generation   total 6144K, used 4K [0x00000000fec00000, 0x00000000ff2a0000, 0x00000000ff2a0000)
  eden space 5504K,   0% used [0x00000000fec00000, 0x00000000fec00000, 0x00000000ff160000)
  from space 640K,   0% used [0x00000000ff160000, 0x00000000ff161020, 0x00000000ff200000)
  to   space 640K,   0% used [0x00000000ff200000, 0x00000000ff200000, 0x00000000ff2a0000)
 concurrent mark-sweep generation total 13696K, used 5240K [0x00000000ff2a0000, 0x0000000100000000, 0x0000000100000000)
 Metaspace       used 5070K, capacity 5248K, committed 5504K, reserved 1056768K
  class space    used 554K, capacity 592K, committed 640K, reserved 1048576K
}
{Heap before GC invocations=849 (full 109):
 par new generation   total 6144K, used 5233K [0x00000000fec00000, 0x00000000ff2a0000, 0x00000000ff2a0000)
  eden space 5504K,  95% used [0x00000000fec00000, 0x00000000ff11b798, 0x00000000ff160000)
  from space 640K,   0% used [0x00000000ff160000, 0x00000000ff161020, 0x00000000ff200000)
  to   space 640K,   0% used [0x00000000ff200000, 0x00000000ff200000, 0x00000000ff2a0000)
 concurrent mark-sweep generation total 13696K, used 5240K [0x00000000ff2a0000, 0x0000000100000000, 0x0000000100000000)
 Metaspace       used 5070K, capacity 5248K, committed 5504K, reserved 1056768K
  class space    used 554K, capacity 592K, committed 640K, reserved 1048576K
2024-07-16T11:01:42.120+0800: 7.000: [GC (Allocation Failure) 2024-07-16T11:01:42.120+0800: 7.000: [ParNew: 5233K->8K(6144K), 0.0012741 secs] 10474K->6272K(19840K), 0.0013683 secs] [Times: user=0.00 sys=0.00, real=0.00 secs] 
Heap after GC invocations=850 (full 109):
 par new generation   total 6144K, used 8K [0x00000000fec00000, 0x00000000ff2a0000, 0x00000000ff2a0000)
  eden space 5504K,   0% used [0x00000000fec00000, 0x00000000fec00000, 0x00000000ff160000)
  from space 640K,   1% used [0x00000000ff200000, 0x00000000ff202040, 0x00000000ff2a0000)
  to   space 640K,   0% used [0x00000000ff160000, 0x00000000ff160000, 0x00000000ff200000)
 concurrent mark-sweep generation total 13696K, used 6264K [0x00000000ff2a0000, 0x0000000100000000, 0x0000000100000000)
 Metaspace       used 5070K, capacity 5248K, committed 5504K, reserved 1056768K
  class space    used 554K, capacity 592K, committed 640K, reserved 1048576K
}
{Heap before GC invocations=850 (full 109):
 par new generation   total 6144K, used 5237K [0x00000000fec00000, 0x00000000ff2a0000, 0x00000000ff2a0000)
  eden space 5504K,  95% used [0x00000000fec00000, 0x00000000ff11b798, 0x00000000ff160000)
  from space 640K,   1% used [0x00000000ff200000, 0x00000000ff202040, 0x00000000ff2a0000)
  to   space 640K,   0% used [0x00000000ff160000, 0x00000000ff160000, 0x00000000ff200000)
 concurrent mark-sweep generation total 13696K, used 6264K [0x00000000ff2a0000, 0x0000000100000000, 0x0000000100000000)
 Metaspace       used 5070K, capacity 5248K, committed 5504K, reserved 1056768K
  class space    used 554K, capacity 592K, committed 640K, reserved 1048576K
2024-07-16T11:01:42.127+0800: 7.007: [GC (Allocation Failure) 2024-07-16T11:01:42.127+0800: 7.007: [ParNew: 5237K->8K(6144K), 0.0013980 secs] 11502K->7299K(19840K), 0.0014816 secs] [Times: user=0.00 sys=0.00, real=0.00 secs] 
Heap after GC invocations=851 (full 109):
 par new generation   total 6144K, used 8K [0x00000000fec00000, 0x00000000ff2a0000, 0x00000000ff2a0000)
  eden space 5504K,   0% used [0x00000000fec00000, 0x00000000fec00000, 0x00000000ff160000)
  from space 640K,   1% used [0x00000000ff160000, 0x00000000ff162040, 0x00000000ff200000)
  to   space 640K,   0% used [0x00000000ff200000, 0x00000000ff200000, 0x00000000ff2a0000)
 concurrent mark-sweep generation total 13696K, used 7290K [0x00000000ff2a0000, 0x0000000100000000, 0x0000000100000000)
 Metaspace       used 5070K, capacity 5248K, committed 5504K, reserved 1056768K
  class space    used 554K, capacity 592K, committed 640K, reserved 1048576K
}
{Heap before GC invocations=851 (full 109):
 par new generation   total 6144K, used 5237K [0x00000000fec00000, 0x00000000ff2a0000, 0x00000000ff2a0000)
  eden space 5504K,  95% used [0x00000000fec00000, 0x00000000ff11b798, 0x00000000ff160000)
  from space 640K,   1% used [0x00000000ff160000, 0x00000000ff162040, 0x00000000ff200000)
  to   space 640K,   0% used [0x00000000ff200000, 0x00000000ff200000, 0x00000000ff2a0000)
 concurrent mark-sweep generation total 13696K, used 7290K [0x00000000ff2a0000, 0x0000000100000000, 0x0000000100000000)
 Metaspace       used 5070K, capacity 5248K, committed 5504K, reserved 1056768K
  class space    used 554K, capacity 592K, committed 640K, reserved 1048576K
2024-07-16T11:01:42.136+0800: 7.016: [GC (Allocation Failure) 2024-07-16T11:01:42.136+0800: 7.016: [ParNew: 5237K->4K(6144K), 0.0012222 secs] 12528K->7295K(19840K), 0.0013317 secs] [Times: user=0.00 sys=0.00, real=0.00 secs] 
Heap after GC invocations=852 (full 109):
 par new generation   total 6144K, used 4K [0x00000000fec00000, 0x00000000ff2a0000, 0x00000000ff2a0000)
  eden space 5504K,   0% used [0x00000000fec00000, 0x00000000fec00000, 0x00000000ff160000)
  from space 640K,   0% used [0x00000000ff200000, 0x00000000ff201020, 0x00000000ff2a0000)
  to   space 640K,   0% used [0x00000000ff160000, 0x00000000ff160000, 0x00000000ff200000)
 concurrent mark-sweep generation total 13696K, used 7290K [0x00000000ff2a0000, 0x0000000100000000, 0x0000000100000000)
 Metaspace       used 5070K, capacity 5248K, committed 5504K, reserved 1056768K
  class space    used 554K, capacity 592K, committed 640K, reserved 1048576K
}
{Heap before GC invocations=852 (full 109):
 par new generation   total 6144K, used 5233K [0x00000000fec00000, 0x00000000ff2a0000, 0x00000000ff2a0000)
  eden space 5504K,  95% used [0x00000000fec00000, 0x00000000ff11b798, 0x00000000ff160000)
  from space 640K,   0% used [0x00000000ff200000, 0x00000000ff201020, 0x00000000ff2a0000)
  to   space 640K,   0% used [0x00000000ff160000, 0x00000000ff160000, 0x00000000ff200000)
 concurrent mark-sweep generation total 13696K, used 7290K [0x00000000ff2a0000, 0x0000000100000000, 0x0000000100000000)
 Metaspace       used 5070K, capacity 5248K, committed 5504K, reserved 1056768K
  class space    used 554K, capacity 592K, committed 640K, reserved 1048576K
2024-07-16T11:01:42.143+0800: 7.023: [GC (Allocation Failure) 2024-07-16T11:01:42.143+0800: 7.023: [ParNew: 5233K->8K(6144K), 0.0014324 secs] 12524K->8325K(19840K), 0.0015404 secs] [Times: user=0.00 sys=0.00, real=0.00 secs] 
Heap after GC invocations=853 (full 109):
 par new generation   total 6144K, used 8K [0x00000000fec00000, 0x00000000ff2a0000, 0x00000000ff2a0000)
  eden space 5504K,   0% used [0x00000000fec00000, 0x00000000fec00000, 0x00000000ff160000)
  from space 640K,   1% used [0x00000000ff160000, 0x00000000ff162040, 0x00000000ff200000)
  to   space 640K,   0% used [0x00000000ff200000, 0x00000000ff200000, 0x00000000ff2a0000)
 concurrent mark-sweep generation total 13696K, used 8317K [0x00000000ff2a0000, 0x0000000100000000, 0x0000000100000000)
 Metaspace       used 5070K, capacity 5248K, committed 5504K, reserved 1056768K
  class space    used 554K, capacity 592K, committed 640K, reserved 1048576K
}
{Heap before GC invocations=853 (full 109):
 par new generation   total 6144K, used 5237K [0x00000000fec00000, 0x00000000ff2a0000, 0x00000000ff2a0000)
  eden space 5504K,  95% used [0x00000000fec00000, 0x00000000ff11b798, 0x00000000ff160000)
  from space 640K,   1% used [0x00000000ff160000, 0x00000000ff162040, 0x00000000ff200000)
  to   space 640K,   0% used [0x00000000ff200000, 0x00000000ff200000, 0x00000000ff2a0000)
 concurrent mark-sweep generation total 13696K, used 8317K [0x00000000ff2a0000, 0x0000000100000000, 0x0000000100000000)
 Metaspace       used 5070K, capacity 5248K, committed 5504K, reserved 1056768K
  class space    used 554K, capacity 592K, committed 640K, reserved 1048576K
2024-07-16T11:01:42.153+0800: 7.033: [GC (Allocation Failure) 2024-07-16T11:01:42.153+0800: 7.033: [ParNew: 5237K->4K(6144K), 0.0012230 secs] 13554K->8321K(19840K), 0.0013343 secs] [Times: user=0.00 sys=0.00, real=0.00 secs] 
Heap after GC invocations=854 (full 109):
 par new generation   total 6144K, used 4K [0x00000000fec00000, 0x00000000ff2a0000, 0x00000000ff2a0000)
  eden space 5504K,   0% used [0x00000000fec00000, 0x00000000fec00000, 0x00000000ff160000)
  from space 640K,   0% used [0x00000000ff200000, 0x00000000ff201020, 0x00000000ff2a0000)
  to   space 640K,   0% used [0x00000000ff160000, 0x00000000ff160000, 0x00000000ff200000)
 concurrent mark-sweep generation total 13696K, used 8317K [0x00000000ff2a0000, 0x0000000100000000, 0x0000000100000000)
 Metaspace       used 5070K, capacity 5248K, committed 5504K, reserved 1056768K
  class space    used 554K, capacity 592K, committed 640K, reserved 1048576K
}
{Heap before GC invocations=854 (full 109):
 par new generation   total 6144K, used 5233K [0x00000000fec00000, 0x00000000ff2a0000, 0x00000000ff2a0000)
  eden space 5504K,  95% used [0x00000000fec00000, 0x00000000ff11b798, 0x00000000ff160000)
  from space 640K,   0% used [0x00000000ff200000, 0x00000000ff201020, 0x00000000ff2a0000)
  to   space 640K,   0% used [0x00000000ff160000, 0x00000000ff160000, 0x00000000ff200000)
 concurrent mark-sweep generation total 13696K, used 8317K [0x00000000ff2a0000, 0x0000000100000000, 0x0000000100000000)
 Metaspace       used 5070K, capacity 5248K, committed 5504K, reserved 1056768K
  class space    used 554K, capacity 592K, committed 640K, reserved 1048576K
2024-07-16T11:01:42.163+0800: 7.043: [GC (Allocation Failure) 2024-07-16T11:01:42.163+0800: 7.043: [ParNew: 5233K->4K(6144K), 0.0010793 secs] 13550K->8321K(19840K), 0.0012014 secs] [Times: user=0.00 sys=0.00, real=0.00 secs] 
Heap after GC invocations=855 (full 109):
 par new generation   total 6144K, used 4K [0x00000000fec00000, 0x00000000ff2a0000, 0x00000000ff2a0000)
  eden space 5504K,   0% used [0x00000000fec00000, 0x00000000fec00000, 0x00000000ff160000)
  from space 640K,   0% used [0x00000000ff160000, 0x00000000ff161020, 0x00000000ff200000)
  to   space 640K,   0% used [0x00000000ff200000, 0x00000000ff200000, 0x00000000ff2a0000)
 concurrent mark-sweep generation total 13696K, used 8317K [0x00000000ff2a0000, 0x0000000100000000, 0x0000000100000000)
 Metaspace       used 5070K, capacity 5248K, committed 5504K, reserved 1056768K
  class space    used 554K, capacity 592K, committed 640K, reserved 1048576K
}
{Heap before GC invocations=855 (full 109):
 par new generation   total 6144K, used 5233K [0x00000000fec00000, 0x00000000ff2a0000, 0x00000000ff2a0000)
  eden space 5504K,  95% used [0x00000000fec00000, 0x00000000ff11b798, 0x00000000ff160000)
  from space 640K,   0% used [0x00000000ff160000, 0x00000000ff161020, 0x00000000ff200000)
  to   space 640K,   0% used [0x00000000ff200000, 0x00000000ff200000, 0x00000000ff2a0000)
 concurrent mark-sweep generation total 13696K, used 8317K [0x00000000ff2a0000, 0x0000000100000000, 0x0000000100000000)
 Metaspace       used 5070K, capacity 5248K, committed 5504K, reserved 1056768K
  class space    used 554K, capacity 592K, committed 640K, reserved 1048576K
2024-07-16T11:01:42.173+0800: 7.053: [GC (Allocation Failure) 2024-07-16T11:01:42.173+0800: 7.053: [ParNew: 5233K->2K(6144K), 0.0012433 secs] 13550K->8319K(19840K), 0.0013656 secs] [Times: user=0.16 sys=0.00, real=0.00 secs] 
Heap after GC invocations=856 (full 109):
 par new generation   total 6144K, used 2K [0x00000000fec00000, 0x00000000ff2a0000, 0x00000000ff2a0000)
  eden space 5504K,   0% used [0x00000000fec00000, 0x00000000fec00000, 0x00000000ff160000)
  from space 640K,   0% used [0x00000000ff200000, 0x00000000ff200810, 0x00000000ff2a0000)
  to   space 640K,   0% used [0x00000000ff160000, 0x00000000ff160000, 0x00000000ff200000)
 concurrent mark-sweep generation total 13696K, used 8317K [0x00000000ff2a0000, 0x0000000100000000, 0x0000000100000000)
 Metaspace       used 5070K, capacity 5248K, committed 5504K, reserved 1056768K
  class space    used 554K, capacity 592K, committed 640K, reserved 1048576K
}
{Heap before GC invocations=856 (full 109):
 par new generation   total 6144K, used 5231K [0x00000000fec00000, 0x00000000ff2a0000, 0x00000000ff2a0000)
  eden space 5504K,  95% used [0x00000000fec00000, 0x00000000ff11b798, 0x00000000ff160000)
  from space 640K,   0% used [0x00000000ff200000, 0x00000000ff200810, 0x00000000ff2a0000)
  to   space 640K,   0% used [0x00000000ff160000, 0x00000000ff160000, 0x00000000ff200000)
 concurrent mark-sweep generation total 13696K, used 8317K [0x00000000ff2a0000, 0x0000000100000000, 0x0000000100000000)
 Metaspace       used 5070K, capacity 5248K, committed 5504K, reserved 1056768K
  class space    used 554K, capacity 592K, committed 640K, reserved 1048576K
2024-07-16T11:01:42.180+0800: 7.060: [GC (Allocation Failure) 2024-07-16T11:01:42.180+0800: 7.060: [ParNew: 5231K->6K(6144K), 0.0014702 secs] 13548K->9349K(19840K), 0.0015784 secs] [Times: user=0.00 sys=0.00, real=0.00 secs] 
Heap after GC invocations=857 (full 109):
 par new generation   total 6144K, used 6K [0x00000000fec00000, 0x00000000ff2a0000, 0x00000000ff2a0000)
  eden space 5504K,   0% used [0x00000000fec00000, 0x00000000fec00000, 0x00000000ff160000)
  from space 640K,   0% used [0x00000000ff160000, 0x00000000ff161830, 0x00000000ff200000)
  to   space 640K,   0% used [0x00000000ff200000, 0x00000000ff200000, 0x00000000ff2a0000)
 concurrent mark-sweep generation total 13696K, used 9343K [0x00000000ff2a0000, 0x0000000100000000, 0x0000000100000000)
 Metaspace       used 5070K, capacity 5248K, committed 5504K, reserved 1056768K
  class space    used 554K, capacity 592K, committed 640K, reserved 1048576K
}
{Heap before GC invocations=857 (full 109):
 par new generation   total 6144K, used 5235K [0x00000000fec00000, 0x00000000ff2a0000, 0x00000000ff2a0000)
  eden space 5504K,  95% used [0x00000000fec00000, 0x00000000ff11b798, 0x00000000ff160000)
  from space 640K,   0% used [0x00000000ff160000, 0x00000000ff161830, 0x00000000ff200000)
  to   space 640K,   0% used [0x00000000ff200000, 0x00000000ff200000, 0x00000000ff2a0000)
 concurrent mark-sweep generation total 13696K, used 9343K [0x00000000ff2a0000, 0x0000000100000000, 0x0000000100000000)
 Metaspace       used 5070K, capacity 5248K, committed 5504K, reserved 1056768K
  class space    used 554K, capacity 592K, committed 640K, reserved 1048576K
2024-07-16T11:01:42.188+0800: 7.068: [GC (Allocation Failure) 2024-07-16T11:01:42.188+0800: 7.069: [ParNew: 5235K->6K(6144K), 0.0014643 secs] 14579K->10373K(19840K), 0.0016242 secs] [Times: user=0.00 sys=0.00, real=0.00 secs] 
Heap after GC invocations=858 (full 109):
 par new generation   total 6144K, used 6K [0x00000000fec00000, 0x00000000ff2a0000, 0x00000000ff2a0000)
  eden space 5504K,   0% used [0x00000000fec00000, 0x00000000fec00000, 0x00000000ff160000)
  from space 640K,   0% used [0x00000000ff200000, 0x00000000ff201830, 0x00000000ff2a0000)
  to   space 640K,   0% used [0x00000000ff160000, 0x00000000ff160000, 0x00000000ff200000)
 concurrent mark-sweep generation total 13696K, used 10367K [0x00000000ff2a0000, 0x0000000100000000, 0x0000000100000000)
 Metaspace       used 5070K, capacity 5248K, committed 5504K, reserved 1056768K
  class space    used 554K, capacity 592K, committed 640K, reserved 1048576K
}
{Heap before GC invocations=858 (full 109):
 par new generation   total 6144K, used 5235K [0x00000000fec00000, 0x00000000ff2a0000, 0x00000000ff2a0000)
  eden space 5504K,  95% used [0x00000000fec00000, 0x00000000ff11b798, 0x00000000ff160000)
  from space 640K,   0% used [0x00000000ff200000, 0x00000000ff201830, 0x00000000ff2a0000)
  to   space 640K,   0% used [0x00000000ff160000, 0x00000000ff160000, 0x00000000ff200000)
 concurrent mark-sweep generation total 13696K, used 10367K [0x00000000ff2a0000, 0x0000000100000000, 0x0000000100000000)
 Metaspace       used 5070K, capacity 5248K, committed 5504K, reserved 1056768K
  class space    used 554K, capacity 592K, committed 640K, reserved 1048576K
2024-07-16T11:01:42.199+0800: 7.079: [GC (Allocation Failure) 2024-07-16T11:01:42.199+0800: 7.079: [ParNew: 5235K->4K(6144K), 0.0003711 secs] 15603K->10371K(19840K), 0.0004096 secs] [Times: user=0.00 sys=0.00, real=0.00 secs] 
Heap after GC invocations=859 (full 109):
 par new generation   total 6144K, used 4K [0x00000000fec00000, 0x00000000ff2a0000, 0x00000000ff2a0000)
  eden space 5504K,   0% used [0x00000000fec00000, 0x00000000fec00000, 0x00000000ff160000)
  from space 640K,   0% used [0x00000000ff160000, 0x00000000ff161020, 0x00000000ff200000)
  to   space 640K,   0% used [0x00000000ff200000, 0x00000000ff200000, 0x00000000ff2a0000)
 concurrent mark-sweep generation total 13696K, used 10367K [0x00000000ff2a0000, 0x0000000100000000, 0x0000000100000000)
 Metaspace       used 5070K, capacity 5248K, committed 5504K, reserved 1056768K
  class space    used 554K, capacity 592K, committed 640K, reserved 1048576K
}
{Heap before GC invocations=859 (full 109):
 par new generation   total 6144K, used 5233K [0x00000000fec00000, 0x00000000ff2a0000, 0x00000000ff2a0000)
  eden space 5504K,  95% used [0x00000000fec00000, 0x00000000ff11b798, 0x00000000ff160000)
  from space 640K,   0% used [0x00000000ff160000, 0x00000000ff161020, 0x00000000ff200000)
  to   space 640K,   0% used [0x00000000ff200000, 0x00000000ff200000, 0x00000000ff2a0000)
 concurrent mark-sweep generation total 13696K, used 10367K [0x00000000ff2a0000, 0x0000000100000000, 0x0000000100000000)
 Metaspace       used 5070K, capacity 5248K, committed 5504K, reserved 1056768K
  class space    used 554K, capacity 592K, committed 640K, reserved 1048576K
2024-07-16T11:01:42.206+0800: 7.086: [GC (Allocation Failure) 2024-07-16T11:01:42.206+0800: 7.086: [ParNew: 5233K->4K(6144K), 0.0009082 secs] 15601K->10371K(19840K), 0.0009773 secs] [Times: user=0.00 sys=0.00, real=0.00 secs] 
Heap after GC invocations=860 (full 109):
 par new generation   total 6144K, used 4K [0x00000000fec00000, 0x00000000ff2a0000, 0x00000000ff2a0000)
  eden space 5504K,   0% used [0x00000000fec00000, 0x00000000fec00000, 0x00000000ff160000)
  from space 640K,   0% used [0x00000000ff200000, 0x00000000ff201020, 0x00000000ff2a0000)
  to   space 640K,   0% used [0x00000000ff160000, 0x00000000ff160000, 0x00000000ff200000)
 concurrent mark-sweep generation total 13696K, used 10367K [0x00000000ff2a0000, 0x0000000100000000, 0x0000000100000000)
 Metaspace       used 5070K, capacity 5248K, committed 5504K, reserved 1056768K
  class space    used 554K, capacity 592K, committed 640K, reserved 1048576K
}
{Heap before GC invocations=860 (full 109):
 par new generation   total 6144K, used 5233K [0x00000000fec00000, 0x00000000ff2a0000, 0x00000000ff2a0000)
  eden space 5504K,  95% used [0x00000000fec00000, 0x00000000ff11b798, 0x00000000ff160000)
  from space 640K,   0% used [0x00000000ff200000, 0x00000000ff201020, 0x00000000ff2a0000)
  to   space 640K,   0% used [0x00000000ff160000, 0x00000000ff160000, 0x00000000ff200000)
 concurrent mark-sweep generation total 13696K, used 10367K [0x00000000ff2a0000, 0x0000000100000000, 0x0000000100000000)
 Metaspace       used 5070K, capacity 5248K, committed 5504K, reserved 1056768K
  class space    used 554K, capacity 592K, committed 640K, reserved 1048576K
2024-07-16T11:01:42.214+0800: 7.094: [GC (Allocation Failure) 2024-07-16T11:01:42.214+0800: 7.094: [ParNew: 5233K->8K(6144K), 0.0011354 secs] 15601K->11401K(19840K), 0.0012417 secs] [Times: user=0.00 sys=0.00, real=0.00 secs] 
Heap after GC invocations=861 (full 109):
 par new generation   total 6144K, used 8K [0x00000000fec00000, 0x00000000ff2a0000, 0x00000000ff2a0000)
  eden space 5504K,   0% used [0x00000000fec00000, 0x00000000fec00000, 0x00000000ff160000)
  from space 640K,   1% used [0x00000000ff160000, 0x00000000ff162040, 0x00000000ff200000)
  to   space 640K,   0% used [0x00000000ff200000, 0x00000000ff200000, 0x00000000ff2a0000)
 concurrent mark-sweep generation total 13696K, used 11393K [0x00000000ff2a0000, 0x0000000100000000, 0x0000000100000000)
 Metaspace       used 5070K, capacity 5248K, committed 5504K, reserved 1056768K
  class space    used 554K, capacity 592K, committed 640K, reserved 1048576K
}
{Heap before GC invocations=861 (full 109):
 par new generation   total 6144K, used 5237K [0x00000000fec00000, 0x00000000ff2a0000, 0x00000000ff2a0000)
  eden space 5504K,  95% used [0x00000000fec00000, 0x00000000ff11b798, 0x00000000ff160000)
  from space 640K,   1% used [0x00000000ff160000, 0x00000000ff162040, 0x00000000ff200000)
  to   space 640K,   0% used [0x00000000ff200000, 0x00000000ff200000, 0x00000000ff2a0000)
 concurrent mark-sweep generation total 13696K, used 11393K [0x00000000ff2a0000, 0x0000000100000000, 0x0000000100000000)
 Metaspace       used 5070K, capacity 5248K, committed 5504K, reserved 1056768K
  class space    used 554K, capacity 592K, committed 640K, reserved 1048576K
2024-07-16T11:01:42.222+0800: 7.102: [GC (Allocation Failure) 2024-07-16T11:01:42.222+0800: 7.102: [ParNew: 5237K->4K(6144K), 0.0012851 secs] 16631K->11397K(19840K), 0.0013813 secs] [Times: user=0.00 sys=0.00, real=0.00 secs] 
Heap after GC invocations=862 (full 109):
 par new generation   total 6144K, used 4K [0x00000000fec00000, 0x00000000ff2a0000, 0x00000000ff2a0000)
  eden space 5504K,   0% used [0x00000000fec00000, 0x00000000fec00000, 0x00000000ff160000)
  from space 640K,   0% used [0x00000000ff200000, 0x00000000ff201020, 0x00000000ff2a0000)
  to   space 640K,   0% used [0x00000000ff160000, 0x00000000ff160000, 0x00000000ff200000)
 concurrent mark-sweep generation total 13696K, used 11393K [0x00000000ff2a0000, 0x0000000100000000, 0x0000000100000000)
 Metaspace       used 5070K, capacity 5248K, committed 5504K, reserved 1056768K
  class space    used 554K, capacity 592K, committed 640K, reserved 1048576K
}
{Heap before GC invocations=862 (full 109):
 par new generation   total 6144K, used 5233K [0x00000000fec00000, 0x00000000ff2a0000, 0x00000000ff2a0000)
  eden space 5504K,  95% used [0x00000000fec00000, 0x00000000ff11b798, 0x00000000ff160000)
  from space 640K,   0% used [0x00000000ff200000, 0x00000000ff201020, 0x00000000ff2a0000)
  to   space 640K,   0% used [0x00000000ff160000, 0x00000000ff160000, 0x00000000ff200000)
 concurrent mark-sweep generation total 13696K, used 11393K [0x00000000ff2a0000, 0x0000000100000000, 0x0000000100000000)
 Metaspace       used 5070K, capacity 5248K, committed 5504K, reserved 1056768K
  class space    used 554K, capacity 592K, committed 640K, reserved 1048576K
2024-07-16T11:01:42.230+0800: 7.110: [GC (Allocation Failure) 2024-07-16T11:01:42.230+0800: 7.110: [ParNew: 5233K->8K(6144K), 0.0014296 secs] 16627K->12425K(19840K), 0.0015308 secs] [Times: user=0.00 sys=0.00, real=0.00 secs] 
Heap after GC invocations=863 (full 109):
 par new generation   total 6144K, used 8K [0x00000000fec00000, 0x00000000ff2a0000, 0x00000000ff2a0000)
  eden space 5504K,   0% used [0x00000000fec00000, 0x00000000fec00000, 0x00000000ff160000)
  from space 640K,   1% used [0x00000000ff160000, 0x00000000ff162040, 0x00000000ff200000)
  to   space 640K,   0% used [0x00000000ff200000, 0x00000000ff200000, 0x00000000ff2a0000)
 concurrent mark-sweep generation total 13696K, used 12417K [0x00000000ff2a0000, 0x0000000100000000, 0x0000000100000000)
 Metaspace       used 5070K, capacity 5248K, committed 5504K, reserved 1056768K
  class space    used 554K, capacity 592K, committed 640K, reserved 1048576K
}
{Heap before GC invocations=863 (full 109):
 par new generation   total 6144K, used 5237K [0x00000000fec00000, 0x00000000ff2a0000, 0x00000000ff2a0000)
  eden space 5504K,  95% used [0x00000000fec00000, 0x00000000ff11b798, 0x00000000ff160000)
  from space 640K,   1% used [0x00000000ff160000, 0x00000000ff162040, 0x00000000ff200000)
  to   space 640K,   0% used [0x00000000ff200000, 0x00000000ff200000, 0x00000000ff2a0000)
 concurrent mark-sweep generation total 13696K, used 12417K [0x00000000ff2a0000, 0x0000000100000000, 0x0000000100000000)
 Metaspace       used 5070K, capacity 5248K, committed 5504K, reserved 1056768K
  class space    used 554K, capacity 592K, committed 640K, reserved 1048576K
2024-07-16T11:01:42.238+0800: 7.118: [GC (Allocation Failure) 2024-07-16T11:01:42.238+0800: 7.118: [ParNew: 5237K->5237K(6144K), 0.0000336 secs]2024-07-16T11:01:42.238+0800: 7.118: [CMS2024-07-16T11:01:42.238+0800: 7.119: [CMS-concurrent-abortable-preclean: 0.002/0.136 secs] [Times: user=0.17 sys=0.01, real=0.14 secs] 
 (concurrent mode failure): 12417K->2164K(13696K), 0.0068374 secs] 17655K->2164K(19840K), [Metaspace: 5070K->5070K(1056768K)], 0.0069743 secs] [Times: user=0.00 sys=0.00, real=0.01 secs] 
Heap after GC invocations=864 (full 110):
 par new generation   total 6144K, used 0K [0x00000000fec00000, 0x00000000ff2a0000, 0x00000000ff2a0000)
  eden space 5504K,   0% used [0x00000000fec00000, 0x00000000fec00000, 0x00000000ff160000)
  from space 640K,   0% used [0x00000000ff160000, 0x00000000ff160000, 0x00000000ff200000)
  to   space 640K,   0% used [0x00000000ff200000, 0x00000000ff200000, 0x00000000ff2a0000)
 concurrent mark-sweep generation total 13696K, used 2164K [0x00000000ff2a0000, 0x0000000100000000, 0x0000000100000000)
 Metaspace       used 5070K, capacity 5248K, committed 5504K, reserved 1056768K
  class space    used 554K, capacity 592K, committed 640K, reserved 1048576K
}
{Heap before GC invocations=864 (full 110):
 par new generation   total 6144K, used 5229K [0x00000000fec00000, 0x00000000ff2a0000, 0x00000000ff2a0000)
  eden space 5504K,  95% used [0x00000000fec00000, 0x00000000ff11b798, 0x00000000ff160000)
  from space 640K,   0% used [0x00000000ff160000, 0x00000000ff160000, 0x00000000ff200000)
  to   space 640K,   0% used [0x00000000ff200000, 0x00000000ff200000, 0x00000000ff2a0000)
 concurrent mark-sweep generation total 13696K, used 2164K [0x00000000ff2a0000, 0x0000000100000000, 0x0000000100000000)
 Metaspace       used 5070K, capacity 5248K, committed 5504K, reserved 1056768K
  class space    used 554K, capacity 592K, committed 640K, reserved 1048576K
2024-07-16T11:01:42.252+0800: 7.132: [GC (Allocation Failure) 2024-07-16T11:01:42.252+0800: 7.132: [ParNew: 5229K->8K(6144K), 0.0015871 secs] 7394K->3198K(19840K), 0.0016795 secs] [Times: user=0.00 sys=0.00, real=0.00 secs] 
Heap after GC invocations=865 (full 110):
 par new generation   total 6144K, used 8K [0x00000000fec00000, 0x00000000ff2a0000, 0x00000000ff2a0000)
  eden space 5504K,   0% used [0x00000000fec00000, 0x00000000fec00000, 0x00000000ff160000)
  from space 640K,   1% used [0x00000000ff200000, 0x00000000ff202040, 0x00000000ff2a0000)
  to   space 640K,   0% used [0x00000000ff160000, 0x00000000ff160000, 0x00000000ff200000)
 concurrent mark-sweep generation total 13696K, used 3190K [0x00000000ff2a0000, 0x0000000100000000, 0x0000000100000000)
 Metaspace       used 5070K, capacity 5248K, committed 5504K, reserved 1056768K
  class space    used 554K, capacity 592K, committed 640K, reserved 1048576K
}
{Heap before GC invocations=865 (full 110):
 par new generation   total 6144K, used 5237K [0x00000000fec00000, 0x00000000ff2a0000, 0x00000000ff2a0000)
  eden space 5504K,  95% used [0x00000000fec00000, 0x00000000ff11b798, 0x00000000ff160000)
  from space 640K,   1% used [0x00000000ff200000, 0x00000000ff202040, 0x00000000ff2a0000)
  to   space 640K,   0% used [0x00000000ff160000, 0x00000000ff160000, 0x00000000ff200000)
 concurrent mark-sweep generation total 13696K, used 3190K [0x00000000ff2a0000, 0x0000000100000000, 0x0000000100000000)
 Metaspace       used 5070K, capacity 5248K, committed 5504K, reserved 1056768K
  class space    used 554K, capacity 592K, committed 640K, reserved 1048576K
2024-07-16T11:01:42.262+0800: 7.142: [GC (Allocation Failure) 2024-07-16T11:01:42.262+0800: 7.142: [ParNew: 5237K->4K(6144K), 0.0012449 secs] 8428K->3194K(19840K), 0.0013545 secs] [Times: user=0.00 sys=0.00, real=0.00 secs] 
Heap after GC invocations=866 (full 110):
 par new generation   total 6144K, used 4K [0x00000000fec00000, 0x00000000ff2a0000, 0x00000000ff2a0000)
  eden space 5504K,   0% used [0x00000000fec00000, 0x00000000fec00000, 0x00000000ff160000)
  from space 640K,   0% used [0x00000000ff160000, 0x00000000ff161020, 0x00000000ff200000)
  to   space 640K,   0% used [0x00000000ff200000, 0x00000000ff200000, 0x00000000ff2a0000)
 concurrent mark-sweep generation total 13696K, used 3190K [0x00000000ff2a0000, 0x0000000100000000, 0x0000000100000000)
 Metaspace       used 5070K, capacity 5248K, committed 5504K, reserved 1056768K
  class space    used 554K, capacity 592K, committed 640K, reserved 1048576K
}
{Heap before GC invocations=866 (full 110):
 par new generation   total 6144K, used 5233K [0x00000000fec00000, 0x00000000ff2a0000, 0x00000000ff2a0000)
  eden space 5504K,  95% used [0x00000000fec00000, 0x00000000ff11b798, 0x00000000ff160000)
  from space 640K,   0% used [0x00000000ff160000, 0x00000000ff161020, 0x00000000ff200000)
  to   space 640K,   0% used [0x00000000ff200000, 0x00000000ff200000, 0x00000000ff2a0000)
 concurrent mark-sweep generation total 13696K, used 3190K [0x00000000ff2a0000, 0x0000000100000000, 0x0000000100000000)
 Metaspace       used 5070K, capacity 5248K, committed 5504K, reserved 1056768K
  class space    used 554K, capacity 592K, committed 640K, reserved 1048576K
2024-07-16T11:01:42.271+0800: 7.151: [GC (Allocation Failure) 2024-07-16T11:01:42.271+0800: 7.151: [ParNew: 5233K->4K(6144K), 0.0011297 secs] 8424K->3194K(19840K), 0.0012562 secs] [Times: user=0.00 sys=0.00, real=0.00 secs] 
Heap after GC invocations=867 (full 110):
 par new generation   total 6144K, used 4K [0x00000000fec00000, 0x00000000ff2a0000, 0x00000000ff2a0000)
  eden space 5504K,   0% used [0x00000000fec00000, 0x00000000fec00000, 0x00000000ff160000)
  from space 640K,   0% used [0x00000000ff200000, 0x00000000ff201020, 0x00000000ff2a0000)
  to   space 640K,   0% used [0x00000000ff160000, 0x00000000ff160000, 0x00000000ff200000)
 concurrent mark-sweep generation total 13696K, used 3190K [0x00000000ff2a0000, 0x0000000100000000, 0x0000000100000000)
 Metaspace       used 5070K, capacity 5248K, committed 5504K, reserved 1056768K
  class space    used 554K, capacity 592K, committed 640K, reserved 1048576K
}
{Heap before GC invocations=867 (full 110):
 par new generation   total 6144K, used 5233K [0x00000000fec00000, 0x00000000ff2a0000, 0x00000000ff2a0000)
  eden space 5504K,  95% used [0x00000000fec00000, 0x00000000ff11b798, 0x00000000ff160000)
  from space 640K,   0% used [0x00000000ff200000, 0x00000000ff201020, 0x00000000ff2a0000)
  to   space 640K,   0% used [0x00000000ff160000, 0x00000000ff160000, 0x00000000ff200000)
 concurrent mark-sweep generation total 13696K, used 3190K [0x00000000ff2a0000, 0x0000000100000000, 0x0000000100000000)
 Metaspace       used 5070K, capacity 5248K, committed 5504K, reserved 1056768K
  class space    used 554K, capacity 592K, committed 640K, reserved 1048576K
2024-07-16T11:01:42.279+0800: 7.159: [GC (Allocation Failure) 2024-07-16T11:01:42.279+0800: 7.159: [ParNew: 5233K->8K(6144K), 0.0013272 secs] 8424K->4224K(19840K), 0.0014455 secs] [Times: user=0.00 sys=0.00, real=0.00 secs] 
Heap after GC invocations=868 (full 110):
 par new generation   total 6144K, used 8K [0x00000000fec00000, 0x00000000ff2a0000, 0x00000000ff2a0000)
  eden space 5504K,   0% used [0x00000000fec00000, 0x00000000fec00000, 0x00000000ff160000)
  from space 640K,   1% used [0x00000000ff160000, 0x00000000ff162040, 0x00000000ff200000)
  to   space 640K,   0% used [0x00000000ff200000, 0x00000000ff200000, 0x00000000ff2a0000)
 concurrent mark-sweep generation total 13696K, used 4216K [0x00000000ff2a0000, 0x0000000100000000, 0x0000000100000000)
 Metaspace       used 5070K, capacity 5248K, committed 5504K, reserved 1056768K
  class space    used 554K, capacity 592K, committed 640K, reserved 1048576K
}
{Heap before GC invocations=868 (full 110):
 par new generation   total 6144K, used 5237K [0x00000000fec00000, 0x00000000ff2a0000, 0x00000000ff2a0000)
  eden space 5504K,  95% used [0x00000000fec00000, 0x00000000ff11b798, 0x00000000ff160000)
  from space 640K,   1% used [0x00000000ff160000, 0x00000000ff162040, 0x00000000ff200000)
  to   space 640K,   0% used [0x00000000ff200000, 0x00000000ff200000, 0x00000000ff2a0000)
 concurrent mark-sweep generation total 13696K, used 4216K [0x00000000ff2a0000, 0x0000000100000000, 0x0000000100000000)
 Metaspace       used 5070K, capacity 5248K, committed 5504K, reserved 1056768K
  class space    used 554K, capacity 592K, committed 640K, reserved 1048576K
2024-07-16T11:01:42.288+0800: 7.168: [GC (Allocation Failure) 2024-07-16T11:01:42.288+0800: 7.168: [ParNew: 5237K->4K(6144K), 0.0007332 secs] 9454K->4220K(19840K), 0.0008062 secs] [Times: user=0.00 sys=0.00, real=0.00 secs] 
Heap after GC invocations=869 (full 110):
 par new generation   total 6144K, used 4K [0x00000000fec00000, 0x00000000ff2a0000, 0x00000000ff2a0000)
  eden space 5504K,   0% used [0x00000000fec00000, 0x00000000fec00000, 0x00000000ff160000)
  from space 640K,   0% used [0x00000000ff200000, 0x00000000ff201020, 0x00000000ff2a0000)
  to   space 640K,   0% used [0x00000000ff160000, 0x00000000ff160000, 0x00000000ff200000)
 concurrent mark-sweep generation total 13696K, used 4216K [0x00000000ff2a0000, 0x0000000100000000, 0x0000000100000000)
 Metaspace       used 5070K, capacity 5248K, committed 5504K, reserved 1056768K
  class space    used 554K, capacity 592K, committed 640K, reserved 1048576K
}
{Heap before GC invocations=869 (full 110):
 par new generation   total 6144K, used 5233K [0x00000000fec00000, 0x00000000ff2a0000, 0x00000000ff2a0000)
  eden space 5504K,  95% used [0x00000000fec00000, 0x00000000ff11b798, 0x00000000ff160000)
  from space 640K,   0% used [0x00000000ff200000, 0x00000000ff201020, 0x00000000ff2a0000)
  to   space 640K,   0% used [0x00000000ff160000, 0x00000000ff160000, 0x00000000ff200000)
 concurrent mark-sweep generation total 13696K, used 4216K [0x00000000ff2a0000, 0x0000000100000000, 0x0000000100000000)
 Metaspace       used 5070K, capacity 5248K, committed 5504K, reserved 1056768K
  class space    used 554K, capacity 592K, committed 640K, reserved 1048576K
2024-07-16T11:01:42.298+0800: 7.178: [GC (Allocation Failure) 2024-07-16T11:01:42.298+0800: 7.178: [ParNew: 5233K->4K(6144K), 0.0003457 secs] 9450K->4220K(19840K), 0.0003784 secs] [Times: user=0.00 sys=0.00, real=0.00 secs] 
Heap after GC invocations=870 (full 110):
 par new generation   total 6144K, used 4K [0x00000000fec00000, 0x00000000ff2a0000, 0x00000000ff2a0000)
  eden space 5504K,   0% used [0x00000000fec00000, 0x00000000fec00000, 0x00000000ff160000)
  from space 640K,   0% used [0x00000000ff160000, 0x00000000ff161020, 0x00000000ff200000)
  to   space 640K,   0% used [0x00000000ff200000, 0x00000000ff200000, 0x00000000ff2a0000)
 concurrent mark-sweep generation total 13696K, used 4216K [0x00000000ff2a0000, 0x0000000100000000, 0x0000000100000000)
 Metaspace       used 5070K, capacity 5248K, committed 5504K, reserved 1056768K
  class space    used 554K, capacity 592K, committed 640K, reserved 1048576K
}
{Heap before GC invocations=870 (full 110):
 par new generation   total 6144K, used 5233K [0x00000000fec00000, 0x00000000ff2a0000, 0x00000000ff2a0000)
  eden space 5504K,  95% used [0x00000000fec00000, 0x00000000ff11b798, 0x00000000ff160000)
  from space 640K,   0% used [0x00000000ff160000, 0x00000000ff161020, 0x00000000ff200000)
  to   space 640K,   0% used [0x00000000ff200000, 0x00000000ff200000, 0x00000000ff2a0000)
 concurrent mark-sweep generation total 13696K, used 4216K [0x00000000ff2a0000, 0x0000000100000000, 0x0000000100000000)
 Metaspace       used 5070K, capacity 5248K, committed 5504K, reserved 1056768K
  class space    used 554K, capacity 592K, committed 640K, reserved 1048576K
2024-07-16T11:01:42.305+0800: 7.185: [GC (Allocation Failure) 2024-07-16T11:01:42.305+0800: 7.185: [ParNew: 5233K->4K(6144K), 0.0002412 secs] 9450K->4220K(19840K), 0.0002617 secs] [Times: user=0.00 sys=0.00, real=0.00 secs] 
Heap after GC invocations=871 (full 110):
 par new generation   total 6144K, used 4K [0x00000000fec00000, 0x00000000ff2a0000, 0x00000000ff2a0000)
  eden space 5504K,   0% used [0x00000000fec00000, 0x00000000fec00000, 0x00000000ff160000)
  from space 640K,   0% used [0x00000000ff200000, 0x00000000ff201020, 0x00000000ff2a0000)
  to   space 640K,   0% used [0x00000000ff160000, 0x00000000ff160000, 0x00000000ff200000)
 concurrent mark-sweep generation total 13696K, used 4216K [0x00000000ff2a0000, 0x0000000100000000, 0x0000000100000000)
 Metaspace       used 5070K, capacity 5248K, committed 5504K, reserved 1056768K
  class space    used 554K, capacity 592K, committed 640K, reserved 1048576K
}
{Heap before GC invocations=871 (full 110):
 par new generation   total 6144K, used 5233K [0x00000000fec00000, 0x00000000ff2a0000, 0x00000000ff2a0000)
  eden space 5504K,  95% used [0x00000000fec00000, 0x00000000ff11b798, 0x00000000ff160000)
  from space 640K,   0% used [0x00000000ff200000, 0x00000000ff201020, 0x00000000ff2a0000)
  to   space 640K,   0% used [0x00000000ff160000, 0x00000000ff160000, 0x00000000ff200000)
 concurrent mark-sweep generation total 13696K, used 4216K [0x00000000ff2a0000, 0x0000000100000000, 0x0000000100000000)
 Metaspace       used 5070K, capacity 5248K, committed 5504K, reserved 1056768K
  class space    used 554K, capacity 592K, committed 640K, reserved 1048576K
2024-07-16T11:01:42.311+0800: 7.191: [GC (Allocation Failure) 2024-07-16T11:01:42.311+0800: 7.191: [ParNew: 5233K->8K(6144K), 0.0007034 secs] 9450K->5248K(19840K), 0.0007547 secs] [Times: user=0.00 sys=0.00, real=0.00 secs] 
Heap after GC invocations=872 (full 110):
 par new generation   total 6144K, used 8K [0x00000000fec00000, 0x00000000ff2a0000, 0x00000000ff2a0000)
  eden space 5504K,   0% used [0x00000000fec00000, 0x00000000fec00000, 0x00000000ff160000)
  from space 640K,   1% used [0x00000000ff160000, 0x00000000ff162040, 0x00000000ff200000)
  to   space 640K,   0% used [0x00000000ff200000, 0x00000000ff200000, 0x00000000ff2a0000)
 concurrent mark-sweep generation total 13696K, used 5240K [0x00000000ff2a0000, 0x0000000100000000, 0x0000000100000000)
 Metaspace       used 5070K, capacity 5248K, committed 5504K, reserved 1056768K
  class space    used 554K, capacity 592K, committed 640K, reserved 1048576K
}
{Heap before GC invocations=872 (full 110):
 par new generation   total 6144K, used 5237K [0x00000000fec00000, 0x00000000ff2a0000, 0x00000000ff2a0000)
  eden space 5504K,  95% used [0x00000000fec00000, 0x00000000ff11b798, 0x00000000ff160000)
  from space 640K,   1% used [0x00000000ff160000, 0x00000000ff162040, 0x00000000ff200000)
  to   space 640K,   0% used [0x00000000ff200000, 0x00000000ff200000, 0x00000000ff2a0000)
 concurrent mark-sweep generation total 13696K, used 5240K [0x00000000ff2a0000, 0x0000000100000000, 0x0000000100000000)
 Metaspace       used 5070K, capacity 5248K, committed 5504K, reserved 1056768K
  class space    used 554K, capacity 592K, committed 640K, reserved 1048576K
2024-07-16T11:01:42.318+0800: 7.198: [GC (Allocation Failure) 2024-07-16T11:01:42.318+0800: 7.198: [ParNew: 5237K->4K(6144K), 0.0012096 secs] 10478K->5244K(19840K), 0.0012913 secs] [Times: user=0.00 sys=0.00, real=0.00 secs] 
Heap after GC invocations=873 (full 110):
 par new generation   total 6144K, used 4K [0x00000000fec00000, 0x00000000ff2a0000, 0x00000000ff2a0000)
  eden space 5504K,   0% used [0x00000000fec00000, 0x00000000fec00000, 0x00000000ff160000)
  from space 640K,   0% used [0x00000000ff200000, 0x00000000ff201020, 0x00000000ff2a0000)
  to   space 640K,   0% used [0x00000000ff160000, 0x00000000ff160000, 0x00000000ff200000)
 concurrent mark-sweep generation total 13696K, used 5240K [0x00000000ff2a0000, 0x0000000100000000, 0x0000000100000000)
 Metaspace       used 5070K, capacity 5248K, committed 5504K, reserved 1056768K
  class space    used 554K, capacity 592K, committed 640K, reserved 1048576K
}
{Heap before GC invocations=873 (full 110):
 par new generation   total 6144K, used 5233K [0x00000000fec00000, 0x00000000ff2a0000, 0x00000000ff2a0000)
  eden space 5504K,  95% used [0x00000000fec00000, 0x00000000ff11b798, 0x00000000ff160000)
  from space 640K,   0% used [0x00000000ff200000, 0x00000000ff201020, 0x00000000ff2a0000)
  to   space 640K,   0% used [0x00000000ff160000, 0x00000000ff160000, 0x00000000ff200000)
 concurrent mark-sweep generation total 13696K, used 5240K [0x00000000ff2a0000, 0x0000000100000000, 0x0000000100000000)
 Metaspace       used 5070K, capacity 5248K, committed 5504K, reserved 1056768K
  class space    used 554K, capacity 592K, committed 640K, reserved 1048576K
2024-07-16T11:01:42.327+0800: 7.207: [GC (Allocation Failure) 2024-07-16T11:01:42.327+0800: 7.207: [ParNew: 5233K->2K(6144K), 0.0010865 secs] 10474K->5242K(19840K), 0.0012541 secs] [Times: user=0.00 sys=0.00, real=0.00 secs] 
Heap after GC invocations=874 (full 110):
 par new generation   total 6144K, used 2K [0x00000000fec00000, 0x00000000ff2a0000, 0x00000000ff2a0000)
  eden space 5504K,   0% used [0x00000000fec00000, 0x00000000fec00000, 0x00000000ff160000)
  from space 640K,   0% used [0x00000000ff160000, 0x00000000ff160810, 0x00000000ff200000)
  to   space 640K,   0% used [0x00000000ff200000, 0x00000000ff200000, 0x00000000ff2a0000)
 concurrent mark-sweep generation total 13696K, used 5240K [0x00000000ff2a0000, 0x0000000100000000, 0x0000000100000000)
 Metaspace       used 5070K, capacity 5248K, committed 5504K, reserved 1056768K
  class space    used 554K, capacity 592K, committed 640K, reserved 1048576K
}
{Heap before GC invocations=874 (full 110):
 par new generation   total 6144K, used 5231K [0x00000000fec00000, 0x00000000ff2a0000, 0x00000000ff2a0000)
  eden space 5504K,  95% used [0x00000000fec00000, 0x00000000ff11b798, 0x00000000ff160000)
  from space 640K,   0% used [0x00000000ff160000, 0x00000000ff160810, 0x00000000ff200000)
  to   space 640K,   0% used [0x00000000ff200000, 0x00000000ff200000, 0x00000000ff2a0000)
 concurrent mark-sweep generation total 13696K, used 5240K [0x00000000ff2a0000, 0x0000000100000000, 0x0000000100000000)
 Metaspace       used 5070K, capacity 5248K, committed 5504K, reserved 1056768K
  class space    used 554K, capacity 592K, committed 640K, reserved 1048576K
2024-07-16T11:01:42.337+0800: 7.217: [GC (Allocation Failure) 2024-07-16T11:01:42.337+0800: 7.217: [ParNew: 5231K->8K(6144K), 0.0007179 secs] 10472K->6275K(19840K), 0.0007896 secs] [Times: user=0.00 sys=0.00, real=0.00 secs] 
Heap after GC invocations=875 (full 110):
 par new generation   total 6144K, used 8K [0x00000000fec00000, 0x00000000ff2a0000, 0x00000000ff2a0000)
  eden space 5504K,   0% used [0x00000000fec00000, 0x00000000fec00000, 0x00000000ff160000)
  from space 640K,   1% used [0x00000000ff200000, 0x00000000ff202040, 0x00000000ff2a0000)
  to   space 640K,   0% used [0x00000000ff160000, 0x00000000ff160000, 0x00000000ff200000)
 concurrent mark-sweep generation total 13696K, used 6266K [0x00000000ff2a0000, 0x0000000100000000, 0x0000000100000000)
 Metaspace       used 5070K, capacity 5248K, committed 5504K, reserved 1056768K
  class space    used 554K, capacity 592K, committed 640K, reserved 1048576K
}
{Heap before GC invocations=875 (full 110):
 par new generation   total 6144K, used 5237K [0x00000000fec00000, 0x00000000ff2a0000, 0x00000000ff2a0000)
  eden space 5504K,  95% used [0x00000000fec00000, 0x00000000ff11b798, 0x00000000ff160000)
  from space 640K,   1% used [0x00000000ff200000, 0x00000000ff202040, 0x00000000ff2a0000)
  to   space 640K,   0% used [0x00000000ff160000, 0x00000000ff160000, 0x00000000ff200000)
 concurrent mark-sweep generation total 13696K, used 6266K [0x00000000ff2a0000, 0x0000000100000000, 0x0000000100000000)
 Metaspace       used 5070K, capacity 5248K, committed 5504K, reserved 1056768K
  class space    used 554K, capacity 592K, committed 640K, reserved 1048576K
2024-07-16T11:01:42.343+0800: 7.223: [GC (Allocation Failure) 2024-07-16T11:01:42.343+0800: 7.223: [ParNew: 5237K->6K(6144K), 0.0008489 secs] 11504K->7297K(19840K), 0.0009370 secs] [Times: user=0.00 sys=0.00, real=0.00 secs] 
Heap after GC invocations=876 (full 110):
 par new generation   total 6144K, used 6K [0x00000000fec00000, 0x00000000ff2a0000, 0x00000000ff2a0000)
  eden space 5504K,   0% used [0x00000000fec00000, 0x00000000fec00000, 0x00000000ff160000)
  from space 640K,   0% used [0x00000000ff160000, 0x00000000ff161830, 0x00000000ff200000)
  to   space 640K,   0% used [0x00000000ff200000, 0x00000000ff200000, 0x00000000ff2a0000)
 concurrent mark-sweep generation total 13696K, used 7290K [0x00000000ff2a0000, 0x0000000100000000, 0x0000000100000000)
 Metaspace       used 5070K, capacity 5248K, committed 5504K, reserved 1056768K
  class space    used 554K, capacity 592K, committed 640K, reserved 1048576K
}
2024-07-16T11:01:42.344+0800: 7.224: [GC (CMS Initial Mark) [1 CMS-initial-mark: 7290K(13696K)] 8323K(19840K), 0.0001932 secs] [Times: user=0.00 sys=0.00, real=0.00 secs] 
2024-07-16T11:01:42.344+0800: 7.224: [CMS-concurrent-mark-start]
2024-07-16T11:01:42.346+0800: 7.226: [CMS-concurrent-mark: 0.002/0.002 secs] [Times: user=0.05 sys=0.00, real=0.00 secs] 
2024-07-16T11:01:42.346+0800: 7.226: [CMS-concurrent-preclean-start]
2024-07-16T11:01:42.346+0800: 7.226: [CMS-concurrent-preclean: 0.000/0.000 secs] [Times: user=0.00 sys=0.00, real=0.00 secs] 
2024-07-16T11:01:42.346+0800: 7.226: [CMS-concurrent-abortable-preclean-start]
{Heap before GC invocations=876 (full 111):
 par new generation   total 6144K, used 5235K [0x00000000fec00000, 0x00000000ff2a0000, 0x00000000ff2a0000)
  eden space 5504K,  95% used [0x00000000fec00000, 0x00000000ff11b798, 0x00000000ff160000)
  from space 640K,   0% used [0x00000000ff160000, 0x00000000ff161830, 0x00000000ff200000)
  to   space 640K,   0% used [0x00000000ff200000, 0x00000000ff200000, 0x00000000ff2a0000)
 concurrent mark-sweep generation total 13696K, used 7290K [0x00000000ff2a0000, 0x0000000100000000, 0x0000000100000000)
 Metaspace       used 5070K, capacity 5248K, committed 5504K, reserved 1056768K
  class space    used 554K, capacity 592K, committed 640K, reserved 1048576K
2024-07-16T11:01:42.352+0800: 7.232: [GC (Allocation Failure) 2024-07-16T11:01:42.352+0800: 7.232: [ParNew: 5235K->4K(6144K), 0.0006468 secs] 12526K->7295K(19840K), 0.0006822 secs] [Times: user=0.00 sys=0.00, real=0.00 secs] 
Heap after GC invocations=877 (full 111):
 par new generation   total 6144K, used 4K [0x00000000fec00000, 0x00000000ff2a0000, 0x00000000ff2a0000)
  eden space 5504K,   0% used [0x00000000fec00000, 0x00000000fec00000, 0x00000000ff160000)
  from space 640K,   0% used [0x00000000ff200000, 0x00000000ff201020, 0x00000000ff2a0000)
  to   space 640K,   0% used [0x00000000ff160000, 0x00000000ff160000, 0x00000000ff200000)
 concurrent mark-sweep generation total 13696K, used 7290K [0x00000000ff2a0000, 0x0000000100000000, 0x0000000100000000)
 Metaspace       used 5070K, capacity 5248K, committed 5504K, reserved 1056768K
  class space    used 554K, capacity 592K, committed 640K, reserved 1048576K
}
{Heap before GC invocations=877 (full 111):
 par new generation   total 6144K, used 5233K [0x00000000fec00000, 0x00000000ff2a0000, 0x00000000ff2a0000)
  eden space 5504K,  95% used [0x00000000fec00000, 0x00000000ff11b798, 0x00000000ff160000)
  from space 640K,   0% used [0x00000000ff200000, 0x00000000ff201020, 0x00000000ff2a0000)
  to   space 640K,   0% used [0x00000000ff160000, 0x00000000ff160000, 0x00000000ff200000)
 concurrent mark-sweep generation total 13696K, used 7290K [0x00000000ff2a0000, 0x0000000100000000, 0x0000000100000000)
 Metaspace       used 5070K, capacity 5248K, committed 5504K, reserved 1056768K
  class space    used 554K, capacity 592K, committed 640K, reserved 1048576K
2024-07-16T11:01:42.358+0800: 7.238: [GC (Allocation Failure) 2024-07-16T11:01:42.358+0800: 7.238: [ParNew: 5233K->8K(6144K), 0.0008503 secs] 12524K->8325K(19840K), 0.0009155 secs] [Times: user=0.00 sys=0.00, real=0.00 secs] 
Heap after GC invocations=878 (full 111):
 par new generation   total 6144K, used 8K [0x00000000fec00000, 0x00000000ff2a0000, 0x00000000ff2a0000)
  eden space 5504K,   0% used [0x00000000fec00000, 0x00000000fec00000, 0x00000000ff160000)
  from space 640K,   1% used [0x00000000ff160000, 0x00000000ff162040, 0x00000000ff200000)
  to   space 640K,   0% used [0x00000000ff200000, 0x00000000ff200000, 0x00000000ff2a0000)
 concurrent mark-sweep generation total 13696K, used 8317K [0x00000000ff2a0000, 0x0000000100000000, 0x0000000100000000)
 Metaspace       used 5070K, capacity 5248K, committed 5504K, reserved 1056768K
  class space    used 554K, capacity 592K, committed 640K, reserved 1048576K
}
{Heap before GC invocations=878 (full 111):
 par new generation   total 6144K, used 5237K [0x00000000fec00000, 0x00000000ff2a0000, 0x00000000ff2a0000)
  eden space 5504K,  95% used [0x00000000fec00000, 0x00000000ff11b798, 0x00000000ff160000)
  from space 640K,   1% used [0x00000000ff160000, 0x00000000ff162040, 0x00000000ff200000)
  to   space 640K,   0% used [0x00000000ff200000, 0x00000000ff200000, 0x00000000ff2a0000)
 concurrent mark-sweep generation total 13696K, used 8317K [0x00000000ff2a0000, 0x0000000100000000, 0x0000000100000000)
 Metaspace       used 5070K, capacity 5248K, committed 5504K, reserved 1056768K
  class space    used 554K, capacity 592K, committed 640K, reserved 1048576K
2024-07-16T11:01:42.366+0800: 7.246: [GC (Allocation Failure) 2024-07-16T11:01:42.366+0800: 7.246: [ParNew: 5237K->8K(6144K), 0.0012122 secs] 13554K->9351K(19840K), 0.0013202 secs] [Times: user=0.00 sys=0.00, real=0.00 secs] 
Heap after GC invocations=879 (full 111):
 par new generation   total 6144K, used 8K [0x00000000fec00000, 0x00000000ff2a0000, 0x00000000ff2a0000)
  eden space 5504K,   0% used [0x00000000fec00000, 0x00000000fec00000, 0x00000000ff160000)
  from space 640K,   1% used [0x00000000ff200000, 0x00000000ff202040, 0x00000000ff2a0000)
  to   space 640K,   0% used [0x00000000ff160000, 0x00000000ff160000, 0x00000000ff200000)
 concurrent mark-sweep generation total 13696K, used 9343K [0x00000000ff2a0000, 0x0000000100000000, 0x0000000100000000)
 Metaspace       used 5070K, capacity 5248K, committed 5504K, reserved 1056768K
  class space    used 554K, capacity 592K, committed 640K, reserved 1048576K
}
{Heap before GC invocations=879 (full 111):
 par new generation   total 6144K, used 5237K [0x00000000fec00000, 0x00000000ff2a0000, 0x00000000ff2a0000)
  eden space 5504K,  95% used [0x00000000fec00000, 0x00000000ff11b798, 0x00000000ff160000)
  from space 640K,   1% used [0x00000000ff200000, 0x00000000ff202040, 0x00000000ff2a0000)
  to   space 640K,   0% used [0x00000000ff160000, 0x00000000ff160000, 0x00000000ff200000)
 concurrent mark-sweep generation total 13696K, used 9343K [0x00000000ff2a0000, 0x0000000100000000, 0x0000000100000000)
 Metaspace       used 5070K, capacity 5248K, committed 5504K, reserved 1056768K
  class space    used 554K, capacity 592K, committed 640K, reserved 1048576K
2024-07-16T11:01:42.375+0800: 7.255: [GC (Allocation Failure) 2024-07-16T11:01:42.375+0800: 7.255: [ParNew: 5237K->4K(6144K), 0.0011178 secs] 14581K->9347K(19840K), 0.0012101 secs] [Times: user=0.00 sys=0.00, real=0.00 secs] 
Heap after GC invocations=880 (full 111):
 par new generation   total 6144K, used 4K [0x00000000fec00000, 0x00000000ff2a0000, 0x00000000ff2a0000)
  eden space 5504K,   0% used [0x00000000fec00000, 0x00000000fec00000, 0x00000000ff160000)
  from space 640K,   0% used [0x00000000ff160000, 0x00000000ff161020, 0x00000000ff200000)
  to   space 640K,   0% used [0x00000000ff200000, 0x00000000ff200000, 0x00000000ff2a0000)
 concurrent mark-sweep generation total 13696K, used 9343K [0x00000000ff2a0000, 0x0000000100000000, 0x0000000100000000)
 Metaspace       used 5070K, capacity 5248K, committed 5504K, reserved 1056768K
  class space    used 554K, capacity 592K, committed 640K, reserved 1048576K
}
{Heap before GC invocations=880 (full 111):
 par new generation   total 6144K, used 5233K [0x00000000fec00000, 0x00000000ff2a0000, 0x00000000ff2a0000)
  eden space 5504K,  95% used [0x00000000fec00000, 0x00000000ff11b798, 0x00000000ff160000)
  from space 640K,   0% used [0x00000000ff160000, 0x00000000ff161020, 0x00000000ff200000)
  to   space 640K,   0% used [0x00000000ff200000, 0x00000000ff200000, 0x00000000ff2a0000)
 concurrent mark-sweep generation total 13696K, used 9343K [0x00000000ff2a0000, 0x0000000100000000, 0x0000000100000000)
 Metaspace       used 5070K, capacity 5248K, committed 5504K, reserved 1056768K
  class space    used 554K, capacity 592K, committed 640K, reserved 1048576K
2024-07-16T11:01:42.385+0800: 7.265: [GC (Allocation Failure) 2024-07-16T11:01:42.385+0800: 7.265: [ParNew: 5233K->4K(6144K), 0.0012476 secs] 14577K->9347K(19840K), 0.0013665 secs] [Times: user=0.00 sys=0.00, real=0.00 secs] 
Heap after GC invocations=881 (full 111):
 par new generation   total 6144K, used 4K [0x00000000fec00000, 0x00000000ff2a0000, 0x00000000ff2a0000)
  eden space 5504K,   0% used [0x00000000fec00000, 0x00000000fec00000, 0x00000000ff160000)
  from space 640K,   0% used [0x00000000ff200000, 0x00000000ff201020, 0x00000000ff2a0000)
  to   space 640K,   0% used [0x00000000ff160000, 0x00000000ff160000, 0x00000000ff200000)
 concurrent mark-sweep generation total 13696K, used 9343K [0x00000000ff2a0000, 0x0000000100000000, 0x0000000100000000)
 Metaspace       used 5070K, capacity 5248K, committed 5504K, reserved 1056768K
  class space    used 554K, capacity 592K, committed 640K, reserved 1048576K
}
{Heap before GC invocations=881 (full 111):
 par new generation   total 6144K, used 5233K [0x00000000fec00000, 0x00000000ff2a0000, 0x00000000ff2a0000)
  eden space 5504K,  95% used [0x00000000fec00000, 0x00000000ff11b798, 0x00000000ff160000)
  from space 640K,   0% used [0x00000000ff200000, 0x00000000ff201020, 0x00000000ff2a0000)
  to   space 640K,   0% used [0x00000000ff160000, 0x00000000ff160000, 0x00000000ff200000)
 concurrent mark-sweep generation total 13696K, used 9343K [0x00000000ff2a0000, 0x0000000100000000, 0x0000000100000000)
 Metaspace       used 5070K, capacity 5248K, committed 5504K, reserved 1056768K
  class space    used 554K, capacity 592K, committed 640K, reserved 1048576K
2024-07-16T11:01:42.393+0800: 7.273: [GC (Allocation Failure) 2024-07-16T11:01:42.393+0800: 7.273: [ParNew: 5233K->4K(6144K), 0.0012682 secs] 14577K->9347K(19840K), 0.0013479 secs] [Times: user=0.00 sys=0.00, real=0.00 secs] 
Heap after GC invocations=882 (full 111):
 par new generation   total 6144K, used 4K [0x00000000fec00000, 0x00000000ff2a0000, 0x00000000ff2a0000)
  eden space 5504K,   0% used [0x00000000fec00000, 0x00000000fec00000, 0x00000000ff160000)
  from space 640K,   0% used [0x00000000ff160000, 0x00000000ff161020, 0x00000000ff200000)
  to   space 640K,   0% used [0x00000000ff200000, 0x00000000ff200000, 0x00000000ff2a0000)
 concurrent mark-sweep generation total 13696K, used 9343K [0x00000000ff2a0000, 0x0000000100000000, 0x0000000100000000)
 Metaspace       used 5070K, capacity 5248K, committed 5504K, reserved 1056768K
  class space    used 554K, capacity 592K, committed 640K, reserved 1048576K
}
{Heap before GC invocations=882 (full 111):
 par new generation   total 6144K, used 5233K [0x00000000fec00000, 0x00000000ff2a0000, 0x00000000ff2a0000)
  eden space 5504K,  95% used [0x00000000fec00000, 0x00000000ff11b798, 0x00000000ff160000)
  from space 640K,   0% used [0x00000000ff160000, 0x00000000ff161020, 0x00000000ff200000)
  to   space 640K,   0% used [0x00000000ff200000, 0x00000000ff200000, 0x00000000ff2a0000)
 concurrent mark-sweep generation total 13696K, used 9343K [0x00000000ff2a0000, 0x0000000100000000, 0x0000000100000000)
 Metaspace       used 5070K, capacity 5248K, committed 5504K, reserved 1056768K
  class space    used 554K, capacity 592K, committed 640K, reserved 1048576K
2024-07-16T11:01:42.401+0800: 7.281: [GC (Allocation Failure) 2024-07-16T11:01:42.401+0800: 7.281: [ParNew: 5233K->8K(6144K), 0.0013476 secs] 14577K->10377K(19840K), 0.0014769 secs] [Times: user=0.00 sys=0.00, real=0.00 secs] 
Heap after GC invocations=883 (full 111):
 par new generation   total 6144K, used 8K [0x00000000fec00000, 0x00000000ff2a0000, 0x00000000ff2a0000)
  eden space 5504K,   0% used [0x00000000fec00000, 0x00000000fec00000, 0x00000000ff160000)
  from space 640K,   1% used [0x00000000ff200000, 0x00000000ff202040, 0x00000000ff2a0000)
  to   space 640K,   0% used [0x00000000ff160000, 0x00000000ff160000, 0x00000000ff200000)
 concurrent mark-sweep generation total 13696K, used 10369K [0x00000000ff2a0000, 0x0000000100000000, 0x0000000100000000)
 Metaspace       used 5070K, capacity 5248K, committed 5504K, reserved 1056768K
  class space    used 554K, capacity 592K, committed 640K, reserved 1048576K
}
{Heap before GC invocations=883 (full 111):
 par new generation   total 6144K, used 5237K [0x00000000fec00000, 0x00000000ff2a0000, 0x00000000ff2a0000)
  eden space 5504K,  95% used [0x00000000fec00000, 0x00000000ff11b798, 0x00000000ff160000)
  from space 640K,   1% used [0x00000000ff200000, 0x00000000ff202040, 0x00000000ff2a0000)
  to   space 640K,   0% used [0x00000000ff160000, 0x00000000ff160000, 0x00000000ff200000)
 concurrent mark-sweep generation total 13696K, used 10369K [0x00000000ff2a0000, 0x0000000100000000, 0x0000000100000000)
 Metaspace       used 5070K, capacity 5248K, committed 5504K, reserved 1056768K
  class space    used 554K, capacity 592K, committed 640K, reserved 1048576K
2024-07-16T11:01:42.410+0800: 7.290: [GC (Allocation Failure) 2024-07-16T11:01:42.410+0800: 7.290: [ParNew: 5237K->8K(6144K), 0.0015002 secs] 15607K->11403K(19840K), 0.0016252 secs] [Times: user=0.00 sys=0.00, real=0.00 secs] 
Heap after GC invocations=884 (full 111):
 par new generation   total 6144K, used 8K [0x00000000fec00000, 0x00000000ff2a0000, 0x00000000ff2a0000)
  eden space 5504K,   0% used [0x00000000fec00000, 0x00000000fec00000, 0x00000000ff160000)
  from space 640K,   1% used [0x00000000ff160000, 0x00000000ff162040, 0x00000000ff200000)
  to   space 640K,   0% used [0x00000000ff200000, 0x00000000ff200000, 0x00000000ff2a0000)
 concurrent mark-sweep generation total 13696K, used 11395K [0x00000000ff2a0000, 0x0000000100000000, 0x0000000100000000)
 Metaspace       used 5070K, capacity 5248K, committed 5504K, reserved 1056768K
  class space    used 554K, capacity 592K, committed 640K, reserved 1048576K
}
{Heap before GC invocations=884 (full 111):
 par new generation   total 6144K, used 5237K [0x00000000fec00000, 0x00000000ff2a0000, 0x00000000ff2a0000)
  eden space 5504K,  95% used [0x00000000fec00000, 0x00000000ff11b798, 0x00000000ff160000)
  from space 640K,   1% used [0x00000000ff160000, 0x00000000ff162040, 0x00000000ff200000)
  to   space 640K,   0% used [0x00000000ff200000, 0x00000000ff200000, 0x00000000ff2a0000)
 concurrent mark-sweep generation total 13696K, used 11395K [0x00000000ff2a0000, 0x0000000100000000, 0x0000000100000000)
 Metaspace       used 5070K, capacity 5248K, committed 5504K, reserved 1056768K
  class space    used 554K, capacity 592K, committed 640K, reserved 1048576K
2024-07-16T11:01:42.421+0800: 7.301: [GC (Allocation Failure) 2024-07-16T11:01:42.421+0800: 7.301: [ParNew: 5237K->6K(6144K), 0.0004129 secs] 16633K->12427K(19840K), 0.0004570 secs] [Times: user=0.00 sys=0.00, real=0.00 secs] 
Heap after GC invocations=885 (full 111):
 par new generation   total 6144K, used 6K [0x00000000fec00000, 0x00000000ff2a0000, 0x00000000ff2a0000)
  eden space 5504K,   0% used [0x00000000fec00000, 0x00000000fec00000, 0x00000000ff160000)
  from space 640K,   0% used [0x00000000ff200000, 0x00000000ff201830, 0x00000000ff2a0000)
  to   space 640K,   0% used [0x00000000ff160000, 0x00000000ff160000, 0x00000000ff200000)
 concurrent mark-sweep generation total 13696K, used 12421K [0x00000000ff2a0000, 0x0000000100000000, 0x0000000100000000)
 Metaspace       used 5070K, capacity 5248K, committed 5504K, reserved 1056768K
  class space    used 554K, capacity 592K, committed 640K, reserved 1048576K
}
{Heap before GC invocations=885 (full 111):
 par new generation   total 6144K, used 5235K [0x00000000fec00000, 0x00000000ff2a0000, 0x00000000ff2a0000)
  eden space 5504K,  95% used [0x00000000fec00000, 0x00000000ff11b798, 0x00000000ff160000)
  from space 640K,   0% used [0x00000000ff200000, 0x00000000ff201830, 0x00000000ff2a0000)
  to   space 640K,   0% used [0x00000000ff160000, 0x00000000ff160000, 0x00000000ff200000)
 concurrent mark-sweep generation total 13696K, used 12421K [0x00000000ff2a0000, 0x0000000100000000, 0x0000000100000000)
 Metaspace       used 5070K, capacity 5248K, committed 5504K, reserved 1056768K
  class space    used 554K, capacity 592K, committed 640K, reserved 1048576K
2024-07-16T11:01:42.429+0800: 7.309: [GC (Allocation Failure) 2024-07-16T11:01:42.429+0800: 7.309: [ParNew: 5235K->5235K(6144K), 0.0000111 secs]2024-07-16T11:01:42.429+0800: 7.309: [CMS2024-07-16T11:01:42.429+0800: 7.309: [CMS-concurrent-abortable-preclean: 0.001/0.083 secs] [Times: user=0.00 sys=0.00, real=0.08 secs] 
 (concurrent mode failure): 12421K->1140K(13696K), 0.0020581 secs] 17657K->1140K(19840K), [Metaspace: 5070K->5070K(1056768K)], 0.0021081 secs] [Times: user=0.00 sys=0.00, real=0.00 secs] 
Heap after GC invocations=886 (full 112):
 par new generation   total 6144K, used 0K [0x00000000fec00000, 0x00000000ff2a0000, 0x00000000ff2a0000)
  eden space 5504K,   0% used [0x00000000fec00000, 0x00000000fec00000, 0x00000000ff160000)
  from space 640K,   0% used [0x00000000ff200000, 0x00000000ff200000, 0x00000000ff2a0000)
  to   space 640K,   0% used [0x00000000ff160000, 0x00000000ff160000, 0x00000000ff200000)
 concurrent mark-sweep generation total 13696K, used 1140K [0x00000000ff2a0000, 0x0000000100000000, 0x0000000100000000)
 Metaspace       used 5070K, capacity 5248K, committed 5504K, reserved 1056768K
  class space    used 554K, capacity 592K, committed 640K, reserved 1048576K
}
{Heap before GC invocations=886 (full 112):
 par new generation   total 6144K, used 5229K [0x00000000fec00000, 0x00000000ff2a0000, 0x00000000ff2a0000)
  eden space 5504K,  95% used [0x00000000fec00000, 0x00000000ff11b798, 0x00000000ff160000)
  from space 640K,   0% used [0x00000000ff200000, 0x00000000ff200000, 0x00000000ff2a0000)
  to   space 640K,   0% used [0x00000000ff160000, 0x00000000ff160000, 0x00000000ff200000)
 concurrent mark-sweep generation total 13696K, used 1140K [0x00000000ff2a0000, 0x0000000100000000, 0x0000000100000000)
 Metaspace       used 5070K, capacity 5248K, committed 5504K, reserved 1056768K
  class space    used 554K, capacity 592K, committed 640K, reserved 1048576K
2024-07-16T11:01:42.439+0800: 7.319: [GC (Allocation Failure) 2024-07-16T11:01:42.439+0800: 7.319: [ParNew: 5229K->4K(6144K), 0.0002357 secs] 6370K->1144K(19840K), 0.0002576 secs] [Times: user=0.00 sys=0.00, real=0.00 secs] 
Heap after GC invocations=887 (full 112):
 par new generation   total 6144K, used 4K [0x00000000fec00000, 0x00000000ff2a0000, 0x00000000ff2a0000)
  eden space 5504K,   0% used [0x00000000fec00000, 0x00000000fec00000, 0x00000000ff160000)
  from space 640K,   0% used [0x00000000ff160000, 0x00000000ff161020, 0x00000000ff200000)
  to   space 640K,   0% used [0x00000000ff200000, 0x00000000ff200000, 0x00000000ff2a0000)
 concurrent mark-sweep generation total 13696K, used 1140K [0x00000000ff2a0000, 0x0000000100000000, 0x0000000100000000)
 Metaspace       used 5070K, capacity 5248K, committed 5504K, reserved 1056768K
  class space    used 554K, capacity 592K, committed 640K, reserved 1048576K
}
{Heap before GC invocations=887 (full 112):
 par new generation   total 6144K, used 5233K [0x00000000fec00000, 0x00000000ff2a0000, 0x00000000ff2a0000)
  eden space 5504K,  95% used [0x00000000fec00000, 0x00000000ff11b798, 0x00000000ff160000)
  from space 640K,   0% used [0x00000000ff160000, 0x00000000ff161020, 0x00000000ff200000)
  to   space 640K,   0% used [0x00000000ff200000, 0x00000000ff200000, 0x00000000ff2a0000)
 concurrent mark-sweep generation total 13696K, used 1140K [0x00000000ff2a0000, 0x0000000100000000, 0x0000000100000000)
 Metaspace       used 5070K, capacity 5248K, committed 5504K, reserved 1056768K
  class space    used 554K, capacity 592K, committed 640K, reserved 1048576K
2024-07-16T11:01:42.445+0800: 7.325: [GC (Allocation Failure) 2024-07-16T11:01:42.445+0800: 7.325: [ParNew: 5233K->8K(6144K), 0.0003433 secs] 6374K->2174K(19840K), 0.0003704 secs] [Times: user=0.00 sys=0.00, real=0.00 secs] 
Heap after GC invocations=888 (full 112):
 par new generation   total 6144K, used 8K [0x00000000fec00000, 0x00000000ff2a0000, 0x00000000ff2a0000)
  eden space 5504K,   0% used [0x00000000fec00000, 0x00000000fec00000, 0x00000000ff160000)
  from space 640K,   1% used [0x00000000ff200000, 0x00000000ff202040, 0x00000000ff2a0000)
  to   space 640K,   0% used [0x00000000ff160000, 0x00000000ff160000, 0x00000000ff200000)
 concurrent mark-sweep generation total 13696K, used 2166K [0x00000000ff2a0000, 0x0000000100000000, 0x0000000100000000)
 Metaspace       used 5070K, capacity 5248K, committed 5504K, reserved 1056768K
  class space    used 554K, capacity 592K, committed 640K, reserved 1048576K
}
{Heap before GC invocations=888 (full 112):
 par new generation   total 6144K, used 5237K [0x00000000fec00000, 0x00000000ff2a0000, 0x00000000ff2a0000)
  eden space 5504K,  95% used [0x00000000fec00000, 0x00000000ff11b798, 0x00000000ff160000)
  from space 640K,   1% used [0x00000000ff200000, 0x00000000ff202040, 0x00000000ff2a0000)
  to   space 640K,   0% used [0x00000000ff160000, 0x00000000ff160000, 0x00000000ff200000)
 concurrent mark-sweep generation total 13696K, used 2166K [0x00000000ff2a0000, 0x0000000100000000, 0x0000000100000000)
 Metaspace       used 5070K, capacity 5248K, committed 5504K, reserved 1056768K
  class space    used 554K, capacity 592K, committed 640K, reserved 1048576K
2024-07-16T11:01:42.452+0800: 7.332: [GC (Allocation Failure) 2024-07-16T11:01:42.452+0800: 7.332: [ParNew: 5237K->10K(6144K), 0.0010922 secs] 7404K->4226K(19840K), 0.0011683 secs] [Times: user=0.00 sys=0.00, real=0.00 secs] 
Heap after GC invocations=889 (full 112):
 par new generation   total 6144K, used 10K [0x00000000fec00000, 0x00000000ff2a0000, 0x00000000ff2a0000)
  eden space 5504K,   0% used [0x00000000fec00000, 0x00000000fec00000, 0x00000000ff160000)
  from space 640K,   1% used [0x00000000ff160000, 0x00000000ff162850, 0x00000000ff200000)
  to   space 640K,   0% used [0x00000000ff200000, 0x00000000ff200000, 0x00000000ff2a0000)
 concurrent mark-sweep generation total 13696K, used 4216K [0x00000000ff2a0000, 0x0000000100000000, 0x0000000100000000)
 Metaspace       used 5070K, capacity 5248K, committed 5504K, reserved 1056768K
  class space    used 554K, capacity 592K, committed 640K, reserved 1048576K
}
2024-07-16T11:01:42.453+0800: 7.334: [GC (CMS Initial Mark) [1 CMS-initial-mark: 4216K(13696K)] 5252K(19840K), 0.0001460 secs] [Times: user=0.00 sys=0.00, real=0.00 secs] 
2024-07-16T11:01:42.453+0800: 7.334: [CMS-concurrent-mark-start]
2024-07-16T11:01:42.457+0800: 7.338: [CMS-concurrent-mark: 0.004/0.004 secs] [Times: user=0.05 sys=0.00, real=0.00 secs] 
2024-07-16T11:01:42.458+0800: 7.338: [CMS-concurrent-preclean-start]
2024-07-16T11:01:42.458+0800: 7.338: [CMS-concurrent-preclean: 0.000/0.000 secs] [Times: user=0.00 sys=0.00, real=0.00 secs] 
2024-07-16T11:01:42.458+0800: 7.338: [CMS-concurrent-abortable-preclean-start]
{Heap before GC invocations=889 (full 113):
 par new generation   total 6144K, used 5239K [0x00000000fec00000, 0x00000000ff2a0000, 0x00000000ff2a0000)
  eden space 5504K,  95% used [0x00000000fec00000, 0x00000000ff11b798, 0x00000000ff160000)
  from space 640K,   1% used [0x00000000ff160000, 0x00000000ff162850, 0x00000000ff200000)
  to   space 640K,   0% used [0x00000000ff200000, 0x00000000ff200000, 0x00000000ff2a0000)
 concurrent mark-sweep generation total 13696K, used 4216K [0x00000000ff2a0000, 0x0000000100000000, 0x0000000100000000)
 Metaspace       used 5070K, capacity 5248K, committed 5504K, reserved 1056768K
  class space    used 554K, capacity 592K, committed 640K, reserved 1048576K
2024-07-16T11:01:42.461+0800: 7.341: [GC (Allocation Failure) 2024-07-16T11:01:42.461+0800: 7.341: [ParNew: 5239K->10K(6144K), 0.0003893 secs] 9456K->5252K(19840K), 0.0004250 secs] [Times: user=0.00 sys=0.00, real=0.00 secs] 
Heap after GC invocations=890 (full 113):
 par new generation   total 6144K, used 10K [0x00000000fec00000, 0x00000000ff2a0000, 0x00000000ff2a0000)
  eden space 5504K,   0% used [0x00000000fec00000, 0x00000000fec00000, 0x00000000ff160000)
  from space 640K,   1% used [0x00000000ff200000, 0x00000000ff202850, 0x00000000ff2a0000)
  to   space 640K,   0% used [0x00000000ff160000, 0x00000000ff160000, 0x00000000ff200000)
 concurrent mark-sweep generation total 13696K, used 5242K [0x00000000ff2a0000, 0x0000000100000000, 0x0000000100000000)
 Metaspace       used 5070K, capacity 5248K, committed 5504K, reserved 1056768K
  class space    used 554K, capacity 592K, committed 640K, reserved 1048576K
}
{Heap before GC invocations=890 (full 113):
 par new generation   total 6144K, used 5239K [0x00000000fec00000, 0x00000000ff2a0000, 0x00000000ff2a0000)
  eden space 5504K,  95% used [0x00000000fec00000, 0x00000000ff11b798, 0x00000000ff160000)
  from space 640K,   1% used [0x00000000ff200000, 0x00000000ff202850, 0x00000000ff2a0000)
  to   space 640K,   0% used [0x00000000ff160000, 0x00000000ff160000, 0x00000000ff200000)
 concurrent mark-sweep generation total 13696K, used 5242K [0x00000000ff2a0000, 0x0000000100000000, 0x0000000100000000)
 Metaspace       used 5070K, capacity 5248K, committed 5504K, reserved 1056768K
  class space    used 554K, capacity 592K, committed 640K, reserved 1048576K
2024-07-16T11:01:42.467+0800: 7.347: [GC (Allocation Failure) 2024-07-16T11:01:42.467+0800: 7.347: [ParNew: 5239K->8K(6144K), 0.0006279 secs] 10482K->6276K(19840K), 0.0006950 secs] [Times: user=0.00 sys=0.00, real=0.00 secs] 
Heap after GC invocations=891 (full 113):
 par new generation   total 6144K, used 8K [0x00000000fec00000, 0x00000000ff2a0000, 0x00000000ff2a0000)
  eden space 5504K,   0% used [0x00000000fec00000, 0x00000000fec00000, 0x00000000ff160000)
  from space 640K,   1% used [0x00000000ff160000, 0x00000000ff162040, 0x00000000ff200000)
  to   space 640K,   0% used [0x00000000ff200000, 0x00000000ff200000, 0x00000000ff2a0000)
 concurrent mark-sweep generation total 13696K, used 6268K [0x00000000ff2a0000, 0x0000000100000000, 0x0000000100000000)
 Metaspace       used 5070K, capacity 5248K, committed 5504K, reserved 1056768K
  class space    used 554K, capacity 592K, committed 640K, reserved 1048576K
}
{Heap before GC invocations=891 (full 113):
 par new generation   total 6144K, used 5237K [0x00000000fec00000, 0x00000000ff2a0000, 0x00000000ff2a0000)
  eden space 5504K,  95% used [0x00000000fec00000, 0x00000000ff11b798, 0x00000000ff160000)
  from space 640K,   1% used [0x00000000ff160000, 0x00000000ff162040, 0x00000000ff200000)
  to   space 640K,   0% used [0x00000000ff200000, 0x00000000ff200000, 0x00000000ff2a0000)
 concurrent mark-sweep generation total 13696K, used 6268K [0x00000000ff2a0000, 0x0000000100000000, 0x0000000100000000)
 Metaspace       used 5070K, capacity 5248K, committed 5504K, reserved 1056768K
  class space    used 554K, capacity 592K, committed 640K, reserved 1048576K
2024-07-16T11:01:42.476+0800: 7.356: [GC (Allocation Failure) 2024-07-16T11:01:42.476+0800: 7.356: [ParNew: 5237K->6K(6144K), 0.0011922 secs] 11506K->7300K(19840K), 0.0012784 secs] [Times: user=0.00 sys=0.00, real=0.00 secs] 
Heap after GC invocations=892 (full 113):
 par new generation   total 6144K, used 6K [0x00000000fec00000, 0x00000000ff2a0000, 0x00000000ff2a0000)
  eden space 5504K,   0% used [0x00000000fec00000, 0x00000000fec00000, 0x00000000ff160000)
  from space 640K,   0% used [0x00000000ff200000, 0x00000000ff201830, 0x00000000ff2a0000)
  to   space 640K,   0% used [0x00000000ff160000, 0x00000000ff160000, 0x00000000ff200000)
 concurrent mark-sweep generation total 13696K, used 7294K [0x00000000ff2a0000, 0x0000000100000000, 0x0000000100000000)
 Metaspace       used 5070K, capacity 5248K, committed 5504K, reserved 1056768K
  class space    used 554K, capacity 592K, committed 640K, reserved 1048576K
}
{Heap before GC invocations=892 (full 113):
 par new generation   total 6144K, used 5235K [0x00000000fec00000, 0x00000000ff2a0000, 0x00000000ff2a0000)
  eden space 5504K,  95% used [0x00000000fec00000, 0x00000000ff11b798, 0x00000000ff160000)
  from space 640K,   0% used [0x00000000ff200000, 0x00000000ff201830, 0x00000000ff2a0000)
  to   space 640K,   0% used [0x00000000ff160000, 0x00000000ff160000, 0x00000000ff200000)
 concurrent mark-sweep generation total 13696K, used 7294K [0x00000000ff2a0000, 0x0000000100000000, 0x0000000100000000)
 Metaspace       used 5070K, capacity 5248K, committed 5504K, reserved 1056768K
  class space    used 554K, capacity 592K, committed 640K, reserved 1048576K
2024-07-16T11:01:42.483+0800: 7.363: [GC (Allocation Failure) 2024-07-16T11:01:42.483+0800: 7.363: [ParNew: 5235K->6K(6144K), 0.0009724 secs] 12530K->8325K(19840K), 0.0010454 secs] [Times: user=0.00 sys=0.00, real=0.00 secs] 
Heap after GC invocations=893 (full 113):
 par new generation   total 6144K, used 6K [0x00000000fec00000, 0x00000000ff2a0000, 0x00000000ff2a0000)
  eden space 5504K,   0% used [0x00000000fec00000, 0x00000000fec00000, 0x00000000ff160000)
  from space 640K,   0% used [0x00000000ff160000, 0x00000000ff161830, 0x00000000ff200000)
  to   space 640K,   0% used [0x00000000ff200000, 0x00000000ff200000, 0x00000000ff2a0000)
 concurrent mark-sweep generation total 13696K, used 8318K [0x00000000ff2a0000, 0x0000000100000000, 0x0000000100000000)
 Metaspace       used 5070K, capacity 5248K, committed 5504K, reserved 1056768K
  class space    used 554K, capacity 592K, committed 640K, reserved 1048576K
}
{Heap before GC invocations=893 (full 113):
 par new generation   total 6144K, used 5235K [0x00000000fec00000, 0x00000000ff2a0000, 0x00000000ff2a0000)
  eden space 5504K,  95% used [0x00000000fec00000, 0x00000000ff11b798, 0x00000000ff160000)
  from space 640K,   0% used [0x00000000ff160000, 0x00000000ff161830, 0x00000000ff200000)
  to   space 640K,   0% used [0x00000000ff200000, 0x00000000ff200000, 0x00000000ff2a0000)
 concurrent mark-sweep generation total 13696K, used 8318K [0x00000000ff2a0000, 0x0000000100000000, 0x0000000100000000)
 Metaspace       used 5070K, capacity 5248K, committed 5504K, reserved 1056768K
  class space    used 554K, capacity 592K, committed 640K, reserved 1048576K
2024-07-16T11:01:42.491+0800: 7.371: [GC (Allocation Failure) 2024-07-16T11:01:42.491+0800: 7.371: [ParNew: 5235K->8K(6144K), 0.0012620 secs] 13554K->9353K(19840K), 0.0013402 secs] [Times: user=0.00 sys=0.00, real=0.00 secs] 
Heap after GC invocations=894 (full 113):
 par new generation   total 6144K, used 8K [0x00000000fec00000, 0x00000000ff2a0000, 0x00000000ff2a0000)
  eden space 5504K,   0% used [0x00000000fec00000, 0x00000000fec00000, 0x00000000ff160000)
  from space 640K,   1% used [0x00000000ff200000, 0x00000000ff202040, 0x00000000ff2a0000)
  to   space 640K,   0% used [0x00000000ff160000, 0x00000000ff160000, 0x00000000ff200000)
 concurrent mark-sweep generation total 13696K, used 9345K [0x00000000ff2a0000, 0x0000000100000000, 0x0000000100000000)
 Metaspace       used 5070K, capacity 5248K, committed 5504K, reserved 1056768K
  class space    used 554K, capacity 592K, committed 640K, reserved 1048576K
}
{Heap before GC invocations=894 (full 113):
 par new generation   total 6144K, used 5237K [0x00000000fec00000, 0x00000000ff2a0000, 0x00000000ff2a0000)
  eden space 5504K,  95% used [0x00000000fec00000, 0x00000000ff11b798, 0x00000000ff160000)
  from space 640K,   1% used [0x00000000ff200000, 0x00000000ff202040, 0x00000000ff2a0000)
  to   space 640K,   0% used [0x00000000ff160000, 0x00000000ff160000, 0x00000000ff200000)
 concurrent mark-sweep generation total 13696K, used 9345K [0x00000000ff2a0000, 0x0000000100000000, 0x0000000100000000)
 Metaspace       used 5070K, capacity 5248K, committed 5504K, reserved 1056768K
  class space    used 554K, capacity 592K, committed 640K, reserved 1048576K
2024-07-16T11:01:42.498+0800: 7.378: [GC (Allocation Failure) 2024-07-16T11:01:42.498+0800: 7.378: [ParNew: 5237K->8K(6144K), 0.0012487 secs] 14582K->10377K(19840K), 0.0013498 secs] [Times: user=0.00 sys=0.00, real=0.00 secs] 
Heap after GC invocations=895 (full 113):
 par new generation   total 6144K, used 8K [0x00000000fec00000, 0x00000000ff2a0000, 0x00000000ff2a0000)
  eden space 5504K,   0% used [0x00000000fec00000, 0x00000000fec00000, 0x00000000ff160000)
  from space 640K,   1% used [0x00000000ff160000, 0x00000000ff162040, 0x00000000ff200000)
  to   space 640K,   0% used [0x00000000ff200000, 0x00000000ff200000, 0x00000000ff2a0000)
 concurrent mark-sweep generation total 13696K, used 10369K [0x00000000ff2a0000, 0x0000000100000000, 0x0000000100000000)
 Metaspace       used 5070K, capacity 5248K, committed 5504K, reserved 1056768K
  class space    used 554K, capacity 592K, committed 640K, reserved 1048576K
}
{Heap before GC invocations=895 (full 113):
 par new generation   total 6144K, used 5237K [0x00000000fec00000, 0x00000000ff2a0000, 0x00000000ff2a0000)
  eden space 5504K,  95% used [0x00000000fec00000, 0x00000000ff11b798, 0x00000000ff160000)
  from space 640K,   1% used [0x00000000ff160000, 0x00000000ff162040, 0x00000000ff200000)
  to   space 640K,   0% used [0x00000000ff200000, 0x00000000ff200000, 0x00000000ff2a0000)
 concurrent mark-sweep generation total 13696K, used 10369K [0x00000000ff2a0000, 0x0000000100000000, 0x0000000100000000)
 Metaspace       used 5070K, capacity 5248K, committed 5504K, reserved 1056768K
  class space    used 554K, capacity 592K, committed 640K, reserved 1048576K
2024-07-16T11:01:42.508+0800: 7.388: [GC (Allocation Failure) 2024-07-16T11:01:42.508+0800: 7.388: [ParNew: 5237K->4K(6144K), 0.0010335 secs] 15607K->10373K(19840K), 0.0011064 secs] [Times: user=0.00 sys=0.00, real=0.00 secs] 
Heap after GC invocations=896 (full 113):
 par new generation   total 6144K, used 4K [0x00000000fec00000, 0x00000000ff2a0000, 0x00000000ff2a0000)
  eden space 5504K,   0% used [0x00000000fec00000, 0x00000000fec00000, 0x00000000ff160000)
  from space 640K,   0% used [0x00000000ff200000, 0x00000000ff201020, 0x00000000ff2a0000)
  to   space 640K,   0% used [0x00000000ff160000, 0x00000000ff160000, 0x00000000ff200000)
 concurrent mark-sweep generation total 13696K, used 10369K [0x00000000ff2a0000, 0x0000000100000000, 0x0000000100000000)
 Metaspace       used 5070K, capacity 5248K, committed 5504K, reserved 1056768K
  class space    used 554K, capacity 592K, committed 640K, reserved 1048576K
}
{Heap before GC invocations=896 (full 113):
 par new generation   total 6144K, used 5233K [0x00000000fec00000, 0x00000000ff2a0000, 0x00000000ff2a0000)
  eden space 5504K,  95% used [0x00000000fec00000, 0x00000000ff11b798, 0x00000000ff160000)
  from space 640K,   0% used [0x00000000ff200000, 0x00000000ff201020, 0x00000000ff2a0000)
  to   space 640K,   0% used [0x00000000ff160000, 0x00000000ff160000, 0x00000000ff200000)
 concurrent mark-sweep generation total 13696K, used 10369K [0x00000000ff2a0000, 0x0000000100000000, 0x0000000100000000)
 Metaspace       used 5070K, capacity 5248K, committed 5504K, reserved 1056768K
  class space    used 554K, capacity 592K, committed 640K, reserved 1048576K
2024-07-16T11:01:42.517+0800: 7.397: [GC (Allocation Failure) 2024-07-16T11:01:42.517+0800: 7.397: [ParNew: 5233K->4K(6144K), 0.0010307 secs] 15602K->10373K(19840K), 0.0011348 secs] [Times: user=0.00 sys=0.00, real=0.00 secs] 
Heap after GC invocations=897 (full 113):
 par new generation   total 6144K, used 4K [0x00000000fec00000, 0x00000000ff2a0000, 0x00000000ff2a0000)
  eden space 5504K,   0% used [0x00000000fec00000, 0x00000000fec00000, 0x00000000ff160000)
  from space 640K,   0% used [0x00000000ff160000, 0x00000000ff161020, 0x00000000ff200000)
  to   space 640K,   0% used [0x00000000ff200000, 0x00000000ff200000, 0x00000000ff2a0000)
 concurrent mark-sweep generation total 13696K, used 10369K [0x00000000ff2a0000, 0x0000000100000000, 0x0000000100000000)
 Metaspace       used 5070K, capacity 5248K, committed 5504K, reserved 1056768K
  class space    used 554K, capacity 592K, committed 640K, reserved 1048576K
}
{Heap before GC invocations=897 (full 113):
 par new generation   total 6144K, used 5233K [0x00000000fec00000, 0x00000000ff2a0000, 0x00000000ff2a0000)
  eden space 5504K,  95% used [0x00000000fec00000, 0x00000000ff11b798, 0x00000000ff160000)
  from space 640K,   0% used [0x00000000ff160000, 0x00000000ff161020, 0x00000000ff200000)
  to   space 640K,   0% used [0x00000000ff200000, 0x00000000ff200000, 0x00000000ff2a0000)
 concurrent mark-sweep generation total 13696K, used 10369K [0x00000000ff2a0000, 0x0000000100000000, 0x0000000100000000)
 Metaspace       used 5070K, capacity 5248K, committed 5504K, reserved 1056768K
  class space    used 554K, capacity 592K, committed 640K, reserved 1048576K
2024-07-16T11:01:42.525+0800: 7.405: [GC (Allocation Failure) 2024-07-16T11:01:42.525+0800: 7.405: [ParNew: 5233K->6K(6144K), 0.0013661 secs] 15602K->11399K(19840K), 0.0014920 secs] [Times: user=0.00 sys=0.00, real=0.00 secs] 
Heap after GC invocations=898 (full 113):
 par new generation   total 6144K, used 6K [0x00000000fec00000, 0x00000000ff2a0000, 0x00000000ff2a0000)
  eden space 5504K,   0% used [0x00000000fec00000, 0x00000000fec00000, 0x00000000ff160000)
  from space 640K,   0% used [0x00000000ff200000, 0x00000000ff201830, 0x00000000ff2a0000)
  to   space 640K,   0% used [0x00000000ff160000, 0x00000000ff160000, 0x00000000ff200000)
 concurrent mark-sweep generation total 13696K, used 11393K [0x00000000ff2a0000, 0x0000000100000000, 0x0000000100000000)
 Metaspace       used 5070K, capacity 5248K, committed 5504K, reserved 1056768K
  class space    used 554K, capacity 592K, committed 640K, reserved 1048576K
}
{Heap before GC invocations=898 (full 113):
 par new generation   total 6144K, used 5235K [0x00000000fec00000, 0x00000000ff2a0000, 0x00000000ff2a0000)
  eden space 5504K,  95% used [0x00000000fec00000, 0x00000000ff11b798, 0x00000000ff160000)
  from space 640K,   0% used [0x00000000ff200000, 0x00000000ff201830, 0x00000000ff2a0000)
  to   space 640K,   0% used [0x00000000ff160000, 0x00000000ff160000, 0x00000000ff200000)
 concurrent mark-sweep generation total 13696K, used 11393K [0x00000000ff2a0000, 0x0000000100000000, 0x0000000100000000)
 Metaspace       used 5070K, capacity 5248K, committed 5504K, reserved 1056768K
  class space    used 554K, capacity 592K, committed 640K, reserved 1048576K
2024-07-16T11:01:42.534+0800: 7.414: [GC (Allocation Failure) 2024-07-16T11:01:42.534+0800: 7.414: [ParNew: 5235K->8K(6144K), 0.0018210 secs] 16629K->13451K(19840K), 0.0019479 secs] [Times: user=0.00 sys=0.00, real=0.00 secs] 
Heap after GC invocations=899 (full 113):
 par new generation   total 6144K, used 8K [0x00000000fec00000, 0x00000000ff2a0000, 0x00000000ff2a0000)
  eden space 5504K,   0% used [0x00000000fec00000, 0x00000000fec00000, 0x00000000ff160000)
  from space 640K,   1% used [0x00000000ff160000, 0x00000000ff162040, 0x00000000ff200000)
  to   space 640K,   0% used [0x00000000ff200000, 0x00000000ff200000, 0x00000000ff2a0000)
 concurrent mark-sweep generation total 13696K, used 13443K [0x00000000ff2a0000, 0x0000000100000000, 0x0000000100000000)
 Metaspace       used 5070K, capacity 5248K, committed 5504K, reserved 1056768K
  class space    used 554K, capacity 592K, committed 640K, reserved 1048576K
}
2024-07-16T11:01:42.536+0800: 7.417: [CMS-concurrent-abortable-preclean: 0.001/0.078 secs] [Times: user=0.00 sys=0.00, real=0.08 secs] 
2024-07-16T11:01:42.536+0800: 7.417: [GC (CMS Final Remark) [YG occupancy: 1141 K (6144 K)]2024-07-16T11:01:42.536+0800: 7.417: [Rescan (parallel) , 0.0007033 secs]2024-07-16T11:01:42.537+0800: 7.418: [weak refs processing, 0.0000437 secs]2024-07-16T11:01:42.537+0800: 7.418: [class unloading, 0.0009392 secs]2024-07-16T11:01:42.538+0800: 7.419: [scrub symbol table, 0.0008481 secs]2024-07-16T11:01:42.539+0800: 7.419: [scrub string table, 0.0002866 secs][1 CMS-remark: 13443K(13696K)] 14585K(19840K), 0.0030017 secs] [Times: user=0.00 sys=0.00, real=0.00 secs] 
2024-07-16T11:01:42.539+0800: 7.420: [CMS-concurrent-sweep-start]
2024-07-16T11:01:42.540+0800: 7.421: [CMS-concurrent-sweep: 0.001/0.001 secs] [Times: user=0.00 sys=0.00, real=0.00 secs] 
2024-07-16T11:01:42.540+0800: 7.421: [CMS-concurrent-reset-start]
2024-07-16T11:01:42.540+0800: 7.421: [CMS-concurrent-reset: 0.000/0.000 secs] [Times: user=0.00 sys=0.00, real=0.00 secs] 
{Heap before GC invocations=899 (full 113):
 par new generation   total 6144K, used 5237K [0x00000000fec00000, 0x00000000ff2a0000, 0x00000000ff2a0000)
  eden space 5504K,  95% used [0x00000000fec00000, 0x00000000ff11b798, 0x00000000ff160000)
  from space 640K,   1% used [0x00000000ff160000, 0x00000000ff162040, 0x00000000ff200000)
  to   space 640K,   0% used [0x00000000ff200000, 0x00000000ff200000, 0x00000000ff2a0000)
 concurrent mark-sweep generation total 13696K, used 10371K [0x00000000ff2a0000, 0x0000000100000000, 0x0000000100000000)
 Metaspace       used 5070K, capacity 5248K, committed 5504K, reserved 1056768K
  class space    used 554K, capacity 592K, committed 640K, reserved 1048576K
2024-07-16T11:01:42.545+0800: 7.425: [GC (Allocation Failure) 2024-07-16T11:01:42.545+0800: 7.425: [ParNew: 5237K->8K(6144K), 0.0014519 secs] 15608K->11403K(19840K), 0.0015489 secs] [Times: user=0.00 sys=0.00, real=0.00 secs] 
Heap after GC invocations=900 (full 113):
 par new generation   total 6144K, used 8K [0x00000000fec00000, 0x00000000ff2a0000, 0x00000000ff2a0000)
  eden space 5504K,   0% used [0x00000000fec00000, 0x00000000fec00000, 0x00000000ff160000)
  from space 640K,   1% used [0x00000000ff200000, 0x00000000ff202040, 0x00000000ff2a0000)
  to   space 640K,   0% used [0x00000000ff160000, 0x00000000ff160000, 0x00000000ff200000)
 concurrent mark-sweep generation total 13696K, used 11395K [0x00000000ff2a0000, 0x0000000100000000, 0x0000000100000000)
 Metaspace       used 5070K, capacity 5248K, committed 5504K, reserved 1056768K
  class space    used 554K, capacity 592K, committed 640K, reserved 1048576K
}
2024-07-16T11:01:42.547+0800: 7.427: [GC (CMS Initial Mark) [1 CMS-initial-mark: 11395K(13696K)] 12427K(19840K), 0.0004479 secs] [Times: user=0.00 sys=0.00, real=0.00 secs] 
2024-07-16T11:01:42.547+0800: 7.428: [CMS-concurrent-mark-start]
2024-07-16T11:01:42.552+0800: 7.432: [CMS-concurrent-mark: 0.005/0.005 secs] [Times: user=0.05 sys=0.00, real=0.01 secs] 
2024-07-16T11:01:42.552+0800: 7.432: [CMS-concurrent-preclean-start]
2024-07-16T11:01:42.552+0800: 7.432: [CMS-concurrent-preclean: 0.000/0.000 secs] [Times: user=0.00 sys=0.00, real=0.00 secs] 
2024-07-16T11:01:42.552+0800: 7.433: [CMS-concurrent-abortable-preclean-start]
{Heap before GC invocations=900 (full 114):
 par new generation   total 6144K, used 5237K [0x00000000fec00000, 0x00000000ff2a0000, 0x00000000ff2a0000)
  eden space 5504K,  95% used [0x00000000fec00000, 0x00000000ff11b798, 0x00000000ff160000)
  from space 640K,   1% used [0x00000000ff200000, 0x00000000ff202040, 0x00000000ff2a0000)
  to   space 640K,   0% used [0x00000000ff160000, 0x00000000ff160000, 0x00000000ff200000)
 concurrent mark-sweep generation total 13696K, used 11395K [0x00000000ff2a0000, 0x0000000100000000, 0x0000000100000000)
 Metaspace       used 5070K, capacity 5248K, committed 5504K, reserved 1056768K
  class space    used 554K, capacity 592K, committed 640K, reserved 1048576K
2024-07-16T11:01:42.556+0800: 7.436: [GC (Allocation Failure) 2024-07-16T11:01:42.556+0800: 7.436: [ParNew: 5237K->8K(6144K), 0.0013132 secs] 16633K->12427K(19840K), 0.0013973 secs] [Times: user=0.00 sys=0.00, real=0.00 secs] 
Heap after GC invocations=901 (full 114):
 par new generation   total 6144K, used 8K [0x00000000fec00000, 0x00000000ff2a0000, 0x00000000ff2a0000)
  eden space 5504K,   0% used [0x00000000fec00000, 0x00000000fec00000, 0x00000000ff160000)
  from space 640K,   1% used [0x00000000ff160000, 0x00000000ff162040, 0x00000000ff200000)
  to   space 640K,   0% used [0x00000000ff200000, 0x00000000ff200000, 0x00000000ff2a0000)
 concurrent mark-sweep generation total 13696K, used 12419K [0x00000000ff2a0000, 0x0000000100000000, 0x0000000100000000)
 Metaspace       used 5070K, capacity 5248K, committed 5504K, reserved 1056768K
  class space    used 554K, capacity 592K, committed 640K, reserved 1048576K
}
{Heap before GC invocations=901 (full 114):
 par new generation   total 6144K, used 5237K [0x00000000fec00000, 0x00000000ff2a0000, 0x00000000ff2a0000)
  eden space 5504K,  95% used [0x00000000fec00000, 0x00000000ff11b798, 0x00000000ff160000)
  from space 640K,   1% used [0x00000000ff160000, 0x00000000ff162040, 0x00000000ff200000)
  to   space 640K,   0% used [0x00000000ff200000, 0x00000000ff200000, 0x00000000ff2a0000)
 concurrent mark-sweep generation total 13696K, used 12419K [0x00000000ff2a0000, 0x0000000100000000, 0x0000000100000000)
 Metaspace       used 5070K, capacity 5248K, committed 5504K, reserved 1056768K
  class space    used 554K, capacity 592K, committed 640K, reserved 1048576K
2024-07-16T11:01:42.564+0800: 7.444: [GC (Allocation Failure) 2024-07-16T11:01:42.564+0800: 7.444: [ParNew: 5237K->5237K(6144K), 0.0000364 secs]2024-07-16T11:01:42.564+0800: 7.444: [CMS2024-07-16T11:01:42.564+0800: 7.444: [CMS-concurrent-abortable-preclean: 0.000/0.012 secs] [Times: user=0.00 sys=0.00, real=0.01 secs] 
 (concurrent mode failure): 12419K->2164K(13696K), 0.0061202 secs] 17657K->2164K(19840K), [Metaspace: 5070K->5070K(1056768K)], 0.0062595 secs] [Times: user=0.02 sys=0.00, real=0.01 secs] 
Heap after GC invocations=902 (full 115):
 par new generation   total 6144K, used 0K [0x00000000fec00000, 0x00000000ff2a0000, 0x00000000ff2a0000)
  eden space 5504K,   0% used [0x00000000fec00000, 0x00000000fec00000, 0x00000000ff160000)
  from space 640K,   0% used [0x00000000ff160000, 0x00000000ff160000, 0x00000000ff200000)
  to   space 640K,   0% used [0x00000000ff200000, 0x00000000ff200000, 0x00000000ff2a0000)
 concurrent mark-sweep generation total 13696K, used 2164K [0x00000000ff2a0000, 0x0000000100000000, 0x0000000100000000)
 Metaspace       used 5070K, capacity 5248K, committed 5504K, reserved 1056768K
  class space    used 554K, capacity 592K, committed 640K, reserved 1048576K
}
{Heap before GC invocations=902 (full 115):
 par new generation   total 6144K, used 5229K [0x00000000fec00000, 0x00000000ff2a0000, 0x00000000ff2a0000)
  eden space 5504K,  95% used [0x00000000fec00000, 0x00000000ff11b798, 0x00000000ff160000)
  from space 640K,   0% used [0x00000000ff160000, 0x00000000ff160000, 0x00000000ff200000)
  to   space 640K,   0% used [0x00000000ff200000, 0x00000000ff200000, 0x00000000ff2a0000)
 concurrent mark-sweep generation total 13696K, used 2164K [0x00000000ff2a0000, 0x0000000100000000, 0x0000000100000000)
 Metaspace       used 5070K, capacity 5248K, committed 5504K, reserved 1056768K
  class space    used 554K, capacity 592K, committed 640K, reserved 1048576K
2024-07-16T11:01:42.577+0800: 7.457: [GC (Allocation Failure) 2024-07-16T11:01:42.577+0800: 7.457: [ParNew: 5229K->4K(6144K), 0.0009803 secs] 7394K->2168K(19840K), 0.0010543 secs] [Times: user=0.00 sys=0.00, real=0.00 secs] 
Heap after GC invocations=903 (full 115):
 par new generation   total 6144K, used 4K [0x00000000fec00000, 0x00000000ff2a0000, 0x00000000ff2a0000)
  eden space 5504K,   0% used [0x00000000fec00000, 0x00000000fec00000, 0x00000000ff160000)
  from space 640K,   0% used [0x00000000ff200000, 0x00000000ff201020, 0x00000000ff2a0000)
  to   space 640K,   0% used [0x00000000ff160000, 0x00000000ff160000, 0x00000000ff200000)
 concurrent mark-sweep generation total 13696K, used 2164K [0x00000000ff2a0000, 0x0000000100000000, 0x0000000100000000)
 Metaspace       used 5070K, capacity 5248K, committed 5504K, reserved 1056768K
  class space    used 554K, capacity 592K, committed 640K, reserved 1048576K
}
{Heap before GC invocations=903 (full 115):
 par new generation   total 6144K, used 5233K [0x00000000fec00000, 0x00000000ff2a0000, 0x00000000ff2a0000)
  eden space 5504K,  95% used [0x00000000fec00000, 0x00000000ff11b798, 0x00000000ff160000)
  from space 640K,   0% used [0x00000000ff200000, 0x00000000ff201020, 0x00000000ff2a0000)
  to   space 640K,   0% used [0x00000000ff160000, 0x00000000ff160000, 0x00000000ff200000)
 concurrent mark-sweep generation total 13696K, used 2164K [0x00000000ff2a0000, 0x0000000100000000, 0x0000000100000000)
 Metaspace       used 5070K, capacity 5248K, committed 5504K, reserved 1056768K
  class space    used 554K, capacity 592K, committed 640K, reserved 1048576K
2024-07-16T11:01:42.585+0800: 7.465: [GC (Allocation Failure) 2024-07-16T11:01:42.585+0800: 7.465: [ParNew: 5233K->8K(6144K), 0.0013374 secs] 7398K->3198K(19840K), 0.0014432 secs] [Times: user=0.00 sys=0.00, real=0.00 secs] 
Heap after GC invocations=904 (full 115):
 par new generation   total 6144K, used 8K [0x00000000fec00000, 0x00000000ff2a0000, 0x00000000ff2a0000)
  eden space 5504K,   0% used [0x00000000fec00000, 0x00000000fec00000, 0x00000000ff160000)
  from space 640K,   1% used [0x00000000ff160000, 0x00000000ff162040, 0x00000000ff200000)
  to   space 640K,   0% used [0x00000000ff200000, 0x00000000ff200000, 0x00000000ff2a0000)
 concurrent mark-sweep generation total 13696K, used 3190K [0x00000000ff2a0000, 0x0000000100000000, 0x0000000100000000)
 Metaspace       used 5070K, capacity 5248K, committed 5504K, reserved 1056768K
  class space    used 554K, capacity 592K, committed 640K, reserved 1048576K
}
{Heap before GC invocations=904 (full 115):
 par new generation   total 6144K, used 5237K [0x00000000fec00000, 0x00000000ff2a0000, 0x00000000ff2a0000)
  eden space 5504K,  95% used [0x00000000fec00000, 0x00000000ff11b798, 0x00000000ff160000)
  from space 640K,   1% used [0x00000000ff160000, 0x00000000ff162040, 0x00000000ff200000)
  to   space 640K,   0% used [0x00000000ff200000, 0x00000000ff200000, 0x00000000ff2a0000)
 concurrent mark-sweep generation total 13696K, used 3190K [0x00000000ff2a0000, 0x0000000100000000, 0x0000000100000000)
 Metaspace       used 5070K, capacity 5248K, committed 5504K, reserved 1056768K
  class space    used 554K, capacity 592K, committed 640K, reserved 1048576K
2024-07-16T11:01:42.593+0800: 7.473: [GC (Allocation Failure) 2024-07-16T11:01:42.593+0800: 7.473: [ParNew: 5237K->4K(6144K), 0.0010634 secs] 8428K->3194K(19840K), 0.0011750 secs] [Times: user=0.00 sys=0.00, real=0.00 secs] 
Heap after GC invocations=905 (full 115):
 par new generation   total 6144K, used 4K [0x00000000fec00000, 0x00000000ff2a0000, 0x00000000ff2a0000)
  eden space 5504K,   0% used [0x00000000fec00000, 0x00000000fec00000, 0x00000000ff160000)
  from space 640K,   0% used [0x00000000ff200000, 0x00000000ff201020, 0x00000000ff2a0000)
  to   space 640K,   0% used [0x00000000ff160000, 0x00000000ff160000, 0x00000000ff200000)
 concurrent mark-sweep generation total 13696K, used 3190K [0x00000000ff2a0000, 0x0000000100000000, 0x0000000100000000)
 Metaspace       used 5070K, capacity 5248K, committed 5504K, reserved 1056768K
  class space    used 554K, capacity 592K, committed 640K, reserved 1048576K
}
{Heap before GC invocations=905 (full 115):
 par new generation   total 6144K, used 5233K [0x00000000fec00000, 0x00000000ff2a0000, 0x00000000ff2a0000)
  eden space 5504K,  95% used [0x00000000fec00000, 0x00000000ff11b798, 0x00000000ff160000)
  from space 640K,   0% used [0x00000000ff200000, 0x00000000ff201020, 0x00000000ff2a0000)
  to   space 640K,   0% used [0x00000000ff160000, 0x00000000ff160000, 0x00000000ff200000)
 concurrent mark-sweep generation total 13696K, used 3190K [0x00000000ff2a0000, 0x0000000100000000, 0x0000000100000000)
 Metaspace       used 5070K, capacity 5248K, committed 5504K, reserved 1056768K
  class space    used 554K, capacity 592K, committed 640K, reserved 1048576K
2024-07-16T11:01:42.602+0800: 7.482: [GC (Allocation Failure) 2024-07-16T11:01:42.602+0800: 7.482: [ParNew: 5233K->4K(6144K), 0.0012157 secs] 8424K->3194K(19840K), 0.0013182 secs] [Times: user=0.00 sys=0.00, real=0.00 secs] 
Heap after GC invocations=906 (full 115):
 par new generation   total 6144K, used 4K [0x00000000fec00000, 0x00000000ff2a0000, 0x00000000ff2a0000)
  eden space 5504K,   0% used [0x00000000fec00000, 0x00000000fec00000, 0x00000000ff160000)
  from space 640K,   0% used [0x00000000ff160000, 0x00000000ff161020, 0x00000000ff200000)
  to   space 640K,   0% used [0x00000000ff200000, 0x00000000ff200000, 0x00000000ff2a0000)
 concurrent mark-sweep generation total 13696K, used 3190K [0x00000000ff2a0000, 0x0000000100000000, 0x0000000100000000)
 Metaspace       used 5070K, capacity 5248K, committed 5504K, reserved 1056768K
  class space    used 554K, capacity 592K, committed 640K, reserved 1048576K
}
{Heap before GC invocations=906 (full 115):
 par new generation   total 6144K, used 5233K [0x00000000fec00000, 0x00000000ff2a0000, 0x00000000ff2a0000)
  eden space 5504K,  95% used [0x00000000fec00000, 0x00000000ff11b798, 0x00000000ff160000)
  from space 640K,   0% used [0x00000000ff160000, 0x00000000ff161020, 0x00000000ff200000)
  to   space 640K,   0% used [0x00000000ff200000, 0x00000000ff200000, 0x00000000ff2a0000)
 concurrent mark-sweep generation total 13696K, used 3190K [0x00000000ff2a0000, 0x0000000100000000, 0x0000000100000000)
 Metaspace       used 5070K, capacity 5248K, committed 5504K, reserved 1056768K
  class space    used 554K, capacity 592K, committed 640K, reserved 1048576K
2024-07-16T11:01:42.609+0800: 7.489: [GC (Allocation Failure) 2024-07-16T11:01:42.609+0800: 7.489: [ParNew: 5233K->8K(6144K), 0.0014862 secs] 8424K->4224K(19840K), 0.0016230 secs] [Times: user=0.00 sys=0.00, real=0.00 secs] 
Heap after GC invocations=907 (full 115):
 par new generation   total 6144K, used 8K [0x00000000fec00000, 0x00000000ff2a0000, 0x00000000ff2a0000)
  eden space 5504K,   0% used [0x00000000fec00000, 0x00000000fec00000, 0x00000000ff160000)
  from space 640K,   1% used [0x00000000ff200000, 0x00000000ff202040, 0x00000000ff2a0000)
  to   space 640K,   0% used [0x00000000ff160000, 0x00000000ff160000, 0x00000000ff200000)
 concurrent mark-sweep generation total 13696K, used 4216K [0x00000000ff2a0000, 0x0000000100000000, 0x0000000100000000)
 Metaspace       used 5070K, capacity 5248K, committed 5504K, reserved 1056768K
  class space    used 554K, capacity 592K, committed 640K, reserved 1048576K
}
{Heap before GC invocations=907 (full 115):
 par new generation   total 6144K, used 5237K [0x00000000fec00000, 0x00000000ff2a0000, 0x00000000ff2a0000)
  eden space 5504K,  95% used [0x00000000fec00000, 0x00000000ff11b798, 0x00000000ff160000)
  from space 640K,   1% used [0x00000000ff200000, 0x00000000ff202040, 0x00000000ff2a0000)
  to   space 640K,   0% used [0x00000000ff160000, 0x00000000ff160000, 0x00000000ff200000)
 concurrent mark-sweep generation total 13696K, used 4216K [0x00000000ff2a0000, 0x0000000100000000, 0x0000000100000000)
 Metaspace       used 5070K, capacity 5248K, committed 5504K, reserved 1056768K
  class space    used 554K, capacity 592K, committed 640K, reserved 1048576K
2024-07-16T11:01:42.618+0800: 7.498: [GC (Allocation Failure) 2024-07-16T11:01:42.618+0800: 7.498: [ParNew: 5237K->6K(6144K), 0.0014969 secs] 9454K->5248K(19840K), 0.0016018 secs] [Times: user=0.00 sys=0.00, real=0.00 secs] 
Heap after GC invocations=908 (full 115):
 par new generation   total 6144K, used 6K [0x00000000fec00000, 0x00000000ff2a0000, 0x00000000ff2a0000)
  eden space 5504K,   0% used [0x00000000fec00000, 0x00000000fec00000, 0x00000000ff160000)
  from space 640K,   0% used [0x00000000ff160000, 0x00000000ff161830, 0x00000000ff200000)
  to   space 640K,   0% used [0x00000000ff200000, 0x00000000ff200000, 0x00000000ff2a0000)
 concurrent mark-sweep generation total 13696K, used 5242K [0x00000000ff2a0000, 0x0000000100000000, 0x0000000100000000)
 Metaspace       used 5070K, capacity 5248K, committed 5504K, reserved 1056768K
  class space    used 554K, capacity 592K, committed 640K, reserved 1048576K
}
2024-07-16T11:01:42.620+0800: 7.500: [GC (CMS Initial Mark) [1 CMS-initial-mark: 5242K(13696K)] 6275K(19840K), 0.0004513 secs] [Times: user=0.00 sys=0.00, real=0.00 secs] 
2024-07-16T11:01:42.620+0800: 7.501: [CMS-concurrent-mark-start]
2024-07-16T11:01:42.625+0800: 7.506: [CMS-concurrent-mark: 0.005/0.005 secs] [Times: user=0.00 sys=0.00, real=0.01 secs] 
2024-07-16T11:01:42.625+0800: 7.506: [CMS-concurrent-preclean-start]
2024-07-16T11:01:42.625+0800: 7.506: [CMS-concurrent-preclean: 0.000/0.000 secs] [Times: user=0.00 sys=0.00, real=0.00 secs] 
2024-07-16T11:01:42.625+0800: 7.506: [CMS-concurrent-abortable-preclean-start]
{Heap before GC invocations=908 (full 116):
 par new generation   total 6144K, used 5235K [0x00000000fec00000, 0x00000000ff2a0000, 0x00000000ff2a0000)
  eden space 5504K,  95% used [0x00000000fec00000, 0x00000000ff11b798, 0x00000000ff160000)
  from space 640K,   0% used [0x00000000ff160000, 0x00000000ff161830, 0x00000000ff200000)
  to   space 640K,   0% used [0x00000000ff200000, 0x00000000ff200000, 0x00000000ff2a0000)
 concurrent mark-sweep generation total 13696K, used 5242K [0x00000000ff2a0000, 0x0000000100000000, 0x0000000100000000)
 Metaspace       used 5070K, capacity 5248K, committed 5504K, reserved 1056768K
  class space    used 554K, capacity 592K, committed 640K, reserved 1048576K
2024-07-16T11:01:42.627+0800: 7.507: [GC (Allocation Failure) 2024-07-16T11:01:42.627+0800: 7.507: [ParNew: 5235K->8K(6144K), 0.0013191 secs] 10478K->6275K(19840K), 0.0014268 secs] [Times: user=0.00 sys=0.00, real=0.00 secs] 
Heap after GC invocations=909 (full 116):
 par new generation   total 6144K, used 8K [0x00000000fec00000, 0x00000000ff2a0000, 0x00000000ff2a0000)
  eden space 5504K,   0% used [0x00000000fec00000, 0x00000000fec00000, 0x00000000ff160000)
  from space 640K,   1% used [0x00000000ff200000, 0x00000000ff202040, 0x00000000ff2a0000)
  to   space 640K,   0% used [0x00000000ff160000, 0x00000000ff160000, 0x00000000ff200000)
 concurrent mark-sweep generation total 13696K, used 6266K [0x00000000ff2a0000, 0x0000000100000000, 0x0000000100000000)
 Metaspace       used 5070K, capacity 5248K, committed 5504K, reserved 1056768K
  class space    used 554K, capacity 592K, committed 640K, reserved 1048576K
}
{Heap before GC invocations=909 (full 116):
 par new generation   total 6144K, used 5237K [0x00000000fec00000, 0x00000000ff2a0000, 0x00000000ff2a0000)
  eden space 5504K,  95% used [0x00000000fec00000, 0x00000000ff11b798, 0x00000000ff160000)
  from space 640K,   1% used [0x00000000ff200000, 0x00000000ff202040, 0x00000000ff2a0000)
  to   space 640K,   0% used [0x00000000ff160000, 0x00000000ff160000, 0x00000000ff200000)
 concurrent mark-sweep generation total 13696K, used 6266K [0x00000000ff2a0000, 0x0000000100000000, 0x0000000100000000)
 Metaspace       used 5070K, capacity 5248K, committed 5504K, reserved 1056768K
  class space    used 554K, capacity 592K, committed 640K, reserved 1048576K
2024-07-16T11:01:42.634+0800: 7.514: [GC (Allocation Failure) 2024-07-16T11:01:42.634+0800: 7.514: [ParNew: 5237K->6K(6144K), 0.0012521 secs] 11504K->7297K(19840K), 0.0013579 secs] [Times: user=0.00 sys=0.00, real=0.00 secs] 
Heap after GC invocations=910 (full 116):
 par new generation   total 6144K, used 6K [0x00000000fec00000, 0x00000000ff2a0000, 0x00000000ff2a0000)
  eden space 5504K,   0% used [0x00000000fec00000, 0x00000000fec00000, 0x00000000ff160000)
  from space 640K,   0% used [0x00000000ff160000, 0x00000000ff161830, 0x00000000ff200000)
  to   space 640K,   0% used [0x00000000ff200000, 0x00000000ff200000, 0x00000000ff2a0000)
 concurrent mark-sweep generation total 13696K, used 7290K [0x00000000ff2a0000, 0x0000000100000000, 0x0000000100000000)
 Metaspace       used 5070K, capacity 5248K, committed 5504K, reserved 1056768K
  class space    used 554K, capacity 592K, committed 640K, reserved 1048576K
}
{Heap before GC invocations=910 (full 116):
 par new generation   total 6144K, used 5235K [0x00000000fec00000, 0x00000000ff2a0000, 0x00000000ff2a0000)
  eden space 5504K,  95% used [0x00000000fec00000, 0x00000000ff11b798, 0x00000000ff160000)
  from space 640K,   0% used [0x00000000ff160000, 0x00000000ff161830, 0x00000000ff200000)
  to   space 640K,   0% used [0x00000000ff200000, 0x00000000ff200000, 0x00000000ff2a0000)
 concurrent mark-sweep generation total 13696K, used 7290K [0x00000000ff2a0000, 0x0000000100000000, 0x0000000100000000)
 Metaspace       used 5070K, capacity 5248K, committed 5504K, reserved 1056768K
  class space    used 554K, capacity 592K, committed 640K, reserved 1048576K
2024-07-16T11:01:42.641+0800: 7.521: [GC (Allocation Failure) 2024-07-16T11:01:42.641+0800: 7.521: [ParNew: 5235K->8K(6144K), 0.0013409 secs] 12526K->8325K(19840K), 0.0014407 secs] [Times: user=0.00 sys=0.00, real=0.00 secs] 
Heap after GC invocations=911 (full 116):
 par new generation   total 6144K, used 8K [0x00000000fec00000, 0x00000000ff2a0000, 0x00000000ff2a0000)
  eden space 5504K,   0% used [0x00000000fec00000, 0x00000000fec00000, 0x00000000ff160000)
  from space 640K,   1% used [0x00000000ff200000, 0x00000000ff202040, 0x00000000ff2a0000)
  to   space 640K,   0% used [0x00000000ff160000, 0x00000000ff160000, 0x00000000ff200000)
 concurrent mark-sweep generation total 13696K, used 8317K [0x00000000ff2a0000, 0x0000000100000000, 0x0000000100000000)
 Metaspace       used 5070K, capacity 5248K, committed 5504K, reserved 1056768K
  class space    used 554K, capacity 592K, committed 640K, reserved 1048576K
}
{Heap before GC invocations=911 (full 116):
 par new generation   total 6144K, used 5237K [0x00000000fec00000, 0x00000000ff2a0000, 0x00000000ff2a0000)
  eden space 5504K,  95% used [0x00000000fec00000, 0x00000000ff11b798, 0x00000000ff160000)
  from space 640K,   1% used [0x00000000ff200000, 0x00000000ff202040, 0x00000000ff2a0000)
  to   space 640K,   0% used [0x00000000ff160000, 0x00000000ff160000, 0x00000000ff200000)
 concurrent mark-sweep generation total 13696K, used 8317K [0x00000000ff2a0000, 0x0000000100000000, 0x0000000100000000)
 Metaspace       used 5070K, capacity 5248K, committed 5504K, reserved 1056768K
  class space    used 554K, capacity 592K, committed 640K, reserved 1048576K
2024-07-16T11:01:42.649+0800: 7.529: [GC (Allocation Failure) 2024-07-16T11:01:42.649+0800: 7.530: [ParNew: 5237K->8K(6144K), 0.0014447 secs] 13554K->9351K(19840K), 0.0017971 secs] [Times: user=0.00 sys=0.00, real=0.00 secs] 
Heap after GC invocations=912 (full 116):
 par new generation   total 6144K, used 8K [0x00000000fec00000, 0x00000000ff2a0000, 0x00000000ff2a0000)
  eden space 5504K,   0% used [0x00000000fec00000, 0x00000000fec00000, 0x00000000ff160000)
  from space 640K,   1% used [0x00000000ff160000, 0x00000000ff162040, 0x00000000ff200000)
  to   space 640K,   0% used [0x00000000ff200000, 0x00000000ff200000, 0x00000000ff2a0000)
 concurrent mark-sweep generation total 13696K, used 9343K [0x00000000ff2a0000, 0x0000000100000000, 0x0000000100000000)
 Metaspace       used 5070K, capacity 5248K, committed 5504K, reserved 1056768K
  class space    used 554K, capacity 592K, committed 640K, reserved 1048576K
}
{Heap before GC invocations=912 (full 116):
 par new generation   total 6144K, used 5237K [0x00000000fec00000, 0x00000000ff2a0000, 0x00000000ff2a0000)
  eden space 5504K,  95% used [0x00000000fec00000, 0x00000000ff11b798, 0x00000000ff160000)
  from space 640K,   1% used [0x00000000ff160000, 0x00000000ff162040, 0x00000000ff200000)
  to   space 640K,   0% used [0x00000000ff200000, 0x00000000ff200000, 0x00000000ff2a0000)
 concurrent mark-sweep generation total 13696K, used 9343K [0x00000000ff2a0000, 0x0000000100000000, 0x0000000100000000)
 Metaspace       used 5070K, capacity 5248K, committed 5504K, reserved 1056768K
  class space    used 554K, capacity 592K, committed 640K, reserved 1048576K
2024-07-16T11:01:42.657+0800: 7.537: [GC (Allocation Failure) 2024-07-16T11:01:42.657+0800: 7.537: [ParNew: 5237K->6K(6144K), 0.0014822 secs] 14581K->10373K(19840K), 0.0015856 secs] [Times: user=0.00 sys=0.00, real=0.00 secs] 
Heap after GC invocations=913 (full 116):
 par new generation   total 6144K, used 6K [0x00000000fec00000, 0x00000000ff2a0000, 0x00000000ff2a0000)
  eden space 5504K,   0% used [0x00000000fec00000, 0x00000000fec00000, 0x00000000ff160000)
  from space 640K,   0% used [0x00000000ff200000, 0x00000000ff201830, 0x00000000ff2a0000)
  to   space 640K,   0% used [0x00000000ff160000, 0x00000000ff160000, 0x00000000ff200000)
 concurrent mark-sweep generation total 13696K, used 10367K [0x00000000ff2a0000, 0x0000000100000000, 0x0000000100000000)
 Metaspace       used 5070K, capacity 5248K, committed 5504K, reserved 1056768K
  class space    used 554K, capacity 592K, committed 640K, reserved 1048576K
}
{Heap before GC invocations=913 (full 116):
 par new generation   total 6144K, used 5235K [0x00000000fec00000, 0x00000000ff2a0000, 0x00000000ff2a0000)
  eden space 5504K,  95% used [0x00000000fec00000, 0x00000000ff11b798, 0x00000000ff160000)
  from space 640K,   0% used [0x00000000ff200000, 0x00000000ff201830, 0x00000000ff2a0000)
  to   space 640K,   0% used [0x00000000ff160000, 0x00000000ff160000, 0x00000000ff200000)
 concurrent mark-sweep generation total 13696K, used 10367K [0x00000000ff2a0000, 0x0000000100000000, 0x0000000100000000)
 Metaspace       used 5070K, capacity 5248K, committed 5504K, reserved 1056768K
  class space    used 554K, capacity 592K, committed 640K, reserved 1048576K
2024-07-16T11:01:42.667+0800: 7.547: [GC (Allocation Failure) 2024-07-16T11:01:42.667+0800: 7.547: [ParNew: 5235K->4K(6144K), 0.0010952 secs] 15603K->10371K(19840K), 0.0013813 secs] [Times: user=0.00 sys=0.00, real=0.00 secs] 
Heap after GC invocations=914 (full 116):
 par new generation   total 6144K, used 4K [0x00000000fec00000, 0x00000000ff2a0000, 0x00000000ff2a0000)
  eden space 5504K,   0% used [0x00000000fec00000, 0x00000000fec00000, 0x00000000ff160000)
  from space 640K,   0% used [0x00000000ff160000, 0x00000000ff161020, 0x00000000ff200000)
  to   space 640K,   0% used [0x00000000ff200000, 0x00000000ff200000, 0x00000000ff2a0000)
 concurrent mark-sweep generation total 13696K, used 10367K [0x00000000ff2a0000, 0x0000000100000000, 0x0000000100000000)
 Metaspace       used 5070K, capacity 5248K, committed 5504K, reserved 1056768K
  class space    used 554K, capacity 592K, committed 640K, reserved 1048576K
}
{Heap before GC invocations=914 (full 116):
 par new generation   total 6144K, used 5233K [0x00000000fec00000, 0x00000000ff2a0000, 0x00000000ff2a0000)
  eden space 5504K,  95% used [0x00000000fec00000, 0x00000000ff11b798, 0x00000000ff160000)
  from space 640K,   0% used [0x00000000ff160000, 0x00000000ff161020, 0x00000000ff200000)
  to   space 640K,   0% used [0x00000000ff200000, 0x00000000ff200000, 0x00000000ff2a0000)
 concurrent mark-sweep generation total 13696K, used 10367K [0x00000000ff2a0000, 0x0000000100000000, 0x0000000100000000)
 Metaspace       used 5070K, capacity 5248K, committed 5504K, reserved 1056768K
  class space    used 554K, capacity 592K, committed 640K, reserved 1048576K
2024-07-16T11:01:42.675+0800: 7.555: [GC (Allocation Failure) 2024-07-16T11:01:42.675+0800: 7.555: [ParNew: 5233K->10K(6144K), 0.0013080 secs] 15601K->11403K(19840K), 0.0014029 secs] [Times: user=0.00 sys=0.00, real=0.00 secs] 
Heap after GC invocations=915 (full 116):
 par new generation   total 6144K, used 10K [0x00000000fec00000, 0x00000000ff2a0000, 0x00000000ff2a0000)
  eden space 5504K,   0% used [0x00000000fec00000, 0x00000000fec00000, 0x00000000ff160000)
  from space 640K,   1% used [0x00000000ff200000, 0x00000000ff202850, 0x00000000ff2a0000)
  to   space 640K,   0% used [0x00000000ff160000, 0x00000000ff160000, 0x00000000ff200000)
 concurrent mark-sweep generation total 13696K, used 11393K [0x00000000ff2a0000, 0x0000000100000000, 0x0000000100000000)
 Metaspace       used 5070K, capacity 5248K, committed 5504K, reserved 1056768K
  class space    used 554K, capacity 592K, committed 640K, reserved 1048576K
}
{Heap before GC invocations=915 (full 116):
 par new generation   total 6144K, used 5239K [0x00000000fec00000, 0x00000000ff2a0000, 0x00000000ff2a0000)
  eden space 5504K,  95% used [0x00000000fec00000, 0x00000000ff11b798, 0x00000000ff160000)
  from space 640K,   1% used [0x00000000ff200000, 0x00000000ff202850, 0x00000000ff2a0000)
  to   space 640K,   0% used [0x00000000ff160000, 0x00000000ff160000, 0x00000000ff200000)
 concurrent mark-sweep generation total 13696K, used 11393K [0x00000000ff2a0000, 0x0000000100000000, 0x0000000100000000)
 Metaspace       used 5070K, capacity 5248K, committed 5504K, reserved 1056768K
  class space    used 554K, capacity 592K, committed 640K, reserved 1048576K
2024-07-16T11:01:42.684+0800: 7.564: [GC (Allocation Failure) 2024-07-16T11:01:42.684+0800: 7.564: [ParNew: 5239K->4K(6144K), 0.0011007 secs] 16633K->11397K(19840K), 0.0012120 secs] [Times: user=0.00 sys=0.00, real=0.00 secs] 
Heap after GC invocations=916 (full 116):
 par new generation   total 6144K, used 4K [0x00000000fec00000, 0x00000000ff2a0000, 0x00000000ff2a0000)
  eden space 5504K,   0% used [0x00000000fec00000, 0x00000000fec00000, 0x00000000ff160000)
  from space 640K,   0% used [0x00000000ff160000, 0x00000000ff161020, 0x00000000ff200000)
  to   space 640K,   0% used [0x00000000ff200000, 0x00000000ff200000, 0x00000000ff2a0000)
 concurrent mark-sweep generation total 13696K, used 11393K [0x00000000ff2a0000, 0x0000000100000000, 0x0000000100000000)
 Metaspace       used 5070K, capacity 5248K, committed 5504K, reserved 1056768K
  class space    used 554K, capacity 592K, committed 640K, reserved 1048576K
}
{Heap before GC invocations=916 (full 116):
 par new generation   total 6144K, used 5233K [0x00000000fec00000, 0x00000000ff2a0000, 0x00000000ff2a0000)
  eden space 5504K,  95% used [0x00000000fec00000, 0x00000000ff11b798, 0x00000000ff160000)
  from space 640K,   0% used [0x00000000ff160000, 0x00000000ff161020, 0x00000000ff200000)
  to   space 640K,   0% used [0x00000000ff200000, 0x00000000ff200000, 0x00000000ff2a0000)
 concurrent mark-sweep generation total 13696K, used 11393K [0x00000000ff2a0000, 0x0000000100000000, 0x0000000100000000)
 Metaspace       used 5070K, capacity 5248K, committed 5504K, reserved 1056768K
  class space    used 554K, capacity 592K, committed 640K, reserved 1048576K
2024-07-16T11:01:42.693+0800: 7.573: [GC (Allocation Failure) 2024-07-16T11:01:42.693+0800: 7.573: [ParNew: 5233K->4K(6144K), 0.0010095 secs] 16627K->11397K(19840K), 0.0012183 secs] [Times: user=0.00 sys=0.00, real=0.00 secs] 
Heap after GC invocations=917 (full 116):
 par new generation   total 6144K, used 4K [0x00000000fec00000, 0x00000000ff2a0000, 0x00000000ff2a0000)
  eden space 5504K,   0% used [0x00000000fec00000, 0x00000000fec00000, 0x00000000ff160000)
  from space 640K,   0% used [0x00000000ff200000, 0x00000000ff201020, 0x00000000ff2a0000)
  to   space 640K,   0% used [0x00000000ff160000, 0x00000000ff160000, 0x00000000ff200000)
 concurrent mark-sweep generation total 13696K, used 11393K [0x00000000ff2a0000, 0x0000000100000000, 0x0000000100000000)
 Metaspace       used 5070K, capacity 5248K, committed 5504K, reserved 1056768K
  class space    used 554K, capacity 592K, committed 640K, reserved 1048576K
}
{Heap before GC invocations=917 (full 116):
 par new generation   total 6144K, used 5233K [0x00000000fec00000, 0x00000000ff2a0000, 0x00000000ff2a0000)
  eden space 5504K,  95% used [0x00000000fec00000, 0x00000000ff11b798, 0x00000000ff160000)
  from space 640K,   0% used [0x00000000ff200000, 0x00000000ff201020, 0x00000000ff2a0000)
  to   space 640K,   0% used [0x00000000ff160000, 0x00000000ff160000, 0x00000000ff200000)
 concurrent mark-sweep generation total 13696K, used 11393K [0x00000000ff2a0000, 0x0000000100000000, 0x0000000100000000)
 Metaspace       used 5070K, capacity 5248K, committed 5504K, reserved 1056768K
  class space    used 554K, capacity 592K, committed 640K, reserved 1048576K
2024-07-16T11:01:42.702+0800: 7.582: [GC (Allocation Failure) 2024-07-16T11:01:42.702+0800: 7.582: [ParNew: 5233K->6K(6144K), 0.0016780 secs] 16627K->13447K(19840K), 0.0017851 secs] [Times: user=0.00 sys=0.00, real=0.00 secs] 
Heap after GC invocations=918 (full 116):
 par new generation   total 6144K, used 6K [0x00000000fec00000, 0x00000000ff2a0000, 0x00000000ff2a0000)
  eden space 5504K,   0% used [0x00000000fec00000, 0x00000000fec00000, 0x00000000ff160000)
  from space 640K,   0% used [0x00000000ff160000, 0x00000000ff161830, 0x00000000ff200000)
  to   space 640K,   0% used [0x00000000ff200000, 0x00000000ff200000, 0x00000000ff2a0000)
 concurrent mark-sweep generation total 13696K, used 13441K [0x00000000ff2a0000, 0x0000000100000000, 0x0000000100000000)
 Metaspace       used 5070K, capacity 5248K, committed 5504K, reserved 1056768K
  class space    used 554K, capacity 592K, committed 640K, reserved 1048576K
}
2024-07-16T11:01:42.704+0800: 7.584: [CMS-concurrent-abortable-preclean: 0.001/0.078 secs] [Times: user=0.03 sys=0.00, real=0.08 secs] 
2024-07-16T11:01:42.704+0800: 7.584: [GC (CMS Final Remark) [YG occupancy: 1139 K (6144 K)]2024-07-16T11:01:42.704+0800: 7.584: [Rescan (parallel) , 0.0004411 secs]2024-07-16T11:01:42.704+0800: 7.585: [weak refs processing, 0.0000300 secs]2024-07-16T11:01:42.704+0800: 7.585: [class unloading, 0.0008988 secs]2024-07-16T11:01:42.706+0800: 7.586: [scrub symbol table, 0.0007255 secs]2024-07-16T11:01:42.706+0800: 7.587: [scrub string table, 0.0003504 secs][1 CMS-remark: 13441K(13696K)] 14581K(19840K), 0.0025903 secs] [Times: user=0.00 sys=0.02, real=0.00 secs] 
2024-07-16T11:01:42.706+0800: 7.587: [CMS-concurrent-sweep-start]
2024-07-16T11:01:42.707+0800: 7.588: [CMS-concurrent-sweep: 0.001/0.001 secs] [Times: user=0.00 sys=0.00, real=0.00 secs] 
2024-07-16T11:01:42.707+0800: 7.588: [CMS-concurrent-reset-start]
2024-07-16T11:01:42.707+0800: 7.588: [CMS-concurrent-reset: 0.000/0.000 secs] [Times: user=0.00 sys=0.00, real=0.00 secs] 
{Heap before GC invocations=918 (full 116):
 par new generation   total 6144K, used 5235K [0x00000000fec00000, 0x00000000ff2a0000, 0x00000000ff2a0000)
  eden space 5504K,  95% used [0x00000000fec00000, 0x00000000ff11b798, 0x00000000ff160000)
  from space 640K,   0% used [0x00000000ff160000, 0x00000000ff161830, 0x00000000ff200000)
  to   space 640K,   0% used [0x00000000ff200000, 0x00000000ff200000, 0x00000000ff2a0000)
 concurrent mark-sweep generation total 13696K, used 9344K [0x00000000ff2a0000, 0x0000000100000000, 0x0000000100000000)
 Metaspace       used 5070K, capacity 5248K, committed 5504K, reserved 1056768K
  class space    used 554K, capacity 592K, committed 640K, reserved 1048576K
2024-07-16T11:01:42.714+0800: 7.594: [GC (Allocation Failure) 2024-07-16T11:01:42.714+0800: 7.594: [ParNew: 5235K->6K(6144K), 0.0011635 secs] 14580K->10375K(19840K), 0.0012423 secs] [Times: user=0.00 sys=0.00, real=0.00 secs] 
Heap after GC invocations=919 (full 116):
 par new generation   total 6144K, used 6K [0x00000000fec00000, 0x00000000ff2a0000, 0x00000000ff2a0000)
  eden space 5504K,   0% used [0x00000000fec00000, 0x00000000fec00000, 0x00000000ff160000)
  from space 640K,   0% used [0x00000000ff200000, 0x00000000ff201830, 0x00000000ff2a0000)
  to   space 640K,   0% used [0x00000000ff160000, 0x00000000ff160000, 0x00000000ff200000)
 concurrent mark-sweep generation total 13696K, used 10368K [0x00000000ff2a0000, 0x0000000100000000, 0x0000000100000000)
 Metaspace       used 5070K, capacity 5248K, committed 5504K, reserved 1056768K
  class space    used 554K, capacity 592K, committed 640K, reserved 1048576K
}
2024-07-16T11:01:42.715+0800: 7.596: [GC (CMS Initial Mark) [1 CMS-initial-mark: 10368K(13696K)] 11401K(19840K), 0.0005451 secs] [Times: user=0.00 sys=0.00, real=0.00 secs] 
2024-07-16T11:01:42.716+0800: 7.597: [CMS-concurrent-mark-start]
2024-07-16T11:01:42.722+0800: 7.603: [CMS-concurrent-mark: 0.006/0.006 secs] [Times: user=0.05 sys=0.00, real=0.01 secs] 
2024-07-16T11:01:42.722+0800: 7.603: [CMS-concurrent-preclean-start]
2024-07-16T11:01:42.722+0800: 7.603: [CMS-concurrent-preclean: 0.000/0.000 secs] [Times: user=0.00 sys=0.00, real=0.00 secs] 
2024-07-16T11:01:42.722+0800: 7.603: [CMS-concurrent-abortable-preclean-start]
{Heap before GC invocations=919 (full 117):
 par new generation   total 6144K, used 5235K [0x00000000fec00000, 0x00000000ff2a0000, 0x00000000ff2a0000)
  eden space 5504K,  95% used [0x00000000fec00000, 0x00000000ff11b798, 0x00000000ff160000)
  from space 640K,   0% used [0x00000000ff200000, 0x00000000ff201830, 0x00000000ff2a0000)
  to   space 640K,   0% used [0x00000000ff160000, 0x00000000ff160000, 0x00000000ff200000)
 concurrent mark-sweep generation total 13696K, used 10368K [0x00000000ff2a0000, 0x0000000100000000, 0x0000000100000000)
 Metaspace       used 5070K, capacity 5248K, committed 5504K, reserved 1056768K
  class space    used 554K, capacity 592K, committed 640K, reserved 1048576K
2024-07-16T11:01:42.723+0800: 7.603: [GC (Allocation Failure) 2024-07-16T11:01:42.723+0800: 7.604: [ParNew: 5235K->6K(6144K), 0.0013520 secs] 15604K->11401K(19840K), 0.0014741 secs] [Times: user=0.00 sys=0.00, real=0.00 secs] 
Heap after GC invocations=920 (full 117):
 par new generation   total 6144K, used 6K [0x00000000fec00000, 0x00000000ff2a0000, 0x00000000ff2a0000)
  eden space 5504K,   0% used [0x00000000fec00000, 0x00000000fec00000, 0x00000000ff160000)
  from space 640K,   0% used [0x00000000ff160000, 0x00000000ff161830, 0x00000000ff200000)
  to   space 640K,   0% used [0x00000000ff200000, 0x00000000ff200000, 0x00000000ff2a0000)
 concurrent mark-sweep generation total 13696K, used 11395K [0x00000000ff2a0000, 0x0000000100000000, 0x0000000100000000)
 Metaspace       used 5070K, capacity 5248K, committed 5504K, reserved 1056768K
  class space    used 554K, capacity 592K, committed 640K, reserved 1048576K
}
{Heap before GC invocations=920 (full 117):
 par new generation   total 6144K, used 5235K [0x00000000fec00000, 0x00000000ff2a0000, 0x00000000ff2a0000)
  eden space 5504K,  95% used [0x00000000fec00000, 0x00000000ff11b798, 0x00000000ff160000)
  from space 640K,   0% used [0x00000000ff160000, 0x00000000ff161830, 0x00000000ff200000)
  to   space 640K,   0% used [0x00000000ff200000, 0x00000000ff200000, 0x00000000ff2a0000)
 concurrent mark-sweep generation total 13696K, used 11395K [0x00000000ff2a0000, 0x0000000100000000, 0x0000000100000000)
 Metaspace       used 5070K, capacity 5248K, committed 5504K, reserved 1056768K
  class space    used 554K, capacity 592K, committed 640K, reserved 1048576K
2024-07-16T11:01:42.731+0800: 7.611: [GC (Allocation Failure) 2024-07-16T11:01:42.731+0800: 7.611: [ParNew: 5235K->6K(6144K), 0.0010922 secs] 16630K->12425K(19840K), 0.0012689 secs] [Times: user=0.00 sys=0.00, real=0.00 secs] 
Heap after GC invocations=921 (full 117):
 par new generation   total 6144K, used 6K [0x00000000fec00000, 0x00000000ff2a0000, 0x00000000ff2a0000)
  eden space 5504K,   0% used [0x00000000fec00000, 0x00000000fec00000, 0x00000000ff160000)
  from space 640K,   0% used [0x00000000ff200000, 0x00000000ff201830, 0x00000000ff2a0000)
  to   space 640K,   0% used [0x00000000ff160000, 0x00000000ff160000, 0x00000000ff200000)
 concurrent mark-sweep generation total 13696K, used 12419K [0x00000000ff2a0000, 0x0000000100000000, 0x0000000100000000)
 Metaspace       used 5070K, capacity 5248K, committed 5504K, reserved 1056768K
  class space    used 554K, capacity 592K, committed 640K, reserved 1048576K
}
{Heap before GC invocations=921 (full 117):
 par new generation   total 6144K, used 5235K [0x00000000fec00000, 0x00000000ff2a0000, 0x00000000ff2a0000)
  eden space 5504K,  95% used [0x00000000fec00000, 0x00000000ff11b798, 0x00000000ff160000)
  from space 640K,   0% used [0x00000000ff200000, 0x00000000ff201830, 0x00000000ff2a0000)
  to   space 640K,   0% used [0x00000000ff160000, 0x00000000ff160000, 0x00000000ff200000)
 concurrent mark-sweep generation total 13696K, used 12419K [0x00000000ff2a0000, 0x0000000100000000, 0x0000000100000000)
 Metaspace       used 5070K, capacity 5248K, committed 5504K, reserved 1056768K
  class space    used 554K, capacity 592K, committed 640K, reserved 1048576K
2024-07-16T11:01:42.740+0800: 7.620: [GC (Allocation Failure) 2024-07-16T11:01:42.740+0800: 7.620: [ParNew: 5235K->5235K(6144K), 0.0000252 secs]2024-07-16T11:01:42.740+0800: 7.620: [CMS2024-07-16T11:01:42.740+0800: 7.621: [CMS-concurrent-abortable-preclean: 0.000/0.018 secs] [Times: user=0.00 sys=0.00, real=0.02 secs] 
 (concurrent mode failure): 12419K->2164K(13696K), 0.0049333 secs] 17655K->2164K(19840K), [Metaspace: 5070K->5070K(1056768K)], 0.0050323 secs] [Times: user=0.00 sys=0.00, real=0.00 secs] 
Heap after GC invocations=922 (full 118):
 par new generation   total 6144K, used 0K [0x00000000fec00000, 0x00000000ff2a0000, 0x00000000ff2a0000)
  eden space 5504K,   0% used [0x00000000fec00000, 0x00000000fec00000, 0x00000000ff160000)
  from space 640K,   0% used [0x00000000ff200000, 0x00000000ff200000, 0x00000000ff2a0000)
  to   space 640K,   0% used [0x00000000ff160000, 0x00000000ff160000, 0x00000000ff200000)
 concurrent mark-sweep generation total 13696K, used 2164K [0x00000000ff2a0000, 0x0000000100000000, 0x0000000100000000)
 Metaspace       used 5070K, capacity 5248K, committed 5504K, reserved 1056768K
  class space    used 554K, capacity 592K, committed 640K, reserved 1048576K
}
{Heap before GC invocations=922 (full 118):
 par new generation   total 6144K, used 5229K [0x00000000fec00000, 0x00000000ff2a0000, 0x00000000ff2a0000)
  eden space 5504K,  95% used [0x00000000fec00000, 0x00000000ff11b798, 0x00000000ff160000)
  from space 640K,   0% used [0x00000000ff200000, 0x00000000ff200000, 0x00000000ff2a0000)
  to   space 640K,   0% used [0x00000000ff160000, 0x00000000ff160000, 0x00000000ff200000)
 concurrent mark-sweep generation total 13696K, used 2164K [0x00000000ff2a0000, 0x0000000100000000, 0x0000000100000000)
 Metaspace       used 5070K, capacity 5248K, committed 5504K, reserved 1056768K
  class space    used 554K, capacity 592K, committed 640K, reserved 1048576K
2024-07-16T11:01:42.752+0800: 7.632: [GC (Allocation Failure) 2024-07-16T11:01:42.752+0800: 7.632: [ParNew: 5229K->8K(6144K), 0.0013312 secs] 7394K->3198K(19840K), 0.0015101 secs] [Times: user=0.00 sys=0.00, real=0.00 secs] 
Heap after GC invocations=923 (full 118):
 par new generation   total 6144K, used 8K [0x00000000fec00000, 0x00000000ff2a0000, 0x00000000ff2a0000)
  eden space 5504K,   0% used [0x00000000fec00000, 0x00000000fec00000, 0x00000000ff160000)
  from space 640K,   1% used [0x00000000ff160000, 0x00000000ff162040, 0x00000000ff200000)
  to   space 640K,   0% used [0x00000000ff200000, 0x00000000ff200000, 0x00000000ff2a0000)
 concurrent mark-sweep generation total 13696K, used 3190K [0x00000000ff2a0000, 0x0000000100000000, 0x0000000100000000)
 Metaspace       used 5070K, capacity 5248K, committed 5504K, reserved 1056768K
  class space    used 554K, capacity 592K, committed 640K, reserved 1048576K
}
{Heap before GC invocations=923 (full 118):
 par new generation   total 6144K, used 5237K [0x00000000fec00000, 0x00000000ff2a0000, 0x00000000ff2a0000)
  eden space 5504K,  95% used [0x00000000fec00000, 0x00000000ff11b798, 0x00000000ff160000)
  from space 640K,   1% used [0x00000000ff160000, 0x00000000ff162040, 0x00000000ff200000)
  to   space 640K,   0% used [0x00000000ff200000, 0x00000000ff200000, 0x00000000ff2a0000)
 concurrent mark-sweep generation total 13696K, used 3190K [0x00000000ff2a0000, 0x0000000100000000, 0x0000000100000000)
 Metaspace       used 5070K, capacity 5248K, committed 5504K, reserved 1056768K
  class space    used 554K, capacity 592K, committed 640K, reserved 1048576K
2024-07-16T11:01:42.761+0800: 7.641: [GC (Allocation Failure) 2024-07-16T11:01:42.761+0800: 7.641: [ParNew: 5237K->6K(6144K), 0.0013983 secs] 8428K->4222K(19840K), 0.0014830 secs] [Times: user=0.00 sys=0.00, real=0.00 secs] 
Heap after GC invocations=924 (full 118):
 par new generation   total 6144K, used 6K [0x00000000fec00000, 0x00000000ff2a0000, 0x00000000ff2a0000)
  eden space 5504K,   0% used [0x00000000fec00000, 0x00000000fec00000, 0x00000000ff160000)
  from space 640K,   0% used [0x00000000ff200000, 0x00000000ff201830, 0x00000000ff2a0000)
  to   space 640K,   0% used [0x00000000ff160000, 0x00000000ff160000, 0x00000000ff200000)
 concurrent mark-sweep generation total 13696K, used 4216K [0x00000000ff2a0000, 0x0000000100000000, 0x0000000100000000)
 Metaspace       used 5070K, capacity 5248K, committed 5504K, reserved 1056768K
  class space    used 554K, capacity 592K, committed 640K, reserved 1048576K
}
2024-07-16T11:01:42.762+0800: 7.643: [GC (CMS Initial Mark) [1 CMS-initial-mark: 4216K(13696K)] 5248K(19840K), 0.0003232 secs] [Times: user=0.00 sys=0.00, real=0.00 secs] 
2024-07-16T11:01:42.763+0800: 7.644: [CMS-concurrent-mark-start]
2024-07-16T11:01:42.767+0800: 7.647: [CMS-concurrent-mark: 0.004/0.004 secs] [Times: user=0.00 sys=0.00, real=0.00 secs] 
2024-07-16T11:01:42.767+0800: 7.647: [CMS-concurrent-preclean-start]
2024-07-16T11:01:42.767+0800: 7.648: [CMS-concurrent-preclean: 0.000/0.000 secs] [Times: user=0.00 sys=0.00, real=0.00 secs] 
2024-07-16T11:01:42.767+0800: 7.648: [CMS-concurrent-abortable-preclean-start]
{Heap before GC invocations=924 (full 119):
 par new generation   total 6144K, used 5235K [0x00000000fec00000, 0x00000000ff2a0000, 0x00000000ff2a0000)
  eden space 5504K,  95% used [0x00000000fec00000, 0x00000000ff11b798, 0x00000000ff160000)
  from space 640K,   0% used [0x00000000ff200000, 0x00000000ff201830, 0x00000000ff2a0000)
  to   space 640K,   0% used [0x00000000ff160000, 0x00000000ff160000, 0x00000000ff200000)
 concurrent mark-sweep generation total 13696K, used 4216K [0x00000000ff2a0000, 0x0000000100000000, 0x0000000100000000)
 Metaspace       used 5070K, capacity 5248K, committed 5504K, reserved 1056768K
  class space    used 554K, capacity 592K, committed 640K, reserved 1048576K
2024-07-16T11:01:42.770+0800: 7.650: [GC (Allocation Failure) 2024-07-16T11:01:42.770+0800: 7.650: [ParNew: 5235K->4K(6144K), 0.0010069 secs] 9452K->4220K(19840K), 0.0011559 secs] [Times: user=0.00 sys=0.00, real=0.00 secs] 
Heap after GC invocations=925 (full 119):
 par new generation   total 6144K, used 4K [0x00000000fec00000, 0x00000000ff2a0000, 0x00000000ff2a0000)
  eden space 5504K,   0% used [0x00000000fec00000, 0x00000000fec00000, 0x00000000ff160000)
  from space 640K,   0% used [0x00000000ff160000, 0x00000000ff161020, 0x00000000ff200000)
  to   space 640K,   0% used [0x00000000ff200000, 0x00000000ff200000, 0x00000000ff2a0000)
 concurrent mark-sweep generation total 13696K, used 4216K [0x00000000ff2a0000, 0x0000000100000000, 0x0000000100000000)
 Metaspace       used 5070K, capacity 5248K, committed 5504K, reserved 1056768K
  class space    used 554K, capacity 592K, committed 640K, reserved 1048576K
}
{Heap before GC invocations=925 (full 119):
 par new generation   total 6144K, used 5233K [0x00000000fec00000, 0x00000000ff2a0000, 0x00000000ff2a0000)
  eden space 5504K,  95% used [0x00000000fec00000, 0x00000000ff11b798, 0x00000000ff160000)
  from space 640K,   0% used [0x00000000ff160000, 0x00000000ff161020, 0x00000000ff200000)
  to   space 640K,   0% used [0x00000000ff200000, 0x00000000ff200000, 0x00000000ff2a0000)
 concurrent mark-sweep generation total 13696K, used 4216K [0x00000000ff2a0000, 0x0000000100000000, 0x0000000100000000)
 Metaspace       used 5070K, capacity 5248K, committed 5504K, reserved 1056768K
  class space    used 554K, capacity 592K, committed 640K, reserved 1048576K
2024-07-16T11:01:42.779+0800: 7.659: [GC (Allocation Failure) 2024-07-16T11:01:42.779+0800: 7.659: [ParNew: 5233K->4K(6144K), 0.0011344 secs] 9450K->4220K(19840K), 0.0012228 secs] [Times: user=0.00 sys=0.00, real=0.00 secs] 
Heap after GC invocations=926 (full 119):
 par new generation   total 6144K, used 4K [0x00000000fec00000, 0x00000000ff2a0000, 0x00000000ff2a0000)
  eden space 5504K,   0% used [0x00000000fec00000, 0x00000000fec00000, 0x00000000ff160000)
  from space 640K,   0% used [0x00000000ff200000, 0x00000000ff201020, 0x00000000ff2a0000)
  to   space 640K,   0% used [0x00000000ff160000, 0x00000000ff160000, 0x00000000ff200000)
 concurrent mark-sweep generation total 13696K, used 4216K [0x00000000ff2a0000, 0x0000000100000000, 0x0000000100000000)
 Metaspace       used 5070K, capacity 5248K, committed 5504K, reserved 1056768K
  class space    used 554K, capacity 592K, committed 640K, reserved 1048576K
}
{Heap before GC invocations=926 (full 119):
 par new generation   total 6144K, used 5233K [0x00000000fec00000, 0x00000000ff2a0000, 0x00000000ff2a0000)
  eden space 5504K,  95% used [0x00000000fec00000, 0x00000000ff11b798, 0x00000000ff160000)
  from space 640K,   0% used [0x00000000ff200000, 0x00000000ff201020, 0x00000000ff2a0000)
  to   space 640K,   0% used [0x00000000ff160000, 0x00000000ff160000, 0x00000000ff200000)
 concurrent mark-sweep generation total 13696K, used 4216K [0x00000000ff2a0000, 0x0000000100000000, 0x0000000100000000)
 Metaspace       used 5070K, capacity 5248K, committed 5504K, reserved 1056768K
  class space    used 554K, capacity 592K, committed 640K, reserved 1048576K
2024-07-16T11:01:42.788+0800: 7.668: [GC (Allocation Failure) 2024-07-16T11:01:42.788+0800: 7.668: [ParNew: 5233K->4K(6144K), 0.0012014 secs] 9450K->4220K(19840K), 0.0013029 secs] [Times: user=0.00 sys=0.00, real=0.00 secs] 
Heap after GC invocations=927 (full 119):
 par new generation   total 6144K, used 4K [0x00000000fec00000, 0x00000000ff2a0000, 0x00000000ff2a0000)
  eden space 5504K,   0% used [0x00000000fec00000, 0x00000000fec00000, 0x00000000ff160000)
  from space 640K,   0% used [0x00000000ff160000, 0x00000000ff161020, 0x00000000ff200000)
  to   space 640K,   0% used [0x00000000ff200000, 0x00000000ff200000, 0x00000000ff2a0000)
 concurrent mark-sweep generation total 13696K, used 4216K [0x00000000ff2a0000, 0x0000000100000000, 0x0000000100000000)
 Metaspace       used 5070K, capacity 5248K, committed 5504K, reserved 1056768K
  class space    used 554K, capacity 592K, committed 640K, reserved 1048576K
}
{Heap before GC invocations=927 (full 119):
 par new generation   total 6144K, used 5233K [0x00000000fec00000, 0x00000000ff2a0000, 0x00000000ff2a0000)
  eden space 5504K,  95% used [0x00000000fec00000, 0x00000000ff11b798, 0x00000000ff160000)
  from space 640K,   0% used [0x00000000ff160000, 0x00000000ff161020, 0x00000000ff200000)
  to   space 640K,   0% used [0x00000000ff200000, 0x00000000ff200000, 0x00000000ff2a0000)
 concurrent mark-sweep generation total 13696K, used 4216K [0x00000000ff2a0000, 0x0000000100000000, 0x0000000100000000)
 Metaspace       used 5070K, capacity 5248K, committed 5504K, reserved 1056768K
  class space    used 554K, capacity 592K, committed 640K, reserved 1048576K
2024-07-16T11:01:42.795+0800: 7.675: [GC (Allocation Failure) 2024-07-16T11:01:42.795+0800: 7.676: [ParNew: 5233K->8K(6144K), 0.0013861 secs] 9450K->5251K(19840K), 0.0015979 secs] [Times: user=0.00 sys=0.00, real=0.00 secs] 
Heap after GC invocations=928 (full 119):
 par new generation   total 6144K, used 8K [0x00000000fec00000, 0x00000000ff2a0000, 0x00000000ff2a0000)
  eden space 5504K,   0% used [0x00000000fec00000, 0x00000000fec00000, 0x00000000ff160000)
  from space 640K,   1% used [0x00000000ff200000, 0x00000000ff202040, 0x00000000ff2a0000)
  to   space 640K,   0% used [0x00000000ff160000, 0x00000000ff160000, 0x00000000ff200000)
 concurrent mark-sweep generation total 13696K, used 5242K [0x00000000ff2a0000, 0x0000000100000000, 0x0000000100000000)
 Metaspace       used 5070K, capacity 5248K, committed 5504K, reserved 1056768K
  class space    used 554K, capacity 592K, committed 640K, reserved 1048576K
}
{Heap before GC invocations=928 (full 119):
 par new generation   total 6144K, used 5237K [0x00000000fec00000, 0x00000000ff2a0000, 0x00000000ff2a0000)
  eden space 5504K,  95% used [0x00000000fec00000, 0x00000000ff11b798, 0x00000000ff160000)
  from space 640K,   1% used [0x00000000ff200000, 0x00000000ff202040, 0x00000000ff2a0000)
  to   space 640K,   0% used [0x00000000ff160000, 0x00000000ff160000, 0x00000000ff200000)
 concurrent mark-sweep generation total 13696K, used 5242K [0x00000000ff2a0000, 0x0000000100000000, 0x0000000100000000)
 Metaspace       used 5070K, capacity 5248K, committed 5504K, reserved 1056768K
  class space    used 554K, capacity 592K, committed 640K, reserved 1048576K
2024-07-16T11:01:42.804+0800: 7.684: [GC (Allocation Failure) 2024-07-16T11:01:42.804+0800: 7.684: [ParNew: 5237K->8K(6144K), 0.0014916 secs] 10480K->6275K(19840K), 0.0015856 secs] [Times: user=0.00 sys=0.00, real=0.00 secs] 
Heap after GC invocations=929 (full 119):
 par new generation   total 6144K, used 8K [0x00000000fec00000, 0x00000000ff2a0000, 0x00000000ff2a0000)
  eden space 5504K,   0% used [0x00000000fec00000, 0x00000000fec00000, 0x00000000ff160000)
  from space 640K,   1% used [0x00000000ff160000, 0x00000000ff162040, 0x00000000ff200000)
  to   space 640K,   0% used [0x00000000ff200000, 0x00000000ff200000, 0x00000000ff2a0000)
 concurrent mark-sweep generation total 13696K, used 6266K [0x00000000ff2a0000, 0x0000000100000000, 0x0000000100000000)
 Metaspace       used 5070K, capacity 5248K, committed 5504K, reserved 1056768K
  class space    used 554K, capacity 592K, committed 640K, reserved 1048576K
}
{Heap before GC invocations=929 (full 119):
 par new generation   total 6144K, used 5237K [0x00000000fec00000, 0x00000000ff2a0000, 0x00000000ff2a0000)
  eden space 5504K,  95% used [0x00000000fec00000, 0x00000000ff11b798, 0x00000000ff160000)
  from space 640K,   1% used [0x00000000ff160000, 0x00000000ff162040, 0x00000000ff200000)
  to   space 640K,   0% used [0x00000000ff200000, 0x00000000ff200000, 0x00000000ff2a0000)
 concurrent mark-sweep generation total 13696K, used 6266K [0x00000000ff2a0000, 0x0000000100000000, 0x0000000100000000)
 Metaspace       used 5070K, capacity 5248K, committed 5504K, reserved 1056768K
  class space    used 554K, capacity 592K, committed 640K, reserved 1048576K
2024-07-16T11:01:42.814+0800: 7.694: [GC (Allocation Failure) 2024-07-16T11:01:42.814+0800: 7.695: [ParNew: 5237K->4K(6144K), 0.0012105 secs] 11504K->6270K(19840K), 0.0013365 secs] [Times: user=0.16 sys=0.00, real=0.00 secs] 
Heap after GC invocations=930 (full 119):
 par new generation   total 6144K, used 4K [0x00000000fec00000, 0x00000000ff2a0000, 0x00000000ff2a0000)
  eden space 5504K,   0% used [0x00000000fec00000, 0x00000000fec00000, 0x00000000ff160000)
  from space 640K,   0% used [0x00000000ff200000, 0x00000000ff201020, 0x00000000ff2a0000)
  to   space 640K,   0% used [0x00000000ff160000, 0x00000000ff160000, 0x00000000ff200000)
 concurrent mark-sweep generation total 13696K, used 6266K [0x00000000ff2a0000, 0x0000000100000000, 0x0000000100000000)
 Metaspace       used 5070K, capacity 5248K, committed 5504K, reserved 1056768K
  class space    used 554K, capacity 592K, committed 640K, reserved 1048576K
}
{Heap before GC invocations=930 (full 119):
 par new generation   total 6144K, used 5233K [0x00000000fec00000, 0x00000000ff2a0000, 0x00000000ff2a0000)
  eden space 5504K,  95% used [0x00000000fec00000, 0x00000000ff11b798, 0x00000000ff160000)
  from space 640K,   0% used [0x00000000ff200000, 0x00000000ff201020, 0x00000000ff2a0000)
  to   space 640K,   0% used [0x00000000ff160000, 0x00000000ff160000, 0x00000000ff200000)
 concurrent mark-sweep generation total 13696K, used 6266K [0x00000000ff2a0000, 0x0000000100000000, 0x0000000100000000)
 Metaspace       used 5070K, capacity 5248K, committed 5504K, reserved 1056768K
  class space    used 554K, capacity 592K, committed 640K, reserved 1048576K
2024-07-16T11:01:42.823+0800: 7.703: [GC (Allocation Failure) 2024-07-16T11:01:42.823+0800: 7.703: [ParNew: 5233K->6K(6144K), 0.0011609 secs] 11500K->7299K(19840K), 0.0012628 secs] [Times: user=0.00 sys=0.00, real=0.00 secs] 
Heap after GC invocations=931 (full 119):
 par new generation   total 6144K, used 6K [0x00000000fec00000, 0x00000000ff2a0000, 0x00000000ff2a0000)
  eden space 5504K,   0% used [0x00000000fec00000, 0x00000000fec00000, 0x00000000ff160000)
  from space 640K,   0% used [0x00000000ff160000, 0x00000000ff161830, 0x00000000ff200000)
  to   space 640K,   0% used [0x00000000ff200000, 0x00000000ff200000, 0x00000000ff2a0000)
 concurrent mark-sweep generation total 13696K, used 7293K [0x00000000ff2a0000, 0x0000000100000000, 0x0000000100000000)
 Metaspace       used 5070K, capacity 5248K, committed 5504K, reserved 1056768K
  class space    used 554K, capacity 592K, committed 640K, reserved 1048576K
}
{Heap before GC invocations=931 (full 119):
 par new generation   total 6144K, used 5235K [0x00000000fec00000, 0x00000000ff2a0000, 0x00000000ff2a0000)
  eden space 5504K,  95% used [0x00000000fec00000, 0x00000000ff11b798, 0x00000000ff160000)
  from space 640K,   0% used [0x00000000ff160000, 0x00000000ff161830, 0x00000000ff200000)
  to   space 640K,   0% used [0x00000000ff200000, 0x00000000ff200000, 0x00000000ff2a0000)
 concurrent mark-sweep generation total 13696K, used 7293K [0x00000000ff2a0000, 0x0000000100000000, 0x0000000100000000)
 Metaspace       used 5070K, capacity 5248K, committed 5504K, reserved 1056768K
  class space    used 554K, capacity 592K, committed 640K, reserved 1048576K
2024-07-16T11:01:42.831+0800: 7.711: [GC (Allocation Failure) 2024-07-16T11:01:42.831+0800: 7.711: [ParNew: 5235K->8K(6144K), 0.0009194 secs] 12528K->8325K(19840K), 0.0009974 secs] [Times: user=0.00 sys=0.00, real=0.00 secs] 
Heap after GC invocations=932 (full 119):
 par new generation   total 6144K, used 8K [0x00000000fec00000, 0x00000000ff2a0000, 0x00000000ff2a0000)
  eden space 5504K,   0% used [0x00000000fec00000, 0x00000000fec00000, 0x00000000ff160000)
  from space 640K,   1% used [0x00000000ff200000, 0x00000000ff202040, 0x00000000ff2a0000)
  to   space 640K,   0% used [0x00000000ff160000, 0x00000000ff160000, 0x00000000ff200000)
 concurrent mark-sweep generation total 13696K, used 8317K [0x00000000ff2a0000, 0x0000000100000000, 0x0000000100000000)
 Metaspace       used 5070K, capacity 5248K, committed 5504K, reserved 1056768K
  class space    used 554K, capacity 592K, committed 640K, reserved 1048576K
}
{Heap before GC invocations=932 (full 119):
 par new generation   total 6144K, used 5237K [0x00000000fec00000, 0x00000000ff2a0000, 0x00000000ff2a0000)
  eden space 5504K,  95% used [0x00000000fec00000, 0x00000000ff11b798, 0x00000000ff160000)
  from space 640K,   1% used [0x00000000ff200000, 0x00000000ff202040, 0x00000000ff2a0000)
  to   space 640K,   0% used [0x00000000ff160000, 0x00000000ff160000, 0x00000000ff200000)
 concurrent mark-sweep generation total 13696K, used 8317K [0x00000000ff2a0000, 0x0000000100000000, 0x0000000100000000)
 Metaspace       used 5070K, capacity 5248K, committed 5504K, reserved 1056768K
  class space    used 554K, capacity 592K, committed 640K, reserved 1048576K
2024-07-16T11:01:42.838+0800: 7.718: [GC (Allocation Failure) 2024-07-16T11:01:42.838+0800: 7.718: [ParNew: 5237K->8K(6144K), 0.0012720 secs] 13554K->9349K(19840K), 0.0013692 secs] [Times: user=0.00 sys=0.00, real=0.00 secs] 
Heap after GC invocations=933 (full 119):
 par new generation   total 6144K, used 8K [0x00000000fec00000, 0x00000000ff2a0000, 0x00000000ff2a0000)
  eden space 5504K,   0% used [0x00000000fec00000, 0x00000000fec00000, 0x00000000ff160000)
  from space 640K,   1% used [0x00000000ff160000, 0x00000000ff162040, 0x00000000ff200000)
  to   space 640K,   0% used [0x00000000ff200000, 0x00000000ff200000, 0x00000000ff2a0000)
 concurrent mark-sweep generation total 13696K, used 9341K [0x00000000ff2a0000, 0x0000000100000000, 0x0000000100000000)
 Metaspace       used 5070K, capacity 5248K, committed 5504K, reserved 1056768K
  class space    used 554K, capacity 592K, committed 640K, reserved 1048576K
}
{Heap before GC invocations=933 (full 119):
 par new generation   total 6144K, used 5237K [0x00000000fec00000, 0x00000000ff2a0000, 0x00000000ff2a0000)
  eden space 5504K,  95% used [0x00000000fec00000, 0x00000000ff11b798, 0x00000000ff160000)
  from space 640K,   1% used [0x00000000ff160000, 0x00000000ff162040, 0x00000000ff200000)
  to   space 640K,   0% used [0x00000000ff200000, 0x00000000ff200000, 0x00000000ff2a0000)
 concurrent mark-sweep generation total 13696K, used 9341K [0x00000000ff2a0000, 0x0000000100000000, 0x0000000100000000)
 Metaspace       used 5070K, capacity 5248K, committed 5504K, reserved 1056768K
  class space    used 554K, capacity 592K, committed 640K, reserved 1048576K
2024-07-16T11:01:42.845+0800: 7.725: [GC (Allocation Failure) 2024-07-16T11:01:42.845+0800: 7.725: [ParNew: 5237K->8K(6144K), 0.0013075 secs] 14579K->10373K(19840K), 0.0014044 secs] [Times: user=0.00 sys=0.02, real=0.00 secs] 
Heap after GC invocations=934 (full 119):
 par new generation   total 6144K, used 8K [0x00000000fec00000, 0x00000000ff2a0000, 0x00000000ff2a0000)
  eden space 5504K,   0% used [0x00000000fec00000, 0x00000000fec00000, 0x00000000ff160000)
  from space 640K,   1% used [0x00000000ff200000, 0x00000000ff202040, 0x00000000ff2a0000)
  to   space 640K,   0% used [0x00000000ff160000, 0x00000000ff160000, 0x00000000ff200000)
 concurrent mark-sweep generation total 13696K, used 10365K [0x00000000ff2a0000, 0x0000000100000000, 0x0000000100000000)
 Metaspace       used 5070K, capacity 5248K, committed 5504K, reserved 1056768K
  class space    used 554K, capacity 592K, committed 640K, reserved 1048576K
}
{Heap before GC invocations=934 (full 119):
 par new generation   total 6144K, used 5237K [0x00000000fec00000, 0x00000000ff2a0000, 0x00000000ff2a0000)
  eden space 5504K,  95% used [0x00000000fec00000, 0x00000000ff11b798, 0x00000000ff160000)
  from space 640K,   1% used [0x00000000ff200000, 0x00000000ff202040, 0x00000000ff2a0000)
  to   space 640K,   0% used [0x00000000ff160000, 0x00000000ff160000, 0x00000000ff200000)
 concurrent mark-sweep generation total 13696K, used 10365K [0x00000000ff2a0000, 0x0000000100000000, 0x0000000100000000)
 Metaspace       used 5070K, capacity 5248K, committed 5504K, reserved 1056768K
  class space    used 554K, capacity 592K, committed 640K, reserved 1048576K
2024-07-16T11:01:42.853+0800: 7.733: [GC (Allocation Failure) 2024-07-16T11:01:42.853+0800: 7.733: [ParNew: 5237K->4K(6144K), 0.0011185 secs] 15603K->10369K(19840K), 0.0012081 secs] [Times: user=0.00 sys=0.00, real=0.00 secs] 
Heap after GC invocations=935 (full 119):
 par new generation   total 6144K, used 4K [0x00000000fec00000, 0x00000000ff2a0000, 0x00000000ff2a0000)
  eden space 5504K,   0% used [0x00000000fec00000, 0x00000000fec00000, 0x00000000ff160000)
  from space 640K,   0% used [0x00000000ff160000, 0x00000000ff161020, 0x00000000ff200000)
  to   space 640K,   0% used [0x00000000ff200000, 0x00000000ff200000, 0x00000000ff2a0000)
 concurrent mark-sweep generation total 13696K, used 10365K [0x00000000ff2a0000, 0x0000000100000000, 0x0000000100000000)
 Metaspace       used 5070K, capacity 5248K, committed 5504K, reserved 1056768K
  class space    used 554K, capacity 592K, committed 640K, reserved 1048576K
}
{Heap before GC invocations=935 (full 119):
 par new generation   total 6144K, used 5233K [0x00000000fec00000, 0x00000000ff2a0000, 0x00000000ff2a0000)
  eden space 5504K,  95% used [0x00000000fec00000, 0x00000000ff11b798, 0x00000000ff160000)
  from space 640K,   0% used [0x00000000ff160000, 0x00000000ff161020, 0x00000000ff200000)
  to   space 640K,   0% used [0x00000000ff200000, 0x00000000ff200000, 0x00000000ff2a0000)
 concurrent mark-sweep generation total 13696K, used 10365K [0x00000000ff2a0000, 0x0000000100000000, 0x0000000100000000)
 Metaspace       used 5070K, capacity 5248K, committed 5504K, reserved 1056768K
  class space    used 554K, capacity 592K, committed 640K, reserved 1048576K
2024-07-16T11:01:42.860+0800: 7.740: [GC (Allocation Failure) 2024-07-16T11:01:42.860+0800: 7.740: [ParNew: 5233K->6K(6144K), 0.0011671 secs] 15598K->11395K(19840K), 0.0012435 secs] [Times: user=0.00 sys=0.00, real=0.00 secs] 
Heap after GC invocations=936 (full 119):
 par new generation   total 6144K, used 6K [0x00000000fec00000, 0x00000000ff2a0000, 0x00000000ff2a0000)
  eden space 5504K,   0% used [0x00000000fec00000, 0x00000000fec00000, 0x00000000ff160000)
  from space 640K,   0% used [0x00000000ff200000, 0x00000000ff201830, 0x00000000ff2a0000)
  to   space 640K,   0% used [0x00000000ff160000, 0x00000000ff160000, 0x00000000ff200000)
 concurrent mark-sweep generation total 13696K, used 11389K [0x00000000ff2a0000, 0x0000000100000000, 0x0000000100000000)
 Metaspace       used 5070K, capacity 5248K, committed 5504K, reserved 1056768K
  class space    used 554K, capacity 592K, committed 640K, reserved 1048576K
}
{Heap before GC invocations=936 (full 119):
 par new generation   total 6144K, used 5235K [0x00000000fec00000, 0x00000000ff2a0000, 0x00000000ff2a0000)
  eden space 5504K,  95% used [0x00000000fec00000, 0x00000000ff11b798, 0x00000000ff160000)
  from space 640K,   0% used [0x00000000ff200000, 0x00000000ff201830, 0x00000000ff2a0000)
  to   space 640K,   0% used [0x00000000ff160000, 0x00000000ff160000, 0x00000000ff200000)
 concurrent mark-sweep generation total 13696K, used 11389K [0x00000000ff2a0000, 0x0000000100000000, 0x0000000100000000)
 Metaspace       used 5070K, capacity 5248K, committed 5504K, reserved 1056768K
  class space    used 554K, capacity 592K, committed 640K, reserved 1048576K
2024-07-16T11:01:42.868+0800: 7.748: [GC (Allocation Failure) 2024-07-16T11:01:42.868+0800: 7.748: [ParNew: 5235K->10K(6144K), 0.0015886 secs] 16625K->13447K(19840K), 0.0016772 secs] [Times: user=0.00 sys=0.00, real=0.00 secs] 
Heap after GC invocations=937 (full 119):
 par new generation   total 6144K, used 10K [0x00000000fec00000, 0x00000000ff2a0000, 0x00000000ff2a0000)
  eden space 5504K,   0% used [0x00000000fec00000, 0x00000000fec00000, 0x00000000ff160000)
  from space 640K,   1% used [0x00000000ff160000, 0x00000000ff162850, 0x00000000ff200000)
  to   space 640K,   0% used [0x00000000ff200000, 0x00000000ff200000, 0x00000000ff2a0000)
 concurrent mark-sweep generation total 13696K, used 13437K [0x00000000ff2a0000, 0x0000000100000000, 0x0000000100000000)
 Metaspace       used 5070K, capacity 5248K, committed 5504K, reserved 1056768K
  class space    used 554K, capacity 592K, committed 640K, reserved 1048576K
}
2024-07-16T11:01:42.870+0800: 7.750: [CMS-concurrent-abortable-preclean: 0.002/0.103 secs] [Times: user=0.16 sys=0.02, real=0.10 secs] 
2024-07-16T11:01:42.870+0800: 7.751: [GC (CMS Final Remark) [YG occupancy: 1143 K (6144 K)]2024-07-16T11:01:42.870+0800: 7.751: [Rescan (parallel) , 0.0004308 secs]2024-07-16T11:01:42.870+0800: 7.751: [weak refs processing, 0.0000337 secs]2024-07-16T11:01:42.870+0800: 7.751: [class unloading, 0.0008314 secs]2024-07-16T11:01:42.871+0800: 7.752: [scrub symbol table, 0.0007586 secs]2024-07-16T11:01:42.872+0800: 7.753: [scrub string table, 0.0002187 secs][1 CMS-remark: 13437K(13696K)] 14581K(19840K), 0.0023982 secs] [Times: user=0.00 sys=0.00, real=0.00 secs] 
2024-07-16T11:01:42.872+0800: 7.753: [CMS-concurrent-sweep-start]
2024-07-16T11:01:42.873+0800: 7.754: [CMS-concurrent-sweep: 0.000/0.000 secs] [Times: user=0.00 sys=0.00, real=0.00 secs] 
2024-07-16T11:01:42.873+0800: 7.754: [CMS-concurrent-reset-start]
2024-07-16T11:01:42.873+0800: 7.754: [CMS-concurrent-reset: 0.000/0.000 secs] [Times: user=0.00 sys=0.00, real=0.00 secs] 
{Heap before GC invocations=937 (full 119):
 par new generation   total 6144K, used 5239K [0x00000000fec00000, 0x00000000ff2a0000, 0x00000000ff2a0000)
  eden space 5504K,  95% used [0x00000000fec00000, 0x00000000ff11b798, 0x00000000ff160000)
  from space 640K,   1% used [0x00000000ff160000, 0x00000000ff162850, 0x00000000ff200000)
  to   space 640K,   0% used [0x00000000ff200000, 0x00000000ff200000, 0x00000000ff2a0000)
 concurrent mark-sweep generation total 13696K, used 10364K [0x00000000ff2a0000, 0x0000000100000000, 0x0000000100000000)
 Metaspace       used 5070K, capacity 5248K, committed 5504K, reserved 1056768K
  class space    used 554K, capacity 592K, committed 640K, reserved 1048576K
2024-07-16T11:01:42.877+0800: 7.757: [GC (Allocation Failure) 2024-07-16T11:01:42.877+0800: 7.757: [ParNew: 5239K->8K(6144K), 0.0013007 secs] 15604K->11399K(19840K), 0.0013986 secs] [Times: user=0.00 sys=0.00, real=0.00 secs] 
Heap after GC invocations=938 (full 119):
 par new generation   total 6144K, used 8K [0x00000000fec00000, 0x00000000ff2a0000, 0x00000000ff2a0000)
  eden space 5504K,   0% used [0x00000000fec00000, 0x00000000fec00000, 0x00000000ff160000)
  from space 640K,   1% used [0x00000000ff200000, 0x00000000ff202040, 0x00000000ff2a0000)
  to   space 640K,   0% used [0x00000000ff160000, 0x00000000ff160000, 0x00000000ff200000)
 concurrent mark-sweep generation total 13696K, used 11390K [0x00000000ff2a0000, 0x0000000100000000, 0x0000000100000000)
 Metaspace       used 5070K, capacity 5248K, committed 5504K, reserved 1056768K
  class space    used 554K, capacity 592K, committed 640K, reserved 1048576K
}
2024-07-16T11:01:42.878+0800: 7.759: [GC (CMS Initial Mark) [1 CMS-initial-mark: 11390K(13696K)] 12425K(19840K), 0.0005166 secs] [Times: user=0.00 sys=0.00, real=0.00 secs] 
2024-07-16T11:01:42.879+0800: 7.760: [CMS-concurrent-mark-start]
2024-07-16T11:01:42.883+0800: 7.764: [CMS-concurrent-mark: 0.004/0.004 secs] [Times: user=0.00 sys=0.00, real=0.00 secs] 
2024-07-16T11:01:42.883+0800: 7.764: [CMS-concurrent-preclean-start]
2024-07-16T11:01:42.883+0800: 7.764: [CMS-concurrent-preclean: 0.000/0.000 secs] [Times: user=0.00 sys=0.00, real=0.00 secs] 
2024-07-16T11:01:42.883+0800: 7.764: [CMS-concurrent-abortable-preclean-start]
{Heap before GC invocations=938 (full 120):
 par new generation   total 6144K, used 5237K [0x00000000fec00000, 0x00000000ff2a0000, 0x00000000ff2a0000)
  eden space 5504K,  95% used [0x00000000fec00000, 0x00000000ff11b798, 0x00000000ff160000)
  from space 640K,   1% used [0x00000000ff200000, 0x00000000ff202040, 0x00000000ff2a0000)
  to   space 640K,   0% used [0x00000000ff160000, 0x00000000ff160000, 0x00000000ff200000)
 concurrent mark-sweep generation total 13696K, used 11390K [0x00000000ff2a0000, 0x0000000100000000, 0x0000000100000000)
 Metaspace       used 5070K, capacity 5248K, committed 5504K, reserved 1056768K
  class space    used 554K, capacity 592K, committed 640K, reserved 1048576K
2024-07-16T11:01:42.888+0800: 7.768: [GC (Allocation Failure) 2024-07-16T11:01:42.888+0800: 7.768: [ParNew: 5237K->6K(6144K), 0.0011131 secs] 16628K->12421K(19840K), 0.0011865 secs] [Times: user=0.00 sys=0.00, real=0.00 secs] 
Heap after GC invocations=939 (full 120):
 par new generation   total 6144K, used 6K [0x00000000fec00000, 0x00000000ff2a0000, 0x00000000ff2a0000)
  eden space 5504K,   0% used [0x00000000fec00000, 0x00000000fec00000, 0x00000000ff160000)
  from space 640K,   0% used [0x00000000ff160000, 0x00000000ff161830, 0x00000000ff200000)
  to   space 640K,   0% used [0x00000000ff200000, 0x00000000ff200000, 0x00000000ff2a0000)
 concurrent mark-sweep generation total 13696K, used 12414K [0x00000000ff2a0000, 0x0000000100000000, 0x0000000100000000)
 Metaspace       used 5070K, capacity 5248K, committed 5504K, reserved 1056768K
  class space    used 554K, capacity 592K, committed 640K, reserved 1048576K
}
{Heap before GC invocations=939 (full 120):
 par new generation   total 6144K, used 5235K [0x00000000fec00000, 0x00000000ff2a0000, 0x00000000ff2a0000)
  eden space 5504K,  95% used [0x00000000fec00000, 0x00000000ff11b798, 0x00000000ff160000)
  from space 640K,   0% used [0x00000000ff160000, 0x00000000ff161830, 0x00000000ff200000)
  to   space 640K,   0% used [0x00000000ff200000, 0x00000000ff200000, 0x00000000ff2a0000)
 concurrent mark-sweep generation total 13696K, used 12414K [0x00000000ff2a0000, 0x0000000100000000, 0x0000000100000000)
 Metaspace       used 5070K, capacity 5248K, committed 5504K, reserved 1056768K
  class space    used 554K, capacity 592K, committed 640K, reserved 1048576K
2024-07-16T11:01:42.896+0800: 7.776: [GC (Allocation Failure) 2024-07-16T11:01:42.896+0800: 7.776: [ParNew: 5235K->5235K(6144K), 0.0000245 secs]2024-07-16T11:01:42.896+0800: 7.776: [CMS2024-07-16T11:01:42.896+0800: 7.777: [CMS-concurrent-abortable-preclean: 0.000/0.012 secs] [Times: user=0.00 sys=0.00, real=0.01 secs] 
 (concurrent mode failure): 12414K->1140K(13696K), 0.0050287 secs] 17650K->1140K(19840K), [Metaspace: 5070K->5070K(1056768K)], 0.0051360 secs] [Times: user=0.00 sys=0.00, real=0.01 secs] 
Heap after GC invocations=940 (full 121):
 par new generation   total 6144K, used 0K [0x00000000fec00000, 0x00000000ff2a0000, 0x00000000ff2a0000)
  eden space 5504K,   0% used [0x00000000fec00000, 0x00000000fec00000, 0x00000000ff160000)
  from space 640K,   0% used [0x00000000ff160000, 0x00000000ff160000, 0x00000000ff200000)
  to   space 640K,   0% used [0x00000000ff200000, 0x00000000ff200000, 0x00000000ff2a0000)
 concurrent mark-sweep generation total 13696K, used 1140K [0x00000000ff2a0000, 0x0000000100000000, 0x0000000100000000)
 Metaspace       used 5070K, capacity 5248K, committed 5504K, reserved 1056768K
  class space    used 554K, capacity 592K, committed 640K, reserved 1048576K
}
{Heap before GC invocations=940 (full 121):
 par new generation   total 6144K, used 5229K [0x00000000fec00000, 0x00000000ff2a0000, 0x00000000ff2a0000)
  eden space 5504K,  95% used [0x00000000fec00000, 0x00000000ff11b798, 0x00000000ff160000)
  from space 640K,   0% used [0x00000000ff160000, 0x00000000ff160000, 0x00000000ff200000)
  to   space 640K,   0% used [0x00000000ff200000, 0x00000000ff200000, 0x00000000ff2a0000)
 concurrent mark-sweep generation total 13696K, used 1140K [0x00000000ff2a0000, 0x0000000100000000, 0x0000000100000000)
 Metaspace       used 5070K, capacity 5248K, committed 5504K, reserved 1056768K
  class space    used 554K, capacity 592K, committed 640K, reserved 1048576K
2024-07-16T11:01:42.907+0800: 7.787: [GC (Allocation Failure) 2024-07-16T11:01:42.907+0800: 7.787: [ParNew: 5229K->8K(6144K), 0.0011013 secs] 6370K->2174K(19840K), 0.0012017 secs] [Times: user=0.09 sys=0.03, real=0.00 secs] 
Heap after GC invocations=941 (full 121):
 par new generation   total 6144K, used 8K [0x00000000fec00000, 0x00000000ff2a0000, 0x00000000ff2a0000)
  eden space 5504K,   0% used [0x00000000fec00000, 0x00000000fec00000, 0x00000000ff160000)
  from space 640K,   1% used [0x00000000ff200000, 0x00000000ff202040, 0x00000000ff2a0000)
  to   space 640K,   0% used [0x00000000ff160000, 0x00000000ff160000, 0x00000000ff200000)
 concurrent mark-sweep generation total 13696K, used 2166K [0x00000000ff2a0000, 0x0000000100000000, 0x0000000100000000)
 Metaspace       used 5070K, capacity 5248K, committed 5504K, reserved 1056768K
  class space    used 554K, capacity 592K, committed 640K, reserved 1048576K
}
{Heap before GC invocations=941 (full 121):
 par new generation   total 6144K, used 5237K [0x00000000fec00000, 0x00000000ff2a0000, 0x00000000ff2a0000)
  eden space 5504K,  95% used [0x00000000fec00000, 0x00000000ff11b798, 0x00000000ff160000)
  from space 640K,   1% used [0x00000000ff200000, 0x00000000ff202040, 0x00000000ff2a0000)
  to   space 640K,   0% used [0x00000000ff160000, 0x00000000ff160000, 0x00000000ff200000)
 concurrent mark-sweep generation total 13696K, used 2166K [0x00000000ff2a0000, 0x0000000100000000, 0x0000000100000000)
 Metaspace       used 5070K, capacity 5248K, committed 5504K, reserved 1056768K
  class space    used 554K, capacity 592K, committed 640K, reserved 1048576K
2024-07-16T11:01:42.916+0800: 7.796: [GC (Allocation Failure) 2024-07-16T11:01:42.916+0800: 7.796: [ParNew: 5237K->8K(6144K), 0.0013427 secs] 7404K->3200K(19840K), 0.0014206 secs] [Times: user=0.00 sys=0.00, real=0.00 secs] 
Heap after GC invocations=942 (full 121):
 par new generation   total 6144K, used 8K [0x00000000fec00000, 0x00000000ff2a0000, 0x00000000ff2a0000)
  eden space 5504K,   0% used [0x00000000fec00000, 0x00000000fec00000, 0x00000000ff160000)
  from space 640K,   1% used [0x00000000ff160000, 0x00000000ff162040, 0x00000000ff200000)
  to   space 640K,   0% used [0x00000000ff200000, 0x00000000ff200000, 0x00000000ff2a0000)
 concurrent mark-sweep generation total 13696K, used 3192K [0x00000000ff2a0000, 0x0000000100000000, 0x0000000100000000)
 Metaspace       used 5070K, capacity 5248K, committed 5504K, reserved 1056768K
  class space    used 554K, capacity 592K, committed 640K, reserved 1048576K
}
2024-07-16T11:01:42.917+0800: 7.798: [GC (CMS Initial Mark) [1 CMS-initial-mark: 3192K(13696K)] 4226K(19840K), 0.0003034 secs] [Times: user=0.00 sys=0.00, real=0.00 secs] 
2024-07-16T11:01:42.918+0800: 7.798: [CMS-concurrent-mark-start]
2024-07-16T11:01:42.922+0800: 7.802: [CMS-concurrent-mark: 0.004/0.004 secs] [Times: user=0.00 sys=0.00, real=0.00 secs] 
2024-07-16T11:01:42.922+0800: 7.802: [CMS-concurrent-preclean-start]
2024-07-16T11:01:42.922+0800: 7.802: [CMS-concurrent-preclean: 0.000/0.000 secs] [Times: user=0.00 sys=0.00, real=0.00 secs] 
2024-07-16T11:01:42.922+0800: 7.802: [CMS-concurrent-abortable-preclean-start]
{Heap before GC invocations=942 (full 122):
 par new generation   total 6144K, used 5237K [0x00000000fec00000, 0x00000000ff2a0000, 0x00000000ff2a0000)
  eden space 5504K,  95% used [0x00000000fec00000, 0x00000000ff11b798, 0x00000000ff160000)
  from space 640K,   1% used [0x00000000ff160000, 0x00000000ff162040, 0x00000000ff200000)
  to   space 640K,   0% used [0x00000000ff200000, 0x00000000ff200000, 0x00000000ff2a0000)
 concurrent mark-sweep generation total 13696K, used 3192K [0x00000000ff2a0000, 0x0000000100000000, 0x0000000100000000)
 Metaspace       used 5070K, capacity 5248K, committed 5504K, reserved 1056768K
  class space    used 554K, capacity 592K, committed 640K, reserved 1048576K
2024-07-16T11:01:42.926+0800: 7.806: [GC (Allocation Failure) 2024-07-16T11:01:42.926+0800: 7.806: [ParNew: 5237K->8K(6144K), 0.0013023 secs] 8430K->4226K(19840K), 0.0013906 secs] [Times: user=0.00 sys=0.00, real=0.00 secs] 
Heap after GC invocations=943 (full 122):
 par new generation   total 6144K, used 8K [0x00000000fec00000, 0x00000000ff2a0000, 0x00000000ff2a0000)
  eden space 5504K,   0% used [0x00000000fec00000, 0x00000000fec00000, 0x00000000ff160000)
  from space 640K,   1% used [0x00000000ff200000, 0x00000000ff202040, 0x00000000ff2a0000)
  to   space 640K,   0% used [0x00000000ff160000, 0x00000000ff160000, 0x00000000ff200000)
 concurrent mark-sweep generation total 13696K, used 4218K [0x00000000ff2a0000, 0x0000000100000000, 0x0000000100000000)
 Metaspace       used 5070K, capacity 5248K, committed 5504K, reserved 1056768K
  class space    used 554K, capacity 592K, committed 640K, reserved 1048576K
}
{Heap before GC invocations=943 (full 122):
 par new generation   total 6144K, used 5237K [0x00000000fec00000, 0x00000000ff2a0000, 0x00000000ff2a0000)
  eden space 5504K,  95% used [0x00000000fec00000, 0x00000000ff11b798, 0x00000000ff160000)
  from space 640K,   1% used [0x00000000ff200000, 0x00000000ff202040, 0x00000000ff2a0000)
  to   space 640K,   0% used [0x00000000ff160000, 0x00000000ff160000, 0x00000000ff200000)
 concurrent mark-sweep generation total 13696K, used 4218K [0x00000000ff2a0000, 0x0000000100000000, 0x0000000100000000)
 Metaspace       used 5070K, capacity 5248K, committed 5504K, reserved 1056768K
  class space    used 554K, capacity 592K, committed 640K, reserved 1048576K
2024-07-16T11:01:42.934+0800: 7.814: [GC (Allocation Failure) 2024-07-16T11:01:42.934+0800: 7.814: [ParNew: 5237K->6K(6144K), 0.0013482 secs] 9456K->5250K(19840K), 0.0014339 secs] [Times: user=0.00 sys=0.00, real=0.00 secs] 
Heap after GC invocations=944 (full 122):
 par new generation   total 6144K, used 6K [0x00000000fec00000, 0x00000000ff2a0000, 0x00000000ff2a0000)
  eden space 5504K,   0% used [0x00000000fec00000, 0x00000000fec00000, 0x00000000ff160000)
  from space 640K,   0% used [0x00000000ff160000, 0x00000000ff161830, 0x00000000ff200000)
  to   space 640K,   0% used [0x00000000ff200000, 0x00000000ff200000, 0x00000000ff2a0000)
 concurrent mark-sweep generation total 13696K, used 5244K [0x00000000ff2a0000, 0x0000000100000000, 0x0000000100000000)
 Metaspace       used 5070K, capacity 5248K, committed 5504K, reserved 1056768K
  class space    used 554K, capacity 592K, committed 640K, reserved 1048576K
}
{Heap before GC invocations=944 (full 122):
 par new generation   total 6144K, used 5235K [0x00000000fec00000, 0x00000000ff2a0000, 0x00000000ff2a0000)
  eden space 5504K,  95% used [0x00000000fec00000, 0x00000000ff11b798, 0x00000000ff160000)
  from space 640K,   0% used [0x00000000ff160000, 0x00000000ff161830, 0x00000000ff200000)
  to   space 640K,   0% used [0x00000000ff200000, 0x00000000ff200000, 0x00000000ff2a0000)
 concurrent mark-sweep generation total 13696K, used 5244K [0x00000000ff2a0000, 0x0000000100000000, 0x0000000100000000)
 Metaspace       used 5070K, capacity 5248K, committed 5504K, reserved 1056768K
  class space    used 554K, capacity 592K, committed 640K, reserved 1048576K
2024-07-16T11:01:42.942+0800: 7.823: [GC (Allocation Failure) 2024-07-16T11:01:42.942+0800: 7.823: [ParNew: 5235K->8K(6144K), 0.0012497 secs] 10480K->6276K(19840K), 0.0013650 secs] [Times: user=0.00 sys=0.00, real=0.00 secs] 
Heap after GC invocations=945 (full 122):
 par new generation   total 6144K, used 8K [0x00000000fec00000, 0x00000000ff2a0000, 0x00000000ff2a0000)
  eden space 5504K,   0% used [0x00000000fec00000, 0x00000000fec00000, 0x00000000ff160000)
  from space 640K,   1% used [0x00000000ff200000, 0x00000000ff202040, 0x00000000ff2a0000)
  to   space 640K,   0% used [0x00000000ff160000, 0x00000000ff160000, 0x00000000ff200000)
 concurrent mark-sweep generation total 13696K, used 6268K [0x00000000ff2a0000, 0x0000000100000000, 0x0000000100000000)
 Metaspace       used 5070K, capacity 5248K, committed 5504K, reserved 1056768K
  class space    used 554K, capacity 592K, committed 640K, reserved 1048576K
}
{Heap before GC invocations=945 (full 122):
 par new generation   total 6144K, used 5237K [0x00000000fec00000, 0x00000000ff2a0000, 0x00000000ff2a0000)
  eden space 5504K,  95% used [0x00000000fec00000, 0x00000000ff11b798, 0x00000000ff160000)
  from space 640K,   1% used [0x00000000ff200000, 0x00000000ff202040, 0x00000000ff2a0000)
  to   space 640K,   0% used [0x00000000ff160000, 0x00000000ff160000, 0x00000000ff200000)
 concurrent mark-sweep generation total 13696K, used 6268K [0x00000000ff2a0000, 0x0000000100000000, 0x0000000100000000)
 Metaspace       used 5070K, capacity 5248K, committed 5504K, reserved 1056768K
  class space    used 554K, capacity 592K, committed 640K, reserved 1048576K
2024-07-16T11:01:42.950+0800: 7.830: [GC (Allocation Failure) 2024-07-16T11:01:42.950+0800: 7.830: [ParNew: 5237K->4K(6144K), 0.0011624 secs] 11506K->6272K(19840K), 0.0012769 secs] [Times: user=0.00 sys=0.00, real=0.00 secs] 
Heap after GC invocations=946 (full 122):
 par new generation   total 6144K, used 4K [0x00000000fec00000, 0x00000000ff2a0000, 0x00000000ff2a0000)
  eden space 5504K,   0% used [0x00000000fec00000, 0x00000000fec00000, 0x00000000ff160000)
  from space 640K,   0% used [0x00000000ff160000, 0x00000000ff161020, 0x00000000ff200000)
  to   space 640K,   0% used [0x00000000ff200000, 0x00000000ff200000, 0x00000000ff2a0000)
 concurrent mark-sweep generation total 13696K, used 6268K [0x00000000ff2a0000, 0x0000000100000000, 0x0000000100000000)
 Metaspace       used 5070K, capacity 5248K, committed 5504K, reserved 1056768K
  class space    used 554K, capacity 592K, committed 640K, reserved 1048576K
}
{Heap before GC invocations=946 (full 122):
 par new generation   total 6144K, used 5233K [0x00000000fec00000, 0x00000000ff2a0000, 0x00000000ff2a0000)
  eden space 5504K,  95% used [0x00000000fec00000, 0x00000000ff11b798, 0x00000000ff160000)
  from space 640K,   0% used [0x00000000ff160000, 0x00000000ff161020, 0x00000000ff200000)
  to   space 640K,   0% used [0x00000000ff200000, 0x00000000ff200000, 0x00000000ff2a0000)
 concurrent mark-sweep generation total 13696K, used 6268K [0x00000000ff2a0000, 0x0000000100000000, 0x0000000100000000)
 Metaspace       used 5070K, capacity 5248K, committed 5504K, reserved 1056768K
  class space    used 554K, capacity 592K, committed 640K, reserved 1048576K
2024-07-16T11:01:42.959+0800: 7.839: [GC (Allocation Failure) 2024-07-16T11:01:42.959+0800: 7.840: [ParNew: 5233K->4K(6144K), 0.0011607 secs] 11502K->6272K(19840K), 0.0012740 secs] [Times: user=0.00 sys=0.00, real=0.00 secs] 
Heap after GC invocations=947 (full 122):
 par new generation   total 6144K, used 4K [0x00000000fec00000, 0x00000000ff2a0000, 0x00000000ff2a0000)
  eden space 5504K,   0% used [0x00000000fec00000, 0x00000000fec00000, 0x00000000ff160000)
  from space 640K,   0% used [0x00000000ff200000, 0x00000000ff201020, 0x00000000ff2a0000)
  to   space 640K,   0% used [0x00000000ff160000, 0x00000000ff160000, 0x00000000ff200000)
 concurrent mark-sweep generation total 13696K, used 6268K [0x00000000ff2a0000, 0x0000000100000000, 0x0000000100000000)
 Metaspace       used 5070K, capacity 5248K, committed 5504K, reserved 1056768K
  class space    used 554K, capacity 592K, committed 640K, reserved 1048576K
}
{Heap before GC invocations=947 (full 122):
 par new generation   total 6144K, used 5233K [0x00000000fec00000, 0x00000000ff2a0000, 0x00000000ff2a0000)
  eden space 5504K,  95% used [0x00000000fec00000, 0x00000000ff11b798, 0x00000000ff160000)
  from space 640K,   0% used [0x00000000ff200000, 0x00000000ff201020, 0x00000000ff2a0000)
  to   space 640K,   0% used [0x00000000ff160000, 0x00000000ff160000, 0x00000000ff200000)
 concurrent mark-sweep generation total 13696K, used 6268K [0x00000000ff2a0000, 0x0000000100000000, 0x0000000100000000)
 Metaspace       used 5070K, capacity 5248K, committed 5504K, reserved 1056768K
  class space    used 554K, capacity 592K, committed 640K, reserved 1048576K
2024-07-16T11:01:42.967+0800: 7.847: [GC (Allocation Failure) 2024-07-16T11:01:42.967+0800: 7.847: [ParNew: 5233K->6K(6144K), 0.0015042 secs] 11502K->7300K(19840K), 0.0016109 secs] [Times: user=0.00 sys=0.00, real=0.00 secs] 
Heap after GC invocations=948 (full 122):
 par new generation   total 6144K, used 6K [0x00000000fec00000, 0x00000000ff2a0000, 0x00000000ff2a0000)
  eden space 5504K,   0% used [0x00000000fec00000, 0x00000000fec00000, 0x00000000ff160000)
  from space 640K,   0% used [0x00000000ff160000, 0x00000000ff161830, 0x00000000ff200000)
  to   space 640K,   0% used [0x00000000ff200000, 0x00000000ff200000, 0x00000000ff2a0000)
 concurrent mark-sweep generation total 13696K, used 7294K [0x00000000ff2a0000, 0x0000000100000000, 0x0000000100000000)
 Metaspace       used 5070K, capacity 5248K, committed 5504K, reserved 1056768K
  class space    used 554K, capacity 592K, committed 640K, reserved 1048576K
}
{Heap before GC invocations=948 (full 122):
 par new generation   total 6144K, used 5235K [0x00000000fec00000, 0x00000000ff2a0000, 0x00000000ff2a0000)
  eden space 5504K,  95% used [0x00000000fec00000, 0x00000000ff11b798, 0x00000000ff160000)
  from space 640K,   0% used [0x00000000ff160000, 0x00000000ff161830, 0x00000000ff200000)
  to   space 640K,   0% used [0x00000000ff200000, 0x00000000ff200000, 0x00000000ff2a0000)
 concurrent mark-sweep generation total 13696K, used 7294K [0x00000000ff2a0000, 0x0000000100000000, 0x0000000100000000)
 Metaspace       used 5070K, capacity 5248K, committed 5504K, reserved 1056768K
  class space    used 554K, capacity 592K, committed 640K, reserved 1048576K
2024-07-16T11:01:42.976+0800: 7.856: [GC (Allocation Failure) 2024-07-16T11:01:42.976+0800: 7.856: [ParNew: 5235K->6K(6144K), 0.0012497 secs] 12530K->8327K(19840K), 0.0013398 secs] [Times: user=0.00 sys=0.00, real=0.00 secs] 
Heap after GC invocations=949 (full 122):
 par new generation   total 6144K, used 6K [0x00000000fec00000, 0x00000000ff2a0000, 0x00000000ff2a0000)
  eden space 5504K,   0% used [0x00000000fec00000, 0x00000000fec00000, 0x00000000ff160000)
  from space 640K,   0% used [0x00000000ff200000, 0x00000000ff201830, 0x00000000ff2a0000)
  to   space 640K,   0% used [0x00000000ff160000, 0x00000000ff160000, 0x00000000ff200000)
 concurrent mark-sweep generation total 13696K, used 8321K [0x00000000ff2a0000, 0x0000000100000000, 0x0000000100000000)
 Metaspace       used 5070K, capacity 5248K, committed 5504K, reserved 1056768K
  class space    used 554K, capacity 592K, committed 640K, reserved 1048576K
}
{Heap before GC invocations=949 (full 122):
 par new generation   total 6144K, used 5235K [0x00000000fec00000, 0x00000000ff2a0000, 0x00000000ff2a0000)
  eden space 5504K,  95% used [0x00000000fec00000, 0x00000000ff11b798, 0x00000000ff160000)
  from space 640K,   0% used [0x00000000ff200000, 0x00000000ff201830, 0x00000000ff2a0000)
  to   space 640K,   0% used [0x00000000ff160000, 0x00000000ff160000, 0x00000000ff200000)
 concurrent mark-sweep generation total 13696K, used 8321K [0x00000000ff2a0000, 0x0000000100000000, 0x0000000100000000)
 Metaspace       used 5070K, capacity 5248K, committed 5504K, reserved 1056768K
  class space    used 554K, capacity 592K, committed 640K, reserved 1048576K
2024-07-16T11:01:42.984+0800: 7.864: [GC (Allocation Failure) 2024-07-16T11:01:42.984+0800: 7.865: [ParNew: 5235K->6K(6144K), 0.0014370 secs] 13556K->9351K(19840K), 0.0015751 secs] [Times: user=0.00 sys=0.00, real=0.00 secs] 
Heap after GC invocations=950 (full 122):
 par new generation   total 6144K, used 6K [0x00000000fec00000, 0x00000000ff2a0000, 0x00000000ff2a0000)
  eden space 5504K,   0% used [0x00000000fec00000, 0x00000000fec00000, 0x00000000ff160000)
  from space 640K,   0% used [0x00000000ff160000, 0x00000000ff161830, 0x00000000ff200000)
  to   space 640K,   0% used [0x00000000ff200000, 0x00000000ff200000, 0x00000000ff2a0000)
 concurrent mark-sweep generation total 13696K, used 9345K [0x00000000ff2a0000, 0x0000000100000000, 0x0000000100000000)
 Metaspace       used 5070K, capacity 5248K, committed 5504K, reserved 1056768K
  class space    used 554K, capacity 592K, committed 640K, reserved 1048576K
}
{Heap before GC invocations=950 (full 122):
 par new generation   total 6144K, used 5235K [0x00000000fec00000, 0x00000000ff2a0000, 0x00000000ff2a0000)
  eden space 5504K,  95% used [0x00000000fec00000, 0x00000000ff11b798, 0x00000000ff160000)
  from space 640K,   0% used [0x00000000ff160000, 0x00000000ff161830, 0x00000000ff200000)
  to   space 640K,   0% used [0x00000000ff200000, 0x00000000ff200000, 0x00000000ff2a0000)
 concurrent mark-sweep generation total 13696K, used 9345K [0x00000000ff2a0000, 0x0000000100000000, 0x0000000100000000)
 Metaspace       used 5070K, capacity 5248K, committed 5504K, reserved 1056768K
  class space    used 554K, capacity 592K, committed 640K, reserved 1048576K
2024-07-16T11:01:42.993+0800: 7.873: [GC (Allocation Failure) 2024-07-16T11:01:42.993+0800: 7.873: [ParNew: 5235K->6K(6144K), 0.0013142 secs] 14580K->10375K(19840K), 0.0014306 secs] [Times: user=0.00 sys=0.00, real=0.00 secs] 
Heap after GC invocations=951 (full 122):
 par new generation   total 6144K, used 6K [0x00000000fec00000, 0x00000000ff2a0000, 0x00000000ff2a0000)
  eden space 5504K,   0% used [0x00000000fec00000, 0x00000000fec00000, 0x00000000ff160000)
  from space 640K,   0% used [0x00000000ff200000, 0x00000000ff201830, 0x00000000ff2a0000)
  to   space 640K,   0% used [0x00000000ff160000, 0x00000000ff160000, 0x00000000ff200000)
 concurrent mark-sweep generation total 13696K, used 10369K [0x00000000ff2a0000, 0x0000000100000000, 0x0000000100000000)
 Metaspace       used 5070K, capacity 5248K, committed 5504K, reserved 1056768K
  class space    used 554K, capacity 592K, committed 640K, reserved 1048576K
}
{Heap before GC invocations=951 (full 122):
 par new generation   total 6144K, used 5235K [0x00000000fec00000, 0x00000000ff2a0000, 0x00000000ff2a0000)
  eden space 5504K,  95% used [0x00000000fec00000, 0x00000000ff11b798, 0x00000000ff160000)
  from space 640K,   0% used [0x00000000ff200000, 0x00000000ff201830, 0x00000000ff2a0000)
  to   space 640K,   0% used [0x00000000ff160000, 0x00000000ff160000, 0x00000000ff200000)
 concurrent mark-sweep generation total 13696K, used 10369K [0x00000000ff2a0000, 0x0000000100000000, 0x0000000100000000)
 Metaspace       used 5070K, capacity 5248K, committed 5504K, reserved 1056768K
  class space    used 554K, capacity 592K, committed 640K, reserved 1048576K
2024-07-16T11:01:43.001+0800: 7.881: [GC (Allocation Failure) 2024-07-16T11:01:43.001+0800: 7.882: [ParNew: 5235K->8K(6144K), 0.0015241 secs] 15604K->11401K(19840K), 0.0016314 secs] [Times: user=0.16 sys=0.00, real=0.00 secs] 
Heap after GC invocations=952 (full 122):
 par new generation   total 6144K, used 8K [0x00000000fec00000, 0x00000000ff2a0000, 0x00000000ff2a0000)
  eden space 5504K,   0% used [0x00000000fec00000, 0x00000000fec00000, 0x00000000ff160000)
  from space 640K,   1% used [0x00000000ff160000, 0x00000000ff162040, 0x00000000ff200000)
  to   space 640K,   0% used [0x00000000ff200000, 0x00000000ff200000, 0x00000000ff2a0000)
 concurrent mark-sweep generation total 13696K, used 11393K [0x00000000ff2a0000, 0x0000000100000000, 0x0000000100000000)
 Metaspace       used 5070K, capacity 5248K, committed 5504K, reserved 1056768K
  class space    used 554K, capacity 592K, committed 640K, reserved 1048576K
}
{Heap before GC invocations=952 (full 122):
 par new generation   total 6144K, used 5237K [0x00000000fec00000, 0x00000000ff2a0000, 0x00000000ff2a0000)
  eden space 5504K,  95% used [0x00000000fec00000, 0x00000000ff11b798, 0x00000000ff160000)
  from space 640K,   1% used [0x00000000ff160000, 0x00000000ff162040, 0x00000000ff200000)
  to   space 640K,   0% used [0x00000000ff200000, 0x00000000ff200000, 0x00000000ff2a0000)
 concurrent mark-sweep generation total 13696K, used 11393K [0x00000000ff2a0000, 0x0000000100000000, 0x0000000100000000)
 Metaspace       used 5070K, capacity 5248K, committed 5504K, reserved 1056768K
  class space    used 554K, capacity 592K, committed 640K, reserved 1048576K
2024-07-16T11:01:43.009+0800: 7.889: [GC (Allocation Failure) 2024-07-16T11:01:43.009+0800: 7.890: [ParNew: 5237K->8K(6144K), 0.0013337 secs] 16631K->12425K(19840K), 0.0014427 secs] [Times: user=0.00 sys=0.00, real=0.00 secs] 
Heap after GC invocations=953 (full 122):
 par new generation   total 6144K, used 8K [0x00000000fec00000, 0x00000000ff2a0000, 0x00000000ff2a0000)
  eden space 5504K,   0% used [0x00000000fec00000, 0x00000000fec00000, 0x00000000ff160000)
  from space 640K,   1% used [0x00000000ff200000, 0x00000000ff202040, 0x00000000ff2a0000)
  to   space 640K,   0% used [0x00000000ff160000, 0x00000000ff160000, 0x00000000ff200000)
 concurrent mark-sweep generation total 13696K, used 12417K [0x00000000ff2a0000, 0x0000000100000000, 0x0000000100000000)
 Metaspace       used 5070K, capacity 5248K, committed 5504K, reserved 1056768K
  class space    used 554K, capacity 592K, committed 640K, reserved 1048576K
}
{Heap before GC invocations=953 (full 122):
 par new generation   total 6144K, used 5237K [0x00000000fec00000, 0x00000000ff2a0000, 0x00000000ff2a0000)
  eden space 5504K,  95% used [0x00000000fec00000, 0x00000000ff11b798, 0x00000000ff160000)
  from space 640K,   1% used [0x00000000ff200000, 0x00000000ff202040, 0x00000000ff2a0000)
  to   space 640K,   0% used [0x00000000ff160000, 0x00000000ff160000, 0x00000000ff200000)
 concurrent mark-sweep generation total 13696K, used 12417K [0x00000000ff2a0000, 0x0000000100000000, 0x0000000100000000)
 Metaspace       used 5070K, capacity 5248K, committed 5504K, reserved 1056768K
  class space    used 554K, capacity 592K, committed 640K, reserved 1048576K
2024-07-16T11:01:43.016+0800: 7.896: [GC (Allocation Failure) 2024-07-16T11:01:43.016+0800: 7.897: [ParNew: 5237K->8K(6144K), 0.0013399 secs] 17655K->13449K(19840K), 0.0014207 secs] [Times: user=0.00 sys=0.00, real=0.00 secs] 
Heap after GC invocations=954 (full 122):
 par new generation   total 6144K, used 8K [0x00000000fec00000, 0x00000000ff2a0000, 0x00000000ff2a0000)
  eden space 5504K,   0% used [0x00000000fec00000, 0x00000000fec00000, 0x00000000ff160000)
  from space 640K,   1% used [0x00000000ff160000, 0x00000000ff162040, 0x00000000ff200000)
  to   space 640K,   0% used [0x00000000ff200000, 0x00000000ff200000, 0x00000000ff2a0000)
 concurrent mark-sweep generation total 13696K, used 13441K [0x00000000ff2a0000, 0x0000000100000000, 0x0000000100000000)
 Metaspace       used 5070K, capacity 5248K, committed 5504K, reserved 1056768K
  class space    used 554K, capacity 592K, committed 640K, reserved 1048576K
}
2024-07-16T11:01:43.017+0800: 7.898: [CMS-concurrent-abortable-preclean: 0.002/0.096 secs] [Times: user=0.16 sys=0.00, real=0.10 secs] 
2024-07-16T11:01:43.017+0800: 7.898: [GC (CMS Final Remark) [YG occupancy: 1139 K (6144 K)]2024-07-16T11:01:43.018+0800: 7.898: [Rescan (parallel) , 0.0004897 secs]2024-07-16T11:01:43.018+0800: 7.899: [weak refs processing, 0.0000339 secs]2024-07-16T11:01:43.018+0800: 7.899: [class unloading, 0.0007980 secs]2024-07-16T11:01:43.019+0800: 7.900: [scrub symbol table, 0.0008150 secs]2024-07-16T11:01:43.020+0800: 7.900: [scrub string table, 0.0002400 secs][1 CMS-remark: 13441K(13696K)] 14580K(19840K), 0.0025097 secs] [Times: user=0.02 sys=0.00, real=0.00 secs] 
2024-07-16T11:01:43.020+0800: 7.901: [CMS-concurrent-sweep-start]
2024-07-16T11:01:43.021+0800: 7.901: [CMS-concurrent-sweep: 0.001/0.001 secs] [Times: user=0.00 sys=0.00, real=0.00 secs] 
2024-07-16T11:01:43.021+0800: 7.901: [CMS-concurrent-reset-start]
2024-07-16T11:01:43.021+0800: 7.901: [CMS-concurrent-reset: 0.000/0.000 secs] [Times: user=0.00 sys=0.00, real=0.00 secs] 
{Heap before GC invocations=954 (full 122):
 par new generation   total 6144K, used 5237K [0x00000000fec00000, 0x00000000ff2a0000, 0x00000000ff2a0000)
  eden space 5504K,  95% used [0x00000000fec00000, 0x00000000ff11b798, 0x00000000ff160000)
  from space 640K,   1% used [0x00000000ff160000, 0x00000000ff162040, 0x00000000ff200000)
  to   space 640K,   0% used [0x00000000ff200000, 0x00000000ff200000, 0x00000000ff2a0000)
 concurrent mark-sweep generation total 13696K, used 11392K [0x00000000ff2a0000, 0x0000000100000000, 0x0000000100000000)
 Metaspace       used 5070K, capacity 5248K, committed 5504K, reserved 1056768K
  class space    used 554K, capacity 592K, committed 640K, reserved 1048576K
2024-07-16T11:01:43.026+0800: 7.906: [GC (Allocation Failure) 2024-07-16T11:01:43.026+0800: 7.906: [ParNew: 5237K->8K(6144K), 0.0015349 secs] 16630K->12425K(19840K), 0.0016527 secs] [Times: user=0.00 sys=0.00, real=0.00 secs] 
Heap after GC invocations=955 (full 122):
 par new generation   total 6144K, used 8K [0x00000000fec00000, 0x00000000ff2a0000, 0x00000000ff2a0000)
  eden space 5504K,   0% used [0x00000000fec00000, 0x00000000fec00000, 0x00000000ff160000)
  from space 640K,   1% used [0x00000000ff200000, 0x00000000ff202040, 0x00000000ff2a0000)
  to   space 640K,   0% used [0x00000000ff160000, 0x00000000ff160000, 0x00000000ff200000)
 concurrent mark-sweep generation total 13696K, used 12417K [0x00000000ff2a0000, 0x0000000100000000, 0x0000000100000000)
 Metaspace       used 5070K, capacity 5248K, committed 5504K, reserved 1056768K
  class space    used 554K, capacity 592K, committed 640K, reserved 1048576K
}
2024-07-16T11:01:43.028+0800: 7.908: [GC (CMS Initial Mark) [1 CMS-initial-mark: 12417K(13696K)] 13451K(19840K), 0.0003890 secs] [Times: user=0.00 sys=0.00, real=0.00 secs] 
2024-07-16T11:01:43.028+0800: 7.909: [CMS-concurrent-mark-start]
2024-07-16T11:01:43.032+0800: 7.913: [CMS-concurrent-mark: 0.004/0.004 secs] [Times: user=0.00 sys=0.00, real=0.00 secs] 
2024-07-16T11:01:43.032+0800: 7.913: [CMS-concurrent-preclean-start]
2024-07-16T11:01:43.032+0800: 7.913: [CMS-concurrent-preclean: 0.000/0.000 secs] [Times: user=0.00 sys=0.00, real=0.00 secs] 
2024-07-16T11:01:43.032+0800: 7.913: [CMS-concurrent-abortable-preclean-start]
{Heap before GC invocations=955 (full 123):
 par new generation   total 6144K, used 5237K [0x00000000fec00000, 0x00000000ff2a0000, 0x00000000ff2a0000)
  eden space 5504K,  95% used [0x00000000fec00000, 0x00000000ff11b798, 0x00000000ff160000)
  from space 640K,   1% used [0x00000000ff200000, 0x00000000ff202040, 0x00000000ff2a0000)
  to   space 640K,   0% used [0x00000000ff160000, 0x00000000ff160000, 0x00000000ff200000)
 concurrent mark-sweep generation total 13696K, used 12417K [0x00000000ff2a0000, 0x0000000100000000, 0x0000000100000000)
 Metaspace       used 5070K, capacity 5248K, committed 5504K, reserved 1056768K
  class space    used 554K, capacity 592K, committed 640K, reserved 1048576K
2024-07-16T11:01:43.036+0800: 7.916: [GC (Allocation Failure) 2024-07-16T11:01:43.036+0800: 7.916: [ParNew: 5237K->6K(6144K), 0.0010635 secs] 17654K->13447K(19840K), 0.0011697 secs] [Times: user=0.00 sys=0.00, real=0.00 secs] 
Heap after GC invocations=956 (full 123):
 par new generation   total 6144K, used 6K [0x00000000fec00000, 0x00000000ff2a0000, 0x00000000ff2a0000)
  eden space 5504K,   0% used [0x00000000fec00000, 0x00000000fec00000, 0x00000000ff160000)
  from space 640K,   0% used [0x00000000ff160000, 0x00000000ff161830, 0x00000000ff200000)
  to   space 640K,   0% used [0x00000000ff200000, 0x00000000ff200000, 0x00000000ff2a0000)
 concurrent mark-sweep generation total 13696K, used 13441K [0x00000000ff2a0000, 0x0000000100000000, 0x0000000100000000)
 Metaspace       used 5070K, capacity 5248K, committed 5504K, reserved 1056768K
  class space    used 554K, capacity 592K, committed 640K, reserved 1048576K
}
2024-07-16T11:01:43.037+0800: 7.918: [CMS-concurrent-abortable-preclean: 0.000/0.005 secs] [Times: user=0.00 sys=0.00, real=0.00 secs] 
2024-07-16T11:01:43.037+0800: 7.918: [GC (CMS Final Remark) [YG occupancy: 1139 K (6144 K)]2024-07-16T11:01:43.037+0800: 7.918: [Rescan (parallel) , 0.0005676 secs]2024-07-16T11:01:43.038+0800: 7.919: [weak refs processing, 0.0000544 secs]2024-07-16T11:01:43.038+0800: 7.919: [class unloading, 0.0005016 secs]2024-07-16T11:01:43.038+0800: 7.919: [scrub symbol table, 0.0005118 secs]2024-07-16T11:01:43.039+0800: 7.920: [scrub string table, 0.0002560 secs][1 CMS-remark: 13441K(13696K)] 14580K(19840K), 0.0020295 secs] [Times: user=0.00 sys=0.00, real=0.00 secs] 
2024-07-16T11:01:43.039+0800: 7.920: [CMS-concurrent-sweep-start]
2024-07-16T11:01:43.040+0800: 7.920: [CMS-concurrent-sweep: 0.000/0.000 secs] [Times: user=0.00 sys=0.00, real=0.00 secs] 
2024-07-16T11:01:43.040+0800: 7.920: [CMS-concurrent-reset-start]
2024-07-16T11:01:43.040+0800: 7.920: [CMS-concurrent-reset: 0.000/0.000 secs] [Times: user=0.00 sys=0.00, real=0.00 secs] 
{Heap before GC invocations=956 (full 123):
 par new generation   total 6144K, used 5235K [0x00000000fec00000, 0x00000000ff2a0000, 0x00000000ff2a0000)
  eden space 5504K,  95% used [0x00000000fec00000, 0x00000000ff11b798, 0x00000000ff160000)
  from space 640K,   0% used [0x00000000ff160000, 0x00000000ff161830, 0x00000000ff200000)
  to   space 640K,   0% used [0x00000000ff200000, 0x00000000ff200000, 0x00000000ff2a0000)
 concurrent mark-sweep generation total 13696K, used 2142K [0x00000000ff2a0000, 0x0000000100000000, 0x0000000100000000)
 Metaspace       used 5070K, capacity 5248K, committed 5504K, reserved 1056768K
  class space    used 554K, capacity 592K, committed 640K, reserved 1048576K
2024-07-16T11:01:43.046+0800: 7.926: [GC (Allocation Failure) 2024-07-16T11:01:43.046+0800: 7.926: [ParNew: 5235K->4K(6144K), 0.0007961 secs] 7378K->3172K(19840K), 0.0008303 secs] [Times: user=0.00 sys=0.00, real=0.00 secs] 
Heap after GC invocations=957 (full 123):
 par new generation   total 6144K, used 4K [0x00000000fec00000, 0x00000000ff2a0000, 0x00000000ff2a0000)
  eden space 5504K,   0% used [0x00000000fec00000, 0x00000000fec00000, 0x00000000ff160000)
  from space 640K,   0% used [0x00000000ff200000, 0x00000000ff201020, 0x00000000ff2a0000)
  to   space 640K,   0% used [0x00000000ff160000, 0x00000000ff160000, 0x00000000ff200000)
 concurrent mark-sweep generation total 13696K, used 3168K [0x00000000ff2a0000, 0x0000000100000000, 0x0000000100000000)
 Metaspace       used 5070K, capacity 5248K, committed 5504K, reserved 1056768K
  class space    used 554K, capacity 592K, committed 640K, reserved 1048576K
}
{Heap before GC invocations=957 (full 123):
 par new generation   total 6144K, used 5233K [0x00000000fec00000, 0x00000000ff2a0000, 0x00000000ff2a0000)
  eden space 5504K,  95% used [0x00000000fec00000, 0x00000000ff11b798, 0x00000000ff160000)
  from space 640K,   0% used [0x00000000ff200000, 0x00000000ff201020, 0x00000000ff2a0000)
  to   space 640K,   0% used [0x00000000ff160000, 0x00000000ff160000, 0x00000000ff200000)
 concurrent mark-sweep generation total 13696K, used 3168K [0x00000000ff2a0000, 0x0000000100000000, 0x0000000100000000)
 Metaspace       used 5070K, capacity 5248K, committed 5504K, reserved 1056768K
  class space    used 554K, capacity 592K, committed 640K, reserved 1048576K
2024-07-16T11:01:43.054+0800: 7.934: [GC (Allocation Failure) 2024-07-16T11:01:43.054+0800: 7.934: [ParNew: 5233K->4K(6144K), 0.0005433 secs] 8402K->3172K(19840K), 0.0005994 secs] [Times: user=0.00 sys=0.00, real=0.00 secs] 
Heap after GC invocations=958 (full 123):
 par new generation   total 6144K, used 4K [0x00000000fec00000, 0x00000000ff2a0000, 0x00000000ff2a0000)
  eden space 5504K,   0% used [0x00000000fec00000, 0x00000000fec00000, 0x00000000ff160000)
  from space 640K,   0% used [0x00000000ff160000, 0x00000000ff161020, 0x00000000ff200000)
  to   space 640K,   0% used [0x00000000ff200000, 0x00000000ff200000, 0x00000000ff2a0000)
 concurrent mark-sweep generation total 13696K, used 3168K [0x00000000ff2a0000, 0x0000000100000000, 0x0000000100000000)
 Metaspace       used 5070K, capacity 5248K, committed 5504K, reserved 1056768K
  class space    used 554K, capacity 592K, committed 640K, reserved 1048576K
}
{Heap before GC invocations=958 (full 123):
 par new generation   total 6144K, used 5233K [0x00000000fec00000, 0x00000000ff2a0000, 0x00000000ff2a0000)
  eden space 5504K,  95% used [0x00000000fec00000, 0x00000000ff11b798, 0x00000000ff160000)
  from space 640K,   0% used [0x00000000ff160000, 0x00000000ff161020, 0x00000000ff200000)
  to   space 640K,   0% used [0x00000000ff200000, 0x00000000ff200000, 0x00000000ff2a0000)
 concurrent mark-sweep generation total 13696K, used 3168K [0x00000000ff2a0000, 0x0000000100000000, 0x0000000100000000)
 Metaspace       used 5070K, capacity 5248K, committed 5504K, reserved 1056768K
  class space    used 554K, capacity 592K, committed 640K, reserved 1048576K
2024-07-16T11:01:43.060+0800: 7.940: [GC (Allocation Failure) 2024-07-16T11:01:43.060+0800: 7.940: [ParNew: 5233K->6K(6144K), 0.0011497 secs] 8402K->4200K(19840K), 0.0012116 secs] [Times: user=0.00 sys=0.00, real=0.00 secs] 
Heap after GC invocations=959 (full 123):
 par new generation   total 6144K, used 6K [0x00000000fec00000, 0x00000000ff2a0000, 0x00000000ff2a0000)
  eden space 5504K,   0% used [0x00000000fec00000, 0x00000000fec00000, 0x00000000ff160000)
  from space 640K,   0% used [0x00000000ff200000, 0x00000000ff201830, 0x00000000ff2a0000)
  to   space 640K,   0% used [0x00000000ff160000, 0x00000000ff160000, 0x00000000ff200000)
 concurrent mark-sweep generation total 13696K, used 4194K [0x00000000ff2a0000, 0x0000000100000000, 0x0000000100000000)
 Metaspace       used 5070K, capacity 5248K, committed 5504K, reserved 1056768K
  class space    used 554K, capacity 592K, committed 640K, reserved 1048576K
}
{Heap before GC invocations=959 (full 123):
 par new generation   total 6144K, used 5235K [0x00000000fec00000, 0x00000000ff2a0000, 0x00000000ff2a0000)
  eden space 5504K,  95% used [0x00000000fec00000, 0x00000000ff11b798, 0x00000000ff160000)
  from space 640K,   0% used [0x00000000ff200000, 0x00000000ff201830, 0x00000000ff2a0000)
  to   space 640K,   0% used [0x00000000ff160000, 0x00000000ff160000, 0x00000000ff200000)
 concurrent mark-sweep generation total 13696K, used 4194K [0x00000000ff2a0000, 0x0000000100000000, 0x0000000100000000)
 Metaspace       used 5070K, capacity 5248K, committed 5504K, reserved 1056768K
  class space    used 554K, capacity 592K, committed 640K, reserved 1048576K
2024-07-16T11:01:43.068+0800: 7.948: [GC (Allocation Failure) 2024-07-16T11:01:43.068+0800: 7.948: [ParNew: 5235K->4K(6144K), 0.0004708 secs] 9430K->4198K(19840K), 0.0005561 secs] [Times: user=0.00 sys=0.00, real=0.00 secs] 
Heap after GC invocations=960 (full 123):
 par new generation   total 6144K, used 4K [0x00000000fec00000, 0x00000000ff2a0000, 0x00000000ff2a0000)
  eden space 5504K,   0% used [0x00000000fec00000, 0x00000000fec00000, 0x00000000ff160000)
  from space 640K,   0% used [0x00000000ff160000, 0x00000000ff161020, 0x00000000ff200000)
  to   space 640K,   0% used [0x00000000ff200000, 0x00000000ff200000, 0x00000000ff2a0000)
 concurrent mark-sweep generation total 13696K, used 4194K [0x00000000ff2a0000, 0x0000000100000000, 0x0000000100000000)
 Metaspace       used 5070K, capacity 5248K, committed 5504K, reserved 1056768K
  class space    used 554K, capacity 592K, committed 640K, reserved 1048576K
}
{Heap before GC invocations=960 (full 123):
 par new generation   total 6144K, used 5233K [0x00000000fec00000, 0x00000000ff2a0000, 0x00000000ff2a0000)
  eden space 5504K,  95% used [0x00000000fec00000, 0x00000000ff11b798, 0x00000000ff160000)
  from space 640K,   0% used [0x00000000ff160000, 0x00000000ff161020, 0x00000000ff200000)
  to   space 640K,   0% used [0x00000000ff200000, 0x00000000ff200000, 0x00000000ff2a0000)
 concurrent mark-sweep generation total 13696K, used 4194K [0x00000000ff2a0000, 0x0000000100000000, 0x0000000100000000)
 Metaspace       used 5070K, capacity 5248K, committed 5504K, reserved 1056768K
  class space    used 554K, capacity 592K, committed 640K, reserved 1048576K
2024-07-16T11:01:43.075+0800: 7.955: [GC (Allocation Failure) 2024-07-16T11:01:43.075+0800: 7.955: [ParNew: 5233K->6K(6144K), 0.0003149 secs] 9428K->5226K(19840K), 0.0003361 secs] [Times: user=0.00 sys=0.00, real=0.00 secs] 
Heap after GC invocations=961 (full 123):
 par new generation   total 6144K, used 6K [0x00000000fec00000, 0x00000000ff2a0000, 0x00000000ff2a0000)
  eden space 5504K,   0% used [0x00000000fec00000, 0x00000000fec00000, 0x00000000ff160000)
  from space 640K,   0% used [0x00000000ff200000, 0x00000000ff201830, 0x00000000ff2a0000)
  to   space 640K,   0% used [0x00000000ff160000, 0x00000000ff160000, 0x00000000ff200000)
 concurrent mark-sweep generation total 13696K, used 5220K [0x00000000ff2a0000, 0x0000000100000000, 0x0000000100000000)
 Metaspace       used 5070K, capacity 5248K, committed 5504K, reserved 1056768K
  class space    used 554K, capacity 592K, committed 640K, reserved 1048576K
}
{Heap before GC invocations=961 (full 123):
 par new generation   total 6144K, used 5235K [0x00000000fec00000, 0x00000000ff2a0000, 0x00000000ff2a0000)
  eden space 5504K,  95% used [0x00000000fec00000, 0x00000000ff11b798, 0x00000000ff160000)
  from space 640K,   0% used [0x00000000ff200000, 0x00000000ff201830, 0x00000000ff2a0000)
  to   space 640K,   0% used [0x00000000ff160000, 0x00000000ff160000, 0x00000000ff200000)
 concurrent mark-sweep generation total 13696K, used 5220K [0x00000000ff2a0000, 0x0000000100000000, 0x0000000100000000)
 Metaspace       used 5070K, capacity 5248K, committed 5504K, reserved 1056768K
  class space    used 554K, capacity 592K, committed 640K, reserved 1048576K
2024-07-16T11:01:43.082+0800: 7.963: [GC (Allocation Failure) 2024-07-16T11:01:43.082+0800: 7.963: [ParNew: 5235K->6K(6144K), 0.0005513 secs] 10456K->6250K(19840K), 0.0006058 secs] [Times: user=0.00 sys=0.00, real=0.00 secs] 
Heap after GC invocations=962 (full 123):
 par new generation   total 6144K, used 6K [0x00000000fec00000, 0x00000000ff2a0000, 0x00000000ff2a0000)
  eden space 5504K,   0% used [0x00000000fec00000, 0x00000000fec00000, 0x00000000ff160000)
  from space 640K,   0% used [0x00000000ff160000, 0x00000000ff161830, 0x00000000ff200000)
  to   space 640K,   0% used [0x00000000ff200000, 0x00000000ff200000, 0x00000000ff2a0000)
 concurrent mark-sweep generation total 13696K, used 6244K [0x00000000ff2a0000, 0x0000000100000000, 0x0000000100000000)
 Metaspace       used 5070K, capacity 5248K, committed 5504K, reserved 1056768K
  class space    used 554K, capacity 592K, committed 640K, reserved 1048576K
}
2024-07-16T11:01:43.082+0800: 7.963: [GC (CMS Initial Mark) [1 CMS-initial-mark: 6244K(13696K)] 7274K(19840K), 0.0002474 secs] [Times: user=0.00 sys=0.00, real=0.00 secs] 
2024-07-16T11:01:43.083+0800: 7.964: [CMS-concurrent-mark-start]
2024-07-16T11:01:43.085+0800: 7.966: [CMS-concurrent-mark: 0.002/0.002 secs] [Times: user=0.00 sys=0.00, real=0.00 secs] 
2024-07-16T11:01:43.085+0800: 7.966: [CMS-concurrent-preclean-start]
2024-07-16T11:01:43.085+0800: 7.966: [CMS-concurrent-preclean: 0.000/0.000 secs] [Times: user=0.00 sys=0.00, real=0.00 secs] 
2024-07-16T11:01:43.085+0800: 7.966: [CMS-concurrent-abortable-preclean-start]
{Heap before GC invocations=962 (full 124):
 par new generation   total 6144K, used 5235K [0x00000000fec00000, 0x00000000ff2a0000, 0x00000000ff2a0000)
  eden space 5504K,  95% used [0x00000000fec00000, 0x00000000ff11b798, 0x00000000ff160000)
  from space 640K,   0% used [0x00000000ff160000, 0x00000000ff161830, 0x00000000ff200000)
  to   space 640K,   0% used [0x00000000ff200000, 0x00000000ff200000, 0x00000000ff2a0000)
 concurrent mark-sweep generation total 13696K, used 6244K [0x00000000ff2a0000, 0x0000000100000000, 0x0000000100000000)
 Metaspace       used 5070K, capacity 5248K, committed 5504K, reserved 1056768K
  class space    used 554K, capacity 592K, committed 640K, reserved 1048576K
2024-07-16T11:01:43.091+0800: 7.972: [GC (Allocation Failure) 2024-07-16T11:01:43.091+0800: 7.972: [ParNew: 5235K->6K(6144K), 0.0005811 secs] 11480K->7274K(19840K), 0.0006382 secs] [Times: user=0.00 sys=0.00, real=0.00 secs] 
Heap after GC invocations=963 (full 124):
 par new generation   total 6144K, used 6K [0x00000000fec00000, 0x00000000ff2a0000, 0x00000000ff2a0000)
  eden space 5504K,   0% used [0x00000000fec00000, 0x00000000fec00000, 0x00000000ff160000)
  from space 640K,   0% used [0x00000000ff200000, 0x00000000ff201830, 0x00000000ff2a0000)
  to   space 640K,   0% used [0x00000000ff160000, 0x00000000ff160000, 0x00000000ff200000)
 concurrent mark-sweep generation total 13696K, used 7268K [0x00000000ff2a0000, 0x0000000100000000, 0x0000000100000000)
 Metaspace       used 5070K, capacity 5248K, committed 5504K, reserved 1056768K
  class space    used 554K, capacity 592K, committed 640K, reserved 1048576K
}
{Heap before GC invocations=963 (full 124):
 par new generation   total 6144K, used 5235K [0x00000000fec00000, 0x00000000ff2a0000, 0x00000000ff2a0000)
  eden space 5504K,  95% used [0x00000000fec00000, 0x00000000ff11b798, 0x00000000ff160000)
  from space 640K,   0% used [0x00000000ff200000, 0x00000000ff201830, 0x00000000ff2a0000)
  to   space 640K,   0% used [0x00000000ff160000, 0x00000000ff160000, 0x00000000ff200000)
 concurrent mark-sweep generation total 13696K, used 7268K [0x00000000ff2a0000, 0x0000000100000000, 0x0000000100000000)
 Metaspace       used 5070K, capacity 5248K, committed 5504K, reserved 1056768K
  class space    used 554K, capacity 592K, committed 640K, reserved 1048576K
2024-07-16T11:01:43.097+0800: 7.978: [GC (Allocation Failure) 2024-07-16T11:01:43.097+0800: 7.978: [ParNew: 5235K->10K(6144K), 0.0004420 secs] 12504K->8302K(19840K), 0.0005016 secs] [Times: user=0.00 sys=0.00, real=0.00 secs] 
Heap after GC invocations=964 (full 124):
 par new generation   total 6144K, used 10K [0x00000000fec00000, 0x00000000ff2a0000, 0x00000000ff2a0000)
  eden space 5504K,   0% used [0x00000000fec00000, 0x00000000fec00000, 0x00000000ff160000)
  from space 640K,   1% used [0x00000000ff160000, 0x00000000ff162850, 0x00000000ff200000)
  to   space 640K,   0% used [0x00000000ff200000, 0x00000000ff200000, 0x00000000ff2a0000)
 concurrent mark-sweep generation total 13696K, used 8292K [0x00000000ff2a0000, 0x0000000100000000, 0x0000000100000000)
 Metaspace       used 5070K, capacity 5248K, committed 5504K, reserved 1056768K
  class space    used 554K, capacity 592K, committed 640K, reserved 1048576K
}
{Heap before GC invocations=964 (full 124):
 par new generation   total 6144K, used 5239K [0x00000000fec00000, 0x00000000ff2a0000, 0x00000000ff2a0000)
  eden space 5504K,  95% used [0x00000000fec00000, 0x00000000ff11b798, 0x00000000ff160000)
  from space 640K,   1% used [0x00000000ff160000, 0x00000000ff162850, 0x00000000ff200000)
  to   space 640K,   0% used [0x00000000ff200000, 0x00000000ff200000, 0x00000000ff2a0000)
 concurrent mark-sweep generation total 13696K, used 8292K [0x00000000ff2a0000, 0x0000000100000000, 0x0000000100000000)
 Metaspace       used 5070K, capacity 5248K, committed 5504K, reserved 1056768K
  class space    used 554K, capacity 592K, committed 640K, reserved 1048576K
2024-07-16T11:01:43.104+0800: 7.985: [GC (Allocation Failure) 2024-07-16T11:01:43.104+0800: 7.985: [ParNew: 5239K->8K(6144K), 0.0007900 secs] 13532K->9324K(19840K), 0.0008734 secs] [Times: user=0.00 sys=0.00, real=0.00 secs] 
Heap after GC invocations=965 (full 124):
 par new generation   total 6144K, used 8K [0x00000000fec00000, 0x00000000ff2a0000, 0x00000000ff2a0000)
  eden space 5504K,   0% used [0x00000000fec00000, 0x00000000fec00000, 0x00000000ff160000)
  from space 640K,   1% used [0x00000000ff200000, 0x00000000ff202040, 0x00000000ff2a0000)
  to   space 640K,   0% used [0x00000000ff160000, 0x00000000ff160000, 0x00000000ff200000)
 concurrent mark-sweep generation total 13696K, used 9316K [0x00000000ff2a0000, 0x0000000100000000, 0x0000000100000000)
 Metaspace       used 5070K, capacity 5248K, committed 5504K, reserved 1056768K
  class space    used 554K, capacity 592K, committed 640K, reserved 1048576K
}
{Heap before GC invocations=965 (full 124):
 par new generation   total 6144K, used 5237K [0x00000000fec00000, 0x00000000ff2a0000, 0x00000000ff2a0000)
  eden space 5504K,  95% used [0x00000000fec00000, 0x00000000ff11b798, 0x00000000ff160000)
  from space 640K,   1% used [0x00000000ff200000, 0x00000000ff202040, 0x00000000ff2a0000)
  to   space 640K,   0% used [0x00000000ff160000, 0x00000000ff160000, 0x00000000ff200000)
 concurrent mark-sweep generation total 13696K, used 9316K [0x00000000ff2a0000, 0x0000000100000000, 0x0000000100000000)
 Metaspace       used 5070K, capacity 5248K, committed 5504K, reserved 1056768K
  class space    used 554K, capacity 592K, committed 640K, reserved 1048576K
2024-07-16T11:01:43.112+0800: 7.993: [GC (Allocation Failure) 2024-07-16T11:01:43.112+0800: 7.993: [ParNew: 5237K->8K(6144K), 0.0010911 secs] 14554K->10348K(19840K), 0.0011554 secs] [Times: user=0.00 sys=0.00, real=0.00 secs] 
Heap after GC invocations=966 (full 124):
 par new generation   total 6144K, used 8K [0x00000000fec00000, 0x00000000ff2a0000, 0x00000000ff2a0000)
  eden space 5504K,   0% used [0x00000000fec00000, 0x00000000fec00000, 0x00000000ff160000)
  from space 640K,   1% used [0x00000000ff160000, 0x00000000ff162040, 0x00000000ff200000)
  to   space 640K,   0% used [0x00000000ff200000, 0x00000000ff200000, 0x00000000ff2a0000)
 concurrent mark-sweep generation total 13696K, used 10340K [0x00000000ff2a0000, 0x0000000100000000, 0x0000000100000000)
 Metaspace       used 5070K, capacity 5248K, committed 5504K, reserved 1056768K
  class space    used 554K, capacity 592K, committed 640K, reserved 1048576K
}
{Heap before GC invocations=966 (full 124):
 par new generation   total 6144K, used 5237K [0x00000000fec00000, 0x00000000ff2a0000, 0x00000000ff2a0000)
  eden space 5504K,  95% used [0x00000000fec00000, 0x00000000ff11b798, 0x00000000ff160000)
  from space 640K,   1% used [0x00000000ff160000, 0x00000000ff162040, 0x00000000ff200000)
  to   space 640K,   0% used [0x00000000ff200000, 0x00000000ff200000, 0x00000000ff2a0000)
 concurrent mark-sweep generation total 13696K, used 10340K [0x00000000ff2a0000, 0x0000000100000000, 0x0000000100000000)
 Metaspace       used 5070K, capacity 5248K, committed 5504K, reserved 1056768K
  class space    used 554K, capacity 592K, committed 640K, reserved 1048576K
2024-07-16T11:01:43.120+0800: 8.001: [GC (Allocation Failure) 2024-07-16T11:01:43.120+0800: 8.001: [ParNew: 5237K->4K(6144K), 0.0010949 secs] 15578K->10344K(19840K), 0.0011882 secs] [Times: user=0.00 sys=0.00, real=0.00 secs] 
Heap after GC invocations=967 (full 124):
 par new generation   total 6144K, used 4K [0x00000000fec00000, 0x00000000ff2a0000, 0x00000000ff2a0000)
  eden space 5504K,   0% used [0x00000000fec00000, 0x00000000fec00000, 0x00000000ff160000)
  from space 640K,   0% used [0x00000000ff200000, 0x00000000ff201020, 0x00000000ff2a0000)
  to   space 640K,   0% used [0x00000000ff160000, 0x00000000ff160000, 0x00000000ff200000)
 concurrent mark-sweep generation total 13696K, used 10340K [0x00000000ff2a0000, 0x0000000100000000, 0x0000000100000000)
 Metaspace       used 5070K, capacity 5248K, committed 5504K, reserved 1056768K
  class space    used 554K, capacity 592K, committed 640K, reserved 1048576K
}
{Heap before GC invocations=967 (full 124):
 par new generation   total 6144K, used 5233K [0x00000000fec00000, 0x00000000ff2a0000, 0x00000000ff2a0000)
  eden space 5504K,  95% used [0x00000000fec00000, 0x00000000ff11b798, 0x00000000ff160000)
  from space 640K,   0% used [0x00000000ff200000, 0x00000000ff201020, 0x00000000ff2a0000)
  to   space 640K,   0% used [0x00000000ff160000, 0x00000000ff160000, 0x00000000ff200000)
 concurrent mark-sweep generation total 13696K, used 10340K [0x00000000ff2a0000, 0x0000000100000000, 0x0000000100000000)
 Metaspace       used 5070K, capacity 5248K, committed 5504K, reserved 1056768K
  class space    used 554K, capacity 592K, committed 640K, reserved 1048576K
2024-07-16T11:01:43.127+0800: 8.008: [GC (Allocation Failure) 2024-07-16T11:01:43.127+0800: 8.008: [ParNew: 5233K->8K(6144K), 0.0013079 secs] 15574K->11372K(19840K), 0.0014209 secs] [Times: user=0.00 sys=0.00, real=0.00 secs] 
Heap after GC invocations=968 (full 124):
 par new generation   total 6144K, used 8K [0x00000000fec00000, 0x00000000ff2a0000, 0x00000000ff2a0000)
  eden space 5504K,   0% used [0x00000000fec00000, 0x00000000fec00000, 0x00000000ff160000)
  from space 640K,   1% used [0x00000000ff160000, 0x00000000ff162040, 0x00000000ff200000)
  to   space 640K,   0% used [0x00000000ff200000, 0x00000000ff200000, 0x00000000ff2a0000)
 concurrent mark-sweep generation total 13696K, used 11364K [0x00000000ff2a0000, 0x0000000100000000, 0x0000000100000000)
 Metaspace       used 5070K, capacity 5248K, committed 5504K, reserved 1056768K
  class space    used 554K, capacity 592K, committed 640K, reserved 1048576K
}
{Heap before GC invocations=968 (full 124):
 par new generation   total 6144K, used 5237K [0x00000000fec00000, 0x00000000ff2a0000, 0x00000000ff2a0000)
  eden space 5504K,  95% used [0x00000000fec00000, 0x00000000ff11b798, 0x00000000ff160000)
  from space 640K,   1% used [0x00000000ff160000, 0x00000000ff162040, 0x00000000ff200000)
  to   space 640K,   0% used [0x00000000ff200000, 0x00000000ff200000, 0x00000000ff2a0000)
 concurrent mark-sweep generation total 13696K, used 11364K [0x00000000ff2a0000, 0x0000000100000000, 0x0000000100000000)
 Metaspace       used 5070K, capacity 5248K, committed 5504K, reserved 1056768K
  class space    used 554K, capacity 592K, committed 640K, reserved 1048576K
2024-07-16T11:01:43.135+0800: 8.016: [GC (Allocation Failure) 2024-07-16T11:01:43.135+0800: 8.016: [ParNew: 5237K->8K(6144K), 0.0015087 secs] 16602K->12396K(19840K), 0.0016197 secs] [Times: user=0.00 sys=0.00, real=0.00 secs] 
Heap after GC invocations=969 (full 124):
 par new generation   total 6144K, used 8K [0x00000000fec00000, 0x00000000ff2a0000, 0x00000000ff2a0000)
  eden space 5504K,   0% used [0x00000000fec00000, 0x00000000fec00000, 0x00000000ff160000)
  from space 640K,   1% used [0x00000000ff200000, 0x00000000ff202040, 0x00000000ff2a0000)
  to   space 640K,   0% used [0x00000000ff160000, 0x00000000ff160000, 0x00000000ff200000)
 concurrent mark-sweep generation total 13696K, used 12388K [0x00000000ff2a0000, 0x0000000100000000, 0x0000000100000000)
 Metaspace       used 5070K, capacity 5248K, committed 5504K, reserved 1056768K
  class space    used 554K, capacity 592K, committed 640K, reserved 1048576K
}
{Heap before GC invocations=969 (full 124):
 par new generation   total 6144K, used 5237K [0x00000000fec00000, 0x00000000ff2a0000, 0x00000000ff2a0000)
  eden space 5504K,  95% used [0x00000000fec00000, 0x00000000ff11b798, 0x00000000ff160000)
  from space 640K,   1% used [0x00000000ff200000, 0x00000000ff202040, 0x00000000ff2a0000)
  to   space 640K,   0% used [0x00000000ff160000, 0x00000000ff160000, 0x00000000ff200000)
 concurrent mark-sweep generation total 13696K, used 12388K [0x00000000ff2a0000, 0x0000000100000000, 0x0000000100000000)
 Metaspace       used 5070K, capacity 5248K, committed 5504K, reserved 1056768K
  class space    used 554K, capacity 592K, committed 640K, reserved 1048576K
2024-07-16T11:01:43.144+0800: 8.025: [GC (Allocation Failure) 2024-07-16T11:01:43.144+0800: 8.025: [ParNew: 5237K->4K(6144K), 0.0011331 secs] 17626K->12392K(19840K), 0.0012269 secs] [Times: user=0.00 sys=0.00, real=0.00 secs] 
Heap after GC invocations=970 (full 124):
 par new generation   total 6144K, used 4K [0x00000000fec00000, 0x00000000ff2a0000, 0x00000000ff2a0000)
  eden space 5504K,   0% used [0x00000000fec00000, 0x00000000fec00000, 0x00000000ff160000)
  from space 640K,   0% used [0x00000000ff160000, 0x00000000ff161020, 0x00000000ff200000)
  to   space 640K,   0% used [0x00000000ff200000, 0x00000000ff200000, 0x00000000ff2a0000)
 concurrent mark-sweep generation total 13696K, used 12388K [0x00000000ff2a0000, 0x0000000100000000, 0x0000000100000000)
 Metaspace       used 5070K, capacity 5248K, committed 5504K, reserved 1056768K
  class space    used 554K, capacity 592K, committed 640K, reserved 1048576K
}
{Heap before GC invocations=970 (full 124):
 par new generation   total 6144K, used 5233K [0x00000000fec00000, 0x00000000ff2a0000, 0x00000000ff2a0000)
  eden space 5504K,  95% used [0x00000000fec00000, 0x00000000ff11b798, 0x00000000ff160000)
  from space 640K,   0% used [0x00000000ff160000, 0x00000000ff161020, 0x00000000ff200000)
  to   space 640K,   0% used [0x00000000ff200000, 0x00000000ff200000, 0x00000000ff2a0000)
 concurrent mark-sweep generation total 13696K, used 12388K [0x00000000ff2a0000, 0x0000000100000000, 0x0000000100000000)
 Metaspace       used 5070K, capacity 5248K, committed 5504K, reserved 1056768K
  class space    used 554K, capacity 592K, committed 640K, reserved 1048576K
2024-07-16T11:01:43.153+0800: 8.034: [GC (Allocation Failure) 2024-07-16T11:01:43.153+0800: 8.034: [ParNew: 5233K->4K(6144K), 0.0012843 secs] 17622K->12392K(19840K), 0.0013849 secs] [Times: user=0.00 sys=0.00, real=0.00 secs] 
Heap after GC invocations=971 (full 124):
 par new generation   total 6144K, used 4K [0x00000000fec00000, 0x00000000ff2a0000, 0x00000000ff2a0000)
  eden space 5504K,   0% used [0x00000000fec00000, 0x00000000fec00000, 0x00000000ff160000)
  from space 640K,   0% used [0x00000000ff200000, 0x00000000ff201020, 0x00000000ff2a0000)
  to   space 640K,   0% used [0x00000000ff160000, 0x00000000ff160000, 0x00000000ff200000)
 concurrent mark-sweep generation total 13696K, used 12388K [0x00000000ff2a0000, 0x0000000100000000, 0x0000000100000000)
 Metaspace       used 5070K, capacity 5248K, committed 5504K, reserved 1056768K
  class space    used 554K, capacity 592K, committed 640K, reserved 1048576K
}
{Heap before GC invocations=971 (full 124):
 par new generation   total 6144K, used 5233K [0x00000000fec00000, 0x00000000ff2a0000, 0x00000000ff2a0000)
  eden space 5504K,  95% used [0x00000000fec00000, 0x00000000ff11b798, 0x00000000ff160000)
  from space 640K,   0% used [0x00000000ff200000, 0x00000000ff201020, 0x00000000ff2a0000)
  to   space 640K,   0% used [0x00000000ff160000, 0x00000000ff160000, 0x00000000ff200000)
 concurrent mark-sweep generation total 13696K, used 12388K [0x00000000ff2a0000, 0x0000000100000000, 0x0000000100000000)
 Metaspace       used 5070K, capacity 5248K, committed 5504K, reserved 1056768K
  class space    used 554K, capacity 592K, committed 640K, reserved 1048576K
2024-07-16T11:01:43.161+0800: 8.042: [GC (Allocation Failure) 2024-07-16T11:01:43.161+0800: 8.042: [ParNew: 5233K->4K(6144K), 0.0011603 secs] 17622K->12392K(19840K), 0.0012570 secs] [Times: user=0.00 sys=0.00, real=0.00 secs] 
Heap after GC invocations=972 (full 124):
 par new generation   total 6144K, used 4K [0x00000000fec00000, 0x00000000ff2a0000, 0x00000000ff2a0000)
  eden space 5504K,   0% used [0x00000000fec00000, 0x00000000fec00000, 0x00000000ff160000)
  from space 640K,   0% used [0x00000000ff160000, 0x00000000ff161020, 0x00000000ff200000)
  to   space 640K,   0% used [0x00000000ff200000, 0x00000000ff200000, 0x00000000ff2a0000)
 concurrent mark-sweep generation total 13696K, used 12388K [0x00000000ff2a0000, 0x0000000100000000, 0x0000000100000000)
 Metaspace       used 5070K, capacity 5248K, committed 5504K, reserved 1056768K
  class space    used 554K, capacity 592K, committed 640K, reserved 1048576K
}
{Heap before GC invocations=972 (full 124):
 par new generation   total 6144K, used 5233K [0x00000000fec00000, 0x00000000ff2a0000, 0x00000000ff2a0000)
  eden space 5504K,  95% used [0x00000000fec00000, 0x00000000ff11b798, 0x00000000ff160000)
  from space 640K,   0% used [0x00000000ff160000, 0x00000000ff161020, 0x00000000ff200000)
  to   space 640K,   0% used [0x00000000ff200000, 0x00000000ff200000, 0x00000000ff2a0000)
 concurrent mark-sweep generation total 13696K, used 12388K [0x00000000ff2a0000, 0x0000000100000000, 0x0000000100000000)
 Metaspace       used 5070K, capacity 5248K, committed 5504K, reserved 1056768K
  class space    used 554K, capacity 592K, committed 640K, reserved 1048576K
2024-07-16T11:01:43.168+0800: 8.049: [GC (Allocation Failure) 2024-07-16T11:01:43.168+0800: 8.049: [ParNew: 5233K->6K(6144K), 0.0012379 secs] 17622K->13418K(19840K), 0.0013281 secs] [Times: user=0.00 sys=0.00, real=0.00 secs] 
Heap after GC invocations=973 (full 124):
 par new generation   total 6144K, used 6K [0x00000000fec00000, 0x00000000ff2a0000, 0x00000000ff2a0000)
  eden space 5504K,   0% used [0x00000000fec00000, 0x00000000fec00000, 0x00000000ff160000)
  from space 640K,   0% used [0x00000000ff200000, 0x00000000ff201830, 0x00000000ff2a0000)
  to   space 640K,   0% used [0x00000000ff160000, 0x00000000ff160000, 0x00000000ff200000)
 concurrent mark-sweep generation total 13696K, used 13412K [0x00000000ff2a0000, 0x0000000100000000, 0x0000000100000000)
 Metaspace       used 5070K, capacity 5248K, committed 5504K, reserved 1056768K
  class space    used 554K, capacity 592K, committed 640K, reserved 1048576K
}
2024-07-16T11:01:43.169+0800: 8.050: [CMS-concurrent-abortable-preclean: 0.001/0.084 secs] [Times: user=0.00 sys=0.00, real=0.08 secs] 
2024-07-16T11:01:43.169+0800: 8.050: [GC (CMS Final Remark) [YG occupancy: 1139 K (6144 K)]2024-07-16T11:01:43.169+0800: 8.050: [Rescan (parallel) , 0.0005337 secs]2024-07-16T11:01:43.170+0800: 8.051: [weak refs processing, 0.0000357 secs]2024-07-16T11:01:43.170+0800: 8.051: [class unloading, 0.0007856 secs]2024-07-16T11:01:43.171+0800: 8.052: [scrub symbol table, 0.0008366 secs]2024-07-16T11:01:43.172+0800: 8.053: [scrub string table, 0.0002483 secs][1 CMS-remark: 13412K(13696K)] 14552K(19840K), 0.0025864 secs] [Times: user=0.00 sys=0.00, real=0.00 secs] 
2024-07-16T11:01:43.172+0800: 8.053: [CMS-concurrent-sweep-start]
2024-07-16T11:01:43.173+0800: 8.054: [CMS-concurrent-sweep: 0.001/0.001 secs] [Times: user=0.00 sys=0.00, real=0.00 secs] 
2024-07-16T11:01:43.173+0800: 8.054: [CMS-concurrent-reset-start]
2024-07-16T11:01:43.173+0800: 8.054: [CMS-concurrent-reset: 0.000/0.000 secs] [Times: user=0.00 sys=0.00, real=0.00 secs] 
{Heap before GC invocations=973 (full 124):
 par new generation   total 6144K, used 5235K [0x00000000fec00000, 0x00000000ff2a0000, 0x00000000ff2a0000)
  eden space 5504K,  95% used [0x00000000fec00000, 0x00000000ff11b798, 0x00000000ff160000)
  from space 640K,   0% used [0x00000000ff200000, 0x00000000ff201830, 0x00000000ff2a0000)
  to   space 640K,   0% used [0x00000000ff160000, 0x00000000ff160000, 0x00000000ff200000)
 concurrent mark-sweep generation total 13696K, used 8292K [0x00000000ff2a0000, 0x0000000100000000, 0x0000000100000000)
 Metaspace       used 5070K, capacity 5248K, committed 5504K, reserved 1056768K
  class space    used 554K, capacity 592K, committed 640K, reserved 1048576K
2024-07-16T11:01:43.177+0800: 8.058: [GC (Allocation Failure) 2024-07-16T11:01:43.177+0800: 8.058: [ParNew: 5235K->8K(6144K), 0.0013247 secs] 13528K->9324K(19840K), 0.0014312 secs] [Times: user=0.00 sys=0.00, real=0.00 secs] 
Heap after GC invocations=974 (full 124):
 par new generation   total 6144K, used 8K [0x00000000fec00000, 0x00000000ff2a0000, 0x00000000ff2a0000)
  eden space 5504K,   0% used [0x00000000fec00000, 0x00000000fec00000, 0x00000000ff160000)
  from space 640K,   1% used [0x00000000ff160000, 0x00000000ff162040, 0x00000000ff200000)
  to   space 640K,   0% used [0x00000000ff200000, 0x00000000ff200000, 0x00000000ff2a0000)
 concurrent mark-sweep generation total 13696K, used 9316K [0x00000000ff2a0000, 0x0000000100000000, 0x0000000100000000)
 Metaspace       used 5070K, capacity 5248K, committed 5504K, reserved 1056768K
  class space    used 554K, capacity 592K, committed 640K, reserved 1048576K
}
2024-07-16T11:01:43.178+0800: 8.059: [GC (CMS Initial Mark) [1 CMS-initial-mark: 9316K(13696K)] 10350K(19840K), 0.0004810 secs] [Times: user=0.00 sys=0.00, real=0.00 secs] 
2024-07-16T11:01:43.179+0800: 8.060: [CMS-concurrent-mark-start]
2024-07-16T11:01:43.183+0800: 8.064: [CMS-concurrent-mark: 0.004/0.004 secs] [Times: user=0.00 sys=0.00, real=0.00 secs] 
2024-07-16T11:01:43.183+0800: 8.064: [CMS-concurrent-preclean-start]
2024-07-16T11:01:43.183+0800: 8.064: [CMS-concurrent-preclean: 0.000/0.000 secs] [Times: user=0.00 sys=0.00, real=0.00 secs] 
2024-07-16T11:01:43.183+0800: 8.064: [CMS-concurrent-abortable-preclean-start]
{Heap before GC invocations=974 (full 125):
 par new generation   total 6144K, used 5237K [0x00000000fec00000, 0x00000000ff2a0000, 0x00000000ff2a0000)
  eden space 5504K,  95% used [0x00000000fec00000, 0x00000000ff11b798, 0x00000000ff160000)
  from space 640K,   1% used [0x00000000ff160000, 0x00000000ff162040, 0x00000000ff200000)
  to   space 640K,   0% used [0x00000000ff200000, 0x00000000ff200000, 0x00000000ff2a0000)
 concurrent mark-sweep generation total 13696K, used 9316K [0x00000000ff2a0000, 0x0000000100000000, 0x0000000100000000)
 Metaspace       used 5070K, capacity 5248K, committed 5504K, reserved 1056768K
  class space    used 554K, capacity 592K, committed 640K, reserved 1048576K
2024-07-16T11:01:43.187+0800: 8.068: [GC (Allocation Failure) 2024-07-16T11:01:43.187+0800: 8.068: [ParNew: 5237K->8K(6144K), 0.0011771 secs] 14554K->10348K(19840K), 0.0012500 secs] [Times: user=0.00 sys=0.00, real=0.00 secs] 
Heap after GC invocations=975 (full 125):
 par new generation   total 6144K, used 8K [0x00000000fec00000, 0x00000000ff2a0000, 0x00000000ff2a0000)
  eden space 5504K,   0% used [0x00000000fec00000, 0x00000000fec00000, 0x00000000ff160000)
  from space 640K,   1% used [0x00000000ff200000, 0x00000000ff202040, 0x00000000ff2a0000)
  to   space 640K,   0% used [0x00000000ff160000, 0x00000000ff160000, 0x00000000ff200000)
 concurrent mark-sweep generation total 13696K, used 10340K [0x00000000ff2a0000, 0x0000000100000000, 0x0000000100000000)
 Metaspace       used 5070K, capacity 5248K, committed 5504K, reserved 1056768K
  class space    used 554K, capacity 592K, committed 640K, reserved 1048576K
}
{Heap before GC invocations=975 (full 125):
 par new generation   total 6144K, used 5237K [0x00000000fec00000, 0x00000000ff2a0000, 0x00000000ff2a0000)
  eden space 5504K,  95% used [0x00000000fec00000, 0x00000000ff11b798, 0x00000000ff160000)
  from space 640K,   1% used [0x00000000ff200000, 0x00000000ff202040, 0x00000000ff2a0000)
  to   space 640K,   0% used [0x00000000ff160000, 0x00000000ff160000, 0x00000000ff200000)
 concurrent mark-sweep generation total 13696K, used 10340K [0x00000000ff2a0000, 0x0000000100000000, 0x0000000100000000)
 Metaspace       used 5070K, capacity 5248K, committed 5504K, reserved 1056768K
  class space    used 554K, capacity 592K, committed 640K, reserved 1048576K
2024-07-16T11:01:43.195+0800: 8.076: [GC (Allocation Failure) 2024-07-16T11:01:43.195+0800: 8.076: [ParNew: 5237K->8K(6144K), 0.0008572 secs] 15578K->11374K(19840K), 0.0009440 secs] [Times: user=0.00 sys=0.00, real=0.00 secs] 
Heap after GC invocations=976 (full 125):
 par new generation   total 6144K, used 8K [0x00000000fec00000, 0x00000000ff2a0000, 0x00000000ff2a0000)
  eden space 5504K,   0% used [0x00000000fec00000, 0x00000000fec00000, 0x00000000ff160000)
  from space 640K,   1% used [0x00000000ff160000, 0x00000000ff162040, 0x00000000ff200000)
  to   space 640K,   0% used [0x00000000ff200000, 0x00000000ff200000, 0x00000000ff2a0000)
 concurrent mark-sweep generation total 13696K, used 11366K [0x00000000ff2a0000, 0x0000000100000000, 0x0000000100000000)
 Metaspace       used 5070K, capacity 5248K, committed 5504K, reserved 1056768K
  class space    used 554K, capacity 592K, committed 640K, reserved 1048576K
}
{Heap before GC invocations=976 (full 125):
 par new generation   total 6144K, used 5237K [0x00000000fec00000, 0x00000000ff2a0000, 0x00000000ff2a0000)
  eden space 5504K,  95% used [0x00000000fec00000, 0x00000000ff11b798, 0x00000000ff160000)
  from space 640K,   1% used [0x00000000ff160000, 0x00000000ff162040, 0x00000000ff200000)
  to   space 640K,   0% used [0x00000000ff200000, 0x00000000ff200000, 0x00000000ff2a0000)
 concurrent mark-sweep generation total 13696K, used 11366K [0x00000000ff2a0000, 0x0000000100000000, 0x0000000100000000)
 Metaspace       used 5070K, capacity 5248K, committed 5504K, reserved 1056768K
  class space    used 554K, capacity 592K, committed 640K, reserved 1048576K
2024-07-16T11:01:43.205+0800: 8.086: [GC (Allocation Failure) 2024-07-16T11:01:43.205+0800: 8.086: [ParNew: 5237K->2K(6144K), 0.0009673 secs] 16604K->11368K(19840K), 0.0010476 secs] [Times: user=0.00 sys=0.00, real=0.00 secs] 
Heap after GC invocations=977 (full 125):
 par new generation   total 6144K, used 2K [0x00000000fec00000, 0x00000000ff2a0000, 0x00000000ff2a0000)
  eden space 5504K,   0% used [0x00000000fec00000, 0x00000000fec00000, 0x00000000ff160000)
  from space 640K,   0% used [0x00000000ff200000, 0x00000000ff200810, 0x00000000ff2a0000)
  to   space 640K,   0% used [0x00000000ff160000, 0x00000000ff160000, 0x00000000ff200000)
 concurrent mark-sweep generation total 13696K, used 11366K [0x00000000ff2a0000, 0x0000000100000000, 0x0000000100000000)
 Metaspace       used 5070K, capacity 5248K, committed 5504K, reserved 1056768K
  class space    used 554K, capacity 592K, committed 640K, reserved 1048576K
}
{Heap before GC invocations=977 (full 125):
 par new generation   total 6144K, used 5231K [0x00000000fec00000, 0x00000000ff2a0000, 0x00000000ff2a0000)
  eden space 5504K,  95% used [0x00000000fec00000, 0x00000000ff11b798, 0x00000000ff160000)
  from space 640K,   0% used [0x00000000ff200000, 0x00000000ff200810, 0x00000000ff2a0000)
  to   space 640K,   0% used [0x00000000ff160000, 0x00000000ff160000, 0x00000000ff200000)
 concurrent mark-sweep generation total 13696K, used 11366K [0x00000000ff2a0000, 0x0000000100000000, 0x0000000100000000)
 Metaspace       used 5070K, capacity 5248K, committed 5504K, reserved 1056768K
  class space    used 554K, capacity 592K, committed 640K, reserved 1048576K
2024-07-16T11:01:43.213+0800: 8.094: [GC (Allocation Failure) 2024-07-16T11:01:43.213+0800: 8.094: [ParNew: 5231K->6K(6144K), 0.0008022 secs] 16598K->12396K(19840K), 0.0008696 secs] [Times: user=0.00 sys=0.00, real=0.00 secs] 
Heap after GC invocations=978 (full 125):
 par new generation   total 6144K, used 6K [0x00000000fec00000, 0x00000000ff2a0000, 0x00000000ff2a0000)
  eden space 5504K,   0% used [0x00000000fec00000, 0x00000000fec00000, 0x00000000ff160000)
  from space 640K,   0% used [0x00000000ff160000, 0x00000000ff161830, 0x00000000ff200000)
  to   space 640K,   0% used [0x00000000ff200000, 0x00000000ff200000, 0x00000000ff2a0000)
 concurrent mark-sweep generation total 13696K, used 12390K [0x00000000ff2a0000, 0x0000000100000000, 0x0000000100000000)
 Metaspace       used 5070K, capacity 5248K, committed 5504K, reserved 1056768K
  class space    used 554K, capacity 592K, committed 640K, reserved 1048576K
}
{Heap before GC invocations=978 (full 125):
 par new generation   total 6144K, used 5235K [0x00000000fec00000, 0x00000000ff2a0000, 0x00000000ff2a0000)
  eden space 5504K,  95% used [0x00000000fec00000, 0x00000000ff11b798, 0x00000000ff160000)
  from space 640K,   0% used [0x00000000ff160000, 0x00000000ff161830, 0x00000000ff200000)
  to   space 640K,   0% used [0x00000000ff200000, 0x00000000ff200000, 0x00000000ff2a0000)
 concurrent mark-sweep generation total 13696K, used 12390K [0x00000000ff2a0000, 0x0000000100000000, 0x0000000100000000)
 Metaspace       used 5070K, capacity 5248K, committed 5504K, reserved 1056768K
  class space    used 554K, capacity 592K, committed 640K, reserved 1048576K
2024-07-16T11:01:43.220+0800: 8.101: [GC (Allocation Failure) 2024-07-16T11:01:43.220+0800: 8.101: [ParNew: 5235K->5235K(6144K), 0.0000182 secs]2024-07-16T11:01:43.220+0800: 8.101: [CMS2024-07-16T11:01:43.220+0800: 8.101: [CMS-concurrent-abortable-preclean: 0.001/0.036 secs] [Times: user=0.00 sys=0.00, real=0.04 secs] 
 (concurrent mode failure): 12390K->2130K(13696K), 0.0048611 secs] 17626K->2130K(19840K), [Metaspace: 5070K->5070K(1056768K)], 0.0049475 secs] [Times: user=0.02 sys=0.00, real=0.00 secs] 
Heap after GC invocations=979 (full 126):
 par new generation   total 6144K, used 0K [0x00000000fec00000, 0x00000000ff2a0000, 0x00000000ff2a0000)
  eden space 5504K,   0% used [0x00000000fec00000, 0x00000000fec00000, 0x00000000ff160000)
  from space 640K,   0% used [0x00000000ff160000, 0x00000000ff160000, 0x00000000ff200000)
  to   space 640K,   0% used [0x00000000ff200000, 0x00000000ff200000, 0x00000000ff2a0000)
 concurrent mark-sweep generation total 13696K, used 2130K [0x00000000ff2a0000, 0x0000000100000000, 0x0000000100000000)
 Metaspace       used 5070K, capacity 5248K, committed 5504K, reserved 1056768K
  class space    used 554K, capacity 592K, committed 640K, reserved 1048576K
}
{Heap before GC invocations=979 (full 126):
 par new generation   total 6144K, used 5229K [0x00000000fec00000, 0x00000000ff2a0000, 0x00000000ff2a0000)
  eden space 5504K,  95% used [0x00000000fec00000, 0x00000000ff11b798, 0x00000000ff160000)
  from space 640K,   0% used [0x00000000ff160000, 0x00000000ff160000, 0x00000000ff200000)
  to   space 640K,   0% used [0x00000000ff200000, 0x00000000ff200000, 0x00000000ff2a0000)
 concurrent mark-sweep generation total 13696K, used 2130K [0x00000000ff2a0000, 0x0000000100000000, 0x0000000100000000)
 Metaspace       used 5070K, capacity 5248K, committed 5504K, reserved 1056768K
  class space    used 554K, capacity 592K, committed 640K, reserved 1048576K
2024-07-16T11:01:43.232+0800: 8.113: [GC (Allocation Failure) 2024-07-16T11:01:43.232+0800: 8.113: [ParNew: 5229K->8K(6144K), 0.0013498 secs] 7360K->3164K(19840K), 0.0014645 secs] [Times: user=0.00 sys=0.00, real=0.00 secs] 
Heap after GC invocations=980 (full 126):
 par new generation   total 6144K, used 8K [0x00000000fec00000, 0x00000000ff2a0000, 0x00000000ff2a0000)
  eden space 5504K,   0% used [0x00000000fec00000, 0x00000000fec00000, 0x00000000ff160000)
  from space 640K,   1% used [0x00000000ff200000, 0x00000000ff202040, 0x00000000ff2a0000)
  to   space 640K,   0% used [0x00000000ff160000, 0x00000000ff160000, 0x00000000ff200000)
 concurrent mark-sweep generation total 13696K, used 3156K [0x00000000ff2a0000, 0x0000000100000000, 0x0000000100000000)
 Metaspace       used 5070K, capacity 5248K, committed 5504K, reserved 1056768K
  class space    used 554K, capacity 592K, committed 640K, reserved 1048576K
}
{Heap before GC invocations=980 (full 126):
 par new generation   total 6144K, used 5237K [0x00000000fec00000, 0x00000000ff2a0000, 0x00000000ff2a0000)
  eden space 5504K,  95% used [0x00000000fec00000, 0x00000000ff11b798, 0x00000000ff160000)
  from space 640K,   1% used [0x00000000ff200000, 0x00000000ff202040, 0x00000000ff2a0000)
  to   space 640K,   0% used [0x00000000ff160000, 0x00000000ff160000, 0x00000000ff200000)
 concurrent mark-sweep generation total 13696K, used 3156K [0x00000000ff2a0000, 0x0000000100000000, 0x0000000100000000)
 Metaspace       used 5070K, capacity 5248K, committed 5504K, reserved 1056768K
  class space    used 554K, capacity 592K, committed 640K, reserved 1048576K
2024-07-16T11:01:43.241+0800: 8.122: [GC (Allocation Failure) 2024-07-16T11:01:43.241+0800: 8.122: [ParNew: 5237K->4K(6144K), 0.0011268 secs] 8394K->3160K(19840K), 0.0012162 secs] [Times: user=0.00 sys=0.00, real=0.00 secs] 
Heap after GC invocations=981 (full 126):
 par new generation   total 6144K, used 4K [0x00000000fec00000, 0x00000000ff2a0000, 0x00000000ff2a0000)
  eden space 5504K,   0% used [0x00000000fec00000, 0x00000000fec00000, 0x00000000ff160000)
  from space 640K,   0% used [0x00000000ff160000, 0x00000000ff161020, 0x00000000ff200000)
  to   space 640K,   0% used [0x00000000ff200000, 0x00000000ff200000, 0x00000000ff2a0000)
 concurrent mark-sweep generation total 13696K, used 3156K [0x00000000ff2a0000, 0x0000000100000000, 0x0000000100000000)
 Metaspace       used 5070K, capacity 5248K, committed 5504K, reserved 1056768K
  class space    used 554K, capacity 592K, committed 640K, reserved 1048576K
}
{Heap before GC invocations=981 (full 126):
 par new generation   total 6144K, used 5233K [0x00000000fec00000, 0x00000000ff2a0000, 0x00000000ff2a0000)
  eden space 5504K,  95% used [0x00000000fec00000, 0x00000000ff11b798, 0x00000000ff160000)
  from space 640K,   0% used [0x00000000ff160000, 0x00000000ff161020, 0x00000000ff200000)
  to   space 640K,   0% used [0x00000000ff200000, 0x00000000ff200000, 0x00000000ff2a0000)
 concurrent mark-sweep generation total 13696K, used 3156K [0x00000000ff2a0000, 0x0000000100000000, 0x0000000100000000)
 Metaspace       used 5070K, capacity 5248K, committed 5504K, reserved 1056768K
  class space    used 554K, capacity 592K, committed 640K, reserved 1048576K
2024-07-16T11:01:43.248+0800: 8.129: [GC (Allocation Failure) 2024-07-16T11:01:43.248+0800: 8.129: [ParNew: 5233K->8K(6144K), 0.0012463 secs] 8390K->4190K(19840K), 0.0013299 secs] [Times: user=0.00 sys=0.00, real=0.00 secs] 
Heap after GC invocations=982 (full 126):
 par new generation   total 6144K, used 8K [0x00000000fec00000, 0x00000000ff2a0000, 0x00000000ff2a0000)
  eden space 5504K,   0% used [0x00000000fec00000, 0x00000000fec00000, 0x00000000ff160000)
  from space 640K,   1% used [0x00000000ff200000, 0x00000000ff202040, 0x00000000ff2a0000)
  to   space 640K,   0% used [0x00000000ff160000, 0x00000000ff160000, 0x00000000ff200000)
 concurrent mark-sweep generation total 13696K, used 4182K [0x00000000ff2a0000, 0x0000000100000000, 0x0000000100000000)
 Metaspace       used 5070K, capacity 5248K, committed 5504K, reserved 1056768K
  class space    used 554K, capacity 592K, committed 640K, reserved 1048576K
}
{Heap before GC invocations=982 (full 126):
 par new generation   total 6144K, used 5237K [0x00000000fec00000, 0x00000000ff2a0000, 0x00000000ff2a0000)
  eden space 5504K,  95% used [0x00000000fec00000, 0x00000000ff11b798, 0x00000000ff160000)
  from space 640K,   1% used [0x00000000ff200000, 0x00000000ff202040, 0x00000000ff2a0000)
  to   space 640K,   0% used [0x00000000ff160000, 0x00000000ff160000, 0x00000000ff200000)
 concurrent mark-sweep generation total 13696K, used 4182K [0x00000000ff2a0000, 0x0000000100000000, 0x0000000100000000)
 Metaspace       used 5070K, capacity 5248K, committed 5504K, reserved 1056768K
  class space    used 554K, capacity 592K, committed 640K, reserved 1048576K
2024-07-16T11:01:43.256+0800: 8.137: [GC (Allocation Failure) 2024-07-16T11:01:43.256+0800: 8.137: [ParNew: 5237K->8K(6144K), 0.0013692 secs] 9420K->5214K(19840K), 0.0014747 secs] [Times: user=0.00 sys=0.00, real=0.00 secs] 
Heap after GC invocations=983 (full 126):
 par new generation   total 6144K, used 8K [0x00000000fec00000, 0x00000000ff2a0000, 0x00000000ff2a0000)
  eden space 5504K,   0% used [0x00000000fec00000, 0x00000000fec00000, 0x00000000ff160000)
  from space 640K,   1% used [0x00000000ff160000, 0x00000000ff162040, 0x00000000ff200000)
  to   space 640K,   0% used [0x00000000ff200000, 0x00000000ff200000, 0x00000000ff2a0000)
 concurrent mark-sweep generation total 13696K, used 5206K [0x00000000ff2a0000, 0x0000000100000000, 0x0000000100000000)
 Metaspace       used 5070K, capacity 5248K, committed 5504K, reserved 1056768K
  class space    used 554K, capacity 592K, committed 640K, reserved 1048576K
}
2024-07-16T11:01:43.258+0800: 8.139: [GC (CMS Initial Mark) [1 CMS-initial-mark: 5206K(13696K)] 6240K(19840K), 0.0003829 secs] [Times: user=0.00 sys=0.00, real=0.00 secs] 
2024-07-16T11:01:43.258+0800: 8.139: [CMS-concurrent-mark-start]
2024-07-16T11:01:43.264+0800: 8.145: [CMS-concurrent-mark: 0.006/0.006 secs] [Times: user=0.00 sys=0.00, real=0.01 secs] 
2024-07-16T11:01:43.264+0800: 8.145: [CMS-concurrent-preclean-start]
2024-07-16T11:01:43.264+0800: 8.145: [CMS-concurrent-preclean: 0.000/0.000 secs] [Times: user=0.00 sys=0.00, real=0.00 secs] 
2024-07-16T11:01:43.264+0800: 8.145: [CMS-concurrent-abortable-preclean-start]
{Heap before GC invocations=983 (full 127):
 par new generation   total 6144K, used 5237K [0x00000000fec00000, 0x00000000ff2a0000, 0x00000000ff2a0000)
  eden space 5504K,  95% used [0x00000000fec00000, 0x00000000ff11b798, 0x00000000ff160000)
  from space 640K,   1% used [0x00000000ff160000, 0x00000000ff162040, 0x00000000ff200000)
  to   space 640K,   0% used [0x00000000ff200000, 0x00000000ff200000, 0x00000000ff2a0000)
 concurrent mark-sweep generation total 13696K, used 5206K [0x00000000ff2a0000, 0x0000000100000000, 0x0000000100000000)
 Metaspace       used 5070K, capacity 5248K, committed 5504K, reserved 1056768K
  class space    used 554K, capacity 592K, committed 640K, reserved 1048576K
2024-07-16T11:01:43.266+0800: 8.147: [GC (Allocation Failure) 2024-07-16T11:01:43.266+0800: 8.147: [ParNew: 5237K->4K(6144K), 0.0008484 secs] 10444K->5210K(19840K), 0.0009238 secs] [Times: user=0.00 sys=0.00, real=0.00 secs] 
Heap after GC invocations=984 (full 127):
 par new generation   total 6144K, used 4K [0x00000000fec00000, 0x00000000ff2a0000, 0x00000000ff2a0000)
  eden space 5504K,   0% used [0x00000000fec00000, 0x00000000fec00000, 0x00000000ff160000)
  from space 640K,   0% used [0x00000000ff200000, 0x00000000ff201020, 0x00000000ff2a0000)
  to   space 640K,   0% used [0x00000000ff160000, 0x00000000ff160000, 0x00000000ff200000)
 concurrent mark-sweep generation total 13696K, used 5206K [0x00000000ff2a0000, 0x0000000100000000, 0x0000000100000000)
 Metaspace       used 5070K, capacity 5248K, committed 5504K, reserved 1056768K
  class space    used 554K, capacity 592K, committed 640K, reserved 1048576K
}
{Heap before GC invocations=984 (full 127):
 par new generation   total 6144K, used 5233K [0x00000000fec00000, 0x00000000ff2a0000, 0x00000000ff2a0000)
  eden space 5504K,  95% used [0x00000000fec00000, 0x00000000ff11b798, 0x00000000ff160000)
  from space 640K,   0% used [0x00000000ff200000, 0x00000000ff201020, 0x00000000ff2a0000)
  to   space 640K,   0% used [0x00000000ff160000, 0x00000000ff160000, 0x00000000ff200000)
 concurrent mark-sweep generation total 13696K, used 5206K [0x00000000ff2a0000, 0x0000000100000000, 0x0000000100000000)
 Metaspace       used 5070K, capacity 5248K, committed 5504K, reserved 1056768K
  class space    used 554K, capacity 592K, committed 640K, reserved 1048576K
2024-07-16T11:01:43.274+0800: 8.155: [GC (Allocation Failure) 2024-07-16T11:01:43.274+0800: 8.155: [ParNew: 5233K->6K(6144K), 0.0003561 secs] 10440K->6238K(19840K), 0.0004314 secs] [Times: user=0.00 sys=0.00, real=0.00 secs] 
Heap after GC invocations=985 (full 127):
 par new generation   total 6144K, used 6K [0x00000000fec00000, 0x00000000ff2a0000, 0x00000000ff2a0000)
  eden space 5504K,   0% used [0x00000000fec00000, 0x00000000fec00000, 0x00000000ff160000)
  from space 640K,   0% used [0x00000000ff160000, 0x00000000ff161830, 0x00000000ff200000)
  to   space 640K,   0% used [0x00000000ff200000, 0x00000000ff200000, 0x00000000ff2a0000)
 concurrent mark-sweep generation total 13696K, used 6232K [0x00000000ff2a0000, 0x0000000100000000, 0x0000000100000000)
 Metaspace       used 5070K, capacity 5248K, committed 5504K, reserved 1056768K
  class space    used 554K, capacity 592K, committed 640K, reserved 1048576K
}
{Heap before GC invocations=985 (full 127):
 par new generation   total 6144K, used 5235K [0x00000000fec00000, 0x00000000ff2a0000, 0x00000000ff2a0000)
  eden space 5504K,  95% used [0x00000000fec00000, 0x00000000ff11b798, 0x00000000ff160000)
  from space 640K,   0% used [0x00000000ff160000, 0x00000000ff161830, 0x00000000ff200000)
  to   space 640K,   0% used [0x00000000ff200000, 0x00000000ff200000, 0x00000000ff2a0000)
 concurrent mark-sweep generation total 13696K, used 6232K [0x00000000ff2a0000, 0x0000000100000000, 0x0000000100000000)
 Metaspace       used 5070K, capacity 5248K, committed 5504K, reserved 1056768K
  class space    used 554K, capacity 592K, committed 640K, reserved 1048576K
2024-07-16T11:01:43.282+0800: 8.163: [GC (Allocation Failure) 2024-07-16T11:01:43.282+0800: 8.163: [ParNew: 5235K->4K(6144K), 0.0007823 secs] 11468K->6236K(19840K), 0.0008600 secs] [Times: user=0.00 sys=0.00, real=0.00 secs] 
Heap after GC invocations=986 (full 127):
 par new generation   total 6144K, used 4K [0x00000000fec00000, 0x00000000ff2a0000, 0x00000000ff2a0000)
  eden space 5504K,   0% used [0x00000000fec00000, 0x00000000fec00000, 0x00000000ff160000)
  from space 640K,   0% used [0x00000000ff200000, 0x00000000ff201020, 0x00000000ff2a0000)
  to   space 640K,   0% used [0x00000000ff160000, 0x00000000ff160000, 0x00000000ff200000)
 concurrent mark-sweep generation total 13696K, used 6232K [0x00000000ff2a0000, 0x0000000100000000, 0x0000000100000000)
 Metaspace       used 5070K, capacity 5248K, committed 5504K, reserved 1056768K
  class space    used 554K, capacity 592K, committed 640K, reserved 1048576K
}
{Heap before GC invocations=986 (full 127):
 par new generation   total 6144K, used 5233K [0x00000000fec00000, 0x00000000ff2a0000, 0x00000000ff2a0000)
  eden space 5504K,  95% used [0x00000000fec00000, 0x00000000ff11b798, 0x00000000ff160000)
  from space 640K,   0% used [0x00000000ff200000, 0x00000000ff201020, 0x00000000ff2a0000)
  to   space 640K,   0% used [0x00000000ff160000, 0x00000000ff160000, 0x00000000ff200000)
 concurrent mark-sweep generation total 13696K, used 6232K [0x00000000ff2a0000, 0x0000000100000000, 0x0000000100000000)
 Metaspace       used 5070K, capacity 5248K, committed 5504K, reserved 1056768K
  class space    used 554K, capacity 592K, committed 640K, reserved 1048576K
2024-07-16T11:01:43.290+0800: 8.171: [GC (Allocation Failure) 2024-07-16T11:01:43.290+0800: 8.171: [ParNew: 5233K->8K(6144K), 0.0004867 secs] 11466K->7266K(19840K), 0.0005900 secs] [Times: user=0.00 sys=0.00, real=0.00 secs] 
Heap after GC invocations=987 (full 127):
 par new generation   total 6144K, used 8K [0x00000000fec00000, 0x00000000ff2a0000, 0x00000000ff2a0000)
  eden space 5504K,   0% used [0x00000000fec00000, 0x00000000fec00000, 0x00000000ff160000)
  from space 640K,   1% used [0x00000000ff160000, 0x00000000ff162040, 0x00000000ff200000)
  to   space 640K,   0% used [0x00000000ff200000, 0x00000000ff200000, 0x00000000ff2a0000)
 concurrent mark-sweep generation total 13696K, used 7258K [0x00000000ff2a0000, 0x0000000100000000, 0x0000000100000000)
 Metaspace       used 5070K, capacity 5248K, committed 5504K, reserved 1056768K
  class space    used 554K, capacity 592K, committed 640K, reserved 1048576K
}
{Heap before GC invocations=987 (full 127):
 par new generation   total 6144K, used 5237K [0x00000000fec00000, 0x00000000ff2a0000, 0x00000000ff2a0000)
  eden space 5504K,  95% used [0x00000000fec00000, 0x00000000ff11b798, 0x00000000ff160000)
  from space 640K,   1% used [0x00000000ff160000, 0x00000000ff162040, 0x00000000ff200000)
  to   space 640K,   0% used [0x00000000ff200000, 0x00000000ff200000, 0x00000000ff2a0000)
 concurrent mark-sweep generation total 13696K, used 7258K [0x00000000ff2a0000, 0x0000000100000000, 0x0000000100000000)
 Metaspace       used 5070K, capacity 5248K, committed 5504K, reserved 1056768K
  class space    used 554K, capacity 592K, committed 640K, reserved 1048576K
2024-07-16T11:01:43.296+0800: 8.177: [GC (Allocation Failure) 2024-07-16T11:01:43.296+0800: 8.177: [ParNew: 5237K->6K(6144K), 0.0007206 secs] 12496K->8288K(19840K), 0.0007798 secs] [Times: user=0.00 sys=0.00, real=0.00 secs] 
Heap after GC invocations=988 (full 127):
 par new generation   total 6144K, used 6K [0x00000000fec00000, 0x00000000ff2a0000, 0x00000000ff2a0000)
  eden space 5504K,   0% used [0x00000000fec00000, 0x00000000fec00000, 0x00000000ff160000)
  from space 640K,   0% used [0x00000000ff200000, 0x00000000ff201830, 0x00000000ff2a0000)
  to   space 640K,   0% used [0x00000000ff160000, 0x00000000ff160000, 0x00000000ff200000)
 concurrent mark-sweep generation total 13696K, used 8282K [0x00000000ff2a0000, 0x0000000100000000, 0x0000000100000000)
 Metaspace       used 5070K, capacity 5248K, committed 5504K, reserved 1056768K
  class space    used 554K, capacity 592K, committed 640K, reserved 1048576K
}
{Heap before GC invocations=988 (full 127):
 par new generation   total 6144K, used 5235K [0x00000000fec00000, 0x00000000ff2a0000, 0x00000000ff2a0000)
  eden space 5504K,  95% used [0x00000000fec00000, 0x00000000ff11b798, 0x00000000ff160000)
  from space 640K,   0% used [0x00000000ff200000, 0x00000000ff201830, 0x00000000ff2a0000)
  to   space 640K,   0% used [0x00000000ff160000, 0x00000000ff160000, 0x00000000ff200000)
 concurrent mark-sweep generation total 13696K, used 8282K [0x00000000ff2a0000, 0x0000000100000000, 0x0000000100000000)
 Metaspace       used 5070K, capacity 5248K, committed 5504K, reserved 1056768K
  class space    used 554K, capacity 592K, committed 640K, reserved 1048576K
2024-07-16T11:01:43.303+0800: 8.184: [GC (Allocation Failure) 2024-07-16T11:01:43.303+0800: 8.184: [ParNew: 5235K->8K(6144K), 0.0010313 secs] 13518K->9316K(19840K), 0.0011262 secs] [Times: user=0.00 sys=0.00, real=0.00 secs] 
Heap after GC invocations=989 (full 127):
 par new generation   total 6144K, used 8K [0x00000000fec00000, 0x00000000ff2a0000, 0x00000000ff2a0000)
  eden space 5504K,   0% used [0x00000000fec00000, 0x00000000fec00000, 0x00000000ff160000)
  from space 640K,   1% used [0x00000000ff160000, 0x00000000ff162040, 0x00000000ff200000)
  to   space 640K,   0% used [0x00000000ff200000, 0x00000000ff200000, 0x00000000ff2a0000)
 concurrent mark-sweep generation total 13696K, used 9308K [0x00000000ff2a0000, 0x0000000100000000, 0x0000000100000000)
 Metaspace       used 5070K, capacity 5248K, committed 5504K, reserved 1056768K
  class space    used 554K, capacity 592K, committed 640K, reserved 1048576K
}
{Heap before GC invocations=989 (full 127):
 par new generation   total 6144K, used 5237K [0x00000000fec00000, 0x00000000ff2a0000, 0x00000000ff2a0000)
  eden space 5504K,  95% used [0x00000000fec00000, 0x00000000ff11b798, 0x00000000ff160000)
  from space 640K,   1% used [0x00000000ff160000, 0x00000000ff162040, 0x00000000ff200000)
  to   space 640K,   0% used [0x00000000ff200000, 0x00000000ff200000, 0x00000000ff2a0000)
 concurrent mark-sweep generation total 13696K, used 9308K [0x00000000ff2a0000, 0x0000000100000000, 0x0000000100000000)
 Metaspace       used 5070K, capacity 5248K, committed 5504K, reserved 1056768K
  class space    used 554K, capacity 592K, committed 640K, reserved 1048576K
2024-07-16T11:01:43.311+0800: 8.192: [GC (Allocation Failure) 2024-07-16T11:01:43.311+0800: 8.192: [ParNew: 5237K->6K(6144K), 0.0010554 secs] 14546K->10338K(19840K), 0.0012228 secs] [Times: user=0.00 sys=0.00, real=0.00 secs] 
Heap after GC invocations=990 (full 127):
 par new generation   total 6144K, used 6K [0x00000000fec00000, 0x00000000ff2a0000, 0x00000000ff2a0000)
  eden space 5504K,   0% used [0x00000000fec00000, 0x00000000fec00000, 0x00000000ff160000)
  from space 640K,   0% used [0x00000000ff200000, 0x00000000ff201830, 0x00000000ff2a0000)
  to   space 640K,   0% used [0x00000000ff160000, 0x00000000ff160000, 0x00000000ff200000)
 concurrent mark-sweep generation total 13696K, used 10332K [0x00000000ff2a0000, 0x0000000100000000, 0x0000000100000000)
 Metaspace       used 5070K, capacity 5248K, committed 5504K, reserved 1056768K
  class space    used 554K, capacity 592K, committed 640K, reserved 1048576K
}
{Heap before GC invocations=990 (full 127):
 par new generation   total 6144K, used 5235K [0x00000000fec00000, 0x00000000ff2a0000, 0x00000000ff2a0000)
  eden space 5504K,  95% used [0x00000000fec00000, 0x00000000ff11b798, 0x00000000ff160000)
  from space 640K,   0% used [0x00000000ff200000, 0x00000000ff201830, 0x00000000ff2a0000)
  to   space 640K,   0% used [0x00000000ff160000, 0x00000000ff160000, 0x00000000ff200000)
 concurrent mark-sweep generation total 13696K, used 10332K [0x00000000ff2a0000, 0x0000000100000000, 0x0000000100000000)
 Metaspace       used 5070K, capacity 5248K, committed 5504K, reserved 1056768K
  class space    used 554K, capacity 592K, committed 640K, reserved 1048576K
2024-07-16T11:01:43.320+0800: 8.201: [GC (Allocation Failure) 2024-07-16T11:01:43.320+0800: 8.201: [ParNew: 5235K->6K(6144K), 0.0012467 secs] 15568K->11364K(19840K), 0.0013438 secs] [Times: user=0.00 sys=0.00, real=0.00 secs] 
Heap after GC invocations=991 (full 127):
 par new generation   total 6144K, used 6K [0x00000000fec00000, 0x00000000ff2a0000, 0x00000000ff2a0000)
  eden space 5504K,   0% used [0x00000000fec00000, 0x00000000fec00000, 0x00000000ff160000)
  from space 640K,   0% used [0x00000000ff160000, 0x00000000ff161830, 0x00000000ff200000)
  to   space 640K,   0% used [0x00000000ff200000, 0x00000000ff200000, 0x00000000ff2a0000)
 concurrent mark-sweep generation total 13696K, used 11358K [0x00000000ff2a0000, 0x0000000100000000, 0x0000000100000000)
 Metaspace       used 5070K, capacity 5248K, committed 5504K, reserved 1056768K
  class space    used 554K, capacity 592K, committed 640K, reserved 1048576K
}
{Heap before GC invocations=991 (full 127):
 par new generation   total 6144K, used 5235K [0x00000000fec00000, 0x00000000ff2a0000, 0x00000000ff2a0000)
  eden space 5504K,  95% used [0x00000000fec00000, 0x00000000ff11b798, 0x00000000ff160000)
  from space 640K,   0% used [0x00000000ff160000, 0x00000000ff161830, 0x00000000ff200000)
  to   space 640K,   0% used [0x00000000ff200000, 0x00000000ff200000, 0x00000000ff2a0000)
 concurrent mark-sweep generation total 13696K, used 11358K [0x00000000ff2a0000, 0x0000000100000000, 0x0000000100000000)
 Metaspace       used 5070K, capacity 5248K, committed 5504K, reserved 1056768K
  class space    used 554K, capacity 592K, committed 640K, reserved 1048576K
2024-07-16T11:01:43.328+0800: 8.209: [GC (Allocation Failure) 2024-07-16T11:01:43.328+0800: 8.209: [ParNew: 5235K->8K(6144K), 0.0014181 secs] 16594K->12392K(19840K), 0.0016420 secs] [Times: user=0.00 sys=0.00, real=0.00 secs] 
Heap after GC invocations=992 (full 127):
 par new generation   total 6144K, used 8K [0x00000000fec00000, 0x00000000ff2a0000, 0x00000000ff2a0000)
  eden space 5504K,   0% used [0x00000000fec00000, 0x00000000fec00000, 0x00000000ff160000)
  from space 640K,   1% used [0x00000000ff200000, 0x00000000ff202040, 0x00000000ff2a0000)
  to   space 640K,   0% used [0x00000000ff160000, 0x00000000ff160000, 0x00000000ff200000)
 concurrent mark-sweep generation total 13696K, used 12384K [0x00000000ff2a0000, 0x0000000100000000, 0x0000000100000000)
 Metaspace       used 5070K, capacity 5248K, committed 5504K, reserved 1056768K
  class space    used 554K, capacity 592K, committed 640K, reserved 1048576K
}
{Heap before GC invocations=992 (full 127):
 par new generation   total 6144K, used 5237K [0x00000000fec00000, 0x00000000ff2a0000, 0x00000000ff2a0000)
  eden space 5504K,  95% used [0x00000000fec00000, 0x00000000ff11b798, 0x00000000ff160000)
  from space 640K,   1% used [0x00000000ff200000, 0x00000000ff202040, 0x00000000ff2a0000)
  to   space 640K,   0% used [0x00000000ff160000, 0x00000000ff160000, 0x00000000ff200000)
 concurrent mark-sweep generation total 13696K, used 12384K [0x00000000ff2a0000, 0x0000000100000000, 0x0000000100000000)
 Metaspace       used 5070K, capacity 5248K, committed 5504K, reserved 1056768K
  class space    used 554K, capacity 592K, committed 640K, reserved 1048576K
2024-07-16T11:01:43.337+0800: 8.218: [GC (Allocation Failure) 2024-07-16T11:01:43.337+0800: 8.218: [ParNew: 5237K->8K(6144K), 0.0011471 secs] 17622K->13419K(19840K), 0.0012318 secs] [Times: user=0.00 sys=0.00, real=0.00 secs] 
Heap after GC invocations=993 (full 127):
 par new generation   total 6144K, used 8K [0x00000000fec00000, 0x00000000ff2a0000, 0x00000000ff2a0000)
  eden space 5504K,   0% used [0x00000000fec00000, 0x00000000fec00000, 0x00000000ff160000)
  from space 640K,   1% used [0x00000000ff160000, 0x00000000ff162040, 0x00000000ff200000)
  to   space 640K,   0% used [0x00000000ff200000, 0x00000000ff200000, 0x00000000ff2a0000)
 concurrent mark-sweep generation total 13696K, used 13410K [0x00000000ff2a0000, 0x0000000100000000, 0x0000000100000000)
 Metaspace       used 5070K, capacity 5248K, committed 5504K, reserved 1056768K
  class space    used 554K, capacity 592K, committed 640K, reserved 1048576K
}
2024-07-16T11:01:43.338+0800: 8.219: [CMS-concurrent-abortable-preclean: 0.001/0.074 secs] [Times: user=0.05 sys=0.00, real=0.07 secs] 
2024-07-16T11:01:43.338+0800: 8.219: [GC (CMS Final Remark) [YG occupancy: 1141 K (6144 K)]2024-07-16T11:01:43.338+0800: 8.219: [Rescan (parallel) , 0.0004678 secs]2024-07-16T11:01:43.339+0800: 8.220: [weak refs processing, 0.0000436 secs]2024-07-16T11:01:43.339+0800: 8.220: [class unloading, 0.0009826 secs]2024-07-16T11:01:43.340+0800: 8.221: [scrub symbol table, 0.0008892 secs]2024-07-16T11:01:43.341+0800: 8.222: [scrub string table, 0.0003910 secs][1 CMS-remark: 13410K(13696K)] 14552K(19840K), 0.0029645 secs] [Times: user=0.00 sys=0.00, real=0.00 secs] 
2024-07-16T11:01:43.341+0800: 8.222: [CMS-concurrent-sweep-start]
2024-07-16T11:01:43.342+0800: 8.223: [CMS-concurrent-sweep: 0.001/0.001 secs] [Times: user=0.00 sys=0.00, real=0.00 secs] 
2024-07-16T11:01:43.342+0800: 8.223: [CMS-concurrent-reset-start]
2024-07-16T11:01:43.342+0800: 8.223: [CMS-concurrent-reset: 0.000/0.000 secs] [Times: user=0.00 sys=0.00, real=0.00 secs] 
{Heap before GC invocations=993 (full 127):
 par new generation   total 6144K, used 5237K [0x00000000fec00000, 0x00000000ff2a0000, 0x00000000ff2a0000)
  eden space 5504K,  95% used [0x00000000fec00000, 0x00000000ff11b798, 0x00000000ff160000)
  from space 640K,   1% used [0x00000000ff160000, 0x00000000ff162040, 0x00000000ff200000)
  to   space 640K,   0% used [0x00000000ff200000, 0x00000000ff200000, 0x00000000ff2a0000)
 concurrent mark-sweep generation total 13696K, used 9314K [0x00000000ff2a0000, 0x0000000100000000, 0x0000000100000000)
 Metaspace       used 5070K, capacity 5248K, committed 5504K, reserved 1056768K
  class space    used 554K, capacity 592K, committed 640K, reserved 1048576K
2024-07-16T11:01:43.347+0800: 8.228: [GC (Allocation Failure) 2024-07-16T11:01:43.347+0800: 8.228: [ParNew: 5237K->8K(6144K), 0.0012752 secs] 14552K->10346K(19840K), 0.0014849 secs] [Times: user=0.00 sys=0.00, real=0.00 secs] 
Heap after GC invocations=994 (full 127):
 par new generation   total 6144K, used 8K [0x00000000fec00000, 0x00000000ff2a0000, 0x00000000ff2a0000)
  eden space 5504K,   0% used [0x00000000fec00000, 0x00000000fec00000, 0x00000000ff160000)
  from space 640K,   1% used [0x00000000ff200000, 0x00000000ff202040, 0x00000000ff2a0000)
  to   space 640K,   0% used [0x00000000ff160000, 0x00000000ff160000, 0x00000000ff200000)
 concurrent mark-sweep generation total 13696K, used 10338K [0x00000000ff2a0000, 0x0000000100000000, 0x0000000100000000)
 Metaspace       used 5070K, capacity 5248K, committed 5504K, reserved 1056768K
  class space    used 554K, capacity 592K, committed 640K, reserved 1048576K
}
2024-07-16T11:01:43.349+0800: 8.230: [GC (CMS Initial Mark) [1 CMS-initial-mark: 10338K(13696K)] 11372K(19840K), 0.0003684 secs] [Times: user=0.00 sys=0.00, real=0.00 secs] 
2024-07-16T11:01:43.349+0800: 8.230: [CMS-concurrent-mark-start]
2024-07-16T11:01:43.353+0800: 8.234: [CMS-concurrent-mark: 0.004/0.004 secs] [Times: user=0.00 sys=0.00, real=0.00 secs] 
2024-07-16T11:01:43.353+0800: 8.234: [CMS-concurrent-preclean-start]
2024-07-16T11:01:43.353+0800: 8.234: [CMS-concurrent-preclean: 0.000/0.000 secs] [Times: user=0.00 sys=0.00, real=0.00 secs] 
2024-07-16T11:01:43.353+0800: 8.234: [CMS-concurrent-abortable-preclean-start]
{Heap before GC invocations=994 (full 128):
 par new generation   total 6144K, used 5237K [0x00000000fec00000, 0x00000000ff2a0000, 0x00000000ff2a0000)
  eden space 5504K,  95% used [0x00000000fec00000, 0x00000000ff11b798, 0x00000000ff160000)
  from space 640K,   1% used [0x00000000ff200000, 0x00000000ff202040, 0x00000000ff2a0000)
  to   space 640K,   0% used [0x00000000ff160000, 0x00000000ff160000, 0x00000000ff200000)
 concurrent mark-sweep generation total 13696K, used 10338K [0x00000000ff2a0000, 0x0000000100000000, 0x0000000100000000)
 Metaspace       used 5070K, capacity 5248K, committed 5504K, reserved 1056768K
  class space    used 554K, capacity 592K, committed 640K, reserved 1048576K
2024-07-16T11:01:43.358+0800: 8.239: [GC (Allocation Failure) 2024-07-16T11:01:43.358+0800: 8.239: [ParNew: 5237K->4K(6144K), 0.0003540 secs] 15576K->10342K(19840K), 0.0003961 secs] [Times: user=0.00 sys=0.00, real=0.00 secs] 
Heap after GC invocations=995 (full 128):
 par new generation   total 6144K, used 4K [0x00000000fec00000, 0x00000000ff2a0000, 0x00000000ff2a0000)
  eden space 5504K,   0% used [0x00000000fec00000, 0x00000000fec00000, 0x00000000ff160000)
  from space 640K,   0% used [0x00000000ff160000, 0x00000000ff161020, 0x00000000ff200000)
  to   space 640K,   0% used [0x00000000ff200000, 0x00000000ff200000, 0x00000000ff2a0000)
 concurrent mark-sweep generation total 13696K, used 10338K [0x00000000ff2a0000, 0x0000000100000000, 0x0000000100000000)
 Metaspace       used 5070K, capacity 5248K, committed 5504K, reserved 1056768K
  class space    used 554K, capacity 592K, committed 640K, reserved 1048576K
}
{Heap before GC invocations=995 (full 128):
 par new generation   total 6144K, used 5233K [0x00000000fec00000, 0x00000000ff2a0000, 0x00000000ff2a0000)
  eden space 5504K,  95% used [0x00000000fec00000, 0x00000000ff11b798, 0x00000000ff160000)
  from space 640K,   0% used [0x00000000ff160000, 0x00000000ff161020, 0x00000000ff200000)
  to   space 640K,   0% used [0x00000000ff200000, 0x00000000ff200000, 0x00000000ff2a0000)
 concurrent mark-sweep generation total 13696K, used 10338K [0x00000000ff2a0000, 0x0000000100000000, 0x0000000100000000)
 Metaspace       used 5070K, capacity 5248K, committed 5504K, reserved 1056768K
  class space    used 554K, capacity 592K, committed 640K, reserved 1048576K
2024-07-16T11:01:43.366+0800: 8.247: [GC (Allocation Failure) 2024-07-16T11:01:43.366+0800: 8.247: [ParNew: 5233K->4K(6144K), 0.0002936 secs] 15572K->10342K(19840K), 0.0003619 secs] [Times: user=0.00 sys=0.00, real=0.00 secs] 
Heap after GC invocations=996 (full 128):
 par new generation   total 6144K, used 4K [0x00000000fec00000, 0x00000000ff2a0000, 0x00000000ff2a0000)
  eden space 5504K,   0% used [0x00000000fec00000, 0x00000000fec00000, 0x00000000ff160000)
  from space 640K,   0% used [0x00000000ff200000, 0x00000000ff201020, 0x00000000ff2a0000)
  to   space 640K,   0% used [0x00000000ff160000, 0x00000000ff160000, 0x00000000ff200000)
 concurrent mark-sweep generation total 13696K, used 10338K [0x00000000ff2a0000, 0x0000000100000000, 0x0000000100000000)
 Metaspace       used 5070K, capacity 5248K, committed 5504K, reserved 1056768K
  class space    used 554K, capacity 592K, committed 640K, reserved 1048576K
}
{Heap before GC invocations=996 (full 128):
 par new generation   total 6144K, used 5233K [0x00000000fec00000, 0x00000000ff2a0000, 0x00000000ff2a0000)
  eden space 5504K,  95% used [0x00000000fec00000, 0x00000000ff11b798, 0x00000000ff160000)
  from space 640K,   0% used [0x00000000ff200000, 0x00000000ff201020, 0x00000000ff2a0000)
  to   space 640K,   0% used [0x00000000ff160000, 0x00000000ff160000, 0x00000000ff200000)
 concurrent mark-sweep generation total 13696K, used 10338K [0x00000000ff2a0000, 0x0000000100000000, 0x0000000100000000)
 Metaspace       used 5070K, capacity 5248K, committed 5504K, reserved 1056768K
  class space    used 554K, capacity 592K, committed 640K, reserved 1048576K
2024-07-16T11:01:43.373+0800: 8.254: [GC (Allocation Failure) 2024-07-16T11:01:43.373+0800: 8.254: [ParNew: 5233K->4K(6144K), 0.0002597 secs] 15572K->10342K(19840K), 0.0002818 secs] [Times: user=0.00 sys=0.00, real=0.00 secs] 
Heap after GC invocations=997 (full 128):
 par new generation   total 6144K, used 4K [0x00000000fec00000, 0x00000000ff2a0000, 0x00000000ff2a0000)
  eden space 5504K,   0% used [0x00000000fec00000, 0x00000000fec00000, 0x00000000ff160000)
  from space 640K,   0% used [0x00000000ff160000, 0x00000000ff161020, 0x00000000ff200000)
  to   space 640K,   0% used [0x00000000ff200000, 0x00000000ff200000, 0x00000000ff2a0000)
 concurrent mark-sweep generation total 13696K, used 10338K [0x00000000ff2a0000, 0x0000000100000000, 0x0000000100000000)
 Metaspace       used 5070K, capacity 5248K, committed 5504K, reserved 1056768K
  class space    used 554K, capacity 592K, committed 640K, reserved 1048576K
}
{Heap before GC invocations=997 (full 128):
 par new generation   total 6144K, used 5233K [0x00000000fec00000, 0x00000000ff2a0000, 0x00000000ff2a0000)
  eden space 5504K,  95% used [0x00000000fec00000, 0x00000000ff11b798, 0x00000000ff160000)
  from space 640K,   0% used [0x00000000ff160000, 0x00000000ff161020, 0x00000000ff200000)
  to   space 640K,   0% used [0x00000000ff200000, 0x00000000ff200000, 0x00000000ff2a0000)
 concurrent mark-sweep generation total 13696K, used 10338K [0x00000000ff2a0000, 0x0000000100000000, 0x0000000100000000)
 Metaspace       used 5070K, capacity 5248K, committed 5504K, reserved 1056768K
  class space    used 554K, capacity 592K, committed 640K, reserved 1048576K
2024-07-16T11:01:43.379+0800: 8.260: [GC (Allocation Failure) 2024-07-16T11:01:43.379+0800: 8.260: [ParNew: 5233K->8K(6144K), 0.0003856 secs] 15572K->11370K(19840K), 0.0004074 secs] [Times: user=0.00 sys=0.00, real=0.00 secs] 
Heap after GC invocations=998 (full 128):
 par new generation   total 6144K, used 8K [0x00000000fec00000, 0x00000000ff2a0000, 0x00000000ff2a0000)
  eden space 5504K,   0% used [0x00000000fec00000, 0x00000000fec00000, 0x00000000ff160000)
  from space 640K,   1% used [0x00000000ff200000, 0x00000000ff202040, 0x00000000ff2a0000)
  to   space 640K,   0% used [0x00000000ff160000, 0x00000000ff160000, 0x00000000ff200000)
 concurrent mark-sweep generation total 13696K, used 11362K [0x00000000ff2a0000, 0x0000000100000000, 0x0000000100000000)
 Metaspace       used 5070K, capacity 5248K, committed 5504K, reserved 1056768K
  class space    used 554K, capacity 592K, committed 640K, reserved 1048576K
}
{Heap before GC invocations=998 (full 128):
 par new generation   total 6144K, used 5237K [0x00000000fec00000, 0x00000000ff2a0000, 0x00000000ff2a0000)
  eden space 5504K,  95% used [0x00000000fec00000, 0x00000000ff11b798, 0x00000000ff160000)
  from space 640K,   1% used [0x00000000ff200000, 0x00000000ff202040, 0x00000000ff2a0000)
  to   space 640K,   0% used [0x00000000ff160000, 0x00000000ff160000, 0x00000000ff200000)
 concurrent mark-sweep generation total 13696K, used 11362K [0x00000000ff2a0000, 0x0000000100000000, 0x0000000100000000)
 Metaspace       used 5070K, capacity 5248K, committed 5504K, reserved 1056768K
  class space    used 554K, capacity 592K, committed 640K, reserved 1048576K
2024-07-16T11:01:43.385+0800: 8.266: [GC (Allocation Failure) 2024-07-16T11:01:43.385+0800: 8.266: [ParNew: 5237K->8K(6144K), 0.0004721 secs] 16600K->12394K(19840K), 0.0005500 secs] [Times: user=0.00 sys=0.00, real=0.00 secs] 
Heap after GC invocations=999 (full 128):
 par new generation   total 6144K, used 8K [0x00000000fec00000, 0x00000000ff2a0000, 0x00000000ff2a0000)
  eden space 5504K,   0% used [0x00000000fec00000, 0x00000000fec00000, 0x00000000ff160000)
  from space 640K,   1% used [0x00000000ff160000, 0x00000000ff162040, 0x00000000ff200000)
  to   space 640K,   0% used [0x00000000ff200000, 0x00000000ff200000, 0x00000000ff2a0000)
 concurrent mark-sweep generation total 13696K, used 12386K [0x00000000ff2a0000, 0x0000000100000000, 0x0000000100000000)
 Metaspace       used 5070K, capacity 5248K, committed 5504K, reserved 1056768K
  class space    used 554K, capacity 592K, committed 640K, reserved 1048576K
}
{Heap before GC invocations=999 (full 128):
 par new generation   total 6144K, used 5237K [0x00000000fec00000, 0x00000000ff2a0000, 0x00000000ff2a0000)
  eden space 5504K,  95% used [0x00000000fec00000, 0x00000000ff11b798, 0x00000000ff160000)
  from space 640K,   1% used [0x00000000ff160000, 0x00000000ff162040, 0x00000000ff200000)
  to   space 640K,   0% used [0x00000000ff200000, 0x00000000ff200000, 0x00000000ff2a0000)
 concurrent mark-sweep generation total 13696K, used 12386K [0x00000000ff2a0000, 0x0000000100000000, 0x0000000100000000)
 Metaspace       used 5070K, capacity 5248K, committed 5504K, reserved 1056768K
  class space    used 554K, capacity 592K, committed 640K, reserved 1048576K
2024-07-16T11:01:43.392+0800: 8.273: [GC (Allocation Failure) 2024-07-16T11:01:43.392+0800: 8.273: [ParNew: 5237K->5237K(6144K), 0.0000150 secs]2024-07-16T11:01:43.392+0800: 8.273: [CMS2024-07-16T11:01:43.392+0800: 8.273: [CMS-concurrent-abortable-preclean: 0.000/0.039 secs] [Times: user=0.00 sys=0.00, real=0.04 secs] 
 (concurrent mode failure): 12386K->2130K(13696K), 0.0043101 secs] 17624K->2130K(19840K), [Metaspace: 5070K->5070K(1056768K)], 0.0044010 secs] [Times: user=0.02 sys=0.00, real=0.00 secs] 
Heap after GC invocations=1000 (full 129):
 par new generation   total 6144K, used 0K [0x00000000fec00000, 0x00000000ff2a0000, 0x00000000ff2a0000)
  eden space 5504K,   0% used [0x00000000fec00000, 0x00000000fec00000, 0x00000000ff160000)
  from space 640K,   0% used [0x00000000ff160000, 0x00000000ff160000, 0x00000000ff200000)
  to   space 640K,   0% used [0x00000000ff200000, 0x00000000ff200000, 0x00000000ff2a0000)
 concurrent mark-sweep generation total 13696K, used 2130K [0x00000000ff2a0000, 0x0000000100000000, 0x0000000100000000)
 Metaspace       used 5070K, capacity 5248K, committed 5504K, reserved 1056768K
  class space    used 554K, capacity 592K, committed 640K, reserved 1048576K
}
{Heap before GC invocations=1000 (full 129):
 par new generation   total 6144K, used 5229K [0x00000000fec00000, 0x00000000ff2a0000, 0x00000000ff2a0000)
  eden space 5504K,  95% used [0x00000000fec00000, 0x00000000ff11b798, 0x00000000ff160000)
  from space 640K,   0% used [0x00000000ff160000, 0x00000000ff160000, 0x00000000ff200000)
  to   space 640K,   0% used [0x00000000ff200000, 0x00000000ff200000, 0x00000000ff2a0000)
 concurrent mark-sweep generation total 13696K, used 2130K [0x00000000ff2a0000, 0x0000000100000000, 0x0000000100000000)
 Metaspace       used 5070K, capacity 5248K, committed 5504K, reserved 1056768K
  class space    used 554K, capacity 592K, committed 640K, reserved 1048576K
2024-07-16T11:01:43.403+0800: 8.284: [GC (Allocation Failure) 2024-07-16T11:01:43.403+0800: 8.284: [ParNew: 5229K->4K(6144K), 0.0010057 secs] 7360K->2134K(19840K), 0.0012210 secs] [Times: user=0.00 sys=0.00, real=0.00 secs] 
Heap after GC invocations=1001 (full 129):
 par new generation   total 6144K, used 4K [0x00000000fec00000, 0x00000000ff2a0000, 0x00000000ff2a0000)
  eden space 5504K,   0% used [0x00000000fec00000, 0x00000000fec00000, 0x00000000ff160000)
  from space 640K,   0% used [0x00000000ff200000, 0x00000000ff201020, 0x00000000ff2a0000)
  to   space 640K,   0% used [0x00000000ff160000, 0x00000000ff160000, 0x00000000ff200000)
 concurrent mark-sweep generation total 13696K, used 2130K [0x00000000ff2a0000, 0x0000000100000000, 0x0000000100000000)
 Metaspace       used 5070K, capacity 5248K, committed 5504K, reserved 1056768K
  class space    used 554K, capacity 592K, committed 640K, reserved 1048576K
}
{Heap before GC invocations=1001 (full 129):
 par new generation   total 6144K, used 5233K [0x00000000fec00000, 0x00000000ff2a0000, 0x00000000ff2a0000)
  eden space 5504K,  95% used [0x00000000fec00000, 0x00000000ff11b798, 0x00000000ff160000)
  from space 640K,   0% used [0x00000000ff200000, 0x00000000ff201020, 0x00000000ff2a0000)
  to   space 640K,   0% used [0x00000000ff160000, 0x00000000ff160000, 0x00000000ff200000)
 concurrent mark-sweep generation total 13696K, used 2130K [0x00000000ff2a0000, 0x0000000100000000, 0x0000000100000000)
 Metaspace       used 5070K, capacity 5248K, committed 5504K, reserved 1056768K
  class space    used 554K, capacity 592K, committed 640K, reserved 1048576K
2024-07-16T11:01:43.412+0800: 8.293: [GC (Allocation Failure) 2024-07-16T11:01:43.412+0800: 8.293: [ParNew: 5233K->6K(6144K), 0.0014757 secs] 7364K->3162K(19840K), 0.0015737 secs] [Times: user=0.00 sys=0.00, real=0.00 secs] 
Heap after GC invocations=1002 (full 129):
 par new generation   total 6144K, used 6K [0x00000000fec00000, 0x00000000ff2a0000, 0x00000000ff2a0000)
  eden space 5504K,   0% used [0x00000000fec00000, 0x00000000fec00000, 0x00000000ff160000)
  from space 640K,   0% used [0x00000000ff160000, 0x00000000ff161830, 0x00000000ff200000)
  to   space 640K,   0% used [0x00000000ff200000, 0x00000000ff200000, 0x00000000ff2a0000)
 concurrent mark-sweep generation total 13696K, used 3156K [0x00000000ff2a0000, 0x0000000100000000, 0x0000000100000000)
 Metaspace       used 5070K, capacity 5248K, committed 5504K, reserved 1056768K
  class space    used 554K, capacity 592K, committed 640K, reserved 1048576K
}
{Heap before GC invocations=1002 (full 129):
 par new generation   total 6144K, used 5235K [0x00000000fec00000, 0x00000000ff2a0000, 0x00000000ff2a0000)
  eden space 5504K,  95% used [0x00000000fec00000, 0x00000000ff11b798, 0x00000000ff160000)
  from space 640K,   0% used [0x00000000ff160000, 0x00000000ff161830, 0x00000000ff200000)
  to   space 640K,   0% used [0x00000000ff200000, 0x00000000ff200000, 0x00000000ff2a0000)
 concurrent mark-sweep generation total 13696K, used 3156K [0x00000000ff2a0000, 0x0000000100000000, 0x0000000100000000)
 Metaspace       used 5070K, capacity 5248K, committed 5504K, reserved 1056768K
  class space    used 554K, capacity 592K, committed 640K, reserved 1048576K
2024-07-16T11:01:43.423+0800: 8.304: [GC (Allocation Failure) 2024-07-16T11:01:43.423+0800: 8.304: [ParNew: 5235K->6K(6144K), 0.0004195 secs] 8392K->4188K(19840K), 0.0004561 secs] [Times: user=0.00 sys=0.00, real=0.00 secs] 
Heap after GC invocations=1003 (full 129):
 par new generation   total 6144K, used 6K [0x00000000fec00000, 0x00000000ff2a0000, 0x00000000ff2a0000)
  eden space 5504K,   0% used [0x00000000fec00000, 0x00000000fec00000, 0x00000000ff160000)
  from space 640K,   0% used [0x00000000ff200000, 0x00000000ff201830, 0x00000000ff2a0000)
  to   space 640K,   0% used [0x00000000ff160000, 0x00000000ff160000, 0x00000000ff200000)
 concurrent mark-sweep generation total 13696K, used 4182K [0x00000000ff2a0000, 0x0000000100000000, 0x0000000100000000)
 Metaspace       used 5070K, capacity 5248K, committed 5504K, reserved 1056768K
  class space    used 554K, capacity 592K, committed 640K, reserved 1048576K
}
2024-07-16T11:01:43.423+0800: 8.304: [GC (CMS Initial Mark) [1 CMS-initial-mark: 4182K(13696K)] 5214K(19840K), 0.0001802 secs] [Times: user=0.00 sys=0.00, real=0.00 secs] 
2024-07-16T11:01:43.423+0800: 8.304: [CMS-concurrent-mark-start]
2024-07-16T11:01:43.425+0800: 8.306: [CMS-concurrent-mark: 0.002/0.002 secs] [Times: user=0.05 sys=0.00, real=0.00 secs] 
2024-07-16T11:01:43.425+0800: 8.306: [CMS-concurrent-preclean-start]
2024-07-16T11:01:43.425+0800: 8.306: [CMS-concurrent-preclean: 0.000/0.000 secs] [Times: user=0.00 sys=0.00, real=0.00 secs] 
2024-07-16T11:01:43.425+0800: 8.306: [CMS-concurrent-abortable-preclean-start]
{Heap before GC invocations=1003 (full 130):
 par new generation   total 6144K, used 5235K [0x00000000fec00000, 0x00000000ff2a0000, 0x00000000ff2a0000)
  eden space 5504K,  95% used [0x00000000fec00000, 0x00000000ff11b7a0, 0x00000000ff160000)
  from space 640K,   0% used [0x00000000ff200000, 0x00000000ff201830, 0x00000000ff2a0000)
  to   space 640K,   0% used [0x00000000ff160000, 0x00000000ff160000, 0x00000000ff200000)
 concurrent mark-sweep generation total 13696K, used 4182K [0x00000000ff2a0000, 0x0000000100000000, 0x0000000100000000)
 Metaspace       used 5070K, capacity 5248K, committed 5504K, reserved 1056768K
  class space    used 554K, capacity 592K, committed 640K, reserved 1048576K
2024-07-16T11:01:43.430+0800: 8.311: [GC (Allocation Failure) 2024-07-16T11:01:43.430+0800: 8.311: [ParNew: 5235K->4K(6144K), 0.0004849 secs] 9418K->4186K(19840K), 0.0005065 secs] [Times: user=0.00 sys=0.00, real=0.00 secs] 
Heap after GC invocations=1004 (full 130):
 par new generation   total 6144K, used 4K [0x00000000fec00000, 0x00000000ff2a0000, 0x00000000ff2a0000)
  eden space 5504K,   0% used [0x00000000fec00000, 0x00000000fec00000, 0x00000000ff160000)
  from space 640K,   0% used [0x00000000ff160000, 0x00000000ff161020, 0x00000000ff200000)
  to   space 640K,   0% used [0x00000000ff200000, 0x00000000ff200000, 0x00000000ff2a0000)
 concurrent mark-sweep generation total 13696K, used 4182K [0x00000000ff2a0000, 0x0000000100000000, 0x0000000100000000)
 Metaspace       used 5070K, capacity 5248K, committed 5504K, reserved 1056768K
  class space    used 554K, capacity 592K, committed 640K, reserved 1048576K
}
{Heap before GC invocations=1004 (full 130):
 par new generation   total 6144K, used 5233K [0x00000000fec00000, 0x00000000ff2a0000, 0x00000000ff2a0000)
  eden space 5504K,  95% used [0x00000000fec00000, 0x00000000ff11b7a0, 0x00000000ff160000)
  from space 640K,   0% used [0x00000000ff160000, 0x00000000ff161020, 0x00000000ff200000)
  to   space 640K,   0% used [0x00000000ff200000, 0x00000000ff200000, 0x00000000ff2a0000)
 concurrent mark-sweep generation total 13696K, used 4182K [0x00000000ff2a0000, 0x0000000100000000, 0x0000000100000000)
 Metaspace       used 5070K, capacity 5248K, committed 5504K, reserved 1056768K
  class space    used 554K, capacity 592K, committed 640K, reserved 1048576K
2024-07-16T11:01:43.437+0800: 8.318: [GC (Allocation Failure) 2024-07-16T11:01:43.437+0800: 8.318: [ParNew: 5233K->8K(6144K), 0.0004734 secs] 9416K->5214K(19840K), 0.0005100 secs] [Times: user=0.00 sys=0.00, real=0.00 secs] 
Heap after GC invocations=1005 (full 130):
 par new generation   total 6144K, used 8K [0x00000000fec00000, 0x00000000ff2a0000, 0x00000000ff2a0000)
  eden space 5504K,   0% used [0x00000000fec00000, 0x00000000fec00000, 0x00000000ff160000)
  from space 640K,   1% used [0x00000000ff200000, 0x00000000ff202040, 0x00000000ff2a0000)
  to   space 640K,   0% used [0x00000000ff160000, 0x00000000ff160000, 0x00000000ff200000)
 concurrent mark-sweep generation total 13696K, used 5206K [0x00000000ff2a0000, 0x0000000100000000, 0x0000000100000000)
 Metaspace       used 5070K, capacity 5248K, committed 5504K, reserved 1056768K
  class space    used 554K, capacity 592K, committed 640K, reserved 1048576K
}
{Heap before GC invocations=1005 (full 130):
 par new generation   total 6144K, used 5237K [0x00000000fec00000, 0x00000000ff2a0000, 0x00000000ff2a0000)
  eden space 5504K,  95% used [0x00000000fec00000, 0x00000000ff11b7a0, 0x00000000ff160000)
  from space 640K,   1% used [0x00000000ff200000, 0x00000000ff202040, 0x00000000ff2a0000)
  to   space 640K,   0% used [0x00000000ff160000, 0x00000000ff160000, 0x00000000ff200000)
 concurrent mark-sweep generation total 13696K, used 5206K [0x00000000ff2a0000, 0x0000000100000000, 0x0000000100000000)
 Metaspace       used 5070K, capacity 5248K, committed 5504K, reserved 1056768K
  class space    used 554K, capacity 592K, committed 640K, reserved 1048576K
2024-07-16T11:01:43.444+0800: 8.325: [GC (Allocation Failure) 2024-07-16T11:01:43.444+0800: 8.325: [ParNew: 5237K->6K(6144K), 0.0003340 secs] 10444K->6238K(19840K), 0.0004004 secs] [Times: user=0.00 sys=0.00, real=0.00 secs] 
Heap after GC invocations=1006 (full 130):
 par new generation   total 6144K, used 6K [0x00000000fec00000, 0x00000000ff2a0000, 0x00000000ff2a0000)
  eden space 5504K,   0% used [0x00000000fec00000, 0x00000000fec00000, 0x00000000ff160000)
  from space 640K,   0% used [0x00000000ff160000, 0x00000000ff161830, 0x00000000ff200000)
  to   space 640K,   0% used [0x00000000ff200000, 0x00000000ff200000, 0x00000000ff2a0000)
 concurrent mark-sweep generation total 13696K, used 6232K [0x00000000ff2a0000, 0x0000000100000000, 0x0000000100000000)
 Metaspace       used 5070K, capacity 5248K, committed 5504K, reserved 1056768K
  class space    used 554K, capacity 592K, committed 640K, reserved 1048576K
}
{Heap before GC invocations=1006 (full 130):
 par new generation   total 6144K, used 5235K [0x00000000fec00000, 0x00000000ff2a0000, 0x00000000ff2a0000)
  eden space 5504K,  95% used [0x00000000fec00000, 0x00000000ff11b7a0, 0x00000000ff160000)
  from space 640K,   0% used [0x00000000ff160000, 0x00000000ff161830, 0x00000000ff200000)
  to   space 640K,   0% used [0x00000000ff200000, 0x00000000ff200000, 0x00000000ff2a0000)
 concurrent mark-sweep generation total 13696K, used 6232K [0x00000000ff2a0000, 0x0000000100000000, 0x0000000100000000)
 Metaspace       used 5070K, capacity 5248K, committed 5504K, reserved 1056768K
  class space    used 554K, capacity 592K, committed 640K, reserved 1048576K
2024-07-16T11:01:43.450+0800: 8.331: [GC (Allocation Failure) 2024-07-16T11:01:43.450+0800: 8.331: [ParNew: 5235K->6K(6144K), 0.0007708 secs] 11468K->7262K(19840K), 0.0008411 secs] [Times: user=0.00 sys=0.00, real=0.00 secs] 
Heap after GC invocations=1007 (full 130):
 par new generation   total 6144K, used 6K [0x00000000fec00000, 0x00000000ff2a0000, 0x00000000ff2a0000)
  eden space 5504K,   0% used [0x00000000fec00000, 0x00000000fec00000, 0x00000000ff160000)
  from space 640K,   0% used [0x00000000ff200000, 0x00000000ff201830, 0x00000000ff2a0000)
  to   space 640K,   0% used [0x00000000ff160000, 0x00000000ff160000, 0x00000000ff200000)
 concurrent mark-sweep generation total 13696K, used 7256K [0x00000000ff2a0000, 0x0000000100000000, 0x0000000100000000)
 Metaspace       used 5070K, capacity 5248K, committed 5504K, reserved 1056768K
  class space    used 554K, capacity 592K, committed 640K, reserved 1048576K
}
{Heap before GC invocations=1007 (full 130):
 par new generation   total 6144K, used 5235K [0x00000000fec00000, 0x00000000ff2a0000, 0x00000000ff2a0000)
  eden space 5504K,  95% used [0x00000000fec00000, 0x00000000ff11b798, 0x00000000ff160000)
  from space 640K,   0% used [0x00000000ff200000, 0x00000000ff201830, 0x00000000ff2a0000)
  to   space 640K,   0% used [0x00000000ff160000, 0x00000000ff160000, 0x00000000ff200000)
 concurrent mark-sweep generation total 13696K, used 7256K [0x00000000ff2a0000, 0x0000000100000000, 0x0000000100000000)
 Metaspace       used 5070K, capacity 5248K, committed 5504K, reserved 1056768K
  class space    used 554K, capacity 592K, committed 640K, reserved 1048576K
2024-07-16T11:01:43.458+0800: 8.339: [GC (Allocation Failure) 2024-07-16T11:01:43.458+0800: 8.339: [ParNew: 5235K->4K(6144K), 0.0008771 secs] 12492K->7260K(19840K), 0.0010382 secs] [Times: user=0.00 sys=0.00, real=0.00 secs] 
Heap after GC invocations=1008 (full 130):
 par new generation   total 6144K, used 4K [0x00000000fec00000, 0x00000000ff2a0000, 0x00000000ff2a0000)
  eden space 5504K,   0% used [0x00000000fec00000, 0x00000000fec00000, 0x00000000ff160000)
  from space 640K,   0% used [0x00000000ff160000, 0x00000000ff161020, 0x00000000ff200000)
  to   space 640K,   0% used [0x00000000ff200000, 0x00000000ff200000, 0x00000000ff2a0000)
 concurrent mark-sweep generation total 13696K, used 7256K [0x00000000ff2a0000, 0x0000000100000000, 0x0000000100000000)
 Metaspace       used 5070K, capacity 5248K, committed 5504K, reserved 1056768K
  class space    used 554K, capacity 592K, committed 640K, reserved 1048576K
}
{Heap before GC invocations=1008 (full 130):
 par new generation   total 6144K, used 5233K [0x00000000fec00000, 0x00000000ff2a0000, 0x00000000ff2a0000)
  eden space 5504K,  95% used [0x00000000fec00000, 0x00000000ff11b798, 0x00000000ff160000)
  from space 640K,   0% used [0x00000000ff160000, 0x00000000ff161020, 0x00000000ff200000)
  to   space 640K,   0% used [0x00000000ff200000, 0x00000000ff200000, 0x00000000ff2a0000)
 concurrent mark-sweep generation total 13696K, used 7256K [0x00000000ff2a0000, 0x0000000100000000, 0x0000000100000000)
 Metaspace       used 5070K, capacity 5248K, committed 5504K, reserved 1056768K
  class space    used 554K, capacity 592K, committed 640K, reserved 1048576K
2024-07-16T11:01:43.466+0800: 8.347: [GC (Allocation Failure) 2024-07-16T11:01:43.466+0800: 8.347: [ParNew: 5233K->4K(6144K), 0.0010396 secs] 12490K->7260K(19840K), 0.0011052 secs] [Times: user=0.00 sys=0.00, real=0.00 secs] 
Heap after GC invocations=1009 (full 130):
 par new generation   total 6144K, used 4K [0x00000000fec00000, 0x00000000ff2a0000, 0x00000000ff2a0000)
  eden space 5504K,   0% used [0x00000000fec00000, 0x00000000fec00000, 0x00000000ff160000)
  from space 640K,   0% used [0x00000000ff200000, 0x00000000ff201020, 0x00000000ff2a0000)
  to   space 640K,   0% used [0x00000000ff160000, 0x00000000ff160000, 0x00000000ff200000)
 concurrent mark-sweep generation total 13696K, used 7256K [0x00000000ff2a0000, 0x0000000100000000, 0x0000000100000000)
 Metaspace       used 5070K, capacity 5248K, committed 5504K, reserved 1056768K
  class space    used 554K, capacity 592K, committed 640K, reserved 1048576K
}
{Heap before GC invocations=1009 (full 130):
 par new generation   total 6144K, used 5233K [0x00000000fec00000, 0x00000000ff2a0000, 0x00000000ff2a0000)
  eden space 5504K,  95% used [0x00000000fec00000, 0x00000000ff11b798, 0x00000000ff160000)
  from space 640K,   0% used [0x00000000ff200000, 0x00000000ff201020, 0x00000000ff2a0000)
  to   space 640K,   0% used [0x00000000ff160000, 0x00000000ff160000, 0x00000000ff200000)
 concurrent mark-sweep generation total 13696K, used 7256K [0x00000000ff2a0000, 0x0000000100000000, 0x0000000100000000)
 Metaspace       used 5070K, capacity 5248K, committed 5504K, reserved 1056768K
  class space    used 554K, capacity 592K, committed 640K, reserved 1048576K
2024-07-16T11:01:43.473+0800: 8.354: [GC (Allocation Failure) 2024-07-16T11:01:43.473+0800: 8.354: [ParNew: 5233K->8K(6144K), 0.0012318 secs] 12490K->8288K(19840K), 0.0013142 secs] [Times: user=0.00 sys=0.00, real=0.00 secs] 
Heap after GC invocations=1010 (full 130):
 par new generation   total 6144K, used 8K [0x00000000fec00000, 0x00000000ff2a0000, 0x00000000ff2a0000)
  eden space 5504K,   0% used [0x00000000fec00000, 0x00000000fec00000, 0x00000000ff160000)
  from space 640K,   1% used [0x00000000ff160000, 0x00000000ff162040, 0x00000000ff200000)
  to   space 640K,   0% used [0x00000000ff200000, 0x00000000ff200000, 0x00000000ff2a0000)
 concurrent mark-sweep generation total 13696K, used 8280K [0x00000000ff2a0000, 0x0000000100000000, 0x0000000100000000)
 Metaspace       used 5070K, capacity 5248K, committed 5504K, reserved 1056768K
  class space    used 554K, capacity 592K, committed 640K, reserved 1048576K
}
{Heap before GC invocations=1010 (full 130):
 par new generation   total 6144K, used 5237K [0x00000000fec00000, 0x00000000ff2a0000, 0x00000000ff2a0000)
  eden space 5504K,  95% used [0x00000000fec00000, 0x00000000ff11b798, 0x00000000ff160000)
  from space 640K,   1% used [0x00000000ff160000, 0x00000000ff162040, 0x00000000ff200000)
  to   space 640K,   0% used [0x00000000ff200000, 0x00000000ff200000, 0x00000000ff2a0000)
 concurrent mark-sweep generation total 13696K, used 8280K [0x00000000ff2a0000, 0x0000000100000000, 0x0000000100000000)
 Metaspace       used 5070K, capacity 5248K, committed 5504K, reserved 1056768K
  class space    used 554K, capacity 592K, committed 640K, reserved 1048576K
2024-07-16T11:01:43.482+0800: 8.363: [GC (Allocation Failure) 2024-07-16T11:01:43.482+0800: 8.363: [ParNew: 5237K->4K(6144K), 0.0009901 secs] 13518K->8284K(19840K), 0.0012126 secs] [Times: user=0.00 sys=0.00, real=0.00 secs] 
Heap after GC invocations=1011 (full 130):
 par new generation   total 6144K, used 4K [0x00000000fec00000, 0x00000000ff2a0000, 0x00000000ff2a0000)
  eden space 5504K,   0% used [0x00000000fec00000, 0x00000000fec00000, 0x00000000ff160000)
  from space 640K,   0% used [0x00000000ff200000, 0x00000000ff201020, 0x00000000ff2a0000)
  to   space 640K,   0% used [0x00000000ff160000, 0x00000000ff160000, 0x00000000ff200000)
 concurrent mark-sweep generation total 13696K, used 8280K [0x00000000ff2a0000, 0x0000000100000000, 0x0000000100000000)
 Metaspace       used 5070K, capacity 5248K, committed 5504K, reserved 1056768K
  class space    used 554K, capacity 592K, committed 640K, reserved 1048576K
}
{Heap before GC invocations=1011 (full 130):
 par new generation   total 6144K, used 5233K [0x00000000fec00000, 0x00000000ff2a0000, 0x00000000ff2a0000)
  eden space 5504K,  95% used [0x00000000fec00000, 0x00000000ff11b798, 0x00000000ff160000)
  from space 640K,   0% used [0x00000000ff200000, 0x00000000ff201020, 0x00000000ff2a0000)
  to   space 640K,   0% used [0x00000000ff160000, 0x00000000ff160000, 0x00000000ff200000)
 concurrent mark-sweep generation total 13696K, used 8280K [0x00000000ff2a0000, 0x0000000100000000, 0x0000000100000000)
 Metaspace       used 5070K, capacity 5248K, committed 5504K, reserved 1056768K
  class space    used 554K, capacity 592K, committed 640K, reserved 1048576K
2024-07-16T11:01:43.491+0800: 8.372: [GC (Allocation Failure) 2024-07-16T11:01:43.491+0800: 8.372: [ParNew: 5233K->4K(6144K), 0.0010737 secs] 13514K->8284K(19840K), 0.0011736 secs] [Times: user=0.00 sys=0.00, real=0.00 secs] 
Heap after GC invocations=1012 (full 130):
 par new generation   total 6144K, used 4K [0x00000000fec00000, 0x00000000ff2a0000, 0x00000000ff2a0000)
  eden space 5504K,   0% used [0x00000000fec00000, 0x00000000fec00000, 0x00000000ff160000)
  from space 640K,   0% used [0x00000000ff160000, 0x00000000ff161020, 0x00000000ff200000)
  to   space 640K,   0% used [0x00000000ff200000, 0x00000000ff200000, 0x00000000ff2a0000)
 concurrent mark-sweep generation total 13696K, used 8280K [0x00000000ff2a0000, 0x0000000100000000, 0x0000000100000000)
 Metaspace       used 5070K, capacity 5248K, committed 5504K, reserved 1056768K
  class space    used 554K, capacity 592K, committed 640K, reserved 1048576K
}
{Heap before GC invocations=1012 (full 130):
 par new generation   total 6144K, used 5233K [0x00000000fec00000, 0x00000000ff2a0000, 0x00000000ff2a0000)
  eden space 5504K,  95% used [0x00000000fec00000, 0x00000000ff11b798, 0x00000000ff160000)
  from space 640K,   0% used [0x00000000ff160000, 0x00000000ff161020, 0x00000000ff200000)
  to   space 640K,   0% used [0x00000000ff200000, 0x00000000ff200000, 0x00000000ff2a0000)
 concurrent mark-sweep generation total 13696K, used 8280K [0x00000000ff2a0000, 0x0000000100000000, 0x0000000100000000)
 Metaspace       used 5070K, capacity 5248K, committed 5504K, reserved 1056768K
  class space    used 554K, capacity 592K, committed 640K, reserved 1048576K
2024-07-16T11:01:43.500+0800: 8.381: [GC (Allocation Failure) 2024-07-16T11:01:43.500+0800: 8.381: [ParNew: 5233K->6K(6144K), 0.0012953 secs] 13514K->9310K(19840K), 0.0015049 secs] [Times: user=0.00 sys=0.00, real=0.00 secs] 
Heap after GC invocations=1013 (full 130):
 par new generation   total 6144K, used 6K [0x00000000fec00000, 0x00000000ff2a0000, 0x00000000ff2a0000)
  eden space 5504K,   0% used [0x00000000fec00000, 0x00000000fec00000, 0x00000000ff160000)
  from space 640K,   0% used [0x00000000ff200000, 0x00000000ff201830, 0x00000000ff2a0000)
  to   space 640K,   0% used [0x00000000ff160000, 0x00000000ff160000, 0x00000000ff200000)
 concurrent mark-sweep generation total 13696K, used 9304K [0x00000000ff2a0000, 0x0000000100000000, 0x0000000100000000)
 Metaspace       used 5070K, capacity 5248K, committed 5504K, reserved 1056768K
  class space    used 554K, capacity 592K, committed 640K, reserved 1048576K
}
{Heap before GC invocations=1013 (full 130):
 par new generation   total 6144K, used 5235K [0x00000000fec00000, 0x00000000ff2a0000, 0x00000000ff2a0000)
  eden space 5504K,  95% used [0x00000000fec00000, 0x00000000ff11b798, 0x00000000ff160000)
  from space 640K,   0% used [0x00000000ff200000, 0x00000000ff201830, 0x00000000ff2a0000)
  to   space 640K,   0% used [0x00000000ff160000, 0x00000000ff160000, 0x00000000ff200000)
 concurrent mark-sweep generation total 13696K, used 9304K [0x00000000ff2a0000, 0x0000000100000000, 0x0000000100000000)
 Metaspace       used 5070K, capacity 5248K, committed 5504K, reserved 1056768K
  class space    used 554K, capacity 592K, committed 640K, reserved 1048576K
2024-07-16T11:01:43.512+0800: 8.393: [GC (Allocation Failure) 2024-07-16T11:01:43.512+0800: 8.393: [ParNew: 5235K->4K(6144K), 0.0003312 secs] 14540K->9308K(19840K), 0.0003663 secs] [Times: user=0.00 sys=0.00, real=0.00 secs] 
Heap after GC invocations=1014 (full 130):
 par new generation   total 6144K, used 4K [0x00000000fec00000, 0x00000000ff2a0000, 0x00000000ff2a0000)
  eden space 5504K,   0% used [0x00000000fec00000, 0x00000000fec00000, 0x00000000ff160000)
  from space 640K,   0% used [0x00000000ff160000, 0x00000000ff161020, 0x00000000ff200000)
  to   space 640K,   0% used [0x00000000ff200000, 0x00000000ff200000, 0x00000000ff2a0000)
 concurrent mark-sweep generation total 13696K, used 9304K [0x00000000ff2a0000, 0x0000000100000000, 0x0000000100000000)
 Metaspace       used 5070K, capacity 5248K, committed 5504K, reserved 1056768K
  class space    used 554K, capacity 592K, committed 640K, reserved 1048576K
}
{Heap before GC invocations=1014 (full 130):
 par new generation   total 6144K, used 5233K [0x00000000fec00000, 0x00000000ff2a0000, 0x00000000ff2a0000)
  eden space 5504K,  95% used [0x00000000fec00000, 0x00000000ff11b798, 0x00000000ff160000)
  from space 640K,   0% used [0x00000000ff160000, 0x00000000ff161020, 0x00000000ff200000)
  to   space 640K,   0% used [0x00000000ff200000, 0x00000000ff200000, 0x00000000ff2a0000)
 concurrent mark-sweep generation total 13696K, used 9304K [0x00000000ff2a0000, 0x0000000100000000, 0x0000000100000000)
 Metaspace       used 5070K, capacity 5248K, committed 5504K, reserved 1056768K
  class space    used 554K, capacity 592K, committed 640K, reserved 1048576K
2024-07-16T11:01:43.520+0800: 8.401: [GC (Allocation Failure) 2024-07-16T11:01:43.520+0800: 8.401: [ParNew: 5233K->4K(6144K), 0.0002560 secs] 14538K->9308K(19840K), 0.0002871 secs] [Times: user=0.00 sys=0.00, real=0.00 secs] 
Heap after GC invocations=1015 (full 130):
 par new generation   total 6144K, used 4K [0x00000000fec00000, 0x00000000ff2a0000, 0x00000000ff2a0000)
  eden space 5504K,   0% used [0x00000000fec00000, 0x00000000fec00000, 0x00000000ff160000)
  from space 640K,   0% used [0x00000000ff200000, 0x00000000ff201020, 0x00000000ff2a0000)
  to   space 640K,   0% used [0x00000000ff160000, 0x00000000ff160000, 0x00000000ff200000)
 concurrent mark-sweep generation total 13696K, used 9304K [0x00000000ff2a0000, 0x0000000100000000, 0x0000000100000000)
 Metaspace       used 5070K, capacity 5248K, committed 5504K, reserved 1056768K
  class space    used 554K, capacity 592K, committed 640K, reserved 1048576K
}
{Heap before GC invocations=1015 (full 130):
 par new generation   total 6144K, used 5233K [0x00000000fec00000, 0x00000000ff2a0000, 0x00000000ff2a0000)
  eden space 5504K,  95% used [0x00000000fec00000, 0x00000000ff11b798, 0x00000000ff160000)
  from space 640K,   0% used [0x00000000ff200000, 0x00000000ff201020, 0x00000000ff2a0000)
  to   space 640K,   0% used [0x00000000ff160000, 0x00000000ff160000, 0x00000000ff200000)
 concurrent mark-sweep generation total 13696K, used 9304K [0x00000000ff2a0000, 0x0000000100000000, 0x0000000100000000)
 Metaspace       used 5070K, capacity 5248K, committed 5504K, reserved 1056768K
  class space    used 554K, capacity 592K, committed 640K, reserved 1048576K
2024-07-16T11:01:43.528+0800: 8.409: [GC (Allocation Failure) 2024-07-16T11:01:43.528+0800: 8.409: [ParNew: 5233K->4K(6144K), 0.0002910 secs] 14538K->9308K(19840K), 0.0003803 secs] [Times: user=0.00 sys=0.00, real=0.00 secs] 
Heap after GC invocations=1016 (full 130):
 par new generation   total 6144K, used 4K [0x00000000fec00000, 0x00000000ff2a0000, 0x00000000ff2a0000)
  eden space 5504K,   0% used [0x00000000fec00000, 0x00000000fec00000, 0x00000000ff160000)
  from space 640K,   0% used [0x00000000ff160000, 0x00000000ff161020, 0x00000000ff200000)
  to   space 640K,   0% used [0x00000000ff200000, 0x00000000ff200000, 0x00000000ff2a0000)
 concurrent mark-sweep generation total 13696K, used 9304K [0x00000000ff2a0000, 0x0000000100000000, 0x0000000100000000)
 Metaspace       used 5070K, capacity 5248K, committed 5504K, reserved 1056768K
  class space    used 554K, capacity 592K, committed 640K, reserved 1048576K
}
{Heap before GC invocations=1016 (full 130):
 par new generation   total 6144K, used 5233K [0x00000000fec00000, 0x00000000ff2a0000, 0x00000000ff2a0000)
  eden space 5504K,  95% used [0x00000000fec00000, 0x00000000ff11b798, 0x00000000ff160000)
  from space 640K,   0% used [0x00000000ff160000, 0x00000000ff161020, 0x00000000ff200000)
  to   space 640K,   0% used [0x00000000ff200000, 0x00000000ff200000, 0x00000000ff2a0000)
 concurrent mark-sweep generation total 13696K, used 9304K [0x00000000ff2a0000, 0x0000000100000000, 0x0000000100000000)
 Metaspace       used 5070K, capacity 5248K, committed 5504K, reserved 1056768K
  class space    used 554K, capacity 592K, committed 640K, reserved 1048576K
2024-07-16T11:01:43.535+0800: 8.416: [GC (Allocation Failure) 2024-07-16T11:01:43.535+0800: 8.416: [ParNew: 5233K->6K(6144K), 0.0003165 secs] 14538K->10336K(19840K), 0.0003414 secs] [Times: user=0.00 sys=0.00, real=0.00 secs] 
Heap after GC invocations=1017 (full 130):
 par new generation   total 6144K, used 6K [0x00000000fec00000, 0x00000000ff2a0000, 0x00000000ff2a0000)
  eden space 5504K,   0% used [0x00000000fec00000, 0x00000000fec00000, 0x00000000ff160000)
  from space 640K,   0% used [0x00000000ff200000, 0x00000000ff201830, 0x00000000ff2a0000)
  to   space 640K,   0% used [0x00000000ff160000, 0x00000000ff160000, 0x00000000ff200000)
 concurrent mark-sweep generation total 13696K, used 10330K [0x00000000ff2a0000, 0x0000000100000000, 0x0000000100000000)
 Metaspace       used 5070K, capacity 5248K, committed 5504K, reserved 1056768K
  class space    used 554K, capacity 592K, committed 640K, reserved 1048576K
}
{Heap before GC invocations=1017 (full 130):
 par new generation   total 6144K, used 5235K [0x00000000fec00000, 0x00000000ff2a0000, 0x00000000ff2a0000)
  eden space 5504K,  95% used [0x00000000fec00000, 0x00000000ff11b798, 0x00000000ff160000)
  from space 640K,   0% used [0x00000000ff200000, 0x00000000ff201830, 0x00000000ff2a0000)
  to   space 640K,   0% used [0x00000000ff160000, 0x00000000ff160000, 0x00000000ff200000)
 concurrent mark-sweep generation total 13696K, used 10330K [0x00000000ff2a0000, 0x0000000100000000, 0x0000000100000000)
 Metaspace       used 5070K, capacity 5248K, committed 5504K, reserved 1056768K
  class space    used 554K, capacity 592K, committed 640K, reserved 1048576K
2024-07-16T11:01:43.543+0800: 8.424: [GC (Allocation Failure) 2024-07-16T11:01:43.543+0800: 8.424: [ParNew: 5235K->2K(6144K), 0.0003423 secs] 15566K->10332K(19840K), 0.0004138 secs] [Times: user=0.00 sys=0.00, real=0.00 secs] 
Heap after GC invocations=1018 (full 130):
 par new generation   total 6144K, used 2K [0x00000000fec00000, 0x00000000ff2a0000, 0x00000000ff2a0000)
  eden space 5504K,   0% used [0x00000000fec00000, 0x00000000fec00000, 0x00000000ff160000)
  from space 640K,   0% used [0x00000000ff160000, 0x00000000ff160810, 0x00000000ff200000)
  to   space 640K,   0% used [0x00000000ff200000, 0x00000000ff200000, 0x00000000ff2a0000)
 concurrent mark-sweep generation total 13696K, used 10330K [0x00000000ff2a0000, 0x0000000100000000, 0x0000000100000000)
 Metaspace       used 5070K, capacity 5248K, committed 5504K, reserved 1056768K
  class space    used 554K, capacity 592K, committed 640K, reserved 1048576K
}
{Heap before GC invocations=1018 (full 130):
 par new generation   total 6144K, used 5231K [0x00000000fec00000, 0x00000000ff2a0000, 0x00000000ff2a0000)
  eden space 5504K,  95% used [0x00000000fec00000, 0x00000000ff11b798, 0x00000000ff160000)
  from space 640K,   0% used [0x00000000ff160000, 0x00000000ff160810, 0x00000000ff200000)
  to   space 640K,   0% used [0x00000000ff200000, 0x00000000ff200000, 0x00000000ff2a0000)
 concurrent mark-sweep generation total 13696K, used 10330K [0x00000000ff2a0000, 0x0000000100000000, 0x0000000100000000)
 Metaspace       used 5070K, capacity 5248K, committed 5504K, reserved 1056768K
  class space    used 554K, capacity 592K, committed 640K, reserved 1048576K
2024-07-16T11:01:43.550+0800: 8.431: [GC (Allocation Failure) 2024-07-16T11:01:43.550+0800: 8.431: [ParNew: 5231K->4K(6144K), 0.0002891 secs] 15562K->10334K(19840K), 0.0003221 secs] [Times: user=0.00 sys=0.00, real=0.00 secs] 
Heap after GC invocations=1019 (full 130):
 par new generation   total 6144K, used 4K [0x00000000fec00000, 0x00000000ff2a0000, 0x00000000ff2a0000)
  eden space 5504K,   0% used [0x00000000fec00000, 0x00000000fec00000, 0x00000000ff160000)
  from space 640K,   0% used [0x00000000ff200000, 0x00000000ff201020, 0x00000000ff2a0000)
  to   space 640K,   0% used [0x00000000ff160000, 0x00000000ff160000, 0x00000000ff200000)
 concurrent mark-sweep generation total 13696K, used 10330K [0x00000000ff2a0000, 0x0000000100000000, 0x0000000100000000)
 Metaspace       used 5070K, capacity 5248K, committed 5504K, reserved 1056768K
  class space    used 554K, capacity 592K, committed 640K, reserved 1048576K
}
{Heap before GC invocations=1019 (full 130):
 par new generation   total 6144K, used 5233K [0x00000000fec00000, 0x00000000ff2a0000, 0x00000000ff2a0000)
  eden space 5504K,  95% used [0x00000000fec00000, 0x00000000ff11b798, 0x00000000ff160000)
  from space 640K,   0% used [0x00000000ff200000, 0x00000000ff201020, 0x00000000ff2a0000)
  to   space 640K,   0% used [0x00000000ff160000, 0x00000000ff160000, 0x00000000ff200000)
 concurrent mark-sweep generation total 13696K, used 10330K [0x00000000ff2a0000, 0x0000000100000000, 0x0000000100000000)
 Metaspace       used 5070K, capacity 5248K, committed 5504K, reserved 1056768K
  class space    used 554K, capacity 592K, committed 640K, reserved 1048576K
2024-07-16T11:01:43.556+0800: 8.437: [GC (Allocation Failure) 2024-07-16T11:01:43.556+0800: 8.437: [ParNew: 5233K->8K(6144K), 0.0003538 secs] 15564K->11362K(19840K), 0.0003805 secs] [Times: user=0.00 sys=0.00, real=0.00 secs] 
Heap after GC invocations=1020 (full 130):
 par new generation   total 6144K, used 8K [0x00000000fec00000, 0x00000000ff2a0000, 0x00000000ff2a0000)
  eden space 5504K,   0% used [0x00000000fec00000, 0x00000000fec00000, 0x00000000ff160000)
  from space 640K,   1% used [0x00000000ff160000, 0x00000000ff162040, 0x00000000ff200000)
  to   space 640K,   0% used [0x00000000ff200000, 0x00000000ff200000, 0x00000000ff2a0000)
 concurrent mark-sweep generation total 13696K, used 11354K [0x00000000ff2a0000, 0x0000000100000000, 0x0000000100000000)
 Metaspace       used 5070K, capacity 5248K, committed 5504K, reserved 1056768K
  class space    used 554K, capacity 592K, committed 640K, reserved 1048576K
}
{Heap before GC invocations=1020 (full 130):
 par new generation   total 6144K, used 5237K [0x00000000fec00000, 0x00000000ff2a0000, 0x00000000ff2a0000)
  eden space 5504K,  95% used [0x00000000fec00000, 0x00000000ff11b798, 0x00000000ff160000)
  from space 640K,   1% used [0x00000000ff160000, 0x00000000ff162040, 0x00000000ff200000)
  to   space 640K,   0% used [0x00000000ff200000, 0x00000000ff200000, 0x00000000ff2a0000)
 concurrent mark-sweep generation total 13696K, used 11354K [0x00000000ff2a0000, 0x0000000100000000, 0x0000000100000000)
 Metaspace       used 5070K, capacity 5248K, committed 5504K, reserved 1056768K
  class space    used 554K, capacity 592K, committed 640K, reserved 1048576K
2024-07-16T11:01:43.563+0800: 8.443: [GC (Allocation Failure) 2024-07-16T11:01:43.563+0800: 8.443: [ParNew: 5237K->8K(6144K), 0.0003207 secs] 16592K->12388K(19840K), 0.0003527 secs] [Times: user=0.00 sys=0.00, real=0.00 secs] 
Heap after GC invocations=1021 (full 130):
 par new generation   total 6144K, used 8K [0x00000000fec00000, 0x00000000ff2a0000, 0x00000000ff2a0000)
  eden space 5504K,   0% used [0x00000000fec00000, 0x00000000fec00000, 0x00000000ff160000)
  from space 640K,   1% used [0x00000000ff200000, 0x00000000ff202040, 0x00000000ff2a0000)
  to   space 640K,   0% used [0x00000000ff160000, 0x00000000ff160000, 0x00000000ff200000)
 concurrent mark-sweep generation total 13696K, used 12380K [0x00000000ff2a0000, 0x0000000100000000, 0x0000000100000000)
 Metaspace       used 5070K, capacity 5248K, committed 5504K, reserved 1056768K
  class space    used 554K, capacity 592K, committed 640K, reserved 1048576K
}
{Heap before GC invocations=1021 (full 130):
 par new generation   total 6144K, used 5237K [0x00000000fec00000, 0x00000000ff2a0000, 0x00000000ff2a0000)
  eden space 5504K,  95% used [0x00000000fec00000, 0x00000000ff11b798, 0x00000000ff160000)
  from space 640K,   1% used [0x00000000ff200000, 0x00000000ff202040, 0x00000000ff2a0000)
  to   space 640K,   0% used [0x00000000ff160000, 0x00000000ff160000, 0x00000000ff200000)
 concurrent mark-sweep generation total 13696K, used 12380K [0x00000000ff2a0000, 0x0000000100000000, 0x0000000100000000)
 Metaspace       used 5070K, capacity 5248K, committed 5504K, reserved 1056768K
  class space    used 554K, capacity 592K, committed 640K, reserved 1048576K
2024-07-16T11:01:43.568+0800: 8.448: [GC (Allocation Failure) 2024-07-16T11:01:43.568+0800: 8.448: [ParNew: 5237K->5237K(6144K), 0.0000114 secs]2024-07-16T11:01:43.568+0800: 8.448: [CMS2024-07-16T11:01:43.568+0800: 8.448: [CMS-concurrent-abortable-preclean: 0.001/0.142 secs] [Times: user=0.03 sys=0.00, real=0.14 secs] 
 (concurrent mode failure): 12380K->1106K(13696K), 0.0021012 secs] 17618K->1106K(19840K), [Metaspace: 5070K->5070K(1056768K)], 0.0021599 secs] [Times: user=0.00 sys=0.00, real=0.00 secs] 
Heap after GC invocations=1022 (full 131):
 par new generation   total 6144K, used 0K [0x00000000fec00000, 0x00000000ff2a0000, 0x00000000ff2a0000)
  eden space 5504K,   0% used [0x00000000fec00000, 0x00000000fec00000, 0x00000000ff160000)
  from space 640K,   0% used [0x00000000ff200000, 0x00000000ff200000, 0x00000000ff2a0000)
  to   space 640K,   0% used [0x00000000ff160000, 0x00000000ff160000, 0x00000000ff200000)
 concurrent mark-sweep generation total 13696K, used 1106K [0x00000000ff2a0000, 0x0000000100000000, 0x0000000100000000)
 Metaspace       used 5070K, capacity 5248K, committed 5504K, reserved 1056768K
  class space    used 554K, capacity 592K, committed 640K, reserved 1048576K
}
{Heap before GC invocations=1022 (full 131):
 par new generation   total 6144K, used 5229K [0x00000000fec00000, 0x00000000ff2a0000, 0x00000000ff2a0000)
  eden space 5504K,  95% used [0x00000000fec00000, 0x00000000ff11b798, 0x00000000ff160000)
  from space 640K,   0% used [0x00000000ff200000, 0x00000000ff200000, 0x00000000ff2a0000)
  to   space 640K,   0% used [0x00000000ff160000, 0x00000000ff160000, 0x00000000ff200000)
 concurrent mark-sweep generation total 13696K, used 1106K [0x00000000ff2a0000, 0x0000000100000000, 0x0000000100000000)
 Metaspace       used 5070K, capacity 5248K, committed 5504K, reserved 1056768K
  class space    used 554K, capacity 592K, committed 640K, reserved 1048576K
2024-07-16T11:01:43.576+0800: 8.456: [GC (Allocation Failure) 2024-07-16T11:01:43.576+0800: 8.456: [ParNew: 5229K->4K(6144K), 0.0002536 secs] 6336K->1110K(19840K), 0.0002809 secs] [Times: user=0.00 sys=0.00, real=0.00 secs] 
Heap after GC invocations=1023 (full 131):
 par new generation   total 6144K, used 4K [0x00000000fec00000, 0x00000000ff2a0000, 0x00000000ff2a0000)
  eden space 5504K,   0% used [0x00000000fec00000, 0x00000000fec00000, 0x00000000ff160000)
  from space 640K,   0% used [0x00000000ff160000, 0x00000000ff161020, 0x00000000ff200000)
  to   space 640K,   0% used [0x00000000ff200000, 0x00000000ff200000, 0x00000000ff2a0000)
 concurrent mark-sweep generation total 13696K, used 1106K [0x00000000ff2a0000, 0x0000000100000000, 0x0000000100000000)
 Metaspace       used 5070K, capacity 5248K, committed 5504K, reserved 1056768K
  class space    used 554K, capacity 592K, committed 640K, reserved 1048576K
}
{Heap before GC invocations=1023 (full 131):
 par new generation   total 6144K, used 5233K [0x00000000fec00000, 0x00000000ff2a0000, 0x00000000ff2a0000)
  eden space 5504K,  95% used [0x00000000fec00000, 0x00000000ff11b798, 0x00000000ff160000)
  from space 640K,   0% used [0x00000000ff160000, 0x00000000ff161020, 0x00000000ff200000)
  to   space 640K,   0% used [0x00000000ff200000, 0x00000000ff200000, 0x00000000ff2a0000)
 concurrent mark-sweep generation total 13696K, used 1106K [0x00000000ff2a0000, 0x0000000100000000, 0x0000000100000000)
 Metaspace       used 5070K, capacity 5248K, committed 5504K, reserved 1056768K
  class space    used 554K, capacity 592K, committed 640K, reserved 1048576K
2024-07-16T11:01:43.581+0800: 8.461: [GC (Allocation Failure) 2024-07-16T11:01:43.581+0800: 8.461: [ParNew: 5233K->8K(6144K), 0.0003791 secs] 6340K->2140K(19840K), 0.0004149 secs] [Times: user=0.00 sys=0.00, real=0.00 secs] 
Heap after GC invocations=1024 (full 131):
 par new generation   total 6144K, used 8K [0x00000000fec00000, 0x00000000ff2a0000, 0x00000000ff2a0000)
  eden space 5504K,   0% used [0x00000000fec00000, 0x00000000fec00000, 0x00000000ff160000)
  from space 640K,   1% used [0x00000000ff200000, 0x00000000ff202040, 0x00000000ff2a0000)
  to   space 640K,   0% used [0x00000000ff160000, 0x00000000ff160000, 0x00000000ff200000)
 concurrent mark-sweep generation total 13696K, used 2132K [0x00000000ff2a0000, 0x0000000100000000, 0x0000000100000000)
 Metaspace       used 5070K, capacity 5248K, committed 5504K, reserved 1056768K
  class space    used 554K, capacity 592K, committed 640K, reserved 1048576K
}
{Heap before GC invocations=1024 (full 131):
 par new generation   total 6144K, used 5237K [0x00000000fec00000, 0x00000000ff2a0000, 0x00000000ff2a0000)
  eden space 5504K,  95% used [0x00000000fec00000, 0x00000000ff11b798, 0x00000000ff160000)
  from space 640K,   1% used [0x00000000ff200000, 0x00000000ff202040, 0x00000000ff2a0000)
  to   space 640K,   0% used [0x00000000ff160000, 0x00000000ff160000, 0x00000000ff200000)
 concurrent mark-sweep generation total 13696K, used 2132K [0x00000000ff2a0000, 0x0000000100000000, 0x0000000100000000)
 Metaspace       used 5070K, capacity 5248K, committed 5504K, reserved 1056768K
  class space    used 554K, capacity 592K, committed 640K, reserved 1048576K
2024-07-16T11:01:43.587+0800: 8.467: [GC (Allocation Failure) 2024-07-16T11:01:43.587+0800: 8.467: [ParNew: 5237K->8K(6144K), 0.0003444 secs] 7370K->3166K(19840K), 0.0003721 secs] [Times: user=0.00 sys=0.00, real=0.00 secs] 
Heap after GC invocations=1025 (full 131):
 par new generation   total 6144K, used 8K [0x00000000fec00000, 0x00000000ff2a0000, 0x00000000ff2a0000)
  eden space 5504K,   0% used [0x00000000fec00000, 0x00000000fec00000, 0x00000000ff160000)
  from space 640K,   1% used [0x00000000ff160000, 0x00000000ff162040, 0x00000000ff200000)
  to   space 640K,   0% used [0x00000000ff200000, 0x00000000ff200000, 0x00000000ff2a0000)
 concurrent mark-sweep generation total 13696K, used 3158K [0x00000000ff2a0000, 0x0000000100000000, 0x0000000100000000)
 Metaspace       used 5070K, capacity 5248K, committed 5504K, reserved 1056768K
  class space    used 554K, capacity 592K, committed 640K, reserved 1048576K
}
2024-07-16T11:01:43.587+0800: 8.467: [GC (CMS Initial Mark) [1 CMS-initial-mark: 3158K(13696K)] 4190K(19840K), 0.0001099 secs] [Times: user=0.00 sys=0.00, real=0.00 secs] 
2024-07-16T11:01:43.587+0800: 8.467: [CMS-concurrent-mark-start]
2024-07-16T11:01:43.588+0800: 8.469: [CMS-concurrent-mark: 0.001/0.001 secs] [Times: user=0.00 sys=0.00, real=0.00 secs] 
2024-07-16T11:01:43.588+0800: 8.469: [CMS-concurrent-preclean-start]
2024-07-16T11:01:43.588+0800: 8.469: [CMS-concurrent-preclean: 0.000/0.000 secs] [Times: user=0.00 sys=0.00, real=0.00 secs] 
2024-07-16T11:01:43.588+0800: 8.469: [CMS-concurrent-abortable-preclean-start]
{Heap before GC invocations=1025 (full 132):
 par new generation   total 6144K, used 5237K [0x00000000fec00000, 0x00000000ff2a0000, 0x00000000ff2a0000)
  eden space 5504K,  95% used [0x00000000fec00000, 0x00000000ff11b798, 0x00000000ff160000)
  from space 640K,   1% used [0x00000000ff160000, 0x00000000ff162040, 0x00000000ff200000)
  to   space 640K,   0% used [0x00000000ff200000, 0x00000000ff200000, 0x00000000ff2a0000)
 concurrent mark-sweep generation total 13696K, used 3158K [0x00000000ff2a0000, 0x0000000100000000, 0x0000000100000000)
 Metaspace       used 5070K, capacity 5248K, committed 5504K, reserved 1056768K
  class space    used 554K, capacity 592K, committed 640K, reserved 1048576K
2024-07-16T11:01:43.592+0800: 8.472: [GC (Allocation Failure) 2024-07-16T11:01:43.592+0800: 8.472: [ParNew: 5237K->6K(6144K), 0.0003139 secs] 8396K->4190K(19840K), 0.0003359 secs] [Times: user=0.00 sys=0.00, real=0.00 secs] 
Heap after GC invocations=1026 (full 132):
 par new generation   total 6144K, used 6K [0x00000000fec00000, 0x00000000ff2a0000, 0x00000000ff2a0000)
  eden space 5504K,   0% used [0x00000000fec00000, 0x00000000fec00000, 0x00000000ff160000)
  from space 640K,   0% used [0x00000000ff200000, 0x00000000ff201830, 0x00000000ff2a0000)
  to   space 640K,   0% used [0x00000000ff160000, 0x00000000ff160000, 0x00000000ff200000)
 concurrent mark-sweep generation total 13696K, used 4184K [0x00000000ff2a0000, 0x0000000100000000, 0x0000000100000000)
 Metaspace       used 5070K, capacity 5248K, committed 5504K, reserved 1056768K
  class space    used 554K, capacity 592K, committed 640K, reserved 1048576K
}
{Heap before GC invocations=1026 (full 132):
 par new generation   total 6144K, used 5235K [0x00000000fec00000, 0x00000000ff2a0000, 0x00000000ff2a0000)
  eden space 5504K,  95% used [0x00000000fec00000, 0x00000000ff11b798, 0x00000000ff160000)
  from space 640K,   0% used [0x00000000ff200000, 0x00000000ff201830, 0x00000000ff2a0000)
  to   space 640K,   0% used [0x00000000ff160000, 0x00000000ff160000, 0x00000000ff200000)
 concurrent mark-sweep generation total 13696K, used 4184K [0x00000000ff2a0000, 0x0000000100000000, 0x0000000100000000)
 Metaspace       used 5070K, capacity 5248K, committed 5504K, reserved 1056768K
  class space    used 554K, capacity 592K, committed 640K, reserved 1048576K
2024-07-16T11:01:43.598+0800: 8.478: [GC (Allocation Failure) 2024-07-16T11:01:43.598+0800: 8.478: [ParNew: 5235K->4K(6144K), 0.0002680 secs] 9420K->4188K(19840K), 0.0002914 secs] [Times: user=0.00 sys=0.00, real=0.00 secs] 
Heap after GC invocations=1027 (full 132):
 par new generation   total 6144K, used 4K [0x00000000fec00000, 0x00000000ff2a0000, 0x00000000ff2a0000)
  eden space 5504K,   0% used [0x00000000fec00000, 0x00000000fec00000, 0x00000000ff160000)
  from space 640K,   0% used [0x00000000ff160000, 0x00000000ff161020, 0x00000000ff200000)
  to   space 640K,   0% used [0x00000000ff200000, 0x00000000ff200000, 0x00000000ff2a0000)
 concurrent mark-sweep generation total 13696K, used 4184K [0x00000000ff2a0000, 0x0000000100000000, 0x0000000100000000)
 Metaspace       used 5070K, capacity 5248K, committed 5504K, reserved 1056768K
  class space    used 554K, capacity 592K, committed 640K, reserved 1048576K
}
{Heap before GC invocations=1027 (full 132):
 par new generation   total 6144K, used 5233K [0x00000000fec00000, 0x00000000ff2a0000, 0x00000000ff2a0000)
  eden space 5504K,  95% used [0x00000000fec00000, 0x00000000ff11b7b0, 0x00000000ff160000)
  from space 640K,   0% used [0x00000000ff160000, 0x00000000ff161020, 0x00000000ff200000)
  to   space 640K,   0% used [0x00000000ff200000, 0x00000000ff200000, 0x00000000ff2a0000)
 concurrent mark-sweep generation total 13696K, used 4184K [0x00000000ff2a0000, 0x0000000100000000, 0x0000000100000000)
 Metaspace       used 5070K, capacity 5248K, committed 5504K, reserved 1056768K
  class space    used 554K, capacity 592K, committed 640K, reserved 1048576K
2024-07-16T11:01:43.603+0800: 8.483: [GC (Allocation Failure) 2024-07-16T11:01:43.603+0800: 8.483: [ParNew: 5233K->14K(6144K), 0.0002472 secs] 9418K->4198K(19840K), 0.0002771 secs] [Times: user=0.00 sys=0.00, real=0.00 secs] 
Heap after GC invocations=1028 (full 132):
 par new generation   total 6144K, used 14K [0x00000000fec00000, 0x00000000ff2a0000, 0x00000000ff2a0000)
  eden space 5504K,   0% used [0x00000000fec00000, 0x00000000fec00000, 0x00000000ff160000)
  from space 640K,   2% used [0x00000000ff200000, 0x00000000ff203870, 0x00000000ff2a0000)
  to   space 640K,   0% used [0x00000000ff160000, 0x00000000ff160000, 0x00000000ff200000)
 concurrent mark-sweep generation total 13696K, used 4184K [0x00000000ff2a0000, 0x0000000100000000, 0x0000000100000000)
 Metaspace       used 5070K, capacity 5248K, committed 5504K, reserved 1056768K
  class space    used 554K, capacity 592K, committed 640K, reserved 1048576K
}
{Heap before GC invocations=1028 (full 132):
 par new generation   total 6144K, used 5244K [0x00000000fec00000, 0x00000000ff2a0000, 0x00000000ff2a0000)
  eden space 5504K,  95% used [0x00000000fec00000, 0x00000000ff11b798, 0x00000000ff160000)
  from space 640K,   2% used [0x00000000ff200000, 0x00000000ff203870, 0x00000000ff2a0000)
  to   space 640K,   0% used [0x00000000ff160000, 0x00000000ff160000, 0x00000000ff200000)
 concurrent mark-sweep generation total 13696K, used 4184K [0x00000000ff2a0000, 0x0000000100000000, 0x0000000100000000)
 Metaspace       used 5070K, capacity 5248K, committed 5504K, reserved 1056768K
  class space    used 554K, capacity 592K, committed 640K, reserved 1048576K
2024-07-16T11:01:43.609+0800: 8.489: [GC (Allocation Failure) 2024-07-16T11:01:43.609+0800: 8.489: [ParNew: 5244K->16K(6144K), 0.0004275 secs] 9428K->5226K(19840K), 0.0004666 secs] [Times: user=0.00 sys=0.00, real=0.00 secs] 
Heap after GC invocations=1029 (full 132):
 par new generation   total 6144K, used 16K [0x00000000fec00000, 0x00000000ff2a0000, 0x00000000ff2a0000)
  eden space 5504K,   0% used [0x00000000fec00000, 0x00000000fec00000, 0x00000000ff160000)
  from space 640K,   2% used [0x00000000ff160000, 0x00000000ff164080, 0x00000000ff200000)
  to   space 640K,   0% used [0x00000000ff200000, 0x00000000ff200000, 0x00000000ff2a0000)
 concurrent mark-sweep generation total 13696K, used 5210K [0x00000000ff2a0000, 0x0000000100000000, 0x0000000100000000)
 Metaspace       used 5070K, capacity 5248K, committed 5504K, reserved 1056768K
  class space    used 554K, capacity 592K, committed 640K, reserved 1048576K
}
{Heap before GC invocations=1029 (full 132):
 par new generation   total 6144K, used 5246K [0x00000000fec00000, 0x00000000ff2a0000, 0x00000000ff2a0000)
  eden space 5504K,  95% used [0x00000000fec00000, 0x00000000ff11b7a0, 0x00000000ff160000)
  from space 640K,   2% used [0x00000000ff160000, 0x00000000ff164080, 0x00000000ff200000)
  to   space 640K,   0% used [0x00000000ff200000, 0x00000000ff200000, 0x00000000ff2a0000)
 concurrent mark-sweep generation total 13696K, used 5210K [0x00000000ff2a0000, 0x0000000100000000, 0x0000000100000000)
 Metaspace       used 5070K, capacity 5248K, committed 5504K, reserved 1056768K
  class space    used 554K, capacity 592K, committed 640K, reserved 1048576K
2024-07-16T11:01:43.616+0800: 8.497: [GC (Allocation Failure) 2024-07-16T11:01:43.616+0800: 8.497: [ParNew: 5246K->16K(6144K), 0.0003879 secs] 10456K->6252K(19840K), 0.0004351 secs] [Times: user=0.00 sys=0.00, real=0.00 secs] 
Heap after GC invocations=1030 (full 132):
 par new generation   total 6144K, used 16K [0x00000000fec00000, 0x00000000ff2a0000, 0x00000000ff2a0000)
  eden space 5504K,   0% used [0x00000000fec00000, 0x00000000fec00000, 0x00000000ff160000)
  from space 640K,   2% used [0x00000000ff200000, 0x00000000ff204080, 0x00000000ff2a0000)
  to   space 640K,   0% used [0x00000000ff160000, 0x00000000ff160000, 0x00000000ff200000)
 concurrent mark-sweep generation total 13696K, used 6236K [0x00000000ff2a0000, 0x0000000100000000, 0x0000000100000000)
 Metaspace       used 5070K, capacity 5248K, committed 5504K, reserved 1056768K
  class space    used 554K, capacity 592K, committed 640K, reserved 1048576K
}
{Heap before GC invocations=1030 (full 132):
 par new generation   total 6144K, used 5246K [0x00000000fec00000, 0x00000000ff2a0000, 0x00000000ff2a0000)
  eden space 5504K,  95% used [0x00000000fec00000, 0x00000000ff11b7a0, 0x00000000ff160000)
  from space 640K,   2% used [0x00000000ff200000, 0x00000000ff204080, 0x00000000ff2a0000)
  to   space 640K,   0% used [0x00000000ff160000, 0x00000000ff160000, 0x00000000ff200000)
 concurrent mark-sweep generation total 13696K, used 6236K [0x00000000ff2a0000, 0x0000000100000000, 0x0000000100000000)
 Metaspace       used 5070K, capacity 5248K, committed 5504K, reserved 1056768K
  class space    used 554K, capacity 592K, committed 640K, reserved 1048576K
2024-07-16T11:01:43.623+0800: 8.503: [GC (Allocation Failure) 2024-07-16T11:01:43.623+0800: 8.503: [ParNew: 5246K->16K(6144K), 0.0003437 secs] 11482K->7278K(19840K), 0.0003777 secs] [Times: user=0.00 sys=0.00, real=0.00 secs] 
Heap after GC invocations=1031 (full 132):
 par new generation   total 6144K, used 16K [0x00000000fec00000, 0x00000000ff2a0000, 0x00000000ff2a0000)
  eden space 5504K,   0% used [0x00000000fec00000, 0x00000000fec00000, 0x00000000ff160000)
  from space 640K,   2% used [0x00000000ff160000, 0x00000000ff164080, 0x00000000ff200000)
  to   space 640K,   0% used [0x00000000ff200000, 0x00000000ff200000, 0x00000000ff2a0000)
 concurrent mark-sweep generation total 13696K, used 7262K [0x00000000ff2a0000, 0x0000000100000000, 0x0000000100000000)
 Metaspace       used 5070K, capacity 5248K, committed 5504K, reserved 1056768K
  class space    used 554K, capacity 592K, committed 640K, reserved 1048576K
}
{Heap before GC invocations=1031 (full 132):
 par new generation   total 6144K, used 5246K [0x00000000fec00000, 0x00000000ff2a0000, 0x00000000ff2a0000)
  eden space 5504K,  95% used [0x00000000fec00000, 0x00000000ff11b7a0, 0x00000000ff160000)
  from space 640K,   2% used [0x00000000ff160000, 0x00000000ff164080, 0x00000000ff200000)
  to   space 640K,   0% used [0x00000000ff200000, 0x00000000ff200000, 0x00000000ff2a0000)
 concurrent mark-sweep generation total 13696K, used 7262K [0x00000000ff2a0000, 0x0000000100000000, 0x0000000100000000)
 Metaspace       used 5070K, capacity 5248K, committed 5504K, reserved 1056768K
  class space    used 554K, capacity 592K, committed 640K, reserved 1048576K
2024-07-16T11:01:43.629+0800: 8.509: [GC (Allocation Failure) 2024-07-16T11:01:43.629+0800: 8.509: [ParNew: 5246K->18K(6144K), 0.0003692 secs] 12508K->8306K(19840K), 0.0004029 secs] [Times: user=0.00 sys=0.00, real=0.00 secs] 
Heap after GC invocations=1032 (full 132):
 par new generation   total 6144K, used 18K [0x00000000fec00000, 0x00000000ff2a0000, 0x00000000ff2a0000)
  eden space 5504K,   0% used [0x00000000fec00000, 0x00000000fec00000, 0x00000000ff160000)
  from space 640K,   2% used [0x00000000ff200000, 0x00000000ff204890, 0x00000000ff2a0000)
  to   space 640K,   0% used [0x00000000ff160000, 0x00000000ff160000, 0x00000000ff200000)
 concurrent mark-sweep generation total 13696K, used 8288K [0x00000000ff2a0000, 0x0000000100000000, 0x0000000100000000)
 Metaspace       used 5070K, capacity 5248K, committed 5504K, reserved 1056768K
  class space    used 554K, capacity 592K, committed 640K, reserved 1048576K
}
{Heap before GC invocations=1032 (full 132):
 par new generation   total 6144K, used 5248K [0x00000000fec00000, 0x00000000ff2a0000, 0x00000000ff2a0000)
  eden space 5504K,  95% used [0x00000000fec00000, 0x00000000ff11b7a0, 0x00000000ff160000)
  from space 640K,   2% used [0x00000000ff200000, 0x00000000ff204890, 0x00000000ff2a0000)
  to   space 640K,   0% used [0x00000000ff160000, 0x00000000ff160000, 0x00000000ff200000)
 concurrent mark-sweep generation total 13696K, used 8288K [0x00000000ff2a0000, 0x0000000100000000, 0x0000000100000000)
 Metaspace       used 5070K, capacity 5248K, committed 5504K, reserved 1056768K
  class space    used 554K, capacity 592K, committed 640K, reserved 1048576K
2024-07-16T11:01:43.635+0800: 8.515: [GC (Allocation Failure) 2024-07-16T11:01:43.635+0800: 8.515: [ParNew: 5248K->14K(6144K), 0.0003590 secs] 13536K->9328K(19840K), 0.0003969 secs] [Times: user=0.00 sys=0.00, real=0.00 secs] 
Heap after GC invocations=1033 (full 132):
 par new generation   total 6144K, used 14K [0x00000000fec00000, 0x00000000ff2a0000, 0x00000000ff2a0000)
  eden space 5504K,   0% used [0x00000000fec00000, 0x00000000fec00000, 0x00000000ff160000)
  from space 640K,   2% used [0x00000000ff160000, 0x00000000ff163870, 0x00000000ff200000)
  to   space 640K,   0% used [0x00000000ff200000, 0x00000000ff200000, 0x00000000ff2a0000)
 concurrent mark-sweep generation total 13696K, used 9314K [0x00000000ff2a0000, 0x0000000100000000, 0x0000000100000000)
 Metaspace       used 5070K, capacity 5248K, committed 5504K, reserved 1056768K
  class space    used 554K, capacity 592K, committed 640K, reserved 1048576K
}
{Heap before GC invocations=1033 (full 132):
 par new generation   total 6144K, used 5244K [0x00000000fec00000, 0x00000000ff2a0000, 0x00000000ff2a0000)
  eden space 5504K,  95% used [0x00000000fec00000, 0x00000000ff11b798, 0x00000000ff160000)
  from space 640K,   2% used [0x00000000ff160000, 0x00000000ff163870, 0x00000000ff200000)
  to   space 640K,   0% used [0x00000000ff200000, 0x00000000ff200000, 0x00000000ff2a0000)
 concurrent mark-sweep generation total 13696K, used 9314K [0x00000000ff2a0000, 0x0000000100000000, 0x0000000100000000)
 Metaspace       used 5070K, capacity 5248K, committed 5504K, reserved 1056768K
  class space    used 554K, capacity 592K, committed 640K, reserved 1048576K
2024-07-16T11:01:43.640+0800: 8.520: [GC (Allocation Failure) 2024-07-16T11:01:43.640+0800: 8.520: [ParNew: 5244K->8K(6144K), 0.0003513 secs] 14558K->10347K(19840K), 0.0003819 secs] [Times: user=0.00 sys=0.00, real=0.00 secs] 
Heap after GC invocations=1034 (full 132):
 par new generation   total 6144K, used 8K [0x00000000fec00000, 0x00000000ff2a0000, 0x00000000ff2a0000)
  eden space 5504K,   0% used [0x00000000fec00000, 0x00000000fec00000, 0x00000000ff160000)
  from space 640K,   1% used [0x00000000ff200000, 0x00000000ff202040, 0x00000000ff2a0000)
  to   space 640K,   0% used [0x00000000ff160000, 0x00000000ff160000, 0x00000000ff200000)
 concurrent mark-sweep generation total 13696K, used 10339K [0x00000000ff2a0000, 0x0000000100000000, 0x0000000100000000)
 Metaspace       used 5070K, capacity 5248K, committed 5504K, reserved 1056768K
  class space    used 554K, capacity 592K, committed 640K, reserved 1048576K
}
{Heap before GC invocations=1034 (full 132):
 par new generation   total 6144K, used 5237K [0x00000000fec00000, 0x00000000ff2a0000, 0x00000000ff2a0000)
  eden space 5504K,  95% used [0x00000000fec00000, 0x00000000ff11b798, 0x00000000ff160000)
  from space 640K,   1% used [0x00000000ff200000, 0x00000000ff202040, 0x00000000ff2a0000)
  to   space 640K,   0% used [0x00000000ff160000, 0x00000000ff160000, 0x00000000ff200000)
 concurrent mark-sweep generation total 13696K, used 10339K [0x00000000ff2a0000, 0x0000000100000000, 0x0000000100000000)
 Metaspace       used 5070K, capacity 5248K, committed 5504K, reserved 1056768K
  class space    used 554K, capacity 592K, committed 640K, reserved 1048576K
2024-07-16T11:01:43.646+0800: 8.526: [GC (Allocation Failure) 2024-07-16T11:01:43.646+0800: 8.526: [ParNew: 5237K->4K(6144K), 0.0004561 secs] 15577K->10343K(19840K), 0.0004977 secs] [Times: user=0.00 sys=0.00, real=0.00 secs] 
Heap after GC invocations=1035 (full 132):
 par new generation   total 6144K, used 4K [0x00000000fec00000, 0x00000000ff2a0000, 0x00000000ff2a0000)
  eden space 5504K,   0% used [0x00000000fec00000, 0x00000000fec00000, 0x00000000ff160000)
  from space 640K,   0% used [0x00000000ff160000, 0x00000000ff161020, 0x00000000ff200000)
  to   space 640K,   0% used [0x00000000ff200000, 0x00000000ff200000, 0x00000000ff2a0000)
 concurrent mark-sweep generation total 13696K, used 10339K [0x00000000ff2a0000, 0x0000000100000000, 0x0000000100000000)
 Metaspace       used 5070K, capacity 5248K, committed 5504K, reserved 1056768K
  class space    used 554K, capacity 592K, committed 640K, reserved 1048576K
}
{Heap before GC invocations=1035 (full 132):
 par new generation   total 6144K, used 5233K [0x00000000fec00000, 0x00000000ff2a0000, 0x00000000ff2a0000)
  eden space 5504K,  95% used [0x00000000fec00000, 0x00000000ff11b798, 0x00000000ff160000)
  from space 640K,   0% used [0x00000000ff160000, 0x00000000ff161020, 0x00000000ff200000)
  to   space 640K,   0% used [0x00000000ff200000, 0x00000000ff200000, 0x00000000ff2a0000)
 concurrent mark-sweep generation total 13696K, used 10339K [0x00000000ff2a0000, 0x0000000100000000, 0x0000000100000000)
 Metaspace       used 5070K, capacity 5248K, committed 5504K, reserved 1056768K
  class space    used 554K, capacity 592K, committed 640K, reserved 1048576K
2024-07-16T11:01:43.652+0800: 8.532: [GC (Allocation Failure) 2024-07-16T11:01:43.652+0800: 8.532: [ParNew: 5233K->8K(6144K), 0.0003588 secs] 15573K->11371K(19840K), 0.0003856 secs] [Times: user=0.00 sys=0.00, real=0.00 secs] 
Heap after GC invocations=1036 (full 132):
 par new generation   total 6144K, used 8K [0x00000000fec00000, 0x00000000ff2a0000, 0x00000000ff2a0000)
  eden space 5504K,   0% used [0x00000000fec00000, 0x00000000fec00000, 0x00000000ff160000)
  from space 640K,   1% used [0x00000000ff200000, 0x00000000ff202040, 0x00000000ff2a0000)
  to   space 640K,   0% used [0x00000000ff160000, 0x00000000ff160000, 0x00000000ff200000)
 concurrent mark-sweep generation total 13696K, used 11363K [0x00000000ff2a0000, 0x0000000100000000, 0x0000000100000000)
 Metaspace       used 5070K, capacity 5248K, committed 5504K, reserved 1056768K
  class space    used 554K, capacity 592K, committed 640K, reserved 1048576K
}
{Heap before GC invocations=1036 (full 132):
 par new generation   total 6144K, used 5237K [0x00000000fec00000, 0x00000000ff2a0000, 0x00000000ff2a0000)
  eden space 5504K,  95% used [0x00000000fec00000, 0x00000000ff11b798, 0x00000000ff160000)
  from space 640K,   1% used [0x00000000ff200000, 0x00000000ff202040, 0x00000000ff2a0000)
  to   space 640K,   0% used [0x00000000ff160000, 0x00000000ff160000, 0x00000000ff200000)
 concurrent mark-sweep generation total 13696K, used 11363K [0x00000000ff2a0000, 0x0000000100000000, 0x0000000100000000)
 Metaspace       used 5070K, capacity 5248K, committed 5504K, reserved 1056768K
  class space    used 554K, capacity 592K, committed 640K, reserved 1048576K
2024-07-16T11:01:43.658+0800: 8.538: [GC (Allocation Failure) 2024-07-16T11:01:43.658+0800: 8.538: [ParNew: 5237K->4K(6144K), 0.0002893 secs] 16601K->11367K(19840K), 0.0003193 secs] [Times: user=0.00 sys=0.00, real=0.00 secs] 
Heap after GC invocations=1037 (full 132):
 par new generation   total 6144K, used 4K [0x00000000fec00000, 0x00000000ff2a0000, 0x00000000ff2a0000)
  eden space 5504K,   0% used [0x00000000fec00000, 0x00000000fec00000, 0x00000000ff160000)
  from space 640K,   0% used [0x00000000ff160000, 0x00000000ff161020, 0x00000000ff200000)
  to   space 640K,   0% used [0x00000000ff200000, 0x00000000ff200000, 0x00000000ff2a0000)
 concurrent mark-sweep generation total 13696K, used 11363K [0x00000000ff2a0000, 0x0000000100000000, 0x0000000100000000)
 Metaspace       used 5070K, capacity 5248K, committed 5504K, reserved 1056768K
  class space    used 554K, capacity 592K, committed 640K, reserved 1048576K
}
{Heap before GC invocations=1037 (full 132):
 par new generation   total 6144K, used 5233K [0x00000000fec00000, 0x00000000ff2a0000, 0x00000000ff2a0000)
  eden space 5504K,  95% used [0x00000000fec00000, 0x00000000ff11b798, 0x00000000ff160000)
  from space 640K,   0% used [0x00000000ff160000, 0x00000000ff161020, 0x00000000ff200000)
  to   space 640K,   0% used [0x00000000ff200000, 0x00000000ff200000, 0x00000000ff2a0000)
 concurrent mark-sweep generation total 13696K, used 11363K [0x00000000ff2a0000, 0x0000000100000000, 0x0000000100000000)
 Metaspace       used 5070K, capacity 5248K, committed 5504K, reserved 1056768K
  class space    used 554K, capacity 592K, committed 640K, reserved 1048576K
2024-07-16T11:01:43.665+0800: 8.545: [GC (Allocation Failure) 2024-07-16T11:01:43.665+0800: 8.545: [ParNew: 5233K->4K(6144K), 0.0002685 secs] 16597K->11367K(19840K), 0.0002915 secs] [Times: user=0.00 sys=0.00, real=0.00 secs] 
Heap after GC invocations=1038 (full 132):
 par new generation   total 6144K, used 4K [0x00000000fec00000, 0x00000000ff2a0000, 0x00000000ff2a0000)
  eden space 5504K,   0% used [0x00000000fec00000, 0x00000000fec00000, 0x00000000ff160000)
  from space 640K,   0% used [0x00000000ff200000, 0x00000000ff201020, 0x00000000ff2a0000)
  to   space 640K,   0% used [0x00000000ff160000, 0x00000000ff160000, 0x00000000ff200000)
 concurrent mark-sweep generation total 13696K, used 11363K [0x00000000ff2a0000, 0x0000000100000000, 0x0000000100000000)
 Metaspace       used 5070K, capacity 5248K, committed 5504K, reserved 1056768K
  class space    used 554K, capacity 592K, committed 640K, reserved 1048576K
}
{Heap before GC invocations=1038 (full 132):
 par new generation   total 6144K, used 5233K [0x00000000fec00000, 0x00000000ff2a0000, 0x00000000ff2a0000)
  eden space 5504K,  95% used [0x00000000fec00000, 0x00000000ff11b798, 0x00000000ff160000)
  from space 640K,   0% used [0x00000000ff200000, 0x00000000ff201020, 0x00000000ff2a0000)
  to   space 640K,   0% used [0x00000000ff160000, 0x00000000ff160000, 0x00000000ff200000)
 concurrent mark-sweep generation total 13696K, used 11363K [0x00000000ff2a0000, 0x0000000100000000, 0x0000000100000000)
 Metaspace       used 5070K, capacity 5248K, committed 5504K, reserved 1056768K
  class space    used 554K, capacity 592K, committed 640K, reserved 1048576K
2024-07-16T11:01:43.673+0800: 8.553: [GC (Allocation Failure) 2024-07-16T11:01:43.673+0800: 8.553: [ParNew: 5233K->4K(6144K), 0.0002543 secs] 16597K->11367K(19840K), 0.0002889 secs] [Times: user=0.00 sys=0.00, real=0.00 secs] 
Heap after GC invocations=1039 (full 132):
 par new generation   total 6144K, used 4K [0x00000000fec00000, 0x00000000ff2a0000, 0x00000000ff2a0000)
  eden space 5504K,   0% used [0x00000000fec00000, 0x00000000fec00000, 0x00000000ff160000)
  from space 640K,   0% used [0x00000000ff160000, 0x00000000ff161020, 0x00000000ff200000)
  to   space 640K,   0% used [0x00000000ff200000, 0x00000000ff200000, 0x00000000ff2a0000)
 concurrent mark-sweep generation total 13696K, used 11363K [0x00000000ff2a0000, 0x0000000100000000, 0x0000000100000000)
 Metaspace       used 5070K, capacity 5248K, committed 5504K, reserved 1056768K
  class space    used 554K, capacity 592K, committed 640K, reserved 1048576K
}
{Heap before GC invocations=1039 (full 132):
 par new generation   total 6144K, used 5233K [0x00000000fec00000, 0x00000000ff2a0000, 0x00000000ff2a0000)
  eden space 5504K,  95% used [0x00000000fec00000, 0x00000000ff11b798, 0x00000000ff160000)
  from space 640K,   0% used [0x00000000ff160000, 0x00000000ff161020, 0x00000000ff200000)
  to   space 640K,   0% used [0x00000000ff200000, 0x00000000ff200000, 0x00000000ff2a0000)
 concurrent mark-sweep generation total 13696K, used 11363K [0x00000000ff2a0000, 0x0000000100000000, 0x0000000100000000)
 Metaspace       used 5070K, capacity 5248K, committed 5504K, reserved 1056768K
  class space    used 554K, capacity 592K, committed 640K, reserved 1048576K
2024-07-16T11:01:43.680+0800: 8.560: [GC (Allocation Failure) 2024-07-16T11:01:43.680+0800: 8.560: [ParNew: 5233K->8K(6144K), 0.0004056 secs] 16597K->12397K(19840K), 0.0004498 secs] [Times: user=0.00 sys=0.00, real=0.00 secs] 
Heap after GC invocations=1040 (full 132):
 par new generation   total 6144K, used 8K [0x00000000fec00000, 0x00000000ff2a0000, 0x00000000ff2a0000)
  eden space 5504K,   0% used [0x00000000fec00000, 0x00000000fec00000, 0x00000000ff160000)
  from space 640K,   1% used [0x00000000ff200000, 0x00000000ff202040, 0x00000000ff2a0000)
  to   space 640K,   0% used [0x00000000ff160000, 0x00000000ff160000, 0x00000000ff200000)
 concurrent mark-sweep generation total 13696K, used 12389K [0x00000000ff2a0000, 0x0000000100000000, 0x0000000100000000)
 Metaspace       used 5070K, capacity 5248K, committed 5504K, reserved 1056768K
  class space    used 554K, capacity 592K, committed 640K, reserved 1048576K
}
{Heap before GC invocations=1040 (full 132):
 par new generation   total 6144K, used 5237K [0x00000000fec00000, 0x00000000ff2a0000, 0x00000000ff2a0000)
  eden space 5504K,  95% used [0x00000000fec00000, 0x00000000ff11b798, 0x00000000ff160000)
  from space 640K,   1% used [0x00000000ff200000, 0x00000000ff202040, 0x00000000ff2a0000)
  to   space 640K,   0% used [0x00000000ff160000, 0x00000000ff160000, 0x00000000ff200000)
 concurrent mark-sweep generation total 13696K, used 12389K [0x00000000ff2a0000, 0x0000000100000000, 0x0000000100000000)
 Metaspace       used 5070K, capacity 5248K, committed 5504K, reserved 1056768K
  class space    used 554K, capacity 592K, committed 640K, reserved 1048576K
2024-07-16T11:01:43.687+0800: 8.567: [GC (Allocation Failure) 2024-07-16T11:01:43.687+0800: 8.567: [ParNew: 5237K->5237K(6144K), 0.0000130 secs]2024-07-16T11:01:43.687+0800: 8.567: [CMS2024-07-16T11:01:43.687+0800: 8.567: [CMS-concurrent-abortable-preclean: 0.001/0.099 secs] [Times: user=0.00 sys=0.00, real=0.10 secs] 
 (concurrent mode failure): 12389K->1106K(13696K), 0.0021547 secs] 17627K->1106K(19840K), [Metaspace: 5070K->5070K(1056768K)], 0.0022091 secs] [Times: user=0.00 sys=0.00, real=0.00 secs] 
Heap after GC invocations=1041 (full 133):
 par new generation   total 6144K, used 0K [0x00000000fec00000, 0x00000000ff2a0000, 0x00000000ff2a0000)
  eden space 5504K,   0% used [0x00000000fec00000, 0x00000000fec00000, 0x00000000ff160000)
  from space 640K,   0% used [0x00000000ff200000, 0x00000000ff200000, 0x00000000ff2a0000)
  to   space 640K,   0% used [0x00000000ff160000, 0x00000000ff160000, 0x00000000ff200000)
 concurrent mark-sweep generation total 13696K, used 1106K [0x00000000ff2a0000, 0x0000000100000000, 0x0000000100000000)
 Metaspace       used 5070K, capacity 5248K, committed 5504K, reserved 1056768K
  class space    used 554K, capacity 592K, committed 640K, reserved 1048576K
}
{Heap before GC invocations=1041 (full 133):
 par new generation   total 6144K, used 5229K [0x00000000fec00000, 0x00000000ff2a0000, 0x00000000ff2a0000)
  eden space 5504K,  95% used [0x00000000fec00000, 0x00000000ff11b798, 0x00000000ff160000)
  from space 640K,   0% used [0x00000000ff200000, 0x00000000ff200000, 0x00000000ff2a0000)
  to   space 640K,   0% used [0x00000000ff160000, 0x00000000ff160000, 0x00000000ff200000)
 concurrent mark-sweep generation total 13696K, used 1106K [0x00000000ff2a0000, 0x0000000100000000, 0x0000000100000000)
 Metaspace       used 5070K, capacity 5248K, committed 5504K, reserved 1056768K
  class space    used 554K, capacity 592K, committed 640K, reserved 1048576K
2024-07-16T11:01:43.695+0800: 8.575: [GC (Allocation Failure) 2024-07-16T11:01:43.695+0800: 8.575: [ParNew: 5229K->8K(6144K), 0.0004452 secs] 6336K->2140K(19840K), 0.0004895 secs] [Times: user=0.00 sys=0.00, real=0.00 secs] 
Heap after GC invocations=1042 (full 133):
 par new generation   total 6144K, used 8K [0x00000000fec00000, 0x00000000ff2a0000, 0x00000000ff2a0000)
  eden space 5504K,   0% used [0x00000000fec00000, 0x00000000fec00000, 0x00000000ff160000)
  from space 640K,   1% used [0x00000000ff160000, 0x00000000ff162040, 0x00000000ff200000)
  to   space 640K,   0% used [0x00000000ff200000, 0x00000000ff200000, 0x00000000ff2a0000)
 concurrent mark-sweep generation total 13696K, used 2132K [0x00000000ff2a0000, 0x0000000100000000, 0x0000000100000000)
 Metaspace       used 5070K, capacity 5248K, committed 5504K, reserved 1056768K
  class space    used 554K, capacity 592K, committed 640K, reserved 1048576K
}
{Heap before GC invocations=1042 (full 133):
 par new generation   total 6144K, used 5237K [0x00000000fec00000, 0x00000000ff2a0000, 0x00000000ff2a0000)
  eden space 5504K,  95% used [0x00000000fec00000, 0x00000000ff11b798, 0x00000000ff160000)
  from space 640K,   1% used [0x00000000ff160000, 0x00000000ff162040, 0x00000000ff200000)
  to   space 640K,   0% used [0x00000000ff200000, 0x00000000ff200000, 0x00000000ff2a0000)
 concurrent mark-sweep generation total 13696K, used 2132K [0x00000000ff2a0000, 0x0000000100000000, 0x0000000100000000)
 Metaspace       used 5070K, capacity 5248K, committed 5504K, reserved 1056768K
  class space    used 554K, capacity 592K, committed 640K, reserved 1048576K
2024-07-16T11:01:43.700+0800: 8.581: [GC (Allocation Failure) 2024-07-16T11:01:43.700+0800: 8.581: [ParNew: 5237K->8K(6144K), 0.0004483 secs] 7370K->3166K(19840K), 0.0004886 secs] [Times: user=0.00 sys=0.00, real=0.00 secs] 
Heap after GC invocations=1043 (full 133):
 par new generation   total 6144K, used 8K [0x00000000fec00000, 0x00000000ff2a0000, 0x00000000ff2a0000)
  eden space 5504K,   0% used [0x00000000fec00000, 0x00000000fec00000, 0x00000000ff160000)
  from space 640K,   1% used [0x00000000ff200000, 0x00000000ff202040, 0x00000000ff2a0000)
  to   space 640K,   0% used [0x00000000ff160000, 0x00000000ff160000, 0x00000000ff200000)
 concurrent mark-sweep generation total 13696K, used 3158K [0x00000000ff2a0000, 0x0000000100000000, 0x0000000100000000)
 Metaspace       used 5070K, capacity 5248K, committed 5504K, reserved 1056768K
  class space    used 554K, capacity 592K, committed 640K, reserved 1048576K
}
2024-07-16T11:01:43.700+0800: 8.581: [GC (CMS Initial Mark) [1 CMS-initial-mark: 3158K(13696K)] 4190K(19840K), 0.0002071 secs] [Times: user=0.00 sys=0.00, real=0.00 secs] 
2024-07-16T11:01:43.700+0800: 8.581: [CMS-concurrent-mark-start]
2024-07-16T11:01:43.702+0800: 8.583: [CMS-concurrent-mark: 0.001/0.001 secs] [Times: user=0.00 sys=0.00, real=0.00 secs] 
2024-07-16T11:01:43.702+0800: 8.583: [CMS-concurrent-preclean-start]
2024-07-16T11:01:43.702+0800: 8.583: [CMS-concurrent-preclean: 0.000/0.000 secs] [Times: user=0.00 sys=0.00, real=0.00 secs] 
2024-07-16T11:01:43.702+0800: 8.583: [CMS-concurrent-abortable-preclean-start]
{Heap before GC invocations=1043 (full 134):
 par new generation   total 6144K, used 5237K [0x00000000fec00000, 0x00000000ff2a0000, 0x00000000ff2a0000)
  eden space 5504K,  95% used [0x00000000fec00000, 0x00000000ff11b798, 0x00000000ff160000)
  from space 640K,   1% used [0x00000000ff200000, 0x00000000ff202040, 0x00000000ff2a0000)
  to   space 640K,   0% used [0x00000000ff160000, 0x00000000ff160000, 0x00000000ff200000)
 concurrent mark-sweep generation total 13696K, used 3158K [0x00000000ff2a0000, 0x0000000100000000, 0x0000000100000000)
 Metaspace       used 5070K, capacity 5248K, committed 5504K, reserved 1056768K
  class space    used 554K, capacity 592K, committed 640K, reserved 1048576K
2024-07-16T11:01:43.707+0800: 8.587: [GC (Allocation Failure) 2024-07-16T11:01:43.707+0800: 8.587: [ParNew: 5237K->6K(6144K), 0.0003376 secs] 8396K->4188K(19840K), 0.0003714 secs] [Times: user=0.00 sys=0.00, real=0.00 secs] 
Heap after GC invocations=1044 (full 134):
 par new generation   total 6144K, used 6K [0x00000000fec00000, 0x00000000ff2a0000, 0x00000000ff2a0000)
  eden space 5504K,   0% used [0x00000000fec00000, 0x00000000fec00000, 0x00000000ff160000)
  from space 640K,   0% used [0x00000000ff160000, 0x00000000ff161830, 0x00000000ff200000)
  to   space 640K,   0% used [0x00000000ff200000, 0x00000000ff200000, 0x00000000ff2a0000)
 concurrent mark-sweep generation total 13696K, used 4182K [0x00000000ff2a0000, 0x0000000100000000, 0x0000000100000000)
 Metaspace       used 5070K, capacity 5248K, committed 5504K, reserved 1056768K
  class space    used 554K, capacity 592K, committed 640K, reserved 1048576K
}
{Heap before GC invocations=1044 (full 134):
 par new generation   total 6144K, used 5235K [0x00000000fec00000, 0x00000000ff2a0000, 0x00000000ff2a0000)
  eden space 5504K,  95% used [0x00000000fec00000, 0x00000000ff11b798, 0x00000000ff160000)
  from space 640K,   0% used [0x00000000ff160000, 0x00000000ff161830, 0x00000000ff200000)
  to   space 640K,   0% used [0x00000000ff200000, 0x00000000ff200000, 0x00000000ff2a0000)
 concurrent mark-sweep generation total 13696K, used 4182K [0x00000000ff2a0000, 0x0000000100000000, 0x0000000100000000)
 Metaspace       used 5070K, capacity 5248K, committed 5504K, reserved 1056768K
  class space    used 554K, capacity 592K, committed 640K, reserved 1048576K
2024-07-16T11:01:43.714+0800: 8.594: [GC (Allocation Failure) 2024-07-16T11:01:43.714+0800: 8.594: [ParNew: 5235K->8K(6144K), 0.0004523 secs] 9418K->5216K(19840K), 0.0004953 secs] [Times: user=0.00 sys=0.00, real=0.00 secs] 
Heap after GC invocations=1045 (full 134):
 par new generation   total 6144K, used 8K [0x00000000fec00000, 0x00000000ff2a0000, 0x00000000ff2a0000)
  eden space 5504K,   0% used [0x00000000fec00000, 0x00000000fec00000, 0x00000000ff160000)
  from space 640K,   1% used [0x00000000ff200000, 0x00000000ff202040, 0x00000000ff2a0000)
  to   space 640K,   0% used [0x00000000ff160000, 0x00000000ff160000, 0x00000000ff200000)
 concurrent mark-sweep generation total 13696K, used 5208K [0x00000000ff2a0000, 0x0000000100000000, 0x0000000100000000)
 Metaspace       used 5070K, capacity 5248K, committed 5504K, reserved 1056768K
  class space    used 554K, capacity 592K, committed 640K, reserved 1048576K
}
{Heap before GC invocations=1045 (full 134):
 par new generation   total 6144K, used 5237K [0x00000000fec00000, 0x00000000ff2a0000, 0x00000000ff2a0000)
  eden space 5504K,  95% used [0x00000000fec00000, 0x00000000ff11b798, 0x00000000ff160000)
  from space 640K,   1% used [0x00000000ff200000, 0x00000000ff202040, 0x00000000ff2a0000)
  to   space 640K,   0% used [0x00000000ff160000, 0x00000000ff160000, 0x00000000ff200000)
 concurrent mark-sweep generation total 13696K, used 5208K [0x00000000ff2a0000, 0x0000000100000000, 0x0000000100000000)
 Metaspace       used 5070K, capacity 5248K, committed 5504K, reserved 1056768K
  class space    used 554K, capacity 592K, committed 640K, reserved 1048576K
2024-07-16T11:01:43.720+0800: 8.600: [GC (Allocation Failure) 2024-07-16T11:01:43.720+0800: 8.600: [ParNew: 5237K->6K(6144K), 0.0004361 secs] 10446K->6240K(19840K), 0.0004899 secs] [Times: user=0.00 sys=0.00, real=0.00 secs] 
Heap after GC invocations=1046 (full 134):
 par new generation   total 6144K, used 6K [0x00000000fec00000, 0x00000000ff2a0000, 0x00000000ff2a0000)
  eden space 5504K,   0% used [0x00000000fec00000, 0x00000000fec00000, 0x00000000ff160000)
  from space 640K,   0% used [0x00000000ff160000, 0x00000000ff161830, 0x00000000ff200000)
  to   space 640K,   0% used [0x00000000ff200000, 0x00000000ff200000, 0x00000000ff2a0000)
 concurrent mark-sweep generation total 13696K, used 6234K [0x00000000ff2a0000, 0x0000000100000000, 0x0000000100000000)
 Metaspace       used 5070K, capacity 5248K, committed 5504K, reserved 1056768K
  class space    used 554K, capacity 592K, committed 640K, reserved 1048576K
}
{Heap before GC invocations=1046 (full 134):
 par new generation   total 6144K, used 5235K [0x00000000fec00000, 0x00000000ff2a0000, 0x00000000ff2a0000)
  eden space 5504K,  95% used [0x00000000fec00000, 0x00000000ff11b798, 0x00000000ff160000)
  from space 640K,   0% used [0x00000000ff160000, 0x00000000ff161830, 0x00000000ff200000)
  to   space 640K,   0% used [0x00000000ff200000, 0x00000000ff200000, 0x00000000ff2a0000)
 concurrent mark-sweep generation total 13696K, used 6234K [0x00000000ff2a0000, 0x0000000100000000, 0x0000000100000000)
 Metaspace       used 5070K, capacity 5248K, committed 5504K, reserved 1056768K
  class space    used 554K, capacity 592K, committed 640K, reserved 1048576K
2024-07-16T11:01:43.728+0800: 8.608: [GC (Allocation Failure) 2024-07-16T11:01:43.728+0800: 8.608: [ParNew: 5235K->4K(6144K), 0.0002998 secs] 11470K->6238K(19840K), 0.0003411 secs] [Times: user=0.00 sys=0.00, real=0.00 secs] 
Heap after GC invocations=1047 (full 134):
 par new generation   total 6144K, used 4K [0x00000000fec00000, 0x00000000ff2a0000, 0x00000000ff2a0000)
  eden space 5504K,   0% used [0x00000000fec00000, 0x00000000fec00000, 0x00000000ff160000)
  from space 640K,   0% used [0x00000000ff200000, 0x00000000ff201020, 0x00000000ff2a0000)
  to   space 640K,   0% used [0x00000000ff160000, 0x00000000ff160000, 0x00000000ff200000)
 concurrent mark-sweep generation total 13696K, used 6234K [0x00000000ff2a0000, 0x0000000100000000, 0x0000000100000000)
 Metaspace       used 5070K, capacity 5248K, committed 5504K, reserved 1056768K
  class space    used 554K, capacity 592K, committed 640K, reserved 1048576K
}
{Heap before GC invocations=1047 (full 134):
 par new generation   total 6144K, used 5233K [0x00000000fec00000, 0x00000000ff2a0000, 0x00000000ff2a0000)
  eden space 5504K,  95% used [0x00000000fec00000, 0x00000000ff11b798, 0x00000000ff160000)
  from space 640K,   0% used [0x00000000ff200000, 0x00000000ff201020, 0x00000000ff2a0000)
  to   space 640K,   0% used [0x00000000ff160000, 0x00000000ff160000, 0x00000000ff200000)
 concurrent mark-sweep generation total 13696K, used 6234K [0x00000000ff2a0000, 0x0000000100000000, 0x0000000100000000)
 Metaspace       used 5070K, capacity 5248K, committed 5504K, reserved 1056768K
  class space    used 554K, capacity 592K, committed 640K, reserved 1048576K
2024-07-16T11:01:43.735+0800: 8.615: [GC (Allocation Failure) 2024-07-16T11:01:43.735+0800: 8.615: [ParNew: 5233K->4K(6144K), 0.0003199 secs] 11468K->6238K(19840K), 0.0003588 secs] [Times: user=0.00 sys=0.00, real=0.00 secs] 
Heap after GC invocations=1048 (full 134):
 par new generation   total 6144K, used 4K [0x00000000fec00000, 0x00000000ff2a0000, 0x00000000ff2a0000)
  eden space 5504K,   0% used [0x00000000fec00000, 0x00000000fec00000, 0x00000000ff160000)
  from space 640K,   0% used [0x00000000ff160000, 0x00000000ff161020, 0x00000000ff200000)
  to   space 640K,   0% used [0x00000000ff200000, 0x00000000ff200000, 0x00000000ff2a0000)
 concurrent mark-sweep generation total 13696K, used 6234K [0x00000000ff2a0000, 0x0000000100000000, 0x0000000100000000)
 Metaspace       used 5070K, capacity 5248K, committed 5504K, reserved 1056768K
  class space    used 554K, capacity 592K, committed 640K, reserved 1048576K
}
{Heap before GC invocations=1048 (full 134):
 par new generation   total 6144K, used 5233K [0x00000000fec00000, 0x00000000ff2a0000, 0x00000000ff2a0000)
  eden space 5504K,  95% used [0x00000000fec00000, 0x00000000ff11b798, 0x00000000ff160000)
  from space 640K,   0% used [0x00000000ff160000, 0x00000000ff161020, 0x00000000ff200000)
  to   space 640K,   0% used [0x00000000ff200000, 0x00000000ff200000, 0x00000000ff2a0000)
 concurrent mark-sweep generation total 13696K, used 6234K [0x00000000ff2a0000, 0x0000000100000000, 0x0000000100000000)
 Metaspace       used 5070K, capacity 5248K, committed 5504K, reserved 1056768K
  class space    used 554K, capacity 592K, committed 640K, reserved 1048576K
2024-07-16T11:01:43.742+0800: 8.622: [GC (Allocation Failure) 2024-07-16T11:01:43.742+0800: 8.622: [ParNew: 5233K->8K(6144K), 0.0004808 secs] 11468K->7266K(19840K), 0.0005263 secs] [Times: user=0.00 sys=0.00, real=0.00 secs] 
Heap after GC invocations=1049 (full 134):
 par new generation   total 6144K, used 8K [0x00000000fec00000, 0x00000000ff2a0000, 0x00000000ff2a0000)
  eden space 5504K,   0% used [0x00000000fec00000, 0x00000000fec00000, 0x00000000ff160000)
  from space 640K,   1% used [0x00000000ff200000, 0x00000000ff202040, 0x00000000ff2a0000)
  to   space 640K,   0% used [0x00000000ff160000, 0x00000000ff160000, 0x00000000ff200000)
 concurrent mark-sweep generation total 13696K, used 7258K [0x00000000ff2a0000, 0x0000000100000000, 0x0000000100000000)
 Metaspace       used 5070K, capacity 5248K, committed 5504K, reserved 1056768K
  class space    used 554K, capacity 592K, committed 640K, reserved 1048576K
}
{Heap before GC invocations=1049 (full 134):
 par new generation   total 6144K, used 5237K [0x00000000fec00000, 0x00000000ff2a0000, 0x00000000ff2a0000)
  eden space 5504K,  95% used [0x00000000fec00000, 0x00000000ff11b798, 0x00000000ff160000)
  from space 640K,   1% used [0x00000000ff200000, 0x00000000ff202040, 0x00000000ff2a0000)
  to   space 640K,   0% used [0x00000000ff160000, 0x00000000ff160000, 0x00000000ff200000)
 concurrent mark-sweep generation total 13696K, used 7258K [0x00000000ff2a0000, 0x0000000100000000, 0x0000000100000000)
 Metaspace       used 5070K, capacity 5248K, committed 5504K, reserved 1056768K
  class space    used 554K, capacity 592K, committed 640K, reserved 1048576K
2024-07-16T11:01:43.749+0800: 8.629: [GC (Allocation Failure) 2024-07-16T11:01:43.749+0800: 8.629: [ParNew: 5237K->4K(6144K), 0.0002741 secs] 12496K->7262K(19840K), 0.0003139 secs] [Times: user=0.00 sys=0.00, real=0.00 secs] 
Heap after GC invocations=1050 (full 134):
 par new generation   total 6144K, used 4K [0x00000000fec00000, 0x00000000ff2a0000, 0x00000000ff2a0000)
  eden space 5504K,   0% used [0x00000000fec00000, 0x00000000fec00000, 0x00000000ff160000)
  from space 640K,   0% used [0x00000000ff160000, 0x00000000ff161020, 0x00000000ff200000)
  to   space 640K,   0% used [0x00000000ff200000, 0x00000000ff200000, 0x00000000ff2a0000)
 concurrent mark-sweep generation total 13696K, used 7258K [0x00000000ff2a0000, 0x0000000100000000, 0x0000000100000000)
 Metaspace       used 5070K, capacity 5248K, committed 5504K, reserved 1056768K
  class space    used 554K, capacity 592K, committed 640K, reserved 1048576K
}
{Heap before GC invocations=1050 (full 134):
 par new generation   total 6144K, used 5233K [0x00000000fec00000, 0x00000000ff2a0000, 0x00000000ff2a0000)
  eden space 5504K,  95% used [0x00000000fec00000, 0x00000000ff11b798, 0x00000000ff160000)
  from space 640K,   0% used [0x00000000ff160000, 0x00000000ff161020, 0x00000000ff200000)
  to   space 640K,   0% used [0x00000000ff200000, 0x00000000ff200000, 0x00000000ff2a0000)
 concurrent mark-sweep generation total 13696K, used 7258K [0x00000000ff2a0000, 0x0000000100000000, 0x0000000100000000)
 Metaspace       used 5070K, capacity 5248K, committed 5504K, reserved 1056768K
  class space    used 554K, capacity 592K, committed 640K, reserved 1048576K
2024-07-16T11:01:43.757+0800: 8.637: [GC (Allocation Failure) 2024-07-16T11:01:43.757+0800: 8.637: [ParNew: 5233K->4K(6144K), 0.0002648 secs] 12492K->7262K(19840K), 0.0003015 secs] [Times: user=0.00 sys=0.00, real=0.00 secs] 
Heap after GC invocations=1051 (full 134):
 par new generation   total 6144K, used 4K [0x00000000fec00000, 0x00000000ff2a0000, 0x00000000ff2a0000)
  eden space 5504K,   0% used [0x00000000fec00000, 0x00000000fec00000, 0x00000000ff160000)
  from space 640K,   0% used [0x00000000ff200000, 0x00000000ff201020, 0x00000000ff2a0000)
  to   space 640K,   0% used [0x00000000ff160000, 0x00000000ff160000, 0x00000000ff200000)
 concurrent mark-sweep generation total 13696K, used 7258K [0x00000000ff2a0000, 0x0000000100000000, 0x0000000100000000)
 Metaspace       used 5070K, capacity 5248K, committed 5504K, reserved 1056768K
  class space    used 554K, capacity 592K, committed 640K, reserved 1048576K
}
{Heap before GC invocations=1051 (full 134):
 par new generation   total 6144K, used 5233K [0x00000000fec00000, 0x00000000ff2a0000, 0x00000000ff2a0000)
  eden space 5504K,  95% used [0x00000000fec00000, 0x00000000ff11b798, 0x00000000ff160000)
  from space 640K,   0% used [0x00000000ff200000, 0x00000000ff201020, 0x00000000ff2a0000)
  to   space 640K,   0% used [0x00000000ff160000, 0x00000000ff160000, 0x00000000ff200000)
 concurrent mark-sweep generation total 13696K, used 7258K [0x00000000ff2a0000, 0x0000000100000000, 0x0000000100000000)
 Metaspace       used 5070K, capacity 5248K, committed 5504K, reserved 1056768K
  class space    used 554K, capacity 592K, committed 640K, reserved 1048576K
2024-07-16T11:01:43.763+0800: 8.643: [GC (Allocation Failure) 2024-07-16T11:01:43.763+0800: 8.643: [ParNew: 5233K->8K(6144K), 0.0003716 secs] 12492K->8293K(19840K), 0.0004041 secs] [Times: user=0.00 sys=0.00, real=0.00 secs] 
Heap after GC invocations=1052 (full 134):
 par new generation   total 6144K, used 8K [0x00000000fec00000, 0x00000000ff2a0000, 0x00000000ff2a0000)
  eden space 5504K,   0% used [0x00000000fec00000, 0x00000000fec00000, 0x00000000ff160000)
  from space 640K,   1% used [0x00000000ff160000, 0x00000000ff162040, 0x00000000ff200000)
  to   space 640K,   0% used [0x00000000ff200000, 0x00000000ff200000, 0x00000000ff2a0000)
 concurrent mark-sweep generation total 13696K, used 8284K [0x00000000ff2a0000, 0x0000000100000000, 0x0000000100000000)
 Metaspace       used 5070K, capacity 5248K, committed 5504K, reserved 1056768K
  class space    used 554K, capacity 592K, committed 640K, reserved 1048576K
}
{Heap before GC invocations=1052 (full 134):
 par new generation   total 6144K, used 5237K [0x00000000fec00000, 0x00000000ff2a0000, 0x00000000ff2a0000)
  eden space 5504K,  95% used [0x00000000fec00000, 0x00000000ff11b798, 0x00000000ff160000)
  from space 640K,   1% used [0x00000000ff160000, 0x00000000ff162040, 0x00000000ff200000)
  to   space 640K,   0% used [0x00000000ff200000, 0x00000000ff200000, 0x00000000ff2a0000)
 concurrent mark-sweep generation total 13696K, used 8284K [0x00000000ff2a0000, 0x0000000100000000, 0x0000000100000000)
 Metaspace       used 5070K, capacity 5248K, committed 5504K, reserved 1056768K
  class space    used 554K, capacity 592K, committed 640K, reserved 1048576K
2024-07-16T11:01:43.770+0800: 8.650: [GC (Allocation Failure) 2024-07-16T11:01:43.770+0800: 8.650: [ParNew: 5237K->4K(6144K), 0.0005615 secs] 13522K->8288K(19840K), 0.0006425 secs] [Times: user=0.00 sys=0.00, real=0.00 secs] 
Heap after GC invocations=1053 (full 134):
 par new generation   total 6144K, used 4K [0x00000000fec00000, 0x00000000ff2a0000, 0x00000000ff2a0000)
  eden space 5504K,   0% used [0x00000000fec00000, 0x00000000fec00000, 0x00000000ff160000)
  from space 640K,   0% used [0x00000000ff200000, 0x00000000ff201020, 0x00000000ff2a0000)
  to   space 640K,   0% used [0x00000000ff160000, 0x00000000ff160000, 0x00000000ff200000)
 concurrent mark-sweep generation total 13696K, used 8284K [0x00000000ff2a0000, 0x0000000100000000, 0x0000000100000000)
 Metaspace       used 5070K, capacity 5248K, committed 5504K, reserved 1056768K
  class space    used 554K, capacity 592K, committed 640K, reserved 1048576K
}
{Heap before GC invocations=1053 (full 134):
 par new generation   total 6144K, used 5233K [0x00000000fec00000, 0x00000000ff2a0000, 0x00000000ff2a0000)
  eden space 5504K,  95% used [0x00000000fec00000, 0x00000000ff11b798, 0x00000000ff160000)
  from space 640K,   0% used [0x00000000ff200000, 0x00000000ff201020, 0x00000000ff2a0000)
  to   space 640K,   0% used [0x00000000ff160000, 0x00000000ff160000, 0x00000000ff200000)
 concurrent mark-sweep generation total 13696K, used 8284K [0x00000000ff2a0000, 0x0000000100000000, 0x0000000100000000)
 Metaspace       used 5070K, capacity 5248K, committed 5504K, reserved 1056768K
  class space    used 554K, capacity 592K, committed 640K, reserved 1048576K
2024-07-16T11:01:43.777+0800: 8.657: [GC (Allocation Failure) 2024-07-16T11:01:43.777+0800: 8.657: [ParNew: 5233K->4K(6144K), 0.0002458 secs] 13518K->8288K(19840K), 0.0002769 secs] [Times: user=0.00 sys=0.00, real=0.00 secs] 
Heap after GC invocations=1054 (full 134):
 par new generation   total 6144K, used 4K [0x00000000fec00000, 0x00000000ff2a0000, 0x00000000ff2a0000)
  eden space 5504K,   0% used [0x00000000fec00000, 0x00000000fec00000, 0x00000000ff160000)
  from space 640K,   0% used [0x00000000ff160000, 0x00000000ff161020, 0x00000000ff200000)
  to   space 640K,   0% used [0x00000000ff200000, 0x00000000ff200000, 0x00000000ff2a0000)
 concurrent mark-sweep generation total 13696K, used 8284K [0x00000000ff2a0000, 0x0000000100000000, 0x0000000100000000)
 Metaspace       used 5070K, capacity 5248K, committed 5504K, reserved 1056768K
  class space    used 554K, capacity 592K, committed 640K, reserved 1048576K
}
{Heap before GC invocations=1054 (full 134):
 par new generation   total 6144K, used 5233K [0x00000000fec00000, 0x00000000ff2a0000, 0x00000000ff2a0000)
  eden space 5504K,  95% used [0x00000000fec00000, 0x00000000ff11b798, 0x00000000ff160000)
  from space 640K,   0% used [0x00000000ff160000, 0x00000000ff161020, 0x00000000ff200000)
  to   space 640K,   0% used [0x00000000ff200000, 0x00000000ff200000, 0x00000000ff2a0000)
 concurrent mark-sweep generation total 13696K, used 8284K [0x00000000ff2a0000, 0x0000000100000000, 0x0000000100000000)
 Metaspace       used 5070K, capacity 5248K, committed 5504K, reserved 1056768K
  class space    used 554K, capacity 592K, committed 640K, reserved 1048576K
2024-07-16T11:01:43.783+0800: 8.663: [GC (Allocation Failure) 2024-07-16T11:01:43.783+0800: 8.663: [ParNew: 5233K->4K(6144K), 0.0003984 secs] 13518K->8288K(19840K), 0.0004741 secs] [Times: user=0.00 sys=0.00, real=0.00 secs] 
Heap after GC invocations=1055 (full 134):
 par new generation   total 6144K, used 4K [0x00000000fec00000, 0x00000000ff2a0000, 0x00000000ff2a0000)
  eden space 5504K,   0% used [0x00000000fec00000, 0x00000000fec00000, 0x00000000ff160000)
  from space 640K,   0% used [0x00000000ff200000, 0x00000000ff201020, 0x00000000ff2a0000)
  to   space 640K,   0% used [0x00000000ff160000, 0x00000000ff160000, 0x00000000ff200000)
 concurrent mark-sweep generation total 13696K, used 8284K [0x00000000ff2a0000, 0x0000000100000000, 0x0000000100000000)
 Metaspace       used 5070K, capacity 5248K, committed 5504K, reserved 1056768K
  class space    used 554K, capacity 592K, committed 640K, reserved 1048576K
}
{Heap before GC invocations=1055 (full 134):
 par new generation   total 6144K, used 5233K [0x00000000fec00000, 0x00000000ff2a0000, 0x00000000ff2a0000)
  eden space 5504K,  95% used [0x00000000fec00000, 0x00000000ff11b798, 0x00000000ff160000)
  from space 640K,   0% used [0x00000000ff200000, 0x00000000ff201020, 0x00000000ff2a0000)
  to   space 640K,   0% used [0x00000000ff160000, 0x00000000ff160000, 0x00000000ff200000)
 concurrent mark-sweep generation total 13696K, used 8284K [0x00000000ff2a0000, 0x0000000100000000, 0x0000000100000000)
 Metaspace       used 5070K, capacity 5248K, committed 5504K, reserved 1056768K
  class space    used 554K, capacity 592K, committed 640K, reserved 1048576K
2024-07-16T11:01:43.789+0800: 8.669: [GC (Allocation Failure) 2024-07-16T11:01:43.789+0800: 8.669: [ParNew: 5233K->8K(6144K), 0.0007175 secs] 13518K->9317K(19840K), 0.0007580 secs] [Times: user=0.00 sys=0.00, real=0.00 secs] 
Heap after GC invocations=1056 (full 134):
 par new generation   total 6144K, used 8K [0x00000000fec00000, 0x00000000ff2a0000, 0x00000000ff2a0000)
  eden space 5504K,   0% used [0x00000000fec00000, 0x00000000fec00000, 0x00000000ff160000)
  from space 640K,   1% used [0x00000000ff160000, 0x00000000ff162040, 0x00000000ff200000)
  to   space 640K,   0% used [0x00000000ff200000, 0x00000000ff200000, 0x00000000ff2a0000)
 concurrent mark-sweep generation total 13696K, used 9308K [0x00000000ff2a0000, 0x0000000100000000, 0x0000000100000000)
 Metaspace       used 5070K, capacity 5248K, committed 5504K, reserved 1056768K
  class space    used 554K, capacity 592K, committed 640K, reserved 1048576K
}
{Heap before GC invocations=1056 (full 134):
 par new generation   total 6144K, used 5237K [0x00000000fec00000, 0x00000000ff2a0000, 0x00000000ff2a0000)
  eden space 5504K,  95% used [0x00000000fec00000, 0x00000000ff11b798, 0x00000000ff160000)
  from space 640K,   1% used [0x00000000ff160000, 0x00000000ff162040, 0x00000000ff200000)
  to   space 640K,   0% used [0x00000000ff200000, 0x00000000ff200000, 0x00000000ff2a0000)
 concurrent mark-sweep generation total 13696K, used 9308K [0x00000000ff2a0000, 0x0000000100000000, 0x0000000100000000)
 Metaspace       used 5070K, capacity 5248K, committed 5504K, reserved 1056768K
  class space    used 554K, capacity 592K, committed 640K, reserved 1048576K
2024-07-16T11:01:43.795+0800: 8.675: [GC (Allocation Failure) 2024-07-16T11:01:43.795+0800: 8.675: [ParNew: 5237K->10K(6144K), 0.0010465 secs] 14546K->10343K(19840K), 0.0010966 secs] [Times: user=0.00 sys=0.00, real=0.00 secs] 
Heap after GC invocations=1057 (full 134):
 par new generation   total 6144K, used 10K [0x00000000fec00000, 0x00000000ff2a0000, 0x00000000ff2a0000)
  eden space 5504K,   0% used [0x00000000fec00000, 0x00000000fec00000, 0x00000000ff160000)
  from space 640K,   1% used [0x00000000ff200000, 0x00000000ff202850, 0x00000000ff2a0000)
  to   space 640K,   0% used [0x00000000ff160000, 0x00000000ff160000, 0x00000000ff200000)
 concurrent mark-sweep generation total 13696K, used 10332K [0x00000000ff2a0000, 0x0000000100000000, 0x0000000100000000)
 Metaspace       used 5070K, capacity 5248K, committed 5504K, reserved 1056768K
  class space    used 554K, capacity 592K, committed 640K, reserved 1048576K
}
{Heap before GC invocations=1057 (full 134):
 par new generation   total 6144K, used 5239K [0x00000000fec00000, 0x00000000ff2a0000, 0x00000000ff2a0000)
  eden space 5504K,  95% used [0x00000000fec00000, 0x00000000ff11b798, 0x00000000ff160000)
  from space 640K,   1% used [0x00000000ff200000, 0x00000000ff202850, 0x00000000ff2a0000)
  to   space 640K,   0% used [0x00000000ff160000, 0x00000000ff160000, 0x00000000ff200000)
 concurrent mark-sweep generation total 13696K, used 10332K [0x00000000ff2a0000, 0x0000000100000000, 0x0000000100000000)
 Metaspace       used 5070K, capacity 5248K, committed 5504K, reserved 1056768K
  class space    used 554K, capacity 592K, committed 640K, reserved 1048576K
2024-07-16T11:01:43.803+0800: 8.683: [GC (Allocation Failure) 2024-07-16T11:01:43.803+0800: 8.683: [ParNew: 5239K->6K(6144K), 0.0009996 secs] 15572K->11365K(19840K), 0.0010726 secs] [Times: user=0.00 sys=0.00, real=0.00 secs] 
Heap after GC invocations=1058 (full 134):
 par new generation   total 6144K, used 6K [0x00000000fec00000, 0x00000000ff2a0000, 0x00000000ff2a0000)
  eden space 5504K,   0% used [0x00000000fec00000, 0x00000000fec00000, 0x00000000ff160000)
  from space 640K,   0% used [0x00000000ff160000, 0x00000000ff161830, 0x00000000ff200000)
  to   space 640K,   0% used [0x00000000ff200000, 0x00000000ff200000, 0x00000000ff2a0000)
 concurrent mark-sweep generation total 13696K, used 11359K [0x00000000ff2a0000, 0x0000000100000000, 0x0000000100000000)
 Metaspace       used 5070K, capacity 5248K, committed 5504K, reserved 1056768K
  class space    used 554K, capacity 592K, committed 640K, reserved 1048576K
}
{Heap before GC invocations=1058 (full 134):
 par new generation   total 6144K, used 5235K [0x00000000fec00000, 0x00000000ff2a0000, 0x00000000ff2a0000)
  eden space 5504K,  95% used [0x00000000fec00000, 0x00000000ff11b798, 0x00000000ff160000)
  from space 640K,   0% used [0x00000000ff160000, 0x00000000ff161830, 0x00000000ff200000)
  to   space 640K,   0% used [0x00000000ff200000, 0x00000000ff200000, 0x00000000ff2a0000)
 concurrent mark-sweep generation total 13696K, used 11359K [0x00000000ff2a0000, 0x0000000100000000, 0x0000000100000000)
 Metaspace       used 5070K, capacity 5248K, committed 5504K, reserved 1056768K
  class space    used 554K, capacity 592K, committed 640K, reserved 1048576K
2024-07-16T11:01:43.810+0800: 8.690: [GC (Allocation Failure) 2024-07-16T11:01:43.810+0800: 8.690: [ParNew: 5235K->6K(6144K), 0.0012150 secs] 16594K->12391K(19840K), 0.0013129 secs] [Times: user=0.00 sys=0.00, real=0.00 secs] 
Heap after GC invocations=1059 (full 134):
 par new generation   total 6144K, used 6K [0x00000000fec00000, 0x00000000ff2a0000, 0x00000000ff2a0000)
  eden space 5504K,   0% used [0x00000000fec00000, 0x00000000fec00000, 0x00000000ff160000)
  from space 640K,   0% used [0x00000000ff200000, 0x00000000ff201830, 0x00000000ff2a0000)
  to   space 640K,   0% used [0x00000000ff160000, 0x00000000ff160000, 0x00000000ff200000)
 concurrent mark-sweep generation total 13696K, used 12385K [0x00000000ff2a0000, 0x0000000100000000, 0x0000000100000000)
 Metaspace       used 5070K, capacity 5248K, committed 5504K, reserved 1056768K
  class space    used 554K, capacity 592K, committed 640K, reserved 1048576K
}
{Heap before GC invocations=1059 (full 134):
 par new generation   total 6144K, used 5235K [0x00000000fec00000, 0x00000000ff2a0000, 0x00000000ff2a0000)
  eden space 5504K,  95% used [0x00000000fec00000, 0x00000000ff11b798, 0x00000000ff160000)
  from space 640K,   0% used [0x00000000ff200000, 0x00000000ff201830, 0x00000000ff2a0000)
  to   space 640K,   0% used [0x00000000ff160000, 0x00000000ff160000, 0x00000000ff200000)
 concurrent mark-sweep generation total 13696K, used 12385K [0x00000000ff2a0000, 0x0000000100000000, 0x0000000100000000)
 Metaspace       used 5070K, capacity 5248K, committed 5504K, reserved 1056768K
  class space    used 554K, capacity 592K, committed 640K, reserved 1048576K
2024-07-16T11:01:43.818+0800: 8.698: [GC (Allocation Failure) 2024-07-16T11:01:43.818+0800: 8.698: [ParNew: 5235K->5235K(6144K), 0.0000210 secs]2024-07-16T11:01:43.818+0800: 8.698: [CMS2024-07-16T11:01:43.818+0800: 8.698: [CMS-concurrent-abortable-preclean: 0.001/0.115 secs] [Times: user=0.00 sys=0.00, real=0.12 secs] 
 (concurrent mode failure): 12385K->1106K(13696K), 0.0046091 secs] 17621K->1106K(19840K), [Metaspace: 5070K->5070K(1056768K)], 0.0046964 secs] [Times: user=0.00 sys=0.00, real=0.00 secs] 
Heap after GC invocations=1060 (full 135):
 par new generation   total 6144K, used 0K [0x00000000fec00000, 0x00000000ff2a0000, 0x00000000ff2a0000)
  eden space 5504K,   0% used [0x00000000fec00000, 0x00000000fec00000, 0x00000000ff160000)
  from space 640K,   0% used [0x00000000ff200000, 0x00000000ff200000, 0x00000000ff2a0000)
  to   space 640K,   0% used [0x00000000ff160000, 0x00000000ff160000, 0x00000000ff200000)
 concurrent mark-sweep generation total 13696K, used 1106K [0x00000000ff2a0000, 0x0000000100000000, 0x0000000100000000)
 Metaspace       used 5070K, capacity 5248K, committed 5504K, reserved 1056768K
  class space    used 554K, capacity 592K, committed 640K, reserved 1048576K
}
{Heap before GC invocations=1060 (full 135):
 par new generation   total 6144K, used 5229K [0x00000000fec00000, 0x00000000ff2a0000, 0x00000000ff2a0000)
  eden space 5504K,  95% used [0x00000000fec00000, 0x00000000ff11b798, 0x00000000ff160000)
  from space 640K,   0% used [0x00000000ff200000, 0x00000000ff200000, 0x00000000ff2a0000)
  to   space 640K,   0% used [0x00000000ff160000, 0x00000000ff160000, 0x00000000ff200000)
 concurrent mark-sweep generation total 13696K, used 1106K [0x00000000ff2a0000, 0x0000000100000000, 0x0000000100000000)
 Metaspace       used 5070K, capacity 5248K, committed 5504K, reserved 1056768K
  class space    used 554K, capacity 592K, committed 640K, reserved 1048576K
2024-07-16T11:01:43.828+0800: 8.708: [GC (Allocation Failure) 2024-07-16T11:01:43.828+0800: 8.708: [ParNew: 5229K->6K(6144K), 0.0013267 secs] 6336K->2138K(19840K), 0.0014044 secs] [Times: user=0.00 sys=0.00, real=0.00 secs] 
Heap after GC invocations=1061 (full 135):
 par new generation   total 6144K, used 6K [0x00000000fec00000, 0x00000000ff2a0000, 0x00000000ff2a0000)
  eden space 5504K,   0% used [0x00000000fec00000, 0x00000000fec00000, 0x00000000ff160000)
  from space 640K,   0% used [0x00000000ff160000, 0x00000000ff161830, 0x00000000ff200000)
  to   space 640K,   0% used [0x00000000ff200000, 0x00000000ff200000, 0x00000000ff2a0000)
 concurrent mark-sweep generation total 13696K, used 2132K [0x00000000ff2a0000, 0x0000000100000000, 0x0000000100000000)
 Metaspace       used 5070K, capacity 5248K, committed 5504K, reserved 1056768K
  class space    used 554K, capacity 592K, committed 640K, reserved 1048576K
}
{Heap before GC invocations=1061 (full 135):
 par new generation   total 6144K, used 5235K [0x00000000fec00000, 0x00000000ff2a0000, 0x00000000ff2a0000)
  eden space 5504K,  95% used [0x00000000fec00000, 0x00000000ff11b798, 0x00000000ff160000)
  from space 640K,   0% used [0x00000000ff160000, 0x00000000ff161830, 0x00000000ff200000)
  to   space 640K,   0% used [0x00000000ff200000, 0x00000000ff200000, 0x00000000ff2a0000)
 concurrent mark-sweep generation total 13696K, used 2132K [0x00000000ff2a0000, 0x0000000100000000, 0x0000000100000000)
 Metaspace       used 5070K, capacity 5248K, committed 5504K, reserved 1056768K
  class space    used 554K, capacity 592K, committed 640K, reserved 1048576K
2024-07-16T11:01:43.838+0800: 8.718: [GC (Allocation Failure) 2024-07-16T11:01:43.838+0800: 8.718: [ParNew: 5235K->4K(6144K), 0.0003225 secs] 7368K->2136K(19840K), 0.0004230 secs] [Times: user=0.00 sys=0.00, real=0.00 secs] 
Heap after GC invocations=1062 (full 135):
 par new generation   total 6144K, used 4K [0x00000000fec00000, 0x00000000ff2a0000, 0x00000000ff2a0000)
  eden space 5504K,   0% used [0x00000000fec00000, 0x00000000fec00000, 0x00000000ff160000)
  from space 640K,   0% used [0x00000000ff200000, 0x00000000ff201020, 0x00000000ff2a0000)
  to   space 640K,   0% used [0x00000000ff160000, 0x00000000ff160000, 0x00000000ff200000)
 concurrent mark-sweep generation total 13696K, used 2132K [0x00000000ff2a0000, 0x0000000100000000, 0x0000000100000000)
 Metaspace       used 5070K, capacity 5248K, committed 5504K, reserved 1056768K
  class space    used 554K, capacity 592K, committed 640K, reserved 1048576K
}
{Heap before GC invocations=1062 (full 135):
 par new generation   total 6144K, used 5233K [0x00000000fec00000, 0x00000000ff2a0000, 0x00000000ff2a0000)
  eden space 5504K,  95% used [0x00000000fec00000, 0x00000000ff11b798, 0x00000000ff160000)
  from space 640K,   0% used [0x00000000ff200000, 0x00000000ff201020, 0x00000000ff2a0000)
  to   space 640K,   0% used [0x00000000ff160000, 0x00000000ff160000, 0x00000000ff200000)
 concurrent mark-sweep generation total 13696K, used 2132K [0x00000000ff2a0000, 0x0000000100000000, 0x0000000100000000)
 Metaspace       used 5070K, capacity 5248K, committed 5504K, reserved 1056768K
  class space    used 554K, capacity 592K, committed 640K, reserved 1048576K
2024-07-16T11:01:43.844+0800: 8.724: [GC (Allocation Failure) 2024-07-16T11:01:43.844+0800: 8.724: [ParNew: 5233K->8K(6144K), 0.0007229 secs] 7366K->3166K(19840K), 0.0007900 secs] [Times: user=0.00 sys=0.00, real=0.00 secs] 
Heap after GC invocations=1063 (full 135):
 par new generation   total 6144K, used 8K [0x00000000fec00000, 0x00000000ff2a0000, 0x00000000ff2a0000)
  eden space 5504K,   0% used [0x00000000fec00000, 0x00000000fec00000, 0x00000000ff160000)
  from space 640K,   1% used [0x00000000ff160000, 0x00000000ff162040, 0x00000000ff200000)
  to   space 640K,   0% used [0x00000000ff200000, 0x00000000ff200000, 0x00000000ff2a0000)
 concurrent mark-sweep generation total 13696K, used 3158K [0x00000000ff2a0000, 0x0000000100000000, 0x0000000100000000)
 Metaspace       used 5070K, capacity 5248K, committed 5504K, reserved 1056768K
  class space    used 554K, capacity 592K, committed 640K, reserved 1048576K
}
{Heap before GC invocations=1063 (full 135):
 par new generation   total 6144K, used 5237K [0x00000000fec00000, 0x00000000ff2a0000, 0x00000000ff2a0000)
  eden space 5504K,  95% used [0x00000000fec00000, 0x00000000ff11b798, 0x00000000ff160000)
  from space 640K,   1% used [0x00000000ff160000, 0x00000000ff162040, 0x00000000ff200000)
  to   space 640K,   0% used [0x00000000ff200000, 0x00000000ff200000, 0x00000000ff2a0000)
 concurrent mark-sweep generation total 13696K, used 3158K [0x00000000ff2a0000, 0x0000000100000000, 0x0000000100000000)
 Metaspace       used 5070K, capacity 5248K, committed 5504K, reserved 1056768K
  class space    used 554K, capacity 592K, committed 640K, reserved 1048576K
2024-07-16T11:01:43.852+0800: 8.732: [GC (Allocation Failure) 2024-07-16T11:01:43.852+0800: 8.732: [ParNew: 5237K->8K(6144K), 0.0011017 secs] 8396K->4192K(19840K), 0.0012471 secs] [Times: user=0.00 sys=0.00, real=0.00 secs] 
Heap after GC invocations=1064 (full 135):
 par new generation   total 6144K, used 8K [0x00000000fec00000, 0x00000000ff2a0000, 0x00000000ff2a0000)
  eden space 5504K,   0% used [0x00000000fec00000, 0x00000000fec00000, 0x00000000ff160000)
  from space 640K,   1% used [0x00000000ff200000, 0x00000000ff202040, 0x00000000ff2a0000)
  to   space 640K,   0% used [0x00000000ff160000, 0x00000000ff160000, 0x00000000ff200000)
 concurrent mark-sweep generation total 13696K, used 4184K [0x00000000ff2a0000, 0x0000000100000000, 0x0000000100000000)
 Metaspace       used 5070K, capacity 5248K, committed 5504K, reserved 1056768K
  class space    used 554K, capacity 592K, committed 640K, reserved 1048576K
}
2024-07-16T11:01:43.853+0800: 8.734: [GC (CMS Initial Mark) [1 CMS-initial-mark: 4184K(13696K)] 5218K(19840K), 0.0002499 secs] [Times: user=0.00 sys=0.00, real=0.00 secs] 
2024-07-16T11:01:43.853+0800: 8.734: [CMS-concurrent-mark-start]
2024-07-16T11:01:43.856+0800: 8.737: [CMS-concurrent-mark: 0.003/0.003 secs] [Times: user=0.00 sys=0.00, real=0.00 secs] 
2024-07-16T11:01:43.856+0800: 8.737: [CMS-concurrent-preclean-start]
2024-07-16T11:01:43.856+0800: 8.737: [CMS-concurrent-preclean: 0.000/0.000 secs] [Times: user=0.00 sys=0.00, real=0.00 secs] 
2024-07-16T11:01:43.856+0800: 8.737: [CMS-concurrent-abortable-preclean-start]
{Heap before GC invocations=1064 (full 136):
 par new generation   total 6144K, used 5237K [0x00000000fec00000, 0x00000000ff2a0000, 0x00000000ff2a0000)
  eden space 5504K,  95% used [0x00000000fec00000, 0x00000000ff11b798, 0x00000000ff160000)
  from space 640K,   1% used [0x00000000ff200000, 0x00000000ff202040, 0x00000000ff2a0000)
  to   space 640K,   0% used [0x00000000ff160000, 0x00000000ff160000, 0x00000000ff200000)
 concurrent mark-sweep generation total 13696K, used 4184K [0x00000000ff2a0000, 0x0000000100000000, 0x0000000100000000)
 Metaspace       used 5070K, capacity 5248K, committed 5504K, reserved 1056768K
  class space    used 554K, capacity 592K, committed 640K, reserved 1048576K
2024-07-16T11:01:43.861+0800: 8.741: [GC (Allocation Failure) 2024-07-16T11:01:43.861+0800: 8.741: [ParNew: 5237K->10K(6144K), 0.0012070 secs] 9422K->5218K(19840K), 0.0012836 secs] [Times: user=0.00 sys=0.00, real=0.00 secs] 
Heap after GC invocations=1065 (full 136):
 par new generation   total 6144K, used 10K [0x00000000fec00000, 0x00000000ff2a0000, 0x00000000ff2a0000)
  eden space 5504K,   0% used [0x00000000fec00000, 0x00000000fec00000, 0x00000000ff160000)
  from space 640K,   1% used [0x00000000ff160000, 0x00000000ff162850, 0x00000000ff200000)
  to   space 640K,   0% used [0x00000000ff200000, 0x00000000ff200000, 0x00000000ff2a0000)
 concurrent mark-sweep generation total 13696K, used 5208K [0x00000000ff2a0000, 0x0000000100000000, 0x0000000100000000)
 Metaspace       used 5070K, capacity 5248K, committed 5504K, reserved 1056768K
  class space    used 554K, capacity 592K, committed 640K, reserved 1048576K
}
{Heap before GC invocations=1065 (full 136):
 par new generation   total 6144K, used 5239K [0x00000000fec00000, 0x00000000ff2a0000, 0x00000000ff2a0000)
  eden space 5504K,  95% used [0x00000000fec00000, 0x00000000ff11b798, 0x00000000ff160000)
  from space 640K,   1% used [0x00000000ff160000, 0x00000000ff162850, 0x00000000ff200000)
  to   space 640K,   0% used [0x00000000ff200000, 0x00000000ff200000, 0x00000000ff2a0000)
 concurrent mark-sweep generation total 13696K, used 5208K [0x00000000ff2a0000, 0x0000000100000000, 0x0000000100000000)
 Metaspace       used 5070K, capacity 5248K, committed 5504K, reserved 1056768K
  class space    used 554K, capacity 592K, committed 640K, reserved 1048576K
2024-07-16T11:01:43.868+0800: 8.748: [GC (Allocation Failure) 2024-07-16T11:01:43.868+0800: 8.748: [ParNew: 5239K->10K(6144K), 0.0010366 secs] 10448K->6244K(19840K), 0.0011835 secs] [Times: user=0.00 sys=0.00, real=0.00 secs] 
Heap after GC invocations=1066 (full 136):
 par new generation   total 6144K, used 10K [0x00000000fec00000, 0x00000000ff2a0000, 0x00000000ff2a0000)
  eden space 5504K,   0% used [0x00000000fec00000, 0x00000000fec00000, 0x00000000ff160000)
  from space 640K,   1% used [0x00000000ff200000, 0x00000000ff202850, 0x00000000ff2a0000)
  to   space 640K,   0% used [0x00000000ff160000, 0x00000000ff160000, 0x00000000ff200000)
 concurrent mark-sweep generation total 13696K, used 6234K [0x00000000ff2a0000, 0x0000000100000000, 0x0000000100000000)
 Metaspace       used 5070K, capacity 5248K, committed 5504K, reserved 1056768K
  class space    used 554K, capacity 592K, committed 640K, reserved 1048576K
}
{Heap before GC invocations=1066 (full 136):
 par new generation   total 6144K, used 5239K [0x00000000fec00000, 0x00000000ff2a0000, 0x00000000ff2a0000)
  eden space 5504K,  95% used [0x00000000fec00000, 0x00000000ff11b798, 0x00000000ff160000)
  from space 640K,   1% used [0x00000000ff200000, 0x00000000ff202850, 0x00000000ff2a0000)
  to   space 640K,   0% used [0x00000000ff160000, 0x00000000ff160000, 0x00000000ff200000)
 concurrent mark-sweep generation total 13696K, used 6234K [0x00000000ff2a0000, 0x0000000100000000, 0x0000000100000000)
 Metaspace       used 5070K, capacity 5248K, committed 5504K, reserved 1056768K
  class space    used 554K, capacity 592K, committed 640K, reserved 1048576K
2024-07-16T11:01:43.875+0800: 8.755: [GC (Allocation Failure) 2024-07-16T11:01:43.875+0800: 8.755: [ParNew: 5239K->8K(6144K), 0.0012622 secs] 11474K->7266K(19840K), 0.0013523 secs] [Times: user=0.00 sys=0.00, real=0.00 secs] 
Heap after GC invocations=1067 (full 136):
 par new generation   total 6144K, used 8K [0x00000000fec00000, 0x00000000ff2a0000, 0x00000000ff2a0000)
  eden space 5504K,   0% used [0x00000000fec00000, 0x00000000fec00000, 0x00000000ff160000)
  from space 640K,   1% used [0x00000000ff160000, 0x00000000ff162040, 0x00000000ff200000)
  to   space 640K,   0% used [0x00000000ff200000, 0x00000000ff200000, 0x00000000ff2a0000)
 concurrent mark-sweep generation total 13696K, used 7258K [0x00000000ff2a0000, 0x0000000100000000, 0x0000000100000000)
 Metaspace       used 5070K, capacity 5248K, committed 5504K, reserved 1056768K
  class space    used 554K, capacity 592K, committed 640K, reserved 1048576K
}
{Heap before GC invocations=1067 (full 136):
 par new generation   total 6144K, used 5237K [0x00000000fec00000, 0x00000000ff2a0000, 0x00000000ff2a0000)
  eden space 5504K,  95% used [0x00000000fec00000, 0x00000000ff11b798, 0x00000000ff160000)
  from space 640K,   1% used [0x00000000ff160000, 0x00000000ff162040, 0x00000000ff200000)
  to   space 640K,   0% used [0x00000000ff200000, 0x00000000ff200000, 0x00000000ff2a0000)
 concurrent mark-sweep generation total 13696K, used 7258K [0x00000000ff2a0000, 0x0000000100000000, 0x0000000100000000)
 Metaspace       used 5070K, capacity 5248K, committed 5504K, reserved 1056768K
  class space    used 554K, capacity 592K, committed 640K, reserved 1048576K
2024-07-16T11:01:43.884+0800: 8.764: [GC (Allocation Failure) 2024-07-16T11:01:43.884+0800: 8.764: [ParNew: 5237K->8K(6144K), 0.0013380 secs] 12496K->8290K(19840K), 0.0014019 secs] [Times: user=0.00 sys=0.00, real=0.00 secs] 
Heap after GC invocations=1068 (full 136):
 par new generation   total 6144K, used 8K [0x00000000fec00000, 0x00000000ff2a0000, 0x00000000ff2a0000)
  eden space 5504K,   0% used [0x00000000fec00000, 0x00000000fec00000, 0x00000000ff160000)
  from space 640K,   1% used [0x00000000ff200000, 0x00000000ff202040, 0x00000000ff2a0000)
  to   space 640K,   0% used [0x00000000ff160000, 0x00000000ff160000, 0x00000000ff200000)
 concurrent mark-sweep generation total 13696K, used 8282K [0x00000000ff2a0000, 0x0000000100000000, 0x0000000100000000)
 Metaspace       used 5070K, capacity 5248K, committed 5504K, reserved 1056768K
  class space    used 554K, capacity 592K, committed 640K, reserved 1048576K
}
{Heap before GC invocations=1068 (full 136):
 par new generation   total 6144K, used 5237K [0x00000000fec00000, 0x00000000ff2a0000, 0x00000000ff2a0000)
  eden space 5504K,  95% used [0x00000000fec00000, 0x00000000ff11b798, 0x00000000ff160000)
  from space 640K,   1% used [0x00000000ff200000, 0x00000000ff202040, 0x00000000ff2a0000)
  to   space 640K,   0% used [0x00000000ff160000, 0x00000000ff160000, 0x00000000ff200000)
 concurrent mark-sweep generation total 13696K, used 8282K [0x00000000ff2a0000, 0x0000000100000000, 0x0000000100000000)
 Metaspace       used 5070K, capacity 5248K, committed 5504K, reserved 1056768K
  class space    used 554K, capacity 592K, committed 640K, reserved 1048576K
2024-07-16T11:01:43.891+0800: 8.771: [GC (Allocation Failure) 2024-07-16T11:01:43.891+0800: 8.771: [ParNew: 5237K->8K(6144K), 0.0014166 secs] 13520K->9317K(19840K), 0.0015846 secs] [Times: user=0.00 sys=0.00, real=0.00 secs] 
Heap after GC invocations=1069 (full 136):
 par new generation   total 6144K, used 8K [0x00000000fec00000, 0x00000000ff2a0000, 0x00000000ff2a0000)
  eden space 5504K,   0% used [0x00000000fec00000, 0x00000000fec00000, 0x00000000ff160000)
  from space 640K,   1% used [0x00000000ff160000, 0x00000000ff162040, 0x00000000ff200000)
  to   space 640K,   0% used [0x00000000ff200000, 0x00000000ff200000, 0x00000000ff2a0000)
 concurrent mark-sweep generation total 13696K, used 9308K [0x00000000ff2a0000, 0x0000000100000000, 0x0000000100000000)
 Metaspace       used 5070K, capacity 5248K, committed 5504K, reserved 1056768K
  class space    used 554K, capacity 592K, committed 640K, reserved 1048576K
}
{Heap before GC invocations=1069 (full 136):
 par new generation   total 6144K, used 5237K [0x00000000fec00000, 0x00000000ff2a0000, 0x00000000ff2a0000)
  eden space 5504K,  95% used [0x00000000fec00000, 0x00000000ff11b798, 0x00000000ff160000)
  from space 640K,   1% used [0x00000000ff160000, 0x00000000ff162040, 0x00000000ff200000)
  to   space 640K,   0% used [0x00000000ff200000, 0x00000000ff200000, 0x00000000ff2a0000)
 concurrent mark-sweep generation total 13696K, used 9308K [0x00000000ff2a0000, 0x0000000100000000, 0x0000000100000000)
 Metaspace       used 5070K, capacity 5248K, committed 5504K, reserved 1056768K
  class space    used 554K, capacity 592K, committed 640K, reserved 1048576K
2024-07-16T11:01:43.898+0800: 8.778: [GC (Allocation Failure) 2024-07-16T11:01:43.898+0800: 8.778: [ParNew: 5237K->8K(6144K), 0.0013613 secs] 14546K->10343K(19840K), 0.0014404 secs] [Times: user=0.00 sys=0.00, real=0.00 secs] 
Heap after GC invocations=1070 (full 136):
 par new generation   total 6144K, used 8K [0x00000000fec00000, 0x00000000ff2a0000, 0x00000000ff2a0000)
  eden space 5504K,   0% used [0x00000000fec00000, 0x00000000fec00000, 0x00000000ff160000)
  from space 640K,   1% used [0x00000000ff200000, 0x00000000ff202040, 0x00000000ff2a0000)
  to   space 640K,   0% used [0x00000000ff160000, 0x00000000ff160000, 0x00000000ff200000)
 concurrent mark-sweep generation total 13696K, used 10335K [0x00000000ff2a0000, 0x0000000100000000, 0x0000000100000000)
 Metaspace       used 5070K, capacity 5248K, committed 5504K, reserved 1056768K
  class space    used 554K, capacity 592K, committed 640K, reserved 1048576K
}
{Heap before GC invocations=1070 (full 136):
 par new generation   total 6144K, used 5237K [0x00000000fec00000, 0x00000000ff2a0000, 0x00000000ff2a0000)
  eden space 5504K,  95% used [0x00000000fec00000, 0x00000000ff11b798, 0x00000000ff160000)
  from space 640K,   1% used [0x00000000ff200000, 0x00000000ff202040, 0x00000000ff2a0000)
  to   space 640K,   0% used [0x00000000ff160000, 0x00000000ff160000, 0x00000000ff200000)
 concurrent mark-sweep generation total 13696K, used 10335K [0x00000000ff2a0000, 0x0000000100000000, 0x0000000100000000)
 Metaspace       used 5070K, capacity 5248K, committed 5504K, reserved 1056768K
  class space    used 554K, capacity 592K, committed 640K, reserved 1048576K
2024-07-16T11:01:43.905+0800: 8.785: [GC (Allocation Failure) 2024-07-16T11:01:43.905+0800: 8.785: [ParNew: 5237K->8K(6144K), 0.0013931 secs] 15572K->11367K(19840K), 0.0016015 secs] [Times: user=0.00 sys=0.00, real=0.00 secs] 
Heap after GC invocations=1071 (full 136):
 par new generation   total 6144K, used 8K [0x00000000fec00000, 0x00000000ff2a0000, 0x00000000ff2a0000)
  eden space 5504K,   0% used [0x00000000fec00000, 0x00000000fec00000, 0x00000000ff160000)
  from space 640K,   1% used [0x00000000ff160000, 0x00000000ff162040, 0x00000000ff200000)
  to   space 640K,   0% used [0x00000000ff200000, 0x00000000ff200000, 0x00000000ff2a0000)
 concurrent mark-sweep generation total 13696K, used 11359K [0x00000000ff2a0000, 0x0000000100000000, 0x0000000100000000)
 Metaspace       used 5070K, capacity 5248K, committed 5504K, reserved 1056768K
  class space    used 554K, capacity 592K, committed 640K, reserved 1048576K
}
{Heap before GC invocations=1071 (full 136):
 par new generation   total 6144K, used 5237K [0x00000000fec00000, 0x00000000ff2a0000, 0x00000000ff2a0000)
  eden space 5504K,  95% used [0x00000000fec00000, 0x00000000ff11b798, 0x00000000ff160000)
  from space 640K,   1% used [0x00000000ff160000, 0x00000000ff162040, 0x00000000ff200000)
  to   space 640K,   0% used [0x00000000ff200000, 0x00000000ff200000, 0x00000000ff2a0000)
 concurrent mark-sweep generation total 13696K, used 11359K [0x00000000ff2a0000, 0x0000000100000000, 0x0000000100000000)
 Metaspace       used 5070K, capacity 5248K, committed 5504K, reserved 1056768K
  class space    used 554K, capacity 592K, committed 640K, reserved 1048576K
2024-07-16T11:01:43.915+0800: 8.795: [GC (Allocation Failure) 2024-07-16T11:01:43.915+0800: 8.795: [ParNew: 5237K->6K(6144K), 0.0014515 secs] 16597K->12389K(19840K), 0.0015433 secs] [Times: user=0.00 sys=0.00, real=0.00 secs] 
Heap after GC invocations=1072 (full 136):
 par new generation   total 6144K, used 6K [0x00000000fec00000, 0x00000000ff2a0000, 0x00000000ff2a0000)
  eden space 5504K,   0% used [0x00000000fec00000, 0x00000000fec00000, 0x00000000ff160000)
  from space 640K,   0% used [0x00000000ff200000, 0x00000000ff201830, 0x00000000ff2a0000)
  to   space 640K,   0% used [0x00000000ff160000, 0x00000000ff160000, 0x00000000ff200000)
 concurrent mark-sweep generation total 13696K, used 12383K [0x00000000ff2a0000, 0x0000000100000000, 0x0000000100000000)
 Metaspace       used 5070K, capacity 5248K, committed 5504K, reserved 1056768K
  class space    used 554K, capacity 592K, committed 640K, reserved 1048576K
}
{Heap before GC invocations=1072 (full 136):
 par new generation   total 6144K, used 5235K [0x00000000fec00000, 0x00000000ff2a0000, 0x00000000ff2a0000)
  eden space 5504K,  95% used [0x00000000fec00000, 0x00000000ff11b798, 0x00000000ff160000)
  from space 640K,   0% used [0x00000000ff200000, 0x00000000ff201830, 0x00000000ff2a0000)
  to   space 640K,   0% used [0x00000000ff160000, 0x00000000ff160000, 0x00000000ff200000)
 concurrent mark-sweep generation total 13696K, used 12383K [0x00000000ff2a0000, 0x0000000100000000, 0x0000000100000000)
 Metaspace       used 5070K, capacity 5248K, committed 5504K, reserved 1056768K
  class space    used 554K, capacity 592K, committed 640K, reserved 1048576K
2024-07-16T11:01:43.923+0800: 8.803: [GC (Allocation Failure) 2024-07-16T11:01:43.923+0800: 8.803: [ParNew: 5235K->6K(6144K), 0.0012601 secs] 17619K->13413K(19840K), 0.0013490 secs] [Times: user=0.16 sys=0.00, real=0.00 secs] 
Heap after GC invocations=1073 (full 136):
 par new generation   total 6144K, used 6K [0x00000000fec00000, 0x00000000ff2a0000, 0x00000000ff2a0000)
  eden space 5504K,   0% used [0x00000000fec00000, 0x00000000fec00000, 0x00000000ff160000)
  from space 640K,   0% used [0x00000000ff160000, 0x00000000ff161830, 0x00000000ff200000)
  to   space 640K,   0% used [0x00000000ff200000, 0x00000000ff200000, 0x00000000ff2a0000)
 concurrent mark-sweep generation total 13696K, used 13407K [0x00000000ff2a0000, 0x0000000100000000, 0x0000000100000000)
 Metaspace       used 5070K, capacity 5248K, committed 5504K, reserved 1056768K
  class space    used 554K, capacity 592K, committed 640K, reserved 1048576K
}
2024-07-16T11:01:43.924+0800: 8.805: [CMS-concurrent-abortable-preclean: 0.001/0.068 secs] [Times: user=0.16 sys=0.00, real=0.07 secs] 
2024-07-16T11:01:43.924+0800: 8.805: [GC (CMS Final Remark) [YG occupancy: 1139 K (6144 K)]2024-07-16T11:01:43.925+0800: 8.805: [Rescan (parallel) , 0.0006418 secs]2024-07-16T11:01:43.925+0800: 8.806: [weak refs processing, 0.0000506 secs]2024-07-16T11:01:43.925+0800: 8.806: [class unloading, 0.0009513 secs]2024-07-16T11:01:43.926+0800: 8.807: [scrub symbol table, 0.0009583 secs]2024-07-16T11:01:43.927+0800: 8.808: [scrub string table, 0.0003558 secs][1 CMS-remark: 13407K(13696K)] 14546K(19840K), 0.0031659 secs] [Times: user=0.00 sys=0.00, real=0.00 secs] 
2024-07-16T11:01:43.928+0800: 8.808: [CMS-concurrent-sweep-start]
2024-07-16T11:01:43.929+0800: 8.809: [CMS-concurrent-sweep: 0.001/0.001 secs] [Times: user=0.00 sys=0.00, real=0.00 secs] 
2024-07-16T11:01:43.929+0800: 8.809: [CMS-concurrent-reset-start]
2024-07-16T11:01:43.929+0800: 8.809: [CMS-concurrent-reset: 0.000/0.000 secs] [Times: user=0.00 sys=0.00, real=0.00 secs] 
{Heap before GC invocations=1073 (full 136):
 par new generation   total 6144K, used 5235K [0x00000000fec00000, 0x00000000ff2a0000, 0x00000000ff2a0000)
  eden space 5504K,  95% used [0x00000000fec00000, 0x00000000ff11b798, 0x00000000ff160000)
  from space 640K,   0% used [0x00000000ff160000, 0x00000000ff161830, 0x00000000ff200000)
  to   space 640K,   0% used [0x00000000ff200000, 0x00000000ff200000, 0x00000000ff2a0000)
 concurrent mark-sweep generation total 13696K, used 10334K [0x00000000ff2a0000, 0x0000000100000000, 0x0000000100000000)
 Metaspace       used 5070K, capacity 5248K, committed 5504K, reserved 1056768K
  class space    used 554K, capacity 592K, committed 640K, reserved 1048576K
2024-07-16T11:01:43.934+0800: 8.814: [GC (Allocation Failure) 2024-07-16T11:01:43.934+0800: 8.814: [ParNew: 5235K->8K(6144K), 0.0014250 secs] 15570K->11367K(19840K), 0.0015165 secs] [Times: user=0.00 sys=0.00, real=0.00 secs] 
Heap after GC invocations=1074 (full 136):
 par new generation   total 6144K, used 8K [0x00000000fec00000, 0x00000000ff2a0000, 0x00000000ff2a0000)
  eden space 5504K,   0% used [0x00000000fec00000, 0x00000000fec00000, 0x00000000ff160000)
  from space 640K,   1% used [0x00000000ff200000, 0x00000000ff202040, 0x00000000ff2a0000)
  to   space 640K,   0% used [0x00000000ff160000, 0x00000000ff160000, 0x00000000ff200000)
 concurrent mark-sweep generation total 13696K, used 11358K [0x00000000ff2a0000, 0x0000000100000000, 0x0000000100000000)
 Metaspace       used 5070K, capacity 5248K, committed 5504K, reserved 1056768K
  class space    used 554K, capacity 592K, committed 640K, reserved 1048576K
}
2024-07-16T11:01:43.936+0800: 8.816: [GC (CMS Initial Mark) [1 CMS-initial-mark: 11358K(13696K)] 12393K(19840K), 0.0004142 secs] [Times: user=0.00 sys=0.00, real=0.00 secs] 
2024-07-16T11:01:43.936+0800: 8.817: [CMS-concurrent-mark-start]
2024-07-16T11:01:43.940+0800: 8.821: [CMS-concurrent-mark: 0.004/0.004 secs] [Times: user=0.05 sys=0.00, real=0.00 secs] 
2024-07-16T11:01:43.940+0800: 8.821: [CMS-concurrent-preclean-start]
2024-07-16T11:01:43.941+0800: 8.821: [CMS-concurrent-preclean: 0.000/0.000 secs] [Times: user=0.00 sys=0.00, real=0.00 secs] 
2024-07-16T11:01:43.941+0800: 8.821: [CMS-concurrent-abortable-preclean-start]
{Heap before GC invocations=1074 (full 137):
 par new generation   total 6144K, used 5237K [0x00000000fec00000, 0x00000000ff2a0000, 0x00000000ff2a0000)
  eden space 5504K,  95% used [0x00000000fec00000, 0x00000000ff11b798, 0x00000000ff160000)
  from space 640K,   1% used [0x00000000ff200000, 0x00000000ff202040, 0x00000000ff2a0000)
  to   space 640K,   0% used [0x00000000ff160000, 0x00000000ff160000, 0x00000000ff200000)
 concurrent mark-sweep generation total 13696K, used 11358K [0x00000000ff2a0000, 0x0000000100000000, 0x0000000100000000)
 Metaspace       used 5070K, capacity 5248K, committed 5504K, reserved 1056768K
  class space    used 554K, capacity 592K, committed 640K, reserved 1048576K
2024-07-16T11:01:43.944+0800: 8.824: [GC (Allocation Failure) 2024-07-16T11:01:43.944+0800: 8.824: [ParNew: 5237K->8K(6144K), 0.0010585 secs] 16596K->12393K(19840K), 0.0011598 secs] [Times: user=0.00 sys=0.00, real=0.00 secs] 
Heap after GC invocations=1075 (full 137):
 par new generation   total 6144K, used 8K [0x00000000fec00000, 0x00000000ff2a0000, 0x00000000ff2a0000)
  eden space 5504K,   0% used [0x00000000fec00000, 0x00000000fec00000, 0x00000000ff160000)
  from space 640K,   1% used [0x00000000ff160000, 0x00000000ff162040, 0x00000000ff200000)
  to   space 640K,   0% used [0x00000000ff200000, 0x00000000ff200000, 0x00000000ff2a0000)
 concurrent mark-sweep generation total 13696K, used 12385K [0x00000000ff2a0000, 0x0000000100000000, 0x0000000100000000)
 Metaspace       used 5070K, capacity 5248K, committed 5504K, reserved 1056768K
  class space    used 554K, capacity 592K, committed 640K, reserved 1048576K
}
{Heap before GC invocations=1075 (full 137):
 par new generation   total 6144K, used 5237K [0x00000000fec00000, 0x00000000ff2a0000, 0x00000000ff2a0000)
  eden space 5504K,  95% used [0x00000000fec00000, 0x00000000ff11b798, 0x00000000ff160000)
  from space 640K,   1% used [0x00000000ff160000, 0x00000000ff162040, 0x00000000ff200000)
  to   space 640K,   0% used [0x00000000ff200000, 0x00000000ff200000, 0x00000000ff2a0000)
 concurrent mark-sweep generation total 13696K, used 12385K [0x00000000ff2a0000, 0x0000000100000000, 0x0000000100000000)
 Metaspace       used 5070K, capacity 5248K, committed 5504K, reserved 1056768K
  class space    used 554K, capacity 592K, committed 640K, reserved 1048576K
2024-07-16T11:01:43.953+0800: 8.833: [GC (Allocation Failure) 2024-07-16T11:01:43.953+0800: 8.833: [ParNew (promotion failed): 5237K->5235K(6144K), 0.0008674 secs]2024-07-16T11:01:43.954+0800: 8.834: [CMS2024-07-16T11:01:43.954+0800: 8.834: [CMS-concurrent-abortable-preclean: 0.000/0.013 secs] [Times: user=0.00 sys=0.00, real=0.01 secs] 
 (concurrent mode failure): 12387K->2130K(13696K), 0.0048365 secs] 17623K->2130K(19840K), [Metaspace: 5070K->5070K(1056768K)], 0.0058006 secs] [Times: user=0.02 sys=0.00, real=0.00 secs] 
Heap after GC invocations=1076 (full 138):
 par new generation   total 6144K, used 0K [0x00000000fec00000, 0x00000000ff2a0000, 0x00000000ff2a0000)
  eden space 5504K,   0% used [0x00000000fec00000, 0x00000000fec00000, 0x00000000ff160000)
  from space 640K,   0% used [0x00000000ff200000, 0x00000000ff200000, 0x00000000ff2a0000)
  to   space 640K,   0% used [0x00000000ff160000, 0x00000000ff160000, 0x00000000ff200000)
 concurrent mark-sweep generation total 13696K, used 2130K [0x00000000ff2a0000, 0x0000000100000000, 0x0000000100000000)
 Metaspace       used 5070K, capacity 5248K, committed 5504K, reserved 1056768K
  class space    used 554K, capacity 592K, committed 640K, reserved 1048576K
}
{Heap before GC invocations=1076 (full 138):
 par new generation   total 6144K, used 5229K [0x00000000fec00000, 0x00000000ff2a0000, 0x00000000ff2a0000)
  eden space 5504K,  95% used [0x00000000fec00000, 0x00000000ff11b798, 0x00000000ff160000)
  from space 640K,   0% used [0x00000000ff200000, 0x00000000ff200000, 0x00000000ff2a0000)
  to   space 640K,   0% used [0x00000000ff160000, 0x00000000ff160000, 0x00000000ff200000)
 concurrent mark-sweep generation total 13696K, used 2130K [0x00000000ff2a0000, 0x0000000100000000, 0x0000000100000000)
 Metaspace       used 5070K, capacity 5248K, committed 5504K, reserved 1056768K
  class space    used 554K, capacity 592K, committed 640K, reserved 1048576K
2024-07-16T11:01:43.966+0800: 8.846: [GC (Allocation Failure) 2024-07-16T11:01:43.966+0800: 8.846: [ParNew: 5229K->10K(6144K), 0.0015716 secs] 7360K->4190K(19840K), 0.0016905 secs] [Times: user=0.00 sys=0.00, real=0.00 secs] 
Heap after GC invocations=1077 (full 138):
 par new generation   total 6144K, used 10K [0x00000000fec00000, 0x00000000ff2a0000, 0x00000000ff2a0000)
  eden space 5504K,   0% used [0x00000000fec00000, 0x00000000fec00000, 0x00000000ff160000)
  from space 640K,   1% used [0x00000000ff160000, 0x00000000ff162850, 0x00000000ff200000)
  to   space 640K,   0% used [0x00000000ff200000, 0x00000000ff200000, 0x00000000ff2a0000)
 concurrent mark-sweep generation total 13696K, used 4180K [0x00000000ff2a0000, 0x0000000100000000, 0x0000000100000000)
 Metaspace       used 5070K, capacity 5248K, committed 5504K, reserved 1056768K
  class space    used 554K, capacity 592K, committed 640K, reserved 1048576K
}
2024-07-16T11:01:43.968+0800: 8.848: [GC (CMS Initial Mark) [1 CMS-initial-mark: 4180K(13696K)] 5216K(19840K), 0.0003806 secs] [Times: user=0.00 sys=0.00, real=0.00 secs] 
2024-07-16T11:01:43.968+0800: 8.849: [CMS-concurrent-mark-start]
2024-07-16T11:01:43.971+0800: 8.851: [CMS-concurrent-mark: 0.003/0.003 secs] [Times: user=0.05 sys=0.00, real=0.00 secs] 
2024-07-16T11:01:43.971+0800: 8.851: [CMS-concurrent-preclean-start]
2024-07-16T11:01:43.971+0800: 8.852: [CMS-concurrent-preclean: 0.000/0.000 secs] [Times: user=0.00 sys=0.00, real=0.00 secs] 
2024-07-16T11:01:43.971+0800: 8.852: [CMS-concurrent-abortable-preclean-start]
{Heap before GC invocations=1077 (full 139):
 par new generation   total 6144K, used 5239K [0x00000000fec00000, 0x00000000ff2a0000, 0x00000000ff2a0000)
  eden space 5504K,  95% used [0x00000000fec00000, 0x00000000ff11b798, 0x00000000ff160000)
  from space 640K,   1% used [0x00000000ff160000, 0x00000000ff162850, 0x00000000ff200000)
  to   space 640K,   0% used [0x00000000ff200000, 0x00000000ff200000, 0x00000000ff2a0000)
 concurrent mark-sweep generation total 13696K, used 4180K [0x00000000ff2a0000, 0x0000000100000000, 0x0000000100000000)
 Metaspace       used 5070K, capacity 5248K, committed 5504K, reserved 1056768K
  class space    used 554K, capacity 592K, committed 640K, reserved 1048576K
2024-07-16T11:01:43.977+0800: 8.857: [GC (Allocation Failure) 2024-07-16T11:01:43.977+0800: 8.857: [ParNew: 5239K->6K(6144K), 0.0010403 secs] 9420K->5210K(19840K), 0.0010944 secs] [Times: user=0.00 sys=0.00, real=0.00 secs] 
Heap after GC invocations=1078 (full 139):
 par new generation   total 6144K, used 6K [0x00000000fec00000, 0x00000000ff2a0000, 0x00000000ff2a0000)
  eden space 5504K,   0% used [0x00000000fec00000, 0x00000000fec00000, 0x00000000ff160000)
  from space 640K,   0% used [0x00000000ff200000, 0x00000000ff201830, 0x00000000ff2a0000)
  to   space 640K,   0% used [0x00000000ff160000, 0x00000000ff160000, 0x00000000ff200000)
 concurrent mark-sweep generation total 13696K, used 5204K [0x00000000ff2a0000, 0x0000000100000000, 0x0000000100000000)
 Metaspace       used 5070K, capacity 5248K, committed 5504K, reserved 1056768K
  class space    used 554K, capacity 592K, committed 640K, reserved 1048576K
}
{Heap before GC invocations=1078 (full 139):
 par new generation   total 6144K, used 5235K [0x00000000fec00000, 0x00000000ff2a0000, 0x00000000ff2a0000)
  eden space 5504K,  95% used [0x00000000fec00000, 0x00000000ff11b798, 0x00000000ff160000)
  from space 640K,   0% used [0x00000000ff200000, 0x00000000ff201830, 0x00000000ff2a0000)
  to   space 640K,   0% used [0x00000000ff160000, 0x00000000ff160000, 0x00000000ff200000)
 concurrent mark-sweep generation total 13696K, used 5204K [0x00000000ff2a0000, 0x0000000100000000, 0x0000000100000000)
 Metaspace       used 5070K, capacity 5248K, committed 5504K, reserved 1056768K
  class space    used 554K, capacity 592K, committed 640K, reserved 1048576K
2024-07-16T11:01:43.985+0800: 8.865: [GC (Allocation Failure) 2024-07-16T11:01:43.985+0800: 8.865: [ParNew: 5235K->8K(6144K), 0.0012936 secs] 10440K->6238K(19840K), 0.0013789 secs] [Times: user=0.00 sys=0.00, real=0.00 secs] 
Heap after GC invocations=1079 (full 139):
 par new generation   total 6144K, used 8K [0x00000000fec00000, 0x00000000ff2a0000, 0x00000000ff2a0000)
  eden space 5504K,   0% used [0x00000000fec00000, 0x00000000fec00000, 0x00000000ff160000)
  from space 640K,   1% used [0x00000000ff160000, 0x00000000ff162040, 0x00000000ff200000)
  to   space 640K,   0% used [0x00000000ff200000, 0x00000000ff200000, 0x00000000ff2a0000)
 concurrent mark-sweep generation total 13696K, used 6230K [0x00000000ff2a0000, 0x0000000100000000, 0x0000000100000000)
 Metaspace       used 5070K, capacity 5248K, committed 5504K, reserved 1056768K
  class space    used 554K, capacity 592K, committed 640K, reserved 1048576K
}
{Heap before GC invocations=1079 (full 139):
 par new generation   total 6144K, used 5237K [0x00000000fec00000, 0x00000000ff2a0000, 0x00000000ff2a0000)
  eden space 5504K,  95% used [0x00000000fec00000, 0x00000000ff11b798, 0x00000000ff160000)
  from space 640K,   1% used [0x00000000ff160000, 0x00000000ff162040, 0x00000000ff200000)
  to   space 640K,   0% used [0x00000000ff200000, 0x00000000ff200000, 0x00000000ff2a0000)
 concurrent mark-sweep generation total 13696K, used 6230K [0x00000000ff2a0000, 0x0000000100000000, 0x0000000100000000)
 Metaspace       used 5070K, capacity 5248K, committed 5504K, reserved 1056768K
  class space    used 554K, capacity 592K, committed 640K, reserved 1048576K
2024-07-16T11:01:43.992+0800: 8.872: [GC (Allocation Failure) 2024-07-16T11:01:43.992+0800: 8.872: [ParNew: 5237K->8K(6144K), 0.0013785 secs] 11468K->7262K(19840K), 0.0014738 secs] [Times: user=0.00 sys=0.00, real=0.00 secs] 
Heap after GC invocations=1080 (full 139):
 par new generation   total 6144K, used 8K [0x00000000fec00000, 0x00000000ff2a0000, 0x00000000ff2a0000)
  eden space 5504K,   0% used [0x00000000fec00000, 0x00000000fec00000, 0x00000000ff160000)
  from space 640K,   1% used [0x00000000ff200000, 0x00000000ff202040, 0x00000000ff2a0000)
  to   space 640K,   0% used [0x00000000ff160000, 0x00000000ff160000, 0x00000000ff200000)
 concurrent mark-sweep generation total 13696K, used 7254K [0x00000000ff2a0000, 0x0000000100000000, 0x0000000100000000)
 Metaspace       used 5070K, capacity 5248K, committed 5504K, reserved 1056768K
  class space    used 554K, capacity 592K, committed 640K, reserved 1048576K
}
{Heap before GC invocations=1080 (full 139):
 par new generation   total 6144K, used 5237K [0x00000000fec00000, 0x00000000ff2a0000, 0x00000000ff2a0000)
  eden space 5504K,  95% used [0x00000000fec00000, 0x00000000ff11b798, 0x00000000ff160000)
  from space 640K,   1% used [0x00000000ff200000, 0x00000000ff202040, 0x00000000ff2a0000)
  to   space 640K,   0% used [0x00000000ff160000, 0x00000000ff160000, 0x00000000ff200000)
 concurrent mark-sweep generation total 13696K, used 7254K [0x00000000ff2a0000, 0x0000000100000000, 0x0000000100000000)
 Metaspace       used 5070K, capacity 5248K, committed 5504K, reserved 1056768K
  class space    used 554K, capacity 592K, committed 640K, reserved 1048576K
2024-07-16T11:01:44.001+0800: 8.881: [GC (Allocation Failure) 2024-07-16T11:01:44.001+0800: 8.881: [ParNew: 5237K->4K(6144K), 0.0012099 secs] 12492K->7258K(19840K), 0.0013193 secs] [Times: user=0.14 sys=0.00, real=0.00 secs] 
Heap after GC invocations=1081 (full 139):
 par new generation   total 6144K, used 4K [0x00000000fec00000, 0x00000000ff2a0000, 0x00000000ff2a0000)
  eden space 5504K,   0% used [0x00000000fec00000, 0x00000000fec00000, 0x00000000ff160000)
  from space 640K,   0% used [0x00000000ff160000, 0x00000000ff161020, 0x00000000ff200000)
  to   space 640K,   0% used [0x00000000ff200000, 0x00000000ff200000, 0x00000000ff2a0000)
 concurrent mark-sweep generation total 13696K, used 7254K [0x00000000ff2a0000, 0x0000000100000000, 0x0000000100000000)
 Metaspace       used 5070K, capacity 5248K, committed 5504K, reserved 1056768K
  class space    used 554K, capacity 592K, committed 640K, reserved 1048576K
}
{Heap before GC invocations=1081 (full 139):
 par new generation   total 6144K, used 5233K [0x00000000fec00000, 0x00000000ff2a0000, 0x00000000ff2a0000)
  eden space 5504K,  95% used [0x00000000fec00000, 0x00000000ff11b798, 0x00000000ff160000)
  from space 640K,   0% used [0x00000000ff160000, 0x00000000ff161020, 0x00000000ff200000)
  to   space 640K,   0% used [0x00000000ff200000, 0x00000000ff200000, 0x00000000ff2a0000)
 concurrent mark-sweep generation total 13696K, used 7254K [0x00000000ff2a0000, 0x0000000100000000, 0x0000000100000000)
 Metaspace       used 5070K, capacity 5248K, committed 5504K, reserved 1056768K
  class space    used 554K, capacity 592K, committed 640K, reserved 1048576K
2024-07-16T11:01:44.010+0800: 8.890: [GC (Allocation Failure) 2024-07-16T11:01:44.010+0800: 8.890: [ParNew: 5233K->4K(6144K), 0.0013684 secs] 12488K->8285K(19840K), 0.0014643 secs] [Times: user=0.00 sys=0.00, real=0.00 secs] 
Heap after GC invocations=1082 (full 139):
 par new generation   total 6144K, used 4K [0x00000000fec00000, 0x00000000ff2a0000, 0x00000000ff2a0000)
  eden space 5504K,   0% used [0x00000000fec00000, 0x00000000fec00000, 0x00000000ff160000)
  from space 640K,   0% used [0x00000000ff200000, 0x00000000ff201020, 0x00000000ff2a0000)
  to   space 640K,   0% used [0x00000000ff160000, 0x00000000ff160000, 0x00000000ff200000)
 concurrent mark-sweep generation total 13696K, used 8280K [0x00000000ff2a0000, 0x0000000100000000, 0x0000000100000000)
 Metaspace       used 5070K, capacity 5248K, committed 5504K, reserved 1056768K
  class space    used 554K, capacity 592K, committed 640K, reserved 1048576K
}
{Heap before GC invocations=1082 (full 139):
 par new generation   total 6144K, used 5233K [0x00000000fec00000, 0x00000000ff2a0000, 0x00000000ff2a0000)
  eden space 5504K,  95% used [0x00000000fec00000, 0x00000000ff11b798, 0x00000000ff160000)
  from space 640K,   0% used [0x00000000ff200000, 0x00000000ff201020, 0x00000000ff2a0000)
  to   space 640K,   0% used [0x00000000ff160000, 0x00000000ff160000, 0x00000000ff200000)
 concurrent mark-sweep generation total 13696K, used 8280K [0x00000000ff2a0000, 0x0000000100000000, 0x0000000100000000)
 Metaspace       used 5070K, capacity 5248K, committed 5504K, reserved 1056768K
  class space    used 554K, capacity 592K, committed 640K, reserved 1048576K
2024-07-16T11:01:44.017+0800: 8.897: [GC (Allocation Failure) 2024-07-16T11:01:44.017+0800: 8.897: [ParNew: 5233K->8K(6144K), 0.0012656 secs] 13514K->9315K(19840K), 0.0013599 secs] [Times: user=0.14 sys=0.02, real=0.00 secs] 
Heap after GC invocations=1083 (full 139):
 par new generation   total 6144K, used 8K [0x00000000fec00000, 0x00000000ff2a0000, 0x00000000ff2a0000)
  eden space 5504K,   0% used [0x00000000fec00000, 0x00000000fec00000, 0x00000000ff160000)
  from space 640K,   1% used [0x00000000ff160000, 0x00000000ff162040, 0x00000000ff200000)
  to   space 640K,   0% used [0x00000000ff200000, 0x00000000ff200000, 0x00000000ff2a0000)
 concurrent mark-sweep generation total 13696K, used 9307K [0x00000000ff2a0000, 0x0000000100000000, 0x0000000100000000)
 Metaspace       used 5070K, capacity 5248K, committed 5504K, reserved 1056768K
  class space    used 554K, capacity 592K, committed 640K, reserved 1048576K
}
{Heap before GC invocations=1083 (full 139):
 par new generation   total 6144K, used 5237K [0x00000000fec00000, 0x00000000ff2a0000, 0x00000000ff2a0000)
  eden space 5504K,  95% used [0x00000000fec00000, 0x00000000ff11b798, 0x00000000ff160000)
  from space 640K,   1% used [0x00000000ff160000, 0x00000000ff162040, 0x00000000ff200000)
  to   space 640K,   0% used [0x00000000ff200000, 0x00000000ff200000, 0x00000000ff2a0000)
 concurrent mark-sweep generation total 13696K, used 9307K [0x00000000ff2a0000, 0x0000000100000000, 0x0000000100000000)
 Metaspace       used 5070K, capacity 5248K, committed 5504K, reserved 1056768K
  class space    used 554K, capacity 592K, committed 640K, reserved 1048576K
2024-07-16T11:01:44.025+0800: 8.905: [GC (Allocation Failure) 2024-07-16T11:01:44.025+0800: 8.905: [ParNew: 5237K->8K(6144K), 0.0013994 secs] 14544K->10341K(19840K), 0.0014852 secs] [Times: user=0.00 sys=0.00, real=0.00 secs] 
Heap after GC invocations=1084 (full 139):
 par new generation   total 6144K, used 8K [0x00000000fec00000, 0x00000000ff2a0000, 0x00000000ff2a0000)
  eden space 5504K,   0% used [0x00000000fec00000, 0x00000000fec00000, 0x00000000ff160000)
  from space 640K,   1% used [0x00000000ff200000, 0x00000000ff202040, 0x00000000ff2a0000)
  to   space 640K,   0% used [0x00000000ff160000, 0x00000000ff160000, 0x00000000ff200000)
 concurrent mark-sweep generation total 13696K, used 10333K [0x00000000ff2a0000, 0x0000000100000000, 0x0000000100000000)
 Metaspace       used 5070K, capacity 5248K, committed 5504K, reserved 1056768K
  class space    used 554K, capacity 592K, committed 640K, reserved 1048576K
}
{Heap before GC invocations=1084 (full 139):
 par new generation   total 6144K, used 5237K [0x00000000fec00000, 0x00000000ff2a0000, 0x00000000ff2a0000)
  eden space 5504K,  95% used [0x00000000fec00000, 0x00000000ff11b798, 0x00000000ff160000)
  from space 640K,   1% used [0x00000000ff200000, 0x00000000ff202040, 0x00000000ff2a0000)
  to   space 640K,   0% used [0x00000000ff160000, 0x00000000ff160000, 0x00000000ff200000)
 concurrent mark-sweep generation total 13696K, used 10333K [0x00000000ff2a0000, 0x0000000100000000, 0x0000000100000000)
 Metaspace       used 5070K, capacity 5248K, committed 5504K, reserved 1056768K
  class space    used 554K, capacity 592K, committed 640K, reserved 1048576K
2024-07-16T11:01:44.034+0800: 8.914: [GC (Allocation Failure) 2024-07-16T11:01:44.034+0800: 8.914: [ParNew: 5237K->8K(6144K), 0.0014134 secs] 15571K->11365K(19840K), 0.0015476 secs] [Times: user=0.00 sys=0.00, real=0.00 secs] 
Heap after GC invocations=1085 (full 139):
 par new generation   total 6144K, used 8K [0x00000000fec00000, 0x00000000ff2a0000, 0x00000000ff2a0000)
  eden space 5504K,   0% used [0x00000000fec00000, 0x00000000fec00000, 0x00000000ff160000)
  from space 640K,   1% used [0x00000000ff160000, 0x00000000ff162040, 0x00000000ff200000)
  to   space 640K,   0% used [0x00000000ff200000, 0x00000000ff200000, 0x00000000ff2a0000)
 concurrent mark-sweep generation total 13696K, used 11357K [0x00000000ff2a0000, 0x0000000100000000, 0x0000000100000000)
 Metaspace       used 5070K, capacity 5248K, committed 5504K, reserved 1056768K
  class space    used 554K, capacity 592K, committed 640K, reserved 1048576K
}
{Heap before GC invocations=1085 (full 139):
 par new generation   total 6144K, used 5237K [0x00000000fec00000, 0x00000000ff2a0000, 0x00000000ff2a0000)
  eden space 5504K,  95% used [0x00000000fec00000, 0x00000000ff11b798, 0x00000000ff160000)
  from space 640K,   1% used [0x00000000ff160000, 0x00000000ff162040, 0x00000000ff200000)
  to   space 640K,   0% used [0x00000000ff200000, 0x00000000ff200000, 0x00000000ff2a0000)
 concurrent mark-sweep generation total 13696K, used 11357K [0x00000000ff2a0000, 0x0000000100000000, 0x0000000100000000)
 Metaspace       used 5070K, capacity 5248K, committed 5504K, reserved 1056768K
  class space    used 554K, capacity 592K, committed 640K, reserved 1048576K
2024-07-16T11:01:44.044+0800: 8.924: [GC (Allocation Failure) 2024-07-16T11:01:44.044+0800: 8.924: [ParNew: 5237K->4K(6144K), 0.0011987 secs] 16595K->11361K(19840K), 0.0013097 secs] [Times: user=0.00 sys=0.00, real=0.00 secs] 
Heap after GC invocations=1086 (full 139):
 par new generation   total 6144K, used 4K [0x00000000fec00000, 0x00000000ff2a0000, 0x00000000ff2a0000)
  eden space 5504K,   0% used [0x00000000fec00000, 0x00000000fec00000, 0x00000000ff160000)
  from space 640K,   0% used [0x00000000ff200000, 0x00000000ff201020, 0x00000000ff2a0000)
  to   space 640K,   0% used [0x00000000ff160000, 0x00000000ff160000, 0x00000000ff200000)
 concurrent mark-sweep generation total 13696K, used 11357K [0x00000000ff2a0000, 0x0000000100000000, 0x0000000100000000)
 Metaspace       used 5070K, capacity 5248K, committed 5504K, reserved 1056768K
  class space    used 554K, capacity 592K, committed 640K, reserved 1048576K
}
{Heap before GC invocations=1086 (full 139):
 par new generation   total 6144K, used 5233K [0x00000000fec00000, 0x00000000ff2a0000, 0x00000000ff2a0000)
  eden space 5504K,  95% used [0x00000000fec00000, 0x00000000ff11b798, 0x00000000ff160000)
  from space 640K,   0% used [0x00000000ff200000, 0x00000000ff201020, 0x00000000ff2a0000)
  to   space 640K,   0% used [0x00000000ff160000, 0x00000000ff160000, 0x00000000ff200000)
 concurrent mark-sweep generation total 13696K, used 11357K [0x00000000ff2a0000, 0x0000000100000000, 0x0000000100000000)
 Metaspace       used 5070K, capacity 5248K, committed 5504K, reserved 1056768K
  class space    used 554K, capacity 592K, committed 640K, reserved 1048576K
2024-07-16T11:01:44.052+0800: 8.932: [GC (Allocation Failure) 2024-07-16T11:01:44.052+0800: 8.932: [ParNew: 5233K->8K(6144K), 0.0014665 secs] 16591K->12391K(19840K), 0.0016064 secs] [Times: user=0.00 sys=0.00, real=0.00 secs] 
Heap after GC invocations=1087 (full 139):
 par new generation   total 6144K, used 8K [0x00000000fec00000, 0x00000000ff2a0000, 0x00000000ff2a0000)
  eden space 5504K,   0% used [0x00000000fec00000, 0x00000000fec00000, 0x00000000ff160000)
  from space 640K,   1% used [0x00000000ff160000, 0x00000000ff162040, 0x00000000ff200000)
  to   space 640K,   0% used [0x00000000ff200000, 0x00000000ff200000, 0x00000000ff2a0000)
 concurrent mark-sweep generation total 13696K, used 12383K [0x00000000ff2a0000, 0x0000000100000000, 0x0000000100000000)
 Metaspace       used 5070K, capacity 5248K, committed 5504K, reserved 1056768K
  class space    used 554K, capacity 592K, committed 640K, reserved 1048576K
}
{Heap before GC invocations=1087 (full 139):
 par new generation   total 6144K, used 5237K [0x00000000fec00000, 0x00000000ff2a0000, 0x00000000ff2a0000)
  eden space 5504K,  95% used [0x00000000fec00000, 0x00000000ff11b798, 0x00000000ff160000)
  from space 640K,   1% used [0x00000000ff160000, 0x00000000ff162040, 0x00000000ff200000)
  to   space 640K,   0% used [0x00000000ff200000, 0x00000000ff200000, 0x00000000ff2a0000)
 concurrent mark-sweep generation total 13696K, used 12383K [0x00000000ff2a0000, 0x0000000100000000, 0x0000000100000000)
 Metaspace       used 5070K, capacity 5248K, committed 5504K, reserved 1056768K
  class space    used 554K, capacity 592K, committed 640K, reserved 1048576K
2024-07-16T11:01:44.062+0800: 8.942: [GC (Allocation Failure) 2024-07-16T11:01:44.062+0800: 8.942: [ParNew: 5237K->8K(6144K), 0.0012966 secs] 17621K->13415K(19840K), 0.0014017 secs] [Times: user=0.00 sys=0.00, real=0.00 secs] 
Heap after GC invocations=1088 (full 139):
 par new generation   total 6144K, used 8K [0x00000000fec00000, 0x00000000ff2a0000, 0x00000000ff2a0000)
  eden space 5504K,   0% used [0x00000000fec00000, 0x00000000fec00000, 0x00000000ff160000)
  from space 640K,   1% used [0x00000000ff200000, 0x00000000ff202040, 0x00000000ff2a0000)
  to   space 640K,   0% used [0x00000000ff160000, 0x00000000ff160000, 0x00000000ff200000)
 concurrent mark-sweep generation total 13696K, used 13407K [0x00000000ff2a0000, 0x0000000100000000, 0x0000000100000000)
 Metaspace       used 5070K, capacity 5248K, committed 5504K, reserved 1056768K
  class space    used 554K, capacity 592K, committed 640K, reserved 1048576K
}
2024-07-16T11:01:44.063+0800: 8.944: [CMS-concurrent-abortable-preclean: 0.001/0.092 secs] [Times: user=0.28 sys=0.02, real=0.09 secs] 
2024-07-16T11:01:44.064+0800: 8.944: [GC (CMS Final Remark) [YG occupancy: 1141 K (6144 K)]2024-07-16T11:01:44.064+0800: 8.944: [Rescan (parallel) , 0.0006333 secs]2024-07-16T11:01:44.064+0800: 8.945: [weak refs processing, 0.0000358 secs]2024-07-16T11:01:44.064+0800: 8.945: [class unloading, 0.0009673 secs]2024-07-16T11:01:44.065+0800: 8.946: [scrub symbol table, 0.0011441 secs]2024-07-16T11:01:44.066+0800: 8.947: [scrub string table, 0.0003195 secs][1 CMS-remark: 13407K(13696K)] 14549K(19840K), 0.0032655 secs] [Times: user=0.01 sys=0.00, real=0.00 secs] 
2024-07-16T11:01:44.067+0800: 8.947: [CMS-concurrent-sweep-start]
2024-07-16T11:01:44.068+0800: 8.948: [CMS-concurrent-sweep: 0.001/0.001 secs] [Times: user=0.00 sys=0.00, real=0.00 secs] 
2024-07-16T11:01:44.068+0800: 8.948: [CMS-concurrent-reset-start]
2024-07-16T11:01:44.068+0800: 8.948: [CMS-concurrent-reset: 0.000/0.000 secs] [Times: user=0.00 sys=0.00, real=0.00 secs] 
{Heap before GC invocations=1088 (full 139):
 par new generation   total 6144K, used 5237K [0x00000000fec00000, 0x00000000ff2a0000, 0x00000000ff2a0000)
  eden space 5504K,  95% used [0x00000000fec00000, 0x00000000ff11b798, 0x00000000ff160000)
  from space 640K,   1% used [0x00000000ff200000, 0x00000000ff202040, 0x00000000ff2a0000)
  to   space 640K,   0% used [0x00000000ff160000, 0x00000000ff160000, 0x00000000ff200000)
 concurrent mark-sweep generation total 13696K, used 10334K [0x00000000ff2a0000, 0x0000000100000000, 0x0000000100000000)
 Metaspace       used 5070K, capacity 5248K, committed 5504K, reserved 1056768K
  class space    used 554K, capacity 592K, committed 640K, reserved 1048576K
2024-07-16T11:01:44.072+0800: 8.952: [GC (Allocation Failure) 2024-07-16T11:01:44.072+0800: 8.952: [ParNew: 5237K->8K(6144K), 0.0014179 secs] 15572K->11367K(19840K), 0.0015112 secs] [Times: user=0.00 sys=0.00, real=0.00 secs] 
Heap after GC invocations=1089 (full 139):
 par new generation   total 6144K, used 8K [0x00000000fec00000, 0x00000000ff2a0000, 0x00000000ff2a0000)
  eden space 5504K,   0% used [0x00000000fec00000, 0x00000000fec00000, 0x00000000ff160000)
  from space 640K,   1% used [0x00000000ff160000, 0x00000000ff162040, 0x00000000ff200000)
  to   space 640K,   0% used [0x00000000ff200000, 0x00000000ff200000, 0x00000000ff2a0000)
 concurrent mark-sweep generation total 13696K, used 11358K [0x00000000ff2a0000, 0x0000000100000000, 0x0000000100000000)
 Metaspace       used 5070K, capacity 5248K, committed 5504K, reserved 1056768K
  class space    used 554K, capacity 592K, committed 640K, reserved 1048576K
}
2024-07-16T11:01:44.074+0800: 8.954: [GC (CMS Initial Mark) [1 CMS-initial-mark: 11358K(13696K)] 12393K(19840K), 0.0003461 secs] [Times: user=0.00 sys=0.00, real=0.00 secs] 
2024-07-16T11:01:44.074+0800: 8.954: [CMS-concurrent-mark-start]
2024-07-16T11:01:44.078+0800: 8.959: [CMS-concurrent-mark: 0.004/0.004 secs] [Times: user=0.00 sys=0.00, real=0.00 secs] 
2024-07-16T11:01:44.078+0800: 8.959: [CMS-concurrent-preclean-start]
2024-07-16T11:01:44.078+0800: 8.959: [CMS-concurrent-preclean: 0.000/0.000 secs] [Times: user=0.00 sys=0.00, real=0.00 secs] 
2024-07-16T11:01:44.078+0800: 8.959: [CMS-concurrent-abortable-preclean-start]
{Heap before GC invocations=1089 (full 140):
 par new generation   total 6144K, used 5237K [0x00000000fec00000, 0x00000000ff2a0000, 0x00000000ff2a0000)
  eden space 5504K,  95% used [0x00000000fec00000, 0x00000000ff11b798, 0x00000000ff160000)
  from space 640K,   1% used [0x00000000ff160000, 0x00000000ff162040, 0x00000000ff200000)
  to   space 640K,   0% used [0x00000000ff200000, 0x00000000ff200000, 0x00000000ff2a0000)
 concurrent mark-sweep generation total 13696K, used 11358K [0x00000000ff2a0000, 0x0000000100000000, 0x0000000100000000)
 Metaspace       used 5070K, capacity 5248K, committed 5504K, reserved 1056768K
  class space    used 554K, capacity 592K, committed 640K, reserved 1048576K
2024-07-16T11:01:44.081+0800: 8.961: [GC (Allocation Failure) 2024-07-16T11:01:44.081+0800: 8.961: [ParNew: 5237K->6K(6144K), 0.0009366 secs] 16596K->12389K(19840K), 0.0010024 secs] [Times: user=0.00 sys=0.00, real=0.00 secs] 
Heap after GC invocations=1090 (full 140):
 par new generation   total 6144K, used 6K [0x00000000fec00000, 0x00000000ff2a0000, 0x00000000ff2a0000)
  eden space 5504K,   0% used [0x00000000fec00000, 0x00000000fec00000, 0x00000000ff160000)
  from space 640K,   0% used [0x00000000ff200000, 0x00000000ff201830, 0x00000000ff2a0000)
  to   space 640K,   0% used [0x00000000ff160000, 0x00000000ff160000, 0x00000000ff200000)
 concurrent mark-sweep generation total 13696K, used 12382K [0x00000000ff2a0000, 0x0000000100000000, 0x0000000100000000)
 Metaspace       used 5070K, capacity 5248K, committed 5504K, reserved 1056768K
  class space    used 554K, capacity 592K, committed 640K, reserved 1048576K
}
{Heap before GC invocations=1090 (full 140):
 par new generation   total 6144K, used 5235K [0x00000000fec00000, 0x00000000ff2a0000, 0x00000000ff2a0000)
  eden space 5504K,  95% used [0x00000000fec00000, 0x00000000ff11b798, 0x00000000ff160000)
  from space 640K,   0% used [0x00000000ff200000, 0x00000000ff201830, 0x00000000ff2a0000)
  to   space 640K,   0% used [0x00000000ff160000, 0x00000000ff160000, 0x00000000ff200000)
 concurrent mark-sweep generation total 13696K, used 12382K [0x00000000ff2a0000, 0x0000000100000000, 0x0000000100000000)
 Metaspace       used 5070K, capacity 5248K, committed 5504K, reserved 1056768K
  class space    used 554K, capacity 592K, committed 640K, reserved 1048576K
2024-07-16T11:01:44.090+0800: 8.970: [GC (Allocation Failure) 2024-07-16T11:01:44.090+0800: 8.970: [ParNew: 5235K->4K(6144K), 0.0011404 secs] 17618K->12387K(19840K), 0.0012476 secs] [Times: user=0.00 sys=0.00, real=0.00 secs] 
Heap after GC invocations=1091 (full 140):
 par new generation   total 6144K, used 4K [0x00000000fec00000, 0x00000000ff2a0000, 0x00000000ff2a0000)
  eden space 5504K,   0% used [0x00000000fec00000, 0x00000000fec00000, 0x00000000ff160000)
  from space 640K,   0% used [0x00000000ff160000, 0x00000000ff161020, 0x00000000ff200000)
  to   space 640K,   0% used [0x00000000ff200000, 0x00000000ff200000, 0x00000000ff2a0000)
 concurrent mark-sweep generation total 13696K, used 12382K [0x00000000ff2a0000, 0x0000000100000000, 0x0000000100000000)
 Metaspace       used 5070K, capacity 5248K, committed 5504K, reserved 1056768K
  class space    used 554K, capacity 592K, committed 640K, reserved 1048576K
}
{Heap before GC invocations=1091 (full 140):
 par new generation   total 6144K, used 5233K [0x00000000fec00000, 0x00000000ff2a0000, 0x00000000ff2a0000)
  eden space 5504K,  95% used [0x00000000fec00000, 0x00000000ff11b798, 0x00000000ff160000)
  from space 640K,   0% used [0x00000000ff160000, 0x00000000ff161020, 0x00000000ff200000)
  to   space 640K,   0% used [0x00000000ff200000, 0x00000000ff200000, 0x00000000ff2a0000)
 concurrent mark-sweep generation total 13696K, used 12382K [0x00000000ff2a0000, 0x0000000100000000, 0x0000000100000000)
 Metaspace       used 5070K, capacity 5248K, committed 5504K, reserved 1056768K
  class space    used 554K, capacity 592K, committed 640K, reserved 1048576K
2024-07-16T11:01:44.099+0800: 8.979: [GC (Allocation Failure) 2024-07-16T11:01:44.099+0800: 8.979: [ParNew: 5233K->4K(6144K), 0.0012377 secs] 17616K->12387K(19840K), 0.0013133 secs] [Times: user=0.00 sys=0.00, real=0.00 secs] 
Heap after GC invocations=1092 (full 140):
 par new generation   total 6144K, used 4K [0x00000000fec00000, 0x00000000ff2a0000, 0x00000000ff2a0000)
  eden space 5504K,   0% used [0x00000000fec00000, 0x00000000fec00000, 0x00000000ff160000)
  from space 640K,   0% used [0x00000000ff200000, 0x00000000ff201020, 0x00000000ff2a0000)
  to   space 640K,   0% used [0x00000000ff160000, 0x00000000ff160000, 0x00000000ff200000)
 concurrent mark-sweep generation total 13696K, used 12382K [0x00000000ff2a0000, 0x0000000100000000, 0x0000000100000000)
 Metaspace       used 5070K, capacity 5248K, committed 5504K, reserved 1056768K
  class space    used 554K, capacity 592K, committed 640K, reserved 1048576K
}
{Heap before GC invocations=1092 (full 140):
 par new generation   total 6144K, used 5233K [0x00000000fec00000, 0x00000000ff2a0000, 0x00000000ff2a0000)
  eden space 5504K,  95% used [0x00000000fec00000, 0x00000000ff11b798, 0x00000000ff160000)
  from space 640K,   0% used [0x00000000ff200000, 0x00000000ff201020, 0x00000000ff2a0000)
  to   space 640K,   0% used [0x00000000ff160000, 0x00000000ff160000, 0x00000000ff200000)
 concurrent mark-sweep generation total 13696K, used 12382K [0x00000000ff2a0000, 0x0000000100000000, 0x0000000100000000)
 Metaspace       used 5070K, capacity 5248K, committed 5504K, reserved 1056768K
  class space    used 554K, capacity 592K, committed 640K, reserved 1048576K
2024-07-16T11:01:44.108+0800: 8.988: [GC (Allocation Failure) 2024-07-16T11:01:44.108+0800: 8.988: [ParNew: 5233K->8K(6144K), 0.0011630 secs] 17616K->13417K(19840K), 0.0012769 secs] [Times: user=0.00 sys=0.00, real=0.00 secs] 
Heap after GC invocations=1093 (full 140):
 par new generation   total 6144K, used 8K [0x00000000fec00000, 0x00000000ff2a0000, 0x00000000ff2a0000)
  eden space 5504K,   0% used [0x00000000fec00000, 0x00000000fec00000, 0x00000000ff160000)
  from space 640K,   1% used [0x00000000ff160000, 0x00000000ff162040, 0x00000000ff200000)
  to   space 640K,   0% used [0x00000000ff200000, 0x00000000ff200000, 0x00000000ff2a0000)
 concurrent mark-sweep generation total 13696K, used 13409K [0x00000000ff2a0000, 0x0000000100000000, 0x0000000100000000)
 Metaspace       used 5070K, capacity 5248K, committed 5504K, reserved 1056768K
  class space    used 554K, capacity 592K, committed 640K, reserved 1048576K
}
2024-07-16T11:01:44.109+0800: 8.990: [CMS-concurrent-abortable-preclean: 0.000/0.031 secs] [Times: user=0.00 sys=0.00, real=0.03 secs] 
2024-07-16T11:01:44.109+0800: 8.990: [GC (CMS Final Remark) [YG occupancy: 1141 K (6144 K)]2024-07-16T11:01:44.109+0800: 8.990: [Rescan (parallel) , 0.0005083 secs]2024-07-16T11:01:44.110+0800: 8.990: [weak refs processing, 0.0000278 secs]2024-07-16T11:01:44.110+0800: 8.991: [class unloading, 0.0007830 secs]2024-07-16T11:01:44.111+0800: 8.991: [scrub symbol table, 0.0008713 secs]2024-07-16T11:01:44.112+0800: 8.992: [scrub string table, 0.0002836 secs][1 CMS-remark: 13409K(13696K)] 14550K(19840K), 0.0026003 secs] [Times: user=0.02 sys=0.00, real=0.00 secs] 
2024-07-16T11:01:44.112+0800: 8.993: [CMS-concurrent-sweep-start]
2024-07-16T11:01:44.113+0800: 8.993: [CMS-concurrent-sweep: 0.001/0.001 secs] [Times: user=0.00 sys=0.00, real=0.00 secs] 
2024-07-16T11:01:44.113+0800: 8.993: [CMS-concurrent-reset-start]
2024-07-16T11:01:44.113+0800: 8.994: [CMS-concurrent-reset: 0.000/0.000 secs] [Times: user=0.00 sys=0.00, real=0.00 secs] 
{Heap before GC invocations=1093 (full 140):
 par new generation   total 6144K, used 5237K [0x00000000fec00000, 0x00000000ff2a0000, 0x00000000ff2a0000)
  eden space 5504K,  95% used [0x00000000fec00000, 0x00000000ff11b798, 0x00000000ff160000)
  from space 640K,   1% used [0x00000000ff160000, 0x00000000ff162040, 0x00000000ff200000)
  to   space 640K,   0% used [0x00000000ff200000, 0x00000000ff200000, 0x00000000ff2a0000)
 concurrent mark-sweep generation total 13696K, used 3168K [0x00000000ff2a0000, 0x0000000100000000, 0x0000000100000000)
 Metaspace       used 5070K, capacity 5248K, committed 5504K, reserved 1056768K
  class space    used 554K, capacity 592K, committed 640K, reserved 1048576K
2024-07-16T11:01:44.117+0800: 8.997: [GC (Allocation Failure) 2024-07-16T11:01:44.117+0800: 8.997: [ParNew: 5237K->8K(6144K), 0.0014036 secs] 8406K->4200K(19840K), 0.0014777 secs] [Times: user=0.00 sys=0.00, real=0.00 secs] 
Heap after GC invocations=1094 (full 140):
 par new generation   total 6144K, used 8K [0x00000000fec00000, 0x00000000ff2a0000, 0x00000000ff2a0000)
  eden space 5504K,   0% used [0x00000000fec00000, 0x00000000fec00000, 0x00000000ff160000)
  from space 640K,   1% used [0x00000000ff200000, 0x00000000ff202040, 0x00000000ff2a0000)
  to   space 640K,   0% used [0x00000000ff160000, 0x00000000ff160000, 0x00000000ff200000)
 concurrent mark-sweep generation total 13696K, used 4192K [0x00000000ff2a0000, 0x0000000100000000, 0x0000000100000000)
 Metaspace       used 5070K, capacity 5248K, committed 5504K, reserved 1056768K
  class space    used 554K, capacity 592K, committed 640K, reserved 1048576K
}
{Heap before GC invocations=1094 (full 140):
 par new generation   total 6144K, used 5237K [0x00000000fec00000, 0x00000000ff2a0000, 0x00000000ff2a0000)
  eden space 5504K,  95% used [0x00000000fec00000, 0x00000000ff11b798, 0x00000000ff160000)
  from space 640K,   1% used [0x00000000ff200000, 0x00000000ff202040, 0x00000000ff2a0000)
  to   space 640K,   0% used [0x00000000ff160000, 0x00000000ff160000, 0x00000000ff200000)
 concurrent mark-sweep generation total 13696K, used 4192K [0x00000000ff2a0000, 0x0000000100000000, 0x0000000100000000)
 Metaspace       used 5070K, capacity 5248K, committed 5504K, reserved 1056768K
  class space    used 554K, capacity 592K, committed 640K, reserved 1048576K
2024-07-16T11:01:44.125+0800: 9.005: [GC (Allocation Failure) 2024-07-16T11:01:44.125+0800: 9.005: [ParNew: 5237K->8K(6144K), 0.0013170 secs] 9430K->5224K(19840K), 0.0014455 secs] [Times: user=0.00 sys=0.00, real=0.00 secs] 
Heap after GC invocations=1095 (full 140):
 par new generation   total 6144K, used 8K [0x00000000fec00000, 0x00000000ff2a0000, 0x00000000ff2a0000)
  eden space 5504K,   0% used [0x00000000fec00000, 0x00000000fec00000, 0x00000000ff160000)
  from space 640K,   1% used [0x00000000ff160000, 0x00000000ff162040, 0x00000000ff200000)
  to   space 640K,   0% used [0x00000000ff200000, 0x00000000ff200000, 0x00000000ff2a0000)
 concurrent mark-sweep generation total 13696K, used 5216K [0x00000000ff2a0000, 0x0000000100000000, 0x0000000100000000)
 Metaspace       used 5070K, capacity 5248K, committed 5504K, reserved 1056768K
  class space    used 554K, capacity 592K, committed 640K, reserved 1048576K
}
2024-07-16T11:01:44.127+0800: 9.007: [GC (CMS Initial Mark) [1 CMS-initial-mark: 5216K(13696K)] 6251K(19840K), 0.0004138 secs] [Times: user=0.00 sys=0.00, real=0.00 secs] 
2024-07-16T11:01:44.127+0800: 9.008: [CMS-concurrent-mark-start]
2024-07-16T11:01:44.132+0800: 9.013: [CMS-concurrent-mark: 0.005/0.005 secs] [Times: user=0.00 sys=0.00, real=0.01 secs] 
2024-07-16T11:01:44.133+0800: 9.013: [CMS-concurrent-preclean-start]
2024-07-16T11:01:44.133+0800: 9.013: [CMS-concurrent-preclean: 0.000/0.000 secs] [Times: user=0.00 sys=0.00, real=0.00 secs] 
2024-07-16T11:01:44.133+0800: 9.013: [CMS-concurrent-abortable-preclean-start]
{Heap before GC invocations=1095 (full 141):
 par new generation   total 6144K, used 5237K [0x00000000fec00000, 0x00000000ff2a0000, 0x00000000ff2a0000)
  eden space 5504K,  95% used [0x00000000fec00000, 0x00000000ff11b798, 0x00000000ff160000)
  from space 640K,   1% used [0x00000000ff160000, 0x00000000ff162040, 0x00000000ff200000)
  to   space 640K,   0% used [0x00000000ff200000, 0x00000000ff200000, 0x00000000ff2a0000)
 concurrent mark-sweep generation total 13696K, used 5216K [0x00000000ff2a0000, 0x0000000100000000, 0x0000000100000000)
 Metaspace       used 5070K, capacity 5248K, committed 5504K, reserved 1056768K
  class space    used 554K, capacity 592K, committed 640K, reserved 1048576K
2024-07-16T11:01:44.134+0800: 9.014: [GC (Allocation Failure) 2024-07-16T11:01:44.134+0800: 9.014: [ParNew: 5237K->6K(6144K), 0.0009455 secs] 10454K->6246K(19840K), 0.0010128 secs] [Times: user=0.00 sys=0.00, real=0.00 secs] 
Heap after GC invocations=1096 (full 141):
 par new generation   total 6144K, used 6K [0x00000000fec00000, 0x00000000ff2a0000, 0x00000000ff2a0000)
  eden space 5504K,   0% used [0x00000000fec00000, 0x00000000fec00000, 0x00000000ff160000)
  from space 640K,   0% used [0x00000000ff200000, 0x00000000ff201830, 0x00000000ff2a0000)
  to   space 640K,   0% used [0x00000000ff160000, 0x00000000ff160000, 0x00000000ff200000)
 concurrent mark-sweep generation total 13696K, used 6240K [0x00000000ff2a0000, 0x0000000100000000, 0x0000000100000000)
 Metaspace       used 5070K, capacity 5248K, committed 5504K, reserved 1056768K
  class space    used 554K, capacity 592K, committed 640K, reserved 1048576K
}
{Heap before GC invocations=1096 (full 141):
 par new generation   total 6144K, used 5235K [0x00000000fec00000, 0x00000000ff2a0000, 0x00000000ff2a0000)
  eden space 5504K,  95% used [0x00000000fec00000, 0x00000000ff11b798, 0x00000000ff160000)
  from space 640K,   0% used [0x00000000ff200000, 0x00000000ff201830, 0x00000000ff2a0000)
  to   space 640K,   0% used [0x00000000ff160000, 0x00000000ff160000, 0x00000000ff200000)
 concurrent mark-sweep generation total 13696K, used 6240K [0x00000000ff2a0000, 0x0000000100000000, 0x0000000100000000)
 Metaspace       used 5070K, capacity 5248K, committed 5504K, reserved 1056768K
  class space    used 554K, capacity 592K, committed 640K, reserved 1048576K
2024-07-16T11:01:44.142+0800: 9.022: [GC (Allocation Failure) 2024-07-16T11:01:44.142+0800: 9.022: [ParNew: 5235K->8K(6144K), 0.0012507 secs] 11476K->7273K(19840K), 0.0013696 secs] [Times: user=0.16 sys=0.00, real=0.00 secs] 
Heap after GC invocations=1097 (full 141):
 par new generation   total 6144K, used 8K [0x00000000fec00000, 0x00000000ff2a0000, 0x00000000ff2a0000)
  eden space 5504K,   0% used [0x00000000fec00000, 0x00000000fec00000, 0x00000000ff160000)
  from space 640K,   1% used [0x00000000ff160000, 0x00000000ff162040, 0x00000000ff200000)
  to   space 640K,   0% used [0x00000000ff200000, 0x00000000ff200000, 0x00000000ff2a0000)
 concurrent mark-sweep generation total 13696K, used 7264K [0x00000000ff2a0000, 0x0000000100000000, 0x0000000100000000)
 Metaspace       used 5070K, capacity 5248K, committed 5504K, reserved 1056768K
  class space    used 554K, capacity 592K, committed 640K, reserved 1048576K
}
{Heap before GC invocations=1097 (full 141):
 par new generation   total 6144K, used 5237K [0x00000000fec00000, 0x00000000ff2a0000, 0x00000000ff2a0000)
  eden space 5504K,  95% used [0x00000000fec00000, 0x00000000ff11b798, 0x00000000ff160000)
  from space 640K,   1% used [0x00000000ff160000, 0x00000000ff162040, 0x00000000ff200000)
  to   space 640K,   0% used [0x00000000ff200000, 0x00000000ff200000, 0x00000000ff2a0000)
 concurrent mark-sweep generation total 13696K, used 7264K [0x00000000ff2a0000, 0x0000000100000000, 0x0000000100000000)
 Metaspace       used 5070K, capacity 5248K, committed 5504K, reserved 1056768K
  class space    used 554K, capacity 592K, committed 640K, reserved 1048576K
2024-07-16T11:01:44.149+0800: 9.029: [GC (Allocation Failure) 2024-07-16T11:01:44.149+0800: 9.029: [ParNew: 5237K->6K(6144K), 0.0014152 secs] 12502K->8295K(19840K), 0.0015122 secs] [Times: user=0.00 sys=0.00, real=0.00 secs] 
Heap after GC invocations=1098 (full 141):
 par new generation   total 6144K, used 6K [0x00000000fec00000, 0x00000000ff2a0000, 0x00000000ff2a0000)
  eden space 5504K,   0% used [0x00000000fec00000, 0x00000000fec00000, 0x00000000ff160000)
  from space 640K,   0% used [0x00000000ff200000, 0x00000000ff201830, 0x00000000ff2a0000)
  to   space 640K,   0% used [0x00000000ff160000, 0x00000000ff160000, 0x00000000ff200000)
 concurrent mark-sweep generation total 13696K, used 8288K [0x00000000ff2a0000, 0x0000000100000000, 0x0000000100000000)
 Metaspace       used 5070K, capacity 5248K, committed 5504K, reserved 1056768K
  class space    used 554K, capacity 592K, committed 640K, reserved 1048576K
}
{Heap before GC invocations=1098 (full 141):
 par new generation   total 6144K, used 5235K [0x00000000fec00000, 0x00000000ff2a0000, 0x00000000ff2a0000)
  eden space 5504K,  95% used [0x00000000fec00000, 0x00000000ff11b798, 0x00000000ff160000)
  from space 640K,   0% used [0x00000000ff200000, 0x00000000ff201830, 0x00000000ff2a0000)
  to   space 640K,   0% used [0x00000000ff160000, 0x00000000ff160000, 0x00000000ff200000)
 concurrent mark-sweep generation total 13696K, used 8288K [0x00000000ff2a0000, 0x0000000100000000, 0x0000000100000000)
 Metaspace       used 5070K, capacity 5248K, committed 5504K, reserved 1056768K
  class space    used 554K, capacity 592K, committed 640K, reserved 1048576K
2024-07-16T11:01:44.157+0800: 9.037: [GC (Allocation Failure) 2024-07-16T11:01:44.157+0800: 9.037: [ParNew: 5235K->2K(6144K), 0.0011958 secs] 13524K->8290K(19840K), 0.0012884 secs] [Times: user=0.00 sys=0.00, real=0.00 secs] 
Heap after GC invocations=1099 (full 141):
 par new generation   total 6144K, used 2K [0x00000000fec00000, 0x00000000ff2a0000, 0x00000000ff2a0000)
  eden space 5504K,   0% used [0x00000000fec00000, 0x00000000fec00000, 0x00000000ff160000)
  from space 640K,   0% used [0x00000000ff160000, 0x00000000ff160810, 0x00000000ff200000)
  to   space 640K,   0% used [0x00000000ff200000, 0x00000000ff200000, 0x00000000ff2a0000)
 concurrent mark-sweep generation total 13696K, used 8288K [0x00000000ff2a0000, 0x0000000100000000, 0x0000000100000000)
 Metaspace       used 5070K, capacity 5248K, committed 5504K, reserved 1056768K
  class space    used 554K, capacity 592K, committed 640K, reserved 1048576K
}
{Heap before GC invocations=1099 (full 141):
 par new generation   total 6144K, used 5231K [0x00000000fec00000, 0x00000000ff2a0000, 0x00000000ff2a0000)
  eden space 5504K,  95% used [0x00000000fec00000, 0x00000000ff11b798, 0x00000000ff160000)
  from space 640K,   0% used [0x00000000ff160000, 0x00000000ff160810, 0x00000000ff200000)
  to   space 640K,   0% used [0x00000000ff200000, 0x00000000ff200000, 0x00000000ff2a0000)
 concurrent mark-sweep generation total 13696K, used 8288K [0x00000000ff2a0000, 0x0000000100000000, 0x0000000100000000)
 Metaspace       used 5070K, capacity 5248K, committed 5504K, reserved 1056768K
  class space    used 554K, capacity 592K, committed 640K, reserved 1048576K
2024-07-16T11:01:44.166+0800: 9.046: [GC (Allocation Failure) 2024-07-16T11:01:44.166+0800: 9.046: [ParNew: 5231K->8K(6144K), 0.0017225 secs] 13520K->10345K(19840K), 0.0018571 secs] [Times: user=0.00 sys=0.00, real=0.00 secs] 
Heap after GC invocations=1100 (full 141):
 par new generation   total 6144K, used 8K [0x00000000fec00000, 0x00000000ff2a0000, 0x00000000ff2a0000)
  eden space 5504K,   0% used [0x00000000fec00000, 0x00000000fec00000, 0x00000000ff160000)
  from space 640K,   1% used [0x00000000ff200000, 0x00000000ff202040, 0x00000000ff2a0000)
  to   space 640K,   0% used [0x00000000ff160000, 0x00000000ff160000, 0x00000000ff200000)
 concurrent mark-sweep generation total 13696K, used 10337K [0x00000000ff2a0000, 0x0000000100000000, 0x0000000100000000)
 Metaspace       used 5070K, capacity 5248K, committed 5504K, reserved 1056768K
  class space    used 554K, capacity 592K, committed 640K, reserved 1048576K
}
{Heap before GC invocations=1100 (full 141):
 par new generation   total 6144K, used 5237K [0x00000000fec00000, 0x00000000ff2a0000, 0x00000000ff2a0000)
  eden space 5504K,  95% used [0x00000000fec00000, 0x00000000ff11b798, 0x00000000ff160000)
  from space 640K,   1% used [0x00000000ff200000, 0x00000000ff202040, 0x00000000ff2a0000)
  to   space 640K,   0% used [0x00000000ff160000, 0x00000000ff160000, 0x00000000ff200000)
 concurrent mark-sweep generation total 13696K, used 10337K [0x00000000ff2a0000, 0x0000000100000000, 0x0000000100000000)
 Metaspace       used 5070K, capacity 5248K, committed 5504K, reserved 1056768K
  class space    used 554K, capacity 592K, committed 640K, reserved 1048576K
2024-07-16T11:01:44.176+0800: 9.056: [GC (Allocation Failure) 2024-07-16T11:01:44.176+0800: 9.056: [ParNew: 5237K->8K(6144K), 0.0017109 secs] 15574K->12393K(19840K), 0.0018282 secs] [Times: user=0.00 sys=0.00, real=0.00 secs] 
Heap after GC invocations=1101 (full 141):
 par new generation   total 6144K, used 8K [0x00000000fec00000, 0x00000000ff2a0000, 0x00000000ff2a0000)
  eden space 5504K,   0% used [0x00000000fec00000, 0x00000000fec00000, 0x00000000ff160000)
  from space 640K,   1% used [0x00000000ff160000, 0x00000000ff162040, 0x00000000ff200000)
  to   space 640K,   0% used [0x00000000ff200000, 0x00000000ff200000, 0x00000000ff2a0000)
 concurrent mark-sweep generation total 13696K, used 12385K [0x00000000ff2a0000, 0x0000000100000000, 0x0000000100000000)
 Metaspace       used 5070K, capacity 5248K, committed 5504K, reserved 1056768K
  class space    used 554K, capacity 592K, committed 640K, reserved 1048576K
}
{Heap before GC invocations=1101 (full 141):
 par new generation   total 6144K, used 5237K [0x00000000fec00000, 0x00000000ff2a0000, 0x00000000ff2a0000)
  eden space 5504K,  95% used [0x00000000fec00000, 0x00000000ff11b798, 0x00000000ff160000)
  from space 640K,   1% used [0x00000000ff160000, 0x00000000ff162040, 0x00000000ff200000)
  to   space 640K,   0% used [0x00000000ff200000, 0x00000000ff200000, 0x00000000ff2a0000)
 concurrent mark-sweep generation total 13696K, used 12385K [0x00000000ff2a0000, 0x0000000100000000, 0x0000000100000000)
 Metaspace       used 5070K, capacity 5248K, committed 5504K, reserved 1056768K
  class space    used 554K, capacity 592K, committed 640K, reserved 1048576K
2024-07-16T11:01:44.185+0800: 9.065: [GC (Allocation Failure) 2024-07-16T11:01:44.185+0800: 9.065: [ParNew: 5237K->5237K(6144K), 0.0000496 secs]2024-07-16T11:01:44.185+0800: 9.065: [CMS2024-07-16T11:01:44.185+0800: 9.066: [CMS-concurrent-abortable-preclean: 0.001/0.052 secs] [Times: user=0.16 sys=0.00, real=0.05 secs] 
 (concurrent mode failure): 12385K->2130K(13696K), 0.0062307 secs] 17623K->2130K(19840K), [Metaspace: 5070K->5070K(1056768K)], 0.0064201 secs] [Times: user=0.02 sys=0.00, real=0.01 secs] 
Heap after GC invocations=1102 (full 142):
 par new generation   total 6144K, used 0K [0x00000000fec00000, 0x00000000ff2a0000, 0x00000000ff2a0000)
  eden space 5504K,   0% used [0x00000000fec00000, 0x00000000fec00000, 0x00000000ff160000)
  from space 640K,   0% used [0x00000000ff160000, 0x00000000ff160000, 0x00000000ff200000)
  to   space 640K,   0% used [0x00000000ff200000, 0x00000000ff200000, 0x00000000ff2a0000)
 concurrent mark-sweep generation total 13696K, used 2130K [0x00000000ff2a0000, 0x0000000100000000, 0x0000000100000000)
 Metaspace       used 5070K, capacity 5248K, committed 5504K, reserved 1056768K
  class space    used 554K, capacity 592K, committed 640K, reserved 1048576K
}
{Heap before GC invocations=1102 (full 142):
 par new generation   total 6144K, used 5229K [0x00000000fec00000, 0x00000000ff2a0000, 0x00000000ff2a0000)
  eden space 5504K,  95% used [0x00000000fec00000, 0x00000000ff11b7b0, 0x00000000ff160000)
  from space 640K,   0% used [0x00000000ff160000, 0x00000000ff160000, 0x00000000ff200000)
  to   space 640K,   0% used [0x00000000ff200000, 0x00000000ff200000, 0x00000000ff2a0000)
 concurrent mark-sweep generation total 13696K, used 2130K [0x00000000ff2a0000, 0x0000000100000000, 0x0000000100000000)
 Metaspace       used 5070K, capacity 5248K, committed 5504K, reserved 1056768K
  class space    used 554K, capacity 592K, committed 640K, reserved 1048576K
2024-07-16T11:01:44.197+0800: 9.077: [GC (Allocation Failure) 2024-07-16T11:01:44.197+0800: 9.077: [ParNew: 5229K->8K(6144K), 0.0010645 secs] 7360K->3164K(19840K), 0.0011457 secs] [Times: user=0.00 sys=0.00, real=0.00 secs] 
Heap after GC invocations=1103 (full 142):
 par new generation   total 6144K, used 8K [0x00000000fec00000, 0x00000000ff2a0000, 0x00000000ff2a0000)
  eden space 5504K,   0% used [0x00000000fec00000, 0x00000000fec00000, 0x00000000ff160000)
  from space 640K,   1% used [0x00000000ff200000, 0x00000000ff202040, 0x00000000ff2a0000)
  to   space 640K,   0% used [0x00000000ff160000, 0x00000000ff160000, 0x00000000ff200000)
 concurrent mark-sweep generation total 13696K, used 3156K [0x00000000ff2a0000, 0x0000000100000000, 0x0000000100000000)
 Metaspace       used 5070K, capacity 5248K, committed 5504K, reserved 1056768K
  class space    used 554K, capacity 592K, committed 640K, reserved 1048576K
}
{Heap before GC invocations=1103 (full 142):
 par new generation   total 6144K, used 5237K [0x00000000fec00000, 0x00000000ff2a0000, 0x00000000ff2a0000)
  eden space 5504K,  95% used [0x00000000fec00000, 0x00000000ff11b7b0, 0x00000000ff160000)
  from space 640K,   1% used [0x00000000ff200000, 0x00000000ff202040, 0x00000000ff2a0000)
  to   space 640K,   0% used [0x00000000ff160000, 0x00000000ff160000, 0x00000000ff200000)
 concurrent mark-sweep generation total 13696K, used 3156K [0x00000000ff2a0000, 0x0000000100000000, 0x0000000100000000)
 Metaspace       used 5070K, capacity 5248K, committed 5504K, reserved 1056768K
  class space    used 554K, capacity 592K, committed 640K, reserved 1048576K
2024-07-16T11:01:44.205+0800: 9.085: [GC (Allocation Failure) 2024-07-16T11:01:44.205+0800: 9.085: [ParNew: 5237K->8K(6144K), 0.0013668 secs] 8394K->4190K(19840K), 0.0014684 secs] [Times: user=0.16 sys=0.00, real=0.00 secs] 
Heap after GC invocations=1104 (full 142):
 par new generation   total 6144K, used 8K [0x00000000fec00000, 0x00000000ff2a0000, 0x00000000ff2a0000)
  eden space 5504K,   0% used [0x00000000fec00000, 0x00000000fec00000, 0x00000000ff160000)
  from space 640K,   1% used [0x00000000ff160000, 0x00000000ff162040, 0x00000000ff200000)
  to   space 640K,   0% used [0x00000000ff200000, 0x00000000ff200000, 0x00000000ff2a0000)
 concurrent mark-sweep generation total 13696K, used 4182K [0x00000000ff2a0000, 0x0000000100000000, 0x0000000100000000)
 Metaspace       used 5070K, capacity 5248K, committed 5504K, reserved 1056768K
  class space    used 554K, capacity 592K, committed 640K, reserved 1048576K
}
2024-07-16T11:01:44.206+0800: 9.087: [GC (CMS Initial Mark) [1 CMS-initial-mark: 4182K(13696K)] 5216K(19840K), 0.0005402 secs] [Times: user=0.00 sys=0.00, real=0.00 secs] 
2024-07-16T11:01:44.207+0800: 9.088: [CMS-concurrent-mark-start]
2024-07-16T11:01:44.211+0800: 9.092: [CMS-concurrent-mark: 0.004/0.004 secs] [Times: user=0.00 sys=0.00, real=0.00 secs] 
2024-07-16T11:01:44.211+0800: 9.092: [CMS-concurrent-preclean-start]
2024-07-16T11:01:44.212+0800: 9.092: [CMS-concurrent-preclean: 0.000/0.000 secs] [Times: user=0.00 sys=0.00, real=0.00 secs] 
2024-07-16T11:01:44.212+0800: 9.092: [CMS-concurrent-abortable-preclean-start]
{Heap before GC invocations=1104 (full 143):
 par new generation   total 6144K, used 5237K [0x00000000fec00000, 0x00000000ff2a0000, 0x00000000ff2a0000)
  eden space 5504K,  95% used [0x00000000fec00000, 0x00000000ff11b7b0, 0x00000000ff160000)
  from space 640K,   1% used [0x00000000ff160000, 0x00000000ff162040, 0x00000000ff200000)
  to   space 640K,   0% used [0x00000000ff200000, 0x00000000ff200000, 0x00000000ff2a0000)
 concurrent mark-sweep generation total 13696K, used 4182K [0x00000000ff2a0000, 0x0000000100000000, 0x0000000100000000)
 Metaspace       used 5070K, capacity 5248K, committed 5504K, reserved 1056768K
  class space    used 554K, capacity 592K, committed 640K, reserved 1048576K
2024-07-16T11:01:44.215+0800: 9.095: [GC (Allocation Failure) 2024-07-16T11:01:44.215+0800: 9.095: [ParNew: 5237K->8K(6144K), 0.0012214 secs] 9420K->5216K(19840K), 0.0013203 secs] [Times: user=0.00 sys=0.00, real=0.00 secs] 
Heap after GC invocations=1105 (full 143):
 par new generation   total 6144K, used 8K [0x00000000fec00000, 0x00000000ff2a0000, 0x00000000ff2a0000)
  eden space 5504K,   0% used [0x00000000fec00000, 0x00000000fec00000, 0x00000000ff160000)
  from space 640K,   1% used [0x00000000ff200000, 0x00000000ff202040, 0x00000000ff2a0000)
  to   space 640K,   0% used [0x00000000ff160000, 0x00000000ff160000, 0x00000000ff200000)
 concurrent mark-sweep generation total 13696K, used 5208K [0x00000000ff2a0000, 0x0000000100000000, 0x0000000100000000)
 Metaspace       used 5070K, capacity 5248K, committed 5504K, reserved 1056768K
  class space    used 554K, capacity 592K, committed 640K, reserved 1048576K
}
{Heap before GC invocations=1105 (full 143):
 par new generation   total 6144K, used 5237K [0x00000000fec00000, 0x00000000ff2a0000, 0x00000000ff2a0000)
  eden space 5504K,  95% used [0x00000000fec00000, 0x00000000ff11b7b0, 0x00000000ff160000)
  from space 640K,   1% used [0x00000000ff200000, 0x00000000ff202040, 0x00000000ff2a0000)
  to   space 640K,   0% used [0x00000000ff160000, 0x00000000ff160000, 0x00000000ff200000)
 concurrent mark-sweep generation total 13696K, used 5208K [0x00000000ff2a0000, 0x0000000100000000, 0x0000000100000000)
 Metaspace       used 5070K, capacity 5248K, committed 5504K, reserved 1056768K
  class space    used 554K, capacity 592K, committed 640K, reserved 1048576K
2024-07-16T11:01:44.224+0800: 9.104: [GC (Allocation Failure) 2024-07-16T11:01:44.224+0800: 9.104: [ParNew: 5237K->4K(6144K), 0.0011159 secs] 10446K->5212K(19840K), 0.0012065 secs] [Times: user=0.00 sys=0.00, real=0.00 secs] 
Heap after GC invocations=1106 (full 143):
 par new generation   total 6144K, used 4K [0x00000000fec00000, 0x00000000ff2a0000, 0x00000000ff2a0000)
  eden space 5504K,   0% used [0x00000000fec00000, 0x00000000fec00000, 0x00000000ff160000)
  from space 640K,   0% used [0x00000000ff160000, 0x00000000ff161020, 0x00000000ff200000)
  to   space 640K,   0% used [0x00000000ff200000, 0x00000000ff200000, 0x00000000ff2a0000)
 concurrent mark-sweep generation total 13696K, used 5208K [0x00000000ff2a0000, 0x0000000100000000, 0x0000000100000000)
 Metaspace       used 5070K, capacity 5248K, committed 5504K, reserved 1056768K
  class space    used 554K, capacity 592K, committed 640K, reserved 1048576K
}
{Heap before GC invocations=1106 (full 143):
 par new generation   total 6144K, used 5233K [0x00000000fec00000, 0x00000000ff2a0000, 0x00000000ff2a0000)
  eden space 5504K,  95% used [0x00000000fec00000, 0x00000000ff11b7b0, 0x00000000ff160000)
  from space 640K,   0% used [0x00000000ff160000, 0x00000000ff161020, 0x00000000ff200000)
  to   space 640K,   0% used [0x00000000ff200000, 0x00000000ff200000, 0x00000000ff2a0000)
 concurrent mark-sweep generation total 13696K, used 5208K [0x00000000ff2a0000, 0x0000000100000000, 0x0000000100000000)
 Metaspace       used 5070K, capacity 5248K, committed 5504K, reserved 1056768K
  class space    used 554K, capacity 592K, committed 640K, reserved 1048576K
2024-07-16T11:01:44.232+0800: 9.112: [GC (Allocation Failure) 2024-07-16T11:01:44.232+0800: 9.112: [ParNew: 5233K->8K(6144K), 0.0012699 secs] 10442K->6241K(19840K), 0.0013942 secs] [Times: user=0.00 sys=0.00, real=0.00 secs] 
Heap after GC invocations=1107 (full 143):
 par new generation   total 6144K, used 8K [0x00000000fec00000, 0x00000000ff2a0000, 0x00000000ff2a0000)
  eden space 5504K,   0% used [0x00000000fec00000, 0x00000000fec00000, 0x00000000ff160000)
  from space 640K,   1% used [0x00000000ff200000, 0x00000000ff202040, 0x00000000ff2a0000)
  to   space 640K,   0% used [0x00000000ff160000, 0x00000000ff160000, 0x00000000ff200000)
 concurrent mark-sweep generation total 13696K, used 6232K [0x00000000ff2a0000, 0x0000000100000000, 0x0000000100000000)
 Metaspace       used 5070K, capacity 5248K, committed 5504K, reserved 1056768K
  class space    used 554K, capacity 592K, committed 640K, reserved 1048576K
}
{Heap before GC invocations=1107 (full 143):
 par new generation   total 6144K, used 5237K [0x00000000fec00000, 0x00000000ff2a0000, 0x00000000ff2a0000)
  eden space 5504K,  95% used [0x00000000fec00000, 0x00000000ff11b7b0, 0x00000000ff160000)
  from space 640K,   1% used [0x00000000ff200000, 0x00000000ff202040, 0x00000000ff2a0000)
  to   space 640K,   0% used [0x00000000ff160000, 0x00000000ff160000, 0x00000000ff200000)
 concurrent mark-sweep generation total 13696K, used 6232K [0x00000000ff2a0000, 0x0000000100000000, 0x0000000100000000)
 Metaspace       used 5070K, capacity 5248K, committed 5504K, reserved 1056768K
  class space    used 554K, capacity 592K, committed 640K, reserved 1048576K
2024-07-16T11:01:44.241+0800: 9.121: [GC (Allocation Failure) 2024-07-16T11:01:44.241+0800: 9.121: [ParNew: 5237K->4K(6144K), 0.0011455 secs] 11470K->6236K(19840K), 0.0012495 secs] [Times: user=0.00 sys=0.00, real=0.00 secs] 
Heap after GC invocations=1108 (full 143):
 par new generation   total 6144K, used 4K [0x00000000fec00000, 0x00000000ff2a0000, 0x00000000ff2a0000)
  eden space 5504K,   0% used [0x00000000fec00000, 0x00000000fec00000, 0x00000000ff160000)
  from space 640K,   0% used [0x00000000ff160000, 0x00000000ff161020, 0x00000000ff200000)
  to   space 640K,   0% used [0x00000000ff200000, 0x00000000ff200000, 0x00000000ff2a0000)
 concurrent mark-sweep generation total 13696K, used 6232K [0x00000000ff2a0000, 0x0000000100000000, 0x0000000100000000)
 Metaspace       used 5070K, capacity 5248K, committed 5504K, reserved 1056768K
  class space    used 554K, capacity 592K, committed 640K, reserved 1048576K
}
{Heap before GC invocations=1108 (full 143):
 par new generation   total 6144K, used 5233K [0x00000000fec00000, 0x00000000ff2a0000, 0x00000000ff2a0000)
  eden space 5504K,  95% used [0x00000000fec00000, 0x00000000ff11b7b0, 0x00000000ff160000)
  from space 640K,   0% used [0x00000000ff160000, 0x00000000ff161020, 0x00000000ff200000)
  to   space 640K,   0% used [0x00000000ff200000, 0x00000000ff200000, 0x00000000ff2a0000)
 concurrent mark-sweep generation total 13696K, used 6232K [0x00000000ff2a0000, 0x0000000100000000, 0x0000000100000000)
 Metaspace       used 5070K, capacity 5248K, committed 5504K, reserved 1056768K
  class space    used 554K, capacity 592K, committed 640K, reserved 1048576K
2024-07-16T11:01:44.249+0800: 9.129: [GC (Allocation Failure) 2024-07-16T11:01:44.249+0800: 9.129: [ParNew: 5233K->4K(6144K), 0.0012532 secs] 11466K->7263K(19840K), 0.0013737 secs] [Times: user=0.00 sys=0.00, real=0.00 secs] 
Heap after GC invocations=1109 (full 143):
 par new generation   total 6144K, used 4K [0x00000000fec00000, 0x00000000ff2a0000, 0x00000000ff2a0000)
  eden space 5504K,   0% used [0x00000000fec00000, 0x00000000fec00000, 0x00000000ff160000)
  from space 640K,   0% used [0x00000000ff200000, 0x00000000ff201020, 0x00000000ff2a0000)
  to   space 640K,   0% used [0x00000000ff160000, 0x00000000ff160000, 0x00000000ff200000)
 concurrent mark-sweep generation total 13696K, used 7259K [0x00000000ff2a0000, 0x0000000100000000, 0x0000000100000000)
 Metaspace       used 5070K, capacity 5248K, committed 5504K, reserved 1056768K
  class space    used 554K, capacity 592K, committed 640K, reserved 1048576K
}
{Heap before GC invocations=1109 (full 143):
 par new generation   total 6144K, used 5233K [0x00000000fec00000, 0x00000000ff2a0000, 0x00000000ff2a0000)
  eden space 5504K,  95% used [0x00000000fec00000, 0x00000000ff11b7b0, 0x00000000ff160000)
  from space 640K,   0% used [0x00000000ff200000, 0x00000000ff201020, 0x00000000ff2a0000)
  to   space 640K,   0% used [0x00000000ff160000, 0x00000000ff160000, 0x00000000ff200000)
 concurrent mark-sweep generation total 13696K, used 7259K [0x00000000ff2a0000, 0x0000000100000000, 0x0000000100000000)
 Metaspace       used 5070K, capacity 5248K, committed 5504K, reserved 1056768K
  class space    used 554K, capacity 592K, committed 640K, reserved 1048576K
2024-07-16T11:01:44.259+0800: 9.139: [GC (Allocation Failure) 2024-07-16T11:01:44.259+0800: 9.139: [ParNew: 5233K->8K(6144K), 0.0012217 secs] 12492K->8293K(19840K), 0.0013401 secs] [Times: user=0.00 sys=0.00, real=0.00 secs] 
Heap after GC invocations=1110 (full 143):
 par new generation   total 6144K, used 8K [0x00000000fec00000, 0x00000000ff2a0000, 0x00000000ff2a0000)
  eden space 5504K,   0% used [0x00000000fec00000, 0x00000000fec00000, 0x00000000ff160000)
  from space 640K,   1% used [0x00000000ff160000, 0x00000000ff162040, 0x00000000ff200000)
  to   space 640K,   0% used [0x00000000ff200000, 0x00000000ff200000, 0x00000000ff2a0000)
 concurrent mark-sweep generation total 13696K, used 8285K [0x00000000ff2a0000, 0x0000000100000000, 0x0000000100000000)
 Metaspace       used 5070K, capacity 5248K, committed 5504K, reserved 1056768K
  class space    used 554K, capacity 592K, committed 640K, reserved 1048576K
}
{Heap before GC invocations=1110 (full 143):
 par new generation   total 6144K, used 5237K [0x00000000fec00000, 0x00000000ff2a0000, 0x00000000ff2a0000)
  eden space 5504K,  95% used [0x00000000fec00000, 0x00000000ff11b7b0, 0x00000000ff160000)
  from space 640K,   1% used [0x00000000ff160000, 0x00000000ff162040, 0x00000000ff200000)
  to   space 640K,   0% used [0x00000000ff200000, 0x00000000ff200000, 0x00000000ff2a0000)
 concurrent mark-sweep generation total 13696K, used 8285K [0x00000000ff2a0000, 0x0000000100000000, 0x0000000100000000)
 Metaspace       used 5070K, capacity 5248K, committed 5504K, reserved 1056768K
  class space    used 554K, capacity 592K, committed 640K, reserved 1048576K
2024-07-16T11:01:44.267+0800: 9.147: [GC (Allocation Failure) 2024-07-16T11:01:44.267+0800: 9.147: [ParNew: 5237K->4K(6144K), 0.0012409 secs] 13523K->8289K(19840K), 0.0013429 secs] [Times: user=0.16 sys=0.00, real=0.00 secs] 
Heap after GC invocations=1111 (full 143):
 par new generation   total 6144K, used 4K [0x00000000fec00000, 0x00000000ff2a0000, 0x00000000ff2a0000)
  eden space 5504K,   0% used [0x00000000fec00000, 0x00000000fec00000, 0x00000000ff160000)
  from space 640K,   0% used [0x00000000ff200000, 0x00000000ff201020, 0x00000000ff2a0000)
  to   space 640K,   0% used [0x00000000ff160000, 0x00000000ff160000, 0x00000000ff200000)
 concurrent mark-sweep generation total 13696K, used 8285K [0x00000000ff2a0000, 0x0000000100000000, 0x0000000100000000)
 Metaspace       used 5070K, capacity 5248K, committed 5504K, reserved 1056768K
  class space    used 554K, capacity 592K, committed 640K, reserved 1048576K
}
{Heap before GC invocations=1111 (full 143):
 par new generation   total 6144K, used 5233K [0x00000000fec00000, 0x00000000ff2a0000, 0x00000000ff2a0000)
  eden space 5504K,  95% used [0x00000000fec00000, 0x00000000ff11b7b0, 0x00000000ff160000)
  from space 640K,   0% used [0x00000000ff200000, 0x00000000ff201020, 0x00000000ff2a0000)
  to   space 640K,   0% used [0x00000000ff160000, 0x00000000ff160000, 0x00000000ff200000)
 concurrent mark-sweep generation total 13696K, used 8285K [0x00000000ff2a0000, 0x0000000100000000, 0x0000000100000000)
 Metaspace       used 5070K, capacity 5248K, committed 5504K, reserved 1056768K
  class space    used 554K, capacity 592K, committed 640K, reserved 1048576K
2024-07-16T11:01:44.276+0800: 9.156: [GC (Allocation Failure) 2024-07-16T11:01:44.276+0800: 9.156: [ParNew: 5233K->6K(6144K), 0.0014684 secs] 13519K->9317K(19840K), 0.0015883 secs] [Times: user=0.00 sys=0.00, real=0.00 secs] 
Heap after GC invocations=1112 (full 143):
 par new generation   total 6144K, used 6K [0x00000000fec00000, 0x00000000ff2a0000, 0x00000000ff2a0000)
  eden space 5504K,   0% used [0x00000000fec00000, 0x00000000fec00000, 0x00000000ff160000)
  from space 640K,   0% used [0x00000000ff160000, 0x00000000ff161830, 0x00000000ff200000)
  to   space 640K,   0% used [0x00000000ff200000, 0x00000000ff200000, 0x00000000ff2a0000)
 concurrent mark-sweep generation total 13696K, used 9311K [0x00000000ff2a0000, 0x0000000100000000, 0x0000000100000000)
 Metaspace       used 5070K, capacity 5248K, committed 5504K, reserved 1056768K
  class space    used 554K, capacity 592K, committed 640K, reserved 1048576K
}
{Heap before GC invocations=1112 (full 143):
 par new generation   total 6144K, used 5235K [0x00000000fec00000, 0x00000000ff2a0000, 0x00000000ff2a0000)
  eden space 5504K,  95% used [0x00000000fec00000, 0x00000000ff11b7b0, 0x00000000ff160000)
  from space 640K,   0% used [0x00000000ff160000, 0x00000000ff161830, 0x00000000ff200000)
  to   space 640K,   0% used [0x00000000ff200000, 0x00000000ff200000, 0x00000000ff2a0000)
 concurrent mark-sweep generation total 13696K, used 9311K [0x00000000ff2a0000, 0x0000000100000000, 0x0000000100000000)
 Metaspace       used 5070K, capacity 5248K, committed 5504K, reserved 1056768K
  class space    used 554K, capacity 592K, committed 640K, reserved 1048576K
2024-07-16T11:01:44.285+0800: 9.165: [GC (Allocation Failure) 2024-07-16T11:01:44.285+0800: 9.165: [ParNew: 5235K->6K(6144K), 0.0014710 secs] 14547K->10341K(19840K), 0.0015928 secs] [Times: user=0.00 sys=0.00, real=0.00 secs] 
Heap after GC invocations=1113 (full 143):
 par new generation   total 6144K, used 6K [0x00000000fec00000, 0x00000000ff2a0000, 0x00000000ff2a0000)
  eden space 5504K,   0% used [0x00000000fec00000, 0x00000000fec00000, 0x00000000ff160000)
  from space 640K,   0% used [0x00000000ff200000, 0x00000000ff201830, 0x00000000ff2a0000)
  to   space 640K,   0% used [0x00000000ff160000, 0x00000000ff160000, 0x00000000ff200000)
 concurrent mark-sweep generation total 13696K, used 10335K [0x00000000ff2a0000, 0x0000000100000000, 0x0000000100000000)
 Metaspace       used 5070K, capacity 5248K, committed 5504K, reserved 1056768K
  class space    used 554K, capacity 592K, committed 640K, reserved 1048576K
}
{Heap before GC invocations=1113 (full 143):
 par new generation   total 6144K, used 5235K [0x00000000fec00000, 0x00000000ff2a0000, 0x00000000ff2a0000)
  eden space 5504K,  95% used [0x00000000fec00000, 0x00000000ff11b7b0, 0x00000000ff160000)
  from space 640K,   0% used [0x00000000ff200000, 0x00000000ff201830, 0x00000000ff2a0000)
  to   space 640K,   0% used [0x00000000ff160000, 0x00000000ff160000, 0x00000000ff200000)
 concurrent mark-sweep generation total 13696K, used 10335K [0x00000000ff2a0000, 0x0000000100000000, 0x0000000100000000)
 Metaspace       used 5070K, capacity 5248K, committed 5504K, reserved 1056768K
  class space    used 554K, capacity 592K, committed 640K, reserved 1048576K
2024-07-16T11:01:44.294+0800: 9.174: [GC (Allocation Failure) 2024-07-16T11:01:44.294+0800: 9.174: [ParNew: 5235K->8K(6144K), 0.0014244 secs] 15571K->11369K(19840K), 0.0015413 secs] [Times: user=0.00 sys=0.00, real=0.00 secs] 
Heap after GC invocations=1114 (full 143):
 par new generation   total 6144K, used 8K [0x00000000fec00000, 0x00000000ff2a0000, 0x00000000ff2a0000)
  eden space 5504K,   0% used [0x00000000fec00000, 0x00000000fec00000, 0x00000000ff160000)
  from space 640K,   1% used [0x00000000ff160000, 0x00000000ff162040, 0x00000000ff200000)
  to   space 640K,   0% used [0x00000000ff200000, 0x00000000ff200000, 0x00000000ff2a0000)
 concurrent mark-sweep generation total 13696K, used 11361K [0x00000000ff2a0000, 0x0000000100000000, 0x0000000100000000)
 Metaspace       used 5070K, capacity 5248K, committed 5504K, reserved 1056768K
  class space    used 554K, capacity 592K, committed 640K, reserved 1048576K
}
{Heap before GC invocations=1114 (full 143):
 par new generation   total 6144K, used 5237K [0x00000000fec00000, 0x00000000ff2a0000, 0x00000000ff2a0000)
  eden space 5504K,  95% used [0x00000000fec00000, 0x00000000ff11b7b0, 0x00000000ff160000)
  from space 640K,   1% used [0x00000000ff160000, 0x00000000ff162040, 0x00000000ff200000)
  to   space 640K,   0% used [0x00000000ff200000, 0x00000000ff200000, 0x00000000ff2a0000)
 concurrent mark-sweep generation total 13696K, used 11361K [0x00000000ff2a0000, 0x0000000100000000, 0x0000000100000000)
 Metaspace       used 5070K, capacity 5248K, committed 5504K, reserved 1056768K
  class space    used 554K, capacity 592K, committed 640K, reserved 1048576K
2024-07-16T11:01:44.303+0800: 9.183: [GC (Allocation Failure) 2024-07-16T11:01:44.303+0800: 9.183: [ParNew: 5237K->4K(6144K), 0.0012101 secs] 16599K->11365K(19840K), 0.0013013 secs] [Times: user=0.00 sys=0.00, real=0.00 secs] 
Heap after GC invocations=1115 (full 143):
 par new generation   total 6144K, used 4K [0x00000000fec00000, 0x00000000ff2a0000, 0x00000000ff2a0000)
  eden space 5504K,   0% used [0x00000000fec00000, 0x00000000fec00000, 0x00000000ff160000)
  from space 640K,   0% used [0x00000000ff200000, 0x00000000ff201020, 0x00000000ff2a0000)
  to   space 640K,   0% used [0x00000000ff160000, 0x00000000ff160000, 0x00000000ff200000)
 concurrent mark-sweep generation total 13696K, used 11361K [0x00000000ff2a0000, 0x0000000100000000, 0x0000000100000000)
 Metaspace       used 5070K, capacity 5248K, committed 5504K, reserved 1056768K
  class space    used 554K, capacity 592K, committed 640K, reserved 1048576K
}
{Heap before GC invocations=1115 (full 143):
 par new generation   total 6144K, used 5233K [0x00000000fec00000, 0x00000000ff2a0000, 0x00000000ff2a0000)
  eden space 5504K,  95% used [0x00000000fec00000, 0x00000000ff11b7b0, 0x00000000ff160000)
  from space 640K,   0% used [0x00000000ff200000, 0x00000000ff201020, 0x00000000ff2a0000)
  to   space 640K,   0% used [0x00000000ff160000, 0x00000000ff160000, 0x00000000ff200000)
 concurrent mark-sweep generation total 13696K, used 11361K [0x00000000ff2a0000, 0x0000000100000000, 0x0000000100000000)
 Metaspace       used 5070K, capacity 5248K, committed 5504K, reserved 1056768K
  class space    used 554K, capacity 592K, committed 640K, reserved 1048576K
2024-07-16T11:01:44.312+0800: 9.192: [GC (Allocation Failure) 2024-07-16T11:01:44.312+0800: 9.192: [ParNew: 5233K->4K(6144K), 0.0011016 secs] 16595K->11365K(19840K), 0.0012172 secs] [Times: user=0.00 sys=0.00, real=0.00 secs] 
Heap after GC invocations=1116 (full 143):
 par new generation   total 6144K, used 4K [0x00000000fec00000, 0x00000000ff2a0000, 0x00000000ff2a0000)
  eden space 5504K,   0% used [0x00000000fec00000, 0x00000000fec00000, 0x00000000ff160000)
  from space 640K,   0% used [0x00000000ff160000, 0x00000000ff161020, 0x00000000ff200000)
  to   space 640K,   0% used [0x00000000ff200000, 0x00000000ff200000, 0x00000000ff2a0000)
 concurrent mark-sweep generation total 13696K, used 11361K [0x00000000ff2a0000, 0x0000000100000000, 0x0000000100000000)
 Metaspace       used 5070K, capacity 5248K, committed 5504K, reserved 1056768K
  class space    used 554K, capacity 592K, committed 640K, reserved 1048576K
}
{Heap before GC invocations=1116 (full 143):
 par new generation   total 6144K, used 5233K [0x00000000fec00000, 0x00000000ff2a0000, 0x00000000ff2a0000)
  eden space 5504K,  95% used [0x00000000fec00000, 0x00000000ff11b7b0, 0x00000000ff160000)
  from space 640K,   0% used [0x00000000ff160000, 0x00000000ff161020, 0x00000000ff200000)
  to   space 640K,   0% used [0x00000000ff200000, 0x00000000ff200000, 0x00000000ff2a0000)
 concurrent mark-sweep generation total 13696K, used 11361K [0x00000000ff2a0000, 0x0000000100000000, 0x0000000100000000)
 Metaspace       used 5070K, capacity 5248K, committed 5504K, reserved 1056768K
  class space    used 554K, capacity 592K, committed 640K, reserved 1048576K
2024-07-16T11:01:44.321+0800: 9.201: [GC (Allocation Failure) 2024-07-16T11:01:44.321+0800: 9.201: [ParNew: 5233K->8K(6144K), 0.0013024 secs] 16595K->12393K(19840K), 0.0014090 secs] [Times: user=0.00 sys=0.00, real=0.00 secs] 
Heap after GC invocations=1117 (full 143):
 par new generation   total 6144K, used 8K [0x00000000fec00000, 0x00000000ff2a0000, 0x00000000ff2a0000)
  eden space 5504K,   0% used [0x00000000fec00000, 0x00000000fec00000, 0x00000000ff160000)
  from space 640K,   1% used [0x00000000ff200000, 0x00000000ff202040, 0x00000000ff2a0000)
  to   space 640K,   0% used [0x00000000ff160000, 0x00000000ff160000, 0x00000000ff200000)
 concurrent mark-sweep generation total 13696K, used 12385K [0x00000000ff2a0000, 0x0000000100000000, 0x0000000100000000)
 Metaspace       used 5070K, capacity 5248K, committed 5504K, reserved 1056768K
  class space    used 554K, capacity 592K, committed 640K, reserved 1048576K
}
{Heap before GC invocations=1117 (full 143):
 par new generation   total 6144K, used 5237K [0x00000000fec00000, 0x00000000ff2a0000, 0x00000000ff2a0000)
  eden space 5504K,  95% used [0x00000000fec00000, 0x00000000ff11b7b0, 0x00000000ff160000)
  from space 640K,   1% used [0x00000000ff200000, 0x00000000ff202040, 0x00000000ff2a0000)
  to   space 640K,   0% used [0x00000000ff160000, 0x00000000ff160000, 0x00000000ff200000)
 concurrent mark-sweep generation total 13696K, used 12385K [0x00000000ff2a0000, 0x0000000100000000, 0x0000000100000000)
 Metaspace       used 5070K, capacity 5248K, committed 5504K, reserved 1056768K
  class space    used 554K, capacity 592K, committed 640K, reserved 1048576K
2024-07-16T11:01:44.331+0800: 9.211: [GC (Allocation Failure) 2024-07-16T11:01:44.331+0800: 9.211: [ParNew: 5237K->5237K(6144K), 0.0000212 secs]2024-07-16T11:01:44.331+0800: 9.211: [CMS2024-07-16T11:01:44.331+0800: 9.211: [CMS-concurrent-abortable-preclean: 0.002/0.119 secs] [Times: user=0.16 sys=0.00, real=0.12 secs] 
 (concurrent mode failure): 12385K->1106K(13696K), 0.0034916 secs] 17623K->1106K(19840K), [Metaspace: 5070K->5070K(1056768K)], 0.0035762 secs] [Times: user=0.00 sys=0.00, real=0.00 secs] 
Heap after GC invocations=1118 (full 144):
 par new generation   total 6144K, used 0K [0x00000000fec00000, 0x00000000ff2a0000, 0x00000000ff2a0000)
  eden space 5504K,   0% used [0x00000000fec00000, 0x00000000fec00000, 0x00000000ff160000)
  from space 640K,   0% used [0x00000000ff200000, 0x00000000ff200000, 0x00000000ff2a0000)
  to   space 640K,   0% used [0x00000000ff160000, 0x00000000ff160000, 0x00000000ff200000)
 concurrent mark-sweep generation total 13696K, used 1106K [0x00000000ff2a0000, 0x0000000100000000, 0x0000000100000000)
 Metaspace       used 5070K, capacity 5248K, committed 5504K, reserved 1056768K
  class space    used 554K, capacity 592K, committed 640K, reserved 1048576K
}
{Heap before GC invocations=1118 (full 144):
 par new generation   total 6144K, used 5229K [0x00000000fec00000, 0x00000000ff2a0000, 0x00000000ff2a0000)
  eden space 5504K,  95% used [0x00000000fec00000, 0x00000000ff11b7b0, 0x00000000ff160000)
  from space 640K,   0% used [0x00000000ff200000, 0x00000000ff200000, 0x00000000ff2a0000)
  to   space 640K,   0% used [0x00000000ff160000, 0x00000000ff160000, 0x00000000ff200000)
 concurrent mark-sweep generation total 13696K, used 1106K [0x00000000ff2a0000, 0x0000000100000000, 0x0000000100000000)
 Metaspace       used 5070K, capacity 5248K, committed 5504K, reserved 1056768K
  class space    used 554K, capacity 592K, committed 640K, reserved 1048576K
2024-07-16T11:01:44.342+0800: 9.222: [GC (Allocation Failure) 2024-07-16T11:01:44.342+0800: 9.222: [ParNew: 5229K->8K(6144K), 0.0003765 secs] 6336K->2140K(19840K), 0.0004148 secs] [Times: user=0.00 sys=0.00, real=0.00 secs] 
Heap after GC invocations=1119 (full 144):
 par new generation   total 6144K, used 8K [0x00000000fec00000, 0x00000000ff2a0000, 0x00000000ff2a0000)
  eden space 5504K,   0% used [0x00000000fec00000, 0x00000000fec00000, 0x00000000ff160000)
  from space 640K,   1% used [0x00000000ff160000, 0x00000000ff162040, 0x00000000ff200000)
  to   space 640K,   0% used [0x00000000ff200000, 0x00000000ff200000, 0x00000000ff2a0000)
 concurrent mark-sweep generation total 13696K, used 2132K [0x00000000ff2a0000, 0x0000000100000000, 0x0000000100000000)
 Metaspace       used 5070K, capacity 5248K, committed 5504K, reserved 1056768K
  class space    used 554K, capacity 592K, committed 640K, reserved 1048576K
}
{Heap before GC invocations=1119 (full 144):
 par new generation   total 6144K, used 5237K [0x00000000fec00000, 0x00000000ff2a0000, 0x00000000ff2a0000)
  eden space 5504K,  95% used [0x00000000fec00000, 0x00000000ff11b7b0, 0x00000000ff160000)
  from space 640K,   1% used [0x00000000ff160000, 0x00000000ff162040, 0x00000000ff200000)
  to   space 640K,   0% used [0x00000000ff200000, 0x00000000ff200000, 0x00000000ff2a0000)
 concurrent mark-sweep generation total 13696K, used 2132K [0x00000000ff2a0000, 0x0000000100000000, 0x0000000100000000)
 Metaspace       used 5070K, capacity 5248K, committed 5504K, reserved 1056768K
  class space    used 554K, capacity 592K, committed 640K, reserved 1048576K
2024-07-16T11:01:44.349+0800: 9.229: [GC (Allocation Failure) 2024-07-16T11:01:44.349+0800: 9.229: [ParNew: 5237K->4K(6144K), 0.0002712 secs] 7370K->2136K(19840K), 0.0003133 secs] [Times: user=0.00 sys=0.00, real=0.00 secs] 
Heap after GC invocations=1120 (full 144):
 par new generation   total 6144K, used 4K [0x00000000fec00000, 0x00000000ff2a0000, 0x00000000ff2a0000)
  eden space 5504K,   0% used [0x00000000fec00000, 0x00000000fec00000, 0x00000000ff160000)
  from space 640K,   0% used [0x00000000ff200000, 0x00000000ff201020, 0x00000000ff2a0000)
  to   space 640K,   0% used [0x00000000ff160000, 0x00000000ff160000, 0x00000000ff200000)
 concurrent mark-sweep generation total 13696K, used 2132K [0x00000000ff2a0000, 0x0000000100000000, 0x0000000100000000)
 Metaspace       used 5070K, capacity 5248K, committed 5504K, reserved 1056768K
  class space    used 554K, capacity 592K, committed 640K, reserved 1048576K
}
{Heap before GC invocations=1120 (full 144):
 par new generation   total 6144K, used 5233K [0x00000000fec00000, 0x00000000ff2a0000, 0x00000000ff2a0000)
  eden space 5504K,  95% used [0x00000000fec00000, 0x00000000ff11b7b0, 0x00000000ff160000)
  from space 640K,   0% used [0x00000000ff200000, 0x00000000ff201020, 0x00000000ff2a0000)
  to   space 640K,   0% used [0x00000000ff160000, 0x00000000ff160000, 0x00000000ff200000)
 concurrent mark-sweep generation total 13696K, used 2132K [0x00000000ff2a0000, 0x0000000100000000, 0x0000000100000000)
 Metaspace       used 5070K, capacity 5248K, committed 5504K, reserved 1056768K
  class space    used 554K, capacity 592K, committed 640K, reserved 1048576K
2024-07-16T11:01:44.355+0800: 9.235: [GC (Allocation Failure) 2024-07-16T11:01:44.355+0800: 9.235: [ParNew: 5233K->8K(6144K), 0.0003693 secs] 7366K->3166K(19840K), 0.0003987 secs] [Times: user=0.00 sys=0.00, real=0.00 secs] 
Heap after GC invocations=1121 (full 144):
 par new generation   total 6144K, used 8K [0x00000000fec00000, 0x00000000ff2a0000, 0x00000000ff2a0000)
  eden space 5504K,   0% used [0x00000000fec00000, 0x00000000fec00000, 0x00000000ff160000)
  from space 640K,   1% used [0x00000000ff160000, 0x00000000ff162040, 0x00000000ff200000)
  to   space 640K,   0% used [0x00000000ff200000, 0x00000000ff200000, 0x00000000ff2a0000)
 concurrent mark-sweep generation total 13696K, used 3158K [0x00000000ff2a0000, 0x0000000100000000, 0x0000000100000000)
 Metaspace       used 5070K, capacity 5248K, committed 5504K, reserved 1056768K
  class space    used 554K, capacity 592K, committed 640K, reserved 1048576K
}
{Heap before GC invocations=1121 (full 144):
 par new generation   total 6144K, used 5237K [0x00000000fec00000, 0x00000000ff2a0000, 0x00000000ff2a0000)
  eden space 5504K,  95% used [0x00000000fec00000, 0x00000000ff11b7b0, 0x00000000ff160000)
  from space 640K,   1% used [0x00000000ff160000, 0x00000000ff162040, 0x00000000ff200000)
  to   space 640K,   0% used [0x00000000ff200000, 0x00000000ff200000, 0x00000000ff2a0000)
 concurrent mark-sweep generation total 13696K, used 3158K [0x00000000ff2a0000, 0x0000000100000000, 0x0000000100000000)
 Metaspace       used 5070K, capacity 5248K, committed 5504K, reserved 1056768K
  class space    used 554K, capacity 592K, committed 640K, reserved 1048576K
2024-07-16T11:01:44.363+0800: 9.243: [GC (Allocation Failure) 2024-07-16T11:01:44.363+0800: 9.243: [ParNew: 5237K->4K(6144K), 0.0002390 secs] 8396K->3162K(19840K), 0.0002708 secs] [Times: user=0.00 sys=0.00, real=0.00 secs] 
Heap after GC invocations=1122 (full 144):
 par new generation   total 6144K, used 4K [0x00000000fec00000, 0x00000000ff2a0000, 0x00000000ff2a0000)
  eden space 5504K,   0% used [0x00000000fec00000, 0x00000000fec00000, 0x00000000ff160000)
  from space 640K,   0% used [0x00000000ff200000, 0x00000000ff201020, 0x00000000ff2a0000)
  to   space 640K,   0% used [0x00000000ff160000, 0x00000000ff160000, 0x00000000ff200000)
 concurrent mark-sweep generation total 13696K, used 3158K [0x00000000ff2a0000, 0x0000000100000000, 0x0000000100000000)
 Metaspace       used 5070K, capacity 5248K, committed 5504K, reserved 1056768K
  class space    used 554K, capacity 592K, committed 640K, reserved 1048576K
}
{Heap before GC invocations=1122 (full 144):
 par new generation   total 6144K, used 5233K [0x00000000fec00000, 0x00000000ff2a0000, 0x00000000ff2a0000)
  eden space 5504K,  95% used [0x00000000fec00000, 0x00000000ff11b7b0, 0x00000000ff160000)
  from space 640K,   0% used [0x00000000ff200000, 0x00000000ff201020, 0x00000000ff2a0000)
  to   space 640K,   0% used [0x00000000ff160000, 0x00000000ff160000, 0x00000000ff200000)
 concurrent mark-sweep generation total 13696K, used 3158K [0x00000000ff2a0000, 0x0000000100000000, 0x0000000100000000)
 Metaspace       used 5070K, capacity 5248K, committed 5504K, reserved 1056768K
  class space    used 554K, capacity 592K, committed 640K, reserved 1048576K
2024-07-16T11:01:44.371+0800: 9.251: [GC (Allocation Failure) 2024-07-16T11:01:44.371+0800: 9.251: [ParNew: 5233K->4K(6144K), 0.0002878 secs] 8392K->3162K(19840K), 0.0003267 secs] [Times: user=0.00 sys=0.00, real=0.00 secs] 
Heap after GC invocations=1123 (full 144):
 par new generation   total 6144K, used 4K [0x00000000fec00000, 0x00000000ff2a0000, 0x00000000ff2a0000)
  eden space 5504K,   0% used [0x00000000fec00000, 0x00000000fec00000, 0x00000000ff160000)
  from space 640K,   0% used [0x00000000ff160000, 0x00000000ff161020, 0x00000000ff200000)
  to   space 640K,   0% used [0x00000000ff200000, 0x00000000ff200000, 0x00000000ff2a0000)
 concurrent mark-sweep generation total 13696K, used 3158K [0x00000000ff2a0000, 0x0000000100000000, 0x0000000100000000)
 Metaspace       used 5070K, capacity 5248K, committed 5504K, reserved 1056768K
  class space    used 554K, capacity 592K, committed 640K, reserved 1048576K
}
{Heap before GC invocations=1123 (full 144):
 par new generation   total 6144K, used 5233K [0x00000000fec00000, 0x00000000ff2a0000, 0x00000000ff2a0000)
  eden space 5504K,  95% used [0x00000000fec00000, 0x00000000ff11b7b0, 0x00000000ff160000)
  from space 640K,   0% used [0x00000000ff160000, 0x00000000ff161020, 0x00000000ff200000)
  to   space 640K,   0% used [0x00000000ff200000, 0x00000000ff200000, 0x00000000ff2a0000)
 concurrent mark-sweep generation total 13696K, used 3158K [0x00000000ff2a0000, 0x0000000100000000, 0x0000000100000000)
 Metaspace       used 5070K, capacity 5248K, committed 5504K, reserved 1056768K
  class space    used 554K, capacity 592K, committed 640K, reserved 1048576K
2024-07-16T11:01:44.378+0800: 9.258: [GC (Allocation Failure) 2024-07-16T11:01:44.378+0800: 9.258: [ParNew: 5233K->8K(6144K), 0.0003239 secs] 8392K->4190K(19840K), 0.0003573 secs] [Times: user=0.00 sys=0.00, real=0.00 secs] 
Heap after GC invocations=1124 (full 144):
 par new generation   total 6144K, used 8K [0x00000000fec00000, 0x00000000ff2a0000, 0x00000000ff2a0000)
  eden space 5504K,   0% used [0x00000000fec00000, 0x00000000fec00000, 0x00000000ff160000)
  from space 640K,   1% used [0x00000000ff200000, 0x00000000ff202040, 0x00000000ff2a0000)
  to   space 640K,   0% used [0x00000000ff160000, 0x00000000ff160000, 0x00000000ff200000)
 concurrent mark-sweep generation total 13696K, used 4182K [0x00000000ff2a0000, 0x0000000100000000, 0x0000000100000000)
 Metaspace       used 5070K, capacity 5248K, committed 5504K, reserved 1056768K
  class space    used 554K, capacity 592K, committed 640K, reserved 1048576K
}
{Heap before GC invocations=1124 (full 144):
 par new generation   total 6144K, used 5237K [0x00000000fec00000, 0x00000000ff2a0000, 0x00000000ff2a0000)
  eden space 5504K,  95% used [0x00000000fec00000, 0x00000000ff11b7b0, 0x00000000ff160000)
  from space 640K,   1% used [0x00000000ff200000, 0x00000000ff202040, 0x00000000ff2a0000)
  to   space 640K,   0% used [0x00000000ff160000, 0x00000000ff160000, 0x00000000ff200000)
 concurrent mark-sweep generation total 13696K, used 4182K [0x00000000ff2a0000, 0x0000000100000000, 0x0000000100000000)
 Metaspace       used 5070K, capacity 5248K, committed 5504K, reserved 1056768K
  class space    used 554K, capacity 592K, committed 640K, reserved 1048576K
2024-07-16T11:01:44.385+0800: 9.265: [GC (Allocation Failure) 2024-07-16T11:01:44.385+0800: 9.265: [ParNew: 5237K->8K(6144K), 0.0003486 secs] 9420K->5216K(19840K), 0.0003809 secs] [Times: user=0.00 sys=0.00, real=0.00 secs] 
Heap after GC invocations=1125 (full 144):
 par new generation   total 6144K, used 8K [0x00000000fec00000, 0x00000000ff2a0000, 0x00000000ff2a0000)
  eden space 5504K,   0% used [0x00000000fec00000, 0x00000000fec00000, 0x00000000ff160000)
  from space 640K,   1% used [0x00000000ff160000, 0x00000000ff162040, 0x00000000ff200000)
  to   space 640K,   0% used [0x00000000ff200000, 0x00000000ff200000, 0x00000000ff2a0000)
 concurrent mark-sweep generation total 13696K, used 5208K [0x00000000ff2a0000, 0x0000000100000000, 0x0000000100000000)
 Metaspace       used 5070K, capacity 5248K, committed 5504K, reserved 1056768K
  class space    used 554K, capacity 592K, committed 640K, reserved 1048576K
}
2024-07-16T11:01:44.385+0800: 9.266: [GC (CMS Initial Mark) [1 CMS-initial-mark: 5208K(13696K)] 6240K(19840K), 0.0001346 secs] [Times: user=0.00 sys=0.00, real=0.00 secs] 
2024-07-16T11:01:44.385+0800: 9.266: [CMS-concurrent-mark-start]
2024-07-16T11:01:44.387+0800: 9.267: [CMS-concurrent-mark: 0.002/0.002 secs] [Times: user=0.00 sys=0.00, real=0.00 secs] 
2024-07-16T11:01:44.387+0800: 9.267: [CMS-concurrent-preclean-start]
2024-07-16T11:01:44.387+0800: 9.267: [CMS-concurrent-preclean: 0.000/0.000 secs] [Times: user=0.00 sys=0.00, real=0.00 secs] 
2024-07-16T11:01:44.387+0800: 9.267: [CMS-concurrent-abortable-preclean-start]
{Heap before GC invocations=1125 (full 145):
 par new generation   total 6144K, used 5237K [0x00000000fec00000, 0x00000000ff2a0000, 0x00000000ff2a0000)
  eden space 5504K,  95% used [0x00000000fec00000, 0x00000000ff11b7b0, 0x00000000ff160000)
  from space 640K,   1% used [0x00000000ff160000, 0x00000000ff162040, 0x00000000ff200000)
  to   space 640K,   0% used [0x00000000ff200000, 0x00000000ff200000, 0x00000000ff2a0000)
 concurrent mark-sweep generation total 13696K, used 5208K [0x00000000ff2a0000, 0x0000000100000000, 0x0000000100000000)
 Metaspace       used 5070K, capacity 5248K, committed 5504K, reserved 1056768K
  class space    used 554K, capacity 592K, committed 640K, reserved 1048576K
2024-07-16T11:01:44.392+0800: 9.272: [GC (Allocation Failure) 2024-07-16T11:01:44.392+0800: 9.272: [ParNew: 5237K->8K(6144K), 0.0004786 secs] 10446K->6240K(19840K), 0.0005181 secs] [Times: user=0.00 sys=0.00, real=0.00 secs] 
Heap after GC invocations=1126 (full 145):
 par new generation   total 6144K, used 8K [0x00000000fec00000, 0x00000000ff2a0000, 0x00000000ff2a0000)
  eden space 5504K,   0% used [0x00000000fec00000, 0x00000000fec00000, 0x00000000ff160000)
  from space 640K,   1% used [0x00000000ff200000, 0x00000000ff202040, 0x00000000ff2a0000)
  to   space 640K,   0% used [0x00000000ff160000, 0x00000000ff160000, 0x00000000ff200000)
 concurrent mark-sweep generation total 13696K, used 6232K [0x00000000ff2a0000, 0x0000000100000000, 0x0000000100000000)
 Metaspace       used 5070K, capacity 5248K, committed 5504K, reserved 1056768K
  class space    used 554K, capacity 592K, committed 640K, reserved 1048576K
}
{Heap before GC invocations=1126 (full 145):
 par new generation   total 6144K, used 5237K [0x00000000fec00000, 0x00000000ff2a0000, 0x00000000ff2a0000)
  eden space 5504K,  95% used [0x00000000fec00000, 0x00000000ff11b7b0, 0x00000000ff160000)
  from space 640K,   1% used [0x00000000ff200000, 0x00000000ff202040, 0x00000000ff2a0000)
  to   space 640K,   0% used [0x00000000ff160000, 0x00000000ff160000, 0x00000000ff200000)
 concurrent mark-sweep generation total 13696K, used 6232K [0x00000000ff2a0000, 0x0000000100000000, 0x0000000100000000)
 Metaspace       used 5070K, capacity 5248K, committed 5504K, reserved 1056768K
  class space    used 554K, capacity 592K, committed 640K, reserved 1048576K
2024-07-16T11:01:44.398+0800: 9.278: [GC (Allocation Failure) 2024-07-16T11:01:44.398+0800: 9.278: [ParNew: 5237K->8K(6144K), 0.0003503 secs] 11470K->7264K(19840K), 0.0003967 secs] [Times: user=0.00 sys=0.00, real=0.00 secs] 
Heap after GC invocations=1127 (full 145):
 par new generation   total 6144K, used 8K [0x00000000fec00000, 0x00000000ff2a0000, 0x00000000ff2a0000)
  eden space 5504K,   0% used [0x00000000fec00000, 0x00000000fec00000, 0x00000000ff160000)
  from space 640K,   1% used [0x00000000ff160000, 0x00000000ff162040, 0x00000000ff200000)
  to   space 640K,   0% used [0x00000000ff200000, 0x00000000ff200000, 0x00000000ff2a0000)
 concurrent mark-sweep generation total 13696K, used 7256K [0x00000000ff2a0000, 0x0000000100000000, 0x0000000100000000)
 Metaspace       used 5070K, capacity 5248K, committed 5504K, reserved 1056768K
  class space    used 554K, capacity 592K, committed 640K, reserved 1048576K
}
{Heap before GC invocations=1127 (full 145):
 par new generation   total 6144K, used 5237K [0x00000000fec00000, 0x00000000ff2a0000, 0x00000000ff2a0000)
  eden space 5504K,  95% used [0x00000000fec00000, 0x00000000ff11b7b0, 0x00000000ff160000)
  from space 640K,   1% used [0x00000000ff160000, 0x00000000ff162040, 0x00000000ff200000)
  to   space 640K,   0% used [0x00000000ff200000, 0x00000000ff200000, 0x00000000ff2a0000)
 concurrent mark-sweep generation total 13696K, used 7256K [0x00000000ff2a0000, 0x0000000100000000, 0x0000000100000000)
 Metaspace       used 5070K, capacity 5248K, committed 5504K, reserved 1056768K
  class space    used 554K, capacity 592K, committed 640K, reserved 1048576K
2024-07-16T11:01:44.404+0800: 9.284: [GC (Allocation Failure) 2024-07-16T11:01:44.404+0800: 9.284: [ParNew: 5237K->6K(6144K), 0.0005071 secs] 12494K->9312K(19840K), 0.0005529 secs] [Times: user=0.00 sys=0.00, real=0.00 secs] 
Heap after GC invocations=1128 (full 145):
 par new generation   total 6144K, used 6K [0x00000000fec00000, 0x00000000ff2a0000, 0x00000000ff2a0000)
  eden space 5504K,   0% used [0x00000000fec00000, 0x00000000fec00000, 0x00000000ff160000)
  from space 640K,   0% used [0x00000000ff200000, 0x00000000ff201830, 0x00000000ff2a0000)
  to   space 640K,   0% used [0x00000000ff160000, 0x00000000ff160000, 0x00000000ff200000)
 concurrent mark-sweep generation total 13696K, used 9306K [0x00000000ff2a0000, 0x0000000100000000, 0x0000000100000000)
 Metaspace       used 5070K, capacity 5248K, committed 5504K, reserved 1056768K
  class space    used 554K, capacity 592K, committed 640K, reserved 1048576K
}
{Heap before GC invocations=1128 (full 145):
 par new generation   total 6144K, used 5235K [0x00000000fec00000, 0x00000000ff2a0000, 0x00000000ff2a0000)
  eden space 5504K,  95% used [0x00000000fec00000, 0x00000000ff11b7b0, 0x00000000ff160000)
  from space 640K,   0% used [0x00000000ff200000, 0x00000000ff201830, 0x00000000ff2a0000)
  to   space 640K,   0% used [0x00000000ff160000, 0x00000000ff160000, 0x00000000ff200000)
 concurrent mark-sweep generation total 13696K, used 9306K [0x00000000ff2a0000, 0x0000000100000000, 0x0000000100000000)
 Metaspace       used 5070K, capacity 5248K, committed 5504K, reserved 1056768K
  class space    used 554K, capacity 592K, committed 640K, reserved 1048576K
2024-07-16T11:01:44.411+0800: 9.291: [GC (Allocation Failure) 2024-07-16T11:01:44.411+0800: 9.291: [ParNew: 5235K->4K(6144K), 0.0002736 secs] 14542K->9310K(19840K), 0.0003030 secs] [Times: user=0.00 sys=0.00, real=0.00 secs] 
Heap after GC invocations=1129 (full 145):
 par new generation   total 6144K, used 4K [0x00000000fec00000, 0x00000000ff2a0000, 0x00000000ff2a0000)
  eden space 5504K,   0% used [0x00000000fec00000, 0x00000000fec00000, 0x00000000ff160000)
  from space 640K,   0% used [0x00000000ff160000, 0x00000000ff161020, 0x00000000ff200000)
  to   space 640K,   0% used [0x00000000ff200000, 0x00000000ff200000, 0x00000000ff2a0000)
 concurrent mark-sweep generation total 13696K, used 9306K [0x00000000ff2a0000, 0x0000000100000000, 0x0000000100000000)
 Metaspace       used 5070K, capacity 5248K, committed 5504K, reserved 1056768K
  class space    used 554K, capacity 592K, committed 640K, reserved 1048576K
}
{Heap before GC invocations=1129 (full 145):
 par new generation   total 6144K, used 5233K [0x00000000fec00000, 0x00000000ff2a0000, 0x00000000ff2a0000)
  eden space 5504K,  95% used [0x00000000fec00000, 0x00000000ff11b7b0, 0x00000000ff160000)
  from space 640K,   0% used [0x00000000ff160000, 0x00000000ff161020, 0x00000000ff200000)
  to   space 640K,   0% used [0x00000000ff200000, 0x00000000ff200000, 0x00000000ff2a0000)
 concurrent mark-sweep generation total 13696K, used 9306K [0x00000000ff2a0000, 0x0000000100000000, 0x0000000100000000)
 Metaspace       used 5070K, capacity 5248K, committed 5504K, reserved 1056768K
  class space    used 554K, capacity 592K, committed 640K, reserved 1048576K
2024-07-16T11:01:44.419+0800: 9.299: [GC (Allocation Failure) 2024-07-16T11:01:44.419+0800: 9.299: [ParNew: 5233K->4K(6144K), 0.0003067 secs] 14540K->9310K(19840K), 0.0003394 secs] [Times: user=0.00 sys=0.00, real=0.00 secs] 
Heap after GC invocations=1130 (full 145):
 par new generation   total 6144K, used 4K [0x00000000fec00000, 0x00000000ff2a0000, 0x00000000ff2a0000)
  eden space 5504K,   0% used [0x00000000fec00000, 0x00000000fec00000, 0x00000000ff160000)
  from space 640K,   0% used [0x00000000ff200000, 0x00000000ff201020, 0x00000000ff2a0000)
  to   space 640K,   0% used [0x00000000ff160000, 0x00000000ff160000, 0x00000000ff200000)
 concurrent mark-sweep generation total 13696K, used 9306K [0x00000000ff2a0000, 0x0000000100000000, 0x0000000100000000)
 Metaspace       used 5070K, capacity 5248K, committed 5504K, reserved 1056768K
  class space    used 554K, capacity 592K, committed 640K, reserved 1048576K
}
{Heap before GC invocations=1130 (full 145):
 par new generation   total 6144K, used 5233K [0x00000000fec00000, 0x00000000ff2a0000, 0x00000000ff2a0000)
  eden space 5504K,  95% used [0x00000000fec00000, 0x00000000ff11b7b0, 0x00000000ff160000)
  from space 640K,   0% used [0x00000000ff200000, 0x00000000ff201020, 0x00000000ff2a0000)
  to   space 640K,   0% used [0x00000000ff160000, 0x00000000ff160000, 0x00000000ff200000)
 concurrent mark-sweep generation total 13696K, used 9306K [0x00000000ff2a0000, 0x0000000100000000, 0x0000000100000000)
 Metaspace       used 5070K, capacity 5248K, committed 5504K, reserved 1056768K
  class space    used 554K, capacity 592K, committed 640K, reserved 1048576K
2024-07-16T11:01:44.426+0800: 9.306: [GC (Allocation Failure) 2024-07-16T11:01:44.426+0800: 9.306: [ParNew: 5233K->4K(6144K), 0.0003465 secs] 14540K->9310K(19840K), 0.0003699 secs] [Times: user=0.00 sys=0.00, real=0.00 secs] 
Heap after GC invocations=1131 (full 145):
 par new generation   total 6144K, used 4K [0x00000000fec00000, 0x00000000ff2a0000, 0x00000000ff2a0000)
  eden space 5504K,   0% used [0x00000000fec00000, 0x00000000fec00000, 0x00000000ff160000)
  from space 640K,   0% used [0x00000000ff160000, 0x00000000ff161020, 0x00000000ff200000)
  to   space 640K,   0% used [0x00000000ff200000, 0x00000000ff200000, 0x00000000ff2a0000)
 concurrent mark-sweep generation total 13696K, used 9306K [0x00000000ff2a0000, 0x0000000100000000, 0x0000000100000000)
 Metaspace       used 5070K, capacity 5248K, committed 5504K, reserved 1056768K
  class space    used 554K, capacity 592K, committed 640K, reserved 1048576K
}
{Heap before GC invocations=1131 (full 145):
 par new generation   total 6144K, used 5233K [0x00000000fec00000, 0x00000000ff2a0000, 0x00000000ff2a0000)
  eden space 5504K,  95% used [0x00000000fec00000, 0x00000000ff11b7b0, 0x00000000ff160000)
  from space 640K,   0% used [0x00000000ff160000, 0x00000000ff161020, 0x00000000ff200000)
  to   space 640K,   0% used [0x00000000ff200000, 0x00000000ff200000, 0x00000000ff2a0000)
 concurrent mark-sweep generation total 13696K, used 9306K [0x00000000ff2a0000, 0x0000000100000000, 0x0000000100000000)
 Metaspace       used 5070K, capacity 5248K, committed 5504K, reserved 1056768K
  class space    used 554K, capacity 592K, committed 640K, reserved 1048576K
2024-07-16T11:01:44.432+0800: 9.312: [GC (Allocation Failure) 2024-07-16T11:01:44.432+0800: 9.312: [ParNew: 5233K->6K(6144K), 0.0004767 secs] 14540K->10339K(19840K), 0.0005115 secs] [Times: user=0.00 sys=0.00, real=0.00 secs] 
Heap after GC invocations=1132 (full 145):
 par new generation   total 6144K, used 6K [0x00000000fec00000, 0x00000000ff2a0000, 0x00000000ff2a0000)
  eden space 5504K,   0% used [0x00000000fec00000, 0x00000000fec00000, 0x00000000ff160000)
  from space 640K,   0% used [0x00000000ff200000, 0x00000000ff201830, 0x00000000ff2a0000)
  to   space 640K,   0% used [0x00000000ff160000, 0x00000000ff160000, 0x00000000ff200000)
 concurrent mark-sweep generation total 13696K, used 10332K [0x00000000ff2a0000, 0x0000000100000000, 0x0000000100000000)
 Metaspace       used 5070K, capacity 5248K, committed 5504K, reserved 1056768K
  class space    used 554K, capacity 592K, committed 640K, reserved 1048576K
}
{Heap before GC invocations=1132 (full 145):
 par new generation   total 6144K, used 5235K [0x00000000fec00000, 0x00000000ff2a0000, 0x00000000ff2a0000)
  eden space 5504K,  95% used [0x00000000fec00000, 0x00000000ff11b7b0, 0x00000000ff160000)
  from space 640K,   0% used [0x00000000ff200000, 0x00000000ff201830, 0x00000000ff2a0000)
  to   space 640K,   0% used [0x00000000ff160000, 0x00000000ff160000, 0x00000000ff200000)
 concurrent mark-sweep generation total 13696K, used 10332K [0x00000000ff2a0000, 0x0000000100000000, 0x0000000100000000)
 Metaspace       used 5070K, capacity 5248K, committed 5504K, reserved 1056768K
  class space    used 554K, capacity 592K, committed 640K, reserved 1048576K
2024-07-16T11:01:44.438+0800: 9.318: [GC (Allocation Failure) 2024-07-16T11:01:44.438+0800: 9.318: [ParNew: 5235K->10K(6144K), 0.0004910 secs] 15568K->12393K(19840K), 0.0005371 secs] [Times: user=0.00 sys=0.00, real=0.00 secs] 
Heap after GC invocations=1133 (full 145):
 par new generation   total 6144K, used 10K [0x00000000fec00000, 0x00000000ff2a0000, 0x00000000ff2a0000)
  eden space 5504K,   0% used [0x00000000fec00000, 0x00000000fec00000, 0x00000000ff160000)
  from space 640K,   1% used [0x00000000ff160000, 0x00000000ff162850, 0x00000000ff200000)
  to   space 640K,   0% used [0x00000000ff200000, 0x00000000ff200000, 0x00000000ff2a0000)
 concurrent mark-sweep generation total 13696K, used 12383K [0x00000000ff2a0000, 0x0000000100000000, 0x0000000100000000)
 Metaspace       used 5070K, capacity 5248K, committed 5504K, reserved 1056768K
  class space    used 554K, capacity 592K, committed 640K, reserved 1048576K
}
{Heap before GC invocations=1133 (full 145):
 par new generation   total 6144K, used 5240K [0x00000000fec00000, 0x00000000ff2a0000, 0x00000000ff2a0000)
  eden space 5504K,  95% used [0x00000000fec00000, 0x00000000ff11b7b0, 0x00000000ff160000)
  from space 640K,   1% used [0x00000000ff160000, 0x00000000ff162850, 0x00000000ff200000)
  to   space 640K,   0% used [0x00000000ff200000, 0x00000000ff200000, 0x00000000ff2a0000)
 concurrent mark-sweep generation total 13696K, used 12383K [0x00000000ff2a0000, 0x0000000100000000, 0x0000000100000000)
 Metaspace       used 5070K, capacity 5248K, committed 5504K, reserved 1056768K
  class space    used 554K, capacity 592K, committed 640K, reserved 1048576K
2024-07-16T11:01:44.446+0800: 9.326: [GC (Allocation Failure) 2024-07-16T11:01:44.446+0800: 9.326: [ParNew: 5240K->5240K(6144K), 0.0000122 secs]2024-07-16T11:01:44.446+0800: 9.326: [CMS2024-07-16T11:01:44.446+0800: 9.326: [CMS-concurrent-abortable-preclean: 0.001/0.059 secs] [Times: user=0.00 sys=0.00, real=0.06 secs] 
 (concurrent mode failure): 12383K->1106K(13696K), 0.0024626 secs] 17623K->1106K(19840K), [Metaspace: 5070K->5070K(1056768K)], 0.0025257 secs] [Times: user=0.00 sys=0.00, real=0.00 secs] 
Heap after GC invocations=1134 (full 146):
 par new generation   total 6144K, used 0K [0x00000000fec00000, 0x00000000ff2a0000, 0x00000000ff2a0000)
  eden space 5504K,   0% used [0x00000000fec00000, 0x00000000fec00000, 0x00000000ff160000)
  from space 640K,   0% used [0x00000000ff160000, 0x00000000ff160000, 0x00000000ff200000)
  to   space 640K,   0% used [0x00000000ff200000, 0x00000000ff200000, 0x00000000ff2a0000)
 concurrent mark-sweep generation total 13696K, used 1106K [0x00000000ff2a0000, 0x0000000100000000, 0x0000000100000000)
 Metaspace       used 5070K, capacity 5248K, committed 5504K, reserved 1056768K
  class space    used 554K, capacity 592K, committed 640K, reserved 1048576K
}
{Heap before GC invocations=1134 (full 146):
 par new generation   total 6144K, used 5229K [0x00000000fec00000, 0x00000000ff2a0000, 0x00000000ff2a0000)
  eden space 5504K,  95% used [0x00000000fec00000, 0x00000000ff11b7b0, 0x00000000ff160000)
  from space 640K,   0% used [0x00000000ff160000, 0x00000000ff160000, 0x00000000ff200000)
  to   space 640K,   0% used [0x00000000ff200000, 0x00000000ff200000, 0x00000000ff2a0000)
 concurrent mark-sweep generation total 13696K, used 1106K [0x00000000ff2a0000, 0x0000000100000000, 0x0000000100000000)
 Metaspace       used 5070K, capacity 5248K, committed 5504K, reserved 1056768K
  class space    used 554K, capacity 592K, committed 640K, reserved 1048576K
2024-07-16T11:01:44.454+0800: 9.334: [GC (Allocation Failure) 2024-07-16T11:01:44.454+0800: 9.334: [ParNew: 5229K->6K(6144K), 0.0009280 secs] 6336K->2138K(19840K), 0.0009727 secs] [Times: user=0.02 sys=0.00, real=0.00 secs] 
Heap after GC invocations=1135 (full 146):
 par new generation   total 6144K, used 6K [0x00000000fec00000, 0x00000000ff2a0000, 0x00000000ff2a0000)
  eden space 5504K,   0% used [0x00000000fec00000, 0x00000000fec00000, 0x00000000ff160000)
  from space 640K,   0% used [0x00000000ff200000, 0x00000000ff201830, 0x00000000ff2a0000)
  to   space 640K,   0% used [0x00000000ff160000, 0x00000000ff160000, 0x00000000ff200000)
 concurrent mark-sweep generation total 13696K, used 2132K [0x00000000ff2a0000, 0x0000000100000000, 0x0000000100000000)
 Metaspace       used 5070K, capacity 5248K, committed 5504K, reserved 1056768K
  class space    used 554K, capacity 592K, committed 640K, reserved 1048576K
}
{Heap before GC invocations=1135 (full 146):
 par new generation   total 6144K, used 5235K [0x00000000fec00000, 0x00000000ff2a0000, 0x00000000ff2a0000)
  eden space 5504K,  95% used [0x00000000fec00000, 0x00000000ff11b7b0, 0x00000000ff160000)
  from space 640K,   0% used [0x00000000ff200000, 0x00000000ff201830, 0x00000000ff2a0000)
  to   space 640K,   0% used [0x00000000ff160000, 0x00000000ff160000, 0x00000000ff200000)
 concurrent mark-sweep generation total 13696K, used 2132K [0x00000000ff2a0000, 0x0000000100000000, 0x0000000100000000)
 Metaspace       used 5070K, capacity 5248K, committed 5504K, reserved 1056768K
  class space    used 554K, capacity 592K, committed 640K, reserved 1048576K
2024-07-16T11:01:44.462+0800: 9.342: [GC (Allocation Failure) 2024-07-16T11:01:44.462+0800: 9.342: [ParNew: 5235K->8K(6144K), 0.0011646 secs] 7368K->3166K(19840K), 0.0013593 secs] [Times: user=0.00 sys=0.00, real=0.00 secs] 
Heap after GC invocations=1136 (full 146):
 par new generation   total 6144K, used 8K [0x00000000fec00000, 0x00000000ff2a0000, 0x00000000ff2a0000)
  eden space 5504K,   0% used [0x00000000fec00000, 0x00000000fec00000, 0x00000000ff160000)
  from space 640K,   1% used [0x00000000ff160000, 0x00000000ff162040, 0x00000000ff200000)
  to   space 640K,   0% used [0x00000000ff200000, 0x00000000ff200000, 0x00000000ff2a0000)
 concurrent mark-sweep generation total 13696K, used 3158K [0x00000000ff2a0000, 0x0000000100000000, 0x0000000100000000)
 Metaspace       used 5070K, capacity 5248K, committed 5504K, reserved 1056768K
  class space    used 554K, capacity 592K, committed 640K, reserved 1048576K
}
2024-07-16T11:01:44.463+0800: 9.344: [GC (CMS Initial Mark) [1 CMS-initial-mark: 3158K(13696K)] 4192K(19840K), 0.0002556 secs] [Times: user=0.00 sys=0.00, real=0.00 secs] 
2024-07-16T11:01:44.464+0800: 9.344: [CMS-concurrent-mark-start]
2024-07-16T11:01:44.466+0800: 9.347: [CMS-concurrent-mark: 0.003/0.003 secs] [Times: user=0.00 sys=0.00, real=0.00 secs] 
2024-07-16T11:01:44.466+0800: 9.347: [CMS-concurrent-preclean-start]
2024-07-16T11:01:44.466+0800: 9.347: [CMS-concurrent-preclean: 0.000/0.000 secs] [Times: user=0.00 sys=0.00, real=0.00 secs] 
2024-07-16T11:01:44.466+0800: 9.347: [CMS-concurrent-abortable-preclean-start]
{Heap before GC invocations=1136 (full 147):
 par new generation   total 6144K, used 5237K [0x00000000fec00000, 0x00000000ff2a0000, 0x00000000ff2a0000)
  eden space 5504K,  95% used [0x00000000fec00000, 0x00000000ff11b7b0, 0x00000000ff160000)
  from space 640K,   1% used [0x00000000ff160000, 0x00000000ff162040, 0x00000000ff200000)
  to   space 640K,   0% used [0x00000000ff200000, 0x00000000ff200000, 0x00000000ff2a0000)
 concurrent mark-sweep generation total 13696K, used 3158K [0x00000000ff2a0000, 0x0000000100000000, 0x0000000100000000)
 Metaspace       used 5070K, capacity 5248K, committed 5504K, reserved 1056768K
  class space    used 554K, capacity 592K, committed 640K, reserved 1048576K
2024-07-16T11:01:44.471+0800: 9.351: [GC (Allocation Failure) 2024-07-16T11:01:44.471+0800: 9.351: [ParNew: 5237K->8K(6144K), 0.0008760 secs] 8396K->4192K(19840K), 0.0009522 secs] [Times: user=0.00 sys=0.00, real=0.00 secs] 
Heap after GC invocations=1137 (full 147):
 par new generation   total 6144K, used 8K [0x00000000fec00000, 0x00000000ff2a0000, 0x00000000ff2a0000)
  eden space 5504K,   0% used [0x00000000fec00000, 0x00000000fec00000, 0x00000000ff160000)
  from space 640K,   1% used [0x00000000ff200000, 0x00000000ff202040, 0x00000000ff2a0000)
  to   space 640K,   0% used [0x00000000ff160000, 0x00000000ff160000, 0x00000000ff200000)
 concurrent mark-sweep generation total 13696K, used 4184K [0x00000000ff2a0000, 0x0000000100000000, 0x0000000100000000)
 Metaspace       used 5070K, capacity 5248K, committed 5504K, reserved 1056768K
  class space    used 554K, capacity 592K, committed 640K, reserved 1048576K
}
{Heap before GC invocations=1137 (full 147):
 par new generation   total 6144K, used 5237K [0x00000000fec00000, 0x00000000ff2a0000, 0x00000000ff2a0000)
  eden space 5504K,  95% used [0x00000000fec00000, 0x00000000ff11b7b0, 0x00000000ff160000)
  from space 640K,   1% used [0x00000000ff200000, 0x00000000ff202040, 0x00000000ff2a0000)
  to   space 640K,   0% used [0x00000000ff160000, 0x00000000ff160000, 0x00000000ff200000)
 concurrent mark-sweep generation total 13696K, used 4184K [0x00000000ff2a0000, 0x0000000100000000, 0x0000000100000000)
 Metaspace       used 5070K, capacity 5248K, committed 5504K, reserved 1056768K
  class space    used 554K, capacity 592K, committed 640K, reserved 1048576K
2024-07-16T11:01:44.478+0800: 9.358: [GC (Allocation Failure) 2024-07-16T11:01:44.478+0800: 9.358: [ParNew: 5237K->8K(6144K), 0.0011069 secs] 9422K->5218K(19840K), 0.0011874 secs] [Times: user=0.00 sys=0.00, real=0.00 secs] 
Heap after GC invocations=1138 (full 147):
 par new generation   total 6144K, used 8K [0x00000000fec00000, 0x00000000ff2a0000, 0x00000000ff2a0000)
  eden space 5504K,   0% used [0x00000000fec00000, 0x00000000fec00000, 0x00000000ff160000)
  from space 640K,   1% used [0x00000000ff160000, 0x00000000ff162040, 0x00000000ff200000)
  to   space 640K,   0% used [0x00000000ff200000, 0x00000000ff200000, 0x00000000ff2a0000)
 concurrent mark-sweep generation total 13696K, used 5210K [0x00000000ff2a0000, 0x0000000100000000, 0x0000000100000000)
 Metaspace       used 5070K, capacity 5248K, committed 5504K, reserved 1056768K
  class space    used 554K, capacity 592K, committed 640K, reserved 1048576K
}
{Heap before GC invocations=1138 (full 147):
 par new generation   total 6144K, used 5237K [0x00000000fec00000, 0x00000000ff2a0000, 0x00000000ff2a0000)
  eden space 5504K,  95% used [0x00000000fec00000, 0x00000000ff11b7b0, 0x00000000ff160000)
  from space 640K,   1% used [0x00000000ff160000, 0x00000000ff162040, 0x00000000ff200000)
  to   space 640K,   0% used [0x00000000ff200000, 0x00000000ff200000, 0x00000000ff2a0000)
 concurrent mark-sweep generation total 13696K, used 5210K [0x00000000ff2a0000, 0x0000000100000000, 0x0000000100000000)
 Metaspace       used 5070K, capacity 5248K, committed 5504K, reserved 1056768K
  class space    used 554K, capacity 592K, committed 640K, reserved 1048576K
2024-07-16T11:01:44.486+0800: 9.366: [GC (Allocation Failure) 2024-07-16T11:01:44.486+0800: 9.366: [ParNew: 5237K->4K(6144K), 0.0011546 secs] 10448K->5214K(19840K), 0.0012273 secs] [Times: user=0.02 sys=0.00, real=0.00 secs] 
Heap after GC invocations=1139 (full 147):
 par new generation   total 6144K, used 4K [0x00000000fec00000, 0x00000000ff2a0000, 0x00000000ff2a0000)
  eden space 5504K,   0% used [0x00000000fec00000, 0x00000000fec00000, 0x00000000ff160000)
  from space 640K,   0% used [0x00000000ff200000, 0x00000000ff201020, 0x00000000ff2a0000)
  to   space 640K,   0% used [0x00000000ff160000, 0x00000000ff160000, 0x00000000ff200000)
 concurrent mark-sweep generation total 13696K, used 5210K [0x00000000ff2a0000, 0x0000000100000000, 0x0000000100000000)
 Metaspace       used 5070K, capacity 5248K, committed 5504K, reserved 1056768K
  class space    used 554K, capacity 592K, committed 640K, reserved 1048576K
}
{Heap before GC invocations=1139 (full 147):
 par new generation   total 6144K, used 5233K [0x00000000fec00000, 0x00000000ff2a0000, 0x00000000ff2a0000)
  eden space 5504K,  95% used [0x00000000fec00000, 0x00000000ff11b7b0, 0x00000000ff160000)
  from space 640K,   0% used [0x00000000ff200000, 0x00000000ff201020, 0x00000000ff2a0000)
  to   space 640K,   0% used [0x00000000ff160000, 0x00000000ff160000, 0x00000000ff200000)
 concurrent mark-sweep generation total 13696K, used 5210K [0x00000000ff2a0000, 0x0000000100000000, 0x0000000100000000)
 Metaspace       used 5070K, capacity 5248K, committed 5504K, reserved 1056768K
  class space    used 554K, capacity 592K, committed 640K, reserved 1048576K
2024-07-16T11:01:44.494+0800: 9.374: [GC (Allocation Failure) 2024-07-16T11:01:44.494+0800: 9.374: [ParNew: 5233K->8K(6144K), 0.0014239 secs] 10444K->6242K(19840K), 0.0015545 secs] [Times: user=0.00 sys=0.00, real=0.00 secs] 
Heap after GC invocations=1140 (full 147):
 par new generation   total 6144K, used 8K [0x00000000fec00000, 0x00000000ff2a0000, 0x00000000ff2a0000)
  eden space 5504K,   0% used [0x00000000fec00000, 0x00000000fec00000, 0x00000000ff160000)
  from space 640K,   1% used [0x00000000ff160000, 0x00000000ff162040, 0x00000000ff200000)
  to   space 640K,   0% used [0x00000000ff200000, 0x00000000ff200000, 0x00000000ff2a0000)
 concurrent mark-sweep generation total 13696K, used 6234K [0x00000000ff2a0000, 0x0000000100000000, 0x0000000100000000)
 Metaspace       used 5070K, capacity 5248K, committed 5504K, reserved 1056768K
  class space    used 554K, capacity 592K, committed 640K, reserved 1048576K
}
{Heap before GC invocations=1140 (full 147):
 par new generation   total 6144K, used 5237K [0x00000000fec00000, 0x00000000ff2a0000, 0x00000000ff2a0000)
  eden space 5504K,  95% used [0x00000000fec00000, 0x00000000ff11b7b0, 0x00000000ff160000)
  from space 640K,   1% used [0x00000000ff160000, 0x00000000ff162040, 0x00000000ff200000)
  to   space 640K,   0% used [0x00000000ff200000, 0x00000000ff200000, 0x00000000ff2a0000)
 concurrent mark-sweep generation total 13696K, used 6234K [0x00000000ff2a0000, 0x0000000100000000, 0x0000000100000000)
 Metaspace       used 5070K, capacity 5248K, committed 5504K, reserved 1056768K
  class space    used 554K, capacity 592K, committed 640K, reserved 1048576K
2024-07-16T11:01:44.502+0800: 9.382: [GC (Allocation Failure) 2024-07-16T11:01:44.502+0800: 9.382: [ParNew: 5237K->8K(6144K), 0.0014418 secs] 11472K->7268K(19840K), 0.0015867 secs] [Times: user=0.00 sys=0.00, real=0.00 secs] 
Heap after GC invocations=1141 (full 147):
 par new generation   total 6144K, used 8K [0x00000000fec00000, 0x00000000ff2a0000, 0x00000000ff2a0000)
  eden space 5504K,   0% used [0x00000000fec00000, 0x00000000fec00000, 0x00000000ff160000)
  from space 640K,   1% used [0x00000000ff200000, 0x00000000ff202040, 0x00000000ff2a0000)
  to   space 640K,   0% used [0x00000000ff160000, 0x00000000ff160000, 0x00000000ff200000)
 concurrent mark-sweep generation total 13696K, used 7260K [0x00000000ff2a0000, 0x0000000100000000, 0x0000000100000000)
 Metaspace       used 5070K, capacity 5248K, committed 5504K, reserved 1056768K
  class space    used 554K, capacity 592K, committed 640K, reserved 1048576K
}
{Heap before GC invocations=1141 (full 147):
 par new generation   total 6144K, used 5237K [0x00000000fec00000, 0x00000000ff2a0000, 0x00000000ff2a0000)
  eden space 5504K,  95% used [0x00000000fec00000, 0x00000000ff11b7b0, 0x00000000ff160000)
  from space 640K,   1% used [0x00000000ff200000, 0x00000000ff202040, 0x00000000ff2a0000)
  to   space 640K,   0% used [0x00000000ff160000, 0x00000000ff160000, 0x00000000ff200000)
 concurrent mark-sweep generation total 13696K, used 7260K [0x00000000ff2a0000, 0x0000000100000000, 0x0000000100000000)
 Metaspace       used 5070K, capacity 5248K, committed 5504K, reserved 1056768K
  class space    used 554K, capacity 592K, committed 640K, reserved 1048576K
2024-07-16T11:01:44.512+0800: 9.392: [GC (Allocation Failure) 2024-07-16T11:01:44.512+0800: 9.392: [ParNew: 5237K->4K(6144K), 0.0012898 secs] 12498K->7264K(19840K), 0.0013966 secs] [Times: user=0.00 sys=0.00, real=0.00 secs] 
Heap after GC invocations=1142 (full 147):
 par new generation   total 6144K, used 4K [0x00000000fec00000, 0x00000000ff2a0000, 0x00000000ff2a0000)
  eden space 5504K,   0% used [0x00000000fec00000, 0x00000000fec00000, 0x00000000ff160000)
  from space 640K,   0% used [0x00000000ff160000, 0x00000000ff161020, 0x00000000ff200000)
  to   space 640K,   0% used [0x00000000ff200000, 0x00000000ff200000, 0x00000000ff2a0000)
 concurrent mark-sweep generation total 13696K, used 7260K [0x00000000ff2a0000, 0x0000000100000000, 0x0000000100000000)
 Metaspace       used 5070K, capacity 5248K, committed 5504K, reserved 1056768K
  class space    used 554K, capacity 592K, committed 640K, reserved 1048576K
}
{Heap before GC invocations=1142 (full 147):
 par new generation   total 6144K, used 5233K [0x00000000fec00000, 0x00000000ff2a0000, 0x00000000ff2a0000)
  eden space 5504K,  95% used [0x00000000fec00000, 0x00000000ff11b7b0, 0x00000000ff160000)
  from space 640K,   0% used [0x00000000ff160000, 0x00000000ff161020, 0x00000000ff200000)
  to   space 640K,   0% used [0x00000000ff200000, 0x00000000ff200000, 0x00000000ff2a0000)
 concurrent mark-sweep generation total 13696K, used 7260K [0x00000000ff2a0000, 0x0000000100000000, 0x0000000100000000)
 Metaspace       used 5070K, capacity 5248K, committed 5504K, reserved 1056768K
  class space    used 554K, capacity 592K, committed 640K, reserved 1048576K
2024-07-16T11:01:44.521+0800: 9.401: [GC (Allocation Failure) 2024-07-16T11:01:44.521+0800: 9.401: [ParNew: 5233K->8K(6144K), 0.0013830 secs] 12494K->8293K(19840K), 0.0014679 secs] [Times: user=0.00 sys=0.00, real=0.00 secs] 
Heap after GC invocations=1143 (full 147):
 par new generation   total 6144K, used 8K [0x00000000fec00000, 0x00000000ff2a0000, 0x00000000ff2a0000)
  eden space 5504K,   0% used [0x00000000fec00000, 0x00000000fec00000, 0x00000000ff160000)
  from space 640K,   1% used [0x00000000ff200000, 0x00000000ff202040, 0x00000000ff2a0000)
  to   space 640K,   0% used [0x00000000ff160000, 0x00000000ff160000, 0x00000000ff200000)
 concurrent mark-sweep generation total 13696K, used 8284K [0x00000000ff2a0000, 0x0000000100000000, 0x0000000100000000)
 Metaspace       used 5070K, capacity 5248K, committed 5504K, reserved 1056768K
  class space    used 554K, capacity 592K, committed 640K, reserved 1048576K
}
{Heap before GC invocations=1143 (full 147):
 par new generation   total 6144K, used 5237K [0x00000000fec00000, 0x00000000ff2a0000, 0x00000000ff2a0000)
  eden space 5504K,  95% used [0x00000000fec00000, 0x00000000ff11b7b0, 0x00000000ff160000)
  from space 640K,   1% used [0x00000000ff200000, 0x00000000ff202040, 0x00000000ff2a0000)
  to   space 640K,   0% used [0x00000000ff160000, 0x00000000ff160000, 0x00000000ff200000)
 concurrent mark-sweep generation total 13696K, used 8284K [0x00000000ff2a0000, 0x0000000100000000, 0x0000000100000000)
 Metaspace       used 5070K, capacity 5248K, committed 5504K, reserved 1056768K
  class space    used 554K, capacity 592K, committed 640K, reserved 1048576K
2024-07-16T11:01:44.528+0800: 9.408: [GC (Allocation Failure) 2024-07-16T11:01:44.528+0800: 9.408: [ParNew: 5237K->8K(6144K), 0.0014210 secs] 13522K->9319K(19840K), 0.0014993 secs] [Times: user=0.00 sys=0.00, real=0.00 secs] 
Heap after GC invocations=1144 (full 147):
 par new generation   total 6144K, used 8K [0x00000000fec00000, 0x00000000ff2a0000, 0x00000000ff2a0000)
  eden space 5504K,   0% used [0x00000000fec00000, 0x00000000fec00000, 0x00000000ff160000)
  from space 640K,   1% used [0x00000000ff160000, 0x00000000ff162040, 0x00000000ff200000)
  to   space 640K,   0% used [0x00000000ff200000, 0x00000000ff200000, 0x00000000ff2a0000)
 concurrent mark-sweep generation total 13696K, used 9311K [0x00000000ff2a0000, 0x0000000100000000, 0x0000000100000000)
 Metaspace       used 5070K, capacity 5248K, committed 5504K, reserved 1056768K
  class space    used 554K, capacity 592K, committed 640K, reserved 1048576K
}
{Heap before GC invocations=1144 (full 147):
 par new generation   total 6144K, used 5237K [0x00000000fec00000, 0x00000000ff2a0000, 0x00000000ff2a0000)
  eden space 5504K,  95% used [0x00000000fec00000, 0x00000000ff11b7b0, 0x00000000ff160000)
  from space 640K,   1% used [0x00000000ff160000, 0x00000000ff162040, 0x00000000ff200000)
  to   space 640K,   0% used [0x00000000ff200000, 0x00000000ff200000, 0x00000000ff2a0000)
 concurrent mark-sweep generation total 13696K, used 9311K [0x00000000ff2a0000, 0x0000000100000000, 0x0000000100000000)
 Metaspace       used 5070K, capacity 5248K, committed 5504K, reserved 1056768K
  class space    used 554K, capacity 592K, committed 640K, reserved 1048576K
2024-07-16T11:01:44.538+0800: 9.418: [GC (Allocation Failure) 2024-07-16T11:01:44.538+0800: 9.418: [ParNew: 5237K->4K(6144K), 0.0012607 secs] 14548K->9315K(19840K), 0.0013762 secs] [Times: user=0.00 sys=0.00, real=0.00 secs] 
Heap after GC invocations=1145 (full 147):
 par new generation   total 6144K, used 4K [0x00000000fec00000, 0x00000000ff2a0000, 0x00000000ff2a0000)
  eden space 5504K,   0% used [0x00000000fec00000, 0x00000000fec00000, 0x00000000ff160000)
  from space 640K,   0% used [0x00000000ff200000, 0x00000000ff201020, 0x00000000ff2a0000)
  to   space 640K,   0% used [0x00000000ff160000, 0x00000000ff160000, 0x00000000ff200000)
 concurrent mark-sweep generation total 13696K, used 9311K [0x00000000ff2a0000, 0x0000000100000000, 0x0000000100000000)
 Metaspace       used 5070K, capacity 5248K, committed 5504K, reserved 1056768K
  class space    used 554K, capacity 592K, committed 640K, reserved 1048576K
}
{Heap before GC invocations=1145 (full 147):
 par new generation   total 6144K, used 5233K [0x00000000fec00000, 0x00000000ff2a0000, 0x00000000ff2a0000)
  eden space 5504K,  95% used [0x00000000fec00000, 0x00000000ff11b7b0, 0x00000000ff160000)
  from space 640K,   0% used [0x00000000ff200000, 0x00000000ff201020, 0x00000000ff2a0000)
  to   space 640K,   0% used [0x00000000ff160000, 0x00000000ff160000, 0x00000000ff200000)
 concurrent mark-sweep generation total 13696K, used 9311K [0x00000000ff2a0000, 0x0000000100000000, 0x0000000100000000)
 Metaspace       used 5070K, capacity 5248K, committed 5504K, reserved 1056768K
  class space    used 554K, capacity 592K, committed 640K, reserved 1048576K
2024-07-16T11:01:44.546+0800: 9.426: [GC (Allocation Failure) 2024-07-16T11:01:44.546+0800: 9.426: [ParNew: 5233K->6K(6144K), 0.0012948 secs] 14544K->10341K(19840K), 0.0014081 secs] [Times: user=0.00 sys=0.00, real=0.00 secs] 
Heap after GC invocations=1146 (full 147):
 par new generation   total 6144K, used 6K [0x00000000fec00000, 0x00000000ff2a0000, 0x00000000ff2a0000)
  eden space 5504K,   0% used [0x00000000fec00000, 0x00000000fec00000, 0x00000000ff160000)
  from space 640K,   0% used [0x00000000ff160000, 0x00000000ff161830, 0x00000000ff200000)
  to   space 640K,   0% used [0x00000000ff200000, 0x00000000ff200000, 0x00000000ff2a0000)
 concurrent mark-sweep generation total 13696K, used 10335K [0x00000000ff2a0000, 0x0000000100000000, 0x0000000100000000)
 Metaspace       used 5070K, capacity 5248K, committed 5504K, reserved 1056768K
  class space    used 554K, capacity 592K, committed 640K, reserved 1048576K
}
{Heap before GC invocations=1146 (full 147):
 par new generation   total 6144K, used 5235K [0x00000000fec00000, 0x00000000ff2a0000, 0x00000000ff2a0000)
  eden space 5504K,  95% used [0x00000000fec00000, 0x00000000ff11b7b0, 0x00000000ff160000)
  from space 640K,   0% used [0x00000000ff160000, 0x00000000ff161830, 0x00000000ff200000)
  to   space 640K,   0% used [0x00000000ff200000, 0x00000000ff200000, 0x00000000ff2a0000)
 concurrent mark-sweep generation total 13696K, used 10335K [0x00000000ff2a0000, 0x0000000100000000, 0x0000000100000000)
 Metaspace       used 5070K, capacity 5248K, committed 5504K, reserved 1056768K
  class space    used 554K, capacity 592K, committed 640K, reserved 1048576K
2024-07-16T11:01:44.554+0800: 9.434: [GC (Allocation Failure) 2024-07-16T11:01:44.554+0800: 9.434: [ParNew: 5235K->8K(6144K), 0.0013999 secs] 15570K->11369K(19840K), 0.0015180 secs] [Times: user=0.00 sys=0.00, real=0.00 secs] 
Heap after GC invocations=1147 (full 147):
 par new generation   total 6144K, used 8K [0x00000000fec00000, 0x00000000ff2a0000, 0x00000000ff2a0000)
  eden space 5504K,   0% used [0x00000000fec00000, 0x00000000fec00000, 0x00000000ff160000)
  from space 640K,   1% used [0x00000000ff200000, 0x00000000ff202040, 0x00000000ff2a0000)
  to   space 640K,   0% used [0x00000000ff160000, 0x00000000ff160000, 0x00000000ff200000)
 concurrent mark-sweep generation total 13696K, used 11361K [0x00000000ff2a0000, 0x0000000100000000, 0x0000000100000000)
 Metaspace       used 5070K, capacity 5248K, committed 5504K, reserved 1056768K
  class space    used 554K, capacity 592K, committed 640K, reserved 1048576K
}
{Heap before GC invocations=1147 (full 147):
 par new generation   total 6144K, used 5237K [0x00000000fec00000, 0x00000000ff2a0000, 0x00000000ff2a0000)
  eden space 5504K,  95% used [0x00000000fec00000, 0x00000000ff11b7b0, 0x00000000ff160000)
  from space 640K,   1% used [0x00000000ff200000, 0x00000000ff202040, 0x00000000ff2a0000)
  to   space 640K,   0% used [0x00000000ff160000, 0x00000000ff160000, 0x00000000ff200000)
 concurrent mark-sweep generation total 13696K, used 11361K [0x00000000ff2a0000, 0x0000000100000000, 0x0000000100000000)
 Metaspace       used 5070K, capacity 5248K, committed 5504K, reserved 1056768K
  class space    used 554K, capacity 592K, committed 640K, reserved 1048576K
2024-07-16T11:01:44.565+0800: 9.445: [GC (Allocation Failure) 2024-07-16T11:01:44.565+0800: 9.445: [ParNew: 5237K->4K(6144K), 0.0013173 secs] 16599K->11365K(19840K), 0.0014225 secs] [Times: user=0.00 sys=0.00, real=0.00 secs] 
Heap after GC invocations=1148 (full 147):
 par new generation   total 6144K, used 4K [0x00000000fec00000, 0x00000000ff2a0000, 0x00000000ff2a0000)
  eden space 5504K,   0% used [0x00000000fec00000, 0x00000000fec00000, 0x00000000ff160000)
  from space 640K,   0% used [0x00000000ff160000, 0x00000000ff161020, 0x00000000ff200000)
  to   space 640K,   0% used [0x00000000ff200000, 0x00000000ff200000, 0x00000000ff2a0000)
 concurrent mark-sweep generation total 13696K, used 11361K [0x00000000ff2a0000, 0x0000000100000000, 0x0000000100000000)
 Metaspace       used 5070K, capacity 5248K, committed 5504K, reserved 1056768K
  class space    used 554K, capacity 592K, committed 640K, reserved 1048576K
}
{Heap before GC invocations=1148 (full 147):
 par new generation   total 6144K, used 5233K [0x00000000fec00000, 0x00000000ff2a0000, 0x00000000ff2a0000)
  eden space 5504K,  95% used [0x00000000fec00000, 0x00000000ff11b7b0, 0x00000000ff160000)
  from space 640K,   0% used [0x00000000ff160000, 0x00000000ff161020, 0x00000000ff200000)
  to   space 640K,   0% used [0x00000000ff200000, 0x00000000ff200000, 0x00000000ff2a0000)
 concurrent mark-sweep generation total 13696K, used 11361K [0x00000000ff2a0000, 0x0000000100000000, 0x0000000100000000)
 Metaspace       used 5070K, capacity 5248K, committed 5504K, reserved 1056768K
  class space    used 554K, capacity 592K, committed 640K, reserved 1048576K
2024-07-16T11:01:44.573+0800: 9.453: [GC (Allocation Failure) 2024-07-16T11:01:44.573+0800: 9.453: [ParNew: 5233K->6K(6144K), 0.0013321 secs] 16595K->12391K(19840K), 0.0014476 secs] [Times: user=0.00 sys=0.00, real=0.00 secs] 
Heap after GC invocations=1149 (full 147):
 par new generation   total 6144K, used 6K [0x00000000fec00000, 0x00000000ff2a0000, 0x00000000ff2a0000)
  eden space 5504K,   0% used [0x00000000fec00000, 0x00000000fec00000, 0x00000000ff160000)
  from space 640K,   0% used [0x00000000ff200000, 0x00000000ff201830, 0x00000000ff2a0000)
  to   space 640K,   0% used [0x00000000ff160000, 0x00000000ff160000, 0x00000000ff200000)
 concurrent mark-sweep generation total 13696K, used 12385K [0x00000000ff2a0000, 0x0000000100000000, 0x0000000100000000)
 Metaspace       used 5070K, capacity 5248K, committed 5504K, reserved 1056768K
  class space    used 554K, capacity 592K, committed 640K, reserved 1048576K
}
{Heap before GC invocations=1149 (full 147):
 par new generation   total 6144K, used 5235K [0x00000000fec00000, 0x00000000ff2a0000, 0x00000000ff2a0000)
  eden space 5504K,  95% used [0x00000000fec00000, 0x00000000ff11b7b0, 0x00000000ff160000)
  from space 640K,   0% used [0x00000000ff200000, 0x00000000ff201830, 0x00000000ff2a0000)
  to   space 640K,   0% used [0x00000000ff160000, 0x00000000ff160000, 0x00000000ff200000)
 concurrent mark-sweep generation total 13696K, used 12385K [0x00000000ff2a0000, 0x0000000100000000, 0x0000000100000000)
 Metaspace       used 5070K, capacity 5248K, committed 5504K, reserved 1056768K
  class space    used 554K, capacity 592K, committed 640K, reserved 1048576K
2024-07-16T11:01:44.582+0800: 9.462: [GC (Allocation Failure) 2024-07-16T11:01:44.582+0800: 9.462: [ParNew: 5235K->5235K(6144K), 0.0000379 secs]2024-07-16T11:01:44.582+0800: 9.462: [CMS2024-07-16T11:01:44.582+0800: 9.462: [CMS-concurrent-abortable-preclean: 0.002/0.115 secs] [Times: user=0.02 sys=0.00, real=0.12 secs] 
 (concurrent mode failure): 12385K->2130K(13696K), 0.0067683 secs] 17621K->2130K(19840K), [Metaspace: 5070K->5070K(1056768K)], 0.0069083 secs] [Times: user=0.00 sys=0.00, real=0.01 secs] 
Heap after GC invocations=1150 (full 148):
 par new generation   total 6144K, used 0K [0x00000000fec00000, 0x00000000ff2a0000, 0x00000000ff2a0000)
  eden space 5504K,   0% used [0x00000000fec00000, 0x00000000fec00000, 0x00000000ff160000)
  from space 640K,   0% used [0x00000000ff200000, 0x00000000ff200000, 0x00000000ff2a0000)
  to   space 640K,   0% used [0x00000000ff160000, 0x00000000ff160000, 0x00000000ff200000)
 concurrent mark-sweep generation total 13696K, used 2130K [0x00000000ff2a0000, 0x0000000100000000, 0x0000000100000000)
 Metaspace       used 5070K, capacity 5248K, committed 5504K, reserved 1056768K
  class space    used 554K, capacity 592K, committed 640K, reserved 1048576K
}
{Heap before GC invocations=1150 (full 148):
 par new generation   total 6144K, used 5229K [0x00000000fec00000, 0x00000000ff2a0000, 0x00000000ff2a0000)
  eden space 5504K,  95% used [0x00000000fec00000, 0x00000000ff11b7b0, 0x00000000ff160000)
  from space 640K,   0% used [0x00000000ff200000, 0x00000000ff200000, 0x00000000ff2a0000)
  to   space 640K,   0% used [0x00000000ff160000, 0x00000000ff160000, 0x00000000ff200000)
 concurrent mark-sweep generation total 13696K, used 2130K [0x00000000ff2a0000, 0x0000000100000000, 0x0000000100000000)
 Metaspace       used 5070K, capacity 5248K, committed 5504K, reserved 1056768K
  class space    used 554K, capacity 592K, committed 640K, reserved 1048576K
2024-07-16T11:01:44.597+0800: 9.477: [GC (Allocation Failure) 2024-07-16T11:01:44.597+0800: 9.477: [ParNew: 5229K->4K(6144K), 0.0011353 secs] 7360K->2134K(19840K), 0.0012396 secs] [Times: user=0.00 sys=0.00, real=0.00 secs] 
Heap after GC invocations=1151 (full 148):
 par new generation   total 6144K, used 4K [0x00000000fec00000, 0x00000000ff2a0000, 0x00000000ff2a0000)
  eden space 5504K,   0% used [0x00000000fec00000, 0x00000000fec00000, 0x00000000ff160000)
  from space 640K,   0% used [0x00000000ff160000, 0x00000000ff161020, 0x00000000ff200000)
  to   space 640K,   0% used [0x00000000ff200000, 0x00000000ff200000, 0x00000000ff2a0000)
 concurrent mark-sweep generation total 13696K, used 2130K [0x00000000ff2a0000, 0x0000000100000000, 0x0000000100000000)
 Metaspace       used 5070K, capacity 5248K, committed 5504K, reserved 1056768K
  class space    used 554K, capacity 592K, committed 640K, reserved 1048576K
}
{Heap before GC invocations=1151 (full 148):
 par new generation   total 6144K, used 5233K [0x00000000fec00000, 0x00000000ff2a0000, 0x00000000ff2a0000)
  eden space 5504K,  95% used [0x00000000fec00000, 0x00000000ff11b7b0, 0x00000000ff160000)
  from space 640K,   0% used [0x00000000ff160000, 0x00000000ff161020, 0x00000000ff200000)
  to   space 640K,   0% used [0x00000000ff200000, 0x00000000ff200000, 0x00000000ff2a0000)
 concurrent mark-sweep generation total 13696K, used 2130K [0x00000000ff2a0000, 0x0000000100000000, 0x0000000100000000)
 Metaspace       used 5070K, capacity 5248K, committed 5504K, reserved 1056768K
  class space    used 554K, capacity 592K, committed 640K, reserved 1048576K
2024-07-16T11:01:44.605+0800: 9.485: [GC (Allocation Failure) 2024-07-16T11:01:44.605+0800: 9.485: [ParNew: 5233K->4K(6144K), 0.0014626 secs] 7364K->3160K(19840K), 0.0015775 secs] [Times: user=0.00 sys=0.00, real=0.00 secs] 
Heap after GC invocations=1152 (full 148):
 par new generation   total 6144K, used 4K [0x00000000fec00000, 0x00000000ff2a0000, 0x00000000ff2a0000)
  eden space 5504K,   0% used [0x00000000fec00000, 0x00000000fec00000, 0x00000000ff160000)
  from space 640K,   0% used [0x00000000ff200000, 0x00000000ff201020, 0x00000000ff2a0000)
  to   space 640K,   0% used [0x00000000ff160000, 0x00000000ff160000, 0x00000000ff200000)
 concurrent mark-sweep generation total 13696K, used 3156K [0x00000000ff2a0000, 0x0000000100000000, 0x0000000100000000)
 Metaspace       used 5070K, capacity 5248K, committed 5504K, reserved 1056768K
  class space    used 554K, capacity 592K, committed 640K, reserved 1048576K
}
{Heap before GC invocations=1152 (full 148):
 par new generation   total 6144K, used 5233K [0x00000000fec00000, 0x00000000ff2a0000, 0x00000000ff2a0000)
  eden space 5504K,  95% used [0x00000000fec00000, 0x00000000ff11b7b0, 0x00000000ff160000)
  from space 640K,   0% used [0x00000000ff200000, 0x00000000ff201020, 0x00000000ff2a0000)
  to   space 640K,   0% used [0x00000000ff160000, 0x00000000ff160000, 0x00000000ff200000)
 concurrent mark-sweep generation total 13696K, used 3156K [0x00000000ff2a0000, 0x0000000100000000, 0x0000000100000000)
 Metaspace       used 5070K, capacity 5248K, committed 5504K, reserved 1056768K
  class space    used 554K, capacity 592K, committed 640K, reserved 1048576K
2024-07-16T11:01:44.616+0800: 9.496: [GC (Allocation Failure) 2024-07-16T11:01:44.616+0800: 9.496: [ParNew: 5233K->4K(6144K), 0.0010879 secs] 8390K->3160K(19840K), 0.0012241 secs] [Times: user=0.00 sys=0.00, real=0.00 secs] 
Heap after GC invocations=1153 (full 148):
 par new generation   total 6144K, used 4K [0x00000000fec00000, 0x00000000ff2a0000, 0x00000000ff2a0000)
  eden space 5504K,   0% used [0x00000000fec00000, 0x00000000fec00000, 0x00000000ff160000)
  from space 640K,   0% used [0x00000000ff160000, 0x00000000ff161020, 0x00000000ff200000)
  to   space 640K,   0% used [0x00000000ff200000, 0x00000000ff200000, 0x00000000ff2a0000)
 concurrent mark-sweep generation total 13696K, used 3156K [0x00000000ff2a0000, 0x0000000100000000, 0x0000000100000000)
 Metaspace       used 5070K, capacity 5248K, committed 5504K, reserved 1056768K
  class space    used 554K, capacity 592K, committed 640K, reserved 1048576K
}
{Heap before GC invocations=1153 (full 148):
 par new generation   total 6144K, used 5233K [0x00000000fec00000, 0x00000000ff2a0000, 0x00000000ff2a0000)
  eden space 5504K,  95% used [0x00000000fec00000, 0x00000000ff11b7b0, 0x00000000ff160000)
  from space 640K,   0% used [0x00000000ff160000, 0x00000000ff161020, 0x00000000ff200000)
  to   space 640K,   0% used [0x00000000ff200000, 0x00000000ff200000, 0x00000000ff2a0000)
 concurrent mark-sweep generation total 13696K, used 3156K [0x00000000ff2a0000, 0x0000000100000000, 0x0000000100000000)
 Metaspace       used 5070K, capacity 5248K, committed 5504K, reserved 1056768K
  class space    used 554K, capacity 592K, committed 640K, reserved 1048576K
2024-07-16T11:01:44.623+0800: 9.504: [GC (Allocation Failure) 2024-07-16T11:01:44.623+0800: 9.504: [ParNew: 5233K->6K(6144K), 0.0015554 secs] 8390K->4188K(19840K), 0.0016781 secs] [Times: user=0.00 sys=0.00, real=0.00 secs] 
Heap after GC invocations=1154 (full 148):
 par new generation   total 6144K, used 6K [0x00000000fec00000, 0x00000000ff2a0000, 0x00000000ff2a0000)
  eden space 5504K,   0% used [0x00000000fec00000, 0x00000000fec00000, 0x00000000ff160000)
  from space 640K,   0% used [0x00000000ff200000, 0x00000000ff201830, 0x00000000ff2a0000)
  to   space 640K,   0% used [0x00000000ff160000, 0x00000000ff160000, 0x00000000ff200000)
 concurrent mark-sweep generation total 13696K, used 4182K [0x00000000ff2a0000, 0x0000000100000000, 0x0000000100000000)
 Metaspace       used 5070K, capacity 5248K, committed 5504K, reserved 1056768K
  class space    used 554K, capacity 592K, committed 640K, reserved 1048576K
}
{Heap before GC invocations=1154 (full 148):
 par new generation   total 6144K, used 5235K [0x00000000fec00000, 0x00000000ff2a0000, 0x00000000ff2a0000)
  eden space 5504K,  95% used [0x00000000fec00000, 0x00000000ff11b7b0, 0x00000000ff160000)
  from space 640K,   0% used [0x00000000ff200000, 0x00000000ff201830, 0x00000000ff2a0000)
  to   space 640K,   0% used [0x00000000ff160000, 0x00000000ff160000, 0x00000000ff200000)
 concurrent mark-sweep generation total 13696K, used 4182K [0x00000000ff2a0000, 0x0000000100000000, 0x0000000100000000)
 Metaspace       used 5070K, capacity 5248K, committed 5504K, reserved 1056768K
  class space    used 554K, capacity 592K, committed 640K, reserved 1048576K
2024-07-16T11:01:44.633+0800: 9.513: [GC (Allocation Failure) 2024-07-16T11:01:44.633+0800: 9.513: [ParNew: 5235K->4K(6144K), 0.0011274 secs] 9418K->4186K(19840K), 0.0012650 secs] [Times: user=0.00 sys=0.00, real=0.00 secs] 
Heap after GC invocations=1155 (full 148):
 par new generation   total 6144K, used 4K [0x00000000fec00000, 0x00000000ff2a0000, 0x00000000ff2a0000)
  eden space 5504K,   0% used [0x00000000fec00000, 0x00000000fec00000, 0x00000000ff160000)
  from space 640K,   0% used [0x00000000ff160000, 0x00000000ff161020, 0x00000000ff200000)
  to   space 640K,   0% used [0x00000000ff200000, 0x00000000ff200000, 0x00000000ff2a0000)
 concurrent mark-sweep generation total 13696K, used 4182K [0x00000000ff2a0000, 0x0000000100000000, 0x0000000100000000)
 Metaspace       used 5070K, capacity 5248K, committed 5504K, reserved 1056768K
  class space    used 554K, capacity 592K, committed 640K, reserved 1048576K
}
{Heap before GC invocations=1155 (full 148):
 par new generation   total 6144K, used 5233K [0x00000000fec00000, 0x00000000ff2a0000, 0x00000000ff2a0000)
  eden space 5504K,  95% used [0x00000000fec00000, 0x00000000ff11b7b0, 0x00000000ff160000)
  from space 640K,   0% used [0x00000000ff160000, 0x00000000ff161020, 0x00000000ff200000)
  to   space 640K,   0% used [0x00000000ff200000, 0x00000000ff200000, 0x00000000ff2a0000)
 concurrent mark-sweep generation total 13696K, used 4182K [0x00000000ff2a0000, 0x0000000100000000, 0x0000000100000000)
 Metaspace       used 5070K, capacity 5248K, committed 5504K, reserved 1056768K
  class space    used 554K, capacity 592K, committed 640K, reserved 1048576K
2024-07-16T11:01:44.641+0800: 9.521: [GC (Allocation Failure) 2024-07-16T11:01:44.641+0800: 9.521: [ParNew: 5233K->8K(6144K), 0.0012691 secs] 9416K->5216K(19840K), 0.0013625 secs] [Times: user=0.00 sys=0.00, real=0.00 secs] 
Heap after GC invocations=1156 (full 148):
 par new generation   total 6144K, used 8K [0x00000000fec00000, 0x00000000ff2a0000, 0x00000000ff2a0000)
  eden space 5504K,   0% used [0x00000000fec00000, 0x00000000fec00000, 0x00000000ff160000)
  from space 640K,   1% used [0x00000000ff200000, 0x00000000ff202040, 0x00000000ff2a0000)
  to   space 640K,   0% used [0x00000000ff160000, 0x00000000ff160000, 0x00000000ff200000)
 concurrent mark-sweep generation total 13696K, used 5208K [0x00000000ff2a0000, 0x0000000100000000, 0x0000000100000000)
 Metaspace       used 5070K, capacity 5248K, committed 5504K, reserved 1056768K
  class space    used 554K, capacity 592K, committed 640K, reserved 1048576K
}
{Heap before GC invocations=1156 (full 148):
 par new generation   total 6144K, used 5237K [0x00000000fec00000, 0x00000000ff2a0000, 0x00000000ff2a0000)
  eden space 5504K,  95% used [0x00000000fec00000, 0x00000000ff11b7b0, 0x00000000ff160000)
  from space 640K,   1% used [0x00000000ff200000, 0x00000000ff202040, 0x00000000ff2a0000)
  to   space 640K,   0% used [0x00000000ff160000, 0x00000000ff160000, 0x00000000ff200000)
 concurrent mark-sweep generation total 13696K, used 5208K [0x00000000ff2a0000, 0x0000000100000000, 0x0000000100000000)
 Metaspace       used 5070K, capacity 5248K, committed 5504K, reserved 1056768K
  class space    used 554K, capacity 592K, committed 640K, reserved 1048576K
2024-07-16T11:01:44.650+0800: 9.530: [GC (Allocation Failure) 2024-07-16T11:01:44.650+0800: 9.530: [ParNew: 5237K->2K(6144K), 0.0012230 secs] 10446K->5210K(19840K), 0.0013418 secs] [Times: user=0.00 sys=0.00, real=0.00 secs] 
Heap after GC invocations=1157 (full 148):
 par new generation   total 6144K, used 2K [0x00000000fec00000, 0x00000000ff2a0000, 0x00000000ff2a0000)
  eden space 5504K,   0% used [0x00000000fec00000, 0x00000000fec00000, 0x00000000ff160000)
  from space 640K,   0% used [0x00000000ff160000, 0x00000000ff160810, 0x00000000ff200000)
  to   space 640K,   0% used [0x00000000ff200000, 0x00000000ff200000, 0x00000000ff2a0000)
 concurrent mark-sweep generation total 13696K, used 5208K [0x00000000ff2a0000, 0x0000000100000000, 0x0000000100000000)
 Metaspace       used 5070K, capacity 5248K, committed 5504K, reserved 1056768K
  class space    used 554K, capacity 592K, committed 640K, reserved 1048576K
}
{Heap before GC invocations=1157 (full 148):
 par new generation   total 6144K, used 5231K [0x00000000fec00000, 0x00000000ff2a0000, 0x00000000ff2a0000)
  eden space 5504K,  95% used [0x00000000fec00000, 0x00000000ff11b7b0, 0x00000000ff160000)
  from space 640K,   0% used [0x00000000ff160000, 0x00000000ff160810, 0x00000000ff200000)
  to   space 640K,   0% used [0x00000000ff200000, 0x00000000ff200000, 0x00000000ff2a0000)
 concurrent mark-sweep generation total 13696K, used 5208K [0x00000000ff2a0000, 0x0000000100000000, 0x0000000100000000)
 Metaspace       used 5070K, capacity 5248K, committed 5504K, reserved 1056768K
  class space    used 554K, capacity 592K, committed 640K, reserved 1048576K
2024-07-16T11:01:44.657+0800: 9.537: [GC (Allocation Failure) 2024-07-16T11:01:44.657+0800: 9.537: [ParNew: 5231K->8K(6144K), 0.0015225 secs] 10440K->6243K(19840K), 0.0016234 secs] [Times: user=0.00 sys=0.00, real=0.00 secs] 
Heap after GC invocations=1158 (full 148):
 par new generation   total 6144K, used 8K [0x00000000fec00000, 0x00000000ff2a0000, 0x00000000ff2a0000)
  eden space 5504K,   0% used [0x00000000fec00000, 0x00000000fec00000, 0x00000000ff160000)
  from space 640K,   1% used [0x00000000ff200000, 0x00000000ff202040, 0x00000000ff2a0000)
  to   space 640K,   0% used [0x00000000ff160000, 0x00000000ff160000, 0x00000000ff200000)
 concurrent mark-sweep generation total 13696K, used 6234K [0x00000000ff2a0000, 0x0000000100000000, 0x0000000100000000)
 Metaspace       used 5070K, capacity 5248K, committed 5504K, reserved 1056768K
  class space    used 554K, capacity 592K, committed 640K, reserved 1048576K
}
2024-07-16T11:01:44.659+0800: 9.539: [GC (CMS Initial Mark) [1 CMS-initial-mark: 6234K(13696K)] 7269K(19840K), 0.0005476 secs] [Times: user=0.00 sys=0.00, real=0.00 secs] 
2024-07-16T11:01:44.659+0800: 9.540: [CMS-concurrent-mark-start]
2024-07-16T11:01:44.665+0800: 9.545: [CMS-concurrent-mark: 0.005/0.005 secs] [Times: user=0.00 sys=0.00, real=0.01 secs] 
2024-07-16T11:01:44.665+0800: 9.545: [CMS-concurrent-preclean-start]
2024-07-16T11:01:44.665+0800: 9.545: [CMS-concurrent-preclean: 0.000/0.000 secs] [Times: user=0.00 sys=0.00, real=0.00 secs] 
2024-07-16T11:01:44.665+0800: 9.545: [CMS-concurrent-abortable-preclean-start]
{Heap before GC invocations=1158 (full 149):
 par new generation   total 6144K, used 5237K [0x00000000fec00000, 0x00000000ff2a0000, 0x00000000ff2a0000)
  eden space 5504K,  95% used [0x00000000fec00000, 0x00000000ff11b7b0, 0x00000000ff160000)
  from space 640K,   1% used [0x00000000ff200000, 0x00000000ff202040, 0x00000000ff2a0000)
  to   space 640K,   0% used [0x00000000ff160000, 0x00000000ff160000, 0x00000000ff200000)
 concurrent mark-sweep generation total 13696K, used 6234K [0x00000000ff2a0000, 0x0000000100000000, 0x0000000100000000)
 Metaspace       used 5070K, capacity 5248K, committed 5504K, reserved 1056768K
  class space    used 554K, capacity 592K, committed 640K, reserved 1048576K
2024-07-16T11:01:44.667+0800: 9.547: [GC (Allocation Failure) 2024-07-16T11:01:44.667+0800: 9.547: [ParNew: 5237K->2K(6144K), 0.0010002 secs] 11472K->6237K(19840K), 0.0010757 secs] [Times: user=0.00 sys=0.00, real=0.00 secs] 
Heap after GC invocations=1159 (full 149):
 par new generation   total 6144K, used 2K [0x00000000fec00000, 0x00000000ff2a0000, 0x00000000ff2a0000)
  eden space 5504K,   0% used [0x00000000fec00000, 0x00000000fec00000, 0x00000000ff160000)
  from space 640K,   0% used [0x00000000ff160000, 0x00000000ff160810, 0x00000000ff200000)
  to   space 640K,   0% used [0x00000000ff200000, 0x00000000ff200000, 0x00000000ff2a0000)
 concurrent mark-sweep generation total 13696K, used 6234K [0x00000000ff2a0000, 0x0000000100000000, 0x0000000100000000)
 Metaspace       used 5070K, capacity 5248K, committed 5504K, reserved 1056768K
  class space    used 554K, capacity 592K, committed 640K, reserved 1048576K
}
{Heap before GC invocations=1159 (full 149):
 par new generation   total 6144K, used 5231K [0x00000000fec00000, 0x00000000ff2a0000, 0x00000000ff2a0000)
  eden space 5504K,  95% used [0x00000000fec00000, 0x00000000ff11b7b0, 0x00000000ff160000)
  from space 640K,   0% used [0x00000000ff160000, 0x00000000ff160810, 0x00000000ff200000)
  to   space 640K,   0% used [0x00000000ff200000, 0x00000000ff200000, 0x00000000ff2a0000)
 concurrent mark-sweep generation total 13696K, used 6234K [0x00000000ff2a0000, 0x0000000100000000, 0x0000000100000000)
 Metaspace       used 5070K, capacity 5248K, committed 5504K, reserved 1056768K
  class space    used 554K, capacity 592K, committed 640K, reserved 1048576K
2024-07-16T11:01:44.675+0800: 9.555: [GC (Allocation Failure) 2024-07-16T11:01:44.675+0800: 9.555: [ParNew: 5231K->6K(6144K), 0.0015073 secs] 11466K->7267K(19840K), 0.0016265 secs] [Times: user=0.00 sys=0.00, real=0.00 secs] 
Heap after GC invocations=1160 (full 149):
 par new generation   total 6144K, used 6K [0x00000000fec00000, 0x00000000ff2a0000, 0x00000000ff2a0000)
  eden space 5504K,   0% used [0x00000000fec00000, 0x00000000fec00000, 0x00000000ff160000)
  from space 640K,   0% used [0x00000000ff200000, 0x00000000ff201830, 0x00000000ff2a0000)
  to   space 640K,   0% used [0x00000000ff160000, 0x00000000ff160000, 0x00000000ff200000)
 concurrent mark-sweep generation total 13696K, used 7261K [0x00000000ff2a0000, 0x0000000100000000, 0x0000000100000000)
 Metaspace       used 5070K, capacity 5248K, committed 5504K, reserved 1056768K
  class space    used 554K, capacity 592K, committed 640K, reserved 1048576K
}
{Heap before GC invocations=1160 (full 149):
 par new generation   total 6144K, used 5235K [0x00000000fec00000, 0x00000000ff2a0000, 0x00000000ff2a0000)
  eden space 5504K,  95% used [0x00000000fec00000, 0x00000000ff11b7b0, 0x00000000ff160000)
  from space 640K,   0% used [0x00000000ff200000, 0x00000000ff201830, 0x00000000ff2a0000)
  to   space 640K,   0% used [0x00000000ff160000, 0x00000000ff160000, 0x00000000ff200000)
 concurrent mark-sweep generation total 13696K, used 7261K [0x00000000ff2a0000, 0x0000000100000000, 0x0000000100000000)
 Metaspace       used 5070K, capacity 5248K, committed 5504K, reserved 1056768K
  class space    used 554K, capacity 592K, committed 640K, reserved 1048576K
2024-07-16T11:01:44.685+0800: 9.565: [GC (Allocation Failure) 2024-07-16T11:01:44.685+0800: 9.565: [ParNew: 5235K->4K(6144K), 0.0011540 secs] 12497K->7265K(19840K), 0.0012727 secs] [Times: user=0.00 sys=0.00, real=0.00 secs] 
Heap after GC invocations=1161 (full 149):
 par new generation   total 6144K, used 4K [0x00000000fec00000, 0x00000000ff2a0000, 0x00000000ff2a0000)
  eden space 5504K,   0% used [0x00000000fec00000, 0x00000000fec00000, 0x00000000ff160000)
  from space 640K,   0% used [0x00000000ff160000, 0x00000000ff161020, 0x00000000ff200000)
  to   space 640K,   0% used [0x00000000ff200000, 0x00000000ff200000, 0x00000000ff2a0000)
 concurrent mark-sweep generation total 13696K, used 7261K [0x00000000ff2a0000, 0x0000000100000000, 0x0000000100000000)
 Metaspace       used 5070K, capacity 5248K, committed 5504K, reserved 1056768K
  class space    used 554K, capacity 592K, committed 640K, reserved 1048576K
}
{Heap before GC invocations=1161 (full 149):
 par new generation   total 6144K, used 5233K [0x00000000fec00000, 0x00000000ff2a0000, 0x00000000ff2a0000)
  eden space 5504K,  95% used [0x00000000fec00000, 0x00000000ff11b7b0, 0x00000000ff160000)
  from space 640K,   0% used [0x00000000ff160000, 0x00000000ff161020, 0x00000000ff200000)
  to   space 640K,   0% used [0x00000000ff200000, 0x00000000ff200000, 0x00000000ff2a0000)
 concurrent mark-sweep generation total 13696K, used 7261K [0x00000000ff2a0000, 0x0000000100000000, 0x0000000100000000)
 Metaspace       used 5070K, capacity 5248K, committed 5504K, reserved 1056768K
  class space    used 554K, capacity 592K, committed 640K, reserved 1048576K
2024-07-16T11:01:44.694+0800: 9.574: [GC (Allocation Failure) 2024-07-16T11:01:44.694+0800: 9.574: [ParNew: 5233K->4K(6144K), 0.0012572 secs] 12495K->7265K(19840K), 0.0013616 secs] [Times: user=0.00 sys=0.00, real=0.00 secs] 
Heap after GC invocations=1162 (full 149):
 par new generation   total 6144K, used 4K [0x00000000fec00000, 0x00000000ff2a0000, 0x00000000ff2a0000)
  eden space 5504K,   0% used [0x00000000fec00000, 0x00000000fec00000, 0x00000000ff160000)
  from space 640K,   0% used [0x00000000ff200000, 0x00000000ff201020, 0x00000000ff2a0000)
  to   space 640K,   0% used [0x00000000ff160000, 0x00000000ff160000, 0x00000000ff200000)
 concurrent mark-sweep generation total 13696K, used 7261K [0x00000000ff2a0000, 0x0000000100000000, 0x0000000100000000)
 Metaspace       used 5070K, capacity 5248K, committed 5504K, reserved 1056768K
  class space    used 554K, capacity 592K, committed 640K, reserved 1048576K
}
{Heap before GC invocations=1162 (full 149):
 par new generation   total 6144K, used 5233K [0x00000000fec00000, 0x00000000ff2a0000, 0x00000000ff2a0000)
  eden space 5504K,  95% used [0x00000000fec00000, 0x00000000ff11b7b0, 0x00000000ff160000)
  from space 640K,   0% used [0x00000000ff200000, 0x00000000ff201020, 0x00000000ff2a0000)
  to   space 640K,   0% used [0x00000000ff160000, 0x00000000ff160000, 0x00000000ff200000)
 concurrent mark-sweep generation total 13696K, used 7261K [0x00000000ff2a0000, 0x0000000100000000, 0x0000000100000000)
 Metaspace       used 5070K, capacity 5248K, committed 5504K, reserved 1056768K
  class space    used 554K, capacity 592K, committed 640K, reserved 1048576K
2024-07-16T11:01:44.703+0800: 9.583: [GC (Allocation Failure) 2024-07-16T11:01:44.703+0800: 9.583: [ParNew: 5233K->4K(6144K), 0.0012207 secs] 12495K->7265K(19840K), 0.0013497 secs] [Times: user=0.00 sys=0.00, real=0.00 secs] 
Heap after GC invocations=1163 (full 149):
 par new generation   total 6144K, used 4K [0x00000000fec00000, 0x00000000ff2a0000, 0x00000000ff2a0000)
  eden space 5504K,   0% used [0x00000000fec00000, 0x00000000fec00000, 0x00000000ff160000)
  from space 640K,   0% used [0x00000000ff160000, 0x00000000ff161020, 0x00000000ff200000)
  to   space 640K,   0% used [0x00000000ff200000, 0x00000000ff200000, 0x00000000ff2a0000)
 concurrent mark-sweep generation total 13696K, used 7261K [0x00000000ff2a0000, 0x0000000100000000, 0x0000000100000000)
 Metaspace       used 5070K, capacity 5248K, committed 5504K, reserved 1056768K
  class space    used 554K, capacity 592K, committed 640K, reserved 1048576K
}
{Heap before GC invocations=1163 (full 149):
 par new generation   total 6144K, used 5233K [0x00000000fec00000, 0x00000000ff2a0000, 0x00000000ff2a0000)
  eden space 5504K,  95% used [0x00000000fec00000, 0x00000000ff11b7b0, 0x00000000ff160000)
  from space 640K,   0% used [0x00000000ff160000, 0x00000000ff161020, 0x00000000ff200000)
  to   space 640K,   0% used [0x00000000ff200000, 0x00000000ff200000, 0x00000000ff2a0000)
 concurrent mark-sweep generation total 13696K, used 7261K [0x00000000ff2a0000, 0x0000000100000000, 0x0000000100000000)
 Metaspace       used 5070K, capacity 5248K, committed 5504K, reserved 1056768K
  class space    used 554K, capacity 592K, committed 640K, reserved 1048576K
2024-07-16T11:01:44.713+0800: 9.593: [GC (Allocation Failure) 2024-07-16T11:01:44.713+0800: 9.593: [ParNew: 5233K->4K(6144K), 0.0012658 secs] 12495K->7265K(19840K), 0.0013908 secs] [Times: user=0.00 sys=0.00, real=0.00 secs] 
Heap after GC invocations=1164 (full 149):
 par new generation   total 6144K, used 4K [0x00000000fec00000, 0x00000000ff2a0000, 0x00000000ff2a0000)
  eden space 5504K,   0% used [0x00000000fec00000, 0x00000000fec00000, 0x00000000ff160000)
  from space 640K,   0% used [0x00000000ff200000, 0x00000000ff201020, 0x00000000ff2a0000)
  to   space 640K,   0% used [0x00000000ff160000, 0x00000000ff160000, 0x00000000ff200000)
 concurrent mark-sweep generation total 13696K, used 7261K [0x00000000ff2a0000, 0x0000000100000000, 0x0000000100000000)
 Metaspace       used 5070K, capacity 5248K, committed 5504K, reserved 1056768K
  class space    used 554K, capacity 592K, committed 640K, reserved 1048576K
}
{Heap before GC invocations=1164 (full 149):
 par new generation   total 6144K, used 5233K [0x00000000fec00000, 0x00000000ff2a0000, 0x00000000ff2a0000)
  eden space 5504K,  95% used [0x00000000fec00000, 0x00000000ff11b7b0, 0x00000000ff160000)
  from space 640K,   0% used [0x00000000ff200000, 0x00000000ff201020, 0x00000000ff2a0000)
  to   space 640K,   0% used [0x00000000ff160000, 0x00000000ff160000, 0x00000000ff200000)
 concurrent mark-sweep generation total 13696K, used 7261K [0x00000000ff2a0000, 0x0000000100000000, 0x0000000100000000)
 Metaspace       used 5070K, capacity 5248K, committed 5504K, reserved 1056768K
  class space    used 554K, capacity 592K, committed 640K, reserved 1048576K
2024-07-16T11:01:44.721+0800: 9.601: [GC (Allocation Failure) 2024-07-16T11:01:44.721+0800: 9.601: [ParNew: 5233K->8K(6144K), 0.0008836 secs] 12495K->8293K(19840K), 0.0010007 secs] [Times: user=0.00 sys=0.00, real=0.00 secs] 
Heap after GC invocations=1165 (full 149):
 par new generation   total 6144K, used 8K [0x00000000fec00000, 0x00000000ff2a0000, 0x00000000ff2a0000)
  eden space 5504K,   0% used [0x00000000fec00000, 0x00000000fec00000, 0x00000000ff160000)
  from space 640K,   1% used [0x00000000ff160000, 0x00000000ff162040, 0x00000000ff200000)
  to   space 640K,   0% used [0x00000000ff200000, 0x00000000ff200000, 0x00000000ff2a0000)
 concurrent mark-sweep generation total 13696K, used 8285K [0x00000000ff2a0000, 0x0000000100000000, 0x0000000100000000)
 Metaspace       used 5070K, capacity 5248K, committed 5504K, reserved 1056768K
  class space    used 554K, capacity 592K, committed 640K, reserved 1048576K
}
{Heap before GC invocations=1165 (full 149):
 par new generation   total 6144K, used 5237K [0x00000000fec00000, 0x00000000ff2a0000, 0x00000000ff2a0000)
  eden space 5504K,  95% used [0x00000000fec00000, 0x00000000ff11b7b0, 0x00000000ff160000)
  from space 640K,   1% used [0x00000000ff160000, 0x00000000ff162040, 0x00000000ff200000)
  to   space 640K,   0% used [0x00000000ff200000, 0x00000000ff200000, 0x00000000ff2a0000)
 concurrent mark-sweep generation total 13696K, used 8285K [0x00000000ff2a0000, 0x0000000100000000, 0x0000000100000000)
 Metaspace       used 5070K, capacity 5248K, committed 5504K, reserved 1056768K
  class space    used 554K, capacity 592K, committed 640K, reserved 1048576K
2024-07-16T11:01:44.729+0800: 9.609: [GC (Allocation Failure) 2024-07-16T11:01:44.729+0800: 9.609: [ParNew: 5237K->8K(6144K), 0.0007844 secs] 13523K->9319K(19840K), 0.0008522 secs] [Times: user=0.00 sys=0.00, real=0.00 secs] 
Heap after GC invocations=1166 (full 149):
 par new generation   total 6144K, used 8K [0x00000000fec00000, 0x00000000ff2a0000, 0x00000000ff2a0000)
  eden space 5504K,   0% used [0x00000000fec00000, 0x00000000fec00000, 0x00000000ff160000)
  from space 640K,   1% used [0x00000000ff200000, 0x00000000ff202040, 0x00000000ff2a0000)
  to   space 640K,   0% used [0x00000000ff160000, 0x00000000ff160000, 0x00000000ff200000)
 concurrent mark-sweep generation total 13696K, used 9311K [0x00000000ff2a0000, 0x0000000100000000, 0x0000000100000000)
 Metaspace       used 5070K, capacity 5248K, committed 5504K, reserved 1056768K
  class space    used 554K, capacity 592K, committed 640K, reserved 1048576K
}
{Heap before GC invocations=1166 (full 149):
 par new generation   total 6144K, used 5237K [0x00000000fec00000, 0x00000000ff2a0000, 0x00000000ff2a0000)
  eden space 5504K,  95% used [0x00000000fec00000, 0x00000000ff11b7b0, 0x00000000ff160000)
  from space 640K,   1% used [0x00000000ff200000, 0x00000000ff202040, 0x00000000ff2a0000)
  to   space 640K,   0% used [0x00000000ff160000, 0x00000000ff160000, 0x00000000ff200000)
 concurrent mark-sweep generation total 13696K, used 9311K [0x00000000ff2a0000, 0x0000000100000000, 0x0000000100000000)
 Metaspace       used 5070K, capacity 5248K, committed 5504K, reserved 1056768K
  class space    used 554K, capacity 592K, committed 640K, reserved 1048576K
2024-07-16T11:01:44.736+0800: 9.616: [GC (Allocation Failure) 2024-07-16T11:01:44.736+0800: 9.616: [ParNew: 5237K->8K(6144K), 0.0010509 secs] 14549K->10343K(19840K), 0.0011436 secs] [Times: user=0.02 sys=0.01, real=0.00 secs] 
Heap after GC invocations=1167 (full 149):
 par new generation   total 6144K, used 8K [0x00000000fec00000, 0x00000000ff2a0000, 0x00000000ff2a0000)
  eden space 5504K,   0% used [0x00000000fec00000, 0x00000000fec00000, 0x00000000ff160000)
  from space 640K,   1% used [0x00000000ff160000, 0x00000000ff162040, 0x00000000ff200000)
  to   space 640K,   0% used [0x00000000ff200000, 0x00000000ff200000, 0x00000000ff2a0000)
 concurrent mark-sweep generation total 13696K, used 10335K [0x00000000ff2a0000, 0x0000000100000000, 0x0000000100000000)
 Metaspace       used 5070K, capacity 5248K, committed 5504K, reserved 1056768K
  class space    used 554K, capacity 592K, committed 640K, reserved 1048576K
}
{Heap before GC invocations=1167 (full 149):
 par new generation   total 6144K, used 5237K [0x00000000fec00000, 0x00000000ff2a0000, 0x00000000ff2a0000)
  eden space 5504K,  95% used [0x00000000fec00000, 0x00000000ff11b7b0, 0x00000000ff160000)
  from space 640K,   1% used [0x00000000ff160000, 0x00000000ff162040, 0x00000000ff200000)
  to   space 640K,   0% used [0x00000000ff200000, 0x00000000ff200000, 0x00000000ff2a0000)
 concurrent mark-sweep generation total 13696K, used 10335K [0x00000000ff2a0000, 0x0000000100000000, 0x0000000100000000)
 Metaspace       used 5070K, capacity 5248K, committed 5504K, reserved 1056768K
  class space    used 554K, capacity 592K, committed 640K, reserved 1048576K
2024-07-16T11:01:44.745+0800: 9.625: [GC (Allocation Failure) 2024-07-16T11:01:44.745+0800: 9.625: [ParNew: 5237K->8K(6144K), 0.0013141 secs] 15573K->11367K(19840K), 0.0014070 secs] [Times: user=0.00 sys=0.00, real=0.00 secs] 
Heap after GC invocations=1168 (full 149):
 par new generation   total 6144K, used 8K [0x00000000fec00000, 0x00000000ff2a0000, 0x00000000ff2a0000)
  eden space 5504K,   0% used [0x00000000fec00000, 0x00000000fec00000, 0x00000000ff160000)
  from space 640K,   1% used [0x00000000ff200000, 0x00000000ff202040, 0x00000000ff2a0000)
  to   space 640K,   0% used [0x00000000ff160000, 0x00000000ff160000, 0x00000000ff200000)
 concurrent mark-sweep generation total 13696K, used 11359K [0x00000000ff2a0000, 0x0000000100000000, 0x0000000100000000)
 Metaspace       used 5070K, capacity 5248K, committed 5504K, reserved 1056768K
  class space    used 554K, capacity 592K, committed 640K, reserved 1048576K
}
{Heap before GC invocations=1168 (full 149):
 par new generation   total 6144K, used 5237K [0x00000000fec00000, 0x00000000ff2a0000, 0x00000000ff2a0000)
