OpenJDK 64-Bit Server VM (25.302-b08) for windows-amd64 JRE (Zulu 8.56.0.21-CA-win64) (1.8.0_302-b08), built on Jul 12 2021 09:58:01 by "tester" with MS VC++ 15.9 (VS2017)
Memory: 4k page, physical 33363216k(17007576k free), swap 35460368k(12687556k free)
CommandLine flags: -XX:CMSInitiatingOccupancyFraction=60 -XX:InitialHeapSize=20971520 -XX:MaxHeapSize=20971520 -XX:MaxNewSize=6991872 -XX:MaxTenuringThreshold=6 -XX:NewSize=6991872 -XX:OldPLABSize=16 -XX:OldSize=13979648 -XX:+PrintGC -XX:+PrintGCDateStamps -XX:+PrintGCDetails -XX:+PrintGCTimeStamps -XX:+PrintHeapAtGC -XX:+UseCompressedClassPointers -XX:+UseCompressedOops -XX:+UseConcMarkSweepGC -XX:-UseLargePagesIndividualAllocation -XX:+UseParNewGC 
{Heap before GC invocations=0 (full 0):
 par new generation   total 6144K, used 5035K [0x00000000fec00000, 0x00000000ff2a0000, 0x00000000ff2a0000)
  eden space 5504K,  91% used [0x00000000fec00000, 0x00000000ff0eaff0, 0x00000000ff160000)
  from space 640K,   0% used [0x00000000ff160000, 0x00000000ff160000, 0x00000000ff200000)
  to   space 640K,   0% used [0x00000000ff200000, 0x00000000ff200000, 0x00000000ff2a0000)
 concurrent mark-sweep generation total 13696K, used 0K [0x00000000ff2a0000, 0x0000000100000000, 0x0000000100000000)
 Metaspace       used 4478K, capacity 4786K, committed 4992K, reserved 1056768K
  class space    used 495K, capacity 533K, committed 640K, reserved 1048576K
2024-07-16T17:58:52.969+0800: 0.114: [GC (Allocation Failure) 2024-07-16T17:58:52.969+0800: 0.114: [ParNew: 5035K->640K(6144K), 0.0017306 secs] 5035K->1951K(19840K), 0.0019173 secs] [Times: user=0.02 sys=0.00, real=0.00 secs] 
Heap after GC invocations=1 (full 0):
 par new generation   total 6144K, used 640K [0x00000000fec00000, 0x00000000ff2a0000, 0x00000000ff2a0000)
  eden space 5504K,   0% used [0x00000000fec00000, 0x00000000fec00000, 0x00000000ff160000)
  from space 640K, 100% used [0x00000000ff200000, 0x00000000ff2a0000, 0x00000000ff2a0000)
  to   space 640K,   0% used [0x00000000ff160000, 0x00000000ff160000, 0x00000000ff200000)
 concurrent mark-sweep generation total 13696K, used 1311K [0x00000000ff2a0000, 0x0000000100000000, 0x0000000100000000)
 Metaspace       used 4478K, capacity 4786K, committed 4992K, reserved 1056768K
  class space    used 495K, capacity 533K, committed 640K, reserved 1048576K
}
{Heap before GC invocations=1 (full 0):
 par new generation   total 6144K, used 5863K [0x00000000fec00000, 0x00000000ff2a0000, 0x00000000ff2a0000)
  eden space 5504K,  94% used [0x00000000fec00000, 0x00000000ff119cb8, 0x00000000ff160000)
  from space 640K, 100% used [0x00000000ff200000, 0x00000000ff2a0000, 0x00000000ff2a0000)
  to   space 640K,   0% used [0x00000000ff160000, 0x00000000ff160000, 0x00000000ff200000)
 concurrent mark-sweep generation total 13696K, used 1311K [0x00000000ff2a0000, 0x0000000100000000, 0x0000000100000000)
 Metaspace       used 4480K, capacity 4786K, committed 4992K, reserved 1056768K
  class space    used 495K, capacity 533K, committed 640K, reserved 1048576K
2024-07-16T17:58:52.978+0800: 0.123: [GC (Allocation Failure) 2024-07-16T17:58:52.978+0800: 0.123: [ParNew: 5863K->140K(6144K), 0.0012017 secs] 7174K->3057K(19840K), 0.0012487 secs] [Times: user=0.00 sys=0.00, real=0.00 secs] 
Heap after GC invocations=2 (full 0):
 par new generation   total 6144K, used 140K [0x00000000fec00000, 0x00000000ff2a0000, 0x00000000ff2a0000)
  eden space 5504K,   0% used [0x00000000fec00000, 0x00000000fec00000, 0x00000000ff160000)
  from space 640K,  21% used [0x00000000ff160000, 0x00000000ff183100, 0x00000000ff200000)
  to   space 640K,   0% used [0x00000000ff200000, 0x00000000ff200000, 0x00000000ff2a0000)
 concurrent mark-sweep generation total 13696K, used 2916K [0x00000000ff2a0000, 0x0000000100000000, 0x0000000100000000)
 Metaspace       used 4480K, capacity 4786K, committed 4992K, reserved 1056768K
  class space    used 495K, capacity 533K, committed 640K, reserved 1048576K
}
{Heap before GC invocations=2 (full 0):
 par new generation   total 6144K, used 5358K [0x00000000fec00000, 0x00000000ff2a0000, 0x00000000ff2a0000)
  eden space 5504K,  94% used [0x00000000fec00000, 0x00000000ff1187b0, 0x00000000ff160000)
  from space 640K,  21% used [0x00000000ff160000, 0x00000000ff183100, 0x00000000ff200000)
  to   space 640K,   0% used [0x00000000ff200000, 0x00000000ff200000, 0x00000000ff2a0000)
 concurrent mark-sweep generation total 13696K, used 2916K [0x00000000ff2a0000, 0x0000000100000000, 0x0000000100000000)
 Metaspace       used 4480K, capacity 4786K, committed 4992K, reserved 1056768K
  class space    used 495K, capacity 533K, committed 640K, reserved 1048576K
2024-07-16T17:58:52.986+0800: 0.131: [GC (Allocation Failure) 2024-07-16T17:58:52.986+0800: 0.131: [ParNew: 5358K->70K(6144K), 0.0008717 secs] 8275K->4011K(19840K), 0.0009504 secs] [Times: user=0.02 sys=0.00, real=0.00 secs] 
Heap after GC invocations=3 (full 0):
 par new generation   total 6144K, used 70K [0x00000000fec00000, 0x00000000ff2a0000, 0x00000000ff2a0000)
  eden space 5504K,   0% used [0x00000000fec00000, 0x00000000fec00000, 0x00000000ff160000)
  from space 640K,  10% used [0x00000000ff200000, 0x00000000ff211880, 0x00000000ff2a0000)
  to   space 640K,   0% used [0x00000000ff160000, 0x00000000ff160000, 0x00000000ff200000)
 concurrent mark-sweep generation total 13696K, used 3940K [0x00000000ff2a0000, 0x0000000100000000, 0x0000000100000000)
 Metaspace       used 4480K, capacity 4786K, committed 4992K, reserved 1056768K
  class space    used 495K, capacity 533K, committed 640K, reserved 1048576K
}
{Heap before GC invocations=3 (full 0):
 par new generation   total 6144K, used 5291K [0x00000000fec00000, 0x00000000ff2a0000, 0x00000000ff2a0000)
  eden space 5504K,  94% used [0x00000000fec00000, 0x00000000ff119670, 0x00000000ff160000)
  from space 640K,  10% used [0x00000000ff200000, 0x00000000ff211880, 0x00000000ff2a0000)
  to   space 640K,   0% used [0x00000000ff160000, 0x00000000ff160000, 0x00000000ff200000)
 concurrent mark-sweep generation total 13696K, used 3940K [0x00000000ff2a0000, 0x0000000100000000, 0x0000000100000000)
 Metaspace       used 4480K, capacity 4786K, committed 4992K, reserved 1056768K
  class space    used 495K, capacity 533K, committed 640K, reserved 1048576K
2024-07-16T17:58:52.994+0800: 0.139: [GC (Allocation Failure) 2024-07-16T17:58:52.994+0800: 0.139: [ParNew: 5291K->14K(6144K), 0.0012258 secs] 9232K->6003K(19840K), 0.0012767 secs] [Times: user=0.00 sys=0.00, real=0.00 secs] 
Heap after GC invocations=4 (full 0):
 par new generation   total 6144K, used 14K [0x00000000fec00000, 0x00000000ff2a0000, 0x00000000ff2a0000)
  eden space 5504K,   0% used [0x00000000fec00000, 0x00000000fec00000, 0x00000000ff160000)
  from space 640K,   2% used [0x00000000ff160000, 0x00000000ff163a70, 0x00000000ff200000)
  to   space 640K,   0% used [0x00000000ff200000, 0x00000000ff200000, 0x00000000ff2a0000)
 concurrent mark-sweep generation total 13696K, used 5988K [0x00000000ff2a0000, 0x0000000100000000, 0x0000000100000000)
 Metaspace       used 4480K, capacity 4786K, committed 4992K, reserved 1056768K
  class space    used 495K, capacity 533K, committed 640K, reserved 1048576K
}
{Heap before GC invocations=4 (full 0):
 par new generation   total 6144K, used 5238K [0x00000000fec00000, 0x00000000ff2a0000, 0x00000000ff2a0000)
  eden space 5504K,  94% used [0x00000000fec00000, 0x00000000ff119ff8, 0x00000000ff160000)
  from space 640K,   2% used [0x00000000ff160000, 0x00000000ff163a70, 0x00000000ff200000)
  to   space 640K,   0% used [0x00000000ff200000, 0x00000000ff200000, 0x00000000ff2a0000)
 concurrent mark-sweep generation total 13696K, used 5988K [0x00000000ff2a0000, 0x0000000100000000, 0x0000000100000000)
 Metaspace       used 4480K, capacity 4786K, committed 4992K, reserved 1056768K
  class space    used 495K, capacity 533K, committed 640K, reserved 1048576K
2024-07-16T17:58:53.003+0800: 0.148: [GC (Allocation Failure) 2024-07-16T17:58:53.003+0800: 0.148: [ParNew: 5238K->10K(6144K), 0.0008433 secs] 11227K->7023K(19840K), 0.0008972 secs] [Times: user=0.00 sys=0.00, real=0.00 secs] 
Heap after GC invocations=5 (full 0):
 par new generation   total 6144K, used 10K [0x00000000fec00000, 0x00000000ff2a0000, 0x00000000ff2a0000)
  eden space 5504K,   0% used [0x00000000fec00000, 0x00000000fec00000, 0x00000000ff160000)
  from space 640K,   1% used [0x00000000ff200000, 0x00000000ff202850, 0x00000000ff2a0000)
  to   space 640K,   0% used [0x00000000ff160000, 0x00000000ff160000, 0x00000000ff200000)
 concurrent mark-sweep generation total 13696K, used 7012K [0x00000000ff2a0000, 0x0000000100000000, 0x0000000100000000)
 Metaspace       used 4480K, capacity 4786K, committed 4992K, reserved 1056768K
  class space    used 495K, capacity 533K, committed 640K, reserved 1048576K
}
2024-07-16T17:58:53.004+0800: 0.149: [GC (CMS Initial Mark) [1 CMS-initial-mark: 7012K(13696K)] 8047K(19840K), 0.0001806 secs] [Times: user=0.00 sys=0.00, real=0.00 secs] 
2024-07-16T17:58:53.004+0800: 0.149: [CMS-concurrent-mark-start]
2024-07-16T17:58:53.005+0800: 0.150: [CMS-concurrent-mark: 0.001/0.001 secs] [Times: user=0.00 sys=0.00, real=0.00 secs] 
2024-07-16T17:58:53.005+0800: 0.150: [CMS-concurrent-preclean-start]
2024-07-16T17:58:53.005+0800: 0.150: [CMS-concurrent-preclean: 0.000/0.000 secs] [Times: user=0.00 sys=0.00, real=0.00 secs] 
2024-07-16T17:58:53.005+0800: 0.150: [GC (CMS Final Remark) [YG occupancy: 1034 K (6144 K)]2024-07-16T17:58:53.005+0800: 0.150: [Rescan (parallel) , 0.0001685 secs]2024-07-16T17:58:53.005+0800: 0.150: [weak refs processing, 0.0000246 secs]2024-07-16T17:58:53.005+0800: 0.150: [class unloading, 0.0003119 secs]2024-07-16T17:58:53.006+0800: 0.151: [scrub symbol table, 0.0003359 secs]2024-07-16T17:58:53.006+0800: 0.151: [scrub string table, 0.0000750 secs][1 CMS-remark: 7012K(13696K)] 8047K(19840K), 0.0009738 secs] [Times: user=0.00 sys=0.00, real=0.00 secs] 
2024-07-16T17:58:53.006+0800: 0.151: [CMS-concurrent-sweep-start]
2024-07-16T17:58:53.006+0800: 0.151: [CMS-concurrent-sweep: 0.000/0.000 secs] [Times: user=0.00 sys=0.00, real=0.00 secs] 
2024-07-16T17:58:53.006+0800: 0.151: [CMS-concurrent-reset-start]
2024-07-16T17:58:53.006+0800: 0.152: [CMS-concurrent-reset: 0.000/0.000 secs] [Times: user=0.00 sys=0.00, real=0.00 secs] 
{Heap before GC invocations=5 (full 1):
 par new generation   total 6144K, used 5235K [0x00000000fec00000, 0x00000000ff2a0000, 0x00000000ff2a0000)
  eden space 5504K,  94% used [0x00000000fec00000, 0x00000000ff11a628, 0x00000000ff160000)
  from space 640K,   1% used [0x00000000ff200000, 0x00000000ff202850, 0x00000000ff2a0000)
  to   space 640K,   0% used [0x00000000ff160000, 0x00000000ff160000, 0x00000000ff200000)
 concurrent mark-sweep generation total 13696K, used 866K [0x00000000ff2a0000, 0x0000000100000000, 0x0000000100000000)
 Metaspace       used 4480K, capacity 4786K, committed 4992K, reserved 1056768K
  class space    used 495K, capacity 533K, committed 640K, reserved 1048576K
2024-07-16T17:58:53.012+0800: 0.157: [GC (Allocation Failure) 2024-07-16T17:58:53.012+0800: 0.157: [ParNew: 5235K->12K(6144K), 0.0005626 secs] 6102K->2926K(19840K), 0.0006179 secs] [Times: user=0.00 sys=0.00, real=0.00 secs] 
Heap after GC invocations=6 (full 1):
 par new generation   total 6144K, used 12K [0x00000000fec00000, 0x00000000ff2a0000, 0x00000000ff2a0000)
  eden space 5504K,   0% used [0x00000000fec00000, 0x00000000fec00000, 0x00000000ff160000)
  from space 640K,   1% used [0x00000000ff160000, 0x00000000ff163060, 0x00000000ff200000)
  to   space 640K,   0% used [0x00000000ff200000, 0x00000000ff200000, 0x00000000ff2a0000)
 concurrent mark-sweep generation total 13696K, used 2914K [0x00000000ff2a0000, 0x0000000100000000, 0x0000000100000000)
 Metaspace       used 4480K, capacity 4786K, committed 4992K, reserved 1056768K
  class space    used 495K, capacity 533K, committed 640K, reserved 1048576K
}
{Heap before GC invocations=6 (full 1):
 par new generation   total 6144K, used 5238K [0x00000000fec00000, 0x00000000ff2a0000, 0x00000000ff2a0000)
  eden space 5504K,  94% used [0x00000000fec00000, 0x00000000ff11a9c8, 0x00000000ff160000)
  from space 640K,   1% used [0x00000000ff160000, 0x00000000ff163060, 0x00000000ff200000)
  to   space 640K,   0% used [0x00000000ff200000, 0x00000000ff200000, 0x00000000ff2a0000)
 concurrent mark-sweep generation total 13696K, used 2914K [0x00000000ff2a0000, 0x0000000100000000, 0x0000000100000000)
 Metaspace       used 4480K, capacity 4786K, committed 4992K, reserved 1056768K
  class space    used 495K, capacity 533K, committed 640K, reserved 1048576K
2024-07-16T17:58:53.018+0800: 0.163: [GC (Allocation Failure) 2024-07-16T17:58:53.018+0800: 0.163: [ParNew: 5238K->10K(6144K), 0.0005561 secs] 8153K->3948K(19840K), 0.0006971 secs] [Times: user=0.00 sys=0.00, real=0.00 secs] 
Heap after GC invocations=7 (full 1):
 par new generation   total 6144K, used 10K [0x00000000fec00000, 0x00000000ff2a0000, 0x00000000ff2a0000)
  eden space 5504K,   0% used [0x00000000fec00000, 0x00000000fec00000, 0x00000000ff160000)
  from space 640K,   1% used [0x00000000ff200000, 0x00000000ff202850, 0x00000000ff2a0000)
  to   space 640K,   0% used [0x00000000ff160000, 0x00000000ff160000, 0x00000000ff200000)
 concurrent mark-sweep generation total 13696K, used 3938K [0x00000000ff2a0000, 0x0000000100000000, 0x0000000100000000)
 Metaspace       used 4480K, capacity 4786K, committed 4992K, reserved 1056768K
  class space    used 495K, capacity 533K, committed 640K, reserved 1048576K
}
{Heap before GC invocations=7 (full 1):
 par new generation   total 6144K, used 5237K [0x00000000fec00000, 0x00000000ff2a0000, 0x00000000ff2a0000)
  eden space 5504K,  94% used [0x00000000fec00000, 0x00000000ff11ac28, 0x00000000ff160000)
  from space 640K,   1% used [0x00000000ff200000, 0x00000000ff202850, 0x00000000ff2a0000)
  to   space 640K,   0% used [0x00000000ff160000, 0x00000000ff160000, 0x00000000ff200000)
 concurrent mark-sweep generation total 13696K, used 3938K [0x00000000ff2a0000, 0x0000000100000000, 0x0000000100000000)
 Metaspace       used 4480K, capacity 4786K, committed 4992K, reserved 1056768K
  class space    used 495K, capacity 533K, committed 640K, reserved 1048576K
2024-07-16T17:58:53.026+0800: 0.171: [GC (Allocation Failure) 2024-07-16T17:58:53.026+0800: 0.171: [ParNew: 5237K->6K(6144K), 0.0005459 secs] 9175K->5993K(19840K), 0.0005999 secs] [Times: user=0.00 sys=0.00, real=0.00 secs] 
Heap after GC invocations=8 (full 1):
 par new generation   total 6144K, used 6K [0x00000000fec00000, 0x00000000ff2a0000, 0x00000000ff2a0000)
  eden space 5504K,   0% used [0x00000000fec00000, 0x00000000fec00000, 0x00000000ff160000)
  from space 640K,   0% used [0x00000000ff160000, 0x00000000ff161908, 0x00000000ff200000)
  to   space 640K,   0% used [0x00000000ff200000, 0x00000000ff200000, 0x00000000ff2a0000)
 concurrent mark-sweep generation total 13696K, used 5986K [0x00000000ff2a0000, 0x0000000100000000, 0x0000000100000000)
 Metaspace       used 4480K, capacity 4786K, committed 4992K, reserved 1056768K
  class space    used 495K, capacity 533K, committed 640K, reserved 1048576K
}
{Heap before GC invocations=8 (full 1):
 par new generation   total 6144K, used 5233K [0x00000000fec00000, 0x00000000ff2a0000, 0x00000000ff2a0000)
  eden space 5504K,  94% used [0x00000000fec00000, 0x00000000ff11ae08, 0x00000000ff160000)
  from space 640K,   0% used [0x00000000ff160000, 0x00000000ff161908, 0x00000000ff200000)
  to   space 640K,   0% used [0x00000000ff200000, 0x00000000ff200000, 0x00000000ff2a0000)
 concurrent mark-sweep generation total 13696K, used 5986K [0x00000000ff2a0000, 0x0000000100000000, 0x0000000100000000)
 Metaspace       used 4480K, capacity 4786K, committed 4992K, reserved 1056768K
  class space    used 495K, capacity 533K, committed 640K, reserved 1048576K
2024-07-16T17:58:53.034+0800: 0.179: [GC (Allocation Failure) 2024-07-16T17:58:53.034+0800: 0.179: [ParNew: 5233K->2K(6144K), 0.0003111 secs] 11220K->5989K(19840K), 0.0003593 secs] [Times: user=0.00 sys=0.00, real=0.00 secs] 
Heap after GC invocations=9 (full 1):
 par new generation   total 6144K, used 2K [0x00000000fec00000, 0x00000000ff2a0000, 0x00000000ff2a0000)
  eden space 5504K,   0% used [0x00000000fec00000, 0x00000000fec00000, 0x00000000ff160000)
  from space 640K,   0% used [0x00000000ff200000, 0x00000000ff2008e8, 0x00000000ff2a0000)
  to   space 640K,   0% used [0x00000000ff160000, 0x00000000ff160000, 0x00000000ff200000)
 concurrent mark-sweep generation total 13696K, used 5986K [0x00000000ff2a0000, 0x0000000100000000, 0x0000000100000000)
 Metaspace       used 4480K, capacity 4786K, committed 4992K, reserved 1056768K
  class space    used 495K, capacity 533K, committed 640K, reserved 1048576K
}
{Heap before GC invocations=9 (full 1):
 par new generation   total 6144K, used 5229K [0x00000000fec00000, 0x00000000ff2a0000, 0x00000000ff2a0000)
  eden space 5504K,  94% used [0x00000000fec00000, 0x00000000ff11af10, 0x00000000ff160000)
  from space 640K,   0% used [0x00000000ff200000, 0x00000000ff2008e8, 0x00000000ff2a0000)
  to   space 640K,   0% used [0x00000000ff160000, 0x00000000ff160000, 0x00000000ff200000)
 concurrent mark-sweep generation total 13696K, used 5986K [0x00000000ff2a0000, 0x0000000100000000, 0x0000000100000000)
 Metaspace       used 4480K, capacity 4786K, committed 4992K, reserved 1056768K
  class space    used 495K, capacity 533K, committed 640K, reserved 1048576K
2024-07-16T17:58:53.041+0800: 0.186: [GC (Allocation Failure) 2024-07-16T17:58:53.041+0800: 0.186: [ParNew: 5229K->6K(6144K), 0.0004028 secs] 11216K->7017K(19840K), 0.0004662 secs] [Times: user=0.00 sys=0.00, real=0.00 secs] 
Heap after GC invocations=10 (full 1):
 par new generation   total 6144K, used 6K [0x00000000fec00000, 0x00000000ff2a0000, 0x00000000ff2a0000)
  eden space 5504K,   0% used [0x00000000fec00000, 0x00000000fec00000, 0x00000000ff160000)
  from space 640K,   0% used [0x00000000ff160000, 0x00000000ff161908, 0x00000000ff200000)
  to   space 640K,   0% used [0x00000000ff200000, 0x00000000ff200000, 0x00000000ff2a0000)
 concurrent mark-sweep generation total 13696K, used 7010K [0x00000000ff2a0000, 0x0000000100000000, 0x0000000100000000)
 Metaspace       used 4480K, capacity 4786K, committed 4992K, reserved 1056768K
  class space    used 495K, capacity 533K, committed 640K, reserved 1048576K
}
{Heap before GC invocations=10 (full 1):
 par new generation   total 6144K, used 5234K [0x00000000fec00000, 0x00000000ff2a0000, 0x00000000ff2a0000)
  eden space 5504K,  94% used [0x00000000fec00000, 0x00000000ff11af78, 0x00000000ff160000)
  from space 640K,   0% used [0x00000000ff160000, 0x00000000ff161908, 0x00000000ff200000)
  to   space 640K,   0% used [0x00000000ff200000, 0x00000000ff200000, 0x00000000ff2a0000)
 concurrent mark-sweep generation total 13696K, used 7010K [0x00000000ff2a0000, 0x0000000100000000, 0x0000000100000000)
 Metaspace       used 4480K, capacity 4786K, committed 4992K, reserved 1056768K
  class space    used 495K, capacity 533K, committed 640K, reserved 1048576K
2024-07-16T17:58:53.047+0800: 0.192: [GC (Allocation Failure) 2024-07-16T17:58:53.047+0800: 0.192: [ParNew: 5234K->10K(6144K), 0.0008575 secs] 12244K->8045K(19840K), 0.0009139 secs] [Times: user=0.00 sys=0.00, real=0.00 secs] 
Heap after GC invocations=11 (full 1):
 par new generation   total 6144K, used 10K [0x00000000fec00000, 0x00000000ff2a0000, 0x00000000ff2a0000)
  eden space 5504K,   0% used [0x00000000fec00000, 0x00000000fec00000, 0x00000000ff160000)
  from space 640K,   1% used [0x00000000ff200000, 0x00000000ff202988, 0x00000000ff2a0000)
  to   space 640K,   0% used [0x00000000ff160000, 0x00000000ff160000, 0x00000000ff200000)
 concurrent mark-sweep generation total 13696K, used 8034K [0x00000000ff2a0000, 0x0000000100000000, 0x0000000100000000)
 Metaspace       used 4480K, capacity 4786K, committed 4992K, reserved 1056768K
  class space    used 495K, capacity 533K, committed 640K, reserved 1048576K
}
{Heap before GC invocations=11 (full 1):
 par new generation   total 6144K, used 5238K [0x00000000fec00000, 0x00000000ff2a0000, 0x00000000ff2a0000)
  eden space 5504K,  94% used [0x00000000fec00000, 0x00000000ff11b040, 0x00000000ff160000)
  from space 640K,   1% used [0x00000000ff200000, 0x00000000ff202988, 0x00000000ff2a0000)
  to   space 640K,   0% used [0x00000000ff160000, 0x00000000ff160000, 0x00000000ff200000)
 concurrent mark-sweep generation total 13696K, used 8034K [0x00000000ff2a0000, 0x0000000100000000, 0x0000000100000000)
 Metaspace       used 4481K, capacity 4786K, committed 4992K, reserved 1056768K
  class space    used 495K, capacity 533K, committed 640K, reserved 1048576K
2024-07-16T17:58:53.057+0800: 0.202: [GC (Allocation Failure) 2024-07-16T17:58:53.057+0800: 0.202: [ParNew: 5238K->2K(6144K), 0.0003062 secs] 13273K->8037K(19840K), 0.0003557 secs] [Times: user=0.00 sys=0.00, real=0.00 secs] 
Heap after GC invocations=12 (full 1):
 par new generation   total 6144K, used 2K [0x00000000fec00000, 0x00000000ff2a0000, 0x00000000ff2a0000)
  eden space 5504K,   0% used [0x00000000fec00000, 0x00000000fec00000, 0x00000000ff160000)
  from space 640K,   0% used [0x00000000ff160000, 0x00000000ff160948, 0x00000000ff200000)
  to   space 640K,   0% used [0x00000000ff200000, 0x00000000ff200000, 0x00000000ff2a0000)
 concurrent mark-sweep generation total 13696K, used 8034K [0x00000000ff2a0000, 0x0000000100000000, 0x0000000100000000)
 Metaspace       used 4481K, capacity 4786K, committed 4992K, reserved 1056768K
  class space    used 495K, capacity 533K, committed 640K, reserved 1048576K
}
{Heap before GC invocations=12 (full 1):
 par new generation   total 6144K, used 5230K [0x00000000fec00000, 0x00000000ff2a0000, 0x00000000ff2a0000)
  eden space 5504K,  94% used [0x00000000fec00000, 0x00000000ff11b028, 0x00000000ff160000)
  from space 640K,   0% used [0x00000000ff160000, 0x00000000ff160948, 0x00000000ff200000)
  to   space 640K,   0% used [0x00000000ff200000, 0x00000000ff200000, 0x00000000ff2a0000)
 concurrent mark-sweep generation total 13696K, used 8034K [0x00000000ff2a0000, 0x0000000100000000, 0x0000000100000000)
 Metaspace       used 4482K, capacity 4786K, committed 4992K, reserved 1056768K
  class space    used 495K, capacity 533K, committed 640K, reserved 1048576K
2024-07-16T17:58:53.064+0800: 0.209: [GC (Allocation Failure) 2024-07-16T17:58:53.064+0800: 0.209: [ParNew: 5230K->8K(6144K), 0.0008166 secs] 13265K->9067K(19840K), 0.0008745 secs] [Times: user=0.00 sys=0.00, real=0.00 secs] 
Heap after GC invocations=13 (full 1):
 par new generation   total 6144K, used 8K [0x00000000fec00000, 0x00000000ff2a0000, 0x00000000ff2a0000)
  eden space 5504K,   0% used [0x00000000fec00000, 0x00000000fec00000, 0x00000000ff160000)
  from space 640K,   1% used [0x00000000ff200000, 0x00000000ff202178, 0x00000000ff2a0000)
  to   space 640K,   0% used [0x00000000ff160000, 0x00000000ff160000, 0x00000000ff200000)
 concurrent mark-sweep generation total 13696K, used 9058K [0x00000000ff2a0000, 0x0000000100000000, 0x0000000100000000)
 Metaspace       used 4482K, capacity 4786K, committed 4992K, reserved 1056768K
  class space    used 495K, capacity 533K, committed 640K, reserved 1048576K
}
2024-07-16T17:58:53.065+0800: 0.210: [GC (CMS Initial Mark) [1 CMS-initial-mark: 9058K(13696K)] 10091K(19840K), 0.0001204 secs] [Times: user=0.00 sys=0.00, real=0.00 secs] 
2024-07-16T17:58:53.065+0800: 0.210: [CMS-concurrent-mark-start]
2024-07-16T17:58:53.066+0800: 0.211: [CMS-concurrent-mark: 0.001/0.001 secs] [Times: user=0.00 sys=0.00, real=0.00 secs] 
2024-07-16T17:58:53.066+0800: 0.211: [CMS-concurrent-preclean-start]
2024-07-16T17:58:53.066+0800: 0.211: [CMS-concurrent-preclean: 0.000/0.000 secs] [Times: user=0.00 sys=0.00, real=0.00 secs] 
2024-07-16T17:58:53.066+0800: 0.211: [CMS-concurrent-abortable-preclean-start]
{Heap before GC invocations=13 (full 2):
 par new generation   total 6144K, used 5236K [0x00000000fec00000, 0x00000000ff2a0000, 0x00000000ff2a0000)
  eden space 5504K,  94% used [0x00000000fec00000, 0x00000000ff11b078, 0x00000000ff160000)
  from space 640K,   1% used [0x00000000ff200000, 0x00000000ff202178, 0x00000000ff2a0000)
  to   space 640K,   0% used [0x00000000ff160000, 0x00000000ff160000, 0x00000000ff200000)
 concurrent mark-sweep generation total 13696K, used 9058K [0x00000000ff2a0000, 0x0000000100000000, 0x0000000100000000)
 Metaspace       used 4482K, capacity 4786K, committed 4992K, reserved 1056768K
  class space    used 495K, capacity 533K, committed 640K, reserved 1048576K
2024-07-16T17:58:53.072+0800: 0.217: [GC (Allocation Failure) 2024-07-16T17:58:53.072+0800: 0.217: [ParNew: 5236K->8K(6144K), 0.0007853 secs] 14295K->10091K(19840K), 0.0008431 secs] [Times: user=0.00 sys=0.00, real=0.00 secs] 
Heap after GC invocations=14 (full 2):
 par new generation   total 6144K, used 8K [0x00000000fec00000, 0x00000000ff2a0000, 0x00000000ff2a0000)
  eden space 5504K,   0% used [0x00000000fec00000, 0x00000000fec00000, 0x00000000ff160000)
  from space 640K,   1% used [0x00000000ff160000, 0x00000000ff162178, 0x00000000ff200000)
  to   space 640K,   0% used [0x00000000ff200000, 0x00000000ff200000, 0x00000000ff2a0000)
 concurrent mark-sweep generation total 13696K, used 10082K [0x00000000ff2a0000, 0x0000000100000000, 0x0000000100000000)
 Metaspace       used 4482K, capacity 4786K, committed 4992K, reserved 1056768K
  class space    used 495K, capacity 533K, committed 640K, reserved 1048576K
}
{Heap before GC invocations=14 (full 2):
 par new generation   total 6144K, used 5236K [0x00000000fec00000, 0x00000000ff2a0000, 0x00000000ff2a0000)
  eden space 5504K,  94% used [0x00000000fec00000, 0x00000000ff11b118, 0x00000000ff160000)
  from space 640K,   1% used [0x00000000ff160000, 0x00000000ff162178, 0x00000000ff200000)
  to   space 640K,   0% used [0x00000000ff200000, 0x00000000ff200000, 0x00000000ff2a0000)
 concurrent mark-sweep generation total 13696K, used 10082K [0x00000000ff2a0000, 0x0000000100000000, 0x0000000100000000)
 Metaspace       used 4482K, capacity 4786K, committed 4992K, reserved 1056768K
  class space    used 495K, capacity 533K, committed 640K, reserved 1048576K
2024-07-16T17:58:53.082+0800: 0.226: [GC (Allocation Failure) 2024-07-16T17:58:53.082+0800: 0.226: [ParNew: 5236K->4K(6144K), 0.0003300 secs] 15319K->10087K(19840K), 0.0003801 secs] [Times: user=0.00 sys=0.00, real=0.00 secs] 
Heap after GC invocations=15 (full 2):
 par new generation   total 6144K, used 4K [0x00000000fec00000, 0x00000000ff2a0000, 0x00000000ff2a0000)
  eden space 5504K,   0% used [0x00000000fec00000, 0x00000000fec00000, 0x00000000ff160000)
  from space 640K,   0% used [0x00000000ff200000, 0x00000000ff201158, 0x00000000ff2a0000)
  to   space 640K,   0% used [0x00000000ff160000, 0x00000000ff160000, 0x00000000ff200000)
 concurrent mark-sweep generation total 13696K, used 10082K [0x00000000ff2a0000, 0x0000000100000000, 0x0000000100000000)
 Metaspace       used 4482K, capacity 4786K, committed 4992K, reserved 1056768K
  class space    used 495K, capacity 533K, committed 640K, reserved 1048576K
}
{Heap before GC invocations=15 (full 2):
 par new generation   total 6144K, used 5287K [0x00000000fec00000, 0x00000000ff2a0000, 0x00000000ff2a0000)
  eden space 5504K,  95% used [0x00000000fec00000, 0x00000000ff128d08, 0x00000000ff160000)
  from space 640K,   0% used [0x00000000ff200000, 0x00000000ff201158, 0x00000000ff2a0000)
  to   space 640K,   0% used [0x00000000ff160000, 0x00000000ff160000, 0x00000000ff200000)
 concurrent mark-sweep generation total 13696K, used 10082K [0x00000000ff2a0000, 0x0000000100000000, 0x0000000100000000)
 Metaspace       used 4483K, capacity 4786K, committed 4992K, reserved 1056768K
  class space    used 495K, capacity 533K, committed 640K, reserved 1048576K
2024-07-16T17:58:53.090+0800: 0.234: [GC (Allocation Failure) 2024-07-16T17:58:53.090+0800: 0.234: [ParNew: 5287K->8K(6144K), 0.0002825 secs] 15370K->10090K(19840K), 0.0003296 secs] [Times: user=0.00 sys=0.00, real=0.00 secs] 
Heap after GC invocations=16 (full 2):
 par new generation   total 6144K, used 8K [0x00000000fec00000, 0x00000000ff2a0000, 0x00000000ff2a0000)
  eden space 5504K,   0% used [0x00000000fec00000, 0x00000000fec00000, 0x00000000ff160000)
  from space 640K,   1% used [0x00000000ff160000, 0x00000000ff162040, 0x00000000ff200000)
  to   space 640K,   0% used [0x00000000ff200000, 0x00000000ff200000, 0x00000000ff2a0000)
 concurrent mark-sweep generation total 13696K, used 10082K [0x00000000ff2a0000, 0x0000000100000000, 0x0000000100000000)
 Metaspace       used 4483K, capacity 4786K, committed 4992K, reserved 1056768K
  class space    used 495K, capacity 533K, committed 640K, reserved 1048576K
}
{Heap before GC invocations=16 (full 2):
 par new generation   total 6144K, used 5235K [0x00000000fec00000, 0x00000000ff2a0000, 0x00000000ff2a0000)
  eden space 5504K,  94% used [0x00000000fec00000, 0x00000000ff11af00, 0x00000000ff160000)
  from space 640K,   1% used [0x00000000ff160000, 0x00000000ff162040, 0x00000000ff200000)
  to   space 640K,   0% used [0x00000000ff200000, 0x00000000ff200000, 0x00000000ff2a0000)
 concurrent mark-sweep generation total 13696K, used 10082K [0x00000000ff2a0000, 0x0000000100000000, 0x0000000100000000)
 Metaspace       used 4484K, capacity 4786K, committed 4992K, reserved 1056768K
  class space    used 495K, capacity 533K, committed 640K, reserved 1048576K
2024-07-16T17:58:53.097+0800: 0.241: [GC (Allocation Failure) 2024-07-16T17:58:53.097+0800: 0.241: [ParNew: 5235K->14K(6144K), 0.0008558 secs] 15318K->11121K(19840K), 0.0009202 secs] [Times: user=0.00 sys=0.00, real=0.00 secs] 
Heap after GC invocations=17 (full 2):
 par new generation   total 6144K, used 14K [0x00000000fec00000, 0x00000000ff2a0000, 0x00000000ff2a0000)
  eden space 5504K,   0% used [0x00000000fec00000, 0x00000000fec00000, 0x00000000ff160000)
  from space 640K,   2% used [0x00000000ff200000, 0x00000000ff203a38, 0x00000000ff2a0000)
  to   space 640K,   0% used [0x00000000ff160000, 0x00000000ff160000, 0x00000000ff200000)
 concurrent mark-sweep generation total 13696K, used 11106K [0x00000000ff2a0000, 0x0000000100000000, 0x0000000100000000)
 Metaspace       used 4484K, capacity 4786K, committed 4992K, reserved 1056768K
  class space    used 495K, capacity 533K, committed 640K, reserved 1048576K
}
{Heap before GC invocations=17 (full 2):
 par new generation   total 6144K, used 5242K [0x00000000fec00000, 0x00000000ff2a0000, 0x00000000ff2a0000)
  eden space 5504K,  94% used [0x00000000fec00000, 0x00000000ff11aff8, 0x00000000ff160000)
  from space 640K,   2% used [0x00000000ff200000, 0x00000000ff203a38, 0x00000000ff2a0000)
  to   space 640K,   0% used [0x00000000ff160000, 0x00000000ff160000, 0x00000000ff200000)
 concurrent mark-sweep generation total 13696K, used 11106K [0x00000000ff2a0000, 0x0000000100000000, 0x0000000100000000)
 Metaspace       used 4485K, capacity 4786K, committed 4992K, reserved 1056768K
  class space    used 495K, capacity 533K, committed 640K, reserved 1048576K
2024-07-16T17:58:53.106+0800: 0.250: [GC (Allocation Failure) 2024-07-16T17:58:53.106+0800: 0.250: [ParNew: 5242K->10K(6144K), 0.0007688 secs] 16349K->12140K(19840K), 0.0008204 secs] [Times: user=0.00 sys=0.00, real=0.00 secs] 
Heap after GC invocations=18 (full 2):
 par new generation   total 6144K, used 10K [0x00000000fec00000, 0x00000000ff2a0000, 0x00000000ff2a0000)
  eden space 5504K,   0% used [0x00000000fec00000, 0x00000000fec00000, 0x00000000ff160000)
  from space 640K,   1% used [0x00000000ff160000, 0x00000000ff162850, 0x00000000ff200000)
  to   space 640K,   0% used [0x00000000ff200000, 0x00000000ff200000, 0x00000000ff2a0000)
 concurrent mark-sweep generation total 13696K, used 12130K [0x00000000ff2a0000, 0x0000000100000000, 0x0000000100000000)
 Metaspace       used 4485K, capacity 4786K, committed 4992K, reserved 1056768K
  class space    used 495K, capacity 533K, committed 640K, reserved 1048576K
}
{Heap before GC invocations=18 (full 2):
 par new generation   total 6144K, used 5238K [0x00000000fec00000, 0x00000000ff2a0000, 0x00000000ff2a0000)
  eden space 5504K,  94% used [0x00000000fec00000, 0x00000000ff11aff8, 0x00000000ff160000)
  from space 640K,   1% used [0x00000000ff160000, 0x00000000ff162850, 0x00000000ff200000)
  to   space 640K,   0% used [0x00000000ff200000, 0x00000000ff200000, 0x00000000ff2a0000)
 concurrent mark-sweep generation total 13696K, used 12130K [0x00000000ff2a0000, 0x0000000100000000, 0x0000000100000000)
 Metaspace       used 4486K, capacity 4786K, committed 4992K, reserved 1056768K
  class space    used 495K, capacity 533K, committed 640K, reserved 1048576K
2024-07-16T17:58:53.115+0800: 0.259: [GC (Allocation Failure) 2024-07-16T17:58:53.115+0800: 0.259: [ParNew: 5238K->6K(6144K), 0.0003152 secs] 17368K->12137K(19840K), 0.0003809 secs] [Times: user=0.00 sys=0.00, real=0.00 secs] 
Heap after GC invocations=19 (full 2):
 par new generation   total 6144K, used 6K [0x00000000fec00000, 0x00000000ff2a0000, 0x00000000ff2a0000)
  eden space 5504K,   0% used [0x00000000fec00000, 0x00000000fec00000, 0x00000000ff160000)
  from space 640K,   1% used [0x00000000ff200000, 0x00000000ff2019f8, 0x00000000ff2a0000)
  to   space 640K,   0% used [0x00000000ff160000, 0x00000000ff160000, 0x00000000ff200000)
 concurrent mark-sweep generation total 13696K, used 12130K [0x00000000ff2a0000, 0x0000000100000000, 0x0000000100000000)
 Metaspace       used 4486K, capacity 4786K, committed 4992K, reserved 1056768K
  class space    used 495K, capacity 533K, committed 640K, reserved 1048576K
}
{Heap before GC invocations=19 (full 2):
 par new generation   total 6144K, used 5234K [0x00000000fec00000, 0x00000000ff2a0000, 0x00000000ff2a0000)
  eden space 5504K,  94% used [0x00000000fec00000, 0x00000000ff11b0b8, 0x00000000ff160000)
  from space 640K,   1% used [0x00000000ff200000, 0x00000000ff2019f8, 0x00000000ff2a0000)
  to   space 640K,   0% used [0x00000000ff160000, 0x00000000ff160000, 0x00000000ff200000)
 concurrent mark-sweep generation total 13696K, used 12130K [0x00000000ff2a0000, 0x0000000100000000, 0x0000000100000000)
 Metaspace       used 4487K, capacity 4786K, committed 4992K, reserved 1056768K
  class space    used 495K, capacity 533K, committed 640K, reserved 1048576K
2024-07-16T17:58:53.124+0800: 0.268: [GC (Allocation Failure) 2024-07-16T17:58:53.124+0800: 0.268: [ParNew: 5234K->8K(6144K), 0.0002949 secs] 17365K->12139K(19840K), 0.0003470 secs] [Times: user=0.00 sys=0.00, real=0.00 secs] 
Heap after GC invocations=20 (full 2):
 par new generation   total 6144K, used 8K [0x00000000fec00000, 0x00000000ff2a0000, 0x00000000ff2a0000)
  eden space 5504K,   0% used [0x00000000fec00000, 0x00000000fec00000, 0x00000000ff160000)
  from space 640K,   1% used [0x00000000ff160000, 0x00000000ff162208, 0x00000000ff200000)
  to   space 640K,   0% used [0x00000000ff200000, 0x00000000ff200000, 0x00000000ff2a0000)
 concurrent mark-sweep generation total 13696K, used 12130K [0x00000000ff2a0000, 0x0000000100000000, 0x0000000100000000)
 Metaspace       used 4487K, capacity 4786K, committed 4992K, reserved 1056768K
  class space    used 495K, capacity 533K, committed 640K, reserved 1048576K
}
{Heap before GC invocations=20 (full 2):
 par new generation   total 6144K, used 5236K [0x00000000fec00000, 0x00000000ff2a0000, 0x00000000ff2a0000)
  eden space 5504K,  94% used [0x00000000fec00000, 0x00000000ff11b060, 0x00000000ff160000)
  from space 640K,   1% used [0x00000000ff160000, 0x00000000ff162208, 0x00000000ff200000)
  to   space 640K,   0% used [0x00000000ff200000, 0x00000000ff200000, 0x00000000ff2a0000)
 concurrent mark-sweep generation total 13696K, used 12130K [0x00000000ff2a0000, 0x0000000100000000, 0x0000000100000000)
 Metaspace       used 4487K, capacity 4786K, committed 4992K, reserved 1056768K
  class space    used 495K, capacity 533K, committed 640K, reserved 1048576K
2024-07-16T17:58:53.131+0800: 0.275: [GC (Allocation Failure) 2024-07-16T17:58:53.131+0800: 0.275: [ParNew (promotion failed): 5236K->5238K(6144K), 0.0002794 secs]2024-07-16T17:58:53.131+0800: 0.276: [CMS2024-07-16T17:58:53.131+0800: 0.276: [CMS-concurrent-abortable-preclean: 0.001/0.064 secs] [Times: user=0.00 sys=0.00, real=0.07 secs] 
 (concurrent mode failure): 12130K->2891K(13696K), 0.0022298 secs] 17367K->2891K(19840K), [Metaspace: 4487K->4487K(1056768K)], 0.0025707 secs] [Times: user=0.00 sys=0.00, real=0.00 secs] 
Heap after GC invocations=21 (full 3):
 par new generation   total 6144K, used 0K [0x00000000fec00000, 0x00000000ff2a0000, 0x00000000ff2a0000)
  eden space 5504K,   0% used [0x00000000fec00000, 0x00000000fec00000, 0x00000000ff160000)
  from space 640K,   0% used [0x00000000ff200000, 0x00000000ff200000, 0x00000000ff2a0000)
  to   space 640K,   0% used [0x00000000ff160000, 0x00000000ff160000, 0x00000000ff200000)
 concurrent mark-sweep generation total 13696K, used 2891K [0x00000000ff2a0000, 0x0000000100000000, 0x0000000100000000)
 Metaspace       used 4487K, capacity 4786K, committed 4992K, reserved 1056768K
  class space    used 495K, capacity 533K, committed 640K, reserved 1048576K
}
{Heap before GC invocations=21 (full 3):
 par new generation   total 6144K, used 5228K [0x00000000fec00000, 0x00000000ff2a0000, 0x00000000ff2a0000)
  eden space 5504K,  94% used [0x00000000fec00000, 0x00000000ff11b098, 0x00000000ff160000)
  from space 640K,   0% used [0x00000000ff200000, 0x00000000ff200000, 0x00000000ff2a0000)
  to   space 640K,   0% used [0x00000000ff160000, 0x00000000ff160000, 0x00000000ff200000)
 concurrent mark-sweep generation total 13696K, used 2891K [0x00000000ff2a0000, 0x0000000100000000, 0x0000000100000000)
 Metaspace       used 4487K, capacity 4786K, committed 4992K, reserved 1056768K
  class space    used 495K, capacity 533K, committed 640K, reserved 1048576K
2024-07-16T17:58:53.141+0800: 0.285: [GC (Allocation Failure) 2024-07-16T17:58:53.141+0800: 0.285: [ParNew: 5228K->8K(6144K), 0.0004679 secs] 8119K->4949K(19840K), 0.0005174 secs] [Times: user=0.00 sys=0.00, real=0.00 secs] 
Heap after GC invocations=22 (full 3):
 par new generation   total 6144K, used 8K [0x00000000fec00000, 0x00000000ff2a0000, 0x00000000ff2a0000)
  eden space 5504K,   0% used [0x00000000fec00000, 0x00000000fec00000, 0x00000000ff160000)
  from space 640K,   1% used [0x00000000ff160000, 0x00000000ff162040, 0x00000000ff200000)
  to   space 640K,   0% used [0x00000000ff200000, 0x00000000ff200000, 0x00000000ff2a0000)
 concurrent mark-sweep generation total 13696K, used 4941K [0x00000000ff2a0000, 0x0000000100000000, 0x0000000100000000)
 Metaspace       used 4487K, capacity 4786K, committed 4992K, reserved 1056768K
  class space    used 495K, capacity 533K, committed 640K, reserved 1048576K
}
{Heap before GC invocations=22 (full 3):
 par new generation   total 6144K, used 5236K [0x00000000fec00000, 0x00000000ff2a0000, 0x00000000ff2a0000)
  eden space 5504K,  94% used [0x00000000fec00000, 0x00000000ff11b0a8, 0x00000000ff160000)
  from space 640K,   1% used [0x00000000ff160000, 0x00000000ff162040, 0x00000000ff200000)
  to   space 640K,   0% used [0x00000000ff200000, 0x00000000ff200000, 0x00000000ff2a0000)
 concurrent mark-sweep generation total 13696K, used 4941K [0x00000000ff2a0000, 0x0000000100000000, 0x0000000100000000)
 Metaspace       used 4487K, capacity 4786K, committed 4992K, reserved 1056768K
  class space    used 495K, capacity 533K, committed 640K, reserved 1048576K
2024-07-16T17:58:53.148+0800: 0.292: [GC (Allocation Failure) 2024-07-16T17:58:53.148+0800: 0.292: [ParNew: 5236K->8K(6144K), 0.0004780 secs] 10178K->7000K(19840K), 0.0005151 secs] [Times: user=0.00 sys=0.00, real=0.00 secs] 
Heap after GC invocations=23 (full 3):
 par new generation   total 6144K, used 8K [0x00000000fec00000, 0x00000000ff2a0000, 0x00000000ff2a0000)
  eden space 5504K,   0% used [0x00000000fec00000, 0x00000000fec00000, 0x00000000ff160000)
  from space 640K,   1% used [0x00000000ff200000, 0x00000000ff2022e0, 0x00000000ff2a0000)
  to   space 640K,   0% used [0x00000000ff160000, 0x00000000ff160000, 0x00000000ff200000)
 concurrent mark-sweep generation total 13696K, used 6991K [0x00000000ff2a0000, 0x0000000100000000, 0x0000000100000000)
 Metaspace       used 4487K, capacity 4786K, committed 4992K, reserved 1056768K
  class space    used 495K, capacity 533K, committed 640K, reserved 1048576K
}
{Heap before GC invocations=23 (full 3):
 par new generation   total 6144K, used 5272K [0x00000000fec00000, 0x00000000ff2a0000, 0x00000000ff2a0000)
  eden space 5504K,  95% used [0x00000000fec00000, 0x00000000ff124008, 0x00000000ff160000)
  from space 640K,   1% used [0x00000000ff200000, 0x00000000ff2022e0, 0x00000000ff2a0000)
  to   space 640K,   0% used [0x00000000ff160000, 0x00000000ff160000, 0x00000000ff200000)
 concurrent mark-sweep generation total 13696K, used 6991K [0x00000000ff2a0000, 0x0000000100000000, 0x0000000100000000)
 Metaspace       used 4490K, capacity 4786K, committed 4992K, reserved 1056768K
  class space    used 495K, capacity 533K, committed 640K, reserved 1048576K
2024-07-16T17:58:53.155+0800: 0.299: [GC (Allocation Failure) 2024-07-16T17:58:53.155+0800: 0.299: [ParNew: 5272K->6K(6144K), 0.0003631 secs] 12264K->8022K(19840K), 0.0004082 secs] [Times: user=0.00 sys=0.00, real=0.00 secs] 
Heap after GC invocations=24 (full 3):
 par new generation   total 6144K, used 6K [0x00000000fec00000, 0x00000000ff2a0000, 0x00000000ff2a0000)
  eden space 5504K,   0% used [0x00000000fec00000, 0x00000000fec00000, 0x00000000ff160000)
  from space 640K,   1% used [0x00000000ff160000, 0x00000000ff161ad0, 0x00000000ff200000)
  to   space 640K,   0% used [0x00000000ff200000, 0x00000000ff200000, 0x00000000ff2a0000)
 concurrent mark-sweep generation total 13696K, used 8015K [0x00000000ff2a0000, 0x0000000100000000, 0x0000000100000000)
 Metaspace       used 4490K, capacity 4786K, committed 4992K, reserved 1056768K
  class space    used 495K, capacity 533K, committed 640K, reserved 1048576K
}
{Heap before GC invocations=24 (full 3):
 par new generation   total 6144K, used 5234K [0x00000000fec00000, 0x00000000ff2a0000, 0x00000000ff2a0000)
  eden space 5504K,  94% used [0x00000000fec00000, 0x00000000ff11af98, 0x00000000ff160000)
  from space 640K,   1% used [0x00000000ff160000, 0x00000000ff161ad0, 0x00000000ff200000)
  to   space 640K,   0% used [0x00000000ff200000, 0x00000000ff200000, 0x00000000ff2a0000)
 concurrent mark-sweep generation total 13696K, used 8015K [0x00000000ff2a0000, 0x0000000100000000, 0x0000000100000000)
 Metaspace       used 4490K, capacity 4786K, committed 4992K, reserved 1056768K
  class space    used 495K, capacity 533K, committed 640K, reserved 1048576K
2024-07-16T17:58:53.163+0800: 0.307: [GC (Allocation Failure) 2024-07-16T17:58:53.163+0800: 0.307: [ParNew: 5234K->8K(6144K), 0.0003699 secs] 13250K->9050K(19840K), 0.0004148 secs] [Times: user=0.00 sys=0.00, real=0.00 secs] 
Heap after GC invocations=25 (full 3):
 par new generation   total 6144K, used 8K [0x00000000fec00000, 0x00000000ff2a0000, 0x00000000ff2a0000)
  eden space 5504K,   0% used [0x00000000fec00000, 0x00000000fec00000, 0x00000000ff160000)
  from space 640K,   1% used [0x00000000ff200000, 0x00000000ff202040, 0x00000000ff2a0000)
  to   space 640K,   0% used [0x00000000ff160000, 0x00000000ff160000, 0x00000000ff200000)
 concurrent mark-sweep generation total 13696K, used 9042K [0x00000000ff2a0000, 0x0000000100000000, 0x0000000100000000)
 Metaspace       used 4490K, capacity 4786K, committed 4992K, reserved 1056768K
  class space    used 495K, capacity 533K, committed 640K, reserved 1048576K
}
2024-07-16T17:58:53.163+0800: 0.308: [GC (CMS Initial Mark) [1 CMS-initial-mark: 9042K(13696K)] 10074K(19840K), 0.0001162 secs] [Times: user=0.00 sys=0.00, real=0.00 secs] 
2024-07-16T17:58:53.163+0800: 0.308: [CMS-concurrent-mark-start]
2024-07-16T17:58:53.164+0800: 0.309: [CMS-concurrent-mark: 0.001/0.001 secs] [Times: user=0.00 sys=0.00, real=0.00 secs] 
2024-07-16T17:58:53.164+0800: 0.309: [CMS-concurrent-preclean-start]
2024-07-16T17:58:53.164+0800: 0.309: [CMS-concurrent-preclean: 0.000/0.000 secs] [Times: user=0.00 sys=0.00, real=0.00 secs] 
2024-07-16T17:58:53.164+0800: 0.309: [CMS-concurrent-abortable-preclean-start]
{Heap before GC invocations=25 (full 4):
 par new generation   total 6144K, used 5236K [0x00000000fec00000, 0x00000000ff2a0000, 0x00000000ff2a0000)
  eden space 5504K,  94% used [0x00000000fec00000, 0x00000000ff11aff8, 0x00000000ff160000)
  from space 640K,   1% used [0x00000000ff200000, 0x00000000ff202040, 0x00000000ff2a0000)
  to   space 640K,   0% used [0x00000000ff160000, 0x00000000ff160000, 0x00000000ff200000)
 concurrent mark-sweep generation total 13696K, used 9042K [0x00000000ff2a0000, 0x0000000100000000, 0x0000000100000000)
 Metaspace       used 4490K, capacity 4786K, committed 4992K, reserved 1056768K
  class space    used 495K, capacity 533K, committed 640K, reserved 1048576K
2024-07-16T17:58:53.170+0800: 0.314: [GC (Allocation Failure) 2024-07-16T17:58:53.170+0800: 0.314: [ParNew: 5236K->8K(6144K), 0.0003589 secs] 14278K->10076K(19840K), 0.0004068 secs] [Times: user=0.00 sys=0.00, real=0.00 secs] 
Heap after GC invocations=26 (full 4):
 par new generation   total 6144K, used 8K [0x00000000fec00000, 0x00000000ff2a0000, 0x00000000ff2a0000)
  eden space 5504K,   0% used [0x00000000fec00000, 0x00000000fec00000, 0x00000000ff160000)
  from space 640K,   1% used [0x00000000ff160000, 0x00000000ff1622e0, 0x00000000ff200000)
  to   space 640K,   0% used [0x00000000ff200000, 0x00000000ff200000, 0x00000000ff2a0000)
 concurrent mark-sweep generation total 13696K, used 10068K [0x00000000ff2a0000, 0x0000000100000000, 0x0000000100000000)
 Metaspace       used 4490K, capacity 4786K, committed 4992K, reserved 1056768K
  class space    used 495K, capacity 533K, committed 640K, reserved 1048576K
}
{Heap before GC invocations=26 (full 4):
 par new generation   total 6144K, used 5236K [0x00000000fec00000, 0x00000000ff2a0000, 0x00000000ff2a0000)
  eden space 5504K,  94% used [0x00000000fec00000, 0x00000000ff11b078, 0x00000000ff160000)
  from space 640K,   1% used [0x00000000ff160000, 0x00000000ff1622e0, 0x00000000ff200000)
  to   space 640K,   0% used [0x00000000ff200000, 0x00000000ff200000, 0x00000000ff2a0000)
 concurrent mark-sweep generation total 13696K, used 10068K [0x00000000ff2a0000, 0x0000000100000000, 0x0000000100000000)
 Metaspace       used 4491K, capacity 4786K, committed 4992K, reserved 1056768K
  class space    used 495K, capacity 533K, committed 640K, reserved 1048576K
2024-07-16T17:58:53.178+0800: 0.322: [GC (Allocation Failure) 2024-07-16T17:58:53.178+0800: 0.322: [ParNew: 5236K->8K(6144K), 0.0004958 secs] 15304K->12124K(19840K), 0.0005356 secs] [Times: user=0.00 sys=0.00, real=0.00 secs] 
Heap after GC invocations=27 (full 4):
 par new generation   total 6144K, used 8K [0x00000000fec00000, 0x00000000ff2a0000, 0x00000000ff2a0000)
  eden space 5504K,   0% used [0x00000000fec00000, 0x00000000fec00000, 0x00000000ff160000)
  from space 640K,   1% used [0x00000000ff200000, 0x00000000ff2022e0, 0x00000000ff2a0000)
  to   space 640K,   0% used [0x00000000ff160000, 0x00000000ff160000, 0x00000000ff200000)
 concurrent mark-sweep generation total 13696K, used 12116K [0x00000000ff2a0000, 0x0000000100000000, 0x0000000100000000)
 Metaspace       used 4491K, capacity 4786K, committed 4992K, reserved 1056768K
  class space    used 495K, capacity 533K, committed 640K, reserved 1048576K
}
{Heap before GC invocations=27 (full 4):
 par new generation   total 6144K, used 5236K [0x00000000fec00000, 0x00000000ff2a0000, 0x00000000ff2a0000)
  eden space 5504K,  94% used [0x00000000fec00000, 0x00000000ff11b080, 0x00000000ff160000)
  from space 640K,   1% used [0x00000000ff200000, 0x00000000ff2022e0, 0x00000000ff2a0000)
  to   space 640K,   0% used [0x00000000ff160000, 0x00000000ff160000, 0x00000000ff200000)
 concurrent mark-sweep generation total 13696K, used 12116K [0x00000000ff2a0000, 0x0000000100000000, 0x0000000100000000)
 Metaspace       used 4491K, capacity 4786K, committed 4992K, reserved 1056768K
  class space    used 495K, capacity 533K, committed 640K, reserved 1048576K
2024-07-16T17:58:53.185+0800: 0.329: [GC (Allocation Failure) 2024-07-16T17:58:53.185+0800: 0.329: [ParNew: 5236K->5236K(6144K), 0.0000148 secs]2024-07-16T17:58:53.185+0800: 0.329: [CMS2024-07-16T17:58:53.185+0800: 0.329: [CMS-concurrent-abortable-preclean: 0.000/0.020 secs] [Times: user=0.00 sys=0.00, real=0.02 secs] 
 (concurrent mode failure): 12116K->1868K(13696K), 0.0019427 secs] 17352K->1868K(19840K), [Metaspace: 4491K->4491K(1056768K)], 0.0020114 secs] [Times: user=0.00 sys=0.00, real=0.00 secs] 
Heap after GC invocations=28 (full 5):
 par new generation   total 6144K, used 0K [0x00000000fec00000, 0x00000000ff2a0000, 0x00000000ff2a0000)
  eden space 5504K,   0% used [0x00000000fec00000, 0x00000000fec00000, 0x00000000ff160000)
  from space 640K,   0% used [0x00000000ff200000, 0x00000000ff200000, 0x00000000ff2a0000)
  to   space 640K,   0% used [0x00000000ff160000, 0x00000000ff160000, 0x00000000ff200000)
 concurrent mark-sweep generation total 13696K, used 1868K [0x00000000ff2a0000, 0x0000000100000000, 0x0000000100000000)
 Metaspace       used 4491K, capacity 4786K, committed 4992K, reserved 1056768K
  class space    used 495K, capacity 533K, committed 640K, reserved 1048576K
}
{Heap before GC invocations=28 (full 5):
 par new generation   total 6144K, used 5228K [0x00000000fec00000, 0x00000000ff2a0000, 0x00000000ff2a0000)
  eden space 5504K,  94% used [0x00000000fec00000, 0x00000000ff11b098, 0x00000000ff160000)
  from space 640K,   0% used [0x00000000ff200000, 0x00000000ff200000, 0x00000000ff2a0000)
  to   space 640K,   0% used [0x00000000ff160000, 0x00000000ff160000, 0x00000000ff200000)
 concurrent mark-sweep generation total 13696K, used 1868K [0x00000000ff2a0000, 0x0000000100000000, 0x0000000100000000)
 Metaspace       used 4491K, capacity 4786K, committed 4992K, reserved 1056768K
  class space    used 495K, capacity 533K, committed 640K, reserved 1048576K
2024-07-16T17:58:53.194+0800: 0.338: [GC (Allocation Failure) 2024-07-16T17:58:53.194+0800: 0.338: [ParNew: 5228K->6K(6144K), 0.0003573 secs] 7096K->2900K(19840K), 0.0004120 secs] [Times: user=0.00 sys=0.00, real=0.00 secs] 
Heap after GC invocations=29 (full 5):
 par new generation   total 6144K, used 6K [0x00000000fec00000, 0x00000000ff2a0000, 0x00000000ff2a0000)
  eden space 5504K,   0% used [0x00000000fec00000, 0x00000000fec00000, 0x00000000ff160000)
  from space 640K,   0% used [0x00000000ff160000, 0x00000000ff161830, 0x00000000ff200000)
  to   space 640K,   0% used [0x00000000ff200000, 0x00000000ff200000, 0x00000000ff2a0000)
 concurrent mark-sweep generation total 13696K, used 2894K [0x00000000ff2a0000, 0x0000000100000000, 0x0000000100000000)
 Metaspace       used 4491K, capacity 4786K, committed 4992K, reserved 1056768K
  class space    used 495K, capacity 533K, committed 640K, reserved 1048576K
}
{Heap before GC invocations=29 (full 5):
 par new generation   total 6144K, used 5234K [0x00000000fec00000, 0x00000000ff2a0000, 0x00000000ff2a0000)
  eden space 5504K,  94% used [0x00000000fec00000, 0x00000000ff11b148, 0x00000000ff160000)
  from space 640K,   0% used [0x00000000ff160000, 0x00000000ff161830, 0x00000000ff200000)
  to   space 640K,   0% used [0x00000000ff200000, 0x00000000ff200000, 0x00000000ff2a0000)
 concurrent mark-sweep generation total 13696K, used 2894K [0x00000000ff2a0000, 0x0000000100000000, 0x0000000100000000)
 Metaspace       used 4491K, capacity 4786K, committed 4992K, reserved 1056768K
  class space    used 495K, capacity 533K, committed 640K, reserved 1048576K
2024-07-16T17:58:53.204+0800: 0.348: [GC (Allocation Failure) 2024-07-16T17:58:53.204+0800: 0.348: [ParNew: 5234K->4K(6144K), 0.0002921 secs] 8128K->2898K(19840K), 0.0003418 secs] [Times: user=0.00 sys=0.00, real=0.00 secs] 
Heap after GC invocations=30 (full 5):
 par new generation   total 6144K, used 4K [0x00000000fec00000, 0x00000000ff2a0000, 0x00000000ff2a0000)
  eden space 5504K,   0% used [0x00000000fec00000, 0x00000000fec00000, 0x00000000ff160000)
  from space 640K,   0% used [0x00000000ff200000, 0x00000000ff201020, 0x00000000ff2a0000)
  to   space 640K,   0% used [0x00000000ff160000, 0x00000000ff160000, 0x00000000ff200000)
 concurrent mark-sweep generation total 13696K, used 2894K [0x00000000ff2a0000, 0x0000000100000000, 0x0000000100000000)
 Metaspace       used 4491K, capacity 4786K, committed 4992K, reserved 1056768K
  class space    used 495K, capacity 533K, committed 640K, reserved 1048576K
}
{Heap before GC invocations=30 (full 5):
 par new generation   total 6144K, used 5232K [0x00000000fec00000, 0x00000000ff2a0000, 0x00000000ff2a0000)
  eden space 5504K,  94% used [0x00000000fec00000, 0x00000000ff11b070, 0x00000000ff160000)
  from space 640K,   0% used [0x00000000ff200000, 0x00000000ff201020, 0x00000000ff2a0000)
  to   space 640K,   0% used [0x00000000ff160000, 0x00000000ff160000, 0x00000000ff200000)
 concurrent mark-sweep generation total 13696K, used 2894K [0x00000000ff2a0000, 0x0000000100000000, 0x0000000100000000)
 Metaspace       used 4492K, capacity 4786K, committed 4992K, reserved 1056768K
  class space    used 495K, capacity 533K, committed 640K, reserved 1048576K
2024-07-16T17:58:53.211+0800: 0.355: [GC (Allocation Failure) 2024-07-16T17:58:53.211+0800: 0.355: [ParNew: 5232K->8K(6144K), 0.0004267 secs] 8126K->3928K(19840K), 0.0004853 secs] [Times: user=0.00 sys=0.00, real=0.00 secs] 
Heap after GC invocations=31 (full 5):
 par new generation   total 6144K, used 8K [0x00000000fec00000, 0x00000000ff2a0000, 0x00000000ff2a0000)
  eden space 5504K,   0% used [0x00000000fec00000, 0x00000000fec00000, 0x00000000ff160000)
  from space 640K,   1% used [0x00000000ff160000, 0x00000000ff162040, 0x00000000ff200000)
  to   space 640K,   0% used [0x00000000ff200000, 0x00000000ff200000, 0x00000000ff2a0000)
 concurrent mark-sweep generation total 13696K, used 3920K [0x00000000ff2a0000, 0x0000000100000000, 0x0000000100000000)
 Metaspace       used 4492K, capacity 4786K, committed 4992K, reserved 1056768K
  class space    used 495K, capacity 533K, committed 640K, reserved 1048576K
}
{Heap before GC invocations=31 (full 5):
 par new generation   total 6144K, used 5236K [0x00000000fec00000, 0x00000000ff2a0000, 0x00000000ff2a0000)
  eden space 5504K,  94% used [0x00000000fec00000, 0x00000000ff11b0d8, 0x00000000ff160000)
  from space 640K,   1% used [0x00000000ff160000, 0x00000000ff162040, 0x00000000ff200000)
  to   space 640K,   0% used [0x00000000ff200000, 0x00000000ff200000, 0x00000000ff2a0000)
 concurrent mark-sweep generation total 13696K, used 3920K [0x00000000ff2a0000, 0x0000000100000000, 0x0000000100000000)
 Metaspace       used 4492K, capacity 4786K, committed 4992K, reserved 1056768K
  class space    used 495K, capacity 533K, committed 640K, reserved 1048576K
2024-07-16T17:58:53.218+0800: 0.362: [GC (Allocation Failure) 2024-07-16T17:58:53.218+0800: 0.362: [ParNew: 5236K->4K(6144K), 0.0003754 secs] 9156K->4950K(19840K), 0.0004191 secs] [Times: user=0.00 sys=0.00, real=0.00 secs] 
Heap after GC invocations=32 (full 5):
 par new generation   total 6144K, used 4K [0x00000000fec00000, 0x00000000ff2a0000, 0x00000000ff2a0000)
  eden space 5504K,   0% used [0x00000000fec00000, 0x00000000fec00000, 0x00000000ff160000)
  from space 640K,   0% used [0x00000000ff200000, 0x00000000ff201020, 0x00000000ff2a0000)
  to   space 640K,   0% used [0x00000000ff160000, 0x00000000ff160000, 0x00000000ff200000)
 concurrent mark-sweep generation total 13696K, used 4946K [0x00000000ff2a0000, 0x0000000100000000, 0x0000000100000000)
 Metaspace       used 4492K, capacity 4786K, committed 4992K, reserved 1056768K
  class space    used 495K, capacity 533K, committed 640K, reserved 1048576K
}
{Heap before GC invocations=32 (full 5):
 par new generation   total 6144K, used 5232K [0x00000000fec00000, 0x00000000ff2a0000, 0x00000000ff2a0000)
  eden space 5504K,  94% used [0x00000000fec00000, 0x00000000ff11b0c0, 0x00000000ff160000)
  from space 640K,   0% used [0x00000000ff200000, 0x00000000ff201020, 0x00000000ff2a0000)
  to   space 640K,   0% used [0x00000000ff160000, 0x00000000ff160000, 0x00000000ff200000)
 concurrent mark-sweep generation total 13696K, used 4946K [0x00000000ff2a0000, 0x0000000100000000, 0x0000000100000000)
 Metaspace       used 4492K, capacity 4786K, committed 4992K, reserved 1056768K
  class space    used 495K, capacity 533K, committed 640K, reserved 1048576K
2024-07-16T17:58:53.225+0800: 0.369: [GC (Allocation Failure) 2024-07-16T17:58:53.225+0800: 0.369: [ParNew: 5232K->6K(6144K), 0.0005608 secs] 10178K->7002K(19840K), 0.0006136 secs] [Times: user=0.00 sys=0.00, real=0.00 secs] 
Heap after GC invocations=33 (full 5):
 par new generation   total 6144K, used 6K [0x00000000fec00000, 0x00000000ff2a0000, 0x00000000ff2a0000)
  eden space 5504K,   0% used [0x00000000fec00000, 0x00000000fec00000, 0x00000000ff160000)
  from space 640K,   0% used [0x00000000ff160000, 0x00000000ff161830, 0x00000000ff200000)
  to   space 640K,   0% used [0x00000000ff200000, 0x00000000ff200000, 0x00000000ff2a0000)
 concurrent mark-sweep generation total 13696K, used 6996K [0x00000000ff2a0000, 0x0000000100000000, 0x0000000100000000)
 Metaspace       used 4492K, capacity 4786K, committed 4992K, reserved 1056768K
  class space    used 495K, capacity 533K, committed 640K, reserved 1048576K
}
{Heap before GC invocations=33 (full 5):
 par new generation   total 6144K, used 5234K [0x00000000fec00000, 0x00000000ff2a0000, 0x00000000ff2a0000)
  eden space 5504K,  94% used [0x00000000fec00000, 0x00000000ff11b0c0, 0x00000000ff160000)
  from space 640K,   0% used [0x00000000ff160000, 0x00000000ff161830, 0x00000000ff200000)
  to   space 640K,   0% used [0x00000000ff200000, 0x00000000ff200000, 0x00000000ff2a0000)
 concurrent mark-sweep generation total 13696K, used 6996K [0x00000000ff2a0000, 0x0000000100000000, 0x0000000100000000)
 Metaspace       used 4493K, capacity 4786K, committed 4992K, reserved 1056768K
  class space    used 495K, capacity 533K, committed 640K, reserved 1048576K
2024-07-16T17:58:53.232+0800: 0.376: [GC (Allocation Failure) 2024-07-16T17:58:53.232+0800: 0.376: [ParNew: 5234K->7K(6144K), 0.0003815 secs] 12230K->8029K(19840K), 0.0004355 secs] [Times: user=0.00 sys=0.00, real=0.00 secs] 
Heap after GC invocations=34 (full 5):
 par new generation   total 6144K, used 7K [0x00000000fec00000, 0x00000000ff2a0000, 0x00000000ff2a0000)
  eden space 5504K,   0% used [0x00000000fec00000, 0x00000000fec00000, 0x00000000ff160000)
  from space 640K,   1% used [0x00000000ff200000, 0x00000000ff201c10, 0x00000000ff2a0000)
  to   space 640K,   0% used [0x00000000ff160000, 0x00000000ff160000, 0x00000000ff200000)
 concurrent mark-sweep generation total 13696K, used 8022K [0x00000000ff2a0000, 0x0000000100000000, 0x0000000100000000)
 Metaspace       used 4493K, capacity 4786K, committed 4992K, reserved 1056768K
  class space    used 495K, capacity 533K, committed 640K, reserved 1048576K
}
{Heap before GC invocations=34 (full 5):
 par new generation   total 6144K, used 5235K [0x00000000fec00000, 0x00000000ff2a0000, 0x00000000ff2a0000)
  eden space 5504K,  94% used [0x00000000fec00000, 0x00000000ff11b0c8, 0x00000000ff160000)
  from space 640K,   1% used [0x00000000ff200000, 0x00000000ff201c10, 0x00000000ff2a0000)
  to   space 640K,   0% used [0x00000000ff160000, 0x00000000ff160000, 0x00000000ff200000)
 concurrent mark-sweep generation total 13696K, used 8022K [0x00000000ff2a0000, 0x0000000100000000, 0x0000000100000000)
 Metaspace       used 4493K, capacity 4786K, committed 4992K, reserved 1056768K
  class space    used 495K, capacity 533K, committed 640K, reserved 1048576K
2024-07-16T17:58:53.239+0800: 0.383: [GC (Allocation Failure) 2024-07-16T17:58:53.239+0800: 0.383: [ParNew: 5235K->7K(6144K), 0.0003475 secs] 13257K->9053K(19840K), 0.0003797 secs] [Times: user=0.00 sys=0.00, real=0.00 secs] 
Heap after GC invocations=35 (full 5):
 par new generation   total 6144K, used 7K [0x00000000fec00000, 0x00000000ff2a0000, 0x00000000ff2a0000)
  eden space 5504K,   0% used [0x00000000fec00000, 0x00000000fec00000, 0x00000000ff160000)
  from space 640K,   1% used [0x00000000ff160000, 0x00000000ff161c10, 0x00000000ff200000)
  to   space 640K,   0% used [0x00000000ff200000, 0x00000000ff200000, 0x00000000ff2a0000)
 concurrent mark-sweep generation total 13696K, used 9046K [0x00000000ff2a0000, 0x0000000100000000, 0x0000000100000000)
 Metaspace       used 4493K, capacity 4786K, committed 4992K, reserved 1056768K
  class space    used 495K, capacity 533K, committed 640K, reserved 1048576K
}
2024-07-16T17:58:53.239+0800: 0.384: [GC (CMS Initial Mark) [1 CMS-initial-mark: 9046K(13696K)] 10077K(19840K), 0.0001181 secs] [Times: user=0.00 sys=0.00, real=0.00 secs] 
2024-07-16T17:58:53.239+0800: 0.384: [CMS-concurrent-mark-start]
2024-07-16T17:58:53.240+0800: 0.385: [CMS-concurrent-mark: 0.001/0.001 secs] [Times: user=0.00 sys=0.00, real=0.00 secs] 
2024-07-16T17:58:53.240+0800: 0.385: [CMS-concurrent-preclean-start]
2024-07-16T17:58:53.240+0800: 0.385: [CMS-concurrent-preclean: 0.000/0.000 secs] [Times: user=0.00 sys=0.00, real=0.00 secs] 
2024-07-16T17:58:53.240+0800: 0.385: [CMS-concurrent-abortable-preclean-start]
{Heap before GC invocations=35 (full 6):
 par new generation   total 6144K, used 5235K [0x00000000fec00000, 0x00000000ff2a0000, 0x00000000ff2a0000)
  eden space 5504K,  94% used [0x00000000fec00000, 0x00000000ff11b0b0, 0x00000000ff160000)
  from space 640K,   1% used [0x00000000ff160000, 0x00000000ff161c10, 0x00000000ff200000)
  to   space 640K,   0% used [0x00000000ff200000, 0x00000000ff200000, 0x00000000ff2a0000)
 concurrent mark-sweep generation total 13696K, used 9046K [0x00000000ff2a0000, 0x0000000100000000, 0x0000000100000000)
 Metaspace       used 4493K, capacity 4786K, committed 4992K, reserved 1056768K
  class space    used 495K, capacity 533K, committed 640K, reserved 1048576K
2024-07-16T17:58:53.246+0800: 0.390: [GC (Allocation Failure) 2024-07-16T17:58:53.246+0800: 0.390: [ParNew: 5235K->7K(6144K), 0.0003674 secs] 14281K->10077K(19840K), 0.0004084 secs] [Times: user=0.00 sys=0.00, real=0.00 secs] 
Heap after GC invocations=36 (full 6):
 par new generation   total 6144K, used 7K [0x00000000fec00000, 0x00000000ff2a0000, 0x00000000ff2a0000)
  eden space 5504K,   0% used [0x00000000fec00000, 0x00000000fec00000, 0x00000000ff160000)
  from space 640K,   1% used [0x00000000ff200000, 0x00000000ff201c10, 0x00000000ff2a0000)
  to   space 640K,   0% used [0x00000000ff160000, 0x00000000ff160000, 0x00000000ff200000)
 concurrent mark-sweep generation total 13696K, used 10070K [0x00000000ff2a0000, 0x0000000100000000, 0x0000000100000000)
 Metaspace       used 4493K, capacity 4786K, committed 4992K, reserved 1056768K
  class space    used 495K, capacity 533K, committed 640K, reserved 1048576K
}
{Heap before GC invocations=36 (full 6):
 par new generation   total 6144K, used 5235K [0x00000000fec00000, 0x00000000ff2a0000, 0x00000000ff2a0000)
  eden space 5504K,  94% used [0x00000000fec00000, 0x00000000ff11b0e8, 0x00000000ff160000)
  from space 640K,   1% used [0x00000000ff200000, 0x00000000ff201c10, 0x00000000ff2a0000)
  to   space 640K,   0% used [0x00000000ff160000, 0x00000000ff160000, 0x00000000ff200000)
 concurrent mark-sweep generation total 13696K, used 10070K [0x00000000ff2a0000, 0x0000000100000000, 0x0000000100000000)
 Metaspace       used 4493K, capacity 4786K, committed 4992K, reserved 1056768K
  class space    used 495K, capacity 533K, committed 640K, reserved 1048576K
2024-07-16T17:58:53.253+0800: 0.397: [GC (Allocation Failure) 2024-07-16T17:58:53.253+0800: 0.397: [ParNew: 5235K->8K(6144K), 0.0004385 secs] 15305K->11104K(19840K), 0.0004828 secs] [Times: user=0.00 sys=0.00, real=0.00 secs] 
Heap after GC invocations=37 (full 6):
 par new generation   total 6144K, used 8K [0x00000000fec00000, 0x00000000ff2a0000, 0x00000000ff2a0000)
  eden space 5504K,   0% used [0x00000000fec00000, 0x00000000fec00000, 0x00000000ff160000)
  from space 640K,   1% used [0x00000000ff160000, 0x00000000ff162040, 0x00000000ff200000)
  to   space 640K,   0% used [0x00000000ff200000, 0x00000000ff200000, 0x00000000ff2a0000)
 concurrent mark-sweep generation total 13696K, used 11096K [0x00000000ff2a0000, 0x0000000100000000, 0x0000000100000000)
 Metaspace       used 4493K, capacity 4786K, committed 4992K, reserved 1056768K
  class space    used 495K, capacity 533K, committed 640K, reserved 1048576K
}
{Heap before GC invocations=37 (full 6):
 par new generation   total 6144K, used 5236K [0x00000000fec00000, 0x00000000ff2a0000, 0x00000000ff2a0000)
  eden space 5504K,  94% used [0x00000000fec00000, 0x00000000ff11b0a8, 0x00000000ff160000)
  from space 640K,   1% used [0x00000000ff160000, 0x00000000ff162040, 0x00000000ff200000)
  to   space 640K,   0% used [0x00000000ff200000, 0x00000000ff200000, 0x00000000ff2a0000)
 concurrent mark-sweep generation total 13696K, used 11096K [0x00000000ff2a0000, 0x0000000100000000, 0x0000000100000000)
 Metaspace       used 4493K, capacity 4786K, committed 4992K, reserved 1056768K
  class space    used 495K, capacity 533K, committed 640K, reserved 1048576K
2024-07-16T17:58:53.260+0800: 0.404: [GC (Allocation Failure) 2024-07-16T17:58:53.260+0800: 0.404: [ParNew: 5236K->9K(6144K), 0.0004311 secs] 16332K->12131K(19840K), 0.0005075 secs] [Times: user=0.00 sys=0.00, real=0.00 secs] 
Heap after GC invocations=38 (full 6):
 par new generation   total 6144K, used 9K [0x00000000fec00000, 0x00000000ff2a0000, 0x00000000ff2a0000)
  eden space 5504K,   0% used [0x00000000fec00000, 0x00000000fec00000, 0x00000000ff160000)
  from space 640K,   1% used [0x00000000ff200000, 0x00000000ff202420, 0x00000000ff2a0000)
  to   space 640K,   0% used [0x00000000ff160000, 0x00000000ff160000, 0x00000000ff200000)
 concurrent mark-sweep generation total 13696K, used 12122K [0x00000000ff2a0000, 0x0000000100000000, 0x0000000100000000)
 Metaspace       used 4493K, capacity 4786K, committed 4992K, reserved 1056768K
  class space    used 495K, capacity 533K, committed 640K, reserved 1048576K
}
{Heap before GC invocations=38 (full 6):
 par new generation   total 6144K, used 5237K [0x00000000fec00000, 0x00000000ff2a0000, 0x00000000ff2a0000)
  eden space 5504K,  94% used [0x00000000fec00000, 0x00000000ff11b0a8, 0x00000000ff160000)
  from space 640K,   1% used [0x00000000ff200000, 0x00000000ff202420, 0x00000000ff2a0000)
  to   space 640K,   0% used [0x00000000ff160000, 0x00000000ff160000, 0x00000000ff200000)
 concurrent mark-sweep generation total 13696K, used 12122K [0x00000000ff2a0000, 0x0000000100000000, 0x0000000100000000)
 Metaspace       used 4493K, capacity 4786K, committed 4992K, reserved 1056768K
  class space    used 495K, capacity 533K, committed 640K, reserved 1048576K
2024-07-16T17:58:53.267+0800: 0.411: [GC (Allocation Failure) 2024-07-16T17:58:53.267+0800: 0.411: [ParNew: 5237K->9K(6144K), 0.0005772 secs] 17359K->13157K(19840K), 0.0006167 secs] [Times: user=0.00 sys=0.00, real=0.00 secs] 
Heap after GC invocations=39 (full 6):
 par new generation   total 6144K, used 9K [0x00000000fec00000, 0x00000000ff2a0000, 0x00000000ff2a0000)
  eden space 5504K,   0% used [0x00000000fec00000, 0x00000000fec00000, 0x00000000ff160000)
  from space 640K,   1% used [0x00000000ff160000, 0x00000000ff162420, 0x00000000ff200000)
  to   space 640K,   0% used [0x00000000ff200000, 0x00000000ff200000, 0x00000000ff2a0000)
 concurrent mark-sweep generation total 13696K, used 13148K [0x00000000ff2a0000, 0x0000000100000000, 0x0000000100000000)
 Metaspace       used 4493K, capacity 4786K, committed 4992K, reserved 1056768K
  class space    used 495K, capacity 533K, committed 640K, reserved 1048576K
}
2024-07-16T17:58:53.267+0800: 0.412: [CMS-concurrent-abortable-preclean: 0.000/0.027 secs] [Times: user=0.00 sys=0.00, real=0.03 secs] 
2024-07-16T17:58:53.267+0800: 0.412: [GC (CMS Final Remark) [YG occupancy: 1033 K (6144 K)]2024-07-16T17:58:53.267+0800: 0.412: [Rescan (parallel) , 0.0001219 secs]2024-07-16T17:58:53.267+0800: 0.412: [weak refs processing, 0.0000085 secs]2024-07-16T17:58:53.267+0800: 0.412: [class unloading, 0.0002895 secs]2024-07-16T17:58:53.268+0800: 0.412: [scrub symbol table, 0.0003100 secs]2024-07-16T17:58:53.268+0800: 0.413: [scrub string table, 0.0000677 secs][1 CMS-remark: 13148K(13696K)] 14181K(19840K), 0.0008404 secs] [Times: user=0.02 sys=0.00, real=0.00 secs] 
2024-07-16T17:58:53.268+0800: 0.413: [CMS-concurrent-sweep-start]
2024-07-16T17:58:53.268+0800: 0.413: [CMS-concurrent-sweep: 0.000/0.000 secs] [Times: user=0.00 sys=0.00, real=0.00 secs] 
2024-07-16T17:58:53.268+0800: 0.413: [CMS-concurrent-reset-start]
2024-07-16T17:58:53.268+0800: 0.413: [CMS-concurrent-reset: 0.000/0.000 secs] [Times: user=0.00 sys=0.00, real=0.00 secs] 
{Heap before GC invocations=39 (full 6):
 par new generation   total 6144K, used 5237K [0x00000000fec00000, 0x00000000ff2a0000, 0x00000000ff2a0000)
  eden space 5504K,  94% used [0x00000000fec00000, 0x00000000ff11b0e8, 0x00000000ff160000)
  from space 640K,   1% used [0x00000000ff160000, 0x00000000ff162420, 0x00000000ff200000)
  to   space 640K,   0% used [0x00000000ff200000, 0x00000000ff200000, 0x00000000ff2a0000)
 concurrent mark-sweep generation total 13696K, used 4955K [0x00000000ff2a0000, 0x0000000100000000, 0x0000000100000000)
 Metaspace       used 4495K, capacity 4786K, committed 4992K, reserved 1056768K
  class space    used 495K, capacity 533K, committed 640K, reserved 1048576K
2024-07-16T17:58:53.274+0800: 0.418: [GC (Allocation Failure) 2024-07-16T17:58:53.274+0800: 0.418: [ParNew: 5237K->6K(6144K), 0.0003911 secs] 10192K->5986K(19840K), 0.0004371 secs] [Times: user=0.00 sys=0.00, real=0.00 secs] 
Heap after GC invocations=40 (full 6):
 par new generation   total 6144K, used 6K [0x00000000fec00000, 0x00000000ff2a0000, 0x00000000ff2a0000)
  eden space 5504K,   0% used [0x00000000fec00000, 0x00000000fec00000, 0x00000000ff160000)
  from space 640K,   0% used [0x00000000ff200000, 0x00000000ff201830, 0x00000000ff2a0000)
  to   space 640K,   0% used [0x00000000ff160000, 0x00000000ff160000, 0x00000000ff200000)
 concurrent mark-sweep generation total 13696K, used 5980K [0x00000000ff2a0000, 0x0000000100000000, 0x0000000100000000)
 Metaspace       used 4495K, capacity 4786K, committed 4992K, reserved 1056768K
  class space    used 495K, capacity 533K, committed 640K, reserved 1048576K
}
{Heap before GC invocations=40 (full 6):
 par new generation   total 6144K, used 5234K [0x00000000fec00000, 0x00000000ff2a0000, 0x00000000ff2a0000)
  eden space 5504K,  94% used [0x00000000fec00000, 0x00000000ff11b0c8, 0x00000000ff160000)
  from space 640K,   0% used [0x00000000ff200000, 0x00000000ff201830, 0x00000000ff2a0000)
  to   space 640K,   0% used [0x00000000ff160000, 0x00000000ff160000, 0x00000000ff200000)
 concurrent mark-sweep generation total 13696K, used 5980K [0x00000000ff2a0000, 0x0000000100000000, 0x0000000100000000)
 Metaspace       used 4495K, capacity 4786K, committed 4992K, reserved 1056768K
  class space    used 495K, capacity 533K, committed 640K, reserved 1048576K
2024-07-16T17:58:53.281+0800: 0.425: [GC (Allocation Failure) 2024-07-16T17:58:53.281+0800: 0.425: [ParNew: 5234K->6K(6144K), 0.0003972 secs] 11214K->7012K(19840K), 0.0004501 secs] [Times: user=0.00 sys=0.00, real=0.00 secs] 
Heap after GC invocations=41 (full 6):
 par new generation   total 6144K, used 6K [0x00000000fec00000, 0x00000000ff2a0000, 0x00000000ff2a0000)
  eden space 5504K,   0% used [0x00000000fec00000, 0x00000000fec00000, 0x00000000ff160000)
  from space 640K,   0% used [0x00000000ff160000, 0x00000000ff161830, 0x00000000ff200000)
  to   space 640K,   0% used [0x00000000ff200000, 0x00000000ff200000, 0x00000000ff2a0000)
 concurrent mark-sweep generation total 13696K, used 7006K [0x00000000ff2a0000, 0x0000000100000000, 0x0000000100000000)
 Metaspace       used 4495K, capacity 4786K, committed 4992K, reserved 1056768K
  class space    used 495K, capacity 533K, committed 640K, reserved 1048576K
}
{Heap before GC invocations=41 (full 6):
 par new generation   total 6144K, used 5234K [0x00000000fec00000, 0x00000000ff2a0000, 0x00000000ff2a0000)
  eden space 5504K,  94% used [0x00000000fec00000, 0x00000000ff11b0c8, 0x00000000ff160000)
  from space 640K,   0% used [0x00000000ff160000, 0x00000000ff161830, 0x00000000ff200000)
  to   space 640K,   0% used [0x00000000ff200000, 0x00000000ff200000, 0x00000000ff2a0000)
 concurrent mark-sweep generation total 13696K, used 7006K [0x00000000ff2a0000, 0x0000000100000000, 0x0000000100000000)
 Metaspace       used 4498K, capacity 4786K, committed 4992K, reserved 1056768K
  class space    used 495K, capacity 533K, committed 640K, reserved 1048576K
2024-07-16T17:58:53.288+0800: 0.432: [GC (Allocation Failure) 2024-07-16T17:58:53.288+0800: 0.432: [ParNew: 5234K->8K(6144K), 0.0004094 secs] 12240K->8038K(19840K), 0.0004600 secs] [Times: user=0.00 sys=0.00, real=0.00 secs] 
Heap after GC invocations=42 (full 6):
 par new generation   total 6144K, used 8K [0x00000000fec00000, 0x00000000ff2a0000, 0x00000000ff2a0000)
  eden space 5504K,   0% used [0x00000000fec00000, 0x00000000fec00000, 0x00000000ff160000)
  from space 640K,   1% used [0x00000000ff200000, 0x00000000ff202040, 0x00000000ff2a0000)
  to   space 640K,   0% used [0x00000000ff160000, 0x00000000ff160000, 0x00000000ff200000)
 concurrent mark-sweep generation total 13696K, used 8030K [0x00000000ff2a0000, 0x0000000100000000, 0x0000000100000000)
 Metaspace       used 4498K, capacity 4786K, committed 4992K, reserved 1056768K
  class space    used 495K, capacity 533K, committed 640K, reserved 1048576K
}
{Heap before GC invocations=42 (full 6):
 par new generation   total 6144K, used 5236K [0x00000000fec00000, 0x00000000ff2a0000, 0x00000000ff2a0000)
  eden space 5504K,  94% used [0x00000000fec00000, 0x00000000ff11b0c8, 0x00000000ff160000)
  from space 640K,   1% used [0x00000000ff200000, 0x00000000ff202040, 0x00000000ff2a0000)
  to   space 640K,   0% used [0x00000000ff160000, 0x00000000ff160000, 0x00000000ff200000)
 concurrent mark-sweep generation total 13696K, used 8030K [0x00000000ff2a0000, 0x0000000100000000, 0x0000000100000000)
 Metaspace       used 4498K, capacity 4786K, committed 4992K, reserved 1056768K
  class space    used 495K, capacity 533K, committed 640K, reserved 1048576K
2024-07-16T17:58:53.297+0800: 0.441: [GC (Allocation Failure) 2024-07-16T17:58:53.297+0800: 0.441: [ParNew: 5236K->2K(6144K), 0.0003132 secs] 13266K->8032K(19840K), 0.0003605 secs] [Times: user=0.00 sys=0.00, real=0.00 secs] 
Heap after GC invocations=43 (full 6):
 par new generation   total 6144K, used 2K [0x00000000fec00000, 0x00000000ff2a0000, 0x00000000ff2a0000)
  eden space 5504K,   0% used [0x00000000fec00000, 0x00000000fec00000, 0x00000000ff160000)
  from space 640K,   0% used [0x00000000ff160000, 0x00000000ff160810, 0x00000000ff200000)
  to   space 640K,   0% used [0x00000000ff200000, 0x00000000ff200000, 0x00000000ff2a0000)
 concurrent mark-sweep generation total 13696K, used 8030K [0x00000000ff2a0000, 0x0000000100000000, 0x0000000100000000)
 Metaspace       used 4498K, capacity 4786K, committed 4992K, reserved 1056768K
  class space    used 495K, capacity 533K, committed 640K, reserved 1048576K
}
{Heap before GC invocations=43 (full 6):
 par new generation   total 6144K, used 5230K [0x00000000fec00000, 0x00000000ff2a0000, 0x00000000ff2a0000)
  eden space 5504K,  94% used [0x00000000fec00000, 0x00000000ff11b0a8, 0x00000000ff160000)
  from space 640K,   0% used [0x00000000ff160000, 0x00000000ff160810, 0x00000000ff200000)
  to   space 640K,   0% used [0x00000000ff200000, 0x00000000ff200000, 0x00000000ff2a0000)
 concurrent mark-sweep generation total 13696K, used 8030K [0x00000000ff2a0000, 0x0000000100000000, 0x0000000100000000)
 Metaspace       used 4498K, capacity 4786K, committed 4992K, reserved 1056768K
  class space    used 495K, capacity 533K, committed 640K, reserved 1048576K
2024-07-16T17:58:53.304+0800: 0.448: [GC (Allocation Failure) 2024-07-16T17:58:53.304+0800: 0.448: [ParNew: 5230K->6K(6144K), 0.0004213 secs] 13260K->9062K(19840K), 0.0004607 secs] [Times: user=0.00 sys=0.00, real=0.00 secs] 
Heap after GC invocations=44 (full 6):
 par new generation   total 6144K, used 6K [0x00000000fec00000, 0x00000000ff2a0000, 0x00000000ff2a0000)
  eden space 5504K,   0% used [0x00000000fec00000, 0x00000000fec00000, 0x00000000ff160000)
  from space 640K,   0% used [0x00000000ff200000, 0x00000000ff201830, 0x00000000ff2a0000)
  to   space 640K,   0% used [0x00000000ff160000, 0x00000000ff160000, 0x00000000ff200000)
 concurrent mark-sweep generation total 13696K, used 9056K [0x00000000ff2a0000, 0x0000000100000000, 0x0000000100000000)
 Metaspace       used 4498K, capacity 4786K, committed 4992K, reserved 1056768K
  class space    used 495K, capacity 533K, committed 640K, reserved 1048576K
}
2024-07-16T17:58:53.304+0800: 0.449: [GC (CMS Initial Mark) [1 CMS-initial-mark: 9056K(13696K)] 10086K(19840K), 0.0001167 secs] [Times: user=0.00 sys=0.00, real=0.00 secs] 
2024-07-16T17:58:53.304+0800: 0.449: [CMS-concurrent-mark-start]
2024-07-16T17:58:53.305+0800: 0.450: [CMS-concurrent-mark: 0.001/0.001 secs] [Times: user=0.00 sys=0.00, real=0.00 secs] 
2024-07-16T17:58:53.305+0800: 0.450: [CMS-concurrent-preclean-start]
2024-07-16T17:58:53.305+0800: 0.450: [CMS-concurrent-preclean: 0.000/0.000 secs] [Times: user=0.00 sys=0.00, real=0.00 secs] 
2024-07-16T17:58:53.305+0800: 0.450: [CMS-concurrent-abortable-preclean-start]
{Heap before GC invocations=44 (full 7):
 par new generation   total 6144K, used 5234K [0x00000000fec00000, 0x00000000ff2a0000, 0x00000000ff2a0000)
  eden space 5504K,  94% used [0x00000000fec00000, 0x00000000ff11b0a8, 0x00000000ff160000)
  from space 640K,   0% used [0x00000000ff200000, 0x00000000ff201830, 0x00000000ff2a0000)
  to   space 640K,   0% used [0x00000000ff160000, 0x00000000ff160000, 0x00000000ff200000)
 concurrent mark-sweep generation total 13696K, used 9056K [0x00000000ff2a0000, 0x0000000100000000, 0x0000000100000000)
 Metaspace       used 4498K, capacity 4786K, committed 4992K, reserved 1056768K
  class space    used 495K, capacity 533K, committed 640K, reserved 1048576K
2024-07-16T17:58:53.311+0800: 0.455: [GC (Allocation Failure) 2024-07-16T17:58:53.311+0800: 0.455: [ParNew: 5234K->4K(6144K), 0.0003950 secs] 14290K->10084K(19840K), 0.0004373 secs] [Times: user=0.00 sys=0.00, real=0.00 secs] 
Heap after GC invocations=45 (full 7):
 par new generation   total 6144K, used 4K [0x00000000fec00000, 0x00000000ff2a0000, 0x00000000ff2a0000)
  eden space 5504K,   0% used [0x00000000fec00000, 0x00000000fec00000, 0x00000000ff160000)
  from space 640K,   0% used [0x00000000ff160000, 0x00000000ff161020, 0x00000000ff200000)
  to   space 640K,   0% used [0x00000000ff200000, 0x00000000ff200000, 0x00000000ff2a0000)
 concurrent mark-sweep generation total 13696K, used 10080K [0x00000000ff2a0000, 0x0000000100000000, 0x0000000100000000)
 Metaspace       used 4498K, capacity 4786K, committed 4992K, reserved 1056768K
  class space    used 495K, capacity 533K, committed 640K, reserved 1048576K
}
{Heap before GC invocations=45 (full 7):
 par new generation   total 6144K, used 5232K [0x00000000fec00000, 0x00000000ff2a0000, 0x00000000ff2a0000)
  eden space 5504K,  94% used [0x00000000fec00000, 0x00000000ff11b0c8, 0x00000000ff160000)
  from space 640K,   0% used [0x00000000ff160000, 0x00000000ff161020, 0x00000000ff200000)
  to   space 640K,   0% used [0x00000000ff200000, 0x00000000ff200000, 0x00000000ff2a0000)
 concurrent mark-sweep generation total 13696K, used 10080K [0x00000000ff2a0000, 0x0000000100000000, 0x0000000100000000)
 Metaspace       used 4498K, capacity 4786K, committed 4992K, reserved 1056768K
  class space    used 495K, capacity 533K, committed 640K, reserved 1048576K
2024-07-16T17:58:53.317+0800: 0.461: [GC (Allocation Failure) 2024-07-16T17:58:53.317+0800: 0.461: [ParNew (promotion failed): 5232K->5234K(6144K), 0.0003154 secs]2024-07-16T17:58:53.317+0800: 0.462: [CMS2024-07-16T17:58:53.317+0800: 0.462: [CMS-concurrent-abortable-preclean: 0.000/0.012 secs] [Times: user=0.00 sys=0.00, real=0.01 secs] 
 (concurrent mode failure): 10080K->1868K(13696K), 0.0018749 secs] 15312K->1868K(19840K), [Metaspace: 4498K->4498K(1056768K)], 0.0022591 secs] [Times: user=0.00 sys=0.00, real=0.00 secs] 
Heap after GC invocations=46 (full 8):
 par new generation   total 6144K, used 0K [0x00000000fec00000, 0x00000000ff2a0000, 0x00000000ff2a0000)
  eden space 5504K,   0% used [0x00000000fec00000, 0x00000000fec00000, 0x00000000ff160000)
  from space 640K,   0% used [0x00000000ff200000, 0x00000000ff200000, 0x00000000ff2a0000)
  to   space 640K,   0% used [0x00000000ff160000, 0x00000000ff160000, 0x00000000ff200000)
 concurrent mark-sweep generation total 13696K, used 1868K [0x00000000ff2a0000, 0x0000000100000000, 0x0000000100000000)
 Metaspace       used 4498K, capacity 4786K, committed 4992K, reserved 1056768K
  class space    used 495K, capacity 533K, committed 640K, reserved 1048576K
}
{Heap before GC invocations=46 (full 8):
 par new generation   total 6144K, used 5228K [0x00000000fec00000, 0x00000000ff2a0000, 0x00000000ff2a0000)
  eden space 5504K,  94% used [0x00000000fec00000, 0x00000000ff11b0a8, 0x00000000ff160000)
  from space 640K,   0% used [0x00000000ff200000, 0x00000000ff200000, 0x00000000ff2a0000)
  to   space 640K,   0% used [0x00000000ff160000, 0x00000000ff160000, 0x00000000ff200000)
 concurrent mark-sweep generation total 13696K, used 1868K [0x00000000ff2a0000, 0x0000000100000000, 0x0000000100000000)
 Metaspace       used 4498K, capacity 4786K, committed 4992K, reserved 1056768K
  class space    used 495K, capacity 533K, committed 640K, reserved 1048576K
2024-07-16T17:58:53.326+0800: 0.470: [GC (Allocation Failure) 2024-07-16T17:58:53.326+0800: 0.470: [ParNew: 5228K->8K(6144K), 0.0003875 secs] 7096K->2902K(19840K), 0.0004368 secs] [Times: user=0.00 sys=0.00, real=0.00 secs] 
Heap after GC invocations=47 (full 8):
 par new generation   total 6144K, used 8K [0x00000000fec00000, 0x00000000ff2a0000, 0x00000000ff2a0000)
  eden space 5504K,   0% used [0x00000000fec00000, 0x00000000fec00000, 0x00000000ff160000)
  from space 640K,   1% used [0x00000000ff160000, 0x00000000ff162040, 0x00000000ff200000)
  to   space 640K,   0% used [0x00000000ff200000, 0x00000000ff200000, 0x00000000ff2a0000)
 concurrent mark-sweep generation total 13696K, used 2894K [0x00000000ff2a0000, 0x0000000100000000, 0x0000000100000000)
 Metaspace       used 4498K, capacity 4786K, committed 4992K, reserved 1056768K
  class space    used 495K, capacity 533K, committed 640K, reserved 1048576K
}
{Heap before GC invocations=47 (full 8):
 par new generation   total 6144K, used 5236K [0x00000000fec00000, 0x00000000ff2a0000, 0x00000000ff2a0000)
  eden space 5504K,  94% used [0x00000000fec00000, 0x00000000ff11b0a8, 0x00000000ff160000)
  from space 640K,   1% used [0x00000000ff160000, 0x00000000ff162040, 0x00000000ff200000)
  to   space 640K,   0% used [0x00000000ff200000, 0x00000000ff200000, 0x00000000ff2a0000)
 concurrent mark-sweep generation total 13696K, used 2894K [0x00000000ff2a0000, 0x0000000100000000, 0x0000000100000000)
 Metaspace       used 4498K, capacity 4786K, committed 4992K, reserved 1056768K
  class space    used 495K, capacity 533K, committed 640K, reserved 1048576K
2024-07-16T17:58:53.332+0800: 0.476: [GC (Allocation Failure) 2024-07-16T17:58:53.332+0800: 0.476: [ParNew: 5236K->6K(6144K), 0.0003272 secs] 8130K->3924K(19840K), 0.0003723 secs] [Times: user=0.00 sys=0.00, real=0.00 secs] 
Heap after GC invocations=48 (full 8):
 par new generation   total 6144K, used 6K [0x00000000fec00000, 0x00000000ff2a0000, 0x00000000ff2a0000)
  eden space 5504K,   0% used [0x00000000fec00000, 0x00000000fec00000, 0x00000000ff160000)
  from space 640K,   0% used [0x00000000ff200000, 0x00000000ff201830, 0x00000000ff2a0000)
  to   space 640K,   0% used [0x00000000ff160000, 0x00000000ff160000, 0x00000000ff200000)
 concurrent mark-sweep generation total 13696K, used 3918K [0x00000000ff2a0000, 0x0000000100000000, 0x0000000100000000)
 Metaspace       used 4498K, capacity 4786K, committed 4992K, reserved 1056768K
  class space    used 495K, capacity 533K, committed 640K, reserved 1048576K
}
{Heap before GC invocations=48 (full 8):
 par new generation   total 6144K, used 5234K [0x00000000fec00000, 0x00000000ff2a0000, 0x00000000ff2a0000)
  eden space 5504K,  94% used [0x00000000fec00000, 0x00000000ff11b0a8, 0x00000000ff160000)
  from space 640K,   0% used [0x00000000ff200000, 0x00000000ff201830, 0x00000000ff2a0000)
  to   space 640K,   0% used [0x00000000ff160000, 0x00000000ff160000, 0x00000000ff200000)
 concurrent mark-sweep generation total 13696K, used 3918K [0x00000000ff2a0000, 0x0000000100000000, 0x0000000100000000)
 Metaspace       used 4498K, capacity 4786K, committed 4992K, reserved 1056768K
  class space    used 495K, capacity 533K, committed 640K, reserved 1048576K
2024-07-16T17:58:53.339+0800: 0.483: [GC (Allocation Failure) 2024-07-16T17:58:53.339+0800: 0.483: [ParNew: 5234K->8K(6144K), 0.0003692 secs] 9152K->4952K(19840K), 0.0004090 secs] [Times: user=0.00 sys=0.00, real=0.00 secs] 
Heap after GC invocations=49 (full 8):
 par new generation   total 6144K, used 8K [0x00000000fec00000, 0x00000000ff2a0000, 0x00000000ff2a0000)
  eden space 5504K,   0% used [0x00000000fec00000, 0x00000000fec00000, 0x00000000ff160000)
  from space 640K,   1% used [0x00000000ff160000, 0x00000000ff162040, 0x00000000ff200000)
  to   space 640K,   0% used [0x00000000ff200000, 0x00000000ff200000, 0x00000000ff2a0000)
 concurrent mark-sweep generation total 13696K, used 4944K [0x00000000ff2a0000, 0x0000000100000000, 0x0000000100000000)
 Metaspace       used 4498K, capacity 4786K, committed 4992K, reserved 1056768K
  class space    used 495K, capacity 533K, committed 640K, reserved 1048576K
}
{Heap before GC invocations=49 (full 8):
 par new generation   total 6144K, used 5236K [0x00000000fec00000, 0x00000000ff2a0000, 0x00000000ff2a0000)
  eden space 5504K,  94% used [0x00000000fec00000, 0x00000000ff11b0a8, 0x00000000ff160000)
  from space 640K,   1% used [0x00000000ff160000, 0x00000000ff162040, 0x00000000ff200000)
  to   space 640K,   0% used [0x00000000ff200000, 0x00000000ff200000, 0x00000000ff2a0000)
 concurrent mark-sweep generation total 13696K, used 4944K [0x00000000ff2a0000, 0x0000000100000000, 0x0000000100000000)
 Metaspace       used 4499K, capacity 4786K, committed 4992K, reserved 1056768K
  class space    used 495K, capacity 533K, committed 640K, reserved 1048576K
2024-07-16T17:58:53.345+0800: 0.489: [GC (Allocation Failure) 2024-07-16T17:58:53.345+0800: 0.489: [ParNew: 5236K->7K(6144K), 0.0003855 secs] 10180K->5977K(19840K), 0.0004197 secs] [Times: user=0.00 sys=0.00, real=0.00 secs] 
Heap after GC invocations=50 (full 8):
 par new generation   total 6144K, used 7K [0x00000000fec00000, 0x00000000ff2a0000, 0x00000000ff2a0000)
  eden space 5504K,   0% used [0x00000000fec00000, 0x00000000fec00000, 0x00000000ff160000)
  from space 640K,   1% used [0x00000000ff200000, 0x00000000ff201df8, 0x00000000ff2a0000)
  to   space 640K,   0% used [0x00000000ff160000, 0x00000000ff160000, 0x00000000ff200000)
 concurrent mark-sweep generation total 13696K, used 5970K [0x00000000ff2a0000, 0x0000000100000000, 0x0000000100000000)
 Metaspace       used 4499K, capacity 4786K, committed 4992K, reserved 1056768K
  class space    used 495K, capacity 533K, committed 640K, reserved 1048576K
}
{Heap before GC invocations=50 (full 8):
 par new generation   total 6144K, used 5235K [0x00000000fec00000, 0x00000000ff2a0000, 0x00000000ff2a0000)
  eden space 5504K,  94% used [0x00000000fec00000, 0x00000000ff11b0a8, 0x00000000ff160000)
  from space 640K,   1% used [0x00000000ff200000, 0x00000000ff201df8, 0x00000000ff2a0000)
  to   space 640K,   0% used [0x00000000ff160000, 0x00000000ff160000, 0x00000000ff200000)
 concurrent mark-sweep generation total 13696K, used 5970K [0x00000000ff2a0000, 0x0000000100000000, 0x0000000100000000)
 Metaspace       used 4499K, capacity 4786K, committed 4992K, reserved 1056768K
  class space    used 495K, capacity 533K, committed 640K, reserved 1048576K
2024-07-16T17:58:53.352+0800: 0.496: [GC (Allocation Failure) 2024-07-16T17:58:53.352+0800: 0.496: [ParNew: 5235K->5K(6144K), 0.0002811 secs] 11206K->5975K(19840K), 0.0003226 secs] [Times: user=0.00 sys=0.00, real=0.00 secs] 
Heap after GC invocations=51 (full 8):
 par new generation   total 6144K, used 5K [0x00000000fec00000, 0x00000000ff2a0000, 0x00000000ff2a0000)
  eden space 5504K,   0% used [0x00000000fec00000, 0x00000000fec00000, 0x00000000ff160000)
  from space 640K,   0% used [0x00000000ff160000, 0x00000000ff1615e8, 0x00000000ff200000)
  to   space 640K,   0% used [0x00000000ff200000, 0x00000000ff200000, 0x00000000ff2a0000)
 concurrent mark-sweep generation total 13696K, used 5970K [0x00000000ff2a0000, 0x0000000100000000, 0x0000000100000000)
 Metaspace       used 4499K, capacity 4786K, committed 4992K, reserved 1056768K
  class space    used 495K, capacity 533K, committed 640K, reserved 1048576K
}
{Heap before GC invocations=51 (full 8):
 par new generation   total 6144K, used 5233K [0x00000000fec00000, 0x00000000ff2a0000, 0x00000000ff2a0000)
  eden space 5504K,  94% used [0x00000000fec00000, 0x00000000ff11b0b0, 0x00000000ff160000)
  from space 640K,   0% used [0x00000000ff160000, 0x00000000ff1615e8, 0x00000000ff200000)
  to   space 640K,   0% used [0x00000000ff200000, 0x00000000ff200000, 0x00000000ff2a0000)
 concurrent mark-sweep generation total 13696K, used 5970K [0x00000000ff2a0000, 0x0000000100000000, 0x0000000100000000)
 Metaspace       used 4504K, capacity 4790K, committed 4992K, reserved 1056768K
  class space    used 495K, capacity 533K, committed 640K, reserved 1048576K
2024-07-16T17:58:53.359+0800: 0.503: [GC (Allocation Failure) 2024-07-16T17:58:53.359+0800: 0.503: [ParNew: 5233K->7K(6144K), 0.0003825 secs] 11204K->7004K(19840K), 0.0004307 secs] [Times: user=0.00 sys=0.00, real=0.00 secs] 
Heap after GC invocations=52 (full 8):
 par new generation   total 6144K, used 7K [0x00000000fec00000, 0x00000000ff2a0000, 0x00000000ff2a0000)
  eden space 5504K,   0% used [0x00000000fec00000, 0x00000000fec00000, 0x00000000ff160000)
  from space 640K,   1% used [0x00000000ff200000, 0x00000000ff201df8, 0x00000000ff2a0000)
  to   space 640K,   0% used [0x00000000ff160000, 0x00000000ff160000, 0x00000000ff200000)
 concurrent mark-sweep generation total 13696K, used 6996K [0x00000000ff2a0000, 0x0000000100000000, 0x0000000100000000)
 Metaspace       used 4504K, capacity 4790K, committed 4992K, reserved 1056768K
  class space    used 495K, capacity 533K, committed 640K, reserved 1048576K
}
{Heap before GC invocations=52 (full 8):
 par new generation   total 6144K, used 5235K [0x00000000fec00000, 0x00000000ff2a0000, 0x00000000ff2a0000)
  eden space 5504K,  94% used [0x00000000fec00000, 0x00000000ff11b090, 0x00000000ff160000)
  from space 640K,   1% used [0x00000000ff200000, 0x00000000ff201df8, 0x00000000ff2a0000)
  to   space 640K,   0% used [0x00000000ff160000, 0x00000000ff160000, 0x00000000ff200000)
 concurrent mark-sweep generation total 13696K, used 6996K [0x00000000ff2a0000, 0x0000000100000000, 0x0000000100000000)
 Metaspace       used 4507K, capacity 4790K, committed 4992K, reserved 1056768K
  class space    used 495K, capacity 533K, committed 640K, reserved 1048576K
2024-07-16T17:58:53.365+0800: 0.509: [GC (Allocation Failure) 2024-07-16T17:58:53.365+0800: 0.509: [ParNew: 5235K->7K(6144K), 0.0004046 secs] 12232K->8030K(19840K), 0.0004416 secs] [Times: user=0.00 sys=0.00, real=0.00 secs] 
Heap after GC invocations=53 (full 8):
 par new generation   total 6144K, used 7K [0x00000000fec00000, 0x00000000ff2a0000, 0x00000000ff2a0000)
  eden space 5504K,   0% used [0x00000000fec00000, 0x00000000fec00000, 0x00000000ff160000)
  from space 640K,   1% used [0x00000000ff160000, 0x00000000ff161df8, 0x00000000ff200000)
  to   space 640K,   0% used [0x00000000ff200000, 0x00000000ff200000, 0x00000000ff2a0000)
 concurrent mark-sweep generation total 13696K, used 8022K [0x00000000ff2a0000, 0x0000000100000000, 0x0000000100000000)
 Metaspace       used 4507K, capacity 4790K, committed 4992K, reserved 1056768K
  class space    used 495K, capacity 533K, committed 640K, reserved 1048576K
}
{Heap before GC invocations=53 (full 8):
 par new generation   total 6144K, used 5235K [0x00000000fec00000, 0x00000000ff2a0000, 0x00000000ff2a0000)
  eden space 5504K,  94% used [0x00000000fec00000, 0x00000000ff11b0b0, 0x00000000ff160000)
  from space 640K,   1% used [0x00000000ff160000, 0x00000000ff161df8, 0x00000000ff200000)
  to   space 640K,   0% used [0x00000000ff200000, 0x00000000ff200000, 0x00000000ff2a0000)
 concurrent mark-sweep generation total 13696K, used 8022K [0x00000000ff2a0000, 0x0000000100000000, 0x0000000100000000)
 Metaspace       used 4507K, capacity 4790K, committed 4992K, reserved 1056768K
  class space    used 495K, capacity 533K, committed 640K, reserved 1048576K
2024-07-16T17:58:53.372+0800: 0.516: [GC (Allocation Failure) 2024-07-16T17:58:53.372+0800: 0.516: [ParNew: 5235K->9K(6144K), 0.0004975 secs] 13258K->10080K(19840K), 0.0005309 secs] [Times: user=0.00 sys=0.00, real=0.00 secs] 
Heap after GC invocations=54 (full 8):
 par new generation   total 6144K, used 9K [0x00000000fec00000, 0x00000000ff2a0000, 0x00000000ff2a0000)
  eden space 5504K,   0% used [0x00000000fec00000, 0x00000000fec00000, 0x00000000ff160000)
  from space 640K,   1% used [0x00000000ff200000, 0x00000000ff202608, 0x00000000ff2a0000)
  to   space 640K,   0% used [0x00000000ff160000, 0x00000000ff160000, 0x00000000ff200000)
 concurrent mark-sweep generation total 13696K, used 10070K [0x00000000ff2a0000, 0x0000000100000000, 0x0000000100000000)
 Metaspace       used 4507K, capacity 4790K, committed 4992K, reserved 1056768K
  class space    used 495K, capacity 533K, committed 640K, reserved 1048576K
}
2024-07-16T17:58:53.372+0800: 0.517: [GC (CMS Initial Mark) [1 CMS-initial-mark: 10070K(13696K)] 11104K(19840K), 0.0001151 secs] [Times: user=0.00 sys=0.00, real=0.00 secs] 
2024-07-16T17:58:53.372+0800: 0.517: [CMS-concurrent-mark-start]
2024-07-16T17:58:53.373+0800: 0.518: [CMS-concurrent-mark: 0.001/0.001 secs] [Times: user=0.00 sys=0.00, real=0.00 secs] 
2024-07-16T17:58:53.373+0800: 0.518: [CMS-concurrent-preclean-start]
2024-07-16T17:58:53.373+0800: 0.518: [CMS-concurrent-preclean: 0.000/0.000 secs] [Times: user=0.00 sys=0.00, real=0.00 secs] 
2024-07-16T17:58:53.373+0800: 0.518: [CMS-concurrent-abortable-preclean-start]
{Heap before GC invocations=54 (full 9):
 par new generation   total 6144K, used 5237K [0x00000000fec00000, 0x00000000ff2a0000, 0x00000000ff2a0000)
  eden space 5504K,  94% used [0x00000000fec00000, 0x00000000ff11b0a8, 0x00000000ff160000)
  from space 640K,   1% used [0x00000000ff200000, 0x00000000ff202608, 0x00000000ff2a0000)
  to   space 640K,   0% used [0x00000000ff160000, 0x00000000ff160000, 0x00000000ff200000)
 concurrent mark-sweep generation total 13696K, used 10070K [0x00000000ff2a0000, 0x0000000100000000, 0x0000000100000000)
 Metaspace       used 4507K, capacity 4790K, committed 4992K, reserved 1056768K
  class space    used 495K, capacity 533K, committed 640K, reserved 1048576K
2024-07-16T17:58:53.379+0800: 0.523: [GC (Allocation Failure) 2024-07-16T17:58:53.379+0800: 0.523: [ParNew: 5237K->6K(6144K), 0.0003639 secs] 15308K->11102K(19840K), 0.0004171 secs] [Times: user=0.00 sys=0.00, real=0.00 secs] 
Heap after GC invocations=55 (full 9):
 par new generation   total 6144K, used 6K [0x00000000fec00000, 0x00000000ff2a0000, 0x00000000ff2a0000)
  eden space 5504K,   0% used [0x00000000fec00000, 0x00000000fec00000, 0x00000000ff160000)
  from space 640K,   0% used [0x00000000ff160000, 0x00000000ff161830, 0x00000000ff200000)
  to   space 640K,   0% used [0x00000000ff200000, 0x00000000ff200000, 0x00000000ff2a0000)
 concurrent mark-sweep generation total 13696K, used 11096K [0x00000000ff2a0000, 0x0000000100000000, 0x0000000100000000)
 Metaspace       used 4507K, capacity 4790K, committed 4992K, reserved 1056768K
  class space    used 495K, capacity 533K, committed 640K, reserved 1048576K
}
{Heap before GC invocations=55 (full 9):
 par new generation   total 6144K, used 5234K [0x00000000fec00000, 0x00000000ff2a0000, 0x00000000ff2a0000)
  eden space 5504K,  94% used [0x00000000fec00000, 0x00000000ff11b0c8, 0x00000000ff160000)
  from space 640K,   0% used [0x00000000ff160000, 0x00000000ff161830, 0x00000000ff200000)
  to   space 640K,   0% used [0x00000000ff200000, 0x00000000ff200000, 0x00000000ff2a0000)
 concurrent mark-sweep generation total 13696K, used 11096K [0x00000000ff2a0000, 0x0000000100000000, 0x0000000100000000)
 Metaspace       used 4507K, capacity 4790K, committed 4992K, reserved 1056768K
  class space    used 495K, capacity 533K, committed 640K, reserved 1048576K
2024-07-16T17:58:53.386+0800: 0.530: [GC (Allocation Failure) 2024-07-16T17:58:53.386+0800: 0.530: [ParNew: 5234K->8K(6144K), 0.0003516 secs] 16330K->12130K(19840K), 0.0003898 secs] [Times: user=0.00 sys=0.00, real=0.00 secs] 
Heap after GC invocations=56 (full 9):
 par new generation   total 6144K, used 8K [0x00000000fec00000, 0x00000000ff2a0000, 0x00000000ff2a0000)
  eden space 5504K,   0% used [0x00000000fec00000, 0x00000000fec00000, 0x00000000ff160000)
  from space 640K,   1% used [0x00000000ff200000, 0x00000000ff202040, 0x00000000ff2a0000)
  to   space 640K,   0% used [0x00000000ff160000, 0x00000000ff160000, 0x00000000ff200000)
 concurrent mark-sweep generation total 13696K, used 12122K [0x00000000ff2a0000, 0x0000000100000000, 0x0000000100000000)
 Metaspace       used 4507K, capacity 4790K, committed 4992K, reserved 1056768K
  class space    used 495K, capacity 533K, committed 640K, reserved 1048576K
}
{Heap before GC invocations=56 (full 9):
 par new generation   total 6144K, used 5236K [0x00000000fec00000, 0x00000000ff2a0000, 0x00000000ff2a0000)
  eden space 5504K,  94% used [0x00000000fec00000, 0x00000000ff11b0c8, 0x00000000ff160000)
  from space 640K,   1% used [0x00000000ff200000, 0x00000000ff202040, 0x00000000ff2a0000)
  to   space 640K,   0% used [0x00000000ff160000, 0x00000000ff160000, 0x00000000ff200000)
 concurrent mark-sweep generation total 13696K, used 12122K [0x00000000ff2a0000, 0x0000000100000000, 0x0000000100000000)
 Metaspace       used 4507K, capacity 4790K, committed 4992K, reserved 1056768K
  class space    used 495K, capacity 533K, committed 640K, reserved 1048576K
2024-07-16T17:58:53.393+0800: 0.537: [GC (Allocation Failure) 2024-07-16T17:58:53.393+0800: 0.537: [ParNew: 5236K->5236K(6144K), 0.0000133 secs]2024-07-16T17:58:53.393+0800: 0.537: [CMS2024-07-16T17:58:53.393+0800: 0.537: [CMS-concurrent-abortable-preclean: 0.000/0.019 secs] [Times: user=0.00 sys=0.00, real=0.02 secs] 
 (concurrent mode failure): 12122K->1868K(13696K), 0.0018849 secs] 17358K->1868K(19840K), [Metaspace: 4507K->4507K(1056768K)], 0.0019559 secs] [Times: user=0.00 sys=0.00, real=0.00 secs] 
Heap after GC invocations=57 (full 10):
 par new generation   total 6144K, used 0K [0x00000000fec00000, 0x00000000ff2a0000, 0x00000000ff2a0000)
  eden space 5504K,   0% used [0x00000000fec00000, 0x00000000fec00000, 0x00000000ff160000)
  from space 640K,   0% used [0x00000000ff200000, 0x00000000ff200000, 0x00000000ff2a0000)
  to   space 640K,   0% used [0x00000000ff160000, 0x00000000ff160000, 0x00000000ff200000)
 concurrent mark-sweep generation total 13696K, used 1868K [0x00000000ff2a0000, 0x0000000100000000, 0x0000000100000000)
 Metaspace       used 4507K, capacity 4790K, committed 4992K, reserved 1056768K
  class space    used 495K, capacity 533K, committed 640K, reserved 1048576K
}
{Heap before GC invocations=57 (full 10):
 par new generation   total 6144K, used 5228K [0x00000000fec00000, 0x00000000ff2a0000, 0x00000000ff2a0000)
  eden space 5504K,  94% used [0x00000000fec00000, 0x00000000ff11b0c8, 0x00000000ff160000)
  from space 640K,   0% used [0x00000000ff200000, 0x00000000ff200000, 0x00000000ff2a0000)
  to   space 640K,   0% used [0x00000000ff160000, 0x00000000ff160000, 0x00000000ff200000)
 concurrent mark-sweep generation total 13696K, used 1868K [0x00000000ff2a0000, 0x0000000100000000, 0x0000000100000000)
 Metaspace       used 4507K, capacity 4790K, committed 4992K, reserved 1056768K
  class space    used 495K, capacity 533K, committed 640K, reserved 1048576K
2024-07-16T17:58:53.401+0800: 0.545: [GC (Allocation Failure) 2024-07-16T17:58:53.401+0800: 0.545: [ParNew: 5228K->8K(6144K), 0.0003641 secs] 7096K->2902K(19840K), 0.0004025 secs] [Times: user=0.00 sys=0.00, real=0.00 secs] 
Heap after GC invocations=58 (full 10):
 par new generation   total 6144K, used 8K [0x00000000fec00000, 0x00000000ff2a0000, 0x00000000ff2a0000)
  eden space 5504K,   0% used [0x00000000fec00000, 0x00000000fec00000, 0x00000000ff160000)
  from space 640K,   1% used [0x00000000ff160000, 0x00000000ff162040, 0x00000000ff200000)
  to   space 640K,   0% used [0x00000000ff200000, 0x00000000ff200000, 0x00000000ff2a0000)
 concurrent mark-sweep generation total 13696K, used 2894K [0x00000000ff2a0000, 0x0000000100000000, 0x0000000100000000)
 Metaspace       used 4507K, capacity 4790K, committed 4992K, reserved 1056768K
  class space    used 495K, capacity 533K, committed 640K, reserved 1048576K
}
{Heap before GC invocations=58 (full 10):
 par new generation   total 6144K, used 5236K [0x00000000fec00000, 0x00000000ff2a0000, 0x00000000ff2a0000)
  eden space 5504K,  94% used [0x00000000fec00000, 0x00000000ff11b0c8, 0x00000000ff160000)
  from space 640K,   1% used [0x00000000ff160000, 0x00000000ff162040, 0x00000000ff200000)
  to   space 640K,   0% used [0x00000000ff200000, 0x00000000ff200000, 0x00000000ff2a0000)
 concurrent mark-sweep generation total 13696K, used 2894K [0x00000000ff2a0000, 0x0000000100000000, 0x0000000100000000)
 Metaspace       used 4507K, capacity 4790K, committed 4992K, reserved 1056768K
  class space    used 495K, capacity 533K, committed 640K, reserved 1048576K
2024-07-16T17:58:53.409+0800: 0.553: [GC (Allocation Failure) 2024-07-16T17:58:53.409+0800: 0.553: [ParNew: 5236K->6K(6144K), 0.0003982 secs] 8131K->3926K(19840K), 0.0004712 secs] [Times: user=0.00 sys=0.00, real=0.00 secs] 
Heap after GC invocations=59 (full 10):
 par new generation   total 6144K, used 6K [0x00000000fec00000, 0x00000000ff2a0000, 0x00000000ff2a0000)
  eden space 5504K,   0% used [0x00000000fec00000, 0x00000000fec00000, 0x00000000ff160000)
  from space 640K,   0% used [0x00000000ff200000, 0x00000000ff201830, 0x00000000ff2a0000)
  to   space 640K,   0% used [0x00000000ff160000, 0x00000000ff160000, 0x00000000ff200000)
 concurrent mark-sweep generation total 13696K, used 3920K [0x00000000ff2a0000, 0x0000000100000000, 0x0000000100000000)
 Metaspace       used 4507K, capacity 4790K, committed 4992K, reserved 1056768K
  class space    used 495K, capacity 533K, committed 640K, reserved 1048576K
}
{Heap before GC invocations=59 (full 10):
 par new generation   total 6144K, used 5234K [0x00000000fec00000, 0x00000000ff2a0000, 0x00000000ff2a0000)
  eden space 5504K,  94% used [0x00000000fec00000, 0x00000000ff11b0a8, 0x00000000ff160000)
  from space 640K,   0% used [0x00000000ff200000, 0x00000000ff201830, 0x00000000ff2a0000)
  to   space 640K,   0% used [0x00000000ff160000, 0x00000000ff160000, 0x00000000ff200000)
 concurrent mark-sweep generation total 13696K, used 3920K [0x00000000ff2a0000, 0x0000000100000000, 0x0000000100000000)
 Metaspace       used 4507K, capacity 4790K, committed 4992K, reserved 1056768K
  class space    used 495K, capacity 533K, committed 640K, reserved 1048576K
2024-07-16T17:58:53.416+0800: 0.560: [GC (Allocation Failure) 2024-07-16T17:58:53.416+0800: 0.560: [ParNew: 5234K->4K(6144K), 0.0003295 secs] 9155K->3924K(19840K), 0.0003861 secs] [Times: user=0.00 sys=0.00, real=0.00 secs] 
Heap after GC invocations=60 (full 10):
 par new generation   total 6144K, used 4K [0x00000000fec00000, 0x00000000ff2a0000, 0x00000000ff2a0000)
  eden space 5504K,   0% used [0x00000000fec00000, 0x00000000fec00000, 0x00000000ff160000)
  from space 640K,   0% used [0x00000000ff160000, 0x00000000ff161020, 0x00000000ff200000)
  to   space 640K,   0% used [0x00000000ff200000, 0x00000000ff200000, 0x00000000ff2a0000)
 concurrent mark-sweep generation total 13696K, used 3920K [0x00000000ff2a0000, 0x0000000100000000, 0x0000000100000000)
 Metaspace       used 4507K, capacity 4790K, committed 4992K, reserved 1056768K
  class space    used 495K, capacity 533K, committed 640K, reserved 1048576K
}
{Heap before GC invocations=60 (full 10):
 par new generation   total 6144K, used 5232K [0x00000000fec00000, 0x00000000ff2a0000, 0x00000000ff2a0000)
  eden space 5504K,  94% used [0x00000000fec00000, 0x00000000ff11b0a8, 0x00000000ff160000)
  from space 640K,   0% used [0x00000000ff160000, 0x00000000ff161020, 0x00000000ff200000)
  to   space 640K,   0% used [0x00000000ff200000, 0x00000000ff200000, 0x00000000ff2a0000)
 concurrent mark-sweep generation total 13696K, used 3920K [0x00000000ff2a0000, 0x0000000100000000, 0x0000000100000000)
 Metaspace       used 4507K, capacity 4790K, committed 4992K, reserved 1056768K
  class space    used 495K, capacity 533K, committed 640K, reserved 1048576K
2024-07-16T17:58:53.423+0800: 0.567: [GC (Allocation Failure) 2024-07-16T17:58:53.423+0800: 0.567: [ParNew: 5232K->6K(6144K), 0.0004484 secs] 9153K->4950K(19840K), 0.0005179 secs] [Times: user=0.00 sys=0.00, real=0.00 secs] 
Heap after GC invocations=61 (full 10):
 par new generation   total 6144K, used 6K [0x00000000fec00000, 0x00000000ff2a0000, 0x00000000ff2a0000)
  eden space 5504K,   0% used [0x00000000fec00000, 0x00000000fec00000, 0x00000000ff160000)
  from space 640K,   0% used [0x00000000ff200000, 0x00000000ff201830, 0x00000000ff2a0000)
  to   space 640K,   0% used [0x00000000ff160000, 0x00000000ff160000, 0x00000000ff200000)
 concurrent mark-sweep generation total 13696K, used 4944K [0x00000000ff2a0000, 0x0000000100000000, 0x0000000100000000)
 Metaspace       used 4507K, capacity 4790K, committed 4992K, reserved 1056768K
  class space    used 495K, capacity 533K, committed 640K, reserved 1048576K
}
{Heap before GC invocations=61 (full 10):
 par new generation   total 6144K, used 5234K [0x00000000fec00000, 0x00000000ff2a0000, 0x00000000ff2a0000)
  eden space 5504K,  94% used [0x00000000fec00000, 0x00000000ff11b0c8, 0x00000000ff160000)
  from space 640K,   0% used [0x00000000ff200000, 0x00000000ff201830, 0x00000000ff2a0000)
  to   space 640K,   0% used [0x00000000ff160000, 0x00000000ff160000, 0x00000000ff200000)
 concurrent mark-sweep generation total 13696K, used 4944K [0x00000000ff2a0000, 0x0000000100000000, 0x0000000100000000)
 Metaspace       used 4507K, capacity 4790K, committed 4992K, reserved 1056768K
  class space    used 495K, capacity 533K, committed 640K, reserved 1048576K
2024-07-16T17:58:53.431+0800: 0.575: [GC (Allocation Failure) 2024-07-16T17:58:53.431+0800: 0.575: [ParNew: 5234K->8K(6144K), 0.0004004 secs] 10179K->5979K(19840K), 0.0004480 secs] [Times: user=0.00 sys=0.00, real=0.00 secs] 
Heap after GC invocations=62 (full 10):
 par new generation   total 6144K, used 8K [0x00000000fec00000, 0x00000000ff2a0000, 0x00000000ff2a0000)
  eden space 5504K,   0% used [0x00000000fec00000, 0x00000000fec00000, 0x00000000ff160000)
  from space 640K,   1% used [0x00000000ff160000, 0x00000000ff162040, 0x00000000ff200000)
  to   space 640K,   0% used [0x00000000ff200000, 0x00000000ff200000, 0x00000000ff2a0000)
 concurrent mark-sweep generation total 13696K, used 5970K [0x00000000ff2a0000, 0x0000000100000000, 0x0000000100000000)
 Metaspace       used 4507K, capacity 4790K, committed 4992K, reserved 1056768K
  class space    used 495K, capacity 533K, committed 640K, reserved 1048576K
}
{Heap before GC invocations=62 (full 10):
 par new generation   total 6144K, used 5236K [0x00000000fec00000, 0x00000000ff2a0000, 0x00000000ff2a0000)
  eden space 5504K,  94% used [0x00000000fec00000, 0x00000000ff11b0c8, 0x00000000ff160000)
  from space 640K,   1% used [0x00000000ff160000, 0x00000000ff162040, 0x00000000ff200000)
  to   space 640K,   0% used [0x00000000ff200000, 0x00000000ff200000, 0x00000000ff2a0000)
 concurrent mark-sweep generation total 13696K, used 5970K [0x00000000ff2a0000, 0x0000000100000000, 0x0000000100000000)
 Metaspace       used 4507K, capacity 4790K, committed 4992K, reserved 1056768K
  class space    used 495K, capacity 533K, committed 640K, reserved 1048576K
2024-07-16T17:58:53.439+0800: 0.583: [GC (Allocation Failure) 2024-07-16T17:58:53.439+0800: 0.583: [ParNew: 5236K->4K(6144K), 0.0004174 secs] 11207K->7001K(19840K), 0.0004641 secs] [Times: user=0.00 sys=0.00, real=0.00 secs] 
Heap after GC invocations=63 (full 10):
 par new generation   total 6144K, used 4K [0x00000000fec00000, 0x00000000ff2a0000, 0x00000000ff2a0000)
  eden space 5504K,   0% used [0x00000000fec00000, 0x00000000fec00000, 0x00000000ff160000)
  from space 640K,   0% used [0x00000000ff200000, 0x00000000ff201020, 0x00000000ff2a0000)
  to   space 640K,   0% used [0x00000000ff160000, 0x00000000ff160000, 0x00000000ff200000)
 concurrent mark-sweep generation total 13696K, used 6997K [0x00000000ff2a0000, 0x0000000100000000, 0x0000000100000000)
 Metaspace       used 4507K, capacity 4790K, committed 4992K, reserved 1056768K
  class space    used 495K, capacity 533K, committed 640K, reserved 1048576K
}
{Heap before GC invocations=63 (full 10):
 par new generation   total 6144K, used 5232K [0x00000000fec00000, 0x00000000ff2a0000, 0x00000000ff2a0000)
  eden space 5504K,  94% used [0x00000000fec00000, 0x00000000ff11b108, 0x00000000ff160000)
  from space 640K,   0% used [0x00000000ff200000, 0x00000000ff201020, 0x00000000ff2a0000)
  to   space 640K,   0% used [0x00000000ff160000, 0x00000000ff160000, 0x00000000ff200000)
 concurrent mark-sweep generation total 13696K, used 6997K [0x00000000ff2a0000, 0x0000000100000000, 0x0000000100000000)
 Metaspace       used 4507K, capacity 4790K, committed 4992K, reserved 1056768K
  class space    used 495K, capacity 533K, committed 640K, reserved 1048576K
2024-07-16T17:58:53.447+0800: 0.591: [GC (Allocation Failure) 2024-07-16T17:58:53.447+0800: 0.591: [ParNew: 5232K->6K(6144K), 0.0003760 secs] 12229K->8029K(19840K), 0.0004219 secs] [Times: user=0.00 sys=0.00, real=0.00 secs] 
Heap after GC invocations=64 (full 10):
 par new generation   total 6144K, used 6K [0x00000000fec00000, 0x00000000ff2a0000, 0x00000000ff2a0000)
  eden space 5504K,   0% used [0x00000000fec00000, 0x00000000fec00000, 0x00000000ff160000)
  from space 640K,   0% used [0x00000000ff160000, 0x00000000ff161830, 0x00000000ff200000)
  to   space 640K,   0% used [0x00000000ff200000, 0x00000000ff200000, 0x00000000ff2a0000)
 concurrent mark-sweep generation total 13696K, used 8023K [0x00000000ff2a0000, 0x0000000100000000, 0x0000000100000000)
 Metaspace       used 4507K, capacity 4790K, committed 4992K, reserved 1056768K
  class space    used 495K, capacity 533K, committed 640K, reserved 1048576K
}
{Heap before GC invocations=64 (full 10):
 par new generation   total 6144K, used 5234K [0x00000000fec00000, 0x00000000ff2a0000, 0x00000000ff2a0000)
  eden space 5504K,  94% used [0x00000000fec00000, 0x00000000ff11b0a8, 0x00000000ff160000)
  from space 640K,   0% used [0x00000000ff160000, 0x00000000ff161830, 0x00000000ff200000)
  to   space 640K,   0% used [0x00000000ff200000, 0x00000000ff200000, 0x00000000ff2a0000)
 concurrent mark-sweep generation total 13696K, used 8023K [0x00000000ff2a0000, 0x0000000100000000, 0x0000000100000000)
 Metaspace       used 4509K, capacity 4790K, committed 4992K, reserved 1056768K
  class space    used 495K, capacity 533K, committed 640K, reserved 1048576K
2024-07-16T17:58:53.455+0800: 0.599: [GC (Allocation Failure) 2024-07-16T17:58:53.455+0800: 0.599: [ParNew: 5234K->6K(6144K), 0.0003943 secs] 13257K->9055K(19840K), 0.0004366 secs] [Times: user=0.00 sys=0.00, real=0.00 secs] 
Heap after GC invocations=65 (full 10):
 par new generation   total 6144K, used 6K [0x00000000fec00000, 0x00000000ff2a0000, 0x00000000ff2a0000)
  eden space 5504K,   0% used [0x00000000fec00000, 0x00000000fec00000, 0x00000000ff160000)
  from space 640K,   0% used [0x00000000ff200000, 0x00000000ff201830, 0x00000000ff2a0000)
  to   space 640K,   0% used [0x00000000ff160000, 0x00000000ff160000, 0x00000000ff200000)
 concurrent mark-sweep generation total 13696K, used 9049K [0x00000000ff2a0000, 0x0000000100000000, 0x0000000100000000)
 Metaspace       used 4509K, capacity 4790K, committed 4992K, reserved 1056768K
  class space    used 495K, capacity 533K, committed 640K, reserved 1048576K
}
2024-07-16T17:58:53.455+0800: 0.600: [GC (CMS Initial Mark) [1 CMS-initial-mark: 9049K(13696K)] 10134K(19840K), 0.0001066 secs] [Times: user=0.00 sys=0.00, real=0.00 secs] 
2024-07-16T17:58:53.455+0800: 0.600: [CMS-concurrent-mark-start]
2024-07-16T17:58:53.456+0800: 0.601: [CMS-concurrent-mark: 0.001/0.001 secs] [Times: user=0.05 sys=0.00, real=0.00 secs] 
2024-07-16T17:58:53.456+0800: 0.601: [CMS-concurrent-preclean-start]
2024-07-16T17:58:53.456+0800: 0.601: [CMS-concurrent-preclean: 0.000/0.000 secs] [Times: user=0.00 sys=0.00, real=0.00 secs] 
2024-07-16T17:58:53.456+0800: 0.601: [GC (CMS Final Remark) [YG occupancy: 1085 K (6144 K)]2024-07-16T17:58:53.456+0800: 0.601: [Rescan (parallel) , 0.0001798 secs]2024-07-16T17:58:53.457+0800: 0.601: [weak refs processing, 0.0000094 secs]2024-07-16T17:58:53.457+0800: 0.601: [class unloading, 0.0002618 secs]2024-07-16T17:58:53.457+0800: 0.601: [scrub symbol table, 0.0002890 secs]2024-07-16T17:58:53.457+0800: 0.602: [scrub string table, 0.0000683 secs][1 CMS-remark: 9049K(13696K)] 10134K(19840K), 0.0008500 secs] [Times: user=0.00 sys=0.00, real=0.00 secs] 
2024-07-16T17:58:53.457+0800: 0.602: [CMS-concurrent-sweep-start]
2024-07-16T17:58:53.457+0800: 0.602: [CMS-concurrent-sweep: 0.000/0.000 secs] [Times: user=0.00 sys=0.00, real=0.00 secs] 
2024-07-16T17:58:53.457+0800: 0.602: [CMS-concurrent-reset-start]
2024-07-16T17:58:53.457+0800: 0.602: [CMS-concurrent-reset: 0.000/0.000 secs] [Times: user=0.00 sys=0.00, real=0.00 secs] 
{Heap before GC invocations=65 (full 11):
 par new generation   total 6144K, used 5289K [0x00000000fec00000, 0x00000000ff2a0000, 0x00000000ff2a0000)
  eden space 5504K,  95% used [0x00000000fec00000, 0x00000000ff128c30, 0x00000000ff160000)
  from space 640K,   0% used [0x00000000ff200000, 0x00000000ff201830, 0x00000000ff2a0000)
  to   space 640K,   0% used [0x00000000ff160000, 0x00000000ff160000, 0x00000000ff200000)
 concurrent mark-sweep generation total 13696K, used 856K [0x00000000ff2a0000, 0x0000000100000000, 0x0000000100000000)
 Metaspace       used 4509K, capacity 4790K, committed 4992K, reserved 1056768K
  class space    used 495K, capacity 533K, committed 640K, reserved 1048576K
2024-07-16T17:58:53.461+0800: 0.605: [GC (Allocation Failure) 2024-07-16T17:58:53.461+0800: 0.605: [ParNew: 5289K->6K(6144K), 0.0004352 secs] 6145K->1886K(19840K), 0.0004758 secs] [Times: user=0.00 sys=0.00, real=0.00 secs] 
Heap after GC invocations=66 (full 11):
 par new generation   total 6144K, used 6K [0x00000000fec00000, 0x00000000ff2a0000, 0x00000000ff2a0000)
  eden space 5504K,   0% used [0x00000000fec00000, 0x00000000fec00000, 0x00000000ff160000)
  from space 640K,   0% used [0x00000000ff160000, 0x00000000ff161830, 0x00000000ff200000)
  to   space 640K,   0% used [0x00000000ff200000, 0x00000000ff200000, 0x00000000ff2a0000)
 concurrent mark-sweep generation total 13696K, used 1880K [0x00000000ff2a0000, 0x0000000100000000, 0x0000000100000000)
 Metaspace       used 4509K, capacity 4790K, committed 4992K, reserved 1056768K
  class space    used 495K, capacity 533K, committed 640K, reserved 1048576K
}
{Heap before GC invocations=66 (full 11):
 par new generation   total 6144K, used 5269K [0x00000000fec00000, 0x00000000ff2a0000, 0x00000000ff2a0000)
  eden space 5504K,  95% used [0x00000000fec00000, 0x00000000ff123d90, 0x00000000ff160000)
  from space 640K,   0% used [0x00000000ff160000, 0x00000000ff161830, 0x00000000ff200000)
  to   space 640K,   0% used [0x00000000ff200000, 0x00000000ff200000, 0x00000000ff2a0000)
 concurrent mark-sweep generation total 13696K, used 1880K [0x00000000ff2a0000, 0x0000000100000000, 0x0000000100000000)
 Metaspace       used 4509K, capacity 4790K, committed 4992K, reserved 1056768K
  class space    used 495K, capacity 533K, committed 640K, reserved 1048576K
2024-07-16T17:58:53.469+0800: 0.613: [GC (Allocation Failure) 2024-07-16T17:58:53.469+0800: 0.613: [ParNew: 5269K->8K(6144K), 0.0004887 secs] 7150K->3938K(19840K), 0.0005250 secs] [Times: user=0.00 sys=0.00, real=0.00 secs] 
Heap after GC invocations=67 (full 11):
 par new generation   total 6144K, used 8K [0x00000000fec00000, 0x00000000ff2a0000, 0x00000000ff2a0000)
  eden space 5504K,   0% used [0x00000000fec00000, 0x00000000fec00000, 0x00000000ff160000)
  from space 640K,   1% used [0x00000000ff200000, 0x00000000ff202040, 0x00000000ff2a0000)
  to   space 640K,   0% used [0x00000000ff160000, 0x00000000ff160000, 0x00000000ff200000)
 concurrent mark-sweep generation total 13696K, used 3930K [0x00000000ff2a0000, 0x0000000100000000, 0x0000000100000000)
 Metaspace       used 4509K, capacity 4790K, committed 4992K, reserved 1056768K
  class space    used 495K, capacity 533K, committed 640K, reserved 1048576K
}
{Heap before GC invocations=67 (full 11):
 par new generation   total 6144K, used 5258K [0x00000000fec00000, 0x00000000ff2a0000, 0x00000000ff2a0000)
  eden space 5504K,  95% used [0x00000000fec00000, 0x00000000ff120b00, 0x00000000ff160000)
  from space 640K,   1% used [0x00000000ff200000, 0x00000000ff202040, 0x00000000ff2a0000)
  to   space 640K,   0% used [0x00000000ff160000, 0x00000000ff160000, 0x00000000ff200000)
 concurrent mark-sweep generation total 13696K, used 3930K [0x00000000ff2a0000, 0x0000000100000000, 0x0000000100000000)
 Metaspace       used 4509K, capacity 4790K, committed 4992K, reserved 1056768K
  class space    used 495K, capacity 533K, committed 640K, reserved 1048576K
2024-07-16T17:58:53.478+0800: 0.622: [GC (Allocation Failure) 2024-07-16T17:58:53.478+0800: 0.622: [ParNew: 5258K->4K(6144K), 0.0003050 secs] 9189K->3934K(19840K), 0.0003486 secs] [Times: user=0.00 sys=0.00, real=0.00 secs] 
Heap after GC invocations=68 (full 11):
 par new generation   total 6144K, used 4K [0x00000000fec00000, 0x00000000ff2a0000, 0x00000000ff2a0000)
  eden space 5504K,   0% used [0x00000000fec00000, 0x00000000fec00000, 0x00000000ff160000)
  from space 640K,   0% used [0x00000000ff160000, 0x00000000ff161020, 0x00000000ff200000)
  to   space 640K,   0% used [0x00000000ff200000, 0x00000000ff200000, 0x00000000ff2a0000)
 concurrent mark-sweep generation total 13696K, used 3930K [0x00000000ff2a0000, 0x0000000100000000, 0x0000000100000000)
 Metaspace       used 4509K, capacity 4790K, committed 4992K, reserved 1056768K
  class space    used 495K, capacity 533K, committed 640K, reserved 1048576K
}
{Heap before GC invocations=68 (full 11):
 par new generation   total 6144K, used 5246K [0x00000000fec00000, 0x00000000ff2a0000, 0x00000000ff2a0000)
  eden space 5504K,  95% used [0x00000000fec00000, 0x00000000ff11ea88, 0x00000000ff160000)
  from space 640K,   0% used [0x00000000ff160000, 0x00000000ff161020, 0x00000000ff200000)
  to   space 640K,   0% used [0x00000000ff200000, 0x00000000ff200000, 0x00000000ff2a0000)
 concurrent mark-sweep generation total 13696K, used 3930K [0x00000000ff2a0000, 0x0000000100000000, 0x0000000100000000)
 Metaspace       used 4509K, capacity 4790K, committed 4992K, reserved 1056768K
  class space    used 495K, capacity 533K, committed 640K, reserved 1048576K
2024-07-16T17:58:53.485+0800: 0.629: [GC (Allocation Failure) 2024-07-16T17:58:53.485+0800: 0.629: [ParNew: 5246K->8K(6144K), 0.0003910 secs] 9177K->4963K(19840K), 0.0004325 secs] [Times: user=0.00 sys=0.00, real=0.00 secs] 
Heap after GC invocations=69 (full 11):
 par new generation   total 6144K, used 8K [0x00000000fec00000, 0x00000000ff2a0000, 0x00000000ff2a0000)
  eden space 5504K,   0% used [0x00000000fec00000, 0x00000000fec00000, 0x00000000ff160000)
  from space 640K,   1% used [0x00000000ff200000, 0x00000000ff202040, 0x00000000ff2a0000)
  to   space 640K,   0% used [0x00000000ff160000, 0x00000000ff160000, 0x00000000ff200000)
 concurrent mark-sweep generation total 13696K, used 4954K [0x00000000ff2a0000, 0x0000000100000000, 0x0000000100000000)
 Metaspace       used 4509K, capacity 4790K, committed 4992K, reserved 1056768K
  class space    used 495K, capacity 533K, committed 640K, reserved 1048576K
}
{Heap before GC invocations=69 (full 11):
 par new generation   total 6144K, used 5245K [0x00000000fec00000, 0x00000000ff2a0000, 0x00000000ff2a0000)
  eden space 5504K,  95% used [0x00000000fec00000, 0x00000000ff11d5a8, 0x00000000ff160000)
  from space 640K,   1% used [0x00000000ff200000, 0x00000000ff202040, 0x00000000ff2a0000)
  to   space 640K,   0% used [0x00000000ff160000, 0x00000000ff160000, 0x00000000ff200000)
 concurrent mark-sweep generation total 13696K, used 4954K [0x00000000ff2a0000, 0x0000000100000000, 0x0000000100000000)
 Metaspace       used 4509K, capacity 4790K, committed 4992K, reserved 1056768K
  class space    used 495K, capacity 533K, committed 640K, reserved 1048576K
2024-07-16T17:58:53.491+0800: 0.635: [GC (Allocation Failure) 2024-07-16T17:58:53.491+0800: 0.635: [ParNew: 5245K->6K(6144K), 0.0003739 secs] 10200K->5985K(19840K), 0.0004164 secs] [Times: user=0.00 sys=0.00, real=0.00 secs] 
Heap after GC invocations=70 (full 11):
 par new generation   total 6144K, used 6K [0x00000000fec00000, 0x00000000ff2a0000, 0x00000000ff2a0000)
  eden space 5504K,   0% used [0x00000000fec00000, 0x00000000fec00000, 0x00000000ff160000)
  from space 640K,   0% used [0x00000000ff160000, 0x00000000ff161830, 0x00000000ff200000)
  to   space 640K,   0% used [0x00000000ff200000, 0x00000000ff200000, 0x00000000ff2a0000)
 concurrent mark-sweep generation total 13696K, used 5978K [0x00000000ff2a0000, 0x0000000100000000, 0x0000000100000000)
 Metaspace       used 4509K, capacity 4790K, committed 4992K, reserved 1056768K
  class space    used 495K, capacity 533K, committed 640K, reserved 1048576K
}
{Heap before GC invocations=70 (full 11):
 par new generation   total 6144K, used 5240K [0x00000000fec00000, 0x00000000ff2a0000, 0x00000000ff2a0000)
  eden space 5504K,  95% used [0x00000000fec00000, 0x00000000ff11c830, 0x00000000ff160000)
  from space 640K,   0% used [0x00000000ff160000, 0x00000000ff161830, 0x00000000ff200000)
  to   space 640K,   0% used [0x00000000ff200000, 0x00000000ff200000, 0x00000000ff2a0000)
 concurrent mark-sweep generation total 13696K, used 5978K [0x00000000ff2a0000, 0x0000000100000000, 0x0000000100000000)
 Metaspace       used 4509K, capacity 4790K, committed 4992K, reserved 1056768K
  class space    used 495K, capacity 533K, committed 640K, reserved 1048576K
2024-07-16T17:58:53.498+0800: 0.642: [GC (Allocation Failure) 2024-07-16T17:58:53.498+0800: 0.642: [ParNew: 5240K->6K(6144K), 0.0003909 secs] 11219K->7009K(19840K), 0.0004428 secs] [Times: user=0.00 sys=0.00, real=0.00 secs] 
Heap after GC invocations=71 (full 11):
 par new generation   total 6144K, used 6K [0x00000000fec00000, 0x00000000ff2a0000, 0x00000000ff2a0000)
  eden space 5504K,   0% used [0x00000000fec00000, 0x00000000fec00000, 0x00000000ff160000)
  from space 640K,   0% used [0x00000000ff200000, 0x00000000ff201830, 0x00000000ff2a0000)
  to   space 640K,   0% used [0x00000000ff160000, 0x00000000ff160000, 0x00000000ff200000)
 concurrent mark-sweep generation total 13696K, used 7002K [0x00000000ff2a0000, 0x0000000100000000, 0x0000000100000000)
 Metaspace       used 4509K, capacity 4790K, committed 4992K, reserved 1056768K
  class space    used 495K, capacity 533K, committed 640K, reserved 1048576K
}
{Heap before GC invocations=71 (full 11):
 par new generation   total 6144K, used 5237K [0x00000000fec00000, 0x00000000ff2a0000, 0x00000000ff2a0000)
  eden space 5504K,  95% used [0x00000000fec00000, 0x00000000ff11bf90, 0x00000000ff160000)
  from space 640K,   0% used [0x00000000ff200000, 0x00000000ff201830, 0x00000000ff2a0000)
  to   space 640K,   0% used [0x00000000ff160000, 0x00000000ff160000, 0x00000000ff200000)
 concurrent mark-sweep generation total 13696K, used 7002K [0x00000000ff2a0000, 0x0000000100000000, 0x0000000100000000)
 Metaspace       used 4509K, capacity 4790K, committed 4992K, reserved 1056768K
  class space    used 495K, capacity 533K, committed 640K, reserved 1048576K
2024-07-16T17:58:53.505+0800: 0.649: [GC (Allocation Failure) 2024-07-16T17:58:53.505+0800: 0.649: [ParNew: 5237K->2K(6144K), 0.0002873 secs] 12240K->7004K(19840K), 0.0003436 secs] [Times: user=0.00 sys=0.00, real=0.00 secs] 
Heap after GC invocations=72 (full 11):
 par new generation   total 6144K, used 2K [0x00000000fec00000, 0x00000000ff2a0000, 0x00000000ff2a0000)
  eden space 5504K,   0% used [0x00000000fec00000, 0x00000000fec00000, 0x00000000ff160000)
  from space 640K,   0% used [0x00000000ff160000, 0x00000000ff160810, 0x00000000ff200000)
  to   space 640K,   0% used [0x00000000ff200000, 0x00000000ff200000, 0x00000000ff2a0000)
 concurrent mark-sweep generation total 13696K, used 7002K [0x00000000ff2a0000, 0x0000000100000000, 0x0000000100000000)
 Metaspace       used 4509K, capacity 4790K, committed 4992K, reserved 1056768K
  class space    used 495K, capacity 533K, committed 640K, reserved 1048576K
}
{Heap before GC invocations=72 (full 11):
 par new generation   total 6144K, used 5232K [0x00000000fec00000, 0x00000000ff2a0000, 0x00000000ff2a0000)
  eden space 5504K,  95% used [0x00000000fec00000, 0x00000000ff11ba08, 0x00000000ff160000)
  from space 640K,   0% used [0x00000000ff160000, 0x00000000ff160810, 0x00000000ff200000)
  to   space 640K,   0% used [0x00000000ff200000, 0x00000000ff200000, 0x00000000ff2a0000)
 concurrent mark-sweep generation total 13696K, used 7002K [0x00000000ff2a0000, 0x0000000100000000, 0x0000000100000000)
 Metaspace       used 4509K, capacity 4790K, committed 4992K, reserved 1056768K
  class space    used 495K, capacity 533K, committed 640K, reserved 1048576K
2024-07-16T17:58:53.511+0800: 0.655: [GC (Allocation Failure) 2024-07-16T17:58:53.511+0800: 0.655: [ParNew: 5232K->6K(6144K), 0.0003619 secs] 12235K->8033K(19840K), 0.0004060 secs] [Times: user=0.00 sys=0.00, real=0.00 secs] 
Heap after GC invocations=73 (full 11):
 par new generation   total 6144K, used 6K [0x00000000fec00000, 0x00000000ff2a0000, 0x00000000ff2a0000)
  eden space 5504K,   0% used [0x00000000fec00000, 0x00000000fec00000, 0x00000000ff160000)
  from space 640K,   0% used [0x00000000ff200000, 0x00000000ff201830, 0x00000000ff2a0000)
  to   space 640K,   0% used [0x00000000ff160000, 0x00000000ff160000, 0x00000000ff200000)
 concurrent mark-sweep generation total 13696K, used 8026K [0x00000000ff2a0000, 0x0000000100000000, 0x0000000100000000)
 Metaspace       used 4509K, capacity 4790K, committed 4992K, reserved 1056768K
  class space    used 495K, capacity 533K, committed 640K, reserved 1048576K
}
{Heap before GC invocations=73 (full 11):
 par new generation   total 6144K, used 5235K [0x00000000fec00000, 0x00000000ff2a0000, 0x00000000ff2a0000)
  eden space 5504K,  95% used [0x00000000fec00000, 0x00000000ff11b780, 0x00000000ff160000)
  from space 640K,   0% used [0x00000000ff200000, 0x00000000ff201830, 0x00000000ff2a0000)
  to   space 640K,   0% used [0x00000000ff160000, 0x00000000ff160000, 0x00000000ff200000)
 concurrent mark-sweep generation total 13696K, used 8026K [0x00000000ff2a0000, 0x0000000100000000, 0x0000000100000000)
 Metaspace       used 4511K, capacity 4790K, committed 4992K, reserved 1056768K
  class space    used 495K, capacity 533K, committed 640K, reserved 1048576K
2024-07-16T17:58:53.517+0800: 0.661: [GC (Allocation Failure) 2024-07-16T17:58:53.517+0800: 0.661: [ParNew: 5235K->6K(6144K), 0.0003773 secs] 13262K->9057K(19840K), 0.0004167 secs] [Times: user=0.00 sys=0.00, real=0.00 secs] 
Heap after GC invocations=74 (full 11):
 par new generation   total 6144K, used 6K [0x00000000fec00000, 0x00000000ff2a0000, 0x00000000ff2a0000)
  eden space 5504K,   0% used [0x00000000fec00000, 0x00000000fec00000, 0x00000000ff160000)
  from space 640K,   0% used [0x00000000ff160000, 0x00000000ff161830, 0x00000000ff200000)
  to   space 640K,   0% used [0x00000000ff200000, 0x00000000ff200000, 0x00000000ff2a0000)
 concurrent mark-sweep generation total 13696K, used 9051K [0x00000000ff2a0000, 0x0000000100000000, 0x0000000100000000)
 Metaspace       used 4511K, capacity 4790K, committed 4992K, reserved 1056768K
  class space    used 495K, capacity 533K, committed 640K, reserved 1048576K
}
2024-07-16T17:58:53.517+0800: 0.662: [GC (CMS Initial Mark) [1 CMS-initial-mark: 9051K(13696K)] 10081K(19840K), 0.0001013 secs] [Times: user=0.00 sys=0.00, real=0.00 secs] 
2024-07-16T17:58:53.517+0800: 0.662: [CMS-concurrent-mark-start]
2024-07-16T17:58:53.518+0800: 0.663: [CMS-concurrent-mark: 0.001/0.001 secs] [Times: user=0.05 sys=0.00, real=0.00 secs] 
2024-07-16T17:58:53.518+0800: 0.663: [CMS-concurrent-preclean-start]
2024-07-16T17:58:53.518+0800: 0.663: [CMS-concurrent-preclean: 0.000/0.000 secs] [Times: user=0.00 sys=0.00, real=0.00 secs] 
2024-07-16T17:58:53.518+0800: 0.663: [CMS-concurrent-abortable-preclean-start]
{Heap before GC invocations=74 (full 12):
 par new generation   total 6144K, used 5238K [0x00000000fec00000, 0x00000000ff2a0000, 0x00000000ff2a0000)
  eden space 5504K,  95% used [0x00000000fec00000, 0x00000000ff11bfd8, 0x00000000ff160000)
  from space 640K,   0% used [0x00000000ff160000, 0x00000000ff161830, 0x00000000ff200000)
  to   space 640K,   0% used [0x00000000ff200000, 0x00000000ff200000, 0x00000000ff2a0000)
 concurrent mark-sweep generation total 13696K, used 9051K [0x00000000ff2a0000, 0x0000000100000000, 0x0000000100000000)
 Metaspace       used 4511K, capacity 4790K, committed 4992K, reserved 1056768K
  class space    used 495K, capacity 533K, committed 640K, reserved 1048576K
2024-07-16T17:58:53.525+0800: 0.669: [GC (Allocation Failure) 2024-07-16T17:58:53.525+0800: 0.669: [ParNew: 5238K->8K(6144K), 0.0003816 secs] 14289K->10083K(19840K), 0.0004583 secs] [Times: user=0.00 sys=0.00, real=0.00 secs] 
Heap after GC invocations=75 (full 12):
 par new generation   total 6144K, used 8K [0x00000000fec00000, 0x00000000ff2a0000, 0x00000000ff2a0000)
  eden space 5504K,   0% used [0x00000000fec00000, 0x00000000fec00000, 0x00000000ff160000)
  from space 640K,   1% used [0x00000000ff200000, 0x00000000ff2020d8, 0x00000000ff2a0000)
  to   space 640K,   0% used [0x00000000ff160000, 0x00000000ff160000, 0x00000000ff200000)
 concurrent mark-sweep generation total 13696K, used 10075K [0x00000000ff2a0000, 0x0000000100000000, 0x0000000100000000)
 Metaspace       used 4511K, capacity 4790K, committed 4992K, reserved 1056768K
  class space    used 495K, capacity 533K, committed 640K, reserved 1048576K
}
{Heap before GC invocations=75 (full 12):
 par new generation   total 6144K, used 5238K [0x00000000fec00000, 0x00000000ff2a0000, 0x00000000ff2a0000)
  eden space 5504K,  95% used [0x00000000fec00000, 0x00000000ff11baf8, 0x00000000ff160000)
  from space 640K,   1% used [0x00000000ff200000, 0x00000000ff2020d8, 0x00000000ff2a0000)
  to   space 640K,   0% used [0x00000000ff160000, 0x00000000ff160000, 0x00000000ff200000)
 concurrent mark-sweep generation total 13696K, used 10075K [0x00000000ff2a0000, 0x0000000100000000, 0x0000000100000000)
 Metaspace       used 4511K, capacity 4790K, committed 4992K, reserved 1056768K
  class space    used 495K, capacity 533K, committed 640K, reserved 1048576K
2024-07-16T17:58:53.533+0800: 0.677: [GC (Allocation Failure) 2024-07-16T17:58:53.533+0800: 0.677: [ParNew: 5238K->8K(6144K), 0.0004356 secs] 15313K->11109K(19840K), 0.0004814 secs] [Times: user=0.00 sys=0.00, real=0.00 secs] 
Heap after GC invocations=76 (full 12):
 par new generation   total 6144K, used 8K [0x00000000fec00000, 0x00000000ff2a0000, 0x00000000ff2a0000)
  eden space 5504K,   0% used [0x00000000fec00000, 0x00000000fec00000, 0x00000000ff160000)
  from space 640K,   1% used [0x00000000ff160000, 0x00000000ff1620d8, 0x00000000ff200000)
  to   space 640K,   0% used [0x00000000ff200000, 0x00000000ff200000, 0x00000000ff2a0000)
 concurrent mark-sweep generation total 13696K, used 11101K [0x00000000ff2a0000, 0x0000000100000000, 0x0000000100000000)
 Metaspace       used 4511K, capacity 4790K, committed 4992K, reserved 1056768K
  class space    used 495K, capacity 533K, committed 640K, reserved 1048576K
}
{Heap before GC invocations=76 (full 12):
 par new generation   total 6144K, used 5231K [0x00000000fec00000, 0x00000000ff2a0000, 0x00000000ff2a0000)
  eden space 5504K,  94% used [0x00000000fec00000, 0x00000000ff119bc8, 0x00000000ff160000)
  from space 640K,   1% used [0x00000000ff160000, 0x00000000ff1620d8, 0x00000000ff200000)
  to   space 640K,   0% used [0x00000000ff200000, 0x00000000ff200000, 0x00000000ff2a0000)
 concurrent mark-sweep generation total 13696K, used 11101K [0x00000000ff2a0000, 0x0000000100000000, 0x0000000100000000)
 Metaspace       used 4511K, capacity 4790K, committed 4992K, reserved 1056768K
  class space    used 495K, capacity 533K, committed 640K, reserved 1048576K
2024-07-16T17:58:53.540+0800: 0.684: [GC (Allocation Failure) 2024-07-16T17:58:53.540+0800: 0.684: [ParNew: 5231K->8K(6144K), 0.0003733 secs] 16332K->12133K(19840K), 0.0004216 secs] [Times: user=0.00 sys=0.00, real=0.00 secs] 
Heap after GC invocations=77 (full 12):
 par new generation   total 6144K, used 8K [0x00000000fec00000, 0x00000000ff2a0000, 0x00000000ff2a0000)
  eden space 5504K,   0% used [0x00000000fec00000, 0x00000000fec00000, 0x00000000ff160000)
  from space 640K,   1% used [0x00000000ff200000, 0x00000000ff2020d8, 0x00000000ff2a0000)
  to   space 640K,   0% used [0x00000000ff160000, 0x00000000ff160000, 0x00000000ff200000)
 concurrent mark-sweep generation total 13696K, used 12125K [0x00000000ff2a0000, 0x0000000100000000, 0x0000000100000000)
 Metaspace       used 4511K, capacity 4790K, committed 4992K, reserved 1056768K
  class space    used 495K, capacity 533K, committed 640K, reserved 1048576K
}
{Heap before GC invocations=77 (full 12):
 par new generation   total 6144K, used 5233K [0x00000000fec00000, 0x00000000ff2a0000, 0x00000000ff2a0000)
  eden space 5504K,  94% used [0x00000000fec00000, 0x00000000ff11a5d8, 0x00000000ff160000)
  from space 640K,   1% used [0x00000000ff200000, 0x00000000ff2020d8, 0x00000000ff2a0000)
  to   space 640K,   0% used [0x00000000ff160000, 0x00000000ff160000, 0x00000000ff200000)
 concurrent mark-sweep generation total 13696K, used 12125K [0x00000000ff2a0000, 0x0000000100000000, 0x0000000100000000)
 Metaspace       used 4526K, capacity 4794K, committed 4992K, reserved 1056768K
  class space    used 495K, capacity 533K, committed 640K, reserved 1048576K
2024-07-16T17:58:53.548+0800: 0.692: [GC (Allocation Failure) 2024-07-16T17:58:53.548+0800: 0.692: [ParNew: 5233K->6K(6144K), 0.0003105 secs] 17358K->12131K(19840K), 0.0004013 secs] [Times: user=0.00 sys=0.00, real=0.00 secs] 
Heap after GC invocations=78 (full 12):
 par new generation   total 6144K, used 6K [0x00000000fec00000, 0x00000000ff2a0000, 0x00000000ff2a0000)
  eden space 5504K,   0% used [0x00000000fec00000, 0x00000000fec00000, 0x00000000ff160000)
  from space 640K,   0% used [0x00000000ff160000, 0x00000000ff1618c8, 0x00000000ff200000)
  to   space 640K,   0% used [0x00000000ff200000, 0x00000000ff200000, 0x00000000ff2a0000)
 concurrent mark-sweep generation total 13696K, used 12125K [0x00000000ff2a0000, 0x0000000100000000, 0x0000000100000000)
 Metaspace       used 4526K, capacity 4794K, committed 4992K, reserved 1056768K
  class space    used 495K, capacity 533K, committed 640K, reserved 1048576K
}
{Heap before GC invocations=78 (full 12):
 par new generation   total 6144K, used 5233K [0x00000000fec00000, 0x00000000ff2a0000, 0x00000000ff2a0000)
  eden space 5504K,  94% used [0x00000000fec00000, 0x00000000ff11ac50, 0x00000000ff160000)
  from space 640K,   0% used [0x00000000ff160000, 0x00000000ff1618c8, 0x00000000ff200000)
  to   space 640K,   0% used [0x00000000ff200000, 0x00000000ff200000, 0x00000000ff2a0000)
 concurrent mark-sweep generation total 13696K, used 12125K [0x00000000ff2a0000, 0x0000000100000000, 0x0000000100000000)
 Metaspace       used 4526K, capacity 4794K, committed 4992K, reserved 1056768K
  class space    used 495K, capacity 533K, committed 640K, reserved 1048576K
2024-07-16T17:58:53.557+0800: 0.701: [GC (Allocation Failure) 2024-07-16T17:58:53.557+0800: 0.701: [ParNew (promotion failed): 5233K->5235K(6144K), 0.0003673 secs]2024-07-16T17:58:53.557+0800: 0.702: [CMS2024-07-16T17:58:53.557+0800: 0.702: [CMS-concurrent-abortable-preclean: 0.000/0.039 secs] [Times: user=0.00 sys=0.00, real=0.04 secs] 
 (concurrent mode failure): 12125K->2893K(13696K), 0.0020217 secs] 17358K->2893K(19840K), [Metaspace: 4526K->4526K(1056768K)], 0.0024570 secs] [Times: user=0.00 sys=0.00, real=0.00 secs] 
Heap after GC invocations=79 (full 13):
 par new generation   total 6144K, used 0K [0x00000000fec00000, 0x00000000ff2a0000, 0x00000000ff2a0000)
  eden space 5504K,   0% used [0x00000000fec00000, 0x00000000fec00000, 0x00000000ff160000)
  from space 640K,   0% used [0x00000000ff200000, 0x00000000ff200000, 0x00000000ff2a0000)
  to   space 640K,   0% used [0x00000000ff160000, 0x00000000ff160000, 0x00000000ff200000)
 concurrent mark-sweep generation total 13696K, used 2893K [0x00000000ff2a0000, 0x0000000100000000, 0x0000000100000000)
 Metaspace       used 4526K, capacity 4794K, committed 4992K, reserved 1056768K
  class space    used 495K, capacity 533K, committed 640K, reserved 1048576K
}
{Heap before GC invocations=79 (full 13):
 par new generation   total 6144K, used 5228K [0x00000000fec00000, 0x00000000ff2a0000, 0x00000000ff2a0000)
  eden space 5504K,  94% used [0x00000000fec00000, 0x00000000ff11b078, 0x00000000ff160000)
  from space 640K,   0% used [0x00000000ff200000, 0x00000000ff200000, 0x00000000ff2a0000)
  to   space 640K,   0% used [0x00000000ff160000, 0x00000000ff160000, 0x00000000ff200000)
 concurrent mark-sweep generation total 13696K, used 2893K [0x00000000ff2a0000, 0x0000000100000000, 0x0000000100000000)
 Metaspace       used 4526K, capacity 4794K, committed 4992K, reserved 1056768K
  class space    used 495K, capacity 533K, committed 640K, reserved 1048576K
2024-07-16T17:58:53.566+0800: 0.710: [GC (Allocation Failure) 2024-07-16T17:58:53.566+0800: 0.710: [ParNew: 5228K->4K(6144K), 0.0002571 secs] 8121K->2897K(19840K), 0.0003463 secs] [Times: user=0.00 sys=0.00, real=0.00 secs] 
Heap after GC invocations=80 (full 13):
 par new generation   total 6144K, used 4K [0x00000000fec00000, 0x00000000ff2a0000, 0x00000000ff2a0000)
  eden space 5504K,   0% used [0x00000000fec00000, 0x00000000fec00000, 0x00000000ff160000)
  from space 640K,   0% used [0x00000000ff160000, 0x00000000ff161020, 0x00000000ff200000)
  to   space 640K,   0% used [0x00000000ff200000, 0x00000000ff200000, 0x00000000ff2a0000)
 concurrent mark-sweep generation total 13696K, used 2893K [0x00000000ff2a0000, 0x0000000100000000, 0x0000000100000000)
 Metaspace       used 4526K, capacity 4794K, committed 4992K, reserved 1056768K
  class space    used 495K, capacity 533K, committed 640K, reserved 1048576K
}
{Heap before GC invocations=80 (full 13):
 par new generation   total 6144K, used 5232K [0x00000000fec00000, 0x00000000ff2a0000, 0x00000000ff2a0000)
  eden space 5504K,  94% used [0x00000000fec00000, 0x00000000ff11b320, 0x00000000ff160000)
  from space 640K,   0% used [0x00000000ff160000, 0x00000000ff161020, 0x00000000ff200000)
  to   space 640K,   0% used [0x00000000ff200000, 0x00000000ff200000, 0x00000000ff2a0000)
 concurrent mark-sweep generation total 13696K, used 2893K [0x00000000ff2a0000, 0x0000000100000000, 0x0000000100000000)
 Metaspace       used 4526K, capacity 4794K, committed 4992K, reserved 1056768K
  class space    used 495K, capacity 533K, committed 640K, reserved 1048576K
2024-07-16T17:58:53.574+0800: 0.718: [GC (Allocation Failure) 2024-07-16T17:58:53.574+0800: 0.718: [ParNew: 5232K->4K(6144K), 0.0003021 secs] 8126K->2897K(19840K), 0.0003406 secs] [Times: user=0.00 sys=0.00, real=0.00 secs] 
Heap after GC invocations=81 (full 13):
 par new generation   total 6144K, used 4K [0x00000000fec00000, 0x00000000ff2a0000, 0x00000000ff2a0000)
  eden space 5504K,   0% used [0x00000000fec00000, 0x00000000fec00000, 0x00000000ff160000)
  from space 640K,   0% used [0x00000000ff200000, 0x00000000ff201020, 0x00000000ff2a0000)
  to   space 640K,   0% used [0x00000000ff160000, 0x00000000ff160000, 0x00000000ff200000)
 concurrent mark-sweep generation total 13696K, used 2893K [0x00000000ff2a0000, 0x0000000100000000, 0x0000000100000000)
 Metaspace       used 4526K, capacity 4794K, committed 4992K, reserved 1056768K
  class space    used 495K, capacity 533K, committed 640K, reserved 1048576K
}
{Heap before GC invocations=81 (full 13):
 par new generation   total 6144K, used 5233K [0x00000000fec00000, 0x00000000ff2a0000, 0x00000000ff2a0000)
  eden space 5504K,  95% used [0x00000000fec00000, 0x00000000ff11b4d8, 0x00000000ff160000)
  from space 640K,   0% used [0x00000000ff200000, 0x00000000ff201020, 0x00000000ff2a0000)
  to   space 640K,   0% used [0x00000000ff160000, 0x00000000ff160000, 0x00000000ff200000)
 concurrent mark-sweep generation total 13696K, used 2893K [0x00000000ff2a0000, 0x0000000100000000, 0x0000000100000000)
 Metaspace       used 4526K, capacity 4794K, committed 4992K, reserved 1056768K
  class space    used 495K, capacity 533K, committed 640K, reserved 1048576K
2024-07-16T17:58:53.581+0800: 0.725: [GC (Allocation Failure) 2024-07-16T17:58:53.581+0800: 0.725: [ParNew: 5233K->4K(6144K), 0.0002923 secs] 8126K->2897K(19840K), 0.0003369 secs] [Times: user=0.00 sys=0.00, real=0.00 secs] 
Heap after GC invocations=82 (full 13):
 par new generation   total 6144K, used 4K [0x00000000fec00000, 0x00000000ff2a0000, 0x00000000ff2a0000)
  eden space 5504K,   0% used [0x00000000fec00000, 0x00000000fec00000, 0x00000000ff160000)
  from space 640K,   0% used [0x00000000ff160000, 0x00000000ff161020, 0x00000000ff200000)
  to   space 640K,   0% used [0x00000000ff200000, 0x00000000ff200000, 0x00000000ff2a0000)
 concurrent mark-sweep generation total 13696K, used 2893K [0x00000000ff2a0000, 0x0000000100000000, 0x0000000100000000)
 Metaspace       used 4526K, capacity 4794K, committed 4992K, reserved 1056768K
  class space    used 495K, capacity 533K, committed 640K, reserved 1048576K
}
{Heap before GC invocations=82 (full 13):
 par new generation   total 6144K, used 5233K [0x00000000fec00000, 0x00000000ff2a0000, 0x00000000ff2a0000)
  eden space 5504K,  95% used [0x00000000fec00000, 0x00000000ff11b5f8, 0x00000000ff160000)
  from space 640K,   0% used [0x00000000ff160000, 0x00000000ff161020, 0x00000000ff200000)
  to   space 640K,   0% used [0x00000000ff200000, 0x00000000ff200000, 0x00000000ff2a0000)
 concurrent mark-sweep generation total 13696K, used 2893K [0x00000000ff2a0000, 0x0000000100000000, 0x0000000100000000)
 Metaspace       used 4526K, capacity 4794K, committed 4992K, reserved 1056768K
  class space    used 495K, capacity 533K, committed 640K, reserved 1048576K
2024-07-16T17:58:53.589+0800: 0.733: [GC (Allocation Failure) 2024-07-16T17:58:53.589+0800: 0.733: [ParNew: 5233K->4K(6144K), 0.0002902 secs] 8127K->2897K(19840K), 0.0003353 secs] [Times: user=0.00 sys=0.00, real=0.00 secs] 
Heap after GC invocations=83 (full 13):
 par new generation   total 6144K, used 4K [0x00000000fec00000, 0x00000000ff2a0000, 0x00000000ff2a0000)
  eden space 5504K,   0% used [0x00000000fec00000, 0x00000000fec00000, 0x00000000ff160000)
  from space 640K,   0% used [0x00000000ff200000, 0x00000000ff201020, 0x00000000ff2a0000)
  to   space 640K,   0% used [0x00000000ff160000, 0x00000000ff160000, 0x00000000ff200000)
 concurrent mark-sweep generation total 13696K, used 2893K [0x00000000ff2a0000, 0x0000000100000000, 0x0000000100000000)
 Metaspace       used 4526K, capacity 4794K, committed 4992K, reserved 1056768K
  class space    used 495K, capacity 533K, committed 640K, reserved 1048576K
}
{Heap before GC invocations=83 (full 13):
 par new generation   total 6144K, used 5233K [0x00000000fec00000, 0x00000000ff2a0000, 0x00000000ff2a0000)
  eden space 5504K,  95% used [0x00000000fec00000, 0x00000000ff11b6a8, 0x00000000ff160000)
  from space 640K,   0% used [0x00000000ff200000, 0x00000000ff201020, 0x00000000ff2a0000)
  to   space 640K,   0% used [0x00000000ff160000, 0x00000000ff160000, 0x00000000ff200000)
 concurrent mark-sweep generation total 13696K, used 2893K [0x00000000ff2a0000, 0x0000000100000000, 0x0000000100000000)
 Metaspace       used 4526K, capacity 4794K, committed 4992K, reserved 1056768K
  class space    used 495K, capacity 533K, committed 640K, reserved 1048576K
2024-07-16T17:58:53.597+0800: 0.741: [GC (Allocation Failure) 2024-07-16T17:58:53.597+0800: 0.741: [ParNew: 5233K->6K(6144K), 0.0003625 secs] 8127K->3925K(19840K), 0.0004023 secs] [Times: user=0.00 sys=0.00, real=0.00 secs] 
Heap after GC invocations=84 (full 13):
 par new generation   total 6144K, used 6K [0x00000000fec00000, 0x00000000ff2a0000, 0x00000000ff2a0000)
  eden space 5504K,   0% used [0x00000000fec00000, 0x00000000fec00000, 0x00000000ff160000)
  from space 640K,   0% used [0x00000000ff160000, 0x00000000ff161830, 0x00000000ff200000)
  to   space 640K,   0% used [0x00000000ff200000, 0x00000000ff200000, 0x00000000ff2a0000)
 concurrent mark-sweep generation total 13696K, used 3919K [0x00000000ff2a0000, 0x0000000100000000, 0x0000000100000000)
 Metaspace       used 4526K, capacity 4794K, committed 4992K, reserved 1056768K
  class space    used 495K, capacity 533K, committed 640K, reserved 1048576K
}
{Heap before GC invocations=84 (full 13):
 par new generation   total 6144K, used 5235K [0x00000000fec00000, 0x00000000ff2a0000, 0x00000000ff2a0000)
  eden space 5504K,  95% used [0x00000000fec00000, 0x00000000ff11b720, 0x00000000ff160000)
  from space 640K,   0% used [0x00000000ff160000, 0x00000000ff161830, 0x00000000ff200000)
  to   space 640K,   0% used [0x00000000ff200000, 0x00000000ff200000, 0x00000000ff2a0000)
 concurrent mark-sweep generation total 13696K, used 3919K [0x00000000ff2a0000, 0x0000000100000000, 0x0000000100000000)
 Metaspace       used 4526K, capacity 4794K, committed 4992K, reserved 1056768K
  class space    used 495K, capacity 533K, committed 640K, reserved 1048576K
2024-07-16T17:58:53.605+0800: 0.749: [GC (Allocation Failure) 2024-07-16T17:58:53.605+0800: 0.749: [ParNew: 5235K->8K(6144K), 0.0004963 secs] 9155K->4953K(19840K), 0.0006026 secs] [Times: user=0.00 sys=0.00, real=0.00 secs] 
Heap after GC invocations=85 (full 13):
 par new generation   total 6144K, used 8K [0x00000000fec00000, 0x00000000ff2a0000, 0x00000000ff2a0000)
  eden space 5504K,   0% used [0x00000000fec00000, 0x00000000fec00000, 0x00000000ff160000)
  from space 640K,   1% used [0x00000000ff200000, 0x00000000ff202040, 0x00000000ff2a0000)
  to   space 640K,   0% used [0x00000000ff160000, 0x00000000ff160000, 0x00000000ff200000)
 concurrent mark-sweep generation total 13696K, used 4945K [0x00000000ff2a0000, 0x0000000100000000, 0x0000000100000000)
 Metaspace       used 4526K, capacity 4794K, committed 4992K, reserved 1056768K
  class space    used 495K, capacity 533K, committed 640K, reserved 1048576K
}
{Heap before GC invocations=85 (full 13):
 par new generation   total 6144K, used 5237K [0x00000000fec00000, 0x00000000ff2a0000, 0x00000000ff2a0000)
  eden space 5504K,  95% used [0x00000000fec00000, 0x00000000ff11b768, 0x00000000ff160000)
  from space 640K,   1% used [0x00000000ff200000, 0x00000000ff202040, 0x00000000ff2a0000)
  to   space 640K,   0% used [0x00000000ff160000, 0x00000000ff160000, 0x00000000ff200000)
 concurrent mark-sweep generation total 13696K, used 4945K [0x00000000ff2a0000, 0x0000000100000000, 0x0000000100000000)
 Metaspace       used 4526K, capacity 4794K, committed 4992K, reserved 1056768K
  class space    used 495K, capacity 533K, committed 640K, reserved 1048576K
2024-07-16T17:58:53.612+0800: 0.756: [GC (Allocation Failure) 2024-07-16T17:58:53.612+0800: 0.756: [ParNew: 5237K->6K(6144K), 0.0004578 secs] 10183K->5975K(19840K), 0.0005225 secs] [Times: user=0.00 sys=0.00, real=0.00 secs] 
Heap after GC invocations=86 (full 13):
 par new generation   total 6144K, used 6K [0x00000000fec00000, 0x00000000ff2a0000, 0x00000000ff2a0000)
  eden space 5504K,   0% used [0x00000000fec00000, 0x00000000fec00000, 0x00000000ff160000)
  from space 640K,   0% used [0x00000000ff160000, 0x00000000ff161830, 0x00000000ff200000)
  to   space 640K,   0% used [0x00000000ff200000, 0x00000000ff200000, 0x00000000ff2a0000)
 concurrent mark-sweep generation total 13696K, used 5969K [0x00000000ff2a0000, 0x0000000100000000, 0x0000000100000000)
 Metaspace       used 4526K, capacity 4794K, committed 4992K, reserved 1056768K
  class space    used 495K, capacity 533K, committed 640K, reserved 1048576K
}
{Heap before GC invocations=86 (full 13):
 par new generation   total 6144K, used 5235K [0x00000000fec00000, 0x00000000ff2a0000, 0x00000000ff2a0000)
  eden space 5504K,  95% used [0x00000000fec00000, 0x00000000ff11b798, 0x00000000ff160000)
  from space 640K,   0% used [0x00000000ff160000, 0x00000000ff161830, 0x00000000ff200000)
  to   space 640K,   0% used [0x00000000ff200000, 0x00000000ff200000, 0x00000000ff2a0000)
 concurrent mark-sweep generation total 13696K, used 5969K [0x00000000ff2a0000, 0x0000000100000000, 0x0000000100000000)
 Metaspace       used 4526K, capacity 4794K, committed 4992K, reserved 1056768K
  class space    used 495K, capacity 533K, committed 640K, reserved 1048576K
2024-07-16T17:58:53.621+0800: 0.765: [GC (Allocation Failure) 2024-07-16T17:58:53.621+0800: 0.765: [ParNew: 5235K->2K(6144K), 0.0002907 secs] 11205K->5971K(19840K), 0.0003353 secs] [Times: user=0.00 sys=0.00, real=0.00 secs] 
Heap after GC invocations=87 (full 13):
 par new generation   total 6144K, used 2K [0x00000000fec00000, 0x00000000ff2a0000, 0x00000000ff2a0000)
  eden space 5504K,   0% used [0x00000000fec00000, 0x00000000fec00000, 0x00000000ff160000)
  from space 640K,   0% used [0x00000000ff200000, 0x00000000ff200810, 0x00000000ff2a0000)
  to   space 640K,   0% used [0x00000000ff160000, 0x00000000ff160000, 0x00000000ff200000)
 concurrent mark-sweep generation total 13696K, used 5969K [0x00000000ff2a0000, 0x0000000100000000, 0x0000000100000000)
 Metaspace       used 4526K, capacity 4794K, committed 4992K, reserved 1056768K
  class space    used 495K, capacity 533K, committed 640K, reserved 1048576K
}
{Heap before GC invocations=87 (full 13):
 par new generation   total 6144K, used 5231K [0x00000000fec00000, 0x00000000ff2a0000, 0x00000000ff2a0000)
  eden space 5504K,  95% used [0x00000000fec00000, 0x00000000ff11b7b8, 0x00000000ff160000)
  from space 640K,   0% used [0x00000000ff200000, 0x00000000ff200810, 0x00000000ff2a0000)
  to   space 640K,   0% used [0x00000000ff160000, 0x00000000ff160000, 0x00000000ff200000)
 concurrent mark-sweep generation total 13696K, used 5969K [0x00000000ff2a0000, 0x0000000100000000, 0x0000000100000000)
 Metaspace       used 4526K, capacity 4794K, committed 4992K, reserved 1056768K
  class space    used 495K, capacity 533K, committed 640K, reserved 1048576K
2024-07-16T17:58:53.629+0800: 0.773: [GC (Allocation Failure) 2024-07-16T17:58:53.629+0800: 0.773: [ParNew: 5231K->4K(6144K), 0.0002419 secs] 11201K->5973K(19840K), 0.0002829 secs] [Times: user=0.00 sys=0.00, real=0.00 secs] 
Heap after GC invocations=88 (full 13):
 par new generation   total 6144K, used 4K [0x00000000fec00000, 0x00000000ff2a0000, 0x00000000ff2a0000)
  eden space 5504K,   0% used [0x00000000fec00000, 0x00000000fec00000, 0x00000000ff160000)
  from space 640K,   0% used [0x00000000ff160000, 0x00000000ff161020, 0x00000000ff200000)
  to   space 640K,   0% used [0x00000000ff200000, 0x00000000ff200000, 0x00000000ff2a0000)
 concurrent mark-sweep generation total 13696K, used 5969K [0x00000000ff2a0000, 0x0000000100000000, 0x0000000100000000)
 Metaspace       used 4526K, capacity 4794K, committed 4992K, reserved 1056768K
  class space    used 495K, capacity 533K, committed 640K, reserved 1048576K
}
{Heap before GC invocations=88 (full 13):
 par new generation   total 6144K, used 5233K [0x00000000fec00000, 0x00000000ff2a0000, 0x00000000ff2a0000)
  eden space 5504K,  95% used [0x00000000fec00000, 0x00000000ff11b7d0, 0x00000000ff160000)
  from space 640K,   0% used [0x00000000ff160000, 0x00000000ff161020, 0x00000000ff200000)
  to   space 640K,   0% used [0x00000000ff200000, 0x00000000ff200000, 0x00000000ff2a0000)
 concurrent mark-sweep generation total 13696K, used 5969K [0x00000000ff2a0000, 0x0000000100000000, 0x0000000100000000)
 Metaspace       used 4526K, capacity 4794K, committed 4992K, reserved 1056768K
  class space    used 495K, capacity 533K, committed 640K, reserved 1048576K
2024-07-16T17:58:53.636+0800: 0.780: [GC (Allocation Failure) 2024-07-16T17:58:53.636+0800: 0.780: [ParNew: 5233K->8K(6144K), 0.0010969 secs] 11203K->7003K(19840K), 0.0011946 secs] [Times: user=0.00 sys=0.00, real=0.00 secs] 
Heap after GC invocations=89 (full 13):
 par new generation   total 6144K, used 8K [0x00000000fec00000, 0x00000000ff2a0000, 0x00000000ff2a0000)
  eden space 5504K,   0% used [0x00000000fec00000, 0x00000000fec00000, 0x00000000ff160000)
  from space 640K,   1% used [0x00000000ff200000, 0x00000000ff202040, 0x00000000ff2a0000)
  to   space 640K,   0% used [0x00000000ff160000, 0x00000000ff160000, 0x00000000ff200000)
 concurrent mark-sweep generation total 13696K, used 6995K [0x00000000ff2a0000, 0x0000000100000000, 0x0000000100000000)
 Metaspace       used 4526K, capacity 4794K, committed 4992K, reserved 1056768K
  class space    used 495K, capacity 533K, committed 640K, reserved 1048576K
}
{Heap before GC invocations=89 (full 13):
 par new generation   total 6144K, used 5238K [0x00000000fec00000, 0x00000000ff2a0000, 0x00000000ff2a0000)
  eden space 5504K,  95% used [0x00000000fec00000, 0x00000000ff11b7d8, 0x00000000ff160000)
  from space 640K,   1% used [0x00000000ff200000, 0x00000000ff202040, 0x00000000ff2a0000)
  to   space 640K,   0% used [0x00000000ff160000, 0x00000000ff160000, 0x00000000ff200000)
 concurrent mark-sweep generation total 13696K, used 6995K [0x00000000ff2a0000, 0x0000000100000000, 0x0000000100000000)
 Metaspace       used 4526K, capacity 4794K, committed 4992K, reserved 1056768K
  class space    used 495K, capacity 533K, committed 640K, reserved 1048576K
2024-07-16T17:58:53.643+0800: 0.788: [GC (Allocation Failure) 2024-07-16T17:58:53.643+0800: 0.788: [ParNew: 5238K->4K(6144K), 0.0002951 secs] 12233K->6999K(19840K), 0.0003463 secs] [Times: user=0.00 sys=0.00, real=0.00 secs] 
Heap after GC invocations=90 (full 13):
 par new generation   total 6144K, used 4K [0x00000000fec00000, 0x00000000ff2a0000, 0x00000000ff2a0000)
  eden space 5504K,   0% used [0x00000000fec00000, 0x00000000fec00000, 0x00000000ff160000)
  from space 640K,   0% used [0x00000000ff160000, 0x00000000ff161020, 0x00000000ff200000)
  to   space 640K,   0% used [0x00000000ff200000, 0x00000000ff200000, 0x00000000ff2a0000)
 concurrent mark-sweep generation total 13696K, used 6995K [0x00000000ff2a0000, 0x0000000100000000, 0x0000000100000000)
 Metaspace       used 4526K, capacity 4794K, committed 4992K, reserved 1056768K
  class space    used 495K, capacity 533K, committed 640K, reserved 1048576K
}
{Heap before GC invocations=90 (full 13):
 par new generation   total 6144K, used 5234K [0x00000000fec00000, 0x00000000ff2a0000, 0x00000000ff2a0000)
  eden space 5504K,  95% used [0x00000000fec00000, 0x00000000ff11b7e0, 0x00000000ff160000)
  from space 640K,   0% used [0x00000000ff160000, 0x00000000ff161020, 0x00000000ff200000)
  to   space 640K,   0% used [0x00000000ff200000, 0x00000000ff200000, 0x00000000ff2a0000)
 concurrent mark-sweep generation total 13696K, used 6995K [0x00000000ff2a0000, 0x0000000100000000, 0x0000000100000000)
 Metaspace       used 4526K, capacity 4794K, committed 4992K, reserved 1056768K
  class space    used 495K, capacity 533K, committed 640K, reserved 1048576K
2024-07-16T17:58:53.651+0800: 0.796: [GC (Allocation Failure) 2024-07-16T17:58:53.651+0800: 0.796: [ParNew: 5234K->4K(6144K), 0.0003644 secs] 12229K->8025K(19840K), 0.0004116 secs] [Times: user=0.00 sys=0.00, real=0.00 secs] 
Heap after GC invocations=91 (full 13):
 par new generation   total 6144K, used 4K [0x00000000fec00000, 0x00000000ff2a0000, 0x00000000ff2a0000)
  eden space 5504K,   0% used [0x00000000fec00000, 0x00000000fec00000, 0x00000000ff160000)
  from space 640K,   0% used [0x00000000ff200000, 0x00000000ff201020, 0x00000000ff2a0000)
  to   space 640K,   0% used [0x00000000ff160000, 0x00000000ff160000, 0x00000000ff200000)
 concurrent mark-sweep generation total 13696K, used 8021K [0x00000000ff2a0000, 0x0000000100000000, 0x0000000100000000)
 Metaspace       used 4526K, capacity 4794K, committed 4992K, reserved 1056768K
  class space    used 495K, capacity 533K, committed 640K, reserved 1048576K
}
{Heap before GC invocations=91 (full 13):
 par new generation   total 6144K, used 5234K [0x00000000fec00000, 0x00000000ff2a0000, 0x00000000ff2a0000)
  eden space 5504K,  95% used [0x00000000fec00000, 0x00000000ff11b7e8, 0x00000000ff160000)
  from space 640K,   0% used [0x00000000ff200000, 0x00000000ff201020, 0x00000000ff2a0000)
  to   space 640K,   0% used [0x00000000ff160000, 0x00000000ff160000, 0x00000000ff200000)
 concurrent mark-sweep generation total 13696K, used 8021K [0x00000000ff2a0000, 0x0000000100000000, 0x0000000100000000)
 Metaspace       used 4526K, capacity 4794K, committed 4992K, reserved 1056768K
  class space    used 495K, capacity 533K, committed 640K, reserved 1048576K
2024-07-16T17:58:53.659+0800: 0.804: [GC (Allocation Failure) 2024-07-16T17:58:53.659+0800: 0.804: [ParNew: 5234K->4K(6144K), 0.0002564 secs] 13255K->8025K(19840K), 0.0002993 secs] [Times: user=0.00 sys=0.00, real=0.00 secs] 
Heap after GC invocations=92 (full 13):
 par new generation   total 6144K, used 4K [0x00000000fec00000, 0x00000000ff2a0000, 0x00000000ff2a0000)
  eden space 5504K,   0% used [0x00000000fec00000, 0x00000000fec00000, 0x00000000ff160000)
  from space 640K,   0% used [0x00000000ff160000, 0x00000000ff161020, 0x00000000ff200000)
  to   space 640K,   0% used [0x00000000ff200000, 0x00000000ff200000, 0x00000000ff2a0000)
 concurrent mark-sweep generation total 13696K, used 8021K [0x00000000ff2a0000, 0x0000000100000000, 0x0000000100000000)
 Metaspace       used 4526K, capacity 4794K, committed 4992K, reserved 1056768K
  class space    used 495K, capacity 533K, committed 640K, reserved 1048576K
}
{Heap before GC invocations=92 (full 13):
 par new generation   total 6144K, used 5234K [0x00000000fec00000, 0x00000000ff2a0000, 0x00000000ff2a0000)
  eden space 5504K,  95% used [0x00000000fec00000, 0x00000000ff11b7e8, 0x00000000ff160000)
  from space 640K,   0% used [0x00000000ff160000, 0x00000000ff161020, 0x00000000ff200000)
  to   space 640K,   0% used [0x00000000ff200000, 0x00000000ff200000, 0x00000000ff2a0000)
 concurrent mark-sweep generation total 13696K, used 8021K [0x00000000ff2a0000, 0x0000000100000000, 0x0000000100000000)
 Metaspace       used 4526K, capacity 4794K, committed 4992K, reserved 1056768K
  class space    used 495K, capacity 533K, committed 640K, reserved 1048576K
2024-07-16T17:58:53.666+0800: 0.811: [GC (Allocation Failure) 2024-07-16T17:58:53.666+0800: 0.811: [ParNew: 5234K->8K(6144K), 0.0006585 secs] 13255K->9053K(19840K), 0.0007264 secs] [Times: user=0.00 sys=0.00, real=0.00 secs] 
Heap after GC invocations=93 (full 13):
 par new generation   total 6144K, used 8K [0x00000000fec00000, 0x00000000ff2a0000, 0x00000000ff2a0000)
  eden space 5504K,   0% used [0x00000000fec00000, 0x00000000fec00000, 0x00000000ff160000)
  from space 640K,   1% used [0x00000000ff200000, 0x00000000ff202040, 0x00000000ff2a0000)
  to   space 640K,   0% used [0x00000000ff160000, 0x00000000ff160000, 0x00000000ff200000)
 concurrent mark-sweep generation total 13696K, used 9045K [0x00000000ff2a0000, 0x0000000100000000, 0x0000000100000000)
 Metaspace       used 4526K, capacity 4794K, committed 4992K, reserved 1056768K
  class space    used 495K, capacity 533K, committed 640K, reserved 1048576K
}
2024-07-16T17:58:53.667+0800: 0.812: [GC (CMS Initial Mark) [1 CMS-initial-mark: 9045K(13696K)] 10077K(19840K), 0.0004395 secs] [Times: user=0.00 sys=0.00, real=0.00 secs] 
2024-07-16T17:58:53.667+0800: 0.812: [CMS-concurrent-mark-start]
2024-07-16T17:58:53.669+0800: 0.814: [CMS-concurrent-mark: 0.002/0.002 secs] [Times: user=0.00 sys=0.00, real=0.00 secs] 
2024-07-16T17:58:53.669+0800: 0.814: [CMS-concurrent-preclean-start]
2024-07-16T17:58:53.669+0800: 0.814: [CMS-concurrent-preclean: 0.000/0.000 secs] [Times: user=0.00 sys=0.00, real=0.00 secs] 
2024-07-16T17:58:53.669+0800: 0.814: [CMS-concurrent-abortable-preclean-start]
{Heap before GC invocations=93 (full 14):
 par new generation   total 6144K, used 5238K [0x00000000fec00000, 0x00000000ff2a0000, 0x00000000ff2a0000)
  eden space 5504K,  95% used [0x00000000fec00000, 0x00000000ff11b810, 0x00000000ff160000)
  from space 640K,   1% used [0x00000000ff200000, 0x00000000ff202040, 0x00000000ff2a0000)
  to   space 640K,   0% used [0x00000000ff160000, 0x00000000ff160000, 0x00000000ff200000)
 concurrent mark-sweep generation total 13696K, used 9045K [0x00000000ff2a0000, 0x0000000100000000, 0x0000000100000000)
 Metaspace       used 4526K, capacity 4794K, committed 4992K, reserved 1056768K
  class space    used 495K, capacity 533K, committed 640K, reserved 1048576K
2024-07-16T17:58:53.675+0800: 0.820: [GC (Allocation Failure) 2024-07-16T17:58:53.675+0800: 0.820: [ParNew: 5238K->4K(6144K), 0.0003650 secs] 14283K->9049K(19840K), 0.0004189 secs] [Times: user=0.00 sys=0.00, real=0.00 secs] 
Heap after GC invocations=94 (full 14):
 par new generation   total 6144K, used 4K [0x00000000fec00000, 0x00000000ff2a0000, 0x00000000ff2a0000)
  eden space 5504K,   0% used [0x00000000fec00000, 0x00000000fec00000, 0x00000000ff160000)
  from space 640K,   0% used [0x00000000ff160000, 0x00000000ff161020, 0x00000000ff200000)
  to   space 640K,   0% used [0x00000000ff200000, 0x00000000ff200000, 0x00000000ff2a0000)
 concurrent mark-sweep generation total 13696K, used 9045K [0x00000000ff2a0000, 0x0000000100000000, 0x0000000100000000)
 Metaspace       used 4526K, capacity 4794K, committed 4992K, reserved 1056768K
  class space    used 495K, capacity 533K, committed 640K, reserved 1048576K
}
{Heap before GC invocations=94 (full 14):
 par new generation   total 6144K, used 5234K [0x00000000fec00000, 0x00000000ff2a0000, 0x00000000ff2a0000)
  eden space 5504K,  95% used [0x00000000fec00000, 0x00000000ff11b7f0, 0x00000000ff160000)
  from space 640K,   0% used [0x00000000ff160000, 0x00000000ff161020, 0x00000000ff200000)
  to   space 640K,   0% used [0x00000000ff200000, 0x00000000ff200000, 0x00000000ff2a0000)
 concurrent mark-sweep generation total 13696K, used 9045K [0x00000000ff2a0000, 0x0000000100000000, 0x0000000100000000)
 Metaspace       used 4526K, capacity 4794K, committed 4992K, reserved 1056768K
  class space    used 495K, capacity 533K, committed 640K, reserved 1048576K
2024-07-16T17:58:53.684+0800: 0.829: [GC (Allocation Failure) 2024-07-16T17:58:53.684+0800: 0.829: [ParNew: 5234K->4K(6144K), 0.0005937 secs] 14279K->9049K(19840K), 0.0006743 secs] [Times: user=0.00 sys=0.00, real=0.00 secs] 
Heap after GC invocations=95 (full 14):
 par new generation   total 6144K, used 4K [0x00000000fec00000, 0x00000000ff2a0000, 0x00000000ff2a0000)
  eden space 5504K,   0% used [0x00000000fec00000, 0x00000000fec00000, 0x00000000ff160000)
  from space 640K,   0% used [0x00000000ff200000, 0x00000000ff201020, 0x00000000ff2a0000)
  to   space 640K,   0% used [0x00000000ff160000, 0x00000000ff160000, 0x00000000ff200000)
 concurrent mark-sweep generation total 13696K, used 9045K [0x00000000ff2a0000, 0x0000000100000000, 0x0000000100000000)
 Metaspace       used 4526K, capacity 4794K, committed 4992K, reserved 1056768K
  class space    used 495K, capacity 533K, committed 640K, reserved 1048576K
}
{Heap before GC invocations=95 (full 14):
 par new generation   total 6144K, used 5234K [0x00000000fec00000, 0x00000000ff2a0000, 0x00000000ff2a0000)
  eden space 5504K,  95% used [0x00000000fec00000, 0x00000000ff11b7f0, 0x00000000ff160000)
  from space 640K,   0% used [0x00000000ff200000, 0x00000000ff201020, 0x00000000ff2a0000)
  to   space 640K,   0% used [0x00000000ff160000, 0x00000000ff160000, 0x00000000ff200000)
 concurrent mark-sweep generation total 13696K, used 9045K [0x00000000ff2a0000, 0x0000000100000000, 0x0000000100000000)
 Metaspace       used 4526K, capacity 4794K, committed 4992K, reserved 1056768K
  class space    used 495K, capacity 533K, committed 640K, reserved 1048576K
2024-07-16T17:58:53.692+0800: 0.837: [GC (Allocation Failure) 2024-07-16T17:58:53.692+0800: 0.837: [ParNew: 5234K->8K(6144K), 0.0004056 secs] 14279K->10077K(19840K), 0.0004625 secs] [Times: user=0.00 sys=0.00, real=0.00 secs] 
Heap after GC invocations=96 (full 14):
 par new generation   total 6144K, used 8K [0x00000000fec00000, 0x00000000ff2a0000, 0x00000000ff2a0000)
  eden space 5504K,   0% used [0x00000000fec00000, 0x00000000fec00000, 0x00000000ff160000)
  from space 640K,   1% used [0x00000000ff160000, 0x00000000ff162040, 0x00000000ff200000)
  to   space 640K,   0% used [0x00000000ff200000, 0x00000000ff200000, 0x00000000ff2a0000)
 concurrent mark-sweep generation total 13696K, used 10069K [0x00000000ff2a0000, 0x0000000100000000, 0x0000000100000000)
 Metaspace       used 4526K, capacity 4794K, committed 4992K, reserved 1056768K
  class space    used 495K, capacity 533K, committed 640K, reserved 1048576K
}
{Heap before GC invocations=96 (full 14):
 par new generation   total 6144K, used 5238K [0x00000000fec00000, 0x00000000ff2a0000, 0x00000000ff2a0000)
  eden space 5504K,  95% used [0x00000000fec00000, 0x00000000ff11b7f0, 0x00000000ff160000)
  from space 640K,   1% used [0x00000000ff160000, 0x00000000ff162040, 0x00000000ff200000)
  to   space 640K,   0% used [0x00000000ff200000, 0x00000000ff200000, 0x00000000ff2a0000)
 concurrent mark-sweep generation total 13696K, used 10069K [0x00000000ff2a0000, 0x0000000100000000, 0x0000000100000000)
 Metaspace       used 4526K, capacity 4794K, committed 4992K, reserved 1056768K
  class space    used 495K, capacity 533K, committed 640K, reserved 1048576K
2024-07-16T17:58:53.699+0800: 0.844: [GC (Allocation Failure) 2024-07-16T17:58:53.699+0800: 0.844: [ParNew: 5238K->6K(6144K), 0.0008324 secs] 15307K->11101K(19840K), 0.0009188 secs] [Times: user=0.00 sys=0.00, real=0.00 secs] 
Heap after GC invocations=97 (full 14):
 par new generation   total 6144K, used 6K [0x00000000fec00000, 0x00000000ff2a0000, 0x00000000ff2a0000)
  eden space 5504K,   0% used [0x00000000fec00000, 0x00000000fec00000, 0x00000000ff160000)
  from space 640K,   0% used [0x00000000ff200000, 0x00000000ff201830, 0x00000000ff2a0000)
  to   space 640K,   0% used [0x00000000ff160000, 0x00000000ff160000, 0x00000000ff200000)
 concurrent mark-sweep generation total 13696K, used 11095K [0x00000000ff2a0000, 0x0000000100000000, 0x0000000100000000)
 Metaspace       used 4526K, capacity 4794K, committed 4992K, reserved 1056768K
  class space    used 495K, capacity 533K, committed 640K, reserved 1048576K
}
{Heap before GC invocations=97 (full 14):
 par new generation   total 6144K, used 5236K [0x00000000fec00000, 0x00000000ff2a0000, 0x00000000ff2a0000)
  eden space 5504K,  95% used [0x00000000fec00000, 0x00000000ff11b7f0, 0x00000000ff160000)
  from space 640K,   0% used [0x00000000ff200000, 0x00000000ff201830, 0x00000000ff2a0000)
  to   space 640K,   0% used [0x00000000ff160000, 0x00000000ff160000, 0x00000000ff200000)
 concurrent mark-sweep generation total 13696K, used 11095K [0x00000000ff2a0000, 0x0000000100000000, 0x0000000100000000)
 Metaspace       used 4526K, capacity 4794K, committed 4992K, reserved 1056768K
  class space    used 495K, capacity 533K, committed 640K, reserved 1048576K
2024-07-16T17:58:53.708+0800: 0.853: [GC (Allocation Failure) 2024-07-16T17:58:53.708+0800: 0.853: [ParNew: 5236K->8K(6144K), 0.0003510 secs] 16331K->12130K(19840K), 0.0003926 secs] [Times: user=0.00 sys=0.00, real=0.00 secs] 
Heap after GC invocations=98 (full 14):
 par new generation   total 6144K, used 8K [0x00000000fec00000, 0x00000000ff2a0000, 0x00000000ff2a0000)
  eden space 5504K,   0% used [0x00000000fec00000, 0x00000000fec00000, 0x00000000ff160000)
  from space 640K,   1% used [0x00000000ff160000, 0x00000000ff162040, 0x00000000ff200000)
  to   space 640K,   0% used [0x00000000ff200000, 0x00000000ff200000, 0x00000000ff2a0000)
 concurrent mark-sweep generation total 13696K, used 12121K [0x00000000ff2a0000, 0x0000000100000000, 0x0000000100000000)
 Metaspace       used 4526K, capacity 4794K, committed 4992K, reserved 1056768K
  class space    used 495K, capacity 533K, committed 640K, reserved 1048576K
}
{Heap before GC invocations=98 (full 14):
 par new generation   total 6144K, used 5238K [0x00000000fec00000, 0x00000000ff2a0000, 0x00000000ff2a0000)
  eden space 5504K,  95% used [0x00000000fec00000, 0x00000000ff11b7f0, 0x00000000ff160000)
  from space 640K,   1% used [0x00000000ff160000, 0x00000000ff162040, 0x00000000ff200000)
  to   space 640K,   0% used [0x00000000ff200000, 0x00000000ff200000, 0x00000000ff2a0000)
 concurrent mark-sweep generation total 13696K, used 12121K [0x00000000ff2a0000, 0x0000000100000000, 0x0000000100000000)
 Metaspace       used 4526K, capacity 4794K, committed 4992K, reserved 1056768K
  class space    used 495K, capacity 533K, committed 640K, reserved 1048576K
2024-07-16T17:58:53.717+0800: 0.862: [GC (Allocation Failure) 2024-07-16T17:58:53.717+0800: 0.862: [ParNew: 5238K->6K(6144K), 0.0003511 secs] 17360K->13154K(19840K), 0.0003957 secs] [Times: user=0.00 sys=0.00, real=0.00 secs] 
Heap after GC invocations=99 (full 14):
 par new generation   total 6144K, used 6K [0x00000000fec00000, 0x00000000ff2a0000, 0x00000000ff2a0000)
  eden space 5504K,   0% used [0x00000000fec00000, 0x00000000fec00000, 0x00000000ff160000)
  from space 640K,   0% used [0x00000000ff200000, 0x00000000ff201830, 0x00000000ff2a0000)
  to   space 640K,   0% used [0x00000000ff160000, 0x00000000ff160000, 0x00000000ff200000)
 concurrent mark-sweep generation total 13696K, used 13148K [0x00000000ff2a0000, 0x0000000100000000, 0x0000000100000000)
 Metaspace       used 4526K, capacity 4794K, committed 4992K, reserved 1056768K
  class space    used 495K, capacity 533K, committed 640K, reserved 1048576K
}
2024-07-16T17:58:53.717+0800: 0.863: [CMS-concurrent-abortable-preclean: 0.001/0.048 secs] [Times: user=0.00 sys=0.00, real=0.05 secs] 
2024-07-16T17:58:53.717+0800: 0.863: [GC (CMS Final Remark) [YG occupancy: 1030 K (6144 K)]2024-07-16T17:58:53.717+0800: 0.863: [Rescan (parallel) , 0.0000942 secs]2024-07-16T17:58:53.717+0800: 0.863: [weak refs processing, 0.0000079 secs]2024-07-16T17:58:53.717+0800: 0.863: [class unloading, 0.0003984 secs]2024-07-16T17:58:53.718+0800: 0.863: [scrub symbol table, 0.0002789 secs]2024-07-16T17:58:53.718+0800: 0.863: [scrub string table, 0.0000617 secs][1 CMS-remark: 13148K(13696K)] 14178K(19840K), 0.0008828 secs] [Times: user=0.00 sys=0.00, real=0.00 secs] 
2024-07-16T17:58:53.718+0800: 0.864: [CMS-concurrent-sweep-start]
2024-07-16T17:58:53.718+0800: 0.864: [CMS-concurrent-sweep: 0.000/0.000 secs] [Times: user=0.00 sys=0.00, real=0.00 secs] 
2024-07-16T17:58:53.718+0800: 0.864: [CMS-concurrent-reset-start]
2024-07-16T17:58:53.718+0800: 0.864: [CMS-concurrent-reset: 0.000/0.000 secs] [Times: user=0.00 sys=0.00, real=0.00 secs] 
{Heap before GC invocations=99 (full 14):
 par new generation   total 6144K, used 5236K [0x00000000fec00000, 0x00000000ff2a0000, 0x00000000ff2a0000)
  eden space 5504K,  95% used [0x00000000fec00000, 0x00000000ff11b7f0, 0x00000000ff160000)
  from space 640K,   0% used [0x00000000ff200000, 0x00000000ff201830, 0x00000000ff2a0000)
  to   space 640K,   0% used [0x00000000ff160000, 0x00000000ff160000, 0x00000000ff200000)
 concurrent mark-sweep generation total 13696K, used 4955K [0x00000000ff2a0000, 0x0000000100000000, 0x0000000100000000)
 Metaspace       used 4526K, capacity 4794K, committed 4992K, reserved 1056768K
  class space    used 495K, capacity 533K, committed 640K, reserved 1048576K
2024-07-16T17:58:53.726+0800: 0.871: [GC (Allocation Failure) 2024-07-16T17:58:53.726+0800: 0.871: [ParNew: 5236K->6K(6144K), 0.0003711 secs] 10191K->5985K(19840K), 0.0004158 secs] [Times: user=0.00 sys=0.00, real=0.00 secs] 
Heap after GC invocations=100 (full 14):
 par new generation   total 6144K, used 6K [0x00000000fec00000, 0x00000000ff2a0000, 0x00000000ff2a0000)
  eden space 5504K,   0% used [0x00000000fec00000, 0x00000000fec00000, 0x00000000ff160000)
  from space 640K,   0% used [0x00000000ff160000, 0x00000000ff161830, 0x00000000ff200000)
  to   space 640K,   0% used [0x00000000ff200000, 0x00000000ff200000, 0x00000000ff2a0000)
 concurrent mark-sweep generation total 13696K, used 5979K [0x00000000ff2a0000, 0x0000000100000000, 0x0000000100000000)
 Metaspace       used 4526K, capacity 4794K, committed 4992K, reserved 1056768K
  class space    used 495K, capacity 533K, committed 640K, reserved 1048576K
}
{Heap before GC invocations=100 (full 14):
 par new generation   total 6144K, used 5236K [0x00000000fec00000, 0x00000000ff2a0000, 0x00000000ff2a0000)
  eden space 5504K,  95% used [0x00000000fec00000, 0x00000000ff11b7f0, 0x00000000ff160000)
  from space 640K,   0% used [0x00000000ff160000, 0x00000000ff161830, 0x00000000ff200000)
  to   space 640K,   0% used [0x00000000ff200000, 0x00000000ff200000, 0x00000000ff2a0000)
 concurrent mark-sweep generation total 13696K, used 5979K [0x00000000ff2a0000, 0x0000000100000000, 0x0000000100000000)
 Metaspace       used 4526K, capacity 4794K, committed 4992K, reserved 1056768K
  class space    used 495K, capacity 533K, committed 640K, reserved 1048576K
2024-07-16T17:58:53.733+0800: 0.878: [GC (Allocation Failure) 2024-07-16T17:58:53.733+0800: 0.878: [ParNew: 5236K->12K(6144K), 0.0004766 secs] 11215K->8041K(19840K), 0.0005206 secs] [Times: user=0.00 sys=0.00, real=0.00 secs] 
Heap after GC invocations=101 (full 14):
 par new generation   total 6144K, used 12K [0x00000000fec00000, 0x00000000ff2a0000, 0x00000000ff2a0000)
  eden space 5504K,   0% used [0x00000000fec00000, 0x00000000fec00000, 0x00000000ff160000)
  from space 640K,   1% used [0x00000000ff200000, 0x00000000ff203060, 0x00000000ff2a0000)
  to   space 640K,   0% used [0x00000000ff160000, 0x00000000ff160000, 0x00000000ff200000)
 concurrent mark-sweep generation total 13696K, used 8029K [0x00000000ff2a0000, 0x0000000100000000, 0x0000000100000000)
 Metaspace       used 4526K, capacity 4794K, committed 4992K, reserved 1056768K
  class space    used 495K, capacity 533K, committed 640K, reserved 1048576K
}
2024-07-16T17:58:53.733+0800: 0.879: [GC (CMS Initial Mark) [1 CMS-initial-mark: 8029K(13696K)] 9065K(19840K), 0.0001096 secs] [Times: user=0.00 sys=0.00, real=0.00 secs] 
2024-07-16T17:58:53.733+0800: 0.879: [CMS-concurrent-mark-start]
2024-07-16T17:58:53.735+0800: 0.881: [CMS-concurrent-mark: 0.002/0.002 secs] [Times: user=0.00 sys=0.00, real=0.00 secs] 
2024-07-16T17:58:53.735+0800: 0.881: [CMS-concurrent-preclean-start]
2024-07-16T17:58:53.735+0800: 0.881: [CMS-concurrent-preclean: 0.000/0.000 secs] [Times: user=0.00 sys=0.00, real=0.00 secs] 
2024-07-16T17:58:53.735+0800: 0.881: [CMS-concurrent-abortable-preclean-start]
{Heap before GC invocations=101 (full 15):
 par new generation   total 6144K, used 5242K [0x00000000fec00000, 0x00000000ff2a0000, 0x00000000ff2a0000)
  eden space 5504K,  95% used [0x00000000fec00000, 0x00000000ff11b7f0, 0x00000000ff160000)
  from space 640K,   1% used [0x00000000ff200000, 0x00000000ff203060, 0x00000000ff2a0000)
  to   space 640K,   0% used [0x00000000ff160000, 0x00000000ff160000, 0x00000000ff200000)
 concurrent mark-sweep generation total 13696K, used 8029K [0x00000000ff2a0000, 0x0000000100000000, 0x0000000100000000)
 Metaspace       used 4526K, capacity 4794K, committed 4992K, reserved 1056768K
  class space    used 495K, capacity 533K, committed 640K, reserved 1048576K
2024-07-16T17:58:53.741+0800: 0.886: [GC (Allocation Failure) 2024-07-16T17:58:53.741+0800: 0.886: [ParNew: 5242K->6K(6144K), 0.0003430 secs] 13271K->9059K(19840K), 0.0003807 secs] [Times: user=0.00 sys=0.00, real=0.00 secs] 
Heap after GC invocations=102 (full 15):
 par new generation   total 6144K, used 6K [0x00000000fec00000, 0x00000000ff2a0000, 0x00000000ff2a0000)
  eden space 5504K,   0% used [0x00000000fec00000, 0x00000000fec00000, 0x00000000ff160000)
  from space 640K,   0% used [0x00000000ff160000, 0x00000000ff161830, 0x00000000ff200000)
  to   space 640K,   0% used [0x00000000ff200000, 0x00000000ff200000, 0x00000000ff2a0000)
 concurrent mark-sweep generation total 13696K, used 9053K [0x00000000ff2a0000, 0x0000000100000000, 0x0000000100000000)
 Metaspace       used 4526K, capacity 4794K, committed 4992K, reserved 1056768K
  class space    used 495K, capacity 533K, committed 640K, reserved 1048576K
}
{Heap before GC invocations=102 (full 15):
 par new generation   total 6144K, used 5236K [0x00000000fec00000, 0x00000000ff2a0000, 0x00000000ff2a0000)
  eden space 5504K,  95% used [0x00000000fec00000, 0x00000000ff11b7f0, 0x00000000ff160000)
  from space 640K,   0% used [0x00000000ff160000, 0x00000000ff161830, 0x00000000ff200000)
  to   space 640K,   0% used [0x00000000ff200000, 0x00000000ff200000, 0x00000000ff2a0000)
 concurrent mark-sweep generation total 13696K, used 9053K [0x00000000ff2a0000, 0x0000000100000000, 0x0000000100000000)
 Metaspace       used 4526K, capacity 4794K, committed 4992K, reserved 1056768K
  class space    used 495K, capacity 533K, committed 640K, reserved 1048576K
2024-07-16T17:58:53.749+0800: 0.894: [GC (Allocation Failure) 2024-07-16T17:58:53.749+0800: 0.894: [ParNew: 5236K->4K(6144K), 0.0004272 secs] 14289K->9057K(19840K), 0.0005186 secs] [Times: user=0.00 sys=0.00, real=0.00 secs] 
Heap after GC invocations=103 (full 15):
 par new generation   total 6144K, used 4K [0x00000000fec00000, 0x00000000ff2a0000, 0x00000000ff2a0000)
  eden space 5504K,   0% used [0x00000000fec00000, 0x00000000fec00000, 0x00000000ff160000)
  from space 640K,   0% used [0x00000000ff200000, 0x00000000ff201020, 0x00000000ff2a0000)
  to   space 640K,   0% used [0x00000000ff160000, 0x00000000ff160000, 0x00000000ff200000)
 concurrent mark-sweep generation total 13696K, used 9053K [0x00000000ff2a0000, 0x0000000100000000, 0x0000000100000000)
 Metaspace       used 4526K, capacity 4794K, committed 4992K, reserved 1056768K
  class space    used 495K, capacity 533K, committed 640K, reserved 1048576K
}
{Heap before GC invocations=103 (full 15):
 par new generation   total 6144K, used 5234K [0x00000000fec00000, 0x00000000ff2a0000, 0x00000000ff2a0000)
  eden space 5504K,  95% used [0x00000000fec00000, 0x00000000ff11b7f0, 0x00000000ff160000)
  from space 640K,   0% used [0x00000000ff200000, 0x00000000ff201020, 0x00000000ff2a0000)
  to   space 640K,   0% used [0x00000000ff160000, 0x00000000ff160000, 0x00000000ff200000)
 concurrent mark-sweep generation total 13696K, used 9053K [0x00000000ff2a0000, 0x0000000100000000, 0x0000000100000000)
 Metaspace       used 4539K, capacity 4794K, committed 4992K, reserved 1056768K
  class space    used 495K, capacity 533K, committed 640K, reserved 1048576K
2024-07-16T17:58:53.757+0800: 0.902: [GC (Allocation Failure) 2024-07-16T17:58:53.757+0800: 0.902: [ParNew: 5234K->8K(6144K), 0.0004139 secs] 14287K->10087K(19840K), 0.0004731 secs] [Times: user=0.00 sys=0.00, real=0.00 secs] 
Heap after GC invocations=104 (full 15):
 par new generation   total 6144K, used 8K [0x00000000fec00000, 0x00000000ff2a0000, 0x00000000ff2a0000)
  eden space 5504K,   0% used [0x00000000fec00000, 0x00000000fec00000, 0x00000000ff160000)
  from space 640K,   1% used [0x00000000ff160000, 0x00000000ff162040, 0x00000000ff200000)
  to   space 640K,   0% used [0x00000000ff200000, 0x00000000ff200000, 0x00000000ff2a0000)
 concurrent mark-sweep generation total 13696K, used 10079K [0x00000000ff2a0000, 0x0000000100000000, 0x0000000100000000)
 Metaspace       used 4539K, capacity 4794K, committed 4992K, reserved 1056768K
  class space    used 495K, capacity 533K, committed 640K, reserved 1048576K
}
{Heap before GC invocations=104 (full 15):
 par new generation   total 6144K, used 5237K [0x00000000fec00000, 0x00000000ff2a0000, 0x00000000ff2a0000)
  eden space 5504K,  95% used [0x00000000fec00000, 0x00000000ff11b778, 0x00000000ff160000)
  from space 640K,   1% used [0x00000000ff160000, 0x00000000ff162040, 0x00000000ff200000)
  to   space 640K,   0% used [0x00000000ff200000, 0x00000000ff200000, 0x00000000ff2a0000)
 concurrent mark-sweep generation total 13696K, used 10079K [0x00000000ff2a0000, 0x0000000100000000, 0x0000000100000000)
 Metaspace       used 4539K, capacity 4794K, committed 4992K, reserved 1056768K
  class space    used 495K, capacity 533K, committed 640K, reserved 1048576K
2024-07-16T17:58:53.765+0800: 0.910: [GC (Allocation Failure) 2024-07-16T17:58:53.765+0800: 0.910: [ParNew: 5237K->4K(6144K), 0.0002855 secs] 15317K->10083K(19840K), 0.0003209 secs] [Times: user=0.00 sys=0.00, real=0.00 secs] 
Heap after GC invocations=105 (full 15):
 par new generation   total 6144K, used 4K [0x00000000fec00000, 0x00000000ff2a0000, 0x00000000ff2a0000)
  eden space 5504K,   0% used [0x00000000fec00000, 0x00000000fec00000, 0x00000000ff160000)
  from space 640K,   0% used [0x00000000ff200000, 0x00000000ff201020, 0x00000000ff2a0000)
  to   space 640K,   0% used [0x00000000ff160000, 0x00000000ff160000, 0x00000000ff200000)
 concurrent mark-sweep generation total 13696K, used 10079K [0x00000000ff2a0000, 0x0000000100000000, 0x0000000100000000)
 Metaspace       used 4539K, capacity 4794K, committed 4992K, reserved 1056768K
  class space    used 495K, capacity 533K, committed 640K, reserved 1048576K
}
{Heap before GC invocations=105 (full 15):
 par new generation   total 6144K, used 5234K [0x00000000fec00000, 0x00000000ff2a0000, 0x00000000ff2a0000)
  eden space 5504K,  95% used [0x00000000fec00000, 0x00000000ff11bab0, 0x00000000ff160000)
  from space 640K,   0% used [0x00000000ff200000, 0x00000000ff201020, 0x00000000ff2a0000)
  to   space 640K,   0% used [0x00000000ff160000, 0x00000000ff160000, 0x00000000ff200000)
 concurrent mark-sweep generation total 13696K, used 10079K [0x00000000ff2a0000, 0x0000000100000000, 0x0000000100000000)
 Metaspace       used 4541K, capacity 4794K, committed 4992K, reserved 1056768K
  class space    used 495K, capacity 533K, committed 640K, reserved 1048576K
2024-07-16T17:58:53.771+0800: 0.916: [GC (Allocation Failure) 2024-07-16T17:58:53.771+0800: 0.916: [ParNew: 5234K->6K(6144K), 0.0004860 secs] 15314K->11109K(19840K), 0.0005532 secs] [Times: user=0.00 sys=0.00, real=0.00 secs] 
Heap after GC invocations=106 (full 15):
 par new generation   total 6144K, used 6K [0x00000000fec00000, 0x00000000ff2a0000, 0x00000000ff2a0000)
  eden space 5504K,   0% used [0x00000000fec00000, 0x00000000fec00000, 0x00000000ff160000)
  from space 640K,   0% used [0x00000000ff160000, 0x00000000ff161830, 0x00000000ff200000)
  to   space 640K,   0% used [0x00000000ff200000, 0x00000000ff200000, 0x00000000ff2a0000)
 concurrent mark-sweep generation total 13696K, used 11103K [0x00000000ff2a0000, 0x0000000100000000, 0x0000000100000000)
 Metaspace       used 4541K, capacity 4794K, committed 4992K, reserved 1056768K
  class space    used 495K, capacity 533K, committed 640K, reserved 1048576K
}
{Heap before GC invocations=106 (full 15):
 par new generation   total 6144K, used 5236K [0x00000000fec00000, 0x00000000ff2a0000, 0x00000000ff2a0000)
  eden space 5504K,  95% used [0x00000000fec00000, 0x00000000ff11b990, 0x00000000ff160000)
  from space 640K,   0% used [0x00000000ff160000, 0x00000000ff161830, 0x00000000ff200000)
  to   space 640K,   0% used [0x00000000ff200000, 0x00000000ff200000, 0x00000000ff2a0000)
 concurrent mark-sweep generation total 13696K, used 11103K [0x00000000ff2a0000, 0x0000000100000000, 0x0000000100000000)
 Metaspace       used 4541K, capacity 4794K, committed 4992K, reserved 1056768K
  class space    used 495K, capacity 533K, committed 640K, reserved 1048576K
2024-07-16T17:58:53.778+0800: 0.923: [GC (Allocation Failure) 2024-07-16T17:58:53.778+0800: 0.923: [ParNew: 5236K->4K(6144K), 0.0002465 secs] 16340K->11107K(19840K), 0.0002935 secs] [Times: user=0.00 sys=0.00, real=0.00 secs] 
Heap after GC invocations=107 (full 15):
 par new generation   total 6144K, used 4K [0x00000000fec00000, 0x00000000ff2a0000, 0x00000000ff2a0000)
  eden space 5504K,   0% used [0x00000000fec00000, 0x00000000fec00000, 0x00000000ff160000)
  from space 640K,   0% used [0x00000000ff200000, 0x00000000ff201020, 0x00000000ff2a0000)
  to   space 640K,   0% used [0x00000000ff160000, 0x00000000ff160000, 0x00000000ff200000)
 concurrent mark-sweep generation total 13696K, used 11103K [0x00000000ff2a0000, 0x0000000100000000, 0x0000000100000000)
 Metaspace       used 4541K, capacity 4794K, committed 4992K, reserved 1056768K
  class space    used 495K, capacity 533K, committed 640K, reserved 1048576K
}
{Heap before GC invocations=107 (full 15):
 par new generation   total 6144K, used 5234K [0x00000000fec00000, 0x00000000ff2a0000, 0x00000000ff2a0000)
  eden space 5504K,  95% used [0x00000000fec00000, 0x00000000ff11b8d0, 0x00000000ff160000)
  from space 640K,   0% used [0x00000000ff200000, 0x00000000ff201020, 0x00000000ff2a0000)
  to   space 640K,   0% used [0x00000000ff160000, 0x00000000ff160000, 0x00000000ff200000)
 concurrent mark-sweep generation total 13696K, used 11103K [0x00000000ff2a0000, 0x0000000100000000, 0x0000000100000000)
 Metaspace       used 4541K, capacity 4794K, committed 4992K, reserved 1056768K
  class space    used 495K, capacity 533K, committed 640K, reserved 1048576K
2024-07-16T17:58:53.785+0800: 0.930: [GC (Allocation Failure) 2024-07-16T17:58:53.785+0800: 0.930: [ParNew: 5234K->6K(6144K), 0.0003713 secs] 16338K->12133K(19840K), 0.0004158 secs] [Times: user=0.00 sys=0.00, real=0.00 secs] 
Heap after GC invocations=108 (full 15):
 par new generation   total 6144K, used 6K [0x00000000fec00000, 0x00000000ff2a0000, 0x00000000ff2a0000)
  eden space 5504K,   0% used [0x00000000fec00000, 0x00000000fec00000, 0x00000000ff160000)
  from space 640K,   0% used [0x00000000ff160000, 0x00000000ff161830, 0x00000000ff200000)
  to   space 640K,   0% used [0x00000000ff200000, 0x00000000ff200000, 0x00000000ff2a0000)
 concurrent mark-sweep generation total 13696K, used 12127K [0x00000000ff2a0000, 0x0000000100000000, 0x0000000100000000)
 Metaspace       used 4541K, capacity 4794K, committed 4992K, reserved 1056768K
  class space    used 495K, capacity 533K, committed 640K, reserved 1048576K
}
{Heap before GC invocations=108 (full 15):
 par new generation   total 6144K, used 5236K [0x00000000fec00000, 0x00000000ff2a0000, 0x00000000ff2a0000)
  eden space 5504K,  95% used [0x00000000fec00000, 0x00000000ff11b858, 0x00000000ff160000)
  from space 640K,   0% used [0x00000000ff160000, 0x00000000ff161830, 0x00000000ff200000)
  to   space 640K,   0% used [0x00000000ff200000, 0x00000000ff200000, 0x00000000ff2a0000)
 concurrent mark-sweep generation total 13696K, used 12127K [0x00000000ff2a0000, 0x0000000100000000, 0x0000000100000000)
 Metaspace       used 4541K, capacity 4794K, committed 4992K, reserved 1056768K
  class space    used 495K, capacity 533K, committed 640K, reserved 1048576K
2024-07-16T17:58:53.792+0800: 0.937: [GC (Allocation Failure) 2024-07-16T17:58:53.792+0800: 0.937: [ParNew: 5236K->5236K(6144K), 0.0000161 secs]2024-07-16T17:58:53.792+0800: 0.937: [CMS2024-07-16T17:58:53.792+0800: 0.937: [CMS-concurrent-abortable-preclean: 0.001/0.056 secs] [Times: user=0.02 sys=0.00, real=0.06 secs] 
 (concurrent mode failure): 12127K->845K(13696K), 0.0031632 secs] 17363K->845K(19840K), [Metaspace: 4541K->4541K(1056768K)], 0.0032735 secs] [Times: user=0.00 sys=0.00, real=0.00 secs] 
Heap after GC invocations=109 (full 16):
 par new generation   total 6144K, used 0K [0x00000000fec00000, 0x00000000ff2a0000, 0x00000000ff2a0000)
  eden space 5504K,   0% used [0x00000000fec00000, 0x00000000fec00000, 0x00000000ff160000)
  from space 640K,   0% used [0x00000000ff160000, 0x00000000ff160000, 0x00000000ff200000)
  to   space 640K,   0% used [0x00000000ff200000, 0x00000000ff200000, 0x00000000ff2a0000)
 concurrent mark-sweep generation total 13696K, used 845K [0x00000000ff2a0000, 0x0000000100000000, 0x0000000100000000)
 Metaspace       used 4541K, capacity 4794K, committed 4992K, reserved 1056768K
  class space    used 495K, capacity 533K, committed 640K, reserved 1048576K
}
{Heap before GC invocations=109 (full 16):
 par new generation   total 6144K, used 5230K [0x00000000fec00000, 0x00000000ff2a0000, 0x00000000ff2a0000)
  eden space 5504K,  95% used [0x00000000fec00000, 0x00000000ff11b808, 0x00000000ff160000)
  from space 640K,   0% used [0x00000000ff160000, 0x00000000ff160000, 0x00000000ff200000)
  to   space 640K,   0% used [0x00000000ff200000, 0x00000000ff200000, 0x00000000ff2a0000)
 concurrent mark-sweep generation total 13696K, used 845K [0x00000000ff2a0000, 0x0000000100000000, 0x0000000100000000)
 Metaspace       used 4541K, capacity 4794K, committed 4992K, reserved 1056768K
  class space    used 495K, capacity 533K, committed 640K, reserved 1048576K
2024-07-16T17:58:53.803+0800: 0.948: [GC (Allocation Failure) 2024-07-16T17:58:53.803+0800: 0.948: [ParNew: 5230K->8K(6144K), 0.0005156 secs] 6075K->1879K(19840K), 0.0005817 secs] [Times: user=0.00 sys=0.00, real=0.00 secs] 
Heap after GC invocations=110 (full 16):
 par new generation   total 6144K, used 8K [0x00000000fec00000, 0x00000000ff2a0000, 0x00000000ff2a0000)
  eden space 5504K,   0% used [0x00000000fec00000, 0x00000000fec00000, 0x00000000ff160000)
  from space 640K,   1% used [0x00000000ff200000, 0x00000000ff202040, 0x00000000ff2a0000)
  to   space 640K,   0% used [0x00000000ff160000, 0x00000000ff160000, 0x00000000ff200000)
 concurrent mark-sweep generation total 13696K, used 1871K [0x00000000ff2a0000, 0x0000000100000000, 0x0000000100000000)
 Metaspace       used 4541K, capacity 4794K, committed 4992K, reserved 1056768K
  class space    used 495K, capacity 533K, committed 640K, reserved 1048576K
}
{Heap before GC invocations=110 (full 16):
 par new generation   total 6144K, used 5238K [0x00000000fec00000, 0x00000000ff2a0000, 0x00000000ff2a0000)
  eden space 5504K,  95% used [0x00000000fec00000, 0x00000000ff11b7d8, 0x00000000ff160000)
  from space 640K,   1% used [0x00000000ff200000, 0x00000000ff202040, 0x00000000ff2a0000)
  to   space 640K,   0% used [0x00000000ff160000, 0x00000000ff160000, 0x00000000ff200000)
 concurrent mark-sweep generation total 13696K, used 1871K [0x00000000ff2a0000, 0x0000000100000000, 0x0000000100000000)
 Metaspace       used 4541K, capacity 4794K, committed 4992K, reserved 1056768K
  class space    used 495K, capacity 533K, committed 640K, reserved 1048576K
2024-07-16T17:58:53.811+0800: 0.956: [GC (Allocation Failure) 2024-07-16T17:58:53.811+0800: 0.956: [ParNew: 5238K->7K(6144K), 0.0004849 secs] 7109K->2904K(19840K), 0.0005565 secs] [Times: user=0.00 sys=0.00, real=0.00 secs] 
Heap after GC invocations=111 (full 16):
 par new generation   total 6144K, used 7K [0x00000000fec00000, 0x00000000ff2a0000, 0x00000000ff2a0000)
  eden space 5504K,   0% used [0x00000000fec00000, 0x00000000fec00000, 0x00000000ff160000)
  from space 640K,   1% used [0x00000000ff160000, 0x00000000ff161d10, 0x00000000ff200000)
  to   space 640K,   0% used [0x00000000ff200000, 0x00000000ff200000, 0x00000000ff2a0000)
 concurrent mark-sweep generation total 13696K, used 2897K [0x00000000ff2a0000, 0x0000000100000000, 0x0000000100000000)
 Metaspace       used 4541K, capacity 4794K, committed 4992K, reserved 1056768K
  class space    used 495K, capacity 533K, committed 640K, reserved 1048576K
}
{Heap before GC invocations=111 (full 16):
 par new generation   total 6144K, used 5237K [0x00000000fec00000, 0x00000000ff2a0000, 0x00000000ff2a0000)
  eden space 5504K,  95% used [0x00000000fec00000, 0x00000000ff11b7b8, 0x00000000ff160000)
  from space 640K,   1% used [0x00000000ff160000, 0x00000000ff161d10, 0x00000000ff200000)
  to   space 640K,   0% used [0x00000000ff200000, 0x00000000ff200000, 0x00000000ff2a0000)
 concurrent mark-sweep generation total 13696K, used 2897K [0x00000000ff2a0000, 0x0000000100000000, 0x0000000100000000)
 Metaspace       used 4541K, capacity 4794K, committed 4992K, reserved 1056768K
  class space    used 495K, capacity 533K, committed 640K, reserved 1048576K
2024-07-16T17:58:53.817+0800: 0.962: [GC (Allocation Failure) 2024-07-16T17:58:53.817+0800: 0.962: [ParNew: 5237K->11K(6144K), 0.0004577 secs] 8134K->3934K(19840K), 0.0005103 secs] [Times: user=0.00 sys=0.00, real=0.00 secs] 
Heap after GC invocations=112 (full 16):
 par new generation   total 6144K, used 11K [0x00000000fec00000, 0x00000000ff2a0000, 0x00000000ff2a0000)
  eden space 5504K,   0% used [0x00000000fec00000, 0x00000000fec00000, 0x00000000ff160000)
  from space 640K,   1% used [0x00000000ff200000, 0x00000000ff202d30, 0x00000000ff2a0000)
  to   space 640K,   0% used [0x00000000ff160000, 0x00000000ff160000, 0x00000000ff200000)
 concurrent mark-sweep generation total 13696K, used 3923K [0x00000000ff2a0000, 0x0000000100000000, 0x0000000100000000)
 Metaspace       used 4541K, capacity 4794K, committed 4992K, reserved 1056768K
  class space    used 495K, capacity 533K, committed 640K, reserved 1048576K
}
{Heap before GC invocations=112 (full 16):
 par new generation   total 6144K, used 5241K [0x00000000fec00000, 0x00000000ff2a0000, 0x00000000ff2a0000)
  eden space 5504K,  95% used [0x00000000fec00000, 0x00000000ff11b7b8, 0x00000000ff160000)
  from space 640K,   1% used [0x00000000ff200000, 0x00000000ff202d30, 0x00000000ff2a0000)
  to   space 640K,   0% used [0x00000000ff160000, 0x00000000ff160000, 0x00000000ff200000)
 concurrent mark-sweep generation total 13696K, used 3923K [0x00000000ff2a0000, 0x0000000100000000, 0x0000000100000000)
 Metaspace       used 4541K, capacity 4794K, committed 4992K, reserved 1056768K
  class space    used 495K, capacity 533K, committed 640K, reserved 1048576K
2024-07-16T17:58:53.825+0800: 0.970: [GC (Allocation Failure) 2024-07-16T17:58:53.825+0800: 0.970: [ParNew: 5241K->7K(6144K), 0.0002885 secs] 9164K->3930K(19840K), 0.0003548 secs] [Times: user=0.00 sys=0.00, real=0.00 secs] 
Heap after GC invocations=113 (full 16):
 par new generation   total 6144K, used 7K [0x00000000fec00000, 0x00000000ff2a0000, 0x00000000ff2a0000)
  eden space 5504K,   0% used [0x00000000fec00000, 0x00000000fec00000, 0x00000000ff160000)
  from space 640K,   1% used [0x00000000ff160000, 0x00000000ff161d10, 0x00000000ff200000)
  to   space 640K,   0% used [0x00000000ff200000, 0x00000000ff200000, 0x00000000ff2a0000)
 concurrent mark-sweep generation total 13696K, used 3923K [0x00000000ff2a0000, 0x0000000100000000, 0x0000000100000000)
 Metaspace       used 4541K, capacity 4794K, committed 4992K, reserved 1056768K
  class space    used 495K, capacity 533K, committed 640K, reserved 1048576K
}
{Heap before GC invocations=113 (full 16):
 par new generation   total 6144K, used 5237K [0x00000000fec00000, 0x00000000ff2a0000, 0x00000000ff2a0000)
  eden space 5504K,  95% used [0x00000000fec00000, 0x00000000ff11b7a0, 0x00000000ff160000)
  from space 640K,   1% used [0x00000000ff160000, 0x00000000ff161d10, 0x00000000ff200000)
  to   space 640K,   0% used [0x00000000ff200000, 0x00000000ff200000, 0x00000000ff2a0000)
 concurrent mark-sweep generation total 13696K, used 3923K [0x00000000ff2a0000, 0x0000000100000000, 0x0000000100000000)
 Metaspace       used 4541K, capacity 4794K, committed 4992K, reserved 1056768K
  class space    used 495K, capacity 533K, committed 640K, reserved 1048576K
2024-07-16T17:58:53.833+0800: 0.978: [GC (Allocation Failure) 2024-07-16T17:58:53.833+0800: 0.978: [ParNew: 5237K->7K(6144K), 0.0003571 secs] 9160K->3930K(19840K), 0.0004230 secs] [Times: user=0.00 sys=0.00, real=0.00 secs] 
Heap after GC invocations=114 (full 16):
 par new generation   total 6144K, used 7K [0x00000000fec00000, 0x00000000ff2a0000, 0x00000000ff2a0000)
  eden space 5504K,   0% used [0x00000000fec00000, 0x00000000fec00000, 0x00000000ff160000)
  from space 640K,   1% used [0x00000000ff200000, 0x00000000ff201d10, 0x00000000ff2a0000)
  to   space 640K,   0% used [0x00000000ff160000, 0x00000000ff160000, 0x00000000ff200000)
 concurrent mark-sweep generation total 13696K, used 3923K [0x00000000ff2a0000, 0x0000000100000000, 0x0000000100000000)
 Metaspace       used 4541K, capacity 4794K, committed 4992K, reserved 1056768K
  class space    used 495K, capacity 533K, committed 640K, reserved 1048576K
}
{Heap before GC invocations=114 (full 16):
 par new generation   total 6144K, used 5237K [0x00000000fec00000, 0x00000000ff2a0000, 0x00000000ff2a0000)
  eden space 5504K,  95% used [0x00000000fec00000, 0x00000000ff11b798, 0x00000000ff160000)
  from space 640K,   1% used [0x00000000ff200000, 0x00000000ff201d10, 0x00000000ff2a0000)
  to   space 640K,   0% used [0x00000000ff160000, 0x00000000ff160000, 0x00000000ff200000)
 concurrent mark-sweep generation total 13696K, used 3923K [0x00000000ff2a0000, 0x0000000100000000, 0x0000000100000000)
 Metaspace       used 4541K, capacity 4794K, committed 4992K, reserved 1056768K
  class space    used 495K, capacity 533K, committed 640K, reserved 1048576K
2024-07-16T17:58:53.843+0800: 0.987: [GC (Allocation Failure) 2024-07-16T17:58:53.843+0800: 0.987: [ParNew: 5237K->7K(6144K), 0.0003691 secs] 9160K->3930K(19840K), 0.0004218 secs] [Times: user=0.00 sys=0.00, real=0.00 secs] 
Heap after GC invocations=115 (full 16):
 par new generation   total 6144K, used 7K [0x00000000fec00000, 0x00000000ff2a0000, 0x00000000ff2a0000)
  eden space 5504K,   0% used [0x00000000fec00000, 0x00000000fec00000, 0x00000000ff160000)
  from space 640K,   1% used [0x00000000ff160000, 0x00000000ff161d10, 0x00000000ff200000)
  to   space 640K,   0% used [0x00000000ff200000, 0x00000000ff200000, 0x00000000ff2a0000)
 concurrent mark-sweep generation total 13696K, used 3923K [0x00000000ff2a0000, 0x0000000100000000, 0x0000000100000000)
 Metaspace       used 4541K, capacity 4794K, committed 4992K, reserved 1056768K
  class space    used 495K, capacity 533K, committed 640K, reserved 1048576K
}
{Heap before GC invocations=115 (full 16):
 par new generation   total 6144K, used 5237K [0x00000000fec00000, 0x00000000ff2a0000, 0x00000000ff2a0000)
  eden space 5504K,  95% used [0x00000000fec00000, 0x00000000ff11b790, 0x00000000ff160000)
  from space 640K,   1% used [0x00000000ff160000, 0x00000000ff161d10, 0x00000000ff200000)
  to   space 640K,   0% used [0x00000000ff200000, 0x00000000ff200000, 0x00000000ff2a0000)
 concurrent mark-sweep generation total 13696K, used 3923K [0x00000000ff2a0000, 0x0000000100000000, 0x0000000100000000)
 Metaspace       used 4541K, capacity 4794K, committed 4992K, reserved 1056768K
  class space    used 495K, capacity 533K, committed 640K, reserved 1048576K
2024-07-16T17:58:53.851+0800: 0.996: [GC (Allocation Failure) 2024-07-16T17:58:53.851+0800: 0.996: [ParNew: 5237K->7K(6144K), 0.0003757 secs] 9160K->3930K(19840K), 0.0004403 secs] [Times: user=0.00 sys=0.00, real=0.00 secs] 
Heap after GC invocations=116 (full 16):
 par new generation   total 6144K, used 7K [0x00000000fec00000, 0x00000000ff2a0000, 0x00000000ff2a0000)
  eden space 5504K,   0% used [0x00000000fec00000, 0x00000000fec00000, 0x00000000ff160000)
  from space 640K,   1% used [0x00000000ff200000, 0x00000000ff201d10, 0x00000000ff2a0000)
  to   space 640K,   0% used [0x00000000ff160000, 0x00000000ff160000, 0x00000000ff200000)
 concurrent mark-sweep generation total 13696K, used 3923K [0x00000000ff2a0000, 0x0000000100000000, 0x0000000100000000)
 Metaspace       used 4541K, capacity 4794K, committed 4992K, reserved 1056768K
  class space    used 495K, capacity 533K, committed 640K, reserved 1048576K
}
{Heap before GC invocations=116 (full 16):
 par new generation   total 6144K, used 5237K [0x00000000fec00000, 0x00000000ff2a0000, 0x00000000ff2a0000)
  eden space 5504K,  95% used [0x00000000fec00000, 0x00000000ff11b788, 0x00000000ff160000)
  from space 640K,   1% used [0x00000000ff200000, 0x00000000ff201d10, 0x00000000ff2a0000)
  to   space 640K,   0% used [0x00000000ff160000, 0x00000000ff160000, 0x00000000ff200000)
 concurrent mark-sweep generation total 13696K, used 3923K [0x00000000ff2a0000, 0x0000000100000000, 0x0000000100000000)
 Metaspace       used 4541K, capacity 4794K, committed 4992K, reserved 1056768K
  class space    used 495K, capacity 533K, committed 640K, reserved 1048576K
2024-07-16T17:58:53.861+0800: 1.006: [GC (Allocation Failure) 2024-07-16T17:58:53.861+0800: 1.006: [ParNew: 5237K->6K(6144K), 0.0005175 secs] 9160K->5984K(19840K), 0.0005878 secs] [Times: user=0.00 sys=0.00, real=0.00 secs] 
Heap after GC invocations=117 (full 16):
 par new generation   total 6144K, used 6K [0x00000000fec00000, 0x00000000ff2a0000, 0x00000000ff2a0000)
  eden space 5504K,   0% used [0x00000000fec00000, 0x00000000fec00000, 0x00000000ff160000)
  from space 640K,   0% used [0x00000000ff160000, 0x00000000ff161830, 0x00000000ff200000)
  to   space 640K,   0% used [0x00000000ff200000, 0x00000000ff200000, 0x00000000ff2a0000)
 concurrent mark-sweep generation total 13696K, used 5978K [0x00000000ff2a0000, 0x0000000100000000, 0x0000000100000000)
 Metaspace       used 4541K, capacity 4794K, committed 4992K, reserved 1056768K
  class space    used 495K, capacity 533K, committed 640K, reserved 1048576K
}
2024-07-16T17:58:53.862+0800: 1.007: [GC (CMS Initial Mark) [1 CMS-initial-mark: 5978K(13696K)] 7008K(19840K), 0.0001404 secs] [Times: user=0.00 sys=0.00, real=0.00 secs] 
2024-07-16T17:58:53.862+0800: 1.007: [CMS-concurrent-mark-start]
2024-07-16T17:58:53.863+0800: 1.008: [CMS-concurrent-mark: 0.001/0.001 secs] [Times: user=0.00 sys=0.00, real=0.00 secs] 
2024-07-16T17:58:53.863+0800: 1.008: [CMS-concurrent-preclean-start]
2024-07-16T17:58:53.863+0800: 1.009: [CMS-concurrent-preclean: 0.000/0.000 secs] [Times: user=0.00 sys=0.00, real=0.00 secs] 
2024-07-16T17:58:53.863+0800: 1.009: [GC (CMS Final Remark) [YG occupancy: 1139 K (6144 K)]2024-07-16T17:58:53.863+0800: 1.009: [Rescan (parallel) , 0.0001554 secs]2024-07-16T17:58:53.863+0800: 1.009: [weak refs processing, 0.0000226 secs]2024-07-16T17:58:53.863+0800: 1.009: [class unloading, 0.0004193 secs]2024-07-16T17:58:53.864+0800: 1.009: [scrub symbol table, 0.0004660 secs]2024-07-16T17:58:53.864+0800: 1.010: [scrub string table, 0.0001211 secs][1 CMS-remark: 5978K(13696K)] 7118K(19840K), 0.0012634 secs] [Times: user=0.00 sys=0.00, real=0.00 secs] 
2024-07-16T17:58:53.866+0800: 1.012: [CMS-concurrent-sweep-start]
2024-07-16T17:58:53.867+0800: 1.012: [CMS-concurrent-sweep: 0.000/0.000 secs] [Times: user=0.00 sys=0.00, real=0.00 secs] 
2024-07-16T17:58:53.867+0800: 1.012: [CMS-concurrent-reset-start]
2024-07-16T17:58:53.867+0800: 1.012: [CMS-concurrent-reset: 0.000/0.000 secs] [Times: user=0.00 sys=0.00, real=0.00 secs] 
{Heap before GC invocations=117 (full 17):
 par new generation   total 6144K, used 5235K [0x00000000fec00000, 0x00000000ff2a0000, 0x00000000ff2a0000)
  eden space 5504K,  95% used [0x00000000fec00000, 0x00000000ff11b780, 0x00000000ff160000)
  from space 640K,   0% used [0x00000000ff160000, 0x00000000ff161830, 0x00000000ff200000)
  to   space 640K,   0% used [0x00000000ff200000, 0x00000000ff200000, 0x00000000ff2a0000)
 concurrent mark-sweep generation total 13696K, used 856K [0x00000000ff2a0000, 0x0000000100000000, 0x0000000100000000)
 Metaspace       used 4541K, capacity 4794K, committed 4992K, reserved 1056768K
  class space    used 495K, capacity 533K, committed 640K, reserved 1048576K
2024-07-16T17:58:53.871+0800: 1.016: [GC (Allocation Failure) 2024-07-16T17:58:53.871+0800: 1.016: [ParNew: 5235K->4K(6144K), 0.0004509 secs] 6092K->1884K(19840K), 0.0005078 secs] [Times: user=0.00 sys=0.00, real=0.00 secs] 
Heap after GC invocations=118 (full 17):
 par new generation   total 6144K, used 4K [0x00000000fec00000, 0x00000000ff2a0000, 0x00000000ff2a0000)
  eden space 5504K,   0% used [0x00000000fec00000, 0x00000000fec00000, 0x00000000ff160000)
  from space 640K,   0% used [0x00000000ff200000, 0x00000000ff201020, 0x00000000ff2a0000)
  to   space 640K,   0% used [0x00000000ff160000, 0x00000000ff160000, 0x00000000ff200000)
 concurrent mark-sweep generation total 13696K, used 1880K [0x00000000ff2a0000, 0x0000000100000000, 0x0000000100000000)
 Metaspace       used 4541K, capacity 4794K, committed 4992K, reserved 1056768K
  class space    used 495K, capacity 533K, committed 640K, reserved 1048576K
}
{Heap before GC invocations=118 (full 17):
 par new generation   total 6144K, used 5491K [0x00000000fec00000, 0x00000000ff2a0000, 0x00000000ff2a0000)
  eden space 5504K,  99% used [0x00000000fec00000, 0x00000000ff15bdd8, 0x00000000ff160000)
  from space 640K,   0% used [0x00000000ff200000, 0x00000000ff201020, 0x00000000ff2a0000)
  to   space 640K,   0% used [0x00000000ff160000, 0x00000000ff160000, 0x00000000ff200000)
 concurrent mark-sweep generation total 13696K, used 1880K [0x00000000ff2a0000, 0x0000000100000000, 0x0000000100000000)
 Metaspace       used 4679K, capacity 4830K, committed 4992K, reserved 1056768K
  class space    used 506K, capacity 565K, committed 640K, reserved 1048576K
2024-07-16T17:58:53.879+0800: 1.024: [GC (Allocation Failure) 2024-07-16T17:58:53.879+0800: 1.024: [ParNew: 5491K->78K(6144K), 0.0006329 secs] 7372K->4009K(19840K), 0.0007001 secs] [Times: user=0.00 sys=0.00, real=0.00 secs] 
Heap after GC invocations=119 (full 17):
 par new generation   total 6144K, used 78K [0x00000000fec00000, 0x00000000ff2a0000, 0x00000000ff2a0000)
  eden space 5504K,   0% used [0x00000000fec00000, 0x00000000fec00000, 0x00000000ff160000)
  from space 640K,  12% used [0x00000000ff160000, 0x00000000ff173af0, 0x00000000ff200000)
  to   space 640K,   0% used [0x00000000ff200000, 0x00000000ff200000, 0x00000000ff2a0000)
 concurrent mark-sweep generation total 13696K, used 3930K [0x00000000ff2a0000, 0x0000000100000000, 0x0000000100000000)
 Metaspace       used 4679K, capacity 4830K, committed 4992K, reserved 1056768K
  class space    used 506K, capacity 565K, committed 640K, reserved 1048576K
}
{Heap before GC invocations=119 (full 17):
 par new generation   total 6144K, used 4654K [0x00000000fec00000, 0x00000000ff2a0000, 0x00000000ff2a0000)
  eden space 5504K,  83% used [0x00000000fec00000, 0x00000000ff077f90, 0x00000000ff160000)
  from space 640K,  12% used [0x00000000ff160000, 0x00000000ff173af0, 0x00000000ff200000)
  to   space 640K,   0% used [0x00000000ff200000, 0x00000000ff200000, 0x00000000ff2a0000)
 concurrent mark-sweep generation total 13696K, used 3930K [0x00000000ff2a0000, 0x0000000100000000, 0x0000000100000000)
 Metaspace       used 4861K, capacity 5066K, committed 5248K, reserved 1056768K
  class space    used 535K, capacity 597K, committed 640K, reserved 1048576K
2024-07-16T17:58:53.887+0800: 1.032: [GC (Allocation Failure) 2024-07-16T17:58:53.887+0800: 1.032: [ParNew: 4654K->235K(6144K), 0.0006813 secs] 8585K->4166K(19840K), 0.0007561 secs] [Times: user=0.00 sys=0.00, real=0.00 secs] 
Heap after GC invocations=120 (full 17):
 par new generation   total 6144K, used 235K [0x00000000fec00000, 0x00000000ff2a0000, 0x00000000ff2a0000)
  eden space 5504K,   0% used [0x00000000fec00000, 0x00000000fec00000, 0x00000000ff160000)
  from space 640K,  36% used [0x00000000ff200000, 0x00000000ff23adb0, 0x00000000ff2a0000)
  to   space 640K,   0% used [0x00000000ff160000, 0x00000000ff160000, 0x00000000ff200000)
 concurrent mark-sweep generation total 13696K, used 3930K [0x00000000ff2a0000, 0x0000000100000000, 0x0000000100000000)
 Metaspace       used 4861K, capacity 5066K, committed 5248K, reserved 1056768K
  class space    used 535K, capacity 597K, committed 640K, reserved 1048576K
}
{Heap before GC invocations=120 (full 17):
 par new generation   total 6144K, used 4752K [0x00000000fec00000, 0x00000000ff2a0000, 0x00000000ff2a0000)
  eden space 5504K,  82% used [0x00000000fec00000, 0x00000000ff069470, 0x00000000ff160000)
  from space 640K,  36% used [0x00000000ff200000, 0x00000000ff23adb0, 0x00000000ff2a0000)
  to   space 640K,   0% used [0x00000000ff160000, 0x00000000ff160000, 0x00000000ff200000)
 concurrent mark-sweep generation total 13696K, used 3930K [0x00000000ff2a0000, 0x0000000100000000, 0x0000000100000000)
 Metaspace       used 5065K, capacity 5258K, committed 5504K, reserved 1056768K
  class space    used 557K, capacity 597K, committed 640K, reserved 1048576K
2024-07-16T17:58:53.894+0800: 1.039: [GC (Allocation Failure) 2024-07-16T17:58:53.894+0800: 1.039: [ParNew: 4752K->411K(6144K), 0.0006395 secs] 8683K->5366K(19840K), 0.0007126 secs] [Times: user=0.00 sys=0.00, real=0.00 secs] 
Heap after GC invocations=121 (full 17):
 par new generation   total 6144K, used 411K [0x00000000fec00000, 0x00000000ff2a0000, 0x00000000ff2a0000)
  eden space 5504K,   0% used [0x00000000fec00000, 0x00000000fec00000, 0x00000000ff160000)
  from space 640K,  64% used [0x00000000ff160000, 0x00000000ff1c6ea0, 0x00000000ff200000)
  to   space 640K,   0% used [0x00000000ff200000, 0x00000000ff200000, 0x00000000ff2a0000)
 concurrent mark-sweep generation total 13696K, used 4954K [0x00000000ff2a0000, 0x0000000100000000, 0x0000000100000000)
 Metaspace       used 5065K, capacity 5258K, committed 5504K, reserved 1056768K
  class space    used 557K, capacity 597K, committed 640K, reserved 1048576K
}
{Heap before GC invocations=121 (full 17):
 par new generation   total 6144K, used 5748K [0x00000000fec00000, 0x00000000ff2a0000, 0x00000000ff2a0000)
  eden space 5504K,  96% used [0x00000000fec00000, 0x00000000ff1364b0, 0x00000000ff160000)
  from space 640K,  64% used [0x00000000ff160000, 0x00000000ff1c6ea0, 0x00000000ff200000)
  to   space 640K,   0% used [0x00000000ff200000, 0x00000000ff200000, 0x00000000ff2a0000)
 concurrent mark-sweep generation total 13696K, used 4954K [0x00000000ff2a0000, 0x0000000100000000, 0x0000000100000000)
 Metaspace       used 5071K, capacity 5258K, committed 5504K, reserved 1056768K
  class space    used 557K, capacity 597K, committed 640K, reserved 1048576K
2024-07-16T17:58:53.903+0800: 1.048: [GC (Allocation Failure) 2024-07-16T17:58:53.903+0800: 1.048: [ParNew: 5748K->448K(6144K), 0.0004825 secs] 10703K->6460K(19840K), 0.0005467 secs] [Times: user=0.00 sys=0.00, real=0.00 secs] 
Heap after GC invocations=122 (full 17):
 par new generation   total 6144K, used 448K [0x00000000fec00000, 0x00000000ff2a0000, 0x00000000ff2a0000)
  eden space 5504K,   0% used [0x00000000fec00000, 0x00000000fec00000, 0x00000000ff160000)
  from space 640K,  70% used [0x00000000ff200000, 0x00000000ff270300, 0x00000000ff2a0000)
  to   space 640K,   0% used [0x00000000ff160000, 0x00000000ff160000, 0x00000000ff200000)
 concurrent mark-sweep generation total 13696K, used 6012K [0x00000000ff2a0000, 0x0000000100000000, 0x0000000100000000)
 Metaspace       used 5071K, capacity 5258K, committed 5504K, reserved 1056768K
  class space    used 557K, capacity 597K, committed 640K, reserved 1048576K
}
{Heap before GC invocations=122 (full 17):
 par new generation   total 6144K, used 5674K [0x00000000fec00000, 0x00000000ff2a0000, 0x00000000ff2a0000)
  eden space 5504K,  94% used [0x00000000fec00000, 0x00000000ff11a5d0, 0x00000000ff160000)
  from space 640K,  70% used [0x00000000ff200000, 0x00000000ff270300, 0x00000000ff2a0000)
  to   space 640K,   0% used [0x00000000ff160000, 0x00000000ff160000, 0x00000000ff200000)
 concurrent mark-sweep generation total 13696K, used 6012K [0x00000000ff2a0000, 0x0000000100000000, 0x0000000100000000)
 Metaspace       used 5071K, capacity 5258K, committed 5504K, reserved 1056768K
  class space    used 557K, capacity 597K, committed 640K, reserved 1048576K
2024-07-16T17:58:53.911+0800: 1.056: [GC (Allocation Failure) 2024-07-16T17:58:53.911+0800: 1.056: [ParNew: 5674K->485K(6144K), 0.0004001 secs] 11686K->7521K(19840K), 0.0004561 secs] [Times: user=0.00 sys=0.00, real=0.00 secs] 
Heap after GC invocations=123 (full 17):
 par new generation   total 6144K, used 485K [0x00000000fec00000, 0x00000000ff2a0000, 0x00000000ff2a0000)
  eden space 5504K,   0% used [0x00000000fec00000, 0x00000000fec00000, 0x00000000ff160000)
  from space 640K,  75% used [0x00000000ff160000, 0x00000000ff1d9480, 0x00000000ff200000)
  to   space 640K,   0% used [0x00000000ff200000, 0x00000000ff200000, 0x00000000ff2a0000)
 concurrent mark-sweep generation total 13696K, used 7036K [0x00000000ff2a0000, 0x0000000100000000, 0x0000000100000000)
 Metaspace       used 5071K, capacity 5258K, committed 5504K, reserved 1056768K
  class space    used 557K, capacity 597K, committed 640K, reserved 1048576K
}
{Heap before GC invocations=123 (full 17):
 par new generation   total 6144K, used 5712K [0x00000000fec00000, 0x00000000ff2a0000, 0x00000000ff2a0000)
  eden space 5504K,  94% used [0x00000000fec00000, 0x00000000ff11ac20, 0x00000000ff160000)
  from space 640K,  75% used [0x00000000ff160000, 0x00000000ff1d9480, 0x00000000ff200000)
  to   space 640K,   0% used [0x00000000ff200000, 0x00000000ff200000, 0x00000000ff2a0000)
 concurrent mark-sweep generation total 13696K, used 7036K [0x00000000ff2a0000, 0x0000000100000000, 0x0000000100000000)
 Metaspace       used 5071K, capacity 5258K, committed 5504K, reserved 1056768K
  class space    used 557K, capacity 597K, committed 640K, reserved 1048576K
2024-07-16T17:58:53.919+0800: 1.064: [GC (Allocation Failure) 2024-07-16T17:58:53.919+0800: 1.064: [ParNew: 5712K->498K(6144K), 0.0003408 secs] 12748K->7534K(19840K), 0.0003811 secs] [Times: user=0.00 sys=0.00, real=0.00 secs] 
Heap after GC invocations=124 (full 17):
 par new generation   total 6144K, used 498K [0x00000000fec00000, 0x00000000ff2a0000, 0x00000000ff2a0000)
  eden space 5504K,   0% used [0x00000000fec00000, 0x00000000fec00000, 0x00000000ff160000)
  from space 640K,  77% used [0x00000000ff200000, 0x00000000ff27c910, 0x00000000ff2a0000)
  to   space 640K,   0% used [0x00000000ff160000, 0x00000000ff160000, 0x00000000ff200000)
 concurrent mark-sweep generation total 13696K, used 7036K [0x00000000ff2a0000, 0x0000000100000000, 0x0000000100000000)
 Metaspace       used 5071K, capacity 5258K, committed 5504K, reserved 1056768K
  class space    used 557K, capacity 597K, committed 640K, reserved 1048576K
}
{Heap before GC invocations=124 (full 17):
 par new generation   total 6144K, used 5726K [0x00000000fec00000, 0x00000000ff2a0000, 0x00000000ff2a0000)
  eden space 5504K,  94% used [0x00000000fec00000, 0x00000000ff11b030, 0x00000000ff160000)
  from space 640K,  77% used [0x00000000ff200000, 0x00000000ff27c910, 0x00000000ff2a0000)
  to   space 640K,   0% used [0x00000000ff160000, 0x00000000ff160000, 0x00000000ff200000)
 concurrent mark-sweep generation total 13696K, used 7036K [0x00000000ff2a0000, 0x0000000100000000, 0x0000000100000000)
 Metaspace       used 5071K, capacity 5258K, committed 5504K, reserved 1056768K
  class space    used 557K, capacity 597K, committed 640K, reserved 1048576K
2024-07-16T17:58:53.926+0800: 1.071: [GC (Allocation Failure) 2024-07-16T17:58:53.926+0800: 1.071: [ParNew: 5726K->430K(6144K), 0.0004447 secs] 12762K->8490K(19840K), 0.0004994 secs] [Times: user=0.00 sys=0.00, real=0.00 secs] 
Heap after GC invocations=125 (full 17):
 par new generation   total 6144K, used 430K [0x00000000fec00000, 0x00000000ff2a0000, 0x00000000ff2a0000)
  eden space 5504K,   0% used [0x00000000fec00000, 0x00000000fec00000, 0x00000000ff160000)
  from space 640K,  67% used [0x00000000ff160000, 0x00000000ff1cb8b0, 0x00000000ff200000)
  to   space 640K,   0% used [0x00000000ff200000, 0x00000000ff200000, 0x00000000ff2a0000)
 concurrent mark-sweep generation total 13696K, used 8060K [0x00000000ff2a0000, 0x0000000100000000, 0x0000000100000000)
 Metaspace       used 5071K, capacity 5258K, committed 5504K, reserved 1056768K
  class space    used 557K, capacity 597K, committed 640K, reserved 1048576K
}
{Heap before GC invocations=125 (full 17):
 par new generation   total 6144K, used 5658K [0x00000000fec00000, 0x00000000ff2a0000, 0x00000000ff2a0000)
  eden space 5504K,  94% used [0x00000000fec00000, 0x00000000ff11b2c8, 0x00000000ff160000)
  from space 640K,  67% used [0x00000000ff160000, 0x00000000ff1cb8b0, 0x00000000ff200000)
  to   space 640K,   0% used [0x00000000ff200000, 0x00000000ff200000, 0x00000000ff2a0000)
 concurrent mark-sweep generation total 13696K, used 8060K [0x00000000ff2a0000, 0x0000000100000000, 0x0000000100000000)
 Metaspace       used 5071K, capacity 5258K, committed 5504K, reserved 1056768K
  class space    used 557K, capacity 597K, committed 640K, reserved 1048576K
2024-07-16T17:58:53.932+0800: 1.077: [GC (Allocation Failure) 2024-07-16T17:58:53.932+0800: 1.077: [ParNew: 5658K->278K(6144K), 0.0006704 secs] 13718K->9536K(19840K), 0.0007191 secs] [Times: user=0.00 sys=0.00, real=0.00 secs] 
Heap after GC invocations=126 (full 17):
 par new generation   total 6144K, used 278K [0x00000000fec00000, 0x00000000ff2a0000, 0x00000000ff2a0000)
  eden space 5504K,   0% used [0x00000000fec00000, 0x00000000fec00000, 0x00000000ff160000)
  from space 640K,  43% used [0x00000000ff200000, 0x00000000ff245bb8, 0x00000000ff2a0000)
  to   space 640K,   0% used [0x00000000ff160000, 0x00000000ff160000, 0x00000000ff200000)
 concurrent mark-sweep generation total 13696K, used 9257K [0x00000000ff2a0000, 0x0000000100000000, 0x0000000100000000)
 Metaspace       used 5071K, capacity 5258K, committed 5504K, reserved 1056768K
  class space    used 557K, capacity 597K, committed 640K, reserved 1048576K
}
2024-07-16T17:58:53.932+0800: 1.078: [GC (CMS Initial Mark) [1 CMS-initial-mark: 9257K(13696K)] 10560K(19840K), 0.0001242 secs] [Times: user=0.00 sys=0.00, real=0.00 secs] 
2024-07-16T17:58:53.933+0800: 1.078: [CMS-concurrent-mark-start]
2024-07-16T17:58:53.934+0800: 1.079: [CMS-concurrent-mark: 0.001/0.001 secs] [Times: user=0.00 sys=0.00, real=0.00 secs] 
2024-07-16T17:58:53.934+0800: 1.079: [CMS-concurrent-preclean-start]
2024-07-16T17:58:53.934+0800: 1.079: [CMS-concurrent-preclean: 0.000/0.000 secs] [Times: user=0.00 sys=0.00, real=0.00 secs] 
2024-07-16T17:58:53.934+0800: 1.079: [GC (CMS Final Remark) [YG occupancy: 1412 K (6144 K)]2024-07-16T17:58:53.934+0800: 1.079: [Rescan (parallel) , 0.0001419 secs]2024-07-16T17:58:53.934+0800: 1.079: [weak refs processing, 0.0000099 secs]2024-07-16T17:58:53.934+0800: 1.079: [class unloading, 0.0002818 secs]2024-07-16T17:58:53.934+0800: 1.080: [scrub symbol table, 0.0003386 secs]2024-07-16T17:58:53.934+0800: 1.080: [scrub string table, 0.0001098 secs][1 CMS-remark: 9257K(13696K)] 10669K(19840K), 0.0009322 secs] [Times: user=0.00 sys=0.00, real=0.00 secs] 
2024-07-16T17:58:53.935+0800: 1.080: [CMS-concurrent-sweep-start]
2024-07-16T17:58:53.935+0800: 1.080: [CMS-concurrent-sweep: 0.000/0.000 secs] [Times: user=0.00 sys=0.00, real=0.00 secs] 
2024-07-16T17:58:53.935+0800: 1.080: [CMS-concurrent-reset-start]
2024-07-16T17:58:53.935+0800: 1.081: [CMS-concurrent-reset: 0.000/0.000 secs] [Times: user=0.00 sys=0.00, real=0.00 secs] 
{Heap before GC invocations=126 (full 18):
 par new generation   total 6144K, used 5508K [0x00000000fec00000, 0x00000000ff2a0000, 0x00000000ff2a0000)
  eden space 5504K,  95% used [0x00000000fec00000, 0x00000000ff11b498, 0x00000000ff160000)
  from space 640K,  43% used [0x00000000ff200000, 0x00000000ff245bb8, 0x00000000ff2a0000)
  to   space 640K,   0% used [0x00000000ff160000, 0x00000000ff160000, 0x00000000ff200000)
 concurrent mark-sweep generation total 13696K, used 1065K [0x00000000ff2a0000, 0x0000000100000000, 0x0000000100000000)
 Metaspace       used 5071K, capacity 5258K, committed 5504K, reserved 1056768K
  class space    used 557K, capacity 597K, committed 640K, reserved 1048576K
2024-07-16T17:58:53.942+0800: 1.087: [GC (Allocation Failure) 2024-07-16T17:58:53.942+0800: 1.087: [ParNew: 5508K->90K(6144K), 0.0003690 secs] 6573K->1292K(19840K), 0.0004254 secs] [Times: user=0.00 sys=0.00, real=0.00 secs] 
Heap after GC invocations=127 (full 18):
 par new generation   total 6144K, used 90K [0x00000000fec00000, 0x00000000ff2a0000, 0x00000000ff2a0000)
  eden space 5504K,   0% used [0x00000000fec00000, 0x00000000fec00000, 0x00000000ff160000)
  from space 640K,  14% used [0x00000000ff160000, 0x00000000ff176998, 0x00000000ff200000)
  to   space 640K,   0% used [0x00000000ff200000, 0x00000000ff200000, 0x00000000ff2a0000)
 concurrent mark-sweep generation total 13696K, used 1202K [0x00000000ff2a0000, 0x0000000100000000, 0x0000000100000000)
 Metaspace       used 5071K, capacity 5258K, committed 5504K, reserved 1056768K
  class space    used 557K, capacity 597K, committed 640K, reserved 1048576K
}
{Heap before GC invocations=127 (full 18):
 par new generation   total 6144K, used 5319K [0x00000000fec00000, 0x00000000ff2a0000, 0x00000000ff2a0000)
  eden space 5504K,  95% used [0x00000000fec00000, 0x00000000ff11b588, 0x00000000ff160000)
  from space 640K,  14% used [0x00000000ff160000, 0x00000000ff176998, 0x00000000ff200000)
  to   space 640K,   0% used [0x00000000ff200000, 0x00000000ff200000, 0x00000000ff2a0000)
 concurrent mark-sweep generation total 13696K, used 1202K [0x00000000ff2a0000, 0x0000000100000000, 0x0000000100000000)
 Metaspace       used 5071K, capacity 5258K, committed 5504K, reserved 1056768K
  class space    used 557K, capacity 597K, committed 640K, reserved 1048576K
2024-07-16T17:58:53.949+0800: 1.094: [GC (Allocation Failure) 2024-07-16T17:58:53.949+0800: 1.094: [ParNew: 5319K->12K(6144K), 0.0003878 secs] 6522K->2239K(19840K), 0.0004394 secs] [Times: user=0.00 sys=0.00, real=0.00 secs] 
Heap after GC invocations=128 (full 18):
 par new generation   total 6144K, used 12K [0x00000000fec00000, 0x00000000ff2a0000, 0x00000000ff2a0000)
  eden space 5504K,   0% used [0x00000000fec00000, 0x00000000fec00000, 0x00000000ff160000)
  from space 640K,   2% used [0x00000000ff200000, 0x00000000ff2033c0, 0x00000000ff2a0000)
  to   space 640K,   0% used [0x00000000ff160000, 0x00000000ff160000, 0x00000000ff200000)
 concurrent mark-sweep generation total 13696K, used 2226K [0x00000000ff2a0000, 0x0000000100000000, 0x0000000100000000)
 Metaspace       used 5071K, capacity 5258K, committed 5504K, reserved 1056768K
  class space    used 557K, capacity 597K, committed 640K, reserved 1048576K
}
{Heap before GC invocations=128 (full 18):
 par new generation   total 6144K, used 5242K [0x00000000fec00000, 0x00000000ff2a0000, 0x00000000ff2a0000)
  eden space 5504K,  95% used [0x00000000fec00000, 0x00000000ff11b640, 0x00000000ff160000)
  from space 640K,   2% used [0x00000000ff200000, 0x00000000ff2033c0, 0x00000000ff2a0000)
  to   space 640K,   0% used [0x00000000ff160000, 0x00000000ff160000, 0x00000000ff200000)
 concurrent mark-sweep generation total 13696K, used 2226K [0x00000000ff2a0000, 0x0000000100000000, 0x0000000100000000)
 Metaspace       used 5071K, capacity 5258K, committed 5504K, reserved 1056768K
  class space    used 557K, capacity 597K, committed 640K, reserved 1048576K
2024-07-16T17:58:53.955+0800: 1.100: [GC (Allocation Failure) 2024-07-16T17:58:53.955+0800: 1.100: [ParNew: 5242K->8K(6144K), 0.0003723 secs] 7469K->3258K(19840K), 0.0004135 secs] [Times: user=0.00 sys=0.00, real=0.00 secs] 
Heap after GC invocations=129 (full 18):
 par new generation   total 6144K, used 8K [0x00000000fec00000, 0x00000000ff2a0000, 0x00000000ff2a0000)
  eden space 5504K,   0% used [0x00000000fec00000, 0x00000000fec00000, 0x00000000ff160000)
  from space 640K,   1% used [0x00000000ff160000, 0x00000000ff162040, 0x00000000ff200000)
  to   space 640K,   0% used [0x00000000ff200000, 0x00000000ff200000, 0x00000000ff2a0000)
 concurrent mark-sweep generation total 13696K, used 3250K [0x00000000ff2a0000, 0x0000000100000000, 0x0000000100000000)
 Metaspace       used 5071K, capacity 5258K, committed 5504K, reserved 1056768K
  class space    used 557K, capacity 597K, committed 640K, reserved 1048576K
}
{Heap before GC invocations=129 (full 18):
 par new generation   total 6144K, used 5237K [0x00000000fec00000, 0x00000000ff2a0000, 0x00000000ff2a0000)
  eden space 5504K,  95% used [0x00000000fec00000, 0x00000000ff11b6b0, 0x00000000ff160000)
  from space 640K,   1% used [0x00000000ff160000, 0x00000000ff162040, 0x00000000ff200000)
  to   space 640K,   0% used [0x00000000ff200000, 0x00000000ff200000, 0x00000000ff2a0000)
 concurrent mark-sweep generation total 13696K, used 3250K [0x00000000ff2a0000, 0x0000000100000000, 0x0000000100000000)
 Metaspace       used 5077K, capacity 5258K, committed 5504K, reserved 1056768K
  class space    used 557K, capacity 597K, committed 640K, reserved 1048576K
2024-07-16T17:58:53.963+0800: 1.108: [GC (Allocation Failure) 2024-07-16T17:58:53.963+0800: 1.108: [ParNew: 5237K->8K(6144K), 0.0003706 secs] 8488K->4282K(19840K), 0.0004184 secs] [Times: user=0.00 sys=0.00, real=0.00 secs] 
Heap after GC invocations=130 (full 18):
 par new generation   total 6144K, used 8K [0x00000000fec00000, 0x00000000ff2a0000, 0x00000000ff2a0000)
  eden space 5504K,   0% used [0x00000000fec00000, 0x00000000fec00000, 0x00000000ff160000)
  from space 640K,   1% used [0x00000000ff200000, 0x00000000ff202040, 0x00000000ff2a0000)
  to   space 640K,   0% used [0x00000000ff160000, 0x00000000ff160000, 0x00000000ff200000)
 concurrent mark-sweep generation total 13696K, used 4274K [0x00000000ff2a0000, 0x0000000100000000, 0x0000000100000000)
 Metaspace       used 5077K, capacity 5258K, committed 5504K, reserved 1056768K
  class space    used 557K, capacity 597K, committed 640K, reserved 1048576K
}
{Heap before GC invocations=130 (full 18):
 par new generation   total 6144K, used 5237K [0x00000000fec00000, 0x00000000ff2a0000, 0x00000000ff2a0000)
  eden space 5504K,  95% used [0x00000000fec00000, 0x00000000ff11b6f8, 0x00000000ff160000)
  from space 640K,   1% used [0x00000000ff200000, 0x00000000ff202040, 0x00000000ff2a0000)
  to   space 640K,   0% used [0x00000000ff160000, 0x00000000ff160000, 0x00000000ff200000)
 concurrent mark-sweep generation total 13696K, used 4274K [0x00000000ff2a0000, 0x0000000100000000, 0x0000000100000000)
 Metaspace       used 5077K, capacity 5258K, committed 5504K, reserved 1056768K
  class space    used 557K, capacity 597K, committed 640K, reserved 1048576K
2024-07-16T17:58:53.970+0800: 1.115: [GC (Allocation Failure) 2024-07-16T17:58:53.970+0800: 1.115: [ParNew: 5237K->4K(6144K), 0.0002986 secs] 9512K->4278K(19840K), 0.0003436 secs] [Times: user=0.00 sys=0.00, real=0.00 secs] 
Heap after GC invocations=131 (full 18):
 par new generation   total 6144K, used 4K [0x00000000fec00000, 0x00000000ff2a0000, 0x00000000ff2a0000)
  eden space 5504K,   0% used [0x00000000fec00000, 0x00000000fec00000, 0x00000000ff160000)
  from space 640K,   0% used [0x00000000ff160000, 0x00000000ff161020, 0x00000000ff200000)
  to   space 640K,   0% used [0x00000000ff200000, 0x00000000ff200000, 0x00000000ff2a0000)
 concurrent mark-sweep generation total 13696K, used 4274K [0x00000000ff2a0000, 0x0000000100000000, 0x0000000100000000)
 Metaspace       used 5077K, capacity 5258K, committed 5504K, reserved 1056768K
  class space    used 557K, capacity 597K, committed 640K, reserved 1048576K
}
{Heap before GC invocations=131 (full 18):
 par new generation   total 6144K, used 5233K [0x00000000fec00000, 0x00000000ff2a0000, 0x00000000ff2a0000)
  eden space 5504K,  95% used [0x00000000fec00000, 0x00000000ff11b728, 0x00000000ff160000)
  from space 640K,   0% used [0x00000000ff160000, 0x00000000ff161020, 0x00000000ff200000)
  to   space 640K,   0% used [0x00000000ff200000, 0x00000000ff200000, 0x00000000ff2a0000)
 concurrent mark-sweep generation total 13696K, used 4274K [0x00000000ff2a0000, 0x0000000100000000, 0x0000000100000000)
 Metaspace       used 5077K, capacity 5258K, committed 5504K, reserved 1056768K
  class space    used 557K, capacity 597K, committed 640K, reserved 1048576K
2024-07-16T17:58:53.978+0800: 1.123: [GC (Allocation Failure) 2024-07-16T17:58:53.978+0800: 1.123: [ParNew: 5233K->4K(6144K), 0.0003819 secs] 9508K->5302K(19840K), 0.0004291 secs] [Times: user=0.00 sys=0.00, real=0.00 secs] 
Heap after GC invocations=132 (full 18):
 par new generation   total 6144K, used 4K [0x00000000fec00000, 0x00000000ff2a0000, 0x00000000ff2a0000)
  eden space 5504K,   0% used [0x00000000fec00000, 0x00000000fec00000, 0x00000000ff160000)
  from space 640K,   0% used [0x00000000ff200000, 0x00000000ff201020, 0x00000000ff2a0000)
  to   space 640K,   0% used [0x00000000ff160000, 0x00000000ff160000, 0x00000000ff200000)
 concurrent mark-sweep generation total 13696K, used 5298K [0x00000000ff2a0000, 0x0000000100000000, 0x0000000100000000)
 Metaspace       used 5077K, capacity 5258K, committed 5504K, reserved 1056768K
  class space    used 557K, capacity 597K, committed 640K, reserved 1048576K
}
{Heap before GC invocations=132 (full 18):
 par new generation   total 6144K, used 5233K [0x00000000fec00000, 0x00000000ff2a0000, 0x00000000ff2a0000)
  eden space 5504K,  95% used [0x00000000fec00000, 0x00000000ff11b748, 0x00000000ff160000)
  from space 640K,   0% used [0x00000000ff200000, 0x00000000ff201020, 0x00000000ff2a0000)
  to   space 640K,   0% used [0x00000000ff160000, 0x00000000ff160000, 0x00000000ff200000)
 concurrent mark-sweep generation total 13696K, used 5298K [0x00000000ff2a0000, 0x0000000100000000, 0x0000000100000000)
 Metaspace       used 5077K, capacity 5258K, committed 5504K, reserved 1056768K
  class space    used 557K, capacity 597K, committed 640K, reserved 1048576K
2024-07-16T17:58:53.985+0800: 1.130: [GC (Allocation Failure) 2024-07-16T17:58:53.985+0800: 1.130: [ParNew: 5233K->8K(6144K), 0.0003638 secs] 10532K->6330K(19840K), 0.0004115 secs] [Times: user=0.00 sys=0.00, real=0.00 secs] 
Heap after GC invocations=133 (full 18):
 par new generation   total 6144K, used 8K [0x00000000fec00000, 0x00000000ff2a0000, 0x00000000ff2a0000)
  eden space 5504K,   0% used [0x00000000fec00000, 0x00000000fec00000, 0x00000000ff160000)
  from space 640K,   1% used [0x00000000ff160000, 0x00000000ff162040, 0x00000000ff200000)
  to   space 640K,   0% used [0x00000000ff200000, 0x00000000ff200000, 0x00000000ff2a0000)
 concurrent mark-sweep generation total 13696K, used 6322K [0x00000000ff2a0000, 0x0000000100000000, 0x0000000100000000)
 Metaspace       used 5077K, capacity 5258K, committed 5504K, reserved 1056768K
  class space    used 557K, capacity 597K, committed 640K, reserved 1048576K
}
{Heap before GC invocations=133 (full 18):
 par new generation   total 6144K, used 5237K [0x00000000fec00000, 0x00000000ff2a0000, 0x00000000ff2a0000)
  eden space 5504K,  95% used [0x00000000fec00000, 0x00000000ff11b758, 0x00000000ff160000)
  from space 640K,   1% used [0x00000000ff160000, 0x00000000ff162040, 0x00000000ff200000)
  to   space 640K,   0% used [0x00000000ff200000, 0x00000000ff200000, 0x00000000ff2a0000)
 concurrent mark-sweep generation total 13696K, used 6322K [0x00000000ff2a0000, 0x0000000100000000, 0x0000000100000000)
 Metaspace       used 5077K, capacity 5258K, committed 5504K, reserved 1056768K
  class space    used 557K, capacity 597K, committed 640K, reserved 1048576K
2024-07-16T17:58:53.992+0800: 1.137: [GC (Allocation Failure) 2024-07-16T17:58:53.992+0800: 1.137: [ParNew: 5237K->8K(6144K), 0.0003690 secs] 11560K->7355K(19840K), 0.0004128 secs] [Times: user=0.00 sys=0.00, real=0.00 secs] 
Heap after GC invocations=134 (full 18):
 par new generation   total 6144K, used 8K [0x00000000fec00000, 0x00000000ff2a0000, 0x00000000ff2a0000)
  eden space 5504K,   0% used [0x00000000fec00000, 0x00000000fec00000, 0x00000000ff160000)
  from space 640K,   1% used [0x00000000ff200000, 0x00000000ff202040, 0x00000000ff2a0000)
  to   space 640K,   0% used [0x00000000ff160000, 0x00000000ff160000, 0x00000000ff200000)
 concurrent mark-sweep generation total 13696K, used 7346K [0x00000000ff2a0000, 0x0000000100000000, 0x0000000100000000)
 Metaspace       used 5077K, capacity 5258K, committed 5504K, reserved 1056768K
  class space    used 557K, capacity 597K, committed 640K, reserved 1048576K
}
{Heap before GC invocations=134 (full 18):
 par new generation   total 6144K, used 5237K [0x00000000fec00000, 0x00000000ff2a0000, 0x00000000ff2a0000)
  eden space 5504K,  95% used [0x00000000fec00000, 0x00000000ff11b768, 0x00000000ff160000)
  from space 640K,   1% used [0x00000000ff200000, 0x00000000ff202040, 0x00000000ff2a0000)
  to   space 640K,   0% used [0x00000000ff160000, 0x00000000ff160000, 0x00000000ff200000)
 concurrent mark-sweep generation total 13696K, used 7346K [0x00000000ff2a0000, 0x0000000100000000, 0x0000000100000000)
 Metaspace       used 5077K, capacity 5258K, committed 5504K, reserved 1056768K
  class space    used 557K, capacity 597K, committed 640K, reserved 1048576K
2024-07-16T17:58:54.000+0800: 1.145: [GC (Allocation Failure) 2024-07-16T17:58:54.000+0800: 1.145: [ParNew: 5237K->6K(6144K), 0.0004030 secs] 12584K->8377K(19840K), 0.0004401 secs] [Times: user=0.00 sys=0.00, real=0.00 secs] 
Heap after GC invocations=135 (full 18):
 par new generation   total 6144K, used 6K [0x00000000fec00000, 0x00000000ff2a0000, 0x00000000ff2a0000)
  eden space 5504K,   0% used [0x00000000fec00000, 0x00000000fec00000, 0x00000000ff160000)
  from space 640K,   0% used [0x00000000ff160000, 0x00000000ff161830, 0x00000000ff200000)
  to   space 640K,   0% used [0x00000000ff200000, 0x00000000ff200000, 0x00000000ff2a0000)
 concurrent mark-sweep generation total 13696K, used 8370K [0x00000000ff2a0000, 0x0000000100000000, 0x0000000100000000)
 Metaspace       used 5077K, capacity 5258K, committed 5504K, reserved 1056768K
  class space    used 557K, capacity 597K, committed 640K, reserved 1048576K
}
2024-07-16T17:58:54.000+0800: 1.146: [GC (CMS Initial Mark) [1 CMS-initial-mark: 8370K(13696K)] 9401K(19840K), 0.0001045 secs] [Times: user=0.00 sys=0.00, real=0.00 secs] 
2024-07-16T17:58:54.000+0800: 1.146: [CMS-concurrent-mark-start]
2024-07-16T17:58:54.002+0800: 1.147: [CMS-concurrent-mark: 0.001/0.001 secs] [Times: user=0.05 sys=0.00, real=0.00 secs] 
2024-07-16T17:58:54.002+0800: 1.147: [CMS-concurrent-preclean-start]
2024-07-16T17:58:54.002+0800: 1.147: [CMS-concurrent-preclean: 0.000/0.000 secs] [Times: user=0.00 sys=0.00, real=0.00 secs] 
2024-07-16T17:58:54.002+0800: 1.147: [CMS-concurrent-abortable-preclean-start]
{Heap before GC invocations=135 (full 19):
 par new generation   total 6144K, used 5235K [0x00000000fec00000, 0x00000000ff2a0000, 0x00000000ff2a0000)
  eden space 5504K,  95% used [0x00000000fec00000, 0x00000000ff11b770, 0x00000000ff160000)
  from space 640K,   0% used [0x00000000ff160000, 0x00000000ff161830, 0x00000000ff200000)
  to   space 640K,   0% used [0x00000000ff200000, 0x00000000ff200000, 0x00000000ff2a0000)
 concurrent mark-sweep generation total 13696K, used 8370K [0x00000000ff2a0000, 0x0000000100000000, 0x0000000100000000)
 Metaspace       used 5077K, capacity 5258K, committed 5504K, reserved 1056768K
  class space    used 557K, capacity 597K, committed 640K, reserved 1048576K
2024-07-16T17:58:54.007+0800: 1.152: [GC (Allocation Failure) 2024-07-16T17:58:54.007+0800: 1.152: [ParNew: 5235K->4K(6144K), 0.0004229 secs] 13606K->8374K(19840K), 0.0004886 secs] [Times: user=0.00 sys=0.00, real=0.00 secs] 
Heap after GC invocations=136 (full 19):
 par new generation   total 6144K, used 4K [0x00000000fec00000, 0x00000000ff2a0000, 0x00000000ff2a0000)
  eden space 5504K,   0% used [0x00000000fec00000, 0x00000000fec00000, 0x00000000ff160000)
  from space 640K,   0% used [0x00000000ff200000, 0x00000000ff201020, 0x00000000ff2a0000)
  to   space 640K,   0% used [0x00000000ff160000, 0x00000000ff160000, 0x00000000ff200000)
 concurrent mark-sweep generation total 13696K, used 8370K [0x00000000ff2a0000, 0x0000000100000000, 0x0000000100000000)
 Metaspace       used 5077K, capacity 5258K, committed 5504K, reserved 1056768K
  class space    used 557K, capacity 597K, committed 640K, reserved 1048576K
}
{Heap before GC invocations=136 (full 19):
 par new generation   total 6144K, used 5233K [0x00000000fec00000, 0x00000000ff2a0000, 0x00000000ff2a0000)
  eden space 5504K,  95% used [0x00000000fec00000, 0x00000000ff11b770, 0x00000000ff160000)
  from space 640K,   0% used [0x00000000ff200000, 0x00000000ff201020, 0x00000000ff2a0000)
  to   space 640K,   0% used [0x00000000ff160000, 0x00000000ff160000, 0x00000000ff200000)
 concurrent mark-sweep generation total 13696K, used 8370K [0x00000000ff2a0000, 0x0000000100000000, 0x0000000100000000)
 Metaspace       used 5077K, capacity 5258K, committed 5504K, reserved 1056768K
  class space    used 557K, capacity 597K, committed 640K, reserved 1048576K
2024-07-16T17:58:54.014+0800: 1.159: [GC (Allocation Failure) 2024-07-16T17:58:54.014+0800: 1.159: [ParNew: 5233K->6K(6144K), 0.0003681 secs] 13604K->9401K(19840K), 0.0004170 secs] [Times: user=0.00 sys=0.00, real=0.00 secs] 
Heap after GC invocations=137 (full 19):
 par new generation   total 6144K, used 6K [0x00000000fec00000, 0x00000000ff2a0000, 0x00000000ff2a0000)
  eden space 5504K,   0% used [0x00000000fec00000, 0x00000000fec00000, 0x00000000ff160000)
  from space 640K,   0% used [0x00000000ff160000, 0x00000000ff161830, 0x00000000ff200000)
  to   space 640K,   0% used [0x00000000ff200000, 0x00000000ff200000, 0x00000000ff2a0000)
 concurrent mark-sweep generation total 13696K, used 9394K [0x00000000ff2a0000, 0x0000000100000000, 0x0000000100000000)
 Metaspace       used 5077K, capacity 5258K, committed 5504K, reserved 1056768K
  class space    used 557K, capacity 597K, committed 640K, reserved 1048576K
}
{Heap before GC invocations=137 (full 19):
 par new generation   total 6144K, used 5235K [0x00000000fec00000, 0x00000000ff2a0000, 0x00000000ff2a0000)
  eden space 5504K,  95% used [0x00000000fec00000, 0x00000000ff11b778, 0x00000000ff160000)
  from space 640K,   0% used [0x00000000ff160000, 0x00000000ff161830, 0x00000000ff200000)
  to   space 640K,   0% used [0x00000000ff200000, 0x00000000ff200000, 0x00000000ff2a0000)
 concurrent mark-sweep generation total 13696K, used 9394K [0x00000000ff2a0000, 0x0000000100000000, 0x0000000100000000)
 Metaspace       used 5077K, capacity 5258K, committed 5504K, reserved 1056768K
  class space    used 557K, capacity 597K, committed 640K, reserved 1048576K
2024-07-16T17:58:54.022+0800: 1.167: [GC (Allocation Failure) 2024-07-16T17:58:54.022+0800: 1.167: [ParNew: 5235K->6K(6144K), 0.0003875 secs] 14630K->10425K(19840K), 0.0004426 secs] [Times: user=0.00 sys=0.00, real=0.00 secs] 
Heap after GC invocations=138 (full 19):
 par new generation   total 6144K, used 6K [0x00000000fec00000, 0x00000000ff2a0000, 0x00000000ff2a0000)
  eden space 5504K,   0% used [0x00000000fec00000, 0x00000000fec00000, 0x00000000ff160000)
  from space 640K,   0% used [0x00000000ff200000, 0x00000000ff201830, 0x00000000ff2a0000)
  to   space 640K,   0% used [0x00000000ff160000, 0x00000000ff160000, 0x00000000ff200000)
 concurrent mark-sweep generation total 13696K, used 10418K [0x00000000ff2a0000, 0x0000000100000000, 0x0000000100000000)
 Metaspace       used 5077K, capacity 5258K, committed 5504K, reserved 1056768K
  class space    used 557K, capacity 597K, committed 640K, reserved 1048576K
}
{Heap before GC invocations=138 (full 19):
 par new generation   total 6144K, used 5235K [0x00000000fec00000, 0x00000000ff2a0000, 0x00000000ff2a0000)
  eden space 5504K,  95% used [0x00000000fec00000, 0x00000000ff11b778, 0x00000000ff160000)
  from space 640K,   0% used [0x00000000ff200000, 0x00000000ff201830, 0x00000000ff2a0000)
  to   space 640K,   0% used [0x00000000ff160000, 0x00000000ff160000, 0x00000000ff200000)
 concurrent mark-sweep generation total 13696K, used 10418K [0x00000000ff2a0000, 0x0000000100000000, 0x0000000100000000)
 Metaspace       used 5077K, capacity 5258K, committed 5504K, reserved 1056768K
  class space    used 557K, capacity 597K, committed 640K, reserved 1048576K
2024-07-16T17:58:54.029+0800: 1.174: [GC (Allocation Failure) 2024-07-16T17:58:54.029+0800: 1.174: [ParNew: 5235K->4K(6144K), 0.0003960 secs] 15654K->10423K(19840K), 0.0004693 secs] [Times: user=0.00 sys=0.00, real=0.00 secs] 
Heap after GC invocations=139 (full 19):
 par new generation   total 6144K, used 4K [0x00000000fec00000, 0x00000000ff2a0000, 0x00000000ff2a0000)
  eden space 5504K,   0% used [0x00000000fec00000, 0x00000000fec00000, 0x00000000ff160000)
  from space 640K,   0% used [0x00000000ff160000, 0x00000000ff161020, 0x00000000ff200000)
  to   space 640K,   0% used [0x00000000ff200000, 0x00000000ff200000, 0x00000000ff2a0000)
 concurrent mark-sweep generation total 13696K, used 10418K [0x00000000ff2a0000, 0x0000000100000000, 0x0000000100000000)
 Metaspace       used 5077K, capacity 5258K, committed 5504K, reserved 1056768K
  class space    used 557K, capacity 597K, committed 640K, reserved 1048576K
}
{Heap before GC invocations=139 (full 19):
 par new generation   total 6144K, used 5233K [0x00000000fec00000, 0x00000000ff2a0000, 0x00000000ff2a0000)
  eden space 5504K,  95% used [0x00000000fec00000, 0x00000000ff11b778, 0x00000000ff160000)
  from space 640K,   0% used [0x00000000ff160000, 0x00000000ff161020, 0x00000000ff200000)
  to   space 640K,   0% used [0x00000000ff200000, 0x00000000ff200000, 0x00000000ff2a0000)
 concurrent mark-sweep generation total 13696K, used 10418K [0x00000000ff2a0000, 0x0000000100000000, 0x0000000100000000)
 Metaspace       used 5077K, capacity 5258K, committed 5504K, reserved 1056768K
  class space    used 557K, capacity 597K, committed 640K, reserved 1048576K
2024-07-16T17:58:54.037+0800: 1.182: [GC (Allocation Failure) 2024-07-16T17:58:54.037+0800: 1.182: [ParNew: 5233K->6K(6144K), 0.0004004 secs] 15652K->11449K(19840K), 0.0004442 secs] [Times: user=0.00 sys=0.00, real=0.00 secs] 
Heap after GC invocations=140 (full 19):
 par new generation   total 6144K, used 6K [0x00000000fec00000, 0x00000000ff2a0000, 0x00000000ff2a0000)
  eden space 5504K,   0% used [0x00000000fec00000, 0x00000000fec00000, 0x00000000ff160000)
  from space 640K,   0% used [0x00000000ff200000, 0x00000000ff201830, 0x00000000ff2a0000)
  to   space 640K,   0% used [0x00000000ff160000, 0x00000000ff160000, 0x00000000ff200000)
 concurrent mark-sweep generation total 13696K, used 11443K [0x00000000ff2a0000, 0x0000000100000000, 0x0000000100000000)
 Metaspace       used 5077K, capacity 5258K, committed 5504K, reserved 1056768K
  class space    used 557K, capacity 597K, committed 640K, reserved 1048576K
}
{Heap before GC invocations=140 (full 19):
 par new generation   total 6144K, used 5235K [0x00000000fec00000, 0x00000000ff2a0000, 0x00000000ff2a0000)
  eden space 5504K,  95% used [0x00000000fec00000, 0x00000000ff11b778, 0x00000000ff160000)
  from space 640K,   0% used [0x00000000ff200000, 0x00000000ff201830, 0x00000000ff2a0000)
  to   space 640K,   0% used [0x00000000ff160000, 0x00000000ff160000, 0x00000000ff200000)
 concurrent mark-sweep generation total 13696K, used 11443K [0x00000000ff2a0000, 0x0000000100000000, 0x0000000100000000)
 Metaspace       used 5077K, capacity 5258K, committed 5504K, reserved 1056768K
  class space    used 557K, capacity 597K, committed 640K, reserved 1048576K
2024-07-16T17:58:54.043+0800: 1.188: [GC (Allocation Failure) 2024-07-16T17:58:54.043+0800: 1.188: [ParNew: 5235K->6K(6144K), 0.0004710 secs] 16678K->12473K(19840K), 0.0005119 secs] [Times: user=0.00 sys=0.00, real=0.00 secs] 
Heap after GC invocations=141 (full 19):
 par new generation   total 6144K, used 6K [0x00000000fec00000, 0x00000000ff2a0000, 0x00000000ff2a0000)
  eden space 5504K,   0% used [0x00000000fec00000, 0x00000000fec00000, 0x00000000ff160000)
  from space 640K,   0% used [0x00000000ff160000, 0x00000000ff161830, 0x00000000ff200000)
  to   space 640K,   0% used [0x00000000ff200000, 0x00000000ff200000, 0x00000000ff2a0000)
 concurrent mark-sweep generation total 13696K, used 12467K [0x00000000ff2a0000, 0x0000000100000000, 0x0000000100000000)
 Metaspace       used 5077K, capacity 5258K, committed 5504K, reserved 1056768K
  class space    used 557K, capacity 597K, committed 640K, reserved 1048576K
}
{Heap before GC invocations=141 (full 19):
 par new generation   total 6144K, used 5235K [0x00000000fec00000, 0x00000000ff2a0000, 0x00000000ff2a0000)
  eden space 5504K,  95% used [0x00000000fec00000, 0x00000000ff11b778, 0x00000000ff160000)
  from space 640K,   0% used [0x00000000ff160000, 0x00000000ff161830, 0x00000000ff200000)
  to   space 640K,   0% used [0x00000000ff200000, 0x00000000ff200000, 0x00000000ff2a0000)
 concurrent mark-sweep generation total 13696K, used 12467K [0x00000000ff2a0000, 0x0000000100000000, 0x0000000100000000)
 Metaspace       used 5077K, capacity 5258K, committed 5504K, reserved 1056768K
  class space    used 557K, capacity 597K, committed 640K, reserved 1048576K
2024-07-16T17:58:54.050+0800: 1.195: [GC (Allocation Failure) 2024-07-16T17:58:54.050+0800: 1.195: [ParNew: 5235K->5235K(6144K), 0.0000119 secs]2024-07-16T17:58:54.050+0800: 1.195: [CMS2024-07-16T17:58:54.050+0800: 1.195: [CMS-concurrent-abortable-preclean: 0.000/0.048 secs] [Times: user=0.00 sys=0.00, real=0.05 secs] 
 (concurrent mode failure): 12467K->1182K(13696K), 0.0024932 secs] 17702K->1182K(19840K), [Metaspace: 5077K->5077K(1056768K)], 0.0025567 secs] [Times: user=0.00 sys=0.00, real=0.00 secs] 
Heap after GC invocations=142 (full 20):
 par new generation   total 6144K, used 0K [0x00000000fec00000, 0x00000000ff2a0000, 0x00000000ff2a0000)
  eden space 5504K,   0% used [0x00000000fec00000, 0x00000000fec00000, 0x00000000ff160000)
  from space 640K,   0% used [0x00000000ff160000, 0x00000000ff160000, 0x00000000ff200000)
  to   space 640K,   0% used [0x00000000ff200000, 0x00000000ff200000, 0x00000000ff2a0000)
 concurrent mark-sweep generation total 13696K, used 1182K [0x00000000ff2a0000, 0x0000000100000000, 0x0000000100000000)
 Metaspace       used 5077K, capacity 5258K, committed 5504K, reserved 1056768K
  class space    used 557K, capacity 597K, committed 640K, reserved 1048576K
}
{Heap before GC invocations=142 (full 20):
 par new generation   total 6144K, used 5229K [0x00000000fec00000, 0x00000000ff2a0000, 0x00000000ff2a0000)
  eden space 5504K,  95% used [0x00000000fec00000, 0x00000000ff11b778, 0x00000000ff160000)
  from space 640K,   0% used [0x00000000ff160000, 0x00000000ff160000, 0x00000000ff200000)
  to   space 640K,   0% used [0x00000000ff200000, 0x00000000ff200000, 0x00000000ff2a0000)
 concurrent mark-sweep generation total 13696K, used 1182K [0x00000000ff2a0000, 0x0000000100000000, 0x0000000100000000)
 Metaspace       used 5077K, capacity 5258K, committed 5504K, reserved 1056768K
  class space    used 557K, capacity 597K, committed 640K, reserved 1048576K
2024-07-16T17:58:54.060+0800: 1.205: [GC (Allocation Failure) 2024-07-16T17:58:54.060+0800: 1.205: [ParNew: 5229K->6K(6144K), 0.0003581 secs] 6412K->2214K(19840K), 0.0003986 secs] [Times: user=0.00 sys=0.00, real=0.00 secs] 
Heap after GC invocations=143 (full 20):
 par new generation   total 6144K, used 6K [0x00000000fec00000, 0x00000000ff2a0000, 0x00000000ff2a0000)
  eden space 5504K,   0% used [0x00000000fec00000, 0x00000000fec00000, 0x00000000ff160000)
  from space 640K,   0% used [0x00000000ff200000, 0x00000000ff201830, 0x00000000ff2a0000)
  to   space 640K,   0% used [0x00000000ff160000, 0x00000000ff160000, 0x00000000ff200000)
 concurrent mark-sweep generation total 13696K, used 2208K [0x00000000ff2a0000, 0x0000000100000000, 0x0000000100000000)
 Metaspace       used 5077K, capacity 5258K, committed 5504K, reserved 1056768K
  class space    used 557K, capacity 597K, committed 640K, reserved 1048576K
}
{Heap before GC invocations=143 (full 20):
 par new generation   total 6144K, used 5235K [0x00000000fec00000, 0x00000000ff2a0000, 0x00000000ff2a0000)
  eden space 5504K,  95% used [0x00000000fec00000, 0x00000000ff11b778, 0x00000000ff160000)
  from space 640K,   0% used [0x00000000ff200000, 0x00000000ff201830, 0x00000000ff2a0000)
  to   space 640K,   0% used [0x00000000ff160000, 0x00000000ff160000, 0x00000000ff200000)
 concurrent mark-sweep generation total 13696K, used 2208K [0x00000000ff2a0000, 0x0000000100000000, 0x0000000100000000)
 Metaspace       used 5077K, capacity 5258K, committed 5504K, reserved 1056768K
  class space    used 557K, capacity 597K, committed 640K, reserved 1048576K
2024-07-16T17:58:54.066+0800: 1.211: [GC (Allocation Failure) 2024-07-16T17:58:54.066+0800: 1.211: [ParNew: 5235K->8K(6144K), 0.0003960 secs] 7444K->3242K(19840K), 0.0004340 secs] [Times: user=0.00 sys=0.00, real=0.00 secs] 
Heap after GC invocations=144 (full 20):
 par new generation   total 6144K, used 8K [0x00000000fec00000, 0x00000000ff2a0000, 0x00000000ff2a0000)
  eden space 5504K,   0% used [0x00000000fec00000, 0x00000000fec00000, 0x00000000ff160000)
  from space 640K,   1% used [0x00000000ff160000, 0x00000000ff162040, 0x00000000ff200000)
  to   space 640K,   0% used [0x00000000ff200000, 0x00000000ff200000, 0x00000000ff2a0000)
 concurrent mark-sweep generation total 13696K, used 3234K [0x00000000ff2a0000, 0x0000000100000000, 0x0000000100000000)
 Metaspace       used 5077K, capacity 5258K, committed 5504K, reserved 1056768K
  class space    used 557K, capacity 597K, committed 640K, reserved 1048576K
}
{Heap before GC invocations=144 (full 20):
 par new generation   total 6144K, used 5237K [0x00000000fec00000, 0x00000000ff2a0000, 0x00000000ff2a0000)
  eden space 5504K,  95% used [0x00000000fec00000, 0x00000000ff11b778, 0x00000000ff160000)
  from space 640K,   1% used [0x00000000ff160000, 0x00000000ff162040, 0x00000000ff200000)
  to   space 640K,   0% used [0x00000000ff200000, 0x00000000ff200000, 0x00000000ff2a0000)
 concurrent mark-sweep generation total 13696K, used 3234K [0x00000000ff2a0000, 0x0000000100000000, 0x0000000100000000)
 Metaspace       used 5077K, capacity 5258K, committed 5504K, reserved 1056768K
  class space    used 557K, capacity 597K, committed 640K, reserved 1048576K
2024-07-16T17:58:54.073+0800: 1.218: [GC (Allocation Failure) 2024-07-16T17:58:54.073+0800: 1.218: [ParNew: 5237K->4K(6144K), 0.0003222 secs] 8472K->3238K(19840K), 0.0003590 secs] [Times: user=0.00 sys=0.00, real=0.00 secs] 
Heap after GC invocations=145 (full 20):
 par new generation   total 6144K, used 4K [0x00000000fec00000, 0x00000000ff2a0000, 0x00000000ff2a0000)
  eden space 5504K,   0% used [0x00000000fec00000, 0x00000000fec00000, 0x00000000ff160000)
  from space 640K,   0% used [0x00000000ff200000, 0x00000000ff201020, 0x00000000ff2a0000)
  to   space 640K,   0% used [0x00000000ff160000, 0x00000000ff160000, 0x00000000ff200000)
 concurrent mark-sweep generation total 13696K, used 3234K [0x00000000ff2a0000, 0x0000000100000000, 0x0000000100000000)
 Metaspace       used 5077K, capacity 5258K, committed 5504K, reserved 1056768K
  class space    used 557K, capacity 597K, committed 640K, reserved 1048576K
}
{Heap before GC invocations=145 (full 20):
 par new generation   total 6144K, used 5233K [0x00000000fec00000, 0x00000000ff2a0000, 0x00000000ff2a0000)
  eden space 5504K,  95% used [0x00000000fec00000, 0x00000000ff11b780, 0x00000000ff160000)
  from space 640K,   0% used [0x00000000ff200000, 0x00000000ff201020, 0x00000000ff2a0000)
  to   space 640K,   0% used [0x00000000ff160000, 0x00000000ff160000, 0x00000000ff200000)
 concurrent mark-sweep generation total 13696K, used 3234K [0x00000000ff2a0000, 0x0000000100000000, 0x0000000100000000)
 Metaspace       used 5077K, capacity 5258K, committed 5504K, reserved 1056768K
  class space    used 557K, capacity 597K, committed 640K, reserved 1048576K
2024-07-16T17:58:54.081+0800: 1.226: [GC (Allocation Failure) 2024-07-16T17:58:54.081+0800: 1.226: [ParNew: 5233K->4K(6144K), 0.0002714 secs] 8468K->3238K(19840K), 0.0003143 secs] [Times: user=0.00 sys=0.00, real=0.00 secs] 
Heap after GC invocations=146 (full 20):
 par new generation   total 6144K, used 4K [0x00000000fec00000, 0x00000000ff2a0000, 0x00000000ff2a0000)
  eden space 5504K,   0% used [0x00000000fec00000, 0x00000000fec00000, 0x00000000ff160000)
  from space 640K,   0% used [0x00000000ff160000, 0x00000000ff161020, 0x00000000ff200000)
  to   space 640K,   0% used [0x00000000ff200000, 0x00000000ff200000, 0x00000000ff2a0000)
 concurrent mark-sweep generation total 13696K, used 3234K [0x00000000ff2a0000, 0x0000000100000000, 0x0000000100000000)
 Metaspace       used 5077K, capacity 5258K, committed 5504K, reserved 1056768K
  class space    used 557K, capacity 597K, committed 640K, reserved 1048576K
}
{Heap before GC invocations=146 (full 20):
 par new generation   total 6144K, used 5233K [0x00000000fec00000, 0x00000000ff2a0000, 0x00000000ff2a0000)
  eden space 5504K,  95% used [0x00000000fec00000, 0x00000000ff11b780, 0x00000000ff160000)
  from space 640K,   0% used [0x00000000ff160000, 0x00000000ff161020, 0x00000000ff200000)
  to   space 640K,   0% used [0x00000000ff200000, 0x00000000ff200000, 0x00000000ff2a0000)
 concurrent mark-sweep generation total 13696K, used 3234K [0x00000000ff2a0000, 0x0000000100000000, 0x0000000100000000)
 Metaspace       used 5077K, capacity 5258K, committed 5504K, reserved 1056768K
  class space    used 557K, capacity 597K, committed 640K, reserved 1048576K
2024-07-16T17:58:54.088+0800: 1.233: [GC (Allocation Failure) 2024-07-16T17:58:54.088+0800: 1.233: [ParNew: 5233K->8K(6144K), 0.0003530 secs] 8468K->4268K(19840K), 0.0003879 secs] [Times: user=0.00 sys=0.00, real=0.00 secs] 
Heap after GC invocations=147 (full 20):
 par new generation   total 6144K, used 8K [0x00000000fec00000, 0x00000000ff2a0000, 0x00000000ff2a0000)
  eden space 5504K,   0% used [0x00000000fec00000, 0x00000000fec00000, 0x00000000ff160000)
  from space 640K,   1% used [0x00000000ff200000, 0x00000000ff202040, 0x00000000ff2a0000)
  to   space 640K,   0% used [0x00000000ff160000, 0x00000000ff160000, 0x00000000ff200000)
 concurrent mark-sweep generation total 13696K, used 4260K [0x00000000ff2a0000, 0x0000000100000000, 0x0000000100000000)
 Metaspace       used 5077K, capacity 5258K, committed 5504K, reserved 1056768K
  class space    used 557K, capacity 597K, committed 640K, reserved 1048576K
}
{Heap before GC invocations=147 (full 20):
 par new generation   total 6144K, used 5237K [0x00000000fec00000, 0x00000000ff2a0000, 0x00000000ff2a0000)
  eden space 5504K,  95% used [0x00000000fec00000, 0x00000000ff11b780, 0x00000000ff160000)
  from space 640K,   1% used [0x00000000ff200000, 0x00000000ff202040, 0x00000000ff2a0000)
  to   space 640K,   0% used [0x00000000ff160000, 0x00000000ff160000, 0x00000000ff200000)
 concurrent mark-sweep generation total 13696K, used 4260K [0x00000000ff2a0000, 0x0000000100000000, 0x0000000100000000)
 Metaspace       used 5077K, capacity 5258K, committed 5504K, reserved 1056768K
  class space    used 557K, capacity 597K, committed 640K, reserved 1048576K
2024-07-16T17:58:54.096+0800: 1.240: [GC (Allocation Failure) 2024-07-16T17:58:54.096+0800: 1.240: [ParNew: 5237K->4K(6144K), 0.0002936 secs] 9498K->4264K(19840K), 0.0003287 secs] [Times: user=0.00 sys=0.00, real=0.00 secs] 
Heap after GC invocations=148 (full 20):
 par new generation   total 6144K, used 4K [0x00000000fec00000, 0x00000000ff2a0000, 0x00000000ff2a0000)
  eden space 5504K,   0% used [0x00000000fec00000, 0x00000000fec00000, 0x00000000ff160000)
  from space 640K,   0% used [0x00000000ff160000, 0x00000000ff161020, 0x00000000ff200000)
  to   space 640K,   0% used [0x00000000ff200000, 0x00000000ff200000, 0x00000000ff2a0000)
 concurrent mark-sweep generation total 13696K, used 4260K [0x00000000ff2a0000, 0x0000000100000000, 0x0000000100000000)
 Metaspace       used 5077K, capacity 5258K, committed 5504K, reserved 1056768K
  class space    used 557K, capacity 597K, committed 640K, reserved 1048576K
}
{Heap before GC invocations=148 (full 20):
 par new generation   total 6144K, used 5233K [0x00000000fec00000, 0x00000000ff2a0000, 0x00000000ff2a0000)
  eden space 5504K,  95% used [0x00000000fec00000, 0x00000000ff11b780, 0x00000000ff160000)
  from space 640K,   0% used [0x00000000ff160000, 0x00000000ff161020, 0x00000000ff200000)
  to   space 640K,   0% used [0x00000000ff200000, 0x00000000ff200000, 0x00000000ff2a0000)
 concurrent mark-sweep generation total 13696K, used 4260K [0x00000000ff2a0000, 0x0000000100000000, 0x0000000100000000)
 Metaspace       used 5077K, capacity 5258K, committed 5504K, reserved 1056768K
  class space    used 557K, capacity 597K, committed 640K, reserved 1048576K
2024-07-16T17:58:54.102+0800: 1.246: [GC (Allocation Failure) 2024-07-16T17:58:54.102+0800: 1.246: [ParNew: 5233K->6K(6144K), 0.0003260 secs] 9494K->5290K(19840K), 0.0003594 secs] [Times: user=0.00 sys=0.00, real=0.00 secs] 
Heap after GC invocations=149 (full 20):
 par new generation   total 6144K, used 6K [0x00000000fec00000, 0x00000000ff2a0000, 0x00000000ff2a0000)
  eden space 5504K,   0% used [0x00000000fec00000, 0x00000000fec00000, 0x00000000ff160000)
  from space 640K,   0% used [0x00000000ff200000, 0x00000000ff201830, 0x00000000ff2a0000)
  to   space 640K,   0% used [0x00000000ff160000, 0x00000000ff160000, 0x00000000ff200000)
 concurrent mark-sweep generation total 13696K, used 5284K [0x00000000ff2a0000, 0x0000000100000000, 0x0000000100000000)
 Metaspace       used 5077K, capacity 5258K, committed 5504K, reserved 1056768K
  class space    used 557K, capacity 597K, committed 640K, reserved 1048576K
}
{Heap before GC invocations=149 (full 20):
 par new generation   total 6144K, used 5235K [0x00000000fec00000, 0x00000000ff2a0000, 0x00000000ff2a0000)
  eden space 5504K,  95% used [0x00000000fec00000, 0x00000000ff11b780, 0x00000000ff160000)
  from space 640K,   0% used [0x00000000ff200000, 0x00000000ff201830, 0x00000000ff2a0000)
  to   space 640K,   0% used [0x00000000ff160000, 0x00000000ff160000, 0x00000000ff200000)
 concurrent mark-sweep generation total 13696K, used 5284K [0x00000000ff2a0000, 0x0000000100000000, 0x0000000100000000)
 Metaspace       used 5077K, capacity 5258K, committed 5504K, reserved 1056768K
  class space    used 557K, capacity 597K, committed 640K, reserved 1048576K
2024-07-16T17:58:54.108+0800: 1.252: [GC (Allocation Failure) 2024-07-16T17:58:54.108+0800: 1.252: [ParNew: 5235K->6K(6144K), 0.0004352 secs] 10520K->6316K(19840K), 0.0004620 secs] [Times: user=0.00 sys=0.00, real=0.00 secs] 
Heap after GC invocations=150 (full 20):
 par new generation   total 6144K, used 6K [0x00000000fec00000, 0x00000000ff2a0000, 0x00000000ff2a0000)
  eden space 5504K,   0% used [0x00000000fec00000, 0x00000000fec00000, 0x00000000ff160000)
  from space 640K,   0% used [0x00000000ff160000, 0x00000000ff161830, 0x00000000ff200000)
  to   space 640K,   0% used [0x00000000ff200000, 0x00000000ff200000, 0x00000000ff2a0000)
 concurrent mark-sweep generation total 13696K, used 6310K [0x00000000ff2a0000, 0x0000000100000000, 0x0000000100000000)
 Metaspace       used 5077K, capacity 5258K, committed 5504K, reserved 1056768K
  class space    used 557K, capacity 597K, committed 640K, reserved 1048576K
}
{Heap before GC invocations=150 (full 20):
 par new generation   total 6144K, used 5235K [0x00000000fec00000, 0x00000000ff2a0000, 0x00000000ff2a0000)
  eden space 5504K,  95% used [0x00000000fec00000, 0x00000000ff11b780, 0x00000000ff160000)
  from space 640K,   0% used [0x00000000ff160000, 0x00000000ff161830, 0x00000000ff200000)
  to   space 640K,   0% used [0x00000000ff200000, 0x00000000ff200000, 0x00000000ff2a0000)
 concurrent mark-sweep generation total 13696K, used 6310K [0x00000000ff2a0000, 0x0000000100000000, 0x0000000100000000)
 Metaspace       used 5077K, capacity 5258K, committed 5504K, reserved 1056768K
  class space    used 557K, capacity 597K, committed 640K, reserved 1048576K
2024-07-16T17:58:54.115+0800: 1.259: [GC (Allocation Failure) 2024-07-16T17:58:54.115+0800: 1.259: [ParNew: 5235K->8K(6144K), 0.0005078 secs] 11546K->7344K(19840K), 0.0006405 secs] [Times: user=0.00 sys=0.00, real=0.00 secs] 
Heap after GC invocations=151 (full 20):
 par new generation   total 6144K, used 8K [0x00000000fec00000, 0x00000000ff2a0000, 0x00000000ff2a0000)
  eden space 5504K,   0% used [0x00000000fec00000, 0x00000000fec00000, 0x00000000ff160000)
  from space 640K,   1% used [0x00000000ff200000, 0x00000000ff202040, 0x00000000ff2a0000)
  to   space 640K,   0% used [0x00000000ff160000, 0x00000000ff160000, 0x00000000ff200000)
 concurrent mark-sweep generation total 13696K, used 7336K [0x00000000ff2a0000, 0x0000000100000000, 0x0000000100000000)
 Metaspace       used 5077K, capacity 5258K, committed 5504K, reserved 1056768K
  class space    used 557K, capacity 597K, committed 640K, reserved 1048576K
}
{Heap before GC invocations=151 (full 20):
 par new generation   total 6144K, used 5237K [0x00000000fec00000, 0x00000000ff2a0000, 0x00000000ff2a0000)
  eden space 5504K,  95% used [0x00000000fec00000, 0x00000000ff11b780, 0x00000000ff160000)
  from space 640K,   1% used [0x00000000ff200000, 0x00000000ff202040, 0x00000000ff2a0000)
  to   space 640K,   0% used [0x00000000ff160000, 0x00000000ff160000, 0x00000000ff200000)
 concurrent mark-sweep generation total 13696K, used 7336K [0x00000000ff2a0000, 0x0000000100000000, 0x0000000100000000)
 Metaspace       used 5077K, capacity 5258K, committed 5504K, reserved 1056768K
  class space    used 557K, capacity 597K, committed 640K, reserved 1048576K
2024-07-16T17:58:54.122+0800: 1.266: [GC (Allocation Failure) 2024-07-16T17:58:54.122+0800: 1.266: [ParNew: 5237K->4K(6144K), 0.0002942 secs] 12574K->7340K(19840K), 0.0003284 secs] [Times: user=0.00 sys=0.00, real=0.00 secs] 
Heap after GC invocations=152 (full 20):
 par new generation   total 6144K, used 4K [0x00000000fec00000, 0x00000000ff2a0000, 0x00000000ff2a0000)
  eden space 5504K,   0% used [0x00000000fec00000, 0x00000000fec00000, 0x00000000ff160000)
  from space 640K,   0% used [0x00000000ff160000, 0x00000000ff161020, 0x00000000ff200000)
  to   space 640K,   0% used [0x00000000ff200000, 0x00000000ff200000, 0x00000000ff2a0000)
 concurrent mark-sweep generation total 13696K, used 7336K [0x00000000ff2a0000, 0x0000000100000000, 0x0000000100000000)
 Metaspace       used 5077K, capacity 5258K, committed 5504K, reserved 1056768K
  class space    used 557K, capacity 597K, committed 640K, reserved 1048576K
}
{Heap before GC invocations=152 (full 20):
 par new generation   total 6144K, used 5233K [0x00000000fec00000, 0x00000000ff2a0000, 0x00000000ff2a0000)
  eden space 5504K,  95% used [0x00000000fec00000, 0x00000000ff11b780, 0x00000000ff160000)
  from space 640K,   0% used [0x00000000ff160000, 0x00000000ff161020, 0x00000000ff200000)
  to   space 640K,   0% used [0x00000000ff200000, 0x00000000ff200000, 0x00000000ff2a0000)
 concurrent mark-sweep generation total 13696K, used 7336K [0x00000000ff2a0000, 0x0000000100000000, 0x0000000100000000)
 Metaspace       used 5077K, capacity 5258K, committed 5504K, reserved 1056768K
  class space    used 557K, capacity 597K, committed 640K, reserved 1048576K
2024-07-16T17:58:54.129+0800: 1.273: [GC (Allocation Failure) 2024-07-16T17:58:54.129+0800: 1.273: [ParNew: 5233K->6K(6144K), 0.0008894 secs] 12570K->8368K(19840K), 0.0009861 secs] [Times: user=0.00 sys=0.00, real=0.00 secs] 
Heap after GC invocations=153 (full 20):
 par new generation   total 6144K, used 6K [0x00000000fec00000, 0x00000000ff2a0000, 0x00000000ff2a0000)
  eden space 5504K,   0% used [0x00000000fec00000, 0x00000000fec00000, 0x00000000ff160000)
  from space 640K,   0% used [0x00000000ff200000, 0x00000000ff201830, 0x00000000ff2a0000)
  to   space 640K,   0% used [0x00000000ff160000, 0x00000000ff160000, 0x00000000ff200000)
 concurrent mark-sweep generation total 13696K, used 8362K [0x00000000ff2a0000, 0x0000000100000000, 0x0000000100000000)
 Metaspace       used 5077K, capacity 5258K, committed 5504K, reserved 1056768K
  class space    used 557K, capacity 597K, committed 640K, reserved 1048576K
}
2024-07-16T17:58:54.130+0800: 1.275: [GC (CMS Initial Mark) [1 CMS-initial-mark: 8362K(13696K)] 9394K(19840K), 0.0004148 secs] [Times: user=0.00 sys=0.00, real=0.00 secs] 
2024-07-16T17:58:54.130+0800: 1.275: [CMS-concurrent-mark-start]
2024-07-16T17:58:54.135+0800: 1.279: [CMS-concurrent-mark: 0.004/0.004 secs] [Times: user=0.00 sys=0.00, real=0.00 secs] 
2024-07-16T17:58:54.135+0800: 1.279: [CMS-concurrent-preclean-start]
2024-07-16T17:58:54.135+0800: 1.279: [CMS-concurrent-preclean: 0.000/0.000 secs] [Times: user=0.00 sys=0.00, real=0.00 secs] 
2024-07-16T17:58:54.135+0800: 1.279: [CMS-concurrent-abortable-preclean-start]
{Heap before GC invocations=153 (full 21):
 par new generation   total 6144K, used 5235K [0x00000000fec00000, 0x00000000ff2a0000, 0x00000000ff2a0000)
  eden space 5504K,  95% used [0x00000000fec00000, 0x00000000ff11b780, 0x00000000ff160000)
  from space 640K,   0% used [0x00000000ff200000, 0x00000000ff201830, 0x00000000ff2a0000)
  to   space 640K,   0% used [0x00000000ff160000, 0x00000000ff160000, 0x00000000ff200000)
 concurrent mark-sweep generation total 13696K, used 8362K [0x00000000ff2a0000, 0x0000000100000000, 0x0000000100000000)
 Metaspace       used 5077K, capacity 5258K, committed 5504K, reserved 1056768K
  class space    used 557K, capacity 597K, committed 640K, reserved 1048576K
2024-07-16T17:58:54.137+0800: 1.281: [GC (Allocation Failure) 2024-07-16T17:58:54.137+0800: 1.281: [ParNew: 5235K->4K(6144K), 0.0003009 secs] 13598K->8366K(19840K), 0.0003341 secs] [Times: user=0.00 sys=0.00, real=0.00 secs] 
Heap after GC invocations=154 (full 21):
 par new generation   total 6144K, used 4K [0x00000000fec00000, 0x00000000ff2a0000, 0x00000000ff2a0000)
  eden space 5504K,   0% used [0x00000000fec00000, 0x00000000fec00000, 0x00000000ff160000)
  from space 640K,   0% used [0x00000000ff160000, 0x00000000ff161020, 0x00000000ff200000)
  to   space 640K,   0% used [0x00000000ff200000, 0x00000000ff200000, 0x00000000ff2a0000)
 concurrent mark-sweep generation total 13696K, used 8362K [0x00000000ff2a0000, 0x0000000100000000, 0x0000000100000000)
 Metaspace       used 5077K, capacity 5258K, committed 5504K, reserved 1056768K
  class space    used 557K, capacity 597K, committed 640K, reserved 1048576K
}
{Heap before GC invocations=154 (full 21):
 par new generation   total 6144K, used 5233K [0x00000000fec00000, 0x00000000ff2a0000, 0x00000000ff2a0000)
  eden space 5504K,  95% used [0x00000000fec00000, 0x00000000ff11b780, 0x00000000ff160000)
  from space 640K,   0% used [0x00000000ff160000, 0x00000000ff161020, 0x00000000ff200000)
  to   space 640K,   0% used [0x00000000ff200000, 0x00000000ff200000, 0x00000000ff2a0000)
 concurrent mark-sweep generation total 13696K, used 8362K [0x00000000ff2a0000, 0x0000000100000000, 0x0000000100000000)
 Metaspace       used 5077K, capacity 5258K, committed 5504K, reserved 1056768K
  class space    used 557K, capacity 597K, committed 640K, reserved 1048576K
2024-07-16T17:58:54.145+0800: 1.289: [GC (Allocation Failure) 2024-07-16T17:58:54.145+0800: 1.289: [ParNew: 5233K->6K(6144K), 0.0003724 secs] 13596K->9394K(19840K), 0.0004154 secs] [Times: user=0.00 sys=0.00, real=0.00 secs] 
Heap after GC invocations=155 (full 21):
 par new generation   total 6144K, used 6K [0x00000000fec00000, 0x00000000ff2a0000, 0x00000000ff2a0000)
  eden space 5504K,   0% used [0x00000000fec00000, 0x00000000fec00000, 0x00000000ff160000)
  from space 640K,   0% used [0x00000000ff200000, 0x00000000ff201830, 0x00000000ff2a0000)
  to   space 640K,   0% used [0x00000000ff160000, 0x00000000ff160000, 0x00000000ff200000)
 concurrent mark-sweep generation total 13696K, used 9388K [0x00000000ff2a0000, 0x0000000100000000, 0x0000000100000000)
 Metaspace       used 5077K, capacity 5258K, committed 5504K, reserved 1056768K
  class space    used 557K, capacity 597K, committed 640K, reserved 1048576K
}
{Heap before GC invocations=155 (full 21):
 par new generation   total 6144K, used 5235K [0x00000000fec00000, 0x00000000ff2a0000, 0x00000000ff2a0000)
  eden space 5504K,  95% used [0x00000000fec00000, 0x00000000ff11b780, 0x00000000ff160000)
  from space 640K,   0% used [0x00000000ff200000, 0x00000000ff201830, 0x00000000ff2a0000)
  to   space 640K,   0% used [0x00000000ff160000, 0x00000000ff160000, 0x00000000ff200000)
 concurrent mark-sweep generation total 13696K, used 9388K [0x00000000ff2a0000, 0x0000000100000000, 0x0000000100000000)
 Metaspace       used 5077K, capacity 5258K, committed 5504K, reserved 1056768K
  class space    used 557K, capacity 597K, committed 640K, reserved 1048576K
2024-07-16T17:58:54.153+0800: 1.297: [GC (Allocation Failure) 2024-07-16T17:58:54.153+0800: 1.297: [ParNew: 5235K->4K(6144K), 0.0002423 secs] 14624K->9392K(19840K), 0.0002871 secs] [Times: user=0.00 sys=0.00, real=0.00 secs] 
Heap after GC invocations=156 (full 21):
 par new generation   total 6144K, used 4K [0x00000000fec00000, 0x00000000ff2a0000, 0x00000000ff2a0000)
  eden space 5504K,   0% used [0x00000000fec00000, 0x00000000fec00000, 0x00000000ff160000)
  from space 640K,   0% used [0x00000000ff160000, 0x00000000ff161020, 0x00000000ff200000)
  to   space 640K,   0% used [0x00000000ff200000, 0x00000000ff200000, 0x00000000ff2a0000)
 concurrent mark-sweep generation total 13696K, used 9388K [0x00000000ff2a0000, 0x0000000100000000, 0x0000000100000000)
 Metaspace       used 5077K, capacity 5258K, committed 5504K, reserved 1056768K
  class space    used 557K, capacity 597K, committed 640K, reserved 1048576K
}
{Heap before GC invocations=156 (full 21):
 par new generation   total 6144K, used 5233K [0x00000000fec00000, 0x00000000ff2a0000, 0x00000000ff2a0000)
  eden space 5504K,  95% used [0x00000000fec00000, 0x00000000ff11b780, 0x00000000ff160000)
  from space 640K,   0% used [0x00000000ff160000, 0x00000000ff161020, 0x00000000ff200000)
  to   space 640K,   0% used [0x00000000ff200000, 0x00000000ff200000, 0x00000000ff2a0000)
 concurrent mark-sweep generation total 13696K, used 9388K [0x00000000ff2a0000, 0x0000000100000000, 0x0000000100000000)
 Metaspace       used 5077K, capacity 5258K, committed 5504K, reserved 1056768K
  class space    used 557K, capacity 597K, committed 640K, reserved 1048576K
2024-07-16T17:58:54.159+0800: 1.303: [GC (Allocation Failure) 2024-07-16T17:58:54.159+0800: 1.303: [ParNew: 5233K->6K(6144K), 0.0003472 secs] 14622K->10418K(19840K), 0.0003845 secs] [Times: user=0.00 sys=0.00, real=0.00 secs] 
Heap after GC invocations=157 (full 21):
 par new generation   total 6144K, used 6K [0x00000000fec00000, 0x00000000ff2a0000, 0x00000000ff2a0000)
  eden space 5504K,   0% used [0x00000000fec00000, 0x00000000fec00000, 0x00000000ff160000)
  from space 640K,   0% used [0x00000000ff200000, 0x00000000ff201830, 0x00000000ff2a0000)
  to   space 640K,   0% used [0x00000000ff160000, 0x00000000ff160000, 0x00000000ff200000)
 concurrent mark-sweep generation total 13696K, used 10412K [0x00000000ff2a0000, 0x0000000100000000, 0x0000000100000000)
 Metaspace       used 5077K, capacity 5258K, committed 5504K, reserved 1056768K
  class space    used 557K, capacity 597K, committed 640K, reserved 1048576K
}
{Heap before GC invocations=157 (full 21):
 par new generation   total 6144K, used 5235K [0x00000000fec00000, 0x00000000ff2a0000, 0x00000000ff2a0000)
  eden space 5504K,  95% used [0x00000000fec00000, 0x00000000ff11b780, 0x00000000ff160000)
  from space 640K,   0% used [0x00000000ff200000, 0x00000000ff201830, 0x00000000ff2a0000)
  to   space 640K,   0% used [0x00000000ff160000, 0x00000000ff160000, 0x00000000ff200000)
 concurrent mark-sweep generation total 13696K, used 10412K [0x00000000ff2a0000, 0x0000000100000000, 0x0000000100000000)
 Metaspace       used 5077K, capacity 5258K, committed 5504K, reserved 1056768K
  class space    used 557K, capacity 597K, committed 640K, reserved 1048576K
2024-07-16T17:58:54.166+0800: 1.310: [GC (Allocation Failure) 2024-07-16T17:58:54.166+0800: 1.310: [ParNew: 5235K->6K(6144K), 0.0003732 secs] 15648K->11445K(19840K), 0.0004115 secs] [Times: user=0.00 sys=0.00, real=0.00 secs] 
Heap after GC invocations=158 (full 21):
 par new generation   total 6144K, used 6K [0x00000000fec00000, 0x00000000ff2a0000, 0x00000000ff2a0000)
  eden space 5504K,   0% used [0x00000000fec00000, 0x00000000fec00000, 0x00000000ff160000)
  from space 640K,   0% used [0x00000000ff160000, 0x00000000ff161830, 0x00000000ff200000)
  to   space 640K,   0% used [0x00000000ff200000, 0x00000000ff200000, 0x00000000ff2a0000)
 concurrent mark-sweep generation total 13696K, used 11438K [0x00000000ff2a0000, 0x0000000100000000, 0x0000000100000000)
 Metaspace       used 5077K, capacity 5258K, committed 5504K, reserved 1056768K
  class space    used 557K, capacity 597K, committed 640K, reserved 1048576K
}
{Heap before GC invocations=158 (full 21):
 par new generation   total 6144K, used 5235K [0x00000000fec00000, 0x00000000ff2a0000, 0x00000000ff2a0000)
  eden space 5504K,  95% used [0x00000000fec00000, 0x00000000ff11b780, 0x00000000ff160000)
  from space 640K,   0% used [0x00000000ff160000, 0x00000000ff161830, 0x00000000ff200000)
  to   space 640K,   0% used [0x00000000ff200000, 0x00000000ff200000, 0x00000000ff2a0000)
 concurrent mark-sweep generation total 13696K, used 11438K [0x00000000ff2a0000, 0x0000000100000000, 0x0000000100000000)
 Metaspace       used 5077K, capacity 5258K, committed 5504K, reserved 1056768K
  class space    used 557K, capacity 597K, committed 640K, reserved 1048576K
2024-07-16T17:58:54.173+0800: 1.317: [GC (Allocation Failure) 2024-07-16T17:58:54.173+0800: 1.317: [ParNew: 5235K->4K(6144K), 0.0003065 secs] 16674K->11443K(19840K), 0.0003414 secs] [Times: user=0.00 sys=0.00, real=0.00 secs] 
Heap after GC invocations=159 (full 21):
 par new generation   total 6144K, used 4K [0x00000000fec00000, 0x00000000ff2a0000, 0x00000000ff2a0000)
  eden space 5504K,   0% used [0x00000000fec00000, 0x00000000fec00000, 0x00000000ff160000)
  from space 640K,   0% used [0x00000000ff200000, 0x00000000ff201020, 0x00000000ff2a0000)
  to   space 640K,   0% used [0x00000000ff160000, 0x00000000ff160000, 0x00000000ff200000)
 concurrent mark-sweep generation total 13696K, used 11438K [0x00000000ff2a0000, 0x0000000100000000, 0x0000000100000000)
 Metaspace       used 5077K, capacity 5258K, committed 5504K, reserved 1056768K
  class space    used 557K, capacity 597K, committed 640K, reserved 1048576K
}
{Heap before GC invocations=159 (full 21):
 par new generation   total 6144K, used 5233K [0x00000000fec00000, 0x00000000ff2a0000, 0x00000000ff2a0000)
  eden space 5504K,  95% used [0x00000000fec00000, 0x00000000ff11b780, 0x00000000ff160000)
  from space 640K,   0% used [0x00000000ff200000, 0x00000000ff201020, 0x00000000ff2a0000)
  to   space 640K,   0% used [0x00000000ff160000, 0x00000000ff160000, 0x00000000ff200000)
 concurrent mark-sweep generation total 13696K, used 11438K [0x00000000ff2a0000, 0x0000000100000000, 0x0000000100000000)
 Metaspace       used 5077K, capacity 5258K, committed 5504K, reserved 1056768K
  class space    used 557K, capacity 597K, committed 640K, reserved 1048576K
2024-07-16T17:58:54.180+0800: 1.324: [GC (Allocation Failure) 2024-07-16T17:58:54.180+0800: 1.324: [ParNew: 5233K->8K(6144K), 0.0015361 secs] 16672K->12473K(19840K), 0.0016465 secs] [Times: user=0.00 sys=0.00, real=0.00 secs] 
Heap after GC invocations=160 (full 21):
 par new generation   total 6144K, used 8K [0x00000000fec00000, 0x00000000ff2a0000, 0x00000000ff2a0000)
  eden space 5504K,   0% used [0x00000000fec00000, 0x00000000fec00000, 0x00000000ff160000)
  from space 640K,   1% used [0x00000000ff160000, 0x00000000ff162040, 0x00000000ff200000)
  to   space 640K,   0% used [0x00000000ff200000, 0x00000000ff200000, 0x00000000ff2a0000)
 concurrent mark-sweep generation total 13696K, used 12465K [0x00000000ff2a0000, 0x0000000100000000, 0x0000000100000000)
 Metaspace       used 5077K, capacity 5258K, committed 5504K, reserved 1056768K
  class space    used 557K, capacity 597K, committed 640K, reserved 1048576K
}
{Heap before GC invocations=160 (full 21):
 par new generation   total 6144K, used 5237K [0x00000000fec00000, 0x00000000ff2a0000, 0x00000000ff2a0000)
  eden space 5504K,  95% used [0x00000000fec00000, 0x00000000ff11b780, 0x00000000ff160000)
  from space 640K,   1% used [0x00000000ff160000, 0x00000000ff162040, 0x00000000ff200000)
  to   space 640K,   0% used [0x00000000ff200000, 0x00000000ff200000, 0x00000000ff2a0000)
 concurrent mark-sweep generation total 13696K, used 12465K [0x00000000ff2a0000, 0x0000000100000000, 0x0000000100000000)
 Metaspace       used 5077K, capacity 5258K, committed 5504K, reserved 1056768K
  class space    used 557K, capacity 597K, committed 640K, reserved 1048576K
2024-07-16T17:58:54.190+0800: 1.334: [GC (Allocation Failure) 2024-07-16T17:58:54.190+0800: 1.334: [ParNew: 5237K->5237K(6144K), 0.0000145 secs]2024-07-16T17:58:54.190+0800: 1.334: [CMS2024-07-16T17:58:54.190+0800: 1.334: [CMS-concurrent-abortable-preclean: 0.001/0.055 secs] [Times: user=0.00 sys=0.00, real=0.06 secs] 
 (concurrent mode failure): 12465K->1182K(13696K), 0.0028124 secs] 17702K->1182K(19840K), [Metaspace: 5077K->5077K(1056768K)], 0.0028884 secs] [Times: user=0.00 sys=0.00, real=0.00 secs] 
Heap after GC invocations=161 (full 22):
 par new generation   total 6144K, used 0K [0x00000000fec00000, 0x00000000ff2a0000, 0x00000000ff2a0000)
  eden space 5504K,   0% used [0x00000000fec00000, 0x00000000fec00000, 0x00000000ff160000)
  from space 640K,   0% used [0x00000000ff160000, 0x00000000ff160000, 0x00000000ff200000)
  to   space 640K,   0% used [0x00000000ff200000, 0x00000000ff200000, 0x00000000ff2a0000)
 concurrent mark-sweep generation total 13696K, used 1182K [0x00000000ff2a0000, 0x0000000100000000, 0x0000000100000000)
 Metaspace       used 5077K, capacity 5258K, committed 5504K, reserved 1056768K
  class space    used 557K, capacity 597K, committed 640K, reserved 1048576K
}
{Heap before GC invocations=161 (full 22):
 par new generation   total 6144K, used 5229K [0x00000000fec00000, 0x00000000ff2a0000, 0x00000000ff2a0000)
  eden space 5504K,  95% used [0x00000000fec00000, 0x00000000ff11b780, 0x00000000ff160000)
  from space 640K,   0% used [0x00000000ff160000, 0x00000000ff160000, 0x00000000ff200000)
  to   space 640K,   0% used [0x00000000ff200000, 0x00000000ff200000, 0x00000000ff2a0000)
 concurrent mark-sweep generation total 13696K, used 1182K [0x00000000ff2a0000, 0x0000000100000000, 0x0000000100000000)
 Metaspace       used 5077K, capacity 5258K, committed 5504K, reserved 1056768K
  class space    used 557K, capacity 597K, committed 640K, reserved 1048576K
2024-07-16T17:58:54.200+0800: 1.344: [GC (Allocation Failure) 2024-07-16T17:58:54.200+0800: 1.344: [ParNew: 5229K->6K(6144K), 0.0004393 secs] 6412K->2214K(19840K), 0.0004963 secs] [Times: user=0.00 sys=0.00, real=0.00 secs] 
Heap after GC invocations=162 (full 22):
 par new generation   total 6144K, used 6K [0x00000000fec00000, 0x00000000ff2a0000, 0x00000000ff2a0000)
  eden space 5504K,   0% used [0x00000000fec00000, 0x00000000fec00000, 0x00000000ff160000)
  from space 640K,   0% used [0x00000000ff200000, 0x00000000ff201830, 0x00000000ff2a0000)
  to   space 640K,   0% used [0x00000000ff160000, 0x00000000ff160000, 0x00000000ff200000)
 concurrent mark-sweep generation total 13696K, used 2208K [0x00000000ff2a0000, 0x0000000100000000, 0x0000000100000000)
 Metaspace       used 5077K, capacity 5258K, committed 5504K, reserved 1056768K
  class space    used 557K, capacity 597K, committed 640K, reserved 1048576K
}
{Heap before GC invocations=162 (full 22):
 par new generation   total 6144K, used 5235K [0x00000000fec00000, 0x00000000ff2a0000, 0x00000000ff2a0000)
  eden space 5504K,  95% used [0x00000000fec00000, 0x00000000ff11b780, 0x00000000ff160000)
  from space 640K,   0% used [0x00000000ff200000, 0x00000000ff201830, 0x00000000ff2a0000)
  to   space 640K,   0% used [0x00000000ff160000, 0x00000000ff160000, 0x00000000ff200000)
 concurrent mark-sweep generation total 13696K, used 2208K [0x00000000ff2a0000, 0x0000000100000000, 0x0000000100000000)
 Metaspace       used 5077K, capacity 5258K, committed 5504K, reserved 1056768K
  class space    used 557K, capacity 597K, committed 640K, reserved 1048576K
2024-07-16T17:58:54.209+0800: 1.353: [GC (Allocation Failure) 2024-07-16T17:58:54.209+0800: 1.353: [ParNew: 5235K->4K(6144K), 0.0003310 secs] 7444K->2212K(19840K), 0.0003851 secs] [Times: user=0.00 sys=0.00, real=0.00 secs] 
Heap after GC invocations=163 (full 22):
 par new generation   total 6144K, used 4K [0x00000000fec00000, 0x00000000ff2a0000, 0x00000000ff2a0000)
  eden space 5504K,   0% used [0x00000000fec00000, 0x00000000fec00000, 0x00000000ff160000)
  from space 640K,   0% used [0x00000000ff160000, 0x00000000ff161020, 0x00000000ff200000)
  to   space 640K,   0% used [0x00000000ff200000, 0x00000000ff200000, 0x00000000ff2a0000)
 concurrent mark-sweep generation total 13696K, used 2208K [0x00000000ff2a0000, 0x0000000100000000, 0x0000000100000000)
 Metaspace       used 5077K, capacity 5258K, committed 5504K, reserved 1056768K
  class space    used 557K, capacity 597K, committed 640K, reserved 1048576K
}
{Heap before GC invocations=163 (full 22):
 par new generation   total 6144K, used 5233K [0x00000000fec00000, 0x00000000ff2a0000, 0x00000000ff2a0000)
  eden space 5504K,  95% used [0x00000000fec00000, 0x00000000ff11b780, 0x00000000ff160000)
  from space 640K,   0% used [0x00000000ff160000, 0x00000000ff161020, 0x00000000ff200000)
  to   space 640K,   0% used [0x00000000ff200000, 0x00000000ff200000, 0x00000000ff2a0000)
 concurrent mark-sweep generation total 13696K, used 2208K [0x00000000ff2a0000, 0x0000000100000000, 0x0000000100000000)
 Metaspace       used 5077K, capacity 5258K, committed 5504K, reserved 1056768K
  class space    used 557K, capacity 597K, committed 640K, reserved 1048576K
2024-07-16T17:58:54.217+0800: 1.361: [GC (Allocation Failure) 2024-07-16T17:58:54.217+0800: 1.361: [ParNew: 5233K->8K(6144K), 0.0004448 secs] 7442K->3242K(19840K), 0.0004883 secs] [Times: user=0.00 sys=0.00, real=0.00 secs] 
Heap after GC invocations=164 (full 22):
 par new generation   total 6144K, used 8K [0x00000000fec00000, 0x00000000ff2a0000, 0x00000000ff2a0000)
  eden space 5504K,   0% used [0x00000000fec00000, 0x00000000fec00000, 0x00000000ff160000)
  from space 640K,   1% used [0x00000000ff200000, 0x00000000ff202040, 0x00000000ff2a0000)
  to   space 640K,   0% used [0x00000000ff160000, 0x00000000ff160000, 0x00000000ff200000)
 concurrent mark-sweep generation total 13696K, used 3234K [0x00000000ff2a0000, 0x0000000100000000, 0x0000000100000000)
 Metaspace       used 5077K, capacity 5258K, committed 5504K, reserved 1056768K
  class space    used 557K, capacity 597K, committed 640K, reserved 1048576K
}
{Heap before GC invocations=164 (full 22):
 par new generation   total 6144K, used 5237K [0x00000000fec00000, 0x00000000ff2a0000, 0x00000000ff2a0000)
  eden space 5504K,  95% used [0x00000000fec00000, 0x00000000ff11b780, 0x00000000ff160000)
  from space 640K,   1% used [0x00000000ff200000, 0x00000000ff202040, 0x00000000ff2a0000)
  to   space 640K,   0% used [0x00000000ff160000, 0x00000000ff160000, 0x00000000ff200000)
 concurrent mark-sweep generation total 13696K, used 3234K [0x00000000ff2a0000, 0x0000000100000000, 0x0000000100000000)
 Metaspace       used 5077K, capacity 5258K, committed 5504K, reserved 1056768K
  class space    used 557K, capacity 597K, committed 640K, reserved 1048576K
2024-07-16T17:58:54.226+0800: 1.370: [GC (Allocation Failure) 2024-07-16T17:58:54.226+0800: 1.370: [ParNew: 5237K->4K(6144K), 0.0002521 secs] 8472K->3238K(19840K), 0.0002896 secs] [Times: user=0.00 sys=0.00, real=0.00 secs] 
Heap after GC invocations=165 (full 22):
 par new generation   total 6144K, used 4K [0x00000000fec00000, 0x00000000ff2a0000, 0x00000000ff2a0000)
  eden space 5504K,   0% used [0x00000000fec00000, 0x00000000fec00000, 0x00000000ff160000)
  from space 640K,   0% used [0x00000000ff160000, 0x00000000ff161020, 0x00000000ff200000)
  to   space 640K,   0% used [0x00000000ff200000, 0x00000000ff200000, 0x00000000ff2a0000)
 concurrent mark-sweep generation total 13696K, used 3234K [0x00000000ff2a0000, 0x0000000100000000, 0x0000000100000000)
 Metaspace       used 5077K, capacity 5258K, committed 5504K, reserved 1056768K
  class space    used 557K, capacity 597K, committed 640K, reserved 1048576K
}
{Heap before GC invocations=165 (full 22):
 par new generation   total 6144K, used 5233K [0x00000000fec00000, 0x00000000ff2a0000, 0x00000000ff2a0000)
  eden space 5504K,  95% used [0x00000000fec00000, 0x00000000ff11b780, 0x00000000ff160000)
  from space 640K,   0% used [0x00000000ff160000, 0x00000000ff161020, 0x00000000ff200000)
  to   space 640K,   0% used [0x00000000ff200000, 0x00000000ff200000, 0x00000000ff2a0000)
 concurrent mark-sweep generation total 13696K, used 3234K [0x00000000ff2a0000, 0x0000000100000000, 0x0000000100000000)
 Metaspace       used 5077K, capacity 5258K, committed 5504K, reserved 1056768K
  class space    used 557K, capacity 597K, committed 640K, reserved 1048576K
2024-07-16T17:58:54.233+0800: 1.377: [GC (Allocation Failure) 2024-07-16T17:58:54.233+0800: 1.377: [ParNew: 5233K->6K(6144K), 0.0003568 secs] 8468K->4267K(19840K), 0.0003916 secs] [Times: user=0.00 sys=0.00, real=0.00 secs] 
Heap after GC invocations=166 (full 22):
 par new generation   total 6144K, used 6K [0x00000000fec00000, 0x00000000ff2a0000, 0x00000000ff2a0000)
  eden space 5504K,   0% used [0x00000000fec00000, 0x00000000fec00000, 0x00000000ff160000)
  from space 640K,   1% used [0x00000000ff200000, 0x00000000ff201b68, 0x00000000ff2a0000)
  to   space 640K,   0% used [0x00000000ff160000, 0x00000000ff160000, 0x00000000ff200000)
 concurrent mark-sweep generation total 13696K, used 4260K [0x00000000ff2a0000, 0x0000000100000000, 0x0000000100000000)
 Metaspace       used 5077K, capacity 5258K, committed 5504K, reserved 1056768K
  class space    used 557K, capacity 597K, committed 640K, reserved 1048576K
}
{Heap before GC invocations=166 (full 22):
 par new generation   total 6144K, used 5236K [0x00000000fec00000, 0x00000000ff2a0000, 0x00000000ff2a0000)
  eden space 5504K,  95% used [0x00000000fec00000, 0x00000000ff11b780, 0x00000000ff160000)
  from space 640K,   1% used [0x00000000ff200000, 0x00000000ff201b68, 0x00000000ff2a0000)
  to   space 640K,   0% used [0x00000000ff160000, 0x00000000ff160000, 0x00000000ff200000)
 concurrent mark-sweep generation total 13696K, used 4260K [0x00000000ff2a0000, 0x0000000100000000, 0x0000000100000000)
 Metaspace       used 5077K, capacity 5258K, committed 5504K, reserved 1056768K
  class space    used 557K, capacity 597K, committed 640K, reserved 1048576K
2024-07-16T17:58:54.239+0800: 1.383: [GC (Allocation Failure) 2024-07-16T17:58:54.239+0800: 1.383: [ParNew: 5236K->10K(6144K), 0.0003681 secs] 9497K->5297K(19840K), 0.0003950 secs] [Times: user=0.00 sys=0.00, real=0.00 secs] 
Heap after GC invocations=167 (full 22):
 par new generation   total 6144K, used 10K [0x00000000fec00000, 0x00000000ff2a0000, 0x00000000ff2a0000)
  eden space 5504K,   0% used [0x00000000fec00000, 0x00000000fec00000, 0x00000000ff160000)
  from space 640K,   1% used [0x00000000ff160000, 0x00000000ff162b88, 0x00000000ff200000)
  to   space 640K,   0% used [0x00000000ff200000, 0x00000000ff200000, 0x00000000ff2a0000)
 concurrent mark-sweep generation total 13696K, used 5286K [0x00000000ff2a0000, 0x0000000100000000, 0x0000000100000000)
 Metaspace       used 5077K, capacity 5258K, committed 5504K, reserved 1056768K
  class space    used 557K, capacity 597K, committed 640K, reserved 1048576K
}
{Heap before GC invocations=167 (full 22):
 par new generation   total 6144K, used 5240K [0x00000000fec00000, 0x00000000ff2a0000, 0x00000000ff2a0000)
  eden space 5504K,  95% used [0x00000000fec00000, 0x00000000ff11b7a0, 0x00000000ff160000)
  from space 640K,   1% used [0x00000000ff160000, 0x00000000ff162b88, 0x00000000ff200000)
  to   space 640K,   0% used [0x00000000ff200000, 0x00000000ff200000, 0x00000000ff2a0000)
 concurrent mark-sweep generation total 13696K, used 5286K [0x00000000ff2a0000, 0x0000000100000000, 0x0000000100000000)
 Metaspace       used 5077K, capacity 5258K, committed 5504K, reserved 1056768K
  class space    used 557K, capacity 597K, committed 640K, reserved 1048576K
2024-07-16T17:58:54.246+0800: 1.390: [GC (Allocation Failure) 2024-07-16T17:58:54.246+0800: 1.390: [ParNew: 5240K->14K(6144K), 0.0007732 secs] 10527K->7349K(19840K), 0.0008463 secs] [Times: user=0.00 sys=0.00, real=0.00 secs] 
Heap after GC invocations=168 (full 22):
 par new generation   total 6144K, used 14K [0x00000000fec00000, 0x00000000ff2a0000, 0x00000000ff2a0000)
  eden space 5504K,   0% used [0x00000000fec00000, 0x00000000fec00000, 0x00000000ff160000)
  from space 640K,   2% used [0x00000000ff200000, 0x00000000ff203ba8, 0x00000000ff2a0000)
  to   space 640K,   0% used [0x00000000ff160000, 0x00000000ff160000, 0x00000000ff200000)
 concurrent mark-sweep generation total 13696K, used 7334K [0x00000000ff2a0000, 0x0000000100000000, 0x0000000100000000)
 Metaspace       used 5077K, capacity 5258K, committed 5504K, reserved 1056768K
  class space    used 557K, capacity 597K, committed 640K, reserved 1048576K
}
2024-07-16T17:58:54.247+0800: 1.391: [GC (CMS Initial Mark) [1 CMS-initial-mark: 7334K(13696K)] 8375K(19840K), 0.0001145 secs] [Times: user=0.00 sys=0.00, real=0.00 secs] 
2024-07-16T17:58:54.247+0800: 1.391: [CMS-concurrent-mark-start]
2024-07-16T17:58:54.250+0800: 1.394: [CMS-concurrent-mark: 0.003/0.003 secs] [Times: user=0.00 sys=0.00, real=0.00 secs] 
2024-07-16T17:58:54.250+0800: 1.394: [CMS-concurrent-preclean-start]
2024-07-16T17:58:54.250+0800: 1.395: [CMS-concurrent-preclean: 0.000/0.000 secs] [Times: user=0.00 sys=0.00, real=0.00 secs] 
2024-07-16T17:58:54.250+0800: 1.395: [CMS-concurrent-abortable-preclean-start]
{Heap before GC invocations=168 (full 23):
 par new generation   total 6144K, used 5244K [0x00000000fec00000, 0x00000000ff2a0000, 0x00000000ff2a0000)
  eden space 5504K,  95% used [0x00000000fec00000, 0x00000000ff11b790, 0x00000000ff160000)
  from space 640K,   2% used [0x00000000ff200000, 0x00000000ff203ba8, 0x00000000ff2a0000)
  to   space 640K,   0% used [0x00000000ff160000, 0x00000000ff160000, 0x00000000ff200000)
 concurrent mark-sweep generation total 13696K, used 7334K [0x00000000ff2a0000, 0x0000000100000000, 0x0000000100000000)
 Metaspace       used 5077K, capacity 5258K, committed 5504K, reserved 1056768K
  class space    used 557K, capacity 597K, committed 640K, reserved 1048576K
2024-07-16T17:58:54.256+0800: 1.400: [GC (Allocation Failure) 2024-07-16T17:58:54.256+0800: 1.400: [ParNew: 5244K->8K(6144K), 0.0003274 secs] 12579K->7343K(19840K), 0.0003675 secs] [Times: user=0.00 sys=0.00, real=0.00 secs] 
Heap after GC invocations=169 (full 23):
 par new generation   total 6144K, used 8K [0x00000000fec00000, 0x00000000ff2a0000, 0x00000000ff2a0000)
  eden space 5504K,   0% used [0x00000000fec00000, 0x00000000fec00000, 0x00000000ff160000)
  from space 640K,   1% used [0x00000000ff160000, 0x00000000ff162378, 0x00000000ff200000)
  to   space 640K,   0% used [0x00000000ff200000, 0x00000000ff200000, 0x00000000ff2a0000)
 concurrent mark-sweep generation total 13696K, used 7334K [0x00000000ff2a0000, 0x0000000100000000, 0x0000000100000000)
 Metaspace       used 5077K, capacity 5258K, committed 5504K, reserved 1056768K
  class space    used 557K, capacity 597K, committed 640K, reserved 1048576K
}
{Heap before GC invocations=169 (full 23):
 par new generation   total 6144K, used 5238K [0x00000000fec00000, 0x00000000ff2a0000, 0x00000000ff2a0000)
  eden space 5504K,  95% used [0x00000000fec00000, 0x00000000ff11b788, 0x00000000ff160000)
  from space 640K,   1% used [0x00000000ff160000, 0x00000000ff162378, 0x00000000ff200000)
  to   space 640K,   0% used [0x00000000ff200000, 0x00000000ff200000, 0x00000000ff2a0000)
 concurrent mark-sweep generation total 13696K, used 7334K [0x00000000ff2a0000, 0x0000000100000000, 0x0000000100000000)
 Metaspace       used 5077K, capacity 5258K, committed 5504K, reserved 1056768K
  class space    used 557K, capacity 597K, committed 640K, reserved 1048576K
2024-07-16T17:58:54.264+0800: 1.408: [GC (Allocation Failure) 2024-07-16T17:58:54.264+0800: 1.408: [ParNew: 5238K->8K(6144K), 0.0002673 secs] 12573K->7343K(19840K), 0.0003042 secs] [Times: user=0.00 sys=0.00, real=0.00 secs] 
Heap after GC invocations=170 (full 23):
 par new generation   total 6144K, used 8K [0x00000000fec00000, 0x00000000ff2a0000, 0x00000000ff2a0000)
  eden space 5504K,   0% used [0x00000000fec00000, 0x00000000fec00000, 0x00000000ff160000)
  from space 640K,   1% used [0x00000000ff200000, 0x00000000ff202378, 0x00000000ff2a0000)
  to   space 640K,   0% used [0x00000000ff160000, 0x00000000ff160000, 0x00000000ff200000)
 concurrent mark-sweep generation total 13696K, used 7334K [0x00000000ff2a0000, 0x0000000100000000, 0x0000000100000000)
 Metaspace       used 5077K, capacity 5258K, committed 5504K, reserved 1056768K
  class space    used 557K, capacity 597K, committed 640K, reserved 1048576K
}
{Heap before GC invocations=170 (full 23):
 par new generation   total 6144K, used 5238K [0x00000000fec00000, 0x00000000ff2a0000, 0x00000000ff2a0000)
  eden space 5504K,  95% used [0x00000000fec00000, 0x00000000ff11b788, 0x00000000ff160000)
  from space 640K,   1% used [0x00000000ff200000, 0x00000000ff202378, 0x00000000ff2a0000)
  to   space 640K,   0% used [0x00000000ff160000, 0x00000000ff160000, 0x00000000ff200000)
 concurrent mark-sweep generation total 13696K, used 7334K [0x00000000ff2a0000, 0x0000000100000000, 0x0000000100000000)
 Metaspace       used 5077K, capacity 5258K, committed 5504K, reserved 1056768K
  class space    used 557K, capacity 597K, committed 640K, reserved 1048576K
2024-07-16T17:58:54.272+0800: 1.416: [GC (Allocation Failure) 2024-07-16T17:58:54.272+0800: 1.416: [ParNew: 5238K->8K(6144K), 0.0002931 secs] 12573K->7343K(19840K), 0.0003407 secs] [Times: user=0.00 sys=0.00, real=0.00 secs] 
Heap after GC invocations=171 (full 23):
 par new generation   total 6144K, used 8K [0x00000000fec00000, 0x00000000ff2a0000, 0x00000000ff2a0000)
  eden space 5504K,   0% used [0x00000000fec00000, 0x00000000fec00000, 0x00000000ff160000)
  from space 640K,   1% used [0x00000000ff160000, 0x00000000ff162378, 0x00000000ff200000)
  to   space 640K,   0% used [0x00000000ff200000, 0x00000000ff200000, 0x00000000ff2a0000)
 concurrent mark-sweep generation total 13696K, used 7334K [0x00000000ff2a0000, 0x0000000100000000, 0x0000000100000000)
 Metaspace       used 5077K, capacity 5258K, committed 5504K, reserved 1056768K
  class space    used 557K, capacity 597K, committed 640K, reserved 1048576K
}
{Heap before GC invocations=171 (full 23):
 par new generation   total 6144K, used 5238K [0x00000000fec00000, 0x00000000ff2a0000, 0x00000000ff2a0000)
  eden space 5504K,  95% used [0x00000000fec00000, 0x00000000ff11b780, 0x00000000ff160000)
  from space 640K,   1% used [0x00000000ff160000, 0x00000000ff162378, 0x00000000ff200000)
  to   space 640K,   0% used [0x00000000ff200000, 0x00000000ff200000, 0x00000000ff2a0000)
 concurrent mark-sweep generation total 13696K, used 7334K [0x00000000ff2a0000, 0x0000000100000000, 0x0000000100000000)
 Metaspace       used 5077K, capacity 5258K, committed 5504K, reserved 1056768K
  class space    used 557K, capacity 597K, committed 640K, reserved 1048576K
2024-07-16T17:58:54.279+0800: 1.423: [GC (Allocation Failure) 2024-07-16T17:58:54.279+0800: 1.423: [ParNew: 5238K->6K(6144K), 0.0004944 secs] 12573K->8371K(19840K), 0.0005393 secs] [Times: user=0.00 sys=0.00, real=0.00 secs] 
Heap after GC invocations=172 (full 23):
 par new generation   total 6144K, used 6K [0x00000000fec00000, 0x00000000ff2a0000, 0x00000000ff2a0000)
  eden space 5504K,   0% used [0x00000000fec00000, 0x00000000fec00000, 0x00000000ff160000)
  from space 640K,   0% used [0x00000000ff200000, 0x00000000ff201830, 0x00000000ff2a0000)
  to   space 640K,   0% used [0x00000000ff160000, 0x00000000ff160000, 0x00000000ff200000)
 concurrent mark-sweep generation total 13696K, used 8365K [0x00000000ff2a0000, 0x0000000100000000, 0x0000000100000000)
 Metaspace       used 5077K, capacity 5258K, committed 5504K, reserved 1056768K
  class space    used 557K, capacity 597K, committed 640K, reserved 1048576K
}
{Heap before GC invocations=172 (full 23):
 par new generation   total 6144K, used 5235K [0x00000000fec00000, 0x00000000ff2a0000, 0x00000000ff2a0000)
  eden space 5504K,  95% used [0x00000000fec00000, 0x00000000ff11b780, 0x00000000ff160000)
  from space 640K,   0% used [0x00000000ff200000, 0x00000000ff201830, 0x00000000ff2a0000)
  to   space 640K,   0% used [0x00000000ff160000, 0x00000000ff160000, 0x00000000ff200000)
 concurrent mark-sweep generation total 13696K, used 8365K [0x00000000ff2a0000, 0x0000000100000000, 0x0000000100000000)
 Metaspace       used 5077K, capacity 5258K, committed 5504K, reserved 1056768K
  class space    used 557K, capacity 597K, committed 640K, reserved 1048576K
2024-07-16T17:58:54.286+0800: 1.430: [GC (Allocation Failure) 2024-07-16T17:58:54.286+0800: 1.430: [ParNew: 5235K->8K(6144K), 0.0004894 secs] 13601K->9397K(19840K), 0.0005503 secs] [Times: user=0.00 sys=0.00, real=0.00 secs] 
Heap after GC invocations=173 (full 23):
 par new generation   total 6144K, used 8K [0x00000000fec00000, 0x00000000ff2a0000, 0x00000000ff2a0000)
  eden space 5504K,   0% used [0x00000000fec00000, 0x00000000fec00000, 0x00000000ff160000)
  from space 640K,   1% used [0x00000000ff160000, 0x00000000ff162040, 0x00000000ff200000)
  to   space 640K,   0% used [0x00000000ff200000, 0x00000000ff200000, 0x00000000ff2a0000)
 concurrent mark-sweep generation total 13696K, used 9389K [0x00000000ff2a0000, 0x0000000100000000, 0x0000000100000000)
 Metaspace       used 5077K, capacity 5258K, committed 5504K, reserved 1056768K
  class space    used 557K, capacity 597K, committed 640K, reserved 1048576K
}
{Heap before GC invocations=173 (full 23):
 par new generation   total 6144K, used 5237K [0x00000000fec00000, 0x00000000ff2a0000, 0x00000000ff2a0000)
  eden space 5504K,  95% used [0x00000000fec00000, 0x00000000ff11b780, 0x00000000ff160000)
  from space 640K,   1% used [0x00000000ff160000, 0x00000000ff162040, 0x00000000ff200000)
  to   space 640K,   0% used [0x00000000ff200000, 0x00000000ff200000, 0x00000000ff2a0000)
 concurrent mark-sweep generation total 13696K, used 9389K [0x00000000ff2a0000, 0x0000000100000000, 0x0000000100000000)
 Metaspace       used 5077K, capacity 5258K, committed 5504K, reserved 1056768K
  class space    used 557K, capacity 597K, committed 640K, reserved 1048576K
2024-07-16T17:58:54.295+0800: 1.439: [GC (Allocation Failure) 2024-07-16T17:58:54.295+0800: 1.439: [ParNew: 5237K->4K(6144K), 0.0004249 secs] 14627K->9393K(19840K), 0.0004892 secs] [Times: user=0.00 sys=0.00, real=0.00 secs] 
Heap after GC invocations=174 (full 23):
 par new generation   total 6144K, used 4K [0x00000000fec00000, 0x00000000ff2a0000, 0x00000000ff2a0000)
  eden space 5504K,   0% used [0x00000000fec00000, 0x00000000fec00000, 0x00000000ff160000)
  from space 640K,   0% used [0x00000000ff200000, 0x00000000ff201020, 0x00000000ff2a0000)
  to   space 640K,   0% used [0x00000000ff160000, 0x00000000ff160000, 0x00000000ff200000)
 concurrent mark-sweep generation total 13696K, used 9389K [0x00000000ff2a0000, 0x0000000100000000, 0x0000000100000000)
 Metaspace       used 5077K, capacity 5258K, committed 5504K, reserved 1056768K
  class space    used 557K, capacity 597K, committed 640K, reserved 1048576K
}
{Heap before GC invocations=174 (full 23):
 par new generation   total 6144K, used 5233K [0x00000000fec00000, 0x00000000ff2a0000, 0x00000000ff2a0000)
  eden space 5504K,  95% used [0x00000000fec00000, 0x00000000ff11b780, 0x00000000ff160000)
  from space 640K,   0% used [0x00000000ff200000, 0x00000000ff201020, 0x00000000ff2a0000)
  to   space 640K,   0% used [0x00000000ff160000, 0x00000000ff160000, 0x00000000ff200000)
 concurrent mark-sweep generation total 13696K, used 9389K [0x00000000ff2a0000, 0x0000000100000000, 0x0000000100000000)
 Metaspace       used 5077K, capacity 5258K, committed 5504K, reserved 1056768K
  class space    used 557K, capacity 597K, committed 640K, reserved 1048576K
2024-07-16T17:58:54.301+0800: 1.445: [GC (Allocation Failure) 2024-07-16T17:58:54.301+0800: 1.445: [ParNew: 5233K->8K(6144K), 0.0004616 secs] 14623K->10423K(19840K), 0.0005118 secs] [Times: user=0.00 sys=0.00, real=0.00 secs] 
Heap after GC invocations=175 (full 23):
 par new generation   total 6144K, used 8K [0x00000000fec00000, 0x00000000ff2a0000, 0x00000000ff2a0000)
  eden space 5504K,   0% used [0x00000000fec00000, 0x00000000fec00000, 0x00000000ff160000)
  from space 640K,   1% used [0x00000000ff160000, 0x00000000ff162040, 0x00000000ff200000)
  to   space 640K,   0% used [0x00000000ff200000, 0x00000000ff200000, 0x00000000ff2a0000)
 concurrent mark-sweep generation total 13696K, used 10415K [0x00000000ff2a0000, 0x0000000100000000, 0x0000000100000000)
 Metaspace       used 5077K, capacity 5258K, committed 5504K, reserved 1056768K
  class space    used 557K, capacity 597K, committed 640K, reserved 1048576K
}
{Heap before GC invocations=175 (full 23):
 par new generation   total 6144K, used 5237K [0x00000000fec00000, 0x00000000ff2a0000, 0x00000000ff2a0000)
  eden space 5504K,  95% used [0x00000000fec00000, 0x00000000ff11b780, 0x00000000ff160000)
  from space 640K,   1% used [0x00000000ff160000, 0x00000000ff162040, 0x00000000ff200000)
  to   space 640K,   0% used [0x00000000ff200000, 0x00000000ff200000, 0x00000000ff2a0000)
 concurrent mark-sweep generation total 13696K, used 10415K [0x00000000ff2a0000, 0x0000000100000000, 0x0000000100000000)
 Metaspace       used 5077K, capacity 5258K, committed 5504K, reserved 1056768K
  class space    used 557K, capacity 597K, committed 640K, reserved 1048576K
2024-07-16T17:58:54.309+0800: 1.453: [GC (Allocation Failure) 2024-07-16T17:58:54.309+0800: 1.453: [ParNew: 5237K->4K(6144K), 0.0005054 secs] 15653K->10419K(19840K), 0.0005693 secs] [Times: user=0.00 sys=0.00, real=0.00 secs] 
Heap after GC invocations=176 (full 23):
 par new generation   total 6144K, used 4K [0x00000000fec00000, 0x00000000ff2a0000, 0x00000000ff2a0000)
  eden space 5504K,   0% used [0x00000000fec00000, 0x00000000fec00000, 0x00000000ff160000)
  from space 640K,   0% used [0x00000000ff200000, 0x00000000ff201020, 0x00000000ff2a0000)
  to   space 640K,   0% used [0x00000000ff160000, 0x00000000ff160000, 0x00000000ff200000)
 concurrent mark-sweep generation total 13696K, used 10415K [0x00000000ff2a0000, 0x0000000100000000, 0x0000000100000000)
 Metaspace       used 5077K, capacity 5258K, committed 5504K, reserved 1056768K
  class space    used 557K, capacity 597K, committed 640K, reserved 1048576K
}
{Heap before GC invocations=176 (full 23):
 par new generation   total 6144K, used 5233K [0x00000000fec00000, 0x00000000ff2a0000, 0x00000000ff2a0000)
  eden space 5504K,  95% used [0x00000000fec00000, 0x00000000ff11b780, 0x00000000ff160000)
  from space 640K,   0% used [0x00000000ff200000, 0x00000000ff201020, 0x00000000ff2a0000)
  to   space 640K,   0% used [0x00000000ff160000, 0x00000000ff160000, 0x00000000ff200000)
 concurrent mark-sweep generation total 13696K, used 10415K [0x00000000ff2a0000, 0x0000000100000000, 0x0000000100000000)
 Metaspace       used 5077K, capacity 5258K, committed 5504K, reserved 1056768K
  class space    used 557K, capacity 597K, committed 640K, reserved 1048576K
2024-07-16T17:58:54.318+0800: 1.462: [GC (Allocation Failure) 2024-07-16T17:58:54.318+0800: 1.462: [ParNew: 5233K->4K(6144K), 0.0003187 secs] 15649K->10419K(19840K), 0.0003694 secs] [Times: user=0.00 sys=0.00, real=0.00 secs] 
Heap after GC invocations=177 (full 23):
 par new generation   total 6144K, used 4K [0x00000000fec00000, 0x00000000ff2a0000, 0x00000000ff2a0000)
  eden space 5504K,   0% used [0x00000000fec00000, 0x00000000fec00000, 0x00000000ff160000)
  from space 640K,   0% used [0x00000000ff160000, 0x00000000ff161020, 0x00000000ff200000)
  to   space 640K,   0% used [0x00000000ff200000, 0x00000000ff200000, 0x00000000ff2a0000)
 concurrent mark-sweep generation total 13696K, used 10415K [0x00000000ff2a0000, 0x0000000100000000, 0x0000000100000000)
 Metaspace       used 5077K, capacity 5258K, committed 5504K, reserved 1056768K
  class space    used 557K, capacity 597K, committed 640K, reserved 1048576K
}
{Heap before GC invocations=177 (full 23):
 par new generation   total 6144K, used 5233K [0x00000000fec00000, 0x00000000ff2a0000, 0x00000000ff2a0000)
  eden space 5504K,  95% used [0x00000000fec00000, 0x00000000ff11b780, 0x00000000ff160000)
  from space 640K,   0% used [0x00000000ff160000, 0x00000000ff161020, 0x00000000ff200000)
  to   space 640K,   0% used [0x00000000ff200000, 0x00000000ff200000, 0x00000000ff2a0000)
 concurrent mark-sweep generation total 13696K, used 10415K [0x00000000ff2a0000, 0x0000000100000000, 0x0000000100000000)
 Metaspace       used 5077K, capacity 5258K, committed 5504K, reserved 1056768K
  class space    used 557K, capacity 597K, committed 640K, reserved 1048576K
2024-07-16T17:58:54.326+0800: 1.470: [GC (Allocation Failure) 2024-07-16T17:58:54.326+0800: 1.470: [ParNew: 5233K->4K(6144K), 0.0003483 secs] 15649K->10419K(19840K), 0.0004016 secs] [Times: user=0.00 sys=0.00, real=0.00 secs] 
Heap after GC invocations=178 (full 23):
 par new generation   total 6144K, used 4K [0x00000000fec00000, 0x00000000ff2a0000, 0x00000000ff2a0000)
  eden space 5504K,   0% used [0x00000000fec00000, 0x00000000fec00000, 0x00000000ff160000)
  from space 640K,   0% used [0x00000000ff200000, 0x00000000ff201020, 0x00000000ff2a0000)
  to   space 640K,   0% used [0x00000000ff160000, 0x00000000ff160000, 0x00000000ff200000)
 concurrent mark-sweep generation total 13696K, used 10415K [0x00000000ff2a0000, 0x0000000100000000, 0x0000000100000000)
 Metaspace       used 5077K, capacity 5258K, committed 5504K, reserved 1056768K
  class space    used 557K, capacity 597K, committed 640K, reserved 1048576K
}
{Heap before GC invocations=178 (full 23):
 par new generation   total 6144K, used 5233K [0x00000000fec00000, 0x00000000ff2a0000, 0x00000000ff2a0000)
  eden space 5504K,  95% used [0x00000000fec00000, 0x00000000ff11b780, 0x00000000ff160000)
  from space 640K,   0% used [0x00000000ff200000, 0x00000000ff201020, 0x00000000ff2a0000)
  to   space 640K,   0% used [0x00000000ff160000, 0x00000000ff160000, 0x00000000ff200000)
 concurrent mark-sweep generation total 13696K, used 10415K [0x00000000ff2a0000, 0x0000000100000000, 0x0000000100000000)
 Metaspace       used 5077K, capacity 5258K, committed 5504K, reserved 1056768K
  class space    used 557K, capacity 597K, committed 640K, reserved 1048576K
2024-07-16T17:58:54.332+0800: 1.476: [GC (Allocation Failure) 2024-07-16T17:58:54.332+0800: 1.476: [ParNew: 5233K->6K(6144K), 0.0004254 secs] 15649K->11447K(19840K), 0.0004773 secs] [Times: user=0.00 sys=0.00, real=0.00 secs] 
Heap after GC invocations=179 (full 23):
 par new generation   total 6144K, used 6K [0x00000000fec00000, 0x00000000ff2a0000, 0x00000000ff2a0000)
  eden space 5504K,   0% used [0x00000000fec00000, 0x00000000fec00000, 0x00000000ff160000)
  from space 640K,   0% used [0x00000000ff160000, 0x00000000ff161830, 0x00000000ff200000)
  to   space 640K,   0% used [0x00000000ff200000, 0x00000000ff200000, 0x00000000ff2a0000)
 concurrent mark-sweep generation total 13696K, used 11441K [0x00000000ff2a0000, 0x0000000100000000, 0x0000000100000000)
 Metaspace       used 5077K, capacity 5258K, committed 5504K, reserved 1056768K
  class space    used 557K, capacity 597K, committed 640K, reserved 1048576K
}
{Heap before GC invocations=179 (full 23):
 par new generation   total 6144K, used 5235K [0x00000000fec00000, 0x00000000ff2a0000, 0x00000000ff2a0000)
  eden space 5504K,  95% used [0x00000000fec00000, 0x00000000ff11b780, 0x00000000ff160000)
  from space 640K,   0% used [0x00000000ff160000, 0x00000000ff161830, 0x00000000ff200000)
  to   space 640K,   0% used [0x00000000ff200000, 0x00000000ff200000, 0x00000000ff2a0000)
 concurrent mark-sweep generation total 13696K, used 11441K [0x00000000ff2a0000, 0x0000000100000000, 0x0000000100000000)
 Metaspace       used 5077K, capacity 5258K, committed 5504K, reserved 1056768K
  class space    used 557K, capacity 597K, committed 640K, reserved 1048576K
2024-07-16T17:58:54.340+0800: 1.484: [GC (Allocation Failure) 2024-07-16T17:58:54.340+0800: 1.484: [ParNew: 5235K->4K(6144K), 0.0003796 secs] 16677K->11445K(19840K), 0.0004348 secs] [Times: user=0.00 sys=0.00, real=0.00 secs] 
Heap after GC invocations=180 (full 23):
 par new generation   total 6144K, used 4K [0x00000000fec00000, 0x00000000ff2a0000, 0x00000000ff2a0000)
  eden space 5504K,   0% used [0x00000000fec00000, 0x00000000fec00000, 0x00000000ff160000)
  from space 640K,   0% used [0x00000000ff200000, 0x00000000ff201020, 0x00000000ff2a0000)
  to   space 640K,   0% used [0x00000000ff160000, 0x00000000ff160000, 0x00000000ff200000)
 concurrent mark-sweep generation total 13696K, used 11441K [0x00000000ff2a0000, 0x0000000100000000, 0x0000000100000000)
 Metaspace       used 5077K, capacity 5258K, committed 5504K, reserved 1056768K
  class space    used 557K, capacity 597K, committed 640K, reserved 1048576K
}
{Heap before GC invocations=180 (full 23):
 par new generation   total 6144K, used 5233K [0x00000000fec00000, 0x00000000ff2a0000, 0x00000000ff2a0000)
  eden space 5504K,  95% used [0x00000000fec00000, 0x00000000ff11b780, 0x00000000ff160000)
  from space 640K,   0% used [0x00000000ff200000, 0x00000000ff201020, 0x00000000ff2a0000)
  to   space 640K,   0% used [0x00000000ff160000, 0x00000000ff160000, 0x00000000ff200000)
 concurrent mark-sweep generation total 13696K, used 11441K [0x00000000ff2a0000, 0x0000000100000000, 0x0000000100000000)
 Metaspace       used 5077K, capacity 5258K, committed 5504K, reserved 1056768K
  class space    used 557K, capacity 597K, committed 640K, reserved 1048576K
2024-07-16T17:58:54.348+0800: 1.492: [GC (Allocation Failure) 2024-07-16T17:58:54.348+0800: 1.492: [ParNew: 5233K->8K(6144K), 0.0004524 secs] 16675K->12473K(19840K), 0.0005170 secs] [Times: user=0.00 sys=0.00, real=0.00 secs] 
Heap after GC invocations=181 (full 23):
 par new generation   total 6144K, used 8K [0x00000000fec00000, 0x00000000ff2a0000, 0x00000000ff2a0000)
  eden space 5504K,   0% used [0x00000000fec00000, 0x00000000fec00000, 0x00000000ff160000)
  from space 640K,   1% used [0x00000000ff160000, 0x00000000ff162040, 0x00000000ff200000)
  to   space 640K,   0% used [0x00000000ff200000, 0x00000000ff200000, 0x00000000ff2a0000)
 concurrent mark-sweep generation total 13696K, used 12465K [0x00000000ff2a0000, 0x0000000100000000, 0x0000000100000000)
 Metaspace       used 5077K, capacity 5258K, committed 5504K, reserved 1056768K
  class space    used 557K, capacity 597K, committed 640K, reserved 1048576K
}
{Heap before GC invocations=181 (full 23):
 par new generation   total 6144K, used 5237K [0x00000000fec00000, 0x00000000ff2a0000, 0x00000000ff2a0000)
  eden space 5504K,  95% used [0x00000000fec00000, 0x00000000ff11b780, 0x00000000ff160000)
  from space 640K,   1% used [0x00000000ff160000, 0x00000000ff162040, 0x00000000ff200000)
  to   space 640K,   0% used [0x00000000ff200000, 0x00000000ff200000, 0x00000000ff2a0000)
 concurrent mark-sweep generation total 13696K, used 12465K [0x00000000ff2a0000, 0x0000000100000000, 0x0000000100000000)
 Metaspace       used 5077K, capacity 5258K, committed 5504K, reserved 1056768K
  class space    used 557K, capacity 597K, committed 640K, reserved 1048576K
2024-07-16T17:58:54.355+0800: 1.499: [GC (Allocation Failure) 2024-07-16T17:58:54.355+0800: 1.499: [ParNew: 5237K->5237K(6144K), 0.0000123 secs]2024-07-16T17:58:54.355+0800: 1.499: [CMS2024-07-16T17:58:54.355+0800: 1.499: [CMS-concurrent-abortable-preclean: 0.001/0.105 secs] [Times: user=0.00 sys=0.00, real=0.11 secs] 
 (concurrent mode failure): 12465K->2208K(13696K), 0.0055138 secs] 17703K->2208K(19840K), [Metaspace: 5077K->5077K(1056768K)], 0.0056031 secs] [Times: user=0.00 sys=0.00, real=0.00 secs] 
Heap after GC invocations=182 (full 24):
 par new generation   total 6144K, used 0K [0x00000000fec00000, 0x00000000ff2a0000, 0x00000000ff2a0000)
  eden space 5504K,   0% used [0x00000000fec00000, 0x00000000fec00000, 0x00000000ff160000)
  from space 640K,   0% used [0x00000000ff160000, 0x00000000ff160000, 0x00000000ff200000)
  to   space 640K,   0% used [0x00000000ff200000, 0x00000000ff200000, 0x00000000ff2a0000)
 concurrent mark-sweep generation total 13696K, used 2208K [0x00000000ff2a0000, 0x0000000100000000, 0x0000000100000000)
 Metaspace       used 5077K, capacity 5258K, committed 5504K, reserved 1056768K
  class space    used 557K, capacity 597K, committed 640K, reserved 1048576K
}
{Heap before GC invocations=182 (full 24):
 par new generation   total 6144K, used 5229K [0x00000000fec00000, 0x00000000ff2a0000, 0x00000000ff2a0000)
  eden space 5504K,  95% used [0x00000000fec00000, 0x00000000ff11b780, 0x00000000ff160000)
  from space 640K,   0% used [0x00000000ff160000, 0x00000000ff160000, 0x00000000ff200000)
  to   space 640K,   0% used [0x00000000ff200000, 0x00000000ff200000, 0x00000000ff2a0000)
 concurrent mark-sweep generation total 13696K, used 2208K [0x00000000ff2a0000, 0x0000000100000000, 0x0000000100000000)
 Metaspace       used 5077K, capacity 5258K, committed 5504K, reserved 1056768K
  class space    used 557K, capacity 597K, committed 640K, reserved 1048576K
2024-07-16T17:58:54.367+0800: 1.511: [GC (Allocation Failure) 2024-07-16T17:58:54.367+0800: 1.511: [ParNew: 5229K->8K(6144K), 0.0008178 secs] 7438K->3242K(19840K), 0.0008957 secs] [Times: user=0.00 sys=0.00, real=0.00 secs] 
Heap after GC invocations=183 (full 24):
 par new generation   total 6144K, used 8K [0x00000000fec00000, 0x00000000ff2a0000, 0x00000000ff2a0000)
  eden space 5504K,   0% used [0x00000000fec00000, 0x00000000fec00000, 0x00000000ff160000)
  from space 640K,   1% used [0x00000000ff200000, 0x00000000ff202040, 0x00000000ff2a0000)
  to   space 640K,   0% used [0x00000000ff160000, 0x00000000ff160000, 0x00000000ff200000)
 concurrent mark-sweep generation total 13696K, used 3234K [0x00000000ff2a0000, 0x0000000100000000, 0x0000000100000000)
 Metaspace       used 5077K, capacity 5258K, committed 5504K, reserved 1056768K
  class space    used 557K, capacity 597K, committed 640K, reserved 1048576K
}
{Heap before GC invocations=183 (full 24):
 par new generation   total 6144K, used 5237K [0x00000000fec00000, 0x00000000ff2a0000, 0x00000000ff2a0000)
  eden space 5504K,  95% used [0x00000000fec00000, 0x00000000ff11b780, 0x00000000ff160000)
  from space 640K,   1% used [0x00000000ff200000, 0x00000000ff202040, 0x00000000ff2a0000)
  to   space 640K,   0% used [0x00000000ff160000, 0x00000000ff160000, 0x00000000ff200000)
 concurrent mark-sweep generation total 13696K, used 3234K [0x00000000ff2a0000, 0x0000000100000000, 0x0000000100000000)
 Metaspace       used 5077K, capacity 5258K, committed 5504K, reserved 1056768K
  class space    used 557K, capacity 597K, committed 640K, reserved 1048576K
2024-07-16T17:58:54.376+0800: 1.520: [GC (Allocation Failure) 2024-07-16T17:58:54.376+0800: 1.520: [ParNew: 5237K->6K(6144K), 0.0012630 secs] 8472K->4266K(19840K), 0.0013632 secs] [Times: user=0.00 sys=0.00, real=0.00 secs] 
Heap after GC invocations=184 (full 24):
 par new generation   total 6144K, used 6K [0x00000000fec00000, 0x00000000ff2a0000, 0x00000000ff2a0000)
  eden space 5504K,   0% used [0x00000000fec00000, 0x00000000fec00000, 0x00000000ff160000)
  from space 640K,   0% used [0x00000000ff160000, 0x00000000ff161830, 0x00000000ff200000)
  to   space 640K,   0% used [0x00000000ff200000, 0x00000000ff200000, 0x00000000ff2a0000)
 concurrent mark-sweep generation total 13696K, used 4260K [0x00000000ff2a0000, 0x0000000100000000, 0x0000000100000000)
 Metaspace       used 5077K, capacity 5258K, committed 5504K, reserved 1056768K
  class space    used 557K, capacity 597K, committed 640K, reserved 1048576K
}
{Heap before GC invocations=184 (full 24):
 par new generation   total 6144K, used 5235K [0x00000000fec00000, 0x00000000ff2a0000, 0x00000000ff2a0000)
  eden space 5504K,  95% used [0x00000000fec00000, 0x00000000ff11b780, 0x00000000ff160000)
  from space 640K,   0% used [0x00000000ff160000, 0x00000000ff161830, 0x00000000ff200000)
  to   space 640K,   0% used [0x00000000ff200000, 0x00000000ff200000, 0x00000000ff2a0000)
 concurrent mark-sweep generation total 13696K, used 4260K [0x00000000ff2a0000, 0x0000000100000000, 0x0000000100000000)
 Metaspace       used 5077K, capacity 5258K, committed 5504K, reserved 1056768K
  class space    used 557K, capacity 597K, committed 640K, reserved 1048576K
2024-07-16T17:58:54.384+0800: 1.528: [GC (Allocation Failure) 2024-07-16T17:58:54.384+0800: 1.528: [ParNew: 5235K->6K(6144K), 0.0008491 secs] 9496K->5290K(19840K), 0.0009076 secs] [Times: user=0.00 sys=0.00, real=0.00 secs] 
Heap after GC invocations=185 (full 24):
 par new generation   total 6144K, used 6K [0x00000000fec00000, 0x00000000ff2a0000, 0x00000000ff2a0000)
  eden space 5504K,   0% used [0x00000000fec00000, 0x00000000fec00000, 0x00000000ff160000)
  from space 640K,   0% used [0x00000000ff200000, 0x00000000ff201830, 0x00000000ff2a0000)
  to   space 640K,   0% used [0x00000000ff160000, 0x00000000ff160000, 0x00000000ff200000)
 concurrent mark-sweep generation total 13696K, used 5284K [0x00000000ff2a0000, 0x0000000100000000, 0x0000000100000000)
 Metaspace       used 5077K, capacity 5258K, committed 5504K, reserved 1056768K
  class space    used 557K, capacity 597K, committed 640K, reserved 1048576K
}
{Heap before GC invocations=185 (full 24):
 par new generation   total 6144K, used 5235K [0x00000000fec00000, 0x00000000ff2a0000, 0x00000000ff2a0000)
  eden space 5504K,  95% used [0x00000000fec00000, 0x00000000ff11b780, 0x00000000ff160000)
  from space 640K,   0% used [0x00000000ff200000, 0x00000000ff201830, 0x00000000ff2a0000)
  to   space 640K,   0% used [0x00000000ff160000, 0x00000000ff160000, 0x00000000ff200000)
 concurrent mark-sweep generation total 13696K, used 5284K [0x00000000ff2a0000, 0x0000000100000000, 0x0000000100000000)
 Metaspace       used 5077K, capacity 5258K, committed 5504K, reserved 1056768K
  class space    used 557K, capacity 597K, committed 640K, reserved 1048576K
2024-07-16T17:58:54.392+0800: 1.536: [GC (Allocation Failure) 2024-07-16T17:58:54.392+0800: 1.536: [ParNew: 5235K->8K(6144K), 0.0004350 secs] 10520K->6318K(19840K), 0.0004721 secs] [Times: user=0.00 sys=0.00, real=0.00 secs] 
Heap after GC invocations=186 (full 24):
 par new generation   total 6144K, used 8K [0x00000000fec00000, 0x00000000ff2a0000, 0x00000000ff2a0000)
  eden space 5504K,   0% used [0x00000000fec00000, 0x00000000fec00000, 0x00000000ff160000)
  from space 640K,   1% used [0x00000000ff160000, 0x00000000ff162040, 0x00000000ff200000)
  to   space 640K,   0% used [0x00000000ff200000, 0x00000000ff200000, 0x00000000ff2a0000)
 concurrent mark-sweep generation total 13696K, used 6310K [0x00000000ff2a0000, 0x0000000100000000, 0x0000000100000000)
 Metaspace       used 5077K, capacity 5258K, committed 5504K, reserved 1056768K
  class space    used 557K, capacity 597K, committed 640K, reserved 1048576K
}
{Heap before GC invocations=186 (full 24):
 par new generation   total 6144K, used 5237K [0x00000000fec00000, 0x00000000ff2a0000, 0x00000000ff2a0000)
  eden space 5504K,  95% used [0x00000000fec00000, 0x00000000ff11b780, 0x00000000ff160000)
  from space 640K,   1% used [0x00000000ff160000, 0x00000000ff162040, 0x00000000ff200000)
  to   space 640K,   0% used [0x00000000ff200000, 0x00000000ff200000, 0x00000000ff2a0000)
 concurrent mark-sweep generation total 13696K, used 6310K [0x00000000ff2a0000, 0x0000000100000000, 0x0000000100000000)
 Metaspace       used 5077K, capacity 5258K, committed 5504K, reserved 1056768K
  class space    used 557K, capacity 597K, committed 640K, reserved 1048576K
2024-07-16T17:58:54.400+0800: 1.544: [GC (Allocation Failure) 2024-07-16T17:58:54.400+0800: 1.544: [ParNew: 5237K->4K(6144K), 0.0003249 secs] 11548K->6314K(19840K), 0.0003664 secs] [Times: user=0.00 sys=0.00, real=0.00 secs] 
Heap after GC invocations=187 (full 24):
 par new generation   total 6144K, used 4K [0x00000000fec00000, 0x00000000ff2a0000, 0x00000000ff2a0000)
  eden space 5504K,   0% used [0x00000000fec00000, 0x00000000fec00000, 0x00000000ff160000)
  from space 640K,   0% used [0x00000000ff200000, 0x00000000ff201020, 0x00000000ff2a0000)
  to   space 640K,   0% used [0x00000000ff160000, 0x00000000ff160000, 0x00000000ff200000)
 concurrent mark-sweep generation total 13696K, used 6310K [0x00000000ff2a0000, 0x0000000100000000, 0x0000000100000000)
 Metaspace       used 5077K, capacity 5258K, committed 5504K, reserved 1056768K
  class space    used 557K, capacity 597K, committed 640K, reserved 1048576K
}
{Heap before GC invocations=187 (full 24):
 par new generation   total 6144K, used 5233K [0x00000000fec00000, 0x00000000ff2a0000, 0x00000000ff2a0000)
  eden space 5504K,  95% used [0x00000000fec00000, 0x00000000ff11b780, 0x00000000ff160000)
  from space 640K,   0% used [0x00000000ff200000, 0x00000000ff201020, 0x00000000ff2a0000)
  to   space 640K,   0% used [0x00000000ff160000, 0x00000000ff160000, 0x00000000ff200000)
 concurrent mark-sweep generation total 13696K, used 6310K [0x00000000ff2a0000, 0x0000000100000000, 0x0000000100000000)
 Metaspace       used 5077K, capacity 5258K, committed 5504K, reserved 1056768K
  class space    used 557K, capacity 597K, committed 640K, reserved 1048576K
2024-07-16T17:58:54.408+0800: 1.552: [GC (Allocation Failure) 2024-07-16T17:58:54.408+0800: 1.552: [ParNew: 5233K->4K(6144K), 0.0003938 secs] 11544K->6314K(19840K), 0.0004627 secs] [Times: user=0.00 sys=0.00, real=0.00 secs] 
Heap after GC invocations=188 (full 24):
 par new generation   total 6144K, used 4K [0x00000000fec00000, 0x00000000ff2a0000, 0x00000000ff2a0000)
  eden space 5504K,   0% used [0x00000000fec00000, 0x00000000fec00000, 0x00000000ff160000)
  from space 640K,   0% used [0x00000000ff160000, 0x00000000ff161020, 0x00000000ff200000)
  to   space 640K,   0% used [0x00000000ff200000, 0x00000000ff200000, 0x00000000ff2a0000)
 concurrent mark-sweep generation total 13696K, used 6310K [0x00000000ff2a0000, 0x0000000100000000, 0x0000000100000000)
 Metaspace       used 5077K, capacity 5258K, committed 5504K, reserved 1056768K
  class space    used 557K, capacity 597K, committed 640K, reserved 1048576K
}
{Heap before GC invocations=188 (full 24):
 par new generation   total 6144K, used 5233K [0x00000000fec00000, 0x00000000ff2a0000, 0x00000000ff2a0000)
  eden space 5504K,  95% used [0x00000000fec00000, 0x00000000ff11b780, 0x00000000ff160000)
  from space 640K,   0% used [0x00000000ff160000, 0x00000000ff161020, 0x00000000ff200000)
  to   space 640K,   0% used [0x00000000ff200000, 0x00000000ff200000, 0x00000000ff2a0000)
 concurrent mark-sweep generation total 13696K, used 6310K [0x00000000ff2a0000, 0x0000000100000000, 0x0000000100000000)
 Metaspace       used 5077K, capacity 5258K, committed 5504K, reserved 1056768K
  class space    used 557K, capacity 597K, committed 640K, reserved 1048576K
2024-07-16T17:58:54.415+0800: 1.559: [GC (Allocation Failure) 2024-07-16T17:58:54.415+0800: 1.559: [ParNew: 5233K->6K(6144K), 0.0003964 secs] 11544K->7342K(19840K), 0.0004504 secs] [Times: user=0.00 sys=0.00, real=0.00 secs] 
Heap after GC invocations=189 (full 24):
 par new generation   total 6144K, used 6K [0x00000000fec00000, 0x00000000ff2a0000, 0x00000000ff2a0000)
  eden space 5504K,   0% used [0x00000000fec00000, 0x00000000fec00000, 0x00000000ff160000)
  from space 640K,   0% used [0x00000000ff200000, 0x00000000ff201830, 0x00000000ff2a0000)
  to   space 640K,   0% used [0x00000000ff160000, 0x00000000ff160000, 0x00000000ff200000)
 concurrent mark-sweep generation total 13696K, used 7336K [0x00000000ff2a0000, 0x0000000100000000, 0x0000000100000000)
 Metaspace       used 5077K, capacity 5258K, committed 5504K, reserved 1056768K
  class space    used 557K, capacity 597K, committed 640K, reserved 1048576K
}
{Heap before GC invocations=189 (full 24):
 par new generation   total 6144K, used 5235K [0x00000000fec00000, 0x00000000ff2a0000, 0x00000000ff2a0000)
  eden space 5504K,  95% used [0x00000000fec00000, 0x00000000ff11b780, 0x00000000ff160000)
  from space 640K,   0% used [0x00000000ff200000, 0x00000000ff201830, 0x00000000ff2a0000)
  to   space 640K,   0% used [0x00000000ff160000, 0x00000000ff160000, 0x00000000ff200000)
 concurrent mark-sweep generation total 13696K, used 7336K [0x00000000ff2a0000, 0x0000000100000000, 0x0000000100000000)
 Metaspace       used 5077K, capacity 5258K, committed 5504K, reserved 1056768K
  class space    used 557K, capacity 597K, committed 640K, reserved 1048576K
2024-07-16T17:58:54.424+0800: 1.568: [GC (Allocation Failure) 2024-07-16T17:58:54.424+0800: 1.568: [ParNew: 5235K->4K(6144K), 0.0003291 secs] 12572K->7340K(19840K), 0.0004202 secs] [Times: user=0.00 sys=0.00, real=0.00 secs] 
Heap after GC invocations=190 (full 24):
 par new generation   total 6144K, used 4K [0x00000000fec00000, 0x00000000ff2a0000, 0x00000000ff2a0000)
  eden space 5504K,   0% used [0x00000000fec00000, 0x00000000fec00000, 0x00000000ff160000)
  from space 640K,   0% used [0x00000000ff160000, 0x00000000ff161020, 0x00000000ff200000)
  to   space 640K,   0% used [0x00000000ff200000, 0x00000000ff200000, 0x00000000ff2a0000)
 concurrent mark-sweep generation total 13696K, used 7336K [0x00000000ff2a0000, 0x0000000100000000, 0x0000000100000000)
 Metaspace       used 5077K, capacity 5258K, committed 5504K, reserved 1056768K
  class space    used 557K, capacity 597K, committed 640K, reserved 1048576K
}
{Heap before GC invocations=190 (full 24):
 par new generation   total 6144K, used 5233K [0x00000000fec00000, 0x00000000ff2a0000, 0x00000000ff2a0000)
  eden space 5504K,  95% used [0x00000000fec00000, 0x00000000ff11b780, 0x00000000ff160000)
  from space 640K,   0% used [0x00000000ff160000, 0x00000000ff161020, 0x00000000ff200000)
  to   space 640K,   0% used [0x00000000ff200000, 0x00000000ff200000, 0x00000000ff2a0000)
 concurrent mark-sweep generation total 13696K, used 7336K [0x00000000ff2a0000, 0x0000000100000000, 0x0000000100000000)
 Metaspace       used 5077K, capacity 5258K, committed 5504K, reserved 1056768K
  class space    used 557K, capacity 597K, committed 640K, reserved 1048576K
2024-07-16T17:58:54.432+0800: 1.576: [GC (Allocation Failure) 2024-07-16T17:58:54.432+0800: 1.576: [ParNew: 5233K->4K(6144K), 0.0003076 secs] 12570K->7340K(19840K), 0.0003488 secs] [Times: user=0.00 sys=0.00, real=0.00 secs] 
Heap after GC invocations=191 (full 24):
 par new generation   total 6144K, used 4K [0x00000000fec00000, 0x00000000ff2a0000, 0x00000000ff2a0000)
  eden space 5504K,   0% used [0x00000000fec00000, 0x00000000fec00000, 0x00000000ff160000)
  from space 640K,   0% used [0x00000000ff200000, 0x00000000ff201020, 0x00000000ff2a0000)
  to   space 640K,   0% used [0x00000000ff160000, 0x00000000ff160000, 0x00000000ff200000)
 concurrent mark-sweep generation total 13696K, used 7336K [0x00000000ff2a0000, 0x0000000100000000, 0x0000000100000000)
 Metaspace       used 5077K, capacity 5258K, committed 5504K, reserved 1056768K
  class space    used 557K, capacity 597K, committed 640K, reserved 1048576K
}
{Heap before GC invocations=191 (full 24):
 par new generation   total 6144K, used 5233K [0x00000000fec00000, 0x00000000ff2a0000, 0x00000000ff2a0000)
  eden space 5504K,  95% used [0x00000000fec00000, 0x00000000ff11b780, 0x00000000ff160000)
  from space 640K,   0% used [0x00000000ff200000, 0x00000000ff201020, 0x00000000ff2a0000)
  to   space 640K,   0% used [0x00000000ff160000, 0x00000000ff160000, 0x00000000ff200000)
 concurrent mark-sweep generation total 13696K, used 7336K [0x00000000ff2a0000, 0x0000000100000000, 0x0000000100000000)
 Metaspace       used 5077K, capacity 5258K, committed 5504K, reserved 1056768K
  class space    used 557K, capacity 597K, committed 640K, reserved 1048576K
2024-07-16T17:58:54.438+0800: 1.582: [GC (Allocation Failure) 2024-07-16T17:58:54.438+0800: 1.582: [ParNew: 5233K->6K(6144K), 0.0004986 secs] 12570K->8368K(19840K), 0.0005427 secs] [Times: user=0.00 sys=0.00, real=0.00 secs] 
Heap after GC invocations=192 (full 24):
 par new generation   total 6144K, used 6K [0x00000000fec00000, 0x00000000ff2a0000, 0x00000000ff2a0000)
  eden space 5504K,   0% used [0x00000000fec00000, 0x00000000fec00000, 0x00000000ff160000)
  from space 640K,   0% used [0x00000000ff160000, 0x00000000ff161830, 0x00000000ff200000)
  to   space 640K,   0% used [0x00000000ff200000, 0x00000000ff200000, 0x00000000ff2a0000)
 concurrent mark-sweep generation total 13696K, used 8362K [0x00000000ff2a0000, 0x0000000100000000, 0x0000000100000000)
 Metaspace       used 5077K, capacity 5258K, committed 5504K, reserved 1056768K
  class space    used 557K, capacity 597K, committed 640K, reserved 1048576K
}
2024-07-16T17:58:54.438+0800: 1.583: [GC (CMS Initial Mark) [1 CMS-initial-mark: 8362K(13696K)] 9392K(19840K), 0.0001403 secs] [Times: user=0.00 sys=0.00, real=0.00 secs] 
2024-07-16T17:58:54.438+0800: 1.583: [CMS-concurrent-mark-start]
2024-07-16T17:58:54.440+0800: 1.585: [CMS-concurrent-mark: 0.002/0.002 secs] [Times: user=0.05 sys=0.00, real=0.00 secs] 
2024-07-16T17:58:54.440+0800: 1.585: [CMS-concurrent-preclean-start]
2024-07-16T17:58:54.440+0800: 1.585: [CMS-concurrent-preclean: 0.000/0.000 secs] [Times: user=0.00 sys=0.00, real=0.00 secs] 
2024-07-16T17:58:54.440+0800: 1.585: [CMS-concurrent-abortable-preclean-start]
{Heap before GC invocations=192 (full 25):
 par new generation   total 6144K, used 5235K [0x00000000fec00000, 0x00000000ff2a0000, 0x00000000ff2a0000)
  eden space 5504K,  95% used [0x00000000fec00000, 0x00000000ff11b780, 0x00000000ff160000)
  from space 640K,   0% used [0x00000000ff160000, 0x00000000ff161830, 0x00000000ff200000)
  to   space 640K,   0% used [0x00000000ff200000, 0x00000000ff200000, 0x00000000ff2a0000)
 concurrent mark-sweep generation total 13696K, used 8362K [0x00000000ff2a0000, 0x0000000100000000, 0x0000000100000000)
 Metaspace       used 5077K, capacity 5258K, committed 5504K, reserved 1056768K
  class space    used 557K, capacity 597K, committed 640K, reserved 1048576K
2024-07-16T17:58:54.444+0800: 1.589: [GC (Allocation Failure) 2024-07-16T17:58:54.444+0800: 1.589: [ParNew: 5235K->4K(6144K), 0.0003027 secs] 13598K->8366K(19840K), 0.0003327 secs] [Times: user=0.00 sys=0.00, real=0.00 secs] 
Heap after GC invocations=193 (full 25):
 par new generation   total 6144K, used 4K [0x00000000fec00000, 0x00000000ff2a0000, 0x00000000ff2a0000)
  eden space 5504K,   0% used [0x00000000fec00000, 0x00000000fec00000, 0x00000000ff160000)
  from space 640K,   0% used [0x00000000ff200000, 0x00000000ff201020, 0x00000000ff2a0000)
  to   space 640K,   0% used [0x00000000ff160000, 0x00000000ff160000, 0x00000000ff200000)
 concurrent mark-sweep generation total 13696K, used 8362K [0x00000000ff2a0000, 0x0000000100000000, 0x0000000100000000)
 Metaspace       used 5077K, capacity 5258K, committed 5504K, reserved 1056768K
  class space    used 557K, capacity 597K, committed 640K, reserved 1048576K
}
{Heap before GC invocations=193 (full 25):
 par new generation   total 6144K, used 5233K [0x00000000fec00000, 0x00000000ff2a0000, 0x00000000ff2a0000)
  eden space 5504K,  95% used [0x00000000fec00000, 0x00000000ff11b780, 0x00000000ff160000)
  from space 640K,   0% used [0x00000000ff200000, 0x00000000ff201020, 0x00000000ff2a0000)
  to   space 640K,   0% used [0x00000000ff160000, 0x00000000ff160000, 0x00000000ff200000)
 concurrent mark-sweep generation total 13696K, used 8362K [0x00000000ff2a0000, 0x0000000100000000, 0x0000000100000000)
 Metaspace       used 5077K, capacity 5258K, committed 5504K, reserved 1056768K
  class space    used 557K, capacity 597K, committed 640K, reserved 1048576K
2024-07-16T17:58:54.452+0800: 1.596: [GC (Allocation Failure) 2024-07-16T17:58:54.452+0800: 1.596: [ParNew: 5233K->6K(6144K), 0.0003677 secs] 13596K->9394K(19840K), 0.0004094 secs] [Times: user=0.00 sys=0.00, real=0.00 secs] 
Heap after GC invocations=194 (full 25):
 par new generation   total 6144K, used 6K [0x00000000fec00000, 0x00000000ff2a0000, 0x00000000ff2a0000)
  eden space 5504K,   0% used [0x00000000fec00000, 0x00000000fec00000, 0x00000000ff160000)
  from space 640K,   0% used [0x00000000ff160000, 0x00000000ff161830, 0x00000000ff200000)
  to   space 640K,   0% used [0x00000000ff200000, 0x00000000ff200000, 0x00000000ff2a0000)
 concurrent mark-sweep generation total 13696K, used 9388K [0x00000000ff2a0000, 0x0000000100000000, 0x0000000100000000)
 Metaspace       used 5077K, capacity 5258K, committed 5504K, reserved 1056768K
  class space    used 557K, capacity 597K, committed 640K, reserved 1048576K
}
{Heap before GC invocations=194 (full 25):
 par new generation   total 6144K, used 5235K [0x00000000fec00000, 0x00000000ff2a0000, 0x00000000ff2a0000)
  eden space 5504K,  95% used [0x00000000fec00000, 0x00000000ff11b780, 0x00000000ff160000)
  from space 640K,   0% used [0x00000000ff160000, 0x00000000ff161830, 0x00000000ff200000)
  to   space 640K,   0% used [0x00000000ff200000, 0x00000000ff200000, 0x00000000ff2a0000)
 concurrent mark-sweep generation total 13696K, used 9388K [0x00000000ff2a0000, 0x0000000100000000, 0x0000000100000000)
 Metaspace       used 5077K, capacity 5258K, committed 5504K, reserved 1056768K
  class space    used 557K, capacity 597K, committed 640K, reserved 1048576K
2024-07-16T17:58:54.458+0800: 1.602: [GC (Allocation Failure) 2024-07-16T17:58:54.458+0800: 1.602: [ParNew: 5235K->8K(6144K), 0.0004341 secs] 14624K->10420K(19840K), 0.0005279 secs] [Times: user=0.00 sys=0.00, real=0.00 secs] 
Heap after GC invocations=195 (full 25):
 par new generation   total 6144K, used 8K [0x00000000fec00000, 0x00000000ff2a0000, 0x00000000ff2a0000)
  eden space 5504K,   0% used [0x00000000fec00000, 0x00000000fec00000, 0x00000000ff160000)
  from space 640K,   1% used [0x00000000ff200000, 0x00000000ff202040, 0x00000000ff2a0000)
  to   space 640K,   0% used [0x00000000ff160000, 0x00000000ff160000, 0x00000000ff200000)
 concurrent mark-sweep generation total 13696K, used 10412K [0x00000000ff2a0000, 0x0000000100000000, 0x0000000100000000)
 Metaspace       used 5077K, capacity 5258K, committed 5504K, reserved 1056768K
  class space    used 557K, capacity 597K, committed 640K, reserved 1048576K
}
{Heap before GC invocations=195 (full 25):
 par new generation   total 6144K, used 5237K [0x00000000fec00000, 0x00000000ff2a0000, 0x00000000ff2a0000)
  eden space 5504K,  95% used [0x00000000fec00000, 0x00000000ff11b780, 0x00000000ff160000)
  from space 640K,   1% used [0x00000000ff200000, 0x00000000ff202040, 0x00000000ff2a0000)
  to   space 640K,   0% used [0x00000000ff160000, 0x00000000ff160000, 0x00000000ff200000)
 concurrent mark-sweep generation total 13696K, used 10412K [0x00000000ff2a0000, 0x0000000100000000, 0x0000000100000000)
 Metaspace       used 5077K, capacity 5258K, committed 5504K, reserved 1056768K
  class space    used 557K, capacity 597K, committed 640K, reserved 1048576K
2024-07-16T17:58:54.463+0800: 1.608: [GC (Allocation Failure) 2024-07-16T17:58:54.463+0800: 1.608: [ParNew: 5237K->6K(6144K), 0.0003803 secs] 15650K->11442K(19840K), 0.0004205 secs] [Times: user=0.00 sys=0.00, real=0.00 secs] 
Heap after GC invocations=196 (full 25):
 par new generation   total 6144K, used 6K [0x00000000fec00000, 0x00000000ff2a0000, 0x00000000ff2a0000)
  eden space 5504K,   0% used [0x00000000fec00000, 0x00000000fec00000, 0x00000000ff160000)
  from space 640K,   0% used [0x00000000ff160000, 0x00000000ff161830, 0x00000000ff200000)
  to   space 640K,   0% used [0x00000000ff200000, 0x00000000ff200000, 0x00000000ff2a0000)
 concurrent mark-sweep generation total 13696K, used 11436K [0x00000000ff2a0000, 0x0000000100000000, 0x0000000100000000)
 Metaspace       used 5077K, capacity 5258K, committed 5504K, reserved 1056768K
  class space    used 557K, capacity 597K, committed 640K, reserved 1048576K
}
{Heap before GC invocations=196 (full 25):
 par new generation   total 6144K, used 5235K [0x00000000fec00000, 0x00000000ff2a0000, 0x00000000ff2a0000)
  eden space 5504K,  95% used [0x00000000fec00000, 0x00000000ff11b780, 0x00000000ff160000)
  from space 640K,   0% used [0x00000000ff160000, 0x00000000ff161830, 0x00000000ff200000)
  to   space 640K,   0% used [0x00000000ff200000, 0x00000000ff200000, 0x00000000ff2a0000)
 concurrent mark-sweep generation total 13696K, used 11436K [0x00000000ff2a0000, 0x0000000100000000, 0x0000000100000000)
 Metaspace       used 5077K, capacity 5258K, committed 5504K, reserved 1056768K
  class space    used 557K, capacity 597K, committed 640K, reserved 1048576K
2024-07-16T17:58:54.470+0800: 1.615: [GC (Allocation Failure) 2024-07-16T17:58:54.470+0800: 1.615: [ParNew: 5235K->4K(6144K), 0.0002946 secs] 16672K->11440K(19840K), 0.0003745 secs] [Times: user=0.00 sys=0.00, real=0.00 secs] 
Heap after GC invocations=197 (full 25):
 par new generation   total 6144K, used 4K [0x00000000fec00000, 0x00000000ff2a0000, 0x00000000ff2a0000)
  eden space 5504K,   0% used [0x00000000fec00000, 0x00000000fec00000, 0x00000000ff160000)
  from space 640K,   0% used [0x00000000ff200000, 0x00000000ff201020, 0x00000000ff2a0000)
  to   space 640K,   0% used [0x00000000ff160000, 0x00000000ff160000, 0x00000000ff200000)
 concurrent mark-sweep generation total 13696K, used 11436K [0x00000000ff2a0000, 0x0000000100000000, 0x0000000100000000)
 Metaspace       used 5077K, capacity 5258K, committed 5504K, reserved 1056768K
  class space    used 557K, capacity 597K, committed 640K, reserved 1048576K
}
{Heap before GC invocations=197 (full 25):
 par new generation   total 6144K, used 5233K [0x00000000fec00000, 0x00000000ff2a0000, 0x00000000ff2a0000)
  eden space 5504K,  95% used [0x00000000fec00000, 0x00000000ff11b780, 0x00000000ff160000)
  from space 640K,   0% used [0x00000000ff200000, 0x00000000ff201020, 0x00000000ff2a0000)
  to   space 640K,   0% used [0x00000000ff160000, 0x00000000ff160000, 0x00000000ff200000)
 concurrent mark-sweep generation total 13696K, used 11436K [0x00000000ff2a0000, 0x0000000100000000, 0x0000000100000000)
 Metaspace       used 5077K, capacity 5258K, committed 5504K, reserved 1056768K
  class space    used 557K, capacity 597K, committed 640K, reserved 1048576K
2024-07-16T17:58:54.476+0800: 1.620: [GC (Allocation Failure) 2024-07-16T17:58:54.476+0800: 1.620: [ParNew: 5233K->8K(6144K), 0.0004935 secs] 16670K->12470K(19840K), 0.0005514 secs] [Times: user=0.00 sys=0.00, real=0.00 secs] 
Heap after GC invocations=198 (full 25):
 par new generation   total 6144K, used 8K [0x00000000fec00000, 0x00000000ff2a0000, 0x00000000ff2a0000)
  eden space 5504K,   0% used [0x00000000fec00000, 0x00000000fec00000, 0x00000000ff160000)
  from space 640K,   1% used [0x00000000ff160000, 0x00000000ff162040, 0x00000000ff200000)
  to   space 640K,   0% used [0x00000000ff200000, 0x00000000ff200000, 0x00000000ff2a0000)
 concurrent mark-sweep generation total 13696K, used 12462K [0x00000000ff2a0000, 0x0000000100000000, 0x0000000100000000)
 Metaspace       used 5077K, capacity 5258K, committed 5504K, reserved 1056768K
  class space    used 557K, capacity 597K, committed 640K, reserved 1048576K
}
{Heap before GC invocations=198 (full 25):
 par new generation   total 6144K, used 5237K [0x00000000fec00000, 0x00000000ff2a0000, 0x00000000ff2a0000)
  eden space 5504K,  95% used [0x00000000fec00000, 0x00000000ff11b780, 0x00000000ff160000)
  from space 640K,   1% used [0x00000000ff160000, 0x00000000ff162040, 0x00000000ff200000)
  to   space 640K,   0% used [0x00000000ff200000, 0x00000000ff200000, 0x00000000ff2a0000)
 concurrent mark-sweep generation total 13696K, used 12462K [0x00000000ff2a0000, 0x0000000100000000, 0x0000000100000000)
 Metaspace       used 5077K, capacity 5258K, committed 5504K, reserved 1056768K
  class space    used 557K, capacity 597K, committed 640K, reserved 1048576K
2024-07-16T17:58:54.482+0800: 1.626: [GC (Allocation Failure) 2024-07-16T17:58:54.482+0800: 1.626: [ParNew: 5237K->5237K(6144K), 0.0000125 secs]2024-07-16T17:58:54.482+0800: 1.626: [CMS2024-07-16T17:58:54.482+0800: 1.626: [CMS-concurrent-abortable-preclean: 0.000/0.041 secs] [Times: user=0.00 sys=0.00, real=0.04 secs] 
 (concurrent mode failure): 12462K->2208K(13696K), 0.0025370 secs] 17700K->2208K(19840K), [Metaspace: 5077K->5077K(1056768K)], 0.0026106 secs] [Times: user=0.00 sys=0.00, real=0.00 secs] 
Heap after GC invocations=199 (full 26):
 par new generation   total 6144K, used 0K [0x00000000fec00000, 0x00000000ff2a0000, 0x00000000ff2a0000)
  eden space 5504K,   0% used [0x00000000fec00000, 0x00000000fec00000, 0x00000000ff160000)
  from space 640K,   0% used [0x00000000ff160000, 0x00000000ff160000, 0x00000000ff200000)
  to   space 640K,   0% used [0x00000000ff200000, 0x00000000ff200000, 0x00000000ff2a0000)
 concurrent mark-sweep generation total 13696K, used 2208K [0x00000000ff2a0000, 0x0000000100000000, 0x0000000100000000)
 Metaspace       used 5077K, capacity 5258K, committed 5504K, reserved 1056768K
  class space    used 557K, capacity 597K, committed 640K, reserved 1048576K
}
{Heap before GC invocations=199 (full 26):
 par new generation   total 6144K, used 5229K [0x00000000fec00000, 0x00000000ff2a0000, 0x00000000ff2a0000)
  eden space 5504K,  95% used [0x00000000fec00000, 0x00000000ff11b780, 0x00000000ff160000)
  from space 640K,   0% used [0x00000000ff160000, 0x00000000ff160000, 0x00000000ff200000)
  to   space 640K,   0% used [0x00000000ff200000, 0x00000000ff200000, 0x00000000ff2a0000)
 concurrent mark-sweep generation total 13696K, used 2208K [0x00000000ff2a0000, 0x0000000100000000, 0x0000000100000000)
 Metaspace       used 5077K, capacity 5258K, committed 5504K, reserved 1056768K
  class space    used 557K, capacity 597K, committed 640K, reserved 1048576K
2024-07-16T17:58:54.490+0800: 1.634: [GC (Allocation Failure) 2024-07-16T17:58:54.490+0800: 1.634: [ParNew: 5229K->4K(6144K), 0.0003043 secs] 7438K->2212K(19840K), 0.0003401 secs] [Times: user=0.00 sys=0.00, real=0.00 secs] 
Heap after GC invocations=200 (full 26):
 par new generation   total 6144K, used 4K [0x00000000fec00000, 0x00000000ff2a0000, 0x00000000ff2a0000)
  eden space 5504K,   0% used [0x00000000fec00000, 0x00000000fec00000, 0x00000000ff160000)
  from space 640K,   0% used [0x00000000ff200000, 0x00000000ff201020, 0x00000000ff2a0000)
  to   space 640K,   0% used [0x00000000ff160000, 0x00000000ff160000, 0x00000000ff200000)
 concurrent mark-sweep generation total 13696K, used 2208K [0x00000000ff2a0000, 0x0000000100000000, 0x0000000100000000)
 Metaspace       used 5077K, capacity 5258K, committed 5504K, reserved 1056768K
  class space    used 557K, capacity 597K, committed 640K, reserved 1048576K
}
{Heap before GC invocations=200 (full 26):
 par new generation   total 6144K, used 5233K [0x00000000fec00000, 0x00000000ff2a0000, 0x00000000ff2a0000)
  eden space 5504K,  95% used [0x00000000fec00000, 0x00000000ff11b780, 0x00000000ff160000)
  from space 640K,   0% used [0x00000000ff200000, 0x00000000ff201020, 0x00000000ff2a0000)
  to   space 640K,   0% used [0x00000000ff160000, 0x00000000ff160000, 0x00000000ff200000)
 concurrent mark-sweep generation total 13696K, used 2208K [0x00000000ff2a0000, 0x0000000100000000, 0x0000000100000000)
 Metaspace       used 5077K, capacity 5258K, committed 5504K, reserved 1056768K
  class space    used 557K, capacity 597K, committed 640K, reserved 1048576K
2024-07-16T17:58:54.495+0800: 1.639: [GC (Allocation Failure) 2024-07-16T17:58:54.495+0800: 1.639: [ParNew: 5233K->8K(6144K), 0.0003565 secs] 7442K->3242K(19840K), 0.0003833 secs] [Times: user=0.00 sys=0.00, real=0.00 secs] 
Heap after GC invocations=201 (full 26):
 par new generation   total 6144K, used 8K [0x00000000fec00000, 0x00000000ff2a0000, 0x00000000ff2a0000)
  eden space 5504K,   0% used [0x00000000fec00000, 0x00000000fec00000, 0x00000000ff160000)
  from space 640K,   1% used [0x00000000ff160000, 0x00000000ff162040, 0x00000000ff200000)
  to   space 640K,   0% used [0x00000000ff200000, 0x00000000ff200000, 0x00000000ff2a0000)
 concurrent mark-sweep generation total 13696K, used 3234K [0x00000000ff2a0000, 0x0000000100000000, 0x0000000100000000)
 Metaspace       used 5077K, capacity 5258K, committed 5504K, reserved 1056768K
  class space    used 557K, capacity 597K, committed 640K, reserved 1048576K
}
{Heap before GC invocations=201 (full 26):
 par new generation   total 6144K, used 5237K [0x00000000fec00000, 0x00000000ff2a0000, 0x00000000ff2a0000)
  eden space 5504K,  95% used [0x00000000fec00000, 0x00000000ff11b780, 0x00000000ff160000)
  from space 640K,   1% used [0x00000000ff160000, 0x00000000ff162040, 0x00000000ff200000)
  to   space 640K,   0% used [0x00000000ff200000, 0x00000000ff200000, 0x00000000ff2a0000)
 concurrent mark-sweep generation total 13696K, used 3234K [0x00000000ff2a0000, 0x0000000100000000, 0x0000000100000000)
 Metaspace       used 5077K, capacity 5258K, committed 5504K, reserved 1056768K
  class space    used 557K, capacity 597K, committed 640K, reserved 1048576K
2024-07-16T17:58:54.503+0800: 1.648: [GC (Allocation Failure) 2024-07-16T17:58:54.503+0800: 1.648: [ParNew: 5237K->4K(6144K), 0.0002923 secs] 8472K->3238K(19840K), 0.0003430 secs] [Times: user=0.00 sys=0.00, real=0.00 secs] 
Heap after GC invocations=202 (full 26):
 par new generation   total 6144K, used 4K [0x00000000fec00000, 0x00000000ff2a0000, 0x00000000ff2a0000)
  eden space 5504K,   0% used [0x00000000fec00000, 0x00000000fec00000, 0x00000000ff160000)
  from space 640K,   0% used [0x00000000ff200000, 0x00000000ff201020, 0x00000000ff2a0000)
  to   space 640K,   0% used [0x00000000ff160000, 0x00000000ff160000, 0x00000000ff200000)
 concurrent mark-sweep generation total 13696K, used 3234K [0x00000000ff2a0000, 0x0000000100000000, 0x0000000100000000)
 Metaspace       used 5077K, capacity 5258K, committed 5504K, reserved 1056768K
  class space    used 557K, capacity 597K, committed 640K, reserved 1048576K
}
{Heap before GC invocations=202 (full 26):
 par new generation   total 6144K, used 5233K [0x00000000fec00000, 0x00000000ff2a0000, 0x00000000ff2a0000)
  eden space 5504K,  95% used [0x00000000fec00000, 0x00000000ff11b780, 0x00000000ff160000)
  from space 640K,   0% used [0x00000000ff200000, 0x00000000ff201020, 0x00000000ff2a0000)
  to   space 640K,   0% used [0x00000000ff160000, 0x00000000ff160000, 0x00000000ff200000)
 concurrent mark-sweep generation total 13696K, used 3234K [0x00000000ff2a0000, 0x0000000100000000, 0x0000000100000000)
 Metaspace       used 5077K, capacity 5258K, committed 5504K, reserved 1056768K
  class space    used 557K, capacity 597K, committed 640K, reserved 1048576K
2024-07-16T17:58:54.511+0800: 1.656: [GC (Allocation Failure) 2024-07-16T17:58:54.511+0800: 1.656: [ParNew: 5233K->4K(6144K), 0.0002913 secs] 8468K->3238K(19840K), 0.0003217 secs] [Times: user=0.00 sys=0.00, real=0.00 secs] 
Heap after GC invocations=203 (full 26):
 par new generation   total 6144K, used 4K [0x00000000fec00000, 0x00000000ff2a0000, 0x00000000ff2a0000)
  eden space 5504K,   0% used [0x00000000fec00000, 0x00000000fec00000, 0x00000000ff160000)
  from space 640K,   0% used [0x00000000ff160000, 0x00000000ff161020, 0x00000000ff200000)
  to   space 640K,   0% used [0x00000000ff200000, 0x00000000ff200000, 0x00000000ff2a0000)
 concurrent mark-sweep generation total 13696K, used 3234K [0x00000000ff2a0000, 0x0000000100000000, 0x0000000100000000)
 Metaspace       used 5077K, capacity 5258K, committed 5504K, reserved 1056768K
  class space    used 557K, capacity 597K, committed 640K, reserved 1048576K
}
{Heap before GC invocations=203 (full 26):
 par new generation   total 6144K, used 5233K [0x00000000fec00000, 0x00000000ff2a0000, 0x00000000ff2a0000)
  eden space 5504K,  95% used [0x00000000fec00000, 0x00000000ff11b780, 0x00000000ff160000)
  from space 640K,   0% used [0x00000000ff160000, 0x00000000ff161020, 0x00000000ff200000)
  to   space 640K,   0% used [0x00000000ff200000, 0x00000000ff200000, 0x00000000ff2a0000)
 concurrent mark-sweep generation total 13696K, used 3234K [0x00000000ff2a0000, 0x0000000100000000, 0x0000000100000000)
 Metaspace       used 5077K, capacity 5258K, committed 5504K, reserved 1056768K
  class space    used 557K, capacity 597K, committed 640K, reserved 1048576K
2024-07-16T17:58:54.517+0800: 1.662: [GC (Allocation Failure) 2024-07-16T17:58:54.517+0800: 1.662: [ParNew: 5233K->4K(6144K), 0.0003608 secs] 8468K->4264K(19840K), 0.0004055 secs] [Times: user=0.00 sys=0.00, real=0.00 secs] 
Heap after GC invocations=204 (full 26):
 par new generation   total 6144K, used 4K [0x00000000fec00000, 0x00000000ff2a0000, 0x00000000ff2a0000)
  eden space 5504K,   0% used [0x00000000fec00000, 0x00000000fec00000, 0x00000000ff160000)
  from space 640K,   0% used [0x00000000ff200000, 0x00000000ff201020, 0x00000000ff2a0000)
  to   space 640K,   0% used [0x00000000ff160000, 0x00000000ff160000, 0x00000000ff200000)
 concurrent mark-sweep generation total 13696K, used 4260K [0x00000000ff2a0000, 0x0000000100000000, 0x0000000100000000)
 Metaspace       used 5077K, capacity 5258K, committed 5504K, reserved 1056768K
  class space    used 557K, capacity 597K, committed 640K, reserved 1048576K
}
{Heap before GC invocations=204 (full 26):
 par new generation   total 6144K, used 5233K [0x00000000fec00000, 0x00000000ff2a0000, 0x00000000ff2a0000)
  eden space 5504K,  95% used [0x00000000fec00000, 0x00000000ff11b780, 0x00000000ff160000)
  from space 640K,   0% used [0x00000000ff200000, 0x00000000ff201020, 0x00000000ff2a0000)
  to   space 640K,   0% used [0x00000000ff160000, 0x00000000ff160000, 0x00000000ff200000)
 concurrent mark-sweep generation total 13696K, used 4260K [0x00000000ff2a0000, 0x0000000100000000, 0x0000000100000000)
 Metaspace       used 5077K, capacity 5258K, committed 5504K, reserved 1056768K
  class space    used 557K, capacity 597K, committed 640K, reserved 1048576K
2024-07-16T17:58:54.523+0800: 1.668: [GC (Allocation Failure) 2024-07-16T17:58:54.523+0800: 1.668: [ParNew: 5233K->6K(6144K), 0.0003872 secs] 9494K->5292K(19840K), 0.0004263 secs] [Times: user=0.00 sys=0.00, real=0.00 secs] 
Heap after GC invocations=205 (full 26):
 par new generation   total 6144K, used 6K [0x00000000fec00000, 0x00000000ff2a0000, 0x00000000ff2a0000)
  eden space 5504K,   0% used [0x00000000fec00000, 0x00000000fec00000, 0x00000000ff160000)
  from space 640K,   0% used [0x00000000ff160000, 0x00000000ff161830, 0x00000000ff200000)
  to   space 640K,   0% used [0x00000000ff200000, 0x00000000ff200000, 0x00000000ff2a0000)
 concurrent mark-sweep generation total 13696K, used 5286K [0x00000000ff2a0000, 0x0000000100000000, 0x0000000100000000)
 Metaspace       used 5077K, capacity 5258K, committed 5504K, reserved 1056768K
  class space    used 557K, capacity 597K, committed 640K, reserved 1048576K
}
{Heap before GC invocations=205 (full 26):
 par new generation   total 6144K, used 5235K [0x00000000fec00000, 0x00000000ff2a0000, 0x00000000ff2a0000)
  eden space 5504K,  95% used [0x00000000fec00000, 0x00000000ff11b780, 0x00000000ff160000)
  from space 640K,   0% used [0x00000000ff160000, 0x00000000ff161830, 0x00000000ff200000)
  to   space 640K,   0% used [0x00000000ff200000, 0x00000000ff200000, 0x00000000ff2a0000)
 concurrent mark-sweep generation total 13696K, used 5286K [0x00000000ff2a0000, 0x0000000100000000, 0x0000000100000000)
 Metaspace       used 5077K, capacity 5258K, committed 5504K, reserved 1056768K
  class space    used 557K, capacity 597K, committed 640K, reserved 1048576K
2024-07-16T17:58:54.529+0800: 1.673: [GC (Allocation Failure) 2024-07-16T17:58:54.529+0800: 1.674: [ParNew: 5235K->6K(6144K), 0.0003949 secs] 10522K->6318K(19840K), 0.0004469 secs] [Times: user=0.00 sys=0.00, real=0.00 secs] 
Heap after GC invocations=206 (full 26):
 par new generation   total 6144K, used 6K [0x00000000fec00000, 0x00000000ff2a0000, 0x00000000ff2a0000)
  eden space 5504K,   0% used [0x00000000fec00000, 0x00000000fec00000, 0x00000000ff160000)
  from space 640K,   0% used [0x00000000ff200000, 0x00000000ff201830, 0x00000000ff2a0000)
  to   space 640K,   0% used [0x00000000ff160000, 0x00000000ff160000, 0x00000000ff200000)
 concurrent mark-sweep generation total 13696K, used 6312K [0x00000000ff2a0000, 0x0000000100000000, 0x0000000100000000)
 Metaspace       used 5077K, capacity 5258K, committed 5504K, reserved 1056768K
  class space    used 557K, capacity 597K, committed 640K, reserved 1048576K
}
{Heap before GC invocations=206 (full 26):
 par new generation   total 6144K, used 5235K [0x00000000fec00000, 0x00000000ff2a0000, 0x00000000ff2a0000)
  eden space 5504K,  95% used [0x00000000fec00000, 0x00000000ff11b780, 0x00000000ff160000)
  from space 640K,   0% used [0x00000000ff200000, 0x00000000ff201830, 0x00000000ff2a0000)
  to   space 640K,   0% used [0x00000000ff160000, 0x00000000ff160000, 0x00000000ff200000)
 concurrent mark-sweep generation total 13696K, used 6312K [0x00000000ff2a0000, 0x0000000100000000, 0x0000000100000000)
 Metaspace       used 5077K, capacity 5258K, committed 5504K, reserved 1056768K
  class space    used 557K, capacity 597K, committed 640K, reserved 1048576K
2024-07-16T17:58:54.535+0800: 1.679: [GC (Allocation Failure) 2024-07-16T17:58:54.535+0800: 1.679: [ParNew: 5235K->4K(6144K), 0.0003191 secs] 11548K->6316K(19840K), 0.0003638 secs] [Times: user=0.00 sys=0.00, real=0.00 secs] 
Heap after GC invocations=207 (full 26):
 par new generation   total 6144K, used 4K [0x00000000fec00000, 0x00000000ff2a0000, 0x00000000ff2a0000)
  eden space 5504K,   0% used [0x00000000fec00000, 0x00000000fec00000, 0x00000000ff160000)
  from space 640K,   0% used [0x00000000ff160000, 0x00000000ff161020, 0x00000000ff200000)
  to   space 640K,   0% used [0x00000000ff200000, 0x00000000ff200000, 0x00000000ff2a0000)
 concurrent mark-sweep generation total 13696K, used 6312K [0x00000000ff2a0000, 0x0000000100000000, 0x0000000100000000)
 Metaspace       used 5077K, capacity 5258K, committed 5504K, reserved 1056768K
  class space    used 557K, capacity 597K, committed 640K, reserved 1048576K
}
{Heap before GC invocations=207 (full 26):
 par new generation   total 6144K, used 5233K [0x00000000fec00000, 0x00000000ff2a0000, 0x00000000ff2a0000)
  eden space 5504K,  95% used [0x00000000fec00000, 0x00000000ff11b780, 0x00000000ff160000)
  from space 640K,   0% used [0x00000000ff160000, 0x00000000ff161020, 0x00000000ff200000)
  to   space 640K,   0% used [0x00000000ff200000, 0x00000000ff200000, 0x00000000ff2a0000)
 concurrent mark-sweep generation total 13696K, used 6312K [0x00000000ff2a0000, 0x0000000100000000, 0x0000000100000000)
 Metaspace       used 5077K, capacity 5258K, committed 5504K, reserved 1056768K
  class space    used 557K, capacity 597K, committed 640K, reserved 1048576K
2024-07-16T17:58:54.540+0800: 1.685: [GC (Allocation Failure) 2024-07-16T17:58:54.540+0800: 1.685: [ParNew: 5233K->4K(6144K), 0.0003820 secs] 11546K->6316K(19840K), 0.0004540 secs] [Times: user=0.00 sys=0.00, real=0.00 secs] 
Heap after GC invocations=208 (full 26):
 par new generation   total 6144K, used 4K [0x00000000fec00000, 0x00000000ff2a0000, 0x00000000ff2a0000)
  eden space 5504K,   0% used [0x00000000fec00000, 0x00000000fec00000, 0x00000000ff160000)
  from space 640K,   0% used [0x00000000ff200000, 0x00000000ff201020, 0x00000000ff2a0000)
  to   space 640K,   0% used [0x00000000ff160000, 0x00000000ff160000, 0x00000000ff200000)
 concurrent mark-sweep generation total 13696K, used 6312K [0x00000000ff2a0000, 0x0000000100000000, 0x0000000100000000)
 Metaspace       used 5077K, capacity 5258K, committed 5504K, reserved 1056768K
  class space    used 557K, capacity 597K, committed 640K, reserved 1048576K
}
{Heap before GC invocations=208 (full 26):
 par new generation   total 6144K, used 5233K [0x00000000fec00000, 0x00000000ff2a0000, 0x00000000ff2a0000)
  eden space 5504K,  95% used [0x00000000fec00000, 0x00000000ff11b780, 0x00000000ff160000)
  from space 640K,   0% used [0x00000000ff200000, 0x00000000ff201020, 0x00000000ff2a0000)
  to   space 640K,   0% used [0x00000000ff160000, 0x00000000ff160000, 0x00000000ff200000)
 concurrent mark-sweep generation total 13696K, used 6312K [0x00000000ff2a0000, 0x0000000100000000, 0x0000000100000000)
 Metaspace       used 5077K, capacity 5258K, committed 5504K, reserved 1056768K
  class space    used 557K, capacity 597K, committed 640K, reserved 1048576K
2024-07-16T17:58:54.549+0800: 1.694: [GC (Allocation Failure) 2024-07-16T17:58:54.549+0800: 1.694: [ParNew: 5233K->2K(6144K), 0.0002827 secs] 11546K->6314K(19840K), 0.0003351 secs] [Times: user=0.00 sys=0.00, real=0.00 secs] 
Heap after GC invocations=209 (full 26):
 par new generation   total 6144K, used 2K [0x00000000fec00000, 0x00000000ff2a0000, 0x00000000ff2a0000)
  eden space 5504K,   0% used [0x00000000fec00000, 0x00000000fec00000, 0x00000000ff160000)
  from space 640K,   0% used [0x00000000ff160000, 0x00000000ff160810, 0x00000000ff200000)
  to   space 640K,   0% used [0x00000000ff200000, 0x00000000ff200000, 0x00000000ff2a0000)
 concurrent mark-sweep generation total 13696K, used 6312K [0x00000000ff2a0000, 0x0000000100000000, 0x0000000100000000)
 Metaspace       used 5077K, capacity 5258K, committed 5504K, reserved 1056768K
  class space    used 557K, capacity 597K, committed 640K, reserved 1048576K
}
{Heap before GC invocations=209 (full 26):
 par new generation   total 6144K, used 5231K [0x00000000fec00000, 0x00000000ff2a0000, 0x00000000ff2a0000)
  eden space 5504K,  95% used [0x00000000fec00000, 0x00000000ff11b780, 0x00000000ff160000)
  from space 640K,   0% used [0x00000000ff160000, 0x00000000ff160810, 0x00000000ff200000)
  to   space 640K,   0% used [0x00000000ff200000, 0x00000000ff200000, 0x00000000ff2a0000)
 concurrent mark-sweep generation total 13696K, used 6312K [0x00000000ff2a0000, 0x0000000100000000, 0x0000000100000000)
 Metaspace       used 5077K, capacity 5258K, committed 5504K, reserved 1056768K
  class space    used 557K, capacity 597K, committed 640K, reserved 1048576K
2024-07-16T17:58:54.556+0800: 1.701: [GC (Allocation Failure) 2024-07-16T17:58:54.556+0800: 1.701: [ParNew: 5231K->6K(6144K), 0.0004311 secs] 11544K->7344K(19840K), 0.0004786 secs] [Times: user=0.00 sys=0.00, real=0.00 secs] 
Heap after GC invocations=210 (full 26):
 par new generation   total 6144K, used 6K [0x00000000fec00000, 0x00000000ff2a0000, 0x00000000ff2a0000)
  eden space 5504K,   0% used [0x00000000fec00000, 0x00000000fec00000, 0x00000000ff160000)
  from space 640K,   0% used [0x00000000ff200000, 0x00000000ff201830, 0x00000000ff2a0000)
  to   space 640K,   0% used [0x00000000ff160000, 0x00000000ff160000, 0x00000000ff200000)
 concurrent mark-sweep generation total 13696K, used 7338K [0x00000000ff2a0000, 0x0000000100000000, 0x0000000100000000)
 Metaspace       used 5077K, capacity 5258K, committed 5504K, reserved 1056768K
  class space    used 557K, capacity 597K, committed 640K, reserved 1048576K
}
{Heap before GC invocations=210 (full 26):
 par new generation   total 6144K, used 5235K [0x00000000fec00000, 0x00000000ff2a0000, 0x00000000ff2a0000)
  eden space 5504K,  95% used [0x00000000fec00000, 0x00000000ff11b780, 0x00000000ff160000)
  from space 640K,   0% used [0x00000000ff200000, 0x00000000ff201830, 0x00000000ff2a0000)
  to   space 640K,   0% used [0x00000000ff160000, 0x00000000ff160000, 0x00000000ff200000)
 concurrent mark-sweep generation total 13696K, used 7338K [0x00000000ff2a0000, 0x0000000100000000, 0x0000000100000000)
 Metaspace       used 5077K, capacity 5258K, committed 5504K, reserved 1056768K
  class space    used 557K, capacity 597K, committed 640K, reserved 1048576K
2024-07-16T17:58:54.563+0800: 1.708: [GC (Allocation Failure) 2024-07-16T17:58:54.563+0800: 1.708: [ParNew: 5235K->8K(6144K), 0.0004001 secs] 12574K->8372K(19840K), 0.0004419 secs] [Times: user=0.00 sys=0.00, real=0.00 secs] 
Heap after GC invocations=211 (full 26):
 par new generation   total 6144K, used 8K [0x00000000fec00000, 0x00000000ff2a0000, 0x00000000ff2a0000)
  eden space 5504K,   0% used [0x00000000fec00000, 0x00000000fec00000, 0x00000000ff160000)
  from space 640K,   1% used [0x00000000ff160000, 0x00000000ff162040, 0x00000000ff200000)
  to   space 640K,   0% used [0x00000000ff200000, 0x00000000ff200000, 0x00000000ff2a0000)
 concurrent mark-sweep generation total 13696K, used 8364K [0x00000000ff2a0000, 0x0000000100000000, 0x0000000100000000)
 Metaspace       used 5077K, capacity 5258K, committed 5504K, reserved 1056768K
  class space    used 557K, capacity 597K, committed 640K, reserved 1048576K
}
2024-07-16T17:58:54.563+0800: 1.708: [GC (CMS Initial Mark) [1 CMS-initial-mark: 8364K(13696K)] 9396K(19840K), 0.0001126 secs] [Times: user=0.00 sys=0.00, real=0.00 secs] 
2024-07-16T17:58:54.563+0800: 1.708: [CMS-concurrent-mark-start]
2024-07-16T17:58:54.565+0800: 1.710: [CMS-concurrent-mark: 0.001/0.001 secs] [Times: user=0.05 sys=0.00, real=0.00 secs] 
2024-07-16T17:58:54.565+0800: 1.710: [CMS-concurrent-preclean-start]
2024-07-16T17:58:54.565+0800: 1.710: [CMS-concurrent-preclean: 0.000/0.000 secs] [Times: user=0.00 sys=0.00, real=0.00 secs] 
2024-07-16T17:58:54.565+0800: 1.710: [CMS-concurrent-abortable-preclean-start]
{Heap before GC invocations=211 (full 27):
 par new generation   total 6144K, used 5237K [0x00000000fec00000, 0x00000000ff2a0000, 0x00000000ff2a0000)
  eden space 5504K,  95% used [0x00000000fec00000, 0x00000000ff11b780, 0x00000000ff160000)
  from space 640K,   1% used [0x00000000ff160000, 0x00000000ff162040, 0x00000000ff200000)
  to   space 640K,   0% used [0x00000000ff200000, 0x00000000ff200000, 0x00000000ff2a0000)
 concurrent mark-sweep generation total 13696K, used 8364K [0x00000000ff2a0000, 0x0000000100000000, 0x0000000100000000)
 Metaspace       used 5077K, capacity 5258K, committed 5504K, reserved 1056768K
  class space    used 557K, capacity 597K, committed 640K, reserved 1048576K
2024-07-16T17:58:54.570+0800: 1.715: [GC (Allocation Failure) 2024-07-16T17:58:54.570+0800: 1.715: [ParNew: 5237K->4K(6144K), 0.0003019 secs] 13602K->8368K(19840K), 0.0003436 secs] [Times: user=0.00 sys=0.00, real=0.00 secs] 
Heap after GC invocations=212 (full 27):
 par new generation   total 6144K, used 4K [0x00000000fec00000, 0x00000000ff2a0000, 0x00000000ff2a0000)
  eden space 5504K,   0% used [0x00000000fec00000, 0x00000000fec00000, 0x00000000ff160000)
  from space 640K,   0% used [0x00000000ff200000, 0x00000000ff201020, 0x00000000ff2a0000)
  to   space 640K,   0% used [0x00000000ff160000, 0x00000000ff160000, 0x00000000ff200000)
 concurrent mark-sweep generation total 13696K, used 8364K [0x00000000ff2a0000, 0x0000000100000000, 0x0000000100000000)
 Metaspace       used 5077K, capacity 5258K, committed 5504K, reserved 1056768K
  class space    used 557K, capacity 597K, committed 640K, reserved 1048576K
}
{Heap before GC invocations=212 (full 27):
 par new generation   total 6144K, used 5233K [0x00000000fec00000, 0x00000000ff2a0000, 0x00000000ff2a0000)
  eden space 5504K,  95% used [0x00000000fec00000, 0x00000000ff11b780, 0x00000000ff160000)
  from space 640K,   0% used [0x00000000ff200000, 0x00000000ff201020, 0x00000000ff2a0000)
  to   space 640K,   0% used [0x00000000ff160000, 0x00000000ff160000, 0x00000000ff200000)
 concurrent mark-sweep generation total 13696K, used 8364K [0x00000000ff2a0000, 0x0000000100000000, 0x0000000100000000)
 Metaspace       used 5077K, capacity 5258K, committed 5504K, reserved 1056768K
  class space    used 557K, capacity 597K, committed 640K, reserved 1048576K
2024-07-16T17:58:54.577+0800: 1.722: [GC (Allocation Failure) 2024-07-16T17:58:54.577+0800: 1.722: [ParNew: 5233K->4K(6144K), 0.0002526 secs] 13598K->8368K(19840K), 0.0002874 secs] [Times: user=0.00 sys=0.00, real=0.00 secs] 
Heap after GC invocations=213 (full 27):
 par new generation   total 6144K, used 4K [0x00000000fec00000, 0x00000000ff2a0000, 0x00000000ff2a0000)
  eden space 5504K,   0% used [0x00000000fec00000, 0x00000000fec00000, 0x00000000ff160000)
  from space 640K,   0% used [0x00000000ff160000, 0x00000000ff161020, 0x00000000ff200000)
  to   space 640K,   0% used [0x00000000ff200000, 0x00000000ff200000, 0x00000000ff2a0000)
 concurrent mark-sweep generation total 13696K, used 8364K [0x00000000ff2a0000, 0x0000000100000000, 0x0000000100000000)
 Metaspace       used 5077K, capacity 5258K, committed 5504K, reserved 1056768K
  class space    used 557K, capacity 597K, committed 640K, reserved 1048576K
}
{Heap before GC invocations=213 (full 27):
 par new generation   total 6144K, used 5233K [0x00000000fec00000, 0x00000000ff2a0000, 0x00000000ff2a0000)
  eden space 5504K,  95% used [0x00000000fec00000, 0x00000000ff11b780, 0x00000000ff160000)
  from space 640K,   0% used [0x00000000ff160000, 0x00000000ff161020, 0x00000000ff200000)
  to   space 640K,   0% used [0x00000000ff200000, 0x00000000ff200000, 0x00000000ff2a0000)
 concurrent mark-sweep generation total 13696K, used 8364K [0x00000000ff2a0000, 0x0000000100000000, 0x0000000100000000)
 Metaspace       used 5077K, capacity 5258K, committed 5504K, reserved 1056768K
  class space    used 557K, capacity 597K, committed 640K, reserved 1048576K
2024-07-16T17:58:54.584+0800: 1.729: [GC (Allocation Failure) 2024-07-16T17:58:54.584+0800: 1.729: [ParNew: 5233K->4K(6144K), 0.0002624 secs] 13598K->8368K(19840K), 0.0002982 secs] [Times: user=0.00 sys=0.00, real=0.00 secs] 
Heap after GC invocations=214 (full 27):
 par new generation   total 6144K, used 4K [0x00000000fec00000, 0x00000000ff2a0000, 0x00000000ff2a0000)
  eden space 5504K,   0% used [0x00000000fec00000, 0x00000000fec00000, 0x00000000ff160000)
  from space 640K,   0% used [0x00000000ff200000, 0x00000000ff201020, 0x00000000ff2a0000)
  to   space 640K,   0% used [0x00000000ff160000, 0x00000000ff160000, 0x00000000ff200000)
 concurrent mark-sweep generation total 13696K, used 8364K [0x00000000ff2a0000, 0x0000000100000000, 0x0000000100000000)
 Metaspace       used 5077K, capacity 5258K, committed 5504K, reserved 1056768K
  class space    used 557K, capacity 597K, committed 640K, reserved 1048576K
}
{Heap before GC invocations=214 (full 27):
 par new generation   total 6144K, used 5233K [0x00000000fec00000, 0x00000000ff2a0000, 0x00000000ff2a0000)
  eden space 5504K,  95% used [0x00000000fec00000, 0x00000000ff11b780, 0x00000000ff160000)
  from space 640K,   0% used [0x00000000ff200000, 0x00000000ff201020, 0x00000000ff2a0000)
  to   space 640K,   0% used [0x00000000ff160000, 0x00000000ff160000, 0x00000000ff200000)
 concurrent mark-sweep generation total 13696K, used 8364K [0x00000000ff2a0000, 0x0000000100000000, 0x0000000100000000)
 Metaspace       used 5077K, capacity 5258K, committed 5504K, reserved 1056768K
  class space    used 557K, capacity 597K, committed 640K, reserved 1048576K
2024-07-16T17:58:54.591+0800: 1.736: [GC (Allocation Failure) 2024-07-16T17:58:54.591+0800: 1.736: [ParNew: 5233K->6K(6144K), 0.0010214 secs] 13598K->9396K(19840K), 0.0011069 secs] [Times: user=0.00 sys=0.00, real=0.00 secs] 
Heap after GC invocations=215 (full 27):
 par new generation   total 6144K, used 6K [0x00000000fec00000, 0x00000000ff2a0000, 0x00000000ff2a0000)
  eden space 5504K,   0% used [0x00000000fec00000, 0x00000000fec00000, 0x00000000ff160000)
  from space 640K,   0% used [0x00000000ff160000, 0x00000000ff161830, 0x00000000ff200000)
  to   space 640K,   0% used [0x00000000ff200000, 0x00000000ff200000, 0x00000000ff2a0000)
 concurrent mark-sweep generation total 13696K, used 9390K [0x00000000ff2a0000, 0x0000000100000000, 0x0000000100000000)
 Metaspace       used 5077K, capacity 5258K, committed 5504K, reserved 1056768K
  class space    used 557K, capacity 597K, committed 640K, reserved 1048576K
}
{Heap before GC invocations=215 (full 27):
 par new generation   total 6144K, used 5235K [0x00000000fec00000, 0x00000000ff2a0000, 0x00000000ff2a0000)
  eden space 5504K,  95% used [0x00000000fec00000, 0x00000000ff11b780, 0x00000000ff160000)
  from space 640K,   0% used [0x00000000ff160000, 0x00000000ff161830, 0x00000000ff200000)
  to   space 640K,   0% used [0x00000000ff200000, 0x00000000ff200000, 0x00000000ff2a0000)
 concurrent mark-sweep generation total 13696K, used 9390K [0x00000000ff2a0000, 0x0000000100000000, 0x0000000100000000)
 Metaspace       used 5077K, capacity 5258K, committed 5504K, reserved 1056768K
  class space    used 557K, capacity 597K, committed 640K, reserved 1048576K
2024-07-16T17:58:54.601+0800: 1.746: [GC (Allocation Failure) 2024-07-16T17:58:54.601+0800: 1.746: [ParNew: 5235K->4K(6144K), 0.0003829 secs] 14626K->9394K(19840K), 0.0004333 secs] [Times: user=0.00 sys=0.00, real=0.00 secs] 
Heap after GC invocations=216 (full 27):
 par new generation   total 6144K, used 4K [0x00000000fec00000, 0x00000000ff2a0000, 0x00000000ff2a0000)
  eden space 5504K,   0% used [0x00000000fec00000, 0x00000000fec00000, 0x00000000ff160000)
  from space 640K,   0% used [0x00000000ff200000, 0x00000000ff201020, 0x00000000ff2a0000)
  to   space 640K,   0% used [0x00000000ff160000, 0x00000000ff160000, 0x00000000ff200000)
 concurrent mark-sweep generation total 13696K, used 9390K [0x00000000ff2a0000, 0x0000000100000000, 0x0000000100000000)
 Metaspace       used 5077K, capacity 5258K, committed 5504K, reserved 1056768K
  class space    used 557K, capacity 597K, committed 640K, reserved 1048576K
}
{Heap before GC invocations=216 (full 27):
 par new generation   total 6144K, used 5233K [0x00000000fec00000, 0x00000000ff2a0000, 0x00000000ff2a0000)
  eden space 5504K,  95% used [0x00000000fec00000, 0x00000000ff11b780, 0x00000000ff160000)
  from space 640K,   0% used [0x00000000ff200000, 0x00000000ff201020, 0x00000000ff2a0000)
  to   space 640K,   0% used [0x00000000ff160000, 0x00000000ff160000, 0x00000000ff200000)
 concurrent mark-sweep generation total 13696K, used 9390K [0x00000000ff2a0000, 0x0000000100000000, 0x0000000100000000)
 Metaspace       used 5077K, capacity 5258K, committed 5504K, reserved 1056768K
  class space    used 557K, capacity 597K, committed 640K, reserved 1048576K
2024-07-16T17:58:54.608+0800: 1.753: [GC (Allocation Failure) 2024-07-16T17:58:54.608+0800: 1.753: [ParNew: 5233K->4K(6144K), 0.0008438 secs] 14624K->9394K(19840K), 0.0009486 secs] [Times: user=0.00 sys=0.00, real=0.00 secs] 
Heap after GC invocations=217 (full 27):
 par new generation   total 6144K, used 4K [0x00000000fec00000, 0x00000000ff2a0000, 0x00000000ff2a0000)
  eden space 5504K,   0% used [0x00000000fec00000, 0x00000000fec00000, 0x00000000ff160000)
  from space 640K,   0% used [0x00000000ff160000, 0x00000000ff161020, 0x00000000ff200000)
  to   space 640K,   0% used [0x00000000ff200000, 0x00000000ff200000, 0x00000000ff2a0000)
 concurrent mark-sweep generation total 13696K, used 9390K [0x00000000ff2a0000, 0x0000000100000000, 0x0000000100000000)
 Metaspace       used 5077K, capacity 5258K, committed 5504K, reserved 1056768K
  class space    used 557K, capacity 597K, committed 640K, reserved 1048576K
}
{Heap before GC invocations=217 (full 27):
 par new generation   total 6144K, used 5233K [0x00000000fec00000, 0x00000000ff2a0000, 0x00000000ff2a0000)
  eden space 5504K,  95% used [0x00000000fec00000, 0x00000000ff11b780, 0x00000000ff160000)
  from space 640K,   0% used [0x00000000ff160000, 0x00000000ff161020, 0x00000000ff200000)
  to   space 640K,   0% used [0x00000000ff200000, 0x00000000ff200000, 0x00000000ff2a0000)
 concurrent mark-sweep generation total 13696K, used 9390K [0x00000000ff2a0000, 0x0000000100000000, 0x0000000100000000)
 Metaspace       used 5077K, capacity 5258K, committed 5504K, reserved 1056768K
  class space    used 557K, capacity 597K, committed 640K, reserved 1048576K
2024-07-16T17:58:54.616+0800: 1.761: [GC (Allocation Failure) 2024-07-16T17:58:54.616+0800: 1.761: [ParNew: 5233K->6K(6144K), 0.0013817 secs] 14624K->10420K(19840K), 0.0015465 secs] [Times: user=0.00 sys=0.00, real=0.00 secs] 
Heap after GC invocations=218 (full 27):
 par new generation   total 6144K, used 6K [0x00000000fec00000, 0x00000000ff2a0000, 0x00000000ff2a0000)
  eden space 5504K,   0% used [0x00000000fec00000, 0x00000000fec00000, 0x00000000ff160000)
  from space 640K,   0% used [0x00000000ff200000, 0x00000000ff201830, 0x00000000ff2a0000)
  to   space 640K,   0% used [0x00000000ff160000, 0x00000000ff160000, 0x00000000ff200000)
 concurrent mark-sweep generation total 13696K, used 10414K [0x00000000ff2a0000, 0x0000000100000000, 0x0000000100000000)
 Metaspace       used 5077K, capacity 5258K, committed 5504K, reserved 1056768K
  class space    used 557K, capacity 597K, committed 640K, reserved 1048576K
}
{Heap before GC invocations=218 (full 27):
 par new generation   total 6144K, used 5235K [0x00000000fec00000, 0x00000000ff2a0000, 0x00000000ff2a0000)
  eden space 5504K,  95% used [0x00000000fec00000, 0x00000000ff11b780, 0x00000000ff160000)
  from space 640K,   0% used [0x00000000ff200000, 0x00000000ff201830, 0x00000000ff2a0000)
  to   space 640K,   0% used [0x00000000ff160000, 0x00000000ff160000, 0x00000000ff200000)
 concurrent mark-sweep generation total 13696K, used 10414K [0x00000000ff2a0000, 0x0000000100000000, 0x0000000100000000)
 Metaspace       used 5077K, capacity 5258K, committed 5504K, reserved 1056768K
  class space    used 557K, capacity 597K, committed 640K, reserved 1048576K
2024-07-16T17:58:54.624+0800: 1.769: [GC (Allocation Failure) 2024-07-16T17:58:54.624+0800: 1.769: [ParNew: 5235K->6K(6144K), 0.0006128 secs] 15650K->11446K(19840K), 0.0007181 secs] [Times: user=0.00 sys=0.00, real=0.00 secs] 
Heap after GC invocations=219 (full 27):
 par new generation   total 6144K, used 6K [0x00000000fec00000, 0x00000000ff2a0000, 0x00000000ff2a0000)
  eden space 5504K,   0% used [0x00000000fec00000, 0x00000000fec00000, 0x00000000ff160000)
  from space 640K,   0% used [0x00000000ff160000, 0x00000000ff161830, 0x00000000ff200000)
  to   space 640K,   0% used [0x00000000ff200000, 0x00000000ff200000, 0x00000000ff2a0000)
 concurrent mark-sweep generation total 13696K, used 11440K [0x00000000ff2a0000, 0x0000000100000000, 0x0000000100000000)
 Metaspace       used 5077K, capacity 5258K, committed 5504K, reserved 1056768K
  class space    used 557K, capacity 597K, committed 640K, reserved 1048576K
}
{Heap before GC invocations=219 (full 27):
 par new generation   total 6144K, used 5235K [0x00000000fec00000, 0x00000000ff2a0000, 0x00000000ff2a0000)
  eden space 5504K,  95% used [0x00000000fec00000, 0x00000000ff11b780, 0x00000000ff160000)
  from space 640K,   0% used [0x00000000ff160000, 0x00000000ff161830, 0x00000000ff200000)
  to   space 640K,   0% used [0x00000000ff200000, 0x00000000ff200000, 0x00000000ff2a0000)
 concurrent mark-sweep generation total 13696K, used 11440K [0x00000000ff2a0000, 0x0000000100000000, 0x0000000100000000)
 Metaspace       used 5077K, capacity 5258K, committed 5504K, reserved 1056768K
  class space    used 557K, capacity 597K, committed 640K, reserved 1048576K
2024-07-16T17:58:54.633+0800: 1.778: [GC (Allocation Failure) 2024-07-16T17:58:54.633+0800: 1.778: [ParNew: 5235K->2K(6144K), 0.0007737 secs] 16676K->11442K(19840K), 0.0008424 secs] [Times: user=0.00 sys=0.00, real=0.00 secs] 
Heap after GC invocations=220 (full 27):
 par new generation   total 6144K, used 2K [0x00000000fec00000, 0x00000000ff2a0000, 0x00000000ff2a0000)
  eden space 5504K,   0% used [0x00000000fec00000, 0x00000000fec00000, 0x00000000ff160000)
  from space 640K,   0% used [0x00000000ff200000, 0x00000000ff200810, 0x00000000ff2a0000)
  to   space 640K,   0% used [0x00000000ff160000, 0x00000000ff160000, 0x00000000ff200000)
 concurrent mark-sweep generation total 13696K, used 11440K [0x00000000ff2a0000, 0x0000000100000000, 0x0000000100000000)
 Metaspace       used 5077K, capacity 5258K, committed 5504K, reserved 1056768K
  class space    used 557K, capacity 597K, committed 640K, reserved 1048576K
}
{Heap before GC invocations=220 (full 27):
 par new generation   total 6144K, used 5231K [0x00000000fec00000, 0x00000000ff2a0000, 0x00000000ff2a0000)
  eden space 5504K,  95% used [0x00000000fec00000, 0x00000000ff11b780, 0x00000000ff160000)
  from space 640K,   0% used [0x00000000ff200000, 0x00000000ff200810, 0x00000000ff2a0000)
  to   space 640K,   0% used [0x00000000ff160000, 0x00000000ff160000, 0x00000000ff200000)
 concurrent mark-sweep generation total 13696K, used 11440K [0x00000000ff2a0000, 0x0000000100000000, 0x0000000100000000)
 Metaspace       used 5077K, capacity 5258K, committed 5504K, reserved 1056768K
  class space    used 557K, capacity 597K, committed 640K, reserved 1048576K
2024-07-16T17:58:54.644+0800: 1.789: [GC (Allocation Failure) 2024-07-16T17:58:54.644+0800: 1.789: [ParNew: 5231K->4K(6144K), 0.0004187 secs] 16672K->11444K(19840K), 0.0004947 secs] [Times: user=0.00 sys=0.00, real=0.00 secs] 
Heap after GC invocations=221 (full 27):
 par new generation   total 6144K, used 4K [0x00000000fec00000, 0x00000000ff2a0000, 0x00000000ff2a0000)
  eden space 5504K,   0% used [0x00000000fec00000, 0x00000000fec00000, 0x00000000ff160000)
  from space 640K,   0% used [0x00000000ff160000, 0x00000000ff161020, 0x00000000ff200000)
  to   space 640K,   0% used [0x00000000ff200000, 0x00000000ff200000, 0x00000000ff2a0000)
 concurrent mark-sweep generation total 13696K, used 11440K [0x00000000ff2a0000, 0x0000000100000000, 0x0000000100000000)
 Metaspace       used 5077K, capacity 5258K, committed 5504K, reserved 1056768K
  class space    used 557K, capacity 597K, committed 640K, reserved 1048576K
}
{Heap before GC invocations=221 (full 27):
 par new generation   total 6144K, used 5233K [0x00000000fec00000, 0x00000000ff2a0000, 0x00000000ff2a0000)
  eden space 5504K,  95% used [0x00000000fec00000, 0x00000000ff11b780, 0x00000000ff160000)
  from space 640K,   0% used [0x00000000ff160000, 0x00000000ff161020, 0x00000000ff200000)
  to   space 640K,   0% used [0x00000000ff200000, 0x00000000ff200000, 0x00000000ff2a0000)
 concurrent mark-sweep generation total 13696K, used 11440K [0x00000000ff2a0000, 0x0000000100000000, 0x0000000100000000)
 Metaspace       used 5077K, capacity 5258K, committed 5504K, reserved 1056768K
  class space    used 557K, capacity 597K, committed 640K, reserved 1048576K
2024-07-16T17:58:54.651+0800: 1.795: [GC (Allocation Failure) 2024-07-16T17:58:54.651+0800: 1.795: [ParNew: 5233K->4K(6144K), 0.0006898 secs] 16674K->11444K(19840K), 0.0007844 secs] [Times: user=0.00 sys=0.00, real=0.00 secs] 
Heap after GC invocations=222 (full 27):
 par new generation   total 6144K, used 4K [0x00000000fec00000, 0x00000000ff2a0000, 0x00000000ff2a0000)
  eden space 5504K,   0% used [0x00000000fec00000, 0x00000000fec00000, 0x00000000ff160000)
  from space 640K,   0% used [0x00000000ff200000, 0x00000000ff201020, 0x00000000ff2a0000)
  to   space 640K,   0% used [0x00000000ff160000, 0x00000000ff160000, 0x00000000ff200000)
 concurrent mark-sweep generation total 13696K, used 11440K [0x00000000ff2a0000, 0x0000000100000000, 0x0000000100000000)
 Metaspace       used 5077K, capacity 5258K, committed 5504K, reserved 1056768K
  class space    used 557K, capacity 597K, committed 640K, reserved 1048576K
}
{Heap before GC invocations=222 (full 27):
 par new generation   total 6144K, used 5233K [0x00000000fec00000, 0x00000000ff2a0000, 0x00000000ff2a0000)
  eden space 5504K,  95% used [0x00000000fec00000, 0x00000000ff11b780, 0x00000000ff160000)
  from space 640K,   0% used [0x00000000ff200000, 0x00000000ff201020, 0x00000000ff2a0000)
  to   space 640K,   0% used [0x00000000ff160000, 0x00000000ff160000, 0x00000000ff200000)
 concurrent mark-sweep generation total 13696K, used 11440K [0x00000000ff2a0000, 0x0000000100000000, 0x0000000100000000)
 Metaspace       used 5077K, capacity 5258K, committed 5504K, reserved 1056768K
  class space    used 557K, capacity 597K, committed 640K, reserved 1048576K
2024-07-16T17:58:54.660+0800: 1.804: [GC (Allocation Failure) 2024-07-16T17:58:54.660+0800: 1.804: [ParNew: 5233K->8K(6144K), 0.0004344 secs] 16674K->12472K(19840K), 0.0004771 secs] [Times: user=0.00 sys=0.00, real=0.00 secs] 
Heap after GC invocations=223 (full 27):
 par new generation   total 6144K, used 8K [0x00000000fec00000, 0x00000000ff2a0000, 0x00000000ff2a0000)
  eden space 5504K,   0% used [0x00000000fec00000, 0x00000000fec00000, 0x00000000ff160000)
  from space 640K,   1% used [0x00000000ff160000, 0x00000000ff162040, 0x00000000ff200000)
  to   space 640K,   0% used [0x00000000ff200000, 0x00000000ff200000, 0x00000000ff2a0000)
 concurrent mark-sweep generation total 13696K, used 12464K [0x00000000ff2a0000, 0x0000000100000000, 0x0000000100000000)
 Metaspace       used 5077K, capacity 5258K, committed 5504K, reserved 1056768K
  class space    used 557K, capacity 597K, committed 640K, reserved 1048576K
}
{Heap before GC invocations=223 (full 27):
 par new generation   total 6144K, used 5237K [0x00000000fec00000, 0x00000000ff2a0000, 0x00000000ff2a0000)
  eden space 5504K,  95% used [0x00000000fec00000, 0x00000000ff11b780, 0x00000000ff160000)
  from space 640K,   1% used [0x00000000ff160000, 0x00000000ff162040, 0x00000000ff200000)
  to   space 640K,   0% used [0x00000000ff200000, 0x00000000ff200000, 0x00000000ff2a0000)
 concurrent mark-sweep generation total 13696K, used 12464K [0x00000000ff2a0000, 0x0000000100000000, 0x0000000100000000)
 Metaspace       used 5077K, capacity 5258K, committed 5504K, reserved 1056768K
  class space    used 557K, capacity 597K, committed 640K, reserved 1048576K
2024-07-16T17:58:54.668+0800: 1.812: [GC (Allocation Failure) 2024-07-16T17:58:54.668+0800: 1.812: [ParNew: 5237K->5237K(6144K), 0.0000158 secs]2024-07-16T17:58:54.668+0800: 1.812: [CMS2024-07-16T17:58:54.668+0800: 1.812: [CMS-concurrent-abortable-preclean: 0.001/0.103 secs] [Times: user=0.00 sys=0.00, real=0.10 secs] 
 (concurrent mode failure): 12464K->1184K(13696K), 0.0027552 secs] 17702K->1184K(19840K), [Metaspace: 5077K->5077K(1056768K)], 0.0028255 secs] [Times: user=0.00 sys=0.00, real=0.00 secs] 
Heap after GC invocations=224 (full 28):
 par new generation   total 6144K, used 0K [0x00000000fec00000, 0x00000000ff2a0000, 0x00000000ff2a0000)
  eden space 5504K,   0% used [0x00000000fec00000, 0x00000000fec00000, 0x00000000ff160000)
  from space 640K,   0% used [0x00000000ff160000, 0x00000000ff160000, 0x00000000ff200000)
  to   space 640K,   0% used [0x00000000ff200000, 0x00000000ff200000, 0x00000000ff2a0000)
 concurrent mark-sweep generation total 13696K, used 1184K [0x00000000ff2a0000, 0x0000000100000000, 0x0000000100000000)
 Metaspace       used 5077K, capacity 5258K, committed 5504K, reserved 1056768K
  class space    used 557K, capacity 597K, committed 640K, reserved 1048576K
}
{Heap before GC invocations=224 (full 28):
 par new generation   total 6144K, used 5229K [0x00000000fec00000, 0x00000000ff2a0000, 0x00000000ff2a0000)
  eden space 5504K,  95% used [0x00000000fec00000, 0x00000000ff11b780, 0x00000000ff160000)
  from space 640K,   0% used [0x00000000ff160000, 0x00000000ff160000, 0x00000000ff200000)
  to   space 640K,   0% used [0x00000000ff200000, 0x00000000ff200000, 0x00000000ff2a0000)
 concurrent mark-sweep generation total 13696K, used 1184K [0x00000000ff2a0000, 0x0000000100000000, 0x0000000100000000)
 Metaspace       used 5077K, capacity 5258K, committed 5504K, reserved 1056768K
  class space    used 557K, capacity 597K, committed 640K, reserved 1048576K
2024-07-16T17:58:54.679+0800: 1.823: [GC (Allocation Failure) 2024-07-16T17:58:54.679+0800: 1.823: [ParNew: 5229K->6K(6144K), 0.0007218 secs] 6413K->2216K(19840K), 0.0007641 secs] [Times: user=0.00 sys=0.00, real=0.00 secs] 
Heap after GC invocations=225 (full 28):
 par new generation   total 6144K, used 6K [0x00000000fec00000, 0x00000000ff2a0000, 0x00000000ff2a0000)
  eden space 5504K,   0% used [0x00000000fec00000, 0x00000000fec00000, 0x00000000ff160000)
  from space 640K,   0% used [0x00000000ff200000, 0x00000000ff201830, 0x00000000ff2a0000)
  to   space 640K,   0% used [0x00000000ff160000, 0x00000000ff160000, 0x00000000ff200000)
 concurrent mark-sweep generation total 13696K, used 2210K [0x00000000ff2a0000, 0x0000000100000000, 0x0000000100000000)
 Metaspace       used 5077K, capacity 5258K, committed 5504K, reserved 1056768K
  class space    used 557K, capacity 597K, committed 640K, reserved 1048576K
}
{Heap before GC invocations=225 (full 28):
 par new generation   total 6144K, used 5235K [0x00000000fec00000, 0x00000000ff2a0000, 0x00000000ff2a0000)
  eden space 5504K,  95% used [0x00000000fec00000, 0x00000000ff11b780, 0x00000000ff160000)
  from space 640K,   0% used [0x00000000ff200000, 0x00000000ff201830, 0x00000000ff2a0000)
  to   space 640K,   0% used [0x00000000ff160000, 0x00000000ff160000, 0x00000000ff200000)
 concurrent mark-sweep generation total 13696K, used 2210K [0x00000000ff2a0000, 0x0000000100000000, 0x0000000100000000)
 Metaspace       used 5077K, capacity 5258K, committed 5504K, reserved 1056768K
  class space    used 557K, capacity 597K, committed 640K, reserved 1048576K
2024-07-16T17:58:54.689+0800: 1.833: [GC (Allocation Failure) 2024-07-16T17:58:54.689+0800: 1.833: [ParNew: 5235K->4K(6144K), 0.0007375 secs] 7446K->2214K(19840K), 0.0008172 secs] [Times: user=0.00 sys=0.00, real=0.00 secs] 
Heap after GC invocations=226 (full 28):
 par new generation   total 6144K, used 4K [0x00000000fec00000, 0x00000000ff2a0000, 0x00000000ff2a0000)
  eden space 5504K,   0% used [0x00000000fec00000, 0x00000000fec00000, 0x00000000ff160000)
  from space 640K,   0% used [0x00000000ff160000, 0x00000000ff161020, 0x00000000ff200000)
  to   space 640K,   0% used [0x00000000ff200000, 0x00000000ff200000, 0x00000000ff2a0000)
 concurrent mark-sweep generation total 13696K, used 2210K [0x00000000ff2a0000, 0x0000000100000000, 0x0000000100000000)
 Metaspace       used 5077K, capacity 5258K, committed 5504K, reserved 1056768K
  class space    used 557K, capacity 597K, committed 640K, reserved 1048576K
}
{Heap before GC invocations=226 (full 28):
 par new generation   total 6144K, used 5233K [0x00000000fec00000, 0x00000000ff2a0000, 0x00000000ff2a0000)
  eden space 5504K,  95% used [0x00000000fec00000, 0x00000000ff11b780, 0x00000000ff160000)
  from space 640K,   0% used [0x00000000ff160000, 0x00000000ff161020, 0x00000000ff200000)
  to   space 640K,   0% used [0x00000000ff200000, 0x00000000ff200000, 0x00000000ff2a0000)
 concurrent mark-sweep generation total 13696K, used 2210K [0x00000000ff2a0000, 0x0000000100000000, 0x0000000100000000)
 Metaspace       used 5077K, capacity 5258K, committed 5504K, reserved 1056768K
  class space    used 557K, capacity 597K, committed 640K, reserved 1048576K
2024-07-16T17:58:54.697+0800: 1.841: [GC (Allocation Failure) 2024-07-16T17:58:54.697+0800: 1.841: [ParNew: 5233K->8K(6144K), 0.0012720 secs] 7444K->3242K(19840K), 0.0013744 secs] [Times: user=0.00 sys=0.00, real=0.00 secs] 
Heap after GC invocations=227 (full 28):
 par new generation   total 6144K, used 8K [0x00000000fec00000, 0x00000000ff2a0000, 0x00000000ff2a0000)
  eden space 5504K,   0% used [0x00000000fec00000, 0x00000000fec00000, 0x00000000ff160000)
  from space 640K,   1% used [0x00000000ff200000, 0x00000000ff202040, 0x00000000ff2a0000)
  to   space 640K,   0% used [0x00000000ff160000, 0x00000000ff160000, 0x00000000ff200000)
 concurrent mark-sweep generation total 13696K, used 3234K [0x00000000ff2a0000, 0x0000000100000000, 0x0000000100000000)
 Metaspace       used 5077K, capacity 5258K, committed 5504K, reserved 1056768K
  class space    used 557K, capacity 597K, committed 640K, reserved 1048576K
}
{Heap before GC invocations=227 (full 28):
 par new generation   total 6144K, used 5237K [0x00000000fec00000, 0x00000000ff2a0000, 0x00000000ff2a0000)
  eden space 5504K,  95% used [0x00000000fec00000, 0x00000000ff11b780, 0x00000000ff160000)
  from space 640K,   1% used [0x00000000ff200000, 0x00000000ff202040, 0x00000000ff2a0000)
  to   space 640K,   0% used [0x00000000ff160000, 0x00000000ff160000, 0x00000000ff200000)
 concurrent mark-sweep generation total 13696K, used 3234K [0x00000000ff2a0000, 0x0000000100000000, 0x0000000100000000)
 Metaspace       used 5077K, capacity 5258K, committed 5504K, reserved 1056768K
  class space    used 557K, capacity 597K, committed 640K, reserved 1048576K
2024-07-16T17:58:54.706+0800: 1.851: [GC (Allocation Failure) 2024-07-16T17:58:54.706+0800: 1.851: [ParNew: 5237K->2K(6144K), 0.0010028 secs] 8472K->3236K(19840K), 0.0011273 secs] [Times: user=0.00 sys=0.00, real=0.00 secs] 
Heap after GC invocations=228 (full 28):
 par new generation   total 6144K, used 2K [0x00000000fec00000, 0x00000000ff2a0000, 0x00000000ff2a0000)
  eden space 5504K,   0% used [0x00000000fec00000, 0x00000000fec00000, 0x00000000ff160000)
  from space 640K,   0% used [0x00000000ff160000, 0x00000000ff160810, 0x00000000ff200000)
  to   space 640K,   0% used [0x00000000ff200000, 0x00000000ff200000, 0x00000000ff2a0000)
 concurrent mark-sweep generation total 13696K, used 3234K [0x00000000ff2a0000, 0x0000000100000000, 0x0000000100000000)
 Metaspace       used 5077K, capacity 5258K, committed 5504K, reserved 1056768K
  class space    used 557K, capacity 597K, committed 640K, reserved 1048576K
}
{Heap before GC invocations=228 (full 28):
 par new generation   total 6144K, used 5231K [0x00000000fec00000, 0x00000000ff2a0000, 0x00000000ff2a0000)
  eden space 5504K,  95% used [0x00000000fec00000, 0x00000000ff11b780, 0x00000000ff160000)
  from space 640K,   0% used [0x00000000ff160000, 0x00000000ff160810, 0x00000000ff200000)
  to   space 640K,   0% used [0x00000000ff200000, 0x00000000ff200000, 0x00000000ff2a0000)
 concurrent mark-sweep generation total 13696K, used 3234K [0x00000000ff2a0000, 0x0000000100000000, 0x0000000100000000)
 Metaspace       used 5077K, capacity 5258K, committed 5504K, reserved 1056768K
  class space    used 557K, capacity 597K, committed 640K, reserved 1048576K
2024-07-16T17:58:54.715+0800: 1.860: [GC (Allocation Failure) 2024-07-16T17:58:54.715+0800: 1.860: [ParNew: 5231K->8K(6144K), 0.0009991 secs] 8466K->4268K(19840K), 0.0011166 secs] [Times: user=0.00 sys=0.00, real=0.00 secs] 
Heap after GC invocations=229 (full 28):
 par new generation   total 6144K, used 8K [0x00000000fec00000, 0x00000000ff2a0000, 0x00000000ff2a0000)
  eden space 5504K,   0% used [0x00000000fec00000, 0x00000000fec00000, 0x00000000ff160000)
  from space 640K,   1% used [0x00000000ff200000, 0x00000000ff202040, 0x00000000ff2a0000)
  to   space 640K,   0% used [0x00000000ff160000, 0x00000000ff160000, 0x00000000ff200000)
 concurrent mark-sweep generation total 13696K, used 4260K [0x00000000ff2a0000, 0x0000000100000000, 0x0000000100000000)
 Metaspace       used 5077K, capacity 5258K, committed 5504K, reserved 1056768K
  class space    used 557K, capacity 597K, committed 640K, reserved 1048576K
}
{Heap before GC invocations=229 (full 28):
 par new generation   total 6144K, used 5237K [0x00000000fec00000, 0x00000000ff2a0000, 0x00000000ff2a0000)
  eden space 5504K,  95% used [0x00000000fec00000, 0x00000000ff11b780, 0x00000000ff160000)
  from space 640K,   1% used [0x00000000ff200000, 0x00000000ff202040, 0x00000000ff2a0000)
  to   space 640K,   0% used [0x00000000ff160000, 0x00000000ff160000, 0x00000000ff200000)
 concurrent mark-sweep generation total 13696K, used 4260K [0x00000000ff2a0000, 0x0000000100000000, 0x0000000100000000)
 Metaspace       used 5077K, capacity 5258K, committed 5504K, reserved 1056768K
  class space    used 557K, capacity 597K, committed 640K, reserved 1048576K
2024-07-16T17:58:54.722+0800: 1.867: [GC (Allocation Failure) 2024-07-16T17:58:54.722+0800: 1.867: [ParNew: 5237K->8K(6144K), 0.0006301 secs] 9498K->5294K(19840K), 0.0006901 secs] [Times: user=0.00 sys=0.00, real=0.00 secs] 
Heap after GC invocations=230 (full 28):
 par new generation   total 6144K, used 8K [0x00000000fec00000, 0x00000000ff2a0000, 0x00000000ff2a0000)
  eden space 5504K,   0% used [0x00000000fec00000, 0x00000000fec00000, 0x00000000ff160000)
  from space 640K,   1% used [0x00000000ff160000, 0x00000000ff162040, 0x00000000ff200000)
  to   space 640K,   0% used [0x00000000ff200000, 0x00000000ff200000, 0x00000000ff2a0000)
 concurrent mark-sweep generation total 13696K, used 5286K [0x00000000ff2a0000, 0x0000000100000000, 0x0000000100000000)
 Metaspace       used 5077K, capacity 5258K, committed 5504K, reserved 1056768K
  class space    used 557K, capacity 597K, committed 640K, reserved 1048576K
}
{Heap before GC invocations=230 (full 28):
 par new generation   total 6144K, used 5237K [0x00000000fec00000, 0x00000000ff2a0000, 0x00000000ff2a0000)
  eden space 5504K,  95% used [0x00000000fec00000, 0x00000000ff11b780, 0x00000000ff160000)
  from space 640K,   1% used [0x00000000ff160000, 0x00000000ff162040, 0x00000000ff200000)
  to   space 640K,   0% used [0x00000000ff200000, 0x00000000ff200000, 0x00000000ff2a0000)
 concurrent mark-sweep generation total 13696K, used 5286K [0x00000000ff2a0000, 0x0000000100000000, 0x0000000100000000)
 Metaspace       used 5077K, capacity 5258K, committed 5504K, reserved 1056768K
  class space    used 557K, capacity 597K, committed 640K, reserved 1048576K
2024-07-16T17:58:54.731+0800: 1.876: [GC (Allocation Failure) 2024-07-16T17:58:54.731+0800: 1.876: [ParNew: 5237K->4K(6144K), 0.0008672 secs] 10524K->5290K(19840K), 0.0009577 secs] [Times: user=0.00 sys=0.00, real=0.00 secs] 
Heap after GC invocations=231 (full 28):
 par new generation   total 6144K, used 4K [0x00000000fec00000, 0x00000000ff2a0000, 0x00000000ff2a0000)
  eden space 5504K,   0% used [0x00000000fec00000, 0x00000000fec00000, 0x00000000ff160000)
  from space 640K,   0% used [0x00000000ff200000, 0x00000000ff201020, 0x00000000ff2a0000)
  to   space 640K,   0% used [0x00000000ff160000, 0x00000000ff160000, 0x00000000ff200000)
 concurrent mark-sweep generation total 13696K, used 5286K [0x00000000ff2a0000, 0x0000000100000000, 0x0000000100000000)
 Metaspace       used 5077K, capacity 5258K, committed 5504K, reserved 1056768K
  class space    used 557K, capacity 597K, committed 640K, reserved 1048576K
}
{Heap before GC invocations=231 (full 28):
 par new generation   total 6144K, used 5233K [0x00000000fec00000, 0x00000000ff2a0000, 0x00000000ff2a0000)
  eden space 5504K,  95% used [0x00000000fec00000, 0x00000000ff11b780, 0x00000000ff160000)
  from space 640K,   0% used [0x00000000ff200000, 0x00000000ff201020, 0x00000000ff2a0000)
  to   space 640K,   0% used [0x00000000ff160000, 0x00000000ff160000, 0x00000000ff200000)
 concurrent mark-sweep generation total 13696K, used 5286K [0x00000000ff2a0000, 0x0000000100000000, 0x0000000100000000)
 Metaspace       used 5077K, capacity 5258K, committed 5504K, reserved 1056768K
  class space    used 557K, capacity 597K, committed 640K, reserved 1048576K
2024-07-16T17:58:54.741+0800: 1.886: [GC (Allocation Failure) 2024-07-16T17:58:54.741+0800: 1.886: [ParNew: 5233K->8K(6144K), 0.0009749 secs] 10520K->6320K(19840K), 0.0010869 secs] [Times: user=0.00 sys=0.00, real=0.00 secs] 
Heap after GC invocations=232 (full 28):
 par new generation   total 6144K, used 8K [0x00000000fec00000, 0x00000000ff2a0000, 0x00000000ff2a0000)
  eden space 5504K,   0% used [0x00000000fec00000, 0x00000000fec00000, 0x00000000ff160000)
  from space 640K,   1% used [0x00000000ff160000, 0x00000000ff162040, 0x00000000ff200000)
  to   space 640K,   0% used [0x00000000ff200000, 0x00000000ff200000, 0x00000000ff2a0000)
 concurrent mark-sweep generation total 13696K, used 6312K [0x00000000ff2a0000, 0x0000000100000000, 0x0000000100000000)
 Metaspace       used 5077K, capacity 5258K, committed 5504K, reserved 1056768K
  class space    used 557K, capacity 597K, committed 640K, reserved 1048576K
}
{Heap before GC invocations=232 (full 28):
 par new generation   total 6144K, used 5237K [0x00000000fec00000, 0x00000000ff2a0000, 0x00000000ff2a0000)
  eden space 5504K,  95% used [0x00000000fec00000, 0x00000000ff11b780, 0x00000000ff160000)
  from space 640K,   1% used [0x00000000ff160000, 0x00000000ff162040, 0x00000000ff200000)
  to   space 640K,   0% used [0x00000000ff200000, 0x00000000ff200000, 0x00000000ff2a0000)
 concurrent mark-sweep generation total 13696K, used 6312K [0x00000000ff2a0000, 0x0000000100000000, 0x0000000100000000)
 Metaspace       used 5077K, capacity 5258K, committed 5504K, reserved 1056768K
  class space    used 557K, capacity 597K, committed 640K, reserved 1048576K
2024-07-16T17:58:54.750+0800: 1.895: [GC (Allocation Failure) 2024-07-16T17:58:54.750+0800: 1.895: [ParNew: 5237K->4K(6144K), 0.0010883 secs] 11550K->6316K(19840K), 0.0011629 secs] [Times: user=0.00 sys=0.00, real=0.00 secs] 
Heap after GC invocations=233 (full 28):
 par new generation   total 6144K, used 4K [0x00000000fec00000, 0x00000000ff2a0000, 0x00000000ff2a0000)
  eden space 5504K,   0% used [0x00000000fec00000, 0x00000000fec00000, 0x00000000ff160000)
  from space 640K,   0% used [0x00000000ff200000, 0x00000000ff201020, 0x00000000ff2a0000)
  to   space 640K,   0% used [0x00000000ff160000, 0x00000000ff160000, 0x00000000ff200000)
 concurrent mark-sweep generation total 13696K, used 6312K [0x00000000ff2a0000, 0x0000000100000000, 0x0000000100000000)
 Metaspace       used 5077K, capacity 5258K, committed 5504K, reserved 1056768K
  class space    used 557K, capacity 597K, committed 640K, reserved 1048576K
}
{Heap before GC invocations=233 (full 28):
 par new generation   total 6144K, used 5233K [0x00000000fec00000, 0x00000000ff2a0000, 0x00000000ff2a0000)
  eden space 5504K,  95% used [0x00000000fec00000, 0x00000000ff11b780, 0x00000000ff160000)
  from space 640K,   0% used [0x00000000ff200000, 0x00000000ff201020, 0x00000000ff2a0000)
  to   space 640K,   0% used [0x00000000ff160000, 0x00000000ff160000, 0x00000000ff200000)
 concurrent mark-sweep generation total 13696K, used 6312K [0x00000000ff2a0000, 0x0000000100000000, 0x0000000100000000)
 Metaspace       used 5077K, capacity 5258K, committed 5504K, reserved 1056768K
  class space    used 557K, capacity 597K, committed 640K, reserved 1048576K
2024-07-16T17:58:54.759+0800: 1.904: [GC (Allocation Failure) 2024-07-16T17:58:54.759+0800: 1.904: [ParNew: 5233K->2K(6144K), 0.0005581 secs] 11546K->6314K(19840K), 0.0006362 secs] [Times: user=0.00 sys=0.00, real=0.00 secs] 
Heap after GC invocations=234 (full 28):
 par new generation   total 6144K, used 2K [0x00000000fec00000, 0x00000000ff2a0000, 0x00000000ff2a0000)
  eden space 5504K,   0% used [0x00000000fec00000, 0x00000000fec00000, 0x00000000ff160000)
  from space 640K,   0% used [0x00000000ff160000, 0x00000000ff160810, 0x00000000ff200000)
  to   space 640K,   0% used [0x00000000ff200000, 0x00000000ff200000, 0x00000000ff2a0000)
 concurrent mark-sweep generation total 13696K, used 6312K [0x00000000ff2a0000, 0x0000000100000000, 0x0000000100000000)
 Metaspace       used 5077K, capacity 5258K, committed 5504K, reserved 1056768K
  class space    used 557K, capacity 597K, committed 640K, reserved 1048576K
}
{Heap before GC invocations=234 (full 28):
 par new generation   total 6144K, used 5231K [0x00000000fec00000, 0x00000000ff2a0000, 0x00000000ff2a0000)
  eden space 5504K,  95% used [0x00000000fec00000, 0x00000000ff11b780, 0x00000000ff160000)
  from space 640K,   0% used [0x00000000ff160000, 0x00000000ff160810, 0x00000000ff200000)
  to   space 640K,   0% used [0x00000000ff200000, 0x00000000ff200000, 0x00000000ff2a0000)
 concurrent mark-sweep generation total 13696K, used 6312K [0x00000000ff2a0000, 0x0000000100000000, 0x0000000100000000)
 Metaspace       used 5077K, capacity 5258K, committed 5504K, reserved 1056768K
  class space    used 557K, capacity 597K, committed 640K, reserved 1048576K
2024-07-16T17:58:54.768+0800: 1.912: [GC (Allocation Failure) 2024-07-16T17:58:54.768+0800: 1.912: [ParNew: 5231K->8K(6144K), 0.0007974 secs] 11544K->7346K(19840K), 0.0009043 secs] [Times: user=0.00 sys=0.00, real=0.00 secs] 
Heap after GC invocations=235 (full 28):
 par new generation   total 6144K, used 8K [0x00000000fec00000, 0x00000000ff2a0000, 0x00000000ff2a0000)
  eden space 5504K,   0% used [0x00000000fec00000, 0x00000000fec00000, 0x00000000ff160000)
  from space 640K,   1% used [0x00000000ff200000, 0x00000000ff202040, 0x00000000ff2a0000)
  to   space 640K,   0% used [0x00000000ff160000, 0x00000000ff160000, 0x00000000ff200000)
 concurrent mark-sweep generation total 13696K, used 7338K [0x00000000ff2a0000, 0x0000000100000000, 0x0000000100000000)
 Metaspace       used 5077K, capacity 5258K, committed 5504K, reserved 1056768K
  class space    used 557K, capacity 597K, committed 640K, reserved 1048576K
}
{Heap before GC invocations=235 (full 28):
 par new generation   total 6144K, used 5237K [0x00000000fec00000, 0x00000000ff2a0000, 0x00000000ff2a0000)
  eden space 5504K,  95% used [0x00000000fec00000, 0x00000000ff11b780, 0x00000000ff160000)
  from space 640K,   1% used [0x00000000ff200000, 0x00000000ff202040, 0x00000000ff2a0000)
  to   space 640K,   0% used [0x00000000ff160000, 0x00000000ff160000, 0x00000000ff200000)
 concurrent mark-sweep generation total 13696K, used 7338K [0x00000000ff2a0000, 0x0000000100000000, 0x0000000100000000)
 Metaspace       used 5077K, capacity 5258K, committed 5504K, reserved 1056768K
  class space    used 557K, capacity 597K, committed 640K, reserved 1048576K
2024-07-16T17:58:54.776+0800: 1.920: [GC (Allocation Failure) 2024-07-16T17:58:54.776+0800: 1.920: [ParNew: 5237K->6K(6144K), 0.0011731 secs] 12576K->8368K(19840K), 0.0012624 secs] [Times: user=0.00 sys=0.00, real=0.00 secs] 
Heap after GC invocations=236 (full 28):
 par new generation   total 6144K, used 6K [0x00000000fec00000, 0x00000000ff2a0000, 0x00000000ff2a0000)
  eden space 5504K,   0% used [0x00000000fec00000, 0x00000000fec00000, 0x00000000ff160000)
  from space 640K,   0% used [0x00000000ff160000, 0x00000000ff161830, 0x00000000ff200000)
  to   space 640K,   0% used [0x00000000ff200000, 0x00000000ff200000, 0x00000000ff2a0000)
 concurrent mark-sweep generation total 13696K, used 8362K [0x00000000ff2a0000, 0x0000000100000000, 0x0000000100000000)
 Metaspace       used 5077K, capacity 5258K, committed 5504K, reserved 1056768K
  class space    used 557K, capacity 597K, committed 640K, reserved 1048576K
}
2024-07-16T17:58:54.777+0800: 1.922: [GC (CMS Initial Mark) [1 CMS-initial-mark: 8362K(13696K)] 9394K(19840K), 0.0005483 secs] [Times: user=0.00 sys=0.00, real=0.00 secs] 
2024-07-16T17:58:54.778+0800: 1.923: [CMS-concurrent-mark-start]
{Heap before GC invocations=236 (full 29):
 par new generation   total 6144K, used 5235K [0x00000000fec00000, 0x00000000ff2a0000, 0x00000000ff2a0000)
  eden space 5504K,  95% used [0x00000000fec00000, 0x00000000ff11b780, 0x00000000ff160000)
  from space 640K,   0% used [0x00000000ff160000, 0x00000000ff161830, 0x00000000ff200000)
  to   space 640K,   0% used [0x00000000ff200000, 0x00000000ff200000, 0x00000000ff2a0000)
 concurrent mark-sweep generation total 13696K, used 8362K [0x00000000ff2a0000, 0x0000000100000000, 0x0000000100000000)
 Metaspace       used 5077K, capacity 5258K, committed 5504K, reserved 1056768K
  class space    used 557K, capacity 597K, committed 640K, reserved 1048576K
2024-07-16T17:58:54.784+0800: 1.928: [GC (Allocation Failure) 2024-07-16T17:58:54.784+0800: 1.928: [ParNew: 5235K->8K(6144K), 0.0005451 secs] 13598K->9396K(19840K), 0.0005904 secs] [Times: user=0.00 sys=0.00, real=0.00 secs] 
Heap after GC invocations=237 (full 29):
 par new generation   total 6144K, used 8K [0x00000000fec00000, 0x00000000ff2a0000, 0x00000000ff2a0000)
  eden space 5504K,   0% used [0x00000000fec00000, 0x00000000fec00000, 0x00000000ff160000)
  from space 640K,   1% used [0x00000000ff200000, 0x00000000ff202040, 0x00000000ff2a0000)
  to   space 640K,   0% used [0x00000000ff160000, 0x00000000ff160000, 0x00000000ff200000)
 concurrent mark-sweep generation total 13696K, used 9388K [0x00000000ff2a0000, 0x0000000100000000, 0x0000000100000000)
 Metaspace       used 5077K, capacity 5258K, committed 5504K, reserved 1056768K
  class space    used 557K, capacity 597K, committed 640K, reserved 1048576K
}
2024-07-16T17:58:54.786+0800: 1.930: [CMS-concurrent-mark: 0.006/0.008 secs] [Times: user=0.05 sys=0.00, real=0.01 secs] 
2024-07-16T17:58:54.786+0800: 1.930: [CMS-concurrent-preclean-start]
2024-07-16T17:58:54.786+0800: 1.930: [CMS-concurrent-preclean: 0.000/0.000 secs] [Times: user=0.00 sys=0.00, real=0.00 secs] 
2024-07-16T17:58:54.786+0800: 1.930: [CMS-concurrent-abortable-preclean-start]
{Heap before GC invocations=237 (full 29):
 par new generation   total 6144K, used 5237K [0x00000000fec00000, 0x00000000ff2a0000, 0x00000000ff2a0000)
  eden space 5504K,  95% used [0x00000000fec00000, 0x00000000ff11b780, 0x00000000ff160000)
  from space 640K,   1% used [0x00000000ff200000, 0x00000000ff202040, 0x00000000ff2a0000)
  to   space 640K,   0% used [0x00000000ff160000, 0x00000000ff160000, 0x00000000ff200000)
 concurrent mark-sweep generation total 13696K, used 9388K [0x00000000ff2a0000, 0x0000000100000000, 0x0000000100000000)
 Metaspace       used 5077K, capacity 5258K, committed 5504K, reserved 1056768K
  class space    used 557K, capacity 597K, committed 640K, reserved 1048576K
2024-07-16T17:58:54.792+0800: 1.936: [GC (Allocation Failure) 2024-07-16T17:58:54.792+0800: 1.936: [ParNew: 5237K->2K(6144K), 0.0003080 secs] 14626K->9390K(19840K), 0.0003540 secs] [Times: user=0.00 sys=0.00, real=0.00 secs] 
Heap after GC invocations=238 (full 29):
 par new generation   total 6144K, used 2K [0x00000000fec00000, 0x00000000ff2a0000, 0x00000000ff2a0000)
  eden space 5504K,   0% used [0x00000000fec00000, 0x00000000fec00000, 0x00000000ff160000)
  from space 640K,   0% used [0x00000000ff160000, 0x00000000ff160810, 0x00000000ff200000)
  to   space 640K,   0% used [0x00000000ff200000, 0x00000000ff200000, 0x00000000ff2a0000)
 concurrent mark-sweep generation total 13696K, used 9388K [0x00000000ff2a0000, 0x0000000100000000, 0x0000000100000000)
 Metaspace       used 5077K, capacity 5258K, committed 5504K, reserved 1056768K
  class space    used 557K, capacity 597K, committed 640K, reserved 1048576K
}
{Heap before GC invocations=238 (full 29):
 par new generation   total 6144K, used 5231K [0x00000000fec00000, 0x00000000ff2a0000, 0x00000000ff2a0000)
  eden space 5504K,  95% used [0x00000000fec00000, 0x00000000ff11b780, 0x00000000ff160000)
  from space 640K,   0% used [0x00000000ff160000, 0x00000000ff160810, 0x00000000ff200000)
  to   space 640K,   0% used [0x00000000ff200000, 0x00000000ff200000, 0x00000000ff2a0000)
 concurrent mark-sweep generation total 13696K, used 9388K [0x00000000ff2a0000, 0x0000000100000000, 0x0000000100000000)
 Metaspace       used 5077K, capacity 5258K, committed 5504K, reserved 1056768K
  class space    used 557K, capacity 597K, committed 640K, reserved 1048576K
2024-07-16T17:58:54.800+0800: 1.944: [GC (Allocation Failure) 2024-07-16T17:58:54.800+0800: 1.944: [ParNew: 5231K->4K(6144K), 0.0003364 secs] 14620K->9392K(19840K), 0.0003906 secs] [Times: user=0.00 sys=0.00, real=0.00 secs] 
Heap after GC invocations=239 (full 29):
 par new generation   total 6144K, used 4K [0x00000000fec00000, 0x00000000ff2a0000, 0x00000000ff2a0000)
  eden space 5504K,   0% used [0x00000000fec00000, 0x00000000fec00000, 0x00000000ff160000)
  from space 640K,   0% used [0x00000000ff200000, 0x00000000ff201020, 0x00000000ff2a0000)
  to   space 640K,   0% used [0x00000000ff160000, 0x00000000ff160000, 0x00000000ff200000)
 concurrent mark-sweep generation total 13696K, used 9388K [0x00000000ff2a0000, 0x0000000100000000, 0x0000000100000000)
 Metaspace       used 5077K, capacity 5258K, committed 5504K, reserved 1056768K
  class space    used 557K, capacity 597K, committed 640K, reserved 1048576K
}
{Heap before GC invocations=239 (full 29):
 par new generation   total 6144K, used 5233K [0x00000000fec00000, 0x00000000ff2a0000, 0x00000000ff2a0000)
  eden space 5504K,  95% used [0x00000000fec00000, 0x00000000ff11b780, 0x00000000ff160000)
  from space 640K,   0% used [0x00000000ff200000, 0x00000000ff201020, 0x00000000ff2a0000)
  to   space 640K,   0% used [0x00000000ff160000, 0x00000000ff160000, 0x00000000ff200000)
 concurrent mark-sweep generation total 13696K, used 9388K [0x00000000ff2a0000, 0x0000000100000000, 0x0000000100000000)
 Metaspace       used 5077K, capacity 5258K, committed 5504K, reserved 1056768K
  class space    used 557K, capacity 597K, committed 640K, reserved 1048576K
2024-07-16T17:58:54.807+0800: 1.951: [GC (Allocation Failure) 2024-07-16T17:58:54.807+0800: 1.951: [ParNew: 5233K->8K(6144K), 0.0004685 secs] 14622K->10422K(19840K), 0.0005182 secs] [Times: user=0.00 sys=0.00, real=0.00 secs] 
Heap after GC invocations=240 (full 29):
 par new generation   total 6144K, used 8K [0x00000000fec00000, 0x00000000ff2a0000, 0x00000000ff2a0000)
  eden space 5504K,   0% used [0x00000000fec00000, 0x00000000fec00000, 0x00000000ff160000)
  from space 640K,   1% used [0x00000000ff160000, 0x00000000ff162040, 0x00000000ff200000)
  to   space 640K,   0% used [0x00000000ff200000, 0x00000000ff200000, 0x00000000ff2a0000)
 concurrent mark-sweep generation total 13696K, used 10414K [0x00000000ff2a0000, 0x0000000100000000, 0x0000000100000000)
 Metaspace       used 5077K, capacity 5258K, committed 5504K, reserved 1056768K
  class space    used 557K, capacity 597K, committed 640K, reserved 1048576K
}
{Heap before GC invocations=240 (full 29):
 par new generation   total 6144K, used 5237K [0x00000000fec00000, 0x00000000ff2a0000, 0x00000000ff2a0000)
  eden space 5504K,  95% used [0x00000000fec00000, 0x00000000ff11b780, 0x00000000ff160000)
  from space 640K,   1% used [0x00000000ff160000, 0x00000000ff162040, 0x00000000ff200000)
  to   space 640K,   0% used [0x00000000ff200000, 0x00000000ff200000, 0x00000000ff2a0000)
 concurrent mark-sweep generation total 13696K, used 10414K [0x00000000ff2a0000, 0x0000000100000000, 0x0000000100000000)
 Metaspace       used 5077K, capacity 5258K, committed 5504K, reserved 1056768K
  class space    used 557K, capacity 597K, committed 640K, reserved 1048576K
2024-07-16T17:58:54.816+0800: 1.960: [GC (Allocation Failure) 2024-07-16T17:58:54.816+0800: 1.960: [ParNew: 5237K->4K(6144K), 0.0002872 secs] 15652K->10418K(19840K), 0.0003275 secs] [Times: user=0.00 sys=0.00, real=0.00 secs] 
Heap after GC invocations=241 (full 29):
 par new generation   total 6144K, used 4K [0x00000000fec00000, 0x00000000ff2a0000, 0x00000000ff2a0000)
  eden space 5504K,   0% used [0x00000000fec00000, 0x00000000fec00000, 0x00000000ff160000)
  from space 640K,   0% used [0x00000000ff200000, 0x00000000ff201020, 0x00000000ff2a0000)
  to   space 640K,   0% used [0x00000000ff160000, 0x00000000ff160000, 0x00000000ff200000)
 concurrent mark-sweep generation total 13696K, used 10414K [0x00000000ff2a0000, 0x0000000100000000, 0x0000000100000000)
 Metaspace       used 5077K, capacity 5258K, committed 5504K, reserved 1056768K
  class space    used 557K, capacity 597K, committed 640K, reserved 1048576K
}
{Heap before GC invocations=241 (full 29):
 par new generation   total 6144K, used 5233K [0x00000000fec00000, 0x00000000ff2a0000, 0x00000000ff2a0000)
  eden space 5504K,  95% used [0x00000000fec00000, 0x00000000ff11b780, 0x00000000ff160000)
  from space 640K,   0% used [0x00000000ff200000, 0x00000000ff201020, 0x00000000ff2a0000)
  to   space 640K,   0% used [0x00000000ff160000, 0x00000000ff160000, 0x00000000ff200000)
 concurrent mark-sweep generation total 13696K, used 10414K [0x00000000ff2a0000, 0x0000000100000000, 0x0000000100000000)
 Metaspace       used 5077K, capacity 5258K, committed 5504K, reserved 1056768K
  class space    used 557K, capacity 597K, committed 640K, reserved 1048576K
2024-07-16T17:58:54.823+0800: 1.967: [GC (Allocation Failure) 2024-07-16T17:58:54.823+0800: 1.967: [ParNew: 5233K->4K(6144K), 0.0002747 secs] 15648K->10418K(19840K), 0.0003181 secs] [Times: user=0.00 sys=0.00, real=0.00 secs] 
Heap after GC invocations=242 (full 29):
 par new generation   total 6144K, used 4K [0x00000000fec00000, 0x00000000ff2a0000, 0x00000000ff2a0000)
  eden space 5504K,   0% used [0x00000000fec00000, 0x00000000fec00000, 0x00000000ff160000)
  from space 640K,   0% used [0x00000000ff160000, 0x00000000ff161020, 0x00000000ff200000)
  to   space 640K,   0% used [0x00000000ff200000, 0x00000000ff200000, 0x00000000ff2a0000)
 concurrent mark-sweep generation total 13696K, used 10414K [0x00000000ff2a0000, 0x0000000100000000, 0x0000000100000000)
 Metaspace       used 5077K, capacity 5258K, committed 5504K, reserved 1056768K
  class space    used 557K, capacity 597K, committed 640K, reserved 1048576K
}
{Heap before GC invocations=242 (full 29):
 par new generation   total 6144K, used 5233K [0x00000000fec00000, 0x00000000ff2a0000, 0x00000000ff2a0000)
  eden space 5504K,  95% used [0x00000000fec00000, 0x00000000ff11b780, 0x00000000ff160000)
  from space 640K,   0% used [0x00000000ff160000, 0x00000000ff161020, 0x00000000ff200000)
  to   space 640K,   0% used [0x00000000ff200000, 0x00000000ff200000, 0x00000000ff2a0000)
 concurrent mark-sweep generation total 13696K, used 10414K [0x00000000ff2a0000, 0x0000000100000000, 0x0000000100000000)
 Metaspace       used 5077K, capacity 5258K, committed 5504K, reserved 1056768K
  class space    used 557K, capacity 597K, committed 640K, reserved 1048576K
2024-07-16T17:58:54.832+0800: 1.976: [GC (Allocation Failure) 2024-07-16T17:58:54.832+0800: 1.976: [ParNew: 5233K->4K(6144K), 0.0003746 secs] 15648K->10418K(19840K), 0.0004186 secs] [Times: user=0.00 sys=0.00, real=0.00 secs] 
Heap after GC invocations=243 (full 29):
 par new generation   total 6144K, used 4K [0x00000000fec00000, 0x00000000ff2a0000, 0x00000000ff2a0000)
  eden space 5504K,   0% used [0x00000000fec00000, 0x00000000fec00000, 0x00000000ff160000)
  from space 640K,   0% used [0x00000000ff200000, 0x00000000ff201020, 0x00000000ff2a0000)
  to   space 640K,   0% used [0x00000000ff160000, 0x00000000ff160000, 0x00000000ff200000)
 concurrent mark-sweep generation total 13696K, used 10414K [0x00000000ff2a0000, 0x0000000100000000, 0x0000000100000000)
 Metaspace       used 5077K, capacity 5258K, committed 5504K, reserved 1056768K
  class space    used 557K, capacity 597K, committed 640K, reserved 1048576K
}
{Heap before GC invocations=243 (full 29):
 par new generation   total 6144K, used 5233K [0x00000000fec00000, 0x00000000ff2a0000, 0x00000000ff2a0000)
  eden space 5504K,  95% used [0x00000000fec00000, 0x00000000ff11b780, 0x00000000ff160000)
  from space 640K,   0% used [0x00000000ff200000, 0x00000000ff201020, 0x00000000ff2a0000)
  to   space 640K,   0% used [0x00000000ff160000, 0x00000000ff160000, 0x00000000ff200000)
 concurrent mark-sweep generation total 13696K, used 10414K [0x00000000ff2a0000, 0x0000000100000000, 0x0000000100000000)
 Metaspace       used 5077K, capacity 5258K, committed 5504K, reserved 1056768K
  class space    used 557K, capacity 597K, committed 640K, reserved 1048576K
2024-07-16T17:58:54.838+0800: 1.982: [GC (Allocation Failure) 2024-07-16T17:58:54.838+0800: 1.982: [ParNew: 5233K->6K(6144K), 0.0004481 secs] 15648K->11444K(19840K), 0.0005056 secs] [Times: user=0.00 sys=0.00, real=0.00 secs] 
Heap after GC invocations=244 (full 29):
 par new generation   total 6144K, used 6K [0x00000000fec00000, 0x00000000ff2a0000, 0x00000000ff2a0000)
  eden space 5504K,   0% used [0x00000000fec00000, 0x00000000fec00000, 0x00000000ff160000)
  from space 640K,   0% used [0x00000000ff160000, 0x00000000ff161830, 0x00000000ff200000)
  to   space 640K,   0% used [0x00000000ff200000, 0x00000000ff200000, 0x00000000ff2a0000)
 concurrent mark-sweep generation total 13696K, used 11438K [0x00000000ff2a0000, 0x0000000100000000, 0x0000000100000000)
 Metaspace       used 5077K, capacity 5258K, committed 5504K, reserved 1056768K
  class space    used 557K, capacity 597K, committed 640K, reserved 1048576K
}
{Heap before GC invocations=244 (full 29):
 par new generation   total 6144K, used 5235K [0x00000000fec00000, 0x00000000ff2a0000, 0x00000000ff2a0000)
  eden space 5504K,  95% used [0x00000000fec00000, 0x00000000ff11b780, 0x00000000ff160000)
  from space 640K,   0% used [0x00000000ff160000, 0x00000000ff161830, 0x00000000ff200000)
  to   space 640K,   0% used [0x00000000ff200000, 0x00000000ff200000, 0x00000000ff2a0000)
 concurrent mark-sweep generation total 13696K, used 11438K [0x00000000ff2a0000, 0x0000000100000000, 0x0000000100000000)
 Metaspace       used 5077K, capacity 5258K, committed 5504K, reserved 1056768K
  class space    used 557K, capacity 597K, committed 640K, reserved 1048576K
2024-07-16T17:58:54.845+0800: 1.989: [GC (Allocation Failure) 2024-07-16T17:58:54.845+0800: 1.989: [ParNew: 5235K->8K(6144K), 0.0009486 secs] 16674K->12470K(19840K), 0.0010642 secs] [Times: user=0.02 sys=0.02, real=0.00 secs] 
Heap after GC invocations=245 (full 29):
 par new generation   total 6144K, used 8K [0x00000000fec00000, 0x00000000ff2a0000, 0x00000000ff2a0000)
  eden space 5504K,   0% used [0x00000000fec00000, 0x00000000fec00000, 0x00000000ff160000)
  from space 640K,   1% used [0x00000000ff200000, 0x00000000ff202040, 0x00000000ff2a0000)
  to   space 640K,   0% used [0x00000000ff160000, 0x00000000ff160000, 0x00000000ff200000)
 concurrent mark-sweep generation total 13696K, used 12462K [0x00000000ff2a0000, 0x0000000100000000, 0x0000000100000000)
 Metaspace       used 5077K, capacity 5258K, committed 5504K, reserved 1056768K
  class space    used 557K, capacity 597K, committed 640K, reserved 1048576K
}
{Heap before GC invocations=245 (full 29):
 par new generation   total 6144K, used 5237K [0x00000000fec00000, 0x00000000ff2a0000, 0x00000000ff2a0000)
  eden space 5504K,  95% used [0x00000000fec00000, 0x00000000ff11b780, 0x00000000ff160000)
  from space 640K,   1% used [0x00000000ff200000, 0x00000000ff202040, 0x00000000ff2a0000)
  to   space 640K,   0% used [0x00000000ff160000, 0x00000000ff160000, 0x00000000ff200000)
 concurrent mark-sweep generation total 13696K, used 12462K [0x00000000ff2a0000, 0x0000000100000000, 0x0000000100000000)
 Metaspace       used 5077K, capacity 5258K, committed 5504K, reserved 1056768K
  class space    used 557K, capacity 597K, committed 640K, reserved 1048576K
2024-07-16T17:58:54.854+0800: 1.998: [GC (Allocation Failure) 2024-07-16T17:58:54.854+0800: 1.998: [ParNew: 5237K->5237K(6144K), 0.0000159 secs]2024-07-16T17:58:54.854+0800: 1.998: [CMS2024-07-16T17:58:54.854+0800: 1.998: [CMS-concurrent-abortable-preclean: 0.001/0.068 secs] [Times: user=0.02 sys=0.02, real=0.07 secs] 
 (concurrent mode failure): 12462K->1184K(13696K), 0.0025642 secs] 17700K->1184K(19840K), [Metaspace: 5077K->5077K(1056768K)], 0.0026449 secs] [Times: user=0.00 sys=0.00, real=0.00 secs] 
Heap after GC invocations=246 (full 30):
 par new generation   total 6144K, used 0K [0x00000000fec00000, 0x00000000ff2a0000, 0x00000000ff2a0000)
  eden space 5504K,   0% used [0x00000000fec00000, 0x00000000fec00000, 0x00000000ff160000)
  from space 640K,   0% used [0x00000000ff200000, 0x00000000ff200000, 0x00000000ff2a0000)
  to   space 640K,   0% used [0x00000000ff160000, 0x00000000ff160000, 0x00000000ff200000)
 concurrent mark-sweep generation total 13696K, used 1184K [0x00000000ff2a0000, 0x0000000100000000, 0x0000000100000000)
 Metaspace       used 5077K, capacity 5258K, committed 5504K, reserved 1056768K
  class space    used 557K, capacity 597K, committed 640K, reserved 1048576K
}
{Heap before GC invocations=246 (full 30):
 par new generation   total 6144K, used 5229K [0x00000000fec00000, 0x00000000ff2a0000, 0x00000000ff2a0000)
  eden space 5504K,  95% used [0x00000000fec00000, 0x00000000ff11b780, 0x00000000ff160000)
  from space 640K,   0% used [0x00000000ff200000, 0x00000000ff200000, 0x00000000ff2a0000)
  to   space 640K,   0% used [0x00000000ff160000, 0x00000000ff160000, 0x00000000ff200000)
 concurrent mark-sweep generation total 13696K, used 1184K [0x00000000ff2a0000, 0x0000000100000000, 0x0000000100000000)
 Metaspace       used 5077K, capacity 5258K, committed 5504K, reserved 1056768K
  class space    used 557K, capacity 597K, committed 640K, reserved 1048576K
2024-07-16T17:58:54.869+0800: 2.014: [GC (Allocation Failure) 2024-07-16T17:58:54.869+0800: 2.014: [ParNew: 5229K->4K(6144K), 0.0012178 secs] 6413K->1188K(19840K), 0.0014077 secs] [Times: user=0.00 sys=0.00, real=0.00 secs] 
Heap after GC invocations=247 (full 30):
 par new generation   total 6144K, used 4K [0x00000000fec00000, 0x00000000ff2a0000, 0x00000000ff2a0000)
  eden space 5504K,   0% used [0x00000000fec00000, 0x00000000fec00000, 0x00000000ff160000)
  from space 640K,   0% used [0x00000000ff160000, 0x00000000ff161020, 0x00000000ff200000)
  to   space 640K,   0% used [0x00000000ff200000, 0x00000000ff200000, 0x00000000ff2a0000)
 concurrent mark-sweep generation total 13696K, used 1184K [0x00000000ff2a0000, 0x0000000100000000, 0x0000000100000000)
 Metaspace       used 5077K, capacity 5258K, committed 5504K, reserved 1056768K
  class space    used 557K, capacity 597K, committed 640K, reserved 1048576K
}
{Heap before GC invocations=247 (full 30):
 par new generation   total 6144K, used 5233K [0x00000000fec00000, 0x00000000ff2a0000, 0x00000000ff2a0000)
  eden space 5504K,  95% used [0x00000000fec00000, 0x00000000ff11b780, 0x00000000ff160000)
  from space 640K,   0% used [0x00000000ff160000, 0x00000000ff161020, 0x00000000ff200000)
  to   space 640K,   0% used [0x00000000ff200000, 0x00000000ff200000, 0x00000000ff2a0000)
 concurrent mark-sweep generation total 13696K, used 1184K [0x00000000ff2a0000, 0x0000000100000000, 0x0000000100000000)
 Metaspace       used 5077K, capacity 5258K, committed 5504K, reserved 1056768K
  class space    used 557K, capacity 597K, committed 640K, reserved 1048576K
2024-07-16T17:58:54.880+0800: 2.024: [GC (Allocation Failure) 2024-07-16T17:58:54.880+0800: 2.025: [ParNew: 5233K->6K(6144K), 0.0008894 secs] 6417K->2216K(19840K), 0.0010115 secs] [Times: user=0.00 sys=0.00, real=0.00 secs] 
Heap after GC invocations=248 (full 30):
 par new generation   total 6144K, used 6K [0x00000000fec00000, 0x00000000ff2a0000, 0x00000000ff2a0000)
  eden space 5504K,   0% used [0x00000000fec00000, 0x00000000fec00000, 0x00000000ff160000)
  from space 640K,   0% used [0x00000000ff200000, 0x00000000ff201830, 0x00000000ff2a0000)
  to   space 640K,   0% used [0x00000000ff160000, 0x00000000ff160000, 0x00000000ff200000)
 concurrent mark-sweep generation total 13696K, used 2210K [0x00000000ff2a0000, 0x0000000100000000, 0x0000000100000000)
 Metaspace       used 5077K, capacity 5258K, committed 5504K, reserved 1056768K
  class space    used 557K, capacity 597K, committed 640K, reserved 1048576K
}
{Heap before GC invocations=248 (full 30):
 par new generation   total 6144K, used 5243K [0x00000000fec00000, 0x00000000ff2a0000, 0x00000000ff2a0000)
  eden space 5504K,  95% used [0x00000000fec00000, 0x00000000ff11d480, 0x00000000ff160000)
  from space 640K,   0% used [0x00000000ff200000, 0x00000000ff201830, 0x00000000ff2a0000)
  to   space 640K,   0% used [0x00000000ff160000, 0x00000000ff160000, 0x00000000ff200000)
 concurrent mark-sweep generation total 13696K, used 2210K [0x00000000ff2a0000, 0x0000000100000000, 0x0000000100000000)
 Metaspace       used 5077K, capacity 5258K, committed 5504K, reserved 1056768K
  class space    used 557K, capacity 597K, committed 640K, reserved 1048576K
2024-07-16T17:58:54.888+0800: 2.032: [GC (Allocation Failure) 2024-07-16T17:58:54.888+0800: 2.032: [ParNew: 5243K->11K(6144K), 0.0005522 secs] 7453K->2221K(19840K), 0.0006364 secs] [Times: user=0.00 sys=0.00, real=0.00 secs] 
Heap after GC invocations=249 (full 30):
 par new generation   total 6144K, used 11K [0x00000000fec00000, 0x00000000ff2a0000, 0x00000000ff2a0000)
  eden space 5504K,   0% used [0x00000000fec00000, 0x00000000fec00000, 0x00000000ff160000)
  from space 640K,   1% used [0x00000000ff160000, 0x00000000ff162d20, 0x00000000ff200000)
  to   space 640K,   0% used [0x00000000ff200000, 0x00000000ff200000, 0x00000000ff2a0000)
 concurrent mark-sweep generation total 13696K, used 2210K [0x00000000ff2a0000, 0x0000000100000000, 0x0000000100000000)
 Metaspace       used 5077K, capacity 5258K, committed 5504K, reserved 1056768K
  class space    used 557K, capacity 597K, committed 640K, reserved 1048576K
}
{Heap before GC invocations=249 (full 30):
 par new generation   total 6144K, used 5241K [0x00000000fec00000, 0x00000000ff2a0000, 0x00000000ff2a0000)
  eden space 5504K,  95% used [0x00000000fec00000, 0x00000000ff11b748, 0x00000000ff160000)
  from space 640K,   1% used [0x00000000ff160000, 0x00000000ff162d20, 0x00000000ff200000)
  to   space 640K,   0% used [0x00000000ff200000, 0x00000000ff200000, 0x00000000ff2a0000)
 concurrent mark-sweep generation total 13696K, used 2210K [0x00000000ff2a0000, 0x0000000100000000, 0x0000000100000000)
 Metaspace       used 5077K, capacity 5258K, committed 5504K, reserved 1056768K
  class space    used 557K, capacity 597K, committed 640K, reserved 1048576K
2024-07-16T17:58:54.896+0800: 2.040: [GC (Allocation Failure) 2024-07-16T17:58:54.896+0800: 2.040: [ParNew: 5241K->11K(6144K), 0.0004369 secs] 7451K->2221K(19840K), 0.0005060 secs] [Times: user=0.00 sys=0.00, real=0.00 secs] 
Heap after GC invocations=250 (full 30):
 par new generation   total 6144K, used 11K [0x00000000fec00000, 0x00000000ff2a0000, 0x00000000ff2a0000)
  eden space 5504K,   0% used [0x00000000fec00000, 0x00000000fec00000, 0x00000000ff160000)
  from space 640K,   1% used [0x00000000ff200000, 0x00000000ff202d20, 0x00000000ff2a0000)
  to   space 640K,   0% used [0x00000000ff160000, 0x00000000ff160000, 0x00000000ff200000)
 concurrent mark-sweep generation total 13696K, used 2210K [0x00000000ff2a0000, 0x0000000100000000, 0x0000000100000000)
 Metaspace       used 5077K, capacity 5258K, committed 5504K, reserved 1056768K
  class space    used 557K, capacity 597K, committed 640K, reserved 1048576K
}
{Heap before GC invocations=250 (full 30):
 par new generation   total 6144K, used 5241K [0x00000000fec00000, 0x00000000ff2a0000, 0x00000000ff2a0000)
  eden space 5504K,  95% used [0x00000000fec00000, 0x00000000ff11b790, 0x00000000ff160000)
  from space 640K,   1% used [0x00000000ff200000, 0x00000000ff202d20, 0x00000000ff2a0000)
  to   space 640K,   0% used [0x00000000ff160000, 0x00000000ff160000, 0x00000000ff200000)
 concurrent mark-sweep generation total 13696K, used 2210K [0x00000000ff2a0000, 0x0000000100000000, 0x0000000100000000)
 Metaspace       used 5077K, capacity 5258K, committed 5504K, reserved 1056768K
  class space    used 557K, capacity 597K, committed 640K, reserved 1048576K
2024-07-16T17:58:54.905+0800: 2.049: [GC (Allocation Failure) 2024-07-16T17:58:54.905+0800: 2.050: [ParNew: 5241K->11K(6144K), 0.0010291 secs] 7451K->2221K(19840K), 0.0011016 secs] [Times: user=0.00 sys=0.00, real=0.00 secs] 
Heap after GC invocations=251 (full 30):
 par new generation   total 6144K, used 11K [0x00000000fec00000, 0x00000000ff2a0000, 0x00000000ff2a0000)
  eden space 5504K,   0% used [0x00000000fec00000, 0x00000000fec00000, 0x00000000ff160000)
  from space 640K,   1% used [0x00000000ff160000, 0x00000000ff162d20, 0x00000000ff200000)
  to   space 640K,   0% used [0x00000000ff200000, 0x00000000ff200000, 0x00000000ff2a0000)
 concurrent mark-sweep generation total 13696K, used 2210K [0x00000000ff2a0000, 0x0000000100000000, 0x0000000100000000)
 Metaspace       used 5077K, capacity 5258K, committed 5504K, reserved 1056768K
  class space    used 557K, capacity 597K, committed 640K, reserved 1048576K
}
{Heap before GC invocations=251 (full 30):
 par new generation   total 6144K, used 5241K [0x00000000fec00000, 0x00000000ff2a0000, 0x00000000ff2a0000)
  eden space 5504K,  95% used [0x00000000fec00000, 0x00000000ff11b788, 0x00000000ff160000)
  from space 640K,   1% used [0x00000000ff160000, 0x00000000ff162d20, 0x00000000ff200000)
  to   space 640K,   0% used [0x00000000ff200000, 0x00000000ff200000, 0x00000000ff2a0000)
 concurrent mark-sweep generation total 13696K, used 2210K [0x00000000ff2a0000, 0x0000000100000000, 0x0000000100000000)
 Metaspace       used 5077K, capacity 5258K, committed 5504K, reserved 1056768K
  class space    used 557K, capacity 597K, committed 640K, reserved 1048576K
2024-07-16T17:58:54.914+0800: 2.058: [GC (Allocation Failure) 2024-07-16T17:58:54.914+0800: 2.058: [ParNew: 5241K->13K(6144K), 0.0004519 secs] 7451K->3249K(19840K), 0.0005212 secs] [Times: user=0.00 sys=0.00, real=0.00 secs] 
Heap after GC invocations=252 (full 30):
 par new generation   total 6144K, used 13K [0x00000000fec00000, 0x00000000ff2a0000, 0x00000000ff2a0000)
  eden space 5504K,   0% used [0x00000000fec00000, 0x00000000fec00000, 0x00000000ff160000)
  from space 640K,   2% used [0x00000000ff200000, 0x00000000ff203530, 0x00000000ff2a0000)
  to   space 640K,   0% used [0x00000000ff160000, 0x00000000ff160000, 0x00000000ff200000)
 concurrent mark-sweep generation total 13696K, used 3236K [0x00000000ff2a0000, 0x0000000100000000, 0x0000000100000000)
 Metaspace       used 5077K, capacity 5258K, committed 5504K, reserved 1056768K
  class space    used 557K, capacity 597K, committed 640K, reserved 1048576K
}
{Heap before GC invocations=252 (full 30):
 par new generation   total 6144K, used 5243K [0x00000000fec00000, 0x00000000ff2a0000, 0x00000000ff2a0000)
  eden space 5504K,  95% used [0x00000000fec00000, 0x00000000ff11b788, 0x00000000ff160000)
  from space 640K,   2% used [0x00000000ff200000, 0x00000000ff203530, 0x00000000ff2a0000)
  to   space 640K,   0% used [0x00000000ff160000, 0x00000000ff160000, 0x00000000ff200000)
 concurrent mark-sweep generation total 13696K, used 3236K [0x00000000ff2a0000, 0x0000000100000000, 0x0000000100000000)
 Metaspace       used 5077K, capacity 5258K, committed 5504K, reserved 1056768K
  class space    used 557K, capacity 597K, committed 640K, reserved 1048576K
2024-07-16T17:58:54.921+0800: 2.065: [GC (Allocation Failure) 2024-07-16T17:58:54.921+0800: 2.065: [ParNew: 5243K->13K(6144K), 0.0003976 secs] 8479K->4275K(19840K), 0.0004605 secs] [Times: user=0.00 sys=0.00, real=0.00 secs] 
Heap after GC invocations=253 (full 30):
 par new generation   total 6144K, used 13K [0x00000000fec00000, 0x00000000ff2a0000, 0x00000000ff2a0000)
  eden space 5504K,   0% used [0x00000000fec00000, 0x00000000fec00000, 0x00000000ff160000)
  from space 640K,   2% used [0x00000000ff160000, 0x00000000ff163530, 0x00000000ff200000)
  to   space 640K,   0% used [0x00000000ff200000, 0x00000000ff200000, 0x00000000ff2a0000)
 concurrent mark-sweep generation total 13696K, used 4262K [0x00000000ff2a0000, 0x0000000100000000, 0x0000000100000000)
 Metaspace       used 5077K, capacity 5258K, committed 5504K, reserved 1056768K
  class space    used 557K, capacity 597K, committed 640K, reserved 1048576K
}
{Heap before GC invocations=253 (full 30):
 par new generation   total 6144K, used 5243K [0x00000000fec00000, 0x00000000ff2a0000, 0x00000000ff2a0000)
  eden space 5504K,  95% used [0x00000000fec00000, 0x00000000ff11b780, 0x00000000ff160000)
  from space 640K,   2% used [0x00000000ff160000, 0x00000000ff163530, 0x00000000ff200000)
  to   space 640K,   0% used [0x00000000ff200000, 0x00000000ff200000, 0x00000000ff2a0000)
 concurrent mark-sweep generation total 13696K, used 4262K [0x00000000ff2a0000, 0x0000000100000000, 0x0000000100000000)
 Metaspace       used 5077K, capacity 5258K, committed 5504K, reserved 1056768K
  class space    used 557K, capacity 597K, committed 640K, reserved 1048576K
2024-07-16T17:58:54.929+0800: 2.073: [GC (Allocation Failure) 2024-07-16T17:58:54.929+0800: 2.073: [ParNew: 5243K->15K(6144K), 0.0003780 secs] 9505K->5303K(19840K), 0.0004125 secs] [Times: user=0.00 sys=0.00, real=0.00 secs] 
Heap after GC invocations=254 (full 30):
 par new generation   total 6144K, used 15K [0x00000000fec00000, 0x00000000ff2a0000, 0x00000000ff2a0000)
  eden space 5504K,   0% used [0x00000000fec00000, 0x00000000fec00000, 0x00000000ff160000)
  from space 640K,   2% used [0x00000000ff200000, 0x00000000ff203d40, 0x00000000ff2a0000)
  to   space 640K,   0% used [0x00000000ff160000, 0x00000000ff160000, 0x00000000ff200000)
 concurrent mark-sweep generation total 13696K, used 5288K [0x00000000ff2a0000, 0x0000000100000000, 0x0000000100000000)
 Metaspace       used 5077K, capacity 5258K, committed 5504K, reserved 1056768K
  class space    used 557K, capacity 597K, committed 640K, reserved 1048576K
}
{Heap before GC invocations=254 (full 30):
 par new generation   total 6144K, used 5245K [0x00000000fec00000, 0x00000000ff2a0000, 0x00000000ff2a0000)
  eden space 5504K,  95% used [0x00000000fec00000, 0x00000000ff11b780, 0x00000000ff160000)
  from space 640K,   2% used [0x00000000ff200000, 0x00000000ff203d40, 0x00000000ff2a0000)
  to   space 640K,   0% used [0x00000000ff160000, 0x00000000ff160000, 0x00000000ff200000)
 concurrent mark-sweep generation total 13696K, used 5288K [0x00000000ff2a0000, 0x0000000100000000, 0x0000000100000000)
 Metaspace       used 5077K, capacity 5258K, committed 5504K, reserved 1056768K
  class space    used 557K, capacity 597K, committed 640K, reserved 1048576K
2024-07-16T17:58:54.935+0800: 2.079: [GC (Allocation Failure) 2024-07-16T17:58:54.935+0800: 2.079: [ParNew: 5245K->8K(6144K), 0.0004006 secs] 10533K->6331K(19840K), 0.0004440 secs] [Times: user=0.00 sys=0.00, real=0.00 secs] 
Heap after GC invocations=255 (full 30):
 par new generation   total 6144K, used 8K [0x00000000fec00000, 0x00000000ff2a0000, 0x00000000ff2a0000)
  eden space 5504K,   0% used [0x00000000fec00000, 0x00000000fec00000, 0x00000000ff160000)
  from space 640K,   1% used [0x00000000ff160000, 0x00000000ff162040, 0x00000000ff200000)
  to   space 640K,   0% used [0x00000000ff200000, 0x00000000ff200000, 0x00000000ff2a0000)
 concurrent mark-sweep generation total 13696K, used 6323K [0x00000000ff2a0000, 0x0000000100000000, 0x0000000100000000)
 Metaspace       used 5077K, capacity 5258K, committed 5504K, reserved 1056768K
  class space    used 557K, capacity 597K, committed 640K, reserved 1048576K
}
{Heap before GC invocations=255 (full 30):
 par new generation   total 6144K, used 5237K [0x00000000fec00000, 0x00000000ff2a0000, 0x00000000ff2a0000)
  eden space 5504K,  95% used [0x00000000fec00000, 0x00000000ff11b780, 0x00000000ff160000)
  from space 640K,   1% used [0x00000000ff160000, 0x00000000ff162040, 0x00000000ff200000)
  to   space 640K,   0% used [0x00000000ff200000, 0x00000000ff200000, 0x00000000ff2a0000)
 concurrent mark-sweep generation total 13696K, used 6323K [0x00000000ff2a0000, 0x0000000100000000, 0x0000000100000000)
 Metaspace       used 5077K, capacity 5258K, committed 5504K, reserved 1056768K
  class space    used 557K, capacity 597K, committed 640K, reserved 1048576K
2024-07-16T17:58:54.942+0800: 2.086: [GC (Allocation Failure) 2024-07-16T17:58:54.942+0800: 2.086: [ParNew: 5237K->12K(6144K), 0.0003876 secs] 11561K->7361K(19840K), 0.0004298 secs] [Times: user=0.00 sys=0.00, real=0.00 secs] 
Heap after GC invocations=256 (full 30):
 par new generation   total 6144K, used 12K [0x00000000fec00000, 0x00000000ff2a0000, 0x00000000ff2a0000)
  eden space 5504K,   0% used [0x00000000fec00000, 0x00000000fec00000, 0x00000000ff160000)
  from space 640K,   1% used [0x00000000ff200000, 0x00000000ff203060, 0x00000000ff2a0000)
  to   space 640K,   0% used [0x00000000ff160000, 0x00000000ff160000, 0x00000000ff200000)
 concurrent mark-sweep generation total 13696K, used 7349K [0x00000000ff2a0000, 0x0000000100000000, 0x0000000100000000)
 Metaspace       used 5077K, capacity 5258K, committed 5504K, reserved 1056768K
  class space    used 557K, capacity 597K, committed 640K, reserved 1048576K
}
{Heap before GC invocations=256 (full 30):
 par new generation   total 6144K, used 5241K [0x00000000fec00000, 0x00000000ff2a0000, 0x00000000ff2a0000)
  eden space 5504K,  95% used [0x00000000fec00000, 0x00000000ff11b780, 0x00000000ff160000)
  from space 640K,   1% used [0x00000000ff200000, 0x00000000ff203060, 0x00000000ff2a0000)
  to   space 640K,   0% used [0x00000000ff160000, 0x00000000ff160000, 0x00000000ff200000)
 concurrent mark-sweep generation total 13696K, used 7349K [0x00000000ff2a0000, 0x0000000100000000, 0x0000000100000000)
 Metaspace       used 5077K, capacity 5258K, committed 5504K, reserved 1056768K
  class space    used 557K, capacity 597K, committed 640K, reserved 1048576K
2024-07-16T17:58:54.950+0800: 2.094: [GC (Allocation Failure) 2024-07-16T17:58:54.950+0800: 2.094: [ParNew: 5241K->16K(6144K), 0.0002572 secs] 12591K->7365K(19840K), 0.0002893 secs] [Times: user=0.00 sys=0.00, real=0.00 secs] 
Heap after GC invocations=257 (full 30):
 par new generation   total 6144K, used 16K [0x00000000fec00000, 0x00000000ff2a0000, 0x00000000ff2a0000)
  eden space 5504K,   0% used [0x00000000fec00000, 0x00000000fec00000, 0x00000000ff160000)
  from space 640K,   2% used [0x00000000ff160000, 0x00000000ff164080, 0x00000000ff200000)
  to   space 640K,   0% used [0x00000000ff200000, 0x00000000ff200000, 0x00000000ff2a0000)
 concurrent mark-sweep generation total 13696K, used 7349K [0x00000000ff2a0000, 0x0000000100000000, 0x0000000100000000)
 Metaspace       used 5077K, capacity 5258K, committed 5504K, reserved 1056768K
  class space    used 557K, capacity 597K, committed 640K, reserved 1048576K
}
{Heap before GC invocations=257 (full 30):
 par new generation   total 6144K, used 5246K [0x00000000fec00000, 0x00000000ff2a0000, 0x00000000ff2a0000)
  eden space 5504K,  95% used [0x00000000fec00000, 0x00000000ff11b780, 0x00000000ff160000)
  from space 640K,   2% used [0x00000000ff160000, 0x00000000ff164080, 0x00000000ff200000)
  to   space 640K,   0% used [0x00000000ff200000, 0x00000000ff200000, 0x00000000ff2a0000)
 concurrent mark-sweep generation total 13696K, used 7349K [0x00000000ff2a0000, 0x0000000100000000, 0x0000000100000000)
 Metaspace       used 5077K, capacity 5258K, committed 5504K, reserved 1056768K
  class space    used 557K, capacity 597K, committed 640K, reserved 1048576K
2024-07-16T17:58:54.957+0800: 2.101: [GC (Allocation Failure) 2024-07-16T17:58:54.957+0800: 2.101: [ParNew: 5246K->16K(6144K), 0.0003900 secs] 12595K->8389K(19840K), 0.0004335 secs] [Times: user=0.00 sys=0.00, real=0.00 secs] 
Heap after GC invocations=258 (full 30):
 par new generation   total 6144K, used 16K [0x00000000fec00000, 0x00000000ff2a0000, 0x00000000ff2a0000)
  eden space 5504K,   0% used [0x00000000fec00000, 0x00000000fec00000, 0x00000000ff160000)
  from space 640K,   2% used [0x00000000ff200000, 0x00000000ff204080, 0x00000000ff2a0000)
  to   space 640K,   0% used [0x00000000ff160000, 0x00000000ff160000, 0x00000000ff200000)
 concurrent mark-sweep generation total 13696K, used 8373K [0x00000000ff2a0000, 0x0000000100000000, 0x0000000100000000)
 Metaspace       used 5077K, capacity 5258K, committed 5504K, reserved 1056768K
  class space    used 557K, capacity 597K, committed 640K, reserved 1048576K
}
2024-07-16T17:58:54.957+0800: 2.102: [GC (CMS Initial Mark) [1 CMS-initial-mark: 8373K(13696K)] 9413K(19840K), 0.0001615 secs] [Times: user=0.00 sys=0.00, real=0.00 secs] 
2024-07-16T17:58:54.957+0800: 2.102: [CMS-concurrent-mark-start]
2024-07-16T17:58:54.960+0800: 2.105: [CMS-concurrent-mark: 0.003/0.003 secs] [Times: user=0.00 sys=0.00, real=0.00 secs] 
2024-07-16T17:58:54.960+0800: 2.105: [CMS-concurrent-preclean-start]
2024-07-16T17:58:54.960+0800: 2.105: [CMS-concurrent-preclean: 0.000/0.000 secs] [Times: user=0.00 sys=0.00, real=0.00 secs] 
2024-07-16T17:58:54.960+0800: 2.105: [CMS-concurrent-abortable-preclean-start]
{Heap before GC invocations=258 (full 31):
 par new generation   total 6144K, used 5246K [0x00000000fec00000, 0x00000000ff2a0000, 0x00000000ff2a0000)
  eden space 5504K,  95% used [0x00000000fec00000, 0x00000000ff11b780, 0x00000000ff160000)
  from space 640K,   2% used [0x00000000ff200000, 0x00000000ff204080, 0x00000000ff2a0000)
  to   space 640K,   0% used [0x00000000ff160000, 0x00000000ff160000, 0x00000000ff200000)
 concurrent mark-sweep generation total 13696K, used 8373K [0x00000000ff2a0000, 0x0000000100000000, 0x0000000100000000)
 Metaspace       used 5077K, capacity 5258K, committed 5504K, reserved 1056768K
  class space    used 557K, capacity 597K, committed 640K, reserved 1048576K
2024-07-16T17:58:54.964+0800: 2.108: [GC (Allocation Failure) 2024-07-16T17:58:54.964+0800: 2.108: [ParNew: 5246K->12K(6144K), 0.0003009 secs] 13619K->8385K(19840K), 0.0003384 secs] [Times: user=0.00 sys=0.00, real=0.00 secs] 
Heap after GC invocations=259 (full 31):
 par new generation   total 6144K, used 12K [0x00000000fec00000, 0x00000000ff2a0000, 0x00000000ff2a0000)
  eden space 5504K,   0% used [0x00000000fec00000, 0x00000000fec00000, 0x00000000ff160000)
  from space 640K,   1% used [0x00000000ff160000, 0x00000000ff163060, 0x00000000ff200000)
  to   space 640K,   0% used [0x00000000ff200000, 0x00000000ff200000, 0x00000000ff2a0000)
 concurrent mark-sweep generation total 13696K, used 8373K [0x00000000ff2a0000, 0x0000000100000000, 0x0000000100000000)
 Metaspace       used 5077K, capacity 5258K, committed 5504K, reserved 1056768K
  class space    used 557K, capacity 597K, committed 640K, reserved 1048576K
}
{Heap before GC invocations=259 (full 31):
 par new generation   total 6144K, used 5241K [0x00000000fec00000, 0x00000000ff2a0000, 0x00000000ff2a0000)
  eden space 5504K,  95% used [0x00000000fec00000, 0x00000000ff11b780, 0x00000000ff160000)
  from space 640K,   1% used [0x00000000ff160000, 0x00000000ff163060, 0x00000000ff200000)
  to   space 640K,   0% used [0x00000000ff200000, 0x00000000ff200000, 0x00000000ff2a0000)
 concurrent mark-sweep generation total 13696K, used 8373K [0x00000000ff2a0000, 0x0000000100000000, 0x0000000100000000)
 Metaspace       used 5077K, capacity 5258K, committed 5504K, reserved 1056768K
  class space    used 557K, capacity 597K, committed 640K, reserved 1048576K
2024-07-16T17:58:54.970+0800: 2.114: [GC (Allocation Failure) 2024-07-16T17:58:54.970+0800: 2.114: [ParNew: 5241K->16K(6144K), 0.0003810 secs] 13615K->9413K(19840K), 0.0004423 secs] [Times: user=0.00 sys=0.00, real=0.00 secs] 
Heap after GC invocations=260 (full 31):
 par new generation   total 6144K, used 16K [0x00000000fec00000, 0x00000000ff2a0000, 0x00000000ff2a0000)
  eden space 5504K,   0% used [0x00000000fec00000, 0x00000000fec00000, 0x00000000ff160000)
  from space 640K,   2% used [0x00000000ff200000, 0x00000000ff204080, 0x00000000ff2a0000)
  to   space 640K,   0% used [0x00000000ff160000, 0x00000000ff160000, 0x00000000ff200000)
 concurrent mark-sweep generation total 13696K, used 9397K [0x00000000ff2a0000, 0x0000000100000000, 0x0000000100000000)
 Metaspace       used 5077K, capacity 5258K, committed 5504K, reserved 1056768K
  class space    used 557K, capacity 597K, committed 640K, reserved 1048576K
}
{Heap before GC invocations=260 (full 31):
 par new generation   total 6144K, used 5246K [0x00000000fec00000, 0x00000000ff2a0000, 0x00000000ff2a0000)
  eden space 5504K,  95% used [0x00000000fec00000, 0x00000000ff11b780, 0x00000000ff160000)
  from space 640K,   2% used [0x00000000ff200000, 0x00000000ff204080, 0x00000000ff2a0000)
  to   space 640K,   0% used [0x00000000ff160000, 0x00000000ff160000, 0x00000000ff200000)
 concurrent mark-sweep generation total 13696K, used 9397K [0x00000000ff2a0000, 0x0000000100000000, 0x0000000100000000)
 Metaspace       used 5077K, capacity 5258K, committed 5504K, reserved 1056768K
  class space    used 557K, capacity 597K, committed 640K, reserved 1048576K
2024-07-16T17:58:54.977+0800: 2.121: [GC (Allocation Failure) 2024-07-16T17:58:54.977+0800: 2.121: [ParNew: 5246K->14K(6144K), 0.0003601 secs] 14643K->10435K(19840K), 0.0004005 secs] [Times: user=0.00 sys=0.00, real=0.00 secs] 
Heap after GC invocations=261 (full 31):
 par new generation   total 6144K, used 14K [0x00000000fec00000, 0x00000000ff2a0000, 0x00000000ff2a0000)
  eden space 5504K,   0% used [0x00000000fec00000, 0x00000000fec00000, 0x00000000ff160000)
  from space 640K,   2% used [0x00000000ff160000, 0x00000000ff163870, 0x00000000ff200000)
  to   space 640K,   0% used [0x00000000ff200000, 0x00000000ff200000, 0x00000000ff2a0000)
 concurrent mark-sweep generation total 13696K, used 10421K [0x00000000ff2a0000, 0x0000000100000000, 0x0000000100000000)
 Metaspace       used 5077K, capacity 5258K, committed 5504K, reserved 1056768K
  class space    used 557K, capacity 597K, committed 640K, reserved 1048576K
}
{Heap before GC invocations=261 (full 31):
 par new generation   total 6144K, used 5243K [0x00000000fec00000, 0x00000000ff2a0000, 0x00000000ff2a0000)
  eden space 5504K,  95% used [0x00000000fec00000, 0x00000000ff11b780, 0x00000000ff160000)
  from space 640K,   2% used [0x00000000ff160000, 0x00000000ff163870, 0x00000000ff200000)
  to   space 640K,   0% used [0x00000000ff200000, 0x00000000ff200000, 0x00000000ff2a0000)
 concurrent mark-sweep generation total 13696K, used 10421K [0x00000000ff2a0000, 0x0000000100000000, 0x0000000100000000)
 Metaspace       used 5077K, capacity 5258K, committed 5504K, reserved 1056768K
  class space    used 557K, capacity 597K, committed 640K, reserved 1048576K
2024-07-16T17:58:54.984+0800: 2.128: [GC (Allocation Failure) 2024-07-16T17:58:54.984+0800: 2.128: [ParNew: 5243K->4K(6144K), 0.0003216 secs] 15665K->10432K(19840K), 0.0003558 secs] [Times: user=0.00 sys=0.00, real=0.00 secs] 
Heap after GC invocations=262 (full 31):
 par new generation   total 6144K, used 4K [0x00000000fec00000, 0x00000000ff2a0000, 0x00000000ff2a0000)
  eden space 5504K,   0% used [0x00000000fec00000, 0x00000000fec00000, 0x00000000ff160000)
  from space 640K,   0% used [0x00000000ff200000, 0x00000000ff201020, 0x00000000ff2a0000)
  to   space 640K,   0% used [0x00000000ff160000, 0x00000000ff160000, 0x00000000ff200000)
 concurrent mark-sweep generation total 13696K, used 10428K [0x00000000ff2a0000, 0x0000000100000000, 0x0000000100000000)
 Metaspace       used 5077K, capacity 5258K, committed 5504K, reserved 1056768K
  class space    used 557K, capacity 597K, committed 640K, reserved 1048576K
}
{Heap before GC invocations=262 (full 31):
 par new generation   total 6144K, used 5233K [0x00000000fec00000, 0x00000000ff2a0000, 0x00000000ff2a0000)
  eden space 5504K,  95% used [0x00000000fec00000, 0x00000000ff11b780, 0x00000000ff160000)
  from space 640K,   0% used [0x00000000ff200000, 0x00000000ff201020, 0x00000000ff2a0000)
  to   space 640K,   0% used [0x00000000ff160000, 0x00000000ff160000, 0x00000000ff200000)
 concurrent mark-sweep generation total 13696K, used 10428K [0x00000000ff2a0000, 0x0000000100000000, 0x0000000100000000)
 Metaspace       used 5077K, capacity 5258K, committed 5504K, reserved 1056768K
  class space    used 557K, capacity 597K, committed 640K, reserved 1048576K
2024-07-16T17:58:54.991+0800: 2.135: [GC (Allocation Failure) 2024-07-16T17:58:54.991+0800: 2.135: [ParNew: 5233K->8K(6144K), 0.0008313 secs] 15662K->11460K(19840K), 0.0009018 secs] [Times: user=0.00 sys=0.00, real=0.00 secs] 
Heap after GC invocations=263 (full 31):
 par new generation   total 6144K, used 8K [0x00000000fec00000, 0x00000000ff2a0000, 0x00000000ff2a0000)
  eden space 5504K,   0% used [0x00000000fec00000, 0x00000000fec00000, 0x00000000ff160000)
  from space 640K,   1% used [0x00000000ff160000, 0x00000000ff162040, 0x00000000ff200000)
  to   space 640K,   0% used [0x00000000ff200000, 0x00000000ff200000, 0x00000000ff2a0000)
 concurrent mark-sweep generation total 13696K, used 11452K [0x00000000ff2a0000, 0x0000000100000000, 0x0000000100000000)
 Metaspace       used 5077K, capacity 5258K, committed 5504K, reserved 1056768K
  class space    used 557K, capacity 597K, committed 640K, reserved 1048576K
}
{Heap before GC invocations=263 (full 31):
 par new generation   total 6144K, used 5237K [0x00000000fec00000, 0x00000000ff2a0000, 0x00000000ff2a0000)
  eden space 5504K,  95% used [0x00000000fec00000, 0x00000000ff11b780, 0x00000000ff160000)
  from space 640K,   1% used [0x00000000ff160000, 0x00000000ff162040, 0x00000000ff200000)
  to   space 640K,   0% used [0x00000000ff200000, 0x00000000ff200000, 0x00000000ff2a0000)
 concurrent mark-sweep generation total 13696K, used 11452K [0x00000000ff2a0000, 0x0000000100000000, 0x0000000100000000)
 Metaspace       used 5077K, capacity 5258K, committed 5504K, reserved 1056768K
  class space    used 557K, capacity 597K, committed 640K, reserved 1048576K
2024-07-16T17:58:54.999+0800: 2.143: [GC (Allocation Failure) 2024-07-16T17:58:54.999+0800: 2.143: [ParNew: 5237K->4K(6144K), 0.0007723 secs] 16690K->12480K(19840K), 0.0008724 secs] [Times: user=0.00 sys=0.00, real=0.00 secs] 
Heap after GC invocations=264 (full 31):
 par new generation   total 6144K, used 4K [0x00000000fec00000, 0x00000000ff2a0000, 0x00000000ff2a0000)
  eden space 5504K,   0% used [0x00000000fec00000, 0x00000000fec00000, 0x00000000ff160000)
  from space 640K,   0% used [0x00000000ff200000, 0x00000000ff201020, 0x00000000ff2a0000)
  to   space 640K,   0% used [0x00000000ff160000, 0x00000000ff160000, 0x00000000ff200000)
 concurrent mark-sweep generation total 13696K, used 12476K [0x00000000ff2a0000, 0x0000000100000000, 0x0000000100000000)
 Metaspace       used 5077K, capacity 5258K, committed 5504K, reserved 1056768K
  class space    used 557K, capacity 597K, committed 640K, reserved 1048576K
}
{Heap before GC invocations=264 (full 31):
 par new generation   total 6144K, used 5233K [0x00000000fec00000, 0x00000000ff2a0000, 0x00000000ff2a0000)
  eden space 5504K,  95% used [0x00000000fec00000, 0x00000000ff11b780, 0x00000000ff160000)
  from space 640K,   0% used [0x00000000ff200000, 0x00000000ff201020, 0x00000000ff2a0000)
  to   space 640K,   0% used [0x00000000ff160000, 0x00000000ff160000, 0x00000000ff200000)
 concurrent mark-sweep generation total 13696K, used 12476K [0x00000000ff2a0000, 0x0000000100000000, 0x0000000100000000)
 Metaspace       used 5077K, capacity 5258K, committed 5504K, reserved 1056768K
  class space    used 557K, capacity 597K, committed 640K, reserved 1048576K
2024-07-16T17:58:55.008+0800: 2.152: [GC (Allocation Failure) 2024-07-16T17:58:55.008+0800: 2.152: [ParNew: 5233K->5233K(6144K), 0.0000206 secs]2024-07-16T17:58:55.008+0800: 2.152: [CMS2024-07-16T17:58:55.008+0800: 2.152: [CMS-concurrent-abortable-preclean: 0.001/0.047 secs] [Times: user=0.00 sys=0.00, real=0.05 secs] 
 (concurrent mode failure): 12476K->2210K(13696K), 0.0033675 secs] 17710K->2210K(19840K), [Metaspace: 5077K->5077K(1056768K)], 0.0034631 secs] [Times: user=0.00 sys=0.00, real=0.00 secs] 
Heap after GC invocations=265 (full 32):
 par new generation   total 6144K, used 0K [0x00000000fec00000, 0x00000000ff2a0000, 0x00000000ff2a0000)
  eden space 5504K,   0% used [0x00000000fec00000, 0x00000000fec00000, 0x00000000ff160000)
  from space 640K,   0% used [0x00000000ff200000, 0x00000000ff200000, 0x00000000ff2a0000)
  to   space 640K,   0% used [0x00000000ff160000, 0x00000000ff160000, 0x00000000ff200000)
 concurrent mark-sweep generation total 13696K, used 2210K [0x00000000ff2a0000, 0x0000000100000000, 0x0000000100000000)
 Metaspace       used 5077K, capacity 5258K, committed 5504K, reserved 1056768K
  class space    used 557K, capacity 597K, committed 640K, reserved 1048576K
}
{Heap before GC invocations=265 (full 32):
 par new generation   total 6144K, used 5229K [0x00000000fec00000, 0x00000000ff2a0000, 0x00000000ff2a0000)
  eden space 5504K,  95% used [0x00000000fec00000, 0x00000000ff11b780, 0x00000000ff160000)
  from space 640K,   0% used [0x00000000ff200000, 0x00000000ff200000, 0x00000000ff2a0000)
  to   space 640K,   0% used [0x00000000ff160000, 0x00000000ff160000, 0x00000000ff200000)
 concurrent mark-sweep generation total 13696K, used 2210K [0x00000000ff2a0000, 0x0000000100000000, 0x0000000100000000)
 Metaspace       used 5077K, capacity 5258K, committed 5504K, reserved 1056768K
  class space    used 557K, capacity 597K, committed 640K, reserved 1048576K
2024-07-16T17:58:55.019+0800: 2.163: [GC (Allocation Failure) 2024-07-16T17:58:55.019+0800: 2.163: [ParNew: 5229K->4K(6144K), 0.0007348 secs] 7440K->2214K(19840K), 0.0008395 secs] [Times: user=0.00 sys=0.00, real=0.00 secs] 
Heap after GC invocations=266 (full 32):
 par new generation   total 6144K, used 4K [0x00000000fec00000, 0x00000000ff2a0000, 0x00000000ff2a0000)
  eden space 5504K,   0% used [0x00000000fec00000, 0x00000000fec00000, 0x00000000ff160000)
  from space 640K,   0% used [0x00000000ff160000, 0x00000000ff161020, 0x00000000ff200000)
  to   space 640K,   0% used [0x00000000ff200000, 0x00000000ff200000, 0x00000000ff2a0000)
 concurrent mark-sweep generation total 13696K, used 2210K [0x00000000ff2a0000, 0x0000000100000000, 0x0000000100000000)
 Metaspace       used 5077K, capacity 5258K, committed 5504K, reserved 1056768K
  class space    used 557K, capacity 597K, committed 640K, reserved 1048576K
}
{Heap before GC invocations=266 (full 32):
 par new generation   total 6144K, used 5233K [0x00000000fec00000, 0x00000000ff2a0000, 0x00000000ff2a0000)
  eden space 5504K,  95% used [0x00000000fec00000, 0x00000000ff11b780, 0x00000000ff160000)
  from space 640K,   0% used [0x00000000ff160000, 0x00000000ff161020, 0x00000000ff200000)
  to   space 640K,   0% used [0x00000000ff200000, 0x00000000ff200000, 0x00000000ff2a0000)
 concurrent mark-sweep generation total 13696K, used 2210K [0x00000000ff2a0000, 0x0000000100000000, 0x0000000100000000)
 Metaspace       used 5077K, capacity 5258K, committed 5504K, reserved 1056768K
  class space    used 557K, capacity 597K, committed 640K, reserved 1048576K
2024-07-16T17:58:55.027+0800: 2.171: [GC (Allocation Failure) 2024-07-16T17:58:55.027+0800: 2.171: [ParNew: 5233K->8K(6144K), 0.0008676 secs] 7444K->4269K(19840K), 0.0009624 secs] [Times: user=0.00 sys=0.00, real=0.00 secs] 
Heap after GC invocations=267 (full 32):
 par new generation   total 6144K, used 8K [0x00000000fec00000, 0x00000000ff2a0000, 0x00000000ff2a0000)
  eden space 5504K,   0% used [0x00000000fec00000, 0x00000000fec00000, 0x00000000ff160000)
  from space 640K,   1% used [0x00000000ff200000, 0x00000000ff202040, 0x00000000ff2a0000)
  to   space 640K,   0% used [0x00000000ff160000, 0x00000000ff160000, 0x00000000ff200000)
 concurrent mark-sweep generation total 13696K, used 4260K [0x00000000ff2a0000, 0x0000000100000000, 0x0000000100000000)
 Metaspace       used 5077K, capacity 5258K, committed 5504K, reserved 1056768K
  class space    used 557K, capacity 597K, committed 640K, reserved 1048576K
}
{Heap before GC invocations=267 (full 32):
 par new generation   total 6144K, used 5237K [0x00000000fec00000, 0x00000000ff2a0000, 0x00000000ff2a0000)
  eden space 5504K,  95% used [0x00000000fec00000, 0x00000000ff11b780, 0x00000000ff160000)
  from space 640K,   1% used [0x00000000ff200000, 0x00000000ff202040, 0x00000000ff2a0000)
  to   space 640K,   0% used [0x00000000ff160000, 0x00000000ff160000, 0x00000000ff200000)
 concurrent mark-sweep generation total 13696K, used 4260K [0x00000000ff2a0000, 0x0000000100000000, 0x0000000100000000)
 Metaspace       used 5077K, capacity 5258K, committed 5504K, reserved 1056768K
  class space    used 557K, capacity 597K, committed 640K, reserved 1048576K
2024-07-16T17:58:55.036+0800: 2.180: [GC (Allocation Failure) 2024-07-16T17:58:55.036+0800: 2.180: [ParNew: 5237K->6K(6144K), 0.0004954 secs] 9498K->5293K(19840K), 0.0005923 secs] [Times: user=0.00 sys=0.00, real=0.00 secs] 
Heap after GC invocations=268 (full 32):
 par new generation   total 6144K, used 6K [0x00000000fec00000, 0x00000000ff2a0000, 0x00000000ff2a0000)
  eden space 5504K,   0% used [0x00000000fec00000, 0x00000000fec00000, 0x00000000ff160000)
  from space 640K,   0% used [0x00000000ff160000, 0x00000000ff161830, 0x00000000ff200000)
  to   space 640K,   0% used [0x00000000ff200000, 0x00000000ff200000, 0x00000000ff2a0000)
 concurrent mark-sweep generation total 13696K, used 5287K [0x00000000ff2a0000, 0x0000000100000000, 0x0000000100000000)
 Metaspace       used 5077K, capacity 5258K, committed 5504K, reserved 1056768K
  class space    used 557K, capacity 597K, committed 640K, reserved 1048576K
}
{Heap before GC invocations=268 (full 32):
 par new generation   total 6144K, used 5235K [0x00000000fec00000, 0x00000000ff2a0000, 0x00000000ff2a0000)
  eden space 5504K,  95% used [0x00000000fec00000, 0x00000000ff11b780, 0x00000000ff160000)
  from space 640K,   0% used [0x00000000ff160000, 0x00000000ff161830, 0x00000000ff200000)
  to   space 640K,   0% used [0x00000000ff200000, 0x00000000ff200000, 0x00000000ff2a0000)
 concurrent mark-sweep generation total 13696K, used 5287K [0x00000000ff2a0000, 0x0000000100000000, 0x0000000100000000)
 Metaspace       used 5077K, capacity 5258K, committed 5504K, reserved 1056768K
  class space    used 557K, capacity 597K, committed 640K, reserved 1048576K
2024-07-16T17:58:55.043+0800: 2.187: [GC (Allocation Failure) 2024-07-16T17:58:55.043+0800: 2.187: [ParNew: 5235K->6K(6144K), 0.0009319 secs] 10522K->6319K(19840K), 0.0009776 secs] [Times: user=0.00 sys=0.00, real=0.00 secs] 
Heap after GC invocations=269 (full 32):
 par new generation   total 6144K, used 6K [0x00000000fec00000, 0x00000000ff2a0000, 0x00000000ff2a0000)
  eden space 5504K,   0% used [0x00000000fec00000, 0x00000000fec00000, 0x00000000ff160000)
  from space 640K,   0% used [0x00000000ff200000, 0x00000000ff201830, 0x00000000ff2a0000)
  to   space 640K,   0% used [0x00000000ff160000, 0x00000000ff160000, 0x00000000ff200000)
 concurrent mark-sweep generation total 13696K, used 6313K [0x00000000ff2a0000, 0x0000000100000000, 0x0000000100000000)
 Metaspace       used 5077K, capacity 5258K, committed 5504K, reserved 1056768K
  class space    used 557K, capacity 597K, committed 640K, reserved 1048576K
}
{Heap before GC invocations=269 (full 32):
 par new generation   total 6144K, used 5235K [0x00000000fec00000, 0x00000000ff2a0000, 0x00000000ff2a0000)
  eden space 5504K,  95% used [0x00000000fec00000, 0x00000000ff11b780, 0x00000000ff160000)
  from space 640K,   0% used [0x00000000ff200000, 0x00000000ff201830, 0x00000000ff2a0000)
  to   space 640K,   0% used [0x00000000ff160000, 0x00000000ff160000, 0x00000000ff200000)
 concurrent mark-sweep generation total 13696K, used 6313K [0x00000000ff2a0000, 0x0000000100000000, 0x0000000100000000)
 Metaspace       used 5077K, capacity 5258K, committed 5504K, reserved 1056768K
  class space    used 557K, capacity 597K, committed 640K, reserved 1048576K
2024-07-16T17:58:55.051+0800: 2.195: [GC (Allocation Failure) 2024-07-16T17:58:55.051+0800: 2.195: [ParNew: 5235K->8K(6144K), 0.0008380 secs] 11548K->7347K(19840K), 0.0009308 secs] [Times: user=0.00 sys=0.00, real=0.00 secs] 
Heap after GC invocations=270 (full 32):
 par new generation   total 6144K, used 8K [0x00000000fec00000, 0x00000000ff2a0000, 0x00000000ff2a0000)
  eden space 5504K,   0% used [0x00000000fec00000, 0x00000000fec00000, 0x00000000ff160000)
  from space 640K,   1% used [0x00000000ff160000, 0x00000000ff162040, 0x00000000ff200000)
  to   space 640K,   0% used [0x00000000ff200000, 0x00000000ff200000, 0x00000000ff2a0000)
 concurrent mark-sweep generation total 13696K, used 7339K [0x00000000ff2a0000, 0x0000000100000000, 0x0000000100000000)
 Metaspace       used 5077K, capacity 5258K, committed 5504K, reserved 1056768K
  class space    used 557K, capacity 597K, committed 640K, reserved 1048576K
}
{Heap before GC invocations=270 (full 32):
 par new generation   total 6144K, used 5237K [0x00000000fec00000, 0x00000000ff2a0000, 0x00000000ff2a0000)
  eden space 5504K,  95% used [0x00000000fec00000, 0x00000000ff11b780, 0x00000000ff160000)
  from space 640K,   1% used [0x00000000ff160000, 0x00000000ff162040, 0x00000000ff200000)
  to   space 640K,   0% used [0x00000000ff200000, 0x00000000ff200000, 0x00000000ff2a0000)
 concurrent mark-sweep generation total 13696K, used 7339K [0x00000000ff2a0000, 0x0000000100000000, 0x0000000100000000)
 Metaspace       used 5077K, capacity 5258K, committed 5504K, reserved 1056768K
  class space    used 557K, capacity 597K, committed 640K, reserved 1048576K
2024-07-16T17:58:55.058+0800: 2.202: [GC (Allocation Failure) 2024-07-16T17:58:55.058+0800: 2.202: [ParNew: 5237K->6K(6144K), 0.0009811 secs] 12577K->8369K(19840K), 0.0010658 secs] [Times: user=0.00 sys=0.00, real=0.00 secs] 
Heap after GC invocations=271 (full 32):
 par new generation   total 6144K, used 6K [0x00000000fec00000, 0x00000000ff2a0000, 0x00000000ff2a0000)
  eden space 5504K,   0% used [0x00000000fec00000, 0x00000000fec00000, 0x00000000ff160000)
  from space 640K,   0% used [0x00000000ff200000, 0x00000000ff201830, 0x00000000ff2a0000)
  to   space 640K,   0% used [0x00000000ff160000, 0x00000000ff160000, 0x00000000ff200000)
 concurrent mark-sweep generation total 13696K, used 8363K [0x00000000ff2a0000, 0x0000000100000000, 0x0000000100000000)
 Metaspace       used 5077K, capacity 5258K, committed 5504K, reserved 1056768K
  class space    used 557K, capacity 597K, committed 640K, reserved 1048576K
}
2024-07-16T17:58:55.059+0800: 2.203: [GC (CMS Initial Mark) [1 CMS-initial-mark: 8363K(13696K)] 9395K(19840K), 0.0001582 secs] [Times: user=0.00 sys=0.00, real=0.00 secs] 
2024-07-16T17:58:55.059+0800: 2.204: [CMS-concurrent-mark-start]
2024-07-16T17:58:55.061+0800: 2.206: [CMS-concurrent-mark: 0.002/0.002 secs] [Times: user=0.00 sys=0.00, real=0.00 secs] 
2024-07-16T17:58:55.061+0800: 2.206: [CMS-concurrent-preclean-start]
2024-07-16T17:58:55.061+0800: 2.206: [CMS-concurrent-preclean: 0.000/0.000 secs] [Times: user=0.00 sys=0.00, real=0.00 secs] 
2024-07-16T17:58:55.061+0800: 2.206: [CMS-concurrent-abortable-preclean-start]
{Heap before GC invocations=271 (full 33):
 par new generation   total 6144K, used 5235K [0x00000000fec00000, 0x00000000ff2a0000, 0x00000000ff2a0000)
  eden space 5504K,  95% used [0x00000000fec00000, 0x00000000ff11b780, 0x00000000ff160000)
  from space 640K,   0% used [0x00000000ff200000, 0x00000000ff201830, 0x00000000ff2a0000)
  to   space 640K,   0% used [0x00000000ff160000, 0x00000000ff160000, 0x00000000ff200000)
 concurrent mark-sweep generation total 13696K, used 8363K [0x00000000ff2a0000, 0x0000000100000000, 0x0000000100000000)
 Metaspace       used 5077K, capacity 5258K, committed 5504K, reserved 1056768K
  class space    used 557K, capacity 597K, committed 640K, reserved 1048576K
2024-07-16T17:58:55.066+0800: 2.210: [GC (Allocation Failure) 2024-07-16T17:58:55.066+0800: 2.210: [ParNew: 5235K->6K(6144K), 0.0006233 secs] 13599K->9395K(19840K), 0.0006938 secs] [Times: user=0.00 sys=0.00, real=0.00 secs] 
Heap after GC invocations=272 (full 33):
 par new generation   total 6144K, used 6K [0x00000000fec00000, 0x00000000ff2a0000, 0x00000000ff2a0000)
  eden space 5504K,   0% used [0x00000000fec00000, 0x00000000fec00000, 0x00000000ff160000)
  from space 640K,   0% used [0x00000000ff160000, 0x00000000ff161830, 0x00000000ff200000)
  to   space 640K,   0% used [0x00000000ff200000, 0x00000000ff200000, 0x00000000ff2a0000)
 concurrent mark-sweep generation total 13696K, used 9389K [0x00000000ff2a0000, 0x0000000100000000, 0x0000000100000000)
 Metaspace       used 5077K, capacity 5258K, committed 5504K, reserved 1056768K
  class space    used 557K, capacity 597K, committed 640K, reserved 1048576K
}
{Heap before GC invocations=272 (full 33):
 par new generation   total 6144K, used 5235K [0x00000000fec00000, 0x00000000ff2a0000, 0x00000000ff2a0000)
  eden space 5504K,  95% used [0x00000000fec00000, 0x00000000ff11b780, 0x00000000ff160000)
  from space 640K,   0% used [0x00000000ff160000, 0x00000000ff161830, 0x00000000ff200000)
  to   space 640K,   0% used [0x00000000ff200000, 0x00000000ff200000, 0x00000000ff2a0000)
 concurrent mark-sweep generation total 13696K, used 9389K [0x00000000ff2a0000, 0x0000000100000000, 0x0000000100000000)
 Metaspace       used 5077K, capacity 5258K, committed 5504K, reserved 1056768K
  class space    used 557K, capacity 597K, committed 640K, reserved 1048576K
2024-07-16T17:58:55.074+0800: 2.218: [GC (Allocation Failure) 2024-07-16T17:58:55.074+0800: 2.218: [ParNew: 5235K->4K(6144K), 0.0005551 secs] 14625K->9393K(19840K), 0.0006263 secs] [Times: user=0.00 sys=0.00, real=0.00 secs] 
Heap after GC invocations=273 (full 33):
 par new generation   total 6144K, used 4K [0x00000000fec00000, 0x00000000ff2a0000, 0x00000000ff2a0000)
  eden space 5504K,   0% used [0x00000000fec00000, 0x00000000fec00000, 0x00000000ff160000)
  from space 640K,   0% used [0x00000000ff200000, 0x00000000ff201020, 0x00000000ff2a0000)
  to   space 640K,   0% used [0x00000000ff160000, 0x00000000ff160000, 0x00000000ff200000)
 concurrent mark-sweep generation total 13696K, used 9389K [0x00000000ff2a0000, 0x0000000100000000, 0x0000000100000000)
 Metaspace       used 5077K, capacity 5258K, committed 5504K, reserved 1056768K
  class space    used 557K, capacity 597K, committed 640K, reserved 1048576K
}
{Heap before GC invocations=273 (full 33):
 par new generation   total 6144K, used 5233K [0x00000000fec00000, 0x00000000ff2a0000, 0x00000000ff2a0000)
  eden space 5504K,  95% used [0x00000000fec00000, 0x00000000ff11b780, 0x00000000ff160000)
  from space 640K,   0% used [0x00000000ff200000, 0x00000000ff201020, 0x00000000ff2a0000)
  to   space 640K,   0% used [0x00000000ff160000, 0x00000000ff160000, 0x00000000ff200000)
 concurrent mark-sweep generation total 13696K, used 9389K [0x00000000ff2a0000, 0x0000000100000000, 0x0000000100000000)
 Metaspace       used 5077K, capacity 5258K, committed 5504K, reserved 1056768K
  class space    used 557K, capacity 597K, committed 640K, reserved 1048576K
2024-07-16T17:58:55.082+0800: 2.226: [GC (Allocation Failure) 2024-07-16T17:58:55.082+0800: 2.226: [ParNew: 5233K->6K(6144K), 0.0005495 secs] 14623K->10421K(19840K), 0.0006452 secs] [Times: user=0.00 sys=0.00, real=0.00 secs] 
Heap after GC invocations=274 (full 33):
 par new generation   total 6144K, used 6K [0x00000000fec00000, 0x00000000ff2a0000, 0x00000000ff2a0000)
  eden space 5504K,   0% used [0x00000000fec00000, 0x00000000fec00000, 0x00000000ff160000)
  from space 640K,   0% used [0x00000000ff160000, 0x00000000ff161830, 0x00000000ff200000)
  to   space 640K,   0% used [0x00000000ff200000, 0x00000000ff200000, 0x00000000ff2a0000)
 concurrent mark-sweep generation total 13696K, used 10415K [0x00000000ff2a0000, 0x0000000100000000, 0x0000000100000000)
 Metaspace       used 5077K, capacity 5258K, committed 5504K, reserved 1056768K
  class space    used 557K, capacity 597K, committed 640K, reserved 1048576K
}
{Heap before GC invocations=274 (full 33):
 par new generation   total 6144K, used 5235K [0x00000000fec00000, 0x00000000ff2a0000, 0x00000000ff2a0000)
  eden space 5504K,  95% used [0x00000000fec00000, 0x00000000ff11b780, 0x00000000ff160000)
  from space 640K,   0% used [0x00000000ff160000, 0x00000000ff161830, 0x00000000ff200000)
  to   space 640K,   0% used [0x00000000ff200000, 0x00000000ff200000, 0x00000000ff2a0000)
 concurrent mark-sweep generation total 13696K, used 10415K [0x00000000ff2a0000, 0x0000000100000000, 0x0000000100000000)
 Metaspace       used 5077K, capacity 5258K, committed 5504K, reserved 1056768K
  class space    used 557K, capacity 597K, committed 640K, reserved 1048576K
2024-07-16T17:58:55.091+0800: 2.235: [GC (Allocation Failure) 2024-07-16T17:58:55.091+0800: 2.235: [ParNew: 5235K->8K(6144K), 0.0011439 secs] 15651K->11449K(19840K), 0.0012576 secs] [Times: user=0.00 sys=0.00, real=0.00 secs] 
Heap after GC invocations=275 (full 33):
 par new generation   total 6144K, used 8K [0x00000000fec00000, 0x00000000ff2a0000, 0x00000000ff2a0000)
  eden space 5504K,   0% used [0x00000000fec00000, 0x00000000fec00000, 0x00000000ff160000)
  from space 640K,   1% used [0x00000000ff200000, 0x00000000ff202040, 0x00000000ff2a0000)
  to   space 640K,   0% used [0x00000000ff160000, 0x00000000ff160000, 0x00000000ff200000)
 concurrent mark-sweep generation total 13696K, used 11441K [0x00000000ff2a0000, 0x0000000100000000, 0x0000000100000000)
 Metaspace       used 5077K, capacity 5258K, committed 5504K, reserved 1056768K
  class space    used 557K, capacity 597K, committed 640K, reserved 1048576K
}
{Heap before GC invocations=275 (full 33):
 par new generation   total 6144K, used 5237K [0x00000000fec00000, 0x00000000ff2a0000, 0x00000000ff2a0000)
  eden space 5504K,  95% used [0x00000000fec00000, 0x00000000ff11b780, 0x00000000ff160000)
  from space 640K,   1% used [0x00000000ff200000, 0x00000000ff202040, 0x00000000ff2a0000)
  to   space 640K,   0% used [0x00000000ff160000, 0x00000000ff160000, 0x00000000ff200000)
 concurrent mark-sweep generation total 13696K, used 11441K [0x00000000ff2a0000, 0x0000000100000000, 0x0000000100000000)
 Metaspace       used 5077K, capacity 5258K, committed 5504K, reserved 1056768K
  class space    used 557K, capacity 597K, committed 640K, reserved 1048576K
2024-07-16T17:58:55.099+0800: 2.243: [GC (Allocation Failure) 2024-07-16T17:58:55.099+0800: 2.243: [ParNew: 5237K->4K(6144K), 0.0010339 secs] 16679K->11445K(19840K), 0.0011901 secs] [Times: user=0.00 sys=0.00, real=0.00 secs] 
Heap after GC invocations=276 (full 33):
 par new generation   total 6144K, used 4K [0x00000000fec00000, 0x00000000ff2a0000, 0x00000000ff2a0000)
  eden space 5504K,   0% used [0x00000000fec00000, 0x00000000fec00000, 0x00000000ff160000)
  from space 640K,   0% used [0x00000000ff160000, 0x00000000ff161020, 0x00000000ff200000)
  to   space 640K,   0% used [0x00000000ff200000, 0x00000000ff200000, 0x00000000ff2a0000)
 concurrent mark-sweep generation total 13696K, used 11441K [0x00000000ff2a0000, 0x0000000100000000, 0x0000000100000000)
 Metaspace       used 5077K, capacity 5258K, committed 5504K, reserved 1056768K
  class space    used 557K, capacity 597K, committed 640K, reserved 1048576K
}
{Heap before GC invocations=276 (full 33):
 par new generation   total 6144K, used 5233K [0x00000000fec00000, 0x00000000ff2a0000, 0x00000000ff2a0000)
  eden space 5504K,  95% used [0x00000000fec00000, 0x00000000ff11b780, 0x00000000ff160000)
  from space 640K,   0% used [0x00000000ff160000, 0x00000000ff161020, 0x00000000ff200000)
  to   space 640K,   0% used [0x00000000ff200000, 0x00000000ff200000, 0x00000000ff2a0000)
 concurrent mark-sweep generation total 13696K, used 11441K [0x00000000ff2a0000, 0x0000000100000000, 0x0000000100000000)
 Metaspace       used 5077K, capacity 5258K, committed 5504K, reserved 1056768K
  class space    used 557K, capacity 597K, committed 640K, reserved 1048576K
2024-07-16T17:58:55.107+0800: 2.251: [GC (Allocation Failure) 2024-07-16T17:58:55.107+0800: 2.251: [ParNew: 5233K->4K(6144K), 0.0010398 secs] 16675K->12469K(19840K), 0.0011534 secs] [Times: user=0.00 sys=0.00, real=0.00 secs] 
Heap after GC invocations=277 (full 33):
 par new generation   total 6144K, used 4K [0x00000000fec00000, 0x00000000ff2a0000, 0x00000000ff2a0000)
  eden space 5504K,   0% used [0x00000000fec00000, 0x00000000fec00000, 0x00000000ff160000)
  from space 640K,   0% used [0x00000000ff200000, 0x00000000ff201020, 0x00000000ff2a0000)
  to   space 640K,   0% used [0x00000000ff160000, 0x00000000ff160000, 0x00000000ff200000)
 concurrent mark-sweep generation total 13696K, used 12465K [0x00000000ff2a0000, 0x0000000100000000, 0x0000000100000000)
 Metaspace       used 5077K, capacity 5258K, committed 5504K, reserved 1056768K
  class space    used 557K, capacity 597K, committed 640K, reserved 1048576K
}
{Heap before GC invocations=277 (full 33):
 par new generation   total 6144K, used 5233K [0x00000000fec00000, 0x00000000ff2a0000, 0x00000000ff2a0000)
  eden space 5504K,  95% used [0x00000000fec00000, 0x00000000ff11b780, 0x00000000ff160000)
  from space 640K,   0% used [0x00000000ff200000, 0x00000000ff201020, 0x00000000ff2a0000)
  to   space 640K,   0% used [0x00000000ff160000, 0x00000000ff160000, 0x00000000ff200000)
 concurrent mark-sweep generation total 13696K, used 12465K [0x00000000ff2a0000, 0x0000000100000000, 0x0000000100000000)
 Metaspace       used 5077K, capacity 5258K, committed 5504K, reserved 1056768K
  class space    used 557K, capacity 597K, committed 640K, reserved 1048576K
2024-07-16T17:58:55.115+0800: 2.259: [GC (Allocation Failure) 2024-07-16T17:58:55.115+0800: 2.260: [ParNew: 5233K->5233K(6144K), 0.0000436 secs]2024-07-16T17:58:55.115+0800: 2.260: [CMS2024-07-16T17:58:55.115+0800: 2.260: [CMS-concurrent-abortable-preclean: 0.001/0.054 secs] [Times: user=0.00 sys=0.00, real=0.05 secs] 
 (concurrent mode failure): 12465K->1186K(13696K), 0.0088579 secs] 17699K->1186K(19840K), [Metaspace: 5077K->5077K(1056768K)], 0.0090880 secs] [Times: user=0.00 sys=0.00, real=0.01 secs] 
Heap after GC invocations=278 (full 34):
 par new generation   total 6144K, used 0K [0x00000000fec00000, 0x00000000ff2a0000, 0x00000000ff2a0000)
  eden space 5504K,   0% used [0x00000000fec00000, 0x00000000fec00000, 0x00000000ff160000)
  from space 640K,   0% used [0x00000000ff200000, 0x00000000ff200000, 0x00000000ff2a0000)
  to   space 640K,   0% used [0x00000000ff160000, 0x00000000ff160000, 0x00000000ff200000)
 concurrent mark-sweep generation total 13696K, used 1186K [0x00000000ff2a0000, 0x0000000100000000, 0x0000000100000000)
 Metaspace       used 5077K, capacity 5258K, committed 5504K, reserved 1056768K
  class space    used 557K, capacity 597K, committed 640K, reserved 1048576K
}
{Heap before GC invocations=278 (full 34):
 par new generation   total 6144K, used 5229K [0x00000000fec00000, 0x00000000ff2a0000, 0x00000000ff2a0000)
  eden space 5504K,  95% used [0x00000000fec00000, 0x00000000ff11b780, 0x00000000ff160000)
  from space 640K,   0% used [0x00000000ff200000, 0x00000000ff200000, 0x00000000ff2a0000)
  to   space 640K,   0% used [0x00000000ff160000, 0x00000000ff160000, 0x00000000ff200000)
 concurrent mark-sweep generation total 13696K, used 1186K [0x00000000ff2a0000, 0x0000000100000000, 0x0000000100000000)
 Metaspace       used 5077K, capacity 5258K, committed 5504K, reserved 1056768K
  class space    used 557K, capacity 597K, committed 640K, reserved 1048576K
2024-07-16T17:58:55.133+0800: 2.277: [GC (Allocation Failure) 2024-07-16T17:58:55.133+0800: 2.277: [ParNew: 5229K->4K(6144K), 0.0011455 secs] 6416K->1190K(19840K), 0.0012668 secs] [Times: user=0.00 sys=0.00, real=0.00 secs] 
Heap after GC invocations=279 (full 34):
 par new generation   total 6144K, used 4K [0x00000000fec00000, 0x00000000ff2a0000, 0x00000000ff2a0000)
  eden space 5504K,   0% used [0x00000000fec00000, 0x00000000fec00000, 0x00000000ff160000)
  from space 640K,   0% used [0x00000000ff160000, 0x00000000ff161020, 0x00000000ff200000)
  to   space 640K,   0% used [0x00000000ff200000, 0x00000000ff200000, 0x00000000ff2a0000)
 concurrent mark-sweep generation total 13696K, used 1186K [0x00000000ff2a0000, 0x0000000100000000, 0x0000000100000000)
 Metaspace       used 5077K, capacity 5258K, committed 5504K, reserved 1056768K
  class space    used 557K, capacity 597K, committed 640K, reserved 1048576K
}
{Heap before GC invocations=279 (full 34):
 par new generation   total 6144K, used 5233K [0x00000000fec00000, 0x00000000ff2a0000, 0x00000000ff2a0000)
  eden space 5504K,  95% used [0x00000000fec00000, 0x00000000ff11b780, 0x00000000ff160000)
  from space 640K,   0% used [0x00000000ff160000, 0x00000000ff161020, 0x00000000ff200000)
  to   space 640K,   0% used [0x00000000ff200000, 0x00000000ff200000, 0x00000000ff2a0000)
 concurrent mark-sweep generation total 13696K, used 1186K [0x00000000ff2a0000, 0x0000000100000000, 0x0000000100000000)
 Metaspace       used 5077K, capacity 5258K, committed 5504K, reserved 1056768K
  class space    used 557K, capacity 597K, committed 640K, reserved 1048576K
2024-07-16T17:58:55.142+0800: 2.286: [GC (Allocation Failure) 2024-07-16T17:58:55.142+0800: 2.286: [ParNew: 5233K->4K(6144K), 0.0003044 secs] 6420K->1190K(19840K), 0.0003500 secs] [Times: user=0.00 sys=0.00, real=0.00 secs] 
Heap after GC invocations=280 (full 34):
 par new generation   total 6144K, used 4K [0x00000000fec00000, 0x00000000ff2a0000, 0x00000000ff2a0000)
  eden space 5504K,   0% used [0x00000000fec00000, 0x00000000fec00000, 0x00000000ff160000)
  from space 640K,   0% used [0x00000000ff200000, 0x00000000ff201020, 0x00000000ff2a0000)
  to   space 640K,   0% used [0x00000000ff160000, 0x00000000ff160000, 0x00000000ff200000)
 concurrent mark-sweep generation total 13696K, used 1186K [0x00000000ff2a0000, 0x0000000100000000, 0x0000000100000000)
 Metaspace       used 5077K, capacity 5258K, committed 5504K, reserved 1056768K
  class space    used 557K, capacity 597K, committed 640K, reserved 1048576K
}
{Heap before GC invocations=280 (full 34):
 par new generation   total 6144K, used 5233K [0x00000000fec00000, 0x00000000ff2a0000, 0x00000000ff2a0000)
  eden space 5504K,  95% used [0x00000000fec00000, 0x00000000ff11b780, 0x00000000ff160000)
  from space 640K,   0% used [0x00000000ff200000, 0x00000000ff201020, 0x00000000ff2a0000)
  to   space 640K,   0% used [0x00000000ff160000, 0x00000000ff160000, 0x00000000ff200000)
 concurrent mark-sweep generation total 13696K, used 1186K [0x00000000ff2a0000, 0x0000000100000000, 0x0000000100000000)
 Metaspace       used 5077K, capacity 5258K, committed 5504K, reserved 1056768K
  class space    used 557K, capacity 597K, committed 640K, reserved 1048576K
2024-07-16T17:58:55.149+0800: 2.293: [GC (Allocation Failure) 2024-07-16T17:58:55.149+0800: 2.293: [ParNew: 5233K->6K(6144K), 0.0003677 secs] 6420K->2218K(19840K), 0.0004074 secs] [Times: user=0.00 sys=0.00, real=0.00 secs] 
Heap after GC invocations=281 (full 34):
 par new generation   total 6144K, used 6K [0x00000000fec00000, 0x00000000ff2a0000, 0x00000000ff2a0000)
  eden space 5504K,   0% used [0x00000000fec00000, 0x00000000fec00000, 0x00000000ff160000)
  from space 640K,   0% used [0x00000000ff160000, 0x00000000ff161830, 0x00000000ff200000)
  to   space 640K,   0% used [0x00000000ff200000, 0x00000000ff200000, 0x00000000ff2a0000)
 concurrent mark-sweep generation total 13696K, used 2212K [0x00000000ff2a0000, 0x0000000100000000, 0x0000000100000000)
 Metaspace       used 5077K, capacity 5258K, committed 5504K, reserved 1056768K
  class space    used 557K, capacity 597K, committed 640K, reserved 1048576K
}
{Heap before GC invocations=281 (full 34):
 par new generation   total 6144K, used 5235K [0x00000000fec00000, 0x00000000ff2a0000, 0x00000000ff2a0000)
  eden space 5504K,  95% used [0x00000000fec00000, 0x00000000ff11b780, 0x00000000ff160000)
  from space 640K,   0% used [0x00000000ff160000, 0x00000000ff161830, 0x00000000ff200000)
  to   space 640K,   0% used [0x00000000ff200000, 0x00000000ff200000, 0x00000000ff2a0000)
 concurrent mark-sweep generation total 13696K, used 2212K [0x00000000ff2a0000, 0x0000000100000000, 0x0000000100000000)
 Metaspace       used 5077K, capacity 5258K, committed 5504K, reserved 1056768K
  class space    used 557K, capacity 597K, committed 640K, reserved 1048576K
2024-07-16T17:58:55.158+0800: 2.302: [GC (Allocation Failure) 2024-07-16T17:58:55.158+0800: 2.302: [ParNew: 5235K->4K(6144K), 0.0002819 secs] 7448K->2216K(19840K), 0.0003185 secs] [Times: user=0.00 sys=0.00, real=0.00 secs] 
Heap after GC invocations=282 (full 34):
 par new generation   total 6144K, used 4K [0x00000000fec00000, 0x00000000ff2a0000, 0x00000000ff2a0000)
  eden space 5504K,   0% used [0x00000000fec00000, 0x00000000fec00000, 0x00000000ff160000)
  from space 640K,   0% used [0x00000000ff200000, 0x00000000ff201020, 0x00000000ff2a0000)
  to   space 640K,   0% used [0x00000000ff160000, 0x00000000ff160000, 0x00000000ff200000)
 concurrent mark-sweep generation total 13696K, used 2212K [0x00000000ff2a0000, 0x0000000100000000, 0x0000000100000000)
 Metaspace       used 5077K, capacity 5258K, committed 5504K, reserved 1056768K
  class space    used 557K, capacity 597K, committed 640K, reserved 1048576K
}
{Heap before GC invocations=282 (full 34):
 par new generation   total 6144K, used 5233K [0x00000000fec00000, 0x00000000ff2a0000, 0x00000000ff2a0000)
  eden space 5504K,  95% used [0x00000000fec00000, 0x00000000ff11b780, 0x00000000ff160000)
  from space 640K,   0% used [0x00000000ff200000, 0x00000000ff201020, 0x00000000ff2a0000)
  to   space 640K,   0% used [0x00000000ff160000, 0x00000000ff160000, 0x00000000ff200000)
 concurrent mark-sweep generation total 13696K, used 2212K [0x00000000ff2a0000, 0x0000000100000000, 0x0000000100000000)
 Metaspace       used 5077K, capacity 5258K, committed 5504K, reserved 1056768K
  class space    used 557K, capacity 597K, committed 640K, reserved 1048576K
2024-07-16T17:58:55.164+0800: 2.308: [GC (Allocation Failure) 2024-07-16T17:58:55.164+0800: 2.308: [ParNew: 5233K->8K(6144K), 0.0003375 secs] 7446K->3246K(19840K), 0.0003936 secs] [Times: user=0.00 sys=0.00, real=0.00 secs] 
Heap after GC invocations=283 (full 34):
 par new generation   total 6144K, used 8K [0x00000000fec00000, 0x00000000ff2a0000, 0x00000000ff2a0000)
  eden space 5504K,   0% used [0x00000000fec00000, 0x00000000fec00000, 0x00000000ff160000)
  from space 640K,   1% used [0x00000000ff160000, 0x00000000ff162040, 0x00000000ff200000)
  to   space 640K,   0% used [0x00000000ff200000, 0x00000000ff200000, 0x00000000ff2a0000)
 concurrent mark-sweep generation total 13696K, used 3238K [0x00000000ff2a0000, 0x0000000100000000, 0x0000000100000000)
 Metaspace       used 5077K, capacity 5258K, committed 5504K, reserved 1056768K
  class space    used 557K, capacity 597K, committed 640K, reserved 1048576K
}
{Heap before GC invocations=283 (full 34):
 par new generation   total 6144K, used 5237K [0x00000000fec00000, 0x00000000ff2a0000, 0x00000000ff2a0000)
  eden space 5504K,  95% used [0x00000000fec00000, 0x00000000ff11b780, 0x00000000ff160000)
  from space 640K,   1% used [0x00000000ff160000, 0x00000000ff162040, 0x00000000ff200000)
  to   space 640K,   0% used [0x00000000ff200000, 0x00000000ff200000, 0x00000000ff2a0000)
 concurrent mark-sweep generation total 13696K, used 3238K [0x00000000ff2a0000, 0x0000000100000000, 0x0000000100000000)
 Metaspace       used 5077K, capacity 5258K, committed 5504K, reserved 1056768K
  class space    used 557K, capacity 597K, committed 640K, reserved 1048576K
2024-07-16T17:58:55.170+0800: 2.314: [GC (Allocation Failure) 2024-07-16T17:58:55.170+0800: 2.314: [ParNew: 5237K->4K(6144K), 0.0003247 secs] 8476K->3242K(19840K), 0.0003597 secs] [Times: user=0.00 sys=0.00, real=0.00 secs] 
Heap after GC invocations=284 (full 34):
 par new generation   total 6144K, used 4K [0x00000000fec00000, 0x00000000ff2a0000, 0x00000000ff2a0000)
  eden space 5504K,   0% used [0x00000000fec00000, 0x00000000fec00000, 0x00000000ff160000)
  from space 640K,   0% used [0x00000000ff200000, 0x00000000ff201020, 0x00000000ff2a0000)
  to   space 640K,   0% used [0x00000000ff160000, 0x00000000ff160000, 0x00000000ff200000)
 concurrent mark-sweep generation total 13696K, used 3238K [0x00000000ff2a0000, 0x0000000100000000, 0x0000000100000000)
 Metaspace       used 5077K, capacity 5258K, committed 5504K, reserved 1056768K
  class space    used 557K, capacity 597K, committed 640K, reserved 1048576K
}
{Heap before GC invocations=284 (full 34):
 par new generation   total 6144K, used 5233K [0x00000000fec00000, 0x00000000ff2a0000, 0x00000000ff2a0000)
  eden space 5504K,  95% used [0x00000000fec00000, 0x00000000ff11b780, 0x00000000ff160000)
  from space 640K,   0% used [0x00000000ff200000, 0x00000000ff201020, 0x00000000ff2a0000)
  to   space 640K,   0% used [0x00000000ff160000, 0x00000000ff160000, 0x00000000ff200000)
 concurrent mark-sweep generation total 13696K, used 3238K [0x00000000ff2a0000, 0x0000000100000000, 0x0000000100000000)
 Metaspace       used 5077K, capacity 5258K, committed 5504K, reserved 1056768K
  class space    used 557K, capacity 597K, committed 640K, reserved 1048576K
2024-07-16T17:58:55.179+0800: 2.323: [GC (Allocation Failure) 2024-07-16T17:58:55.179+0800: 2.323: [ParNew: 5233K->4K(6144K), 0.0002889 secs] 8472K->3242K(19840K), 0.0003321 secs] [Times: user=0.00 sys=0.00, real=0.00 secs] 
Heap after GC invocations=285 (full 34):
 par new generation   total 6144K, used 4K [0x00000000fec00000, 0x00000000ff2a0000, 0x00000000ff2a0000)
  eden space 5504K,   0% used [0x00000000fec00000, 0x00000000fec00000, 0x00000000ff160000)
  from space 640K,   0% used [0x00000000ff160000, 0x00000000ff161020, 0x00000000ff200000)
  to   space 640K,   0% used [0x00000000ff200000, 0x00000000ff200000, 0x00000000ff2a0000)
 concurrent mark-sweep generation total 13696K, used 3238K [0x00000000ff2a0000, 0x0000000100000000, 0x0000000100000000)
 Metaspace       used 5077K, capacity 5258K, committed 5504K, reserved 1056768K
  class space    used 557K, capacity 597K, committed 640K, reserved 1048576K
}
{Heap before GC invocations=285 (full 34):
 par new generation   total 6144K, used 5233K [0x00000000fec00000, 0x00000000ff2a0000, 0x00000000ff2a0000)
  eden space 5504K,  95% used [0x00000000fec00000, 0x00000000ff11b780, 0x00000000ff160000)
  from space 640K,   0% used [0x00000000ff160000, 0x00000000ff161020, 0x00000000ff200000)
  to   space 640K,   0% used [0x00000000ff200000, 0x00000000ff200000, 0x00000000ff2a0000)
 concurrent mark-sweep generation total 13696K, used 3238K [0x00000000ff2a0000, 0x0000000100000000, 0x0000000100000000)
 Metaspace       used 5077K, capacity 5258K, committed 5504K, reserved 1056768K
  class space    used 557K, capacity 597K, committed 640K, reserved 1048576K
2024-07-16T17:58:55.184+0800: 2.328: [GC (Allocation Failure) 2024-07-16T17:58:55.184+0800: 2.328: [ParNew: 5233K->8K(6144K), 0.0007357 secs] 8472K->4272K(19840K), 0.0008229 secs] [Times: user=0.00 sys=0.00, real=0.00 secs] 
Heap after GC invocations=286 (full 34):
 par new generation   total 6144K, used 8K [0x00000000fec00000, 0x00000000ff2a0000, 0x00000000ff2a0000)
  eden space 5504K,   0% used [0x00000000fec00000, 0x00000000fec00000, 0x00000000ff160000)
  from space 640K,   1% used [0x00000000ff200000, 0x00000000ff202040, 0x00000000ff2a0000)
  to   space 640K,   0% used [0x00000000ff160000, 0x00000000ff160000, 0x00000000ff200000)
 concurrent mark-sweep generation total 13696K, used 4264K [0x00000000ff2a0000, 0x0000000100000000, 0x0000000100000000)
 Metaspace       used 5077K, capacity 5258K, committed 5504K, reserved 1056768K
  class space    used 557K, capacity 597K, committed 640K, reserved 1048576K
}
{Heap before GC invocations=286 (full 34):
 par new generation   total 6144K, used 5237K [0x00000000fec00000, 0x00000000ff2a0000, 0x00000000ff2a0000)
  eden space 5504K,  95% used [0x00000000fec00000, 0x00000000ff11b780, 0x00000000ff160000)
  from space 640K,   1% used [0x00000000ff200000, 0x00000000ff202040, 0x00000000ff2a0000)
  to   space 640K,   0% used [0x00000000ff160000, 0x00000000ff160000, 0x00000000ff200000)
 concurrent mark-sweep generation total 13696K, used 4264K [0x00000000ff2a0000, 0x0000000100000000, 0x0000000100000000)
 Metaspace       used 5077K, capacity 5258K, committed 5504K, reserved 1056768K
  class space    used 557K, capacity 597K, committed 640K, reserved 1048576K
2024-07-16T17:58:55.192+0800: 2.336: [GC (Allocation Failure) 2024-07-16T17:58:55.192+0800: 2.336: [ParNew: 5237K->4K(6144K), 0.0002977 secs] 9502K->4268K(19840K), 0.0003393 secs] [Times: user=0.00 sys=0.00, real=0.00 secs] 
Heap after GC invocations=287 (full 34):
 par new generation   total 6144K, used 4K [0x00000000fec00000, 0x00000000ff2a0000, 0x00000000ff2a0000)
  eden space 5504K,   0% used [0x00000000fec00000, 0x00000000fec00000, 0x00000000ff160000)
  from space 640K,   0% used [0x00000000ff160000, 0x00000000ff161020, 0x00000000ff200000)
  to   space 640K,   0% used [0x00000000ff200000, 0x00000000ff200000, 0x00000000ff2a0000)
 concurrent mark-sweep generation total 13696K, used 4264K [0x00000000ff2a0000, 0x0000000100000000, 0x0000000100000000)
 Metaspace       used 5077K, capacity 5258K, committed 5504K, reserved 1056768K
  class space    used 557K, capacity 597K, committed 640K, reserved 1048576K
}
{Heap before GC invocations=287 (full 34):
 par new generation   total 6144K, used 5233K [0x00000000fec00000, 0x00000000ff2a0000, 0x00000000ff2a0000)
  eden space 5504K,  95% used [0x00000000fec00000, 0x00000000ff11b780, 0x00000000ff160000)
  from space 640K,   0% used [0x00000000ff160000, 0x00000000ff161020, 0x00000000ff200000)
  to   space 640K,   0% used [0x00000000ff200000, 0x00000000ff200000, 0x00000000ff2a0000)
 concurrent mark-sweep generation total 13696K, used 4264K [0x00000000ff2a0000, 0x0000000100000000, 0x0000000100000000)
 Metaspace       used 5077K, capacity 5258K, committed 5504K, reserved 1056768K
  class space    used 557K, capacity 597K, committed 640K, reserved 1048576K
2024-07-16T17:58:55.199+0800: 2.343: [GC (Allocation Failure) 2024-07-16T17:58:55.199+0800: 2.343: [ParNew: 5233K->2K(6144K), 0.0002658 secs] 9498K->4266K(19840K), 0.0002893 secs] [Times: user=0.00 sys=0.00, real=0.00 secs] 
Heap after GC invocations=288 (full 34):
 par new generation   total 6144K, used 2K [0x00000000fec00000, 0x00000000ff2a0000, 0x00000000ff2a0000)
  eden space 5504K,   0% used [0x00000000fec00000, 0x00000000fec00000, 0x00000000ff160000)
  from space 640K,   0% used [0x00000000ff200000, 0x00000000ff200810, 0x00000000ff2a0000)
  to   space 640K,   0% used [0x00000000ff160000, 0x00000000ff160000, 0x00000000ff200000)
 concurrent mark-sweep generation total 13696K, used 4264K [0x00000000ff2a0000, 0x0000000100000000, 0x0000000100000000)
 Metaspace       used 5077K, capacity 5258K, committed 5504K, reserved 1056768K
  class space    used 557K, capacity 597K, committed 640K, reserved 1048576K
}
{Heap before GC invocations=288 (full 34):
 par new generation   total 6144K, used 5231K [0x00000000fec00000, 0x00000000ff2a0000, 0x00000000ff2a0000)
  eden space 5504K,  95% used [0x00000000fec00000, 0x00000000ff11b780, 0x00000000ff160000)
  from space 640K,   0% used [0x00000000ff200000, 0x00000000ff200810, 0x00000000ff2a0000)
  to   space 640K,   0% used [0x00000000ff160000, 0x00000000ff160000, 0x00000000ff200000)
 concurrent mark-sweep generation total 13696K, used 4264K [0x00000000ff2a0000, 0x0000000100000000, 0x0000000100000000)
 Metaspace       used 5077K, capacity 5258K, committed 5504K, reserved 1056768K
  class space    used 557K, capacity 597K, committed 640K, reserved 1048576K
2024-07-16T17:58:55.206+0800: 2.350: [GC (Allocation Failure) 2024-07-16T17:58:55.206+0800: 2.350: [ParNew: 5231K->4K(6144K), 0.0002898 secs] 9496K->4268K(19840K), 0.0003417 secs] [Times: user=0.00 sys=0.00, real=0.00 secs] 
Heap after GC invocations=289 (full 34):
 par new generation   total 6144K, used 4K [0x00000000fec00000, 0x00000000ff2a0000, 0x00000000ff2a0000)
  eden space 5504K,   0% used [0x00000000fec00000, 0x00000000fec00000, 0x00000000ff160000)
  from space 640K,   0% used [0x00000000ff160000, 0x00000000ff161020, 0x00000000ff200000)
  to   space 640K,   0% used [0x00000000ff200000, 0x00000000ff200000, 0x00000000ff2a0000)
 concurrent mark-sweep generation total 13696K, used 4264K [0x00000000ff2a0000, 0x0000000100000000, 0x0000000100000000)
 Metaspace       used 5077K, capacity 5258K, committed 5504K, reserved 1056768K
  class space    used 557K, capacity 597K, committed 640K, reserved 1048576K
}
{Heap before GC invocations=289 (full 34):
 par new generation   total 6144K, used 5233K [0x00000000fec00000, 0x00000000ff2a0000, 0x00000000ff2a0000)
  eden space 5504K,  95% used [0x00000000fec00000, 0x00000000ff11b780, 0x00000000ff160000)
  from space 640K,   0% used [0x00000000ff160000, 0x00000000ff161020, 0x00000000ff200000)
  to   space 640K,   0% used [0x00000000ff200000, 0x00000000ff200000, 0x00000000ff2a0000)
 concurrent mark-sweep generation total 13696K, used 4264K [0x00000000ff2a0000, 0x0000000100000000, 0x0000000100000000)
 Metaspace       used 5077K, capacity 5258K, committed 5504K, reserved 1056768K
  class space    used 557K, capacity 597K, committed 640K, reserved 1048576K
2024-07-16T17:58:55.214+0800: 2.358: [GC (Allocation Failure) 2024-07-16T17:58:55.214+0800: 2.358: [ParNew: 5233K->4K(6144K), 0.0003914 secs] 9498K->5295K(19840K), 0.0004244 secs] [Times: user=0.00 sys=0.00, real=0.00 secs] 
Heap after GC invocations=290 (full 34):
 par new generation   total 6144K, used 4K [0x00000000fec00000, 0x00000000ff2a0000, 0x00000000ff2a0000)
  eden space 5504K,   0% used [0x00000000fec00000, 0x00000000fec00000, 0x00000000ff160000)
  from space 640K,   0% used [0x00000000ff200000, 0x00000000ff201020, 0x00000000ff2a0000)
  to   space 640K,   0% used [0x00000000ff160000, 0x00000000ff160000, 0x00000000ff200000)
 concurrent mark-sweep generation total 13696K, used 5290K [0x00000000ff2a0000, 0x0000000100000000, 0x0000000100000000)
 Metaspace       used 5077K, capacity 5258K, committed 5504K, reserved 1056768K
  class space    used 557K, capacity 597K, committed 640K, reserved 1048576K
}
{Heap before GC invocations=290 (full 34):
 par new generation   total 6144K, used 5233K [0x00000000fec00000, 0x00000000ff2a0000, 0x00000000ff2a0000)
  eden space 5504K,  95% used [0x00000000fec00000, 0x00000000ff11b780, 0x00000000ff160000)
  from space 640K,   0% used [0x00000000ff200000, 0x00000000ff201020, 0x00000000ff2a0000)
  to   space 640K,   0% used [0x00000000ff160000, 0x00000000ff160000, 0x00000000ff200000)
 concurrent mark-sweep generation total 13696K, used 5290K [0x00000000ff2a0000, 0x0000000100000000, 0x0000000100000000)
 Metaspace       used 5077K, capacity 5258K, committed 5504K, reserved 1056768K
  class space    used 557K, capacity 597K, committed 640K, reserved 1048576K
2024-07-16T17:58:55.221+0800: 2.365: [GC (Allocation Failure) 2024-07-16T17:58:55.221+0800: 2.365: [ParNew: 5233K->4K(6144K), 0.0007275 secs] 10524K->5295K(19840K), 0.0008124 secs] [Times: user=0.00 sys=0.00, real=0.00 secs] 
Heap after GC invocations=291 (full 34):
 par new generation   total 6144K, used 4K [0x00000000fec00000, 0x00000000ff2a0000, 0x00000000ff2a0000)
  eden space 5504K,   0% used [0x00000000fec00000, 0x00000000fec00000, 0x00000000ff160000)
  from space 640K,   0% used [0x00000000ff160000, 0x00000000ff161020, 0x00000000ff200000)
  to   space 640K,   0% used [0x00000000ff200000, 0x00000000ff200000, 0x00000000ff2a0000)
 concurrent mark-sweep generation total 13696K, used 5290K [0x00000000ff2a0000, 0x0000000100000000, 0x0000000100000000)
 Metaspace       used 5077K, capacity 5258K, committed 5504K, reserved 1056768K
  class space    used 557K, capacity 597K, committed 640K, reserved 1048576K
}
{Heap before GC invocations=291 (full 34):
 par new generation   total 6144K, used 5233K [0x00000000fec00000, 0x00000000ff2a0000, 0x00000000ff2a0000)
  eden space 5504K,  95% used [0x00000000fec00000, 0x00000000ff11b780, 0x00000000ff160000)
  from space 640K,   0% used [0x00000000ff160000, 0x00000000ff161020, 0x00000000ff200000)
  to   space 640K,   0% used [0x00000000ff200000, 0x00000000ff200000, 0x00000000ff2a0000)
 concurrent mark-sweep generation total 13696K, used 5290K [0x00000000ff2a0000, 0x0000000100000000, 0x0000000100000000)
 Metaspace       used 5077K, capacity 5258K, committed 5504K, reserved 1056768K
  class space    used 557K, capacity 597K, committed 640K, reserved 1048576K
2024-07-16T17:58:55.230+0800: 2.374: [GC (Allocation Failure) 2024-07-16T17:58:55.230+0800: 2.374: [ParNew: 5233K->4K(6144K), 0.0003175 secs] 10524K->5295K(19840K), 0.0003680 secs] [Times: user=0.00 sys=0.00, real=0.00 secs] 
Heap after GC invocations=292 (full 34):
 par new generation   total 6144K, used 4K [0x00000000fec00000, 0x00000000ff2a0000, 0x00000000ff2a0000)
  eden space 5504K,   0% used [0x00000000fec00000, 0x00000000fec00000, 0x00000000ff160000)
  from space 640K,   0% used [0x00000000ff200000, 0x00000000ff201020, 0x00000000ff2a0000)
  to   space 640K,   0% used [0x00000000ff160000, 0x00000000ff160000, 0x00000000ff200000)
 concurrent mark-sweep generation total 13696K, used 5290K [0x00000000ff2a0000, 0x0000000100000000, 0x0000000100000000)
 Metaspace       used 5077K, capacity 5258K, committed 5504K, reserved 1056768K
  class space    used 557K, capacity 597K, committed 640K, reserved 1048576K
}
{Heap before GC invocations=292 (full 34):
 par new generation   total 6144K, used 5233K [0x00000000fec00000, 0x00000000ff2a0000, 0x00000000ff2a0000)
  eden space 5504K,  95% used [0x00000000fec00000, 0x00000000ff11b780, 0x00000000ff160000)
  from space 640K,   0% used [0x00000000ff200000, 0x00000000ff201020, 0x00000000ff2a0000)
  to   space 640K,   0% used [0x00000000ff160000, 0x00000000ff160000, 0x00000000ff200000)
 concurrent mark-sweep generation total 13696K, used 5290K [0x00000000ff2a0000, 0x0000000100000000, 0x0000000100000000)
 Metaspace       used 5077K, capacity 5258K, committed 5504K, reserved 1056768K
  class space    used 557K, capacity 597K, committed 640K, reserved 1048576K
2024-07-16T17:58:55.236+0800: 2.380: [GC (Allocation Failure) 2024-07-16T17:58:55.236+0800: 2.380: [ParNew: 5233K->8K(6144K), 0.0004476 secs] 10524K->6323K(19840K), 0.0004914 secs] [Times: user=0.00 sys=0.00, real=0.00 secs] 
Heap after GC invocations=293 (full 34):
 par new generation   total 6144K, used 8K [0x00000000fec00000, 0x00000000ff2a0000, 0x00000000ff2a0000)
  eden space 5504K,   0% used [0x00000000fec00000, 0x00000000fec00000, 0x00000000ff160000)
  from space 640K,   1% used [0x00000000ff160000, 0x00000000ff162040, 0x00000000ff200000)
  to   space 640K,   0% used [0x00000000ff200000, 0x00000000ff200000, 0x00000000ff2a0000)
 concurrent mark-sweep generation total 13696K, used 6315K [0x00000000ff2a0000, 0x0000000100000000, 0x0000000100000000)
 Metaspace       used 5077K, capacity 5258K, committed 5504K, reserved 1056768K
  class space    used 557K, capacity 597K, committed 640K, reserved 1048576K
}
{Heap before GC invocations=293 (full 34):
 par new generation   total 6144K, used 5237K [0x00000000fec00000, 0x00000000ff2a0000, 0x00000000ff2a0000)
  eden space 5504K,  95% used [0x00000000fec00000, 0x00000000ff11b780, 0x00000000ff160000)
  from space 640K,   1% used [0x00000000ff160000, 0x00000000ff162040, 0x00000000ff200000)
  to   space 640K,   0% used [0x00000000ff200000, 0x00000000ff200000, 0x00000000ff2a0000)
 concurrent mark-sweep generation total 13696K, used 6315K [0x00000000ff2a0000, 0x0000000100000000, 0x0000000100000000)
 Metaspace       used 5077K, capacity 5258K, committed 5504K, reserved 1056768K
  class space    used 557K, capacity 597K, committed 640K, reserved 1048576K
2024-07-16T17:58:55.244+0800: 2.388: [GC (Allocation Failure) 2024-07-16T17:58:55.244+0800: 2.388: [ParNew: 5237K->4K(6144K), 0.0004483 secs] 11552K->6319K(19840K), 0.0005514 secs] [Times: user=0.00 sys=0.00, real=0.00 secs] 
Heap after GC invocations=294 (full 34):
 par new generation   total 6144K, used 4K [0x00000000fec00000, 0x00000000ff2a0000, 0x00000000ff2a0000)
  eden space 5504K,   0% used [0x00000000fec00000, 0x00000000fec00000, 0x00000000ff160000)
  from space 640K,   0% used [0x00000000ff200000, 0x00000000ff201020, 0x00000000ff2a0000)
  to   space 640K,   0% used [0x00000000ff160000, 0x00000000ff160000, 0x00000000ff200000)
 concurrent mark-sweep generation total 13696K, used 6315K [0x00000000ff2a0000, 0x0000000100000000, 0x0000000100000000)
 Metaspace       used 5077K, capacity 5258K, committed 5504K, reserved 1056768K
  class space    used 557K, capacity 597K, committed 640K, reserved 1048576K
}
{Heap before GC invocations=294 (full 34):
 par new generation   total 6144K, used 5233K [0x00000000fec00000, 0x00000000ff2a0000, 0x00000000ff2a0000)
  eden space 5504K,  95% used [0x00000000fec00000, 0x00000000ff11b780, 0x00000000ff160000)
  from space 640K,   0% used [0x00000000ff200000, 0x00000000ff201020, 0x00000000ff2a0000)
  to   space 640K,   0% used [0x00000000ff160000, 0x00000000ff160000, 0x00000000ff200000)
 concurrent mark-sweep generation total 13696K, used 6315K [0x00000000ff2a0000, 0x0000000100000000, 0x0000000100000000)
 Metaspace       used 5077K, capacity 5258K, committed 5504K, reserved 1056768K
  class space    used 557K, capacity 597K, committed 640K, reserved 1048576K
2024-07-16T17:58:55.251+0800: 2.395: [GC (Allocation Failure) 2024-07-16T17:58:55.251+0800: 2.395: [ParNew: 5233K->4K(6144K), 0.0009091 secs] 11548K->6319K(19840K), 0.0010102 secs] [Times: user=0.00 sys=0.00, real=0.00 secs] 
Heap after GC invocations=295 (full 34):
 par new generation   total 6144K, used 4K [0x00000000fec00000, 0x00000000ff2a0000, 0x00000000ff2a0000)
  eden space 5504K,   0% used [0x00000000fec00000, 0x00000000fec00000, 0x00000000ff160000)
  from space 640K,   0% used [0x00000000ff160000, 0x00000000ff161020, 0x00000000ff200000)
  to   space 640K,   0% used [0x00000000ff200000, 0x00000000ff200000, 0x00000000ff2a0000)
 concurrent mark-sweep generation total 13696K, used 6315K [0x00000000ff2a0000, 0x0000000100000000, 0x0000000100000000)
 Metaspace       used 5077K, capacity 5258K, committed 5504K, reserved 1056768K
  class space    used 557K, capacity 597K, committed 640K, reserved 1048576K
}
{Heap before GC invocations=295 (full 34):
 par new generation   total 6144K, used 5233K [0x00000000fec00000, 0x00000000ff2a0000, 0x00000000ff2a0000)
  eden space 5504K,  95% used [0x00000000fec00000, 0x00000000ff11b780, 0x00000000ff160000)
  from space 640K,   0% used [0x00000000ff160000, 0x00000000ff161020, 0x00000000ff200000)
  to   space 640K,   0% used [0x00000000ff200000, 0x00000000ff200000, 0x00000000ff2a0000)
 concurrent mark-sweep generation total 13696K, used 6315K [0x00000000ff2a0000, 0x0000000100000000, 0x0000000100000000)
 Metaspace       used 5077K, capacity 5258K, committed 5504K, reserved 1056768K
  class space    used 557K, capacity 597K, committed 640K, reserved 1048576K
2024-07-16T17:58:55.259+0800: 2.403: [GC (Allocation Failure) 2024-07-16T17:58:55.259+0800: 2.403: [ParNew: 5233K->6K(6144K), 0.0008533 secs] 11548K->7345K(19840K), 0.0009456 secs] [Times: user=0.00 sys=0.00, real=0.00 secs] 
Heap after GC invocations=296 (full 34):
 par new generation   total 6144K, used 6K [0x00000000fec00000, 0x00000000ff2a0000, 0x00000000ff2a0000)
  eden space 5504K,   0% used [0x00000000fec00000, 0x00000000fec00000, 0x00000000ff160000)
  from space 640K,   0% used [0x00000000ff200000, 0x00000000ff201830, 0x00000000ff2a0000)
  to   space 640K,   0% used [0x00000000ff160000, 0x00000000ff160000, 0x00000000ff200000)
 concurrent mark-sweep generation total 13696K, used 7339K [0x00000000ff2a0000, 0x0000000100000000, 0x0000000100000000)
 Metaspace       used 5077K, capacity 5258K, committed 5504K, reserved 1056768K
  class space    used 557K, capacity 597K, committed 640K, reserved 1048576K
}
{Heap before GC invocations=296 (full 34):
 par new generation   total 6144K, used 5235K [0x00000000fec00000, 0x00000000ff2a0000, 0x00000000ff2a0000)
  eden space 5504K,  95% used [0x00000000fec00000, 0x00000000ff11b780, 0x00000000ff160000)
  from space 640K,   0% used [0x00000000ff200000, 0x00000000ff201830, 0x00000000ff2a0000)
  to   space 640K,   0% used [0x00000000ff160000, 0x00000000ff160000, 0x00000000ff200000)
 concurrent mark-sweep generation total 13696K, used 7339K [0x00000000ff2a0000, 0x0000000100000000, 0x0000000100000000)
 Metaspace       used 5077K, capacity 5258K, committed 5504K, reserved 1056768K
  class space    used 557K, capacity 597K, committed 640K, reserved 1048576K
2024-07-16T17:58:55.266+0800: 2.410: [GC (Allocation Failure) 2024-07-16T17:58:55.266+0800: 2.410: [ParNew: 5235K->4K(6144K), 0.0014670 secs] 12574K->8367K(19840K), 0.0015807 secs] [Times: user=0.00 sys=0.00, real=0.00 secs] 
Heap after GC invocations=297 (full 34):
 par new generation   total 6144K, used 4K [0x00000000fec00000, 0x00000000ff2a0000, 0x00000000ff2a0000)
  eden space 5504K,   0% used [0x00000000fec00000, 0x00000000fec00000, 0x00000000ff160000)
  from space 640K,   0% used [0x00000000ff160000, 0x00000000ff161020, 0x00000000ff200000)
  to   space 640K,   0% used [0x00000000ff200000, 0x00000000ff200000, 0x00000000ff2a0000)
 concurrent mark-sweep generation total 13696K, used 8363K [0x00000000ff2a0000, 0x0000000100000000, 0x0000000100000000)
 Metaspace       used 5077K, capacity 5258K, committed 5504K, reserved 1056768K
  class space    used 557K, capacity 597K, committed 640K, reserved 1048576K
}
2024-07-16T17:58:55.268+0800: 2.413: [GC (CMS Initial Mark) [1 CMS-initial-mark: 8363K(13696K)] 9393K(19840K), 0.0006341 secs] [Times: user=0.00 sys=0.00, real=0.00 secs] 
2024-07-16T17:58:55.269+0800: 2.413: [CMS-concurrent-mark-start]
2024-07-16T17:58:55.275+0800: 2.420: [CMS-concurrent-mark: 0.007/0.007 secs] [Times: user=0.00 sys=0.00, real=0.01 secs] 
2024-07-16T17:58:55.275+0800: 2.420: [CMS-concurrent-preclean-start]
2024-07-16T17:58:55.275+0800: 2.420: [CMS-concurrent-preclean: 0.000/0.000 secs] [Times: user=0.00 sys=0.00, real=0.00 secs] 
2024-07-16T17:58:55.275+0800: 2.420: [CMS-concurrent-abortable-preclean-start]
{Heap before GC invocations=297 (full 35):
 par new generation   total 6144K, used 5233K [0x00000000fec00000, 0x00000000ff2a0000, 0x00000000ff2a0000)
  eden space 5504K,  95% used [0x00000000fec00000, 0x00000000ff11b780, 0x00000000ff160000)
  from space 640K,   0% used [0x00000000ff160000, 0x00000000ff161020, 0x00000000ff200000)
  to   space 640K,   0% used [0x00000000ff200000, 0x00000000ff200000, 0x00000000ff2a0000)
 concurrent mark-sweep generation total 13696K, used 8363K [0x00000000ff2a0000, 0x0000000100000000, 0x0000000100000000)
 Metaspace       used 5077K, capacity 5258K, committed 5504K, reserved 1056768K
  class space    used 557K, capacity 597K, committed 640K, reserved 1048576K
2024-07-16T17:58:55.277+0800: 2.421: [GC (Allocation Failure) 2024-07-16T17:58:55.277+0800: 2.421: [ParNew: 5233K->4K(6144K), 0.0003604 secs] 13596K->8367K(19840K), 0.0004037 secs] [Times: user=0.00 sys=0.00, real=0.00 secs] 
Heap after GC invocations=298 (full 35):
 par new generation   total 6144K, used 4K [0x00000000fec00000, 0x00000000ff2a0000, 0x00000000ff2a0000)
  eden space 5504K,   0% used [0x00000000fec00000, 0x00000000fec00000, 0x00000000ff160000)
  from space 640K,   0% used [0x00000000ff200000, 0x00000000ff201020, 0x00000000ff2a0000)
  to   space 640K,   0% used [0x00000000ff160000, 0x00000000ff160000, 0x00000000ff200000)
 concurrent mark-sweep generation total 13696K, used 8363K [0x00000000ff2a0000, 0x0000000100000000, 0x0000000100000000)
 Metaspace       used 5077K, capacity 5258K, committed 5504K, reserved 1056768K
  class space    used 557K, capacity 597K, committed 640K, reserved 1048576K
}
{Heap before GC invocations=298 (full 35):
 par new generation   total 6144K, used 5233K [0x00000000fec00000, 0x00000000ff2a0000, 0x00000000ff2a0000)
  eden space 5504K,  95% used [0x00000000fec00000, 0x00000000ff11b780, 0x00000000ff160000)
  from space 640K,   0% used [0x00000000ff200000, 0x00000000ff201020, 0x00000000ff2a0000)
  to   space 640K,   0% used [0x00000000ff160000, 0x00000000ff160000, 0x00000000ff200000)
 concurrent mark-sweep generation total 13696K, used 8363K [0x00000000ff2a0000, 0x0000000100000000, 0x0000000100000000)
 Metaspace       used 5077K, capacity 5258K, committed 5504K, reserved 1056768K
  class space    used 557K, capacity 597K, committed 640K, reserved 1048576K
2024-07-16T17:58:55.284+0800: 2.428: [GC (Allocation Failure) 2024-07-16T17:58:55.284+0800: 2.428: [ParNew: 5233K->4K(6144K), 0.0006011 secs] 13596K->8367K(19840K), 0.0006947 secs] [Times: user=0.00 sys=0.00, real=0.00 secs] 
Heap after GC invocations=299 (full 35):
 par new generation   total 6144K, used 4K [0x00000000fec00000, 0x00000000ff2a0000, 0x00000000ff2a0000)
  eden space 5504K,   0% used [0x00000000fec00000, 0x00000000fec00000, 0x00000000ff160000)
  from space 640K,   0% used [0x00000000ff160000, 0x00000000ff161020, 0x00000000ff200000)
  to   space 640K,   0% used [0x00000000ff200000, 0x00000000ff200000, 0x00000000ff2a0000)
 concurrent mark-sweep generation total 13696K, used 8363K [0x00000000ff2a0000, 0x0000000100000000, 0x0000000100000000)
 Metaspace       used 5077K, capacity 5258K, committed 5504K, reserved 1056768K
  class space    used 557K, capacity 597K, committed 640K, reserved 1048576K
}
{Heap before GC invocations=299 (full 35):
 par new generation   total 6144K, used 5233K [0x00000000fec00000, 0x00000000ff2a0000, 0x00000000ff2a0000)
  eden space 5504K,  95% used [0x00000000fec00000, 0x00000000ff11b780, 0x00000000ff160000)
  from space 640K,   0% used [0x00000000ff160000, 0x00000000ff161020, 0x00000000ff200000)
  to   space 640K,   0% used [0x00000000ff200000, 0x00000000ff200000, 0x00000000ff2a0000)
 concurrent mark-sweep generation total 13696K, used 8363K [0x00000000ff2a0000, 0x0000000100000000, 0x0000000100000000)
 Metaspace       used 5077K, capacity 5258K, committed 5504K, reserved 1056768K
  class space    used 557K, capacity 597K, committed 640K, reserved 1048576K
2024-07-16T17:58:55.291+0800: 2.435: [GC (Allocation Failure) 2024-07-16T17:58:55.291+0800: 2.435: [ParNew: 5233K->12K(6144K), 0.0013419 secs] 13596K->10425K(19840K), 0.0014294 secs] [Times: user=0.00 sys=0.00, real=0.00 secs] 
Heap after GC invocations=300 (full 35):
 par new generation   total 6144K, used 12K [0x00000000fec00000, 0x00000000ff2a0000, 0x00000000ff2a0000)
  eden space 5504K,   0% used [0x00000000fec00000, 0x00000000fec00000, 0x00000000ff160000)
  from space 640K,   1% used [0x00000000ff200000, 0x00000000ff203060, 0x00000000ff2a0000)
  to   space 640K,   0% used [0x00000000ff160000, 0x00000000ff160000, 0x00000000ff200000)
 concurrent mark-sweep generation total 13696K, used 10413K [0x00000000ff2a0000, 0x0000000100000000, 0x0000000100000000)
 Metaspace       used 5077K, capacity 5258K, committed 5504K, reserved 1056768K
  class space    used 557K, capacity 597K, committed 640K, reserved 1048576K
}
{Heap before GC invocations=300 (full 35):
 par new generation   total 6144K, used 5241K [0x00000000fec00000, 0x00000000ff2a0000, 0x00000000ff2a0000)
  eden space 5504K,  95% used [0x00000000fec00000, 0x00000000ff11b780, 0x00000000ff160000)
  from space 640K,   1% used [0x00000000ff200000, 0x00000000ff203060, 0x00000000ff2a0000)
  to   space 640K,   0% used [0x00000000ff160000, 0x00000000ff160000, 0x00000000ff200000)
 concurrent mark-sweep generation total 13696K, used 10413K [0x00000000ff2a0000, 0x0000000100000000, 0x0000000100000000)
 Metaspace       used 5077K, capacity 5258K, committed 5504K, reserved 1056768K
  class space    used 557K, capacity 597K, committed 640K, reserved 1048576K
2024-07-16T17:58:55.300+0800: 2.444: [GC (Allocation Failure) 2024-07-16T17:58:55.300+0800: 2.444: [ParNew: 5241K->8K(6144K), 0.0007927 secs] 15655K->11447K(19840K), 0.0008884 secs] [Times: user=0.00 sys=0.00, real=0.00 secs] 
Heap after GC invocations=301 (full 35):
 par new generation   total 6144K, used 8K [0x00000000fec00000, 0x00000000ff2a0000, 0x00000000ff2a0000)
  eden space 5504K,   0% used [0x00000000fec00000, 0x00000000fec00000, 0x00000000ff160000)
  from space 640K,   1% used [0x00000000ff160000, 0x00000000ff162040, 0x00000000ff200000)
  to   space 640K,   0% used [0x00000000ff200000, 0x00000000ff200000, 0x00000000ff2a0000)
 concurrent mark-sweep generation total 13696K, used 11439K [0x00000000ff2a0000, 0x0000000100000000, 0x0000000100000000)
 Metaspace       used 5077K, capacity 5258K, committed 5504K, reserved 1056768K
  class space    used 557K, capacity 597K, committed 640K, reserved 1048576K
}
{Heap before GC invocations=301 (full 35):
 par new generation   total 6144K, used 5237K [0x00000000fec00000, 0x00000000ff2a0000, 0x00000000ff2a0000)
  eden space 5504K,  95% used [0x00000000fec00000, 0x00000000ff11b780, 0x00000000ff160000)
  from space 640K,   1% used [0x00000000ff160000, 0x00000000ff162040, 0x00000000ff200000)
  to   space 640K,   0% used [0x00000000ff200000, 0x00000000ff200000, 0x00000000ff2a0000)
 concurrent mark-sweep generation total 13696K, used 11439K [0x00000000ff2a0000, 0x0000000100000000, 0x0000000100000000)
 Metaspace       used 5077K, capacity 5258K, committed 5504K, reserved 1056768K
  class space    used 557K, capacity 597K, committed 640K, reserved 1048576K
2024-07-16T17:58:55.308+0800: 2.452: [GC (Allocation Failure) 2024-07-16T17:58:55.308+0800: 2.452: [ParNew: 5237K->6K(6144K), 0.0011061 secs] 16677K->12471K(19840K), 0.0011874 secs] [Times: user=0.00 sys=0.00, real=0.00 secs] 
Heap after GC invocations=302 (full 35):
 par new generation   total 6144K, used 6K [0x00000000fec00000, 0x00000000ff2a0000, 0x00000000ff2a0000)
  eden space 5504K,   0% used [0x00000000fec00000, 0x00000000fec00000, 0x00000000ff160000)
  from space 640K,   0% used [0x00000000ff200000, 0x00000000ff201830, 0x00000000ff2a0000)
  to   space 640K,   0% used [0x00000000ff160000, 0x00000000ff160000, 0x00000000ff200000)
 concurrent mark-sweep generation total 13696K, used 12465K [0x00000000ff2a0000, 0x0000000100000000, 0x0000000100000000)
 Metaspace       used 5077K, capacity 5258K, committed 5504K, reserved 1056768K
  class space    used 557K, capacity 597K, committed 640K, reserved 1048576K
}
{Heap before GC invocations=302 (full 35):
 par new generation   total 6144K, used 5235K [0x00000000fec00000, 0x00000000ff2a0000, 0x00000000ff2a0000)
  eden space 5504K,  95% used [0x00000000fec00000, 0x00000000ff11b780, 0x00000000ff160000)
  from space 640K,   0% used [0x00000000ff200000, 0x00000000ff201830, 0x00000000ff2a0000)
  to   space 640K,   0% used [0x00000000ff160000, 0x00000000ff160000, 0x00000000ff200000)
 concurrent mark-sweep generation total 13696K, used 12465K [0x00000000ff2a0000, 0x0000000100000000, 0x0000000100000000)
 Metaspace       used 5077K, capacity 5258K, committed 5504K, reserved 1056768K
  class space    used 557K, capacity 597K, committed 640K, reserved 1048576K
2024-07-16T17:58:55.316+0800: 2.460: [GC (Allocation Failure) 2024-07-16T17:58:55.316+0800: 2.460: [ParNew: 5235K->5235K(6144K), 0.0000455 secs]2024-07-16T17:58:55.316+0800: 2.461: [CMS2024-07-16T17:58:55.316+0800: 2.461: [CMS-concurrent-abortable-preclean: 0.001/0.041 secs] [Times: user=0.00 sys=0.00, real=0.04 secs] 
 (concurrent mode failure): 12465K->2210K(13696K), 0.0044611 secs] 17701K->2210K(19840K), [Metaspace: 5077K->5077K(1056768K)], 0.0046469 secs] [Times: user=0.00 sys=0.00, real=0.00 secs] 
Heap after GC invocations=303 (full 36):
 par new generation   total 6144K, used 0K [0x00000000fec00000, 0x00000000ff2a0000, 0x00000000ff2a0000)
  eden space 5504K,   0% used [0x00000000fec00000, 0x00000000fec00000, 0x00000000ff160000)
  from space 640K,   0% used [0x00000000ff200000, 0x00000000ff200000, 0x00000000ff2a0000)
  to   space 640K,   0% used [0x00000000ff160000, 0x00000000ff160000, 0x00000000ff200000)
 concurrent mark-sweep generation total 13696K, used 2210K [0x00000000ff2a0000, 0x0000000100000000, 0x0000000100000000)
 Metaspace       used 5077K, capacity 5258K, committed 5504K, reserved 1056768K
  class space    used 557K, capacity 597K, committed 640K, reserved 1048576K
}
{Heap before GC invocations=303 (full 36):
 par new generation   total 6144K, used 5229K [0x00000000fec00000, 0x00000000ff2a0000, 0x00000000ff2a0000)
  eden space 5504K,  95% used [0x00000000fec00000, 0x00000000ff11b780, 0x00000000ff160000)
  from space 640K,   0% used [0x00000000ff200000, 0x00000000ff200000, 0x00000000ff2a0000)
  to   space 640K,   0% used [0x00000000ff160000, 0x00000000ff160000, 0x00000000ff200000)
 concurrent mark-sweep generation total 13696K, used 2210K [0x00000000ff2a0000, 0x0000000100000000, 0x0000000100000000)
 Metaspace       used 5077K, capacity 5258K, committed 5504K, reserved 1056768K
  class space    used 557K, capacity 597K, committed 640K, reserved 1048576K
2024-07-16T17:58:55.329+0800: 2.473: [GC (Allocation Failure) 2024-07-16T17:58:55.329+0800: 2.473: [ParNew: 5229K->4K(6144K), 0.0004007 secs] 7440K->2214K(19840K), 0.0004675 secs] [Times: user=0.00 sys=0.00, real=0.00 secs] 
Heap after GC invocations=304 (full 36):
 par new generation   total 6144K, used 4K [0x00000000fec00000, 0x00000000ff2a0000, 0x00000000ff2a0000)
  eden space 5504K,   0% used [0x00000000fec00000, 0x00000000fec00000, 0x00000000ff160000)
  from space 640K,   0% used [0x00000000ff160000, 0x00000000ff161020, 0x00000000ff200000)
  to   space 640K,   0% used [0x00000000ff200000, 0x00000000ff200000, 0x00000000ff2a0000)
 concurrent mark-sweep generation total 13696K, used 2210K [0x00000000ff2a0000, 0x0000000100000000, 0x0000000100000000)
 Metaspace       used 5077K, capacity 5258K, committed 5504K, reserved 1056768K
  class space    used 557K, capacity 597K, committed 640K, reserved 1048576K
}
{Heap before GC invocations=304 (full 36):
 par new generation   total 6144K, used 5233K [0x00000000fec00000, 0x00000000ff2a0000, 0x00000000ff2a0000)
  eden space 5504K,  95% used [0x00000000fec00000, 0x00000000ff11b780, 0x00000000ff160000)
  from space 640K,   0% used [0x00000000ff160000, 0x00000000ff161020, 0x00000000ff200000)
  to   space 640K,   0% used [0x00000000ff200000, 0x00000000ff200000, 0x00000000ff2a0000)
 concurrent mark-sweep generation total 13696K, used 2210K [0x00000000ff2a0000, 0x0000000100000000, 0x0000000100000000)
 Metaspace       used 5077K, capacity 5258K, committed 5504K, reserved 1056768K
  class space    used 557K, capacity 597K, committed 640K, reserved 1048576K
2024-07-16T17:58:55.336+0800: 2.480: [GC (Allocation Failure) 2024-07-16T17:58:55.336+0800: 2.480: [ParNew: 5233K->8K(6144K), 0.0003097 secs] 7444K->3244K(19840K), 0.0003397 secs] [Times: user=0.00 sys=0.00, real=0.00 secs] 
Heap after GC invocations=305 (full 36):
 par new generation   total 6144K, used 8K [0x00000000fec00000, 0x00000000ff2a0000, 0x00000000ff2a0000)
  eden space 5504K,   0% used [0x00000000fec00000, 0x00000000fec00000, 0x00000000ff160000)
  from space 640K,   1% used [0x00000000ff200000, 0x00000000ff202040, 0x00000000ff2a0000)
  to   space 640K,   0% used [0x00000000ff160000, 0x00000000ff160000, 0x00000000ff200000)
 concurrent mark-sweep generation total 13696K, used 3236K [0x00000000ff2a0000, 0x0000000100000000, 0x0000000100000000)
 Metaspace       used 5077K, capacity 5258K, committed 5504K, reserved 1056768K
  class space    used 557K, capacity 597K, committed 640K, reserved 1048576K
}
{Heap before GC invocations=305 (full 36):
 par new generation   total 6144K, used 5237K [0x00000000fec00000, 0x00000000ff2a0000, 0x00000000ff2a0000)
  eden space 5504K,  95% used [0x00000000fec00000, 0x00000000ff11b780, 0x00000000ff160000)
  from space 640K,   1% used [0x00000000ff200000, 0x00000000ff202040, 0x00000000ff2a0000)
  to   space 640K,   0% used [0x00000000ff160000, 0x00000000ff160000, 0x00000000ff200000)
 concurrent mark-sweep generation total 13696K, used 3236K [0x00000000ff2a0000, 0x0000000100000000, 0x0000000100000000)
 Metaspace       used 5077K, capacity 5258K, committed 5504K, reserved 1056768K
  class space    used 557K, capacity 597K, committed 640K, reserved 1048576K
2024-07-16T17:58:55.344+0800: 2.488: [GC (Allocation Failure) 2024-07-16T17:58:55.344+0800: 2.488: [ParNew: 5237K->2K(6144K), 0.0003709 secs] 8474K->3238K(19840K), 0.0004275 secs] [Times: user=0.00 sys=0.00, real=0.00 secs] 
Heap after GC invocations=306 (full 36):
 par new generation   total 6144K, used 2K [0x00000000fec00000, 0x00000000ff2a0000, 0x00000000ff2a0000)
  eden space 5504K,   0% used [0x00000000fec00000, 0x00000000fec00000, 0x00000000ff160000)
  from space 640K,   0% used [0x00000000ff160000, 0x00000000ff160810, 0x00000000ff200000)
  to   space 640K,   0% used [0x00000000ff200000, 0x00000000ff200000, 0x00000000ff2a0000)
 concurrent mark-sweep generation total 13696K, used 3236K [0x00000000ff2a0000, 0x0000000100000000, 0x0000000100000000)
 Metaspace       used 5077K, capacity 5258K, committed 5504K, reserved 1056768K
  class space    used 557K, capacity 597K, committed 640K, reserved 1048576K
}
{Heap before GC invocations=306 (full 36):
 par new generation   total 6144K, used 5231K [0x00000000fec00000, 0x00000000ff2a0000, 0x00000000ff2a0000)
  eden space 5504K,  95% used [0x00000000fec00000, 0x00000000ff11b780, 0x00000000ff160000)
  from space 640K,   0% used [0x00000000ff160000, 0x00000000ff160810, 0x00000000ff200000)
  to   space 640K,   0% used [0x00000000ff200000, 0x00000000ff200000, 0x00000000ff2a0000)
 concurrent mark-sweep generation total 13696K, used 3236K [0x00000000ff2a0000, 0x0000000100000000, 0x0000000100000000)
 Metaspace       used 5077K, capacity 5258K, committed 5504K, reserved 1056768K
  class space    used 557K, capacity 597K, committed 640K, reserved 1048576K
2024-07-16T17:58:55.350+0800: 2.494: [GC (Allocation Failure) 2024-07-16T17:58:55.350+0800: 2.494: [ParNew: 5231K->6K(6144K), 0.0011563 secs] 8468K->4269K(19840K), 0.0013874 secs] [Times: user=0.00 sys=0.00, real=0.00 secs] 
Heap after GC invocations=307 (full 36):
 par new generation   total 6144K, used 6K [0x00000000fec00000, 0x00000000ff2a0000, 0x00000000ff2a0000)
  eden space 5504K,   0% used [0x00000000fec00000, 0x00000000fec00000, 0x00000000ff160000)
  from space 640K,   0% used [0x00000000ff200000, 0x00000000ff201830, 0x00000000ff2a0000)
  to   space 640K,   0% used [0x00000000ff160000, 0x00000000ff160000, 0x00000000ff200000)
 concurrent mark-sweep generation total 13696K, used 4262K [0x00000000ff2a0000, 0x0000000100000000, 0x0000000100000000)
 Metaspace       used 5077K, capacity 5258K, committed 5504K, reserved 1056768K
  class space    used 557K, capacity 597K, committed 640K, reserved 1048576K
}
{Heap before GC invocations=307 (full 36):
 par new generation   total 6144K, used 5235K [0x00000000fec00000, 0x00000000ff2a0000, 0x00000000ff2a0000)
  eden space 5504K,  95% used [0x00000000fec00000, 0x00000000ff11b7a0, 0x00000000ff160000)
  from space 640K,   0% used [0x00000000ff200000, 0x00000000ff201830, 0x00000000ff2a0000)
  to   space 640K,   0% used [0x00000000ff160000, 0x00000000ff160000, 0x00000000ff200000)
 concurrent mark-sweep generation total 13696K, used 4262K [0x00000000ff2a0000, 0x0000000100000000, 0x0000000100000000)
 Metaspace       used 5077K, capacity 5258K, committed 5504K, reserved 1056768K
  class space    used 557K, capacity 597K, committed 640K, reserved 1048576K
2024-07-16T17:58:55.359+0800: 2.503: [GC (Allocation Failure) 2024-07-16T17:58:55.359+0800: 2.503: [ParNew: 5235K->6K(6144K), 0.0004390 secs] 9498K->5295K(19840K), 0.0004779 secs] [Times: user=0.00 sys=0.00, real=0.00 secs] 
Heap after GC invocations=308 (full 36):
 par new generation   total 6144K, used 6K [0x00000000fec00000, 0x00000000ff2a0000, 0x00000000ff2a0000)
  eden space 5504K,   0% used [0x00000000fec00000, 0x00000000fec00000, 0x00000000ff160000)
  from space 640K,   0% used [0x00000000ff160000, 0x00000000ff161830, 0x00000000ff200000)
  to   space 640K,   0% used [0x00000000ff200000, 0x00000000ff200000, 0x00000000ff2a0000)
 concurrent mark-sweep generation total 13696K, used 5289K [0x00000000ff2a0000, 0x0000000100000000, 0x0000000100000000)
 Metaspace       used 5077K, capacity 5258K, committed 5504K, reserved 1056768K
  class space    used 557K, capacity 597K, committed 640K, reserved 1048576K
}
{Heap before GC invocations=308 (full 36):
 par new generation   total 6144K, used 5235K [0x00000000fec00000, 0x00000000ff2a0000, 0x00000000ff2a0000)
  eden space 5504K,  95% used [0x00000000fec00000, 0x00000000ff11b778, 0x00000000ff160000)
  from space 640K,   0% used [0x00000000ff160000, 0x00000000ff161830, 0x00000000ff200000)
  to   space 640K,   0% used [0x00000000ff200000, 0x00000000ff200000, 0x00000000ff2a0000)
 concurrent mark-sweep generation total 13696K, used 5289K [0x00000000ff2a0000, 0x0000000100000000, 0x0000000100000000)
 Metaspace       used 5077K, capacity 5258K, committed 5504K, reserved 1056768K
  class space    used 557K, capacity 597K, committed 640K, reserved 1048576K
2024-07-16T17:58:55.365+0800: 2.509: [GC (Allocation Failure) 2024-07-16T17:58:55.365+0800: 2.509: [ParNew: 5235K->8K(6144K), 0.0004438 secs] 10524K->6323K(19840K), 0.0005892 secs] [Times: user=0.00 sys=0.00, real=0.00 secs] 
Heap after GC invocations=309 (full 36):
 par new generation   total 6144K, used 8K [0x00000000fec00000, 0x00000000ff2a0000, 0x00000000ff2a0000)
  eden space 5504K,   0% used [0x00000000fec00000, 0x00000000fec00000, 0x00000000ff160000)
  from space 640K,   1% used [0x00000000ff200000, 0x00000000ff202040, 0x00000000ff2a0000)
  to   space 640K,   0% used [0x00000000ff160000, 0x00000000ff160000, 0x00000000ff200000)
 concurrent mark-sweep generation total 13696K, used 6315K [0x00000000ff2a0000, 0x0000000100000000, 0x0000000100000000)
 Metaspace       used 5077K, capacity 5258K, committed 5504K, reserved 1056768K
  class space    used 557K, capacity 597K, committed 640K, reserved 1048576K
}
{Heap before GC invocations=309 (full 36):
 par new generation   total 6144K, used 5237K [0x00000000fec00000, 0x00000000ff2a0000, 0x00000000ff2a0000)
  eden space 5504K,  95% used [0x00000000fec00000, 0x00000000ff11b778, 0x00000000ff160000)
  from space 640K,   1% used [0x00000000ff200000, 0x00000000ff202040, 0x00000000ff2a0000)
  to   space 640K,   0% used [0x00000000ff160000, 0x00000000ff160000, 0x00000000ff200000)
 concurrent mark-sweep generation total 13696K, used 6315K [0x00000000ff2a0000, 0x0000000100000000, 0x0000000100000000)
 Metaspace       used 5077K, capacity 5258K, committed 5504K, reserved 1056768K
  class space    used 557K, capacity 597K, committed 640K, reserved 1048576K
2024-07-16T17:58:55.373+0800: 2.517: [GC (Allocation Failure) 2024-07-16T17:58:55.373+0800: 2.517: [ParNew: 5237K->4K(6144K), 0.0004221 secs] 11553K->6319K(19840K), 0.0004671 secs] [Times: user=0.00 sys=0.00, real=0.00 secs] 
Heap after GC invocations=310 (full 36):
 par new generation   total 6144K, used 4K [0x00000000fec00000, 0x00000000ff2a0000, 0x00000000ff2a0000)
  eden space 5504K,   0% used [0x00000000fec00000, 0x00000000fec00000, 0x00000000ff160000)
  from space 640K,   0% used [0x00000000ff160000, 0x00000000ff161020, 0x00000000ff200000)
  to   space 640K,   0% used [0x00000000ff200000, 0x00000000ff200000, 0x00000000ff2a0000)
 concurrent mark-sweep generation total 13696K, used 6315K [0x00000000ff2a0000, 0x0000000100000000, 0x0000000100000000)
 Metaspace       used 5077K, capacity 5258K, committed 5504K, reserved 1056768K
  class space    used 557K, capacity 597K, committed 640K, reserved 1048576K
}
{Heap before GC invocations=310 (full 36):
 par new generation   total 6144K, used 5233K [0x00000000fec00000, 0x00000000ff2a0000, 0x00000000ff2a0000)
  eden space 5504K,  95% used [0x00000000fec00000, 0x00000000ff11b780, 0x00000000ff160000)
  from space 640K,   0% used [0x00000000ff160000, 0x00000000ff161020, 0x00000000ff200000)
  to   space 640K,   0% used [0x00000000ff200000, 0x00000000ff200000, 0x00000000ff2a0000)
 concurrent mark-sweep generation total 13696K, used 6315K [0x00000000ff2a0000, 0x0000000100000000, 0x0000000100000000)
 Metaspace       used 5077K, capacity 5258K, committed 5504K, reserved 1056768K
  class space    used 557K, capacity 597K, committed 640K, reserved 1048576K
2024-07-16T17:58:55.379+0800: 2.523: [GC (Allocation Failure) 2024-07-16T17:58:55.379+0800: 2.523: [ParNew: 5233K->8K(6144K), 0.0008683 secs] 11549K->7349K(19840K), 0.0009686 secs] [Times: user=0.00 sys=0.00, real=0.00 secs] 
Heap after GC invocations=311 (full 36):
 par new generation   total 6144K, used 8K [0x00000000fec00000, 0x00000000ff2a0000, 0x00000000ff2a0000)
  eden space 5504K,   0% used [0x00000000fec00000, 0x00000000fec00000, 0x00000000ff160000)
  from space 640K,   1% used [0x00000000ff200000, 0x00000000ff202040, 0x00000000ff2a0000)
  to   space 640K,   0% used [0x00000000ff160000, 0x00000000ff160000, 0x00000000ff200000)
 concurrent mark-sweep generation total 13696K, used 7341K [0x00000000ff2a0000, 0x0000000100000000, 0x0000000100000000)
 Metaspace       used 5077K, capacity 5258K, committed 5504K, reserved 1056768K
  class space    used 557K, capacity 597K, committed 640K, reserved 1048576K
}
{Heap before GC invocations=311 (full 36):
 par new generation   total 6144K, used 5237K [0x00000000fec00000, 0x00000000ff2a0000, 0x00000000ff2a0000)
  eden space 5504K,  95% used [0x00000000fec00000, 0x00000000ff11b780, 0x00000000ff160000)
  from space 640K,   1% used [0x00000000ff200000, 0x00000000ff202040, 0x00000000ff2a0000)
  to   space 640K,   0% used [0x00000000ff160000, 0x00000000ff160000, 0x00000000ff200000)
 concurrent mark-sweep generation total 13696K, used 7341K [0x00000000ff2a0000, 0x0000000100000000, 0x0000000100000000)
 Metaspace       used 5077K, capacity 5258K, committed 5504K, reserved 1056768K
  class space    used 557K, capacity 597K, committed 640K, reserved 1048576K
2024-07-16T17:58:55.387+0800: 2.531: [GC (Allocation Failure) 2024-07-16T17:58:55.387+0800: 2.531: [ParNew: 5237K->8K(6144K), 0.0003707 secs] 12579K->8375K(19840K), 0.0004570 secs] [Times: user=0.00 sys=0.00, real=0.00 secs] 
Heap after GC invocations=312 (full 36):
 par new generation   total 6144K, used 8K [0x00000000fec00000, 0x00000000ff2a0000, 0x00000000ff2a0000)
  eden space 5504K,   0% used [0x00000000fec00000, 0x00000000fec00000, 0x00000000ff160000)
  from space 640K,   1% used [0x00000000ff160000, 0x00000000ff162040, 0x00000000ff200000)
  to   space 640K,   0% used [0x00000000ff200000, 0x00000000ff200000, 0x00000000ff2a0000)
 concurrent mark-sweep generation total 13696K, used 8367K [0x00000000ff2a0000, 0x0000000100000000, 0x0000000100000000)
 Metaspace       used 5077K, capacity 5258K, committed 5504K, reserved 1056768K
  class space    used 557K, capacity 597K, committed 640K, reserved 1048576K
}
2024-07-16T17:58:55.387+0800: 2.532: [GC (CMS Initial Mark) [1 CMS-initial-mark: 8367K(13696K)] 9399K(19840K), 0.0002640 secs] [Times: user=0.00 sys=0.00, real=0.00 secs] 
2024-07-16T17:58:55.388+0800: 2.532: [CMS-concurrent-mark-start]
2024-07-16T17:58:55.390+0800: 2.534: [CMS-concurrent-mark: 0.002/0.002 secs] [Times: user=0.00 sys=0.00, real=0.00 secs] 
2024-07-16T17:58:55.390+0800: 2.534: [CMS-concurrent-preclean-start]
2024-07-16T17:58:55.390+0800: 2.534: [CMS-concurrent-preclean: 0.000/0.000 secs] [Times: user=0.00 sys=0.00, real=0.00 secs] 
2024-07-16T17:58:55.390+0800: 2.534: [CMS-concurrent-abortable-preclean-start]
{Heap before GC invocations=312 (full 37):
 par new generation   total 6144K, used 5237K [0x00000000fec00000, 0x00000000ff2a0000, 0x00000000ff2a0000)
  eden space 5504K,  95% used [0x00000000fec00000, 0x00000000ff11b780, 0x00000000ff160000)
  from space 640K,   1% used [0x00000000ff160000, 0x00000000ff162040, 0x00000000ff200000)
  to   space 640K,   0% used [0x00000000ff200000, 0x00000000ff200000, 0x00000000ff2a0000)
 concurrent mark-sweep generation total 13696K, used 8367K [0x00000000ff2a0000, 0x0000000100000000, 0x0000000100000000)
 Metaspace       used 5077K, capacity 5258K, committed 5504K, reserved 1056768K
  class space    used 557K, capacity 597K, committed 640K, reserved 1048576K
2024-07-16T17:58:55.396+0800: 2.540: [GC (Allocation Failure) 2024-07-16T17:58:55.396+0800: 2.540: [ParNew: 5237K->16K(6144K), 0.0009001 secs] 13605K->8383K(19840K), 0.0010016 secs] [Times: user=0.00 sys=0.00, real=0.00 secs] 
Heap after GC invocations=313 (full 37):
 par new generation   total 6144K, used 16K [0x00000000fec00000, 0x00000000ff2a0000, 0x00000000ff2a0000)
  eden space 5504K,   0% used [0x00000000fec00000, 0x00000000fec00000, 0x00000000ff160000)
  from space 640K,   2% used [0x00000000ff200000, 0x00000000ff204080, 0x00000000ff2a0000)
  to   space 640K,   0% used [0x00000000ff160000, 0x00000000ff160000, 0x00000000ff200000)
 concurrent mark-sweep generation total 13696K, used 8367K [0x00000000ff2a0000, 0x0000000100000000, 0x0000000100000000)
 Metaspace       used 5077K, capacity 5258K, committed 5504K, reserved 1056768K
  class space    used 557K, capacity 597K, committed 640K, reserved 1048576K
}
{Heap before GC invocations=313 (full 37):
 par new generation   total 6144K, used 5246K [0x00000000fec00000, 0x00000000ff2a0000, 0x00000000ff2a0000)
  eden space 5504K,  95% used [0x00000000fec00000, 0x00000000ff11b780, 0x00000000ff160000)
  from space 640K,   2% used [0x00000000ff200000, 0x00000000ff204080, 0x00000000ff2a0000)
  to   space 640K,   0% used [0x00000000ff160000, 0x00000000ff160000, 0x00000000ff200000)
 concurrent mark-sweep generation total 13696K, used 8367K [0x00000000ff2a0000, 0x0000000100000000, 0x0000000100000000)
 Metaspace       used 5077K, capacity 5258K, committed 5504K, reserved 1056768K
  class space    used 557K, capacity 597K, committed 640K, reserved 1048576K
2024-07-16T17:58:55.404+0800: 2.548: [GC (Allocation Failure) 2024-07-16T17:58:55.404+0800: 2.548: [ParNew: 5246K->18K(6144K), 0.0007205 secs] 13613K->9409K(19840K), 0.0008415 secs] [Times: user=0.00 sys=0.00, real=0.00 secs] 
Heap after GC invocations=314 (full 37):
 par new generation   total 6144K, used 18K [0x00000000fec00000, 0x00000000ff2a0000, 0x00000000ff2a0000)
  eden space 5504K,   0% used [0x00000000fec00000, 0x00000000fec00000, 0x00000000ff160000)
  from space 640K,   2% used [0x00000000ff160000, 0x00000000ff164890, 0x00000000ff200000)
  to   space 640K,   0% used [0x00000000ff200000, 0x00000000ff200000, 0x00000000ff2a0000)
 concurrent mark-sweep generation total 13696K, used 9391K [0x00000000ff2a0000, 0x0000000100000000, 0x0000000100000000)
 Metaspace       used 5077K, capacity 5258K, committed 5504K, reserved 1056768K
  class space    used 557K, capacity 597K, committed 640K, reserved 1048576K
}
{Heap before GC invocations=314 (full 37):
 par new generation   total 6144K, used 5248K [0x00000000fec00000, 0x00000000ff2a0000, 0x00000000ff2a0000)
  eden space 5504K,  95% used [0x00000000fec00000, 0x00000000ff11b780, 0x00000000ff160000)
  from space 640K,   2% used [0x00000000ff160000, 0x00000000ff164890, 0x00000000ff200000)
  to   space 640K,   0% used [0x00000000ff200000, 0x00000000ff200000, 0x00000000ff2a0000)
 concurrent mark-sweep generation total 13696K, used 9391K [0x00000000ff2a0000, 0x0000000100000000, 0x0000000100000000)
 Metaspace       used 5077K, capacity 5258K, committed 5504K, reserved 1056768K
  class space    used 557K, capacity 597K, committed 640K, reserved 1048576K
2024-07-16T17:58:55.412+0800: 2.556: [GC (Allocation Failure) 2024-07-16T17:58:55.412+0800: 2.556: [ParNew: 5248K->20K(6144K), 0.0003087 secs] 14639K->9411K(19840K), 0.0003493 secs] [Times: user=0.00 sys=0.00, real=0.00 secs] 
Heap after GC invocations=315 (full 37):
 par new generation   total 6144K, used 20K [0x00000000fec00000, 0x00000000ff2a0000, 0x00000000ff2a0000)
  eden space 5504K,   0% used [0x00000000fec00000, 0x00000000fec00000, 0x00000000ff160000)
  from space 640K,   3% used [0x00000000ff200000, 0x00000000ff2050a0, 0x00000000ff2a0000)
  to   space 640K,   0% used [0x00000000ff160000, 0x00000000ff160000, 0x00000000ff200000)
 concurrent mark-sweep generation total 13696K, used 9391K [0x00000000ff2a0000, 0x0000000100000000, 0x0000000100000000)
 Metaspace       used 5077K, capacity 5258K, committed 5504K, reserved 1056768K
  class space    used 557K, capacity 597K, committed 640K, reserved 1048576K
}
{Heap before GC invocations=315 (full 37):
 par new generation   total 6144K, used 5250K [0x00000000fec00000, 0x00000000ff2a0000, 0x00000000ff2a0000)
  eden space 5504K,  95% used [0x00000000fec00000, 0x00000000ff11b780, 0x00000000ff160000)
  from space 640K,   3% used [0x00000000ff200000, 0x00000000ff2050a0, 0x00000000ff2a0000)
  to   space 640K,   0% used [0x00000000ff160000, 0x00000000ff160000, 0x00000000ff200000)
 concurrent mark-sweep generation total 13696K, used 9391K [0x00000000ff2a0000, 0x0000000100000000, 0x0000000100000000)
 Metaspace       used 5077K, capacity 5258K, committed 5504K, reserved 1056768K
  class space    used 557K, capacity 597K, committed 640K, reserved 1048576K
2024-07-16T17:58:55.420+0800: 2.564: [GC (Allocation Failure) 2024-07-16T17:58:55.420+0800: 2.564: [ParNew: 5250K->18K(6144K), 0.0005180 secs] 14641K->9409K(19840K), 0.0006127 secs] [Times: user=0.00 sys=0.00, real=0.00 secs] 
Heap after GC invocations=316 (full 37):
 par new generation   total 6144K, used 18K [0x00000000fec00000, 0x00000000ff2a0000, 0x00000000ff2a0000)
  eden space 5504K,   0% used [0x00000000fec00000, 0x00000000fec00000, 0x00000000ff160000)
  from space 640K,   2% used [0x00000000ff160000, 0x00000000ff164890, 0x00000000ff200000)
  to   space 640K,   0% used [0x00000000ff200000, 0x00000000ff200000, 0x00000000ff2a0000)
 concurrent mark-sweep generation total 13696K, used 9391K [0x00000000ff2a0000, 0x0000000100000000, 0x0000000100000000)
 Metaspace       used 5077K, capacity 5258K, committed 5504K, reserved 1056768K
  class space    used 557K, capacity 597K, committed 640K, reserved 1048576K
}
{Heap before GC invocations=316 (full 37):
 par new generation   total 6144K, used 5248K [0x00000000fec00000, 0x00000000ff2a0000, 0x00000000ff2a0000)
  eden space 5504K,  95% used [0x00000000fec00000, 0x00000000ff11b780, 0x00000000ff160000)
  from space 640K,   2% used [0x00000000ff160000, 0x00000000ff164890, 0x00000000ff200000)
  to   space 640K,   0% used [0x00000000ff200000, 0x00000000ff200000, 0x00000000ff2a0000)
 concurrent mark-sweep generation total 13696K, used 9391K [0x00000000ff2a0000, 0x0000000100000000, 0x0000000100000000)
 Metaspace       used 5077K, capacity 5258K, committed 5504K, reserved 1056768K
  class space    used 557K, capacity 597K, committed 640K, reserved 1048576K
2024-07-16T17:58:55.428+0800: 2.572: [GC (Allocation Failure) 2024-07-16T17:58:55.428+0800: 2.572: [ParNew: 5248K->18K(6144K), 0.0004047 secs] 14639K->9409K(19840K), 0.0004457 secs] [Times: user=0.00 sys=0.00, real=0.00 secs] 
Heap after GC invocations=317 (full 37):
 par new generation   total 6144K, used 18K [0x00000000fec00000, 0x00000000ff2a0000, 0x00000000ff2a0000)
  eden space 5504K,   0% used [0x00000000fec00000, 0x00000000fec00000, 0x00000000ff160000)
  from space 640K,   2% used [0x00000000ff200000, 0x00000000ff204890, 0x00000000ff2a0000)
  to   space 640K,   0% used [0x00000000ff160000, 0x00000000ff160000, 0x00000000ff200000)
 concurrent mark-sweep generation total 13696K, used 9391K [0x00000000ff2a0000, 0x0000000100000000, 0x0000000100000000)
 Metaspace       used 5077K, capacity 5258K, committed 5504K, reserved 1056768K
  class space    used 557K, capacity 597K, committed 640K, reserved 1048576K
}
{Heap before GC invocations=317 (full 37):
 par new generation   total 6144K, used 5248K [0x00000000fec00000, 0x00000000ff2a0000, 0x00000000ff2a0000)
  eden space 5504K,  95% used [0x00000000fec00000, 0x00000000ff11b780, 0x00000000ff160000)
  from space 640K,   2% used [0x00000000ff200000, 0x00000000ff204890, 0x00000000ff2a0000)
  to   space 640K,   0% used [0x00000000ff160000, 0x00000000ff160000, 0x00000000ff200000)
 concurrent mark-sweep generation total 13696K, used 9391K [0x00000000ff2a0000, 0x0000000100000000, 0x0000000100000000)
 Metaspace       used 5077K, capacity 5258K, committed 5504K, reserved 1056768K
  class space    used 557K, capacity 597K, committed 640K, reserved 1048576K
2024-07-16T17:58:55.434+0800: 2.578: [GC (Allocation Failure) 2024-07-16T17:58:55.434+0800: 2.578: [ParNew: 5248K->18K(6144K), 0.0004101 secs] 14639K->10433K(19840K), 0.0004424 secs] [Times: user=0.00 sys=0.00, real=0.00 secs] 
Heap after GC invocations=318 (full 37):
 par new generation   total 6144K, used 18K [0x00000000fec00000, 0x00000000ff2a0000, 0x00000000ff2a0000)
  eden space 5504K,   0% used [0x00000000fec00000, 0x00000000fec00000, 0x00000000ff160000)
  from space 640K,   2% used [0x00000000ff160000, 0x00000000ff164890, 0x00000000ff200000)
  to   space 640K,   0% used [0x00000000ff200000, 0x00000000ff200000, 0x00000000ff2a0000)
 concurrent mark-sweep generation total 13696K, used 10415K [0x00000000ff2a0000, 0x0000000100000000, 0x0000000100000000)
 Metaspace       used 5077K, capacity 5258K, committed 5504K, reserved 1056768K
  class space    used 557K, capacity 597K, committed 640K, reserved 1048576K
}
{Heap before GC invocations=318 (full 37):
 par new generation   total 6144K, used 5248K [0x00000000fec00000, 0x00000000ff2a0000, 0x00000000ff2a0000)
  eden space 5504K,  95% used [0x00000000fec00000, 0x00000000ff11b780, 0x00000000ff160000)
  from space 640K,   2% used [0x00000000ff160000, 0x00000000ff164890, 0x00000000ff200000)
  to   space 640K,   0% used [0x00000000ff200000, 0x00000000ff200000, 0x00000000ff2a0000)
 concurrent mark-sweep generation total 13696K, used 10415K [0x00000000ff2a0000, 0x0000000100000000, 0x0000000100000000)
 Metaspace       used 5077K, capacity 5258K, committed 5504K, reserved 1056768K
  class space    used 557K, capacity 597K, committed 640K, reserved 1048576K
2024-07-16T17:58:55.441+0800: 2.585: [GC (Allocation Failure) 2024-07-16T17:58:55.441+0800: 2.585: [ParNew: 5248K->8K(6144K), 0.0003859 secs] 15663K->11454K(19840K), 0.0004633 secs] [Times: user=0.00 sys=0.00, real=0.00 secs] 
Heap after GC invocations=319 (full 37):
 par new generation   total 6144K, used 8K [0x00000000fec00000, 0x00000000ff2a0000, 0x00000000ff2a0000)
  eden space 5504K,   0% used [0x00000000fec00000, 0x00000000fec00000, 0x00000000ff160000)
  from space 640K,   1% used [0x00000000ff200000, 0x00000000ff202040, 0x00000000ff2a0000)
  to   space 640K,   0% used [0x00000000ff160000, 0x00000000ff160000, 0x00000000ff200000)
 concurrent mark-sweep generation total 13696K, used 11446K [0x00000000ff2a0000, 0x0000000100000000, 0x0000000100000000)
 Metaspace       used 5077K, capacity 5258K, committed 5504K, reserved 1056768K
  class space    used 557K, capacity 597K, committed 640K, reserved 1048576K
}
{Heap before GC invocations=319 (full 37):
 par new generation   total 6144K, used 5237K [0x00000000fec00000, 0x00000000ff2a0000, 0x00000000ff2a0000)
  eden space 5504K,  95% used [0x00000000fec00000, 0x00000000ff11b780, 0x00000000ff160000)
  from space 640K,   1% used [0x00000000ff200000, 0x00000000ff202040, 0x00000000ff2a0000)
  to   space 640K,   0% used [0x00000000ff160000, 0x00000000ff160000, 0x00000000ff200000)
 concurrent mark-sweep generation total 13696K, used 11446K [0x00000000ff2a0000, 0x0000000100000000, 0x0000000100000000)
 Metaspace       used 5077K, capacity 5258K, committed 5504K, reserved 1056768K
  class space    used 557K, capacity 597K, committed 640K, reserved 1048576K
2024-07-16T17:58:55.449+0800: 2.593: [GC (Allocation Failure) 2024-07-16T17:58:55.449+0800: 2.593: [ParNew: 5237K->4K(6144K), 0.0002683 secs] 16684K->11450K(19840K), 0.0003011 secs] [Times: user=0.00 sys=0.00, real=0.00 secs] 
Heap after GC invocations=320 (full 37):
 par new generation   total 6144K, used 4K [0x00000000fec00000, 0x00000000ff2a0000, 0x00000000ff2a0000)
  eden space 5504K,   0% used [0x00000000fec00000, 0x00000000fec00000, 0x00000000ff160000)
  from space 640K,   0% used [0x00000000ff160000, 0x00000000ff161020, 0x00000000ff200000)
  to   space 640K,   0% used [0x00000000ff200000, 0x00000000ff200000, 0x00000000ff2a0000)
 concurrent mark-sweep generation total 13696K, used 11446K [0x00000000ff2a0000, 0x0000000100000000, 0x0000000100000000)
 Metaspace       used 5077K, capacity 5258K, committed 5504K, reserved 1056768K
  class space    used 557K, capacity 597K, committed 640K, reserved 1048576K
}
{Heap before GC invocations=320 (full 37):
 par new generation   total 6144K, used 5233K [0x00000000fec00000, 0x00000000ff2a0000, 0x00000000ff2a0000)
  eden space 5504K,  95% used [0x00000000fec00000, 0x00000000ff11b780, 0x00000000ff160000)
  from space 640K,   0% used [0x00000000ff160000, 0x00000000ff161020, 0x00000000ff200000)
  to   space 640K,   0% used [0x00000000ff200000, 0x00000000ff200000, 0x00000000ff2a0000)
 concurrent mark-sweep generation total 13696K, used 11446K [0x00000000ff2a0000, 0x0000000100000000, 0x0000000100000000)
 Metaspace       used 5077K, capacity 5258K, committed 5504K, reserved 1056768K
  class space    used 557K, capacity 597K, committed 640K, reserved 1048576K
2024-07-16T17:58:55.456+0800: 2.600: [GC (Allocation Failure) 2024-07-16T17:58:55.456+0800: 2.600: [ParNew: 5233K->4K(6144K), 0.0003575 secs] 16680K->11450K(19840K), 0.0004500 secs] [Times: user=0.00 sys=0.00, real=0.00 secs] 
Heap after GC invocations=321 (full 37):
 par new generation   total 6144K, used 4K [0x00000000fec00000, 0x00000000ff2a0000, 0x00000000ff2a0000)
  eden space 5504K,   0% used [0x00000000fec00000, 0x00000000fec00000, 0x00000000ff160000)
  from space 640K,   0% used [0x00000000ff200000, 0x00000000ff201020, 0x00000000ff2a0000)
  to   space 640K,   0% used [0x00000000ff160000, 0x00000000ff160000, 0x00000000ff200000)
 concurrent mark-sweep generation total 13696K, used 11446K [0x00000000ff2a0000, 0x0000000100000000, 0x0000000100000000)
 Metaspace       used 5077K, capacity 5258K, committed 5504K, reserved 1056768K
  class space    used 557K, capacity 597K, committed 640K, reserved 1048576K
}
{Heap before GC invocations=321 (full 37):
 par new generation   total 6144K, used 5233K [0x00000000fec00000, 0x00000000ff2a0000, 0x00000000ff2a0000)
  eden space 5504K,  95% used [0x00000000fec00000, 0x00000000ff11b780, 0x00000000ff160000)
  from space 640K,   0% used [0x00000000ff200000, 0x00000000ff201020, 0x00000000ff2a0000)
  to   space 640K,   0% used [0x00000000ff160000, 0x00000000ff160000, 0x00000000ff200000)
 concurrent mark-sweep generation total 13696K, used 11446K [0x00000000ff2a0000, 0x0000000100000000, 0x0000000100000000)
 Metaspace       used 5077K, capacity 5258K, committed 5504K, reserved 1056768K
  class space    used 557K, capacity 597K, committed 640K, reserved 1048576K
2024-07-16T17:58:55.462+0800: 2.606: [GC (Allocation Failure) 2024-07-16T17:58:55.462+0800: 2.606: [ParNew: 5233K->8K(6144K), 0.0003855 secs] 16680K->12478K(19840K), 0.0004605 secs] [Times: user=0.00 sys=0.00, real=0.00 secs] 
Heap after GC invocations=322 (full 37):
 par new generation   total 6144K, used 8K [0x00000000fec00000, 0x00000000ff2a0000, 0x00000000ff2a0000)
  eden space 5504K,   0% used [0x00000000fec00000, 0x00000000fec00000, 0x00000000ff160000)
  from space 640K,   1% used [0x00000000ff160000, 0x00000000ff162040, 0x00000000ff200000)
  to   space 640K,   0% used [0x00000000ff200000, 0x00000000ff200000, 0x00000000ff2a0000)
 concurrent mark-sweep generation total 13696K, used 12470K [0x00000000ff2a0000, 0x0000000100000000, 0x0000000100000000)
 Metaspace       used 5077K, capacity 5258K, committed 5504K, reserved 1056768K
  class space    used 557K, capacity 597K, committed 640K, reserved 1048576K
}
{Heap before GC invocations=322 (full 37):
 par new generation   total 6144K, used 5237K [0x00000000fec00000, 0x00000000ff2a0000, 0x00000000ff2a0000)
  eden space 5504K,  95% used [0x00000000fec00000, 0x00000000ff11b780, 0x00000000ff160000)
  from space 640K,   1% used [0x00000000ff160000, 0x00000000ff162040, 0x00000000ff200000)
  to   space 640K,   0% used [0x00000000ff200000, 0x00000000ff200000, 0x00000000ff2a0000)
 concurrent mark-sweep generation total 13696K, used 12470K [0x00000000ff2a0000, 0x0000000100000000, 0x0000000100000000)
 Metaspace       used 5077K, capacity 5258K, committed 5504K, reserved 1056768K
  class space    used 557K, capacity 597K, committed 640K, reserved 1048576K
2024-07-16T17:58:55.469+0800: 2.613: [GC (Allocation Failure) 2024-07-16T17:58:55.469+0800: 2.613: [ParNew: 5237K->5237K(6144K), 0.0000128 secs]2024-07-16T17:58:55.469+0800: 2.613: [CMS2024-07-16T17:58:55.469+0800: 2.613: [CMS-concurrent-abortable-preclean: 0.001/0.079 secs] [Times: user=0.00 sys=0.00, real=0.08 secs] 
 (concurrent mode failure): 12470K->1187K(13696K), 0.0029532 secs] 17708K->1187K(19840K), [Metaspace: 5077K->5077K(1056768K)], 0.0030481 secs] [Times: user=0.02 sys=0.00, real=0.00 secs] 
Heap after GC invocations=323 (full 38):
 par new generation   total 6144K, used 0K [0x00000000fec00000, 0x00000000ff2a0000, 0x00000000ff2a0000)
  eden space 5504K,   0% used [0x00000000fec00000, 0x00000000fec00000, 0x00000000ff160000)
  from space 640K,   0% used [0x00000000ff160000, 0x00000000ff160000, 0x00000000ff200000)
  to   space 640K,   0% used [0x00000000ff200000, 0x00000000ff200000, 0x00000000ff2a0000)
 concurrent mark-sweep generation total 13696K, used 1187K [0x00000000ff2a0000, 0x0000000100000000, 0x0000000100000000)
 Metaspace       used 5077K, capacity 5258K, committed 5504K, reserved 1056768K
  class space    used 557K, capacity 597K, committed 640K, reserved 1048576K
}
{Heap before GC invocations=323 (full 38):
 par new generation   total 6144K, used 5229K [0x00000000fec00000, 0x00000000ff2a0000, 0x00000000ff2a0000)
  eden space 5504K,  95% used [0x00000000fec00000, 0x00000000ff11b780, 0x00000000ff160000)
  from space 640K,   0% used [0x00000000ff160000, 0x00000000ff160000, 0x00000000ff200000)
  to   space 640K,   0% used [0x00000000ff200000, 0x00000000ff200000, 0x00000000ff2a0000)
 concurrent mark-sweep generation total 13696K, used 1187K [0x00000000ff2a0000, 0x0000000100000000, 0x0000000100000000)
 Metaspace       used 5077K, capacity 5258K, committed 5504K, reserved 1056768K
  class space    used 557K, capacity 597K, committed 640K, reserved 1048576K
2024-07-16T17:58:55.479+0800: 2.623: [GC (Allocation Failure) 2024-07-16T17:58:55.479+0800: 2.623: [ParNew: 5229K->6K(6144K), 0.0009751 secs] 6417K->2219K(19840K), 0.0010810 secs] [Times: user=0.00 sys=0.00, real=0.00 secs] 
Heap after GC invocations=324 (full 38):
 par new generation   total 6144K, used 6K [0x00000000fec00000, 0x00000000ff2a0000, 0x00000000ff2a0000)
  eden space 5504K,   0% used [0x00000000fec00000, 0x00000000fec00000, 0x00000000ff160000)
  from space 640K,   0% used [0x00000000ff200000, 0x00000000ff201830, 0x00000000ff2a0000)
  to   space 640K,   0% used [0x00000000ff160000, 0x00000000ff160000, 0x00000000ff200000)
 concurrent mark-sweep generation total 13696K, used 2213K [0x00000000ff2a0000, 0x0000000100000000, 0x0000000100000000)
 Metaspace       used 5077K, capacity 5258K, committed 5504K, reserved 1056768K
  class space    used 557K, capacity 597K, committed 640K, reserved 1048576K
}
{Heap before GC invocations=324 (full 38):
 par new generation   total 6144K, used 5235K [0x00000000fec00000, 0x00000000ff2a0000, 0x00000000ff2a0000)
  eden space 5504K,  95% used [0x00000000fec00000, 0x00000000ff11b780, 0x00000000ff160000)
  from space 640K,   0% used [0x00000000ff200000, 0x00000000ff201830, 0x00000000ff2a0000)
  to   space 640K,   0% used [0x00000000ff160000, 0x00000000ff160000, 0x00000000ff200000)
 concurrent mark-sweep generation total 13696K, used 2213K [0x00000000ff2a0000, 0x0000000100000000, 0x0000000100000000)
 Metaspace       used 5077K, capacity 5258K, committed 5504K, reserved 1056768K
  class space    used 557K, capacity 597K, committed 640K, reserved 1048576K
2024-07-16T17:58:55.487+0800: 2.631: [GC (Allocation Failure) 2024-07-16T17:58:55.487+0800: 2.631: [ParNew: 5235K->6K(6144K), 0.0010132 secs] 7449K->3245K(19840K), 0.0011172 secs] [Times: user=0.00 sys=0.00, real=0.00 secs] 
Heap after GC invocations=325 (full 38):
 par new generation   total 6144K, used 6K [0x00000000fec00000, 0x00000000ff2a0000, 0x00000000ff2a0000)
  eden space 5504K,   0% used [0x00000000fec00000, 0x00000000fec00000, 0x00000000ff160000)
  from space 640K,   0% used [0x00000000ff160000, 0x00000000ff161830, 0x00000000ff200000)
  to   space 640K,   0% used [0x00000000ff200000, 0x00000000ff200000, 0x00000000ff2a0000)
 concurrent mark-sweep generation total 13696K, used 3239K [0x00000000ff2a0000, 0x0000000100000000, 0x0000000100000000)
 Metaspace       used 5077K, capacity 5258K, committed 5504K, reserved 1056768K
  class space    used 557K, capacity 597K, committed 640K, reserved 1048576K
}
{Heap before GC invocations=325 (full 38):
 par new generation   total 6144K, used 5235K [0x00000000fec00000, 0x00000000ff2a0000, 0x00000000ff2a0000)
  eden space 5504K,  95% used [0x00000000fec00000, 0x00000000ff11b780, 0x00000000ff160000)
  from space 640K,   0% used [0x00000000ff160000, 0x00000000ff161830, 0x00000000ff200000)
  to   space 640K,   0% used [0x00000000ff200000, 0x00000000ff200000, 0x00000000ff2a0000)
 concurrent mark-sweep generation total 13696K, used 3239K [0x00000000ff2a0000, 0x0000000100000000, 0x0000000100000000)
 Metaspace       used 5077K, capacity 5258K, committed 5504K, reserved 1056768K
  class space    used 557K, capacity 597K, committed 640K, reserved 1048576K
2024-07-16T17:58:55.496+0800: 2.640: [GC (Allocation Failure) 2024-07-16T17:58:55.496+0800: 2.640: [ParNew: 5235K->6K(6144K), 0.0008772 secs] 8475K->4271K(19840K), 0.0010536 secs] [Times: user=0.00 sys=0.00, real=0.00 secs] 
Heap after GC invocations=326 (full 38):
 par new generation   total 6144K, used 6K [0x00000000fec00000, 0x00000000ff2a0000, 0x00000000ff2a0000)
  eden space 5504K,   0% used [0x00000000fec00000, 0x00000000fec00000, 0x00000000ff160000)
  from space 640K,   0% used [0x00000000ff200000, 0x00000000ff201830, 0x00000000ff2a0000)
  to   space 640K,   0% used [0x00000000ff160000, 0x00000000ff160000, 0x00000000ff200000)
 concurrent mark-sweep generation total 13696K, used 4265K [0x00000000ff2a0000, 0x0000000100000000, 0x0000000100000000)
 Metaspace       used 5077K, capacity 5258K, committed 5504K, reserved 1056768K
  class space    used 557K, capacity 597K, committed 640K, reserved 1048576K
}
{Heap before GC invocations=326 (full 38):
 par new generation   total 6144K, used 5235K [0x00000000fec00000, 0x00000000ff2a0000, 0x00000000ff2a0000)
  eden space 5504K,  95% used [0x00000000fec00000, 0x00000000ff11b780, 0x00000000ff160000)
  from space 640K,   0% used [0x00000000ff200000, 0x00000000ff201830, 0x00000000ff2a0000)
  to   space 640K,   0% used [0x00000000ff160000, 0x00000000ff160000, 0x00000000ff200000)
 concurrent mark-sweep generation total 13696K, used 4265K [0x00000000ff2a0000, 0x0000000100000000, 0x0000000100000000)
 Metaspace       used 5077K, capacity 5258K, committed 5504K, reserved 1056768K
  class space    used 557K, capacity 597K, committed 640K, reserved 1048576K
2024-07-16T17:58:55.505+0800: 2.649: [GC (Allocation Failure) 2024-07-16T17:58:55.505+0800: 2.649: [ParNew: 5235K->4K(6144K), 0.0007953 secs] 9501K->4269K(19840K), 0.0008881 secs] [Times: user=0.00 sys=0.00, real=0.00 secs] 
Heap after GC invocations=327 (full 38):
 par new generation   total 6144K, used 4K [0x00000000fec00000, 0x00000000ff2a0000, 0x00000000ff2a0000)
  eden space 5504K,   0% used [0x00000000fec00000, 0x00000000fec00000, 0x00000000ff160000)
  from space 640K,   0% used [0x00000000ff160000, 0x00000000ff161020, 0x00000000ff200000)
  to   space 640K,   0% used [0x00000000ff200000, 0x00000000ff200000, 0x00000000ff2a0000)
 concurrent mark-sweep generation total 13696K, used 4265K [0x00000000ff2a0000, 0x0000000100000000, 0x0000000100000000)
 Metaspace       used 5077K, capacity 5258K, committed 5504K, reserved 1056768K
  class space    used 557K, capacity 597K, committed 640K, reserved 1048576K
}
{Heap before GC invocations=327 (full 38):
 par new generation   total 6144K, used 5233K [0x00000000fec00000, 0x00000000ff2a0000, 0x00000000ff2a0000)
  eden space 5504K,  95% used [0x00000000fec00000, 0x00000000ff11b780, 0x00000000ff160000)
  from space 640K,   0% used [0x00000000ff160000, 0x00000000ff161020, 0x00000000ff200000)
  to   space 640K,   0% used [0x00000000ff200000, 0x00000000ff200000, 0x00000000ff2a0000)
 concurrent mark-sweep generation total 13696K, used 4265K [0x00000000ff2a0000, 0x0000000100000000, 0x0000000100000000)
 Metaspace       used 5077K, capacity 5258K, committed 5504K, reserved 1056768K
  class space    used 557K, capacity 597K, committed 640K, reserved 1048576K
2024-07-16T17:58:55.514+0800: 2.658: [GC (Allocation Failure) 2024-07-16T17:58:55.514+0800: 2.658: [ParNew: 5233K->8K(6144K), 0.0011774 secs] 9499K->5299K(19840K), 0.0013011 secs] [Times: user=0.00 sys=0.00, real=0.00 secs] 
Heap after GC invocations=328 (full 38):
 par new generation   total 6144K, used 8K [0x00000000fec00000, 0x00000000ff2a0000, 0x00000000ff2a0000)
  eden space 5504K,   0% used [0x00000000fec00000, 0x00000000fec00000, 0x00000000ff160000)
  from space 640K,   1% used [0x00000000ff200000, 0x00000000ff202040, 0x00000000ff2a0000)
  to   space 640K,   0% used [0x00000000ff160000, 0x00000000ff160000, 0x00000000ff200000)
 concurrent mark-sweep generation total 13696K, used 5291K [0x00000000ff2a0000, 0x0000000100000000, 0x0000000100000000)
 Metaspace       used 5077K, capacity 5258K, committed 5504K, reserved 1056768K
  class space    used 557K, capacity 597K, committed 640K, reserved 1048576K
}
{Heap before GC invocations=328 (full 38):
 par new generation   total 6144K, used 5237K [0x00000000fec00000, 0x00000000ff2a0000, 0x00000000ff2a0000)
  eden space 5504K,  95% used [0x00000000fec00000, 0x00000000ff11b780, 0x00000000ff160000)
  from space 640K,   1% used [0x00000000ff200000, 0x00000000ff202040, 0x00000000ff2a0000)
  to   space 640K,   0% used [0x00000000ff160000, 0x00000000ff160000, 0x00000000ff200000)
 concurrent mark-sweep generation total 13696K, used 5291K [0x00000000ff2a0000, 0x0000000100000000, 0x0000000100000000)
 Metaspace       used 5077K, capacity 5258K, committed 5504K, reserved 1056768K
  class space    used 557K, capacity 597K, committed 640K, reserved 1048576K
2024-07-16T17:58:55.523+0800: 2.667: [GC (Allocation Failure) 2024-07-16T17:58:55.523+0800: 2.667: [ParNew: 5237K->2K(6144K), 0.0007227 secs] 10529K->5293K(19840K), 0.0008348 secs] [Times: user=0.00 sys=0.00, real=0.00 secs] 
Heap after GC invocations=329 (full 38):
 par new generation   total 6144K, used 2K [0x00000000fec00000, 0x00000000ff2a0000, 0x00000000ff2a0000)
  eden space 5504K,   0% used [0x00000000fec00000, 0x00000000fec00000, 0x00000000ff160000)
  from space 640K,   0% used [0x00000000ff160000, 0x00000000ff160810, 0x00000000ff200000)
  to   space 640K,   0% used [0x00000000ff200000, 0x00000000ff200000, 0x00000000ff2a0000)
 concurrent mark-sweep generation total 13696K, used 5291K [0x00000000ff2a0000, 0x0000000100000000, 0x0000000100000000)
 Metaspace       used 5077K, capacity 5258K, committed 5504K, reserved 1056768K
  class space    used 557K, capacity 597K, committed 640K, reserved 1048576K
}
{Heap before GC invocations=329 (full 38):
 par new generation   total 6144K, used 5231K [0x00000000fec00000, 0x00000000ff2a0000, 0x00000000ff2a0000)
  eden space 5504K,  95% used [0x00000000fec00000, 0x00000000ff11b780, 0x00000000ff160000)
  from space 640K,   0% used [0x00000000ff160000, 0x00000000ff160810, 0x00000000ff200000)
  to   space 640K,   0% used [0x00000000ff200000, 0x00000000ff200000, 0x00000000ff2a0000)
 concurrent mark-sweep generation total 13696K, used 5291K [0x00000000ff2a0000, 0x0000000100000000, 0x0000000100000000)
 Metaspace       used 5077K, capacity 5258K, committed 5504K, reserved 1056768K
  class space    used 557K, capacity 597K, committed 640K, reserved 1048576K
2024-07-16T17:58:55.532+0800: 2.676: [GC (Allocation Failure) 2024-07-16T17:58:55.532+0800: 2.676: [ParNew: 5231K->4K(6144K), 0.0005495 secs] 10523K->5295K(19840K), 0.0006212 secs] [Times: user=0.00 sys=0.00, real=0.00 secs] 
Heap after GC invocations=330 (full 38):
 par new generation   total 6144K, used 4K [0x00000000fec00000, 0x00000000ff2a0000, 0x00000000ff2a0000)
  eden space 5504K,   0% used [0x00000000fec00000, 0x00000000fec00000, 0x00000000ff160000)
  from space 640K,   0% used [0x00000000ff200000, 0x00000000ff201020, 0x00000000ff2a0000)
  to   space 640K,   0% used [0x00000000ff160000, 0x00000000ff160000, 0x00000000ff200000)
 concurrent mark-sweep generation total 13696K, used 5291K [0x00000000ff2a0000, 0x0000000100000000, 0x0000000100000000)
 Metaspace       used 5077K, capacity 5258K, committed 5504K, reserved 1056768K
  class space    used 557K, capacity 597K, committed 640K, reserved 1048576K
}
{Heap before GC invocations=330 (full 38):
 par new generation   total 6144K, used 5233K [0x00000000fec00000, 0x00000000ff2a0000, 0x00000000ff2a0000)
  eden space 5504K,  95% used [0x00000000fec00000, 0x00000000ff11b780, 0x00000000ff160000)
  from space 640K,   0% used [0x00000000ff200000, 0x00000000ff201020, 0x00000000ff2a0000)
  to   space 640K,   0% used [0x00000000ff160000, 0x00000000ff160000, 0x00000000ff200000)
 concurrent mark-sweep generation total 13696K, used 5291K [0x00000000ff2a0000, 0x0000000100000000, 0x0000000100000000)
 Metaspace       used 5077K, capacity 5258K, committed 5504K, reserved 1056768K
  class space    used 557K, capacity 597K, committed 640K, reserved 1048576K
2024-07-16T17:58:55.539+0800: 2.683: [GC (Allocation Failure) 2024-07-16T17:58:55.539+0800: 2.683: [ParNew: 5233K->8K(6144K), 0.0010783 secs] 10525K->6323K(19840K), 0.0011851 secs] [Times: user=0.00 sys=0.00, real=0.00 secs] 
Heap after GC invocations=331 (full 38):
 par new generation   total 6144K, used 8K [0x00000000fec00000, 0x00000000ff2a0000, 0x00000000ff2a0000)
  eden space 5504K,   0% used [0x00000000fec00000, 0x00000000fec00000, 0x00000000ff160000)
  from space 640K,   1% used [0x00000000ff160000, 0x00000000ff162040, 0x00000000ff200000)
  to   space 640K,   0% used [0x00000000ff200000, 0x00000000ff200000, 0x00000000ff2a0000)
 concurrent mark-sweep generation total 13696K, used 6315K [0x00000000ff2a0000, 0x0000000100000000, 0x0000000100000000)
 Metaspace       used 5077K, capacity 5258K, committed 5504K, reserved 1056768K
  class space    used 557K, capacity 597K, committed 640K, reserved 1048576K
}
{Heap before GC invocations=331 (full 38):
 par new generation   total 6144K, used 5237K [0x00000000fec00000, 0x00000000ff2a0000, 0x00000000ff2a0000)
  eden space 5504K,  95% used [0x00000000fec00000, 0x00000000ff11b780, 0x00000000ff160000)
  from space 640K,   1% used [0x00000000ff160000, 0x00000000ff162040, 0x00000000ff200000)
  to   space 640K,   0% used [0x00000000ff200000, 0x00000000ff200000, 0x00000000ff2a0000)
 concurrent mark-sweep generation total 13696K, used 6315K [0x00000000ff2a0000, 0x0000000100000000, 0x0000000100000000)
 Metaspace       used 5077K, capacity 5258K, committed 5504K, reserved 1056768K
  class space    used 557K, capacity 597K, committed 640K, reserved 1048576K
2024-07-16T17:58:55.547+0800: 2.691: [GC (Allocation Failure) 2024-07-16T17:58:55.547+0800: 2.691: [ParNew: 5237K->4K(6144K), 0.0011987 secs] 11553K->7345K(19840K), 0.0012978 secs] [Times: user=0.00 sys=0.00, real=0.00 secs] 
Heap after GC invocations=332 (full 38):
 par new generation   total 6144K, used 4K [0x00000000fec00000, 0x00000000ff2a0000, 0x00000000ff2a0000)
  eden space 5504K,   0% used [0x00000000fec00000, 0x00000000fec00000, 0x00000000ff160000)
  from space 640K,   0% used [0x00000000ff200000, 0x00000000ff201020, 0x00000000ff2a0000)
  to   space 640K,   0% used [0x00000000ff160000, 0x00000000ff160000, 0x00000000ff200000)
 concurrent mark-sweep generation total 13696K, used 7341K [0x00000000ff2a0000, 0x0000000100000000, 0x0000000100000000)
 Metaspace       used 5077K, capacity 5258K, committed 5504K, reserved 1056768K
  class space    used 557K, capacity 597K, committed 640K, reserved 1048576K
}
{Heap before GC invocations=332 (full 38):
 par new generation   total 6144K, used 5233K [0x00000000fec00000, 0x00000000ff2a0000, 0x00000000ff2a0000)
  eden space 5504K,  95% used [0x00000000fec00000, 0x00000000ff11b780, 0x00000000ff160000)
  from space 640K,   0% used [0x00000000ff200000, 0x00000000ff201020, 0x00000000ff2a0000)
  to   space 640K,   0% used [0x00000000ff160000, 0x00000000ff160000, 0x00000000ff200000)
 concurrent mark-sweep generation total 13696K, used 7341K [0x00000000ff2a0000, 0x0000000100000000, 0x0000000100000000)
 Metaspace       used 5077K, capacity 5258K, committed 5504K, reserved 1056768K
  class space    used 557K, capacity 597K, committed 640K, reserved 1048576K
2024-07-16T17:58:55.556+0800: 2.700: [GC (Allocation Failure) 2024-07-16T17:58:55.556+0800: 2.700: [ParNew: 5233K->2K(6144K), 0.0004809 secs] 12575K->7343K(19840K), 0.0005324 secs] [Times: user=0.00 sys=0.00, real=0.00 secs] 
Heap after GC invocations=333 (full 38):
 par new generation   total 6144K, used 2K [0x00000000fec00000, 0x00000000ff2a0000, 0x00000000ff2a0000)
  eden space 5504K,   0% used [0x00000000fec00000, 0x00000000fec00000, 0x00000000ff160000)
  from space 640K,   0% used [0x00000000ff160000, 0x00000000ff160810, 0x00000000ff200000)
  to   space 640K,   0% used [0x00000000ff200000, 0x00000000ff200000, 0x00000000ff2a0000)
 concurrent mark-sweep generation total 13696K, used 7341K [0x00000000ff2a0000, 0x0000000100000000, 0x0000000100000000)
 Metaspace       used 5077K, capacity 5258K, committed 5504K, reserved 1056768K
  class space    used 557K, capacity 597K, committed 640K, reserved 1048576K
}
{Heap before GC invocations=333 (full 38):
 par new generation   total 6144K, used 5231K [0x00000000fec00000, 0x00000000ff2a0000, 0x00000000ff2a0000)
  eden space 5504K,  95% used [0x00000000fec00000, 0x00000000ff11b780, 0x00000000ff160000)
  from space 640K,   0% used [0x00000000ff160000, 0x00000000ff160810, 0x00000000ff200000)
  to   space 640K,   0% used [0x00000000ff200000, 0x00000000ff200000, 0x00000000ff2a0000)
 concurrent mark-sweep generation total 13696K, used 7341K [0x00000000ff2a0000, 0x0000000100000000, 0x0000000100000000)
 Metaspace       used 5077K, capacity 5258K, committed 5504K, reserved 1056768K
  class space    used 557K, capacity 597K, committed 640K, reserved 1048576K
2024-07-16T17:58:55.563+0800: 2.707: [GC (Allocation Failure) 2024-07-16T17:58:55.563+0800: 2.707: [ParNew: 5231K->4K(6144K), 0.0004792 secs] 12573K->7345K(19840K), 0.0005410 secs] [Times: user=0.00 sys=0.00, real=0.00 secs] 
Heap after GC invocations=334 (full 38):
 par new generation   total 6144K, used 4K [0x00000000fec00000, 0x00000000ff2a0000, 0x00000000ff2a0000)
  eden space 5504K,   0% used [0x00000000fec00000, 0x00000000fec00000, 0x00000000ff160000)
  from space 640K,   0% used [0x00000000ff200000, 0x00000000ff201020, 0x00000000ff2a0000)
  to   space 640K,   0% used [0x00000000ff160000, 0x00000000ff160000, 0x00000000ff200000)
 concurrent mark-sweep generation total 13696K, used 7341K [0x00000000ff2a0000, 0x0000000100000000, 0x0000000100000000)
 Metaspace       used 5077K, capacity 5258K, committed 5504K, reserved 1056768K
  class space    used 557K, capacity 597K, committed 640K, reserved 1048576K
}
{Heap before GC invocations=334 (full 38):
 par new generation   total 6144K, used 5233K [0x00000000fec00000, 0x00000000ff2a0000, 0x00000000ff2a0000)
  eden space 5504K,  95% used [0x00000000fec00000, 0x00000000ff11b780, 0x00000000ff160000)
  from space 640K,   0% used [0x00000000ff200000, 0x00000000ff201020, 0x00000000ff2a0000)
  to   space 640K,   0% used [0x00000000ff160000, 0x00000000ff160000, 0x00000000ff200000)
 concurrent mark-sweep generation total 13696K, used 7341K [0x00000000ff2a0000, 0x0000000100000000, 0x0000000100000000)
 Metaspace       used 5077K, capacity 5258K, committed 5504K, reserved 1056768K
  class space    used 557K, capacity 597K, committed 640K, reserved 1048576K
2024-07-16T17:58:55.570+0800: 2.714: [GC (Allocation Failure) 2024-07-16T17:58:55.570+0800: 2.714: [ParNew: 5233K->8K(6144K), 0.0005449 secs] 12575K->8375K(19840K), 0.0005996 secs] [Times: user=0.00 sys=0.00, real=0.00 secs] 
Heap after GC invocations=335 (full 38):
 par new generation   total 6144K, used 8K [0x00000000fec00000, 0x00000000ff2a0000, 0x00000000ff2a0000)
  eden space 5504K,   0% used [0x00000000fec00000, 0x00000000fec00000, 0x00000000ff160000)
  from space 640K,   1% used [0x00000000ff160000, 0x00000000ff162040, 0x00000000ff200000)
  to   space 640K,   0% used [0x00000000ff200000, 0x00000000ff200000, 0x00000000ff2a0000)
 concurrent mark-sweep generation total 13696K, used 8367K [0x00000000ff2a0000, 0x0000000100000000, 0x0000000100000000)
 Metaspace       used 5077K, capacity 5258K, committed 5504K, reserved 1056768K
  class space    used 557K, capacity 597K, committed 640K, reserved 1048576K
}
2024-07-16T17:58:55.570+0800: 2.715: [GC (CMS Initial Mark) [1 CMS-initial-mark: 8367K(13696K)] 9399K(19840K), 0.0002454 secs] [Times: user=0.00 sys=0.00, real=0.00 secs] 
2024-07-16T17:58:55.571+0800: 2.715: [CMS-concurrent-mark-start]
2024-07-16T17:58:55.572+0800: 2.717: [CMS-concurrent-mark: 0.002/0.002 secs] [Times: user=0.00 sys=0.00, real=0.00 secs] 
2024-07-16T17:58:55.573+0800: 2.717: [CMS-concurrent-preclean-start]
2024-07-16T17:58:55.573+0800: 2.717: [CMS-concurrent-preclean: 0.000/0.000 secs] [Times: user=0.00 sys=0.00, real=0.00 secs] 
2024-07-16T17:58:55.573+0800: 2.717: [CMS-concurrent-abortable-preclean-start]
{Heap before GC invocations=335 (full 39):
 par new generation   total 6144K, used 5237K [0x00000000fec00000, 0x00000000ff2a0000, 0x00000000ff2a0000)
  eden space 5504K,  95% used [0x00000000fec00000, 0x00000000ff11b780, 0x00000000ff160000)
  from space 640K,   1% used [0x00000000ff160000, 0x00000000ff162040, 0x00000000ff200000)
  to   space 640K,   0% used [0x00000000ff200000, 0x00000000ff200000, 0x00000000ff2a0000)
 concurrent mark-sweep generation total 13696K, used 8367K [0x00000000ff2a0000, 0x0000000100000000, 0x0000000100000000)
 Metaspace       used 5077K, capacity 5258K, committed 5504K, reserved 1056768K
  class space    used 557K, capacity 597K, committed 640K, reserved 1048576K
2024-07-16T17:58:55.578+0800: 2.722: [GC (Allocation Failure) 2024-07-16T17:58:55.578+0800: 2.722: [ParNew: 5237K->4K(6144K), 0.0003434 secs] 13605K->9397K(19840K), 0.0003679 secs] [Times: user=0.00 sys=0.00, real=0.00 secs] 
Heap after GC invocations=336 (full 39):
 par new generation   total 6144K, used 4K [0x00000000fec00000, 0x00000000ff2a0000, 0x00000000ff2a0000)
  eden space 5504K,   0% used [0x00000000fec00000, 0x00000000fec00000, 0x00000000ff160000)
  from space 640K,   0% used [0x00000000ff200000, 0x00000000ff201020, 0x00000000ff2a0000)
  to   space 640K,   0% used [0x00000000ff160000, 0x00000000ff160000, 0x00000000ff200000)
 concurrent mark-sweep generation total 13696K, used 9393K [0x00000000ff2a0000, 0x0000000100000000, 0x0000000100000000)
 Metaspace       used 5077K, capacity 5258K, committed 5504K, reserved 1056768K
  class space    used 557K, capacity 597K, committed 640K, reserved 1048576K
}
{Heap before GC invocations=336 (full 39):
 par new generation   total 6144K, used 5233K [0x00000000fec00000, 0x00000000ff2a0000, 0x00000000ff2a0000)
  eden space 5504K,  95% used [0x00000000fec00000, 0x00000000ff11b780, 0x00000000ff160000)
  from space 640K,   0% used [0x00000000ff200000, 0x00000000ff201020, 0x00000000ff2a0000)
  to   space 640K,   0% used [0x00000000ff160000, 0x00000000ff160000, 0x00000000ff200000)
 concurrent mark-sweep generation total 13696K, used 9393K [0x00000000ff2a0000, 0x0000000100000000, 0x0000000100000000)
 Metaspace       used 5077K, capacity 5258K, committed 5504K, reserved 1056768K
  class space    used 557K, capacity 597K, committed 640K, reserved 1048576K
2024-07-16T17:58:55.585+0800: 2.729: [GC (Allocation Failure) 2024-07-16T17:58:55.585+0800: 2.729: [ParNew: 5233K->2K(6144K), 0.0003825 secs] 14627K->9395K(19840K), 0.0004246 secs] [Times: user=0.00 sys=0.00, real=0.00 secs] 
Heap after GC invocations=337 (full 39):
 par new generation   total 6144K, used 2K [0x00000000fec00000, 0x00000000ff2a0000, 0x00000000ff2a0000)
  eden space 5504K,   0% used [0x00000000fec00000, 0x00000000fec00000, 0x00000000ff160000)
  from space 640K,   0% used [0x00000000ff160000, 0x00000000ff160810, 0x00000000ff200000)
  to   space 640K,   0% used [0x00000000ff200000, 0x00000000ff200000, 0x00000000ff2a0000)
 concurrent mark-sweep generation total 13696K, used 9393K [0x00000000ff2a0000, 0x0000000100000000, 0x0000000100000000)
 Metaspace       used 5077K, capacity 5258K, committed 5504K, reserved 1056768K
  class space    used 557K, capacity 597K, committed 640K, reserved 1048576K
}
{Heap before GC invocations=337 (full 39):
 par new generation   total 6144K, used 5231K [0x00000000fec00000, 0x00000000ff2a0000, 0x00000000ff2a0000)
  eden space 5504K,  95% used [0x00000000fec00000, 0x00000000ff11b780, 0x00000000ff160000)
  from space 640K,   0% used [0x00000000ff160000, 0x00000000ff160810, 0x00000000ff200000)
  to   space 640K,   0% used [0x00000000ff200000, 0x00000000ff200000, 0x00000000ff2a0000)
 concurrent mark-sweep generation total 13696K, used 9393K [0x00000000ff2a0000, 0x0000000100000000, 0x0000000100000000)
 Metaspace       used 5077K, capacity 5258K, committed 5504K, reserved 1056768K
  class space    used 557K, capacity 597K, committed 640K, reserved 1048576K
2024-07-16T17:58:55.592+0800: 2.736: [GC (Allocation Failure) 2024-07-16T17:58:55.592+0800: 2.736: [ParNew: 5231K->4K(6144K), 0.0008281 secs] 14625K->10421K(19840K), 0.0009176 secs] [Times: user=0.00 sys=0.00, real=0.00 secs] 
Heap after GC invocations=338 (full 39):
 par new generation   total 6144K, used 4K [0x00000000fec00000, 0x00000000ff2a0000, 0x00000000ff2a0000)
  eden space 5504K,   0% used [0x00000000fec00000, 0x00000000fec00000, 0x00000000ff160000)
  from space 640K,   0% used [0x00000000ff200000, 0x00000000ff201020, 0x00000000ff2a0000)
  to   space 640K,   0% used [0x00000000ff160000, 0x00000000ff160000, 0x00000000ff200000)
 concurrent mark-sweep generation total 13696K, used 10417K [0x00000000ff2a0000, 0x0000000100000000, 0x0000000100000000)
 Metaspace       used 5077K, capacity 5258K, committed 5504K, reserved 1056768K
  class space    used 557K, capacity 597K, committed 640K, reserved 1048576K
}
{Heap before GC invocations=338 (full 39):
 par new generation   total 6144K, used 5233K [0x00000000fec00000, 0x00000000ff2a0000, 0x00000000ff2a0000)
  eden space 5504K,  95% used [0x00000000fec00000, 0x00000000ff11b780, 0x00000000ff160000)
  from space 640K,   0% used [0x00000000ff200000, 0x00000000ff201020, 0x00000000ff2a0000)
  to   space 640K,   0% used [0x00000000ff160000, 0x00000000ff160000, 0x00000000ff200000)
 concurrent mark-sweep generation total 13696K, used 10417K [0x00000000ff2a0000, 0x0000000100000000, 0x0000000100000000)
 Metaspace       used 5077K, capacity 5258K, committed 5504K, reserved 1056768K
  class space    used 557K, capacity 597K, committed 640K, reserved 1048576K
2024-07-16T17:58:55.600+0800: 2.744: [GC (Allocation Failure) 2024-07-16T17:58:55.600+0800: 2.744: [ParNew: 5233K->6K(6144K), 0.0005976 secs] 15651K->11447K(19840K), 0.0006395 secs] [Times: user=0.00 sys=0.00, real=0.00 secs] 
Heap after GC invocations=339 (full 39):
 par new generation   total 6144K, used 6K [0x00000000fec00000, 0x00000000ff2a0000, 0x00000000ff2a0000)
  eden space 5504K,   0% used [0x00000000fec00000, 0x00000000fec00000, 0x00000000ff160000)
  from space 640K,   0% used [0x00000000ff160000, 0x00000000ff161830, 0x00000000ff200000)
  to   space 640K,   0% used [0x00000000ff200000, 0x00000000ff200000, 0x00000000ff2a0000)
 concurrent mark-sweep generation total 13696K, used 11441K [0x00000000ff2a0000, 0x0000000100000000, 0x0000000100000000)
 Metaspace       used 5077K, capacity 5258K, committed 5504K, reserved 1056768K
  class space    used 557K, capacity 597K, committed 640K, reserved 1048576K
}
{Heap before GC invocations=339 (full 39):
 par new generation   total 6144K, used 5235K [0x00000000fec00000, 0x00000000ff2a0000, 0x00000000ff2a0000)
  eden space 5504K,  95% used [0x00000000fec00000, 0x00000000ff11b780, 0x00000000ff160000)
  from space 640K,   0% used [0x00000000ff160000, 0x00000000ff161830, 0x00000000ff200000)
  to   space 640K,   0% used [0x00000000ff200000, 0x00000000ff200000, 0x00000000ff2a0000)
 concurrent mark-sweep generation total 13696K, used 11441K [0x00000000ff2a0000, 0x0000000100000000, 0x0000000100000000)
 Metaspace       used 5077K, capacity 5258K, committed 5504K, reserved 1056768K
  class space    used 557K, capacity 597K, committed 640K, reserved 1048576K
2024-07-16T17:58:55.606+0800: 2.750: [GC (Allocation Failure) 2024-07-16T17:58:55.606+0800: 2.750: [ParNew: 5235K->6K(6144K), 0.0009347 secs] 16677K->12474K(19840K), 0.0009815 secs] [Times: user=0.00 sys=0.00, real=0.00 secs] 
Heap after GC invocations=340 (full 39):
 par new generation   total 6144K, used 6K [0x00000000fec00000, 0x00000000ff2a0000, 0x00000000ff2a0000)
  eden space 5504K,   0% used [0x00000000fec00000, 0x00000000fec00000, 0x00000000ff160000)
  from space 640K,   0% used [0x00000000ff200000, 0x00000000ff201830, 0x00000000ff2a0000)
  to   space 640K,   0% used [0x00000000ff160000, 0x00000000ff160000, 0x00000000ff200000)
 concurrent mark-sweep generation total 13696K, used 12467K [0x00000000ff2a0000, 0x0000000100000000, 0x0000000100000000)
 Metaspace       used 5077K, capacity 5258K, committed 5504K, reserved 1056768K
  class space    used 557K, capacity 597K, committed 640K, reserved 1048576K
}
{Heap before GC invocations=340 (full 39):
 par new generation   total 6144K, used 5235K [0x00000000fec00000, 0x00000000ff2a0000, 0x00000000ff2a0000)
  eden space 5504K,  95% used [0x00000000fec00000, 0x00000000ff11b780, 0x00000000ff160000)
  from space 640K,   0% used [0x00000000ff200000, 0x00000000ff201830, 0x00000000ff2a0000)
  to   space 640K,   0% used [0x00000000ff160000, 0x00000000ff160000, 0x00000000ff200000)
 concurrent mark-sweep generation total 13696K, used 12467K [0x00000000ff2a0000, 0x0000000100000000, 0x0000000100000000)
 Metaspace       used 5077K, capacity 5258K, committed 5504K, reserved 1056768K
  class space    used 557K, capacity 597K, committed 640K, reserved 1048576K
2024-07-16T17:58:55.614+0800: 2.758: [GC (Allocation Failure) 2024-07-16T17:58:55.614+0800: 2.758: [ParNew: 5235K->5235K(6144K), 0.0000213 secs]2024-07-16T17:58:55.614+0800: 2.758: [CMS2024-07-16T17:58:55.614+0800: 2.758: [CMS-concurrent-abortable-preclean: 0.000/0.041 secs] [Times: user=0.00 sys=0.00, real=0.04 secs] 
 (concurrent mode failure): 12467K->2211K(13696K), 0.0043270 secs] 17703K->2211K(19840K), [Metaspace: 5077K->5077K(1056768K)], 0.0044392 secs] [Times: user=0.00 sys=0.00, real=0.00 secs] 
Heap after GC invocations=341 (full 40):
 par new generation   total 6144K, used 0K [0x00000000fec00000, 0x00000000ff2a0000, 0x00000000ff2a0000)
  eden space 5504K,   0% used [0x00000000fec00000, 0x00000000fec00000, 0x00000000ff160000)
  from space 640K,   0% used [0x00000000ff200000, 0x00000000ff200000, 0x00000000ff2a0000)
  to   space 640K,   0% used [0x00000000ff160000, 0x00000000ff160000, 0x00000000ff200000)
 concurrent mark-sweep generation total 13696K, used 2211K [0x00000000ff2a0000, 0x0000000100000000, 0x0000000100000000)
 Metaspace       used 5077K, capacity 5258K, committed 5504K, reserved 1056768K
  class space    used 557K, capacity 597K, committed 640K, reserved 1048576K
}
{Heap before GC invocations=341 (full 40):
 par new generation   total 6144K, used 5229K [0x00000000fec00000, 0x00000000ff2a0000, 0x00000000ff2a0000)
  eden space 5504K,  95% used [0x00000000fec00000, 0x00000000ff11b780, 0x00000000ff160000)
  from space 640K,   0% used [0x00000000ff200000, 0x00000000ff200000, 0x00000000ff2a0000)
  to   space 640K,   0% used [0x00000000ff160000, 0x00000000ff160000, 0x00000000ff200000)
 concurrent mark-sweep generation total 13696K, used 2211K [0x00000000ff2a0000, 0x0000000100000000, 0x0000000100000000)
 Metaspace       used 5077K, capacity 5258K, committed 5504K, reserved 1056768K
  class space    used 557K, capacity 597K, committed 640K, reserved 1048576K
2024-07-16T17:58:55.626+0800: 2.770: [GC (Allocation Failure) 2024-07-16T17:58:55.626+0800: 2.770: [ParNew: 5229K->4K(6144K), 0.0006690 secs] 7441K->2215K(19840K), 0.0007408 secs] [Times: user=0.00 sys=0.00, real=0.00 secs] 
Heap after GC invocations=342 (full 40):
 par new generation   total 6144K, used 4K [0x00000000fec00000, 0x00000000ff2a0000, 0x00000000ff2a0000)
  eden space 5504K,   0% used [0x00000000fec00000, 0x00000000fec00000, 0x00000000ff160000)
  from space 640K,   0% used [0x00000000ff160000, 0x00000000ff161020, 0x00000000ff200000)
  to   space 640K,   0% used [0x00000000ff200000, 0x00000000ff200000, 0x00000000ff2a0000)
 concurrent mark-sweep generation total 13696K, used 2211K [0x00000000ff2a0000, 0x0000000100000000, 0x0000000100000000)
 Metaspace       used 5077K, capacity 5258K, committed 5504K, reserved 1056768K
  class space    used 557K, capacity 597K, committed 640K, reserved 1048576K
}
{Heap before GC invocations=342 (full 40):
 par new generation   total 6144K, used 5233K [0x00000000fec00000, 0x00000000ff2a0000, 0x00000000ff2a0000)
  eden space 5504K,  95% used [0x00000000fec00000, 0x00000000ff11b780, 0x00000000ff160000)
  from space 640K,   0% used [0x00000000ff160000, 0x00000000ff161020, 0x00000000ff200000)
  to   space 640K,   0% used [0x00000000ff200000, 0x00000000ff200000, 0x00000000ff2a0000)
 concurrent mark-sweep generation total 13696K, used 2211K [0x00000000ff2a0000, 0x0000000100000000, 0x0000000100000000)
 Metaspace       used 5077K, capacity 5258K, committed 5504K, reserved 1056768K
  class space    used 557K, capacity 597K, committed 640K, reserved 1048576K
2024-07-16T17:58:55.635+0800: 2.779: [GC (Allocation Failure) 2024-07-16T17:58:55.635+0800: 2.779: [ParNew: 5233K->8K(6144K), 0.0003526 secs] 7445K->3245K(19840K), 0.0003925 secs] [Times: user=0.00 sys=0.00, real=0.00 secs] 
Heap after GC invocations=343 (full 40):
 par new generation   total 6144K, used 8K [0x00000000fec00000, 0x00000000ff2a0000, 0x00000000ff2a0000)
  eden space 5504K,   0% used [0x00000000fec00000, 0x00000000fec00000, 0x00000000ff160000)
  from space 640K,   1% used [0x00000000ff200000, 0x00000000ff202040, 0x00000000ff2a0000)
  to   space 640K,   0% used [0x00000000ff160000, 0x00000000ff160000, 0x00000000ff200000)
 concurrent mark-sweep generation total 13696K, used 3237K [0x00000000ff2a0000, 0x0000000100000000, 0x0000000100000000)
 Metaspace       used 5077K, capacity 5258K, committed 5504K, reserved 1056768K
  class space    used 557K, capacity 597K, committed 640K, reserved 1048576K
}
{Heap before GC invocations=343 (full 40):
 par new generation   total 6144K, used 5237K [0x00000000fec00000, 0x00000000ff2a0000, 0x00000000ff2a0000)
  eden space 5504K,  95% used [0x00000000fec00000, 0x00000000ff11b780, 0x00000000ff160000)
  from space 640K,   1% used [0x00000000ff200000, 0x00000000ff202040, 0x00000000ff2a0000)
  to   space 640K,   0% used [0x00000000ff160000, 0x00000000ff160000, 0x00000000ff200000)
 concurrent mark-sweep generation total 13696K, used 3237K [0x00000000ff2a0000, 0x0000000100000000, 0x0000000100000000)
 Metaspace       used 5077K, capacity 5258K, committed 5504K, reserved 1056768K
  class space    used 557K, capacity 597K, committed 640K, reserved 1048576K
2024-07-16T17:58:55.642+0800: 2.786: [GC (Allocation Failure) 2024-07-16T17:58:55.642+0800: 2.786: [ParNew: 5237K->8K(6144K), 0.0003282 secs] 8475K->4271K(19840K), 0.0003531 secs] [Times: user=0.00 sys=0.00, real=0.00 secs] 
Heap after GC invocations=344 (full 40):
 par new generation   total 6144K, used 8K [0x00000000fec00000, 0x00000000ff2a0000, 0x00000000ff2a0000)
  eden space 5504K,   0% used [0x00000000fec00000, 0x00000000fec00000, 0x00000000ff160000)
  from space 640K,   1% used [0x00000000ff160000, 0x00000000ff162040, 0x00000000ff200000)
  to   space 640K,   0% used [0x00000000ff200000, 0x00000000ff200000, 0x00000000ff2a0000)
 concurrent mark-sweep generation total 13696K, used 4263K [0x00000000ff2a0000, 0x0000000100000000, 0x0000000100000000)
 Metaspace       used 5077K, capacity 5258K, committed 5504K, reserved 1056768K
  class space    used 557K, capacity 597K, committed 640K, reserved 1048576K
}
{Heap before GC invocations=344 (full 40):
 par new generation   total 6144K, used 5237K [0x00000000fec00000, 0x00000000ff2a0000, 0x00000000ff2a0000)
  eden space 5504K,  95% used [0x00000000fec00000, 0x00000000ff11b780, 0x00000000ff160000)
  from space 640K,   1% used [0x00000000ff160000, 0x00000000ff162040, 0x00000000ff200000)
  to   space 640K,   0% used [0x00000000ff200000, 0x00000000ff200000, 0x00000000ff2a0000)
 concurrent mark-sweep generation total 13696K, used 4263K [0x00000000ff2a0000, 0x0000000100000000, 0x0000000100000000)
 Metaspace       used 5077K, capacity 5258K, committed 5504K, reserved 1056768K
  class space    used 557K, capacity 597K, committed 640K, reserved 1048576K
2024-07-16T17:58:55.648+0800: 2.792: [GC (Allocation Failure) 2024-07-16T17:58:55.648+0800: 2.792: [ParNew: 5237K->8K(6144K), 0.0003966 secs] 9501K->5297K(19840K), 0.0004349 secs] [Times: user=0.00 sys=0.00, real=0.00 secs] 
Heap after GC invocations=345 (full 40):
 par new generation   total 6144K, used 8K [0x00000000fec00000, 0x00000000ff2a0000, 0x00000000ff2a0000)
  eden space 5504K,   0% used [0x00000000fec00000, 0x00000000fec00000, 0x00000000ff160000)
  from space 640K,   1% used [0x00000000ff200000, 0x00000000ff202040, 0x00000000ff2a0000)
  to   space 640K,   0% used [0x00000000ff160000, 0x00000000ff160000, 0x00000000ff200000)
 concurrent mark-sweep generation total 13696K, used 5289K [0x00000000ff2a0000, 0x0000000100000000, 0x0000000100000000)
 Metaspace       used 5077K, capacity 5258K, committed 5504K, reserved 1056768K
  class space    used 557K, capacity 597K, committed 640K, reserved 1048576K
}
{Heap before GC invocations=345 (full 40):
 par new generation   total 6144K, used 5237K [0x00000000fec00000, 0x00000000ff2a0000, 0x00000000ff2a0000)
  eden space 5504K,  95% used [0x00000000fec00000, 0x00000000ff11b780, 0x00000000ff160000)
  from space 640K,   1% used [0x00000000ff200000, 0x00000000ff202040, 0x00000000ff2a0000)
  to   space 640K,   0% used [0x00000000ff160000, 0x00000000ff160000, 0x00000000ff200000)
 concurrent mark-sweep generation total 13696K, used 5289K [0x00000000ff2a0000, 0x0000000100000000, 0x0000000100000000)
 Metaspace       used 5077K, capacity 5258K, committed 5504K, reserved 1056768K
  class space    used 557K, capacity 597K, committed 640K, reserved 1048576K
2024-07-16T17:58:55.654+0800: 2.798: [GC (Allocation Failure) 2024-07-16T17:58:55.654+0800: 2.798: [ParNew: 5237K->8K(6144K), 0.0004907 secs] 10527K->6321K(19840K), 0.0005834 secs] [Times: user=0.00 sys=0.00, real=0.00 secs] 
Heap after GC invocations=346 (full 40):
 par new generation   total 6144K, used 8K [0x00000000fec00000, 0x00000000ff2a0000, 0x00000000ff2a0000)
  eden space 5504K,   0% used [0x00000000fec00000, 0x00000000fec00000, 0x00000000ff160000)
  from space 640K,   1% used [0x00000000ff160000, 0x00000000ff162040, 0x00000000ff200000)
  to   space 640K,   0% used [0x00000000ff200000, 0x00000000ff200000, 0x00000000ff2a0000)
 concurrent mark-sweep generation total 13696K, used 6313K [0x00000000ff2a0000, 0x0000000100000000, 0x0000000100000000)
 Metaspace       used 5077K, capacity 5258K, committed 5504K, reserved 1056768K
  class space    used 557K, capacity 597K, committed 640K, reserved 1048576K
}
{Heap before GC invocations=346 (full 40):
 par new generation   total 6144K, used 5237K [0x00000000fec00000, 0x00000000ff2a0000, 0x00000000ff2a0000)
  eden space 5504K,  95% used [0x00000000fec00000, 0x00000000ff11b780, 0x00000000ff160000)
  from space 640K,   1% used [0x00000000ff160000, 0x00000000ff162040, 0x00000000ff200000)
  to   space 640K,   0% used [0x00000000ff200000, 0x00000000ff200000, 0x00000000ff2a0000)
 concurrent mark-sweep generation total 13696K, used 6313K [0x00000000ff2a0000, 0x0000000100000000, 0x0000000100000000)
 Metaspace       used 5077K, capacity 5258K, committed 5504K, reserved 1056768K
  class space    used 557K, capacity 597K, committed 640K, reserved 1048576K
2024-07-16T17:58:55.661+0800: 2.805: [GC (Allocation Failure) 2024-07-16T17:58:55.661+0800: 2.805: [ParNew: 5237K->8K(6144K), 0.0013388 secs] 11551K->7347K(19840K), 0.0014652 secs] [Times: user=0.00 sys=0.00, real=0.00 secs] 
Heap after GC invocations=347 (full 40):
 par new generation   total 6144K, used 8K [0x00000000fec00000, 0x00000000ff2a0000, 0x00000000ff2a0000)
  eden space 5504K,   0% used [0x00000000fec00000, 0x00000000fec00000, 0x00000000ff160000)
  from space 640K,   1% used [0x00000000ff200000, 0x00000000ff202040, 0x00000000ff2a0000)
  to   space 640K,   0% used [0x00000000ff160000, 0x00000000ff160000, 0x00000000ff200000)
 concurrent mark-sweep generation total 13696K, used 7339K [0x00000000ff2a0000, 0x0000000100000000, 0x0000000100000000)
 Metaspace       used 5077K, capacity 5258K, committed 5504K, reserved 1056768K
  class space    used 557K, capacity 597K, committed 640K, reserved 1048576K
}
{Heap before GC invocations=347 (full 40):
 par new generation   total 6144K, used 5237K [0x00000000fec00000, 0x00000000ff2a0000, 0x00000000ff2a0000)
  eden space 5504K,  95% used [0x00000000fec00000, 0x00000000ff11b780, 0x00000000ff160000)
  from space 640K,   1% used [0x00000000ff200000, 0x00000000ff202040, 0x00000000ff2a0000)
  to   space 640K,   0% used [0x00000000ff160000, 0x00000000ff160000, 0x00000000ff200000)
 concurrent mark-sweep generation total 13696K, used 7339K [0x00000000ff2a0000, 0x0000000100000000, 0x0000000100000000)
 Metaspace       used 5077K, capacity 5258K, committed 5504K, reserved 1056768K
  class space    used 557K, capacity 597K, committed 640K, reserved 1048576K
2024-07-16T17:58:55.670+0800: 2.814: [GC (Allocation Failure) 2024-07-16T17:58:55.670+0800: 2.814: [ParNew: 5237K->2K(6144K), 0.0011994 secs] 12577K->7341K(19840K), 0.0012809 secs] [Times: user=0.00 sys=0.00, real=0.00 secs] 
Heap after GC invocations=348 (full 40):
 par new generation   total 6144K, used 2K [0x00000000fec00000, 0x00000000ff2a0000, 0x00000000ff2a0000)
  eden space 5504K,   0% used [0x00000000fec00000, 0x00000000fec00000, 0x00000000ff160000)
  from space 640K,   0% used [0x00000000ff160000, 0x00000000ff160810, 0x00000000ff200000)
  to   space 640K,   0% used [0x00000000ff200000, 0x00000000ff200000, 0x00000000ff2a0000)
 concurrent mark-sweep generation total 13696K, used 7339K [0x00000000ff2a0000, 0x0000000100000000, 0x0000000100000000)
 Metaspace       used 5077K, capacity 5258K, committed 5504K, reserved 1056768K
  class space    used 557K, capacity 597K, committed 640K, reserved 1048576K
}
{Heap before GC invocations=348 (full 40):
 par new generation   total 6144K, used 5231K [0x00000000fec00000, 0x00000000ff2a0000, 0x00000000ff2a0000)
  eden space 5504K,  95% used [0x00000000fec00000, 0x00000000ff11b780, 0x00000000ff160000)
  from space 640K,   0% used [0x00000000ff160000, 0x00000000ff160810, 0x00000000ff200000)
  to   space 640K,   0% used [0x00000000ff200000, 0x00000000ff200000, 0x00000000ff2a0000)
 concurrent mark-sweep generation total 13696K, used 7339K [0x00000000ff2a0000, 0x0000000100000000, 0x0000000100000000)
 Metaspace       used 5077K, capacity 5258K, committed 5504K, reserved 1056768K
  class space    used 557K, capacity 597K, committed 640K, reserved 1048576K
2024-07-16T17:58:55.679+0800: 2.823: [GC (Allocation Failure) 2024-07-16T17:58:55.679+0800: 2.823: [ParNew: 5231K->8K(6144K), 0.0008145 secs] 12571K->8371K(19840K), 0.0009192 secs] [Times: user=0.00 sys=0.00, real=0.00 secs] 
Heap after GC invocations=349 (full 40):
 par new generation   total 6144K, used 8K [0x00000000fec00000, 0x00000000ff2a0000, 0x00000000ff2a0000)
  eden space 5504K,   0% used [0x00000000fec00000, 0x00000000fec00000, 0x00000000ff160000)
  from space 640K,   1% used [0x00000000ff200000, 0x00000000ff202040, 0x00000000ff2a0000)
  to   space 640K,   0% used [0x00000000ff160000, 0x00000000ff160000, 0x00000000ff200000)
 concurrent mark-sweep generation total 13696K, used 8363K [0x00000000ff2a0000, 0x0000000100000000, 0x0000000100000000)
 Metaspace       used 5077K, capacity 5258K, committed 5504K, reserved 1056768K
  class space    used 557K, capacity 597K, committed 640K, reserved 1048576K
}
2024-07-16T17:58:55.680+0800: 2.824: [GC (CMS Initial Mark) [1 CMS-initial-mark: 8363K(13696K)] 9397K(19840K), 0.0001978 secs] [Times: user=0.00 sys=0.00, real=0.00 secs] 
2024-07-16T17:58:55.680+0800: 2.825: [CMS-concurrent-mark-start]
2024-07-16T17:58:55.683+0800: 2.827: [CMS-concurrent-mark: 0.003/0.003 secs] [Times: user=0.00 sys=0.00, real=0.00 secs] 
2024-07-16T17:58:55.683+0800: 2.827: [CMS-concurrent-preclean-start]
2024-07-16T17:58:55.683+0800: 2.828: [CMS-concurrent-preclean: 0.000/0.000 secs] [Times: user=0.00 sys=0.00, real=0.00 secs] 
2024-07-16T17:58:55.683+0800: 2.828: [CMS-concurrent-abortable-preclean-start]
{Heap before GC invocations=349 (full 41):
 par new generation   total 6144K, used 5237K [0x00000000fec00000, 0x00000000ff2a0000, 0x00000000ff2a0000)
  eden space 5504K,  95% used [0x00000000fec00000, 0x00000000ff11b780, 0x00000000ff160000)
  from space 640K,   1% used [0x00000000ff200000, 0x00000000ff202040, 0x00000000ff2a0000)
  to   space 640K,   0% used [0x00000000ff160000, 0x00000000ff160000, 0x00000000ff200000)
 concurrent mark-sweep generation total 13696K, used 8363K [0x00000000ff2a0000, 0x0000000100000000, 0x0000000100000000)
 Metaspace       used 5077K, capacity 5258K, committed 5504K, reserved 1056768K
  class space    used 557K, capacity 597K, committed 640K, reserved 1048576K
2024-07-16T17:58:55.688+0800: 2.832: [GC (Allocation Failure) 2024-07-16T17:58:55.688+0800: 2.832: [ParNew: 5237K->8K(6144K), 0.0005901 secs] 13601K->9395K(19840K), 0.0006832 secs] [Times: user=0.00 sys=0.00, real=0.00 secs] 
Heap after GC invocations=350 (full 41):
 par new generation   total 6144K, used 8K [0x00000000fec00000, 0x00000000ff2a0000, 0x00000000ff2a0000)
  eden space 5504K,   0% used [0x00000000fec00000, 0x00000000fec00000, 0x00000000ff160000)
  from space 640K,   1% used [0x00000000ff160000, 0x00000000ff162040, 0x00000000ff200000)
  to   space 640K,   0% used [0x00000000ff200000, 0x00000000ff200000, 0x00000000ff2a0000)
 concurrent mark-sweep generation total 13696K, used 9387K [0x00000000ff2a0000, 0x0000000100000000, 0x0000000100000000)
 Metaspace       used 5077K, capacity 5258K, committed 5504K, reserved 1056768K
  class space    used 557K, capacity 597K, committed 640K, reserved 1048576K
}
{Heap before GC invocations=350 (full 41):
 par new generation   total 6144K, used 5237K [0x00000000fec00000, 0x00000000ff2a0000, 0x00000000ff2a0000)
  eden space 5504K,  95% used [0x00000000fec00000, 0x00000000ff11b780, 0x00000000ff160000)
  from space 640K,   1% used [0x00000000ff160000, 0x00000000ff162040, 0x00000000ff200000)
  to   space 640K,   0% used [0x00000000ff200000, 0x00000000ff200000, 0x00000000ff2a0000)
 concurrent mark-sweep generation total 13696K, used 9387K [0x00000000ff2a0000, 0x0000000100000000, 0x0000000100000000)
 Metaspace       used 5077K, capacity 5258K, committed 5504K, reserved 1056768K
  class space    used 557K, capacity 597K, committed 640K, reserved 1048576K
2024-07-16T17:58:55.695+0800: 2.839: [GC (Allocation Failure) 2024-07-16T17:58:55.695+0800: 2.839: [ParNew: 5237K->8K(6144K), 0.0008727 secs] 14625K->10421K(19840K), 0.0009350 secs] [Times: user=0.00 sys=0.00, real=0.00 secs] 
Heap after GC invocations=351 (full 41):
 par new generation   total 6144K, used 8K [0x00000000fec00000, 0x00000000ff2a0000, 0x00000000ff2a0000)
  eden space 5504K,   0% used [0x00000000fec00000, 0x00000000fec00000, 0x00000000ff160000)
  from space 640K,   1% used [0x00000000ff200000, 0x00000000ff202040, 0x00000000ff2a0000)
  to   space 640K,   0% used [0x00000000ff160000, 0x00000000ff160000, 0x00000000ff200000)
 concurrent mark-sweep generation total 13696K, used 10413K [0x00000000ff2a0000, 0x0000000100000000, 0x0000000100000000)
 Metaspace       used 5077K, capacity 5258K, committed 5504K, reserved 1056768K
  class space    used 557K, capacity 597K, committed 640K, reserved 1048576K
}
{Heap before GC invocations=351 (full 41):
 par new generation   total 6144K, used 5237K [0x00000000fec00000, 0x00000000ff2a0000, 0x00000000ff2a0000)
  eden space 5504K,  95% used [0x00000000fec00000, 0x00000000ff11b780, 0x00000000ff160000)
  from space 640K,   1% used [0x00000000ff200000, 0x00000000ff202040, 0x00000000ff2a0000)
  to   space 640K,   0% used [0x00000000ff160000, 0x00000000ff160000, 0x00000000ff200000)
 concurrent mark-sweep generation total 13696K, used 10413K [0x00000000ff2a0000, 0x0000000100000000, 0x0000000100000000)
 Metaspace       used 5077K, capacity 5258K, committed 5504K, reserved 1056768K
  class space    used 557K, capacity 597K, committed 640K, reserved 1048576K
2024-07-16T17:58:55.703+0800: 2.847: [GC (Allocation Failure) 2024-07-16T17:58:55.703+0800: 2.847: [ParNew: 5237K->6K(6144K), 0.0011246 secs] 15651K->11446K(19840K), 0.0011786 secs] [Times: user=0.00 sys=0.00, real=0.00 secs] 
Heap after GC invocations=352 (full 41):
 par new generation   total 6144K, used 6K [0x00000000fec00000, 0x00000000ff2a0000, 0x00000000ff2a0000)
  eden space 5504K,   0% used [0x00000000fec00000, 0x00000000fec00000, 0x00000000ff160000)
  from space 640K,   0% used [0x00000000ff160000, 0x00000000ff161830, 0x00000000ff200000)
  to   space 640K,   0% used [0x00000000ff200000, 0x00000000ff200000, 0x00000000ff2a0000)
 concurrent mark-sweep generation total 13696K, used 11439K [0x00000000ff2a0000, 0x0000000100000000, 0x0000000100000000)
 Metaspace       used 5077K, capacity 5258K, committed 5504K, reserved 1056768K
  class space    used 557K, capacity 597K, committed 640K, reserved 1048576K
}
{Heap before GC invocations=352 (full 41):
 par new generation   total 6144K, used 5235K [0x00000000fec00000, 0x00000000ff2a0000, 0x00000000ff2a0000)
  eden space 5504K,  95% used [0x00000000fec00000, 0x00000000ff11b780, 0x00000000ff160000)
  from space 640K,   0% used [0x00000000ff160000, 0x00000000ff161830, 0x00000000ff200000)
  to   space 640K,   0% used [0x00000000ff200000, 0x00000000ff200000, 0x00000000ff2a0000)
 concurrent mark-sweep generation total 13696K, used 11439K [0x00000000ff2a0000, 0x0000000100000000, 0x0000000100000000)
 Metaspace       used 5077K, capacity 5258K, committed 5504K, reserved 1056768K
  class space    used 557K, capacity 597K, committed 640K, reserved 1048576K
2024-07-16T17:58:55.711+0800: 2.856: [GC (Allocation Failure) 2024-07-16T17:58:55.711+0800: 2.856: [ParNew: 5235K->4K(6144K), 0.0009311 secs] 16675K->11444K(19840K), 0.0010302 secs] [Times: user=0.00 sys=0.00, real=0.00 secs] 
Heap after GC invocations=353 (full 41):
 par new generation   total 6144K, used 4K [0x00000000fec00000, 0x00000000ff2a0000, 0x00000000ff2a0000)
  eden space 5504K,   0% used [0x00000000fec00000, 0x00000000fec00000, 0x00000000ff160000)
  from space 640K,   0% used [0x00000000ff200000, 0x00000000ff201020, 0x00000000ff2a0000)
  to   space 640K,   0% used [0x00000000ff160000, 0x00000000ff160000, 0x00000000ff200000)
 concurrent mark-sweep generation total 13696K, used 11439K [0x00000000ff2a0000, 0x0000000100000000, 0x0000000100000000)
 Metaspace       used 5077K, capacity 5258K, committed 5504K, reserved 1056768K
  class space    used 557K, capacity 597K, committed 640K, reserved 1048576K
}
{Heap before GC invocations=353 (full 41):
 par new generation   total 6144K, used 5233K [0x00000000fec00000, 0x00000000ff2a0000, 0x00000000ff2a0000)
  eden space 5504K,  95% used [0x00000000fec00000, 0x00000000ff11b780, 0x00000000ff160000)
  from space 640K,   0% used [0x00000000ff200000, 0x00000000ff201020, 0x00000000ff2a0000)
  to   space 640K,   0% used [0x00000000ff160000, 0x00000000ff160000, 0x00000000ff200000)
 concurrent mark-sweep generation total 13696K, used 11439K [0x00000000ff2a0000, 0x0000000100000000, 0x0000000100000000)
 Metaspace       used 5077K, capacity 5258K, committed 5504K, reserved 1056768K
  class space    used 557K, capacity 597K, committed 640K, reserved 1048576K
2024-07-16T17:58:55.721+0800: 2.866: [GC (Allocation Failure) 2024-07-16T17:58:55.721+0800: 2.866: [ParNew: 5233K->4K(6144K), 0.0005966 secs] 16673K->11444K(19840K), 0.0007013 secs] [Times: user=0.00 sys=0.00, real=0.00 secs] 
Heap after GC invocations=354 (full 41):
 par new generation   total 6144K, used 4K [0x00000000fec00000, 0x00000000ff2a0000, 0x00000000ff2a0000)
  eden space 5504K,   0% used [0x00000000fec00000, 0x00000000fec00000, 0x00000000ff160000)
  from space 640K,   0% used [0x00000000ff160000, 0x00000000ff161020, 0x00000000ff200000)
  to   space 640K,   0% used [0x00000000ff200000, 0x00000000ff200000, 0x00000000ff2a0000)
 concurrent mark-sweep generation total 13696K, used 11439K [0x00000000ff2a0000, 0x0000000100000000, 0x0000000100000000)
 Metaspace       used 5077K, capacity 5258K, committed 5504K, reserved 1056768K
  class space    used 557K, capacity 597K, committed 640K, reserved 1048576K
}
{Heap before GC invocations=354 (full 41):
 par new generation   total 6144K, used 5233K [0x00000000fec00000, 0x00000000ff2a0000, 0x00000000ff2a0000)
  eden space 5504K,  95% used [0x00000000fec00000, 0x00000000ff11b780, 0x00000000ff160000)
  from space 640K,   0% used [0x00000000ff160000, 0x00000000ff161020, 0x00000000ff200000)
  to   space 640K,   0% used [0x00000000ff200000, 0x00000000ff200000, 0x00000000ff2a0000)
 concurrent mark-sweep generation total 13696K, used 11439K [0x00000000ff2a0000, 0x0000000100000000, 0x0000000100000000)
 Metaspace       used 5077K, capacity 5258K, committed 5504K, reserved 1056768K
  class space    used 557K, capacity 597K, committed 640K, reserved 1048576K
2024-07-16T17:58:55.730+0800: 2.875: [GC (Allocation Failure) 2024-07-16T17:58:55.730+0800: 2.875: [ParNew: 5233K->8K(6144K), 0.0009308 secs] 16673K->12472K(19840K), 0.0010155 secs] [Times: user=0.00 sys=0.00, real=0.00 secs] 
Heap after GC invocations=355 (full 41):
 par new generation   total 6144K, used 8K [0x00000000fec00000, 0x00000000ff2a0000, 0x00000000ff2a0000)
  eden space 5504K,   0% used [0x00000000fec00000, 0x00000000fec00000, 0x00000000ff160000)
  from space 640K,   1% used [0x00000000ff200000, 0x00000000ff202040, 0x00000000ff2a0000)
  to   space 640K,   0% used [0x00000000ff160000, 0x00000000ff160000, 0x00000000ff200000)
 concurrent mark-sweep generation total 13696K, used 12464K [0x00000000ff2a0000, 0x0000000100000000, 0x0000000100000000)
 Metaspace       used 5077K, capacity 5258K, committed 5504K, reserved 1056768K
  class space    used 557K, capacity 597K, committed 640K, reserved 1048576K
}
{Heap before GC invocations=355 (full 41):
 par new generation   total 6144K, used 5237K [0x00000000fec00000, 0x00000000ff2a0000, 0x00000000ff2a0000)
  eden space 5504K,  95% used [0x00000000fec00000, 0x00000000ff11b780, 0x00000000ff160000)
  from space 640K,   1% used [0x00000000ff200000, 0x00000000ff202040, 0x00000000ff2a0000)
  to   space 640K,   0% used [0x00000000ff160000, 0x00000000ff160000, 0x00000000ff200000)
 concurrent mark-sweep generation total 13696K, used 12464K [0x00000000ff2a0000, 0x0000000100000000, 0x0000000100000000)
 Metaspace       used 5077K, capacity 5258K, committed 5504K, reserved 1056768K
  class space    used 557K, capacity 597K, committed 640K, reserved 1048576K
2024-07-16T17:58:55.739+0800: 2.884: [GC (Allocation Failure) 2024-07-16T17:58:55.739+0800: 2.884: [ParNew: 5237K->5237K(6144K), 0.0000161 secs]2024-07-16T17:58:55.739+0800: 2.884: [CMS2024-07-16T17:58:55.739+0800: 2.884: [CMS-concurrent-abortable-preclean: 0.001/0.056 secs] [Times: user=0.00 sys=0.00, real=0.06 secs] 
 (concurrent mode failure): 12464K->1187K(13696K), 0.0045886 secs] 17701K->1187K(19840K), [Metaspace: 5077K->5077K(1056768K)], 0.0046684 secs] [Times: user=0.00 sys=0.00, real=0.00 secs] 
Heap after GC invocations=356 (full 42):
 par new generation   total 6144K, used 0K [0x00000000fec00000, 0x00000000ff2a0000, 0x00000000ff2a0000)
  eden space 5504K,   0% used [0x00000000fec00000, 0x00000000fec00000, 0x00000000ff160000)
  from space 640K,   0% used [0x00000000ff200000, 0x00000000ff200000, 0x00000000ff2a0000)
  to   space 640K,   0% used [0x00000000ff160000, 0x00000000ff160000, 0x00000000ff200000)
 concurrent mark-sweep generation total 13696K, used 1187K [0x00000000ff2a0000, 0x0000000100000000, 0x0000000100000000)
 Metaspace       used 5077K, capacity 5258K, committed 5504K, reserved 1056768K
  class space    used 557K, capacity 597K, committed 640K, reserved 1048576K
}
{Heap before GC invocations=356 (full 42):
 par new generation   total 6144K, used 5229K [0x00000000fec00000, 0x00000000ff2a0000, 0x00000000ff2a0000)
  eden space 5504K,  95% used [0x00000000fec00000, 0x00000000ff11b780, 0x00000000ff160000)
  from space 640K,   0% used [0x00000000ff200000, 0x00000000ff200000, 0x00000000ff2a0000)
  to   space 640K,   0% used [0x00000000ff160000, 0x00000000ff160000, 0x00000000ff200000)
 concurrent mark-sweep generation total 13696K, used 1187K [0x00000000ff2a0000, 0x0000000100000000, 0x0000000100000000)
 Metaspace       used 5077K, capacity 5258K, committed 5504K, reserved 1056768K
  class space    used 557K, capacity 597K, committed 640K, reserved 1048576K
2024-07-16T17:58:55.750+0800: 2.895: [GC (Allocation Failure) 2024-07-16T17:58:55.750+0800: 2.895: [ParNew: 5229K->6K(6144K), 0.0009700 secs] 6417K->2219K(19840K), 0.0010915 secs] [Times: user=0.00 sys=0.00, real=0.00 secs] 
Heap after GC invocations=357 (full 42):
 par new generation   total 6144K, used 6K [0x00000000fec00000, 0x00000000ff2a0000, 0x00000000ff2a0000)
  eden space 5504K,   0% used [0x00000000fec00000, 0x00000000fec00000, 0x00000000ff160000)
  from space 640K,   0% used [0x00000000ff160000, 0x00000000ff161830, 0x00000000ff200000)
  to   space 640K,   0% used [0x00000000ff200000, 0x00000000ff200000, 0x00000000ff2a0000)
 concurrent mark-sweep generation total 13696K, used 2213K [0x00000000ff2a0000, 0x0000000100000000, 0x0000000100000000)
 Metaspace       used 5077K, capacity 5258K, committed 5504K, reserved 1056768K
  class space    used 557K, capacity 597K, committed 640K, reserved 1048576K
}
{Heap before GC invocations=357 (full 42):
 par new generation   total 6144K, used 5235K [0x00000000fec00000, 0x00000000ff2a0000, 0x00000000ff2a0000)
  eden space 5504K,  95% used [0x00000000fec00000, 0x00000000ff11b780, 0x00000000ff160000)
  from space 640K,   0% used [0x00000000ff160000, 0x00000000ff161830, 0x00000000ff200000)
  to   space 640K,   0% used [0x00000000ff200000, 0x00000000ff200000, 0x00000000ff2a0000)
 concurrent mark-sweep generation total 13696K, used 2213K [0x00000000ff2a0000, 0x0000000100000000, 0x0000000100000000)
 Metaspace       used 5077K, capacity 5258K, committed 5504K, reserved 1056768K
  class space    used 557K, capacity 597K, committed 640K, reserved 1048576K
2024-07-16T17:58:55.759+0800: 2.904: [GC (Allocation Failure) 2024-07-16T17:58:55.759+0800: 2.904: [ParNew: 5235K->4K(6144K), 0.0011736 secs] 7449K->2217K(19840K), 0.0012951 secs] [Times: user=0.00 sys=0.00, real=0.00 secs] 
Heap after GC invocations=358 (full 42):
 par new generation   total 6144K, used 4K [0x00000000fec00000, 0x00000000ff2a0000, 0x00000000ff2a0000)
  eden space 5504K,   0% used [0x00000000fec00000, 0x00000000fec00000, 0x00000000ff160000)
  from space 640K,   0% used [0x00000000ff200000, 0x00000000ff201020, 0x00000000ff2a0000)
  to   space 640K,   0% used [0x00000000ff160000, 0x00000000ff160000, 0x00000000ff200000)
 concurrent mark-sweep generation total 13696K, used 2213K [0x00000000ff2a0000, 0x0000000100000000, 0x0000000100000000)
 Metaspace       used 5077K, capacity 5258K, committed 5504K, reserved 1056768K
  class space    used 557K, capacity 597K, committed 640K, reserved 1048576K
}
{Heap before GC invocations=358 (full 42):
 par new generation   total 6144K, used 5233K [0x00000000fec00000, 0x00000000ff2a0000, 0x00000000ff2a0000)
  eden space 5504K,  95% used [0x00000000fec00000, 0x00000000ff11b780, 0x00000000ff160000)
  from space 640K,   0% used [0x00000000ff200000, 0x00000000ff201020, 0x00000000ff2a0000)
  to   space 640K,   0% used [0x00000000ff160000, 0x00000000ff160000, 0x00000000ff200000)
 concurrent mark-sweep generation total 13696K, used 2213K [0x00000000ff2a0000, 0x0000000100000000, 0x0000000100000000)
 Metaspace       used 5077K, capacity 5258K, committed 5504K, reserved 1056768K
  class space    used 557K, capacity 597K, committed 640K, reserved 1048576K
2024-07-16T17:58:55.769+0800: 2.913: [GC (Allocation Failure) 2024-07-16T17:58:55.769+0800: 2.913: [ParNew: 5233K->4K(6144K), 0.0008536 secs] 7447K->2217K(19840K), 0.0009015 secs] [Times: user=0.00 sys=0.00, real=0.00 secs] 
Heap after GC invocations=359 (full 42):
 par new generation   total 6144K, used 4K [0x00000000fec00000, 0x00000000ff2a0000, 0x00000000ff2a0000)
  eden space 5504K,   0% used [0x00000000fec00000, 0x00000000fec00000, 0x00000000ff160000)
  from space 640K,   0% used [0x00000000ff160000, 0x00000000ff161020, 0x00000000ff200000)
  to   space 640K,   0% used [0x00000000ff200000, 0x00000000ff200000, 0x00000000ff2a0000)
 concurrent mark-sweep generation total 13696K, used 2213K [0x00000000ff2a0000, 0x0000000100000000, 0x0000000100000000)
 Metaspace       used 5077K, capacity 5258K, committed 5504K, reserved 1056768K
  class space    used 557K, capacity 597K, committed 640K, reserved 1048576K
}
{Heap before GC invocations=359 (full 42):
 par new generation   total 6144K, used 5233K [0x00000000fec00000, 0x00000000ff2a0000, 0x00000000ff2a0000)
  eden space 5504K,  95% used [0x00000000fec00000, 0x00000000ff11b780, 0x00000000ff160000)
  from space 640K,   0% used [0x00000000ff160000, 0x00000000ff161020, 0x00000000ff200000)
  to   space 640K,   0% used [0x00000000ff200000, 0x00000000ff200000, 0x00000000ff2a0000)
 concurrent mark-sweep generation total 13696K, used 2213K [0x00000000ff2a0000, 0x0000000100000000, 0x0000000100000000)
 Metaspace       used 5077K, capacity 5258K, committed 5504K, reserved 1056768K
  class space    used 557K, capacity 597K, committed 640K, reserved 1048576K
2024-07-16T17:58:55.777+0800: 2.921: [GC (Allocation Failure) 2024-07-16T17:58:55.777+0800: 2.921: [ParNew: 5233K->2K(6144K), 0.0007962 secs] 7447K->2215K(19840K), 0.0009018 secs] [Times: user=0.00 sys=0.00, real=0.00 secs] 
Heap after GC invocations=360 (full 42):
 par new generation   total 6144K, used 2K [0x00000000fec00000, 0x00000000ff2a0000, 0x00000000ff2a0000)
  eden space 5504K,   0% used [0x00000000fec00000, 0x00000000fec00000, 0x00000000ff160000)
  from space 640K,   0% used [0x00000000ff200000, 0x00000000ff200810, 0x00000000ff2a0000)
  to   space 640K,   0% used [0x00000000ff160000, 0x00000000ff160000, 0x00000000ff200000)
 concurrent mark-sweep generation total 13696K, used 2213K [0x00000000ff2a0000, 0x0000000100000000, 0x0000000100000000)
 Metaspace       used 5077K, capacity 5258K, committed 5504K, reserved 1056768K
  class space    used 557K, capacity 597K, committed 640K, reserved 1048576K
}
{Heap before GC invocations=360 (full 42):
 par new generation   total 6144K, used 5231K [0x00000000fec00000, 0x00000000ff2a0000, 0x00000000ff2a0000)
  eden space 5504K,  95% used [0x00000000fec00000, 0x00000000ff11b780, 0x00000000ff160000)
  from space 640K,   0% used [0x00000000ff200000, 0x00000000ff200810, 0x00000000ff2a0000)
  to   space 640K,   0% used [0x00000000ff160000, 0x00000000ff160000, 0x00000000ff200000)
 concurrent mark-sweep generation total 13696K, used 2213K [0x00000000ff2a0000, 0x0000000100000000, 0x0000000100000000)
 Metaspace       used 5077K, capacity 5258K, committed 5504K, reserved 1056768K
  class space    used 557K, capacity 597K, committed 640K, reserved 1048576K
2024-07-16T17:58:55.786+0800: 2.930: [GC (Allocation Failure) 2024-07-16T17:58:55.786+0800: 2.930: [ParNew: 5231K->4K(6144K), 0.0005809 secs] 7445K->2217K(19840K), 0.0006677 secs] [Times: user=0.00 sys=0.00, real=0.00 secs] 
Heap after GC invocations=361 (full 42):
 par new generation   total 6144K, used 4K [0x00000000fec00000, 0x00000000ff2a0000, 0x00000000ff2a0000)
  eden space 5504K,   0% used [0x00000000fec00000, 0x00000000fec00000, 0x00000000ff160000)
  from space 640K,   0% used [0x00000000ff160000, 0x00000000ff161020, 0x00000000ff200000)
  to   space 640K,   0% used [0x00000000ff200000, 0x00000000ff200000, 0x00000000ff2a0000)
 concurrent mark-sweep generation total 13696K, used 2213K [0x00000000ff2a0000, 0x0000000100000000, 0x0000000100000000)
 Metaspace       used 5077K, capacity 5258K, committed 5504K, reserved 1056768K
  class space    used 557K, capacity 597K, committed 640K, reserved 1048576K
}
{Heap before GC invocations=361 (full 42):
 par new generation   total 6144K, used 5233K [0x00000000fec00000, 0x00000000ff2a0000, 0x00000000ff2a0000)
  eden space 5504K,  95% used [0x00000000fec00000, 0x00000000ff11b780, 0x00000000ff160000)
  from space 640K,   0% used [0x00000000ff160000, 0x00000000ff161020, 0x00000000ff200000)
  to   space 640K,   0% used [0x00000000ff200000, 0x00000000ff200000, 0x00000000ff2a0000)
 concurrent mark-sweep generation total 13696K, used 2213K [0x00000000ff2a0000, 0x0000000100000000, 0x0000000100000000)
 Metaspace       used 5077K, capacity 5258K, committed 5504K, reserved 1056768K
  class space    used 557K, capacity 597K, committed 640K, reserved 1048576K
2024-07-16T17:58:55.795+0800: 2.939: [GC (Allocation Failure) 2024-07-16T17:58:55.795+0800: 2.939: [ParNew: 5233K->4K(6144K), 0.0003348 secs] 7447K->2217K(19840K), 0.0003991 secs] [Times: user=0.00 sys=0.00, real=0.00 secs] 
Heap after GC invocations=362 (full 42):
 par new generation   total 6144K, used 4K [0x00000000fec00000, 0x00000000ff2a0000, 0x00000000ff2a0000)
  eden space 5504K,   0% used [0x00000000fec00000, 0x00000000fec00000, 0x00000000ff160000)
  from space 640K,   0% used [0x00000000ff200000, 0x00000000ff201020, 0x00000000ff2a0000)
  to   space 640K,   0% used [0x00000000ff160000, 0x00000000ff160000, 0x00000000ff200000)
 concurrent mark-sweep generation total 13696K, used 2213K [0x00000000ff2a0000, 0x0000000100000000, 0x0000000100000000)
 Metaspace       used 5077K, capacity 5258K, committed 5504K, reserved 1056768K
  class space    used 557K, capacity 597K, committed 640K, reserved 1048576K
}
{Heap before GC invocations=362 (full 42):
 par new generation   total 6144K, used 5233K [0x00000000fec00000, 0x00000000ff2a0000, 0x00000000ff2a0000)
  eden space 5504K,  95% used [0x00000000fec00000, 0x00000000ff11b780, 0x00000000ff160000)
  from space 640K,   0% used [0x00000000ff200000, 0x00000000ff201020, 0x00000000ff2a0000)
  to   space 640K,   0% used [0x00000000ff160000, 0x00000000ff160000, 0x00000000ff200000)
 concurrent mark-sweep generation total 13696K, used 2213K [0x00000000ff2a0000, 0x0000000100000000, 0x0000000100000000)
 Metaspace       used 5077K, capacity 5258K, committed 5504K, reserved 1056768K
  class space    used 557K, capacity 597K, committed 640K, reserved 1048576K
2024-07-16T17:58:55.801+0800: 2.945: [GC (Allocation Failure) 2024-07-16T17:58:55.801+0800: 2.945: [ParNew: 5233K->6K(6144K), 0.0004990 secs] 7447K->3245K(19840K), 0.0005971 secs] [Times: user=0.00 sys=0.00, real=0.00 secs] 
Heap after GC invocations=363 (full 42):
 par new generation   total 6144K, used 6K [0x00000000fec00000, 0x00000000ff2a0000, 0x00000000ff2a0000)
  eden space 5504K,   0% used [0x00000000fec00000, 0x00000000fec00000, 0x00000000ff160000)
  from space 640K,   0% used [0x00000000ff160000, 0x00000000ff161830, 0x00000000ff200000)
  to   space 640K,   0% used [0x00000000ff200000, 0x00000000ff200000, 0x00000000ff2a0000)
 concurrent mark-sweep generation total 13696K, used 3239K [0x00000000ff2a0000, 0x0000000100000000, 0x0000000100000000)
 Metaspace       used 5077K, capacity 5258K, committed 5504K, reserved 1056768K
  class space    used 557K, capacity 597K, committed 640K, reserved 1048576K
}
{Heap before GC invocations=363 (full 42):
 par new generation   total 6144K, used 5235K [0x00000000fec00000, 0x00000000ff2a0000, 0x00000000ff2a0000)
  eden space 5504K,  95% used [0x00000000fec00000, 0x00000000ff11b780, 0x00000000ff160000)
  from space 640K,   0% used [0x00000000ff160000, 0x00000000ff161830, 0x00000000ff200000)
  to   space 640K,   0% used [0x00000000ff200000, 0x00000000ff200000, 0x00000000ff2a0000)
 concurrent mark-sweep generation total 13696K, used 3239K [0x00000000ff2a0000, 0x0000000100000000, 0x0000000100000000)
 Metaspace       used 5077K, capacity 5258K, committed 5504K, reserved 1056768K
  class space    used 557K, capacity 597K, committed 640K, reserved 1048576K
2024-07-16T17:58:55.808+0800: 2.952: [GC (Allocation Failure) 2024-07-16T17:58:55.808+0800: 2.952: [ParNew: 5235K->2K(6144K), 0.0006056 secs] 8475K->3241K(19840K), 0.0007038 secs] [Times: user=0.00 sys=0.00, real=0.00 secs] 
Heap after GC invocations=364 (full 42):
 par new generation   total 6144K, used 2K [0x00000000fec00000, 0x00000000ff2a0000, 0x00000000ff2a0000)
  eden space 5504K,   0% used [0x00000000fec00000, 0x00000000fec00000, 0x00000000ff160000)
  from space 640K,   0% used [0x00000000ff200000, 0x00000000ff200810, 0x00000000ff2a0000)
  to   space 640K,   0% used [0x00000000ff160000, 0x00000000ff160000, 0x00000000ff200000)
 concurrent mark-sweep generation total 13696K, used 3239K [0x00000000ff2a0000, 0x0000000100000000, 0x0000000100000000)
 Metaspace       used 5077K, capacity 5258K, committed 5504K, reserved 1056768K
  class space    used 557K, capacity 597K, committed 640K, reserved 1048576K
}
{Heap before GC invocations=364 (full 42):
 par new generation   total 6144K, used 5231K [0x00000000fec00000, 0x00000000ff2a0000, 0x00000000ff2a0000)
  eden space 5504K,  95% used [0x00000000fec00000, 0x00000000ff11b780, 0x00000000ff160000)
  from space 640K,   0% used [0x00000000ff200000, 0x00000000ff200810, 0x00000000ff2a0000)
  to   space 640K,   0% used [0x00000000ff160000, 0x00000000ff160000, 0x00000000ff200000)
 concurrent mark-sweep generation total 13696K, used 3239K [0x00000000ff2a0000, 0x0000000100000000, 0x0000000100000000)
 Metaspace       used 5077K, capacity 5258K, committed 5504K, reserved 1056768K
  class space    used 557K, capacity 597K, committed 640K, reserved 1048576K
2024-07-16T17:58:55.817+0800: 2.961: [GC (Allocation Failure) 2024-07-16T17:58:55.817+0800: 2.961: [ParNew: 5231K->8K(6144K), 0.0010653 secs] 8471K->4273K(19840K), 0.0011493 secs] [Times: user=0.00 sys=0.00, real=0.00 secs] 
Heap after GC invocations=365 (full 42):
 par new generation   total 6144K, used 8K [0x00000000fec00000, 0x00000000ff2a0000, 0x00000000ff2a0000)
  eden space 5504K,   0% used [0x00000000fec00000, 0x00000000fec00000, 0x00000000ff160000)
  from space 640K,   1% used [0x00000000ff160000, 0x00000000ff162040, 0x00000000ff200000)
  to   space 640K,   0% used [0x00000000ff200000, 0x00000000ff200000, 0x00000000ff2a0000)
 concurrent mark-sweep generation total 13696K, used 4265K [0x00000000ff2a0000, 0x0000000100000000, 0x0000000100000000)
 Metaspace       used 5077K, capacity 5258K, committed 5504K, reserved 1056768K
  class space    used 557K, capacity 597K, committed 640K, reserved 1048576K
}
{Heap before GC invocations=365 (full 42):
 par new generation   total 6144K, used 5237K [0x00000000fec00000, 0x00000000ff2a0000, 0x00000000ff2a0000)
  eden space 5504K,  95% used [0x00000000fec00000, 0x00000000ff11b780, 0x00000000ff160000)
  from space 640K,   1% used [0x00000000ff160000, 0x00000000ff162040, 0x00000000ff200000)
  to   space 640K,   0% used [0x00000000ff200000, 0x00000000ff200000, 0x00000000ff2a0000)
 concurrent mark-sweep generation total 13696K, used 4265K [0x00000000ff2a0000, 0x0000000100000000, 0x0000000100000000)
 Metaspace       used 5077K, capacity 5258K, committed 5504K, reserved 1056768K
  class space    used 557K, capacity 597K, committed 640K, reserved 1048576K
2024-07-16T17:58:55.825+0800: 2.969: [GC (Allocation Failure) 2024-07-16T17:58:55.825+0800: 2.969: [ParNew: 5237K->6K(6144K), 0.0010623 secs] 9503K->5297K(19840K), 0.0011660 secs] [Times: user=0.00 sys=0.00, real=0.00 secs] 
Heap after GC invocations=366 (full 42):
 par new generation   total 6144K, used 6K [0x00000000fec00000, 0x00000000ff2a0000, 0x00000000ff2a0000)
  eden space 5504K,   0% used [0x00000000fec00000, 0x00000000fec00000, 0x00000000ff160000)
  from space 640K,   0% used [0x00000000ff200000, 0x00000000ff201830, 0x00000000ff2a0000)
  to   space 640K,   0% used [0x00000000ff160000, 0x00000000ff160000, 0x00000000ff200000)
 concurrent mark-sweep generation total 13696K, used 5291K [0x00000000ff2a0000, 0x0000000100000000, 0x0000000100000000)
 Metaspace       used 5077K, capacity 5258K, committed 5504K, reserved 1056768K
  class space    used 557K, capacity 597K, committed 640K, reserved 1048576K
}
{Heap before GC invocations=366 (full 42):
 par new generation   total 6144K, used 5235K [0x00000000fec00000, 0x00000000ff2a0000, 0x00000000ff2a0000)
  eden space 5504K,  95% used [0x00000000fec00000, 0x00000000ff11b780, 0x00000000ff160000)
  from space 640K,   0% used [0x00000000ff200000, 0x00000000ff201830, 0x00000000ff2a0000)
  to   space 640K,   0% used [0x00000000ff160000, 0x00000000ff160000, 0x00000000ff200000)
 concurrent mark-sweep generation total 13696K, used 5291K [0x00000000ff2a0000, 0x0000000100000000, 0x0000000100000000)
 Metaspace       used 5077K, capacity 5258K, committed 5504K, reserved 1056768K
  class space    used 557K, capacity 597K, committed 640K, reserved 1048576K
2024-07-16T17:58:55.833+0800: 2.977: [GC (Allocation Failure) 2024-07-16T17:58:55.833+0800: 2.977: [ParNew: 5235K->8K(6144K), 0.0010477 secs] 10527K->6325K(19840K), 0.0011661 secs] [Times: user=0.00 sys=0.00, real=0.00 secs] 
Heap after GC invocations=367 (full 42):
 par new generation   total 6144K, used 8K [0x00000000fec00000, 0x00000000ff2a0000, 0x00000000ff2a0000)
  eden space 5504K,   0% used [0x00000000fec00000, 0x00000000fec00000, 0x00000000ff160000)
  from space 640K,   1% used [0x00000000ff160000, 0x00000000ff162040, 0x00000000ff200000)
  to   space 640K,   0% used [0x00000000ff200000, 0x00000000ff200000, 0x00000000ff2a0000)
 concurrent mark-sweep generation total 13696K, used 6317K [0x00000000ff2a0000, 0x0000000100000000, 0x0000000100000000)
 Metaspace       used 5077K, capacity 5258K, committed 5504K, reserved 1056768K
  class space    used 557K, capacity 597K, committed 640K, reserved 1048576K
}
{Heap before GC invocations=367 (full 42):
 par new generation   total 6144K, used 5237K [0x00000000fec00000, 0x00000000ff2a0000, 0x00000000ff2a0000)
  eden space 5504K,  95% used [0x00000000fec00000, 0x00000000ff11b780, 0x00000000ff160000)
  from space 640K,   1% used [0x00000000ff160000, 0x00000000ff162040, 0x00000000ff200000)
  to   space 640K,   0% used [0x00000000ff200000, 0x00000000ff200000, 0x00000000ff2a0000)
 concurrent mark-sweep generation total 13696K, used 6317K [0x00000000ff2a0000, 0x0000000100000000, 0x0000000100000000)
 Metaspace       used 5077K, capacity 5258K, committed 5504K, reserved 1056768K
  class space    used 557K, capacity 597K, committed 640K, reserved 1048576K
2024-07-16T17:58:55.842+0800: 2.986: [GC (Allocation Failure) 2024-07-16T17:58:55.842+0800: 2.986: [ParNew: 5237K->4K(6144K), 0.0003749 secs] 11555K->6321K(19840K), 0.0004159 secs] [Times: user=0.00 sys=0.00, real=0.00 secs] 
Heap after GC invocations=368 (full 42):
 par new generation   total 6144K, used 4K [0x00000000fec00000, 0x00000000ff2a0000, 0x00000000ff2a0000)
  eden space 5504K,   0% used [0x00000000fec00000, 0x00000000fec00000, 0x00000000ff160000)
  from space 640K,   0% used [0x00000000ff200000, 0x00000000ff201020, 0x00000000ff2a0000)
  to   space 640K,   0% used [0x00000000ff160000, 0x00000000ff160000, 0x00000000ff200000)
 concurrent mark-sweep generation total 13696K, used 6317K [0x00000000ff2a0000, 0x0000000100000000, 0x0000000100000000)
 Metaspace       used 5077K, capacity 5258K, committed 5504K, reserved 1056768K
  class space    used 557K, capacity 597K, committed 640K, reserved 1048576K
}
{Heap before GC invocations=368 (full 42):
 par new generation   total 6144K, used 5233K [0x00000000fec00000, 0x00000000ff2a0000, 0x00000000ff2a0000)
  eden space 5504K,  95% used [0x00000000fec00000, 0x00000000ff11b780, 0x00000000ff160000)
  from space 640K,   0% used [0x00000000ff200000, 0x00000000ff201020, 0x00000000ff2a0000)
  to   space 640K,   0% used [0x00000000ff160000, 0x00000000ff160000, 0x00000000ff200000)
 concurrent mark-sweep generation total 13696K, used 6317K [0x00000000ff2a0000, 0x0000000100000000, 0x0000000100000000)
 Metaspace       used 5077K, capacity 5258K, committed 5504K, reserved 1056768K
  class space    used 557K, capacity 597K, committed 640K, reserved 1048576K
2024-07-16T17:58:55.849+0800: 2.993: [GC (Allocation Failure) 2024-07-16T17:58:55.849+0800: 2.993: [ParNew: 5233K->4K(6144K), 0.0003419 secs] 11551K->6321K(19840K), 0.0003874 secs] [Times: user=0.00 sys=0.00, real=0.00 secs] 
Heap after GC invocations=369 (full 42):
 par new generation   total 6144K, used 4K [0x00000000fec00000, 0x00000000ff2a0000, 0x00000000ff2a0000)
  eden space 5504K,   0% used [0x00000000fec00000, 0x00000000fec00000, 0x00000000ff160000)
  from space 640K,   0% used [0x00000000ff160000, 0x00000000ff161020, 0x00000000ff200000)
  to   space 640K,   0% used [0x00000000ff200000, 0x00000000ff200000, 0x00000000ff2a0000)
 concurrent mark-sweep generation total 13696K, used 6317K [0x00000000ff2a0000, 0x0000000100000000, 0x0000000100000000)
 Metaspace       used 5077K, capacity 5258K, committed 5504K, reserved 1056768K
  class space    used 557K, capacity 597K, committed 640K, reserved 1048576K
}
{Heap before GC invocations=369 (full 42):
 par new generation   total 6144K, used 5233K [0x00000000fec00000, 0x00000000ff2a0000, 0x00000000ff2a0000)
  eden space 5504K,  95% used [0x00000000fec00000, 0x00000000ff11b780, 0x00000000ff160000)
  from space 640K,   0% used [0x00000000ff160000, 0x00000000ff161020, 0x00000000ff200000)
  to   space 640K,   0% used [0x00000000ff200000, 0x00000000ff200000, 0x00000000ff2a0000)
 concurrent mark-sweep generation total 13696K, used 6317K [0x00000000ff2a0000, 0x0000000100000000, 0x0000000100000000)
 Metaspace       used 5077K, capacity 5258K, committed 5504K, reserved 1056768K
  class space    used 557K, capacity 597K, committed 640K, reserved 1048576K
2024-07-16T17:58:55.857+0800: 3.001: [GC (Allocation Failure) 2024-07-16T17:58:55.857+0800: 3.001: [ParNew: 5233K->4K(6144K), 0.0002735 secs] 11551K->6321K(19840K), 0.0003225 secs] [Times: user=0.00 sys=0.00, real=0.00 secs] 
Heap after GC invocations=370 (full 42):
 par new generation   total 6144K, used 4K [0x00000000fec00000, 0x00000000ff2a0000, 0x00000000ff2a0000)
  eden space 5504K,   0% used [0x00000000fec00000, 0x00000000fec00000, 0x00000000ff160000)
  from space 640K,   0% used [0x00000000ff200000, 0x00000000ff201020, 0x00000000ff2a0000)
  to   space 640K,   0% used [0x00000000ff160000, 0x00000000ff160000, 0x00000000ff200000)
 concurrent mark-sweep generation total 13696K, used 6317K [0x00000000ff2a0000, 0x0000000100000000, 0x0000000100000000)
 Metaspace       used 5077K, capacity 5258K, committed 5504K, reserved 1056768K
  class space    used 557K, capacity 597K, committed 640K, reserved 1048576K
}
{Heap before GC invocations=370 (full 42):
 par new generation   total 6144K, used 5233K [0x00000000fec00000, 0x00000000ff2a0000, 0x00000000ff2a0000)
  eden space 5504K,  95% used [0x00000000fec00000, 0x00000000ff11b780, 0x00000000ff160000)
  from space 640K,   0% used [0x00000000ff200000, 0x00000000ff201020, 0x00000000ff2a0000)
  to   space 640K,   0% used [0x00000000ff160000, 0x00000000ff160000, 0x00000000ff200000)
 concurrent mark-sweep generation total 13696K, used 6317K [0x00000000ff2a0000, 0x0000000100000000, 0x0000000100000000)
 Metaspace       used 5077K, capacity 5258K, committed 5504K, reserved 1056768K
  class space    used 557K, capacity 597K, committed 640K, reserved 1048576K
2024-07-16T17:58:55.865+0800: 3.009: [GC (Allocation Failure) 2024-07-16T17:58:55.865+0800: 3.009: [ParNew: 5233K->4K(6144K), 0.0003357 secs] 11551K->6321K(19840K), 0.0003724 secs] [Times: user=0.00 sys=0.00, real=0.00 secs] 
Heap after GC invocations=371 (full 42):
 par new generation   total 6144K, used 4K [0x00000000fec00000, 0x00000000ff2a0000, 0x00000000ff2a0000)
  eden space 5504K,   0% used [0x00000000fec00000, 0x00000000fec00000, 0x00000000ff160000)
  from space 640K,   0% used [0x00000000ff160000, 0x00000000ff161020, 0x00000000ff200000)
  to   space 640K,   0% used [0x00000000ff200000, 0x00000000ff200000, 0x00000000ff2a0000)
 concurrent mark-sweep generation total 13696K, used 6317K [0x00000000ff2a0000, 0x0000000100000000, 0x0000000100000000)
 Metaspace       used 5077K, capacity 5258K, committed 5504K, reserved 1056768K
  class space    used 557K, capacity 597K, committed 640K, reserved 1048576K
}
{Heap before GC invocations=371 (full 42):
 par new generation   total 6144K, used 5233K [0x00000000fec00000, 0x00000000ff2a0000, 0x00000000ff2a0000)
  eden space 5504K,  95% used [0x00000000fec00000, 0x00000000ff11b780, 0x00000000ff160000)
  from space 640K,   0% used [0x00000000ff160000, 0x00000000ff161020, 0x00000000ff200000)
  to   space 640K,   0% used [0x00000000ff200000, 0x00000000ff200000, 0x00000000ff2a0000)
 concurrent mark-sweep generation total 13696K, used 6317K [0x00000000ff2a0000, 0x0000000100000000, 0x0000000100000000)
 Metaspace       used 5077K, capacity 5258K, committed 5504K, reserved 1056768K
  class space    used 557K, capacity 597K, committed 640K, reserved 1048576K
2024-07-16T17:58:55.872+0800: 3.016: [GC (Allocation Failure) 2024-07-16T17:58:55.872+0800: 3.016: [ParNew: 5233K->16K(6144K), 0.0008261 secs] 11551K->7358K(19840K), 0.0009787 secs] [Times: user=0.00 sys=0.00, real=0.00 secs] 
Heap after GC invocations=372 (full 42):
 par new generation   total 6144K, used 16K [0x00000000fec00000, 0x00000000ff2a0000, 0x00000000ff2a0000)
  eden space 5504K,   0% used [0x00000000fec00000, 0x00000000fec00000, 0x00000000ff160000)
  from space 640K,   2% used [0x00000000ff200000, 0x00000000ff2043a0, 0x00000000ff2a0000)
  to   space 640K,   0% used [0x00000000ff160000, 0x00000000ff160000, 0x00000000ff200000)
 concurrent mark-sweep generation total 13696K, used 7341K [0x00000000ff2a0000, 0x0000000100000000, 0x0000000100000000)
 Metaspace       used 5077K, capacity 5258K, committed 5504K, reserved 1056768K
  class space    used 557K, capacity 597K, committed 640K, reserved 1048576K
}
{Heap before GC invocations=372 (full 42):
 par new generation   total 6144K, used 5246K [0x00000000fec00000, 0x00000000ff2a0000, 0x00000000ff2a0000)
  eden space 5504K,  95% used [0x00000000fec00000, 0x00000000ff11b780, 0x00000000ff160000)
  from space 640K,   2% used [0x00000000ff200000, 0x00000000ff2043a0, 0x00000000ff2a0000)
  to   space 640K,   0% used [0x00000000ff160000, 0x00000000ff160000, 0x00000000ff200000)
 concurrent mark-sweep generation total 13696K, used 7341K [0x00000000ff2a0000, 0x0000000100000000, 0x0000000100000000)
 Metaspace       used 5077K, capacity 5258K, committed 5504K, reserved 1056768K
  class space    used 557K, capacity 597K, committed 640K, reserved 1048576K
2024-07-16T17:58:55.879+0800: 3.023: [GC (Allocation Failure) 2024-07-16T17:58:55.879+0800: 3.023: [ParNew: 5246K->16K(6144K), 0.0004333 secs] 12588K->8384K(19840K), 0.0004718 secs] [Times: user=0.00 sys=0.00, real=0.00 secs] 
Heap after GC invocations=373 (full 42):
 par new generation   total 6144K, used 16K [0x00000000fec00000, 0x00000000ff2a0000, 0x00000000ff2a0000)
  eden space 5504K,   0% used [0x00000000fec00000, 0x00000000fec00000, 0x00000000ff160000)
  from space 640K,   2% used [0x00000000ff160000, 0x00000000ff1643a0, 0x00000000ff200000)
  to   space 640K,   0% used [0x00000000ff200000, 0x00000000ff200000, 0x00000000ff2a0000)
 concurrent mark-sweep generation total 13696K, used 8367K [0x00000000ff2a0000, 0x0000000100000000, 0x0000000100000000)
 Metaspace       used 5077K, capacity 5258K, committed 5504K, reserved 1056768K
  class space    used 557K, capacity 597K, committed 640K, reserved 1048576K
}
2024-07-16T17:58:55.879+0800: 3.024: [GC (CMS Initial Mark) [1 CMS-initial-mark: 8367K(13696K)] 9408K(19840K), 0.0004809 secs] [Times: user=0.00 sys=0.00, real=0.00 secs] 
2024-07-16T17:58:55.880+0800: 3.024: [CMS-concurrent-mark-start]
2024-07-16T17:58:55.885+0800: 3.030: [CMS-concurrent-mark: 0.005/0.005 secs] [Times: user=0.00 sys=0.00, real=0.00 secs] 
2024-07-16T17:58:55.885+0800: 3.030: [CMS-concurrent-preclean-start]
2024-07-16T17:58:55.885+0800: 3.030: [CMS-concurrent-preclean: 0.000/0.000 secs] [Times: user=0.00 sys=0.00, real=0.00 secs] 
2024-07-16T17:58:55.885+0800: 3.030: [CMS-concurrent-abortable-preclean-start]
{Heap before GC invocations=373 (full 43):
 par new generation   total 6144K, used 5246K [0x00000000fec00000, 0x00000000ff2a0000, 0x00000000ff2a0000)
  eden space 5504K,  95% used [0x00000000fec00000, 0x00000000ff11b7d0, 0x00000000ff160000)
  from space 640K,   2% used [0x00000000ff160000, 0x00000000ff1643a0, 0x00000000ff200000)
  to   space 640K,   0% used [0x00000000ff200000, 0x00000000ff200000, 0x00000000ff2a0000)
 concurrent mark-sweep generation total 13696K, used 8367K [0x00000000ff2a0000, 0x0000000100000000, 0x0000000100000000)
 Metaspace       used 5077K, capacity 5258K, committed 5504K, reserved 1056768K
  class space    used 557K, capacity 597K, committed 640K, reserved 1048576K
2024-07-16T17:58:55.888+0800: 3.032: [GC (Allocation Failure) 2024-07-16T17:58:55.888+0800: 3.032: [ParNew: 5246K->14K(6144K), 0.0002636 secs] 13614K->8382K(19840K), 0.0002924 secs] [Times: user=0.00 sys=0.00, real=0.00 secs] 
Heap after GC invocations=374 (full 43):
 par new generation   total 6144K, used 14K [0x00000000fec00000, 0x00000000ff2a0000, 0x00000000ff2a0000)
  eden space 5504K,   0% used [0x00000000fec00000, 0x00000000fec00000, 0x00000000ff160000)
  from space 640K,   2% used [0x00000000ff200000, 0x00000000ff203b90, 0x00000000ff2a0000)
  to   space 640K,   0% used [0x00000000ff160000, 0x00000000ff160000, 0x00000000ff200000)
 concurrent mark-sweep generation total 13696K, used 8367K [0x00000000ff2a0000, 0x0000000100000000, 0x0000000100000000)
 Metaspace       used 5077K, capacity 5258K, committed 5504K, reserved 1056768K
  class space    used 557K, capacity 597K, committed 640K, reserved 1048576K
}
{Heap before GC invocations=374 (full 43):
 par new generation   total 6144K, used 5244K [0x00000000fec00000, 0x00000000ff2a0000, 0x00000000ff2a0000)
  eden space 5504K,  95% used [0x00000000fec00000, 0x00000000ff11b7b0, 0x00000000ff160000)
  from space 640K,   2% used [0x00000000ff200000, 0x00000000ff203b90, 0x00000000ff2a0000)
  to   space 640K,   0% used [0x00000000ff160000, 0x00000000ff160000, 0x00000000ff200000)
 concurrent mark-sweep generation total 13696K, used 8367K [0x00000000ff2a0000, 0x0000000100000000, 0x0000000100000000)
 Metaspace       used 5077K, capacity 5258K, committed 5504K, reserved 1056768K
  class space    used 557K, capacity 597K, committed 640K, reserved 1048576K
2024-07-16T17:58:55.894+0800: 3.038: [GC (Allocation Failure) 2024-07-16T17:58:55.894+0800: 3.038: [ParNew: 5244K->16K(6144K), 0.0003712 secs] 13612K->9410K(19840K), 0.0004165 secs] [Times: user=0.00 sys=0.00, real=0.00 secs] 
Heap after GC invocations=375 (full 43):
 par new generation   total 6144K, used 16K [0x00000000fec00000, 0x00000000ff2a0000, 0x00000000ff2a0000)
  eden space 5504K,   0% used [0x00000000fec00000, 0x00000000fec00000, 0x00000000ff160000)
  from space 640K,   2% used [0x00000000ff160000, 0x00000000ff1643a0, 0x00000000ff200000)
  to   space 640K,   0% used [0x00000000ff200000, 0x00000000ff200000, 0x00000000ff2a0000)
 concurrent mark-sweep generation total 13696K, used 9393K [0x00000000ff2a0000, 0x0000000100000000, 0x0000000100000000)
 Metaspace       used 5077K, capacity 5258K, committed 5504K, reserved 1056768K
  class space    used 557K, capacity 597K, committed 640K, reserved 1048576K
}
{Heap before GC invocations=375 (full 43):
 par new generation   total 6144K, used 5246K [0x00000000fec00000, 0x00000000ff2a0000, 0x00000000ff2a0000)
  eden space 5504K,  95% used [0x00000000fec00000, 0x00000000ff11b7a0, 0x00000000ff160000)
  from space 640K,   2% used [0x00000000ff160000, 0x00000000ff1643a0, 0x00000000ff200000)
  to   space 640K,   0% used [0x00000000ff200000, 0x00000000ff200000, 0x00000000ff2a0000)
 concurrent mark-sweep generation total 13696K, used 9393K [0x00000000ff2a0000, 0x0000000100000000, 0x0000000100000000)
 Metaspace       used 5077K, capacity 5258K, committed 5504K, reserved 1056768K
  class space    used 557K, capacity 597K, committed 640K, reserved 1048576K
2024-07-16T17:58:55.901+0800: 3.045: [GC (Allocation Failure) 2024-07-16T17:58:55.901+0800: 3.045: [ParNew: 5246K->16K(6144K), 0.0006735 secs] 14640K->10436K(19840K), 0.0007519 secs] [Times: user=0.00 sys=0.00, real=0.00 secs] 
Heap after GC invocations=376 (full 43):
 par new generation   total 6144K, used 16K [0x00000000fec00000, 0x00000000ff2a0000, 0x00000000ff2a0000)
  eden space 5504K,   0% used [0x00000000fec00000, 0x00000000fec00000, 0x00000000ff160000)
  from space 640K,   2% used [0x00000000ff200000, 0x00000000ff2043a0, 0x00000000ff2a0000)
  to   space 640K,   0% used [0x00000000ff160000, 0x00000000ff160000, 0x00000000ff200000)
 concurrent mark-sweep generation total 13696K, used 10419K [0x00000000ff2a0000, 0x0000000100000000, 0x0000000100000000)
 Metaspace       used 5077K, capacity 5258K, committed 5504K, reserved 1056768K
  class space    used 557K, capacity 597K, committed 640K, reserved 1048576K
}
{Heap before GC invocations=376 (full 43):
 par new generation   total 6144K, used 5246K [0x00000000fec00000, 0x00000000ff2a0000, 0x00000000ff2a0000)
  eden space 5504K,  95% used [0x00000000fec00000, 0x00000000ff11b790, 0x00000000ff160000)
  from space 640K,   2% used [0x00000000ff200000, 0x00000000ff2043a0, 0x00000000ff2a0000)
  to   space 640K,   0% used [0x00000000ff160000, 0x00000000ff160000, 0x00000000ff200000)
 concurrent mark-sweep generation total 13696K, used 10419K [0x00000000ff2a0000, 0x0000000100000000, 0x0000000100000000)
 Metaspace       used 5077K, capacity 5258K, committed 5504K, reserved 1056768K
  class space    used 557K, capacity 597K, committed 640K, reserved 1048576K
2024-07-16T17:58:55.908+0800: 3.052: [GC (Allocation Failure) 2024-07-16T17:58:55.908+0800: 3.052: [ParNew: 5246K->18K(6144K), 0.0010984 secs] 15666K->11464K(19840K), 0.0011791 secs] [Times: user=0.00 sys=0.00, real=0.00 secs] 
Heap after GC invocations=377 (full 43):
 par new generation   total 6144K, used 18K [0x00000000fec00000, 0x00000000ff2a0000, 0x00000000ff2a0000)
  eden space 5504K,   0% used [0x00000000fec00000, 0x00000000fec00000, 0x00000000ff160000)
  from space 640K,   2% used [0x00000000ff160000, 0x00000000ff164bb0, 0x00000000ff200000)
  to   space 640K,   0% used [0x00000000ff200000, 0x00000000ff200000, 0x00000000ff2a0000)
 concurrent mark-sweep generation total 13696K, used 11446K [0x00000000ff2a0000, 0x0000000100000000, 0x0000000100000000)
 Metaspace       used 5077K, capacity 5258K, committed 5504K, reserved 1056768K
  class space    used 557K, capacity 597K, committed 640K, reserved 1048576K
}
{Heap before GC invocations=377 (full 43):
 par new generation   total 6144K, used 5248K [0x00000000fec00000, 0x00000000ff2a0000, 0x00000000ff2a0000)
  eden space 5504K,  95% used [0x00000000fec00000, 0x00000000ff11b788, 0x00000000ff160000)
  from space 640K,   2% used [0x00000000ff160000, 0x00000000ff164bb0, 0x00000000ff200000)
  to   space 640K,   0% used [0x00000000ff200000, 0x00000000ff200000, 0x00000000ff2a0000)
 concurrent mark-sweep generation total 13696K, used 11446K [0x00000000ff2a0000, 0x0000000100000000, 0x0000000100000000)
 Metaspace       used 5077K, capacity 5258K, committed 5504K, reserved 1056768K
  class space    used 557K, capacity 597K, committed 640K, reserved 1048576K
2024-07-16T17:58:55.916+0800: 3.060: [GC (Allocation Failure) 2024-07-16T17:58:55.916+0800: 3.060: [ParNew: 5248K->8K(6144K), 0.0004966 secs] 16694K->12488K(19840K), 0.0005466 secs] [Times: user=0.00 sys=0.00, real=0.00 secs] 
Heap after GC invocations=378 (full 43):
 par new generation   total 6144K, used 8K [0x00000000fec00000, 0x00000000ff2a0000, 0x00000000ff2a0000)
  eden space 5504K,   0% used [0x00000000fec00000, 0x00000000fec00000, 0x00000000ff160000)
  from space 640K,   1% used [0x00000000ff200000, 0x00000000ff202040, 0x00000000ff2a0000)
  to   space 640K,   0% used [0x00000000ff160000, 0x00000000ff160000, 0x00000000ff200000)
 concurrent mark-sweep generation total 13696K, used 12480K [0x00000000ff2a0000, 0x0000000100000000, 0x0000000100000000)
 Metaspace       used 5077K, capacity 5258K, committed 5504K, reserved 1056768K
  class space    used 557K, capacity 597K, committed 640K, reserved 1048576K
}
{Heap before GC invocations=378 (full 43):
 par new generation   total 6144K, used 5237K [0x00000000fec00000, 0x00000000ff2a0000, 0x00000000ff2a0000)
  eden space 5504K,  95% used [0x00000000fec00000, 0x00000000ff11b788, 0x00000000ff160000)
  from space 640K,   1% used [0x00000000ff200000, 0x00000000ff202040, 0x00000000ff2a0000)
  to   space 640K,   0% used [0x00000000ff160000, 0x00000000ff160000, 0x00000000ff200000)
 concurrent mark-sweep generation total 13696K, used 12480K [0x00000000ff2a0000, 0x0000000100000000, 0x0000000100000000)
 Metaspace       used 5077K, capacity 5258K, committed 5504K, reserved 1056768K
  class space    used 557K, capacity 597K, committed 640K, reserved 1048576K
2024-07-16T17:58:55.925+0800: 3.069: [GC (Allocation Failure) 2024-07-16T17:58:55.925+0800: 3.069: [ParNew: 5237K->5237K(6144K), 0.0000119 secs]2024-07-16T17:58:55.925+0800: 3.069: [CMS2024-07-16T17:58:55.925+0800: 3.069: [CMS-concurrent-abortable-preclean: 0.000/0.039 secs] [Times: user=0.00 sys=0.00, real=0.04 secs] 
 (concurrent mode failure): 12480K->1191K(13696K), 0.0021930 secs] 17718K->1191K(19840K), [Metaspace: 5077K->5077K(1056768K)], 0.0022517 secs] [Times: user=0.00 sys=0.00, real=0.00 secs] 
Heap after GC invocations=379 (full 44):
 par new generation   total 6144K, used 0K [0x00000000fec00000, 0x00000000ff2a0000, 0x00000000ff2a0000)
  eden space 5504K,   0% used [0x00000000fec00000, 0x00000000fec00000, 0x00000000ff160000)
  from space 640K,   0% used [0x00000000ff200000, 0x00000000ff200000, 0x00000000ff2a0000)
  to   space 640K,   0% used [0x00000000ff160000, 0x00000000ff160000, 0x00000000ff200000)
 concurrent mark-sweep generation total 13696K, used 1191K [0x00000000ff2a0000, 0x0000000100000000, 0x0000000100000000)
 Metaspace       used 5077K, capacity 5258K, committed 5504K, reserved 1056768K
  class space    used 557K, capacity 597K, committed 640K, reserved 1048576K
}
{Heap before GC invocations=379 (full 44):
 par new generation   total 6144K, used 5229K [0x00000000fec00000, 0x00000000ff2a0000, 0x00000000ff2a0000)
  eden space 5504K,  95% used [0x00000000fec00000, 0x00000000ff11b780, 0x00000000ff160000)
  from space 640K,   0% used [0x00000000ff200000, 0x00000000ff200000, 0x00000000ff2a0000)
  to   space 640K,   0% used [0x00000000ff160000, 0x00000000ff160000, 0x00000000ff200000)
 concurrent mark-sweep generation total 13696K, used 1191K [0x00000000ff2a0000, 0x0000000100000000, 0x0000000100000000)
 Metaspace       used 5077K, capacity 5258K, committed 5504K, reserved 1056768K
  class space    used 557K, capacity 597K, committed 640K, reserved 1048576K
2024-07-16T17:58:55.934+0800: 3.078: [GC (Allocation Failure) 2024-07-16T17:58:55.934+0800: 3.078: [ParNew: 5229K->8K(6144K), 0.0003663 secs] 6420K->2225K(19840K), 0.0004003 secs] [Times: user=0.00 sys=0.00, real=0.00 secs] 
Heap after GC invocations=380 (full 44):
 par new generation   total 6144K, used 8K [0x00000000fec00000, 0x00000000ff2a0000, 0x00000000ff2a0000)
  eden space 5504K,   0% used [0x00000000fec00000, 0x00000000fec00000, 0x00000000ff160000)
  from space 640K,   1% used [0x00000000ff160000, 0x00000000ff162040, 0x00000000ff200000)
  to   space 640K,   0% used [0x00000000ff200000, 0x00000000ff200000, 0x00000000ff2a0000)
 concurrent mark-sweep generation total 13696K, used 2217K [0x00000000ff2a0000, 0x0000000100000000, 0x0000000100000000)
 Metaspace       used 5077K, capacity 5258K, committed 5504K, reserved 1056768K
  class space    used 557K, capacity 597K, committed 640K, reserved 1048576K
}
{Heap before GC invocations=380 (full 44):
 par new generation   total 6144K, used 5237K [0x00000000fec00000, 0x00000000ff2a0000, 0x00000000ff2a0000)
  eden space 5504K,  95% used [0x00000000fec00000, 0x00000000ff11b780, 0x00000000ff160000)
  from space 640K,   1% used [0x00000000ff160000, 0x00000000ff162040, 0x00000000ff200000)
  to   space 640K,   0% used [0x00000000ff200000, 0x00000000ff200000, 0x00000000ff2a0000)
 concurrent mark-sweep generation total 13696K, used 2217K [0x00000000ff2a0000, 0x0000000100000000, 0x0000000100000000)
 Metaspace       used 5077K, capacity 5258K, committed 5504K, reserved 1056768K
  class space    used 557K, capacity 597K, committed 640K, reserved 1048576K
2024-07-16T17:58:55.940+0800: 3.084: [GC (Allocation Failure) 2024-07-16T17:58:55.940+0800: 3.084: [ParNew: 5237K->8K(6144K), 0.0003894 secs] 7455K->3249K(19840K), 0.0004258 secs] [Times: user=0.00 sys=0.00, real=0.00 secs] 
Heap after GC invocations=381 (full 44):
 par new generation   total 6144K, used 8K [0x00000000fec00000, 0x00000000ff2a0000, 0x00000000ff2a0000)
  eden space 5504K,   0% used [0x00000000fec00000, 0x00000000fec00000, 0x00000000ff160000)
  from space 640K,   1% used [0x00000000ff200000, 0x00000000ff202040, 0x00000000ff2a0000)
  to   space 640K,   0% used [0x00000000ff160000, 0x00000000ff160000, 0x00000000ff200000)
 concurrent mark-sweep generation total 13696K, used 3241K [0x00000000ff2a0000, 0x0000000100000000, 0x0000000100000000)
 Metaspace       used 5077K, capacity 5258K, committed 5504K, reserved 1056768K
  class space    used 557K, capacity 597K, committed 640K, reserved 1048576K
}
{Heap before GC invocations=381 (full 44):
 par new generation   total 6144K, used 5237K [0x00000000fec00000, 0x00000000ff2a0000, 0x00000000ff2a0000)
  eden space 5504K,  95% used [0x00000000fec00000, 0x00000000ff11b780, 0x00000000ff160000)
  from space 640K,   1% used [0x00000000ff200000, 0x00000000ff202040, 0x00000000ff2a0000)
  to   space 640K,   0% used [0x00000000ff160000, 0x00000000ff160000, 0x00000000ff200000)
 concurrent mark-sweep generation total 13696K, used 3241K [0x00000000ff2a0000, 0x0000000100000000, 0x0000000100000000)
 Metaspace       used 5077K, capacity 5258K, committed 5504K, reserved 1056768K
  class space    used 557K, capacity 597K, committed 640K, reserved 1048576K
2024-07-16T17:58:55.949+0800: 3.093: [GC (Allocation Failure) 2024-07-16T17:58:55.949+0800: 3.093: [ParNew: 5237K->4K(6144K), 0.0002971 secs] 8479K->3245K(19840K), 0.0003417 secs] [Times: user=0.00 sys=0.00, real=0.00 secs] 
Heap after GC invocations=382 (full 44):
 par new generation   total 6144K, used 4K [0x00000000fec00000, 0x00000000ff2a0000, 0x00000000ff2a0000)
  eden space 5504K,   0% used [0x00000000fec00000, 0x00000000fec00000, 0x00000000ff160000)
  from space 640K,   0% used [0x00000000ff160000, 0x00000000ff161020, 0x00000000ff200000)
  to   space 640K,   0% used [0x00000000ff200000, 0x00000000ff200000, 0x00000000ff2a0000)
 concurrent mark-sweep generation total 13696K, used 3241K [0x00000000ff2a0000, 0x0000000100000000, 0x0000000100000000)
 Metaspace       used 5077K, capacity 5258K, committed 5504K, reserved 1056768K
  class space    used 557K, capacity 597K, committed 640K, reserved 1048576K
}
{Heap before GC invocations=382 (full 44):
 par new generation   total 6144K, used 5233K [0x00000000fec00000, 0x00000000ff2a0000, 0x00000000ff2a0000)
  eden space 5504K,  95% used [0x00000000fec00000, 0x00000000ff11b780, 0x00000000ff160000)
  from space 640K,   0% used [0x00000000ff160000, 0x00000000ff161020, 0x00000000ff200000)
  to   space 640K,   0% used [0x00000000ff200000, 0x00000000ff200000, 0x00000000ff2a0000)
 concurrent mark-sweep generation total 13696K, used 3241K [0x00000000ff2a0000, 0x0000000100000000, 0x0000000100000000)
 Metaspace       used 5077K, capacity 5258K, committed 5504K, reserved 1056768K
  class space    used 557K, capacity 597K, committed 640K, reserved 1048576K
2024-07-16T17:58:55.956+0800: 3.100: [GC (Allocation Failure) 2024-07-16T17:58:55.956+0800: 3.100: [ParNew: 5233K->8K(6144K), 0.0003429 secs] 8475K->4275K(19840K), 0.0003760 secs] [Times: user=0.00 sys=0.00, real=0.00 secs] 
Heap after GC invocations=383 (full 44):
 par new generation   total 6144K, used 8K [0x00000000fec00000, 0x00000000ff2a0000, 0x00000000ff2a0000)
  eden space 5504K,   0% used [0x00000000fec00000, 0x00000000fec00000, 0x00000000ff160000)
  from space 640K,   1% used [0x00000000ff200000, 0x00000000ff202040, 0x00000000ff2a0000)
  to   space 640K,   0% used [0x00000000ff160000, 0x00000000ff160000, 0x00000000ff200000)
 concurrent mark-sweep generation total 13696K, used 4267K [0x00000000ff2a0000, 0x0000000100000000, 0x0000000100000000)
 Metaspace       used 5077K, capacity 5258K, committed 5504K, reserved 1056768K
  class space    used 557K, capacity 597K, committed 640K, reserved 1048576K
}
{Heap before GC invocations=383 (full 44):
 par new generation   total 6144K, used 5237K [0x00000000fec00000, 0x00000000ff2a0000, 0x00000000ff2a0000)
  eden space 5504K,  95% used [0x00000000fec00000, 0x00000000ff11b780, 0x00000000ff160000)
  from space 640K,   1% used [0x00000000ff200000, 0x00000000ff202040, 0x00000000ff2a0000)
  to   space 640K,   0% used [0x00000000ff160000, 0x00000000ff160000, 0x00000000ff200000)
 concurrent mark-sweep generation total 13696K, used 4267K [0x00000000ff2a0000, 0x0000000100000000, 0x0000000100000000)
 Metaspace       used 5077K, capacity 5258K, committed 5504K, reserved 1056768K
  class space    used 557K, capacity 597K, committed 640K, reserved 1048576K
2024-07-16T17:58:55.963+0800: 3.107: [GC (Allocation Failure) 2024-07-16T17:58:55.963+0800: 3.107: [ParNew: 5237K->4K(6144K), 0.0002724 secs] 9505K->4271K(19840K), 0.0003472 secs] [Times: user=0.00 sys=0.00, real=0.00 secs] 
Heap after GC invocations=384 (full 44):
 par new generation   total 6144K, used 4K [0x00000000fec00000, 0x00000000ff2a0000, 0x00000000ff2a0000)
  eden space 5504K,   0% used [0x00000000fec00000, 0x00000000fec00000, 0x00000000ff160000)
  from space 640K,   0% used [0x00000000ff160000, 0x00000000ff161020, 0x00000000ff200000)
  to   space 640K,   0% used [0x00000000ff200000, 0x00000000ff200000, 0x00000000ff2a0000)
 concurrent mark-sweep generation total 13696K, used 4267K [0x00000000ff2a0000, 0x0000000100000000, 0x0000000100000000)
 Metaspace       used 5077K, capacity 5258K, committed 5504K, reserved 1056768K
  class space    used 557K, capacity 597K, committed 640K, reserved 1048576K
}
{Heap before GC invocations=384 (full 44):
 par new generation   total 6144K, used 5233K [0x00000000fec00000, 0x00000000ff2a0000, 0x00000000ff2a0000)
  eden space 5504K,  95% used [0x00000000fec00000, 0x00000000ff11b780, 0x00000000ff160000)
  from space 640K,   0% used [0x00000000ff160000, 0x00000000ff161020, 0x00000000ff200000)
  to   space 640K,   0% used [0x00000000ff200000, 0x00000000ff200000, 0x00000000ff2a0000)
 concurrent mark-sweep generation total 13696K, used 4267K [0x00000000ff2a0000, 0x0000000100000000, 0x0000000100000000)
 Metaspace       used 5077K, capacity 5258K, committed 5504K, reserved 1056768K
  class space    used 557K, capacity 597K, committed 640K, reserved 1048576K
2024-07-16T17:58:55.970+0800: 3.114: [GC (Allocation Failure) 2024-07-16T17:58:55.970+0800: 3.114: [ParNew: 5233K->4K(6144K), 0.0002770 secs] 9501K->4271K(19840K), 0.0003175 secs] [Times: user=0.00 sys=0.00, real=0.00 secs] 
Heap after GC invocations=385 (full 44):
 par new generation   total 6144K, used 4K [0x00000000fec00000, 0x00000000ff2a0000, 0x00000000ff2a0000)
  eden space 5504K,   0% used [0x00000000fec00000, 0x00000000fec00000, 0x00000000ff160000)
  from space 640K,   0% used [0x00000000ff200000, 0x00000000ff201020, 0x00000000ff2a0000)
  to   space 640K,   0% used [0x00000000ff160000, 0x00000000ff160000, 0x00000000ff200000)
 concurrent mark-sweep generation total 13696K, used 4267K [0x00000000ff2a0000, 0x0000000100000000, 0x0000000100000000)
 Metaspace       used 5077K, capacity 5258K, committed 5504K, reserved 1056768K
  class space    used 557K, capacity 597K, committed 640K, reserved 1048576K
}
{Heap before GC invocations=385 (full 44):
 par new generation   total 6144K, used 5233K [0x00000000fec00000, 0x00000000ff2a0000, 0x00000000ff2a0000)
  eden space 5504K,  95% used [0x00000000fec00000, 0x00000000ff11b780, 0x00000000ff160000)
  from space 640K,   0% used [0x00000000ff200000, 0x00000000ff201020, 0x00000000ff2a0000)
  to   space 640K,   0% used [0x00000000ff160000, 0x00000000ff160000, 0x00000000ff200000)
 concurrent mark-sweep generation total 13696K, used 4267K [0x00000000ff2a0000, 0x0000000100000000, 0x0000000100000000)
 Metaspace       used 5077K, capacity 5258K, committed 5504K, reserved 1056768K
  class space    used 557K, capacity 597K, committed 640K, reserved 1048576K
2024-07-16T17:58:55.977+0800: 3.121: [GC (Allocation Failure) 2024-07-16T17:58:55.977+0800: 3.121: [ParNew: 5233K->6K(6144K), 0.0003872 secs] 9501K->5299K(19840K), 0.0004262 secs] [Times: user=0.00 sys=0.00, real=0.00 secs] 
Heap after GC invocations=386 (full 44):
 par new generation   total 6144K, used 6K [0x00000000fec00000, 0x00000000ff2a0000, 0x00000000ff2a0000)
  eden space 5504K,   0% used [0x00000000fec00000, 0x00000000fec00000, 0x00000000ff160000)
  from space 640K,   0% used [0x00000000ff160000, 0x00000000ff161830, 0x00000000ff200000)
  to   space 640K,   0% used [0x00000000ff200000, 0x00000000ff200000, 0x00000000ff2a0000)
 concurrent mark-sweep generation total 13696K, used 5293K [0x00000000ff2a0000, 0x0000000100000000, 0x0000000100000000)
 Metaspace       used 5077K, capacity 5258K, committed 5504K, reserved 1056768K
  class space    used 557K, capacity 597K, committed 640K, reserved 1048576K
}
{Heap before GC invocations=386 (full 44):
 par new generation   total 6144K, used 5235K [0x00000000fec00000, 0x00000000ff2a0000, 0x00000000ff2a0000)
  eden space 5504K,  95% used [0x00000000fec00000, 0x00000000ff11b780, 0x00000000ff160000)
  from space 640K,   0% used [0x00000000ff160000, 0x00000000ff161830, 0x00000000ff200000)
  to   space 640K,   0% used [0x00000000ff200000, 0x00000000ff200000, 0x00000000ff2a0000)
 concurrent mark-sweep generation total 13696K, used 5293K [0x00000000ff2a0000, 0x0000000100000000, 0x0000000100000000)
 Metaspace       used 5077K, capacity 5258K, committed 5504K, reserved 1056768K
  class space    used 557K, capacity 597K, committed 640K, reserved 1048576K
2024-07-16T17:58:55.985+0800: 3.129: [GC (Allocation Failure) 2024-07-16T17:58:55.985+0800: 3.129: [ParNew: 5235K->4K(6144K), 0.0003302 secs] 10529K->5297K(19840K), 0.0004125 secs] [Times: user=0.00 sys=0.00, real=0.00 secs] 
Heap after GC invocations=387 (full 44):
 par new generation   total 6144K, used 4K [0x00000000fec00000, 0x00000000ff2a0000, 0x00000000ff2a0000)
  eden space 5504K,   0% used [0x00000000fec00000, 0x00000000fec00000, 0x00000000ff160000)
  from space 640K,   0% used [0x00000000ff200000, 0x00000000ff201020, 0x00000000ff2a0000)
  to   space 640K,   0% used [0x00000000ff160000, 0x00000000ff160000, 0x00000000ff200000)
 concurrent mark-sweep generation total 13696K, used 5293K [0x00000000ff2a0000, 0x0000000100000000, 0x0000000100000000)
 Metaspace       used 5077K, capacity 5258K, committed 5504K, reserved 1056768K
  class space    used 557K, capacity 597K, committed 640K, reserved 1048576K
}
{Heap before GC invocations=387 (full 44):
 par new generation   total 6144K, used 5233K [0x00000000fec00000, 0x00000000ff2a0000, 0x00000000ff2a0000)
  eden space 5504K,  95% used [0x00000000fec00000, 0x00000000ff11b780, 0x00000000ff160000)
  from space 640K,   0% used [0x00000000ff200000, 0x00000000ff201020, 0x00000000ff2a0000)
  to   space 640K,   0% used [0x00000000ff160000, 0x00000000ff160000, 0x00000000ff200000)
 concurrent mark-sweep generation total 13696K, used 5293K [0x00000000ff2a0000, 0x0000000100000000, 0x0000000100000000)
 Metaspace       used 5077K, capacity 5258K, committed 5504K, reserved 1056768K
  class space    used 557K, capacity 597K, committed 640K, reserved 1048576K
2024-07-16T17:58:55.992+0800: 3.136: [GC (Allocation Failure) 2024-07-16T17:58:55.992+0800: 3.136: [ParNew: 5233K->4K(6144K), 0.0003680 secs] 10527K->5297K(19840K), 0.0004141 secs] [Times: user=0.00 sys=0.00, real=0.00 secs] 
Heap after GC invocations=388 (full 44):
 par new generation   total 6144K, used 4K [0x00000000fec00000, 0x00000000ff2a0000, 0x00000000ff2a0000)
  eden space 5504K,   0% used [0x00000000fec00000, 0x00000000fec00000, 0x00000000ff160000)
  from space 640K,   0% used [0x00000000ff160000, 0x00000000ff161020, 0x00000000ff200000)
  to   space 640K,   0% used [0x00000000ff200000, 0x00000000ff200000, 0x00000000ff2a0000)
 concurrent mark-sweep generation total 13696K, used 5293K [0x00000000ff2a0000, 0x0000000100000000, 0x0000000100000000)
 Metaspace       used 5077K, capacity 5258K, committed 5504K, reserved 1056768K
  class space    used 557K, capacity 597K, committed 640K, reserved 1048576K
}
{Heap before GC invocations=388 (full 44):
 par new generation   total 6144K, used 5233K [0x00000000fec00000, 0x00000000ff2a0000, 0x00000000ff2a0000)
  eden space 5504K,  95% used [0x00000000fec00000, 0x00000000ff11b780, 0x00000000ff160000)
  from space 640K,   0% used [0x00000000ff160000, 0x00000000ff161020, 0x00000000ff200000)
  to   space 640K,   0% used [0x00000000ff200000, 0x00000000ff200000, 0x00000000ff2a0000)
 concurrent mark-sweep generation total 13696K, used 5293K [0x00000000ff2a0000, 0x0000000100000000, 0x0000000100000000)
 Metaspace       used 5077K, capacity 5258K, committed 5504K, reserved 1056768K
  class space    used 557K, capacity 597K, committed 640K, reserved 1048576K
2024-07-16T17:58:55.998+0800: 3.142: [GC (Allocation Failure) 2024-07-16T17:58:55.998+0800: 3.142: [ParNew: 5233K->8K(6144K), 0.0009099 secs] 10527K->6327K(19840K), 0.0011006 secs] [Times: user=0.00 sys=0.00, real=0.00 secs] 
Heap after GC invocations=389 (full 44):
 par new generation   total 6144K, used 8K [0x00000000fec00000, 0x00000000ff2a0000, 0x00000000ff2a0000)
  eden space 5504K,   0% used [0x00000000fec00000, 0x00000000fec00000, 0x00000000ff160000)
  from space 640K,   1% used [0x00000000ff200000, 0x00000000ff202040, 0x00000000ff2a0000)
  to   space 640K,   0% used [0x00000000ff160000, 0x00000000ff160000, 0x00000000ff200000)
 concurrent mark-sweep generation total 13696K, used 6319K [0x00000000ff2a0000, 0x0000000100000000, 0x0000000100000000)
 Metaspace       used 5077K, capacity 5258K, committed 5504K, reserved 1056768K
  class space    used 557K, capacity 597K, committed 640K, reserved 1048576K
}
{Heap before GC invocations=389 (full 44):
 par new generation   total 6144K, used 5237K [0x00000000fec00000, 0x00000000ff2a0000, 0x00000000ff2a0000)
  eden space 5504K,  95% used [0x00000000fec00000, 0x00000000ff11b780, 0x00000000ff160000)
  from space 640K,   1% used [0x00000000ff200000, 0x00000000ff202040, 0x00000000ff2a0000)
  to   space 640K,   0% used [0x00000000ff160000, 0x00000000ff160000, 0x00000000ff200000)
 concurrent mark-sweep generation total 13696K, used 6319K [0x00000000ff2a0000, 0x0000000100000000, 0x0000000100000000)
 Metaspace       used 5077K, capacity 5258K, committed 5504K, reserved 1056768K
  class space    used 557K, capacity 597K, committed 640K, reserved 1048576K
2024-07-16T17:58:56.008+0800: 3.152: [GC (Allocation Failure) 2024-07-16T17:58:56.008+0800: 3.152: [ParNew: 5237K->2K(6144K), 0.0008315 secs] 11557K->6321K(19840K), 0.0009253 secs] [Times: user=0.00 sys=0.00, real=0.00 secs] 
Heap after GC invocations=390 (full 44):
 par new generation   total 6144K, used 2K [0x00000000fec00000, 0x00000000ff2a0000, 0x00000000ff2a0000)
  eden space 5504K,   0% used [0x00000000fec00000, 0x00000000fec00000, 0x00000000ff160000)
  from space 640K,   0% used [0x00000000ff160000, 0x00000000ff160810, 0x00000000ff200000)
  to   space 640K,   0% used [0x00000000ff200000, 0x00000000ff200000, 0x00000000ff2a0000)
 concurrent mark-sweep generation total 13696K, used 6319K [0x00000000ff2a0000, 0x0000000100000000, 0x0000000100000000)
 Metaspace       used 5077K, capacity 5258K, committed 5504K, reserved 1056768K
  class space    used 557K, capacity 597K, committed 640K, reserved 1048576K
}
{Heap before GC invocations=390 (full 44):
 par new generation   total 6144K, used 5231K [0x00000000fec00000, 0x00000000ff2a0000, 0x00000000ff2a0000)
  eden space 5504K,  95% used [0x00000000fec00000, 0x00000000ff11b780, 0x00000000ff160000)
  from space 640K,   0% used [0x00000000ff160000, 0x00000000ff160810, 0x00000000ff200000)
  to   space 640K,   0% used [0x00000000ff200000, 0x00000000ff200000, 0x00000000ff2a0000)
 concurrent mark-sweep generation total 13696K, used 6319K [0x00000000ff2a0000, 0x0000000100000000, 0x0000000100000000)
 Metaspace       used 5077K, capacity 5258K, committed 5504K, reserved 1056768K
  class space    used 557K, capacity 597K, committed 640K, reserved 1048576K
2024-07-16T17:58:56.016+0800: 3.160: [GC (Allocation Failure) 2024-07-16T17:58:56.016+0800: 3.160: [ParNew: 5231K->6K(6144K), 0.0010343 secs] 11551K->7349K(19840K), 0.0011168 secs] [Times: user=0.00 sys=0.00, real=0.00 secs] 
Heap after GC invocations=391 (full 44):
 par new generation   total 6144K, used 6K [0x00000000fec00000, 0x00000000ff2a0000, 0x00000000ff2a0000)
  eden space 5504K,   0% used [0x00000000fec00000, 0x00000000fec00000, 0x00000000ff160000)
  from space 640K,   0% used [0x00000000ff200000, 0x00000000ff201830, 0x00000000ff2a0000)
  to   space 640K,   0% used [0x00000000ff160000, 0x00000000ff160000, 0x00000000ff200000)
 concurrent mark-sweep generation total 13696K, used 7343K [0x00000000ff2a0000, 0x0000000100000000, 0x0000000100000000)
 Metaspace       used 5077K, capacity 5258K, committed 5504K, reserved 1056768K
  class space    used 557K, capacity 597K, committed 640K, reserved 1048576K
}
{Heap before GC invocations=391 (full 44):
 par new generation   total 6144K, used 5235K [0x00000000fec00000, 0x00000000ff2a0000, 0x00000000ff2a0000)
  eden space 5504K,  95% used [0x00000000fec00000, 0x00000000ff11b780, 0x00000000ff160000)
  from space 640K,   0% used [0x00000000ff200000, 0x00000000ff201830, 0x00000000ff2a0000)
  to   space 640K,   0% used [0x00000000ff160000, 0x00000000ff160000, 0x00000000ff200000)
 concurrent mark-sweep generation total 13696K, used 7343K [0x00000000ff2a0000, 0x0000000100000000, 0x0000000100000000)
 Metaspace       used 5077K, capacity 5258K, committed 5504K, reserved 1056768K
  class space    used 557K, capacity 597K, committed 640K, reserved 1048576K
2024-07-16T17:58:56.025+0800: 3.169: [GC (Allocation Failure) 2024-07-16T17:58:56.025+0800: 3.169: [ParNew: 5235K->8K(6144K), 0.0008517 secs] 12579K->8375K(19840K), 0.0009915 secs] [Times: user=0.00 sys=0.00, real=0.00 secs] 
Heap after GC invocations=392 (full 44):
 par new generation   total 6144K, used 8K [0x00000000fec00000, 0x00000000ff2a0000, 0x00000000ff2a0000)
  eden space 5504K,   0% used [0x00000000fec00000, 0x00000000fec00000, 0x00000000ff160000)
  from space 640K,   1% used [0x00000000ff160000, 0x00000000ff162040, 0x00000000ff200000)
  to   space 640K,   0% used [0x00000000ff200000, 0x00000000ff200000, 0x00000000ff2a0000)
 concurrent mark-sweep generation total 13696K, used 8367K [0x00000000ff2a0000, 0x0000000100000000, 0x0000000100000000)
 Metaspace       used 5077K, capacity 5258K, committed 5504K, reserved 1056768K
  class space    used 557K, capacity 597K, committed 640K, reserved 1048576K
}
2024-07-16T17:58:56.026+0800: 3.171: [GC (CMS Initial Mark) [1 CMS-initial-mark: 8367K(13696K)] 9401K(19840K), 0.0002537 secs] [Times: user=0.00 sys=0.00, real=0.00 secs] 
2024-07-16T17:58:56.026+0800: 3.171: [CMS-concurrent-mark-start]
2024-07-16T17:58:56.030+0800: 3.175: [CMS-concurrent-mark: 0.004/0.004 secs] [Times: user=0.00 sys=0.00, real=0.00 secs] 
2024-07-16T17:58:56.030+0800: 3.175: [CMS-concurrent-preclean-start]
2024-07-16T17:58:56.031+0800: 3.175: [CMS-concurrent-preclean: 0.000/0.000 secs] [Times: user=0.00 sys=0.00, real=0.00 secs] 
2024-07-16T17:58:56.031+0800: 3.175: [CMS-concurrent-abortable-preclean-start]
{Heap before GC invocations=392 (full 45):
 par new generation   total 6144K, used 5237K [0x00000000fec00000, 0x00000000ff2a0000, 0x00000000ff2a0000)
  eden space 5504K,  95% used [0x00000000fec00000, 0x00000000ff11b780, 0x00000000ff160000)
  from space 640K,   1% used [0x00000000ff160000, 0x00000000ff162040, 0x00000000ff200000)
  to   space 640K,   0% used [0x00000000ff200000, 0x00000000ff200000, 0x00000000ff2a0000)
 concurrent mark-sweep generation total 13696K, used 8367K [0x00000000ff2a0000, 0x0000000100000000, 0x0000000100000000)
 Metaspace       used 5077K, capacity 5258K, committed 5504K, reserved 1056768K
  class space    used 557K, capacity 597K, committed 640K, reserved 1048576K
2024-07-16T17:58:56.035+0800: 3.179: [GC (Allocation Failure) 2024-07-16T17:58:56.035+0800: 3.179: [ParNew: 5237K->4K(6144K), 0.0005358 secs] 13605K->8371K(19840K), 0.0006057 secs] [Times: user=0.00 sys=0.00, real=0.00 secs] 
Heap after GC invocations=393 (full 45):
 par new generation   total 6144K, used 4K [0x00000000fec00000, 0x00000000ff2a0000, 0x00000000ff2a0000)
  eden space 5504K,   0% used [0x00000000fec00000, 0x00000000fec00000, 0x00000000ff160000)
  from space 640K,   0% used [0x00000000ff200000, 0x00000000ff201020, 0x00000000ff2a0000)
  to   space 640K,   0% used [0x00000000ff160000, 0x00000000ff160000, 0x00000000ff200000)
 concurrent mark-sweep generation total 13696K, used 8367K [0x00000000ff2a0000, 0x0000000100000000, 0x0000000100000000)
 Metaspace       used 5077K, capacity 5258K, committed 5504K, reserved 1056768K
  class space    used 557K, capacity 597K, committed 640K, reserved 1048576K
}
{Heap before GC invocations=393 (full 45):
 par new generation   total 6144K, used 5233K [0x00000000fec00000, 0x00000000ff2a0000, 0x00000000ff2a0000)
  eden space 5504K,  95% used [0x00000000fec00000, 0x00000000ff11b780, 0x00000000ff160000)
  from space 640K,   0% used [0x00000000ff200000, 0x00000000ff201020, 0x00000000ff2a0000)
  to   space 640K,   0% used [0x00000000ff160000, 0x00000000ff160000, 0x00000000ff200000)
 concurrent mark-sweep generation total 13696K, used 8367K [0x00000000ff2a0000, 0x0000000100000000, 0x0000000100000000)
 Metaspace       used 5077K, capacity 5258K, committed 5504K, reserved 1056768K
  class space    used 557K, capacity 597K, committed 640K, reserved 1048576K
2024-07-16T17:58:56.044+0800: 3.188: [GC (Allocation Failure) 2024-07-16T17:58:56.044+0800: 3.188: [ParNew: 5233K->2K(6144K), 0.0003571 secs] 13601K->8369K(19840K), 0.0004458 secs] [Times: user=0.00 sys=0.00, real=0.00 secs] 
Heap after GC invocations=394 (full 45):
 par new generation   total 6144K, used 2K [0x00000000fec00000, 0x00000000ff2a0000, 0x00000000ff2a0000)
  eden space 5504K,   0% used [0x00000000fec00000, 0x00000000fec00000, 0x00000000ff160000)
  from space 640K,   0% used [0x00000000ff160000, 0x00000000ff160810, 0x00000000ff200000)
  to   space 640K,   0% used [0x00000000ff200000, 0x00000000ff200000, 0x00000000ff2a0000)
 concurrent mark-sweep generation total 13696K, used 8367K [0x00000000ff2a0000, 0x0000000100000000, 0x0000000100000000)
 Metaspace       used 5077K, capacity 5258K, committed 5504K, reserved 1056768K
  class space    used 557K, capacity 597K, committed 640K, reserved 1048576K
}
{Heap before GC invocations=394 (full 45):
 par new generation   total 6144K, used 5231K [0x00000000fec00000, 0x00000000ff2a0000, 0x00000000ff2a0000)
  eden space 5504K,  95% used [0x00000000fec00000, 0x00000000ff11b780, 0x00000000ff160000)
  from space 640K,   0% used [0x00000000ff160000, 0x00000000ff160810, 0x00000000ff200000)
  to   space 640K,   0% used [0x00000000ff200000, 0x00000000ff200000, 0x00000000ff2a0000)
 concurrent mark-sweep generation total 13696K, used 8367K [0x00000000ff2a0000, 0x0000000100000000, 0x0000000100000000)
 Metaspace       used 5077K, capacity 5258K, committed 5504K, reserved 1056768K
  class space    used 557K, capacity 597K, committed 640K, reserved 1048576K
2024-07-16T17:58:56.051+0800: 3.195: [GC (Allocation Failure) 2024-07-16T17:58:56.051+0800: 3.195: [ParNew: 5231K->6K(6144K), 0.0010583 secs] 13599K->9397K(19840K), 0.0011439 secs] [Times: user=0.00 sys=0.00, real=0.00 secs] 
Heap after GC invocations=395 (full 45):
 par new generation   total 6144K, used 6K [0x00000000fec00000, 0x00000000ff2a0000, 0x00000000ff2a0000)
  eden space 5504K,   0% used [0x00000000fec00000, 0x00000000fec00000, 0x00000000ff160000)
  from space 640K,   0% used [0x00000000ff200000, 0x00000000ff201830, 0x00000000ff2a0000)
  to   space 640K,   0% used [0x00000000ff160000, 0x00000000ff160000, 0x00000000ff200000)
 concurrent mark-sweep generation total 13696K, used 9391K [0x00000000ff2a0000, 0x0000000100000000, 0x0000000100000000)
 Metaspace       used 5077K, capacity 5258K, committed 5504K, reserved 1056768K
  class space    used 557K, capacity 597K, committed 640K, reserved 1048576K
}
{Heap before GC invocations=395 (full 45):
 par new generation   total 6144K, used 5235K [0x00000000fec00000, 0x00000000ff2a0000, 0x00000000ff2a0000)
  eden space 5504K,  95% used [0x00000000fec00000, 0x00000000ff11b780, 0x00000000ff160000)
  from space 640K,   0% used [0x00000000ff200000, 0x00000000ff201830, 0x00000000ff2a0000)
  to   space 640K,   0% used [0x00000000ff160000, 0x00000000ff160000, 0x00000000ff200000)
 concurrent mark-sweep generation total 13696K, used 9391K [0x00000000ff2a0000, 0x0000000100000000, 0x0000000100000000)
 Metaspace       used 5077K, capacity 5258K, committed 5504K, reserved 1056768K
  class space    used 557K, capacity 597K, committed 640K, reserved 1048576K
2024-07-16T17:58:56.060+0800: 3.204: [GC (Allocation Failure) 2024-07-16T17:58:56.060+0800: 3.204: [ParNew: 5235K->8K(6144K), 0.0008009 secs] 14627K->10425K(19840K), 0.0008548 secs] [Times: user=0.00 sys=0.00, real=0.00 secs] 
Heap after GC invocations=396 (full 45):
 par new generation   total 6144K, used 8K [0x00000000fec00000, 0x00000000ff2a0000, 0x00000000ff2a0000)
  eden space 5504K,   0% used [0x00000000fec00000, 0x00000000fec00000, 0x00000000ff160000)
  from space 640K,   1% used [0x00000000ff160000, 0x00000000ff162040, 0x00000000ff200000)
  to   space 640K,   0% used [0x00000000ff200000, 0x00000000ff200000, 0x00000000ff2a0000)
 concurrent mark-sweep generation total 13696K, used 10417K [0x00000000ff2a0000, 0x0000000100000000, 0x0000000100000000)
 Metaspace       used 5077K, capacity 5258K, committed 5504K, reserved 1056768K
  class space    used 557K, capacity 597K, committed 640K, reserved 1048576K
}
{Heap before GC invocations=396 (full 45):
 par new generation   total 6144K, used 5237K [0x00000000fec00000, 0x00000000ff2a0000, 0x00000000ff2a0000)
  eden space 5504K,  95% used [0x00000000fec00000, 0x00000000ff11b780, 0x00000000ff160000)
  from space 640K,   1% used [0x00000000ff160000, 0x00000000ff162040, 0x00000000ff200000)
  to   space 640K,   0% used [0x00000000ff200000, 0x00000000ff200000, 0x00000000ff2a0000)
 concurrent mark-sweep generation total 13696K, used 10417K [0x00000000ff2a0000, 0x0000000100000000, 0x0000000100000000)
 Metaspace       used 5077K, capacity 5258K, committed 5504K, reserved 1056768K
  class space    used 557K, capacity 597K, committed 640K, reserved 1048576K
2024-07-16T17:58:56.069+0800: 3.213: [GC (Allocation Failure) 2024-07-16T17:58:56.069+0800: 3.213: [ParNew: 5237K->4K(6144K), 0.0004317 secs] 15655K->10421K(19840K), 0.0005263 secs] [Times: user=0.00 sys=0.00, real=0.00 secs] 
Heap after GC invocations=397 (full 45):
 par new generation   total 6144K, used 4K [0x00000000fec00000, 0x00000000ff2a0000, 0x00000000ff2a0000)
  eden space 5504K,   0% used [0x00000000fec00000, 0x00000000fec00000, 0x00000000ff160000)
  from space 640K,   0% used [0x00000000ff200000, 0x00000000ff201020, 0x00000000ff2a0000)
  to   space 640K,   0% used [0x00000000ff160000, 0x00000000ff160000, 0x00000000ff200000)
 concurrent mark-sweep generation total 13696K, used 10417K [0x00000000ff2a0000, 0x0000000100000000, 0x0000000100000000)
 Metaspace       used 5077K, capacity 5258K, committed 5504K, reserved 1056768K
  class space    used 557K, capacity 597K, committed 640K, reserved 1048576K
}
{Heap before GC invocations=397 (full 45):
 par new generation   total 6144K, used 5233K [0x00000000fec00000, 0x00000000ff2a0000, 0x00000000ff2a0000)
  eden space 5504K,  95% used [0x00000000fec00000, 0x00000000ff11b780, 0x00000000ff160000)
  from space 640K,   0% used [0x00000000ff200000, 0x00000000ff201020, 0x00000000ff2a0000)
  to   space 640K,   0% used [0x00000000ff160000, 0x00000000ff160000, 0x00000000ff200000)
 concurrent mark-sweep generation total 13696K, used 10417K [0x00000000ff2a0000, 0x0000000100000000, 0x0000000100000000)
 Metaspace       used 5077K, capacity 5258K, committed 5504K, reserved 1056768K
  class space    used 557K, capacity 597K, committed 640K, reserved 1048576K
2024-07-16T17:58:56.076+0800: 3.220: [GC (Allocation Failure) 2024-07-16T17:58:56.076+0800: 3.220: [ParNew: 5233K->8K(6144K), 0.0009701 secs] 15651K->11449K(19840K), 0.0010430 secs] [Times: user=0.00 sys=0.00, real=0.00 secs] 
Heap after GC invocations=398 (full 45):
 par new generation   total 6144K, used 8K [0x00000000fec00000, 0x00000000ff2a0000, 0x00000000ff2a0000)
  eden space 5504K,   0% used [0x00000000fec00000, 0x00000000fec00000, 0x00000000ff160000)
  from space 640K,   1% used [0x00000000ff160000, 0x00000000ff162040, 0x00000000ff200000)
  to   space 640K,   0% used [0x00000000ff200000, 0x00000000ff200000, 0x00000000ff2a0000)
 concurrent mark-sweep generation total 13696K, used 11441K [0x00000000ff2a0000, 0x0000000100000000, 0x0000000100000000)
 Metaspace       used 5077K, capacity 5258K, committed 5504K, reserved 1056768K
  class space    used 557K, capacity 597K, committed 640K, reserved 1048576K
}
{Heap before GC invocations=398 (full 45):
 par new generation   total 6144K, used 5237K [0x00000000fec00000, 0x00000000ff2a0000, 0x00000000ff2a0000)
  eden space 5504K,  95% used [0x00000000fec00000, 0x00000000ff11b780, 0x00000000ff160000)
  from space 640K,   1% used [0x00000000ff160000, 0x00000000ff162040, 0x00000000ff200000)
  to   space 640K,   0% used [0x00000000ff200000, 0x00000000ff200000, 0x00000000ff2a0000)
 concurrent mark-sweep generation total 13696K, used 11441K [0x00000000ff2a0000, 0x0000000100000000, 0x0000000100000000)
 Metaspace       used 5077K, capacity 5258K, committed 5504K, reserved 1056768K
  class space    used 557K, capacity 597K, committed 640K, reserved 1048576K
2024-07-16T17:58:56.085+0800: 3.229: [GC (Allocation Failure) 2024-07-16T17:58:56.085+0800: 3.229: [ParNew: 5237K->4K(6144K), 0.0005518 secs] 16679K->11445K(19840K), 0.0006213 secs] [Times: user=0.00 sys=0.00, real=0.00 secs] 
Heap after GC invocations=399 (full 45):
 par new generation   total 6144K, used 4K [0x00000000fec00000, 0x00000000ff2a0000, 0x00000000ff2a0000)
  eden space 5504K,   0% used [0x00000000fec00000, 0x00000000fec00000, 0x00000000ff160000)
  from space 640K,   0% used [0x00000000ff200000, 0x00000000ff201020, 0x00000000ff2a0000)
  to   space 640K,   0% used [0x00000000ff160000, 0x00000000ff160000, 0x00000000ff200000)
 concurrent mark-sweep generation total 13696K, used 11441K [0x00000000ff2a0000, 0x0000000100000000, 0x0000000100000000)
 Metaspace       used 5077K, capacity 5258K, committed 5504K, reserved 1056768K
  class space    used 557K, capacity 597K, committed 640K, reserved 1048576K
}
{Heap before GC invocations=399 (full 45):
 par new generation   total 6144K, used 5233K [0x00000000fec00000, 0x00000000ff2a0000, 0x00000000ff2a0000)
  eden space 5504K,  95% used [0x00000000fec00000, 0x00000000ff11b780, 0x00000000ff160000)
  from space 640K,   0% used [0x00000000ff200000, 0x00000000ff201020, 0x00000000ff2a0000)
  to   space 640K,   0% used [0x00000000ff160000, 0x00000000ff160000, 0x00000000ff200000)
 concurrent mark-sweep generation total 13696K, used 11441K [0x00000000ff2a0000, 0x0000000100000000, 0x0000000100000000)
 Metaspace       used 5077K, capacity 5258K, committed 5504K, reserved 1056768K
  class space    used 557K, capacity 597K, committed 640K, reserved 1048576K
2024-07-16T17:58:56.094+0800: 3.238: [GC (Allocation Failure) 2024-07-16T17:58:56.094+0800: 3.238: [ParNew: 5233K->8K(6144K), 0.0008447 secs] 16675K->12473K(19840K), 0.0009529 secs] [Times: user=0.00 sys=0.00, real=0.00 secs] 
Heap after GC invocations=400 (full 45):
 par new generation   total 6144K, used 8K [0x00000000fec00000, 0x00000000ff2a0000, 0x00000000ff2a0000)
  eden space 5504K,   0% used [0x00000000fec00000, 0x00000000fec00000, 0x00000000ff160000)
  from space 640K,   1% used [0x00000000ff160000, 0x00000000ff162040, 0x00000000ff200000)
  to   space 640K,   0% used [0x00000000ff200000, 0x00000000ff200000, 0x00000000ff2a0000)
 concurrent mark-sweep generation total 13696K, used 12465K [0x00000000ff2a0000, 0x0000000100000000, 0x0000000100000000)
 Metaspace       used 5077K, capacity 5258K, committed 5504K, reserved 1056768K
  class space    used 557K, capacity 597K, committed 640K, reserved 1048576K
}
{Heap before GC invocations=400 (full 45):
 par new generation   total 6144K, used 5237K [0x00000000fec00000, 0x00000000ff2a0000, 0x00000000ff2a0000)
  eden space 5504K,  95% used [0x00000000fec00000, 0x00000000ff11b780, 0x00000000ff160000)
  from space 640K,   1% used [0x00000000ff160000, 0x00000000ff162040, 0x00000000ff200000)
  to   space 640K,   0% used [0x00000000ff200000, 0x00000000ff200000, 0x00000000ff2a0000)
 concurrent mark-sweep generation total 13696K, used 12465K [0x00000000ff2a0000, 0x0000000100000000, 0x0000000100000000)
 Metaspace       used 5077K, capacity 5258K, committed 5504K, reserved 1056768K
  class space    used 557K, capacity 597K, committed 640K, reserved 1048576K
2024-07-16T17:58:56.103+0800: 3.247: [GC (Allocation Failure) 2024-07-16T17:58:56.103+0800: 3.247: [ParNew: 5237K->5237K(6144K), 0.0000178 secs]2024-07-16T17:58:56.103+0800: 3.247: [CMS2024-07-16T17:58:56.103+0800: 3.247: [CMS-concurrent-abortable-preclean: 0.001/0.072 secs] [Times: user=0.00 sys=0.00, real=0.07 secs] 
 (concurrent mode failure): 12465K->1191K(13696K), 0.0085867 secs] 17703K->1191K(19840K), [Metaspace: 5077K->5077K(1056768K)], 0.0087742 secs] [Times: user=0.00 sys=0.00, real=0.01 secs] 
Heap after GC invocations=401 (full 46):
 par new generation   total 6144K, used 0K [0x00000000fec00000, 0x00000000ff2a0000, 0x00000000ff2a0000)
  eden space 5504K,   0% used [0x00000000fec00000, 0x00000000fec00000, 0x00000000ff160000)
  from space 640K,   0% used [0x00000000ff160000, 0x00000000ff160000, 0x00000000ff200000)
  to   space 640K,   0% used [0x00000000ff200000, 0x00000000ff200000, 0x00000000ff2a0000)
 concurrent mark-sweep generation total 13696K, used 1191K [0x00000000ff2a0000, 0x0000000100000000, 0x0000000100000000)
 Metaspace       used 5077K, capacity 5258K, committed 5504K, reserved 1056768K
  class space    used 557K, capacity 597K, committed 640K, reserved 1048576K
}
{Heap before GC invocations=401 (full 46):
 par new generation   total 6144K, used 5229K [0x00000000fec00000, 0x00000000ff2a0000, 0x00000000ff2a0000)
  eden space 5504K,  95% used [0x00000000fec00000, 0x00000000ff11b780, 0x00000000ff160000)
  from space 640K,   0% used [0x00000000ff160000, 0x00000000ff160000, 0x00000000ff200000)
  to   space 640K,   0% used [0x00000000ff200000, 0x00000000ff200000, 0x00000000ff2a0000)
 concurrent mark-sweep generation total 13696K, used 1191K [0x00000000ff2a0000, 0x0000000100000000, 0x0000000100000000)
 Metaspace       used 5077K, capacity 5258K, committed 5504K, reserved 1056768K
  class space    used 557K, capacity 597K, committed 640K, reserved 1048576K
2024-07-16T17:58:56.120+0800: 3.265: [GC (Allocation Failure) 2024-07-16T17:58:56.120+0800: 3.265: [ParNew: 5229K->6K(6144K), 0.0016124 secs] 6420K->2223K(19840K), 0.0017957 secs] [Times: user=0.00 sys=0.00, real=0.00 secs] 
Heap after GC invocations=402 (full 46):
 par new generation   total 6144K, used 6K [0x00000000fec00000, 0x00000000ff2a0000, 0x00000000ff2a0000)
  eden space 5504K,   0% used [0x00000000fec00000, 0x00000000fec00000, 0x00000000ff160000)
  from space 640K,   0% used [0x00000000ff200000, 0x00000000ff201830, 0x00000000ff2a0000)
  to   space 640K,   0% used [0x00000000ff160000, 0x00000000ff160000, 0x00000000ff200000)
 concurrent mark-sweep generation total 13696K, used 2217K [0x00000000ff2a0000, 0x0000000100000000, 0x0000000100000000)
 Metaspace       used 5077K, capacity 5258K, committed 5504K, reserved 1056768K
  class space    used 557K, capacity 597K, committed 640K, reserved 1048576K
}
{Heap before GC invocations=402 (full 46):
 par new generation   total 6144K, used 5235K [0x00000000fec00000, 0x00000000ff2a0000, 0x00000000ff2a0000)
  eden space 5504K,  95% used [0x00000000fec00000, 0x00000000ff11b780, 0x00000000ff160000)
  from space 640K,   0% used [0x00000000ff200000, 0x00000000ff201830, 0x00000000ff2a0000)
  to   space 640K,   0% used [0x00000000ff160000, 0x00000000ff160000, 0x00000000ff200000)
 concurrent mark-sweep generation total 13696K, used 2217K [0x00000000ff2a0000, 0x0000000100000000, 0x0000000100000000)
 Metaspace       used 5077K, capacity 5258K, committed 5504K, reserved 1056768K
  class space    used 557K, capacity 597K, committed 640K, reserved 1048576K
2024-07-16T17:58:56.129+0800: 3.273: [GC (Allocation Failure) 2024-07-16T17:58:56.129+0800: 3.273: [ParNew: 5235K->6K(6144K), 0.0003645 secs] 7453K->3249K(19840K), 0.0003981 secs] [Times: user=0.00 sys=0.00, real=0.00 secs] 
Heap after GC invocations=403 (full 46):
 par new generation   total 6144K, used 6K [0x00000000fec00000, 0x00000000ff2a0000, 0x00000000ff2a0000)
  eden space 5504K,   0% used [0x00000000fec00000, 0x00000000fec00000, 0x00000000ff160000)
  from space 640K,   0% used [0x00000000ff160000, 0x00000000ff161830, 0x00000000ff200000)
  to   space 640K,   0% used [0x00000000ff200000, 0x00000000ff200000, 0x00000000ff2a0000)
 concurrent mark-sweep generation total 13696K, used 3243K [0x00000000ff2a0000, 0x0000000100000000, 0x0000000100000000)
 Metaspace       used 5077K, capacity 5258K, committed 5504K, reserved 1056768K
  class space    used 557K, capacity 597K, committed 640K, reserved 1048576K
}
{Heap before GC invocations=403 (full 46):
 par new generation   total 6144K, used 5235K [0x00000000fec00000, 0x00000000ff2a0000, 0x00000000ff2a0000)
  eden space 5504K,  95% used [0x00000000fec00000, 0x00000000ff11b780, 0x00000000ff160000)
  from space 640K,   0% used [0x00000000ff160000, 0x00000000ff161830, 0x00000000ff200000)
  to   space 640K,   0% used [0x00000000ff200000, 0x00000000ff200000, 0x00000000ff2a0000)
 concurrent mark-sweep generation total 13696K, used 3243K [0x00000000ff2a0000, 0x0000000100000000, 0x0000000100000000)
 Metaspace       used 5077K, capacity 5258K, committed 5504K, reserved 1056768K
  class space    used 557K, capacity 597K, committed 640K, reserved 1048576K
2024-07-16T17:58:56.136+0800: 3.280: [GC (Allocation Failure) 2024-07-16T17:58:56.136+0800: 3.280: [ParNew: 5235K->6K(6144K), 0.0004725 secs] 8479K->4275K(19840K), 0.0005126 secs] [Times: user=0.00 sys=0.00, real=0.00 secs] 
Heap after GC invocations=404 (full 46):
 par new generation   total 6144K, used 6K [0x00000000fec00000, 0x00000000ff2a0000, 0x00000000ff2a0000)
  eden space 5504K,   0% used [0x00000000fec00000, 0x00000000fec00000, 0x00000000ff160000)
  from space 640K,   0% used [0x00000000ff200000, 0x00000000ff201830, 0x00000000ff2a0000)
  to   space 640K,   0% used [0x00000000ff160000, 0x00000000ff160000, 0x00000000ff200000)
 concurrent mark-sweep generation total 13696K, used 4269K [0x00000000ff2a0000, 0x0000000100000000, 0x0000000100000000)
 Metaspace       used 5077K, capacity 5258K, committed 5504K, reserved 1056768K
  class space    used 557K, capacity 597K, committed 640K, reserved 1048576K
}
{Heap before GC invocations=404 (full 46):
 par new generation   total 6144K, used 5235K [0x00000000fec00000, 0x00000000ff2a0000, 0x00000000ff2a0000)
  eden space 5504K,  95% used [0x00000000fec00000, 0x00000000ff11b780, 0x00000000ff160000)
  from space 640K,   0% used [0x00000000ff200000, 0x00000000ff201830, 0x00000000ff2a0000)
  to   space 640K,   0% used [0x00000000ff160000, 0x00000000ff160000, 0x00000000ff200000)
 concurrent mark-sweep generation total 13696K, used 4269K [0x00000000ff2a0000, 0x0000000100000000, 0x0000000100000000)
 Metaspace       used 5077K, capacity 5258K, committed 5504K, reserved 1056768K
  class space    used 557K, capacity 597K, committed 640K, reserved 1048576K
2024-07-16T17:58:56.143+0800: 3.287: [GC (Allocation Failure) 2024-07-16T17:58:56.143+0800: 3.287: [ParNew: 5235K->8K(6144K), 0.0006765 secs] 9505K->5303K(19840K), 0.0007400 secs] [Times: user=0.00 sys=0.00, real=0.00 secs] 
Heap after GC invocations=405 (full 46):
 par new generation   total 6144K, used 8K [0x00000000fec00000, 0x00000000ff2a0000, 0x00000000ff2a0000)
  eden space 5504K,   0% used [0x00000000fec00000, 0x00000000fec00000, 0x00000000ff160000)
  from space 640K,   1% used [0x00000000ff160000, 0x00000000ff162040, 0x00000000ff200000)
  to   space 640K,   0% used [0x00000000ff200000, 0x00000000ff200000, 0x00000000ff2a0000)
 concurrent mark-sweep generation total 13696K, used 5295K [0x00000000ff2a0000, 0x0000000100000000, 0x0000000100000000)
 Metaspace       used 5077K, capacity 5258K, committed 5504K, reserved 1056768K
  class space    used 557K, capacity 597K, committed 640K, reserved 1048576K
}
{Heap before GC invocations=405 (full 46):
 par new generation   total 6144K, used 5237K [0x00000000fec00000, 0x00000000ff2a0000, 0x00000000ff2a0000)
  eden space 5504K,  95% used [0x00000000fec00000, 0x00000000ff11b780, 0x00000000ff160000)
  from space 640K,   1% used [0x00000000ff160000, 0x00000000ff162040, 0x00000000ff200000)
  to   space 640K,   0% used [0x00000000ff200000, 0x00000000ff200000, 0x00000000ff2a0000)
 concurrent mark-sweep generation total 13696K, used 5295K [0x00000000ff2a0000, 0x0000000100000000, 0x0000000100000000)
 Metaspace       used 5077K, capacity 5258K, committed 5504K, reserved 1056768K
  class space    used 557K, capacity 597K, committed 640K, reserved 1048576K
2024-07-16T17:58:56.150+0800: 3.294: [GC (Allocation Failure) 2024-07-16T17:58:56.150+0800: 3.294: [ParNew: 5237K->6K(6144K), 0.0004943 secs] 10533K->6325K(19840K), 0.0005534 secs] [Times: user=0.00 sys=0.00, real=0.00 secs] 
Heap after GC invocations=406 (full 46):
 par new generation   total 6144K, used 6K [0x00000000fec00000, 0x00000000ff2a0000, 0x00000000ff2a0000)
  eden space 5504K,   0% used [0x00000000fec00000, 0x00000000fec00000, 0x00000000ff160000)
  from space 640K,   0% used [0x00000000ff200000, 0x00000000ff201830, 0x00000000ff2a0000)
  to   space 640K,   0% used [0x00000000ff160000, 0x00000000ff160000, 0x00000000ff200000)
 concurrent mark-sweep generation total 13696K, used 6319K [0x00000000ff2a0000, 0x0000000100000000, 0x0000000100000000)
 Metaspace       used 5077K, capacity 5258K, committed 5504K, reserved 1056768K
  class space    used 557K, capacity 597K, committed 640K, reserved 1048576K
}
{Heap before GC invocations=406 (full 46):
 par new generation   total 6144K, used 5235K [0x00000000fec00000, 0x00000000ff2a0000, 0x00000000ff2a0000)
  eden space 5504K,  95% used [0x00000000fec00000, 0x00000000ff11b780, 0x00000000ff160000)
  from space 640K,   0% used [0x00000000ff200000, 0x00000000ff201830, 0x00000000ff2a0000)
  to   space 640K,   0% used [0x00000000ff160000, 0x00000000ff160000, 0x00000000ff200000)
 concurrent mark-sweep generation total 13696K, used 6319K [0x00000000ff2a0000, 0x0000000100000000, 0x0000000100000000)
 Metaspace       used 5077K, capacity 5258K, committed 5504K, reserved 1056768K
  class space    used 557K, capacity 597K, committed 640K, reserved 1048576K
2024-07-16T17:58:56.157+0800: 3.301: [GC (Allocation Failure) 2024-07-16T17:58:56.157+0800: 3.301: [ParNew: 5235K->6K(6144K), 0.0006117 secs] 11555K->7351K(19840K), 0.0006737 secs] [Times: user=0.00 sys=0.00, real=0.00 secs] 
Heap after GC invocations=407 (full 46):
 par new generation   total 6144K, used 6K [0x00000000fec00000, 0x00000000ff2a0000, 0x00000000ff2a0000)
  eden space 5504K,   0% used [0x00000000fec00000, 0x00000000fec00000, 0x00000000ff160000)
  from space 640K,   0% used [0x00000000ff160000, 0x00000000ff161830, 0x00000000ff200000)
  to   space 640K,   0% used [0x00000000ff200000, 0x00000000ff200000, 0x00000000ff2a0000)
 concurrent mark-sweep generation total 13696K, used 7345K [0x00000000ff2a0000, 0x0000000100000000, 0x0000000100000000)
 Metaspace       used 5077K, capacity 5258K, committed 5504K, reserved 1056768K
  class space    used 557K, capacity 597K, committed 640K, reserved 1048576K
}
{Heap before GC invocations=407 (full 46):
 par new generation   total 6144K, used 5235K [0x00000000fec00000, 0x00000000ff2a0000, 0x00000000ff2a0000)
  eden space 5504K,  95% used [0x00000000fec00000, 0x00000000ff11b780, 0x00000000ff160000)
  from space 640K,   0% used [0x00000000ff160000, 0x00000000ff161830, 0x00000000ff200000)
  to   space 640K,   0% used [0x00000000ff200000, 0x00000000ff200000, 0x00000000ff2a0000)
 concurrent mark-sweep generation total 13696K, used 7345K [0x00000000ff2a0000, 0x0000000100000000, 0x0000000100000000)
 Metaspace       used 5077K, capacity 5258K, committed 5504K, reserved 1056768K
  class space    used 557K, capacity 597K, committed 640K, reserved 1048576K
2024-07-16T17:58:56.165+0800: 3.310: [GC (Allocation Failure) 2024-07-16T17:58:56.165+0800: 3.310: [ParNew: 5235K->6K(6144K), 0.0012619 secs] 12581K->8375K(19840K), 0.0014349 secs] [Times: user=0.00 sys=0.00, real=0.00 secs] 
Heap after GC invocations=408 (full 46):
 par new generation   total 6144K, used 6K [0x00000000fec00000, 0x00000000ff2a0000, 0x00000000ff2a0000)
  eden space 5504K,   0% used [0x00000000fec00000, 0x00000000fec00000, 0x00000000ff160000)
  from space 640K,   0% used [0x00000000ff200000, 0x00000000ff201830, 0x00000000ff2a0000)
  to   space 640K,   0% used [0x00000000ff160000, 0x00000000ff160000, 0x00000000ff200000)
 concurrent mark-sweep generation total 13696K, used 8369K [0x00000000ff2a0000, 0x0000000100000000, 0x0000000100000000)
 Metaspace       used 5077K, capacity 5258K, committed 5504K, reserved 1056768K
  class space    used 557K, capacity 597K, committed 640K, reserved 1048576K
}
2024-07-16T17:58:56.168+0800: 3.312: [GC (CMS Initial Mark) [1 CMS-initial-mark: 8369K(13696K)] 9401K(19840K), 0.0005384 secs] [Times: user=0.00 sys=0.00, real=0.00 secs] 
2024-07-16T17:58:56.169+0800: 3.314: [CMS-concurrent-mark-start]
2024-07-16T17:58:56.174+0800: 3.318: [CMS-concurrent-mark: 0.005/0.005 secs] [Times: user=0.00 sys=0.00, real=0.01 secs] 
2024-07-16T17:58:56.174+0800: 3.319: [CMS-concurrent-preclean-start]
2024-07-16T17:58:56.174+0800: 3.319: [CMS-concurrent-preclean: 0.000/0.000 secs] [Times: user=0.00 sys=0.00, real=0.00 secs] 
2024-07-16T17:58:56.174+0800: 3.319: [CMS-concurrent-abortable-preclean-start]
{Heap before GC invocations=408 (full 47):
 par new generation   total 6144K, used 5235K [0x00000000fec00000, 0x00000000ff2a0000, 0x00000000ff2a0000)
  eden space 5504K,  95% used [0x00000000fec00000, 0x00000000ff11b780, 0x00000000ff160000)
  from space 640K,   0% used [0x00000000ff200000, 0x00000000ff201830, 0x00000000ff2a0000)
  to   space 640K,   0% used [0x00000000ff160000, 0x00000000ff160000, 0x00000000ff200000)
 concurrent mark-sweep generation total 13696K, used 8369K [0x00000000ff2a0000, 0x0000000100000000, 0x0000000100000000)
 Metaspace       used 5077K, capacity 5258K, committed 5504K, reserved 1056768K
  class space    used 557K, capacity 597K, committed 640K, reserved 1048576K
2024-07-16T17:58:56.179+0800: 3.323: [GC (Allocation Failure) 2024-07-16T17:58:56.179+0800: 3.324: [ParNew: 5235K->2K(6144K), 0.0008144 secs] 13605K->8371K(19840K), 0.0009390 secs] [Times: user=0.00 sys=0.00, real=0.00 secs] 
Heap after GC invocations=409 (full 47):
 par new generation   total 6144K, used 2K [0x00000000fec00000, 0x00000000ff2a0000, 0x00000000ff2a0000)
  eden space 5504K,   0% used [0x00000000fec00000, 0x00000000fec00000, 0x00000000ff160000)
  from space 640K,   0% used [0x00000000ff160000, 0x00000000ff160810, 0x00000000ff200000)
  to   space 640K,   0% used [0x00000000ff200000, 0x00000000ff200000, 0x00000000ff2a0000)
 concurrent mark-sweep generation total 13696K, used 8369K [0x00000000ff2a0000, 0x0000000100000000, 0x0000000100000000)
 Metaspace       used 5077K, capacity 5258K, committed 5504K, reserved 1056768K
  class space    used 557K, capacity 597K, committed 640K, reserved 1048576K
}
{Heap before GC invocations=409 (full 47):
 par new generation   total 6144K, used 5231K [0x00000000fec00000, 0x00000000ff2a0000, 0x00000000ff2a0000)
  eden space 5504K,  95% used [0x00000000fec00000, 0x00000000ff11b780, 0x00000000ff160000)
  from space 640K,   0% used [0x00000000ff160000, 0x00000000ff160810, 0x00000000ff200000)
  to   space 640K,   0% used [0x00000000ff200000, 0x00000000ff200000, 0x00000000ff2a0000)
 concurrent mark-sweep generation total 13696K, used 8369K [0x00000000ff2a0000, 0x0000000100000000, 0x0000000100000000)
 Metaspace       used 5077K, capacity 5258K, committed 5504K, reserved 1056768K
  class space    used 557K, capacity 597K, committed 640K, reserved 1048576K
2024-07-16T17:58:56.189+0800: 3.333: [GC (Allocation Failure) 2024-07-16T17:58:56.189+0800: 3.333: [ParNew: 5231K->2K(6144K), 0.0007585 secs] 13601K->8371K(19840K), 0.0008447 secs] [Times: user=0.00 sys=0.00, real=0.00 secs] 
Heap after GC invocations=410 (full 47):
 par new generation   total 6144K, used 2K [0x00000000fec00000, 0x00000000ff2a0000, 0x00000000ff2a0000)
  eden space 5504K,   0% used [0x00000000fec00000, 0x00000000fec00000, 0x00000000ff160000)
  from space 640K,   0% used [0x00000000ff200000, 0x00000000ff200810, 0x00000000ff2a0000)
  to   space 640K,   0% used [0x00000000ff160000, 0x00000000ff160000, 0x00000000ff200000)
 concurrent mark-sweep generation total 13696K, used 8369K [0x00000000ff2a0000, 0x0000000100000000, 0x0000000100000000)
 Metaspace       used 5077K, capacity 5258K, committed 5504K, reserved 1056768K
  class space    used 557K, capacity 597K, committed 640K, reserved 1048576K
}
{Heap before GC invocations=410 (full 47):
 par new generation   total 6144K, used 5231K [0x00000000fec00000, 0x00000000ff2a0000, 0x00000000ff2a0000)
  eden space 5504K,  95% used [0x00000000fec00000, 0x00000000ff11b780, 0x00000000ff160000)
  from space 640K,   0% used [0x00000000ff200000, 0x00000000ff200810, 0x00000000ff2a0000)
  to   space 640K,   0% used [0x00000000ff160000, 0x00000000ff160000, 0x00000000ff200000)
 concurrent mark-sweep generation total 13696K, used 8369K [0x00000000ff2a0000, 0x0000000100000000, 0x0000000100000000)
 Metaspace       used 5077K, capacity 5258K, committed 5504K, reserved 1056768K
  class space    used 557K, capacity 597K, committed 640K, reserved 1048576K
2024-07-16T17:58:56.199+0800: 3.343: [GC (Allocation Failure) 2024-07-16T17:58:56.199+0800: 3.343: [ParNew: 5231K->4K(6144K), 0.0003435 secs] 13601K->8373K(19840K), 0.0004173 secs] [Times: user=0.00 sys=0.00, real=0.00 secs] 
Heap after GC invocations=411 (full 47):
 par new generation   total 6144K, used 4K [0x00000000fec00000, 0x00000000ff2a0000, 0x00000000ff2a0000)
  eden space 5504K,   0% used [0x00000000fec00000, 0x00000000fec00000, 0x00000000ff160000)
  from space 640K,   0% used [0x00000000ff160000, 0x00000000ff161020, 0x00000000ff200000)
  to   space 640K,   0% used [0x00000000ff200000, 0x00000000ff200000, 0x00000000ff2a0000)
 concurrent mark-sweep generation total 13696K, used 8369K [0x00000000ff2a0000, 0x0000000100000000, 0x0000000100000000)
 Metaspace       used 5077K, capacity 5258K, committed 5504K, reserved 1056768K
  class space    used 557K, capacity 597K, committed 640K, reserved 1048576K
}
{Heap before GC invocations=411 (full 47):
 par new generation   total 6144K, used 5233K [0x00000000fec00000, 0x00000000ff2a0000, 0x00000000ff2a0000)
  eden space 5504K,  95% used [0x00000000fec00000, 0x00000000ff11b780, 0x00000000ff160000)
  from space 640K,   0% used [0x00000000ff160000, 0x00000000ff161020, 0x00000000ff200000)
  to   space 640K,   0% used [0x00000000ff200000, 0x00000000ff200000, 0x00000000ff2a0000)
 concurrent mark-sweep generation total 13696K, used 8369K [0x00000000ff2a0000, 0x0000000100000000, 0x0000000100000000)
 Metaspace       used 5077K, capacity 5258K, committed 5504K, reserved 1056768K
  class space    used 557K, capacity 597K, committed 640K, reserved 1048576K
2024-07-16T17:58:56.206+0800: 3.350: [GC (Allocation Failure) 2024-07-16T17:58:56.206+0800: 3.350: [ParNew: 5233K->4K(6144K), 0.0003350 secs] 13603K->8373K(19840K), 0.0004082 secs] [Times: user=0.00 sys=0.00, real=0.00 secs] 
Heap after GC invocations=412 (full 47):
 par new generation   total 6144K, used 4K [0x00000000fec00000, 0x00000000ff2a0000, 0x00000000ff2a0000)
  eden space 5504K,   0% used [0x00000000fec00000, 0x00000000fec00000, 0x00000000ff160000)
  from space 640K,   0% used [0x00000000ff200000, 0x00000000ff201020, 0x00000000ff2a0000)
  to   space 640K,   0% used [0x00000000ff160000, 0x00000000ff160000, 0x00000000ff200000)
 concurrent mark-sweep generation total 13696K, used 8369K [0x00000000ff2a0000, 0x0000000100000000, 0x0000000100000000)
 Metaspace       used 5077K, capacity 5258K, committed 5504K, reserved 1056768K
  class space    used 557K, capacity 597K, committed 640K, reserved 1048576K
}
{Heap before GC invocations=412 (full 47):
 par new generation   total 6144K, used 5233K [0x00000000fec00000, 0x00000000ff2a0000, 0x00000000ff2a0000)
  eden space 5504K,  95% used [0x00000000fec00000, 0x00000000ff11b780, 0x00000000ff160000)
  from space 640K,   0% used [0x00000000ff200000, 0x00000000ff201020, 0x00000000ff2a0000)
  to   space 640K,   0% used [0x00000000ff160000, 0x00000000ff160000, 0x00000000ff200000)
 concurrent mark-sweep generation total 13696K, used 8369K [0x00000000ff2a0000, 0x0000000100000000, 0x0000000100000000)
 Metaspace       used 5077K, capacity 5258K, committed 5504K, reserved 1056768K
  class space    used 557K, capacity 597K, committed 640K, reserved 1048576K
2024-07-16T17:58:56.212+0800: 3.356: [GC (Allocation Failure) 2024-07-16T17:58:56.212+0800: 3.356: [ParNew: 5233K->8K(6144K), 0.0008377 secs] 13603K->9401K(19840K), 0.0009225 secs] [Times: user=0.00 sys=0.00, real=0.00 secs] 
Heap after GC invocations=413 (full 47):
 par new generation   total 6144K, used 8K [0x00000000fec00000, 0x00000000ff2a0000, 0x00000000ff2a0000)
  eden space 5504K,   0% used [0x00000000fec00000, 0x00000000fec00000, 0x00000000ff160000)
  from space 640K,   1% used [0x00000000ff160000, 0x00000000ff162040, 0x00000000ff200000)
  to   space 640K,   0% used [0x00000000ff200000, 0x00000000ff200000, 0x00000000ff2a0000)
 concurrent mark-sweep generation total 13696K, used 9393K [0x00000000ff2a0000, 0x0000000100000000, 0x0000000100000000)
 Metaspace       used 5077K, capacity 5258K, committed 5504K, reserved 1056768K
  class space    used 557K, capacity 597K, committed 640K, reserved 1048576K
}
{Heap before GC invocations=413 (full 47):
 par new generation   total 6144K, used 5237K [0x00000000fec00000, 0x00000000ff2a0000, 0x00000000ff2a0000)
  eden space 5504K,  95% used [0x00000000fec00000, 0x00000000ff11b780, 0x00000000ff160000)
  from space 640K,   1% used [0x00000000ff160000, 0x00000000ff162040, 0x00000000ff200000)
  to   space 640K,   0% used [0x00000000ff200000, 0x00000000ff200000, 0x00000000ff2a0000)
 concurrent mark-sweep generation total 13696K, used 9393K [0x00000000ff2a0000, 0x0000000100000000, 0x0000000100000000)
 Metaspace       used 5077K, capacity 5258K, committed 5504K, reserved 1056768K
  class space    used 557K, capacity 597K, committed 640K, reserved 1048576K
2024-07-16T17:58:56.219+0800: 3.363: [GC (Allocation Failure) 2024-07-16T17:58:56.219+0800: 3.363: [ParNew: 5237K->8K(6144K), 0.0004006 secs] 14631K->10427K(19840K), 0.0004530 secs] [Times: user=0.00 sys=0.00, real=0.00 secs] 
Heap after GC invocations=414 (full 47):
 par new generation   total 6144K, used 8K [0x00000000fec00000, 0x00000000ff2a0000, 0x00000000ff2a0000)
  eden space 5504K,   0% used [0x00000000fec00000, 0x00000000fec00000, 0x00000000ff160000)
  from space 640K,   1% used [0x00000000ff200000, 0x00000000ff202040, 0x00000000ff2a0000)
  to   space 640K,   0% used [0x00000000ff160000, 0x00000000ff160000, 0x00000000ff200000)
 concurrent mark-sweep generation total 13696K, used 10419K [0x00000000ff2a0000, 0x0000000100000000, 0x0000000100000000)
 Metaspace       used 5077K, capacity 5258K, committed 5504K, reserved 1056768K
  class space    used 557K, capacity 597K, committed 640K, reserved 1048576K
}
{Heap before GC invocations=414 (full 47):
 par new generation   total 6144K, used 5237K [0x00000000fec00000, 0x00000000ff2a0000, 0x00000000ff2a0000)
  eden space 5504K,  95% used [0x00000000fec00000, 0x00000000ff11b780, 0x00000000ff160000)
  from space 640K,   1% used [0x00000000ff200000, 0x00000000ff202040, 0x00000000ff2a0000)
  to   space 640K,   0% used [0x00000000ff160000, 0x00000000ff160000, 0x00000000ff200000)
 concurrent mark-sweep generation total 13696K, used 10419K [0x00000000ff2a0000, 0x0000000100000000, 0x0000000100000000)
 Metaspace       used 5077K, capacity 5258K, committed 5504K, reserved 1056768K
  class space    used 557K, capacity 597K, committed 640K, reserved 1048576K
2024-07-16T17:58:56.227+0800: 3.371: [GC (Allocation Failure) 2024-07-16T17:58:56.227+0800: 3.371: [ParNew: 5237K->4K(6144K), 0.0002931 secs] 15657K->10423K(19840K), 0.0003528 secs] [Times: user=0.00 sys=0.00, real=0.00 secs] 
Heap after GC invocations=415 (full 47):
 par new generation   total 6144K, used 4K [0x00000000fec00000, 0x00000000ff2a0000, 0x00000000ff2a0000)
  eden space 5504K,   0% used [0x00000000fec00000, 0x00000000fec00000, 0x00000000ff160000)
  from space 640K,   0% used [0x00000000ff160000, 0x00000000ff161020, 0x00000000ff200000)
  to   space 640K,   0% used [0x00000000ff200000, 0x00000000ff200000, 0x00000000ff2a0000)
 concurrent mark-sweep generation total 13696K, used 10419K [0x00000000ff2a0000, 0x0000000100000000, 0x0000000100000000)
 Metaspace       used 5077K, capacity 5258K, committed 5504K, reserved 1056768K
  class space    used 557K, capacity 597K, committed 640K, reserved 1048576K
}
{Heap before GC invocations=415 (full 47):
 par new generation   total 6144K, used 5233K [0x00000000fec00000, 0x00000000ff2a0000, 0x00000000ff2a0000)
  eden space 5504K,  95% used [0x00000000fec00000, 0x00000000ff11b780, 0x00000000ff160000)
  from space 640K,   0% used [0x00000000ff160000, 0x00000000ff161020, 0x00000000ff200000)
  to   space 640K,   0% used [0x00000000ff200000, 0x00000000ff200000, 0x00000000ff2a0000)
 concurrent mark-sweep generation total 13696K, used 10419K [0x00000000ff2a0000, 0x0000000100000000, 0x0000000100000000)
 Metaspace       used 5077K, capacity 5258K, committed 5504K, reserved 1056768K
  class space    used 557K, capacity 597K, committed 640K, reserved 1048576K
2024-07-16T17:58:56.234+0800: 3.378: [GC (Allocation Failure) 2024-07-16T17:58:56.234+0800: 3.378: [ParNew: 5233K->8K(6144K), 0.0004614 secs] 15653K->11451K(19840K), 0.0005141 secs] [Times: user=0.00 sys=0.00, real=0.00 secs] 
Heap after GC invocations=416 (full 47):
 par new generation   total 6144K, used 8K [0x00000000fec00000, 0x00000000ff2a0000, 0x00000000ff2a0000)
  eden space 5504K,   0% used [0x00000000fec00000, 0x00000000fec00000, 0x00000000ff160000)
  from space 640K,   1% used [0x00000000ff200000, 0x00000000ff202040, 0x00000000ff2a0000)
  to   space 640K,   0% used [0x00000000ff160000, 0x00000000ff160000, 0x00000000ff200000)
 concurrent mark-sweep generation total 13696K, used 11443K [0x00000000ff2a0000, 0x0000000100000000, 0x0000000100000000)
 Metaspace       used 5077K, capacity 5258K, committed 5504K, reserved 1056768K
  class space    used 557K, capacity 597K, committed 640K, reserved 1048576K
}
{Heap before GC invocations=416 (full 47):
 par new generation   total 6144K, used 5237K [0x00000000fec00000, 0x00000000ff2a0000, 0x00000000ff2a0000)
  eden space 5504K,  95% used [0x00000000fec00000, 0x00000000ff11b780, 0x00000000ff160000)
  from space 640K,   1% used [0x00000000ff200000, 0x00000000ff202040, 0x00000000ff2a0000)
  to   space 640K,   0% used [0x00000000ff160000, 0x00000000ff160000, 0x00000000ff200000)
 concurrent mark-sweep generation total 13696K, used 11443K [0x00000000ff2a0000, 0x0000000100000000, 0x0000000100000000)
 Metaspace       used 5077K, capacity 5258K, committed 5504K, reserved 1056768K
  class space    used 557K, capacity 597K, committed 640K, reserved 1048576K
2024-07-16T17:58:56.242+0800: 3.386: [GC (Allocation Failure) 2024-07-16T17:58:56.242+0800: 3.386: [ParNew: 5237K->4K(6144K), 0.0003014 secs] 16681K->11447K(19840K), 0.0003573 secs] [Times: user=0.00 sys=0.00, real=0.00 secs] 
Heap after GC invocations=417 (full 47):
 par new generation   total 6144K, used 4K [0x00000000fec00000, 0x00000000ff2a0000, 0x00000000ff2a0000)
  eden space 5504K,   0% used [0x00000000fec00000, 0x00000000fec00000, 0x00000000ff160000)
  from space 640K,   0% used [0x00000000ff160000, 0x00000000ff161020, 0x00000000ff200000)
  to   space 640K,   0% used [0x00000000ff200000, 0x00000000ff200000, 0x00000000ff2a0000)
 concurrent mark-sweep generation total 13696K, used 11443K [0x00000000ff2a0000, 0x0000000100000000, 0x0000000100000000)
 Metaspace       used 5077K, capacity 5258K, committed 5504K, reserved 1056768K
  class space    used 557K, capacity 597K, committed 640K, reserved 1048576K
}
{Heap before GC invocations=417 (full 47):
 par new generation   total 6144K, used 5233K [0x00000000fec00000, 0x00000000ff2a0000, 0x00000000ff2a0000)
  eden space 5504K,  95% used [0x00000000fec00000, 0x00000000ff11b780, 0x00000000ff160000)
  from space 640K,   0% used [0x00000000ff160000, 0x00000000ff161020, 0x00000000ff200000)
  to   space 640K,   0% used [0x00000000ff200000, 0x00000000ff200000, 0x00000000ff2a0000)
 concurrent mark-sweep generation total 13696K, used 11443K [0x00000000ff2a0000, 0x0000000100000000, 0x0000000100000000)
 Metaspace       used 5077K, capacity 5258K, committed 5504K, reserved 1056768K
  class space    used 557K, capacity 597K, committed 640K, reserved 1048576K
2024-07-16T17:58:56.249+0800: 3.393: [GC (Allocation Failure) 2024-07-16T17:58:56.249+0800: 3.393: [ParNew: 5233K->6K(6144K), 0.0003965 secs] 16677K->12473K(19840K), 0.0004476 secs] [Times: user=0.00 sys=0.00, real=0.00 secs] 
Heap after GC invocations=418 (full 47):
 par new generation   total 6144K, used 6K [0x00000000fec00000, 0x00000000ff2a0000, 0x00000000ff2a0000)
  eden space 5504K,   0% used [0x00000000fec00000, 0x00000000fec00000, 0x00000000ff160000)
  from space 640K,   0% used [0x00000000ff200000, 0x00000000ff201830, 0x00000000ff2a0000)
  to   space 640K,   0% used [0x00000000ff160000, 0x00000000ff160000, 0x00000000ff200000)
 concurrent mark-sweep generation total 13696K, used 12467K [0x00000000ff2a0000, 0x0000000100000000, 0x0000000100000000)
 Metaspace       used 5077K, capacity 5258K, committed 5504K, reserved 1056768K
  class space    used 557K, capacity 597K, committed 640K, reserved 1048576K
}
{Heap before GC invocations=418 (full 47):
 par new generation   total 6144K, used 5235K [0x00000000fec00000, 0x00000000ff2a0000, 0x00000000ff2a0000)
  eden space 5504K,  95% used [0x00000000fec00000, 0x00000000ff11b780, 0x00000000ff160000)
  from space 640K,   0% used [0x00000000ff200000, 0x00000000ff201830, 0x00000000ff2a0000)
  to   space 640K,   0% used [0x00000000ff160000, 0x00000000ff160000, 0x00000000ff200000)
 concurrent mark-sweep generation total 13696K, used 12467K [0x00000000ff2a0000, 0x0000000100000000, 0x0000000100000000)
 Metaspace       used 5077K, capacity 5258K, committed 5504K, reserved 1056768K
  class space    used 557K, capacity 597K, committed 640K, reserved 1048576K
2024-07-16T17:58:56.255+0800: 3.399: [GC (Allocation Failure) 2024-07-16T17:58:56.255+0800: 3.399: [ParNew: 5235K->5235K(6144K), 0.0000109 secs]2024-07-16T17:58:56.255+0800: 3.399: [CMS2024-07-16T17:58:56.255+0800: 3.399: [CMS-concurrent-abortable-preclean: 0.001/0.081 secs] [Times: user=0.02 sys=0.00, real=0.08 secs] 
 (concurrent mode failure): 12467K->2215K(13696K), 0.0023181 secs] 17703K->2215K(19840K), [Metaspace: 5077K->5077K(1056768K)], 0.0023822 secs] [Times: user=0.00 sys=0.00, real=0.00 secs] 
Heap after GC invocations=419 (full 48):
 par new generation   total 6144K, used 0K [0x00000000fec00000, 0x00000000ff2a0000, 0x00000000ff2a0000)
  eden space 5504K,   0% used [0x00000000fec00000, 0x00000000fec00000, 0x00000000ff160000)
  from space 640K,   0% used [0x00000000ff200000, 0x00000000ff200000, 0x00000000ff2a0000)
  to   space 640K,   0% used [0x00000000ff160000, 0x00000000ff160000, 0x00000000ff200000)
 concurrent mark-sweep generation total 13696K, used 2215K [0x00000000ff2a0000, 0x0000000100000000, 0x0000000100000000)
 Metaspace       used 5077K, capacity 5258K, committed 5504K, reserved 1056768K
  class space    used 557K, capacity 597K, committed 640K, reserved 1048576K
}
{Heap before GC invocations=419 (full 48):
 par new generation   total 6144K, used 5229K [0x00000000fec00000, 0x00000000ff2a0000, 0x00000000ff2a0000)
  eden space 5504K,  95% used [0x00000000fec00000, 0x00000000ff11b780, 0x00000000ff160000)
  from space 640K,   0% used [0x00000000ff200000, 0x00000000ff200000, 0x00000000ff2a0000)
  to   space 640K,   0% used [0x00000000ff160000, 0x00000000ff160000, 0x00000000ff200000)
 concurrent mark-sweep generation total 13696K, used 2215K [0x00000000ff2a0000, 0x0000000100000000, 0x0000000100000000)
 Metaspace       used 5077K, capacity 5258K, committed 5504K, reserved 1056768K
  class space    used 557K, capacity 597K, committed 640K, reserved 1048576K
2024-07-16T17:58:56.264+0800: 3.408: [GC (Allocation Failure) 2024-07-16T17:58:56.264+0800: 3.408: [ParNew: 5229K->8K(6144K), 0.0003528 secs] 7445K->3249K(19840K), 0.0003868 secs] [Times: user=0.00 sys=0.00, real=0.00 secs] 
Heap after GC invocations=420 (full 48):
 par new generation   total 6144K, used 8K [0x00000000fec00000, 0x00000000ff2a0000, 0x00000000ff2a0000)
  eden space 5504K,   0% used [0x00000000fec00000, 0x00000000fec00000, 0x00000000ff160000)
  from space 640K,   1% used [0x00000000ff160000, 0x00000000ff162040, 0x00000000ff200000)
  to   space 640K,   0% used [0x00000000ff200000, 0x00000000ff200000, 0x00000000ff2a0000)
 concurrent mark-sweep generation total 13696K, used 3241K [0x00000000ff2a0000, 0x0000000100000000, 0x0000000100000000)
 Metaspace       used 5077K, capacity 5258K, committed 5504K, reserved 1056768K
  class space    used 557K, capacity 597K, committed 640K, reserved 1048576K
}
{Heap before GC invocations=420 (full 48):
 par new generation   total 6144K, used 5237K [0x00000000fec00000, 0x00000000ff2a0000, 0x00000000ff2a0000)
  eden space 5504K,  95% used [0x00000000fec00000, 0x00000000ff11b780, 0x00000000ff160000)
  from space 640K,   1% used [0x00000000ff160000, 0x00000000ff162040, 0x00000000ff200000)
  to   space 640K,   0% used [0x00000000ff200000, 0x00000000ff200000, 0x00000000ff2a0000)
 concurrent mark-sweep generation total 13696K, used 3241K [0x00000000ff2a0000, 0x0000000100000000, 0x0000000100000000)
 Metaspace       used 5077K, capacity 5258K, committed 5504K, reserved 1056768K
  class space    used 557K, capacity 597K, committed 640K, reserved 1048576K
2024-07-16T17:58:56.271+0800: 3.415: [GC (Allocation Failure) 2024-07-16T17:58:56.271+0800: 3.415: [ParNew: 5237K->6K(6144K), 0.0003930 secs] 8479K->4273K(19840K), 0.0004551 secs] [Times: user=0.00 sys=0.00, real=0.00 secs] 
Heap after GC invocations=421 (full 48):
 par new generation   total 6144K, used 6K [0x00000000fec00000, 0x00000000ff2a0000, 0x00000000ff2a0000)
  eden space 5504K,   0% used [0x00000000fec00000, 0x00000000fec00000, 0x00000000ff160000)
  from space 640K,   0% used [0x00000000ff200000, 0x00000000ff201830, 0x00000000ff2a0000)
  to   space 640K,   0% used [0x00000000ff160000, 0x00000000ff160000, 0x00000000ff200000)
 concurrent mark-sweep generation total 13696K, used 4267K [0x00000000ff2a0000, 0x0000000100000000, 0x0000000100000000)
 Metaspace       used 5077K, capacity 5258K, committed 5504K, reserved 1056768K
  class space    used 557K, capacity 597K, committed 640K, reserved 1048576K
}
{Heap before GC invocations=421 (full 48):
 par new generation   total 6144K, used 5235K [0x00000000fec00000, 0x00000000ff2a0000, 0x00000000ff2a0000)
  eden space 5504K,  95% used [0x00000000fec00000, 0x00000000ff11b780, 0x00000000ff160000)
  from space 640K,   0% used [0x00000000ff200000, 0x00000000ff201830, 0x00000000ff2a0000)
  to   space 640K,   0% used [0x00000000ff160000, 0x00000000ff160000, 0x00000000ff200000)
 concurrent mark-sweep generation total 13696K, used 4267K [0x00000000ff2a0000, 0x0000000100000000, 0x0000000100000000)
 Metaspace       used 5077K, capacity 5258K, committed 5504K, reserved 1056768K
  class space    used 557K, capacity 597K, committed 640K, reserved 1048576K
2024-07-16T17:58:56.279+0800: 3.423: [GC (Allocation Failure) 2024-07-16T17:58:56.279+0800: 3.423: [ParNew: 5235K->4K(6144K), 0.0006752 secs] 9503K->4271K(19840K), 0.0007684 secs] [Times: user=0.00 sys=0.00, real=0.00 secs] 
Heap after GC invocations=422 (full 48):
 par new generation   total 6144K, used 4K [0x00000000fec00000, 0x00000000ff2a0000, 0x00000000ff2a0000)
  eden space 5504K,   0% used [0x00000000fec00000, 0x00000000fec00000, 0x00000000ff160000)
  from space 640K,   0% used [0x00000000ff160000, 0x00000000ff161020, 0x00000000ff200000)
  to   space 640K,   0% used [0x00000000ff200000, 0x00000000ff200000, 0x00000000ff2a0000)
 concurrent mark-sweep generation total 13696K, used 4267K [0x00000000ff2a0000, 0x0000000100000000, 0x0000000100000000)
 Metaspace       used 5077K, capacity 5258K, committed 5504K, reserved 1056768K
  class space    used 557K, capacity 597K, committed 640K, reserved 1048576K
}
{Heap before GC invocations=422 (full 48):
 par new generation   total 6144K, used 5233K [0x00000000fec00000, 0x00000000ff2a0000, 0x00000000ff2a0000)
  eden space 5504K,  95% used [0x00000000fec00000, 0x00000000ff11b780, 0x00000000ff160000)
  from space 640K,   0% used [0x00000000ff160000, 0x00000000ff161020, 0x00000000ff200000)
  to   space 640K,   0% used [0x00000000ff200000, 0x00000000ff200000, 0x00000000ff2a0000)
 concurrent mark-sweep generation total 13696K, used 4267K [0x00000000ff2a0000, 0x0000000100000000, 0x0000000100000000)
 Metaspace       used 5077K, capacity 5258K, committed 5504K, reserved 1056768K
  class space    used 557K, capacity 597K, committed 640K, reserved 1048576K
2024-07-16T17:58:56.288+0800: 3.432: [GC (Allocation Failure) 2024-07-16T17:58:56.288+0800: 3.432: [ParNew: 5233K->4K(6144K), 0.0002698 secs] 9501K->4271K(19840K), 0.0003146 secs] [Times: user=0.00 sys=0.00, real=0.00 secs] 
Heap after GC invocations=423 (full 48):
 par new generation   total 6144K, used 4K [0x00000000fec00000, 0x00000000ff2a0000, 0x00000000ff2a0000)
  eden space 5504K,   0% used [0x00000000fec00000, 0x00000000fec00000, 0x00000000ff160000)
  from space 640K,   0% used [0x00000000ff200000, 0x00000000ff201020, 0x00000000ff2a0000)
  to   space 640K,   0% used [0x00000000ff160000, 0x00000000ff160000, 0x00000000ff200000)
 concurrent mark-sweep generation total 13696K, used 4267K [0x00000000ff2a0000, 0x0000000100000000, 0x0000000100000000)
 Metaspace       used 5077K, capacity 5258K, committed 5504K, reserved 1056768K
  class space    used 557K, capacity 597K, committed 640K, reserved 1048576K
}
{Heap before GC invocations=423 (full 48):
 par new generation   total 6144K, used 5233K [0x00000000fec00000, 0x00000000ff2a0000, 0x00000000ff2a0000)
  eden space 5504K,  95% used [0x00000000fec00000, 0x00000000ff11b780, 0x00000000ff160000)
  from space 640K,   0% used [0x00000000ff200000, 0x00000000ff201020, 0x00000000ff2a0000)
  to   space 640K,   0% used [0x00000000ff160000, 0x00000000ff160000, 0x00000000ff200000)
 concurrent mark-sweep generation total 13696K, used 4267K [0x00000000ff2a0000, 0x0000000100000000, 0x0000000100000000)
 Metaspace       used 5077K, capacity 5258K, committed 5504K, reserved 1056768K
  class space    used 557K, capacity 597K, committed 640K, reserved 1048576K
2024-07-16T17:58:56.295+0800: 3.439: [GC (Allocation Failure) 2024-07-16T17:58:56.295+0800: 3.439: [ParNew: 5233K->4K(6144K), 0.0002944 secs] 9501K->4271K(19840K), 0.0003409 secs] [Times: user=0.00 sys=0.00, real=0.00 secs] 
Heap after GC invocations=424 (full 48):
 par new generation   total 6144K, used 4K [0x00000000fec00000, 0x00000000ff2a0000, 0x00000000ff2a0000)
  eden space 5504K,   0% used [0x00000000fec00000, 0x00000000fec00000, 0x00000000ff160000)
  from space 640K,   0% used [0x00000000ff160000, 0x00000000ff161020, 0x00000000ff200000)
  to   space 640K,   0% used [0x00000000ff200000, 0x00000000ff200000, 0x00000000ff2a0000)
 concurrent mark-sweep generation total 13696K, used 4267K [0x00000000ff2a0000, 0x0000000100000000, 0x0000000100000000)
 Metaspace       used 5077K, capacity 5258K, committed 5504K, reserved 1056768K
  class space    used 557K, capacity 597K, committed 640K, reserved 1048576K
}
{Heap before GC invocations=424 (full 48):
 par new generation   total 6144K, used 5233K [0x00000000fec00000, 0x00000000ff2a0000, 0x00000000ff2a0000)
  eden space 5504K,  95% used [0x00000000fec00000, 0x00000000ff11b780, 0x00000000ff160000)
  from space 640K,   0% used [0x00000000ff160000, 0x00000000ff161020, 0x00000000ff200000)
  to   space 640K,   0% used [0x00000000ff200000, 0x00000000ff200000, 0x00000000ff2a0000)
 concurrent mark-sweep generation total 13696K, used 4267K [0x00000000ff2a0000, 0x0000000100000000, 0x0000000100000000)
 Metaspace       used 5077K, capacity 5258K, committed 5504K, reserved 1056768K
  class space    used 557K, capacity 597K, committed 640K, reserved 1048576K
2024-07-16T17:58:56.301+0800: 3.445: [GC (Allocation Failure) 2024-07-16T17:58:56.301+0800: 3.445: [ParNew: 5233K->4K(6144K), 0.0003435 secs] 9501K->5297K(19840K), 0.0003854 secs] [Times: user=0.00 sys=0.00, real=0.00 secs] 
Heap after GC invocations=425 (full 48):
 par new generation   total 6144K, used 4K [0x00000000fec00000, 0x00000000ff2a0000, 0x00000000ff2a0000)
  eden space 5504K,   0% used [0x00000000fec00000, 0x00000000fec00000, 0x00000000ff160000)
  from space 640K,   0% used [0x00000000ff200000, 0x00000000ff201020, 0x00000000ff2a0000)
  to   space 640K,   0% used [0x00000000ff160000, 0x00000000ff160000, 0x00000000ff200000)
 concurrent mark-sweep generation total 13696K, used 5293K [0x00000000ff2a0000, 0x0000000100000000, 0x0000000100000000)
 Metaspace       used 5077K, capacity 5258K, committed 5504K, reserved 1056768K
  class space    used 557K, capacity 597K, committed 640K, reserved 1048576K
}
{Heap before GC invocations=425 (full 48):
 par new generation   total 6144K, used 5233K [0x00000000fec00000, 0x00000000ff2a0000, 0x00000000ff2a0000)
  eden space 5504K,  95% used [0x00000000fec00000, 0x00000000ff11b780, 0x00000000ff160000)
  from space 640K,   0% used [0x00000000ff200000, 0x00000000ff201020, 0x00000000ff2a0000)
  to   space 640K,   0% used [0x00000000ff160000, 0x00000000ff160000, 0x00000000ff200000)
 concurrent mark-sweep generation total 13696K, used 5293K [0x00000000ff2a0000, 0x0000000100000000, 0x0000000100000000)
 Metaspace       used 5077K, capacity 5258K, committed 5504K, reserved 1056768K
  class space    used 557K, capacity 597K, committed 640K, reserved 1048576K
2024-07-16T17:58:56.308+0800: 3.452: [GC (Allocation Failure) 2024-07-16T17:58:56.308+0800: 3.452: [ParNew: 5233K->6K(6144K), 0.0007262 secs] 10527K->6325K(19840K), 0.0008057 secs] [Times: user=0.00 sys=0.00, real=0.00 secs] 
Heap after GC invocations=426 (full 48):
 par new generation   total 6144K, used 6K [0x00000000fec00000, 0x00000000ff2a0000, 0x00000000ff2a0000)
  eden space 5504K,   0% used [0x00000000fec00000, 0x00000000fec00000, 0x00000000ff160000)
  from space 640K,   0% used [0x00000000ff160000, 0x00000000ff161830, 0x00000000ff200000)
  to   space 640K,   0% used [0x00000000ff200000, 0x00000000ff200000, 0x00000000ff2a0000)
 concurrent mark-sweep generation total 13696K, used 6319K [0x00000000ff2a0000, 0x0000000100000000, 0x0000000100000000)
 Metaspace       used 5077K, capacity 5258K, committed 5504K, reserved 1056768K
  class space    used 557K, capacity 597K, committed 640K, reserved 1048576K
}
{Heap before GC invocations=426 (full 48):
 par new generation   total 6144K, used 5235K [0x00000000fec00000, 0x00000000ff2a0000, 0x00000000ff2a0000)
  eden space 5504K,  95% used [0x00000000fec00000, 0x00000000ff11b780, 0x00000000ff160000)
  from space 640K,   0% used [0x00000000ff160000, 0x00000000ff161830, 0x00000000ff200000)
  to   space 640K,   0% used [0x00000000ff200000, 0x00000000ff200000, 0x00000000ff2a0000)
 concurrent mark-sweep generation total 13696K, used 6319K [0x00000000ff2a0000, 0x0000000100000000, 0x0000000100000000)
 Metaspace       used 5077K, capacity 5258K, committed 5504K, reserved 1056768K
  class space    used 557K, capacity 597K, committed 640K, reserved 1048576K
2024-07-16T17:58:56.316+0800: 3.461: [GC (Allocation Failure) 2024-07-16T17:58:56.316+0800: 3.461: [ParNew: 5235K->4K(6144K), 0.0015260 secs] 11555K->6323K(19840K), 0.0017010 secs] [Times: user=0.00 sys=0.00, real=0.00 secs] 
Heap after GC invocations=427 (full 48):
 par new generation   total 6144K, used 4K [0x00000000fec00000, 0x00000000ff2a0000, 0x00000000ff2a0000)
  eden space 5504K,   0% used [0x00000000fec00000, 0x00000000fec00000, 0x00000000ff160000)
  from space 640K,   0% used [0x00000000ff200000, 0x00000000ff201020, 0x00000000ff2a0000)
  to   space 640K,   0% used [0x00000000ff160000, 0x00000000ff160000, 0x00000000ff200000)
 concurrent mark-sweep generation total 13696K, used 6319K [0x00000000ff2a0000, 0x0000000100000000, 0x0000000100000000)
 Metaspace       used 5077K, capacity 5258K, committed 5504K, reserved 1056768K
  class space    used 557K, capacity 597K, committed 640K, reserved 1048576K
}
{Heap before GC invocations=427 (full 48):
 par new generation   total 6144K, used 5233K [0x00000000fec00000, 0x00000000ff2a0000, 0x00000000ff2a0000)
  eden space 5504K,  95% used [0x00000000fec00000, 0x00000000ff11b780, 0x00000000ff160000)
  from space 640K,   0% used [0x00000000ff200000, 0x00000000ff201020, 0x00000000ff2a0000)
  to   space 640K,   0% used [0x00000000ff160000, 0x00000000ff160000, 0x00000000ff200000)
 concurrent mark-sweep generation total 13696K, used 6319K [0x00000000ff2a0000, 0x0000000100000000, 0x0000000100000000)
 Metaspace       used 5077K, capacity 5258K, committed 5504K, reserved 1056768K
  class space    used 557K, capacity 597K, committed 640K, reserved 1048576K
2024-07-16T17:58:56.330+0800: 3.474: [GC (Allocation Failure) 2024-07-16T17:58:56.330+0800: 3.475: [ParNew: 5233K->4K(6144K), 0.0008584 secs] 11553K->6323K(19840K), 0.0009979 secs] [Times: user=0.00 sys=0.02, real=0.00 secs] 
Heap after GC invocations=428 (full 48):
 par new generation   total 6144K, used 4K [0x00000000fec00000, 0x00000000ff2a0000, 0x00000000ff2a0000)
  eden space 5504K,   0% used [0x00000000fec00000, 0x00000000fec00000, 0x00000000ff160000)
  from space 640K,   0% used [0x00000000ff160000, 0x00000000ff161020, 0x00000000ff200000)
  to   space 640K,   0% used [0x00000000ff200000, 0x00000000ff200000, 0x00000000ff2a0000)
 concurrent mark-sweep generation total 13696K, used 6319K [0x00000000ff2a0000, 0x0000000100000000, 0x0000000100000000)
 Metaspace       used 5077K, capacity 5258K, committed 5504K, reserved 1056768K
  class space    used 557K, capacity 597K, committed 640K, reserved 1048576K
}
{Heap before GC invocations=428 (full 48):
 par new generation   total 6144K, used 5233K [0x00000000fec00000, 0x00000000ff2a0000, 0x00000000ff2a0000)
  eden space 5504K,  95% used [0x00000000fec00000, 0x00000000ff11b780, 0x00000000ff160000)
  from space 640K,   0% used [0x00000000ff160000, 0x00000000ff161020, 0x00000000ff200000)
  to   space 640K,   0% used [0x00000000ff200000, 0x00000000ff200000, 0x00000000ff2a0000)
 concurrent mark-sweep generation total 13696K, used 6319K [0x00000000ff2a0000, 0x0000000100000000, 0x0000000100000000)
 Metaspace       used 5077K, capacity 5258K, committed 5504K, reserved 1056768K
  class space    used 557K, capacity 597K, committed 640K, reserved 1048576K
2024-07-16T17:58:56.340+0800: 3.484: [GC (Allocation Failure) 2024-07-16T17:58:56.340+0800: 3.485: [ParNew: 5233K->6K(6144K), 0.0006029 secs] 11553K->7351K(19840K), 0.0006826 secs] [Times: user=0.00 sys=0.00, real=0.00 secs] 
Heap after GC invocations=429 (full 48):
 par new generation   total 6144K, used 6K [0x00000000fec00000, 0x00000000ff2a0000, 0x00000000ff2a0000)
  eden space 5504K,   0% used [0x00000000fec00000, 0x00000000fec00000, 0x00000000ff160000)
  from space 640K,   0% used [0x00000000ff200000, 0x00000000ff201830, 0x00000000ff2a0000)
  to   space 640K,   0% used [0x00000000ff160000, 0x00000000ff160000, 0x00000000ff200000)
 concurrent mark-sweep generation total 13696K, used 7345K [0x00000000ff2a0000, 0x0000000100000000, 0x0000000100000000)
 Metaspace       used 5077K, capacity 5258K, committed 5504K, reserved 1056768K
  class space    used 557K, capacity 597K, committed 640K, reserved 1048576K
}
{Heap before GC invocations=429 (full 48):
 par new generation   total 6144K, used 5235K [0x00000000fec00000, 0x00000000ff2a0000, 0x00000000ff2a0000)
  eden space 5504K,  95% used [0x00000000fec00000, 0x00000000ff11b780, 0x00000000ff160000)
  from space 640K,   0% used [0x00000000ff200000, 0x00000000ff201830, 0x00000000ff2a0000)
  to   space 640K,   0% used [0x00000000ff160000, 0x00000000ff160000, 0x00000000ff200000)
 concurrent mark-sweep generation total 13696K, used 7345K [0x00000000ff2a0000, 0x0000000100000000, 0x0000000100000000)
 Metaspace       used 5077K, capacity 5258K, committed 5504K, reserved 1056768K
  class space    used 557K, capacity 597K, committed 640K, reserved 1048576K
2024-07-16T17:58:56.347+0800: 3.491: [GC (Allocation Failure) 2024-07-16T17:58:56.347+0800: 3.491: [ParNew: 5235K->8K(6144K), 0.0004666 secs] 12581K->8377K(19840K), 0.0005321 secs] [Times: user=0.00 sys=0.00, real=0.00 secs] 
Heap after GC invocations=430 (full 48):
 par new generation   total 6144K, used 8K [0x00000000fec00000, 0x00000000ff2a0000, 0x00000000ff2a0000)
  eden space 5504K,   0% used [0x00000000fec00000, 0x00000000fec00000, 0x00000000ff160000)
  from space 640K,   1% used [0x00000000ff160000, 0x00000000ff162040, 0x00000000ff200000)
  to   space 640K,   0% used [0x00000000ff200000, 0x00000000ff200000, 0x00000000ff2a0000)
 concurrent mark-sweep generation total 13696K, used 8369K [0x00000000ff2a0000, 0x0000000100000000, 0x0000000100000000)
 Metaspace       used 5077K, capacity 5258K, committed 5504K, reserved 1056768K
  class space    used 557K, capacity 597K, committed 640K, reserved 1048576K
}
2024-07-16T17:58:56.347+0800: 3.492: [GC (CMS Initial Mark) [1 CMS-initial-mark: 8369K(13696K)] 9401K(19840K), 0.0001552 secs] [Times: user=0.00 sys=0.00, real=0.00 secs] 
2024-07-16T17:58:56.348+0800: 3.492: [CMS-concurrent-mark-start]
2024-07-16T17:58:56.349+0800: 3.494: [CMS-concurrent-mark: 0.001/0.001 secs] [Times: user=0.00 sys=0.00, real=0.00 secs] 
2024-07-16T17:58:56.349+0800: 3.494: [CMS-concurrent-preclean-start]
2024-07-16T17:58:56.349+0800: 3.494: [CMS-concurrent-preclean: 0.000/0.000 secs] [Times: user=0.00 sys=0.00, real=0.00 secs] 
2024-07-16T17:58:56.349+0800: 3.494: [GC (CMS Final Remark) [YG occupancy: 1141 K (6144 K)]2024-07-16T17:58:56.349+0800: 3.494: [Rescan (parallel) , 0.0001840 secs]2024-07-16T17:58:56.349+0800: 3.494: [weak refs processing, 0.0000148 secs]2024-07-16T17:58:56.349+0800: 3.494: [class unloading, 0.0004219 secs]2024-07-16T17:58:56.350+0800: 3.494: [scrub symbol table, 0.0004789 secs]2024-07-16T17:58:56.350+0800: 3.495: [scrub string table, 0.0001376 secs][1 CMS-remark: 8369K(13696K)] 9511K(19840K), 0.0013093 secs] [Times: user=0.00 sys=0.00, real=0.00 secs] 
2024-07-16T17:58:56.350+0800: 3.495: [CMS-concurrent-sweep-start]
2024-07-16T17:58:56.351+0800: 3.495: [CMS-concurrent-sweep: 0.000/0.000 secs] [Times: user=0.00 sys=0.00, real=0.00 secs] 
2024-07-16T17:58:56.351+0800: 3.495: [CMS-concurrent-reset-start]
2024-07-16T17:58:56.351+0800: 3.495: [CMS-concurrent-reset: 0.000/0.000 secs] [Times: user=0.00 sys=0.00, real=0.00 secs] 
{Heap before GC invocations=430 (full 49):
 par new generation   total 6144K, used 5237K [0x00000000fec00000, 0x00000000ff2a0000, 0x00000000ff2a0000)
  eden space 5504K,  95% used [0x00000000fec00000, 0x00000000ff11b780, 0x00000000ff160000)
  from space 640K,   1% used [0x00000000ff160000, 0x00000000ff162040, 0x00000000ff200000)
  to   space 640K,   0% used [0x00000000ff200000, 0x00000000ff200000, 0x00000000ff2a0000)
 concurrent mark-sweep generation total 13696K, used 1201K [0x00000000ff2a0000, 0x0000000100000000, 0x0000000100000000)
 Metaspace       used 5077K, capacity 5258K, committed 5504K, reserved 1056768K
  class space    used 557K, capacity 597K, committed 640K, reserved 1048576K
2024-07-16T17:58:56.356+0800: 3.500: [GC (Allocation Failure) 2024-07-16T17:58:56.356+0800: 3.500: [ParNew: 5237K->4K(6144K), 0.0005551 secs] 6439K->2229K(19840K), 0.0006081 secs] [Times: user=0.00 sys=0.00, real=0.00 secs] 
Heap after GC invocations=431 (full 49):
 par new generation   total 6144K, used 4K [0x00000000fec00000, 0x00000000ff2a0000, 0x00000000ff2a0000)
  eden space 5504K,   0% used [0x00000000fec00000, 0x00000000fec00000, 0x00000000ff160000)
  from space 640K,   0% used [0x00000000ff200000, 0x00000000ff201020, 0x00000000ff2a0000)
  to   space 640K,   0% used [0x00000000ff160000, 0x00000000ff160000, 0x00000000ff200000)
 concurrent mark-sweep generation total 13696K, used 2225K [0x00000000ff2a0000, 0x0000000100000000, 0x0000000100000000)
 Metaspace       used 5077K, capacity 5258K, committed 5504K, reserved 1056768K
  class space    used 557K, capacity 597K, committed 640K, reserved 1048576K
}
{Heap before GC invocations=431 (full 49):
 par new generation   total 6144K, used 5233K [0x00000000fec00000, 0x00000000ff2a0000, 0x00000000ff2a0000)
  eden space 5504K,  95% used [0x00000000fec00000, 0x00000000ff11b780, 0x00000000ff160000)
  from space 640K,   0% used [0x00000000ff200000, 0x00000000ff201020, 0x00000000ff2a0000)
  to   space 640K,   0% used [0x00000000ff160000, 0x00000000ff160000, 0x00000000ff200000)
 concurrent mark-sweep generation total 13696K, used 2225K [0x00000000ff2a0000, 0x0000000100000000, 0x0000000100000000)
 Metaspace       used 5077K, capacity 5258K, committed 5504K, reserved 1056768K
  class space    used 557K, capacity 597K, committed 640K, reserved 1048576K
2024-07-16T17:58:56.366+0800: 3.510: [GC (Allocation Failure) 2024-07-16T17:58:56.366+0800: 3.510: [ParNew: 5233K->4K(6144K), 0.0003898 secs] 7459K->2229K(19840K), 0.0004474 secs] [Times: user=0.00 sys=0.00, real=0.00 secs] 
Heap after GC invocations=432 (full 49):
 par new generation   total 6144K, used 4K [0x00000000fec00000, 0x00000000ff2a0000, 0x00000000ff2a0000)
  eden space 5504K,   0% used [0x00000000fec00000, 0x00000000fec00000, 0x00000000ff160000)
  from space 640K,   0% used [0x00000000ff160000, 0x00000000ff161020, 0x00000000ff200000)
  to   space 640K,   0% used [0x00000000ff200000, 0x00000000ff200000, 0x00000000ff2a0000)
 concurrent mark-sweep generation total 13696K, used 2225K [0x00000000ff2a0000, 0x0000000100000000, 0x0000000100000000)
 Metaspace       used 5077K, capacity 5258K, committed 5504K, reserved 1056768K
  class space    used 557K, capacity 597K, committed 640K, reserved 1048576K
}
{Heap before GC invocations=432 (full 49):
 par new generation   total 6144K, used 5233K [0x00000000fec00000, 0x00000000ff2a0000, 0x00000000ff2a0000)
  eden space 5504K,  95% used [0x00000000fec00000, 0x00000000ff11b780, 0x00000000ff160000)
  from space 640K,   0% used [0x00000000ff160000, 0x00000000ff161020, 0x00000000ff200000)
  to   space 640K,   0% used [0x00000000ff200000, 0x00000000ff200000, 0x00000000ff2a0000)
 concurrent mark-sweep generation total 13696K, used 2225K [0x00000000ff2a0000, 0x0000000100000000, 0x0000000100000000)
 Metaspace       used 5077K, capacity 5258K, committed 5504K, reserved 1056768K
  class space    used 557K, capacity 597K, committed 640K, reserved 1048576K
2024-07-16T17:58:56.373+0800: 3.517: [GC (Allocation Failure) 2024-07-16T17:58:56.373+0800: 3.517: [ParNew: 5233K->2K(6144K), 0.0002794 secs] 7459K->2227K(19840K), 0.0003276 secs] [Times: user=0.00 sys=0.00, real=0.00 secs] 
Heap after GC invocations=433 (full 49):
 par new generation   total 6144K, used 2K [0x00000000fec00000, 0x00000000ff2a0000, 0x00000000ff2a0000)
  eden space 5504K,   0% used [0x00000000fec00000, 0x00000000fec00000, 0x00000000ff160000)
  from space 640K,   0% used [0x00000000ff200000, 0x00000000ff200810, 0x00000000ff2a0000)
  to   space 640K,   0% used [0x00000000ff160000, 0x00000000ff160000, 0x00000000ff200000)
 concurrent mark-sweep generation total 13696K, used 2225K [0x00000000ff2a0000, 0x0000000100000000, 0x0000000100000000)
 Metaspace       used 5077K, capacity 5258K, committed 5504K, reserved 1056768K
  class space    used 557K, capacity 597K, committed 640K, reserved 1048576K
}
{Heap before GC invocations=433 (full 49):
 par new generation   total 6144K, used 5231K [0x00000000fec00000, 0x00000000ff2a0000, 0x00000000ff2a0000)
  eden space 5504K,  95% used [0x00000000fec00000, 0x00000000ff11b780, 0x00000000ff160000)
  from space 640K,   0% used [0x00000000ff200000, 0x00000000ff200810, 0x00000000ff2a0000)
  to   space 640K,   0% used [0x00000000ff160000, 0x00000000ff160000, 0x00000000ff200000)
 concurrent mark-sweep generation total 13696K, used 2225K [0x00000000ff2a0000, 0x0000000100000000, 0x0000000100000000)
 Metaspace       used 5077K, capacity 5258K, committed 5504K, reserved 1056768K
  class space    used 557K, capacity 597K, committed 640K, reserved 1048576K
2024-07-16T17:58:56.382+0800: 3.526: [GC (Allocation Failure) 2024-07-16T17:58:56.382+0800: 3.526: [ParNew: 5231K->4K(6144K), 0.0002884 secs] 7457K->2229K(19840K), 0.0003283 secs] [Times: user=0.00 sys=0.00, real=0.00 secs] 
Heap after GC invocations=434 (full 49):
 par new generation   total 6144K, used 4K [0x00000000fec00000, 0x00000000ff2a0000, 0x00000000ff2a0000)
  eden space 5504K,   0% used [0x00000000fec00000, 0x00000000fec00000, 0x00000000ff160000)
  from space 640K,   0% used [0x00000000ff160000, 0x00000000ff161020, 0x00000000ff200000)
  to   space 640K,   0% used [0x00000000ff200000, 0x00000000ff200000, 0x00000000ff2a0000)
 concurrent mark-sweep generation total 13696K, used 2225K [0x00000000ff2a0000, 0x0000000100000000, 0x0000000100000000)
 Metaspace       used 5077K, capacity 5258K, committed 5504K, reserved 1056768K
  class space    used 557K, capacity 597K, committed 640K, reserved 1048576K
}
{Heap before GC invocations=434 (full 49):
 par new generation   total 6144K, used 5233K [0x00000000fec00000, 0x00000000ff2a0000, 0x00000000ff2a0000)
  eden space 5504K,  95% used [0x00000000fec00000, 0x00000000ff11b780, 0x00000000ff160000)
  from space 640K,   0% used [0x00000000ff160000, 0x00000000ff161020, 0x00000000ff200000)
  to   space 640K,   0% used [0x00000000ff200000, 0x00000000ff200000, 0x00000000ff2a0000)
 concurrent mark-sweep generation total 13696K, used 2225K [0x00000000ff2a0000, 0x0000000100000000, 0x0000000100000000)
 Metaspace       used 5077K, capacity 5258K, committed 5504K, reserved 1056768K
  class space    used 557K, capacity 597K, committed 640K, reserved 1048576K
2024-07-16T17:58:56.390+0800: 3.534: [GC (Allocation Failure) 2024-07-16T17:58:56.390+0800: 3.534: [ParNew: 5233K->4K(6144K), 0.0002918 secs] 7459K->2229K(19840K), 0.0003326 secs] [Times: user=0.00 sys=0.00, real=0.00 secs] 
Heap after GC invocations=435 (full 49):
 par new generation   total 6144K, used 4K [0x00000000fec00000, 0x00000000ff2a0000, 0x00000000ff2a0000)
  eden space 5504K,   0% used [0x00000000fec00000, 0x00000000fec00000, 0x00000000ff160000)
  from space 640K,   0% used [0x00000000ff200000, 0x00000000ff201020, 0x00000000ff2a0000)
  to   space 640K,   0% used [0x00000000ff160000, 0x00000000ff160000, 0x00000000ff200000)
 concurrent mark-sweep generation total 13696K, used 2225K [0x00000000ff2a0000, 0x0000000100000000, 0x0000000100000000)
 Metaspace       used 5077K, capacity 5258K, committed 5504K, reserved 1056768K
  class space    used 557K, capacity 597K, committed 640K, reserved 1048576K
}
{Heap before GC invocations=435 (full 49):
 par new generation   total 6144K, used 5233K [0x00000000fec00000, 0x00000000ff2a0000, 0x00000000ff2a0000)
  eden space 5504K,  95% used [0x00000000fec00000, 0x00000000ff11b780, 0x00000000ff160000)
  from space 640K,   0% used [0x00000000ff200000, 0x00000000ff201020, 0x00000000ff2a0000)
  to   space 640K,   0% used [0x00000000ff160000, 0x00000000ff160000, 0x00000000ff200000)
 concurrent mark-sweep generation total 13696K, used 2225K [0x00000000ff2a0000, 0x0000000100000000, 0x0000000100000000)
 Metaspace       used 5077K, capacity 5258K, committed 5504K, reserved 1056768K
  class space    used 557K, capacity 597K, committed 640K, reserved 1048576K
2024-07-16T17:58:56.399+0800: 3.543: [GC (Allocation Failure) 2024-07-16T17:58:56.399+0800: 3.543: [ParNew: 5233K->2K(6144K), 0.0003552 secs] 7459K->2227K(19840K), 0.0004003 secs] [Times: user=0.00 sys=0.00, real=0.00 secs] 
Heap after GC invocations=436 (full 49):
 par new generation   total 6144K, used 2K [0x00000000fec00000, 0x00000000ff2a0000, 0x00000000ff2a0000)
  eden space 5504K,   0% used [0x00000000fec00000, 0x00000000fec00000, 0x00000000ff160000)
  from space 640K,   0% used [0x00000000ff160000, 0x00000000ff160810, 0x00000000ff200000)
  to   space 640K,   0% used [0x00000000ff200000, 0x00000000ff200000, 0x00000000ff2a0000)
 concurrent mark-sweep generation total 13696K, used 2225K [0x00000000ff2a0000, 0x0000000100000000, 0x0000000100000000)
 Metaspace       used 5077K, capacity 5258K, committed 5504K, reserved 1056768K
  class space    used 557K, capacity 597K, committed 640K, reserved 1048576K
}
{Heap before GC invocations=436 (full 49):
 par new generation   total 6144K, used 5231K [0x00000000fec00000, 0x00000000ff2a0000, 0x00000000ff2a0000)
  eden space 5504K,  95% used [0x00000000fec00000, 0x00000000ff11b780, 0x00000000ff160000)
  from space 640K,   0% used [0x00000000ff160000, 0x00000000ff160810, 0x00000000ff200000)
  to   space 640K,   0% used [0x00000000ff200000, 0x00000000ff200000, 0x00000000ff2a0000)
 concurrent mark-sweep generation total 13696K, used 2225K [0x00000000ff2a0000, 0x0000000100000000, 0x0000000100000000)
 Metaspace       used 5077K, capacity 5258K, committed 5504K, reserved 1056768K
  class space    used 557K, capacity 597K, committed 640K, reserved 1048576K
2024-07-16T17:58:56.408+0800: 3.552: [GC (Allocation Failure) 2024-07-16T17:58:56.408+0800: 3.552: [ParNew: 5231K->4K(6144K), 0.0002863 secs] 7457K->2229K(19840K), 0.0003307 secs] [Times: user=0.00 sys=0.00, real=0.00 secs] 
Heap after GC invocations=437 (full 49):
 par new generation   total 6144K, used 4K [0x00000000fec00000, 0x00000000ff2a0000, 0x00000000ff2a0000)
  eden space 5504K,   0% used [0x00000000fec00000, 0x00000000fec00000, 0x00000000ff160000)
  from space 640K,   0% used [0x00000000ff200000, 0x00000000ff201020, 0x00000000ff2a0000)
  to   space 640K,   0% used [0x00000000ff160000, 0x00000000ff160000, 0x00000000ff200000)
 concurrent mark-sweep generation total 13696K, used 2225K [0x00000000ff2a0000, 0x0000000100000000, 0x0000000100000000)
 Metaspace       used 5077K, capacity 5258K, committed 5504K, reserved 1056768K
  class space    used 557K, capacity 597K, committed 640K, reserved 1048576K
}
{Heap before GC invocations=437 (full 49):
 par new generation   total 6144K, used 5233K [0x00000000fec00000, 0x00000000ff2a0000, 0x00000000ff2a0000)
  eden space 5504K,  95% used [0x00000000fec00000, 0x00000000ff11b780, 0x00000000ff160000)
  from space 640K,   0% used [0x00000000ff200000, 0x00000000ff201020, 0x00000000ff2a0000)
  to   space 640K,   0% used [0x00000000ff160000, 0x00000000ff160000, 0x00000000ff200000)
 concurrent mark-sweep generation total 13696K, used 2225K [0x00000000ff2a0000, 0x0000000100000000, 0x0000000100000000)
 Metaspace       used 5077K, capacity 5258K, committed 5504K, reserved 1056768K
  class space    used 557K, capacity 597K, committed 640K, reserved 1048576K
2024-07-16T17:58:56.415+0800: 3.559: [GC (Allocation Failure) 2024-07-16T17:58:56.415+0800: 3.559: [ParNew: 5233K->4K(6144K), 0.0005935 secs] 7459K->2229K(19840K), 0.0006543 secs] [Times: user=0.00 sys=0.00, real=0.00 secs] 
Heap after GC invocations=438 (full 49):
 par new generation   total 6144K, used 4K [0x00000000fec00000, 0x00000000ff2a0000, 0x00000000ff2a0000)
  eden space 5504K,   0% used [0x00000000fec00000, 0x00000000fec00000, 0x00000000ff160000)
  from space 640K,   0% used [0x00000000ff160000, 0x00000000ff161020, 0x00000000ff200000)
  to   space 640K,   0% used [0x00000000ff200000, 0x00000000ff200000, 0x00000000ff2a0000)
 concurrent mark-sweep generation total 13696K, used 2225K [0x00000000ff2a0000, 0x0000000100000000, 0x0000000100000000)
 Metaspace       used 5077K, capacity 5258K, committed 5504K, reserved 1056768K
  class space    used 557K, capacity 597K, committed 640K, reserved 1048576K
}
{Heap before GC invocations=438 (full 49):
 par new generation   total 6144K, used 5233K [0x00000000fec00000, 0x00000000ff2a0000, 0x00000000ff2a0000)
  eden space 5504K,  95% used [0x00000000fec00000, 0x00000000ff11b780, 0x00000000ff160000)
  from space 640K,   0% used [0x00000000ff160000, 0x00000000ff161020, 0x00000000ff200000)
  to   space 640K,   0% used [0x00000000ff200000, 0x00000000ff200000, 0x00000000ff2a0000)
 concurrent mark-sweep generation total 13696K, used 2225K [0x00000000ff2a0000, 0x0000000100000000, 0x0000000100000000)
 Metaspace       used 5077K, capacity 5258K, committed 5504K, reserved 1056768K
  class space    used 557K, capacity 597K, committed 640K, reserved 1048576K
2024-07-16T17:58:56.422+0800: 3.566: [GC (Allocation Failure) 2024-07-16T17:58:56.422+0800: 3.566: [ParNew: 5233K->4K(6144K), 0.0003768 secs] 7459K->3255K(19840K), 0.0004196 secs] [Times: user=0.00 sys=0.00, real=0.00 secs] 
Heap after GC invocations=439 (full 49):
 par new generation   total 6144K, used 4K [0x00000000fec00000, 0x00000000ff2a0000, 0x00000000ff2a0000)
  eden space 5504K,   0% used [0x00000000fec00000, 0x00000000fec00000, 0x00000000ff160000)
  from space 640K,   0% used [0x00000000ff200000, 0x00000000ff201020, 0x00000000ff2a0000)
  to   space 640K,   0% used [0x00000000ff160000, 0x00000000ff160000, 0x00000000ff200000)
 concurrent mark-sweep generation total 13696K, used 3251K [0x00000000ff2a0000, 0x0000000100000000, 0x0000000100000000)
 Metaspace       used 5077K, capacity 5258K, committed 5504K, reserved 1056768K
  class space    used 557K, capacity 597K, committed 640K, reserved 1048576K
}
{Heap before GC invocations=439 (full 49):
 par new generation   total 6144K, used 5233K [0x00000000fec00000, 0x00000000ff2a0000, 0x00000000ff2a0000)
  eden space 5504K,  95% used [0x00000000fec00000, 0x00000000ff11b780, 0x00000000ff160000)
  from space 640K,   0% used [0x00000000ff200000, 0x00000000ff201020, 0x00000000ff2a0000)
  to   space 640K,   0% used [0x00000000ff160000, 0x00000000ff160000, 0x00000000ff200000)
 concurrent mark-sweep generation total 13696K, used 3251K [0x00000000ff2a0000, 0x0000000100000000, 0x0000000100000000)
 Metaspace       used 5077K, capacity 5258K, committed 5504K, reserved 1056768K
  class space    used 557K, capacity 597K, committed 640K, reserved 1048576K
2024-07-16T17:58:56.429+0800: 3.573: [GC (Allocation Failure) 2024-07-16T17:58:56.429+0800: 3.573: [ParNew: 5233K->8K(6144K), 0.0004895 secs] 8485K->4285K(19840K), 0.0005324 secs] [Times: user=0.00 sys=0.00, real=0.00 secs] 
Heap after GC invocations=440 (full 49):
 par new generation   total 6144K, used 8K [0x00000000fec00000, 0x00000000ff2a0000, 0x00000000ff2a0000)
  eden space 5504K,   0% used [0x00000000fec00000, 0x00000000fec00000, 0x00000000ff160000)
  from space 640K,   1% used [0x00000000ff160000, 0x00000000ff162040, 0x00000000ff200000)
  to   space 640K,   0% used [0x00000000ff200000, 0x00000000ff200000, 0x00000000ff2a0000)
 concurrent mark-sweep generation total 13696K, used 4277K [0x00000000ff2a0000, 0x0000000100000000, 0x0000000100000000)
 Metaspace       used 5077K, capacity 5258K, committed 5504K, reserved 1056768K
  class space    used 557K, capacity 597K, committed 640K, reserved 1048576K
}
{Heap before GC invocations=440 (full 49):
 par new generation   total 6144K, used 5237K [0x00000000fec00000, 0x00000000ff2a0000, 0x00000000ff2a0000)
  eden space 5504K,  95% used [0x00000000fec00000, 0x00000000ff11b780, 0x00000000ff160000)
  from space 640K,   1% used [0x00000000ff160000, 0x00000000ff162040, 0x00000000ff200000)
  to   space 640K,   0% used [0x00000000ff200000, 0x00000000ff200000, 0x00000000ff2a0000)
 concurrent mark-sweep generation total 13696K, used 4277K [0x00000000ff2a0000, 0x0000000100000000, 0x0000000100000000)
 Metaspace       used 5077K, capacity 5258K, committed 5504K, reserved 1056768K
  class space    used 557K, capacity 597K, committed 640K, reserved 1048576K
2024-07-16T17:58:56.437+0800: 3.581: [GC (Allocation Failure) 2024-07-16T17:58:56.437+0800: 3.581: [ParNew: 5237K->6K(6144K), 0.0005494 secs] 9515K->5307K(19840K), 0.0006117 secs] [Times: user=0.00 sys=0.00, real=0.00 secs] 
Heap after GC invocations=441 (full 49):
 par new generation   total 6144K, used 6K [0x00000000fec00000, 0x00000000ff2a0000, 0x00000000ff2a0000)
  eden space 5504K,   0% used [0x00000000fec00000, 0x00000000fec00000, 0x00000000ff160000)
  from space 640K,   0% used [0x00000000ff200000, 0x00000000ff201830, 0x00000000ff2a0000)
  to   space 640K,   0% used [0x00000000ff160000, 0x00000000ff160000, 0x00000000ff200000)
 concurrent mark-sweep generation total 13696K, used 5301K [0x00000000ff2a0000, 0x0000000100000000, 0x0000000100000000)
 Metaspace       used 5077K, capacity 5258K, committed 5504K, reserved 1056768K
  class space    used 557K, capacity 597K, committed 640K, reserved 1048576K
}
{Heap before GC invocations=441 (full 49):
 par new generation   total 6144K, used 5235K [0x00000000fec00000, 0x00000000ff2a0000, 0x00000000ff2a0000)
  eden space 5504K,  95% used [0x00000000fec00000, 0x00000000ff11b780, 0x00000000ff160000)
  from space 640K,   0% used [0x00000000ff200000, 0x00000000ff201830, 0x00000000ff2a0000)
  to   space 640K,   0% used [0x00000000ff160000, 0x00000000ff160000, 0x00000000ff200000)
 concurrent mark-sweep generation total 13696K, used 5301K [0x00000000ff2a0000, 0x0000000100000000, 0x0000000100000000)
 Metaspace       used 5077K, capacity 5258K, committed 5504K, reserved 1056768K
  class space    used 557K, capacity 597K, committed 640K, reserved 1048576K
2024-07-16T17:58:56.446+0800: 3.590: [GC (Allocation Failure) 2024-07-16T17:58:56.446+0800: 3.590: [ParNew: 5235K->4K(6144K), 0.0003124 secs] 10537K->5305K(19840K), 0.0003661 secs] [Times: user=0.00 sys=0.00, real=0.00 secs] 
Heap after GC invocations=442 (full 49):
 par new generation   total 6144K, used 4K [0x00000000fec00000, 0x00000000ff2a0000, 0x00000000ff2a0000)
  eden space 5504K,   0% used [0x00000000fec00000, 0x00000000fec00000, 0x00000000ff160000)
  from space 640K,   0% used [0x00000000ff160000, 0x00000000ff161020, 0x00000000ff200000)
  to   space 640K,   0% used [0x00000000ff200000, 0x00000000ff200000, 0x00000000ff2a0000)
 concurrent mark-sweep generation total 13696K, used 5301K [0x00000000ff2a0000, 0x0000000100000000, 0x0000000100000000)
 Metaspace       used 5077K, capacity 5258K, committed 5504K, reserved 1056768K
  class space    used 557K, capacity 597K, committed 640K, reserved 1048576K
}
{Heap before GC invocations=442 (full 49):
 par new generation   total 6144K, used 5233K [0x00000000fec00000, 0x00000000ff2a0000, 0x00000000ff2a0000)
  eden space 5504K,  95% used [0x00000000fec00000, 0x00000000ff11b780, 0x00000000ff160000)
  from space 640K,   0% used [0x00000000ff160000, 0x00000000ff161020, 0x00000000ff200000)
  to   space 640K,   0% used [0x00000000ff200000, 0x00000000ff200000, 0x00000000ff2a0000)
 concurrent mark-sweep generation total 13696K, used 5301K [0x00000000ff2a0000, 0x0000000100000000, 0x0000000100000000)
 Metaspace       used 5077K, capacity 5258K, committed 5504K, reserved 1056768K
  class space    used 557K, capacity 597K, committed 640K, reserved 1048576K
2024-07-16T17:58:56.453+0800: 3.597: [GC (Allocation Failure) 2024-07-16T17:58:56.453+0800: 3.597: [ParNew: 5233K->6K(6144K), 0.0004383 secs] 10535K->6333K(19840K), 0.0004929 secs] [Times: user=0.00 sys=0.00, real=0.00 secs] 
Heap after GC invocations=443 (full 49):
 par new generation   total 6144K, used 6K [0x00000000fec00000, 0x00000000ff2a0000, 0x00000000ff2a0000)
  eden space 5504K,   0% used [0x00000000fec00000, 0x00000000fec00000, 0x00000000ff160000)
  from space 640K,   0% used [0x00000000ff200000, 0x00000000ff201830, 0x00000000ff2a0000)
  to   space 640K,   0% used [0x00000000ff160000, 0x00000000ff160000, 0x00000000ff200000)
 concurrent mark-sweep generation total 13696K, used 6327K [0x00000000ff2a0000, 0x0000000100000000, 0x0000000100000000)
 Metaspace       used 5077K, capacity 5258K, committed 5504K, reserved 1056768K
  class space    used 557K, capacity 597K, committed 640K, reserved 1048576K
}
{Heap before GC invocations=443 (full 49):
 par new generation   total 6144K, used 5235K [0x00000000fec00000, 0x00000000ff2a0000, 0x00000000ff2a0000)
  eden space 5504K,  95% used [0x00000000fec00000, 0x00000000ff11b780, 0x00000000ff160000)
  from space 640K,   0% used [0x00000000ff200000, 0x00000000ff201830, 0x00000000ff2a0000)
  to   space 640K,   0% used [0x00000000ff160000, 0x00000000ff160000, 0x00000000ff200000)
 concurrent mark-sweep generation total 13696K, used 6327K [0x00000000ff2a0000, 0x0000000100000000, 0x0000000100000000)
 Metaspace       used 5077K, capacity 5258K, committed 5504K, reserved 1056768K
  class space    used 557K, capacity 597K, committed 640K, reserved 1048576K
2024-07-16T17:58:56.460+0800: 3.604: [GC (Allocation Failure) 2024-07-16T17:58:56.460+0800: 3.604: [ParNew: 5235K->4K(6144K), 0.0003382 secs] 11563K->6331K(19840K), 0.0003988 secs] [Times: user=0.00 sys=0.00, real=0.00 secs] 
Heap after GC invocations=444 (full 49):
 par new generation   total 6144K, used 4K [0x00000000fec00000, 0x00000000ff2a0000, 0x00000000ff2a0000)
  eden space 5504K,   0% used [0x00000000fec00000, 0x00000000fec00000, 0x00000000ff160000)
  from space 640K,   0% used [0x00000000ff160000, 0x00000000ff161020, 0x00000000ff200000)
  to   space 640K,   0% used [0x00000000ff200000, 0x00000000ff200000, 0x00000000ff2a0000)
 concurrent mark-sweep generation total 13696K, used 6327K [0x00000000ff2a0000, 0x0000000100000000, 0x0000000100000000)
 Metaspace       used 5077K, capacity 5258K, committed 5504K, reserved 1056768K
  class space    used 557K, capacity 597K, committed 640K, reserved 1048576K
}
{Heap before GC invocations=444 (full 49):
 par new generation   total 6144K, used 5233K [0x00000000fec00000, 0x00000000ff2a0000, 0x00000000ff2a0000)
  eden space 5504K,  95% used [0x00000000fec00000, 0x00000000ff11b780, 0x00000000ff160000)
  from space 640K,   0% used [0x00000000ff160000, 0x00000000ff161020, 0x00000000ff200000)
  to   space 640K,   0% used [0x00000000ff200000, 0x00000000ff200000, 0x00000000ff2a0000)
 concurrent mark-sweep generation total 13696K, used 6327K [0x00000000ff2a0000, 0x0000000100000000, 0x0000000100000000)
 Metaspace       used 5077K, capacity 5258K, committed 5504K, reserved 1056768K
  class space    used 557K, capacity 597K, committed 640K, reserved 1048576K
2024-07-16T17:58:56.467+0800: 3.611: [GC (Allocation Failure) 2024-07-16T17:58:56.467+0800: 3.611: [ParNew: 5233K->4K(6144K), 0.0002996 secs] 11561K->6331K(19840K), 0.0003393 secs] [Times: user=0.00 sys=0.00, real=0.00 secs] 
Heap after GC invocations=445 (full 49):
 par new generation   total 6144K, used 4K [0x00000000fec00000, 0x00000000ff2a0000, 0x00000000ff2a0000)
  eden space 5504K,   0% used [0x00000000fec00000, 0x00000000fec00000, 0x00000000ff160000)
  from space 640K,   0% used [0x00000000ff200000, 0x00000000ff201020, 0x00000000ff2a0000)
  to   space 640K,   0% used [0x00000000ff160000, 0x00000000ff160000, 0x00000000ff200000)
 concurrent mark-sweep generation total 13696K, used 6327K [0x00000000ff2a0000, 0x0000000100000000, 0x0000000100000000)
 Metaspace       used 5077K, capacity 5258K, committed 5504K, reserved 1056768K
  class space    used 557K, capacity 597K, committed 640K, reserved 1048576K
}
{Heap before GC invocations=445 (full 49):
 par new generation   total 6144K, used 5233K [0x00000000fec00000, 0x00000000ff2a0000, 0x00000000ff2a0000)
  eden space 5504K,  95% used [0x00000000fec00000, 0x00000000ff11b780, 0x00000000ff160000)
  from space 640K,   0% used [0x00000000ff200000, 0x00000000ff201020, 0x00000000ff2a0000)
  to   space 640K,   0% used [0x00000000ff160000, 0x00000000ff160000, 0x00000000ff200000)
 concurrent mark-sweep generation total 13696K, used 6327K [0x00000000ff2a0000, 0x0000000100000000, 0x0000000100000000)
 Metaspace       used 5077K, capacity 5258K, committed 5504K, reserved 1056768K
  class space    used 557K, capacity 597K, committed 640K, reserved 1048576K
2024-07-16T17:58:56.475+0800: 3.619: [GC (Allocation Failure) 2024-07-16T17:58:56.475+0800: 3.619: [ParNew: 5233K->8K(6144K), 0.0006965 secs] 11561K->7359K(19840K), 0.0007851 secs] [Times: user=0.00 sys=0.00, real=0.00 secs] 
Heap after GC invocations=446 (full 49):
 par new generation   total 6144K, used 8K [0x00000000fec00000, 0x00000000ff2a0000, 0x00000000ff2a0000)
  eden space 5504K,   0% used [0x00000000fec00000, 0x00000000fec00000, 0x00000000ff160000)
  from space 640K,   1% used [0x00000000ff160000, 0x00000000ff162040, 0x00000000ff200000)
  to   space 640K,   0% used [0x00000000ff200000, 0x00000000ff200000, 0x00000000ff2a0000)
 concurrent mark-sweep generation total 13696K, used 7351K [0x00000000ff2a0000, 0x0000000100000000, 0x0000000100000000)
 Metaspace       used 5077K, capacity 5258K, committed 5504K, reserved 1056768K
  class space    used 557K, capacity 597K, committed 640K, reserved 1048576K
}
{Heap before GC invocations=446 (full 49):
 par new generation   total 6144K, used 5237K [0x00000000fec00000, 0x00000000ff2a0000, 0x00000000ff2a0000)
  eden space 5504K,  95% used [0x00000000fec00000, 0x00000000ff11b780, 0x00000000ff160000)
  from space 640K,   1% used [0x00000000ff160000, 0x00000000ff162040, 0x00000000ff200000)
  to   space 640K,   0% used [0x00000000ff200000, 0x00000000ff200000, 0x00000000ff2a0000)
 concurrent mark-sweep generation total 13696K, used 7351K [0x00000000ff2a0000, 0x0000000100000000, 0x0000000100000000)
 Metaspace       used 5077K, capacity 5258K, committed 5504K, reserved 1056768K
  class space    used 557K, capacity 597K, committed 640K, reserved 1048576K
2024-07-16T17:58:56.483+0800: 3.627: [GC (Allocation Failure) 2024-07-16T17:58:56.483+0800: 3.627: [ParNew: 5237K->8K(6144K), 0.0003463 secs] 12589K->8383K(19840K), 0.0003937 secs] [Times: user=0.00 sys=0.00, real=0.00 secs] 
Heap after GC invocations=447 (full 49):
 par new generation   total 6144K, used 8K [0x00000000fec00000, 0x00000000ff2a0000, 0x00000000ff2a0000)
  eden space 5504K,   0% used [0x00000000fec00000, 0x00000000fec00000, 0x00000000ff160000)
  from space 640K,   1% used [0x00000000ff200000, 0x00000000ff202040, 0x00000000ff2a0000)
  to   space 640K,   0% used [0x00000000ff160000, 0x00000000ff160000, 0x00000000ff200000)
 concurrent mark-sweep generation total 13696K, used 8375K [0x00000000ff2a0000, 0x0000000100000000, 0x0000000100000000)
 Metaspace       used 5077K, capacity 5258K, committed 5504K, reserved 1056768K
  class space    used 557K, capacity 597K, committed 640K, reserved 1048576K
}
2024-07-16T17:58:56.483+0800: 3.628: [GC (CMS Initial Mark) [1 CMS-initial-mark: 8375K(13696K)] 9407K(19840K), 0.0001020 secs] [Times: user=0.00 sys=0.00, real=0.00 secs] 
2024-07-16T17:58:56.483+0800: 3.628: [CMS-concurrent-mark-start]
2024-07-16T17:58:56.485+0800: 3.630: [CMS-concurrent-mark: 0.002/0.002 secs] [Times: user=0.00 sys=0.00, real=0.00 secs] 
2024-07-16T17:58:56.485+0800: 3.630: [CMS-concurrent-preclean-start]
2024-07-16T17:58:56.485+0800: 3.630: [CMS-concurrent-preclean: 0.000/0.000 secs] [Times: user=0.00 sys=0.00, real=0.00 secs] 
2024-07-16T17:58:56.485+0800: 3.630: [CMS-concurrent-abortable-preclean-start]
{Heap before GC invocations=447 (full 50):
 par new generation   total 6144K, used 5237K [0x00000000fec00000, 0x00000000ff2a0000, 0x00000000ff2a0000)
  eden space 5504K,  95% used [0x00000000fec00000, 0x00000000ff11b780, 0x00000000ff160000)
  from space 640K,   1% used [0x00000000ff200000, 0x00000000ff202040, 0x00000000ff2a0000)
  to   space 640K,   0% used [0x00000000ff160000, 0x00000000ff160000, 0x00000000ff200000)
 concurrent mark-sweep generation total 13696K, used 8375K [0x00000000ff2a0000, 0x0000000100000000, 0x0000000100000000)
 Metaspace       used 5077K, capacity 5258K, committed 5504K, reserved 1056768K
  class space    used 557K, capacity 597K, committed 640K, reserved 1048576K
2024-07-16T17:58:56.490+0800: 3.634: [GC (Allocation Failure) 2024-07-16T17:58:56.490+0800: 3.634: [ParNew: 5237K->8K(6144K), 0.0007517 secs] 13613K->9407K(19840K), 0.0008340 secs] [Times: user=0.00 sys=0.00, real=0.00 secs] 
Heap after GC invocations=448 (full 50):
 par new generation   total 6144K, used 8K [0x00000000fec00000, 0x00000000ff2a0000, 0x00000000ff2a0000)
  eden space 5504K,   0% used [0x00000000fec00000, 0x00000000fec00000, 0x00000000ff160000)
  from space 640K,   1% used [0x00000000ff160000, 0x00000000ff162040, 0x00000000ff200000)
  to   space 640K,   0% used [0x00000000ff200000, 0x00000000ff200000, 0x00000000ff2a0000)
 concurrent mark-sweep generation total 13696K, used 9399K [0x00000000ff2a0000, 0x0000000100000000, 0x0000000100000000)
 Metaspace       used 5077K, capacity 5258K, committed 5504K, reserved 1056768K
  class space    used 557K, capacity 597K, committed 640K, reserved 1048576K
}
{Heap before GC invocations=448 (full 50):
 par new generation   total 6144K, used 5237K [0x00000000fec00000, 0x00000000ff2a0000, 0x00000000ff2a0000)
  eden space 5504K,  95% used [0x00000000fec00000, 0x00000000ff11b780, 0x00000000ff160000)
  from space 640K,   1% used [0x00000000ff160000, 0x00000000ff162040, 0x00000000ff200000)
  to   space 640K,   0% used [0x00000000ff200000, 0x00000000ff200000, 0x00000000ff2a0000)
 concurrent mark-sweep generation total 13696K, used 9399K [0x00000000ff2a0000, 0x0000000100000000, 0x0000000100000000)
 Metaspace       used 5077K, capacity 5258K, committed 5504K, reserved 1056768K
  class space    used 557K, capacity 597K, committed 640K, reserved 1048576K
2024-07-16T17:58:56.499+0800: 3.643: [GC (Allocation Failure) 2024-07-16T17:58:56.499+0800: 3.643: [ParNew: 5237K->4K(6144K), 0.0003181 secs] 14637K->9403K(19840K), 0.0003641 secs] [Times: user=0.00 sys=0.00, real=0.00 secs] 
Heap after GC invocations=449 (full 50):
 par new generation   total 6144K, used 4K [0x00000000fec00000, 0x00000000ff2a0000, 0x00000000ff2a0000)
  eden space 5504K,   0% used [0x00000000fec00000, 0x00000000fec00000, 0x00000000ff160000)
  from space 640K,   0% used [0x00000000ff200000, 0x00000000ff201020, 0x00000000ff2a0000)
  to   space 640K,   0% used [0x00000000ff160000, 0x00000000ff160000, 0x00000000ff200000)
 concurrent mark-sweep generation total 13696K, used 9399K [0x00000000ff2a0000, 0x0000000100000000, 0x0000000100000000)
 Metaspace       used 5077K, capacity 5258K, committed 5504K, reserved 1056768K
  class space    used 557K, capacity 597K, committed 640K, reserved 1048576K
}
{Heap before GC invocations=449 (full 50):
 par new generation   total 6144K, used 5233K [0x00000000fec00000, 0x00000000ff2a0000, 0x00000000ff2a0000)
  eden space 5504K,  95% used [0x00000000fec00000, 0x00000000ff11b780, 0x00000000ff160000)
  from space 640K,   0% used [0x00000000ff200000, 0x00000000ff201020, 0x00000000ff2a0000)
  to   space 640K,   0% used [0x00000000ff160000, 0x00000000ff160000, 0x00000000ff200000)
 concurrent mark-sweep generation total 13696K, used 9399K [0x00000000ff2a0000, 0x0000000100000000, 0x0000000100000000)
 Metaspace       used 5077K, capacity 5258K, committed 5504K, reserved 1056768K
  class space    used 557K, capacity 597K, committed 640K, reserved 1048576K
2024-07-16T17:58:56.505+0800: 3.649: [GC (Allocation Failure) 2024-07-16T17:58:56.505+0800: 3.649: [ParNew: 5233K->6K(6144K), 0.0010930 secs] 14633K->10431K(19840K), 0.0011761 secs] [Times: user=0.00 sys=0.00, real=0.00 secs] 
Heap after GC invocations=450 (full 50):
 par new generation   total 6144K, used 6K [0x00000000fec00000, 0x00000000ff2a0000, 0x00000000ff2a0000)
  eden space 5504K,   0% used [0x00000000fec00000, 0x00000000fec00000, 0x00000000ff160000)
  from space 640K,   0% used [0x00000000ff160000, 0x00000000ff161830, 0x00000000ff200000)
  to   space 640K,   0% used [0x00000000ff200000, 0x00000000ff200000, 0x00000000ff2a0000)
 concurrent mark-sweep generation total 13696K, used 10425K [0x00000000ff2a0000, 0x0000000100000000, 0x0000000100000000)
 Metaspace       used 5077K, capacity 5258K, committed 5504K, reserved 1056768K
  class space    used 557K, capacity 597K, committed 640K, reserved 1048576K
}
{Heap before GC invocations=450 (full 50):
 par new generation   total 6144K, used 5235K [0x00000000fec00000, 0x00000000ff2a0000, 0x00000000ff2a0000)
  eden space 5504K,  95% used [0x00000000fec00000, 0x00000000ff11b780, 0x00000000ff160000)
  from space 640K,   0% used [0x00000000ff160000, 0x00000000ff161830, 0x00000000ff200000)
  to   space 640K,   0% used [0x00000000ff200000, 0x00000000ff200000, 0x00000000ff2a0000)
 concurrent mark-sweep generation total 13696K, used 10425K [0x00000000ff2a0000, 0x0000000100000000, 0x0000000100000000)
 Metaspace       used 5077K, capacity 5258K, committed 5504K, reserved 1056768K
  class space    used 557K, capacity 597K, committed 640K, reserved 1048576K
2024-07-16T17:58:56.515+0800: 3.659: [GC (Allocation Failure) 2024-07-16T17:58:56.515+0800: 3.659: [ParNew: 5235K->4K(6144K), 0.0006052 secs] 15661K->10429K(19840K), 0.0006804 secs] [Times: user=0.00 sys=0.00, real=0.00 secs] 
Heap after GC invocations=451 (full 50):
 par new generation   total 6144K, used 4K [0x00000000fec00000, 0x00000000ff2a0000, 0x00000000ff2a0000)
  eden space 5504K,   0% used [0x00000000fec00000, 0x00000000fec00000, 0x00000000ff160000)
  from space 640K,   0% used [0x00000000ff200000, 0x00000000ff201020, 0x00000000ff2a0000)
  to   space 640K,   0% used [0x00000000ff160000, 0x00000000ff160000, 0x00000000ff200000)
 concurrent mark-sweep generation total 13696K, used 10425K [0x00000000ff2a0000, 0x0000000100000000, 0x0000000100000000)
 Metaspace       used 5077K, capacity 5258K, committed 5504K, reserved 1056768K
  class space    used 557K, capacity 597K, committed 640K, reserved 1048576K
}
{Heap before GC invocations=451 (full 50):
 par new generation   total 6144K, used 5233K [0x00000000fec00000, 0x00000000ff2a0000, 0x00000000ff2a0000)
  eden space 5504K,  95% used [0x00000000fec00000, 0x00000000ff11b780, 0x00000000ff160000)
  from space 640K,   0% used [0x00000000ff200000, 0x00000000ff201020, 0x00000000ff2a0000)
  to   space 640K,   0% used [0x00000000ff160000, 0x00000000ff160000, 0x00000000ff200000)
 concurrent mark-sweep generation total 13696K, used 10425K [0x00000000ff2a0000, 0x0000000100000000, 0x0000000100000000)
 Metaspace       used 5077K, capacity 5258K, committed 5504K, reserved 1056768K
  class space    used 557K, capacity 597K, committed 640K, reserved 1048576K
2024-07-16T17:58:56.524+0800: 3.668: [GC (Allocation Failure) 2024-07-16T17:58:56.524+0800: 3.668: [ParNew: 5233K->4K(6144K), 0.0003273 secs] 15659K->10429K(19840K), 0.0003819 secs] [Times: user=0.00 sys=0.00, real=0.00 secs] 
Heap after GC invocations=452 (full 50):
 par new generation   total 6144K, used 4K [0x00000000fec00000, 0x00000000ff2a0000, 0x00000000ff2a0000)
  eden space 5504K,   0% used [0x00000000fec00000, 0x00000000fec00000, 0x00000000ff160000)
  from space 640K,   0% used [0x00000000ff160000, 0x00000000ff161020, 0x00000000ff200000)
  to   space 640K,   0% used [0x00000000ff200000, 0x00000000ff200000, 0x00000000ff2a0000)
 concurrent mark-sweep generation total 13696K, used 10425K [0x00000000ff2a0000, 0x0000000100000000, 0x0000000100000000)
 Metaspace       used 5077K, capacity 5258K, committed 5504K, reserved 1056768K
  class space    used 557K, capacity 597K, committed 640K, reserved 1048576K
}
{Heap before GC invocations=452 (full 50):
 par new generation   total 6144K, used 5233K [0x00000000fec00000, 0x00000000ff2a0000, 0x00000000ff2a0000)
  eden space 5504K,  95% used [0x00000000fec00000, 0x00000000ff11b780, 0x00000000ff160000)
  from space 640K,   0% used [0x00000000ff160000, 0x00000000ff161020, 0x00000000ff200000)
  to   space 640K,   0% used [0x00000000ff200000, 0x00000000ff200000, 0x00000000ff2a0000)
 concurrent mark-sweep generation total 13696K, used 10425K [0x00000000ff2a0000, 0x0000000100000000, 0x0000000100000000)
 Metaspace       used 5077K, capacity 5258K, committed 5504K, reserved 1056768K
  class space    used 557K, capacity 597K, committed 640K, reserved 1048576K
2024-07-16T17:58:56.531+0800: 3.675: [GC (Allocation Failure) 2024-07-16T17:58:56.531+0800: 3.675: [ParNew: 5233K->6K(6144K), 0.0003462 secs] 15659K->11455K(19840K), 0.0003884 secs] [Times: user=0.00 sys=0.00, real=0.00 secs] 
Heap after GC invocations=453 (full 50):
 par new generation   total 6144K, used 6K [0x00000000fec00000, 0x00000000ff2a0000, 0x00000000ff2a0000)
  eden space 5504K,   0% used [0x00000000fec00000, 0x00000000fec00000, 0x00000000ff160000)
  from space 640K,   0% used [0x00000000ff200000, 0x00000000ff201830, 0x00000000ff2a0000)
  to   space 640K,   0% used [0x00000000ff160000, 0x00000000ff160000, 0x00000000ff200000)
 concurrent mark-sweep generation total 13696K, used 11449K [0x00000000ff2a0000, 0x0000000100000000, 0x0000000100000000)
 Metaspace       used 5077K, capacity 5258K, committed 5504K, reserved 1056768K
  class space    used 557K, capacity 597K, committed 640K, reserved 1048576K
}
{Heap before GC invocations=453 (full 50):
 par new generation   total 6144K, used 5235K [0x00000000fec00000, 0x00000000ff2a0000, 0x00000000ff2a0000)
  eden space 5504K,  95% used [0x00000000fec00000, 0x00000000ff11b780, 0x00000000ff160000)
  from space 640K,   0% used [0x00000000ff200000, 0x00000000ff201830, 0x00000000ff2a0000)
  to   space 640K,   0% used [0x00000000ff160000, 0x00000000ff160000, 0x00000000ff200000)
 concurrent mark-sweep generation total 13696K, used 11449K [0x00000000ff2a0000, 0x0000000100000000, 0x0000000100000000)
 Metaspace       used 5077K, capacity 5258K, committed 5504K, reserved 1056768K
  class space    used 557K, capacity 597K, committed 640K, reserved 1048576K
2024-07-16T17:58:56.539+0800: 3.683: [GC (Allocation Failure) 2024-07-16T17:58:56.539+0800: 3.683: [ParNew: 5235K->4K(6144K), 0.0002745 secs] 16685K->11453K(19840K), 0.0003185 secs] [Times: user=0.00 sys=0.00, real=0.00 secs] 
Heap after GC invocations=454 (full 50):
 par new generation   total 6144K, used 4K [0x00000000fec00000, 0x00000000ff2a0000, 0x00000000ff2a0000)
  eden space 5504K,   0% used [0x00000000fec00000, 0x00000000fec00000, 0x00000000ff160000)
  from space 640K,   0% used [0x00000000ff160000, 0x00000000ff161020, 0x00000000ff200000)
  to   space 640K,   0% used [0x00000000ff200000, 0x00000000ff200000, 0x00000000ff2a0000)
 concurrent mark-sweep generation total 13696K, used 11449K [0x00000000ff2a0000, 0x0000000100000000, 0x0000000100000000)
 Metaspace       used 5077K, capacity 5258K, committed 5504K, reserved 1056768K
  class space    used 557K, capacity 597K, committed 640K, reserved 1048576K
}
{Heap before GC invocations=454 (full 50):
 par new generation   total 6144K, used 5233K [0x00000000fec00000, 0x00000000ff2a0000, 0x00000000ff2a0000)
  eden space 5504K,  95% used [0x00000000fec00000, 0x00000000ff11b780, 0x00000000ff160000)
  from space 640K,   0% used [0x00000000ff160000, 0x00000000ff161020, 0x00000000ff200000)
  to   space 640K,   0% used [0x00000000ff200000, 0x00000000ff200000, 0x00000000ff2a0000)
 concurrent mark-sweep generation total 13696K, used 11449K [0x00000000ff2a0000, 0x0000000100000000, 0x0000000100000000)
 Metaspace       used 5077K, capacity 5258K, committed 5504K, reserved 1056768K
  class space    used 557K, capacity 597K, committed 640K, reserved 1048576K
2024-07-16T17:58:56.547+0800: 3.691: [GC (Allocation Failure) 2024-07-16T17:58:56.547+0800: 3.691: [ParNew: 5233K->2K(6144K), 0.0003293 secs] 16683K->11451K(19840K), 0.0003643 secs] [Times: user=0.00 sys=0.00, real=0.00 secs] 
Heap after GC invocations=455 (full 50):
 par new generation   total 6144K, used 2K [0x00000000fec00000, 0x00000000ff2a0000, 0x00000000ff2a0000)
  eden space 5504K,   0% used [0x00000000fec00000, 0x00000000fec00000, 0x00000000ff160000)
  from space 640K,   0% used [0x00000000ff200000, 0x00000000ff200810, 0x00000000ff2a0000)
  to   space 640K,   0% used [0x00000000ff160000, 0x00000000ff160000, 0x00000000ff200000)
 concurrent mark-sweep generation total 13696K, used 11449K [0x00000000ff2a0000, 0x0000000100000000, 0x0000000100000000)
 Metaspace       used 5077K, capacity 5258K, committed 5504K, reserved 1056768K
  class space    used 557K, capacity 597K, committed 640K, reserved 1048576K
}
{Heap before GC invocations=455 (full 50):
 par new generation   total 6144K, used 5231K [0x00000000fec00000, 0x00000000ff2a0000, 0x00000000ff2a0000)
  eden space 5504K,  95% used [0x00000000fec00000, 0x00000000ff11b780, 0x00000000ff160000)
  from space 640K,   0% used [0x00000000ff200000, 0x00000000ff200810, 0x00000000ff2a0000)
  to   space 640K,   0% used [0x00000000ff160000, 0x00000000ff160000, 0x00000000ff200000)
 concurrent mark-sweep generation total 13696K, used 11449K [0x00000000ff2a0000, 0x0000000100000000, 0x0000000100000000)
 Metaspace       used 5077K, capacity 5258K, committed 5504K, reserved 1056768K
  class space    used 557K, capacity 597K, committed 640K, reserved 1048576K
2024-07-16T17:58:56.553+0800: 3.697: [GC (Allocation Failure) 2024-07-16T17:58:56.553+0800: 3.697: [ParNew: 5231K->4K(6144K), 0.0003401 secs] 16681K->11453K(19840K), 0.0003875 secs] [Times: user=0.00 sys=0.00, real=0.00 secs] 
Heap after GC invocations=456 (full 50):
 par new generation   total 6144K, used 4K [0x00000000fec00000, 0x00000000ff2a0000, 0x00000000ff2a0000)
  eden space 5504K,   0% used [0x00000000fec00000, 0x00000000fec00000, 0x00000000ff160000)
  from space 640K,   0% used [0x00000000ff160000, 0x00000000ff161020, 0x00000000ff200000)
  to   space 640K,   0% used [0x00000000ff200000, 0x00000000ff200000, 0x00000000ff2a0000)
 concurrent mark-sweep generation total 13696K, used 11449K [0x00000000ff2a0000, 0x0000000100000000, 0x0000000100000000)
 Metaspace       used 5077K, capacity 5258K, committed 5504K, reserved 1056768K
  class space    used 557K, capacity 597K, committed 640K, reserved 1048576K
}
{Heap before GC invocations=456 (full 50):
 par new generation   total 6144K, used 5233K [0x00000000fec00000, 0x00000000ff2a0000, 0x00000000ff2a0000)
  eden space 5504K,  95% used [0x00000000fec00000, 0x00000000ff11b780, 0x00000000ff160000)
  from space 640K,   0% used [0x00000000ff160000, 0x00000000ff161020, 0x00000000ff200000)
  to   space 640K,   0% used [0x00000000ff200000, 0x00000000ff200000, 0x00000000ff2a0000)
 concurrent mark-sweep generation total 13696K, used 11449K [0x00000000ff2a0000, 0x0000000100000000, 0x0000000100000000)
 Metaspace       used 5077K, capacity 5258K, committed 5504K, reserved 1056768K
  class space    used 557K, capacity 597K, committed 640K, reserved 1048576K
2024-07-16T17:58:56.560+0800: 3.704: [GC (Allocation Failure) 2024-07-16T17:58:56.560+0800: 3.704: [ParNew: 5233K->4K(6144K), 0.0006994 secs] 16683K->12477K(19840K), 0.0007839 secs] [Times: user=0.00 sys=0.00, real=0.00 secs] 
Heap after GC invocations=457 (full 50):
 par new generation   total 6144K, used 4K [0x00000000fec00000, 0x00000000ff2a0000, 0x00000000ff2a0000)
  eden space 5504K,   0% used [0x00000000fec00000, 0x00000000fec00000, 0x00000000ff160000)
  from space 640K,   0% used [0x00000000ff200000, 0x00000000ff201020, 0x00000000ff2a0000)
  to   space 640K,   0% used [0x00000000ff160000, 0x00000000ff160000, 0x00000000ff200000)
 concurrent mark-sweep generation total 13696K, used 12473K [0x00000000ff2a0000, 0x0000000100000000, 0x0000000100000000)
 Metaspace       used 5077K, capacity 5258K, committed 5504K, reserved 1056768K
  class space    used 557K, capacity 597K, committed 640K, reserved 1048576K
}
{Heap before GC invocations=457 (full 50):
 par new generation   total 6144K, used 5233K [0x00000000fec00000, 0x00000000ff2a0000, 0x00000000ff2a0000)
  eden space 5504K,  95% used [0x00000000fec00000, 0x00000000ff11b780, 0x00000000ff160000)
  from space 640K,   0% used [0x00000000ff200000, 0x00000000ff201020, 0x00000000ff2a0000)
  to   space 640K,   0% used [0x00000000ff160000, 0x00000000ff160000, 0x00000000ff200000)
 concurrent mark-sweep generation total 13696K, used 12473K [0x00000000ff2a0000, 0x0000000100000000, 0x0000000100000000)
 Metaspace       used 5077K, capacity 5258K, committed 5504K, reserved 1056768K
  class space    used 557K, capacity 597K, committed 640K, reserved 1048576K
2024-07-16T17:58:56.569+0800: 3.713: [GC (Allocation Failure) 2024-07-16T17:58:56.569+0800: 3.713: [ParNew: 5233K->5233K(6144K), 0.0000143 secs]2024-07-16T17:58:56.569+0800: 3.713: [CMS2024-07-16T17:58:56.569+0800: 3.713: [CMS-concurrent-abortable-preclean: 0.001/0.084 secs] [Times: user=0.00 sys=0.00, real=0.08 secs] 
 (concurrent mode failure): 12473K->1191K(13696K), 0.0028031 secs] 17707K->1191K(19840K), [Metaspace: 5077K->5077K(1056768K)], 0.0028876 secs] [Times: user=0.00 sys=0.00, real=0.00 secs] 
Heap after GC invocations=458 (full 51):
 par new generation   total 6144K, used 0K [0x00000000fec00000, 0x00000000ff2a0000, 0x00000000ff2a0000)
  eden space 5504K,   0% used [0x00000000fec00000, 0x00000000fec00000, 0x00000000ff160000)
  from space 640K,   0% used [0x00000000ff200000, 0x00000000ff200000, 0x00000000ff2a0000)
  to   space 640K,   0% used [0x00000000ff160000, 0x00000000ff160000, 0x00000000ff200000)
 concurrent mark-sweep generation total 13696K, used 1191K [0x00000000ff2a0000, 0x0000000100000000, 0x0000000100000000)
 Metaspace       used 5077K, capacity 5258K, committed 5504K, reserved 1056768K
  class space    used 557K, capacity 597K, committed 640K, reserved 1048576K
}
{Heap before GC invocations=458 (full 51):
 par new generation   total 6144K, used 5229K [0x00000000fec00000, 0x00000000ff2a0000, 0x00000000ff2a0000)
  eden space 5504K,  95% used [0x00000000fec00000, 0x00000000ff11b780, 0x00000000ff160000)
  from space 640K,   0% used [0x00000000ff200000, 0x00000000ff200000, 0x00000000ff2a0000)
  to   space 640K,   0% used [0x00000000ff160000, 0x00000000ff160000, 0x00000000ff200000)
 concurrent mark-sweep generation total 13696K, used 1191K [0x00000000ff2a0000, 0x0000000100000000, 0x0000000100000000)
 Metaspace       used 5077K, capacity 5258K, committed 5504K, reserved 1056768K
  class space    used 557K, capacity 597K, committed 640K, reserved 1048576K
2024-07-16T17:58:56.580+0800: 3.724: [GC (Allocation Failure) 2024-07-16T17:58:56.580+0800: 3.724: [ParNew: 5229K->4K(6144K), 0.0007111 secs] 6420K->2221K(19840K), 0.0007887 secs] [Times: user=0.00 sys=0.00, real=0.00 secs] 
Heap after GC invocations=459 (full 51):
 par new generation   total 6144K, used 4K [0x00000000fec00000, 0x00000000ff2a0000, 0x00000000ff2a0000)
  eden space 5504K,   0% used [0x00000000fec00000, 0x00000000fec00000, 0x00000000ff160000)
  from space 640K,   0% used [0x00000000ff160000, 0x00000000ff161020, 0x00000000ff200000)
  to   space 640K,   0% used [0x00000000ff200000, 0x00000000ff200000, 0x00000000ff2a0000)
 concurrent mark-sweep generation total 13696K, used 2217K [0x00000000ff2a0000, 0x0000000100000000, 0x0000000100000000)
 Metaspace       used 5077K, capacity 5258K, committed 5504K, reserved 1056768K
  class space    used 557K, capacity 597K, committed 640K, reserved 1048576K
}
{Heap before GC invocations=459 (full 51):
 par new generation   total 6144K, used 5233K [0x00000000fec00000, 0x00000000ff2a0000, 0x00000000ff2a0000)
  eden space 5504K,  95% used [0x00000000fec00000, 0x00000000ff11b780, 0x00000000ff160000)
  from space 640K,   0% used [0x00000000ff160000, 0x00000000ff161020, 0x00000000ff200000)
  to   space 640K,   0% used [0x00000000ff200000, 0x00000000ff200000, 0x00000000ff2a0000)
 concurrent mark-sweep generation total 13696K, used 2217K [0x00000000ff2a0000, 0x0000000100000000, 0x0000000100000000)
 Metaspace       used 5077K, capacity 5258K, committed 5504K, reserved 1056768K
  class space    used 557K, capacity 597K, committed 640K, reserved 1048576K
2024-07-16T17:58:56.590+0800: 3.734: [GC (Allocation Failure) 2024-07-16T17:58:56.590+0800: 3.734: [ParNew: 5233K->4K(6144K), 0.0002731 secs] 7451K->2221K(19840K), 0.0003132 secs] [Times: user=0.00 sys=0.00, real=0.00 secs] 
Heap after GC invocations=460 (full 51):
 par new generation   total 6144K, used 4K [0x00000000fec00000, 0x00000000ff2a0000, 0x00000000ff2a0000)
  eden space 5504K,   0% used [0x00000000fec00000, 0x00000000fec00000, 0x00000000ff160000)
  from space 640K,   0% used [0x00000000ff200000, 0x00000000ff201020, 0x00000000ff2a0000)
  to   space 640K,   0% used [0x00000000ff160000, 0x00000000ff160000, 0x00000000ff200000)
 concurrent mark-sweep generation total 13696K, used 2217K [0x00000000ff2a0000, 0x0000000100000000, 0x0000000100000000)
 Metaspace       used 5077K, capacity 5258K, committed 5504K, reserved 1056768K
  class space    used 557K, capacity 597K, committed 640K, reserved 1048576K
}
{Heap before GC invocations=460 (full 51):
 par new generation   total 6144K, used 5233K [0x00000000fec00000, 0x00000000ff2a0000, 0x00000000ff2a0000)
  eden space 5504K,  95% used [0x00000000fec00000, 0x00000000ff11b780, 0x00000000ff160000)
  from space 640K,   0% used [0x00000000ff200000, 0x00000000ff201020, 0x00000000ff2a0000)
  to   space 640K,   0% used [0x00000000ff160000, 0x00000000ff160000, 0x00000000ff200000)
 concurrent mark-sweep generation total 13696K, used 2217K [0x00000000ff2a0000, 0x0000000100000000, 0x0000000100000000)
 Metaspace       used 5077K, capacity 5258K, committed 5504K, reserved 1056768K
  class space    used 557K, capacity 597K, committed 640K, reserved 1048576K
2024-07-16T17:58:56.598+0800: 3.742: [GC (Allocation Failure) 2024-07-16T17:58:56.598+0800: 3.742: [ParNew: 5233K->6K(6144K), 0.0003762 secs] 7451K->3249K(19840K), 0.0004174 secs] [Times: user=0.00 sys=0.00, real=0.00 secs] 
Heap after GC invocations=461 (full 51):
 par new generation   total 6144K, used 6K [0x00000000fec00000, 0x00000000ff2a0000, 0x00000000ff2a0000)
  eden space 5504K,   0% used [0x00000000fec00000, 0x00000000fec00000, 0x00000000ff160000)
  from space 640K,   0% used [0x00000000ff160000, 0x00000000ff161830, 0x00000000ff200000)
  to   space 640K,   0% used [0x00000000ff200000, 0x00000000ff200000, 0x00000000ff2a0000)
 concurrent mark-sweep generation total 13696K, used 3243K [0x00000000ff2a0000, 0x0000000100000000, 0x0000000100000000)
 Metaspace       used 5077K, capacity 5258K, committed 5504K, reserved 1056768K
  class space    used 557K, capacity 597K, committed 640K, reserved 1048576K
}
{Heap before GC invocations=461 (full 51):
 par new generation   total 6144K, used 5235K [0x00000000fec00000, 0x00000000ff2a0000, 0x00000000ff2a0000)
  eden space 5504K,  95% used [0x00000000fec00000, 0x00000000ff11b780, 0x00000000ff160000)
  from space 640K,   0% used [0x00000000ff160000, 0x00000000ff161830, 0x00000000ff200000)
  to   space 640K,   0% used [0x00000000ff200000, 0x00000000ff200000, 0x00000000ff2a0000)
 concurrent mark-sweep generation total 13696K, used 3243K [0x00000000ff2a0000, 0x0000000100000000, 0x0000000100000000)
 Metaspace       used 5077K, capacity 5258K, committed 5504K, reserved 1056768K
  class space    used 557K, capacity 597K, committed 640K, reserved 1048576K
2024-07-16T17:58:56.605+0800: 3.749: [GC (Allocation Failure) 2024-07-16T17:58:56.605+0800: 3.749: [ParNew: 5235K->6K(6144K), 0.0003844 secs] 8479K->4275K(19840K), 0.0004927 secs] [Times: user=0.00 sys=0.00, real=0.00 secs] 
Heap after GC invocations=462 (full 51):
 par new generation   total 6144K, used 6K [0x00000000fec00000, 0x00000000ff2a0000, 0x00000000ff2a0000)
  eden space 5504K,   0% used [0x00000000fec00000, 0x00000000fec00000, 0x00000000ff160000)
  from space 640K,   0% used [0x00000000ff200000, 0x00000000ff201830, 0x00000000ff2a0000)
  to   space 640K,   0% used [0x00000000ff160000, 0x00000000ff160000, 0x00000000ff200000)
 concurrent mark-sweep generation total 13696K, used 4269K [0x00000000ff2a0000, 0x0000000100000000, 0x0000000100000000)
 Metaspace       used 5077K, capacity 5258K, committed 5504K, reserved 1056768K
  class space    used 557K, capacity 597K, committed 640K, reserved 1048576K
}
{Heap before GC invocations=462 (full 51):
 par new generation   total 6144K, used 5235K [0x00000000fec00000, 0x00000000ff2a0000, 0x00000000ff2a0000)
  eden space 5504K,  95% used [0x00000000fec00000, 0x00000000ff11b780, 0x00000000ff160000)
  from space 640K,   0% used [0x00000000ff200000, 0x00000000ff201830, 0x00000000ff2a0000)
  to   space 640K,   0% used [0x00000000ff160000, 0x00000000ff160000, 0x00000000ff200000)
 concurrent mark-sweep generation total 13696K, used 4269K [0x00000000ff2a0000, 0x0000000100000000, 0x0000000100000000)
 Metaspace       used 5077K, capacity 5258K, committed 5504K, reserved 1056768K
  class space    used 557K, capacity 597K, committed 640K, reserved 1048576K
2024-07-16T17:58:56.611+0800: 3.755: [GC (Allocation Failure) 2024-07-16T17:58:56.611+0800: 3.755: [ParNew: 5235K->8K(6144K), 0.0006494 secs] 9505K->5303K(19840K), 0.0006835 secs] [Times: user=0.00 sys=0.02, real=0.00 secs] 
Heap after GC invocations=463 (full 51):
 par new generation   total 6144K, used 8K [0x00000000fec00000, 0x00000000ff2a0000, 0x00000000ff2a0000)
  eden space 5504K,   0% used [0x00000000fec00000, 0x00000000fec00000, 0x00000000ff160000)
  from space 640K,   1% used [0x00000000ff160000, 0x00000000ff162040, 0x00000000ff200000)
  to   space 640K,   0% used [0x00000000ff200000, 0x00000000ff200000, 0x00000000ff2a0000)
 concurrent mark-sweep generation total 13696K, used 5295K [0x00000000ff2a0000, 0x0000000100000000, 0x0000000100000000)
 Metaspace       used 5077K, capacity 5258K, committed 5504K, reserved 1056768K
  class space    used 557K, capacity 597K, committed 640K, reserved 1048576K
}
{Heap before GC invocations=463 (full 51):
 par new generation   total 6144K, used 5237K [0x00000000fec00000, 0x00000000ff2a0000, 0x00000000ff2a0000)
  eden space 5504K,  95% used [0x00000000fec00000, 0x00000000ff11b780, 0x00000000ff160000)
  from space 640K,   1% used [0x00000000ff160000, 0x00000000ff162040, 0x00000000ff200000)
  to   space 640K,   0% used [0x00000000ff200000, 0x00000000ff200000, 0x00000000ff2a0000)
 concurrent mark-sweep generation total 13696K, used 5295K [0x00000000ff2a0000, 0x0000000100000000, 0x0000000100000000)
 Metaspace       used 5077K, capacity 5258K, committed 5504K, reserved 1056768K
  class space    used 557K, capacity 597K, committed 640K, reserved 1048576K
2024-07-16T17:58:56.618+0800: 3.763: [GC (Allocation Failure) 2024-07-16T17:58:56.618+0800: 3.763: [ParNew: 5237K->8K(6144K), 0.0004730 secs] 10533K->6329K(19840K), 0.0005169 secs] [Times: user=0.00 sys=0.00, real=0.00 secs] 
Heap after GC invocations=464 (full 51):
 par new generation   total 6144K, used 8K [0x00000000fec00000, 0x00000000ff2a0000, 0x00000000ff2a0000)
  eden space 5504K,   0% used [0x00000000fec00000, 0x00000000fec00000, 0x00000000ff160000)
  from space 640K,   1% used [0x00000000ff200000, 0x00000000ff202040, 0x00000000ff2a0000)
  to   space 640K,   0% used [0x00000000ff160000, 0x00000000ff160000, 0x00000000ff200000)
 concurrent mark-sweep generation total 13696K, used 6321K [0x00000000ff2a0000, 0x0000000100000000, 0x0000000100000000)
 Metaspace       used 5077K, capacity 5258K, committed 5504K, reserved 1056768K
  class space    used 557K, capacity 597K, committed 640K, reserved 1048576K
}
{Heap before GC invocations=464 (full 51):
 par new generation   total 6144K, used 5237K [0x00000000fec00000, 0x00000000ff2a0000, 0x00000000ff2a0000)
  eden space 5504K,  95% used [0x00000000fec00000, 0x00000000ff11b780, 0x00000000ff160000)
  from space 640K,   1% used [0x00000000ff200000, 0x00000000ff202040, 0x00000000ff2a0000)
  to   space 640K,   0% used [0x00000000ff160000, 0x00000000ff160000, 0x00000000ff200000)
 concurrent mark-sweep generation total 13696K, used 6321K [0x00000000ff2a0000, 0x0000000100000000, 0x0000000100000000)
 Metaspace       used 5077K, capacity 5258K, committed 5504K, reserved 1056768K
  class space    used 557K, capacity 597K, committed 640K, reserved 1048576K
2024-07-16T17:58:56.626+0800: 3.771: [GC (Allocation Failure) 2024-07-16T17:58:56.626+0800: 3.771: [ParNew: 5237K->4K(6144K), 0.0003127 secs] 11559K->6325K(19840K), 0.0003544 secs] [Times: user=0.00 sys=0.00, real=0.00 secs] 
Heap after GC invocations=465 (full 51):
 par new generation   total 6144K, used 4K [0x00000000fec00000, 0x00000000ff2a0000, 0x00000000ff2a0000)
  eden space 5504K,   0% used [0x00000000fec00000, 0x00000000fec00000, 0x00000000ff160000)
  from space 640K,   0% used [0x00000000ff160000, 0x00000000ff161020, 0x00000000ff200000)
  to   space 640K,   0% used [0x00000000ff200000, 0x00000000ff200000, 0x00000000ff2a0000)
 concurrent mark-sweep generation total 13696K, used 6321K [0x00000000ff2a0000, 0x0000000100000000, 0x0000000100000000)
 Metaspace       used 5077K, capacity 5258K, committed 5504K, reserved 1056768K
  class space    used 557K, capacity 597K, committed 640K, reserved 1048576K
}
{Heap before GC invocations=465 (full 51):
 par new generation   total 6144K, used 5233K [0x00000000fec00000, 0x00000000ff2a0000, 0x00000000ff2a0000)
  eden space 5504K,  95% used [0x00000000fec00000, 0x00000000ff11b780, 0x00000000ff160000)
  from space 640K,   0% used [0x00000000ff160000, 0x00000000ff161020, 0x00000000ff200000)
  to   space 640K,   0% used [0x00000000ff200000, 0x00000000ff200000, 0x00000000ff2a0000)
 concurrent mark-sweep generation total 13696K, used 6321K [0x00000000ff2a0000, 0x0000000100000000, 0x0000000100000000)
 Metaspace       used 5077K, capacity 5258K, committed 5504K, reserved 1056768K
  class space    used 557K, capacity 597K, committed 640K, reserved 1048576K
2024-07-16T17:58:56.633+0800: 3.777: [GC (Allocation Failure) 2024-07-16T17:58:56.633+0800: 3.777: [ParNew: 5233K->6K(6144K), 0.0003382 secs] 11555K->7353K(19840K), 0.0003687 secs] [Times: user=0.00 sys=0.00, real=0.00 secs] 
Heap after GC invocations=466 (full 51):
 par new generation   total 6144K, used 6K [0x00000000fec00000, 0x00000000ff2a0000, 0x00000000ff2a0000)
  eden space 5504K,   0% used [0x00000000fec00000, 0x00000000fec00000, 0x00000000ff160000)
  from space 640K,   0% used [0x00000000ff200000, 0x00000000ff201830, 0x00000000ff2a0000)
  to   space 640K,   0% used [0x00000000ff160000, 0x00000000ff160000, 0x00000000ff200000)
 concurrent mark-sweep generation total 13696K, used 7347K [0x00000000ff2a0000, 0x0000000100000000, 0x0000000100000000)
 Metaspace       used 5077K, capacity 5258K, committed 5504K, reserved 1056768K
  class space    used 557K, capacity 597K, committed 640K, reserved 1048576K
}
{Heap before GC invocations=466 (full 51):
 par new generation   total 6144K, used 5235K [0x00000000fec00000, 0x00000000ff2a0000, 0x00000000ff2a0000)
  eden space 5504K,  95% used [0x00000000fec00000, 0x00000000ff11b780, 0x00000000ff160000)
  from space 640K,   0% used [0x00000000ff200000, 0x00000000ff201830, 0x00000000ff2a0000)
  to   space 640K,   0% used [0x00000000ff160000, 0x00000000ff160000, 0x00000000ff200000)
 concurrent mark-sweep generation total 13696K, used 7347K [0x00000000ff2a0000, 0x0000000100000000, 0x0000000100000000)
 Metaspace       used 5077K, capacity 5258K, committed 5504K, reserved 1056768K
  class space    used 557K, capacity 597K, committed 640K, reserved 1048576K
2024-07-16T17:58:56.639+0800: 3.783: [GC (Allocation Failure) 2024-07-16T17:58:56.639+0800: 3.783: [ParNew: 5235K->4K(6144K), 0.0003751 secs] 12583K->8375K(19840K), 0.0004218 secs] [Times: user=0.00 sys=0.00, real=0.00 secs] 
Heap after GC invocations=467 (full 51):
 par new generation   total 6144K, used 4K [0x00000000fec00000, 0x00000000ff2a0000, 0x00000000ff2a0000)
  eden space 5504K,   0% used [0x00000000fec00000, 0x00000000fec00000, 0x00000000ff160000)
  from space 640K,   0% used [0x00000000ff160000, 0x00000000ff161020, 0x00000000ff200000)
  to   space 640K,   0% used [0x00000000ff200000, 0x00000000ff200000, 0x00000000ff2a0000)
 concurrent mark-sweep generation total 13696K, used 8371K [0x00000000ff2a0000, 0x0000000100000000, 0x0000000100000000)
 Metaspace       used 5077K, capacity 5258K, committed 5504K, reserved 1056768K
  class space    used 557K, capacity 597K, committed 640K, reserved 1048576K
}
2024-07-16T17:58:56.639+0800: 3.784: [GC (CMS Initial Mark) [1 CMS-initial-mark: 8371K(13696K)] 9401K(19840K), 0.0001096 secs] [Times: user=0.00 sys=0.00, real=0.00 secs] 
2024-07-16T17:58:56.639+0800: 3.784: [CMS-concurrent-mark-start]
2024-07-16T17:58:56.640+0800: 3.785: [CMS-concurrent-mark: 0.001/0.001 secs] [Times: user=0.00 sys=0.00, real=0.00 secs] 
2024-07-16T17:58:56.641+0800: 3.785: [CMS-concurrent-preclean-start]
2024-07-16T17:58:56.641+0800: 3.785: [CMS-concurrent-preclean: 0.000/0.000 secs] [Times: user=0.00 sys=0.00, real=0.00 secs] 
2024-07-16T17:58:56.641+0800: 3.785: [CMS-concurrent-abortable-preclean-start]
{Heap before GC invocations=467 (full 52):
 par new generation   total 6144K, used 5233K [0x00000000fec00000, 0x00000000ff2a0000, 0x00000000ff2a0000)
  eden space 5504K,  95% used [0x00000000fec00000, 0x00000000ff11b780, 0x00000000ff160000)
  from space 640K,   0% used [0x00000000ff160000, 0x00000000ff161020, 0x00000000ff200000)
  to   space 640K,   0% used [0x00000000ff200000, 0x00000000ff200000, 0x00000000ff2a0000)
 concurrent mark-sweep generation total 13696K, used 8371K [0x00000000ff2a0000, 0x0000000100000000, 0x0000000100000000)
 Metaspace       used 5077K, capacity 5258K, committed 5504K, reserved 1056768K
  class space    used 557K, capacity 597K, committed 640K, reserved 1048576K
2024-07-16T17:58:56.645+0800: 3.789: [GC (Allocation Failure) 2024-07-16T17:58:56.645+0800: 3.789: [ParNew: 5233K->4K(6144K), 0.0004111 secs] 13605K->9399K(19840K), 0.0004534 secs] [Times: user=0.00 sys=0.00, real=0.00 secs] 
Heap after GC invocations=468 (full 52):
 par new generation   total 6144K, used 4K [0x00000000fec00000, 0x00000000ff2a0000, 0x00000000ff2a0000)
  eden space 5504K,   0% used [0x00000000fec00000, 0x00000000fec00000, 0x00000000ff160000)
  from space 640K,   0% used [0x00000000ff200000, 0x00000000ff201020, 0x00000000ff2a0000)
  to   space 640K,   0% used [0x00000000ff160000, 0x00000000ff160000, 0x00000000ff200000)
 concurrent mark-sweep generation total 13696K, used 9395K [0x00000000ff2a0000, 0x0000000100000000, 0x0000000100000000)
 Metaspace       used 5077K, capacity 5258K, committed 5504K, reserved 1056768K
  class space    used 557K, capacity 597K, committed 640K, reserved 1048576K
}
{Heap before GC invocations=468 (full 52):
 par new generation   total 6144K, used 5233K [0x00000000fec00000, 0x00000000ff2a0000, 0x00000000ff2a0000)
  eden space 5504K,  95% used [0x00000000fec00000, 0x00000000ff11b780, 0x00000000ff160000)
  from space 640K,   0% used [0x00000000ff200000, 0x00000000ff201020, 0x00000000ff2a0000)
  to   space 640K,   0% used [0x00000000ff160000, 0x00000000ff160000, 0x00000000ff200000)
 concurrent mark-sweep generation total 13696K, used 9395K [0x00000000ff2a0000, 0x0000000100000000, 0x0000000100000000)
 Metaspace       used 5077K, capacity 5258K, committed 5504K, reserved 1056768K
  class space    used 557K, capacity 597K, committed 640K, reserved 1048576K
2024-07-16T17:58:56.651+0800: 3.795: [GC (Allocation Failure) 2024-07-16T17:58:56.651+0800: 3.795: [ParNew: 5233K->8K(6144K), 0.0003368 secs] 14629K->10427K(19840K), 0.0003689 secs] [Times: user=0.00 sys=0.00, real=0.00 secs] 
Heap after GC invocations=469 (full 52):
 par new generation   total 6144K, used 8K [0x00000000fec00000, 0x00000000ff2a0000, 0x00000000ff2a0000)
  eden space 5504K,   0% used [0x00000000fec00000, 0x00000000fec00000, 0x00000000ff160000)
  from space 640K,   1% used [0x00000000ff160000, 0x00000000ff162040, 0x00000000ff200000)
  to   space 640K,   0% used [0x00000000ff200000, 0x00000000ff200000, 0x00000000ff2a0000)
 concurrent mark-sweep generation total 13696K, used 10419K [0x00000000ff2a0000, 0x0000000100000000, 0x0000000100000000)
 Metaspace       used 5077K, capacity 5258K, committed 5504K, reserved 1056768K
  class space    used 557K, capacity 597K, committed 640K, reserved 1048576K
}
{Heap before GC invocations=469 (full 52):
 par new generation   total 6144K, used 5237K [0x00000000fec00000, 0x00000000ff2a0000, 0x00000000ff2a0000)
  eden space 5504K,  95% used [0x00000000fec00000, 0x00000000ff11b780, 0x00000000ff160000)
  from space 640K,   1% used [0x00000000ff160000, 0x00000000ff162040, 0x00000000ff200000)
  to   space 640K,   0% used [0x00000000ff200000, 0x00000000ff200000, 0x00000000ff2a0000)
 concurrent mark-sweep generation total 13696K, used 10419K [0x00000000ff2a0000, 0x0000000100000000, 0x0000000100000000)
 Metaspace       used 5077K, capacity 5258K, committed 5504K, reserved 1056768K
  class space    used 557K, capacity 597K, committed 640K, reserved 1048576K
2024-07-16T17:58:56.656+0800: 3.801: [GC (Allocation Failure) 2024-07-16T17:58:56.656+0800: 3.801: [ParNew: 5237K->6K(6144K), 0.0003992 secs] 15657K->11449K(19840K), 0.0004398 secs] [Times: user=0.00 sys=0.00, real=0.00 secs] 
Heap after GC invocations=470 (full 52):
 par new generation   total 6144K, used 6K [0x00000000fec00000, 0x00000000ff2a0000, 0x00000000ff2a0000)
  eden space 5504K,   0% used [0x00000000fec00000, 0x00000000fec00000, 0x00000000ff160000)
  from space 640K,   0% used [0x00000000ff200000, 0x00000000ff201830, 0x00000000ff2a0000)
  to   space 640K,   0% used [0x00000000ff160000, 0x00000000ff160000, 0x00000000ff200000)
 concurrent mark-sweep generation total 13696K, used 11443K [0x00000000ff2a0000, 0x0000000100000000, 0x0000000100000000)
 Metaspace       used 5077K, capacity 5258K, committed 5504K, reserved 1056768K
  class space    used 557K, capacity 597K, committed 640K, reserved 1048576K
}
{Heap before GC invocations=470 (full 52):
 par new generation   total 6144K, used 5235K [0x00000000fec00000, 0x00000000ff2a0000, 0x00000000ff2a0000)
  eden space 5504K,  95% used [0x00000000fec00000, 0x00000000ff11b780, 0x00000000ff160000)
  from space 640K,   0% used [0x00000000ff200000, 0x00000000ff201830, 0x00000000ff2a0000)
  to   space 640K,   0% used [0x00000000ff160000, 0x00000000ff160000, 0x00000000ff200000)
 concurrent mark-sweep generation total 13696K, used 11443K [0x00000000ff2a0000, 0x0000000100000000, 0x0000000100000000)
 Metaspace       used 5077K, capacity 5258K, committed 5504K, reserved 1056768K
  class space    used 557K, capacity 597K, committed 640K, reserved 1048576K
2024-07-16T17:58:56.663+0800: 3.807: [GC (Allocation Failure) 2024-07-16T17:58:56.663+0800: 3.807: [ParNew: 5235K->8K(6144K), 0.0003698 secs] 16679K->12475K(19840K), 0.0004140 secs] [Times: user=0.00 sys=0.00, real=0.00 secs] 
Heap after GC invocations=471 (full 52):
 par new generation   total 6144K, used 8K [0x00000000fec00000, 0x00000000ff2a0000, 0x00000000ff2a0000)
  eden space 5504K,   0% used [0x00000000fec00000, 0x00000000fec00000, 0x00000000ff160000)
  from space 640K,   1% used [0x00000000ff160000, 0x00000000ff162040, 0x00000000ff200000)
  to   space 640K,   0% used [0x00000000ff200000, 0x00000000ff200000, 0x00000000ff2a0000)
 concurrent mark-sweep generation total 13696K, used 12467K [0x00000000ff2a0000, 0x0000000100000000, 0x0000000100000000)
 Metaspace       used 5077K, capacity 5258K, committed 5504K, reserved 1056768K
  class space    used 557K, capacity 597K, committed 640K, reserved 1048576K
}
{Heap before GC invocations=471 (full 52):
 par new generation   total 6144K, used 5237K [0x00000000fec00000, 0x00000000ff2a0000, 0x00000000ff2a0000)
  eden space 5504K,  95% used [0x00000000fec00000, 0x00000000ff11b780, 0x00000000ff160000)
  from space 640K,   1% used [0x00000000ff160000, 0x00000000ff162040, 0x00000000ff200000)
  to   space 640K,   0% used [0x00000000ff200000, 0x00000000ff200000, 0x00000000ff2a0000)
 concurrent mark-sweep generation total 13696K, used 12467K [0x00000000ff2a0000, 0x0000000100000000, 0x0000000100000000)
 Metaspace       used 5077K, capacity 5258K, committed 5504K, reserved 1056768K
  class space    used 557K, capacity 597K, committed 640K, reserved 1048576K
2024-07-16T17:58:56.668+0800: 3.813: [GC (Allocation Failure) 2024-07-16T17:58:56.668+0800: 3.813: [ParNew: 5237K->4K(6144K), 0.0003797 secs] 17705K->13497K(19840K), 0.0004115 secs] [Times: user=0.00 sys=0.00, real=0.00 secs] 
Heap after GC invocations=472 (full 52):
 par new generation   total 6144K, used 4K [0x00000000fec00000, 0x00000000ff2a0000, 0x00000000ff2a0000)
  eden space 5504K,   0% used [0x00000000fec00000, 0x00000000fec00000, 0x00000000ff160000)
  from space 640K,   0% used [0x00000000ff200000, 0x00000000ff201020, 0x00000000ff2a0000)
  to   space 640K,   0% used [0x00000000ff160000, 0x00000000ff160000, 0x00000000ff200000)
 concurrent mark-sweep generation total 13696K, used 13493K [0x00000000ff2a0000, 0x0000000100000000, 0x0000000100000000)
 Metaspace       used 5077K, capacity 5258K, committed 5504K, reserved 1056768K
  class space    used 557K, capacity 597K, committed 640K, reserved 1048576K
}
2024-07-16T17:58:56.668+0800: 3.813: [CMS-concurrent-abortable-preclean: 0.000/0.028 secs] [Times: user=0.00 sys=0.00, real=0.03 secs] 
2024-07-16T17:58:56.669+0800: 3.813: [GC (CMS Final Remark) [YG occupancy: 1028 K (6144 K)]2024-07-16T17:58:56.669+0800: 3.813: [Rescan (parallel) , 0.0002558 secs]2024-07-16T17:58:56.669+0800: 3.814: [weak refs processing, 0.0000104 secs]2024-07-16T17:58:56.669+0800: 3.814: [class unloading, 0.0003338 secs]2024-07-16T17:58:56.669+0800: 3.814: [scrub symbol table, 0.0003252 secs]2024-07-16T17:58:56.669+0800: 3.814: [scrub string table, 0.0000981 secs][1 CMS-remark: 13493K(13696K)] 14521K(19840K), 0.0010686 secs] [Times: user=0.00 sys=0.00, real=0.00 secs] 
2024-07-16T17:58:56.670+0800: 3.815: [CMS-concurrent-sweep-start]
2024-07-16T17:58:56.670+0800: 3.815: [CMS-concurrent-sweep: 0.000/0.000 secs] [Times: user=0.00 sys=0.00, real=0.00 secs] 
2024-07-16T17:58:56.670+0800: 3.815: [CMS-concurrent-reset-start]
2024-07-16T17:58:56.670+0800: 3.815: [CMS-concurrent-reset: 0.000/0.000 secs] [Times: user=0.00 sys=0.00, real=0.00 secs] 
{Heap before GC invocations=472 (full 52):
 par new generation   total 6144K, used 5233K [0x00000000fec00000, 0x00000000ff2a0000, 0x00000000ff2a0000)
  eden space 5504K,  95% used [0x00000000fec00000, 0x00000000ff11b780, 0x00000000ff160000)
  from space 640K,   0% used [0x00000000ff200000, 0x00000000ff201020, 0x00000000ff2a0000)
  to   space 640K,   0% used [0x00000000ff160000, 0x00000000ff160000, 0x00000000ff200000)
 concurrent mark-sweep generation total 13696K, used 6325K [0x00000000ff2a0000, 0x0000000100000000, 0x0000000100000000)
 Metaspace       used 5077K, capacity 5258K, committed 5504K, reserved 1056768K
  class space    used 557K, capacity 597K, committed 640K, reserved 1048576K
2024-07-16T17:58:56.675+0800: 3.820: [GC (Allocation Failure) 2024-07-16T17:58:56.675+0800: 3.820: [ParNew: 5233K->8K(6144K), 0.0004703 secs] 11559K->7357K(19840K), 0.0005238 secs] [Times: user=0.00 sys=0.00, real=0.00 secs] 
Heap after GC invocations=473 (full 52):
 par new generation   total 6144K, used 8K [0x00000000fec00000, 0x00000000ff2a0000, 0x00000000ff2a0000)
  eden space 5504K,   0% used [0x00000000fec00000, 0x00000000fec00000, 0x00000000ff160000)
  from space 640K,   1% used [0x00000000ff160000, 0x00000000ff162040, 0x00000000ff200000)
  to   space 640K,   0% used [0x00000000ff200000, 0x00000000ff200000, 0x00000000ff2a0000)
 concurrent mark-sweep generation total 13696K, used 7349K [0x00000000ff2a0000, 0x0000000100000000, 0x0000000100000000)
 Metaspace       used 5077K, capacity 5258K, committed 5504K, reserved 1056768K
  class space    used 557K, capacity 597K, committed 640K, reserved 1048576K
}
{Heap before GC invocations=473 (full 52):
 par new generation   total 6144K, used 5237K [0x00000000fec00000, 0x00000000ff2a0000, 0x00000000ff2a0000)
  eden space 5504K,  95% used [0x00000000fec00000, 0x00000000ff11b780, 0x00000000ff160000)
  from space 640K,   1% used [0x00000000ff160000, 0x00000000ff162040, 0x00000000ff200000)
  to   space 640K,   0% used [0x00000000ff200000, 0x00000000ff200000, 0x00000000ff2a0000)
 concurrent mark-sweep generation total 13696K, used 7349K [0x00000000ff2a0000, 0x0000000100000000, 0x0000000100000000)
 Metaspace       used 5077K, capacity 5258K, committed 5504K, reserved 1056768K
  class space    used 557K, capacity 597K, committed 640K, reserved 1048576K
2024-07-16T17:58:56.681+0800: 3.825: [GC (Allocation Failure) 2024-07-16T17:58:56.681+0800: 3.826: [ParNew: 5237K->8K(6144K), 0.0004080 secs] 12587K->8381K(19840K), 0.0004470 secs] [Times: user=0.00 sys=0.00, real=0.00 secs] 
Heap after GC invocations=474 (full 52):
 par new generation   total 6144K, used 8K [0x00000000fec00000, 0x00000000ff2a0000, 0x00000000ff2a0000)
  eden space 5504K,   0% used [0x00000000fec00000, 0x00000000fec00000, 0x00000000ff160000)
  from space 640K,   1% used [0x00000000ff200000, 0x00000000ff202040, 0x00000000ff2a0000)
  to   space 640K,   0% used [0x00000000ff160000, 0x00000000ff160000, 0x00000000ff200000)
 concurrent mark-sweep generation total 13696K, used 8373K [0x00000000ff2a0000, 0x0000000100000000, 0x0000000100000000)
 Metaspace       used 5077K, capacity 5258K, committed 5504K, reserved 1056768K
  class space    used 557K, capacity 597K, committed 640K, reserved 1048576K
}
2024-07-16T17:58:56.681+0800: 3.826: [GC (CMS Initial Mark) [1 CMS-initial-mark: 8373K(13696K)] 9407K(19840K), 0.0001523 secs] [Times: user=0.00 sys=0.00, real=0.00 secs] 
2024-07-16T17:58:56.681+0800: 3.826: [CMS-concurrent-mark-start]
2024-07-16T17:58:56.683+0800: 3.828: [CMS-concurrent-mark: 0.002/0.002 secs] [Times: user=0.00 sys=0.00, real=0.00 secs] 
2024-07-16T17:58:56.683+0800: 3.828: [CMS-concurrent-preclean-start]
2024-07-16T17:58:56.683+0800: 3.828: [CMS-concurrent-preclean: 0.000/0.000 secs] [Times: user=0.00 sys=0.00, real=0.00 secs] 
2024-07-16T17:58:56.684+0800: 3.828: [CMS-concurrent-abortable-preclean-start]
{Heap before GC invocations=474 (full 53):
 par new generation   total 6144K, used 5237K [0x00000000fec00000, 0x00000000ff2a0000, 0x00000000ff2a0000)
  eden space 5504K,  95% used [0x00000000fec00000, 0x00000000ff11b780, 0x00000000ff160000)
  from space 640K,   1% used [0x00000000ff200000, 0x00000000ff202040, 0x00000000ff2a0000)
  to   space 640K,   0% used [0x00000000ff160000, 0x00000000ff160000, 0x00000000ff200000)
 concurrent mark-sweep generation total 13696K, used 8373K [0x00000000ff2a0000, 0x0000000100000000, 0x0000000100000000)
 Metaspace       used 5077K, capacity 5258K, committed 5504K, reserved 1056768K
  class space    used 557K, capacity 597K, committed 640K, reserved 1048576K
2024-07-16T17:58:56.687+0800: 3.831: [GC (Allocation Failure) 2024-07-16T17:58:56.687+0800: 3.831: [ParNew: 5237K->8K(6144K), 0.0003612 secs] 13611K->9407K(19840K), 0.0003986 secs] [Times: user=0.00 sys=0.00, real=0.00 secs] 
Heap after GC invocations=475 (full 53):
 par new generation   total 6144K, used 8K [0x00000000fec00000, 0x00000000ff2a0000, 0x00000000ff2a0000)
  eden space 5504K,   0% used [0x00000000fec00000, 0x00000000fec00000, 0x00000000ff160000)
  from space 640K,   1% used [0x00000000ff160000, 0x00000000ff162040, 0x00000000ff200000)
  to   space 640K,   0% used [0x00000000ff200000, 0x00000000ff200000, 0x00000000ff2a0000)
 concurrent mark-sweep generation total 13696K, used 9399K [0x00000000ff2a0000, 0x0000000100000000, 0x0000000100000000)
 Metaspace       used 5077K, capacity 5258K, committed 5504K, reserved 1056768K
  class space    used 557K, capacity 597K, committed 640K, reserved 1048576K
}
{Heap before GC invocations=475 (full 53):
 par new generation   total 6144K, used 5237K [0x00000000fec00000, 0x00000000ff2a0000, 0x00000000ff2a0000)
  eden space 5504K,  95% used [0x00000000fec00000, 0x00000000ff11b780, 0x00000000ff160000)
  from space 640K,   1% used [0x00000000ff160000, 0x00000000ff162040, 0x00000000ff200000)
  to   space 640K,   0% used [0x00000000ff200000, 0x00000000ff200000, 0x00000000ff2a0000)
 concurrent mark-sweep generation total 13696K, used 9399K [0x00000000ff2a0000, 0x0000000100000000, 0x0000000100000000)
 Metaspace       used 5077K, capacity 5258K, committed 5504K, reserved 1056768K
  class space    used 557K, capacity 597K, committed 640K, reserved 1048576K
2024-07-16T17:58:56.694+0800: 3.838: [GC (Allocation Failure) 2024-07-16T17:58:56.694+0800: 3.838: [ParNew: 5237K->4K(6144K), 0.0002897 secs] 14637K->9403K(19840K), 0.0003218 secs] [Times: user=0.00 sys=0.00, real=0.00 secs] 
Heap after GC invocations=476 (full 53):
 par new generation   total 6144K, used 4K [0x00000000fec00000, 0x00000000ff2a0000, 0x00000000ff2a0000)
  eden space 5504K,   0% used [0x00000000fec00000, 0x00000000fec00000, 0x00000000ff160000)
  from space 640K,   0% used [0x00000000ff200000, 0x00000000ff201020, 0x00000000ff2a0000)
  to   space 640K,   0% used [0x00000000ff160000, 0x00000000ff160000, 0x00000000ff200000)
 concurrent mark-sweep generation total 13696K, used 9399K [0x00000000ff2a0000, 0x0000000100000000, 0x0000000100000000)
 Metaspace       used 5077K, capacity 5258K, committed 5504K, reserved 1056768K
  class space    used 557K, capacity 597K, committed 640K, reserved 1048576K
}
{Heap before GC invocations=476 (full 53):
 par new generation   total 6144K, used 5233K [0x00000000fec00000, 0x00000000ff2a0000, 0x00000000ff2a0000)
  eden space 5504K,  95% used [0x00000000fec00000, 0x00000000ff11b780, 0x00000000ff160000)
  from space 640K,   0% used [0x00000000ff200000, 0x00000000ff201020, 0x00000000ff2a0000)
  to   space 640K,   0% used [0x00000000ff160000, 0x00000000ff160000, 0x00000000ff200000)
 concurrent mark-sweep generation total 13696K, used 9399K [0x00000000ff2a0000, 0x0000000100000000, 0x0000000100000000)
 Metaspace       used 5077K, capacity 5258K, committed 5504K, reserved 1056768K
  class space    used 557K, capacity 597K, committed 640K, reserved 1048576K
2024-07-16T17:58:56.699+0800: 3.844: [GC (Allocation Failure) 2024-07-16T17:58:56.699+0800: 3.844: [ParNew: 5233K->6K(6144K), 0.0003814 secs] 14633K->10429K(19840K), 0.0004101 secs] [Times: user=0.00 sys=0.00, real=0.00 secs] 
Heap after GC invocations=477 (full 53):
 par new generation   total 6144K, used 6K [0x00000000fec00000, 0x00000000ff2a0000, 0x00000000ff2a0000)
  eden space 5504K,   0% used [0x00000000fec00000, 0x00000000fec00000, 0x00000000ff160000)
  from space 640K,   0% used [0x00000000ff160000, 0x00000000ff161830, 0x00000000ff200000)
  to   space 640K,   0% used [0x00000000ff200000, 0x00000000ff200000, 0x00000000ff2a0000)
 concurrent mark-sweep generation total 13696K, used 10423K [0x00000000ff2a0000, 0x0000000100000000, 0x0000000100000000)
 Metaspace       used 5077K, capacity 5258K, committed 5504K, reserved 1056768K
  class space    used 557K, capacity 597K, committed 640K, reserved 1048576K
}
{Heap before GC invocations=477 (full 53):
 par new generation   total 6144K, used 5235K [0x00000000fec00000, 0x00000000ff2a0000, 0x00000000ff2a0000)
  eden space 5504K,  95% used [0x00000000fec00000, 0x00000000ff11b780, 0x00000000ff160000)
  from space 640K,   0% used [0x00000000ff160000, 0x00000000ff161830, 0x00000000ff200000)
  to   space 640K,   0% used [0x00000000ff200000, 0x00000000ff200000, 0x00000000ff2a0000)
 concurrent mark-sweep generation total 13696K, used 10423K [0x00000000ff2a0000, 0x0000000100000000, 0x0000000100000000)
 Metaspace       used 5077K, capacity 5258K, committed 5504K, reserved 1056768K
  class space    used 557K, capacity 597K, committed 640K, reserved 1048576K
2024-07-16T17:58:56.705+0800: 3.850: [GC (Allocation Failure) 2024-07-16T17:58:56.705+0800: 3.850: [ParNew: 5235K->6K(6144K), 0.0004083 secs] 15659K->11453K(19840K), 0.0004530 secs] [Times: user=0.02 sys=0.00, real=0.00 secs] 
Heap after GC invocations=478 (full 53):
 par new generation   total 6144K, used 6K [0x00000000fec00000, 0x00000000ff2a0000, 0x00000000ff2a0000)
  eden space 5504K,   0% used [0x00000000fec00000, 0x00000000fec00000, 0x00000000ff160000)
  from space 640K,   0% used [0x00000000ff200000, 0x00000000ff201830, 0x00000000ff2a0000)
  to   space 640K,   0% used [0x00000000ff160000, 0x00000000ff160000, 0x00000000ff200000)
 concurrent mark-sweep generation total 13696K, used 11447K [0x00000000ff2a0000, 0x0000000100000000, 0x0000000100000000)
 Metaspace       used 5077K, capacity 5258K, committed 5504K, reserved 1056768K
  class space    used 557K, capacity 597K, committed 640K, reserved 1048576K
}
{Heap before GC invocations=478 (full 53):
 par new generation   total 6144K, used 5235K [0x00000000fec00000, 0x00000000ff2a0000, 0x00000000ff2a0000)
  eden space 5504K,  95% used [0x00000000fec00000, 0x00000000ff11b780, 0x00000000ff160000)
  from space 640K,   0% used [0x00000000ff200000, 0x00000000ff201830, 0x00000000ff2a0000)
  to   space 640K,   0% used [0x00000000ff160000, 0x00000000ff160000, 0x00000000ff200000)
 concurrent mark-sweep generation total 13696K, used 11447K [0x00000000ff2a0000, 0x0000000100000000, 0x0000000100000000)
 Metaspace       used 5077K, capacity 5258K, committed 5504K, reserved 1056768K
  class space    used 557K, capacity 597K, committed 640K, reserved 1048576K
2024-07-16T17:58:56.711+0800: 3.855: [GC (Allocation Failure) 2024-07-16T17:58:56.711+0800: 3.855: [ParNew: 5235K->6K(6144K), 0.0003948 secs] 16683K->12477K(19840K), 0.0004407 secs] [Times: user=0.00 sys=0.00, real=0.00 secs] 
Heap after GC invocations=479 (full 53):
 par new generation   total 6144K, used 6K [0x00000000fec00000, 0x00000000ff2a0000, 0x00000000ff2a0000)
  eden space 5504K,   0% used [0x00000000fec00000, 0x00000000fec00000, 0x00000000ff160000)
  from space 640K,   0% used [0x00000000ff160000, 0x00000000ff161830, 0x00000000ff200000)
  to   space 640K,   0% used [0x00000000ff200000, 0x00000000ff200000, 0x00000000ff2a0000)
 concurrent mark-sweep generation total 13696K, used 12471K [0x00000000ff2a0000, 0x0000000100000000, 0x0000000100000000)
 Metaspace       used 5077K, capacity 5258K, committed 5504K, reserved 1056768K
  class space    used 557K, capacity 597K, committed 640K, reserved 1048576K
}
{Heap before GC invocations=479 (full 53):
 par new generation   total 6144K, used 5235K [0x00000000fec00000, 0x00000000ff2a0000, 0x00000000ff2a0000)
  eden space 5504K,  95% used [0x00000000fec00000, 0x00000000ff11b780, 0x00000000ff160000)
  from space 640K,   0% used [0x00000000ff160000, 0x00000000ff161830, 0x00000000ff200000)
  to   space 640K,   0% used [0x00000000ff200000, 0x00000000ff200000, 0x00000000ff2a0000)
 concurrent mark-sweep generation total 13696K, used 12471K [0x00000000ff2a0000, 0x0000000100000000, 0x0000000100000000)
 Metaspace       used 5077K, capacity 5258K, committed 5504K, reserved 1056768K
  class space    used 557K, capacity 597K, committed 640K, reserved 1048576K
2024-07-16T17:58:56.716+0800: 3.861: [GC (Allocation Failure) 2024-07-16T17:58:56.716+0800: 3.861: [ParNew: 5235K->5235K(6144K), 0.0000107 secs]2024-07-16T17:58:56.716+0800: 3.861: [CMS2024-07-16T17:58:56.716+0800: 3.861: [CMS-concurrent-abortable-preclean: 0.000/0.033 secs] [Times: user=0.02 sys=0.00, real=0.03 secs] 
 (concurrent mode failure): 12471K->2215K(13696K), 0.0023205 secs] 17707K->2215K(19840K), [Metaspace: 5077K->5077K(1056768K)], 0.0023770 secs] [Times: user=0.00 sys=0.00, real=0.00 secs] 
Heap after GC invocations=480 (full 54):
 par new generation   total 6144K, used 0K [0x00000000fec00000, 0x00000000ff2a0000, 0x00000000ff2a0000)
  eden space 5504K,   0% used [0x00000000fec00000, 0x00000000fec00000, 0x00000000ff160000)
  from space 640K,   0% used [0x00000000ff160000, 0x00000000ff160000, 0x00000000ff200000)
  to   space 640K,   0% used [0x00000000ff200000, 0x00000000ff200000, 0x00000000ff2a0000)
 concurrent mark-sweep generation total 13696K, used 2215K [0x00000000ff2a0000, 0x0000000100000000, 0x0000000100000000)
 Metaspace       used 5077K, capacity 5258K, committed 5504K, reserved 1056768K
  class space    used 557K, capacity 597K, committed 640K, reserved 1048576K
}
{Heap before GC invocations=480 (full 54):
 par new generation   total 6144K, used 5229K [0x00000000fec00000, 0x00000000ff2a0000, 0x00000000ff2a0000)
  eden space 5504K,  95% used [0x00000000fec00000, 0x00000000ff11b780, 0x00000000ff160000)
  from space 640K,   0% used [0x00000000ff160000, 0x00000000ff160000, 0x00000000ff200000)
  to   space 640K,   0% used [0x00000000ff200000, 0x00000000ff200000, 0x00000000ff2a0000)
 concurrent mark-sweep generation total 13696K, used 2215K [0x00000000ff2a0000, 0x0000000100000000, 0x0000000100000000)
 Metaspace       used 5077K, capacity 5258K, committed 5504K, reserved 1056768K
  class space    used 557K, capacity 597K, committed 640K, reserved 1048576K
2024-07-16T17:58:56.724+0800: 3.869: [GC (Allocation Failure) 2024-07-16T17:58:56.724+0800: 3.869: [ParNew: 5229K->4K(6144K), 0.0003346 secs] 7445K->2219K(19840K), 0.0003764 secs] [Times: user=0.00 sys=0.00, real=0.00 secs] 
Heap after GC invocations=481 (full 54):
 par new generation   total 6144K, used 4K [0x00000000fec00000, 0x00000000ff2a0000, 0x00000000ff2a0000)
  eden space 5504K,   0% used [0x00000000fec00000, 0x00000000fec00000, 0x00000000ff160000)
  from space 640K,   0% used [0x00000000ff200000, 0x00000000ff201020, 0x00000000ff2a0000)
  to   space 640K,   0% used [0x00000000ff160000, 0x00000000ff160000, 0x00000000ff200000)
 concurrent mark-sweep generation total 13696K, used 2215K [0x00000000ff2a0000, 0x0000000100000000, 0x0000000100000000)
 Metaspace       used 5077K, capacity 5258K, committed 5504K, reserved 1056768K
  class space    used 557K, capacity 597K, committed 640K, reserved 1048576K
}
{Heap before GC invocations=481 (full 54):
 par new generation   total 6144K, used 5233K [0x00000000fec00000, 0x00000000ff2a0000, 0x00000000ff2a0000)
  eden space 5504K,  95% used [0x00000000fec00000, 0x00000000ff11b780, 0x00000000ff160000)
  from space 640K,   0% used [0x00000000ff200000, 0x00000000ff201020, 0x00000000ff2a0000)
  to   space 640K,   0% used [0x00000000ff160000, 0x00000000ff160000, 0x00000000ff200000)
 concurrent mark-sweep generation total 13696K, used 2215K [0x00000000ff2a0000, 0x0000000100000000, 0x0000000100000000)
 Metaspace       used 5077K, capacity 5258K, committed 5504K, reserved 1056768K
  class space    used 557K, capacity 597K, committed 640K, reserved 1048576K
2024-07-16T17:58:56.733+0800: 3.878: [GC (Allocation Failure) 2024-07-16T17:58:56.733+0800: 3.878: [ParNew: 5233K->4K(6144K), 0.0004144 secs] 7449K->2219K(19840K), 0.0004560 secs] [Times: user=0.00 sys=0.00, real=0.00 secs] 
Heap after GC invocations=482 (full 54):
 par new generation   total 6144K, used 4K [0x00000000fec00000, 0x00000000ff2a0000, 0x00000000ff2a0000)
  eden space 5504K,   0% used [0x00000000fec00000, 0x00000000fec00000, 0x00000000ff160000)
  from space 640K,   0% used [0x00000000ff160000, 0x00000000ff161020, 0x00000000ff200000)
  to   space 640K,   0% used [0x00000000ff200000, 0x00000000ff200000, 0x00000000ff2a0000)
 concurrent mark-sweep generation total 13696K, used 2215K [0x00000000ff2a0000, 0x0000000100000000, 0x0000000100000000)
 Metaspace       used 5077K, capacity 5258K, committed 5504K, reserved 1056768K
  class space    used 557K, capacity 597K, committed 640K, reserved 1048576K
}
{Heap before GC invocations=482 (full 54):
 par new generation   total 6144K, used 5233K [0x00000000fec00000, 0x00000000ff2a0000, 0x00000000ff2a0000)
  eden space 5504K,  95% used [0x00000000fec00000, 0x00000000ff11b780, 0x00000000ff160000)
  from space 640K,   0% used [0x00000000ff160000, 0x00000000ff161020, 0x00000000ff200000)
  to   space 640K,   0% used [0x00000000ff200000, 0x00000000ff200000, 0x00000000ff2a0000)
 concurrent mark-sweep generation total 13696K, used 2215K [0x00000000ff2a0000, 0x0000000100000000, 0x0000000100000000)
 Metaspace       used 5077K, capacity 5258K, committed 5504K, reserved 1056768K
  class space    used 557K, capacity 597K, committed 640K, reserved 1048576K
2024-07-16T17:58:56.739+0800: 3.884: [GC (Allocation Failure) 2024-07-16T17:58:56.739+0800: 3.884: [ParNew: 5233K->4K(6144K), 0.0004446 secs] 7449K->3245K(19840K), 0.0004962 secs] [Times: user=0.00 sys=0.00, real=0.00 secs] 
Heap after GC invocations=483 (full 54):
 par new generation   total 6144K, used 4K [0x00000000fec00000, 0x00000000ff2a0000, 0x00000000ff2a0000)
  eden space 5504K,   0% used [0x00000000fec00000, 0x00000000fec00000, 0x00000000ff160000)
  from space 640K,   0% used [0x00000000ff200000, 0x00000000ff201020, 0x00000000ff2a0000)
  to   space 640K,   0% used [0x00000000ff160000, 0x00000000ff160000, 0x00000000ff200000)
 concurrent mark-sweep generation total 13696K, used 3241K [0x00000000ff2a0000, 0x0000000100000000, 0x0000000100000000)
 Metaspace       used 5077K, capacity 5258K, committed 5504K, reserved 1056768K
  class space    used 557K, capacity 597K, committed 640K, reserved 1048576K
}
{Heap before GC invocations=483 (full 54):
 par new generation   total 6144K, used 5233K [0x00000000fec00000, 0x00000000ff2a0000, 0x00000000ff2a0000)
  eden space 5504K,  95% used [0x00000000fec00000, 0x00000000ff11b780, 0x00000000ff160000)
  from space 640K,   0% used [0x00000000ff200000, 0x00000000ff201020, 0x00000000ff2a0000)
  to   space 640K,   0% used [0x00000000ff160000, 0x00000000ff160000, 0x00000000ff200000)
 concurrent mark-sweep generation total 13696K, used 3241K [0x00000000ff2a0000, 0x0000000100000000, 0x0000000100000000)
 Metaspace       used 5077K, capacity 5258K, committed 5504K, reserved 1056768K
  class space    used 557K, capacity 597K, committed 640K, reserved 1048576K
2024-07-16T17:58:56.746+0800: 3.891: [GC (Allocation Failure) 2024-07-16T17:58:56.746+0800: 3.891: [ParNew: 5233K->6K(6144K), 0.0004198 secs] 8475K->4273K(19840K), 0.0004752 secs] [Times: user=0.00 sys=0.00, real=0.00 secs] 
Heap after GC invocations=484 (full 54):
 par new generation   total 6144K, used 6K [0x00000000fec00000, 0x00000000ff2a0000, 0x00000000ff2a0000)
  eden space 5504K,   0% used [0x00000000fec00000, 0x00000000fec00000, 0x00000000ff160000)
  from space 640K,   0% used [0x00000000ff160000, 0x00000000ff161830, 0x00000000ff200000)
  to   space 640K,   0% used [0x00000000ff200000, 0x00000000ff200000, 0x00000000ff2a0000)
 concurrent mark-sweep generation total 13696K, used 4267K [0x00000000ff2a0000, 0x0000000100000000, 0x0000000100000000)
 Metaspace       used 5077K, capacity 5258K, committed 5504K, reserved 1056768K
  class space    used 557K, capacity 597K, committed 640K, reserved 1048576K
}
{Heap before GC invocations=484 (full 54):
 par new generation   total 6144K, used 5235K [0x00000000fec00000, 0x00000000ff2a0000, 0x00000000ff2a0000)
  eden space 5504K,  95% used [0x00000000fec00000, 0x00000000ff11b780, 0x00000000ff160000)
  from space 640K,   0% used [0x00000000ff160000, 0x00000000ff161830, 0x00000000ff200000)
  to   space 640K,   0% used [0x00000000ff200000, 0x00000000ff200000, 0x00000000ff2a0000)
 concurrent mark-sweep generation total 13696K, used 4267K [0x00000000ff2a0000, 0x0000000100000000, 0x0000000100000000)
 Metaspace       used 5077K, capacity 5258K, committed 5504K, reserved 1056768K
  class space    used 557K, capacity 597K, committed 640K, reserved 1048576K
2024-07-16T17:58:56.753+0800: 3.898: [GC (Allocation Failure) 2024-07-16T17:58:56.753+0800: 3.898: [ParNew: 5235K->4K(6144K), 0.0002438 secs] 9503K->4271K(19840K), 0.0002746 secs] [Times: user=0.00 sys=0.00, real=0.00 secs] 
Heap after GC invocations=485 (full 54):
 par new generation   total 6144K, used 4K [0x00000000fec00000, 0x00000000ff2a0000, 0x00000000ff2a0000)
  eden space 5504K,   0% used [0x00000000fec00000, 0x00000000fec00000, 0x00000000ff160000)
  from space 640K,   0% used [0x00000000ff200000, 0x00000000ff201020, 0x00000000ff2a0000)
  to   space 640K,   0% used [0x00000000ff160000, 0x00000000ff160000, 0x00000000ff200000)
 concurrent mark-sweep generation total 13696K, used 4267K [0x00000000ff2a0000, 0x0000000100000000, 0x0000000100000000)
 Metaspace       used 5077K, capacity 5258K, committed 5504K, reserved 1056768K
  class space    used 557K, capacity 597K, committed 640K, reserved 1048576K
}
{Heap before GC invocations=485 (full 54):
 par new generation   total 6144K, used 5233K [0x00000000fec00000, 0x00000000ff2a0000, 0x00000000ff2a0000)
  eden space 5504K,  95% used [0x00000000fec00000, 0x00000000ff11b780, 0x00000000ff160000)
  from space 640K,   0% used [0x00000000ff200000, 0x00000000ff201020, 0x00000000ff2a0000)
  to   space 640K,   0% used [0x00000000ff160000, 0x00000000ff160000, 0x00000000ff200000)
 concurrent mark-sweep generation total 13696K, used 4267K [0x00000000ff2a0000, 0x0000000100000000, 0x0000000100000000)
 Metaspace       used 5077K, capacity 5258K, committed 5504K, reserved 1056768K
  class space    used 557K, capacity 597K, committed 640K, reserved 1048576K
2024-07-16T17:58:56.759+0800: 3.904: [GC (Allocation Failure) 2024-07-16T17:58:56.759+0800: 3.904: [ParNew: 5233K->4K(6144K), 0.0009570 secs] 9501K->5297K(19840K), 0.0010437 secs] [Times: user=0.00 sys=0.00, real=0.00 secs] 
Heap after GC invocations=486 (full 54):
 par new generation   total 6144K, used 4K [0x00000000fec00000, 0x00000000ff2a0000, 0x00000000ff2a0000)
  eden space 5504K,   0% used [0x00000000fec00000, 0x00000000fec00000, 0x00000000ff160000)
  from space 640K,   0% used [0x00000000ff160000, 0x00000000ff161020, 0x00000000ff200000)
  to   space 640K,   0% used [0x00000000ff200000, 0x00000000ff200000, 0x00000000ff2a0000)
 concurrent mark-sweep generation total 13696K, used 5293K [0x00000000ff2a0000, 0x0000000100000000, 0x0000000100000000)
 Metaspace       used 5077K, capacity 5258K, committed 5504K, reserved 1056768K
  class space    used 557K, capacity 597K, committed 640K, reserved 1048576K
}
{Heap before GC invocations=486 (full 54):
 par new generation   total 6144K, used 5233K [0x00000000fec00000, 0x00000000ff2a0000, 0x00000000ff2a0000)
  eden space 5504K,  95% used [0x00000000fec00000, 0x00000000ff11b780, 0x00000000ff160000)
  from space 640K,   0% used [0x00000000ff160000, 0x00000000ff161020, 0x00000000ff200000)
  to   space 640K,   0% used [0x00000000ff200000, 0x00000000ff200000, 0x00000000ff2a0000)
 concurrent mark-sweep generation total 13696K, used 5293K [0x00000000ff2a0000, 0x0000000100000000, 0x0000000100000000)
 Metaspace       used 5077K, capacity 5258K, committed 5504K, reserved 1056768K
  class space    used 557K, capacity 597K, committed 640K, reserved 1048576K
2024-07-16T17:58:56.767+0800: 3.912: [GC (Allocation Failure) 2024-07-16T17:58:56.767+0800: 3.912: [ParNew: 5233K->8K(6144K), 0.0013431 secs] 10527K->6327K(19840K), 0.0014325 secs] [Times: user=0.00 sys=0.00, real=0.00 secs] 
Heap after GC invocations=487 (full 54):
 par new generation   total 6144K, used 8K [0x00000000fec00000, 0x00000000ff2a0000, 0x00000000ff2a0000)
  eden space 5504K,   0% used [0x00000000fec00000, 0x00000000fec00000, 0x00000000ff160000)
  from space 640K,   1% used [0x00000000ff200000, 0x00000000ff202040, 0x00000000ff2a0000)
  to   space 640K,   0% used [0x00000000ff160000, 0x00000000ff160000, 0x00000000ff200000)
 concurrent mark-sweep generation total 13696K, used 6319K [0x00000000ff2a0000, 0x0000000100000000, 0x0000000100000000)
 Metaspace       used 5077K, capacity 5258K, committed 5504K, reserved 1056768K
  class space    used 557K, capacity 597K, committed 640K, reserved 1048576K
}
{Heap before GC invocations=487 (full 54):
 par new generation   total 6144K, used 5237K [0x00000000fec00000, 0x00000000ff2a0000, 0x00000000ff2a0000)
  eden space 5504K,  95% used [0x00000000fec00000, 0x00000000ff11b780, 0x00000000ff160000)
  from space 640K,   1% used [0x00000000ff200000, 0x00000000ff202040, 0x00000000ff2a0000)
  to   space 640K,   0% used [0x00000000ff160000, 0x00000000ff160000, 0x00000000ff200000)
 concurrent mark-sweep generation total 13696K, used 6319K [0x00000000ff2a0000, 0x0000000100000000, 0x0000000100000000)
 Metaspace       used 5077K, capacity 5258K, committed 5504K, reserved 1056768K
  class space    used 557K, capacity 597K, committed 640K, reserved 1048576K
2024-07-16T17:58:56.775+0800: 3.920: [GC (Allocation Failure) 2024-07-16T17:58:56.775+0800: 3.920: [ParNew: 5237K->6K(6144K), 0.0008692 secs] 11557K->7351K(19840K), 0.0009734 secs] [Times: user=0.00 sys=0.00, real=0.00 secs] 
Heap after GC invocations=488 (full 54):
 par new generation   total 6144K, used 6K [0x00000000fec00000, 0x00000000ff2a0000, 0x00000000ff2a0000)
  eden space 5504K,   0% used [0x00000000fec00000, 0x00000000fec00000, 0x00000000ff160000)
  from space 640K,   0% used [0x00000000ff160000, 0x00000000ff161830, 0x00000000ff200000)
  to   space 640K,   0% used [0x00000000ff200000, 0x00000000ff200000, 0x00000000ff2a0000)
 concurrent mark-sweep generation total 13696K, used 7345K [0x00000000ff2a0000, 0x0000000100000000, 0x0000000100000000)
 Metaspace       used 5077K, capacity 5258K, committed 5504K, reserved 1056768K
  class space    used 557K, capacity 597K, committed 640K, reserved 1048576K
}
{Heap before GC invocations=488 (full 54):
 par new generation   total 6144K, used 5235K [0x00000000fec00000, 0x00000000ff2a0000, 0x00000000ff2a0000)
  eden space 5504K,  95% used [0x00000000fec00000, 0x00000000ff11b780, 0x00000000ff160000)
  from space 640K,   0% used [0x00000000ff160000, 0x00000000ff161830, 0x00000000ff200000)
  to   space 640K,   0% used [0x00000000ff200000, 0x00000000ff200000, 0x00000000ff2a0000)
 concurrent mark-sweep generation total 13696K, used 7345K [0x00000000ff2a0000, 0x0000000100000000, 0x0000000100000000)
 Metaspace       used 5077K, capacity 5258K, committed 5504K, reserved 1056768K
  class space    used 557K, capacity 597K, committed 640K, reserved 1048576K
2024-07-16T17:58:56.783+0800: 3.928: [GC (Allocation Failure) 2024-07-16T17:58:56.783+0800: 3.928: [ParNew: 5235K->4K(6144K), 0.0003623 secs] 12581K->7349K(19840K), 0.0003980 secs] [Times: user=0.00 sys=0.00, real=0.00 secs] 
Heap after GC invocations=489 (full 54):
 par new generation   total 6144K, used 4K [0x00000000fec00000, 0x00000000ff2a0000, 0x00000000ff2a0000)
  eden space 5504K,   0% used [0x00000000fec00000, 0x00000000fec00000, 0x00000000ff160000)
  from space 640K,   0% used [0x00000000ff200000, 0x00000000ff201020, 0x00000000ff2a0000)
  to   space 640K,   0% used [0x00000000ff160000, 0x00000000ff160000, 0x00000000ff200000)
 concurrent mark-sweep generation total 13696K, used 7345K [0x00000000ff2a0000, 0x0000000100000000, 0x0000000100000000)
 Metaspace       used 5077K, capacity 5258K, committed 5504K, reserved 1056768K
  class space    used 557K, capacity 597K, committed 640K, reserved 1048576K
}
{Heap before GC invocations=489 (full 54):
 par new generation   total 6144K, used 5233K [0x00000000fec00000, 0x00000000ff2a0000, 0x00000000ff2a0000)
  eden space 5504K,  95% used [0x00000000fec00000, 0x00000000ff11b780, 0x00000000ff160000)
  from space 640K,   0% used [0x00000000ff200000, 0x00000000ff201020, 0x00000000ff2a0000)
  to   space 640K,   0% used [0x00000000ff160000, 0x00000000ff160000, 0x00000000ff200000)
 concurrent mark-sweep generation total 13696K, used 7345K [0x00000000ff2a0000, 0x0000000100000000, 0x0000000100000000)
 Metaspace       used 5077K, capacity 5258K, committed 5504K, reserved 1056768K
  class space    used 557K, capacity 597K, committed 640K, reserved 1048576K
2024-07-16T17:58:56.789+0800: 3.934: [GC (Allocation Failure) 2024-07-16T17:58:56.789+0800: 3.934: [ParNew: 5233K->8K(6144K), 0.0012929 secs] 12579K->8377K(19840K), 0.0014732 secs] [Times: user=0.00 sys=0.00, real=0.00 secs] 
Heap after GC invocations=490 (full 54):
 par new generation   total 6144K, used 8K [0x00000000fec00000, 0x00000000ff2a0000, 0x00000000ff2a0000)
  eden space 5504K,   0% used [0x00000000fec00000, 0x00000000fec00000, 0x00000000ff160000)
  from space 640K,   1% used [0x00000000ff160000, 0x00000000ff162040, 0x00000000ff200000)
  to   space 640K,   0% used [0x00000000ff200000, 0x00000000ff200000, 0x00000000ff2a0000)
 concurrent mark-sweep generation total 13696K, used 8369K [0x00000000ff2a0000, 0x0000000100000000, 0x0000000100000000)
 Metaspace       used 5077K, capacity 5258K, committed 5504K, reserved 1056768K
  class space    used 557K, capacity 597K, committed 640K, reserved 1048576K
}
2024-07-16T17:58:56.791+0800: 3.936: [GC (CMS Initial Mark) [1 CMS-initial-mark: 8369K(13696K)] 9403K(19840K), 0.0005721 secs] [Times: user=0.00 sys=0.00, real=0.00 secs] 
2024-07-16T17:58:56.791+0800: 3.937: [CMS-concurrent-mark-start]
2024-07-16T17:58:56.797+0800: 3.942: [CMS-concurrent-mark: 0.006/0.006 secs] [Times: user=0.00 sys=0.00, real=0.01 secs] 
2024-07-16T17:58:56.797+0800: 3.943: [CMS-concurrent-preclean-start]
2024-07-16T17:58:56.797+0800: 3.943: [CMS-concurrent-preclean: 0.000/0.000 secs] [Times: user=0.00 sys=0.00, real=0.00 secs] 
2024-07-16T17:58:56.797+0800: 3.943: [CMS-concurrent-abortable-preclean-start]
{Heap before GC invocations=490 (full 55):
 par new generation   total 6144K, used 5237K [0x00000000fec00000, 0x00000000ff2a0000, 0x00000000ff2a0000)
  eden space 5504K,  95% used [0x00000000fec00000, 0x00000000ff11b780, 0x00000000ff160000)
  from space 640K,   1% used [0x00000000ff160000, 0x00000000ff162040, 0x00000000ff200000)
  to   space 640K,   0% used [0x00000000ff200000, 0x00000000ff200000, 0x00000000ff2a0000)
 concurrent mark-sweep generation total 13696K, used 8369K [0x00000000ff2a0000, 0x0000000100000000, 0x0000000100000000)
 Metaspace       used 5077K, capacity 5258K, committed 5504K, reserved 1056768K
  class space    used 557K, capacity 597K, committed 640K, reserved 1048576K
2024-07-16T17:58:56.801+0800: 3.946: [GC (Allocation Failure) 2024-07-16T17:58:56.801+0800: 3.946: [ParNew: 5237K->8K(6144K), 0.0010207 secs] 13607K->9403K(19840K), 0.0011468 secs] [Times: user=0.00 sys=0.00, real=0.00 secs] 
Heap after GC invocations=491 (full 55):
 par new generation   total 6144K, used 8K [0x00000000fec00000, 0x00000000ff2a0000, 0x00000000ff2a0000)
  eden space 5504K,   0% used [0x00000000fec00000, 0x00000000fec00000, 0x00000000ff160000)
  from space 640K,   1% used [0x00000000ff200000, 0x00000000ff202040, 0x00000000ff2a0000)
  to   space 640K,   0% used [0x00000000ff160000, 0x00000000ff160000, 0x00000000ff200000)
 concurrent mark-sweep generation total 13696K, used 9395K [0x00000000ff2a0000, 0x0000000100000000, 0x0000000100000000)
 Metaspace       used 5077K, capacity 5258K, committed 5504K, reserved 1056768K
  class space    used 557K, capacity 597K, committed 640K, reserved 1048576K
}
{Heap before GC invocations=491 (full 55):
 par new generation   total 6144K, used 5237K [0x00000000fec00000, 0x00000000ff2a0000, 0x00000000ff2a0000)
  eden space 5504K,  95% used [0x00000000fec00000, 0x00000000ff11b780, 0x00000000ff160000)
  from space 640K,   1% used [0x00000000ff200000, 0x00000000ff202040, 0x00000000ff2a0000)
  to   space 640K,   0% used [0x00000000ff160000, 0x00000000ff160000, 0x00000000ff200000)
 concurrent mark-sweep generation total 13696K, used 9395K [0x00000000ff2a0000, 0x0000000100000000, 0x0000000100000000)
 Metaspace       used 5077K, capacity 5258K, committed 5504K, reserved 1056768K
  class space    used 557K, capacity 597K, committed 640K, reserved 1048576K
2024-07-16T17:58:56.809+0800: 3.954: [GC (Allocation Failure) 2024-07-16T17:58:56.809+0800: 3.954: [ParNew: 5237K->8K(6144K), 0.0004699 secs] 14633K->10429K(19840K), 0.0005271 secs] [Times: user=0.00 sys=0.00, real=0.00 secs] 
Heap after GC invocations=492 (full 55):
 par new generation   total 6144K, used 8K [0x00000000fec00000, 0x00000000ff2a0000, 0x00000000ff2a0000)
  eden space 5504K,   0% used [0x00000000fec00000, 0x00000000fec00000, 0x00000000ff160000)
  from space 640K,   1% used [0x00000000ff160000, 0x00000000ff162040, 0x00000000ff200000)
  to   space 640K,   0% used [0x00000000ff200000, 0x00000000ff200000, 0x00000000ff2a0000)
 concurrent mark-sweep generation total 13696K, used 10421K [0x00000000ff2a0000, 0x0000000100000000, 0x0000000100000000)
 Metaspace       used 5077K, capacity 5258K, committed 5504K, reserved 1056768K
  class space    used 557K, capacity 597K, committed 640K, reserved 1048576K
}
{Heap before GC invocations=492 (full 55):
 par new generation   total 6144K, used 5237K [0x00000000fec00000, 0x00000000ff2a0000, 0x00000000ff2a0000)
  eden space 5504K,  95% used [0x00000000fec00000, 0x00000000ff11b780, 0x00000000ff160000)
  from space 640K,   1% used [0x00000000ff160000, 0x00000000ff162040, 0x00000000ff200000)
  to   space 640K,   0% used [0x00000000ff200000, 0x00000000ff200000, 0x00000000ff2a0000)
 concurrent mark-sweep generation total 13696K, used 10421K [0x00000000ff2a0000, 0x0000000100000000, 0x0000000100000000)
 Metaspace       used 5077K, capacity 5258K, committed 5504K, reserved 1056768K
  class space    used 557K, capacity 597K, committed 640K, reserved 1048576K
2024-07-16T17:58:56.817+0800: 3.962: [GC (Allocation Failure) 2024-07-16T17:58:56.817+0800: 3.962: [ParNew: 5237K->4K(6144K), 0.0002654 secs] 15659K->10425K(19840K), 0.0003171 secs] [Times: user=0.00 sys=0.00, real=0.00 secs] 
Heap after GC invocations=493 (full 55):
 par new generation   total 6144K, used 4K [0x00000000fec00000, 0x00000000ff2a0000, 0x00000000ff2a0000)
  eden space 5504K,   0% used [0x00000000fec00000, 0x00000000fec00000, 0x00000000ff160000)
  from space 640K,   0% used [0x00000000ff200000, 0x00000000ff201020, 0x00000000ff2a0000)
  to   space 640K,   0% used [0x00000000ff160000, 0x00000000ff160000, 0x00000000ff200000)
 concurrent mark-sweep generation total 13696K, used 10421K [0x00000000ff2a0000, 0x0000000100000000, 0x0000000100000000)
 Metaspace       used 5077K, capacity 5258K, committed 5504K, reserved 1056768K
  class space    used 557K, capacity 597K, committed 640K, reserved 1048576K
}
{Heap before GC invocations=493 (full 55):
 par new generation   total 6144K, used 5233K [0x00000000fec00000, 0x00000000ff2a0000, 0x00000000ff2a0000)
  eden space 5504K,  95% used [0x00000000fec00000, 0x00000000ff11b780, 0x00000000ff160000)
  from space 640K,   0% used [0x00000000ff200000, 0x00000000ff201020, 0x00000000ff2a0000)
  to   space 640K,   0% used [0x00000000ff160000, 0x00000000ff160000, 0x00000000ff200000)
 concurrent mark-sweep generation total 13696K, used 10421K [0x00000000ff2a0000, 0x0000000100000000, 0x0000000100000000)
 Metaspace       used 5077K, capacity 5258K, committed 5504K, reserved 1056768K
  class space    used 557K, capacity 597K, committed 640K, reserved 1048576K
2024-07-16T17:58:56.824+0800: 3.969: [GC (Allocation Failure) 2024-07-16T17:58:56.824+0800: 3.969: [ParNew: 5233K->4K(6144K), 0.0003120 secs] 15655K->10425K(19840K), 0.0003607 secs] [Times: user=0.00 sys=0.00, real=0.00 secs] 
Heap after GC invocations=494 (full 55):
 par new generation   total 6144K, used 4K [0x00000000fec00000, 0x00000000ff2a0000, 0x00000000ff2a0000)
  eden space 5504K,   0% used [0x00000000fec00000, 0x00000000fec00000, 0x00000000ff160000)
  from space 640K,   0% used [0x00000000ff160000, 0x00000000ff161020, 0x00000000ff200000)
  to   space 640K,   0% used [0x00000000ff200000, 0x00000000ff200000, 0x00000000ff2a0000)
 concurrent mark-sweep generation total 13696K, used 10421K [0x00000000ff2a0000, 0x0000000100000000, 0x0000000100000000)
 Metaspace       used 5077K, capacity 5258K, committed 5504K, reserved 1056768K
  class space    used 557K, capacity 597K, committed 640K, reserved 1048576K
}
{Heap before GC invocations=494 (full 55):
 par new generation   total 6144K, used 5233K [0x00000000fec00000, 0x00000000ff2a0000, 0x00000000ff2a0000)
  eden space 5504K,  95% used [0x00000000fec00000, 0x00000000ff11b780, 0x00000000ff160000)
  from space 640K,   0% used [0x00000000ff160000, 0x00000000ff161020, 0x00000000ff200000)
  to   space 640K,   0% used [0x00000000ff200000, 0x00000000ff200000, 0x00000000ff2a0000)
 concurrent mark-sweep generation total 13696K, used 10421K [0x00000000ff2a0000, 0x0000000100000000, 0x0000000100000000)
 Metaspace       used 5077K, capacity 5258K, committed 5504K, reserved 1056768K
  class space    used 557K, capacity 597K, committed 640K, reserved 1048576K
2024-07-16T17:58:56.833+0800: 3.978: [GC (Allocation Failure) 2024-07-16T17:58:56.833+0800: 3.978: [ParNew: 5233K->4K(6144K), 0.0003071 secs] 15655K->10425K(19840K), 0.0003472 secs] [Times: user=0.00 sys=0.00, real=0.00 secs] 
Heap after GC invocations=495 (full 55):
 par new generation   total 6144K, used 4K [0x00000000fec00000, 0x00000000ff2a0000, 0x00000000ff2a0000)
  eden space 5504K,   0% used [0x00000000fec00000, 0x00000000fec00000, 0x00000000ff160000)
  from space 640K,   0% used [0x00000000ff200000, 0x00000000ff201020, 0x00000000ff2a0000)
  to   space 640K,   0% used [0x00000000ff160000, 0x00000000ff160000, 0x00000000ff200000)
 concurrent mark-sweep generation total 13696K, used 10421K [0x00000000ff2a0000, 0x0000000100000000, 0x0000000100000000)
 Metaspace       used 5077K, capacity 5258K, committed 5504K, reserved 1056768K
  class space    used 557K, capacity 597K, committed 640K, reserved 1048576K
}
{Heap before GC invocations=495 (full 55):
 par new generation   total 6144K, used 5233K [0x00000000fec00000, 0x00000000ff2a0000, 0x00000000ff2a0000)
  eden space 5504K,  95% used [0x00000000fec00000, 0x00000000ff11b780, 0x00000000ff160000)
  from space 640K,   0% used [0x00000000ff200000, 0x00000000ff201020, 0x00000000ff2a0000)
  to   space 640K,   0% used [0x00000000ff160000, 0x00000000ff160000, 0x00000000ff200000)
 concurrent mark-sweep generation total 13696K, used 10421K [0x00000000ff2a0000, 0x0000000100000000, 0x0000000100000000)
 Metaspace       used 5077K, capacity 5258K, committed 5504K, reserved 1056768K
  class space    used 557K, capacity 597K, committed 640K, reserved 1048576K
2024-07-16T17:58:56.840+0800: 3.985: [GC (Allocation Failure) 2024-07-16T17:58:56.840+0800: 3.985: [ParNew: 5233K->8K(6144K), 0.0004779 secs] 15655K->11455K(19840K), 0.0005311 secs] [Times: user=0.00 sys=0.00, real=0.00 secs] 
Heap after GC invocations=496 (full 55):
 par new generation   total 6144K, used 8K [0x00000000fec00000, 0x00000000ff2a0000, 0x00000000ff2a0000)
  eden space 5504K,   0% used [0x00000000fec00000, 0x00000000fec00000, 0x00000000ff160000)
  from space 640K,   1% used [0x00000000ff160000, 0x00000000ff162040, 0x00000000ff200000)
  to   space 640K,   0% used [0x00000000ff200000, 0x00000000ff200000, 0x00000000ff2a0000)
 concurrent mark-sweep generation total 13696K, used 11447K [0x00000000ff2a0000, 0x0000000100000000, 0x0000000100000000)
 Metaspace       used 5077K, capacity 5258K, committed 5504K, reserved 1056768K
  class space    used 557K, capacity 597K, committed 640K, reserved 1048576K
}
{Heap before GC invocations=496 (full 55):
 par new generation   total 6144K, used 5237K [0x00000000fec00000, 0x00000000ff2a0000, 0x00000000ff2a0000)
  eden space 5504K,  95% used [0x00000000fec00000, 0x00000000ff11b780, 0x00000000ff160000)
  from space 640K,   1% used [0x00000000ff160000, 0x00000000ff162040, 0x00000000ff200000)
  to   space 640K,   0% used [0x00000000ff200000, 0x00000000ff200000, 0x00000000ff2a0000)
 concurrent mark-sweep generation total 13696K, used 11447K [0x00000000ff2a0000, 0x0000000100000000, 0x0000000100000000)
 Metaspace       used 5077K, capacity 5258K, committed 5504K, reserved 1056768K
  class space    used 557K, capacity 597K, committed 640K, reserved 1048576K
2024-07-16T17:58:56.847+0800: 3.992: [GC (Allocation Failure) 2024-07-16T17:58:56.847+0800: 3.992: [ParNew: 5237K->8K(6144K), 0.0007407 secs] 16685K->12479K(19840K), 0.0008344 secs] [Times: user=0.00 sys=0.00, real=0.00 secs] 
Heap after GC invocations=497 (full 55):
 par new generation   total 6144K, used 8K [0x00000000fec00000, 0x00000000ff2a0000, 0x00000000ff2a0000)
  eden space 5504K,   0% used [0x00000000fec00000, 0x00000000fec00000, 0x00000000ff160000)
  from space 640K,   1% used [0x00000000ff200000, 0x00000000ff202040, 0x00000000ff2a0000)
  to   space 640K,   0% used [0x00000000ff160000, 0x00000000ff160000, 0x00000000ff200000)
 concurrent mark-sweep generation total 13696K, used 12471K [0x00000000ff2a0000, 0x0000000100000000, 0x0000000100000000)
 Metaspace       used 5077K, capacity 5258K, committed 5504K, reserved 1056768K
  class space    used 557K, capacity 597K, committed 640K, reserved 1048576K
}
{Heap before GC invocations=497 (full 55):
 par new generation   total 6144K, used 5237K [0x00000000fec00000, 0x00000000ff2a0000, 0x00000000ff2a0000)
  eden space 5504K,  95% used [0x00000000fec00000, 0x00000000ff11b780, 0x00000000ff160000)
  from space 640K,   1% used [0x00000000ff200000, 0x00000000ff202040, 0x00000000ff2a0000)
  to   space 640K,   0% used [0x00000000ff160000, 0x00000000ff160000, 0x00000000ff200000)
 concurrent mark-sweep generation total 13696K, used 12471K [0x00000000ff2a0000, 0x0000000100000000, 0x0000000100000000)
 Metaspace       used 5077K, capacity 5258K, committed 5504K, reserved 1056768K
  class space    used 557K, capacity 597K, committed 640K, reserved 1048576K
2024-07-16T17:58:56.856+0800: 4.001: [GC (Allocation Failure) 2024-07-16T17:58:56.856+0800: 4.001: [ParNew: 5237K->5237K(6144K), 0.0000129 secs]2024-07-16T17:58:56.856+0800: 4.001: [CMS2024-07-16T17:58:56.856+0800: 4.001: [CMS-concurrent-abortable-preclean: 0.001/0.058 secs] [Times: user=0.00 sys=0.00, real=0.06 secs] 
 (concurrent mode failure): 12471K->1191K(13696K), 0.0022909 secs] 17709K->1191K(19840K), [Metaspace: 5077K->5077K(1056768K)], 0.0023543 secs] [Times: user=0.00 sys=0.00, real=0.00 secs] 
Heap after GC invocations=498 (full 56):
 par new generation   total 6144K, used 0K [0x00000000fec00000, 0x00000000ff2a0000, 0x00000000ff2a0000)
  eden space 5504K,   0% used [0x00000000fec00000, 0x00000000fec00000, 0x00000000ff160000)
  from space 640K,   0% used [0x00000000ff200000, 0x00000000ff200000, 0x00000000ff2a0000)
  to   space 640K,   0% used [0x00000000ff160000, 0x00000000ff160000, 0x00000000ff200000)
 concurrent mark-sweep generation total 13696K, used 1191K [0x00000000ff2a0000, 0x0000000100000000, 0x0000000100000000)
 Metaspace       used 5077K, capacity 5258K, committed 5504K, reserved 1056768K
  class space    used 557K, capacity 597K, committed 640K, reserved 1048576K
}
{Heap before GC invocations=498 (full 56):
 par new generation   total 6144K, used 5229K [0x00000000fec00000, 0x00000000ff2a0000, 0x00000000ff2a0000)
  eden space 5504K,  95% used [0x00000000fec00000, 0x00000000ff11b780, 0x00000000ff160000)
  from space 640K,   0% used [0x00000000ff200000, 0x00000000ff200000, 0x00000000ff2a0000)
  to   space 640K,   0% used [0x00000000ff160000, 0x00000000ff160000, 0x00000000ff200000)
 concurrent mark-sweep generation total 13696K, used 1191K [0x00000000ff2a0000, 0x0000000100000000, 0x0000000100000000)
 Metaspace       used 5077K, capacity 5258K, committed 5504K, reserved 1056768K
  class space    used 557K, capacity 597K, committed 640K, reserved 1048576K
2024-07-16T17:58:56.865+0800: 4.010: [GC (Allocation Failure) 2024-07-16T17:58:56.865+0800: 4.010: [ParNew: 5229K->6K(6144K), 0.0007742 secs] 6420K->2223K(19840K), 0.0008585 secs] [Times: user=0.00 sys=0.00, real=0.00 secs] 
Heap after GC invocations=499 (full 56):
 par new generation   total 6144K, used 6K [0x00000000fec00000, 0x00000000ff2a0000, 0x00000000ff2a0000)
  eden space 5504K,   0% used [0x00000000fec00000, 0x00000000fec00000, 0x00000000ff160000)
  from space 640K,   0% used [0x00000000ff160000, 0x00000000ff161830, 0x00000000ff200000)
  to   space 640K,   0% used [0x00000000ff200000, 0x00000000ff200000, 0x00000000ff2a0000)
 concurrent mark-sweep generation total 13696K, used 2217K [0x00000000ff2a0000, 0x0000000100000000, 0x0000000100000000)
 Metaspace       used 5077K, capacity 5258K, committed 5504K, reserved 1056768K
  class space    used 557K, capacity 597K, committed 640K, reserved 1048576K
}
{Heap before GC invocations=499 (full 56):
 par new generation   total 6144K, used 5235K [0x00000000fec00000, 0x00000000ff2a0000, 0x00000000ff2a0000)
  eden space 5504K,  95% used [0x00000000fec00000, 0x00000000ff11b780, 0x00000000ff160000)
  from space 640K,   0% used [0x00000000ff160000, 0x00000000ff161830, 0x00000000ff200000)
  to   space 640K,   0% used [0x00000000ff200000, 0x00000000ff200000, 0x00000000ff2a0000)
 concurrent mark-sweep generation total 13696K, used 2217K [0x00000000ff2a0000, 0x0000000100000000, 0x0000000100000000)
 Metaspace       used 5077K, capacity 5258K, committed 5504K, reserved 1056768K
  class space    used 557K, capacity 597K, committed 640K, reserved 1048576K
2024-07-16T17:58:56.873+0800: 4.018: [GC (Allocation Failure) 2024-07-16T17:58:56.873+0800: 4.018: [ParNew: 5235K->6K(6144K), 0.0004002 secs] 7453K->3249K(19840K), 0.0004980 secs] [Times: user=0.00 sys=0.00, real=0.00 secs] 
Heap after GC invocations=500 (full 56):
 par new generation   total 6144K, used 6K [0x00000000fec00000, 0x00000000ff2a0000, 0x00000000ff2a0000)
  eden space 5504K,   0% used [0x00000000fec00000, 0x00000000fec00000, 0x00000000ff160000)
  from space 640K,   0% used [0x00000000ff200000, 0x00000000ff201830, 0x00000000ff2a0000)
  to   space 640K,   0% used [0x00000000ff160000, 0x00000000ff160000, 0x00000000ff200000)
 concurrent mark-sweep generation total 13696K, used 3243K [0x00000000ff2a0000, 0x0000000100000000, 0x0000000100000000)
 Metaspace       used 5077K, capacity 5258K, committed 5504K, reserved 1056768K
  class space    used 557K, capacity 597K, committed 640K, reserved 1048576K
}
{Heap before GC invocations=500 (full 56):
 par new generation   total 6144K, used 5235K [0x00000000fec00000, 0x00000000ff2a0000, 0x00000000ff2a0000)
  eden space 5504K,  95% used [0x00000000fec00000, 0x00000000ff11b780, 0x00000000ff160000)
  from space 640K,   0% used [0x00000000ff200000, 0x00000000ff201830, 0x00000000ff2a0000)
  to   space 640K,   0% used [0x00000000ff160000, 0x00000000ff160000, 0x00000000ff200000)
 concurrent mark-sweep generation total 13696K, used 3243K [0x00000000ff2a0000, 0x0000000100000000, 0x0000000100000000)
 Metaspace       used 5077K, capacity 5258K, committed 5504K, reserved 1056768K
  class space    used 557K, capacity 597K, committed 640K, reserved 1048576K
2024-07-16T17:58:56.881+0800: 4.026: [GC (Allocation Failure) 2024-07-16T17:58:56.881+0800: 4.026: [ParNew: 5235K->4K(6144K), 0.0003595 secs] 8479K->3247K(19840K), 0.0004242 secs] [Times: user=0.00 sys=0.00, real=0.00 secs] 
Heap after GC invocations=501 (full 56):
 par new generation   total 6144K, used 4K [0x00000000fec00000, 0x00000000ff2a0000, 0x00000000ff2a0000)
  eden space 5504K,   0% used [0x00000000fec00000, 0x00000000fec00000, 0x00000000ff160000)
  from space 640K,   0% used [0x00000000ff160000, 0x00000000ff161020, 0x00000000ff200000)
  to   space 640K,   0% used [0x00000000ff200000, 0x00000000ff200000, 0x00000000ff2a0000)
 concurrent mark-sweep generation total 13696K, used 3243K [0x00000000ff2a0000, 0x0000000100000000, 0x0000000100000000)
 Metaspace       used 5077K, capacity 5258K, committed 5504K, reserved 1056768K
  class space    used 557K, capacity 597K, committed 640K, reserved 1048576K
}
{Heap before GC invocations=501 (full 56):
 par new generation   total 6144K, used 5233K [0x00000000fec00000, 0x00000000ff2a0000, 0x00000000ff2a0000)
  eden space 5504K,  95% used [0x00000000fec00000, 0x00000000ff11b780, 0x00000000ff160000)
  from space 640K,   0% used [0x00000000ff160000, 0x00000000ff161020, 0x00000000ff200000)
  to   space 640K,   0% used [0x00000000ff200000, 0x00000000ff200000, 0x00000000ff2a0000)
 concurrent mark-sweep generation total 13696K, used 3243K [0x00000000ff2a0000, 0x0000000100000000, 0x0000000100000000)
 Metaspace       used 5077K, capacity 5258K, committed 5504K, reserved 1056768K
  class space    used 557K, capacity 597K, committed 640K, reserved 1048576K
2024-07-16T17:58:56.887+0800: 4.032: [GC (Allocation Failure) 2024-07-16T17:58:56.887+0800: 4.032: [ParNew: 5233K->8K(6144K), 0.0004527 secs] 8477K->4277K(19840K), 0.0005121 secs] [Times: user=0.00 sys=0.00, real=0.00 secs] 
Heap after GC invocations=502 (full 56):
 par new generation   total 6144K, used 8K [0x00000000fec00000, 0x00000000ff2a0000, 0x00000000ff2a0000)
  eden space 5504K,   0% used [0x00000000fec00000, 0x00000000fec00000, 0x00000000ff160000)
  from space 640K,   1% used [0x00000000ff200000, 0x00000000ff202040, 0x00000000ff2a0000)
  to   space 640K,   0% used [0x00000000ff160000, 0x00000000ff160000, 0x00000000ff200000)
 concurrent mark-sweep generation total 13696K, used 4269K [0x00000000ff2a0000, 0x0000000100000000, 0x0000000100000000)
 Metaspace       used 5077K, capacity 5258K, committed 5504K, reserved 1056768K
  class space    used 557K, capacity 597K, committed 640K, reserved 1048576K
}
{Heap before GC invocations=502 (full 56):
 par new generation   total 6144K, used 5237K [0x00000000fec00000, 0x00000000ff2a0000, 0x00000000ff2a0000)
  eden space 5504K,  95% used [0x00000000fec00000, 0x00000000ff11b780, 0x00000000ff160000)
  from space 640K,   1% used [0x00000000ff200000, 0x00000000ff202040, 0x00000000ff2a0000)
  to   space 640K,   0% used [0x00000000ff160000, 0x00000000ff160000, 0x00000000ff200000)
 concurrent mark-sweep generation total 13696K, used 4269K [0x00000000ff2a0000, 0x0000000100000000, 0x0000000100000000)
 Metaspace       used 5077K, capacity 5258K, committed 5504K, reserved 1056768K
  class space    used 557K, capacity 597K, committed 640K, reserved 1048576K
2024-07-16T17:58:56.894+0800: 4.039: [GC (Allocation Failure) 2024-07-16T17:58:56.894+0800: 4.039: [ParNew: 5237K->4K(6144K), 0.0008796 secs] 9507K->4273K(19840K), 0.0009834 secs] [Times: user=0.00 sys=0.00, real=0.00 secs] 
Heap after GC invocations=503 (full 56):
 par new generation   total 6144K, used 4K [0x00000000fec00000, 0x00000000ff2a0000, 0x00000000ff2a0000)
  eden space 5504K,   0% used [0x00000000fec00000, 0x00000000fec00000, 0x00000000ff160000)
  from space 640K,   0% used [0x00000000ff160000, 0x00000000ff161020, 0x00000000ff200000)
  to   space 640K,   0% used [0x00000000ff200000, 0x00000000ff200000, 0x00000000ff2a0000)
 concurrent mark-sweep generation total 13696K, used 4269K [0x00000000ff2a0000, 0x0000000100000000, 0x0000000100000000)
 Metaspace       used 5077K, capacity 5258K, committed 5504K, reserved 1056768K
  class space    used 557K, capacity 597K, committed 640K, reserved 1048576K
}
{Heap before GC invocations=503 (full 56):
 par new generation   total 6144K, used 5233K [0x00000000fec00000, 0x00000000ff2a0000, 0x00000000ff2a0000)
  eden space 5504K,  95% used [0x00000000fec00000, 0x00000000ff11b780, 0x00000000ff160000)
  from space 640K,   0% used [0x00000000ff160000, 0x00000000ff161020, 0x00000000ff200000)
  to   space 640K,   0% used [0x00000000ff200000, 0x00000000ff200000, 0x00000000ff2a0000)
 concurrent mark-sweep generation total 13696K, used 4269K [0x00000000ff2a0000, 0x0000000100000000, 0x0000000100000000)
 Metaspace       used 5077K, capacity 5258K, committed 5504K, reserved 1056768K
  class space    used 557K, capacity 597K, committed 640K, reserved 1048576K
2024-07-16T17:58:56.902+0800: 4.047: [GC (Allocation Failure) 2024-07-16T17:58:56.902+0800: 4.047: [ParNew: 5233K->6K(6144K), 0.0003741 secs] 9503K->5301K(19840K), 0.0004178 secs] [Times: user=0.00 sys=0.00, real=0.00 secs] 
Heap after GC invocations=504 (full 56):
 par new generation   total 6144K, used 6K [0x00000000fec00000, 0x00000000ff2a0000, 0x00000000ff2a0000)
  eden space 5504K,   0% used [0x00000000fec00000, 0x00000000fec00000, 0x00000000ff160000)
  from space 640K,   0% used [0x00000000ff200000, 0x00000000ff201830, 0x00000000ff2a0000)
  to   space 640K,   0% used [0x00000000ff160000, 0x00000000ff160000, 0x00000000ff200000)
 concurrent mark-sweep generation total 13696K, used 5295K [0x00000000ff2a0000, 0x0000000100000000, 0x0000000100000000)
 Metaspace       used 5077K, capacity 5258K, committed 5504K, reserved 1056768K
  class space    used 557K, capacity 597K, committed 640K, reserved 1048576K
}
{Heap before GC invocations=504 (full 56):
 par new generation   total 6144K, used 5235K [0x00000000fec00000, 0x00000000ff2a0000, 0x00000000ff2a0000)
  eden space 5504K,  95% used [0x00000000fec00000, 0x00000000ff11b780, 0x00000000ff160000)
  from space 640K,   0% used [0x00000000ff200000, 0x00000000ff201830, 0x00000000ff2a0000)
  to   space 640K,   0% used [0x00000000ff160000, 0x00000000ff160000, 0x00000000ff200000)
 concurrent mark-sweep generation total 13696K, used 5295K [0x00000000ff2a0000, 0x0000000100000000, 0x0000000100000000)
 Metaspace       used 5077K, capacity 5258K, committed 5504K, reserved 1056768K
  class space    used 557K, capacity 597K, committed 640K, reserved 1048576K
2024-07-16T17:58:56.908+0800: 4.053: [GC (Allocation Failure) 2024-07-16T17:58:56.908+0800: 4.053: [ParNew: 5235K->10K(6144K), 0.0019136 secs] 10531K->7355K(19840K), 0.0020083 secs] [Times: user=0.00 sys=0.00, real=0.00 secs] 
Heap after GC invocations=505 (full 56):
 par new generation   total 6144K, used 10K [0x00000000fec00000, 0x00000000ff2a0000, 0x00000000ff2a0000)
  eden space 5504K,   0% used [0x00000000fec00000, 0x00000000fec00000, 0x00000000ff160000)
  from space 640K,   1% used [0x00000000ff160000, 0x00000000ff162850, 0x00000000ff200000)
  to   space 640K,   0% used [0x00000000ff200000, 0x00000000ff200000, 0x00000000ff2a0000)
 concurrent mark-sweep generation total 13696K, used 7345K [0x00000000ff2a0000, 0x0000000100000000, 0x0000000100000000)
 Metaspace       used 5077K, capacity 5258K, committed 5504K, reserved 1056768K
  class space    used 557K, capacity 597K, committed 640K, reserved 1048576K
}
2024-07-16T17:58:56.910+0800: 4.055: [GC (CMS Initial Mark) [1 CMS-initial-mark: 7345K(13696K)] 8381K(19840K), 0.0001871 secs] [Times: user=0.00 sys=0.00, real=0.00 secs] 
2024-07-16T17:58:56.910+0800: 4.055: [CMS-concurrent-mark-start]
2024-07-16T17:58:56.912+0800: 4.057: [CMS-concurrent-mark: 0.001/0.001 secs] [Times: user=0.00 sys=0.00, real=0.00 secs] 
2024-07-16T17:58:56.912+0800: 4.057: [CMS-concurrent-preclean-start]
2024-07-16T17:58:56.912+0800: 4.057: [CMS-concurrent-preclean: 0.000/0.000 secs] [Times: user=0.00 sys=0.00, real=0.00 secs] 
2024-07-16T17:58:56.912+0800: 4.057: [CMS-concurrent-abortable-preclean-start]
{Heap before GC invocations=505 (full 57):
 par new generation   total 6144K, used 5239K [0x00000000fec00000, 0x00000000ff2a0000, 0x00000000ff2a0000)
  eden space 5504K,  95% used [0x00000000fec00000, 0x00000000ff11b780, 0x00000000ff160000)
  from space 640K,   1% used [0x00000000ff160000, 0x00000000ff162850, 0x00000000ff200000)
  to   space 640K,   0% used [0x00000000ff200000, 0x00000000ff200000, 0x00000000ff2a0000)
 concurrent mark-sweep generation total 13696K, used 7345K [0x00000000ff2a0000, 0x0000000100000000, 0x0000000100000000)
 Metaspace       used 5077K, capacity 5258K, committed 5504K, reserved 1056768K
  class space    used 557K, capacity 597K, committed 640K, reserved 1048576K
2024-07-16T17:58:56.918+0800: 4.063: [GC (Allocation Failure) 2024-07-16T17:58:56.918+0800: 4.063: [ParNew: 5239K->4K(6144K), 0.0003521 secs] 12585K->7349K(19840K), 0.0003869 secs] [Times: user=0.00 sys=0.00, real=0.00 secs] 
Heap after GC invocations=506 (full 57):
 par new generation   total 6144K, used 4K [0x00000000fec00000, 0x00000000ff2a0000, 0x00000000ff2a0000)
  eden space 5504K,   0% used [0x00000000fec00000, 0x00000000fec00000, 0x00000000ff160000)
  from space 640K,   0% used [0x00000000ff200000, 0x00000000ff201020, 0x00000000ff2a0000)
  to   space 640K,   0% used [0x00000000ff160000, 0x00000000ff160000, 0x00000000ff200000)
 concurrent mark-sweep generation total 13696K, used 7345K [0x00000000ff2a0000, 0x0000000100000000, 0x0000000100000000)
 Metaspace       used 5077K, capacity 5258K, committed 5504K, reserved 1056768K
  class space    used 557K, capacity 597K, committed 640K, reserved 1048576K
}
{Heap before GC invocations=506 (full 57):
 par new generation   total 6144K, used 5233K [0x00000000fec00000, 0x00000000ff2a0000, 0x00000000ff2a0000)
  eden space 5504K,  95% used [0x00000000fec00000, 0x00000000ff11b780, 0x00000000ff160000)
  from space 640K,   0% used [0x00000000ff200000, 0x00000000ff201020, 0x00000000ff2a0000)
  to   space 640K,   0% used [0x00000000ff160000, 0x00000000ff160000, 0x00000000ff200000)
 concurrent mark-sweep generation total 13696K, used 7345K [0x00000000ff2a0000, 0x0000000100000000, 0x0000000100000000)
 Metaspace       used 5077K, capacity 5258K, committed 5504K, reserved 1056768K
  class space    used 557K, capacity 597K, committed 640K, reserved 1048576K
2024-07-16T17:58:56.925+0800: 4.070: [GC (Allocation Failure) 2024-07-16T17:58:56.925+0800: 4.070: [ParNew: 5233K->6K(6144K), 0.0005428 secs] 12579K->8377K(19840K), 0.0005955 secs] [Times: user=0.00 sys=0.00, real=0.00 secs] 
Heap after GC invocations=507 (full 57):
 par new generation   total 6144K, used 6K [0x00000000fec00000, 0x00000000ff2a0000, 0x00000000ff2a0000)
  eden space 5504K,   0% used [0x00000000fec00000, 0x00000000fec00000, 0x00000000ff160000)
  from space 640K,   0% used [0x00000000ff160000, 0x00000000ff161830, 0x00000000ff200000)
  to   space 640K,   0% used [0x00000000ff200000, 0x00000000ff200000, 0x00000000ff2a0000)
 concurrent mark-sweep generation total 13696K, used 8371K [0x00000000ff2a0000, 0x0000000100000000, 0x0000000100000000)
 Metaspace       used 5077K, capacity 5258K, committed 5504K, reserved 1056768K
  class space    used 557K, capacity 597K, committed 640K, reserved 1048576K
}
{Heap before GC invocations=507 (full 57):
 par new generation   total 6144K, used 5235K [0x00000000fec00000, 0x00000000ff2a0000, 0x00000000ff2a0000)
  eden space 5504K,  95% used [0x00000000fec00000, 0x00000000ff11b780, 0x00000000ff160000)
  from space 640K,   0% used [0x00000000ff160000, 0x00000000ff161830, 0x00000000ff200000)
  to   space 640K,   0% used [0x00000000ff200000, 0x00000000ff200000, 0x00000000ff2a0000)
 concurrent mark-sweep generation total 13696K, used 8371K [0x00000000ff2a0000, 0x0000000100000000, 0x0000000100000000)
 Metaspace       used 5077K, capacity 5258K, committed 5504K, reserved 1056768K
  class space    used 557K, capacity 597K, committed 640K, reserved 1048576K
2024-07-16T17:58:56.931+0800: 4.076: [GC (Allocation Failure) 2024-07-16T17:58:56.931+0800: 4.076: [ParNew: 5235K->6K(6144K), 0.0005036 secs] 13607K->9403K(19840K), 0.0005554 secs] [Times: user=0.00 sys=0.00, real=0.00 secs] 
Heap after GC invocations=508 (full 57):
 par new generation   total 6144K, used 6K [0x00000000fec00000, 0x00000000ff2a0000, 0x00000000ff2a0000)
  eden space 5504K,   0% used [0x00000000fec00000, 0x00000000fec00000, 0x00000000ff160000)
  from space 640K,   0% used [0x00000000ff200000, 0x00000000ff201830, 0x00000000ff2a0000)
  to   space 640K,   0% used [0x00000000ff160000, 0x00000000ff160000, 0x00000000ff200000)
 concurrent mark-sweep generation total 13696K, used 9397K [0x00000000ff2a0000, 0x0000000100000000, 0x0000000100000000)
 Metaspace       used 5077K, capacity 5258K, committed 5504K, reserved 1056768K
  class space    used 557K, capacity 597K, committed 640K, reserved 1048576K
}
{Heap before GC invocations=508 (full 57):
 par new generation   total 6144K, used 5235K [0x00000000fec00000, 0x00000000ff2a0000, 0x00000000ff2a0000)
  eden space 5504K,  95% used [0x00000000fec00000, 0x00000000ff11b780, 0x00000000ff160000)
  from space 640K,   0% used [0x00000000ff200000, 0x00000000ff201830, 0x00000000ff2a0000)
  to   space 640K,   0% used [0x00000000ff160000, 0x00000000ff160000, 0x00000000ff200000)
 concurrent mark-sweep generation total 13696K, used 9397K [0x00000000ff2a0000, 0x0000000100000000, 0x0000000100000000)
 Metaspace       used 5077K, capacity 5258K, committed 5504K, reserved 1056768K
  class space    used 557K, capacity 597K, committed 640K, reserved 1048576K
2024-07-16T17:58:56.939+0800: 4.084: [GC (Allocation Failure) 2024-07-16T17:58:56.939+0800: 4.084: [ParNew: 5235K->6K(6144K), 0.0009613 secs] 14633K->10429K(19840K), 0.0010842 secs] [Times: user=0.00 sys=0.00, real=0.00 secs] 
Heap after GC invocations=509 (full 57):
 par new generation   total 6144K, used 6K [0x00000000fec00000, 0x00000000ff2a0000, 0x00000000ff2a0000)
  eden space 5504K,   0% used [0x00000000fec00000, 0x00000000fec00000, 0x00000000ff160000)
  from space 640K,   0% used [0x00000000ff160000, 0x00000000ff161830, 0x00000000ff200000)
  to   space 640K,   0% used [0x00000000ff200000, 0x00000000ff200000, 0x00000000ff2a0000)
 concurrent mark-sweep generation total 13696K, used 10423K [0x00000000ff2a0000, 0x0000000100000000, 0x0000000100000000)
 Metaspace       used 5077K, capacity 5258K, committed 5504K, reserved 1056768K
  class space    used 557K, capacity 597K, committed 640K, reserved 1048576K
}
{Heap before GC invocations=509 (full 57):
 par new generation   total 6144K, used 5235K [0x00000000fec00000, 0x00000000ff2a0000, 0x00000000ff2a0000)
  eden space 5504K,  95% used [0x00000000fec00000, 0x00000000ff11b780, 0x00000000ff160000)
  from space 640K,   0% used [0x00000000ff160000, 0x00000000ff161830, 0x00000000ff200000)
  to   space 640K,   0% used [0x00000000ff200000, 0x00000000ff200000, 0x00000000ff2a0000)
 concurrent mark-sweep generation total 13696K, used 10423K [0x00000000ff2a0000, 0x0000000100000000, 0x0000000100000000)
 Metaspace       used 5077K, capacity 5258K, committed 5504K, reserved 1056768K
  class space    used 557K, capacity 597K, committed 640K, reserved 1048576K
2024-07-16T17:58:56.948+0800: 4.093: [GC (Allocation Failure) 2024-07-16T17:58:56.948+0800: 4.093: [ParNew: 5235K->4K(6144K), 0.0007733 secs] 15659K->10427K(19840K), 0.0008426 secs] [Times: user=0.00 sys=0.00, real=0.00 secs] 
Heap after GC invocations=510 (full 57):
 par new generation   total 6144K, used 4K [0x00000000fec00000, 0x00000000ff2a0000, 0x00000000ff2a0000)
  eden space 5504K,   0% used [0x00000000fec00000, 0x00000000fec00000, 0x00000000ff160000)
  from space 640K,   0% used [0x00000000ff200000, 0x00000000ff201020, 0x00000000ff2a0000)
  to   space 640K,   0% used [0x00000000ff160000, 0x00000000ff160000, 0x00000000ff200000)
 concurrent mark-sweep generation total 13696K, used 10423K [0x00000000ff2a0000, 0x0000000100000000, 0x0000000100000000)
 Metaspace       used 5077K, capacity 5258K, committed 5504K, reserved 1056768K
  class space    used 557K, capacity 597K, committed 640K, reserved 1048576K
}
{Heap before GC invocations=510 (full 57):
 par new generation   total 6144K, used 5233K [0x00000000fec00000, 0x00000000ff2a0000, 0x00000000ff2a0000)
  eden space 5504K,  95% used [0x00000000fec00000, 0x00000000ff11b780, 0x00000000ff160000)
  from space 640K,   0% used [0x00000000ff200000, 0x00000000ff201020, 0x00000000ff2a0000)
  to   space 640K,   0% used [0x00000000ff160000, 0x00000000ff160000, 0x00000000ff200000)
 concurrent mark-sweep generation total 13696K, used 10423K [0x00000000ff2a0000, 0x0000000100000000, 0x0000000100000000)
 Metaspace       used 5077K, capacity 5258K, committed 5504K, reserved 1056768K
  class space    used 557K, capacity 597K, committed 640K, reserved 1048576K
2024-07-16T17:58:56.956+0800: 4.101: [GC (Allocation Failure) 2024-07-16T17:58:56.956+0800: 4.101: [ParNew: 5233K->6K(6144K), 0.0008554 secs] 15657K->11453K(19840K), 0.0009557 secs] [Times: user=0.00 sys=0.00, real=0.00 secs] 
Heap after GC invocations=511 (full 57):
 par new generation   total 6144K, used 6K [0x00000000fec00000, 0x00000000ff2a0000, 0x00000000ff2a0000)
  eden space 5504K,   0% used [0x00000000fec00000, 0x00000000fec00000, 0x00000000ff160000)
  from space 640K,   0% used [0x00000000ff160000, 0x00000000ff161830, 0x00000000ff200000)
  to   space 640K,   0% used [0x00000000ff200000, 0x00000000ff200000, 0x00000000ff2a0000)
 concurrent mark-sweep generation total 13696K, used 11447K [0x00000000ff2a0000, 0x0000000100000000, 0x0000000100000000)
 Metaspace       used 5077K, capacity 5258K, committed 5504K, reserved 1056768K
  class space    used 557K, capacity 597K, committed 640K, reserved 1048576K
}
{Heap before GC invocations=511 (full 57):
 par new generation   total 6144K, used 5235K [0x00000000fec00000, 0x00000000ff2a0000, 0x00000000ff2a0000)
  eden space 5504K,  95% used [0x00000000fec00000, 0x00000000ff11b780, 0x00000000ff160000)
  from space 640K,   0% used [0x00000000ff160000, 0x00000000ff161830, 0x00000000ff200000)
  to   space 640K,   0% used [0x00000000ff200000, 0x00000000ff200000, 0x00000000ff2a0000)
 concurrent mark-sweep generation total 13696K, used 11447K [0x00000000ff2a0000, 0x0000000100000000, 0x0000000100000000)
 Metaspace       used 5077K, capacity 5258K, committed 5504K, reserved 1056768K
  class space    used 557K, capacity 597K, committed 640K, reserved 1048576K
2024-07-16T17:58:56.964+0800: 4.109: [GC (Allocation Failure) 2024-07-16T17:58:56.964+0800: 4.109: [ParNew: 5235K->8K(6144K), 0.0006103 secs] 16683K->12479K(19840K), 0.0006648 secs] [Times: user=0.00 sys=0.00, real=0.00 secs] 
Heap after GC invocations=512 (full 57):
 par new generation   total 6144K, used 8K [0x00000000fec00000, 0x00000000ff2a0000, 0x00000000ff2a0000)
  eden space 5504K,   0% used [0x00000000fec00000, 0x00000000fec00000, 0x00000000ff160000)
  from space 640K,   1% used [0x00000000ff200000, 0x00000000ff202040, 0x00000000ff2a0000)
  to   space 640K,   0% used [0x00000000ff160000, 0x00000000ff160000, 0x00000000ff200000)
 concurrent mark-sweep generation total 13696K, used 12471K [0x00000000ff2a0000, 0x0000000100000000, 0x0000000100000000)
 Metaspace       used 5077K, capacity 5258K, committed 5504K, reserved 1056768K
  class space    used 557K, capacity 597K, committed 640K, reserved 1048576K
}
{Heap before GC invocations=512 (full 57):
 par new generation   total 6144K, used 5237K [0x00000000fec00000, 0x00000000ff2a0000, 0x00000000ff2a0000)
  eden space 5504K,  95% used [0x00000000fec00000, 0x00000000ff11b780, 0x00000000ff160000)
  from space 640K,   1% used [0x00000000ff200000, 0x00000000ff202040, 0x00000000ff2a0000)
  to   space 640K,   0% used [0x00000000ff160000, 0x00000000ff160000, 0x00000000ff200000)
 concurrent mark-sweep generation total 13696K, used 12471K [0x00000000ff2a0000, 0x0000000100000000, 0x0000000100000000)
 Metaspace       used 5077K, capacity 5258K, committed 5504K, reserved 1056768K
  class space    used 557K, capacity 597K, committed 640K, reserved 1048576K
2024-07-16T17:58:56.974+0800: 4.118: [GC (Allocation Failure) 2024-07-16T17:58:56.974+0800: 4.119: [ParNew: 5237K->5237K(6144K), 0.0000143 secs]2024-07-16T17:58:56.974+0800: 4.119: [CMS2024-07-16T17:58:56.974+0800: 4.119: [CMS-concurrent-abortable-preclean: 0.001/0.062 secs] [Times: user=0.00 sys=0.00, real=0.06 secs] 
 (concurrent mode failure): 12471K->1191K(13696K), 0.0028346 secs] 17709K->1191K(19840K), [Metaspace: 5077K->5077K(1056768K)], 0.0029232 secs] [Times: user=0.00 sys=0.00, real=0.00 secs] 
Heap after GC invocations=513 (full 58):
 par new generation   total 6144K, used 0K [0x00000000fec00000, 0x00000000ff2a0000, 0x00000000ff2a0000)
  eden space 5504K,   0% used [0x00000000fec00000, 0x00000000fec00000, 0x00000000ff160000)
  from space 640K,   0% used [0x00000000ff200000, 0x00000000ff200000, 0x00000000ff2a0000)
  to   space 640K,   0% used [0x00000000ff160000, 0x00000000ff160000, 0x00000000ff200000)
 concurrent mark-sweep generation total 13696K, used 1191K [0x00000000ff2a0000, 0x0000000100000000, 0x0000000100000000)
 Metaspace       used 5077K, capacity 5258K, committed 5504K, reserved 1056768K
  class space    used 557K, capacity 597K, committed 640K, reserved 1048576K
}
{Heap before GC invocations=513 (full 58):
 par new generation   total 6144K, used 5229K [0x00000000fec00000, 0x00000000ff2a0000, 0x00000000ff2a0000)
  eden space 5504K,  95% used [0x00000000fec00000, 0x00000000ff11b780, 0x00000000ff160000)
  from space 640K,   0% used [0x00000000ff200000, 0x00000000ff200000, 0x00000000ff2a0000)
  to   space 640K,   0% used [0x00000000ff160000, 0x00000000ff160000, 0x00000000ff200000)
 concurrent mark-sweep generation total 13696K, used 1191K [0x00000000ff2a0000, 0x0000000100000000, 0x0000000100000000)
 Metaspace       used 5077K, capacity 5258K, committed 5504K, reserved 1056768K
  class space    used 557K, capacity 597K, committed 640K, reserved 1048576K
2024-07-16T17:58:56.985+0800: 4.129: [GC (Allocation Failure) 2024-07-16T17:58:56.985+0800: 4.130: [ParNew: 5229K->4K(6144K), 0.0003554 secs] 6420K->1195K(19840K), 0.0004199 secs] [Times: user=0.00 sys=0.00, real=0.00 secs] 
Heap after GC invocations=514 (full 58):
 par new generation   total 6144K, used 4K [0x00000000fec00000, 0x00000000ff2a0000, 0x00000000ff2a0000)
  eden space 5504K,   0% used [0x00000000fec00000, 0x00000000fec00000, 0x00000000ff160000)
  from space 640K,   0% used [0x00000000ff160000, 0x00000000ff161020, 0x00000000ff200000)
  to   space 640K,   0% used [0x00000000ff200000, 0x00000000ff200000, 0x00000000ff2a0000)
 concurrent mark-sweep generation total 13696K, used 1191K [0x00000000ff2a0000, 0x0000000100000000, 0x0000000100000000)
 Metaspace       used 5077K, capacity 5258K, committed 5504K, reserved 1056768K
  class space    used 557K, capacity 597K, committed 640K, reserved 1048576K
}
{Heap before GC invocations=514 (full 58):
 par new generation   total 6144K, used 5233K [0x00000000fec00000, 0x00000000ff2a0000, 0x00000000ff2a0000)
  eden space 5504K,  95% used [0x00000000fec00000, 0x00000000ff11b780, 0x00000000ff160000)
  from space 640K,   0% used [0x00000000ff160000, 0x00000000ff161020, 0x00000000ff200000)
  to   space 640K,   0% used [0x00000000ff200000, 0x00000000ff200000, 0x00000000ff2a0000)
 concurrent mark-sweep generation total 13696K, used 1191K [0x00000000ff2a0000, 0x0000000100000000, 0x0000000100000000)
 Metaspace       used 5077K, capacity 5258K, committed 5504K, reserved 1056768K
  class space    used 557K, capacity 597K, committed 640K, reserved 1048576K
2024-07-16T17:58:56.993+0800: 4.137: [GC (Allocation Failure) 2024-07-16T17:58:56.993+0800: 4.138: [ParNew: 5233K->4K(6144K), 0.0004294 secs] 6424K->1195K(19840K), 0.0004943 secs] [Times: user=0.00 sys=0.00, real=0.00 secs] 
Heap after GC invocations=515 (full 58):
 par new generation   total 6144K, used 4K [0x00000000fec00000, 0x00000000ff2a0000, 0x00000000ff2a0000)
  eden space 5504K,   0% used [0x00000000fec00000, 0x00000000fec00000, 0x00000000ff160000)
  from space 640K,   0% used [0x00000000ff200000, 0x00000000ff201020, 0x00000000ff2a0000)
  to   space 640K,   0% used [0x00000000ff160000, 0x00000000ff160000, 0x00000000ff200000)
 concurrent mark-sweep generation total 13696K, used 1191K [0x00000000ff2a0000, 0x0000000100000000, 0x0000000100000000)
 Metaspace       used 5077K, capacity 5258K, committed 5504K, reserved 1056768K
  class space    used 557K, capacity 597K, committed 640K, reserved 1048576K
}
{Heap before GC invocations=515 (full 58):
 par new generation   total 6144K, used 5233K [0x00000000fec00000, 0x00000000ff2a0000, 0x00000000ff2a0000)
  eden space 5504K,  95% used [0x00000000fec00000, 0x00000000ff11b780, 0x00000000ff160000)
  from space 640K,   0% used [0x00000000ff200000, 0x00000000ff201020, 0x00000000ff2a0000)
  to   space 640K,   0% used [0x00000000ff160000, 0x00000000ff160000, 0x00000000ff200000)
 concurrent mark-sweep generation total 13696K, used 1191K [0x00000000ff2a0000, 0x0000000100000000, 0x0000000100000000)
 Metaspace       used 5077K, capacity 5258K, committed 5504K, reserved 1056768K
  class space    used 557K, capacity 597K, committed 640K, reserved 1048576K
2024-07-16T17:58:56.999+0800: 4.144: [GC (Allocation Failure) 2024-07-16T17:58:56.999+0800: 4.144: [ParNew: 5233K->8K(6144K), 0.0009536 secs] 6424K->2225K(19840K), 0.0010242 secs] [Times: user=0.00 sys=0.00, real=0.00 secs] 
Heap after GC invocations=516 (full 58):
 par new generation   total 6144K, used 8K [0x00000000fec00000, 0x00000000ff2a0000, 0x00000000ff2a0000)
  eden space 5504K,   0% used [0x00000000fec00000, 0x00000000fec00000, 0x00000000ff160000)
  from space 640K,   1% used [0x00000000ff160000, 0x00000000ff162040, 0x00000000ff200000)
  to   space 640K,   0% used [0x00000000ff200000, 0x00000000ff200000, 0x00000000ff2a0000)
 concurrent mark-sweep generation total 13696K, used 2217K [0x00000000ff2a0000, 0x0000000100000000, 0x0000000100000000)
 Metaspace       used 5077K, capacity 5258K, committed 5504K, reserved 1056768K
  class space    used 557K, capacity 597K, committed 640K, reserved 1048576K
}
{Heap before GC invocations=516 (full 58):
 par new generation   total 6144K, used 5237K [0x00000000fec00000, 0x00000000ff2a0000, 0x00000000ff2a0000)
  eden space 5504K,  95% used [0x00000000fec00000, 0x00000000ff11b780, 0x00000000ff160000)
  from space 640K,   1% used [0x00000000ff160000, 0x00000000ff162040, 0x00000000ff200000)
  to   space 640K,   0% used [0x00000000ff200000, 0x00000000ff200000, 0x00000000ff2a0000)
 concurrent mark-sweep generation total 13696K, used 2217K [0x00000000ff2a0000, 0x0000000100000000, 0x0000000100000000)
 Metaspace       used 5077K, capacity 5258K, committed 5504K, reserved 1056768K
  class space    used 557K, capacity 597K, committed 640K, reserved 1048576K
2024-07-16T17:58:57.007+0800: 4.152: [GC (Allocation Failure) 2024-07-16T17:58:57.007+0800: 4.152: [ParNew: 5237K->2K(6144K), 0.0006931 secs] 7455K->2219K(19840K), 0.0007670 secs] [Times: user=0.00 sys=0.00, real=0.00 secs] 
Heap after GC invocations=517 (full 58):
 par new generation   total 6144K, used 2K [0x00000000fec00000, 0x00000000ff2a0000, 0x00000000ff2a0000)
  eden space 5504K,   0% used [0x00000000fec00000, 0x00000000fec00000, 0x00000000ff160000)
  from space 640K,   0% used [0x00000000ff200000, 0x00000000ff200810, 0x00000000ff2a0000)
  to   space 640K,   0% used [0x00000000ff160000, 0x00000000ff160000, 0x00000000ff200000)
 concurrent mark-sweep generation total 13696K, used 2217K [0x00000000ff2a0000, 0x0000000100000000, 0x0000000100000000)
 Metaspace       used 5077K, capacity 5258K, committed 5504K, reserved 1056768K
  class space    used 557K, capacity 597K, committed 640K, reserved 1048576K
}
{Heap before GC invocations=517 (full 58):
 par new generation   total 6144K, used 5231K [0x00000000fec00000, 0x00000000ff2a0000, 0x00000000ff2a0000)
  eden space 5504K,  95% used [0x00000000fec00000, 0x00000000ff11b780, 0x00000000ff160000)
  from space 640K,   0% used [0x00000000ff200000, 0x00000000ff200810, 0x00000000ff2a0000)
  to   space 640K,   0% used [0x00000000ff160000, 0x00000000ff160000, 0x00000000ff200000)
 concurrent mark-sweep generation total 13696K, used 2217K [0x00000000ff2a0000, 0x0000000100000000, 0x0000000100000000)
 Metaspace       used 5077K, capacity 5258K, committed 5504K, reserved 1056768K
  class space    used 557K, capacity 597K, committed 640K, reserved 1048576K
2024-07-16T17:58:57.015+0800: 4.160: [GC (Allocation Failure) 2024-07-16T17:58:57.015+0800: 4.160: [ParNew: 5231K->4K(6144K), 0.0010591 secs] 7449K->2221K(19840K), 0.0011446 secs] [Times: user=0.00 sys=0.00, real=0.00 secs] 
Heap after GC invocations=518 (full 58):
 par new generation   total 6144K, used 4K [0x00000000fec00000, 0x00000000ff2a0000, 0x00000000ff2a0000)
  eden space 5504K,   0% used [0x00000000fec00000, 0x00000000fec00000, 0x00000000ff160000)
  from space 640K,   0% used [0x00000000ff160000, 0x00000000ff161020, 0x00000000ff200000)
  to   space 640K,   0% used [0x00000000ff200000, 0x00000000ff200000, 0x00000000ff2a0000)
 concurrent mark-sweep generation total 13696K, used 2217K [0x00000000ff2a0000, 0x0000000100000000, 0x0000000100000000)
 Metaspace       used 5077K, capacity 5258K, committed 5504K, reserved 1056768K
  class space    used 557K, capacity 597K, committed 640K, reserved 1048576K
}
{Heap before GC invocations=518 (full 58):
 par new generation   total 6144K, used 5233K [0x00000000fec00000, 0x00000000ff2a0000, 0x00000000ff2a0000)
  eden space 5504K,  95% used [0x00000000fec00000, 0x00000000ff11b780, 0x00000000ff160000)
  from space 640K,   0% used [0x00000000ff160000, 0x00000000ff161020, 0x00000000ff200000)
  to   space 640K,   0% used [0x00000000ff200000, 0x00000000ff200000, 0x00000000ff2a0000)
 concurrent mark-sweep generation total 13696K, used 2217K [0x00000000ff2a0000, 0x0000000100000000, 0x0000000100000000)
 Metaspace       used 5077K, capacity 5258K, committed 5504K, reserved 1056768K
  class space    used 557K, capacity 597K, committed 640K, reserved 1048576K
2024-07-16T17:58:57.024+0800: 4.169: [GC (Allocation Failure) 2024-07-16T17:58:57.024+0800: 4.169: [ParNew: 5233K->8K(6144K), 0.0015296 secs] 7451K->4275K(19840K), 0.0016788 secs] [Times: user=0.00 sys=0.00, real=0.00 secs] 
Heap after GC invocations=519 (full 58):
 par new generation   total 6144K, used 8K [0x00000000fec00000, 0x00000000ff2a0000, 0x00000000ff2a0000)
  eden space 5504K,   0% used [0x00000000fec00000, 0x00000000fec00000, 0x00000000ff160000)
  from space 640K,   1% used [0x00000000ff200000, 0x00000000ff202040, 0x00000000ff2a0000)
  to   space 640K,   0% used [0x00000000ff160000, 0x00000000ff160000, 0x00000000ff200000)
 concurrent mark-sweep generation total 13696K, used 4267K [0x00000000ff2a0000, 0x0000000100000000, 0x0000000100000000)
 Metaspace       used 5077K, capacity 5258K, committed 5504K, reserved 1056768K
  class space    used 557K, capacity 597K, committed 640K, reserved 1048576K
}
{Heap before GC invocations=519 (full 58):
 par new generation   total 6144K, used 5237K [0x00000000fec00000, 0x00000000ff2a0000, 0x00000000ff2a0000)
  eden space 5504K,  95% used [0x00000000fec00000, 0x00000000ff11b780, 0x00000000ff160000)
  from space 640K,   1% used [0x00000000ff200000, 0x00000000ff202040, 0x00000000ff2a0000)
  to   space 640K,   0% used [0x00000000ff160000, 0x00000000ff160000, 0x00000000ff200000)
 concurrent mark-sweep generation total 13696K, used 4267K [0x00000000ff2a0000, 0x0000000100000000, 0x0000000100000000)
 Metaspace       used 5077K, capacity 5258K, committed 5504K, reserved 1056768K
  class space    used 557K, capacity 597K, committed 640K, reserved 1048576K
2024-07-16T17:58:57.034+0800: 4.178: [GC (Allocation Failure) 2024-07-16T17:58:57.034+0800: 4.178: [ParNew: 5237K->4K(6144K), 0.0002963 secs] 9505K->4271K(19840K), 0.0003371 secs] [Times: user=0.00 sys=0.00, real=0.00 secs] 
Heap after GC invocations=520 (full 58):
 par new generation   total 6144K, used 4K [0x00000000fec00000, 0x00000000ff2a0000, 0x00000000ff2a0000)
  eden space 5504K,   0% used [0x00000000fec00000, 0x00000000fec00000, 0x00000000ff160000)
  from space 640K,   0% used [0x00000000ff160000, 0x00000000ff161020, 0x00000000ff200000)
  to   space 640K,   0% used [0x00000000ff200000, 0x00000000ff200000, 0x00000000ff2a0000)
 concurrent mark-sweep generation total 13696K, used 4267K [0x00000000ff2a0000, 0x0000000100000000, 0x0000000100000000)
 Metaspace       used 5077K, capacity 5258K, committed 5504K, reserved 1056768K
  class space    used 557K, capacity 597K, committed 640K, reserved 1048576K
}
{Heap before GC invocations=520 (full 58):
 par new generation   total 6144K, used 5233K [0x00000000fec00000, 0x00000000ff2a0000, 0x00000000ff2a0000)
  eden space 5504K,  95% used [0x00000000fec00000, 0x00000000ff11b780, 0x00000000ff160000)
  from space 640K,   0% used [0x00000000ff160000, 0x00000000ff161020, 0x00000000ff200000)
  to   space 640K,   0% used [0x00000000ff200000, 0x00000000ff200000, 0x00000000ff2a0000)
 concurrent mark-sweep generation total 13696K, used 4267K [0x00000000ff2a0000, 0x0000000100000000, 0x0000000100000000)
 Metaspace       used 5077K, capacity 5258K, committed 5504K, reserved 1056768K
  class space    used 557K, capacity 597K, committed 640K, reserved 1048576K
2024-07-16T17:58:57.040+0800: 4.184: [GC (Allocation Failure) 2024-07-16T17:58:57.040+0800: 4.184: [ParNew: 5233K->2K(6144K), 0.0002967 secs] 9501K->4269K(19840K), 0.0003260 secs] [Times: user=0.00 sys=0.00, real=0.00 secs] 
Heap after GC invocations=521 (full 58):
 par new generation   total 6144K, used 2K [0x00000000fec00000, 0x00000000ff2a0000, 0x00000000ff2a0000)
  eden space 5504K,   0% used [0x00000000fec00000, 0x00000000fec00000, 0x00000000ff160000)
  from space 640K,   0% used [0x00000000ff200000, 0x00000000ff200810, 0x00000000ff2a0000)
  to   space 640K,   0% used [0x00000000ff160000, 0x00000000ff160000, 0x00000000ff200000)
 concurrent mark-sweep generation total 13696K, used 4267K [0x00000000ff2a0000, 0x0000000100000000, 0x0000000100000000)
 Metaspace       used 5077K, capacity 5258K, committed 5504K, reserved 1056768K
  class space    used 557K, capacity 597K, committed 640K, reserved 1048576K
}
{Heap before GC invocations=521 (full 58):
 par new generation   total 6144K, used 5231K [0x00000000fec00000, 0x00000000ff2a0000, 0x00000000ff2a0000)
  eden space 5504K,  95% used [0x00000000fec00000, 0x00000000ff11b780, 0x00000000ff160000)
  from space 640K,   0% used [0x00000000ff200000, 0x00000000ff200810, 0x00000000ff2a0000)
  to   space 640K,   0% used [0x00000000ff160000, 0x00000000ff160000, 0x00000000ff200000)
 concurrent mark-sweep generation total 13696K, used 4267K [0x00000000ff2a0000, 0x0000000100000000, 0x0000000100000000)
 Metaspace       used 5077K, capacity 5258K, committed 5504K, reserved 1056768K
  class space    used 557K, capacity 597K, committed 640K, reserved 1048576K
2024-07-16T17:58:57.047+0800: 4.191: [GC (Allocation Failure) 2024-07-16T17:58:57.047+0800: 4.191: [ParNew: 5231K->4K(6144K), 0.0004372 secs] 9499K->4271K(19840K), 0.0005229 secs] [Times: user=0.00 sys=0.00, real=0.00 secs] 
Heap after GC invocations=522 (full 58):
 par new generation   total 6144K, used 4K [0x00000000fec00000, 0x00000000ff2a0000, 0x00000000ff2a0000)
  eden space 5504K,   0% used [0x00000000fec00000, 0x00000000fec00000, 0x00000000ff160000)
  from space 640K,   0% used [0x00000000ff160000, 0x00000000ff161020, 0x00000000ff200000)
  to   space 640K,   0% used [0x00000000ff200000, 0x00000000ff200000, 0x00000000ff2a0000)
 concurrent mark-sweep generation total 13696K, used 4267K [0x00000000ff2a0000, 0x0000000100000000, 0x0000000100000000)
 Metaspace       used 5077K, capacity 5258K, committed 5504K, reserved 1056768K
  class space    used 557K, capacity 597K, committed 640K, reserved 1048576K
}
{Heap before GC invocations=522 (full 58):
 par new generation   total 6144K, used 5233K [0x00000000fec00000, 0x00000000ff2a0000, 0x00000000ff2a0000)
  eden space 5504K,  95% used [0x00000000fec00000, 0x00000000ff11b780, 0x00000000ff160000)
  from space 640K,   0% used [0x00000000ff160000, 0x00000000ff161020, 0x00000000ff200000)
  to   space 640K,   0% used [0x00000000ff200000, 0x00000000ff200000, 0x00000000ff2a0000)
 concurrent mark-sweep generation total 13696K, used 4267K [0x00000000ff2a0000, 0x0000000100000000, 0x0000000100000000)
 Metaspace       used 5077K, capacity 5258K, committed 5504K, reserved 1056768K
  class space    used 557K, capacity 597K, committed 640K, reserved 1048576K
2024-07-16T17:58:57.054+0800: 4.198: [GC (Allocation Failure) 2024-07-16T17:58:57.054+0800: 4.199: [ParNew: 5233K->4K(6144K), 0.0004139 secs] 9501K->4271K(19840K), 0.0005092 secs] [Times: user=0.00 sys=0.00, real=0.00 secs] 
Heap after GC invocations=523 (full 58):
 par new generation   total 6144K, used 4K [0x00000000fec00000, 0x00000000ff2a0000, 0x00000000ff2a0000)
  eden space 5504K,   0% used [0x00000000fec00000, 0x00000000fec00000, 0x00000000ff160000)
  from space 640K,   0% used [0x00000000ff200000, 0x00000000ff201020, 0x00000000ff2a0000)
  to   space 640K,   0% used [0x00000000ff160000, 0x00000000ff160000, 0x00000000ff200000)
 concurrent mark-sweep generation total 13696K, used 4267K [0x00000000ff2a0000, 0x0000000100000000, 0x0000000100000000)
 Metaspace       used 5077K, capacity 5258K, committed 5504K, reserved 1056768K
  class space    used 557K, capacity 597K, committed 640K, reserved 1048576K
}
{Heap before GC invocations=523 (full 58):
 par new generation   total 6144K, used 5233K [0x00000000fec00000, 0x00000000ff2a0000, 0x00000000ff2a0000)
  eden space 5504K,  95% used [0x00000000fec00000, 0x00000000ff11b780, 0x00000000ff160000)
  from space 640K,   0% used [0x00000000ff200000, 0x00000000ff201020, 0x00000000ff2a0000)
  to   space 640K,   0% used [0x00000000ff160000, 0x00000000ff160000, 0x00000000ff200000)
 concurrent mark-sweep generation total 13696K, used 4267K [0x00000000ff2a0000, 0x0000000100000000, 0x0000000100000000)
 Metaspace       used 5077K, capacity 5258K, committed 5504K, reserved 1056768K
  class space    used 557K, capacity 597K, committed 640K, reserved 1048576K
2024-07-16T17:58:57.060+0800: 4.205: [GC (Allocation Failure) 2024-07-16T17:58:57.060+0800: 4.205: [ParNew: 5233K->6K(6144K), 0.0011351 secs] 9501K->5297K(19840K), 0.0012177 secs] [Times: user=0.00 sys=0.00, real=0.00 secs] 
Heap after GC invocations=524 (full 58):
 par new generation   total 6144K, used 6K [0x00000000fec00000, 0x00000000ff2a0000, 0x00000000ff2a0000)
  eden space 5504K,   0% used [0x00000000fec00000, 0x00000000fec00000, 0x00000000ff160000)
  from space 640K,   0% used [0x00000000ff160000, 0x00000000ff161830, 0x00000000ff200000)
  to   space 640K,   0% used [0x00000000ff200000, 0x00000000ff200000, 0x00000000ff2a0000)
 concurrent mark-sweep generation total 13696K, used 5291K [0x00000000ff2a0000, 0x0000000100000000, 0x0000000100000000)
 Metaspace       used 5077K, capacity 5258K, committed 5504K, reserved 1056768K
  class space    used 557K, capacity 597K, committed 640K, reserved 1048576K
}
{Heap before GC invocations=524 (full 58):
 par new generation   total 6144K, used 5235K [0x00000000fec00000, 0x00000000ff2a0000, 0x00000000ff2a0000)
  eden space 5504K,  95% used [0x00000000fec00000, 0x00000000ff11b780, 0x00000000ff160000)
  from space 640K,   0% used [0x00000000ff160000, 0x00000000ff161830, 0x00000000ff200000)
  to   space 640K,   0% used [0x00000000ff200000, 0x00000000ff200000, 0x00000000ff2a0000)
 concurrent mark-sweep generation total 13696K, used 5291K [0x00000000ff2a0000, 0x0000000100000000, 0x0000000100000000)
 Metaspace       used 5077K, capacity 5258K, committed 5504K, reserved 1056768K
  class space    used 557K, capacity 597K, committed 640K, reserved 1048576K
2024-07-16T17:58:57.070+0800: 4.215: [GC (Allocation Failure) 2024-07-16T17:58:57.070+0800: 4.215: [ParNew: 5235K->2K(6144K), 0.0007613 secs] 10527K->5293K(19840K), 0.0008090 secs] [Times: user=0.00 sys=0.00, real=0.00 secs] 
Heap after GC invocations=525 (full 58):
 par new generation   total 6144K, used 2K [0x00000000fec00000, 0x00000000ff2a0000, 0x00000000ff2a0000)
  eden space 5504K,   0% used [0x00000000fec00000, 0x00000000fec00000, 0x00000000ff160000)
  from space 640K,   0% used [0x00000000ff200000, 0x00000000ff200810, 0x00000000ff2a0000)
  to   space 640K,   0% used [0x00000000ff160000, 0x00000000ff160000, 0x00000000ff200000)
 concurrent mark-sweep generation total 13696K, used 5291K [0x00000000ff2a0000, 0x0000000100000000, 0x0000000100000000)
 Metaspace       used 5077K, capacity 5258K, committed 5504K, reserved 1056768K
  class space    used 557K, capacity 597K, committed 640K, reserved 1048576K
}
{Heap before GC invocations=525 (full 58):
 par new generation   total 6144K, used 5231K [0x00000000fec00000, 0x00000000ff2a0000, 0x00000000ff2a0000)
  eden space 5504K,  95% used [0x00000000fec00000, 0x00000000ff11b780, 0x00000000ff160000)
  from space 640K,   0% used [0x00000000ff200000, 0x00000000ff200810, 0x00000000ff2a0000)
  to   space 640K,   0% used [0x00000000ff160000, 0x00000000ff160000, 0x00000000ff200000)
 concurrent mark-sweep generation total 13696K, used 5291K [0x00000000ff2a0000, 0x0000000100000000, 0x0000000100000000)
 Metaspace       used 5077K, capacity 5258K, committed 5504K, reserved 1056768K
  class space    used 557K, capacity 597K, committed 640K, reserved 1048576K
2024-07-16T17:58:57.078+0800: 4.223: [GC (Allocation Failure) 2024-07-16T17:58:57.078+0800: 4.223: [ParNew: 5231K->4K(6144K), 0.0009493 secs] 10523K->5295K(19840K), 0.0010205 secs] [Times: user=0.00 sys=0.00, real=0.00 secs] 
Heap after GC invocations=526 (full 58):
 par new generation   total 6144K, used 4K [0x00000000fec00000, 0x00000000ff2a0000, 0x00000000ff2a0000)
  eden space 5504K,   0% used [0x00000000fec00000, 0x00000000fec00000, 0x00000000ff160000)
  from space 640K,   0% used [0x00000000ff160000, 0x00000000ff161020, 0x00000000ff200000)
  to   space 640K,   0% used [0x00000000ff200000, 0x00000000ff200000, 0x00000000ff2a0000)
 concurrent mark-sweep generation total 13696K, used 5291K [0x00000000ff2a0000, 0x0000000100000000, 0x0000000100000000)
 Metaspace       used 5077K, capacity 5258K, committed 5504K, reserved 1056768K
  class space    used 557K, capacity 597K, committed 640K, reserved 1048576K
}
{Heap before GC invocations=526 (full 58):
 par new generation   total 6144K, used 5233K [0x00000000fec00000, 0x00000000ff2a0000, 0x00000000ff2a0000)
  eden space 5504K,  95% used [0x00000000fec00000, 0x00000000ff11b780, 0x00000000ff160000)
  from space 640K,   0% used [0x00000000ff160000, 0x00000000ff161020, 0x00000000ff200000)
  to   space 640K,   0% used [0x00000000ff200000, 0x00000000ff200000, 0x00000000ff2a0000)
 concurrent mark-sweep generation total 13696K, used 5291K [0x00000000ff2a0000, 0x0000000100000000, 0x0000000100000000)
 Metaspace       used 5077K, capacity 5258K, committed 5504K, reserved 1056768K
  class space    used 557K, capacity 597K, committed 640K, reserved 1048576K
2024-07-16T17:58:57.086+0800: 4.231: [GC (Allocation Failure) 2024-07-16T17:58:57.086+0800: 4.231: [ParNew: 5233K->6K(6144K), 0.0011234 secs] 10525K->6323K(19840K), 0.0012407 secs] [Times: user=0.00 sys=0.00, real=0.00 secs] 
Heap after GC invocations=527 (full 58):
 par new generation   total 6144K, used 6K [0x00000000fec00000, 0x00000000ff2a0000, 0x00000000ff2a0000)
  eden space 5504K,   0% used [0x00000000fec00000, 0x00000000fec00000, 0x00000000ff160000)
  from space 640K,   0% used [0x00000000ff200000, 0x00000000ff201830, 0x00000000ff2a0000)
  to   space 640K,   0% used [0x00000000ff160000, 0x00000000ff160000, 0x00000000ff200000)
 concurrent mark-sweep generation total 13696K, used 6317K [0x00000000ff2a0000, 0x0000000100000000, 0x0000000100000000)
 Metaspace       used 5077K, capacity 5258K, committed 5504K, reserved 1056768K
  class space    used 557K, capacity 597K, committed 640K, reserved 1048576K
}
{Heap before GC invocations=527 (full 58):
 par new generation   total 6144K, used 5235K [0x00000000fec00000, 0x00000000ff2a0000, 0x00000000ff2a0000)
  eden space 5504K,  95% used [0x00000000fec00000, 0x00000000ff11b780, 0x00000000ff160000)
  from space 640K,   0% used [0x00000000ff200000, 0x00000000ff201830, 0x00000000ff2a0000)
  to   space 640K,   0% used [0x00000000ff160000, 0x00000000ff160000, 0x00000000ff200000)
 concurrent mark-sweep generation total 13696K, used 6317K [0x00000000ff2a0000, 0x0000000100000000, 0x0000000100000000)
 Metaspace       used 5077K, capacity 5258K, committed 5504K, reserved 1056768K
  class space    used 557K, capacity 597K, committed 640K, reserved 1048576K
2024-07-16T17:58:57.093+0800: 4.238: [GC (Allocation Failure) 2024-07-16T17:58:57.093+0800: 4.238: [ParNew: 5235K->4K(6144K), 0.0010196 secs] 11553K->7347K(19840K), 0.0011207 secs] [Times: user=0.00 sys=0.00, real=0.00 secs] 
Heap after GC invocations=528 (full 58):
 par new generation   total 6144K, used 4K [0x00000000fec00000, 0x00000000ff2a0000, 0x00000000ff2a0000)
  eden space 5504K,   0% used [0x00000000fec00000, 0x00000000fec00000, 0x00000000ff160000)
  from space 640K,   0% used [0x00000000ff160000, 0x00000000ff161020, 0x00000000ff200000)
  to   space 640K,   0% used [0x00000000ff200000, 0x00000000ff200000, 0x00000000ff2a0000)
 concurrent mark-sweep generation total 13696K, used 7343K [0x00000000ff2a0000, 0x0000000100000000, 0x0000000100000000)
 Metaspace       used 5077K, capacity 5258K, committed 5504K, reserved 1056768K
  class space    used 557K, capacity 597K, committed 640K, reserved 1048576K
}
{Heap before GC invocations=528 (full 58):
 par new generation   total 6144K, used 5233K [0x00000000fec00000, 0x00000000ff2a0000, 0x00000000ff2a0000)
  eden space 5504K,  95% used [0x00000000fec00000, 0x00000000ff11b780, 0x00000000ff160000)
  from space 640K,   0% used [0x00000000ff160000, 0x00000000ff161020, 0x00000000ff200000)
  to   space 640K,   0% used [0x00000000ff200000, 0x00000000ff200000, 0x00000000ff2a0000)
 concurrent mark-sweep generation total 13696K, used 7343K [0x00000000ff2a0000, 0x0000000100000000, 0x0000000100000000)
 Metaspace       used 5077K, capacity 5258K, committed 5504K, reserved 1056768K
  class space    used 557K, capacity 597K, committed 640K, reserved 1048576K
2024-07-16T17:58:57.102+0800: 4.247: [GC (Allocation Failure) 2024-07-16T17:58:57.102+0800: 4.247: [ParNew: 5233K->6K(6144K), 0.0010997 secs] 12577K->8373K(19840K), 0.0012343 secs] [Times: user=0.00 sys=0.00, real=0.00 secs] 
Heap after GC invocations=529 (full 58):
 par new generation   total 6144K, used 6K [0x00000000fec00000, 0x00000000ff2a0000, 0x00000000ff2a0000)
  eden space 5504K,   0% used [0x00000000fec00000, 0x00000000fec00000, 0x00000000ff160000)
  from space 640K,   0% used [0x00000000ff200000, 0x00000000ff201830, 0x00000000ff2a0000)
  to   space 640K,   0% used [0x00000000ff160000, 0x00000000ff160000, 0x00000000ff200000)
 concurrent mark-sweep generation total 13696K, used 8367K [0x00000000ff2a0000, 0x0000000100000000, 0x0000000100000000)
 Metaspace       used 5077K, capacity 5258K, committed 5504K, reserved 1056768K
  class space    used 557K, capacity 597K, committed 640K, reserved 1048576K
}
2024-07-16T17:58:57.103+0800: 4.248: [GC (CMS Initial Mark) [1 CMS-initial-mark: 8367K(13696K)] 9399K(19840K), 0.0005443 secs] [Times: user=0.00 sys=0.00, real=0.00 secs] 
2024-07-16T17:58:57.104+0800: 4.249: [CMS-concurrent-mark-start]
2024-07-16T17:58:57.108+0800: 4.253: [CMS-concurrent-mark: 0.004/0.004 secs] [Times: user=0.00 sys=0.00, real=0.00 secs] 
2024-07-16T17:58:57.108+0800: 4.253: [CMS-concurrent-preclean-start]
2024-07-16T17:58:57.108+0800: 4.253: [CMS-concurrent-preclean: 0.000/0.000 secs] [Times: user=0.00 sys=0.00, real=0.00 secs] 
2024-07-16T17:58:57.108+0800: 4.253: [CMS-concurrent-abortable-preclean-start]
{Heap before GC invocations=529 (full 59):
 par new generation   total 6144K, used 5235K [0x00000000fec00000, 0x00000000ff2a0000, 0x00000000ff2a0000)
  eden space 5504K,  95% used [0x00000000fec00000, 0x00000000ff11b780, 0x00000000ff160000)
  from space 640K,   0% used [0x00000000ff200000, 0x00000000ff201830, 0x00000000ff2a0000)
  to   space 640K,   0% used [0x00000000ff160000, 0x00000000ff160000, 0x00000000ff200000)
 concurrent mark-sweep generation total 13696K, used 8367K [0x00000000ff2a0000, 0x0000000100000000, 0x0000000100000000)
 Metaspace       used 5077K, capacity 5258K, committed 5504K, reserved 1056768K
  class space    used 557K, capacity 597K, committed 640K, reserved 1048576K
2024-07-16T17:58:57.113+0800: 4.257: [GC (Allocation Failure) 2024-07-16T17:58:57.113+0800: 4.257: [ParNew: 5235K->4K(6144K), 0.0002809 secs] 13603K->8371K(19840K), 0.0003082 secs] [Times: user=0.00 sys=0.00, real=0.00 secs] 
Heap after GC invocations=530 (full 59):
 par new generation   total 6144K, used 4K [0x00000000fec00000, 0x00000000ff2a0000, 0x00000000ff2a0000)
  eden space 5504K,   0% used [0x00000000fec00000, 0x00000000fec00000, 0x00000000ff160000)
  from space 640K,   0% used [0x00000000ff160000, 0x00000000ff161020, 0x00000000ff200000)
  to   space 640K,   0% used [0x00000000ff200000, 0x00000000ff200000, 0x00000000ff2a0000)
 concurrent mark-sweep generation total 13696K, used 8367K [0x00000000ff2a0000, 0x0000000100000000, 0x0000000100000000)
 Metaspace       used 5077K, capacity 5258K, committed 5504K, reserved 1056768K
  class space    used 557K, capacity 597K, committed 640K, reserved 1048576K
}
{Heap before GC invocations=530 (full 59):
 par new generation   total 6144K, used 5233K [0x00000000fec00000, 0x00000000ff2a0000, 0x00000000ff2a0000)
  eden space 5504K,  95% used [0x00000000fec00000, 0x00000000ff11b780, 0x00000000ff160000)
  from space 640K,   0% used [0x00000000ff160000, 0x00000000ff161020, 0x00000000ff200000)
  to   space 640K,   0% used [0x00000000ff200000, 0x00000000ff200000, 0x00000000ff2a0000)
 concurrent mark-sweep generation total 13696K, used 8367K [0x00000000ff2a0000, 0x0000000100000000, 0x0000000100000000)
 Metaspace       used 5077K, capacity 5258K, committed 5504K, reserved 1056768K
  class space    used 557K, capacity 597K, committed 640K, reserved 1048576K
2024-07-16T17:58:57.121+0800: 4.265: [GC (Allocation Failure) 2024-07-16T17:58:57.121+0800: 4.266: [ParNew: 5233K->8K(6144K), 0.0006537 secs] 13601K->9401K(19840K), 0.0007211 secs] [Times: user=0.00 sys=0.00, real=0.00 secs] 
Heap after GC invocations=531 (full 59):
 par new generation   total 6144K, used 8K [0x00000000fec00000, 0x00000000ff2a0000, 0x00000000ff2a0000)
  eden space 5504K,   0% used [0x00000000fec00000, 0x00000000fec00000, 0x00000000ff160000)
  from space 640K,   1% used [0x00000000ff200000, 0x00000000ff202040, 0x00000000ff2a0000)
  to   space 640K,   0% used [0x00000000ff160000, 0x00000000ff160000, 0x00000000ff200000)
 concurrent mark-sweep generation total 13696K, used 9393K [0x00000000ff2a0000, 0x0000000100000000, 0x0000000100000000)
 Metaspace       used 5077K, capacity 5258K, committed 5504K, reserved 1056768K
  class space    used 557K, capacity 597K, committed 640K, reserved 1048576K
}
{Heap before GC invocations=531 (full 59):
 par new generation   total 6144K, used 5237K [0x00000000fec00000, 0x00000000ff2a0000, 0x00000000ff2a0000)
  eden space 5504K,  95% used [0x00000000fec00000, 0x00000000ff11b780, 0x00000000ff160000)
  from space 640K,   1% used [0x00000000ff200000, 0x00000000ff202040, 0x00000000ff2a0000)
  to   space 640K,   0% used [0x00000000ff160000, 0x00000000ff160000, 0x00000000ff200000)
 concurrent mark-sweep generation total 13696K, used 9393K [0x00000000ff2a0000, 0x0000000100000000, 0x0000000100000000)
 Metaspace       used 5077K, capacity 5258K, committed 5504K, reserved 1056768K
  class space    used 557K, capacity 597K, committed 640K, reserved 1048576K
2024-07-16T17:58:57.128+0800: 4.273: [GC (Allocation Failure) 2024-07-16T17:58:57.128+0800: 4.273: [ParNew: 5237K->8K(6144K), 0.0004913 secs] 14631K->10425K(19840K), 0.0005656 secs] [Times: user=0.00 sys=0.00, real=0.00 secs] 
Heap after GC invocations=532 (full 59):
 par new generation   total 6144K, used 8K [0x00000000fec00000, 0x00000000ff2a0000, 0x00000000ff2a0000)
  eden space 5504K,   0% used [0x00000000fec00000, 0x00000000fec00000, 0x00000000ff160000)
  from space 640K,   1% used [0x00000000ff160000, 0x00000000ff162040, 0x00000000ff200000)
  to   space 640K,   0% used [0x00000000ff200000, 0x00000000ff200000, 0x00000000ff2a0000)
 concurrent mark-sweep generation total 13696K, used 10417K [0x00000000ff2a0000, 0x0000000100000000, 0x0000000100000000)
 Metaspace       used 5077K, capacity 5258K, committed 5504K, reserved 1056768K
  class space    used 557K, capacity 597K, committed 640K, reserved 1048576K
}
{Heap before GC invocations=532 (full 59):
 par new generation   total 6144K, used 5237K [0x00000000fec00000, 0x00000000ff2a0000, 0x00000000ff2a0000)
  eden space 5504K,  95% used [0x00000000fec00000, 0x00000000ff11b780, 0x00000000ff160000)
  from space 640K,   1% used [0x00000000ff160000, 0x00000000ff162040, 0x00000000ff200000)
  to   space 640K,   0% used [0x00000000ff200000, 0x00000000ff200000, 0x00000000ff2a0000)
 concurrent mark-sweep generation total 13696K, used 10417K [0x00000000ff2a0000, 0x0000000100000000, 0x0000000100000000)
 Metaspace       used 5077K, capacity 5258K, committed 5504K, reserved 1056768K
  class space    used 557K, capacity 597K, committed 640K, reserved 1048576K
2024-07-16T17:58:57.135+0800: 4.279: [GC (Allocation Failure) 2024-07-16T17:58:57.135+0800: 4.279: [ParNew: 5237K->4K(6144K), 0.0003452 secs] 15655K->11445K(19840K), 0.0003806 secs] [Times: user=0.00 sys=0.00, real=0.00 secs] 
Heap after GC invocations=533 (full 59):
 par new generation   total 6144K, used 4K [0x00000000fec00000, 0x00000000ff2a0000, 0x00000000ff2a0000)
  eden space 5504K,   0% used [0x00000000fec00000, 0x00000000fec00000, 0x00000000ff160000)
  from space 640K,   0% used [0x00000000ff200000, 0x00000000ff201020, 0x00000000ff2a0000)
  to   space 640K,   0% used [0x00000000ff160000, 0x00000000ff160000, 0x00000000ff200000)
 concurrent mark-sweep generation total 13696K, used 11441K [0x00000000ff2a0000, 0x0000000100000000, 0x0000000100000000)
 Metaspace       used 5077K, capacity 5258K, committed 5504K, reserved 1056768K
  class space    used 557K, capacity 597K, committed 640K, reserved 1048576K
}
{Heap before GC invocations=533 (full 59):
 par new generation   total 6144K, used 5233K [0x00000000fec00000, 0x00000000ff2a0000, 0x00000000ff2a0000)
  eden space 5504K,  95% used [0x00000000fec00000, 0x00000000ff11b780, 0x00000000ff160000)
  from space 640K,   0% used [0x00000000ff200000, 0x00000000ff201020, 0x00000000ff2a0000)
  to   space 640K,   0% used [0x00000000ff160000, 0x00000000ff160000, 0x00000000ff200000)
 concurrent mark-sweep generation total 13696K, used 11441K [0x00000000ff2a0000, 0x0000000100000000, 0x0000000100000000)
 Metaspace       used 5077K, capacity 5258K, committed 5504K, reserved 1056768K
  class space    used 557K, capacity 597K, committed 640K, reserved 1048576K
2024-07-16T17:58:57.141+0800: 4.286: [GC (Allocation Failure) 2024-07-16T17:58:57.141+0800: 4.286: [ParNew: 5233K->4K(6144K), 0.0004082 secs] 16675K->11445K(19840K), 0.0004878 secs] [Times: user=0.00 sys=0.00, real=0.00 secs] 
Heap after GC invocations=534 (full 59):
 par new generation   total 6144K, used 4K [0x00000000fec00000, 0x00000000ff2a0000, 0x00000000ff2a0000)
  eden space 5504K,   0% used [0x00000000fec00000, 0x00000000fec00000, 0x00000000ff160000)
  from space 640K,   0% used [0x00000000ff160000, 0x00000000ff161020, 0x00000000ff200000)
  to   space 640K,   0% used [0x00000000ff200000, 0x00000000ff200000, 0x00000000ff2a0000)
 concurrent mark-sweep generation total 13696K, used 11441K [0x00000000ff2a0000, 0x0000000100000000, 0x0000000100000000)
 Metaspace       used 5077K, capacity 5258K, committed 5504K, reserved 1056768K
  class space    used 557K, capacity 597K, committed 640K, reserved 1048576K
}
{Heap before GC invocations=534 (full 59):
 par new generation   total 6144K, used 5233K [0x00000000fec00000, 0x00000000ff2a0000, 0x00000000ff2a0000)
  eden space 5504K,  95% used [0x00000000fec00000, 0x00000000ff11b780, 0x00000000ff160000)
  from space 640K,   0% used [0x00000000ff160000, 0x00000000ff161020, 0x00000000ff200000)
  to   space 640K,   0% used [0x00000000ff200000, 0x00000000ff200000, 0x00000000ff2a0000)
 concurrent mark-sweep generation total 13696K, used 11441K [0x00000000ff2a0000, 0x0000000100000000, 0x0000000100000000)
 Metaspace       used 5077K, capacity 5258K, committed 5504K, reserved 1056768K
  class space    used 557K, capacity 597K, committed 640K, reserved 1048576K
2024-07-16T17:58:57.148+0800: 4.292: [GC (Allocation Failure) 2024-07-16T17:58:57.148+0800: 4.293: [ParNew: 5233K->4K(6144K), 0.0002853 secs] 16675K->11445K(19840K), 0.0003268 secs] [Times: user=0.00 sys=0.00, real=0.00 secs] 
Heap after GC invocations=535 (full 59):
 par new generation   total 6144K, used 4K [0x00000000fec00000, 0x00000000ff2a0000, 0x00000000ff2a0000)
  eden space 5504K,   0% used [0x00000000fec00000, 0x00000000fec00000, 0x00000000ff160000)
  from space 640K,   0% used [0x00000000ff200000, 0x00000000ff201020, 0x00000000ff2a0000)
  to   space 640K,   0% used [0x00000000ff160000, 0x00000000ff160000, 0x00000000ff200000)
 concurrent mark-sweep generation total 13696K, used 11441K [0x00000000ff2a0000, 0x0000000100000000, 0x0000000100000000)
 Metaspace       used 5077K, capacity 5258K, committed 5504K, reserved 1056768K
  class space    used 557K, capacity 597K, committed 640K, reserved 1048576K
}
{Heap before GC invocations=535 (full 59):
 par new generation   total 6144K, used 5233K [0x00000000fec00000, 0x00000000ff2a0000, 0x00000000ff2a0000)
  eden space 5504K,  95% used [0x00000000fec00000, 0x00000000ff11b780, 0x00000000ff160000)
  from space 640K,   0% used [0x00000000ff200000, 0x00000000ff201020, 0x00000000ff2a0000)
  to   space 640K,   0% used [0x00000000ff160000, 0x00000000ff160000, 0x00000000ff200000)
 concurrent mark-sweep generation total 13696K, used 11441K [0x00000000ff2a0000, 0x0000000100000000, 0x0000000100000000)
 Metaspace       used 5077K, capacity 5258K, committed 5504K, reserved 1056768K
  class space    used 557K, capacity 597K, committed 640K, reserved 1048576K
2024-07-16T17:58:57.155+0800: 4.299: [GC (Allocation Failure) 2024-07-16T17:58:57.155+0800: 4.299: [ParNew: 5233K->2K(6144K), 0.0002823 secs] 16675K->11443K(19840K), 0.0003115 secs] [Times: user=0.00 sys=0.00, real=0.00 secs] 
Heap after GC invocations=536 (full 59):
 par new generation   total 6144K, used 2K [0x00000000fec00000, 0x00000000ff2a0000, 0x00000000ff2a0000)
  eden space 5504K,   0% used [0x00000000fec00000, 0x00000000fec00000, 0x00000000ff160000)
  from space 640K,   0% used [0x00000000ff160000, 0x00000000ff160810, 0x00000000ff200000)
  to   space 640K,   0% used [0x00000000ff200000, 0x00000000ff200000, 0x00000000ff2a0000)
 concurrent mark-sweep generation total 13696K, used 11441K [0x00000000ff2a0000, 0x0000000100000000, 0x0000000100000000)
 Metaspace       used 5077K, capacity 5258K, committed 5504K, reserved 1056768K
  class space    used 557K, capacity 597K, committed 640K, reserved 1048576K
}
{Heap before GC invocations=536 (full 59):
 par new generation   total 6144K, used 5231K [0x00000000fec00000, 0x00000000ff2a0000, 0x00000000ff2a0000)
  eden space 5504K,  95% used [0x00000000fec00000, 0x00000000ff11b780, 0x00000000ff160000)
  from space 640K,   0% used [0x00000000ff160000, 0x00000000ff160810, 0x00000000ff200000)
  to   space 640K,   0% used [0x00000000ff200000, 0x00000000ff200000, 0x00000000ff2a0000)
 concurrent mark-sweep generation total 13696K, used 11441K [0x00000000ff2a0000, 0x0000000100000000, 0x0000000100000000)
 Metaspace       used 5077K, capacity 5258K, committed 5504K, reserved 1056768K
  class space    used 557K, capacity 597K, committed 640K, reserved 1048576K
2024-07-16T17:58:57.161+0800: 4.305: [GC (Allocation Failure) 2024-07-16T17:58:57.161+0800: 4.306: [ParNew: 5231K->6K(6144K), 0.0004029 secs] 16673K->12471K(19840K), 0.0004485 secs] [Times: user=0.00 sys=0.00, real=0.00 secs] 
Heap after GC invocations=537 (full 59):
 par new generation   total 6144K, used 6K [0x00000000fec00000, 0x00000000ff2a0000, 0x00000000ff2a0000)
  eden space 5504K,   0% used [0x00000000fec00000, 0x00000000fec00000, 0x00000000ff160000)
  from space 640K,   0% used [0x00000000ff200000, 0x00000000ff201830, 0x00000000ff2a0000)
  to   space 640K,   0% used [0x00000000ff160000, 0x00000000ff160000, 0x00000000ff200000)
 concurrent mark-sweep generation total 13696K, used 12465K [0x00000000ff2a0000, 0x0000000100000000, 0x0000000100000000)
 Metaspace       used 5077K, capacity 5258K, committed 5504K, reserved 1056768K
  class space    used 557K, capacity 597K, committed 640K, reserved 1048576K
}
{Heap before GC invocations=537 (full 59):
 par new generation   total 6144K, used 5235K [0x00000000fec00000, 0x00000000ff2a0000, 0x00000000ff2a0000)
  eden space 5504K,  95% used [0x00000000fec00000, 0x00000000ff11b780, 0x00000000ff160000)
  from space 640K,   0% used [0x00000000ff200000, 0x00000000ff201830, 0x00000000ff2a0000)
  to   space 640K,   0% used [0x00000000ff160000, 0x00000000ff160000, 0x00000000ff200000)
 concurrent mark-sweep generation total 13696K, used 12465K [0x00000000ff2a0000, 0x0000000100000000, 0x0000000100000000)
 Metaspace       used 5077K, capacity 5258K, committed 5504K, reserved 1056768K
  class space    used 557K, capacity 597K, committed 640K, reserved 1048576K
2024-07-16T17:58:57.170+0800: 4.314: [GC (Allocation Failure) 2024-07-16T17:58:57.170+0800: 4.315: [ParNew: 5235K->5235K(6144K), 0.0000135 secs]2024-07-16T17:58:57.170+0800: 4.315: [CMS2024-07-16T17:58:57.170+0800: 4.315: [CMS-concurrent-abortable-preclean: 0.001/0.062 secs] [Times: user=0.00 sys=0.00, real=0.06 secs] 
 (concurrent mode failure): 12465K->1191K(13696K), 0.0023602 secs] 17701K->1191K(19840K), [Metaspace: 5077K->5077K(1056768K)], 0.0024465 secs] [Times: user=0.00 sys=0.00, real=0.00 secs] 
Heap after GC invocations=538 (full 60):
 par new generation   total 6144K, used 0K [0x00000000fec00000, 0x00000000ff2a0000, 0x00000000ff2a0000)
  eden space 5504K,   0% used [0x00000000fec00000, 0x00000000fec00000, 0x00000000ff160000)
  from space 640K,   0% used [0x00000000ff200000, 0x00000000ff200000, 0x00000000ff2a0000)
  to   space 640K,   0% used [0x00000000ff160000, 0x00000000ff160000, 0x00000000ff200000)
 concurrent mark-sweep generation total 13696K, used 1191K [0x00000000ff2a0000, 0x0000000100000000, 0x0000000100000000)
 Metaspace       used 5077K, capacity 5258K, committed 5504K, reserved 1056768K
  class space    used 557K, capacity 597K, committed 640K, reserved 1048576K
}
{Heap before GC invocations=538 (full 60):
 par new generation   total 6144K, used 5229K [0x00000000fec00000, 0x00000000ff2a0000, 0x00000000ff2a0000)
  eden space 5504K,  95% used [0x00000000fec00000, 0x00000000ff11b780, 0x00000000ff160000)
  from space 640K,   0% used [0x00000000ff200000, 0x00000000ff200000, 0x00000000ff2a0000)
  to   space 640K,   0% used [0x00000000ff160000, 0x00000000ff160000, 0x00000000ff200000)
 concurrent mark-sweep generation total 13696K, used 1191K [0x00000000ff2a0000, 0x0000000100000000, 0x0000000100000000)
 Metaspace       used 5077K, capacity 5258K, committed 5504K, reserved 1056768K
  class space    used 557K, capacity 597K, committed 640K, reserved 1048576K
2024-07-16T17:58:57.179+0800: 4.323: [GC (Allocation Failure) 2024-07-16T17:58:57.179+0800: 4.323: [ParNew: 5229K->4K(6144K), 0.0002945 secs] 6420K->1195K(19840K), 0.0003699 secs] [Times: user=0.00 sys=0.00, real=0.00 secs] 
Heap after GC invocations=539 (full 60):
 par new generation   total 6144K, used 4K [0x00000000fec00000, 0x00000000ff2a0000, 0x00000000ff2a0000)
  eden space 5504K,   0% used [0x00000000fec00000, 0x00000000fec00000, 0x00000000ff160000)
  from space 640K,   0% used [0x00000000ff160000, 0x00000000ff161020, 0x00000000ff200000)
  to   space 640K,   0% used [0x00000000ff200000, 0x00000000ff200000, 0x00000000ff2a0000)
 concurrent mark-sweep generation total 13696K, used 1191K [0x00000000ff2a0000, 0x0000000100000000, 0x0000000100000000)
 Metaspace       used 5077K, capacity 5258K, committed 5504K, reserved 1056768K
  class space    used 557K, capacity 597K, committed 640K, reserved 1048576K
}
{Heap before GC invocations=539 (full 60):
 par new generation   total 6144K, used 5233K [0x00000000fec00000, 0x00000000ff2a0000, 0x00000000ff2a0000)
  eden space 5504K,  95% used [0x00000000fec00000, 0x00000000ff11b780, 0x00000000ff160000)
  from space 640K,   0% used [0x00000000ff160000, 0x00000000ff161020, 0x00000000ff200000)
  to   space 640K,   0% used [0x00000000ff200000, 0x00000000ff200000, 0x00000000ff2a0000)
 concurrent mark-sweep generation total 13696K, used 1191K [0x00000000ff2a0000, 0x0000000100000000, 0x0000000100000000)
 Metaspace       used 5077K, capacity 5258K, committed 5504K, reserved 1056768K
  class space    used 557K, capacity 597K, committed 640K, reserved 1048576K
2024-07-16T17:58:57.186+0800: 4.330: [GC (Allocation Failure) 2024-07-16T17:58:57.186+0800: 4.330: [ParNew: 5233K->4K(6144K), 0.0002977 secs] 6424K->1195K(19840K), 0.0003521 secs] [Times: user=0.00 sys=0.00, real=0.00 secs] 
Heap after GC invocations=540 (full 60):
 par new generation   total 6144K, used 4K [0x00000000fec00000, 0x00000000ff2a0000, 0x00000000ff2a0000)
  eden space 5504K,   0% used [0x00000000fec00000, 0x00000000fec00000, 0x00000000ff160000)
  from space 640K,   0% used [0x00000000ff200000, 0x00000000ff201020, 0x00000000ff2a0000)
  to   space 640K,   0% used [0x00000000ff160000, 0x00000000ff160000, 0x00000000ff200000)
 concurrent mark-sweep generation total 13696K, used 1191K [0x00000000ff2a0000, 0x0000000100000000, 0x0000000100000000)
 Metaspace       used 5077K, capacity 5258K, committed 5504K, reserved 1056768K
  class space    used 557K, capacity 597K, committed 640K, reserved 1048576K
}
{Heap before GC invocations=540 (full 60):
 par new generation   total 6144K, used 5233K [0x00000000fec00000, 0x00000000ff2a0000, 0x00000000ff2a0000)
  eden space 5504K,  95% used [0x00000000fec00000, 0x00000000ff11b780, 0x00000000ff160000)
  from space 640K,   0% used [0x00000000ff200000, 0x00000000ff201020, 0x00000000ff2a0000)
  to   space 640K,   0% used [0x00000000ff160000, 0x00000000ff160000, 0x00000000ff200000)
 concurrent mark-sweep generation total 13696K, used 1191K [0x00000000ff2a0000, 0x0000000100000000, 0x0000000100000000)
 Metaspace       used 5077K, capacity 5258K, committed 5504K, reserved 1056768K
  class space    used 557K, capacity 597K, committed 640K, reserved 1048576K
2024-07-16T17:58:57.192+0800: 4.336: [GC (Allocation Failure) 2024-07-16T17:58:57.192+0800: 4.336: [ParNew: 5233K->6K(6144K), 0.0003943 secs] 6424K->2223K(19840K), 0.0004414 secs] [Times: user=0.00 sys=0.00, real=0.00 secs] 
Heap after GC invocations=541 (full 60):
 par new generation   total 6144K, used 6K [0x00000000fec00000, 0x00000000ff2a0000, 0x00000000ff2a0000)
  eden space 5504K,   0% used [0x00000000fec00000, 0x00000000fec00000, 0x00000000ff160000)
  from space 640K,   0% used [0x00000000ff160000, 0x00000000ff161830, 0x00000000ff200000)
  to   space 640K,   0% used [0x00000000ff200000, 0x00000000ff200000, 0x00000000ff2a0000)
 concurrent mark-sweep generation total 13696K, used 2217K [0x00000000ff2a0000, 0x0000000100000000, 0x0000000100000000)
 Metaspace       used 5077K, capacity 5258K, committed 5504K, reserved 1056768K
  class space    used 557K, capacity 597K, committed 640K, reserved 1048576K
}
{Heap before GC invocations=541 (full 60):
 par new generation   total 6144K, used 5235K [0x00000000fec00000, 0x00000000ff2a0000, 0x00000000ff2a0000)
  eden space 5504K,  95% used [0x00000000fec00000, 0x00000000ff11b780, 0x00000000ff160000)
  from space 640K,   0% used [0x00000000ff160000, 0x00000000ff161830, 0x00000000ff200000)
  to   space 640K,   0% used [0x00000000ff200000, 0x00000000ff200000, 0x00000000ff2a0000)
 concurrent mark-sweep generation total 13696K, used 2217K [0x00000000ff2a0000, 0x0000000100000000, 0x0000000100000000)
 Metaspace       used 5077K, capacity 5258K, committed 5504K, reserved 1056768K
  class space    used 557K, capacity 597K, committed 640K, reserved 1048576K
2024-07-16T17:58:57.199+0800: 4.343: [GC (Allocation Failure) 2024-07-16T17:58:57.199+0800: 4.343: [ParNew: 5235K->6K(6144K), 0.0004089 secs] 7453K->3249K(19840K), 0.0004472 secs] [Times: user=0.00 sys=0.00, real=0.00 secs] 
Heap after GC invocations=542 (full 60):
 par new generation   total 6144K, used 6K [0x00000000fec00000, 0x00000000ff2a0000, 0x00000000ff2a0000)
  eden space 5504K,   0% used [0x00000000fec00000, 0x00000000fec00000, 0x00000000ff160000)
  from space 640K,   0% used [0x00000000ff200000, 0x00000000ff201830, 0x00000000ff2a0000)
  to   space 640K,   0% used [0x00000000ff160000, 0x00000000ff160000, 0x00000000ff200000)
 concurrent mark-sweep generation total 13696K, used 3243K [0x00000000ff2a0000, 0x0000000100000000, 0x0000000100000000)
 Metaspace       used 5077K, capacity 5258K, committed 5504K, reserved 1056768K
  class space    used 557K, capacity 597K, committed 640K, reserved 1048576K
}
{Heap before GC invocations=542 (full 60):
 par new generation   total 6144K, used 5235K [0x00000000fec00000, 0x00000000ff2a0000, 0x00000000ff2a0000)
  eden space 5504K,  95% used [0x00000000fec00000, 0x00000000ff11b780, 0x00000000ff160000)
  from space 640K,   0% used [0x00000000ff200000, 0x00000000ff201830, 0x00000000ff2a0000)
  to   space 640K,   0% used [0x00000000ff160000, 0x00000000ff160000, 0x00000000ff200000)
 concurrent mark-sweep generation total 13696K, used 3243K [0x00000000ff2a0000, 0x0000000100000000, 0x0000000100000000)
 Metaspace       used 5077K, capacity 5258K, committed 5504K, reserved 1056768K
  class space    used 557K, capacity 597K, committed 640K, reserved 1048576K
2024-07-16T17:58:57.207+0800: 4.351: [GC (Allocation Failure) 2024-07-16T17:58:57.207+0800: 4.351: [ParNew: 5235K->4K(6144K), 0.0002759 secs] 8479K->3247K(19840K), 0.0003137 secs] [Times: user=0.00 sys=0.00, real=0.00 secs] 
Heap after GC invocations=543 (full 60):
 par new generation   total 6144K, used 4K [0x00000000fec00000, 0x00000000ff2a0000, 0x00000000ff2a0000)
  eden space 5504K,   0% used [0x00000000fec00000, 0x00000000fec00000, 0x00000000ff160000)
  from space 640K,   0% used [0x00000000ff160000, 0x00000000ff161020, 0x00000000ff200000)
  to   space 640K,   0% used [0x00000000ff200000, 0x00000000ff200000, 0x00000000ff2a0000)
 concurrent mark-sweep generation total 13696K, used 3243K [0x00000000ff2a0000, 0x0000000100000000, 0x0000000100000000)
 Metaspace       used 5077K, capacity 5258K, committed 5504K, reserved 1056768K
  class space    used 557K, capacity 597K, committed 640K, reserved 1048576K
}
{Heap before GC invocations=543 (full 60):
 par new generation   total 6144K, used 5233K [0x00000000fec00000, 0x00000000ff2a0000, 0x00000000ff2a0000)
  eden space 5504K,  95% used [0x00000000fec00000, 0x00000000ff11b780, 0x00000000ff160000)
  from space 640K,   0% used [0x00000000ff160000, 0x00000000ff161020, 0x00000000ff200000)
  to   space 640K,   0% used [0x00000000ff200000, 0x00000000ff200000, 0x00000000ff2a0000)
 concurrent mark-sweep generation total 13696K, used 3243K [0x00000000ff2a0000, 0x0000000100000000, 0x0000000100000000)
 Metaspace       used 5077K, capacity 5258K, committed 5504K, reserved 1056768K
  class space    used 557K, capacity 597K, committed 640K, reserved 1048576K
2024-07-16T17:58:57.213+0800: 4.357: [GC (Allocation Failure) 2024-07-16T17:58:57.213+0800: 4.357: [ParNew: 5233K->6K(6144K), 0.0003187 secs] 8477K->4275K(19840K), 0.0003480 secs] [Times: user=0.00 sys=0.00, real=0.00 secs] 
Heap after GC invocations=544 (full 60):
 par new generation   total 6144K, used 6K [0x00000000fec00000, 0x00000000ff2a0000, 0x00000000ff2a0000)
  eden space 5504K,   0% used [0x00000000fec00000, 0x00000000fec00000, 0x00000000ff160000)
  from space 640K,   0% used [0x00000000ff200000, 0x00000000ff201830, 0x00000000ff2a0000)
  to   space 640K,   0% used [0x00000000ff160000, 0x00000000ff160000, 0x00000000ff200000)
 concurrent mark-sweep generation total 13696K, used 4269K [0x00000000ff2a0000, 0x0000000100000000, 0x0000000100000000)
 Metaspace       used 5077K, capacity 5258K, committed 5504K, reserved 1056768K
  class space    used 557K, capacity 597K, committed 640K, reserved 1048576K
}
{Heap before GC invocations=544 (full 60):
 par new generation   total 6144K, used 5235K [0x00000000fec00000, 0x00000000ff2a0000, 0x00000000ff2a0000)
  eden space 5504K,  95% used [0x00000000fec00000, 0x00000000ff11b780, 0x00000000ff160000)
  from space 640K,   0% used [0x00000000ff200000, 0x00000000ff201830, 0x00000000ff2a0000)
  to   space 640K,   0% used [0x00000000ff160000, 0x00000000ff160000, 0x00000000ff200000)
 concurrent mark-sweep generation total 13696K, used 4269K [0x00000000ff2a0000, 0x0000000100000000, 0x0000000100000000)
 Metaspace       used 5077K, capacity 5258K, committed 5504K, reserved 1056768K
  class space    used 557K, capacity 597K, committed 640K, reserved 1048576K
2024-07-16T17:58:57.219+0800: 4.363: [GC (Allocation Failure) 2024-07-16T17:58:57.219+0800: 4.363: [ParNew: 5235K->8K(6144K), 0.0004045 secs] 9505K->5301K(19840K), 0.0004350 secs] [Times: user=0.00 sys=0.00, real=0.00 secs] 
Heap after GC invocations=545 (full 60):
 par new generation   total 6144K, used 8K [0x00000000fec00000, 0x00000000ff2a0000, 0x00000000ff2a0000)
  eden space 5504K,   0% used [0x00000000fec00000, 0x00000000fec00000, 0x00000000ff160000)
  from space 640K,   1% used [0x00000000ff160000, 0x00000000ff162040, 0x00000000ff200000)
  to   space 640K,   0% used [0x00000000ff200000, 0x00000000ff200000, 0x00000000ff2a0000)
 concurrent mark-sweep generation total 13696K, used 5293K [0x00000000ff2a0000, 0x0000000100000000, 0x0000000100000000)
 Metaspace       used 5077K, capacity 5258K, committed 5504K, reserved 1056768K
  class space    used 557K, capacity 597K, committed 640K, reserved 1048576K
}
{Heap before GC invocations=545 (full 60):
 par new generation   total 6144K, used 5237K [0x00000000fec00000, 0x00000000ff2a0000, 0x00000000ff2a0000)
  eden space 5504K,  95% used [0x00000000fec00000, 0x00000000ff11b780, 0x00000000ff160000)
  from space 640K,   1% used [0x00000000ff160000, 0x00000000ff162040, 0x00000000ff200000)
  to   space 640K,   0% used [0x00000000ff200000, 0x00000000ff200000, 0x00000000ff2a0000)
 concurrent mark-sweep generation total 13696K, used 5293K [0x00000000ff2a0000, 0x0000000100000000, 0x0000000100000000)
 Metaspace       used 5077K, capacity 5258K, committed 5504K, reserved 1056768K
  class space    used 557K, capacity 597K, committed 640K, reserved 1048576K
2024-07-16T17:58:57.225+0800: 4.370: [GC (Allocation Failure) 2024-07-16T17:58:57.225+0800: 4.370: [ParNew: 5237K->6K(6144K), 0.0015205 secs] 10531K->6325K(19840K), 0.0016842 secs] [Times: user=0.00 sys=0.00, real=0.00 secs] 
Heap after GC invocations=546 (full 60):
 par new generation   total 6144K, used 6K [0x00000000fec00000, 0x00000000ff2a0000, 0x00000000ff2a0000)
  eden space 5504K,   0% used [0x00000000fec00000, 0x00000000fec00000, 0x00000000ff160000)
  from space 640K,   0% used [0x00000000ff200000, 0x00000000ff201830, 0x00000000ff2a0000)
  to   space 640K,   0% used [0x00000000ff160000, 0x00000000ff160000, 0x00000000ff200000)
 concurrent mark-sweep generation total 13696K, used 6319K [0x00000000ff2a0000, 0x0000000100000000, 0x0000000100000000)
 Metaspace       used 5077K, capacity 5258K, committed 5504K, reserved 1056768K
  class space    used 557K, capacity 597K, committed 640K, reserved 1048576K
}
{Heap before GC invocations=546 (full 60):
 par new generation   total 6144K, used 5235K [0x00000000fec00000, 0x00000000ff2a0000, 0x00000000ff2a0000)
  eden space 5504K,  95% used [0x00000000fec00000, 0x00000000ff11b780, 0x00000000ff160000)
  from space 640K,   0% used [0x00000000ff200000, 0x00000000ff201830, 0x00000000ff2a0000)
  to   space 640K,   0% used [0x00000000ff160000, 0x00000000ff160000, 0x00000000ff200000)
 concurrent mark-sweep generation total 13696K, used 6319K [0x00000000ff2a0000, 0x0000000100000000, 0x0000000100000000)
 Metaspace       used 5077K, capacity 5258K, committed 5504K, reserved 1056768K
  class space    used 557K, capacity 597K, committed 640K, reserved 1048576K
2024-07-16T17:58:57.233+0800: 4.377: [GC (Allocation Failure) 2024-07-16T17:58:57.233+0800: 4.377: [ParNew: 5235K->6K(6144K), 0.0004688 secs] 11555K->7351K(19840K), 0.0005600 secs] [Times: user=0.00 sys=0.00, real=0.00 secs] 
Heap after GC invocations=547 (full 60):
 par new generation   total 6144K, used 6K [0x00000000fec00000, 0x00000000ff2a0000, 0x00000000ff2a0000)
  eden space 5504K,   0% used [0x00000000fec00000, 0x00000000fec00000, 0x00000000ff160000)
  from space 640K,   0% used [0x00000000ff160000, 0x00000000ff161830, 0x00000000ff200000)
  to   space 640K,   0% used [0x00000000ff200000, 0x00000000ff200000, 0x00000000ff2a0000)
 concurrent mark-sweep generation total 13696K, used 7345K [0x00000000ff2a0000, 0x0000000100000000, 0x0000000100000000)
 Metaspace       used 5077K, capacity 5258K, committed 5504K, reserved 1056768K
  class space    used 557K, capacity 597K, committed 640K, reserved 1048576K
}
{Heap before GC invocations=547 (full 60):
 par new generation   total 6144K, used 5235K [0x00000000fec00000, 0x00000000ff2a0000, 0x00000000ff2a0000)
  eden space 5504K,  95% used [0x00000000fec00000, 0x00000000ff11b780, 0x00000000ff160000)
  from space 640K,   0% used [0x00000000ff160000, 0x00000000ff161830, 0x00000000ff200000)
  to   space 640K,   0% used [0x00000000ff200000, 0x00000000ff200000, 0x00000000ff2a0000)
 concurrent mark-sweep generation total 13696K, used 7345K [0x00000000ff2a0000, 0x0000000100000000, 0x0000000100000000)
 Metaspace       used 5077K, capacity 5258K, committed 5504K, reserved 1056768K
  class space    used 557K, capacity 597K, committed 640K, reserved 1048576K
2024-07-16T17:58:57.242+0800: 4.386: [GC (Allocation Failure) 2024-07-16T17:58:57.242+0800: 4.386: [ParNew: 5235K->4K(6144K), 0.0003796 secs] 12581K->7349K(19840K), 0.0004263 secs] [Times: user=0.00 sys=0.00, real=0.00 secs] 
Heap after GC invocations=548 (full 60):
 par new generation   total 6144K, used 4K [0x00000000fec00000, 0x00000000ff2a0000, 0x00000000ff2a0000)
  eden space 5504K,   0% used [0x00000000fec00000, 0x00000000fec00000, 0x00000000ff160000)
  from space 640K,   0% used [0x00000000ff200000, 0x00000000ff201020, 0x00000000ff2a0000)
  to   space 640K,   0% used [0x00000000ff160000, 0x00000000ff160000, 0x00000000ff200000)
 concurrent mark-sweep generation total 13696K, used 7345K [0x00000000ff2a0000, 0x0000000100000000, 0x0000000100000000)
 Metaspace       used 5077K, capacity 5258K, committed 5504K, reserved 1056768K
  class space    used 557K, capacity 597K, committed 640K, reserved 1048576K
}
{Heap before GC invocations=548 (full 60):
 par new generation   total 6144K, used 5233K [0x00000000fec00000, 0x00000000ff2a0000, 0x00000000ff2a0000)
  eden space 5504K,  95% used [0x00000000fec00000, 0x00000000ff11b780, 0x00000000ff160000)
  from space 640K,   0% used [0x00000000ff200000, 0x00000000ff201020, 0x00000000ff2a0000)
  to   space 640K,   0% used [0x00000000ff160000, 0x00000000ff160000, 0x00000000ff200000)
 concurrent mark-sweep generation total 13696K, used 7345K [0x00000000ff2a0000, 0x0000000100000000, 0x0000000100000000)
 Metaspace       used 5077K, capacity 5258K, committed 5504K, reserved 1056768K
  class space    used 557K, capacity 597K, committed 640K, reserved 1048576K
2024-07-16T17:58:57.248+0800: 4.392: [GC (Allocation Failure) 2024-07-16T17:58:57.248+0800: 4.392: [ParNew: 5233K->6K(6144K), 0.0008622 secs] 12579K->8377K(19840K), 0.0009782 secs] [Times: user=0.00 sys=0.00, real=0.00 secs] 
Heap after GC invocations=549 (full 60):
 par new generation   total 6144K, used 6K [0x00000000fec00000, 0x00000000ff2a0000, 0x00000000ff2a0000)
  eden space 5504K,   0% used [0x00000000fec00000, 0x00000000fec00000, 0x00000000ff160000)
  from space 640K,   0% used [0x00000000ff160000, 0x00000000ff161830, 0x00000000ff200000)
  to   space 640K,   0% used [0x00000000ff200000, 0x00000000ff200000, 0x00000000ff2a0000)
 concurrent mark-sweep generation total 13696K, used 8371K [0x00000000ff2a0000, 0x0000000100000000, 0x0000000100000000)
 Metaspace       used 5077K, capacity 5258K, committed 5504K, reserved 1056768K
  class space    used 557K, capacity 597K, committed 640K, reserved 1048576K
}
2024-07-16T17:58:57.249+0800: 4.394: [GC (CMS Initial Mark) [1 CMS-initial-mark: 8371K(13696K)] 9403K(19840K), 0.0004536 secs] [Times: user=0.00 sys=0.00, real=0.00 secs] 
2024-07-16T17:58:57.249+0800: 4.394: [CMS-concurrent-mark-start]
2024-07-16T17:58:57.252+0800: 4.396: [CMS-concurrent-mark: 0.002/0.002 secs] [Times: user=0.00 sys=0.00, real=0.00 secs] 
2024-07-16T17:58:57.252+0800: 4.396: [CMS-concurrent-preclean-start]
2024-07-16T17:58:57.252+0800: 4.397: [CMS-concurrent-preclean: 0.000/0.000 secs] [Times: user=0.00 sys=0.00, real=0.00 secs] 
2024-07-16T17:58:57.252+0800: 4.397: [CMS-concurrent-abortable-preclean-start]
{Heap before GC invocations=549 (full 61):
 par new generation   total 6144K, used 5235K [0x00000000fec00000, 0x00000000ff2a0000, 0x00000000ff2a0000)
  eden space 5504K,  95% used [0x00000000fec00000, 0x00000000ff11b780, 0x00000000ff160000)
  from space 640K,   0% used [0x00000000ff160000, 0x00000000ff161830, 0x00000000ff200000)
  to   space 640K,   0% used [0x00000000ff200000, 0x00000000ff200000, 0x00000000ff2a0000)
 concurrent mark-sweep generation total 13696K, used 8371K [0x00000000ff2a0000, 0x0000000100000000, 0x0000000100000000)
 Metaspace       used 5077K, capacity 5258K, committed 5504K, reserved 1056768K
  class space    used 557K, capacity 597K, committed 640K, reserved 1048576K
2024-07-16T17:58:57.258+0800: 4.402: [GC (Allocation Failure) 2024-07-16T17:58:57.258+0800: 4.402: [ParNew: 5235K->4K(6144K), 0.0007403 secs] 13607K->8375K(19840K), 0.0007986 secs] [Times: user=0.00 sys=0.00, real=0.00 secs] 
Heap after GC invocations=550 (full 61):
 par new generation   total 6144K, used 4K [0x00000000fec00000, 0x00000000ff2a0000, 0x00000000ff2a0000)
  eden space 5504K,   0% used [0x00000000fec00000, 0x00000000fec00000, 0x00000000ff160000)
  from space 640K,   0% used [0x00000000ff200000, 0x00000000ff201020, 0x00000000ff2a0000)
  to   space 640K,   0% used [0x00000000ff160000, 0x00000000ff160000, 0x00000000ff200000)
 concurrent mark-sweep generation total 13696K, used 8371K [0x00000000ff2a0000, 0x0000000100000000, 0x0000000100000000)
 Metaspace       used 5077K, capacity 5258K, committed 5504K, reserved 1056768K
  class space    used 557K, capacity 597K, committed 640K, reserved 1048576K
}
{Heap before GC invocations=550 (full 61):
 par new generation   total 6144K, used 5233K [0x00000000fec00000, 0x00000000ff2a0000, 0x00000000ff2a0000)
  eden space 5504K,  95% used [0x00000000fec00000, 0x00000000ff11b780, 0x00000000ff160000)
  from space 640K,   0% used [0x00000000ff200000, 0x00000000ff201020, 0x00000000ff2a0000)
  to   space 640K,   0% used [0x00000000ff160000, 0x00000000ff160000, 0x00000000ff200000)
 concurrent mark-sweep generation total 13696K, used 8371K [0x00000000ff2a0000, 0x0000000100000000, 0x0000000100000000)
 Metaspace       used 5077K, capacity 5258K, committed 5504K, reserved 1056768K
  class space    used 557K, capacity 597K, committed 640K, reserved 1048576K
2024-07-16T17:58:57.266+0800: 4.410: [GC (Allocation Failure) 2024-07-16T17:58:57.266+0800: 4.410: [ParNew: 5233K->8K(6144K), 0.0009052 secs] 13605K->9403K(19840K), 0.0010302 secs] [Times: user=0.00 sys=0.00, real=0.00 secs] 
Heap after GC invocations=551 (full 61):
 par new generation   total 6144K, used 8K [0x00000000fec00000, 0x00000000ff2a0000, 0x00000000ff2a0000)
  eden space 5504K,   0% used [0x00000000fec00000, 0x00000000fec00000, 0x00000000ff160000)
  from space 640K,   1% used [0x00000000ff160000, 0x00000000ff162040, 0x00000000ff200000)
  to   space 640K,   0% used [0x00000000ff200000, 0x00000000ff200000, 0x00000000ff2a0000)
 concurrent mark-sweep generation total 13696K, used 9395K [0x00000000ff2a0000, 0x0000000100000000, 0x0000000100000000)
 Metaspace       used 5077K, capacity 5258K, committed 5504K, reserved 1056768K
  class space    used 557K, capacity 597K, committed 640K, reserved 1048576K
}
{Heap before GC invocations=551 (full 61):
 par new generation   total 6144K, used 5237K [0x00000000fec00000, 0x00000000ff2a0000, 0x00000000ff2a0000)
  eden space 5504K,  95% used [0x00000000fec00000, 0x00000000ff11b780, 0x00000000ff160000)
  from space 640K,   1% used [0x00000000ff160000, 0x00000000ff162040, 0x00000000ff200000)
  to   space 640K,   0% used [0x00000000ff200000, 0x00000000ff200000, 0x00000000ff2a0000)
 concurrent mark-sweep generation total 13696K, used 9395K [0x00000000ff2a0000, 0x0000000100000000, 0x0000000100000000)
 Metaspace       used 5077K, capacity 5258K, committed 5504K, reserved 1056768K
  class space    used 557K, capacity 597K, committed 640K, reserved 1048576K
2024-07-16T17:58:57.275+0800: 4.419: [GC (Allocation Failure) 2024-07-16T17:58:57.275+0800: 4.419: [ParNew: 5237K->6K(6144K), 0.0011164 secs] 14633K->10427K(19840K), 0.0012121 secs] [Times: user=0.00 sys=0.00, real=0.00 secs] 
Heap after GC invocations=552 (full 61):
 par new generation   total 6144K, used 6K [0x00000000fec00000, 0x00000000ff2a0000, 0x00000000ff2a0000)
  eden space 5504K,   0% used [0x00000000fec00000, 0x00000000fec00000, 0x00000000ff160000)
  from space 640K,   0% used [0x00000000ff200000, 0x00000000ff201830, 0x00000000ff2a0000)
  to   space 640K,   0% used [0x00000000ff160000, 0x00000000ff160000, 0x00000000ff200000)
 concurrent mark-sweep generation total 13696K, used 10421K [0x00000000ff2a0000, 0x0000000100000000, 0x0000000100000000)
 Metaspace       used 5077K, capacity 5258K, committed 5504K, reserved 1056768K
  class space    used 557K, capacity 597K, committed 640K, reserved 1048576K
}
{Heap before GC invocations=552 (full 61):
 par new generation   total 6144K, used 5235K [0x00000000fec00000, 0x00000000ff2a0000, 0x00000000ff2a0000)
  eden space 5504K,  95% used [0x00000000fec00000, 0x00000000ff11b780, 0x00000000ff160000)
  from space 640K,   0% used [0x00000000ff200000, 0x00000000ff201830, 0x00000000ff2a0000)
  to   space 640K,   0% used [0x00000000ff160000, 0x00000000ff160000, 0x00000000ff200000)
 concurrent mark-sweep generation total 13696K, used 10421K [0x00000000ff2a0000, 0x0000000100000000, 0x0000000100000000)
 Metaspace       used 5077K, capacity 5258K, committed 5504K, reserved 1056768K
  class space    used 557K, capacity 597K, committed 640K, reserved 1048576K
2024-07-16T17:58:57.283+0800: 4.427: [GC (Allocation Failure) 2024-07-16T17:58:57.283+0800: 4.427: [ParNew: 5235K->8K(6144K), 0.0009210 secs] 15657K->11453K(19840K), 0.0010343 secs] [Times: user=0.02 sys=0.00, real=0.00 secs] 
Heap after GC invocations=553 (full 61):
 par new generation   total 6144K, used 8K [0x00000000fec00000, 0x00000000ff2a0000, 0x00000000ff2a0000)
  eden space 5504K,   0% used [0x00000000fec00000, 0x00000000fec00000, 0x00000000ff160000)
  from space 640K,   1% used [0x00000000ff160000, 0x00000000ff162040, 0x00000000ff200000)
  to   space 640K,   0% used [0x00000000ff200000, 0x00000000ff200000, 0x00000000ff2a0000)
 concurrent mark-sweep generation total 13696K, used 11445K [0x00000000ff2a0000, 0x0000000100000000, 0x0000000100000000)
 Metaspace       used 5077K, capacity 5258K, committed 5504K, reserved 1056768K
  class space    used 557K, capacity 597K, committed 640K, reserved 1048576K
}
{Heap before GC invocations=553 (full 61):
 par new generation   total 6144K, used 5237K [0x00000000fec00000, 0x00000000ff2a0000, 0x00000000ff2a0000)
  eden space 5504K,  95% used [0x00000000fec00000, 0x00000000ff11b780, 0x00000000ff160000)
  from space 640K,   1% used [0x00000000ff160000, 0x00000000ff162040, 0x00000000ff200000)
  to   space 640K,   0% used [0x00000000ff200000, 0x00000000ff200000, 0x00000000ff2a0000)
 concurrent mark-sweep generation total 13696K, used 11445K [0x00000000ff2a0000, 0x0000000100000000, 0x0000000100000000)
 Metaspace       used 5077K, capacity 5258K, committed 5504K, reserved 1056768K
  class space    used 557K, capacity 597K, committed 640K, reserved 1048576K
2024-07-16T17:58:57.292+0800: 4.436: [GC (Allocation Failure) 2024-07-16T17:58:57.292+0800: 4.436: [ParNew: 5237K->4K(6144K), 0.0008376 secs] 16683K->11449K(19840K), 0.0009510 secs] [Times: user=0.00 sys=0.00, real=0.00 secs] 
Heap after GC invocations=554 (full 61):
 par new generation   total 6144K, used 4K [0x00000000fec00000, 0x00000000ff2a0000, 0x00000000ff2a0000)
  eden space 5504K,   0% used [0x00000000fec00000, 0x00000000fec00000, 0x00000000ff160000)
  from space 640K,   0% used [0x00000000ff200000, 0x00000000ff201020, 0x00000000ff2a0000)
  to   space 640K,   0% used [0x00000000ff160000, 0x00000000ff160000, 0x00000000ff200000)
 concurrent mark-sweep generation total 13696K, used 11445K [0x00000000ff2a0000, 0x0000000100000000, 0x0000000100000000)
 Metaspace       used 5077K, capacity 5258K, committed 5504K, reserved 1056768K
  class space    used 557K, capacity 597K, committed 640K, reserved 1048576K
}
{Heap before GC invocations=554 (full 61):
 par new generation   total 6144K, used 5233K [0x00000000fec00000, 0x00000000ff2a0000, 0x00000000ff2a0000)
  eden space 5504K,  95% used [0x00000000fec00000, 0x00000000ff11b780, 0x00000000ff160000)
  from space 640K,   0% used [0x00000000ff200000, 0x00000000ff201020, 0x00000000ff2a0000)
  to   space 640K,   0% used [0x00000000ff160000, 0x00000000ff160000, 0x00000000ff200000)
 concurrent mark-sweep generation total 13696K, used 11445K [0x00000000ff2a0000, 0x0000000100000000, 0x0000000100000000)
 Metaspace       used 5077K, capacity 5258K, committed 5504K, reserved 1056768K
  class space    used 557K, capacity 597K, committed 640K, reserved 1048576K
2024-07-16T17:58:57.302+0800: 4.446: [GC (Allocation Failure) 2024-07-16T17:58:57.302+0800: 4.446: [ParNew: 5233K->4K(6144K), 0.0006172 secs] 16679K->11449K(19840K), 0.0007239 secs] [Times: user=0.00 sys=0.00, real=0.00 secs] 
Heap after GC invocations=555 (full 61):
 par new generation   total 6144K, used 4K [0x00000000fec00000, 0x00000000ff2a0000, 0x00000000ff2a0000)
  eden space 5504K,   0% used [0x00000000fec00000, 0x00000000fec00000, 0x00000000ff160000)
  from space 640K,   0% used [0x00000000ff160000, 0x00000000ff161020, 0x00000000ff200000)
  to   space 640K,   0% used [0x00000000ff200000, 0x00000000ff200000, 0x00000000ff2a0000)
 concurrent mark-sweep generation total 13696K, used 11445K [0x00000000ff2a0000, 0x0000000100000000, 0x0000000100000000)
 Metaspace       used 5077K, capacity 5258K, committed 5504K, reserved 1056768K
  class space    used 557K, capacity 597K, committed 640K, reserved 1048576K
}
{Heap before GC invocations=555 (full 61):
 par new generation   total 6144K, used 5233K [0x00000000fec00000, 0x00000000ff2a0000, 0x00000000ff2a0000)
  eden space 5504K,  95% used [0x00000000fec00000, 0x00000000ff11b780, 0x00000000ff160000)
  from space 640K,   0% used [0x00000000ff160000, 0x00000000ff161020, 0x00000000ff200000)
  to   space 640K,   0% used [0x00000000ff200000, 0x00000000ff200000, 0x00000000ff2a0000)
 concurrent mark-sweep generation total 13696K, used 11445K [0x00000000ff2a0000, 0x0000000100000000, 0x0000000100000000)
 Metaspace       used 5077K, capacity 5258K, committed 5504K, reserved 1056768K
  class space    used 557K, capacity 597K, committed 640K, reserved 1048576K
2024-07-16T17:58:57.309+0800: 4.453: [GC (Allocation Failure) 2024-07-16T17:58:57.309+0800: 4.453: [ParNew: 5233K->8K(6144K), 0.0008550 secs] 16679K->12477K(19840K), 0.0009476 secs] [Times: user=0.00 sys=0.00, real=0.00 secs] 
Heap after GC invocations=556 (full 61):
 par new generation   total 6144K, used 8K [0x00000000fec00000, 0x00000000ff2a0000, 0x00000000ff2a0000)
  eden space 5504K,   0% used [0x00000000fec00000, 0x00000000fec00000, 0x00000000ff160000)
  from space 640K,   1% used [0x00000000ff200000, 0x00000000ff202040, 0x00000000ff2a0000)
  to   space 640K,   0% used [0x00000000ff160000, 0x00000000ff160000, 0x00000000ff200000)
 concurrent mark-sweep generation total 13696K, used 12469K [0x00000000ff2a0000, 0x0000000100000000, 0x0000000100000000)
 Metaspace       used 5077K, capacity 5258K, committed 5504K, reserved 1056768K
  class space    used 557K, capacity 597K, committed 640K, reserved 1048576K
}
{Heap before GC invocations=556 (full 61):
 par new generation   total 6144K, used 5237K [0x00000000fec00000, 0x00000000ff2a0000, 0x00000000ff2a0000)
  eden space 5504K,  95% used [0x00000000fec00000, 0x00000000ff11b780, 0x00000000ff160000)
  from space 640K,   1% used [0x00000000ff200000, 0x00000000ff202040, 0x00000000ff2a0000)
  to   space 640K,   0% used [0x00000000ff160000, 0x00000000ff160000, 0x00000000ff200000)
 concurrent mark-sweep generation total 13696K, used 12469K [0x00000000ff2a0000, 0x0000000100000000, 0x0000000100000000)
 Metaspace       used 5077K, capacity 5258K, committed 5504K, reserved 1056768K
  class space    used 557K, capacity 597K, committed 640K, reserved 1048576K
2024-07-16T17:58:57.317+0800: 4.461: [GC (Allocation Failure) 2024-07-16T17:58:57.317+0800: 4.461: [ParNew: 5237K->5237K(6144K), 0.0000166 secs]2024-07-16T17:58:57.317+0800: 4.461: [CMS2024-07-16T17:58:57.317+0800: 4.461: [CMS-concurrent-abortable-preclean: 0.001/0.065 secs] [Times: user=0.02 sys=0.00, real=0.06 secs] 
 (concurrent mode failure): 12469K->2220K(13696K), 0.0036310 secs] 17707K->2220K(19840K), [Metaspace: 5077K->5077K(1056768K)], 0.0037112 secs] [Times: user=0.00 sys=0.00, real=0.00 secs] 
Heap after GC invocations=557 (full 62):
 par new generation   total 6144K, used 0K [0x00000000fec00000, 0x00000000ff2a0000, 0x00000000ff2a0000)
  eden space 5504K,   0% used [0x00000000fec00000, 0x00000000fec00000, 0x00000000ff160000)
  from space 640K,   0% used [0x00000000ff200000, 0x00000000ff200000, 0x00000000ff2a0000)
  to   space 640K,   0% used [0x00000000ff160000, 0x00000000ff160000, 0x00000000ff200000)
 concurrent mark-sweep generation total 13696K, used 2220K [0x00000000ff2a0000, 0x0000000100000000, 0x0000000100000000)
 Metaspace       used 5077K, capacity 5258K, committed 5504K, reserved 1056768K
  class space    used 557K, capacity 597K, committed 640K, reserved 1048576K
}
{Heap before GC invocations=557 (full 62):
 par new generation   total 6144K, used 5229K [0x00000000fec00000, 0x00000000ff2a0000, 0x00000000ff2a0000)
  eden space 5504K,  95% used [0x00000000fec00000, 0x00000000ff11b780, 0x00000000ff160000)
  from space 640K,   0% used [0x00000000ff200000, 0x00000000ff200000, 0x00000000ff2a0000)
  to   space 640K,   0% used [0x00000000ff160000, 0x00000000ff160000, 0x00000000ff200000)
 concurrent mark-sweep generation total 13696K, used 2220K [0x00000000ff2a0000, 0x0000000100000000, 0x0000000100000000)
 Metaspace       used 5077K, capacity 5258K, committed 5504K, reserved 1056768K
  class space    used 557K, capacity 597K, committed 640K, reserved 1048576K
2024-07-16T17:58:57.327+0800: 4.471: [GC (Allocation Failure) 2024-07-16T17:58:57.327+0800: 4.471: [ParNew: 5229K->6K(6144K), 0.0007394 secs] 7450K->3252K(19840K), 0.0007946 secs] [Times: user=0.00 sys=0.00, real=0.00 secs] 
Heap after GC invocations=558 (full 62):
 par new generation   total 6144K, used 6K [0x00000000fec00000, 0x00000000ff2a0000, 0x00000000ff2a0000)
  eden space 5504K,   0% used [0x00000000fec00000, 0x00000000fec00000, 0x00000000ff160000)
  from space 640K,   0% used [0x00000000ff160000, 0x00000000ff161830, 0x00000000ff200000)
  to   space 640K,   0% used [0x00000000ff200000, 0x00000000ff200000, 0x00000000ff2a0000)
 concurrent mark-sweep generation total 13696K, used 3246K [0x00000000ff2a0000, 0x0000000100000000, 0x0000000100000000)
 Metaspace       used 5077K, capacity 5258K, committed 5504K, reserved 1056768K
  class space    used 557K, capacity 597K, committed 640K, reserved 1048576K
}
{Heap before GC invocations=558 (full 62):
 par new generation   total 6144K, used 5236K [0x00000000fec00000, 0x00000000ff2a0000, 0x00000000ff2a0000)
  eden space 5504K,  95% used [0x00000000fec00000, 0x00000000ff11b7f8, 0x00000000ff160000)
  from space 640K,   0% used [0x00000000ff160000, 0x00000000ff161830, 0x00000000ff200000)
  to   space 640K,   0% used [0x00000000ff200000, 0x00000000ff200000, 0x00000000ff2a0000)
 concurrent mark-sweep generation total 13696K, used 3246K [0x00000000ff2a0000, 0x0000000100000000, 0x0000000100000000)
 Metaspace       used 5077K, capacity 5258K, committed 5504K, reserved 1056768K
  class space    used 557K, capacity 597K, committed 640K, reserved 1048576K
2024-07-16T17:58:57.335+0800: 4.479: [GC (Allocation Failure) 2024-07-16T17:58:57.335+0800: 4.479: [ParNew: 5236K->8K(6144K), 0.0005895 secs] 8482K->4280K(19840K), 0.0006703 secs] [Times: user=0.00 sys=0.00, real=0.00 secs] 
Heap after GC invocations=559 (full 62):
 par new generation   total 6144K, used 8K [0x00000000fec00000, 0x00000000ff2a0000, 0x00000000ff2a0000)
  eden space 5504K,   0% used [0x00000000fec00000, 0x00000000fec00000, 0x00000000ff160000)
  from space 640K,   1% used [0x00000000ff200000, 0x00000000ff202040, 0x00000000ff2a0000)
  to   space 640K,   0% used [0x00000000ff160000, 0x00000000ff160000, 0x00000000ff200000)
 concurrent mark-sweep generation total 13696K, used 4272K [0x00000000ff2a0000, 0x0000000100000000, 0x0000000100000000)
 Metaspace       used 5077K, capacity 5258K, committed 5504K, reserved 1056768K
  class space    used 557K, capacity 597K, committed 640K, reserved 1048576K
}
{Heap before GC invocations=559 (full 62):
 par new generation   total 6144K, used 5238K [0x00000000fec00000, 0x00000000ff2a0000, 0x00000000ff2a0000)
  eden space 5504K,  95% used [0x00000000fec00000, 0x00000000ff11b7c8, 0x00000000ff160000)
  from space 640K,   1% used [0x00000000ff200000, 0x00000000ff202040, 0x00000000ff2a0000)
  to   space 640K,   0% used [0x00000000ff160000, 0x00000000ff160000, 0x00000000ff200000)
 concurrent mark-sweep generation total 13696K, used 4272K [0x00000000ff2a0000, 0x0000000100000000, 0x0000000100000000)
 Metaspace       used 5077K, capacity 5258K, committed 5504K, reserved 1056768K
  class space    used 557K, capacity 597K, committed 640K, reserved 1048576K
2024-07-16T17:58:57.344+0800: 4.488: [GC (Allocation Failure) 2024-07-16T17:58:57.344+0800: 4.488: [ParNew: 5238K->4K(6144K), 0.0007727 secs] 9510K->4276K(19840K), 0.0008674 secs] [Times: user=0.00 sys=0.00, real=0.00 secs] 
Heap after GC invocations=560 (full 62):
 par new generation   total 6144K, used 4K [0x00000000fec00000, 0x00000000ff2a0000, 0x00000000ff2a0000)
  eden space 5504K,   0% used [0x00000000fec00000, 0x00000000fec00000, 0x00000000ff160000)
  from space 640K,   0% used [0x00000000ff160000, 0x00000000ff161020, 0x00000000ff200000)
  to   space 640K,   0% used [0x00000000ff200000, 0x00000000ff200000, 0x00000000ff2a0000)
 concurrent mark-sweep generation total 13696K, used 4272K [0x00000000ff2a0000, 0x0000000100000000, 0x0000000100000000)
 Metaspace       used 5077K, capacity 5258K, committed 5504K, reserved 1056768K
  class space    used 557K, capacity 597K, committed 640K, reserved 1048576K
}
{Heap before GC invocations=560 (full 62):
 par new generation   total 6144K, used 5233K [0x00000000fec00000, 0x00000000ff2a0000, 0x00000000ff2a0000)
  eden space 5504K,  95% used [0x00000000fec00000, 0x00000000ff11b7b0, 0x00000000ff160000)
  from space 640K,   0% used [0x00000000ff160000, 0x00000000ff161020, 0x00000000ff200000)
  to   space 640K,   0% used [0x00000000ff200000, 0x00000000ff200000, 0x00000000ff2a0000)
 concurrent mark-sweep generation total 13696K, used 4272K [0x00000000ff2a0000, 0x0000000100000000, 0x0000000100000000)
 Metaspace       used 5077K, capacity 5258K, committed 5504K, reserved 1056768K
  class space    used 557K, capacity 597K, committed 640K, reserved 1048576K
2024-07-16T17:58:57.351+0800: 4.495: [GC (Allocation Failure) 2024-07-16T17:58:57.351+0800: 4.495: [ParNew: 5233K->4K(6144K), 0.0009416 secs] 9506K->5302K(19840K), 0.0010077 secs] [Times: user=0.00 sys=0.00, real=0.00 secs] 
Heap after GC invocations=561 (full 62):
 par new generation   total 6144K, used 4K [0x00000000fec00000, 0x00000000ff2a0000, 0x00000000ff2a0000)
  eden space 5504K,   0% used [0x00000000fec00000, 0x00000000fec00000, 0x00000000ff160000)
  from space 640K,   0% used [0x00000000ff200000, 0x00000000ff201020, 0x00000000ff2a0000)
  to   space 640K,   0% used [0x00000000ff160000, 0x00000000ff160000, 0x00000000ff200000)
 concurrent mark-sweep generation total 13696K, used 5298K [0x00000000ff2a0000, 0x0000000100000000, 0x0000000100000000)
 Metaspace       used 5077K, capacity 5258K, committed 5504K, reserved 1056768K
  class space    used 557K, capacity 597K, committed 640K, reserved 1048576K
}
{Heap before GC invocations=561 (full 62):
 par new generation   total 6144K, used 5233K [0x00000000fec00000, 0x00000000ff2a0000, 0x00000000ff2a0000)
  eden space 5504K,  95% used [0x00000000fec00000, 0x00000000ff11b7a0, 0x00000000ff160000)
  from space 640K,   0% used [0x00000000ff200000, 0x00000000ff201020, 0x00000000ff2a0000)
  to   space 640K,   0% used [0x00000000ff160000, 0x00000000ff160000, 0x00000000ff200000)
 concurrent mark-sweep generation total 13696K, used 5298K [0x00000000ff2a0000, 0x0000000100000000, 0x0000000100000000)
 Metaspace       used 5077K, capacity 5258K, committed 5504K, reserved 1056768K
  class space    used 557K, capacity 597K, committed 640K, reserved 1048576K
2024-07-16T17:58:57.358+0800: 4.502: [GC (Allocation Failure) 2024-07-16T17:58:57.358+0800: 4.502: [ParNew: 5233K->6K(6144K), 0.0007750 secs] 10532K->6330K(19840K), 0.0008185 secs] [Times: user=0.00 sys=0.00, real=0.00 secs] 
Heap after GC invocations=562 (full 62):
 par new generation   total 6144K, used 6K [0x00000000fec00000, 0x00000000ff2a0000, 0x00000000ff2a0000)
  eden space 5504K,   0% used [0x00000000fec00000, 0x00000000fec00000, 0x00000000ff160000)
  from space 640K,   0% used [0x00000000ff160000, 0x00000000ff161830, 0x00000000ff200000)
  to   space 640K,   0% used [0x00000000ff200000, 0x00000000ff200000, 0x00000000ff2a0000)
 concurrent mark-sweep generation total 13696K, used 6324K [0x00000000ff2a0000, 0x0000000100000000, 0x0000000100000000)
 Metaspace       used 5077K, capacity 5258K, committed 5504K, reserved 1056768K
  class space    used 557K, capacity 597K, committed 640K, reserved 1048576K
}
{Heap before GC invocations=562 (full 62):
 par new generation   total 6144K, used 5235K [0x00000000fec00000, 0x00000000ff2a0000, 0x00000000ff2a0000)
  eden space 5504K,  95% used [0x00000000fec00000, 0x00000000ff11b790, 0x00000000ff160000)
  from space 640K,   0% used [0x00000000ff160000, 0x00000000ff161830, 0x00000000ff200000)
  to   space 640K,   0% used [0x00000000ff200000, 0x00000000ff200000, 0x00000000ff2a0000)
 concurrent mark-sweep generation total 13696K, used 6324K [0x00000000ff2a0000, 0x0000000100000000, 0x0000000100000000)
 Metaspace       used 5077K, capacity 5258K, committed 5504K, reserved 1056768K
  class space    used 557K, capacity 597K, committed 640K, reserved 1048576K
2024-07-16T17:58:57.367+0800: 4.511: [GC (Allocation Failure) 2024-07-16T17:58:57.367+0800: 4.511: [ParNew: 5235K->4K(6144K), 0.0004680 secs] 11560K->6328K(19840K), 0.0005727 secs] [Times: user=0.00 sys=0.00, real=0.00 secs] 
Heap after GC invocations=563 (full 62):
 par new generation   total 6144K, used 4K [0x00000000fec00000, 0x00000000ff2a0000, 0x00000000ff2a0000)
  eden space 5504K,   0% used [0x00000000fec00000, 0x00000000fec00000, 0x00000000ff160000)
  from space 640K,   0% used [0x00000000ff200000, 0x00000000ff201020, 0x00000000ff2a0000)
  to   space 640K,   0% used [0x00000000ff160000, 0x00000000ff160000, 0x00000000ff200000)
 concurrent mark-sweep generation total 13696K, used 6324K [0x00000000ff2a0000, 0x0000000100000000, 0x0000000100000000)
 Metaspace       used 5077K, capacity 5258K, committed 5504K, reserved 1056768K
  class space    used 557K, capacity 597K, committed 640K, reserved 1048576K
}
{Heap before GC invocations=563 (full 62):
 par new generation   total 6144K, used 5233K [0x00000000fec00000, 0x00000000ff2a0000, 0x00000000ff2a0000)
  eden space 5504K,  95% used [0x00000000fec00000, 0x00000000ff11b788, 0x00000000ff160000)
  from space 640K,   0% used [0x00000000ff200000, 0x00000000ff201020, 0x00000000ff2a0000)
  to   space 640K,   0% used [0x00000000ff160000, 0x00000000ff160000, 0x00000000ff200000)
 concurrent mark-sweep generation total 13696K, used 6324K [0x00000000ff2a0000, 0x0000000100000000, 0x0000000100000000)
 Metaspace       used 5077K, capacity 5258K, committed 5504K, reserved 1056768K
  class space    used 557K, capacity 597K, committed 640K, reserved 1048576K
2024-07-16T17:58:57.373+0800: 4.517: [GC (Allocation Failure) 2024-07-16T17:58:57.373+0800: 4.517: [ParNew: 5233K->6K(6144K), 0.0008230 secs] 11558K->7354K(19840K), 0.0009026 secs] [Times: user=0.00 sys=0.00, real=0.00 secs] 
Heap after GC invocations=564 (full 62):
 par new generation   total 6144K, used 6K [0x00000000fec00000, 0x00000000ff2a0000, 0x00000000ff2a0000)
  eden space 5504K,   0% used [0x00000000fec00000, 0x00000000fec00000, 0x00000000ff160000)
  from space 640K,   0% used [0x00000000ff160000, 0x00000000ff161830, 0x00000000ff200000)
  to   space 640K,   0% used [0x00000000ff200000, 0x00000000ff200000, 0x00000000ff2a0000)
 concurrent mark-sweep generation total 13696K, used 7348K [0x00000000ff2a0000, 0x0000000100000000, 0x0000000100000000)
 Metaspace       used 5077K, capacity 5258K, committed 5504K, reserved 1056768K
  class space    used 557K, capacity 597K, committed 640K, reserved 1048576K
}
{Heap before GC invocations=564 (full 62):
 par new generation   total 6144K, used 5235K [0x00000000fec00000, 0x00000000ff2a0000, 0x00000000ff2a0000)
  eden space 5504K,  95% used [0x00000000fec00000, 0x00000000ff11b788, 0x00000000ff160000)
  from space 640K,   0% used [0x00000000ff160000, 0x00000000ff161830, 0x00000000ff200000)
  to   space 640K,   0% used [0x00000000ff200000, 0x00000000ff200000, 0x00000000ff2a0000)
 concurrent mark-sweep generation total 13696K, used 7348K [0x00000000ff2a0000, 0x0000000100000000, 0x0000000100000000)
 Metaspace       used 5077K, capacity 5258K, committed 5504K, reserved 1056768K
  class space    used 557K, capacity 597K, committed 640K, reserved 1048576K
2024-07-16T17:58:57.382+0800: 4.526: [GC (Allocation Failure) 2024-07-16T17:58:57.382+0800: 4.526: [ParNew: 5235K->4K(6144K), 0.0007499 secs] 12584K->7352K(19840K), 0.0008248 secs] [Times: user=0.00 sys=0.00, real=0.00 secs] 
Heap after GC invocations=565 (full 62):
 par new generation   total 6144K, used 4K [0x00000000fec00000, 0x00000000ff2a0000, 0x00000000ff2a0000)
  eden space 5504K,   0% used [0x00000000fec00000, 0x00000000fec00000, 0x00000000ff160000)
  from space 640K,   0% used [0x00000000ff200000, 0x00000000ff201020, 0x00000000ff2a0000)
  to   space 640K,   0% used [0x00000000ff160000, 0x00000000ff160000, 0x00000000ff200000)
 concurrent mark-sweep generation total 13696K, used 7348K [0x00000000ff2a0000, 0x0000000100000000, 0x0000000100000000)
 Metaspace       used 5077K, capacity 5258K, committed 5504K, reserved 1056768K
  class space    used 557K, capacity 597K, committed 640K, reserved 1048576K
}
{Heap before GC invocations=565 (full 62):
 par new generation   total 6144K, used 5233K [0x00000000fec00000, 0x00000000ff2a0000, 0x00000000ff2a0000)
  eden space 5504K,  95% used [0x00000000fec00000, 0x00000000ff11b780, 0x00000000ff160000)
  from space 640K,   0% used [0x00000000ff200000, 0x00000000ff201020, 0x00000000ff2a0000)
  to   space 640K,   0% used [0x00000000ff160000, 0x00000000ff160000, 0x00000000ff200000)
 concurrent mark-sweep generation total 13696K, used 7348K [0x00000000ff2a0000, 0x0000000100000000, 0x0000000100000000)
 Metaspace       used 5077K, capacity 5258K, committed 5504K, reserved 1056768K
  class space    used 557K, capacity 597K, committed 640K, reserved 1048576K
2024-07-16T17:58:57.389+0800: 4.534: [GC (Allocation Failure) 2024-07-16T17:58:57.389+0800: 4.534: [ParNew: 5233K->8K(6144K), 0.0014712 secs] 12582K->8382K(19840K), 0.0016294 secs] [Times: user=0.00 sys=0.00, real=0.00 secs] 
Heap after GC invocations=566 (full 62):
 par new generation   total 6144K, used 8K [0x00000000fec00000, 0x00000000ff2a0000, 0x00000000ff2a0000)
  eden space 5504K,   0% used [0x00000000fec00000, 0x00000000fec00000, 0x00000000ff160000)
  from space 640K,   1% used [0x00000000ff160000, 0x00000000ff162040, 0x00000000ff200000)
  to   space 640K,   0% used [0x00000000ff200000, 0x00000000ff200000, 0x00000000ff2a0000)
 concurrent mark-sweep generation total 13696K, used 8374K [0x00000000ff2a0000, 0x0000000100000000, 0x0000000100000000)
 Metaspace       used 5077K, capacity 5258K, committed 5504K, reserved 1056768K
  class space    used 557K, capacity 597K, committed 640K, reserved 1048576K
}
2024-07-16T17:58:57.391+0800: 4.536: [GC (CMS Initial Mark) [1 CMS-initial-mark: 8374K(13696K)] 9409K(19840K), 0.0006550 secs] [Times: user=0.00 sys=0.00, real=0.00 secs] 
2024-07-16T17:58:57.392+0800: 4.537: [CMS-concurrent-mark-start]
2024-07-16T17:58:57.397+0800: 4.542: [CMS-concurrent-mark: 0.005/0.005 secs] [Times: user=0.05 sys=0.00, real=0.01 secs] 
2024-07-16T17:58:57.397+0800: 4.542: [CMS-concurrent-preclean-start]
2024-07-16T17:58:57.397+0800: 4.542: [CMS-concurrent-preclean: 0.000/0.000 secs] [Times: user=0.00 sys=0.00, real=0.00 secs] 
2024-07-16T17:58:57.397+0800: 4.542: [CMS-concurrent-abortable-preclean-start]
{Heap before GC invocations=566 (full 63):
 par new generation   total 6144K, used 5237K [0x00000000fec00000, 0x00000000ff2a0000, 0x00000000ff2a0000)
  eden space 5504K,  95% used [0x00000000fec00000, 0x00000000ff11b780, 0x00000000ff160000)
  from space 640K,   1% used [0x00000000ff160000, 0x00000000ff162040, 0x00000000ff200000)
  to   space 640K,   0% used [0x00000000ff200000, 0x00000000ff200000, 0x00000000ff2a0000)
 concurrent mark-sweep generation total 13696K, used 8374K [0x00000000ff2a0000, 0x0000000100000000, 0x0000000100000000)
 Metaspace       used 5077K, capacity 5258K, committed 5504K, reserved 1056768K
  class space    used 557K, capacity 597K, committed 640K, reserved 1048576K
2024-07-16T17:58:57.400+0800: 4.544: [GC (Allocation Failure) 2024-07-16T17:58:57.400+0800: 4.544: [ParNew: 5237K->4K(6144K), 0.0005050 secs] 13612K->8378K(19840K), 0.0005711 secs] [Times: user=0.00 sys=0.00, real=0.00 secs] 
Heap after GC invocations=567 (full 63):
 par new generation   total 6144K, used 4K [0x00000000fec00000, 0x00000000ff2a0000, 0x00000000ff2a0000)
  eden space 5504K,   0% used [0x00000000fec00000, 0x00000000fec00000, 0x00000000ff160000)
  from space 640K,   0% used [0x00000000ff200000, 0x00000000ff201020, 0x00000000ff2a0000)
  to   space 640K,   0% used [0x00000000ff160000, 0x00000000ff160000, 0x00000000ff200000)
 concurrent mark-sweep generation total 13696K, used 8374K [0x00000000ff2a0000, 0x0000000100000000, 0x0000000100000000)
 Metaspace       used 5077K, capacity 5258K, committed 5504K, reserved 1056768K
  class space    used 557K, capacity 597K, committed 640K, reserved 1048576K
}
{Heap before GC invocations=567 (full 63):
 par new generation   total 6144K, used 5233K [0x00000000fec00000, 0x00000000ff2a0000, 0x00000000ff2a0000)
  eden space 5504K,  95% used [0x00000000fec00000, 0x00000000ff11b780, 0x00000000ff160000)
  from space 640K,   0% used [0x00000000ff200000, 0x00000000ff201020, 0x00000000ff2a0000)
  to   space 640K,   0% used [0x00000000ff160000, 0x00000000ff160000, 0x00000000ff200000)
 concurrent mark-sweep generation total 13696K, used 8374K [0x00000000ff2a0000, 0x0000000100000000, 0x0000000100000000)
 Metaspace       used 5077K, capacity 5258K, committed 5504K, reserved 1056768K
  class space    used 557K, capacity 597K, committed 640K, reserved 1048576K
2024-07-16T17:58:57.406+0800: 4.550: [GC (Allocation Failure) 2024-07-16T17:58:57.406+0800: 4.550: [ParNew: 5233K->6K(6144K), 0.0007577 secs] 13608K->9407K(19840K), 0.0008323 secs] [Times: user=0.00 sys=0.00, real=0.00 secs] 
Heap after GC invocations=568 (full 63):
 par new generation   total 6144K, used 6K [0x00000000fec00000, 0x00000000ff2a0000, 0x00000000ff2a0000)
  eden space 5504K,   0% used [0x00000000fec00000, 0x00000000fec00000, 0x00000000ff160000)
  from space 640K,   0% used [0x00000000ff160000, 0x00000000ff161830, 0x00000000ff200000)
  to   space 640K,   0% used [0x00000000ff200000, 0x00000000ff200000, 0x00000000ff2a0000)
 concurrent mark-sweep generation total 13696K, used 9400K [0x00000000ff2a0000, 0x0000000100000000, 0x0000000100000000)
 Metaspace       used 5077K, capacity 5258K, committed 5504K, reserved 1056768K
  class space    used 557K, capacity 597K, committed 640K, reserved 1048576K
}
{Heap before GC invocations=568 (full 63):
 par new generation   total 6144K, used 5235K [0x00000000fec00000, 0x00000000ff2a0000, 0x00000000ff2a0000)
  eden space 5504K,  95% used [0x00000000fec00000, 0x00000000ff11b780, 0x00000000ff160000)
  from space 640K,   0% used [0x00000000ff160000, 0x00000000ff161830, 0x00000000ff200000)
  to   space 640K,   0% used [0x00000000ff200000, 0x00000000ff200000, 0x00000000ff2a0000)
 concurrent mark-sweep generation total 13696K, used 9400K [0x00000000ff2a0000, 0x0000000100000000, 0x0000000100000000)
 Metaspace       used 5077K, capacity 5258K, committed 5504K, reserved 1056768K
  class space    used 557K, capacity 597K, committed 640K, reserved 1048576K
2024-07-16T17:58:57.415+0800: 4.559: [GC (Allocation Failure) 2024-07-16T17:58:57.415+0800: 4.559: [ParNew: 5235K->4K(6144K), 0.0002611 secs] 14636K->9405K(19840K), 0.0002953 secs] [Times: user=0.00 sys=0.00, real=0.00 secs] 
Heap after GC invocations=569 (full 63):
 par new generation   total 6144K, used 4K [0x00000000fec00000, 0x00000000ff2a0000, 0x00000000ff2a0000)
  eden space 5504K,   0% used [0x00000000fec00000, 0x00000000fec00000, 0x00000000ff160000)
  from space 640K,   0% used [0x00000000ff200000, 0x00000000ff201020, 0x00000000ff2a0000)
  to   space 640K,   0% used [0x00000000ff160000, 0x00000000ff160000, 0x00000000ff200000)
 concurrent mark-sweep generation total 13696K, used 9400K [0x00000000ff2a0000, 0x0000000100000000, 0x0000000100000000)
 Metaspace       used 5077K, capacity 5258K, committed 5504K, reserved 1056768K
  class space    used 557K, capacity 597K, committed 640K, reserved 1048576K
}
{Heap before GC invocations=569 (full 63):
 par new generation   total 6144K, used 5233K [0x00000000fec00000, 0x00000000ff2a0000, 0x00000000ff2a0000)
  eden space 5504K,  95% used [0x00000000fec00000, 0x00000000ff11b780, 0x00000000ff160000)
  from space 640K,   0% used [0x00000000ff200000, 0x00000000ff201020, 0x00000000ff2a0000)
  to   space 640K,   0% used [0x00000000ff160000, 0x00000000ff160000, 0x00000000ff200000)
 concurrent mark-sweep generation total 13696K, used 9400K [0x00000000ff2a0000, 0x0000000100000000, 0x0000000100000000)
 Metaspace       used 5077K, capacity 5258K, committed 5504K, reserved 1056768K
  class space    used 557K, capacity 597K, committed 640K, reserved 1048576K
2024-07-16T17:58:57.422+0800: 4.566: [GC (Allocation Failure) 2024-07-16T17:58:57.422+0800: 4.566: [ParNew: 5233K->4K(6144K), 0.0004765 secs] 14634K->10429K(19840K), 0.0005107 secs] [Times: user=0.00 sys=0.00, real=0.00 secs] 
Heap after GC invocations=570 (full 63):
 par new generation   total 6144K, used 4K [0x00000000fec00000, 0x00000000ff2a0000, 0x00000000ff2a0000)
  eden space 5504K,   0% used [0x00000000fec00000, 0x00000000fec00000, 0x00000000ff160000)
  from space 640K,   0% used [0x00000000ff160000, 0x00000000ff161020, 0x00000000ff200000)
  to   space 640K,   0% used [0x00000000ff200000, 0x00000000ff200000, 0x00000000ff2a0000)
 concurrent mark-sweep generation total 13696K, used 10425K [0x00000000ff2a0000, 0x0000000100000000, 0x0000000100000000)
 Metaspace       used 5077K, capacity 5258K, committed 5504K, reserved 1056768K
  class space    used 557K, capacity 597K, committed 640K, reserved 1048576K
}
{Heap before GC invocations=570 (full 63):
 par new generation   total 6144K, used 5233K [0x00000000fec00000, 0x00000000ff2a0000, 0x00000000ff2a0000)
  eden space 5504K,  95% used [0x00000000fec00000, 0x00000000ff11b780, 0x00000000ff160000)
  from space 640K,   0% used [0x00000000ff160000, 0x00000000ff161020, 0x00000000ff200000)
  to   space 640K,   0% used [0x00000000ff200000, 0x00000000ff200000, 0x00000000ff2a0000)
 concurrent mark-sweep generation total 13696K, used 10425K [0x00000000ff2a0000, 0x0000000100000000, 0x0000000100000000)
 Metaspace       used 5077K, capacity 5258K, committed 5504K, reserved 1056768K
  class space    used 557K, capacity 597K, committed 640K, reserved 1048576K
2024-07-16T17:58:57.431+0800: 4.576: [GC (Allocation Failure) 2024-07-16T17:58:57.431+0800: 4.576: [ParNew: 5233K->10K(6144K), 0.0007433 secs] 15658K->12483K(19840K), 0.0008360 secs] [Times: user=0.00 sys=0.00, real=0.00 secs] 
Heap after GC invocations=571 (full 63):
 par new generation   total 6144K, used 10K [0x00000000fec00000, 0x00000000ff2a0000, 0x00000000ff2a0000)
  eden space 5504K,   0% used [0x00000000fec00000, 0x00000000fec00000, 0x00000000ff160000)
  from space 640K,   1% used [0x00000000ff200000, 0x00000000ff202850, 0x00000000ff2a0000)
  to   space 640K,   0% used [0x00000000ff160000, 0x00000000ff160000, 0x00000000ff200000)
 concurrent mark-sweep generation total 13696K, used 12473K [0x00000000ff2a0000, 0x0000000100000000, 0x0000000100000000)
 Metaspace       used 5077K, capacity 5258K, committed 5504K, reserved 1056768K
  class space    used 557K, capacity 597K, committed 640K, reserved 1048576K
}
{Heap before GC invocations=571 (full 63):
 par new generation   total 6144K, used 5239K [0x00000000fec00000, 0x00000000ff2a0000, 0x00000000ff2a0000)
  eden space 5504K,  95% used [0x00000000fec00000, 0x00000000ff11b780, 0x00000000ff160000)
  from space 640K,   1% used [0x00000000ff200000, 0x00000000ff202850, 0x00000000ff2a0000)
  to   space 640K,   0% used [0x00000000ff160000, 0x00000000ff160000, 0x00000000ff200000)
 concurrent mark-sweep generation total 13696K, used 12473K [0x00000000ff2a0000, 0x0000000100000000, 0x0000000100000000)
 Metaspace       used 5077K, capacity 5258K, committed 5504K, reserved 1056768K
  class space    used 557K, capacity 597K, committed 640K, reserved 1048576K
2024-07-16T17:58:57.440+0800: 4.585: [GC (Allocation Failure) 2024-07-16T17:58:57.440+0800: 4.585: [ParNew: 5239K->5239K(6144K), 0.0000193 secs]2024-07-16T17:58:57.440+0800: 4.585: [CMS2024-07-16T17:58:57.440+0800: 4.585: [CMS-concurrent-abortable-preclean: 0.001/0.043 secs] [Times: user=0.00 sys=0.00, real=0.04 secs] 
 (concurrent mode failure): 12473K->1196K(13696K), 0.0033569 secs] 17712K->1196K(19840K), [Metaspace: 5077K->5077K(1056768K)], 0.0034679 secs] [Times: user=0.00 sys=0.00, real=0.00 secs] 
Heap after GC invocations=572 (full 64):
 par new generation   total 6144K, used 0K [0x00000000fec00000, 0x00000000ff2a0000, 0x00000000ff2a0000)
  eden space 5504K,   0% used [0x00000000fec00000, 0x00000000fec00000, 0x00000000ff160000)
  from space 640K,   0% used [0x00000000ff200000, 0x00000000ff200000, 0x00000000ff2a0000)
  to   space 640K,   0% used [0x00000000ff160000, 0x00000000ff160000, 0x00000000ff200000)
 concurrent mark-sweep generation total 13696K, used 1196K [0x00000000ff2a0000, 0x0000000100000000, 0x0000000100000000)
 Metaspace       used 5077K, capacity 5258K, committed 5504K, reserved 1056768K
  class space    used 557K, capacity 597K, committed 640K, reserved 1048576K
}
{Heap before GC invocations=572 (full 64):
 par new generation   total 6144K, used 5229K [0x00000000fec00000, 0x00000000ff2a0000, 0x00000000ff2a0000)
  eden space 5504K,  95% used [0x00000000fec00000, 0x00000000ff11b780, 0x00000000ff160000)
  from space 640K,   0% used [0x00000000ff200000, 0x00000000ff200000, 0x00000000ff2a0000)
  to   space 640K,   0% used [0x00000000ff160000, 0x00000000ff160000, 0x00000000ff200000)
 concurrent mark-sweep generation total 13696K, used 1196K [0x00000000ff2a0000, 0x0000000100000000, 0x0000000100000000)
 Metaspace       used 5077K, capacity 5258K, committed 5504K, reserved 1056768K
  class space    used 557K, capacity 597K, committed 640K, reserved 1048576K
2024-07-16T17:58:57.452+0800: 4.596: [GC (Allocation Failure) 2024-07-16T17:58:57.452+0800: 4.597: [ParNew: 5229K->4K(6144K), 0.0004210 secs] 6426K->1200K(19840K), 0.0004892 secs] [Times: user=0.00 sys=0.00, real=0.00 secs] 
Heap after GC invocations=573 (full 64):
 par new generation   total 6144K, used 4K [0x00000000fec00000, 0x00000000ff2a0000, 0x00000000ff2a0000)
  eden space 5504K,   0% used [0x00000000fec00000, 0x00000000fec00000, 0x00000000ff160000)
  from space 640K,   0% used [0x00000000ff160000, 0x00000000ff161020, 0x00000000ff200000)
  to   space 640K,   0% used [0x00000000ff200000, 0x00000000ff200000, 0x00000000ff2a0000)
 concurrent mark-sweep generation total 13696K, used 1196K [0x00000000ff2a0000, 0x0000000100000000, 0x0000000100000000)
 Metaspace       used 5077K, capacity 5258K, committed 5504K, reserved 1056768K
  class space    used 557K, capacity 597K, committed 640K, reserved 1048576K
}
{Heap before GC invocations=573 (full 64):
 par new generation   total 6144K, used 5233K [0x00000000fec00000, 0x00000000ff2a0000, 0x00000000ff2a0000)
  eden space 5504K,  95% used [0x00000000fec00000, 0x00000000ff11b780, 0x00000000ff160000)
  from space 640K,   0% used [0x00000000ff160000, 0x00000000ff161020, 0x00000000ff200000)
  to   space 640K,   0% used [0x00000000ff200000, 0x00000000ff200000, 0x00000000ff2a0000)
 concurrent mark-sweep generation total 13696K, used 1196K [0x00000000ff2a0000, 0x0000000100000000, 0x0000000100000000)
 Metaspace       used 5077K, capacity 5258K, committed 5504K, reserved 1056768K
  class space    used 557K, capacity 597K, committed 640K, reserved 1048576K
2024-07-16T17:58:57.459+0800: 4.603: [GC (Allocation Failure) 2024-07-16T17:58:57.459+0800: 4.603: [ParNew: 5233K->6K(6144K), 0.0004759 secs] 6430K->2228K(19840K), 0.0005236 secs] [Times: user=0.00 sys=0.00, real=0.00 secs] 
Heap after GC invocations=574 (full 64):
 par new generation   total 6144K, used 6K [0x00000000fec00000, 0x00000000ff2a0000, 0x00000000ff2a0000)
  eden space 5504K,   0% used [0x00000000fec00000, 0x00000000fec00000, 0x00000000ff160000)
  from space 640K,   0% used [0x00000000ff200000, 0x00000000ff201830, 0x00000000ff2a0000)
  to   space 640K,   0% used [0x00000000ff160000, 0x00000000ff160000, 0x00000000ff200000)
 concurrent mark-sweep generation total 13696K, used 2222K [0x00000000ff2a0000, 0x0000000100000000, 0x0000000100000000)
 Metaspace       used 5077K, capacity 5258K, committed 5504K, reserved 1056768K
  class space    used 557K, capacity 597K, committed 640K, reserved 1048576K
}
{Heap before GC invocations=574 (full 64):
 par new generation   total 6144K, used 5235K [0x00000000fec00000, 0x00000000ff2a0000, 0x00000000ff2a0000)
  eden space 5504K,  95% used [0x00000000fec00000, 0x00000000ff11b780, 0x00000000ff160000)
  from space 640K,   0% used [0x00000000ff200000, 0x00000000ff201830, 0x00000000ff2a0000)
  to   space 640K,   0% used [0x00000000ff160000, 0x00000000ff160000, 0x00000000ff200000)
 concurrent mark-sweep generation total 13696K, used 2222K [0x00000000ff2a0000, 0x0000000100000000, 0x0000000100000000)
 Metaspace       used 5077K, capacity 5258K, committed 5504K, reserved 1056768K
  class space    used 557K, capacity 597K, committed 640K, reserved 1048576K
2024-07-16T17:58:57.466+0800: 4.610: [GC (Allocation Failure) 2024-07-16T17:58:57.466+0800: 4.611: [ParNew: 5235K->6K(6144K), 0.0004700 secs] 7458K->3252K(19840K), 0.0005579 secs] [Times: user=0.00 sys=0.00, real=0.00 secs] 
Heap after GC invocations=575 (full 64):
 par new generation   total 6144K, used 6K [0x00000000fec00000, 0x00000000ff2a0000, 0x00000000ff2a0000)
  eden space 5504K,   0% used [0x00000000fec00000, 0x00000000fec00000, 0x00000000ff160000)
  from space 640K,   0% used [0x00000000ff160000, 0x00000000ff161830, 0x00000000ff200000)
  to   space 640K,   0% used [0x00000000ff200000, 0x00000000ff200000, 0x00000000ff2a0000)
 concurrent mark-sweep generation total 13696K, used 3246K [0x00000000ff2a0000, 0x0000000100000000, 0x0000000100000000)
 Metaspace       used 5077K, capacity 5258K, committed 5504K, reserved 1056768K
  class space    used 557K, capacity 597K, committed 640K, reserved 1048576K
}
{Heap before GC invocations=575 (full 64):
 par new generation   total 6144K, used 5235K [0x00000000fec00000, 0x00000000ff2a0000, 0x00000000ff2a0000)
  eden space 5504K,  95% used [0x00000000fec00000, 0x00000000ff11b780, 0x00000000ff160000)
  from space 640K,   0% used [0x00000000ff160000, 0x00000000ff161830, 0x00000000ff200000)
  to   space 640K,   0% used [0x00000000ff200000, 0x00000000ff200000, 0x00000000ff2a0000)
 concurrent mark-sweep generation total 13696K, used 3246K [0x00000000ff2a0000, 0x0000000100000000, 0x0000000100000000)
 Metaspace       used 5077K, capacity 5258K, committed 5504K, reserved 1056768K
  class space    used 557K, capacity 597K, committed 640K, reserved 1048576K
2024-07-16T17:58:57.474+0800: 4.618: [GC (Allocation Failure) 2024-07-16T17:58:57.474+0800: 4.619: [ParNew: 5235K->4K(6144K), 0.0003019 secs] 8482K->3250K(19840K), 0.0003504 secs] [Times: user=0.00 sys=0.00, real=0.00 secs] 
Heap after GC invocations=576 (full 64):
 par new generation   total 6144K, used 4K [0x00000000fec00000, 0x00000000ff2a0000, 0x00000000ff2a0000)
  eden space 5504K,   0% used [0x00000000fec00000, 0x00000000fec00000, 0x00000000ff160000)
  from space 640K,   0% used [0x00000000ff200000, 0x00000000ff201020, 0x00000000ff2a0000)
  to   space 640K,   0% used [0x00000000ff160000, 0x00000000ff160000, 0x00000000ff200000)
 concurrent mark-sweep generation total 13696K, used 3246K [0x00000000ff2a0000, 0x0000000100000000, 0x0000000100000000)
 Metaspace       used 5077K, capacity 5258K, committed 5504K, reserved 1056768K
  class space    used 557K, capacity 597K, committed 640K, reserved 1048576K
}
{Heap before GC invocations=576 (full 64):
 par new generation   total 6144K, used 5233K [0x00000000fec00000, 0x00000000ff2a0000, 0x00000000ff2a0000)
  eden space 5504K,  95% used [0x00000000fec00000, 0x00000000ff11b780, 0x00000000ff160000)
  from space 640K,   0% used [0x00000000ff200000, 0x00000000ff201020, 0x00000000ff2a0000)
  to   space 640K,   0% used [0x00000000ff160000, 0x00000000ff160000, 0x00000000ff200000)
 concurrent mark-sweep generation total 13696K, used 3246K [0x00000000ff2a0000, 0x0000000100000000, 0x0000000100000000)
 Metaspace       used 5077K, capacity 5258K, committed 5504K, reserved 1056768K
  class space    used 557K, capacity 597K, committed 640K, reserved 1048576K
2024-07-16T17:58:57.480+0800: 4.624: [GC (Allocation Failure) 2024-07-16T17:58:57.480+0800: 4.624: [ParNew: 5233K->8K(6144K), 0.0003642 secs] 8480K->4280K(19840K), 0.0004340 secs] [Times: user=0.00 sys=0.00, real=0.00 secs] 
Heap after GC invocations=577 (full 64):
 par new generation   total 6144K, used 8K [0x00000000fec00000, 0x00000000ff2a0000, 0x00000000ff2a0000)
  eden space 5504K,   0% used [0x00000000fec00000, 0x00000000fec00000, 0x00000000ff160000)
  from space 640K,   1% used [0x00000000ff160000, 0x00000000ff162040, 0x00000000ff200000)
  to   space 640K,   0% used [0x00000000ff200000, 0x00000000ff200000, 0x00000000ff2a0000)
 concurrent mark-sweep generation total 13696K, used 4272K [0x00000000ff2a0000, 0x0000000100000000, 0x0000000100000000)
 Metaspace       used 5077K, capacity 5258K, committed 5504K, reserved 1056768K
  class space    used 557K, capacity 597K, committed 640K, reserved 1048576K
}
{Heap before GC invocations=577 (full 64):
 par new generation   total 6144K, used 5237K [0x00000000fec00000, 0x00000000ff2a0000, 0x00000000ff2a0000)
  eden space 5504K,  95% used [0x00000000fec00000, 0x00000000ff11b780, 0x00000000ff160000)
  from space 640K,   1% used [0x00000000ff160000, 0x00000000ff162040, 0x00000000ff200000)
  to   space 640K,   0% used [0x00000000ff200000, 0x00000000ff200000, 0x00000000ff2a0000)
 concurrent mark-sweep generation total 13696K, used 4272K [0x00000000ff2a0000, 0x0000000100000000, 0x0000000100000000)
 Metaspace       used 5077K, capacity 5258K, committed 5504K, reserved 1056768K
  class space    used 557K, capacity 597K, committed 640K, reserved 1048576K
2024-07-16T17:58:57.486+0800: 4.630: [GC (Allocation Failure) 2024-07-16T17:58:57.486+0800: 4.630: [ParNew: 5237K->6K(6144K), 0.0003534 secs] 9510K->5304K(19840K), 0.0003794 secs] [Times: user=0.00 sys=0.00, real=0.00 secs] 
Heap after GC invocations=578 (full 64):
 par new generation   total 6144K, used 6K [0x00000000fec00000, 0x00000000ff2a0000, 0x00000000ff2a0000)
  eden space 5504K,   0% used [0x00000000fec00000, 0x00000000fec00000, 0x00000000ff160000)
  from space 640K,   0% used [0x00000000ff200000, 0x00000000ff201830, 0x00000000ff2a0000)
  to   space 640K,   0% used [0x00000000ff160000, 0x00000000ff160000, 0x00000000ff200000)
 concurrent mark-sweep generation total 13696K, used 5298K [0x00000000ff2a0000, 0x0000000100000000, 0x0000000100000000)
 Metaspace       used 5077K, capacity 5258K, committed 5504K, reserved 1056768K
  class space    used 557K, capacity 597K, committed 640K, reserved 1048576K
}
{Heap before GC invocations=578 (full 64):
 par new generation   total 6144K, used 5235K [0x00000000fec00000, 0x00000000ff2a0000, 0x00000000ff2a0000)
  eden space 5504K,  95% used [0x00000000fec00000, 0x00000000ff11b780, 0x00000000ff160000)
  from space 640K,   0% used [0x00000000ff200000, 0x00000000ff201830, 0x00000000ff2a0000)
  to   space 640K,   0% used [0x00000000ff160000, 0x00000000ff160000, 0x00000000ff200000)
 concurrent mark-sweep generation total 13696K, used 5298K [0x00000000ff2a0000, 0x0000000100000000, 0x0000000100000000)
 Metaspace       used 5077K, capacity 5258K, committed 5504K, reserved 1056768K
  class space    used 557K, capacity 597K, committed 640K, reserved 1048576K
2024-07-16T17:58:57.494+0800: 4.638: [GC (Allocation Failure) 2024-07-16T17:58:57.494+0800: 4.638: [ParNew: 5235K->6K(6144K), 0.0005204 secs] 10534K->6330K(19840K), 0.0005876 secs] [Times: user=0.00 sys=0.00, real=0.00 secs] 
Heap after GC invocations=579 (full 64):
 par new generation   total 6144K, used 6K [0x00000000fec00000, 0x00000000ff2a0000, 0x00000000ff2a0000)
  eden space 5504K,   0% used [0x00000000fec00000, 0x00000000fec00000, 0x00000000ff160000)
  from space 640K,   0% used [0x00000000ff160000, 0x00000000ff161830, 0x00000000ff200000)
  to   space 640K,   0% used [0x00000000ff200000, 0x00000000ff200000, 0x00000000ff2a0000)
 concurrent mark-sweep generation total 13696K, used 6324K [0x00000000ff2a0000, 0x0000000100000000, 0x0000000100000000)
 Metaspace       used 5077K, capacity 5258K, committed 5504K, reserved 1056768K
  class space    used 557K, capacity 597K, committed 640K, reserved 1048576K
}
{Heap before GC invocations=579 (full 64):
 par new generation   total 6144K, used 5235K [0x00000000fec00000, 0x00000000ff2a0000, 0x00000000ff2a0000)
  eden space 5504K,  95% used [0x00000000fec00000, 0x00000000ff11b780, 0x00000000ff160000)
  from space 640K,   0% used [0x00000000ff160000, 0x00000000ff161830, 0x00000000ff200000)
  to   space 640K,   0% used [0x00000000ff200000, 0x00000000ff200000, 0x00000000ff2a0000)
 concurrent mark-sweep generation total 13696K, used 6324K [0x00000000ff2a0000, 0x0000000100000000, 0x0000000100000000)
 Metaspace       used 5077K, capacity 5258K, committed 5504K, reserved 1056768K
  class space    used 557K, capacity 597K, committed 640K, reserved 1048576K
2024-07-16T17:58:57.501+0800: 4.645: [GC (Allocation Failure) 2024-07-16T17:58:57.501+0800: 4.646: [ParNew: 5235K->10K(6144K), 0.0011025 secs] 11560K->8384K(19840K), 0.0011828 secs] [Times: user=0.13 sys=0.03, real=0.00 secs] 
Heap after GC invocations=580 (full 64):
 par new generation   total 6144K, used 10K [0x00000000fec00000, 0x00000000ff2a0000, 0x00000000ff2a0000)
  eden space 5504K,   0% used [0x00000000fec00000, 0x00000000fec00000, 0x00000000ff160000)
  from space 640K,   1% used [0x00000000ff200000, 0x00000000ff202850, 0x00000000ff2a0000)
  to   space 640K,   0% used [0x00000000ff160000, 0x00000000ff160000, 0x00000000ff200000)
 concurrent mark-sweep generation total 13696K, used 8374K [0x00000000ff2a0000, 0x0000000100000000, 0x0000000100000000)
 Metaspace       used 5077K, capacity 5258K, committed 5504K, reserved 1056768K
  class space    used 557K, capacity 597K, committed 640K, reserved 1048576K
}
2024-07-16T17:58:57.502+0800: 4.647: [GC (CMS Initial Mark) [1 CMS-initial-mark: 8374K(13696K)] 9410K(19840K), 0.0002912 secs] [Times: user=0.00 sys=0.00, real=0.00 secs] 
2024-07-16T17:58:57.502+0800: 4.647: [CMS-concurrent-mark-start]
2024-07-16T17:58:57.504+0800: 4.649: [CMS-concurrent-mark: 0.001/0.001 secs] [Times: user=0.00 sys=0.00, real=0.00 secs] 
2024-07-16T17:58:57.504+0800: 4.649: [CMS-concurrent-preclean-start]
2024-07-16T17:58:57.504+0800: 4.649: [CMS-concurrent-preclean: 0.000/0.000 secs] [Times: user=0.00 sys=0.00, real=0.00 secs] 
2024-07-16T17:58:57.504+0800: 4.649: [CMS-concurrent-abortable-preclean-start]
{Heap before GC invocations=580 (full 65):
 par new generation   total 6144K, used 5239K [0x00000000fec00000, 0x00000000ff2a0000, 0x00000000ff2a0000)
  eden space 5504K,  95% used [0x00000000fec00000, 0x00000000ff11b780, 0x00000000ff160000)
  from space 640K,   1% used [0x00000000ff200000, 0x00000000ff202850, 0x00000000ff2a0000)
  to   space 640K,   0% used [0x00000000ff160000, 0x00000000ff160000, 0x00000000ff200000)
 concurrent mark-sweep generation total 13696K, used 8374K [0x00000000ff2a0000, 0x0000000100000000, 0x0000000100000000)
 Metaspace       used 5077K, capacity 5258K, committed 5504K, reserved 1056768K
  class space    used 557K, capacity 597K, committed 640K, reserved 1048576K
2024-07-16T17:58:57.510+0800: 4.654: [GC (Allocation Failure) 2024-07-16T17:58:57.510+0800: 4.654: [ParNew: 5239K->4K(6144K), 0.0004448 secs] 13614K->9404K(19840K), 0.0004878 secs] [Times: user=0.00 sys=0.00, real=0.00 secs] 
Heap after GC invocations=581 (full 65):
 par new generation   total 6144K, used 4K [0x00000000fec00000, 0x00000000ff2a0000, 0x00000000ff2a0000)
  eden space 5504K,   0% used [0x00000000fec00000, 0x00000000fec00000, 0x00000000ff160000)
  from space 640K,   0% used [0x00000000ff160000, 0x00000000ff161020, 0x00000000ff200000)
  to   space 640K,   0% used [0x00000000ff200000, 0x00000000ff200000, 0x00000000ff2a0000)
 concurrent mark-sweep generation total 13696K, used 9400K [0x00000000ff2a0000, 0x0000000100000000, 0x0000000100000000)
 Metaspace       used 5077K, capacity 5258K, committed 5504K, reserved 1056768K
  class space    used 557K, capacity 597K, committed 640K, reserved 1048576K
}
{Heap before GC invocations=581 (full 65):
 par new generation   total 6144K, used 5233K [0x00000000fec00000, 0x00000000ff2a0000, 0x00000000ff2a0000)
  eden space 5504K,  95% used [0x00000000fec00000, 0x00000000ff11b780, 0x00000000ff160000)
  from space 640K,   0% used [0x00000000ff160000, 0x00000000ff161020, 0x00000000ff200000)
  to   space 640K,   0% used [0x00000000ff200000, 0x00000000ff200000, 0x00000000ff2a0000)
 concurrent mark-sweep generation total 13696K, used 9400K [0x00000000ff2a0000, 0x0000000100000000, 0x0000000100000000)
 Metaspace       used 5077K, capacity 5258K, committed 5504K, reserved 1056768K
  class space    used 557K, capacity 597K, committed 640K, reserved 1048576K
2024-07-16T17:58:57.517+0800: 4.661: [GC (Allocation Failure) 2024-07-16T17:58:57.517+0800: 4.661: [ParNew: 5233K->6K(6144K), 0.0003567 secs] 14634K->10430K(19840K), 0.0003956 secs] [Times: user=0.00 sys=0.00, real=0.00 secs] 
Heap after GC invocations=582 (full 65):
 par new generation   total 6144K, used 6K [0x00000000fec00000, 0x00000000ff2a0000, 0x00000000ff2a0000)
  eden space 5504K,   0% used [0x00000000fec00000, 0x00000000fec00000, 0x00000000ff160000)
  from space 640K,   0% used [0x00000000ff200000, 0x00000000ff201830, 0x00000000ff2a0000)
  to   space 640K,   0% used [0x00000000ff160000, 0x00000000ff160000, 0x00000000ff200000)
 concurrent mark-sweep generation total 13696K, used 10424K [0x00000000ff2a0000, 0x0000000100000000, 0x0000000100000000)
 Metaspace       used 5077K, capacity 5258K, committed 5504K, reserved 1056768K
  class space    used 557K, capacity 597K, committed 640K, reserved 1048576K
}
{Heap before GC invocations=582 (full 65):
 par new generation   total 6144K, used 5235K [0x00000000fec00000, 0x00000000ff2a0000, 0x00000000ff2a0000)
  eden space 5504K,  95% used [0x00000000fec00000, 0x00000000ff11b780, 0x00000000ff160000)
  from space 640K,   0% used [0x00000000ff200000, 0x00000000ff201830, 0x00000000ff2a0000)
  to   space 640K,   0% used [0x00000000ff160000, 0x00000000ff160000, 0x00000000ff200000)
 concurrent mark-sweep generation total 13696K, used 10424K [0x00000000ff2a0000, 0x0000000100000000, 0x0000000100000000)
 Metaspace       used 5077K, capacity 5258K, committed 5504K, reserved 1056768K
  class space    used 557K, capacity 597K, committed 640K, reserved 1048576K
2024-07-16T17:58:57.524+0800: 4.668: [GC (Allocation Failure) 2024-07-16T17:58:57.524+0800: 4.669: [ParNew: 5235K->6K(6144K), 0.0005612 secs] 15660K->11454K(19840K), 0.0006334 secs] [Times: user=0.00 sys=0.00, real=0.00 secs] 
Heap after GC invocations=583 (full 65):
 par new generation   total 6144K, used 6K [0x00000000fec00000, 0x00000000ff2a0000, 0x00000000ff2a0000)
  eden space 5504K,   0% used [0x00000000fec00000, 0x00000000fec00000, 0x00000000ff160000)
  from space 640K,   0% used [0x00000000ff160000, 0x00000000ff161830, 0x00000000ff200000)
  to   space 640K,   0% used [0x00000000ff200000, 0x00000000ff200000, 0x00000000ff2a0000)
 concurrent mark-sweep generation total 13696K, used 11448K [0x00000000ff2a0000, 0x0000000100000000, 0x0000000100000000)
 Metaspace       used 5077K, capacity 5258K, committed 5504K, reserved 1056768K
  class space    used 557K, capacity 597K, committed 640K, reserved 1048576K
}
{Heap before GC invocations=583 (full 65):
 par new generation   total 6144K, used 5235K [0x00000000fec00000, 0x00000000ff2a0000, 0x00000000ff2a0000)
  eden space 5504K,  95% used [0x00000000fec00000, 0x00000000ff11b780, 0x00000000ff160000)
  from space 640K,   0% used [0x00000000ff160000, 0x00000000ff161830, 0x00000000ff200000)
  to   space 640K,   0% used [0x00000000ff200000, 0x00000000ff200000, 0x00000000ff2a0000)
 concurrent mark-sweep generation total 13696K, used 11448K [0x00000000ff2a0000, 0x0000000100000000, 0x0000000100000000)
 Metaspace       used 5077K, capacity 5258K, committed 5504K, reserved 1056768K
  class space    used 557K, capacity 597K, committed 640K, reserved 1048576K
2024-07-16T17:58:57.531+0800: 4.675: [GC (Allocation Failure) 2024-07-16T17:58:57.531+0800: 4.675: [ParNew: 5235K->4K(6144K), 0.0004465 secs] 16684K->11452K(19840K), 0.0004877 secs] [Times: user=0.00 sys=0.00, real=0.00 secs] 
Heap after GC invocations=584 (full 65):
 par new generation   total 6144K, used 4K [0x00000000fec00000, 0x00000000ff2a0000, 0x00000000ff2a0000)
  eden space 5504K,   0% used [0x00000000fec00000, 0x00000000fec00000, 0x00000000ff160000)
  from space 640K,   0% used [0x00000000ff200000, 0x00000000ff201020, 0x00000000ff2a0000)
  to   space 640K,   0% used [0x00000000ff160000, 0x00000000ff160000, 0x00000000ff200000)
 concurrent mark-sweep generation total 13696K, used 11448K [0x00000000ff2a0000, 0x0000000100000000, 0x0000000100000000)
 Metaspace       used 5077K, capacity 5258K, committed 5504K, reserved 1056768K
  class space    used 557K, capacity 597K, committed 640K, reserved 1048576K
}
{Heap before GC invocations=584 (full 65):
 par new generation   total 6144K, used 5233K [0x00000000fec00000, 0x00000000ff2a0000, 0x00000000ff2a0000)
  eden space 5504K,  95% used [0x00000000fec00000, 0x00000000ff11b780, 0x00000000ff160000)
  from space 640K,   0% used [0x00000000ff200000, 0x00000000ff201020, 0x00000000ff2a0000)
  to   space 640K,   0% used [0x00000000ff160000, 0x00000000ff160000, 0x00000000ff200000)
 concurrent mark-sweep generation total 13696K, used 11448K [0x00000000ff2a0000, 0x0000000100000000, 0x0000000100000000)
 Metaspace       used 5077K, capacity 5258K, committed 5504K, reserved 1056768K
  class space    used 557K, capacity 597K, committed 640K, reserved 1048576K
2024-07-16T17:58:57.539+0800: 4.683: [GC (Allocation Failure) 2024-07-16T17:58:57.539+0800: 4.683: [ParNew: 5233K->4K(6144K), 0.0004760 secs] 16682K->12476K(19840K), 0.0005159 secs] [Times: user=0.00 sys=0.00, real=0.00 secs] 
Heap after GC invocations=585 (full 65):
 par new generation   total 6144K, used 4K [0x00000000fec00000, 0x00000000ff2a0000, 0x00000000ff2a0000)
  eden space 5504K,   0% used [0x00000000fec00000, 0x00000000fec00000, 0x00000000ff160000)
  from space 640K,   0% used [0x00000000ff160000, 0x00000000ff161020, 0x00000000ff200000)
  to   space 640K,   0% used [0x00000000ff200000, 0x00000000ff200000, 0x00000000ff2a0000)
 concurrent mark-sweep generation total 13696K, used 12472K [0x00000000ff2a0000, 0x0000000100000000, 0x0000000100000000)
 Metaspace       used 5077K, capacity 5258K, committed 5504K, reserved 1056768K
  class space    used 557K, capacity 597K, committed 640K, reserved 1048576K
}
{Heap before GC invocations=585 (full 65):
 par new generation   total 6144K, used 5233K [0x00000000fec00000, 0x00000000ff2a0000, 0x00000000ff2a0000)
  eden space 5504K,  95% used [0x00000000fec00000, 0x00000000ff11b780, 0x00000000ff160000)
  from space 640K,   0% used [0x00000000ff160000, 0x00000000ff161020, 0x00000000ff200000)
  to   space 640K,   0% used [0x00000000ff200000, 0x00000000ff200000, 0x00000000ff2a0000)
 concurrent mark-sweep generation total 13696K, used 12472K [0x00000000ff2a0000, 0x0000000100000000, 0x0000000100000000)
 Metaspace       used 5077K, capacity 5258K, committed 5504K, reserved 1056768K
  class space    used 557K, capacity 597K, committed 640K, reserved 1048576K
2024-07-16T17:58:57.545+0800: 4.689: [GC (Allocation Failure) 2024-07-16T17:58:57.545+0800: 4.689: [ParNew: 5233K->5233K(6144K), 0.0000126 secs]2024-07-16T17:58:57.545+0800: 4.689: [CMS2024-07-16T17:58:57.545+0800: 4.690: [CMS-concurrent-abortable-preclean: 0.000/0.041 secs] [Times: user=0.00 sys=0.00, real=0.04 secs] 
 (concurrent mode failure): 12472K->2220K(13696K), 0.0028333 secs] 17706K->2220K(19840K), [Metaspace: 5077K->5077K(1056768K)], 0.0028983 secs] [Times: user=0.00 sys=0.00, real=0.00 secs] 
Heap after GC invocations=586 (full 66):
 par new generation   total 6144K, used 0K [0x00000000fec00000, 0x00000000ff2a0000, 0x00000000ff2a0000)
  eden space 5504K,   0% used [0x00000000fec00000, 0x00000000fec00000, 0x00000000ff160000)
  from space 640K,   0% used [0x00000000ff160000, 0x00000000ff160000, 0x00000000ff200000)
  to   space 640K,   0% used [0x00000000ff200000, 0x00000000ff200000, 0x00000000ff2a0000)
 concurrent mark-sweep generation total 13696K, used 2220K [0x00000000ff2a0000, 0x0000000100000000, 0x0000000100000000)
 Metaspace       used 5077K, capacity 5258K, committed 5504K, reserved 1056768K
  class space    used 557K, capacity 597K, committed 640K, reserved 1048576K
}
{Heap before GC invocations=586 (full 66):
 par new generation   total 6144K, used 5229K [0x00000000fec00000, 0x00000000ff2a0000, 0x00000000ff2a0000)
  eden space 5504K,  95% used [0x00000000fec00000, 0x00000000ff11b780, 0x00000000ff160000)
  from space 640K,   0% used [0x00000000ff160000, 0x00000000ff160000, 0x00000000ff200000)
  to   space 640K,   0% used [0x00000000ff200000, 0x00000000ff200000, 0x00000000ff2a0000)
 concurrent mark-sweep generation total 13696K, used 2220K [0x00000000ff2a0000, 0x0000000100000000, 0x0000000100000000)
 Metaspace       used 5077K, capacity 5258K, committed 5504K, reserved 1056768K
  class space    used 557K, capacity 597K, committed 640K, reserved 1048576K
2024-07-16T17:58:57.556+0800: 4.700: [GC (Allocation Failure) 2024-07-16T17:58:57.556+0800: 4.700: [ParNew: 5229K->6K(6144K), 0.0004794 secs] 7450K->3252K(19840K), 0.0005401 secs] [Times: user=0.00 sys=0.00, real=0.00 secs] 
Heap after GC invocations=587 (full 66):
 par new generation   total 6144K, used 6K [0x00000000fec00000, 0x00000000ff2a0000, 0x00000000ff2a0000)
  eden space 5504K,   0% used [0x00000000fec00000, 0x00000000fec00000, 0x00000000ff160000)
  from space 640K,   0% used [0x00000000ff200000, 0x00000000ff201830, 0x00000000ff2a0000)
  to   space 640K,   0% used [0x00000000ff160000, 0x00000000ff160000, 0x00000000ff200000)
 concurrent mark-sweep generation total 13696K, used 3246K [0x00000000ff2a0000, 0x0000000100000000, 0x0000000100000000)
 Metaspace       used 5077K, capacity 5258K, committed 5504K, reserved 1056768K
  class space    used 557K, capacity 597K, committed 640K, reserved 1048576K
}
{Heap before GC invocations=587 (full 66):
 par new generation   total 6144K, used 5235K [0x00000000fec00000, 0x00000000ff2a0000, 0x00000000ff2a0000)
  eden space 5504K,  95% used [0x00000000fec00000, 0x00000000ff11b780, 0x00000000ff160000)
  from space 640K,   0% used [0x00000000ff200000, 0x00000000ff201830, 0x00000000ff2a0000)
  to   space 640K,   0% used [0x00000000ff160000, 0x00000000ff160000, 0x00000000ff200000)
 concurrent mark-sweep generation total 13696K, used 3246K [0x00000000ff2a0000, 0x0000000100000000, 0x0000000100000000)
 Metaspace       used 5077K, capacity 5258K, committed 5504K, reserved 1056768K
  class space    used 557K, capacity 597K, committed 640K, reserved 1048576K
2024-07-16T17:58:57.563+0800: 4.707: [GC (Allocation Failure) 2024-07-16T17:58:57.563+0800: 4.707: [ParNew: 5235K->6K(6144K), 0.0007598 secs] 8482K->4278K(19840K), 0.0008578 secs] [Times: user=0.00 sys=0.00, real=0.00 secs] 
Heap after GC invocations=588 (full 66):
 par new generation   total 6144K, used 6K [0x00000000fec00000, 0x00000000ff2a0000, 0x00000000ff2a0000)
  eden space 5504K,   0% used [0x00000000fec00000, 0x00000000fec00000, 0x00000000ff160000)
  from space 640K,   0% used [0x00000000ff160000, 0x00000000ff161830, 0x00000000ff200000)
  to   space 640K,   0% used [0x00000000ff200000, 0x00000000ff200000, 0x00000000ff2a0000)
 concurrent mark-sweep generation total 13696K, used 4272K [0x00000000ff2a0000, 0x0000000100000000, 0x0000000100000000)
 Metaspace       used 5077K, capacity 5258K, committed 5504K, reserved 1056768K
  class space    used 557K, capacity 597K, committed 640K, reserved 1048576K
}
{Heap before GC invocations=588 (full 66):
 par new generation   total 6144K, used 5235K [0x00000000fec00000, 0x00000000ff2a0000, 0x00000000ff2a0000)
  eden space 5504K,  95% used [0x00000000fec00000, 0x00000000ff11b780, 0x00000000ff160000)
  from space 640K,   0% used [0x00000000ff160000, 0x00000000ff161830, 0x00000000ff200000)
  to   space 640K,   0% used [0x00000000ff200000, 0x00000000ff200000, 0x00000000ff2a0000)
 concurrent mark-sweep generation total 13696K, used 4272K [0x00000000ff2a0000, 0x0000000100000000, 0x0000000100000000)
 Metaspace       used 5077K, capacity 5258K, committed 5504K, reserved 1056768K
  class space    used 557K, capacity 597K, committed 640K, reserved 1048576K
2024-07-16T17:58:57.572+0800: 4.716: [GC (Allocation Failure) 2024-07-16T17:58:57.572+0800: 4.716: [ParNew: 5235K->4K(6144K), 0.0006515 secs] 9508K->4276K(19840K), 0.0007056 secs] [Times: user=0.00 sys=0.00, real=0.00 secs] 
Heap after GC invocations=589 (full 66):
 par new generation   total 6144K, used 4K [0x00000000fec00000, 0x00000000ff2a0000, 0x00000000ff2a0000)
  eden space 5504K,   0% used [0x00000000fec00000, 0x00000000fec00000, 0x00000000ff160000)
  from space 640K,   0% used [0x00000000ff200000, 0x00000000ff201020, 0x00000000ff2a0000)
  to   space 640K,   0% used [0x00000000ff160000, 0x00000000ff160000, 0x00000000ff200000)
 concurrent mark-sweep generation total 13696K, used 4272K [0x00000000ff2a0000, 0x0000000100000000, 0x0000000100000000)
 Metaspace       used 5077K, capacity 5258K, committed 5504K, reserved 1056768K
  class space    used 557K, capacity 597K, committed 640K, reserved 1048576K
}
{Heap before GC invocations=589 (full 66):
 par new generation   total 6144K, used 5233K [0x00000000fec00000, 0x00000000ff2a0000, 0x00000000ff2a0000)
  eden space 5504K,  95% used [0x00000000fec00000, 0x00000000ff11b780, 0x00000000ff160000)
  from space 640K,   0% used [0x00000000ff200000, 0x00000000ff201020, 0x00000000ff2a0000)
  to   space 640K,   0% used [0x00000000ff160000, 0x00000000ff160000, 0x00000000ff200000)
 concurrent mark-sweep generation total 13696K, used 4272K [0x00000000ff2a0000, 0x0000000100000000, 0x0000000100000000)
 Metaspace       used 5077K, capacity 5258K, committed 5504K, reserved 1056768K
  class space    used 557K, capacity 597K, committed 640K, reserved 1048576K
2024-07-16T17:58:57.579+0800: 4.723: [GC (Allocation Failure) 2024-07-16T17:58:57.579+0800: 4.723: [ParNew: 5233K->8K(6144K), 0.0008881 secs] 9506K->5306K(19840K), 0.0009668 secs] [Times: user=0.00 sys=0.00, real=0.00 secs] 
Heap after GC invocations=590 (full 66):
 par new generation   total 6144K, used 8K [0x00000000fec00000, 0x00000000ff2a0000, 0x00000000ff2a0000)
  eden space 5504K,   0% used [0x00000000fec00000, 0x00000000fec00000, 0x00000000ff160000)
  from space 640K,   1% used [0x00000000ff160000, 0x00000000ff162040, 0x00000000ff200000)
  to   space 640K,   0% used [0x00000000ff200000, 0x00000000ff200000, 0x00000000ff2a0000)
 concurrent mark-sweep generation total 13696K, used 5298K [0x00000000ff2a0000, 0x0000000100000000, 0x0000000100000000)
 Metaspace       used 5077K, capacity 5258K, committed 5504K, reserved 1056768K
  class space    used 557K, capacity 597K, committed 640K, reserved 1048576K
}
{Heap before GC invocations=590 (full 66):
 par new generation   total 6144K, used 5237K [0x00000000fec00000, 0x00000000ff2a0000, 0x00000000ff2a0000)
  eden space 5504K,  95% used [0x00000000fec00000, 0x00000000ff11b780, 0x00000000ff160000)
  from space 640K,   1% used [0x00000000ff160000, 0x00000000ff162040, 0x00000000ff200000)
  to   space 640K,   0% used [0x00000000ff200000, 0x00000000ff200000, 0x00000000ff2a0000)
 concurrent mark-sweep generation total 13696K, used 5298K [0x00000000ff2a0000, 0x0000000100000000, 0x0000000100000000)
 Metaspace       used 5077K, capacity 5258K, committed 5504K, reserved 1056768K
  class space    used 557K, capacity 597K, committed 640K, reserved 1048576K
2024-07-16T17:58:57.587+0800: 4.732: [GC (Allocation Failure) 2024-07-16T17:58:57.587+0800: 4.732: [ParNew: 5237K->2K(6144K), 0.0007923 secs] 10536K->5300K(19840K), 0.0008829 secs] [Times: user=0.00 sys=0.00, real=0.00 secs] 
Heap after GC invocations=591 (full 66):
 par new generation   total 6144K, used 2K [0x00000000fec00000, 0x00000000ff2a0000, 0x00000000ff2a0000)
  eden space 5504K,   0% used [0x00000000fec00000, 0x00000000fec00000, 0x00000000ff160000)
  from space 640K,   0% used [0x00000000ff200000, 0x00000000ff200810, 0x00000000ff2a0000)
  to   space 640K,   0% used [0x00000000ff160000, 0x00000000ff160000, 0x00000000ff200000)
 concurrent mark-sweep generation total 13696K, used 5298K [0x00000000ff2a0000, 0x0000000100000000, 0x0000000100000000)
 Metaspace       used 5077K, capacity 5258K, committed 5504K, reserved 1056768K
  class space    used 557K, capacity 597K, committed 640K, reserved 1048576K
}
{Heap before GC invocations=591 (full 66):
 par new generation   total 6144K, used 5231K [0x00000000fec00000, 0x00000000ff2a0000, 0x00000000ff2a0000)
  eden space 5504K,  95% used [0x00000000fec00000, 0x00000000ff11b780, 0x00000000ff160000)
  from space 640K,   0% used [0x00000000ff200000, 0x00000000ff200810, 0x00000000ff2a0000)
  to   space 640K,   0% used [0x00000000ff160000, 0x00000000ff160000, 0x00000000ff200000)
 concurrent mark-sweep generation total 13696K, used 5298K [0x00000000ff2a0000, 0x0000000100000000, 0x0000000100000000)
 Metaspace       used 5077K, capacity 5258K, committed 5504K, reserved 1056768K
  class space    used 557K, capacity 597K, committed 640K, reserved 1048576K
2024-07-16T17:58:57.594+0800: 4.738: [GC (Allocation Failure) 2024-07-16T17:58:57.594+0800: 4.739: [ParNew: 5231K->8K(6144K), 0.0009425 secs] 10530K->6332K(19840K), 0.0010455 secs] [Times: user=0.00 sys=0.00, real=0.00 secs] 
Heap after GC invocations=592 (full 66):
 par new generation   total 6144K, used 8K [0x00000000fec00000, 0x00000000ff2a0000, 0x00000000ff2a0000)
  eden space 5504K,   0% used [0x00000000fec00000, 0x00000000fec00000, 0x00000000ff160000)
  from space 640K,   1% used [0x00000000ff160000, 0x00000000ff162040, 0x00000000ff200000)
  to   space 640K,   0% used [0x00000000ff200000, 0x00000000ff200000, 0x00000000ff2a0000)
 concurrent mark-sweep generation total 13696K, used 6324K [0x00000000ff2a0000, 0x0000000100000000, 0x0000000100000000)
 Metaspace       used 5077K, capacity 5258K, committed 5504K, reserved 1056768K
  class space    used 557K, capacity 597K, committed 640K, reserved 1048576K
}
{Heap before GC invocations=592 (full 66):
 par new generation   total 6144K, used 5237K [0x00000000fec00000, 0x00000000ff2a0000, 0x00000000ff2a0000)
  eden space 5504K,  95% used [0x00000000fec00000, 0x00000000ff11b780, 0x00000000ff160000)
  from space 640K,   1% used [0x00000000ff160000, 0x00000000ff162040, 0x00000000ff200000)
  to   space 640K,   0% used [0x00000000ff200000, 0x00000000ff200000, 0x00000000ff2a0000)
 concurrent mark-sweep generation total 13696K, used 6324K [0x00000000ff2a0000, 0x0000000100000000, 0x0000000100000000)
 Metaspace       used 5077K, capacity 5258K, committed 5504K, reserved 1056768K
  class space    used 557K, capacity 597K, committed 640K, reserved 1048576K
2024-07-16T17:58:57.602+0800: 4.747: [GC (Allocation Failure) 2024-07-16T17:58:57.602+0800: 4.747: [ParNew: 5237K->4K(6144K), 0.0013039 secs] 11562K->6328K(19840K), 0.0014860 secs] [Times: user=0.00 sys=0.00, real=0.00 secs] 
Heap after GC invocations=593 (full 66):
 par new generation   total 6144K, used 4K [0x00000000fec00000, 0x00000000ff2a0000, 0x00000000ff2a0000)
  eden space 5504K,   0% used [0x00000000fec00000, 0x00000000fec00000, 0x00000000ff160000)
  from space 640K,   0% used [0x00000000ff200000, 0x00000000ff201020, 0x00000000ff2a0000)
  to   space 640K,   0% used [0x00000000ff160000, 0x00000000ff160000, 0x00000000ff200000)
 concurrent mark-sweep generation total 13696K, used 6324K [0x00000000ff2a0000, 0x0000000100000000, 0x0000000100000000)
 Metaspace       used 5077K, capacity 5258K, committed 5504K, reserved 1056768K
  class space    used 557K, capacity 597K, committed 640K, reserved 1048576K
}
{Heap before GC invocations=593 (full 66):
 par new generation   total 6144K, used 5233K [0x00000000fec00000, 0x00000000ff2a0000, 0x00000000ff2a0000)
  eden space 5504K,  95% used [0x00000000fec00000, 0x00000000ff11b780, 0x00000000ff160000)
  from space 640K,   0% used [0x00000000ff200000, 0x00000000ff201020, 0x00000000ff2a0000)
  to   space 640K,   0% used [0x00000000ff160000, 0x00000000ff160000, 0x00000000ff200000)
 concurrent mark-sweep generation total 13696K, used 6324K [0x00000000ff2a0000, 0x0000000100000000, 0x0000000100000000)
 Metaspace       used 5077K, capacity 5258K, committed 5504K, reserved 1056768K
  class space    used 557K, capacity 597K, committed 640K, reserved 1048576K
2024-07-16T17:58:57.614+0800: 4.758: [GC (Allocation Failure) 2024-07-16T17:58:57.614+0800: 4.758: [ParNew: 5233K->4K(6144K), 0.0003104 secs] 11558K->6328K(19840K), 0.0003562 secs] [Times: user=0.00 sys=0.00, real=0.00 secs] 
Heap after GC invocations=594 (full 66):
 par new generation   total 6144K, used 4K [0x00000000fec00000, 0x00000000ff2a0000, 0x00000000ff2a0000)
  eden space 5504K,   0% used [0x00000000fec00000, 0x00000000fec00000, 0x00000000ff160000)
  from space 640K,   0% used [0x00000000ff160000, 0x00000000ff161020, 0x00000000ff200000)
  to   space 640K,   0% used [0x00000000ff200000, 0x00000000ff200000, 0x00000000ff2a0000)
 concurrent mark-sweep generation total 13696K, used 6324K [0x00000000ff2a0000, 0x0000000100000000, 0x0000000100000000)
 Metaspace       used 5077K, capacity 5258K, committed 5504K, reserved 1056768K
  class space    used 557K, capacity 597K, committed 640K, reserved 1048576K
}
{Heap before GC invocations=594 (full 66):
 par new generation   total 6144K, used 5233K [0x00000000fec00000, 0x00000000ff2a0000, 0x00000000ff2a0000)
  eden space 5504K,  95% used [0x00000000fec00000, 0x00000000ff11b780, 0x00000000ff160000)
  from space 640K,   0% used [0x00000000ff160000, 0x00000000ff161020, 0x00000000ff200000)
  to   space 640K,   0% used [0x00000000ff200000, 0x00000000ff200000, 0x00000000ff2a0000)
 concurrent mark-sweep generation total 13696K, used 6324K [0x00000000ff2a0000, 0x0000000100000000, 0x0000000100000000)
 Metaspace       used 5077K, capacity 5258K, committed 5504K, reserved 1056768K
  class space    used 557K, capacity 597K, committed 640K, reserved 1048576K
2024-07-16T17:58:57.622+0800: 4.766: [GC (Allocation Failure) 2024-07-16T17:58:57.622+0800: 4.767: [ParNew: 5233K->6K(6144K), 0.0003732 secs] 11558K->7356K(19840K), 0.0004335 secs] [Times: user=0.00 sys=0.00, real=0.00 secs] 
Heap after GC invocations=595 (full 66):
 par new generation   total 6144K, used 6K [0x00000000fec00000, 0x00000000ff2a0000, 0x00000000ff2a0000)
  eden space 5504K,   0% used [0x00000000fec00000, 0x00000000fec00000, 0x00000000ff160000)
  from space 640K,   0% used [0x00000000ff200000, 0x00000000ff201830, 0x00000000ff2a0000)
  to   space 640K,   0% used [0x00000000ff160000, 0x00000000ff160000, 0x00000000ff200000)
 concurrent mark-sweep generation total 13696K, used 7350K [0x00000000ff2a0000, 0x0000000100000000, 0x0000000100000000)
 Metaspace       used 5077K, capacity 5258K, committed 5504K, reserved 1056768K
  class space    used 557K, capacity 597K, committed 640K, reserved 1048576K
}
{Heap before GC invocations=595 (full 66):
 par new generation   total 6144K, used 5235K [0x00000000fec00000, 0x00000000ff2a0000, 0x00000000ff2a0000)
  eden space 5504K,  95% used [0x00000000fec00000, 0x00000000ff11b780, 0x00000000ff160000)
  from space 640K,   0% used [0x00000000ff200000, 0x00000000ff201830, 0x00000000ff2a0000)
  to   space 640K,   0% used [0x00000000ff160000, 0x00000000ff160000, 0x00000000ff200000)
 concurrent mark-sweep generation total 13696K, used 7350K [0x00000000ff2a0000, 0x0000000100000000, 0x0000000100000000)
 Metaspace       used 5077K, capacity 5258K, committed 5504K, reserved 1056768K
  class space    used 557K, capacity 597K, committed 640K, reserved 1048576K
2024-07-16T17:58:57.630+0800: 4.774: [GC (Allocation Failure) 2024-07-16T17:58:57.630+0800: 4.774: [ParNew: 5235K->4K(6144K), 0.0004728 secs] 12586K->7354K(19840K), 0.0005423 secs] [Times: user=0.00 sys=0.00, real=0.00 secs] 
Heap after GC invocations=596 (full 66):
 par new generation   total 6144K, used 4K [0x00000000fec00000, 0x00000000ff2a0000, 0x00000000ff2a0000)
  eden space 5504K,   0% used [0x00000000fec00000, 0x00000000fec00000, 0x00000000ff160000)
  from space 640K,   0% used [0x00000000ff160000, 0x00000000ff161020, 0x00000000ff200000)
  to   space 640K,   0% used [0x00000000ff200000, 0x00000000ff200000, 0x00000000ff2a0000)
 concurrent mark-sweep generation total 13696K, used 7350K [0x00000000ff2a0000, 0x0000000100000000, 0x0000000100000000)
 Metaspace       used 5077K, capacity 5258K, committed 5504K, reserved 1056768K
  class space    used 557K, capacity 597K, committed 640K, reserved 1048576K
}
{Heap before GC invocations=596 (full 66):
 par new generation   total 6144K, used 5233K [0x00000000fec00000, 0x00000000ff2a0000, 0x00000000ff2a0000)
  eden space 5504K,  95% used [0x00000000fec00000, 0x00000000ff11b780, 0x00000000ff160000)
  from space 640K,   0% used [0x00000000ff160000, 0x00000000ff161020, 0x00000000ff200000)
  to   space 640K,   0% used [0x00000000ff200000, 0x00000000ff200000, 0x00000000ff2a0000)
 concurrent mark-sweep generation total 13696K, used 7350K [0x00000000ff2a0000, 0x0000000100000000, 0x0000000100000000)
 Metaspace       used 5077K, capacity 5258K, committed 5504K, reserved 1056768K
  class space    used 557K, capacity 597K, committed 640K, reserved 1048576K
2024-07-16T17:58:57.639+0800: 4.783: [GC (Allocation Failure) 2024-07-16T17:58:57.639+0800: 4.783: [ParNew: 5233K->2K(6144K), 0.0003131 secs] 12584K->7352K(19840K), 0.0003668 secs] [Times: user=0.00 sys=0.00, real=0.00 secs] 
Heap after GC invocations=597 (full 66):
 par new generation   total 6144K, used 2K [0x00000000fec00000, 0x00000000ff2a0000, 0x00000000ff2a0000)
  eden space 5504K,   0% used [0x00000000fec00000, 0x00000000fec00000, 0x00000000ff160000)
  from space 640K,   0% used [0x00000000ff200000, 0x00000000ff200810, 0x00000000ff2a0000)
  to   space 640K,   0% used [0x00000000ff160000, 0x00000000ff160000, 0x00000000ff200000)
 concurrent mark-sweep generation total 13696K, used 7350K [0x00000000ff2a0000, 0x0000000100000000, 0x0000000100000000)
 Metaspace       used 5077K, capacity 5258K, committed 5504K, reserved 1056768K
  class space    used 557K, capacity 597K, committed 640K, reserved 1048576K
}
{Heap before GC invocations=597 (full 66):
 par new generation   total 6144K, used 5231K [0x00000000fec00000, 0x00000000ff2a0000, 0x00000000ff2a0000)
  eden space 5504K,  95% used [0x00000000fec00000, 0x00000000ff11b780, 0x00000000ff160000)
  from space 640K,   0% used [0x00000000ff200000, 0x00000000ff200810, 0x00000000ff2a0000)
  to   space 640K,   0% used [0x00000000ff160000, 0x00000000ff160000, 0x00000000ff200000)
 concurrent mark-sweep generation total 13696K, used 7350K [0x00000000ff2a0000, 0x0000000100000000, 0x0000000100000000)
 Metaspace       used 5077K, capacity 5258K, committed 5504K, reserved 1056768K
  class space    used 557K, capacity 597K, committed 640K, reserved 1048576K
2024-07-16T17:58:57.647+0800: 4.791: [GC (Allocation Failure) 2024-07-16T17:58:57.647+0800: 4.791: [ParNew: 5231K->4K(6144K), 0.0004604 secs] 12582K->7354K(19840K), 0.0005187 secs] [Times: user=0.00 sys=0.00, real=0.00 secs] 
Heap after GC invocations=598 (full 66):
 par new generation   total 6144K, used 4K [0x00000000fec00000, 0x00000000ff2a0000, 0x00000000ff2a0000)
  eden space 5504K,   0% used [0x00000000fec00000, 0x00000000fec00000, 0x00000000ff160000)
  from space 640K,   0% used [0x00000000ff160000, 0x00000000ff161020, 0x00000000ff200000)
  to   space 640K,   0% used [0x00000000ff200000, 0x00000000ff200000, 0x00000000ff2a0000)
 concurrent mark-sweep generation total 13696K, used 7350K [0x00000000ff2a0000, 0x0000000100000000, 0x0000000100000000)
 Metaspace       used 5077K, capacity 5258K, committed 5504K, reserved 1056768K
  class space    used 557K, capacity 597K, committed 640K, reserved 1048576K
}
{Heap before GC invocations=598 (full 66):
 par new generation   total 6144K, used 5233K [0x00000000fec00000, 0x00000000ff2a0000, 0x00000000ff2a0000)
  eden space 5504K,  95% used [0x00000000fec00000, 0x00000000ff11b780, 0x00000000ff160000)
  from space 640K,   0% used [0x00000000ff160000, 0x00000000ff161020, 0x00000000ff200000)
  to   space 640K,   0% used [0x00000000ff200000, 0x00000000ff200000, 0x00000000ff2a0000)
 concurrent mark-sweep generation total 13696K, used 7350K [0x00000000ff2a0000, 0x0000000100000000, 0x0000000100000000)
 Metaspace       used 5077K, capacity 5258K, committed 5504K, reserved 1056768K
  class space    used 557K, capacity 597K, committed 640K, reserved 1048576K
2024-07-16T17:58:57.654+0800: 4.798: [GC (Allocation Failure) 2024-07-16T17:58:57.654+0800: 4.798: [ParNew: 5233K->4K(6144K), 0.0002623 secs] 12584K->7354K(19840K), 0.0003030 secs] [Times: user=0.00 sys=0.00, real=0.00 secs] 
Heap after GC invocations=599 (full 66):
 par new generation   total 6144K, used 4K [0x00000000fec00000, 0x00000000ff2a0000, 0x00000000ff2a0000)
  eden space 5504K,   0% used [0x00000000fec00000, 0x00000000fec00000, 0x00000000ff160000)
  from space 640K,   0% used [0x00000000ff200000, 0x00000000ff201020, 0x00000000ff2a0000)
  to   space 640K,   0% used [0x00000000ff160000, 0x00000000ff160000, 0x00000000ff200000)
 concurrent mark-sweep generation total 13696K, used 7350K [0x00000000ff2a0000, 0x0000000100000000, 0x0000000100000000)
 Metaspace       used 5077K, capacity 5258K, committed 5504K, reserved 1056768K
  class space    used 557K, capacity 597K, committed 640K, reserved 1048576K
}
{Heap before GC invocations=599 (full 66):
 par new generation   total 6144K, used 5233K [0x00000000fec00000, 0x00000000ff2a0000, 0x00000000ff2a0000)
  eden space 5504K,  95% used [0x00000000fec00000, 0x00000000ff11b780, 0x00000000ff160000)
  from space 640K,   0% used [0x00000000ff200000, 0x00000000ff201020, 0x00000000ff2a0000)
  to   space 640K,   0% used [0x00000000ff160000, 0x00000000ff160000, 0x00000000ff200000)
 concurrent mark-sweep generation total 13696K, used 7350K [0x00000000ff2a0000, 0x0000000100000000, 0x0000000100000000)
 Metaspace       used 5077K, capacity 5258K, committed 5504K, reserved 1056768K
  class space    used 557K, capacity 597K, committed 640K, reserved 1048576K
2024-07-16T17:58:57.661+0800: 4.806: [GC (Allocation Failure) 2024-07-16T17:58:57.661+0800: 4.806: [ParNew: 5233K->8K(6144K), 0.0005183 secs] 12584K->8382K(19840K), 0.0006234 secs] [Times: user=0.00 sys=0.00, real=0.00 secs] 
Heap after GC invocations=600 (full 66):
 par new generation   total 6144K, used 8K [0x00000000fec00000, 0x00000000ff2a0000, 0x00000000ff2a0000)
  eden space 5504K,   0% used [0x00000000fec00000, 0x00000000fec00000, 0x00000000ff160000)
  from space 640K,   1% used [0x00000000ff160000, 0x00000000ff162040, 0x00000000ff200000)
  to   space 640K,   0% used [0x00000000ff200000, 0x00000000ff200000, 0x00000000ff2a0000)
 concurrent mark-sweep generation total 13696K, used 8374K [0x00000000ff2a0000, 0x0000000100000000, 0x0000000100000000)
 Metaspace       used 5077K, capacity 5258K, committed 5504K, reserved 1056768K
  class space    used 557K, capacity 597K, committed 640K, reserved 1048576K
}
2024-07-16T17:58:57.662+0800: 4.806: [GC (CMS Initial Mark) [1 CMS-initial-mark: 8374K(13696K)] 9407K(19840K), 0.0001115 secs] [Times: user=0.00 sys=0.00, real=0.00 secs] 
2024-07-16T17:58:57.662+0800: 4.807: [CMS-concurrent-mark-start]
2024-07-16T17:58:57.663+0800: 4.808: [CMS-concurrent-mark: 0.001/0.001 secs] [Times: user=0.00 sys=0.00, real=0.00 secs] 
2024-07-16T17:58:57.663+0800: 4.808: [CMS-concurrent-preclean-start]
2024-07-16T17:58:57.663+0800: 4.808: [CMS-concurrent-preclean: 0.000/0.000 secs] [Times: user=0.00 sys=0.00, real=0.00 secs] 
2024-07-16T17:58:57.663+0800: 4.808: [GC (CMS Final Remark) [YG occupancy: 1141 K (6144 K)]2024-07-16T17:58:57.663+0800: 4.808: [Rescan (parallel) , 0.0001157 secs]2024-07-16T17:58:57.663+0800: 4.808: [weak refs processing, 0.0000074 secs]2024-07-16T17:58:57.663+0800: 4.808: [class unloading, 0.0002913 secs]2024-07-16T17:58:57.664+0800: 4.808: [scrub symbol table, 0.0003209 secs]2024-07-16T17:58:57.664+0800: 4.809: [scrub string table, 0.0000822 secs][1 CMS-remark: 8374K(13696K)] 9516K(19840K), 0.0008528 secs] [Times: user=0.00 sys=0.00, real=0.00 secs] 
2024-07-16T17:58:57.664+0800: 4.809: [CMS-concurrent-sweep-start]
2024-07-16T17:58:57.664+0800: 4.809: [CMS-concurrent-sweep: 0.000/0.000 secs] [Times: user=0.00 sys=0.00, real=0.00 secs] 
2024-07-16T17:58:57.664+0800: 4.809: [CMS-concurrent-reset-start]
2024-07-16T17:58:57.664+0800: 4.809: [CMS-concurrent-reset: 0.000/0.000 secs] [Times: user=0.00 sys=0.00, real=0.00 secs] 
{Heap before GC invocations=600 (full 67):
 par new generation   total 6144K, used 5237K [0x00000000fec00000, 0x00000000ff2a0000, 0x00000000ff2a0000)
  eden space 5504K,  95% used [0x00000000fec00000, 0x00000000ff11b780, 0x00000000ff160000)
  from space 640K,   1% used [0x00000000ff160000, 0x00000000ff162040, 0x00000000ff200000)
  to   space 640K,   0% used [0x00000000ff200000, 0x00000000ff200000, 0x00000000ff2a0000)
 concurrent mark-sweep generation total 13696K, used 2230K [0x00000000ff2a0000, 0x0000000100000000, 0x0000000100000000)
 Metaspace       used 5077K, capacity 5258K, committed 5504K, reserved 1056768K
  class space    used 557K, capacity 597K, committed 640K, reserved 1048576K
2024-07-16T17:58:57.670+0800: 4.814: [GC (Allocation Failure) 2024-07-16T17:58:57.670+0800: 4.814: [ParNew: 5237K->2K(6144K), 0.0002995 secs] 7468K->2232K(19840K), 0.0003356 secs] [Times: user=0.00 sys=0.00, real=0.00 secs] 
Heap after GC invocations=601 (full 67):
 par new generation   total 6144K, used 2K [0x00000000fec00000, 0x00000000ff2a0000, 0x00000000ff2a0000)
  eden space 5504K,   0% used [0x00000000fec00000, 0x00000000fec00000, 0x00000000ff160000)
  from space 640K,   0% used [0x00000000ff200000, 0x00000000ff200810, 0x00000000ff2a0000)
  to   space 640K,   0% used [0x00000000ff160000, 0x00000000ff160000, 0x00000000ff200000)
 concurrent mark-sweep generation total 13696K, used 2230K [0x00000000ff2a0000, 0x0000000100000000, 0x0000000100000000)
 Metaspace       used 5077K, capacity 5258K, committed 5504K, reserved 1056768K
  class space    used 557K, capacity 597K, committed 640K, reserved 1048576K
}
{Heap before GC invocations=601 (full 67):
 par new generation   total 6144K, used 5231K [0x00000000fec00000, 0x00000000ff2a0000, 0x00000000ff2a0000)
  eden space 5504K,  95% used [0x00000000fec00000, 0x00000000ff11b780, 0x00000000ff160000)
  from space 640K,   0% used [0x00000000ff200000, 0x00000000ff200810, 0x00000000ff2a0000)
  to   space 640K,   0% used [0x00000000ff160000, 0x00000000ff160000, 0x00000000ff200000)
 concurrent mark-sweep generation total 13696K, used 2230K [0x00000000ff2a0000, 0x0000000100000000, 0x0000000100000000)
 Metaspace       used 5077K, capacity 5258K, committed 5504K, reserved 1056768K
  class space    used 557K, capacity 597K, committed 640K, reserved 1048576K
2024-07-16T17:58:57.677+0800: 4.821: [GC (Allocation Failure) 2024-07-16T17:58:57.677+0800: 4.821: [ParNew: 5231K->2K(6144K), 0.0003269 secs] 7462K->2232K(19840K), 0.0003629 secs] [Times: user=0.00 sys=0.00, real=0.00 secs] 
Heap after GC invocations=602 (full 67):
 par new generation   total 6144K, used 2K [0x00000000fec00000, 0x00000000ff2a0000, 0x00000000ff2a0000)
  eden space 5504K,   0% used [0x00000000fec00000, 0x00000000fec00000, 0x00000000ff160000)
  from space 640K,   0% used [0x00000000ff160000, 0x00000000ff160810, 0x00000000ff200000)
  to   space 640K,   0% used [0x00000000ff200000, 0x00000000ff200000, 0x00000000ff2a0000)
 concurrent mark-sweep generation total 13696K, used 2230K [0x00000000ff2a0000, 0x0000000100000000, 0x0000000100000000)
 Metaspace       used 5077K, capacity 5258K, committed 5504K, reserved 1056768K
  class space    used 557K, capacity 597K, committed 640K, reserved 1048576K
}
{Heap before GC invocations=602 (full 67):
 par new generation   total 6144K, used 5231K [0x00000000fec00000, 0x00000000ff2a0000, 0x00000000ff2a0000)
  eden space 5504K,  95% used [0x00000000fec00000, 0x00000000ff11b780, 0x00000000ff160000)
  from space 640K,   0% used [0x00000000ff160000, 0x00000000ff160810, 0x00000000ff200000)
  to   space 640K,   0% used [0x00000000ff200000, 0x00000000ff200000, 0x00000000ff2a0000)
 concurrent mark-sweep generation total 13696K, used 2230K [0x00000000ff2a0000, 0x0000000100000000, 0x0000000100000000)
 Metaspace       used 5077K, capacity 5258K, committed 5504K, reserved 1056768K
  class space    used 557K, capacity 597K, committed 640K, reserved 1048576K
2024-07-16T17:58:57.684+0800: 4.828: [GC (Allocation Failure) 2024-07-16T17:58:57.684+0800: 4.828: [ParNew: 5231K->8K(6144K), 0.0008404 secs] 7462K->3264K(19840K), 0.0009229 secs] [Times: user=0.00 sys=0.00, real=0.00 secs] 
Heap after GC invocations=603 (full 67):
 par new generation   total 6144K, used 8K [0x00000000fec00000, 0x00000000ff2a0000, 0x00000000ff2a0000)
  eden space 5504K,   0% used [0x00000000fec00000, 0x00000000fec00000, 0x00000000ff160000)
  from space 640K,   1% used [0x00000000ff200000, 0x00000000ff202040, 0x00000000ff2a0000)
  to   space 640K,   0% used [0x00000000ff160000, 0x00000000ff160000, 0x00000000ff200000)
 concurrent mark-sweep generation total 13696K, used 3256K [0x00000000ff2a0000, 0x0000000100000000, 0x0000000100000000)
 Metaspace       used 5077K, capacity 5258K, committed 5504K, reserved 1056768K
  class space    used 557K, capacity 597K, committed 640K, reserved 1048576K
}
{Heap before GC invocations=603 (full 67):
 par new generation   total 6144K, used 5237K [0x00000000fec00000, 0x00000000ff2a0000, 0x00000000ff2a0000)
  eden space 5504K,  95% used [0x00000000fec00000, 0x00000000ff11b780, 0x00000000ff160000)
  from space 640K,   1% used [0x00000000ff200000, 0x00000000ff202040, 0x00000000ff2a0000)
  to   space 640K,   0% used [0x00000000ff160000, 0x00000000ff160000, 0x00000000ff200000)
 concurrent mark-sweep generation total 13696K, used 3256K [0x00000000ff2a0000, 0x0000000100000000, 0x0000000100000000)
 Metaspace       used 5077K, capacity 5258K, committed 5504K, reserved 1056768K
  class space    used 557K, capacity 597K, committed 640K, reserved 1048576K
2024-07-16T17:58:57.693+0800: 4.837: [GC (Allocation Failure) 2024-07-16T17:58:57.693+0800: 4.837: [ParNew: 5237K->4K(6144K), 0.0006313 secs] 8494K->3260K(19840K), 0.0007007 secs] [Times: user=0.00 sys=0.00, real=0.00 secs] 
Heap after GC invocations=604 (full 67):
 par new generation   total 6144K, used 4K [0x00000000fec00000, 0x00000000ff2a0000, 0x00000000ff2a0000)
  eden space 5504K,   0% used [0x00000000fec00000, 0x00000000fec00000, 0x00000000ff160000)
  from space 640K,   0% used [0x00000000ff160000, 0x00000000ff161020, 0x00000000ff200000)
  to   space 640K,   0% used [0x00000000ff200000, 0x00000000ff200000, 0x00000000ff2a0000)
 concurrent mark-sweep generation total 13696K, used 3256K [0x00000000ff2a0000, 0x0000000100000000, 0x0000000100000000)
 Metaspace       used 5077K, capacity 5258K, committed 5504K, reserved 1056768K
  class space    used 557K, capacity 597K, committed 640K, reserved 1048576K
}
{Heap before GC invocations=604 (full 67):
 par new generation   total 6144K, used 5233K [0x00000000fec00000, 0x00000000ff2a0000, 0x00000000ff2a0000)
  eden space 5504K,  95% used [0x00000000fec00000, 0x00000000ff11b780, 0x00000000ff160000)
  from space 640K,   0% used [0x00000000ff160000, 0x00000000ff161020, 0x00000000ff200000)
  to   space 640K,   0% used [0x00000000ff200000, 0x00000000ff200000, 0x00000000ff2a0000)
 concurrent mark-sweep generation total 13696K, used 3256K [0x00000000ff2a0000, 0x0000000100000000, 0x0000000100000000)
 Metaspace       used 5077K, capacity 5258K, committed 5504K, reserved 1056768K
  class space    used 557K, capacity 597K, committed 640K, reserved 1048576K
2024-07-16T17:58:57.699+0800: 4.843: [GC (Allocation Failure) 2024-07-16T17:58:57.699+0800: 4.843: [ParNew: 5233K->8K(6144K), 0.0012440 secs] 8490K->4290K(19840K), 0.0013350 secs] [Times: user=0.00 sys=0.00, real=0.00 secs] 
Heap after GC invocations=605 (full 67):
 par new generation   total 6144K, used 8K [0x00000000fec00000, 0x00000000ff2a0000, 0x00000000ff2a0000)
  eden space 5504K,   0% used [0x00000000fec00000, 0x00000000fec00000, 0x00000000ff160000)
  from space 640K,   1% used [0x00000000ff200000, 0x00000000ff202040, 0x00000000ff2a0000)
  to   space 640K,   0% used [0x00000000ff160000, 0x00000000ff160000, 0x00000000ff200000)
 concurrent mark-sweep generation total 13696K, used 4282K [0x00000000ff2a0000, 0x0000000100000000, 0x0000000100000000)
 Metaspace       used 5077K, capacity 5258K, committed 5504K, reserved 1056768K
  class space    used 557K, capacity 597K, committed 640K, reserved 1048576K
}
{Heap before GC invocations=605 (full 67):
 par new generation   total 6144K, used 5237K [0x00000000fec00000, 0x00000000ff2a0000, 0x00000000ff2a0000)
  eden space 5504K,  95% used [0x00000000fec00000, 0x00000000ff11b780, 0x00000000ff160000)
  from space 640K,   1% used [0x00000000ff200000, 0x00000000ff202040, 0x00000000ff2a0000)
  to   space 640K,   0% used [0x00000000ff160000, 0x00000000ff160000, 0x00000000ff200000)
 concurrent mark-sweep generation total 13696K, used 4282K [0x00000000ff2a0000, 0x0000000100000000, 0x0000000100000000)
 Metaspace       used 5077K, capacity 5258K, committed 5504K, reserved 1056768K
  class space    used 557K, capacity 597K, committed 640K, reserved 1048576K
2024-07-16T17:58:57.707+0800: 4.852: [GC (Allocation Failure) 2024-07-16T17:58:57.707+0800: 4.852: [ParNew: 5237K->2K(6144K), 0.0010238 secs] 9520K->4284K(19840K), 0.0011654 secs] [Times: user=0.00 sys=0.00, real=0.00 secs] 
Heap after GC invocations=606 (full 67):
 par new generation   total 6144K, used 2K [0x00000000fec00000, 0x00000000ff2a0000, 0x00000000ff2a0000)
  eden space 5504K,   0% used [0x00000000fec00000, 0x00000000fec00000, 0x00000000ff160000)
  from space 640K,   0% used [0x00000000ff160000, 0x00000000ff160810, 0x00000000ff200000)
  to   space 640K,   0% used [0x00000000ff200000, 0x00000000ff200000, 0x00000000ff2a0000)
 concurrent mark-sweep generation total 13696K, used 4282K [0x00000000ff2a0000, 0x0000000100000000, 0x0000000100000000)
 Metaspace       used 5077K, capacity 5258K, committed 5504K, reserved 1056768K
  class space    used 557K, capacity 597K, committed 640K, reserved 1048576K
}
{Heap before GC invocations=606 (full 67):
 par new generation   total 6144K, used 5231K [0x00000000fec00000, 0x00000000ff2a0000, 0x00000000ff2a0000)
  eden space 5504K,  95% used [0x00000000fec00000, 0x00000000ff11b780, 0x00000000ff160000)
  from space 640K,   0% used [0x00000000ff160000, 0x00000000ff160810, 0x00000000ff200000)
  to   space 640K,   0% used [0x00000000ff200000, 0x00000000ff200000, 0x00000000ff2a0000)
 concurrent mark-sweep generation total 13696K, used 4282K [0x00000000ff2a0000, 0x0000000100000000, 0x0000000100000000)
 Metaspace       used 5077K, capacity 5258K, committed 5504K, reserved 1056768K
  class space    used 557K, capacity 597K, committed 640K, reserved 1048576K
2024-07-16T17:58:57.715+0800: 4.860: [GC (Allocation Failure) 2024-07-16T17:58:57.715+0800: 4.860: [ParNew: 5231K->6K(6144K), 0.0010080 secs] 9514K->5312K(19840K), 0.0011048 secs] [Times: user=0.00 sys=0.00, real=0.00 secs] 
Heap after GC invocations=607 (full 67):
 par new generation   total 6144K, used 6K [0x00000000fec00000, 0x00000000ff2a0000, 0x00000000ff2a0000)
  eden space 5504K,   0% used [0x00000000fec00000, 0x00000000fec00000, 0x00000000ff160000)
  from space 640K,   0% used [0x00000000ff200000, 0x00000000ff201830, 0x00000000ff2a0000)
  to   space 640K,   0% used [0x00000000ff160000, 0x00000000ff160000, 0x00000000ff200000)
 concurrent mark-sweep generation total 13696K, used 5306K [0x00000000ff2a0000, 0x0000000100000000, 0x0000000100000000)
 Metaspace       used 5077K, capacity 5258K, committed 5504K, reserved 1056768K
  class space    used 557K, capacity 597K, committed 640K, reserved 1048576K
}
{Heap before GC invocations=607 (full 67):
 par new generation   total 6144K, used 5235K [0x00000000fec00000, 0x00000000ff2a0000, 0x00000000ff2a0000)
  eden space 5504K,  95% used [0x00000000fec00000, 0x00000000ff11b780, 0x00000000ff160000)
  from space 640K,   0% used [0x00000000ff200000, 0x00000000ff201830, 0x00000000ff2a0000)
  to   space 640K,   0% used [0x00000000ff160000, 0x00000000ff160000, 0x00000000ff200000)
 concurrent mark-sweep generation total 13696K, used 5306K [0x00000000ff2a0000, 0x0000000100000000, 0x0000000100000000)
 Metaspace       used 5077K, capacity 5258K, committed 5504K, reserved 1056768K
  class space    used 557K, capacity 597K, committed 640K, reserved 1048576K
2024-07-16T17:58:57.723+0800: 4.868: [GC (Allocation Failure) 2024-07-16T17:58:57.723+0800: 4.868: [ParNew: 5235K->4K(6144K), 0.0013706 secs] 10542K->5310K(19840K), 0.0014989 secs] [Times: user=0.00 sys=0.00, real=0.00 secs] 
Heap after GC invocations=608 (full 67):
 par new generation   total 6144K, used 4K [0x00000000fec00000, 0x00000000ff2a0000, 0x00000000ff2a0000)
  eden space 5504K,   0% used [0x00000000fec00000, 0x00000000fec00000, 0x00000000ff160000)
  from space 640K,   0% used [0x00000000ff160000, 0x00000000ff161020, 0x00000000ff200000)
  to   space 640K,   0% used [0x00000000ff200000, 0x00000000ff200000, 0x00000000ff2a0000)
 concurrent mark-sweep generation total 13696K, used 5306K [0x00000000ff2a0000, 0x0000000100000000, 0x0000000100000000)
 Metaspace       used 5077K, capacity 5258K, committed 5504K, reserved 1056768K
  class space    used 557K, capacity 597K, committed 640K, reserved 1048576K
}
{Heap before GC invocations=608 (full 67):
 par new generation   total 6144K, used 5233K [0x00000000fec00000, 0x00000000ff2a0000, 0x00000000ff2a0000)
  eden space 5504K,  95% used [0x00000000fec00000, 0x00000000ff11b780, 0x00000000ff160000)
  from space 640K,   0% used [0x00000000ff160000, 0x00000000ff161020, 0x00000000ff200000)
  to   space 640K,   0% used [0x00000000ff200000, 0x00000000ff200000, 0x00000000ff2a0000)
 concurrent mark-sweep generation total 13696K, used 5306K [0x00000000ff2a0000, 0x0000000100000000, 0x0000000100000000)
 Metaspace       used 5077K, capacity 5258K, committed 5504K, reserved 1056768K
  class space    used 557K, capacity 597K, committed 640K, reserved 1048576K
2024-07-16T17:58:57.733+0800: 4.878: [GC (Allocation Failure) 2024-07-16T17:58:57.733+0800: 4.878: [ParNew: 5233K->6K(6144K), 0.0008596 secs] 10540K->6338K(19840K), 0.0009794 secs] [Times: user=0.00 sys=0.00, real=0.00 secs] 
Heap after GC invocations=609 (full 67):
 par new generation   total 6144K, used 6K [0x00000000fec00000, 0x00000000ff2a0000, 0x00000000ff2a0000)
  eden space 5504K,   0% used [0x00000000fec00000, 0x00000000fec00000, 0x00000000ff160000)
  from space 640K,   0% used [0x00000000ff200000, 0x00000000ff201830, 0x00000000ff2a0000)
  to   space 640K,   0% used [0x00000000ff160000, 0x00000000ff160000, 0x00000000ff200000)
 concurrent mark-sweep generation total 13696K, used 6332K [0x00000000ff2a0000, 0x0000000100000000, 0x0000000100000000)
 Metaspace       used 5077K, capacity 5258K, committed 5504K, reserved 1056768K
  class space    used 557K, capacity 597K, committed 640K, reserved 1048576K
}
{Heap before GC invocations=609 (full 67):
 par new generation   total 6144K, used 5235K [0x00000000fec00000, 0x00000000ff2a0000, 0x00000000ff2a0000)
  eden space 5504K,  95% used [0x00000000fec00000, 0x00000000ff11b780, 0x00000000ff160000)
  from space 640K,   0% used [0x00000000ff200000, 0x00000000ff201830, 0x00000000ff2a0000)
  to   space 640K,   0% used [0x00000000ff160000, 0x00000000ff160000, 0x00000000ff200000)
 concurrent mark-sweep generation total 13696K, used 6332K [0x00000000ff2a0000, 0x0000000100000000, 0x0000000100000000)
 Metaspace       used 5077K, capacity 5258K, committed 5504K, reserved 1056768K
  class space    used 557K, capacity 597K, committed 640K, reserved 1048576K
2024-07-16T17:58:57.740+0800: 4.885: [GC (Allocation Failure) 2024-07-16T17:58:57.740+0800: 4.885: [ParNew: 5235K->6K(6144K), 0.0011218 secs] 11568K->7362K(19840K), 0.0012275 secs] [Times: user=0.00 sys=0.00, real=0.00 secs] 
Heap after GC invocations=610 (full 67):
 par new generation   total 6144K, used 6K [0x00000000fec00000, 0x00000000ff2a0000, 0x00000000ff2a0000)
  eden space 5504K,   0% used [0x00000000fec00000, 0x00000000fec00000, 0x00000000ff160000)
  from space 640K,   0% used [0x00000000ff160000, 0x00000000ff161830, 0x00000000ff200000)
  to   space 640K,   0% used [0x00000000ff200000, 0x00000000ff200000, 0x00000000ff2a0000)
 concurrent mark-sweep generation total 13696K, used 7356K [0x00000000ff2a0000, 0x0000000100000000, 0x0000000100000000)
 Metaspace       used 5077K, capacity 5258K, committed 5504K, reserved 1056768K
  class space    used 557K, capacity 597K, committed 640K, reserved 1048576K
}
{Heap before GC invocations=610 (full 67):
 par new generation   total 6144K, used 5235K [0x00000000fec00000, 0x00000000ff2a0000, 0x00000000ff2a0000)
  eden space 5504K,  95% used [0x00000000fec00000, 0x00000000ff11b780, 0x00000000ff160000)
  from space 640K,   0% used [0x00000000ff160000, 0x00000000ff161830, 0x00000000ff200000)
  to   space 640K,   0% used [0x00000000ff200000, 0x00000000ff200000, 0x00000000ff2a0000)
 concurrent mark-sweep generation total 13696K, used 7356K [0x00000000ff2a0000, 0x0000000100000000, 0x0000000100000000)
 Metaspace       used 5077K, capacity 5258K, committed 5504K, reserved 1056768K
  class space    used 557K, capacity 597K, committed 640K, reserved 1048576K
2024-07-16T17:58:57.747+0800: 4.892: [GC (Allocation Failure) 2024-07-16T17:58:57.747+0800: 4.892: [ParNew: 5235K->6K(6144K), 0.0015691 secs] 12592K->8388K(19840K), 0.0016985 secs] [Times: user=0.00 sys=0.00, real=0.00 secs] 
Heap after GC invocations=611 (full 67):
 par new generation   total 6144K, used 6K [0x00000000fec00000, 0x00000000ff2a0000, 0x00000000ff2a0000)
  eden space 5504K,   0% used [0x00000000fec00000, 0x00000000fec00000, 0x00000000ff160000)
  from space 640K,   0% used [0x00000000ff200000, 0x00000000ff201830, 0x00000000ff2a0000)
  to   space 640K,   0% used [0x00000000ff160000, 0x00000000ff160000, 0x00000000ff200000)
 concurrent mark-sweep generation total 13696K, used 8382K [0x00000000ff2a0000, 0x0000000100000000, 0x0000000100000000)
 Metaspace       used 5077K, capacity 5258K, committed 5504K, reserved 1056768K
  class space    used 557K, capacity 597K, committed 640K, reserved 1048576K
}
2024-07-16T17:58:57.749+0800: 4.894: [GC (CMS Initial Mark) [1 CMS-initial-mark: 8382K(13696K)] 9415K(19840K), 0.0002271 secs] [Times: user=0.00 sys=0.00, real=0.00 secs] 
2024-07-16T17:58:57.749+0800: 4.894: [CMS-concurrent-mark-start]
2024-07-16T17:58:57.753+0800: 4.898: [CMS-concurrent-mark: 0.004/0.004 secs] [Times: user=0.05 sys=0.00, real=0.00 secs] 
2024-07-16T17:58:57.753+0800: 4.899: [CMS-concurrent-preclean-start]
2024-07-16T17:58:57.753+0800: 4.899: [CMS-concurrent-preclean: 0.000/0.000 secs] [Times: user=0.00 sys=0.00, real=0.00 secs] 
2024-07-16T17:58:57.753+0800: 4.899: [CMS-concurrent-abortable-preclean-start]
{Heap before GC invocations=611 (full 68):
 par new generation   total 6144K, used 5235K [0x00000000fec00000, 0x00000000ff2a0000, 0x00000000ff2a0000)
  eden space 5504K,  95% used [0x00000000fec00000, 0x00000000ff11b780, 0x00000000ff160000)
  from space 640K,   0% used [0x00000000ff200000, 0x00000000ff201830, 0x00000000ff2a0000)
  to   space 640K,   0% used [0x00000000ff160000, 0x00000000ff160000, 0x00000000ff200000)
 concurrent mark-sweep generation total 13696K, used 8382K [0x00000000ff2a0000, 0x0000000100000000, 0x0000000100000000)
 Metaspace       used 5077K, capacity 5258K, committed 5504K, reserved 1056768K
  class space    used 557K, capacity 597K, committed 640K, reserved 1048576K
2024-07-16T17:58:57.756+0800: 4.901: [GC (Allocation Failure) 2024-07-16T17:58:57.756+0800: 4.901: [ParNew: 5235K->6K(6144K), 0.0011204 secs] 13618K->9413K(19840K), 0.0012230 secs] [Times: user=0.00 sys=0.00, real=0.00 secs] 
Heap after GC invocations=612 (full 68):
 par new generation   total 6144K, used 6K [0x00000000fec00000, 0x00000000ff2a0000, 0x00000000ff2a0000)
  eden space 5504K,   0% used [0x00000000fec00000, 0x00000000fec00000, 0x00000000ff160000)
  from space 640K,   0% used [0x00000000ff160000, 0x00000000ff161830, 0x00000000ff200000)
  to   space 640K,   0% used [0x00000000ff200000, 0x00000000ff200000, 0x00000000ff2a0000)
 concurrent mark-sweep generation total 13696K, used 9406K [0x00000000ff2a0000, 0x0000000100000000, 0x0000000100000000)
 Metaspace       used 5077K, capacity 5258K, committed 5504K, reserved 1056768K
  class space    used 557K, capacity 597K, committed 640K, reserved 1048576K
}
{Heap before GC invocations=612 (full 68):
 par new generation   total 6144K, used 5235K [0x00000000fec00000, 0x00000000ff2a0000, 0x00000000ff2a0000)
  eden space 5504K,  95% used [0x00000000fec00000, 0x00000000ff11b780, 0x00000000ff160000)
  from space 640K,   0% used [0x00000000ff160000, 0x00000000ff161830, 0x00000000ff200000)
  to   space 640K,   0% used [0x00000000ff200000, 0x00000000ff200000, 0x00000000ff2a0000)
 concurrent mark-sweep generation total 13696K, used 9406K [0x00000000ff2a0000, 0x0000000100000000, 0x0000000100000000)
 Metaspace       used 5077K, capacity 5258K, committed 5504K, reserved 1056768K
  class space    used 557K, capacity 597K, committed 640K, reserved 1048576K
2024-07-16T17:58:57.765+0800: 4.910: [GC (Allocation Failure) 2024-07-16T17:58:57.765+0800: 4.910: [ParNew: 5235K->4K(6144K), 0.0005625 secs] 14642K->9410K(19840K), 0.0006231 secs] [Times: user=0.00 sys=0.00, real=0.00 secs] 
Heap after GC invocations=613 (full 68):
 par new generation   total 6144K, used 4K [0x00000000fec00000, 0x00000000ff2a0000, 0x00000000ff2a0000)
  eden space 5504K,   0% used [0x00000000fec00000, 0x00000000fec00000, 0x00000000ff160000)
  from space 640K,   0% used [0x00000000ff200000, 0x00000000ff201020, 0x00000000ff2a0000)
  to   space 640K,   0% used [0x00000000ff160000, 0x00000000ff160000, 0x00000000ff200000)
 concurrent mark-sweep generation total 13696K, used 9406K [0x00000000ff2a0000, 0x0000000100000000, 0x0000000100000000)
 Metaspace       used 5077K, capacity 5258K, committed 5504K, reserved 1056768K
  class space    used 557K, capacity 597K, committed 640K, reserved 1048576K
}
{Heap before GC invocations=613 (full 68):
 par new generation   total 6144K, used 5233K [0x00000000fec00000, 0x00000000ff2a0000, 0x00000000ff2a0000)
  eden space 5504K,  95% used [0x00000000fec00000, 0x00000000ff11b780, 0x00000000ff160000)
  from space 640K,   0% used [0x00000000ff200000, 0x00000000ff201020, 0x00000000ff2a0000)
  to   space 640K,   0% used [0x00000000ff160000, 0x00000000ff160000, 0x00000000ff200000)
 concurrent mark-sweep generation total 13696K, used 9406K [0x00000000ff2a0000, 0x0000000100000000, 0x0000000100000000)
 Metaspace       used 5077K, capacity 5258K, committed 5504K, reserved 1056768K
  class space    used 557K, capacity 597K, committed 640K, reserved 1048576K
2024-07-16T17:58:57.772+0800: 4.917: [GC (Allocation Failure) 2024-07-16T17:58:57.772+0800: 4.917: [ParNew: 5233K->4K(6144K), 0.0008381 secs] 14640K->9410K(19840K), 0.0009381 secs] [Times: user=0.00 sys=0.00, real=0.00 secs] 
Heap after GC invocations=614 (full 68):
 par new generation   total 6144K, used 4K [0x00000000fec00000, 0x00000000ff2a0000, 0x00000000ff2a0000)
  eden space 5504K,   0% used [0x00000000fec00000, 0x00000000fec00000, 0x00000000ff160000)
  from space 640K,   0% used [0x00000000ff160000, 0x00000000ff161020, 0x00000000ff200000)
  to   space 640K,   0% used [0x00000000ff200000, 0x00000000ff200000, 0x00000000ff2a0000)
 concurrent mark-sweep generation total 13696K, used 9406K [0x00000000ff2a0000, 0x0000000100000000, 0x0000000100000000)
 Metaspace       used 5077K, capacity 5258K, committed 5504K, reserved 1056768K
  class space    used 557K, capacity 597K, committed 640K, reserved 1048576K
}
{Heap before GC invocations=614 (full 68):
 par new generation   total 6144K, used 5233K [0x00000000fec00000, 0x00000000ff2a0000, 0x00000000ff2a0000)
  eden space 5504K,  95% used [0x00000000fec00000, 0x00000000ff11b780, 0x00000000ff160000)
  from space 640K,   0% used [0x00000000ff160000, 0x00000000ff161020, 0x00000000ff200000)
  to   space 640K,   0% used [0x00000000ff200000, 0x00000000ff200000, 0x00000000ff2a0000)
 concurrent mark-sweep generation total 13696K, used 9406K [0x00000000ff2a0000, 0x0000000100000000, 0x0000000100000000)
 Metaspace       used 5077K, capacity 5258K, committed 5504K, reserved 1056768K
  class space    used 557K, capacity 597K, committed 640K, reserved 1048576K
2024-07-16T17:58:57.781+0800: 4.926: [GC (Allocation Failure) 2024-07-16T17:58:57.781+0800: 4.926: [ParNew: 5233K->4K(6144K), 0.0011201 secs] 14640K->9410K(19840K), 0.0012026 secs] [Times: user=0.00 sys=0.00, real=0.00 secs] 
Heap after GC invocations=615 (full 68):
 par new generation   total 6144K, used 4K [0x00000000fec00000, 0x00000000ff2a0000, 0x00000000ff2a0000)
  eden space 5504K,   0% used [0x00000000fec00000, 0x00000000fec00000, 0x00000000ff160000)
  from space 640K,   0% used [0x00000000ff200000, 0x00000000ff201020, 0x00000000ff2a0000)
  to   space 640K,   0% used [0x00000000ff160000, 0x00000000ff160000, 0x00000000ff200000)
 concurrent mark-sweep generation total 13696K, used 9406K [0x00000000ff2a0000, 0x0000000100000000, 0x0000000100000000)
 Metaspace       used 5077K, capacity 5258K, committed 5504K, reserved 1056768K
  class space    used 557K, capacity 597K, committed 640K, reserved 1048576K
}
{Heap before GC invocations=615 (full 68):
 par new generation   total 6144K, used 5233K [0x00000000fec00000, 0x00000000ff2a0000, 0x00000000ff2a0000)
  eden space 5504K,  95% used [0x00000000fec00000, 0x00000000ff11b780, 0x00000000ff160000)
  from space 640K,   0% used [0x00000000ff200000, 0x00000000ff201020, 0x00000000ff2a0000)
  to   space 640K,   0% used [0x00000000ff160000, 0x00000000ff160000, 0x00000000ff200000)
 concurrent mark-sweep generation total 13696K, used 9406K [0x00000000ff2a0000, 0x0000000100000000, 0x0000000100000000)
 Metaspace       used 5077K, capacity 5258K, committed 5504K, reserved 1056768K
  class space    used 557K, capacity 597K, committed 640K, reserved 1048576K
2024-07-16T17:58:57.789+0800: 4.934: [GC (Allocation Failure) 2024-07-16T17:58:57.789+0800: 4.935: [ParNew: 5233K->8K(6144K), 0.0015051 secs] 14640K->10439K(19840K), 0.0020651 secs] [Times: user=0.00 sys=0.00, real=0.00 secs] 
Heap after GC invocations=616 (full 68):
 par new generation   total 6144K, used 8K [0x00000000fec00000, 0x00000000ff2a0000, 0x00000000ff2a0000)
  eden space 5504K,   0% used [0x00000000fec00000, 0x00000000fec00000, 0x00000000ff160000)
  from space 640K,   1% used [0x00000000ff160000, 0x00000000ff162040, 0x00000000ff200000)
  to   space 640K,   0% used [0x00000000ff200000, 0x00000000ff200000, 0x00000000ff2a0000)
 concurrent mark-sweep generation total 13696K, used 10430K [0x00000000ff2a0000, 0x0000000100000000, 0x0000000100000000)
 Metaspace       used 5077K, capacity 5258K, committed 5504K, reserved 1056768K
  class space    used 557K, capacity 597K, committed 640K, reserved 1048576K
}
{Heap before GC invocations=616 (full 68):
 par new generation   total 6144K, used 5237K [0x00000000fec00000, 0x00000000ff2a0000, 0x00000000ff2a0000)
  eden space 5504K,  95% used [0x00000000fec00000, 0x00000000ff11b780, 0x00000000ff160000)
  from space 640K,   1% used [0x00000000ff160000, 0x00000000ff162040, 0x00000000ff200000)
  to   space 640K,   0% used [0x00000000ff200000, 0x00000000ff200000, 0x00000000ff2a0000)
 concurrent mark-sweep generation total 13696K, used 10430K [0x00000000ff2a0000, 0x0000000100000000, 0x0000000100000000)
 Metaspace       used 5077K, capacity 5258K, committed 5504K, reserved 1056768K
  class space    used 557K, capacity 597K, committed 640K, reserved 1048576K
2024-07-16T17:58:57.799+0800: 4.944: [GC (Allocation Failure) 2024-07-16T17:58:57.799+0800: 4.944: [ParNew: 5237K->4K(6144K), 0.0003160 secs] 15668K->10435K(19840K), 0.0003711 secs] [Times: user=0.00 sys=0.00, real=0.00 secs] 
Heap after GC invocations=617 (full 68):
 par new generation   total 6144K, used 4K [0x00000000fec00000, 0x00000000ff2a0000, 0x00000000ff2a0000)
  eden space 5504K,   0% used [0x00000000fec00000, 0x00000000fec00000, 0x00000000ff160000)
  from space 640K,   0% used [0x00000000ff200000, 0x00000000ff201020, 0x00000000ff2a0000)
  to   space 640K,   0% used [0x00000000ff160000, 0x00000000ff160000, 0x00000000ff200000)
 concurrent mark-sweep generation total 13696K, used 10430K [0x00000000ff2a0000, 0x0000000100000000, 0x0000000100000000)
 Metaspace       used 5077K, capacity 5258K, committed 5504K, reserved 1056768K
  class space    used 557K, capacity 597K, committed 640K, reserved 1048576K
}
{Heap before GC invocations=617 (full 68):
 par new generation   total 6144K, used 5233K [0x00000000fec00000, 0x00000000ff2a0000, 0x00000000ff2a0000)
  eden space 5504K,  95% used [0x00000000fec00000, 0x00000000ff11b780, 0x00000000ff160000)
  from space 640K,   0% used [0x00000000ff200000, 0x00000000ff201020, 0x00000000ff2a0000)
  to   space 640K,   0% used [0x00000000ff160000, 0x00000000ff160000, 0x00000000ff200000)
 concurrent mark-sweep generation total 13696K, used 10430K [0x00000000ff2a0000, 0x0000000100000000, 0x0000000100000000)
 Metaspace       used 5077K, capacity 5258K, committed 5504K, reserved 1056768K
  class space    used 557K, capacity 597K, committed 640K, reserved 1048576K
2024-07-16T17:58:57.807+0800: 4.952: [GC (Allocation Failure) 2024-07-16T17:58:57.807+0800: 4.952: [ParNew: 5233K->4K(6144K), 0.0002546 secs] 15664K->10435K(19840K), 0.0003327 secs] [Times: user=0.00 sys=0.00, real=0.00 secs] 
Heap after GC invocations=618 (full 68):
 par new generation   total 6144K, used 4K [0x00000000fec00000, 0x00000000ff2a0000, 0x00000000ff2a0000)
  eden space 5504K,   0% used [0x00000000fec00000, 0x00000000fec00000, 0x00000000ff160000)
  from space 640K,   0% used [0x00000000ff160000, 0x00000000ff161020, 0x00000000ff200000)
  to   space 640K,   0% used [0x00000000ff200000, 0x00000000ff200000, 0x00000000ff2a0000)
 concurrent mark-sweep generation total 13696K, used 10430K [0x00000000ff2a0000, 0x0000000100000000, 0x0000000100000000)
 Metaspace       used 5077K, capacity 5258K, committed 5504K, reserved 1056768K
  class space    used 557K, capacity 597K, committed 640K, reserved 1048576K
}
{Heap before GC invocations=618 (full 68):
 par new generation   total 6144K, used 5233K [0x00000000fec00000, 0x00000000ff2a0000, 0x00000000ff2a0000)
  eden space 5504K,  95% used [0x00000000fec00000, 0x00000000ff11b780, 0x00000000ff160000)
  from space 640K,   0% used [0x00000000ff160000, 0x00000000ff161020, 0x00000000ff200000)
  to   space 640K,   0% used [0x00000000ff200000, 0x00000000ff200000, 0x00000000ff2a0000)
 concurrent mark-sweep generation total 13696K, used 10430K [0x00000000ff2a0000, 0x0000000100000000, 0x0000000100000000)
 Metaspace       used 5077K, capacity 5258K, committed 5504K, reserved 1056768K
  class space    used 557K, capacity 597K, committed 640K, reserved 1048576K
2024-07-16T17:58:57.816+0800: 4.961: [GC (Allocation Failure) 2024-07-16T17:58:57.816+0800: 4.961: [ParNew: 5233K->4K(6144K), 0.0003525 secs] 15664K->10435K(19840K), 0.0004273 secs] [Times: user=0.00 sys=0.00, real=0.00 secs] 
Heap after GC invocations=619 (full 68):
 par new generation   total 6144K, used 4K [0x00000000fec00000, 0x00000000ff2a0000, 0x00000000ff2a0000)
  eden space 5504K,   0% used [0x00000000fec00000, 0x00000000fec00000, 0x00000000ff160000)
  from space 640K,   0% used [0x00000000ff200000, 0x00000000ff201020, 0x00000000ff2a0000)
  to   space 640K,   0% used [0x00000000ff160000, 0x00000000ff160000, 0x00000000ff200000)
 concurrent mark-sweep generation total 13696K, used 10430K [0x00000000ff2a0000, 0x0000000100000000, 0x0000000100000000)
 Metaspace       used 5077K, capacity 5258K, committed 5504K, reserved 1056768K
  class space    used 557K, capacity 597K, committed 640K, reserved 1048576K
}
{Heap before GC invocations=619 (full 68):
 par new generation   total 6144K, used 5233K [0x00000000fec00000, 0x00000000ff2a0000, 0x00000000ff2a0000)
  eden space 5504K,  95% used [0x00000000fec00000, 0x00000000ff11b780, 0x00000000ff160000)
  from space 640K,   0% used [0x00000000ff200000, 0x00000000ff201020, 0x00000000ff2a0000)
  to   space 640K,   0% used [0x00000000ff160000, 0x00000000ff160000, 0x00000000ff200000)
 concurrent mark-sweep generation total 13696K, used 10430K [0x00000000ff2a0000, 0x0000000100000000, 0x0000000100000000)
 Metaspace       used 5077K, capacity 5258K, committed 5504K, reserved 1056768K
  class space    used 557K, capacity 597K, committed 640K, reserved 1048576K
2024-07-16T17:58:57.823+0800: 4.968: [GC (Allocation Failure) 2024-07-16T17:58:57.823+0800: 4.968: [ParNew: 5233K->6K(6144K), 0.0006616 secs] 15664K->11461K(19840K), 0.0007661 secs] [Times: user=0.00 sys=0.00, real=0.00 secs] 
Heap after GC invocations=620 (full 68):
 par new generation   total 6144K, used 6K [0x00000000fec00000, 0x00000000ff2a0000, 0x00000000ff2a0000)
  eden space 5504K,   0% used [0x00000000fec00000, 0x00000000fec00000, 0x00000000ff160000)
  from space 640K,   0% used [0x00000000ff160000, 0x00000000ff161830, 0x00000000ff200000)
  to   space 640K,   0% used [0x00000000ff200000, 0x00000000ff200000, 0x00000000ff2a0000)
 concurrent mark-sweep generation total 13696K, used 11454K [0x00000000ff2a0000, 0x0000000100000000, 0x0000000100000000)
 Metaspace       used 5077K, capacity 5258K, committed 5504K, reserved 1056768K
  class space    used 557K, capacity 597K, committed 640K, reserved 1048576K
}
{Heap before GC invocations=620 (full 68):
 par new generation   total 6144K, used 5235K [0x00000000fec00000, 0x00000000ff2a0000, 0x00000000ff2a0000)
  eden space 5504K,  95% used [0x00000000fec00000, 0x00000000ff11b780, 0x00000000ff160000)
  from space 640K,   0% used [0x00000000ff160000, 0x00000000ff161830, 0x00000000ff200000)
  to   space 640K,   0% used [0x00000000ff200000, 0x00000000ff200000, 0x00000000ff2a0000)
 concurrent mark-sweep generation total 13696K, used 11454K [0x00000000ff2a0000, 0x0000000100000000, 0x0000000100000000)
 Metaspace       used 5077K, capacity 5258K, committed 5504K, reserved 1056768K
  class space    used 557K, capacity 597K, committed 640K, reserved 1048576K
2024-07-16T17:58:57.831+0800: 4.976: [GC (Allocation Failure) 2024-07-16T17:58:57.831+0800: 4.976: [ParNew: 5235K->4K(6144K), 0.0007719 secs] 16690K->12483K(19840K), 0.0009016 secs] [Times: user=0.00 sys=0.00, real=0.00 secs] 
Heap after GC invocations=621 (full 68):
 par new generation   total 6144K, used 4K [0x00000000fec00000, 0x00000000ff2a0000, 0x00000000ff2a0000)
  eden space 5504K,   0% used [0x00000000fec00000, 0x00000000fec00000, 0x00000000ff160000)
  from space 640K,   0% used [0x00000000ff200000, 0x00000000ff201020, 0x00000000ff2a0000)
  to   space 640K,   0% used [0x00000000ff160000, 0x00000000ff160000, 0x00000000ff200000)
 concurrent mark-sweep generation total 13696K, used 12479K [0x00000000ff2a0000, 0x0000000100000000, 0x0000000100000000)
 Metaspace       used 5077K, capacity 5258K, committed 5504K, reserved 1056768K
  class space    used 557K, capacity 597K, committed 640K, reserved 1048576K
}
{Heap before GC invocations=621 (full 68):
 par new generation   total 6144K, used 5233K [0x00000000fec00000, 0x00000000ff2a0000, 0x00000000ff2a0000)
  eden space 5504K,  95% used [0x00000000fec00000, 0x00000000ff11b780, 0x00000000ff160000)
  from space 640K,   0% used [0x00000000ff200000, 0x00000000ff201020, 0x00000000ff2a0000)
  to   space 640K,   0% used [0x00000000ff160000, 0x00000000ff160000, 0x00000000ff200000)
 concurrent mark-sweep generation total 13696K, used 12479K [0x00000000ff2a0000, 0x0000000100000000, 0x0000000100000000)
 Metaspace       used 5077K, capacity 5258K, committed 5504K, reserved 1056768K
  class space    used 557K, capacity 597K, committed 640K, reserved 1048576K
2024-07-16T17:58:57.839+0800: 4.984: [GC (Allocation Failure) 2024-07-16T17:58:57.839+0800: 4.984: [ParNew: 5233K->5233K(6144K), 0.0000131 secs]2024-07-16T17:58:57.839+0800: 4.984: [CMS2024-07-16T17:58:57.839+0800: 4.984: [CMS-concurrent-abortable-preclean: 0.001/0.085 secs] [Times: user=0.00 sys=0.00, real=0.09 secs] 
 (concurrent mode failure): 12479K->1196K(13696K), 0.0026004 secs] 17712K->1196K(19840K), [Metaspace: 5077K->5077K(1056768K)], 0.0026709 secs] [Times: user=0.00 sys=0.00, real=0.00 secs] 
Heap after GC invocations=622 (full 69):
 par new generation   total 6144K, used 0K [0x00000000fec00000, 0x00000000ff2a0000, 0x00000000ff2a0000)
  eden space 5504K,   0% used [0x00000000fec00000, 0x00000000fec00000, 0x00000000ff160000)
  from space 640K,   0% used [0x00000000ff200000, 0x00000000ff200000, 0x00000000ff2a0000)
  to   space 640K,   0% used [0x00000000ff160000, 0x00000000ff160000, 0x00000000ff200000)
 concurrent mark-sweep generation total 13696K, used 1196K [0x00000000ff2a0000, 0x0000000100000000, 0x0000000100000000)
 Metaspace       used 5077K, capacity 5258K, committed 5504K, reserved 1056768K
  class space    used 557K, capacity 597K, committed 640K, reserved 1048576K
}
{Heap before GC invocations=622 (full 69):
 par new generation   total 6144K, used 5229K [0x00000000fec00000, 0x00000000ff2a0000, 0x00000000ff2a0000)
  eden space 5504K,  95% used [0x00000000fec00000, 0x00000000ff11b780, 0x00000000ff160000)
  from space 640K,   0% used [0x00000000ff200000, 0x00000000ff200000, 0x00000000ff2a0000)
  to   space 640K,   0% used [0x00000000ff160000, 0x00000000ff160000, 0x00000000ff200000)
 concurrent mark-sweep generation total 13696K, used 1196K [0x00000000ff2a0000, 0x0000000100000000, 0x0000000100000000)
 Metaspace       used 5077K, capacity 5258K, committed 5504K, reserved 1056768K
  class space    used 557K, capacity 597K, committed 640K, reserved 1048576K
2024-07-16T17:58:57.847+0800: 4.992: [GC (Allocation Failure) 2024-07-16T17:58:57.847+0800: 4.992: [ParNew: 5229K->8K(6144K), 0.0009422 secs] 6426K->2230K(19840K), 0.0010738 secs] [Times: user=0.00 sys=0.00, real=0.00 secs] 
Heap after GC invocations=623 (full 69):
 par new generation   total 6144K, used 8K [0x00000000fec00000, 0x00000000ff2a0000, 0x00000000ff2a0000)
  eden space 5504K,   0% used [0x00000000fec00000, 0x00000000fec00000, 0x00000000ff160000)
  from space 640K,   1% used [0x00000000ff160000, 0x00000000ff162040, 0x00000000ff200000)
  to   space 640K,   0% used [0x00000000ff200000, 0x00000000ff200000, 0x00000000ff2a0000)
 concurrent mark-sweep generation total 13696K, used 2222K [0x00000000ff2a0000, 0x0000000100000000, 0x0000000100000000)
 Metaspace       used 5077K, capacity 5258K, committed 5504K, reserved 1056768K
  class space    used 557K, capacity 597K, committed 640K, reserved 1048576K
}
{Heap before GC invocations=623 (full 69):
 par new generation   total 6144K, used 5237K [0x00000000fec00000, 0x00000000ff2a0000, 0x00000000ff2a0000)
  eden space 5504K,  95% used [0x00000000fec00000, 0x00000000ff11b780, 0x00000000ff160000)
  from space 640K,   1% used [0x00000000ff160000, 0x00000000ff162040, 0x00000000ff200000)
  to   space 640K,   0% used [0x00000000ff200000, 0x00000000ff200000, 0x00000000ff2a0000)
 concurrent mark-sweep generation total 13696K, used 2222K [0x00000000ff2a0000, 0x0000000100000000, 0x0000000100000000)
 Metaspace       used 5077K, capacity 5258K, committed 5504K, reserved 1056768K
  class space    used 557K, capacity 597K, committed 640K, reserved 1048576K
2024-07-16T17:58:57.854+0800: 4.999: [GC (Allocation Failure) 2024-07-16T17:58:57.854+0800: 4.999: [ParNew: 5237K->6K(6144K), 0.0009470 secs] 7460K->3254K(19840K), 0.0010529 secs] [Times: user=0.00 sys=0.00, real=0.00 secs] 
Heap after GC invocations=624 (full 69):
 par new generation   total 6144K, used 6K [0x00000000fec00000, 0x00000000ff2a0000, 0x00000000ff2a0000)
  eden space 5504K,   0% used [0x00000000fec00000, 0x00000000fec00000, 0x00000000ff160000)
  from space 640K,   0% used [0x00000000ff200000, 0x00000000ff201830, 0x00000000ff2a0000)
  to   space 640K,   0% used [0x00000000ff160000, 0x00000000ff160000, 0x00000000ff200000)
 concurrent mark-sweep generation total 13696K, used 3248K [0x00000000ff2a0000, 0x0000000100000000, 0x0000000100000000)
 Metaspace       used 5077K, capacity 5258K, committed 5504K, reserved 1056768K
  class space    used 557K, capacity 597K, committed 640K, reserved 1048576K
}
{Heap before GC invocations=624 (full 69):
 par new generation   total 6144K, used 5235K [0x00000000fec00000, 0x00000000ff2a0000, 0x00000000ff2a0000)
  eden space 5504K,  95% used [0x00000000fec00000, 0x00000000ff11b780, 0x00000000ff160000)
  from space 640K,   0% used [0x00000000ff200000, 0x00000000ff201830, 0x00000000ff2a0000)
  to   space 640K,   0% used [0x00000000ff160000, 0x00000000ff160000, 0x00000000ff200000)
 concurrent mark-sweep generation total 13696K, used 3248K [0x00000000ff2a0000, 0x0000000100000000, 0x0000000100000000)
 Metaspace       used 5077K, capacity 5258K, committed 5504K, reserved 1056768K
  class space    used 557K, capacity 597K, committed 640K, reserved 1048576K
2024-07-16T17:58:57.862+0800: 5.007: [GC (Allocation Failure) 2024-07-16T17:58:57.862+0800: 5.007: [ParNew: 5235K->4K(6144K), 0.0004878 secs] 8484K->3252K(19840K), 0.0005408 secs] [Times: user=0.00 sys=0.00, real=0.00 secs] 
Heap after GC invocations=625 (full 69):
 par new generation   total 6144K, used 4K [0x00000000fec00000, 0x00000000ff2a0000, 0x00000000ff2a0000)
  eden space 5504K,   0% used [0x00000000fec00000, 0x00000000fec00000, 0x00000000ff160000)
  from space 640K,   0% used [0x00000000ff160000, 0x00000000ff161020, 0x00000000ff200000)
  to   space 640K,   0% used [0x00000000ff200000, 0x00000000ff200000, 0x00000000ff2a0000)
 concurrent mark-sweep generation total 13696K, used 3248K [0x00000000ff2a0000, 0x0000000100000000, 0x0000000100000000)
 Metaspace       used 5077K, capacity 5258K, committed 5504K, reserved 1056768K
  class space    used 557K, capacity 597K, committed 640K, reserved 1048576K
}
{Heap before GC invocations=625 (full 69):
 par new generation   total 6144K, used 5233K [0x00000000fec00000, 0x00000000ff2a0000, 0x00000000ff2a0000)
  eden space 5504K,  95% used [0x00000000fec00000, 0x00000000ff11b780, 0x00000000ff160000)
  from space 640K,   0% used [0x00000000ff160000, 0x00000000ff161020, 0x00000000ff200000)
  to   space 640K,   0% used [0x00000000ff200000, 0x00000000ff200000, 0x00000000ff2a0000)
 concurrent mark-sweep generation total 13696K, used 3248K [0x00000000ff2a0000, 0x0000000100000000, 0x0000000100000000)
 Metaspace       used 5077K, capacity 5258K, committed 5504K, reserved 1056768K
  class space    used 557K, capacity 597K, committed 640K, reserved 1048576K
2024-07-16T17:58:57.870+0800: 5.015: [GC (Allocation Failure) 2024-07-16T17:58:57.870+0800: 5.015: [ParNew: 5233K->6K(6144K), 0.0011164 secs] 8482K->4280K(19840K), 0.0012342 secs] [Times: user=0.00 sys=0.00, real=0.00 secs] 
Heap after GC invocations=626 (full 69):
 par new generation   total 6144K, used 6K [0x00000000fec00000, 0x00000000ff2a0000, 0x00000000ff2a0000)
  eden space 5504K,   0% used [0x00000000fec00000, 0x00000000fec00000, 0x00000000ff160000)
  from space 640K,   0% used [0x00000000ff200000, 0x00000000ff201830, 0x00000000ff2a0000)
  to   space 640K,   0% used [0x00000000ff160000, 0x00000000ff160000, 0x00000000ff200000)
 concurrent mark-sweep generation total 13696K, used 4274K [0x00000000ff2a0000, 0x0000000100000000, 0x0000000100000000)
 Metaspace       used 5077K, capacity 5258K, committed 5504K, reserved 1056768K
  class space    used 557K, capacity 597K, committed 640K, reserved 1048576K
}
{Heap before GC invocations=626 (full 69):
 par new generation   total 6144K, used 5235K [0x00000000fec00000, 0x00000000ff2a0000, 0x00000000ff2a0000)
  eden space 5504K,  95% used [0x00000000fec00000, 0x00000000ff11b780, 0x00000000ff160000)
  from space 640K,   0% used [0x00000000ff200000, 0x00000000ff201830, 0x00000000ff2a0000)
  to   space 640K,   0% used [0x00000000ff160000, 0x00000000ff160000, 0x00000000ff200000)
 concurrent mark-sweep generation total 13696K, used 4274K [0x00000000ff2a0000, 0x0000000100000000, 0x0000000100000000)
 Metaspace       used 5077K, capacity 5258K, committed 5504K, reserved 1056768K
  class space    used 557K, capacity 597K, committed 640K, reserved 1048576K
2024-07-16T17:58:57.878+0800: 5.023: [GC (Allocation Failure) 2024-07-16T17:58:57.878+0800: 5.023: [ParNew: 5235K->4K(6144K), 0.0003005 secs] 9510K->4278K(19840K), 0.0003517 secs] [Times: user=0.00 sys=0.00, real=0.00 secs] 
Heap after GC invocations=627 (full 69):
 par new generation   total 6144K, used 4K [0x00000000fec00000, 0x00000000ff2a0000, 0x00000000ff2a0000)
  eden space 5504K,   0% used [0x00000000fec00000, 0x00000000fec00000, 0x00000000ff160000)
  from space 640K,   0% used [0x00000000ff160000, 0x00000000ff161020, 0x00000000ff200000)
  to   space 640K,   0% used [0x00000000ff200000, 0x00000000ff200000, 0x00000000ff2a0000)
 concurrent mark-sweep generation total 13696K, used 4274K [0x00000000ff2a0000, 0x0000000100000000, 0x0000000100000000)
 Metaspace       used 5077K, capacity 5258K, committed 5504K, reserved 1056768K
  class space    used 557K, capacity 597K, committed 640K, reserved 1048576K
}
{Heap before GC invocations=627 (full 69):
 par new generation   total 6144K, used 5233K [0x00000000fec00000, 0x00000000ff2a0000, 0x00000000ff2a0000)
  eden space 5504K,  95% used [0x00000000fec00000, 0x00000000ff11b780, 0x00000000ff160000)
  from space 640K,   0% used [0x00000000ff160000, 0x00000000ff161020, 0x00000000ff200000)
  to   space 640K,   0% used [0x00000000ff200000, 0x00000000ff200000, 0x00000000ff2a0000)
 concurrent mark-sweep generation total 13696K, used 4274K [0x00000000ff2a0000, 0x0000000100000000, 0x0000000100000000)
 Metaspace       used 5077K, capacity 5258K, committed 5504K, reserved 1056768K
  class space    used 557K, capacity 597K, committed 640K, reserved 1048576K
2024-07-16T17:58:57.886+0800: 5.031: [GC (Allocation Failure) 2024-07-16T17:58:57.886+0800: 5.031: [ParNew: 5233K->4K(6144K), 0.0003195 secs] 9508K->4278K(19840K), 0.0004159 secs] [Times: user=0.00 sys=0.00, real=0.00 secs] 
Heap after GC invocations=628 (full 69):
 par new generation   total 6144K, used 4K [0x00000000fec00000, 0x00000000ff2a0000, 0x00000000ff2a0000)
  eden space 5504K,   0% used [0x00000000fec00000, 0x00000000fec00000, 0x00000000ff160000)
  from space 640K,   0% used [0x00000000ff200000, 0x00000000ff201020, 0x00000000ff2a0000)
  to   space 640K,   0% used [0x00000000ff160000, 0x00000000ff160000, 0x00000000ff200000)
 concurrent mark-sweep generation total 13696K, used 4274K [0x00000000ff2a0000, 0x0000000100000000, 0x0000000100000000)
 Metaspace       used 5077K, capacity 5258K, committed 5504K, reserved 1056768K
  class space    used 557K, capacity 597K, committed 640K, reserved 1048576K
}
{Heap before GC invocations=628 (full 69):
 par new generation   total 6144K, used 5233K [0x00000000fec00000, 0x00000000ff2a0000, 0x00000000ff2a0000)
  eden space 5504K,  95% used [0x00000000fec00000, 0x00000000ff11b780, 0x00000000ff160000)
  from space 640K,   0% used [0x00000000ff200000, 0x00000000ff201020, 0x00000000ff2a0000)
  to   space 640K,   0% used [0x00000000ff160000, 0x00000000ff160000, 0x00000000ff200000)
 concurrent mark-sweep generation total 13696K, used 4274K [0x00000000ff2a0000, 0x0000000100000000, 0x0000000100000000)
 Metaspace       used 5077K, capacity 5258K, committed 5504K, reserved 1056768K
  class space    used 557K, capacity 597K, committed 640K, reserved 1048576K
2024-07-16T17:58:57.892+0800: 5.037: [GC (Allocation Failure) 2024-07-16T17:58:57.892+0800: 5.037: [ParNew: 5233K->8K(6144K), 0.0003591 secs] 9508K->5306K(19840K), 0.0004101 secs] [Times: user=0.00 sys=0.00, real=0.00 secs] 
Heap after GC invocations=629 (full 69):
 par new generation   total 6144K, used 8K [0x00000000fec00000, 0x00000000ff2a0000, 0x00000000ff2a0000)
  eden space 5504K,   0% used [0x00000000fec00000, 0x00000000fec00000, 0x00000000ff160000)
  from space 640K,   1% used [0x00000000ff160000, 0x00000000ff162040, 0x00000000ff200000)
  to   space 640K,   0% used [0x00000000ff200000, 0x00000000ff200000, 0x00000000ff2a0000)
 concurrent mark-sweep generation total 13696K, used 5298K [0x00000000ff2a0000, 0x0000000100000000, 0x0000000100000000)
 Metaspace       used 5077K, capacity 5258K, committed 5504K, reserved 1056768K
  class space    used 557K, capacity 597K, committed 640K, reserved 1048576K
}
{Heap before GC invocations=629 (full 69):
 par new generation   total 6144K, used 5237K [0x00000000fec00000, 0x00000000ff2a0000, 0x00000000ff2a0000)
  eden space 5504K,  95% used [0x00000000fec00000, 0x00000000ff11b780, 0x00000000ff160000)
  from space 640K,   1% used [0x00000000ff160000, 0x00000000ff162040, 0x00000000ff200000)
  to   space 640K,   0% used [0x00000000ff200000, 0x00000000ff200000, 0x00000000ff2a0000)
 concurrent mark-sweep generation total 13696K, used 5298K [0x00000000ff2a0000, 0x0000000100000000, 0x0000000100000000)
 Metaspace       used 5077K, capacity 5258K, committed 5504K, reserved 1056768K
  class space    used 557K, capacity 597K, committed 640K, reserved 1048576K
2024-07-16T17:58:57.900+0800: 5.045: [GC (Allocation Failure) 2024-07-16T17:58:57.900+0800: 5.045: [ParNew: 5237K->4K(6144K), 0.0002687 secs] 10536K->5302K(19840K), 0.0003539 secs] [Times: user=0.00 sys=0.00, real=0.00 secs] 
Heap after GC invocations=630 (full 69):
 par new generation   total 6144K, used 4K [0x00000000fec00000, 0x00000000ff2a0000, 0x00000000ff2a0000)
  eden space 5504K,   0% used [0x00000000fec00000, 0x00000000fec00000, 0x00000000ff160000)
  from space 640K,   0% used [0x00000000ff200000, 0x00000000ff201020, 0x00000000ff2a0000)
  to   space 640K,   0% used [0x00000000ff160000, 0x00000000ff160000, 0x00000000ff200000)
 concurrent mark-sweep generation total 13696K, used 5298K [0x00000000ff2a0000, 0x0000000100000000, 0x0000000100000000)
 Metaspace       used 5077K, capacity 5258K, committed 5504K, reserved 1056768K
  class space    used 557K, capacity 597K, committed 640K, reserved 1048576K
}
{Heap before GC invocations=630 (full 69):
 par new generation   total 6144K, used 5233K [0x00000000fec00000, 0x00000000ff2a0000, 0x00000000ff2a0000)
  eden space 5504K,  95% used [0x00000000fec00000, 0x00000000ff11b780, 0x00000000ff160000)
  from space 640K,   0% used [0x00000000ff200000, 0x00000000ff201020, 0x00000000ff2a0000)
  to   space 640K,   0% used [0x00000000ff160000, 0x00000000ff160000, 0x00000000ff200000)
 concurrent mark-sweep generation total 13696K, used 5298K [0x00000000ff2a0000, 0x0000000100000000, 0x0000000100000000)
 Metaspace       used 5077K, capacity 5258K, committed 5504K, reserved 1056768K
  class space    used 557K, capacity 597K, committed 640K, reserved 1048576K
2024-07-16T17:58:57.906+0800: 5.051: [GC (Allocation Failure) 2024-07-16T17:58:57.906+0800: 5.051: [ParNew: 5233K->6K(6144K), 0.0005876 secs] 10532K->6330K(19840K), 0.0006755 secs] [Times: user=0.00 sys=0.00, real=0.00 secs] 
Heap after GC invocations=631 (full 69):
 par new generation   total 6144K, used 6K [0x00000000fec00000, 0x00000000ff2a0000, 0x00000000ff2a0000)
  eden space 5504K,   0% used [0x00000000fec00000, 0x00000000fec00000, 0x00000000ff160000)
  from space 640K,   0% used [0x00000000ff160000, 0x00000000ff161830, 0x00000000ff200000)
  to   space 640K,   0% used [0x00000000ff200000, 0x00000000ff200000, 0x00000000ff2a0000)
 concurrent mark-sweep generation total 13696K, used 6324K [0x00000000ff2a0000, 0x0000000100000000, 0x0000000100000000)
 Metaspace       used 5077K, capacity 5258K, committed 5504K, reserved 1056768K
  class space    used 557K, capacity 597K, committed 640K, reserved 1048576K
}
{Heap before GC invocations=631 (full 69):
 par new generation   total 6144K, used 5235K [0x00000000fec00000, 0x00000000ff2a0000, 0x00000000ff2a0000)
  eden space 5504K,  95% used [0x00000000fec00000, 0x00000000ff11b780, 0x00000000ff160000)
  from space 640K,   0% used [0x00000000ff160000, 0x00000000ff161830, 0x00000000ff200000)
  to   space 640K,   0% used [0x00000000ff200000, 0x00000000ff200000, 0x00000000ff2a0000)
 concurrent mark-sweep generation total 13696K, used 6324K [0x00000000ff2a0000, 0x0000000100000000, 0x0000000100000000)
 Metaspace       used 5077K, capacity 5258K, committed 5504K, reserved 1056768K
  class space    used 557K, capacity 597K, committed 640K, reserved 1048576K
2024-07-16T17:58:57.915+0800: 5.060: [GC (Allocation Failure) 2024-07-16T17:58:57.915+0800: 5.060: [ParNew: 5235K->6K(6144K), 0.0003935 secs] 11560K->7354K(19840K), 0.0004422 secs] [Times: user=0.00 sys=0.00, real=0.00 secs] 
Heap after GC invocations=632 (full 69):
 par new generation   total 6144K, used 6K [0x00000000fec00000, 0x00000000ff2a0000, 0x00000000ff2a0000)
  eden space 5504K,   0% used [0x00000000fec00000, 0x00000000fec00000, 0x00000000ff160000)
  from space 640K,   0% used [0x00000000ff200000, 0x00000000ff201830, 0x00000000ff2a0000)
  to   space 640K,   0% used [0x00000000ff160000, 0x00000000ff160000, 0x00000000ff200000)
 concurrent mark-sweep generation total 13696K, used 7348K [0x00000000ff2a0000, 0x0000000100000000, 0x0000000100000000)
 Metaspace       used 5077K, capacity 5258K, committed 5504K, reserved 1056768K
  class space    used 557K, capacity 597K, committed 640K, reserved 1048576K
}
{Heap before GC invocations=632 (full 69):
 par new generation   total 6144K, used 5235K [0x00000000fec00000, 0x00000000ff2a0000, 0x00000000ff2a0000)
  eden space 5504K,  95% used [0x00000000fec00000, 0x00000000ff11b780, 0x00000000ff160000)
  from space 640K,   0% used [0x00000000ff200000, 0x00000000ff201830, 0x00000000ff2a0000)
  to   space 640K,   0% used [0x00000000ff160000, 0x00000000ff160000, 0x00000000ff200000)
 concurrent mark-sweep generation total 13696K, used 7348K [0x00000000ff2a0000, 0x0000000100000000, 0x0000000100000000)
 Metaspace       used 5077K, capacity 5258K, committed 5504K, reserved 1056768K
  class space    used 557K, capacity 597K, committed 640K, reserved 1048576K
2024-07-16T17:58:57.923+0800: 5.068: [GC (Allocation Failure) 2024-07-16T17:58:57.923+0800: 5.068: [ParNew: 5235K->4K(6144K), 0.0006256 secs] 12584K->7352K(19840K), 0.0008091 secs] [Times: user=0.00 sys=0.00, real=0.00 secs] 
Heap after GC invocations=633 (full 69):
 par new generation   total 6144K, used 4K [0x00000000fec00000, 0x00000000ff2a0000, 0x00000000ff2a0000)
  eden space 5504K,   0% used [0x00000000fec00000, 0x00000000fec00000, 0x00000000ff160000)
  from space 640K,   0% used [0x00000000ff160000, 0x00000000ff161020, 0x00000000ff200000)
  to   space 640K,   0% used [0x00000000ff200000, 0x00000000ff200000, 0x00000000ff2a0000)
 concurrent mark-sweep generation total 13696K, used 7348K [0x00000000ff2a0000, 0x0000000100000000, 0x0000000100000000)
 Metaspace       used 5077K, capacity 5258K, committed 5504K, reserved 1056768K
  class space    used 557K, capacity 597K, committed 640K, reserved 1048576K
}
{Heap before GC invocations=633 (full 69):
 par new generation   total 6144K, used 5233K [0x00000000fec00000, 0x00000000ff2a0000, 0x00000000ff2a0000)
  eden space 5504K,  95% used [0x00000000fec00000, 0x00000000ff11b780, 0x00000000ff160000)
  from space 640K,   0% used [0x00000000ff160000, 0x00000000ff161020, 0x00000000ff200000)
  to   space 640K,   0% used [0x00000000ff200000, 0x00000000ff200000, 0x00000000ff2a0000)
 concurrent mark-sweep generation total 13696K, used 7348K [0x00000000ff2a0000, 0x0000000100000000, 0x0000000100000000)
 Metaspace       used 5077K, capacity 5258K, committed 5504K, reserved 1056768K
  class space    used 557K, capacity 597K, committed 640K, reserved 1048576K
2024-07-16T17:58:57.932+0800: 5.077: [GC (Allocation Failure) 2024-07-16T17:58:57.932+0800: 5.077: [ParNew: 5233K->2K(6144K), 0.0004603 secs] 12582K->7350K(19840K), 0.0005316 secs] [Times: user=0.00 sys=0.00, real=0.00 secs] 
Heap after GC invocations=634 (full 69):
 par new generation   total 6144K, used 2K [0x00000000fec00000, 0x00000000ff2a0000, 0x00000000ff2a0000)
  eden space 5504K,   0% used [0x00000000fec00000, 0x00000000fec00000, 0x00000000ff160000)
  from space 640K,   0% used [0x00000000ff200000, 0x00000000ff200810, 0x00000000ff2a0000)
  to   space 640K,   0% used [0x00000000ff160000, 0x00000000ff160000, 0x00000000ff200000)
 concurrent mark-sweep generation total 13696K, used 7348K [0x00000000ff2a0000, 0x0000000100000000, 0x0000000100000000)
 Metaspace       used 5077K, capacity 5258K, committed 5504K, reserved 1056768K
  class space    used 557K, capacity 597K, committed 640K, reserved 1048576K
}
{Heap before GC invocations=634 (full 69):
 par new generation   total 6144K, used 5231K [0x00000000fec00000, 0x00000000ff2a0000, 0x00000000ff2a0000)
  eden space 5504K,  95% used [0x00000000fec00000, 0x00000000ff11b780, 0x00000000ff160000)
  from space 640K,   0% used [0x00000000ff200000, 0x00000000ff200810, 0x00000000ff2a0000)
  to   space 640K,   0% used [0x00000000ff160000, 0x00000000ff160000, 0x00000000ff200000)
 concurrent mark-sweep generation total 13696K, used 7348K [0x00000000ff2a0000, 0x0000000100000000, 0x0000000100000000)
 Metaspace       used 5077K, capacity 5258K, committed 5504K, reserved 1056768K
  class space    used 557K, capacity 597K, committed 640K, reserved 1048576K
2024-07-16T17:58:57.938+0800: 5.083: [GC (Allocation Failure) 2024-07-16T17:58:57.938+0800: 5.083: [ParNew: 5231K->8K(6144K), 0.0005024 secs] 12580K->8382K(19840K), 0.0006884 secs] [Times: user=0.00 sys=0.00, real=0.00 secs] 
Heap after GC invocations=635 (full 69):
 par new generation   total 6144K, used 8K [0x00000000fec00000, 0x00000000ff2a0000, 0x00000000ff2a0000)
  eden space 5504K,   0% used [0x00000000fec00000, 0x00000000fec00000, 0x00000000ff160000)
  from space 640K,   1% used [0x00000000ff160000, 0x00000000ff162040, 0x00000000ff200000)
  to   space 640K,   0% used [0x00000000ff200000, 0x00000000ff200000, 0x00000000ff2a0000)
 concurrent mark-sweep generation total 13696K, used 8374K [0x00000000ff2a0000, 0x0000000100000000, 0x0000000100000000)
 Metaspace       used 5077K, capacity 5258K, committed 5504K, reserved 1056768K
  class space    used 557K, capacity 597K, committed 640K, reserved 1048576K
}
2024-07-16T17:58:57.939+0800: 5.084: [GC (CMS Initial Mark) [1 CMS-initial-mark: 8374K(13696K)] 9406K(19840K), 0.0004868 secs] [Times: user=0.00 sys=0.00, real=0.00 secs] 
2024-07-16T17:58:57.939+0800: 5.085: [CMS-concurrent-mark-start]
2024-07-16T17:58:57.944+0800: 5.090: [CMS-concurrent-mark: 0.005/0.005 secs] [Times: user=0.00 sys=0.00, real=0.01 secs] 
2024-07-16T17:58:57.944+0800: 5.090: [CMS-concurrent-preclean-start]
2024-07-16T17:58:57.944+0800: 5.090: [CMS-concurrent-preclean: 0.000/0.000 secs] [Times: user=0.00 sys=0.00, real=0.00 secs] 
2024-07-16T17:58:57.944+0800: 5.090: [CMS-concurrent-abortable-preclean-start]
{Heap before GC invocations=635 (full 70):
 par new generation   total 6144K, used 5237K [0x00000000fec00000, 0x00000000ff2a0000, 0x00000000ff2a0000)
  eden space 5504K,  95% used [0x00000000fec00000, 0x00000000ff11b780, 0x00000000ff160000)
  from space 640K,   1% used [0x00000000ff160000, 0x00000000ff162040, 0x00000000ff200000)
  to   space 640K,   0% used [0x00000000ff200000, 0x00000000ff200000, 0x00000000ff2a0000)
 concurrent mark-sweep generation total 13696K, used 8374K [0x00000000ff2a0000, 0x0000000100000000, 0x0000000100000000)
 Metaspace       used 5077K, capacity 5258K, committed 5504K, reserved 1056768K
  class space    used 557K, capacity 597K, committed 640K, reserved 1048576K
2024-07-16T17:58:57.946+0800: 5.091: [GC (Allocation Failure) 2024-07-16T17:58:57.946+0800: 5.091: [ParNew: 5237K->6K(6144K), 0.0011211 secs] 13612K->9404K(19840K), 0.0012140 secs] [Times: user=0.00 sys=0.00, real=0.00 secs] 
Heap after GC invocations=636 (full 70):
 par new generation   total 6144K, used 6K [0x00000000fec00000, 0x00000000ff2a0000, 0x00000000ff2a0000)
  eden space 5504K,   0% used [0x00000000fec00000, 0x00000000fec00000, 0x00000000ff160000)
  from space 640K,   0% used [0x00000000ff200000, 0x00000000ff201830, 0x00000000ff2a0000)
  to   space 640K,   0% used [0x00000000ff160000, 0x00000000ff160000, 0x00000000ff200000)
 concurrent mark-sweep generation total 13696K, used 9398K [0x00000000ff2a0000, 0x0000000100000000, 0x0000000100000000)
 Metaspace       used 5077K, capacity 5258K, committed 5504K, reserved 1056768K
  class space    used 557K, capacity 597K, committed 640K, reserved 1048576K
}
{Heap before GC invocations=636 (full 70):
 par new generation   total 6144K, used 5235K [0x00000000fec00000, 0x00000000ff2a0000, 0x00000000ff2a0000)
  eden space 5504K,  95% used [0x00000000fec00000, 0x00000000ff11b780, 0x00000000ff160000)
  from space 640K,   0% used [0x00000000ff200000, 0x00000000ff201830, 0x00000000ff2a0000)
  to   space 640K,   0% used [0x00000000ff160000, 0x00000000ff160000, 0x00000000ff200000)
 concurrent mark-sweep generation total 13696K, used 9398K [0x00000000ff2a0000, 0x0000000100000000, 0x0000000100000000)
 Metaspace       used 5077K, capacity 5258K, committed 5504K, reserved 1056768K
  class space    used 557K, capacity 597K, committed 640K, reserved 1048576K
2024-07-16T17:58:57.955+0800: 5.100: [GC (Allocation Failure) 2024-07-16T17:58:57.955+0800: 5.100: [ParNew: 5235K->4K(6144K), 0.0003238 secs] 14634K->9402K(19840K), 0.0003875 secs] [Times: user=0.00 sys=0.00, real=0.00 secs] 
Heap after GC invocations=637 (full 70):
 par new generation   total 6144K, used 4K [0x00000000fec00000, 0x00000000ff2a0000, 0x00000000ff2a0000)
  eden space 5504K,   0% used [0x00000000fec00000, 0x00000000fec00000, 0x00000000ff160000)
  from space 640K,   0% used [0x00000000ff160000, 0x00000000ff161020, 0x00000000ff200000)
  to   space 640K,   0% used [0x00000000ff200000, 0x00000000ff200000, 0x00000000ff2a0000)
 concurrent mark-sweep generation total 13696K, used 9398K [0x00000000ff2a0000, 0x0000000100000000, 0x0000000100000000)
 Metaspace       used 5077K, capacity 5258K, committed 5504K, reserved 1056768K
  class space    used 557K, capacity 597K, committed 640K, reserved 1048576K
}
{Heap before GC invocations=637 (full 70):
 par new generation   total 6144K, used 5233K [0x00000000fec00000, 0x00000000ff2a0000, 0x00000000ff2a0000)
  eden space 5504K,  95% used [0x00000000fec00000, 0x00000000ff11b780, 0x00000000ff160000)
  from space 640K,   0% used [0x00000000ff160000, 0x00000000ff161020, 0x00000000ff200000)
  to   space 640K,   0% used [0x00000000ff200000, 0x00000000ff200000, 0x00000000ff2a0000)
 concurrent mark-sweep generation total 13696K, used 9398K [0x00000000ff2a0000, 0x0000000100000000, 0x0000000100000000)
 Metaspace       used 5077K, capacity 5258K, committed 5504K, reserved 1056768K
  class space    used 557K, capacity 597K, committed 640K, reserved 1048576K
2024-07-16T17:58:57.962+0800: 5.107: [GC (Allocation Failure) 2024-07-16T17:58:57.962+0800: 5.107: [ParNew: 5233K->4K(6144K), 0.0003559 secs] 14632K->9402K(19840K), 0.0004383 secs] [Times: user=0.00 sys=0.00, real=0.00 secs] 
Heap after GC invocations=638 (full 70):
 par new generation   total 6144K, used 4K [0x00000000fec00000, 0x00000000ff2a0000, 0x00000000ff2a0000)
  eden space 5504K,   0% used [0x00000000fec00000, 0x00000000fec00000, 0x00000000ff160000)
  from space 640K,   0% used [0x00000000ff200000, 0x00000000ff201020, 0x00000000ff2a0000)
  to   space 640K,   0% used [0x00000000ff160000, 0x00000000ff160000, 0x00000000ff200000)
 concurrent mark-sweep generation total 13696K, used 9398K [0x00000000ff2a0000, 0x0000000100000000, 0x0000000100000000)
 Metaspace       used 5077K, capacity 5258K, committed 5504K, reserved 1056768K
  class space    used 557K, capacity 597K, committed 640K, reserved 1048576K
}
{Heap before GC invocations=638 (full 70):
 par new generation   total 6144K, used 5233K [0x00000000fec00000, 0x00000000ff2a0000, 0x00000000ff2a0000)
  eden space 5504K,  95% used [0x00000000fec00000, 0x00000000ff11b780, 0x00000000ff160000)
  from space 640K,   0% used [0x00000000ff200000, 0x00000000ff201020, 0x00000000ff2a0000)
  to   space 640K,   0% used [0x00000000ff160000, 0x00000000ff160000, 0x00000000ff200000)
 concurrent mark-sweep generation total 13696K, used 9398K [0x00000000ff2a0000, 0x0000000100000000, 0x0000000100000000)
 Metaspace       used 5077K, capacity 5258K, committed 5504K, reserved 1056768K
  class space    used 557K, capacity 597K, committed 640K, reserved 1048576K
2024-07-16T17:58:57.971+0800: 5.116: [GC (Allocation Failure) 2024-07-16T17:58:57.971+0800: 5.116: [ParNew: 5233K->4K(6144K), 0.0002830 secs] 14632K->9402K(19840K), 0.0003539 secs] [Times: user=0.00 sys=0.00, real=0.00 secs] 
Heap after GC invocations=639 (full 70):
 par new generation   total 6144K, used 4K [0x00000000fec00000, 0x00000000ff2a0000, 0x00000000ff2a0000)
  eden space 5504K,   0% used [0x00000000fec00000, 0x00000000fec00000, 0x00000000ff160000)
  from space 640K,   0% used [0x00000000ff160000, 0x00000000ff161020, 0x00000000ff200000)
  to   space 640K,   0% used [0x00000000ff200000, 0x00000000ff200000, 0x00000000ff2a0000)
 concurrent mark-sweep generation total 13696K, used 9398K [0x00000000ff2a0000, 0x0000000100000000, 0x0000000100000000)
 Metaspace       used 5077K, capacity 5258K, committed 5504K, reserved 1056768K
  class space    used 557K, capacity 597K, committed 640K, reserved 1048576K
}
{Heap before GC invocations=639 (full 70):
 par new generation   total 6144K, used 5233K [0x00000000fec00000, 0x00000000ff2a0000, 0x00000000ff2a0000)
  eden space 5504K,  95% used [0x00000000fec00000, 0x00000000ff11b780, 0x00000000ff160000)
  from space 640K,   0% used [0x00000000ff160000, 0x00000000ff161020, 0x00000000ff200000)
  to   space 640K,   0% used [0x00000000ff200000, 0x00000000ff200000, 0x00000000ff2a0000)
 concurrent mark-sweep generation total 13696K, used 9398K [0x00000000ff2a0000, 0x0000000100000000, 0x0000000100000000)
 Metaspace       used 5077K, capacity 5258K, committed 5504K, reserved 1056768K
  class space    used 557K, capacity 597K, committed 640K, reserved 1048576K
2024-07-16T17:58:57.978+0800: 5.123: [GC (Allocation Failure) 2024-07-16T17:58:57.978+0800: 5.123: [ParNew: 5233K->4K(6144K), 0.0002841 secs] 14632K->9402K(19840K), 0.0003702 secs] [Times: user=0.00 sys=0.00, real=0.00 secs] 
Heap after GC invocations=640 (full 70):
 par new generation   total 6144K, used 4K [0x00000000fec00000, 0x00000000ff2a0000, 0x00000000ff2a0000)
  eden space 5504K,   0% used [0x00000000fec00000, 0x00000000fec00000, 0x00000000ff160000)
  from space 640K,   0% used [0x00000000ff200000, 0x00000000ff201020, 0x00000000ff2a0000)
  to   space 640K,   0% used [0x00000000ff160000, 0x00000000ff160000, 0x00000000ff200000)
 concurrent mark-sweep generation total 13696K, used 9398K [0x00000000ff2a0000, 0x0000000100000000, 0x0000000100000000)
 Metaspace       used 5077K, capacity 5258K, committed 5504K, reserved 1056768K
  class space    used 557K, capacity 597K, committed 640K, reserved 1048576K
}
{Heap before GC invocations=640 (full 70):
 par new generation   total 6144K, used 5233K [0x00000000fec00000, 0x00000000ff2a0000, 0x00000000ff2a0000)
  eden space 5504K,  95% used [0x00000000fec00000, 0x00000000ff11b780, 0x00000000ff160000)
  from space 640K,   0% used [0x00000000ff200000, 0x00000000ff201020, 0x00000000ff2a0000)
  to   space 640K,   0% used [0x00000000ff160000, 0x00000000ff160000, 0x00000000ff200000)
 concurrent mark-sweep generation total 13696K, used 9398K [0x00000000ff2a0000, 0x0000000100000000, 0x0000000100000000)
 Metaspace       used 5077K, capacity 5258K, committed 5504K, reserved 1056768K
  class space    used 557K, capacity 597K, committed 640K, reserved 1048576K
2024-07-16T17:58:57.985+0800: 5.130: [GC (Allocation Failure) 2024-07-16T17:58:57.985+0800: 5.130: [ParNew: 5233K->6K(6144K), 0.0007289 secs] 14632K->10428K(19840K), 0.0007837 secs] [Times: user=0.00 sys=0.00, real=0.00 secs] 
Heap after GC invocations=641 (full 70):
 par new generation   total 6144K, used 6K [0x00000000fec00000, 0x00000000ff2a0000, 0x00000000ff2a0000)
  eden space 5504K,   0% used [0x00000000fec00000, 0x00000000fec00000, 0x00000000ff160000)
  from space 640K,   0% used [0x00000000ff160000, 0x00000000ff161830, 0x00000000ff200000)
  to   space 640K,   0% used [0x00000000ff200000, 0x00000000ff200000, 0x00000000ff2a0000)
 concurrent mark-sweep generation total 13696K, used 10422K [0x00000000ff2a0000, 0x0000000100000000, 0x0000000100000000)
 Metaspace       used 5077K, capacity 5258K, committed 5504K, reserved 1056768K
  class space    used 557K, capacity 597K, committed 640K, reserved 1048576K
}
{Heap before GC invocations=641 (full 70):
 par new generation   total 6144K, used 5235K [0x00000000fec00000, 0x00000000ff2a0000, 0x00000000ff2a0000)
  eden space 5504K,  95% used [0x00000000fec00000, 0x00000000ff11b780, 0x00000000ff160000)
  from space 640K,   0% used [0x00000000ff160000, 0x00000000ff161830, 0x00000000ff200000)
  to   space 640K,   0% used [0x00000000ff200000, 0x00000000ff200000, 0x00000000ff2a0000)
 concurrent mark-sweep generation total 13696K, used 10422K [0x00000000ff2a0000, 0x0000000100000000, 0x0000000100000000)
 Metaspace       used 5077K, capacity 5258K, committed 5504K, reserved 1056768K
  class space    used 557K, capacity 597K, committed 640K, reserved 1048576K
2024-07-16T17:58:57.994+0800: 5.139: [GC (Allocation Failure) 2024-07-16T17:58:57.994+0800: 5.139: [ParNew: 5235K->4K(6144K), 0.0003178 secs] 15658K->10426K(19840K), 0.0003532 secs] [Times: user=0.00 sys=0.00, real=0.00 secs] 
Heap after GC invocations=642 (full 70):
 par new generation   total 6144K, used 4K [0x00000000fec00000, 0x00000000ff2a0000, 0x00000000ff2a0000)
  eden space 5504K,   0% used [0x00000000fec00000, 0x00000000fec00000, 0x00000000ff160000)
  from space 640K,   0% used [0x00000000ff200000, 0x00000000ff201020, 0x00000000ff2a0000)
  to   space 640K,   0% used [0x00000000ff160000, 0x00000000ff160000, 0x00000000ff200000)
 concurrent mark-sweep generation total 13696K, used 10422K [0x00000000ff2a0000, 0x0000000100000000, 0x0000000100000000)
 Metaspace       used 5077K, capacity 5258K, committed 5504K, reserved 1056768K
  class space    used 557K, capacity 597K, committed 640K, reserved 1048576K
}
{Heap before GC invocations=642 (full 70):
 par new generation   total 6144K, used 5233K [0x00000000fec00000, 0x00000000ff2a0000, 0x00000000ff2a0000)
  eden space 5504K,  95% used [0x00000000fec00000, 0x00000000ff11b780, 0x00000000ff160000)
  from space 640K,   0% used [0x00000000ff200000, 0x00000000ff201020, 0x00000000ff2a0000)
  to   space 640K,   0% used [0x00000000ff160000, 0x00000000ff160000, 0x00000000ff200000)
 concurrent mark-sweep generation total 13696K, used 10422K [0x00000000ff2a0000, 0x0000000100000000, 0x0000000100000000)
 Metaspace       used 5077K, capacity 5258K, committed 5504K, reserved 1056768K
  class space    used 557K, capacity 597K, committed 640K, reserved 1048576K
2024-07-16T17:58:58.001+0800: 5.146: [GC (Allocation Failure) 2024-07-16T17:58:58.001+0800: 5.146: [ParNew: 5233K->4K(6144K), 0.0003898 secs] 15656K->10426K(19840K), 0.0004821 secs] [Times: user=0.00 sys=0.00, real=0.00 secs] 
Heap after GC invocations=643 (full 70):
 par new generation   total 6144K, used 4K [0x00000000fec00000, 0x00000000ff2a0000, 0x00000000ff2a0000)
  eden space 5504K,   0% used [0x00000000fec00000, 0x00000000fec00000, 0x00000000ff160000)
  from space 640K,   0% used [0x00000000ff160000, 0x00000000ff161020, 0x00000000ff200000)
  to   space 640K,   0% used [0x00000000ff200000, 0x00000000ff200000, 0x00000000ff2a0000)
 concurrent mark-sweep generation total 13696K, used 10422K [0x00000000ff2a0000, 0x0000000100000000, 0x0000000100000000)
 Metaspace       used 5077K, capacity 5258K, committed 5504K, reserved 1056768K
  class space    used 557K, capacity 597K, committed 640K, reserved 1048576K
}
{Heap before GC invocations=643 (full 70):
 par new generation   total 6144K, used 5233K [0x00000000fec00000, 0x00000000ff2a0000, 0x00000000ff2a0000)
  eden space 5504K,  95% used [0x00000000fec00000, 0x00000000ff11b780, 0x00000000ff160000)
  from space 640K,   0% used [0x00000000ff160000, 0x00000000ff161020, 0x00000000ff200000)
  to   space 640K,   0% used [0x00000000ff200000, 0x00000000ff200000, 0x00000000ff2a0000)
 concurrent mark-sweep generation total 13696K, used 10422K [0x00000000ff2a0000, 0x0000000100000000, 0x0000000100000000)
 Metaspace       used 5077K, capacity 5258K, committed 5504K, reserved 1056768K
  class space    used 557K, capacity 597K, committed 640K, reserved 1048576K
2024-07-16T17:58:58.007+0800: 5.152: [GC (Allocation Failure) 2024-07-16T17:58:58.007+0800: 5.152: [ParNew: 5233K->6K(6144K), 0.0005097 secs] 15656K->11454K(19840K), 0.0005442 secs] [Times: user=0.00 sys=0.00, real=0.00 secs] 
Heap after GC invocations=644 (full 70):
 par new generation   total 6144K, used 6K [0x00000000fec00000, 0x00000000ff2a0000, 0x00000000ff2a0000)
  eden space 5504K,   0% used [0x00000000fec00000, 0x00000000fec00000, 0x00000000ff160000)
  from space 640K,   0% used [0x00000000ff200000, 0x00000000ff201830, 0x00000000ff2a0000)
  to   space 640K,   0% used [0x00000000ff160000, 0x00000000ff160000, 0x00000000ff200000)
 concurrent mark-sweep generation total 13696K, used 11448K [0x00000000ff2a0000, 0x0000000100000000, 0x0000000100000000)
 Metaspace       used 5077K, capacity 5258K, committed 5504K, reserved 1056768K
  class space    used 557K, capacity 597K, committed 640K, reserved 1048576K
}
{Heap before GC invocations=644 (full 70):
 par new generation   total 6144K, used 5235K [0x00000000fec00000, 0x00000000ff2a0000, 0x00000000ff2a0000)
  eden space 5504K,  95% used [0x00000000fec00000, 0x00000000ff11b780, 0x00000000ff160000)
  from space 640K,   0% used [0x00000000ff200000, 0x00000000ff201830, 0x00000000ff2a0000)
  to   space 640K,   0% used [0x00000000ff160000, 0x00000000ff160000, 0x00000000ff200000)
 concurrent mark-sweep generation total 13696K, used 11448K [0x00000000ff2a0000, 0x0000000100000000, 0x0000000100000000)
 Metaspace       used 5077K, capacity 5258K, committed 5504K, reserved 1056768K
  class space    used 557K, capacity 597K, committed 640K, reserved 1048576K
2024-07-16T17:58:58.015+0800: 5.160: [GC (Allocation Failure) 2024-07-16T17:58:58.015+0800: 5.160: [ParNew: 5235K->4K(6144K), 0.0004801 secs] 16684K->11452K(19840K), 0.0005800 secs] [Times: user=0.00 sys=0.00, real=0.00 secs] 
Heap after GC invocations=645 (full 70):
 par new generation   total 6144K, used 4K [0x00000000fec00000, 0x00000000ff2a0000, 0x00000000ff2a0000)
  eden space 5504K,   0% used [0x00000000fec00000, 0x00000000fec00000, 0x00000000ff160000)
  from space 640K,   0% used [0x00000000ff160000, 0x00000000ff161020, 0x00000000ff200000)
  to   space 640K,   0% used [0x00000000ff200000, 0x00000000ff200000, 0x00000000ff2a0000)
 concurrent mark-sweep generation total 13696K, used 11448K [0x00000000ff2a0000, 0x0000000100000000, 0x0000000100000000)
 Metaspace       used 5077K, capacity 5258K, committed 5504K, reserved 1056768K
  class space    used 557K, capacity 597K, committed 640K, reserved 1048576K
}
{Heap before GC invocations=645 (full 70):
 par new generation   total 6144K, used 5233K [0x00000000fec00000, 0x00000000ff2a0000, 0x00000000ff2a0000)
  eden space 5504K,  95% used [0x00000000fec00000, 0x00000000ff11b780, 0x00000000ff160000)
  from space 640K,   0% used [0x00000000ff160000, 0x00000000ff161020, 0x00000000ff200000)
  to   space 640K,   0% used [0x00000000ff200000, 0x00000000ff200000, 0x00000000ff2a0000)
 concurrent mark-sweep generation total 13696K, used 11448K [0x00000000ff2a0000, 0x0000000100000000, 0x0000000100000000)
 Metaspace       used 5077K, capacity 5258K, committed 5504K, reserved 1056768K
  class space    used 557K, capacity 597K, committed 640K, reserved 1048576K
2024-07-16T17:58:58.023+0800: 5.168: [GC (Allocation Failure) 2024-07-16T17:58:58.023+0800: 5.168: [ParNew: 5233K->6K(6144K), 0.0008502 secs] 16682K->12478K(19840K), 0.0009253 secs] [Times: user=0.00 sys=0.00, real=0.00 secs] 
Heap after GC invocations=646 (full 70):
 par new generation   total 6144K, used 6K [0x00000000fec00000, 0x00000000ff2a0000, 0x00000000ff2a0000)
  eden space 5504K,   0% used [0x00000000fec00000, 0x00000000fec00000, 0x00000000ff160000)
  from space 640K,   0% used [0x00000000ff200000, 0x00000000ff201830, 0x00000000ff2a0000)
  to   space 640K,   0% used [0x00000000ff160000, 0x00000000ff160000, 0x00000000ff200000)
 concurrent mark-sweep generation total 13696K, used 12472K [0x00000000ff2a0000, 0x0000000100000000, 0x0000000100000000)
 Metaspace       used 5077K, capacity 5258K, committed 5504K, reserved 1056768K
  class space    used 557K, capacity 597K, committed 640K, reserved 1048576K
}
{Heap before GC invocations=646 (full 70):
 par new generation   total 6144K, used 5235K [0x00000000fec00000, 0x00000000ff2a0000, 0x00000000ff2a0000)
  eden space 5504K,  95% used [0x00000000fec00000, 0x00000000ff11b780, 0x00000000ff160000)
  from space 640K,   0% used [0x00000000ff200000, 0x00000000ff201830, 0x00000000ff2a0000)
  to   space 640K,   0% used [0x00000000ff160000, 0x00000000ff160000, 0x00000000ff200000)
 concurrent mark-sweep generation total 13696K, used 12472K [0x00000000ff2a0000, 0x0000000100000000, 0x0000000100000000)
 Metaspace       used 5077K, capacity 5258K, committed 5504K, reserved 1056768K
  class space    used 557K, capacity 597K, committed 640K, reserved 1048576K
2024-07-16T17:58:58.031+0800: 5.176: [GC (Allocation Failure) 2024-07-16T17:58:58.031+0800: 5.176: [ParNew: 5235K->5235K(6144K), 0.0000464 secs]2024-07-16T17:58:58.031+0800: 5.176: [CMS2024-07-16T17:58:58.031+0800: 5.176: [CMS-concurrent-abortable-preclean: 0.001/0.087 secs] [Times: user=0.03 sys=0.00, real=0.09 secs] 
 (concurrent mode failure): 12472K->2220K(13696K), 0.0043662 secs] 17708K->2220K(19840K), [Metaspace: 5077K->5077K(1056768K)], 0.0045578 secs] [Times: user=0.01 sys=0.00, real=0.00 secs] 
Heap after GC invocations=647 (full 71):
 par new generation   total 6144K, used 0K [0x00000000fec00000, 0x00000000ff2a0000, 0x00000000ff2a0000)
  eden space 5504K,   0% used [0x00000000fec00000, 0x00000000fec00000, 0x00000000ff160000)
  from space 640K,   0% used [0x00000000ff200000, 0x00000000ff200000, 0x00000000ff2a0000)
  to   space 640K,   0% used [0x00000000ff160000, 0x00000000ff160000, 0x00000000ff200000)
 concurrent mark-sweep generation total 13696K, used 2220K [0x00000000ff2a0000, 0x0000000100000000, 0x0000000100000000)
 Metaspace       used 5077K, capacity 5258K, committed 5504K, reserved 1056768K
  class space    used 557K, capacity 597K, committed 640K, reserved 1048576K
}
{Heap before GC invocations=647 (full 71):
 par new generation   total 6144K, used 5229K [0x00000000fec00000, 0x00000000ff2a0000, 0x00000000ff2a0000)
  eden space 5504K,  95% used [0x00000000fec00000, 0x00000000ff11b780, 0x00000000ff160000)
  from space 640K,   0% used [0x00000000ff200000, 0x00000000ff200000, 0x00000000ff2a0000)
  to   space 640K,   0% used [0x00000000ff160000, 0x00000000ff160000, 0x00000000ff200000)
 concurrent mark-sweep generation total 13696K, used 2220K [0x00000000ff2a0000, 0x0000000100000000, 0x0000000100000000)
 Metaspace       used 5077K, capacity 5258K, committed 5504K, reserved 1056768K
  class space    used 557K, capacity 597K, committed 640K, reserved 1048576K
2024-07-16T17:58:58.042+0800: 5.187: [GC (Allocation Failure) 2024-07-16T17:58:58.042+0800: 5.187: [ParNew: 5229K->6K(6144K), 0.0006909 secs] 7450K->3252K(19840K), 0.0007445 secs] [Times: user=0.00 sys=0.00, real=0.00 secs] 
Heap after GC invocations=648 (full 71):
 par new generation   total 6144K, used 6K [0x00000000fec00000, 0x00000000ff2a0000, 0x00000000ff2a0000)
  eden space 5504K,   0% used [0x00000000fec00000, 0x00000000fec00000, 0x00000000ff160000)
  from space 640K,   0% used [0x00000000ff160000, 0x00000000ff161830, 0x00000000ff200000)
  to   space 640K,   0% used [0x00000000ff200000, 0x00000000ff200000, 0x00000000ff2a0000)
 concurrent mark-sweep generation total 13696K, used 3246K [0x00000000ff2a0000, 0x0000000100000000, 0x0000000100000000)
 Metaspace       used 5077K, capacity 5258K, committed 5504K, reserved 1056768K
  class space    used 557K, capacity 597K, committed 640K, reserved 1048576K
}
{Heap before GC invocations=648 (full 71):
 par new generation   total 6144K, used 5235K [0x00000000fec00000, 0x00000000ff2a0000, 0x00000000ff2a0000)
  eden space 5504K,  95% used [0x00000000fec00000, 0x00000000ff11b780, 0x00000000ff160000)
  from space 640K,   0% used [0x00000000ff160000, 0x00000000ff161830, 0x00000000ff200000)
  to   space 640K,   0% used [0x00000000ff200000, 0x00000000ff200000, 0x00000000ff2a0000)
 concurrent mark-sweep generation total 13696K, used 3246K [0x00000000ff2a0000, 0x0000000100000000, 0x0000000100000000)
 Metaspace       used 5077K, capacity 5258K, committed 5504K, reserved 1056768K
  class space    used 557K, capacity 597K, committed 640K, reserved 1048576K
2024-07-16T17:58:58.051+0800: 5.196: [GC (Allocation Failure) 2024-07-16T17:58:58.051+0800: 5.196: [ParNew: 5235K->8K(6144K), 0.0004881 secs] 8482K->4280K(19840K), 0.0005450 secs] [Times: user=0.00 sys=0.00, real=0.00 secs] 
Heap after GC invocations=649 (full 71):
 par new generation   total 6144K, used 8K [0x00000000fec00000, 0x00000000ff2a0000, 0x00000000ff2a0000)
  eden space 5504K,   0% used [0x00000000fec00000, 0x00000000fec00000, 0x00000000ff160000)
  from space 640K,   1% used [0x00000000ff200000, 0x00000000ff202040, 0x00000000ff2a0000)
  to   space 640K,   0% used [0x00000000ff160000, 0x00000000ff160000, 0x00000000ff200000)
 concurrent mark-sweep generation total 13696K, used 4272K [0x00000000ff2a0000, 0x0000000100000000, 0x0000000100000000)
 Metaspace       used 5077K, capacity 5258K, committed 5504K, reserved 1056768K
  class space    used 557K, capacity 597K, committed 640K, reserved 1048576K
}
{Heap before GC invocations=649 (full 71):
 par new generation   total 6144K, used 5237K [0x00000000fec00000, 0x00000000ff2a0000, 0x00000000ff2a0000)
  eden space 5504K,  95% used [0x00000000fec00000, 0x00000000ff11b780, 0x00000000ff160000)
  from space 640K,   1% used [0x00000000ff200000, 0x00000000ff202040, 0x00000000ff2a0000)
  to   space 640K,   0% used [0x00000000ff160000, 0x00000000ff160000, 0x00000000ff200000)
 concurrent mark-sweep generation total 13696K, used 4272K [0x00000000ff2a0000, 0x0000000100000000, 0x0000000100000000)
 Metaspace       used 5077K, capacity 5258K, committed 5504K, reserved 1056768K
  class space    used 557K, capacity 597K, committed 640K, reserved 1048576K
2024-07-16T17:58:58.059+0800: 5.204: [GC (Allocation Failure) 2024-07-16T17:58:58.059+0800: 5.204: [ParNew: 5237K->8K(6144K), 0.0011494 secs] 9510K->5304K(19840K), 0.0012979 secs] [Times: user=0.00 sys=0.00, real=0.00 secs] 
Heap after GC invocations=650 (full 71):
 par new generation   total 6144K, used 8K [0x00000000fec00000, 0x00000000ff2a0000, 0x00000000ff2a0000)
  eden space 5504K,   0% used [0x00000000fec00000, 0x00000000fec00000, 0x00000000ff160000)
  from space 640K,   1% used [0x00000000ff160000, 0x00000000ff162040, 0x00000000ff200000)
  to   space 640K,   0% used [0x00000000ff200000, 0x00000000ff200000, 0x00000000ff2a0000)
 concurrent mark-sweep generation total 13696K, used 5296K [0x00000000ff2a0000, 0x0000000100000000, 0x0000000100000000)
 Metaspace       used 5077K, capacity 5258K, committed 5504K, reserved 1056768K
  class space    used 557K, capacity 597K, committed 640K, reserved 1048576K
}
{Heap before GC invocations=650 (full 71):
 par new generation   total 6144K, used 5237K [0x00000000fec00000, 0x00000000ff2a0000, 0x00000000ff2a0000)
  eden space 5504K,  95% used [0x00000000fec00000, 0x00000000ff11b780, 0x00000000ff160000)
  from space 640K,   1% used [0x00000000ff160000, 0x00000000ff162040, 0x00000000ff200000)
  to   space 640K,   0% used [0x00000000ff200000, 0x00000000ff200000, 0x00000000ff2a0000)
 concurrent mark-sweep generation total 13696K, used 5296K [0x00000000ff2a0000, 0x0000000100000000, 0x0000000100000000)
 Metaspace       used 5077K, capacity 5258K, committed 5504K, reserved 1056768K
  class space    used 557K, capacity 597K, committed 640K, reserved 1048576K
2024-07-16T17:58:58.067+0800: 5.212: [GC (Allocation Failure) 2024-07-16T17:58:58.067+0800: 5.212: [ParNew: 5237K->8K(6144K), 0.0014055 secs] 10534K->6330K(19840K), 0.0015555 secs] [Times: user=0.00 sys=0.00, real=0.00 secs] 
Heap after GC invocations=651 (full 71):
 par new generation   total 6144K, used 8K [0x00000000fec00000, 0x00000000ff2a0000, 0x00000000ff2a0000)
  eden space 5504K,   0% used [0x00000000fec00000, 0x00000000fec00000, 0x00000000ff160000)
  from space 640K,   1% used [0x00000000ff200000, 0x00000000ff202040, 0x00000000ff2a0000)
  to   space 640K,   0% used [0x00000000ff160000, 0x00000000ff160000, 0x00000000ff200000)
 concurrent mark-sweep generation total 13696K, used 6322K [0x00000000ff2a0000, 0x0000000100000000, 0x0000000100000000)
 Metaspace       used 5077K, capacity 5258K, committed 5504K, reserved 1056768K
  class space    used 557K, capacity 597K, committed 640K, reserved 1048576K
}
{Heap before GC invocations=651 (full 71):
 par new generation   total 6144K, used 5237K [0x00000000fec00000, 0x00000000ff2a0000, 0x00000000ff2a0000)
  eden space 5504K,  95% used [0x00000000fec00000, 0x00000000ff11b780, 0x00000000ff160000)
  from space 640K,   1% used [0x00000000ff200000, 0x00000000ff202040, 0x00000000ff2a0000)
  to   space 640K,   0% used [0x00000000ff160000, 0x00000000ff160000, 0x00000000ff200000)
 concurrent mark-sweep generation total 13696K, used 6322K [0x00000000ff2a0000, 0x0000000100000000, 0x0000000100000000)
 Metaspace       used 5077K, capacity 5258K, committed 5504K, reserved 1056768K
  class space    used 557K, capacity 597K, committed 640K, reserved 1048576K
2024-07-16T17:58:58.076+0800: 5.221: [GC (Allocation Failure) 2024-07-16T17:58:58.076+0800: 5.221: [ParNew: 5237K->8K(6144K), 0.0008661 secs] 11560K->7356K(19840K), 0.0010489 secs] [Times: user=0.00 sys=0.00, real=0.00 secs] 
Heap after GC invocations=652 (full 71):
 par new generation   total 6144K, used 8K [0x00000000fec00000, 0x00000000ff2a0000, 0x00000000ff2a0000)
  eden space 5504K,   0% used [0x00000000fec00000, 0x00000000fec00000, 0x00000000ff160000)
  from space 640K,   1% used [0x00000000ff160000, 0x00000000ff162040, 0x00000000ff200000)
  to   space 640K,   0% used [0x00000000ff200000, 0x00000000ff200000, 0x00000000ff2a0000)
 concurrent mark-sweep generation total 13696K, used 7348K [0x00000000ff2a0000, 0x0000000100000000, 0x0000000100000000)
 Metaspace       used 5077K, capacity 5258K, committed 5504K, reserved 1056768K
  class space    used 557K, capacity 597K, committed 640K, reserved 1048576K
}
{Heap before GC invocations=652 (full 71):
 par new generation   total 6144K, used 5237K [0x00000000fec00000, 0x00000000ff2a0000, 0x00000000ff2a0000)
  eden space 5504K,  95% used [0x00000000fec00000, 0x00000000ff11b780, 0x00000000ff160000)
  from space 640K,   1% used [0x00000000ff160000, 0x00000000ff162040, 0x00000000ff200000)
  to   space 640K,   0% used [0x00000000ff200000, 0x00000000ff200000, 0x00000000ff2a0000)
 concurrent mark-sweep generation total 13696K, used 7348K [0x00000000ff2a0000, 0x0000000100000000, 0x0000000100000000)
 Metaspace       used 5077K, capacity 5258K, committed 5504K, reserved 1056768K
  class space    used 557K, capacity 597K, committed 640K, reserved 1048576K
2024-07-16T17:58:58.085+0800: 5.230: [GC (Allocation Failure) 2024-07-16T17:58:58.085+0800: 5.230: [ParNew: 5237K->6K(6144K), 0.0006968 secs] 12586K->8380K(19840K), 0.0007590 secs] [Times: user=0.00 sys=0.00, real=0.00 secs] 
Heap after GC invocations=653 (full 71):
 par new generation   total 6144K, used 6K [0x00000000fec00000, 0x00000000ff2a0000, 0x00000000ff2a0000)
  eden space 5504K,   0% used [0x00000000fec00000, 0x00000000fec00000, 0x00000000ff160000)
  from space 640K,   0% used [0x00000000ff200000, 0x00000000ff201830, 0x00000000ff2a0000)
  to   space 640K,   0% used [0x00000000ff160000, 0x00000000ff160000, 0x00000000ff200000)
 concurrent mark-sweep generation total 13696K, used 8374K [0x00000000ff2a0000, 0x0000000100000000, 0x0000000100000000)
 Metaspace       used 5077K, capacity 5258K, committed 5504K, reserved 1056768K
  class space    used 557K, capacity 597K, committed 640K, reserved 1048576K
}
2024-07-16T17:58:58.086+0800: 5.231: [GC (CMS Initial Mark) [1 CMS-initial-mark: 8374K(13696K)] 9404K(19840K), 0.0002624 secs] [Times: user=0.00 sys=0.00, real=0.00 secs] 
2024-07-16T17:58:58.086+0800: 5.231: [CMS-concurrent-mark-start]
2024-07-16T17:58:58.089+0800: 5.234: [CMS-concurrent-mark: 0.003/0.003 secs] [Times: user=0.00 sys=0.00, real=0.00 secs] 
2024-07-16T17:58:58.089+0800: 5.234: [CMS-concurrent-preclean-start]
2024-07-16T17:58:58.089+0800: 5.234: [CMS-concurrent-preclean: 0.000/0.000 secs] [Times: user=0.00 sys=0.00, real=0.00 secs] 
2024-07-16T17:58:58.089+0800: 5.234: [CMS-concurrent-abortable-preclean-start]
{Heap before GC invocations=653 (full 72):
 par new generation   total 6144K, used 5235K [0x00000000fec00000, 0x00000000ff2a0000, 0x00000000ff2a0000)
  eden space 5504K,  95% used [0x00000000fec00000, 0x00000000ff11b780, 0x00000000ff160000)
  from space 640K,   0% used [0x00000000ff200000, 0x00000000ff201830, 0x00000000ff2a0000)
  to   space 640K,   0% used [0x00000000ff160000, 0x00000000ff160000, 0x00000000ff200000)
 concurrent mark-sweep generation total 13696K, used 8374K [0x00000000ff2a0000, 0x0000000100000000, 0x0000000100000000)
 Metaspace       used 5077K, capacity 5258K, committed 5504K, reserved 1056768K
  class space    used 557K, capacity 597K, committed 640K, reserved 1048576K
2024-07-16T17:58:58.094+0800: 5.239: [GC (Allocation Failure) 2024-07-16T17:58:58.094+0800: 5.239: [ParNew: 5235K->6K(6144K), 0.0007073 secs] 13610K->9407K(19840K), 0.0007799 secs] [Times: user=0.00 sys=0.00, real=0.00 secs] 
Heap after GC invocations=654 (full 72):
 par new generation   total 6144K, used 6K [0x00000000fec00000, 0x00000000ff2a0000, 0x00000000ff2a0000)
  eden space 5504K,   0% used [0x00000000fec00000, 0x00000000fec00000, 0x00000000ff160000)
  from space 640K,   0% used [0x00000000ff160000, 0x00000000ff161830, 0x00000000ff200000)
  to   space 640K,   0% used [0x00000000ff200000, 0x00000000ff200000, 0x00000000ff2a0000)
 concurrent mark-sweep generation total 13696K, used 9400K [0x00000000ff2a0000, 0x0000000100000000, 0x0000000100000000)
 Metaspace       used 5077K, capacity 5258K, committed 5504K, reserved 1056768K
  class space    used 557K, capacity 597K, committed 640K, reserved 1048576K
}
{Heap before GC invocations=654 (full 72):
 par new generation   total 6144K, used 5235K [0x00000000fec00000, 0x00000000ff2a0000, 0x00000000ff2a0000)
  eden space 5504K,  95% used [0x00000000fec00000, 0x00000000ff11b780, 0x00000000ff160000)
  from space 640K,   0% used [0x00000000ff160000, 0x00000000ff161830, 0x00000000ff200000)
  to   space 640K,   0% used [0x00000000ff200000, 0x00000000ff200000, 0x00000000ff2a0000)
 concurrent mark-sweep generation total 13696K, used 9400K [0x00000000ff2a0000, 0x0000000100000000, 0x0000000100000000)
 Metaspace       used 5077K, capacity 5258K, committed 5504K, reserved 1056768K
  class space    used 557K, capacity 597K, committed 640K, reserved 1048576K
2024-07-16T17:58:58.103+0800: 5.248: [GC (Allocation Failure) 2024-07-16T17:58:58.103+0800: 5.248: [ParNew: 5235K->4K(6144K), 0.0004640 secs] 14636K->9405K(19840K), 0.0005215 secs] [Times: user=0.00 sys=0.00, real=0.00 secs] 
Heap after GC invocations=655 (full 72):
 par new generation   total 6144K, used 4K [0x00000000fec00000, 0x00000000ff2a0000, 0x00000000ff2a0000)
  eden space 5504K,   0% used [0x00000000fec00000, 0x00000000fec00000, 0x00000000ff160000)
  from space 640K,   0% used [0x00000000ff200000, 0x00000000ff201020, 0x00000000ff2a0000)
  to   space 640K,   0% used [0x00000000ff160000, 0x00000000ff160000, 0x00000000ff200000)
 concurrent mark-sweep generation total 13696K, used 9400K [0x00000000ff2a0000, 0x0000000100000000, 0x0000000100000000)
 Metaspace       used 5077K, capacity 5258K, committed 5504K, reserved 1056768K
  class space    used 557K, capacity 597K, committed 640K, reserved 1048576K
}
{Heap before GC invocations=655 (full 72):
 par new generation   total 6144K, used 5233K [0x00000000fec00000, 0x00000000ff2a0000, 0x00000000ff2a0000)
  eden space 5504K,  95% used [0x00000000fec00000, 0x00000000ff11b780, 0x00000000ff160000)
  from space 640K,   0% used [0x00000000ff200000, 0x00000000ff201020, 0x00000000ff2a0000)
  to   space 640K,   0% used [0x00000000ff160000, 0x00000000ff160000, 0x00000000ff200000)
 concurrent mark-sweep generation total 13696K, used 9400K [0x00000000ff2a0000, 0x0000000100000000, 0x0000000100000000)
 Metaspace       used 5077K, capacity 5258K, committed 5504K, reserved 1056768K
  class space    used 557K, capacity 597K, committed 640K, reserved 1048576K
2024-07-16T17:58:58.109+0800: 5.254: [GC (Allocation Failure) 2024-07-16T17:58:58.109+0800: 5.254: [ParNew: 5233K->6K(6144K), 0.0005964 secs] 14634K->10433K(19840K), 0.0006527 secs] [Times: user=0.00 sys=0.00, real=0.00 secs] 
Heap after GC invocations=656 (full 72):
 par new generation   total 6144K, used 6K [0x00000000fec00000, 0x00000000ff2a0000, 0x00000000ff2a0000)
  eden space 5504K,   0% used [0x00000000fec00000, 0x00000000fec00000, 0x00000000ff160000)
  from space 640K,   0% used [0x00000000ff160000, 0x00000000ff161830, 0x00000000ff200000)
  to   space 640K,   0% used [0x00000000ff200000, 0x00000000ff200000, 0x00000000ff2a0000)
 concurrent mark-sweep generation total 13696K, used 10427K [0x00000000ff2a0000, 0x0000000100000000, 0x0000000100000000)
 Metaspace       used 5077K, capacity 5258K, committed 5504K, reserved 1056768K
  class space    used 557K, capacity 597K, committed 640K, reserved 1048576K
}
{Heap before GC invocations=656 (full 72):
 par new generation   total 6144K, used 5235K [0x00000000fec00000, 0x00000000ff2a0000, 0x00000000ff2a0000)
  eden space 5504K,  95% used [0x00000000fec00000, 0x00000000ff11b780, 0x00000000ff160000)
  from space 640K,   0% used [0x00000000ff160000, 0x00000000ff161830, 0x00000000ff200000)
  to   space 640K,   0% used [0x00000000ff200000, 0x00000000ff200000, 0x00000000ff2a0000)
 concurrent mark-sweep generation total 13696K, used 10427K [0x00000000ff2a0000, 0x0000000100000000, 0x0000000100000000)
 Metaspace       used 5077K, capacity 5258K, committed 5504K, reserved 1056768K
  class space    used 557K, capacity 597K, committed 640K, reserved 1048576K
2024-07-16T17:58:58.117+0800: 5.262: [GC (Allocation Failure) 2024-07-16T17:58:58.117+0800: 5.262: [ParNew: 5235K->4K(6144K), 0.0004977 secs] 15662K->10431K(19840K), 0.0005475 secs] [Times: user=0.00 sys=0.00, real=0.00 secs] 
Heap after GC invocations=657 (full 72):
 par new generation   total 6144K, used 4K [0x00000000fec00000, 0x00000000ff2a0000, 0x00000000ff2a0000)
  eden space 5504K,   0% used [0x00000000fec00000, 0x00000000fec00000, 0x00000000ff160000)
  from space 640K,   0% used [0x00000000ff200000, 0x00000000ff201020, 0x00000000ff2a0000)
  to   space 640K,   0% used [0x00000000ff160000, 0x00000000ff160000, 0x00000000ff200000)
 concurrent mark-sweep generation total 13696K, used 10427K [0x00000000ff2a0000, 0x0000000100000000, 0x0000000100000000)
 Metaspace       used 5077K, capacity 5258K, committed 5504K, reserved 1056768K
  class space    used 557K, capacity 597K, committed 640K, reserved 1048576K
}
{Heap before GC invocations=657 (full 72):
 par new generation   total 6144K, used 5233K [0x00000000fec00000, 0x00000000ff2a0000, 0x00000000ff2a0000)
  eden space 5504K,  95% used [0x00000000fec00000, 0x00000000ff11b780, 0x00000000ff160000)
  from space 640K,   0% used [0x00000000ff200000, 0x00000000ff201020, 0x00000000ff2a0000)
  to   space 640K,   0% used [0x00000000ff160000, 0x00000000ff160000, 0x00000000ff200000)
 concurrent mark-sweep generation total 13696K, used 10427K [0x00000000ff2a0000, 0x0000000100000000, 0x0000000100000000)
 Metaspace       used 5077K, capacity 5258K, committed 5504K, reserved 1056768K
  class space    used 557K, capacity 597K, committed 640K, reserved 1048576K
2024-07-16T17:58:58.126+0800: 5.271: [GC (Allocation Failure) 2024-07-16T17:58:58.126+0800: 5.271: [ParNew: 5233K->4K(6144K), 0.0003965 secs] 15660K->10431K(19840K), 0.0004705 secs] [Times: user=0.00 sys=0.00, real=0.00 secs] 
Heap after GC invocations=658 (full 72):
 par new generation   total 6144K, used 4K [0x00000000fec00000, 0x00000000ff2a0000, 0x00000000ff2a0000)
  eden space 5504K,   0% used [0x00000000fec00000, 0x00000000fec00000, 0x00000000ff160000)
  from space 640K,   0% used [0x00000000ff160000, 0x00000000ff161020, 0x00000000ff200000)
  to   space 640K,   0% used [0x00000000ff200000, 0x00000000ff200000, 0x00000000ff2a0000)
 concurrent mark-sweep generation total 13696K, used 10427K [0x00000000ff2a0000, 0x0000000100000000, 0x0000000100000000)
 Metaspace       used 5077K, capacity 5258K, committed 5504K, reserved 1056768K
  class space    used 557K, capacity 597K, committed 640K, reserved 1048576K
}
{Heap before GC invocations=658 (full 72):
 par new generation   total 6144K, used 5233K [0x00000000fec00000, 0x00000000ff2a0000, 0x00000000ff2a0000)
  eden space 5504K,  95% used [0x00000000fec00000, 0x00000000ff11b780, 0x00000000ff160000)
  from space 640K,   0% used [0x00000000ff160000, 0x00000000ff161020, 0x00000000ff200000)
  to   space 640K,   0% used [0x00000000ff200000, 0x00000000ff200000, 0x00000000ff2a0000)
 concurrent mark-sweep generation total 13696K, used 10427K [0x00000000ff2a0000, 0x0000000100000000, 0x0000000100000000)
 Metaspace       used 5077K, capacity 5258K, committed 5504K, reserved 1056768K
  class space    used 557K, capacity 597K, committed 640K, reserved 1048576K
2024-07-16T17:58:58.132+0800: 5.277: [GC (Allocation Failure) 2024-07-16T17:58:58.132+0800: 5.277: [ParNew: 5233K->6K(6144K), 0.0008330 secs] 15660K->11457K(19840K), 0.0009222 secs] [Times: user=0.00 sys=0.00, real=0.00 secs] 
Heap after GC invocations=659 (full 72):
 par new generation   total 6144K, used 6K [0x00000000fec00000, 0x00000000ff2a0000, 0x00000000ff2a0000)
  eden space 5504K,   0% used [0x00000000fec00000, 0x00000000fec00000, 0x00000000ff160000)
  from space 640K,   0% used [0x00000000ff200000, 0x00000000ff201830, 0x00000000ff2a0000)
  to   space 640K,   0% used [0x00000000ff160000, 0x00000000ff160000, 0x00000000ff200000)
 concurrent mark-sweep generation total 13696K, used 11451K [0x00000000ff2a0000, 0x0000000100000000, 0x0000000100000000)
 Metaspace       used 5077K, capacity 5258K, committed 5504K, reserved 1056768K
  class space    used 557K, capacity 597K, committed 640K, reserved 1048576K
}
{Heap before GC invocations=659 (full 72):
 par new generation   total 6144K, used 5235K [0x00000000fec00000, 0x00000000ff2a0000, 0x00000000ff2a0000)
  eden space 5504K,  95% used [0x00000000fec00000, 0x00000000ff11b780, 0x00000000ff160000)
  from space 640K,   0% used [0x00000000ff200000, 0x00000000ff201830, 0x00000000ff2a0000)
  to   space 640K,   0% used [0x00000000ff160000, 0x00000000ff160000, 0x00000000ff200000)
 concurrent mark-sweep generation total 13696K, used 11451K [0x00000000ff2a0000, 0x0000000100000000, 0x0000000100000000)
 Metaspace       used 5077K, capacity 5258K, committed 5504K, reserved 1056768K
  class space    used 557K, capacity 597K, committed 640K, reserved 1048576K
2024-07-16T17:58:58.140+0800: 5.285: [GC (Allocation Failure) 2024-07-16T17:58:58.140+0800: 5.285: [ParNew: 5235K->8K(6144K), 0.0004346 secs] 16686K->12483K(19840K), 0.0004858 secs] [Times: user=0.00 sys=0.00, real=0.00 secs] 
Heap after GC invocations=660 (full 72):
 par new generation   total 6144K, used 8K [0x00000000fec00000, 0x00000000ff2a0000, 0x00000000ff2a0000)
  eden space 5504K,   0% used [0x00000000fec00000, 0x00000000fec00000, 0x00000000ff160000)
  from space 640K,   1% used [0x00000000ff160000, 0x00000000ff162040, 0x00000000ff200000)
  to   space 640K,   0% used [0x00000000ff200000, 0x00000000ff200000, 0x00000000ff2a0000)
 concurrent mark-sweep generation total 13696K, used 12475K [0x00000000ff2a0000, 0x0000000100000000, 0x0000000100000000)
 Metaspace       used 5077K, capacity 5258K, committed 5504K, reserved 1056768K
  class space    used 557K, capacity 597K, committed 640K, reserved 1048576K
}
{Heap before GC invocations=660 (full 72):
 par new generation   total 6144K, used 5237K [0x00000000fec00000, 0x00000000ff2a0000, 0x00000000ff2a0000)
  eden space 5504K,  95% used [0x00000000fec00000, 0x00000000ff11b780, 0x00000000ff160000)
  from space 640K,   1% used [0x00000000ff160000, 0x00000000ff162040, 0x00000000ff200000)
  to   space 640K,   0% used [0x00000000ff200000, 0x00000000ff200000, 0x00000000ff2a0000)
 concurrent mark-sweep generation total 13696K, used 12475K [0x00000000ff2a0000, 0x0000000100000000, 0x0000000100000000)
 Metaspace       used 5077K, capacity 5258K, committed 5504K, reserved 1056768K
  class space    used 557K, capacity 597K, committed 640K, reserved 1048576K
2024-07-16T17:58:58.147+0800: 5.292: [GC (Allocation Failure) 2024-07-16T17:58:58.147+0800: 5.292: [ParNew: 5237K->5237K(6144K), 0.0000131 secs]2024-07-16T17:58:58.147+0800: 5.292: [CMS2024-07-16T17:58:58.147+0800: 5.292: [CMS-concurrent-abortable-preclean: 0.001/0.058 secs] [Times: user=0.00 sys=0.00, real=0.06 secs] 
 (concurrent mode failure): 12475K->2220K(13696K), 0.0027424 secs] 17713K->2220K(19840K), [Metaspace: 5077K->5077K(1056768K)], 0.0028019 secs] [Times: user=0.00 sys=0.00, real=0.00 secs] 
Heap after GC invocations=661 (full 73):
 par new generation   total 6144K, used 0K [0x00000000fec00000, 0x00000000ff2a0000, 0x00000000ff2a0000)
  eden space 5504K,   0% used [0x00000000fec00000, 0x00000000fec00000, 0x00000000ff160000)
  from space 640K,   0% used [0x00000000ff160000, 0x00000000ff160000, 0x00000000ff200000)
  to   space 640K,   0% used [0x00000000ff200000, 0x00000000ff200000, 0x00000000ff2a0000)
 concurrent mark-sweep generation total 13696K, used 2220K [0x00000000ff2a0000, 0x0000000100000000, 0x0000000100000000)
 Metaspace       used 5077K, capacity 5258K, committed 5504K, reserved 1056768K
  class space    used 557K, capacity 597K, committed 640K, reserved 1048576K
}
{Heap before GC invocations=661 (full 73):
 par new generation   total 6144K, used 5229K [0x00000000fec00000, 0x00000000ff2a0000, 0x00000000ff2a0000)
  eden space 5504K,  95% used [0x00000000fec00000, 0x00000000ff11b780, 0x00000000ff160000)
  from space 640K,   0% used [0x00000000ff160000, 0x00000000ff160000, 0x00000000ff200000)
  to   space 640K,   0% used [0x00000000ff200000, 0x00000000ff200000, 0x00000000ff2a0000)
 concurrent mark-sweep generation total 13696K, used 2220K [0x00000000ff2a0000, 0x0000000100000000, 0x0000000100000000)
 Metaspace       used 5077K, capacity 5258K, committed 5504K, reserved 1056768K
  class space    used 557K, capacity 597K, committed 640K, reserved 1048576K
2024-07-16T17:58:58.156+0800: 5.301: [GC (Allocation Failure) 2024-07-16T17:58:58.156+0800: 5.301: [ParNew: 5229K->8K(6144K), 0.0008266 secs] 7450K->3254K(19840K), 0.0009100 secs] [Times: user=0.00 sys=0.00, real=0.00 secs] 
Heap after GC invocations=662 (full 73):
 par new generation   total 6144K, used 8K [0x00000000fec00000, 0x00000000ff2a0000, 0x00000000ff2a0000)
  eden space 5504K,   0% used [0x00000000fec00000, 0x00000000fec00000, 0x00000000ff160000)
  from space 640K,   1% used [0x00000000ff200000, 0x00000000ff202040, 0x00000000ff2a0000)
  to   space 640K,   0% used [0x00000000ff160000, 0x00000000ff160000, 0x00000000ff200000)
 concurrent mark-sweep generation total 13696K, used 3246K [0x00000000ff2a0000, 0x0000000100000000, 0x0000000100000000)
 Metaspace       used 5077K, capacity 5258K, committed 5504K, reserved 1056768K
  class space    used 557K, capacity 597K, committed 640K, reserved 1048576K
}
{Heap before GC invocations=662 (full 73):
 par new generation   total 6144K, used 5237K [0x00000000fec00000, 0x00000000ff2a0000, 0x00000000ff2a0000)
  eden space 5504K,  95% used [0x00000000fec00000, 0x00000000ff11b780, 0x00000000ff160000)
  from space 640K,   1% used [0x00000000ff200000, 0x00000000ff202040, 0x00000000ff2a0000)
  to   space 640K,   0% used [0x00000000ff160000, 0x00000000ff160000, 0x00000000ff200000)
 concurrent mark-sweep generation total 13696K, used 3246K [0x00000000ff2a0000, 0x0000000100000000, 0x0000000100000000)
 Metaspace       used 5077K, capacity 5258K, committed 5504K, reserved 1056768K
  class space    used 557K, capacity 597K, committed 640K, reserved 1048576K
2024-07-16T17:58:58.164+0800: 5.309: [GC (Allocation Failure) 2024-07-16T17:58:58.164+0800: 5.309: [ParNew: 5237K->6K(6144K), 0.0005842 secs] 8484K->4278K(19840K), 0.0006538 secs] [Times: user=0.00 sys=0.00, real=0.00 secs] 
Heap after GC invocations=663 (full 73):
 par new generation   total 6144K, used 6K [0x00000000fec00000, 0x00000000ff2a0000, 0x00000000ff2a0000)
  eden space 5504K,   0% used [0x00000000fec00000, 0x00000000fec00000, 0x00000000ff160000)
  from space 640K,   0% used [0x00000000ff160000, 0x00000000ff161830, 0x00000000ff200000)
  to   space 640K,   0% used [0x00000000ff200000, 0x00000000ff200000, 0x00000000ff2a0000)
 concurrent mark-sweep generation total 13696K, used 4272K [0x00000000ff2a0000, 0x0000000100000000, 0x0000000100000000)
 Metaspace       used 5077K, capacity 5258K, committed 5504K, reserved 1056768K
  class space    used 557K, capacity 597K, committed 640K, reserved 1048576K
}
{Heap before GC invocations=663 (full 73):
 par new generation   total 6144K, used 5235K [0x00000000fec00000, 0x00000000ff2a0000, 0x00000000ff2a0000)
  eden space 5504K,  95% used [0x00000000fec00000, 0x00000000ff11b780, 0x00000000ff160000)
  from space 640K,   0% used [0x00000000ff160000, 0x00000000ff161830, 0x00000000ff200000)
  to   space 640K,   0% used [0x00000000ff200000, 0x00000000ff200000, 0x00000000ff2a0000)
 concurrent mark-sweep generation total 13696K, used 4272K [0x00000000ff2a0000, 0x0000000100000000, 0x0000000100000000)
 Metaspace       used 5077K, capacity 5258K, committed 5504K, reserved 1056768K
  class space    used 557K, capacity 597K, committed 640K, reserved 1048576K
2024-07-16T17:58:58.174+0800: 5.319: [GC (Allocation Failure) 2024-07-16T17:58:58.174+0800: 5.319: [ParNew: 5235K->8K(6144K), 0.0003915 secs] 9508K->5304K(19840K), 0.0004356 secs] [Times: user=0.00 sys=0.00, real=0.00 secs] 
Heap after GC invocations=664 (full 73):
 par new generation   total 6144K, used 8K [0x00000000fec00000, 0x00000000ff2a0000, 0x00000000ff2a0000)
  eden space 5504K,   0% used [0x00000000fec00000, 0x00000000fec00000, 0x00000000ff160000)
  from space 640K,   1% used [0x00000000ff200000, 0x00000000ff202040, 0x00000000ff2a0000)
  to   space 640K,   0% used [0x00000000ff160000, 0x00000000ff160000, 0x00000000ff200000)
 concurrent mark-sweep generation total 13696K, used 5296K [0x00000000ff2a0000, 0x0000000100000000, 0x0000000100000000)
 Metaspace       used 5077K, capacity 5258K, committed 5504K, reserved 1056768K
  class space    used 557K, capacity 597K, committed 640K, reserved 1048576K
}
{Heap before GC invocations=664 (full 73):
 par new generation   total 6144K, used 5237K [0x00000000fec00000, 0x00000000ff2a0000, 0x00000000ff2a0000)
  eden space 5504K,  95% used [0x00000000fec00000, 0x00000000ff11b780, 0x00000000ff160000)
  from space 640K,   1% used [0x00000000ff200000, 0x00000000ff202040, 0x00000000ff2a0000)
  to   space 640K,   0% used [0x00000000ff160000, 0x00000000ff160000, 0x00000000ff200000)
 concurrent mark-sweep generation total 13696K, used 5296K [0x00000000ff2a0000, 0x0000000100000000, 0x0000000100000000)
 Metaspace       used 5077K, capacity 5258K, committed 5504K, reserved 1056768K
  class space    used 557K, capacity 597K, committed 640K, reserved 1048576K
2024-07-16T17:58:58.180+0800: 5.325: [GC (Allocation Failure) 2024-07-16T17:58:58.180+0800: 5.325: [ParNew: 5237K->6K(6144K), 0.0004580 secs] 10534K->6326K(19840K), 0.0004983 secs] [Times: user=0.00 sys=0.00, real=0.00 secs] 
Heap after GC invocations=665 (full 73):
 par new generation   total 6144K, used 6K [0x00000000fec00000, 0x00000000ff2a0000, 0x00000000ff2a0000)
  eden space 5504K,   0% used [0x00000000fec00000, 0x00000000fec00000, 0x00000000ff160000)
  from space 640K,   0% used [0x00000000ff160000, 0x00000000ff161830, 0x00000000ff200000)
  to   space 640K,   0% used [0x00000000ff200000, 0x00000000ff200000, 0x00000000ff2a0000)
 concurrent mark-sweep generation total 13696K, used 6320K [0x00000000ff2a0000, 0x0000000100000000, 0x0000000100000000)
 Metaspace       used 5077K, capacity 5258K, committed 5504K, reserved 1056768K
  class space    used 557K, capacity 597K, committed 640K, reserved 1048576K
}
{Heap before GC invocations=665 (full 73):
 par new generation   total 6144K, used 5235K [0x00000000fec00000, 0x00000000ff2a0000, 0x00000000ff2a0000)
  eden space 5504K,  95% used [0x00000000fec00000, 0x00000000ff11b780, 0x00000000ff160000)
  from space 640K,   0% used [0x00000000ff160000, 0x00000000ff161830, 0x00000000ff200000)
  to   space 640K,   0% used [0x00000000ff200000, 0x00000000ff200000, 0x00000000ff2a0000)
 concurrent mark-sweep generation total 13696K, used 6320K [0x00000000ff2a0000, 0x0000000100000000, 0x0000000100000000)
 Metaspace       used 5077K, capacity 5258K, committed 5504K, reserved 1056768K
  class space    used 557K, capacity 597K, committed 640K, reserved 1048576K
2024-07-16T17:58:58.186+0800: 5.331: [GC (Allocation Failure) 2024-07-16T17:58:58.186+0800: 5.331: [ParNew: 5235K->8K(6144K), 0.0008553 secs] 11556K->7354K(19840K), 0.0009365 secs] [Times: user=0.00 sys=0.00, real=0.00 secs] 
Heap after GC invocations=666 (full 73):
 par new generation   total 6144K, used 8K [0x00000000fec00000, 0x00000000ff2a0000, 0x00000000ff2a0000)
  eden space 5504K,   0% used [0x00000000fec00000, 0x00000000fec00000, 0x00000000ff160000)
  from space 640K,   1% used [0x00000000ff200000, 0x00000000ff202040, 0x00000000ff2a0000)
  to   space 640K,   0% used [0x00000000ff160000, 0x00000000ff160000, 0x00000000ff200000)
 concurrent mark-sweep generation total 13696K, used 7346K [0x00000000ff2a0000, 0x0000000100000000, 0x0000000100000000)
 Metaspace       used 5077K, capacity 5258K, committed 5504K, reserved 1056768K
  class space    used 557K, capacity 597K, committed 640K, reserved 1048576K
}
{Heap before GC invocations=666 (full 73):
 par new generation   total 6144K, used 5237K [0x00000000fec00000, 0x00000000ff2a0000, 0x00000000ff2a0000)
  eden space 5504K,  95% used [0x00000000fec00000, 0x00000000ff11b780, 0x00000000ff160000)
  from space 640K,   1% used [0x00000000ff200000, 0x00000000ff202040, 0x00000000ff2a0000)
  to   space 640K,   0% used [0x00000000ff160000, 0x00000000ff160000, 0x00000000ff200000)
 concurrent mark-sweep generation total 13696K, used 7346K [0x00000000ff2a0000, 0x0000000100000000, 0x0000000100000000)
 Metaspace       used 5077K, capacity 5258K, committed 5504K, reserved 1056768K
  class space    used 557K, capacity 597K, committed 640K, reserved 1048576K
2024-07-16T17:58:58.195+0800: 5.340: [GC (Allocation Failure) 2024-07-16T17:58:58.195+0800: 5.340: [ParNew: 5237K->8K(6144K), 0.0005645 secs] 12584K->8380K(19840K), 0.0006295 secs] [Times: user=0.00 sys=0.00, real=0.00 secs] 
Heap after GC invocations=667 (full 73):
 par new generation   total 6144K, used 8K [0x00000000fec00000, 0x00000000ff2a0000, 0x00000000ff2a0000)
  eden space 5504K,   0% used [0x00000000fec00000, 0x00000000fec00000, 0x00000000ff160000)
  from space 640K,   1% used [0x00000000ff160000, 0x00000000ff162040, 0x00000000ff200000)
  to   space 640K,   0% used [0x00000000ff200000, 0x00000000ff200000, 0x00000000ff2a0000)
 concurrent mark-sweep generation total 13696K, used 8372K [0x00000000ff2a0000, 0x0000000100000000, 0x0000000100000000)
 Metaspace       used 5077K, capacity 5258K, committed 5504K, reserved 1056768K
  class space    used 557K, capacity 597K, committed 640K, reserved 1048576K
}
2024-07-16T17:58:58.196+0800: 5.341: [GC (CMS Initial Mark) [1 CMS-initial-mark: 8372K(13696K)] 9404K(19840K), 0.0002470 secs] [Times: user=0.00 sys=0.00, real=0.00 secs] 
2024-07-16T17:58:58.196+0800: 5.341: [CMS-concurrent-mark-start]
2024-07-16T17:58:58.198+0800: 5.343: [CMS-concurrent-mark: 0.002/0.002 secs] [Times: user=0.00 sys=0.00, real=0.00 secs] 
2024-07-16T17:58:58.198+0800: 5.343: [CMS-concurrent-preclean-start]
2024-07-16T17:58:58.198+0800: 5.343: [CMS-concurrent-preclean: 0.000/0.000 secs] [Times: user=0.00 sys=0.00, real=0.00 secs] 
2024-07-16T17:58:58.198+0800: 5.343: [CMS-concurrent-abortable-preclean-start]
{Heap before GC invocations=667 (full 74):
 par new generation   total 6144K, used 5237K [0x00000000fec00000, 0x00000000ff2a0000, 0x00000000ff2a0000)
  eden space 5504K,  95% used [0x00000000fec00000, 0x00000000ff11b780, 0x00000000ff160000)
  from space 640K,   1% used [0x00000000ff160000, 0x00000000ff162040, 0x00000000ff200000)
  to   space 640K,   0% used [0x00000000ff200000, 0x00000000ff200000, 0x00000000ff2a0000)
 concurrent mark-sweep generation total 13696K, used 8372K [0x00000000ff2a0000, 0x0000000100000000, 0x0000000100000000)
 Metaspace       used 5077K, capacity 5258K, committed 5504K, reserved 1056768K
  class space    used 557K, capacity 597K, committed 640K, reserved 1048576K
2024-07-16T17:58:58.203+0800: 5.348: [GC (Allocation Failure) 2024-07-16T17:58:58.203+0800: 5.348: [ParNew: 5237K->6K(6144K), 0.0008163 secs] 13610K->9404K(19840K), 0.0008989 secs] [Times: user=0.00 sys=0.00, real=0.00 secs] 
Heap after GC invocations=668 (full 74):
 par new generation   total 6144K, used 6K [0x00000000fec00000, 0x00000000ff2a0000, 0x00000000ff2a0000)
  eden space 5504K,   0% used [0x00000000fec00000, 0x00000000fec00000, 0x00000000ff160000)
  from space 640K,   0% used [0x00000000ff200000, 0x00000000ff201830, 0x00000000ff2a0000)
  to   space 640K,   0% used [0x00000000ff160000, 0x00000000ff160000, 0x00000000ff200000)
 concurrent mark-sweep generation total 13696K, used 9398K [0x00000000ff2a0000, 0x0000000100000000, 0x0000000100000000)
 Metaspace       used 5077K, capacity 5258K, committed 5504K, reserved 1056768K
  class space    used 557K, capacity 597K, committed 640K, reserved 1048576K
}
{Heap before GC invocations=668 (full 74):
 par new generation   total 6144K, used 5235K [0x00000000fec00000, 0x00000000ff2a0000, 0x00000000ff2a0000)
  eden space 5504K,  95% used [0x00000000fec00000, 0x00000000ff11b780, 0x00000000ff160000)
  from space 640K,   0% used [0x00000000ff200000, 0x00000000ff201830, 0x00000000ff2a0000)
  to   space 640K,   0% used [0x00000000ff160000, 0x00000000ff160000, 0x00000000ff200000)
 concurrent mark-sweep generation total 13696K, used 9398K [0x00000000ff2a0000, 0x0000000100000000, 0x0000000100000000)
 Metaspace       used 5077K, capacity 5258K, committed 5504K, reserved 1056768K
  class space    used 557K, capacity 597K, committed 640K, reserved 1048576K
2024-07-16T17:58:58.211+0800: 5.356: [GC (Allocation Failure) 2024-07-16T17:58:58.211+0800: 5.356: [ParNew: 5235K->8K(6144K), 0.0010469 secs] 14634K->10433K(19840K), 0.0011005 secs] [Times: user=0.00 sys=0.00, real=0.00 secs] 
Heap after GC invocations=669 (full 74):
 par new generation   total 6144K, used 8K [0x00000000fec00000, 0x00000000ff2a0000, 0x00000000ff2a0000)
  eden space 5504K,   0% used [0x00000000fec00000, 0x00000000fec00000, 0x00000000ff160000)
  from space 640K,   1% used [0x00000000ff160000, 0x00000000ff162040, 0x00000000ff200000)
  to   space 640K,   0% used [0x00000000ff200000, 0x00000000ff200000, 0x00000000ff2a0000)
 concurrent mark-sweep generation total 13696K, used 10425K [0x00000000ff2a0000, 0x0000000100000000, 0x0000000100000000)
 Metaspace       used 5077K, capacity 5258K, committed 5504K, reserved 1056768K
  class space    used 557K, capacity 597K, committed 640K, reserved 1048576K
}
{Heap before GC invocations=669 (full 74):
 par new generation   total 6144K, used 5237K [0x00000000fec00000, 0x00000000ff2a0000, 0x00000000ff2a0000)
  eden space 5504K,  95% used [0x00000000fec00000, 0x00000000ff11b780, 0x00000000ff160000)
  from space 640K,   1% used [0x00000000ff160000, 0x00000000ff162040, 0x00000000ff200000)
  to   space 640K,   0% used [0x00000000ff200000, 0x00000000ff200000, 0x00000000ff2a0000)
 concurrent mark-sweep generation total 13696K, used 10425K [0x00000000ff2a0000, 0x0000000100000000, 0x0000000100000000)
 Metaspace       used 5077K, capacity 5258K, committed 5504K, reserved 1056768K
  class space    used 557K, capacity 597K, committed 640K, reserved 1048576K
2024-07-16T17:58:58.218+0800: 5.363: [GC (Allocation Failure) 2024-07-16T17:58:58.218+0800: 5.363: [ParNew: 5237K->6K(6144K), 0.0009328 secs] 15662K->11457K(19840K), 0.0010146 secs] [Times: user=0.00 sys=0.00, real=0.00 secs] 
Heap after GC invocations=670 (full 74):
 par new generation   total 6144K, used 6K [0x00000000fec00000, 0x00000000ff2a0000, 0x00000000ff2a0000)
  eden space 5504K,   0% used [0x00000000fec00000, 0x00000000fec00000, 0x00000000ff160000)
  from space 640K,   0% used [0x00000000ff200000, 0x00000000ff201830, 0x00000000ff2a0000)
  to   space 640K,   0% used [0x00000000ff160000, 0x00000000ff160000, 0x00000000ff200000)
 concurrent mark-sweep generation total 13696K, used 11451K [0x00000000ff2a0000, 0x0000000100000000, 0x0000000100000000)
 Metaspace       used 5077K, capacity 5258K, committed 5504K, reserved 1056768K
  class space    used 557K, capacity 597K, committed 640K, reserved 1048576K
}
{Heap before GC invocations=670 (full 74):
 par new generation   total 6144K, used 5235K [0x00000000fec00000, 0x00000000ff2a0000, 0x00000000ff2a0000)
  eden space 5504K,  95% used [0x00000000fec00000, 0x00000000ff11b780, 0x00000000ff160000)
  from space 640K,   0% used [0x00000000ff200000, 0x00000000ff201830, 0x00000000ff2a0000)
  to   space 640K,   0% used [0x00000000ff160000, 0x00000000ff160000, 0x00000000ff200000)
 concurrent mark-sweep generation total 13696K, used 11451K [0x00000000ff2a0000, 0x0000000100000000, 0x0000000100000000)
 Metaspace       used 5077K, capacity 5258K, committed 5504K, reserved 1056768K
  class space    used 557K, capacity 597K, committed 640K, reserved 1048576K
2024-07-16T17:58:58.227+0800: 5.372: [GC (Allocation Failure) 2024-07-16T17:58:58.227+0800: 5.372: [ParNew: 5235K->8K(6144K), 0.0011244 secs] 16686K->12483K(19840K), 0.0011931 secs] [Times: user=0.00 sys=0.00, real=0.00 secs] 
Heap after GC invocations=671 (full 74):
 par new generation   total 6144K, used 8K [0x00000000fec00000, 0x00000000ff2a0000, 0x00000000ff2a0000)
  eden space 5504K,   0% used [0x00000000fec00000, 0x00000000fec00000, 0x00000000ff160000)
  from space 640K,   1% used [0x00000000ff160000, 0x00000000ff162040, 0x00000000ff200000)
  to   space 640K,   0% used [0x00000000ff200000, 0x00000000ff200000, 0x00000000ff2a0000)
 concurrent mark-sweep generation total 13696K, used 12475K [0x00000000ff2a0000, 0x0000000100000000, 0x0000000100000000)
 Metaspace       used 5077K, capacity 5258K, committed 5504K, reserved 1056768K
  class space    used 557K, capacity 597K, committed 640K, reserved 1048576K
}
{Heap before GC invocations=671 (full 74):
 par new generation   total 6144K, used 5237K [0x00000000fec00000, 0x00000000ff2a0000, 0x00000000ff2a0000)
  eden space 5504K,  95% used [0x00000000fec00000, 0x00000000ff11b780, 0x00000000ff160000)
  from space 640K,   1% used [0x00000000ff160000, 0x00000000ff162040, 0x00000000ff200000)
  to   space 640K,   0% used [0x00000000ff200000, 0x00000000ff200000, 0x00000000ff2a0000)
 concurrent mark-sweep generation total 13696K, used 12475K [0x00000000ff2a0000, 0x0000000100000000, 0x0000000100000000)
 Metaspace       used 5077K, capacity 5258K, committed 5504K, reserved 1056768K
  class space    used 557K, capacity 597K, committed 640K, reserved 1048576K
2024-07-16T17:58:58.235+0800: 5.380: [GC (Allocation Failure) 2024-07-16T17:58:58.235+0800: 5.380: [ParNew: 5237K->4K(6144K), 0.0005916 secs] 17713K->13505K(19840K), 0.0006502 secs] [Times: user=0.00 sys=0.00, real=0.00 secs] 
Heap after GC invocations=672 (full 74):
 par new generation   total 6144K, used 4K [0x00000000fec00000, 0x00000000ff2a0000, 0x00000000ff2a0000)
  eden space 5504K,   0% used [0x00000000fec00000, 0x00000000fec00000, 0x00000000ff160000)
  from space 640K,   0% used [0x00000000ff200000, 0x00000000ff201020, 0x00000000ff2a0000)
  to   space 640K,   0% used [0x00000000ff160000, 0x00000000ff160000, 0x00000000ff200000)
 concurrent mark-sweep generation total 13696K, used 13501K [0x00000000ff2a0000, 0x0000000100000000, 0x0000000100000000)
 Metaspace       used 5077K, capacity 5258K, committed 5504K, reserved 1056768K
  class space    used 557K, capacity 597K, committed 640K, reserved 1048576K
}
2024-07-16T17:58:58.235+0800: 5.381: [CMS-concurrent-abortable-preclean: 0.000/0.037 secs] [Times: user=0.00 sys=0.00, real=0.04 secs] 
2024-07-16T17:58:58.236+0800: 5.381: [GC (CMS Final Remark) [YG occupancy: 1135 K (6144 K)]2024-07-16T17:58:58.236+0800: 5.381: [Rescan (parallel) , 0.0003060 secs]2024-07-16T17:58:58.236+0800: 5.381: [weak refs processing, 0.0000129 secs]2024-07-16T17:58:58.236+0800: 5.381: [class unloading, 0.0006483 secs]2024-07-16T17:58:58.237+0800: 5.382: [scrub symbol table, 0.0004267 secs]2024-07-16T17:58:58.237+0800: 5.382: [scrub string table, 0.0001303 secs][1 CMS-remark: 13501K(13696K)] 14636K(19840K), 0.0016073 secs] [Times: user=0.00 sys=0.00, real=0.00 secs] 
2024-07-16T17:58:58.237+0800: 5.383: [CMS-concurrent-sweep-start]
2024-07-16T17:58:58.238+0800: 5.383: [CMS-concurrent-sweep: 0.000/0.000 secs] [Times: user=0.00 sys=0.00, real=0.00 secs] 
2024-07-16T17:58:58.238+0800: 5.383: [CMS-concurrent-reset-start]
2024-07-16T17:58:58.238+0800: 5.383: [CMS-concurrent-reset: 0.000/0.000 secs] [Times: user=0.00 sys=0.00, real=0.00 secs] 
{Heap before GC invocations=672 (full 74):
 par new generation   total 6144K, used 5233K [0x00000000fec00000, 0x00000000ff2a0000, 0x00000000ff2a0000)
  eden space 5504K,  95% used [0x00000000fec00000, 0x00000000ff11b780, 0x00000000ff160000)
  from space 640K,   0% used [0x00000000ff200000, 0x00000000ff201020, 0x00000000ff2a0000)
  to   space 640K,   0% used [0x00000000ff160000, 0x00000000ff160000, 0x00000000ff200000)
 concurrent mark-sweep generation total 13696K, used 7356K [0x00000000ff2a0000, 0x0000000100000000, 0x0000000100000000)
 Metaspace       used 5077K, capacity 5258K, committed 5504K, reserved 1056768K
  class space    used 557K, capacity 597K, committed 640K, reserved 1048576K
2024-07-16T17:58:58.243+0800: 5.388: [GC (Allocation Failure) 2024-07-16T17:58:58.243+0800: 5.388: [ParNew: 5233K->6K(6144K), 0.0005036 secs] 12590K->8386K(19840K), 0.0005526 secs] [Times: user=0.00 sys=0.00, real=0.00 secs] 
Heap after GC invocations=673 (full 74):
 par new generation   total 6144K, used 6K [0x00000000fec00000, 0x00000000ff2a0000, 0x00000000ff2a0000)
  eden space 5504K,   0% used [0x00000000fec00000, 0x00000000fec00000, 0x00000000ff160000)
  from space 640K,   0% used [0x00000000ff160000, 0x00000000ff161830, 0x00000000ff200000)
  to   space 640K,   0% used [0x00000000ff200000, 0x00000000ff200000, 0x00000000ff2a0000)
 concurrent mark-sweep generation total 13696K, used 8380K [0x00000000ff2a0000, 0x0000000100000000, 0x0000000100000000)
 Metaspace       used 5077K, capacity 5258K, committed 5504K, reserved 1056768K
  class space    used 557K, capacity 597K, committed 640K, reserved 1048576K
}
2024-07-16T17:58:58.243+0800: 5.389: [GC (CMS Initial Mark) [1 CMS-initial-mark: 8380K(13696K)] 9410K(19840K), 0.0001812 secs] [Times: user=0.00 sys=0.00, real=0.00 secs] 
2024-07-16T17:58:58.244+0800: 5.389: [CMS-concurrent-mark-start]
2024-07-16T17:58:58.246+0800: 5.391: [CMS-concurrent-mark: 0.002/0.002 secs] [Times: user=0.00 sys=0.00, real=0.00 secs] 
2024-07-16T17:58:58.246+0800: 5.391: [CMS-concurrent-preclean-start]
2024-07-16T17:58:58.246+0800: 5.391: [CMS-concurrent-preclean: 0.000/0.000 secs] [Times: user=0.00 sys=0.00, real=0.00 secs] 
2024-07-16T17:58:58.246+0800: 5.391: [CMS-concurrent-abortable-preclean-start]
{Heap before GC invocations=673 (full 75):
 par new generation   total 6144K, used 5235K [0x00000000fec00000, 0x00000000ff2a0000, 0x00000000ff2a0000)
  eden space 5504K,  95% used [0x00000000fec00000, 0x00000000ff11b780, 0x00000000ff160000)
  from space 640K,   0% used [0x00000000ff160000, 0x00000000ff161830, 0x00000000ff200000)
  to   space 640K,   0% used [0x00000000ff200000, 0x00000000ff200000, 0x00000000ff2a0000)
 concurrent mark-sweep generation total 13696K, used 8380K [0x00000000ff2a0000, 0x0000000100000000, 0x0000000100000000)
 Metaspace       used 5077K, capacity 5258K, committed 5504K, reserved 1056768K
  class space    used 557K, capacity 597K, committed 640K, reserved 1048576K
2024-07-16T17:58:58.251+0800: 5.396: [GC (Allocation Failure) 2024-07-16T17:58:58.251+0800: 5.396: [ParNew: 5235K->4K(6144K), 0.0005043 secs] 13616K->9408K(19840K), 0.0005508 secs] [Times: user=0.00 sys=0.00, real=0.00 secs] 
Heap after GC invocations=674 (full 75):
 par new generation   total 6144K, used 4K [0x00000000fec00000, 0x00000000ff2a0000, 0x00000000ff2a0000)
  eden space 5504K,   0% used [0x00000000fec00000, 0x00000000fec00000, 0x00000000ff160000)
  from space 640K,   0% used [0x00000000ff200000, 0x00000000ff201020, 0x00000000ff2a0000)
  to   space 640K,   0% used [0x00000000ff160000, 0x00000000ff160000, 0x00000000ff200000)
 concurrent mark-sweep generation total 13696K, used 9404K [0x00000000ff2a0000, 0x0000000100000000, 0x0000000100000000)
 Metaspace       used 5077K, capacity 5258K, committed 5504K, reserved 1056768K
  class space    used 557K, capacity 597K, committed 640K, reserved 1048576K
}
{Heap before GC invocations=674 (full 75):
 par new generation   total 6144K, used 5233K [0x00000000fec00000, 0x00000000ff2a0000, 0x00000000ff2a0000)
  eden space 5504K,  95% used [0x00000000fec00000, 0x00000000ff11b780, 0x00000000ff160000)
  from space 640K,   0% used [0x00000000ff200000, 0x00000000ff201020, 0x00000000ff2a0000)
  to   space 640K,   0% used [0x00000000ff160000, 0x00000000ff160000, 0x00000000ff200000)
 concurrent mark-sweep generation total 13696K, used 9404K [0x00000000ff2a0000, 0x0000000100000000, 0x0000000100000000)
 Metaspace       used 5077K, capacity 5258K, committed 5504K, reserved 1056768K
  class space    used 557K, capacity 597K, committed 640K, reserved 1048576K
2024-07-16T17:58:58.258+0800: 5.403: [GC (Allocation Failure) 2024-07-16T17:58:58.258+0800: 5.403: [ParNew: 5233K->4K(6144K), 0.0005133 secs] 14638K->10432K(19840K), 0.0005725 secs] [Times: user=0.00 sys=0.00, real=0.00 secs] 
Heap after GC invocations=675 (full 75):
 par new generation   total 6144K, used 4K [0x00000000fec00000, 0x00000000ff2a0000, 0x00000000ff2a0000)
  eden space 5504K,   0% used [0x00000000fec00000, 0x00000000fec00000, 0x00000000ff160000)
  from space 640K,   0% used [0x00000000ff160000, 0x00000000ff161020, 0x00000000ff200000)
  to   space 640K,   0% used [0x00000000ff200000, 0x00000000ff200000, 0x00000000ff2a0000)
 concurrent mark-sweep generation total 13696K, used 10428K [0x00000000ff2a0000, 0x0000000100000000, 0x0000000100000000)
 Metaspace       used 5077K, capacity 5258K, committed 5504K, reserved 1056768K
  class space    used 557K, capacity 597K, committed 640K, reserved 1048576K
}
{Heap before GC invocations=675 (full 75):
 par new generation   total 6144K, used 5233K [0x00000000fec00000, 0x00000000ff2a0000, 0x00000000ff2a0000)
  eden space 5504K,  95% used [0x00000000fec00000, 0x00000000ff11b780, 0x00000000ff160000)
  from space 640K,   0% used [0x00000000ff160000, 0x00000000ff161020, 0x00000000ff200000)
  to   space 640K,   0% used [0x00000000ff200000, 0x00000000ff200000, 0x00000000ff2a0000)
 concurrent mark-sweep generation total 13696K, used 10428K [0x00000000ff2a0000, 0x0000000100000000, 0x0000000100000000)
 Metaspace       used 5077K, capacity 5258K, committed 5504K, reserved 1056768K
  class space    used 557K, capacity 597K, committed 640K, reserved 1048576K
2024-07-16T17:58:58.266+0800: 5.411: [GC (Allocation Failure) 2024-07-16T17:58:58.266+0800: 5.411: [ParNew: 5233K->4K(6144K), 0.0011545 secs] 15662K->10432K(19840K), 0.0012246 secs] [Times: user=0.00 sys=0.00, real=0.00 secs] 
Heap after GC invocations=676 (full 75):
 par new generation   total 6144K, used 4K [0x00000000fec00000, 0x00000000ff2a0000, 0x00000000ff2a0000)
  eden space 5504K,   0% used [0x00000000fec00000, 0x00000000fec00000, 0x00000000ff160000)
  from space 640K,   0% used [0x00000000ff200000, 0x00000000ff201020, 0x00000000ff2a0000)
  to   space 640K,   0% used [0x00000000ff160000, 0x00000000ff160000, 0x00000000ff200000)
 concurrent mark-sweep generation total 13696K, used 10428K [0x00000000ff2a0000, 0x0000000100000000, 0x0000000100000000)
 Metaspace       used 5077K, capacity 5258K, committed 5504K, reserved 1056768K
  class space    used 557K, capacity 597K, committed 640K, reserved 1048576K
}
{Heap before GC invocations=676 (full 75):
 par new generation   total 6144K, used 5233K [0x00000000fec00000, 0x00000000ff2a0000, 0x00000000ff2a0000)
  eden space 5504K,  95% used [0x00000000fec00000, 0x00000000ff11b780, 0x00000000ff160000)
  from space 640K,   0% used [0x00000000ff200000, 0x00000000ff201020, 0x00000000ff2a0000)
  to   space 640K,   0% used [0x00000000ff160000, 0x00000000ff160000, 0x00000000ff200000)
 concurrent mark-sweep generation total 13696K, used 10428K [0x00000000ff2a0000, 0x0000000100000000, 0x0000000100000000)
 Metaspace       used 5077K, capacity 5258K, committed 5504K, reserved 1056768K
  class space    used 557K, capacity 597K, committed 640K, reserved 1048576K
2024-07-16T17:58:58.274+0800: 5.419: [GC (Allocation Failure) 2024-07-16T17:58:58.274+0800: 5.419: [ParNew: 5233K->4K(6144K), 0.0004275 secs] 15662K->10432K(19840K), 0.0004774 secs] [Times: user=0.00 sys=0.00, real=0.00 secs] 
Heap after GC invocations=677 (full 75):
 par new generation   total 6144K, used 4K [0x00000000fec00000, 0x00000000ff2a0000, 0x00000000ff2a0000)
  eden space 5504K,   0% used [0x00000000fec00000, 0x00000000fec00000, 0x00000000ff160000)
  from space 640K,   0% used [0x00000000ff160000, 0x00000000ff161020, 0x00000000ff200000)
  to   space 640K,   0% used [0x00000000ff200000, 0x00000000ff200000, 0x00000000ff2a0000)
 concurrent mark-sweep generation total 13696K, used 10428K [0x00000000ff2a0000, 0x0000000100000000, 0x0000000100000000)
 Metaspace       used 5077K, capacity 5258K, committed 5504K, reserved 1056768K
  class space    used 557K, capacity 597K, committed 640K, reserved 1048576K
}
{Heap before GC invocations=677 (full 75):
 par new generation   total 6144K, used 5233K [0x00000000fec00000, 0x00000000ff2a0000, 0x00000000ff2a0000)
  eden space 5504K,  95% used [0x00000000fec00000, 0x00000000ff11b780, 0x00000000ff160000)
  from space 640K,   0% used [0x00000000ff160000, 0x00000000ff161020, 0x00000000ff200000)
  to   space 640K,   0% used [0x00000000ff200000, 0x00000000ff200000, 0x00000000ff2a0000)
 concurrent mark-sweep generation total 13696K, used 10428K [0x00000000ff2a0000, 0x0000000100000000, 0x0000000100000000)
 Metaspace       used 5077K, capacity 5258K, committed 5504K, reserved 1056768K
  class space    used 557K, capacity 597K, committed 640K, reserved 1048576K
2024-07-16T17:58:58.280+0800: 5.425: [GC (Allocation Failure) 2024-07-16T17:58:58.280+0800: 5.425: [ParNew: 5233K->8K(6144K), 0.0013041 secs] 15662K->12487K(19840K), 0.0013873 secs] [Times: user=0.00 sys=0.00, real=0.00 secs] 
Heap after GC invocations=678 (full 75):
 par new generation   total 6144K, used 8K [0x00000000fec00000, 0x00000000ff2a0000, 0x00000000ff2a0000)
  eden space 5504K,   0% used [0x00000000fec00000, 0x00000000fec00000, 0x00000000ff160000)
  from space 640K,   1% used [0x00000000ff200000, 0x00000000ff202040, 0x00000000ff2a0000)
  to   space 640K,   0% used [0x00000000ff160000, 0x00000000ff160000, 0x00000000ff200000)
 concurrent mark-sweep generation total 13696K, used 12479K [0x00000000ff2a0000, 0x0000000100000000, 0x0000000100000000)
 Metaspace       used 5077K, capacity 5258K, committed 5504K, reserved 1056768K
  class space    used 557K, capacity 597K, committed 640K, reserved 1048576K
}
{Heap before GC invocations=678 (full 75):
 par new generation   total 6144K, used 5237K [0x00000000fec00000, 0x00000000ff2a0000, 0x00000000ff2a0000)
  eden space 5504K,  95% used [0x00000000fec00000, 0x00000000ff11b780, 0x00000000ff160000)
  from space 640K,   1% used [0x00000000ff200000, 0x00000000ff202040, 0x00000000ff2a0000)
  to   space 640K,   0% used [0x00000000ff160000, 0x00000000ff160000, 0x00000000ff200000)
 concurrent mark-sweep generation total 13696K, used 12479K [0x00000000ff2a0000, 0x0000000100000000, 0x0000000100000000)
 Metaspace       used 5077K, capacity 5258K, committed 5504K, reserved 1056768K
  class space    used 557K, capacity 597K, committed 640K, reserved 1048576K
2024-07-16T17:58:58.289+0800: 5.434: [GC (Allocation Failure) 2024-07-16T17:58:58.289+0800: 5.434: [ParNew: 5237K->5237K(6144K), 0.0000480 secs]2024-07-16T17:58:58.289+0800: 5.434: [CMS2024-07-16T17:58:58.289+0800: 5.435: [CMS-concurrent-abortable-preclean: 0.001/0.043 secs] [Times: user=0.00 sys=0.00, real=0.04 secs] 
 (concurrent mode failure): 12479K->1196K(13696K), 0.0048790 secs] 17716K->1196K(19840K), [Metaspace: 5077K->5077K(1056768K)], 0.0051597 secs] [Times: user=0.00 sys=0.00, real=0.00 secs] 
Heap after GC invocations=679 (full 76):
 par new generation   total 6144K, used 0K [0x00000000fec00000, 0x00000000ff2a0000, 0x00000000ff2a0000)
  eden space 5504K,   0% used [0x00000000fec00000, 0x00000000fec00000, 0x00000000ff160000)
  from space 640K,   0% used [0x00000000ff200000, 0x00000000ff200000, 0x00000000ff2a0000)
  to   space 640K,   0% used [0x00000000ff160000, 0x00000000ff160000, 0x00000000ff200000)
 concurrent mark-sweep generation total 13696K, used 1196K [0x00000000ff2a0000, 0x0000000100000000, 0x0000000100000000)
 Metaspace       used 5077K, capacity 5258K, committed 5504K, reserved 1056768K
  class space    used 557K, capacity 597K, committed 640K, reserved 1048576K
}
{Heap before GC invocations=679 (full 76):
 par new generation   total 6144K, used 5229K [0x00000000fec00000, 0x00000000ff2a0000, 0x00000000ff2a0000)
  eden space 5504K,  95% used [0x00000000fec00000, 0x00000000ff11b780, 0x00000000ff160000)
  from space 640K,   0% used [0x00000000ff200000, 0x00000000ff200000, 0x00000000ff2a0000)
  to   space 640K,   0% used [0x00000000ff160000, 0x00000000ff160000, 0x00000000ff200000)
 concurrent mark-sweep generation total 13696K, used 1196K [0x00000000ff2a0000, 0x0000000100000000, 0x0000000100000000)
 Metaspace       used 5077K, capacity 5258K, committed 5504K, reserved 1056768K
  class space    used 557K, capacity 597K, committed 640K, reserved 1048576K
2024-07-16T17:58:58.303+0800: 5.448: [GC (Allocation Failure) 2024-07-16T17:58:58.303+0800: 5.448: [ParNew: 5229K->4K(6144K), 0.0003831 secs] 6426K->1200K(19840K), 0.0004843 secs] [Times: user=0.00 sys=0.00, real=0.00 secs] 
Heap after GC invocations=680 (full 76):
 par new generation   total 6144K, used 4K [0x00000000fec00000, 0x00000000ff2a0000, 0x00000000ff2a0000)
  eden space 5504K,   0% used [0x00000000fec00000, 0x00000000fec00000, 0x00000000ff160000)
  from space 640K,   0% used [0x00000000ff160000, 0x00000000ff161020, 0x00000000ff200000)
  to   space 640K,   0% used [0x00000000ff200000, 0x00000000ff200000, 0x00000000ff2a0000)
 concurrent mark-sweep generation total 13696K, used 1196K [0x00000000ff2a0000, 0x0000000100000000, 0x0000000100000000)
 Metaspace       used 5077K, capacity 5258K, committed 5504K, reserved 1056768K
  class space    used 557K, capacity 597K, committed 640K, reserved 1048576K
}
{Heap before GC invocations=680 (full 76):
 par new generation   total 6144K, used 5233K [0x00000000fec00000, 0x00000000ff2a0000, 0x00000000ff2a0000)
  eden space 5504K,  95% used [0x00000000fec00000, 0x00000000ff11b780, 0x00000000ff160000)
  from space 640K,   0% used [0x00000000ff160000, 0x00000000ff161020, 0x00000000ff200000)
  to   space 640K,   0% used [0x00000000ff200000, 0x00000000ff200000, 0x00000000ff2a0000)
 concurrent mark-sweep generation total 13696K, used 1196K [0x00000000ff2a0000, 0x0000000100000000, 0x0000000100000000)
 Metaspace       used 5077K, capacity 5258K, committed 5504K, reserved 1056768K
  class space    used 557K, capacity 597K, committed 640K, reserved 1048576K
2024-07-16T17:58:58.310+0800: 5.455: [GC (Allocation Failure) 2024-07-16T17:58:58.310+0800: 5.455: [ParNew: 5233K->6K(6144K), 0.0009602 secs] 6430K->2228K(19840K), 0.0010720 secs] [Times: user=0.00 sys=0.00, real=0.00 secs] 
Heap after GC invocations=681 (full 76):
 par new generation   total 6144K, used 6K [0x00000000fec00000, 0x00000000ff2a0000, 0x00000000ff2a0000)
  eden space 5504K,   0% used [0x00000000fec00000, 0x00000000fec00000, 0x00000000ff160000)
  from space 640K,   0% used [0x00000000ff200000, 0x00000000ff201830, 0x00000000ff2a0000)
  to   space 640K,   0% used [0x00000000ff160000, 0x00000000ff160000, 0x00000000ff200000)
 concurrent mark-sweep generation total 13696K, used 2222K [0x00000000ff2a0000, 0x0000000100000000, 0x0000000100000000)
 Metaspace       used 5077K, capacity 5258K, committed 5504K, reserved 1056768K
  class space    used 557K, capacity 597K, committed 640K, reserved 1048576K
}
{Heap before GC invocations=681 (full 76):
 par new generation   total 6144K, used 5235K [0x00000000fec00000, 0x00000000ff2a0000, 0x00000000ff2a0000)
  eden space 5504K,  95% used [0x00000000fec00000, 0x00000000ff11b780, 0x00000000ff160000)
  from space 640K,   0% used [0x00000000ff200000, 0x00000000ff201830, 0x00000000ff2a0000)
  to   space 640K,   0% used [0x00000000ff160000, 0x00000000ff160000, 0x00000000ff200000)
 concurrent mark-sweep generation total 13696K, used 2222K [0x00000000ff2a0000, 0x0000000100000000, 0x0000000100000000)
 Metaspace       used 5077K, capacity 5258K, committed 5504K, reserved 1056768K
  class space    used 557K, capacity 597K, committed 640K, reserved 1048576K
2024-07-16T17:58:58.319+0800: 5.464: [GC (Allocation Failure) 2024-07-16T17:58:58.319+0800: 5.464: [ParNew: 5235K->6K(6144K), 0.0006801 secs] 7458K->3254K(19840K), 0.0007506 secs] [Times: user=0.00 sys=0.00, real=0.00 secs] 
Heap after GC invocations=682 (full 76):
 par new generation   total 6144K, used 6K [0x00000000fec00000, 0x00000000ff2a0000, 0x00000000ff2a0000)
  eden space 5504K,   0% used [0x00000000fec00000, 0x00000000fec00000, 0x00000000ff160000)
  from space 640K,   0% used [0x00000000ff160000, 0x00000000ff161830, 0x00000000ff200000)
  to   space 640K,   0% used [0x00000000ff200000, 0x00000000ff200000, 0x00000000ff2a0000)
 concurrent mark-sweep generation total 13696K, used 3248K [0x00000000ff2a0000, 0x0000000100000000, 0x0000000100000000)
 Metaspace       used 5077K, capacity 5258K, committed 5504K, reserved 1056768K
  class space    used 557K, capacity 597K, committed 640K, reserved 1048576K
}
{Heap before GC invocations=682 (full 76):
 par new generation   total 6144K, used 5235K [0x00000000fec00000, 0x00000000ff2a0000, 0x00000000ff2a0000)
  eden space 5504K,  95% used [0x00000000fec00000, 0x00000000ff11b780, 0x00000000ff160000)
  from space 640K,   0% used [0x00000000ff160000, 0x00000000ff161830, 0x00000000ff200000)
  to   space 640K,   0% used [0x00000000ff200000, 0x00000000ff200000, 0x00000000ff2a0000)
 concurrent mark-sweep generation total 13696K, used 3248K [0x00000000ff2a0000, 0x0000000100000000, 0x0000000100000000)
 Metaspace       used 5077K, capacity 5258K, committed 5504K, reserved 1056768K
  class space    used 557K, capacity 597K, committed 640K, reserved 1048576K
2024-07-16T17:58:58.328+0800: 5.473: [GC (Allocation Failure) 2024-07-16T17:58:58.328+0800: 5.473: [ParNew: 5235K->8K(6144K), 0.0006580 secs] 8484K->4282K(19840K), 0.0007443 secs] [Times: user=0.00 sys=0.00, real=0.00 secs] 
Heap after GC invocations=683 (full 76):
 par new generation   total 6144K, used 8K [0x00000000fec00000, 0x00000000ff2a0000, 0x00000000ff2a0000)
  eden space 5504K,   0% used [0x00000000fec00000, 0x00000000fec00000, 0x00000000ff160000)
  from space 640K,   1% used [0x00000000ff200000, 0x00000000ff202040, 0x00000000ff2a0000)
  to   space 640K,   0% used [0x00000000ff160000, 0x00000000ff160000, 0x00000000ff200000)
 concurrent mark-sweep generation total 13696K, used 4274K [0x00000000ff2a0000, 0x0000000100000000, 0x0000000100000000)
 Metaspace       used 5077K, capacity 5258K, committed 5504K, reserved 1056768K
  class space    used 557K, capacity 597K, committed 640K, reserved 1048576K
}
{Heap before GC invocations=683 (full 76):
 par new generation   total 6144K, used 5237K [0x00000000fec00000, 0x00000000ff2a0000, 0x00000000ff2a0000)
  eden space 5504K,  95% used [0x00000000fec00000, 0x00000000ff11b780, 0x00000000ff160000)
  from space 640K,   1% used [0x00000000ff200000, 0x00000000ff202040, 0x00000000ff2a0000)
  to   space 640K,   0% used [0x00000000ff160000, 0x00000000ff160000, 0x00000000ff200000)
 concurrent mark-sweep generation total 13696K, used 4274K [0x00000000ff2a0000, 0x0000000100000000, 0x0000000100000000)
 Metaspace       used 5077K, capacity 5258K, committed 5504K, reserved 1056768K
  class space    used 557K, capacity 597K, committed 640K, reserved 1048576K
2024-07-16T17:58:58.337+0800: 5.482: [GC (Allocation Failure) 2024-07-16T17:58:58.337+0800: 5.482: [ParNew: 5237K->4K(6144K), 0.0002982 secs] 9512K->4278K(19840K), 0.0003382 secs] [Times: user=0.00 sys=0.00, real=0.00 secs] 
Heap after GC invocations=684 (full 76):
 par new generation   total 6144K, used 4K [0x00000000fec00000, 0x00000000ff2a0000, 0x00000000ff2a0000)
  eden space 5504K,   0% used [0x00000000fec00000, 0x00000000fec00000, 0x00000000ff160000)
  from space 640K,   0% used [0x00000000ff160000, 0x00000000ff161020, 0x00000000ff200000)
  to   space 640K,   0% used [0x00000000ff200000, 0x00000000ff200000, 0x00000000ff2a0000)
 concurrent mark-sweep generation total 13696K, used 4274K [0x00000000ff2a0000, 0x0000000100000000, 0x0000000100000000)
 Metaspace       used 5077K, capacity 5258K, committed 5504K, reserved 1056768K
  class space    used 557K, capacity 597K, committed 640K, reserved 1048576K
}
{Heap before GC invocations=684 (full 76):
 par new generation   total 6144K, used 5233K [0x00000000fec00000, 0x00000000ff2a0000, 0x00000000ff2a0000)
  eden space 5504K,  95% used [0x00000000fec00000, 0x00000000ff11b780, 0x00000000ff160000)
  from space 640K,   0% used [0x00000000ff160000, 0x00000000ff161020, 0x00000000ff200000)
  to   space 640K,   0% used [0x00000000ff200000, 0x00000000ff200000, 0x00000000ff2a0000)
 concurrent mark-sweep generation total 13696K, used 4274K [0x00000000ff2a0000, 0x0000000100000000, 0x0000000100000000)
 Metaspace       used 5077K, capacity 5258K, committed 5504K, reserved 1056768K
  class space    used 557K, capacity 597K, committed 640K, reserved 1048576K
2024-07-16T17:58:58.344+0800: 5.489: [GC (Allocation Failure) 2024-07-16T17:58:58.344+0800: 5.489: [ParNew: 5233K->4K(6144K), 0.0009583 secs] 9508K->4278K(19840K), 0.0010682 secs] [Times: user=0.00 sys=0.00, real=0.00 secs] 
Heap after GC invocations=685 (full 76):
 par new generation   total 6144K, used 4K [0x00000000fec00000, 0x00000000ff2a0000, 0x00000000ff2a0000)
  eden space 5504K,   0% used [0x00000000fec00000, 0x00000000fec00000, 0x00000000ff160000)
  from space 640K,   0% used [0x00000000ff200000, 0x00000000ff201020, 0x00000000ff2a0000)
  to   space 640K,   0% used [0x00000000ff160000, 0x00000000ff160000, 0x00000000ff200000)
 concurrent mark-sweep generation total 13696K, used 4274K [0x00000000ff2a0000, 0x0000000100000000, 0x0000000100000000)
 Metaspace       used 5077K, capacity 5258K, committed 5504K, reserved 1056768K
  class space    used 557K, capacity 597K, committed 640K, reserved 1048576K
}
{Heap before GC invocations=685 (full 76):
 par new generation   total 6144K, used 5233K [0x00000000fec00000, 0x00000000ff2a0000, 0x00000000ff2a0000)
  eden space 5504K,  95% used [0x00000000fec00000, 0x00000000ff11b780, 0x00000000ff160000)
  from space 640K,   0% used [0x00000000ff200000, 0x00000000ff201020, 0x00000000ff2a0000)
  to   space 640K,   0% used [0x00000000ff160000, 0x00000000ff160000, 0x00000000ff200000)
 concurrent mark-sweep generation total 13696K, used 4274K [0x00000000ff2a0000, 0x0000000100000000, 0x0000000100000000)
 Metaspace       used 5077K, capacity 5258K, committed 5504K, reserved 1056768K
  class space    used 557K, capacity 597K, committed 640K, reserved 1048576K
2024-07-16T17:58:58.353+0800: 5.498: [GC (Allocation Failure) 2024-07-16T17:58:58.353+0800: 5.498: [ParNew: 5233K->4K(6144K), 0.0002804 secs] 9508K->4278K(19840K), 0.0003352 secs] [Times: user=0.00 sys=0.00, real=0.00 secs] 
Heap after GC invocations=686 (full 76):
 par new generation   total 6144K, used 4K [0x00000000fec00000, 0x00000000ff2a0000, 0x00000000ff2a0000)
  eden space 5504K,   0% used [0x00000000fec00000, 0x00000000fec00000, 0x00000000ff160000)
  from space 640K,   0% used [0x00000000ff160000, 0x00000000ff161020, 0x00000000ff200000)
  to   space 640K,   0% used [0x00000000ff200000, 0x00000000ff200000, 0x00000000ff2a0000)
 concurrent mark-sweep generation total 13696K, used 4274K [0x00000000ff2a0000, 0x0000000100000000, 0x0000000100000000)
 Metaspace       used 5077K, capacity 5258K, committed 5504K, reserved 1056768K
  class space    used 557K, capacity 597K, committed 640K, reserved 1048576K
}
{Heap before GC invocations=686 (full 76):
 par new generation   total 6144K, used 5233K [0x00000000fec00000, 0x00000000ff2a0000, 0x00000000ff2a0000)
  eden space 5504K,  95% used [0x00000000fec00000, 0x00000000ff11b780, 0x00000000ff160000)
  from space 640K,   0% used [0x00000000ff160000, 0x00000000ff161020, 0x00000000ff200000)
  to   space 640K,   0% used [0x00000000ff200000, 0x00000000ff200000, 0x00000000ff2a0000)
 concurrent mark-sweep generation total 13696K, used 4274K [0x00000000ff2a0000, 0x0000000100000000, 0x0000000100000000)
 Metaspace       used 5077K, capacity 5258K, committed 5504K, reserved 1056768K
  class space    used 557K, capacity 597K, committed 640K, reserved 1048576K
2024-07-16T17:58:58.360+0800: 5.505: [GC (Allocation Failure) 2024-07-16T17:58:58.360+0800: 5.505: [ParNew: 5233K->4K(6144K), 0.0004731 secs] 9508K->4278K(19840K), 0.0005584 secs] [Times: user=0.00 sys=0.00, real=0.00 secs] 
Heap after GC invocations=687 (full 76):
 par new generation   total 6144K, used 4K [0x00000000fec00000, 0x00000000ff2a0000, 0x00000000ff2a0000)
  eden space 5504K,   0% used [0x00000000fec00000, 0x00000000fec00000, 0x00000000ff160000)
  from space 640K,   0% used [0x00000000ff200000, 0x00000000ff201020, 0x00000000ff2a0000)
  to   space 640K,   0% used [0x00000000ff160000, 0x00000000ff160000, 0x00000000ff200000)
 concurrent mark-sweep generation total 13696K, used 4274K [0x00000000ff2a0000, 0x0000000100000000, 0x0000000100000000)
 Metaspace       used 5077K, capacity 5258K, committed 5504K, reserved 1056768K
  class space    used 557K, capacity 597K, committed 640K, reserved 1048576K
}
{Heap before GC invocations=687 (full 76):
 par new generation   total 6144K, used 5233K [0x00000000fec00000, 0x00000000ff2a0000, 0x00000000ff2a0000)
  eden space 5504K,  95% used [0x00000000fec00000, 0x00000000ff11b780, 0x00000000ff160000)
  from space 640K,   0% used [0x00000000ff200000, 0x00000000ff201020, 0x00000000ff2a0000)
  to   space 640K,   0% used [0x00000000ff160000, 0x00000000ff160000, 0x00000000ff200000)
 concurrent mark-sweep generation total 13696K, used 4274K [0x00000000ff2a0000, 0x0000000100000000, 0x0000000100000000)
 Metaspace       used 5077K, capacity 5258K, committed 5504K, reserved 1056768K
  class space    used 557K, capacity 597K, committed 640K, reserved 1048576K
2024-07-16T17:58:58.367+0800: 5.512: [GC (Allocation Failure) 2024-07-16T17:58:58.367+0800: 5.512: [ParNew: 5233K->6K(6144K), 0.0004769 secs] 9508K->5306K(19840K), 0.0005240 secs] [Times: user=0.00 sys=0.00, real=0.00 secs] 
Heap after GC invocations=688 (full 76):
 par new generation   total 6144K, used 6K [0x00000000fec00000, 0x00000000ff2a0000, 0x00000000ff2a0000)
  eden space 5504K,   0% used [0x00000000fec00000, 0x00000000fec00000, 0x00000000ff160000)
  from space 640K,   0% used [0x00000000ff160000, 0x00000000ff161830, 0x00000000ff200000)
  to   space 640K,   0% used [0x00000000ff200000, 0x00000000ff200000, 0x00000000ff2a0000)
 concurrent mark-sweep generation total 13696K, used 5300K [0x00000000ff2a0000, 0x0000000100000000, 0x0000000100000000)
 Metaspace       used 5077K, capacity 5258K, committed 5504K, reserved 1056768K
  class space    used 557K, capacity 597K, committed 640K, reserved 1048576K
}
{Heap before GC invocations=688 (full 76):
 par new generation   total 6144K, used 5235K [0x00000000fec00000, 0x00000000ff2a0000, 0x00000000ff2a0000)
  eden space 5504K,  95% used [0x00000000fec00000, 0x00000000ff11b780, 0x00000000ff160000)
  from space 640K,   0% used [0x00000000ff160000, 0x00000000ff161830, 0x00000000ff200000)
  to   space 640K,   0% used [0x00000000ff200000, 0x00000000ff200000, 0x00000000ff2a0000)
 concurrent mark-sweep generation total 13696K, used 5300K [0x00000000ff2a0000, 0x0000000100000000, 0x0000000100000000)
 Metaspace       used 5077K, capacity 5258K, committed 5504K, reserved 1056768K
  class space    used 557K, capacity 597K, committed 640K, reserved 1048576K
2024-07-16T17:58:58.373+0800: 5.518: [GC (Allocation Failure) 2024-07-16T17:58:58.373+0800: 5.518: [ParNew: 5235K->8K(6144K), 0.0005194 secs] 10536K->6334K(19840K), 0.0005655 secs] [Times: user=0.00 sys=0.00, real=0.00 secs] 
Heap after GC invocations=689 (full 76):
 par new generation   total 6144K, used 8K [0x00000000fec00000, 0x00000000ff2a0000, 0x00000000ff2a0000)
  eden space 5504K,   0% used [0x00000000fec00000, 0x00000000fec00000, 0x00000000ff160000)
  from space 640K,   1% used [0x00000000ff200000, 0x00000000ff202040, 0x00000000ff2a0000)
  to   space 640K,   0% used [0x00000000ff160000, 0x00000000ff160000, 0x00000000ff200000)
 concurrent mark-sweep generation total 13696K, used 6326K [0x00000000ff2a0000, 0x0000000100000000, 0x0000000100000000)
 Metaspace       used 5077K, capacity 5258K, committed 5504K, reserved 1056768K
  class space    used 557K, capacity 597K, committed 640K, reserved 1048576K
}
{Heap before GC invocations=689 (full 76):
 par new generation   total 6144K, used 5237K [0x00000000fec00000, 0x00000000ff2a0000, 0x00000000ff2a0000)
  eden space 5504K,  95% used [0x00000000fec00000, 0x00000000ff11b780, 0x00000000ff160000)
  from space 640K,   1% used [0x00000000ff200000, 0x00000000ff202040, 0x00000000ff2a0000)
  to   space 640K,   0% used [0x00000000ff160000, 0x00000000ff160000, 0x00000000ff200000)
 concurrent mark-sweep generation total 13696K, used 6326K [0x00000000ff2a0000, 0x0000000100000000, 0x0000000100000000)
 Metaspace       used 5077K, capacity 5258K, committed 5504K, reserved 1056768K
  class space    used 557K, capacity 597K, committed 640K, reserved 1048576K
2024-07-16T17:58:58.378+0800: 5.523: [GC (Allocation Failure) 2024-07-16T17:58:58.378+0800: 5.523: [ParNew: 5237K->6K(6144K), 0.0010674 secs] 11564K->7358K(19840K), 0.0011740 secs] [Times: user=0.00 sys=0.00, real=0.00 secs] 
Heap after GC invocations=690 (full 76):
 par new generation   total 6144K, used 6K [0x00000000fec00000, 0x00000000ff2a0000, 0x00000000ff2a0000)
  eden space 5504K,   0% used [0x00000000fec00000, 0x00000000fec00000, 0x00000000ff160000)
  from space 640K,   0% used [0x00000000ff160000, 0x00000000ff161830, 0x00000000ff200000)
  to   space 640K,   0% used [0x00000000ff200000, 0x00000000ff200000, 0x00000000ff2a0000)
 concurrent mark-sweep generation total 13696K, used 7352K [0x00000000ff2a0000, 0x0000000100000000, 0x0000000100000000)
 Metaspace       used 5077K, capacity 5258K, committed 5504K, reserved 1056768K
  class space    used 557K, capacity 597K, committed 640K, reserved 1048576K
}
2024-07-16T17:58:58.379+0800: 5.525: [GC (CMS Initial Mark) [1 CMS-initial-mark: 7352K(13696K)] 8382K(19840K), 0.0005105 secs] [Times: user=0.00 sys=0.00, real=0.00 secs] 
2024-07-16T17:58:58.380+0800: 5.525: [CMS-concurrent-mark-start]
2024-07-16T17:58:58.384+0800: 5.529: [CMS-concurrent-mark: 0.004/0.004 secs] [Times: user=0.00 sys=0.00, real=0.00 secs] 
2024-07-16T17:58:58.384+0800: 5.529: [CMS-concurrent-preclean-start]
2024-07-16T17:58:58.384+0800: 5.530: [CMS-concurrent-preclean: 0.000/0.000 secs] [Times: user=0.00 sys=0.00, real=0.00 secs] 
2024-07-16T17:58:58.384+0800: 5.530: [CMS-concurrent-abortable-preclean-start]
{Heap before GC invocations=690 (full 77):
 par new generation   total 6144K, used 5235K [0x00000000fec00000, 0x00000000ff2a0000, 0x00000000ff2a0000)
  eden space 5504K,  95% used [0x00000000fec00000, 0x00000000ff11b780, 0x00000000ff160000)
  from space 640K,   0% used [0x00000000ff160000, 0x00000000ff161830, 0x00000000ff200000)
  to   space 640K,   0% used [0x00000000ff200000, 0x00000000ff200000, 0x00000000ff2a0000)
 concurrent mark-sweep generation total 13696K, used 7352K [0x00000000ff2a0000, 0x0000000100000000, 0x0000000100000000)
 Metaspace       used 5077K, capacity 5258K, committed 5504K, reserved 1056768K
  class space    used 557K, capacity 597K, committed 640K, reserved 1048576K
2024-07-16T17:58:58.388+0800: 5.533: [GC (Allocation Failure) 2024-07-16T17:58:58.388+0800: 5.533: [ParNew: 5235K->6K(6144K), 0.0008622 secs] 12588K->8384K(19840K), 0.0009249 secs] [Times: user=0.00 sys=0.00, real=0.00 secs] 
Heap after GC invocations=691 (full 77):
 par new generation   total 6144K, used 6K [0x00000000fec00000, 0x00000000ff2a0000, 0x00000000ff2a0000)
  eden space 5504K,   0% used [0x00000000fec00000, 0x00000000fec00000, 0x00000000ff160000)
  from space 640K,   0% used [0x00000000ff200000, 0x00000000ff201830, 0x00000000ff2a0000)
  to   space 640K,   0% used [0x00000000ff160000, 0x00000000ff160000, 0x00000000ff200000)
 concurrent mark-sweep generation total 13696K, used 8378K [0x00000000ff2a0000, 0x0000000100000000, 0x0000000100000000)
 Metaspace       used 5077K, capacity 5258K, committed 5504K, reserved 1056768K
  class space    used 557K, capacity 597K, committed 640K, reserved 1048576K
}
{Heap before GC invocations=691 (full 77):
 par new generation   total 6144K, used 5235K [0x00000000fec00000, 0x00000000ff2a0000, 0x00000000ff2a0000)
  eden space 5504K,  95% used [0x00000000fec00000, 0x00000000ff11b780, 0x00000000ff160000)
  from space 640K,   0% used [0x00000000ff200000, 0x00000000ff201830, 0x00000000ff2a0000)
  to   space 640K,   0% used [0x00000000ff160000, 0x00000000ff160000, 0x00000000ff200000)
 concurrent mark-sweep generation total 13696K, used 8378K [0x00000000ff2a0000, 0x0000000100000000, 0x0000000100000000)
 Metaspace       used 5077K, capacity 5258K, committed 5504K, reserved 1056768K
  class space    used 557K, capacity 597K, committed 640K, reserved 1048576K
2024-07-16T17:58:58.398+0800: 5.543: [GC (Allocation Failure) 2024-07-16T17:58:58.398+0800: 5.543: [ParNew: 5235K->4K(6144K), 0.0003419 secs] 13614K->8382K(19840K), 0.0004433 secs] [Times: user=0.00 sys=0.00, real=0.00 secs] 
Heap after GC invocations=692 (full 77):
 par new generation   total 6144K, used 4K [0x00000000fec00000, 0x00000000ff2a0000, 0x00000000ff2a0000)
  eden space 5504K,   0% used [0x00000000fec00000, 0x00000000fec00000, 0x00000000ff160000)
  from space 640K,   0% used [0x00000000ff160000, 0x00000000ff161020, 0x00000000ff200000)
  to   space 640K,   0% used [0x00000000ff200000, 0x00000000ff200000, 0x00000000ff2a0000)
 concurrent mark-sweep generation total 13696K, used 8378K [0x00000000ff2a0000, 0x0000000100000000, 0x0000000100000000)
 Metaspace       used 5077K, capacity 5258K, committed 5504K, reserved 1056768K
  class space    used 557K, capacity 597K, committed 640K, reserved 1048576K
}
{Heap before GC invocations=692 (full 77):
 par new generation   total 6144K, used 5233K [0x00000000fec00000, 0x00000000ff2a0000, 0x00000000ff2a0000)
  eden space 5504K,  95% used [0x00000000fec00000, 0x00000000ff11b780, 0x00000000ff160000)
  from space 640K,   0% used [0x00000000ff160000, 0x00000000ff161020, 0x00000000ff200000)
  to   space 640K,   0% used [0x00000000ff200000, 0x00000000ff200000, 0x00000000ff2a0000)
 concurrent mark-sweep generation total 13696K, used 8378K [0x00000000ff2a0000, 0x0000000100000000, 0x0000000100000000)
 Metaspace       used 5077K, capacity 5258K, committed 5504K, reserved 1056768K
  class space    used 557K, capacity 597K, committed 640K, reserved 1048576K
2024-07-16T17:58:58.405+0800: 5.550: [GC (Allocation Failure) 2024-07-16T17:58:58.405+0800: 5.550: [ParNew: 5233K->4K(6144K), 0.0003376 secs] 13612K->8382K(19840K), 0.0003857 secs] [Times: user=0.00 sys=0.00, real=0.00 secs] 
Heap after GC invocations=693 (full 77):
 par new generation   total 6144K, used 4K [0x00000000fec00000, 0x00000000ff2a0000, 0x00000000ff2a0000)
  eden space 5504K,   0% used [0x00000000fec00000, 0x00000000fec00000, 0x00000000ff160000)
  from space 640K,   0% used [0x00000000ff200000, 0x00000000ff201020, 0x00000000ff2a0000)
  to   space 640K,   0% used [0x00000000ff160000, 0x00000000ff160000, 0x00000000ff200000)
 concurrent mark-sweep generation total 13696K, used 8378K [0x00000000ff2a0000, 0x0000000100000000, 0x0000000100000000)
 Metaspace       used 5077K, capacity 5258K, committed 5504K, reserved 1056768K
  class space    used 557K, capacity 597K, committed 640K, reserved 1048576K
}
{Heap before GC invocations=693 (full 77):
 par new generation   total 6144K, used 5233K [0x00000000fec00000, 0x00000000ff2a0000, 0x00000000ff2a0000)
  eden space 5504K,  95% used [0x00000000fec00000, 0x00000000ff11b780, 0x00000000ff160000)
  from space 640K,   0% used [0x00000000ff200000, 0x00000000ff201020, 0x00000000ff2a0000)
  to   space 640K,   0% used [0x00000000ff160000, 0x00000000ff160000, 0x00000000ff200000)
 concurrent mark-sweep generation total 13696K, used 8378K [0x00000000ff2a0000, 0x0000000100000000, 0x0000000100000000)
 Metaspace       used 5077K, capacity 5258K, committed 5504K, reserved 1056768K
  class space    used 557K, capacity 597K, committed 640K, reserved 1048576K
2024-07-16T17:58:58.412+0800: 5.557: [GC (Allocation Failure) 2024-07-16T17:58:58.412+0800: 5.557: [ParNew: 5233K->4K(6144K), 0.0007800 secs] 13612K->8382K(19840K), 0.0008695 secs] [Times: user=0.00 sys=0.00, real=0.00 secs] 
Heap after GC invocations=694 (full 77):
 par new generation   total 6144K, used 4K [0x00000000fec00000, 0x00000000ff2a0000, 0x00000000ff2a0000)
  eden space 5504K,   0% used [0x00000000fec00000, 0x00000000fec00000, 0x00000000ff160000)
  from space 640K,   0% used [0x00000000ff160000, 0x00000000ff161020, 0x00000000ff200000)
  to   space 640K,   0% used [0x00000000ff200000, 0x00000000ff200000, 0x00000000ff2a0000)
 concurrent mark-sweep generation total 13696K, used 8378K [0x00000000ff2a0000, 0x0000000100000000, 0x0000000100000000)
 Metaspace       used 5077K, capacity 5258K, committed 5504K, reserved 1056768K
  class space    used 557K, capacity 597K, committed 640K, reserved 1048576K
}
{Heap before GC invocations=694 (full 77):
 par new generation   total 6144K, used 5233K [0x00000000fec00000, 0x00000000ff2a0000, 0x00000000ff2a0000)
  eden space 5504K,  95% used [0x00000000fec00000, 0x00000000ff11b780, 0x00000000ff160000)
  from space 640K,   0% used [0x00000000ff160000, 0x00000000ff161020, 0x00000000ff200000)
  to   space 640K,   0% used [0x00000000ff200000, 0x00000000ff200000, 0x00000000ff2a0000)
 concurrent mark-sweep generation total 13696K, used 8378K [0x00000000ff2a0000, 0x0000000100000000, 0x0000000100000000)
 Metaspace       used 5077K, capacity 5258K, committed 5504K, reserved 1056768K
  class space    used 557K, capacity 597K, committed 640K, reserved 1048576K
2024-07-16T17:58:58.421+0800: 5.566: [GC (Allocation Failure) 2024-07-16T17:58:58.421+0800: 5.566: [ParNew: 5233K->4K(6144K), 0.0003491 secs] 13612K->8382K(19840K), 0.0004334 secs] [Times: user=0.00 sys=0.00, real=0.00 secs] 
Heap after GC invocations=695 (full 77):
 par new generation   total 6144K, used 4K [0x00000000fec00000, 0x00000000ff2a0000, 0x00000000ff2a0000)
  eden space 5504K,   0% used [0x00000000fec00000, 0x00000000fec00000, 0x00000000ff160000)
  from space 640K,   0% used [0x00000000ff200000, 0x00000000ff201020, 0x00000000ff2a0000)
  to   space 640K,   0% used [0x00000000ff160000, 0x00000000ff160000, 0x00000000ff200000)
 concurrent mark-sweep generation total 13696K, used 8378K [0x00000000ff2a0000, 0x0000000100000000, 0x0000000100000000)
 Metaspace       used 5077K, capacity 5258K, committed 5504K, reserved 1056768K
  class space    used 557K, capacity 597K, committed 640K, reserved 1048576K
}
{Heap before GC invocations=695 (full 77):
 par new generation   total 6144K, used 5233K [0x00000000fec00000, 0x00000000ff2a0000, 0x00000000ff2a0000)
  eden space 5504K,  95% used [0x00000000fec00000, 0x00000000ff11b780, 0x00000000ff160000)
  from space 640K,   0% used [0x00000000ff200000, 0x00000000ff201020, 0x00000000ff2a0000)
  to   space 640K,   0% used [0x00000000ff160000, 0x00000000ff160000, 0x00000000ff200000)
 concurrent mark-sweep generation total 13696K, used 8378K [0x00000000ff2a0000, 0x0000000100000000, 0x0000000100000000)
 Metaspace       used 5077K, capacity 5258K, committed 5504K, reserved 1056768K
  class space    used 557K, capacity 597K, committed 640K, reserved 1048576K
2024-07-16T17:58:58.430+0800: 5.575: [GC (Allocation Failure) 2024-07-16T17:58:58.430+0800: 5.575: [ParNew: 5233K->4K(6144K), 0.0003313 secs] 13612K->8382K(19840K), 0.0003845 secs] [Times: user=0.00 sys=0.00, real=0.00 secs] 
Heap after GC invocations=696 (full 77):
 par new generation   total 6144K, used 4K [0x00000000fec00000, 0x00000000ff2a0000, 0x00000000ff2a0000)
  eden space 5504K,   0% used [0x00000000fec00000, 0x00000000fec00000, 0x00000000ff160000)
  from space 640K,   0% used [0x00000000ff160000, 0x00000000ff161020, 0x00000000ff200000)
  to   space 640K,   0% used [0x00000000ff200000, 0x00000000ff200000, 0x00000000ff2a0000)
 concurrent mark-sweep generation total 13696K, used 8378K [0x00000000ff2a0000, 0x0000000100000000, 0x0000000100000000)
 Metaspace       used 5077K, capacity 5258K, committed 5504K, reserved 1056768K
  class space    used 557K, capacity 597K, committed 640K, reserved 1048576K
}
{Heap before GC invocations=696 (full 77):
 par new generation   total 6144K, used 5233K [0x00000000fec00000, 0x00000000ff2a0000, 0x00000000ff2a0000)
  eden space 5504K,  95% used [0x00000000fec00000, 0x00000000ff11b780, 0x00000000ff160000)
  from space 640K,   0% used [0x00000000ff160000, 0x00000000ff161020, 0x00000000ff200000)
  to   space 640K,   0% used [0x00000000ff200000, 0x00000000ff200000, 0x00000000ff2a0000)
 concurrent mark-sweep generation total 13696K, used 8378K [0x00000000ff2a0000, 0x0000000100000000, 0x0000000100000000)
 Metaspace       used 5077K, capacity 5258K, committed 5504K, reserved 1056768K
  class space    used 557K, capacity 597K, committed 640K, reserved 1048576K
2024-07-16T17:58:58.437+0800: 5.582: [GC (Allocation Failure) 2024-07-16T17:58:58.437+0800: 5.582: [ParNew: 5233K->4K(6144K), 0.0003440 secs] 13612K->8382K(19840K), 0.0004532 secs] [Times: user=0.00 sys=0.00, real=0.00 secs] 
Heap after GC invocations=697 (full 77):
 par new generation   total 6144K, used 4K [0x00000000fec00000, 0x00000000ff2a0000, 0x00000000ff2a0000)
  eden space 5504K,   0% used [0x00000000fec00000, 0x00000000fec00000, 0x00000000ff160000)
  from space 640K,   0% used [0x00000000ff200000, 0x00000000ff201020, 0x00000000ff2a0000)
  to   space 640K,   0% used [0x00000000ff160000, 0x00000000ff160000, 0x00000000ff200000)
 concurrent mark-sweep generation total 13696K, used 8378K [0x00000000ff2a0000, 0x0000000100000000, 0x0000000100000000)
 Metaspace       used 5077K, capacity 5258K, committed 5504K, reserved 1056768K
  class space    used 557K, capacity 597K, committed 640K, reserved 1048576K
}
{Heap before GC invocations=697 (full 77):
 par new generation   total 6144K, used 5233K [0x00000000fec00000, 0x00000000ff2a0000, 0x00000000ff2a0000)
  eden space 5504K,  95% used [0x00000000fec00000, 0x00000000ff11b780, 0x00000000ff160000)
  from space 640K,   0% used [0x00000000ff200000, 0x00000000ff201020, 0x00000000ff2a0000)
  to   space 640K,   0% used [0x00000000ff160000, 0x00000000ff160000, 0x00000000ff200000)
 concurrent mark-sweep generation total 13696K, used 8378K [0x00000000ff2a0000, 0x0000000100000000, 0x0000000100000000)
 Metaspace       used 5077K, capacity 5258K, committed 5504K, reserved 1056768K
  class space    used 557K, capacity 597K, committed 640K, reserved 1048576K
2024-07-16T17:58:58.443+0800: 5.588: [GC (Allocation Failure) 2024-07-16T17:58:58.443+0800: 5.588: [ParNew: 5233K->6K(6144K), 0.0003744 secs] 13612K->9408K(19840K), 0.0004148 secs] [Times: user=0.00 sys=0.00, real=0.00 secs] 
Heap after GC invocations=698 (full 77):
 par new generation   total 6144K, used 6K [0x00000000fec00000, 0x00000000ff2a0000, 0x00000000ff2a0000)
  eden space 5504K,   0% used [0x00000000fec00000, 0x00000000fec00000, 0x00000000ff160000)
  from space 640K,   0% used [0x00000000ff160000, 0x00000000ff161830, 0x00000000ff200000)
  to   space 640K,   0% used [0x00000000ff200000, 0x00000000ff200000, 0x00000000ff2a0000)
 concurrent mark-sweep generation total 13696K, used 9402K [0x00000000ff2a0000, 0x0000000100000000, 0x0000000100000000)
 Metaspace       used 5077K, capacity 5258K, committed 5504K, reserved 1056768K
  class space    used 557K, capacity 597K, committed 640K, reserved 1048576K
}
{Heap before GC invocations=698 (full 77):
 par new generation   total 6144K, used 5235K [0x00000000fec00000, 0x00000000ff2a0000, 0x00000000ff2a0000)
  eden space 5504K,  95% used [0x00000000fec00000, 0x00000000ff11b780, 0x00000000ff160000)
  from space 640K,   0% used [0x00000000ff160000, 0x00000000ff161830, 0x00000000ff200000)
  to   space 640K,   0% used [0x00000000ff200000, 0x00000000ff200000, 0x00000000ff2a0000)
 concurrent mark-sweep generation total 13696K, used 9402K [0x00000000ff2a0000, 0x0000000100000000, 0x0000000100000000)
 Metaspace       used 5077K, capacity 5258K, committed 5504K, reserved 1056768K
  class space    used 557K, capacity 597K, committed 640K, reserved 1048576K
2024-07-16T17:58:58.450+0800: 5.595: [GC (Allocation Failure) 2024-07-16T17:58:58.450+0800: 5.595: [ParNew: 5235K->6K(6144K), 0.0003387 secs] 14638K->10435K(19840K), 0.0003707 secs] [Times: user=0.00 sys=0.00, real=0.00 secs] 
Heap after GC invocations=699 (full 77):
 par new generation   total 6144K, used 6K [0x00000000fec00000, 0x00000000ff2a0000, 0x00000000ff2a0000)
  eden space 5504K,   0% used [0x00000000fec00000, 0x00000000fec00000, 0x00000000ff160000)
  from space 640K,   0% used [0x00000000ff200000, 0x00000000ff201830, 0x00000000ff2a0000)
  to   space 640K,   0% used [0x00000000ff160000, 0x00000000ff160000, 0x00000000ff200000)
 concurrent mark-sweep generation total 13696K, used 10428K [0x00000000ff2a0000, 0x0000000100000000, 0x0000000100000000)
 Metaspace       used 5077K, capacity 5258K, committed 5504K, reserved 1056768K
  class space    used 557K, capacity 597K, committed 640K, reserved 1048576K
}
{Heap before GC invocations=699 (full 77):
 par new generation   total 6144K, used 5235K [0x00000000fec00000, 0x00000000ff2a0000, 0x00000000ff2a0000)
  eden space 5504K,  95% used [0x00000000fec00000, 0x00000000ff11b780, 0x00000000ff160000)
  from space 640K,   0% used [0x00000000ff200000, 0x00000000ff201830, 0x00000000ff2a0000)
  to   space 640K,   0% used [0x00000000ff160000, 0x00000000ff160000, 0x00000000ff200000)
 concurrent mark-sweep generation total 13696K, used 10428K [0x00000000ff2a0000, 0x0000000100000000, 0x0000000100000000)
 Metaspace       used 5077K, capacity 5258K, committed 5504K, reserved 1056768K
  class space    used 557K, capacity 597K, committed 640K, reserved 1048576K
2024-07-16T17:58:58.457+0800: 5.602: [GC (Allocation Failure) 2024-07-16T17:58:58.457+0800: 5.602: [ParNew: 5235K->4K(6144K), 0.0005970 secs] 15664K->10433K(19840K), 0.0007300 secs] [Times: user=0.00 sys=0.00, real=0.00 secs] 
Heap after GC invocations=700 (full 77):
 par new generation   total 6144K, used 4K [0x00000000fec00000, 0x00000000ff2a0000, 0x00000000ff2a0000)
  eden space 5504K,   0% used [0x00000000fec00000, 0x00000000fec00000, 0x00000000ff160000)
  from space 640K,   0% used [0x00000000ff160000, 0x00000000ff161020, 0x00000000ff200000)
  to   space 640K,   0% used [0x00000000ff200000, 0x00000000ff200000, 0x00000000ff2a0000)
 concurrent mark-sweep generation total 13696K, used 10428K [0x00000000ff2a0000, 0x0000000100000000, 0x0000000100000000)
 Metaspace       used 5077K, capacity 5258K, committed 5504K, reserved 1056768K
  class space    used 557K, capacity 597K, committed 640K, reserved 1048576K
}
{Heap before GC invocations=700 (full 77):
 par new generation   total 6144K, used 5233K [0x00000000fec00000, 0x00000000ff2a0000, 0x00000000ff2a0000)
  eden space 5504K,  95% used [0x00000000fec00000, 0x00000000ff11b780, 0x00000000ff160000)
  from space 640K,   0% used [0x00000000ff160000, 0x00000000ff161020, 0x00000000ff200000)
  to   space 640K,   0% used [0x00000000ff200000, 0x00000000ff200000, 0x00000000ff2a0000)
 concurrent mark-sweep generation total 13696K, used 10428K [0x00000000ff2a0000, 0x0000000100000000, 0x0000000100000000)
 Metaspace       used 5077K, capacity 5258K, committed 5504K, reserved 1056768K
  class space    used 557K, capacity 597K, committed 640K, reserved 1048576K
2024-07-16T17:58:58.465+0800: 5.610: [GC (Allocation Failure) 2024-07-16T17:58:58.465+0800: 5.610: [ParNew: 5233K->4K(6144K), 0.0007949 secs] 15662K->11459K(19840K), 0.0008847 secs] [Times: user=0.00 sys=0.00, real=0.00 secs] 
Heap after GC invocations=701 (full 77):
 par new generation   total 6144K, used 4K [0x00000000fec00000, 0x00000000ff2a0000, 0x00000000ff2a0000)
  eden space 5504K,   0% used [0x00000000fec00000, 0x00000000fec00000, 0x00000000ff160000)
  from space 640K,   0% used [0x00000000ff200000, 0x00000000ff201020, 0x00000000ff2a0000)
  to   space 640K,   0% used [0x00000000ff160000, 0x00000000ff160000, 0x00000000ff200000)
 concurrent mark-sweep generation total 13696K, used 11455K [0x00000000ff2a0000, 0x0000000100000000, 0x0000000100000000)
 Metaspace       used 5077K, capacity 5258K, committed 5504K, reserved 1056768K
  class space    used 557K, capacity 597K, committed 640K, reserved 1048576K
}
{Heap before GC invocations=701 (full 77):
 par new generation   total 6144K, used 5233K [0x00000000fec00000, 0x00000000ff2a0000, 0x00000000ff2a0000)
  eden space 5504K,  95% used [0x00000000fec00000, 0x00000000ff11b780, 0x00000000ff160000)
  from space 640K,   0% used [0x00000000ff200000, 0x00000000ff201020, 0x00000000ff2a0000)
  to   space 640K,   0% used [0x00000000ff160000, 0x00000000ff160000, 0x00000000ff200000)
 concurrent mark-sweep generation total 13696K, used 11455K [0x00000000ff2a0000, 0x0000000100000000, 0x0000000100000000)
 Metaspace       used 5077K, capacity 5258K, committed 5504K, reserved 1056768K
  class space    used 557K, capacity 597K, committed 640K, reserved 1048576K
2024-07-16T17:58:58.473+0800: 5.618: [GC (Allocation Failure) 2024-07-16T17:58:58.473+0800: 5.618: [ParNew: 5233K->8K(6144K), 0.0006073 secs] 16688K->12487K(19840K), 0.0007479 secs] [Times: user=0.00 sys=0.00, real=0.00 secs] 
Heap after GC invocations=702 (full 77):
 par new generation   total 6144K, used 8K [0x00000000fec00000, 0x00000000ff2a0000, 0x00000000ff2a0000)
  eden space 5504K,   0% used [0x00000000fec00000, 0x00000000fec00000, 0x00000000ff160000)
  from space 640K,   1% used [0x00000000ff160000, 0x00000000ff162040, 0x00000000ff200000)
  to   space 640K,   0% used [0x00000000ff200000, 0x00000000ff200000, 0x00000000ff2a0000)
 concurrent mark-sweep generation total 13696K, used 12479K [0x00000000ff2a0000, 0x0000000100000000, 0x0000000100000000)
 Metaspace       used 5077K, capacity 5258K, committed 5504K, reserved 1056768K
  class space    used 557K, capacity 597K, committed 640K, reserved 1048576K
}
{Heap before GC invocations=702 (full 77):
 par new generation   total 6144K, used 5237K [0x00000000fec00000, 0x00000000ff2a0000, 0x00000000ff2a0000)
  eden space 5504K,  95% used [0x00000000fec00000, 0x00000000ff11b780, 0x00000000ff160000)
  from space 640K,   1% used [0x00000000ff160000, 0x00000000ff162040, 0x00000000ff200000)
  to   space 640K,   0% used [0x00000000ff200000, 0x00000000ff200000, 0x00000000ff2a0000)
 concurrent mark-sweep generation total 13696K, used 12479K [0x00000000ff2a0000, 0x0000000100000000, 0x0000000100000000)
 Metaspace       used 5077K, capacity 5258K, committed 5504K, reserved 1056768K
  class space    used 557K, capacity 597K, committed 640K, reserved 1048576K
2024-07-16T17:58:58.481+0800: 5.626: [GC (Allocation Failure) 2024-07-16T17:58:58.481+0800: 5.626: [ParNew: 5237K->5237K(6144K), 0.0000311 secs]2024-07-16T17:58:58.481+0800: 5.626: [CMS2024-07-16T17:58:58.481+0800: 5.626: [CMS-concurrent-abortable-preclean: 0.001/0.097 secs] [Times: user=0.00 sys=0.00, real=0.10 secs] 
 (concurrent mode failure): 12479K->2220K(13696K), 0.0056980 secs] 17717K->2220K(19840K), [Metaspace: 5077K->5077K(1056768K)], 0.0058598 secs] [Times: user=0.01 sys=0.00, real=0.01 secs] 
Heap after GC invocations=703 (full 78):
 par new generation   total 6144K, used 0K [0x00000000fec00000, 0x00000000ff2a0000, 0x00000000ff2a0000)
  eden space 5504K,   0% used [0x00000000fec00000, 0x00000000fec00000, 0x00000000ff160000)
  from space 640K,   0% used [0x00000000ff160000, 0x00000000ff160000, 0x00000000ff200000)
  to   space 640K,   0% used [0x00000000ff200000, 0x00000000ff200000, 0x00000000ff2a0000)
 concurrent mark-sweep generation total 13696K, used 2220K [0x00000000ff2a0000, 0x0000000100000000, 0x0000000100000000)
 Metaspace       used 5077K, capacity 5258K, committed 5504K, reserved 1056768K
  class space    used 557K, capacity 597K, committed 640K, reserved 1048576K
}
{Heap before GC invocations=703 (full 78):
 par new generation   total 6144K, used 5229K [0x00000000fec00000, 0x00000000ff2a0000, 0x00000000ff2a0000)
  eden space 5504K,  95% used [0x00000000fec00000, 0x00000000ff11b780, 0x00000000ff160000)
  from space 640K,   0% used [0x00000000ff160000, 0x00000000ff160000, 0x00000000ff200000)
  to   space 640K,   0% used [0x00000000ff200000, 0x00000000ff200000, 0x00000000ff2a0000)
 concurrent mark-sweep generation total 13696K, used 2220K [0x00000000ff2a0000, 0x0000000100000000, 0x0000000100000000)
 Metaspace       used 5077K, capacity 5258K, committed 5504K, reserved 1056768K
  class space    used 557K, capacity 597K, committed 640K, reserved 1048576K
2024-07-16T17:58:58.496+0800: 5.641: [GC (Allocation Failure) 2024-07-16T17:58:58.496+0800: 5.641: [ParNew: 5229K->4K(6144K), 0.0004177 secs] 7450K->2224K(19840K), 0.0004888 secs] [Times: user=0.00 sys=0.00, real=0.00 secs] 
Heap after GC invocations=704 (full 78):
 par new generation   total 6144K, used 4K [0x00000000fec00000, 0x00000000ff2a0000, 0x00000000ff2a0000)
  eden space 5504K,   0% used [0x00000000fec00000, 0x00000000fec00000, 0x00000000ff160000)
  from space 640K,   0% used [0x00000000ff200000, 0x00000000ff201020, 0x00000000ff2a0000)
  to   space 640K,   0% used [0x00000000ff160000, 0x00000000ff160000, 0x00000000ff200000)
 concurrent mark-sweep generation total 13696K, used 2220K [0x00000000ff2a0000, 0x0000000100000000, 0x0000000100000000)
 Metaspace       used 5077K, capacity 5258K, committed 5504K, reserved 1056768K
  class space    used 557K, capacity 597K, committed 640K, reserved 1048576K
}
{Heap before GC invocations=704 (full 78):
 par new generation   total 6144K, used 5233K [0x00000000fec00000, 0x00000000ff2a0000, 0x00000000ff2a0000)
  eden space 5504K,  95% used [0x00000000fec00000, 0x00000000ff11b780, 0x00000000ff160000)
  from space 640K,   0% used [0x00000000ff200000, 0x00000000ff201020, 0x00000000ff2a0000)
  to   space 640K,   0% used [0x00000000ff160000, 0x00000000ff160000, 0x00000000ff200000)
 concurrent mark-sweep generation total 13696K, used 2220K [0x00000000ff2a0000, 0x0000000100000000, 0x0000000100000000)
 Metaspace       used 5077K, capacity 5258K, committed 5504K, reserved 1056768K
  class space    used 557K, capacity 597K, committed 640K, reserved 1048576K
2024-07-16T17:58:58.504+0800: 5.649: [GC (Allocation Failure) 2024-07-16T17:58:58.504+0800: 5.649: [ParNew: 5233K->8K(6144K), 0.0004635 secs] 7454K->3254K(19840K), 0.0005766 secs] [Times: user=0.00 sys=0.00, real=0.00 secs] 
Heap after GC invocations=705 (full 78):
 par new generation   total 6144K, used 8K [0x00000000fec00000, 0x00000000ff2a0000, 0x00000000ff2a0000)
  eden space 5504K,   0% used [0x00000000fec00000, 0x00000000fec00000, 0x00000000ff160000)
  from space 640K,   1% used [0x00000000ff160000, 0x00000000ff162040, 0x00000000ff200000)
  to   space 640K,   0% used [0x00000000ff200000, 0x00000000ff200000, 0x00000000ff2a0000)
 concurrent mark-sweep generation total 13696K, used 3246K [0x00000000ff2a0000, 0x0000000100000000, 0x0000000100000000)
 Metaspace       used 5077K, capacity 5258K, committed 5504K, reserved 1056768K
  class space    used 557K, capacity 597K, committed 640K, reserved 1048576K
}
{Heap before GC invocations=705 (full 78):
 par new generation   total 6144K, used 5237K [0x00000000fec00000, 0x00000000ff2a0000, 0x00000000ff2a0000)
  eden space 5504K,  95% used [0x00000000fec00000, 0x00000000ff11b780, 0x00000000ff160000)
  from space 640K,   1% used [0x00000000ff160000, 0x00000000ff162040, 0x00000000ff200000)
  to   space 640K,   0% used [0x00000000ff200000, 0x00000000ff200000, 0x00000000ff2a0000)
 concurrent mark-sweep generation total 13696K, used 3246K [0x00000000ff2a0000, 0x0000000100000000, 0x0000000100000000)
 Metaspace       used 5077K, capacity 5258K, committed 5504K, reserved 1056768K
  class space    used 557K, capacity 597K, committed 640K, reserved 1048576K
2024-07-16T17:58:58.513+0800: 5.658: [GC (Allocation Failure) 2024-07-16T17:58:58.513+0800: 5.658: [ParNew: 5237K->4K(6144K), 0.0007809 secs] 8484K->3250K(19840K), 0.0008504 secs] [Times: user=0.00 sys=0.00, real=0.00 secs] 
Heap after GC invocations=706 (full 78):
 par new generation   total 6144K, used 4K [0x00000000fec00000, 0x00000000ff2a0000, 0x00000000ff2a0000)
  eden space 5504K,   0% used [0x00000000fec00000, 0x00000000fec00000, 0x00000000ff160000)
  from space 640K,   0% used [0x00000000ff200000, 0x00000000ff201020, 0x00000000ff2a0000)
  to   space 640K,   0% used [0x00000000ff160000, 0x00000000ff160000, 0x00000000ff200000)
 concurrent mark-sweep generation total 13696K, used 3246K [0x00000000ff2a0000, 0x0000000100000000, 0x0000000100000000)
 Metaspace       used 5077K, capacity 5258K, committed 5504K, reserved 1056768K
  class space    used 557K, capacity 597K, committed 640K, reserved 1048576K
}
{Heap before GC invocations=706 (full 78):
 par new generation   total 6144K, used 5233K [0x00000000fec00000, 0x00000000ff2a0000, 0x00000000ff2a0000)
  eden space 5504K,  95% used [0x00000000fec00000, 0x00000000ff11b780, 0x00000000ff160000)
  from space 640K,   0% used [0x00000000ff200000, 0x00000000ff201020, 0x00000000ff2a0000)
  to   space 640K,   0% used [0x00000000ff160000, 0x00000000ff160000, 0x00000000ff200000)
 concurrent mark-sweep generation total 13696K, used 3246K [0x00000000ff2a0000, 0x0000000100000000, 0x0000000100000000)
 Metaspace       used 5077K, capacity 5258K, committed 5504K, reserved 1056768K
  class space    used 557K, capacity 597K, committed 640K, reserved 1048576K
2024-07-16T17:58:58.521+0800: 5.666: [GC (Allocation Failure) 2024-07-16T17:58:58.521+0800: 5.666: [ParNew: 5233K->6K(6144K), 0.0004859 secs] 8480K->4278K(19840K), 0.0005532 secs] [Times: user=0.00 sys=0.00, real=0.00 secs] 
Heap after GC invocations=707 (full 78):
 par new generation   total 6144K, used 6K [0x00000000fec00000, 0x00000000ff2a0000, 0x00000000ff2a0000)
  eden space 5504K,   0% used [0x00000000fec00000, 0x00000000fec00000, 0x00000000ff160000)
  from space 640K,   0% used [0x00000000ff160000, 0x00000000ff161830, 0x00000000ff200000)
  to   space 640K,   0% used [0x00000000ff200000, 0x00000000ff200000, 0x00000000ff2a0000)
 concurrent mark-sweep generation total 13696K, used 4272K [0x00000000ff2a0000, 0x0000000100000000, 0x0000000100000000)
 Metaspace       used 5077K, capacity 5258K, committed 5504K, reserved 1056768K
  class space    used 557K, capacity 597K, committed 640K, reserved 1048576K
}
{Heap before GC invocations=707 (full 78):
 par new generation   total 6144K, used 5235K [0x00000000fec00000, 0x00000000ff2a0000, 0x00000000ff2a0000)
  eden space 5504K,  95% used [0x00000000fec00000, 0x00000000ff11b780, 0x00000000ff160000)
  from space 640K,   0% used [0x00000000ff160000, 0x00000000ff161830, 0x00000000ff200000)
  to   space 640K,   0% used [0x00000000ff200000, 0x00000000ff200000, 0x00000000ff2a0000)
 concurrent mark-sweep generation total 13696K, used 4272K [0x00000000ff2a0000, 0x0000000100000000, 0x0000000100000000)
 Metaspace       used 5077K, capacity 5258K, committed 5504K, reserved 1056768K
  class space    used 557K, capacity 597K, committed 640K, reserved 1048576K
2024-07-16T17:58:58.528+0800: 5.673: [GC (Allocation Failure) 2024-07-16T17:58:58.528+0800: 5.673: [ParNew: 5235K->8K(6144K), 0.0004238 secs] 9508K->5306K(19840K), 0.0004852 secs] [Times: user=0.00 sys=0.00, real=0.00 secs] 
Heap after GC invocations=708 (full 78):
 par new generation   total 6144K, used 8K [0x00000000fec00000, 0x00000000ff2a0000, 0x00000000ff2a0000)
  eden space 5504K,   0% used [0x00000000fec00000, 0x00000000fec00000, 0x00000000ff160000)
  from space 640K,   1% used [0x00000000ff200000, 0x00000000ff202040, 0x00000000ff2a0000)
  to   space 640K,   0% used [0x00000000ff160000, 0x00000000ff160000, 0x00000000ff200000)
 concurrent mark-sweep generation total 13696K, used 5298K [0x00000000ff2a0000, 0x0000000100000000, 0x0000000100000000)
 Metaspace       used 5077K, capacity 5258K, committed 5504K, reserved 1056768K
  class space    used 557K, capacity 597K, committed 640K, reserved 1048576K
}
{Heap before GC invocations=708 (full 78):
 par new generation   total 6144K, used 5237K [0x00000000fec00000, 0x00000000ff2a0000, 0x00000000ff2a0000)
  eden space 5504K,  95% used [0x00000000fec00000, 0x00000000ff11b780, 0x00000000ff160000)
  from space 640K,   1% used [0x00000000ff200000, 0x00000000ff202040, 0x00000000ff2a0000)
  to   space 640K,   0% used [0x00000000ff160000, 0x00000000ff160000, 0x00000000ff200000)
 concurrent mark-sweep generation total 13696K, used 5298K [0x00000000ff2a0000, 0x0000000100000000, 0x0000000100000000)
 Metaspace       used 5077K, capacity 5258K, committed 5504K, reserved 1056768K
  class space    used 557K, capacity 597K, committed 640K, reserved 1048576K
2024-07-16T17:58:58.535+0800: 5.680: [GC (Allocation Failure) 2024-07-16T17:58:58.535+0800: 5.680: [ParNew: 5237K->4K(6144K), 0.0002947 secs] 10536K->5302K(19840K), 0.0003402 secs] [Times: user=0.00 sys=0.00, real=0.00 secs] 
Heap after GC invocations=709 (full 78):
 par new generation   total 6144K, used 4K [0x00000000fec00000, 0x00000000ff2a0000, 0x00000000ff2a0000)
  eden space 5504K,   0% used [0x00000000fec00000, 0x00000000fec00000, 0x00000000ff160000)
  from space 640K,   0% used [0x00000000ff160000, 0x00000000ff161020, 0x00000000ff200000)
  to   space 640K,   0% used [0x00000000ff200000, 0x00000000ff200000, 0x00000000ff2a0000)
 concurrent mark-sweep generation total 13696K, used 5298K [0x00000000ff2a0000, 0x0000000100000000, 0x0000000100000000)
 Metaspace       used 5077K, capacity 5258K, committed 5504K, reserved 1056768K
  class space    used 557K, capacity 597K, committed 640K, reserved 1048576K
}
{Heap before GC invocations=709 (full 78):
 par new generation   total 6144K, used 5233K [0x00000000fec00000, 0x00000000ff2a0000, 0x00000000ff2a0000)
  eden space 5504K,  95% used [0x00000000fec00000, 0x00000000ff11b780, 0x00000000ff160000)
  from space 640K,   0% used [0x00000000ff160000, 0x00000000ff161020, 0x00000000ff200000)
  to   space 640K,   0% used [0x00000000ff200000, 0x00000000ff200000, 0x00000000ff2a0000)
 concurrent mark-sweep generation total 13696K, used 5298K [0x00000000ff2a0000, 0x0000000100000000, 0x0000000100000000)
 Metaspace       used 5077K, capacity 5258K, committed 5504K, reserved 1056768K
  class space    used 557K, capacity 597K, committed 640K, reserved 1048576K
2024-07-16T17:58:58.543+0800: 5.688: [GC (Allocation Failure) 2024-07-16T17:58:58.543+0800: 5.688: [ParNew: 5233K->8K(6144K), 0.0003551 secs] 10532K->6332K(19840K), 0.0003964 secs] [Times: user=0.00 sys=0.00, real=0.00 secs] 
Heap after GC invocations=710 (full 78):
 par new generation   total 6144K, used 8K [0x00000000fec00000, 0x00000000ff2a0000, 0x00000000ff2a0000)
  eden space 5504K,   0% used [0x00000000fec00000, 0x00000000fec00000, 0x00000000ff160000)
  from space 640K,   1% used [0x00000000ff200000, 0x00000000ff202040, 0x00000000ff2a0000)
  to   space 640K,   0% used [0x00000000ff160000, 0x00000000ff160000, 0x00000000ff200000)
 concurrent mark-sweep generation total 13696K, used 6324K [0x00000000ff2a0000, 0x0000000100000000, 0x0000000100000000)
 Metaspace       used 5077K, capacity 5258K, committed 5504K, reserved 1056768K
  class space    used 557K, capacity 597K, committed 640K, reserved 1048576K
}
{Heap before GC invocations=710 (full 78):
 par new generation   total 6144K, used 5237K [0x00000000fec00000, 0x00000000ff2a0000, 0x00000000ff2a0000)
  eden space 5504K,  95% used [0x00000000fec00000, 0x00000000ff11b780, 0x00000000ff160000)
  from space 640K,   1% used [0x00000000ff200000, 0x00000000ff202040, 0x00000000ff2a0000)
  to   space 640K,   0% used [0x00000000ff160000, 0x00000000ff160000, 0x00000000ff200000)
 concurrent mark-sweep generation total 13696K, used 6324K [0x00000000ff2a0000, 0x0000000100000000, 0x0000000100000000)
 Metaspace       used 5077K, capacity 5258K, committed 5504K, reserved 1056768K
  class space    used 557K, capacity 597K, committed 640K, reserved 1048576K
2024-07-16T17:58:58.550+0800: 5.695: [GC (Allocation Failure) 2024-07-16T17:58:58.550+0800: 5.695: [ParNew: 5237K->8K(6144K), 0.0003406 secs] 11562K->7356K(19840K), 0.0003808 secs] [Times: user=0.00 sys=0.00, real=0.00 secs] 
Heap after GC invocations=711 (full 78):
 par new generation   total 6144K, used 8K [0x00000000fec00000, 0x00000000ff2a0000, 0x00000000ff2a0000)
  eden space 5504K,   0% used [0x00000000fec00000, 0x00000000fec00000, 0x00000000ff160000)
  from space 640K,   1% used [0x00000000ff160000, 0x00000000ff162040, 0x00000000ff200000)
  to   space 640K,   0% used [0x00000000ff200000, 0x00000000ff200000, 0x00000000ff2a0000)
 concurrent mark-sweep generation total 13696K, used 7348K [0x00000000ff2a0000, 0x0000000100000000, 0x0000000100000000)
 Metaspace       used 5077K, capacity 5258K, committed 5504K, reserved 1056768K
  class space    used 557K, capacity 597K, committed 640K, reserved 1048576K
}
{Heap before GC invocations=711 (full 78):
 par new generation   total 6144K, used 5237K [0x00000000fec00000, 0x00000000ff2a0000, 0x00000000ff2a0000)
  eden space 5504K,  95% used [0x00000000fec00000, 0x00000000ff11b780, 0x00000000ff160000)
  from space 640K,   1% used [0x00000000ff160000, 0x00000000ff162040, 0x00000000ff200000)
  to   space 640K,   0% used [0x00000000ff200000, 0x00000000ff200000, 0x00000000ff2a0000)
 concurrent mark-sweep generation total 13696K, used 7348K [0x00000000ff2a0000, 0x0000000100000000, 0x0000000100000000)
 Metaspace       used 5077K, capacity 5258K, committed 5504K, reserved 1056768K
  class space    used 557K, capacity 597K, committed 640K, reserved 1048576K
2024-07-16T17:58:58.557+0800: 5.702: [GC (Allocation Failure) 2024-07-16T17:58:58.557+0800: 5.702: [ParNew: 5237K->4K(6144K), 0.0005209 secs] 12586K->8376K(19840K), 0.0005989 secs] [Times: user=0.00 sys=0.00, real=0.00 secs] 
Heap after GC invocations=712 (full 78):
 par new generation   total 6144K, used 4K [0x00000000fec00000, 0x00000000ff2a0000, 0x00000000ff2a0000)
  eden space 5504K,   0% used [0x00000000fec00000, 0x00000000fec00000, 0x00000000ff160000)
  from space 640K,   0% used [0x00000000ff200000, 0x00000000ff201020, 0x00000000ff2a0000)
  to   space 640K,   0% used [0x00000000ff160000, 0x00000000ff160000, 0x00000000ff200000)
 concurrent mark-sweep generation total 13696K, used 8372K [0x00000000ff2a0000, 0x0000000100000000, 0x0000000100000000)
 Metaspace       used 5077K, capacity 5258K, committed 5504K, reserved 1056768K
  class space    used 557K, capacity 597K, committed 640K, reserved 1048576K
}
2024-07-16T17:58:58.557+0800: 5.702: [GC (CMS Initial Mark) [1 CMS-initial-mark: 8372K(13696K)] 9400K(19840K), 0.0003146 secs] [Times: user=0.00 sys=0.00, real=0.00 secs] 
2024-07-16T17:58:58.558+0800: 5.703: [CMS-concurrent-mark-start]
2024-07-16T17:58:58.559+0800: 5.704: [CMS-concurrent-mark: 0.002/0.002 secs] [Times: user=0.00 sys=0.00, real=0.00 secs] 
2024-07-16T17:58:58.559+0800: 5.704: [CMS-concurrent-preclean-start]
2024-07-16T17:58:58.559+0800: 5.704: [CMS-concurrent-preclean: 0.000/0.000 secs] [Times: user=0.00 sys=0.00, real=0.00 secs] 
2024-07-16T17:58:58.559+0800: 5.704: [GC (CMS Final Remark) [YG occupancy: 1137 K (6144 K)]2024-07-16T17:58:58.559+0800: 5.704: [Rescan (parallel) , 0.0001291 secs]2024-07-16T17:58:58.560+0800: 5.705: [weak refs processing, 0.0000137 secs]2024-07-16T17:58:58.560+0800: 5.705: [class unloading, 0.0003321 secs]2024-07-16T17:58:58.560+0800: 5.705: [scrub symbol table, 0.0003379 secs]2024-07-16T17:58:58.560+0800: 5.705: [scrub string table, 0.0000884 secs][1 CMS-remark: 8372K(13696K)] 9510K(19840K), 0.0009532 secs] [Times: user=0.00 sys=0.00, real=0.00 secs] 
2024-07-16T17:58:58.560+0800: 5.705: [CMS-concurrent-sweep-start]
2024-07-16T17:58:58.561+0800: 5.706: [CMS-concurrent-sweep: 0.000/0.000 secs] [Times: user=0.00 sys=0.00, real=0.00 secs] 
2024-07-16T17:58:58.561+0800: 5.706: [CMS-concurrent-reset-start]
2024-07-16T17:58:58.561+0800: 5.706: [CMS-concurrent-reset: 0.000/0.000 secs] [Times: user=0.00 sys=0.00, real=0.00 secs] 
{Heap before GC invocations=712 (full 79):
 par new generation   total 6144K, used 5233K [0x00000000fec00000, 0x00000000ff2a0000, 0x00000000ff2a0000)
  eden space 5504K,  95% used [0x00000000fec00000, 0x00000000ff11b780, 0x00000000ff160000)
  from space 640K,   0% used [0x00000000ff200000, 0x00000000ff201020, 0x00000000ff2a0000)
  to   space 640K,   0% used [0x00000000ff160000, 0x00000000ff160000, 0x00000000ff200000)
 concurrent mark-sweep generation total 13696K, used 1204K [0x00000000ff2a0000, 0x0000000100000000, 0x0000000100000000)
 Metaspace       used 5077K, capacity 5258K, committed 5504K, reserved 1056768K
  class space    used 557K, capacity 597K, committed 640K, reserved 1048576K
2024-07-16T17:58:58.566+0800: 5.711: [GC (Allocation Failure) 2024-07-16T17:58:58.566+0800: 5.711: [ParNew: 5233K->2K(6144K), 0.0002845 secs] 6438K->1206K(19840K), 0.0003199 secs] [Times: user=0.00 sys=0.00, real=0.00 secs] 
Heap after GC invocations=713 (full 79):
 par new generation   total 6144K, used 2K [0x00000000fec00000, 0x00000000ff2a0000, 0x00000000ff2a0000)
  eden space 5504K,   0% used [0x00000000fec00000, 0x00000000fec00000, 0x00000000ff160000)
  from space 640K,   0% used [0x00000000ff160000, 0x00000000ff160810, 0x00000000ff200000)
  to   space 640K,   0% used [0x00000000ff200000, 0x00000000ff200000, 0x00000000ff2a0000)
 concurrent mark-sweep generation total 13696K, used 1204K [0x00000000ff2a0000, 0x0000000100000000, 0x0000000100000000)
 Metaspace       used 5077K, capacity 5258K, committed 5504K, reserved 1056768K
  class space    used 557K, capacity 597K, committed 640K, reserved 1048576K
}
{Heap before GC invocations=713 (full 79):
 par new generation   total 6144K, used 5231K [0x00000000fec00000, 0x00000000ff2a0000, 0x00000000ff2a0000)
  eden space 5504K,  95% used [0x00000000fec00000, 0x00000000ff11b780, 0x00000000ff160000)
  from space 640K,   0% used [0x00000000ff160000, 0x00000000ff160810, 0x00000000ff200000)
  to   space 640K,   0% used [0x00000000ff200000, 0x00000000ff200000, 0x00000000ff2a0000)
 concurrent mark-sweep generation total 13696K, used 1204K [0x00000000ff2a0000, 0x0000000100000000, 0x0000000100000000)
 Metaspace       used 5077K, capacity 5258K, committed 5504K, reserved 1056768K
  class space    used 557K, capacity 597K, committed 640K, reserved 1048576K
2024-07-16T17:58:58.573+0800: 5.718: [GC (Allocation Failure) 2024-07-16T17:58:58.573+0800: 5.718: [ParNew: 5231K->8K(6144K), 0.0008046 secs] 6436K->2238K(19840K), 0.0008629 secs] [Times: user=0.00 sys=0.00, real=0.00 secs] 
Heap after GC invocations=714 (full 79):
 par new generation   total 6144K, used 8K [0x00000000fec00000, 0x00000000ff2a0000, 0x00000000ff2a0000)
  eden space 5504K,   0% used [0x00000000fec00000, 0x00000000fec00000, 0x00000000ff160000)
  from space 640K,   1% used [0x00000000ff200000, 0x00000000ff202040, 0x00000000ff2a0000)
  to   space 640K,   0% used [0x00000000ff160000, 0x00000000ff160000, 0x00000000ff200000)
 concurrent mark-sweep generation total 13696K, used 2230K [0x00000000ff2a0000, 0x0000000100000000, 0x0000000100000000)
 Metaspace       used 5077K, capacity 5258K, committed 5504K, reserved 1056768K
  class space    used 557K, capacity 597K, committed 640K, reserved 1048576K
}
{Heap before GC invocations=714 (full 79):
 par new generation   total 6144K, used 5237K [0x00000000fec00000, 0x00000000ff2a0000, 0x00000000ff2a0000)
  eden space 5504K,  95% used [0x00000000fec00000, 0x00000000ff11b780, 0x00000000ff160000)
  from space 640K,   1% used [0x00000000ff200000, 0x00000000ff202040, 0x00000000ff2a0000)
  to   space 640K,   0% used [0x00000000ff160000, 0x00000000ff160000, 0x00000000ff200000)
 concurrent mark-sweep generation total 13696K, used 2230K [0x00000000ff2a0000, 0x0000000100000000, 0x0000000100000000)
 Metaspace       used 5077K, capacity 5258K, committed 5504K, reserved 1056768K
  class space    used 557K, capacity 597K, committed 640K, reserved 1048576K
2024-07-16T17:58:58.582+0800: 5.727: [GC (Allocation Failure) 2024-07-16T17:58:58.582+0800: 5.727: [ParNew: 5237K->4K(6144K), 0.0002887 secs] 7468K->2234K(19840K), 0.0003309 secs] [Times: user=0.00 sys=0.00, real=0.00 secs] 
Heap after GC invocations=715 (full 79):
 par new generation   total 6144K, used 4K [0x00000000fec00000, 0x00000000ff2a0000, 0x00000000ff2a0000)
  eden space 5504K,   0% used [0x00000000fec00000, 0x00000000fec00000, 0x00000000ff160000)
  from space 640K,   0% used [0x00000000ff160000, 0x00000000ff161020, 0x00000000ff200000)
  to   space 640K,   0% used [0x00000000ff200000, 0x00000000ff200000, 0x00000000ff2a0000)
 concurrent mark-sweep generation total 13696K, used 2230K [0x00000000ff2a0000, 0x0000000100000000, 0x0000000100000000)
 Metaspace       used 5077K, capacity 5258K, committed 5504K, reserved 1056768K
  class space    used 557K, capacity 597K, committed 640K, reserved 1048576K
}
{Heap before GC invocations=715 (full 79):
 par new generation   total 6144K, used 5233K [0x00000000fec00000, 0x00000000ff2a0000, 0x00000000ff2a0000)
  eden space 5504K,  95% used [0x00000000fec00000, 0x00000000ff11b780, 0x00000000ff160000)
  from space 640K,   0% used [0x00000000ff160000, 0x00000000ff161020, 0x00000000ff200000)
  to   space 640K,   0% used [0x00000000ff200000, 0x00000000ff200000, 0x00000000ff2a0000)
 concurrent mark-sweep generation total 13696K, used 2230K [0x00000000ff2a0000, 0x0000000100000000, 0x0000000100000000)
 Metaspace       used 5077K, capacity 5258K, committed 5504K, reserved 1056768K
  class space    used 557K, capacity 597K, committed 640K, reserved 1048576K
2024-07-16T17:58:58.590+0800: 5.735: [GC (Allocation Failure) 2024-07-16T17:58:58.590+0800: 5.735: [ParNew: 5233K->2K(6144K), 0.0006133 secs] 7464K->2232K(19840K), 0.0006975 secs] [Times: user=0.00 sys=0.00, real=0.00 secs] 
Heap after GC invocations=716 (full 79):
 par new generation   total 6144K, used 2K [0x00000000fec00000, 0x00000000ff2a0000, 0x00000000ff2a0000)
  eden space 5504K,   0% used [0x00000000fec00000, 0x00000000fec00000, 0x00000000ff160000)
  from space 640K,   0% used [0x00000000ff200000, 0x00000000ff200810, 0x00000000ff2a0000)
  to   space 640K,   0% used [0x00000000ff160000, 0x00000000ff160000, 0x00000000ff200000)
 concurrent mark-sweep generation total 13696K, used 2230K [0x00000000ff2a0000, 0x0000000100000000, 0x0000000100000000)
 Metaspace       used 5077K, capacity 5258K, committed 5504K, reserved 1056768K
  class space    used 557K, capacity 597K, committed 640K, reserved 1048576K
}
{Heap before GC invocations=716 (full 79):
 par new generation   total 6144K, used 5231K [0x00000000fec00000, 0x00000000ff2a0000, 0x00000000ff2a0000)
  eden space 5504K,  95% used [0x00000000fec00000, 0x00000000ff11b780, 0x00000000ff160000)
  from space 640K,   0% used [0x00000000ff200000, 0x00000000ff200810, 0x00000000ff2a0000)
  to   space 640K,   0% used [0x00000000ff160000, 0x00000000ff160000, 0x00000000ff200000)
 concurrent mark-sweep generation total 13696K, used 2230K [0x00000000ff2a0000, 0x0000000100000000, 0x0000000100000000)
 Metaspace       used 5077K, capacity 5258K, committed 5504K, reserved 1056768K
  class space    used 557K, capacity 597K, committed 640K, reserved 1048576K
2024-07-16T17:58:58.600+0800: 5.745: [GC (Allocation Failure) 2024-07-16T17:58:58.600+0800: 5.745: [ParNew: 5231K->4K(6144K), 0.0007966 secs] 7462K->2234K(19840K), 0.0009275 secs] [Times: user=0.00 sys=0.00, real=0.00 secs] 
Heap after GC invocations=717 (full 79):
 par new generation   total 6144K, used 4K [0x00000000fec00000, 0x00000000ff2a0000, 0x00000000ff2a0000)
  eden space 5504K,   0% used [0x00000000fec00000, 0x00000000fec00000, 0x00000000ff160000)
  from space 640K,   0% used [0x00000000ff160000, 0x00000000ff161020, 0x00000000ff200000)
  to   space 640K,   0% used [0x00000000ff200000, 0x00000000ff200000, 0x00000000ff2a0000)
 concurrent mark-sweep generation total 13696K, used 2230K [0x00000000ff2a0000, 0x0000000100000000, 0x0000000100000000)
 Metaspace       used 5077K, capacity 5258K, committed 5504K, reserved 1056768K
  class space    used 557K, capacity 597K, committed 640K, reserved 1048576K
}
{Heap before GC invocations=717 (full 79):
 par new generation   total 6144K, used 5233K [0x00000000fec00000, 0x00000000ff2a0000, 0x00000000ff2a0000)
  eden space 5504K,  95% used [0x00000000fec00000, 0x00000000ff11b780, 0x00000000ff160000)
  from space 640K,   0% used [0x00000000ff160000, 0x00000000ff161020, 0x00000000ff200000)
  to   space 640K,   0% used [0x00000000ff200000, 0x00000000ff200000, 0x00000000ff2a0000)
 concurrent mark-sweep generation total 13696K, used 2230K [0x00000000ff2a0000, 0x0000000100000000, 0x0000000100000000)
 Metaspace       used 5077K, capacity 5258K, committed 5504K, reserved 1056768K
  class space    used 557K, capacity 597K, committed 640K, reserved 1048576K
2024-07-16T17:58:58.609+0800: 5.754: [GC (Allocation Failure) 2024-07-16T17:58:58.609+0800: 5.754: [ParNew: 5233K->6K(6144K), 0.0009839 secs] 7464K->3262K(19840K), 0.0011100 secs] [Times: user=0.00 sys=0.00, real=0.00 secs] 
Heap after GC invocations=718 (full 79):
 par new generation   total 6144K, used 6K [0x00000000fec00000, 0x00000000ff2a0000, 0x00000000ff2a0000)
  eden space 5504K,   0% used [0x00000000fec00000, 0x00000000fec00000, 0x00000000ff160000)
  from space 640K,   0% used [0x00000000ff200000, 0x00000000ff201830, 0x00000000ff2a0000)
  to   space 640K,   0% used [0x00000000ff160000, 0x00000000ff160000, 0x00000000ff200000)
 concurrent mark-sweep generation total 13696K, used 3256K [0x00000000ff2a0000, 0x0000000100000000, 0x0000000100000000)
 Metaspace       used 5077K, capacity 5258K, committed 5504K, reserved 1056768K
  class space    used 557K, capacity 597K, committed 640K, reserved 1048576K
}
{Heap before GC invocations=718 (full 79):
 par new generation   total 6144K, used 5235K [0x00000000fec00000, 0x00000000ff2a0000, 0x00000000ff2a0000)
  eden space 5504K,  95% used [0x00000000fec00000, 0x00000000ff11b780, 0x00000000ff160000)
  from space 640K,   0% used [0x00000000ff200000, 0x00000000ff201830, 0x00000000ff2a0000)
  to   space 640K,   0% used [0x00000000ff160000, 0x00000000ff160000, 0x00000000ff200000)
 concurrent mark-sweep generation total 13696K, used 3256K [0x00000000ff2a0000, 0x0000000100000000, 0x0000000100000000)
 Metaspace       used 5077K, capacity 5258K, committed 5504K, reserved 1056768K
  class space    used 557K, capacity 597K, committed 640K, reserved 1048576K
2024-07-16T17:58:58.618+0800: 5.763: [GC (Allocation Failure) 2024-07-16T17:58:58.618+0800: 5.763: [ParNew: 5235K->4K(6144K), 0.0003362 secs] 8492K->3260K(19840K), 0.0004307 secs] [Times: user=0.00 sys=0.00, real=0.00 secs] 
Heap after GC invocations=719 (full 79):
 par new generation   total 6144K, used 4K [0x00000000fec00000, 0x00000000ff2a0000, 0x00000000ff2a0000)
  eden space 5504K,   0% used [0x00000000fec00000, 0x00000000fec00000, 0x00000000ff160000)
  from space 640K,   0% used [0x00000000ff160000, 0x00000000ff161020, 0x00000000ff200000)
  to   space 640K,   0% used [0x00000000ff200000, 0x00000000ff200000, 0x00000000ff2a0000)
 concurrent mark-sweep generation total 13696K, used 3256K [0x00000000ff2a0000, 0x0000000100000000, 0x0000000100000000)
 Metaspace       used 5077K, capacity 5258K, committed 5504K, reserved 1056768K
  class space    used 557K, capacity 597K, committed 640K, reserved 1048576K
}
{Heap before GC invocations=719 (full 79):
 par new generation   total 6144K, used 5233K [0x00000000fec00000, 0x00000000ff2a0000, 0x00000000ff2a0000)
  eden space 5504K,  95% used [0x00000000fec00000, 0x00000000ff11b780, 0x00000000ff160000)
  from space 640K,   0% used [0x00000000ff160000, 0x00000000ff161020, 0x00000000ff200000)
  to   space 640K,   0% used [0x00000000ff200000, 0x00000000ff200000, 0x00000000ff2a0000)
 concurrent mark-sweep generation total 13696K, used 3256K [0x00000000ff2a0000, 0x0000000100000000, 0x0000000100000000)
 Metaspace       used 5077K, capacity 5258K, committed 5504K, reserved 1056768K
  class space    used 557K, capacity 597K, committed 640K, reserved 1048576K
2024-07-16T17:58:58.625+0800: 5.770: [GC (Allocation Failure) 2024-07-16T17:58:58.625+0800: 5.770: [ParNew: 5233K->6K(6144K), 0.0006478 secs] 8490K->4286K(19840K), 0.0007056 secs] [Times: user=0.00 sys=0.00, real=0.00 secs] 
Heap after GC invocations=720 (full 79):
 par new generation   total 6144K, used 6K [0x00000000fec00000, 0x00000000ff2a0000, 0x00000000ff2a0000)
  eden space 5504K,   0% used [0x00000000fec00000, 0x00000000fec00000, 0x00000000ff160000)
  from space 640K,   0% used [0x00000000ff200000, 0x00000000ff201830, 0x00000000ff2a0000)
  to   space 640K,   0% used [0x00000000ff160000, 0x00000000ff160000, 0x00000000ff200000)
 concurrent mark-sweep generation total 13696K, used 4280K [0x00000000ff2a0000, 0x0000000100000000, 0x0000000100000000)
 Metaspace       used 5077K, capacity 5258K, committed 5504K, reserved 1056768K
  class space    used 557K, capacity 597K, committed 640K, reserved 1048576K
}
{Heap before GC invocations=720 (full 79):
 par new generation   total 6144K, used 5235K [0x00000000fec00000, 0x00000000ff2a0000, 0x00000000ff2a0000)
  eden space 5504K,  95% used [0x00000000fec00000, 0x00000000ff11b780, 0x00000000ff160000)
  from space 640K,   0% used [0x00000000ff200000, 0x00000000ff201830, 0x00000000ff2a0000)
  to   space 640K,   0% used [0x00000000ff160000, 0x00000000ff160000, 0x00000000ff200000)
 concurrent mark-sweep generation total 13696K, used 4280K [0x00000000ff2a0000, 0x0000000100000000, 0x0000000100000000)
 Metaspace       used 5077K, capacity 5258K, committed 5504K, reserved 1056768K
  class space    used 557K, capacity 597K, committed 640K, reserved 1048576K
2024-07-16T17:58:58.633+0800: 5.778: [GC (Allocation Failure) 2024-07-16T17:58:58.633+0800: 5.778: [ParNew: 5235K->4K(6144K), 0.0003657 secs] 9516K->4284K(19840K), 0.0004345 secs] [Times: user=0.00 sys=0.00, real=0.00 secs] 
Heap after GC invocations=721 (full 79):
 par new generation   total 6144K, used 4K [0x00000000fec00000, 0x00000000ff2a0000, 0x00000000ff2a0000)
  eden space 5504K,   0% used [0x00000000fec00000, 0x00000000fec00000, 0x00000000ff160000)
  from space 640K,   0% used [0x00000000ff160000, 0x00000000ff161020, 0x00000000ff200000)
  to   space 640K,   0% used [0x00000000ff200000, 0x00000000ff200000, 0x00000000ff2a0000)
 concurrent mark-sweep generation total 13696K, used 4280K [0x00000000ff2a0000, 0x0000000100000000, 0x0000000100000000)
 Metaspace       used 5077K, capacity 5258K, committed 5504K, reserved 1056768K
  class space    used 557K, capacity 597K, committed 640K, reserved 1048576K
}
{Heap before GC invocations=721 (full 79):
 par new generation   total 6144K, used 5233K [0x00000000fec00000, 0x00000000ff2a0000, 0x00000000ff2a0000)
  eden space 5504K,  95% used [0x00000000fec00000, 0x00000000ff11b780, 0x00000000ff160000)
  from space 640K,   0% used [0x00000000ff160000, 0x00000000ff161020, 0x00000000ff200000)
  to   space 640K,   0% used [0x00000000ff200000, 0x00000000ff200000, 0x00000000ff2a0000)
 concurrent mark-sweep generation total 13696K, used 4280K [0x00000000ff2a0000, 0x0000000100000000, 0x0000000100000000)
 Metaspace       used 5077K, capacity 5258K, committed 5504K, reserved 1056768K
  class space    used 557K, capacity 597K, committed 640K, reserved 1048576K
2024-07-16T17:58:58.641+0800: 5.786: [GC (Allocation Failure) 2024-07-16T17:58:58.641+0800: 5.786: [ParNew: 5233K->4K(6144K), 0.0004052 secs] 9514K->4284K(19840K), 0.0004661 secs] [Times: user=0.00 sys=0.00, real=0.00 secs] 
Heap after GC invocations=722 (full 79):
 par new generation   total 6144K, used 4K [0x00000000fec00000, 0x00000000ff2a0000, 0x00000000ff2a0000)
  eden space 5504K,   0% used [0x00000000fec00000, 0x00000000fec00000, 0x00000000ff160000)
  from space 640K,   0% used [0x00000000ff200000, 0x00000000ff201020, 0x00000000ff2a0000)
  to   space 640K,   0% used [0x00000000ff160000, 0x00000000ff160000, 0x00000000ff200000)
 concurrent mark-sweep generation total 13696K, used 4280K [0x00000000ff2a0000, 0x0000000100000000, 0x0000000100000000)
 Metaspace       used 5077K, capacity 5258K, committed 5504K, reserved 1056768K
  class space    used 557K, capacity 597K, committed 640K, reserved 1048576K
}
{Heap before GC invocations=722 (full 79):
 par new generation   total 6144K, used 5233K [0x00000000fec00000, 0x00000000ff2a0000, 0x00000000ff2a0000)
  eden space 5504K,  95% used [0x00000000fec00000, 0x00000000ff11b780, 0x00000000ff160000)
  from space 640K,   0% used [0x00000000ff200000, 0x00000000ff201020, 0x00000000ff2a0000)
  to   space 640K,   0% used [0x00000000ff160000, 0x00000000ff160000, 0x00000000ff200000)
 concurrent mark-sweep generation total 13696K, used 4280K [0x00000000ff2a0000, 0x0000000100000000, 0x0000000100000000)
 Metaspace       used 5077K, capacity 5258K, committed 5504K, reserved 1056768K
  class space    used 557K, capacity 597K, committed 640K, reserved 1048576K
2024-07-16T17:58:58.650+0800: 5.795: [GC (Allocation Failure) 2024-07-16T17:58:58.650+0800: 5.795: [ParNew: 5233K->4K(6144K), 0.0002640 secs] 9514K->4284K(19840K), 0.0003047 secs] [Times: user=0.00 sys=0.00, real=0.00 secs] 
Heap after GC invocations=723 (full 79):
 par new generation   total 6144K, used 4K [0x00000000fec00000, 0x00000000ff2a0000, 0x00000000ff2a0000)
  eden space 5504K,   0% used [0x00000000fec00000, 0x00000000fec00000, 0x00000000ff160000)
  from space 640K,   0% used [0x00000000ff160000, 0x00000000ff161020, 0x00000000ff200000)
  to   space 640K,   0% used [0x00000000ff200000, 0x00000000ff200000, 0x00000000ff2a0000)
 concurrent mark-sweep generation total 13696K, used 4280K [0x00000000ff2a0000, 0x0000000100000000, 0x0000000100000000)
 Metaspace       used 5077K, capacity 5258K, committed 5504K, reserved 1056768K
  class space    used 557K, capacity 597K, committed 640K, reserved 1048576K
}
{Heap before GC invocations=723 (full 79):
 par new generation   total 6144K, used 5233K [0x00000000fec00000, 0x00000000ff2a0000, 0x00000000ff2a0000)
  eden space 5504K,  95% used [0x00000000fec00000, 0x00000000ff11b780, 0x00000000ff160000)
  from space 640K,   0% used [0x00000000ff160000, 0x00000000ff161020, 0x00000000ff200000)
  to   space 640K,   0% used [0x00000000ff200000, 0x00000000ff200000, 0x00000000ff2a0000)
 concurrent mark-sweep generation total 13696K, used 4280K [0x00000000ff2a0000, 0x0000000100000000, 0x0000000100000000)
 Metaspace       used 5077K, capacity 5258K, committed 5504K, reserved 1056768K
  class space    used 557K, capacity 597K, committed 640K, reserved 1048576K
2024-07-16T17:58:58.657+0800: 5.802: [GC (Allocation Failure) 2024-07-16T17:58:58.657+0800: 5.802: [ParNew: 5233K->4K(6144K), 0.0003212 secs] 9514K->4284K(19840K), 0.0003530 secs] [Times: user=0.00 sys=0.00, real=0.00 secs] 
Heap after GC invocations=724 (full 79):
 par new generation   total 6144K, used 4K [0x00000000fec00000, 0x00000000ff2a0000, 0x00000000ff2a0000)
  eden space 5504K,   0% used [0x00000000fec00000, 0x00000000fec00000, 0x00000000ff160000)
  from space 640K,   0% used [0x00000000ff200000, 0x00000000ff201020, 0x00000000ff2a0000)
  to   space 640K,   0% used [0x00000000ff160000, 0x00000000ff160000, 0x00000000ff200000)
 concurrent mark-sweep generation total 13696K, used 4280K [0x00000000ff2a0000, 0x0000000100000000, 0x0000000100000000)
 Metaspace       used 5077K, capacity 5258K, committed 5504K, reserved 1056768K
  class space    used 557K, capacity 597K, committed 640K, reserved 1048576K
}
{Heap before GC invocations=724 (full 79):
 par new generation   total 6144K, used 5233K [0x00000000fec00000, 0x00000000ff2a0000, 0x00000000ff2a0000)
  eden space 5504K,  95% used [0x00000000fec00000, 0x00000000ff11b780, 0x00000000ff160000)
  from space 640K,   0% used [0x00000000ff200000, 0x00000000ff201020, 0x00000000ff2a0000)
  to   space 640K,   0% used [0x00000000ff160000, 0x00000000ff160000, 0x00000000ff200000)
 concurrent mark-sweep generation total 13696K, used 4280K [0x00000000ff2a0000, 0x0000000100000000, 0x0000000100000000)
 Metaspace       used 5077K, capacity 5258K, committed 5504K, reserved 1056768K
  class space    used 557K, capacity 597K, committed 640K, reserved 1048576K
2024-07-16T17:58:58.665+0800: 5.810: [GC (Allocation Failure) 2024-07-16T17:58:58.665+0800: 5.810: [ParNew: 5233K->8K(6144K), 0.0003373 secs] 9514K->5312K(19840K), 0.0003700 secs] [Times: user=0.00 sys=0.00, real=0.00 secs] 
Heap after GC invocations=725 (full 79):
 par new generation   total 6144K, used 8K [0x00000000fec00000, 0x00000000ff2a0000, 0x00000000ff2a0000)
  eden space 5504K,   0% used [0x00000000fec00000, 0x00000000fec00000, 0x00000000ff160000)
  from space 640K,   1% used [0x00000000ff160000, 0x00000000ff162040, 0x00000000ff200000)
  to   space 640K,   0% used [0x00000000ff200000, 0x00000000ff200000, 0x00000000ff2a0000)
 concurrent mark-sweep generation total 13696K, used 5304K [0x00000000ff2a0000, 0x0000000100000000, 0x0000000100000000)
 Metaspace       used 5077K, capacity 5258K, committed 5504K, reserved 1056768K
  class space    used 557K, capacity 597K, committed 640K, reserved 1048576K
}
{Heap before GC invocations=725 (full 79):
 par new generation   total 6144K, used 5237K [0x00000000fec00000, 0x00000000ff2a0000, 0x00000000ff2a0000)
  eden space 5504K,  95% used [0x00000000fec00000, 0x00000000ff11b780, 0x00000000ff160000)
  from space 640K,   1% used [0x00000000ff160000, 0x00000000ff162040, 0x00000000ff200000)
  to   space 640K,   0% used [0x00000000ff200000, 0x00000000ff200000, 0x00000000ff2a0000)
 concurrent mark-sweep generation total 13696K, used 5304K [0x00000000ff2a0000, 0x0000000100000000, 0x0000000100000000)
 Metaspace       used 5077K, capacity 5258K, committed 5504K, reserved 1056768K
  class space    used 557K, capacity 597K, committed 640K, reserved 1048576K
2024-07-16T17:58:58.672+0800: 5.817: [GC (Allocation Failure) 2024-07-16T17:58:58.672+0800: 5.817: [ParNew: 5237K->6K(6144K), 0.0007929 secs] 10542K->6334K(19840K), 0.0008703 secs] [Times: user=0.00 sys=0.00, real=0.00 secs] 
Heap after GC invocations=726 (full 79):
 par new generation   total 6144K, used 6K [0x00000000fec00000, 0x00000000ff2a0000, 0x00000000ff2a0000)
  eden space 5504K,   0% used [0x00000000fec00000, 0x00000000fec00000, 0x00000000ff160000)
  from space 640K,   0% used [0x00000000ff200000, 0x00000000ff201830, 0x00000000ff2a0000)
  to   space 640K,   0% used [0x00000000ff160000, 0x00000000ff160000, 0x00000000ff200000)
 concurrent mark-sweep generation total 13696K, used 6328K [0x00000000ff2a0000, 0x0000000100000000, 0x0000000100000000)
 Metaspace       used 5077K, capacity 5258K, committed 5504K, reserved 1056768K
  class space    used 557K, capacity 597K, committed 640K, reserved 1048576K
}
{Heap before GC invocations=726 (full 79):
 par new generation   total 6144K, used 5235K [0x00000000fec00000, 0x00000000ff2a0000, 0x00000000ff2a0000)
  eden space 5504K,  95% used [0x00000000fec00000, 0x00000000ff11b780, 0x00000000ff160000)
  from space 640K,   0% used [0x00000000ff200000, 0x00000000ff201830, 0x00000000ff2a0000)
  to   space 640K,   0% used [0x00000000ff160000, 0x00000000ff160000, 0x00000000ff200000)
 concurrent mark-sweep generation total 13696K, used 6328K [0x00000000ff2a0000, 0x0000000100000000, 0x0000000100000000)
 Metaspace       used 5077K, capacity 5258K, committed 5504K, reserved 1056768K
  class space    used 557K, capacity 597K, committed 640K, reserved 1048576K
2024-07-16T17:58:58.681+0800: 5.826: [GC (Allocation Failure) 2024-07-16T17:58:58.681+0800: 5.826: [ParNew: 5235K->4K(6144K), 0.0010347 secs] 11564K->6332K(19840K), 0.0011355 secs] [Times: user=0.00 sys=0.00, real=0.00 secs] 
Heap after GC invocations=727 (full 79):
 par new generation   total 6144K, used 4K [0x00000000fec00000, 0x00000000ff2a0000, 0x00000000ff2a0000)
  eden space 5504K,   0% used [0x00000000fec00000, 0x00000000fec00000, 0x00000000ff160000)
  from space 640K,   0% used [0x00000000ff160000, 0x00000000ff161020, 0x00000000ff200000)
  to   space 640K,   0% used [0x00000000ff200000, 0x00000000ff200000, 0x00000000ff2a0000)
 concurrent mark-sweep generation total 13696K, used 6328K [0x00000000ff2a0000, 0x0000000100000000, 0x0000000100000000)
 Metaspace       used 5077K, capacity 5258K, committed 5504K, reserved 1056768K
  class space    used 557K, capacity 597K, committed 640K, reserved 1048576K
}
{Heap before GC invocations=727 (full 79):
 par new generation   total 6144K, used 5233K [0x00000000fec00000, 0x00000000ff2a0000, 0x00000000ff2a0000)
  eden space 5504K,  95% used [0x00000000fec00000, 0x00000000ff11b780, 0x00000000ff160000)
  from space 640K,   0% used [0x00000000ff160000, 0x00000000ff161020, 0x00000000ff200000)
  to   space 640K,   0% used [0x00000000ff200000, 0x00000000ff200000, 0x00000000ff2a0000)
 concurrent mark-sweep generation total 13696K, used 6328K [0x00000000ff2a0000, 0x0000000100000000, 0x0000000100000000)
 Metaspace       used 5077K, capacity 5258K, committed 5504K, reserved 1056768K
  class space    used 557K, capacity 597K, committed 640K, reserved 1048576K
2024-07-16T17:58:58.690+0800: 5.835: [GC (Allocation Failure) 2024-07-16T17:58:58.690+0800: 5.835: [ParNew: 5233K->6K(6144K), 0.0013021 secs] 11562K->7360K(19840K), 0.0013960 secs] [Times: user=0.00 sys=0.00, real=0.00 secs] 
Heap after GC invocations=728 (full 79):
 par new generation   total 6144K, used 6K [0x00000000fec00000, 0x00000000ff2a0000, 0x00000000ff2a0000)
  eden space 5504K,   0% used [0x00000000fec00000, 0x00000000fec00000, 0x00000000ff160000)
  from space 640K,   0% used [0x00000000ff200000, 0x00000000ff201830, 0x00000000ff2a0000)
  to   space 640K,   0% used [0x00000000ff160000, 0x00000000ff160000, 0x00000000ff200000)
 concurrent mark-sweep generation total 13696K, used 7354K [0x00000000ff2a0000, 0x0000000100000000, 0x0000000100000000)
 Metaspace       used 5077K, capacity 5258K, committed 5504K, reserved 1056768K
  class space    used 557K, capacity 597K, committed 640K, reserved 1048576K
}
{Heap before GC invocations=728 (full 79):
 par new generation   total 6144K, used 5235K [0x00000000fec00000, 0x00000000ff2a0000, 0x00000000ff2a0000)
  eden space 5504K,  95% used [0x00000000fec00000, 0x00000000ff11b780, 0x00000000ff160000)
  from space 640K,   0% used [0x00000000ff200000, 0x00000000ff201830, 0x00000000ff2a0000)
  to   space 640K,   0% used [0x00000000ff160000, 0x00000000ff160000, 0x00000000ff200000)
 concurrent mark-sweep generation total 13696K, used 7354K [0x00000000ff2a0000, 0x0000000100000000, 0x0000000100000000)
 Metaspace       used 5077K, capacity 5258K, committed 5504K, reserved 1056768K
  class space    used 557K, capacity 597K, committed 640K, reserved 1048576K
2024-07-16T17:58:58.697+0800: 5.842: [GC (Allocation Failure) 2024-07-16T17:58:58.697+0800: 5.842: [ParNew: 5235K->6K(6144K), 0.0010605 secs] 12590K->8384K(19840K), 0.0011473 secs] [Times: user=0.00 sys=0.00, real=0.00 secs] 
Heap after GC invocations=729 (full 79):
 par new generation   total 6144K, used 6K [0x00000000fec00000, 0x00000000ff2a0000, 0x00000000ff2a0000)
  eden space 5504K,   0% used [0x00000000fec00000, 0x00000000fec00000, 0x00000000ff160000)
  from space 640K,   0% used [0x00000000ff160000, 0x00000000ff161830, 0x00000000ff200000)
  to   space 640K,   0% used [0x00000000ff200000, 0x00000000ff200000, 0x00000000ff2a0000)
 concurrent mark-sweep generation total 13696K, used 8378K [0x00000000ff2a0000, 0x0000000100000000, 0x0000000100000000)
 Metaspace       used 5077K, capacity 5258K, committed 5504K, reserved 1056768K
  class space    used 557K, capacity 597K, committed 640K, reserved 1048576K
}
2024-07-16T17:58:58.698+0800: 5.843: [GC (CMS Initial Mark) [1 CMS-initial-mark: 8378K(13696K)] 9410K(19840K), 0.0002807 secs] [Times: user=0.00 sys=0.00, real=0.00 secs] 
2024-07-16T17:58:58.698+0800: 5.843: [CMS-concurrent-mark-start]
2024-07-16T17:58:58.702+0800: 5.847: [CMS-concurrent-mark: 0.004/0.004 secs] [Times: user=0.00 sys=0.00, real=0.00 secs] 
2024-07-16T17:58:58.702+0800: 5.847: [CMS-concurrent-preclean-start]
2024-07-16T17:58:58.702+0800: 5.847: [CMS-concurrent-preclean: 0.000/0.000 secs] [Times: user=0.00 sys=0.00, real=0.00 secs] 
2024-07-16T17:58:58.702+0800: 5.847: [CMS-concurrent-abortable-preclean-start]
{Heap before GC invocations=729 (full 80):
 par new generation   total 6144K, used 5235K [0x00000000fec00000, 0x00000000ff2a0000, 0x00000000ff2a0000)
  eden space 5504K,  95% used [0x00000000fec00000, 0x00000000ff11b780, 0x00000000ff160000)
  from space 640K,   0% used [0x00000000ff160000, 0x00000000ff161830, 0x00000000ff200000)
  to   space 640K,   0% used [0x00000000ff200000, 0x00000000ff200000, 0x00000000ff2a0000)
 concurrent mark-sweep generation total 13696K, used 8378K [0x00000000ff2a0000, 0x0000000100000000, 0x0000000100000000)
 Metaspace       used 5077K, capacity 5258K, committed 5504K, reserved 1056768K
  class space    used 557K, capacity 597K, committed 640K, reserved 1048576K
2024-07-16T17:58:58.707+0800: 5.852: [GC (Allocation Failure) 2024-07-16T17:58:58.707+0800: 5.852: [ParNew: 5235K->4K(6144K), 0.0003790 secs] 13614K->8382K(19840K), 0.0004118 secs] [Times: user=0.00 sys=0.00, real=0.00 secs] 
Heap after GC invocations=730 (full 80):
 par new generation   total 6144K, used 4K [0x00000000fec00000, 0x00000000ff2a0000, 0x00000000ff2a0000)
  eden space 5504K,   0% used [0x00000000fec00000, 0x00000000fec00000, 0x00000000ff160000)
  from space 640K,   0% used [0x00000000ff200000, 0x00000000ff201020, 0x00000000ff2a0000)
  to   space 640K,   0% used [0x00000000ff160000, 0x00000000ff160000, 0x00000000ff200000)
 concurrent mark-sweep generation total 13696K, used 8378K [0x00000000ff2a0000, 0x0000000100000000, 0x0000000100000000)
 Metaspace       used 5077K, capacity 5258K, committed 5504K, reserved 1056768K
  class space    used 557K, capacity 597K, committed 640K, reserved 1048576K
}
{Heap before GC invocations=730 (full 80):
 par new generation   total 6144K, used 5233K [0x00000000fec00000, 0x00000000ff2a0000, 0x00000000ff2a0000)
  eden space 5504K,  95% used [0x00000000fec00000, 0x00000000ff11b780, 0x00000000ff160000)
  from space 640K,   0% used [0x00000000ff200000, 0x00000000ff201020, 0x00000000ff2a0000)
  to   space 640K,   0% used [0x00000000ff160000, 0x00000000ff160000, 0x00000000ff200000)
 concurrent mark-sweep generation total 13696K, used 8378K [0x00000000ff2a0000, 0x0000000100000000, 0x0000000100000000)
 Metaspace       used 5077K, capacity 5258K, committed 5504K, reserved 1056768K
  class space    used 557K, capacity 597K, committed 640K, reserved 1048576K
2024-07-16T17:58:58.714+0800: 5.859: [GC (Allocation Failure) 2024-07-16T17:58:58.714+0800: 5.859: [ParNew: 5233K->6K(6144K), 0.0010535 secs] 13612K->9408K(19840K), 0.0011637 secs] [Times: user=0.00 sys=0.00, real=0.00 secs] 
Heap after GC invocations=731 (full 80):
 par new generation   total 6144K, used 6K [0x00000000fec00000, 0x00000000ff2a0000, 0x00000000ff2a0000)
  eden space 5504K,   0% used [0x00000000fec00000, 0x00000000fec00000, 0x00000000ff160000)
  from space 640K,   0% used [0x00000000ff160000, 0x00000000ff161830, 0x00000000ff200000)
  to   space 640K,   0% used [0x00000000ff200000, 0x00000000ff200000, 0x00000000ff2a0000)
 concurrent mark-sweep generation total 13696K, used 9402K [0x00000000ff2a0000, 0x0000000100000000, 0x0000000100000000)
 Metaspace       used 5077K, capacity 5258K, committed 5504K, reserved 1056768K
  class space    used 557K, capacity 597K, committed 640K, reserved 1048576K
}
{Heap before GC invocations=731 (full 80):
 par new generation   total 6144K, used 5235K [0x00000000fec00000, 0x00000000ff2a0000, 0x00000000ff2a0000)
  eden space 5504K,  95% used [0x00000000fec00000, 0x00000000ff11b780, 0x00000000ff160000)
  from space 640K,   0% used [0x00000000ff160000, 0x00000000ff161830, 0x00000000ff200000)
  to   space 640K,   0% used [0x00000000ff200000, 0x00000000ff200000, 0x00000000ff2a0000)
 concurrent mark-sweep generation total 13696K, used 9402K [0x00000000ff2a0000, 0x0000000100000000, 0x0000000100000000)
 Metaspace       used 5077K, capacity 5258K, committed 5504K, reserved 1056768K
  class space    used 557K, capacity 597K, committed 640K, reserved 1048576K
2024-07-16T17:58:58.722+0800: 5.867: [GC (Allocation Failure) 2024-07-16T17:58:58.722+0800: 5.867: [ParNew: 5235K->8K(6144K), 0.0007878 secs] 14638K->10434K(19840K), 0.0008810 secs] [Times: user=0.00 sys=0.00, real=0.00 secs] 
Heap after GC invocations=732 (full 80):
 par new generation   total 6144K, used 8K [0x00000000fec00000, 0x00000000ff2a0000, 0x00000000ff2a0000)
  eden space 5504K,   0% used [0x00000000fec00000, 0x00000000fec00000, 0x00000000ff160000)
  from space 640K,   1% used [0x00000000ff200000, 0x00000000ff202040, 0x00000000ff2a0000)
  to   space 640K,   0% used [0x00000000ff160000, 0x00000000ff160000, 0x00000000ff200000)
 concurrent mark-sweep generation total 13696K, used 10426K [0x00000000ff2a0000, 0x0000000100000000, 0x0000000100000000)
 Metaspace       used 5077K, capacity 5258K, committed 5504K, reserved 1056768K
  class space    used 557K, capacity 597K, committed 640K, reserved 1048576K
}
{Heap before GC invocations=732 (full 80):
 par new generation   total 6144K, used 5237K [0x00000000fec00000, 0x00000000ff2a0000, 0x00000000ff2a0000)
  eden space 5504K,  95% used [0x00000000fec00000, 0x00000000ff11b780, 0x00000000ff160000)
  from space 640K,   1% used [0x00000000ff200000, 0x00000000ff202040, 0x00000000ff2a0000)
  to   space 640K,   0% used [0x00000000ff160000, 0x00000000ff160000, 0x00000000ff200000)
 concurrent mark-sweep generation total 13696K, used 10426K [0x00000000ff2a0000, 0x0000000100000000, 0x0000000100000000)
 Metaspace       used 5077K, capacity 5258K, committed 5504K, reserved 1056768K
  class space    used 557K, capacity 597K, committed 640K, reserved 1048576K
2024-07-16T17:58:58.730+0800: 5.875: [GC (Allocation Failure) 2024-07-16T17:58:58.730+0800: 5.875: [ParNew: 5237K->6K(6144K), 0.0009836 secs] 15664K->11456K(19840K), 0.0010775 secs] [Times: user=0.00 sys=0.00, real=0.00 secs] 
Heap after GC invocations=733 (full 80):
 par new generation   total 6144K, used 6K [0x00000000fec00000, 0x00000000ff2a0000, 0x00000000ff2a0000)
  eden space 5504K,   0% used [0x00000000fec00000, 0x00000000fec00000, 0x00000000ff160000)
  from space 640K,   0% used [0x00000000ff160000, 0x00000000ff161830, 0x00000000ff200000)
  to   space 640K,   0% used [0x00000000ff200000, 0x00000000ff200000, 0x00000000ff2a0000)
 concurrent mark-sweep generation total 13696K, used 11450K [0x00000000ff2a0000, 0x0000000100000000, 0x0000000100000000)
 Metaspace       used 5077K, capacity 5258K, committed 5504K, reserved 1056768K
  class space    used 557K, capacity 597K, committed 640K, reserved 1048576K
}
{Heap before GC invocations=733 (full 80):
 par new generation   total 6144K, used 5235K [0x00000000fec00000, 0x00000000ff2a0000, 0x00000000ff2a0000)
  eden space 5504K,  95% used [0x00000000fec00000, 0x00000000ff11b780, 0x00000000ff160000)
  from space 640K,   0% used [0x00000000ff160000, 0x00000000ff161830, 0x00000000ff200000)
  to   space 640K,   0% used [0x00000000ff200000, 0x00000000ff200000, 0x00000000ff2a0000)
 concurrent mark-sweep generation total 13696K, used 11450K [0x00000000ff2a0000, 0x0000000100000000, 0x0000000100000000)
 Metaspace       used 5077K, capacity 5258K, committed 5504K, reserved 1056768K
  class space    used 557K, capacity 597K, committed 640K, reserved 1048576K
2024-07-16T17:58:58.740+0800: 5.885: [GC (Allocation Failure) 2024-07-16T17:58:58.740+0800: 5.885: [ParNew: 5235K->4K(6144K), 0.0011817 secs] 16686K->11454K(19840K), 0.0013153 secs] [Times: user=0.00 sys=0.00, real=0.00 secs] 
Heap after GC invocations=734 (full 80):
 par new generation   total 6144K, used 4K [0x00000000fec00000, 0x00000000ff2a0000, 0x00000000ff2a0000)
  eden space 5504K,   0% used [0x00000000fec00000, 0x00000000fec00000, 0x00000000ff160000)
  from space 640K,   0% used [0x00000000ff200000, 0x00000000ff201020, 0x00000000ff2a0000)
  to   space 640K,   0% used [0x00000000ff160000, 0x00000000ff160000, 0x00000000ff200000)
 concurrent mark-sweep generation total 13696K, used 11450K [0x00000000ff2a0000, 0x0000000100000000, 0x0000000100000000)
 Metaspace       used 5077K, capacity 5258K, committed 5504K, reserved 1056768K
  class space    used 557K, capacity 597K, committed 640K, reserved 1048576K
}
{Heap before GC invocations=734 (full 80):
 par new generation   total 6144K, used 5233K [0x00000000fec00000, 0x00000000ff2a0000, 0x00000000ff2a0000)
  eden space 5504K,  95% used [0x00000000fec00000, 0x00000000ff11b780, 0x00000000ff160000)
  from space 640K,   0% used [0x00000000ff200000, 0x00000000ff201020, 0x00000000ff2a0000)
  to   space 640K,   0% used [0x00000000ff160000, 0x00000000ff160000, 0x00000000ff200000)
 concurrent mark-sweep generation total 13696K, used 11450K [0x00000000ff2a0000, 0x0000000100000000, 0x0000000100000000)
 Metaspace       used 5077K, capacity 5258K, committed 5504K, reserved 1056768K
  class space    used 557K, capacity 597K, committed 640K, reserved 1048576K
2024-07-16T17:58:58.748+0800: 5.893: [GC (Allocation Failure) 2024-07-16T17:58:58.748+0800: 5.893: [ParNew: 5233K->4K(6144K), 0.0002844 secs] 16684K->11454K(19840K), 0.0003247 secs] [Times: user=0.00 sys=0.00, real=0.00 secs] 
Heap after GC invocations=735 (full 80):
 par new generation   total 6144K, used 4K [0x00000000fec00000, 0x00000000ff2a0000, 0x00000000ff2a0000)
  eden space 5504K,   0% used [0x00000000fec00000, 0x00000000fec00000, 0x00000000ff160000)
  from space 640K,   0% used [0x00000000ff160000, 0x00000000ff161020, 0x00000000ff200000)
  to   space 640K,   0% used [0x00000000ff200000, 0x00000000ff200000, 0x00000000ff2a0000)
 concurrent mark-sweep generation total 13696K, used 11450K [0x00000000ff2a0000, 0x0000000100000000, 0x0000000100000000)
 Metaspace       used 5077K, capacity 5258K, committed 5504K, reserved 1056768K
  class space    used 557K, capacity 597K, committed 640K, reserved 1048576K
}
{Heap before GC invocations=735 (full 80):
 par new generation   total 6144K, used 5233K [0x00000000fec00000, 0x00000000ff2a0000, 0x00000000ff2a0000)
  eden space 5504K,  95% used [0x00000000fec00000, 0x00000000ff11b780, 0x00000000ff160000)
  from space 640K,   0% used [0x00000000ff160000, 0x00000000ff161020, 0x00000000ff200000)
  to   space 640K,   0% used [0x00000000ff200000, 0x00000000ff200000, 0x00000000ff2a0000)
 concurrent mark-sweep generation total 13696K, used 11450K [0x00000000ff2a0000, 0x0000000100000000, 0x0000000100000000)
 Metaspace       used 5077K, capacity 5258K, committed 5504K, reserved 1056768K
  class space    used 557K, capacity 597K, committed 640K, reserved 1048576K
2024-07-16T17:58:58.756+0800: 5.901: [GC (Allocation Failure) 2024-07-16T17:58:58.756+0800: 5.901: [ParNew: 5233K->6K(6144K), 0.0003807 secs] 16684K->12480K(19840K), 0.0004282 secs] [Times: user=0.00 sys=0.00, real=0.00 secs] 
Heap after GC invocations=736 (full 80):
 par new generation   total 6144K, used 6K [0x00000000fec00000, 0x00000000ff2a0000, 0x00000000ff2a0000)
  eden space 5504K,   0% used [0x00000000fec00000, 0x00000000fec00000, 0x00000000ff160000)
  from space 640K,   0% used [0x00000000ff200000, 0x00000000ff201830, 0x00000000ff2a0000)
  to   space 640K,   0% used [0x00000000ff160000, 0x00000000ff160000, 0x00000000ff200000)
 concurrent mark-sweep generation total 13696K, used 12474K [0x00000000ff2a0000, 0x0000000100000000, 0x0000000100000000)
 Metaspace       used 5077K, capacity 5258K, committed 5504K, reserved 1056768K
  class space    used 557K, capacity 597K, committed 640K, reserved 1048576K
}
{Heap before GC invocations=736 (full 80):
 par new generation   total 6144K, used 5235K [0x00000000fec00000, 0x00000000ff2a0000, 0x00000000ff2a0000)
  eden space 5504K,  95% used [0x00000000fec00000, 0x00000000ff11b780, 0x00000000ff160000)
  from space 640K,   0% used [0x00000000ff200000, 0x00000000ff201830, 0x00000000ff2a0000)
  to   space 640K,   0% used [0x00000000ff160000, 0x00000000ff160000, 0x00000000ff200000)
 concurrent mark-sweep generation total 13696K, used 12474K [0x00000000ff2a0000, 0x0000000100000000, 0x0000000100000000)
 Metaspace       used 5077K, capacity 5258K, committed 5504K, reserved 1056768K
  class space    used 557K, capacity 597K, committed 640K, reserved 1048576K
2024-07-16T17:58:58.764+0800: 5.909: [GC (Allocation Failure) 2024-07-16T17:58:58.764+0800: 5.909: [ParNew: 5235K->5235K(6144K), 0.0000135 secs]2024-07-16T17:58:58.764+0800: 5.909: [CMS2024-07-16T17:58:58.764+0800: 5.909: [CMS-concurrent-abortable-preclean: 0.001/0.061 secs] [Times: user=0.00 sys=0.00, real=0.06 secs] 
 (concurrent mode failure): 12474K->1196K(13696K), 0.0025947 secs] 17710K->1196K(19840K), [Metaspace: 5077K->5077K(1056768K)], 0.0026657 secs] [Times: user=0.00 sys=0.00, real=0.00 secs] 
Heap after GC invocations=737 (full 81):
 par new generation   total 6144K, used 0K [0x00000000fec00000, 0x00000000ff2a0000, 0x00000000ff2a0000)
  eden space 5504K,   0% used [0x00000000fec00000, 0x00000000fec00000, 0x00000000ff160000)
  from space 640K,   0% used [0x00000000ff200000, 0x00000000ff200000, 0x00000000ff2a0000)
  to   space 640K,   0% used [0x00000000ff160000, 0x00000000ff160000, 0x00000000ff200000)
 concurrent mark-sweep generation total 13696K, used 1196K [0x00000000ff2a0000, 0x0000000100000000, 0x0000000100000000)
 Metaspace       used 5077K, capacity 5258K, committed 5504K, reserved 1056768K
  class space    used 557K, capacity 597K, committed 640K, reserved 1048576K
}
{Heap before GC invocations=737 (full 81):
 par new generation   total 6144K, used 5229K [0x00000000fec00000, 0x00000000ff2a0000, 0x00000000ff2a0000)
  eden space 5504K,  95% used [0x00000000fec00000, 0x00000000ff11b780, 0x00000000ff160000)
  from space 640K,   0% used [0x00000000ff200000, 0x00000000ff200000, 0x00000000ff2a0000)
  to   space 640K,   0% used [0x00000000ff160000, 0x00000000ff160000, 0x00000000ff200000)
 concurrent mark-sweep generation total 13696K, used 1196K [0x00000000ff2a0000, 0x0000000100000000, 0x0000000100000000)
 Metaspace       used 5077K, capacity 5258K, committed 5504K, reserved 1056768K
  class space    used 557K, capacity 597K, committed 640K, reserved 1048576K
2024-07-16T17:58:58.774+0800: 5.919: [GC (Allocation Failure) 2024-07-16T17:58:58.774+0800: 5.919: [ParNew: 5229K->6K(6144K), 0.0003450 secs] 6426K->2228K(19840K), 0.0003801 secs] [Times: user=0.00 sys=0.00, real=0.00 secs] 
Heap after GC invocations=738 (full 81):
 par new generation   total 6144K, used 6K [0x00000000fec00000, 0x00000000ff2a0000, 0x00000000ff2a0000)
  eden space 5504K,   0% used [0x00000000fec00000, 0x00000000fec00000, 0x00000000ff160000)
  from space 640K,   0% used [0x00000000ff160000, 0x00000000ff161830, 0x00000000ff200000)
  to   space 640K,   0% used [0x00000000ff200000, 0x00000000ff200000, 0x00000000ff2a0000)
 concurrent mark-sweep generation total 13696K, used 2222K [0x00000000ff2a0000, 0x0000000100000000, 0x0000000100000000)
 Metaspace       used 5077K, capacity 5258K, committed 5504K, reserved 1056768K
  class space    used 557K, capacity 597K, committed 640K, reserved 1048576K
}
{Heap before GC invocations=738 (full 81):
 par new generation   total 6144K, used 5235K [0x00000000fec00000, 0x00000000ff2a0000, 0x00000000ff2a0000)
  eden space 5504K,  95% used [0x00000000fec00000, 0x00000000ff11b780, 0x00000000ff160000)
  from space 640K,   0% used [0x00000000ff160000, 0x00000000ff161830, 0x00000000ff200000)
  to   space 640K,   0% used [0x00000000ff200000, 0x00000000ff200000, 0x00000000ff2a0000)
 concurrent mark-sweep generation total 13696K, used 2222K [0x00000000ff2a0000, 0x0000000100000000, 0x0000000100000000)
 Metaspace       used 5077K, capacity 5258K, committed 5504K, reserved 1056768K
  class space    used 557K, capacity 597K, committed 640K, reserved 1048576K
2024-07-16T17:58:58.781+0800: 5.926: [GC (Allocation Failure) 2024-07-16T17:58:58.781+0800: 5.926: [ParNew: 5235K->8K(6144K), 0.0003573 secs] 7458K->3256K(19840K), 0.0003942 secs] [Times: user=0.00 sys=0.00, real=0.00 secs] 
Heap after GC invocations=739 (full 81):
 par new generation   total 6144K, used 8K [0x00000000fec00000, 0x00000000ff2a0000, 0x00000000ff2a0000)
  eden space 5504K,   0% used [0x00000000fec00000, 0x00000000fec00000, 0x00000000ff160000)
  from space 640K,   1% used [0x00000000ff200000, 0x00000000ff202040, 0x00000000ff2a0000)
  to   space 640K,   0% used [0x00000000ff160000, 0x00000000ff160000, 0x00000000ff200000)
 concurrent mark-sweep generation total 13696K, used 3248K [0x00000000ff2a0000, 0x0000000100000000, 0x0000000100000000)
 Metaspace       used 5077K, capacity 5258K, committed 5504K, reserved 1056768K
  class space    used 557K, capacity 597K, committed 640K, reserved 1048576K
}
{Heap before GC invocations=739 (full 81):
 par new generation   total 6144K, used 5237K [0x00000000fec00000, 0x00000000ff2a0000, 0x00000000ff2a0000)
  eden space 5504K,  95% used [0x00000000fec00000, 0x00000000ff11b780, 0x00000000ff160000)
  from space 640K,   1% used [0x00000000ff200000, 0x00000000ff202040, 0x00000000ff2a0000)
  to   space 640K,   0% used [0x00000000ff160000, 0x00000000ff160000, 0x00000000ff200000)
 concurrent mark-sweep generation total 13696K, used 3248K [0x00000000ff2a0000, 0x0000000100000000, 0x0000000100000000)
 Metaspace       used 5077K, capacity 5258K, committed 5504K, reserved 1056768K
  class space    used 557K, capacity 597K, committed 640K, reserved 1048576K
2024-07-16T17:58:58.788+0800: 5.933: [GC (Allocation Failure) 2024-07-16T17:58:58.788+0800: 5.933: [ParNew: 5237K->8K(6144K), 0.0004109 secs] 8486K->4282K(19840K), 0.0004521 secs] [Times: user=0.00 sys=0.00, real=0.00 secs] 
Heap after GC invocations=740 (full 81):
 par new generation   total 6144K, used 8K [0x00000000fec00000, 0x00000000ff2a0000, 0x00000000ff2a0000)
  eden space 5504K,   0% used [0x00000000fec00000, 0x00000000fec00000, 0x00000000ff160000)
  from space 640K,   1% used [0x00000000ff160000, 0x00000000ff162040, 0x00000000ff200000)
  to   space 640K,   0% used [0x00000000ff200000, 0x00000000ff200000, 0x00000000ff2a0000)
 concurrent mark-sweep generation total 13696K, used 4274K [0x00000000ff2a0000, 0x0000000100000000, 0x0000000100000000)
 Metaspace       used 5077K, capacity 5258K, committed 5504K, reserved 1056768K
  class space    used 557K, capacity 597K, committed 640K, reserved 1048576K
}
{Heap before GC invocations=740 (full 81):
 par new generation   total 6144K, used 5237K [0x00000000fec00000, 0x00000000ff2a0000, 0x00000000ff2a0000)
  eden space 5504K,  95% used [0x00000000fec00000, 0x00000000ff11b780, 0x00000000ff160000)
  from space 640K,   1% used [0x00000000ff160000, 0x00000000ff162040, 0x00000000ff200000)
  to   space 640K,   0% used [0x00000000ff200000, 0x00000000ff200000, 0x00000000ff2a0000)
 concurrent mark-sweep generation total 13696K, used 4274K [0x00000000ff2a0000, 0x0000000100000000, 0x0000000100000000)
 Metaspace       used 5077K, capacity 5258K, committed 5504K, reserved 1056768K
  class space    used 557K, capacity 597K, committed 640K, reserved 1048576K
2024-07-16T17:58:58.794+0800: 5.939: [GC (Allocation Failure) 2024-07-16T17:58:58.794+0800: 5.939: [ParNew: 5237K->8K(6144K), 0.0006314 secs] 9512K->5308K(19840K), 0.0006898 secs] [Times: user=0.00 sys=0.00, real=0.00 secs] 
Heap after GC invocations=741 (full 81):
 par new generation   total 6144K, used 8K [0x00000000fec00000, 0x00000000ff2a0000, 0x00000000ff2a0000)
  eden space 5504K,   0% used [0x00000000fec00000, 0x00000000fec00000, 0x00000000ff160000)
  from space 640K,   1% used [0x00000000ff200000, 0x00000000ff202040, 0x00000000ff2a0000)
  to   space 640K,   0% used [0x00000000ff160000, 0x00000000ff160000, 0x00000000ff200000)
 concurrent mark-sweep generation total 13696K, used 5300K [0x00000000ff2a0000, 0x0000000100000000, 0x0000000100000000)
 Metaspace       used 5077K, capacity 5258K, committed 5504K, reserved 1056768K
  class space    used 557K, capacity 597K, committed 640K, reserved 1048576K
}
{Heap before GC invocations=741 (full 81):
 par new generation   total 6144K, used 5237K [0x00000000fec00000, 0x00000000ff2a0000, 0x00000000ff2a0000)
  eden space 5504K,  95% used [0x00000000fec00000, 0x00000000ff11b780, 0x00000000ff160000)
  from space 640K,   1% used [0x00000000ff200000, 0x00000000ff202040, 0x00000000ff2a0000)
  to   space 640K,   0% used [0x00000000ff160000, 0x00000000ff160000, 0x00000000ff200000)
 concurrent mark-sweep generation total 13696K, used 5300K [0x00000000ff2a0000, 0x0000000100000000, 0x0000000100000000)
 Metaspace       used 5077K, capacity 5258K, committed 5504K, reserved 1056768K
  class space    used 557K, capacity 597K, committed 640K, reserved 1048576K
2024-07-16T17:58:58.800+0800: 5.945: [GC (Allocation Failure) 2024-07-16T17:58:58.800+0800: 5.945: [ParNew: 5237K->4K(6144K), 0.0002895 secs] 10538K->5304K(19840K), 0.0003305 secs] [Times: user=0.00 sys=0.00, real=0.00 secs] 
Heap after GC invocations=742 (full 81):
 par new generation   total 6144K, used 4K [0x00000000fec00000, 0x00000000ff2a0000, 0x00000000ff2a0000)
  eden space 5504K,   0% used [0x00000000fec00000, 0x00000000fec00000, 0x00000000ff160000)
  from space 640K,   0% used [0x00000000ff160000, 0x00000000ff161020, 0x00000000ff200000)
  to   space 640K,   0% used [0x00000000ff200000, 0x00000000ff200000, 0x00000000ff2a0000)
 concurrent mark-sweep generation total 13696K, used 5300K [0x00000000ff2a0000, 0x0000000100000000, 0x0000000100000000)
 Metaspace       used 5077K, capacity 5258K, committed 5504K, reserved 1056768K
  class space    used 557K, capacity 597K, committed 640K, reserved 1048576K
}
{Heap before GC invocations=742 (full 81):
 par new generation   total 6144K, used 5233K [0x00000000fec00000, 0x00000000ff2a0000, 0x00000000ff2a0000)
  eden space 5504K,  95% used [0x00000000fec00000, 0x00000000ff11b780, 0x00000000ff160000)
  from space 640K,   0% used [0x00000000ff160000, 0x00000000ff161020, 0x00000000ff200000)
  to   space 640K,   0% used [0x00000000ff200000, 0x00000000ff200000, 0x00000000ff2a0000)
 concurrent mark-sweep generation total 13696K, used 5300K [0x00000000ff2a0000, 0x0000000100000000, 0x0000000100000000)
 Metaspace       used 5077K, capacity 5258K, committed 5504K, reserved 1056768K
  class space    used 557K, capacity 597K, committed 640K, reserved 1048576K
2024-07-16T17:58:58.806+0800: 5.950: [GC (Allocation Failure) 2024-07-16T17:58:58.806+0800: 5.950: [ParNew: 5233K->8K(6144K), 0.0004182 secs] 10534K->6334K(19840K), 0.0004529 secs] [Times: user=0.00 sys=0.00, real=0.00 secs] 
Heap after GC invocations=743 (full 81):
 par new generation   total 6144K, used 8K [0x00000000fec00000, 0x00000000ff2a0000, 0x00000000ff2a0000)
  eden space 5504K,   0% used [0x00000000fec00000, 0x00000000fec00000, 0x00000000ff160000)
  from space 640K,   1% used [0x00000000ff200000, 0x00000000ff202040, 0x00000000ff2a0000)
  to   space 640K,   0% used [0x00000000ff160000, 0x00000000ff160000, 0x00000000ff200000)
 concurrent mark-sweep generation total 13696K, used 6326K [0x00000000ff2a0000, 0x0000000100000000, 0x0000000100000000)
 Metaspace       used 5077K, capacity 5258K, committed 5504K, reserved 1056768K
  class space    used 557K, capacity 597K, committed 640K, reserved 1048576K
}
{Heap before GC invocations=743 (full 81):
 par new generation   total 6144K, used 5237K [0x00000000fec00000, 0x00000000ff2a0000, 0x00000000ff2a0000)
  eden space 5504K,  95% used [0x00000000fec00000, 0x00000000ff11b780, 0x00000000ff160000)
  from space 640K,   1% used [0x00000000ff200000, 0x00000000ff202040, 0x00000000ff2a0000)
  to   space 640K,   0% used [0x00000000ff160000, 0x00000000ff160000, 0x00000000ff200000)
 concurrent mark-sweep generation total 13696K, used 6326K [0x00000000ff2a0000, 0x0000000100000000, 0x0000000100000000)
 Metaspace       used 5077K, capacity 5258K, committed 5504K, reserved 1056768K
  class space    used 557K, capacity 597K, committed 640K, reserved 1048576K
2024-07-16T17:58:58.812+0800: 5.957: [GC (Allocation Failure) 2024-07-16T17:58:58.812+0800: 5.957: [ParNew: 5237K->6K(6144K), 0.0004256 secs] 11564K->7358K(19840K), 0.0004772 secs] [Times: user=0.00 sys=0.00, real=0.00 secs] 
Heap after GC invocations=744 (full 81):
 par new generation   total 6144K, used 6K [0x00000000fec00000, 0x00000000ff2a0000, 0x00000000ff2a0000)
  eden space 5504K,   0% used [0x00000000fec00000, 0x00000000fec00000, 0x00000000ff160000)
  from space 640K,   0% used [0x00000000ff160000, 0x00000000ff161830, 0x00000000ff200000)
  to   space 640K,   0% used [0x00000000ff200000, 0x00000000ff200000, 0x00000000ff2a0000)
 concurrent mark-sweep generation total 13696K, used 7352K [0x00000000ff2a0000, 0x0000000100000000, 0x0000000100000000)
 Metaspace       used 5077K, capacity 5258K, committed 5504K, reserved 1056768K
  class space    used 557K, capacity 597K, committed 640K, reserved 1048576K
}
{Heap before GC invocations=744 (full 81):
 par new generation   total 6144K, used 5235K [0x00000000fec00000, 0x00000000ff2a0000, 0x00000000ff2a0000)
  eden space 5504K,  95% used [0x00000000fec00000, 0x00000000ff11b780, 0x00000000ff160000)
  from space 640K,   0% used [0x00000000ff160000, 0x00000000ff161830, 0x00000000ff200000)
  to   space 640K,   0% used [0x00000000ff200000, 0x00000000ff200000, 0x00000000ff2a0000)
 concurrent mark-sweep generation total 13696K, used 7352K [0x00000000ff2a0000, 0x0000000100000000, 0x0000000100000000)
 Metaspace       used 5077K, capacity 5258K, committed 5504K, reserved 1056768K
  class space    used 557K, capacity 597K, committed 640K, reserved 1048576K
2024-07-16T17:58:58.818+0800: 5.963: [GC (Allocation Failure) 2024-07-16T17:58:58.818+0800: 5.963: [ParNew: 5235K->6K(6144K), 0.0003796 secs] 12588K->8384K(19840K), 0.0004177 secs] [Times: user=0.00 sys=0.00, real=0.00 secs] 
Heap after GC invocations=745 (full 81):
 par new generation   total 6144K, used 6K [0x00000000fec00000, 0x00000000ff2a0000, 0x00000000ff2a0000)
  eden space 5504K,   0% used [0x00000000fec00000, 0x00000000fec00000, 0x00000000ff160000)
  from space 640K,   0% used [0x00000000ff200000, 0x00000000ff201830, 0x00000000ff2a0000)
  to   space 640K,   0% used [0x00000000ff160000, 0x00000000ff160000, 0x00000000ff200000)
 concurrent mark-sweep generation total 13696K, used 8378K [0x00000000ff2a0000, 0x0000000100000000, 0x0000000100000000)
 Metaspace       used 5077K, capacity 5258K, committed 5504K, reserved 1056768K
  class space    used 557K, capacity 597K, committed 640K, reserved 1048576K
}
2024-07-16T17:58:58.819+0800: 5.964: [GC (CMS Initial Mark) [1 CMS-initial-mark: 8378K(13696K)] 9410K(19840K), 0.0001695 secs] [Times: user=0.00 sys=0.00, real=0.00 secs] 
2024-07-16T17:58:58.819+0800: 5.964: [CMS-concurrent-mark-start]
2024-07-16T17:58:58.821+0800: 5.966: [CMS-concurrent-mark: 0.002/0.002 secs] [Times: user=0.00 sys=0.00, real=0.00 secs] 
2024-07-16T17:58:58.821+0800: 5.966: [CMS-concurrent-preclean-start]
2024-07-16T17:58:58.821+0800: 5.966: [CMS-concurrent-preclean: 0.000/0.000 secs] [Times: user=0.00 sys=0.00, real=0.00 secs] 
2024-07-16T17:58:58.821+0800: 5.966: [CMS-concurrent-abortable-preclean-start]
{Heap before GC invocations=745 (full 82):
 par new generation   total 6144K, used 5235K [0x00000000fec00000, 0x00000000ff2a0000, 0x00000000ff2a0000)
  eden space 5504K,  95% used [0x00000000fec00000, 0x00000000ff11b780, 0x00000000ff160000)
  from space 640K,   0% used [0x00000000ff200000, 0x00000000ff201830, 0x00000000ff2a0000)
  to   space 640K,   0% used [0x00000000ff160000, 0x00000000ff160000, 0x00000000ff200000)
 concurrent mark-sweep generation total 13696K, used 8378K [0x00000000ff2a0000, 0x0000000100000000, 0x0000000100000000)
 Metaspace       used 5077K, capacity 5258K, committed 5504K, reserved 1056768K
  class space    used 557K, capacity 597K, committed 640K, reserved 1048576K
2024-07-16T17:58:58.825+0800: 5.969: [GC (Allocation Failure) 2024-07-16T17:58:58.825+0800: 5.969: [ParNew: 5235K->4K(6144K), 0.0002451 secs] 13614K->8382K(19840K), 0.0002782 secs] [Times: user=0.00 sys=0.00, real=0.00 secs] 
Heap after GC invocations=746 (full 82):
 par new generation   total 6144K, used 4K [0x00000000fec00000, 0x00000000ff2a0000, 0x00000000ff2a0000)
  eden space 5504K,   0% used [0x00000000fec00000, 0x00000000fec00000, 0x00000000ff160000)
  from space 640K,   0% used [0x00000000ff160000, 0x00000000ff161020, 0x00000000ff200000)
  to   space 640K,   0% used [0x00000000ff200000, 0x00000000ff200000, 0x00000000ff2a0000)
 concurrent mark-sweep generation total 13696K, used 8378K [0x00000000ff2a0000, 0x0000000100000000, 0x0000000100000000)
 Metaspace       used 5077K, capacity 5258K, committed 5504K, reserved 1056768K
  class space    used 557K, capacity 597K, committed 640K, reserved 1048576K
}
{Heap before GC invocations=746 (full 82):
 par new generation   total 6144K, used 5233K [0x00000000fec00000, 0x00000000ff2a0000, 0x00000000ff2a0000)
  eden space 5504K,  95% used [0x00000000fec00000, 0x00000000ff11b780, 0x00000000ff160000)
  from space 640K,   0% used [0x00000000ff160000, 0x00000000ff161020, 0x00000000ff200000)
  to   space 640K,   0% used [0x00000000ff200000, 0x00000000ff200000, 0x00000000ff2a0000)
 concurrent mark-sweep generation total 13696K, used 8378K [0x00000000ff2a0000, 0x0000000100000000, 0x0000000100000000)
 Metaspace       used 5077K, capacity 5258K, committed 5504K, reserved 1056768K
  class space    used 557K, capacity 597K, committed 640K, reserved 1048576K
2024-07-16T17:58:58.830+0800: 5.974: [GC (Allocation Failure) 2024-07-16T17:58:58.830+0800: 5.974: [ParNew: 5233K->4K(6144K), 0.0002833 secs] 13612K->8382K(19840K), 0.0003183 secs] [Times: user=0.00 sys=0.00, real=0.00 secs] 
Heap after GC invocations=747 (full 82):
 par new generation   total 6144K, used 4K [0x00000000fec00000, 0x00000000ff2a0000, 0x00000000ff2a0000)
  eden space 5504K,   0% used [0x00000000fec00000, 0x00000000fec00000, 0x00000000ff160000)
  from space 640K,   0% used [0x00000000ff200000, 0x00000000ff201020, 0x00000000ff2a0000)
  to   space 640K,   0% used [0x00000000ff160000, 0x00000000ff160000, 0x00000000ff200000)
 concurrent mark-sweep generation total 13696K, used 8378K [0x00000000ff2a0000, 0x0000000100000000, 0x0000000100000000)
 Metaspace       used 5077K, capacity 5258K, committed 5504K, reserved 1056768K
  class space    used 557K, capacity 597K, committed 640K, reserved 1048576K
}
{Heap before GC invocations=747 (full 82):
 par new generation   total 6144K, used 5233K [0x00000000fec00000, 0x00000000ff2a0000, 0x00000000ff2a0000)
  eden space 5504K,  95% used [0x00000000fec00000, 0x00000000ff11b780, 0x00000000ff160000)
  from space 640K,   0% used [0x00000000ff200000, 0x00000000ff201020, 0x00000000ff2a0000)
  to   space 640K,   0% used [0x00000000ff160000, 0x00000000ff160000, 0x00000000ff200000)
 concurrent mark-sweep generation total 13696K, used 8378K [0x00000000ff2a0000, 0x0000000100000000, 0x0000000100000000)
 Metaspace       used 5077K, capacity 5258K, committed 5504K, reserved 1056768K
  class space    used 557K, capacity 597K, committed 640K, reserved 1048576K
2024-07-16T17:58:58.835+0800: 5.980: [GC (Allocation Failure) 2024-07-16T17:58:58.835+0800: 5.980: [ParNew: 5233K->6K(6144K), 0.0003557 secs] 13612K->9408K(19840K), 0.0003962 secs] [Times: user=0.00 sys=0.00, real=0.00 secs] 
Heap after GC invocations=748 (full 82):
 par new generation   total 6144K, used 6K [0x00000000fec00000, 0x00000000ff2a0000, 0x00000000ff2a0000)
  eden space 5504K,   0% used [0x00000000fec00000, 0x00000000fec00000, 0x00000000ff160000)
  from space 640K,   0% used [0x00000000ff160000, 0x00000000ff161830, 0x00000000ff200000)
  to   space 640K,   0% used [0x00000000ff200000, 0x00000000ff200000, 0x00000000ff2a0000)
 concurrent mark-sweep generation total 13696K, used 9402K [0x00000000ff2a0000, 0x0000000100000000, 0x0000000100000000)
 Metaspace       used 5077K, capacity 5258K, committed 5504K, reserved 1056768K
  class space    used 557K, capacity 597K, committed 640K, reserved 1048576K
}
{Heap before GC invocations=748 (full 82):
 par new generation   total 6144K, used 5235K [0x00000000fec00000, 0x00000000ff2a0000, 0x00000000ff2a0000)
  eden space 5504K,  95% used [0x00000000fec00000, 0x00000000ff11b780, 0x00000000ff160000)
  from space 640K,   0% used [0x00000000ff160000, 0x00000000ff161830, 0x00000000ff200000)
  to   space 640K,   0% used [0x00000000ff200000, 0x00000000ff200000, 0x00000000ff2a0000)
 concurrent mark-sweep generation total 13696K, used 9402K [0x00000000ff2a0000, 0x0000000100000000, 0x0000000100000000)
 Metaspace       used 5077K, capacity 5258K, committed 5504K, reserved 1056768K
  class space    used 557K, capacity 597K, committed 640K, reserved 1048576K
2024-07-16T17:58:58.841+0800: 5.985: [GC (Allocation Failure) 2024-07-16T17:58:58.841+0800: 5.985: [ParNew: 5235K->6K(6144K), 0.0003335 secs] 14638K->10432K(19840K), 0.0003601 secs] [Times: user=0.00 sys=0.00, real=0.00 secs] 
Heap after GC invocations=749 (full 82):
 par new generation   total 6144K, used 6K [0x00000000fec00000, 0x00000000ff2a0000, 0x00000000ff2a0000)
  eden space 5504K,   0% used [0x00000000fec00000, 0x00000000fec00000, 0x00000000ff160000)
  from space 640K,   0% used [0x00000000ff200000, 0x00000000ff201830, 0x00000000ff2a0000)
  to   space 640K,   0% used [0x00000000ff160000, 0x00000000ff160000, 0x00000000ff200000)
 concurrent mark-sweep generation total 13696K, used 10426K [0x00000000ff2a0000, 0x0000000100000000, 0x0000000100000000)
 Metaspace       used 5077K, capacity 5258K, committed 5504K, reserved 1056768K
  class space    used 557K, capacity 597K, committed 640K, reserved 1048576K
}
{Heap before GC invocations=749 (full 82):
 par new generation   total 6144K, used 5235K [0x00000000fec00000, 0x00000000ff2a0000, 0x00000000ff2a0000)
  eden space 5504K,  95% used [0x00000000fec00000, 0x00000000ff11b780, 0x00000000ff160000)
  from space 640K,   0% used [0x00000000ff200000, 0x00000000ff201830, 0x00000000ff2a0000)
  to   space 640K,   0% used [0x00000000ff160000, 0x00000000ff160000, 0x00000000ff200000)
 concurrent mark-sweep generation total 13696K, used 10426K [0x00000000ff2a0000, 0x0000000100000000, 0x0000000100000000)
 Metaspace       used 5077K, capacity 5258K, committed 5504K, reserved 1056768K
  class space    used 557K, capacity 597K, committed 640K, reserved 1048576K
2024-07-16T17:58:58.847+0800: 5.992: [GC (Allocation Failure) 2024-07-16T17:58:58.847+0800: 5.992: [ParNew: 5235K->4K(6144K), 0.0002860 secs] 15662K->10430K(19840K), 0.0003228 secs] [Times: user=0.00 sys=0.00, real=0.00 secs] 
Heap after GC invocations=750 (full 82):
 par new generation   total 6144K, used 4K [0x00000000fec00000, 0x00000000ff2a0000, 0x00000000ff2a0000)
  eden space 5504K,   0% used [0x00000000fec00000, 0x00000000fec00000, 0x00000000ff160000)
  from space 640K,   0% used [0x00000000ff160000, 0x00000000ff161020, 0x00000000ff200000)
  to   space 640K,   0% used [0x00000000ff200000, 0x00000000ff200000, 0x00000000ff2a0000)
 concurrent mark-sweep generation total 13696K, used 10426K [0x00000000ff2a0000, 0x0000000100000000, 0x0000000100000000)
 Metaspace       used 5077K, capacity 5258K, committed 5504K, reserved 1056768K
  class space    used 557K, capacity 597K, committed 640K, reserved 1048576K
}
{Heap before GC invocations=750 (full 82):
 par new generation   total 6144K, used 5233K [0x00000000fec00000, 0x00000000ff2a0000, 0x00000000ff2a0000)
  eden space 5504K,  95% used [0x00000000fec00000, 0x00000000ff11b780, 0x00000000ff160000)
  from space 640K,   0% used [0x00000000ff160000, 0x00000000ff161020, 0x00000000ff200000)
  to   space 640K,   0% used [0x00000000ff200000, 0x00000000ff200000, 0x00000000ff2a0000)
 concurrent mark-sweep generation total 13696K, used 10426K [0x00000000ff2a0000, 0x0000000100000000, 0x0000000100000000)
 Metaspace       used 5077K, capacity 5258K, committed 5504K, reserved 1056768K
  class space    used 557K, capacity 597K, committed 640K, reserved 1048576K
2024-07-16T17:58:58.854+0800: 5.999: [GC (Allocation Failure) 2024-07-16T17:58:58.854+0800: 5.999: [ParNew: 5233K->6K(6144K), 0.0003851 secs] 15660K->11457K(19840K), 0.0004232 secs] [Times: user=0.00 sys=0.00, real=0.00 secs] 
Heap after GC invocations=751 (full 82):
 par new generation   total 6144K, used 6K [0x00000000fec00000, 0x00000000ff2a0000, 0x00000000ff2a0000)
  eden space 5504K,   0% used [0x00000000fec00000, 0x00000000fec00000, 0x00000000ff160000)
  from space 640K,   0% used [0x00000000ff200000, 0x00000000ff201830, 0x00000000ff2a0000)
  to   space 640K,   0% used [0x00000000ff160000, 0x00000000ff160000, 0x00000000ff200000)
 concurrent mark-sweep generation total 13696K, used 11450K [0x00000000ff2a0000, 0x0000000100000000, 0x0000000100000000)
 Metaspace       used 5077K, capacity 5258K, committed 5504K, reserved 1056768K
  class space    used 557K, capacity 597K, committed 640K, reserved 1048576K
}
{Heap before GC invocations=751 (full 82):
 par new generation   total 6144K, used 5235K [0x00000000fec00000, 0x00000000ff2a0000, 0x00000000ff2a0000)
  eden space 5504K,  95% used [0x00000000fec00000, 0x00000000ff11b780, 0x00000000ff160000)
  from space 640K,   0% used [0x00000000ff200000, 0x00000000ff201830, 0x00000000ff2a0000)
  to   space 640K,   0% used [0x00000000ff160000, 0x00000000ff160000, 0x00000000ff200000)
 concurrent mark-sweep generation total 13696K, used 11450K [0x00000000ff2a0000, 0x0000000100000000, 0x0000000100000000)
 Metaspace       used 5077K, capacity 5258K, committed 5504K, reserved 1056768K
  class space    used 557K, capacity 597K, committed 640K, reserved 1048576K
2024-07-16T17:58:58.862+0800: 6.007: [GC (Allocation Failure) 2024-07-16T17:58:58.862+0800: 6.007: [ParNew: 5235K->4K(6144K), 0.0002572 secs] 16686K->11454K(19840K), 0.0002941 secs] [Times: user=0.00 sys=0.00, real=0.00 secs] 
Heap after GC invocations=752 (full 82):
 par new generation   total 6144K, used 4K [0x00000000fec00000, 0x00000000ff2a0000, 0x00000000ff2a0000)
  eden space 5504K,   0% used [0x00000000fec00000, 0x00000000fec00000, 0x00000000ff160000)
  from space 640K,   0% used [0x00000000ff160000, 0x00000000ff161020, 0x00000000ff200000)
  to   space 640K,   0% used [0x00000000ff200000, 0x00000000ff200000, 0x00000000ff2a0000)
 concurrent mark-sweep generation total 13696K, used 11450K [0x00000000ff2a0000, 0x0000000100000000, 0x0000000100000000)
 Metaspace       used 5077K, capacity 5258K, committed 5504K, reserved 1056768K
  class space    used 557K, capacity 597K, committed 640K, reserved 1048576K
}
{Heap before GC invocations=752 (full 82):
 par new generation   total 6144K, used 5233K [0x00000000fec00000, 0x00000000ff2a0000, 0x00000000ff2a0000)
  eden space 5504K,  95% used [0x00000000fec00000, 0x00000000ff11b780, 0x00000000ff160000)
  from space 640K,   0% used [0x00000000ff160000, 0x00000000ff161020, 0x00000000ff200000)
  to   space 640K,   0% used [0x00000000ff200000, 0x00000000ff200000, 0x00000000ff2a0000)
 concurrent mark-sweep generation total 13696K, used 11450K [0x00000000ff2a0000, 0x0000000100000000, 0x0000000100000000)
 Metaspace       used 5077K, capacity 5258K, committed 5504K, reserved 1056768K
  class space    used 557K, capacity 597K, committed 640K, reserved 1048576K
2024-07-16T17:58:58.869+0800: 6.013: [GC (Allocation Failure) 2024-07-16T17:58:58.869+0800: 6.013: [ParNew: 5233K->6K(6144K), 0.0003761 secs] 16684K->12483K(19840K), 0.0004212 secs] [Times: user=0.00 sys=0.00, real=0.00 secs] 
Heap after GC invocations=753 (full 82):
 par new generation   total 6144K, used 6K [0x00000000fec00000, 0x00000000ff2a0000, 0x00000000ff2a0000)
  eden space 5504K,   0% used [0x00000000fec00000, 0x00000000fec00000, 0x00000000ff160000)
  from space 640K,   0% used [0x00000000ff200000, 0x00000000ff201830, 0x00000000ff2a0000)
  to   space 640K,   0% used [0x00000000ff160000, 0x00000000ff160000, 0x00000000ff200000)
 concurrent mark-sweep generation total 13696K, used 12477K [0x00000000ff2a0000, 0x0000000100000000, 0x0000000100000000)
 Metaspace       used 5077K, capacity 5258K, committed 5504K, reserved 1056768K
  class space    used 557K, capacity 597K, committed 640K, reserved 1048576K
}
{Heap before GC invocations=753 (full 82):
 par new generation   total 6144K, used 5235K [0x00000000fec00000, 0x00000000ff2a0000, 0x00000000ff2a0000)
  eden space 5504K,  95% used [0x00000000fec00000, 0x00000000ff11b780, 0x00000000ff160000)
  from space 640K,   0% used [0x00000000ff200000, 0x00000000ff201830, 0x00000000ff2a0000)
  to   space 640K,   0% used [0x00000000ff160000, 0x00000000ff160000, 0x00000000ff200000)
 concurrent mark-sweep generation total 13696K, used 12477K [0x00000000ff2a0000, 0x0000000100000000, 0x0000000100000000)
 Metaspace       used 5077K, capacity 5258K, committed 5504K, reserved 1056768K
  class space    used 557K, capacity 597K, committed 640K, reserved 1048576K
2024-07-16T17:58:58.874+0800: 6.019: [GC (Allocation Failure) 2024-07-16T17:58:58.874+0800: 6.019: [ParNew: 5235K->5235K(6144K), 0.0000112 secs]2024-07-16T17:58:58.874+0800: 6.019: [CMS2024-07-16T17:58:58.874+0800: 6.019: [CMS-concurrent-abortable-preclean: 0.000/0.053 secs] [Times: user=0.00 sys=0.00, real=0.05 secs] 
 (concurrent mode failure): 12477K->2220K(13696K), 0.0023840 secs] 17712K->2220K(19840K), [Metaspace: 5077K->5077K(1056768K)], 0.0024394 secs] [Times: user=0.00 sys=0.00, real=0.00 secs] 
Heap after GC invocations=754 (full 83):
 par new generation   total 6144K, used 0K [0x00000000fec00000, 0x00000000ff2a0000, 0x00000000ff2a0000)
  eden space 5504K,   0% used [0x00000000fec00000, 0x00000000fec00000, 0x00000000ff160000)
  from space 640K,   0% used [0x00000000ff200000, 0x00000000ff200000, 0x00000000ff2a0000)
  to   space 640K,   0% used [0x00000000ff160000, 0x00000000ff160000, 0x00000000ff200000)
 concurrent mark-sweep generation total 13696K, used 2220K [0x00000000ff2a0000, 0x0000000100000000, 0x0000000100000000)
 Metaspace       used 5077K, capacity 5258K, committed 5504K, reserved 1056768K
  class space    used 557K, capacity 597K, committed 640K, reserved 1048576K
}
{Heap before GC invocations=754 (full 83):
 par new generation   total 6144K, used 5229K [0x00000000fec00000, 0x00000000ff2a0000, 0x00000000ff2a0000)
  eden space 5504K,  95% used [0x00000000fec00000, 0x00000000ff11b780, 0x00000000ff160000)
  from space 640K,   0% used [0x00000000ff200000, 0x00000000ff200000, 0x00000000ff2a0000)
  to   space 640K,   0% used [0x00000000ff160000, 0x00000000ff160000, 0x00000000ff200000)
 concurrent mark-sweep generation total 13696K, used 2220K [0x00000000ff2a0000, 0x0000000100000000, 0x0000000100000000)
 Metaspace       used 5077K, capacity 5258K, committed 5504K, reserved 1056768K
  class space    used 557K, capacity 597K, committed 640K, reserved 1048576K
2024-07-16T17:58:58.882+0800: 6.027: [GC (Allocation Failure) 2024-07-16T17:58:58.882+0800: 6.027: [ParNew: 5229K->2K(6144K), 0.0002902 secs] 7450K->2222K(19840K), 0.0003417 secs] [Times: user=0.00 sys=0.00, real=0.00 secs] 
Heap after GC invocations=755 (full 83):
 par new generation   total 6144K, used 2K [0x00000000fec00000, 0x00000000ff2a0000, 0x00000000ff2a0000)
  eden space 5504K,   0% used [0x00000000fec00000, 0x00000000fec00000, 0x00000000ff160000)
  from space 640K,   0% used [0x00000000ff160000, 0x00000000ff160810, 0x00000000ff200000)
  to   space 640K,   0% used [0x00000000ff200000, 0x00000000ff200000, 0x00000000ff2a0000)
 concurrent mark-sweep generation total 13696K, used 2220K [0x00000000ff2a0000, 0x0000000100000000, 0x0000000100000000)
 Metaspace       used 5077K, capacity 5258K, committed 5504K, reserved 1056768K
  class space    used 557K, capacity 597K, committed 640K, reserved 1048576K
}
{Heap before GC invocations=755 (full 83):
 par new generation   total 6144K, used 5231K [0x00000000fec00000, 0x00000000ff2a0000, 0x00000000ff2a0000)
  eden space 5504K,  95% used [0x00000000fec00000, 0x00000000ff11b780, 0x00000000ff160000)
  from space 640K,   0% used [0x00000000ff160000, 0x00000000ff160810, 0x00000000ff200000)
  to   space 640K,   0% used [0x00000000ff200000, 0x00000000ff200000, 0x00000000ff2a0000)
 concurrent mark-sweep generation total 13696K, used 2220K [0x00000000ff2a0000, 0x0000000100000000, 0x0000000100000000)
 Metaspace       used 5077K, capacity 5258K, committed 5504K, reserved 1056768K
  class space    used 557K, capacity 597K, committed 640K, reserved 1048576K
2024-07-16T17:58:58.888+0800: 6.033: [GC (Allocation Failure) 2024-07-16T17:58:58.888+0800: 6.033: [ParNew: 5231K->4K(6144K), 0.0003583 secs] 7452K->3250K(19840K), 0.0004000 secs] [Times: user=0.00 sys=0.00, real=0.00 secs] 
Heap after GC invocations=756 (full 83):
 par new generation   total 6144K, used 4K [0x00000000fec00000, 0x00000000ff2a0000, 0x00000000ff2a0000)
  eden space 5504K,   0% used [0x00000000fec00000, 0x00000000fec00000, 0x00000000ff160000)
  from space 640K,   0% used [0x00000000ff200000, 0x00000000ff201020, 0x00000000ff2a0000)
  to   space 640K,   0% used [0x00000000ff160000, 0x00000000ff160000, 0x00000000ff200000)
 concurrent mark-sweep generation total 13696K, used 3246K [0x00000000ff2a0000, 0x0000000100000000, 0x0000000100000000)
 Metaspace       used 5077K, capacity 5258K, committed 5504K, reserved 1056768K
  class space    used 557K, capacity 597K, committed 640K, reserved 1048576K
}
{Heap before GC invocations=756 (full 83):
 par new generation   total 6144K, used 5233K [0x00000000fec00000, 0x00000000ff2a0000, 0x00000000ff2a0000)
  eden space 5504K,  95% used [0x00000000fec00000, 0x00000000ff11b780, 0x00000000ff160000)
  from space 640K,   0% used [0x00000000ff200000, 0x00000000ff201020, 0x00000000ff2a0000)
  to   space 640K,   0% used [0x00000000ff160000, 0x00000000ff160000, 0x00000000ff200000)
 concurrent mark-sweep generation total 13696K, used 3246K [0x00000000ff2a0000, 0x0000000100000000, 0x0000000100000000)
 Metaspace       used 5077K, capacity 5258K, committed 5504K, reserved 1056768K
  class space    used 557K, capacity 597K, committed 640K, reserved 1048576K
2024-07-16T17:58:58.894+0800: 6.039: [GC (Allocation Failure) 2024-07-16T17:58:58.894+0800: 6.039: [ParNew: 5233K->6K(6144K), 0.0003680 secs] 8480K->4278K(19840K), 0.0003995 secs] [Times: user=0.00 sys=0.00, real=0.00 secs] 
Heap after GC invocations=757 (full 83):
 par new generation   total 6144K, used 6K [0x00000000fec00000, 0x00000000ff2a0000, 0x00000000ff2a0000)
  eden space 5504K,   0% used [0x00000000fec00000, 0x00000000fec00000, 0x00000000ff160000)
  from space 640K,   0% used [0x00000000ff160000, 0x00000000ff161830, 0x00000000ff200000)
  to   space 640K,   0% used [0x00000000ff200000, 0x00000000ff200000, 0x00000000ff2a0000)
 concurrent mark-sweep generation total 13696K, used 4272K [0x00000000ff2a0000, 0x0000000100000000, 0x0000000100000000)
 Metaspace       used 5077K, capacity 5258K, committed 5504K, reserved 1056768K
  class space    used 557K, capacity 597K, committed 640K, reserved 1048576K
}
{Heap before GC invocations=757 (full 83):
 par new generation   total 6144K, used 5235K [0x00000000fec00000, 0x00000000ff2a0000, 0x00000000ff2a0000)
  eden space 5504K,  95% used [0x00000000fec00000, 0x00000000ff11b780, 0x00000000ff160000)
  from space 640K,   0% used [0x00000000ff160000, 0x00000000ff161830, 0x00000000ff200000)
  to   space 640K,   0% used [0x00000000ff200000, 0x00000000ff200000, 0x00000000ff2a0000)
 concurrent mark-sweep generation total 13696K, used 4272K [0x00000000ff2a0000, 0x0000000100000000, 0x0000000100000000)
 Metaspace       used 5077K, capacity 5258K, committed 5504K, reserved 1056768K
  class space    used 557K, capacity 597K, committed 640K, reserved 1048576K
2024-07-16T17:58:58.903+0800: 6.047: [GC (Allocation Failure) 2024-07-16T17:58:58.903+0800: 6.047: [ParNew: 5235K->4K(6144K), 0.0002994 secs] 9508K->4276K(19840K), 0.0003396 secs] [Times: user=0.00 sys=0.00, real=0.00 secs] 
Heap after GC invocations=758 (full 83):
 par new generation   total 6144K, used 4K [0x00000000fec00000, 0x00000000ff2a0000, 0x00000000ff2a0000)
  eden space 5504K,   0% used [0x00000000fec00000, 0x00000000fec00000, 0x00000000ff160000)
  from space 640K,   0% used [0x00000000ff200000, 0x00000000ff201020, 0x00000000ff2a0000)
  to   space 640K,   0% used [0x00000000ff160000, 0x00000000ff160000, 0x00000000ff200000)
 concurrent mark-sweep generation total 13696K, used 4272K [0x00000000ff2a0000, 0x0000000100000000, 0x0000000100000000)
 Metaspace       used 5077K, capacity 5258K, committed 5504K, reserved 1056768K
  class space    used 557K, capacity 597K, committed 640K, reserved 1048576K
}
{Heap before GC invocations=758 (full 83):
 par new generation   total 6144K, used 5233K [0x00000000fec00000, 0x00000000ff2a0000, 0x00000000ff2a0000)
  eden space 5504K,  95% used [0x00000000fec00000, 0x00000000ff11b780, 0x00000000ff160000)
  from space 640K,   0% used [0x00000000ff200000, 0x00000000ff201020, 0x00000000ff2a0000)
  to   space 640K,   0% used [0x00000000ff160000, 0x00000000ff160000, 0x00000000ff200000)
 concurrent mark-sweep generation total 13696K, used 4272K [0x00000000ff2a0000, 0x0000000100000000, 0x0000000100000000)
 Metaspace       used 5077K, capacity 5258K, committed 5504K, reserved 1056768K
  class space    used 557K, capacity 597K, committed 640K, reserved 1048576K
2024-07-16T17:58:58.910+0800: 6.054: [GC (Allocation Failure) 2024-07-16T17:58:58.910+0800: 6.054: [ParNew: 5233K->8K(6144K), 0.0003899 secs] 9506K->5306K(19840K), 0.0004190 secs] [Times: user=0.00 sys=0.00, real=0.00 secs] 
Heap after GC invocations=759 (full 83):
 par new generation   total 6144K, used 8K [0x00000000fec00000, 0x00000000ff2a0000, 0x00000000ff2a0000)
  eden space 5504K,   0% used [0x00000000fec00000, 0x00000000fec00000, 0x00000000ff160000)
  from space 640K,   1% used [0x00000000ff160000, 0x00000000ff162040, 0x00000000ff200000)
  to   space 640K,   0% used [0x00000000ff200000, 0x00000000ff200000, 0x00000000ff2a0000)
 concurrent mark-sweep generation total 13696K, used 5298K [0x00000000ff2a0000, 0x0000000100000000, 0x0000000100000000)
 Metaspace       used 5077K, capacity 5258K, committed 5504K, reserved 1056768K
  class space    used 557K, capacity 597K, committed 640K, reserved 1048576K
}
{Heap before GC invocations=759 (full 83):
 par new generation   total 6144K, used 5237K [0x00000000fec00000, 0x00000000ff2a0000, 0x00000000ff2a0000)
  eden space 5504K,  95% used [0x00000000fec00000, 0x00000000ff11b780, 0x00000000ff160000)
  from space 640K,   1% used [0x00000000ff160000, 0x00000000ff162040, 0x00000000ff200000)
  to   space 640K,   0% used [0x00000000ff200000, 0x00000000ff200000, 0x00000000ff2a0000)
 concurrent mark-sweep generation total 13696K, used 5298K [0x00000000ff2a0000, 0x0000000100000000, 0x0000000100000000)
 Metaspace       used 5077K, capacity 5258K, committed 5504K, reserved 1056768K
  class space    used 557K, capacity 597K, committed 640K, reserved 1048576K
2024-07-16T17:58:58.917+0800: 6.061: [GC (Allocation Failure) 2024-07-16T17:58:58.917+0800: 6.061: [ParNew: 5237K->6K(6144K), 0.0003107 secs] 10536K->6328K(19840K), 0.0003432 secs] [Times: user=0.00 sys=0.00, real=0.00 secs] 
Heap after GC invocations=760 (full 83):
 par new generation   total 6144K, used 6K [0x00000000fec00000, 0x00000000ff2a0000, 0x00000000ff2a0000)
  eden space 5504K,   0% used [0x00000000fec00000, 0x00000000fec00000, 0x00000000ff160000)
  from space 640K,   0% used [0x00000000ff200000, 0x00000000ff201830, 0x00000000ff2a0000)
  to   space 640K,   0% used [0x00000000ff160000, 0x00000000ff160000, 0x00000000ff200000)
 concurrent mark-sweep generation total 13696K, used 6322K [0x00000000ff2a0000, 0x0000000100000000, 0x0000000100000000)
 Metaspace       used 5077K, capacity 5258K, committed 5504K, reserved 1056768K
  class space    used 557K, capacity 597K, committed 640K, reserved 1048576K
}
{Heap before GC invocations=760 (full 83):
 par new generation   total 6144K, used 5235K [0x00000000fec00000, 0x00000000ff2a0000, 0x00000000ff2a0000)
  eden space 5504K,  95% used [0x00000000fec00000, 0x00000000ff11b780, 0x00000000ff160000)
  from space 640K,   0% used [0x00000000ff200000, 0x00000000ff201830, 0x00000000ff2a0000)
  to   space 640K,   0% used [0x00000000ff160000, 0x00000000ff160000, 0x00000000ff200000)
 concurrent mark-sweep generation total 13696K, used 6322K [0x00000000ff2a0000, 0x0000000100000000, 0x0000000100000000)
 Metaspace       used 5077K, capacity 5258K, committed 5504K, reserved 1056768K
  class space    used 557K, capacity 597K, committed 640K, reserved 1048576K
2024-07-16T17:58:58.924+0800: 6.068: [GC (Allocation Failure) 2024-07-16T17:58:58.924+0800: 6.068: [ParNew: 5235K->4K(6144K), 0.0002673 secs] 11558K->6326K(19840K), 0.0002992 secs] [Times: user=0.00 sys=0.00, real=0.00 secs] 
Heap after GC invocations=761 (full 83):
 par new generation   total 6144K, used 4K [0x00000000fec00000, 0x00000000ff2a0000, 0x00000000ff2a0000)
  eden space 5504K,   0% used [0x00000000fec00000, 0x00000000fec00000, 0x00000000ff160000)
  from space 640K,   0% used [0x00000000ff160000, 0x00000000ff161020, 0x00000000ff200000)
  to   space 640K,   0% used [0x00000000ff200000, 0x00000000ff200000, 0x00000000ff2a0000)
 concurrent mark-sweep generation total 13696K, used 6322K [0x00000000ff2a0000, 0x0000000100000000, 0x0000000100000000)
 Metaspace       used 5077K, capacity 5258K, committed 5504K, reserved 1056768K
  class space    used 557K, capacity 597K, committed 640K, reserved 1048576K
}
{Heap before GC invocations=761 (full 83):
 par new generation   total 6144K, used 5233K [0x00000000fec00000, 0x00000000ff2a0000, 0x00000000ff2a0000)
  eden space 5504K,  95% used [0x00000000fec00000, 0x00000000ff11b780, 0x00000000ff160000)
  from space 640K,   0% used [0x00000000ff160000, 0x00000000ff161020, 0x00000000ff200000)
  to   space 640K,   0% used [0x00000000ff200000, 0x00000000ff200000, 0x00000000ff2a0000)
 concurrent mark-sweep generation total 13696K, used 6322K [0x00000000ff2a0000, 0x0000000100000000, 0x0000000100000000)
 Metaspace       used 5077K, capacity 5258K, committed 5504K, reserved 1056768K
  class space    used 557K, capacity 597K, committed 640K, reserved 1048576K
2024-07-16T17:58:58.931+0800: 6.075: [GC (Allocation Failure) 2024-07-16T17:58:58.931+0800: 6.075: [ParNew: 5233K->8K(6144K), 0.0012351 secs] 11556K->7354K(19840K), 0.0013368 secs] [Times: user=0.00 sys=0.00, real=0.00 secs] 
Heap after GC invocations=762 (full 83):
 par new generation   total 6144K, used 8K [0x00000000fec00000, 0x00000000ff2a0000, 0x00000000ff2a0000)
  eden space 5504K,   0% used [0x00000000fec00000, 0x00000000fec00000, 0x00000000ff160000)
  from space 640K,   1% used [0x00000000ff200000, 0x00000000ff202040, 0x00000000ff2a0000)
  to   space 640K,   0% used [0x00000000ff160000, 0x00000000ff160000, 0x00000000ff200000)
 concurrent mark-sweep generation total 13696K, used 7346K [0x00000000ff2a0000, 0x0000000100000000, 0x0000000100000000)
 Metaspace       used 5077K, capacity 5258K, committed 5504K, reserved 1056768K
  class space    used 557K, capacity 597K, committed 640K, reserved 1048576K
}
{Heap before GC invocations=762 (full 83):
 par new generation   total 6144K, used 5237K [0x00000000fec00000, 0x00000000ff2a0000, 0x00000000ff2a0000)
  eden space 5504K,  95% used [0x00000000fec00000, 0x00000000ff11b780, 0x00000000ff160000)
  from space 640K,   1% used [0x00000000ff200000, 0x00000000ff202040, 0x00000000ff2a0000)
  to   space 640K,   0% used [0x00000000ff160000, 0x00000000ff160000, 0x00000000ff200000)
 concurrent mark-sweep generation total 13696K, used 7346K [0x00000000ff2a0000, 0x0000000100000000, 0x0000000100000000)
 Metaspace       used 5077K, capacity 5258K, committed 5504K, reserved 1056768K
  class space    used 557K, capacity 597K, committed 640K, reserved 1048576K
2024-07-16T17:58:58.939+0800: 6.083: [GC (Allocation Failure) 2024-07-16T17:58:58.939+0800: 6.083: [ParNew: 5237K->6K(6144K), 0.0006300 secs] 12584K->8378K(19840K), 0.0007016 secs] [Times: user=0.00 sys=0.00, real=0.00 secs] 
Heap after GC invocations=763 (full 83):
 par new generation   total 6144K, used 6K [0x00000000fec00000, 0x00000000ff2a0000, 0x00000000ff2a0000)
  eden space 5504K,   0% used [0x00000000fec00000, 0x00000000fec00000, 0x00000000ff160000)
  from space 640K,   0% used [0x00000000ff160000, 0x00000000ff161830, 0x00000000ff200000)
  to   space 640K,   0% used [0x00000000ff200000, 0x00000000ff200000, 0x00000000ff2a0000)
 concurrent mark-sweep generation total 13696K, used 8372K [0x00000000ff2a0000, 0x0000000100000000, 0x0000000100000000)
 Metaspace       used 5077K, capacity 5258K, committed 5504K, reserved 1056768K
  class space    used 557K, capacity 597K, committed 640K, reserved 1048576K
}
2024-07-16T17:58:58.940+0800: 6.084: [GC (CMS Initial Mark) [1 CMS-initial-mark: 8372K(13696K)] 9402K(19840K), 0.0006233 secs] [Times: user=0.00 sys=0.00, real=0.00 secs] 
2024-07-16T17:58:58.940+0800: 6.085: [CMS-concurrent-mark-start]
{Heap before GC invocations=763 (full 84):
 par new generation   total 6144K, used 5235K [0x00000000fec00000, 0x00000000ff2a0000, 0x00000000ff2a0000)
  eden space 5504K,  95% used [0x00000000fec00000, 0x00000000ff11b780, 0x00000000ff160000)
  from space 640K,   0% used [0x00000000ff160000, 0x00000000ff161830, 0x00000000ff200000)
  to   space 640K,   0% used [0x00000000ff200000, 0x00000000ff200000, 0x00000000ff2a0000)
 concurrent mark-sweep generation total 13696K, used 8372K [0x00000000ff2a0000, 0x0000000100000000, 0x0000000100000000)
 Metaspace       used 5077K, capacity 5258K, committed 5504K, reserved 1056768K
  class space    used 557K, capacity 597K, committed 640K, reserved 1048576K
2024-07-16T17:58:58.946+0800: 6.091: [GC (Allocation Failure) 2024-07-16T17:58:58.946+0800: 6.091: [ParNew: 5235K->8K(6144K), 0.0014421 secs] 13608K->9404K(19840K), 0.0015833 secs] [Times: user=0.00 sys=0.00, real=0.00 secs] 
Heap after GC invocations=764 (full 84):
 par new generation   total 6144K, used 8K [0x00000000fec00000, 0x00000000ff2a0000, 0x00000000ff2a0000)
  eden space 5504K,   0% used [0x00000000fec00000, 0x00000000fec00000, 0x00000000ff160000)
  from space 640K,   1% used [0x00000000ff200000, 0x00000000ff202040, 0x00000000ff2a0000)
  to   space 640K,   0% used [0x00000000ff160000, 0x00000000ff160000, 0x00000000ff200000)
 concurrent mark-sweep generation total 13696K, used 9396K [0x00000000ff2a0000, 0x0000000100000000, 0x0000000100000000)
 Metaspace       used 5077K, capacity 5258K, committed 5504K, reserved 1056768K
  class space    used 557K, capacity 597K, committed 640K, reserved 1048576K
}
2024-07-16T17:58:58.949+0800: 6.094: [CMS-concurrent-mark: 0.007/0.009 secs] [Times: user=0.00 sys=0.00, real=0.01 secs] 
2024-07-16T17:58:58.949+0800: 6.094: [CMS-concurrent-preclean-start]
2024-07-16T17:58:58.949+0800: 6.094: [CMS-concurrent-preclean: 0.000/0.000 secs] [Times: user=0.00 sys=0.00, real=0.00 secs] 
2024-07-16T17:58:58.949+0800: 6.094: [CMS-concurrent-abortable-preclean-start]
{Heap before GC invocations=764 (full 84):
 par new generation   total 6144K, used 5237K [0x00000000fec00000, 0x00000000ff2a0000, 0x00000000ff2a0000)
  eden space 5504K,  95% used [0x00000000fec00000, 0x00000000ff11b780, 0x00000000ff160000)
  from space 640K,   1% used [0x00000000ff200000, 0x00000000ff202040, 0x00000000ff2a0000)
  to   space 640K,   0% used [0x00000000ff160000, 0x00000000ff160000, 0x00000000ff200000)
 concurrent mark-sweep generation total 13696K, used 9396K [0x00000000ff2a0000, 0x0000000100000000, 0x0000000100000000)
 Metaspace       used 5077K, capacity 5258K, committed 5504K, reserved 1056768K
  class space    used 557K, capacity 597K, committed 640K, reserved 1048576K
2024-07-16T17:58:58.955+0800: 6.099: [GC (Allocation Failure) 2024-07-16T17:58:58.955+0800: 6.099: [ParNew: 5237K->6K(6144K), 0.0004372 secs] 14634K->10426K(19840K), 0.0004758 secs] [Times: user=0.00 sys=0.00, real=0.00 secs] 
Heap after GC invocations=765 (full 84):
 par new generation   total 6144K, used 6K [0x00000000fec00000, 0x00000000ff2a0000, 0x00000000ff2a0000)
  eden space 5504K,   0% used [0x00000000fec00000, 0x00000000fec00000, 0x00000000ff160000)
  from space 640K,   0% used [0x00000000ff160000, 0x00000000ff161830, 0x00000000ff200000)
  to   space 640K,   0% used [0x00000000ff200000, 0x00000000ff200000, 0x00000000ff2a0000)
 concurrent mark-sweep generation total 13696K, used 10420K [0x00000000ff2a0000, 0x0000000100000000, 0x0000000100000000)
 Metaspace       used 5077K, capacity 5258K, committed 5504K, reserved 1056768K
  class space    used 557K, capacity 597K, committed 640K, reserved 1048576K
}
{Heap before GC invocations=765 (full 84):
 par new generation   total 6144K, used 5235K [0x00000000fec00000, 0x00000000ff2a0000, 0x00000000ff2a0000)
  eden space 5504K,  95% used [0x00000000fec00000, 0x00000000ff11b780, 0x00000000ff160000)
  from space 640K,   0% used [0x00000000ff160000, 0x00000000ff161830, 0x00000000ff200000)
  to   space 640K,   0% used [0x00000000ff200000, 0x00000000ff200000, 0x00000000ff2a0000)
 concurrent mark-sweep generation total 13696K, used 10420K [0x00000000ff2a0000, 0x0000000100000000, 0x0000000100000000)
 Metaspace       used 5077K, capacity 5258K, committed 5504K, reserved 1056768K
  class space    used 557K, capacity 597K, committed 640K, reserved 1048576K
2024-07-16T17:58:58.962+0800: 6.106: [GC (Allocation Failure) 2024-07-16T17:58:58.962+0800: 6.106: [ParNew: 5235K->8K(6144K), 0.0005402 secs] 15656K->11455K(19840K), 0.0005888 secs] [Times: user=0.00 sys=0.00, real=0.00 secs] 
Heap after GC invocations=766 (full 84):
 par new generation   total 6144K, used 8K [0x00000000fec00000, 0x00000000ff2a0000, 0x00000000ff2a0000)
  eden space 5504K,   0% used [0x00000000fec00000, 0x00000000fec00000, 0x00000000ff160000)
  from space 640K,   1% used [0x00000000ff200000, 0x00000000ff202040, 0x00000000ff2a0000)
  to   space 640K,   0% used [0x00000000ff160000, 0x00000000ff160000, 0x00000000ff200000)
 concurrent mark-sweep generation total 13696K, used 11446K [0x00000000ff2a0000, 0x0000000100000000, 0x0000000100000000)
 Metaspace       used 5077K, capacity 5258K, committed 5504K, reserved 1056768K
  class space    used 557K, capacity 597K, committed 640K, reserved 1048576K
}
{Heap before GC invocations=766 (full 84):
 par new generation   total 6144K, used 5237K [0x00000000fec00000, 0x00000000ff2a0000, 0x00000000ff2a0000)
  eden space 5504K,  95% used [0x00000000fec00000, 0x00000000ff11b780, 0x00000000ff160000)
  from space 640K,   1% used [0x00000000ff200000, 0x00000000ff202040, 0x00000000ff2a0000)
  to   space 640K,   0% used [0x00000000ff160000, 0x00000000ff160000, 0x00000000ff200000)
 concurrent mark-sweep generation total 13696K, used 11446K [0x00000000ff2a0000, 0x0000000100000000, 0x0000000100000000)
 Metaspace       used 5077K, capacity 5258K, committed 5504K, reserved 1056768K
  class space    used 557K, capacity 597K, committed 640K, reserved 1048576K
2024-07-16T17:58:58.970+0800: 6.114: [GC (Allocation Failure) 2024-07-16T17:58:58.970+0800: 6.114: [ParNew: 5237K->4K(6144K), 0.0003691 secs] 16684K->11451K(19840K), 0.0004249 secs] [Times: user=0.00 sys=0.00, real=0.00 secs] 
Heap after GC invocations=767 (full 84):
 par new generation   total 6144K, used 4K [0x00000000fec00000, 0x00000000ff2a0000, 0x00000000ff2a0000)
  eden space 5504K,   0% used [0x00000000fec00000, 0x00000000fec00000, 0x00000000ff160000)
  from space 640K,   0% used [0x00000000ff160000, 0x00000000ff161020, 0x00000000ff200000)
  to   space 640K,   0% used [0x00000000ff200000, 0x00000000ff200000, 0x00000000ff2a0000)
 concurrent mark-sweep generation total 13696K, used 11446K [0x00000000ff2a0000, 0x0000000100000000, 0x0000000100000000)
 Metaspace       used 5077K, capacity 5258K, committed 5504K, reserved 1056768K
  class space    used 557K, capacity 597K, committed 640K, reserved 1048576K
}
{Heap before GC invocations=767 (full 84):
 par new generation   total 6144K, used 5233K [0x00000000fec00000, 0x00000000ff2a0000, 0x00000000ff2a0000)
  eden space 5504K,  95% used [0x00000000fec00000, 0x00000000ff11b780, 0x00000000ff160000)
  from space 640K,   0% used [0x00000000ff160000, 0x00000000ff161020, 0x00000000ff200000)
  to   space 640K,   0% used [0x00000000ff200000, 0x00000000ff200000, 0x00000000ff2a0000)
 concurrent mark-sweep generation total 13696K, used 11446K [0x00000000ff2a0000, 0x0000000100000000, 0x0000000100000000)
 Metaspace       used 5077K, capacity 5258K, committed 5504K, reserved 1056768K
  class space    used 557K, capacity 597K, committed 640K, reserved 1048576K
2024-07-16T17:58:58.977+0800: 6.121: [GC (Allocation Failure) 2024-07-16T17:58:58.977+0800: 6.121: [ParNew: 5233K->4K(6144K), 0.0003728 secs] 16680K->11451K(19840K), 0.0004154 secs] [Times: user=0.00 sys=0.00, real=0.00 secs] 
Heap after GC invocations=768 (full 84):
 par new generation   total 6144K, used 4K [0x00000000fec00000, 0x00000000ff2a0000, 0x00000000ff2a0000)
  eden space 5504K,   0% used [0x00000000fec00000, 0x00000000fec00000, 0x00000000ff160000)
  from space 640K,   0% used [0x00000000ff200000, 0x00000000ff201020, 0x00000000ff2a0000)
  to   space 640K,   0% used [0x00000000ff160000, 0x00000000ff160000, 0x00000000ff200000)
 concurrent mark-sweep generation total 13696K, used 11446K [0x00000000ff2a0000, 0x0000000100000000, 0x0000000100000000)
 Metaspace       used 5077K, capacity 5258K, committed 5504K, reserved 1056768K
  class space    used 557K, capacity 597K, committed 640K, reserved 1048576K
}
{Heap before GC invocations=768 (full 84):
 par new generation   total 6144K, used 5233K [0x00000000fec00000, 0x00000000ff2a0000, 0x00000000ff2a0000)
  eden space 5504K,  95% used [0x00000000fec00000, 0x00000000ff11b780, 0x00000000ff160000)
  from space 640K,   0% used [0x00000000ff200000, 0x00000000ff201020, 0x00000000ff2a0000)
  to   space 640K,   0% used [0x00000000ff160000, 0x00000000ff160000, 0x00000000ff200000)
 concurrent mark-sweep generation total 13696K, used 11446K [0x00000000ff2a0000, 0x0000000100000000, 0x0000000100000000)
 Metaspace       used 5077K, capacity 5258K, committed 5504K, reserved 1056768K
  class space    used 557K, capacity 597K, committed 640K, reserved 1048576K
2024-07-16T17:58:58.984+0800: 6.128: [GC (Allocation Failure) 2024-07-16T17:58:58.984+0800: 6.128: [ParNew: 5233K->8K(6144K), 0.0004152 secs] 16680K->12481K(19840K), 0.0004539 secs] [Times: user=0.00 sys=0.00, real=0.00 secs] 
Heap after GC invocations=769 (full 84):
 par new generation   total 6144K, used 8K [0x00000000fec00000, 0x00000000ff2a0000, 0x00000000ff2a0000)
  eden space 5504K,   0% used [0x00000000fec00000, 0x00000000fec00000, 0x00000000ff160000)
  from space 640K,   1% used [0x00000000ff160000, 0x00000000ff162040, 0x00000000ff200000)
  to   space 640K,   0% used [0x00000000ff200000, 0x00000000ff200000, 0x00000000ff2a0000)
 concurrent mark-sweep generation total 13696K, used 12473K [0x00000000ff2a0000, 0x0000000100000000, 0x0000000100000000)
 Metaspace       used 5077K, capacity 5258K, committed 5504K, reserved 1056768K
  class space    used 557K, capacity 597K, committed 640K, reserved 1048576K
}
{Heap before GC invocations=769 (full 84):
 par new generation   total 6144K, used 5237K [0x00000000fec00000, 0x00000000ff2a0000, 0x00000000ff2a0000)
  eden space 5504K,  95% used [0x00000000fec00000, 0x00000000ff11b780, 0x00000000ff160000)
  from space 640K,   1% used [0x00000000ff160000, 0x00000000ff162040, 0x00000000ff200000)
  to   space 640K,   0% used [0x00000000ff200000, 0x00000000ff200000, 0x00000000ff2a0000)
 concurrent mark-sweep generation total 13696K, used 12473K [0x00000000ff2a0000, 0x0000000100000000, 0x0000000100000000)
 Metaspace       used 5077K, capacity 5258K, committed 5504K, reserved 1056768K
  class space    used 557K, capacity 597K, committed 640K, reserved 1048576K
2024-07-16T17:58:58.991+0800: 6.135: [GC (Allocation Failure) 2024-07-16T17:58:58.991+0800: 6.135: [ParNew: 5237K->5237K(6144K), 0.0000140 secs]2024-07-16T17:58:58.991+0800: 6.135: [CMS2024-07-16T17:58:58.991+0800: 6.135: [CMS-concurrent-abortable-preclean: 0.000/0.041 secs] [Times: user=0.00 sys=0.00, real=0.04 secs] 
 (concurrent mode failure): 12473K->1196K(13696K), 0.0025063 secs] 17710K->1196K(19840K), [Metaspace: 5077K->5077K(1056768K)], 0.0026433 secs] [Times: user=0.00 sys=0.00, real=0.00 secs] 
Heap after GC invocations=770 (full 85):
 par new generation   total 6144K, used 0K [0x00000000fec00000, 0x00000000ff2a0000, 0x00000000ff2a0000)
  eden space 5504K,   0% used [0x00000000fec00000, 0x00000000fec00000, 0x00000000ff160000)
  from space 640K,   0% used [0x00000000ff160000, 0x00000000ff160000, 0x00000000ff200000)
  to   space 640K,   0% used [0x00000000ff200000, 0x00000000ff200000, 0x00000000ff2a0000)
 concurrent mark-sweep generation total 13696K, used 1196K [0x00000000ff2a0000, 0x0000000100000000, 0x0000000100000000)
 Metaspace       used 5077K, capacity 5258K, committed 5504K, reserved 1056768K
  class space    used 557K, capacity 597K, committed 640K, reserved 1048576K
}
{Heap before GC invocations=770 (full 85):
 par new generation   total 6144K, used 5229K [0x00000000fec00000, 0x00000000ff2a0000, 0x00000000ff2a0000)
  eden space 5504K,  95% used [0x00000000fec00000, 0x00000000ff11b780, 0x00000000ff160000)
  from space 640K,   0% used [0x00000000ff160000, 0x00000000ff160000, 0x00000000ff200000)
  to   space 640K,   0% used [0x00000000ff200000, 0x00000000ff200000, 0x00000000ff2a0000)
 concurrent mark-sweep generation total 13696K, used 1196K [0x00000000ff2a0000, 0x0000000100000000, 0x0000000100000000)
 Metaspace       used 5077K, capacity 5258K, committed 5504K, reserved 1056768K
  class space    used 557K, capacity 597K, committed 640K, reserved 1048576K
2024-07-16T17:58:59.000+0800: 6.144: [GC (Allocation Failure) 2024-07-16T17:58:59.000+0800: 6.144: [ParNew: 5229K->4K(6144K), 0.0007527 secs] 6426K->1200K(19840K), 0.0008505 secs] [Times: user=0.00 sys=0.00, real=0.00 secs] 
Heap after GC invocations=771 (full 85):
 par new generation   total 6144K, used 4K [0x00000000fec00000, 0x00000000ff2a0000, 0x00000000ff2a0000)
  eden space 5504K,   0% used [0x00000000fec00000, 0x00000000fec00000, 0x00000000ff160000)
  from space 640K,   0% used [0x00000000ff200000, 0x00000000ff201020, 0x00000000ff2a0000)
  to   space 640K,   0% used [0x00000000ff160000, 0x00000000ff160000, 0x00000000ff200000)
 concurrent mark-sweep generation total 13696K, used 1196K [0x00000000ff2a0000, 0x0000000100000000, 0x0000000100000000)
 Metaspace       used 5077K, capacity 5258K, committed 5504K, reserved 1056768K
  class space    used 557K, capacity 597K, committed 640K, reserved 1048576K
}
{Heap before GC invocations=771 (full 85):
 par new generation   total 6144K, used 5233K [0x00000000fec00000, 0x00000000ff2a0000, 0x00000000ff2a0000)
  eden space 5504K,  95% used [0x00000000fec00000, 0x00000000ff11b780, 0x00000000ff160000)
  from space 640K,   0% used [0x00000000ff200000, 0x00000000ff201020, 0x00000000ff2a0000)
  to   space 640K,   0% used [0x00000000ff160000, 0x00000000ff160000, 0x00000000ff200000)
 concurrent mark-sweep generation total 13696K, used 1196K [0x00000000ff2a0000, 0x0000000100000000, 0x0000000100000000)
 Metaspace       used 5077K, capacity 5258K, committed 5504K, reserved 1056768K
  class space    used 557K, capacity 597K, committed 640K, reserved 1048576K
2024-07-16T17:58:59.008+0800: 6.152: [GC (Allocation Failure) 2024-07-16T17:58:59.008+0800: 6.152: [ParNew: 5233K->4K(6144K), 0.0007013 secs] 6430K->2226K(19840K), 0.0007628 secs] [Times: user=0.00 sys=0.00, real=0.00 secs] 
Heap after GC invocations=772 (full 85):
 par new generation   total 6144K, used 4K [0x00000000fec00000, 0x00000000ff2a0000, 0x00000000ff2a0000)
  eden space 5504K,   0% used [0x00000000fec00000, 0x00000000fec00000, 0x00000000ff160000)
  from space 640K,   0% used [0x00000000ff160000, 0x00000000ff161020, 0x00000000ff200000)
  to   space 640K,   0% used [0x00000000ff200000, 0x00000000ff200000, 0x00000000ff2a0000)
 concurrent mark-sweep generation total 13696K, used 2222K [0x00000000ff2a0000, 0x0000000100000000, 0x0000000100000000)
 Metaspace       used 5077K, capacity 5258K, committed 5504K, reserved 1056768K
  class space    used 557K, capacity 597K, committed 640K, reserved 1048576K
}
{Heap before GC invocations=772 (full 85):
 par new generation   total 6144K, used 5233K [0x00000000fec00000, 0x00000000ff2a0000, 0x00000000ff2a0000)
  eden space 5504K,  95% used [0x00000000fec00000, 0x00000000ff11b780, 0x00000000ff160000)
  from space 640K,   0% used [0x00000000ff160000, 0x00000000ff161020, 0x00000000ff200000)
  to   space 640K,   0% used [0x00000000ff200000, 0x00000000ff200000, 0x00000000ff2a0000)
 concurrent mark-sweep generation total 13696K, used 2222K [0x00000000ff2a0000, 0x0000000100000000, 0x0000000100000000)
 Metaspace       used 5077K, capacity 5258K, committed 5504K, reserved 1056768K
  class space    used 557K, capacity 597K, committed 640K, reserved 1048576K
2024-07-16T17:58:59.016+0800: 6.160: [GC (Allocation Failure) 2024-07-16T17:58:59.016+0800: 6.160: [ParNew: 5233K->6K(6144K), 0.0007844 secs] 7456K->3254K(19840K), 0.0008570 secs] [Times: user=0.00 sys=0.00, real=0.00 secs] 
Heap after GC invocations=773 (full 85):
 par new generation   total 6144K, used 6K [0x00000000fec00000, 0x00000000ff2a0000, 0x00000000ff2a0000)
  eden space 5504K,   0% used [0x00000000fec00000, 0x00000000fec00000, 0x00000000ff160000)
  from space 640K,   0% used [0x00000000ff200000, 0x00000000ff201830, 0x00000000ff2a0000)
  to   space 640K,   0% used [0x00000000ff160000, 0x00000000ff160000, 0x00000000ff200000)
 concurrent mark-sweep generation total 13696K, used 3248K [0x00000000ff2a0000, 0x0000000100000000, 0x0000000100000000)
 Metaspace       used 5077K, capacity 5258K, committed 5504K, reserved 1056768K
  class space    used 557K, capacity 597K, committed 640K, reserved 1048576K
}
{Heap before GC invocations=773 (full 85):
 par new generation   total 6144K, used 5235K [0x00000000fec00000, 0x00000000ff2a0000, 0x00000000ff2a0000)
  eden space 5504K,  95% used [0x00000000fec00000, 0x00000000ff11b780, 0x00000000ff160000)
  from space 640K,   0% used [0x00000000ff200000, 0x00000000ff201830, 0x00000000ff2a0000)
  to   space 640K,   0% used [0x00000000ff160000, 0x00000000ff160000, 0x00000000ff200000)
 concurrent mark-sweep generation total 13696K, used 3248K [0x00000000ff2a0000, 0x0000000100000000, 0x0000000100000000)
 Metaspace       used 5077K, capacity 5258K, committed 5504K, reserved 1056768K
  class space    used 557K, capacity 597K, committed 640K, reserved 1048576K
2024-07-16T17:58:59.025+0800: 6.169: [GC (Allocation Failure) 2024-07-16T17:58:59.025+0800: 6.169: [ParNew: 5235K->6K(6144K), 0.0003396 secs] 8484K->4280K(19840K), 0.0003776 secs] [Times: user=0.00 sys=0.00, real=0.00 secs] 
Heap after GC invocations=774 (full 85):
 par new generation   total 6144K, used 6K [0x00000000fec00000, 0x00000000ff2a0000, 0x00000000ff2a0000)
  eden space 5504K,   0% used [0x00000000fec00000, 0x00000000fec00000, 0x00000000ff160000)
  from space 640K,   0% used [0x00000000ff160000, 0x00000000ff161830, 0x00000000ff200000)
  to   space 640K,   0% used [0x00000000ff200000, 0x00000000ff200000, 0x00000000ff2a0000)
 concurrent mark-sweep generation total 13696K, used 4274K [0x00000000ff2a0000, 0x0000000100000000, 0x0000000100000000)
 Metaspace       used 5077K, capacity 5258K, committed 5504K, reserved 1056768K
  class space    used 557K, capacity 597K, committed 640K, reserved 1048576K
}
{Heap before GC invocations=774 (full 85):
 par new generation   total 6144K, used 5235K [0x00000000fec00000, 0x00000000ff2a0000, 0x00000000ff2a0000)
  eden space 5504K,  95% used [0x00000000fec00000, 0x00000000ff11b780, 0x00000000ff160000)
  from space 640K,   0% used [0x00000000ff160000, 0x00000000ff161830, 0x00000000ff200000)
  to   space 640K,   0% used [0x00000000ff200000, 0x00000000ff200000, 0x00000000ff2a0000)
 concurrent mark-sweep generation total 13696K, used 4274K [0x00000000ff2a0000, 0x0000000100000000, 0x0000000100000000)
 Metaspace       used 5077K, capacity 5258K, committed 5504K, reserved 1056768K
  class space    used 557K, capacity 597K, committed 640K, reserved 1048576K
2024-07-16T17:58:59.032+0800: 6.176: [GC (Allocation Failure) 2024-07-16T17:58:59.032+0800: 6.176: [ParNew: 5235K->4K(6144K), 0.0002837 secs] 9510K->4278K(19840K), 0.0003246 secs] [Times: user=0.00 sys=0.00, real=0.00 secs] 
Heap after GC invocations=775 (full 85):
 par new generation   total 6144K, used 4K [0x00000000fec00000, 0x00000000ff2a0000, 0x00000000ff2a0000)
  eden space 5504K,   0% used [0x00000000fec00000, 0x00000000fec00000, 0x00000000ff160000)
  from space 640K,   0% used [0x00000000ff200000, 0x00000000ff201020, 0x00000000ff2a0000)
  to   space 640K,   0% used [0x00000000ff160000, 0x00000000ff160000, 0x00000000ff200000)
 concurrent mark-sweep generation total 13696K, used 4274K [0x00000000ff2a0000, 0x0000000100000000, 0x0000000100000000)
 Metaspace       used 5077K, capacity 5258K, committed 5504K, reserved 1056768K
  class space    used 557K, capacity 597K, committed 640K, reserved 1048576K
}
{Heap before GC invocations=775 (full 85):
 par new generation   total 6144K, used 5233K [0x00000000fec00000, 0x00000000ff2a0000, 0x00000000ff2a0000)
  eden space 5504K,  95% used [0x00000000fec00000, 0x00000000ff11b780, 0x00000000ff160000)
  from space 640K,   0% used [0x00000000ff200000, 0x00000000ff201020, 0x00000000ff2a0000)
  to   space 640K,   0% used [0x00000000ff160000, 0x00000000ff160000, 0x00000000ff200000)
 concurrent mark-sweep generation total 13696K, used 4274K [0x00000000ff2a0000, 0x0000000100000000, 0x0000000100000000)
 Metaspace       used 5077K, capacity 5258K, committed 5504K, reserved 1056768K
  class space    used 557K, capacity 597K, committed 640K, reserved 1048576K
2024-07-16T17:58:59.039+0800: 6.183: [GC (Allocation Failure) 2024-07-16T17:58:59.039+0800: 6.183: [ParNew: 5233K->6K(6144K), 0.0004026 secs] 9508K->5306K(19840K), 0.0004697 secs] [Times: user=0.00 sys=0.00, real=0.00 secs] 
Heap after GC invocations=776 (full 85):
 par new generation   total 6144K, used 6K [0x00000000fec00000, 0x00000000ff2a0000, 0x00000000ff2a0000)
  eden space 5504K,   0% used [0x00000000fec00000, 0x00000000fec00000, 0x00000000ff160000)
  from space 640K,   0% used [0x00000000ff160000, 0x00000000ff161830, 0x00000000ff200000)
  to   space 640K,   0% used [0x00000000ff200000, 0x00000000ff200000, 0x00000000ff2a0000)
 concurrent mark-sweep generation total 13696K, used 5300K [0x00000000ff2a0000, 0x0000000100000000, 0x0000000100000000)
 Metaspace       used 5077K, capacity 5258K, committed 5504K, reserved 1056768K
  class space    used 557K, capacity 597K, committed 640K, reserved 1048576K
}
{Heap before GC invocations=776 (full 85):
 par new generation   total 6144K, used 5235K [0x00000000fec00000, 0x00000000ff2a0000, 0x00000000ff2a0000)
  eden space 5504K,  95% used [0x00000000fec00000, 0x00000000ff11b780, 0x00000000ff160000)
  from space 640K,   0% used [0x00000000ff160000, 0x00000000ff161830, 0x00000000ff200000)
  to   space 640K,   0% used [0x00000000ff200000, 0x00000000ff200000, 0x00000000ff2a0000)
 concurrent mark-sweep generation total 13696K, used 5300K [0x00000000ff2a0000, 0x0000000100000000, 0x0000000100000000)
 Metaspace       used 5077K, capacity 5258K, committed 5504K, reserved 1056768K
  class space    used 557K, capacity 597K, committed 640K, reserved 1048576K
2024-07-16T17:58:59.045+0800: 6.189: [GC (Allocation Failure) 2024-07-16T17:58:59.045+0800: 6.189: [ParNew: 5235K->4K(6144K), 0.0002957 secs] 10536K->5304K(19840K), 0.0003328 secs] [Times: user=0.00 sys=0.00, real=0.00 secs] 
Heap after GC invocations=777 (full 85):
 par new generation   total 6144K, used 4K [0x00000000fec00000, 0x00000000ff2a0000, 0x00000000ff2a0000)
  eden space 5504K,   0% used [0x00000000fec00000, 0x00000000fec00000, 0x00000000ff160000)
  from space 640K,   0% used [0x00000000ff200000, 0x00000000ff201020, 0x00000000ff2a0000)
  to   space 640K,   0% used [0x00000000ff160000, 0x00000000ff160000, 0x00000000ff200000)
 concurrent mark-sweep generation total 13696K, used 5300K [0x00000000ff2a0000, 0x0000000100000000, 0x0000000100000000)
 Metaspace       used 5077K, capacity 5258K, committed 5504K, reserved 1056768K
  class space    used 557K, capacity 597K, committed 640K, reserved 1048576K
}
{Heap before GC invocations=777 (full 85):
 par new generation   total 6144K, used 5233K [0x00000000fec00000, 0x00000000ff2a0000, 0x00000000ff2a0000)
  eden space 5504K,  95% used [0x00000000fec00000, 0x00000000ff11b780, 0x00000000ff160000)
  from space 640K,   0% used [0x00000000ff200000, 0x00000000ff201020, 0x00000000ff2a0000)
  to   space 640K,   0% used [0x00000000ff160000, 0x00000000ff160000, 0x00000000ff200000)
 concurrent mark-sweep generation total 13696K, used 5300K [0x00000000ff2a0000, 0x0000000100000000, 0x0000000100000000)
 Metaspace       used 5077K, capacity 5258K, committed 5504K, reserved 1056768K
  class space    used 557K, capacity 597K, committed 640K, reserved 1048576K
2024-07-16T17:58:59.051+0800: 6.195: [GC (Allocation Failure) 2024-07-16T17:58:59.051+0800: 6.195: [ParNew: 5233K->8K(6144K), 0.0005825 secs] 10534K->6334K(19840K), 0.0006471 secs] [Times: user=0.00 sys=0.00, real=0.00 secs] 
Heap after GC invocations=778 (full 85):
 par new generation   total 6144K, used 8K [0x00000000fec00000, 0x00000000ff2a0000, 0x00000000ff2a0000)
  eden space 5504K,   0% used [0x00000000fec00000, 0x00000000fec00000, 0x00000000ff160000)
  from space 640K,   1% used [0x00000000ff160000, 0x00000000ff162040, 0x00000000ff200000)
  to   space 640K,   0% used [0x00000000ff200000, 0x00000000ff200000, 0x00000000ff2a0000)
 concurrent mark-sweep generation total 13696K, used 6326K [0x00000000ff2a0000, 0x0000000100000000, 0x0000000100000000)
 Metaspace       used 5077K, capacity 5258K, committed 5504K, reserved 1056768K
  class space    used 557K, capacity 597K, committed 640K, reserved 1048576K
}
{Heap before GC invocations=778 (full 85):
 par new generation   total 6144K, used 5237K [0x00000000fec00000, 0x00000000ff2a0000, 0x00000000ff2a0000)
  eden space 5504K,  95% used [0x00000000fec00000, 0x00000000ff11b780, 0x00000000ff160000)
  from space 640K,   1% used [0x00000000ff160000, 0x00000000ff162040, 0x00000000ff200000)
  to   space 640K,   0% used [0x00000000ff200000, 0x00000000ff200000, 0x00000000ff2a0000)
 concurrent mark-sweep generation total 13696K, used 6326K [0x00000000ff2a0000, 0x0000000100000000, 0x0000000100000000)
 Metaspace       used 5077K, capacity 5258K, committed 5504K, reserved 1056768K
  class space    used 557K, capacity 597K, committed 640K, reserved 1048576K
2024-07-16T17:58:59.059+0800: 6.203: [GC (Allocation Failure) 2024-07-16T17:58:59.059+0800: 6.203: [ParNew: 5237K->4K(6144K), 0.0004447 secs] 11564K->6330K(19840K), 0.0004910 secs] [Times: user=0.00 sys=0.00, real=0.00 secs] 
Heap after GC invocations=779 (full 85):
 par new generation   total 6144K, used 4K [0x00000000fec00000, 0x00000000ff2a0000, 0x00000000ff2a0000)
  eden space 5504K,   0% used [0x00000000fec00000, 0x00000000fec00000, 0x00000000ff160000)
  from space 640K,   0% used [0x00000000ff200000, 0x00000000ff201020, 0x00000000ff2a0000)
  to   space 640K,   0% used [0x00000000ff160000, 0x00000000ff160000, 0x00000000ff200000)
 concurrent mark-sweep generation total 13696K, used 6326K [0x00000000ff2a0000, 0x0000000100000000, 0x0000000100000000)
 Metaspace       used 5077K, capacity 5258K, committed 5504K, reserved 1056768K
  class space    used 557K, capacity 597K, committed 640K, reserved 1048576K
}
{Heap before GC invocations=779 (full 85):
 par new generation   total 6144K, used 5233K [0x00000000fec00000, 0x00000000ff2a0000, 0x00000000ff2a0000)
  eden space 5504K,  95% used [0x00000000fec00000, 0x00000000ff11b780, 0x00000000ff160000)
  from space 640K,   0% used [0x00000000ff200000, 0x00000000ff201020, 0x00000000ff2a0000)
  to   space 640K,   0% used [0x00000000ff160000, 0x00000000ff160000, 0x00000000ff200000)
 concurrent mark-sweep generation total 13696K, used 6326K [0x00000000ff2a0000, 0x0000000100000000, 0x0000000100000000)
 Metaspace       used 5077K, capacity 5258K, committed 5504K, reserved 1056768K
  class space    used 557K, capacity 597K, committed 640K, reserved 1048576K
2024-07-16T17:58:59.066+0800: 6.210: [GC (Allocation Failure) 2024-07-16T17:58:59.066+0800: 6.210: [ParNew: 5233K->4K(6144K), 0.0003706 secs] 11560K->6330K(19840K), 0.0004343 secs] [Times: user=0.00 sys=0.00, real=0.00 secs] 
Heap after GC invocations=780 (full 85):
 par new generation   total 6144K, used 4K [0x00000000fec00000, 0x00000000ff2a0000, 0x00000000ff2a0000)
  eden space 5504K,   0% used [0x00000000fec00000, 0x00000000fec00000, 0x00000000ff160000)
  from space 640K,   0% used [0x00000000ff160000, 0x00000000ff161020, 0x00000000ff200000)
  to   space 640K,   0% used [0x00000000ff200000, 0x00000000ff200000, 0x00000000ff2a0000)
 concurrent mark-sweep generation total 13696K, used 6326K [0x00000000ff2a0000, 0x0000000100000000, 0x0000000100000000)
 Metaspace       used 5077K, capacity 5258K, committed 5504K, reserved 1056768K
  class space    used 557K, capacity 597K, committed 640K, reserved 1048576K
}
{Heap before GC invocations=780 (full 85):
 par new generation   total 6144K, used 5233K [0x00000000fec00000, 0x00000000ff2a0000, 0x00000000ff2a0000)
  eden space 5504K,  95% used [0x00000000fec00000, 0x00000000ff11b780, 0x00000000ff160000)
  from space 640K,   0% used [0x00000000ff160000, 0x00000000ff161020, 0x00000000ff200000)
  to   space 640K,   0% used [0x00000000ff200000, 0x00000000ff200000, 0x00000000ff2a0000)
 concurrent mark-sweep generation total 13696K, used 6326K [0x00000000ff2a0000, 0x0000000100000000, 0x0000000100000000)
 Metaspace       used 5077K, capacity 5258K, committed 5504K, reserved 1056768K
  class space    used 557K, capacity 597K, committed 640K, reserved 1048576K
2024-07-16T17:58:59.072+0800: 6.216: [GC (Allocation Failure) 2024-07-16T17:58:59.072+0800: 6.216: [ParNew: 5233K->6K(6144K), 0.0005320 secs] 11560K->7358K(19840K), 0.0005819 secs] [Times: user=0.00 sys=0.00, real=0.00 secs] 
Heap after GC invocations=781 (full 85):
 par new generation   total 6144K, used 6K [0x00000000fec00000, 0x00000000ff2a0000, 0x00000000ff2a0000)
  eden space 5504K,   0% used [0x00000000fec00000, 0x00000000fec00000, 0x00000000ff160000)
  from space 640K,   0% used [0x00000000ff200000, 0x00000000ff201830, 0x00000000ff2a0000)
  to   space 640K,   0% used [0x00000000ff160000, 0x00000000ff160000, 0x00000000ff200000)
 concurrent mark-sweep generation total 13696K, used 7352K [0x00000000ff2a0000, 0x0000000100000000, 0x0000000100000000)
 Metaspace       used 5077K, capacity 5258K, committed 5504K, reserved 1056768K
  class space    used 557K, capacity 597K, committed 640K, reserved 1048576K
}
{Heap before GC invocations=781 (full 85):
 par new generation   total 6144K, used 5235K [0x00000000fec00000, 0x00000000ff2a0000, 0x00000000ff2a0000)
  eden space 5504K,  95% used [0x00000000fec00000, 0x00000000ff11b780, 0x00000000ff160000)
  from space 640K,   0% used [0x00000000ff200000, 0x00000000ff201830, 0x00000000ff2a0000)
  to   space 640K,   0% used [0x00000000ff160000, 0x00000000ff160000, 0x00000000ff200000)
 concurrent mark-sweep generation total 13696K, used 7352K [0x00000000ff2a0000, 0x0000000100000000, 0x0000000100000000)
 Metaspace       used 5077K, capacity 5258K, committed 5504K, reserved 1056768K
  class space    used 557K, capacity 597K, committed 640K, reserved 1048576K
2024-07-16T17:58:59.079+0800: 6.223: [GC (Allocation Failure) 2024-07-16T17:58:59.079+0800: 6.223: [ParNew: 5235K->8K(6144K), 0.0005172 secs] 12588K->8384K(19840K), 0.0005729 secs] [Times: user=0.00 sys=0.00, real=0.00 secs] 
Heap after GC invocations=782 (full 85):
 par new generation   total 6144K, used 8K [0x00000000fec00000, 0x00000000ff2a0000, 0x00000000ff2a0000)
  eden space 5504K,   0% used [0x00000000fec00000, 0x00000000fec00000, 0x00000000ff160000)
  from space 640K,   1% used [0x00000000ff160000, 0x00000000ff162040, 0x00000000ff200000)
  to   space 640K,   0% used [0x00000000ff200000, 0x00000000ff200000, 0x00000000ff2a0000)
 concurrent mark-sweep generation total 13696K, used 8376K [0x00000000ff2a0000, 0x0000000100000000, 0x0000000100000000)
 Metaspace       used 5077K, capacity 5258K, committed 5504K, reserved 1056768K
  class space    used 557K, capacity 597K, committed 640K, reserved 1048576K
}
2024-07-16T17:58:59.079+0800: 6.224: [GC (CMS Initial Mark) [1 CMS-initial-mark: 8376K(13696K)] 9408K(19840K), 0.0001838 secs] [Times: user=0.00 sys=0.00, real=0.00 secs] 
2024-07-16T17:58:59.080+0800: 6.224: [CMS-concurrent-mark-start]
2024-07-16T17:58:59.081+0800: 6.226: [CMS-concurrent-mark: 0.001/0.001 secs] [Times: user=0.05 sys=0.00, real=0.00 secs] 
2024-07-16T17:58:59.081+0800: 6.226: [CMS-concurrent-preclean-start]
2024-07-16T17:58:59.081+0800: 6.226: [CMS-concurrent-preclean: 0.000/0.000 secs] [Times: user=0.00 sys=0.00, real=0.00 secs] 
2024-07-16T17:58:59.081+0800: 6.226: [GC (CMS Final Remark) [YG occupancy: 1141 K (6144 K)]2024-07-16T17:58:59.081+0800: 6.226: [Rescan (parallel) , 0.0001399 secs]2024-07-16T17:58:59.081+0800: 6.226: [weak refs processing, 0.0000080 secs]2024-07-16T17:58:59.081+0800: 6.226: [class unloading, 0.0003563 secs]2024-07-16T17:58:59.082+0800: 6.226: [scrub symbol table, 0.0003553 secs]2024-07-16T17:58:59.082+0800: 6.227: [scrub string table, 0.0000839 secs][1 CMS-remark: 8376K(13696K)] 9518K(19840K), 0.0009833 secs] [Times: user=0.00 sys=0.00, real=0.00 secs] 
2024-07-16T17:58:59.082+0800: 6.227: [CMS-concurrent-sweep-start]
2024-07-16T17:58:59.082+0800: 6.227: [CMS-concurrent-sweep: 0.000/0.000 secs] [Times: user=0.00 sys=0.00, real=0.00 secs] 
2024-07-16T17:58:59.082+0800: 6.227: [CMS-concurrent-reset-start]
2024-07-16T17:58:59.082+0800: 6.227: [CMS-concurrent-reset: 0.000/0.000 secs] [Times: user=0.00 sys=0.00, real=0.00 secs] 
{Heap before GC invocations=782 (full 86):
 par new generation   total 6144K, used 5237K [0x00000000fec00000, 0x00000000ff2a0000, 0x00000000ff2a0000)
  eden space 5504K,  95% used [0x00000000fec00000, 0x00000000ff11b780, 0x00000000ff160000)
  from space 640K,   1% used [0x00000000ff160000, 0x00000000ff162040, 0x00000000ff200000)
  to   space 640K,   0% used [0x00000000ff200000, 0x00000000ff200000, 0x00000000ff2a0000)
 concurrent mark-sweep generation total 13696K, used 1208K [0x00000000ff2a0000, 0x0000000100000000, 0x0000000100000000)
 Metaspace       used 5077K, capacity 5258K, committed 5504K, reserved 1056768K
  class space    used 557K, capacity 597K, committed 640K, reserved 1048576K
2024-07-16T17:58:59.087+0800: 6.231: [GC (Allocation Failure) 2024-07-16T17:58:59.087+0800: 6.231: [ParNew: 5237K->8K(6144K), 0.0004194 secs] 6446K->2240K(19840K), 0.0004508 secs] [Times: user=0.00 sys=0.00, real=0.00 secs] 
Heap after GC invocations=783 (full 86):
 par new generation   total 6144K, used 8K [0x00000000fec00000, 0x00000000ff2a0000, 0x00000000ff2a0000)
  eden space 5504K,   0% used [0x00000000fec00000, 0x00000000fec00000, 0x00000000ff160000)
  from space 640K,   1% used [0x00000000ff200000, 0x00000000ff202040, 0x00000000ff2a0000)
  to   space 640K,   0% used [0x00000000ff160000, 0x00000000ff160000, 0x00000000ff200000)
 concurrent mark-sweep generation total 13696K, used 2232K [0x00000000ff2a0000, 0x0000000100000000, 0x0000000100000000)
 Metaspace       used 5077K, capacity 5258K, committed 5504K, reserved 1056768K
  class space    used 557K, capacity 597K, committed 640K, reserved 1048576K
}
{Heap before GC invocations=783 (full 86):
 par new generation   total 6144K, used 5237K [0x00000000fec00000, 0x00000000ff2a0000, 0x00000000ff2a0000)
  eden space 5504K,  95% used [0x00000000fec00000, 0x00000000ff11b780, 0x00000000ff160000)
  from space 640K,   1% used [0x00000000ff200000, 0x00000000ff202040, 0x00000000ff2a0000)
  to   space 640K,   0% used [0x00000000ff160000, 0x00000000ff160000, 0x00000000ff200000)
 concurrent mark-sweep generation total 13696K, used 2232K [0x00000000ff2a0000, 0x0000000100000000, 0x0000000100000000)
 Metaspace       used 5077K, capacity 5258K, committed 5504K, reserved 1056768K
  class space    used 557K, capacity 597K, committed 640K, reserved 1048576K
2024-07-16T17:58:59.094+0800: 6.238: [GC (Allocation Failure) 2024-07-16T17:58:59.094+0800: 6.238: [ParNew: 5237K->4K(6144K), 0.0007072 secs] 7470K->3262K(19840K), 0.0007995 secs] [Times: user=0.00 sys=0.00, real=0.00 secs] 
Heap after GC invocations=784 (full 86):
 par new generation   total 6144K, used 4K [0x00000000fec00000, 0x00000000ff2a0000, 0x00000000ff2a0000)
  eden space 5504K,   0% used [0x00000000fec00000, 0x00000000fec00000, 0x00000000ff160000)
  from space 640K,   0% used [0x00000000ff160000, 0x00000000ff161020, 0x00000000ff200000)
  to   space 640K,   0% used [0x00000000ff200000, 0x00000000ff200000, 0x00000000ff2a0000)
 concurrent mark-sweep generation total 13696K, used 3258K [0x00000000ff2a0000, 0x0000000100000000, 0x0000000100000000)
 Metaspace       used 5077K, capacity 5258K, committed 5504K, reserved 1056768K
  class space    used 557K, capacity 597K, committed 640K, reserved 1048576K
}
{Heap before GC invocations=784 (full 86):
 par new generation   total 6144K, used 5233K [0x00000000fec00000, 0x00000000ff2a0000, 0x00000000ff2a0000)
  eden space 5504K,  95% used [0x00000000fec00000, 0x00000000ff11b780, 0x00000000ff160000)
  from space 640K,   0% used [0x00000000ff160000, 0x00000000ff161020, 0x00000000ff200000)
  to   space 640K,   0% used [0x00000000ff200000, 0x00000000ff200000, 0x00000000ff2a0000)
 concurrent mark-sweep generation total 13696K, used 3258K [0x00000000ff2a0000, 0x0000000100000000, 0x0000000100000000)
 Metaspace       used 5077K, capacity 5258K, committed 5504K, reserved 1056768K
  class space    used 557K, capacity 597K, committed 640K, reserved 1048576K
2024-07-16T17:58:59.102+0800: 6.246: [GC (Allocation Failure) 2024-07-16T17:58:59.102+0800: 6.246: [ParNew: 5233K->6K(6144K), 0.0005346 secs] 8492K->4290K(19840K), 0.0005892 secs] [Times: user=0.00 sys=0.00, real=0.00 secs] 
Heap after GC invocations=785 (full 86):
 par new generation   total 6144K, used 6K [0x00000000fec00000, 0x00000000ff2a0000, 0x00000000ff2a0000)
  eden space 5504K,   0% used [0x00000000fec00000, 0x00000000fec00000, 0x00000000ff160000)
  from space 640K,   0% used [0x00000000ff200000, 0x00000000ff201830, 0x00000000ff2a0000)
  to   space 640K,   0% used [0x00000000ff160000, 0x00000000ff160000, 0x00000000ff200000)
 concurrent mark-sweep generation total 13696K, used 4284K [0x00000000ff2a0000, 0x0000000100000000, 0x0000000100000000)
 Metaspace       used 5077K, capacity 5258K, committed 5504K, reserved 1056768K
  class space    used 557K, capacity 597K, committed 640K, reserved 1048576K
}
{Heap before GC invocations=785 (full 86):
 par new generation   total 6144K, used 5235K [0x00000000fec00000, 0x00000000ff2a0000, 0x00000000ff2a0000)
  eden space 5504K,  95% used [0x00000000fec00000, 0x00000000ff11b780, 0x00000000ff160000)
  from space 640K,   0% used [0x00000000ff200000, 0x00000000ff201830, 0x00000000ff2a0000)
  to   space 640K,   0% used [0x00000000ff160000, 0x00000000ff160000, 0x00000000ff200000)
 concurrent mark-sweep generation total 13696K, used 4284K [0x00000000ff2a0000, 0x0000000100000000, 0x0000000100000000)
 Metaspace       used 5077K, capacity 5258K, committed 5504K, reserved 1056768K
  class space    used 557K, capacity 597K, committed 640K, reserved 1048576K
2024-07-16T17:58:59.108+0800: 6.252: [GC (Allocation Failure) 2024-07-16T17:58:59.108+0800: 6.252: [ParNew: 5235K->6K(6144K), 0.0009695 secs] 9520K->5314K(19840K), 0.0010385 secs] [Times: user=0.00 sys=0.00, real=0.00 secs] 
Heap after GC invocations=786 (full 86):
 par new generation   total 6144K, used 6K [0x00000000fec00000, 0x00000000ff2a0000, 0x00000000ff2a0000)
  eden space 5504K,   0% used [0x00000000fec00000, 0x00000000fec00000, 0x00000000ff160000)
  from space 640K,   0% used [0x00000000ff160000, 0x00000000ff161830, 0x00000000ff200000)
  to   space 640K,   0% used [0x00000000ff200000, 0x00000000ff200000, 0x00000000ff2a0000)
 concurrent mark-sweep generation total 13696K, used 5308K [0x00000000ff2a0000, 0x0000000100000000, 0x0000000100000000)
 Metaspace       used 5077K, capacity 5258K, committed 5504K, reserved 1056768K
  class space    used 557K, capacity 597K, committed 640K, reserved 1048576K
}
{Heap before GC invocations=786 (full 86):
 par new generation   total 6144K, used 5235K [0x00000000fec00000, 0x00000000ff2a0000, 0x00000000ff2a0000)
  eden space 5504K,  95% used [0x00000000fec00000, 0x00000000ff11b780, 0x00000000ff160000)
  from space 640K,   0% used [0x00000000ff160000, 0x00000000ff161830, 0x00000000ff200000)
  to   space 640K,   0% used [0x00000000ff200000, 0x00000000ff200000, 0x00000000ff2a0000)
 concurrent mark-sweep generation total 13696K, used 5308K [0x00000000ff2a0000, 0x0000000100000000, 0x0000000100000000)
 Metaspace       used 5077K, capacity 5258K, committed 5504K, reserved 1056768K
  class space    used 557K, capacity 597K, committed 640K, reserved 1048576K
2024-07-16T17:58:59.118+0800: 6.262: [GC (Allocation Failure) 2024-07-16T17:58:59.118+0800: 6.262: [ParNew: 5235K->4K(6144K), 0.0004621 secs] 10544K->5312K(19840K), 0.0005824 secs] [Times: user=0.00 sys=0.00, real=0.00 secs] 
Heap after GC invocations=787 (full 86):
 par new generation   total 6144K, used 4K [0x00000000fec00000, 0x00000000ff2a0000, 0x00000000ff2a0000)
  eden space 5504K,   0% used [0x00000000fec00000, 0x00000000fec00000, 0x00000000ff160000)
  from space 640K,   0% used [0x00000000ff200000, 0x00000000ff201020, 0x00000000ff2a0000)
  to   space 640K,   0% used [0x00000000ff160000, 0x00000000ff160000, 0x00000000ff200000)
 concurrent mark-sweep generation total 13696K, used 5308K [0x00000000ff2a0000, 0x0000000100000000, 0x0000000100000000)
 Metaspace       used 5077K, capacity 5258K, committed 5504K, reserved 1056768K
  class space    used 557K, capacity 597K, committed 640K, reserved 1048576K
}
{Heap before GC invocations=787 (full 86):
 par new generation   total 6144K, used 5233K [0x00000000fec00000, 0x00000000ff2a0000, 0x00000000ff2a0000)
  eden space 5504K,  95% used [0x00000000fec00000, 0x00000000ff11b780, 0x00000000ff160000)
  from space 640K,   0% used [0x00000000ff200000, 0x00000000ff201020, 0x00000000ff2a0000)
  to   space 640K,   0% used [0x00000000ff160000, 0x00000000ff160000, 0x00000000ff200000)
 concurrent mark-sweep generation total 13696K, used 5308K [0x00000000ff2a0000, 0x0000000100000000, 0x0000000100000000)
 Metaspace       used 5077K, capacity 5258K, committed 5504K, reserved 1056768K
  class space    used 557K, capacity 597K, committed 640K, reserved 1048576K
2024-07-16T17:58:59.127+0800: 6.271: [GC (Allocation Failure) 2024-07-16T17:58:59.127+0800: 6.271: [ParNew: 5233K->4K(6144K), 0.0003116 secs] 10542K->5312K(19840K), 0.0003510 secs] [Times: user=0.00 sys=0.00, real=0.00 secs] 
Heap after GC invocations=788 (full 86):
 par new generation   total 6144K, used 4K [0x00000000fec00000, 0x00000000ff2a0000, 0x00000000ff2a0000)
  eden space 5504K,   0% used [0x00000000fec00000, 0x00000000fec00000, 0x00000000ff160000)
  from space 640K,   0% used [0x00000000ff160000, 0x00000000ff161020, 0x00000000ff200000)
  to   space 640K,   0% used [0x00000000ff200000, 0x00000000ff200000, 0x00000000ff2a0000)
 concurrent mark-sweep generation total 13696K, used 5308K [0x00000000ff2a0000, 0x0000000100000000, 0x0000000100000000)
 Metaspace       used 5077K, capacity 5258K, committed 5504K, reserved 1056768K
  class space    used 557K, capacity 597K, committed 640K, reserved 1048576K
}
{Heap before GC invocations=788 (full 86):
 par new generation   total 6144K, used 5233K [0x00000000fec00000, 0x00000000ff2a0000, 0x00000000ff2a0000)
  eden space 5504K,  95% used [0x00000000fec00000, 0x00000000ff11b780, 0x00000000ff160000)
  from space 640K,   0% used [0x00000000ff160000, 0x00000000ff161020, 0x00000000ff200000)
  to   space 640K,   0% used [0x00000000ff200000, 0x00000000ff200000, 0x00000000ff2a0000)
 concurrent mark-sweep generation total 13696K, used 5308K [0x00000000ff2a0000, 0x0000000100000000, 0x0000000100000000)
 Metaspace       used 5077K, capacity 5258K, committed 5504K, reserved 1056768K
  class space    used 557K, capacity 597K, committed 640K, reserved 1048576K
2024-07-16T17:58:59.135+0800: 6.279: [GC (Allocation Failure) 2024-07-16T17:58:59.135+0800: 6.279: [ParNew: 5233K->4K(6144K), 0.0003078 secs] 10542K->5312K(19840K), 0.0003568 secs] [Times: user=0.00 sys=0.00, real=0.00 secs] 
Heap after GC invocations=789 (full 86):
 par new generation   total 6144K, used 4K [0x00000000fec00000, 0x00000000ff2a0000, 0x00000000ff2a0000)
  eden space 5504K,   0% used [0x00000000fec00000, 0x00000000fec00000, 0x00000000ff160000)
  from space 640K,   0% used [0x00000000ff200000, 0x00000000ff201020, 0x00000000ff2a0000)
  to   space 640K,   0% used [0x00000000ff160000, 0x00000000ff160000, 0x00000000ff200000)
 concurrent mark-sweep generation total 13696K, used 5308K [0x00000000ff2a0000, 0x0000000100000000, 0x0000000100000000)
 Metaspace       used 5077K, capacity 5258K, committed 5504K, reserved 1056768K
  class space    used 557K, capacity 597K, committed 640K, reserved 1048576K
}
{Heap before GC invocations=789 (full 86):
 par new generation   total 6144K, used 5233K [0x00000000fec00000, 0x00000000ff2a0000, 0x00000000ff2a0000)
  eden space 5504K,  95% used [0x00000000fec00000, 0x00000000ff11b780, 0x00000000ff160000)
  from space 640K,   0% used [0x00000000ff200000, 0x00000000ff201020, 0x00000000ff2a0000)
  to   space 640K,   0% used [0x00000000ff160000, 0x00000000ff160000, 0x00000000ff200000)
 concurrent mark-sweep generation total 13696K, used 5308K [0x00000000ff2a0000, 0x0000000100000000, 0x0000000100000000)
 Metaspace       used 5077K, capacity 5258K, committed 5504K, reserved 1056768K
  class space    used 557K, capacity 597K, committed 640K, reserved 1048576K
2024-07-16T17:58:59.142+0800: 6.287: [GC (Allocation Failure) 2024-07-16T17:58:59.143+0800: 6.287: [ParNew: 5233K->4K(6144K), 0.0008464 secs] 10542K->6336K(19840K), 0.0009760 secs] [Times: user=0.00 sys=0.02, real=0.00 secs] 
Heap after GC invocations=790 (full 86):
 par new generation   total 6144K, used 4K [0x00000000fec00000, 0x00000000ff2a0000, 0x00000000ff2a0000)
  eden space 5504K,   0% used [0x00000000fec00000, 0x00000000fec00000, 0x00000000ff160000)
  from space 640K,   0% used [0x00000000ff160000, 0x00000000ff161020, 0x00000000ff200000)
  to   space 640K,   0% used [0x00000000ff200000, 0x00000000ff200000, 0x00000000ff2a0000)
 concurrent mark-sweep generation total 13696K, used 6332K [0x00000000ff2a0000, 0x0000000100000000, 0x0000000100000000)
 Metaspace       used 5077K, capacity 5258K, committed 5504K, reserved 1056768K
  class space    used 557K, capacity 597K, committed 640K, reserved 1048576K
}
{Heap before GC invocations=790 (full 86):
 par new generation   total 6144K, used 5233K [0x00000000fec00000, 0x00000000ff2a0000, 0x00000000ff2a0000)
  eden space 5504K,  95% used [0x00000000fec00000, 0x00000000ff11b780, 0x00000000ff160000)
  from space 640K,   0% used [0x00000000ff160000, 0x00000000ff161020, 0x00000000ff200000)
  to   space 640K,   0% used [0x00000000ff200000, 0x00000000ff200000, 0x00000000ff2a0000)
 concurrent mark-sweep generation total 13696K, used 6332K [0x00000000ff2a0000, 0x0000000100000000, 0x0000000100000000)
 Metaspace       used 5077K, capacity 5258K, committed 5504K, reserved 1056768K
  class space    used 557K, capacity 597K, committed 640K, reserved 1048576K
2024-07-16T17:58:59.150+0800: 6.294: [GC (Allocation Failure) 2024-07-16T17:58:59.150+0800: 6.294: [ParNew: 5233K->6K(6144K), 0.0006190 secs] 11566K->7362K(19840K), 0.0007159 secs] [Times: user=0.00 sys=0.00, real=0.00 secs] 
Heap after GC invocations=791 (full 86):
 par new generation   total 6144K, used 6K [0x00000000fec00000, 0x00000000ff2a0000, 0x00000000ff2a0000)
  eden space 5504K,   0% used [0x00000000fec00000, 0x00000000fec00000, 0x00000000ff160000)
  from space 640K,   0% used [0x00000000ff200000, 0x00000000ff201830, 0x00000000ff2a0000)
  to   space 640K,   0% used [0x00000000ff160000, 0x00000000ff160000, 0x00000000ff200000)
 concurrent mark-sweep generation total 13696K, used 7356K [0x00000000ff2a0000, 0x0000000100000000, 0x0000000100000000)
 Metaspace       used 5077K, capacity 5258K, committed 5504K, reserved 1056768K
  class space    used 557K, capacity 597K, committed 640K, reserved 1048576K
}
{Heap before GC invocations=791 (full 86):
 par new generation   total 6144K, used 5235K [0x00000000fec00000, 0x00000000ff2a0000, 0x00000000ff2a0000)
  eden space 5504K,  95% used [0x00000000fec00000, 0x00000000ff11b780, 0x00000000ff160000)
  from space 640K,   0% used [0x00000000ff200000, 0x00000000ff201830, 0x00000000ff2a0000)
  to   space 640K,   0% used [0x00000000ff160000, 0x00000000ff160000, 0x00000000ff200000)
 concurrent mark-sweep generation total 13696K, used 7356K [0x00000000ff2a0000, 0x0000000100000000, 0x0000000100000000)
 Metaspace       used 5077K, capacity 5258K, committed 5504K, reserved 1056768K
  class space    used 557K, capacity 597K, committed 640K, reserved 1048576K
2024-07-16T17:58:59.159+0800: 6.303: [GC (Allocation Failure) 2024-07-16T17:58:59.159+0800: 6.303: [ParNew: 5235K->6K(6144K), 0.0004572 secs] 12592K->8386K(19840K), 0.0005278 secs] [Times: user=0.00 sys=0.00, real=0.00 secs] 
Heap after GC invocations=792 (full 86):
 par new generation   total 6144K, used 6K [0x00000000fec00000, 0x00000000ff2a0000, 0x00000000ff2a0000)
  eden space 5504K,   0% used [0x00000000fec00000, 0x00000000fec00000, 0x00000000ff160000)
  from space 640K,   0% used [0x00000000ff160000, 0x00000000ff161830, 0x00000000ff200000)
  to   space 640K,   0% used [0x00000000ff200000, 0x00000000ff200000, 0x00000000ff2a0000)
 concurrent mark-sweep generation total 13696K, used 8380K [0x00000000ff2a0000, 0x0000000100000000, 0x0000000100000000)
 Metaspace       used 5077K, capacity 5258K, committed 5504K, reserved 1056768K
  class space    used 557K, capacity 597K, committed 640K, reserved 1048576K
}
2024-07-16T17:58:59.159+0800: 6.304: [GC (CMS Initial Mark) [1 CMS-initial-mark: 8380K(13696K)] 9412K(19840K), 0.0001583 secs] [Times: user=0.00 sys=0.00, real=0.00 secs] 
2024-07-16T17:58:59.160+0800: 6.304: [CMS-concurrent-mark-start]
2024-07-16T17:58:59.161+0800: 6.306: [CMS-concurrent-mark: 0.002/0.002 secs] [Times: user=0.00 sys=0.00, real=0.00 secs] 
2024-07-16T17:58:59.161+0800: 6.306: [CMS-concurrent-preclean-start]
2024-07-16T17:58:59.161+0800: 6.306: [CMS-concurrent-preclean: 0.000/0.000 secs] [Times: user=0.00 sys=0.00, real=0.00 secs] 
2024-07-16T17:58:59.161+0800: 6.306: [CMS-concurrent-abortable-preclean-start]
{Heap before GC invocations=792 (full 87):
 par new generation   total 6144K, used 5235K [0x00000000fec00000, 0x00000000ff2a0000, 0x00000000ff2a0000)
  eden space 5504K,  95% used [0x00000000fec00000, 0x00000000ff11b780, 0x00000000ff160000)
  from space 640K,   0% used [0x00000000ff160000, 0x00000000ff161830, 0x00000000ff200000)
  to   space 640K,   0% used [0x00000000ff200000, 0x00000000ff200000, 0x00000000ff2a0000)
 concurrent mark-sweep generation total 13696K, used 8380K [0x00000000ff2a0000, 0x0000000100000000, 0x0000000100000000)
 Metaspace       used 5077K, capacity 5258K, committed 5504K, reserved 1056768K
  class space    used 557K, capacity 597K, committed 640K, reserved 1048576K
2024-07-16T17:58:59.168+0800: 6.312: [GC (Allocation Failure) 2024-07-16T17:58:59.168+0800: 6.312: [ParNew: 5235K->4K(6144K), 0.0003167 secs] 13616K->8384K(19840K), 0.0003931 secs] [Times: user=0.00 sys=0.00, real=0.00 secs] 
Heap after GC invocations=793 (full 87):
 par new generation   total 6144K, used 4K [0x00000000fec00000, 0x00000000ff2a0000, 0x00000000ff2a0000)
  eden space 5504K,   0% used [0x00000000fec00000, 0x00000000fec00000, 0x00000000ff160000)
  from space 640K,   0% used [0x00000000ff200000, 0x00000000ff201020, 0x00000000ff2a0000)
  to   space 640K,   0% used [0x00000000ff160000, 0x00000000ff160000, 0x00000000ff200000)
 concurrent mark-sweep generation total 13696K, used 8380K [0x00000000ff2a0000, 0x0000000100000000, 0x0000000100000000)
 Metaspace       used 5077K, capacity 5258K, committed 5504K, reserved 1056768K
  class space    used 557K, capacity 597K, committed 640K, reserved 1048576K
}
{Heap before GC invocations=793 (full 87):
 par new generation   total 6144K, used 5233K [0x00000000fec00000, 0x00000000ff2a0000, 0x00000000ff2a0000)
  eden space 5504K,  95% used [0x00000000fec00000, 0x00000000ff11b780, 0x00000000ff160000)
  from space 640K,   0% used [0x00000000ff200000, 0x00000000ff201020, 0x00000000ff2a0000)
  to   space 640K,   0% used [0x00000000ff160000, 0x00000000ff160000, 0x00000000ff200000)
 concurrent mark-sweep generation total 13696K, used 8380K [0x00000000ff2a0000, 0x0000000100000000, 0x0000000100000000)
 Metaspace       used 5077K, capacity 5258K, committed 5504K, reserved 1056768K
  class space    used 557K, capacity 597K, committed 640K, reserved 1048576K
2024-07-16T17:58:59.176+0800: 6.320: [GC (Allocation Failure) 2024-07-16T17:58:59.176+0800: 6.320: [ParNew: 5233K->12K(6144K), 0.0005556 secs] 13614K->10441K(19840K), 0.0006113 secs] [Times: user=0.00 sys=0.00, real=0.00 secs] 
Heap after GC invocations=794 (full 87):
 par new generation   total 6144K, used 12K [0x00000000fec00000, 0x00000000ff2a0000, 0x00000000ff2a0000)
  eden space 5504K,   0% used [0x00000000fec00000, 0x00000000fec00000, 0x00000000ff160000)
  from space 640K,   1% used [0x00000000ff160000, 0x00000000ff163060, 0x00000000ff200000)
  to   space 640K,   0% used [0x00000000ff200000, 0x00000000ff200000, 0x00000000ff2a0000)
 concurrent mark-sweep generation total 13696K, used 10428K [0x00000000ff2a0000, 0x0000000100000000, 0x0000000100000000)
 Metaspace       used 5077K, capacity 5258K, committed 5504K, reserved 1056768K
  class space    used 557K, capacity 597K, committed 640K, reserved 1048576K
}
{Heap before GC invocations=794 (full 87):
 par new generation   total 6144K, used 5241K [0x00000000fec00000, 0x00000000ff2a0000, 0x00000000ff2a0000)
  eden space 5504K,  95% used [0x00000000fec00000, 0x00000000ff11b780, 0x00000000ff160000)
  from space 640K,   1% used [0x00000000ff160000, 0x00000000ff163060, 0x00000000ff200000)
  to   space 640K,   0% used [0x00000000ff200000, 0x00000000ff200000, 0x00000000ff2a0000)
 concurrent mark-sweep generation total 13696K, used 10428K [0x00000000ff2a0000, 0x0000000100000000, 0x0000000100000000)
 Metaspace       used 5077K, capacity 5258K, committed 5504K, reserved 1056768K
  class space    used 557K, capacity 597K, committed 640K, reserved 1048576K
2024-07-16T17:58:59.184+0800: 6.328: [GC (Allocation Failure) 2024-07-16T17:58:59.184+0800: 6.328: [ParNew: 5241K->8K(6144K), 0.0004350 secs] 15670K->11463K(19840K), 0.0005099 secs] [Times: user=0.00 sys=0.00, real=0.00 secs] 
Heap after GC invocations=795 (full 87):
 par new generation   total 6144K, used 8K [0x00000000fec00000, 0x00000000ff2a0000, 0x00000000ff2a0000)
  eden space 5504K,   0% used [0x00000000fec00000, 0x00000000fec00000, 0x00000000ff160000)
  from space 640K,   1% used [0x00000000ff200000, 0x00000000ff202040, 0x00000000ff2a0000)
  to   space 640K,   0% used [0x00000000ff160000, 0x00000000ff160000, 0x00000000ff200000)
 concurrent mark-sweep generation total 13696K, used 11454K [0x00000000ff2a0000, 0x0000000100000000, 0x0000000100000000)
 Metaspace       used 5077K, capacity 5258K, committed 5504K, reserved 1056768K
  class space    used 557K, capacity 597K, committed 640K, reserved 1048576K
}
{Heap before GC invocations=795 (full 87):
 par new generation   total 6144K, used 5237K [0x00000000fec00000, 0x00000000ff2a0000, 0x00000000ff2a0000)
  eden space 5504K,  95% used [0x00000000fec00000, 0x00000000ff11b780, 0x00000000ff160000)
  from space 640K,   1% used [0x00000000ff200000, 0x00000000ff202040, 0x00000000ff2a0000)
  to   space 640K,   0% used [0x00000000ff160000, 0x00000000ff160000, 0x00000000ff200000)
 concurrent mark-sweep generation total 13696K, used 11454K [0x00000000ff2a0000, 0x0000000100000000, 0x0000000100000000)
 Metaspace       used 5077K, capacity 5258K, committed 5504K, reserved 1056768K
  class space    used 557K, capacity 597K, committed 640K, reserved 1048576K
2024-07-16T17:58:59.190+0800: 6.334: [GC (Allocation Failure) 2024-07-16T17:58:59.190+0800: 6.334: [ParNew: 5237K->6K(6144K), 0.0004086 secs] 16692K->12485K(19840K), 0.0004710 secs] [Times: user=0.00 sys=0.00, real=0.00 secs] 
Heap after GC invocations=796 (full 87):
 par new generation   total 6144K, used 6K [0x00000000fec00000, 0x00000000ff2a0000, 0x00000000ff2a0000)
  eden space 5504K,   0% used [0x00000000fec00000, 0x00000000fec00000, 0x00000000ff160000)
  from space 640K,   0% used [0x00000000ff160000, 0x00000000ff161830, 0x00000000ff200000)
  to   space 640K,   0% used [0x00000000ff200000, 0x00000000ff200000, 0x00000000ff2a0000)
 concurrent mark-sweep generation total 13696K, used 12479K [0x00000000ff2a0000, 0x0000000100000000, 0x0000000100000000)
 Metaspace       used 5077K, capacity 5258K, committed 5504K, reserved 1056768K
  class space    used 557K, capacity 597K, committed 640K, reserved 1048576K
}
{Heap before GC invocations=796 (full 87):
 par new generation   total 6144K, used 5235K [0x00000000fec00000, 0x00000000ff2a0000, 0x00000000ff2a0000)
  eden space 5504K,  95% used [0x00000000fec00000, 0x00000000ff11b780, 0x00000000ff160000)
  from space 640K,   0% used [0x00000000ff160000, 0x00000000ff161830, 0x00000000ff200000)
  to   space 640K,   0% used [0x00000000ff200000, 0x00000000ff200000, 0x00000000ff2a0000)
 concurrent mark-sweep generation total 13696K, used 12479K [0x00000000ff2a0000, 0x0000000100000000, 0x0000000100000000)
 Metaspace       used 5077K, capacity 5258K, committed 5504K, reserved 1056768K
  class space    used 557K, capacity 597K, committed 640K, reserved 1048576K
2024-07-16T17:58:59.196+0800: 6.340: [GC (Allocation Failure) 2024-07-16T17:58:59.196+0800: 6.340: [ParNew: 5235K->5235K(6144K), 0.0000115 secs]2024-07-16T17:58:59.196+0800: 6.340: [CMS2024-07-16T17:58:59.196+0800: 6.340: [CMS-concurrent-abortable-preclean: 0.000/0.034 secs] [Times: user=0.00 sys=0.00, real=0.04 secs] 
 (concurrent mode failure): 12479K->2220K(13696K), 0.0023621 secs] 17714K->2220K(19840K), [Metaspace: 5077K->5077K(1056768K)], 0.0024271 secs] [Times: user=0.00 sys=0.00, real=0.00 secs] 
Heap after GC invocations=797 (full 88):
 par new generation   total 6144K, used 0K [0x00000000fec00000, 0x00000000ff2a0000, 0x00000000ff2a0000)
  eden space 5504K,   0% used [0x00000000fec00000, 0x00000000fec00000, 0x00000000ff160000)
  from space 640K,   0% used [0x00000000ff160000, 0x00000000ff160000, 0x00000000ff200000)
  to   space 640K,   0% used [0x00000000ff200000, 0x00000000ff200000, 0x00000000ff2a0000)
 concurrent mark-sweep generation total 13696K, used 2220K [0x00000000ff2a0000, 0x0000000100000000, 0x0000000100000000)
 Metaspace       used 5077K, capacity 5258K, committed 5504K, reserved 1056768K
  class space    used 557K, capacity 597K, committed 640K, reserved 1048576K
}
{Heap before GC invocations=797 (full 88):
 par new generation   total 6144K, used 5229K [0x00000000fec00000, 0x00000000ff2a0000, 0x00000000ff2a0000)
  eden space 5504K,  95% used [0x00000000fec00000, 0x00000000ff11b780, 0x00000000ff160000)
  from space 640K,   0% used [0x00000000ff160000, 0x00000000ff160000, 0x00000000ff200000)
  to   space 640K,   0% used [0x00000000ff200000, 0x00000000ff200000, 0x00000000ff2a0000)
 concurrent mark-sweep generation total 13696K, used 2220K [0x00000000ff2a0000, 0x0000000100000000, 0x0000000100000000)
 Metaspace       used 5077K, capacity 5258K, committed 5504K, reserved 1056768K
  class space    used 557K, capacity 597K, committed 640K, reserved 1048576K
2024-07-16T17:58:59.205+0800: 6.349: [GC (Allocation Failure) 2024-07-16T17:58:59.205+0800: 6.349: [ParNew: 5229K->4K(6144K), 0.0003355 secs] 7450K->3250K(19840K), 0.0003675 secs] [Times: user=0.00 sys=0.00, real=0.00 secs] 
Heap after GC invocations=798 (full 88):
 par new generation   total 6144K, used 4K [0x00000000fec00000, 0x00000000ff2a0000, 0x00000000ff2a0000)
  eden space 5504K,   0% used [0x00000000fec00000, 0x00000000fec00000, 0x00000000ff160000)
  from space 640K,   0% used [0x00000000ff200000, 0x00000000ff201020, 0x00000000ff2a0000)
  to   space 640K,   0% used [0x00000000ff160000, 0x00000000ff160000, 0x00000000ff200000)
 concurrent mark-sweep generation total 13696K, used 3246K [0x00000000ff2a0000, 0x0000000100000000, 0x0000000100000000)
 Metaspace       used 5077K, capacity 5258K, committed 5504K, reserved 1056768K
  class space    used 557K, capacity 597K, committed 640K, reserved 1048576K
}
{Heap before GC invocations=798 (full 88):
 par new generation   total 6144K, used 5233K [0x00000000fec00000, 0x00000000ff2a0000, 0x00000000ff2a0000)
  eden space 5504K,  95% used [0x00000000fec00000, 0x00000000ff11b780, 0x00000000ff160000)
  from space 640K,   0% used [0x00000000ff200000, 0x00000000ff201020, 0x00000000ff2a0000)
  to   space 640K,   0% used [0x00000000ff160000, 0x00000000ff160000, 0x00000000ff200000)
 concurrent mark-sweep generation total 13696K, used 3246K [0x00000000ff2a0000, 0x0000000100000000, 0x0000000100000000)
 Metaspace       used 5077K, capacity 5258K, committed 5504K, reserved 1056768K
  class space    used 557K, capacity 597K, committed 640K, reserved 1048576K
2024-07-16T17:58:59.212+0800: 6.356: [GC (Allocation Failure) 2024-07-16T17:58:59.212+0800: 6.356: [ParNew: 5233K->4K(6144K), 0.0003034 secs] 8480K->3250K(19840K), 0.0003500 secs] [Times: user=0.00 sys=0.00, real=0.00 secs] 
Heap after GC invocations=799 (full 88):
 par new generation   total 6144K, used 4K [0x00000000fec00000, 0x00000000ff2a0000, 0x00000000ff2a0000)
  eden space 5504K,   0% used [0x00000000fec00000, 0x00000000fec00000, 0x00000000ff160000)
  from space 640K,   0% used [0x00000000ff160000, 0x00000000ff161020, 0x00000000ff200000)
  to   space 640K,   0% used [0x00000000ff200000, 0x00000000ff200000, 0x00000000ff2a0000)
 concurrent mark-sweep generation total 13696K, used 3246K [0x00000000ff2a0000, 0x0000000100000000, 0x0000000100000000)
 Metaspace       used 5077K, capacity 5258K, committed 5504K, reserved 1056768K
  class space    used 557K, capacity 597K, committed 640K, reserved 1048576K
}
{Heap before GC invocations=799 (full 88):
 par new generation   total 6144K, used 5233K [0x00000000fec00000, 0x00000000ff2a0000, 0x00000000ff2a0000)
  eden space 5504K,  95% used [0x00000000fec00000, 0x00000000ff11b780, 0x00000000ff160000)
  from space 640K,   0% used [0x00000000ff160000, 0x00000000ff161020, 0x00000000ff200000)
  to   space 640K,   0% used [0x00000000ff200000, 0x00000000ff200000, 0x00000000ff2a0000)
 concurrent mark-sweep generation total 13696K, used 3246K [0x00000000ff2a0000, 0x0000000100000000, 0x0000000100000000)
 Metaspace       used 5077K, capacity 5258K, committed 5504K, reserved 1056768K
  class space    used 557K, capacity 597K, committed 640K, reserved 1048576K
2024-07-16T17:58:59.219+0800: 6.363: [GC (Allocation Failure) 2024-07-16T17:58:59.219+0800: 6.363: [ParNew: 5233K->6K(6144K), 0.0005628 secs] 8480K->4278K(19840K), 0.0005939 secs] [Times: user=0.00 sys=0.00, real=0.00 secs] 
Heap after GC invocations=800 (full 88):
 par new generation   total 6144K, used 6K [0x00000000fec00000, 0x00000000ff2a0000, 0x00000000ff2a0000)
  eden space 5504K,   0% used [0x00000000fec00000, 0x00000000fec00000, 0x00000000ff160000)
  from space 640K,   0% used [0x00000000ff200000, 0x00000000ff201830, 0x00000000ff2a0000)
  to   space 640K,   0% used [0x00000000ff160000, 0x00000000ff160000, 0x00000000ff200000)
 concurrent mark-sweep generation total 13696K, used 4272K [0x00000000ff2a0000, 0x0000000100000000, 0x0000000100000000)
 Metaspace       used 5077K, capacity 5258K, committed 5504K, reserved 1056768K
  class space    used 557K, capacity 597K, committed 640K, reserved 1048576K
}
{Heap before GC invocations=800 (full 88):
 par new generation   total 6144K, used 5235K [0x00000000fec00000, 0x00000000ff2a0000, 0x00000000ff2a0000)
  eden space 5504K,  95% used [0x00000000fec00000, 0x00000000ff11b780, 0x00000000ff160000)
  from space 640K,   0% used [0x00000000ff200000, 0x00000000ff201830, 0x00000000ff2a0000)
  to   space 640K,   0% used [0x00000000ff160000, 0x00000000ff160000, 0x00000000ff200000)
 concurrent mark-sweep generation total 13696K, used 4272K [0x00000000ff2a0000, 0x0000000100000000, 0x0000000100000000)
 Metaspace       used 5077K, capacity 5258K, committed 5504K, reserved 1056768K
  class space    used 557K, capacity 597K, committed 640K, reserved 1048576K
2024-07-16T17:58:59.226+0800: 6.370: [GC (Allocation Failure) 2024-07-16T17:58:59.226+0800: 6.370: [ParNew: 5235K->4K(6144K), 0.0002996 secs] 9508K->4276K(19840K), 0.0003434 secs] [Times: user=0.00 sys=0.00, real=0.00 secs] 
Heap after GC invocations=801 (full 88):
 par new generation   total 6144K, used 4K [0x00000000fec00000, 0x00000000ff2a0000, 0x00000000ff2a0000)
  eden space 5504K,   0% used [0x00000000fec00000, 0x00000000fec00000, 0x00000000ff160000)
  from space 640K,   0% used [0x00000000ff160000, 0x00000000ff161020, 0x00000000ff200000)
  to   space 640K,   0% used [0x00000000ff200000, 0x00000000ff200000, 0x00000000ff2a0000)
 concurrent mark-sweep generation total 13696K, used 4272K [0x00000000ff2a0000, 0x0000000100000000, 0x0000000100000000)
 Metaspace       used 5077K, capacity 5258K, committed 5504K, reserved 1056768K
  class space    used 557K, capacity 597K, committed 640K, reserved 1048576K
}
{Heap before GC invocations=801 (full 88):
 par new generation   total 6144K, used 5233K [0x00000000fec00000, 0x00000000ff2a0000, 0x00000000ff2a0000)
  eden space 5504K,  95% used [0x00000000fec00000, 0x00000000ff11b780, 0x00000000ff160000)
  from space 640K,   0% used [0x00000000ff160000, 0x00000000ff161020, 0x00000000ff200000)
  to   space 640K,   0% used [0x00000000ff200000, 0x00000000ff200000, 0x00000000ff2a0000)
 concurrent mark-sweep generation total 13696K, used 4272K [0x00000000ff2a0000, 0x0000000100000000, 0x0000000100000000)
 Metaspace       used 5077K, capacity 5258K, committed 5504K, reserved 1056768K
  class space    used 557K, capacity 597K, committed 640K, reserved 1048576K
2024-07-16T17:58:59.232+0800: 6.376: [GC (Allocation Failure) 2024-07-16T17:58:59.232+0800: 6.376: [ParNew: 5233K->6K(6144K), 0.0003897 secs] 9506K->5304K(19840K), 0.0004360 secs] [Times: user=0.00 sys=0.00, real=0.00 secs] 
Heap after GC invocations=802 (full 88):
 par new generation   total 6144K, used 6K [0x00000000fec00000, 0x00000000ff2a0000, 0x00000000ff2a0000)
  eden space 5504K,   0% used [0x00000000fec00000, 0x00000000fec00000, 0x00000000ff160000)
  from space 640K,   0% used [0x00000000ff200000, 0x00000000ff201830, 0x00000000ff2a0000)
  to   space 640K,   0% used [0x00000000ff160000, 0x00000000ff160000, 0x00000000ff200000)
 concurrent mark-sweep generation total 13696K, used 5298K [0x00000000ff2a0000, 0x0000000100000000, 0x0000000100000000)
 Metaspace       used 5077K, capacity 5258K, committed 5504K, reserved 1056768K
  class space    used 557K, capacity 597K, committed 640K, reserved 1048576K
}
{Heap before GC invocations=802 (full 88):
 par new generation   total 6144K, used 5235K [0x00000000fec00000, 0x00000000ff2a0000, 0x00000000ff2a0000)
  eden space 5504K,  95% used [0x00000000fec00000, 0x00000000ff11b780, 0x00000000ff160000)
  from space 640K,   0% used [0x00000000ff200000, 0x00000000ff201830, 0x00000000ff2a0000)
  to   space 640K,   0% used [0x00000000ff160000, 0x00000000ff160000, 0x00000000ff200000)
 concurrent mark-sweep generation total 13696K, used 5298K [0x00000000ff2a0000, 0x0000000100000000, 0x0000000100000000)
 Metaspace       used 5077K, capacity 5258K, committed 5504K, reserved 1056768K
  class space    used 557K, capacity 597K, committed 640K, reserved 1048576K
2024-07-16T17:58:59.241+0800: 6.385: [GC (Allocation Failure) 2024-07-16T17:58:59.241+0800: 6.385: [ParNew: 5235K->4K(6144K), 0.0002610 secs] 10534K->5302K(19840K), 0.0002979 secs] [Times: user=0.00 sys=0.00, real=0.00 secs] 
Heap after GC invocations=803 (full 88):
 par new generation   total 6144K, used 4K [0x00000000fec00000, 0x00000000ff2a0000, 0x00000000ff2a0000)
  eden space 5504K,   0% used [0x00000000fec00000, 0x00000000fec00000, 0x00000000ff160000)
  from space 640K,   0% used [0x00000000ff160000, 0x00000000ff161020, 0x00000000ff200000)
  to   space 640K,   0% used [0x00000000ff200000, 0x00000000ff200000, 0x00000000ff2a0000)
 concurrent mark-sweep generation total 13696K, used 5298K [0x00000000ff2a0000, 0x0000000100000000, 0x0000000100000000)
 Metaspace       used 5077K, capacity 5258K, committed 5504K, reserved 1056768K
  class space    used 557K, capacity 597K, committed 640K, reserved 1048576K
}
{Heap before GC invocations=803 (full 88):
 par new generation   total 6144K, used 5233K [0x00000000fec00000, 0x00000000ff2a0000, 0x00000000ff2a0000)
  eden space 5504K,  95% used [0x00000000fec00000, 0x00000000ff11b780, 0x00000000ff160000)
  from space 640K,   0% used [0x00000000ff160000, 0x00000000ff161020, 0x00000000ff200000)
  to   space 640K,   0% used [0x00000000ff200000, 0x00000000ff200000, 0x00000000ff2a0000)
 concurrent mark-sweep generation total 13696K, used 5298K [0x00000000ff2a0000, 0x0000000100000000, 0x0000000100000000)
 Metaspace       used 5077K, capacity 5258K, committed 5504K, reserved 1056768K
  class space    used 557K, capacity 597K, committed 640K, reserved 1048576K
2024-07-16T17:58:59.248+0800: 6.392: [GC (Allocation Failure) 2024-07-16T17:58:59.248+0800: 6.392: [ParNew: 5233K->6K(6144K), 0.0003662 secs] 10532K->6330K(19840K), 0.0004017 secs] [Times: user=0.00 sys=0.00, real=0.00 secs] 
Heap after GC invocations=804 (full 88):
 par new generation   total 6144K, used 6K [0x00000000fec00000, 0x00000000ff2a0000, 0x00000000ff2a0000)
  eden space 5504K,   0% used [0x00000000fec00000, 0x00000000fec00000, 0x00000000ff160000)
  from space 640K,   0% used [0x00000000ff200000, 0x00000000ff201830, 0x00000000ff2a0000)
  to   space 640K,   0% used [0x00000000ff160000, 0x00000000ff160000, 0x00000000ff200000)
 concurrent mark-sweep generation total 13696K, used 6324K [0x00000000ff2a0000, 0x0000000100000000, 0x0000000100000000)
 Metaspace       used 5077K, capacity 5258K, committed 5504K, reserved 1056768K
  class space    used 557K, capacity 597K, committed 640K, reserved 1048576K
}
{Heap before GC invocations=804 (full 88):
 par new generation   total 6144K, used 5235K [0x00000000fec00000, 0x00000000ff2a0000, 0x00000000ff2a0000)
  eden space 5504K,  95% used [0x00000000fec00000, 0x00000000ff11b780, 0x00000000ff160000)
  from space 640K,   0% used [0x00000000ff200000, 0x00000000ff201830, 0x00000000ff2a0000)
  to   space 640K,   0% used [0x00000000ff160000, 0x00000000ff160000, 0x00000000ff200000)
 concurrent mark-sweep generation total 13696K, used 6324K [0x00000000ff2a0000, 0x0000000100000000, 0x0000000100000000)
 Metaspace       used 5077K, capacity 5258K, committed 5504K, reserved 1056768K
  class space    used 557K, capacity 597K, committed 640K, reserved 1048576K
2024-07-16T17:58:59.256+0800: 6.400: [GC (Allocation Failure) 2024-07-16T17:58:59.256+0800: 6.400: [ParNew: 5235K->2K(6144K), 0.0004043 secs] 11560K->6326K(19840K), 0.0004544 secs] [Times: user=0.00 sys=0.00, real=0.00 secs] 
Heap after GC invocations=805 (full 88):
 par new generation   total 6144K, used 2K [0x00000000fec00000, 0x00000000ff2a0000, 0x00000000ff2a0000)
  eden space 5504K,   0% used [0x00000000fec00000, 0x00000000fec00000, 0x00000000ff160000)
  from space 640K,   0% used [0x00000000ff160000, 0x00000000ff160810, 0x00000000ff200000)
  to   space 640K,   0% used [0x00000000ff200000, 0x00000000ff200000, 0x00000000ff2a0000)
 concurrent mark-sweep generation total 13696K, used 6324K [0x00000000ff2a0000, 0x0000000100000000, 0x0000000100000000)
 Metaspace       used 5077K, capacity 5258K, committed 5504K, reserved 1056768K
  class space    used 557K, capacity 597K, committed 640K, reserved 1048576K
}
{Heap before GC invocations=805 (full 88):
 par new generation   total 6144K, used 5231K [0x00000000fec00000, 0x00000000ff2a0000, 0x00000000ff2a0000)
  eden space 5504K,  95% used [0x00000000fec00000, 0x00000000ff11b780, 0x00000000ff160000)
  from space 640K,   0% used [0x00000000ff160000, 0x00000000ff160810, 0x00000000ff200000)
  to   space 640K,   0% used [0x00000000ff200000, 0x00000000ff200000, 0x00000000ff2a0000)
 concurrent mark-sweep generation total 13696K, used 6324K [0x00000000ff2a0000, 0x0000000100000000, 0x0000000100000000)
 Metaspace       used 5077K, capacity 5258K, committed 5504K, reserved 1056768K
  class space    used 557K, capacity 597K, committed 640K, reserved 1048576K
2024-07-16T17:58:59.262+0800: 6.406: [GC (Allocation Failure) 2024-07-16T17:58:59.262+0800: 6.406: [ParNew: 5231K->8K(6144K), 0.0005017 secs] 11556K->7358K(19840K), 0.0005510 secs] [Times: user=0.00 sys=0.00, real=0.00 secs] 
Heap after GC invocations=806 (full 88):
 par new generation   total 6144K, used 8K [0x00000000fec00000, 0x00000000ff2a0000, 0x00000000ff2a0000)
  eden space 5504K,   0% used [0x00000000fec00000, 0x00000000fec00000, 0x00000000ff160000)
  from space 640K,   1% used [0x00000000ff200000, 0x00000000ff202040, 0x00000000ff2a0000)
  to   space 640K,   0% used [0x00000000ff160000, 0x00000000ff160000, 0x00000000ff200000)
 concurrent mark-sweep generation total 13696K, used 7350K [0x00000000ff2a0000, 0x0000000100000000, 0x0000000100000000)
 Metaspace       used 5077K, capacity 5258K, committed 5504K, reserved 1056768K
  class space    used 557K, capacity 597K, committed 640K, reserved 1048576K
}
{Heap before GC invocations=806 (full 88):
 par new generation   total 6144K, used 5237K [0x00000000fec00000, 0x00000000ff2a0000, 0x00000000ff2a0000)
  eden space 5504K,  95% used [0x00000000fec00000, 0x00000000ff11b780, 0x00000000ff160000)
  from space 640K,   1% used [0x00000000ff200000, 0x00000000ff202040, 0x00000000ff2a0000)
  to   space 640K,   0% used [0x00000000ff160000, 0x00000000ff160000, 0x00000000ff200000)
 concurrent mark-sweep generation total 13696K, used 7350K [0x00000000ff2a0000, 0x0000000100000000, 0x0000000100000000)
 Metaspace       used 5077K, capacity 5258K, committed 5504K, reserved 1056768K
  class space    used 557K, capacity 597K, committed 640K, reserved 1048576K
2024-07-16T17:58:59.269+0800: 6.413: [GC (Allocation Failure) 2024-07-16T17:58:59.269+0800: 6.413: [ParNew: 5237K->4K(6144K), 0.0004677 secs] 12588K->7354K(19840K), 0.0005359 secs] [Times: user=0.00 sys=0.00, real=0.00 secs] 
Heap after GC invocations=807 (full 88):
 par new generation   total 6144K, used 4K [0x00000000fec00000, 0x00000000ff2a0000, 0x00000000ff2a0000)
  eden space 5504K,   0% used [0x00000000fec00000, 0x00000000fec00000, 0x00000000ff160000)
  from space 640K,   0% used [0x00000000ff160000, 0x00000000ff161020, 0x00000000ff200000)
  to   space 640K,   0% used [0x00000000ff200000, 0x00000000ff200000, 0x00000000ff2a0000)
 concurrent mark-sweep generation total 13696K, used 7350K [0x00000000ff2a0000, 0x0000000100000000, 0x0000000100000000)
 Metaspace       used 5077K, capacity 5258K, committed 5504K, reserved 1056768K
  class space    used 557K, capacity 597K, committed 640K, reserved 1048576K
}
{Heap before GC invocations=807 (full 88):
 par new generation   total 6144K, used 5233K [0x00000000fec00000, 0x00000000ff2a0000, 0x00000000ff2a0000)
  eden space 5504K,  95% used [0x00000000fec00000, 0x00000000ff11b780, 0x00000000ff160000)
  from space 640K,   0% used [0x00000000ff160000, 0x00000000ff161020, 0x00000000ff200000)
  to   space 640K,   0% used [0x00000000ff200000, 0x00000000ff200000, 0x00000000ff2a0000)
 concurrent mark-sweep generation total 13696K, used 7350K [0x00000000ff2a0000, 0x0000000100000000, 0x0000000100000000)
 Metaspace       used 5077K, capacity 5258K, committed 5504K, reserved 1056768K
  class space    used 557K, capacity 597K, committed 640K, reserved 1048576K
2024-07-16T17:58:59.276+0800: 6.420: [GC (Allocation Failure) 2024-07-16T17:58:59.276+0800: 6.420: [ParNew: 5233K->4K(6144K), 0.0008191 secs] 12584K->8378K(19840K), 0.0009579 secs] [Times: user=0.00 sys=0.00, real=0.00 secs] 
Heap after GC invocations=808 (full 88):
 par new generation   total 6144K, used 4K [0x00000000fec00000, 0x00000000ff2a0000, 0x00000000ff2a0000)
  eden space 5504K,   0% used [0x00000000fec00000, 0x00000000fec00000, 0x00000000ff160000)
  from space 640K,   0% used [0x00000000ff200000, 0x00000000ff201020, 0x00000000ff2a0000)
  to   space 640K,   0% used [0x00000000ff160000, 0x00000000ff160000, 0x00000000ff200000)
 concurrent mark-sweep generation total 13696K, used 8374K [0x00000000ff2a0000, 0x0000000100000000, 0x0000000100000000)
 Metaspace       used 5077K, capacity 5258K, committed 5504K, reserved 1056768K
  class space    used 557K, capacity 597K, committed 640K, reserved 1048576K
}
2024-07-16T17:58:59.277+0800: 6.421: [GC (CMS Initial Mark) [1 CMS-initial-mark: 8374K(13696K)] 9404K(19840K), 0.0001867 secs] [Times: user=0.00 sys=0.00, real=0.00 secs] 
2024-07-16T17:58:59.277+0800: 6.422: [CMS-concurrent-mark-start]
2024-07-16T17:58:59.279+0800: 6.424: [CMS-concurrent-mark: 0.002/0.002 secs] [Times: user=0.00 sys=0.00, real=0.00 secs] 
2024-07-16T17:58:59.279+0800: 6.424: [CMS-concurrent-preclean-start]
2024-07-16T17:58:59.279+0800: 6.424: [CMS-concurrent-preclean: 0.000/0.000 secs] [Times: user=0.00 sys=0.00, real=0.00 secs] 
2024-07-16T17:58:59.279+0800: 6.424: [CMS-concurrent-abortable-preclean-start]
{Heap before GC invocations=808 (full 89):
 par new generation   total 6144K, used 5233K [0x00000000fec00000, 0x00000000ff2a0000, 0x00000000ff2a0000)
  eden space 5504K,  95% used [0x00000000fec00000, 0x00000000ff11b780, 0x00000000ff160000)
  from space 640K,   0% used [0x00000000ff200000, 0x00000000ff201020, 0x00000000ff2a0000)
  to   space 640K,   0% used [0x00000000ff160000, 0x00000000ff160000, 0x00000000ff200000)
 concurrent mark-sweep generation total 13696K, used 8374K [0x00000000ff2a0000, 0x0000000100000000, 0x0000000100000000)
 Metaspace       used 5077K, capacity 5258K, committed 5504K, reserved 1056768K
  class space    used 557K, capacity 597K, committed 640K, reserved 1048576K
2024-07-16T17:58:59.284+0800: 6.428: [GC (Allocation Failure) 2024-07-16T17:58:59.284+0800: 6.428: [ParNew: 5233K->8K(6144K), 0.0013753 secs] 13608K->9407K(19840K), 0.0014400 secs] [Times: user=0.00 sys=0.00, real=0.00 secs] 
Heap after GC invocations=809 (full 89):
 par new generation   total 6144K, used 8K [0x00000000fec00000, 0x00000000ff2a0000, 0x00000000ff2a0000)
  eden space 5504K,   0% used [0x00000000fec00000, 0x00000000fec00000, 0x00000000ff160000)
  from space 640K,   1% used [0x00000000ff160000, 0x00000000ff162040, 0x00000000ff200000)
  to   space 640K,   0% used [0x00000000ff200000, 0x00000000ff200000, 0x00000000ff2a0000)
 concurrent mark-sweep generation total 13696K, used 9398K [0x00000000ff2a0000, 0x0000000100000000, 0x0000000100000000)
 Metaspace       used 5077K, capacity 5258K, committed 5504K, reserved 1056768K
  class space    used 557K, capacity 597K, committed 640K, reserved 1048576K
}
{Heap before GC invocations=809 (full 89):
 par new generation   total 6144K, used 5237K [0x00000000fec00000, 0x00000000ff2a0000, 0x00000000ff2a0000)
  eden space 5504K,  95% used [0x00000000fec00000, 0x00000000ff11b780, 0x00000000ff160000)
  from space 640K,   1% used [0x00000000ff160000, 0x00000000ff162040, 0x00000000ff200000)
  to   space 640K,   0% used [0x00000000ff200000, 0x00000000ff200000, 0x00000000ff2a0000)
 concurrent mark-sweep generation total 13696K, used 9398K [0x00000000ff2a0000, 0x0000000100000000, 0x0000000100000000)
 Metaspace       used 5077K, capacity 5258K, committed 5504K, reserved 1056768K
  class space    used 557K, capacity 597K, committed 640K, reserved 1048576K
2024-07-16T17:58:59.292+0800: 6.436: [GC (Allocation Failure) 2024-07-16T17:58:59.292+0800: 6.436: [ParNew: 5237K->4K(6144K), 0.0005390 secs] 14636K->10426K(19840K), 0.0007027 secs] [Times: user=0.00 sys=0.00, real=0.00 secs] 
Heap after GC invocations=810 (full 89):
 par new generation   total 6144K, used 4K [0x00000000fec00000, 0x00000000ff2a0000, 0x00000000ff2a0000)
  eden space 5504K,   0% used [0x00000000fec00000, 0x00000000fec00000, 0x00000000ff160000)
  from space 640K,   0% used [0x00000000ff200000, 0x00000000ff201020, 0x00000000ff2a0000)
  to   space 640K,   0% used [0x00000000ff160000, 0x00000000ff160000, 0x00000000ff200000)
 concurrent mark-sweep generation total 13696K, used 10422K [0x00000000ff2a0000, 0x0000000100000000, 0x0000000100000000)
 Metaspace       used 5077K, capacity 5258K, committed 5504K, reserved 1056768K
  class space    used 557K, capacity 597K, committed 640K, reserved 1048576K
}
{Heap before GC invocations=810 (full 89):
 par new generation   total 6144K, used 5233K [0x00000000fec00000, 0x00000000ff2a0000, 0x00000000ff2a0000)
  eden space 5504K,  95% used [0x00000000fec00000, 0x00000000ff11b780, 0x00000000ff160000)
  from space 640K,   0% used [0x00000000ff200000, 0x00000000ff201020, 0x00000000ff2a0000)
  to   space 640K,   0% used [0x00000000ff160000, 0x00000000ff160000, 0x00000000ff200000)
 concurrent mark-sweep generation total 13696K, used 10422K [0x00000000ff2a0000, 0x0000000100000000, 0x0000000100000000)
 Metaspace       used 5077K, capacity 5258K, committed 5504K, reserved 1056768K
  class space    used 557K, capacity 597K, committed 640K, reserved 1048576K
2024-07-16T17:58:59.300+0800: 6.444: [GC (Allocation Failure) 2024-07-16T17:58:59.300+0800: 6.444: [ParNew: 5233K->6K(6144K), 0.0013201 secs] 15656K->11455K(19840K), 0.0014084 secs] [Times: user=0.00 sys=0.00, real=0.00 secs] 
Heap after GC invocations=811 (full 89):
 par new generation   total 6144K, used 6K [0x00000000fec00000, 0x00000000ff2a0000, 0x00000000ff2a0000)
  eden space 5504K,   0% used [0x00000000fec00000, 0x00000000fec00000, 0x00000000ff160000)
  from space 640K,   0% used [0x00000000ff160000, 0x00000000ff161830, 0x00000000ff200000)
  to   space 640K,   0% used [0x00000000ff200000, 0x00000000ff200000, 0x00000000ff2a0000)
 concurrent mark-sweep generation total 13696K, used 11449K [0x00000000ff2a0000, 0x0000000100000000, 0x0000000100000000)
 Metaspace       used 5077K, capacity 5258K, committed 5504K, reserved 1056768K
  class space    used 557K, capacity 597K, committed 640K, reserved 1048576K
}
{Heap before GC invocations=811 (full 89):
 par new generation   total 6144K, used 5235K [0x00000000fec00000, 0x00000000ff2a0000, 0x00000000ff2a0000)
  eden space 5504K,  95% used [0x00000000fec00000, 0x00000000ff11b780, 0x00000000ff160000)
  from space 640K,   0% used [0x00000000ff160000, 0x00000000ff161830, 0x00000000ff200000)
  to   space 640K,   0% used [0x00000000ff200000, 0x00000000ff200000, 0x00000000ff2a0000)
 concurrent mark-sweep generation total 13696K, used 11449K [0x00000000ff2a0000, 0x0000000100000000, 0x0000000100000000)
 Metaspace       used 5077K, capacity 5258K, committed 5504K, reserved 1056768K
  class space    used 557K, capacity 597K, committed 640K, reserved 1048576K
2024-07-16T17:58:59.309+0800: 6.453: [GC (Allocation Failure) 2024-07-16T17:58:59.309+0800: 6.453: [ParNew: 5235K->4K(6144K), 0.0007182 secs] 16684K->11453K(19840K), 0.0007821 secs] [Times: user=0.00 sys=0.00, real=0.00 secs] 
Heap after GC invocations=812 (full 89):
 par new generation   total 6144K, used 4K [0x00000000fec00000, 0x00000000ff2a0000, 0x00000000ff2a0000)
  eden space 5504K,   0% used [0x00000000fec00000, 0x00000000fec00000, 0x00000000ff160000)
  from space 640K,   0% used [0x00000000ff200000, 0x00000000ff201020, 0x00000000ff2a0000)
  to   space 640K,   0% used [0x00000000ff160000, 0x00000000ff160000, 0x00000000ff200000)
 concurrent mark-sweep generation total 13696K, used 11449K [0x00000000ff2a0000, 0x0000000100000000, 0x0000000100000000)
 Metaspace       used 5077K, capacity 5258K, committed 5504K, reserved 1056768K
  class space    used 557K, capacity 597K, committed 640K, reserved 1048576K
}
{Heap before GC invocations=812 (full 89):
 par new generation   total 6144K, used 5233K [0x00000000fec00000, 0x00000000ff2a0000, 0x00000000ff2a0000)
  eden space 5504K,  95% used [0x00000000fec00000, 0x00000000ff11b780, 0x00000000ff160000)
  from space 640K,   0% used [0x00000000ff200000, 0x00000000ff201020, 0x00000000ff2a0000)
  to   space 640K,   0% used [0x00000000ff160000, 0x00000000ff160000, 0x00000000ff200000)
 concurrent mark-sweep generation total 13696K, used 11449K [0x00000000ff2a0000, 0x0000000100000000, 0x0000000100000000)
 Metaspace       used 5077K, capacity 5258K, committed 5504K, reserved 1056768K
  class space    used 557K, capacity 597K, committed 640K, reserved 1048576K
2024-07-16T17:58:59.318+0800: 6.462: [GC (Allocation Failure) 2024-07-16T17:58:59.318+0800: 6.462: [ParNew: 5233K->4K(6144K), 0.0004948 secs] 16682K->11453K(19840K), 0.0006227 secs] [Times: user=0.00 sys=0.00, real=0.00 secs] 
Heap after GC invocations=813 (full 89):
 par new generation   total 6144K, used 4K [0x00000000fec00000, 0x00000000ff2a0000, 0x00000000ff2a0000)
  eden space 5504K,   0% used [0x00000000fec00000, 0x00000000fec00000, 0x00000000ff160000)
  from space 640K,   0% used [0x00000000ff160000, 0x00000000ff161020, 0x00000000ff200000)
  to   space 640K,   0% used [0x00000000ff200000, 0x00000000ff200000, 0x00000000ff2a0000)
 concurrent mark-sweep generation total 13696K, used 11449K [0x00000000ff2a0000, 0x0000000100000000, 0x0000000100000000)
 Metaspace       used 5077K, capacity 5258K, committed 5504K, reserved 1056768K
  class space    used 557K, capacity 597K, committed 640K, reserved 1048576K
}
{Heap before GC invocations=813 (full 89):
 par new generation   total 6144K, used 5233K [0x00000000fec00000, 0x00000000ff2a0000, 0x00000000ff2a0000)
  eden space 5504K,  95% used [0x00000000fec00000, 0x00000000ff11b780, 0x00000000ff160000)
  from space 640K,   0% used [0x00000000ff160000, 0x00000000ff161020, 0x00000000ff200000)
  to   space 640K,   0% used [0x00000000ff200000, 0x00000000ff200000, 0x00000000ff2a0000)
 concurrent mark-sweep generation total 13696K, used 11449K [0x00000000ff2a0000, 0x0000000100000000, 0x0000000100000000)
 Metaspace       used 5077K, capacity 5258K, committed 5504K, reserved 1056768K
  class space    used 557K, capacity 597K, committed 640K, reserved 1048576K
2024-07-16T17:58:59.324+0800: 6.468: [GC (Allocation Failure) 2024-07-16T17:58:59.324+0800: 6.468: [ParNew: 5233K->6K(6144K), 0.0010554 secs] 16682K->12479K(19840K), 0.0011200 secs] [Times: user=0.00 sys=0.00, real=0.00 secs] 
Heap after GC invocations=814 (full 89):
 par new generation   total 6144K, used 6K [0x00000000fec00000, 0x00000000ff2a0000, 0x00000000ff2a0000)
  eden space 5504K,   0% used [0x00000000fec00000, 0x00000000fec00000, 0x00000000ff160000)
  from space 640K,   0% used [0x00000000ff200000, 0x00000000ff201830, 0x00000000ff2a0000)
  to   space 640K,   0% used [0x00000000ff160000, 0x00000000ff160000, 0x00000000ff200000)
 concurrent mark-sweep generation total 13696K, used 12473K [0x00000000ff2a0000, 0x0000000100000000, 0x0000000100000000)
 Metaspace       used 5077K, capacity 5258K, committed 5504K, reserved 1056768K
  class space    used 557K, capacity 597K, committed 640K, reserved 1048576K
}
{Heap before GC invocations=814 (full 89):
 par new generation   total 6144K, used 5235K [0x00000000fec00000, 0x00000000ff2a0000, 0x00000000ff2a0000)
  eden space 5504K,  95% used [0x00000000fec00000, 0x00000000ff11b780, 0x00000000ff160000)
  from space 640K,   0% used [0x00000000ff200000, 0x00000000ff201830, 0x00000000ff2a0000)
  to   space 640K,   0% used [0x00000000ff160000, 0x00000000ff160000, 0x00000000ff200000)
 concurrent mark-sweep generation total 13696K, used 12473K [0x00000000ff2a0000, 0x0000000100000000, 0x0000000100000000)
 Metaspace       used 5077K, capacity 5258K, committed 5504K, reserved 1056768K
  class space    used 557K, capacity 597K, committed 640K, reserved 1048576K
2024-07-16T17:58:59.333+0800: 6.477: [GC (Allocation Failure) 2024-07-16T17:58:59.333+0800: 6.477: [ParNew: 5235K->5235K(6144K), 0.0000242 secs]2024-07-16T17:58:59.333+0800: 6.477: [CMS2024-07-16T17:58:59.333+0800: 6.477: [CMS-concurrent-abortable-preclean: 0.001/0.054 secs] [Times: user=0.00 sys=0.00, real=0.05 secs] 
 (concurrent mode failure): 12473K->2220K(13696K), 0.0051187 secs] 17708K->2220K(19840K), [Metaspace: 5077K->5077K(1056768K)], 0.0053036 secs] [Times: user=0.00 sys=0.00, real=0.01 secs] 
Heap after GC invocations=815 (full 90):
 par new generation   total 6144K, used 0K [0x00000000fec00000, 0x00000000ff2a0000, 0x00000000ff2a0000)
  eden space 5504K,   0% used [0x00000000fec00000, 0x00000000fec00000, 0x00000000ff160000)
  from space 640K,   0% used [0x00000000ff200000, 0x00000000ff200000, 0x00000000ff2a0000)
  to   space 640K,   0% used [0x00000000ff160000, 0x00000000ff160000, 0x00000000ff200000)
 concurrent mark-sweep generation total 13696K, used 2220K [0x00000000ff2a0000, 0x0000000100000000, 0x0000000100000000)
 Metaspace       used 5077K, capacity 5258K, committed 5504K, reserved 1056768K
  class space    used 557K, capacity 597K, committed 640K, reserved 1048576K
}
{Heap before GC invocations=815 (full 90):
 par new generation   total 6144K, used 5229K [0x00000000fec00000, 0x00000000ff2a0000, 0x00000000ff2a0000)
  eden space 5504K,  95% used [0x00000000fec00000, 0x00000000ff11b780, 0x00000000ff160000)
  from space 640K,   0% used [0x00000000ff200000, 0x00000000ff200000, 0x00000000ff2a0000)
  to   space 640K,   0% used [0x00000000ff160000, 0x00000000ff160000, 0x00000000ff200000)
 concurrent mark-sweep generation total 13696K, used 2220K [0x00000000ff2a0000, 0x0000000100000000, 0x0000000100000000)
 Metaspace       used 5077K, capacity 5258K, committed 5504K, reserved 1056768K
  class space    used 557K, capacity 597K, committed 640K, reserved 1048576K
2024-07-16T17:58:59.345+0800: 6.489: [GC (Allocation Failure) 2024-07-16T17:58:59.345+0800: 6.489: [ParNew: 5229K->8K(6144K), 0.0004610 secs] 7450K->3254K(19840K), 0.0005002 secs] [Times: user=0.00 sys=0.00, real=0.00 secs] 
Heap after GC invocations=816 (full 90):
 par new generation   total 6144K, used 8K [0x00000000fec00000, 0x00000000ff2a0000, 0x00000000ff2a0000)
  eden space 5504K,   0% used [0x00000000fec00000, 0x00000000fec00000, 0x00000000ff160000)
  from space 640K,   1% used [0x00000000ff160000, 0x00000000ff162040, 0x00000000ff200000)
  to   space 640K,   0% used [0x00000000ff200000, 0x00000000ff200000, 0x00000000ff2a0000)
 concurrent mark-sweep generation total 13696K, used 3246K [0x00000000ff2a0000, 0x0000000100000000, 0x0000000100000000)
 Metaspace       used 5077K, capacity 5258K, committed 5504K, reserved 1056768K
  class space    used 557K, capacity 597K, committed 640K, reserved 1048576K
}
{Heap before GC invocations=816 (full 90):
 par new generation   total 6144K, used 5237K [0x00000000fec00000, 0x00000000ff2a0000, 0x00000000ff2a0000)
  eden space 5504K,  95% used [0x00000000fec00000, 0x00000000ff11b780, 0x00000000ff160000)
  from space 640K,   1% used [0x00000000ff160000, 0x00000000ff162040, 0x00000000ff200000)
  to   space 640K,   0% used [0x00000000ff200000, 0x00000000ff200000, 0x00000000ff2a0000)
 concurrent mark-sweep generation total 13696K, used 3246K [0x00000000ff2a0000, 0x0000000100000000, 0x0000000100000000)
 Metaspace       used 5077K, capacity 5258K, committed 5504K, reserved 1056768K
  class space    used 557K, capacity 597K, committed 640K, reserved 1048576K
2024-07-16T17:58:59.353+0800: 6.497: [GC (Allocation Failure) 2024-07-16T17:58:59.353+0800: 6.497: [ParNew: 5237K->8K(6144K), 0.0011298 secs] 8484K->4280K(19840K), 0.0011820 secs] [Times: user=0.00 sys=0.00, real=0.00 secs] 
Heap after GC invocations=817 (full 90):
 par new generation   total 6144K, used 8K [0x00000000fec00000, 0x00000000ff2a0000, 0x00000000ff2a0000)
  eden space 5504K,   0% used [0x00000000fec00000, 0x00000000fec00000, 0x00000000ff160000)
  from space 640K,   1% used [0x00000000ff200000, 0x00000000ff202040, 0x00000000ff2a0000)
  to   space 640K,   0% used [0x00000000ff160000, 0x00000000ff160000, 0x00000000ff200000)
 concurrent mark-sweep generation total 13696K, used 4272K [0x00000000ff2a0000, 0x0000000100000000, 0x0000000100000000)
 Metaspace       used 5077K, capacity 5258K, committed 5504K, reserved 1056768K
  class space    used 557K, capacity 597K, committed 640K, reserved 1048576K
}
{Heap before GC invocations=817 (full 90):
 par new generation   total 6144K, used 5237K [0x00000000fec00000, 0x00000000ff2a0000, 0x00000000ff2a0000)
  eden space 5504K,  95% used [0x00000000fec00000, 0x00000000ff11b780, 0x00000000ff160000)
  from space 640K,   1% used [0x00000000ff200000, 0x00000000ff202040, 0x00000000ff2a0000)
  to   space 640K,   0% used [0x00000000ff160000, 0x00000000ff160000, 0x00000000ff200000)
 concurrent mark-sweep generation total 13696K, used 4272K [0x00000000ff2a0000, 0x0000000100000000, 0x0000000100000000)
 Metaspace       used 5077K, capacity 5258K, committed 5504K, reserved 1056768K
  class space    used 557K, capacity 597K, committed 640K, reserved 1048576K
2024-07-16T17:58:59.361+0800: 6.505: [GC (Allocation Failure) 2024-07-16T17:58:59.361+0800: 6.505: [ParNew: 5237K->4K(6144K), 0.0008486 secs] 9510K->5302K(19840K), 0.0009773 secs] [Times: user=0.03 sys=0.00, real=0.00 secs] 
Heap after GC invocations=818 (full 90):
 par new generation   total 6144K, used 4K [0x00000000fec00000, 0x00000000ff2a0000, 0x00000000ff2a0000)
  eden space 5504K,   0% used [0x00000000fec00000, 0x00000000fec00000, 0x00000000ff160000)
  from space 640K,   0% used [0x00000000ff160000, 0x00000000ff161020, 0x00000000ff200000)
  to   space 640K,   0% used [0x00000000ff200000, 0x00000000ff200000, 0x00000000ff2a0000)
 concurrent mark-sweep generation total 13696K, used 5298K [0x00000000ff2a0000, 0x0000000100000000, 0x0000000100000000)
 Metaspace       used 5077K, capacity 5258K, committed 5504K, reserved 1056768K
  class space    used 557K, capacity 597K, committed 640K, reserved 1048576K
}
{Heap before GC invocations=818 (full 90):
 par new generation   total 6144K, used 5233K [0x00000000fec00000, 0x00000000ff2a0000, 0x00000000ff2a0000)
  eden space 5504K,  95% used [0x00000000fec00000, 0x00000000ff11b780, 0x00000000ff160000)
  from space 640K,   0% used [0x00000000ff160000, 0x00000000ff161020, 0x00000000ff200000)
  to   space 640K,   0% used [0x00000000ff200000, 0x00000000ff200000, 0x00000000ff2a0000)
 concurrent mark-sweep generation total 13696K, used 5298K [0x00000000ff2a0000, 0x0000000100000000, 0x0000000100000000)
 Metaspace       used 5077K, capacity 5258K, committed 5504K, reserved 1056768K
  class space    used 557K, capacity 597K, committed 640K, reserved 1048576K
2024-07-16T17:58:59.370+0800: 6.514: [GC (Allocation Failure) 2024-07-16T17:58:59.370+0800: 6.514: [ParNew: 5233K->4K(6144K), 0.0004153 secs] 10532K->5302K(19840K), 0.0004694 secs] [Times: user=0.00 sys=0.00, real=0.00 secs] 
Heap after GC invocations=819 (full 90):
 par new generation   total 6144K, used 4K [0x00000000fec00000, 0x00000000ff2a0000, 0x00000000ff2a0000)
  eden space 5504K,   0% used [0x00000000fec00000, 0x00000000fec00000, 0x00000000ff160000)
  from space 640K,   0% used [0x00000000ff200000, 0x00000000ff201020, 0x00000000ff2a0000)
  to   space 640K,   0% used [0x00000000ff160000, 0x00000000ff160000, 0x00000000ff200000)
 concurrent mark-sweep generation total 13696K, used 5298K [0x00000000ff2a0000, 0x0000000100000000, 0x0000000100000000)
 Metaspace       used 5077K, capacity 5258K, committed 5504K, reserved 1056768K
  class space    used 557K, capacity 597K, committed 640K, reserved 1048576K
}
{Heap before GC invocations=819 (full 90):
 par new generation   total 6144K, used 5233K [0x00000000fec00000, 0x00000000ff2a0000, 0x00000000ff2a0000)
  eden space 5504K,  95% used [0x00000000fec00000, 0x00000000ff11b780, 0x00000000ff160000)
  from space 640K,   0% used [0x00000000ff200000, 0x00000000ff201020, 0x00000000ff2a0000)
  to   space 640K,   0% used [0x00000000ff160000, 0x00000000ff160000, 0x00000000ff200000)
 concurrent mark-sweep generation total 13696K, used 5298K [0x00000000ff2a0000, 0x0000000100000000, 0x0000000100000000)
 Metaspace       used 5077K, capacity 5258K, committed 5504K, reserved 1056768K
  class space    used 557K, capacity 597K, committed 640K, reserved 1048576K
2024-07-16T17:58:59.378+0800: 6.522: [GC (Allocation Failure) 2024-07-16T17:58:59.378+0800: 6.522: [ParNew: 5233K->4K(6144K), 0.0007529 secs] 10532K->5302K(19840K), 0.0009026 secs] [Times: user=0.00 sys=0.00, real=0.00 secs] 
Heap after GC invocations=820 (full 90):
 par new generation   total 6144K, used 4K [0x00000000fec00000, 0x00000000ff2a0000, 0x00000000ff2a0000)
  eden space 5504K,   0% used [0x00000000fec00000, 0x00000000fec00000, 0x00000000ff160000)
  from space 640K,   0% used [0x00000000ff160000, 0x00000000ff161020, 0x00000000ff200000)
  to   space 640K,   0% used [0x00000000ff200000, 0x00000000ff200000, 0x00000000ff2a0000)
 concurrent mark-sweep generation total 13696K, used 5298K [0x00000000ff2a0000, 0x0000000100000000, 0x0000000100000000)
 Metaspace       used 5077K, capacity 5258K, committed 5504K, reserved 1056768K
  class space    used 557K, capacity 597K, committed 640K, reserved 1048576K
}
{Heap before GC invocations=820 (full 90):
 par new generation   total 6144K, used 5233K [0x00000000fec00000, 0x00000000ff2a0000, 0x00000000ff2a0000)
  eden space 5504K,  95% used [0x00000000fec00000, 0x00000000ff11b780, 0x00000000ff160000)
  from space 640K,   0% used [0x00000000ff160000, 0x00000000ff161020, 0x00000000ff200000)
  to   space 640K,   0% used [0x00000000ff200000, 0x00000000ff200000, 0x00000000ff2a0000)
 concurrent mark-sweep generation total 13696K, used 5298K [0x00000000ff2a0000, 0x0000000100000000, 0x0000000100000000)
 Metaspace       used 5077K, capacity 5258K, committed 5504K, reserved 1056768K
  class space    used 557K, capacity 597K, committed 640K, reserved 1048576K
2024-07-16T17:58:59.387+0800: 6.531: [GC (Allocation Failure) 2024-07-16T17:58:59.387+0800: 6.531: [ParNew: 5233K->4K(6144K), 0.0010966 secs] 10532K->5302K(19840K), 0.0011910 secs] [Times: user=0.00 sys=0.00, real=0.00 secs] 
Heap after GC invocations=821 (full 90):
 par new generation   total 6144K, used 4K [0x00000000fec00000, 0x00000000ff2a0000, 0x00000000ff2a0000)
  eden space 5504K,   0% used [0x00000000fec00000, 0x00000000fec00000, 0x00000000ff160000)
  from space 640K,   0% used [0x00000000ff200000, 0x00000000ff201020, 0x00000000ff2a0000)
  to   space 640K,   0% used [0x00000000ff160000, 0x00000000ff160000, 0x00000000ff200000)
 concurrent mark-sweep generation total 13696K, used 5298K [0x00000000ff2a0000, 0x0000000100000000, 0x0000000100000000)
 Metaspace       used 5077K, capacity 5258K, committed 5504K, reserved 1056768K
  class space    used 557K, capacity 597K, committed 640K, reserved 1048576K
}
{Heap before GC invocations=821 (full 90):
 par new generation   total 6144K, used 5233K [0x00000000fec00000, 0x00000000ff2a0000, 0x00000000ff2a0000)
  eden space 5504K,  95% used [0x00000000fec00000, 0x00000000ff11b780, 0x00000000ff160000)
  from space 640K,   0% used [0x00000000ff200000, 0x00000000ff201020, 0x00000000ff2a0000)
  to   space 640K,   0% used [0x00000000ff160000, 0x00000000ff160000, 0x00000000ff200000)
 concurrent mark-sweep generation total 13696K, used 5298K [0x00000000ff2a0000, 0x0000000100000000, 0x0000000100000000)
 Metaspace       used 5077K, capacity 5258K, committed 5504K, reserved 1056768K
  class space    used 557K, capacity 597K, committed 640K, reserved 1048576K
2024-07-16T17:58:59.397+0800: 6.541: [GC (Allocation Failure) 2024-07-16T17:58:59.397+0800: 6.541: [ParNew: 5233K->6K(6144K), 0.0004626 secs] 10532K->6330K(19840K), 0.0005258 secs] [Times: user=0.00 sys=0.00, real=0.00 secs] 
Heap after GC invocations=822 (full 90):
 par new generation   total 6144K, used 6K [0x00000000fec00000, 0x00000000ff2a0000, 0x00000000ff2a0000)
  eden space 5504K,   0% used [0x00000000fec00000, 0x00000000fec00000, 0x00000000ff160000)
  from space 640K,   0% used [0x00000000ff160000, 0x00000000ff161830, 0x00000000ff200000)
  to   space 640K,   0% used [0x00000000ff200000, 0x00000000ff200000, 0x00000000ff2a0000)
 concurrent mark-sweep generation total 13696K, used 6324K [0x00000000ff2a0000, 0x0000000100000000, 0x0000000100000000)
 Metaspace       used 5077K, capacity 5258K, committed 5504K, reserved 1056768K
  class space    used 557K, capacity 597K, committed 640K, reserved 1048576K
}
{Heap before GC invocations=822 (full 90):
 par new generation   total 6144K, used 5235K [0x00000000fec00000, 0x00000000ff2a0000, 0x00000000ff2a0000)
  eden space 5504K,  95% used [0x00000000fec00000, 0x00000000ff11b780, 0x00000000ff160000)
  from space 640K,   0% used [0x00000000ff160000, 0x00000000ff161830, 0x00000000ff200000)
  to   space 640K,   0% used [0x00000000ff200000, 0x00000000ff200000, 0x00000000ff2a0000)
 concurrent mark-sweep generation total 13696K, used 6324K [0x00000000ff2a0000, 0x0000000100000000, 0x0000000100000000)
 Metaspace       used 5077K, capacity 5258K, committed 5504K, reserved 1056768K
  class space    used 557K, capacity 597K, committed 640K, reserved 1048576K
2024-07-16T17:58:59.404+0800: 6.548: [GC (Allocation Failure) 2024-07-16T17:58:59.404+0800: 6.548: [ParNew: 5235K->4K(6144K), 0.0004530 secs] 11560K->6328K(19840K), 0.0005549 secs] [Times: user=0.00 sys=0.00, real=0.00 secs] 
Heap after GC invocations=823 (full 90):
 par new generation   total 6144K, used 4K [0x00000000fec00000, 0x00000000ff2a0000, 0x00000000ff2a0000)
  eden space 5504K,   0% used [0x00000000fec00000, 0x00000000fec00000, 0x00000000ff160000)
  from space 640K,   0% used [0x00000000ff200000, 0x00000000ff201020, 0x00000000ff2a0000)
  to   space 640K,   0% used [0x00000000ff160000, 0x00000000ff160000, 0x00000000ff200000)
 concurrent mark-sweep generation total 13696K, used 6324K [0x00000000ff2a0000, 0x0000000100000000, 0x0000000100000000)
 Metaspace       used 5077K, capacity 5258K, committed 5504K, reserved 1056768K
  class space    used 557K, capacity 597K, committed 640K, reserved 1048576K
}
{Heap before GC invocations=823 (full 90):
 par new generation   total 6144K, used 5233K [0x00000000fec00000, 0x00000000ff2a0000, 0x00000000ff2a0000)
  eden space 5504K,  95% used [0x00000000fec00000, 0x00000000ff11b780, 0x00000000ff160000)
  from space 640K,   0% used [0x00000000ff200000, 0x00000000ff201020, 0x00000000ff2a0000)
  to   space 640K,   0% used [0x00000000ff160000, 0x00000000ff160000, 0x00000000ff200000)
 concurrent mark-sweep generation total 13696K, used 6324K [0x00000000ff2a0000, 0x0000000100000000, 0x0000000100000000)
 Metaspace       used 5077K, capacity 5258K, committed 5504K, reserved 1056768K
  class space    used 557K, capacity 597K, committed 640K, reserved 1048576K
2024-07-16T17:58:59.410+0800: 6.554: [GC (Allocation Failure) 2024-07-16T17:58:59.410+0800: 6.554: [ParNew: 5233K->6K(6144K), 0.0009466 secs] 11558K->7356K(19840K), 0.0010428 secs] [Times: user=0.00 sys=0.00, real=0.00 secs] 
Heap after GC invocations=824 (full 90):
 par new generation   total 6144K, used 6K [0x00000000fec00000, 0x00000000ff2a0000, 0x00000000ff2a0000)
  eden space 5504K,   0% used [0x00000000fec00000, 0x00000000fec00000, 0x00000000ff160000)
  from space 640K,   0% used [0x00000000ff160000, 0x00000000ff161830, 0x00000000ff200000)
  to   space 640K,   0% used [0x00000000ff200000, 0x00000000ff200000, 0x00000000ff2a0000)
 concurrent mark-sweep generation total 13696K, used 7350K [0x00000000ff2a0000, 0x0000000100000000, 0x0000000100000000)
 Metaspace       used 5077K, capacity 5258K, committed 5504K, reserved 1056768K
  class space    used 557K, capacity 597K, committed 640K, reserved 1048576K
}
{Heap before GC invocations=824 (full 90):
 par new generation   total 6144K, used 5235K [0x00000000fec00000, 0x00000000ff2a0000, 0x00000000ff2a0000)
  eden space 5504K,  95% used [0x00000000fec00000, 0x00000000ff11b780, 0x00000000ff160000)
  from space 640K,   0% used [0x00000000ff160000, 0x00000000ff161830, 0x00000000ff200000)
  to   space 640K,   0% used [0x00000000ff200000, 0x00000000ff200000, 0x00000000ff2a0000)
 concurrent mark-sweep generation total 13696K, used 7350K [0x00000000ff2a0000, 0x0000000100000000, 0x0000000100000000)
 Metaspace       used 5077K, capacity 5258K, committed 5504K, reserved 1056768K
  class space    used 557K, capacity 597K, committed 640K, reserved 1048576K
2024-07-16T17:58:59.420+0800: 6.564: [GC (Allocation Failure) 2024-07-16T17:58:59.420+0800: 6.564: [ParNew: 5235K->4K(6144K), 0.0002947 secs] 12586K->7354K(19840K), 0.0003748 secs] [Times: user=0.00 sys=0.00, real=0.00 secs] 
Heap after GC invocations=825 (full 90):
 par new generation   total 6144K, used 4K [0x00000000fec00000, 0x00000000ff2a0000, 0x00000000ff2a0000)
  eden space 5504K,   0% used [0x00000000fec00000, 0x00000000fec00000, 0x00000000ff160000)
  from space 640K,   0% used [0x00000000ff200000, 0x00000000ff201020, 0x00000000ff2a0000)
  to   space 640K,   0% used [0x00000000ff160000, 0x00000000ff160000, 0x00000000ff200000)
 concurrent mark-sweep generation total 13696K, used 7350K [0x00000000ff2a0000, 0x0000000100000000, 0x0000000100000000)
 Metaspace       used 5077K, capacity 5258K, committed 5504K, reserved 1056768K
  class space    used 557K, capacity 597K, committed 640K, reserved 1048576K
}
{Heap before GC invocations=825 (full 90):
 par new generation   total 6144K, used 5233K [0x00000000fec00000, 0x00000000ff2a0000, 0x00000000ff2a0000)
  eden space 5504K,  95% used [0x00000000fec00000, 0x00000000ff11b780, 0x00000000ff160000)
  from space 640K,   0% used [0x00000000ff200000, 0x00000000ff201020, 0x00000000ff2a0000)
  to   space 640K,   0% used [0x00000000ff160000, 0x00000000ff160000, 0x00000000ff200000)
 concurrent mark-sweep generation total 13696K, used 7350K [0x00000000ff2a0000, 0x0000000100000000, 0x0000000100000000)
 Metaspace       used 5077K, capacity 5258K, committed 5504K, reserved 1056768K
  class space    used 557K, capacity 597K, committed 640K, reserved 1048576K
2024-07-16T17:58:59.428+0800: 6.572: [GC (Allocation Failure) 2024-07-16T17:58:59.428+0800: 6.572: [ParNew: 5233K->6K(6144K), 0.0003797 secs] 12584K->8380K(19840K), 0.0004183 secs] [Times: user=0.00 sys=0.00, real=0.00 secs] 
Heap after GC invocations=826 (full 90):
 par new generation   total 6144K, used 6K [0x00000000fec00000, 0x00000000ff2a0000, 0x00000000ff2a0000)
  eden space 5504K,   0% used [0x00000000fec00000, 0x00000000fec00000, 0x00000000ff160000)
  from space 640K,   0% used [0x00000000ff160000, 0x00000000ff161830, 0x00000000ff200000)
  to   space 640K,   0% used [0x00000000ff200000, 0x00000000ff200000, 0x00000000ff2a0000)
 concurrent mark-sweep generation total 13696K, used 8374K [0x00000000ff2a0000, 0x0000000100000000, 0x0000000100000000)
 Metaspace       used 5077K, capacity 5258K, committed 5504K, reserved 1056768K
  class space    used 557K, capacity 597K, committed 640K, reserved 1048576K
}
2024-07-16T17:58:59.428+0800: 6.573: [GC (CMS Initial Mark) [1 CMS-initial-mark: 8374K(13696K)] 9404K(19840K), 0.0001034 secs] [Times: user=0.00 sys=0.00, real=0.00 secs] 
2024-07-16T17:58:59.428+0800: 6.573: [CMS-concurrent-mark-start]
2024-07-16T17:58:59.430+0800: 6.574: [CMS-concurrent-mark: 0.001/0.001 secs] [Times: user=0.00 sys=0.00, real=0.00 secs] 
2024-07-16T17:58:59.430+0800: 6.574: [CMS-concurrent-preclean-start]
2024-07-16T17:58:59.430+0800: 6.574: [CMS-concurrent-preclean: 0.000/0.000 secs] [Times: user=0.00 sys=0.00, real=0.00 secs] 
2024-07-16T17:58:59.430+0800: 6.574: [CMS-concurrent-abortable-preclean-start]
{Heap before GC invocations=826 (full 91):
 par new generation   total 6144K, used 5235K [0x00000000fec00000, 0x00000000ff2a0000, 0x00000000ff2a0000)
  eden space 5504K,  95% used [0x00000000fec00000, 0x00000000ff11b780, 0x00000000ff160000)
  from space 640K,   0% used [0x00000000ff160000, 0x00000000ff161830, 0x00000000ff200000)
  to   space 640K,   0% used [0x00000000ff200000, 0x00000000ff200000, 0x00000000ff2a0000)
 concurrent mark-sweep generation total 13696K, used 8374K [0x00000000ff2a0000, 0x0000000100000000, 0x0000000100000000)
 Metaspace       used 5077K, capacity 5258K, committed 5504K, reserved 1056768K
  class space    used 557K, capacity 597K, committed 640K, reserved 1048576K
2024-07-16T17:58:59.436+0800: 6.580: [GC (Allocation Failure) 2024-07-16T17:58:59.436+0800: 6.580: [ParNew: 5235K->4K(6144K), 0.0002782 secs] 13610K->8378K(19840K), 0.0003643 secs] [Times: user=0.00 sys=0.00, real=0.00 secs] 
Heap after GC invocations=827 (full 91):
 par new generation   total 6144K, used 4K [0x00000000fec00000, 0x00000000ff2a0000, 0x00000000ff2a0000)
  eden space 5504K,   0% used [0x00000000fec00000, 0x00000000fec00000, 0x00000000ff160000)
  from space 640K,   0% used [0x00000000ff200000, 0x00000000ff201020, 0x00000000ff2a0000)
  to   space 640K,   0% used [0x00000000ff160000, 0x00000000ff160000, 0x00000000ff200000)
 concurrent mark-sweep generation total 13696K, used 8374K [0x00000000ff2a0000, 0x0000000100000000, 0x0000000100000000)
 Metaspace       used 5077K, capacity 5258K, committed 5504K, reserved 1056768K
  class space    used 557K, capacity 597K, committed 640K, reserved 1048576K
}
{Heap before GC invocations=827 (full 91):
 par new generation   total 6144K, used 5233K [0x00000000fec00000, 0x00000000ff2a0000, 0x00000000ff2a0000)
  eden space 5504K,  95% used [0x00000000fec00000, 0x00000000ff11b780, 0x00000000ff160000)
  from space 640K,   0% used [0x00000000ff200000, 0x00000000ff201020, 0x00000000ff2a0000)
  to   space 640K,   0% used [0x00000000ff160000, 0x00000000ff160000, 0x00000000ff200000)
 concurrent mark-sweep generation total 13696K, used 8374K [0x00000000ff2a0000, 0x0000000100000000, 0x0000000100000000)
 Metaspace       used 5077K, capacity 5258K, committed 5504K, reserved 1056768K
  class space    used 557K, capacity 597K, committed 640K, reserved 1048576K
2024-07-16T17:58:59.443+0800: 6.587: [GC (Allocation Failure) 2024-07-16T17:58:59.443+0800: 6.587: [ParNew: 5233K->4K(6144K), 0.0002754 secs] 13608K->8378K(19840K), 0.0003192 secs] [Times: user=0.00 sys=0.00, real=0.00 secs] 
Heap after GC invocations=828 (full 91):
 par new generation   total 6144K, used 4K [0x00000000fec00000, 0x00000000ff2a0000, 0x00000000ff2a0000)
  eden space 5504K,   0% used [0x00000000fec00000, 0x00000000fec00000, 0x00000000ff160000)
  from space 640K,   0% used [0x00000000ff160000, 0x00000000ff161020, 0x00000000ff200000)
  to   space 640K,   0% used [0x00000000ff200000, 0x00000000ff200000, 0x00000000ff2a0000)
 concurrent mark-sweep generation total 13696K, used 8374K [0x00000000ff2a0000, 0x0000000100000000, 0x0000000100000000)
 Metaspace       used 5077K, capacity 5258K, committed 5504K, reserved 1056768K
  class space    used 557K, capacity 597K, committed 640K, reserved 1048576K
}
{Heap before GC invocations=828 (full 91):
 par new generation   total 6144K, used 5233K [0x00000000fec00000, 0x00000000ff2a0000, 0x00000000ff2a0000)
  eden space 5504K,  95% used [0x00000000fec00000, 0x00000000ff11b780, 0x00000000ff160000)
  from space 640K,   0% used [0x00000000ff160000, 0x00000000ff161020, 0x00000000ff200000)
  to   space 640K,   0% used [0x00000000ff200000, 0x00000000ff200000, 0x00000000ff2a0000)
 concurrent mark-sweep generation total 13696K, used 8374K [0x00000000ff2a0000, 0x0000000100000000, 0x0000000100000000)
 Metaspace       used 5077K, capacity 5258K, committed 5504K, reserved 1056768K
  class space    used 557K, capacity 597K, committed 640K, reserved 1048576K
2024-07-16T17:58:59.450+0800: 6.594: [GC (Allocation Failure) 2024-07-16T17:58:59.450+0800: 6.594: [ParNew: 5233K->8K(6144K), 0.0003664 secs] 13608K->9409K(19840K), 0.0004083 secs] [Times: user=0.00 sys=0.00, real=0.00 secs] 
Heap after GC invocations=829 (full 91):
 par new generation   total 6144K, used 8K [0x00000000fec00000, 0x00000000ff2a0000, 0x00000000ff2a0000)
  eden space 5504K,   0% used [0x00000000fec00000, 0x00000000fec00000, 0x00000000ff160000)
  from space 640K,   1% used [0x00000000ff200000, 0x00000000ff202040, 0x00000000ff2a0000)
  to   space 640K,   0% used [0x00000000ff160000, 0x00000000ff160000, 0x00000000ff200000)
 concurrent mark-sweep generation total 13696K, used 9400K [0x00000000ff2a0000, 0x0000000100000000, 0x0000000100000000)
 Metaspace       used 5077K, capacity 5258K, committed 5504K, reserved 1056768K
  class space    used 557K, capacity 597K, committed 640K, reserved 1048576K
}
{Heap before GC invocations=829 (full 91):
 par new generation   total 6144K, used 5237K [0x00000000fec00000, 0x00000000ff2a0000, 0x00000000ff2a0000)
  eden space 5504K,  95% used [0x00000000fec00000, 0x00000000ff11b780, 0x00000000ff160000)
  from space 640K,   1% used [0x00000000ff200000, 0x00000000ff202040, 0x00000000ff2a0000)
  to   space 640K,   0% used [0x00000000ff160000, 0x00000000ff160000, 0x00000000ff200000)
 concurrent mark-sweep generation total 13696K, used 9400K [0x00000000ff2a0000, 0x0000000100000000, 0x0000000100000000)
 Metaspace       used 5077K, capacity 5258K, committed 5504K, reserved 1056768K
  class space    used 557K, capacity 597K, committed 640K, reserved 1048576K
2024-07-16T17:58:59.457+0800: 6.601: [GC (Allocation Failure) 2024-07-16T17:58:59.457+0800: 6.601: [ParNew: 5237K->8K(6144K), 0.0003568 secs] 14638K->10433K(19840K), 0.0003979 secs] [Times: user=0.00 sys=0.00, real=0.00 secs] 
Heap after GC invocations=830 (full 91):
 par new generation   total 6144K, used 8K [0x00000000fec00000, 0x00000000ff2a0000, 0x00000000ff2a0000)
  eden space 5504K,   0% used [0x00000000fec00000, 0x00000000fec00000, 0x00000000ff160000)
  from space 640K,   1% used [0x00000000ff160000, 0x00000000ff162040, 0x00000000ff200000)
  to   space 640K,   0% used [0x00000000ff200000, 0x00000000ff200000, 0x00000000ff2a0000)
 concurrent mark-sweep generation total 13696K, used 10425K [0x00000000ff2a0000, 0x0000000100000000, 0x0000000100000000)
 Metaspace       used 5077K, capacity 5258K, committed 5504K, reserved 1056768K
  class space    used 557K, capacity 597K, committed 640K, reserved 1048576K
}
{Heap before GC invocations=830 (full 91):
 par new generation   total 6144K, used 5237K [0x00000000fec00000, 0x00000000ff2a0000, 0x00000000ff2a0000)
  eden space 5504K,  95% used [0x00000000fec00000, 0x00000000ff11b780, 0x00000000ff160000)
  from space 640K,   1% used [0x00000000ff160000, 0x00000000ff162040, 0x00000000ff200000)
  to   space 640K,   0% used [0x00000000ff200000, 0x00000000ff200000, 0x00000000ff2a0000)
 concurrent mark-sweep generation total 13696K, used 10425K [0x00000000ff2a0000, 0x0000000100000000, 0x0000000100000000)
 Metaspace       used 5077K, capacity 5258K, committed 5504K, reserved 1056768K
  class space    used 557K, capacity 597K, committed 640K, reserved 1048576K
2024-07-16T17:58:59.466+0800: 6.610: [GC (Allocation Failure) 2024-07-16T17:58:59.466+0800: 6.610: [ParNew: 5237K->8K(6144K), 0.0005028 secs] 15662K->11457K(19840K), 0.0005865 secs] [Times: user=0.00 sys=0.00, real=0.00 secs] 
Heap after GC invocations=831 (full 91):
 par new generation   total 6144K, used 8K [0x00000000fec00000, 0x00000000ff2a0000, 0x00000000ff2a0000)
  eden space 5504K,   0% used [0x00000000fec00000, 0x00000000fec00000, 0x00000000ff160000)
  from space 640K,   1% used [0x00000000ff200000, 0x00000000ff202040, 0x00000000ff2a0000)
  to   space 640K,   0% used [0x00000000ff160000, 0x00000000ff160000, 0x00000000ff200000)
 concurrent mark-sweep generation total 13696K, used 11449K [0x00000000ff2a0000, 0x0000000100000000, 0x0000000100000000)
 Metaspace       used 5077K, capacity 5258K, committed 5504K, reserved 1056768K
  class space    used 557K, capacity 597K, committed 640K, reserved 1048576K
}
{Heap before GC invocations=831 (full 91):
 par new generation   total 6144K, used 5237K [0x00000000fec00000, 0x00000000ff2a0000, 0x00000000ff2a0000)
  eden space 5504K,  95% used [0x00000000fec00000, 0x00000000ff11b780, 0x00000000ff160000)
  from space 640K,   1% used [0x00000000ff200000, 0x00000000ff202040, 0x00000000ff2a0000)
  to   space 640K,   0% used [0x00000000ff160000, 0x00000000ff160000, 0x00000000ff200000)
 concurrent mark-sweep generation total 13696K, used 11449K [0x00000000ff2a0000, 0x0000000100000000, 0x0000000100000000)
 Metaspace       used 5077K, capacity 5258K, committed 5504K, reserved 1056768K
  class space    used 557K, capacity 597K, committed 640K, reserved 1048576K
2024-07-16T17:58:59.475+0800: 6.619: [GC (Allocation Failure) 2024-07-16T17:58:59.475+0800: 6.619: [ParNew: 5237K->8K(6144K), 0.0003906 secs] 16686K->12481K(19840K), 0.0004446 secs] [Times: user=0.00 sys=0.00, real=0.00 secs] 
Heap after GC invocations=832 (full 91):
 par new generation   total 6144K, used 8K [0x00000000fec00000, 0x00000000ff2a0000, 0x00000000ff2a0000)
  eden space 5504K,   0% used [0x00000000fec00000, 0x00000000fec00000, 0x00000000ff160000)
  from space 640K,   1% used [0x00000000ff160000, 0x00000000ff162040, 0x00000000ff200000)
  to   space 640K,   0% used [0x00000000ff200000, 0x00000000ff200000, 0x00000000ff2a0000)
 concurrent mark-sweep generation total 13696K, used 12473K [0x00000000ff2a0000, 0x0000000100000000, 0x0000000100000000)
 Metaspace       used 5077K, capacity 5258K, committed 5504K, reserved 1056768K
  class space    used 557K, capacity 597K, committed 640K, reserved 1048576K
}
{Heap before GC invocations=832 (full 91):
 par new generation   total 6144K, used 5237K [0x00000000fec00000, 0x00000000ff2a0000, 0x00000000ff2a0000)
  eden space 5504K,  95% used [0x00000000fec00000, 0x00000000ff11b780, 0x00000000ff160000)
  from space 640K,   1% used [0x00000000ff160000, 0x00000000ff162040, 0x00000000ff200000)
  to   space 640K,   0% used [0x00000000ff200000, 0x00000000ff200000, 0x00000000ff2a0000)
 concurrent mark-sweep generation total 13696K, used 12473K [0x00000000ff2a0000, 0x0000000100000000, 0x0000000100000000)
 Metaspace       used 5077K, capacity 5258K, committed 5504K, reserved 1056768K
  class space    used 557K, capacity 597K, committed 640K, reserved 1048576K
2024-07-16T17:58:59.482+0800: 6.626: [GC (Allocation Failure) 2024-07-16T17:58:59.482+0800: 6.626: [ParNew: 5237K->5237K(6144K), 0.0000118 secs]2024-07-16T17:58:59.482+0800: 6.626: [CMS2024-07-16T17:58:59.482+0800: 6.626: [CMS-concurrent-abortable-preclean: 0.001/0.052 secs] [Times: user=0.00 sys=0.00, real=0.05 secs] 
 (concurrent mode failure): 12473K->2220K(13696K), 0.0023219 secs] 17710K->2220K(19840K), [Metaspace: 5077K->5077K(1056768K)], 0.0023856 secs] [Times: user=0.00 sys=0.00, real=0.00 secs] 
Heap after GC invocations=833 (full 92):
 par new generation   total 6144K, used 0K [0x00000000fec00000, 0x00000000ff2a0000, 0x00000000ff2a0000)
  eden space 5504K,   0% used [0x00000000fec00000, 0x00000000fec00000, 0x00000000ff160000)
  from space 640K,   0% used [0x00000000ff160000, 0x00000000ff160000, 0x00000000ff200000)
  to   space 640K,   0% used [0x00000000ff200000, 0x00000000ff200000, 0x00000000ff2a0000)
 concurrent mark-sweep generation total 13696K, used 2220K [0x00000000ff2a0000, 0x0000000100000000, 0x0000000100000000)
 Metaspace       used 5077K, capacity 5258K, committed 5504K, reserved 1056768K
  class space    used 557K, capacity 597K, committed 640K, reserved 1048576K
}
{Heap before GC invocations=833 (full 92):
 par new generation   total 6144K, used 5229K [0x00000000fec00000, 0x00000000ff2a0000, 0x00000000ff2a0000)
  eden space 5504K,  95% used [0x00000000fec00000, 0x00000000ff11b780, 0x00000000ff160000)
  from space 640K,   0% used [0x00000000ff160000, 0x00000000ff160000, 0x00000000ff200000)
  to   space 640K,   0% used [0x00000000ff200000, 0x00000000ff200000, 0x00000000ff2a0000)
 concurrent mark-sweep generation total 13696K, used 2220K [0x00000000ff2a0000, 0x0000000100000000, 0x0000000100000000)
 Metaspace       used 5077K, capacity 5258K, committed 5504K, reserved 1056768K
  class space    used 557K, capacity 597K, committed 640K, reserved 1048576K
2024-07-16T17:58:59.492+0800: 6.636: [GC (Allocation Failure) 2024-07-16T17:58:59.492+0800: 6.636: [ParNew: 5229K->4K(6144K), 0.0003792 secs] 7450K->3250K(19840K), 0.0004111 secs] [Times: user=0.00 sys=0.00, real=0.00 secs] 
Heap after GC invocations=834 (full 92):
 par new generation   total 6144K, used 4K [0x00000000fec00000, 0x00000000ff2a0000, 0x00000000ff2a0000)
  eden space 5504K,   0% used [0x00000000fec00000, 0x00000000fec00000, 0x00000000ff160000)
  from space 640K,   0% used [0x00000000ff200000, 0x00000000ff201020, 0x00000000ff2a0000)
  to   space 640K,   0% used [0x00000000ff160000, 0x00000000ff160000, 0x00000000ff200000)
 concurrent mark-sweep generation total 13696K, used 3246K [0x00000000ff2a0000, 0x0000000100000000, 0x0000000100000000)
 Metaspace       used 5077K, capacity 5258K, committed 5504K, reserved 1056768K
  class space    used 557K, capacity 597K, committed 640K, reserved 1048576K
}
{Heap before GC invocations=834 (full 92):
 par new generation   total 6144K, used 5258K [0x00000000fec00000, 0x00000000ff2a0000, 0x00000000ff2a0000)
  eden space 5504K,  95% used [0x00000000fec00000, 0x00000000ff121928, 0x00000000ff160000)
  from space 640K,   0% used [0x00000000ff200000, 0x00000000ff201020, 0x00000000ff2a0000)
  to   space 640K,   0% used [0x00000000ff160000, 0x00000000ff160000, 0x00000000ff200000)
 concurrent mark-sweep generation total 13696K, used 3246K [0x00000000ff2a0000, 0x0000000100000000, 0x0000000100000000)
 Metaspace       used 5077K, capacity 5258K, committed 5504K, reserved 1056768K
  class space    used 557K, capacity 597K, committed 640K, reserved 1048576K
2024-07-16T17:58:59.498+0800: 6.642: [GC (Allocation Failure) 2024-07-16T17:58:59.498+0800: 6.642: [ParNew: 5258K->28K(6144K), 0.0004401 secs] 8504K->3275K(19840K), 0.0004877 secs] [Times: user=0.00 sys=0.00, real=0.00 secs] 
Heap after GC invocations=835 (full 92):
 par new generation   total 6144K, used 28K [0x00000000fec00000, 0x00000000ff2a0000, 0x00000000ff2a0000)
  eden space 5504K,   0% used [0x00000000fec00000, 0x00000000fec00000, 0x00000000ff160000)
  from space 640K,   4% used [0x00000000ff160000, 0x00000000ff1671c8, 0x00000000ff200000)
  to   space 640K,   0% used [0x00000000ff200000, 0x00000000ff200000, 0x00000000ff2a0000)
 concurrent mark-sweep generation total 13696K, used 3246K [0x00000000ff2a0000, 0x0000000100000000, 0x0000000100000000)
 Metaspace       used 5077K, capacity 5258K, committed 5504K, reserved 1056768K
  class space    used 557K, capacity 597K, committed 640K, reserved 1048576K
}
{Heap before GC invocations=835 (full 92):
 par new generation   total 6144K, used 5258K [0x00000000fec00000, 0x00000000ff2a0000, 0x00000000ff2a0000)
  eden space 5504K,  95% used [0x00000000fec00000, 0x00000000ff11b6c8, 0x00000000ff160000)
  from space 640K,   4% used [0x00000000ff160000, 0x00000000ff1671c8, 0x00000000ff200000)
  to   space 640K,   0% used [0x00000000ff200000, 0x00000000ff200000, 0x00000000ff2a0000)
 concurrent mark-sweep generation total 13696K, used 3246K [0x00000000ff2a0000, 0x0000000100000000, 0x0000000100000000)
 Metaspace       used 5077K, capacity 5258K, committed 5504K, reserved 1056768K
  class space    used 557K, capacity 597K, committed 640K, reserved 1048576K
2024-07-16T17:58:59.506+0800: 6.650: [GC (Allocation Failure) 2024-07-16T17:58:59.506+0800: 6.650: [ParNew: 5258K->28K(6144K), 0.0003584 secs] 8504K->3275K(19840K), 0.0004041 secs] [Times: user=0.00 sys=0.00, real=0.00 secs] 
Heap after GC invocations=836 (full 92):
 par new generation   total 6144K, used 28K [0x00000000fec00000, 0x00000000ff2a0000, 0x00000000ff2a0000)
  eden space 5504K,   0% used [0x00000000fec00000, 0x00000000fec00000, 0x00000000ff160000)
  from space 640K,   4% used [0x00000000ff200000, 0x00000000ff2071c8, 0x00000000ff2a0000)
  to   space 640K,   0% used [0x00000000ff160000, 0x00000000ff160000, 0x00000000ff200000)
 concurrent mark-sweep generation total 13696K, used 3246K [0x00000000ff2a0000, 0x0000000100000000, 0x0000000100000000)
 Metaspace       used 5077K, capacity 5258K, committed 5504K, reserved 1056768K
  class space    used 557K, capacity 597K, committed 640K, reserved 1048576K
}
{Heap before GC invocations=836 (full 92):
 par new generation   total 6144K, used 5258K [0x00000000fec00000, 0x00000000ff2a0000, 0x00000000ff2a0000)
  eden space 5504K,  95% used [0x00000000fec00000, 0x00000000ff11b7c0, 0x00000000ff160000)
  from space 640K,   4% used [0x00000000ff200000, 0x00000000ff2071c8, 0x00000000ff2a0000)
  to   space 640K,   0% used [0x00000000ff160000, 0x00000000ff160000, 0x00000000ff200000)
 concurrent mark-sweep generation total 13696K, used 3246K [0x00000000ff2a0000, 0x0000000100000000, 0x0000000100000000)
 Metaspace       used 5077K, capacity 5258K, committed 5504K, reserved 1056768K
  class space    used 557K, capacity 597K, committed 640K, reserved 1048576K
2024-07-16T17:58:59.513+0800: 6.657: [GC (Allocation Failure) 2024-07-16T17:58:59.513+0800: 6.657: [ParNew: 5258K->32K(6144K), 0.0004278 secs] 8505K->4305K(19840K), 0.0004924 secs] [Times: user=0.00 sys=0.00, real=0.00 secs] 
Heap after GC invocations=837 (full 92):
 par new generation   total 6144K, used 32K [0x00000000fec00000, 0x00000000ff2a0000, 0x00000000ff2a0000)
  eden space 5504K,   0% used [0x00000000fec00000, 0x00000000fec00000, 0x00000000ff160000)
  from space 640K,   5% used [0x00000000ff160000, 0x00000000ff1681e8, 0x00000000ff200000)
  to   space 640K,   0% used [0x00000000ff200000, 0x00000000ff200000, 0x00000000ff2a0000)
 concurrent mark-sweep generation total 13696K, used 4272K [0x00000000ff2a0000, 0x0000000100000000, 0x0000000100000000)
 Metaspace       used 5077K, capacity 5258K, committed 5504K, reserved 1056768K
  class space    used 557K, capacity 597K, committed 640K, reserved 1048576K
}
{Heap before GC invocations=837 (full 92):
 par new generation   total 6144K, used 5262K [0x00000000fec00000, 0x00000000ff2a0000, 0x00000000ff2a0000)
  eden space 5504K,  95% used [0x00000000fec00000, 0x00000000ff11b7a8, 0x00000000ff160000)
  from space 640K,   5% used [0x00000000ff160000, 0x00000000ff1681e8, 0x00000000ff200000)
  to   space 640K,   0% used [0x00000000ff200000, 0x00000000ff200000, 0x00000000ff2a0000)
 concurrent mark-sweep generation total 13696K, used 4272K [0x00000000ff2a0000, 0x0000000100000000, 0x0000000100000000)
 Metaspace       used 5077K, capacity 5258K, committed 5504K, reserved 1056768K
  class space    used 557K, capacity 597K, committed 640K, reserved 1048576K
2024-07-16T17:58:59.520+0800: 6.664: [GC (Allocation Failure) 2024-07-16T17:58:59.520+0800: 6.664: [ParNew: 5262K->32K(6144K), 0.0005160 secs] 9535K->5329K(19840K), 0.0005564 secs] [Times: user=0.00 sys=0.00, real=0.00 secs] 
Heap after GC invocations=838 (full 92):
 par new generation   total 6144K, used 32K [0x00000000fec00000, 0x00000000ff2a0000, 0x00000000ff2a0000)
  eden space 5504K,   0% used [0x00000000fec00000, 0x00000000fec00000, 0x00000000ff160000)
  from space 640K,   5% used [0x00000000ff200000, 0x00000000ff2081e8, 0x00000000ff2a0000)
  to   space 640K,   0% used [0x00000000ff160000, 0x00000000ff160000, 0x00000000ff200000)
 concurrent mark-sweep generation total 13696K, used 5296K [0x00000000ff2a0000, 0x0000000100000000, 0x0000000100000000)
 Metaspace       used 5077K, capacity 5258K, committed 5504K, reserved 1056768K
  class space    used 557K, capacity 597K, committed 640K, reserved 1048576K
}
{Heap before GC invocations=838 (full 92):
 par new generation   total 6144K, used 5262K [0x00000000fec00000, 0x00000000ff2a0000, 0x00000000ff2a0000)
  eden space 5504K,  95% used [0x00000000fec00000, 0x00000000ff11b798, 0x00000000ff160000)
  from space 640K,   5% used [0x00000000ff200000, 0x00000000ff2081e8, 0x00000000ff2a0000)
  to   space 640K,   0% used [0x00000000ff160000, 0x00000000ff160000, 0x00000000ff200000)
 concurrent mark-sweep generation total 13696K, used 5296K [0x00000000ff2a0000, 0x0000000100000000, 0x0000000100000000)
 Metaspace       used 5077K, capacity 5258K, committed 5504K, reserved 1056768K
  class space    used 557K, capacity 597K, committed 640K, reserved 1048576K
2024-07-16T17:58:59.526+0800: 6.670: [GC (Allocation Failure) 2024-07-16T17:58:59.526+0800: 6.670: [ParNew: 5262K->30K(6144K), 0.0005640 secs] 10559K->6353K(19840K), 0.0006140 secs] [Times: user=0.00 sys=0.00, real=0.00 secs] 
Heap after GC invocations=839 (full 92):
 par new generation   total 6144K, used 30K [0x00000000fec00000, 0x00000000ff2a0000, 0x00000000ff2a0000)
  eden space 5504K,   0% used [0x00000000fec00000, 0x00000000fec00000, 0x00000000ff160000)
  from space 640K,   4% used [0x00000000ff160000, 0x00000000ff1679d8, 0x00000000ff200000)
  to   space 640K,   0% used [0x00000000ff200000, 0x00000000ff200000, 0x00000000ff2a0000)
 concurrent mark-sweep generation total 13696K, used 6322K [0x00000000ff2a0000, 0x0000000100000000, 0x0000000100000000)
 Metaspace       used 5077K, capacity 5258K, committed 5504K, reserved 1056768K
  class space    used 557K, capacity 597K, committed 640K, reserved 1048576K
}
{Heap before GC invocations=839 (full 92):
 par new generation   total 6144K, used 5260K [0x00000000fec00000, 0x00000000ff2a0000, 0x00000000ff2a0000)
  eden space 5504K,  95% used [0x00000000fec00000, 0x00000000ff11b790, 0x00000000ff160000)
  from space 640K,   4% used [0x00000000ff160000, 0x00000000ff1679d8, 0x00000000ff200000)
  to   space 640K,   0% used [0x00000000ff200000, 0x00000000ff200000, 0x00000000ff2a0000)
 concurrent mark-sweep generation total 13696K, used 6322K [0x00000000ff2a0000, 0x0000000100000000, 0x0000000100000000)
 Metaspace       used 5077K, capacity 5258K, committed 5504K, reserved 1056768K
  class space    used 557K, capacity 597K, committed 640K, reserved 1048576K
2024-07-16T17:58:59.535+0800: 6.679: [GC (Allocation Failure) 2024-07-16T17:58:59.535+0800: 6.679: [ParNew: 5260K->30K(6144K), 0.0015924 secs] 11583K->7379K(19840K), 0.0016948 secs] [Times: user=0.00 sys=0.00, real=0.00 secs] 
Heap after GC invocations=840 (full 92):
 par new generation   total 6144K, used 30K [0x00000000fec00000, 0x00000000ff2a0000, 0x00000000ff2a0000)
  eden space 5504K,   0% used [0x00000000fec00000, 0x00000000fec00000, 0x00000000ff160000)
  from space 640K,   4% used [0x00000000ff200000, 0x00000000ff2079d8, 0x00000000ff2a0000)
  to   space 640K,   0% used [0x00000000ff160000, 0x00000000ff160000, 0x00000000ff200000)
 concurrent mark-sweep generation total 13696K, used 7348K [0x00000000ff2a0000, 0x0000000100000000, 0x0000000100000000)
 Metaspace       used 5077K, capacity 5258K, committed 5504K, reserved 1056768K
  class space    used 557K, capacity 597K, committed 640K, reserved 1048576K
}
{Heap before GC invocations=840 (full 92):
 par new generation   total 6144K, used 5260K [0x00000000fec00000, 0x00000000ff2a0000, 0x00000000ff2a0000)
  eden space 5504K,  95% used [0x00000000fec00000, 0x00000000ff11b788, 0x00000000ff160000)
  from space 640K,   4% used [0x00000000ff200000, 0x00000000ff2079d8, 0x00000000ff2a0000)
  to   space 640K,   0% used [0x00000000ff160000, 0x00000000ff160000, 0x00000000ff200000)
 concurrent mark-sweep generation total 13696K, used 7348K [0x00000000ff2a0000, 0x0000000100000000, 0x0000000100000000)
 Metaspace       used 5077K, capacity 5258K, committed 5504K, reserved 1056768K
  class space    used 557K, capacity 597K, committed 640K, reserved 1048576K
2024-07-16T17:58:59.544+0800: 6.688: [GC (Allocation Failure) 2024-07-16T17:58:59.544+0800: 6.688: [ParNew: 5260K->4K(6144K), 0.0013179 secs] 12609K->7379K(19840K), 0.0013977 secs] [Times: user=0.00 sys=0.00, real=0.00 secs] 
Heap after GC invocations=841 (full 92):
 par new generation   total 6144K, used 4K [0x00000000fec00000, 0x00000000ff2a0000, 0x00000000ff2a0000)
  eden space 5504K,   0% used [0x00000000fec00000, 0x00000000fec00000, 0x00000000ff160000)
  from space 640K,   0% used [0x00000000ff160000, 0x00000000ff161020, 0x00000000ff200000)
  to   space 640K,   0% used [0x00000000ff200000, 0x00000000ff200000, 0x00000000ff2a0000)
 concurrent mark-sweep generation total 13696K, used 7375K [0x00000000ff2a0000, 0x0000000100000000, 0x0000000100000000)
 Metaspace       used 5077K, capacity 5258K, committed 5504K, reserved 1056768K
  class space    used 557K, capacity 597K, committed 640K, reserved 1048576K
}
{Heap before GC invocations=841 (full 92):
 par new generation   total 6144K, used 5233K [0x00000000fec00000, 0x00000000ff2a0000, 0x00000000ff2a0000)
  eden space 5504K,  95% used [0x00000000fec00000, 0x00000000ff11b780, 0x00000000ff160000)
  from space 640K,   0% used [0x00000000ff160000, 0x00000000ff161020, 0x00000000ff200000)
  to   space 640K,   0% used [0x00000000ff200000, 0x00000000ff200000, 0x00000000ff2a0000)
 concurrent mark-sweep generation total 13696K, used 7375K [0x00000000ff2a0000, 0x0000000100000000, 0x0000000100000000)
 Metaspace       used 5077K, capacity 5258K, committed 5504K, reserved 1056768K
  class space    used 557K, capacity 597K, committed 640K, reserved 1048576K
2024-07-16T17:58:59.554+0800: 6.698: [GC (Allocation Failure) 2024-07-16T17:58:59.554+0800: 6.698: [ParNew: 5233K->2K(6144K), 0.0003963 secs] 12609K->7377K(19840K), 0.0004936 secs] [Times: user=0.00 sys=0.00, real=0.00 secs] 
Heap after GC invocations=842 (full 92):
 par new generation   total 6144K, used 2K [0x00000000fec00000, 0x00000000ff2a0000, 0x00000000ff2a0000)
  eden space 5504K,   0% used [0x00000000fec00000, 0x00000000fec00000, 0x00000000ff160000)
  from space 640K,   0% used [0x00000000ff200000, 0x00000000ff200810, 0x00000000ff2a0000)
  to   space 640K,   0% used [0x00000000ff160000, 0x00000000ff160000, 0x00000000ff200000)
 concurrent mark-sweep generation total 13696K, used 7375K [0x00000000ff2a0000, 0x0000000100000000, 0x0000000100000000)
 Metaspace       used 5077K, capacity 5258K, committed 5504K, reserved 1056768K
  class space    used 557K, capacity 597K, committed 640K, reserved 1048576K
}
{Heap before GC invocations=842 (full 92):
 par new generation   total 6144K, used 5231K [0x00000000fec00000, 0x00000000ff2a0000, 0x00000000ff2a0000)
  eden space 5504K,  95% used [0x00000000fec00000, 0x00000000ff11b780, 0x00000000ff160000)
  from space 640K,   0% used [0x00000000ff200000, 0x00000000ff200810, 0x00000000ff2a0000)
  to   space 640K,   0% used [0x00000000ff160000, 0x00000000ff160000, 0x00000000ff200000)
 concurrent mark-sweep generation total 13696K, used 7375K [0x00000000ff2a0000, 0x0000000100000000, 0x0000000100000000)
 Metaspace       used 5077K, capacity 5258K, committed 5504K, reserved 1056768K
  class space    used 557K, capacity 597K, committed 640K, reserved 1048576K
2024-07-16T17:58:59.561+0800: 6.705: [GC (Allocation Failure) 2024-07-16T17:58:59.561+0800: 6.705: [ParNew: 5231K->8K(6144K), 0.0008217 secs] 12607K->8409K(19840K), 0.0009076 secs] [Times: user=0.00 sys=0.00, real=0.00 secs] 
Heap after GC invocations=843 (full 92):
 par new generation   total 6144K, used 8K [0x00000000fec00000, 0x00000000ff2a0000, 0x00000000ff2a0000)
  eden space 5504K,   0% used [0x00000000fec00000, 0x00000000fec00000, 0x00000000ff160000)
  from space 640K,   1% used [0x00000000ff160000, 0x00000000ff162040, 0x00000000ff200000)
  to   space 640K,   0% used [0x00000000ff200000, 0x00000000ff200000, 0x00000000ff2a0000)
 concurrent mark-sweep generation total 13696K, used 8401K [0x00000000ff2a0000, 0x0000000100000000, 0x0000000100000000)
 Metaspace       used 5077K, capacity 5258K, committed 5504K, reserved 1056768K
  class space    used 557K, capacity 597K, committed 640K, reserved 1048576K
}
2024-07-16T17:58:59.562+0800: 6.706: [GC (CMS Initial Mark) [1 CMS-initial-mark: 8401K(13696K)] 9435K(19840K), 0.0003454 secs] [Times: user=0.00 sys=0.00, real=0.00 secs] 
2024-07-16T17:58:59.562+0800: 6.707: [CMS-concurrent-mark-start]
{Heap before GC invocations=843 (full 93):
 par new generation   total 6144K, used 5237K [0x00000000fec00000, 0x00000000ff2a0000, 0x00000000ff2a0000)
  eden space 5504K,  95% used [0x00000000fec00000, 0x00000000ff11b780, 0x00000000ff160000)
  from space 640K,   1% used [0x00000000ff160000, 0x00000000ff162040, 0x00000000ff200000)
  to   space 640K,   0% used [0x00000000ff200000, 0x00000000ff200000, 0x00000000ff2a0000)
 concurrent mark-sweep generation total 13696K, used 8401K [0x00000000ff2a0000, 0x0000000100000000, 0x0000000100000000)
 Metaspace       used 5077K, capacity 5258K, committed 5504K, reserved 1056768K
  class space    used 557K, capacity 597K, committed 640K, reserved 1048576K
2024-07-16T17:58:59.568+0800: 6.712: [GC (Allocation Failure) 2024-07-16T17:58:59.568+0800: 6.713: [ParNew: 5237K->6K(6144K), 0.0018752 secs] 13639K->9431K(19840K), 0.0020585 secs] [Times: user=0.00 sys=0.00, real=0.00 secs] 
Heap after GC invocations=844 (full 93):
 par new generation   total 6144K, used 6K [0x00000000fec00000, 0x00000000ff2a0000, 0x00000000ff2a0000)
  eden space 5504K,   0% used [0x00000000fec00000, 0x00000000fec00000, 0x00000000ff160000)
  from space 640K,   0% used [0x00000000ff200000, 0x00000000ff201830, 0x00000000ff2a0000)
  to   space 640K,   0% used [0x00000000ff160000, 0x00000000ff160000, 0x00000000ff200000)
 concurrent mark-sweep generation total 13696K, used 9425K [0x00000000ff2a0000, 0x0000000100000000, 0x0000000100000000)
 Metaspace       used 5077K, capacity 5258K, committed 5504K, reserved 1056768K
  class space    used 557K, capacity 597K, committed 640K, reserved 1048576K
}
2024-07-16T17:58:59.572+0800: 6.716: [CMS-concurrent-mark: 0.007/0.010 secs] [Times: user=0.05 sys=0.00, real=0.01 secs] 
2024-07-16T17:58:59.572+0800: 6.717: [CMS-concurrent-preclean-start]
2024-07-16T17:58:59.572+0800: 6.717: [CMS-concurrent-preclean: 0.000/0.000 secs] [Times: user=0.00 sys=0.00, real=0.00 secs] 
2024-07-16T17:58:59.572+0800: 6.717: [CMS-concurrent-abortable-preclean-start]
{Heap before GC invocations=844 (full 93):
 par new generation   total 6144K, used 5235K [0x00000000fec00000, 0x00000000ff2a0000, 0x00000000ff2a0000)
  eden space 5504K,  95% used [0x00000000fec00000, 0x00000000ff11b780, 0x00000000ff160000)
  from space 640K,   0% used [0x00000000ff200000, 0x00000000ff201830, 0x00000000ff2a0000)
  to   space 640K,   0% used [0x00000000ff160000, 0x00000000ff160000, 0x00000000ff200000)
 concurrent mark-sweep generation total 13696K, used 9425K [0x00000000ff2a0000, 0x0000000100000000, 0x0000000100000000)
 Metaspace       used 5077K, capacity 5258K, committed 5504K, reserved 1056768K
  class space    used 557K, capacity 597K, committed 640K, reserved 1048576K
2024-07-16T17:58:59.578+0800: 6.722: [GC (Allocation Failure) 2024-07-16T17:58:59.578+0800: 6.722: [ParNew: 5235K->4K(6144K), 0.0002980 secs] 14661K->9429K(19840K), 0.0003364 secs] [Times: user=0.00 sys=0.00, real=0.00 secs] 
Heap after GC invocations=845 (full 93):
 par new generation   total 6144K, used 4K [0x00000000fec00000, 0x00000000ff2a0000, 0x00000000ff2a0000)
  eden space 5504K,   0% used [0x00000000fec00000, 0x00000000fec00000, 0x00000000ff160000)
  from space 640K,   0% used [0x00000000ff160000, 0x00000000ff161020, 0x00000000ff200000)
  to   space 640K,   0% used [0x00000000ff200000, 0x00000000ff200000, 0x00000000ff2a0000)
 concurrent mark-sweep generation total 13696K, used 9425K [0x00000000ff2a0000, 0x0000000100000000, 0x0000000100000000)
 Metaspace       used 5077K, capacity 5258K, committed 5504K, reserved 1056768K
  class space    used 557K, capacity 597K, committed 640K, reserved 1048576K
}
{Heap before GC invocations=845 (full 93):
 par new generation   total 6144K, used 5233K [0x00000000fec00000, 0x00000000ff2a0000, 0x00000000ff2a0000)
  eden space 5504K,  95% used [0x00000000fec00000, 0x00000000ff11b780, 0x00000000ff160000)
  from space 640K,   0% used [0x00000000ff160000, 0x00000000ff161020, 0x00000000ff200000)
  to   space 640K,   0% used [0x00000000ff200000, 0x00000000ff200000, 0x00000000ff2a0000)
 concurrent mark-sweep generation total 13696K, used 9425K [0x00000000ff2a0000, 0x0000000100000000, 0x0000000100000000)
 Metaspace       used 5077K, capacity 5258K, committed 5504K, reserved 1056768K
  class space    used 557K, capacity 597K, committed 640K, reserved 1048576K
2024-07-16T17:58:59.585+0800: 6.729: [GC (Allocation Failure) 2024-07-16T17:58:59.585+0800: 6.729: [ParNew: 5233K->4K(6144K), 0.0003311 secs] 14659K->9429K(19840K), 0.0003781 secs] [Times: user=0.00 sys=0.00, real=0.00 secs] 
Heap after GC invocations=846 (full 93):
 par new generation   total 6144K, used 4K [0x00000000fec00000, 0x00000000ff2a0000, 0x00000000ff2a0000)
  eden space 5504K,   0% used [0x00000000fec00000, 0x00000000fec00000, 0x00000000ff160000)
  from space 640K,   0% used [0x00000000ff200000, 0x00000000ff201020, 0x00000000ff2a0000)
  to   space 640K,   0% used [0x00000000ff160000, 0x00000000ff160000, 0x00000000ff200000)
 concurrent mark-sweep generation total 13696K, used 9425K [0x00000000ff2a0000, 0x0000000100000000, 0x0000000100000000)
 Metaspace       used 5077K, capacity 5258K, committed 5504K, reserved 1056768K
  class space    used 557K, capacity 597K, committed 640K, reserved 1048576K
}
{Heap before GC invocations=846 (full 93):
 par new generation   total 6144K, used 5233K [0x00000000fec00000, 0x00000000ff2a0000, 0x00000000ff2a0000)
  eden space 5504K,  95% used [0x00000000fec00000, 0x00000000ff11b780, 0x00000000ff160000)
  from space 640K,   0% used [0x00000000ff200000, 0x00000000ff201020, 0x00000000ff2a0000)
  to   space 640K,   0% used [0x00000000ff160000, 0x00000000ff160000, 0x00000000ff200000)
 concurrent mark-sweep generation total 13696K, used 9425K [0x00000000ff2a0000, 0x0000000100000000, 0x0000000100000000)
 Metaspace       used 5077K, capacity 5258K, committed 5504K, reserved 1056768K
  class space    used 557K, capacity 597K, committed 640K, reserved 1048576K
2024-07-16T17:58:59.592+0800: 6.736: [GC (Allocation Failure) 2024-07-16T17:58:59.592+0800: 6.736: [ParNew: 5233K->2K(6144K), 0.0003961 secs] 14659K->9427K(19840K), 0.0004407 secs] [Times: user=0.00 sys=0.00, real=0.00 secs] 
Heap after GC invocations=847 (full 93):
 par new generation   total 6144K, used 2K [0x00000000fec00000, 0x00000000ff2a0000, 0x00000000ff2a0000)
  eden space 5504K,   0% used [0x00000000fec00000, 0x00000000fec00000, 0x00000000ff160000)
  from space 640K,   0% used [0x00000000ff160000, 0x00000000ff160810, 0x00000000ff200000)
  to   space 640K,   0% used [0x00000000ff200000, 0x00000000ff200000, 0x00000000ff2a0000)
 concurrent mark-sweep generation total 13696K, used 9425K [0x00000000ff2a0000, 0x0000000100000000, 0x0000000100000000)
 Metaspace       used 5077K, capacity 5258K, committed 5504K, reserved 1056768K
  class space    used 557K, capacity 597K, committed 640K, reserved 1048576K
}
{Heap before GC invocations=847 (full 93):
 par new generation   total 6144K, used 5231K [0x00000000fec00000, 0x00000000ff2a0000, 0x00000000ff2a0000)
  eden space 5504K,  95% used [0x00000000fec00000, 0x00000000ff11b780, 0x00000000ff160000)
  from space 640K,   0% used [0x00000000ff160000, 0x00000000ff160810, 0x00000000ff200000)
  to   space 640K,   0% used [0x00000000ff200000, 0x00000000ff200000, 0x00000000ff2a0000)
 concurrent mark-sweep generation total 13696K, used 9425K [0x00000000ff2a0000, 0x0000000100000000, 0x0000000100000000)
 Metaspace       used 5077K, capacity 5258K, committed 5504K, reserved 1056768K
  class space    used 557K, capacity 597K, committed 640K, reserved 1048576K
2024-07-16T17:58:59.600+0800: 6.744: [GC (Allocation Failure) 2024-07-16T17:58:59.600+0800: 6.744: [ParNew: 5231K->4K(6144K), 0.0004212 secs] 14657K->9429K(19840K), 0.0004765 secs] [Times: user=0.00 sys=0.00, real=0.00 secs] 
Heap after GC invocations=848 (full 93):
 par new generation   total 6144K, used 4K [0x00000000fec00000, 0x00000000ff2a0000, 0x00000000ff2a0000)
  eden space 5504K,   0% used [0x00000000fec00000, 0x00000000fec00000, 0x00000000ff160000)
  from space 640K,   0% used [0x00000000ff200000, 0x00000000ff201020, 0x00000000ff2a0000)
  to   space 640K,   0% used [0x00000000ff160000, 0x00000000ff160000, 0x00000000ff200000)
 concurrent mark-sweep generation total 13696K, used 9425K [0x00000000ff2a0000, 0x0000000100000000, 0x0000000100000000)
 Metaspace       used 5077K, capacity 5258K, committed 5504K, reserved 1056768K
  class space    used 557K, capacity 597K, committed 640K, reserved 1048576K
}
{Heap before GC invocations=848 (full 93):
 par new generation   total 6144K, used 5233K [0x00000000fec00000, 0x00000000ff2a0000, 0x00000000ff2a0000)
  eden space 5504K,  95% used [0x00000000fec00000, 0x00000000ff11b780, 0x00000000ff160000)
  from space 640K,   0% used [0x00000000ff200000, 0x00000000ff201020, 0x00000000ff2a0000)
  to   space 640K,   0% used [0x00000000ff160000, 0x00000000ff160000, 0x00000000ff200000)
 concurrent mark-sweep generation total 13696K, used 9425K [0x00000000ff2a0000, 0x0000000100000000, 0x0000000100000000)
 Metaspace       used 5077K, capacity 5258K, committed 5504K, reserved 1056768K
  class space    used 557K, capacity 597K, committed 640K, reserved 1048576K
2024-07-16T17:58:59.607+0800: 6.751: [GC (Allocation Failure) 2024-07-16T17:58:59.607+0800: 6.751: [ParNew: 5233K->6K(6144K), 0.0004363 secs] 14659K->10457K(19840K), 0.0004894 secs] [Times: user=0.00 sys=0.00, real=0.00 secs] 
Heap after GC invocations=849 (full 93):
 par new generation   total 6144K, used 6K [0x00000000fec00000, 0x00000000ff2a0000, 0x00000000ff2a0000)
  eden space 5504K,   0% used [0x00000000fec00000, 0x00000000fec00000, 0x00000000ff160000)
  from space 640K,   0% used [0x00000000ff160000, 0x00000000ff161830, 0x00000000ff200000)
  to   space 640K,   0% used [0x00000000ff200000, 0x00000000ff200000, 0x00000000ff2a0000)
 concurrent mark-sweep generation total 13696K, used 10451K [0x00000000ff2a0000, 0x0000000100000000, 0x0000000100000000)
 Metaspace       used 5077K, capacity 5258K, committed 5504K, reserved 1056768K
  class space    used 557K, capacity 597K, committed 640K, reserved 1048576K
}
{Heap before GC invocations=849 (full 93):
 par new generation   total 6144K, used 5235K [0x00000000fec00000, 0x00000000ff2a0000, 0x00000000ff2a0000)
  eden space 5504K,  95% used [0x00000000fec00000, 0x00000000ff11b780, 0x00000000ff160000)
  from space 640K,   0% used [0x00000000ff160000, 0x00000000ff161830, 0x00000000ff200000)
  to   space 640K,   0% used [0x00000000ff200000, 0x00000000ff200000, 0x00000000ff2a0000)
 concurrent mark-sweep generation total 13696K, used 10451K [0x00000000ff2a0000, 0x0000000100000000, 0x0000000100000000)
 Metaspace       used 5077K, capacity 5258K, committed 5504K, reserved 1056768K
  class space    used 557K, capacity 597K, committed 640K, reserved 1048576K
2024-07-16T17:58:59.614+0800: 6.758: [GC (Allocation Failure) 2024-07-16T17:58:59.614+0800: 6.758: [ParNew: 5235K->2K(6144K), 0.0004264 secs] 15687K->10453K(19840K), 0.0004959 secs] [Times: user=0.00 sys=0.00, real=0.00 secs] 
Heap after GC invocations=850 (full 93):
 par new generation   total 6144K, used 2K [0x00000000fec00000, 0x00000000ff2a0000, 0x00000000ff2a0000)
  eden space 5504K,   0% used [0x00000000fec00000, 0x00000000fec00000, 0x00000000ff160000)
  from space 640K,   0% used [0x00000000ff200000, 0x00000000ff200810, 0x00000000ff2a0000)
  to   space 640K,   0% used [0x00000000ff160000, 0x00000000ff160000, 0x00000000ff200000)
 concurrent mark-sweep generation total 13696K, used 10451K [0x00000000ff2a0000, 0x0000000100000000, 0x0000000100000000)
 Metaspace       used 5077K, capacity 5258K, committed 5504K, reserved 1056768K
  class space    used 557K, capacity 597K, committed 640K, reserved 1048576K
}
{Heap before GC invocations=850 (full 93):
 par new generation   total 6144K, used 5231K [0x00000000fec00000, 0x00000000ff2a0000, 0x00000000ff2a0000)
  eden space 5504K,  95% used [0x00000000fec00000, 0x00000000ff11b780, 0x00000000ff160000)
  from space 640K,   0% used [0x00000000ff200000, 0x00000000ff200810, 0x00000000ff2a0000)
  to   space 640K,   0% used [0x00000000ff160000, 0x00000000ff160000, 0x00000000ff200000)
 concurrent mark-sweep generation total 13696K, used 10451K [0x00000000ff2a0000, 0x0000000100000000, 0x0000000100000000)
 Metaspace       used 5077K, capacity 5258K, committed 5504K, reserved 1056768K
  class space    used 557K, capacity 597K, committed 640K, reserved 1048576K
2024-07-16T17:58:59.622+0800: 6.766: [GC (Allocation Failure) 2024-07-16T17:58:59.622+0800: 6.766: [ParNew: 5231K->8K(6144K), 0.0005729 secs] 15683K->11485K(19840K), 0.0006316 secs] [Times: user=0.00 sys=0.00, real=0.00 secs] 
Heap after GC invocations=851 (full 93):
 par new generation   total 6144K, used 8K [0x00000000fec00000, 0x00000000ff2a0000, 0x00000000ff2a0000)
  eden space 5504K,   0% used [0x00000000fec00000, 0x00000000fec00000, 0x00000000ff160000)
  from space 640K,   1% used [0x00000000ff160000, 0x00000000ff162040, 0x00000000ff200000)
  to   space 640K,   0% used [0x00000000ff200000, 0x00000000ff200000, 0x00000000ff2a0000)
 concurrent mark-sweep generation total 13696K, used 11477K [0x00000000ff2a0000, 0x0000000100000000, 0x0000000100000000)
 Metaspace       used 5077K, capacity 5258K, committed 5504K, reserved 1056768K
  class space    used 557K, capacity 597K, committed 640K, reserved 1048576K
}
{Heap before GC invocations=851 (full 93):
 par new generation   total 6144K, used 5237K [0x00000000fec00000, 0x00000000ff2a0000, 0x00000000ff2a0000)
  eden space 5504K,  95% used [0x00000000fec00000, 0x00000000ff11b780, 0x00000000ff160000)
  from space 640K,   1% used [0x00000000ff160000, 0x00000000ff162040, 0x00000000ff200000)
  to   space 640K,   0% used [0x00000000ff200000, 0x00000000ff200000, 0x00000000ff2a0000)
 concurrent mark-sweep generation total 13696K, used 11477K [0x00000000ff2a0000, 0x0000000100000000, 0x0000000100000000)
 Metaspace       used 5077K, capacity 5258K, committed 5504K, reserved 1056768K
  class space    used 557K, capacity 597K, committed 640K, reserved 1048576K
2024-07-16T17:58:59.630+0800: 6.774: [GC (Allocation Failure) 2024-07-16T17:58:59.630+0800: 6.774: [ParNew: 5237K->2K(6144K), 0.0004936 secs] 16715K->11479K(19840K), 0.0005684 secs] [Times: user=0.00 sys=0.00, real=0.00 secs] 
Heap after GC invocations=852 (full 93):
 par new generation   total 6144K, used 2K [0x00000000fec00000, 0x00000000ff2a0000, 0x00000000ff2a0000)
  eden space 5504K,   0% used [0x00000000fec00000, 0x00000000fec00000, 0x00000000ff160000)
  from space 640K,   0% used [0x00000000ff200000, 0x00000000ff200810, 0x00000000ff2a0000)
  to   space 640K,   0% used [0x00000000ff160000, 0x00000000ff160000, 0x00000000ff200000)
 concurrent mark-sweep generation total 13696K, used 11477K [0x00000000ff2a0000, 0x0000000100000000, 0x0000000100000000)
 Metaspace       used 5077K, capacity 5258K, committed 5504K, reserved 1056768K
  class space    used 557K, capacity 597K, committed 640K, reserved 1048576K
}
{Heap before GC invocations=852 (full 93):
 par new generation   total 6144K, used 5231K [0x00000000fec00000, 0x00000000ff2a0000, 0x00000000ff2a0000)
  eden space 5504K,  95% used [0x00000000fec00000, 0x00000000ff11b780, 0x00000000ff160000)
  from space 640K,   0% used [0x00000000ff200000, 0x00000000ff200810, 0x00000000ff2a0000)
  to   space 640K,   0% used [0x00000000ff160000, 0x00000000ff160000, 0x00000000ff200000)
 concurrent mark-sweep generation total 13696K, used 11477K [0x00000000ff2a0000, 0x0000000100000000, 0x0000000100000000)
 Metaspace       used 5077K, capacity 5258K, committed 5504K, reserved 1056768K
  class space    used 557K, capacity 597K, committed 640K, reserved 1048576K
2024-07-16T17:58:59.637+0800: 6.781: [GC (Allocation Failure) 2024-07-16T17:58:59.637+0800: 6.781: [ParNew: 5231K->6K(6144K), 0.0008575 secs] 16709K->12507K(19840K), 0.0009543 secs] [Times: user=0.00 sys=0.00, real=0.00 secs] 
Heap after GC invocations=853 (full 93):
 par new generation   total 6144K, used 6K [0x00000000fec00000, 0x00000000ff2a0000, 0x00000000ff2a0000)
  eden space 5504K,   0% used [0x00000000fec00000, 0x00000000fec00000, 0x00000000ff160000)
  from space 640K,   0% used [0x00000000ff160000, 0x00000000ff161830, 0x00000000ff200000)
  to   space 640K,   0% used [0x00000000ff200000, 0x00000000ff200000, 0x00000000ff2a0000)
 concurrent mark-sweep generation total 13696K, used 12501K [0x00000000ff2a0000, 0x0000000100000000, 0x0000000100000000)
 Metaspace       used 5077K, capacity 5258K, committed 5504K, reserved 1056768K
  class space    used 557K, capacity 597K, committed 640K, reserved 1048576K
}
{Heap before GC invocations=853 (full 93):
 par new generation   total 6144K, used 5235K [0x00000000fec00000, 0x00000000ff2a0000, 0x00000000ff2a0000)
  eden space 5504K,  95% used [0x00000000fec00000, 0x00000000ff11b780, 0x00000000ff160000)
  from space 640K,   0% used [0x00000000ff160000, 0x00000000ff161830, 0x00000000ff200000)
  to   space 640K,   0% used [0x00000000ff200000, 0x00000000ff200000, 0x00000000ff2a0000)
 concurrent mark-sweep generation total 13696K, used 12501K [0x00000000ff2a0000, 0x0000000100000000, 0x0000000100000000)
 Metaspace       used 5077K, capacity 5258K, committed 5504K, reserved 1056768K
  class space    used 557K, capacity 597K, committed 640K, reserved 1048576K
2024-07-16T17:58:59.644+0800: 6.788: [GC (Allocation Failure) 2024-07-16T17:58:59.644+0800: 6.788: [ParNew: 5235K->5235K(6144K), 0.0000168 secs]2024-07-16T17:58:59.644+0800: 6.788: [CMS2024-07-16T17:58:59.644+0800: 6.788: [CMS-concurrent-abortable-preclean: 0.001/0.071 secs] [Times: user=0.00 sys=0.00, real=0.07 secs] 
 (concurrent mode failure): 12501K->2228K(13696K), 0.0029917 secs] 17737K->2228K(19840K), [Metaspace: 5077K->5077K(1056768K)], 0.0030677 secs] [Times: user=0.00 sys=0.00, real=0.00 secs] 
Heap after GC invocations=854 (full 94):
 par new generation   total 6144K, used 0K [0x00000000fec00000, 0x00000000ff2a0000, 0x00000000ff2a0000)
  eden space 5504K,   0% used [0x00000000fec00000, 0x00000000fec00000, 0x00000000ff160000)
  from space 640K,   0% used [0x00000000ff160000, 0x00000000ff160000, 0x00000000ff200000)
  to   space 640K,   0% used [0x00000000ff200000, 0x00000000ff200000, 0x00000000ff2a0000)
 concurrent mark-sweep generation total 13696K, used 2228K [0x00000000ff2a0000, 0x0000000100000000, 0x0000000100000000)
 Metaspace       used 5077K, capacity 5258K, committed 5504K, reserved 1056768K
  class space    used 557K, capacity 597K, committed 640K, reserved 1048576K
}
{Heap before GC invocations=854 (full 94):
 par new generation   total 6144K, used 5229K [0x00000000fec00000, 0x00000000ff2a0000, 0x00000000ff2a0000)
  eden space 5504K,  95% used [0x00000000fec00000, 0x00000000ff11b780, 0x00000000ff160000)
  from space 640K,   0% used [0x00000000ff160000, 0x00000000ff160000, 0x00000000ff200000)
  to   space 640K,   0% used [0x00000000ff200000, 0x00000000ff200000, 0x00000000ff2a0000)
 concurrent mark-sweep generation total 13696K, used 2228K [0x00000000ff2a0000, 0x0000000100000000, 0x0000000100000000)
 Metaspace       used 5077K, capacity 5258K, committed 5504K, reserved 1056768K
  class space    used 557K, capacity 597K, committed 640K, reserved 1048576K
2024-07-16T17:58:59.655+0800: 6.799: [GC (Allocation Failure) 2024-07-16T17:58:59.655+0800: 6.799: [ParNew: 5229K->8K(6144K), 0.0010495 secs] 7458K->3262K(19840K), 0.0011655 secs] [Times: user=0.00 sys=0.00, real=0.00 secs] 
Heap after GC invocations=855 (full 94):
 par new generation   total 6144K, used 8K [0x00000000fec00000, 0x00000000ff2a0000, 0x00000000ff2a0000)
  eden space 5504K,   0% used [0x00000000fec00000, 0x00000000fec00000, 0x00000000ff160000)
  from space 640K,   1% used [0x00000000ff200000, 0x00000000ff202040, 0x00000000ff2a0000)
  to   space 640K,   0% used [0x00000000ff160000, 0x00000000ff160000, 0x00000000ff200000)
 concurrent mark-sweep generation total 13696K, used 3254K [0x00000000ff2a0000, 0x0000000100000000, 0x0000000100000000)
 Metaspace       used 5077K, capacity 5258K, committed 5504K, reserved 1056768K
  class space    used 557K, capacity 597K, committed 640K, reserved 1048576K
}
{Heap before GC invocations=855 (full 94):
 par new generation   total 6144K, used 5237K [0x00000000fec00000, 0x00000000ff2a0000, 0x00000000ff2a0000)
  eden space 5504K,  95% used [0x00000000fec00000, 0x00000000ff11b780, 0x00000000ff160000)
  from space 640K,   1% used [0x00000000ff200000, 0x00000000ff202040, 0x00000000ff2a0000)
  to   space 640K,   0% used [0x00000000ff160000, 0x00000000ff160000, 0x00000000ff200000)
 concurrent mark-sweep generation total 13696K, used 3254K [0x00000000ff2a0000, 0x0000000100000000, 0x0000000100000000)
 Metaspace       used 5077K, capacity 5258K, committed 5504K, reserved 1056768K
  class space    used 557K, capacity 597K, committed 640K, reserved 1048576K
2024-07-16T17:58:59.665+0800: 6.809: [GC (Allocation Failure) 2024-07-16T17:58:59.665+0800: 6.809: [ParNew: 5237K->4K(6144K), 0.0007303 secs] 8492K->3258K(19840K), 0.0008389 secs] [Times: user=0.00 sys=0.00, real=0.00 secs] 
Heap after GC invocations=856 (full 94):
 par new generation   total 6144K, used 4K [0x00000000fec00000, 0x00000000ff2a0000, 0x00000000ff2a0000)
  eden space 5504K,   0% used [0x00000000fec00000, 0x00000000fec00000, 0x00000000ff160000)
  from space 640K,   0% used [0x00000000ff160000, 0x00000000ff161020, 0x00000000ff200000)
  to   space 640K,   0% used [0x00000000ff200000, 0x00000000ff200000, 0x00000000ff2a0000)
 concurrent mark-sweep generation total 13696K, used 3254K [0x00000000ff2a0000, 0x0000000100000000, 0x0000000100000000)
 Metaspace       used 5077K, capacity 5258K, committed 5504K, reserved 1056768K
  class space    used 557K, capacity 597K, committed 640K, reserved 1048576K
}
{Heap before GC invocations=856 (full 94):
 par new generation   total 6144K, used 5233K [0x00000000fec00000, 0x00000000ff2a0000, 0x00000000ff2a0000)
  eden space 5504K,  95% used [0x00000000fec00000, 0x00000000ff11b780, 0x00000000ff160000)
  from space 640K,   0% used [0x00000000ff160000, 0x00000000ff161020, 0x00000000ff200000)
  to   space 640K,   0% used [0x00000000ff200000, 0x00000000ff200000, 0x00000000ff2a0000)
 concurrent mark-sweep generation total 13696K, used 3254K [0x00000000ff2a0000, 0x0000000100000000, 0x0000000100000000)
 Metaspace       used 5077K, capacity 5258K, committed 5504K, reserved 1056768K
  class space    used 557K, capacity 597K, committed 640K, reserved 1048576K
2024-07-16T17:58:59.673+0800: 6.817: [GC (Allocation Failure) 2024-07-16T17:58:59.673+0800: 6.817: [ParNew: 5233K->4K(6144K), 0.0004239 secs] 8488K->3258K(19840K), 0.0005003 secs] [Times: user=0.00 sys=0.00, real=0.00 secs] 
Heap after GC invocations=857 (full 94):
 par new generation   total 6144K, used 4K [0x00000000fec00000, 0x00000000ff2a0000, 0x00000000ff2a0000)
  eden space 5504K,   0% used [0x00000000fec00000, 0x00000000fec00000, 0x00000000ff160000)
  from space 640K,   0% used [0x00000000ff200000, 0x00000000ff201020, 0x00000000ff2a0000)
  to   space 640K,   0% used [0x00000000ff160000, 0x00000000ff160000, 0x00000000ff200000)
 concurrent mark-sweep generation total 13696K, used 3254K [0x00000000ff2a0000, 0x0000000100000000, 0x0000000100000000)
 Metaspace       used 5077K, capacity 5258K, committed 5504K, reserved 1056768K
  class space    used 557K, capacity 597K, committed 640K, reserved 1048576K
}
{Heap before GC invocations=857 (full 94):
 par new generation   total 6144K, used 5233K [0x00000000fec00000, 0x00000000ff2a0000, 0x00000000ff2a0000)
  eden space 5504K,  95% used [0x00000000fec00000, 0x00000000ff11b780, 0x00000000ff160000)
  from space 640K,   0% used [0x00000000ff200000, 0x00000000ff201020, 0x00000000ff2a0000)
  to   space 640K,   0% used [0x00000000ff160000, 0x00000000ff160000, 0x00000000ff200000)
 concurrent mark-sweep generation total 13696K, used 3254K [0x00000000ff2a0000, 0x0000000100000000, 0x0000000100000000)
 Metaspace       used 5077K, capacity 5258K, committed 5504K, reserved 1056768K
  class space    used 557K, capacity 597K, committed 640K, reserved 1048576K
2024-07-16T17:58:59.680+0800: 6.824: [GC (Allocation Failure) 2024-07-16T17:58:59.680+0800: 6.824: [ParNew: 5233K->6K(6144K), 0.0005249 secs] 8488K->4286K(19840K), 0.0005993 secs] [Times: user=0.00 sys=0.00, real=0.00 secs] 
Heap after GC invocations=858 (full 94):
 par new generation   total 6144K, used 6K [0x00000000fec00000, 0x00000000ff2a0000, 0x00000000ff2a0000)
  eden space 5504K,   0% used [0x00000000fec00000, 0x00000000fec00000, 0x00000000ff160000)
  from space 640K,   0% used [0x00000000ff160000, 0x00000000ff161830, 0x00000000ff200000)
  to   space 640K,   0% used [0x00000000ff200000, 0x00000000ff200000, 0x00000000ff2a0000)
 concurrent mark-sweep generation total 13696K, used 4280K [0x00000000ff2a0000, 0x0000000100000000, 0x0000000100000000)
 Metaspace       used 5077K, capacity 5258K, committed 5504K, reserved 1056768K
  class space    used 557K, capacity 597K, committed 640K, reserved 1048576K
}
{Heap before GC invocations=858 (full 94):
 par new generation   total 6144K, used 5235K [0x00000000fec00000, 0x00000000ff2a0000, 0x00000000ff2a0000)
  eden space 5504K,  95% used [0x00000000fec00000, 0x00000000ff11b780, 0x00000000ff160000)
  from space 640K,   0% used [0x00000000ff160000, 0x00000000ff161830, 0x00000000ff200000)
  to   space 640K,   0% used [0x00000000ff200000, 0x00000000ff200000, 0x00000000ff2a0000)
 concurrent mark-sweep generation total 13696K, used 4280K [0x00000000ff2a0000, 0x0000000100000000, 0x0000000100000000)
 Metaspace       used 5077K, capacity 5258K, committed 5504K, reserved 1056768K
  class space    used 557K, capacity 597K, committed 640K, reserved 1048576K
2024-07-16T17:58:59.688+0800: 6.832: [GC (Allocation Failure) 2024-07-16T17:58:59.688+0800: 6.832: [ParNew: 5235K->8K(6144K), 0.0008668 secs] 9516K->5314K(19840K), 0.0009271 secs] [Times: user=0.00 sys=0.00, real=0.00 secs] 
Heap after GC invocations=859 (full 94):
 par new generation   total 6144K, used 8K [0x00000000fec00000, 0x00000000ff2a0000, 0x00000000ff2a0000)
  eden space 5504K,   0% used [0x00000000fec00000, 0x00000000fec00000, 0x00000000ff160000)
  from space 640K,   1% used [0x00000000ff200000, 0x00000000ff202040, 0x00000000ff2a0000)
  to   space 640K,   0% used [0x00000000ff160000, 0x00000000ff160000, 0x00000000ff200000)
 concurrent mark-sweep generation total 13696K, used 5306K [0x00000000ff2a0000, 0x0000000100000000, 0x0000000100000000)
 Metaspace       used 5077K, capacity 5258K, committed 5504K, reserved 1056768K
  class space    used 557K, capacity 597K, committed 640K, reserved 1048576K
}
{Heap before GC invocations=859 (full 94):
 par new generation   total 6144K, used 5237K [0x00000000fec00000, 0x00000000ff2a0000, 0x00000000ff2a0000)
  eden space 5504K,  95% used [0x00000000fec00000, 0x00000000ff11b780, 0x00000000ff160000)
  from space 640K,   1% used [0x00000000ff200000, 0x00000000ff202040, 0x00000000ff2a0000)
  to   space 640K,   0% used [0x00000000ff160000, 0x00000000ff160000, 0x00000000ff200000)
 concurrent mark-sweep generation total 13696K, used 5306K [0x00000000ff2a0000, 0x0000000100000000, 0x0000000100000000)
 Metaspace       used 5077K, capacity 5258K, committed 5504K, reserved 1056768K
  class space    used 557K, capacity 597K, committed 640K, reserved 1048576K
2024-07-16T17:58:59.697+0800: 6.841: [GC (Allocation Failure) 2024-07-16T17:58:59.697+0800: 6.841: [ParNew: 5237K->4K(6144K), 0.0004224 secs] 10544K->5310K(19840K), 0.0004875 secs] [Times: user=0.00 sys=0.00, real=0.00 secs] 
Heap after GC invocations=860 (full 94):
 par new generation   total 6144K, used 4K [0x00000000fec00000, 0x00000000ff2a0000, 0x00000000ff2a0000)
  eden space 5504K,   0% used [0x00000000fec00000, 0x00000000fec00000, 0x00000000ff160000)
  from space 640K,   0% used [0x00000000ff160000, 0x00000000ff161020, 0x00000000ff200000)
  to   space 640K,   0% used [0x00000000ff200000, 0x00000000ff200000, 0x00000000ff2a0000)
 concurrent mark-sweep generation total 13696K, used 5306K [0x00000000ff2a0000, 0x0000000100000000, 0x0000000100000000)
 Metaspace       used 5077K, capacity 5258K, committed 5504K, reserved 1056768K
  class space    used 557K, capacity 597K, committed 640K, reserved 1048576K
}
{Heap before GC invocations=860 (full 94):
 par new generation   total 6144K, used 5233K [0x00000000fec00000, 0x00000000ff2a0000, 0x00000000ff2a0000)
  eden space 5504K,  95% used [0x00000000fec00000, 0x00000000ff11b780, 0x00000000ff160000)
  from space 640K,   0% used [0x00000000ff160000, 0x00000000ff161020, 0x00000000ff200000)
  to   space 640K,   0% used [0x00000000ff200000, 0x00000000ff200000, 0x00000000ff2a0000)
 concurrent mark-sweep generation total 13696K, used 5306K [0x00000000ff2a0000, 0x0000000100000000, 0x0000000100000000)
 Metaspace       used 5077K, capacity 5258K, committed 5504K, reserved 1056768K
  class space    used 557K, capacity 597K, committed 640K, reserved 1048576K
2024-07-16T17:58:59.704+0800: 6.848: [GC (Allocation Failure) 2024-07-16T17:58:59.704+0800: 6.848: [ParNew: 5233K->6K(6144K), 0.0018681 secs] 10540K->6336K(19840K), 0.0020053 secs] [Times: user=0.02 sys=0.00, real=0.00 secs] 
Heap after GC invocations=861 (full 94):
 par new generation   total 6144K, used 6K [0x00000000fec00000, 0x00000000ff2a0000, 0x00000000ff2a0000)
  eden space 5504K,   0% used [0x00000000fec00000, 0x00000000fec00000, 0x00000000ff160000)
  from space 640K,   0% used [0x00000000ff200000, 0x00000000ff201830, 0x00000000ff2a0000)
  to   space 640K,   0% used [0x00000000ff160000, 0x00000000ff160000, 0x00000000ff200000)
 concurrent mark-sweep generation total 13696K, used 6330K [0x00000000ff2a0000, 0x0000000100000000, 0x0000000100000000)
 Metaspace       used 5077K, capacity 5258K, committed 5504K, reserved 1056768K
  class space    used 557K, capacity 597K, committed 640K, reserved 1048576K
}
{Heap before GC invocations=861 (full 94):
 par new generation   total 6144K, used 5235K [0x00000000fec00000, 0x00000000ff2a0000, 0x00000000ff2a0000)
  eden space 5504K,  95% used [0x00000000fec00000, 0x00000000ff11b780, 0x00000000ff160000)
  from space 640K,   0% used [0x00000000ff200000, 0x00000000ff201830, 0x00000000ff2a0000)
  to   space 640K,   0% used [0x00000000ff160000, 0x00000000ff160000, 0x00000000ff200000)
 concurrent mark-sweep generation total 13696K, used 6330K [0x00000000ff2a0000, 0x0000000100000000, 0x0000000100000000)
 Metaspace       used 5077K, capacity 5258K, committed 5504K, reserved 1056768K
  class space    used 557K, capacity 597K, committed 640K, reserved 1048576K
2024-07-16T17:58:59.715+0800: 6.860: [GC (Allocation Failure) 2024-07-16T17:58:59.715+0800: 6.860: [ParNew: 5235K->4K(6144K), 0.0003152 secs] 11566K->6334K(19840K), 0.0003570 secs] [Times: user=0.00 sys=0.00, real=0.00 secs] 
Heap after GC invocations=862 (full 94):
 par new generation   total 6144K, used 4K [0x00000000fec00000, 0x00000000ff2a0000, 0x00000000ff2a0000)
  eden space 5504K,   0% used [0x00000000fec00000, 0x00000000fec00000, 0x00000000ff160000)
  from space 640K,   0% used [0x00000000ff160000, 0x00000000ff161020, 0x00000000ff200000)
  to   space 640K,   0% used [0x00000000ff200000, 0x00000000ff200000, 0x00000000ff2a0000)
 concurrent mark-sweep generation total 13696K, used 6330K [0x00000000ff2a0000, 0x0000000100000000, 0x0000000100000000)
 Metaspace       used 5077K, capacity 5258K, committed 5504K, reserved 1056768K
  class space    used 557K, capacity 597K, committed 640K, reserved 1048576K
}
{Heap before GC invocations=862 (full 94):
 par new generation   total 6144K, used 5233K [0x00000000fec00000, 0x00000000ff2a0000, 0x00000000ff2a0000)
  eden space 5504K,  95% used [0x00000000fec00000, 0x00000000ff11b780, 0x00000000ff160000)
  from space 640K,   0% used [0x00000000ff160000, 0x00000000ff161020, 0x00000000ff200000)
  to   space 640K,   0% used [0x00000000ff200000, 0x00000000ff200000, 0x00000000ff2a0000)
 concurrent mark-sweep generation total 13696K, used 6330K [0x00000000ff2a0000, 0x0000000100000000, 0x0000000100000000)
 Metaspace       used 5077K, capacity 5258K, committed 5504K, reserved 1056768K
  class space    used 557K, capacity 597K, committed 640K, reserved 1048576K
2024-07-16T17:58:59.721+0800: 6.866: [GC (Allocation Failure) 2024-07-16T17:58:59.721+0800: 6.866: [ParNew: 5233K->8K(6144K), 0.0005391 secs] 11564K->7365K(19840K), 0.0005950 secs] [Times: user=0.00 sys=0.00, real=0.00 secs] 
Heap after GC invocations=863 (full 94):
 par new generation   total 6144K, used 8K [0x00000000fec00000, 0x00000000ff2a0000, 0x00000000ff2a0000)
  eden space 5504K,   0% used [0x00000000fec00000, 0x00000000fec00000, 0x00000000ff160000)
  from space 640K,   1% used [0x00000000ff200000, 0x00000000ff202040, 0x00000000ff2a0000)
  to   space 640K,   0% used [0x00000000ff160000, 0x00000000ff160000, 0x00000000ff200000)
 concurrent mark-sweep generation total 13696K, used 7357K [0x00000000ff2a0000, 0x0000000100000000, 0x0000000100000000)
 Metaspace       used 5077K, capacity 5258K, committed 5504K, reserved 1056768K
  class space    used 557K, capacity 597K, committed 640K, reserved 1048576K
}
{Heap before GC invocations=863 (full 94):
 par new generation   total 6144K, used 5237K [0x00000000fec00000, 0x00000000ff2a0000, 0x00000000ff2a0000)
  eden space 5504K,  95% used [0x00000000fec00000, 0x00000000ff11b780, 0x00000000ff160000)
  from space 640K,   1% used [0x00000000ff200000, 0x00000000ff202040, 0x00000000ff2a0000)
  to   space 640K,   0% used [0x00000000ff160000, 0x00000000ff160000, 0x00000000ff200000)
 concurrent mark-sweep generation total 13696K, used 7357K [0x00000000ff2a0000, 0x0000000100000000, 0x0000000100000000)
 Metaspace       used 5077K, capacity 5258K, committed 5504K, reserved 1056768K
  class space    used 557K, capacity 597K, committed 640K, reserved 1048576K
2024-07-16T17:58:59.728+0800: 6.873: [GC (Allocation Failure) 2024-07-16T17:58:59.728+0800: 6.873: [ParNew: 5237K->6K(6144K), 0.0004979 secs] 12594K->8389K(19840K), 0.0005490 secs] [Times: user=0.00 sys=0.00, real=0.00 secs] 
Heap after GC invocations=864 (full 94):
 par new generation   total 6144K, used 6K [0x00000000fec00000, 0x00000000ff2a0000, 0x00000000ff2a0000)
  eden space 5504K,   0% used [0x00000000fec00000, 0x00000000fec00000, 0x00000000ff160000)
  from space 640K,   0% used [0x00000000ff160000, 0x00000000ff161830, 0x00000000ff200000)
  to   space 640K,   0% used [0x00000000ff200000, 0x00000000ff200000, 0x00000000ff2a0000)
 concurrent mark-sweep generation total 13696K, used 8383K [0x00000000ff2a0000, 0x0000000100000000, 0x0000000100000000)
 Metaspace       used 5077K, capacity 5258K, committed 5504K, reserved 1056768K
  class space    used 557K, capacity 597K, committed 640K, reserved 1048576K
}
2024-07-16T17:58:59.728+0800: 6.874: [GC (CMS Initial Mark) [1 CMS-initial-mark: 8383K(13696K)] 9413K(19840K), 0.0001977 secs] [Times: user=0.00 sys=0.00, real=0.00 secs] 
2024-07-16T17:58:59.729+0800: 6.874: [CMS-concurrent-mark-start]
2024-07-16T17:58:59.731+0800: 6.876: [CMS-concurrent-mark: 0.002/0.002 secs] [Times: user=0.00 sys=0.00, real=0.00 secs] 
2024-07-16T17:58:59.731+0800: 6.876: [CMS-concurrent-preclean-start]
2024-07-16T17:58:59.731+0800: 6.876: [CMS-concurrent-preclean: 0.000/0.000 secs] [Times: user=0.00 sys=0.00, real=0.00 secs] 
2024-07-16T17:58:59.731+0800: 6.876: [CMS-concurrent-abortable-preclean-start]
{Heap before GC invocations=864 (full 95):
 par new generation   total 6144K, used 5235K [0x00000000fec00000, 0x00000000ff2a0000, 0x00000000ff2a0000)
  eden space 5504K,  95% used [0x00000000fec00000, 0x00000000ff11b780, 0x00000000ff160000)
  from space 640K,   0% used [0x00000000ff160000, 0x00000000ff161830, 0x00000000ff200000)
  to   space 640K,   0% used [0x00000000ff200000, 0x00000000ff200000, 0x00000000ff2a0000)
 concurrent mark-sweep generation total 13696K, used 8383K [0x00000000ff2a0000, 0x0000000100000000, 0x0000000100000000)
 Metaspace       used 5077K, capacity 5258K, committed 5504K, reserved 1056768K
  class space    used 557K, capacity 597K, committed 640K, reserved 1048576K
2024-07-16T17:58:59.737+0800: 6.882: [GC (Allocation Failure) 2024-07-16T17:58:59.737+0800: 6.882: [ParNew: 5235K->2K(6144K), 0.0003064 secs] 13618K->8385K(19840K), 0.0003501 secs] [Times: user=0.00 sys=0.00, real=0.00 secs] 
Heap after GC invocations=865 (full 95):
 par new generation   total 6144K, used 2K [0x00000000fec00000, 0x00000000ff2a0000, 0x00000000ff2a0000)
  eden space 5504K,   0% used [0x00000000fec00000, 0x00000000fec00000, 0x00000000ff160000)
  from space 640K,   0% used [0x00000000ff200000, 0x00000000ff200810, 0x00000000ff2a0000)
  to   space 640K,   0% used [0x00000000ff160000, 0x00000000ff160000, 0x00000000ff200000)
 concurrent mark-sweep generation total 13696K, used 8383K [0x00000000ff2a0000, 0x0000000100000000, 0x0000000100000000)
 Metaspace       used 5077K, capacity 5258K, committed 5504K, reserved 1056768K
  class space    used 557K, capacity 597K, committed 640K, reserved 1048576K
}
{Heap before GC invocations=865 (full 95):
 par new generation   total 6144K, used 5231K [0x00000000fec00000, 0x00000000ff2a0000, 0x00000000ff2a0000)
  eden space 5504K,  95% used [0x00000000fec00000, 0x00000000ff11b780, 0x00000000ff160000)
  from space 640K,   0% used [0x00000000ff200000, 0x00000000ff200810, 0x00000000ff2a0000)
  to   space 640K,   0% used [0x00000000ff160000, 0x00000000ff160000, 0x00000000ff200000)
 concurrent mark-sweep generation total 13696K, used 8383K [0x00000000ff2a0000, 0x0000000100000000, 0x0000000100000000)
 Metaspace       used 5077K, capacity 5258K, committed 5504K, reserved 1056768K
  class space    used 557K, capacity 597K, committed 640K, reserved 1048576K
2024-07-16T17:58:59.744+0800: 6.889: [GC (Allocation Failure) 2024-07-16T17:58:59.744+0800: 6.889: [ParNew: 5231K->4K(6144K), 0.0002824 secs] 13614K->8387K(19840K), 0.0003153 secs] [Times: user=0.00 sys=0.00, real=0.00 secs] 
Heap after GC invocations=866 (full 95):
 par new generation   total 6144K, used 4K [0x00000000fec00000, 0x00000000ff2a0000, 0x00000000ff2a0000)
  eden space 5504K,   0% used [0x00000000fec00000, 0x00000000fec00000, 0x00000000ff160000)
  from space 640K,   0% used [0x00000000ff160000, 0x00000000ff161020, 0x00000000ff200000)
  to   space 640K,   0% used [0x00000000ff200000, 0x00000000ff200000, 0x00000000ff2a0000)
 concurrent mark-sweep generation total 13696K, used 8383K [0x00000000ff2a0000, 0x0000000100000000, 0x0000000100000000)
 Metaspace       used 5077K, capacity 5258K, committed 5504K, reserved 1056768K
  class space    used 557K, capacity 597K, committed 640K, reserved 1048576K
}
{Heap before GC invocations=866 (full 95):
 par new generation   total 6144K, used 5233K [0x00000000fec00000, 0x00000000ff2a0000, 0x00000000ff2a0000)
  eden space 5504K,  95% used [0x00000000fec00000, 0x00000000ff11b780, 0x00000000ff160000)
  from space 640K,   0% used [0x00000000ff160000, 0x00000000ff161020, 0x00000000ff200000)
  to   space 640K,   0% used [0x00000000ff200000, 0x00000000ff200000, 0x00000000ff2a0000)
 concurrent mark-sweep generation total 13696K, used 8383K [0x00000000ff2a0000, 0x0000000100000000, 0x0000000100000000)
 Metaspace       used 5077K, capacity 5258K, committed 5504K, reserved 1056768K
  class space    used 557K, capacity 597K, committed 640K, reserved 1048576K
2024-07-16T17:58:59.752+0800: 6.897: [GC (Allocation Failure) 2024-07-16T17:58:59.752+0800: 6.897: [ParNew: 5233K->6K(6144K), 0.0004192 secs] 13616K->9415K(19840K), 0.0004657 secs] [Times: user=0.00 sys=0.00, real=0.00 secs] 
Heap after GC invocations=867 (full 95):
 par new generation   total 6144K, used 6K [0x00000000fec00000, 0x00000000ff2a0000, 0x00000000ff2a0000)
  eden space 5504K,   0% used [0x00000000fec00000, 0x00000000fec00000, 0x00000000ff160000)
  from space 640K,   0% used [0x00000000ff200000, 0x00000000ff201830, 0x00000000ff2a0000)
  to   space 640K,   0% used [0x00000000ff160000, 0x00000000ff160000, 0x00000000ff200000)
 concurrent mark-sweep generation total 13696K, used 9409K [0x00000000ff2a0000, 0x0000000100000000, 0x0000000100000000)
 Metaspace       used 5077K, capacity 5258K, committed 5504K, reserved 1056768K
  class space    used 557K, capacity 597K, committed 640K, reserved 1048576K
}
{Heap before GC invocations=867 (full 95):
 par new generation   total 6144K, used 5235K [0x00000000fec00000, 0x00000000ff2a0000, 0x00000000ff2a0000)
  eden space 5504K,  95% used [0x00000000fec00000, 0x00000000ff11b780, 0x00000000ff160000)
  from space 640K,   0% used [0x00000000ff200000, 0x00000000ff201830, 0x00000000ff2a0000)
  to   space 640K,   0% used [0x00000000ff160000, 0x00000000ff160000, 0x00000000ff200000)
 concurrent mark-sweep generation total 13696K, used 9409K [0x00000000ff2a0000, 0x0000000100000000, 0x0000000100000000)
 Metaspace       used 5077K, capacity 5258K, committed 5504K, reserved 1056768K
  class space    used 557K, capacity 597K, committed 640K, reserved 1048576K
2024-07-16T17:58:59.759+0800: 6.904: [GC (Allocation Failure) 2024-07-16T17:58:59.759+0800: 6.904: [ParNew: 5235K->4K(6144K), 0.0003688 secs] 14645K->9413K(19840K), 0.0004251 secs] [Times: user=0.00 sys=0.00, real=0.00 secs] 
Heap after GC invocations=868 (full 95):
 par new generation   total 6144K, used 4K [0x00000000fec00000, 0x00000000ff2a0000, 0x00000000ff2a0000)
  eden space 5504K,   0% used [0x00000000fec00000, 0x00000000fec00000, 0x00000000ff160000)
  from space 640K,   0% used [0x00000000ff160000, 0x00000000ff161020, 0x00000000ff200000)
  to   space 640K,   0% used [0x00000000ff200000, 0x00000000ff200000, 0x00000000ff2a0000)
 concurrent mark-sweep generation total 13696K, used 9409K [0x00000000ff2a0000, 0x0000000100000000, 0x0000000100000000)
 Metaspace       used 5077K, capacity 5258K, committed 5504K, reserved 1056768K
  class space    used 557K, capacity 597K, committed 640K, reserved 1048576K
}
{Heap before GC invocations=868 (full 95):
 par new generation   total 6144K, used 5233K [0x00000000fec00000, 0x00000000ff2a0000, 0x00000000ff2a0000)
  eden space 5504K,  95% used [0x00000000fec00000, 0x00000000ff11b780, 0x00000000ff160000)
  from space 640K,   0% used [0x00000000ff160000, 0x00000000ff161020, 0x00000000ff200000)
  to   space 640K,   0% used [0x00000000ff200000, 0x00000000ff200000, 0x00000000ff2a0000)
 concurrent mark-sweep generation total 13696K, used 9409K [0x00000000ff2a0000, 0x0000000100000000, 0x0000000100000000)
 Metaspace       used 5077K, capacity 5258K, committed 5504K, reserved 1056768K
  class space    used 557K, capacity 597K, committed 640K, reserved 1048576K
2024-07-16T17:58:59.766+0800: 6.911: [GC (Allocation Failure) 2024-07-16T17:58:59.766+0800: 6.911: [ParNew: 5233K->4K(6144K), 0.0003410 secs] 14643K->9413K(19840K), 0.0003907 secs] [Times: user=0.00 sys=0.00, real=0.00 secs] 
Heap after GC invocations=869 (full 95):
 par new generation   total 6144K, used 4K [0x00000000fec00000, 0x00000000ff2a0000, 0x00000000ff2a0000)
  eden space 5504K,   0% used [0x00000000fec00000, 0x00000000fec00000, 0x00000000ff160000)
  from space 640K,   0% used [0x00000000ff200000, 0x00000000ff201020, 0x00000000ff2a0000)
  to   space 640K,   0% used [0x00000000ff160000, 0x00000000ff160000, 0x00000000ff200000)
 concurrent mark-sweep generation total 13696K, used 9409K [0x00000000ff2a0000, 0x0000000100000000, 0x0000000100000000)
 Metaspace       used 5077K, capacity 5258K, committed 5504K, reserved 1056768K
  class space    used 557K, capacity 597K, committed 640K, reserved 1048576K
}
{Heap before GC invocations=869 (full 95):
 par new generation   total 6144K, used 5233K [0x00000000fec00000, 0x00000000ff2a0000, 0x00000000ff2a0000)
  eden space 5504K,  95% used [0x00000000fec00000, 0x00000000ff11b780, 0x00000000ff160000)
  from space 640K,   0% used [0x00000000ff200000, 0x00000000ff201020, 0x00000000ff2a0000)
  to   space 640K,   0% used [0x00000000ff160000, 0x00000000ff160000, 0x00000000ff200000)
 concurrent mark-sweep generation total 13696K, used 9409K [0x00000000ff2a0000, 0x0000000100000000, 0x0000000100000000)
 Metaspace       used 5077K, capacity 5258K, committed 5504K, reserved 1056768K
  class space    used 557K, capacity 597K, committed 640K, reserved 1048576K
2024-07-16T17:58:59.772+0800: 6.917: [GC (Allocation Failure) 2024-07-16T17:58:59.772+0800: 6.917: [ParNew: 5233K->6K(6144K), 0.0010894 secs] 14643K->10439K(19840K), 0.0011784 secs] [Times: user=0.00 sys=0.00, real=0.00 secs] 
Heap after GC invocations=870 (full 95):
 par new generation   total 6144K, used 6K [0x00000000fec00000, 0x00000000ff2a0000, 0x00000000ff2a0000)
  eden space 5504K,   0% used [0x00000000fec00000, 0x00000000fec00000, 0x00000000ff160000)
  from space 640K,   0% used [0x00000000ff160000, 0x00000000ff161830, 0x00000000ff200000)
  to   space 640K,   0% used [0x00000000ff200000, 0x00000000ff200000, 0x00000000ff2a0000)
 concurrent mark-sweep generation total 13696K, used 10433K [0x00000000ff2a0000, 0x0000000100000000, 0x0000000100000000)
 Metaspace       used 5077K, capacity 5258K, committed 5504K, reserved 1056768K
  class space    used 557K, capacity 597K, committed 640K, reserved 1048576K
}
{Heap before GC invocations=870 (full 95):
 par new generation   total 6144K, used 5235K [0x00000000fec00000, 0x00000000ff2a0000, 0x00000000ff2a0000)
  eden space 5504K,  95% used [0x00000000fec00000, 0x00000000ff11b780, 0x00000000ff160000)
  from space 640K,   0% used [0x00000000ff160000, 0x00000000ff161830, 0x00000000ff200000)
  to   space 640K,   0% used [0x00000000ff200000, 0x00000000ff200000, 0x00000000ff2a0000)
 concurrent mark-sweep generation total 13696K, used 10433K [0x00000000ff2a0000, 0x0000000100000000, 0x0000000100000000)
 Metaspace       used 5077K, capacity 5258K, committed 5504K, reserved 1056768K
  class space    used 557K, capacity 597K, committed 640K, reserved 1048576K
2024-07-16T17:58:59.780+0800: 6.925: [GC (Allocation Failure) 2024-07-16T17:58:59.780+0800: 6.925: [ParNew: 5235K->4K(6144K), 0.0003783 secs] 15669K->10437K(19840K), 0.0004720 secs] [Times: user=0.00 sys=0.00, real=0.00 secs] 
Heap after GC invocations=871 (full 95):
 par new generation   total 6144K, used 4K [0x00000000fec00000, 0x00000000ff2a0000, 0x00000000ff2a0000)
  eden space 5504K,   0% used [0x00000000fec00000, 0x00000000fec00000, 0x00000000ff160000)
  from space 640K,   0% used [0x00000000ff200000, 0x00000000ff201020, 0x00000000ff2a0000)
  to   space 640K,   0% used [0x00000000ff160000, 0x00000000ff160000, 0x00000000ff200000)
 concurrent mark-sweep generation total 13696K, used 10433K [0x00000000ff2a0000, 0x0000000100000000, 0x0000000100000000)
 Metaspace       used 5077K, capacity 5258K, committed 5504K, reserved 1056768K
  class space    used 557K, capacity 597K, committed 640K, reserved 1048576K
}
{Heap before GC invocations=871 (full 95):
 par new generation   total 6144K, used 5233K [0x00000000fec00000, 0x00000000ff2a0000, 0x00000000ff2a0000)
  eden space 5504K,  95% used [0x00000000fec00000, 0x00000000ff11b780, 0x00000000ff160000)
  from space 640K,   0% used [0x00000000ff200000, 0x00000000ff201020, 0x00000000ff2a0000)
  to   space 640K,   0% used [0x00000000ff160000, 0x00000000ff160000, 0x00000000ff200000)
 concurrent mark-sweep generation total 13696K, used 10433K [0x00000000ff2a0000, 0x0000000100000000, 0x0000000100000000)
 Metaspace       used 5077K, capacity 5258K, committed 5504K, reserved 1056768K
  class space    used 557K, capacity 597K, committed 640K, reserved 1048576K
2024-07-16T17:58:59.788+0800: 6.933: [GC (Allocation Failure) 2024-07-16T17:58:59.788+0800: 6.933: [ParNew: 5233K->4K(6144K), 0.0008445 secs] 15667K->10437K(19840K), 0.0009446 secs] [Times: user=0.00 sys=0.00, real=0.00 secs] 
Heap after GC invocations=872 (full 95):
 par new generation   total 6144K, used 4K [0x00000000fec00000, 0x00000000ff2a0000, 0x00000000ff2a0000)
  eden space 5504K,   0% used [0x00000000fec00000, 0x00000000fec00000, 0x00000000ff160000)
  from space 640K,   0% used [0x00000000ff160000, 0x00000000ff161020, 0x00000000ff200000)
  to   space 640K,   0% used [0x00000000ff200000, 0x00000000ff200000, 0x00000000ff2a0000)
 concurrent mark-sweep generation total 13696K, used 10433K [0x00000000ff2a0000, 0x0000000100000000, 0x0000000100000000)
 Metaspace       used 5077K, capacity 5258K, committed 5504K, reserved 1056768K
  class space    used 557K, capacity 597K, committed 640K, reserved 1048576K
}
{Heap before GC invocations=872 (full 95):
 par new generation   total 6144K, used 5233K [0x00000000fec00000, 0x00000000ff2a0000, 0x00000000ff2a0000)
  eden space 5504K,  95% used [0x00000000fec00000, 0x00000000ff11b780, 0x00000000ff160000)
  from space 640K,   0% used [0x00000000ff160000, 0x00000000ff161020, 0x00000000ff200000)
  to   space 640K,   0% used [0x00000000ff200000, 0x00000000ff200000, 0x00000000ff2a0000)
 concurrent mark-sweep generation total 13696K, used 10433K [0x00000000ff2a0000, 0x0000000100000000, 0x0000000100000000)
 Metaspace       used 5077K, capacity 5258K, committed 5504K, reserved 1056768K
  class space    used 557K, capacity 597K, committed 640K, reserved 1048576K
2024-07-16T17:58:59.797+0800: 6.942: [GC (Allocation Failure) 2024-07-16T17:58:59.797+0800: 6.942: [ParNew: 5233K->8K(6144K), 0.0009250 secs] 15667K->11465K(19840K), 0.0010338 secs] [Times: user=0.00 sys=0.00, real=0.00 secs] 
Heap after GC invocations=873 (full 95):
 par new generation   total 6144K, used 8K [0x00000000fec00000, 0x00000000ff2a0000, 0x00000000ff2a0000)
  eden space 5504K,   0% used [0x00000000fec00000, 0x00000000fec00000, 0x00000000ff160000)
  from space 640K,   1% used [0x00000000ff200000, 0x00000000ff202040, 0x00000000ff2a0000)
  to   space 640K,   0% used [0x00000000ff160000, 0x00000000ff160000, 0x00000000ff200000)
 concurrent mark-sweep generation total 13696K, used 11457K [0x00000000ff2a0000, 0x0000000100000000, 0x0000000100000000)
 Metaspace       used 5077K, capacity 5258K, committed 5504K, reserved 1056768K
  class space    used 557K, capacity 597K, committed 640K, reserved 1048576K
}
{Heap before GC invocations=873 (full 95):
 par new generation   total 6144K, used 5237K [0x00000000fec00000, 0x00000000ff2a0000, 0x00000000ff2a0000)
  eden space 5504K,  95% used [0x00000000fec00000, 0x00000000ff11b780, 0x00000000ff160000)
  from space 640K,   1% used [0x00000000ff200000, 0x00000000ff202040, 0x00000000ff2a0000)
  to   space 640K,   0% used [0x00000000ff160000, 0x00000000ff160000, 0x00000000ff200000)
 concurrent mark-sweep generation total 13696K, used 11457K [0x00000000ff2a0000, 0x0000000100000000, 0x0000000100000000)
 Metaspace       used 5077K, capacity 5258K, committed 5504K, reserved 1056768K
  class space    used 557K, capacity 597K, committed 640K, reserved 1048576K
2024-07-16T17:58:59.805+0800: 6.950: [GC (Allocation Failure) 2024-07-16T17:58:59.805+0800: 6.950: [ParNew: 5237K->8K(6144K), 0.0005534 secs] 16695K->12489K(19840K), 0.0006229 secs] [Times: user=0.00 sys=0.00, real=0.00 secs] 
Heap after GC invocations=874 (full 95):
 par new generation   total 6144K, used 8K [0x00000000fec00000, 0x00000000ff2a0000, 0x00000000ff2a0000)
  eden space 5504K,   0% used [0x00000000fec00000, 0x00000000fec00000, 0x00000000ff160000)
  from space 640K,   1% used [0x00000000ff160000, 0x00000000ff162040, 0x00000000ff200000)
  to   space 640K,   0% used [0x00000000ff200000, 0x00000000ff200000, 0x00000000ff2a0000)
 concurrent mark-sweep generation total 13696K, used 12481K [0x00000000ff2a0000, 0x0000000100000000, 0x0000000100000000)
 Metaspace       used 5077K, capacity 5258K, committed 5504K, reserved 1056768K
  class space    used 557K, capacity 597K, committed 640K, reserved 1048576K
}
{Heap before GC invocations=874 (full 95):
 par new generation   total 6144K, used 5237K [0x00000000fec00000, 0x00000000ff2a0000, 0x00000000ff2a0000)
  eden space 5504K,  95% used [0x00000000fec00000, 0x00000000ff11b780, 0x00000000ff160000)
  from space 640K,   1% used [0x00000000ff160000, 0x00000000ff162040, 0x00000000ff200000)
  to   space 640K,   0% used [0x00000000ff200000, 0x00000000ff200000, 0x00000000ff2a0000)
 concurrent mark-sweep generation total 13696K, used 12481K [0x00000000ff2a0000, 0x0000000100000000, 0x0000000100000000)
 Metaspace       used 5077K, capacity 5258K, committed 5504K, reserved 1056768K
  class space    used 557K, capacity 597K, committed 640K, reserved 1048576K
2024-07-16T17:58:59.811+0800: 6.956: [GC (Allocation Failure) 2024-07-16T17:58:59.811+0800: 6.956: [ParNew: 5237K->5237K(6144K), 0.0000118 secs]2024-07-16T17:58:59.811+0800: 6.956: [CMS2024-07-16T17:58:59.811+0800: 6.956: [CMS-concurrent-abortable-preclean: 0.001/0.080 secs] [Times: user=0.00 sys=0.00, real=0.08 secs] 
 (concurrent mode failure): 12481K->2228K(13696K), 0.0024428 secs] 17719K->2228K(19840K), [Metaspace: 5077K->5077K(1056768K)], 0.0025098 secs] [Times: user=0.00 sys=0.00, real=0.00 secs] 
Heap after GC invocations=875 (full 96):
 par new generation   total 6144K, used 0K [0x00000000fec00000, 0x00000000ff2a0000, 0x00000000ff2a0000)
  eden space 5504K,   0% used [0x00000000fec00000, 0x00000000fec00000, 0x00000000ff160000)
  from space 640K,   0% used [0x00000000ff160000, 0x00000000ff160000, 0x00000000ff200000)
  to   space 640K,   0% used [0x00000000ff200000, 0x00000000ff200000, 0x00000000ff2a0000)
 concurrent mark-sweep generation total 13696K, used 2228K [0x00000000ff2a0000, 0x0000000100000000, 0x0000000100000000)
 Metaspace       used 5077K, capacity 5258K, committed 5504K, reserved 1056768K
  class space    used 557K, capacity 597K, committed 640K, reserved 1048576K
}
{Heap before GC invocations=875 (full 96):
 par new generation   total 6144K, used 5229K [0x00000000fec00000, 0x00000000ff2a0000, 0x00000000ff2a0000)
  eden space 5504K,  95% used [0x00000000fec00000, 0x00000000ff11b780, 0x00000000ff160000)
  from space 640K,   0% used [0x00000000ff160000, 0x00000000ff160000, 0x00000000ff200000)
  to   space 640K,   0% used [0x00000000ff200000, 0x00000000ff200000, 0x00000000ff2a0000)
 concurrent mark-sweep generation total 13696K, used 2228K [0x00000000ff2a0000, 0x0000000100000000, 0x0000000100000000)
 Metaspace       used 5077K, capacity 5258K, committed 5504K, reserved 1056768K
  class space    used 557K, capacity 597K, committed 640K, reserved 1048576K
2024-07-16T17:58:59.820+0800: 6.965: [GC (Allocation Failure) 2024-07-16T17:58:59.820+0800: 6.965: [ParNew: 5229K->8K(6144K), 0.0004876 secs] 7458K->3262K(19840K), 0.0005318 secs] [Times: user=0.00 sys=0.00, real=0.00 secs] 
Heap after GC invocations=876 (full 96):
 par new generation   total 6144K, used 8K [0x00000000fec00000, 0x00000000ff2a0000, 0x00000000ff2a0000)
  eden space 5504K,   0% used [0x00000000fec00000, 0x00000000fec00000, 0x00000000ff160000)
  from space 640K,   1% used [0x00000000ff200000, 0x00000000ff202040, 0x00000000ff2a0000)
  to   space 640K,   0% used [0x00000000ff160000, 0x00000000ff160000, 0x00000000ff200000)
 concurrent mark-sweep generation total 13696K, used 3254K [0x00000000ff2a0000, 0x0000000100000000, 0x0000000100000000)
 Metaspace       used 5077K, capacity 5258K, committed 5504K, reserved 1056768K
  class space    used 557K, capacity 597K, committed 640K, reserved 1048576K
}
{Heap before GC invocations=876 (full 96):
 par new generation   total 6144K, used 5237K [0x00000000fec00000, 0x00000000ff2a0000, 0x00000000ff2a0000)
  eden space 5504K,  95% used [0x00000000fec00000, 0x00000000ff11b780, 0x00000000ff160000)
  from space 640K,   1% used [0x00000000ff200000, 0x00000000ff202040, 0x00000000ff2a0000)
  to   space 640K,   0% used [0x00000000ff160000, 0x00000000ff160000, 0x00000000ff200000)
 concurrent mark-sweep generation total 13696K, used 3254K [0x00000000ff2a0000, 0x0000000100000000, 0x0000000100000000)
 Metaspace       used 5077K, capacity 5258K, committed 5504K, reserved 1056768K
  class space    used 557K, capacity 597K, committed 640K, reserved 1048576K
2024-07-16T17:58:59.827+0800: 6.972: [GC (Allocation Failure) 2024-07-16T17:58:59.827+0800: 6.972: [ParNew: 5237K->2K(6144K), 0.0003163 secs] 8492K->3256K(19840K), 0.0003433 secs] [Times: user=0.00 sys=0.00, real=0.00 secs] 
Heap after GC invocations=877 (full 96):
 par new generation   total 6144K, used 2K [0x00000000fec00000, 0x00000000ff2a0000, 0x00000000ff2a0000)
  eden space 5504K,   0% used [0x00000000fec00000, 0x00000000fec00000, 0x00000000ff160000)
  from space 640K,   0% used [0x00000000ff160000, 0x00000000ff160810, 0x00000000ff200000)
  to   space 640K,   0% used [0x00000000ff200000, 0x00000000ff200000, 0x00000000ff2a0000)
 concurrent mark-sweep generation total 13696K, used 3254K [0x00000000ff2a0000, 0x0000000100000000, 0x0000000100000000)
 Metaspace       used 5077K, capacity 5258K, committed 5504K, reserved 1056768K
  class space    used 557K, capacity 597K, committed 640K, reserved 1048576K
}
{Heap before GC invocations=877 (full 96):
 par new generation   total 6144K, used 5231K [0x00000000fec00000, 0x00000000ff2a0000, 0x00000000ff2a0000)
  eden space 5504K,  95% used [0x00000000fec00000, 0x00000000ff11b780, 0x00000000ff160000)
  from space 640K,   0% used [0x00000000ff160000, 0x00000000ff160810, 0x00000000ff200000)
  to   space 640K,   0% used [0x00000000ff200000, 0x00000000ff200000, 0x00000000ff2a0000)
 concurrent mark-sweep generation total 13696K, used 3254K [0x00000000ff2a0000, 0x0000000100000000, 0x0000000100000000)
 Metaspace       used 5077K, capacity 5258K, committed 5504K, reserved 1056768K
  class space    used 557K, capacity 597K, committed 640K, reserved 1048576K
2024-07-16T17:58:59.834+0800: 6.979: [GC (Allocation Failure) 2024-07-16T17:58:59.834+0800: 6.979: [ParNew: 5231K->6K(6144K), 0.0003703 secs] 8486K->4286K(19840K), 0.0004194 secs] [Times: user=0.00 sys=0.00, real=0.00 secs] 
Heap after GC invocations=878 (full 96):
 par new generation   total 6144K, used 6K [0x00000000fec00000, 0x00000000ff2a0000, 0x00000000ff2a0000)
  eden space 5504K,   0% used [0x00000000fec00000, 0x00000000fec00000, 0x00000000ff160000)
  from space 640K,   0% used [0x00000000ff200000, 0x00000000ff201830, 0x00000000ff2a0000)
  to   space 640K,   0% used [0x00000000ff160000, 0x00000000ff160000, 0x00000000ff200000)
 concurrent mark-sweep generation total 13696K, used 4280K [0x00000000ff2a0000, 0x0000000100000000, 0x0000000100000000)
 Metaspace       used 5077K, capacity 5258K, committed 5504K, reserved 1056768K
  class space    used 557K, capacity 597K, committed 640K, reserved 1048576K
}
{Heap before GC invocations=878 (full 96):
 par new generation   total 6144K, used 5235K [0x00000000fec00000, 0x00000000ff2a0000, 0x00000000ff2a0000)
  eden space 5504K,  95% used [0x00000000fec00000, 0x00000000ff11b780, 0x00000000ff160000)
  from space 640K,   0% used [0x00000000ff200000, 0x00000000ff201830, 0x00000000ff2a0000)
  to   space 640K,   0% used [0x00000000ff160000, 0x00000000ff160000, 0x00000000ff200000)
 concurrent mark-sweep generation total 13696K, used 4280K [0x00000000ff2a0000, 0x0000000100000000, 0x0000000100000000)
 Metaspace       used 5077K, capacity 5258K, committed 5504K, reserved 1056768K
  class space    used 557K, capacity 597K, committed 640K, reserved 1048576K
2024-07-16T17:58:59.841+0800: 6.986: [GC (Allocation Failure) 2024-07-16T17:58:59.841+0800: 6.986: [ParNew: 5235K->4K(6144K), 0.0002633 secs] 9516K->4284K(19840K), 0.0002911 secs] [Times: user=0.00 sys=0.00, real=0.00 secs] 
Heap after GC invocations=879 (full 96):
 par new generation   total 6144K, used 4K [0x00000000fec00000, 0x00000000ff2a0000, 0x00000000ff2a0000)
  eden space 5504K,   0% used [0x00000000fec00000, 0x00000000fec00000, 0x00000000ff160000)
  from space 640K,   0% used [0x00000000ff160000, 0x00000000ff161020, 0x00000000ff200000)
  to   space 640K,   0% used [0x00000000ff200000, 0x00000000ff200000, 0x00000000ff2a0000)
 concurrent mark-sweep generation total 13696K, used 4280K [0x00000000ff2a0000, 0x0000000100000000, 0x0000000100000000)
 Metaspace       used 5077K, capacity 5258K, committed 5504K, reserved 1056768K
  class space    used 557K, capacity 597K, committed 640K, reserved 1048576K
}
{Heap before GC invocations=879 (full 96):
 par new generation   total 6144K, used 5233K [0x00000000fec00000, 0x00000000ff2a0000, 0x00000000ff2a0000)
  eden space 5504K,  95% used [0x00000000fec00000, 0x00000000ff11b780, 0x00000000ff160000)
  from space 640K,   0% used [0x00000000ff160000, 0x00000000ff161020, 0x00000000ff200000)
  to   space 640K,   0% used [0x00000000ff200000, 0x00000000ff200000, 0x00000000ff2a0000)
 concurrent mark-sweep generation total 13696K, used 4280K [0x00000000ff2a0000, 0x0000000100000000, 0x0000000100000000)
 Metaspace       used 5077K, capacity 5258K, committed 5504K, reserved 1056768K
  class space    used 557K, capacity 597K, committed 640K, reserved 1048576K
2024-07-16T17:58:59.848+0800: 6.993: [GC (Allocation Failure) 2024-07-16T17:58:59.848+0800: 6.993: [ParNew: 5233K->4K(6144K), 0.0003486 secs] 9514K->4284K(19840K), 0.0003879 secs] [Times: user=0.00 sys=0.00, real=0.00 secs] 
Heap after GC invocations=880 (full 96):
 par new generation   total 6144K, used 4K [0x00000000fec00000, 0x00000000ff2a0000, 0x00000000ff2a0000)
  eden space 5504K,   0% used [0x00000000fec00000, 0x00000000fec00000, 0x00000000ff160000)
  from space 640K,   0% used [0x00000000ff200000, 0x00000000ff201020, 0x00000000ff2a0000)
  to   space 640K,   0% used [0x00000000ff160000, 0x00000000ff160000, 0x00000000ff200000)
 concurrent mark-sweep generation total 13696K, used 4280K [0x00000000ff2a0000, 0x0000000100000000, 0x0000000100000000)
 Metaspace       used 5077K, capacity 5258K, committed 5504K, reserved 1056768K
  class space    used 557K, capacity 597K, committed 640K, reserved 1048576K
}
{Heap before GC invocations=880 (full 96):
 par new generation   total 6144K, used 5233K [0x00000000fec00000, 0x00000000ff2a0000, 0x00000000ff2a0000)
  eden space 5504K,  95% used [0x00000000fec00000, 0x00000000ff11b780, 0x00000000ff160000)
  from space 640K,   0% used [0x00000000ff200000, 0x00000000ff201020, 0x00000000ff2a0000)
  to   space 640K,   0% used [0x00000000ff160000, 0x00000000ff160000, 0x00000000ff200000)
 concurrent mark-sweep generation total 13696K, used 4280K [0x00000000ff2a0000, 0x0000000100000000, 0x0000000100000000)
 Metaspace       used 5077K, capacity 5258K, committed 5504K, reserved 1056768K
  class space    used 557K, capacity 597K, committed 640K, reserved 1048576K
2024-07-16T17:58:59.855+0800: 7.000: [GC (Allocation Failure) 2024-07-16T17:58:59.855+0800: 7.000: [ParNew: 5233K->4K(6144K), 0.0005948 secs] 9514K->4284K(19840K), 0.0006695 secs] [Times: user=0.00 sys=0.00, real=0.00 secs] 
Heap after GC invocations=881 (full 96):
 par new generation   total 6144K, used 4K [0x00000000fec00000, 0x00000000ff2a0000, 0x00000000ff2a0000)
  eden space 5504K,   0% used [0x00000000fec00000, 0x00000000fec00000, 0x00000000ff160000)
  from space 640K,   0% used [0x00000000ff160000, 0x00000000ff161020, 0x00000000ff200000)
  to   space 640K,   0% used [0x00000000ff200000, 0x00000000ff200000, 0x00000000ff2a0000)
 concurrent mark-sweep generation total 13696K, used 4280K [0x00000000ff2a0000, 0x0000000100000000, 0x0000000100000000)
 Metaspace       used 5077K, capacity 5258K, committed 5504K, reserved 1056768K
  class space    used 557K, capacity 597K, committed 640K, reserved 1048576K
}
{Heap before GC invocations=881 (full 96):
 par new generation   total 6144K, used 5233K [0x00000000fec00000, 0x00000000ff2a0000, 0x00000000ff2a0000)
  eden space 5504K,  95% used [0x00000000fec00000, 0x00000000ff11b780, 0x00000000ff160000)
  from space 640K,   0% used [0x00000000ff160000, 0x00000000ff161020, 0x00000000ff200000)
  to   space 640K,   0% used [0x00000000ff200000, 0x00000000ff200000, 0x00000000ff2a0000)
 concurrent mark-sweep generation total 13696K, used 4280K [0x00000000ff2a0000, 0x0000000100000000, 0x0000000100000000)
 Metaspace       used 5077K, capacity 5258K, committed 5504K, reserved 1056768K
  class space    used 557K, capacity 597K, committed 640K, reserved 1048576K
2024-07-16T17:58:59.863+0800: 7.008: [GC (Allocation Failure) 2024-07-16T17:58:59.863+0800: 7.008: [ParNew: 5233K->8K(6144K), 0.0012956 secs] 9514K->5314K(19840K), 0.0013703 secs] [Times: user=0.00 sys=0.00, real=0.00 secs] 
Heap after GC invocations=882 (full 96):
 par new generation   total 6144K, used 8K [0x00000000fec00000, 0x00000000ff2a0000, 0x00000000ff2a0000)
  eden space 5504K,   0% used [0x00000000fec00000, 0x00000000fec00000, 0x00000000ff160000)
  from space 640K,   1% used [0x00000000ff200000, 0x00000000ff202040, 0x00000000ff2a0000)
  to   space 640K,   0% used [0x00000000ff160000, 0x00000000ff160000, 0x00000000ff200000)
 concurrent mark-sweep generation total 13696K, used 5306K [0x00000000ff2a0000, 0x0000000100000000, 0x0000000100000000)
 Metaspace       used 5077K, capacity 5258K, committed 5504K, reserved 1056768K
  class space    used 557K, capacity 597K, committed 640K, reserved 1048576K
}
{Heap before GC invocations=882 (full 96):
 par new generation   total 6144K, used 5237K [0x00000000fec00000, 0x00000000ff2a0000, 0x00000000ff2a0000)
  eden space 5504K,  95% used [0x00000000fec00000, 0x00000000ff11b780, 0x00000000ff160000)
  from space 640K,   1% used [0x00000000ff200000, 0x00000000ff202040, 0x00000000ff2a0000)
  to   space 640K,   0% used [0x00000000ff160000, 0x00000000ff160000, 0x00000000ff200000)
 concurrent mark-sweep generation total 13696K, used 5306K [0x00000000ff2a0000, 0x0000000100000000, 0x0000000100000000)
 Metaspace       used 5077K, capacity 5258K, committed 5504K, reserved 1056768K
  class space    used 557K, capacity 597K, committed 640K, reserved 1048576K
2024-07-16T17:58:59.872+0800: 7.017: [GC (Allocation Failure) 2024-07-16T17:58:59.872+0800: 7.017: [ParNew: 5237K->6K(6144K), 0.0010632 secs] 10544K->6336K(19840K), 0.0011613 secs] [Times: user=0.00 sys=0.00, real=0.00 secs] 
Heap after GC invocations=883 (full 96):
 par new generation   total 6144K, used 6K [0x00000000fec00000, 0x00000000ff2a0000, 0x00000000ff2a0000)
  eden space 5504K,   0% used [0x00000000fec00000, 0x00000000fec00000, 0x00000000ff160000)
  from space 640K,   0% used [0x00000000ff160000, 0x00000000ff161830, 0x00000000ff200000)
  to   space 640K,   0% used [0x00000000ff200000, 0x00000000ff200000, 0x00000000ff2a0000)
 concurrent mark-sweep generation total 13696K, used 6330K [0x00000000ff2a0000, 0x0000000100000000, 0x0000000100000000)
 Metaspace       used 5077K, capacity 5258K, committed 5504K, reserved 1056768K
  class space    used 557K, capacity 597K, committed 640K, reserved 1048576K
}
{Heap before GC invocations=883 (full 96):
 par new generation   total 6144K, used 5235K [0x00000000fec00000, 0x00000000ff2a0000, 0x00000000ff2a0000)
  eden space 5504K,  95% used [0x00000000fec00000, 0x00000000ff11b780, 0x00000000ff160000)
  from space 640K,   0% used [0x00000000ff160000, 0x00000000ff161830, 0x00000000ff200000)
  to   space 640K,   0% used [0x00000000ff200000, 0x00000000ff200000, 0x00000000ff2a0000)
 concurrent mark-sweep generation total 13696K, used 6330K [0x00000000ff2a0000, 0x0000000100000000, 0x0000000100000000)
 Metaspace       used 5077K, capacity 5258K, committed 5504K, reserved 1056768K
  class space    used 557K, capacity 597K, committed 640K, reserved 1048576K
2024-07-16T17:58:59.880+0800: 7.025: [GC (Allocation Failure) 2024-07-16T17:58:59.880+0800: 7.025: [ParNew: 5235K->6K(6144K), 0.0014280 secs] 11566K->7361K(19840K), 0.0015861 secs] [Times: user=0.00 sys=0.00, real=0.00 secs] 
Heap after GC invocations=884 (full 96):
 par new generation   total 6144K, used 6K [0x00000000fec00000, 0x00000000ff2a0000, 0x00000000ff2a0000)
  eden space 5504K,   0% used [0x00000000fec00000, 0x00000000fec00000, 0x00000000ff160000)
  from space 640K,   0% used [0x00000000ff200000, 0x00000000ff201830, 0x00000000ff2a0000)
  to   space 640K,   0% used [0x00000000ff160000, 0x00000000ff160000, 0x00000000ff200000)
 concurrent mark-sweep generation total 13696K, used 7354K [0x00000000ff2a0000, 0x0000000100000000, 0x0000000100000000)
 Metaspace       used 5077K, capacity 5258K, committed 5504K, reserved 1056768K
  class space    used 557K, capacity 597K, committed 640K, reserved 1048576K
}
{Heap before GC invocations=884 (full 96):
 par new generation   total 6144K, used 5235K [0x00000000fec00000, 0x00000000ff2a0000, 0x00000000ff2a0000)
  eden space 5504K,  95% used [0x00000000fec00000, 0x00000000ff11b780, 0x00000000ff160000)
  from space 640K,   0% used [0x00000000ff200000, 0x00000000ff201830, 0x00000000ff2a0000)
  to   space 640K,   0% used [0x00000000ff160000, 0x00000000ff160000, 0x00000000ff200000)
 concurrent mark-sweep generation total 13696K, used 7354K [0x00000000ff2a0000, 0x0000000100000000, 0x0000000100000000)
 Metaspace       used 5077K, capacity 5258K, committed 5504K, reserved 1056768K
  class space    used 557K, capacity 597K, committed 640K, reserved 1048576K
2024-07-16T17:58:59.890+0800: 7.035: [GC (Allocation Failure) 2024-07-16T17:58:59.890+0800: 7.035: [ParNew: 5235K->4K(6144K), 0.0007987 secs] 12590K->7358K(19840K), 0.0008928 secs] [Times: user=0.00 sys=0.00, real=0.00 secs] 
Heap after GC invocations=885 (full 96):
 par new generation   total 6144K, used 4K [0x00000000fec00000, 0x00000000ff2a0000, 0x00000000ff2a0000)
  eden space 5504K,   0% used [0x00000000fec00000, 0x00000000fec00000, 0x00000000ff160000)
  from space 640K,   0% used [0x00000000ff160000, 0x00000000ff161020, 0x00000000ff200000)
  to   space 640K,   0% used [0x00000000ff200000, 0x00000000ff200000, 0x00000000ff2a0000)
 concurrent mark-sweep generation total 13696K, used 7354K [0x00000000ff2a0000, 0x0000000100000000, 0x0000000100000000)
 Metaspace       used 5077K, capacity 5258K, committed 5504K, reserved 1056768K
  class space    used 557K, capacity 597K, committed 640K, reserved 1048576K
}
{Heap before GC invocations=885 (full 96):
 par new generation   total 6144K, used 5233K [0x00000000fec00000, 0x00000000ff2a0000, 0x00000000ff2a0000)
  eden space 5504K,  95% used [0x00000000fec00000, 0x00000000ff11b780, 0x00000000ff160000)
  from space 640K,   0% used [0x00000000ff160000, 0x00000000ff161020, 0x00000000ff200000)
  to   space 640K,   0% used [0x00000000ff200000, 0x00000000ff200000, 0x00000000ff2a0000)
 concurrent mark-sweep generation total 13696K, used 7354K [0x00000000ff2a0000, 0x0000000100000000, 0x0000000100000000)
 Metaspace       used 5077K, capacity 5258K, committed 5504K, reserved 1056768K
  class space    used 557K, capacity 597K, committed 640K, reserved 1048576K
2024-07-16T17:58:59.898+0800: 7.042: [GC (Allocation Failure) 2024-07-16T17:58:59.898+0800: 7.042: [ParNew: 5233K->4K(6144K), 0.0004828 secs] 12588K->7358K(19840K), 0.0005931 secs] [Times: user=0.00 sys=0.00, real=0.00 secs] 
Heap after GC invocations=886 (full 96):
 par new generation   total 6144K, used 4K [0x00000000fec00000, 0x00000000ff2a0000, 0x00000000ff2a0000)
  eden space 5504K,   0% used [0x00000000fec00000, 0x00000000fec00000, 0x00000000ff160000)
  from space 640K,   0% used [0x00000000ff200000, 0x00000000ff201020, 0x00000000ff2a0000)
  to   space 640K,   0% used [0x00000000ff160000, 0x00000000ff160000, 0x00000000ff200000)
 concurrent mark-sweep generation total 13696K, used 7354K [0x00000000ff2a0000, 0x0000000100000000, 0x0000000100000000)
 Metaspace       used 5077K, capacity 5258K, committed 5504K, reserved 1056768K
  class space    used 557K, capacity 597K, committed 640K, reserved 1048576K
}
{Heap before GC invocations=886 (full 96):
 par new generation   total 6144K, used 5233K [0x00000000fec00000, 0x00000000ff2a0000, 0x00000000ff2a0000)
  eden space 5504K,  95% used [0x00000000fec00000, 0x00000000ff11b7a0, 0x00000000ff160000)
  from space 640K,   0% used [0x00000000ff200000, 0x00000000ff201020, 0x00000000ff2a0000)
  to   space 640K,   0% used [0x00000000ff160000, 0x00000000ff160000, 0x00000000ff200000)
 concurrent mark-sweep generation total 13696K, used 7354K [0x00000000ff2a0000, 0x0000000100000000, 0x0000000100000000)
 Metaspace       used 5077K, capacity 5258K, committed 5504K, reserved 1056768K
  class space    used 557K, capacity 597K, committed 640K, reserved 1048576K
2024-07-16T17:58:59.905+0800: 7.049: [GC (Allocation Failure) 2024-07-16T17:58:59.905+0800: 7.049: [ParNew: 5233K->6K(6144K), 0.0008455 secs] 12588K->8387K(19840K), 0.0009513 secs] [Times: user=0.00 sys=0.00, real=0.00 secs] 
Heap after GC invocations=887 (full 96):
 par new generation   total 6144K, used 6K [0x00000000fec00000, 0x00000000ff2a0000, 0x00000000ff2a0000)
  eden space 5504K,   0% used [0x00000000fec00000, 0x00000000fec00000, 0x00000000ff160000)
  from space 640K,   0% used [0x00000000ff160000, 0x00000000ff161830, 0x00000000ff200000)
  to   space 640K,   0% used [0x00000000ff200000, 0x00000000ff200000, 0x00000000ff2a0000)
 concurrent mark-sweep generation total 13696K, used 8381K [0x00000000ff2a0000, 0x0000000100000000, 0x0000000100000000)
 Metaspace       used 5077K, capacity 5258K, committed 5504K, reserved 1056768K
  class space    used 557K, capacity 597K, committed 640K, reserved 1048576K
}
2024-07-16T17:58:59.906+0800: 7.051: [GC (CMS Initial Mark) [1 CMS-initial-mark: 8381K(13696K)] 9413K(19840K), 0.0004602 secs] [Times: user=0.00 sys=0.00, real=0.00 secs] 
2024-07-16T17:58:59.906+0800: 7.051: [CMS-concurrent-mark-start]
2024-07-16T17:58:59.909+0800: 7.054: [CMS-concurrent-mark: 0.003/0.003 secs] [Times: user=0.05 sys=0.00, real=0.00 secs] 
2024-07-16T17:58:59.909+0800: 7.054: [CMS-concurrent-preclean-start]
2024-07-16T17:58:59.909+0800: 7.054: [CMS-concurrent-preclean: 0.000/0.000 secs] [Times: user=0.00 sys=0.00, real=0.00 secs] 
2024-07-16T17:58:59.909+0800: 7.054: [CMS-concurrent-abortable-preclean-start]
{Heap before GC invocations=887 (full 97):
 par new generation   total 6144K, used 5235K [0x00000000fec00000, 0x00000000ff2a0000, 0x00000000ff2a0000)
  eden space 5504K,  95% used [0x00000000fec00000, 0x00000000ff11b798, 0x00000000ff160000)
  from space 640K,   0% used [0x00000000ff160000, 0x00000000ff161830, 0x00000000ff200000)
  to   space 640K,   0% used [0x00000000ff200000, 0x00000000ff200000, 0x00000000ff2a0000)
 concurrent mark-sweep generation total 13696K, used 8381K [0x00000000ff2a0000, 0x0000000100000000, 0x0000000100000000)
 Metaspace       used 5077K, capacity 5258K, committed 5504K, reserved 1056768K
  class space    used 557K, capacity 597K, committed 640K, reserved 1048576K
2024-07-16T17:58:59.914+0800: 7.058: [GC (Allocation Failure) 2024-07-16T17:58:59.914+0800: 7.058: [ParNew: 5235K->4K(6144K), 0.0003593 secs] 13616K->8385K(19840K), 0.0003950 secs] [Times: user=0.00 sys=0.00, real=0.00 secs] 
Heap after GC invocations=888 (full 97):
 par new generation   total 6144K, used 4K [0x00000000fec00000, 0x00000000ff2a0000, 0x00000000ff2a0000)
  eden space 5504K,   0% used [0x00000000fec00000, 0x00000000fec00000, 0x00000000ff160000)
  from space 640K,   0% used [0x00000000ff200000, 0x00000000ff201020, 0x00000000ff2a0000)
  to   space 640K,   0% used [0x00000000ff160000, 0x00000000ff160000, 0x00000000ff200000)
 concurrent mark-sweep generation total 13696K, used 8381K [0x00000000ff2a0000, 0x0000000100000000, 0x0000000100000000)
 Metaspace       used 5077K, capacity 5258K, committed 5504K, reserved 1056768K
  class space    used 557K, capacity 597K, committed 640K, reserved 1048576K
}
{Heap before GC invocations=888 (full 97):
 par new generation   total 6144K, used 5233K [0x00000000fec00000, 0x00000000ff2a0000, 0x00000000ff2a0000)
  eden space 5504K,  95% used [0x00000000fec00000, 0x00000000ff11b798, 0x00000000ff160000)
  from space 640K,   0% used [0x00000000ff200000, 0x00000000ff201020, 0x00000000ff2a0000)
  to   space 640K,   0% used [0x00000000ff160000, 0x00000000ff160000, 0x00000000ff200000)
 concurrent mark-sweep generation total 13696K, used 8381K [0x00000000ff2a0000, 0x0000000100000000, 0x0000000100000000)
 Metaspace       used 5077K, capacity 5258K, committed 5504K, reserved 1056768K
  class space    used 557K, capacity 597K, committed 640K, reserved 1048576K
2024-07-16T17:58:59.921+0800: 7.065: [GC (Allocation Failure) 2024-07-16T17:58:59.921+0800: 7.065: [ParNew: 5233K->4K(6144K), 0.0005670 secs] 13614K->8385K(19840K), 0.0006550 secs] [Times: user=0.00 sys=0.00, real=0.00 secs] 
Heap after GC invocations=889 (full 97):
 par new generation   total 6144K, used 4K [0x00000000fec00000, 0x00000000ff2a0000, 0x00000000ff2a0000)
  eden space 5504K,   0% used [0x00000000fec00000, 0x00000000fec00000, 0x00000000ff160000)
  from space 640K,   0% used [0x00000000ff160000, 0x00000000ff161020, 0x00000000ff200000)
  to   space 640K,   0% used [0x00000000ff200000, 0x00000000ff200000, 0x00000000ff2a0000)
 concurrent mark-sweep generation total 13696K, used 8381K [0x00000000ff2a0000, 0x0000000100000000, 0x0000000100000000)
 Metaspace       used 5077K, capacity 5258K, committed 5504K, reserved 1056768K
  class space    used 557K, capacity 597K, committed 640K, reserved 1048576K
}
{Heap before GC invocations=889 (full 97):
 par new generation   total 6144K, used 5233K [0x00000000fec00000, 0x00000000ff2a0000, 0x00000000ff2a0000)
  eden space 5504K,  95% used [0x00000000fec00000, 0x00000000ff11b798, 0x00000000ff160000)
  from space 640K,   0% used [0x00000000ff160000, 0x00000000ff161020, 0x00000000ff200000)
  to   space 640K,   0% used [0x00000000ff200000, 0x00000000ff200000, 0x00000000ff2a0000)
 concurrent mark-sweep generation total 13696K, used 8381K [0x00000000ff2a0000, 0x0000000100000000, 0x0000000100000000)
 Metaspace       used 5077K, capacity 5258K, committed 5504K, reserved 1056768K
  class space    used 557K, capacity 597K, committed 640K, reserved 1048576K
2024-07-16T17:58:59.928+0800: 7.072: [GC (Allocation Failure) 2024-07-16T17:58:59.928+0800: 7.072: [ParNew: 5233K->8K(6144K), 0.0012398 secs] 13614K->9415K(19840K), 0.0013383 secs] [Times: user=0.00 sys=0.00, real=0.00 secs] 
Heap after GC invocations=890 (full 97):
 par new generation   total 6144K, used 8K [0x00000000fec00000, 0x00000000ff2a0000, 0x00000000ff2a0000)
  eden space 5504K,   0% used [0x00000000fec00000, 0x00000000fec00000, 0x00000000ff160000)
  from space 640K,   1% used [0x00000000ff200000, 0x00000000ff202040, 0x00000000ff2a0000)
  to   space 640K,   0% used [0x00000000ff160000, 0x00000000ff160000, 0x00000000ff200000)
 concurrent mark-sweep generation total 13696K, used 9407K [0x00000000ff2a0000, 0x0000000100000000, 0x0000000100000000)
 Metaspace       used 5077K, capacity 5258K, committed 5504K, reserved 1056768K
  class space    used 557K, capacity 597K, committed 640K, reserved 1048576K
}
{Heap before GC invocations=890 (full 97):
 par new generation   total 6144K, used 5237K [0x00000000fec00000, 0x00000000ff2a0000, 0x00000000ff2a0000)
  eden space 5504K,  95% used [0x00000000fec00000, 0x00000000ff11b798, 0x00000000ff160000)
  from space 640K,   1% used [0x00000000ff200000, 0x00000000ff202040, 0x00000000ff2a0000)
  to   space 640K,   0% used [0x00000000ff160000, 0x00000000ff160000, 0x00000000ff200000)
 concurrent mark-sweep generation total 13696K, used 9407K [0x00000000ff2a0000, 0x0000000100000000, 0x0000000100000000)
 Metaspace       used 5077K, capacity 5258K, committed 5504K, reserved 1056768K
  class space    used 557K, capacity 597K, committed 640K, reserved 1048576K
2024-07-16T17:58:59.937+0800: 7.082: [GC (Allocation Failure) 2024-07-16T17:58:59.937+0800: 7.082: [ParNew: 5237K->8K(6144K), 0.0016800 secs] 14645K->10441K(19840K), 0.0018453 secs] [Times: user=0.00 sys=0.00, real=0.00 secs] 
Heap after GC invocations=891 (full 97):
 par new generation   total 6144K, used 8K [0x00000000fec00000, 0x00000000ff2a0000, 0x00000000ff2a0000)
  eden space 5504K,   0% used [0x00000000fec00000, 0x00000000fec00000, 0x00000000ff160000)
  from space 640K,   1% used [0x00000000ff160000, 0x00000000ff162040, 0x00000000ff200000)
  to   space 640K,   0% used [0x00000000ff200000, 0x00000000ff200000, 0x00000000ff2a0000)
 concurrent mark-sweep generation total 13696K, used 10433K [0x00000000ff2a0000, 0x0000000100000000, 0x0000000100000000)
 Metaspace       used 5077K, capacity 5258K, committed 5504K, reserved 1056768K
  class space    used 557K, capacity 597K, committed 640K, reserved 1048576K
}
{Heap before GC invocations=891 (full 97):
 par new generation   total 6144K, used 5237K [0x00000000fec00000, 0x00000000ff2a0000, 0x00000000ff2a0000)
  eden space 5504K,  95% used [0x00000000fec00000, 0x00000000ff11b798, 0x00000000ff160000)
  from space 640K,   1% used [0x00000000ff160000, 0x00000000ff162040, 0x00000000ff200000)
  to   space 640K,   0% used [0x00000000ff200000, 0x00000000ff200000, 0x00000000ff2a0000)
 concurrent mark-sweep generation total 13696K, used 10433K [0x00000000ff2a0000, 0x0000000100000000, 0x0000000100000000)
 Metaspace       used 5077K, capacity 5258K, committed 5504K, reserved 1056768K
  class space    used 557K, capacity 597K, committed 640K, reserved 1048576K
2024-07-16T17:58:59.949+0800: 7.093: [GC (Allocation Failure) 2024-07-16T17:58:59.949+0800: 7.094: [ParNew: 5237K->8K(6144K), 0.0014836 secs] 15671K->12489K(19840K), 0.0016575 secs] [Times: user=0.00 sys=0.00, real=0.00 secs] 
Heap after GC invocations=892 (full 97):
 par new generation   total 6144K, used 8K [0x00000000fec00000, 0x00000000ff2a0000, 0x00000000ff2a0000)
  eden space 5504K,   0% used [0x00000000fec00000, 0x00000000fec00000, 0x00000000ff160000)
  from space 640K,   1% used [0x00000000ff200000, 0x00000000ff202040, 0x00000000ff2a0000)
  to   space 640K,   0% used [0x00000000ff160000, 0x00000000ff160000, 0x00000000ff200000)
 concurrent mark-sweep generation total 13696K, used 12481K [0x00000000ff2a0000, 0x0000000100000000, 0x0000000100000000)
 Metaspace       used 5077K, capacity 5258K, committed 5504K, reserved 1056768K
  class space    used 557K, capacity 597K, committed 640K, reserved 1048576K
}
{Heap before GC invocations=892 (full 97):
 par new generation   total 6144K, used 5237K [0x00000000fec00000, 0x00000000ff2a0000, 0x00000000ff2a0000)
  eden space 5504K,  95% used [0x00000000fec00000, 0x00000000ff11b798, 0x00000000ff160000)
  from space 640K,   1% used [0x00000000ff200000, 0x00000000ff202040, 0x00000000ff2a0000)
  to   space 640K,   0% used [0x00000000ff160000, 0x00000000ff160000, 0x00000000ff200000)
 concurrent mark-sweep generation total 13696K, used 12481K [0x00000000ff2a0000, 0x0000000100000000, 0x0000000100000000)
 Metaspace       used 5077K, capacity 5258K, committed 5504K, reserved 1056768K
  class space    used 557K, capacity 597K, committed 640K, reserved 1048576K
2024-07-16T17:58:59.961+0800: 7.106: [GC (Allocation Failure) 2024-07-16T17:58:59.961+0800: 7.106: [ParNew: 5237K->5237K(6144K), 0.0000384 secs]2024-07-16T17:58:59.961+0800: 7.106: [CMS2024-07-16T17:58:59.961+0800: 7.106: [CMS-concurrent-abortable-preclean: 0.001/0.052 secs] [Times: user=0.00 sys=0.00, real=0.05 secs] 
 (concurrent mode failure): 12481K->1204K(13696K), 0.0049323 secs] 17719K->1204K(19840K), [Metaspace: 5077K->5077K(1056768K)], 0.0050951 secs] [Times: user=0.00 sys=0.00, real=0.01 secs] 
Heap after GC invocations=893 (full 98):
 par new generation   total 6144K, used 0K [0x00000000fec00000, 0x00000000ff2a0000, 0x00000000ff2a0000)
  eden space 5504K,   0% used [0x00000000fec00000, 0x00000000fec00000, 0x00000000ff160000)
  from space 640K,   0% used [0x00000000ff200000, 0x00000000ff200000, 0x00000000ff2a0000)
  to   space 640K,   0% used [0x00000000ff160000, 0x00000000ff160000, 0x00000000ff200000)
 concurrent mark-sweep generation total 13696K, used 1204K [0x00000000ff2a0000, 0x0000000100000000, 0x0000000100000000)
 Metaspace       used 5077K, capacity 5258K, committed 5504K, reserved 1056768K
  class space    used 557K, capacity 597K, committed 640K, reserved 1048576K
}
{Heap before GC invocations=893 (full 98):
 par new generation   total 6144K, used 5229K [0x00000000fec00000, 0x00000000ff2a0000, 0x00000000ff2a0000)
  eden space 5504K,  95% used [0x00000000fec00000, 0x00000000ff11b798, 0x00000000ff160000)
  from space 640K,   0% used [0x00000000ff200000, 0x00000000ff200000, 0x00000000ff2a0000)
  to   space 640K,   0% used [0x00000000ff160000, 0x00000000ff160000, 0x00000000ff200000)
 concurrent mark-sweep generation total 13696K, used 1204K [0x00000000ff2a0000, 0x0000000100000000, 0x0000000100000000)
 Metaspace       used 5077K, capacity 5258K, committed 5504K, reserved 1056768K
  class space    used 557K, capacity 597K, committed 640K, reserved 1048576K
2024-07-16T17:58:59.975+0800: 7.119: [GC (Allocation Failure) 2024-07-16T17:58:59.975+0800: 7.119: [ParNew: 5229K->4K(6144K), 0.0003510 secs] 6434K->1208K(19840K), 0.0004178 secs] [Times: user=0.00 sys=0.00, real=0.00 secs] 
Heap after GC invocations=894 (full 98):
 par new generation   total 6144K, used 4K [0x00000000fec00000, 0x00000000ff2a0000, 0x00000000ff2a0000)
  eden space 5504K,   0% used [0x00000000fec00000, 0x00000000fec00000, 0x00000000ff160000)
  from space 640K,   0% used [0x00000000ff160000, 0x00000000ff161020, 0x00000000ff200000)
  to   space 640K,   0% used [0x00000000ff200000, 0x00000000ff200000, 0x00000000ff2a0000)
 concurrent mark-sweep generation total 13696K, used 1204K [0x00000000ff2a0000, 0x0000000100000000, 0x0000000100000000)
 Metaspace       used 5077K, capacity 5258K, committed 5504K, reserved 1056768K
  class space    used 557K, capacity 597K, committed 640K, reserved 1048576K
}
{Heap before GC invocations=894 (full 98):
 par new generation   total 6144K, used 5233K [0x00000000fec00000, 0x00000000ff2a0000, 0x00000000ff2a0000)
  eden space 5504K,  95% used [0x00000000fec00000, 0x00000000ff11b798, 0x00000000ff160000)
  from space 640K,   0% used [0x00000000ff160000, 0x00000000ff161020, 0x00000000ff200000)
  to   space 640K,   0% used [0x00000000ff200000, 0x00000000ff200000, 0x00000000ff2a0000)
 concurrent mark-sweep generation total 13696K, used 1204K [0x00000000ff2a0000, 0x0000000100000000, 0x0000000100000000)
 Metaspace       used 5077K, capacity 5258K, committed 5504K, reserved 1056768K
  class space    used 557K, capacity 597K, committed 640K, reserved 1048576K
2024-07-16T17:58:59.982+0800: 7.126: [GC (Allocation Failure) 2024-07-16T17:58:59.982+0800: 7.126: [ParNew: 5233K->4K(6144K), 0.0003936 secs] 6438K->1208K(19840K), 0.0004726 secs] [Times: user=0.00 sys=0.00, real=0.00 secs] 
Heap after GC invocations=895 (full 98):
 par new generation   total 6144K, used 4K [0x00000000fec00000, 0x00000000ff2a0000, 0x00000000ff2a0000)
  eden space 5504K,   0% used [0x00000000fec00000, 0x00000000fec00000, 0x00000000ff160000)
  from space 640K,   0% used [0x00000000ff200000, 0x00000000ff201020, 0x00000000ff2a0000)
  to   space 640K,   0% used [0x00000000ff160000, 0x00000000ff160000, 0x00000000ff200000)
 concurrent mark-sweep generation total 13696K, used 1204K [0x00000000ff2a0000, 0x0000000100000000, 0x0000000100000000)
 Metaspace       used 5077K, capacity 5258K, committed 5504K, reserved 1056768K
  class space    used 557K, capacity 597K, committed 640K, reserved 1048576K
}
{Heap before GC invocations=895 (full 98):
 par new generation   total 6144K, used 5233K [0x00000000fec00000, 0x00000000ff2a0000, 0x00000000ff2a0000)
  eden space 5504K,  95% used [0x00000000fec00000, 0x00000000ff11b798, 0x00000000ff160000)
  from space 640K,   0% used [0x00000000ff200000, 0x00000000ff201020, 0x00000000ff2a0000)
  to   space 640K,   0% used [0x00000000ff160000, 0x00000000ff160000, 0x00000000ff200000)
 concurrent mark-sweep generation total 13696K, used 1204K [0x00000000ff2a0000, 0x0000000100000000, 0x0000000100000000)
 Metaspace       used 5077K, capacity 5258K, committed 5504K, reserved 1056768K
  class space    used 557K, capacity 597K, committed 640K, reserved 1048576K
2024-07-16T17:58:59.990+0800: 7.134: [GC (Allocation Failure) 2024-07-16T17:58:59.990+0800: 7.134: [ParNew: 5233K->6K(6144K), 0.0005419 secs] 6438K->2236K(19840K), 0.0006175 secs] [Times: user=0.00 sys=0.00, real=0.00 secs] 
Heap after GC invocations=896 (full 98):
 par new generation   total 6144K, used 6K [0x00000000fec00000, 0x00000000ff2a0000, 0x00000000ff2a0000)
  eden space 5504K,   0% used [0x00000000fec00000, 0x00000000fec00000, 0x00000000ff160000)
  from space 640K,   0% used [0x00000000ff160000, 0x00000000ff161830, 0x00000000ff200000)
  to   space 640K,   0% used [0x00000000ff200000, 0x00000000ff200000, 0x00000000ff2a0000)
 concurrent mark-sweep generation total 13696K, used 2230K [0x00000000ff2a0000, 0x0000000100000000, 0x0000000100000000)
 Metaspace       used 5077K, capacity 5258K, committed 5504K, reserved 1056768K
  class space    used 557K, capacity 597K, committed 640K, reserved 1048576K
}
{Heap before GC invocations=896 (full 98):
 par new generation   total 6144K, used 5235K [0x00000000fec00000, 0x00000000ff2a0000, 0x00000000ff2a0000)
  eden space 5504K,  95% used [0x00000000fec00000, 0x00000000ff11b798, 0x00000000ff160000)
  from space 640K,   0% used [0x00000000ff160000, 0x00000000ff161830, 0x00000000ff200000)
  to   space 640K,   0% used [0x00000000ff200000, 0x00000000ff200000, 0x00000000ff2a0000)
 concurrent mark-sweep generation total 13696K, used 2230K [0x00000000ff2a0000, 0x0000000100000000, 0x0000000100000000)
 Metaspace       used 5077K, capacity 5258K, committed 5504K, reserved 1056768K
  class space    used 557K, capacity 597K, committed 640K, reserved 1048576K
2024-07-16T17:58:59.996+0800: 7.140: [GC (Allocation Failure) 2024-07-16T17:58:59.996+0800: 7.140: [ParNew: 5235K->6K(6144K), 0.0004490 secs] 7466K->3262K(19840K), 0.0005243 secs] [Times: user=0.00 sys=0.00, real=0.00 secs] 
Heap after GC invocations=897 (full 98):
 par new generation   total 6144K, used 6K [0x00000000fec00000, 0x00000000ff2a0000, 0x00000000ff2a0000)
  eden space 5504K,   0% used [0x00000000fec00000, 0x00000000fec00000, 0x00000000ff160000)
  from space 640K,   0% used [0x00000000ff200000, 0x00000000ff201830, 0x00000000ff2a0000)
  to   space 640K,   0% used [0x00000000ff160000, 0x00000000ff160000, 0x00000000ff200000)
 concurrent mark-sweep generation total 13696K, used 3256K [0x00000000ff2a0000, 0x0000000100000000, 0x0000000100000000)
 Metaspace       used 5077K, capacity 5258K, committed 5504K, reserved 1056768K
  class space    used 557K, capacity 597K, committed 640K, reserved 1048576K
}
{Heap before GC invocations=897 (full 98):
 par new generation   total 6144K, used 5235K [0x00000000fec00000, 0x00000000ff2a0000, 0x00000000ff2a0000)
  eden space 5504K,  95% used [0x00000000fec00000, 0x00000000ff11b798, 0x00000000ff160000)
  from space 640K,   0% used [0x00000000ff200000, 0x00000000ff201830, 0x00000000ff2a0000)
  to   space 640K,   0% used [0x00000000ff160000, 0x00000000ff160000, 0x00000000ff200000)
 concurrent mark-sweep generation total 13696K, used 3256K [0x00000000ff2a0000, 0x0000000100000000, 0x0000000100000000)
 Metaspace       used 5077K, capacity 5258K, committed 5504K, reserved 1056768K
  class space    used 557K, capacity 597K, committed 640K, reserved 1048576K
2024-07-16T17:59:00.002+0800: 7.146: [GC (Allocation Failure) 2024-07-16T17:59:00.002+0800: 7.146: [ParNew: 5235K->4K(6144K), 0.0003809 secs] 8492K->4286K(19840K), 0.0004473 secs] [Times: user=0.00 sys=0.00, real=0.00 secs] 
Heap after GC invocations=898 (full 98):
 par new generation   total 6144K, used 4K [0x00000000fec00000, 0x00000000ff2a0000, 0x00000000ff2a0000)
  eden space 5504K,   0% used [0x00000000fec00000, 0x00000000fec00000, 0x00000000ff160000)
  from space 640K,   0% used [0x00000000ff160000, 0x00000000ff161020, 0x00000000ff200000)
  to   space 640K,   0% used [0x00000000ff200000, 0x00000000ff200000, 0x00000000ff2a0000)
 concurrent mark-sweep generation total 13696K, used 4282K [0x00000000ff2a0000, 0x0000000100000000, 0x0000000100000000)
 Metaspace       used 5077K, capacity 5258K, committed 5504K, reserved 1056768K
  class space    used 557K, capacity 597K, committed 640K, reserved 1048576K
}
{Heap before GC invocations=898 (full 98):
 par new generation   total 6144K, used 5233K [0x00000000fec00000, 0x00000000ff2a0000, 0x00000000ff2a0000)
  eden space 5504K,  95% used [0x00000000fec00000, 0x00000000ff11b798, 0x00000000ff160000)
  from space 640K,   0% used [0x00000000ff160000, 0x00000000ff161020, 0x00000000ff200000)
  to   space 640K,   0% used [0x00000000ff200000, 0x00000000ff200000, 0x00000000ff2a0000)
 concurrent mark-sweep generation total 13696K, used 4282K [0x00000000ff2a0000, 0x0000000100000000, 0x0000000100000000)
 Metaspace       used 5077K, capacity 5258K, committed 5504K, reserved 1056768K
  class space    used 557K, capacity 597K, committed 640K, reserved 1048576K
2024-07-16T17:59:00.011+0800: 7.155: [GC (Allocation Failure) 2024-07-16T17:59:00.011+0800: 7.155: [ParNew: 5233K->6K(6144K), 0.0005293 secs] 9516K->5314K(19840K), 0.0005786 secs] [Times: user=0.00 sys=0.00, real=0.00 secs] 
Heap after GC invocations=899 (full 98):
 par new generation   total 6144K, used 6K [0x00000000fec00000, 0x00000000ff2a0000, 0x00000000ff2a0000)
  eden space 5504K,   0% used [0x00000000fec00000, 0x00000000fec00000, 0x00000000ff160000)
  from space 640K,   0% used [0x00000000ff200000, 0x00000000ff201830, 0x00000000ff2a0000)
  to   space 640K,   0% used [0x00000000ff160000, 0x00000000ff160000, 0x00000000ff200000)
 concurrent mark-sweep generation total 13696K, used 5308K [0x00000000ff2a0000, 0x0000000100000000, 0x0000000100000000)
 Metaspace       used 5077K, capacity 5258K, committed 5504K, reserved 1056768K
  class space    used 557K, capacity 597K, committed 640K, reserved 1048576K
}
{Heap before GC invocations=899 (full 98):
 par new generation   total 6144K, used 5235K [0x00000000fec00000, 0x00000000ff2a0000, 0x00000000ff2a0000)
  eden space 5504K,  95% used [0x00000000fec00000, 0x00000000ff11b798, 0x00000000ff160000)
  from space 640K,   0% used [0x00000000ff200000, 0x00000000ff201830, 0x00000000ff2a0000)
  to   space 640K,   0% used [0x00000000ff160000, 0x00000000ff160000, 0x00000000ff200000)
 concurrent mark-sweep generation total 13696K, used 5308K [0x00000000ff2a0000, 0x0000000100000000, 0x0000000100000000)
 Metaspace       used 5077K, capacity 5258K, committed 5504K, reserved 1056768K
  class space    used 557K, capacity 597K, committed 640K, reserved 1048576K
2024-07-16T17:59:00.018+0800: 7.162: [GC (Allocation Failure) 2024-07-16T17:59:00.018+0800: 7.162: [ParNew: 5235K->6K(6144K), 0.0003890 secs] 10544K->6338K(19840K), 0.0004285 secs] [Times: user=0.00 sys=0.00, real=0.00 secs] 
Heap after GC invocations=900 (full 98):
 par new generation   total 6144K, used 6K [0x00000000fec00000, 0x00000000ff2a0000, 0x00000000ff2a0000)
  eden space 5504K,   0% used [0x00000000fec00000, 0x00000000fec00000, 0x00000000ff160000)
  from space 640K,   0% used [0x00000000ff160000, 0x00000000ff161830, 0x00000000ff200000)
  to   space 640K,   0% used [0x00000000ff200000, 0x00000000ff200000, 0x00000000ff2a0000)
 concurrent mark-sweep generation total 13696K, used 6332K [0x00000000ff2a0000, 0x0000000100000000, 0x0000000100000000)
 Metaspace       used 5077K, capacity 5258K, committed 5504K, reserved 1056768K
  class space    used 557K, capacity 597K, committed 640K, reserved 1048576K
}
{Heap before GC invocations=900 (full 98):
 par new generation   total 6144K, used 5235K [0x00000000fec00000, 0x00000000ff2a0000, 0x00000000ff2a0000)
  eden space 5504K,  95% used [0x00000000fec00000, 0x00000000ff11b798, 0x00000000ff160000)
  from space 640K,   0% used [0x00000000ff160000, 0x00000000ff161830, 0x00000000ff200000)
  to   space 640K,   0% used [0x00000000ff200000, 0x00000000ff200000, 0x00000000ff2a0000)
 concurrent mark-sweep generation total 13696K, used 6332K [0x00000000ff2a0000, 0x0000000100000000, 0x0000000100000000)
 Metaspace       used 5077K, capacity 5258K, committed 5504K, reserved 1056768K
  class space    used 557K, capacity 597K, committed 640K, reserved 1048576K
2024-07-16T17:59:00.025+0800: 7.169: [GC (Allocation Failure) 2024-07-16T17:59:00.025+0800: 7.169: [ParNew: 5235K->6K(6144K), 0.0003747 secs] 11568K->7364K(19840K), 0.0004151 secs] [Times: user=0.00 sys=0.00, real=0.00 secs] 
Heap after GC invocations=901 (full 98):
 par new generation   total 6144K, used 6K [0x00000000fec00000, 0x00000000ff2a0000, 0x00000000ff2a0000)
  eden space 5504K,   0% used [0x00000000fec00000, 0x00000000fec00000, 0x00000000ff160000)
  from space 640K,   0% used [0x00000000ff200000, 0x00000000ff201830, 0x00000000ff2a0000)
  to   space 640K,   0% used [0x00000000ff160000, 0x00000000ff160000, 0x00000000ff200000)
 concurrent mark-sweep generation total 13696K, used 7358K [0x00000000ff2a0000, 0x0000000100000000, 0x0000000100000000)
 Metaspace       used 5077K, capacity 5258K, committed 5504K, reserved 1056768K
  class space    used 557K, capacity 597K, committed 640K, reserved 1048576K
}
{Heap before GC invocations=901 (full 98):
 par new generation   total 6144K, used 5235K [0x00000000fec00000, 0x00000000ff2a0000, 0x00000000ff2a0000)
  eden space 5504K,  95% used [0x00000000fec00000, 0x00000000ff11b798, 0x00000000ff160000)
  from space 640K,   0% used [0x00000000ff200000, 0x00000000ff201830, 0x00000000ff2a0000)
  to   space 640K,   0% used [0x00000000ff160000, 0x00000000ff160000, 0x00000000ff200000)
 concurrent mark-sweep generation total 13696K, used 7358K [0x00000000ff2a0000, 0x0000000100000000, 0x0000000100000000)
 Metaspace       used 5077K, capacity 5258K, committed 5504K, reserved 1056768K
  class space    used 557K, capacity 597K, committed 640K, reserved 1048576K
2024-07-16T17:59:00.032+0800: 7.176: [GC (Allocation Failure) 2024-07-16T17:59:00.032+0800: 7.176: [ParNew: 5235K->4K(6144K), 0.0002760 secs] 12594K->7362K(19840K), 0.0003015 secs] [Times: user=0.00 sys=0.00, real=0.00 secs] 
Heap after GC invocations=902 (full 98):
 par new generation   total 6144K, used 4K [0x00000000fec00000, 0x00000000ff2a0000, 0x00000000ff2a0000)
  eden space 5504K,   0% used [0x00000000fec00000, 0x00000000fec00000, 0x00000000ff160000)
  from space 640K,   0% used [0x00000000ff160000, 0x00000000ff161020, 0x00000000ff200000)
  to   space 640K,   0% used [0x00000000ff200000, 0x00000000ff200000, 0x00000000ff2a0000)
 concurrent mark-sweep generation total 13696K, used 7358K [0x00000000ff2a0000, 0x0000000100000000, 0x0000000100000000)
 Metaspace       used 5077K, capacity 5258K, committed 5504K, reserved 1056768K
  class space    used 557K, capacity 597K, committed 640K, reserved 1048576K
}
{Heap before GC invocations=902 (full 98):
 par new generation   total 6144K, used 5233K [0x00000000fec00000, 0x00000000ff2a0000, 0x00000000ff2a0000)
  eden space 5504K,  95% used [0x00000000fec00000, 0x00000000ff11b798, 0x00000000ff160000)
  from space 640K,   0% used [0x00000000ff160000, 0x00000000ff161020, 0x00000000ff200000)
  to   space 640K,   0% used [0x00000000ff200000, 0x00000000ff200000, 0x00000000ff2a0000)
 concurrent mark-sweep generation total 13696K, used 7358K [0x00000000ff2a0000, 0x0000000100000000, 0x0000000100000000)
 Metaspace       used 5077K, capacity 5258K, committed 5504K, reserved 1056768K
  class space    used 557K, capacity 597K, committed 640K, reserved 1048576K
2024-07-16T17:59:00.038+0800: 7.182: [GC (Allocation Failure) 2024-07-16T17:59:00.038+0800: 7.182: [ParNew: 5233K->8K(6144K), 0.0003703 secs] 12592K->8393K(19840K), 0.0004152 secs] [Times: user=0.00 sys=0.00, real=0.00 secs] 
Heap after GC invocations=903 (full 98):
 par new generation   total 6144K, used 8K [0x00000000fec00000, 0x00000000ff2a0000, 0x00000000ff2a0000)
  eden space 5504K,   0% used [0x00000000fec00000, 0x00000000fec00000, 0x00000000ff160000)
  from space 640K,   1% used [0x00000000ff200000, 0x00000000ff202040, 0x00000000ff2a0000)
  to   space 640K,   0% used [0x00000000ff160000, 0x00000000ff160000, 0x00000000ff200000)
 concurrent mark-sweep generation total 13696K, used 8384K [0x00000000ff2a0000, 0x0000000100000000, 0x0000000100000000)
 Metaspace       used 5077K, capacity 5258K, committed 5504K, reserved 1056768K
  class space    used 557K, capacity 597K, committed 640K, reserved 1048576K
}
2024-07-16T17:59:00.038+0800: 7.183: [GC (CMS Initial Mark) [1 CMS-initial-mark: 8384K(13696K)] 9417K(19840K), 0.0001812 secs] [Times: user=0.00 sys=0.00, real=0.00 secs] 
2024-07-16T17:59:00.038+0800: 7.183: [CMS-concurrent-mark-start]
2024-07-16T17:59:00.040+0800: 7.185: [CMS-concurrent-mark: 0.002/0.002 secs] [Times: user=0.00 sys=0.00, real=0.00 secs] 
2024-07-16T17:59:00.040+0800: 7.185: [CMS-concurrent-preclean-start]
2024-07-16T17:59:00.040+0800: 7.185: [CMS-concurrent-preclean: 0.000/0.000 secs] [Times: user=0.00 sys=0.00, real=0.00 secs] 
2024-07-16T17:59:00.041+0800: 7.185: [CMS-concurrent-abortable-preclean-start]
{Heap before GC invocations=903 (full 99):
 par new generation   total 6144K, used 5237K [0x00000000fec00000, 0x00000000ff2a0000, 0x00000000ff2a0000)
  eden space 5504K,  95% used [0x00000000fec00000, 0x00000000ff11b798, 0x00000000ff160000)
  from space 640K,   1% used [0x00000000ff200000, 0x00000000ff202040, 0x00000000ff2a0000)
  to   space 640K,   0% used [0x00000000ff160000, 0x00000000ff160000, 0x00000000ff200000)
 concurrent mark-sweep generation total 13696K, used 8384K [0x00000000ff2a0000, 0x0000000100000000, 0x0000000100000000)
 Metaspace       used 5077K, capacity 5258K, committed 5504K, reserved 1056768K
  class space    used 557K, capacity 597K, committed 640K, reserved 1048576K
2024-07-16T17:59:00.046+0800: 7.190: [GC (Allocation Failure) 2024-07-16T17:59:00.046+0800: 7.190: [ParNew: 5237K->6K(6144K), 0.0005186 secs] 13622K->9417K(19840K), 0.0005630 secs] [Times: user=0.00 sys=0.00, real=0.00 secs] 
Heap after GC invocations=904 (full 99):
 par new generation   total 6144K, used 6K [0x00000000fec00000, 0x00000000ff2a0000, 0x00000000ff2a0000)
  eden space 5504K,   0% used [0x00000000fec00000, 0x00000000fec00000, 0x00000000ff160000)
  from space 640K,   0% used [0x00000000ff160000, 0x00000000ff161830, 0x00000000ff200000)
  to   space 640K,   0% used [0x00000000ff200000, 0x00000000ff200000, 0x00000000ff2a0000)
 concurrent mark-sweep generation total 13696K, used 9411K [0x00000000ff2a0000, 0x0000000100000000, 0x0000000100000000)
 Metaspace       used 5077K, capacity 5258K, committed 5504K, reserved 1056768K
  class space    used 557K, capacity 597K, committed 640K, reserved 1048576K
}
{Heap before GC invocations=904 (full 99):
 par new generation   total 6144K, used 5235K [0x00000000fec00000, 0x00000000ff2a0000, 0x00000000ff2a0000)
  eden space 5504K,  95% used [0x00000000fec00000, 0x00000000ff11b798, 0x00000000ff160000)
  from space 640K,   0% used [0x00000000ff160000, 0x00000000ff161830, 0x00000000ff200000)
  to   space 640K,   0% used [0x00000000ff200000, 0x00000000ff200000, 0x00000000ff2a0000)
 concurrent mark-sweep generation total 13696K, used 9411K [0x00000000ff2a0000, 0x0000000100000000, 0x0000000100000000)
 Metaspace       used 5077K, capacity 5258K, committed 5504K, reserved 1056768K
  class space    used 557K, capacity 597K, committed 640K, reserved 1048576K
2024-07-16T17:59:00.053+0800: 7.197: [GC (Allocation Failure) 2024-07-16T17:59:00.053+0800: 7.197: [ParNew: 5235K->4K(6144K), 0.0002859 secs] 14647K->9415K(19840K), 0.0003230 secs] [Times: user=0.00 sys=0.00, real=0.00 secs] 
Heap after GC invocations=905 (full 99):
 par new generation   total 6144K, used 4K [0x00000000fec00000, 0x00000000ff2a0000, 0x00000000ff2a0000)
  eden space 5504K,   0% used [0x00000000fec00000, 0x00000000fec00000, 0x00000000ff160000)
  from space 640K,   0% used [0x00000000ff200000, 0x00000000ff201020, 0x00000000ff2a0000)
  to   space 640K,   0% used [0x00000000ff160000, 0x00000000ff160000, 0x00000000ff200000)
 concurrent mark-sweep generation total 13696K, used 9411K [0x00000000ff2a0000, 0x0000000100000000, 0x0000000100000000)
 Metaspace       used 5077K, capacity 5258K, committed 5504K, reserved 1056768K
  class space    used 557K, capacity 597K, committed 640K, reserved 1048576K
}
{Heap before GC invocations=905 (full 99):
 par new generation   total 6144K, used 5233K [0x00000000fec00000, 0x00000000ff2a0000, 0x00000000ff2a0000)
  eden space 5504K,  95% used [0x00000000fec00000, 0x00000000ff11b798, 0x00000000ff160000)
  from space 640K,   0% used [0x00000000ff200000, 0x00000000ff201020, 0x00000000ff2a0000)
  to   space 640K,   0% used [0x00000000ff160000, 0x00000000ff160000, 0x00000000ff200000)
 concurrent mark-sweep generation total 13696K, used 9411K [0x00000000ff2a0000, 0x0000000100000000, 0x0000000100000000)
 Metaspace       used 5077K, capacity 5258K, committed 5504K, reserved 1056768K
  class space    used 557K, capacity 597K, committed 640K, reserved 1048576K
2024-07-16T17:59:00.059+0800: 7.203: [GC (Allocation Failure) 2024-07-16T17:59:00.059+0800: 7.203: [ParNew: 5233K->4K(6144K), 0.0005890 secs] 14644K->10439K(19840K), 0.0006501 secs] [Times: user=0.00 sys=0.00, real=0.00 secs] 
Heap after GC invocations=906 (full 99):
 par new generation   total 6144K, used 4K [0x00000000fec00000, 0x00000000ff2a0000, 0x00000000ff2a0000)
  eden space 5504K,   0% used [0x00000000fec00000, 0x00000000fec00000, 0x00000000ff160000)
  from space 640K,   0% used [0x00000000ff160000, 0x00000000ff161020, 0x00000000ff200000)
  to   space 640K,   0% used [0x00000000ff200000, 0x00000000ff200000, 0x00000000ff2a0000)
 concurrent mark-sweep generation total 13696K, used 10435K [0x00000000ff2a0000, 0x0000000100000000, 0x0000000100000000)
 Metaspace       used 5077K, capacity 5258K, committed 5504K, reserved 1056768K
  class space    used 557K, capacity 597K, committed 640K, reserved 1048576K
}
{Heap before GC invocations=906 (full 99):
 par new generation   total 6144K, used 5233K [0x00000000fec00000, 0x00000000ff2a0000, 0x00000000ff2a0000)
  eden space 5504K,  95% used [0x00000000fec00000, 0x00000000ff11b798, 0x00000000ff160000)
  from space 640K,   0% used [0x00000000ff160000, 0x00000000ff161020, 0x00000000ff200000)
  to   space 640K,   0% used [0x00000000ff200000, 0x00000000ff200000, 0x00000000ff2a0000)
 concurrent mark-sweep generation total 13696K, used 10435K [0x00000000ff2a0000, 0x0000000100000000, 0x0000000100000000)
 Metaspace       used 5077K, capacity 5258K, committed 5504K, reserved 1056768K
  class space    used 557K, capacity 597K, committed 640K, reserved 1048576K
2024-07-16T17:59:00.065+0800: 7.209: [GC (Allocation Failure) 2024-07-16T17:59:00.065+0800: 7.210: [ParNew: 5233K->6K(6144K), 0.0011998 secs] 15669K->11465K(19840K), 0.0013327 secs] [Times: user=0.00 sys=0.00, real=0.00 secs] 
Heap after GC invocations=907 (full 99):
 par new generation   total 6144K, used 6K [0x00000000fec00000, 0x00000000ff2a0000, 0x00000000ff2a0000)
  eden space 5504K,   0% used [0x00000000fec00000, 0x00000000fec00000, 0x00000000ff160000)
  from space 640K,   0% used [0x00000000ff200000, 0x00000000ff201830, 0x00000000ff2a0000)
  to   space 640K,   0% used [0x00000000ff160000, 0x00000000ff160000, 0x00000000ff200000)
 concurrent mark-sweep generation total 13696K, used 11459K [0x00000000ff2a0000, 0x0000000100000000, 0x0000000100000000)
 Metaspace       used 5077K, capacity 5258K, committed 5504K, reserved 1056768K
  class space    used 557K, capacity 597K, committed 640K, reserved 1048576K
}
{Heap before GC invocations=907 (full 99):
 par new generation   total 6144K, used 5235K [0x00000000fec00000, 0x00000000ff2a0000, 0x00000000ff2a0000)
  eden space 5504K,  95% used [0x00000000fec00000, 0x00000000ff11b798, 0x00000000ff160000)
  from space 640K,   0% used [0x00000000ff200000, 0x00000000ff201830, 0x00000000ff2a0000)
  to   space 640K,   0% used [0x00000000ff160000, 0x00000000ff160000, 0x00000000ff200000)
 concurrent mark-sweep generation total 13696K, used 11459K [0x00000000ff2a0000, 0x0000000100000000, 0x0000000100000000)
 Metaspace       used 5077K, capacity 5258K, committed 5504K, reserved 1056768K
  class space    used 557K, capacity 597K, committed 640K, reserved 1048576K
2024-07-16T17:59:00.073+0800: 7.217: [GC (Allocation Failure) 2024-07-16T17:59:00.073+0800: 7.217: [ParNew: 5235K->6K(6144K), 0.0008045 secs] 16695K->12489K(19840K), 0.0009173 secs] [Times: user=0.00 sys=0.00, real=0.00 secs] 
Heap after GC invocations=908 (full 99):
 par new generation   total 6144K, used 6K [0x00000000fec00000, 0x00000000ff2a0000, 0x00000000ff2a0000)
  eden space 5504K,   0% used [0x00000000fec00000, 0x00000000fec00000, 0x00000000ff160000)
  from space 640K,   0% used [0x00000000ff160000, 0x00000000ff161830, 0x00000000ff200000)
  to   space 640K,   0% used [0x00000000ff200000, 0x00000000ff200000, 0x00000000ff2a0000)
 concurrent mark-sweep generation total 13696K, used 12483K [0x00000000ff2a0000, 0x0000000100000000, 0x0000000100000000)
 Metaspace       used 5077K, capacity 5258K, committed 5504K, reserved 1056768K
  class space    used 557K, capacity 597K, committed 640K, reserved 1048576K
}
{Heap before GC invocations=908 (full 99):
 par new generation   total 6144K, used 5235K [0x00000000fec00000, 0x00000000ff2a0000, 0x00000000ff2a0000)
  eden space 5504K,  95% used [0x00000000fec00000, 0x00000000ff11b798, 0x00000000ff160000)
  from space 640K,   0% used [0x00000000ff160000, 0x00000000ff161830, 0x00000000ff200000)
  to   space 640K,   0% used [0x00000000ff200000, 0x00000000ff200000, 0x00000000ff2a0000)
 concurrent mark-sweep generation total 13696K, used 12483K [0x00000000ff2a0000, 0x0000000100000000, 0x0000000100000000)
 Metaspace       used 5077K, capacity 5258K, committed 5504K, reserved 1056768K
  class space    used 557K, capacity 597K, committed 640K, reserved 1048576K
2024-07-16T17:59:00.081+0800: 7.225: [GC (Allocation Failure) 2024-07-16T17:59:00.081+0800: 7.225: [ParNew: 5235K->5235K(6144K), 0.0000132 secs]2024-07-16T17:59:00.081+0800: 7.225: [CMS2024-07-16T17:59:00.081+0800: 7.225: [CMS-concurrent-abortable-preclean: 0.001/0.040 secs] [Times: user=0.00 sys=0.00, real=0.04 secs] 
 (concurrent mode failure): 12483K->2228K(13696K), 0.0034309 secs] 17719K->2228K(19840K), [Metaspace: 5077K->5077K(1056768K)], 0.0035180 secs] [Times: user=0.00 sys=0.00, real=0.00 secs] 
Heap after GC invocations=909 (full 100):
 par new generation   total 6144K, used 0K [0x00000000fec00000, 0x00000000ff2a0000, 0x00000000ff2a0000)
  eden space 5504K,   0% used [0x00000000fec00000, 0x00000000fec00000, 0x00000000ff160000)
  from space 640K,   0% used [0x00000000ff160000, 0x00000000ff160000, 0x00000000ff200000)
  to   space 640K,   0% used [0x00000000ff200000, 0x00000000ff200000, 0x00000000ff2a0000)
 concurrent mark-sweep generation total 13696K, used 2228K [0x00000000ff2a0000, 0x0000000100000000, 0x0000000100000000)
 Metaspace       used 5077K, capacity 5258K, committed 5504K, reserved 1056768K
  class space    used 557K, capacity 597K, committed 640K, reserved 1048576K
}
{Heap before GC invocations=909 (full 100):
 par new generation   total 6144K, used 5229K [0x00000000fec00000, 0x00000000ff2a0000, 0x00000000ff2a0000)
  eden space 5504K,  95% used [0x00000000fec00000, 0x00000000ff11b798, 0x00000000ff160000)
  from space 640K,   0% used [0x00000000ff160000, 0x00000000ff160000, 0x00000000ff200000)
  to   space 640K,   0% used [0x00000000ff200000, 0x00000000ff200000, 0x00000000ff2a0000)
 concurrent mark-sweep generation total 13696K, used 2228K [0x00000000ff2a0000, 0x0000000100000000, 0x0000000100000000)
 Metaspace       used 5077K, capacity 5258K, committed 5504K, reserved 1056768K
  class space    used 557K, capacity 597K, committed 640K, reserved 1048576K
2024-07-16T17:59:00.093+0800: 7.237: [GC (Allocation Failure) 2024-07-16T17:59:00.093+0800: 7.237: [ParNew: 5229K->4K(6144K), 0.0003754 secs] 7458K->2232K(19840K), 0.0004370 secs] [Times: user=0.00 sys=0.00, real=0.00 secs] 
Heap after GC invocations=910 (full 100):
 par new generation   total 6144K, used 4K [0x00000000fec00000, 0x00000000ff2a0000, 0x00000000ff2a0000)
  eden space 5504K,   0% used [0x00000000fec00000, 0x00000000fec00000, 0x00000000ff160000)
  from space 640K,   0% used [0x00000000ff200000, 0x00000000ff201020, 0x00000000ff2a0000)
  to   space 640K,   0% used [0x00000000ff160000, 0x00000000ff160000, 0x00000000ff200000)
 concurrent mark-sweep generation total 13696K, used 2228K [0x00000000ff2a0000, 0x0000000100000000, 0x0000000100000000)
 Metaspace       used 5077K, capacity 5258K, committed 5504K, reserved 1056768K
  class space    used 557K, capacity 597K, committed 640K, reserved 1048576K
}
{Heap before GC invocations=910 (full 100):
 par new generation   total 6144K, used 5233K [0x00000000fec00000, 0x00000000ff2a0000, 0x00000000ff2a0000)
  eden space 5504K,  95% used [0x00000000fec00000, 0x00000000ff11b798, 0x00000000ff160000)
  from space 640K,   0% used [0x00000000ff200000, 0x00000000ff201020, 0x00000000ff2a0000)
  to   space 640K,   0% used [0x00000000ff160000, 0x00000000ff160000, 0x00000000ff200000)
 concurrent mark-sweep generation total 13696K, used 2228K [0x00000000ff2a0000, 0x0000000100000000, 0x0000000100000000)
 Metaspace       used 5077K, capacity 5258K, committed 5504K, reserved 1056768K
  class space    used 557K, capacity 597K, committed 640K, reserved 1048576K
2024-07-16T17:59:00.100+0800: 7.245: [GC (Allocation Failure) 2024-07-16T17:59:00.100+0800: 7.245: [ParNew: 5233K->6K(6144K), 0.0013496 secs] 7462K->3260K(19840K), 0.0015039 secs] [Times: user=0.00 sys=0.00, real=0.00 secs] 
Heap after GC invocations=911 (full 100):
 par new generation   total 6144K, used 6K [0x00000000fec00000, 0x00000000ff2a0000, 0x00000000ff2a0000)
  eden space 5504K,   0% used [0x00000000fec00000, 0x00000000fec00000, 0x00000000ff160000)
  from space 640K,   0% used [0x00000000ff160000, 0x00000000ff161830, 0x00000000ff200000)
  to   space 640K,   0% used [0x00000000ff200000, 0x00000000ff200000, 0x00000000ff2a0000)
 concurrent mark-sweep generation total 13696K, used 3254K [0x00000000ff2a0000, 0x0000000100000000, 0x0000000100000000)
 Metaspace       used 5077K, capacity 5258K, committed 5504K, reserved 1056768K
  class space    used 557K, capacity 597K, committed 640K, reserved 1048576K
}
{Heap before GC invocations=911 (full 100):
 par new generation   total 6144K, used 5235K [0x00000000fec00000, 0x00000000ff2a0000, 0x00000000ff2a0000)
  eden space 5504K,  95% used [0x00000000fec00000, 0x00000000ff11b798, 0x00000000ff160000)
  from space 640K,   0% used [0x00000000ff160000, 0x00000000ff161830, 0x00000000ff200000)
  to   space 640K,   0% used [0x00000000ff200000, 0x00000000ff200000, 0x00000000ff2a0000)
 concurrent mark-sweep generation total 13696K, used 3254K [0x00000000ff2a0000, 0x0000000100000000, 0x0000000100000000)
 Metaspace       used 5077K, capacity 5258K, committed 5504K, reserved 1056768K
  class space    used 557K, capacity 597K, committed 640K, reserved 1048576K
2024-07-16T17:59:00.110+0800: 7.254: [GC (Allocation Failure) 2024-07-16T17:59:00.110+0800: 7.254: [ParNew: 5235K->4K(6144K), 0.0004462 secs] 8490K->4284K(19840K), 0.0004992 secs] [Times: user=0.00 sys=0.00, real=0.00 secs] 
Heap after GC invocations=912 (full 100):
 par new generation   total 6144K, used 4K [0x00000000fec00000, 0x00000000ff2a0000, 0x00000000ff2a0000)
  eden space 5504K,   0% used [0x00000000fec00000, 0x00000000fec00000, 0x00000000ff160000)
  from space 640K,   0% used [0x00000000ff200000, 0x00000000ff201020, 0x00000000ff2a0000)
  to   space 640K,   0% used [0x00000000ff160000, 0x00000000ff160000, 0x00000000ff200000)
 concurrent mark-sweep generation total 13696K, used 4280K [0x00000000ff2a0000, 0x0000000100000000, 0x0000000100000000)
 Metaspace       used 5077K, capacity 5258K, committed 5504K, reserved 1056768K
  class space    used 557K, capacity 597K, committed 640K, reserved 1048576K
}
{Heap before GC invocations=912 (full 100):
 par new generation   total 6144K, used 5233K [0x00000000fec00000, 0x00000000ff2a0000, 0x00000000ff2a0000)
  eden space 5504K,  95% used [0x00000000fec00000, 0x00000000ff11b798, 0x00000000ff160000)
  from space 640K,   0% used [0x00000000ff200000, 0x00000000ff201020, 0x00000000ff2a0000)
  to   space 640K,   0% used [0x00000000ff160000, 0x00000000ff160000, 0x00000000ff200000)
 concurrent mark-sweep generation total 13696K, used 4280K [0x00000000ff2a0000, 0x0000000100000000, 0x0000000100000000)
 Metaspace       used 5077K, capacity 5258K, committed 5504K, reserved 1056768K
  class space    used 557K, capacity 597K, committed 640K, reserved 1048576K
2024-07-16T17:59:00.118+0800: 7.262: [GC (Allocation Failure) 2024-07-16T17:59:00.118+0800: 7.262: [ParNew: 5233K->4K(6144K), 0.0004805 secs] 9514K->4284K(19840K), 0.0005524 secs] [Times: user=0.00 sys=0.00, real=0.00 secs] 
Heap after GC invocations=913 (full 100):
 par new generation   total 6144K, used 4K [0x00000000fec00000, 0x00000000ff2a0000, 0x00000000ff2a0000)
  eden space 5504K,   0% used [0x00000000fec00000, 0x00000000fec00000, 0x00000000ff160000)
  from space 640K,   0% used [0x00000000ff160000, 0x00000000ff161020, 0x00000000ff200000)
  to   space 640K,   0% used [0x00000000ff200000, 0x00000000ff200000, 0x00000000ff2a0000)
 concurrent mark-sweep generation total 13696K, used 4280K [0x00000000ff2a0000, 0x0000000100000000, 0x0000000100000000)
 Metaspace       used 5077K, capacity 5258K, committed 5504K, reserved 1056768K
  class space    used 557K, capacity 597K, committed 640K, reserved 1048576K
}
{Heap before GC invocations=913 (full 100):
 par new generation   total 6144K, used 5233K [0x00000000fec00000, 0x00000000ff2a0000, 0x00000000ff2a0000)
  eden space 5504K,  95% used [0x00000000fec00000, 0x00000000ff11b798, 0x00000000ff160000)
  from space 640K,   0% used [0x00000000ff160000, 0x00000000ff161020, 0x00000000ff200000)
  to   space 640K,   0% used [0x00000000ff200000, 0x00000000ff200000, 0x00000000ff2a0000)
 concurrent mark-sweep generation total 13696K, used 4280K [0x00000000ff2a0000, 0x0000000100000000, 0x0000000100000000)
 Metaspace       used 5077K, capacity 5258K, committed 5504K, reserved 1056768K
  class space    used 557K, capacity 597K, committed 640K, reserved 1048576K
2024-07-16T17:59:00.126+0800: 7.270: [GC (Allocation Failure) 2024-07-16T17:59:00.126+0800: 7.270: [ParNew: 5233K->2K(6144K), 0.0002484 secs] 9514K->4282K(19840K), 0.0002773 secs] [Times: user=0.00 sys=0.00, real=0.00 secs] 
Heap after GC invocations=914 (full 100):
 par new generation   total 6144K, used 2K [0x00000000fec00000, 0x00000000ff2a0000, 0x00000000ff2a0000)
  eden space 5504K,   0% used [0x00000000fec00000, 0x00000000fec00000, 0x00000000ff160000)
  from space 640K,   0% used [0x00000000ff200000, 0x00000000ff200810, 0x00000000ff2a0000)
  to   space 640K,   0% used [0x00000000ff160000, 0x00000000ff160000, 0x00000000ff200000)
 concurrent mark-sweep generation total 13696K, used 4280K [0x00000000ff2a0000, 0x0000000100000000, 0x0000000100000000)
 Metaspace       used 5077K, capacity 5258K, committed 5504K, reserved 1056768K
  class space    used 557K, capacity 597K, committed 640K, reserved 1048576K
}
{Heap before GC invocations=914 (full 100):
 par new generation   total 6144K, used 5231K [0x00000000fec00000, 0x00000000ff2a0000, 0x00000000ff2a0000)
  eden space 5504K,  95% used [0x00000000fec00000, 0x00000000ff11b798, 0x00000000ff160000)
  from space 640K,   0% used [0x00000000ff200000, 0x00000000ff200810, 0x00000000ff2a0000)
  to   space 640K,   0% used [0x00000000ff160000, 0x00000000ff160000, 0x00000000ff200000)
 concurrent mark-sweep generation total 13696K, used 4280K [0x00000000ff2a0000, 0x0000000100000000, 0x0000000100000000)
 Metaspace       used 5077K, capacity 5258K, committed 5504K, reserved 1056768K
  class space    used 557K, capacity 597K, committed 640K, reserved 1048576K
2024-07-16T17:59:00.132+0800: 7.276: [GC (Allocation Failure) 2024-07-16T17:59:00.132+0800: 7.276: [ParNew: 5231K->8K(6144K), 0.0005249 secs] 9512K->5314K(19840K), 0.0005924 secs] [Times: user=0.00 sys=0.00, real=0.00 secs] 
Heap after GC invocations=915 (full 100):
 par new generation   total 6144K, used 8K [0x00000000fec00000, 0x00000000ff2a0000, 0x00000000ff2a0000)
  eden space 5504K,   0% used [0x00000000fec00000, 0x00000000fec00000, 0x00000000ff160000)
  from space 640K,   1% used [0x00000000ff160000, 0x00000000ff162040, 0x00000000ff200000)
  to   space 640K,   0% used [0x00000000ff200000, 0x00000000ff200000, 0x00000000ff2a0000)
 concurrent mark-sweep generation total 13696K, used 5306K [0x00000000ff2a0000, 0x0000000100000000, 0x0000000100000000)
 Metaspace       used 5077K, capacity 5258K, committed 5504K, reserved 1056768K
  class space    used 557K, capacity 597K, committed 640K, reserved 1048576K
}
{Heap before GC invocations=915 (full 100):
 par new generation   total 6144K, used 5237K [0x00000000fec00000, 0x00000000ff2a0000, 0x00000000ff2a0000)
  eden space 5504K,  95% used [0x00000000fec00000, 0x00000000ff11b798, 0x00000000ff160000)
  from space 640K,   1% used [0x00000000ff160000, 0x00000000ff162040, 0x00000000ff200000)
  to   space 640K,   0% used [0x00000000ff200000, 0x00000000ff200000, 0x00000000ff2a0000)
 concurrent mark-sweep generation total 13696K, used 5306K [0x00000000ff2a0000, 0x0000000100000000, 0x0000000100000000)
 Metaspace       used 5077K, capacity 5258K, committed 5504K, reserved 1056768K
  class space    used 557K, capacity 597K, committed 640K, reserved 1048576K
2024-07-16T17:59:00.139+0800: 7.283: [GC (Allocation Failure) 2024-07-16T17:59:00.139+0800: 7.283: [ParNew: 5237K->4K(6144K), 0.0011679 secs] 10544K->6337K(19840K), 0.0012689 secs] [Times: user=0.00 sys=0.00, real=0.00 secs] 
Heap after GC invocations=916 (full 100):
 par new generation   total 6144K, used 4K [0x00000000fec00000, 0x00000000ff2a0000, 0x00000000ff2a0000)
  eden space 5504K,   0% used [0x00000000fec00000, 0x00000000fec00000, 0x00000000ff160000)
  from space 640K,   0% used [0x00000000ff200000, 0x00000000ff201020, 0x00000000ff2a0000)
  to   space 640K,   0% used [0x00000000ff160000, 0x00000000ff160000, 0x00000000ff200000)
 concurrent mark-sweep generation total 13696K, used 6332K [0x00000000ff2a0000, 0x0000000100000000, 0x0000000100000000)
 Metaspace       used 5077K, capacity 5258K, committed 5504K, reserved 1056768K
  class space    used 557K, capacity 597K, committed 640K, reserved 1048576K
}
{Heap before GC invocations=916 (full 100):
 par new generation   total 6144K, used 5233K [0x00000000fec00000, 0x00000000ff2a0000, 0x00000000ff2a0000)
  eden space 5504K,  95% used [0x00000000fec00000, 0x00000000ff11b798, 0x00000000ff160000)
  from space 640K,   0% used [0x00000000ff200000, 0x00000000ff201020, 0x00000000ff2a0000)
  to   space 640K,   0% used [0x00000000ff160000, 0x00000000ff160000, 0x00000000ff200000)
 concurrent mark-sweep generation total 13696K, used 6332K [0x00000000ff2a0000, 0x0000000100000000, 0x0000000100000000)
 Metaspace       used 5077K, capacity 5258K, committed 5504K, reserved 1056768K
  class space    used 557K, capacity 597K, committed 640K, reserved 1048576K
2024-07-16T17:59:00.148+0800: 7.292: [GC (Allocation Failure) 2024-07-16T17:59:00.148+0800: 7.292: [ParNew: 5233K->4K(6144K), 0.0002837 secs] 11566K->6337K(19840K), 0.0003227 secs] [Times: user=0.00 sys=0.00, real=0.00 secs] 
Heap after GC invocations=917 (full 100):
 par new generation   total 6144K, used 4K [0x00000000fec00000, 0x00000000ff2a0000, 0x00000000ff2a0000)
  eden space 5504K,   0% used [0x00000000fec00000, 0x00000000fec00000, 0x00000000ff160000)
  from space 640K,   0% used [0x00000000ff160000, 0x00000000ff161020, 0x00000000ff200000)
  to   space 640K,   0% used [0x00000000ff200000, 0x00000000ff200000, 0x00000000ff2a0000)
 concurrent mark-sweep generation total 13696K, used 6332K [0x00000000ff2a0000, 0x0000000100000000, 0x0000000100000000)
 Metaspace       used 5077K, capacity 5258K, committed 5504K, reserved 1056768K
  class space    used 557K, capacity 597K, committed 640K, reserved 1048576K
}
{Heap before GC invocations=917 (full 100):
 par new generation   total 6144K, used 5233K [0x00000000fec00000, 0x00000000ff2a0000, 0x00000000ff2a0000)
  eden space 5504K,  95% used [0x00000000fec00000, 0x00000000ff11b798, 0x00000000ff160000)
  from space 640K,   0% used [0x00000000ff160000, 0x00000000ff161020, 0x00000000ff200000)
  to   space 640K,   0% used [0x00000000ff200000, 0x00000000ff200000, 0x00000000ff2a0000)
 concurrent mark-sweep generation total 13696K, used 6332K [0x00000000ff2a0000, 0x0000000100000000, 0x0000000100000000)
 Metaspace       used 5077K, capacity 5258K, committed 5504K, reserved 1056768K
  class space    used 557K, capacity 597K, committed 640K, reserved 1048576K
2024-07-16T17:59:00.155+0800: 7.299: [GC (Allocation Failure) 2024-07-16T17:59:00.155+0800: 7.299: [ParNew: 5233K->6K(6144K), 0.0004058 secs] 11566K->7363K(19840K), 0.0004528 secs] [Times: user=0.00 sys=0.00, real=0.00 secs] 
Heap after GC invocations=918 (full 100):
 par new generation   total 6144K, used 6K [0x00000000fec00000, 0x00000000ff2a0000, 0x00000000ff2a0000)
  eden space 5504K,   0% used [0x00000000fec00000, 0x00000000fec00000, 0x00000000ff160000)
  from space 640K,   0% used [0x00000000ff200000, 0x00000000ff201830, 0x00000000ff2a0000)
  to   space 640K,   0% used [0x00000000ff160000, 0x00000000ff160000, 0x00000000ff200000)
 concurrent mark-sweep generation total 13696K, used 7357K [0x00000000ff2a0000, 0x0000000100000000, 0x0000000100000000)
 Metaspace       used 5077K, capacity 5258K, committed 5504K, reserved 1056768K
  class space    used 557K, capacity 597K, committed 640K, reserved 1048576K
}
{Heap before GC invocations=918 (full 100):
 par new generation   total 6144K, used 5235K [0x00000000fec00000, 0x00000000ff2a0000, 0x00000000ff2a0000)
  eden space 5504K,  95% used [0x00000000fec00000, 0x00000000ff11b798, 0x00000000ff160000)
  from space 640K,   0% used [0x00000000ff200000, 0x00000000ff201830, 0x00000000ff2a0000)
  to   space 640K,   0% used [0x00000000ff160000, 0x00000000ff160000, 0x00000000ff200000)
 concurrent mark-sweep generation total 13696K, used 7357K [0x00000000ff2a0000, 0x0000000100000000, 0x0000000100000000)
 Metaspace       used 5077K, capacity 5258K, committed 5504K, reserved 1056768K
  class space    used 557K, capacity 597K, committed 640K, reserved 1048576K
2024-07-16T17:59:00.163+0800: 7.307: [GC (Allocation Failure) 2024-07-16T17:59:00.163+0800: 7.307: [ParNew: 5235K->6K(6144K), 0.0004033 secs] 12592K->8387K(19840K), 0.0004428 secs] [Times: user=0.00 sys=0.00, real=0.00 secs] 
Heap after GC invocations=919 (full 100):
 par new generation   total 6144K, used 6K [0x00000000fec00000, 0x00000000ff2a0000, 0x00000000ff2a0000)
  eden space 5504K,   0% used [0x00000000fec00000, 0x00000000fec00000, 0x00000000ff160000)
  from space 640K,   0% used [0x00000000ff160000, 0x00000000ff161830, 0x00000000ff200000)
  to   space 640K,   0% used [0x00000000ff200000, 0x00000000ff200000, 0x00000000ff2a0000)
 concurrent mark-sweep generation total 13696K, used 8381K [0x00000000ff2a0000, 0x0000000100000000, 0x0000000100000000)
 Metaspace       used 5077K, capacity 5258K, committed 5504K, reserved 1056768K
  class space    used 557K, capacity 597K, committed 640K, reserved 1048576K
}
2024-07-16T17:59:00.163+0800: 7.308: [GC (CMS Initial Mark) [1 CMS-initial-mark: 8381K(13696K)] 9411K(19840K), 0.0001753 secs] [Times: user=0.00 sys=0.00, real=0.00 secs] 
2024-07-16T17:59:00.163+0800: 7.308: [CMS-concurrent-mark-start]
2024-07-16T17:59:00.166+0800: 7.311: [CMS-concurrent-mark: 0.003/0.003 secs] [Times: user=0.00 sys=0.00, real=0.00 secs] 
2024-07-16T17:59:00.166+0800: 7.311: [CMS-concurrent-preclean-start]
2024-07-16T17:59:00.166+0800: 7.311: [CMS-concurrent-preclean: 0.000/0.000 secs] [Times: user=0.00 sys=0.00, real=0.00 secs] 
2024-07-16T17:59:00.166+0800: 7.311: [CMS-concurrent-abortable-preclean-start]
{Heap before GC invocations=919 (full 101):
 par new generation   total 6144K, used 5235K [0x00000000fec00000, 0x00000000ff2a0000, 0x00000000ff2a0000)
  eden space 5504K,  95% used [0x00000000fec00000, 0x00000000ff11b798, 0x00000000ff160000)
  from space 640K,   0% used [0x00000000ff160000, 0x00000000ff161830, 0x00000000ff200000)
  to   space 640K,   0% used [0x00000000ff200000, 0x00000000ff200000, 0x00000000ff2a0000)
 concurrent mark-sweep generation total 13696K, used 8381K [0x00000000ff2a0000, 0x0000000100000000, 0x0000000100000000)
 Metaspace       used 5077K, capacity 5258K, committed 5504K, reserved 1056768K
  class space    used 557K, capacity 597K, committed 640K, reserved 1048576K
2024-07-16T17:59:00.170+0800: 7.314: [GC (Allocation Failure) 2024-07-16T17:59:00.170+0800: 7.314: [ParNew: 5235K->8K(6144K), 0.0004018 secs] 13616K->9415K(19840K), 0.0004374 secs] [Times: user=0.00 sys=0.00, real=0.00 secs] 
Heap after GC invocations=920 (full 101):
 par new generation   total 6144K, used 8K [0x00000000fec00000, 0x00000000ff2a0000, 0x00000000ff2a0000)
  eden space 5504K,   0% used [0x00000000fec00000, 0x00000000fec00000, 0x00000000ff160000)
  from space 640K,   1% used [0x00000000ff200000, 0x00000000ff202040, 0x00000000ff2a0000)
  to   space 640K,   0% used [0x00000000ff160000, 0x00000000ff160000, 0x00000000ff200000)
 concurrent mark-sweep generation total 13696K, used 9407K [0x00000000ff2a0000, 0x0000000100000000, 0x0000000100000000)
 Metaspace       used 5077K, capacity 5258K, committed 5504K, reserved 1056768K
  class space    used 557K, capacity 597K, committed 640K, reserved 1048576K
}
{Heap before GC invocations=920 (full 101):
 par new generation   total 6144K, used 5237K [0x00000000fec00000, 0x00000000ff2a0000, 0x00000000ff2a0000)
  eden space 5504K,  95% used [0x00000000fec00000, 0x00000000ff11b798, 0x00000000ff160000)
  from space 640K,   1% used [0x00000000ff200000, 0x00000000ff202040, 0x00000000ff2a0000)
  to   space 640K,   0% used [0x00000000ff160000, 0x00000000ff160000, 0x00000000ff200000)
 concurrent mark-sweep generation total 13696K, used 9407K [0x00000000ff2a0000, 0x0000000100000000, 0x0000000100000000)
 Metaspace       used 5077K, capacity 5258K, committed 5504K, reserved 1056768K
  class space    used 557K, capacity 597K, committed 640K, reserved 1048576K
2024-07-16T17:59:00.176+0800: 7.320: [GC (Allocation Failure) 2024-07-16T17:59:00.176+0800: 7.320: [ParNew: 5237K->4K(6144K), 0.0006043 secs] 14645K->10437K(19840K), 0.0006709 secs] [Times: user=0.00 sys=0.00, real=0.00 secs] 
Heap after GC invocations=921 (full 101):
 par new generation   total 6144K, used 4K [0x00000000fec00000, 0x00000000ff2a0000, 0x00000000ff2a0000)
  eden space 5504K,   0% used [0x00000000fec00000, 0x00000000fec00000, 0x00000000ff160000)
  from space 640K,   0% used [0x00000000ff160000, 0x00000000ff161020, 0x00000000ff200000)
  to   space 640K,   0% used [0x00000000ff200000, 0x00000000ff200000, 0x00000000ff2a0000)
 concurrent mark-sweep generation total 13696K, used 10433K [0x00000000ff2a0000, 0x0000000100000000, 0x0000000100000000)
 Metaspace       used 5077K, capacity 5258K, committed 5504K, reserved 1056768K
  class space    used 557K, capacity 597K, committed 640K, reserved 1048576K
}
{Heap before GC invocations=921 (full 101):
 par new generation   total 6144K, used 5233K [0x00000000fec00000, 0x00000000ff2a0000, 0x00000000ff2a0000)
  eden space 5504K,  95% used [0x00000000fec00000, 0x00000000ff11b798, 0x00000000ff160000)
  from space 640K,   0% used [0x00000000ff160000, 0x00000000ff161020, 0x00000000ff200000)
  to   space 640K,   0% used [0x00000000ff200000, 0x00000000ff200000, 0x00000000ff2a0000)
 concurrent mark-sweep generation total 13696K, used 10433K [0x00000000ff2a0000, 0x0000000100000000, 0x0000000100000000)
 Metaspace       used 5077K, capacity 5258K, committed 5504K, reserved 1056768K
  class space    used 557K, capacity 597K, committed 640K, reserved 1048576K
2024-07-16T17:59:00.183+0800: 7.327: [GC (Allocation Failure) 2024-07-16T17:59:00.183+0800: 7.327: [ParNew: 5233K->8K(6144K), 0.0003569 secs] 15667K->11465K(19840K), 0.0004050 secs] [Times: user=0.00 sys=0.00, real=0.00 secs] 
Heap after GC invocations=922 (full 101):
 par new generation   total 6144K, used 8K [0x00000000fec00000, 0x00000000ff2a0000, 0x00000000ff2a0000)
  eden space 5504K,   0% used [0x00000000fec00000, 0x00000000fec00000, 0x00000000ff160000)
  from space 640K,   1% used [0x00000000ff200000, 0x00000000ff202040, 0x00000000ff2a0000)
  to   space 640K,   0% used [0x00000000ff160000, 0x00000000ff160000, 0x00000000ff200000)
 concurrent mark-sweep generation total 13696K, used 11457K [0x00000000ff2a0000, 0x0000000100000000, 0x0000000100000000)
 Metaspace       used 5077K, capacity 5258K, committed 5504K, reserved 1056768K
  class space    used 557K, capacity 597K, committed 640K, reserved 1048576K
}
{Heap before GC invocations=922 (full 101):
 par new generation   total 6144K, used 5237K [0x00000000fec00000, 0x00000000ff2a0000, 0x00000000ff2a0000)
  eden space 5504K,  95% used [0x00000000fec00000, 0x00000000ff11b798, 0x00000000ff160000)
  from space 640K,   1% used [0x00000000ff200000, 0x00000000ff202040, 0x00000000ff2a0000)
  to   space 640K,   0% used [0x00000000ff160000, 0x00000000ff160000, 0x00000000ff200000)
 concurrent mark-sweep generation total 13696K, used 11457K [0x00000000ff2a0000, 0x0000000100000000, 0x0000000100000000)
 Metaspace       used 5077K, capacity 5258K, committed 5504K, reserved 1056768K
  class space    used 557K, capacity 597K, committed 640K, reserved 1048576K
2024-07-16T17:59:00.189+0800: 7.333: [GC (Allocation Failure) 2024-07-16T17:59:00.189+0800: 7.333: [ParNew: 5237K->6K(6144K), 0.0003571 secs] 16695K->12487K(19840K), 0.0003969 secs] [Times: user=0.00 sys=0.00, real=0.00 secs] 
Heap after GC invocations=923 (full 101):
 par new generation   total 6144K, used 6K [0x00000000fec00000, 0x00000000ff2a0000, 0x00000000ff2a0000)
  eden space 5504K,   0% used [0x00000000fec00000, 0x00000000fec00000, 0x00000000ff160000)
  from space 640K,   0% used [0x00000000ff160000, 0x00000000ff161830, 0x00000000ff200000)
  to   space 640K,   0% used [0x00000000ff200000, 0x00000000ff200000, 0x00000000ff2a0000)
 concurrent mark-sweep generation total 13696K, used 12481K [0x00000000ff2a0000, 0x0000000100000000, 0x0000000100000000)
 Metaspace       used 5077K, capacity 5258K, committed 5504K, reserved 1056768K
  class space    used 557K, capacity 597K, committed 640K, reserved 1048576K
}
{Heap before GC invocations=923 (full 101):
 par new generation   total 6144K, used 5235K [0x00000000fec00000, 0x00000000ff2a0000, 0x00000000ff2a0000)
  eden space 5504K,  95% used [0x00000000fec00000, 0x00000000ff11b798, 0x00000000ff160000)
  from space 640K,   0% used [0x00000000ff160000, 0x00000000ff161830, 0x00000000ff200000)
  to   space 640K,   0% used [0x00000000ff200000, 0x00000000ff200000, 0x00000000ff2a0000)
 concurrent mark-sweep generation total 13696K, used 12481K [0x00000000ff2a0000, 0x0000000100000000, 0x0000000100000000)
 Metaspace       used 5077K, capacity 5258K, committed 5504K, reserved 1056768K
  class space    used 557K, capacity 597K, committed 640K, reserved 1048576K
2024-07-16T17:59:00.197+0800: 7.341: [GC (Allocation Failure) 2024-07-16T17:59:00.197+0800: 7.341: [ParNew: 5235K->8K(6144K), 0.0005793 secs] 17717K->13515K(19840K), 0.0006552 secs] [Times: user=0.00 sys=0.00, real=0.00 secs] 
Heap after GC invocations=924 (full 101):
 par new generation   total 6144K, used 8K [0x00000000fec00000, 0x00000000ff2a0000, 0x00000000ff2a0000)
  eden space 5504K,   0% used [0x00000000fec00000, 0x00000000fec00000, 0x00000000ff160000)
  from space 640K,   1% used [0x00000000ff200000, 0x00000000ff202040, 0x00000000ff2a0000)
  to   space 640K,   0% used [0x00000000ff160000, 0x00000000ff160000, 0x00000000ff200000)
 concurrent mark-sweep generation total 13696K, used 13507K [0x00000000ff2a0000, 0x0000000100000000, 0x0000000100000000)
 Metaspace       used 5077K, capacity 5258K, committed 5504K, reserved 1056768K
  class space    used 557K, capacity 597K, committed 640K, reserved 1048576K
}
2024-07-16T17:59:00.197+0800: 7.342: [CMS-concurrent-abortable-preclean: 0.000/0.031 secs] [Times: user=0.00 sys=0.00, real=0.03 secs] 
2024-07-16T17:59:00.198+0800: 7.342: [GC (CMS Final Remark) [YG occupancy: 1139 K (6144 K)]2024-07-16T17:59:00.198+0800: 7.342: [Rescan (parallel) , 0.0001442 secs]2024-07-16T17:59:00.198+0800: 7.343: [weak refs processing, 0.0000087 secs]2024-07-16T17:59:00.198+0800: 7.343: [class unloading, 0.0003375 secs]2024-07-16T17:59:00.198+0800: 7.343: [scrub symbol table, 0.0005678 secs]2024-07-16T17:59:00.199+0800: 7.343: [scrub string table, 0.0002089 secs][1 CMS-remark: 13507K(13696K)] 14647K(19840K), 0.0013505 secs] [Times: user=0.00 sys=0.00, real=0.00 secs] 
2024-07-16T17:59:00.199+0800: 7.344: [CMS-concurrent-sweep-start]
2024-07-16T17:59:00.199+0800: 7.344: [CMS-concurrent-sweep: 0.000/0.000 secs] [Times: user=0.00 sys=0.00, real=0.00 secs] 
2024-07-16T17:59:00.199+0800: 7.344: [CMS-concurrent-reset-start]
2024-07-16T17:59:00.199+0800: 7.344: [CMS-concurrent-reset: 0.000/0.000 secs] [Times: user=0.00 sys=0.00, real=0.00 secs] 
{Heap before GC invocations=924 (full 101):
 par new generation   total 6144K, used 5237K [0x00000000fec00000, 0x00000000ff2a0000, 0x00000000ff2a0000)
  eden space 5504K,  95% used [0x00000000fec00000, 0x00000000ff11b798, 0x00000000ff160000)
  from space 640K,   1% used [0x00000000ff200000, 0x00000000ff202040, 0x00000000ff2a0000)
  to   space 640K,   0% used [0x00000000ff160000, 0x00000000ff160000, 0x00000000ff200000)
 concurrent mark-sweep generation total 13696K, used 7362K [0x00000000ff2a0000, 0x0000000100000000, 0x0000000100000000)
 Metaspace       used 5077K, capacity 5258K, committed 5504K, reserved 1056768K
  class space    used 557K, capacity 597K, committed 640K, reserved 1048576K
2024-07-16T17:59:00.207+0800: 7.352: [GC (Allocation Failure) 2024-07-16T17:59:00.207+0800: 7.352: [ParNew: 5237K->8K(6144K), 0.0007736 secs] 12600K->8395K(19840K), 0.0010111 secs] [Times: user=0.00 sys=0.00, real=0.00 secs] 
Heap after GC invocations=925 (full 101):
 par new generation   total 6144K, used 8K [0x00000000fec00000, 0x00000000ff2a0000, 0x00000000ff2a0000)
  eden space 5504K,   0% used [0x00000000fec00000, 0x00000000fec00000, 0x00000000ff160000)
  from space 640K,   1% used [0x00000000ff160000, 0x00000000ff162040, 0x00000000ff200000)
  to   space 640K,   0% used [0x00000000ff200000, 0x00000000ff200000, 0x00000000ff2a0000)
 concurrent mark-sweep generation total 13696K, used 8386K [0x00000000ff2a0000, 0x0000000100000000, 0x0000000100000000)
 Metaspace       used 5077K, capacity 5258K, committed 5504K, reserved 1056768K
  class space    used 557K, capacity 597K, committed 640K, reserved 1048576K
}
2024-07-16T17:59:00.208+0800: 7.353: [GC (CMS Initial Mark) [1 CMS-initial-mark: 8386K(13696K)] 9421K(19840K), 0.0002305 secs] [Times: user=0.00 sys=0.00, real=0.00 secs] 
2024-07-16T17:59:00.208+0800: 7.353: [CMS-concurrent-mark-start]
2024-07-16T17:59:00.211+0800: 7.356: [CMS-concurrent-mark: 0.003/0.003 secs] [Times: user=0.00 sys=0.00, real=0.00 secs] 
2024-07-16T17:59:00.211+0800: 7.356: [CMS-concurrent-preclean-start]
2024-07-16T17:59:00.211+0800: 7.356: [CMS-concurrent-preclean: 0.000/0.000 secs] [Times: user=0.00 sys=0.00, real=0.00 secs] 
2024-07-16T17:59:00.211+0800: 7.356: [CMS-concurrent-abortable-preclean-start]
{Heap before GC invocations=925 (full 102):
 par new generation   total 6144K, used 5237K [0x00000000fec00000, 0x00000000ff2a0000, 0x00000000ff2a0000)
  eden space 5504K,  95% used [0x00000000fec00000, 0x00000000ff11b798, 0x00000000ff160000)
  from space 640K,   1% used [0x00000000ff160000, 0x00000000ff162040, 0x00000000ff200000)
  to   space 640K,   0% used [0x00000000ff200000, 0x00000000ff200000, 0x00000000ff2a0000)
 concurrent mark-sweep generation total 13696K, used 8386K [0x00000000ff2a0000, 0x0000000100000000, 0x0000000100000000)
 Metaspace       used 5077K, capacity 5258K, committed 5504K, reserved 1056768K
  class space    used 557K, capacity 597K, committed 640K, reserved 1048576K
2024-07-16T17:59:00.216+0800: 7.360: [GC (Allocation Failure) 2024-07-16T17:59:00.216+0800: 7.360: [ParNew: 5237K->8K(6144K), 0.0003737 secs] 13624K->9419K(19840K), 0.0004353 secs] [Times: user=0.00 sys=0.00, real=0.00 secs] 
Heap after GC invocations=926 (full 102):
 par new generation   total 6144K, used 8K [0x00000000fec00000, 0x00000000ff2a0000, 0x00000000ff2a0000)
  eden space 5504K,   0% used [0x00000000fec00000, 0x00000000fec00000, 0x00000000ff160000)
  from space 640K,   1% used [0x00000000ff200000, 0x00000000ff202040, 0x00000000ff2a0000)
  to   space 640K,   0% used [0x00000000ff160000, 0x00000000ff160000, 0x00000000ff200000)
 concurrent mark-sweep generation total 13696K, used 9410K [0x00000000ff2a0000, 0x0000000100000000, 0x0000000100000000)
 Metaspace       used 5077K, capacity 5258K, committed 5504K, reserved 1056768K
  class space    used 557K, capacity 597K, committed 640K, reserved 1048576K
}
{Heap before GC invocations=926 (full 102):
 par new generation   total 6144K, used 5237K [0x00000000fec00000, 0x00000000ff2a0000, 0x00000000ff2a0000)
  eden space 5504K,  95% used [0x00000000fec00000, 0x00000000ff11b798, 0x00000000ff160000)
  from space 640K,   1% used [0x00000000ff200000, 0x00000000ff202040, 0x00000000ff2a0000)
  to   space 640K,   0% used [0x00000000ff160000, 0x00000000ff160000, 0x00000000ff200000)
 concurrent mark-sweep generation total 13696K, used 9410K [0x00000000ff2a0000, 0x0000000100000000, 0x0000000100000000)
 Metaspace       used 5077K, capacity 5258K, committed 5504K, reserved 1056768K
  class space    used 557K, capacity 597K, committed 640K, reserved 1048576K
2024-07-16T17:59:00.223+0800: 7.367: [GC (Allocation Failure) 2024-07-16T17:59:00.223+0800: 7.367: [ParNew: 5237K->4K(6144K), 0.0002597 secs] 14648K->9415K(19840K), 0.0002959 secs] [Times: user=0.00 sys=0.00, real=0.00 secs] 
Heap after GC invocations=927 (full 102):
 par new generation   total 6144K, used 4K [0x00000000fec00000, 0x00000000ff2a0000, 0x00000000ff2a0000)
  eden space 5504K,   0% used [0x00000000fec00000, 0x00000000fec00000, 0x00000000ff160000)
  from space 640K,   0% used [0x00000000ff160000, 0x00000000ff161020, 0x00000000ff200000)
  to   space 640K,   0% used [0x00000000ff200000, 0x00000000ff200000, 0x00000000ff2a0000)
 concurrent mark-sweep generation total 13696K, used 9410K [0x00000000ff2a0000, 0x0000000100000000, 0x0000000100000000)
 Metaspace       used 5077K, capacity 5258K, committed 5504K, reserved 1056768K
  class space    used 557K, capacity 597K, committed 640K, reserved 1048576K
}
{Heap before GC invocations=927 (full 102):
 par new generation   total 6144K, used 5233K [0x00000000fec00000, 0x00000000ff2a0000, 0x00000000ff2a0000)
  eden space 5504K,  95% used [0x00000000fec00000, 0x00000000ff11b798, 0x00000000ff160000)
  from space 640K,   0% used [0x00000000ff160000, 0x00000000ff161020, 0x00000000ff200000)
  to   space 640K,   0% used [0x00000000ff200000, 0x00000000ff200000, 0x00000000ff2a0000)
 concurrent mark-sweep generation total 13696K, used 9410K [0x00000000ff2a0000, 0x0000000100000000, 0x0000000100000000)
 Metaspace       used 5077K, capacity 5258K, committed 5504K, reserved 1056768K
  class space    used 557K, capacity 597K, committed 640K, reserved 1048576K
2024-07-16T17:59:00.229+0800: 7.373: [GC (Allocation Failure) 2024-07-16T17:59:00.229+0800: 7.373: [ParNew: 5233K->8K(6144K), 0.0004111 secs] 14644K->10445K(19840K), 0.0005100 secs] [Times: user=0.00 sys=0.00, real=0.00 secs] 
Heap after GC invocations=928 (full 102):
 par new generation   total 6144K, used 8K [0x00000000fec00000, 0x00000000ff2a0000, 0x00000000ff2a0000)
  eden space 5504K,   0% used [0x00000000fec00000, 0x00000000fec00000, 0x00000000ff160000)
  from space 640K,   1% used [0x00000000ff200000, 0x00000000ff202040, 0x00000000ff2a0000)
  to   space 640K,   0% used [0x00000000ff160000, 0x00000000ff160000, 0x00000000ff200000)
 concurrent mark-sweep generation total 13696K, used 10437K [0x00000000ff2a0000, 0x0000000100000000, 0x0000000100000000)
 Metaspace       used 5077K, capacity 5258K, committed 5504K, reserved 1056768K
  class space    used 557K, capacity 597K, committed 640K, reserved 1048576K
}
{Heap before GC invocations=928 (full 102):
 par new generation   total 6144K, used 5237K [0x00000000fec00000, 0x00000000ff2a0000, 0x00000000ff2a0000)
  eden space 5504K,  95% used [0x00000000fec00000, 0x00000000ff11b798, 0x00000000ff160000)
  from space 640K,   1% used [0x00000000ff200000, 0x00000000ff202040, 0x00000000ff2a0000)
  to   space 640K,   0% used [0x00000000ff160000, 0x00000000ff160000, 0x00000000ff200000)
 concurrent mark-sweep generation total 13696K, used 10437K [0x00000000ff2a0000, 0x0000000100000000, 0x0000000100000000)
 Metaspace       used 5077K, capacity 5258K, committed 5504K, reserved 1056768K
  class space    used 557K, capacity 597K, committed 640K, reserved 1048576K
2024-07-16T17:59:00.236+0800: 7.381: [GC (Allocation Failure) 2024-07-16T17:59:00.236+0800: 7.381: [ParNew: 5237K->4K(6144K), 0.0008764 secs] 15675K->11465K(19840K), 0.0009957 secs] [Times: user=0.00 sys=0.00, real=0.00 secs] 
Heap after GC invocations=929 (full 102):
 par new generation   total 6144K, used 4K [0x00000000fec00000, 0x00000000ff2a0000, 0x00000000ff2a0000)
  eden space 5504K,   0% used [0x00000000fec00000, 0x00000000fec00000, 0x00000000ff160000)
  from space 640K,   0% used [0x00000000ff160000, 0x00000000ff161020, 0x00000000ff200000)
  to   space 640K,   0% used [0x00000000ff200000, 0x00000000ff200000, 0x00000000ff2a0000)
 concurrent mark-sweep generation total 13696K, used 11461K [0x00000000ff2a0000, 0x0000000100000000, 0x0000000100000000)
 Metaspace       used 5077K, capacity 5258K, committed 5504K, reserved 1056768K
  class space    used 557K, capacity 597K, committed 640K, reserved 1048576K
}
{Heap before GC invocations=929 (full 102):
 par new generation   total 6144K, used 5233K [0x00000000fec00000, 0x00000000ff2a0000, 0x00000000ff2a0000)
  eden space 5504K,  95% used [0x00000000fec00000, 0x00000000ff11b798, 0x00000000ff160000)
  from space 640K,   0% used [0x00000000ff160000, 0x00000000ff161020, 0x00000000ff200000)
  to   space 640K,   0% used [0x00000000ff200000, 0x00000000ff200000, 0x00000000ff2a0000)
 concurrent mark-sweep generation total 13696K, used 11461K [0x00000000ff2a0000, 0x0000000100000000, 0x0000000100000000)
 Metaspace       used 5077K, capacity 5258K, committed 5504K, reserved 1056768K
  class space    used 557K, capacity 597K, committed 640K, reserved 1048576K
2024-07-16T17:59:00.245+0800: 7.389: [GC (Allocation Failure) 2024-07-16T17:59:00.245+0800: 7.389: [ParNew: 5233K->4K(6144K), 0.0002736 secs] 16695K->11465K(19840K), 0.0003229 secs] [Times: user=0.00 sys=0.00, real=0.00 secs] 
Heap after GC invocations=930 (full 102):
 par new generation   total 6144K, used 4K [0x00000000fec00000, 0x00000000ff2a0000, 0x00000000ff2a0000)
  eden space 5504K,   0% used [0x00000000fec00000, 0x00000000fec00000, 0x00000000ff160000)
  from space 640K,   0% used [0x00000000ff200000, 0x00000000ff201020, 0x00000000ff2a0000)
  to   space 640K,   0% used [0x00000000ff160000, 0x00000000ff160000, 0x00000000ff200000)
 concurrent mark-sweep generation total 13696K, used 11461K [0x00000000ff2a0000, 0x0000000100000000, 0x0000000100000000)
 Metaspace       used 5077K, capacity 5258K, committed 5504K, reserved 1056768K
  class space    used 557K, capacity 597K, committed 640K, reserved 1048576K
}
{Heap before GC invocations=930 (full 102):
 par new generation   total 6144K, used 5233K [0x00000000fec00000, 0x00000000ff2a0000, 0x00000000ff2a0000)
  eden space 5504K,  95% used [0x00000000fec00000, 0x00000000ff11b798, 0x00000000ff160000)
  from space 640K,   0% used [0x00000000ff200000, 0x00000000ff201020, 0x00000000ff2a0000)
  to   space 640K,   0% used [0x00000000ff160000, 0x00000000ff160000, 0x00000000ff200000)
 concurrent mark-sweep generation total 13696K, used 11461K [0x00000000ff2a0000, 0x0000000100000000, 0x0000000100000000)
 Metaspace       used 5077K, capacity 5258K, committed 5504K, reserved 1056768K
  class space    used 557K, capacity 597K, committed 640K, reserved 1048576K
2024-07-16T17:59:00.252+0800: 7.396: [GC (Allocation Failure) 2024-07-16T17:59:00.252+0800: 7.396: [ParNew: 5233K->4K(6144K), 0.0002957 secs] 16695K->11465K(19840K), 0.0003837 secs] [Times: user=0.00 sys=0.00, real=0.00 secs] 
Heap after GC invocations=931 (full 102):
 par new generation   total 6144K, used 4K [0x00000000fec00000, 0x00000000ff2a0000, 0x00000000ff2a0000)
  eden space 5504K,   0% used [0x00000000fec00000, 0x00000000fec00000, 0x00000000ff160000)
  from space 640K,   0% used [0x00000000ff160000, 0x00000000ff161020, 0x00000000ff200000)
  to   space 640K,   0% used [0x00000000ff200000, 0x00000000ff200000, 0x00000000ff2a0000)
 concurrent mark-sweep generation total 13696K, used 11461K [0x00000000ff2a0000, 0x0000000100000000, 0x0000000100000000)
 Metaspace       used 5077K, capacity 5258K, committed 5504K, reserved 1056768K
  class space    used 557K, capacity 597K, committed 640K, reserved 1048576K
}
{Heap before GC invocations=931 (full 102):
 par new generation   total 6144K, used 5233K [0x00000000fec00000, 0x00000000ff2a0000, 0x00000000ff2a0000)
  eden space 5504K,  95% used [0x00000000fec00000, 0x00000000ff11b798, 0x00000000ff160000)
  from space 640K,   0% used [0x00000000ff160000, 0x00000000ff161020, 0x00000000ff200000)
  to   space 640K,   0% used [0x00000000ff200000, 0x00000000ff200000, 0x00000000ff2a0000)
 concurrent mark-sweep generation total 13696K, used 11461K [0x00000000ff2a0000, 0x0000000100000000, 0x0000000100000000)
 Metaspace       used 5077K, capacity 5258K, committed 5504K, reserved 1056768K
  class space    used 557K, capacity 597K, committed 640K, reserved 1048576K
2024-07-16T17:59:00.259+0800: 7.403: [GC (Allocation Failure) 2024-07-16T17:59:00.259+0800: 7.403: [ParNew: 5233K->2K(6144K), 0.0002977 secs] 16695K->11463K(19840K), 0.0003320 secs] [Times: user=0.00 sys=0.00, real=0.00 secs] 
Heap after GC invocations=932 (full 102):
 par new generation   total 6144K, used 2K [0x00000000fec00000, 0x00000000ff2a0000, 0x00000000ff2a0000)
  eden space 5504K,   0% used [0x00000000fec00000, 0x00000000fec00000, 0x00000000ff160000)
  from space 640K,   0% used [0x00000000ff200000, 0x00000000ff200810, 0x00000000ff2a0000)
  to   space 640K,   0% used [0x00000000ff160000, 0x00000000ff160000, 0x00000000ff200000)
 concurrent mark-sweep generation total 13696K, used 11461K [0x00000000ff2a0000, 0x0000000100000000, 0x0000000100000000)
 Metaspace       used 5077K, capacity 5258K, committed 5504K, reserved 1056768K
  class space    used 557K, capacity 597K, committed 640K, reserved 1048576K
}
{Heap before GC invocations=932 (full 102):
 par new generation   total 6144K, used 5231K [0x00000000fec00000, 0x00000000ff2a0000, 0x00000000ff2a0000)
  eden space 5504K,  95% used [0x00000000fec00000, 0x00000000ff11b798, 0x00000000ff160000)
  from space 640K,   0% used [0x00000000ff200000, 0x00000000ff200810, 0x00000000ff2a0000)
  to   space 640K,   0% used [0x00000000ff160000, 0x00000000ff160000, 0x00000000ff200000)
 concurrent mark-sweep generation total 13696K, used 11461K [0x00000000ff2a0000, 0x0000000100000000, 0x0000000100000000)
 Metaspace       used 5077K, capacity 5258K, committed 5504K, reserved 1056768K
  class space    used 557K, capacity 597K, committed 640K, reserved 1048576K
2024-07-16T17:59:00.266+0800: 7.410: [GC (Allocation Failure) 2024-07-16T17:59:00.266+0800: 7.410: [ParNew: 5231K->8K(6144K), 0.0008117 secs] 16692K->12493K(19840K), 0.0009548 secs] [Times: user=0.00 sys=0.00, real=0.00 secs] 
Heap after GC invocations=933 (full 102):
 par new generation   total 6144K, used 8K [0x00000000fec00000, 0x00000000ff2a0000, 0x00000000ff2a0000)
  eden space 5504K,   0% used [0x00000000fec00000, 0x00000000fec00000, 0x00000000ff160000)
  from space 640K,   1% used [0x00000000ff160000, 0x00000000ff162040, 0x00000000ff200000)
  to   space 640K,   0% used [0x00000000ff200000, 0x00000000ff200000, 0x00000000ff2a0000)
 concurrent mark-sweep generation total 13696K, used 12485K [0x00000000ff2a0000, 0x0000000100000000, 0x0000000100000000)
 Metaspace       used 5077K, capacity 5258K, committed 5504K, reserved 1056768K
  class space    used 557K, capacity 597K, committed 640K, reserved 1048576K
}
{Heap before GC invocations=933 (full 102):
 par new generation   total 6144K, used 5237K [0x00000000fec00000, 0x00000000ff2a0000, 0x00000000ff2a0000)
  eden space 5504K,  95% used [0x00000000fec00000, 0x00000000ff11b798, 0x00000000ff160000)
  from space 640K,   1% used [0x00000000ff160000, 0x00000000ff162040, 0x00000000ff200000)
  to   space 640K,   0% used [0x00000000ff200000, 0x00000000ff200000, 0x00000000ff2a0000)
 concurrent mark-sweep generation total 13696K, used 12485K [0x00000000ff2a0000, 0x0000000100000000, 0x0000000100000000)
 Metaspace       used 5077K, capacity 5258K, committed 5504K, reserved 1056768K
  class space    used 557K, capacity 597K, committed 640K, reserved 1048576K
2024-07-16T17:59:00.275+0800: 7.419: [GC (Allocation Failure) 2024-07-16T17:59:00.275+0800: 7.419: [ParNew: 5237K->5237K(6144K), 0.0000146 secs]2024-07-16T17:59:00.275+0800: 7.419: [CMS2024-07-16T17:59:00.275+0800: 7.419: [CMS-concurrent-abortable-preclean: 0.001/0.063 secs] [Times: user=0.00 sys=0.00, real=0.06 secs] 
 (concurrent mode failure): 12485K->2228K(13696K), 0.0028824 secs] 17723K->2228K(19840K), [Metaspace: 5077K->5077K(1056768K)], 0.0029649 secs] [Times: user=0.00 sys=0.00, real=0.00 secs] 
Heap after GC invocations=934 (full 103):
 par new generation   total 6144K, used 0K [0x00000000fec00000, 0x00000000ff2a0000, 0x00000000ff2a0000)
  eden space 5504K,   0% used [0x00000000fec00000, 0x00000000fec00000, 0x00000000ff160000)
  from space 640K,   0% used [0x00000000ff160000, 0x00000000ff160000, 0x00000000ff200000)
  to   space 640K,   0% used [0x00000000ff200000, 0x00000000ff200000, 0x00000000ff2a0000)
 concurrent mark-sweep generation total 13696K, used 2228K [0x00000000ff2a0000, 0x0000000100000000, 0x0000000100000000)
 Metaspace       used 5077K, capacity 5258K, committed 5504K, reserved 1056768K
  class space    used 557K, capacity 597K, committed 640K, reserved 1048576K
}
{Heap before GC invocations=934 (full 103):
 par new generation   total 6144K, used 5229K [0x00000000fec00000, 0x00000000ff2a0000, 0x00000000ff2a0000)
  eden space 5504K,  95% used [0x00000000fec00000, 0x00000000ff11b798, 0x00000000ff160000)
  from space 640K,   0% used [0x00000000ff160000, 0x00000000ff160000, 0x00000000ff200000)
  to   space 640K,   0% used [0x00000000ff200000, 0x00000000ff200000, 0x00000000ff2a0000)
 concurrent mark-sweep generation total 13696K, used 2228K [0x00000000ff2a0000, 0x0000000100000000, 0x0000000100000000)
 Metaspace       used 5077K, capacity 5258K, committed 5504K, reserved 1056768K
  class space    used 557K, capacity 597K, committed 640K, reserved 1048576K
2024-07-16T17:59:00.285+0800: 7.429: [GC (Allocation Failure) 2024-07-16T17:59:00.285+0800: 7.429: [ParNew: 5229K->6K(6144K), 0.0006524 secs] 7458K->3260K(19840K), 0.0007257 secs] [Times: user=0.00 sys=0.00, real=0.00 secs] 
Heap after GC invocations=935 (full 103):
 par new generation   total 6144K, used 6K [0x00000000fec00000, 0x00000000ff2a0000, 0x00000000ff2a0000)
  eden space 5504K,   0% used [0x00000000fec00000, 0x00000000fec00000, 0x00000000ff160000)
  from space 640K,   0% used [0x00000000ff200000, 0x00000000ff201830, 0x00000000ff2a0000)
  to   space 640K,   0% used [0x00000000ff160000, 0x00000000ff160000, 0x00000000ff200000)
 concurrent mark-sweep generation total 13696K, used 3254K [0x00000000ff2a0000, 0x0000000100000000, 0x0000000100000000)
 Metaspace       used 5077K, capacity 5258K, committed 5504K, reserved 1056768K
  class space    used 557K, capacity 597K, committed 640K, reserved 1048576K
}
{Heap before GC invocations=935 (full 103):
 par new generation   total 6144K, used 5235K [0x00000000fec00000, 0x00000000ff2a0000, 0x00000000ff2a0000)
  eden space 5504K,  95% used [0x00000000fec00000, 0x00000000ff11b798, 0x00000000ff160000)
  from space 640K,   0% used [0x00000000ff200000, 0x00000000ff201830, 0x00000000ff2a0000)
  to   space 640K,   0% used [0x00000000ff160000, 0x00000000ff160000, 0x00000000ff200000)
 concurrent mark-sweep generation total 13696K, used 3254K [0x00000000ff2a0000, 0x0000000100000000, 0x0000000100000000)
 Metaspace       used 5077K, capacity 5258K, committed 5504K, reserved 1056768K
  class space    used 557K, capacity 597K, committed 640K, reserved 1048576K
2024-07-16T17:59:00.295+0800: 7.439: [GC (Allocation Failure) 2024-07-16T17:59:00.295+0800: 7.439: [ParNew: 5235K->4K(6144K), 0.0003700 secs] 8490K->3258K(19840K), 0.0004617 secs] [Times: user=0.00 sys=0.00, real=0.00 secs] 
Heap after GC invocations=936 (full 103):
 par new generation   total 6144K, used 4K [0x00000000fec00000, 0x00000000ff2a0000, 0x00000000ff2a0000)
  eden space 5504K,   0% used [0x00000000fec00000, 0x00000000fec00000, 0x00000000ff160000)
  from space 640K,   0% used [0x00000000ff160000, 0x00000000ff161020, 0x00000000ff200000)
  to   space 640K,   0% used [0x00000000ff200000, 0x00000000ff200000, 0x00000000ff2a0000)
 concurrent mark-sweep generation total 13696K, used 3254K [0x00000000ff2a0000, 0x0000000100000000, 0x0000000100000000)
 Metaspace       used 5077K, capacity 5258K, committed 5504K, reserved 1056768K
  class space    used 557K, capacity 597K, committed 640K, reserved 1048576K
}
{Heap before GC invocations=936 (full 103):
 par new generation   total 6144K, used 5233K [0x00000000fec00000, 0x00000000ff2a0000, 0x00000000ff2a0000)
  eden space 5504K,  95% used [0x00000000fec00000, 0x00000000ff11b798, 0x00000000ff160000)
  from space 640K,   0% used [0x00000000ff160000, 0x00000000ff161020, 0x00000000ff200000)
  to   space 640K,   0% used [0x00000000ff200000, 0x00000000ff200000, 0x00000000ff2a0000)
 concurrent mark-sweep generation total 13696K, used 3254K [0x00000000ff2a0000, 0x0000000100000000, 0x0000000100000000)
 Metaspace       used 5077K, capacity 5258K, committed 5504K, reserved 1056768K
  class space    used 557K, capacity 597K, committed 640K, reserved 1048576K
2024-07-16T17:59:00.303+0800: 7.447: [GC (Allocation Failure) 2024-07-16T17:59:00.303+0800: 7.447: [ParNew: 5233K->2K(6144K), 0.0003308 secs] 8488K->3256K(19840K), 0.0003767 secs] [Times: user=0.00 sys=0.00, real=0.00 secs] 
Heap after GC invocations=937 (full 103):
 par new generation   total 6144K, used 2K [0x00000000fec00000, 0x00000000ff2a0000, 0x00000000ff2a0000)
  eden space 5504K,   0% used [0x00000000fec00000, 0x00000000fec00000, 0x00000000ff160000)
  from space 640K,   0% used [0x00000000ff200000, 0x00000000ff200810, 0x00000000ff2a0000)
  to   space 640K,   0% used [0x00000000ff160000, 0x00000000ff160000, 0x00000000ff200000)
 concurrent mark-sweep generation total 13696K, used 3254K [0x00000000ff2a0000, 0x0000000100000000, 0x0000000100000000)
 Metaspace       used 5077K, capacity 5258K, committed 5504K, reserved 1056768K
  class space    used 557K, capacity 597K, committed 640K, reserved 1048576K
}
{Heap before GC invocations=937 (full 103):
 par new generation   total 6144K, used 5231K [0x00000000fec00000, 0x00000000ff2a0000, 0x00000000ff2a0000)
  eden space 5504K,  95% used [0x00000000fec00000, 0x00000000ff11b798, 0x00000000ff160000)
  from space 640K,   0% used [0x00000000ff200000, 0x00000000ff200810, 0x00000000ff2a0000)
  to   space 640K,   0% used [0x00000000ff160000, 0x00000000ff160000, 0x00000000ff200000)
 concurrent mark-sweep generation total 13696K, used 3254K [0x00000000ff2a0000, 0x0000000100000000, 0x0000000100000000)
 Metaspace       used 5077K, capacity 5258K, committed 5504K, reserved 1056768K
  class space    used 557K, capacity 597K, committed 640K, reserved 1048576K
2024-07-16T17:59:00.310+0800: 7.454: [GC (Allocation Failure) 2024-07-16T17:59:00.310+0800: 7.454: [ParNew: 5231K->8K(6144K), 0.0003595 secs] 8486K->4288K(19840K), 0.0004819 secs] [Times: user=0.00 sys=0.00, real=0.00 secs] 
Heap after GC invocations=938 (full 103):
 par new generation   total 6144K, used 8K [0x00000000fec00000, 0x00000000ff2a0000, 0x00000000ff2a0000)
  eden space 5504K,   0% used [0x00000000fec00000, 0x00000000fec00000, 0x00000000ff160000)
  from space 640K,   1% used [0x00000000ff160000, 0x00000000ff162040, 0x00000000ff200000)
  to   space 640K,   0% used [0x00000000ff200000, 0x00000000ff200000, 0x00000000ff2a0000)
 concurrent mark-sweep generation total 13696K, used 4280K [0x00000000ff2a0000, 0x0000000100000000, 0x0000000100000000)
 Metaspace       used 5077K, capacity 5258K, committed 5504K, reserved 1056768K
  class space    used 557K, capacity 597K, committed 640K, reserved 1048576K
}
{Heap before GC invocations=938 (full 103):
 par new generation   total 6144K, used 5237K [0x00000000fec00000, 0x00000000ff2a0000, 0x00000000ff2a0000)
  eden space 5504K,  95% used [0x00000000fec00000, 0x00000000ff11b798, 0x00000000ff160000)
  from space 640K,   1% used [0x00000000ff160000, 0x00000000ff162040, 0x00000000ff200000)
  to   space 640K,   0% used [0x00000000ff200000, 0x00000000ff200000, 0x00000000ff2a0000)
 concurrent mark-sweep generation total 13696K, used 4280K [0x00000000ff2a0000, 0x0000000100000000, 0x0000000100000000)
 Metaspace       used 5077K, capacity 5258K, committed 5504K, reserved 1056768K
  class space    used 557K, capacity 597K, committed 640K, reserved 1048576K
2024-07-16T17:59:00.318+0800: 7.462: [GC (Allocation Failure) 2024-07-16T17:59:00.318+0800: 7.462: [ParNew: 5237K->4K(6144K), 0.0007214 secs] 9518K->4284K(19840K), 0.0008168 secs] [Times: user=0.00 sys=0.00, real=0.00 secs] 
Heap after GC invocations=939 (full 103):
 par new generation   total 6144K, used 4K [0x00000000fec00000, 0x00000000ff2a0000, 0x00000000ff2a0000)
  eden space 5504K,   0% used [0x00000000fec00000, 0x00000000fec00000, 0x00000000ff160000)
  from space 640K,   0% used [0x00000000ff200000, 0x00000000ff201020, 0x00000000ff2a0000)
  to   space 640K,   0% used [0x00000000ff160000, 0x00000000ff160000, 0x00000000ff200000)
 concurrent mark-sweep generation total 13696K, used 4280K [0x00000000ff2a0000, 0x0000000100000000, 0x0000000100000000)
 Metaspace       used 5077K, capacity 5258K, committed 5504K, reserved 1056768K
  class space    used 557K, capacity 597K, committed 640K, reserved 1048576K
}
{Heap before GC invocations=939 (full 103):
 par new generation   total 6144K, used 5233K [0x00000000fec00000, 0x00000000ff2a0000, 0x00000000ff2a0000)
  eden space 5504K,  95% used [0x00000000fec00000, 0x00000000ff11b798, 0x00000000ff160000)
  from space 640K,   0% used [0x00000000ff200000, 0x00000000ff201020, 0x00000000ff2a0000)
  to   space 640K,   0% used [0x00000000ff160000, 0x00000000ff160000, 0x00000000ff200000)
 concurrent mark-sweep generation total 13696K, used 4280K [0x00000000ff2a0000, 0x0000000100000000, 0x0000000100000000)
 Metaspace       used 5077K, capacity 5258K, committed 5504K, reserved 1056768K
  class space    used 557K, capacity 597K, committed 640K, reserved 1048576K
2024-07-16T17:59:00.326+0800: 7.470: [GC (Allocation Failure) 2024-07-16T17:59:00.326+0800: 7.471: [ParNew: 5233K->8K(6144K), 0.0008768 secs] 9514K->5314K(19840K), 0.0009796 secs] [Times: user=0.00 sys=0.00, real=0.00 secs] 
Heap after GC invocations=940 (full 103):
 par new generation   total 6144K, used 8K [0x00000000fec00000, 0x00000000ff2a0000, 0x00000000ff2a0000)
  eden space 5504K,   0% used [0x00000000fec00000, 0x00000000fec00000, 0x00000000ff160000)
  from space 640K,   1% used [0x00000000ff160000, 0x00000000ff162040, 0x00000000ff200000)
  to   space 640K,   0% used [0x00000000ff200000, 0x00000000ff200000, 0x00000000ff2a0000)
 concurrent mark-sweep generation total 13696K, used 5306K [0x00000000ff2a0000, 0x0000000100000000, 0x0000000100000000)
 Metaspace       used 5077K, capacity 5258K, committed 5504K, reserved 1056768K
  class space    used 557K, capacity 597K, committed 640K, reserved 1048576K
}
{Heap before GC invocations=940 (full 103):
 par new generation   total 6144K, used 5237K [0x00000000fec00000, 0x00000000ff2a0000, 0x00000000ff2a0000)
  eden space 5504K,  95% used [0x00000000fec00000, 0x00000000ff11b798, 0x00000000ff160000)
  from space 640K,   1% used [0x00000000ff160000, 0x00000000ff162040, 0x00000000ff200000)
  to   space 640K,   0% used [0x00000000ff200000, 0x00000000ff200000, 0x00000000ff2a0000)
 concurrent mark-sweep generation total 13696K, used 5306K [0x00000000ff2a0000, 0x0000000100000000, 0x0000000100000000)
 Metaspace       used 5077K, capacity 5258K, committed 5504K, reserved 1056768K
  class space    used 557K, capacity 597K, committed 640K, reserved 1048576K
2024-07-16T17:59:00.334+0800: 7.479: [GC (Allocation Failure) 2024-07-16T17:59:00.334+0800: 7.479: [ParNew: 5237K->4K(6144K), 0.0005196 secs] 10544K->5310K(19840K), 0.0007125 secs] [Times: user=0.00 sys=0.00, real=0.00 secs] 
Heap after GC invocations=941 (full 103):
 par new generation   total 6144K, used 4K [0x00000000fec00000, 0x00000000ff2a0000, 0x00000000ff2a0000)
  eden space 5504K,   0% used [0x00000000fec00000, 0x00000000fec00000, 0x00000000ff160000)
  from space 640K,   0% used [0x00000000ff200000, 0x00000000ff201020, 0x00000000ff2a0000)
  to   space 640K,   0% used [0x00000000ff160000, 0x00000000ff160000, 0x00000000ff200000)
 concurrent mark-sweep generation total 13696K, used 5306K [0x00000000ff2a0000, 0x0000000100000000, 0x0000000100000000)
 Metaspace       used 5077K, capacity 5258K, committed 5504K, reserved 1056768K
  class space    used 557K, capacity 597K, committed 640K, reserved 1048576K
}
{Heap before GC invocations=941 (full 103):
 par new generation   total 6144K, used 5233K [0x00000000fec00000, 0x00000000ff2a0000, 0x00000000ff2a0000)
  eden space 5504K,  95% used [0x00000000fec00000, 0x00000000ff11b798, 0x00000000ff160000)
  from space 640K,   0% used [0x00000000ff200000, 0x00000000ff201020, 0x00000000ff2a0000)
  to   space 640K,   0% used [0x00000000ff160000, 0x00000000ff160000, 0x00000000ff200000)
 concurrent mark-sweep generation total 13696K, used 5306K [0x00000000ff2a0000, 0x0000000100000000, 0x0000000100000000)
 Metaspace       used 5077K, capacity 5258K, committed 5504K, reserved 1056768K
  class space    used 557K, capacity 597K, committed 640K, reserved 1048576K
2024-07-16T17:59:00.342+0800: 7.486: [GC (Allocation Failure) 2024-07-16T17:59:00.342+0800: 7.486: [ParNew: 5233K->4K(6144K), 0.0002938 secs] 10540K->5310K(19840K), 0.0003314 secs] [Times: user=0.00 sys=0.00, real=0.00 secs] 
Heap after GC invocations=942 (full 103):
 par new generation   total 6144K, used 4K [0x00000000fec00000, 0x00000000ff2a0000, 0x00000000ff2a0000)
  eden space 5504K,   0% used [0x00000000fec00000, 0x00000000fec00000, 0x00000000ff160000)
  from space 640K,   0% used [0x00000000ff160000, 0x00000000ff161020, 0x00000000ff200000)
  to   space 640K,   0% used [0x00000000ff200000, 0x00000000ff200000, 0x00000000ff2a0000)
 concurrent mark-sweep generation total 13696K, used 5306K [0x00000000ff2a0000, 0x0000000100000000, 0x0000000100000000)
 Metaspace       used 5077K, capacity 5258K, committed 5504K, reserved 1056768K
  class space    used 557K, capacity 597K, committed 640K, reserved 1048576K
}
{Heap before GC invocations=942 (full 103):
 par new generation   total 6144K, used 5233K [0x00000000fec00000, 0x00000000ff2a0000, 0x00000000ff2a0000)
  eden space 5504K,  95% used [0x00000000fec00000, 0x00000000ff11b798, 0x00000000ff160000)
  from space 640K,   0% used [0x00000000ff160000, 0x00000000ff161020, 0x00000000ff200000)
  to   space 640K,   0% used [0x00000000ff200000, 0x00000000ff200000, 0x00000000ff2a0000)
 concurrent mark-sweep generation total 13696K, used 5306K [0x00000000ff2a0000, 0x0000000100000000, 0x0000000100000000)
 Metaspace       used 5077K, capacity 5258K, committed 5504K, reserved 1056768K
  class space    used 557K, capacity 597K, committed 640K, reserved 1048576K
2024-07-16T17:59:00.349+0800: 7.493: [GC (Allocation Failure) 2024-07-16T17:59:00.349+0800: 7.493: [ParNew: 5233K->4K(6144K), 0.0002320 secs] 10540K->5310K(19840K), 0.0003247 secs] [Times: user=0.00 sys=0.00, real=0.00 secs] 
Heap after GC invocations=943 (full 103):
 par new generation   total 6144K, used 4K [0x00000000fec00000, 0x00000000ff2a0000, 0x00000000ff2a0000)
  eden space 5504K,   0% used [0x00000000fec00000, 0x00000000fec00000, 0x00000000ff160000)
  from space 640K,   0% used [0x00000000ff200000, 0x00000000ff201020, 0x00000000ff2a0000)
  to   space 640K,   0% used [0x00000000ff160000, 0x00000000ff160000, 0x00000000ff200000)
 concurrent mark-sweep generation total 13696K, used 5306K [0x00000000ff2a0000, 0x0000000100000000, 0x0000000100000000)
 Metaspace       used 5077K, capacity 5258K, committed 5504K, reserved 1056768K
  class space    used 557K, capacity 597K, committed 640K, reserved 1048576K
}
{Heap before GC invocations=943 (full 103):
 par new generation   total 6144K, used 5233K [0x00000000fec00000, 0x00000000ff2a0000, 0x00000000ff2a0000)
  eden space 5504K,  95% used [0x00000000fec00000, 0x00000000ff11b798, 0x00000000ff160000)
  from space 640K,   0% used [0x00000000ff200000, 0x00000000ff201020, 0x00000000ff2a0000)
  to   space 640K,   0% used [0x00000000ff160000, 0x00000000ff160000, 0x00000000ff200000)
 concurrent mark-sweep generation total 13696K, used 5306K [0x00000000ff2a0000, 0x0000000100000000, 0x0000000100000000)
 Metaspace       used 5077K, capacity 5258K, committed 5504K, reserved 1056768K
  class space    used 557K, capacity 597K, committed 640K, reserved 1048576K
2024-07-16T17:59:00.356+0800: 7.500: [GC (Allocation Failure) 2024-07-16T17:59:00.356+0800: 7.500: [ParNew: 5233K->4K(6144K), 0.0007324 secs] 10540K->5310K(19840K), 0.0007643 secs] [Times: user=0.00 sys=0.00, real=0.00 secs] 
Heap after GC invocations=944 (full 103):
 par new generation   total 6144K, used 4K [0x00000000fec00000, 0x00000000ff2a0000, 0x00000000ff2a0000)
  eden space 5504K,   0% used [0x00000000fec00000, 0x00000000fec00000, 0x00000000ff160000)
  from space 640K,   0% used [0x00000000ff160000, 0x00000000ff161020, 0x00000000ff200000)
  to   space 640K,   0% used [0x00000000ff200000, 0x00000000ff200000, 0x00000000ff2a0000)
 concurrent mark-sweep generation total 13696K, used 5306K [0x00000000ff2a0000, 0x0000000100000000, 0x0000000100000000)
 Metaspace       used 5077K, capacity 5258K, committed 5504K, reserved 1056768K
  class space    used 557K, capacity 597K, committed 640K, reserved 1048576K
}
{Heap before GC invocations=944 (full 103):
 par new generation   total 6144K, used 5233K [0x00000000fec00000, 0x00000000ff2a0000, 0x00000000ff2a0000)
  eden space 5504K,  95% used [0x00000000fec00000, 0x00000000ff11b798, 0x00000000ff160000)
  from space 640K,   0% used [0x00000000ff160000, 0x00000000ff161020, 0x00000000ff200000)
  to   space 640K,   0% used [0x00000000ff200000, 0x00000000ff200000, 0x00000000ff2a0000)
 concurrent mark-sweep generation total 13696K, used 5306K [0x00000000ff2a0000, 0x0000000100000000, 0x0000000100000000)
 Metaspace       used 5077K, capacity 5258K, committed 5504K, reserved 1056768K
  class space    used 557K, capacity 597K, committed 640K, reserved 1048576K
2024-07-16T17:59:00.363+0800: 7.507: [GC (Allocation Failure) 2024-07-16T17:59:00.363+0800: 7.507: [ParNew: 5233K->2K(6144K), 0.0003557 secs] 10540K->5308K(19840K), 0.0003922 secs] [Times: user=0.00 sys=0.00, real=0.00 secs] 
Heap after GC invocations=945 (full 103):
 par new generation   total 6144K, used 2K [0x00000000fec00000, 0x00000000ff2a0000, 0x00000000ff2a0000)
  eden space 5504K,   0% used [0x00000000fec00000, 0x00000000fec00000, 0x00000000ff160000)
  from space 640K,   0% used [0x00000000ff200000, 0x00000000ff200810, 0x00000000ff2a0000)
  to   space 640K,   0% used [0x00000000ff160000, 0x00000000ff160000, 0x00000000ff200000)
 concurrent mark-sweep generation total 13696K, used 5306K [0x00000000ff2a0000, 0x0000000100000000, 0x0000000100000000)
 Metaspace       used 5077K, capacity 5258K, committed 5504K, reserved 1056768K
  class space    used 557K, capacity 597K, committed 640K, reserved 1048576K
}
{Heap before GC invocations=945 (full 103):
 par new generation   total 6144K, used 5231K [0x00000000fec00000, 0x00000000ff2a0000, 0x00000000ff2a0000)
  eden space 5504K,  95% used [0x00000000fec00000, 0x00000000ff11b798, 0x00000000ff160000)
  from space 640K,   0% used [0x00000000ff200000, 0x00000000ff200810, 0x00000000ff2a0000)
  to   space 640K,   0% used [0x00000000ff160000, 0x00000000ff160000, 0x00000000ff200000)
 concurrent mark-sweep generation total 13696K, used 5306K [0x00000000ff2a0000, 0x0000000100000000, 0x0000000100000000)
 Metaspace       used 5077K, capacity 5258K, committed 5504K, reserved 1056768K
  class space    used 557K, capacity 597K, committed 640K, reserved 1048576K
2024-07-16T17:59:00.370+0800: 7.515: [GC (Allocation Failure) 2024-07-16T17:59:00.370+0800: 7.515: [ParNew: 5231K->8K(6144K), 0.0010988 secs] 10538K->6341K(19840K), 0.0014089 secs] [Times: user=0.00 sys=0.00, real=0.00 secs] 
Heap after GC invocations=946 (full 103):
 par new generation   total 6144K, used 8K [0x00000000fec00000, 0x00000000ff2a0000, 0x00000000ff2a0000)
  eden space 5504K,   0% used [0x00000000fec00000, 0x00000000fec00000, 0x00000000ff160000)
  from space 640K,   1% used [0x00000000ff160000, 0x00000000ff162040, 0x00000000ff200000)
  to   space 640K,   0% used [0x00000000ff200000, 0x00000000ff200000, 0x00000000ff2a0000)
 concurrent mark-sweep generation total 13696K, used 6332K [0x00000000ff2a0000, 0x0000000100000000, 0x0000000100000000)
 Metaspace       used 5077K, capacity 5258K, committed 5504K, reserved 1056768K
  class space    used 557K, capacity 597K, committed 640K, reserved 1048576K
}
{Heap before GC invocations=946 (full 103):
 par new generation   total 6144K, used 5237K [0x00000000fec00000, 0x00000000ff2a0000, 0x00000000ff2a0000)
  eden space 5504K,  95% used [0x00000000fec00000, 0x00000000ff11b798, 0x00000000ff160000)
  from space 640K,   1% used [0x00000000ff160000, 0x00000000ff162040, 0x00000000ff200000)
  to   space 640K,   0% used [0x00000000ff200000, 0x00000000ff200000, 0x00000000ff2a0000)
 concurrent mark-sweep generation total 13696K, used 6332K [0x00000000ff2a0000, 0x0000000100000000, 0x0000000100000000)
 Metaspace       used 5077K, capacity 5258K, committed 5504K, reserved 1056768K
  class space    used 557K, capacity 597K, committed 640K, reserved 1048576K
2024-07-16T17:59:00.379+0800: 7.523: [GC (Allocation Failure) 2024-07-16T17:59:00.379+0800: 7.523: [ParNew: 5237K->8K(6144K), 0.0004271 secs] 11570K->7367K(19840K), 0.0004710 secs] [Times: user=0.00 sys=0.00, real=0.00 secs] 
Heap after GC invocations=947 (full 103):
 par new generation   total 6144K, used 8K [0x00000000fec00000, 0x00000000ff2a0000, 0x00000000ff2a0000)
  eden space 5504K,   0% used [0x00000000fec00000, 0x00000000fec00000, 0x00000000ff160000)
  from space 640K,   1% used [0x00000000ff200000, 0x00000000ff202040, 0x00000000ff2a0000)
  to   space 640K,   0% used [0x00000000ff160000, 0x00000000ff160000, 0x00000000ff200000)
 concurrent mark-sweep generation total 13696K, used 7359K [0x00000000ff2a0000, 0x0000000100000000, 0x0000000100000000)
 Metaspace       used 5077K, capacity 5258K, committed 5504K, reserved 1056768K
  class space    used 557K, capacity 597K, committed 640K, reserved 1048576K
}
{Heap before GC invocations=947 (full 103):
 par new generation   total 6144K, used 5237K [0x00000000fec00000, 0x00000000ff2a0000, 0x00000000ff2a0000)
  eden space 5504K,  95% used [0x00000000fec00000, 0x00000000ff11b798, 0x00000000ff160000)
  from space 640K,   1% used [0x00000000ff200000, 0x00000000ff202040, 0x00000000ff2a0000)
  to   space 640K,   0% used [0x00000000ff160000, 0x00000000ff160000, 0x00000000ff200000)
 concurrent mark-sweep generation total 13696K, used 7359K [0x00000000ff2a0000, 0x0000000100000000, 0x0000000100000000)
 Metaspace       used 5077K, capacity 5258K, committed 5504K, reserved 1056768K
  class space    used 557K, capacity 597K, committed 640K, reserved 1048576K
2024-07-16T17:59:00.386+0800: 7.530: [GC (Allocation Failure) 2024-07-16T17:59:00.386+0800: 7.530: [ParNew: 5237K->6K(6144K), 0.0003614 secs] 12597K->8389K(19840K), 0.0004210 secs] [Times: user=0.00 sys=0.00, real=0.00 secs] 
Heap after GC invocations=948 (full 103):
 par new generation   total 6144K, used 6K [0x00000000fec00000, 0x00000000ff2a0000, 0x00000000ff2a0000)
  eden space 5504K,   0% used [0x00000000fec00000, 0x00000000fec00000, 0x00000000ff160000)
  from space 640K,   0% used [0x00000000ff160000, 0x00000000ff161830, 0x00000000ff200000)
  to   space 640K,   0% used [0x00000000ff200000, 0x00000000ff200000, 0x00000000ff2a0000)
 concurrent mark-sweep generation total 13696K, used 8383K [0x00000000ff2a0000, 0x0000000100000000, 0x0000000100000000)
 Metaspace       used 5077K, capacity 5258K, committed 5504K, reserved 1056768K
  class space    used 557K, capacity 597K, committed 640K, reserved 1048576K
}
2024-07-16T17:59:00.386+0800: 7.531: [GC (CMS Initial Mark) [1 CMS-initial-mark: 8383K(13696K)] 9413K(19840K), 0.0001482 secs] [Times: user=0.00 sys=0.00, real=0.00 secs] 
2024-07-16T17:59:00.386+0800: 7.531: [CMS-concurrent-mark-start]
2024-07-16T17:59:00.389+0800: 7.534: [CMS-concurrent-mark: 0.003/0.003 secs] [Times: user=0.00 sys=0.00, real=0.00 secs] 
2024-07-16T17:59:00.389+0800: 7.534: [CMS-concurrent-preclean-start]
2024-07-16T17:59:00.389+0800: 7.534: [CMS-concurrent-preclean: 0.000/0.000 secs] [Times: user=0.00 sys=0.00, real=0.00 secs] 
2024-07-16T17:59:00.389+0800: 7.534: [CMS-concurrent-abortable-preclean-start]
{Heap before GC invocations=948 (full 104):
 par new generation   total 6144K, used 5235K [0x00000000fec00000, 0x00000000ff2a0000, 0x00000000ff2a0000)
  eden space 5504K,  95% used [0x00000000fec00000, 0x00000000ff11b798, 0x00000000ff160000)
  from space 640K,   0% used [0x00000000ff160000, 0x00000000ff161830, 0x00000000ff200000)
  to   space 640K,   0% used [0x00000000ff200000, 0x00000000ff200000, 0x00000000ff2a0000)
 concurrent mark-sweep generation total 13696K, used 8383K [0x00000000ff2a0000, 0x0000000100000000, 0x0000000100000000)
 Metaspace       used 5077K, capacity 5258K, committed 5504K, reserved 1056768K
  class space    used 557K, capacity 597K, committed 640K, reserved 1048576K
2024-07-16T17:59:00.392+0800: 7.536: [GC (Allocation Failure) 2024-07-16T17:59:00.392+0800: 7.536: [ParNew: 5235K->4K(6144K), 0.0003835 secs] 13619K->9413K(19840K), 0.0004142 secs] [Times: user=0.00 sys=0.00, real=0.00 secs] 
Heap after GC invocations=949 (full 104):
 par new generation   total 6144K, used 4K [0x00000000fec00000, 0x00000000ff2a0000, 0x00000000ff2a0000)
  eden space 5504K,   0% used [0x00000000fec00000, 0x00000000fec00000, 0x00000000ff160000)
  from space 640K,   0% used [0x00000000ff200000, 0x00000000ff201020, 0x00000000ff2a0000)
  to   space 640K,   0% used [0x00000000ff160000, 0x00000000ff160000, 0x00000000ff200000)
 concurrent mark-sweep generation total 13696K, used 9409K [0x00000000ff2a0000, 0x0000000100000000, 0x0000000100000000)
 Metaspace       used 5077K, capacity 5258K, committed 5504K, reserved 1056768K
  class space    used 557K, capacity 597K, committed 640K, reserved 1048576K
}
{Heap before GC invocations=949 (full 104):
 par new generation   total 6144K, used 5233K [0x00000000fec00000, 0x00000000ff2a0000, 0x00000000ff2a0000)
  eden space 5504K,  95% used [0x00000000fec00000, 0x00000000ff11b798, 0x00000000ff160000)
  from space 640K,   0% used [0x00000000ff200000, 0x00000000ff201020, 0x00000000ff2a0000)
  to   space 640K,   0% used [0x00000000ff160000, 0x00000000ff160000, 0x00000000ff200000)
 concurrent mark-sweep generation total 13696K, used 9409K [0x00000000ff2a0000, 0x0000000100000000, 0x0000000100000000)
 Metaspace       used 5077K, capacity 5258K, committed 5504K, reserved 1056768K
  class space    used 557K, capacity 597K, committed 640K, reserved 1048576K
2024-07-16T17:59:00.400+0800: 7.544: [GC (Allocation Failure) 2024-07-16T17:59:00.400+0800: 7.544: [ParNew: 5233K->6K(6144K), 0.0004529 secs] 14643K->10439K(19840K), 0.0005404 secs] [Times: user=0.00 sys=0.00, real=0.00 secs] 
Heap after GC invocations=950 (full 104):
 par new generation   total 6144K, used 6K [0x00000000fec00000, 0x00000000ff2a0000, 0x00000000ff2a0000)
  eden space 5504K,   0% used [0x00000000fec00000, 0x00000000fec00000, 0x00000000ff160000)
  from space 640K,   0% used [0x00000000ff160000, 0x00000000ff161830, 0x00000000ff200000)
  to   space 640K,   0% used [0x00000000ff200000, 0x00000000ff200000, 0x00000000ff2a0000)
 concurrent mark-sweep generation total 13696K, used 10433K [0x00000000ff2a0000, 0x0000000100000000, 0x0000000100000000)
 Metaspace       used 5077K, capacity 5258K, committed 5504K, reserved 1056768K
  class space    used 557K, capacity 597K, committed 640K, reserved 1048576K
}
{Heap before GC invocations=950 (full 104):
 par new generation   total 6144K, used 5235K [0x00000000fec00000, 0x00000000ff2a0000, 0x00000000ff2a0000)
  eden space 5504K,  95% used [0x00000000fec00000, 0x00000000ff11b798, 0x00000000ff160000)
  from space 640K,   0% used [0x00000000ff160000, 0x00000000ff161830, 0x00000000ff200000)
  to   space 640K,   0% used [0x00000000ff200000, 0x00000000ff200000, 0x00000000ff2a0000)
 concurrent mark-sweep generation total 13696K, used 10433K [0x00000000ff2a0000, 0x0000000100000000, 0x0000000100000000)
 Metaspace       used 5077K, capacity 5258K, committed 5504K, reserved 1056768K
  class space    used 557K, capacity 597K, committed 640K, reserved 1048576K
2024-07-16T17:59:00.407+0800: 7.551: [GC (Allocation Failure) 2024-07-16T17:59:00.407+0800: 7.551: [ParNew: 5235K->4K(6144K), 0.0002974 secs] 15669K->10437K(19840K), 0.0003490 secs] [Times: user=0.00 sys=0.00, real=0.00 secs] 
Heap after GC invocations=951 (full 104):
 par new generation   total 6144K, used 4K [0x00000000fec00000, 0x00000000ff2a0000, 0x00000000ff2a0000)
  eden space 5504K,   0% used [0x00000000fec00000, 0x00000000fec00000, 0x00000000ff160000)
  from space 640K,   0% used [0x00000000ff200000, 0x00000000ff201020, 0x00000000ff2a0000)
  to   space 640K,   0% used [0x00000000ff160000, 0x00000000ff160000, 0x00000000ff200000)
 concurrent mark-sweep generation total 13696K, used 10433K [0x00000000ff2a0000, 0x0000000100000000, 0x0000000100000000)
 Metaspace       used 5077K, capacity 5258K, committed 5504K, reserved 1056768K
  class space    used 557K, capacity 597K, committed 640K, reserved 1048576K
}
{Heap before GC invocations=951 (full 104):
 par new generation   total 6144K, used 5233K [0x00000000fec00000, 0x00000000ff2a0000, 0x00000000ff2a0000)
  eden space 5504K,  95% used [0x00000000fec00000, 0x00000000ff11b798, 0x00000000ff160000)
  from space 640K,   0% used [0x00000000ff200000, 0x00000000ff201020, 0x00000000ff2a0000)
  to   space 640K,   0% used [0x00000000ff160000, 0x00000000ff160000, 0x00000000ff200000)
 concurrent mark-sweep generation total 13696K, used 10433K [0x00000000ff2a0000, 0x0000000100000000, 0x0000000100000000)
 Metaspace       used 5077K, capacity 5258K, committed 5504K, reserved 1056768K
  class space    used 557K, capacity 597K, committed 640K, reserved 1048576K
2024-07-16T17:59:00.416+0800: 7.560: [GC (Allocation Failure) 2024-07-16T17:59:00.416+0800: 7.560: [ParNew: 5233K->4K(6144K), 0.0002874 secs] 15667K->10437K(19840K), 0.0003234 secs] [Times: user=0.00 sys=0.00, real=0.00 secs] 
Heap after GC invocations=952 (full 104):
 par new generation   total 6144K, used 4K [0x00000000fec00000, 0x00000000ff2a0000, 0x00000000ff2a0000)
  eden space 5504K,   0% used [0x00000000fec00000, 0x00000000fec00000, 0x00000000ff160000)
  from space 640K,   0% used [0x00000000ff160000, 0x00000000ff161020, 0x00000000ff200000)
  to   space 640K,   0% used [0x00000000ff200000, 0x00000000ff200000, 0x00000000ff2a0000)
 concurrent mark-sweep generation total 13696K, used 10433K [0x00000000ff2a0000, 0x0000000100000000, 0x0000000100000000)
 Metaspace       used 5077K, capacity 5258K, committed 5504K, reserved 1056768K
  class space    used 557K, capacity 597K, committed 640K, reserved 1048576K
}
{Heap before GC invocations=952 (full 104):
 par new generation   total 6144K, used 5233K [0x00000000fec00000, 0x00000000ff2a0000, 0x00000000ff2a0000)
  eden space 5504K,  95% used [0x00000000fec00000, 0x00000000ff11b798, 0x00000000ff160000)
  from space 640K,   0% used [0x00000000ff160000, 0x00000000ff161020, 0x00000000ff200000)
  to   space 640K,   0% used [0x00000000ff200000, 0x00000000ff200000, 0x00000000ff2a0000)
 concurrent mark-sweep generation total 13696K, used 10433K [0x00000000ff2a0000, 0x0000000100000000, 0x0000000100000000)
 Metaspace       used 5077K, capacity 5258K, committed 5504K, reserved 1056768K
  class space    used 557K, capacity 597K, committed 640K, reserved 1048576K
2024-07-16T17:59:00.424+0800: 7.568: [GC (Allocation Failure) 2024-07-16T17:59:00.424+0800: 7.568: [ParNew: 5233K->4K(6144K), 0.0002814 secs] 15667K->10437K(19840K), 0.0003117 secs] [Times: user=0.00 sys=0.00, real=0.00 secs] 
Heap after GC invocations=953 (full 104):
 par new generation   total 6144K, used 4K [0x00000000fec00000, 0x00000000ff2a0000, 0x00000000ff2a0000)
  eden space 5504K,   0% used [0x00000000fec00000, 0x00000000fec00000, 0x00000000ff160000)
  from space 640K,   0% used [0x00000000ff200000, 0x00000000ff201020, 0x00000000ff2a0000)
  to   space 640K,   0% used [0x00000000ff160000, 0x00000000ff160000, 0x00000000ff200000)
 concurrent mark-sweep generation total 13696K, used 10433K [0x00000000ff2a0000, 0x0000000100000000, 0x0000000100000000)
 Metaspace       used 5077K, capacity 5258K, committed 5504K, reserved 1056768K
  class space    used 557K, capacity 597K, committed 640K, reserved 1048576K
}
{Heap before GC invocations=953 (full 104):
 par new generation   total 6144K, used 5233K [0x00000000fec00000, 0x00000000ff2a0000, 0x00000000ff2a0000)
  eden space 5504K,  95% used [0x00000000fec00000, 0x00000000ff11b798, 0x00000000ff160000)
  from space 640K,   0% used [0x00000000ff200000, 0x00000000ff201020, 0x00000000ff2a0000)
  to   space 640K,   0% used [0x00000000ff160000, 0x00000000ff160000, 0x00000000ff200000)
 concurrent mark-sweep generation total 13696K, used 10433K [0x00000000ff2a0000, 0x0000000100000000, 0x0000000100000000)
 Metaspace       used 5077K, capacity 5258K, committed 5504K, reserved 1056768K
  class space    used 557K, capacity 597K, committed 640K, reserved 1048576K
2024-07-16T17:59:00.433+0800: 7.577: [GC (Allocation Failure) 2024-07-16T17:59:00.433+0800: 7.577: [ParNew: 5233K->4K(6144K), 0.0002665 secs] 15667K->10437K(19840K), 0.0003096 secs] [Times: user=0.00 sys=0.00, real=0.00 secs] 
Heap after GC invocations=954 (full 104):
 par new generation   total 6144K, used 4K [0x00000000fec00000, 0x00000000ff2a0000, 0x00000000ff2a0000)
  eden space 5504K,   0% used [0x00000000fec00000, 0x00000000fec00000, 0x00000000ff160000)
  from space 640K,   0% used [0x00000000ff160000, 0x00000000ff161020, 0x00000000ff200000)
  to   space 640K,   0% used [0x00000000ff200000, 0x00000000ff200000, 0x00000000ff2a0000)
 concurrent mark-sweep generation total 13696K, used 10433K [0x00000000ff2a0000, 0x0000000100000000, 0x0000000100000000)
 Metaspace       used 5077K, capacity 5258K, committed 5504K, reserved 1056768K
  class space    used 557K, capacity 597K, committed 640K, reserved 1048576K
}
{Heap before GC invocations=954 (full 104):
 par new generation   total 6144K, used 5233K [0x00000000fec00000, 0x00000000ff2a0000, 0x00000000ff2a0000)
  eden space 5504K,  95% used [0x00000000fec00000, 0x00000000ff11b798, 0x00000000ff160000)
  from space 640K,   0% used [0x00000000ff160000, 0x00000000ff161020, 0x00000000ff200000)
  to   space 640K,   0% used [0x00000000ff200000, 0x00000000ff200000, 0x00000000ff2a0000)
 concurrent mark-sweep generation total 13696K, used 10433K [0x00000000ff2a0000, 0x0000000100000000, 0x0000000100000000)
 Metaspace       used 5077K, capacity 5258K, committed 5504K, reserved 1056768K
  class space    used 557K, capacity 597K, committed 640K, reserved 1048576K
2024-07-16T17:59:00.440+0800: 7.584: [GC (Allocation Failure) 2024-07-16T17:59:00.440+0800: 7.584: [ParNew: 5233K->4K(6144K), 0.0003064 secs] 15667K->10437K(19840K), 0.0003539 secs] [Times: user=0.00 sys=0.00, real=0.00 secs] 
Heap after GC invocations=955 (full 104):
 par new generation   total 6144K, used 4K [0x00000000fec00000, 0x00000000ff2a0000, 0x00000000ff2a0000)
  eden space 5504K,   0% used [0x00000000fec00000, 0x00000000fec00000, 0x00000000ff160000)
  from space 640K,   0% used [0x00000000ff200000, 0x00000000ff201020, 0x00000000ff2a0000)
  to   space 640K,   0% used [0x00000000ff160000, 0x00000000ff160000, 0x00000000ff200000)
 concurrent mark-sweep generation total 13696K, used 10433K [0x00000000ff2a0000, 0x0000000100000000, 0x0000000100000000)
 Metaspace       used 5077K, capacity 5258K, committed 5504K, reserved 1056768K
  class space    used 557K, capacity 597K, committed 640K, reserved 1048576K
}
{Heap before GC invocations=955 (full 104):
 par new generation   total 6144K, used 5233K [0x00000000fec00000, 0x00000000ff2a0000, 0x00000000ff2a0000)
  eden space 5504K,  95% used [0x00000000fec00000, 0x00000000ff11b798, 0x00000000ff160000)
  from space 640K,   0% used [0x00000000ff200000, 0x00000000ff201020, 0x00000000ff2a0000)
  to   space 640K,   0% used [0x00000000ff160000, 0x00000000ff160000, 0x00000000ff200000)
 concurrent mark-sweep generation total 13696K, used 10433K [0x00000000ff2a0000, 0x0000000100000000, 0x0000000100000000)
 Metaspace       used 5077K, capacity 5258K, committed 5504K, reserved 1056768K
  class space    used 557K, capacity 597K, committed 640K, reserved 1048576K
2024-07-16T17:59:00.447+0800: 7.591: [GC (Allocation Failure) 2024-07-16T17:59:00.447+0800: 7.591: [ParNew: 5233K->8K(6144K), 0.0003666 secs] 15667K->11467K(19840K), 0.0004058 secs] [Times: user=0.00 sys=0.00, real=0.00 secs] 
Heap after GC invocations=956 (full 104):
 par new generation   total 6144K, used 8K [0x00000000fec00000, 0x00000000ff2a0000, 0x00000000ff2a0000)
  eden space 5504K,   0% used [0x00000000fec00000, 0x00000000fec00000, 0x00000000ff160000)
  from space 640K,   1% used [0x00000000ff160000, 0x00000000ff162040, 0x00000000ff200000)
  to   space 640K,   0% used [0x00000000ff200000, 0x00000000ff200000, 0x00000000ff2a0000)
 concurrent mark-sweep generation total 13696K, used 11459K [0x00000000ff2a0000, 0x0000000100000000, 0x0000000100000000)
 Metaspace       used 5077K, capacity 5258K, committed 5504K, reserved 1056768K
  class space    used 557K, capacity 597K, committed 640K, reserved 1048576K
}
{Heap before GC invocations=956 (full 104):
 par new generation   total 6144K, used 5237K [0x00000000fec00000, 0x00000000ff2a0000, 0x00000000ff2a0000)
  eden space 5504K,  95% used [0x00000000fec00000, 0x00000000ff11b798, 0x00000000ff160000)
  from space 640K,   1% used [0x00000000ff160000, 0x00000000ff162040, 0x00000000ff200000)
  to   space 640K,   0% used [0x00000000ff200000, 0x00000000ff200000, 0x00000000ff2a0000)
 concurrent mark-sweep generation total 13696K, used 11459K [0x00000000ff2a0000, 0x0000000100000000, 0x0000000100000000)
 Metaspace       used 5077K, capacity 5258K, committed 5504K, reserved 1056768K
  class space    used 557K, capacity 597K, committed 640K, reserved 1048576K
2024-07-16T17:59:00.454+0800: 7.598: [GC (Allocation Failure) 2024-07-16T17:59:00.454+0800: 7.598: [ParNew: 5237K->6K(6144K), 0.0003976 secs] 16697K->12491K(19840K), 0.0004430 secs] [Times: user=0.00 sys=0.00, real=0.00 secs] 
Heap after GC invocations=957 (full 104):
 par new generation   total 6144K, used 6K [0x00000000fec00000, 0x00000000ff2a0000, 0x00000000ff2a0000)
  eden space 5504K,   0% used [0x00000000fec00000, 0x00000000fec00000, 0x00000000ff160000)
  from space 640K,   0% used [0x00000000ff200000, 0x00000000ff201830, 0x00000000ff2a0000)
  to   space 640K,   0% used [0x00000000ff160000, 0x00000000ff160000, 0x00000000ff200000)
 concurrent mark-sweep generation total 13696K, used 12485K [0x00000000ff2a0000, 0x0000000100000000, 0x0000000100000000)
 Metaspace       used 5077K, capacity 5258K, committed 5504K, reserved 1056768K
  class space    used 557K, capacity 597K, committed 640K, reserved 1048576K
}
{Heap before GC invocations=957 (full 104):
 par new generation   total 6144K, used 5235K [0x00000000fec00000, 0x00000000ff2a0000, 0x00000000ff2a0000)
  eden space 5504K,  95% used [0x00000000fec00000, 0x00000000ff11b798, 0x00000000ff160000)
  from space 640K,   0% used [0x00000000ff200000, 0x00000000ff201830, 0x00000000ff2a0000)
  to   space 640K,   0% used [0x00000000ff160000, 0x00000000ff160000, 0x00000000ff200000)
 concurrent mark-sweep generation total 13696K, used 12485K [0x00000000ff2a0000, 0x0000000100000000, 0x0000000100000000)
 Metaspace       used 5077K, capacity 5258K, committed 5504K, reserved 1056768K
  class space    used 557K, capacity 597K, committed 640K, reserved 1048576K
2024-07-16T17:59:00.461+0800: 7.605: [GC (Allocation Failure) 2024-07-16T17:59:00.461+0800: 7.605: [ParNew: 5235K->5235K(6144K), 0.0000174 secs]2024-07-16T17:59:00.461+0800: 7.605: [CMS2024-07-16T17:59:00.461+0800: 7.605: [CMS-concurrent-abortable-preclean: 0.001/0.071 secs] [Times: user=0.00 sys=0.00, real=0.07 secs] 
 (concurrent mode failure): 12485K->1204K(13696K), 0.0029759 secs] 17721K->1204K(19840K), [Metaspace: 5077K->5077K(1056768K)], 0.0030509 secs] [Times: user=0.00 sys=0.00, real=0.00 secs] 
Heap after GC invocations=958 (full 105):
 par new generation   total 6144K, used 0K [0x00000000fec00000, 0x00000000ff2a0000, 0x00000000ff2a0000)
  eden space 5504K,   0% used [0x00000000fec00000, 0x00000000fec00000, 0x00000000ff160000)
  from space 640K,   0% used [0x00000000ff200000, 0x00000000ff200000, 0x00000000ff2a0000)
  to   space 640K,   0% used [0x00000000ff160000, 0x00000000ff160000, 0x00000000ff200000)
 concurrent mark-sweep generation total 13696K, used 1204K [0x00000000ff2a0000, 0x0000000100000000, 0x0000000100000000)
 Metaspace       used 5077K, capacity 5258K, committed 5504K, reserved 1056768K
  class space    used 557K, capacity 597K, committed 640K, reserved 1048576K
}
{Heap before GC invocations=958 (full 105):
 par new generation   total 6144K, used 5229K [0x00000000fec00000, 0x00000000ff2a0000, 0x00000000ff2a0000)
  eden space 5504K,  95% used [0x00000000fec00000, 0x00000000ff11b798, 0x00000000ff160000)
  from space 640K,   0% used [0x00000000ff200000, 0x00000000ff200000, 0x00000000ff2a0000)
  to   space 640K,   0% used [0x00000000ff160000, 0x00000000ff160000, 0x00000000ff200000)
 concurrent mark-sweep generation total 13696K, used 1204K [0x00000000ff2a0000, 0x0000000100000000, 0x0000000100000000)
 Metaspace       used 5077K, capacity 5258K, committed 5504K, reserved 1056768K
  class space    used 557K, capacity 597K, committed 640K, reserved 1048576K
2024-07-16T17:59:00.471+0800: 7.615: [GC (Allocation Failure) 2024-07-16T17:59:00.471+0800: 7.615: [ParNew: 5229K->6K(6144K), 0.0006927 secs] 6434K->2236K(19840K), 0.0007903 secs] [Times: user=0.00 sys=0.00, real=0.00 secs] 
Heap after GC invocations=959 (full 105):
 par new generation   total 6144K, used 6K [0x00000000fec00000, 0x00000000ff2a0000, 0x00000000ff2a0000)
  eden space 5504K,   0% used [0x00000000fec00000, 0x00000000fec00000, 0x00000000ff160000)
  from space 640K,   0% used [0x00000000ff160000, 0x00000000ff161830, 0x00000000ff200000)
  to   space 640K,   0% used [0x00000000ff200000, 0x00000000ff200000, 0x00000000ff2a0000)
 concurrent mark-sweep generation total 13696K, used 2230K [0x00000000ff2a0000, 0x0000000100000000, 0x0000000100000000)
 Metaspace       used 5077K, capacity 5258K, committed 5504K, reserved 1056768K
  class space    used 557K, capacity 597K, committed 640K, reserved 1048576K
}
{Heap before GC invocations=959 (full 105):
 par new generation   total 6144K, used 5235K [0x00000000fec00000, 0x00000000ff2a0000, 0x00000000ff2a0000)
  eden space 5504K,  95% used [0x00000000fec00000, 0x00000000ff11b798, 0x00000000ff160000)
  from space 640K,   0% used [0x00000000ff160000, 0x00000000ff161830, 0x00000000ff200000)
  to   space 640K,   0% used [0x00000000ff200000, 0x00000000ff200000, 0x00000000ff2a0000)
 concurrent mark-sweep generation total 13696K, used 2230K [0x00000000ff2a0000, 0x0000000100000000, 0x0000000100000000)
 Metaspace       used 5077K, capacity 5258K, committed 5504K, reserved 1056768K
  class space    used 557K, capacity 597K, committed 640K, reserved 1048576K
2024-07-16T17:59:00.479+0800: 7.623: [GC (Allocation Failure) 2024-07-16T17:59:00.479+0800: 7.623: [ParNew: 5235K->6K(6144K), 0.0007310 secs] 7466K->3262K(19840K), 0.0008377 secs] [Times: user=0.00 sys=0.00, real=0.00 secs] 
Heap after GC invocations=960 (full 105):
 par new generation   total 6144K, used 6K [0x00000000fec00000, 0x00000000ff2a0000, 0x00000000ff2a0000)
  eden space 5504K,   0% used [0x00000000fec00000, 0x00000000fec00000, 0x00000000ff160000)
  from space 640K,   0% used [0x00000000ff200000, 0x00000000ff201830, 0x00000000ff2a0000)
  to   space 640K,   0% used [0x00000000ff160000, 0x00000000ff160000, 0x00000000ff200000)
 concurrent mark-sweep generation total 13696K, used 3256K [0x00000000ff2a0000, 0x0000000100000000, 0x0000000100000000)
 Metaspace       used 5077K, capacity 5258K, committed 5504K, reserved 1056768K
  class space    used 557K, capacity 597K, committed 640K, reserved 1048576K
}
{Heap before GC invocations=960 (full 105):
 par new generation   total 6144K, used 5235K [0x00000000fec00000, 0x00000000ff2a0000, 0x00000000ff2a0000)
  eden space 5504K,  95% used [0x00000000fec00000, 0x00000000ff11b798, 0x00000000ff160000)
  from space 640K,   0% used [0x00000000ff200000, 0x00000000ff201830, 0x00000000ff2a0000)
  to   space 640K,   0% used [0x00000000ff160000, 0x00000000ff160000, 0x00000000ff200000)
 concurrent mark-sweep generation total 13696K, used 3256K [0x00000000ff2a0000, 0x0000000100000000, 0x0000000100000000)
 Metaspace       used 5077K, capacity 5258K, committed 5504K, reserved 1056768K
  class space    used 557K, capacity 597K, committed 640K, reserved 1048576K
2024-07-16T17:59:00.488+0800: 7.632: [GC (Allocation Failure) 2024-07-16T17:59:00.488+0800: 7.632: [ParNew: 5235K->4K(6144K), 0.0009949 secs] 8492K->3260K(19840K), 0.0010967 secs] [Times: user=0.00 sys=0.00, real=0.00 secs] 
Heap after GC invocations=961 (full 105):
 par new generation   total 6144K, used 4K [0x00000000fec00000, 0x00000000ff2a0000, 0x00000000ff2a0000)
  eden space 5504K,   0% used [0x00000000fec00000, 0x00000000fec00000, 0x00000000ff160000)
  from space 640K,   0% used [0x00000000ff160000, 0x00000000ff161020, 0x00000000ff200000)
  to   space 640K,   0% used [0x00000000ff200000, 0x00000000ff200000, 0x00000000ff2a0000)
 concurrent mark-sweep generation total 13696K, used 3256K [0x00000000ff2a0000, 0x0000000100000000, 0x0000000100000000)
 Metaspace       used 5077K, capacity 5258K, committed 5504K, reserved 1056768K
  class space    used 557K, capacity 597K, committed 640K, reserved 1048576K
}
{Heap before GC invocations=961 (full 105):
 par new generation   total 6144K, used 5233K [0x00000000fec00000, 0x00000000ff2a0000, 0x00000000ff2a0000)
  eden space 5504K,  95% used [0x00000000fec00000, 0x00000000ff11b798, 0x00000000ff160000)
  from space 640K,   0% used [0x00000000ff160000, 0x00000000ff161020, 0x00000000ff200000)
  to   space 640K,   0% used [0x00000000ff200000, 0x00000000ff200000, 0x00000000ff2a0000)
 concurrent mark-sweep generation total 13696K, used 3256K [0x00000000ff2a0000, 0x0000000100000000, 0x0000000100000000)
 Metaspace       used 5077K, capacity 5258K, committed 5504K, reserved 1056768K
  class space    used 557K, capacity 597K, committed 640K, reserved 1048576K
2024-07-16T17:59:00.497+0800: 7.641: [GC (Allocation Failure) 2024-07-16T17:59:00.497+0800: 7.641: [ParNew: 5233K->2K(6144K), 0.0008862 secs] 8490K->3258K(19840K), 0.0009649 secs] [Times: user=0.00 sys=0.00, real=0.00 secs] 
Heap after GC invocations=962 (full 105):
 par new generation   total 6144K, used 2K [0x00000000fec00000, 0x00000000ff2a0000, 0x00000000ff2a0000)
  eden space 5504K,   0% used [0x00000000fec00000, 0x00000000fec00000, 0x00000000ff160000)
  from space 640K,   0% used [0x00000000ff200000, 0x00000000ff200810, 0x00000000ff2a0000)
  to   space 640K,   0% used [0x00000000ff160000, 0x00000000ff160000, 0x00000000ff200000)
 concurrent mark-sweep generation total 13696K, used 3256K [0x00000000ff2a0000, 0x0000000100000000, 0x0000000100000000)
 Metaspace       used 5077K, capacity 5258K, committed 5504K, reserved 1056768K
  class space    used 557K, capacity 597K, committed 640K, reserved 1048576K
}
{Heap before GC invocations=962 (full 105):
 par new generation   total 6144K, used 5231K [0x00000000fec00000, 0x00000000ff2a0000, 0x00000000ff2a0000)
  eden space 5504K,  95% used [0x00000000fec00000, 0x00000000ff11b798, 0x00000000ff160000)
  from space 640K,   0% used [0x00000000ff200000, 0x00000000ff200810, 0x00000000ff2a0000)
  to   space 640K,   0% used [0x00000000ff160000, 0x00000000ff160000, 0x00000000ff200000)
 concurrent mark-sweep generation total 13696K, used 3256K [0x00000000ff2a0000, 0x0000000100000000, 0x0000000100000000)
 Metaspace       used 5077K, capacity 5258K, committed 5504K, reserved 1056768K
  class space    used 557K, capacity 597K, committed 640K, reserved 1048576K
2024-07-16T17:59:00.505+0800: 7.650: [GC (Allocation Failure) 2024-07-16T17:59:00.505+0800: 7.650: [ParNew: 5231K->8K(6144K), 0.0016609 secs] 8488K->4290K(19840K), 0.0018077 secs] [Times: user=0.00 sys=0.00, real=0.00 secs] 
Heap after GC invocations=963 (full 105):
 par new generation   total 6144K, used 8K [0x00000000fec00000, 0x00000000ff2a0000, 0x00000000ff2a0000)
  eden space 5504K,   0% used [0x00000000fec00000, 0x00000000fec00000, 0x00000000ff160000)
  from space 640K,   1% used [0x00000000ff160000, 0x00000000ff162040, 0x00000000ff200000)
  to   space 640K,   0% used [0x00000000ff200000, 0x00000000ff200000, 0x00000000ff2a0000)
 concurrent mark-sweep generation total 13696K, used 4282K [0x00000000ff2a0000, 0x0000000100000000, 0x0000000100000000)
 Metaspace       used 5077K, capacity 5258K, committed 5504K, reserved 1056768K
  class space    used 557K, capacity 597K, committed 640K, reserved 1048576K
}
{Heap before GC invocations=963 (full 105):
 par new generation   total 6144K, used 5237K [0x00000000fec00000, 0x00000000ff2a0000, 0x00000000ff2a0000)
  eden space 5504K,  95% used [0x00000000fec00000, 0x00000000ff11b798, 0x00000000ff160000)
  from space 640K,   1% used [0x00000000ff160000, 0x00000000ff162040, 0x00000000ff200000)
  to   space 640K,   0% used [0x00000000ff200000, 0x00000000ff200000, 0x00000000ff2a0000)
 concurrent mark-sweep generation total 13696K, used 4282K [0x00000000ff2a0000, 0x0000000100000000, 0x0000000100000000)
 Metaspace       used 5077K, capacity 5258K, committed 5504K, reserved 1056768K
  class space    used 557K, capacity 597K, committed 640K, reserved 1048576K
2024-07-16T17:59:00.515+0800: 7.659: [GC (Allocation Failure) 2024-07-16T17:59:00.515+0800: 7.659: [ParNew: 5237K->4K(6144K), 0.0002832 secs] 9520K->4286K(19840K), 0.0003207 secs] [Times: user=0.00 sys=0.00, real=0.00 secs] 
Heap after GC invocations=964 (full 105):
 par new generation   total 6144K, used 4K [0x00000000fec00000, 0x00000000ff2a0000, 0x00000000ff2a0000)
  eden space 5504K,   0% used [0x00000000fec00000, 0x00000000fec00000, 0x00000000ff160000)
  from space 640K,   0% used [0x00000000ff200000, 0x00000000ff201020, 0x00000000ff2a0000)
  to   space 640K,   0% used [0x00000000ff160000, 0x00000000ff160000, 0x00000000ff200000)
 concurrent mark-sweep generation total 13696K, used 4282K [0x00000000ff2a0000, 0x0000000100000000, 0x0000000100000000)
 Metaspace       used 5077K, capacity 5258K, committed 5504K, reserved 1056768K
  class space    used 557K, capacity 597K, committed 640K, reserved 1048576K
}
{Heap before GC invocations=964 (full 105):
 par new generation   total 6144K, used 5233K [0x00000000fec00000, 0x00000000ff2a0000, 0x00000000ff2a0000)
  eden space 5504K,  95% used [0x00000000fec00000, 0x00000000ff11b798, 0x00000000ff160000)
  from space 640K,   0% used [0x00000000ff200000, 0x00000000ff201020, 0x00000000ff2a0000)
  to   space 640K,   0% used [0x00000000ff160000, 0x00000000ff160000, 0x00000000ff200000)
 concurrent mark-sweep generation total 13696K, used 4282K [0x00000000ff2a0000, 0x0000000100000000, 0x0000000100000000)
 Metaspace       used 5077K, capacity 5258K, committed 5504K, reserved 1056768K
  class space    used 557K, capacity 597K, committed 640K, reserved 1048576K
2024-07-16T17:59:00.522+0800: 7.666: [GC (Allocation Failure) 2024-07-16T17:59:00.522+0800: 7.666: [ParNew: 5233K->8K(6144K), 0.0003791 secs] 9516K->5316K(19840K), 0.0004141 secs] [Times: user=0.00 sys=0.00, real=0.00 secs] 
Heap after GC invocations=965 (full 105):
 par new generation   total 6144K, used 8K [0x00000000fec00000, 0x00000000ff2a0000, 0x00000000ff2a0000)
  eden space 5504K,   0% used [0x00000000fec00000, 0x00000000fec00000, 0x00000000ff160000)
  from space 640K,   1% used [0x00000000ff160000, 0x00000000ff162040, 0x00000000ff200000)
  to   space 640K,   0% used [0x00000000ff200000, 0x00000000ff200000, 0x00000000ff2a0000)
 concurrent mark-sweep generation total 13696K, used 5308K [0x00000000ff2a0000, 0x0000000100000000, 0x0000000100000000)
 Metaspace       used 5077K, capacity 5258K, committed 5504K, reserved 1056768K
  class space    used 557K, capacity 597K, committed 640K, reserved 1048576K
}
{Heap before GC invocations=965 (full 105):
 par new generation   total 6144K, used 5237K [0x00000000fec00000, 0x00000000ff2a0000, 0x00000000ff2a0000)
  eden space 5504K,  95% used [0x00000000fec00000, 0x00000000ff11b798, 0x00000000ff160000)
  from space 640K,   1% used [0x00000000ff160000, 0x00000000ff162040, 0x00000000ff200000)
  to   space 640K,   0% used [0x00000000ff200000, 0x00000000ff200000, 0x00000000ff2a0000)
 concurrent mark-sweep generation total 13696K, used 5308K [0x00000000ff2a0000, 0x0000000100000000, 0x0000000100000000)
 Metaspace       used 5077K, capacity 5258K, committed 5504K, reserved 1056768K
  class space    used 557K, capacity 597K, committed 640K, reserved 1048576K
2024-07-16T17:59:00.528+0800: 7.672: [GC (Allocation Failure) 2024-07-16T17:59:00.528+0800: 7.672: [ParNew: 5237K->6K(6144K), 0.0003765 secs] 10546K->6338K(19840K), 0.0004123 secs] [Times: user=0.00 sys=0.00, real=0.00 secs] 
Heap after GC invocations=966 (full 105):
 par new generation   total 6144K, used 6K [0x00000000fec00000, 0x00000000ff2a0000, 0x00000000ff2a0000)
  eden space 5504K,   0% used [0x00000000fec00000, 0x00000000fec00000, 0x00000000ff160000)
  from space 640K,   0% used [0x00000000ff200000, 0x00000000ff201830, 0x00000000ff2a0000)
  to   space 640K,   0% used [0x00000000ff160000, 0x00000000ff160000, 0x00000000ff200000)
 concurrent mark-sweep generation total 13696K, used 6332K [0x00000000ff2a0000, 0x0000000100000000, 0x0000000100000000)
 Metaspace       used 5077K, capacity 5258K, committed 5504K, reserved 1056768K
  class space    used 557K, capacity 597K, committed 640K, reserved 1048576K
}
{Heap before GC invocations=966 (full 105):
 par new generation   total 6144K, used 5235K [0x00000000fec00000, 0x00000000ff2a0000, 0x00000000ff2a0000)
  eden space 5504K,  95% used [0x00000000fec00000, 0x00000000ff11b798, 0x00000000ff160000)
  from space 640K,   0% used [0x00000000ff200000, 0x00000000ff201830, 0x00000000ff2a0000)
  to   space 640K,   0% used [0x00000000ff160000, 0x00000000ff160000, 0x00000000ff200000)
 concurrent mark-sweep generation total 13696K, used 6332K [0x00000000ff2a0000, 0x0000000100000000, 0x0000000100000000)
 Metaspace       used 5077K, capacity 5258K, committed 5504K, reserved 1056768K
  class space    used 557K, capacity 597K, committed 640K, reserved 1048576K
2024-07-16T17:59:00.535+0800: 7.679: [GC (Allocation Failure) 2024-07-16T17:59:00.535+0800: 7.679: [ParNew: 5235K->4K(6144K), 0.0002869 secs] 11568K->6336K(19840K), 0.0003190 secs] [Times: user=0.00 sys=0.00, real=0.00 secs] 
Heap after GC invocations=967 (full 105):
 par new generation   total 6144K, used 4K [0x00000000fec00000, 0x00000000ff2a0000, 0x00000000ff2a0000)
  eden space 5504K,   0% used [0x00000000fec00000, 0x00000000fec00000, 0x00000000ff160000)
  from space 640K,   0% used [0x00000000ff160000, 0x00000000ff161020, 0x00000000ff200000)
  to   space 640K,   0% used [0x00000000ff200000, 0x00000000ff200000, 0x00000000ff2a0000)
 concurrent mark-sweep generation total 13696K, used 6332K [0x00000000ff2a0000, 0x0000000100000000, 0x0000000100000000)
 Metaspace       used 5077K, capacity 5258K, committed 5504K, reserved 1056768K
  class space    used 557K, capacity 597K, committed 640K, reserved 1048576K
}
{Heap before GC invocations=967 (full 105):
 par new generation   total 6144K, used 5233K [0x00000000fec00000, 0x00000000ff2a0000, 0x00000000ff2a0000)
  eden space 5504K,  95% used [0x00000000fec00000, 0x00000000ff11b798, 0x00000000ff160000)
  from space 640K,   0% used [0x00000000ff160000, 0x00000000ff161020, 0x00000000ff200000)
  to   space 640K,   0% used [0x00000000ff200000, 0x00000000ff200000, 0x00000000ff2a0000)
 concurrent mark-sweep generation total 13696K, used 6332K [0x00000000ff2a0000, 0x0000000100000000, 0x0000000100000000)
 Metaspace       used 5077K, capacity 5258K, committed 5504K, reserved 1056768K
  class space    used 557K, capacity 597K, committed 640K, reserved 1048576K
2024-07-16T17:59:00.542+0800: 7.686: [GC (Allocation Failure) 2024-07-16T17:59:00.542+0800: 7.686: [ParNew: 5233K->4K(6144K), 0.0003128 secs] 11566K->6336K(19840K), 0.0003572 secs] [Times: user=0.00 sys=0.00, real=0.00 secs] 
Heap after GC invocations=968 (full 105):
 par new generation   total 6144K, used 4K [0x00000000fec00000, 0x00000000ff2a0000, 0x00000000ff2a0000)
  eden space 5504K,   0% used [0x00000000fec00000, 0x00000000fec00000, 0x00000000ff160000)
  from space 640K,   0% used [0x00000000ff200000, 0x00000000ff201020, 0x00000000ff2a0000)
  to   space 640K,   0% used [0x00000000ff160000, 0x00000000ff160000, 0x00000000ff200000)
 concurrent mark-sweep generation total 13696K, used 6332K [0x00000000ff2a0000, 0x0000000100000000, 0x0000000100000000)
 Metaspace       used 5077K, capacity 5258K, committed 5504K, reserved 1056768K
  class space    used 557K, capacity 597K, committed 640K, reserved 1048576K
}
{Heap before GC invocations=968 (full 105):
 par new generation   total 6144K, used 5233K [0x00000000fec00000, 0x00000000ff2a0000, 0x00000000ff2a0000)
  eden space 5504K,  95% used [0x00000000fec00000, 0x00000000ff11b798, 0x00000000ff160000)
  from space 640K,   0% used [0x00000000ff200000, 0x00000000ff201020, 0x00000000ff2a0000)
  to   space 640K,   0% used [0x00000000ff160000, 0x00000000ff160000, 0x00000000ff200000)
 concurrent mark-sweep generation total 13696K, used 6332K [0x00000000ff2a0000, 0x0000000100000000, 0x0000000100000000)
 Metaspace       used 5077K, capacity 5258K, committed 5504K, reserved 1056768K
  class space    used 557K, capacity 597K, committed 640K, reserved 1048576K
2024-07-16T17:59:00.549+0800: 7.693: [GC (Allocation Failure) 2024-07-16T17:59:00.549+0800: 7.693: [ParNew: 5233K->4K(6144K), 0.0002660 secs] 11566K->6336K(19840K), 0.0002997 secs] [Times: user=0.00 sys=0.00, real=0.00 secs] 
Heap after GC invocations=969 (full 105):
 par new generation   total 6144K, used 4K [0x00000000fec00000, 0x00000000ff2a0000, 0x00000000ff2a0000)
  eden space 5504K,   0% used [0x00000000fec00000, 0x00000000fec00000, 0x00000000ff160000)
  from space 640K,   0% used [0x00000000ff160000, 0x00000000ff161020, 0x00000000ff200000)
  to   space 640K,   0% used [0x00000000ff200000, 0x00000000ff200000, 0x00000000ff2a0000)
 concurrent mark-sweep generation total 13696K, used 6332K [0x00000000ff2a0000, 0x0000000100000000, 0x0000000100000000)
 Metaspace       used 5077K, capacity 5258K, committed 5504K, reserved 1056768K
  class space    used 557K, capacity 597K, committed 640K, reserved 1048576K
}
{Heap before GC invocations=969 (full 105):
 par new generation   total 6144K, used 5233K [0x00000000fec00000, 0x00000000ff2a0000, 0x00000000ff2a0000)
  eden space 5504K,  95% used [0x00000000fec00000, 0x00000000ff11b798, 0x00000000ff160000)
  from space 640K,   0% used [0x00000000ff160000, 0x00000000ff161020, 0x00000000ff200000)
  to   space 640K,   0% used [0x00000000ff200000, 0x00000000ff200000, 0x00000000ff2a0000)
 concurrent mark-sweep generation total 13696K, used 6332K [0x00000000ff2a0000, 0x0000000100000000, 0x0000000100000000)
 Metaspace       used 5077K, capacity 5258K, committed 5504K, reserved 1056768K
  class space    used 557K, capacity 597K, committed 640K, reserved 1048576K
2024-07-16T17:59:00.556+0800: 7.700: [GC (Allocation Failure) 2024-07-16T17:59:00.556+0800: 7.700: [ParNew: 5233K->6K(6144K), 0.0003518 secs] 11566K->7362K(19840K), 0.0003970 secs] [Times: user=0.00 sys=0.00, real=0.00 secs] 
Heap after GC invocations=970 (full 105):
 par new generation   total 6144K, used 6K [0x00000000fec00000, 0x00000000ff2a0000, 0x00000000ff2a0000)
  eden space 5504K,   0% used [0x00000000fec00000, 0x00000000fec00000, 0x00000000ff160000)
  from space 640K,   0% used [0x00000000ff200000, 0x00000000ff201830, 0x00000000ff2a0000)
  to   space 640K,   0% used [0x00000000ff160000, 0x00000000ff160000, 0x00000000ff200000)
 concurrent mark-sweep generation total 13696K, used 7356K [0x00000000ff2a0000, 0x0000000100000000, 0x0000000100000000)
 Metaspace       used 5077K, capacity 5258K, committed 5504K, reserved 1056768K
  class space    used 557K, capacity 597K, committed 640K, reserved 1048576K
}
{Heap before GC invocations=970 (full 105):
 par new generation   total 6144K, used 5235K [0x00000000fec00000, 0x00000000ff2a0000, 0x00000000ff2a0000)
  eden space 5504K,  95% used [0x00000000fec00000, 0x00000000ff11b798, 0x00000000ff160000)
  from space 640K,   0% used [0x00000000ff200000, 0x00000000ff201830, 0x00000000ff2a0000)
  to   space 640K,   0% used [0x00000000ff160000, 0x00000000ff160000, 0x00000000ff200000)
 concurrent mark-sweep generation total 13696K, used 7356K [0x00000000ff2a0000, 0x0000000100000000, 0x0000000100000000)
 Metaspace       used 5077K, capacity 5258K, committed 5504K, reserved 1056768K
  class space    used 557K, capacity 597K, committed 640K, reserved 1048576K
2024-07-16T17:59:00.562+0800: 7.706: [GC (Allocation Failure) 2024-07-16T17:59:00.562+0800: 7.706: [ParNew: 5235K->6K(6144K), 0.0006430 secs] 12592K->8386K(19840K), 0.0006741 secs] [Times: user=0.00 sys=0.00, real=0.00 secs] 
Heap after GC invocations=971 (full 105):
 par new generation   total 6144K, used 6K [0x00000000fec00000, 0x00000000ff2a0000, 0x00000000ff2a0000)
  eden space 5504K,   0% used [0x00000000fec00000, 0x00000000fec00000, 0x00000000ff160000)
  from space 640K,   0% used [0x00000000ff160000, 0x00000000ff161830, 0x00000000ff200000)
  to   space 640K,   0% used [0x00000000ff200000, 0x00000000ff200000, 0x00000000ff2a0000)
 concurrent mark-sweep generation total 13696K, used 8380K [0x00000000ff2a0000, 0x0000000100000000, 0x0000000100000000)
 Metaspace       used 5077K, capacity 5258K, committed 5504K, reserved 1056768K
  class space    used 557K, capacity 597K, committed 640K, reserved 1048576K
}
2024-07-16T17:59:00.562+0800: 7.707: [GC (CMS Initial Mark) [1 CMS-initial-mark: 8380K(13696K)] 9410K(19840K), 0.0001277 secs] [Times: user=0.00 sys=0.00, real=0.00 secs] 
2024-07-16T17:59:00.563+0800: 7.707: [CMS-concurrent-mark-start]
2024-07-16T17:59:00.564+0800: 7.709: [CMS-concurrent-mark: 0.001/0.001 secs] [Times: user=0.00 sys=0.00, real=0.00 secs] 
2024-07-16T17:59:00.564+0800: 7.709: [CMS-concurrent-preclean-start]
2024-07-16T17:59:00.564+0800: 7.709: [CMS-concurrent-preclean: 0.000/0.000 secs] [Times: user=0.00 sys=0.00, real=0.00 secs] 
2024-07-16T17:59:00.564+0800: 7.709: [GC (CMS Final Remark) [YG occupancy: 1139 K (6144 K)]2024-07-16T17:59:00.564+0800: 7.709: [Rescan (parallel) , 0.0001862 secs]2024-07-16T17:59:00.564+0800: 7.709: [weak refs processing, 0.0000077 secs]2024-07-16T17:59:00.564+0800: 7.709: [class unloading, 0.0002874 secs]2024-07-16T17:59:00.564+0800: 7.709: [scrub symbol table, 0.0003494 secs]2024-07-16T17:59:00.565+0800: 7.710: [scrub string table, 0.0000835 secs][1 CMS-remark: 8380K(13696K)] 9520K(19840K), 0.0009535 secs] [Times: user=0.02 sys=0.00, real=0.00 secs] 
2024-07-16T17:59:00.565+0800: 7.710: [CMS-concurrent-sweep-start]
2024-07-16T17:59:00.565+0800: 7.710: [CMS-concurrent-sweep: 0.000/0.000 secs] [Times: user=0.00 sys=0.00, real=0.00 secs] 
2024-07-16T17:59:00.565+0800: 7.710: [CMS-concurrent-reset-start]
2024-07-16T17:59:00.565+0800: 7.710: [CMS-concurrent-reset: 0.000/0.000 secs] [Times: user=0.00 sys=0.00, real=0.00 secs] 
{Heap before GC invocations=971 (full 106):
 par new generation   total 6144K, used 5235K [0x00000000fec00000, 0x00000000ff2a0000, 0x00000000ff2a0000)
  eden space 5504K,  95% used [0x00000000fec00000, 0x00000000ff11b798, 0x00000000ff160000)
  from space 640K,   0% used [0x00000000ff160000, 0x00000000ff161830, 0x00000000ff200000)
  to   space 640K,   0% used [0x00000000ff200000, 0x00000000ff200000, 0x00000000ff2a0000)
 concurrent mark-sweep generation total 13696K, used 1212K [0x00000000ff2a0000, 0x0000000100000000, 0x0000000100000000)
 Metaspace       used 5077K, capacity 5258K, committed 5504K, reserved 1056768K
  class space    used 557K, capacity 597K, committed 640K, reserved 1048576K
2024-07-16T17:59:00.570+0800: 7.714: [GC (Allocation Failure) 2024-07-16T17:59:00.570+0800: 7.714: [ParNew: 5235K->6K(6144K), 0.0003773 secs] 6448K->2242K(19840K), 0.0004057 secs] [Times: user=0.00 sys=0.00, real=0.00 secs] 
Heap after GC invocations=972 (full 106):
 par new generation   total 6144K, used 6K [0x00000000fec00000, 0x00000000ff2a0000, 0x00000000ff2a0000)
  eden space 5504K,   0% used [0x00000000fec00000, 0x00000000fec00000, 0x00000000ff160000)
  from space 640K,   0% used [0x00000000ff200000, 0x00000000ff201830, 0x00000000ff2a0000)
  to   space 640K,   0% used [0x00000000ff160000, 0x00000000ff160000, 0x00000000ff200000)
 concurrent mark-sweep generation total 13696K, used 2236K [0x00000000ff2a0000, 0x0000000100000000, 0x0000000100000000)
 Metaspace       used 5077K, capacity 5258K, committed 5504K, reserved 1056768K
  class space    used 557K, capacity 597K, committed 640K, reserved 1048576K
}
{Heap before GC invocations=972 (full 106):
 par new generation   total 6144K, used 5235K [0x00000000fec00000, 0x00000000ff2a0000, 0x00000000ff2a0000)
  eden space 5504K,  95% used [0x00000000fec00000, 0x00000000ff11b798, 0x00000000ff160000)
  from space 640K,   0% used [0x00000000ff200000, 0x00000000ff201830, 0x00000000ff2a0000)
  to   space 640K,   0% used [0x00000000ff160000, 0x00000000ff160000, 0x00000000ff200000)
 concurrent mark-sweep generation total 13696K, used 2236K [0x00000000ff2a0000, 0x0000000100000000, 0x0000000100000000)
 Metaspace       used 5077K, capacity 5258K, committed 5504K, reserved 1056768K
  class space    used 557K, capacity 597K, committed 640K, reserved 1048576K
2024-07-16T17:59:00.578+0800: 7.722: [GC (Allocation Failure) 2024-07-16T17:59:00.578+0800: 7.722: [ParNew: 5235K->4K(6144K), 0.0003099 secs] 7472K->2240K(19840K), 0.0003411 secs] [Times: user=0.00 sys=0.00, real=0.00 secs] 
Heap after GC invocations=973 (full 106):
 par new generation   total 6144K, used 4K [0x00000000fec00000, 0x00000000ff2a0000, 0x00000000ff2a0000)
  eden space 5504K,   0% used [0x00000000fec00000, 0x00000000fec00000, 0x00000000ff160000)
  from space 640K,   0% used [0x00000000ff160000, 0x00000000ff161020, 0x00000000ff200000)
  to   space 640K,   0% used [0x00000000ff200000, 0x00000000ff200000, 0x00000000ff2a0000)
 concurrent mark-sweep generation total 13696K, used 2236K [0x00000000ff2a0000, 0x0000000100000000, 0x0000000100000000)
 Metaspace       used 5077K, capacity 5258K, committed 5504K, reserved 1056768K
  class space    used 557K, capacity 597K, committed 640K, reserved 1048576K
}
{Heap before GC invocations=973 (full 106):
 par new generation   total 6144K, used 5233K [0x00000000fec00000, 0x00000000ff2a0000, 0x00000000ff2a0000)
  eden space 5504K,  95% used [0x00000000fec00000, 0x00000000ff11b798, 0x00000000ff160000)
  from space 640K,   0% used [0x00000000ff160000, 0x00000000ff161020, 0x00000000ff200000)
  to   space 640K,   0% used [0x00000000ff200000, 0x00000000ff200000, 0x00000000ff2a0000)
 concurrent mark-sweep generation total 13696K, used 2236K [0x00000000ff2a0000, 0x0000000100000000, 0x0000000100000000)
 Metaspace       used 5077K, capacity 5258K, committed 5504K, reserved 1056768K
  class space    used 557K, capacity 597K, committed 640K, reserved 1048576K
2024-07-16T17:59:00.585+0800: 7.729: [GC (Allocation Failure) 2024-07-16T17:59:00.585+0800: 7.729: [ParNew: 5233K->6K(6144K), 0.0007788 secs] 7470K->3268K(19840K), 0.0008794 secs] [Times: user=0.00 sys=0.00, real=0.00 secs] 
Heap after GC invocations=974 (full 106):
 par new generation   total 6144K, used 6K [0x00000000fec00000, 0x00000000ff2a0000, 0x00000000ff2a0000)
  eden space 5504K,   0% used [0x00000000fec00000, 0x00000000fec00000, 0x00000000ff160000)
  from space 640K,   0% used [0x00000000ff200000, 0x00000000ff201830, 0x00000000ff2a0000)
  to   space 640K,   0% used [0x00000000ff160000, 0x00000000ff160000, 0x00000000ff200000)
 concurrent mark-sweep generation total 13696K, used 3262K [0x00000000ff2a0000, 0x0000000100000000, 0x0000000100000000)
 Metaspace       used 5077K, capacity 5258K, committed 5504K, reserved 1056768K
  class space    used 557K, capacity 597K, committed 640K, reserved 1048576K
}
{Heap before GC invocations=974 (full 106):
 par new generation   total 6144K, used 5235K [0x00000000fec00000, 0x00000000ff2a0000, 0x00000000ff2a0000)
  eden space 5504K,  95% used [0x00000000fec00000, 0x00000000ff11b798, 0x00000000ff160000)
  from space 640K,   0% used [0x00000000ff200000, 0x00000000ff201830, 0x00000000ff2a0000)
  to   space 640K,   0% used [0x00000000ff160000, 0x00000000ff160000, 0x00000000ff200000)
 concurrent mark-sweep generation total 13696K, used 3262K [0x00000000ff2a0000, 0x0000000100000000, 0x0000000100000000)
 Metaspace       used 5077K, capacity 5258K, committed 5504K, reserved 1056768K
  class space    used 557K, capacity 597K, committed 640K, reserved 1048576K
2024-07-16T17:59:00.592+0800: 7.736: [GC (Allocation Failure) 2024-07-16T17:59:00.592+0800: 7.736: [ParNew: 5235K->6K(6144K), 0.0009206 secs] 8498K->4294K(19840K), 0.0009826 secs] [Times: user=0.00 sys=0.00, real=0.00 secs] 
Heap after GC invocations=975 (full 106):
 par new generation   total 6144K, used 6K [0x00000000fec00000, 0x00000000ff2a0000, 0x00000000ff2a0000)
  eden space 5504K,   0% used [0x00000000fec00000, 0x00000000fec00000, 0x00000000ff160000)
  from space 640K,   0% used [0x00000000ff160000, 0x00000000ff161830, 0x00000000ff200000)
  to   space 640K,   0% used [0x00000000ff200000, 0x00000000ff200000, 0x00000000ff2a0000)
 concurrent mark-sweep generation total 13696K, used 4288K [0x00000000ff2a0000, 0x0000000100000000, 0x0000000100000000)
 Metaspace       used 5077K, capacity 5258K, committed 5504K, reserved 1056768K
  class space    used 557K, capacity 597K, committed 640K, reserved 1048576K
}
{Heap before GC invocations=975 (full 106):
 par new generation   total 6144K, used 5235K [0x00000000fec00000, 0x00000000ff2a0000, 0x00000000ff2a0000)
  eden space 5504K,  95% used [0x00000000fec00000, 0x00000000ff11b798, 0x00000000ff160000)
  from space 640K,   0% used [0x00000000ff160000, 0x00000000ff161830, 0x00000000ff200000)
  to   space 640K,   0% used [0x00000000ff200000, 0x00000000ff200000, 0x00000000ff2a0000)
 concurrent mark-sweep generation total 13696K, used 4288K [0x00000000ff2a0000, 0x0000000100000000, 0x0000000100000000)
 Metaspace       used 5077K, capacity 5258K, committed 5504K, reserved 1056768K
  class space    used 557K, capacity 597K, committed 640K, reserved 1048576K
2024-07-16T17:59:00.600+0800: 7.744: [GC (Allocation Failure) 2024-07-16T17:59:00.600+0800: 7.744: [ParNew: 5235K->6K(6144K), 0.0012422 secs] 9524K->5320K(19840K), 0.0013453 secs] [Times: user=0.00 sys=0.00, real=0.00 secs] 
Heap after GC invocations=976 (full 106):
 par new generation   total 6144K, used 6K [0x00000000fec00000, 0x00000000ff2a0000, 0x00000000ff2a0000)
  eden space 5504K,   0% used [0x00000000fec00000, 0x00000000fec00000, 0x00000000ff160000)
  from space 640K,   0% used [0x00000000ff200000, 0x00000000ff201830, 0x00000000ff2a0000)
  to   space 640K,   0% used [0x00000000ff160000, 0x00000000ff160000, 0x00000000ff200000)
 concurrent mark-sweep generation total 13696K, used 5314K [0x00000000ff2a0000, 0x0000000100000000, 0x0000000100000000)
 Metaspace       used 5077K, capacity 5258K, committed 5504K, reserved 1056768K
  class space    used 557K, capacity 597K, committed 640K, reserved 1048576K
}
{Heap before GC invocations=976 (full 106):
 par new generation   total 6144K, used 5235K [0x00000000fec00000, 0x00000000ff2a0000, 0x00000000ff2a0000)
  eden space 5504K,  95% used [0x00000000fec00000, 0x00000000ff11b798, 0x00000000ff160000)
  from space 640K,   0% used [0x00000000ff200000, 0x00000000ff201830, 0x00000000ff2a0000)
  to   space 640K,   0% used [0x00000000ff160000, 0x00000000ff160000, 0x00000000ff200000)
 concurrent mark-sweep generation total 13696K, used 5314K [0x00000000ff2a0000, 0x0000000100000000, 0x0000000100000000)
 Metaspace       used 5077K, capacity 5258K, committed 5504K, reserved 1056768K
  class space    used 557K, capacity 597K, committed 640K, reserved 1048576K
2024-07-16T17:59:00.609+0800: 7.753: [GC (Allocation Failure) 2024-07-16T17:59:00.609+0800: 7.753: [ParNew: 5235K->4K(6144K), 0.0003763 secs] 10550K->5318K(19840K), 0.0004374 secs] [Times: user=0.00 sys=0.00, real=0.00 secs] 
Heap after GC invocations=977 (full 106):
 par new generation   total 6144K, used 4K [0x00000000fec00000, 0x00000000ff2a0000, 0x00000000ff2a0000)
  eden space 5504K,   0% used [0x00000000fec00000, 0x00000000fec00000, 0x00000000ff160000)
  from space 640K,   0% used [0x00000000ff160000, 0x00000000ff161020, 0x00000000ff200000)
  to   space 640K,   0% used [0x00000000ff200000, 0x00000000ff200000, 0x00000000ff2a0000)
 concurrent mark-sweep generation total 13696K, used 5314K [0x00000000ff2a0000, 0x0000000100000000, 0x0000000100000000)
 Metaspace       used 5077K, capacity 5258K, committed 5504K, reserved 1056768K
  class space    used 557K, capacity 597K, committed 640K, reserved 1048576K
}
{Heap before GC invocations=977 (full 106):
 par new generation   total 6144K, used 5233K [0x00000000fec00000, 0x00000000ff2a0000, 0x00000000ff2a0000)
  eden space 5504K,  95% used [0x00000000fec00000, 0x00000000ff11b798, 0x00000000ff160000)
  from space 640K,   0% used [0x00000000ff160000, 0x00000000ff161020, 0x00000000ff200000)
  to   space 640K,   0% used [0x00000000ff200000, 0x00000000ff200000, 0x00000000ff2a0000)
 concurrent mark-sweep generation total 13696K, used 5314K [0x00000000ff2a0000, 0x0000000100000000, 0x0000000100000000)
 Metaspace       used 5077K, capacity 5258K, committed 5504K, reserved 1056768K
  class space    used 557K, capacity 597K, committed 640K, reserved 1048576K
2024-07-16T17:59:00.616+0800: 7.760: [GC (Allocation Failure) 2024-07-16T17:59:00.616+0800: 7.760: [ParNew: 5233K->4K(6144K), 0.0003234 secs] 10548K->5318K(19840K), 0.0003638 secs] [Times: user=0.00 sys=0.00, real=0.00 secs] 
Heap after GC invocations=978 (full 106):
 par new generation   total 6144K, used 4K [0x00000000fec00000, 0x00000000ff2a0000, 0x00000000ff2a0000)
  eden space 5504K,   0% used [0x00000000fec00000, 0x00000000fec00000, 0x00000000ff160000)
  from space 640K,   0% used [0x00000000ff200000, 0x00000000ff201020, 0x00000000ff2a0000)
  to   space 640K,   0% used [0x00000000ff160000, 0x00000000ff160000, 0x00000000ff200000)
 concurrent mark-sweep generation total 13696K, used 5314K [0x00000000ff2a0000, 0x0000000100000000, 0x0000000100000000)
 Metaspace       used 5077K, capacity 5258K, committed 5504K, reserved 1056768K
  class space    used 557K, capacity 597K, committed 640K, reserved 1048576K
}
{Heap before GC invocations=978 (full 106):
 par new generation   total 6144K, used 5233K [0x00000000fec00000, 0x00000000ff2a0000, 0x00000000ff2a0000)
  eden space 5504K,  95% used [0x00000000fec00000, 0x00000000ff11b798, 0x00000000ff160000)
  from space 640K,   0% used [0x00000000ff200000, 0x00000000ff201020, 0x00000000ff2a0000)
  to   space 640K,   0% used [0x00000000ff160000, 0x00000000ff160000, 0x00000000ff200000)
 concurrent mark-sweep generation total 13696K, used 5314K [0x00000000ff2a0000, 0x0000000100000000, 0x0000000100000000)
 Metaspace       used 5077K, capacity 5258K, committed 5504K, reserved 1056768K
  class space    used 557K, capacity 597K, committed 640K, reserved 1048576K
2024-07-16T17:59:00.624+0800: 7.768: [GC (Allocation Failure) 2024-07-16T17:59:00.624+0800: 7.768: [ParNew: 5233K->4K(6144K), 0.0006201 secs] 10548K->5318K(19840K), 0.0007362 secs] [Times: user=0.00 sys=0.00, real=0.00 secs] 
Heap after GC invocations=979 (full 106):
 par new generation   total 6144K, used 4K [0x00000000fec00000, 0x00000000ff2a0000, 0x00000000ff2a0000)
  eden space 5504K,   0% used [0x00000000fec00000, 0x00000000fec00000, 0x00000000ff160000)
  from space 640K,   0% used [0x00000000ff160000, 0x00000000ff161020, 0x00000000ff200000)
  to   space 640K,   0% used [0x00000000ff200000, 0x00000000ff200000, 0x00000000ff2a0000)
 concurrent mark-sweep generation total 13696K, used 5314K [0x00000000ff2a0000, 0x0000000100000000, 0x0000000100000000)
 Metaspace       used 5077K, capacity 5258K, committed 5504K, reserved 1056768K
  class space    used 557K, capacity 597K, committed 640K, reserved 1048576K
}
{Heap before GC invocations=979 (full 106):
 par new generation   total 6144K, used 5233K [0x00000000fec00000, 0x00000000ff2a0000, 0x00000000ff2a0000)
  eden space 5504K,  95% used [0x00000000fec00000, 0x00000000ff11b798, 0x00000000ff160000)
  from space 640K,   0% used [0x00000000ff160000, 0x00000000ff161020, 0x00000000ff200000)
  to   space 640K,   0% used [0x00000000ff200000, 0x00000000ff200000, 0x00000000ff2a0000)
 concurrent mark-sweep generation total 13696K, used 5314K [0x00000000ff2a0000, 0x0000000100000000, 0x0000000100000000)
 Metaspace       used 5077K, capacity 5258K, committed 5504K, reserved 1056768K
  class space    used 557K, capacity 597K, committed 640K, reserved 1048576K
2024-07-16T17:59:00.631+0800: 7.776: [GC (Allocation Failure) 2024-07-16T17:59:00.631+0800: 7.776: [ParNew: 5233K->8K(6144K), 0.0010150 secs] 10548K->6347K(19840K), 0.0011213 secs] [Times: user=0.00 sys=0.00, real=0.00 secs] 
Heap after GC invocations=980 (full 106):
 par new generation   total 6144K, used 8K [0x00000000fec00000, 0x00000000ff2a0000, 0x00000000ff2a0000)
  eden space 5504K,   0% used [0x00000000fec00000, 0x00000000fec00000, 0x00000000ff160000)
  from space 640K,   1% used [0x00000000ff200000, 0x00000000ff202040, 0x00000000ff2a0000)
  to   space 640K,   0% used [0x00000000ff160000, 0x00000000ff160000, 0x00000000ff200000)
 concurrent mark-sweep generation total 13696K, used 6338K [0x00000000ff2a0000, 0x0000000100000000, 0x0000000100000000)
 Metaspace       used 5077K, capacity 5258K, committed 5504K, reserved 1056768K
  class space    used 557K, capacity 597K, committed 640K, reserved 1048576K
}
{Heap before GC invocations=980 (full 106):
 par new generation   total 6144K, used 5237K [0x00000000fec00000, 0x00000000ff2a0000, 0x00000000ff2a0000)
  eden space 5504K,  95% used [0x00000000fec00000, 0x00000000ff11b798, 0x00000000ff160000)
  from space 640K,   1% used [0x00000000ff200000, 0x00000000ff202040, 0x00000000ff2a0000)
  to   space 640K,   0% used [0x00000000ff160000, 0x00000000ff160000, 0x00000000ff200000)
 concurrent mark-sweep generation total 13696K, used 6338K [0x00000000ff2a0000, 0x0000000100000000, 0x0000000100000000)
 Metaspace       used 5077K, capacity 5258K, committed 5504K, reserved 1056768K
  class space    used 557K, capacity 597K, committed 640K, reserved 1048576K
2024-07-16T17:59:00.640+0800: 7.784: [GC (Allocation Failure) 2024-07-16T17:59:00.640+0800: 7.784: [ParNew: 5237K->4K(6144K), 0.0005009 secs] 11576K->7369K(19840K), 0.0005699 secs] [Times: user=0.00 sys=0.00, real=0.00 secs] 
Heap after GC invocations=981 (full 106):
 par new generation   total 6144K, used 4K [0x00000000fec00000, 0x00000000ff2a0000, 0x00000000ff2a0000)
  eden space 5504K,   0% used [0x00000000fec00000, 0x00000000fec00000, 0x00000000ff160000)
  from space 640K,   0% used [0x00000000ff160000, 0x00000000ff161020, 0x00000000ff200000)
  to   space 640K,   0% used [0x00000000ff200000, 0x00000000ff200000, 0x00000000ff2a0000)
 concurrent mark-sweep generation total 13696K, used 7365K [0x00000000ff2a0000, 0x0000000100000000, 0x0000000100000000)
 Metaspace       used 5077K, capacity 5258K, committed 5504K, reserved 1056768K
  class space    used 557K, capacity 597K, committed 640K, reserved 1048576K
}
{Heap before GC invocations=981 (full 106):
 par new generation   total 6144K, used 5233K [0x00000000fec00000, 0x00000000ff2a0000, 0x00000000ff2a0000)
  eden space 5504K,  95% used [0x00000000fec00000, 0x00000000ff11b798, 0x00000000ff160000)
  from space 640K,   0% used [0x00000000ff160000, 0x00000000ff161020, 0x00000000ff200000)
  to   space 640K,   0% used [0x00000000ff200000, 0x00000000ff200000, 0x00000000ff2a0000)
 concurrent mark-sweep generation total 13696K, used 7365K [0x00000000ff2a0000, 0x0000000100000000, 0x0000000100000000)
 Metaspace       used 5077K, capacity 5258K, committed 5504K, reserved 1056768K
  class space    used 557K, capacity 597K, committed 640K, reserved 1048576K
2024-07-16T17:59:00.647+0800: 7.791: [GC (Allocation Failure) 2024-07-16T17:59:00.647+0800: 7.791: [ParNew: 5233K->6K(6144K), 0.0008417 secs] 12598K->8395K(19840K), 0.0009243 secs] [Times: user=0.00 sys=0.00, real=0.00 secs] 
Heap after GC invocations=982 (full 106):
 par new generation   total 6144K, used 6K [0x00000000fec00000, 0x00000000ff2a0000, 0x00000000ff2a0000)
  eden space 5504K,   0% used [0x00000000fec00000, 0x00000000fec00000, 0x00000000ff160000)
  from space 640K,   0% used [0x00000000ff200000, 0x00000000ff201830, 0x00000000ff2a0000)
  to   space 640K,   0% used [0x00000000ff160000, 0x00000000ff160000, 0x00000000ff200000)
 concurrent mark-sweep generation total 13696K, used 8389K [0x00000000ff2a0000, 0x0000000100000000, 0x0000000100000000)
 Metaspace       used 5077K, capacity 5258K, committed 5504K, reserved 1056768K
  class space    used 557K, capacity 597K, committed 640K, reserved 1048576K
}
2024-07-16T17:59:00.648+0800: 7.793: [GC (CMS Initial Mark) [1 CMS-initial-mark: 8389K(13696K)] 9421K(19840K), 0.0006145 secs] [Times: user=0.00 sys=0.00, real=0.00 secs] 
2024-07-16T17:59:00.649+0800: 7.794: [CMS-concurrent-mark-start]
2024-07-16T17:59:00.651+0800: 7.796: [CMS-concurrent-mark: 0.003/0.003 secs] [Times: user=0.00 sys=0.00, real=0.00 secs] 
2024-07-16T17:59:00.651+0800: 7.796: [CMS-concurrent-preclean-start]
2024-07-16T17:59:00.651+0800: 7.796: [CMS-concurrent-preclean: 0.000/0.000 secs] [Times: user=0.00 sys=0.00, real=0.00 secs] 
2024-07-16T17:59:00.651+0800: 7.796: [CMS-concurrent-abortable-preclean-start]
{Heap before GC invocations=982 (full 107):
 par new generation   total 6144K, used 5235K [0x00000000fec00000, 0x00000000ff2a0000, 0x00000000ff2a0000)
  eden space 5504K,  95% used [0x00000000fec00000, 0x00000000ff11b798, 0x00000000ff160000)
  from space 640K,   0% used [0x00000000ff200000, 0x00000000ff201830, 0x00000000ff2a0000)
  to   space 640K,   0% used [0x00000000ff160000, 0x00000000ff160000, 0x00000000ff200000)
 concurrent mark-sweep generation total 13696K, used 8389K [0x00000000ff2a0000, 0x0000000100000000, 0x0000000100000000)
 Metaspace       used 5077K, capacity 5258K, committed 5504K, reserved 1056768K
  class space    used 557K, capacity 597K, committed 640K, reserved 1048576K
2024-07-16T17:59:00.657+0800: 7.801: [GC (Allocation Failure) 2024-07-16T17:59:00.657+0800: 7.801: [ParNew: 5235K->2K(6144K), 0.0003132 secs] 13624K->8391K(19840K), 0.0003379 secs] [Times: user=0.00 sys=0.00, real=0.00 secs] 
Heap after GC invocations=983 (full 107):
 par new generation   total 6144K, used 2K [0x00000000fec00000, 0x00000000ff2a0000, 0x00000000ff2a0000)
  eden space 5504K,   0% used [0x00000000fec00000, 0x00000000fec00000, 0x00000000ff160000)
  from space 640K,   0% used [0x00000000ff160000, 0x00000000ff160810, 0x00000000ff200000)
  to   space 640K,   0% used [0x00000000ff200000, 0x00000000ff200000, 0x00000000ff2a0000)
 concurrent mark-sweep generation total 13696K, used 8389K [0x00000000ff2a0000, 0x0000000100000000, 0x0000000100000000)
 Metaspace       used 5077K, capacity 5258K, committed 5504K, reserved 1056768K
  class space    used 557K, capacity 597K, committed 640K, reserved 1048576K
}
{Heap before GC invocations=983 (full 107):
 par new generation   total 6144K, used 5231K [0x00000000fec00000, 0x00000000ff2a0000, 0x00000000ff2a0000)
  eden space 5504K,  95% used [0x00000000fec00000, 0x00000000ff11b798, 0x00000000ff160000)
  from space 640K,   0% used [0x00000000ff160000, 0x00000000ff160810, 0x00000000ff200000)
  to   space 640K,   0% used [0x00000000ff200000, 0x00000000ff200000, 0x00000000ff2a0000)
 concurrent mark-sweep generation total 13696K, used 8389K [0x00000000ff2a0000, 0x0000000100000000, 0x0000000100000000)
 Metaspace       used 5077K, capacity 5258K, committed 5504K, reserved 1056768K
  class space    used 557K, capacity 597K, committed 640K, reserved 1048576K
2024-07-16T17:59:00.665+0800: 7.809: [GC (Allocation Failure) 2024-07-16T17:59:00.665+0800: 7.809: [ParNew: 5231K->4K(6144K), 0.0003591 secs] 13620K->8393K(19840K), 0.0004159 secs] [Times: user=0.00 sys=0.00, real=0.00 secs] 
Heap after GC invocations=984 (full 107):
 par new generation   total 6144K, used 4K [0x00000000fec00000, 0x00000000ff2a0000, 0x00000000ff2a0000)
  eden space 5504K,   0% used [0x00000000fec00000, 0x00000000fec00000, 0x00000000ff160000)
  from space 640K,   0% used [0x00000000ff200000, 0x00000000ff201020, 0x00000000ff2a0000)
  to   space 640K,   0% used [0x00000000ff160000, 0x00000000ff160000, 0x00000000ff200000)
 concurrent mark-sweep generation total 13696K, used 8389K [0x00000000ff2a0000, 0x0000000100000000, 0x0000000100000000)
 Metaspace       used 5077K, capacity 5258K, committed 5504K, reserved 1056768K
  class space    used 557K, capacity 597K, committed 640K, reserved 1048576K
}
{Heap before GC invocations=984 (full 107):
 par new generation   total 6144K, used 5233K [0x00000000fec00000, 0x00000000ff2a0000, 0x00000000ff2a0000)
  eden space 5504K,  95% used [0x00000000fec00000, 0x00000000ff11b798, 0x00000000ff160000)
  from space 640K,   0% used [0x00000000ff200000, 0x00000000ff201020, 0x00000000ff2a0000)
  to   space 640K,   0% used [0x00000000ff160000, 0x00000000ff160000, 0x00000000ff200000)
 concurrent mark-sweep generation total 13696K, used 8389K [0x00000000ff2a0000, 0x0000000100000000, 0x0000000100000000)
 Metaspace       used 5077K, capacity 5258K, committed 5504K, reserved 1056768K
  class space    used 557K, capacity 597K, committed 640K, reserved 1048576K
2024-07-16T17:59:00.671+0800: 7.815: [GC (Allocation Failure) 2024-07-16T17:59:00.671+0800: 7.815: [ParNew: 5233K->6K(6144K), 0.0008046 secs] 13622K->9419K(19840K), 0.0008940 secs] [Times: user=0.00 sys=0.00, real=0.00 secs] 
Heap after GC invocations=985 (full 107):
 par new generation   total 6144K, used 6K [0x00000000fec00000, 0x00000000ff2a0000, 0x00000000ff2a0000)
  eden space 5504K,   0% used [0x00000000fec00000, 0x00000000fec00000, 0x00000000ff160000)
  from space 640K,   0% used [0x00000000ff160000, 0x00000000ff161830, 0x00000000ff200000)
  to   space 640K,   0% used [0x00000000ff200000, 0x00000000ff200000, 0x00000000ff2a0000)
 concurrent mark-sweep generation total 13696K, used 9413K [0x00000000ff2a0000, 0x0000000100000000, 0x0000000100000000)
 Metaspace       used 5077K, capacity 5258K, committed 5504K, reserved 1056768K
  class space    used 557K, capacity 597K, committed 640K, reserved 1048576K
}
{Heap before GC invocations=985 (full 107):
 par new generation   total 6144K, used 5235K [0x00000000fec00000, 0x00000000ff2a0000, 0x00000000ff2a0000)
  eden space 5504K,  95% used [0x00000000fec00000, 0x00000000ff11b798, 0x00000000ff160000)
  from space 640K,   0% used [0x00000000ff160000, 0x00000000ff161830, 0x00000000ff200000)
  to   space 640K,   0% used [0x00000000ff200000, 0x00000000ff200000, 0x00000000ff2a0000)
 concurrent mark-sweep generation total 13696K, used 9413K [0x00000000ff2a0000, 0x0000000100000000, 0x0000000100000000)
 Metaspace       used 5077K, capacity 5258K, committed 5504K, reserved 1056768K
  class space    used 557K, capacity 597K, committed 640K, reserved 1048576K
2024-07-16T17:59:00.679+0800: 7.823: [GC (Allocation Failure) 2024-07-16T17:59:00.679+0800: 7.823: [ParNew: 5235K->4K(6144K), 0.0006324 secs] 14648K->10443K(19840K), 0.0007304 secs] [Times: user=0.00 sys=0.00, real=0.00 secs] 
Heap after GC invocations=986 (full 107):
 par new generation   total 6144K, used 4K [0x00000000fec00000, 0x00000000ff2a0000, 0x00000000ff2a0000)
  eden space 5504K,   0% used [0x00000000fec00000, 0x00000000fec00000, 0x00000000ff160000)
  from space 640K,   0% used [0x00000000ff200000, 0x00000000ff201020, 0x00000000ff2a0000)
  to   space 640K,   0% used [0x00000000ff160000, 0x00000000ff160000, 0x00000000ff200000)
 concurrent mark-sweep generation total 13696K, used 10439K [0x00000000ff2a0000, 0x0000000100000000, 0x0000000100000000)
 Metaspace       used 5077K, capacity 5258K, committed 5504K, reserved 1056768K
  class space    used 557K, capacity 597K, committed 640K, reserved 1048576K
}
{Heap before GC invocations=986 (full 107):
 par new generation   total 6144K, used 5233K [0x00000000fec00000, 0x00000000ff2a0000, 0x00000000ff2a0000)
  eden space 5504K,  95% used [0x00000000fec00000, 0x00000000ff11b798, 0x00000000ff160000)
  from space 640K,   0% used [0x00000000ff200000, 0x00000000ff201020, 0x00000000ff2a0000)
  to   space 640K,   0% used [0x00000000ff160000, 0x00000000ff160000, 0x00000000ff200000)
 concurrent mark-sweep generation total 13696K, used 10439K [0x00000000ff2a0000, 0x0000000100000000, 0x0000000100000000)
 Metaspace       used 5077K, capacity 5258K, committed 5504K, reserved 1056768K
  class space    used 557K, capacity 597K, committed 640K, reserved 1048576K
2024-07-16T17:59:00.688+0800: 7.832: [GC (Allocation Failure) 2024-07-16T17:59:00.688+0800: 7.832: [ParNew: 5233K->8K(6144K), 0.0010444 secs] 15673K->11471K(19840K), 0.0011474 secs] [Times: user=0.00 sys=0.00, real=0.00 secs] 
Heap after GC invocations=987 (full 107):
 par new generation   total 6144K, used 8K [0x00000000fec00000, 0x00000000ff2a0000, 0x00000000ff2a0000)
  eden space 5504K,   0% used [0x00000000fec00000, 0x00000000fec00000, 0x00000000ff160000)
  from space 640K,   1% used [0x00000000ff160000, 0x00000000ff162040, 0x00000000ff200000)
  to   space 640K,   0% used [0x00000000ff200000, 0x00000000ff200000, 0x00000000ff2a0000)
 concurrent mark-sweep generation total 13696K, used 11463K [0x00000000ff2a0000, 0x0000000100000000, 0x0000000100000000)
 Metaspace       used 5077K, capacity 5258K, committed 5504K, reserved 1056768K
  class space    used 557K, capacity 597K, committed 640K, reserved 1048576K
}
{Heap before GC invocations=987 (full 107):
 par new generation   total 6144K, used 5237K [0x00000000fec00000, 0x00000000ff2a0000, 0x00000000ff2a0000)
  eden space 5504K,  95% used [0x00000000fec00000, 0x00000000ff11b798, 0x00000000ff160000)
  from space 640K,   1% used [0x00000000ff160000, 0x00000000ff162040, 0x00000000ff200000)
  to   space 640K,   0% used [0x00000000ff200000, 0x00000000ff200000, 0x00000000ff2a0000)
 concurrent mark-sweep generation total 13696K, used 11463K [0x00000000ff2a0000, 0x0000000100000000, 0x0000000100000000)
 Metaspace       used 5077K, capacity 5258K, committed 5504K, reserved 1056768K
  class space    used 557K, capacity 597K, committed 640K, reserved 1048576K
2024-07-16T17:59:00.697+0800: 7.841: [GC (Allocation Failure) 2024-07-16T17:59:00.697+0800: 7.841: [ParNew: 5237K->4K(6144K), 0.0010183 secs] 16701K->11467K(19840K), 0.0011224 secs] [Times: user=0.00 sys=0.00, real=0.00 secs] 
Heap after GC invocations=988 (full 107):
 par new generation   total 6144K, used 4K [0x00000000fec00000, 0x00000000ff2a0000, 0x00000000ff2a0000)
  eden space 5504K,   0% used [0x00000000fec00000, 0x00000000fec00000, 0x00000000ff160000)
  from space 640K,   0% used [0x00000000ff200000, 0x00000000ff201020, 0x00000000ff2a0000)
  to   space 640K,   0% used [0x00000000ff160000, 0x00000000ff160000, 0x00000000ff200000)
 concurrent mark-sweep generation total 13696K, used 11463K [0x00000000ff2a0000, 0x0000000100000000, 0x0000000100000000)
 Metaspace       used 5077K, capacity 5258K, committed 5504K, reserved 1056768K
  class space    used 557K, capacity 597K, committed 640K, reserved 1048576K
}
{Heap before GC invocations=988 (full 107):
 par new generation   total 6144K, used 5233K [0x00000000fec00000, 0x00000000ff2a0000, 0x00000000ff2a0000)
  eden space 5504K,  95% used [0x00000000fec00000, 0x00000000ff11b798, 0x00000000ff160000)
  from space 640K,   0% used [0x00000000ff200000, 0x00000000ff201020, 0x00000000ff2a0000)
  to   space 640K,   0% used [0x00000000ff160000, 0x00000000ff160000, 0x00000000ff200000)
 concurrent mark-sweep generation total 13696K, used 11463K [0x00000000ff2a0000, 0x0000000100000000, 0x0000000100000000)
 Metaspace       used 5077K, capacity 5258K, committed 5504K, reserved 1056768K
  class space    used 557K, capacity 597K, committed 640K, reserved 1048576K
2024-07-16T17:59:00.706+0800: 7.850: [GC (Allocation Failure) 2024-07-16T17:59:00.706+0800: 7.850: [ParNew: 5233K->6K(6144K), 0.0010337 secs] 16697K->12493K(19840K), 0.0011207 secs] [Times: user=0.00 sys=0.00, real=0.00 secs] 
Heap after GC invocations=989 (full 107):
 par new generation   total 6144K, used 6K [0x00000000fec00000, 0x00000000ff2a0000, 0x00000000ff2a0000)
  eden space 5504K,   0% used [0x00000000fec00000, 0x00000000fec00000, 0x00000000ff160000)
  from space 640K,   0% used [0x00000000ff160000, 0x00000000ff161830, 0x00000000ff200000)
  to   space 640K,   0% used [0x00000000ff200000, 0x00000000ff200000, 0x00000000ff2a0000)
 concurrent mark-sweep generation total 13696K, used 12487K [0x00000000ff2a0000, 0x0000000100000000, 0x0000000100000000)
 Metaspace       used 5077K, capacity 5258K, committed 5504K, reserved 1056768K
  class space    used 557K, capacity 597K, committed 640K, reserved 1048576K
}
{Heap before GC invocations=989 (full 107):
 par new generation   total 6144K, used 5235K [0x00000000fec00000, 0x00000000ff2a0000, 0x00000000ff2a0000)
  eden space 5504K,  95% used [0x00000000fec00000, 0x00000000ff11b798, 0x00000000ff160000)
  from space 640K,   0% used [0x00000000ff160000, 0x00000000ff161830, 0x00000000ff200000)
  to   space 640K,   0% used [0x00000000ff200000, 0x00000000ff200000, 0x00000000ff2a0000)
 concurrent mark-sweep generation total 13696K, used 12487K [0x00000000ff2a0000, 0x0000000100000000, 0x0000000100000000)
 Metaspace       used 5077K, capacity 5258K, committed 5504K, reserved 1056768K
  class space    used 557K, capacity 597K, committed 640K, reserved 1048576K
2024-07-16T17:59:00.713+0800: 7.858: [GC (Allocation Failure) 2024-07-16T17:59:00.713+0800: 7.858: [ParNew: 5235K->5235K(6144K), 0.0000169 secs]2024-07-16T17:59:00.713+0800: 7.858: [CMS2024-07-16T17:59:00.713+0800: 7.858: [CMS-concurrent-abortable-preclean: 0.001/0.062 secs] [Times: user=0.00 sys=0.00, real=0.06 secs] 
 (concurrent mode failure): 12487K->2228K(13696K), 0.0040145 secs] 17723K->2228K(19840K), [Metaspace: 5077K->5077K(1056768K)], 0.0040880 secs] [Times: user=0.00 sys=0.00, real=0.00 secs] 
Heap after GC invocations=990 (full 108):
 par new generation   total 6144K, used 0K [0x00000000fec00000, 0x00000000ff2a0000, 0x00000000ff2a0000)
  eden space 5504K,   0% used [0x00000000fec00000, 0x00000000fec00000, 0x00000000ff160000)
  from space 640K,   0% used [0x00000000ff160000, 0x00000000ff160000, 0x00000000ff200000)
  to   space 640K,   0% used [0x00000000ff200000, 0x00000000ff200000, 0x00000000ff2a0000)
 concurrent mark-sweep generation total 13696K, used 2228K [0x00000000ff2a0000, 0x0000000100000000, 0x0000000100000000)
 Metaspace       used 5077K, capacity 5258K, committed 5504K, reserved 1056768K
  class space    used 557K, capacity 597K, committed 640K, reserved 1048576K
}
{Heap before GC invocations=990 (full 108):
 par new generation   total 6144K, used 5229K [0x00000000fec00000, 0x00000000ff2a0000, 0x00000000ff2a0000)
  eden space 5504K,  95% used [0x00000000fec00000, 0x00000000ff11b798, 0x00000000ff160000)
  from space 640K,   0% used [0x00000000ff160000, 0x00000000ff160000, 0x00000000ff200000)
  to   space 640K,   0% used [0x00000000ff200000, 0x00000000ff200000, 0x00000000ff2a0000)
 concurrent mark-sweep generation total 13696K, used 2228K [0x00000000ff2a0000, 0x0000000100000000, 0x0000000100000000)
 Metaspace       used 5077K, capacity 5258K, committed 5504K, reserved 1056768K
  class space    used 557K, capacity 597K, committed 640K, reserved 1048576K
2024-07-16T17:59:00.724+0800: 7.869: [GC (Allocation Failure) 2024-07-16T17:59:00.724+0800: 7.869: [ParNew: 5229K->4K(6144K), 0.0004492 secs] 7458K->2232K(19840K), 0.0004990 secs] [Times: user=0.00 sys=0.00, real=0.00 secs] 
Heap after GC invocations=991 (full 108):
 par new generation   total 6144K, used 4K [0x00000000fec00000, 0x00000000ff2a0000, 0x00000000ff2a0000)
  eden space 5504K,   0% used [0x00000000fec00000, 0x00000000fec00000, 0x00000000ff160000)
  from space 640K,   0% used [0x00000000ff200000, 0x00000000ff201020, 0x00000000ff2a0000)
  to   space 640K,   0% used [0x00000000ff160000, 0x00000000ff160000, 0x00000000ff200000)
 concurrent mark-sweep generation total 13696K, used 2228K [0x00000000ff2a0000, 0x0000000100000000, 0x0000000100000000)
 Metaspace       used 5077K, capacity 5258K, committed 5504K, reserved 1056768K
  class space    used 557K, capacity 597K, committed 640K, reserved 1048576K
}
{Heap before GC invocations=991 (full 108):
 par new generation   total 6144K, used 5233K [0x00000000fec00000, 0x00000000ff2a0000, 0x00000000ff2a0000)
  eden space 5504K,  95% used [0x00000000fec00000, 0x00000000ff11b798, 0x00000000ff160000)
  from space 640K,   0% used [0x00000000ff200000, 0x00000000ff201020, 0x00000000ff2a0000)
  to   space 640K,   0% used [0x00000000ff160000, 0x00000000ff160000, 0x00000000ff200000)
 concurrent mark-sweep generation total 13696K, used 2228K [0x00000000ff2a0000, 0x0000000100000000, 0x0000000100000000)
 Metaspace       used 5077K, capacity 5258K, committed 5504K, reserved 1056768K
  class space    used 557K, capacity 597K, committed 640K, reserved 1048576K
2024-07-16T17:59:00.731+0800: 7.876: [GC (Allocation Failure) 2024-07-16T17:59:00.731+0800: 7.876: [ParNew: 5233K->6K(6144K), 0.0011451 secs] 7462K->3260K(19840K), 0.0012545 secs] [Times: user=0.00 sys=0.00, real=0.00 secs] 
Heap after GC invocations=992 (full 108):
 par new generation   total 6144K, used 6K [0x00000000fec00000, 0x00000000ff2a0000, 0x00000000ff2a0000)
  eden space 5504K,   0% used [0x00000000fec00000, 0x00000000fec00000, 0x00000000ff160000)
  from space 640K,   0% used [0x00000000ff160000, 0x00000000ff161830, 0x00000000ff200000)
  to   space 640K,   0% used [0x00000000ff200000, 0x00000000ff200000, 0x00000000ff2a0000)
 concurrent mark-sweep generation total 13696K, used 3254K [0x00000000ff2a0000, 0x0000000100000000, 0x0000000100000000)
 Metaspace       used 5077K, capacity 5258K, committed 5504K, reserved 1056768K
  class space    used 557K, capacity 597K, committed 640K, reserved 1048576K
}
{Heap before GC invocations=992 (full 108):
 par new generation   total 6144K, used 5235K [0x00000000fec00000, 0x00000000ff2a0000, 0x00000000ff2a0000)
  eden space 5504K,  95% used [0x00000000fec00000, 0x00000000ff11b798, 0x00000000ff160000)
  from space 640K,   0% used [0x00000000ff160000, 0x00000000ff161830, 0x00000000ff200000)
  to   space 640K,   0% used [0x00000000ff200000, 0x00000000ff200000, 0x00000000ff2a0000)
 concurrent mark-sweep generation total 13696K, used 3254K [0x00000000ff2a0000, 0x0000000100000000, 0x0000000100000000)
 Metaspace       used 5077K, capacity 5258K, committed 5504K, reserved 1056768K
  class space    used 557K, capacity 597K, committed 640K, reserved 1048576K
2024-07-16T17:59:00.740+0800: 7.885: [GC (Allocation Failure) 2024-07-16T17:59:00.740+0800: 7.885: [ParNew: 5235K->2K(6144K), 0.0007108 secs] 8490K->3256K(19840K), 0.0008087 secs] [Times: user=0.00 sys=0.00, real=0.00 secs] 
Heap after GC invocations=993 (full 108):
 par new generation   total 6144K, used 2K [0x00000000fec00000, 0x00000000ff2a0000, 0x00000000ff2a0000)
  eden space 5504K,   0% used [0x00000000fec00000, 0x00000000fec00000, 0x00000000ff160000)
  from space 640K,   0% used [0x00000000ff200000, 0x00000000ff200810, 0x00000000ff2a0000)
  to   space 640K,   0% used [0x00000000ff160000, 0x00000000ff160000, 0x00000000ff200000)
 concurrent mark-sweep generation total 13696K, used 3254K [0x00000000ff2a0000, 0x0000000100000000, 0x0000000100000000)
 Metaspace       used 5077K, capacity 5258K, committed 5504K, reserved 1056768K
  class space    used 557K, capacity 597K, committed 640K, reserved 1048576K
}
{Heap before GC invocations=993 (full 108):
 par new generation   total 6144K, used 5231K [0x00000000fec00000, 0x00000000ff2a0000, 0x00000000ff2a0000)
  eden space 5504K,  95% used [0x00000000fec00000, 0x00000000ff11b798, 0x00000000ff160000)
  from space 640K,   0% used [0x00000000ff200000, 0x00000000ff200810, 0x00000000ff2a0000)
  to   space 640K,   0% used [0x00000000ff160000, 0x00000000ff160000, 0x00000000ff200000)
 concurrent mark-sweep generation total 13696K, used 3254K [0x00000000ff2a0000, 0x0000000100000000, 0x0000000100000000)
 Metaspace       used 5077K, capacity 5258K, committed 5504K, reserved 1056768K
  class space    used 557K, capacity 597K, committed 640K, reserved 1048576K
2024-07-16T17:59:00.748+0800: 7.893: [GC (Allocation Failure) 2024-07-16T17:59:00.748+0800: 7.893: [ParNew: 5231K->6K(6144K), 0.0009921 secs] 8486K->4286K(19840K), 0.0011039 secs] [Times: user=0.00 sys=0.00, real=0.00 secs] 
Heap after GC invocations=994 (full 108):
 par new generation   total 6144K, used 6K [0x00000000fec00000, 0x00000000ff2a0000, 0x00000000ff2a0000)
  eden space 5504K,   0% used [0x00000000fec00000, 0x00000000fec00000, 0x00000000ff160000)
  from space 640K,   0% used [0x00000000ff160000, 0x00000000ff161830, 0x00000000ff200000)
  to   space 640K,   0% used [0x00000000ff200000, 0x00000000ff200000, 0x00000000ff2a0000)
 concurrent mark-sweep generation total 13696K, used 4280K [0x00000000ff2a0000, 0x0000000100000000, 0x0000000100000000)
 Metaspace       used 5077K, capacity 5258K, committed 5504K, reserved 1056768K
  class space    used 557K, capacity 597K, committed 640K, reserved 1048576K
}
{Heap before GC invocations=994 (full 108):
 par new generation   total 6144K, used 5235K [0x00000000fec00000, 0x00000000ff2a0000, 0x00000000ff2a0000)
  eden space 5504K,  95% used [0x00000000fec00000, 0x00000000ff11b798, 0x00000000ff160000)
  from space 640K,   0% used [0x00000000ff160000, 0x00000000ff161830, 0x00000000ff200000)
  to   space 640K,   0% used [0x00000000ff200000, 0x00000000ff200000, 0x00000000ff2a0000)
 concurrent mark-sweep generation total 13696K, used 4280K [0x00000000ff2a0000, 0x0000000100000000, 0x0000000100000000)
 Metaspace       used 5077K, capacity 5258K, committed 5504K, reserved 1056768K
  class space    used 557K, capacity 597K, committed 640K, reserved 1048576K
2024-07-16T17:59:00.756+0800: 7.901: [GC (Allocation Failure) 2024-07-16T17:59:00.756+0800: 7.901: [ParNew: 5235K->8K(6144K), 0.0010807 secs] 9516K->5312K(19840K), 0.0011767 secs] [Times: user=0.00 sys=0.00, real=0.00 secs] 
Heap after GC invocations=995 (full 108):
 par new generation   total 6144K, used 8K [0x00000000fec00000, 0x00000000ff2a0000, 0x00000000ff2a0000)
  eden space 5504K,   0% used [0x00000000fec00000, 0x00000000fec00000, 0x00000000ff160000)
  from space 640K,   1% used [0x00000000ff200000, 0x00000000ff202040, 0x00000000ff2a0000)
  to   space 640K,   0% used [0x00000000ff160000, 0x00000000ff160000, 0x00000000ff200000)
 concurrent mark-sweep generation total 13696K, used 5304K [0x00000000ff2a0000, 0x0000000100000000, 0x0000000100000000)
 Metaspace       used 5077K, capacity 5258K, committed 5504K, reserved 1056768K
  class space    used 557K, capacity 597K, committed 640K, reserved 1048576K
}
{Heap before GC invocations=995 (full 108):
 par new generation   total 6144K, used 5237K [0x00000000fec00000, 0x00000000ff2a0000, 0x00000000ff2a0000)
  eden space 5504K,  95% used [0x00000000fec00000, 0x00000000ff11b798, 0x00000000ff160000)
  from space 640K,   1% used [0x00000000ff200000, 0x00000000ff202040, 0x00000000ff2a0000)
  to   space 640K,   0% used [0x00000000ff160000, 0x00000000ff160000, 0x00000000ff200000)
 concurrent mark-sweep generation total 13696K, used 5304K [0x00000000ff2a0000, 0x0000000100000000, 0x0000000100000000)
 Metaspace       used 5077K, capacity 5258K, committed 5504K, reserved 1056768K
  class space    used 557K, capacity 597K, committed 640K, reserved 1048576K
2024-07-16T17:59:00.767+0800: 7.912: [GC (Allocation Failure) 2024-07-16T17:59:00.767+0800: 7.912: [ParNew: 5237K->4K(6144K), 0.0006921 secs] 10542K->5308K(19840K), 0.0007752 secs] [Times: user=0.00 sys=0.00, real=0.00 secs] 
Heap after GC invocations=996 (full 108):
 par new generation   total 6144K, used 4K [0x00000000fec00000, 0x00000000ff2a0000, 0x00000000ff2a0000)
  eden space 5504K,   0% used [0x00000000fec00000, 0x00000000fec00000, 0x00000000ff160000)
  from space 640K,   0% used [0x00000000ff160000, 0x00000000ff161020, 0x00000000ff200000)
  to   space 640K,   0% used [0x00000000ff200000, 0x00000000ff200000, 0x00000000ff2a0000)
 concurrent mark-sweep generation total 13696K, used 5304K [0x00000000ff2a0000, 0x0000000100000000, 0x0000000100000000)
 Metaspace       used 5077K, capacity 5258K, committed 5504K, reserved 1056768K
  class space    used 557K, capacity 597K, committed 640K, reserved 1048576K
}
{Heap before GC invocations=996 (full 108):
 par new generation   total 6144K, used 5233K [0x00000000fec00000, 0x00000000ff2a0000, 0x00000000ff2a0000)
  eden space 5504K,  95% used [0x00000000fec00000, 0x00000000ff11b798, 0x00000000ff160000)
  from space 640K,   0% used [0x00000000ff160000, 0x00000000ff161020, 0x00000000ff200000)
  to   space 640K,   0% used [0x00000000ff200000, 0x00000000ff200000, 0x00000000ff2a0000)
 concurrent mark-sweep generation total 13696K, used 5304K [0x00000000ff2a0000, 0x0000000100000000, 0x0000000100000000)
 Metaspace       used 5077K, capacity 5258K, committed 5504K, reserved 1056768K
  class space    used 557K, capacity 597K, committed 640K, reserved 1048576K
2024-07-16T17:59:00.776+0800: 7.921: [GC (Allocation Failure) 2024-07-16T17:59:00.776+0800: 7.921: [ParNew: 5233K->6K(6144K), 0.0013003 secs] 10538K->6336K(19840K), 0.0014411 secs] [Times: user=0.00 sys=0.00, real=0.00 secs] 
Heap after GC invocations=997 (full 108):
 par new generation   total 6144K, used 6K [0x00000000fec00000, 0x00000000ff2a0000, 0x00000000ff2a0000)
  eden space 5504K,   0% used [0x00000000fec00000, 0x00000000fec00000, 0x00000000ff160000)
  from space 640K,   0% used [0x00000000ff200000, 0x00000000ff201830, 0x00000000ff2a0000)
  to   space 640K,   0% used [0x00000000ff160000, 0x00000000ff160000, 0x00000000ff200000)
 concurrent mark-sweep generation total 13696K, used 6330K [0x00000000ff2a0000, 0x0000000100000000, 0x0000000100000000)
 Metaspace       used 5077K, capacity 5258K, committed 5504K, reserved 1056768K
  class space    used 557K, capacity 597K, committed 640K, reserved 1048576K
}
{Heap before GC invocations=997 (full 108):
 par new generation   total 6144K, used 5235K [0x00000000fec00000, 0x00000000ff2a0000, 0x00000000ff2a0000)
  eden space 5504K,  95% used [0x00000000fec00000, 0x00000000ff11b798, 0x00000000ff160000)
  from space 640K,   0% used [0x00000000ff200000, 0x00000000ff201830, 0x00000000ff2a0000)
  to   space 640K,   0% used [0x00000000ff160000, 0x00000000ff160000, 0x00000000ff200000)
 concurrent mark-sweep generation total 13696K, used 6330K [0x00000000ff2a0000, 0x0000000100000000, 0x0000000100000000)
 Metaspace       used 5077K, capacity 5258K, committed 5504K, reserved 1056768K
  class space    used 557K, capacity 597K, committed 640K, reserved 1048576K
2024-07-16T17:59:00.786+0800: 7.931: [GC (Allocation Failure) 2024-07-16T17:59:00.786+0800: 7.931: [ParNew: 5235K->4K(6144K), 0.0004272 secs] 11566K->6334K(19840K), 0.0004791 secs] [Times: user=0.00 sys=0.00, real=0.00 secs] 
Heap after GC invocations=998 (full 108):
 par new generation   total 6144K, used 4K [0x00000000fec00000, 0x00000000ff2a0000, 0x00000000ff2a0000)
  eden space 5504K,   0% used [0x00000000fec00000, 0x00000000fec00000, 0x00000000ff160000)
  from space 640K,   0% used [0x00000000ff160000, 0x00000000ff161020, 0x00000000ff200000)
  to   space 640K,   0% used [0x00000000ff200000, 0x00000000ff200000, 0x00000000ff2a0000)
 concurrent mark-sweep generation total 13696K, used 6330K [0x00000000ff2a0000, 0x0000000100000000, 0x0000000100000000)
 Metaspace       used 5077K, capacity 5258K, committed 5504K, reserved 1056768K
  class space    used 557K, capacity 597K, committed 640K, reserved 1048576K
}
{Heap before GC invocations=998 (full 108):
 par new generation   total 6144K, used 5233K [0x00000000fec00000, 0x00000000ff2a0000, 0x00000000ff2a0000)
  eden space 5504K,  95% used [0x00000000fec00000, 0x00000000ff11b798, 0x00000000ff160000)
  from space 640K,   0% used [0x00000000ff160000, 0x00000000ff161020, 0x00000000ff200000)
  to   space 640K,   0% used [0x00000000ff200000, 0x00000000ff200000, 0x00000000ff2a0000)
 concurrent mark-sweep generation total 13696K, used 6330K [0x00000000ff2a0000, 0x0000000100000000, 0x0000000100000000)
 Metaspace       used 5077K, capacity 5258K, committed 5504K, reserved 1056768K
  class space    used 557K, capacity 597K, committed 640K, reserved 1048576K
2024-07-16T17:59:00.794+0800: 7.939: [GC (Allocation Failure) 2024-07-16T17:59:00.794+0800: 7.939: [ParNew: 5233K->4K(6144K), 0.0006180 secs] 11564K->6334K(19840K), 0.0007334 secs] [Times: user=0.00 sys=0.00, real=0.00 secs] 
Heap after GC invocations=999 (full 108):
 par new generation   total 6144K, used 4K [0x00000000fec00000, 0x00000000ff2a0000, 0x00000000ff2a0000)
  eden space 5504K,   0% used [0x00000000fec00000, 0x00000000fec00000, 0x00000000ff160000)
  from space 640K,   0% used [0x00000000ff200000, 0x00000000ff201020, 0x00000000ff2a0000)
  to   space 640K,   0% used [0x00000000ff160000, 0x00000000ff160000, 0x00000000ff200000)
 concurrent mark-sweep generation total 13696K, used 6330K [0x00000000ff2a0000, 0x0000000100000000, 0x0000000100000000)
 Metaspace       used 5077K, capacity 5258K, committed 5504K, reserved 1056768K
  class space    used 557K, capacity 597K, committed 640K, reserved 1048576K
}
{Heap before GC invocations=999 (full 108):
 par new generation   total 6144K, used 5233K [0x00000000fec00000, 0x00000000ff2a0000, 0x00000000ff2a0000)
  eden space 5504K,  95% used [0x00000000fec00000, 0x00000000ff11b798, 0x00000000ff160000)
  from space 640K,   0% used [0x00000000ff200000, 0x00000000ff201020, 0x00000000ff2a0000)
  to   space 640K,   0% used [0x00000000ff160000, 0x00000000ff160000, 0x00000000ff200000)
 concurrent mark-sweep generation total 13696K, used 6330K [0x00000000ff2a0000, 0x0000000100000000, 0x0000000100000000)
 Metaspace       used 5077K, capacity 5258K, committed 5504K, reserved 1056768K
  class space    used 557K, capacity 597K, committed 640K, reserved 1048576K
2024-07-16T17:59:00.803+0800: 7.948: [GC (Allocation Failure) 2024-07-16T17:59:00.803+0800: 7.948: [ParNew: 5233K->2K(6144K), 0.0003572 secs] 11564K->6332K(19840K), 0.0004015 secs] [Times: user=0.00 sys=0.00, real=0.00 secs] 
Heap after GC invocations=1000 (full 108):
 par new generation   total 6144K, used 2K [0x00000000fec00000, 0x00000000ff2a0000, 0x00000000ff2a0000)
  eden space 5504K,   0% used [0x00000000fec00000, 0x00000000fec00000, 0x00000000ff160000)
  from space 640K,   0% used [0x00000000ff160000, 0x00000000ff160810, 0x00000000ff200000)
  to   space 640K,   0% used [0x00000000ff200000, 0x00000000ff200000, 0x00000000ff2a0000)
 concurrent mark-sweep generation total 13696K, used 6330K [0x00000000ff2a0000, 0x0000000100000000, 0x0000000100000000)
 Metaspace       used 5077K, capacity 5258K, committed 5504K, reserved 1056768K
  class space    used 557K, capacity 597K, committed 640K, reserved 1048576K
}
{Heap before GC invocations=1000 (full 108):
 par new generation   total 6144K, used 5231K [0x00000000fec00000, 0x00000000ff2a0000, 0x00000000ff2a0000)
  eden space 5504K,  95% used [0x00000000fec00000, 0x00000000ff11b798, 0x00000000ff160000)
  from space 640K,   0% used [0x00000000ff160000, 0x00000000ff160810, 0x00000000ff200000)
  to   space 640K,   0% used [0x00000000ff200000, 0x00000000ff200000, 0x00000000ff2a0000)
 concurrent mark-sweep generation total 13696K, used 6330K [0x00000000ff2a0000, 0x0000000100000000, 0x0000000100000000)
 Metaspace       used 5077K, capacity 5258K, committed 5504K, reserved 1056768K
  class space    used 557K, capacity 597K, committed 640K, reserved 1048576K
2024-07-16T17:59:00.810+0800: 7.955: [GC (Allocation Failure) 2024-07-16T17:59:00.810+0800: 7.955: [ParNew: 5231K->8K(6144K), 0.0005567 secs] 11562K->7365K(19840K), 0.0006491 secs] [Times: user=0.00 sys=0.00, real=0.00 secs] 
Heap after GC invocations=1001 (full 108):
 par new generation   total 6144K, used 8K [0x00000000fec00000, 0x00000000ff2a0000, 0x00000000ff2a0000)
  eden space 5504K,   0% used [0x00000000fec00000, 0x00000000fec00000, 0x00000000ff160000)
  from space 640K,   1% used [0x00000000ff200000, 0x00000000ff202040, 0x00000000ff2a0000)
  to   space 640K,   0% used [0x00000000ff160000, 0x00000000ff160000, 0x00000000ff200000)
 concurrent mark-sweep generation total 13696K, used 7357K [0x00000000ff2a0000, 0x0000000100000000, 0x0000000100000000)
 Metaspace       used 5077K, capacity 5258K, committed 5504K, reserved 1056768K
  class space    used 557K, capacity 597K, committed 640K, reserved 1048576K
}
{Heap before GC invocations=1001 (full 108):
 par new generation   total 6144K, used 5237K [0x00000000fec00000, 0x00000000ff2a0000, 0x00000000ff2a0000)
  eden space 5504K,  95% used [0x00000000fec00000, 0x00000000ff11b798, 0x00000000ff160000)
  from space 640K,   1% used [0x00000000ff200000, 0x00000000ff202040, 0x00000000ff2a0000)
  to   space 640K,   0% used [0x00000000ff160000, 0x00000000ff160000, 0x00000000ff200000)
 concurrent mark-sweep generation total 13696K, used 7357K [0x00000000ff2a0000, 0x0000000100000000, 0x0000000100000000)
 Metaspace       used 5077K, capacity 5258K, committed 5504K, reserved 1056768K
  class space    used 557K, capacity 597K, committed 640K, reserved 1048576K
2024-07-16T17:59:00.816+0800: 7.961: [GC (Allocation Failure) 2024-07-16T17:59:00.816+0800: 7.961: [ParNew: 5237K->8K(6144K), 0.0014051 secs] 12594K->8389K(19840K), 0.0015159 secs] [Times: user=0.00 sys=0.00, real=0.00 secs] 
Heap after GC invocations=1002 (full 108):
 par new generation   total 6144K, used 8K [0x00000000fec00000, 0x00000000ff2a0000, 0x00000000ff2a0000)
  eden space 5504K,   0% used [0x00000000fec00000, 0x00000000fec00000, 0x00000000ff160000)
  from space 640K,   1% used [0x00000000ff160000, 0x00000000ff162040, 0x00000000ff200000)
  to   space 640K,   0% used [0x00000000ff200000, 0x00000000ff200000, 0x00000000ff2a0000)
 concurrent mark-sweep generation total 13696K, used 8381K [0x00000000ff2a0000, 0x0000000100000000, 0x0000000100000000)
 Metaspace       used 5077K, capacity 5258K, committed 5504K, reserved 1056768K
  class space    used 557K, capacity 597K, committed 640K, reserved 1048576K
}
2024-07-16T17:59:00.818+0800: 7.963: [GC (CMS Initial Mark) [1 CMS-initial-mark: 8381K(13696K)] 9415K(19840K), 0.0002992 secs] [Times: user=0.00 sys=0.00, real=0.00 secs] 
2024-07-16T17:59:00.818+0800: 7.963: [CMS-concurrent-mark-start]
2024-07-16T17:59:00.821+0800: 7.966: [CMS-concurrent-mark: 0.003/0.003 secs] [Times: user=0.00 sys=0.00, real=0.00 secs] 
2024-07-16T17:59:00.821+0800: 7.966: [CMS-concurrent-preclean-start]
2024-07-16T17:59:00.821+0800: 7.966: [CMS-concurrent-preclean: 0.000/0.000 secs] [Times: user=0.00 sys=0.00, real=0.00 secs] 
2024-07-16T17:59:00.821+0800: 7.966: [CMS-concurrent-abortable-preclean-start]
{Heap before GC invocations=1002 (full 109):
 par new generation   total 6144K, used 5237K [0x00000000fec00000, 0x00000000ff2a0000, 0x00000000ff2a0000)
  eden space 5504K,  95% used [0x00000000fec00000, 0x00000000ff11b798, 0x00000000ff160000)
  from space 640K,   1% used [0x00000000ff160000, 0x00000000ff162040, 0x00000000ff200000)
  to   space 640K,   0% used [0x00000000ff200000, 0x00000000ff200000, 0x00000000ff2a0000)
 concurrent mark-sweep generation total 13696K, used 8381K [0x00000000ff2a0000, 0x0000000100000000, 0x0000000100000000)
 Metaspace       used 5077K, capacity 5258K, committed 5504K, reserved 1056768K
  class space    used 557K, capacity 597K, committed 640K, reserved 1048576K
2024-07-16T17:59:00.826+0800: 7.971: [GC (Allocation Failure) 2024-07-16T17:59:00.826+0800: 7.971: [ParNew: 5237K->8K(6144K), 0.0005462 secs] 13618K->9413K(19840K), 0.0005983 secs] [Times: user=0.00 sys=0.00, real=0.00 secs] 
Heap after GC invocations=1003 (full 109):
 par new generation   total 6144K, used 8K [0x00000000fec00000, 0x00000000ff2a0000, 0x00000000ff2a0000)
  eden space 5504K,   0% used [0x00000000fec00000, 0x00000000fec00000, 0x00000000ff160000)
  from space 640K,   1% used [0x00000000ff200000, 0x00000000ff202040, 0x00000000ff2a0000)
  to   space 640K,   0% used [0x00000000ff160000, 0x00000000ff160000, 0x00000000ff200000)
 concurrent mark-sweep generation total 13696K, used 9405K [0x00000000ff2a0000, 0x0000000100000000, 0x0000000100000000)
 Metaspace       used 5077K, capacity 5258K, committed 5504K, reserved 1056768K
  class space    used 557K, capacity 597K, committed 640K, reserved 1048576K
}
{Heap before GC invocations=1003 (full 109):
 par new generation   total 6144K, used 5237K [0x00000000fec00000, 0x00000000ff2a0000, 0x00000000ff2a0000)
  eden space 5504K,  95% used [0x00000000fec00000, 0x00000000ff11b7a0, 0x00000000ff160000)
  from space 640K,   1% used [0x00000000ff200000, 0x00000000ff202040, 0x00000000ff2a0000)
  to   space 640K,   0% used [0x00000000ff160000, 0x00000000ff160000, 0x00000000ff200000)
 concurrent mark-sweep generation total 13696K, used 9405K [0x00000000ff2a0000, 0x0000000100000000, 0x0000000100000000)
 Metaspace       used 5077K, capacity 5258K, committed 5504K, reserved 1056768K
  class space    used 557K, capacity 597K, committed 640K, reserved 1048576K
2024-07-16T17:59:00.833+0800: 7.978: [GC (Allocation Failure) 2024-07-16T17:59:00.833+0800: 7.978: [ParNew: 5237K->4K(6144K), 0.0004445 secs] 14643K->9409K(19840K), 0.0004908 secs] [Times: user=0.00 sys=0.00, real=0.00 secs] 
Heap after GC invocations=1004 (full 109):
 par new generation   total 6144K, used 4K [0x00000000fec00000, 0x00000000ff2a0000, 0x00000000ff2a0000)
  eden space 5504K,   0% used [0x00000000fec00000, 0x00000000fec00000, 0x00000000ff160000)
  from space 640K,   0% used [0x00000000ff160000, 0x00000000ff161020, 0x00000000ff200000)
  to   space 640K,   0% used [0x00000000ff200000, 0x00000000ff200000, 0x00000000ff2a0000)
 concurrent mark-sweep generation total 13696K, used 9405K [0x00000000ff2a0000, 0x0000000100000000, 0x0000000100000000)
 Metaspace       used 5077K, capacity 5258K, committed 5504K, reserved 1056768K
  class space    used 557K, capacity 597K, committed 640K, reserved 1048576K
}
{Heap before GC invocations=1004 (full 109):
 par new generation   total 6144K, used 5233K [0x00000000fec00000, 0x00000000ff2a0000, 0x00000000ff2a0000)
  eden space 5504K,  95% used [0x00000000fec00000, 0x00000000ff11b7a0, 0x00000000ff160000)
  from space 640K,   0% used [0x00000000ff160000, 0x00000000ff161020, 0x00000000ff200000)
  to   space 640K,   0% used [0x00000000ff200000, 0x00000000ff200000, 0x00000000ff2a0000)
 concurrent mark-sweep generation total 13696K, used 9405K [0x00000000ff2a0000, 0x0000000100000000, 0x0000000100000000)
 Metaspace       used 5077K, capacity 5258K, committed 5504K, reserved 1056768K
  class space    used 557K, capacity 597K, committed 640K, reserved 1048576K
2024-07-16T17:59:00.842+0800: 7.987: [GC (Allocation Failure) 2024-07-16T17:59:00.842+0800: 7.987: [ParNew: 5233K->2K(6144K), 0.0012610 secs] 14638K->9407K(19840K), 0.0013450 secs] [Times: user=0.00 sys=0.00, real=0.00 secs] 
Heap after GC invocations=1005 (full 109):
 par new generation   total 6144K, used 2K [0x00000000fec00000, 0x00000000ff2a0000, 0x00000000ff2a0000)
  eden space 5504K,   0% used [0x00000000fec00000, 0x00000000fec00000, 0x00000000ff160000)
  from space 640K,   0% used [0x00000000ff200000, 0x00000000ff200810, 0x00000000ff2a0000)
  to   space 640K,   0% used [0x00000000ff160000, 0x00000000ff160000, 0x00000000ff200000)
 concurrent mark-sweep generation total 13696K, used 9405K [0x00000000ff2a0000, 0x0000000100000000, 0x0000000100000000)
 Metaspace       used 5077K, capacity 5258K, committed 5504K, reserved 1056768K
  class space    used 557K, capacity 597K, committed 640K, reserved 1048576K
}
{Heap before GC invocations=1005 (full 109):
 par new generation   total 6144K, used 5231K [0x00000000fec00000, 0x00000000ff2a0000, 0x00000000ff2a0000)
  eden space 5504K,  95% used [0x00000000fec00000, 0x00000000ff11b7a0, 0x00000000ff160000)
  from space 640K,   0% used [0x00000000ff200000, 0x00000000ff200810, 0x00000000ff2a0000)
  to   space 640K,   0% used [0x00000000ff160000, 0x00000000ff160000, 0x00000000ff200000)
 concurrent mark-sweep generation total 13696K, used 9405K [0x00000000ff2a0000, 0x0000000100000000, 0x0000000100000000)
 Metaspace       used 5077K, capacity 5258K, committed 5504K, reserved 1056768K
  class space    used 557K, capacity 597K, committed 640K, reserved 1048576K
2024-07-16T17:59:00.851+0800: 7.996: [GC (Allocation Failure) 2024-07-16T17:59:00.851+0800: 7.996: [ParNew: 5231K->4K(6144K), 0.0005638 secs] 14636K->9409K(19840K), 0.0006369 secs] [Times: user=0.00 sys=0.00, real=0.00 secs] 
Heap after GC invocations=1006 (full 109):
 par new generation   total 6144K, used 4K [0x00000000fec00000, 0x00000000ff2a0000, 0x00000000ff2a0000)
  eden space 5504K,   0% used [0x00000000fec00000, 0x00000000fec00000, 0x00000000ff160000)
  from space 640K,   0% used [0x00000000ff160000, 0x00000000ff161020, 0x00000000ff200000)
  to   space 640K,   0% used [0x00000000ff200000, 0x00000000ff200000, 0x00000000ff2a0000)
 concurrent mark-sweep generation total 13696K, used 9405K [0x00000000ff2a0000, 0x0000000100000000, 0x0000000100000000)
 Metaspace       used 5077K, capacity 5258K, committed 5504K, reserved 1056768K
  class space    used 557K, capacity 597K, committed 640K, reserved 1048576K
}
{Heap before GC invocations=1006 (full 109):
 par new generation   total 6144K, used 5233K [0x00000000fec00000, 0x00000000ff2a0000, 0x00000000ff2a0000)
  eden space 5504K,  95% used [0x00000000fec00000, 0x00000000ff11b7a0, 0x00000000ff160000)
  from space 640K,   0% used [0x00000000ff160000, 0x00000000ff161020, 0x00000000ff200000)
  to   space 640K,   0% used [0x00000000ff200000, 0x00000000ff200000, 0x00000000ff2a0000)
 concurrent mark-sweep generation total 13696K, used 9405K [0x00000000ff2a0000, 0x0000000100000000, 0x0000000100000000)
 Metaspace       used 5077K, capacity 5258K, committed 5504K, reserved 1056768K
  class space    used 557K, capacity 597K, committed 640K, reserved 1048576K
2024-07-16T17:59:00.860+0800: 8.005: [GC (Allocation Failure) 2024-07-16T17:59:00.860+0800: 8.005: [ParNew: 5233K->6K(6144K), 0.0007005 secs] 14638K->10435K(19840K), 0.0008019 secs] [Times: user=0.00 sys=0.00, real=0.00 secs] 
Heap after GC invocations=1007 (full 109):
 par new generation   total 6144K, used 6K [0x00000000fec00000, 0x00000000ff2a0000, 0x00000000ff2a0000)
  eden space 5504K,   0% used [0x00000000fec00000, 0x00000000fec00000, 0x00000000ff160000)
  from space 640K,   0% used [0x00000000ff200000, 0x00000000ff201830, 0x00000000ff2a0000)
  to   space 640K,   0% used [0x00000000ff160000, 0x00000000ff160000, 0x00000000ff200000)
 concurrent mark-sweep generation total 13696K, used 10429K [0x00000000ff2a0000, 0x0000000100000000, 0x0000000100000000)
 Metaspace       used 5077K, capacity 5258K, committed 5504K, reserved 1056768K
  class space    used 557K, capacity 597K, committed 640K, reserved 1048576K
}
{Heap before GC invocations=1007 (full 109):
 par new generation   total 6144K, used 5235K [0x00000000fec00000, 0x00000000ff2a0000, 0x00000000ff2a0000)
  eden space 5504K,  95% used [0x00000000fec00000, 0x00000000ff11b798, 0x00000000ff160000)
  from space 640K,   0% used [0x00000000ff200000, 0x00000000ff201830, 0x00000000ff2a0000)
  to   space 640K,   0% used [0x00000000ff160000, 0x00000000ff160000, 0x00000000ff200000)
 concurrent mark-sweep generation total 13696K, used 10429K [0x00000000ff2a0000, 0x0000000100000000, 0x0000000100000000)
 Metaspace       used 5077K, capacity 5258K, committed 5504K, reserved 1056768K
  class space    used 557K, capacity 597K, committed 640K, reserved 1048576K
2024-07-16T17:59:00.869+0800: 8.014: [GC (Allocation Failure) 2024-07-16T17:59:00.869+0800: 8.014: [ParNew: 5235K->8K(6144K), 0.0009711 secs] 15664K->11463K(19840K), 0.0010794 secs] [Times: user=0.00 sys=0.00, real=0.00 secs] 
Heap after GC invocations=1008 (full 109):
 par new generation   total 6144K, used 8K [0x00000000fec00000, 0x00000000ff2a0000, 0x00000000ff2a0000)
  eden space 5504K,   0% used [0x00000000fec00000, 0x00000000fec00000, 0x00000000ff160000)
  from space 640K,   1% used [0x00000000ff160000, 0x00000000ff162040, 0x00000000ff200000)
  to   space 640K,   0% used [0x00000000ff200000, 0x00000000ff200000, 0x00000000ff2a0000)
 concurrent mark-sweep generation total 13696K, used 11455K [0x00000000ff2a0000, 0x0000000100000000, 0x0000000100000000)
 Metaspace       used 5077K, capacity 5258K, committed 5504K, reserved 1056768K
  class space    used 557K, capacity 597K, committed 640K, reserved 1048576K
}
{Heap before GC invocations=1008 (full 109):
 par new generation   total 6144K, used 5237K [0x00000000fec00000, 0x00000000ff2a0000, 0x00000000ff2a0000)
  eden space 5504K,  95% used [0x00000000fec00000, 0x00000000ff11b798, 0x00000000ff160000)
  from space 640K,   1% used [0x00000000ff160000, 0x00000000ff162040, 0x00000000ff200000)
  to   space 640K,   0% used [0x00000000ff200000, 0x00000000ff200000, 0x00000000ff2a0000)
 concurrent mark-sweep generation total 13696K, used 11455K [0x00000000ff2a0000, 0x0000000100000000, 0x0000000100000000)
 Metaspace       used 5077K, capacity 5258K, committed 5504K, reserved 1056768K
  class space    used 557K, capacity 597K, committed 640K, reserved 1048576K
2024-07-16T17:59:00.878+0800: 8.023: [GC (Allocation Failure) 2024-07-16T17:59:00.878+0800: 8.023: [ParNew: 5237K->6K(6144K), 0.0014406 secs] 16693K->12485K(19840K), 0.0016079 secs] [Times: user=0.00 sys=0.00, real=0.00 secs] 
Heap after GC invocations=1009 (full 109):
 par new generation   total 6144K, used 6K [0x00000000fec00000, 0x00000000ff2a0000, 0x00000000ff2a0000)
  eden space 5504K,   0% used [0x00000000fec00000, 0x00000000fec00000, 0x00000000ff160000)
  from space 640K,   0% used [0x00000000ff200000, 0x00000000ff201830, 0x00000000ff2a0000)
  to   space 640K,   0% used [0x00000000ff160000, 0x00000000ff160000, 0x00000000ff200000)
 concurrent mark-sweep generation total 13696K, used 12479K [0x00000000ff2a0000, 0x0000000100000000, 0x0000000100000000)
 Metaspace       used 5077K, capacity 5258K, committed 5504K, reserved 1056768K
  class space    used 557K, capacity 597K, committed 640K, reserved 1048576K
}
{Heap before GC invocations=1009 (full 109):
 par new generation   total 6144K, used 5235K [0x00000000fec00000, 0x00000000ff2a0000, 0x00000000ff2a0000)
  eden space 5504K,  95% used [0x00000000fec00000, 0x00000000ff11b798, 0x00000000ff160000)
  from space 640K,   0% used [0x00000000ff200000, 0x00000000ff201830, 0x00000000ff2a0000)
  to   space 640K,   0% used [0x00000000ff160000, 0x00000000ff160000, 0x00000000ff200000)
 concurrent mark-sweep generation total 13696K, used 12479K [0x00000000ff2a0000, 0x0000000100000000, 0x0000000100000000)
 Metaspace       used 5077K, capacity 5258K, committed 5504K, reserved 1056768K
  class space    used 557K, capacity 597K, committed 640K, reserved 1048576K
2024-07-16T17:59:00.888+0800: 8.033: [GC (Allocation Failure) 2024-07-16T17:59:00.888+0800: 8.033: [ParNew: 5235K->5235K(6144K), 0.0000135 secs]2024-07-16T17:59:00.888+0800: 8.033: [CMS2024-07-16T17:59:00.888+0800: 8.033: [CMS-concurrent-abortable-preclean: 0.001/0.067 secs] [Times: user=0.02 sys=0.00, real=0.07 secs] 
 (concurrent mode failure): 12479K->2228K(13696K), 0.0025237 secs] 17715K->2228K(19840K), [Metaspace: 5077K->5077K(1056768K)], 0.0025907 secs] [Times: user=0.00 sys=0.00, real=0.00 secs] 
Heap after GC invocations=1010 (full 110):
 par new generation   total 6144K, used 0K [0x00000000fec00000, 0x00000000ff2a0000, 0x00000000ff2a0000)
  eden space 5504K,   0% used [0x00000000fec00000, 0x00000000fec00000, 0x00000000ff160000)
  from space 640K,   0% used [0x00000000ff200000, 0x00000000ff200000, 0x00000000ff2a0000)
  to   space 640K,   0% used [0x00000000ff160000, 0x00000000ff160000, 0x00000000ff200000)
 concurrent mark-sweep generation total 13696K, used 2228K [0x00000000ff2a0000, 0x0000000100000000, 0x0000000100000000)
 Metaspace       used 5077K, capacity 5258K, committed 5504K, reserved 1056768K
  class space    used 557K, capacity 597K, committed 640K, reserved 1048576K
}
{Heap before GC invocations=1010 (full 110):
 par new generation   total 6144K, used 5229K [0x00000000fec00000, 0x00000000ff2a0000, 0x00000000ff2a0000)
  eden space 5504K,  95% used [0x00000000fec00000, 0x00000000ff11b798, 0x00000000ff160000)
  from space 640K,   0% used [0x00000000ff200000, 0x00000000ff200000, 0x00000000ff2a0000)
  to   space 640K,   0% used [0x00000000ff160000, 0x00000000ff160000, 0x00000000ff200000)
 concurrent mark-sweep generation total 13696K, used 2228K [0x00000000ff2a0000, 0x0000000100000000, 0x0000000100000000)
 Metaspace       used 5077K, capacity 5258K, committed 5504K, reserved 1056768K
  class space    used 557K, capacity 597K, committed 640K, reserved 1048576K
2024-07-16T17:59:00.896+0800: 8.041: [GC (Allocation Failure) 2024-07-16T17:59:00.896+0800: 8.041: [ParNew: 5229K->8K(6144K), 0.0007157 secs] 7458K->3262K(19840K), 0.0008011 secs] [Times: user=0.00 sys=0.00, real=0.00 secs] 
Heap after GC invocations=1011 (full 110):
 par new generation   total 6144K, used 8K [0x00000000fec00000, 0x00000000ff2a0000, 0x00000000ff2a0000)
  eden space 5504K,   0% used [0x00000000fec00000, 0x00000000fec00000, 0x00000000ff160000)
  from space 640K,   1% used [0x00000000ff160000, 0x00000000ff162040, 0x00000000ff200000)
  to   space 640K,   0% used [0x00000000ff200000, 0x00000000ff200000, 0x00000000ff2a0000)
 concurrent mark-sweep generation total 13696K, used 3254K [0x00000000ff2a0000, 0x0000000100000000, 0x0000000100000000)
 Metaspace       used 5077K, capacity 5258K, committed 5504K, reserved 1056768K
  class space    used 557K, capacity 597K, committed 640K, reserved 1048576K
}
{Heap before GC invocations=1011 (full 110):
 par new generation   total 6144K, used 5237K [0x00000000fec00000, 0x00000000ff2a0000, 0x00000000ff2a0000)
  eden space 5504K,  95% used [0x00000000fec00000, 0x00000000ff11b798, 0x00000000ff160000)
  from space 640K,   1% used [0x00000000ff160000, 0x00000000ff162040, 0x00000000ff200000)
  to   space 640K,   0% used [0x00000000ff200000, 0x00000000ff200000, 0x00000000ff2a0000)
 concurrent mark-sweep generation total 13696K, used 3254K [0x00000000ff2a0000, 0x0000000100000000, 0x0000000100000000)
 Metaspace       used 5077K, capacity 5258K, committed 5504K, reserved 1056768K
  class space    used 557K, capacity 597K, committed 640K, reserved 1048576K
2024-07-16T17:59:00.904+0800: 8.049: [GC (Allocation Failure) 2024-07-16T17:59:00.904+0800: 8.049: [ParNew: 5237K->8K(6144K), 0.0004270 secs] 8492K->4288K(19840K), 0.0004652 secs] [Times: user=0.00 sys=0.00, real=0.00 secs] 
Heap after GC invocations=1012 (full 110):
 par new generation   total 6144K, used 8K [0x00000000fec00000, 0x00000000ff2a0000, 0x00000000ff2a0000)
  eden space 5504K,   0% used [0x00000000fec00000, 0x00000000fec00000, 0x00000000ff160000)
  from space 640K,   1% used [0x00000000ff200000, 0x00000000ff202040, 0x00000000ff2a0000)
  to   space 640K,   0% used [0x00000000ff160000, 0x00000000ff160000, 0x00000000ff200000)
 concurrent mark-sweep generation total 13696K, used 4280K [0x00000000ff2a0000, 0x0000000100000000, 0x0000000100000000)
 Metaspace       used 5077K, capacity 5258K, committed 5504K, reserved 1056768K
  class space    used 557K, capacity 597K, committed 640K, reserved 1048576K
}
{Heap before GC invocations=1012 (full 110):
 par new generation   total 6144K, used 5237K [0x00000000fec00000, 0x00000000ff2a0000, 0x00000000ff2a0000)
  eden space 5504K,  95% used [0x00000000fec00000, 0x00000000ff11b798, 0x00000000ff160000)
  from space 640K,   1% used [0x00000000ff200000, 0x00000000ff202040, 0x00000000ff2a0000)
  to   space 640K,   0% used [0x00000000ff160000, 0x00000000ff160000, 0x00000000ff200000)
 concurrent mark-sweep generation total 13696K, used 4280K [0x00000000ff2a0000, 0x0000000100000000, 0x0000000100000000)
 Metaspace       used 5077K, capacity 5258K, committed 5504K, reserved 1056768K
  class space    used 557K, capacity 597K, committed 640K, reserved 1048576K
2024-07-16T17:59:00.912+0800: 8.057: [GC (Allocation Failure) 2024-07-16T17:59:00.912+0800: 8.057: [ParNew: 5237K->4K(6144K), 0.0009950 secs] 9518K->4284K(19840K), 0.0011000 secs] [Times: user=0.00 sys=0.00, real=0.00 secs] 
Heap after GC invocations=1013 (full 110):
 par new generation   total 6144K, used 4K [0x00000000fec00000, 0x00000000ff2a0000, 0x00000000ff2a0000)
  eden space 5504K,   0% used [0x00000000fec00000, 0x00000000fec00000, 0x00000000ff160000)
  from space 640K,   0% used [0x00000000ff160000, 0x00000000ff161020, 0x00000000ff200000)
  to   space 640K,   0% used [0x00000000ff200000, 0x00000000ff200000, 0x00000000ff2a0000)
 concurrent mark-sweep generation total 13696K, used 4280K [0x00000000ff2a0000, 0x0000000100000000, 0x0000000100000000)
 Metaspace       used 5077K, capacity 5258K, committed 5504K, reserved 1056768K
  class space    used 557K, capacity 597K, committed 640K, reserved 1048576K
}
{Heap before GC invocations=1013 (full 110):
 par new generation   total 6144K, used 5233K [0x00000000fec00000, 0x00000000ff2a0000, 0x00000000ff2a0000)
  eden space 5504K,  95% used [0x00000000fec00000, 0x00000000ff11b798, 0x00000000ff160000)
  from space 640K,   0% used [0x00000000ff160000, 0x00000000ff161020, 0x00000000ff200000)
  to   space 640K,   0% used [0x00000000ff200000, 0x00000000ff200000, 0x00000000ff2a0000)
 concurrent mark-sweep generation total 13696K, used 4280K [0x00000000ff2a0000, 0x0000000100000000, 0x0000000100000000)
 Metaspace       used 5077K, capacity 5258K, committed 5504K, reserved 1056768K
  class space    used 557K, capacity 597K, committed 640K, reserved 1048576K
2024-07-16T17:59:00.920+0800: 8.065: [GC (Allocation Failure) 2024-07-16T17:59:00.920+0800: 8.065: [ParNew: 5233K->8K(6144K), 0.0004030 secs] 9514K->5314K(19840K), 0.0004417 secs] [Times: user=0.00 sys=0.00, real=0.00 secs] 
Heap after GC invocations=1014 (full 110):
 par new generation   total 6144K, used 8K [0x00000000fec00000, 0x00000000ff2a0000, 0x00000000ff2a0000)
  eden space 5504K,   0% used [0x00000000fec00000, 0x00000000fec00000, 0x00000000ff160000)
  from space 640K,   1% used [0x00000000ff200000, 0x00000000ff202040, 0x00000000ff2a0000)
  to   space 640K,   0% used [0x00000000ff160000, 0x00000000ff160000, 0x00000000ff200000)
 concurrent mark-sweep generation total 13696K, used 5306K [0x00000000ff2a0000, 0x0000000100000000, 0x0000000100000000)
 Metaspace       used 5077K, capacity 5258K, committed 5504K, reserved 1056768K
  class space    used 557K, capacity 597K, committed 640K, reserved 1048576K
}
{Heap before GC invocations=1014 (full 110):
 par new generation   total 6144K, used 5237K [0x00000000fec00000, 0x00000000ff2a0000, 0x00000000ff2a0000)
  eden space 5504K,  95% used [0x00000000fec00000, 0x00000000ff11b798, 0x00000000ff160000)
  from space 640K,   1% used [0x00000000ff200000, 0x00000000ff202040, 0x00000000ff2a0000)
  to   space 640K,   0% used [0x00000000ff160000, 0x00000000ff160000, 0x00000000ff200000)
 concurrent mark-sweep generation total 13696K, used 5306K [0x00000000ff2a0000, 0x0000000100000000, 0x0000000100000000)
 Metaspace       used 5077K, capacity 5258K, committed 5504K, reserved 1056768K
  class space    used 557K, capacity 597K, committed 640K, reserved 1048576K
2024-07-16T17:59:00.928+0800: 8.073: [GC (Allocation Failure) 2024-07-16T17:59:00.928+0800: 8.073: [ParNew: 5237K->4K(6144K), 0.0003546 secs] 10544K->5310K(19840K), 0.0003993 secs] [Times: user=0.00 sys=0.00, real=0.00 secs] 
Heap after GC invocations=1015 (full 110):
 par new generation   total 6144K, used 4K [0x00000000fec00000, 0x00000000ff2a0000, 0x00000000ff2a0000)
  eden space 5504K,   0% used [0x00000000fec00000, 0x00000000fec00000, 0x00000000ff160000)
  from space 640K,   0% used [0x00000000ff160000, 0x00000000ff161020, 0x00000000ff200000)
  to   space 640K,   0% used [0x00000000ff200000, 0x00000000ff200000, 0x00000000ff2a0000)
 concurrent mark-sweep generation total 13696K, used 5306K [0x00000000ff2a0000, 0x0000000100000000, 0x0000000100000000)
 Metaspace       used 5077K, capacity 5258K, committed 5504K, reserved 1056768K
  class space    used 557K, capacity 597K, committed 640K, reserved 1048576K
}
{Heap before GC invocations=1015 (full 110):
 par new generation   total 6144K, used 5233K [0x00000000fec00000, 0x00000000ff2a0000, 0x00000000ff2a0000)
  eden space 5504K,  95% used [0x00000000fec00000, 0x00000000ff11b798, 0x00000000ff160000)
  from space 640K,   0% used [0x00000000ff160000, 0x00000000ff161020, 0x00000000ff200000)
  to   space 640K,   0% used [0x00000000ff200000, 0x00000000ff200000, 0x00000000ff2a0000)
 concurrent mark-sweep generation total 13696K, used 5306K [0x00000000ff2a0000, 0x0000000100000000, 0x0000000100000000)
 Metaspace       used 5077K, capacity 5258K, committed 5504K, reserved 1056768K
  class space    used 557K, capacity 597K, committed 640K, reserved 1048576K
2024-07-16T17:59:00.935+0800: 8.080: [GC (Allocation Failure) 2024-07-16T17:59:00.935+0800: 8.080: [ParNew: 5233K->8K(6144K), 0.0003985 secs] 10540K->6341K(19840K), 0.0004548 secs] [Times: user=0.00 sys=0.00, real=0.00 secs] 
Heap after GC invocations=1016 (full 110):
 par new generation   total 6144K, used 8K [0x00000000fec00000, 0x00000000ff2a0000, 0x00000000ff2a0000)
  eden space 5504K,   0% used [0x00000000fec00000, 0x00000000fec00000, 0x00000000ff160000)
  from space 640K,   1% used [0x00000000ff200000, 0x00000000ff202040, 0x00000000ff2a0000)
  to   space 640K,   0% used [0x00000000ff160000, 0x00000000ff160000, 0x00000000ff200000)
 concurrent mark-sweep generation total 13696K, used 6332K [0x00000000ff2a0000, 0x0000000100000000, 0x0000000100000000)
 Metaspace       used 5077K, capacity 5258K, committed 5504K, reserved 1056768K
  class space    used 557K, capacity 597K, committed 640K, reserved 1048576K
}
{Heap before GC invocations=1016 (full 110):
 par new generation   total 6144K, used 5237K [0x00000000fec00000, 0x00000000ff2a0000, 0x00000000ff2a0000)
  eden space 5504K,  95% used [0x00000000fec00000, 0x00000000ff11b798, 0x00000000ff160000)
  from space 640K,   1% used [0x00000000ff200000, 0x00000000ff202040, 0x00000000ff2a0000)
  to   space 640K,   0% used [0x00000000ff160000, 0x00000000ff160000, 0x00000000ff200000)
 concurrent mark-sweep generation total 13696K, used 6332K [0x00000000ff2a0000, 0x0000000100000000, 0x0000000100000000)
 Metaspace       used 5077K, capacity 5258K, committed 5504K, reserved 1056768K
  class space    used 557K, capacity 597K, committed 640K, reserved 1048576K
2024-07-16T17:59:00.942+0800: 8.087: [GC (Allocation Failure) 2024-07-16T17:59:00.942+0800: 8.087: [ParNew: 5237K->6K(6144K), 0.0003954 secs] 11570K->7363K(19840K), 0.0004368 secs] [Times: user=0.00 sys=0.00, real=0.00 secs] 
Heap after GC invocations=1017 (full 110):
 par new generation   total 6144K, used 6K [0x00000000fec00000, 0x00000000ff2a0000, 0x00000000ff2a0000)
  eden space 5504K,   0% used [0x00000000fec00000, 0x00000000fec00000, 0x00000000ff160000)
  from space 640K,   0% used [0x00000000ff160000, 0x00000000ff161830, 0x00000000ff200000)
  to   space 640K,   0% used [0x00000000ff200000, 0x00000000ff200000, 0x00000000ff2a0000)
 concurrent mark-sweep generation total 13696K, used 7357K [0x00000000ff2a0000, 0x0000000100000000, 0x0000000100000000)
 Metaspace       used 5077K, capacity 5258K, committed 5504K, reserved 1056768K
  class space    used 557K, capacity 597K, committed 640K, reserved 1048576K
}
{Heap before GC invocations=1017 (full 110):
 par new generation   total 6144K, used 5235K [0x00000000fec00000, 0x00000000ff2a0000, 0x00000000ff2a0000)
  eden space 5504K,  95% used [0x00000000fec00000, 0x00000000ff11b798, 0x00000000ff160000)
  from space 640K,   0% used [0x00000000ff160000, 0x00000000ff161830, 0x00000000ff200000)
  to   space 640K,   0% used [0x00000000ff200000, 0x00000000ff200000, 0x00000000ff2a0000)
 concurrent mark-sweep generation total 13696K, used 7357K [0x00000000ff2a0000, 0x0000000100000000, 0x0000000100000000)
 Metaspace       used 5077K, capacity 5258K, committed 5504K, reserved 1056768K
  class space    used 557K, capacity 597K, committed 640K, reserved 1048576K
2024-07-16T17:59:00.949+0800: 8.094: [GC (Allocation Failure) 2024-07-16T17:59:00.949+0800: 8.094: [ParNew: 5235K->8K(6144K), 0.0005200 secs] 12592K->8391K(19840K), 0.0005608 secs] [Times: user=0.00 sys=0.00, real=0.00 secs] 
Heap after GC invocations=1018 (full 110):
 par new generation   total 6144K, used 8K [0x00000000fec00000, 0x00000000ff2a0000, 0x00000000ff2a0000)
  eden space 5504K,   0% used [0x00000000fec00000, 0x00000000fec00000, 0x00000000ff160000)
  from space 640K,   1% used [0x00000000ff200000, 0x00000000ff202040, 0x00000000ff2a0000)
  to   space 640K,   0% used [0x00000000ff160000, 0x00000000ff160000, 0x00000000ff200000)
 concurrent mark-sweep generation total 13696K, used 8383K [0x00000000ff2a0000, 0x0000000100000000, 0x0000000100000000)
 Metaspace       used 5077K, capacity 5258K, committed 5504K, reserved 1056768K
  class space    used 557K, capacity 597K, committed 640K, reserved 1048576K
}
2024-07-16T17:59:00.949+0800: 8.095: [GC (CMS Initial Mark) [1 CMS-initial-mark: 8383K(13696K)] 9415K(19840K), 0.0001074 secs] [Times: user=0.00 sys=0.00, real=0.00 secs] 
2024-07-16T17:59:00.949+0800: 8.095: [CMS-concurrent-mark-start]
2024-07-16T17:59:00.951+0800: 8.096: [CMS-concurrent-mark: 0.001/0.001 secs] [Times: user=0.00 sys=0.00, real=0.00 secs] 
2024-07-16T17:59:00.951+0800: 8.096: [CMS-concurrent-preclean-start]
2024-07-16T17:59:00.951+0800: 8.096: [CMS-concurrent-preclean: 0.000/0.000 secs] [Times: user=0.00 sys=0.00, real=0.00 secs] 
2024-07-16T17:59:00.951+0800: 8.096: [CMS-concurrent-abortable-preclean-start]
{Heap before GC invocations=1018 (full 111):
 par new generation   total 6144K, used 5237K [0x00000000fec00000, 0x00000000ff2a0000, 0x00000000ff2a0000)
  eden space 5504K,  95% used [0x00000000fec00000, 0x00000000ff11b798, 0x00000000ff160000)
  from space 640K,   1% used [0x00000000ff200000, 0x00000000ff202040, 0x00000000ff2a0000)
  to   space 640K,   0% used [0x00000000ff160000, 0x00000000ff160000, 0x00000000ff200000)
 concurrent mark-sweep generation total 13696K, used 8383K [0x00000000ff2a0000, 0x0000000100000000, 0x0000000100000000)
 Metaspace       used 5077K, capacity 5258K, committed 5504K, reserved 1056768K
  class space    used 557K, capacity 597K, committed 640K, reserved 1048576K
2024-07-16T17:59:00.955+0800: 8.100: [GC (Allocation Failure) 2024-07-16T17:59:00.955+0800: 8.100: [ParNew: 5237K->4K(6144K), 0.0003574 secs] 13621K->9413K(19840K), 0.0003886 secs] [Times: user=0.00 sys=0.00, real=0.00 secs] 
Heap after GC invocations=1019 (full 111):
 par new generation   total 6144K, used 4K [0x00000000fec00000, 0x00000000ff2a0000, 0x00000000ff2a0000)
  eden space 5504K,   0% used [0x00000000fec00000, 0x00000000fec00000, 0x00000000ff160000)
  from space 640K,   0% used [0x00000000ff160000, 0x00000000ff161020, 0x00000000ff200000)
  to   space 640K,   0% used [0x00000000ff200000, 0x00000000ff200000, 0x00000000ff2a0000)
 concurrent mark-sweep generation total 13696K, used 9409K [0x00000000ff2a0000, 0x0000000100000000, 0x0000000100000000)
 Metaspace       used 5077K, capacity 5258K, committed 5504K, reserved 1056768K
  class space    used 557K, capacity 597K, committed 640K, reserved 1048576K
}
{Heap before GC invocations=1019 (full 111):
 par new generation   total 6144K, used 5233K [0x00000000fec00000, 0x00000000ff2a0000, 0x00000000ff2a0000)
  eden space 5504K,  95% used [0x00000000fec00000, 0x00000000ff11b798, 0x00000000ff160000)
  from space 640K,   0% used [0x00000000ff160000, 0x00000000ff161020, 0x00000000ff200000)
  to   space 640K,   0% used [0x00000000ff200000, 0x00000000ff200000, 0x00000000ff2a0000)
 concurrent mark-sweep generation total 13696K, used 9409K [0x00000000ff2a0000, 0x0000000100000000, 0x0000000100000000)
 Metaspace       used 5077K, capacity 5258K, committed 5504K, reserved 1056768K
  class space    used 557K, capacity 597K, committed 640K, reserved 1048576K
2024-07-16T17:59:00.962+0800: 8.107: [GC (Allocation Failure) 2024-07-16T17:59:00.962+0800: 8.107: [ParNew: 5233K->4K(6144K), 0.0002667 secs] 14643K->9413K(19840K), 0.0003136 secs] [Times: user=0.00 sys=0.00, real=0.00 secs] 
Heap after GC invocations=1020 (full 111):
 par new generation   total 6144K, used 4K [0x00000000fec00000, 0x00000000ff2a0000, 0x00000000ff2a0000)
  eden space 5504K,   0% used [0x00000000fec00000, 0x00000000fec00000, 0x00000000ff160000)
  from space 640K,   0% used [0x00000000ff200000, 0x00000000ff201020, 0x00000000ff2a0000)
  to   space 640K,   0% used [0x00000000ff160000, 0x00000000ff160000, 0x00000000ff200000)
 concurrent mark-sweep generation total 13696K, used 9409K [0x00000000ff2a0000, 0x0000000100000000, 0x0000000100000000)
 Metaspace       used 5077K, capacity 5258K, committed 5504K, reserved 1056768K
  class space    used 557K, capacity 597K, committed 640K, reserved 1048576K
}
{Heap before GC invocations=1020 (full 111):
 par new generation   total 6144K, used 5233K [0x00000000fec00000, 0x00000000ff2a0000, 0x00000000ff2a0000)
  eden space 5504K,  95% used [0x00000000fec00000, 0x00000000ff11b798, 0x00000000ff160000)
  from space 640K,   0% used [0x00000000ff200000, 0x00000000ff201020, 0x00000000ff2a0000)
  to   space 640K,   0% used [0x00000000ff160000, 0x00000000ff160000, 0x00000000ff200000)
 concurrent mark-sweep generation total 13696K, used 9409K [0x00000000ff2a0000, 0x0000000100000000, 0x0000000100000000)
 Metaspace       used 5077K, capacity 5258K, committed 5504K, reserved 1056768K
  class space    used 557K, capacity 597K, committed 640K, reserved 1048576K
2024-07-16T17:59:00.969+0800: 8.114: [GC (Allocation Failure) 2024-07-16T17:59:00.969+0800: 8.114: [ParNew: 5233K->4K(6144K), 0.0003304 secs] 14643K->9413K(19840K), 0.0003695 secs] [Times: user=0.00 sys=0.00, real=0.00 secs] 
Heap after GC invocations=1021 (full 111):
 par new generation   total 6144K, used 4K [0x00000000fec00000, 0x00000000ff2a0000, 0x00000000ff2a0000)
  eden space 5504K,   0% used [0x00000000fec00000, 0x00000000fec00000, 0x00000000ff160000)
  from space 640K,   0% used [0x00000000ff160000, 0x00000000ff161020, 0x00000000ff200000)
  to   space 640K,   0% used [0x00000000ff200000, 0x00000000ff200000, 0x00000000ff2a0000)
 concurrent mark-sweep generation total 13696K, used 9409K [0x00000000ff2a0000, 0x0000000100000000, 0x0000000100000000)
 Metaspace       used 5077K, capacity 5258K, committed 5504K, reserved 1056768K
  class space    used 557K, capacity 597K, committed 640K, reserved 1048576K
}
{Heap before GC invocations=1021 (full 111):
 par new generation   total 6144K, used 5233K [0x00000000fec00000, 0x00000000ff2a0000, 0x00000000ff2a0000)
  eden space 5504K,  95% used [0x00000000fec00000, 0x00000000ff11b798, 0x00000000ff160000)
  from space 640K,   0% used [0x00000000ff160000, 0x00000000ff161020, 0x00000000ff200000)
  to   space 640K,   0% used [0x00000000ff200000, 0x00000000ff200000, 0x00000000ff2a0000)
 concurrent mark-sweep generation total 13696K, used 9409K [0x00000000ff2a0000, 0x0000000100000000, 0x0000000100000000)
 Metaspace       used 5077K, capacity 5258K, committed 5504K, reserved 1056768K
  class space    used 557K, capacity 597K, committed 640K, reserved 1048576K
2024-07-16T17:59:00.975+0800: 8.120: [GC (Allocation Failure) 2024-07-16T17:59:00.975+0800: 8.120: [ParNew: 5233K->8K(6144K), 0.0005766 secs] 14643K->10441K(19840K), 0.0006384 secs] [Times: user=0.00 sys=0.00, real=0.00 secs] 
Heap after GC invocations=1022 (full 111):
 par new generation   total 6144K, used 8K [0x00000000fec00000, 0x00000000ff2a0000, 0x00000000ff2a0000)
  eden space 5504K,   0% used [0x00000000fec00000, 0x00000000fec00000, 0x00000000ff160000)
  from space 640K,   1% used [0x00000000ff200000, 0x00000000ff202040, 0x00000000ff2a0000)
  to   space 640K,   0% used [0x00000000ff160000, 0x00000000ff160000, 0x00000000ff200000)
 concurrent mark-sweep generation total 13696K, used 10433K [0x00000000ff2a0000, 0x0000000100000000, 0x0000000100000000)
 Metaspace       used 5077K, capacity 5258K, committed 5504K, reserved 1056768K
  class space    used 557K, capacity 597K, committed 640K, reserved 1048576K
}
{Heap before GC invocations=1022 (full 111):
 par new generation   total 6144K, used 5237K [0x00000000fec00000, 0x00000000ff2a0000, 0x00000000ff2a0000)
  eden space 5504K,  95% used [0x00000000fec00000, 0x00000000ff11b798, 0x00000000ff160000)
  from space 640K,   1% used [0x00000000ff200000, 0x00000000ff202040, 0x00000000ff2a0000)
  to   space 640K,   0% used [0x00000000ff160000, 0x00000000ff160000, 0x00000000ff200000)
 concurrent mark-sweep generation total 13696K, used 10433K [0x00000000ff2a0000, 0x0000000100000000, 0x0000000100000000)
 Metaspace       used 5077K, capacity 5258K, committed 5504K, reserved 1056768K
  class space    used 557K, capacity 597K, committed 640K, reserved 1048576K
2024-07-16T17:59:00.981+0800: 8.126: [GC (Allocation Failure) 2024-07-16T17:59:00.981+0800: 8.126: [ParNew: 5237K->8K(6144K), 0.0004086 secs] 15671K->11465K(19840K), 0.0004660 secs] [Times: user=0.00 sys=0.00, real=0.00 secs] 
Heap after GC invocations=1023 (full 111):
 par new generation   total 6144K, used 8K [0x00000000fec00000, 0x00000000ff2a0000, 0x00000000ff2a0000)
  eden space 5504K,   0% used [0x00000000fec00000, 0x00000000fec00000, 0x00000000ff160000)
  from space 640K,   1% used [0x00000000ff160000, 0x00000000ff162040, 0x00000000ff200000)
  to   space 640K,   0% used [0x00000000ff200000, 0x00000000ff200000, 0x00000000ff2a0000)
 concurrent mark-sweep generation total 13696K, used 11457K [0x00000000ff2a0000, 0x0000000100000000, 0x0000000100000000)
 Metaspace       used 5077K, capacity 5258K, committed 5504K, reserved 1056768K
  class space    used 557K, capacity 597K, committed 640K, reserved 1048576K
}
{Heap before GC invocations=1023 (full 111):
 par new generation   total 6144K, used 5237K [0x00000000fec00000, 0x00000000ff2a0000, 0x00000000ff2a0000)
  eden space 5504K,  95% used [0x00000000fec00000, 0x00000000ff11b798, 0x00000000ff160000)
  from space 640K,   1% used [0x00000000ff160000, 0x00000000ff162040, 0x00000000ff200000)
  to   space 640K,   0% used [0x00000000ff200000, 0x00000000ff200000, 0x00000000ff2a0000)
 concurrent mark-sweep generation total 13696K, used 11457K [0x00000000ff2a0000, 0x0000000100000000, 0x0000000100000000)
 Metaspace       used 5077K, capacity 5258K, committed 5504K, reserved 1056768K
  class space    used 557K, capacity 597K, committed 640K, reserved 1048576K
2024-07-16T17:59:00.987+0800: 8.131: [GC (Allocation Failure) 2024-07-16T17:59:00.987+0800: 8.131: [ParNew: 5237K->6K(6144K), 0.0003739 secs] 16695K->12489K(19840K), 0.0004137 secs] [Times: user=0.00 sys=0.00, real=0.00 secs] 
Heap after GC invocations=1024 (full 111):
 par new generation   total 6144K, used 6K [0x00000000fec00000, 0x00000000ff2a0000, 0x00000000ff2a0000)
  eden space 5504K,   0% used [0x00000000fec00000, 0x00000000fec00000, 0x00000000ff160000)
  from space 640K,   0% used [0x00000000ff200000, 0x00000000ff201830, 0x00000000ff2a0000)
  to   space 640K,   0% used [0x00000000ff160000, 0x00000000ff160000, 0x00000000ff200000)
 concurrent mark-sweep generation total 13696K, used 12483K [0x00000000ff2a0000, 0x0000000100000000, 0x0000000100000000)
 Metaspace       used 5077K, capacity 5258K, committed 5504K, reserved 1056768K
  class space    used 557K, capacity 597K, committed 640K, reserved 1048576K
}
{Heap before GC invocations=1024 (full 111):
 par new generation   total 6144K, used 5235K [0x00000000fec00000, 0x00000000ff2a0000, 0x00000000ff2a0000)
  eden space 5504K,  95% used [0x00000000fec00000, 0x00000000ff11b798, 0x00000000ff160000)
  from space 640K,   0% used [0x00000000ff200000, 0x00000000ff201830, 0x00000000ff2a0000)
  to   space 640K,   0% used [0x00000000ff160000, 0x00000000ff160000, 0x00000000ff200000)
 concurrent mark-sweep generation total 13696K, used 12483K [0x00000000ff2a0000, 0x0000000100000000, 0x0000000100000000)
 Metaspace       used 5077K, capacity 5258K, committed 5504K, reserved 1056768K
  class space    used 557K, capacity 597K, committed 640K, reserved 1048576K
2024-07-16T17:59:00.993+0800: 8.138: [GC (Allocation Failure) 2024-07-16T17:59:00.993+0800: 8.138: [ParNew: 5235K->5235K(6144K), 0.0000156 secs]2024-07-16T17:59:00.993+0800: 8.138: [CMS2024-07-16T17:59:00.993+0800: 8.138: [CMS-concurrent-abortable-preclean: 0.000/0.042 secs] [Times: user=0.00 sys=0.00, real=0.04 secs] 
 (concurrent mode failure): 12483K->2228K(13696K), 0.0026566 secs] 17719K->2228K(19840K), [Metaspace: 5077K->5077K(1056768K)], 0.0027440 secs] [Times: user=0.00 sys=0.00, real=0.00 secs] 
Heap after GC invocations=1025 (full 112):
 par new generation   total 6144K, used 0K [0x00000000fec00000, 0x00000000ff2a0000, 0x00000000ff2a0000)
  eden space 5504K,   0% used [0x00000000fec00000, 0x00000000fec00000, 0x00000000ff160000)
  from space 640K,   0% used [0x00000000ff200000, 0x00000000ff200000, 0x00000000ff2a0000)
  to   space 640K,   0% used [0x00000000ff160000, 0x00000000ff160000, 0x00000000ff200000)
 concurrent mark-sweep generation total 13696K, used 2228K [0x00000000ff2a0000, 0x0000000100000000, 0x0000000100000000)
 Metaspace       used 5077K, capacity 5258K, committed 5504K, reserved 1056768K
  class space    used 557K, capacity 597K, committed 640K, reserved 1048576K
}
{Heap before GC invocations=1025 (full 112):
 par new generation   total 6144K, used 5229K [0x00000000fec00000, 0x00000000ff2a0000, 0x00000000ff2a0000)
  eden space 5504K,  95% used [0x00000000fec00000, 0x00000000ff11b798, 0x00000000ff160000)
  from space 640K,   0% used [0x00000000ff200000, 0x00000000ff200000, 0x00000000ff2a0000)
  to   space 640K,   0% used [0x00000000ff160000, 0x00000000ff160000, 0x00000000ff200000)
 concurrent mark-sweep generation total 13696K, used 2228K [0x00000000ff2a0000, 0x0000000100000000, 0x0000000100000000)
 Metaspace       used 5077K, capacity 5258K, committed 5504K, reserved 1056768K
  class space    used 557K, capacity 597K, committed 640K, reserved 1048576K
2024-07-16T17:59:01.001+0800: 8.145: [GC (Allocation Failure) 2024-07-16T17:59:01.001+0800: 8.145: [ParNew: 5229K->8K(6144K), 0.0003752 secs] 7458K->3262K(19840K), 0.0004167 secs] [Times: user=0.00 sys=0.00, real=0.00 secs] 
Heap after GC invocations=1026 (full 112):
 par new generation   total 6144K, used 8K [0x00000000fec00000, 0x00000000ff2a0000, 0x00000000ff2a0000)
  eden space 5504K,   0% used [0x00000000fec00000, 0x00000000fec00000, 0x00000000ff160000)
  from space 640K,   1% used [0x00000000ff160000, 0x00000000ff162040, 0x00000000ff200000)
  to   space 640K,   0% used [0x00000000ff200000, 0x00000000ff200000, 0x00000000ff2a0000)
 concurrent mark-sweep generation total 13696K, used 3254K [0x00000000ff2a0000, 0x0000000100000000, 0x0000000100000000)
 Metaspace       used 5077K, capacity 5258K, committed 5504K, reserved 1056768K
  class space    used 557K, capacity 597K, committed 640K, reserved 1048576K
}
{Heap before GC invocations=1026 (full 112):
 par new generation   total 6144K, used 5237K [0x00000000fec00000, 0x00000000ff2a0000, 0x00000000ff2a0000)
  eden space 5504K,  95% used [0x00000000fec00000, 0x00000000ff11b798, 0x00000000ff160000)
  from space 640K,   1% used [0x00000000ff160000, 0x00000000ff162040, 0x00000000ff200000)
  to   space 640K,   0% used [0x00000000ff200000, 0x00000000ff200000, 0x00000000ff2a0000)
 concurrent mark-sweep generation total 13696K, used 3254K [0x00000000ff2a0000, 0x0000000100000000, 0x0000000100000000)
 Metaspace       used 5077K, capacity 5258K, committed 5504K, reserved 1056768K
  class space    used 557K, capacity 597K, committed 640K, reserved 1048576K
2024-07-16T17:59:01.007+0800: 8.151: [GC (Allocation Failure) 2024-07-16T17:59:01.007+0800: 8.151: [ParNew: 5237K->6K(6144K), 0.0004337 secs] 8492K->4284K(19840K), 0.0004835 secs] [Times: user=0.00 sys=0.00, real=0.00 secs] 
Heap after GC invocations=1027 (full 112):
 par new generation   total 6144K, used 6K [0x00000000fec00000, 0x00000000ff2a0000, 0x00000000ff2a0000)
  eden space 5504K,   0% used [0x00000000fec00000, 0x00000000fec00000, 0x00000000ff160000)
  from space 640K,   0% used [0x00000000ff200000, 0x00000000ff201830, 0x00000000ff2a0000)
  to   space 640K,   0% used [0x00000000ff160000, 0x00000000ff160000, 0x00000000ff200000)
 concurrent mark-sweep generation total 13696K, used 4278K [0x00000000ff2a0000, 0x0000000100000000, 0x0000000100000000)
 Metaspace       used 5077K, capacity 5258K, committed 5504K, reserved 1056768K
  class space    used 557K, capacity 597K, committed 640K, reserved 1048576K
}
{Heap before GC invocations=1027 (full 112):
 par new generation   total 6144K, used 5235K [0x00000000fec00000, 0x00000000ff2a0000, 0x00000000ff2a0000)
  eden space 5504K,  95% used [0x00000000fec00000, 0x00000000ff11b798, 0x00000000ff160000)
  from space 640K,   0% used [0x00000000ff200000, 0x00000000ff201830, 0x00000000ff2a0000)
  to   space 640K,   0% used [0x00000000ff160000, 0x00000000ff160000, 0x00000000ff200000)
 concurrent mark-sweep generation total 13696K, used 4278K [0x00000000ff2a0000, 0x0000000100000000, 0x0000000100000000)
 Metaspace       used 5077K, capacity 5258K, committed 5504K, reserved 1056768K
  class space    used 557K, capacity 597K, committed 640K, reserved 1048576K
2024-07-16T17:59:01.012+0800: 8.157: [GC (Allocation Failure) 2024-07-16T17:59:01.012+0800: 8.157: [ParNew: 5235K->14K(6144K), 0.0003607 secs] 9514K->5318K(19840K), 0.0004005 secs] [Times: user=0.00 sys=0.00, real=0.00 secs] 
Heap after GC invocations=1028 (full 112):
 par new generation   total 6144K, used 14K [0x00000000fec00000, 0x00000000ff2a0000, 0x00000000ff2a0000)
  eden space 5504K,   0% used [0x00000000fec00000, 0x00000000fec00000, 0x00000000ff160000)
  from space 640K,   2% used [0x00000000ff160000, 0x00000000ff163870, 0x00000000ff200000)
  to   space 640K,   0% used [0x00000000ff200000, 0x00000000ff200000, 0x00000000ff2a0000)
 concurrent mark-sweep generation total 13696K, used 5304K [0x00000000ff2a0000, 0x0000000100000000, 0x0000000100000000)
 Metaspace       used 5077K, capacity 5258K, committed 5504K, reserved 1056768K
  class space    used 557K, capacity 597K, committed 640K, reserved 1048576K
}
{Heap before GC invocations=1028 (full 112):
 par new generation   total 6144K, used 5244K [0x00000000fec00000, 0x00000000ff2a0000, 0x00000000ff2a0000)
  eden space 5504K,  95% used [0x00000000fec00000, 0x00000000ff11b798, 0x00000000ff160000)
  from space 640K,   2% used [0x00000000ff160000, 0x00000000ff163870, 0x00000000ff200000)
  to   space 640K,   0% used [0x00000000ff200000, 0x00000000ff200000, 0x00000000ff2a0000)
 concurrent mark-sweep generation total 13696K, used 5304K [0x00000000ff2a0000, 0x0000000100000000, 0x0000000100000000)
 Metaspace       used 5077K, capacity 5258K, committed 5504K, reserved 1056768K
  class space    used 557K, capacity 597K, committed 640K, reserved 1048576K
2024-07-16T17:59:01.018+0800: 8.163: [GC (Allocation Failure) 2024-07-16T17:59:01.018+0800: 8.163: [ParNew: 5244K->16K(6144K), 0.0003596 secs] 10548K->6347K(19840K), 0.0003979 secs] [Times: user=0.00 sys=0.00, real=0.00 secs] 
Heap after GC invocations=1029 (full 112):
 par new generation   total 6144K, used 16K [0x00000000fec00000, 0x00000000ff2a0000, 0x00000000ff2a0000)
  eden space 5504K,   0% used [0x00000000fec00000, 0x00000000fec00000, 0x00000000ff160000)
  from space 640K,   2% used [0x00000000ff200000, 0x00000000ff204080, 0x00000000ff2a0000)
  to   space 640K,   0% used [0x00000000ff160000, 0x00000000ff160000, 0x00000000ff200000)
 concurrent mark-sweep generation total 13696K, used 6330K [0x00000000ff2a0000, 0x0000000100000000, 0x0000000100000000)
 Metaspace       used 5077K, capacity 5258K, committed 5504K, reserved 1056768K
  class space    used 557K, capacity 597K, committed 640K, reserved 1048576K
}
{Heap before GC invocations=1029 (full 112):
 par new generation   total 6144K, used 5246K [0x00000000fec00000, 0x00000000ff2a0000, 0x00000000ff2a0000)
  eden space 5504K,  95% used [0x00000000fec00000, 0x00000000ff11b7a0, 0x00000000ff160000)
  from space 640K,   2% used [0x00000000ff200000, 0x00000000ff204080, 0x00000000ff2a0000)
  to   space 640K,   0% used [0x00000000ff160000, 0x00000000ff160000, 0x00000000ff200000)
 concurrent mark-sweep generation total 13696K, used 6330K [0x00000000ff2a0000, 0x0000000100000000, 0x0000000100000000)
 Metaspace       used 5077K, capacity 5258K, committed 5504K, reserved 1056768K
  class space    used 557K, capacity 597K, committed 640K, reserved 1048576K
2024-07-16T17:59:01.025+0800: 8.169: [GC (Allocation Failure) 2024-07-16T17:59:01.025+0800: 8.169: [ParNew: 5246K->14K(6144K), 0.0004047 secs] 11576K->7371K(19840K), 0.0004486 secs] [Times: user=0.00 sys=0.00, real=0.00 secs] 
Heap after GC invocations=1030 (full 112):
 par new generation   total 6144K, used 14K [0x00000000fec00000, 0x00000000ff2a0000, 0x00000000ff2a0000)
  eden space 5504K,   0% used [0x00000000fec00000, 0x00000000fec00000, 0x00000000ff160000)
  from space 640K,   2% used [0x00000000ff160000, 0x00000000ff163870, 0x00000000ff200000)
  to   space 640K,   0% used [0x00000000ff200000, 0x00000000ff200000, 0x00000000ff2a0000)
 concurrent mark-sweep generation total 13696K, used 7357K [0x00000000ff2a0000, 0x0000000100000000, 0x0000000100000000)
 Metaspace       used 5077K, capacity 5258K, committed 5504K, reserved 1056768K
  class space    used 557K, capacity 597K, committed 640K, reserved 1048576K
}
{Heap before GC invocations=1030 (full 112):
 par new generation   total 6144K, used 5244K [0x00000000fec00000, 0x00000000ff2a0000, 0x00000000ff2a0000)
  eden space 5504K,  95% used [0x00000000fec00000, 0x00000000ff11b7a0, 0x00000000ff160000)
  from space 640K,   2% used [0x00000000ff160000, 0x00000000ff163870, 0x00000000ff200000)
  to   space 640K,   0% used [0x00000000ff200000, 0x00000000ff200000, 0x00000000ff2a0000)
 concurrent mark-sweep generation total 13696K, used 7357K [0x00000000ff2a0000, 0x0000000100000000, 0x0000000100000000)
 Metaspace       used 5077K, capacity 5258K, committed 5504K, reserved 1056768K
  class space    used 557K, capacity 597K, committed 640K, reserved 1048576K
2024-07-16T17:59:01.033+0800: 8.177: [GC (Allocation Failure) 2024-07-16T17:59:01.033+0800: 8.177: [ParNew: 5244K->14K(6144K), 0.0002681 secs] 12601K->7371K(19840K), 0.0002931 secs] [Times: user=0.00 sys=0.00, real=0.00 secs] 
Heap after GC invocations=1031 (full 112):
 par new generation   total 6144K, used 14K [0x00000000fec00000, 0x00000000ff2a0000, 0x00000000ff2a0000)
  eden space 5504K,   0% used [0x00000000fec00000, 0x00000000fec00000, 0x00000000ff160000)
  from space 640K,   2% used [0x00000000ff200000, 0x00000000ff203870, 0x00000000ff2a0000)
  to   space 640K,   0% used [0x00000000ff160000, 0x00000000ff160000, 0x00000000ff200000)
 concurrent mark-sweep generation total 13696K, used 7357K [0x00000000ff2a0000, 0x0000000100000000, 0x0000000100000000)
 Metaspace       used 5077K, capacity 5258K, committed 5504K, reserved 1056768K
  class space    used 557K, capacity 597K, committed 640K, reserved 1048576K
}
{Heap before GC invocations=1031 (full 112):
 par new generation   total 6144K, used 5244K [0x00000000fec00000, 0x00000000ff2a0000, 0x00000000ff2a0000)
  eden space 5504K,  95% used [0x00000000fec00000, 0x00000000ff11b7a0, 0x00000000ff160000)
  from space 640K,   2% used [0x00000000ff200000, 0x00000000ff203870, 0x00000000ff2a0000)
  to   space 640K,   0% used [0x00000000ff160000, 0x00000000ff160000, 0x00000000ff200000)
 concurrent mark-sweep generation total 13696K, used 7357K [0x00000000ff2a0000, 0x0000000100000000, 0x0000000100000000)
 Metaspace       used 5077K, capacity 5258K, committed 5504K, reserved 1056768K
  class space    used 557K, capacity 597K, committed 640K, reserved 1048576K
2024-07-16T17:59:01.039+0800: 8.184: [GC (Allocation Failure) 2024-07-16T17:59:01.039+0800: 8.184: [ParNew: 5244K->16K(6144K), 0.0003845 secs] 12601K->8399K(19840K), 0.0004248 secs] [Times: user=0.00 sys=0.00, real=0.00 secs] 
Heap after GC invocations=1032 (full 112):
 par new generation   total 6144K, used 16K [0x00000000fec00000, 0x00000000ff2a0000, 0x00000000ff2a0000)
  eden space 5504K,   0% used [0x00000000fec00000, 0x00000000fec00000, 0x00000000ff160000)
  from space 640K,   2% used [0x00000000ff160000, 0x00000000ff164080, 0x00000000ff200000)
  to   space 640K,   0% used [0x00000000ff200000, 0x00000000ff200000, 0x00000000ff2a0000)
 concurrent mark-sweep generation total 13696K, used 8383K [0x00000000ff2a0000, 0x0000000100000000, 0x0000000100000000)
 Metaspace       used 5077K, capacity 5258K, committed 5504K, reserved 1056768K
  class space    used 557K, capacity 597K, committed 640K, reserved 1048576K
}
2024-07-16T17:59:01.040+0800: 8.184: [GC (CMS Initial Mark) [1 CMS-initial-mark: 8383K(13696K)] 9423K(19840K), 0.0001315 secs] [Times: user=0.00 sys=0.00, real=0.00 secs] 
2024-07-16T17:59:01.040+0800: 8.185: [CMS-concurrent-mark-start]
2024-07-16T17:59:01.041+0800: 8.186: [CMS-concurrent-mark: 0.001/0.001 secs] [Times: user=0.00 sys=0.00, real=0.00 secs] 
2024-07-16T17:59:01.041+0800: 8.186: [CMS-concurrent-preclean-start]
2024-07-16T17:59:01.041+0800: 8.186: [CMS-concurrent-preclean: 0.000/0.000 secs] [Times: user=0.00 sys=0.00, real=0.00 secs] 
2024-07-16T17:59:01.041+0800: 8.186: [CMS-concurrent-abortable-preclean-start]
{Heap before GC invocations=1032 (full 113):
 par new generation   total 6144K, used 5246K [0x00000000fec00000, 0x00000000ff2a0000, 0x00000000ff2a0000)
  eden space 5504K,  95% used [0x00000000fec00000, 0x00000000ff11b7a0, 0x00000000ff160000)
  from space 640K,   2% used [0x00000000ff160000, 0x00000000ff164080, 0x00000000ff200000)
  to   space 640K,   0% used [0x00000000ff200000, 0x00000000ff200000, 0x00000000ff2a0000)
 concurrent mark-sweep generation total 13696K, used 8383K [0x00000000ff2a0000, 0x0000000100000000, 0x0000000100000000)
 Metaspace       used 5077K, capacity 5258K, committed 5504K, reserved 1056768K
  class space    used 557K, capacity 597K, committed 640K, reserved 1048576K
2024-07-16T17:59:01.045+0800: 8.190: [GC (Allocation Failure) 2024-07-16T17:59:01.045+0800: 8.190: [ParNew: 5246K->14K(6144K), 0.0003914 secs] 13629K->9423K(19840K), 0.0004239 secs] [Times: user=0.00 sys=0.00, real=0.00 secs] 
Heap after GC invocations=1033 (full 113):
 par new generation   total 6144K, used 14K [0x00000000fec00000, 0x00000000ff2a0000, 0x00000000ff2a0000)
  eden space 5504K,   0% used [0x00000000fec00000, 0x00000000fec00000, 0x00000000ff160000)
  from space 640K,   2% used [0x00000000ff200000, 0x00000000ff203870, 0x00000000ff2a0000)
  to   space 640K,   0% used [0x00000000ff160000, 0x00000000ff160000, 0x00000000ff200000)
 concurrent mark-sweep generation total 13696K, used 9409K [0x00000000ff2a0000, 0x0000000100000000, 0x0000000100000000)
 Metaspace       used 5077K, capacity 5258K, committed 5504K, reserved 1056768K
  class space    used 557K, capacity 597K, committed 640K, reserved 1048576K
}
{Heap before GC invocations=1033 (full 113):
 par new generation   total 6144K, used 5244K [0x00000000fec00000, 0x00000000ff2a0000, 0x00000000ff2a0000)
  eden space 5504K,  95% used [0x00000000fec00000, 0x00000000ff11b798, 0x00000000ff160000)
  from space 640K,   2% used [0x00000000ff200000, 0x00000000ff203870, 0x00000000ff2a0000)
  to   space 640K,   0% used [0x00000000ff160000, 0x00000000ff160000, 0x00000000ff200000)
 concurrent mark-sweep generation total 13696K, used 9409K [0x00000000ff2a0000, 0x0000000100000000, 0x0000000100000000)
 Metaspace       used 5077K, capacity 5258K, committed 5504K, reserved 1056768K
  class space    used 557K, capacity 597K, committed 640K, reserved 1048576K
2024-07-16T17:59:01.051+0800: 8.195: [GC (Allocation Failure) 2024-07-16T17:59:01.051+0800: 8.195: [ParNew: 5244K->6K(6144K), 0.0004116 secs] 14653K->10445K(19840K), 0.0004641 secs] [Times: user=0.00 sys=0.00, real=0.00 secs] 
Heap after GC invocations=1034 (full 113):
 par new generation   total 6144K, used 6K [0x00000000fec00000, 0x00000000ff2a0000, 0x00000000ff2a0000)
  eden space 5504K,   0% used [0x00000000fec00000, 0x00000000fec00000, 0x00000000ff160000)
  from space 640K,   0% used [0x00000000ff160000, 0x00000000ff161830, 0x00000000ff200000)
  to   space 640K,   0% used [0x00000000ff200000, 0x00000000ff200000, 0x00000000ff2a0000)
 concurrent mark-sweep generation total 13696K, used 10439K [0x00000000ff2a0000, 0x0000000100000000, 0x0000000100000000)
 Metaspace       used 5077K, capacity 5258K, committed 5504K, reserved 1056768K
  class space    used 557K, capacity 597K, committed 640K, reserved 1048576K
}
{Heap before GC invocations=1034 (full 113):
 par new generation   total 6144K, used 5235K [0x00000000fec00000, 0x00000000ff2a0000, 0x00000000ff2a0000)
  eden space 5504K,  95% used [0x00000000fec00000, 0x00000000ff11b798, 0x00000000ff160000)
  from space 640K,   0% used [0x00000000ff160000, 0x00000000ff161830, 0x00000000ff200000)
  to   space 640K,   0% used [0x00000000ff200000, 0x00000000ff200000, 0x00000000ff2a0000)
 concurrent mark-sweep generation total 13696K, used 10439K [0x00000000ff2a0000, 0x0000000100000000, 0x0000000100000000)
 Metaspace       used 5077K, capacity 5258K, committed 5504K, reserved 1056768K
  class space    used 557K, capacity 597K, committed 640K, reserved 1048576K
2024-07-16T17:59:01.057+0800: 8.201: [GC (Allocation Failure) 2024-07-16T17:59:01.057+0800: 8.201: [ParNew: 5235K->6K(6144K), 0.0003665 secs] 15675K->11469K(19840K), 0.0004173 secs] [Times: user=0.00 sys=0.00, real=0.00 secs] 
Heap after GC invocations=1035 (full 113):
 par new generation   total 6144K, used 6K [0x00000000fec00000, 0x00000000ff2a0000, 0x00000000ff2a0000)
  eden space 5504K,   0% used [0x00000000fec00000, 0x00000000fec00000, 0x00000000ff160000)
  from space 640K,   0% used [0x00000000ff200000, 0x00000000ff201830, 0x00000000ff2a0000)
  to   space 640K,   0% used [0x00000000ff160000, 0x00000000ff160000, 0x00000000ff200000)
 concurrent mark-sweep generation total 13696K, used 11463K [0x00000000ff2a0000, 0x0000000100000000, 0x0000000100000000)
 Metaspace       used 5077K, capacity 5258K, committed 5504K, reserved 1056768K
  class space    used 557K, capacity 597K, committed 640K, reserved 1048576K
}
{Heap before GC invocations=1035 (full 113):
 par new generation   total 6144K, used 5235K [0x00000000fec00000, 0x00000000ff2a0000, 0x00000000ff2a0000)
  eden space 5504K,  95% used [0x00000000fec00000, 0x00000000ff11b798, 0x00000000ff160000)
  from space 640K,   0% used [0x00000000ff200000, 0x00000000ff201830, 0x00000000ff2a0000)
  to   space 640K,   0% used [0x00000000ff160000, 0x00000000ff160000, 0x00000000ff200000)
 concurrent mark-sweep generation total 13696K, used 11463K [0x00000000ff2a0000, 0x0000000100000000, 0x0000000100000000)
 Metaspace       used 5077K, capacity 5258K, committed 5504K, reserved 1056768K
  class space    used 557K, capacity 597K, committed 640K, reserved 1048576K
2024-07-16T17:59:01.062+0800: 8.207: [GC (Allocation Failure) 2024-07-16T17:59:01.062+0800: 8.207: [ParNew: 5235K->6K(6144K), 0.0003761 secs] 16699K->12493K(19840K), 0.0004222 secs] [Times: user=0.00 sys=0.00, real=0.00 secs] 
Heap after GC invocations=1036 (full 113):
 par new generation   total 6144K, used 6K [0x00000000fec00000, 0x00000000ff2a0000, 0x00000000ff2a0000)
  eden space 5504K,   0% used [0x00000000fec00000, 0x00000000fec00000, 0x00000000ff160000)
  from space 640K,   0% used [0x00000000ff160000, 0x00000000ff161830, 0x00000000ff200000)
  to   space 640K,   0% used [0x00000000ff200000, 0x00000000ff200000, 0x00000000ff2a0000)
 concurrent mark-sweep generation total 13696K, used 12487K [0x00000000ff2a0000, 0x0000000100000000, 0x0000000100000000)
 Metaspace       used 5077K, capacity 5258K, committed 5504K, reserved 1056768K
  class space    used 557K, capacity 597K, committed 640K, reserved 1048576K
}
{Heap before GC invocations=1036 (full 113):
 par new generation   total 6144K, used 5235K [0x00000000fec00000, 0x00000000ff2a0000, 0x00000000ff2a0000)
  eden space 5504K,  95% used [0x00000000fec00000, 0x00000000ff11b798, 0x00000000ff160000)
  from space 640K,   0% used [0x00000000ff160000, 0x00000000ff161830, 0x00000000ff200000)
  to   space 640K,   0% used [0x00000000ff200000, 0x00000000ff200000, 0x00000000ff2a0000)
 concurrent mark-sweep generation total 13696K, used 12487K [0x00000000ff2a0000, 0x0000000100000000, 0x0000000100000000)
 Metaspace       used 5077K, capacity 5258K, committed 5504K, reserved 1056768K
  class space    used 557K, capacity 597K, committed 640K, reserved 1048576K
2024-07-16T17:59:01.069+0800: 8.214: [GC (Allocation Failure) 2024-07-16T17:59:01.069+0800: 8.214: [ParNew: 5235K->8K(6144K), 0.0004255 secs] 17723K->13519K(19840K), 0.0004635 secs] [Times: user=0.00 sys=0.00, real=0.00 secs] 
Heap after GC invocations=1037 (full 113):
 par new generation   total 6144K, used 8K [0x00000000fec00000, 0x00000000ff2a0000, 0x00000000ff2a0000)
  eden space 5504K,   0% used [0x00000000fec00000, 0x00000000fec00000, 0x00000000ff160000)
  from space 640K,   1% used [0x00000000ff200000, 0x00000000ff202040, 0x00000000ff2a0000)
  to   space 640K,   0% used [0x00000000ff160000, 0x00000000ff160000, 0x00000000ff200000)
 concurrent mark-sweep generation total 13696K, used 13511K [0x00000000ff2a0000, 0x0000000100000000, 0x0000000100000000)
 Metaspace       used 5077K, capacity 5258K, committed 5504K, reserved 1056768K
  class space    used 557K, capacity 597K, committed 640K, reserved 1048576K
}
2024-07-16T17:59:01.069+0800: 8.214: [CMS-concurrent-abortable-preclean: 0.000/0.028 secs] [Times: user=0.00 sys=0.00, real=0.03 secs] 
2024-07-16T17:59:01.069+0800: 8.214: [GC (CMS Final Remark) [YG occupancy: 1032 K (6144 K)]2024-07-16T17:59:01.069+0800: 8.214: [Rescan (parallel) , 0.0001554 secs]2024-07-16T17:59:01.069+0800: 8.214: [weak refs processing, 0.0000083 secs]2024-07-16T17:59:01.069+0800: 8.214: [class unloading, 0.0003333 secs]2024-07-16T17:59:01.070+0800: 8.215: [scrub symbol table, 0.0003284 secs]2024-07-16T17:59:01.070+0800: 8.215: [scrub string table, 0.0000838 secs][1 CMS-remark: 13511K(13696K)] 14543K(19840K), 0.0009474 secs] [Times: user=0.00 sys=0.00, real=0.00 secs] 
2024-07-16T17:59:01.070+0800: 8.215: [CMS-concurrent-sweep-start]
2024-07-16T17:59:01.070+0800: 8.215: [CMS-concurrent-sweep: 0.000/0.000 secs] [Times: user=0.00 sys=0.00, real=0.00 secs] 
2024-07-16T17:59:01.070+0800: 8.215: [CMS-concurrent-reset-start]
2024-07-16T17:59:01.070+0800: 8.215: [CMS-concurrent-reset: 0.000/0.000 secs] [Times: user=0.00 sys=0.00, real=0.00 secs] 
{Heap before GC invocations=1037 (full 113):
 par new generation   total 6144K, used 5237K [0x00000000fec00000, 0x00000000ff2a0000, 0x00000000ff2a0000)
  eden space 5504K,  95% used [0x00000000fec00000, 0x00000000ff11b798, 0x00000000ff160000)
  from space 640K,   1% used [0x00000000ff200000, 0x00000000ff202040, 0x00000000ff2a0000)
  to   space 640K,   0% used [0x00000000ff160000, 0x00000000ff160000, 0x00000000ff200000)
 concurrent mark-sweep generation total 13696K, used 7367K [0x00000000ff2a0000, 0x0000000100000000, 0x0000000100000000)
 Metaspace       used 5077K, capacity 5258K, committed 5504K, reserved 1056768K
  class space    used 557K, capacity 597K, committed 640K, reserved 1048576K
2024-07-16T17:59:01.079+0800: 8.223: [GC (Allocation Failure) 2024-07-16T17:59:01.079+0800: 8.223: [ParNew: 5237K->8K(6144K), 0.0003924 secs] 12605K->8399K(19840K), 0.0004359 secs] [Times: user=0.00 sys=0.00, real=0.00 secs] 
Heap after GC invocations=1038 (full 113):
 par new generation   total 6144K, used 8K [0x00000000fec00000, 0x00000000ff2a0000, 0x00000000ff2a0000)
  eden space 5504K,   0% used [0x00000000fec00000, 0x00000000fec00000, 0x00000000ff160000)
  from space 640K,   1% used [0x00000000ff160000, 0x00000000ff162040, 0x00000000ff200000)
  to   space 640K,   0% used [0x00000000ff200000, 0x00000000ff200000, 0x00000000ff2a0000)
 concurrent mark-sweep generation total 13696K, used 8391K [0x00000000ff2a0000, 0x0000000100000000, 0x0000000100000000)
 Metaspace       used 5077K, capacity 5258K, committed 5504K, reserved 1056768K
  class space    used 557K, capacity 597K, committed 640K, reserved 1048576K
}
2024-07-16T17:59:01.079+0800: 8.224: [GC (CMS Initial Mark) [1 CMS-initial-mark: 8391K(13696K)] 9423K(19840K), 0.0001838 secs] [Times: user=0.00 sys=0.00, real=0.00 secs] 
2024-07-16T17:59:01.079+0800: 8.224: [CMS-concurrent-mark-start]
2024-07-16T17:59:01.081+0800: 8.225: [CMS-concurrent-mark: 0.001/0.001 secs] [Times: user=0.05 sys=0.00, real=0.00 secs] 
2024-07-16T17:59:01.081+0800: 8.225: [CMS-concurrent-preclean-start]
2024-07-16T17:59:01.081+0800: 8.225: [CMS-concurrent-preclean: 0.000/0.000 secs] [Times: user=0.00 sys=0.00, real=0.00 secs] 
2024-07-16T17:59:01.081+0800: 8.225: [CMS-concurrent-abortable-preclean-start]
{Heap before GC invocations=1038 (full 114):
 par new generation   total 6144K, used 5237K [0x00000000fec00000, 0x00000000ff2a0000, 0x00000000ff2a0000)
  eden space 5504K,  95% used [0x00000000fec00000, 0x00000000ff11b798, 0x00000000ff160000)
  from space 640K,   1% used [0x00000000ff160000, 0x00000000ff162040, 0x00000000ff200000)
  to   space 640K,   0% used [0x00000000ff200000, 0x00000000ff200000, 0x00000000ff2a0000)
 concurrent mark-sweep generation total 13696K, used 8391K [0x00000000ff2a0000, 0x0000000100000000, 0x0000000100000000)
 Metaspace       used 5077K, capacity 5258K, committed 5504K, reserved 1056768K
  class space    used 557K, capacity 597K, committed 640K, reserved 1048576K
2024-07-16T17:59:01.087+0800: 8.231: [GC (Allocation Failure) 2024-07-16T17:59:01.087+0800: 8.231: [ParNew: 5237K->4K(6144K), 0.0002989 secs] 13629K->8395K(19840K), 0.0003405 secs] [Times: user=0.00 sys=0.00, real=0.00 secs] 
Heap after GC invocations=1039 (full 114):
 par new generation   total 6144K, used 4K [0x00000000fec00000, 0x00000000ff2a0000, 0x00000000ff2a0000)
  eden space 5504K,   0% used [0x00000000fec00000, 0x00000000fec00000, 0x00000000ff160000)
  from space 640K,   0% used [0x00000000ff200000, 0x00000000ff201020, 0x00000000ff2a0000)
  to   space 640K,   0% used [0x00000000ff160000, 0x00000000ff160000, 0x00000000ff200000)
 concurrent mark-sweep generation total 13696K, used 8391K [0x00000000ff2a0000, 0x0000000100000000, 0x0000000100000000)
 Metaspace       used 5077K, capacity 5258K, committed 5504K, reserved 1056768K
  class space    used 557K, capacity 597K, committed 640K, reserved 1048576K
}
{Heap before GC invocations=1039 (full 114):
 par new generation   total 6144K, used 5233K [0x00000000fec00000, 0x00000000ff2a0000, 0x00000000ff2a0000)
  eden space 5504K,  95% used [0x00000000fec00000, 0x00000000ff11b798, 0x00000000ff160000)
  from space 640K,   0% used [0x00000000ff200000, 0x00000000ff201020, 0x00000000ff2a0000)
  to   space 640K,   0% used [0x00000000ff160000, 0x00000000ff160000, 0x00000000ff200000)
 concurrent mark-sweep generation total 13696K, used 8391K [0x00000000ff2a0000, 0x0000000100000000, 0x0000000100000000)
 Metaspace       used 5077K, capacity 5258K, committed 5504K, reserved 1056768K
  class space    used 557K, capacity 597K, committed 640K, reserved 1048576K
2024-07-16T17:59:01.094+0800: 8.238: [GC (Allocation Failure) 2024-07-16T17:59:01.094+0800: 8.238: [ParNew: 5233K->8K(6144K), 0.0003403 secs] 13625K->9425K(19840K), 0.0003756 secs] [Times: user=0.00 sys=0.00, real=0.00 secs] 
Heap after GC invocations=1040 (full 114):
 par new generation   total 6144K, used 8K [0x00000000fec00000, 0x00000000ff2a0000, 0x00000000ff2a0000)
  eden space 5504K,   0% used [0x00000000fec00000, 0x00000000fec00000, 0x00000000ff160000)
  from space 640K,   1% used [0x00000000ff160000, 0x00000000ff162040, 0x00000000ff200000)
  to   space 640K,   0% used [0x00000000ff200000, 0x00000000ff200000, 0x00000000ff2a0000)
 concurrent mark-sweep generation total 13696K, used 9417K [0x00000000ff2a0000, 0x0000000100000000, 0x0000000100000000)
 Metaspace       used 5077K, capacity 5258K, committed 5504K, reserved 1056768K
  class space    used 557K, capacity 597K, committed 640K, reserved 1048576K
}
{Heap before GC invocations=1040 (full 114):
 par new generation   total 6144K, used 5237K [0x00000000fec00000, 0x00000000ff2a0000, 0x00000000ff2a0000)
  eden space 5504K,  95% used [0x00000000fec00000, 0x00000000ff11b798, 0x00000000ff160000)
  from space 640K,   1% used [0x00000000ff160000, 0x00000000ff162040, 0x00000000ff200000)
  to   space 640K,   0% used [0x00000000ff200000, 0x00000000ff200000, 0x00000000ff2a0000)
 concurrent mark-sweep generation total 13696K, used 9417K [0x00000000ff2a0000, 0x0000000100000000, 0x0000000100000000)
 Metaspace       used 5077K, capacity 5258K, committed 5504K, reserved 1056768K
  class space    used 557K, capacity 597K, committed 640K, reserved 1048576K
2024-07-16T17:59:01.101+0800: 8.245: [GC (Allocation Failure) 2024-07-16T17:59:01.101+0800: 8.245: [ParNew: 5237K->6K(6144K), 0.0003924 secs] 14655K->10447K(19840K), 0.0004823 secs] [Times: user=0.00 sys=0.00, real=0.00 secs] 
Heap after GC invocations=1041 (full 114):
 par new generation   total 6144K, used 6K [0x00000000fec00000, 0x00000000ff2a0000, 0x00000000ff2a0000)
  eden space 5504K,   0% used [0x00000000fec00000, 0x00000000fec00000, 0x00000000ff160000)
  from space 640K,   0% used [0x00000000ff200000, 0x00000000ff201830, 0x00000000ff2a0000)
  to   space 640K,   0% used [0x00000000ff160000, 0x00000000ff160000, 0x00000000ff200000)
 concurrent mark-sweep generation total 13696K, used 10441K [0x00000000ff2a0000, 0x0000000100000000, 0x0000000100000000)
 Metaspace       used 5077K, capacity 5258K, committed 5504K, reserved 1056768K
  class space    used 557K, capacity 597K, committed 640K, reserved 1048576K
}
{Heap before GC invocations=1041 (full 114):
 par new generation   total 6144K, used 5235K [0x00000000fec00000, 0x00000000ff2a0000, 0x00000000ff2a0000)
  eden space 5504K,  95% used [0x00000000fec00000, 0x00000000ff11b798, 0x00000000ff160000)
  from space 640K,   0% used [0x00000000ff200000, 0x00000000ff201830, 0x00000000ff2a0000)
  to   space 640K,   0% used [0x00000000ff160000, 0x00000000ff160000, 0x00000000ff200000)
 concurrent mark-sweep generation total 13696K, used 10441K [0x00000000ff2a0000, 0x0000000100000000, 0x0000000100000000)
 Metaspace       used 5077K, capacity 5258K, committed 5504K, reserved 1056768K
  class space    used 557K, capacity 597K, committed 640K, reserved 1048576K
2024-07-16T17:59:01.108+0800: 8.252: [GC (Allocation Failure) 2024-07-16T17:59:01.108+0800: 8.252: [ParNew: 5235K->2K(6144K), 0.0002697 secs] 15677K->10443K(19840K), 0.0002975 secs] [Times: user=0.00 sys=0.00, real=0.00 secs] 
Heap after GC invocations=1042 (full 114):
 par new generation   total 6144K, used 2K [0x00000000fec00000, 0x00000000ff2a0000, 0x00000000ff2a0000)
  eden space 5504K,   0% used [0x00000000fec00000, 0x00000000fec00000, 0x00000000ff160000)
  from space 640K,   0% used [0x00000000ff160000, 0x00000000ff160810, 0x00000000ff200000)
  to   space 640K,   0% used [0x00000000ff200000, 0x00000000ff200000, 0x00000000ff2a0000)
 concurrent mark-sweep generation total 13696K, used 10441K [0x00000000ff2a0000, 0x0000000100000000, 0x0000000100000000)
 Metaspace       used 5077K, capacity 5258K, committed 5504K, reserved 1056768K
  class space    used 557K, capacity 597K, committed 640K, reserved 1048576K
}
{Heap before GC invocations=1042 (full 114):
 par new generation   total 6144K, used 5231K [0x00000000fec00000, 0x00000000ff2a0000, 0x00000000ff2a0000)
  eden space 5504K,  95% used [0x00000000fec00000, 0x00000000ff11b798, 0x00000000ff160000)
  from space 640K,   0% used [0x00000000ff160000, 0x00000000ff160810, 0x00000000ff200000)
  to   space 640K,   0% used [0x00000000ff200000, 0x00000000ff200000, 0x00000000ff2a0000)
 concurrent mark-sweep generation total 13696K, used 10441K [0x00000000ff2a0000, 0x0000000100000000, 0x0000000100000000)
 Metaspace       used 5077K, capacity 5258K, committed 5504K, reserved 1056768K
  class space    used 557K, capacity 597K, committed 640K, reserved 1048576K
2024-07-16T17:59:01.114+0800: 8.258: [GC (Allocation Failure) 2024-07-16T17:59:01.114+0800: 8.258: [ParNew: 5231K->6K(6144K), 0.0003956 secs] 15673K->11471K(19840K), 0.0004354 secs] [Times: user=0.00 sys=0.00, real=0.00 secs] 
Heap after GC invocations=1043 (full 114):
 par new generation   total 6144K, used 6K [0x00000000fec00000, 0x00000000ff2a0000, 0x00000000ff2a0000)
  eden space 5504K,   0% used [0x00000000fec00000, 0x00000000fec00000, 0x00000000ff160000)
  from space 640K,   0% used [0x00000000ff200000, 0x00000000ff201830, 0x00000000ff2a0000)
  to   space 640K,   0% used [0x00000000ff160000, 0x00000000ff160000, 0x00000000ff200000)
 concurrent mark-sweep generation total 13696K, used 11465K [0x00000000ff2a0000, 0x0000000100000000, 0x0000000100000000)
 Metaspace       used 5077K, capacity 5258K, committed 5504K, reserved 1056768K
  class space    used 557K, capacity 597K, committed 640K, reserved 1048576K
}
{Heap before GC invocations=1043 (full 114):
 par new generation   total 6144K, used 5235K [0x00000000fec00000, 0x00000000ff2a0000, 0x00000000ff2a0000)
  eden space 5504K,  95% used [0x00000000fec00000, 0x00000000ff11b798, 0x00000000ff160000)
  from space 640K,   0% used [0x00000000ff200000, 0x00000000ff201830, 0x00000000ff2a0000)
  to   space 640K,   0% used [0x00000000ff160000, 0x00000000ff160000, 0x00000000ff200000)
 concurrent mark-sweep generation total 13696K, used 11465K [0x00000000ff2a0000, 0x0000000100000000, 0x0000000100000000)
 Metaspace       used 5077K, capacity 5258K, committed 5504K, reserved 1056768K
  class space    used 557K, capacity 597K, committed 640K, reserved 1048576K
2024-07-16T17:59:01.121+0800: 8.265: [GC (Allocation Failure) 2024-07-16T17:59:01.121+0800: 8.265: [ParNew: 5235K->6K(6144K), 0.0003512 secs] 16701K->12495K(19840K), 0.0003846 secs] [Times: user=0.00 sys=0.00, real=0.00 secs] 
Heap after GC invocations=1044 (full 114):
 par new generation   total 6144K, used 6K [0x00000000fec00000, 0x00000000ff2a0000, 0x00000000ff2a0000)
  eden space 5504K,   0% used [0x00000000fec00000, 0x00000000fec00000, 0x00000000ff160000)
  from space 640K,   0% used [0x00000000ff160000, 0x00000000ff161830, 0x00000000ff200000)
  to   space 640K,   0% used [0x00000000ff200000, 0x00000000ff200000, 0x00000000ff2a0000)
 concurrent mark-sweep generation total 13696K, used 12489K [0x00000000ff2a0000, 0x0000000100000000, 0x0000000100000000)
 Metaspace       used 5077K, capacity 5258K, committed 5504K, reserved 1056768K
  class space    used 557K, capacity 597K, committed 640K, reserved 1048576K
}
{Heap before GC invocations=1044 (full 114):
 par new generation   total 6144K, used 5235K [0x00000000fec00000, 0x00000000ff2a0000, 0x00000000ff2a0000)
  eden space 5504K,  95% used [0x00000000fec00000, 0x00000000ff11b798, 0x00000000ff160000)
  from space 640K,   0% used [0x00000000ff160000, 0x00000000ff161830, 0x00000000ff200000)
  to   space 640K,   0% used [0x00000000ff200000, 0x00000000ff200000, 0x00000000ff2a0000)
 concurrent mark-sweep generation total 13696K, used 12489K [0x00000000ff2a0000, 0x0000000100000000, 0x0000000100000000)
 Metaspace       used 5077K, capacity 5258K, committed 5504K, reserved 1056768K
  class space    used 557K, capacity 597K, committed 640K, reserved 1048576K
2024-07-16T17:59:01.128+0800: 8.272: [GC (Allocation Failure) 2024-07-16T17:59:01.128+0800: 8.272: [ParNew: 5235K->5235K(6144K), 0.0000126 secs]2024-07-16T17:59:01.128+0800: 8.272: [CMS2024-07-16T17:59:01.128+0800: 8.272: [CMS-concurrent-abortable-preclean: 0.000/0.047 secs] [Times: user=0.00 sys=0.00, real=0.05 secs] 
 (concurrent mode failure): 12489K->2229K(13696K), 0.0027420 secs] 17725K->2229K(19840K), [Metaspace: 5077K->5077K(1056768K)], 0.0028138 secs] [Times: user=0.00 sys=0.00, real=0.00 secs] 
Heap after GC invocations=1045 (full 115):
 par new generation   total 6144K, used 0K [0x00000000fec00000, 0x00000000ff2a0000, 0x00000000ff2a0000)
  eden space 5504K,   0% used [0x00000000fec00000, 0x00000000fec00000, 0x00000000ff160000)
  from space 640K,   0% used [0x00000000ff160000, 0x00000000ff160000, 0x00000000ff200000)
  to   space 640K,   0% used [0x00000000ff200000, 0x00000000ff200000, 0x00000000ff2a0000)
 concurrent mark-sweep generation total 13696K, used 2229K [0x00000000ff2a0000, 0x0000000100000000, 0x0000000100000000)
 Metaspace       used 5077K, capacity 5258K, committed 5504K, reserved 1056768K
  class space    used 557K, capacity 597K, committed 640K, reserved 1048576K
}
{Heap before GC invocations=1045 (full 115):
 par new generation   total 6144K, used 5229K [0x00000000fec00000, 0x00000000ff2a0000, 0x00000000ff2a0000)
  eden space 5504K,  95% used [0x00000000fec00000, 0x00000000ff11b798, 0x00000000ff160000)
  from space 640K,   0% used [0x00000000ff160000, 0x00000000ff160000, 0x00000000ff200000)
  to   space 640K,   0% used [0x00000000ff200000, 0x00000000ff200000, 0x00000000ff2a0000)
 concurrent mark-sweep generation total 13696K, used 2229K [0x00000000ff2a0000, 0x0000000100000000, 0x0000000100000000)
 Metaspace       used 5077K, capacity 5258K, committed 5504K, reserved 1056768K
  class space    used 557K, capacity 597K, committed 640K, reserved 1048576K
2024-07-16T17:59:01.138+0800: 8.282: [GC (Allocation Failure) 2024-07-16T17:59:01.138+0800: 8.282: [ParNew: 5229K->6K(6144K), 0.0004582 secs] 7458K->3261K(19840K), 0.0005776 secs] [Times: user=0.00 sys=0.00, real=0.00 secs] 
Heap after GC invocations=1046 (full 115):
 par new generation   total 6144K, used 6K [0x00000000fec00000, 0x00000000ff2a0000, 0x00000000ff2a0000)
  eden space 5504K,   0% used [0x00000000fec00000, 0x00000000fec00000, 0x00000000ff160000)
  from space 640K,   0% used [0x00000000ff200000, 0x00000000ff201830, 0x00000000ff2a0000)
  to   space 640K,   0% used [0x00000000ff160000, 0x00000000ff160000, 0x00000000ff200000)
 concurrent mark-sweep generation total 13696K, used 3255K [0x00000000ff2a0000, 0x0000000100000000, 0x0000000100000000)
 Metaspace       used 5077K, capacity 5258K, committed 5504K, reserved 1056768K
  class space    used 557K, capacity 597K, committed 640K, reserved 1048576K
}
{Heap before GC invocations=1046 (full 115):
 par new generation   total 6144K, used 5235K [0x00000000fec00000, 0x00000000ff2a0000, 0x00000000ff2a0000)
  eden space 5504K,  95% used [0x00000000fec00000, 0x00000000ff11b798, 0x00000000ff160000)
  from space 640K,   0% used [0x00000000ff200000, 0x00000000ff201830, 0x00000000ff2a0000)
  to   space 640K,   0% used [0x00000000ff160000, 0x00000000ff160000, 0x00000000ff200000)
 concurrent mark-sweep generation total 13696K, used 3255K [0x00000000ff2a0000, 0x0000000100000000, 0x0000000100000000)
 Metaspace       used 5077K, capacity 5258K, committed 5504K, reserved 1056768K
  class space    used 557K, capacity 597K, committed 640K, reserved 1048576K
2024-07-16T17:59:01.145+0800: 8.289: [GC (Allocation Failure) 2024-07-16T17:59:01.145+0800: 8.289: [ParNew: 5235K->4K(6144K), 0.0002989 secs] 8491K->3259K(19840K), 0.0003337 secs] [Times: user=0.00 sys=0.00, real=0.00 secs] 
Heap after GC invocations=1047 (full 115):
 par new generation   total 6144K, used 4K [0x00000000fec00000, 0x00000000ff2a0000, 0x00000000ff2a0000)
  eden space 5504K,   0% used [0x00000000fec00000, 0x00000000fec00000, 0x00000000ff160000)
  from space 640K,   0% used [0x00000000ff160000, 0x00000000ff161020, 0x00000000ff200000)
  to   space 640K,   0% used [0x00000000ff200000, 0x00000000ff200000, 0x00000000ff2a0000)
 concurrent mark-sweep generation total 13696K, used 3255K [0x00000000ff2a0000, 0x0000000100000000, 0x0000000100000000)
 Metaspace       used 5077K, capacity 5258K, committed 5504K, reserved 1056768K
  class space    used 557K, capacity 597K, committed 640K, reserved 1048576K
}
{Heap before GC invocations=1047 (full 115):
 par new generation   total 6144K, used 5233K [0x00000000fec00000, 0x00000000ff2a0000, 0x00000000ff2a0000)
  eden space 5504K,  95% used [0x00000000fec00000, 0x00000000ff11b798, 0x00000000ff160000)
  from space 640K,   0% used [0x00000000ff160000, 0x00000000ff161020, 0x00000000ff200000)
  to   space 640K,   0% used [0x00000000ff200000, 0x00000000ff200000, 0x00000000ff2a0000)
 concurrent mark-sweep generation total 13696K, used 3255K [0x00000000ff2a0000, 0x0000000100000000, 0x0000000100000000)
 Metaspace       used 5077K, capacity 5258K, committed 5504K, reserved 1056768K
  class space    used 557K, capacity 597K, committed 640K, reserved 1048576K
2024-07-16T17:59:01.152+0800: 8.296: [GC (Allocation Failure) 2024-07-16T17:59:01.152+0800: 8.296: [ParNew: 5233K->4K(6144K), 0.0002869 secs] 8489K->3259K(19840K), 0.0003678 secs] [Times: user=0.00 sys=0.00, real=0.00 secs] 
Heap after GC invocations=1048 (full 115):
 par new generation   total 6144K, used 4K [0x00000000fec00000, 0x00000000ff2a0000, 0x00000000ff2a0000)
  eden space 5504K,   0% used [0x00000000fec00000, 0x00000000fec00000, 0x00000000ff160000)
  from space 640K,   0% used [0x00000000ff200000, 0x00000000ff201020, 0x00000000ff2a0000)
  to   space 640K,   0% used [0x00000000ff160000, 0x00000000ff160000, 0x00000000ff200000)
 concurrent mark-sweep generation total 13696K, used 3255K [0x00000000ff2a0000, 0x0000000100000000, 0x0000000100000000)
 Metaspace       used 5077K, capacity 5258K, committed 5504K, reserved 1056768K
  class space    used 557K, capacity 597K, committed 640K, reserved 1048576K
}
{Heap before GC invocations=1048 (full 115):
 par new generation   total 6144K, used 5233K [0x00000000fec00000, 0x00000000ff2a0000, 0x00000000ff2a0000)
  eden space 5504K,  95% used [0x00000000fec00000, 0x00000000ff11b798, 0x00000000ff160000)
  from space 640K,   0% used [0x00000000ff200000, 0x00000000ff201020, 0x00000000ff2a0000)
  to   space 640K,   0% used [0x00000000ff160000, 0x00000000ff160000, 0x00000000ff200000)
 concurrent mark-sweep generation total 13696K, used 3255K [0x00000000ff2a0000, 0x0000000100000000, 0x0000000100000000)
 Metaspace       used 5077K, capacity 5258K, committed 5504K, reserved 1056768K
  class space    used 557K, capacity 597K, committed 640K, reserved 1048576K
2024-07-16T17:59:01.158+0800: 8.302: [GC (Allocation Failure) 2024-07-16T17:59:01.158+0800: 8.302: [ParNew: 5233K->4K(6144K), 0.0003561 secs] 8489K->4285K(19840K), 0.0003836 secs] [Times: user=0.00 sys=0.00, real=0.00 secs] 
Heap after GC invocations=1049 (full 115):
 par new generation   total 6144K, used 4K [0x00000000fec00000, 0x00000000ff2a0000, 0x00000000ff2a0000)
  eden space 5504K,   0% used [0x00000000fec00000, 0x00000000fec00000, 0x00000000ff160000)
  from space 640K,   0% used [0x00000000ff160000, 0x00000000ff161020, 0x00000000ff200000)
  to   space 640K,   0% used [0x00000000ff200000, 0x00000000ff200000, 0x00000000ff2a0000)
 concurrent mark-sweep generation total 13696K, used 4281K [0x00000000ff2a0000, 0x0000000100000000, 0x0000000100000000)
 Metaspace       used 5077K, capacity 5258K, committed 5504K, reserved 1056768K
  class space    used 557K, capacity 597K, committed 640K, reserved 1048576K
}
{Heap before GC invocations=1049 (full 115):
 par new generation   total 6144K, used 5233K [0x00000000fec00000, 0x00000000ff2a0000, 0x00000000ff2a0000)
  eden space 5504K,  95% used [0x00000000fec00000, 0x00000000ff11b798, 0x00000000ff160000)
  from space 640K,   0% used [0x00000000ff160000, 0x00000000ff161020, 0x00000000ff200000)
  to   space 640K,   0% used [0x00000000ff200000, 0x00000000ff200000, 0x00000000ff2a0000)
 concurrent mark-sweep generation total 13696K, used 4281K [0x00000000ff2a0000, 0x0000000100000000, 0x0000000100000000)
 Metaspace       used 5077K, capacity 5258K, committed 5504K, reserved 1056768K
  class space    used 557K, capacity 597K, committed 640K, reserved 1048576K
2024-07-16T17:59:01.165+0800: 8.309: [GC (Allocation Failure) 2024-07-16T17:59:01.165+0800: 8.309: [ParNew: 5233K->6K(6144K), 0.0005069 secs] 9515K->5313K(19840K), 0.0005488 secs] [Times: user=0.00 sys=0.00, real=0.00 secs] 
Heap after GC invocations=1050 (full 115):
 par new generation   total 6144K, used 6K [0x00000000fec00000, 0x00000000ff2a0000, 0x00000000ff2a0000)
  eden space 5504K,   0% used [0x00000000fec00000, 0x00000000fec00000, 0x00000000ff160000)
  from space 640K,   0% used [0x00000000ff200000, 0x00000000ff201830, 0x00000000ff2a0000)
  to   space 640K,   0% used [0x00000000ff160000, 0x00000000ff160000, 0x00000000ff200000)
 concurrent mark-sweep generation total 13696K, used 5307K [0x00000000ff2a0000, 0x0000000100000000, 0x0000000100000000)
 Metaspace       used 5077K, capacity 5258K, committed 5504K, reserved 1056768K
  class space    used 557K, capacity 597K, committed 640K, reserved 1048576K
}
{Heap before GC invocations=1050 (full 115):
 par new generation   total 6144K, used 5235K [0x00000000fec00000, 0x00000000ff2a0000, 0x00000000ff2a0000)
  eden space 5504K,  95% used [0x00000000fec00000, 0x00000000ff11b798, 0x00000000ff160000)
  from space 640K,   0% used [0x00000000ff200000, 0x00000000ff201830, 0x00000000ff2a0000)
  to   space 640K,   0% used [0x00000000ff160000, 0x00000000ff160000, 0x00000000ff200000)
 concurrent mark-sweep generation total 13696K, used 5307K [0x00000000ff2a0000, 0x0000000100000000, 0x0000000100000000)
 Metaspace       used 5077K, capacity 5258K, committed 5504K, reserved 1056768K
  class space    used 557K, capacity 597K, committed 640K, reserved 1048576K
2024-07-16T17:59:01.172+0800: 8.316: [GC (Allocation Failure) 2024-07-16T17:59:01.172+0800: 8.316: [ParNew: 5235K->6K(6144K), 0.0005176 secs] 10543K->6337K(19840K), 0.0006738 secs] [Times: user=0.00 sys=0.00, real=0.00 secs] 
Heap after GC invocations=1051 (full 115):
 par new generation   total 6144K, used 6K [0x00000000fec00000, 0x00000000ff2a0000, 0x00000000ff2a0000)
  eden space 5504K,   0% used [0x00000000fec00000, 0x00000000fec00000, 0x00000000ff160000)
  from space 640K,   0% used [0x00000000ff160000, 0x00000000ff161830, 0x00000000ff200000)
  to   space 640K,   0% used [0x00000000ff200000, 0x00000000ff200000, 0x00000000ff2a0000)
 concurrent mark-sweep generation total 13696K, used 6331K [0x00000000ff2a0000, 0x0000000100000000, 0x0000000100000000)
 Metaspace       used 5077K, capacity 5258K, committed 5504K, reserved 1056768K
  class space    used 557K, capacity 597K, committed 640K, reserved 1048576K
}
{Heap before GC invocations=1051 (full 115):
 par new generation   total 6144K, used 5235K [0x00000000fec00000, 0x00000000ff2a0000, 0x00000000ff2a0000)
  eden space 5504K,  95% used [0x00000000fec00000, 0x00000000ff11b798, 0x00000000ff160000)
  from space 640K,   0% used [0x00000000ff160000, 0x00000000ff161830, 0x00000000ff200000)
  to   space 640K,   0% used [0x00000000ff200000, 0x00000000ff200000, 0x00000000ff2a0000)
 concurrent mark-sweep generation total 13696K, used 6331K [0x00000000ff2a0000, 0x0000000100000000, 0x0000000100000000)
 Metaspace       used 5077K, capacity 5258K, committed 5504K, reserved 1056768K
  class space    used 557K, capacity 597K, committed 640K, reserved 1048576K
2024-07-16T17:59:01.181+0800: 8.325: [GC (Allocation Failure) 2024-07-16T17:59:01.181+0800: 8.325: [ParNew: 5235K->6K(6144K), 0.0005340 secs] 11567K->7361K(19840K), 0.0006052 secs] [Times: user=0.00 sys=0.00, real=0.00 secs] 
Heap after GC invocations=1052 (full 115):
 par new generation   total 6144K, used 6K [0x00000000fec00000, 0x00000000ff2a0000, 0x00000000ff2a0000)
  eden space 5504K,   0% used [0x00000000fec00000, 0x00000000fec00000, 0x00000000ff160000)
  from space 640K,   0% used [0x00000000ff200000, 0x00000000ff201830, 0x00000000ff2a0000)
  to   space 640K,   0% used [0x00000000ff160000, 0x00000000ff160000, 0x00000000ff200000)
 concurrent mark-sweep generation total 13696K, used 7355K [0x00000000ff2a0000, 0x0000000100000000, 0x0000000100000000)
 Metaspace       used 5077K, capacity 5258K, committed 5504K, reserved 1056768K
  class space    used 557K, capacity 597K, committed 640K, reserved 1048576K
}
{Heap before GC invocations=1052 (full 115):
 par new generation   total 6144K, used 5235K [0x00000000fec00000, 0x00000000ff2a0000, 0x00000000ff2a0000)
  eden space 5504K,  95% used [0x00000000fec00000, 0x00000000ff11b798, 0x00000000ff160000)
  from space 640K,   0% used [0x00000000ff200000, 0x00000000ff201830, 0x00000000ff2a0000)
  to   space 640K,   0% used [0x00000000ff160000, 0x00000000ff160000, 0x00000000ff200000)
 concurrent mark-sweep generation total 13696K, used 7355K [0x00000000ff2a0000, 0x0000000100000000, 0x0000000100000000)
 Metaspace       used 5077K, capacity 5258K, committed 5504K, reserved 1056768K
  class space    used 557K, capacity 597K, committed 640K, reserved 1048576K
2024-07-16T17:59:01.189+0800: 8.333: [GC (Allocation Failure) 2024-07-16T17:59:01.189+0800: 8.333: [ParNew: 5235K->10K(6144K), 0.0006851 secs] 12591K->9415K(19840K), 0.0008134 secs] [Times: user=0.00 sys=0.00, real=0.00 secs] 
Heap after GC invocations=1053 (full 115):
 par new generation   total 6144K, used 10K [0x00000000fec00000, 0x00000000ff2a0000, 0x00000000ff2a0000)
  eden space 5504K,   0% used [0x00000000fec00000, 0x00000000fec00000, 0x00000000ff160000)
  from space 640K,   1% used [0x00000000ff160000, 0x00000000ff162850, 0x00000000ff200000)
  to   space 640K,   0% used [0x00000000ff200000, 0x00000000ff200000, 0x00000000ff2a0000)
 concurrent mark-sweep generation total 13696K, used 9405K [0x00000000ff2a0000, 0x0000000100000000, 0x0000000100000000)
 Metaspace       used 5077K, capacity 5258K, committed 5504K, reserved 1056768K
  class space    used 557K, capacity 597K, committed 640K, reserved 1048576K
}
2024-07-16T17:59:01.190+0800: 8.334: [GC (CMS Initial Mark) [1 CMS-initial-mark: 9405K(13696K)] 10439K(19840K), 0.0001469 secs] [Times: user=0.00 sys=0.00, real=0.00 secs] 
2024-07-16T17:59:01.190+0800: 8.334: [CMS-concurrent-mark-start]
2024-07-16T17:59:01.191+0800: 8.336: [CMS-concurrent-mark: 0.002/0.002 secs] [Times: user=0.00 sys=0.00, real=0.00 secs] 
2024-07-16T17:59:01.191+0800: 8.336: [CMS-concurrent-preclean-start]
2024-07-16T17:59:01.191+0800: 8.336: [CMS-concurrent-preclean: 0.000/0.000 secs] [Times: user=0.00 sys=0.00, real=0.00 secs] 
2024-07-16T17:59:01.191+0800: 8.336: [GC (CMS Final Remark) [YG occupancy: 1143 K (6144 K)]2024-07-16T17:59:01.191+0800: 8.336: [Rescan (parallel) , 0.0001142 secs]2024-07-16T17:59:01.192+0800: 8.336: [weak refs processing, 0.0000171 secs]2024-07-16T17:59:01.192+0800: 8.336: [class unloading, 0.0004371 secs]2024-07-16T17:59:01.192+0800: 8.337: [scrub symbol table, 0.0004563 secs]2024-07-16T17:59:01.193+0800: 8.337: [scrub string table, 0.0001188 secs][1 CMS-remark: 9405K(13696K)] 10549K(19840K), 0.0012118 secs] [Times: user=0.00 sys=0.00, real=0.00 secs] 
2024-07-16T17:59:01.193+0800: 8.337: [CMS-concurrent-sweep-start]
2024-07-16T17:59:01.193+0800: 8.338: [CMS-concurrent-sweep: 0.000/0.000 secs] [Times: user=0.00 sys=0.00, real=0.00 secs] 
2024-07-16T17:59:01.193+0800: 8.338: [CMS-concurrent-reset-start]
2024-07-16T17:59:01.193+0800: 8.338: [CMS-concurrent-reset: 0.000/0.000 secs] [Times: user=0.00 sys=0.00, real=0.00 secs] 
{Heap before GC invocations=1053 (full 116):
 par new generation   total 6144K, used 5239K [0x00000000fec00000, 0x00000000ff2a0000, 0x00000000ff2a0000)
  eden space 5504K,  95% used [0x00000000fec00000, 0x00000000ff11b798, 0x00000000ff160000)
  from space 640K,   1% used [0x00000000ff160000, 0x00000000ff162850, 0x00000000ff200000)
  to   space 640K,   0% used [0x00000000ff200000, 0x00000000ff200000, 0x00000000ff2a0000)
 concurrent mark-sweep generation total 13696K, used 1213K [0x00000000ff2a0000, 0x0000000100000000, 0x0000000100000000)
 Metaspace       used 5077K, capacity 5258K, committed 5504K, reserved 1056768K
  class space    used 557K, capacity 597K, committed 640K, reserved 1048576K
2024-07-16T17:59:01.198+0800: 8.342: [GC (Allocation Failure) 2024-07-16T17:59:01.198+0800: 8.342: [ParNew: 5239K->6K(6144K), 0.0003976 secs] 6453K->2245K(19840K), 0.0004744 secs] [Times: user=0.00 sys=0.00, real=0.00 secs] 
Heap after GC invocations=1054 (full 116):
 par new generation   total 6144K, used 6K [0x00000000fec00000, 0x00000000ff2a0000, 0x00000000ff2a0000)
  eden space 5504K,   0% used [0x00000000fec00000, 0x00000000fec00000, 0x00000000ff160000)
  from space 640K,   0% used [0x00000000ff200000, 0x00000000ff201830, 0x00000000ff2a0000)
  to   space 640K,   0% used [0x00000000ff160000, 0x00000000ff160000, 0x00000000ff200000)
 concurrent mark-sweep generation total 13696K, used 2239K [0x00000000ff2a0000, 0x0000000100000000, 0x0000000100000000)
 Metaspace       used 5077K, capacity 5258K, committed 5504K, reserved 1056768K
  class space    used 557K, capacity 597K, committed 640K, reserved 1048576K
}
{Heap before GC invocations=1054 (full 116):
 par new generation   total 6144K, used 5235K [0x00000000fec00000, 0x00000000ff2a0000, 0x00000000ff2a0000)
  eden space 5504K,  95% used [0x00000000fec00000, 0x00000000ff11b798, 0x00000000ff160000)
  from space 640K,   0% used [0x00000000ff200000, 0x00000000ff201830, 0x00000000ff2a0000)
  to   space 640K,   0% used [0x00000000ff160000, 0x00000000ff160000, 0x00000000ff200000)
 concurrent mark-sweep generation total 13696K, used 2239K [0x00000000ff2a0000, 0x0000000100000000, 0x0000000100000000)
 Metaspace       used 5077K, capacity 5258K, committed 5504K, reserved 1056768K
  class space    used 557K, capacity 597K, committed 640K, reserved 1048576K
2024-07-16T17:59:01.206+0800: 8.350: [GC (Allocation Failure) 2024-07-16T17:59:01.206+0800: 8.350: [ParNew: 5235K->6K(6144K), 0.0004933 secs] 7475K->3269K(19840K), 0.0006557 secs] [Times: user=0.00 sys=0.00, real=0.00 secs] 
Heap after GC invocations=1055 (full 116):
 par new generation   total 6144K, used 6K [0x00000000fec00000, 0x00000000ff2a0000, 0x00000000ff2a0000)
  eden space 5504K,   0% used [0x00000000fec00000, 0x00000000fec00000, 0x00000000ff160000)
  from space 640K,   0% used [0x00000000ff160000, 0x00000000ff161830, 0x00000000ff200000)
  to   space 640K,   0% used [0x00000000ff200000, 0x00000000ff200000, 0x00000000ff2a0000)
 concurrent mark-sweep generation total 13696K, used 3263K [0x00000000ff2a0000, 0x0000000100000000, 0x0000000100000000)
 Metaspace       used 5077K, capacity 5258K, committed 5504K, reserved 1056768K
  class space    used 557K, capacity 597K, committed 640K, reserved 1048576K
}
{Heap before GC invocations=1055 (full 116):
 par new generation   total 6144K, used 5235K [0x00000000fec00000, 0x00000000ff2a0000, 0x00000000ff2a0000)
  eden space 5504K,  95% used [0x00000000fec00000, 0x00000000ff11b798, 0x00000000ff160000)
  from space 640K,   0% used [0x00000000ff160000, 0x00000000ff161830, 0x00000000ff200000)
  to   space 640K,   0% used [0x00000000ff200000, 0x00000000ff200000, 0x00000000ff2a0000)
 concurrent mark-sweep generation total 13696K, used 3263K [0x00000000ff2a0000, 0x0000000100000000, 0x0000000100000000)
 Metaspace       used 5077K, capacity 5258K, committed 5504K, reserved 1056768K
  class space    used 557K, capacity 597K, committed 640K, reserved 1048576K
2024-07-16T17:59:01.213+0800: 8.357: [GC (Allocation Failure) 2024-07-16T17:59:01.213+0800: 8.357: [ParNew: 5235K->8K(6144K), 0.0004356 secs] 8499K->4297K(19840K), 0.0005017 secs] [Times: user=0.00 sys=0.00, real=0.00 secs] 
Heap after GC invocations=1056 (full 116):
 par new generation   total 6144K, used 8K [0x00000000fec00000, 0x00000000ff2a0000, 0x00000000ff2a0000)
  eden space 5504K,   0% used [0x00000000fec00000, 0x00000000fec00000, 0x00000000ff160000)
  from space 640K,   1% used [0x00000000ff200000, 0x00000000ff202040, 0x00000000ff2a0000)
  to   space 640K,   0% used [0x00000000ff160000, 0x00000000ff160000, 0x00000000ff200000)
 concurrent mark-sweep generation total 13696K, used 4289K [0x00000000ff2a0000, 0x0000000100000000, 0x0000000100000000)
 Metaspace       used 5077K, capacity 5258K, committed 5504K, reserved 1056768K
  class space    used 557K, capacity 597K, committed 640K, reserved 1048576K
}
{Heap before GC invocations=1056 (full 116):
 par new generation   total 6144K, used 5237K [0x00000000fec00000, 0x00000000ff2a0000, 0x00000000ff2a0000)
  eden space 5504K,  95% used [0x00000000fec00000, 0x00000000ff11b798, 0x00000000ff160000)
  from space 640K,   1% used [0x00000000ff200000, 0x00000000ff202040, 0x00000000ff2a0000)
  to   space 640K,   0% used [0x00000000ff160000, 0x00000000ff160000, 0x00000000ff200000)
 concurrent mark-sweep generation total 13696K, used 4289K [0x00000000ff2a0000, 0x0000000100000000, 0x0000000100000000)
 Metaspace       used 5077K, capacity 5258K, committed 5504K, reserved 1056768K
  class space    used 557K, capacity 597K, committed 640K, reserved 1048576K
2024-07-16T17:59:01.220+0800: 8.364: [GC (Allocation Failure) 2024-07-16T17:59:01.220+0800: 8.364: [ParNew: 5237K->6K(6144K), 0.0004887 secs] 9527K->5321K(19840K), 0.0005784 secs] [Times: user=0.00 sys=0.00, real=0.00 secs] 
Heap after GC invocations=1057 (full 116):
 par new generation   total 6144K, used 6K [0x00000000fec00000, 0x00000000ff2a0000, 0x00000000ff2a0000)
  eden space 5504K,   0% used [0x00000000fec00000, 0x00000000fec00000, 0x00000000ff160000)
  from space 640K,   0% used [0x00000000ff160000, 0x00000000ff161830, 0x00000000ff200000)
  to   space 640K,   0% used [0x00000000ff200000, 0x00000000ff200000, 0x00000000ff2a0000)
 concurrent mark-sweep generation total 13696K, used 5315K [0x00000000ff2a0000, 0x0000000100000000, 0x0000000100000000)
 Metaspace       used 5077K, capacity 5258K, committed 5504K, reserved 1056768K
  class space    used 557K, capacity 597K, committed 640K, reserved 1048576K
}
{Heap before GC invocations=1057 (full 116):
 par new generation   total 6144K, used 5235K [0x00000000fec00000, 0x00000000ff2a0000, 0x00000000ff2a0000)
  eden space 5504K,  95% used [0x00000000fec00000, 0x00000000ff11b798, 0x00000000ff160000)
  from space 640K,   0% used [0x00000000ff160000, 0x00000000ff161830, 0x00000000ff200000)
  to   space 640K,   0% used [0x00000000ff200000, 0x00000000ff200000, 0x00000000ff2a0000)
 concurrent mark-sweep generation total 13696K, used 5315K [0x00000000ff2a0000, 0x0000000100000000, 0x0000000100000000)
 Metaspace       used 5077K, capacity 5258K, committed 5504K, reserved 1056768K
  class space    used 557K, capacity 597K, committed 640K, reserved 1048576K
2024-07-16T17:59:01.227+0800: 8.371: [GC (Allocation Failure) 2024-07-16T17:59:01.227+0800: 8.371: [ParNew: 5235K->4K(6144K), 0.0003784 secs] 10551K->6343K(19840K), 0.0004218 secs] [Times: user=0.00 sys=0.00, real=0.00 secs] 
Heap after GC invocations=1058 (full 116):
 par new generation   total 6144K, used 4K [0x00000000fec00000, 0x00000000ff2a0000, 0x00000000ff2a0000)
  eden space 5504K,   0% used [0x00000000fec00000, 0x00000000fec00000, 0x00000000ff160000)
  from space 640K,   0% used [0x00000000ff200000, 0x00000000ff201020, 0x00000000ff2a0000)
  to   space 640K,   0% used [0x00000000ff160000, 0x00000000ff160000, 0x00000000ff200000)
 concurrent mark-sweep generation total 13696K, used 6339K [0x00000000ff2a0000, 0x0000000100000000, 0x0000000100000000)
 Metaspace       used 5077K, capacity 5258K, committed 5504K, reserved 1056768K
  class space    used 557K, capacity 597K, committed 640K, reserved 1048576K
}
{Heap before GC invocations=1058 (full 116):
 par new generation   total 6144K, used 5233K [0x00000000fec00000, 0x00000000ff2a0000, 0x00000000ff2a0000)
  eden space 5504K,  95% used [0x00000000fec00000, 0x00000000ff11b798, 0x00000000ff160000)
  from space 640K,   0% used [0x00000000ff200000, 0x00000000ff201020, 0x00000000ff2a0000)
  to   space 640K,   0% used [0x00000000ff160000, 0x00000000ff160000, 0x00000000ff200000)
 concurrent mark-sweep generation total 13696K, used 6339K [0x00000000ff2a0000, 0x0000000100000000, 0x0000000100000000)
 Metaspace       used 5077K, capacity 5258K, committed 5504K, reserved 1056768K
  class space    used 557K, capacity 597K, committed 640K, reserved 1048576K
2024-07-16T17:59:01.235+0800: 8.379: [GC (Allocation Failure) 2024-07-16T17:59:01.235+0800: 8.379: [ParNew: 5233K->6K(6144K), 0.0003485 secs] 11573K->7369K(19840K), 0.0003887 secs] [Times: user=0.00 sys=0.00, real=0.00 secs] 
Heap after GC invocations=1059 (full 116):
 par new generation   total 6144K, used 6K [0x00000000fec00000, 0x00000000ff2a0000, 0x00000000ff2a0000)
  eden space 5504K,   0% used [0x00000000fec00000, 0x00000000fec00000, 0x00000000ff160000)
  from space 640K,   0% used [0x00000000ff160000, 0x00000000ff161830, 0x00000000ff200000)
  to   space 640K,   0% used [0x00000000ff200000, 0x00000000ff200000, 0x00000000ff2a0000)
 concurrent mark-sweep generation total 13696K, used 7363K [0x00000000ff2a0000, 0x0000000100000000, 0x0000000100000000)
 Metaspace       used 5077K, capacity 5258K, committed 5504K, reserved 1056768K
  class space    used 557K, capacity 597K, committed 640K, reserved 1048576K
}
{Heap before GC invocations=1059 (full 116):
 par new generation   total 6144K, used 5235K [0x00000000fec00000, 0x00000000ff2a0000, 0x00000000ff2a0000)
  eden space 5504K,  95% used [0x00000000fec00000, 0x00000000ff11b798, 0x00000000ff160000)
  from space 640K,   0% used [0x00000000ff160000, 0x00000000ff161830, 0x00000000ff200000)
  to   space 640K,   0% used [0x00000000ff200000, 0x00000000ff200000, 0x00000000ff2a0000)
 concurrent mark-sweep generation total 13696K, used 7363K [0x00000000ff2a0000, 0x0000000100000000, 0x0000000100000000)
 Metaspace       used 5077K, capacity 5258K, committed 5504K, reserved 1056768K
  class space    used 557K, capacity 597K, committed 640K, reserved 1048576K
2024-07-16T17:59:01.243+0800: 8.387: [GC (Allocation Failure) 2024-07-16T17:59:01.243+0800: 8.387: [ParNew: 5235K->4K(6144K), 0.0002956 secs] 12599K->7367K(19840K), 0.0003783 secs] [Times: user=0.00 sys=0.00, real=0.00 secs] 
Heap after GC invocations=1060 (full 116):
 par new generation   total 6144K, used 4K [0x00000000fec00000, 0x00000000ff2a0000, 0x00000000ff2a0000)
  eden space 5504K,   0% used [0x00000000fec00000, 0x00000000fec00000, 0x00000000ff160000)
  from space 640K,   0% used [0x00000000ff200000, 0x00000000ff201020, 0x00000000ff2a0000)
  to   space 640K,   0% used [0x00000000ff160000, 0x00000000ff160000, 0x00000000ff200000)
 concurrent mark-sweep generation total 13696K, used 7363K [0x00000000ff2a0000, 0x0000000100000000, 0x0000000100000000)
 Metaspace       used 5077K, capacity 5258K, committed 5504K, reserved 1056768K
  class space    used 557K, capacity 597K, committed 640K, reserved 1048576K
}
{Heap before GC invocations=1060 (full 116):
 par new generation   total 6144K, used 5233K [0x00000000fec00000, 0x00000000ff2a0000, 0x00000000ff2a0000)
  eden space 5504K,  95% used [0x00000000fec00000, 0x00000000ff11b798, 0x00000000ff160000)
  from space 640K,   0% used [0x00000000ff200000, 0x00000000ff201020, 0x00000000ff2a0000)
  to   space 640K,   0% used [0x00000000ff160000, 0x00000000ff160000, 0x00000000ff200000)
 concurrent mark-sweep generation total 13696K, used 7363K [0x00000000ff2a0000, 0x0000000100000000, 0x0000000100000000)
 Metaspace       used 5077K, capacity 5258K, committed 5504K, reserved 1056768K
  class space    used 557K, capacity 597K, committed 640K, reserved 1048576K
2024-07-16T17:59:01.251+0800: 8.395: [GC (Allocation Failure) 2024-07-16T17:59:01.251+0800: 8.395: [ParNew: 5233K->4K(6144K), 0.0002338 secs] 12597K->7367K(19840K), 0.0002621 secs] [Times: user=0.00 sys=0.00, real=0.00 secs] 
Heap after GC invocations=1061 (full 116):
 par new generation   total 6144K, used 4K [0x00000000fec00000, 0x00000000ff2a0000, 0x00000000ff2a0000)
  eden space 5504K,   0% used [0x00000000fec00000, 0x00000000fec00000, 0x00000000ff160000)
  from space 640K,   0% used [0x00000000ff160000, 0x00000000ff161020, 0x00000000ff200000)
  to   space 640K,   0% used [0x00000000ff200000, 0x00000000ff200000, 0x00000000ff2a0000)
 concurrent mark-sweep generation total 13696K, used 7363K [0x00000000ff2a0000, 0x0000000100000000, 0x0000000100000000)
 Metaspace       used 5077K, capacity 5258K, committed 5504K, reserved 1056768K
  class space    used 557K, capacity 597K, committed 640K, reserved 1048576K
}
{Heap before GC invocations=1061 (full 116):
 par new generation   total 6144K, used 5233K [0x00000000fec00000, 0x00000000ff2a0000, 0x00000000ff2a0000)
  eden space 5504K,  95% used [0x00000000fec00000, 0x00000000ff11b798, 0x00000000ff160000)
  from space 640K,   0% used [0x00000000ff160000, 0x00000000ff161020, 0x00000000ff200000)
  to   space 640K,   0% used [0x00000000ff200000, 0x00000000ff200000, 0x00000000ff2a0000)
 concurrent mark-sweep generation total 13696K, used 7363K [0x00000000ff2a0000, 0x0000000100000000, 0x0000000100000000)
 Metaspace       used 5077K, capacity 5258K, committed 5504K, reserved 1056768K
  class space    used 557K, capacity 597K, committed 640K, reserved 1048576K
2024-07-16T17:59:01.258+0800: 8.402: [GC (Allocation Failure) 2024-07-16T17:59:01.258+0800: 8.402: [ParNew: 5233K->2K(6144K), 0.0003564 secs] 12597K->7365K(19840K), 0.0004454 secs] [Times: user=0.00 sys=0.00, real=0.00 secs] 
Heap after GC invocations=1062 (full 116):
 par new generation   total 6144K, used 2K [0x00000000fec00000, 0x00000000ff2a0000, 0x00000000ff2a0000)
  eden space 5504K,   0% used [0x00000000fec00000, 0x00000000fec00000, 0x00000000ff160000)
  from space 640K,   0% used [0x00000000ff200000, 0x00000000ff200810, 0x00000000ff2a0000)
  to   space 640K,   0% used [0x00000000ff160000, 0x00000000ff160000, 0x00000000ff200000)
 concurrent mark-sweep generation total 13696K, used 7363K [0x00000000ff2a0000, 0x0000000100000000, 0x0000000100000000)
 Metaspace       used 5077K, capacity 5258K, committed 5504K, reserved 1056768K
  class space    used 557K, capacity 597K, committed 640K, reserved 1048576K
}
{Heap before GC invocations=1062 (full 116):
 par new generation   total 6144K, used 5231K [0x00000000fec00000, 0x00000000ff2a0000, 0x00000000ff2a0000)
  eden space 5504K,  95% used [0x00000000fec00000, 0x00000000ff11b798, 0x00000000ff160000)
  from space 640K,   0% used [0x00000000ff200000, 0x00000000ff200810, 0x00000000ff2a0000)
  to   space 640K,   0% used [0x00000000ff160000, 0x00000000ff160000, 0x00000000ff200000)
 concurrent mark-sweep generation total 13696K, used 7363K [0x00000000ff2a0000, 0x0000000100000000, 0x0000000100000000)
 Metaspace       used 5077K, capacity 5258K, committed 5504K, reserved 1056768K
  class space    used 557K, capacity 597K, committed 640K, reserved 1048576K
2024-07-16T17:59:01.265+0800: 8.409: [GC (Allocation Failure) 2024-07-16T17:59:01.265+0800: 8.409: [ParNew: 5231K->6K(6144K), 0.0008451 secs] 12595K->8395K(19840K), 0.0008848 secs] [Times: user=0.00 sys=0.00, real=0.00 secs] 
Heap after GC invocations=1063 (full 116):
 par new generation   total 6144K, used 6K [0x00000000fec00000, 0x00000000ff2a0000, 0x00000000ff2a0000)
  eden space 5504K,   0% used [0x00000000fec00000, 0x00000000fec00000, 0x00000000ff160000)
  from space 640K,   0% used [0x00000000ff160000, 0x00000000ff161830, 0x00000000ff200000)
  to   space 640K,   0% used [0x00000000ff200000, 0x00000000ff200000, 0x00000000ff2a0000)
 concurrent mark-sweep generation total 13696K, used 8389K [0x00000000ff2a0000, 0x0000000100000000, 0x0000000100000000)
 Metaspace       used 5077K, capacity 5258K, committed 5504K, reserved 1056768K
  class space    used 557K, capacity 597K, committed 640K, reserved 1048576K
}
2024-07-16T17:59:01.266+0800: 8.410: [GC (CMS Initial Mark) [1 CMS-initial-mark: 8389K(13696K)] 9421K(19840K), 0.0002671 secs] [Times: user=0.00 sys=0.00, real=0.00 secs] 
2024-07-16T17:59:01.266+0800: 8.411: [CMS-concurrent-mark-start]
2024-07-16T17:59:01.271+0800: 8.416: [CMS-concurrent-mark: 0.005/0.005 secs] [Times: user=0.05 sys=0.00, real=0.00 secs] 
2024-07-16T17:59:01.272+0800: 8.416: [CMS-concurrent-preclean-start]
2024-07-16T17:59:01.272+0800: 8.416: [CMS-concurrent-preclean: 0.000/0.000 secs] [Times: user=0.00 sys=0.00, real=0.00 secs] 
2024-07-16T17:59:01.272+0800: 8.416: [CMS-concurrent-abortable-preclean-start]
{Heap before GC invocations=1063 (full 117):
 par new generation   total 6144K, used 5235K [0x00000000fec00000, 0x00000000ff2a0000, 0x00000000ff2a0000)
  eden space 5504K,  95% used [0x00000000fec00000, 0x00000000ff11b798, 0x00000000ff160000)
  from space 640K,   0% used [0x00000000ff160000, 0x00000000ff161830, 0x00000000ff200000)
  to   space 640K,   0% used [0x00000000ff200000, 0x00000000ff200000, 0x00000000ff2a0000)
 concurrent mark-sweep generation total 13696K, used 8389K [0x00000000ff2a0000, 0x0000000100000000, 0x0000000100000000)
 Metaspace       used 5077K, capacity 5258K, committed 5504K, reserved 1056768K
  class space    used 557K, capacity 597K, committed 640K, reserved 1048576K
2024-07-16T17:59:01.274+0800: 8.418: [GC (Allocation Failure) 2024-07-16T17:59:01.274+0800: 8.418: [ParNew: 5235K->4K(6144K), 0.0003417 secs] 13625K->8393K(19840K), 0.0005267 secs] [Times: user=0.00 sys=0.00, real=0.00 secs] 
Heap after GC invocations=1064 (full 117):
 par new generation   total 6144K, used 4K [0x00000000fec00000, 0x00000000ff2a0000, 0x00000000ff2a0000)
  eden space 5504K,   0% used [0x00000000fec00000, 0x00000000fec00000, 0x00000000ff160000)
  from space 640K,   0% used [0x00000000ff200000, 0x00000000ff201020, 0x00000000ff2a0000)
  to   space 640K,   0% used [0x00000000ff160000, 0x00000000ff160000, 0x00000000ff200000)
 concurrent mark-sweep generation total 13696K, used 8389K [0x00000000ff2a0000, 0x0000000100000000, 0x0000000100000000)
 Metaspace       used 5077K, capacity 5258K, committed 5504K, reserved 1056768K
  class space    used 557K, capacity 597K, committed 640K, reserved 1048576K
}
{Heap before GC invocations=1064 (full 117):
 par new generation   total 6144K, used 5233K [0x00000000fec00000, 0x00000000ff2a0000, 0x00000000ff2a0000)
  eden space 5504K,  95% used [0x00000000fec00000, 0x00000000ff11b798, 0x00000000ff160000)
  from space 640K,   0% used [0x00000000ff200000, 0x00000000ff201020, 0x00000000ff2a0000)
  to   space 640K,   0% used [0x00000000ff160000, 0x00000000ff160000, 0x00000000ff200000)
 concurrent mark-sweep generation total 13696K, used 8389K [0x00000000ff2a0000, 0x0000000100000000, 0x0000000100000000)
 Metaspace       used 5077K, capacity 5258K, committed 5504K, reserved 1056768K
  class space    used 557K, capacity 597K, committed 640K, reserved 1048576K
2024-07-16T17:59:01.281+0800: 8.425: [GC (Allocation Failure) 2024-07-16T17:59:01.281+0800: 8.425: [ParNew: 5233K->4K(6144K), 0.0006397 secs] 13623K->8393K(19840K), 0.0007320 secs] [Times: user=0.00 sys=0.00, real=0.00 secs] 
Heap after GC invocations=1065 (full 117):
 par new generation   total 6144K, used 4K [0x00000000fec00000, 0x00000000ff2a0000, 0x00000000ff2a0000)
  eden space 5504K,   0% used [0x00000000fec00000, 0x00000000fec00000, 0x00000000ff160000)
  from space 640K,   0% used [0x00000000ff160000, 0x00000000ff161020, 0x00000000ff200000)
  to   space 640K,   0% used [0x00000000ff200000, 0x00000000ff200000, 0x00000000ff2a0000)
 concurrent mark-sweep generation total 13696K, used 8389K [0x00000000ff2a0000, 0x0000000100000000, 0x0000000100000000)
 Metaspace       used 5077K, capacity 5258K, committed 5504K, reserved 1056768K
  class space    used 557K, capacity 597K, committed 640K, reserved 1048576K
}
{Heap before GC invocations=1065 (full 117):
 par new generation   total 6144K, used 5233K [0x00000000fec00000, 0x00000000ff2a0000, 0x00000000ff2a0000)
  eden space 5504K,  95% used [0x00000000fec00000, 0x00000000ff11b798, 0x00000000ff160000)
  from space 640K,   0% used [0x00000000ff160000, 0x00000000ff161020, 0x00000000ff200000)
  to   space 640K,   0% used [0x00000000ff200000, 0x00000000ff200000, 0x00000000ff2a0000)
 concurrent mark-sweep generation total 13696K, used 8389K [0x00000000ff2a0000, 0x0000000100000000, 0x0000000100000000)
 Metaspace       used 5077K, capacity 5258K, committed 5504K, reserved 1056768K
  class space    used 557K, capacity 597K, committed 640K, reserved 1048576K
2024-07-16T17:59:01.289+0800: 8.433: [GC (Allocation Failure) 2024-07-16T17:59:01.289+0800: 8.433: [ParNew: 5233K->8K(6144K), 0.0009284 secs] 13623K->9421K(19840K), 0.0009773 secs] [Times: user=0.00 sys=0.00, real=0.00 secs] 
Heap after GC invocations=1066 (full 117):
 par new generation   total 6144K, used 8K [0x00000000fec00000, 0x00000000ff2a0000, 0x00000000ff2a0000)
  eden space 5504K,   0% used [0x00000000fec00000, 0x00000000fec00000, 0x00000000ff160000)
  from space 640K,   1% used [0x00000000ff200000, 0x00000000ff202040, 0x00000000ff2a0000)
  to   space 640K,   0% used [0x00000000ff160000, 0x00000000ff160000, 0x00000000ff200000)
 concurrent mark-sweep generation total 13696K, used 9413K [0x00000000ff2a0000, 0x0000000100000000, 0x0000000100000000)
 Metaspace       used 5077K, capacity 5258K, committed 5504K, reserved 1056768K
  class space    used 557K, capacity 597K, committed 640K, reserved 1048576K
}
{Heap before GC invocations=1066 (full 117):
 par new generation   total 6144K, used 5237K [0x00000000fec00000, 0x00000000ff2a0000, 0x00000000ff2a0000)
  eden space 5504K,  95% used [0x00000000fec00000, 0x00000000ff11b798, 0x00000000ff160000)
  from space 640K,   1% used [0x00000000ff200000, 0x00000000ff202040, 0x00000000ff2a0000)
  to   space 640K,   0% used [0x00000000ff160000, 0x00000000ff160000, 0x00000000ff200000)
 concurrent mark-sweep generation total 13696K, used 9413K [0x00000000ff2a0000, 0x0000000100000000, 0x0000000100000000)
 Metaspace       used 5077K, capacity 5258K, committed 5504K, reserved 1056768K
  class space    used 557K, capacity 597K, committed 640K, reserved 1048576K
2024-07-16T17:59:01.296+0800: 8.440: [GC (Allocation Failure) 2024-07-16T17:59:01.296+0800: 8.440: [ParNew: 5237K->6K(6144K), 0.0008879 secs] 14651K->10443K(19840K), 0.0010245 secs] [Times: user=0.00 sys=0.00, real=0.00 secs] 
Heap after GC invocations=1067 (full 117):
 par new generation   total 6144K, used 6K [0x00000000fec00000, 0x00000000ff2a0000, 0x00000000ff2a0000)
  eden space 5504K,   0% used [0x00000000fec00000, 0x00000000fec00000, 0x00000000ff160000)
  from space 640K,   0% used [0x00000000ff160000, 0x00000000ff161830, 0x00000000ff200000)
  to   space 640K,   0% used [0x00000000ff200000, 0x00000000ff200000, 0x00000000ff2a0000)
 concurrent mark-sweep generation total 13696K, used 10437K [0x00000000ff2a0000, 0x0000000100000000, 0x0000000100000000)
 Metaspace       used 5077K, capacity 5258K, committed 5504K, reserved 1056768K
  class space    used 557K, capacity 597K, committed 640K, reserved 1048576K
}
{Heap before GC invocations=1067 (full 117):
 par new generation   total 6144K, used 5235K [0x00000000fec00000, 0x00000000ff2a0000, 0x00000000ff2a0000)
  eden space 5504K,  95% used [0x00000000fec00000, 0x00000000ff11b798, 0x00000000ff160000)
  from space 640K,   0% used [0x00000000ff160000, 0x00000000ff161830, 0x00000000ff200000)
  to   space 640K,   0% used [0x00000000ff200000, 0x00000000ff200000, 0x00000000ff2a0000)
 concurrent mark-sweep generation total 13696K, used 10437K [0x00000000ff2a0000, 0x0000000100000000, 0x0000000100000000)
 Metaspace       used 5077K, capacity 5258K, committed 5504K, reserved 1056768K
  class space    used 557K, capacity 597K, committed 640K, reserved 1048576K
2024-07-16T17:59:01.304+0800: 8.448: [GC (Allocation Failure) 2024-07-16T17:59:01.304+0800: 8.448: [ParNew: 5235K->6K(6144K), 0.0005300 secs] 15673K->11467K(19840K), 0.0006425 secs] [Times: user=0.00 sys=0.00, real=0.00 secs] 
Heap after GC invocations=1068 (full 117):
 par new generation   total 6144K, used 6K [0x00000000fec00000, 0x00000000ff2a0000, 0x00000000ff2a0000)
  eden space 5504K,   0% used [0x00000000fec00000, 0x00000000fec00000, 0x00000000ff160000)
  from space 640K,   0% used [0x00000000ff200000, 0x00000000ff201830, 0x00000000ff2a0000)
  to   space 640K,   0% used [0x00000000ff160000, 0x00000000ff160000, 0x00000000ff200000)
 concurrent mark-sweep generation total 13696K, used 11461K [0x00000000ff2a0000, 0x0000000100000000, 0x0000000100000000)
 Metaspace       used 5077K, capacity 5258K, committed 5504K, reserved 1056768K
  class space    used 557K, capacity 597K, committed 640K, reserved 1048576K
}
{Heap before GC invocations=1068 (full 117):
 par new generation   total 6144K, used 5235K [0x00000000fec00000, 0x00000000ff2a0000, 0x00000000ff2a0000)
  eden space 5504K,  95% used [0x00000000fec00000, 0x00000000ff11b798, 0x00000000ff160000)
  from space 640K,   0% used [0x00000000ff200000, 0x00000000ff201830, 0x00000000ff2a0000)
  to   space 640K,   0% used [0x00000000ff160000, 0x00000000ff160000, 0x00000000ff200000)
 concurrent mark-sweep generation total 13696K, used 11461K [0x00000000ff2a0000, 0x0000000100000000, 0x0000000100000000)
 Metaspace       used 5077K, capacity 5258K, committed 5504K, reserved 1056768K
  class space    used 557K, capacity 597K, committed 640K, reserved 1048576K
2024-07-16T17:59:01.313+0800: 8.457: [GC (Allocation Failure) 2024-07-16T17:59:01.313+0800: 8.457: [ParNew: 5235K->4K(6144K), 0.0006208 secs] 16697K->11465K(19840K), 0.0006769 secs] [Times: user=0.00 sys=0.00, real=0.00 secs] 
Heap after GC invocations=1069 (full 117):
 par new generation   total 6144K, used 4K [0x00000000fec00000, 0x00000000ff2a0000, 0x00000000ff2a0000)
  eden space 5504K,   0% used [0x00000000fec00000, 0x00000000fec00000, 0x00000000ff160000)
  from space 640K,   0% used [0x00000000ff160000, 0x00000000ff161020, 0x00000000ff200000)
  to   space 640K,   0% used [0x00000000ff200000, 0x00000000ff200000, 0x00000000ff2a0000)
 concurrent mark-sweep generation total 13696K, used 11461K [0x00000000ff2a0000, 0x0000000100000000, 0x0000000100000000)
 Metaspace       used 5077K, capacity 5258K, committed 5504K, reserved 1056768K
  class space    used 557K, capacity 597K, committed 640K, reserved 1048576K
}
{Heap before GC invocations=1069 (full 117):
 par new generation   total 6144K, used 5233K [0x00000000fec00000, 0x00000000ff2a0000, 0x00000000ff2a0000)
  eden space 5504K,  95% used [0x00000000fec00000, 0x00000000ff11b798, 0x00000000ff160000)
  from space 640K,   0% used [0x00000000ff160000, 0x00000000ff161020, 0x00000000ff200000)
  to   space 640K,   0% used [0x00000000ff200000, 0x00000000ff200000, 0x00000000ff2a0000)
 concurrent mark-sweep generation total 13696K, used 11461K [0x00000000ff2a0000, 0x0000000100000000, 0x0000000100000000)
 Metaspace       used 5077K, capacity 5258K, committed 5504K, reserved 1056768K
  class space    used 557K, capacity 597K, committed 640K, reserved 1048576K
2024-07-16T17:59:01.321+0800: 8.465: [GC (Allocation Failure) 2024-07-16T17:59:01.321+0800: 8.465: [ParNew: 5233K->6K(6144K), 0.0011327 secs] 16695K->12491K(19840K), 0.0012026 secs] [Times: user=0.00 sys=0.00, real=0.00 secs] 
Heap after GC invocations=1070 (full 117):
 par new generation   total 6144K, used 6K [0x00000000fec00000, 0x00000000ff2a0000, 0x00000000ff2a0000)
  eden space 5504K,   0% used [0x00000000fec00000, 0x00000000fec00000, 0x00000000ff160000)
  from space 640K,   0% used [0x00000000ff200000, 0x00000000ff201830, 0x00000000ff2a0000)
  to   space 640K,   0% used [0x00000000ff160000, 0x00000000ff160000, 0x00000000ff200000)
 concurrent mark-sweep generation total 13696K, used 12485K [0x00000000ff2a0000, 0x0000000100000000, 0x0000000100000000)
 Metaspace       used 5077K, capacity 5258K, committed 5504K, reserved 1056768K
  class space    used 557K, capacity 597K, committed 640K, reserved 1048576K
}
{Heap before GC invocations=1070 (full 117):
 par new generation   total 6144K, used 5235K [0x00000000fec00000, 0x00000000ff2a0000, 0x00000000ff2a0000)
  eden space 5504K,  95% used [0x00000000fec00000, 0x00000000ff11b798, 0x00000000ff160000)
  from space 640K,   0% used [0x00000000ff200000, 0x00000000ff201830, 0x00000000ff2a0000)
  to   space 640K,   0% used [0x00000000ff160000, 0x00000000ff160000, 0x00000000ff200000)
 concurrent mark-sweep generation total 13696K, used 12485K [0x00000000ff2a0000, 0x0000000100000000, 0x0000000100000000)
 Metaspace       used 5077K, capacity 5258K, committed 5504K, reserved 1056768K
  class space    used 557K, capacity 597K, committed 640K, reserved 1048576K
2024-07-16T17:59:01.328+0800: 8.472: [GC (Allocation Failure) 2024-07-16T17:59:01.328+0800: 8.472: [ParNew: 5235K->5235K(6144K), 0.0000208 secs]2024-07-16T17:59:01.328+0800: 8.472: [CMS2024-07-16T17:59:01.328+0800: 8.472: [CMS-concurrent-abortable-preclean: 0.001/0.056 secs] [Times: user=0.00 sys=0.00, real=0.06 secs] 
 (concurrent mode failure): 12485K->2229K(13696K), 0.0046047 secs] 17721K->2229K(19840K), [Metaspace: 5077K->5077K(1056768K)], 0.0046864 secs] [Times: user=0.02 sys=0.00, real=0.00 secs] 
Heap after GC invocations=1071 (full 118):
 par new generation   total 6144K, used 0K [0x00000000fec00000, 0x00000000ff2a0000, 0x00000000ff2a0000)
  eden space 5504K,   0% used [0x00000000fec00000, 0x00000000fec00000, 0x00000000ff160000)
  from space 640K,   0% used [0x00000000ff200000, 0x00000000ff200000, 0x00000000ff2a0000)
  to   space 640K,   0% used [0x00000000ff160000, 0x00000000ff160000, 0x00000000ff200000)
 concurrent mark-sweep generation total 13696K, used 2229K [0x00000000ff2a0000, 0x0000000100000000, 0x0000000100000000)
 Metaspace       used 5077K, capacity 5258K, committed 5504K, reserved 1056768K
  class space    used 557K, capacity 597K, committed 640K, reserved 1048576K
}
{Heap before GC invocations=1071 (full 118):
 par new generation   total 6144K, used 5229K [0x00000000fec00000, 0x00000000ff2a0000, 0x00000000ff2a0000)
  eden space 5504K,  95% used [0x00000000fec00000, 0x00000000ff11b798, 0x00000000ff160000)
  from space 640K,   0% used [0x00000000ff200000, 0x00000000ff200000, 0x00000000ff2a0000)
  to   space 640K,   0% used [0x00000000ff160000, 0x00000000ff160000, 0x00000000ff200000)
 concurrent mark-sweep generation total 13696K, used 2229K [0x00000000ff2a0000, 0x0000000100000000, 0x0000000100000000)
 Metaspace       used 5077K, capacity 5258K, committed 5504K, reserved 1056768K
  class space    used 557K, capacity 597K, committed 640K, reserved 1048576K
2024-07-16T17:59:01.340+0800: 8.484: [GC (Allocation Failure) 2024-07-16T17:59:01.340+0800: 8.484: [ParNew: 5229K->8K(6144K), 0.0008618 secs] 7458K->3263K(19840K), 0.0010576 secs] [Times: user=0.00 sys=0.00, real=0.00 secs] 
Heap after GC invocations=1072 (full 118):
 par new generation   total 6144K, used 8K [0x00000000fec00000, 0x00000000ff2a0000, 0x00000000ff2a0000)
  eden space 5504K,   0% used [0x00000000fec00000, 0x00000000fec00000, 0x00000000ff160000)
  from space 640K,   1% used [0x00000000ff160000, 0x00000000ff162040, 0x00000000ff200000)
  to   space 640K,   0% used [0x00000000ff200000, 0x00000000ff200000, 0x00000000ff2a0000)
 concurrent mark-sweep generation total 13696K, used 3255K [0x00000000ff2a0000, 0x0000000100000000, 0x0000000100000000)
 Metaspace       used 5077K, capacity 5258K, committed 5504K, reserved 1056768K
  class space    used 557K, capacity 597K, committed 640K, reserved 1048576K
}
{Heap before GC invocations=1072 (full 118):
 par new generation   total 6144K, used 5237K [0x00000000fec00000, 0x00000000ff2a0000, 0x00000000ff2a0000)
  eden space 5504K,  95% used [0x00000000fec00000, 0x00000000ff11b798, 0x00000000ff160000)
  from space 640K,   1% used [0x00000000ff160000, 0x00000000ff162040, 0x00000000ff200000)
  to   space 640K,   0% used [0x00000000ff200000, 0x00000000ff200000, 0x00000000ff2a0000)
 concurrent mark-sweep generation total 13696K, used 3255K [0x00000000ff2a0000, 0x0000000100000000, 0x0000000100000000)
 Metaspace       used 5077K, capacity 5258K, committed 5504K, reserved 1056768K
  class space    used 557K, capacity 597K, committed 640K, reserved 1048576K
2024-07-16T17:59:01.349+0800: 8.493: [GC (Allocation Failure) 2024-07-16T17:59:01.349+0800: 8.493: [ParNew: 5237K->4K(6144K), 0.0005816 secs] 8493K->3259K(19840K), 0.0006309 secs] [Times: user=0.00 sys=0.00, real=0.00 secs] 
Heap after GC invocations=1073 (full 118):
 par new generation   total 6144K, used 4K [0x00000000fec00000, 0x00000000ff2a0000, 0x00000000ff2a0000)
  eden space 5504K,   0% used [0x00000000fec00000, 0x00000000fec00000, 0x00000000ff160000)
  from space 640K,   0% used [0x00000000ff200000, 0x00000000ff201020, 0x00000000ff2a0000)
  to   space 640K,   0% used [0x00000000ff160000, 0x00000000ff160000, 0x00000000ff200000)
 concurrent mark-sweep generation total 13696K, used 3255K [0x00000000ff2a0000, 0x0000000100000000, 0x0000000100000000)
 Metaspace       used 5077K, capacity 5258K, committed 5504K, reserved 1056768K
  class space    used 557K, capacity 597K, committed 640K, reserved 1048576K
}
{Heap before GC invocations=1073 (full 118):
 par new generation   total 6144K, used 5233K [0x00000000fec00000, 0x00000000ff2a0000, 0x00000000ff2a0000)
  eden space 5504K,  95% used [0x00000000fec00000, 0x00000000ff11b798, 0x00000000ff160000)
  from space 640K,   0% used [0x00000000ff200000, 0x00000000ff201020, 0x00000000ff2a0000)
  to   space 640K,   0% used [0x00000000ff160000, 0x00000000ff160000, 0x00000000ff200000)
 concurrent mark-sweep generation total 13696K, used 3255K [0x00000000ff2a0000, 0x0000000100000000, 0x0000000100000000)
 Metaspace       used 5077K, capacity 5258K, committed 5504K, reserved 1056768K
  class space    used 557K, capacity 597K, committed 640K, reserved 1048576K
2024-07-16T17:59:01.357+0800: 8.501: [GC (Allocation Failure) 2024-07-16T17:59:01.357+0800: 8.501: [ParNew: 5233K->6K(6144K), 0.0013306 secs] 8489K->4287K(19840K), 0.0014505 secs] [Times: user=0.00 sys=0.00, real=0.00 secs] 
Heap after GC invocations=1074 (full 118):
 par new generation   total 6144K, used 6K [0x00000000fec00000, 0x00000000ff2a0000, 0x00000000ff2a0000)
  eden space 5504K,   0% used [0x00000000fec00000, 0x00000000fec00000, 0x00000000ff160000)
  from space 640K,   0% used [0x00000000ff160000, 0x00000000ff161830, 0x00000000ff200000)
  to   space 640K,   0% used [0x00000000ff200000, 0x00000000ff200000, 0x00000000ff2a0000)
 concurrent mark-sweep generation total 13696K, used 4281K [0x00000000ff2a0000, 0x0000000100000000, 0x0000000100000000)
 Metaspace       used 5077K, capacity 5258K, committed 5504K, reserved 1056768K
  class space    used 557K, capacity 597K, committed 640K, reserved 1048576K
}
{Heap before GC invocations=1074 (full 118):
 par new generation   total 6144K, used 5235K [0x00000000fec00000, 0x00000000ff2a0000, 0x00000000ff2a0000)
  eden space 5504K,  95% used [0x00000000fec00000, 0x00000000ff11b798, 0x00000000ff160000)
  from space 640K,   0% used [0x00000000ff160000, 0x00000000ff161830, 0x00000000ff200000)
  to   space 640K,   0% used [0x00000000ff200000, 0x00000000ff200000, 0x00000000ff2a0000)
 concurrent mark-sweep generation total 13696K, used 4281K [0x00000000ff2a0000, 0x0000000100000000, 0x0000000100000000)
 Metaspace       used 5077K, capacity 5258K, committed 5504K, reserved 1056768K
  class space    used 557K, capacity 597K, committed 640K, reserved 1048576K
2024-07-16T17:59:01.367+0800: 8.511: [GC (Allocation Failure) 2024-07-16T17:59:01.367+0800: 8.511: [ParNew: 5235K->4K(6144K), 0.0004993 secs] 9517K->4285K(19840K), 0.0005605 secs] [Times: user=0.00 sys=0.00, real=0.00 secs] 
Heap after GC invocations=1075 (full 118):
 par new generation   total 6144K, used 4K [0x00000000fec00000, 0x00000000ff2a0000, 0x00000000ff2a0000)
  eden space 5504K,   0% used [0x00000000fec00000, 0x00000000fec00000, 0x00000000ff160000)
  from space 640K,   0% used [0x00000000ff200000, 0x00000000ff201020, 0x00000000ff2a0000)
  to   space 640K,   0% used [0x00000000ff160000, 0x00000000ff160000, 0x00000000ff200000)
 concurrent mark-sweep generation total 13696K, used 4281K [0x00000000ff2a0000, 0x0000000100000000, 0x0000000100000000)
 Metaspace       used 5077K, capacity 5258K, committed 5504K, reserved 1056768K
  class space    used 557K, capacity 597K, committed 640K, reserved 1048576K
}
{Heap before GC invocations=1075 (full 118):
 par new generation   total 6144K, used 5233K [0x00000000fec00000, 0x00000000ff2a0000, 0x00000000ff2a0000)
  eden space 5504K,  95% used [0x00000000fec00000, 0x00000000ff11b798, 0x00000000ff160000)
  from space 640K,   0% used [0x00000000ff200000, 0x00000000ff201020, 0x00000000ff2a0000)
  to   space 640K,   0% used [0x00000000ff160000, 0x00000000ff160000, 0x00000000ff200000)
 concurrent mark-sweep generation total 13696K, used 4281K [0x00000000ff2a0000, 0x0000000100000000, 0x0000000100000000)
 Metaspace       used 5077K, capacity 5258K, committed 5504K, reserved 1056768K
  class space    used 557K, capacity 597K, committed 640K, reserved 1048576K
2024-07-16T17:59:01.375+0800: 8.519: [GC (Allocation Failure) 2024-07-16T17:59:01.375+0800: 8.519: [ParNew: 5233K->4K(6144K), 0.0005255 secs] 9515K->4285K(19840K), 0.0005710 secs] [Times: user=0.00 sys=0.00, real=0.00 secs] 
Heap after GC invocations=1076 (full 118):
 par new generation   total 6144K, used 4K [0x00000000fec00000, 0x00000000ff2a0000, 0x00000000ff2a0000)
  eden space 5504K,   0% used [0x00000000fec00000, 0x00000000fec00000, 0x00000000ff160000)
  from space 640K,   0% used [0x00000000ff160000, 0x00000000ff161020, 0x00000000ff200000)
  to   space 640K,   0% used [0x00000000ff200000, 0x00000000ff200000, 0x00000000ff2a0000)
 concurrent mark-sweep generation total 13696K, used 4281K [0x00000000ff2a0000, 0x0000000100000000, 0x0000000100000000)
 Metaspace       used 5077K, capacity 5258K, committed 5504K, reserved 1056768K
  class space    used 557K, capacity 597K, committed 640K, reserved 1048576K
}
{Heap before GC invocations=1076 (full 118):
 par new generation   total 6144K, used 5233K [0x00000000fec00000, 0x00000000ff2a0000, 0x00000000ff2a0000)
  eden space 5504K,  95% used [0x00000000fec00000, 0x00000000ff11b798, 0x00000000ff160000)
  from space 640K,   0% used [0x00000000ff160000, 0x00000000ff161020, 0x00000000ff200000)
  to   space 640K,   0% used [0x00000000ff200000, 0x00000000ff200000, 0x00000000ff2a0000)
 concurrent mark-sweep generation total 13696K, used 4281K [0x00000000ff2a0000, 0x0000000100000000, 0x0000000100000000)
 Metaspace       used 5077K, capacity 5258K, committed 5504K, reserved 1056768K
  class space    used 557K, capacity 597K, committed 640K, reserved 1048576K
2024-07-16T17:59:01.382+0800: 8.526: [GC (Allocation Failure) 2024-07-16T17:59:01.382+0800: 8.526: [ParNew: 5233K->8K(6144K), 0.0005154 secs] 9515K->5313K(19840K), 0.0006091 secs] [Times: user=0.00 sys=0.00, real=0.00 secs] 
Heap after GC invocations=1077 (full 118):
 par new generation   total 6144K, used 8K [0x00000000fec00000, 0x00000000ff2a0000, 0x00000000ff2a0000)
  eden space 5504K,   0% used [0x00000000fec00000, 0x00000000fec00000, 0x00000000ff160000)
  from space 640K,   1% used [0x00000000ff200000, 0x00000000ff202040, 0x00000000ff2a0000)
  to   space 640K,   0% used [0x00000000ff160000, 0x00000000ff160000, 0x00000000ff200000)
 concurrent mark-sweep generation total 13696K, used 5305K [0x00000000ff2a0000, 0x0000000100000000, 0x0000000100000000)
 Metaspace       used 5077K, capacity 5258K, committed 5504K, reserved 1056768K
  class space    used 557K, capacity 597K, committed 640K, reserved 1048576K
}
{Heap before GC invocations=1077 (full 118):
 par new generation   total 6144K, used 5237K [0x00000000fec00000, 0x00000000ff2a0000, 0x00000000ff2a0000)
  eden space 5504K,  95% used [0x00000000fec00000, 0x00000000ff11b798, 0x00000000ff160000)
  from space 640K,   1% used [0x00000000ff200000, 0x00000000ff202040, 0x00000000ff2a0000)
  to   space 640K,   0% used [0x00000000ff160000, 0x00000000ff160000, 0x00000000ff200000)
 concurrent mark-sweep generation total 13696K, used 5305K [0x00000000ff2a0000, 0x0000000100000000, 0x0000000100000000)
 Metaspace       used 5077K, capacity 5258K, committed 5504K, reserved 1056768K
  class space    used 557K, capacity 597K, committed 640K, reserved 1048576K
2024-07-16T17:59:01.388+0800: 8.532: [GC (Allocation Failure) 2024-07-16T17:59:01.388+0800: 8.532: [ParNew: 5237K->4K(6144K), 0.0004407 secs] 10543K->6333K(19840K), 0.0004768 secs] [Times: user=0.00 sys=0.00, real=0.00 secs] 
Heap after GC invocations=1078 (full 118):
 par new generation   total 6144K, used 4K [0x00000000fec00000, 0x00000000ff2a0000, 0x00000000ff2a0000)
  eden space 5504K,   0% used [0x00000000fec00000, 0x00000000fec00000, 0x00000000ff160000)
  from space 640K,   0% used [0x00000000ff160000, 0x00000000ff161020, 0x00000000ff200000)
  to   space 640K,   0% used [0x00000000ff200000, 0x00000000ff200000, 0x00000000ff2a0000)
 concurrent mark-sweep generation total 13696K, used 6329K [0x00000000ff2a0000, 0x0000000100000000, 0x0000000100000000)
 Metaspace       used 5077K, capacity 5258K, committed 5504K, reserved 1056768K
  class space    used 557K, capacity 597K, committed 640K, reserved 1048576K
}
{Heap before GC invocations=1078 (full 118):
 par new generation   total 6144K, used 5233K [0x00000000fec00000, 0x00000000ff2a0000, 0x00000000ff2a0000)
  eden space 5504K,  95% used [0x00000000fec00000, 0x00000000ff11b798, 0x00000000ff160000)
  from space 640K,   0% used [0x00000000ff160000, 0x00000000ff161020, 0x00000000ff200000)
  to   space 640K,   0% used [0x00000000ff200000, 0x00000000ff200000, 0x00000000ff2a0000)
 concurrent mark-sweep generation total 13696K, used 6329K [0x00000000ff2a0000, 0x0000000100000000, 0x0000000100000000)
 Metaspace       used 5077K, capacity 5258K, committed 5504K, reserved 1056768K
  class space    used 557K, capacity 597K, committed 640K, reserved 1048576K
2024-07-16T17:59:01.396+0800: 8.540: [GC (Allocation Failure) 2024-07-16T17:59:01.396+0800: 8.540: [ParNew: 5233K->4K(6144K), 0.0004241 secs] 11563K->6333K(19840K), 0.0004857 secs] [Times: user=0.00 sys=0.00, real=0.00 secs] 
Heap after GC invocations=1079 (full 118):
 par new generation   total 6144K, used 4K [0x00000000fec00000, 0x00000000ff2a0000, 0x00000000ff2a0000)
  eden space 5504K,   0% used [0x00000000fec00000, 0x00000000fec00000, 0x00000000ff160000)
  from space 640K,   0% used [0x00000000ff200000, 0x00000000ff201020, 0x00000000ff2a0000)
  to   space 640K,   0% used [0x00000000ff160000, 0x00000000ff160000, 0x00000000ff200000)
 concurrent mark-sweep generation total 13696K, used 6329K [0x00000000ff2a0000, 0x0000000100000000, 0x0000000100000000)
 Metaspace       used 5077K, capacity 5258K, committed 5504K, reserved 1056768K
  class space    used 557K, capacity 597K, committed 640K, reserved 1048576K
}
{Heap before GC invocations=1079 (full 118):
 par new generation   total 6144K, used 5233K [0x00000000fec00000, 0x00000000ff2a0000, 0x00000000ff2a0000)
  eden space 5504K,  95% used [0x00000000fec00000, 0x00000000ff11b798, 0x00000000ff160000)
  from space 640K,   0% used [0x00000000ff200000, 0x00000000ff201020, 0x00000000ff2a0000)
  to   space 640K,   0% used [0x00000000ff160000, 0x00000000ff160000, 0x00000000ff200000)
 concurrent mark-sweep generation total 13696K, used 6329K [0x00000000ff2a0000, 0x0000000100000000, 0x0000000100000000)
 Metaspace       used 5077K, capacity 5258K, committed 5504K, reserved 1056768K
  class space    used 557K, capacity 597K, committed 640K, reserved 1048576K
2024-07-16T17:59:01.403+0800: 8.547: [GC (Allocation Failure) 2024-07-16T17:59:01.403+0800: 8.547: [ParNew: 5233K->4K(6144K), 0.0006364 secs] 11563K->6333K(19840K), 0.0006951 secs] [Times: user=0.00 sys=0.00, real=0.00 secs] 
Heap after GC invocations=1080 (full 118):
 par new generation   total 6144K, used 4K [0x00000000fec00000, 0x00000000ff2a0000, 0x00000000ff2a0000)
  eden space 5504K,   0% used [0x00000000fec00000, 0x00000000fec00000, 0x00000000ff160000)
  from space 640K,   0% used [0x00000000ff160000, 0x00000000ff161020, 0x00000000ff200000)
  to   space 640K,   0% used [0x00000000ff200000, 0x00000000ff200000, 0x00000000ff2a0000)
 concurrent mark-sweep generation total 13696K, used 6329K [0x00000000ff2a0000, 0x0000000100000000, 0x0000000100000000)
 Metaspace       used 5077K, capacity 5258K, committed 5504K, reserved 1056768K
  class space    used 557K, capacity 597K, committed 640K, reserved 1048576K
}
{Heap before GC invocations=1080 (full 118):
 par new generation   total 6144K, used 5233K [0x00000000fec00000, 0x00000000ff2a0000, 0x00000000ff2a0000)
  eden space 5504K,  95% used [0x00000000fec00000, 0x00000000ff11b798, 0x00000000ff160000)
  from space 640K,   0% used [0x00000000ff160000, 0x00000000ff161020, 0x00000000ff200000)
  to   space 640K,   0% used [0x00000000ff200000, 0x00000000ff200000, 0x00000000ff2a0000)
 concurrent mark-sweep generation total 13696K, used 6329K [0x00000000ff2a0000, 0x0000000100000000, 0x0000000100000000)
 Metaspace       used 5077K, capacity 5258K, committed 5504K, reserved 1056768K
  class space    used 557K, capacity 597K, committed 640K, reserved 1048576K
2024-07-16T17:59:01.412+0800: 8.556: [GC (Allocation Failure) 2024-07-16T17:59:01.412+0800: 8.556: [ParNew: 5233K->4K(6144K), 0.0003219 secs] 11563K->6333K(19840K), 0.0003511 secs] [Times: user=0.00 sys=0.00, real=0.00 secs] 
Heap after GC invocations=1081 (full 118):
 par new generation   total 6144K, used 4K [0x00000000fec00000, 0x00000000ff2a0000, 0x00000000ff2a0000)
  eden space 5504K,   0% used [0x00000000fec00000, 0x00000000fec00000, 0x00000000ff160000)
  from space 640K,   0% used [0x00000000ff200000, 0x00000000ff201020, 0x00000000ff2a0000)
  to   space 640K,   0% used [0x00000000ff160000, 0x00000000ff160000, 0x00000000ff200000)
 concurrent mark-sweep generation total 13696K, used 6329K [0x00000000ff2a0000, 0x0000000100000000, 0x0000000100000000)
 Metaspace       used 5077K, capacity 5258K, committed 5504K, reserved 1056768K
  class space    used 557K, capacity 597K, committed 640K, reserved 1048576K
}
{Heap before GC invocations=1081 (full 118):
 par new generation   total 6144K, used 5233K [0x00000000fec00000, 0x00000000ff2a0000, 0x00000000ff2a0000)
  eden space 5504K,  95% used [0x00000000fec00000, 0x00000000ff11b798, 0x00000000ff160000)
  from space 640K,   0% used [0x00000000ff200000, 0x00000000ff201020, 0x00000000ff2a0000)
  to   space 640K,   0% used [0x00000000ff160000, 0x00000000ff160000, 0x00000000ff200000)
 concurrent mark-sweep generation total 13696K, used 6329K [0x00000000ff2a0000, 0x0000000100000000, 0x0000000100000000)
 Metaspace       used 5077K, capacity 5258K, committed 5504K, reserved 1056768K
  class space    used 557K, capacity 597K, committed 640K, reserved 1048576K
2024-07-16T17:59:01.421+0800: 8.565: [GC (Allocation Failure) 2024-07-16T17:59:01.421+0800: 8.565: [ParNew: 5233K->8K(6144K), 0.0003614 secs] 11563K->7363K(19840K), 0.0003980 secs] [Times: user=0.00 sys=0.00, real=0.00 secs] 
Heap after GC invocations=1082 (full 118):
 par new generation   total 6144K, used 8K [0x00000000fec00000, 0x00000000ff2a0000, 0x00000000ff2a0000)
  eden space 5504K,   0% used [0x00000000fec00000, 0x00000000fec00000, 0x00000000ff160000)
  from space 640K,   1% used [0x00000000ff160000, 0x00000000ff162040, 0x00000000ff200000)
  to   space 640K,   0% used [0x00000000ff200000, 0x00000000ff200000, 0x00000000ff2a0000)
 concurrent mark-sweep generation total 13696K, used 7355K [0x00000000ff2a0000, 0x0000000100000000, 0x0000000100000000)
 Metaspace       used 5077K, capacity 5258K, committed 5504K, reserved 1056768K
  class space    used 557K, capacity 597K, committed 640K, reserved 1048576K
}
{Heap before GC invocations=1082 (full 118):
 par new generation   total 6144K, used 5237K [0x00000000fec00000, 0x00000000ff2a0000, 0x00000000ff2a0000)
  eden space 5504K,  95% used [0x00000000fec00000, 0x00000000ff11b798, 0x00000000ff160000)
  from space 640K,   1% used [0x00000000ff160000, 0x00000000ff162040, 0x00000000ff200000)
  to   space 640K,   0% used [0x00000000ff200000, 0x00000000ff200000, 0x00000000ff2a0000)
 concurrent mark-sweep generation total 13696K, used 7355K [0x00000000ff2a0000, 0x0000000100000000, 0x0000000100000000)
 Metaspace       used 5077K, capacity 5258K, committed 5504K, reserved 1056768K
  class space    used 557K, capacity 597K, committed 640K, reserved 1048576K
2024-07-16T17:59:01.427+0800: 8.571: [GC (Allocation Failure) 2024-07-16T17:59:01.427+0800: 8.571: [ParNew: 5237K->6K(6144K), 0.0003189 secs] 12593K->8387K(19840K), 0.0003403 secs] [Times: user=0.00 sys=0.00, real=0.00 secs] 
Heap after GC invocations=1083 (full 118):
 par new generation   total 6144K, used 6K [0x00000000fec00000, 0x00000000ff2a0000, 0x00000000ff2a0000)
  eden space 5504K,   0% used [0x00000000fec00000, 0x00000000fec00000, 0x00000000ff160000)
  from space 640K,   0% used [0x00000000ff200000, 0x00000000ff201830, 0x00000000ff2a0000)
  to   space 640K,   0% used [0x00000000ff160000, 0x00000000ff160000, 0x00000000ff200000)
 concurrent mark-sweep generation total 13696K, used 8381K [0x00000000ff2a0000, 0x0000000100000000, 0x0000000100000000)
 Metaspace       used 5077K, capacity 5258K, committed 5504K, reserved 1056768K
  class space    used 557K, capacity 597K, committed 640K, reserved 1048576K
}
2024-07-16T17:59:01.427+0800: 8.572: [GC (CMS Initial Mark) [1 CMS-initial-mark: 8381K(13696K)] 9411K(19840K), 0.0001876 secs] [Times: user=0.00 sys=0.00, real=0.00 secs] 
2024-07-16T17:59:01.427+0800: 8.572: [CMS-concurrent-mark-start]
2024-07-16T17:59:01.428+0800: 8.573: [CMS-concurrent-mark: 0.001/0.001 secs] [Times: user=0.00 sys=0.00, real=0.00 secs] 
2024-07-16T17:59:01.428+0800: 8.573: [CMS-concurrent-preclean-start]
2024-07-16T17:59:01.429+0800: 8.573: [CMS-concurrent-preclean: 0.000/0.000 secs] [Times: user=0.00 sys=0.00, real=0.00 secs] 
2024-07-16T17:59:01.429+0800: 8.573: [CMS-concurrent-abortable-preclean-start]
{Heap before GC invocations=1083 (full 119):
 par new generation   total 6144K, used 5235K [0x00000000fec00000, 0x00000000ff2a0000, 0x00000000ff2a0000)
  eden space 5504K,  95% used [0x00000000fec00000, 0x00000000ff11b798, 0x00000000ff160000)
  from space 640K,   0% used [0x00000000ff200000, 0x00000000ff201830, 0x00000000ff2a0000)
  to   space 640K,   0% used [0x00000000ff160000, 0x00000000ff160000, 0x00000000ff200000)
 concurrent mark-sweep generation total 13696K, used 8381K [0x00000000ff2a0000, 0x0000000100000000, 0x0000000100000000)
 Metaspace       used 5077K, capacity 5258K, committed 5504K, reserved 1056768K
  class space    used 557K, capacity 597K, committed 640K, reserved 1048576K
2024-07-16T17:59:01.435+0800: 8.579: [GC (Allocation Failure) 2024-07-16T17:59:01.435+0800: 8.579: [ParNew: 5235K->6K(6144K), 0.0003303 secs] 13617K->9411K(19840K), 0.0003599 secs] [Times: user=0.00 sys=0.00, real=0.00 secs] 
Heap after GC invocations=1084 (full 119):
 par new generation   total 6144K, used 6K [0x00000000fec00000, 0x00000000ff2a0000, 0x00000000ff2a0000)
  eden space 5504K,   0% used [0x00000000fec00000, 0x00000000fec00000, 0x00000000ff160000)
  from space 640K,   0% used [0x00000000ff160000, 0x00000000ff161830, 0x00000000ff200000)
  to   space 640K,   0% used [0x00000000ff200000, 0x00000000ff200000, 0x00000000ff2a0000)
 concurrent mark-sweep generation total 13696K, used 9405K [0x00000000ff2a0000, 0x0000000100000000, 0x0000000100000000)
 Metaspace       used 5077K, capacity 5258K, committed 5504K, reserved 1056768K
  class space    used 557K, capacity 597K, committed 640K, reserved 1048576K
}
{Heap before GC invocations=1084 (full 119):
 par new generation   total 6144K, used 5235K [0x00000000fec00000, 0x00000000ff2a0000, 0x00000000ff2a0000)
  eden space 5504K,  95% used [0x00000000fec00000, 0x00000000ff11b798, 0x00000000ff160000)
  from space 640K,   0% used [0x00000000ff160000, 0x00000000ff161830, 0x00000000ff200000)
  to   space 640K,   0% used [0x00000000ff200000, 0x00000000ff200000, 0x00000000ff2a0000)
 concurrent mark-sweep generation total 13696K, used 9405K [0x00000000ff2a0000, 0x0000000100000000, 0x0000000100000000)
 Metaspace       used 5077K, capacity 5258K, committed 5504K, reserved 1056768K
  class space    used 557K, capacity 597K, committed 640K, reserved 1048576K
2024-07-16T17:59:01.441+0800: 8.585: [GC (Allocation Failure) 2024-07-16T17:59:01.441+0800: 8.585: [ParNew: 5235K->4K(6144K), 0.0004025 secs] 14641K->10433K(19840K), 0.0004419 secs] [Times: user=0.00 sys=0.00, real=0.00 secs] 
Heap after GC invocations=1085 (full 119):
 par new generation   total 6144K, used 4K [0x00000000fec00000, 0x00000000ff2a0000, 0x00000000ff2a0000)
  eden space 5504K,   0% used [0x00000000fec00000, 0x00000000fec00000, 0x00000000ff160000)
  from space 640K,   0% used [0x00000000ff200000, 0x00000000ff201020, 0x00000000ff2a0000)
  to   space 640K,   0% used [0x00000000ff160000, 0x00000000ff160000, 0x00000000ff200000)
 concurrent mark-sweep generation total 13696K, used 10429K [0x00000000ff2a0000, 0x0000000100000000, 0x0000000100000000)
 Metaspace       used 5077K, capacity 5258K, committed 5504K, reserved 1056768K
  class space    used 557K, capacity 597K, committed 640K, reserved 1048576K
}
{Heap before GC invocations=1085 (full 119):
 par new generation   total 6144K, used 5233K [0x00000000fec00000, 0x00000000ff2a0000, 0x00000000ff2a0000)
  eden space 5504K,  95% used [0x00000000fec00000, 0x00000000ff11b798, 0x00000000ff160000)
  from space 640K,   0% used [0x00000000ff200000, 0x00000000ff201020, 0x00000000ff2a0000)
  to   space 640K,   0% used [0x00000000ff160000, 0x00000000ff160000, 0x00000000ff200000)
 concurrent mark-sweep generation total 13696K, used 10429K [0x00000000ff2a0000, 0x0000000100000000, 0x0000000100000000)
 Metaspace       used 5077K, capacity 5258K, committed 5504K, reserved 1056768K
  class space    used 557K, capacity 597K, committed 640K, reserved 1048576K
2024-07-16T17:59:01.448+0800: 8.592: [GC (Allocation Failure) 2024-07-16T17:59:01.448+0800: 8.592: [ParNew: 5233K->6K(6144K), 0.0003746 secs] 15663K->11461K(19840K), 0.0004089 secs] [Times: user=0.00 sys=0.00, real=0.00 secs] 
Heap after GC invocations=1086 (full 119):
 par new generation   total 6144K, used 6K [0x00000000fec00000, 0x00000000ff2a0000, 0x00000000ff2a0000)
  eden space 5504K,   0% used [0x00000000fec00000, 0x00000000fec00000, 0x00000000ff160000)
  from space 640K,   0% used [0x00000000ff160000, 0x00000000ff161830, 0x00000000ff200000)
  to   space 640K,   0% used [0x00000000ff200000, 0x00000000ff200000, 0x00000000ff2a0000)
 concurrent mark-sweep generation total 13696K, used 11455K [0x00000000ff2a0000, 0x0000000100000000, 0x0000000100000000)
 Metaspace       used 5077K, capacity 5258K, committed 5504K, reserved 1056768K
  class space    used 557K, capacity 597K, committed 640K, reserved 1048576K
}
{Heap before GC invocations=1086 (full 119):
 par new generation   total 6144K, used 5235K [0x00000000fec00000, 0x00000000ff2a0000, 0x00000000ff2a0000)
  eden space 5504K,  95% used [0x00000000fec00000, 0x00000000ff11b798, 0x00000000ff160000)
  from space 640K,   0% used [0x00000000ff160000, 0x00000000ff161830, 0x00000000ff200000)
  to   space 640K,   0% used [0x00000000ff200000, 0x00000000ff200000, 0x00000000ff2a0000)
 concurrent mark-sweep generation total 13696K, used 11455K [0x00000000ff2a0000, 0x0000000100000000, 0x0000000100000000)
 Metaspace       used 5077K, capacity 5258K, committed 5504K, reserved 1056768K
  class space    used 557K, capacity 597K, committed 640K, reserved 1048576K
2024-07-16T17:59:01.454+0800: 8.598: [GC (Allocation Failure) 2024-07-16T17:59:01.454+0800: 8.598: [ParNew: 5235K->8K(6144K), 0.0003961 secs] 16691K->12487K(19840K), 0.0004424 secs] [Times: user=0.00 sys=0.00, real=0.00 secs] 
Heap after GC invocations=1087 (full 119):
 par new generation   total 6144K, used 8K [0x00000000fec00000, 0x00000000ff2a0000, 0x00000000ff2a0000)
  eden space 5504K,   0% used [0x00000000fec00000, 0x00000000fec00000, 0x00000000ff160000)
  from space 640K,   1% used [0x00000000ff200000, 0x00000000ff202040, 0x00000000ff2a0000)
  to   space 640K,   0% used [0x00000000ff160000, 0x00000000ff160000, 0x00000000ff200000)
 concurrent mark-sweep generation total 13696K, used 12479K [0x00000000ff2a0000, 0x0000000100000000, 0x0000000100000000)
 Metaspace       used 5077K, capacity 5258K, committed 5504K, reserved 1056768K
  class space    used 557K, capacity 597K, committed 640K, reserved 1048576K
}
{Heap before GC invocations=1087 (full 119):
 par new generation   total 6144K, used 5237K [0x00000000fec00000, 0x00000000ff2a0000, 0x00000000ff2a0000)
  eden space 5504K,  95% used [0x00000000fec00000, 0x00000000ff11b798, 0x00000000ff160000)
  from space 640K,   1% used [0x00000000ff200000, 0x00000000ff202040, 0x00000000ff2a0000)
  to   space 640K,   0% used [0x00000000ff160000, 0x00000000ff160000, 0x00000000ff200000)
 concurrent mark-sweep generation total 13696K, used 12479K [0x00000000ff2a0000, 0x0000000100000000, 0x0000000100000000)
 Metaspace       used 5077K, capacity 5258K, committed 5504K, reserved 1056768K
  class space    used 557K, capacity 597K, committed 640K, reserved 1048576K
2024-07-16T17:59:01.461+0800: 8.605: [GC (Allocation Failure) 2024-07-16T17:59:01.461+0800: 8.605: [ParNew: 5237K->2K(6144K), 0.0006712 secs] 17717K->12481K(19840K), 0.0007185 secs] [Times: user=0.00 sys=0.00, real=0.00 secs] 
Heap after GC invocations=1088 (full 119):
 par new generation   total 6144K, used 2K [0x00000000fec00000, 0x00000000ff2a0000, 0x00000000ff2a0000)
  eden space 5504K,   0% used [0x00000000fec00000, 0x00000000fec00000, 0x00000000ff160000)
  from space 640K,   0% used [0x00000000ff160000, 0x00000000ff160810, 0x00000000ff200000)
  to   space 640K,   0% used [0x00000000ff200000, 0x00000000ff200000, 0x00000000ff2a0000)
 concurrent mark-sweep generation total 13696K, used 12479K [0x00000000ff2a0000, 0x0000000100000000, 0x0000000100000000)
 Metaspace       used 5077K, capacity 5258K, committed 5504K, reserved 1056768K
  class space    used 557K, capacity 597K, committed 640K, reserved 1048576K
}
{Heap before GC invocations=1088 (full 119):
 par new generation   total 6144K, used 5231K [0x00000000fec00000, 0x00000000ff2a0000, 0x00000000ff2a0000)
  eden space 5504K,  95% used [0x00000000fec00000, 0x00000000ff11b798, 0x00000000ff160000)
  from space 640K,   0% used [0x00000000ff160000, 0x00000000ff160810, 0x00000000ff200000)
  to   space 640K,   0% used [0x00000000ff200000, 0x00000000ff200000, 0x00000000ff2a0000)
 concurrent mark-sweep generation total 13696K, used 12479K [0x00000000ff2a0000, 0x0000000100000000, 0x0000000100000000)
 Metaspace       used 5077K, capacity 5258K, committed 5504K, reserved 1056768K
  class space    used 557K, capacity 597K, committed 640K, reserved 1048576K
2024-07-16T17:59:01.467+0800: 8.611: [GC (Allocation Failure) 2024-07-16T17:59:01.467+0800: 8.611: [ParNew: 5231K->8K(6144K), 0.0009912 secs] 17711K->13513K(19840K), 0.0010738 secs] [Times: user=0.00 sys=0.00, real=0.00 secs] 
Heap after GC invocations=1089 (full 119):
 par new generation   total 6144K, used 8K [0x00000000fec00000, 0x00000000ff2a0000, 0x00000000ff2a0000)
  eden space 5504K,   0% used [0x00000000fec00000, 0x00000000fec00000, 0x00000000ff160000)
  from space 640K,   1% used [0x00000000ff200000, 0x00000000ff202040, 0x00000000ff2a0000)
  to   space 640K,   0% used [0x00000000ff160000, 0x00000000ff160000, 0x00000000ff200000)
 concurrent mark-sweep generation total 13696K, used 13505K [0x00000000ff2a0000, 0x0000000100000000, 0x0000000100000000)
 Metaspace       used 5077K, capacity 5258K, committed 5504K, reserved 1056768K
  class space    used 557K, capacity 597K, committed 640K, reserved 1048576K
}
2024-07-16T17:59:01.468+0800: 8.612: [CMS-concurrent-abortable-preclean: 0.000/0.039 secs] [Times: user=0.00 sys=0.00, real=0.04 secs] 
2024-07-16T17:59:01.468+0800: 8.613: [GC (CMS Final Remark) [YG occupancy: 1141 K (6144 K)]2024-07-16T17:59:01.468+0800: 8.613: [Rescan (parallel) , 0.0001841 secs]2024-07-16T17:59:01.468+0800: 8.613: [weak refs processing, 0.0000167 secs]2024-07-16T17:59:01.468+0800: 8.613: [class unloading, 0.0005034 secs]2024-07-16T17:59:01.469+0800: 8.613: [scrub symbol table, 0.0004520 secs]2024-07-16T17:59:01.469+0800: 8.614: [scrub string table, 0.0001489 secs][1 CMS-remark: 13505K(13696K)] 14647K(19840K), 0.0013777 secs] [Times: user=0.00 sys=0.00, real=0.00 secs] 
2024-07-16T17:59:01.469+0800: 8.614: [CMS-concurrent-sweep-start]
2024-07-16T17:59:01.470+0800: 8.614: [CMS-concurrent-sweep: 0.000/0.000 secs] [Times: user=0.00 sys=0.00, real=0.00 secs] 
2024-07-16T17:59:01.470+0800: 8.614: [CMS-concurrent-reset-start]
2024-07-16T17:59:01.470+0800: 8.614: [CMS-concurrent-reset: 0.000/0.000 secs] [Times: user=0.00 sys=0.00, real=0.00 secs] 
{Heap before GC invocations=1089 (full 119):
 par new generation   total 6144K, used 5237K [0x00000000fec00000, 0x00000000ff2a0000, 0x00000000ff2a0000)
  eden space 5504K,  95% used [0x00000000fec00000, 0x00000000ff11b798, 0x00000000ff160000)
  from space 640K,   1% used [0x00000000ff200000, 0x00000000ff202040, 0x00000000ff2a0000)
  to   space 640K,   0% used [0x00000000ff160000, 0x00000000ff160000, 0x00000000ff200000)
 concurrent mark-sweep generation total 13696K, used 7361K [0x00000000ff2a0000, 0x0000000100000000, 0x0000000100000000)
 Metaspace       used 5077K, capacity 5258K, committed 5504K, reserved 1056768K
  class space    used 557K, capacity 597K, committed 640K, reserved 1048576K
2024-07-16T17:59:01.475+0800: 8.619: [GC (Allocation Failure) 2024-07-16T17:59:01.475+0800: 8.619: [ParNew: 5237K->6K(6144K), 0.0005243 secs] 12599K->8393K(19840K), 0.0006064 secs] [Times: user=0.00 sys=0.00, real=0.00 secs] 
Heap after GC invocations=1090 (full 119):
 par new generation   total 6144K, used 6K [0x00000000fec00000, 0x00000000ff2a0000, 0x00000000ff2a0000)
  eden space 5504K,   0% used [0x00000000fec00000, 0x00000000fec00000, 0x00000000ff160000)
  from space 640K,   0% used [0x00000000ff160000, 0x00000000ff161830, 0x00000000ff200000)
  to   space 640K,   0% used [0x00000000ff200000, 0x00000000ff200000, 0x00000000ff2a0000)
 concurrent mark-sweep generation total 13696K, used 8387K [0x00000000ff2a0000, 0x0000000100000000, 0x0000000100000000)
 Metaspace       used 5077K, capacity 5258K, committed 5504K, reserved 1056768K
  class space    used 557K, capacity 597K, committed 640K, reserved 1048576K
}
2024-07-16T17:59:01.475+0800: 8.620: [GC (CMS Initial Mark) [1 CMS-initial-mark: 8387K(13696K)] 9417K(19840K), 0.0001954 secs] [Times: user=0.00 sys=0.00, real=0.00 secs] 
2024-07-16T17:59:01.476+0800: 8.620: [CMS-concurrent-mark-start]
2024-07-16T17:59:01.480+0800: 8.624: [CMS-concurrent-mark: 0.004/0.004 secs] [Times: user=0.00 sys=0.00, real=0.00 secs] 
2024-07-16T17:59:01.480+0800: 8.624: [CMS-concurrent-preclean-start]
2024-07-16T17:59:01.480+0800: 8.624: [CMS-concurrent-preclean: 0.000/0.000 secs] [Times: user=0.00 sys=0.00, real=0.00 secs] 
2024-07-16T17:59:01.480+0800: 8.625: [CMS-concurrent-abortable-preclean-start]
{Heap before GC invocations=1090 (full 120):
 par new generation   total 6144K, used 5235K [0x00000000fec00000, 0x00000000ff2a0000, 0x00000000ff2a0000)
  eden space 5504K,  95% used [0x00000000fec00000, 0x00000000ff11b798, 0x00000000ff160000)
  from space 640K,   0% used [0x00000000ff160000, 0x00000000ff161830, 0x00000000ff200000)
  to   space 640K,   0% used [0x00000000ff200000, 0x00000000ff200000, 0x00000000ff2a0000)
 concurrent mark-sweep generation total 13696K, used 8387K [0x00000000ff2a0000, 0x0000000100000000, 0x0000000100000000)
 Metaspace       used 5077K, capacity 5258K, committed 5504K, reserved 1056768K
  class space    used 557K, capacity 597K, committed 640K, reserved 1048576K
2024-07-16T17:59:01.484+0800: 8.628: [GC (Allocation Failure) 2024-07-16T17:59:01.484+0800: 8.628: [ParNew: 5235K->6K(6144K), 0.0009288 secs] 13623K->9417K(19840K), 0.0009931 secs] [Times: user=0.00 sys=0.00, real=0.00 secs] 
Heap after GC invocations=1091 (full 120):
 par new generation   total 6144K, used 6K [0x00000000fec00000, 0x00000000ff2a0000, 0x00000000ff2a0000)
  eden space 5504K,   0% used [0x00000000fec00000, 0x00000000fec00000, 0x00000000ff160000)
  from space 640K,   0% used [0x00000000ff200000, 0x00000000ff201830, 0x00000000ff2a0000)
  to   space 640K,   0% used [0x00000000ff160000, 0x00000000ff160000, 0x00000000ff200000)
 concurrent mark-sweep generation total 13696K, used 9411K [0x00000000ff2a0000, 0x0000000100000000, 0x0000000100000000)
 Metaspace       used 5077K, capacity 5258K, committed 5504K, reserved 1056768K
  class space    used 557K, capacity 597K, committed 640K, reserved 1048576K
}
{Heap before GC invocations=1091 (full 120):
 par new generation   total 6144K, used 5235K [0x00000000fec00000, 0x00000000ff2a0000, 0x00000000ff2a0000)
  eden space 5504K,  95% used [0x00000000fec00000, 0x00000000ff11b798, 0x00000000ff160000)
  from space 640K,   0% used [0x00000000ff200000, 0x00000000ff201830, 0x00000000ff2a0000)
  to   space 640K,   0% used [0x00000000ff160000, 0x00000000ff160000, 0x00000000ff200000)
 concurrent mark-sweep generation total 13696K, used 9411K [0x00000000ff2a0000, 0x0000000100000000, 0x0000000100000000)
 Metaspace       used 5077K, capacity 5258K, committed 5504K, reserved 1056768K
  class space    used 557K, capacity 597K, committed 640K, reserved 1048576K
2024-07-16T17:59:01.492+0800: 8.636: [GC (Allocation Failure) 2024-07-16T17:59:01.492+0800: 8.636: [ParNew: 5235K->6K(6144K), 0.0008534 secs] 14647K->10443K(19840K), 0.0009243 secs] [Times: user=0.00 sys=0.00, real=0.00 secs] 
Heap after GC invocations=1092 (full 120):
 par new generation   total 6144K, used 6K [0x00000000fec00000, 0x00000000ff2a0000, 0x00000000ff2a0000)
  eden space 5504K,   0% used [0x00000000fec00000, 0x00000000fec00000, 0x00000000ff160000)
  from space 640K,   0% used [0x00000000ff160000, 0x00000000ff161830, 0x00000000ff200000)
  to   space 640K,   0% used [0x00000000ff200000, 0x00000000ff200000, 0x00000000ff2a0000)
 concurrent mark-sweep generation total 13696K, used 10437K [0x00000000ff2a0000, 0x0000000100000000, 0x0000000100000000)
 Metaspace       used 5077K, capacity 5258K, committed 5504K, reserved 1056768K
  class space    used 557K, capacity 597K, committed 640K, reserved 1048576K
}
{Heap before GC invocations=1092 (full 120):
 par new generation   total 6144K, used 5235K [0x00000000fec00000, 0x00000000ff2a0000, 0x00000000ff2a0000)
  eden space 5504K,  95% used [0x00000000fec00000, 0x00000000ff11b798, 0x00000000ff160000)
  from space 640K,   0% used [0x00000000ff160000, 0x00000000ff161830, 0x00000000ff200000)
  to   space 640K,   0% used [0x00000000ff200000, 0x00000000ff200000, 0x00000000ff2a0000)
 concurrent mark-sweep generation total 13696K, used 10437K [0x00000000ff2a0000, 0x0000000100000000, 0x0000000100000000)
 Metaspace       used 5077K, capacity 5258K, committed 5504K, reserved 1056768K
  class space    used 557K, capacity 597K, committed 640K, reserved 1048576K
2024-07-16T17:59:01.501+0800: 8.645: [GC (Allocation Failure) 2024-07-16T17:59:01.501+0800: 8.645: [ParNew: 5235K->6K(6144K), 0.0012323 secs] 15673K->11467K(19840K), 0.0013280 secs] [Times: user=0.00 sys=0.00, real=0.00 secs] 
Heap after GC invocations=1093 (full 120):
 par new generation   total 6144K, used 6K [0x00000000fec00000, 0x00000000ff2a0000, 0x00000000ff2a0000)
  eden space 5504K,   0% used [0x00000000fec00000, 0x00000000fec00000, 0x00000000ff160000)
  from space 640K,   0% used [0x00000000ff200000, 0x00000000ff201830, 0x00000000ff2a0000)
  to   space 640K,   0% used [0x00000000ff160000, 0x00000000ff160000, 0x00000000ff200000)
 concurrent mark-sweep generation total 13696K, used 11461K [0x00000000ff2a0000, 0x0000000100000000, 0x0000000100000000)
 Metaspace       used 5077K, capacity 5258K, committed 5504K, reserved 1056768K
  class space    used 557K, capacity 597K, committed 640K, reserved 1048576K
}
{Heap before GC invocations=1093 (full 120):
 par new generation   total 6144K, used 5235K [0x00000000fec00000, 0x00000000ff2a0000, 0x00000000ff2a0000)
  eden space 5504K,  95% used [0x00000000fec00000, 0x00000000ff11b798, 0x00000000ff160000)
  from space 640K,   0% used [0x00000000ff200000, 0x00000000ff201830, 0x00000000ff2a0000)
  to   space 640K,   0% used [0x00000000ff160000, 0x00000000ff160000, 0x00000000ff200000)
 concurrent mark-sweep generation total 13696K, used 11461K [0x00000000ff2a0000, 0x0000000100000000, 0x0000000100000000)
 Metaspace       used 5077K, capacity 5258K, committed 5504K, reserved 1056768K
  class space    used 557K, capacity 597K, committed 640K, reserved 1048576K
2024-07-16T17:59:01.511+0800: 8.655: [GC (Allocation Failure) 2024-07-16T17:59:01.511+0800: 8.655: [ParNew: 5235K->4K(6144K), 0.0007037 secs] 16697K->11465K(19840K), 0.0007615 secs] [Times: user=0.00 sys=0.00, real=0.00 secs] 
Heap after GC invocations=1094 (full 120):
 par new generation   total 6144K, used 4K [0x00000000fec00000, 0x00000000ff2a0000, 0x00000000ff2a0000)
  eden space 5504K,   0% used [0x00000000fec00000, 0x00000000fec00000, 0x00000000ff160000)
  from space 640K,   0% used [0x00000000ff160000, 0x00000000ff161020, 0x00000000ff200000)
  to   space 640K,   0% used [0x00000000ff200000, 0x00000000ff200000, 0x00000000ff2a0000)
 concurrent mark-sweep generation total 13696K, used 11461K [0x00000000ff2a0000, 0x0000000100000000, 0x0000000100000000)
 Metaspace       used 5077K, capacity 5258K, committed 5504K, reserved 1056768K
  class space    used 557K, capacity 597K, committed 640K, reserved 1048576K
}
{Heap before GC invocations=1094 (full 120):
 par new generation   total 6144K, used 5233K [0x00000000fec00000, 0x00000000ff2a0000, 0x00000000ff2a0000)
  eden space 5504K,  95% used [0x00000000fec00000, 0x00000000ff11b798, 0x00000000ff160000)
  from space 640K,   0% used [0x00000000ff160000, 0x00000000ff161020, 0x00000000ff200000)
  to   space 640K,   0% used [0x00000000ff200000, 0x00000000ff200000, 0x00000000ff2a0000)
 concurrent mark-sweep generation total 13696K, used 11461K [0x00000000ff2a0000, 0x0000000100000000, 0x0000000100000000)
 Metaspace       used 5077K, capacity 5258K, committed 5504K, reserved 1056768K
  class space    used 557K, capacity 597K, committed 640K, reserved 1048576K
2024-07-16T17:59:01.518+0800: 8.662: [GC (Allocation Failure) 2024-07-16T17:59:01.518+0800: 8.662: [ParNew: 5233K->4K(6144K), 0.0006961 secs] 16695K->12491K(19840K), 0.0007798 secs] [Times: user=0.00 sys=0.00, real=0.00 secs] 
Heap after GC invocations=1095 (full 120):
 par new generation   total 6144K, used 4K [0x00000000fec00000, 0x00000000ff2a0000, 0x00000000ff2a0000)
  eden space 5504K,   0% used [0x00000000fec00000, 0x00000000fec00000, 0x00000000ff160000)
  from space 640K,   0% used [0x00000000ff200000, 0x00000000ff201020, 0x00000000ff2a0000)
  to   space 640K,   0% used [0x00000000ff160000, 0x00000000ff160000, 0x00000000ff200000)
 concurrent mark-sweep generation total 13696K, used 12487K [0x00000000ff2a0000, 0x0000000100000000, 0x0000000100000000)
 Metaspace       used 5077K, capacity 5258K, committed 5504K, reserved 1056768K
  class space    used 557K, capacity 597K, committed 640K, reserved 1048576K
}
{Heap before GC invocations=1095 (full 120):
 par new generation   total 6144K, used 5233K [0x00000000fec00000, 0x00000000ff2a0000, 0x00000000ff2a0000)
  eden space 5504K,  95% used [0x00000000fec00000, 0x00000000ff11b798, 0x00000000ff160000)
  from space 640K,   0% used [0x00000000ff200000, 0x00000000ff201020, 0x00000000ff2a0000)
  to   space 640K,   0% used [0x00000000ff160000, 0x00000000ff160000, 0x00000000ff200000)
 concurrent mark-sweep generation total 13696K, used 12487K [0x00000000ff2a0000, 0x0000000100000000, 0x0000000100000000)
 Metaspace       used 5077K, capacity 5258K, committed 5504K, reserved 1056768K
  class space    used 557K, capacity 597K, committed 640K, reserved 1048576K
2024-07-16T17:59:01.527+0800: 8.671: [GC (Allocation Failure) 2024-07-16T17:59:01.527+0800: 8.671: [ParNew: 5233K->5233K(6144K), 0.0000110 secs]2024-07-16T17:59:01.527+0800: 8.671: [CMS2024-07-16T17:59:01.527+0800: 8.671: [CMS-concurrent-abortable-preclean: 0.001/0.047 secs] [Times: user=0.00 sys=0.00, real=0.05 secs] 
 (concurrent mode failure): 12487K->2229K(13696K), 0.0024195 secs] 17721K->2229K(19840K), [Metaspace: 5077K->5077K(1056768K)], 0.0024803 secs] [Times: user=0.00 sys=0.00, real=0.00 secs] 
Heap after GC invocations=1096 (full 121):
 par new generation   total 6144K, used 0K [0x00000000fec00000, 0x00000000ff2a0000, 0x00000000ff2a0000)
  eden space 5504K,   0% used [0x00000000fec00000, 0x00000000fec00000, 0x00000000ff160000)
  from space 640K,   0% used [0x00000000ff200000, 0x00000000ff200000, 0x00000000ff2a0000)
  to   space 640K,   0% used [0x00000000ff160000, 0x00000000ff160000, 0x00000000ff200000)
 concurrent mark-sweep generation total 13696K, used 2229K [0x00000000ff2a0000, 0x0000000100000000, 0x0000000100000000)
 Metaspace       used 5077K, capacity 5258K, committed 5504K, reserved 1056768K
  class space    used 557K, capacity 597K, committed 640K, reserved 1048576K
}
{Heap before GC invocations=1096 (full 121):
 par new generation   total 6144K, used 5229K [0x00000000fec00000, 0x00000000ff2a0000, 0x00000000ff2a0000)
  eden space 5504K,  95% used [0x00000000fec00000, 0x00000000ff11b798, 0x00000000ff160000)
  from space 640K,   0% used [0x00000000ff200000, 0x00000000ff200000, 0x00000000ff2a0000)
  to   space 640K,   0% used [0x00000000ff160000, 0x00000000ff160000, 0x00000000ff200000)
 concurrent mark-sweep generation total 13696K, used 2229K [0x00000000ff2a0000, 0x0000000100000000, 0x0000000100000000)
 Metaspace       used 5077K, capacity 5258K, committed 5504K, reserved 1056768K
  class space    used 557K, capacity 597K, committed 640K, reserved 1048576K
2024-07-16T17:59:01.537+0800: 8.681: [GC (Allocation Failure) 2024-07-16T17:59:01.537+0800: 8.681: [ParNew: 5229K->4K(6144K), 0.0003705 secs] 7458K->2233K(19840K), 0.0004143 secs] [Times: user=0.00 sys=0.00, real=0.00 secs] 
Heap after GC invocations=1097 (full 121):
 par new generation   total 6144K, used 4K [0x00000000fec00000, 0x00000000ff2a0000, 0x00000000ff2a0000)
  eden space 5504K,   0% used [0x00000000fec00000, 0x00000000fec00000, 0x00000000ff160000)
  from space 640K,   0% used [0x00000000ff160000, 0x00000000ff161020, 0x00000000ff200000)
  to   space 640K,   0% used [0x00000000ff200000, 0x00000000ff200000, 0x00000000ff2a0000)
 concurrent mark-sweep generation total 13696K, used 2229K [0x00000000ff2a0000, 0x0000000100000000, 0x0000000100000000)
 Metaspace       used 5077K, capacity 5258K, committed 5504K, reserved 1056768K
  class space    used 557K, capacity 597K, committed 640K, reserved 1048576K
}
{Heap before GC invocations=1097 (full 121):
 par new generation   total 6144K, used 5233K [0x00000000fec00000, 0x00000000ff2a0000, 0x00000000ff2a0000)
  eden space 5504K,  95% used [0x00000000fec00000, 0x00000000ff11b798, 0x00000000ff160000)
  from space 640K,   0% used [0x00000000ff160000, 0x00000000ff161020, 0x00000000ff200000)
  to   space 640K,   0% used [0x00000000ff200000, 0x00000000ff200000, 0x00000000ff2a0000)
 concurrent mark-sweep generation total 13696K, used 2229K [0x00000000ff2a0000, 0x0000000100000000, 0x0000000100000000)
 Metaspace       used 5077K, capacity 5258K, committed 5504K, reserved 1056768K
  class space    used 557K, capacity 597K, committed 640K, reserved 1048576K
2024-07-16T17:59:01.545+0800: 8.689: [GC (Allocation Failure) 2024-07-16T17:59:01.545+0800: 8.689: [ParNew: 5233K->6K(6144K), 0.0006731 secs] 7462K->3261K(19840K), 0.0007761 secs] [Times: user=0.00 sys=0.00, real=0.00 secs] 
Heap after GC invocations=1098 (full 121):
 par new generation   total 6144K, used 6K [0x00000000fec00000, 0x00000000ff2a0000, 0x00000000ff2a0000)
  eden space 5504K,   0% used [0x00000000fec00000, 0x00000000fec00000, 0x00000000ff160000)
  from space 640K,   0% used [0x00000000ff200000, 0x00000000ff201830, 0x00000000ff2a0000)
  to   space 640K,   0% used [0x00000000ff160000, 0x00000000ff160000, 0x00000000ff200000)
 concurrent mark-sweep generation total 13696K, used 3255K [0x00000000ff2a0000, 0x0000000100000000, 0x0000000100000000)
 Metaspace       used 5077K, capacity 5258K, committed 5504K, reserved 1056768K
  class space    used 557K, capacity 597K, committed 640K, reserved 1048576K
}
{Heap before GC invocations=1098 (full 121):
 par new generation   total 6144K, used 5235K [0x00000000fec00000, 0x00000000ff2a0000, 0x00000000ff2a0000)
  eden space 5504K,  95% used [0x00000000fec00000, 0x00000000ff11b798, 0x00000000ff160000)
  from space 640K,   0% used [0x00000000ff200000, 0x00000000ff201830, 0x00000000ff2a0000)
  to   space 640K,   0% used [0x00000000ff160000, 0x00000000ff160000, 0x00000000ff200000)
 concurrent mark-sweep generation total 13696K, used 3255K [0x00000000ff2a0000, 0x0000000100000000, 0x0000000100000000)
 Metaspace       used 5077K, capacity 5258K, committed 5504K, reserved 1056768K
  class space    used 557K, capacity 597K, committed 640K, reserved 1048576K
2024-07-16T17:59:01.554+0800: 8.698: [GC (Allocation Failure) 2024-07-16T17:59:01.554+0800: 8.698: [ParNew: 5235K->4K(6144K), 0.0003329 secs] 8491K->3259K(19840K), 0.0003859 secs] [Times: user=0.00 sys=0.00, real=0.00 secs] 
Heap after GC invocations=1099 (full 121):
 par new generation   total 6144K, used 4K [0x00000000fec00000, 0x00000000ff2a0000, 0x00000000ff2a0000)
  eden space 5504K,   0% used [0x00000000fec00000, 0x00000000fec00000, 0x00000000ff160000)
  from space 640K,   0% used [0x00000000ff160000, 0x00000000ff161020, 0x00000000ff200000)
  to   space 640K,   0% used [0x00000000ff200000, 0x00000000ff200000, 0x00000000ff2a0000)
 concurrent mark-sweep generation total 13696K, used 3255K [0x00000000ff2a0000, 0x0000000100000000, 0x0000000100000000)
 Metaspace       used 5077K, capacity 5258K, committed 5504K, reserved 1056768K
  class space    used 557K, capacity 597K, committed 640K, reserved 1048576K
}
{Heap before GC invocations=1099 (full 121):
 par new generation   total 6144K, used 5233K [0x00000000fec00000, 0x00000000ff2a0000, 0x00000000ff2a0000)
  eden space 5504K,  95% used [0x00000000fec00000, 0x00000000ff11b798, 0x00000000ff160000)
  from space 640K,   0% used [0x00000000ff160000, 0x00000000ff161020, 0x00000000ff200000)
  to   space 640K,   0% used [0x00000000ff200000, 0x00000000ff200000, 0x00000000ff2a0000)
 concurrent mark-sweep generation total 13696K, used 3255K [0x00000000ff2a0000, 0x0000000100000000, 0x0000000100000000)
 Metaspace       used 5077K, capacity 5258K, committed 5504K, reserved 1056768K
  class space    used 557K, capacity 597K, committed 640K, reserved 1048576K
2024-07-16T17:59:01.561+0800: 8.705: [GC (Allocation Failure) 2024-07-16T17:59:01.561+0800: 8.706: [ParNew: 5233K->6K(6144K), 0.0012813 secs] 8489K->4287K(19840K), 0.0014378 secs] [Times: user=0.00 sys=0.00, real=0.00 secs] 
Heap after GC invocations=1100 (full 121):
 par new generation   total 6144K, used 6K [0x00000000fec00000, 0x00000000ff2a0000, 0x00000000ff2a0000)
  eden space 5504K,   0% used [0x00000000fec00000, 0x00000000fec00000, 0x00000000ff160000)
  from space 640K,   0% used [0x00000000ff200000, 0x00000000ff201830, 0x00000000ff2a0000)
  to   space 640K,   0% used [0x00000000ff160000, 0x00000000ff160000, 0x00000000ff200000)
 concurrent mark-sweep generation total 13696K, used 4281K [0x00000000ff2a0000, 0x0000000100000000, 0x0000000100000000)
 Metaspace       used 5077K, capacity 5258K, committed 5504K, reserved 1056768K
  class space    used 557K, capacity 597K, committed 640K, reserved 1048576K
}
{Heap before GC invocations=1100 (full 121):
 par new generation   total 6144K, used 5235K [0x00000000fec00000, 0x00000000ff2a0000, 0x00000000ff2a0000)
  eden space 5504K,  95% used [0x00000000fec00000, 0x00000000ff11b798, 0x00000000ff160000)
  from space 640K,   0% used [0x00000000ff200000, 0x00000000ff201830, 0x00000000ff2a0000)
  to   space 640K,   0% used [0x00000000ff160000, 0x00000000ff160000, 0x00000000ff200000)
 concurrent mark-sweep generation total 13696K, used 4281K [0x00000000ff2a0000, 0x0000000100000000, 0x0000000100000000)
 Metaspace       used 5077K, capacity 5258K, committed 5504K, reserved 1056768K
  class space    used 557K, capacity 597K, committed 640K, reserved 1048576K
2024-07-16T17:59:01.570+0800: 8.714: [GC (Allocation Failure) 2024-07-16T17:59:01.570+0800: 8.714: [ParNew: 5235K->8K(6144K), 0.0004432 secs] 9517K->5313K(19840K), 0.0004912 secs] [Times: user=0.00 sys=0.00, real=0.00 secs] 
Heap after GC invocations=1101 (full 121):
 par new generation   total 6144K, used 8K [0x00000000fec00000, 0x00000000ff2a0000, 0x00000000ff2a0000)
  eden space 5504K,   0% used [0x00000000fec00000, 0x00000000fec00000, 0x00000000ff160000)
  from space 640K,   1% used [0x00000000ff160000, 0x00000000ff162040, 0x00000000ff200000)
  to   space 640K,   0% used [0x00000000ff200000, 0x00000000ff200000, 0x00000000ff2a0000)
 concurrent mark-sweep generation total 13696K, used 5305K [0x00000000ff2a0000, 0x0000000100000000, 0x0000000100000000)
 Metaspace       used 5077K, capacity 5258K, committed 5504K, reserved 1056768K
  class space    used 557K, capacity 597K, committed 640K, reserved 1048576K
}
{Heap before GC invocations=1101 (full 121):
 par new generation   total 6144K, used 5237K [0x00000000fec00000, 0x00000000ff2a0000, 0x00000000ff2a0000)
  eden space 5504K,  95% used [0x00000000fec00000, 0x00000000ff11b798, 0x00000000ff160000)
  from space 640K,   1% used [0x00000000ff160000, 0x00000000ff162040, 0x00000000ff200000)
  to   space 640K,   0% used [0x00000000ff200000, 0x00000000ff200000, 0x00000000ff2a0000)
 concurrent mark-sweep generation total 13696K, used 5305K [0x00000000ff2a0000, 0x0000000100000000, 0x0000000100000000)
 Metaspace       used 5077K, capacity 5258K, committed 5504K, reserved 1056768K
  class space    used 557K, capacity 597K, committed 640K, reserved 1048576K
2024-07-16T17:59:01.578+0800: 8.722: [GC (Allocation Failure) 2024-07-16T17:59:01.578+0800: 8.722: [ParNew: 5237K->12K(6144K), 0.0004575 secs] 10543K->6343K(19840K), 0.0005141 secs] [Times: user=0.00 sys=0.00, real=0.00 secs] 
Heap after GC invocations=1102 (full 121):
 par new generation   total 6144K, used 12K [0x00000000fec00000, 0x00000000ff2a0000, 0x00000000ff2a0000)
  eden space 5504K,   0% used [0x00000000fec00000, 0x00000000fec00000, 0x00000000ff160000)
  from space 640K,   1% used [0x00000000ff200000, 0x00000000ff203060, 0x00000000ff2a0000)
  to   space 640K,   0% used [0x00000000ff160000, 0x00000000ff160000, 0x00000000ff200000)
 concurrent mark-sweep generation total 13696K, used 6331K [0x00000000ff2a0000, 0x0000000100000000, 0x0000000100000000)
 Metaspace       used 5077K, capacity 5258K, committed 5504K, reserved 1056768K
  class space    used 557K, capacity 597K, committed 640K, reserved 1048576K
}
{Heap before GC invocations=1102 (full 121):
 par new generation   total 6144K, used 5241K [0x00000000fec00000, 0x00000000ff2a0000, 0x00000000ff2a0000)
  eden space 5504K,  95% used [0x00000000fec00000, 0x00000000ff11b798, 0x00000000ff160000)
  from space 640K,   1% used [0x00000000ff200000, 0x00000000ff203060, 0x00000000ff2a0000)
  to   space 640K,   0% used [0x00000000ff160000, 0x00000000ff160000, 0x00000000ff200000)
 concurrent mark-sweep generation total 13696K, used 6331K [0x00000000ff2a0000, 0x0000000100000000, 0x0000000100000000)
 Metaspace       used 5077K, capacity 5258K, committed 5504K, reserved 1056768K
  class space    used 557K, capacity 597K, committed 640K, reserved 1048576K
2024-07-16T17:59:01.586+0800: 8.730: [GC (Allocation Failure) 2024-07-16T17:59:01.586+0800: 8.730: [ParNew: 5241K->20K(6144K), 0.0003086 secs] 11573K->6351K(19840K), 0.0003587 secs] [Times: user=0.00 sys=0.00, real=0.00 secs] 
Heap after GC invocations=1103 (full 121):
 par new generation   total 6144K, used 20K [0x00000000fec00000, 0x00000000ff2a0000, 0x00000000ff2a0000)
  eden space 5504K,   0% used [0x00000000fec00000, 0x00000000fec00000, 0x00000000ff160000)
  from space 640K,   3% used [0x00000000ff160000, 0x00000000ff1650a0, 0x00000000ff200000)
  to   space 640K,   0% used [0x00000000ff200000, 0x00000000ff200000, 0x00000000ff2a0000)
 concurrent mark-sweep generation total 13696K, used 6331K [0x00000000ff2a0000, 0x0000000100000000, 0x0000000100000000)
 Metaspace       used 5077K, capacity 5258K, committed 5504K, reserved 1056768K
  class space    used 557K, capacity 597K, committed 640K, reserved 1048576K
}
{Heap before GC invocations=1103 (full 121):
 par new generation   total 6144K, used 5250K [0x00000000fec00000, 0x00000000ff2a0000, 0x00000000ff2a0000)
  eden space 5504K,  95% used [0x00000000fec00000, 0x00000000ff11b798, 0x00000000ff160000)
  from space 640K,   3% used [0x00000000ff160000, 0x00000000ff1650a0, 0x00000000ff200000)
  to   space 640K,   0% used [0x00000000ff200000, 0x00000000ff200000, 0x00000000ff2a0000)
 concurrent mark-sweep generation total 13696K, used 6331K [0x00000000ff2a0000, 0x0000000100000000, 0x0000000100000000)
 Metaspace       used 5077K, capacity 5258K, committed 5504K, reserved 1056768K
  class space    used 557K, capacity 597K, committed 640K, reserved 1048576K
2024-07-16T17:59:01.593+0800: 8.737: [GC (Allocation Failure) 2024-07-16T17:59:01.593+0800: 8.737: [ParNew: 5250K->18K(6144K), 0.0004254 secs] 11581K->7373K(19840K), 0.0004748 secs] [Times: user=0.00 sys=0.00, real=0.00 secs] 
Heap after GC invocations=1104 (full 121):
 par new generation   total 6144K, used 18K [0x00000000fec00000, 0x00000000ff2a0000, 0x00000000ff2a0000)
  eden space 5504K,   0% used [0x00000000fec00000, 0x00000000fec00000, 0x00000000ff160000)
  from space 640K,   2% used [0x00000000ff200000, 0x00000000ff204890, 0x00000000ff2a0000)
  to   space 640K,   0% used [0x00000000ff160000, 0x00000000ff160000, 0x00000000ff200000)
 concurrent mark-sweep generation total 13696K, used 7355K [0x00000000ff2a0000, 0x0000000100000000, 0x0000000100000000)
 Metaspace       used 5077K, capacity 5258K, committed 5504K, reserved 1056768K
  class space    used 557K, capacity 597K, committed 640K, reserved 1048576K
}
{Heap before GC invocations=1104 (full 121):
 par new generation   total 6144K, used 5248K [0x00000000fec00000, 0x00000000ff2a0000, 0x00000000ff2a0000)
  eden space 5504K,  95% used [0x00000000fec00000, 0x00000000ff11b798, 0x00000000ff160000)
  from space 640K,   2% used [0x00000000ff200000, 0x00000000ff204890, 0x00000000ff2a0000)
  to   space 640K,   0% used [0x00000000ff160000, 0x00000000ff160000, 0x00000000ff200000)
 concurrent mark-sweep generation total 13696K, used 7355K [0x00000000ff2a0000, 0x0000000100000000, 0x0000000100000000)
 Metaspace       used 5077K, capacity 5258K, committed 5504K, reserved 1056768K
  class space    used 557K, capacity 597K, committed 640K, reserved 1048576K
2024-07-16T17:59:01.602+0800: 8.746: [GC (Allocation Failure) 2024-07-16T17:59:01.602+0800: 8.746: [ParNew: 5248K->18K(6144K), 0.0002905 secs] 12603K->7373K(19840K), 0.0003330 secs] [Times: user=0.00 sys=0.00, real=0.00 secs] 
Heap after GC invocations=1105 (full 121):
 par new generation   total 6144K, used 18K [0x00000000fec00000, 0x00000000ff2a0000, 0x00000000ff2a0000)
  eden space 5504K,   0% used [0x00000000fec00000, 0x00000000fec00000, 0x00000000ff160000)
  from space 640K,   2% used [0x00000000ff160000, 0x00000000ff164890, 0x00000000ff200000)
  to   space 640K,   0% used [0x00000000ff200000, 0x00000000ff200000, 0x00000000ff2a0000)
 concurrent mark-sweep generation total 13696K, used 7355K [0x00000000ff2a0000, 0x0000000100000000, 0x0000000100000000)
 Metaspace       used 5077K, capacity 5258K, committed 5504K, reserved 1056768K
  class space    used 557K, capacity 597K, committed 640K, reserved 1048576K
}
{Heap before GC invocations=1105 (full 121):
 par new generation   total 6144K, used 5248K [0x00000000fec00000, 0x00000000ff2a0000, 0x00000000ff2a0000)
  eden space 5504K,  95% used [0x00000000fec00000, 0x00000000ff11b798, 0x00000000ff160000)
  from space 640K,   2% used [0x00000000ff160000, 0x00000000ff164890, 0x00000000ff200000)
  to   space 640K,   0% used [0x00000000ff200000, 0x00000000ff200000, 0x00000000ff2a0000)
 concurrent mark-sweep generation total 13696K, used 7355K [0x00000000ff2a0000, 0x0000000100000000, 0x0000000100000000)
 Metaspace       used 5077K, capacity 5258K, committed 5504K, reserved 1056768K
  class space    used 557K, capacity 597K, committed 640K, reserved 1048576K
2024-07-16T17:59:01.607+0800: 8.751: [GC (Allocation Failure) 2024-07-16T17:59:01.607+0800: 8.751: [ParNew: 5248K->16K(6144K), 0.0003837 secs] 12603K->8397K(19840K), 0.0004245 secs] [Times: user=0.00 sys=0.00, real=0.00 secs] 
Heap after GC invocations=1106 (full 121):
 par new generation   total 6144K, used 16K [0x00000000fec00000, 0x00000000ff2a0000, 0x00000000ff2a0000)
  eden space 5504K,   0% used [0x00000000fec00000, 0x00000000fec00000, 0x00000000ff160000)
  from space 640K,   2% used [0x00000000ff200000, 0x00000000ff204080, 0x00000000ff2a0000)
  to   space 640K,   0% used [0x00000000ff160000, 0x00000000ff160000, 0x00000000ff200000)
 concurrent mark-sweep generation total 13696K, used 8381K [0x00000000ff2a0000, 0x0000000100000000, 0x0000000100000000)
 Metaspace       used 5077K, capacity 5258K, committed 5504K, reserved 1056768K
  class space    used 557K, capacity 597K, committed 640K, reserved 1048576K
}
2024-07-16T17:59:01.607+0800: 8.752: [GC (CMS Initial Mark) [1 CMS-initial-mark: 8381K(13696K)] 9421K(19840K), 0.0001102 secs] [Times: user=0.00 sys=0.00, real=0.00 secs] 
2024-07-16T17:59:01.607+0800: 8.752: [CMS-concurrent-mark-start]
2024-07-16T17:59:01.609+0800: 8.753: [CMS-concurrent-mark: 0.001/0.001 secs] [Times: user=0.00 sys=0.00, real=0.00 secs] 
2024-07-16T17:59:01.609+0800: 8.753: [CMS-concurrent-preclean-start]
2024-07-16T17:59:01.609+0800: 8.753: [CMS-concurrent-preclean: 0.000/0.000 secs] [Times: user=0.00 sys=0.00, real=0.00 secs] 
2024-07-16T17:59:01.609+0800: 8.753: [CMS-concurrent-abortable-preclean-start]
{Heap before GC invocations=1106 (full 122):
 par new generation   total 6144K, used 5246K [0x00000000fec00000, 0x00000000ff2a0000, 0x00000000ff2a0000)
  eden space 5504K,  95% used [0x00000000fec00000, 0x00000000ff11b798, 0x00000000ff160000)
  from space 640K,   2% used [0x00000000ff200000, 0x00000000ff204080, 0x00000000ff2a0000)
  to   space 640K,   0% used [0x00000000ff160000, 0x00000000ff160000, 0x00000000ff200000)
 concurrent mark-sweep generation total 13696K, used 8381K [0x00000000ff2a0000, 0x0000000100000000, 0x0000000100000000)
 Metaspace       used 5077K, capacity 5258K, committed 5504K, reserved 1056768K
  class space    used 557K, capacity 597K, committed 640K, reserved 1048576K
2024-07-16T17:59:01.614+0800: 8.758: [GC (Allocation Failure) 2024-07-16T17:59:01.614+0800: 8.758: [ParNew: 5246K->14K(6144K), 0.0003485 secs] 13627K->8395K(19840K), 0.0003881 secs] [Times: user=0.00 sys=0.00, real=0.00 secs] 
Heap after GC invocations=1107 (full 122):
 par new generation   total 6144K, used 14K [0x00000000fec00000, 0x00000000ff2a0000, 0x00000000ff2a0000)
  eden space 5504K,   0% used [0x00000000fec00000, 0x00000000fec00000, 0x00000000ff160000)
  from space 640K,   2% used [0x00000000ff160000, 0x00000000ff163870, 0x00000000ff200000)
  to   space 640K,   0% used [0x00000000ff200000, 0x00000000ff200000, 0x00000000ff2a0000)
 concurrent mark-sweep generation total 13696K, used 8381K [0x00000000ff2a0000, 0x0000000100000000, 0x0000000100000000)
 Metaspace       used 5077K, capacity 5258K, committed 5504K, reserved 1056768K
  class space    used 557K, capacity 597K, committed 640K, reserved 1048576K
}
{Heap before GC invocations=1107 (full 122):
 par new generation   total 6144K, used 5244K [0x00000000fec00000, 0x00000000ff2a0000, 0x00000000ff2a0000)
  eden space 5504K,  95% used [0x00000000fec00000, 0x00000000ff11b798, 0x00000000ff160000)
  from space 640K,   2% used [0x00000000ff160000, 0x00000000ff163870, 0x00000000ff200000)
  to   space 640K,   0% used [0x00000000ff200000, 0x00000000ff200000, 0x00000000ff2a0000)
 concurrent mark-sweep generation total 13696K, used 8381K [0x00000000ff2a0000, 0x0000000100000000, 0x0000000100000000)
 Metaspace       used 5077K, capacity 5258K, committed 5504K, reserved 1056768K
  class space    used 557K, capacity 597K, committed 640K, reserved 1048576K
2024-07-16T17:59:01.620+0800: 8.765: [GC (Allocation Failure) 2024-07-16T17:59:01.620+0800: 8.765: [ParNew: 5244K->6K(6144K), 0.0003927 secs] 13625K->9424K(19840K), 0.0004442 secs] [Times: user=0.00 sys=0.00, real=0.00 secs] 
Heap after GC invocations=1108 (full 122):
 par new generation   total 6144K, used 6K [0x00000000fec00000, 0x00000000ff2a0000, 0x00000000ff2a0000)
  eden space 5504K,   0% used [0x00000000fec00000, 0x00000000fec00000, 0x00000000ff160000)
  from space 640K,   0% used [0x00000000ff200000, 0x00000000ff201830, 0x00000000ff2a0000)
  to   space 640K,   0% used [0x00000000ff160000, 0x00000000ff160000, 0x00000000ff200000)
 concurrent mark-sweep generation total 13696K, used 9418K [0x00000000ff2a0000, 0x0000000100000000, 0x0000000100000000)
 Metaspace       used 5077K, capacity 5258K, committed 5504K, reserved 1056768K
  class space    used 557K, capacity 597K, committed 640K, reserved 1048576K
}
{Heap before GC invocations=1108 (full 122):
 par new generation   total 6144K, used 5235K [0x00000000fec00000, 0x00000000ff2a0000, 0x00000000ff2a0000)
  eden space 5504K,  95% used [0x00000000fec00000, 0x00000000ff11b798, 0x00000000ff160000)
  from space 640K,   0% used [0x00000000ff200000, 0x00000000ff201830, 0x00000000ff2a0000)
  to   space 640K,   0% used [0x00000000ff160000, 0x00000000ff160000, 0x00000000ff200000)
 concurrent mark-sweep generation total 13696K, used 9418K [0x00000000ff2a0000, 0x0000000100000000, 0x0000000100000000)
 Metaspace       used 5077K, capacity 5258K, committed 5504K, reserved 1056768K
  class space    used 557K, capacity 597K, committed 640K, reserved 1048576K
2024-07-16T17:59:01.627+0800: 8.772: [GC (Allocation Failure) 2024-07-16T17:59:01.627+0800: 8.772: [ParNew: 5235K->6K(6144K), 0.0003958 secs] 14654K->10448K(19840K), 0.0004411 secs] [Times: user=0.00 sys=0.00, real=0.00 secs] 
Heap after GC invocations=1109 (full 122):
 par new generation   total 6144K, used 6K [0x00000000fec00000, 0x00000000ff2a0000, 0x00000000ff2a0000)
  eden space 5504K,   0% used [0x00000000fec00000, 0x00000000fec00000, 0x00000000ff160000)
  from space 640K,   0% used [0x00000000ff160000, 0x00000000ff161830, 0x00000000ff200000)
  to   space 640K,   0% used [0x00000000ff200000, 0x00000000ff200000, 0x00000000ff2a0000)
 concurrent mark-sweep generation total 13696K, used 10442K [0x00000000ff2a0000, 0x0000000100000000, 0x0000000100000000)
 Metaspace       used 5077K, capacity 5258K, committed 5504K, reserved 1056768K
  class space    used 557K, capacity 597K, committed 640K, reserved 1048576K
}
{Heap before GC invocations=1109 (full 122):
 par new generation   total 6144K, used 5235K [0x00000000fec00000, 0x00000000ff2a0000, 0x00000000ff2a0000)
  eden space 5504K,  95% used [0x00000000fec00000, 0x00000000ff11b798, 0x00000000ff160000)
  from space 640K,   0% used [0x00000000ff160000, 0x00000000ff161830, 0x00000000ff200000)
  to   space 640K,   0% used [0x00000000ff200000, 0x00000000ff200000, 0x00000000ff2a0000)
 concurrent mark-sweep generation total 13696K, used 10442K [0x00000000ff2a0000, 0x0000000100000000, 0x0000000100000000)
 Metaspace       used 5077K, capacity 5258K, committed 5504K, reserved 1056768K
  class space    used 557K, capacity 597K, committed 640K, reserved 1048576K
2024-07-16T17:59:01.633+0800: 8.778: [GC (Allocation Failure) 2024-07-16T17:59:01.633+0800: 8.778: [ParNew: 5235K->4K(6144K), 0.0002662 secs] 15678K->10446K(19840K), 0.0003170 secs] [Times: user=0.00 sys=0.00, real=0.00 secs] 
Heap after GC invocations=1110 (full 122):
 par new generation   total 6144K, used 4K [0x00000000fec00000, 0x00000000ff2a0000, 0x00000000ff2a0000)
  eden space 5504K,   0% used [0x00000000fec00000, 0x00000000fec00000, 0x00000000ff160000)
  from space 640K,   0% used [0x00000000ff200000, 0x00000000ff201020, 0x00000000ff2a0000)
  to   space 640K,   0% used [0x00000000ff160000, 0x00000000ff160000, 0x00000000ff200000)
 concurrent mark-sweep generation total 13696K, used 10442K [0x00000000ff2a0000, 0x0000000100000000, 0x0000000100000000)
 Metaspace       used 5077K, capacity 5258K, committed 5504K, reserved 1056768K
  class space    used 557K, capacity 597K, committed 640K, reserved 1048576K
}
{Heap before GC invocations=1110 (full 122):
 par new generation   total 6144K, used 5233K [0x00000000fec00000, 0x00000000ff2a0000, 0x00000000ff2a0000)
  eden space 5504K,  95% used [0x00000000fec00000, 0x00000000ff11b798, 0x00000000ff160000)
  from space 640K,   0% used [0x00000000ff200000, 0x00000000ff201020, 0x00000000ff2a0000)
  to   space 640K,   0% used [0x00000000ff160000, 0x00000000ff160000, 0x00000000ff200000)
 concurrent mark-sweep generation total 13696K, used 10442K [0x00000000ff2a0000, 0x0000000100000000, 0x0000000100000000)
 Metaspace       used 5077K, capacity 5258K, committed 5504K, reserved 1056768K
  class space    used 557K, capacity 597K, committed 640K, reserved 1048576K
2024-07-16T17:59:01.641+0800: 8.786: [GC (Allocation Failure) 2024-07-16T17:59:01.641+0800: 8.786: [ParNew: 5233K->6K(6144K), 0.0004153 secs] 15676K->11472K(19840K), 0.0004662 secs] [Times: user=0.00 sys=0.00, real=0.00 secs] 
Heap after GC invocations=1111 (full 122):
 par new generation   total 6144K, used 6K [0x00000000fec00000, 0x00000000ff2a0000, 0x00000000ff2a0000)
  eden space 5504K,   0% used [0x00000000fec00000, 0x00000000fec00000, 0x00000000ff160000)
  from space 640K,   0% used [0x00000000ff160000, 0x00000000ff161830, 0x00000000ff200000)
  to   space 640K,   0% used [0x00000000ff200000, 0x00000000ff200000, 0x00000000ff2a0000)
 concurrent mark-sweep generation total 13696K, used 11466K [0x00000000ff2a0000, 0x0000000100000000, 0x0000000100000000)
 Metaspace       used 5077K, capacity 5258K, committed 5504K, reserved 1056768K
  class space    used 557K, capacity 597K, committed 640K, reserved 1048576K
}
{Heap before GC invocations=1111 (full 122):
 par new generation   total 6144K, used 5235K [0x00000000fec00000, 0x00000000ff2a0000, 0x00000000ff2a0000)
  eden space 5504K,  95% used [0x00000000fec00000, 0x00000000ff11b798, 0x00000000ff160000)
  from space 640K,   0% used [0x00000000ff160000, 0x00000000ff161830, 0x00000000ff200000)
  to   space 640K,   0% used [0x00000000ff200000, 0x00000000ff200000, 0x00000000ff2a0000)
 concurrent mark-sweep generation total 13696K, used 11466K [0x00000000ff2a0000, 0x0000000100000000, 0x0000000100000000)
 Metaspace       used 5077K, capacity 5258K, committed 5504K, reserved 1056768K
  class space    used 557K, capacity 597K, committed 640K, reserved 1048576K
2024-07-16T17:59:01.648+0800: 8.793: [GC (Allocation Failure) 2024-07-16T17:59:01.648+0800: 8.793: [ParNew: 5235K->6K(6144K), 0.0004517 secs] 16702K->12496K(19840K), 0.0005165 secs] [Times: user=0.00 sys=0.00, real=0.00 secs] 
Heap after GC invocations=1112 (full 122):
 par new generation   total 6144K, used 6K [0x00000000fec00000, 0x00000000ff2a0000, 0x00000000ff2a0000)
  eden space 5504K,   0% used [0x00000000fec00000, 0x00000000fec00000, 0x00000000ff160000)
  from space 640K,   0% used [0x00000000ff200000, 0x00000000ff201830, 0x00000000ff2a0000)
  to   space 640K,   0% used [0x00000000ff160000, 0x00000000ff160000, 0x00000000ff200000)
 concurrent mark-sweep generation total 13696K, used 12490K [0x00000000ff2a0000, 0x0000000100000000, 0x0000000100000000)
 Metaspace       used 5077K, capacity 5258K, committed 5504K, reserved 1056768K
  class space    used 557K, capacity 597K, committed 640K, reserved 1048576K
}
{Heap before GC invocations=1112 (full 122):
 par new generation   total 6144K, used 5235K [0x00000000fec00000, 0x00000000ff2a0000, 0x00000000ff2a0000)
  eden space 5504K,  95% used [0x00000000fec00000, 0x00000000ff11b798, 0x00000000ff160000)
  from space 640K,   0% used [0x00000000ff200000, 0x00000000ff201830, 0x00000000ff2a0000)
  to   space 640K,   0% used [0x00000000ff160000, 0x00000000ff160000, 0x00000000ff200000)
 concurrent mark-sweep generation total 13696K, used 12490K [0x00000000ff2a0000, 0x0000000100000000, 0x0000000100000000)
 Metaspace       used 5077K, capacity 5258K, committed 5504K, reserved 1056768K
  class space    used 557K, capacity 597K, committed 640K, reserved 1048576K
2024-07-16T17:59:01.654+0800: 8.799: [GC (Allocation Failure) 2024-07-16T17:59:01.654+0800: 8.799: [ParNew: 5235K->5235K(6144K), 0.0000107 secs]2024-07-16T17:59:01.654+0800: 8.799: [CMS2024-07-16T17:59:01.654+0800: 8.799: [CMS-concurrent-abortable-preclean: 0.000/0.046 secs] [Times: user=0.02 sys=0.00, real=0.05 secs] 
 (concurrent mode failure): 12490K->2229K(13696K), 0.0024212 secs] 17726K->2229K(19840K), [Metaspace: 5077K->5077K(1056768K)], 0.0024815 secs] [Times: user=0.00 sys=0.00, real=0.00 secs] 
Heap after GC invocations=1113 (full 123):
 par new generation   total 6144K, used 0K [0x00000000fec00000, 0x00000000ff2a0000, 0x00000000ff2a0000)
  eden space 5504K,   0% used [0x00000000fec00000, 0x00000000fec00000, 0x00000000ff160000)
  from space 640K,   0% used [0x00000000ff200000, 0x00000000ff200000, 0x00000000ff2a0000)
  to   space 640K,   0% used [0x00000000ff160000, 0x00000000ff160000, 0x00000000ff200000)
 concurrent mark-sweep generation total 13696K, used 2229K [0x00000000ff2a0000, 0x0000000100000000, 0x0000000100000000)
 Metaspace       used 5077K, capacity 5258K, committed 5504K, reserved 1056768K
  class space    used 557K, capacity 597K, committed 640K, reserved 1048576K
}
{Heap before GC invocations=1113 (full 123):
 par new generation   total 6144K, used 5229K [0x00000000fec00000, 0x00000000ff2a0000, 0x00000000ff2a0000)
  eden space 5504K,  95% used [0x00000000fec00000, 0x00000000ff11b798, 0x00000000ff160000)
  from space 640K,   0% used [0x00000000ff200000, 0x00000000ff200000, 0x00000000ff2a0000)
  to   space 640K,   0% used [0x00000000ff160000, 0x00000000ff160000, 0x00000000ff200000)
 concurrent mark-sweep generation total 13696K, used 2229K [0x00000000ff2a0000, 0x0000000100000000, 0x0000000100000000)
 Metaspace       used 5077K, capacity 5258K, committed 5504K, reserved 1056768K
  class space    used 557K, capacity 597K, committed 640K, reserved 1048576K
2024-07-16T17:59:01.663+0800: 8.808: [GC (Allocation Failure) 2024-07-16T17:59:01.663+0800: 8.808: [ParNew: 5229K->4K(6144K), 0.0003127 secs] 7459K->2233K(19840K), 0.0003675 secs] [Times: user=0.00 sys=0.00, real=0.00 secs] 
Heap after GC invocations=1114 (full 123):
 par new generation   total 6144K, used 4K [0x00000000fec00000, 0x00000000ff2a0000, 0x00000000ff2a0000)
  eden space 5504K,   0% used [0x00000000fec00000, 0x00000000fec00000, 0x00000000ff160000)
  from space 640K,   0% used [0x00000000ff160000, 0x00000000ff161020, 0x00000000ff200000)
  to   space 640K,   0% used [0x00000000ff200000, 0x00000000ff200000, 0x00000000ff2a0000)
 concurrent mark-sweep generation total 13696K, used 2229K [0x00000000ff2a0000, 0x0000000100000000, 0x0000000100000000)
 Metaspace       used 5077K, capacity 5258K, committed 5504K, reserved 1056768K
  class space    used 557K, capacity 597K, committed 640K, reserved 1048576K
}
{Heap before GC invocations=1114 (full 123):
 par new generation   total 6144K, used 5233K [0x00000000fec00000, 0x00000000ff2a0000, 0x00000000ff2a0000)
  eden space 5504K,  95% used [0x00000000fec00000, 0x00000000ff11b798, 0x00000000ff160000)
  from space 640K,   0% used [0x00000000ff160000, 0x00000000ff161020, 0x00000000ff200000)
  to   space 640K,   0% used [0x00000000ff200000, 0x00000000ff200000, 0x00000000ff2a0000)
 concurrent mark-sweep generation total 13696K, used 2229K [0x00000000ff2a0000, 0x0000000100000000, 0x0000000100000000)
 Metaspace       used 5077K, capacity 5258K, committed 5504K, reserved 1056768K
  class space    used 557K, capacity 597K, committed 640K, reserved 1048576K
2024-07-16T17:59:01.670+0800: 8.815: [GC (Allocation Failure) 2024-07-16T17:59:01.670+0800: 8.815: [ParNew: 5233K->4K(6144K), 0.0007365 secs] 7463K->3259K(19840K), 0.0008121 secs] [Times: user=0.00 sys=0.00, real=0.00 secs] 
Heap after GC invocations=1115 (full 123):
 par new generation   total 6144K, used 4K [0x00000000fec00000, 0x00000000ff2a0000, 0x00000000ff2a0000)
  eden space 5504K,   0% used [0x00000000fec00000, 0x00000000fec00000, 0x00000000ff160000)
  from space 640K,   0% used [0x00000000ff200000, 0x00000000ff201020, 0x00000000ff2a0000)
  to   space 640K,   0% used [0x00000000ff160000, 0x00000000ff160000, 0x00000000ff200000)
 concurrent mark-sweep generation total 13696K, used 3255K [0x00000000ff2a0000, 0x0000000100000000, 0x0000000100000000)
 Metaspace       used 5077K, capacity 5258K, committed 5504K, reserved 1056768K
  class space    used 557K, capacity 597K, committed 640K, reserved 1048576K
}
{Heap before GC invocations=1115 (full 123):
 par new generation   total 6144K, used 5233K [0x00000000fec00000, 0x00000000ff2a0000, 0x00000000ff2a0000)
  eden space 5504K,  95% used [0x00000000fec00000, 0x00000000ff11b798, 0x00000000ff160000)
  from space 640K,   0% used [0x00000000ff200000, 0x00000000ff201020, 0x00000000ff2a0000)
  to   space 640K,   0% used [0x00000000ff160000, 0x00000000ff160000, 0x00000000ff200000)
 concurrent mark-sweep generation total 13696K, used 3255K [0x00000000ff2a0000, 0x0000000100000000, 0x0000000100000000)
 Metaspace       used 5077K, capacity 5258K, committed 5504K, reserved 1056768K
  class space    used 557K, capacity 597K, committed 640K, reserved 1048576K
2024-07-16T17:59:01.681+0800: 8.825: [GC (Allocation Failure) 2024-07-16T17:59:01.681+0800: 8.825: [ParNew: 5233K->4K(6144K), 0.0002513 secs] 8489K->3259K(19840K), 0.0002883 secs] [Times: user=0.00 sys=0.00, real=0.00 secs] 
Heap after GC invocations=1116 (full 123):
 par new generation   total 6144K, used 4K [0x00000000fec00000, 0x00000000ff2a0000, 0x00000000ff2a0000)
  eden space 5504K,   0% used [0x00000000fec00000, 0x00000000fec00000, 0x00000000ff160000)
  from space 640K,   0% used [0x00000000ff160000, 0x00000000ff161020, 0x00000000ff200000)
  to   space 640K,   0% used [0x00000000ff200000, 0x00000000ff200000, 0x00000000ff2a0000)
 concurrent mark-sweep generation total 13696K, used 3255K [0x00000000ff2a0000, 0x0000000100000000, 0x0000000100000000)
 Metaspace       used 5077K, capacity 5258K, committed 5504K, reserved 1056768K
  class space    used 557K, capacity 597K, committed 640K, reserved 1048576K
}
{Heap before GC invocations=1116 (full 123):
 par new generation   total 6144K, used 5233K [0x00000000fec00000, 0x00000000ff2a0000, 0x00000000ff2a0000)
  eden space 5504K,  95% used [0x00000000fec00000, 0x00000000ff11b798, 0x00000000ff160000)
  from space 640K,   0% used [0x00000000ff160000, 0x00000000ff161020, 0x00000000ff200000)
  to   space 640K,   0% used [0x00000000ff200000, 0x00000000ff200000, 0x00000000ff2a0000)
 concurrent mark-sweep generation total 13696K, used 3255K [0x00000000ff2a0000, 0x0000000100000000, 0x0000000100000000)
 Metaspace       used 5077K, capacity 5258K, committed 5504K, reserved 1056768K
  class space    used 557K, capacity 597K, committed 640K, reserved 1048576K
2024-07-16T17:59:01.689+0800: 8.833: [GC (Allocation Failure) 2024-07-16T17:59:01.689+0800: 8.833: [ParNew: 5233K->4K(6144K), 0.0002967 secs] 8489K->3259K(19840K), 0.0003856 secs] [Times: user=0.00 sys=0.00, real=0.00 secs] 
Heap after GC invocations=1117 (full 123):
 par new generation   total 6144K, used 4K [0x00000000fec00000, 0x00000000ff2a0000, 0x00000000ff2a0000)
  eden space 5504K,   0% used [0x00000000fec00000, 0x00000000fec00000, 0x00000000ff160000)
  from space 640K,   0% used [0x00000000ff200000, 0x00000000ff201020, 0x00000000ff2a0000)
  to   space 640K,   0% used [0x00000000ff160000, 0x00000000ff160000, 0x00000000ff200000)
 concurrent mark-sweep generation total 13696K, used 3255K [0x00000000ff2a0000, 0x0000000100000000, 0x0000000100000000)
 Metaspace       used 5077K, capacity 5258K, committed 5504K, reserved 1056768K
  class space    used 557K, capacity 597K, committed 640K, reserved 1048576K
}
{Heap before GC invocations=1117 (full 123):
 par new generation   total 6144K, used 5233K [0x00000000fec00000, 0x00000000ff2a0000, 0x00000000ff2a0000)
  eden space 5504K,  95% used [0x00000000fec00000, 0x00000000ff11b798, 0x00000000ff160000)
  from space 640K,   0% used [0x00000000ff200000, 0x00000000ff201020, 0x00000000ff2a0000)
  to   space 640K,   0% used [0x00000000ff160000, 0x00000000ff160000, 0x00000000ff200000)
 concurrent mark-sweep generation total 13696K, used 3255K [0x00000000ff2a0000, 0x0000000100000000, 0x0000000100000000)
 Metaspace       used 5077K, capacity 5258K, committed 5504K, reserved 1056768K
  class space    used 557K, capacity 597K, committed 640K, reserved 1048576K
2024-07-16T17:59:01.696+0800: 8.840: [GC (Allocation Failure) 2024-07-16T17:59:01.696+0800: 8.840: [ParNew: 5233K->4K(6144K), 0.0002960 secs] 8489K->3259K(19840K), 0.0003323 secs] [Times: user=0.00 sys=0.00, real=0.00 secs] 
Heap after GC invocations=1118 (full 123):
 par new generation   total 6144K, used 4K [0x00000000fec00000, 0x00000000ff2a0000, 0x00000000ff2a0000)
  eden space 5504K,   0% used [0x00000000fec00000, 0x00000000fec00000, 0x00000000ff160000)
  from space 640K,   0% used [0x00000000ff160000, 0x00000000ff161020, 0x00000000ff200000)
  to   space 640K,   0% used [0x00000000ff200000, 0x00000000ff200000, 0x00000000ff2a0000)
 concurrent mark-sweep generation total 13696K, used 3255K [0x00000000ff2a0000, 0x0000000100000000, 0x0000000100000000)
 Metaspace       used 5077K, capacity 5258K, committed 5504K, reserved 1056768K
  class space    used 557K, capacity 597K, committed 640K, reserved 1048576K
}
{Heap before GC invocations=1118 (full 123):
 par new generation   total 6144K, used 5233K [0x00000000fec00000, 0x00000000ff2a0000, 0x00000000ff2a0000)
  eden space 5504K,  95% used [0x00000000fec00000, 0x00000000ff11b798, 0x00000000ff160000)
  from space 640K,   0% used [0x00000000ff160000, 0x00000000ff161020, 0x00000000ff200000)
  to   space 640K,   0% used [0x00000000ff200000, 0x00000000ff200000, 0x00000000ff2a0000)
 concurrent mark-sweep generation total 13696K, used 3255K [0x00000000ff2a0000, 0x0000000100000000, 0x0000000100000000)
 Metaspace       used 5077K, capacity 5258K, committed 5504K, reserved 1056768K
  class space    used 557K, capacity 597K, committed 640K, reserved 1048576K
2024-07-16T17:59:01.703+0800: 8.847: [GC (Allocation Failure) 2024-07-16T17:59:01.703+0800: 8.847: [ParNew: 5233K->8K(6144K), 0.0003889 secs] 8489K->4289K(19840K), 0.0004330 secs] [Times: user=0.00 sys=0.00, real=0.00 secs] 
Heap after GC invocations=1119 (full 123):
 par new generation   total 6144K, used 8K [0x00000000fec00000, 0x00000000ff2a0000, 0x00000000ff2a0000)
  eden space 5504K,   0% used [0x00000000fec00000, 0x00000000fec00000, 0x00000000ff160000)
  from space 640K,   1% used [0x00000000ff200000, 0x00000000ff202040, 0x00000000ff2a0000)
  to   space 640K,   0% used [0x00000000ff160000, 0x00000000ff160000, 0x00000000ff200000)
 concurrent mark-sweep generation total 13696K, used 4281K [0x00000000ff2a0000, 0x0000000100000000, 0x0000000100000000)
 Metaspace       used 5077K, capacity 5258K, committed 5504K, reserved 1056768K
  class space    used 557K, capacity 597K, committed 640K, reserved 1048576K
}
{Heap before GC invocations=1119 (full 123):
 par new generation   total 6144K, used 5237K [0x00000000fec00000, 0x00000000ff2a0000, 0x00000000ff2a0000)
  eden space 5504K,  95% used [0x00000000fec00000, 0x00000000ff11b798, 0x00000000ff160000)
  from space 640K,   1% used [0x00000000ff200000, 0x00000000ff202040, 0x00000000ff2a0000)
  to   space 640K,   0% used [0x00000000ff160000, 0x00000000ff160000, 0x00000000ff200000)
 concurrent mark-sweep generation total 13696K, used 4281K [0x00000000ff2a0000, 0x0000000100000000, 0x0000000100000000)
 Metaspace       used 5077K, capacity 5258K, committed 5504K, reserved 1056768K
  class space    used 557K, capacity 597K, committed 640K, reserved 1048576K
2024-07-16T17:59:01.710+0800: 8.855: [GC (Allocation Failure) 2024-07-16T17:59:01.710+0800: 8.855: [ParNew: 5237K->6K(6144K), 0.0004853 secs] 9519K->5313K(19840K), 0.0005346 secs] [Times: user=0.00 sys=0.00, real=0.00 secs] 
Heap after GC invocations=1120 (full 123):
 par new generation   total 6144K, used 6K [0x00000000fec00000, 0x00000000ff2a0000, 0x00000000ff2a0000)
  eden space 5504K,   0% used [0x00000000fec00000, 0x00000000fec00000, 0x00000000ff160000)
  from space 640K,   0% used [0x00000000ff160000, 0x00000000ff161830, 0x00000000ff200000)
  to   space 640K,   0% used [0x00000000ff200000, 0x00000000ff200000, 0x00000000ff2a0000)
 concurrent mark-sweep generation total 13696K, used 5307K [0x00000000ff2a0000, 0x0000000100000000, 0x0000000100000000)
 Metaspace       used 5077K, capacity 5258K, committed 5504K, reserved 1056768K
  class space    used 557K, capacity 597K, committed 640K, reserved 1048576K
}
{Heap before GC invocations=1120 (full 123):
 par new generation   total 6144K, used 5235K [0x00000000fec00000, 0x00000000ff2a0000, 0x00000000ff2a0000)
  eden space 5504K,  95% used [0x00000000fec00000, 0x00000000ff11b798, 0x00000000ff160000)
  from space 640K,   0% used [0x00000000ff160000, 0x00000000ff161830, 0x00000000ff200000)
  to   space 640K,   0% used [0x00000000ff200000, 0x00000000ff200000, 0x00000000ff2a0000)
 concurrent mark-sweep generation total 13696K, used 5307K [0x00000000ff2a0000, 0x0000000100000000, 0x0000000100000000)
 Metaspace       used 5077K, capacity 5258K, committed 5504K, reserved 1056768K
  class space    used 557K, capacity 597K, committed 640K, reserved 1048576K
2024-07-16T17:59:01.716+0800: 8.861: [GC (Allocation Failure) 2024-07-16T17:59:01.716+0800: 8.861: [ParNew: 5235K->8K(6144K), 0.0003578 secs] 10543K->6342K(19840K), 0.0003947 secs] [Times: user=0.00 sys=0.00, real=0.00 secs] 
Heap after GC invocations=1121 (full 123):
 par new generation   total 6144K, used 8K [0x00000000fec00000, 0x00000000ff2a0000, 0x00000000ff2a0000)
  eden space 5504K,   0% used [0x00000000fec00000, 0x00000000fec00000, 0x00000000ff160000)
  from space 640K,   1% used [0x00000000ff200000, 0x00000000ff202040, 0x00000000ff2a0000)
  to   space 640K,   0% used [0x00000000ff160000, 0x00000000ff160000, 0x00000000ff200000)
 concurrent mark-sweep generation total 13696K, used 6333K [0x00000000ff2a0000, 0x0000000100000000, 0x0000000100000000)
 Metaspace       used 5077K, capacity 5258K, committed 5504K, reserved 1056768K
  class space    used 557K, capacity 597K, committed 640K, reserved 1048576K
}
{Heap before GC invocations=1121 (full 123):
 par new generation   total 6144K, used 5237K [0x00000000fec00000, 0x00000000ff2a0000, 0x00000000ff2a0000)
  eden space 5504K,  95% used [0x00000000fec00000, 0x00000000ff11b798, 0x00000000ff160000)
  from space 640K,   1% used [0x00000000ff200000, 0x00000000ff202040, 0x00000000ff2a0000)
  to   space 640K,   0% used [0x00000000ff160000, 0x00000000ff160000, 0x00000000ff200000)
 concurrent mark-sweep generation total 13696K, used 6333K [0x00000000ff2a0000, 0x0000000100000000, 0x0000000100000000)
 Metaspace       used 5077K, capacity 5258K, committed 5504K, reserved 1056768K
  class space    used 557K, capacity 597K, committed 640K, reserved 1048576K
2024-07-16T17:59:01.724+0800: 8.869: [GC (Allocation Failure) 2024-07-16T17:59:01.724+0800: 8.869: [ParNew: 5237K->4K(6144K), 0.0003209 secs] 11571K->6337K(19840K), 0.0004023 secs] [Times: user=0.00 sys=0.00, real=0.00 secs] 
Heap after GC invocations=1122 (full 123):
 par new generation   total 6144K, used 4K [0x00000000fec00000, 0x00000000ff2a0000, 0x00000000ff2a0000)
  eden space 5504K,   0% used [0x00000000fec00000, 0x00000000fec00000, 0x00000000ff160000)
  from space 640K,   0% used [0x00000000ff160000, 0x00000000ff161020, 0x00000000ff200000)
  to   space 640K,   0% used [0x00000000ff200000, 0x00000000ff200000, 0x00000000ff2a0000)
 concurrent mark-sweep generation total 13696K, used 6333K [0x00000000ff2a0000, 0x0000000100000000, 0x0000000100000000)
 Metaspace       used 5077K, capacity 5258K, committed 5504K, reserved 1056768K
  class space    used 557K, capacity 597K, committed 640K, reserved 1048576K
}
{Heap before GC invocations=1122 (full 123):
 par new generation   total 6144K, used 5233K [0x00000000fec00000, 0x00000000ff2a0000, 0x00000000ff2a0000)
  eden space 5504K,  95% used [0x00000000fec00000, 0x00000000ff11b798, 0x00000000ff160000)
  from space 640K,   0% used [0x00000000ff160000, 0x00000000ff161020, 0x00000000ff200000)
  to   space 640K,   0% used [0x00000000ff200000, 0x00000000ff200000, 0x00000000ff2a0000)
 concurrent mark-sweep generation total 13696K, used 6333K [0x00000000ff2a0000, 0x0000000100000000, 0x0000000100000000)
 Metaspace       used 5077K, capacity 5258K, committed 5504K, reserved 1056768K
  class space    used 557K, capacity 597K, committed 640K, reserved 1048576K
2024-07-16T17:59:01.729+0800: 8.874: [GC (Allocation Failure) 2024-07-16T17:59:01.729+0800: 8.874: [ParNew: 5233K->8K(6144K), 0.0003931 secs] 11567K->7368K(19840K), 0.0004353 secs] [Times: user=0.00 sys=0.00, real=0.00 secs] 
Heap after GC invocations=1123 (full 123):
 par new generation   total 6144K, used 8K [0x00000000fec00000, 0x00000000ff2a0000, 0x00000000ff2a0000)
  eden space 5504K,   0% used [0x00000000fec00000, 0x00000000fec00000, 0x00000000ff160000)
  from space 640K,   1% used [0x00000000ff200000, 0x00000000ff202040, 0x00000000ff2a0000)
  to   space 640K,   0% used [0x00000000ff160000, 0x00000000ff160000, 0x00000000ff200000)
 concurrent mark-sweep generation total 13696K, used 7360K [0x00000000ff2a0000, 0x0000000100000000, 0x0000000100000000)
 Metaspace       used 5077K, capacity 5258K, committed 5504K, reserved 1056768K
  class space    used 557K, capacity 597K, committed 640K, reserved 1048576K
}
{Heap before GC invocations=1123 (full 123):
 par new generation   total 6144K, used 5237K [0x00000000fec00000, 0x00000000ff2a0000, 0x00000000ff2a0000)
  eden space 5504K,  95% used [0x00000000fec00000, 0x00000000ff11b798, 0x00000000ff160000)
  from space 640K,   1% used [0x00000000ff200000, 0x00000000ff202040, 0x00000000ff2a0000)
  to   space 640K,   0% used [0x00000000ff160000, 0x00000000ff160000, 0x00000000ff200000)
 concurrent mark-sweep generation total 13696K, used 7360K [0x00000000ff2a0000, 0x0000000100000000, 0x0000000100000000)
 Metaspace       used 5077K, capacity 5258K, committed 5504K, reserved 1056768K
  class space    used 557K, capacity 597K, committed 640K, reserved 1048576K
2024-07-16T17:59:01.735+0800: 8.880: [GC (Allocation Failure) 2024-07-16T17:59:01.735+0800: 8.880: [ParNew: 5237K->8K(6144K), 0.0004461 secs] 12597K->8394K(19840K), 0.0004842 secs] [Times: user=0.00 sys=0.00, real=0.00 secs] 
Heap after GC invocations=1124 (full 123):
 par new generation   total 6144K, used 8K [0x00000000fec00000, 0x00000000ff2a0000, 0x00000000ff2a0000)
  eden space 5504K,   0% used [0x00000000fec00000, 0x00000000fec00000, 0x00000000ff160000)
  from space 640K,   1% used [0x00000000ff160000, 0x00000000ff162040, 0x00000000ff200000)
  to   space 640K,   0% used [0x00000000ff200000, 0x00000000ff200000, 0x00000000ff2a0000)
 concurrent mark-sweep generation total 13696K, used 8386K [0x00000000ff2a0000, 0x0000000100000000, 0x0000000100000000)
 Metaspace       used 5077K, capacity 5258K, committed 5504K, reserved 1056768K
  class space    used 557K, capacity 597K, committed 640K, reserved 1048576K
}
2024-07-16T17:59:01.735+0800: 8.881: [GC (CMS Initial Mark) [1 CMS-initial-mark: 8386K(13696K)] 9418K(19840K), 0.0002475 secs] [Times: user=0.00 sys=0.02, real=0.00 secs] 
2024-07-16T17:59:01.736+0800: 8.881: [CMS-concurrent-mark-start]
2024-07-16T17:59:01.740+0800: 8.885: [CMS-concurrent-mark: 0.004/0.004 secs] [Times: user=0.00 sys=0.00, real=0.00 secs] 
2024-07-16T17:59:01.740+0800: 8.885: [CMS-concurrent-preclean-start]
2024-07-16T17:59:01.740+0800: 8.885: [CMS-concurrent-preclean: 0.000/0.000 secs] [Times: user=0.00 sys=0.00, real=0.00 secs] 
2024-07-16T17:59:01.740+0800: 8.885: [CMS-concurrent-abortable-preclean-start]
{Heap before GC invocations=1124 (full 124):
 par new generation   total 6144K, used 5237K [0x00000000fec00000, 0x00000000ff2a0000, 0x00000000ff2a0000)
  eden space 5504K,  95% used [0x00000000fec00000, 0x00000000ff11b798, 0x00000000ff160000)
  from space 640K,   1% used [0x00000000ff160000, 0x00000000ff162040, 0x00000000ff200000)
  to   space 640K,   0% used [0x00000000ff200000, 0x00000000ff200000, 0x00000000ff2a0000)
 concurrent mark-sweep generation total 13696K, used 8386K [0x00000000ff2a0000, 0x0000000100000000, 0x0000000100000000)
 Metaspace       used 5077K, capacity 5258K, committed 5504K, reserved 1056768K
  class space    used 557K, capacity 597K, committed 640K, reserved 1048576K
2024-07-16T17:59:01.743+0800: 8.888: [GC (Allocation Failure) 2024-07-16T17:59:01.743+0800: 8.888: [ParNew: 5237K->6K(6144K), 0.0014462 secs] 13624K->9416K(19840K), 0.0015848 secs] [Times: user=0.00 sys=0.00, real=0.00 secs] 
Heap after GC invocations=1125 (full 124):
 par new generation   total 6144K, used 6K [0x00000000fec00000, 0x00000000ff2a0000, 0x00000000ff2a0000)
  eden space 5504K,   0% used [0x00000000fec00000, 0x00000000fec00000, 0x00000000ff160000)
  from space 640K,   0% used [0x00000000ff200000, 0x00000000ff201830, 0x00000000ff2a0000)
  to   space 640K,   0% used [0x00000000ff160000, 0x00000000ff160000, 0x00000000ff200000)
 concurrent mark-sweep generation total 13696K, used 9410K [0x00000000ff2a0000, 0x0000000100000000, 0x0000000100000000)
 Metaspace       used 5077K, capacity 5258K, committed 5504K, reserved 1056768K
  class space    used 557K, capacity 597K, committed 640K, reserved 1048576K
}
{Heap before GC invocations=1125 (full 124):
 par new generation   total 6144K, used 5235K [0x00000000fec00000, 0x00000000ff2a0000, 0x00000000ff2a0000)
  eden space 5504K,  95% used [0x00000000fec00000, 0x00000000ff11b798, 0x00000000ff160000)
  from space 640K,   0% used [0x00000000ff200000, 0x00000000ff201830, 0x00000000ff2a0000)
  to   space 640K,   0% used [0x00000000ff160000, 0x00000000ff160000, 0x00000000ff200000)
 concurrent mark-sweep generation total 13696K, used 9410K [0x00000000ff2a0000, 0x0000000100000000, 0x0000000100000000)
 Metaspace       used 5077K, capacity 5258K, committed 5504K, reserved 1056768K
  class space    used 557K, capacity 597K, committed 640K, reserved 1048576K
2024-07-16T17:59:01.752+0800: 8.897: [GC (Allocation Failure) 2024-07-16T17:59:01.752+0800: 8.897: [ParNew: 5235K->6K(6144K), 0.0003792 secs] 14646K->10440K(19840K), 0.0004269 secs] [Times: user=0.00 sys=0.00, real=0.00 secs] 
Heap after GC invocations=1126 (full 124):
 par new generation   total 6144K, used 6K [0x00000000fec00000, 0x00000000ff2a0000, 0x00000000ff2a0000)
  eden space 5504K,   0% used [0x00000000fec00000, 0x00000000fec00000, 0x00000000ff160000)
  from space 640K,   0% used [0x00000000ff160000, 0x00000000ff161830, 0x00000000ff200000)
  to   space 640K,   0% used [0x00000000ff200000, 0x00000000ff200000, 0x00000000ff2a0000)
 concurrent mark-sweep generation total 13696K, used 10434K [0x00000000ff2a0000, 0x0000000100000000, 0x0000000100000000)
 Metaspace       used 5077K, capacity 5258K, committed 5504K, reserved 1056768K
  class space    used 557K, capacity 597K, committed 640K, reserved 1048576K
}
{Heap before GC invocations=1126 (full 124):
 par new generation   total 6144K, used 5235K [0x00000000fec00000, 0x00000000ff2a0000, 0x00000000ff2a0000)
  eden space 5504K,  95% used [0x00000000fec00000, 0x00000000ff11b798, 0x00000000ff160000)
  from space 640K,   0% used [0x00000000ff160000, 0x00000000ff161830, 0x00000000ff200000)
  to   space 640K,   0% used [0x00000000ff200000, 0x00000000ff200000, 0x00000000ff2a0000)
 concurrent mark-sweep generation total 13696K, used 10434K [0x00000000ff2a0000, 0x0000000100000000, 0x0000000100000000)
 Metaspace       used 5077K, capacity 5258K, committed 5504K, reserved 1056768K
  class space    used 557K, capacity 597K, committed 640K, reserved 1048576K
2024-07-16T17:59:01.760+0800: 8.905: [GC (Allocation Failure) 2024-07-16T17:59:01.760+0800: 8.905: [ParNew: 5235K->8K(6144K), 0.0003521 secs] 15670K->11466K(19840K), 0.0004697 secs] [Times: user=0.00 sys=0.00, real=0.00 secs] 
Heap after GC invocations=1127 (full 124):
 par new generation   total 6144K, used 8K [0x00000000fec00000, 0x00000000ff2a0000, 0x00000000ff2a0000)
  eden space 5504K,   0% used [0x00000000fec00000, 0x00000000fec00000, 0x00000000ff160000)
  from space 640K,   1% used [0x00000000ff200000, 0x00000000ff202040, 0x00000000ff2a0000)
  to   space 640K,   0% used [0x00000000ff160000, 0x00000000ff160000, 0x00000000ff200000)
 concurrent mark-sweep generation total 13696K, used 11458K [0x00000000ff2a0000, 0x0000000100000000, 0x0000000100000000)
 Metaspace       used 5077K, capacity 5258K, committed 5504K, reserved 1056768K
  class space    used 557K, capacity 597K, committed 640K, reserved 1048576K
}
{Heap before GC invocations=1127 (full 124):
 par new generation   total 6144K, used 5237K [0x00000000fec00000, 0x00000000ff2a0000, 0x00000000ff2a0000)
  eden space 5504K,  95% used [0x00000000fec00000, 0x00000000ff11b798, 0x00000000ff160000)
  from space 640K,   1% used [0x00000000ff200000, 0x00000000ff202040, 0x00000000ff2a0000)
  to   space 640K,   0% used [0x00000000ff160000, 0x00000000ff160000, 0x00000000ff200000)
 concurrent mark-sweep generation total 13696K, used 11458K [0x00000000ff2a0000, 0x0000000100000000, 0x0000000100000000)
 Metaspace       used 5077K, capacity 5258K, committed 5504K, reserved 1056768K
  class space    used 557K, capacity 597K, committed 640K, reserved 1048576K
2024-07-16T17:59:01.767+0800: 8.912: [GC (Allocation Failure) 2024-07-16T17:59:01.767+0800: 8.912: [ParNew: 5237K->6K(6144K), 0.0012413 secs] 16696K->12488K(19840K), 0.0013369 secs] [Times: user=0.00 sys=0.02, real=0.00 secs] 
Heap after GC invocations=1128 (full 124):
 par new generation   total 6144K, used 6K [0x00000000fec00000, 0x00000000ff2a0000, 0x00000000ff2a0000)
  eden space 5504K,   0% used [0x00000000fec00000, 0x00000000fec00000, 0x00000000ff160000)
  from space 640K,   0% used [0x00000000ff160000, 0x00000000ff161830, 0x00000000ff200000)
  to   space 640K,   0% used [0x00000000ff200000, 0x00000000ff200000, 0x00000000ff2a0000)
 concurrent mark-sweep generation total 13696K, used 12482K [0x00000000ff2a0000, 0x0000000100000000, 0x0000000100000000)
 Metaspace       used 5077K, capacity 5258K, committed 5504K, reserved 1056768K
  class space    used 557K, capacity 597K, committed 640K, reserved 1048576K
}
{Heap before GC invocations=1128 (full 124):
 par new generation   total 6144K, used 5235K [0x00000000fec00000, 0x00000000ff2a0000, 0x00000000ff2a0000)
  eden space 5504K,  95% used [0x00000000fec00000, 0x00000000ff11b7b0, 0x00000000ff160000)
  from space 640K,   0% used [0x00000000ff160000, 0x00000000ff161830, 0x00000000ff200000)
  to   space 640K,   0% used [0x00000000ff200000, 0x00000000ff200000, 0x00000000ff2a0000)
 concurrent mark-sweep generation total 13696K, used 12482K [0x00000000ff2a0000, 0x0000000100000000, 0x0000000100000000)
 Metaspace       used 5077K, capacity 5258K, committed 5504K, reserved 1056768K
  class space    used 557K, capacity 597K, committed 640K, reserved 1048576K
2024-07-16T17:59:01.774+0800: 8.919: [GC (Allocation Failure) 2024-07-16T17:59:01.774+0800: 8.919: [ParNew: 5235K->6K(6144K), 0.0003559 secs] 17718K->13514K(19840K), 0.0004465 secs] [Times: user=0.00 sys=0.00, real=0.00 secs] 
Heap after GC invocations=1129 (full 124):
 par new generation   total 6144K, used 6K [0x00000000fec00000, 0x00000000ff2a0000, 0x00000000ff2a0000)
  eden space 5504K,   0% used [0x00000000fec00000, 0x00000000fec00000, 0x00000000ff160000)
  from space 640K,   0% used [0x00000000ff200000, 0x00000000ff201830, 0x00000000ff2a0000)
  to   space 640K,   0% used [0x00000000ff160000, 0x00000000ff160000, 0x00000000ff200000)
 concurrent mark-sweep generation total 13696K, used 13508K [0x00000000ff2a0000, 0x0000000100000000, 0x0000000100000000)
 Metaspace       used 5077K, capacity 5258K, committed 5504K, reserved 1056768K
  class space    used 557K, capacity 597K, committed 640K, reserved 1048576K
}
2024-07-16T17:59:01.774+0800: 8.919: [CMS-concurrent-abortable-preclean: 0.001/0.034 secs] [Times: user=0.00 sys=0.02, real=0.03 secs] 
2024-07-16T17:59:01.774+0800: 8.919: [GC (CMS Final Remark) [YG occupancy: 1030 K (6144 K)]2024-07-16T17:59:01.774+0800: 8.919: [Rescan (parallel) , 0.0001123 secs]2024-07-16T17:59:01.774+0800: 8.920: [weak refs processing, 0.0000078 secs]2024-07-16T17:59:01.774+0800: 8.920: [class unloading, 0.0009574 secs]2024-07-16T17:59:01.775+0800: 8.921: [scrub symbol table, 0.0011148 secs]2024-07-16T17:59:01.776+0800: 8.922: [scrub string table, 0.0003872 secs][1 CMS-remark: 13508K(13696K)] 14538K(19840K), 0.0026991 secs] [Times: user=0.00 sys=0.00, real=0.00 secs] 
2024-07-16T17:59:01.777+0800: 8.922: [CMS-concurrent-sweep-start]
2024-07-16T17:59:01.777+0800: 8.923: [CMS-concurrent-sweep: 0.000/0.000 secs] [Times: user=0.00 sys=0.00, real=0.00 secs] 
2024-07-16T17:59:01.777+0800: 8.923: [CMS-concurrent-reset-start]
2024-07-16T17:59:01.777+0800: 8.923: [CMS-concurrent-reset: 0.000/0.000 secs] [Times: user=0.00 sys=0.00, real=0.00 secs] 
{Heap before GC invocations=1129 (full 124):
 par new generation   total 6144K, used 5235K [0x00000000fec00000, 0x00000000ff2a0000, 0x00000000ff2a0000)
  eden space 5504K,  95% used [0x00000000fec00000, 0x00000000ff11b7b0, 0x00000000ff160000)
  from space 640K,   0% used [0x00000000ff200000, 0x00000000ff201830, 0x00000000ff2a0000)
  to   space 640K,   0% used [0x00000000ff160000, 0x00000000ff160000, 0x00000000ff200000)
 concurrent mark-sweep generation total 13696K, used 7363K [0x00000000ff2a0000, 0x0000000100000000, 0x0000000100000000)
 Metaspace       used 5077K, capacity 5258K, committed 5504K, reserved 1056768K
  class space    used 557K, capacity 597K, committed 640K, reserved 1048576K
2024-07-16T17:59:01.785+0800: 8.929: [GC (Allocation Failure) 2024-07-16T17:59:01.785+0800: 8.929: [ParNew: 5235K->6K(6144K), 0.0004010 secs] 12599K->8393K(19840K), 0.0004411 secs] [Times: user=0.00 sys=0.00, real=0.00 secs] 
Heap after GC invocations=1130 (full 124):
 par new generation   total 6144K, used 6K [0x00000000fec00000, 0x00000000ff2a0000, 0x00000000ff2a0000)
  eden space 5504K,   0% used [0x00000000fec00000, 0x00000000fec00000, 0x00000000ff160000)
  from space 640K,   0% used [0x00000000ff160000, 0x00000000ff161830, 0x00000000ff200000)
  to   space 640K,   0% used [0x00000000ff200000, 0x00000000ff200000, 0x00000000ff2a0000)
 concurrent mark-sweep generation total 13696K, used 8387K [0x00000000ff2a0000, 0x0000000100000000, 0x0000000100000000)
 Metaspace       used 5077K, capacity 5258K, committed 5504K, reserved 1056768K
  class space    used 557K, capacity 597K, committed 640K, reserved 1048576K
}
2024-07-16T17:59:01.785+0800: 8.930: [GC (CMS Initial Mark) [1 CMS-initial-mark: 8387K(13696K)] 9417K(19840K), 0.0001140 secs] [Times: user=0.00 sys=0.00, real=0.00 secs] 
2024-07-16T17:59:01.785+0800: 8.930: [CMS-concurrent-mark-start]
2024-07-16T17:59:01.787+0800: 8.932: [CMS-concurrent-mark: 0.002/0.002 secs] [Times: user=0.00 sys=0.00, real=0.00 secs] 
2024-07-16T17:59:01.787+0800: 8.932: [CMS-concurrent-preclean-start]
2024-07-16T17:59:01.787+0800: 8.932: [CMS-concurrent-preclean: 0.000/0.000 secs] [Times: user=0.00 sys=0.00, real=0.00 secs] 
2024-07-16T17:59:01.787+0800: 8.932: [CMS-concurrent-abortable-preclean-start]
{Heap before GC invocations=1130 (full 125):
 par new generation   total 6144K, used 5235K [0x00000000fec00000, 0x00000000ff2a0000, 0x00000000ff2a0000)
  eden space 5504K,  95% used [0x00000000fec00000, 0x00000000ff11b7b0, 0x00000000ff160000)
  from space 640K,   0% used [0x00000000ff160000, 0x00000000ff161830, 0x00000000ff200000)
  to   space 640K,   0% used [0x00000000ff200000, 0x00000000ff200000, 0x00000000ff2a0000)
 concurrent mark-sweep generation total 13696K, used 8387K [0x00000000ff2a0000, 0x0000000100000000, 0x0000000100000000)
 Metaspace       used 5077K, capacity 5258K, committed 5504K, reserved 1056768K
  class space    used 557K, capacity 597K, committed 640K, reserved 1048576K
2024-07-16T17:59:01.792+0800: 8.937: [GC (Allocation Failure) 2024-07-16T17:59:01.792+0800: 8.937: [ParNew: 5235K->4K(6144K), 0.0011344 secs] 13623K->8391K(19840K), 0.0012710 secs] [Times: user=0.00 sys=0.00, real=0.00 secs] 
Heap after GC invocations=1131 (full 125):
 par new generation   total 6144K, used 4K [0x00000000fec00000, 0x00000000ff2a0000, 0x00000000ff2a0000)
  eden space 5504K,   0% used [0x00000000fec00000, 0x00000000fec00000, 0x00000000ff160000)
  from space 640K,   0% used [0x00000000ff200000, 0x00000000ff201020, 0x00000000ff2a0000)
  to   space 640K,   0% used [0x00000000ff160000, 0x00000000ff160000, 0x00000000ff200000)
 concurrent mark-sweep generation total 13696K, used 8387K [0x00000000ff2a0000, 0x0000000100000000, 0x0000000100000000)
 Metaspace       used 5077K, capacity 5258K, committed 5504K, reserved 1056768K
  class space    used 557K, capacity 597K, committed 640K, reserved 1048576K
}
{Heap before GC invocations=1131 (full 125):
 par new generation   total 6144K, used 5233K [0x00000000fec00000, 0x00000000ff2a0000, 0x00000000ff2a0000)
  eden space 5504K,  95% used [0x00000000fec00000, 0x00000000ff11b7b0, 0x00000000ff160000)
  from space 640K,   0% used [0x00000000ff200000, 0x00000000ff201020, 0x00000000ff2a0000)
  to   space 640K,   0% used [0x00000000ff160000, 0x00000000ff160000, 0x00000000ff200000)
 concurrent mark-sweep generation total 13696K, used 8387K [0x00000000ff2a0000, 0x0000000100000000, 0x0000000100000000)
 Metaspace       used 5077K, capacity 5258K, committed 5504K, reserved 1056768K
  class space    used 557K, capacity 597K, committed 640K, reserved 1048576K
2024-07-16T17:59:01.800+0800: 8.945: [GC (Allocation Failure) 2024-07-16T17:59:01.800+0800: 8.945: [ParNew: 5233K->6K(6144K), 0.0009069 secs] 13621K->9420K(19840K), 0.0010139 secs] [Times: user=0.00 sys=0.00, real=0.00 secs] 
Heap after GC invocations=1132 (full 125):
 par new generation   total 6144K, used 6K [0x00000000fec00000, 0x00000000ff2a0000, 0x00000000ff2a0000)
  eden space 5504K,   0% used [0x00000000fec00000, 0x00000000fec00000, 0x00000000ff160000)
  from space 640K,   0% used [0x00000000ff160000, 0x00000000ff161830, 0x00000000ff200000)
  to   space 640K,   0% used [0x00000000ff200000, 0x00000000ff200000, 0x00000000ff2a0000)
 concurrent mark-sweep generation total 13696K, used 9413K [0x00000000ff2a0000, 0x0000000100000000, 0x0000000100000000)
 Metaspace       used 5077K, capacity 5258K, committed 5504K, reserved 1056768K
  class space    used 557K, capacity 597K, committed 640K, reserved 1048576K
}
{Heap before GC invocations=1132 (full 125):
 par new generation   total 6144K, used 5235K [0x00000000fec00000, 0x00000000ff2a0000, 0x00000000ff2a0000)
  eden space 5504K,  95% used [0x00000000fec00000, 0x00000000ff11b7b0, 0x00000000ff160000)
  from space 640K,   0% used [0x00000000ff160000, 0x00000000ff161830, 0x00000000ff200000)
  to   space 640K,   0% used [0x00000000ff200000, 0x00000000ff200000, 0x00000000ff2a0000)
 concurrent mark-sweep generation total 13696K, used 9413K [0x00000000ff2a0000, 0x0000000100000000, 0x0000000100000000)
 Metaspace       used 5077K, capacity 5258K, committed 5504K, reserved 1056768K
  class space    used 557K, capacity 597K, committed 640K, reserved 1048576K
2024-07-16T17:59:01.810+0800: 8.954: [GC (Allocation Failure) 2024-07-16T17:59:01.810+0800: 8.954: [ParNew: 5235K->4K(6144K), 0.0002721 secs] 14649K->9418K(19840K), 0.0003242 secs] [Times: user=0.00 sys=0.00, real=0.00 secs] 
Heap after GC invocations=1133 (full 125):
 par new generation   total 6144K, used 4K [0x00000000fec00000, 0x00000000ff2a0000, 0x00000000ff2a0000)
  eden space 5504K,   0% used [0x00000000fec00000, 0x00000000fec00000, 0x00000000ff160000)
  from space 640K,   0% used [0x00000000ff200000, 0x00000000ff201020, 0x00000000ff2a0000)
  to   space 640K,   0% used [0x00000000ff160000, 0x00000000ff160000, 0x00000000ff200000)
 concurrent mark-sweep generation total 13696K, used 9413K [0x00000000ff2a0000, 0x0000000100000000, 0x0000000100000000)
 Metaspace       used 5077K, capacity 5258K, committed 5504K, reserved 1056768K
  class space    used 557K, capacity 597K, committed 640K, reserved 1048576K
}
{Heap before GC invocations=1133 (full 125):
 par new generation   total 6144K, used 5233K [0x00000000fec00000, 0x00000000ff2a0000, 0x00000000ff2a0000)
  eden space 5504K,  95% used [0x00000000fec00000, 0x00000000ff11b7b0, 0x00000000ff160000)
  from space 640K,   0% used [0x00000000ff200000, 0x00000000ff201020, 0x00000000ff2a0000)
  to   space 640K,   0% used [0x00000000ff160000, 0x00000000ff160000, 0x00000000ff200000)
 concurrent mark-sweep generation total 13696K, used 9413K [0x00000000ff2a0000, 0x0000000100000000, 0x0000000100000000)
 Metaspace       used 5077K, capacity 5258K, committed 5504K, reserved 1056768K
  class space    used 557K, capacity 597K, committed 640K, reserved 1048576K
2024-07-16T17:59:01.817+0800: 8.961: [GC (Allocation Failure) 2024-07-16T17:59:01.817+0800: 8.961: [ParNew: 5233K->4K(6144K), 0.0002713 secs] 14647K->9418K(19840K), 0.0003171 secs] [Times: user=0.00 sys=0.00, real=0.00 secs] 
Heap after GC invocations=1134 (full 125):
 par new generation   total 6144K, used 4K [0x00000000fec00000, 0x00000000ff2a0000, 0x00000000ff2a0000)
  eden space 5504K,   0% used [0x00000000fec00000, 0x00000000fec00000, 0x00000000ff160000)
  from space 640K,   0% used [0x00000000ff160000, 0x00000000ff161020, 0x00000000ff200000)
  to   space 640K,   0% used [0x00000000ff200000, 0x00000000ff200000, 0x00000000ff2a0000)
 concurrent mark-sweep generation total 13696K, used 9413K [0x00000000ff2a0000, 0x0000000100000000, 0x0000000100000000)
 Metaspace       used 5077K, capacity 5258K, committed 5504K, reserved 1056768K
  class space    used 557K, capacity 597K, committed 640K, reserved 1048576K
}
{Heap before GC invocations=1134 (full 125):
 par new generation   total 6144K, used 5233K [0x00000000fec00000, 0x00000000ff2a0000, 0x00000000ff2a0000)
  eden space 5504K,  95% used [0x00000000fec00000, 0x00000000ff11b7b0, 0x00000000ff160000)
  from space 640K,   0% used [0x00000000ff160000, 0x00000000ff161020, 0x00000000ff200000)
  to   space 640K,   0% used [0x00000000ff200000, 0x00000000ff200000, 0x00000000ff2a0000)
 concurrent mark-sweep generation total 13696K, used 9413K [0x00000000ff2a0000, 0x0000000100000000, 0x0000000100000000)
 Metaspace       used 5077K, capacity 5258K, committed 5504K, reserved 1056768K
  class space    used 557K, capacity 597K, committed 640K, reserved 1048576K
2024-07-16T17:59:01.824+0800: 8.968: [GC (Allocation Failure) 2024-07-16T17:59:01.824+0800: 8.968: [ParNew: 5233K->8K(6144K), 0.0003780 secs] 14647K->10446K(19840K), 0.0004326 secs] [Times: user=0.00 sys=0.00, real=0.00 secs] 
Heap after GC invocations=1135 (full 125):
 par new generation   total 6144K, used 8K [0x00000000fec00000, 0x00000000ff2a0000, 0x00000000ff2a0000)
  eden space 5504K,   0% used [0x00000000fec00000, 0x00000000fec00000, 0x00000000ff160000)
  from space 640K,   1% used [0x00000000ff200000, 0x00000000ff202040, 0x00000000ff2a0000)
  to   space 640K,   0% used [0x00000000ff160000, 0x00000000ff160000, 0x00000000ff200000)
 concurrent mark-sweep generation total 13696K, used 10438K [0x00000000ff2a0000, 0x0000000100000000, 0x0000000100000000)
 Metaspace       used 5077K, capacity 5258K, committed 5504K, reserved 1056768K
  class space    used 557K, capacity 597K, committed 640K, reserved 1048576K
}
{Heap before GC invocations=1135 (full 125):
 par new generation   total 6144K, used 5237K [0x00000000fec00000, 0x00000000ff2a0000, 0x00000000ff2a0000)
  eden space 5504K,  95% used [0x00000000fec00000, 0x00000000ff11b7b0, 0x00000000ff160000)
  from space 640K,   1% used [0x00000000ff200000, 0x00000000ff202040, 0x00000000ff2a0000)
  to   space 640K,   0% used [0x00000000ff160000, 0x00000000ff160000, 0x00000000ff200000)
 concurrent mark-sweep generation total 13696K, used 10438K [0x00000000ff2a0000, 0x0000000100000000, 0x0000000100000000)
 Metaspace       used 5077K, capacity 5258K, committed 5504K, reserved 1056768K
  class space    used 557K, capacity 597K, committed 640K, reserved 1048576K
2024-07-16T17:59:01.831+0800: 8.975: [GC (Allocation Failure) 2024-07-16T17:59:01.831+0800: 8.975: [ParNew: 5237K->8K(6144K), 0.0003648 secs] 15675K->11470K(19840K), 0.0004171 secs] [Times: user=0.00 sys=0.00, real=0.00 secs] 
Heap after GC invocations=1136 (full 125):
 par new generation   total 6144K, used 8K [0x00000000fec00000, 0x00000000ff2a0000, 0x00000000ff2a0000)
  eden space 5504K,   0% used [0x00000000fec00000, 0x00000000fec00000, 0x00000000ff160000)
  from space 640K,   1% used [0x00000000ff160000, 0x00000000ff162040, 0x00000000ff200000)
  to   space 640K,   0% used [0x00000000ff200000, 0x00000000ff200000, 0x00000000ff2a0000)
 concurrent mark-sweep generation total 13696K, used 11462K [0x00000000ff2a0000, 0x0000000100000000, 0x0000000100000000)
 Metaspace       used 5077K, capacity 5258K, committed 5504K, reserved 1056768K
  class space    used 557K, capacity 597K, committed 640K, reserved 1048576K
}
{Heap before GC invocations=1136 (full 125):
 par new generation   total 6144K, used 5237K [0x00000000fec00000, 0x00000000ff2a0000, 0x00000000ff2a0000)
  eden space 5504K,  95% used [0x00000000fec00000, 0x00000000ff11b7b0, 0x00000000ff160000)
  from space 640K,   1% used [0x00000000ff160000, 0x00000000ff162040, 0x00000000ff200000)
  to   space 640K,   0% used [0x00000000ff200000, 0x00000000ff200000, 0x00000000ff2a0000)
 concurrent mark-sweep generation total 13696K, used 11462K [0x00000000ff2a0000, 0x0000000100000000, 0x0000000100000000)
 Metaspace       used 5077K, capacity 5258K, committed 5504K, reserved 1056768K
  class space    used 557K, capacity 597K, committed 640K, reserved 1048576K
2024-07-16T17:59:01.839+0800: 8.983: [GC (Allocation Failure) 2024-07-16T17:59:01.839+0800: 8.983: [ParNew: 5237K->4K(6144K), 0.0002635 secs] 16700K->11466K(19840K), 0.0003065 secs] [Times: user=0.00 sys=0.00, real=0.00 secs] 
Heap after GC invocations=1137 (full 125):
 par new generation   total 6144K, used 4K [0x00000000fec00000, 0x00000000ff2a0000, 0x00000000ff2a0000)
  eden space 5504K,   0% used [0x00000000fec00000, 0x00000000fec00000, 0x00000000ff160000)
  from space 640K,   0% used [0x00000000ff200000, 0x00000000ff201020, 0x00000000ff2a0000)
  to   space 640K,   0% used [0x00000000ff160000, 0x00000000ff160000, 0x00000000ff200000)
 concurrent mark-sweep generation total 13696K, used 11462K [0x00000000ff2a0000, 0x0000000100000000, 0x0000000100000000)
 Metaspace       used 5077K, capacity 5258K, committed 5504K, reserved 1056768K
  class space    used 557K, capacity 597K, committed 640K, reserved 1048576K
}
{Heap before GC invocations=1137 (full 125):
 par new generation   total 6144K, used 5233K [0x00000000fec00000, 0x00000000ff2a0000, 0x00000000ff2a0000)
  eden space 5504K,  95% used [0x00000000fec00000, 0x00000000ff11b7b0, 0x00000000ff160000)
  from space 640K,   0% used [0x00000000ff200000, 0x00000000ff201020, 0x00000000ff2a0000)
  to   space 640K,   0% used [0x00000000ff160000, 0x00000000ff160000, 0x00000000ff200000)
 concurrent mark-sweep generation total 13696K, used 11462K [0x00000000ff2a0000, 0x0000000100000000, 0x0000000100000000)
 Metaspace       used 5077K, capacity 5258K, committed 5504K, reserved 1056768K
  class space    used 557K, capacity 597K, committed 640K, reserved 1048576K
2024-07-16T17:59:01.846+0800: 8.990: [GC (Allocation Failure) 2024-07-16T17:59:01.846+0800: 8.990: [ParNew: 5233K->4K(6144K), 0.0003123 secs] 16695K->11466K(19840K), 0.0003584 secs] [Times: user=0.00 sys=0.00, real=0.00 secs] 
Heap after GC invocations=1138 (full 125):
 par new generation   total 6144K, used 4K [0x00000000fec00000, 0x00000000ff2a0000, 0x00000000ff2a0000)
  eden space 5504K,   0% used [0x00000000fec00000, 0x00000000fec00000, 0x00000000ff160000)
  from space 640K,   0% used [0x00000000ff160000, 0x00000000ff161020, 0x00000000ff200000)
  to   space 640K,   0% used [0x00000000ff200000, 0x00000000ff200000, 0x00000000ff2a0000)
 concurrent mark-sweep generation total 13696K, used 11462K [0x00000000ff2a0000, 0x0000000100000000, 0x0000000100000000)
 Metaspace       used 5077K, capacity 5258K, committed 5504K, reserved 1056768K
  class space    used 557K, capacity 597K, committed 640K, reserved 1048576K
}
{Heap before GC invocations=1138 (full 125):
 par new generation   total 6144K, used 5233K [0x00000000fec00000, 0x00000000ff2a0000, 0x00000000ff2a0000)
  eden space 5504K,  95% used [0x00000000fec00000, 0x00000000ff11b7b0, 0x00000000ff160000)
  from space 640K,   0% used [0x00000000ff160000, 0x00000000ff161020, 0x00000000ff200000)
  to   space 640K,   0% used [0x00000000ff200000, 0x00000000ff200000, 0x00000000ff2a0000)
 concurrent mark-sweep generation total 13696K, used 11462K [0x00000000ff2a0000, 0x0000000100000000, 0x0000000100000000)
 Metaspace       used 5077K, capacity 5258K, committed 5504K, reserved 1056768K
  class space    used 557K, capacity 597K, committed 640K, reserved 1048576K
2024-07-16T17:59:01.853+0800: 8.997: [GC (Allocation Failure) 2024-07-16T17:59:01.853+0800: 8.997: [ParNew: 5233K->8K(6144K), 0.0003728 secs] 16695K->12496K(19840K), 0.0004137 secs] [Times: user=0.00 sys=0.00, real=0.00 secs] 
Heap after GC invocations=1139 (full 125):
 par new generation   total 6144K, used 8K [0x00000000fec00000, 0x00000000ff2a0000, 0x00000000ff2a0000)
  eden space 5504K,   0% used [0x00000000fec00000, 0x00000000fec00000, 0x00000000ff160000)
  from space 640K,   1% used [0x00000000ff200000, 0x00000000ff202040, 0x00000000ff2a0000)
  to   space 640K,   0% used [0x00000000ff160000, 0x00000000ff160000, 0x00000000ff200000)
 concurrent mark-sweep generation total 13696K, used 12488K [0x00000000ff2a0000, 0x0000000100000000, 0x0000000100000000)
 Metaspace       used 5077K, capacity 5258K, committed 5504K, reserved 1056768K
  class space    used 557K, capacity 597K, committed 640K, reserved 1048576K
}
{Heap before GC invocations=1139 (full 125):
 par new generation   total 6144K, used 5237K [0x00000000fec00000, 0x00000000ff2a0000, 0x00000000ff2a0000)
  eden space 5504K,  95% used [0x00000000fec00000, 0x00000000ff11b7b0, 0x00000000ff160000)
  from space 640K,   1% used [0x00000000ff200000, 0x00000000ff202040, 0x00000000ff2a0000)
  to   space 640K,   0% used [0x00000000ff160000, 0x00000000ff160000, 0x00000000ff200000)
 concurrent mark-sweep generation total 13696K, used 12488K [0x00000000ff2a0000, 0x0000000100000000, 0x0000000100000000)
 Metaspace       used 5077K, capacity 5258K, committed 5504K, reserved 1056768K
  class space    used 557K, capacity 597K, committed 640K, reserved 1048576K
2024-07-16T17:59:01.860+0800: 9.004: [GC (Allocation Failure) 2024-07-16T17:59:01.860+0800: 9.004: [ParNew: 5237K->5237K(6144K), 0.0000098 secs]2024-07-16T17:59:01.860+0800: 9.004: [CMS2024-07-16T17:59:01.860+0800: 9.004: [CMS-concurrent-abortable-preclean: 0.001/0.073 secs] [Times: user=0.00 sys=0.00, real=0.07 secs] 
 (concurrent mode failure): 12488K->1205K(13696K), 0.0024146 secs] 17726K->1205K(19840K), [Metaspace: 5077K->5077K(1056768K)], 0.0024752 secs] [Times: user=0.02 sys=0.00, real=0.00 secs] 
Heap after GC invocations=1140 (full 126):
 par new generation   total 6144K, used 0K [0x00000000fec00000, 0x00000000ff2a0000, 0x00000000ff2a0000)
  eden space 5504K,   0% used [0x00000000fec00000, 0x00000000fec00000, 0x00000000ff160000)
  from space 640K,   0% used [0x00000000ff200000, 0x00000000ff200000, 0x00000000ff2a0000)
  to   space 640K,   0% used [0x00000000ff160000, 0x00000000ff160000, 0x00000000ff200000)
 concurrent mark-sweep generation total 13696K, used 1205K [0x00000000ff2a0000, 0x0000000100000000, 0x0000000100000000)
 Metaspace       used 5077K, capacity 5258K, committed 5504K, reserved 1056768K
  class space    used 557K, capacity 597K, committed 640K, reserved 1048576K
}
{Heap before GC invocations=1140 (full 126):
 par new generation   total 6144K, used 5229K [0x00000000fec00000, 0x00000000ff2a0000, 0x00000000ff2a0000)
  eden space 5504K,  95% used [0x00000000fec00000, 0x00000000ff11b7b0, 0x00000000ff160000)
  from space 640K,   0% used [0x00000000ff200000, 0x00000000ff200000, 0x00000000ff2a0000)
  to   space 640K,   0% used [0x00000000ff160000, 0x00000000ff160000, 0x00000000ff200000)
 concurrent mark-sweep generation total 13696K, used 1205K [0x00000000ff2a0000, 0x0000000100000000, 0x0000000100000000)
 Metaspace       used 5077K, capacity 5258K, committed 5504K, reserved 1056768K
  class space    used 557K, capacity 597K, committed 640K, reserved 1048576K
2024-07-16T17:59:01.871+0800: 9.015: [GC (Allocation Failure) 2024-07-16T17:59:01.871+0800: 9.015: [ParNew: 5229K->4K(6144K), 0.0002803 secs] 6435K->1209K(19840K), 0.0003304 secs] [Times: user=0.00 sys=0.00, real=0.00 secs] 
Heap after GC invocations=1141 (full 126):
 par new generation   total 6144K, used 4K [0x00000000fec00000, 0x00000000ff2a0000, 0x00000000ff2a0000)
  eden space 5504K,   0% used [0x00000000fec00000, 0x00000000fec00000, 0x00000000ff160000)
  from space 640K,   0% used [0x00000000ff160000, 0x00000000ff161020, 0x00000000ff200000)
  to   space 640K,   0% used [0x00000000ff200000, 0x00000000ff200000, 0x00000000ff2a0000)
 concurrent mark-sweep generation total 13696K, used 1205K [0x00000000ff2a0000, 0x0000000100000000, 0x0000000100000000)
 Metaspace       used 5077K, capacity 5258K, committed 5504K, reserved 1056768K
  class space    used 557K, capacity 597K, committed 640K, reserved 1048576K
}
{Heap before GC invocations=1141 (full 126):
 par new generation   total 6144K, used 5233K [0x00000000fec00000, 0x00000000ff2a0000, 0x00000000ff2a0000)
  eden space 5504K,  95% used [0x00000000fec00000, 0x00000000ff11b7b0, 0x00000000ff160000)
  from space 640K,   0% used [0x00000000ff160000, 0x00000000ff161020, 0x00000000ff200000)
  to   space 640K,   0% used [0x00000000ff200000, 0x00000000ff200000, 0x00000000ff2a0000)
 concurrent mark-sweep generation total 13696K, used 1205K [0x00000000ff2a0000, 0x0000000100000000, 0x0000000100000000)
 Metaspace       used 5077K, capacity 5258K, committed 5504K, reserved 1056768K
  class space    used 557K, capacity 597K, committed 640K, reserved 1048576K
2024-07-16T17:59:01.878+0800: 9.022: [GC (Allocation Failure) 2024-07-16T17:59:01.878+0800: 9.022: [ParNew: 5233K->6K(6144K), 0.0006963 secs] 6439K->2237K(19840K), 0.0007738 secs] [Times: user=0.00 sys=0.00, real=0.00 secs] 
Heap after GC invocations=1142 (full 126):
 par new generation   total 6144K, used 6K [0x00000000fec00000, 0x00000000ff2a0000, 0x00000000ff2a0000)
  eden space 5504K,   0% used [0x00000000fec00000, 0x00000000fec00000, 0x00000000ff160000)
  from space 640K,   0% used [0x00000000ff200000, 0x00000000ff201830, 0x00000000ff2a0000)
  to   space 640K,   0% used [0x00000000ff160000, 0x00000000ff160000, 0x00000000ff200000)
 concurrent mark-sweep generation total 13696K, used 2231K [0x00000000ff2a0000, 0x0000000100000000, 0x0000000100000000)
 Metaspace       used 5077K, capacity 5258K, committed 5504K, reserved 1056768K
  class space    used 557K, capacity 597K, committed 640K, reserved 1048576K
}
{Heap before GC invocations=1142 (full 126):
 par new generation   total 6144K, used 5235K [0x00000000fec00000, 0x00000000ff2a0000, 0x00000000ff2a0000)
  eden space 5504K,  95% used [0x00000000fec00000, 0x00000000ff11b7b0, 0x00000000ff160000)
  from space 640K,   0% used [0x00000000ff200000, 0x00000000ff201830, 0x00000000ff2a0000)
  to   space 640K,   0% used [0x00000000ff160000, 0x00000000ff160000, 0x00000000ff200000)
 concurrent mark-sweep generation total 13696K, used 2231K [0x00000000ff2a0000, 0x0000000100000000, 0x0000000100000000)
 Metaspace       used 5077K, capacity 5258K, committed 5504K, reserved 1056768K
  class space    used 557K, capacity 597K, committed 640K, reserved 1048576K
2024-07-16T17:59:01.886+0800: 9.030: [GC (Allocation Failure) 2024-07-16T17:59:01.886+0800: 9.030: [ParNew: 5235K->8K(6144K), 0.0004157 secs] 7467K->3265K(19840K), 0.0004693 secs] [Times: user=0.00 sys=0.00, real=0.00 secs] 
Heap after GC invocations=1143 (full 126):
 par new generation   total 6144K, used 8K [0x00000000fec00000, 0x00000000ff2a0000, 0x00000000ff2a0000)
  eden space 5504K,   0% used [0x00000000fec00000, 0x00000000fec00000, 0x00000000ff160000)
  from space 640K,   1% used [0x00000000ff160000, 0x00000000ff162040, 0x00000000ff200000)
  to   space 640K,   0% used [0x00000000ff200000, 0x00000000ff200000, 0x00000000ff2a0000)
 concurrent mark-sweep generation total 13696K, used 3257K [0x00000000ff2a0000, 0x0000000100000000, 0x0000000100000000)
 Metaspace       used 5077K, capacity 5258K, committed 5504K, reserved 1056768K
  class space    used 557K, capacity 597K, committed 640K, reserved 1048576K
}
{Heap before GC invocations=1143 (full 126):
 par new generation   total 6144K, used 5237K [0x00000000fec00000, 0x00000000ff2a0000, 0x00000000ff2a0000)
  eden space 5504K,  95% used [0x00000000fec00000, 0x00000000ff11b7b0, 0x00000000ff160000)
  from space 640K,   1% used [0x00000000ff160000, 0x00000000ff162040, 0x00000000ff200000)
  to   space 640K,   0% used [0x00000000ff200000, 0x00000000ff200000, 0x00000000ff2a0000)
 concurrent mark-sweep generation total 13696K, used 3257K [0x00000000ff2a0000, 0x0000000100000000, 0x0000000100000000)
 Metaspace       used 5077K, capacity 5258K, committed 5504K, reserved 1056768K
  class space    used 557K, capacity 597K, committed 640K, reserved 1048576K
2024-07-16T17:59:01.894+0800: 9.038: [GC (Allocation Failure) 2024-07-16T17:59:01.894+0800: 9.038: [ParNew: 5237K->4K(6144K), 0.0002737 secs] 8495K->3261K(19840K), 0.0003172 secs] [Times: user=0.00 sys=0.00, real=0.00 secs] 
Heap after GC invocations=1144 (full 126):
 par new generation   total 6144K, used 4K [0x00000000fec00000, 0x00000000ff2a0000, 0x00000000ff2a0000)
  eden space 5504K,   0% used [0x00000000fec00000, 0x00000000fec00000, 0x00000000ff160000)
  from space 640K,   0% used [0x00000000ff200000, 0x00000000ff201020, 0x00000000ff2a0000)
  to   space 640K,   0% used [0x00000000ff160000, 0x00000000ff160000, 0x00000000ff200000)
 concurrent mark-sweep generation total 13696K, used 3257K [0x00000000ff2a0000, 0x0000000100000000, 0x0000000100000000)
 Metaspace       used 5077K, capacity 5258K, committed 5504K, reserved 1056768K
  class space    used 557K, capacity 597K, committed 640K, reserved 1048576K
}
{Heap before GC invocations=1144 (full 126):
 par new generation   total 6144K, used 5233K [0x00000000fec00000, 0x00000000ff2a0000, 0x00000000ff2a0000)
  eden space 5504K,  95% used [0x00000000fec00000, 0x00000000ff11b7b0, 0x00000000ff160000)
  from space 640K,   0% used [0x00000000ff200000, 0x00000000ff201020, 0x00000000ff2a0000)
  to   space 640K,   0% used [0x00000000ff160000, 0x00000000ff160000, 0x00000000ff200000)
 concurrent mark-sweep generation total 13696K, used 3257K [0x00000000ff2a0000, 0x0000000100000000, 0x0000000100000000)
 Metaspace       used 5077K, capacity 5258K, committed 5504K, reserved 1056768K
  class space    used 557K, capacity 597K, committed 640K, reserved 1048576K
2024-07-16T17:59:01.902+0800: 9.046: [GC (Allocation Failure) 2024-07-16T17:59:01.902+0800: 9.046: [ParNew: 5233K->4K(6144K), 0.0002826 secs] 8491K->3261K(19840K), 0.0003158 secs] [Times: user=0.00 sys=0.00, real=0.00 secs] 
Heap after GC invocations=1145 (full 126):
 par new generation   total 6144K, used 4K [0x00000000fec00000, 0x00000000ff2a0000, 0x00000000ff2a0000)
  eden space 5504K,   0% used [0x00000000fec00000, 0x00000000fec00000, 0x00000000ff160000)
  from space 640K,   0% used [0x00000000ff160000, 0x00000000ff161020, 0x00000000ff200000)
  to   space 640K,   0% used [0x00000000ff200000, 0x00000000ff200000, 0x00000000ff2a0000)
 concurrent mark-sweep generation total 13696K, used 3257K [0x00000000ff2a0000, 0x0000000100000000, 0x0000000100000000)
 Metaspace       used 5077K, capacity 5258K, committed 5504K, reserved 1056768K
  class space    used 557K, capacity 597K, committed 640K, reserved 1048576K
}
{Heap before GC invocations=1145 (full 126):
 par new generation   total 6144K, used 5233K [0x00000000fec00000, 0x00000000ff2a0000, 0x00000000ff2a0000)
  eden space 5504K,  95% used [0x00000000fec00000, 0x00000000ff11b7b0, 0x00000000ff160000)
  from space 640K,   0% used [0x00000000ff160000, 0x00000000ff161020, 0x00000000ff200000)
  to   space 640K,   0% used [0x00000000ff200000, 0x00000000ff200000, 0x00000000ff2a0000)
 concurrent mark-sweep generation total 13696K, used 3257K [0x00000000ff2a0000, 0x0000000100000000, 0x0000000100000000)
 Metaspace       used 5077K, capacity 5258K, committed 5504K, reserved 1056768K
  class space    used 557K, capacity 597K, committed 640K, reserved 1048576K
2024-07-16T17:59:01.910+0800: 9.055: [GC (Allocation Failure) 2024-07-16T17:59:01.910+0800: 9.055: [ParNew: 5233K->2K(6144K), 0.0013343 secs] 8491K->3259K(19840K), 0.0014826 secs] [Times: user=0.00 sys=0.00, real=0.00 secs] 
Heap after GC invocations=1146 (full 126):
 par new generation   total 6144K, used 2K [0x00000000fec00000, 0x00000000ff2a0000, 0x00000000ff2a0000)
  eden space 5504K,   0% used [0x00000000fec00000, 0x00000000fec00000, 0x00000000ff160000)
  from space 640K,   0% used [0x00000000ff200000, 0x00000000ff200810, 0x00000000ff2a0000)
  to   space 640K,   0% used [0x00000000ff160000, 0x00000000ff160000, 0x00000000ff200000)
 concurrent mark-sweep generation total 13696K, used 3257K [0x00000000ff2a0000, 0x0000000100000000, 0x0000000100000000)
 Metaspace       used 5077K, capacity 5258K, committed 5504K, reserved 1056768K
  class space    used 557K, capacity 597K, committed 640K, reserved 1048576K
}
{Heap before GC invocations=1146 (full 126):
 par new generation   total 6144K, used 5231K [0x00000000fec00000, 0x00000000ff2a0000, 0x00000000ff2a0000)
  eden space 5504K,  95% used [0x00000000fec00000, 0x00000000ff11b7b0, 0x00000000ff160000)
  from space 640K,   0% used [0x00000000ff200000, 0x00000000ff200810, 0x00000000ff2a0000)
  to   space 640K,   0% used [0x00000000ff160000, 0x00000000ff160000, 0x00000000ff200000)
 concurrent mark-sweep generation total 13696K, used 3257K [0x00000000ff2a0000, 0x0000000100000000, 0x0000000100000000)
 Metaspace       used 5077K, capacity 5258K, committed 5504K, reserved 1056768K
  class space    used 557K, capacity 597K, committed 640K, reserved 1048576K
2024-07-16T17:59:01.919+0800: 9.063: [GC (Allocation Failure) 2024-07-16T17:59:01.919+0800: 9.063: [ParNew: 5231K->4K(6144K), 0.0008994 secs] 8489K->4287K(19840K), 0.0009709 secs] [Times: user=0.00 sys=0.00, real=0.00 secs] 
Heap after GC invocations=1147 (full 126):
 par new generation   total 6144K, used 4K [0x00000000fec00000, 0x00000000ff2a0000, 0x00000000ff2a0000)
  eden space 5504K,   0% used [0x00000000fec00000, 0x00000000fec00000, 0x00000000ff160000)
  from space 640K,   0% used [0x00000000ff160000, 0x00000000ff161020, 0x00000000ff200000)
  to   space 640K,   0% used [0x00000000ff200000, 0x00000000ff200000, 0x00000000ff2a0000)
 concurrent mark-sweep generation total 13696K, used 4283K [0x00000000ff2a0000, 0x0000000100000000, 0x0000000100000000)
 Metaspace       used 5077K, capacity 5258K, committed 5504K, reserved 1056768K
  class space    used 557K, capacity 597K, committed 640K, reserved 1048576K
}
{Heap before GC invocations=1147 (full 126):
 par new generation   total 6144K, used 5233K [0x00000000fec00000, 0x00000000ff2a0000, 0x00000000ff2a0000)
  eden space 5504K,  95% used [0x00000000fec00000, 0x00000000ff11b7b0, 0x00000000ff160000)
  from space 640K,   0% used [0x00000000ff160000, 0x00000000ff161020, 0x00000000ff200000)
  to   space 640K,   0% used [0x00000000ff200000, 0x00000000ff200000, 0x00000000ff2a0000)
 concurrent mark-sweep generation total 13696K, used 4283K [0x00000000ff2a0000, 0x0000000100000000, 0x0000000100000000)
 Metaspace       used 5077K, capacity 5258K, committed 5504K, reserved 1056768K
  class space    used 557K, capacity 597K, committed 640K, reserved 1048576K
2024-07-16T17:59:01.930+0800: 9.074: [GC (Allocation Failure) 2024-07-16T17:59:01.930+0800: 9.074: [ParNew: 5233K->4K(6144K), 0.0002910 secs] 9517K->4287K(19840K), 0.0003336 secs] [Times: user=0.00 sys=0.00, real=0.00 secs] 
Heap after GC invocations=1148 (full 126):
 par new generation   total 6144K, used 4K [0x00000000fec00000, 0x00000000ff2a0000, 0x00000000ff2a0000)
  eden space 5504K,   0% used [0x00000000fec00000, 0x00000000fec00000, 0x00000000ff160000)
  from space 640K,   0% used [0x00000000ff200000, 0x00000000ff201020, 0x00000000ff2a0000)
  to   space 640K,   0% used [0x00000000ff160000, 0x00000000ff160000, 0x00000000ff200000)
 concurrent mark-sweep generation total 13696K, used 4283K [0x00000000ff2a0000, 0x0000000100000000, 0x0000000100000000)
 Metaspace       used 5077K, capacity 5258K, committed 5504K, reserved 1056768K
  class space    used 557K, capacity 597K, committed 640K, reserved 1048576K
}
{Heap before GC invocations=1148 (full 126):
 par new generation   total 6144K, used 5233K [0x00000000fec00000, 0x00000000ff2a0000, 0x00000000ff2a0000)
  eden space 5504K,  95% used [0x00000000fec00000, 0x00000000ff11b7b0, 0x00000000ff160000)
  from space 640K,   0% used [0x00000000ff200000, 0x00000000ff201020, 0x00000000ff2a0000)
  to   space 640K,   0% used [0x00000000ff160000, 0x00000000ff160000, 0x00000000ff200000)
 concurrent mark-sweep generation total 13696K, used 4283K [0x00000000ff2a0000, 0x0000000100000000, 0x0000000100000000)
 Metaspace       used 5077K, capacity 5258K, committed 5504K, reserved 1056768K
  class space    used 557K, capacity 597K, committed 640K, reserved 1048576K
2024-07-16T17:59:01.937+0800: 9.081: [GC (Allocation Failure) 2024-07-16T17:59:01.937+0800: 9.081: [ParNew: 5233K->4K(6144K), 0.0002903 secs] 9517K->4287K(19840K), 0.0003226 secs] [Times: user=0.00 sys=0.00, real=0.00 secs] 
Heap after GC invocations=1149 (full 126):
 par new generation   total 6144K, used 4K [0x00000000fec00000, 0x00000000ff2a0000, 0x00000000ff2a0000)
  eden space 5504K,   0% used [0x00000000fec00000, 0x00000000fec00000, 0x00000000ff160000)
  from space 640K,   0% used [0x00000000ff160000, 0x00000000ff161020, 0x00000000ff200000)
  to   space 640K,   0% used [0x00000000ff200000, 0x00000000ff200000, 0x00000000ff2a0000)
 concurrent mark-sweep generation total 13696K, used 4283K [0x00000000ff2a0000, 0x0000000100000000, 0x0000000100000000)
 Metaspace       used 5077K, capacity 5258K, committed 5504K, reserved 1056768K
  class space    used 557K, capacity 597K, committed 640K, reserved 1048576K
}
{Heap before GC invocations=1149 (full 126):
 par new generation   total 6144K, used 5233K [0x00000000fec00000, 0x00000000ff2a0000, 0x00000000ff2a0000)
  eden space 5504K,  95% used [0x00000000fec00000, 0x00000000ff11b7b0, 0x00000000ff160000)
  from space 640K,   0% used [0x00000000ff160000, 0x00000000ff161020, 0x00000000ff200000)
  to   space 640K,   0% used [0x00000000ff200000, 0x00000000ff200000, 0x00000000ff2a0000)
 concurrent mark-sweep generation total 13696K, used 4283K [0x00000000ff2a0000, 0x0000000100000000, 0x0000000100000000)
 Metaspace       used 5077K, capacity 5258K, committed 5504K, reserved 1056768K
  class space    used 557K, capacity 597K, committed 640K, reserved 1048576K
2024-07-16T17:59:01.944+0800: 9.088: [GC (Allocation Failure) 2024-07-16T17:59:01.944+0800: 9.088: [ParNew: 5233K->8K(6144K), 0.0004046 secs] 9517K->5317K(19840K), 0.0004568 secs] [Times: user=0.00 sys=0.00, real=0.00 secs] 
Heap after GC invocations=1150 (full 126):
 par new generation   total 6144K, used 8K [0x00000000fec00000, 0x00000000ff2a0000, 0x00000000ff2a0000)
  eden space 5504K,   0% used [0x00000000fec00000, 0x00000000fec00000, 0x00000000ff160000)
  from space 640K,   1% used [0x00000000ff200000, 0x00000000ff202040, 0x00000000ff2a0000)
  to   space 640K,   0% used [0x00000000ff160000, 0x00000000ff160000, 0x00000000ff200000)
 concurrent mark-sweep generation total 13696K, used 5309K [0x00000000ff2a0000, 0x0000000100000000, 0x0000000100000000)
 Metaspace       used 5077K, capacity 5258K, committed 5504K, reserved 1056768K
  class space    used 557K, capacity 597K, committed 640K, reserved 1048576K
}
{Heap before GC invocations=1150 (full 126):
 par new generation   total 6144K, used 5237K [0x00000000fec00000, 0x00000000ff2a0000, 0x00000000ff2a0000)
  eden space 5504K,  95% used [0x00000000fec00000, 0x00000000ff11b7b0, 0x00000000ff160000)
  from space 640K,   1% used [0x00000000ff200000, 0x00000000ff202040, 0x00000000ff2a0000)
  to   space 640K,   0% used [0x00000000ff160000, 0x00000000ff160000, 0x00000000ff200000)
 concurrent mark-sweep generation total 13696K, used 5309K [0x00000000ff2a0000, 0x0000000100000000, 0x0000000100000000)
 Metaspace       used 5077K, capacity 5258K, committed 5504K, reserved 1056768K
  class space    used 557K, capacity 597K, committed 640K, reserved 1048576K
2024-07-16T17:59:01.952+0800: 9.096: [GC (Allocation Failure) 2024-07-16T17:59:01.952+0800: 9.096: [ParNew: 5237K->4K(6144K), 0.0003106 secs] 10547K->5313K(19840K), 0.0003563 secs] [Times: user=0.00 sys=0.00, real=0.00 secs] 
Heap after GC invocations=1151 (full 126):
 par new generation   total 6144K, used 4K [0x00000000fec00000, 0x00000000ff2a0000, 0x00000000ff2a0000)
  eden space 5504K,   0% used [0x00000000fec00000, 0x00000000fec00000, 0x00000000ff160000)
  from space 640K,   0% used [0x00000000ff160000, 0x00000000ff161020, 0x00000000ff200000)
  to   space 640K,   0% used [0x00000000ff200000, 0x00000000ff200000, 0x00000000ff2a0000)
 concurrent mark-sweep generation total 13696K, used 5309K [0x00000000ff2a0000, 0x0000000100000000, 0x0000000100000000)
 Metaspace       used 5077K, capacity 5258K, committed 5504K, reserved 1056768K
  class space    used 557K, capacity 597K, committed 640K, reserved 1048576K
}
{Heap before GC invocations=1151 (full 126):
 par new generation   total 6144K, used 5233K [0x00000000fec00000, 0x00000000ff2a0000, 0x00000000ff2a0000)
  eden space 5504K,  95% used [0x00000000fec00000, 0x00000000ff11b7b0, 0x00000000ff160000)
  from space 640K,   0% used [0x00000000ff160000, 0x00000000ff161020, 0x00000000ff200000)
  to   space 640K,   0% used [0x00000000ff200000, 0x00000000ff200000, 0x00000000ff2a0000)
 concurrent mark-sweep generation total 13696K, used 5309K [0x00000000ff2a0000, 0x0000000100000000, 0x0000000100000000)
 Metaspace       used 5077K, capacity 5258K, committed 5504K, reserved 1056768K
  class space    used 557K, capacity 597K, committed 640K, reserved 1048576K
2024-07-16T17:59:01.959+0800: 9.103: [GC (Allocation Failure) 2024-07-16T17:59:01.959+0800: 9.103: [ParNew: 5233K->8K(6144K), 0.0004154 secs] 10543K->6343K(19840K), 0.0004793 secs] [Times: user=0.00 sys=0.00, real=0.00 secs] 
Heap after GC invocations=1152 (full 126):
 par new generation   total 6144K, used 8K [0x00000000fec00000, 0x00000000ff2a0000, 0x00000000ff2a0000)
  eden space 5504K,   0% used [0x00000000fec00000, 0x00000000fec00000, 0x00000000ff160000)
  from space 640K,   1% used [0x00000000ff200000, 0x00000000ff202040, 0x00000000ff2a0000)
  to   space 640K,   0% used [0x00000000ff160000, 0x00000000ff160000, 0x00000000ff200000)
 concurrent mark-sweep generation total 13696K, used 6335K [0x00000000ff2a0000, 0x0000000100000000, 0x0000000100000000)
 Metaspace       used 5077K, capacity 5258K, committed 5504K, reserved 1056768K
  class space    used 557K, capacity 597K, committed 640K, reserved 1048576K
}
{Heap before GC invocations=1152 (full 126):
 par new generation   total 6144K, used 5237K [0x00000000fec00000, 0x00000000ff2a0000, 0x00000000ff2a0000)
  eden space 5504K,  95% used [0x00000000fec00000, 0x00000000ff11b7b0, 0x00000000ff160000)
  from space 640K,   1% used [0x00000000ff200000, 0x00000000ff202040, 0x00000000ff2a0000)
  to   space 640K,   0% used [0x00000000ff160000, 0x00000000ff160000, 0x00000000ff200000)
 concurrent mark-sweep generation total 13696K, used 6335K [0x00000000ff2a0000, 0x0000000100000000, 0x0000000100000000)
 Metaspace       used 5077K, capacity 5258K, committed 5504K, reserved 1056768K
  class space    used 557K, capacity 597K, committed 640K, reserved 1048576K
2024-07-16T17:59:01.967+0800: 9.111: [GC (Allocation Failure) 2024-07-16T17:59:01.967+0800: 9.111: [ParNew: 5237K->4K(6144K), 0.0003019 secs] 11573K->6339K(19840K), 0.0003532 secs] [Times: user=0.00 sys=0.00, real=0.00 secs] 
Heap after GC invocations=1153 (full 126):
 par new generation   total 6144K, used 4K [0x00000000fec00000, 0x00000000ff2a0000, 0x00000000ff2a0000)
  eden space 5504K,   0% used [0x00000000fec00000, 0x00000000fec00000, 0x00000000ff160000)
  from space 640K,   0% used [0x00000000ff160000, 0x00000000ff161020, 0x00000000ff200000)
  to   space 640K,   0% used [0x00000000ff200000, 0x00000000ff200000, 0x00000000ff2a0000)
 concurrent mark-sweep generation total 13696K, used 6335K [0x00000000ff2a0000, 0x0000000100000000, 0x0000000100000000)
 Metaspace       used 5077K, capacity 5258K, committed 5504K, reserved 1056768K
  class space    used 557K, capacity 597K, committed 640K, reserved 1048576K
}
{Heap before GC invocations=1153 (full 126):
 par new generation   total 6144K, used 5233K [0x00000000fec00000, 0x00000000ff2a0000, 0x00000000ff2a0000)
  eden space 5504K,  95% used [0x00000000fec00000, 0x00000000ff11b7b0, 0x00000000ff160000)
  from space 640K,   0% used [0x00000000ff160000, 0x00000000ff161020, 0x00000000ff200000)
  to   space 640K,   0% used [0x00000000ff200000, 0x00000000ff200000, 0x00000000ff2a0000)
 concurrent mark-sweep generation total 13696K, used 6335K [0x00000000ff2a0000, 0x0000000100000000, 0x0000000100000000)
 Metaspace       used 5077K, capacity 5258K, committed 5504K, reserved 1056768K
  class space    used 557K, capacity 597K, committed 640K, reserved 1048576K
2024-07-16T17:59:01.974+0800: 9.118: [GC (Allocation Failure) 2024-07-16T17:59:01.974+0800: 9.118: [ParNew: 5233K->8K(6144K), 0.0004400 secs] 11569K->7369K(19840K), 0.0005017 secs] [Times: user=0.00 sys=0.00, real=0.00 secs] 
Heap after GC invocations=1154 (full 126):
 par new generation   total 6144K, used 8K [0x00000000fec00000, 0x00000000ff2a0000, 0x00000000ff2a0000)
  eden space 5504K,   0% used [0x00000000fec00000, 0x00000000fec00000, 0x00000000ff160000)
  from space 640K,   1% used [0x00000000ff200000, 0x00000000ff202040, 0x00000000ff2a0000)
  to   space 640K,   0% used [0x00000000ff160000, 0x00000000ff160000, 0x00000000ff200000)
 concurrent mark-sweep generation total 13696K, used 7361K [0x00000000ff2a0000, 0x0000000100000000, 0x0000000100000000)
 Metaspace       used 5077K, capacity 5258K, committed 5504K, reserved 1056768K
  class space    used 557K, capacity 597K, committed 640K, reserved 1048576K
}
{Heap before GC invocations=1154 (full 126):
 par new generation   total 6144K, used 5237K [0x00000000fec00000, 0x00000000ff2a0000, 0x00000000ff2a0000)
  eden space 5504K,  95% used [0x00000000fec00000, 0x00000000ff11b7b0, 0x00000000ff160000)
  from space 640K,   1% used [0x00000000ff200000, 0x00000000ff202040, 0x00000000ff2a0000)
  to   space 640K,   0% used [0x00000000ff160000, 0x00000000ff160000, 0x00000000ff200000)
 concurrent mark-sweep generation total 13696K, used 7361K [0x00000000ff2a0000, 0x0000000100000000, 0x0000000100000000)
 Metaspace       used 5077K, capacity 5258K, committed 5504K, reserved 1056768K
  class space    used 557K, capacity 597K, committed 640K, reserved 1048576K
2024-07-16T17:59:01.982+0800: 9.126: [GC (Allocation Failure) 2024-07-16T17:59:01.982+0800: 9.126: [ParNew: 5237K->4K(6144K), 0.0003926 secs] 12599K->7365K(19840K), 0.0004419 secs] [Times: user=0.00 sys=0.00, real=0.00 secs] 
Heap after GC invocations=1155 (full 126):
 par new generation   total 6144K, used 4K [0x00000000fec00000, 0x00000000ff2a0000, 0x00000000ff2a0000)
  eden space 5504K,   0% used [0x00000000fec00000, 0x00000000fec00000, 0x00000000ff160000)
  from space 640K,   0% used [0x00000000ff160000, 0x00000000ff161020, 0x00000000ff200000)
  to   space 640K,   0% used [0x00000000ff200000, 0x00000000ff200000, 0x00000000ff2a0000)
 concurrent mark-sweep generation total 13696K, used 7361K [0x00000000ff2a0000, 0x0000000100000000, 0x0000000100000000)
 Metaspace       used 5077K, capacity 5258K, committed 5504K, reserved 1056768K
  class space    used 557K, capacity 597K, committed 640K, reserved 1048576K
}
{Heap before GC invocations=1155 (full 126):
 par new generation   total 6144K, used 5233K [0x00000000fec00000, 0x00000000ff2a0000, 0x00000000ff2a0000)
  eden space 5504K,  95% used [0x00000000fec00000, 0x00000000ff11b7b0, 0x00000000ff160000)
  from space 640K,   0% used [0x00000000ff160000, 0x00000000ff161020, 0x00000000ff200000)
  to   space 640K,   0% used [0x00000000ff200000, 0x00000000ff200000, 0x00000000ff2a0000)
 concurrent mark-sweep generation total 13696K, used 7361K [0x00000000ff2a0000, 0x0000000100000000, 0x0000000100000000)
 Metaspace       used 5077K, capacity 5258K, committed 5504K, reserved 1056768K
  class space    used 557K, capacity 597K, committed 640K, reserved 1048576K
2024-07-16T17:59:01.990+0800: 9.134: [GC (Allocation Failure) 2024-07-16T17:59:01.990+0800: 9.134: [ParNew: 5233K->4K(6144K), 0.0003638 secs] 12595K->7365K(19840K), 0.0004139 secs] [Times: user=0.00 sys=0.00, real=0.00 secs] 
Heap after GC invocations=1156 (full 126):
 par new generation   total 6144K, used 4K [0x00000000fec00000, 0x00000000ff2a0000, 0x00000000ff2a0000)
  eden space 5504K,   0% used [0x00000000fec00000, 0x00000000fec00000, 0x00000000ff160000)
  from space 640K,   0% used [0x00000000ff200000, 0x00000000ff201020, 0x00000000ff2a0000)
  to   space 640K,   0% used [0x00000000ff160000, 0x00000000ff160000, 0x00000000ff200000)
 concurrent mark-sweep generation total 13696K, used 7361K [0x00000000ff2a0000, 0x0000000100000000, 0x0000000100000000)
 Metaspace       used 5077K, capacity 5258K, committed 5504K, reserved 1056768K
  class space    used 557K, capacity 597K, committed 640K, reserved 1048576K
}
{Heap before GC invocations=1156 (full 126):
 par new generation   total 6144K, used 5233K [0x00000000fec00000, 0x00000000ff2a0000, 0x00000000ff2a0000)
  eden space 5504K,  95% used [0x00000000fec00000, 0x00000000ff11b7b0, 0x00000000ff160000)
  from space 640K,   0% used [0x00000000ff200000, 0x00000000ff201020, 0x00000000ff2a0000)
  to   space 640K,   0% used [0x00000000ff160000, 0x00000000ff160000, 0x00000000ff200000)
 concurrent mark-sweep generation total 13696K, used 7361K [0x00000000ff2a0000, 0x0000000100000000, 0x0000000100000000)
 Metaspace       used 5077K, capacity 5258K, committed 5504K, reserved 1056768K
  class space    used 557K, capacity 597K, committed 640K, reserved 1048576K
2024-07-16T17:59:01.999+0800: 9.143: [GC (Allocation Failure) 2024-07-16T17:59:01.999+0800: 9.143: [ParNew: 5233K->6K(6144K), 0.0003607 secs] 12595K->8391K(19840K), 0.0004056 secs] [Times: user=0.00 sys=0.00, real=0.00 secs] 
Heap after GC invocations=1157 (full 126):
 par new generation   total 6144K, used 6K [0x00000000fec00000, 0x00000000ff2a0000, 0x00000000ff2a0000)
  eden space 5504K,   0% used [0x00000000fec00000, 0x00000000fec00000, 0x00000000ff160000)
  from space 640K,   0% used [0x00000000ff160000, 0x00000000ff161830, 0x00000000ff200000)
  to   space 640K,   0% used [0x00000000ff200000, 0x00000000ff200000, 0x00000000ff2a0000)
 concurrent mark-sweep generation total 13696K, used 8385K [0x00000000ff2a0000, 0x0000000100000000, 0x0000000100000000)
 Metaspace       used 5077K, capacity 5258K, committed 5504K, reserved 1056768K
  class space    used 557K, capacity 597K, committed 640K, reserved 1048576K
}
2024-07-16T17:59:01.999+0800: 9.144: [GC (CMS Initial Mark) [1 CMS-initial-mark: 8385K(13696K)] 9416K(19840K), 0.0001555 secs] [Times: user=0.00 sys=0.00, real=0.00 secs] 
2024-07-16T17:59:01.999+0800: 9.144: [CMS-concurrent-mark-start]
2024-07-16T17:59:02.001+0800: 9.145: [CMS-concurrent-mark: 0.001/0.001 secs] [Times: user=0.00 sys=0.00, real=0.00 secs] 
2024-07-16T17:59:02.001+0800: 9.145: [CMS-concurrent-preclean-start]
2024-07-16T17:59:02.001+0800: 9.145: [CMS-concurrent-preclean: 0.000/0.000 secs] [Times: user=0.00 sys=0.00, real=0.00 secs] 
2024-07-16T17:59:02.001+0800: 9.145: [CMS-concurrent-abortable-preclean-start]
{Heap before GC invocations=1157 (full 127):
 par new generation   total 6144K, used 5235K [0x00000000fec00000, 0x00000000ff2a0000, 0x00000000ff2a0000)
  eden space 5504K,  95% used [0x00000000fec00000, 0x00000000ff11b7b0, 0x00000000ff160000)
  from space 640K,   0% used [0x00000000ff160000, 0x00000000ff161830, 0x00000000ff200000)
  to   space 640K,   0% used [0x00000000ff200000, 0x00000000ff200000, 0x00000000ff2a0000)
 concurrent mark-sweep generation total 13696K, used 8385K [0x00000000ff2a0000, 0x0000000100000000, 0x0000000100000000)
 Metaspace       used 5077K, capacity 5258K, committed 5504K, reserved 1056768K
  class space    used 557K, capacity 597K, committed 640K, reserved 1048576K
2024-07-16T17:59:02.007+0800: 9.151: [GC (Allocation Failure) 2024-07-16T17:59:02.007+0800: 9.151: [ParNew: 5235K->4K(6144K), 0.0002765 secs] 13621K->8389K(19840K), 0.0003200 secs] [Times: user=0.00 sys=0.00, real=0.00 secs] 
Heap after GC invocations=1158 (full 127):
 par new generation   total 6144K, used 4K [0x00000000fec00000, 0x00000000ff2a0000, 0x00000000ff2a0000)
  eden space 5504K,   0% used [0x00000000fec00000, 0x00000000fec00000, 0x00000000ff160000)
  from space 640K,   0% used [0x00000000ff200000, 0x00000000ff201020, 0x00000000ff2a0000)
  to   space 640K,   0% used [0x00000000ff160000, 0x00000000ff160000, 0x00000000ff200000)
 concurrent mark-sweep generation total 13696K, used 8385K [0x00000000ff2a0000, 0x0000000100000000, 0x0000000100000000)
 Metaspace       used 5077K, capacity 5258K, committed 5504K, reserved 1056768K
  class space    used 557K, capacity 597K, committed 640K, reserved 1048576K
}
{Heap before GC invocations=1158 (full 127):
 par new generation   total 6144K, used 5233K [0x00000000fec00000, 0x00000000ff2a0000, 0x00000000ff2a0000)
  eden space 5504K,  95% used [0x00000000fec00000, 0x00000000ff11b7b0, 0x00000000ff160000)
  from space 640K,   0% used [0x00000000ff200000, 0x00000000ff201020, 0x00000000ff2a0000)
  to   space 640K,   0% used [0x00000000ff160000, 0x00000000ff160000, 0x00000000ff200000)
 concurrent mark-sweep generation total 13696K, used 8385K [0x00000000ff2a0000, 0x0000000100000000, 0x0000000100000000)
 Metaspace       used 5077K, capacity 5258K, committed 5504K, reserved 1056768K
  class space    used 557K, capacity 597K, committed 640K, reserved 1048576K
2024-07-16T17:59:02.015+0800: 9.159: [GC (Allocation Failure) 2024-07-16T17:59:02.015+0800: 9.159: [ParNew: 5233K->4K(6144K), 0.0003090 secs] 13619K->8389K(19840K), 0.0003541 secs] [Times: user=0.00 sys=0.00, real=0.00 secs] 
Heap after GC invocations=1159 (full 127):
 par new generation   total 6144K, used 4K [0x00000000fec00000, 0x00000000ff2a0000, 0x00000000ff2a0000)
  eden space 5504K,   0% used [0x00000000fec00000, 0x00000000fec00000, 0x00000000ff160000)
  from space 640K,   0% used [0x00000000ff160000, 0x00000000ff161020, 0x00000000ff200000)
  to   space 640K,   0% used [0x00000000ff200000, 0x00000000ff200000, 0x00000000ff2a0000)
 concurrent mark-sweep generation total 13696K, used 8385K [0x00000000ff2a0000, 0x0000000100000000, 0x0000000100000000)
 Metaspace       used 5077K, capacity 5258K, committed 5504K, reserved 1056768K
  class space    used 557K, capacity 597K, committed 640K, reserved 1048576K
}
{Heap before GC invocations=1159 (full 127):
 par new generation   total 6144K, used 5233K [0x00000000fec00000, 0x00000000ff2a0000, 0x00000000ff2a0000)
  eden space 5504K,  95% used [0x00000000fec00000, 0x00000000ff11b7b0, 0x00000000ff160000)
  from space 640K,   0% used [0x00000000ff160000, 0x00000000ff161020, 0x00000000ff200000)
  to   space 640K,   0% used [0x00000000ff200000, 0x00000000ff200000, 0x00000000ff2a0000)
 concurrent mark-sweep generation total 13696K, used 8385K [0x00000000ff2a0000, 0x0000000100000000, 0x0000000100000000)
 Metaspace       used 5077K, capacity 5258K, committed 5504K, reserved 1056768K
  class space    used 557K, capacity 597K, committed 640K, reserved 1048576K
2024-07-16T17:59:02.023+0800: 9.167: [GC (Allocation Failure) 2024-07-16T17:59:02.023+0800: 9.167: [ParNew: 5233K->4K(6144K), 0.0002584 secs] 13619K->8389K(19840K), 0.0003130 secs] [Times: user=0.00 sys=0.00, real=0.00 secs] 
Heap after GC invocations=1160 (full 127):
 par new generation   total 6144K, used 4K [0x00000000fec00000, 0x00000000ff2a0000, 0x00000000ff2a0000)
  eden space 5504K,   0% used [0x00000000fec00000, 0x00000000fec00000, 0x00000000ff160000)
  from space 640K,   0% used [0x00000000ff200000, 0x00000000ff201020, 0x00000000ff2a0000)
  to   space 640K,   0% used [0x00000000ff160000, 0x00000000ff160000, 0x00000000ff200000)
 concurrent mark-sweep generation total 13696K, used 8385K [0x00000000ff2a0000, 0x0000000100000000, 0x0000000100000000)
 Metaspace       used 5077K, capacity 5258K, committed 5504K, reserved 1056768K
  class space    used 557K, capacity 597K, committed 640K, reserved 1048576K
}
{Heap before GC invocations=1160 (full 127):
 par new generation   total 6144K, used 5233K [0x00000000fec00000, 0x00000000ff2a0000, 0x00000000ff2a0000)
  eden space 5504K,  95% used [0x00000000fec00000, 0x00000000ff11b7b0, 0x00000000ff160000)
  from space 640K,   0% used [0x00000000ff200000, 0x00000000ff201020, 0x00000000ff2a0000)
  to   space 640K,   0% used [0x00000000ff160000, 0x00000000ff160000, 0x00000000ff200000)
 concurrent mark-sweep generation total 13696K, used 8385K [0x00000000ff2a0000, 0x0000000100000000, 0x0000000100000000)
 Metaspace       used 5077K, capacity 5258K, committed 5504K, reserved 1056768K
  class space    used 557K, capacity 597K, committed 640K, reserved 1048576K
2024-07-16T17:59:02.029+0800: 9.173: [GC (Allocation Failure) 2024-07-16T17:59:02.029+0800: 9.173: [ParNew: 5233K->8K(6144K), 0.0004408 secs] 13619K->9418K(19840K), 0.0005050 secs] [Times: user=0.00 sys=0.00, real=0.00 secs] 
Heap after GC invocations=1161 (full 127):
 par new generation   total 6144K, used 8K [0x00000000fec00000, 0x00000000ff2a0000, 0x00000000ff2a0000)
  eden space 5504K,   0% used [0x00000000fec00000, 0x00000000fec00000, 0x00000000ff160000)
  from space 640K,   1% used [0x00000000ff160000, 0x00000000ff162040, 0x00000000ff200000)
  to   space 640K,   0% used [0x00000000ff200000, 0x00000000ff200000, 0x00000000ff2a0000)
 concurrent mark-sweep generation total 13696K, used 9409K [0x00000000ff2a0000, 0x0000000100000000, 0x0000000100000000)
 Metaspace       used 5077K, capacity 5258K, committed 5504K, reserved 1056768K
  class space    used 557K, capacity 597K, committed 640K, reserved 1048576K
}
{Heap before GC invocations=1161 (full 127):
 par new generation   total 6144K, used 5237K [0x00000000fec00000, 0x00000000ff2a0000, 0x00000000ff2a0000)
  eden space 5504K,  95% used [0x00000000fec00000, 0x00000000ff11b7b0, 0x00000000ff160000)
  from space 640K,   1% used [0x00000000ff160000, 0x00000000ff162040, 0x00000000ff200000)
  to   space 640K,   0% used [0x00000000ff200000, 0x00000000ff200000, 0x00000000ff2a0000)
 concurrent mark-sweep generation total 13696K, used 9409K [0x00000000ff2a0000, 0x0000000100000000, 0x0000000100000000)
 Metaspace       used 5077K, capacity 5258K, committed 5504K, reserved 1056768K
  class space    used 557K, capacity 597K, committed 640K, reserved 1048576K
2024-07-16T17:59:02.038+0800: 9.182: [GC (Allocation Failure) 2024-07-16T17:59:02.038+0800: 9.182: [ParNew: 5237K->6K(6144K), 0.0003788 secs] 14647K->10440K(19840K), 0.0004357 secs] [Times: user=0.00 sys=0.00, real=0.00 secs] 
Heap after GC invocations=1162 (full 127):
 par new generation   total 6144K, used 6K [0x00000000fec00000, 0x00000000ff2a0000, 0x00000000ff2a0000)
  eden space 5504K,   0% used [0x00000000fec00000, 0x00000000fec00000, 0x00000000ff160000)
  from space 640K,   0% used [0x00000000ff200000, 0x00000000ff201830, 0x00000000ff2a0000)
  to   space 640K,   0% used [0x00000000ff160000, 0x00000000ff160000, 0x00000000ff200000)
 concurrent mark-sweep generation total 13696K, used 10433K [0x00000000ff2a0000, 0x0000000100000000, 0x0000000100000000)
 Metaspace       used 5077K, capacity 5258K, committed 5504K, reserved 1056768K
  class space    used 557K, capacity 597K, committed 640K, reserved 1048576K
}
{Heap before GC invocations=1162 (full 127):
 par new generation   total 6144K, used 5235K [0x00000000fec00000, 0x00000000ff2a0000, 0x00000000ff2a0000)
  eden space 5504K,  95% used [0x00000000fec00000, 0x00000000ff11b7b0, 0x00000000ff160000)
  from space 640K,   0% used [0x00000000ff200000, 0x00000000ff201830, 0x00000000ff2a0000)
  to   space 640K,   0% used [0x00000000ff160000, 0x00000000ff160000, 0x00000000ff200000)
 concurrent mark-sweep generation total 13696K, used 10433K [0x00000000ff2a0000, 0x0000000100000000, 0x0000000100000000)
 Metaspace       used 5077K, capacity 5258K, committed 5504K, reserved 1056768K
  class space    used 557K, capacity 597K, committed 640K, reserved 1048576K
2024-07-16T17:59:02.046+0800: 9.190: [GC (Allocation Failure) 2024-07-16T17:59:02.046+0800: 9.190: [ParNew: 5235K->8K(6144K), 0.0003874 secs] 15669K->11466K(19840K), 0.0004368 secs] [Times: user=0.00 sys=0.00, real=0.00 secs] 
Heap after GC invocations=1163 (full 127):
 par new generation   total 6144K, used 8K [0x00000000fec00000, 0x00000000ff2a0000, 0x00000000ff2a0000)
  eden space 5504K,   0% used [0x00000000fec00000, 0x00000000fec00000, 0x00000000ff160000)
  from space 640K,   1% used [0x00000000ff160000, 0x00000000ff162040, 0x00000000ff200000)
  to   space 640K,   0% used [0x00000000ff200000, 0x00000000ff200000, 0x00000000ff2a0000)
 concurrent mark-sweep generation total 13696K, used 11457K [0x00000000ff2a0000, 0x0000000100000000, 0x0000000100000000)
 Metaspace       used 5077K, capacity 5258K, committed 5504K, reserved 1056768K
  class space    used 557K, capacity 597K, committed 640K, reserved 1048576K
}
{Heap before GC invocations=1163 (full 127):
 par new generation   total 6144K, used 5237K [0x00000000fec00000, 0x00000000ff2a0000, 0x00000000ff2a0000)
  eden space 5504K,  95% used [0x00000000fec00000, 0x00000000ff11b7b0, 0x00000000ff160000)
  from space 640K,   1% used [0x00000000ff160000, 0x00000000ff162040, 0x00000000ff200000)
  to   space 640K,   0% used [0x00000000ff200000, 0x00000000ff200000, 0x00000000ff2a0000)
 concurrent mark-sweep generation total 13696K, used 11457K [0x00000000ff2a0000, 0x0000000100000000, 0x0000000100000000)
 Metaspace       used 5077K, capacity 5258K, committed 5504K, reserved 1056768K
  class space    used 557K, capacity 597K, committed 640K, reserved 1048576K
2024-07-16T17:59:02.052+0800: 9.196: [GC (Allocation Failure) 2024-07-16T17:59:02.052+0800: 9.196: [ParNew: 5237K->6K(6144K), 0.0004833 secs] 16695K->12488K(19840K), 0.0005678 secs] [Times: user=0.00 sys=0.00, real=0.00 secs] 
Heap after GC invocations=1164 (full 127):
 par new generation   total 6144K, used 6K [0x00000000fec00000, 0x00000000ff2a0000, 0x00000000ff2a0000)
  eden space 5504K,   0% used [0x00000000fec00000, 0x00000000fec00000, 0x00000000ff160000)
  from space 640K,   0% used [0x00000000ff200000, 0x00000000ff201830, 0x00000000ff2a0000)
  to   space 640K,   0% used [0x00000000ff160000, 0x00000000ff160000, 0x00000000ff200000)
 concurrent mark-sweep generation total 13696K, used 12482K [0x00000000ff2a0000, 0x0000000100000000, 0x0000000100000000)
 Metaspace       used 5077K, capacity 5258K, committed 5504K, reserved 1056768K
  class space    used 557K, capacity 597K, committed 640K, reserved 1048576K
}
{Heap before GC invocations=1164 (full 127):
 par new generation   total 6144K, used 5235K [0x00000000fec00000, 0x00000000ff2a0000, 0x00000000ff2a0000)
  eden space 5504K,  95% used [0x00000000fec00000, 0x00000000ff11b7b0, 0x00000000ff160000)
  from space 640K,   0% used [0x00000000ff200000, 0x00000000ff201830, 0x00000000ff2a0000)
  to   space 640K,   0% used [0x00000000ff160000, 0x00000000ff160000, 0x00000000ff200000)
 concurrent mark-sweep generation total 13696K, used 12482K [0x00000000ff2a0000, 0x0000000100000000, 0x0000000100000000)
 Metaspace       used 5077K, capacity 5258K, committed 5504K, reserved 1056768K
  class space    used 557K, capacity 597K, committed 640K, reserved 1048576K
2024-07-16T17:59:02.060+0800: 9.204: [GC (Allocation Failure) 2024-07-16T17:59:02.060+0800: 9.204: [ParNew: 5235K->5235K(6144K), 0.0000176 secs]2024-07-16T17:59:02.060+0800: 9.205: [CMS2024-07-16T17:59:02.060+0800: 9.205: [CMS-concurrent-abortable-preclean: 0.001/0.059 secs] [Times: user=0.00 sys=0.00, real=0.06 secs] 
 (concurrent mode failure): 12482K->1205K(13696K), 0.0027424 secs] 17717K->1205K(19840K), [Metaspace: 5077K->5077K(1056768K)], 0.0028361 secs] [Times: user=0.00 sys=0.00, real=0.00 secs] 
Heap after GC invocations=1165 (full 128):
 par new generation   total 6144K, used 0K [0x00000000fec00000, 0x00000000ff2a0000, 0x00000000ff2a0000)
  eden space 5504K,   0% used [0x00000000fec00000, 0x00000000fec00000, 0x00000000ff160000)
  from space 640K,   0% used [0x00000000ff200000, 0x00000000ff200000, 0x00000000ff2a0000)
  to   space 640K,   0% used [0x00000000ff160000, 0x00000000ff160000, 0x00000000ff200000)
 concurrent mark-sweep generation total 13696K, used 1205K [0x00000000ff2a0000, 0x0000000100000000, 0x0000000100000000)
 Metaspace       used 5077K, capacity 5258K, committed 5504K, reserved 1056768K
  class space    used 557K, capacity 597K, committed 640K, reserved 1048576K
}
{Heap before GC invocations=1165 (full 128):
 par new generation   total 6144K, used 5229K [0x00000000fec00000, 0x00000000ff2a0000, 0x00000000ff2a0000)
  eden space 5504K,  95% used [0x00000000fec00000, 0x00000000ff11b7b0, 0x00000000ff160000)
  from space 640K,   0% used [0x00000000ff200000, 0x00000000ff200000, 0x00000000ff2a0000)
  to   space 640K,   0% used [0x00000000ff160000, 0x00000000ff160000, 0x00000000ff200000)
 concurrent mark-sweep generation total 13696K, used 1205K [0x00000000ff2a0000, 0x0000000100000000, 0x0000000100000000)
 Metaspace       used 5077K, capacity 5258K, committed 5504K, reserved 1056768K
  class space    used 557K, capacity 597K, committed 640K, reserved 1048576K
2024-07-16T17:59:02.071+0800: 9.215: [GC (Allocation Failure) 2024-07-16T17:59:02.071+0800: 9.215: [ParNew: 5229K->8K(6144K), 0.0004715 secs] 6435K->2239K(19840K), 0.0005311 secs] [Times: user=0.00 sys=0.00, real=0.00 secs] 
Heap after GC invocations=1166 (full 128):
 par new generation   total 6144K, used 8K [0x00000000fec00000, 0x00000000ff2a0000, 0x00000000ff2a0000)
  eden space 5504K,   0% used [0x00000000fec00000, 0x00000000fec00000, 0x00000000ff160000)
  from space 640K,   1% used [0x00000000ff160000, 0x00000000ff162040, 0x00000000ff200000)
  to   space 640K,   0% used [0x00000000ff200000, 0x00000000ff200000, 0x00000000ff2a0000)
 concurrent mark-sweep generation total 13696K, used 2231K [0x00000000ff2a0000, 0x0000000100000000, 0x0000000100000000)
 Metaspace       used 5077K, capacity 5258K, committed 5504K, reserved 1056768K
  class space    used 557K, capacity 597K, committed 640K, reserved 1048576K
}
{Heap before GC invocations=1166 (full 128):
 par new generation   total 6144K, used 5237K [0x00000000fec00000, 0x00000000ff2a0000, 0x00000000ff2a0000)
  eden space 5504K,  95% used [0x00000000fec00000, 0x00000000ff11b7b0, 0x00000000ff160000)
  from space 640K,   1% used [0x00000000ff160000, 0x00000000ff162040, 0x00000000ff200000)
  to   space 640K,   0% used [0x00000000ff200000, 0x00000000ff200000, 0x00000000ff2a0000)
 concurrent mark-sweep generation total 13696K, used 2231K [0x00000000ff2a0000, 0x0000000100000000, 0x0000000100000000)
 Metaspace       used 5077K, capacity 5258K, committed 5504K, reserved 1056768K
  class space    used 557K, capacity 597K, committed 640K, reserved 1048576K
2024-07-16T17:59:02.078+0800: 9.222: [GC (Allocation Failure) 2024-07-16T17:59:02.078+0800: 9.222: [ParNew: 5237K->4K(6144K), 0.0002515 secs] 7469K->2235K(19840K), 0.0002863 secs] [Times: user=0.00 sys=0.00, real=0.00 secs] 
Heap after GC invocations=1167 (full 128):
 par new generation   total 6144K, used 4K [0x00000000fec00000, 0x00000000ff2a0000, 0x00000000ff2a0000)
  eden space 5504K,   0% used [0x00000000fec00000, 0x00000000fec00000, 0x00000000ff160000)
  from space 640K,   0% used [0x00000000ff200000, 0x00000000ff201020, 0x00000000ff2a0000)
  to   space 640K,   0% used [0x00000000ff160000, 0x00000000ff160000, 0x00000000ff200000)
 concurrent mark-sweep generation total 13696K, used 2231K [0x00000000ff2a0000, 0x0000000100000000, 0x0000000100000000)
 Metaspace       used 5077K, capacity 5258K, committed 5504K, reserved 1056768K
  class space    used 557K, capacity 597K, committed 640K, reserved 1048576K
}
{Heap before GC invocations=1167 (full 128):
 par new generation   total 6144K, used 5233K [0x00000000fec00000, 0x00000000ff2a0000, 0x00000000ff2a0000)
  eden space 5504K,  95% used [0x00000000fec00000, 0x00000000ff11b7b0, 0x00000000ff160000)
  from space 640K,   0% used [0x00000000ff200000, 0x00000000ff201020, 0x00000000ff2a0000)
  to   space 640K,   0% used [0x00000000ff160000, 0x00000000ff160000, 0x00000000ff200000)
 concurrent mark-sweep generation total 13696K, used 2231K [0x00000000ff2a0000, 0x0000000100000000, 0x0000000100000000)
 Metaspace       used 5077K, capacity 5258K, committed 5504K, reserved 1056768K
  class space    used 557K, capacity 597K, committed 640K, reserved 1048576K
2024-07-16T17:59:02.085+0800: 9.229: [GC (Allocation Failure) 2024-07-16T17:59:02.085+0800: 9.229: [ParNew: 5233K->8K(6144K), 0.0004652 secs] 7465K->3263K(19840K), 0.0005312 secs] [Times: user=0.00 sys=0.00, real=0.00 secs] 
Heap after GC invocations=1168 (full 128):
 par new generation   total 6144K, used 8K [0x00000000fec00000, 0x00000000ff2a0000, 0x00000000ff2a0000)
  eden space 5504K,   0% used [0x00000000fec00000, 0x00000000fec00000, 0x00000000ff160000)
  from space 640K,   1% used [0x00000000ff160000, 0x00000000ff162040, 0x00000000ff200000)
  to   space 640K,   0% used [0x00000000ff200000, 0x00000000ff200000, 0x00000000ff2a0000)
 concurrent mark-sweep generation total 13696K, used 3255K [0x00000000ff2a0000, 0x0000000100000000, 0x0000000100000000)
 Metaspace       used 5077K, capacity 5258K, committed 5504K, reserved 1056768K
  class space    used 557K, capacity 597K, committed 640K, reserved 1048576K
}
{Heap before GC invocations=1168 (full 128):
 par new generation   total 6144K, used 5237K [0x00000000fec00000, 0x00000000ff2a0000, 0x00000000ff2a0000)
  eden space 5504K,  95% used [0x00000000fec00000, 0x00000000ff11b7b0, 0x00000000ff160000)
  from space 640K,   1% used [0x00000000ff160000, 0x00000000ff162040, 0x00000000ff200000)
  to   space 640K,   0% used [0x00000000ff200000, 0x00000000ff200000, 0x00000000ff2a0000)
 concurrent mark-sweep generation total 13696K, used 3255K [0x00000000ff2a0000, 0x0000000100000000, 0x0000000100000000)
 Metaspace       used 5077K, capacity 5258K, committed 5504K, reserved 1056768K
  class space    used 557K, capacity 597K, committed 640K, reserved 1048576K
2024-07-16T17:59:02.093+0800: 9.237: [GC (Allocation Failure) 2024-07-16T17:59:02.093+0800: 9.237: [ParNew: 5237K->4K(6144K), 0.0002947 secs] 8493K->3259K(19840K), 0.0003293 secs] [Times: user=0.00 sys=0.00, real=0.00 secs] 
Heap after GC invocations=1169 (full 128):
 par new generation   total 6144K, used 4K [0x00000000fec00000, 0x00000000ff2a0000, 0x00000000ff2a0000)
  eden space 5504K,   0% used [0x00000000fec00000, 0x00000000fec00000, 0x00000000ff160000)
  from space 640K,   0% used [0x00000000ff200000, 0x00000000ff201020, 0x00000000ff2a0000)
  to   space 640K,   0% used [0x00000000ff160000, 0x00000000ff160000, 0x00000000ff200000)
 concurrent mark-sweep generation total 13696K, used 3255K [0x00000000ff2a0000, 0x0000000100000000, 0x0000000100000000)
 Metaspace       used 5077K, capacity 5258K, committed 5504K, reserved 1056768K
  class space    used 557K, capacity 597K, committed 640K, reserved 1048576K
}
{Heap before GC invocations=1169 (full 128):
 par new generation   total 6144K, used 5233K [0x00000000fec00000, 0x00000000ff2a0000, 0x00000000ff2a0000)
  eden space 5504K,  95% used [0x00000000fec00000, 0x00000000ff11b7b0, 0x00000000ff160000)
  from space 640K,   0% used [0x00000000ff200000, 0x00000000ff201020, 0x00000000ff2a0000)
  to   space 640K,   0% used [0x00000000ff160000, 0x00000000ff160000, 0x00000000ff200000)
 concurrent mark-sweep generation total 13696K, used 3255K [0x00000000ff2a0000, 0x0000000100000000, 0x0000000100000000)
 Metaspace       used 5077K, capacity 5258K, committed 5504K, reserved 1056768K
  class space    used 557K, capacity 597K, committed 640K, reserved 1048576K
2024-07-16T17:59:02.100+0800: 9.244: [GC (Allocation Failure) 2024-07-16T17:59:02.100+0800: 9.244: [ParNew: 5233K->4K(6144K), 0.0003607 secs] 8489K->3259K(19840K), 0.0004106 secs] [Times: user=0.00 sys=0.00, real=0.00 secs] 
Heap after GC invocations=1170 (full 128):
 par new generation   total 6144K, used 4K [0x00000000fec00000, 0x00000000ff2a0000, 0x00000000ff2a0000)
  eden space 5504K,   0% used [0x00000000fec00000, 0x00000000fec00000, 0x00000000ff160000)
  from space 640K,   0% used [0x00000000ff160000, 0x00000000ff161020, 0x00000000ff200000)
  to   space 640K,   0% used [0x00000000ff200000, 0x00000000ff200000, 0x00000000ff2a0000)
 concurrent mark-sweep generation total 13696K, used 3255K [0x00000000ff2a0000, 0x0000000100000000, 0x0000000100000000)
 Metaspace       used 5077K, capacity 5258K, committed 5504K, reserved 1056768K
  class space    used 557K, capacity 597K, committed 640K, reserved 1048576K
}
{Heap before GC invocations=1170 (full 128):
 par new generation   total 6144K, used 5233K [0x00000000fec00000, 0x00000000ff2a0000, 0x00000000ff2a0000)
  eden space 5504K,  95% used [0x00000000fec00000, 0x00000000ff11b7b0, 0x00000000ff160000)
  from space 640K,   0% used [0x00000000ff160000, 0x00000000ff161020, 0x00000000ff200000)
  to   space 640K,   0% used [0x00000000ff200000, 0x00000000ff200000, 0x00000000ff2a0000)
 concurrent mark-sweep generation total 13696K, used 3255K [0x00000000ff2a0000, 0x0000000100000000, 0x0000000100000000)
 Metaspace       used 5077K, capacity 5258K, committed 5504K, reserved 1056768K
  class space    used 557K, capacity 597K, committed 640K, reserved 1048576K
2024-07-16T17:59:02.107+0800: 9.251: [GC (Allocation Failure) 2024-07-16T17:59:02.107+0800: 9.251: [ParNew: 5233K->6K(6144K), 0.0009769 secs] 8489K->4287K(19840K), 0.0010716 secs] [Times: user=0.00 sys=0.00, real=0.00 secs] 
Heap after GC invocations=1171 (full 128):
 par new generation   total 6144K, used 6K [0x00000000fec00000, 0x00000000ff2a0000, 0x00000000ff2a0000)
  eden space 5504K,   0% used [0x00000000fec00000, 0x00000000fec00000, 0x00000000ff160000)
  from space 640K,   0% used [0x00000000ff200000, 0x00000000ff201830, 0x00000000ff2a0000)
  to   space 640K,   0% used [0x00000000ff160000, 0x00000000ff160000, 0x00000000ff200000)
 concurrent mark-sweep generation total 13696K, used 4281K [0x00000000ff2a0000, 0x0000000100000000, 0x0000000100000000)
 Metaspace       used 5077K, capacity 5258K, committed 5504K, reserved 1056768K
  class space    used 557K, capacity 597K, committed 640K, reserved 1048576K
}
{Heap before GC invocations=1171 (full 128):
 par new generation   total 6144K, used 5235K [0x00000000fec00000, 0x00000000ff2a0000, 0x00000000ff2a0000)
  eden space 5504K,  95% used [0x00000000fec00000, 0x00000000ff11b7b0, 0x00000000ff160000)
  from space 640K,   0% used [0x00000000ff200000, 0x00000000ff201830, 0x00000000ff2a0000)
  to   space 640K,   0% used [0x00000000ff160000, 0x00000000ff160000, 0x00000000ff200000)
 concurrent mark-sweep generation total 13696K, used 4281K [0x00000000ff2a0000, 0x0000000100000000, 0x0000000100000000)
 Metaspace       used 5077K, capacity 5258K, committed 5504K, reserved 1056768K
  class space    used 557K, capacity 597K, committed 640K, reserved 1048576K
2024-07-16T17:59:02.117+0800: 9.261: [GC (Allocation Failure) 2024-07-16T17:59:02.117+0800: 9.261: [ParNew: 5235K->2K(6144K), 0.0004130 secs] 9517K->4283K(19840K), 0.0005096 secs] [Times: user=0.00 sys=0.00, real=0.00 secs] 
Heap after GC invocations=1172 (full 128):
 par new generation   total 6144K, used 2K [0x00000000fec00000, 0x00000000ff2a0000, 0x00000000ff2a0000)
  eden space 5504K,   0% used [0x00000000fec00000, 0x00000000fec00000, 0x00000000ff160000)
  from space 640K,   0% used [0x00000000ff160000, 0x00000000ff160810, 0x00000000ff200000)
  to   space 640K,   0% used [0x00000000ff200000, 0x00000000ff200000, 0x00000000ff2a0000)
 concurrent mark-sweep generation total 13696K, used 4281K [0x00000000ff2a0000, 0x0000000100000000, 0x0000000100000000)
 Metaspace       used 5077K, capacity 5258K, committed 5504K, reserved 1056768K
  class space    used 557K, capacity 597K, committed 640K, reserved 1048576K
}
{Heap before GC invocations=1172 (full 128):
 par new generation   total 6144K, used 5231K [0x00000000fec00000, 0x00000000ff2a0000, 0x00000000ff2a0000)
  eden space 5504K,  95% used [0x00000000fec00000, 0x00000000ff11b7b0, 0x00000000ff160000)
  from space 640K,   0% used [0x00000000ff160000, 0x00000000ff160810, 0x00000000ff200000)
  to   space 640K,   0% used [0x00000000ff200000, 0x00000000ff200000, 0x00000000ff2a0000)
 concurrent mark-sweep generation total 13696K, used 4281K [0x00000000ff2a0000, 0x0000000100000000, 0x0000000100000000)
 Metaspace       used 5077K, capacity 5258K, committed 5504K, reserved 1056768K
  class space    used 557K, capacity 597K, committed 640K, reserved 1048576K
2024-07-16T17:59:02.125+0800: 9.269: [GC (Allocation Failure) 2024-07-16T17:59:02.125+0800: 9.269: [ParNew: 5231K->2K(6144K), 0.0004420 secs] 9513K->4283K(19840K), 0.0005234 secs] [Times: user=0.00 sys=0.00, real=0.00 secs] 
Heap after GC invocations=1173 (full 128):
 par new generation   total 6144K, used 2K [0x00000000fec00000, 0x00000000ff2a0000, 0x00000000ff2a0000)
  eden space 5504K,   0% used [0x00000000fec00000, 0x00000000fec00000, 0x00000000ff160000)
  from space 640K,   0% used [0x00000000ff200000, 0x00000000ff200810, 0x00000000ff2a0000)
  to   space 640K,   0% used [0x00000000ff160000, 0x00000000ff160000, 0x00000000ff200000)
 concurrent mark-sweep generation total 13696K, used 4281K [0x00000000ff2a0000, 0x0000000100000000, 0x0000000100000000)
 Metaspace       used 5077K, capacity 5258K, committed 5504K, reserved 1056768K
  class space    used 557K, capacity 597K, committed 640K, reserved 1048576K
}
{Heap before GC invocations=1173 (full 128):
 par new generation   total 6144K, used 5231K [0x00000000fec00000, 0x00000000ff2a0000, 0x00000000ff2a0000)
  eden space 5504K,  95% used [0x00000000fec00000, 0x00000000ff11b7b0, 0x00000000ff160000)
  from space 640K,   0% used [0x00000000ff200000, 0x00000000ff200810, 0x00000000ff2a0000)
  to   space 640K,   0% used [0x00000000ff160000, 0x00000000ff160000, 0x00000000ff200000)
 concurrent mark-sweep generation total 13696K, used 4281K [0x00000000ff2a0000, 0x0000000100000000, 0x0000000100000000)
 Metaspace       used 5077K, capacity 5258K, committed 5504K, reserved 1056768K
  class space    used 557K, capacity 597K, committed 640K, reserved 1048576K
2024-07-16T17:59:02.133+0800: 9.277: [GC (Allocation Failure) 2024-07-16T17:59:02.133+0800: 9.277: [ParNew: 5231K->4K(6144K), 0.0003606 secs] 9513K->4285K(19840K), 0.0004608 secs] [Times: user=0.00 sys=0.00, real=0.00 secs] 
Heap after GC invocations=1174 (full 128):
 par new generation   total 6144K, used 4K [0x00000000fec00000, 0x00000000ff2a0000, 0x00000000ff2a0000)
  eden space 5504K,   0% used [0x00000000fec00000, 0x00000000fec00000, 0x00000000ff160000)
  from space 640K,   0% used [0x00000000ff160000, 0x00000000ff161020, 0x00000000ff200000)
  to   space 640K,   0% used [0x00000000ff200000, 0x00000000ff200000, 0x00000000ff2a0000)
 concurrent mark-sweep generation total 13696K, used 4281K [0x00000000ff2a0000, 0x0000000100000000, 0x0000000100000000)
 Metaspace       used 5077K, capacity 5258K, committed 5504K, reserved 1056768K
  class space    used 557K, capacity 597K, committed 640K, reserved 1048576K
}
{Heap before GC invocations=1174 (full 128):
 par new generation   total 6144K, used 5233K [0x00000000fec00000, 0x00000000ff2a0000, 0x00000000ff2a0000)
  eden space 5504K,  95% used [0x00000000fec00000, 0x00000000ff11b7b0, 0x00000000ff160000)
  from space 640K,   0% used [0x00000000ff160000, 0x00000000ff161020, 0x00000000ff200000)
  to   space 640K,   0% used [0x00000000ff200000, 0x00000000ff200000, 0x00000000ff2a0000)
 concurrent mark-sweep generation total 13696K, used 4281K [0x00000000ff2a0000, 0x0000000100000000, 0x0000000100000000)
 Metaspace       used 5077K, capacity 5258K, committed 5504K, reserved 1056768K
  class space    used 557K, capacity 597K, committed 640K, reserved 1048576K
2024-07-16T17:59:02.139+0800: 9.283: [GC (Allocation Failure) 2024-07-16T17:59:02.139+0800: 9.283: [ParNew: 5233K->8K(6144K), 0.0004992 secs] 9515K->5313K(19840K), 0.0005393 secs] [Times: user=0.00 sys=0.00, real=0.00 secs] 
Heap after GC invocations=1175 (full 128):
 par new generation   total 6144K, used 8K [0x00000000fec00000, 0x00000000ff2a0000, 0x00000000ff2a0000)
  eden space 5504K,   0% used [0x00000000fec00000, 0x00000000fec00000, 0x00000000ff160000)
  from space 640K,   1% used [0x00000000ff200000, 0x00000000ff202040, 0x00000000ff2a0000)
  to   space 640K,   0% used [0x00000000ff160000, 0x00000000ff160000, 0x00000000ff200000)
 concurrent mark-sweep generation total 13696K, used 5305K [0x00000000ff2a0000, 0x0000000100000000, 0x0000000100000000)
 Metaspace       used 5077K, capacity 5258K, committed 5504K, reserved 1056768K
  class space    used 557K, capacity 597K, committed 640K, reserved 1048576K
}
{Heap before GC invocations=1175 (full 128):
 par new generation   total 6144K, used 5237K [0x00000000fec00000, 0x00000000ff2a0000, 0x00000000ff2a0000)
  eden space 5504K,  95% used [0x00000000fec00000, 0x00000000ff11b7b0, 0x00000000ff160000)
  from space 640K,   1% used [0x00000000ff200000, 0x00000000ff202040, 0x00000000ff2a0000)
  to   space 640K,   0% used [0x00000000ff160000, 0x00000000ff160000, 0x00000000ff200000)
 concurrent mark-sweep generation total 13696K, used 5305K [0x00000000ff2a0000, 0x0000000100000000, 0x0000000100000000)
 Metaspace       used 5077K, capacity 5258K, committed 5504K, reserved 1056768K
  class space    used 557K, capacity 597K, committed 640K, reserved 1048576K
2024-07-16T17:59:02.145+0800: 9.290: [GC (Allocation Failure) 2024-07-16T17:59:02.145+0800: 9.290: [ParNew: 5237K->6K(6144K), 0.0009208 secs] 10543K->6335K(19840K), 0.0010317 secs] [Times: user=0.00 sys=0.00, real=0.00 secs] 
Heap after GC invocations=1176 (full 128):
 par new generation   total 6144K, used 6K [0x00000000fec00000, 0x00000000ff2a0000, 0x00000000ff2a0000)
  eden space 5504K,   0% used [0x00000000fec00000, 0x00000000fec00000, 0x00000000ff160000)
  from space 640K,   0% used [0x00000000ff160000, 0x00000000ff161830, 0x00000000ff200000)
  to   space 640K,   0% used [0x00000000ff200000, 0x00000000ff200000, 0x00000000ff2a0000)
 concurrent mark-sweep generation total 13696K, used 6329K [0x00000000ff2a0000, 0x0000000100000000, 0x0000000100000000)
 Metaspace       used 5077K, capacity 5258K, committed 5504K, reserved 1056768K
  class space    used 557K, capacity 597K, committed 640K, reserved 1048576K
}
{Heap before GC invocations=1176 (full 128):
 par new generation   total 6144K, used 5235K [0x00000000fec00000, 0x00000000ff2a0000, 0x00000000ff2a0000)
  eden space 5504K,  95% used [0x00000000fec00000, 0x00000000ff11b7b0, 0x00000000ff160000)
  from space 640K,   0% used [0x00000000ff160000, 0x00000000ff161830, 0x00000000ff200000)
  to   space 640K,   0% used [0x00000000ff200000, 0x00000000ff200000, 0x00000000ff2a0000)
 concurrent mark-sweep generation total 13696K, used 6329K [0x00000000ff2a0000, 0x0000000100000000, 0x0000000100000000)
 Metaspace       used 5077K, capacity 5258K, committed 5504K, reserved 1056768K
  class space    used 557K, capacity 597K, committed 640K, reserved 1048576K
2024-07-16T17:59:02.153+0800: 9.297: [GC (Allocation Failure) 2024-07-16T17:59:02.153+0800: 9.297: [ParNew: 5235K->8K(6144K), 0.0005369 secs] 11565K->7363K(19840K), 0.0005820 secs] [Times: user=0.00 sys=0.00, real=0.00 secs] 
Heap after GC invocations=1177 (full 128):
 par new generation   total 6144K, used 8K [0x00000000fec00000, 0x00000000ff2a0000, 0x00000000ff2a0000)
  eden space 5504K,   0% used [0x00000000fec00000, 0x00000000fec00000, 0x00000000ff160000)
  from space 640K,   1% used [0x00000000ff200000, 0x00000000ff202040, 0x00000000ff2a0000)
  to   space 640K,   0% used [0x00000000ff160000, 0x00000000ff160000, 0x00000000ff200000)
 concurrent mark-sweep generation total 13696K, used 7355K [0x00000000ff2a0000, 0x0000000100000000, 0x0000000100000000)
 Metaspace       used 5077K, capacity 5258K, committed 5504K, reserved 1056768K
  class space    used 557K, capacity 597K, committed 640K, reserved 1048576K
}
2024-07-16T17:59:02.153+0800: 9.298: [GC (CMS Initial Mark) [1 CMS-initial-mark: 7355K(13696K)] 8387K(19840K), 0.0001495 secs] [Times: user=0.00 sys=0.00, real=0.00 secs] 
2024-07-16T17:59:02.153+0800: 9.298: [CMS-concurrent-mark-start]
2024-07-16T17:59:02.155+0800: 9.300: [CMS-concurrent-mark: 0.002/0.002 secs] [Times: user=0.00 sys=0.00, real=0.00 secs] 
2024-07-16T17:59:02.155+0800: 9.300: [CMS-concurrent-preclean-start]
2024-07-16T17:59:02.155+0800: 9.300: [CMS-concurrent-preclean: 0.000/0.000 secs] [Times: user=0.00 sys=0.00, real=0.00 secs] 
2024-07-16T17:59:02.155+0800: 9.300: [CMS-concurrent-abortable-preclean-start]
{Heap before GC invocations=1177 (full 129):
 par new generation   total 6144K, used 5237K [0x00000000fec00000, 0x00000000ff2a0000, 0x00000000ff2a0000)
  eden space 5504K,  95% used [0x00000000fec00000, 0x00000000ff11b7b0, 0x00000000ff160000)
  from space 640K,   1% used [0x00000000ff200000, 0x00000000ff202040, 0x00000000ff2a0000)
  to   space 640K,   0% used [0x00000000ff160000, 0x00000000ff160000, 0x00000000ff200000)
 concurrent mark-sweep generation total 13696K, used 7355K [0x00000000ff2a0000, 0x0000000100000000, 0x0000000100000000)
 Metaspace       used 5077K, capacity 5258K, committed 5504K, reserved 1056768K
  class space    used 557K, capacity 597K, committed 640K, reserved 1048576K
2024-07-16T17:59:02.161+0800: 9.305: [GC (Allocation Failure) 2024-07-16T17:59:02.161+0800: 9.305: [ParNew: 5237K->8K(6144K), 0.0007004 secs] 12593K->8387K(19840K), 0.0007876 secs] [Times: user=0.00 sys=0.00, real=0.00 secs] 
Heap after GC invocations=1178 (full 129):
 par new generation   total 6144K, used 8K [0x00000000fec00000, 0x00000000ff2a0000, 0x00000000ff2a0000)
  eden space 5504K,   0% used [0x00000000fec00000, 0x00000000fec00000, 0x00000000ff160000)
  from space 640K,   1% used [0x00000000ff160000, 0x00000000ff162040, 0x00000000ff200000)
  to   space 640K,   0% used [0x00000000ff200000, 0x00000000ff200000, 0x00000000ff2a0000)
 concurrent mark-sweep generation total 13696K, used 8379K [0x00000000ff2a0000, 0x0000000100000000, 0x0000000100000000)
 Metaspace       used 5077K, capacity 5258K, committed 5504K, reserved 1056768K
  class space    used 557K, capacity 597K, committed 640K, reserved 1048576K
}
{Heap before GC invocations=1178 (full 129):
 par new generation   total 6144K, used 5237K [0x00000000fec00000, 0x00000000ff2a0000, 0x00000000ff2a0000)
  eden space 5504K,  95% used [0x00000000fec00000, 0x00000000ff11b7b0, 0x00000000ff160000)
  from space 640K,   1% used [0x00000000ff160000, 0x00000000ff162040, 0x00000000ff200000)
  to   space 640K,   0% used [0x00000000ff200000, 0x00000000ff200000, 0x00000000ff2a0000)
 concurrent mark-sweep generation total 13696K, used 8379K [0x00000000ff2a0000, 0x0000000100000000, 0x0000000100000000)
 Metaspace       used 5077K, capacity 5258K, committed 5504K, reserved 1056768K
  class space    used 557K, capacity 597K, committed 640K, reserved 1048576K
2024-07-16T17:59:02.169+0800: 9.313: [GC (Allocation Failure) 2024-07-16T17:59:02.169+0800: 9.313: [ParNew: 5237K->4K(6144K), 0.0007794 secs] 13617K->8383K(19840K), 0.0008759 secs] [Times: user=0.00 sys=0.00, real=0.00 secs] 
Heap after GC invocations=1179 (full 129):
 par new generation   total 6144K, used 4K [0x00000000fec00000, 0x00000000ff2a0000, 0x00000000ff2a0000)
  eden space 5504K,   0% used [0x00000000fec00000, 0x00000000fec00000, 0x00000000ff160000)
  from space 640K,   0% used [0x00000000ff200000, 0x00000000ff201020, 0x00000000ff2a0000)
  to   space 640K,   0% used [0x00000000ff160000, 0x00000000ff160000, 0x00000000ff200000)
 concurrent mark-sweep generation total 13696K, used 8379K [0x00000000ff2a0000, 0x0000000100000000, 0x0000000100000000)
 Metaspace       used 5077K, capacity 5258K, committed 5504K, reserved 1056768K
  class space    used 557K, capacity 597K, committed 640K, reserved 1048576K
}
{Heap before GC invocations=1179 (full 129):
 par new generation   total 6144K, used 5233K [0x00000000fec00000, 0x00000000ff2a0000, 0x00000000ff2a0000)
  eden space 5504K,  95% used [0x00000000fec00000, 0x00000000ff11b7b0, 0x00000000ff160000)
  from space 640K,   0% used [0x00000000ff200000, 0x00000000ff201020, 0x00000000ff2a0000)
  to   space 640K,   0% used [0x00000000ff160000, 0x00000000ff160000, 0x00000000ff200000)
 concurrent mark-sweep generation total 13696K, used 8379K [0x00000000ff2a0000, 0x0000000100000000, 0x0000000100000000)
 Metaspace       used 5077K, capacity 5258K, committed 5504K, reserved 1056768K
  class space    used 557K, capacity 597K, committed 640K, reserved 1048576K
2024-07-16T17:59:02.178+0800: 9.322: [GC (Allocation Failure) 2024-07-16T17:59:02.178+0800: 9.322: [ParNew: 5233K->6K(6144K), 0.0007592 secs] 13613K->9409K(19840K), 0.0008333 secs] [Times: user=0.00 sys=0.00, real=0.00 secs] 
Heap after GC invocations=1180 (full 129):
 par new generation   total 6144K, used 6K [0x00000000fec00000, 0x00000000ff2a0000, 0x00000000ff2a0000)
  eden space 5504K,   0% used [0x00000000fec00000, 0x00000000fec00000, 0x00000000ff160000)
  from space 640K,   0% used [0x00000000ff160000, 0x00000000ff161830, 0x00000000ff200000)
  to   space 640K,   0% used [0x00000000ff200000, 0x00000000ff200000, 0x00000000ff2a0000)
 concurrent mark-sweep generation total 13696K, used 9403K [0x00000000ff2a0000, 0x0000000100000000, 0x0000000100000000)
 Metaspace       used 5077K, capacity 5258K, committed 5504K, reserved 1056768K
  class space    used 557K, capacity 597K, committed 640K, reserved 1048576K
}
{Heap before GC invocations=1180 (full 129):
 par new generation   total 6144K, used 5235K [0x00000000fec00000, 0x00000000ff2a0000, 0x00000000ff2a0000)
  eden space 5504K,  95% used [0x00000000fec00000, 0x00000000ff11b7b0, 0x00000000ff160000)
  from space 640K,   0% used [0x00000000ff160000, 0x00000000ff161830, 0x00000000ff200000)
  to   space 640K,   0% used [0x00000000ff200000, 0x00000000ff200000, 0x00000000ff2a0000)
 concurrent mark-sweep generation total 13696K, used 9403K [0x00000000ff2a0000, 0x0000000100000000, 0x0000000100000000)
 Metaspace       used 5077K, capacity 5258K, committed 5504K, reserved 1056768K
  class space    used 557K, capacity 597K, committed 640K, reserved 1048576K
2024-07-16T17:59:02.187+0800: 9.331: [GC (Allocation Failure) 2024-07-16T17:59:02.187+0800: 9.331: [ParNew: 5235K->4K(6144K), 0.0003240 secs] 14639K->9407K(19840K), 0.0003564 secs] [Times: user=0.00 sys=0.00, real=0.00 secs] 
Heap after GC invocations=1181 (full 129):
 par new generation   total 6144K, used 4K [0x00000000fec00000, 0x00000000ff2a0000, 0x00000000ff2a0000)
  eden space 5504K,   0% used [0x00000000fec00000, 0x00000000fec00000, 0x00000000ff160000)
  from space 640K,   0% used [0x00000000ff200000, 0x00000000ff201020, 0x00000000ff2a0000)
  to   space 640K,   0% used [0x00000000ff160000, 0x00000000ff160000, 0x00000000ff200000)
 concurrent mark-sweep generation total 13696K, used 9403K [0x00000000ff2a0000, 0x0000000100000000, 0x0000000100000000)
 Metaspace       used 5077K, capacity 5258K, committed 5504K, reserved 1056768K
  class space    used 557K, capacity 597K, committed 640K, reserved 1048576K
}
{Heap before GC invocations=1181 (full 129):
 par new generation   total 6144K, used 5233K [0x00000000fec00000, 0x00000000ff2a0000, 0x00000000ff2a0000)
  eden space 5504K,  95% used [0x00000000fec00000, 0x00000000ff11b7b0, 0x00000000ff160000)
  from space 640K,   0% used [0x00000000ff200000, 0x00000000ff201020, 0x00000000ff2a0000)
  to   space 640K,   0% used [0x00000000ff160000, 0x00000000ff160000, 0x00000000ff200000)
 concurrent mark-sweep generation total 13696K, used 9403K [0x00000000ff2a0000, 0x0000000100000000, 0x0000000100000000)
 Metaspace       used 5077K, capacity 5258K, committed 5504K, reserved 1056768K
  class space    used 557K, capacity 597K, committed 640K, reserved 1048576K
2024-07-16T17:59:02.194+0800: 9.338: [GC (Allocation Failure) 2024-07-16T17:59:02.194+0800: 9.338: [ParNew: 5233K->8K(6144K), 0.0007044 secs] 14637K->10437K(19840K), 0.0007717 secs] [Times: user=0.00 sys=0.00, real=0.00 secs] 
Heap after GC invocations=1182 (full 129):
 par new generation   total 6144K, used 8K [0x00000000fec00000, 0x00000000ff2a0000, 0x00000000ff2a0000)
  eden space 5504K,   0% used [0x00000000fec00000, 0x00000000fec00000, 0x00000000ff160000)
  from space 640K,   1% used [0x00000000ff160000, 0x00000000ff162040, 0x00000000ff200000)
  to   space 640K,   0% used [0x00000000ff200000, 0x00000000ff200000, 0x00000000ff2a0000)
 concurrent mark-sweep generation total 13696K, used 10429K [0x00000000ff2a0000, 0x0000000100000000, 0x0000000100000000)
 Metaspace       used 5077K, capacity 5258K, committed 5504K, reserved 1056768K
  class space    used 557K, capacity 597K, committed 640K, reserved 1048576K
}
{Heap before GC invocations=1182 (full 129):
 par new generation   total 6144K, used 5237K [0x00000000fec00000, 0x00000000ff2a0000, 0x00000000ff2a0000)
  eden space 5504K,  95% used [0x00000000fec00000, 0x00000000ff11b7b0, 0x00000000ff160000)
  from space 640K,   1% used [0x00000000ff160000, 0x00000000ff162040, 0x00000000ff200000)
  to   space 640K,   0% used [0x00000000ff200000, 0x00000000ff200000, 0x00000000ff2a0000)
 concurrent mark-sweep generation total 13696K, used 10429K [0x00000000ff2a0000, 0x0000000100000000, 0x0000000100000000)
 Metaspace       used 5077K, capacity 5258K, committed 5504K, reserved 1056768K
  class space    used 557K, capacity 597K, committed 640K, reserved 1048576K
2024-07-16T17:59:02.201+0800: 9.345: [GC (Allocation Failure) 2024-07-16T17:59:02.201+0800: 9.346: [ParNew: 5237K->8K(6144K), 0.0013942 secs] 15667K->11464K(19840K), 0.0014952 secs] [Times: user=0.00 sys=0.00, real=0.00 secs] 
Heap after GC invocations=1183 (full 129):
 par new generation   total 6144K, used 8K [0x00000000fec00000, 0x00000000ff2a0000, 0x00000000ff2a0000)
  eden space 5504K,   0% used [0x00000000fec00000, 0x00000000fec00000, 0x00000000ff160000)
  from space 640K,   1% used [0x00000000ff200000, 0x00000000ff202040, 0x00000000ff2a0000)
  to   space 640K,   0% used [0x00000000ff160000, 0x00000000ff160000, 0x00000000ff200000)
 concurrent mark-sweep generation total 13696K, used 11455K [0x00000000ff2a0000, 0x0000000100000000, 0x0000000100000000)
 Metaspace       used 5077K, capacity 5258K, committed 5504K, reserved 1056768K
  class space    used 557K, capacity 597K, committed 640K, reserved 1048576K
}
{Heap before GC invocations=1183 (full 129):
 par new generation   total 6144K, used 5237K [0x00000000fec00000, 0x00000000ff2a0000, 0x00000000ff2a0000)
  eden space 5504K,  95% used [0x00000000fec00000, 0x00000000ff11b7b0, 0x00000000ff160000)
  from space 640K,   1% used [0x00000000ff200000, 0x00000000ff202040, 0x00000000ff2a0000)
  to   space 640K,   0% used [0x00000000ff160000, 0x00000000ff160000, 0x00000000ff200000)
 concurrent mark-sweep generation total 13696K, used 11455K [0x00000000ff2a0000, 0x0000000100000000, 0x0000000100000000)
 Metaspace       used 5077K, capacity 5258K, committed 5504K, reserved 1056768K
  class space    used 557K, capacity 597K, committed 640K, reserved 1048576K
2024-07-16T17:59:02.211+0800: 9.355: [GC (Allocation Failure) 2024-07-16T17:59:02.211+0800: 9.355: [ParNew: 5237K->8K(6144K), 0.0006628 secs] 16693K->12488K(19840K), 0.0007707 secs] [Times: user=0.00 sys=0.00, real=0.00 secs] 
Heap after GC invocations=1184 (full 129):
 par new generation   total 6144K, used 8K [0x00000000fec00000, 0x00000000ff2a0000, 0x00000000ff2a0000)
  eden space 5504K,   0% used [0x00000000fec00000, 0x00000000fec00000, 0x00000000ff160000)
  from space 640K,   1% used [0x00000000ff160000, 0x00000000ff162040, 0x00000000ff200000)
  to   space 640K,   0% used [0x00000000ff200000, 0x00000000ff200000, 0x00000000ff2a0000)
 concurrent mark-sweep generation total 13696K, used 12479K [0x00000000ff2a0000, 0x0000000100000000, 0x0000000100000000)
 Metaspace       used 5077K, capacity 5258K, committed 5504K, reserved 1056768K
  class space    used 557K, capacity 597K, committed 640K, reserved 1048576K
}
{Heap before GC invocations=1184 (full 129):
 par new generation   total 6144K, used 5237K [0x00000000fec00000, 0x00000000ff2a0000, 0x00000000ff2a0000)
  eden space 5504K,  95% used [0x00000000fec00000, 0x00000000ff11b7b0, 0x00000000ff160000)
  from space 640K,   1% used [0x00000000ff160000, 0x00000000ff162040, 0x00000000ff200000)
  to   space 640K,   0% used [0x00000000ff200000, 0x00000000ff200000, 0x00000000ff2a0000)
 concurrent mark-sweep generation total 13696K, used 12479K [0x00000000ff2a0000, 0x0000000100000000, 0x0000000100000000)
 Metaspace       used 5077K, capacity 5258K, committed 5504K, reserved 1056768K
  class space    used 557K, capacity 597K, committed 640K, reserved 1048576K
2024-07-16T17:59:02.220+0800: 9.364: [GC (Allocation Failure) 2024-07-16T17:59:02.220+0800: 9.364: [ParNew: 5237K->5237K(6144K), 0.0000127 secs]2024-07-16T17:59:02.220+0800: 9.364: [CMS2024-07-16T17:59:02.220+0800: 9.364: [CMS-concurrent-abortable-preclean: 0.001/0.064 secs] [Times: user=0.00 sys=0.00, real=0.07 secs] 
 (concurrent mode failure): 12479K->1205K(13696K), 0.0023754 secs] 17717K->1205K(19840K), [Metaspace: 5077K->5077K(1056768K)], 0.0024347 secs] [Times: user=0.02 sys=0.00, real=0.00 secs] 
Heap after GC invocations=1185 (full 130):
 par new generation   total 6144K, used 0K [0x00000000fec00000, 0x00000000ff2a0000, 0x00000000ff2a0000)
  eden space 5504K,   0% used [0x00000000fec00000, 0x00000000fec00000, 0x00000000ff160000)
