OpenJDK 64-Bit Server VM (25.302-b08) for windows-amd64 JRE (Zulu 8.56.0.21-CA-win64) (1.8.0_302-b08), built on Jul 12 2021 09:58:01 by "tester" with MS VC++ 15.9 (VS2017)
Memory: 4k page, physical 33363216k(19310756k free), swap 35460368k(14990256k free)
CommandLine flags: -XX:CMSInitiatingOccupancyFraction=60 -XX:+CMSScavengeBeforeRemark -XX:InitialHeapSize=20971520 -XX:MaxHeapSize=20971520 -XX:MaxNewSize=6991872 -XX:MaxTenuringThreshold=6 -XX:NewSize=6991872 -XX:OldPLABSize=16 -XX:OldSize=13979648 -XX:+PrintGC -XX:+PrintGCDateStamps -XX:+PrintGCDetails -XX:+PrintGCTimeStamps -XX:+PrintHeapAtGC -XX:+UseCompressedClassPointers -XX:+UseCompressedOops -XX:+UseConcMarkSweepGC -XX:-UseLargePagesIndividualAllocation -XX:+UseParNewGC 
{Heap before GC invocations=0 (full 0):
 par new generation   total 6144K, used 5035K [0x00000000fec00000, 0x00000000ff2a0000, 0x00000000ff2a0000)
  eden space 5504K,  91% used [0x00000000fec00000, 0x00000000ff0eaff0, 0x00000000ff160000)
  from space 640K,   0% used [0x00000000ff160000, 0x00000000ff160000, 0x00000000ff200000)
  to   space 640K,   0% used [0x00000000ff200000, 0x00000000ff200000, 0x00000000ff2a0000)
 concurrent mark-sweep generation total 13696K, used 0K [0x00000000ff2a0000, 0x0000000100000000, 0x0000000100000000)
 Metaspace       used 4467K, capacity 4786K, committed 4992K, reserved 1056768K
  class space    used 495K, capacity 533K, committed 640K, reserved 1048576K
2024-07-16T18:26:13.312+0800: 0.116: [GC (Allocation Failure) 2024-07-16T18:26:13.312+0800: 0.116: [ParNew: 5035K->640K(6144K), 0.0015406 secs] 5035K->1950K(19840K), 0.0016974 secs] [Times: user=0.00 sys=0.00, real=0.00 secs] 
Heap after GC invocations=1 (full 0):
 par new generation   total 6144K, used 640K [0x00000000fec00000, 0x00000000ff2a0000, 0x00000000ff2a0000)
  eden space 5504K,   0% used [0x00000000fec00000, 0x00000000fec00000, 0x00000000ff160000)
  from space 640K, 100% used [0x00000000ff200000, 0x00000000ff2a0000, 0x00000000ff2a0000)
  to   space 640K,   0% used [0x00000000ff160000, 0x00000000ff160000, 0x00000000ff200000)
 concurrent mark-sweep generation total 13696K, used 1310K [0x00000000ff2a0000, 0x0000000100000000, 0x0000000100000000)
 Metaspace       used 4467K, capacity 4786K, committed 4992K, reserved 1056768K
  class space    used 495K, capacity 533K, committed 640K, reserved 1048576K
}
{Heap before GC invocations=1 (full 0):
 par new generation   total 6144K, used 5863K [0x00000000fec00000, 0x00000000ff2a0000, 0x00000000ff2a0000)
  eden space 5504K,  94% used [0x00000000fec00000, 0x00000000ff119d18, 0x00000000ff160000)
  from space 640K, 100% used [0x00000000ff200000, 0x00000000ff2a0000, 0x00000000ff2a0000)
  to   space 640K,   0% used [0x00000000ff160000, 0x00000000ff160000, 0x00000000ff200000)
 concurrent mark-sweep generation total 13696K, used 1310K [0x00000000ff2a0000, 0x0000000100000000, 0x0000000100000000)
 Metaspace       used 4468K, capacity 4786K, committed 4992K, reserved 1056768K
  class space    used 495K, capacity 533K, committed 640K, reserved 1048576K
2024-07-16T18:26:13.322+0800: 0.126: [GC (Allocation Failure) 2024-07-16T18:26:13.322+0800: 0.126: [ParNew: 5863K->93K(6144K), 0.0012222 secs] 7173K->3010K(19840K), 0.0012684 secs] [Times: user=0.00 sys=0.00, real=0.00 secs] 
Heap after GC invocations=2 (full 0):
 par new generation   total 6144K, used 93K [0x00000000fec00000, 0x00000000ff2a0000, 0x00000000ff2a0000)
  eden space 5504K,   0% used [0x00000000fec00000, 0x00000000fec00000, 0x00000000ff160000)
  from space 640K,  14% used [0x00000000ff160000, 0x00000000ff177510, 0x00000000ff200000)
  to   space 640K,   0% used [0x00000000ff200000, 0x00000000ff200000, 0x00000000ff2a0000)
 concurrent mark-sweep generation total 13696K, used 2916K [0x00000000ff2a0000, 0x0000000100000000, 0x0000000100000000)
 Metaspace       used 4468K, capacity 4786K, committed 4992K, reserved 1056768K
  class space    used 495K, capacity 533K, committed 640K, reserved 1048576K
}
{Heap before GC invocations=2 (full 0):
 par new generation   total 6144K, used 5311K [0x00000000fec00000, 0x00000000ff2a0000, 0x00000000ff2a0000)
  eden space 5504K,  94% used [0x00000000fec00000, 0x00000000ff1187b0, 0x00000000ff160000)
  from space 640K,  14% used [0x00000000ff160000, 0x00000000ff177510, 0x00000000ff200000)
  to   space 640K,   0% used [0x00000000ff200000, 0x00000000ff200000, 0x00000000ff2a0000)
 concurrent mark-sweep generation total 13696K, used 2916K [0x00000000ff2a0000, 0x0000000100000000, 0x0000000100000000)
 Metaspace       used 4468K, capacity 4786K, committed 4992K, reserved 1056768K
  class space    used 495K, capacity 533K, committed 640K, reserved 1048576K
2024-07-16T18:26:13.330+0800: 0.134: [GC (Allocation Failure) 2024-07-16T18:26:13.330+0800: 0.134: [ParNew: 5311K->69K(6144K), 0.0013612 secs] 8228K->5034K(19840K), 0.0014400 secs] [Times: user=0.00 sys=0.00, real=0.00 secs] 
Heap after GC invocations=3 (full 0):
 par new generation   total 6144K, used 69K [0x00000000fec00000, 0x00000000ff2a0000, 0x00000000ff2a0000)
  eden space 5504K,   0% used [0x00000000fec00000, 0x00000000fec00000, 0x00000000ff160000)
  from space 640K,  10% used [0x00000000ff200000, 0x00000000ff2117c0, 0x00000000ff2a0000)
  to   space 640K,   0% used [0x00000000ff160000, 0x00000000ff160000, 0x00000000ff200000)
 concurrent mark-sweep generation total 13696K, used 4964K [0x00000000ff2a0000, 0x0000000100000000, 0x0000000100000000)
 Metaspace       used 4468K, capacity 4786K, committed 4992K, reserved 1056768K
  class space    used 495K, capacity 533K, committed 640K, reserved 1048576K
}
{Heap before GC invocations=3 (full 0):
 par new generation   total 6144K, used 5291K [0x00000000fec00000, 0x00000000ff2a0000, 0x00000000ff2a0000)
  eden space 5504K,  94% used [0x00000000fec00000, 0x00000000ff1196f0, 0x00000000ff160000)
  from space 640K,  10% used [0x00000000ff200000, 0x00000000ff2117c0, 0x00000000ff2a0000)
  to   space 640K,   0% used [0x00000000ff160000, 0x00000000ff160000, 0x00000000ff200000)
 concurrent mark-sweep generation total 13696K, used 4964K [0x00000000ff2a0000, 0x0000000100000000, 0x0000000100000000)
 Metaspace       used 4468K, capacity 4786K, committed 4992K, reserved 1056768K
  class space    used 495K, capacity 533K, committed 640K, reserved 1048576K
2024-07-16T18:26:13.340+0800: 0.144: [GC (Allocation Failure) 2024-07-16T18:26:13.340+0800: 0.144: [ParNew: 5291K->14K(6144K), 0.0008269 secs] 10256K->6003K(19840K), 0.0008726 secs] [Times: user=0.00 sys=0.00, real=0.00 secs] 
Heap after GC invocations=4 (full 0):
 par new generation   total 6144K, used 14K [0x00000000fec00000, 0x00000000ff2a0000, 0x00000000ff2a0000)
  eden space 5504K,   0% used [0x00000000fec00000, 0x00000000fec00000, 0x00000000ff160000)
  from space 640K,   2% used [0x00000000ff160000, 0x00000000ff163a48, 0x00000000ff200000)
  to   space 640K,   0% used [0x00000000ff200000, 0x00000000ff200000, 0x00000000ff2a0000)
 concurrent mark-sweep generation total 13696K, used 5988K [0x00000000ff2a0000, 0x0000000100000000, 0x0000000100000000)
 Metaspace       used 4468K, capacity 4786K, committed 4992K, reserved 1056768K
  class space    used 495K, capacity 533K, committed 640K, reserved 1048576K
}
{Heap before GC invocations=4 (full 0):
 par new generation   total 6144K, used 5238K [0x00000000fec00000, 0x00000000ff2a0000, 0x00000000ff2a0000)
  eden space 5504K,  94% used [0x00000000fec00000, 0x00000000ff119ff8, 0x00000000ff160000)
  from space 640K,   2% used [0x00000000ff160000, 0x00000000ff163a48, 0x00000000ff200000)
  to   space 640K,   0% used [0x00000000ff200000, 0x00000000ff200000, 0x00000000ff2a0000)
 concurrent mark-sweep generation total 13696K, used 5988K [0x00000000ff2a0000, 0x0000000100000000, 0x0000000100000000)
 Metaspace       used 4468K, capacity 4786K, committed 4992K, reserved 1056768K
  class space    used 495K, capacity 533K, committed 640K, reserved 1048576K
2024-07-16T18:26:13.348+0800: 0.152: [GC (Allocation Failure) 2024-07-16T18:26:13.348+0800: 0.152: [ParNew: 5238K->10K(6144K), 0.0007508 secs] 11227K->7023K(19840K), 0.0007940 secs] [Times: user=0.00 sys=0.00, real=0.00 secs] 
Heap after GC invocations=5 (full 0):
 par new generation   total 6144K, used 10K [0x00000000fec00000, 0x00000000ff2a0000, 0x00000000ff2a0000)
  eden space 5504K,   0% used [0x00000000fec00000, 0x00000000fec00000, 0x00000000ff160000)
  from space 640K,   1% used [0x00000000ff200000, 0x00000000ff202850, 0x00000000ff2a0000)
  to   space 640K,   0% used [0x00000000ff160000, 0x00000000ff160000, 0x00000000ff200000)
 concurrent mark-sweep generation total 13696K, used 7013K [0x00000000ff2a0000, 0x0000000100000000, 0x0000000100000000)
 Metaspace       used 4468K, capacity 4786K, committed 4992K, reserved 1056768K
  class space    used 495K, capacity 533K, committed 640K, reserved 1048576K
}
2024-07-16T18:26:13.349+0800: 0.153: [GC (CMS Initial Mark) [1 CMS-initial-mark: 7013K(13696K)] 8047K(19840K), 0.0001232 secs] [Times: user=0.00 sys=0.00, real=0.00 secs] 
2024-07-16T18:26:13.349+0800: 0.153: [CMS-concurrent-mark-start]
2024-07-16T18:26:13.350+0800: 0.154: [CMS-concurrent-mark: 0.001/0.001 secs] [Times: user=0.00 sys=0.00, real=0.00 secs] 
2024-07-16T18:26:13.350+0800: 0.154: [CMS-concurrent-preclean-start]
2024-07-16T18:26:13.350+0800: 0.154: [CMS-concurrent-preclean: 0.000/0.000 secs] [Times: user=0.00 sys=0.00, real=0.00 secs] 
2024-07-16T18:26:13.350+0800: 0.154: [GC (CMS Final Remark) [YG occupancy: 1034 K (6144 K)]{Heap before GC invocations=5 (full 1):
 par new generation   total 6144K, used 1034K [0x00000000fec00000, 0x00000000ff2a0000, 0x00000000ff2a0000)
  eden space 5504K,  18% used [0x00000000fec00000, 0x00000000fed000a8, 0x00000000ff160000)
  from space 640K,   1% used [0x00000000ff200000, 0x00000000ff202850, 0x00000000ff2a0000)
  to   space 640K,   0% used [0x00000000ff160000, 0x00000000ff160000, 0x00000000ff200000)
 concurrent mark-sweep generation total 13696K, used 7013K [0x00000000ff2a0000, 0x0000000100000000, 0x0000000100000000)
 Metaspace       used 4468K, capacity 4786K, committed 4992K, reserved 1056768K
  class space    used 495K, capacity 533K, committed 640K, reserved 1048576K
2024-07-16T18:26:13.350+0800: 0.154: [GC (CMS Final Remark) 2024-07-16T18:26:13.350+0800: 0.154: [ParNew: 1034K->8K(6144K), 0.0006106 secs] 8047K->8045K(19840K), 0.0006278 secs] [Times: user=0.00 sys=0.00, real=0.00 secs] 
Heap after GC invocations=6 (full 1):
 par new generation   total 6144K, used 8K [0x00000000fec00000, 0x00000000ff2a0000, 0x00000000ff2a0000)
  eden space 5504K,   0% used [0x00000000fec00000, 0x00000000fec00000, 0x00000000ff160000)
  from space 640K,   1% used [0x00000000ff160000, 0x00000000ff162040, 0x00000000ff200000)
  to   space 640K,   0% used [0x00000000ff200000, 0x00000000ff200000, 0x00000000ff2a0000)
 concurrent mark-sweep generation total 13696K, used 8037K [0x00000000ff2a0000, 0x0000000100000000, 0x0000000100000000)
 Metaspace       used 4468K, capacity 4786K, committed 4992K, reserved 1056768K
  class space    used 495K, capacity 533K, committed 640K, reserved 1048576K
}
2024-07-16T18:26:13.350+0800: 0.155: [Rescan (parallel) , 0.0001198 secs]2024-07-16T18:26:13.350+0800: 0.155: [weak refs processing, 0.0000161 secs]2024-07-16T18:26:13.350+0800: 0.155: [class unloading, 0.0002516 secs]2024-07-16T18:26:13.351+0800: 0.155: [scrub symbol table, 0.0003026 secs]2024-07-16T18:26:13.351+0800: 0.156: [scrub string table, 0.0000667 secs][1 CMS-remark: 8037K(13696K)] 8045K(19840K), 0.0014583 secs] [Times: user=0.00 sys=0.00, real=0.00 secs] 
2024-07-16T18:26:13.351+0800: 0.156: [CMS-concurrent-sweep-start]
2024-07-16T18:26:13.351+0800: 0.156: [CMS-concurrent-sweep: 0.000/0.000 secs] [Times: user=0.00 sys=0.00, real=0.00 secs] 
2024-07-16T18:26:13.351+0800: 0.156: [CMS-concurrent-reset-start]
2024-07-16T18:26:13.352+0800: 0.156: [CMS-concurrent-reset: 0.000/0.000 secs] [Times: user=0.00 sys=0.00, real=0.00 secs] 
{Heap before GC invocations=6 (full 1):
 par new generation   total 6144K, used 5233K [0x00000000fec00000, 0x00000000ff2a0000, 0x00000000ff2a0000)
  eden space 5504K,  94% used [0x00000000fec00000, 0x00000000ff11a570, 0x00000000ff160000)
  from space 640K,   1% used [0x00000000ff160000, 0x00000000ff162040, 0x00000000ff200000)
  to   space 640K,   0% used [0x00000000ff200000, 0x00000000ff200000, 0x00000000ff2a0000)
 concurrent mark-sweep generation total 13696K, used 2914K [0x00000000ff2a0000, 0x0000000100000000, 0x0000000100000000)
 Metaspace       used 4468K, capacity 4786K, committed 4992K, reserved 1056768K
  class space    used 495K, capacity 533K, committed 640K, reserved 1048576K
2024-07-16T18:26:13.358+0800: 0.162: [GC (Allocation Failure) 2024-07-16T18:26:13.358+0800: 0.162: [ParNew: 5233K->8K(6144K), 0.0003855 secs] 8148K->3946K(19840K), 0.0004313 secs] [Times: user=0.00 sys=0.00, real=0.00 secs] 
Heap after GC invocations=7 (full 1):
 par new generation   total 6144K, used 8K [0x00000000fec00000, 0x00000000ff2a0000, 0x00000000ff2a0000)
  eden space 5504K,   0% used [0x00000000fec00000, 0x00000000fec00000, 0x00000000ff160000)
  from space 640K,   1% used [0x00000000ff200000, 0x00000000ff202040, 0x00000000ff2a0000)
  to   space 640K,   0% used [0x00000000ff160000, 0x00000000ff160000, 0x00000000ff200000)
 concurrent mark-sweep generation total 13696K, used 3938K [0x00000000ff2a0000, 0x0000000100000000, 0x0000000100000000)
 Metaspace       used 4468K, capacity 4786K, committed 4992K, reserved 1056768K
  class space    used 495K, capacity 533K, committed 640K, reserved 1048576K
}
{Heap before GC invocations=7 (full 1):
 par new generation   total 6144K, used 5226K [0x00000000fec00000, 0x00000000ff2a0000, 0x00000000ff2a0000)
  eden space 5504K,  94% used [0x00000000fec00000, 0x00000000ff118b70, 0x00000000ff160000)
  from space 640K,   1% used [0x00000000ff200000, 0x00000000ff202040, 0x00000000ff2a0000)
  to   space 640K,   0% used [0x00000000ff160000, 0x00000000ff160000, 0x00000000ff200000)
 concurrent mark-sweep generation total 13696K, used 3938K [0x00000000ff2a0000, 0x0000000100000000, 0x0000000100000000)
 Metaspace       used 4469K, capacity 4786K, committed 4992K, reserved 1056768K
  class space    used 495K, capacity 533K, committed 640K, reserved 1048576K
2024-07-16T18:26:13.366+0800: 0.170: [GC (Allocation Failure) 2024-07-16T18:26:13.366+0800: 0.170: [ParNew: 5226K->6K(6144K), 0.0003314 secs] 9165K->3944K(19840K), 0.0003779 secs] [Times: user=0.00 sys=0.00, real=0.00 secs] 
Heap after GC invocations=8 (full 1):
 par new generation   total 6144K, used 6K [0x00000000fec00000, 0x00000000ff2a0000, 0x00000000ff2a0000)
  eden space 5504K,   0% used [0x00000000fec00000, 0x00000000fec00000, 0x00000000ff160000)
  from space 640K,   0% used [0x00000000ff160000, 0x00000000ff161830, 0x00000000ff200000)
  to   space 640K,   0% used [0x00000000ff200000, 0x00000000ff200000, 0x00000000ff2a0000)
 concurrent mark-sweep generation total 13696K, used 3938K [0x00000000ff2a0000, 0x0000000100000000, 0x0000000100000000)
 Metaspace       used 4469K, capacity 4786K, committed 4992K, reserved 1056768K
  class space    used 495K, capacity 533K, committed 640K, reserved 1048576K
}
{Heap before GC invocations=8 (full 1):
 par new generation   total 6144K, used 5228K [0x00000000fec00000, 0x00000000ff2a0000, 0x00000000ff2a0000)
  eden space 5504K,  94% used [0x00000000fec00000, 0x00000000ff1198c0, 0x00000000ff160000)
  from space 640K,   0% used [0x00000000ff160000, 0x00000000ff161830, 0x00000000ff200000)
  to   space 640K,   0% used [0x00000000ff200000, 0x00000000ff200000, 0x00000000ff2a0000)
 concurrent mark-sweep generation total 13696K, used 3938K [0x00000000ff2a0000, 0x0000000100000000, 0x0000000100000000)
 Metaspace       used 4469K, capacity 4786K, committed 4992K, reserved 1056768K
  class space    used 495K, capacity 533K, committed 640K, reserved 1048576K
2024-07-16T18:26:13.374+0800: 0.178: [GC (Allocation Failure) 2024-07-16T18:26:13.374+0800: 0.178: [ParNew: 5228K->2K(6144K), 0.0002928 secs] 9166K->3940K(19840K), 0.0003324 secs] [Times: user=0.00 sys=0.00, real=0.00 secs] 
Heap after GC invocations=9 (full 1):
 par new generation   total 6144K, used 2K [0x00000000fec00000, 0x00000000ff2a0000, 0x00000000ff2a0000)
  eden space 5504K,   0% used [0x00000000fec00000, 0x00000000fec00000, 0x00000000ff160000)
  from space 640K,   0% used [0x00000000ff200000, 0x00000000ff2008e8, 0x00000000ff2a0000)
  to   space 640K,   0% used [0x00000000ff160000, 0x00000000ff160000, 0x00000000ff200000)
 concurrent mark-sweep generation total 13696K, used 3938K [0x00000000ff2a0000, 0x0000000100000000, 0x0000000100000000)
 Metaspace       used 4469K, capacity 4786K, committed 4992K, reserved 1056768K
  class space    used 495K, capacity 533K, committed 640K, reserved 1048576K
}
{Heap before GC invocations=9 (full 1):
 par new generation   total 6144K, used 5226K [0x00000000fec00000, 0x00000000ff2a0000, 0x00000000ff2a0000)
  eden space 5504K,  94% used [0x00000000fec00000, 0x00000000ff11a148, 0x00000000ff160000)
  from space 640K,   0% used [0x00000000ff200000, 0x00000000ff2008e8, 0x00000000ff2a0000)
  to   space 640K,   0% used [0x00000000ff160000, 0x00000000ff160000, 0x00000000ff200000)
 concurrent mark-sweep generation total 13696K, used 3938K [0x00000000ff2a0000, 0x0000000100000000, 0x0000000100000000)
 Metaspace       used 4469K, capacity 4786K, committed 4992K, reserved 1056768K
  class space    used 495K, capacity 533K, committed 640K, reserved 1048576K
2024-07-16T18:26:13.381+0800: 0.185: [GC (Allocation Failure) 2024-07-16T18:26:13.381+0800: 0.185: [ParNew: 5226K->8K(6144K), 0.0005382 secs] 9165K->5994K(19840K), 0.0006252 secs] [Times: user=0.00 sys=0.00, real=0.00 secs] 
Heap after GC invocations=10 (full 1):
 par new generation   total 6144K, used 8K [0x00000000fec00000, 0x00000000ff2a0000, 0x00000000ff2a0000)
  eden space 5504K,   0% used [0x00000000fec00000, 0x00000000fec00000, 0x00000000ff160000)
  from space 640K,   1% used [0x00000000ff160000, 0x00000000ff162040, 0x00000000ff200000)
  to   space 640K,   0% used [0x00000000ff200000, 0x00000000ff200000, 0x00000000ff2a0000)
 concurrent mark-sweep generation total 13696K, used 5986K [0x00000000ff2a0000, 0x0000000100000000, 0x0000000100000000)
 Metaspace       used 4469K, capacity 4786K, committed 4992K, reserved 1056768K
  class space    used 495K, capacity 533K, committed 640K, reserved 1048576K
}
{Heap before GC invocations=10 (full 1):
 par new generation   total 6144K, used 5233K [0x00000000fec00000, 0x00000000ff2a0000, 0x00000000ff2a0000)
  eden space 5504K,  94% used [0x00000000fec00000, 0x00000000ff11a728, 0x00000000ff160000)
  from space 640K,   1% used [0x00000000ff160000, 0x00000000ff162040, 0x00000000ff200000)
  to   space 640K,   0% used [0x00000000ff200000, 0x00000000ff200000, 0x00000000ff2a0000)
 concurrent mark-sweep generation total 13696K, used 5986K [0x00000000ff2a0000, 0x0000000100000000, 0x0000000100000000)
 Metaspace       used 4469K, capacity 4786K, committed 4992K, reserved 1056768K
  class space    used 495K, capacity 533K, committed 640K, reserved 1048576K
2024-07-16T18:26:13.389+0800: 0.193: [GC (Allocation Failure) 2024-07-16T18:26:13.389+0800: 0.193: [ParNew: 5233K->8K(6144K), 0.0003700 secs] 11220K->7019K(19840K), 0.0004127 secs] [Times: user=0.00 sys=0.00, real=0.00 secs] 
Heap after GC invocations=11 (full 1):
 par new generation   total 6144K, used 8K [0x00000000fec00000, 0x00000000ff2a0000, 0x00000000ff2a0000)
  eden space 5504K,   0% used [0x00000000fec00000, 0x00000000fec00000, 0x00000000ff160000)
  from space 640K,   1% used [0x00000000ff200000, 0x00000000ff202118, 0x00000000ff2a0000)
  to   space 640K,   0% used [0x00000000ff160000, 0x00000000ff160000, 0x00000000ff200000)
 concurrent mark-sweep generation total 13696K, used 7010K [0x00000000ff2a0000, 0x0000000100000000, 0x0000000100000000)
 Metaspace       used 4469K, capacity 4786K, committed 4992K, reserved 1056768K
  class space    used 495K, capacity 533K, committed 640K, reserved 1048576K
}
{Heap before GC invocations=11 (full 1):
 par new generation   total 6144K, used 5234K [0x00000000fec00000, 0x00000000ff2a0000, 0x00000000ff2a0000)
  eden space 5504K,  94% used [0x00000000fec00000, 0x00000000ff11aa30, 0x00000000ff160000)
  from space 640K,   1% used [0x00000000ff200000, 0x00000000ff202118, 0x00000000ff2a0000)
  to   space 640K,   0% used [0x00000000ff160000, 0x00000000ff160000, 0x00000000ff200000)
 concurrent mark-sweep generation total 13696K, used 7010K [0x00000000ff2a0000, 0x0000000100000000, 0x0000000100000000)
 Metaspace       used 4469K, capacity 4786K, committed 4992K, reserved 1056768K
  class space    used 495K, capacity 533K, committed 640K, reserved 1048576K
2024-07-16T18:26:13.396+0800: 0.200: [GC (Allocation Failure) 2024-07-16T18:26:13.396+0800: 0.200: [ParNew: 5234K->10K(6144K), 0.0009851 secs] 12245K->9069K(19840K), 0.0010280 secs] [Times: user=0.00 sys=0.00, real=0.00 secs] 
Heap after GC invocations=12 (full 1):
 par new generation   total 6144K, used 10K [0x00000000fec00000, 0x00000000ff2a0000, 0x00000000ff2a0000)
  eden space 5504K,   0% used [0x00000000fec00000, 0x00000000fec00000, 0x00000000ff160000)
  from space 640K,   1% used [0x00000000ff160000, 0x00000000ff162988, 0x00000000ff200000)
  to   space 640K,   0% used [0x00000000ff200000, 0x00000000ff200000, 0x00000000ff2a0000)
 concurrent mark-sweep generation total 13696K, used 9058K [0x00000000ff2a0000, 0x0000000100000000, 0x0000000100000000)
 Metaspace       used 4469K, capacity 4786K, committed 4992K, reserved 1056768K
  class space    used 495K, capacity 533K, committed 640K, reserved 1048576K
}
2024-07-16T18:26:13.397+0800: 0.201: [GC (CMS Initial Mark) [1 CMS-initial-mark: 9058K(13696K)] 10093K(19840K), 0.0001146 secs] [Times: user=0.00 sys=0.00, real=0.00 secs] 
2024-07-16T18:26:13.397+0800: 0.202: [CMS-concurrent-mark-start]
2024-07-16T18:26:13.398+0800: 0.203: [CMS-concurrent-mark: 0.001/0.001 secs] [Times: user=0.00 sys=0.00, real=0.00 secs] 
2024-07-16T18:26:13.398+0800: 0.203: [CMS-concurrent-preclean-start]
2024-07-16T18:26:13.398+0800: 0.203: [CMS-concurrent-preclean: 0.000/0.000 secs] [Times: user=0.00 sys=0.00, real=0.00 secs] 
2024-07-16T18:26:13.398+0800: 0.203: [CMS-concurrent-abortable-preclean-start]
{Heap before GC invocations=12 (full 2):
 par new generation   total 6144K, used 5237K [0x00000000fec00000, 0x00000000ff2a0000, 0x00000000ff2a0000)
  eden space 5504K,  94% used [0x00000000fec00000, 0x00000000ff11acb0, 0x00000000ff160000)
  from space 640K,   1% used [0x00000000ff160000, 0x00000000ff162988, 0x00000000ff200000)
  to   space 640K,   0% used [0x00000000ff200000, 0x00000000ff200000, 0x00000000ff2a0000)
 concurrent mark-sweep generation total 13696K, used 9058K [0x00000000ff2a0000, 0x0000000100000000, 0x0000000100000000)
 Metaspace       used 4469K, capacity 4786K, committed 4992K, reserved 1056768K
  class space    used 495K, capacity 533K, committed 640K, reserved 1048576K
2024-07-16T18:26:13.404+0800: 0.208: [GC (Allocation Failure) 2024-07-16T18:26:13.404+0800: 0.208: [ParNew: 5237K->6K(6144K), 0.0008635 secs] 14296K->10089K(19840K), 0.0009033 secs] [Times: user=0.00 sys=0.00, real=0.00 secs] 
Heap after GC invocations=13 (full 2):
 par new generation   total 6144K, used 6K [0x00000000fec00000, 0x00000000ff2a0000, 0x00000000ff2a0000)
  eden space 5504K,   0% used [0x00000000fec00000, 0x00000000fec00000, 0x00000000ff160000)
  from space 640K,   0% used [0x00000000ff200000, 0x00000000ff201968, 0x00000000ff2a0000)
  to   space 640K,   0% used [0x00000000ff160000, 0x00000000ff160000, 0x00000000ff200000)
 concurrent mark-sweep generation total 13696K, used 10082K [0x00000000ff2a0000, 0x0000000100000000, 0x0000000100000000)
 Metaspace       used 4469K, capacity 4786K, committed 4992K, reserved 1056768K
  class space    used 495K, capacity 533K, committed 640K, reserved 1048576K
}
{Heap before GC invocations=13 (full 2):
 par new generation   total 6144K, used 5233K [0x00000000fec00000, 0x00000000ff2a0000, 0x00000000ff2a0000)
  eden space 5504K,  94% used [0x00000000fec00000, 0x00000000ff11ae48, 0x00000000ff160000)
  from space 640K,   0% used [0x00000000ff200000, 0x00000000ff201968, 0x00000000ff2a0000)
  to   space 640K,   0% used [0x00000000ff160000, 0x00000000ff160000, 0x00000000ff200000)
 concurrent mark-sweep generation total 13696K, used 10082K [0x00000000ff2a0000, 0x0000000100000000, 0x0000000100000000)
 Metaspace       used 4470K, capacity 4786K, committed 4992K, reserved 1056768K
  class space    used 495K, capacity 533K, committed 640K, reserved 1048576K
2024-07-16T18:26:13.413+0800: 0.217: [GC (Allocation Failure) 2024-07-16T18:26:13.413+0800: 0.217: [ParNew: 5233K->6K(6144K), 0.0008020 secs] 15316K->11113K(19840K), 0.0008402 secs] [Times: user=0.00 sys=0.00, real=0.00 secs] 
Heap after GC invocations=14 (full 2):
 par new generation   total 6144K, used 6K [0x00000000fec00000, 0x00000000ff2a0000, 0x00000000ff2a0000)
  eden space 5504K,   0% used [0x00000000fec00000, 0x00000000fec00000, 0x00000000ff160000)
  from space 640K,   0% used [0x00000000ff160000, 0x00000000ff161968, 0x00000000ff200000)
  to   space 640K,   0% used [0x00000000ff200000, 0x00000000ff200000, 0x00000000ff2a0000)
 concurrent mark-sweep generation total 13696K, used 11106K [0x00000000ff2a0000, 0x0000000100000000, 0x0000000100000000)
 Metaspace       used 4470K, capacity 4786K, committed 4992K, reserved 1056768K
  class space    used 495K, capacity 533K, committed 640K, reserved 1048576K
}
{Heap before GC invocations=14 (full 2):
 par new generation   total 6144K, used 5234K [0x00000000fec00000, 0x00000000ff2a0000, 0x00000000ff2a0000)
  eden space 5504K,  94% used [0x00000000fec00000, 0x00000000ff11af58, 0x00000000ff160000)
  from space 640K,   0% used [0x00000000ff160000, 0x00000000ff161968, 0x00000000ff200000)
  to   space 640K,   0% used [0x00000000ff200000, 0x00000000ff200000, 0x00000000ff2a0000)
 concurrent mark-sweep generation total 13696K, used 11106K [0x00000000ff2a0000, 0x0000000100000000, 0x0000000100000000)
 Metaspace       used 4470K, capacity 4786K, committed 4992K, reserved 1056768K
  class space    used 495K, capacity 533K, committed 640K, reserved 1048576K
2024-07-16T18:26:13.422+0800: 0.226: [GC (Allocation Failure) 2024-07-16T18:26:13.422+0800: 0.226: [ParNew: 5234K->4K(6144K), 0.0003190 secs] 16340K->11111K(19840K), 0.0003596 secs] [Times: user=0.00 sys=0.00, real=0.00 secs] 
Heap after GC invocations=15 (full 2):
 par new generation   total 6144K, used 4K [0x00000000fec00000, 0x00000000ff2a0000, 0x00000000ff2a0000)
  eden space 5504K,   0% used [0x00000000fec00000, 0x00000000fec00000, 0x00000000ff160000)
  from space 640K,   0% used [0x00000000ff200000, 0x00000000ff201158, 0x00000000ff2a0000)
  to   space 640K,   0% used [0x00000000ff160000, 0x00000000ff160000, 0x00000000ff200000)
 concurrent mark-sweep generation total 13696K, used 11106K [0x00000000ff2a0000, 0x0000000100000000, 0x0000000100000000)
 Metaspace       used 4470K, capacity 4786K, committed 4992K, reserved 1056768K
  class space    used 495K, capacity 533K, committed 640K, reserved 1048576K
}
{Heap before GC invocations=15 (full 2):
 par new generation   total 6144K, used 5232K [0x00000000fec00000, 0x00000000ff2a0000, 0x00000000ff2a0000)
  eden space 5504K,  94% used [0x00000000fec00000, 0x00000000ff11af70, 0x00000000ff160000)
  from space 640K,   0% used [0x00000000ff200000, 0x00000000ff201158, 0x00000000ff2a0000)
  to   space 640K,   0% used [0x00000000ff160000, 0x00000000ff160000, 0x00000000ff200000)
 concurrent mark-sweep generation total 13696K, used 11106K [0x00000000ff2a0000, 0x0000000100000000, 0x0000000100000000)
 Metaspace       used 4470K, capacity 4786K, committed 4992K, reserved 1056768K
  class space    used 495K, capacity 533K, committed 640K, reserved 1048576K
2024-07-16T18:26:13.428+0800: 0.232: [GC (Allocation Failure) 2024-07-16T18:26:13.428+0800: 0.232: [ParNew (promotion failed): 5232K->5236K(6144K), 0.0008401 secs]2024-07-16T18:26:13.428+0800: 0.233: [CMS2024-07-16T18:26:13.429+0800: 0.233: [CMS-concurrent-abortable-preclean: 0.000/0.031 secs] [Times: user=0.00 sys=0.00, real=0.03 secs] 
 (concurrent mode failure): 12130K->2891K(13696K), 0.0023504 secs] 16338K->2891K(19840K), [Metaspace: 4470K->4470K(1056768K)], 0.0032679 secs] [Times: user=0.00 sys=0.00, real=0.00 secs] 
Heap after GC invocations=16 (full 3):
 par new generation   total 6144K, used 0K [0x00000000fec00000, 0x00000000ff2a0000, 0x00000000ff2a0000)
  eden space 5504K,   0% used [0x00000000fec00000, 0x00000000fec00000, 0x00000000ff160000)
  from space 640K,   0% used [0x00000000ff160000, 0x00000000ff160000, 0x00000000ff200000)
  to   space 640K,   0% used [0x00000000ff200000, 0x00000000ff200000, 0x00000000ff2a0000)
 concurrent mark-sweep generation total 13696K, used 2891K [0x00000000ff2a0000, 0x0000000100000000, 0x0000000100000000)
 Metaspace       used 4470K, capacity 4786K, committed 4992K, reserved 1056768K
  class space    used 495K, capacity 533K, committed 640K, reserved 1048576K
}
{Heap before GC invocations=16 (full 3):
 par new generation   total 6144K, used 5283K [0x00000000fec00000, 0x00000000ff2a0000, 0x00000000ff2a0000)
  eden space 5504K,  95% used [0x00000000fec00000, 0x00000000ff128c98, 0x00000000ff160000)
  from space 640K,   0% used [0x00000000ff160000, 0x00000000ff160000, 0x00000000ff200000)
  to   space 640K,   0% used [0x00000000ff200000, 0x00000000ff200000, 0x00000000ff2a0000)
 concurrent mark-sweep generation total 13696K, used 2891K [0x00000000ff2a0000, 0x0000000100000000, 0x0000000100000000)
 Metaspace       used 4471K, capacity 4786K, committed 4992K, reserved 1056768K
  class space    used 495K, capacity 533K, committed 640K, reserved 1048576K
2024-07-16T18:26:13.439+0800: 0.243: [GC (Allocation Failure) 2024-07-16T18:26:13.439+0800: 0.243: [ParNew: 5283K->12K(6144K), 0.0004256 secs] 8174K->3929K(19840K), 0.0004823 secs] [Times: user=0.00 sys=0.00, real=0.00 secs] 
Heap after GC invocations=17 (full 3):
 par new generation   total 6144K, used 12K [0x00000000fec00000, 0x00000000ff2a0000, 0x00000000ff2a0000)
  eden space 5504K,   0% used [0x00000000fec00000, 0x00000000fec00000, 0x00000000ff160000)
  from space 640K,   1% used [0x00000000ff200000, 0x00000000ff203060, 0x00000000ff2a0000)
  to   space 640K,   0% used [0x00000000ff160000, 0x00000000ff160000, 0x00000000ff200000)
 concurrent mark-sweep generation total 13696K, used 3917K [0x00000000ff2a0000, 0x0000000100000000, 0x0000000100000000)
 Metaspace       used 4471K, capacity 4786K, committed 4992K, reserved 1056768K
  class space    used 495K, capacity 533K, committed 640K, reserved 1048576K
}
{Heap before GC invocations=17 (full 3):
 par new generation   total 6144K, used 5239K [0x00000000fec00000, 0x00000000ff2a0000, 0x00000000ff2a0000)
  eden space 5504K,  94% used [0x00000000fec00000, 0x00000000ff11ae80, 0x00000000ff160000)
  from space 640K,   1% used [0x00000000ff200000, 0x00000000ff203060, 0x00000000ff2a0000)
  to   space 640K,   0% used [0x00000000ff160000, 0x00000000ff160000, 0x00000000ff200000)
 concurrent mark-sweep generation total 13696K, used 3917K [0x00000000ff2a0000, 0x0000000100000000, 0x0000000100000000)
 Metaspace       used 4472K, capacity 4786K, committed 4992K, reserved 1056768K
  class space    used 495K, capacity 533K, committed 640K, reserved 1048576K
2024-07-16T18:26:13.446+0800: 0.250: [GC (Allocation Failure) 2024-07-16T18:26:13.446+0800: 0.250: [ParNew: 5239K->8K(6144K), 0.0005549 secs] 9157K->5975K(19840K), 0.0006069 secs] [Times: user=0.00 sys=0.00, real=0.00 secs] 
Heap after GC invocations=18 (full 3):
 par new generation   total 6144K, used 8K [0x00000000fec00000, 0x00000000ff2a0000, 0x00000000ff2a0000)
  eden space 5504K,   0% used [0x00000000fec00000, 0x00000000fec00000, 0x00000000ff160000)
  from space 640K,   1% used [0x00000000ff160000, 0x00000000ff162040, 0x00000000ff200000)
  to   space 640K,   0% used [0x00000000ff200000, 0x00000000ff200000, 0x00000000ff2a0000)
 concurrent mark-sweep generation total 13696K, used 5967K [0x00000000ff2a0000, 0x0000000100000000, 0x0000000100000000)
 Metaspace       used 4472K, capacity 4786K, committed 4992K, reserved 1056768K
  class space    used 495K, capacity 533K, committed 640K, reserved 1048576K
}
{Heap before GC invocations=18 (full 3):
 par new generation   total 6144K, used 5235K [0x00000000fec00000, 0x00000000ff2a0000, 0x00000000ff2a0000)
  eden space 5504K,  94% used [0x00000000fec00000, 0x00000000ff11afa0, 0x00000000ff160000)
  from space 640K,   1% used [0x00000000ff160000, 0x00000000ff162040, 0x00000000ff200000)
  to   space 640K,   0% used [0x00000000ff200000, 0x00000000ff200000, 0x00000000ff2a0000)
 concurrent mark-sweep generation total 13696K, used 5967K [0x00000000ff2a0000, 0x0000000100000000, 0x0000000100000000)
 Metaspace       used 4472K, capacity 4786K, committed 4992K, reserved 1056768K
  class space    used 495K, capacity 533K, committed 640K, reserved 1048576K
2024-07-16T18:26:13.453+0800: 0.257: [GC (Allocation Failure) 2024-07-16T18:26:13.453+0800: 0.257: [ParNew: 5235K->10K(6144K), 0.0004146 secs] 11203K->7002K(19840K), 0.0004994 secs] [Times: user=0.00 sys=0.00, real=0.00 secs] 
Heap after GC invocations=19 (full 3):
 par new generation   total 6144K, used 10K [0x00000000fec00000, 0x00000000ff2a0000, 0x00000000ff2a0000)
  eden space 5504K,   0% used [0x00000000fec00000, 0x00000000fec00000, 0x00000000ff160000)
  from space 640K,   1% used [0x00000000ff200000, 0x00000000ff202a18, 0x00000000ff2a0000)
  to   space 640K,   0% used [0x00000000ff160000, 0x00000000ff160000, 0x00000000ff200000)
 concurrent mark-sweep generation total 13696K, used 6991K [0x00000000ff2a0000, 0x0000000100000000, 0x0000000100000000)
 Metaspace       used 4472K, capacity 4786K, committed 4992K, reserved 1056768K
  class space    used 495K, capacity 533K, committed 640K, reserved 1048576K
}
{Heap before GC invocations=19 (full 3):
 par new generation   total 6144K, used 5238K [0x00000000fec00000, 0x00000000ff2a0000, 0x00000000ff2a0000)
  eden space 5504K,  94% used [0x00000000fec00000, 0x00000000ff11aff8, 0x00000000ff160000)
  from space 640K,   1% used [0x00000000ff200000, 0x00000000ff202a18, 0x00000000ff2a0000)
  to   space 640K,   0% used [0x00000000ff160000, 0x00000000ff160000, 0x00000000ff200000)
 concurrent mark-sweep generation total 13696K, used 6991K [0x00000000ff2a0000, 0x0000000100000000, 0x0000000100000000)
 Metaspace       used 4474K, capacity 4786K, committed 4992K, reserved 1056768K
  class space    used 495K, capacity 533K, committed 640K, reserved 1048576K
2024-07-16T18:26:13.462+0800: 0.266: [GC (Allocation Failure) 2024-07-16T18:26:13.462+0800: 0.266: [ParNew: 5238K->10K(6144K), 0.0004526 secs] 12230K->8027K(19840K), 0.0005094 secs] [Times: user=0.00 sys=0.00, real=0.00 secs] 
Heap after GC invocations=20 (full 3):
 par new generation   total 6144K, used 10K [0x00000000fec00000, 0x00000000ff2a0000, 0x00000000ff2a0000)
  eden space 5504K,   0% used [0x00000000fec00000, 0x00000000fec00000, 0x00000000ff160000)
  from space 640K,   1% used [0x00000000ff160000, 0x00000000ff162850, 0x00000000ff200000)
  to   space 640K,   0% used [0x00000000ff200000, 0x00000000ff200000, 0x00000000ff2a0000)
 concurrent mark-sweep generation total 13696K, used 8017K [0x00000000ff2a0000, 0x0000000100000000, 0x0000000100000000)
 Metaspace       used 4474K, capacity 4786K, committed 4992K, reserved 1056768K
  class space    used 495K, capacity 533K, committed 640K, reserved 1048576K
}
{Heap before GC invocations=20 (full 3):
 par new generation   total 6144K, used 5238K [0x00000000fec00000, 0x00000000ff2a0000, 0x00000000ff2a0000)
  eden space 5504K,  94% used [0x00000000fec00000, 0x00000000ff11b020, 0x00000000ff160000)
  from space 640K,   1% used [0x00000000ff160000, 0x00000000ff162850, 0x00000000ff200000)
  to   space 640K,   0% used [0x00000000ff200000, 0x00000000ff200000, 0x00000000ff2a0000)
 concurrent mark-sweep generation total 13696K, used 8017K [0x00000000ff2a0000, 0x0000000100000000, 0x0000000100000000)
 Metaspace       used 4475K, capacity 4786K, committed 4992K, reserved 1056768K
  class space    used 495K, capacity 533K, committed 640K, reserved 1048576K
2024-07-16T18:26:13.468+0800: 0.272: [GC (Allocation Failure) 2024-07-16T18:26:13.468+0800: 0.272: [ParNew: 5238K->12K(6144K), 0.0004955 secs] 13255K->9056K(19840K), 0.0005574 secs] [Times: user=0.00 sys=0.00, real=0.00 secs] 
Heap after GC invocations=21 (full 3):
 par new generation   total 6144K, used 12K [0x00000000fec00000, 0x00000000ff2a0000, 0x00000000ff2a0000)
  eden space 5504K,   0% used [0x00000000fec00000, 0x00000000fec00000, 0x00000000ff160000)
  from space 640K,   1% used [0x00000000ff200000, 0x00000000ff203228, 0x00000000ff2a0000)
  to   space 640K,   0% used [0x00000000ff160000, 0x00000000ff160000, 0x00000000ff200000)
 concurrent mark-sweep generation total 13696K, used 9043K [0x00000000ff2a0000, 0x0000000100000000, 0x0000000100000000)
 Metaspace       used 4475K, capacity 4786K, committed 4992K, reserved 1056768K
  class space    used 495K, capacity 533K, committed 640K, reserved 1048576K
}
2024-07-16T18:26:13.468+0800: 0.273: [GC (CMS Initial Mark) [1 CMS-initial-mark: 9043K(13696K)] 10080K(19840K), 0.0002931 secs] [Times: user=0.00 sys=0.00, real=0.00 secs] 
2024-07-16T18:26:13.469+0800: 0.273: [CMS-concurrent-mark-start]
2024-07-16T18:26:13.470+0800: 0.274: [CMS-concurrent-mark: 0.001/0.001 secs] [Times: user=0.00 sys=0.00, real=0.00 secs] 
2024-07-16T18:26:13.470+0800: 0.274: [CMS-concurrent-preclean-start]
2024-07-16T18:26:13.470+0800: 0.274: [CMS-concurrent-preclean: 0.000/0.000 secs] [Times: user=0.00 sys=0.00, real=0.00 secs] 
2024-07-16T18:26:13.470+0800: 0.274: [GC (CMS Final Remark) [YG occupancy: 1036 K (6144 K)]{Heap before GC invocations=21 (full 4):
 par new generation   total 6144K, used 1036K [0x00000000fec00000, 0x00000000ff2a0000, 0x00000000ff2a0000)
  eden space 5504K,  18% used [0x00000000fec00000, 0x00000000fed000c8, 0x00000000ff160000)
  from space 640K,   1% used [0x00000000ff200000, 0x00000000ff203228, 0x00000000ff2a0000)
  to   space 640K,   0% used [0x00000000ff160000, 0x00000000ff160000, 0x00000000ff200000)
 concurrent mark-sweep generation total 13696K, used 9043K [0x00000000ff2a0000, 0x0000000100000000, 0x0000000100000000)
 Metaspace       used 4475K, capacity 4786K, committed 4992K, reserved 1056768K
  class space    used 495K, capacity 533K, committed 640K, reserved 1048576K
2024-07-16T18:26:13.470+0800: 0.274: [GC (CMS Final Remark) 2024-07-16T18:26:13.470+0800: 0.274: [ParNew: 1036K->12K(6144K), 0.0004180 secs] 10080K->10082K(19840K), 0.0004382 secs] [Times: user=0.00 sys=0.00, real=0.00 secs] 
Heap after GC invocations=22 (full 4):
 par new generation   total 6144K, used 12K [0x00000000fec00000, 0x00000000ff2a0000, 0x00000000ff2a0000)
  eden space 5504K,   0% used [0x00000000fec00000, 0x00000000fec00000, 0x00000000ff160000)
  from space 640K,   1% used [0x00000000ff160000, 0x00000000ff163228, 0x00000000ff200000)
  to   space 640K,   0% used [0x00000000ff200000, 0x00000000ff200000, 0x00000000ff2a0000)
 concurrent mark-sweep generation total 13696K, used 10069K [0x00000000ff2a0000, 0x0000000100000000, 0x0000000100000000)
 Metaspace       used 4475K, capacity 4786K, committed 4992K, reserved 1056768K
  class space    used 495K, capacity 533K, committed 640K, reserved 1048576K
}
2024-07-16T18:26:13.470+0800: 0.275: [Rescan (parallel) , 0.0001081 secs]2024-07-16T18:26:13.470+0800: 0.275: [weak refs processing, 0.0000075 secs]2024-07-16T18:26:13.470+0800: 0.275: [class unloading, 0.0006797 secs]2024-07-16T18:26:13.471+0800: 0.276: [scrub symbol table, 0.0005445 secs]2024-07-16T18:26:13.472+0800: 0.276: [scrub string table, 0.0000623 secs][1 CMS-remark: 10069K(13696K)] 10082K(19840K), 0.0019243 secs] [Times: user=0.02 sys=0.00, real=0.00 secs] 
2024-07-16T18:26:13.472+0800: 0.276: [CMS-concurrent-sweep-start]
2024-07-16T18:26:13.472+0800: 0.277: [CMS-concurrent-sweep: 0.000/0.000 secs] [Times: user=0.00 sys=0.00, real=0.00 secs] 
2024-07-16T18:26:13.472+0800: 0.277: [CMS-concurrent-reset-start]
2024-07-16T18:26:13.472+0800: 0.277: [CMS-concurrent-reset: 0.000/0.000 secs] [Times: user=0.00 sys=0.00, real=0.00 secs] 
{Heap before GC invocations=22 (full 4):
 par new generation   total 6144K, used 5240K [0x00000000fec00000, 0x00000000ff2a0000, 0x00000000ff2a0000)
  eden space 5504K,  94% used [0x00000000fec00000, 0x00000000ff11b018, 0x00000000ff160000)
  from space 640K,   1% used [0x00000000ff160000, 0x00000000ff163228, 0x00000000ff200000)
  to   space 640K,   0% used [0x00000000ff200000, 0x00000000ff200000, 0x00000000ff2a0000)
 concurrent mark-sweep generation total 13696K, used 1877K [0x00000000ff2a0000, 0x0000000100000000, 0x0000000100000000)
 Metaspace       used 4475K, capacity 4786K, committed 4992K, reserved 1056768K
  class space    used 495K, capacity 533K, committed 640K, reserved 1048576K
2024-07-16T18:26:13.479+0800: 0.283: [GC (Allocation Failure) 2024-07-16T18:26:13.479+0800: 0.283: [ParNew: 5240K->6K(6144K), 0.0004066 secs] 7117K->2909K(19840K), 0.0004937 secs] [Times: user=0.00 sys=0.00, real=0.00 secs] 
Heap after GC invocations=23 (full 4):
 par new generation   total 6144K, used 6K [0x00000000fec00000, 0x00000000ff2a0000, 0x00000000ff2a0000)
  eden space 5504K,   0% used [0x00000000fec00000, 0x00000000fec00000, 0x00000000ff160000)
  from space 640K,   0% used [0x00000000ff200000, 0x00000000ff201830, 0x00000000ff2a0000)
  to   space 640K,   0% used [0x00000000ff160000, 0x00000000ff160000, 0x00000000ff200000)
 concurrent mark-sweep generation total 13696K, used 2903K [0x00000000ff2a0000, 0x0000000100000000, 0x0000000100000000)
 Metaspace       used 4475K, capacity 4786K, committed 4992K, reserved 1056768K
  class space    used 495K, capacity 533K, committed 640K, reserved 1048576K
}
{Heap before GC invocations=23 (full 4):
 par new generation   total 6144K, used 5226K [0x00000000fec00000, 0x00000000ff2a0000, 0x00000000ff2a0000)
  eden space 5504K,  94% used [0x00000000fec00000, 0x00000000ff119240, 0x00000000ff160000)
  from space 640K,   0% used [0x00000000ff200000, 0x00000000ff201830, 0x00000000ff2a0000)
  to   space 640K,   0% used [0x00000000ff160000, 0x00000000ff160000, 0x00000000ff200000)
 concurrent mark-sweep generation total 13696K, used 2903K [0x00000000ff2a0000, 0x0000000100000000, 0x0000000100000000)
 Metaspace       used 4475K, capacity 4786K, committed 4992K, reserved 1056768K
  class space    used 495K, capacity 533K, committed 640K, reserved 1048576K
2024-07-16T18:26:13.486+0800: 0.290: [GC (Allocation Failure) 2024-07-16T18:26:13.486+0800: 0.290: [ParNew: 5226K->6K(6144K), 0.0003756 secs] 8130K->3933K(19840K), 0.0004088 secs] [Times: user=0.00 sys=0.00, real=0.00 secs] 
Heap after GC invocations=24 (full 4):
 par new generation   total 6144K, used 6K [0x00000000fec00000, 0x00000000ff2a0000, 0x00000000ff2a0000)
  eden space 5504K,   0% used [0x00000000fec00000, 0x00000000fec00000, 0x00000000ff160000)
  from space 640K,   0% used [0x00000000ff160000, 0x00000000ff161830, 0x00000000ff200000)
  to   space 640K,   0% used [0x00000000ff200000, 0x00000000ff200000, 0x00000000ff2a0000)
 concurrent mark-sweep generation total 13696K, used 3927K [0x00000000ff2a0000, 0x0000000100000000, 0x0000000100000000)
 Metaspace       used 4475K, capacity 4786K, committed 4992K, reserved 1056768K
  class space    used 495K, capacity 533K, committed 640K, reserved 1048576K
}
{Heap before GC invocations=24 (full 4):
 par new generation   total 6144K, used 5229K [0x00000000fec00000, 0x00000000ff2a0000, 0x00000000ff2a0000)
  eden space 5504K,  94% used [0x00000000fec00000, 0x00000000ff119d18, 0x00000000ff160000)
  from space 640K,   0% used [0x00000000ff160000, 0x00000000ff161830, 0x00000000ff200000)
  to   space 640K,   0% used [0x00000000ff200000, 0x00000000ff200000, 0x00000000ff2a0000)
 concurrent mark-sweep generation total 13696K, used 3927K [0x00000000ff2a0000, 0x0000000100000000, 0x0000000100000000)
 Metaspace       used 4477K, capacity 4786K, committed 4992K, reserved 1056768K
  class space    used 495K, capacity 533K, committed 640K, reserved 1048576K
2024-07-16T18:26:13.492+0800: 0.296: [GC (Allocation Failure) 2024-07-16T18:26:13.492+0800: 0.296: [ParNew: 5229K->6K(6144K), 0.0004660 secs] 9157K->5986K(19840K), 0.0005060 secs] [Times: user=0.00 sys=0.00, real=0.00 secs] 
Heap after GC invocations=25 (full 4):
 par new generation   total 6144K, used 6K [0x00000000fec00000, 0x00000000ff2a0000, 0x00000000ff2a0000)
  eden space 5504K,   0% used [0x00000000fec00000, 0x00000000fec00000, 0x00000000ff160000)
  from space 640K,   1% used [0x00000000ff200000, 0x00000000ff201ad0, 0x00000000ff2a0000)
  to   space 640K,   0% used [0x00000000ff160000, 0x00000000ff160000, 0x00000000ff200000)
 concurrent mark-sweep generation total 13696K, used 5979K [0x00000000ff2a0000, 0x0000000100000000, 0x0000000100000000)
 Metaspace       used 4477K, capacity 4786K, committed 4992K, reserved 1056768K
  class space    used 495K, capacity 533K, committed 640K, reserved 1048576K
}
{Heap before GC invocations=25 (full 4):
 par new generation   total 6144K, used 5267K [0x00000000fec00000, 0x00000000ff2a0000, 0x00000000ff2a0000)
  eden space 5504K,  95% used [0x00000000fec00000, 0x00000000ff123348, 0x00000000ff160000)
  from space 640K,   1% used [0x00000000ff200000, 0x00000000ff201ad0, 0x00000000ff2a0000)
  to   space 640K,   0% used [0x00000000ff160000, 0x00000000ff160000, 0x00000000ff200000)
 concurrent mark-sweep generation total 13696K, used 5979K [0x00000000ff2a0000, 0x0000000100000000, 0x0000000100000000)
 Metaspace       used 4479K, capacity 4786K, committed 4992K, reserved 1056768K
  class space    used 495K, capacity 533K, committed 640K, reserved 1048576K
2024-07-16T18:26:13.499+0800: 0.303: [GC (Allocation Failure) 2024-07-16T18:26:13.499+0800: 0.303: [ParNew: 5267K->12K(6144K), 0.0004024 secs] 11247K->7017K(19840K), 0.0004802 secs] [Times: user=0.00 sys=0.00, real=0.00 secs] 
Heap after GC invocations=26 (full 4):
 par new generation   total 6144K, used 12K [0x00000000fec00000, 0x00000000ff2a0000, 0x00000000ff2a0000)
  eden space 5504K,   0% used [0x00000000fec00000, 0x00000000fec00000, 0x00000000ff160000)
  from space 640K,   1% used [0x00000000ff160000, 0x00000000ff163060, 0x00000000ff200000)
  to   space 640K,   0% used [0x00000000ff200000, 0x00000000ff200000, 0x00000000ff2a0000)
 concurrent mark-sweep generation total 13696K, used 7005K [0x00000000ff2a0000, 0x0000000100000000, 0x0000000100000000)
 Metaspace       used 4479K, capacity 4786K, committed 4992K, reserved 1056768K
  class space    used 495K, capacity 533K, committed 640K, reserved 1048576K
}
{Heap before GC invocations=26 (full 4):
 par new generation   total 6144K, used 5237K [0x00000000fec00000, 0x00000000ff2a0000, 0x00000000ff2a0000)
  eden space 5504K,  94% used [0x00000000fec00000, 0x00000000ff11a790, 0x00000000ff160000)
  from space 640K,   1% used [0x00000000ff160000, 0x00000000ff163060, 0x00000000ff200000)
  to   space 640K,   0% used [0x00000000ff200000, 0x00000000ff200000, 0x00000000ff2a0000)
 concurrent mark-sweep generation total 13696K, used 7005K [0x00000000ff2a0000, 0x0000000100000000, 0x0000000100000000)
 Metaspace       used 4479K, capacity 4786K, committed 4992K, reserved 1056768K
  class space    used 495K, capacity 533K, committed 640K, reserved 1048576K
2024-07-16T18:26:13.505+0800: 0.308: [GC (Allocation Failure) 2024-07-16T18:26:13.505+0800: 0.308: [ParNew: 5237K->10K(6144K), 0.0003581 secs] 12243K->8040K(19840K), 0.0003983 secs] [Times: user=0.00 sys=0.00, real=0.00 secs] 
Heap after GC invocations=27 (full 4):
 par new generation   total 6144K, used 10K [0x00000000fec00000, 0x00000000ff2a0000, 0x00000000ff2a0000)
  eden space 5504K,   0% used [0x00000000fec00000, 0x00000000fec00000, 0x00000000ff160000)
  from space 640K,   1% used [0x00000000ff200000, 0x00000000ff202af0, 0x00000000ff2a0000)
  to   space 640K,   0% used [0x00000000ff160000, 0x00000000ff160000, 0x00000000ff200000)
 concurrent mark-sweep generation total 13696K, used 8029K [0x00000000ff2a0000, 0x0000000100000000, 0x0000000100000000)
 Metaspace       used 4479K, capacity 4786K, committed 4992K, reserved 1056768K
  class space    used 495K, capacity 533K, committed 640K, reserved 1048576K
}
{Heap before GC invocations=27 (full 4):
 par new generation   total 6144K, used 5237K [0x00000000fec00000, 0x00000000ff2a0000, 0x00000000ff2a0000)
  eden space 5504K,  94% used [0x00000000fec00000, 0x00000000ff11aad0, 0x00000000ff160000)
  from space 640K,   1% used [0x00000000ff200000, 0x00000000ff202af0, 0x00000000ff2a0000)
  to   space 640K,   0% used [0x00000000ff160000, 0x00000000ff160000, 0x00000000ff200000)
 concurrent mark-sweep generation total 13696K, used 8029K [0x00000000ff2a0000, 0x0000000100000000, 0x0000000100000000)
 Metaspace       used 4480K, capacity 4786K, committed 4992K, reserved 1056768K
  class space    used 495K, capacity 533K, committed 640K, reserved 1048576K
2024-07-16T18:26:13.510+0800: 0.314: [GC (Allocation Failure) 2024-07-16T18:26:13.510+0800: 0.314: [ParNew: 5237K->10K(6144K), 0.0004015 secs] 13267K->9064K(19840K), 0.0005030 secs] [Times: user=0.00 sys=0.00, real=0.00 secs] 
Heap after GC invocations=28 (full 4):
 par new generation   total 6144K, used 10K [0x00000000fec00000, 0x00000000ff2a0000, 0x00000000ff2a0000)
  eden space 5504K,   0% used [0x00000000fec00000, 0x00000000fec00000, 0x00000000ff160000)
  from space 640K,   1% used [0x00000000ff160000, 0x00000000ff162af0, 0x00000000ff200000)
  to   space 640K,   0% used [0x00000000ff200000, 0x00000000ff200000, 0x00000000ff2a0000)
 concurrent mark-sweep generation total 13696K, used 9053K [0x00000000ff2a0000, 0x0000000100000000, 0x0000000100000000)
 Metaspace       used 4480K, capacity 4786K, committed 4992K, reserved 1056768K
  class space    used 495K, capacity 533K, committed 640K, reserved 1048576K
}
2024-07-16T18:26:13.511+0800: 0.315: [GC (CMS Initial Mark) [1 CMS-initial-mark: 9053K(13696K)] 10088K(19840K), 0.0001139 secs] [Times: user=0.00 sys=0.00, real=0.00 secs] 
2024-07-16T18:26:13.511+0800: 0.315: [CMS-concurrent-mark-start]
2024-07-16T18:26:13.512+0800: 0.316: [CMS-concurrent-mark: 0.001/0.001 secs] [Times: user=0.00 sys=0.00, real=0.00 secs] 
2024-07-16T18:26:13.512+0800: 0.316: [CMS-concurrent-preclean-start]
2024-07-16T18:26:13.512+0800: 0.316: [CMS-concurrent-preclean: 0.000/0.000 secs] [Times: user=0.00 sys=0.00, real=0.00 secs] 
2024-07-16T18:26:13.512+0800: 0.316: [CMS-concurrent-abortable-preclean-start]
{Heap before GC invocations=28 (full 5):
 par new generation   total 6144K, used 5237K [0x00000000fec00000, 0x00000000ff2a0000, 0x00000000ff2a0000)
  eden space 5504K,  94% used [0x00000000fec00000, 0x00000000ff11ace8, 0x00000000ff160000)
  from space 640K,   1% used [0x00000000ff160000, 0x00000000ff162af0, 0x00000000ff200000)
  to   space 640K,   0% used [0x00000000ff200000, 0x00000000ff200000, 0x00000000ff2a0000)
 concurrent mark-sweep generation total 13696K, used 9053K [0x00000000ff2a0000, 0x0000000100000000, 0x0000000100000000)
 Metaspace       used 4480K, capacity 4786K, committed 4992K, reserved 1056768K
  class space    used 495K, capacity 533K, committed 640K, reserved 1048576K
2024-07-16T18:26:13.517+0800: 0.320: [GC (Allocation Failure) 2024-07-16T18:26:13.517+0800: 0.320: [ParNew: 5237K->6K(6144K), 0.0002699 secs] 14291K->9060K(19840K), 0.0003080 secs] [Times: user=0.00 sys=0.00, real=0.00 secs] 
Heap after GC invocations=29 (full 5):
 par new generation   total 6144K, used 6K [0x00000000fec00000, 0x00000000ff2a0000, 0x00000000ff2a0000)
  eden space 5504K,   0% used [0x00000000fec00000, 0x00000000fec00000, 0x00000000ff160000)
  from space 640K,   1% used [0x00000000ff200000, 0x00000000ff201ad0, 0x00000000ff2a0000)
  to   space 640K,   0% used [0x00000000ff160000, 0x00000000ff160000, 0x00000000ff200000)
 concurrent mark-sweep generation total 13696K, used 9053K [0x00000000ff2a0000, 0x0000000100000000, 0x0000000100000000)
 Metaspace       used 4480K, capacity 4786K, committed 4992K, reserved 1056768K
  class space    used 495K, capacity 533K, committed 640K, reserved 1048576K
}
{Heap before GC invocations=29 (full 5):
 par new generation   total 6144K, used 5234K [0x00000000fec00000, 0x00000000ff2a0000, 0x00000000ff2a0000)
  eden space 5504K,  94% used [0x00000000fec00000, 0x00000000ff11ae40, 0x00000000ff160000)
  from space 640K,   1% used [0x00000000ff200000, 0x00000000ff201ad0, 0x00000000ff2a0000)
  to   space 640K,   0% used [0x00000000ff160000, 0x00000000ff160000, 0x00000000ff200000)
 concurrent mark-sweep generation total 13696K, used 9053K [0x00000000ff2a0000, 0x0000000100000000, 0x0000000100000000)
 Metaspace       used 4480K, capacity 4786K, committed 4992K, reserved 1056768K
  class space    used 495K, capacity 533K, committed 640K, reserved 1048576K
2024-07-16T18:26:13.522+0800: 0.326: [GC (Allocation Failure) 2024-07-16T18:26:13.522+0800: 0.326: [ParNew: 5234K->4K(6144K), 0.0003976 secs] 14288K->10082K(19840K), 0.0004502 secs] [Times: user=0.00 sys=0.00, real=0.00 secs] 
Heap after GC invocations=30 (full 5):
 par new generation   total 6144K, used 4K [0x00000000fec00000, 0x00000000ff2a0000, 0x00000000ff2a0000)
  eden space 5504K,   0% used [0x00000000fec00000, 0x00000000fec00000, 0x00000000ff160000)
  from space 640K,   0% used [0x00000000ff160000, 0x00000000ff1612c0, 0x00000000ff200000)
  to   space 640K,   0% used [0x00000000ff200000, 0x00000000ff200000, 0x00000000ff2a0000)
 concurrent mark-sweep generation total 13696K, used 10077K [0x00000000ff2a0000, 0x0000000100000000, 0x0000000100000000)
 Metaspace       used 4480K, capacity 4786K, committed 4992K, reserved 1056768K
  class space    used 495K, capacity 533K, committed 640K, reserved 1048576K
}
{Heap before GC invocations=30 (full 5):
 par new generation   total 6144K, used 5232K [0x00000000fec00000, 0x00000000ff2a0000, 0x00000000ff2a0000)
  eden space 5504K,  94% used [0x00000000fec00000, 0x00000000ff11af18, 0x00000000ff160000)
  from space 640K,   0% used [0x00000000ff160000, 0x00000000ff1612c0, 0x00000000ff200000)
  to   space 640K,   0% used [0x00000000ff200000, 0x00000000ff200000, 0x00000000ff2a0000)
 concurrent mark-sweep generation total 13696K, used 10077K [0x00000000ff2a0000, 0x0000000100000000, 0x0000000100000000)
 Metaspace       used 4480K, capacity 4786K, committed 4992K, reserved 1056768K
  class space    used 495K, capacity 533K, committed 640K, reserved 1048576K
2024-07-16T18:26:13.528+0800: 0.331: [GC (Allocation Failure) 2024-07-16T18:26:13.528+0800: 0.331: [ParNew: 5232K->12K(6144K), 0.0004238 secs] 15310K->11114K(19840K), 0.0004652 secs] [Times: user=0.00 sys=0.00, real=0.00 secs] 
Heap after GC invocations=31 (full 5):
 par new generation   total 6144K, used 12K [0x00000000fec00000, 0x00000000ff2a0000, 0x00000000ff2a0000)
  eden space 5504K,   0% used [0x00000000fec00000, 0x00000000fec00000, 0x00000000ff160000)
  from space 640K,   1% used [0x00000000ff200000, 0x00000000ff203060, 0x00000000ff2a0000)
  to   space 640K,   0% used [0x00000000ff160000, 0x00000000ff160000, 0x00000000ff200000)
 concurrent mark-sweep generation total 13696K, used 11102K [0x00000000ff2a0000, 0x0000000100000000, 0x0000000100000000)
 Metaspace       used 4480K, capacity 4786K, committed 4992K, reserved 1056768K
  class space    used 495K, capacity 533K, committed 640K, reserved 1048576K
}
{Heap before GC invocations=31 (full 5):
 par new generation   total 6144K, used 5240K [0x00000000fec00000, 0x00000000ff2a0000, 0x00000000ff2a0000)
  eden space 5504K,  94% used [0x00000000fec00000, 0x00000000ff11afa8, 0x00000000ff160000)
  from space 640K,   1% used [0x00000000ff200000, 0x00000000ff203060, 0x00000000ff2a0000)
  to   space 640K,   0% used [0x00000000ff160000, 0x00000000ff160000, 0x00000000ff200000)
 concurrent mark-sweep generation total 13696K, used 11102K [0x00000000ff2a0000, 0x0000000100000000, 0x0000000100000000)
 Metaspace       used 4480K, capacity 4786K, committed 4992K, reserved 1056768K
  class space    used 495K, capacity 533K, committed 640K, reserved 1048576K
2024-07-16T18:26:13.533+0800: 0.337: [GC (Allocation Failure) 2024-07-16T18:26:13.533+0800: 0.337: [ParNew: 5240K->2K(6144K), 0.0005811 secs] 16342K->12128K(19840K), 0.0006234 secs] [Times: user=0.00 sys=0.00, real=0.00 secs] 
Heap after GC invocations=32 (full 5):
 par new generation   total 6144K, used 2K [0x00000000fec00000, 0x00000000ff2a0000, 0x00000000ff2a0000)
  eden space 5504K,   0% used [0x00000000fec00000, 0x00000000fec00000, 0x00000000ff160000)
  from space 640K,   0% used [0x00000000ff160000, 0x00000000ff160810, 0x00000000ff200000)
  to   space 640K,   0% used [0x00000000ff200000, 0x00000000ff200000, 0x00000000ff2a0000)
 concurrent mark-sweep generation total 13696K, used 12126K [0x00000000ff2a0000, 0x0000000100000000, 0x0000000100000000)
 Metaspace       used 4480K, capacity 4786K, committed 4992K, reserved 1056768K
  class space    used 495K, capacity 533K, committed 640K, reserved 1048576K
}
{Heap before GC invocations=32 (full 5):
 par new generation   total 6144K, used 5230K [0x00000000fec00000, 0x00000000ff2a0000, 0x00000000ff2a0000)
  eden space 5504K,  94% used [0x00000000fec00000, 0x00000000ff11b008, 0x00000000ff160000)
  from space 640K,   0% used [0x00000000ff160000, 0x00000000ff160810, 0x00000000ff200000)
  to   space 640K,   0% used [0x00000000ff200000, 0x00000000ff200000, 0x00000000ff2a0000)
 concurrent mark-sweep generation total 13696K, used 12126K [0x00000000ff2a0000, 0x0000000100000000, 0x0000000100000000)
 Metaspace       used 4481K, capacity 4786K, committed 4992K, reserved 1056768K
  class space    used 495K, capacity 533K, committed 640K, reserved 1048576K
2024-07-16T18:26:13.539+0800: 0.343: [GC (Allocation Failure) 2024-07-16T18:26:13.539+0800: 0.343: [ParNew (promotion failed): 5230K->5236K(6144K), 0.0002945 secs]2024-07-16T18:26:13.539+0800: 0.343: [CMS2024-07-16T18:26:13.539+0800: 0.343: [CMS-concurrent-abortable-preclean: 0.000/0.027 secs] [Times: user=0.00 sys=0.00, real=0.03 secs] 
 (concurrent mode failure): 12126K->2891K(13696K), 0.0020052 secs] 17356K->2891K(19840K), [Metaspace: 4481K->4481K(1056768K)], 0.0023598 secs] [Times: user=0.00 sys=0.00, real=0.00 secs] 
Heap after GC invocations=33 (full 6):
 par new generation   total 6144K, used 0K [0x00000000fec00000, 0x00000000ff2a0000, 0x00000000ff2a0000)
  eden space 5504K,   0% used [0x00000000fec00000, 0x00000000fec00000, 0x00000000ff160000)
  from space 640K,   0% used [0x00000000ff200000, 0x00000000ff200000, 0x00000000ff2a0000)
  to   space 640K,   0% used [0x00000000ff160000, 0x00000000ff160000, 0x00000000ff200000)
 concurrent mark-sweep generation total 13696K, used 2891K [0x00000000ff2a0000, 0x0000000100000000, 0x0000000100000000)
 Metaspace       used 4481K, capacity 4786K, committed 4992K, reserved 1056768K
  class space    used 495K, capacity 533K, committed 640K, reserved 1048576K
}
{Heap before GC invocations=33 (full 6):
 par new generation   total 6144K, used 5228K [0x00000000fec00000, 0x00000000ff2a0000, 0x00000000ff2a0000)
  eden space 5504K,  94% used [0x00000000fec00000, 0x00000000ff11b060, 0x00000000ff160000)
  from space 640K,   0% used [0x00000000ff200000, 0x00000000ff200000, 0x00000000ff2a0000)
  to   space 640K,   0% used [0x00000000ff160000, 0x00000000ff160000, 0x00000000ff200000)
 concurrent mark-sweep generation total 13696K, used 2891K [0x00000000ff2a0000, 0x0000000100000000, 0x0000000100000000)
 Metaspace       used 4481K, capacity 4786K, committed 4992K, reserved 1056768K
  class space    used 495K, capacity 533K, committed 640K, reserved 1048576K
2024-07-16T18:26:13.546+0800: 0.350: [GC (Allocation Failure) 2024-07-16T18:26:13.546+0800: 0.350: [ParNew: 5228K->6K(6144K), 0.0003751 secs] 8120K->3924K(19840K), 0.0004133 secs] [Times: user=0.00 sys=0.00, real=0.00 secs] 
Heap after GC invocations=34 (full 6):
 par new generation   total 6144K, used 6K [0x00000000fec00000, 0x00000000ff2a0000, 0x00000000ff2a0000)
  eden space 5504K,   0% used [0x00000000fec00000, 0x00000000fec00000, 0x00000000ff160000)
  from space 640K,   0% used [0x00000000ff160000, 0x00000000ff161830, 0x00000000ff200000)
  to   space 640K,   0% used [0x00000000ff200000, 0x00000000ff200000, 0x00000000ff2a0000)
 concurrent mark-sweep generation total 13696K, used 3918K [0x00000000ff2a0000, 0x0000000100000000, 0x0000000100000000)
 Metaspace       used 4481K, capacity 4786K, committed 4992K, reserved 1056768K
  class space    used 495K, capacity 533K, committed 640K, reserved 1048576K
}
{Heap before GC invocations=34 (full 6):
 par new generation   total 6144K, used 5234K [0x00000000fec00000, 0x00000000ff2a0000, 0x00000000ff2a0000)
  eden space 5504K,  94% used [0x00000000fec00000, 0x00000000ff11b068, 0x00000000ff160000)
  from space 640K,   0% used [0x00000000ff160000, 0x00000000ff161830, 0x00000000ff200000)
  to   space 640K,   0% used [0x00000000ff200000, 0x00000000ff200000, 0x00000000ff2a0000)
 concurrent mark-sweep generation total 13696K, used 3918K [0x00000000ff2a0000, 0x0000000100000000, 0x0000000100000000)
 Metaspace       used 4481K, capacity 4786K, committed 4992K, reserved 1056768K
  class space    used 495K, capacity 533K, committed 640K, reserved 1048576K
2024-07-16T18:26:13.552+0800: 0.356: [GC (Allocation Failure) 2024-07-16T18:26:13.552+0800: 0.356: [ParNew: 5234K->8K(6144K), 0.0003759 secs] 9152K->4952K(19840K), 0.0004162 secs] [Times: user=0.00 sys=0.00, real=0.00 secs] 
Heap after GC invocations=35 (full 6):
 par new generation   total 6144K, used 8K [0x00000000fec00000, 0x00000000ff2a0000, 0x00000000ff2a0000)
  eden space 5504K,   0% used [0x00000000fec00000, 0x00000000fec00000, 0x00000000ff160000)
  from space 640K,   1% used [0x00000000ff200000, 0x00000000ff202040, 0x00000000ff2a0000)
  to   space 640K,   0% used [0x00000000ff160000, 0x00000000ff160000, 0x00000000ff200000)
 concurrent mark-sweep generation total 13696K, used 4944K [0x00000000ff2a0000, 0x0000000100000000, 0x0000000100000000)
 Metaspace       used 4481K, capacity 4786K, committed 4992K, reserved 1056768K
  class space    used 495K, capacity 533K, committed 640K, reserved 1048576K
}
{Heap before GC invocations=35 (full 6):
 par new generation   total 6144K, used 5236K [0x00000000fec00000, 0x00000000ff2a0000, 0x00000000ff2a0000)
  eden space 5504K,  94% used [0x00000000fec00000, 0x00000000ff11b028, 0x00000000ff160000)
  from space 640K,   1% used [0x00000000ff200000, 0x00000000ff202040, 0x00000000ff2a0000)
  to   space 640K,   0% used [0x00000000ff160000, 0x00000000ff160000, 0x00000000ff200000)
 concurrent mark-sweep generation total 13696K, used 4944K [0x00000000ff2a0000, 0x0000000100000000, 0x0000000100000000)
 Metaspace       used 4481K, capacity 4786K, committed 4992K, reserved 1056768K
  class space    used 495K, capacity 533K, committed 640K, reserved 1048576K
2024-07-16T18:26:13.558+0800: 0.362: [GC (Allocation Failure) 2024-07-16T18:26:13.558+0800: 0.362: [ParNew: 5236K->5K(6144K), 0.0004850 secs] 10180K->5973K(19840K), 0.0005336 secs] [Times: user=0.00 sys=0.00, real=0.00 secs] 
Heap after GC invocations=36 (full 6):
 par new generation   total 6144K, used 5K [0x00000000fec00000, 0x00000000ff2a0000, 0x00000000ff2a0000)
  eden space 5504K,   0% used [0x00000000fec00000, 0x00000000fec00000, 0x00000000ff160000)
  from space 640K,   0% used [0x00000000ff160000, 0x00000000ff161400, 0x00000000ff200000)
  to   space 640K,   0% used [0x00000000ff200000, 0x00000000ff200000, 0x00000000ff2a0000)
 concurrent mark-sweep generation total 13696K, used 5968K [0x00000000ff2a0000, 0x0000000100000000, 0x0000000100000000)
 Metaspace       used 4481K, capacity 4786K, committed 4992K, reserved 1056768K
  class space    used 495K, capacity 533K, committed 640K, reserved 1048576K
}
{Heap before GC invocations=36 (full 6):
 par new generation   total 6144K, used 5233K [0x00000000fec00000, 0x00000000ff2a0000, 0x00000000ff2a0000)
  eden space 5504K,  95% used [0x00000000fec00000, 0x00000000ff11b3f8, 0x00000000ff160000)
  from space 640K,   0% used [0x00000000ff160000, 0x00000000ff161400, 0x00000000ff200000)
  to   space 640K,   0% used [0x00000000ff200000, 0x00000000ff200000, 0x00000000ff2a0000)
 concurrent mark-sweep generation total 13696K, used 5968K [0x00000000ff2a0000, 0x0000000100000000, 0x0000000100000000)
 Metaspace       used 4481K, capacity 4786K, committed 4992K, reserved 1056768K
  class space    used 495K, capacity 533K, committed 640K, reserved 1048576K
2024-07-16T18:26:13.565+0800: 0.369: [GC (Allocation Failure) 2024-07-16T18:26:13.565+0800: 0.369: [ParNew: 5233K->5K(6144K), 0.0004221 secs] 11202K->6999K(19840K), 0.0004772 secs] [Times: user=0.00 sys=0.00, real=0.00 secs] 
Heap after GC invocations=37 (full 6):
 par new generation   total 6144K, used 5K [0x00000000fec00000, 0x00000000ff2a0000, 0x00000000ff2a0000)
  eden space 5504K,   0% used [0x00000000fec00000, 0x00000000fec00000, 0x00000000ff160000)
  from space 640K,   0% used [0x00000000ff200000, 0x00000000ff201400, 0x00000000ff2a0000)
  to   space 640K,   0% used [0x00000000ff160000, 0x00000000ff160000, 0x00000000ff200000)
 concurrent mark-sweep generation total 13696K, used 6994K [0x00000000ff2a0000, 0x0000000100000000, 0x0000000100000000)
 Metaspace       used 4481K, capacity 4786K, committed 4992K, reserved 1056768K
  class space    used 495K, capacity 533K, committed 640K, reserved 1048576K
}
{Heap before GC invocations=37 (full 6):
 par new generation   total 6144K, used 5226K [0x00000000fec00000, 0x00000000ff2a0000, 0x00000000ff2a0000)
  eden space 5504K,  94% used [0x00000000fec00000, 0x00000000ff119458, 0x00000000ff160000)
  from space 640K,   0% used [0x00000000ff200000, 0x00000000ff201400, 0x00000000ff2a0000)
  to   space 640K,   0% used [0x00000000ff160000, 0x00000000ff160000, 0x00000000ff200000)
 concurrent mark-sweep generation total 13696K, used 6994K [0x00000000ff2a0000, 0x0000000100000000, 0x0000000100000000)
 Metaspace       used 4483K, capacity 4786K, committed 4992K, reserved 1056768K
  class space    used 495K, capacity 533K, committed 640K, reserved 1048576K
2024-07-16T18:26:13.570+0800: 0.374: [GC (Allocation Failure) 2024-07-16T18:26:13.570+0800: 0.374: [ParNew: 5226K->5K(6144K), 0.0003703 secs] 12220K->8023K(19840K), 0.0004121 secs] [Times: user=0.00 sys=0.00, real=0.00 secs] 
Heap after GC invocations=38 (full 6):
 par new generation   total 6144K, used 5K [0x00000000fec00000, 0x00000000ff2a0000, 0x00000000ff2a0000)
  eden space 5504K,   0% used [0x00000000fec00000, 0x00000000fec00000, 0x00000000ff160000)
  from space 640K,   0% used [0x00000000ff160000, 0x00000000ff161400, 0x00000000ff200000)
  to   space 640K,   0% used [0x00000000ff200000, 0x00000000ff200000, 0x00000000ff2a0000)
 concurrent mark-sweep generation total 13696K, used 8018K [0x00000000ff2a0000, 0x0000000100000000, 0x0000000100000000)
 Metaspace       used 4483K, capacity 4786K, committed 4992K, reserved 1056768K
  class space    used 495K, capacity 533K, committed 640K, reserved 1048576K
}
{Heap before GC invocations=38 (full 6):
 par new generation   total 6144K, used 5228K [0x00000000fec00000, 0x00000000ff2a0000, 0x00000000ff2a0000)
  eden space 5504K,  94% used [0x00000000fec00000, 0x00000000ff119ea8, 0x00000000ff160000)
  from space 640K,   0% used [0x00000000ff160000, 0x00000000ff161400, 0x00000000ff200000)
  to   space 640K,   0% used [0x00000000ff200000, 0x00000000ff200000, 0x00000000ff2a0000)
 concurrent mark-sweep generation total 13696K, used 8018K [0x00000000ff2a0000, 0x0000000100000000, 0x0000000100000000)
 Metaspace       used 4483K, capacity 4786K, committed 4992K, reserved 1056768K
  class space    used 495K, capacity 533K, committed 640K, reserved 1048576K
2024-07-16T18:26:13.576+0800: 0.380: [GC (Allocation Failure) 2024-07-16T18:26:13.576+0800: 0.380: [ParNew: 5228K->11K(6144K), 0.0003913 secs] 13246K->9055K(19840K), 0.0004252 secs] [Times: user=0.00 sys=0.00, real=0.00 secs] 
Heap after GC invocations=39 (full 6):
 par new generation   total 6144K, used 11K [0x00000000fec00000, 0x00000000ff2a0000, 0x00000000ff2a0000)
  eden space 5504K,   0% used [0x00000000fec00000, 0x00000000fec00000, 0x00000000ff160000)
  from space 640K,   1% used [0x00000000ff200000, 0x00000000ff202c30, 0x00000000ff2a0000)
  to   space 640K,   0% used [0x00000000ff160000, 0x00000000ff160000, 0x00000000ff200000)
 concurrent mark-sweep generation total 13696K, used 9044K [0x00000000ff2a0000, 0x0000000100000000, 0x0000000100000000)
 Metaspace       used 4483K, capacity 4786K, committed 4992K, reserved 1056768K
  class space    used 495K, capacity 533K, committed 640K, reserved 1048576K
}
2024-07-16T18:26:13.577+0800: 0.381: [GC (CMS Initial Mark) [1 CMS-initial-mark: 9044K(13696K)] 10079K(19840K), 0.0001163 secs] [Times: user=0.00 sys=0.00, real=0.00 secs] 
2024-07-16T18:26:13.577+0800: 0.381: [CMS-concurrent-mark-start]
2024-07-16T18:26:13.578+0800: 0.382: [CMS-concurrent-mark: 0.001/0.001 secs] [Times: user=0.00 sys=0.00, real=0.00 secs] 
2024-07-16T18:26:13.578+0800: 0.382: [CMS-concurrent-preclean-start]
2024-07-16T18:26:13.578+0800: 0.382: [CMS-concurrent-preclean: 0.000/0.000 secs] [Times: user=0.00 sys=0.00, real=0.00 secs] 
2024-07-16T18:26:13.578+0800: 0.382: [CMS-concurrent-abortable-preclean-start]
{Heap before GC invocations=39 (full 7):
 par new generation   total 6144K, used 5236K [0x00000000fec00000, 0x00000000ff2a0000, 0x00000000ff2a0000)
  eden space 5504K,  94% used [0x00000000fec00000, 0x00000000ff11a500, 0x00000000ff160000)
  from space 640K,   1% used [0x00000000ff200000, 0x00000000ff202c30, 0x00000000ff2a0000)
  to   space 640K,   0% used [0x00000000ff160000, 0x00000000ff160000, 0x00000000ff200000)
 concurrent mark-sweep generation total 13696K, used 9044K [0x00000000ff2a0000, 0x0000000100000000, 0x0000000100000000)
 Metaspace       used 4483K, capacity 4786K, committed 4992K, reserved 1056768K
  class space    used 495K, capacity 533K, committed 640K, reserved 1048576K
2024-07-16T18:26:13.582+0800: 0.386: [GC (Allocation Failure) 2024-07-16T18:26:13.582+0800: 0.386: [ParNew: 5236K->11K(6144K), 0.0004148 secs] 14280K->10079K(19840K), 0.0004637 secs] [Times: user=0.00 sys=0.00, real=0.00 secs] 
Heap after GC invocations=40 (full 7):
 par new generation   total 6144K, used 11K [0x00000000fec00000, 0x00000000ff2a0000, 0x00000000ff2a0000)
  eden space 5504K,   0% used [0x00000000fec00000, 0x00000000fec00000, 0x00000000ff160000)
  from space 640K,   1% used [0x00000000ff160000, 0x00000000ff162c30, 0x00000000ff200000)
  to   space 640K,   0% used [0x00000000ff200000, 0x00000000ff200000, 0x00000000ff2a0000)
 concurrent mark-sweep generation total 13696K, used 10068K [0x00000000ff2a0000, 0x0000000100000000, 0x0000000100000000)
 Metaspace       used 4483K, capacity 4786K, committed 4992K, reserved 1056768K
  class space    used 495K, capacity 533K, committed 640K, reserved 1048576K
}
{Heap before GC invocations=40 (full 7):
 par new generation   total 6144K, used 5237K [0x00000000fec00000, 0x00000000ff2a0000, 0x00000000ff2a0000)
  eden space 5504K,  94% used [0x00000000fec00000, 0x00000000ff11a948, 0x00000000ff160000)
  from space 640K,   1% used [0x00000000ff160000, 0x00000000ff162c30, 0x00000000ff200000)
  to   space 640K,   0% used [0x00000000ff200000, 0x00000000ff200000, 0x00000000ff2a0000)
 concurrent mark-sweep generation total 13696K, used 10068K [0x00000000ff2a0000, 0x0000000100000000, 0x0000000100000000)
 Metaspace       used 4483K, capacity 4786K, committed 4992K, reserved 1056768K
  class space    used 495K, capacity 533K, committed 640K, reserved 1048576K
2024-07-16T18:26:13.588+0800: 0.392: [GC (Allocation Failure) 2024-07-16T18:26:13.588+0800: 0.392: [ParNew: 5237K->9K(6144K), 0.0003860 secs] 15305K->11101K(19840K), 0.0004278 secs] [Times: user=0.00 sys=0.00, real=0.00 secs] 
Heap after GC invocations=41 (full 7):
 par new generation   total 6144K, used 9K [0x00000000fec00000, 0x00000000ff2a0000, 0x00000000ff2a0000)
  eden space 5504K,   0% used [0x00000000fec00000, 0x00000000fec00000, 0x00000000ff160000)
  from space 640K,   1% used [0x00000000ff200000, 0x00000000ff202420, 0x00000000ff2a0000)
  to   space 640K,   0% used [0x00000000ff160000, 0x00000000ff160000, 0x00000000ff200000)
 concurrent mark-sweep generation total 13696K, used 11092K [0x00000000ff2a0000, 0x0000000100000000, 0x0000000100000000)
 Metaspace       used 4483K, capacity 4786K, committed 4992K, reserved 1056768K
  class space    used 495K, capacity 533K, committed 640K, reserved 1048576K
}
{Heap before GC invocations=41 (full 7):
 par new generation   total 6144K, used 5235K [0x00000000fec00000, 0x00000000ff2a0000, 0x00000000ff2a0000)
  eden space 5504K,  94% used [0x00000000fec00000, 0x00000000ff11abd8, 0x00000000ff160000)
  from space 640K,   1% used [0x00000000ff200000, 0x00000000ff202420, 0x00000000ff2a0000)
  to   space 640K,   0% used [0x00000000ff160000, 0x00000000ff160000, 0x00000000ff200000)
 concurrent mark-sweep generation total 13696K, used 11092K [0x00000000ff2a0000, 0x0000000100000000, 0x0000000100000000)
 Metaspace       used 4483K, capacity 4786K, committed 4992K, reserved 1056768K
  class space    used 495K, capacity 533K, committed 640K, reserved 1048576K
2024-07-16T18:26:13.593+0800: 0.397: [GC (Allocation Failure) 2024-07-16T18:26:13.593+0800: 0.397: [ParNew: 5235K->8K(6144K), 0.0003758 secs] 16328K->12129K(19840K), 0.0004208 secs] [Times: user=0.00 sys=0.00, real=0.00 secs] 
Heap after GC invocations=42 (full 7):
 par new generation   total 6144K, used 8K [0x00000000fec00000, 0x00000000ff2a0000, 0x00000000ff2a0000)
  eden space 5504K,   0% used [0x00000000fec00000, 0x00000000fec00000, 0x00000000ff160000)
  from space 640K,   1% used [0x00000000ff160000, 0x00000000ff162040, 0x00000000ff200000)
  to   space 640K,   0% used [0x00000000ff200000, 0x00000000ff200000, 0x00000000ff2a0000)
 concurrent mark-sweep generation total 13696K, used 12121K [0x00000000ff2a0000, 0x0000000100000000, 0x0000000100000000)
 Metaspace       used 4483K, capacity 4786K, committed 4992K, reserved 1056768K
  class space    used 495K, capacity 533K, committed 640K, reserved 1048576K
}
{Heap before GC invocations=42 (full 7):
 par new generation   total 6144K, used 5235K [0x00000000fec00000, 0x00000000ff2a0000, 0x00000000ff2a0000)
  eden space 5504K,  94% used [0x00000000fec00000, 0x00000000ff11adf0, 0x00000000ff160000)
  from space 640K,   1% used [0x00000000ff160000, 0x00000000ff162040, 0x00000000ff200000)
  to   space 640K,   0% used [0x00000000ff200000, 0x00000000ff200000, 0x00000000ff2a0000)
 concurrent mark-sweep generation total 13696K, used 12121K [0x00000000ff2a0000, 0x0000000100000000, 0x0000000100000000)
 Metaspace       used 4483K, capacity 4786K, committed 4992K, reserved 1056768K
  class space    used 495K, capacity 533K, committed 640K, reserved 1048576K
2024-07-16T18:26:13.600+0800: 0.404: [GC (Allocation Failure) 2024-07-16T18:26:13.600+0800: 0.404: [ParNew: 5235K->8K(6144K), 0.0004741 secs] 17356K->13155K(19840K), 0.0005257 secs] [Times: user=0.00 sys=0.00, real=0.00 secs] 
Heap after GC invocations=43 (full 7):
 par new generation   total 6144K, used 8K [0x00000000fec00000, 0x00000000ff2a0000, 0x00000000ff2a0000)
  eden space 5504K,   0% used [0x00000000fec00000, 0x00000000fec00000, 0x00000000ff160000)
  from space 640K,   1% used [0x00000000ff200000, 0x00000000ff202040, 0x00000000ff2a0000)
  to   space 640K,   0% used [0x00000000ff160000, 0x00000000ff160000, 0x00000000ff200000)
 concurrent mark-sweep generation total 13696K, used 13147K [0x00000000ff2a0000, 0x0000000100000000, 0x0000000100000000)
 Metaspace       used 4483K, capacity 4786K, committed 4992K, reserved 1056768K
  class space    used 495K, capacity 533K, committed 640K, reserved 1048576K
}
2024-07-16T18:26:13.600+0800: 0.405: [CMS-concurrent-abortable-preclean: 0.000/0.023 secs] [Times: user=0.00 sys=0.00, real=0.02 secs] 
2024-07-16T18:26:13.600+0800: 0.405: [GC (CMS Final Remark) [YG occupancy: 1032 K (6144 K)]{Heap before GC invocations=43 (full 7):
 par new generation   total 6144K, used 1032K [0x00000000fec00000, 0x00000000ff2a0000, 0x00000000ff2a0000)
  eden space 5504K,  18% used [0x00000000fec00000, 0x00000000fed00010, 0x00000000ff160000)
  from space 640K,   1% used [0x00000000ff200000, 0x00000000ff202040, 0x00000000ff2a0000)
  to   space 640K,   0% used [0x00000000ff160000, 0x00000000ff160000, 0x00000000ff200000)
 concurrent mark-sweep generation total 13696K, used 13147K [0x00000000ff2a0000, 0x0000000100000000, 0x0000000100000000)
 Metaspace       used 4483K, capacity 4786K, committed 4992K, reserved 1056768K
  class space    used 495K, capacity 533K, committed 640K, reserved 1048576K
2024-07-16T18:26:13.600+0800: 0.405: [GC (CMS Final Remark) 2024-07-16T18:26:13.600+0800: 0.405: [ParNew: 1032K->1032K(6144K), 0.0000080 secs] 14179K->14179K(19840K), 0.0000208 secs] [Times: user=0.00 sys=0.00, real=0.00 secs] 
Heap after GC invocations=44 (full 7):
 par new generation   total 6144K, used 1032K [0x00000000fec00000, 0x00000000ff2a0000, 0x00000000ff2a0000)
  eden space 5504K,  18% used [0x00000000fec00000, 0x00000000fed00010, 0x00000000ff160000)
  from space 640K,   1% used [0x00000000ff200000, 0x00000000ff202040, 0x00000000ff2a0000)
  to   space 640K,   0% used [0x00000000ff160000, 0x00000000ff160000, 0x00000000ff200000)
 concurrent mark-sweep generation total 13696K, used 13147K [0x00000000ff2a0000, 0x0000000100000000, 0x0000000100000000)
 Metaspace       used 4483K, capacity 4786K, committed 4992K, reserved 1056768K
  class space    used 495K, capacity 533K, committed 640K, reserved 1048576K
}
2024-07-16T18:26:13.600+0800: 0.405: [Rescan (parallel) , 0.0001428 secs]2024-07-16T18:26:13.600+0800: 0.405: [weak refs processing, 0.0000149 secs]2024-07-16T18:26:13.601+0800: 0.405: [class unloading, 0.0002957 secs]2024-07-16T18:26:13.601+0800: 0.405: [scrub symbol table, 0.0003260 secs]2024-07-16T18:26:13.601+0800: 0.406: [scrub string table, 0.0000682 secs][1 CMS-remark: 13147K(13696K)] 14179K(19840K), 0.0009496 secs] [Times: user=0.00 sys=0.00, real=0.00 secs] 
2024-07-16T18:26:13.601+0800: 0.406: [CMS-concurrent-sweep-start]
2024-07-16T18:26:13.601+0800: 0.406: [CMS-concurrent-sweep: 0.000/0.000 secs] [Times: user=0.00 sys=0.00, real=0.00 secs] 
2024-07-16T18:26:13.601+0800: 0.406: [CMS-concurrent-reset-start]
2024-07-16T18:26:13.601+0800: 0.406: [CMS-concurrent-reset: 0.000/0.000 secs] [Times: user=0.00 sys=0.00, real=0.00 secs] 
{Heap before GC invocations=44 (full 7):
 par new generation   total 6144K, used 5235K [0x00000000fec00000, 0x00000000ff2a0000, 0x00000000ff2a0000)
  eden space 5504K,  94% used [0x00000000fec00000, 0x00000000ff11af48, 0x00000000ff160000)
  from space 640K,   1% used [0x00000000ff200000, 0x00000000ff202040, 0x00000000ff2a0000)
  to   space 640K,   0% used [0x00000000ff160000, 0x00000000ff160000, 0x00000000ff200000)
 concurrent mark-sweep generation total 13696K, used 5978K [0x00000000ff2a0000, 0x0000000100000000, 0x0000000100000000)
 Metaspace       used 4483K, capacity 4786K, committed 4992K, reserved 1056768K
  class space    used 495K, capacity 533K, committed 640K, reserved 1048576K
2024-07-16T18:26:13.611+0800: 0.415: [GC (Allocation Failure) 2024-07-16T18:26:13.611+0800: 0.415: [ParNew: 5235K->4K(6144K), 0.0004293 secs] 11214K->5982K(19840K), 0.0004806 secs] [Times: user=0.00 sys=0.00, real=0.00 secs] 
Heap after GC invocations=45 (full 7):
 par new generation   total 6144K, used 4K [0x00000000fec00000, 0x00000000ff2a0000, 0x00000000ff2a0000)
  eden space 5504K,   0% used [0x00000000fec00000, 0x00000000fec00000, 0x00000000ff160000)
  from space 640K,   0% used [0x00000000ff160000, 0x00000000ff161020, 0x00000000ff200000)
  to   space 640K,   0% used [0x00000000ff200000, 0x00000000ff200000, 0x00000000ff2a0000)
 concurrent mark-sweep generation total 13696K, used 5978K [0x00000000ff2a0000, 0x0000000100000000, 0x0000000100000000)
 Metaspace       used 4483K, capacity 4786K, committed 4992K, reserved 1056768K
  class space    used 495K, capacity 533K, committed 640K, reserved 1048576K
}
{Heap before GC invocations=45 (full 7):
 par new generation   total 6144K, used 5216K [0x00000000fec00000, 0x00000000ff2a0000, 0x00000000ff2a0000)
  eden space 5504K,  94% used [0x00000000fec00000, 0x00000000ff1172e0, 0x00000000ff160000)
  from space 640K,   0% used [0x00000000ff160000, 0x00000000ff161020, 0x00000000ff200000)
  to   space 640K,   0% used [0x00000000ff200000, 0x00000000ff200000, 0x00000000ff2a0000)
 concurrent mark-sweep generation total 13696K, used 5978K [0x00000000ff2a0000, 0x0000000100000000, 0x0000000100000000)
 Metaspace       used 4483K, capacity 4786K, committed 4992K, reserved 1056768K
  class space    used 495K, capacity 533K, committed 640K, reserved 1048576K
2024-07-16T18:26:13.618+0800: 0.422: [GC (Allocation Failure) 2024-07-16T18:26:13.618+0800: 0.422: [ParNew: 5216K->4K(6144K), 0.0005586 secs] 11195K->8032K(19840K), 0.0006198 secs] [Times: user=0.00 sys=0.00, real=0.00 secs] 
Heap after GC invocations=46 (full 7):
 par new generation   total 6144K, used 4K [0x00000000fec00000, 0x00000000ff2a0000, 0x00000000ff2a0000)
  eden space 5504K,   0% used [0x00000000fec00000, 0x00000000fec00000, 0x00000000ff160000)
  from space 640K,   0% used [0x00000000ff200000, 0x00000000ff201020, 0x00000000ff2a0000)
  to   space 640K,   0% used [0x00000000ff160000, 0x00000000ff160000, 0x00000000ff200000)
 concurrent mark-sweep generation total 13696K, used 8028K [0x00000000ff2a0000, 0x0000000100000000, 0x0000000100000000)
 Metaspace       used 4483K, capacity 4786K, committed 4992K, reserved 1056768K
  class space    used 495K, capacity 533K, committed 640K, reserved 1048576K
}
2024-07-16T18:26:13.618+0800: 0.423: [GC (CMS Initial Mark) [1 CMS-initial-mark: 8028K(13696K)] 9056K(19840K), 0.0001167 secs] [Times: user=0.00 sys=0.00, real=0.00 secs] 
2024-07-16T18:26:13.619+0800: 0.423: [CMS-concurrent-mark-start]
2024-07-16T18:26:13.620+0800: 0.424: [CMS-concurrent-mark: 0.001/0.001 secs] [Times: user=0.00 sys=0.00, real=0.00 secs] 
2024-07-16T18:26:13.620+0800: 0.424: [CMS-concurrent-preclean-start]
2024-07-16T18:26:13.620+0800: 0.424: [CMS-concurrent-preclean: 0.000/0.000 secs] [Times: user=0.00 sys=0.00, real=0.00 secs] 
2024-07-16T18:26:13.620+0800: 0.424: [GC (CMS Final Remark) [YG occupancy: 1028 K (6144 K)]{Heap before GC invocations=46 (full 8):
 par new generation   total 6144K, used 1028K [0x00000000fec00000, 0x00000000ff2a0000, 0x00000000ff2a0000)
  eden space 5504K,  18% used [0x00000000fec00000, 0x00000000fed000a8, 0x00000000ff160000)
  from space 640K,   0% used [0x00000000ff200000, 0x00000000ff201020, 0x00000000ff2a0000)
  to   space 640K,   0% used [0x00000000ff160000, 0x00000000ff160000, 0x00000000ff200000)
 concurrent mark-sweep generation total 13696K, used 8028K [0x00000000ff2a0000, 0x0000000100000000, 0x0000000100000000)
 Metaspace       used 4483K, capacity 4786K, committed 4992K, reserved 1056768K
  class space    used 495K, capacity 533K, committed 640K, reserved 1048576K
2024-07-16T18:26:13.620+0800: 0.424: [GC (CMS Final Remark) 2024-07-16T18:26:13.620+0800: 0.424: [ParNew: 1028K->8K(6144K), 0.0002810 secs] 9056K->9060K(19840K), 0.0003022 secs] [Times: user=0.00 sys=0.00, real=0.00 secs] 
Heap after GC invocations=47 (full 8):
 par new generation   total 6144K, used 8K [0x00000000fec00000, 0x00000000ff2a0000, 0x00000000ff2a0000)
  eden space 5504K,   0% used [0x00000000fec00000, 0x00000000fec00000, 0x00000000ff160000)
  from space 640K,   1% used [0x00000000ff160000, 0x00000000ff162040, 0x00000000ff200000)
  to   space 640K,   0% used [0x00000000ff200000, 0x00000000ff200000, 0x00000000ff2a0000)
 concurrent mark-sweep generation total 13696K, used 9052K [0x00000000ff2a0000, 0x0000000100000000, 0x0000000100000000)
 Metaspace       used 4483K, capacity 4786K, committed 4992K, reserved 1056768K
  class space    used 495K, capacity 533K, committed 640K, reserved 1048576K
}
2024-07-16T18:26:13.620+0800: 0.424: [Rescan (parallel) , 0.0001265 secs]2024-07-16T18:26:13.620+0800: 0.424: [weak refs processing, 0.0000099 secs]2024-07-16T18:26:13.620+0800: 0.424: [class unloading, 0.0002496 secs]2024-07-16T18:26:13.620+0800: 0.425: [scrub symbol table, 0.0003107 secs]2024-07-16T18:26:13.621+0800: 0.425: [scrub string table, 0.0000698 secs][1 CMS-remark: 9052K(13696K)] 9060K(19840K), 0.0011493 secs] [Times: user=0.00 sys=0.00, real=0.00 secs] 
2024-07-16T18:26:13.621+0800: 0.425: [CMS-concurrent-sweep-start]
2024-07-16T18:26:13.621+0800: 0.425: [CMS-concurrent-sweep: 0.000/0.000 secs] [Times: user=0.00 sys=0.00, real=0.00 secs] 
2024-07-16T18:26:13.621+0800: 0.425: [CMS-concurrent-reset-start]
2024-07-16T18:26:13.621+0800: 0.425: [CMS-concurrent-reset: 0.000/0.000 secs] [Times: user=0.00 sys=0.00, real=0.00 secs] 
{Heap before GC invocations=47 (full 8):
 par new generation   total 6144K, used 5281K [0x00000000fec00000, 0x00000000ff2a0000, 0x00000000ff2a0000)
  eden space 5504K,  95% used [0x00000000fec00000, 0x00000000ff126498, 0x00000000ff160000)
  from space 640K,   1% used [0x00000000ff160000, 0x00000000ff162040, 0x00000000ff200000)
  to   space 640K,   0% used [0x00000000ff200000, 0x00000000ff200000, 0x00000000ff2a0000)
 concurrent mark-sweep generation total 13696K, used 1884K [0x00000000ff2a0000, 0x0000000100000000, 0x0000000100000000)
 Metaspace       used 4485K, capacity 4786K, committed 4992K, reserved 1056768K
  class space    used 495K, capacity 533K, committed 640K, reserved 1048576K
2024-07-16T18:26:13.628+0800: 0.432: [GC (Allocation Failure) 2024-07-16T18:26:13.628+0800: 0.432: [ParNew: 5281K->6K(6144K), 0.0005187 secs] 7165K->3938K(19840K), 0.0005802 secs] [Times: user=0.00 sys=0.00, real=0.00 secs] 
Heap after GC invocations=48 (full 8):
 par new generation   total 6144K, used 6K [0x00000000fec00000, 0x00000000ff2a0000, 0x00000000ff2a0000)
  eden space 5504K,   0% used [0x00000000fec00000, 0x00000000fec00000, 0x00000000ff160000)
  from space 640K,   0% used [0x00000000ff200000, 0x00000000ff201830, 0x00000000ff2a0000)
  to   space 640K,   0% used [0x00000000ff160000, 0x00000000ff160000, 0x00000000ff200000)
 concurrent mark-sweep generation total 13696K, used 3932K [0x00000000ff2a0000, 0x0000000100000000, 0x0000000100000000)
 Metaspace       used 4485K, capacity 4786K, committed 4992K, reserved 1056768K
  class space    used 495K, capacity 533K, committed 640K, reserved 1048576K
}
{Heap before GC invocations=48 (full 8):
 par new generation   total 6144K, used 5255K [0x00000000fec00000, 0x00000000ff2a0000, 0x00000000ff2a0000)
  eden space 5504K,  95% used [0x00000000fec00000, 0x00000000ff120620, 0x00000000ff160000)
  from space 640K,   0% used [0x00000000ff200000, 0x00000000ff201830, 0x00000000ff2a0000)
  to   space 640K,   0% used [0x00000000ff160000, 0x00000000ff160000, 0x00000000ff200000)
 concurrent mark-sweep generation total 13696K, used 3932K [0x00000000ff2a0000, 0x0000000100000000, 0x0000000100000000)
 Metaspace       used 4485K, capacity 4786K, committed 4992K, reserved 1056768K
  class space    used 495K, capacity 533K, committed 640K, reserved 1048576K
2024-07-16T18:26:13.634+0800: 0.438: [GC (Allocation Failure) 2024-07-16T18:26:13.634+0800: 0.438: [ParNew: 5255K->10K(6144K), 0.0003770 secs] 9188K->4966K(19840K), 0.0004151 secs] [Times: user=0.00 sys=0.00, real=0.00 secs] 
Heap after GC invocations=49 (full 8):
 par new generation   total 6144K, used 10K [0x00000000fec00000, 0x00000000ff2a0000, 0x00000000ff2a0000)
  eden space 5504K,   0% used [0x00000000fec00000, 0x00000000fec00000, 0x00000000ff160000)
  from space 640K,   1% used [0x00000000ff160000, 0x00000000ff162850, 0x00000000ff200000)
  to   space 640K,   0% used [0x00000000ff200000, 0x00000000ff200000, 0x00000000ff2a0000)
 concurrent mark-sweep generation total 13696K, used 4956K [0x00000000ff2a0000, 0x0000000100000000, 0x0000000100000000)
 Metaspace       used 4485K, capacity 4786K, committed 4992K, reserved 1056768K
  class space    used 495K, capacity 533K, committed 640K, reserved 1048576K
}
{Heap before GC invocations=49 (full 8):
 par new generation   total 6144K, used 5251K [0x00000000fec00000, 0x00000000ff2a0000, 0x00000000ff2a0000)
  eden space 5504K,  95% used [0x00000000fec00000, 0x00000000ff11e760, 0x00000000ff160000)
  from space 640K,   1% used [0x00000000ff160000, 0x00000000ff162850, 0x00000000ff200000)
  to   space 640K,   0% used [0x00000000ff200000, 0x00000000ff200000, 0x00000000ff2a0000)
 concurrent mark-sweep generation total 13696K, used 4956K [0x00000000ff2a0000, 0x0000000100000000, 0x0000000100000000)
 Metaspace       used 4485K, capacity 4786K, committed 4992K, reserved 1056768K
  class space    used 495K, capacity 533K, committed 640K, reserved 1048576K
2024-07-16T18:26:13.641+0800: 0.445: [GC (Allocation Failure) 2024-07-16T18:26:13.641+0800: 0.445: [ParNew: 5251K->4K(6144K), 0.0003705 secs] 10208K->4960K(19840K), 0.0004186 secs] [Times: user=0.00 sys=0.00, real=0.00 secs] 
Heap after GC invocations=50 (full 8):
 par new generation   total 6144K, used 4K [0x00000000fec00000, 0x00000000ff2a0000, 0x00000000ff2a0000)
  eden space 5504K,   0% used [0x00000000fec00000, 0x00000000fec00000, 0x00000000ff160000)
  from space 640K,   0% used [0x00000000ff200000, 0x00000000ff201020, 0x00000000ff2a0000)
  to   space 640K,   0% used [0x00000000ff160000, 0x00000000ff160000, 0x00000000ff200000)
 concurrent mark-sweep generation total 13696K, used 4956K [0x00000000ff2a0000, 0x0000000100000000, 0x0000000100000000)
 Metaspace       used 4485K, capacity 4786K, committed 4992K, reserved 1056768K
  class space    used 495K, capacity 533K, committed 640K, reserved 1048576K
}
{Heap before GC invocations=50 (full 8):
 par new generation   total 6144K, used 5240K [0x00000000fec00000, 0x00000000ff2a0000, 0x00000000ff2a0000)
  eden space 5504K,  95% used [0x00000000fec00000, 0x00000000ff11d398, 0x00000000ff160000)
  from space 640K,   0% used [0x00000000ff200000, 0x00000000ff201020, 0x00000000ff2a0000)
  to   space 640K,   0% used [0x00000000ff160000, 0x00000000ff160000, 0x00000000ff200000)
 concurrent mark-sweep generation total 13696K, used 4956K [0x00000000ff2a0000, 0x0000000100000000, 0x0000000100000000)
 Metaspace       used 4485K, capacity 4786K, committed 4992K, reserved 1056768K
  class space    used 495K, capacity 533K, committed 640K, reserved 1048576K
2024-07-16T18:26:13.647+0800: 0.451: [GC (Allocation Failure) 2024-07-16T18:26:13.647+0800: 0.451: [ParNew: 5240K->6K(6144K), 0.0004047 secs] 10197K->5986K(19840K), 0.0004644 secs] [Times: user=0.00 sys=0.00, real=0.00 secs] 
Heap after GC invocations=51 (full 8):
 par new generation   total 6144K, used 6K [0x00000000fec00000, 0x00000000ff2a0000, 0x00000000ff2a0000)
  eden space 5504K,   0% used [0x00000000fec00000, 0x00000000fec00000, 0x00000000ff160000)
  from space 640K,   0% used [0x00000000ff160000, 0x00000000ff161830, 0x00000000ff200000)
  to   space 640K,   0% used [0x00000000ff200000, 0x00000000ff200000, 0x00000000ff2a0000)
 concurrent mark-sweep generation total 13696K, used 5980K [0x00000000ff2a0000, 0x0000000100000000, 0x0000000100000000)
 Metaspace       used 4485K, capacity 4786K, committed 4992K, reserved 1056768K
  class space    used 495K, capacity 533K, committed 640K, reserved 1048576K
}
{Heap before GC invocations=51 (full 8):
 par new generation   total 6144K, used 5239K [0x00000000fec00000, 0x00000000ff2a0000, 0x00000000ff2a0000)
  eden space 5504K,  95% used [0x00000000fec00000, 0x00000000ff11c6e8, 0x00000000ff160000)
  from space 640K,   0% used [0x00000000ff160000, 0x00000000ff161830, 0x00000000ff200000)
  to   space 640K,   0% used [0x00000000ff200000, 0x00000000ff200000, 0x00000000ff2a0000)
 concurrent mark-sweep generation total 13696K, used 5980K [0x00000000ff2a0000, 0x0000000100000000, 0x0000000100000000)
 Metaspace       used 4485K, capacity 4786K, committed 4992K, reserved 1056768K
  class space    used 495K, capacity 533K, committed 640K, reserved 1048576K
2024-07-16T18:26:13.654+0800: 0.458: [GC (Allocation Failure) 2024-07-16T18:26:13.654+0800: 0.458: [ParNew: 5239K->6K(6144K), 0.0004998 secs] 11220K->7010K(19840K), 0.0005713 secs] [Times: user=0.00 sys=0.00, real=0.00 secs] 
Heap after GC invocations=52 (full 8):
 par new generation   total 6144K, used 6K [0x00000000fec00000, 0x00000000ff2a0000, 0x00000000ff2a0000)
  eden space 5504K,   0% used [0x00000000fec00000, 0x00000000fec00000, 0x00000000ff160000)
  from space 640K,   0% used [0x00000000ff200000, 0x00000000ff201830, 0x00000000ff2a0000)
  to   space 640K,   0% used [0x00000000ff160000, 0x00000000ff160000, 0x00000000ff200000)
 concurrent mark-sweep generation total 13696K, used 7004K [0x00000000ff2a0000, 0x0000000100000000, 0x0000000100000000)
 Metaspace       used 4485K, capacity 4786K, committed 4992K, reserved 1056768K
  class space    used 495K, capacity 533K, committed 640K, reserved 1048576K
}
{Heap before GC invocations=52 (full 8):
 par new generation   total 6144K, used 5237K [0x00000000fec00000, 0x00000000ff2a0000, 0x00000000ff2a0000)
  eden space 5504K,  95% used [0x00000000fec00000, 0x00000000ff11beb8, 0x00000000ff160000)
  from space 640K,   0% used [0x00000000ff200000, 0x00000000ff201830, 0x00000000ff2a0000)
  to   space 640K,   0% used [0x00000000ff160000, 0x00000000ff160000, 0x00000000ff200000)
 concurrent mark-sweep generation total 13696K, used 7004K [0x00000000ff2a0000, 0x0000000100000000, 0x0000000100000000)
 Metaspace       used 4485K, capacity 4786K, committed 4992K, reserved 1056768K
  class space    used 495K, capacity 533K, committed 640K, reserved 1048576K
2024-07-16T18:26:13.664+0800: 0.468: [GC (Allocation Failure) 2024-07-16T18:26:13.664+0800: 0.468: [ParNew: 5237K->6K(6144K), 0.0003146 secs] 12242K->7010K(19840K), 0.0003651 secs] [Times: user=0.00 sys=0.00, real=0.00 secs] 
Heap after GC invocations=53 (full 8):
 par new generation   total 6144K, used 6K [0x00000000fec00000, 0x00000000ff2a0000, 0x00000000ff2a0000)
  eden space 5504K,   0% used [0x00000000fec00000, 0x00000000fec00000, 0x00000000ff160000)
  from space 640K,   0% used [0x00000000ff160000, 0x00000000ff161830, 0x00000000ff200000)
  to   space 640K,   0% used [0x00000000ff200000, 0x00000000ff200000, 0x00000000ff2a0000)
 concurrent mark-sweep generation total 13696K, used 7004K [0x00000000ff2a0000, 0x0000000100000000, 0x0000000100000000)
 Metaspace       used 4485K, capacity 4786K, committed 4992K, reserved 1056768K
  class space    used 495K, capacity 533K, committed 640K, reserved 1048576K
}
{Heap before GC invocations=53 (full 8):
 par new generation   total 6144K, used 5236K [0x00000000fec00000, 0x00000000ff2a0000, 0x00000000ff2a0000)
  eden space 5504K,  95% used [0x00000000fec00000, 0x00000000ff11b900, 0x00000000ff160000)
  from space 640K,   0% used [0x00000000ff160000, 0x00000000ff161830, 0x00000000ff200000)
  to   space 640K,   0% used [0x00000000ff200000, 0x00000000ff200000, 0x00000000ff2a0000)
 concurrent mark-sweep generation total 13696K, used 7004K [0x00000000ff2a0000, 0x0000000100000000, 0x0000000100000000)
 Metaspace       used 4486K, capacity 4786K, committed 4992K, reserved 1056768K
  class space    used 495K, capacity 533K, committed 640K, reserved 1048576K
2024-07-16T18:26:13.672+0800: 0.476: [GC (Allocation Failure) 2024-07-16T18:26:13.672+0800: 0.476: [ParNew: 5236K->5K(6144K), 0.0003288 secs] 12240K->7009K(19840K), 0.0003847 secs] [Times: user=0.00 sys=0.00, real=0.00 secs] 
Heap after GC invocations=54 (full 8):
 par new generation   total 6144K, used 5K [0x00000000fec00000, 0x00000000ff2a0000, 0x00000000ff2a0000)
  eden space 5504K,   0% used [0x00000000fec00000, 0x00000000fec00000, 0x00000000ff160000)
  from space 640K,   0% used [0x00000000ff200000, 0x00000000ff2015e8, 0x00000000ff2a0000)
  to   space 640K,   0% used [0x00000000ff160000, 0x00000000ff160000, 0x00000000ff200000)
 concurrent mark-sweep generation total 13696K, used 7004K [0x00000000ff2a0000, 0x0000000100000000, 0x0000000100000000)
 Metaspace       used 4486K, capacity 4786K, committed 4992K, reserved 1056768K
  class space    used 495K, capacity 533K, committed 640K, reserved 1048576K
}
{Heap before GC invocations=54 (full 8):
 par new generation   total 6144K, used 5235K [0x00000000fec00000, 0x00000000ff2a0000, 0x00000000ff2a0000)
  eden space 5504K,  95% used [0x00000000fec00000, 0x00000000ff11b958, 0x00000000ff160000)
  from space 640K,   0% used [0x00000000ff200000, 0x00000000ff2015e8, 0x00000000ff2a0000)
  to   space 640K,   0% used [0x00000000ff160000, 0x00000000ff160000, 0x00000000ff200000)
 concurrent mark-sweep generation total 13696K, used 7004K [0x00000000ff2a0000, 0x0000000100000000, 0x0000000100000000)
 Metaspace       used 4486K, capacity 4786K, committed 4992K, reserved 1056768K
  class space    used 495K, capacity 533K, committed 640K, reserved 1048576K
2024-07-16T18:26:13.680+0800: 0.484: [GC (Allocation Failure) 2024-07-16T18:26:13.680+0800: 0.484: [ParNew: 5235K->7K(6144K), 0.0004210 secs] 12240K->8035K(19840K), 0.0004628 secs] [Times: user=0.00 sys=0.00, real=0.00 secs] 
Heap after GC invocations=55 (full 8):
 par new generation   total 6144K, used 7K [0x00000000fec00000, 0x00000000ff2a0000, 0x00000000ff2a0000)
  eden space 5504K,   0% used [0x00000000fec00000, 0x00000000fec00000, 0x00000000ff160000)
  from space 640K,   1% used [0x00000000ff160000, 0x00000000ff161df8, 0x00000000ff200000)
  to   space 640K,   0% used [0x00000000ff200000, 0x00000000ff200000, 0x00000000ff2a0000)
 concurrent mark-sweep generation total 13696K, used 8028K [0x00000000ff2a0000, 0x0000000100000000, 0x0000000100000000)
 Metaspace       used 4486K, capacity 4786K, committed 4992K, reserved 1056768K
  class space    used 495K, capacity 533K, committed 640K, reserved 1048576K
}
{Heap before GC invocations=55 (full 8):
 par new generation   total 6144K, used 5229K [0x00000000fec00000, 0x00000000ff2a0000, 0x00000000ff2a0000)
  eden space 5504K,  94% used [0x00000000fec00000, 0x00000000ff1198f0, 0x00000000ff160000)
  from space 640K,   1% used [0x00000000ff160000, 0x00000000ff161df8, 0x00000000ff200000)
  to   space 640K,   0% used [0x00000000ff200000, 0x00000000ff200000, 0x00000000ff2a0000)
 concurrent mark-sweep generation total 13696K, used 8028K [0x00000000ff2a0000, 0x0000000100000000, 0x0000000100000000)
 Metaspace       used 4494K, capacity 4794K, committed 4992K, reserved 1056768K
  class space    used 495K, capacity 533K, committed 640K, reserved 1048576K
2024-07-16T18:26:13.687+0800: 0.491: [GC (Allocation Failure) 2024-07-16T18:26:13.687+0800: 0.491: [ParNew: 5229K->7K(6144K), 0.0003855 secs] 13258K->9059K(19840K), 0.0004362 secs] [Times: user=0.00 sys=0.00, real=0.00 secs] 
Heap after GC invocations=56 (full 8):
 par new generation   total 6144K, used 7K [0x00000000fec00000, 0x00000000ff2a0000, 0x00000000ff2a0000)
  eden space 5504K,   0% used [0x00000000fec00000, 0x00000000fec00000, 0x00000000ff160000)
  from space 640K,   1% used [0x00000000ff200000, 0x00000000ff201df8, 0x00000000ff2a0000)
  to   space 640K,   0% used [0x00000000ff160000, 0x00000000ff160000, 0x00000000ff200000)
 concurrent mark-sweep generation total 13696K, used 9052K [0x00000000ff2a0000, 0x0000000100000000, 0x0000000100000000)
 Metaspace       used 4494K, capacity 4794K, committed 4992K, reserved 1056768K
  class space    used 495K, capacity 533K, committed 640K, reserved 1048576K
}
2024-07-16T18:26:13.687+0800: 0.491: [GC (CMS Initial Mark) [1 CMS-initial-mark: 9052K(13696K)] 10084K(19840K), 0.0001164 secs] [Times: user=0.00 sys=0.00, real=0.00 secs] 
2024-07-16T18:26:13.687+0800: 0.492: [CMS-concurrent-mark-start]
2024-07-16T18:26:13.688+0800: 0.493: [CMS-concurrent-mark: 0.001/0.001 secs] [Times: user=0.00 sys=0.00, real=0.00 secs] 
2024-07-16T18:26:13.688+0800: 0.493: [CMS-concurrent-preclean-start]
2024-07-16T18:26:13.688+0800: 0.493: [CMS-concurrent-preclean: 0.000/0.000 secs] [Times: user=0.00 sys=0.00, real=0.00 secs] 
2024-07-16T18:26:13.688+0800: 0.493: [GC (CMS Final Remark) [YG occupancy: 1031 K (6144 K)]{Heap before GC invocations=56 (full 9):
 par new generation   total 6144K, used 1031K [0x00000000fec00000, 0x00000000ff2a0000, 0x00000000ff2a0000)
  eden space 5504K,  18% used [0x00000000fec00000, 0x00000000fed00088, 0x00000000ff160000)
  from space 640K,   1% used [0x00000000ff200000, 0x00000000ff201df8, 0x00000000ff2a0000)
  to   space 640K,   0% used [0x00000000ff160000, 0x00000000ff160000, 0x00000000ff200000)
 concurrent mark-sweep generation total 13696K, used 9052K [0x00000000ff2a0000, 0x0000000100000000, 0x0000000100000000)
 Metaspace       used 4494K, capacity 4794K, committed 4992K, reserved 1056768K
  class space    used 495K, capacity 533K, committed 640K, reserved 1048576K
2024-07-16T18:26:13.688+0800: 0.493: [GC (CMS Final Remark) 2024-07-16T18:26:13.688+0800: 0.493: [ParNew: 1031K->8K(6144K), 0.0002437 secs] 10084K->10084K(19840K), 0.0002593 secs] [Times: user=0.00 sys=0.00, real=0.00 secs] 
Heap after GC invocations=57 (full 9):
 par new generation   total 6144K, used 8K [0x00000000fec00000, 0x00000000ff2a0000, 0x00000000ff2a0000)
  eden space 5504K,   0% used [0x00000000fec00000, 0x00000000fec00000, 0x00000000ff160000)
  from space 640K,   1% used [0x00000000ff160000, 0x00000000ff162040, 0x00000000ff200000)
  to   space 640K,   0% used [0x00000000ff200000, 0x00000000ff200000, 0x00000000ff2a0000)
 concurrent mark-sweep generation total 13696K, used 10076K [0x00000000ff2a0000, 0x0000000100000000, 0x0000000100000000)
 Metaspace       used 4494K, capacity 4794K, committed 4992K, reserved 1056768K
  class space    used 495K, capacity 533K, committed 640K, reserved 1048576K
}
2024-07-16T18:26:13.689+0800: 0.493: [Rescan (parallel) , 0.0001141 secs]2024-07-16T18:26:13.689+0800: 0.493: [weak refs processing, 0.0000072 secs]2024-07-16T18:26:13.689+0800: 0.493: [class unloading, 0.0002498 secs]2024-07-16T18:26:13.689+0800: 0.493: [scrub symbol table, 0.0003162 secs]2024-07-16T18:26:13.689+0800: 0.494: [scrub string table, 0.0000631 secs][1 CMS-remark: 10076K(13696K)] 10084K(19840K), 0.0010862 secs] [Times: user=0.00 sys=0.00, real=0.00 secs] 
2024-07-16T18:26:13.690+0800: 0.494: [CMS-concurrent-sweep-start]
2024-07-16T18:26:13.690+0800: 0.494: [CMS-concurrent-sweep: 0.000/0.000 secs] [Times: user=0.00 sys=0.00, real=0.00 secs] 
2024-07-16T18:26:13.690+0800: 0.494: [CMS-concurrent-reset-start]
2024-07-16T18:26:13.690+0800: 0.494: [CMS-concurrent-reset: 0.000/0.000 secs] [Times: user=0.00 sys=0.00, real=0.00 secs] 
{Heap before GC invocations=57 (full 9):
 par new generation   total 6144K, used 5232K [0x00000000fec00000, 0x00000000ff2a0000, 0x00000000ff2a0000)
  eden space 5504K,  94% used [0x00000000fec00000, 0x00000000ff11a390, 0x00000000ff160000)
  from space 640K,   1% used [0x00000000ff160000, 0x00000000ff162040, 0x00000000ff200000)
  to   space 640K,   0% used [0x00000000ff200000, 0x00000000ff200000, 0x00000000ff2a0000)
 concurrent mark-sweep generation total 13696K, used 2907K [0x00000000ff2a0000, 0x0000000100000000, 0x0000000100000000)
 Metaspace       used 4494K, capacity 4794K, committed 4992K, reserved 1056768K
  class space    used 495K, capacity 533K, committed 640K, reserved 1048576K
2024-07-16T18:26:13.696+0800: 0.500: [GC (Allocation Failure) 2024-07-16T18:26:13.696+0800: 0.500: [ParNew: 5232K->9K(6144K), 0.0003648 secs] 8140K->3943K(19840K), 0.0004140 secs] [Times: user=0.00 sys=0.00, real=0.00 secs] 
Heap after GC invocations=58 (full 9):
 par new generation   total 6144K, used 9K [0x00000000fec00000, 0x00000000ff2a0000, 0x00000000ff2a0000)
  eden space 5504K,   0% used [0x00000000fec00000, 0x00000000fec00000, 0x00000000ff160000)
  from space 640K,   1% used [0x00000000ff200000, 0x00000000ff202608, 0x00000000ff2a0000)
  to   space 640K,   0% used [0x00000000ff160000, 0x00000000ff160000, 0x00000000ff200000)
 concurrent mark-sweep generation total 13696K, used 3933K [0x00000000ff2a0000, 0x0000000100000000, 0x0000000100000000)
 Metaspace       used 4494K, capacity 4794K, committed 4992K, reserved 1056768K
  class space    used 495K, capacity 533K, committed 640K, reserved 1048576K
}
{Heap before GC invocations=58 (full 9):
 par new generation   total 6144K, used 5228K [0x00000000fec00000, 0x00000000ff2a0000, 0x00000000ff2a0000)
  eden space 5504K,  94% used [0x00000000fec00000, 0x00000000ff118ce8, 0x00000000ff160000)
  from space 640K,   1% used [0x00000000ff200000, 0x00000000ff202608, 0x00000000ff2a0000)
  to   space 640K,   0% used [0x00000000ff160000, 0x00000000ff160000, 0x00000000ff200000)
 concurrent mark-sweep generation total 13696K, used 3933K [0x00000000ff2a0000, 0x0000000100000000, 0x0000000100000000)
 Metaspace       used 4494K, capacity 4794K, committed 4992K, reserved 1056768K
  class space    used 495K, capacity 533K, committed 640K, reserved 1048576K
2024-07-16T18:26:13.704+0800: 0.508: [GC (Allocation Failure) 2024-07-16T18:26:13.704+0800: 0.508: [ParNew: 5228K->9K(6144K), 0.0005193 secs] 9162K->5991K(19840K), 0.0005683 secs] [Times: user=0.00 sys=0.00, real=0.00 secs] 
Heap after GC invocations=59 (full 9):
 par new generation   total 6144K, used 9K [0x00000000fec00000, 0x00000000ff2a0000, 0x00000000ff2a0000)
  eden space 5504K,   0% used [0x00000000fec00000, 0x00000000fec00000, 0x00000000ff160000)
  from space 640K,   1% used [0x00000000ff160000, 0x00000000ff162608, 0x00000000ff200000)
  to   space 640K,   0% used [0x00000000ff200000, 0x00000000ff200000, 0x00000000ff2a0000)
 concurrent mark-sweep generation total 13696K, used 5981K [0x00000000ff2a0000, 0x0000000100000000, 0x0000000100000000)
 Metaspace       used 4494K, capacity 4794K, committed 4992K, reserved 1056768K
  class space    used 495K, capacity 533K, committed 640K, reserved 1048576K
}
{Heap before GC invocations=59 (full 9):
 par new generation   total 6144K, used 5232K [0x00000000fec00000, 0x00000000ff2a0000, 0x00000000ff2a0000)
  eden space 5504K,  94% used [0x00000000fec00000, 0x00000000ff119c48, 0x00000000ff160000)
  from space 640K,   1% used [0x00000000ff160000, 0x00000000ff162608, 0x00000000ff200000)
  to   space 640K,   0% used [0x00000000ff200000, 0x00000000ff200000, 0x00000000ff2a0000)
 concurrent mark-sweep generation total 13696K, used 5981K [0x00000000ff2a0000, 0x0000000100000000, 0x0000000100000000)
 Metaspace       used 4494K, capacity 4794K, committed 4992K, reserved 1056768K
  class space    used 495K, capacity 533K, committed 640K, reserved 1048576K
2024-07-16T18:26:13.709+0800: 0.513: [GC (Allocation Failure) 2024-07-16T18:26:13.709+0800: 0.513: [ParNew: 5232K->10K(6144K), 0.0004115 secs] 11214K->7019K(19840K), 0.0004543 secs] [Times: user=0.00 sys=0.00, real=0.00 secs] 
Heap after GC invocations=60 (full 9):
 par new generation   total 6144K, used 10K [0x00000000fec00000, 0x00000000ff2a0000, 0x00000000ff2a0000)
  eden space 5504K,   0% used [0x00000000fec00000, 0x00000000fec00000, 0x00000000ff160000)
  from space 640K,   1% used [0x00000000ff200000, 0x00000000ff202850, 0x00000000ff2a0000)
  to   space 640K,   0% used [0x00000000ff160000, 0x00000000ff160000, 0x00000000ff200000)
 concurrent mark-sweep generation total 13696K, used 7009K [0x00000000ff2a0000, 0x0000000100000000, 0x0000000100000000)
 Metaspace       used 4494K, capacity 4794K, committed 4992K, reserved 1056768K
  class space    used 495K, capacity 533K, committed 640K, reserved 1048576K
}
{Heap before GC invocations=60 (full 9):
 par new generation   total 6144K, used 5235K [0x00000000fec00000, 0x00000000ff2a0000, 0x00000000ff2a0000)
  eden space 5504K,  94% used [0x00000000fec00000, 0x00000000ff11a628, 0x00000000ff160000)
  from space 640K,   1% used [0x00000000ff200000, 0x00000000ff202850, 0x00000000ff2a0000)
  to   space 640K,   0% used [0x00000000ff160000, 0x00000000ff160000, 0x00000000ff200000)
 concurrent mark-sweep generation total 13696K, used 7009K [0x00000000ff2a0000, 0x0000000100000000, 0x0000000100000000)
 Metaspace       used 4494K, capacity 4794K, committed 4992K, reserved 1056768K
  class space    used 495K, capacity 533K, committed 640K, reserved 1048576K
2024-07-16T18:26:13.718+0800: 0.522: [GC (Allocation Failure) 2024-07-16T18:26:13.718+0800: 0.522: [ParNew: 5235K->4K(6144K), 0.0003209 secs] 12244K->7013K(19840K), 0.0003688 secs] [Times: user=0.00 sys=0.00, real=0.00 secs] 
Heap after GC invocations=61 (full 9):
 par new generation   total 6144K, used 4K [0x00000000fec00000, 0x00000000ff2a0000, 0x00000000ff2a0000)
  eden space 5504K,   0% used [0x00000000fec00000, 0x00000000fec00000, 0x00000000ff160000)
  from space 640K,   0% used [0x00000000ff160000, 0x00000000ff161020, 0x00000000ff200000)
  to   space 640K,   0% used [0x00000000ff200000, 0x00000000ff200000, 0x00000000ff2a0000)
 concurrent mark-sweep generation total 13696K, used 7009K [0x00000000ff2a0000, 0x0000000100000000, 0x0000000100000000)
 Metaspace       used 4494K, capacity 4794K, committed 4992K, reserved 1056768K
  class space    used 495K, capacity 533K, committed 640K, reserved 1048576K
}
{Heap before GC invocations=61 (full 9):
 par new generation   total 6144K, used 5231K [0x00000000fec00000, 0x00000000ff2a0000, 0x00000000ff2a0000)
  eden space 5504K,  94% used [0x00000000fec00000, 0x00000000ff11ac88, 0x00000000ff160000)
  from space 640K,   0% used [0x00000000ff160000, 0x00000000ff161020, 0x00000000ff200000)
  to   space 640K,   0% used [0x00000000ff200000, 0x00000000ff200000, 0x00000000ff2a0000)
 concurrent mark-sweep generation total 13696K, used 7009K [0x00000000ff2a0000, 0x0000000100000000, 0x0000000100000000)
 Metaspace       used 4494K, capacity 4794K, committed 4992K, reserved 1056768K
  class space    used 495K, capacity 533K, committed 640K, reserved 1048576K
2024-07-16T18:26:13.724+0800: 0.528: [GC (Allocation Failure) 2024-07-16T18:26:13.724+0800: 0.528: [ParNew: 5231K->10K(6144K), 0.0005739 secs] 12240K->9067K(19840K), 0.0006366 secs] [Times: user=0.00 sys=0.00, real=0.00 secs] 
Heap after GC invocations=62 (full 9):
 par new generation   total 6144K, used 10K [0x00000000fec00000, 0x00000000ff2a0000, 0x00000000ff2a0000)
  eden space 5504K,   0% used [0x00000000fec00000, 0x00000000fec00000, 0x00000000ff160000)
  from space 640K,   1% used [0x00000000ff200000, 0x00000000ff202850, 0x00000000ff2a0000)
  to   space 640K,   0% used [0x00000000ff160000, 0x00000000ff160000, 0x00000000ff200000)
 concurrent mark-sweep generation total 13696K, used 9057K [0x00000000ff2a0000, 0x0000000100000000, 0x0000000100000000)
 Metaspace       used 4494K, capacity 4794K, committed 4992K, reserved 1056768K
  class space    used 495K, capacity 533K, committed 640K, reserved 1048576K
}
2024-07-16T18:26:13.724+0800: 0.529: [GC (CMS Initial Mark) [1 CMS-initial-mark: 9057K(13696K)] 10091K(19840K), 0.0001294 secs] [Times: user=0.00 sys=0.00, real=0.00 secs] 
2024-07-16T18:26:13.725+0800: 0.529: [CMS-concurrent-mark-start]
2024-07-16T18:26:13.726+0800: 0.530: [CMS-concurrent-mark: 0.001/0.001 secs] [Times: user=0.00 sys=0.00, real=0.00 secs] 
2024-07-16T18:26:13.726+0800: 0.530: [CMS-concurrent-preclean-start]
2024-07-16T18:26:13.726+0800: 0.531: [CMS-concurrent-preclean: 0.000/0.000 secs] [Times: user=0.00 sys=0.00, real=0.00 secs] 
2024-07-16T18:26:13.726+0800: 0.531: [GC (CMS Final Remark) [YG occupancy: 1036 K (6144 K)]{Heap before GC invocations=62 (full 10):
 par new generation   total 6144K, used 1036K [0x00000000fec00000, 0x00000000ff2a0000, 0x00000000ff2a0000)
  eden space 5504K,  18% used [0x00000000fec00000, 0x00000000fed008b8, 0x00000000ff160000)
  from space 640K,   1% used [0x00000000ff200000, 0x00000000ff202850, 0x00000000ff2a0000)
  to   space 640K,   0% used [0x00000000ff160000, 0x00000000ff160000, 0x00000000ff200000)
 concurrent mark-sweep generation total 13696K, used 9057K [0x00000000ff2a0000, 0x0000000100000000, 0x0000000100000000)
 Metaspace       used 4494K, capacity 4794K, committed 4992K, reserved 1056768K
  class space    used 495K, capacity 533K, committed 640K, reserved 1048576K
2024-07-16T18:26:13.726+0800: 0.531: [GC (CMS Final Remark) 2024-07-16T18:26:13.726+0800: 0.531: [ParNew: 1036K->8K(6144K), 0.0002631 secs] 10093K->10089K(19840K), 0.0002800 secs] [Times: user=0.00 sys=0.00, real=0.00 secs] 
Heap after GC invocations=63 (full 10):
 par new generation   total 6144K, used 8K [0x00000000fec00000, 0x00000000ff2a0000, 0x00000000ff2a0000)
  eden space 5504K,   0% used [0x00000000fec00000, 0x00000000fec00000, 0x00000000ff160000)
  from space 640K,   1% used [0x00000000ff160000, 0x00000000ff162040, 0x00000000ff200000)
  to   space 640K,   0% used [0x00000000ff200000, 0x00000000ff200000, 0x00000000ff2a0000)
 concurrent mark-sweep generation total 13696K, used 10081K [0x00000000ff2a0000, 0x0000000100000000, 0x0000000100000000)
 Metaspace       used 4494K, capacity 4794K, committed 4992K, reserved 1056768K
  class space    used 495K, capacity 533K, committed 640K, reserved 1048576K
}
2024-07-16T18:26:13.726+0800: 0.531: [Rescan (parallel) , 0.0001338 secs]2024-07-16T18:26:13.726+0800: 0.531: [weak refs processing, 0.0000068 secs]2024-07-16T18:26:13.726+0800: 0.531: [class unloading, 0.0002572 secs]2024-07-16T18:26:13.727+0800: 0.531: [scrub symbol table, 0.0003269 secs]2024-07-16T18:26:13.727+0800: 0.532: [scrub string table, 0.0000620 secs][1 CMS-remark: 10081K(13696K)] 10089K(19840K), 0.0011421 secs] [Times: user=0.00 sys=0.00, real=0.00 secs] 
2024-07-16T18:26:13.727+0800: 0.532: [CMS-concurrent-sweep-start]
2024-07-16T18:26:13.727+0800: 0.532: [CMS-concurrent-sweep: 0.000/0.000 secs] [Times: user=0.00 sys=0.00, real=0.00 secs] 
2024-07-16T18:26:13.727+0800: 0.532: [CMS-concurrent-reset-start]
2024-07-16T18:26:13.727+0800: 0.532: [CMS-concurrent-reset: 0.000/0.000 secs] [Times: user=0.00 sys=0.00, real=0.00 secs] 
{Heap before GC invocations=63 (full 10):
 par new generation   total 6144K, used 5236K [0x00000000fec00000, 0x00000000ff2a0000, 0x00000000ff2a0000)
  eden space 5504K,  94% used [0x00000000fec00000, 0x00000000ff11b020, 0x00000000ff160000)
  from space 640K,   1% used [0x00000000ff160000, 0x00000000ff162040, 0x00000000ff200000)
  to   space 640K,   0% used [0x00000000ff200000, 0x00000000ff200000, 0x00000000ff2a0000)
 concurrent mark-sweep generation total 13696K, used 1888K [0x00000000ff2a0000, 0x0000000100000000, 0x0000000100000000)
 Metaspace       used 4495K, capacity 4794K, committed 4992K, reserved 1056768K
  class space    used 495K, capacity 533K, committed 640K, reserved 1048576K
2024-07-16T18:26:13.734+0800: 0.538: [GC (Allocation Failure) 2024-07-16T18:26:13.734+0800: 0.538: [ParNew: 5236K->6K(6144K), 0.0004000 secs] 7125K->2919K(19840K), 0.0004445 secs] [Times: user=0.00 sys=0.00, real=0.00 secs] 
Heap after GC invocations=64 (full 10):
 par new generation   total 6144K, used 6K [0x00000000fec00000, 0x00000000ff2a0000, 0x00000000ff2a0000)
  eden space 5504K,   0% used [0x00000000fec00000, 0x00000000fec00000, 0x00000000ff160000)
  from space 640K,   0% used [0x00000000ff200000, 0x00000000ff201830, 0x00000000ff2a0000)
  to   space 640K,   0% used [0x00000000ff160000, 0x00000000ff160000, 0x00000000ff200000)
 concurrent mark-sweep generation total 13696K, used 2912K [0x00000000ff2a0000, 0x0000000100000000, 0x0000000100000000)
 Metaspace       used 4495K, capacity 4794K, committed 4992K, reserved 1056768K
  class space    used 495K, capacity 533K, committed 640K, reserved 1048576K
}
{Heap before GC invocations=64 (full 10):
 par new generation   total 6144K, used 5227K [0x00000000fec00000, 0x00000000ff2a0000, 0x00000000ff2a0000)
  eden space 5504K,  94% used [0x00000000fec00000, 0x00000000ff119508, 0x00000000ff160000)
  from space 640K,   0% used [0x00000000ff200000, 0x00000000ff201830, 0x00000000ff2a0000)
  to   space 640K,   0% used [0x00000000ff160000, 0x00000000ff160000, 0x00000000ff200000)
 concurrent mark-sweep generation total 13696K, used 2912K [0x00000000ff2a0000, 0x0000000100000000, 0x0000000100000000)
 Metaspace       used 4495K, capacity 4794K, committed 4992K, reserved 1056768K
  class space    used 495K, capacity 533K, committed 640K, reserved 1048576K
2024-07-16T18:26:13.743+0800: 0.547: [GC (Allocation Failure) 2024-07-16T18:26:13.743+0800: 0.547: [ParNew: 5227K->8K(6144K), 0.0005031 secs] 8140K->4969K(19840K), 0.0005445 secs] [Times: user=0.00 sys=0.00, real=0.00 secs] 
Heap after GC invocations=65 (full 10):
 par new generation   total 6144K, used 8K [0x00000000fec00000, 0x00000000ff2a0000, 0x00000000ff2a0000)
  eden space 5504K,   0% used [0x00000000fec00000, 0x00000000fec00000, 0x00000000ff160000)
  from space 640K,   1% used [0x00000000ff160000, 0x00000000ff162040, 0x00000000ff200000)
  to   space 640K,   0% used [0x00000000ff200000, 0x00000000ff200000, 0x00000000ff2a0000)
 concurrent mark-sweep generation total 13696K, used 4961K [0x00000000ff2a0000, 0x0000000100000000, 0x0000000100000000)
 Metaspace       used 4495K, capacity 4794K, committed 4992K, reserved 1056768K
  class space    used 495K, capacity 533K, committed 640K, reserved 1048576K
}
{Heap before GC invocations=65 (full 10):
 par new generation   total 6144K, used 5232K [0x00000000fec00000, 0x00000000ff2a0000, 0x00000000ff2a0000)
  eden space 5504K,  94% used [0x00000000fec00000, 0x00000000ff11a180, 0x00000000ff160000)
  from space 640K,   1% used [0x00000000ff160000, 0x00000000ff162040, 0x00000000ff200000)
  to   space 640K,   0% used [0x00000000ff200000, 0x00000000ff200000, 0x00000000ff2a0000)
 concurrent mark-sweep generation total 13696K, used 4961K [0x00000000ff2a0000, 0x0000000100000000, 0x0000000100000000)
 Metaspace       used 4495K, capacity 4794K, committed 4992K, reserved 1056768K
  class space    used 495K, capacity 533K, committed 640K, reserved 1048576K
2024-07-16T18:26:13.751+0800: 0.555: [GC (Allocation Failure) 2024-07-16T18:26:13.751+0800: 0.555: [ParNew: 5232K->4K(6144K), 0.0003072 secs] 10193K->4965K(19840K), 0.0003588 secs] [Times: user=0.00 sys=0.00, real=0.00 secs] 
Heap after GC invocations=66 (full 10):
 par new generation   total 6144K, used 4K [0x00000000fec00000, 0x00000000ff2a0000, 0x00000000ff2a0000)
  eden space 5504K,   0% used [0x00000000fec00000, 0x00000000fec00000, 0x00000000ff160000)
  from space 640K,   0% used [0x00000000ff200000, 0x00000000ff201020, 0x00000000ff2a0000)
  to   space 640K,   0% used [0x00000000ff160000, 0x00000000ff160000, 0x00000000ff200000)
 concurrent mark-sweep generation total 13696K, used 4961K [0x00000000ff2a0000, 0x0000000100000000, 0x0000000100000000)
 Metaspace       used 4495K, capacity 4794K, committed 4992K, reserved 1056768K
  class space    used 495K, capacity 533K, committed 640K, reserved 1048576K
}
{Heap before GC invocations=66 (full 10):
 par new generation   total 6144K, used 5230K [0x00000000fec00000, 0x00000000ff2a0000, 0x00000000ff2a0000)
  eden space 5504K,  94% used [0x00000000fec00000, 0x00000000ff11a988, 0x00000000ff160000)
  from space 640K,   0% used [0x00000000ff200000, 0x00000000ff201020, 0x00000000ff2a0000)
  to   space 640K,   0% used [0x00000000ff160000, 0x00000000ff160000, 0x00000000ff200000)
 concurrent mark-sweep generation total 13696K, used 4961K [0x00000000ff2a0000, 0x0000000100000000, 0x0000000100000000)
 Metaspace       used 4495K, capacity 4794K, committed 4992K, reserved 1056768K
  class space    used 495K, capacity 533K, committed 640K, reserved 1048576K
2024-07-16T18:26:13.758+0800: 0.562: [GC (Allocation Failure) 2024-07-16T18:26:13.758+0800: 0.562: [ParNew: 5230K->8K(6144K), 0.0003915 secs] 10191K->5993K(19840K), 0.0004460 secs] [Times: user=0.00 sys=0.00, real=0.00 secs] 
Heap after GC invocations=67 (full 10):
 par new generation   total 6144K, used 8K [0x00000000fec00000, 0x00000000ff2a0000, 0x00000000ff2a0000)
  eden space 5504K,   0% used [0x00000000fec00000, 0x00000000fec00000, 0x00000000ff160000)
  from space 640K,   1% used [0x00000000ff160000, 0x00000000ff162040, 0x00000000ff200000)
  to   space 640K,   0% used [0x00000000ff200000, 0x00000000ff200000, 0x00000000ff2a0000)
 concurrent mark-sweep generation total 13696K, used 5985K [0x00000000ff2a0000, 0x0000000100000000, 0x0000000100000000)
 Metaspace       used 4495K, capacity 4794K, committed 4992K, reserved 1056768K
  class space    used 495K, capacity 533K, committed 640K, reserved 1048576K
}
{Heap before GC invocations=67 (full 10):
 par new generation   total 6144K, used 5235K [0x00000000fec00000, 0x00000000ff2a0000, 0x00000000ff2a0000)
  eden space 5504K,  94% used [0x00000000fec00000, 0x00000000ff11aea8, 0x00000000ff160000)
  from space 640K,   1% used [0x00000000ff160000, 0x00000000ff162040, 0x00000000ff200000)
  to   space 640K,   0% used [0x00000000ff200000, 0x00000000ff200000, 0x00000000ff2a0000)
 concurrent mark-sweep generation total 13696K, used 5985K [0x00000000ff2a0000, 0x0000000100000000, 0x0000000100000000)
 Metaspace       used 4495K, capacity 4794K, committed 4992K, reserved 1056768K
  class space    used 495K, capacity 533K, committed 640K, reserved 1048576K
2024-07-16T18:26:13.767+0800: 0.571: [GC (Allocation Failure) 2024-07-16T18:26:13.767+0800: 0.571: [ParNew: 5235K->4K(6144K), 0.0002698 secs] 11220K->5989K(19840K), 0.0003065 secs] [Times: user=0.00 sys=0.00, real=0.00 secs] 
Heap after GC invocations=68 (full 10):
 par new generation   total 6144K, used 4K [0x00000000fec00000, 0x00000000ff2a0000, 0x00000000ff2a0000)
  eden space 5504K,   0% used [0x00000000fec00000, 0x00000000fec00000, 0x00000000ff160000)
  from space 640K,   0% used [0x00000000ff200000, 0x00000000ff201020, 0x00000000ff2a0000)
  to   space 640K,   0% used [0x00000000ff160000, 0x00000000ff160000, 0x00000000ff200000)
 concurrent mark-sweep generation total 13696K, used 5985K [0x00000000ff2a0000, 0x0000000100000000, 0x0000000100000000)
 Metaspace       used 4495K, capacity 4794K, committed 4992K, reserved 1056768K
  class space    used 495K, capacity 533K, committed 640K, reserved 1048576K
}
{Heap before GC invocations=68 (full 10):
 par new generation   total 6144K, used 5232K [0x00000000fec00000, 0x00000000ff2a0000, 0x00000000ff2a0000)
  eden space 5504K,  94% used [0x00000000fec00000, 0x00000000ff11b1f8, 0x00000000ff160000)
  from space 640K,   0% used [0x00000000ff200000, 0x00000000ff201020, 0x00000000ff2a0000)
  to   space 640K,   0% used [0x00000000ff160000, 0x00000000ff160000, 0x00000000ff200000)
 concurrent mark-sweep generation total 13696K, used 5985K [0x00000000ff2a0000, 0x0000000100000000, 0x0000000100000000)
 Metaspace       used 4495K, capacity 4794K, committed 4992K, reserved 1056768K
  class space    used 495K, capacity 533K, committed 640K, reserved 1048576K
2024-07-16T18:26:13.773+0800: 0.577: [GC (Allocation Failure) 2024-07-16T18:26:13.773+0800: 0.577: [ParNew: 5232K->6K(6144K), 0.0004633 secs] 11217K->8039K(19840K), 0.0005093 secs] [Times: user=0.00 sys=0.00, real=0.00 secs] 
Heap after GC invocations=69 (full 10):
 par new generation   total 6144K, used 6K [0x00000000fec00000, 0x00000000ff2a0000, 0x00000000ff2a0000)
  eden space 5504K,   0% used [0x00000000fec00000, 0x00000000fec00000, 0x00000000ff160000)
  from space 640K,   0% used [0x00000000ff160000, 0x00000000ff161830, 0x00000000ff200000)
  to   space 640K,   0% used [0x00000000ff200000, 0x00000000ff200000, 0x00000000ff2a0000)
 concurrent mark-sweep generation total 13696K, used 8033K [0x00000000ff2a0000, 0x0000000100000000, 0x0000000100000000)
 Metaspace       used 4495K, capacity 4794K, committed 4992K, reserved 1056768K
  class space    used 495K, capacity 533K, committed 640K, reserved 1048576K
}
{Heap before GC invocations=69 (full 10):
 par new generation   total 6144K, used 5235K [0x00000000fec00000, 0x00000000ff2a0000, 0x00000000ff2a0000)
  eden space 5504K,  95% used [0x00000000fec00000, 0x00000000ff11b420, 0x00000000ff160000)
  from space 640K,   0% used [0x00000000ff160000, 0x00000000ff161830, 0x00000000ff200000)
  to   space 640K,   0% used [0x00000000ff200000, 0x00000000ff200000, 0x00000000ff2a0000)
 concurrent mark-sweep generation total 13696K, used 8033K [0x00000000ff2a0000, 0x0000000100000000, 0x0000000100000000)
 Metaspace       used 4495K, capacity 4794K, committed 4992K, reserved 1056768K
  class space    used 495K, capacity 533K, committed 640K, reserved 1048576K
2024-07-16T18:26:13.780+0800: 0.584: [GC (Allocation Failure) 2024-07-16T18:26:13.780+0800: 0.584: [ParNew: 5235K->4K(6144K), 0.0002786 secs] 13268K->8037K(19840K), 0.0003250 secs] [Times: user=0.00 sys=0.00, real=0.00 secs] 
Heap after GC invocations=70 (full 10):
 par new generation   total 6144K, used 4K [0x00000000fec00000, 0x00000000ff2a0000, 0x00000000ff2a0000)
  eden space 5504K,   0% used [0x00000000fec00000, 0x00000000fec00000, 0x00000000ff160000)
  from space 640K,   0% used [0x00000000ff200000, 0x00000000ff201020, 0x00000000ff2a0000)
  to   space 640K,   0% used [0x00000000ff160000, 0x00000000ff160000, 0x00000000ff200000)
 concurrent mark-sweep generation total 13696K, used 8033K [0x00000000ff2a0000, 0x0000000100000000, 0x0000000100000000)
 Metaspace       used 4495K, capacity 4794K, committed 4992K, reserved 1056768K
  class space    used 495K, capacity 533K, committed 640K, reserved 1048576K
}
{Heap before GC invocations=70 (full 10):
 par new generation   total 6144K, used 5233K [0x00000000fec00000, 0x00000000ff2a0000, 0x00000000ff2a0000)
  eden space 5504K,  95% used [0x00000000fec00000, 0x00000000ff11b578, 0x00000000ff160000)
  from space 640K,   0% used [0x00000000ff200000, 0x00000000ff201020, 0x00000000ff2a0000)
  to   space 640K,   0% used [0x00000000ff160000, 0x00000000ff160000, 0x00000000ff200000)
 concurrent mark-sweep generation total 13696K, used 8033K [0x00000000ff2a0000, 0x0000000100000000, 0x0000000100000000)
 Metaspace       used 4495K, capacity 4794K, committed 4992K, reserved 1056768K
  class space    used 495K, capacity 533K, committed 640K, reserved 1048576K
2024-07-16T18:26:13.786+0800: 0.590: [GC (Allocation Failure) 2024-07-16T18:26:13.786+0800: 0.590: [ParNew: 5233K->10K(6144K), 0.0006140 secs] 13266K->10091K(19840K), 0.0006553 secs] [Times: user=0.00 sys=0.00, real=0.00 secs] 
Heap after GC invocations=71 (full 10):
 par new generation   total 6144K, used 10K [0x00000000fec00000, 0x00000000ff2a0000, 0x00000000ff2a0000)
  eden space 5504K,   0% used [0x00000000fec00000, 0x00000000fec00000, 0x00000000ff160000)
  from space 640K,   1% used [0x00000000ff160000, 0x00000000ff162850, 0x00000000ff200000)
  to   space 640K,   0% used [0x00000000ff200000, 0x00000000ff200000, 0x00000000ff2a0000)
 concurrent mark-sweep generation total 13696K, used 10081K [0x00000000ff2a0000, 0x0000000100000000, 0x0000000100000000)
 Metaspace       used 4495K, capacity 4794K, committed 4992K, reserved 1056768K
  class space    used 495K, capacity 533K, committed 640K, reserved 1048576K
}
2024-07-16T18:26:13.786+0800: 0.591: [GC (CMS Initial Mark) [1 CMS-initial-mark: 10081K(13696K)] 11115K(19840K), 0.0001271 secs] [Times: user=0.00 sys=0.00, real=0.00 secs] 
2024-07-16T18:26:13.787+0800: 0.591: [CMS-concurrent-mark-start]
2024-07-16T18:26:13.788+0800: 0.592: [CMS-concurrent-mark: 0.001/0.001 secs] [Times: user=0.00 sys=0.00, real=0.00 secs] 
2024-07-16T18:26:13.788+0800: 0.592: [CMS-concurrent-preclean-start]
2024-07-16T18:26:13.788+0800: 0.592: [CMS-concurrent-preclean: 0.000/0.000 secs] [Times: user=0.00 sys=0.00, real=0.00 secs] 
2024-07-16T18:26:13.788+0800: 0.592: [GC (CMS Final Remark) [YG occupancy: 1036 K (6144 K)]{Heap before GC invocations=71 (full 11):
 par new generation   total 6144K, used 1036K [0x00000000fec00000, 0x00000000ff2a0000, 0x00000000ff2a0000)
  eden space 5504K,  18% used [0x00000000fec00000, 0x00000000fed00898, 0x00000000ff160000)
  from space 640K,   1% used [0x00000000ff160000, 0x00000000ff162850, 0x00000000ff200000)
  to   space 640K,   0% used [0x00000000ff200000, 0x00000000ff200000, 0x00000000ff2a0000)
 concurrent mark-sweep generation total 13696K, used 10081K [0x00000000ff2a0000, 0x0000000100000000, 0x0000000100000000)
 Metaspace       used 4495K, capacity 4794K, committed 4992K, reserved 1056768K
  class space    used 495K, capacity 533K, committed 640K, reserved 1048576K
2024-07-16T18:26:13.788+0800: 0.592: [GC (CMS Final Remark) 2024-07-16T18:26:13.788+0800: 0.592: [ParNew: 1036K->10K(6144K), 0.0002651 secs] 11117K->11115K(19840K), 0.0002853 secs] [Times: user=0.00 sys=0.00, real=0.00 secs] 
Heap after GC invocations=72 (full 11):
 par new generation   total 6144K, used 10K [0x00000000fec00000, 0x00000000ff2a0000, 0x00000000ff2a0000)
  eden space 5504K,   0% used [0x00000000fec00000, 0x00000000fec00000, 0x00000000ff160000)
  from space 640K,   1% used [0x00000000ff200000, 0x00000000ff202850, 0x00000000ff2a0000)
  to   space 640K,   0% used [0x00000000ff160000, 0x00000000ff160000, 0x00000000ff200000)
 concurrent mark-sweep generation total 13696K, used 11105K [0x00000000ff2a0000, 0x0000000100000000, 0x0000000100000000)
 Metaspace       used 4495K, capacity 4794K, committed 4992K, reserved 1056768K
  class space    used 495K, capacity 533K, committed 640K, reserved 1048576K
}
2024-07-16T18:26:13.788+0800: 0.593: [Rescan (parallel) , 0.0001318 secs]2024-07-16T18:26:13.788+0800: 0.593: [weak refs processing, 0.0000137 secs]2024-07-16T18:26:13.788+0800: 0.593: [class unloading, 0.0002664 secs]2024-07-16T18:26:13.788+0800: 0.593: [scrub symbol table, 0.0003324 secs]2024-07-16T18:26:13.789+0800: 0.594: [scrub string table, 0.0000625 secs][1 CMS-remark: 11105K(13696K)] 11115K(19840K), 0.0011819 secs] [Times: user=0.00 sys=0.00, real=0.00 secs] 
2024-07-16T18:26:13.789+0800: 0.594: [CMS-concurrent-sweep-start]
2024-07-16T18:26:13.789+0800: 0.594: [CMS-concurrent-sweep: 0.000/0.000 secs] [Times: user=0.00 sys=0.00, real=0.00 secs] 
2024-07-16T18:26:13.789+0800: 0.594: [CMS-concurrent-reset-start]
2024-07-16T18:26:13.789+0800: 0.594: [CMS-concurrent-reset: 0.000/0.000 secs] [Times: user=0.00 sys=0.00, real=0.00 secs] 
{Heap before GC invocations=72 (full 11):
 par new generation   total 6144K, used 5239K [0x00000000fec00000, 0x00000000ff2a0000, 0x00000000ff2a0000)
  eden space 5504K,  95% used [0x00000000fec00000, 0x00000000ff11b5e8, 0x00000000ff160000)
  from space 640K,   1% used [0x00000000ff200000, 0x00000000ff202850, 0x00000000ff2a0000)
  to   space 640K,   0% used [0x00000000ff160000, 0x00000000ff160000, 0x00000000ff200000)
 concurrent mark-sweep generation total 13696K, used 1888K [0x00000000ff2a0000, 0x0000000100000000, 0x0000000100000000)
 Metaspace       used 4496K, capacity 4794K, committed 4992K, reserved 1056768K
  class space    used 495K, capacity 533K, committed 640K, reserved 1048576K
2024-07-16T18:26:13.798+0800: 0.602: [GC (Allocation Failure) 2024-07-16T18:26:13.798+0800: 0.602: [ParNew: 5239K->4K(6144K), 0.0002744 secs] 7128K->1892K(19840K), 0.0003802 secs] [Times: user=0.00 sys=0.00, real=0.00 secs] 
Heap after GC invocations=73 (full 11):
 par new generation   total 6144K, used 4K [0x00000000fec00000, 0x00000000ff2a0000, 0x00000000ff2a0000)
  eden space 5504K,   0% used [0x00000000fec00000, 0x00000000fec00000, 0x00000000ff160000)
  from space 640K,   0% used [0x00000000ff160000, 0x00000000ff161020, 0x00000000ff200000)
  to   space 640K,   0% used [0x00000000ff200000, 0x00000000ff200000, 0x00000000ff2a0000)
 concurrent mark-sweep generation total 13696K, used 1888K [0x00000000ff2a0000, 0x0000000100000000, 0x0000000100000000)
 Metaspace       used 4496K, capacity 4794K, committed 4992K, reserved 1056768K
  class space    used 495K, capacity 533K, committed 640K, reserved 1048576K
}
{Heap before GC invocations=73 (full 11):
 par new generation   total 6144K, used 5226K [0x00000000fec00000, 0x00000000ff2a0000, 0x00000000ff2a0000)
  eden space 5504K,  94% used [0x00000000fec00000, 0x00000000ff1198c0, 0x00000000ff160000)
  from space 640K,   0% used [0x00000000ff160000, 0x00000000ff161020, 0x00000000ff200000)
  to   space 640K,   0% used [0x00000000ff200000, 0x00000000ff200000, 0x00000000ff2a0000)
 concurrent mark-sweep generation total 13696K, used 1888K [0x00000000ff2a0000, 0x0000000100000000, 0x0000000100000000)
 Metaspace       used 4496K, capacity 4794K, committed 4992K, reserved 1056768K
  class space    used 495K, capacity 533K, committed 640K, reserved 1048576K
2024-07-16T18:26:13.805+0800: 0.609: [GC (Allocation Failure) 2024-07-16T18:26:13.805+0800: 0.609: [ParNew: 5226K->8K(6144K), 0.0003848 secs] 7115K->2921K(19840K), 0.0004284 secs] [Times: user=0.00 sys=0.00, real=0.00 secs] 
Heap after GC invocations=74 (full 11):
 par new generation   total 6144K, used 8K [0x00000000fec00000, 0x00000000ff2a0000, 0x00000000ff2a0000)
  eden space 5504K,   0% used [0x00000000fec00000, 0x00000000fec00000, 0x00000000ff160000)
  from space 640K,   1% used [0x00000000ff200000, 0x00000000ff202040, 0x00000000ff2a0000)
  to   space 640K,   0% used [0x00000000ff160000, 0x00000000ff160000, 0x00000000ff200000)
 concurrent mark-sweep generation total 13696K, used 2912K [0x00000000ff2a0000, 0x0000000100000000, 0x0000000100000000)
 Metaspace       used 4496K, capacity 4794K, committed 4992K, reserved 1056768K
  class space    used 495K, capacity 533K, committed 640K, reserved 1048576K
}
{Heap before GC invocations=74 (full 11):
 par new generation   total 6144K, used 5233K [0x00000000fec00000, 0x00000000ff2a0000, 0x00000000ff2a0000)
  eden space 5504K,  94% used [0x00000000fec00000, 0x00000000ff11a3e0, 0x00000000ff160000)
  from space 640K,   1% used [0x00000000ff200000, 0x00000000ff202040, 0x00000000ff2a0000)
  to   space 640K,   0% used [0x00000000ff160000, 0x00000000ff160000, 0x00000000ff200000)
 concurrent mark-sweep generation total 13696K, used 2912K [0x00000000ff2a0000, 0x0000000100000000, 0x0000000100000000)
 Metaspace       used 4496K, capacity 4794K, committed 4992K, reserved 1056768K
  class space    used 495K, capacity 533K, committed 640K, reserved 1048576K
2024-07-16T18:26:13.813+0800: 0.617: [GC (Allocation Failure) 2024-07-16T18:26:13.813+0800: 0.617: [ParNew: 5233K->8K(6144K), 0.0003734 secs] 8146K->3945K(19840K), 0.0004121 secs] [Times: user=0.00 sys=0.00, real=0.00 secs] 
Heap after GC invocations=75 (full 11):
 par new generation   total 6144K, used 8K [0x00000000fec00000, 0x00000000ff2a0000, 0x00000000ff2a0000)
  eden space 5504K,   0% used [0x00000000fec00000, 0x00000000fec00000, 0x00000000ff160000)
  from space 640K,   1% used [0x00000000ff160000, 0x00000000ff162040, 0x00000000ff200000)
  to   space 640K,   0% used [0x00000000ff200000, 0x00000000ff200000, 0x00000000ff2a0000)
 concurrent mark-sweep generation total 13696K, used 3936K [0x00000000ff2a0000, 0x0000000100000000, 0x0000000100000000)
 Metaspace       used 4496K, capacity 4794K, committed 4992K, reserved 1056768K
  class space    used 495K, capacity 533K, committed 640K, reserved 1048576K
}
{Heap before GC invocations=75 (full 11):
 par new generation   total 6144K, used 5234K [0x00000000fec00000, 0x00000000ff2a0000, 0x00000000ff2a0000)
  eden space 5504K,  94% used [0x00000000fec00000, 0x00000000ff11ab10, 0x00000000ff160000)
  from space 640K,   1% used [0x00000000ff160000, 0x00000000ff162040, 0x00000000ff200000)
  to   space 640K,   0% used [0x00000000ff200000, 0x00000000ff200000, 0x00000000ff2a0000)
 concurrent mark-sweep generation total 13696K, used 3936K [0x00000000ff2a0000, 0x0000000100000000, 0x0000000100000000)
 Metaspace       used 4496K, capacity 4794K, committed 4992K, reserved 1056768K
  class space    used 495K, capacity 533K, committed 640K, reserved 1048576K
2024-07-16T18:26:13.819+0800: 0.623: [GC (Allocation Failure) 2024-07-16T18:26:13.819+0800: 0.623: [ParNew: 5234K->6K(6144K), 0.0003822 secs] 9171K->4967K(19840K), 0.0004281 secs] [Times: user=0.00 sys=0.00, real=0.00 secs] 
Heap after GC invocations=76 (full 11):
 par new generation   total 6144K, used 6K [0x00000000fec00000, 0x00000000ff2a0000, 0x00000000ff2a0000)
  eden space 5504K,   0% used [0x00000000fec00000, 0x00000000fec00000, 0x00000000ff160000)
  from space 640K,   0% used [0x00000000ff200000, 0x00000000ff201830, 0x00000000ff2a0000)
  to   space 640K,   0% used [0x00000000ff160000, 0x00000000ff160000, 0x00000000ff200000)
 concurrent mark-sweep generation total 13696K, used 4961K [0x00000000ff2a0000, 0x0000000100000000, 0x0000000100000000)
 Metaspace       used 4496K, capacity 4794K, committed 4992K, reserved 1056768K
  class space    used 495K, capacity 533K, committed 640K, reserved 1048576K
}
{Heap before GC invocations=76 (full 11):
 par new generation   total 6144K, used 5233K [0x00000000fec00000, 0x00000000ff2a0000, 0x00000000ff2a0000)
  eden space 5504K,  94% used [0x00000000fec00000, 0x00000000ff11afa8, 0x00000000ff160000)
  from space 640K,   0% used [0x00000000ff200000, 0x00000000ff201830, 0x00000000ff2a0000)
  to   space 640K,   0% used [0x00000000ff160000, 0x00000000ff160000, 0x00000000ff200000)
 concurrent mark-sweep generation total 13696K, used 4961K [0x00000000ff2a0000, 0x0000000100000000, 0x0000000100000000)
 Metaspace       used 4497K, capacity 4794K, committed 4992K, reserved 1056768K
  class space    used 495K, capacity 533K, committed 640K, reserved 1048576K
2024-07-16T18:26:13.826+0800: 0.630: [GC (Allocation Failure) 2024-07-16T18:26:13.826+0800: 0.630: [ParNew: 5233K->4K(6144K), 0.0003050 secs] 10194K->4965K(19840K), 0.0003566 secs] [Times: user=0.00 sys=0.00, real=0.00 secs] 
Heap after GC invocations=77 (full 11):
 par new generation   total 6144K, used 4K [0x00000000fec00000, 0x00000000ff2a0000, 0x00000000ff2a0000)
  eden space 5504K,   0% used [0x00000000fec00000, 0x00000000fec00000, 0x00000000ff160000)
  from space 640K,   0% used [0x00000000ff160000, 0x00000000ff161020, 0x00000000ff200000)
  to   space 640K,   0% used [0x00000000ff200000, 0x00000000ff200000, 0x00000000ff2a0000)
 concurrent mark-sweep generation total 13696K, used 4961K [0x00000000ff2a0000, 0x0000000100000000, 0x0000000100000000)
 Metaspace       used 4497K, capacity 4794K, committed 4992K, reserved 1056768K
  class space    used 495K, capacity 533K, committed 640K, reserved 1048576K
}
{Heap before GC invocations=77 (full 11):
 par new generation   total 6144K, used 5232K [0x00000000fec00000, 0x00000000ff2a0000, 0x00000000ff2a0000)
  eden space 5504K,  94% used [0x00000000fec00000, 0x00000000ff11b2a0, 0x00000000ff160000)
  from space 640K,   0% used [0x00000000ff160000, 0x00000000ff161020, 0x00000000ff200000)
  to   space 640K,   0% used [0x00000000ff200000, 0x00000000ff200000, 0x00000000ff2a0000)
 concurrent mark-sweep generation total 13696K, used 4961K [0x00000000ff2a0000, 0x0000000100000000, 0x0000000100000000)
 Metaspace       used 4497K, capacity 4794K, committed 4992K, reserved 1056768K
  class space    used 495K, capacity 533K, committed 640K, reserved 1048576K
2024-07-16T18:26:13.834+0800: 0.638: [GC (Allocation Failure) 2024-07-16T18:26:13.834+0800: 0.638: [ParNew: 5232K->10K(6144K), 0.0003817 secs] 10193K->5995K(19840K), 0.0004676 secs] [Times: user=0.00 sys=0.00, real=0.00 secs] 
Heap after GC invocations=78 (full 11):
 par new generation   total 6144K, used 10K [0x00000000fec00000, 0x00000000ff2a0000, 0x00000000ff2a0000)
  eden space 5504K,   0% used [0x00000000fec00000, 0x00000000fec00000, 0x00000000ff160000)
  from space 640K,   1% used [0x00000000ff200000, 0x00000000ff202850, 0x00000000ff2a0000)
  to   space 640K,   0% used [0x00000000ff160000, 0x00000000ff160000, 0x00000000ff200000)
 concurrent mark-sweep generation total 13696K, used 5985K [0x00000000ff2a0000, 0x0000000100000000, 0x0000000100000000)
 Metaspace       used 4497K, capacity 4794K, committed 4992K, reserved 1056768K
  class space    used 495K, capacity 533K, committed 640K, reserved 1048576K
}
{Heap before GC invocations=78 (full 11):
 par new generation   total 6144K, used 5239K [0x00000000fec00000, 0x00000000ff2a0000, 0x00000000ff2a0000)
  eden space 5504K,  95% used [0x00000000fec00000, 0x00000000ff11b488, 0x00000000ff160000)
  from space 640K,   1% used [0x00000000ff200000, 0x00000000ff202850, 0x00000000ff2a0000)
  to   space 640K,   0% used [0x00000000ff160000, 0x00000000ff160000, 0x00000000ff200000)
 concurrent mark-sweep generation total 13696K, used 5985K [0x00000000ff2a0000, 0x0000000100000000, 0x0000000100000000)
 Metaspace       used 4497K, capacity 4794K, committed 4992K, reserved 1056768K
  class space    used 495K, capacity 533K, committed 640K, reserved 1048576K
2024-07-16T18:26:13.841+0800: 0.645: [GC (Allocation Failure) 2024-07-16T18:26:13.841+0800: 0.645: [ParNew: 5239K->10K(6144K), 0.0003985 secs] 11224K->7019K(19840K), 0.0004490 secs] [Times: user=0.00 sys=0.00, real=0.00 secs] 
Heap after GC invocations=79 (full 11):
 par new generation   total 6144K, used 10K [0x00000000fec00000, 0x00000000ff2a0000, 0x00000000ff2a0000)
  eden space 5504K,   0% used [0x00000000fec00000, 0x00000000fec00000, 0x00000000ff160000)
  from space 640K,   1% used [0x00000000ff160000, 0x00000000ff162850, 0x00000000ff200000)
  to   space 640K,   0% used [0x00000000ff200000, 0x00000000ff200000, 0x00000000ff2a0000)
 concurrent mark-sweep generation total 13696K, used 7009K [0x00000000ff2a0000, 0x0000000100000000, 0x0000000100000000)
 Metaspace       used 4497K, capacity 4794K, committed 4992K, reserved 1056768K
  class space    used 495K, capacity 533K, committed 640K, reserved 1048576K
}
{Heap before GC invocations=79 (full 11):
 par new generation   total 6144K, used 5239K [0x00000000fec00000, 0x00000000ff2a0000, 0x00000000ff2a0000)
  eden space 5504K,  95% used [0x00000000fec00000, 0x00000000ff11b5c0, 0x00000000ff160000)
  from space 640K,   1% used [0x00000000ff160000, 0x00000000ff162850, 0x00000000ff200000)
  to   space 640K,   0% used [0x00000000ff200000, 0x00000000ff200000, 0x00000000ff2a0000)
 concurrent mark-sweep generation total 13696K, used 7009K [0x00000000ff2a0000, 0x0000000100000000, 0x0000000100000000)
 Metaspace       used 4500K, capacity 4794K, committed 4992K, reserved 1056768K
  class space    used 495K, capacity 533K, committed 640K, reserved 1048576K
2024-07-16T18:26:13.848+0800: 0.652: [GC (Allocation Failure) 2024-07-16T18:26:13.848+0800: 0.652: [ParNew: 5239K->12K(6144K), 0.0005020 secs] 12248K->9069K(19840K), 0.0005387 secs] [Times: user=0.00 sys=0.00, real=0.00 secs] 
Heap after GC invocations=80 (full 11):
 par new generation   total 6144K, used 12K [0x00000000fec00000, 0x00000000ff2a0000, 0x00000000ff2a0000)
  eden space 5504K,   0% used [0x00000000fec00000, 0x00000000fec00000, 0x00000000ff160000)
  from space 640K,   1% used [0x00000000ff200000, 0x00000000ff2030f8, 0x00000000ff2a0000)
  to   space 640K,   0% used [0x00000000ff160000, 0x00000000ff160000, 0x00000000ff200000)
 concurrent mark-sweep generation total 13696K, used 9057K [0x00000000ff2a0000, 0x0000000100000000, 0x0000000100000000)
 Metaspace       used 4500K, capacity 4794K, committed 4992K, reserved 1056768K
  class space    used 495K, capacity 533K, committed 640K, reserved 1048576K
}
2024-07-16T18:26:13.848+0800: 0.653: [GC (CMS Initial Mark) [1 CMS-initial-mark: 9057K(13696K)] 10093K(19840K), 0.0001183 secs] [Times: user=0.00 sys=0.00, real=0.00 secs] 
2024-07-16T18:26:13.848+0800: 0.653: [CMS-concurrent-mark-start]
2024-07-16T18:26:13.850+0800: 0.654: [CMS-concurrent-mark: 0.001/0.001 secs] [Times: user=0.00 sys=0.00, real=0.00 secs] 
2024-07-16T18:26:13.850+0800: 0.654: [CMS-concurrent-preclean-start]
2024-07-16T18:26:13.850+0800: 0.654: [CMS-concurrent-preclean: 0.000/0.000 secs] [Times: user=0.00 sys=0.00, real=0.00 secs] 
2024-07-16T18:26:13.850+0800: 0.654: [CMS-concurrent-abortable-preclean-start]
{Heap before GC invocations=80 (full 12):
 par new generation   total 6144K, used 5241K [0x00000000fec00000, 0x00000000ff2a0000, 0x00000000ff2a0000)
  eden space 5504K,  95% used [0x00000000fec00000, 0x00000000ff11b688, 0x00000000ff160000)
  from space 640K,   1% used [0x00000000ff200000, 0x00000000ff2030f8, 0x00000000ff2a0000)
  to   space 640K,   0% used [0x00000000ff160000, 0x00000000ff160000, 0x00000000ff200000)
 concurrent mark-sweep generation total 13696K, used 9057K [0x00000000ff2a0000, 0x0000000100000000, 0x0000000100000000)
 Metaspace       used 4500K, capacity 4794K, committed 4992K, reserved 1056768K
  class space    used 495K, capacity 533K, committed 640K, reserved 1048576K
2024-07-16T18:26:13.856+0800: 0.660: [GC (Allocation Failure) 2024-07-16T18:26:13.856+0800: 0.660: [ParNew: 5241K->12K(6144K), 0.0005778 secs] 14298K->11117K(19840K), 0.0006243 secs] [Times: user=0.00 sys=0.00, real=0.00 secs] 
Heap after GC invocations=81 (full 12):
 par new generation   total 6144K, used 12K [0x00000000fec00000, 0x00000000ff2a0000, 0x00000000ff2a0000)
  eden space 5504K,   0% used [0x00000000fec00000, 0x00000000fec00000, 0x00000000ff160000)
  from space 640K,   1% used [0x00000000ff160000, 0x00000000ff1630f8, 0x00000000ff200000)
  to   space 640K,   0% used [0x00000000ff200000, 0x00000000ff200000, 0x00000000ff2a0000)
 concurrent mark-sweep generation total 13696K, used 11105K [0x00000000ff2a0000, 0x0000000100000000, 0x0000000100000000)
 Metaspace       used 4500K, capacity 4794K, committed 4992K, reserved 1056768K
  class space    used 495K, capacity 533K, committed 640K, reserved 1048576K
}
{Heap before GC invocations=81 (full 12):
 par new generation   total 6144K, used 5242K [0x00000000fec00000, 0x00000000ff2a0000, 0x00000000ff2a0000)
  eden space 5504K,  95% used [0x00000000fec00000, 0x00000000ff11b718, 0x00000000ff160000)
  from space 640K,   1% used [0x00000000ff160000, 0x00000000ff1630f8, 0x00000000ff200000)
  to   space 640K,   0% used [0x00000000ff200000, 0x00000000ff200000, 0x00000000ff2a0000)
 concurrent mark-sweep generation total 13696K, used 11105K [0x00000000ff2a0000, 0x0000000100000000, 0x0000000100000000)
 Metaspace       used 4500K, capacity 4794K, committed 4992K, reserved 1056768K
  class space    used 495K, capacity 533K, committed 640K, reserved 1048576K
2024-07-16T18:26:13.863+0800: 0.667: [GC (Allocation Failure) 2024-07-16T18:26:13.863+0800: 0.667: [ParNew: 5242K->5242K(6144K), 0.0000133 secs]2024-07-16T18:26:13.863+0800: 0.667: [CMS2024-07-16T18:26:13.863+0800: 0.667: [CMS-concurrent-abortable-preclean: 0.000/0.013 secs] [Times: user=0.00 sys=0.00, real=0.01 secs] 
 (concurrent mode failure): 11105K->1869K(13696K), 0.0020492 secs] 16347K->1869K(19840K), [Metaspace: 4500K->4500K(1056768K)], 0.0021581 secs] [Times: user=0.00 sys=0.00, real=0.00 secs] 
Heap after GC invocations=82 (full 13):
 par new generation   total 6144K, used 0K [0x00000000fec00000, 0x00000000ff2a0000, 0x00000000ff2a0000)
  eden space 5504K,   0% used [0x00000000fec00000, 0x00000000fec00000, 0x00000000ff160000)
  from space 640K,   0% used [0x00000000ff160000, 0x00000000ff160000, 0x00000000ff200000)
  to   space 640K,   0% used [0x00000000ff200000, 0x00000000ff200000, 0x00000000ff2a0000)
 concurrent mark-sweep generation total 13696K, used 1869K [0x00000000ff2a0000, 0x0000000100000000, 0x0000000100000000)
 Metaspace       used 4500K, capacity 4794K, committed 4992K, reserved 1056768K
  class space    used 495K, capacity 533K, committed 640K, reserved 1048576K
}
{Heap before GC invocations=82 (full 13):
 par new generation   total 6144K, used 5229K [0x00000000fec00000, 0x00000000ff2a0000, 0x00000000ff2a0000)
  eden space 5504K,  95% used [0x00000000fec00000, 0x00000000ff11b768, 0x00000000ff160000)
  from space 640K,   0% used [0x00000000ff160000, 0x00000000ff160000, 0x00000000ff200000)
  to   space 640K,   0% used [0x00000000ff200000, 0x00000000ff200000, 0x00000000ff2a0000)
 concurrent mark-sweep generation total 13696K, used 1869K [0x00000000ff2a0000, 0x0000000100000000, 0x0000000100000000)
 Metaspace       used 4500K, capacity 4794K, committed 4992K, reserved 1056768K
  class space    used 495K, capacity 533K, committed 640K, reserved 1048576K
2024-07-16T18:26:13.872+0800: 0.676: [GC (Allocation Failure) 2024-07-16T18:26:13.872+0800: 0.676: [ParNew: 5229K->6K(6144K), 0.0003656 secs] 7099K->2901K(19840K), 0.0004063 secs] [Times: user=0.00 sys=0.00, real=0.00 secs] 
Heap after GC invocations=83 (full 13):
 par new generation   total 6144K, used 6K [0x00000000fec00000, 0x00000000ff2a0000, 0x00000000ff2a0000)
  eden space 5504K,   0% used [0x00000000fec00000, 0x00000000fec00000, 0x00000000ff160000)
  from space 640K,   0% used [0x00000000ff200000, 0x00000000ff201830, 0x00000000ff2a0000)
  to   space 640K,   0% used [0x00000000ff160000, 0x00000000ff160000, 0x00000000ff200000)
 concurrent mark-sweep generation total 13696K, used 2895K [0x00000000ff2a0000, 0x0000000100000000, 0x0000000100000000)
 Metaspace       used 4500K, capacity 4794K, committed 4992K, reserved 1056768K
  class space    used 495K, capacity 533K, committed 640K, reserved 1048576K
}
{Heap before GC invocations=83 (full 13):
 par new generation   total 6144K, used 5235K [0x00000000fec00000, 0x00000000ff2a0000, 0x00000000ff2a0000)
  eden space 5504K,  95% used [0x00000000fec00000, 0x00000000ff11b798, 0x00000000ff160000)
  from space 640K,   0% used [0x00000000ff200000, 0x00000000ff201830, 0x00000000ff2a0000)
  to   space 640K,   0% used [0x00000000ff160000, 0x00000000ff160000, 0x00000000ff200000)
 concurrent mark-sweep generation total 13696K, used 2895K [0x00000000ff2a0000, 0x0000000100000000, 0x0000000100000000)
 Metaspace       used 4512K, capacity 4794K, committed 4992K, reserved 1056768K
  class space    used 495K, capacity 533K, committed 640K, reserved 1048576K
2024-07-16T18:26:13.879+0800: 0.683: [GC (Allocation Failure) 2024-07-16T18:26:13.879+0800: 0.683: [ParNew: 5235K->8K(6144K), 0.0004039 secs] 8131K->3929K(19840K), 0.0004476 secs] [Times: user=0.00 sys=0.00, real=0.00 secs] 
Heap after GC invocations=84 (full 13):
 par new generation   total 6144K, used 8K [0x00000000fec00000, 0x00000000ff2a0000, 0x00000000ff2a0000)
  eden space 5504K,   0% used [0x00000000fec00000, 0x00000000fec00000, 0x00000000ff160000)
  from space 640K,   1% used [0x00000000ff160000, 0x00000000ff162040, 0x00000000ff200000)
  to   space 640K,   0% used [0x00000000ff200000, 0x00000000ff200000, 0x00000000ff2a0000)
 concurrent mark-sweep generation total 13696K, used 3921K [0x00000000ff2a0000, 0x0000000100000000, 0x0000000100000000)
 Metaspace       used 4512K, capacity 4794K, committed 4992K, reserved 1056768K
  class space    used 495K, capacity 533K, committed 640K, reserved 1048576K
}
{Heap before GC invocations=84 (full 13):
 par new generation   total 6144K, used 5237K [0x00000000fec00000, 0x00000000ff2a0000, 0x00000000ff2a0000)
  eden space 5504K,  95% used [0x00000000fec00000, 0x00000000ff11b740, 0x00000000ff160000)
  from space 640K,   1% used [0x00000000ff160000, 0x00000000ff162040, 0x00000000ff200000)
  to   space 640K,   0% used [0x00000000ff200000, 0x00000000ff200000, 0x00000000ff2a0000)
 concurrent mark-sweep generation total 13696K, used 3921K [0x00000000ff2a0000, 0x0000000100000000, 0x0000000100000000)
 Metaspace       used 4512K, capacity 4794K, committed 4992K, reserved 1056768K
  class space    used 495K, capacity 533K, committed 640K, reserved 1048576K
2024-07-16T18:26:13.888+0800: 0.692: [GC (Allocation Failure) 2024-07-16T18:26:13.888+0800: 0.692: [ParNew: 5237K->8K(6144K), 0.0003778 secs] 9159K->4955K(19840K), 0.0004611 secs] [Times: user=0.00 sys=0.00, real=0.00 secs] 
Heap after GC invocations=85 (full 13):
 par new generation   total 6144K, used 8K [0x00000000fec00000, 0x00000000ff2a0000, 0x00000000ff2a0000)
  eden space 5504K,   0% used [0x00000000fec00000, 0x00000000fec00000, 0x00000000ff160000)
  from space 640K,   1% used [0x00000000ff200000, 0x00000000ff202040, 0x00000000ff2a0000)
  to   space 640K,   0% used [0x00000000ff160000, 0x00000000ff160000, 0x00000000ff200000)
 concurrent mark-sweep generation total 13696K, used 4947K [0x00000000ff2a0000, 0x0000000100000000, 0x0000000100000000)
 Metaspace       used 4512K, capacity 4794K, committed 4992K, reserved 1056768K
  class space    used 495K, capacity 533K, committed 640K, reserved 1048576K
}
{Heap before GC invocations=85 (full 13):
 par new generation   total 6144K, used 5238K [0x00000000fec00000, 0x00000000ff2a0000, 0x00000000ff2a0000)
  eden space 5504K,  95% used [0x00000000fec00000, 0x00000000ff11ba90, 0x00000000ff160000)
  from space 640K,   1% used [0x00000000ff200000, 0x00000000ff202040, 0x00000000ff2a0000)
  to   space 640K,   0% used [0x00000000ff160000, 0x00000000ff160000, 0x00000000ff200000)
 concurrent mark-sweep generation total 13696K, used 4947K [0x00000000ff2a0000, 0x0000000100000000, 0x0000000100000000)
 Metaspace       used 4512K, capacity 4794K, committed 4992K, reserved 1056768K
  class space    used 495K, capacity 533K, committed 640K, reserved 1048576K
2024-07-16T18:26:13.895+0800: 0.699: [GC (Allocation Failure) 2024-07-16T18:26:13.895+0800: 0.699: [ParNew: 5238K->10K(6144K), 0.0003706 secs] 10186K->5983K(19840K), 0.0004115 secs] [Times: user=0.00 sys=0.00, real=0.00 secs] 
Heap after GC invocations=86 (full 13):
 par new generation   total 6144K, used 10K [0x00000000fec00000, 0x00000000ff2a0000, 0x00000000ff2a0000)
  eden space 5504K,   0% used [0x00000000fec00000, 0x00000000fec00000, 0x00000000ff160000)
  from space 640K,   1% used [0x00000000ff160000, 0x00000000ff162850, 0x00000000ff200000)
  to   space 640K,   0% used [0x00000000ff200000, 0x00000000ff200000, 0x00000000ff2a0000)
 concurrent mark-sweep generation total 13696K, used 5973K [0x00000000ff2a0000, 0x0000000100000000, 0x0000000100000000)
 Metaspace       used 4512K, capacity 4794K, committed 4992K, reserved 1056768K
  class space    used 495K, capacity 533K, committed 640K, reserved 1048576K
}
{Heap before GC invocations=86 (full 13):
 par new generation   total 6144K, used 5240K [0x00000000fec00000, 0x00000000ff2a0000, 0x00000000ff2a0000)
  eden space 5504K,  95% used [0x00000000fec00000, 0x00000000ff11b978, 0x00000000ff160000)
  from space 640K,   1% used [0x00000000ff160000, 0x00000000ff162850, 0x00000000ff200000)
  to   space 640K,   0% used [0x00000000ff200000, 0x00000000ff200000, 0x00000000ff2a0000)
 concurrent mark-sweep generation total 13696K, used 5973K [0x00000000ff2a0000, 0x0000000100000000, 0x0000000100000000)
 Metaspace       used 4512K, capacity 4794K, committed 4992K, reserved 1056768K
  class space    used 495K, capacity 533K, committed 640K, reserved 1048576K
2024-07-16T18:26:13.903+0800: 0.707: [GC (Allocation Failure) 2024-07-16T18:26:13.903+0800: 0.707: [ParNew: 5240K->8K(6144K), 0.0003680 secs] 11214K->7007K(19840K), 0.0004533 secs] [Times: user=0.00 sys=0.00, real=0.00 secs] 
Heap after GC invocations=87 (full 13):
 par new generation   total 6144K, used 8K [0x00000000fec00000, 0x00000000ff2a0000, 0x00000000ff2a0000)
  eden space 5504K,   0% used [0x00000000fec00000, 0x00000000fec00000, 0x00000000ff160000)
  from space 640K,   1% used [0x00000000ff200000, 0x00000000ff202040, 0x00000000ff2a0000)
  to   space 640K,   0% used [0x00000000ff160000, 0x00000000ff160000, 0x00000000ff200000)
 concurrent mark-sweep generation total 13696K, used 6999K [0x00000000ff2a0000, 0x0000000100000000, 0x0000000100000000)
 Metaspace       used 4512K, capacity 4794K, committed 4992K, reserved 1056768K
  class space    used 495K, capacity 533K, committed 640K, reserved 1048576K
}
{Heap before GC invocations=87 (full 13):
 par new generation   total 6144K, used 5238K [0x00000000fec00000, 0x00000000ff2a0000, 0x00000000ff2a0000)
  eden space 5504K,  95% used [0x00000000fec00000, 0x00000000ff11b8c0, 0x00000000ff160000)
  from space 640K,   1% used [0x00000000ff200000, 0x00000000ff202040, 0x00000000ff2a0000)
  to   space 640K,   0% used [0x00000000ff160000, 0x00000000ff160000, 0x00000000ff200000)
 concurrent mark-sweep generation total 13696K, used 6999K [0x00000000ff2a0000, 0x0000000100000000, 0x0000000100000000)
 Metaspace       used 4512K, capacity 4794K, committed 4992K, reserved 1056768K
  class space    used 495K, capacity 533K, committed 640K, reserved 1048576K
2024-07-16T18:26:13.911+0800: 0.715: [GC (Allocation Failure) 2024-07-16T18:26:13.911+0800: 0.715: [ParNew: 5238K->4K(6144K), 0.0002866 secs] 12237K->7003K(19840K), 0.0003300 secs] [Times: user=0.00 sys=0.00, real=0.00 secs] 
Heap after GC invocations=88 (full 13):
 par new generation   total 6144K, used 4K [0x00000000fec00000, 0x00000000ff2a0000, 0x00000000ff2a0000)
  eden space 5504K,   0% used [0x00000000fec00000, 0x00000000fec00000, 0x00000000ff160000)
  from space 640K,   0% used [0x00000000ff160000, 0x00000000ff161020, 0x00000000ff200000)
  to   space 640K,   0% used [0x00000000ff200000, 0x00000000ff200000, 0x00000000ff2a0000)
 concurrent mark-sweep generation total 13696K, used 6999K [0x00000000ff2a0000, 0x0000000100000000, 0x0000000100000000)
 Metaspace       used 4512K, capacity 4794K, committed 4992K, reserved 1056768K
  class space    used 495K, capacity 533K, committed 640K, reserved 1048576K
}
{Heap before GC invocations=88 (full 13):
 par new generation   total 6144K, used 5234K [0x00000000fec00000, 0x00000000ff2a0000, 0x00000000ff2a0000)
  eden space 5504K,  95% used [0x00000000fec00000, 0x00000000ff11b850, 0x00000000ff160000)
  from space 640K,   0% used [0x00000000ff160000, 0x00000000ff161020, 0x00000000ff200000)
  to   space 640K,   0% used [0x00000000ff200000, 0x00000000ff200000, 0x00000000ff2a0000)
 concurrent mark-sweep generation total 13696K, used 6999K [0x00000000ff2a0000, 0x0000000100000000, 0x0000000100000000)
 Metaspace       used 4512K, capacity 4794K, committed 4992K, reserved 1056768K
  class space    used 495K, capacity 533K, committed 640K, reserved 1048576K
2024-07-16T18:26:13.918+0800: 0.722: [GC (Allocation Failure) 2024-07-16T18:26:13.918+0800: 0.722: [ParNew: 5234K->8K(6144K), 0.0003870 secs] 12233K->8031K(19840K), 0.0004259 secs] [Times: user=0.00 sys=0.00, real=0.00 secs] 
Heap after GC invocations=89 (full 13):
 par new generation   total 6144K, used 8K [0x00000000fec00000, 0x00000000ff2a0000, 0x00000000ff2a0000)
  eden space 5504K,   0% used [0x00000000fec00000, 0x00000000fec00000, 0x00000000ff160000)
  from space 640K,   1% used [0x00000000ff200000, 0x00000000ff202040, 0x00000000ff2a0000)
  to   space 640K,   0% used [0x00000000ff160000, 0x00000000ff160000, 0x00000000ff200000)
 concurrent mark-sweep generation total 13696K, used 8023K [0x00000000ff2a0000, 0x0000000100000000, 0x0000000100000000)
 Metaspace       used 4512K, capacity 4794K, committed 4992K, reserved 1056768K
  class space    used 495K, capacity 533K, committed 640K, reserved 1048576K
}
{Heap before GC invocations=89 (full 13):
 par new generation   total 6144K, used 5238K [0x00000000fec00000, 0x00000000ff2a0000, 0x00000000ff2a0000)
  eden space 5504K,  95% used [0x00000000fec00000, 0x00000000ff11b800, 0x00000000ff160000)
  from space 640K,   1% used [0x00000000ff200000, 0x00000000ff202040, 0x00000000ff2a0000)
  to   space 640K,   0% used [0x00000000ff160000, 0x00000000ff160000, 0x00000000ff200000)
 concurrent mark-sweep generation total 13696K, used 8023K [0x00000000ff2a0000, 0x0000000100000000, 0x0000000100000000)
 Metaspace       used 4512K, capacity 4794K, committed 4992K, reserved 1056768K
  class space    used 495K, capacity 533K, committed 640K, reserved 1048576K
2024-07-16T18:26:13.926+0800: 0.730: [GC (Allocation Failure) 2024-07-16T18:26:13.926+0800: 0.730: [ParNew: 5238K->6K(6144K), 0.0004504 secs] 13261K->9055K(19840K), 0.0005443 secs] [Times: user=0.00 sys=0.00, real=0.00 secs] 
Heap after GC invocations=90 (full 13):
 par new generation   total 6144K, used 6K [0x00000000fec00000, 0x00000000ff2a0000, 0x00000000ff2a0000)
  eden space 5504K,   0% used [0x00000000fec00000, 0x00000000fec00000, 0x00000000ff160000)
  from space 640K,   0% used [0x00000000ff160000, 0x00000000ff161830, 0x00000000ff200000)
  to   space 640K,   0% used [0x00000000ff200000, 0x00000000ff200000, 0x00000000ff2a0000)
 concurrent mark-sweep generation total 13696K, used 9049K [0x00000000ff2a0000, 0x0000000100000000, 0x0000000100000000)
 Metaspace       used 4512K, capacity 4794K, committed 4992K, reserved 1056768K
  class space    used 495K, capacity 533K, committed 640K, reserved 1048576K
}
2024-07-16T18:26:13.926+0800: 0.731: [GC (CMS Initial Mark) [1 CMS-initial-mark: 9049K(13696K)] 10079K(19840K), 0.0003129 secs] [Times: user=0.00 sys=0.00, real=0.00 secs] 
2024-07-16T18:26:13.927+0800: 0.731: [CMS-concurrent-mark-start]
2024-07-16T18:26:13.928+0800: 0.732: [CMS-concurrent-mark: 0.001/0.001 secs] [Times: user=0.00 sys=0.00, real=0.00 secs] 
2024-07-16T18:26:13.928+0800: 0.732: [CMS-concurrent-preclean-start]
2024-07-16T18:26:13.928+0800: 0.732: [CMS-concurrent-preclean: 0.000/0.000 secs] [Times: user=0.00 sys=0.00, real=0.00 secs] 
2024-07-16T18:26:13.928+0800: 0.733: [GC (CMS Final Remark) [YG occupancy: 1139 K (6144 K)]{Heap before GC invocations=90 (full 14):
 par new generation   total 6144K, used 1139K [0x00000000fec00000, 0x00000000ff2a0000, 0x00000000ff2a0000)
  eden space 5504K,  20% used [0x00000000fec00000, 0x00000000fed1b790, 0x00000000ff160000)
  from space 640K,   0% used [0x00000000ff160000, 0x00000000ff161830, 0x00000000ff200000)
  to   space 640K,   0% used [0x00000000ff200000, 0x00000000ff200000, 0x00000000ff2a0000)
 concurrent mark-sweep generation total 13696K, used 9049K [0x00000000ff2a0000, 0x0000000100000000, 0x0000000100000000)
 Metaspace       used 4512K, capacity 4794K, committed 4992K, reserved 1056768K
  class space    used 495K, capacity 533K, committed 640K, reserved 1048576K
2024-07-16T18:26:13.928+0800: 0.733: [GC (CMS Final Remark) 2024-07-16T18:26:13.928+0800: 0.733: [ParNew: 1139K->10K(6144K), 0.0002855 secs] 10189K->10083K(19840K), 0.0003056 secs] [Times: user=0.00 sys=0.00, real=0.00 secs] 
Heap after GC invocations=91 (full 14):
 par new generation   total 6144K, used 10K [0x00000000fec00000, 0x00000000ff2a0000, 0x00000000ff2a0000)
  eden space 5504K,   0% used [0x00000000fec00000, 0x00000000fec00000, 0x00000000ff160000)
  from space 640K,   1% used [0x00000000ff200000, 0x00000000ff202850, 0x00000000ff2a0000)
  to   space 640K,   0% used [0x00000000ff160000, 0x00000000ff160000, 0x00000000ff200000)
 concurrent mark-sweep generation total 13696K, used 10073K [0x00000000ff2a0000, 0x0000000100000000, 0x0000000100000000)
 Metaspace       used 4512K, capacity 4794K, committed 4992K, reserved 1056768K
  class space    used 495K, capacity 533K, committed 640K, reserved 1048576K
}
2024-07-16T18:26:13.928+0800: 0.733: [Rescan (parallel) , 0.0001376 secs]2024-07-16T18:26:13.928+0800: 0.733: [weak refs processing, 0.0000078 secs]2024-07-16T18:26:13.928+0800: 0.733: [class unloading, 0.0003108 secs]2024-07-16T18:26:13.929+0800: 0.733: [scrub symbol table, 0.0003102 secs]2024-07-16T18:26:13.929+0800: 0.734: [scrub string table, 0.0000621 secs][1 CMS-remark: 10073K(13696K)] 10083K(19840K), 0.0012122 secs] [Times: user=0.00 sys=0.00, real=0.00 secs] 
2024-07-16T18:26:13.929+0800: 0.734: [CMS-concurrent-sweep-start]
2024-07-16T18:26:13.929+0800: 0.734: [CMS-concurrent-sweep: 0.000/0.000 secs] [Times: user=0.00 sys=0.00, real=0.00 secs] 
2024-07-16T18:26:13.929+0800: 0.734: [CMS-concurrent-reset-start]
2024-07-16T18:26:13.929+0800: 0.734: [CMS-concurrent-reset: 0.000/0.000 secs] [Times: user=0.00 sys=0.00, real=0.00 secs] 
{Heap before GC invocations=91 (full 14):
 par new generation   total 6144K, used 5240K [0x00000000fec00000, 0x00000000ff2a0000, 0x00000000ff2a0000)
  eden space 5504K,  95% used [0x00000000fec00000, 0x00000000ff11b7d0, 0x00000000ff160000)
  from space 640K,   1% used [0x00000000ff200000, 0x00000000ff202850, 0x00000000ff2a0000)
  to   space 640K,   0% used [0x00000000ff160000, 0x00000000ff160000, 0x00000000ff200000)
 concurrent mark-sweep generation total 13696K, used 1881K [0x00000000ff2a0000, 0x0000000100000000, 0x0000000100000000)
 Metaspace       used 4512K, capacity 4794K, committed 4992K, reserved 1056768K
  class space    used 495K, capacity 533K, committed 640K, reserved 1048576K
2024-07-16T18:26:13.937+0800: 0.741: [GC (Allocation Failure) 2024-07-16T18:26:13.937+0800: 0.741: [ParNew: 5240K->4K(6144K), 0.0002771 secs] 7121K->1885K(19840K), 0.0003010 secs] [Times: user=0.00 sys=0.00, real=0.00 secs] 
Heap after GC invocations=92 (full 14):
 par new generation   total 6144K, used 4K [0x00000000fec00000, 0x00000000ff2a0000, 0x00000000ff2a0000)
  eden space 5504K,   0% used [0x00000000fec00000, 0x00000000fec00000, 0x00000000ff160000)
  from space 640K,   0% used [0x00000000ff160000, 0x00000000ff161020, 0x00000000ff200000)
  to   space 640K,   0% used [0x00000000ff200000, 0x00000000ff200000, 0x00000000ff2a0000)
 concurrent mark-sweep generation total 13696K, used 1881K [0x00000000ff2a0000, 0x0000000100000000, 0x0000000100000000)
 Metaspace       used 4512K, capacity 4794K, committed 4992K, reserved 1056768K
  class space    used 495K, capacity 533K, committed 640K, reserved 1048576K
}
{Heap before GC invocations=92 (full 14):
 par new generation   total 6144K, used 5226K [0x00000000fec00000, 0x00000000ff2a0000, 0x00000000ff2a0000)
  eden space 5504K,  94% used [0x00000000fec00000, 0x00000000ff119980, 0x00000000ff160000)
  from space 640K,   0% used [0x00000000ff160000, 0x00000000ff161020, 0x00000000ff200000)
  to   space 640K,   0% used [0x00000000ff200000, 0x00000000ff200000, 0x00000000ff2a0000)
 concurrent mark-sweep generation total 13696K, used 1881K [0x00000000ff2a0000, 0x0000000100000000, 0x0000000100000000)
 Metaspace       used 4512K, capacity 4794K, committed 4992K, reserved 1056768K
  class space    used 495K, capacity 533K, committed 640K, reserved 1048576K
2024-07-16T18:26:13.944+0800: 0.748: [GC (Allocation Failure) 2024-07-16T18:26:13.944+0800: 0.748: [ParNew: 5226K->10K(6144K), 0.0003770 secs] 7107K->2915K(19840K), 0.0004012 secs] [Times: user=0.00 sys=0.00, real=0.00 secs] 
Heap after GC invocations=93 (full 14):
 par new generation   total 6144K, used 10K [0x00000000fec00000, 0x00000000ff2a0000, 0x00000000ff2a0000)
  eden space 5504K,   0% used [0x00000000fec00000, 0x00000000fec00000, 0x00000000ff160000)
  from space 640K,   1% used [0x00000000ff200000, 0x00000000ff202850, 0x00000000ff2a0000)
  to   space 640K,   0% used [0x00000000ff160000, 0x00000000ff160000, 0x00000000ff200000)
 concurrent mark-sweep generation total 13696K, used 2905K [0x00000000ff2a0000, 0x0000000100000000, 0x0000000100000000)
 Metaspace       used 4512K, capacity 4794K, committed 4992K, reserved 1056768K
  class space    used 495K, capacity 533K, committed 640K, reserved 1048576K
}
{Heap before GC invocations=93 (full 14):
 par new generation   total 6144K, used 5235K [0x00000000fec00000, 0x00000000ff2a0000, 0x00000000ff2a0000)
  eden space 5504K,  94% used [0x00000000fec00000, 0x00000000ff11a738, 0x00000000ff160000)
  from space 640K,   1% used [0x00000000ff200000, 0x00000000ff202850, 0x00000000ff2a0000)
  to   space 640K,   0% used [0x00000000ff160000, 0x00000000ff160000, 0x00000000ff200000)
 concurrent mark-sweep generation total 13696K, used 2905K [0x00000000ff2a0000, 0x0000000100000000, 0x0000000100000000)
 Metaspace       used 4512K, capacity 4794K, committed 4992K, reserved 1056768K
  class space    used 495K, capacity 533K, committed 640K, reserved 1048576K
2024-07-16T18:26:13.951+0800: 0.755: [GC (Allocation Failure) 2024-07-16T18:26:13.951+0800: 0.755: [ParNew: 5235K->4K(6144K), 0.0003250 secs] 8141K->2909K(19840K), 0.0003741 secs] [Times: user=0.00 sys=0.00, real=0.00 secs] 
Heap after GC invocations=94 (full 14):
 par new generation   total 6144K, used 4K [0x00000000fec00000, 0x00000000ff2a0000, 0x00000000ff2a0000)
  eden space 5504K,   0% used [0x00000000fec00000, 0x00000000fec00000, 0x00000000ff160000)
  from space 640K,   0% used [0x00000000ff160000, 0x00000000ff161020, 0x00000000ff200000)
  to   space 640K,   0% used [0x00000000ff200000, 0x00000000ff200000, 0x00000000ff2a0000)
 concurrent mark-sweep generation total 13696K, used 2905K [0x00000000ff2a0000, 0x0000000100000000, 0x0000000100000000)
 Metaspace       used 4512K, capacity 4794K, committed 4992K, reserved 1056768K
  class space    used 495K, capacity 533K, committed 640K, reserved 1048576K
}
{Heap before GC invocations=94 (full 14):
 par new generation   total 6144K, used 5231K [0x00000000fec00000, 0x00000000ff2a0000, 0x00000000ff2a0000)
  eden space 5504K,  94% used [0x00000000fec00000, 0x00000000ff11ad08, 0x00000000ff160000)
  from space 640K,   0% used [0x00000000ff160000, 0x00000000ff161020, 0x00000000ff200000)
  to   space 640K,   0% used [0x00000000ff200000, 0x00000000ff200000, 0x00000000ff2a0000)
 concurrent mark-sweep generation total 13696K, used 2905K [0x00000000ff2a0000, 0x0000000100000000, 0x0000000100000000)
 Metaspace       used 4512K, capacity 4794K, committed 4992K, reserved 1056768K
  class space    used 495K, capacity 533K, committed 640K, reserved 1048576K
2024-07-16T18:26:13.958+0800: 0.762: [GC (Allocation Failure) 2024-07-16T18:26:13.958+0800: 0.762: [ParNew: 5231K->4K(6144K), 0.0004899 secs] 8136K->3933K(19840K), 0.0005257 secs] [Times: user=0.00 sys=0.00, real=0.00 secs] 
Heap after GC invocations=95 (full 14):
 par new generation   total 6144K, used 4K [0x00000000fec00000, 0x00000000ff2a0000, 0x00000000ff2a0000)
  eden space 5504K,   0% used [0x00000000fec00000, 0x00000000fec00000, 0x00000000ff160000)
  from space 640K,   0% used [0x00000000ff200000, 0x00000000ff201020, 0x00000000ff2a0000)
  to   space 640K,   0% used [0x00000000ff160000, 0x00000000ff160000, 0x00000000ff200000)
 concurrent mark-sweep generation total 13696K, used 3929K [0x00000000ff2a0000, 0x0000000100000000, 0x0000000100000000)
 Metaspace       used 4512K, capacity 4794K, committed 4992K, reserved 1056768K
  class space    used 495K, capacity 533K, committed 640K, reserved 1048576K
}
{Heap before GC invocations=95 (full 14):
 par new generation   total 6144K, used 5232K [0x00000000fec00000, 0x00000000ff2a0000, 0x00000000ff2a0000)
  eden space 5504K,  94% used [0x00000000fec00000, 0x00000000ff11b0c0, 0x00000000ff160000)
  from space 640K,   0% used [0x00000000ff200000, 0x00000000ff201020, 0x00000000ff2a0000)
  to   space 640K,   0% used [0x00000000ff160000, 0x00000000ff160000, 0x00000000ff200000)
 concurrent mark-sweep generation total 13696K, used 3929K [0x00000000ff2a0000, 0x0000000100000000, 0x0000000100000000)
 Metaspace       used 4512K, capacity 4794K, committed 4992K, reserved 1056768K
  class space    used 495K, capacity 533K, committed 640K, reserved 1048576K
2024-07-16T18:26:13.966+0800: 0.770: [GC (Allocation Failure) 2024-07-16T18:26:13.966+0800: 0.770: [ParNew: 5232K->10K(6144K), 0.0005893 secs] 9161K->4965K(19840K), 0.0006357 secs] [Times: user=0.00 sys=0.00, real=0.00 secs] 
Heap after GC invocations=96 (full 14):
 par new generation   total 6144K, used 10K [0x00000000fec00000, 0x00000000ff2a0000, 0x00000000ff2a0000)
  eden space 5504K,   0% used [0x00000000fec00000, 0x00000000fec00000, 0x00000000ff160000)
  from space 640K,   1% used [0x00000000ff160000, 0x00000000ff162850, 0x00000000ff200000)
  to   space 640K,   0% used [0x00000000ff200000, 0x00000000ff200000, 0x00000000ff2a0000)
 concurrent mark-sweep generation total 13696K, used 4955K [0x00000000ff2a0000, 0x0000000100000000, 0x0000000100000000)
 Metaspace       used 4512K, capacity 4794K, committed 4992K, reserved 1056768K
  class space    used 495K, capacity 533K, committed 640K, reserved 1048576K
}
{Heap before GC invocations=96 (full 14):
 par new generation   total 6144K, used 5238K [0x00000000fec00000, 0x00000000ff2a0000, 0x00000000ff2a0000)
  eden space 5504K,  94% used [0x00000000fec00000, 0x00000000ff11b328, 0x00000000ff160000)
  from space 640K,   1% used [0x00000000ff160000, 0x00000000ff162850, 0x00000000ff200000)
  to   space 640K,   0% used [0x00000000ff200000, 0x00000000ff200000, 0x00000000ff2a0000)
 concurrent mark-sweep generation total 13696K, used 4955K [0x00000000ff2a0000, 0x0000000100000000, 0x0000000100000000)
 Metaspace       used 4512K, capacity 4794K, committed 4992K, reserved 1056768K
  class space    used 495K, capacity 533K, committed 640K, reserved 1048576K
2024-07-16T18:26:13.974+0800: 0.778: [GC (Allocation Failure) 2024-07-16T18:26:13.974+0800: 0.778: [ParNew: 5238K->8K(6144K), 0.0012318 secs] 10194K->5987K(19840K), 0.0013275 secs] [Times: user=0.00 sys=0.00, real=0.00 secs] 
Heap after GC invocations=97 (full 14):
 par new generation   total 6144K, used 8K [0x00000000fec00000, 0x00000000ff2a0000, 0x00000000ff2a0000)
  eden space 5504K,   0% used [0x00000000fec00000, 0x00000000fec00000, 0x00000000ff160000)
  from space 640K,   1% used [0x00000000ff200000, 0x00000000ff202040, 0x00000000ff2a0000)
  to   space 640K,   0% used [0x00000000ff160000, 0x00000000ff160000, 0x00000000ff200000)
 concurrent mark-sweep generation total 13696K, used 5979K [0x00000000ff2a0000, 0x0000000100000000, 0x0000000100000000)
 Metaspace       used 4512K, capacity 4794K, committed 4992K, reserved 1056768K
  class space    used 495K, capacity 533K, committed 640K, reserved 1048576K
}
{Heap before GC invocations=97 (full 14):
 par new generation   total 6144K, used 5237K [0x00000000fec00000, 0x00000000ff2a0000, 0x00000000ff2a0000)
  eden space 5504K,  95% used [0x00000000fec00000, 0x00000000ff11b4b8, 0x00000000ff160000)
  from space 640K,   1% used [0x00000000ff200000, 0x00000000ff202040, 0x00000000ff2a0000)
  to   space 640K,   0% used [0x00000000ff160000, 0x00000000ff160000, 0x00000000ff200000)
 concurrent mark-sweep generation total 13696K, used 5979K [0x00000000ff2a0000, 0x0000000100000000, 0x0000000100000000)
 Metaspace       used 4512K, capacity 4794K, committed 4992K, reserved 1056768K
  class space    used 495K, capacity 533K, committed 640K, reserved 1048576K
2024-07-16T18:26:13.982+0800: 0.786: [GC (Allocation Failure) 2024-07-16T18:26:13.982+0800: 0.786: [ParNew: 5237K->6K(6144K), 0.0012042 secs] 11216K->5985K(19840K), 0.0012619 secs] [Times: user=0.00 sys=0.00, real=0.00 secs] 
Heap after GC invocations=98 (full 14):
 par new generation   total 6144K, used 6K [0x00000000fec00000, 0x00000000ff2a0000, 0x00000000ff2a0000)
  eden space 5504K,   0% used [0x00000000fec00000, 0x00000000fec00000, 0x00000000ff160000)
  from space 640K,   0% used [0x00000000ff160000, 0x00000000ff161830, 0x00000000ff200000)
  to   space 640K,   0% used [0x00000000ff200000, 0x00000000ff200000, 0x00000000ff2a0000)
 concurrent mark-sweep generation total 13696K, used 5979K [0x00000000ff2a0000, 0x0000000100000000, 0x0000000100000000)
 Metaspace       used 4512K, capacity 4794K, committed 4992K, reserved 1056768K
  class space    used 495K, capacity 533K, committed 640K, reserved 1048576K
}
{Heap before GC invocations=98 (full 14):
 par new generation   total 6144K, used 5235K [0x00000000fec00000, 0x00000000ff2a0000, 0x00000000ff2a0000)
  eden space 5504K,  95% used [0x00000000fec00000, 0x00000000ff11b5b0, 0x00000000ff160000)
  from space 640K,   0% used [0x00000000ff160000, 0x00000000ff161830, 0x00000000ff200000)
  to   space 640K,   0% used [0x00000000ff200000, 0x00000000ff200000, 0x00000000ff2a0000)
 concurrent mark-sweep generation total 13696K, used 5979K [0x00000000ff2a0000, 0x0000000100000000, 0x0000000100000000)
 Metaspace       used 4512K, capacity 4794K, committed 4992K, reserved 1056768K
  class space    used 495K, capacity 533K, committed 640K, reserved 1048576K
2024-07-16T18:26:13.990+0800: 0.794: [GC (Allocation Failure) 2024-07-16T18:26:13.990+0800: 0.794: [ParNew: 5235K->8K(6144K), 0.0010626 secs] 11215K->7013K(19840K), 0.0011488 secs] [Times: user=0.00 sys=0.00, real=0.00 secs] 
Heap after GC invocations=99 (full 14):
 par new generation   total 6144K, used 8K [0x00000000fec00000, 0x00000000ff2a0000, 0x00000000ff2a0000)
  eden space 5504K,   0% used [0x00000000fec00000, 0x00000000fec00000, 0x00000000ff160000)
  from space 640K,   1% used [0x00000000ff200000, 0x00000000ff202040, 0x00000000ff2a0000)
  to   space 640K,   0% used [0x00000000ff160000, 0x00000000ff160000, 0x00000000ff200000)
 concurrent mark-sweep generation total 13696K, used 7005K [0x00000000ff2a0000, 0x0000000100000000, 0x0000000100000000)
 Metaspace       used 4512K, capacity 4794K, committed 4992K, reserved 1056768K
  class space    used 495K, capacity 533K, committed 640K, reserved 1048576K
}
{Heap before GC invocations=99 (full 14):
 par new generation   total 6144K, used 5237K [0x00000000fec00000, 0x00000000ff2a0000, 0x00000000ff2a0000)
  eden space 5504K,  95% used [0x00000000fec00000, 0x00000000ff11b658, 0x00000000ff160000)
  from space 640K,   1% used [0x00000000ff200000, 0x00000000ff202040, 0x00000000ff2a0000)
  to   space 640K,   0% used [0x00000000ff160000, 0x00000000ff160000, 0x00000000ff200000)
 concurrent mark-sweep generation total 13696K, used 7005K [0x00000000ff2a0000, 0x0000000100000000, 0x0000000100000000)
 Metaspace       used 4512K, capacity 4794K, committed 4992K, reserved 1056768K
  class space    used 495K, capacity 533K, committed 640K, reserved 1048576K
2024-07-16T18:26:13.997+0800: 0.801: [GC (Allocation Failure) 2024-07-16T18:26:13.997+0800: 0.801: [ParNew: 5237K->8K(6144K), 0.0012993 secs] 12243K->8037K(19840K), 0.0013597 secs] [Times: user=0.00 sys=0.00, real=0.00 secs] 
Heap after GC invocations=100 (full 14):
 par new generation   total 6144K, used 8K [0x00000000fec00000, 0x00000000ff2a0000, 0x00000000ff2a0000)
  eden space 5504K,   0% used [0x00000000fec00000, 0x00000000fec00000, 0x00000000ff160000)
  from space 640K,   1% used [0x00000000ff160000, 0x00000000ff162040, 0x00000000ff200000)
  to   space 640K,   0% used [0x00000000ff200000, 0x00000000ff200000, 0x00000000ff2a0000)
 concurrent mark-sweep generation total 13696K, used 8029K [0x00000000ff2a0000, 0x0000000100000000, 0x0000000100000000)
 Metaspace       used 4512K, capacity 4794K, committed 4992K, reserved 1056768K
  class space    used 495K, capacity 533K, committed 640K, reserved 1048576K
}
{Heap before GC invocations=100 (full 14):
 par new generation   total 6144K, used 5237K [0x00000000fec00000, 0x00000000ff2a0000, 0x00000000ff2a0000)
  eden space 5504K,  95% used [0x00000000fec00000, 0x00000000ff11b6c0, 0x00000000ff160000)
  from space 640K,   1% used [0x00000000ff160000, 0x00000000ff162040, 0x00000000ff200000)
  to   space 640K,   0% used [0x00000000ff200000, 0x00000000ff200000, 0x00000000ff2a0000)
 concurrent mark-sweep generation total 13696K, used 8029K [0x00000000ff2a0000, 0x0000000100000000, 0x0000000100000000)
 Metaspace       used 4512K, capacity 4794K, committed 4992K, reserved 1056768K
  class space    used 495K, capacity 533K, committed 640K, reserved 1048576K
2024-07-16T18:26:14.005+0800: 0.810: [GC (Allocation Failure) 2024-07-16T18:26:14.005+0800: 0.810: [ParNew: 5237K->10K(6144K), 0.0016601 secs] 13267K->10087K(19840K), 0.0017807 secs] [Times: user=0.00 sys=0.00, real=0.00 secs] 
Heap after GC invocations=101 (full 14):
 par new generation   total 6144K, used 10K [0x00000000fec00000, 0x00000000ff2a0000, 0x00000000ff2a0000)
  eden space 5504K,   0% used [0x00000000fec00000, 0x00000000fec00000, 0x00000000ff160000)
  from space 640K,   1% used [0x00000000ff200000, 0x00000000ff202850, 0x00000000ff2a0000)
  to   space 640K,   0% used [0x00000000ff160000, 0x00000000ff160000, 0x00000000ff200000)
 concurrent mark-sweep generation total 13696K, used 10077K [0x00000000ff2a0000, 0x0000000100000000, 0x0000000100000000)
 Metaspace       used 4512K, capacity 4794K, committed 4992K, reserved 1056768K
  class space    used 495K, capacity 533K, committed 640K, reserved 1048576K
}
2024-07-16T18:26:14.007+0800: 0.812: [GC (CMS Initial Mark) [1 CMS-initial-mark: 10077K(13696K)] 11113K(19840K), 0.0003422 secs] [Times: user=0.00 sys=0.00, real=0.00 secs] 
2024-07-16T18:26:14.007+0800: 0.812: [CMS-concurrent-mark-start]
2024-07-16T18:26:14.010+0800: 0.815: [CMS-concurrent-mark: 0.003/0.003 secs] [Times: user=0.00 sys=0.00, real=0.00 secs] 
2024-07-16T18:26:14.010+0800: 0.815: [CMS-concurrent-preclean-start]
2024-07-16T18:26:14.010+0800: 0.815: [CMS-concurrent-preclean: 0.000/0.000 secs] [Times: user=0.00 sys=0.00, real=0.00 secs] 
2024-07-16T18:26:14.010+0800: 0.815: [CMS-concurrent-abortable-preclean-start]
{Heap before GC invocations=101 (full 15):
 par new generation   total 6144K, used 5239K [0x00000000fec00000, 0x00000000ff2a0000, 0x00000000ff2a0000)
  eden space 5504K,  95% used [0x00000000fec00000, 0x00000000ff11b700, 0x00000000ff160000)
  from space 640K,   1% used [0x00000000ff200000, 0x00000000ff202850, 0x00000000ff2a0000)
  to   space 640K,   0% used [0x00000000ff160000, 0x00000000ff160000, 0x00000000ff200000)
 concurrent mark-sweep generation total 13696K, used 10077K [0x00000000ff2a0000, 0x0000000100000000, 0x0000000100000000)
 Metaspace       used 4512K, capacity 4794K, committed 4992K, reserved 1056768K
  class space    used 495K, capacity 533K, committed 640K, reserved 1048576K
2024-07-16T18:26:14.015+0800: 0.819: [GC (Allocation Failure) 2024-07-16T18:26:14.015+0800: 0.819: [ParNew: 5239K->6K(6144K), 0.0011259 secs] 15317K->11107K(19840K), 0.0011892 secs] [Times: user=0.00 sys=0.00, real=0.00 secs] 
Heap after GC invocations=102 (full 15):
 par new generation   total 6144K, used 6K [0x00000000fec00000, 0x00000000ff2a0000, 0x00000000ff2a0000)
  eden space 5504K,   0% used [0x00000000fec00000, 0x00000000fec00000, 0x00000000ff160000)
  from space 640K,   0% used [0x00000000ff160000, 0x00000000ff161830, 0x00000000ff200000)
  to   space 640K,   0% used [0x00000000ff200000, 0x00000000ff200000, 0x00000000ff2a0000)
 concurrent mark-sweep generation total 13696K, used 11101K [0x00000000ff2a0000, 0x0000000100000000, 0x0000000100000000)
 Metaspace       used 4512K, capacity 4794K, committed 4992K, reserved 1056768K
  class space    used 495K, capacity 533K, committed 640K, reserved 1048576K
}
{Heap before GC invocations=102 (full 15):
 par new generation   total 6144K, used 5235K [0x00000000fec00000, 0x00000000ff2a0000, 0x00000000ff2a0000)
  eden space 5504K,  95% used [0x00000000fec00000, 0x00000000ff11b730, 0x00000000ff160000)
  from space 640K,   0% used [0x00000000ff160000, 0x00000000ff161830, 0x00000000ff200000)
  to   space 640K,   0% used [0x00000000ff200000, 0x00000000ff200000, 0x00000000ff2a0000)
 concurrent mark-sweep generation total 13696K, used 11101K [0x00000000ff2a0000, 0x0000000100000000, 0x0000000100000000)
 Metaspace       used 4512K, capacity 4794K, committed 4992K, reserved 1056768K
  class space    used 495K, capacity 533K, committed 640K, reserved 1048576K
2024-07-16T18:26:14.023+0800: 0.827: [GC (Allocation Failure) 2024-07-16T18:26:14.023+0800: 0.827: [ParNew: 5235K->8K(6144K), 0.0012635 secs] 16337K->12133K(19840K), 0.0013387 secs] [Times: user=0.00 sys=0.00, real=0.00 secs] 
Heap after GC invocations=103 (full 15):
 par new generation   total 6144K, used 8K [0x00000000fec00000, 0x00000000ff2a0000, 0x00000000ff2a0000)
  eden space 5504K,   0% used [0x00000000fec00000, 0x00000000fec00000, 0x00000000ff160000)
  from space 640K,   1% used [0x00000000ff200000, 0x00000000ff202040, 0x00000000ff2a0000)
  to   space 640K,   0% used [0x00000000ff160000, 0x00000000ff160000, 0x00000000ff200000)
 concurrent mark-sweep generation total 13696K, used 12125K [0x00000000ff2a0000, 0x0000000100000000, 0x0000000100000000)
 Metaspace       used 4512K, capacity 4794K, committed 4992K, reserved 1056768K
  class space    used 495K, capacity 533K, committed 640K, reserved 1048576K
}
{Heap before GC invocations=103 (full 15):
 par new generation   total 6144K, used 5237K [0x00000000fec00000, 0x00000000ff2a0000, 0x00000000ff2a0000)
  eden space 5504K,  95% used [0x00000000fec00000, 0x00000000ff11b748, 0x00000000ff160000)
  from space 640K,   1% used [0x00000000ff200000, 0x00000000ff202040, 0x00000000ff2a0000)
  to   space 640K,   0% used [0x00000000ff160000, 0x00000000ff160000, 0x00000000ff200000)
 concurrent mark-sweep generation total 13696K, used 12125K [0x00000000ff2a0000, 0x0000000100000000, 0x0000000100000000)
 Metaspace       used 4512K, capacity 4794K, committed 4992K, reserved 1056768K
  class space    used 495K, capacity 533K, committed 640K, reserved 1048576K
2024-07-16T18:26:14.030+0800: 0.834: [GC (Allocation Failure) 2024-07-16T18:26:14.030+0800: 0.834: [ParNew: 5237K->5237K(6144K), 0.0000337 secs]2024-07-16T18:26:14.030+0800: 0.835: [CMS2024-07-16T18:26:14.030+0800: 0.835: [CMS-concurrent-abortable-preclean: 0.000/0.019 secs] [Times: user=0.00 sys=0.00, real=0.02 secs] 
 (concurrent mode failure): 12125K->1869K(13696K), 0.0041676 secs] 17363K->1869K(19840K), [Metaspace: 4512K->4512K(1056768K)], 0.0042910 secs] [Times: user=0.01 sys=0.00, real=0.00 secs] 
Heap after GC invocations=104 (full 16):
 par new generation   total 6144K, used 0K [0x00000000fec00000, 0x00000000ff2a0000, 0x00000000ff2a0000)
  eden space 5504K,   0% used [0x00000000fec00000, 0x00000000fec00000, 0x00000000ff160000)
  from space 640K,   0% used [0x00000000ff200000, 0x00000000ff200000, 0x00000000ff2a0000)
  to   space 640K,   0% used [0x00000000ff160000, 0x00000000ff160000, 0x00000000ff200000)
 concurrent mark-sweep generation total 13696K, used 1869K [0x00000000ff2a0000, 0x0000000100000000, 0x0000000100000000)
 Metaspace       used 4512K, capacity 4794K, committed 4992K, reserved 1056768K
  class space    used 495K, capacity 533K, committed 640K, reserved 1048576K
}
{Heap before GC invocations=104 (full 16):
 par new generation   total 6144K, used 5229K [0x00000000fec00000, 0x00000000ff2a0000, 0x00000000ff2a0000)
  eden space 5504K,  95% used [0x00000000fec00000, 0x00000000ff11b758, 0x00000000ff160000)
  from space 640K,   0% used [0x00000000ff200000, 0x00000000ff200000, 0x00000000ff2a0000)
  to   space 640K,   0% used [0x00000000ff160000, 0x00000000ff160000, 0x00000000ff200000)
 concurrent mark-sweep generation total 13696K, used 1869K [0x00000000ff2a0000, 0x0000000100000000, 0x0000000100000000)
 Metaspace       used 4513K, capacity 4794K, committed 4992K, reserved 1056768K
  class space    used 495K, capacity 533K, committed 640K, reserved 1048576K
2024-07-16T18:26:14.042+0800: 0.846: [GC (Allocation Failure) 2024-07-16T18:26:14.042+0800: 0.846: [ParNew: 5229K->10K(6144K), 0.0004733 secs] 7099K->2905K(19840K), 0.0005230 secs] [Times: user=0.00 sys=0.00, real=0.00 secs] 
Heap after GC invocations=105 (full 16):
 par new generation   total 6144K, used 10K [0x00000000fec00000, 0x00000000ff2a0000, 0x00000000ff2a0000)
  eden space 5504K,   0% used [0x00000000fec00000, 0x00000000fec00000, 0x00000000ff160000)
  from space 640K,   1% used [0x00000000ff160000, 0x00000000ff162850, 0x00000000ff200000)
  to   space 640K,   0% used [0x00000000ff200000, 0x00000000ff200000, 0x00000000ff2a0000)
 concurrent mark-sweep generation total 13696K, used 2895K [0x00000000ff2a0000, 0x0000000100000000, 0x0000000100000000)
 Metaspace       used 4513K, capacity 4794K, committed 4992K, reserved 1056768K
  class space    used 495K, capacity 533K, committed 640K, reserved 1048576K
}
{Heap before GC invocations=105 (full 16):
 par new generation   total 6144K, used 5239K [0x00000000fec00000, 0x00000000ff2a0000, 0x00000000ff2a0000)
  eden space 5504K,  95% used [0x00000000fec00000, 0x00000000ff11b768, 0x00000000ff160000)
  from space 640K,   1% used [0x00000000ff160000, 0x00000000ff162850, 0x00000000ff200000)
  to   space 640K,   0% used [0x00000000ff200000, 0x00000000ff200000, 0x00000000ff2a0000)
 concurrent mark-sweep generation total 13696K, used 2895K [0x00000000ff2a0000, 0x0000000100000000, 0x0000000100000000)
 Metaspace       used 4515K, capacity 4794K, committed 4992K, reserved 1056768K
  class space    used 495K, capacity 533K, committed 640K, reserved 1048576K
2024-07-16T18:26:14.048+0800: 0.852: [GC (Allocation Failure) 2024-07-16T18:26:14.048+0800: 0.852: [ParNew: 5239K->6K(6144K), 0.0003892 secs] 8135K->3927K(19840K), 0.0004359 secs] [Times: user=0.00 sys=0.00, real=0.00 secs] 
Heap after GC invocations=106 (full 16):
 par new generation   total 6144K, used 6K [0x00000000fec00000, 0x00000000ff2a0000, 0x00000000ff2a0000)
  eden space 5504K,   0% used [0x00000000fec00000, 0x00000000fec00000, 0x00000000ff160000)
  from space 640K,   0% used [0x00000000ff200000, 0x00000000ff201830, 0x00000000ff2a0000)
  to   space 640K,   0% used [0x00000000ff160000, 0x00000000ff160000, 0x00000000ff200000)
 concurrent mark-sweep generation total 13696K, used 3921K [0x00000000ff2a0000, 0x0000000100000000, 0x0000000100000000)
 Metaspace       used 4515K, capacity 4794K, committed 4992K, reserved 1056768K
  class space    used 495K, capacity 533K, committed 640K, reserved 1048576K
}
{Heap before GC invocations=106 (full 16):
 par new generation   total 6144K, used 5235K [0x00000000fec00000, 0x00000000ff2a0000, 0x00000000ff2a0000)
  eden space 5504K,  95% used [0x00000000fec00000, 0x00000000ff11b770, 0x00000000ff160000)
  from space 640K,   0% used [0x00000000ff200000, 0x00000000ff201830, 0x00000000ff2a0000)
  to   space 640K,   0% used [0x00000000ff160000, 0x00000000ff160000, 0x00000000ff200000)
 concurrent mark-sweep generation total 13696K, used 3921K [0x00000000ff2a0000, 0x0000000100000000, 0x0000000100000000)
 Metaspace       used 4515K, capacity 4794K, committed 4992K, reserved 1056768K
  class space    used 495K, capacity 533K, committed 640K, reserved 1048576K
2024-07-16T18:26:14.054+0800: 0.858: [GC (Allocation Failure) 2024-07-16T18:26:14.054+0800: 0.858: [ParNew: 5235K->10K(6144K), 0.0007175 secs] 9157K->4955K(19840K), 0.0007760 secs] [Times: user=0.00 sys=0.00, real=0.00 secs] 
Heap after GC invocations=107 (full 16):
 par new generation   total 6144K, used 10K [0x00000000fec00000, 0x00000000ff2a0000, 0x00000000ff2a0000)
  eden space 5504K,   0% used [0x00000000fec00000, 0x00000000fec00000, 0x00000000ff160000)
  from space 640K,   1% used [0x00000000ff160000, 0x00000000ff162850, 0x00000000ff200000)
  to   space 640K,   0% used [0x00000000ff200000, 0x00000000ff200000, 0x00000000ff2a0000)
 concurrent mark-sweep generation total 13696K, used 4945K [0x00000000ff2a0000, 0x0000000100000000, 0x0000000100000000)
 Metaspace       used 4515K, capacity 4794K, committed 4992K, reserved 1056768K
  class space    used 495K, capacity 533K, committed 640K, reserved 1048576K
}
{Heap before GC invocations=107 (full 16):
 par new generation   total 6144K, used 5239K [0x00000000fec00000, 0x00000000ff2a0000, 0x00000000ff2a0000)
  eden space 5504K,  95% used [0x00000000fec00000, 0x00000000ff11b770, 0x00000000ff160000)
  from space 640K,   1% used [0x00000000ff160000, 0x00000000ff162850, 0x00000000ff200000)
  to   space 640K,   0% used [0x00000000ff200000, 0x00000000ff200000, 0x00000000ff2a0000)
 concurrent mark-sweep generation total 13696K, used 4945K [0x00000000ff2a0000, 0x0000000100000000, 0x0000000100000000)
 Metaspace       used 4515K, capacity 4794K, committed 4992K, reserved 1056768K
  class space    used 495K, capacity 533K, committed 640K, reserved 1048576K
2024-07-16T18:26:14.062+0800: 0.866: [GC (Allocation Failure) 2024-07-16T18:26:14.062+0800: 0.866: [ParNew: 5239K->10K(6144K), 0.0007505 secs] 10185K->5981K(19840K), 0.0008030 secs] [Times: user=0.00 sys=0.00, real=0.00 secs] 
Heap after GC invocations=108 (full 16):
 par new generation   total 6144K, used 10K [0x00000000fec00000, 0x00000000ff2a0000, 0x00000000ff2a0000)
  eden space 5504K,   0% used [0x00000000fec00000, 0x00000000fec00000, 0x00000000ff160000)
  from space 640K,   1% used [0x00000000ff200000, 0x00000000ff202850, 0x00000000ff2a0000)
  to   space 640K,   0% used [0x00000000ff160000, 0x00000000ff160000, 0x00000000ff200000)
 concurrent mark-sweep generation total 13696K, used 5971K [0x00000000ff2a0000, 0x0000000100000000, 0x0000000100000000)
 Metaspace       used 4515K, capacity 4794K, committed 4992K, reserved 1056768K
  class space    used 495K, capacity 533K, committed 640K, reserved 1048576K
}
{Heap before GC invocations=108 (full 16):
 par new generation   total 6144K, used 5239K [0x00000000fec00000, 0x00000000ff2a0000, 0x00000000ff2a0000)
  eden space 5504K,  95% used [0x00000000fec00000, 0x00000000ff11b778, 0x00000000ff160000)
  from space 640K,   1% used [0x00000000ff200000, 0x00000000ff202850, 0x00000000ff2a0000)
  to   space 640K,   0% used [0x00000000ff160000, 0x00000000ff160000, 0x00000000ff200000)
 concurrent mark-sweep generation total 13696K, used 5971K [0x00000000ff2a0000, 0x0000000100000000, 0x0000000100000000)
 Metaspace       used 4515K, capacity 4794K, committed 4992K, reserved 1056768K
  class space    used 495K, capacity 533K, committed 640K, reserved 1048576K
2024-07-16T18:26:14.070+0800: 0.874: [GC (Allocation Failure) 2024-07-16T18:26:14.070+0800: 0.874: [ParNew: 5239K->10K(6144K), 0.0009778 secs] 11211K->7007K(19840K), 0.0010705 secs] [Times: user=0.00 sys=0.00, real=0.00 secs] 
Heap after GC invocations=109 (full 16):
 par new generation   total 6144K, used 10K [0x00000000fec00000, 0x00000000ff2a0000, 0x00000000ff2a0000)
  eden space 5504K,   0% used [0x00000000fec00000, 0x00000000fec00000, 0x00000000ff160000)
  from space 640K,   1% used [0x00000000ff160000, 0x00000000ff162850, 0x00000000ff200000)
  to   space 640K,   0% used [0x00000000ff200000, 0x00000000ff200000, 0x00000000ff2a0000)
 concurrent mark-sweep generation total 13696K, used 6997K [0x00000000ff2a0000, 0x0000000100000000, 0x0000000100000000)
 Metaspace       used 4515K, capacity 4794K, committed 4992K, reserved 1056768K
  class space    used 495K, capacity 533K, committed 640K, reserved 1048576K
}
{Heap before GC invocations=109 (full 16):
 par new generation   total 6144K, used 5239K [0x00000000fec00000, 0x00000000ff2a0000, 0x00000000ff2a0000)
  eden space 5504K,  95% used [0x00000000fec00000, 0x00000000ff11b778, 0x00000000ff160000)
  from space 640K,   1% used [0x00000000ff160000, 0x00000000ff162850, 0x00000000ff200000)
  to   space 640K,   0% used [0x00000000ff200000, 0x00000000ff200000, 0x00000000ff2a0000)
 concurrent mark-sweep generation total 13696K, used 6997K [0x00000000ff2a0000, 0x0000000100000000, 0x0000000100000000)
 Metaspace       used 4529K, capacity 4794K, committed 4992K, reserved 1056768K
  class space    used 495K, capacity 533K, committed 640K, reserved 1048576K
2024-07-16T18:26:14.079+0800: 0.883: [GC (Allocation Failure) 2024-07-16T18:26:14.079+0800: 0.883: [ParNew: 5239K->10K(6144K), 0.0011730 secs] 12237K->8033K(19840K), 0.0012738 secs] [Times: user=0.00 sys=0.00, real=0.00 secs] 
Heap after GC invocations=110 (full 16):
 par new generation   total 6144K, used 10K [0x00000000fec00000, 0x00000000ff2a0000, 0x00000000ff2a0000)
  eden space 5504K,   0% used [0x00000000fec00000, 0x00000000fec00000, 0x00000000ff160000)
  from space 640K,   1% used [0x00000000ff200000, 0x00000000ff202850, 0x00000000ff2a0000)
  to   space 640K,   0% used [0x00000000ff160000, 0x00000000ff160000, 0x00000000ff200000)
 concurrent mark-sweep generation total 13696K, used 8023K [0x00000000ff2a0000, 0x0000000100000000, 0x0000000100000000)
 Metaspace       used 4529K, capacity 4794K, committed 4992K, reserved 1056768K
  class space    used 495K, capacity 533K, committed 640K, reserved 1048576K
}
{Heap before GC invocations=110 (full 16):
 par new generation   total 6144K, used 5239K [0x00000000fec00000, 0x00000000ff2a0000, 0x00000000ff2a0000)
  eden space 5504K,  95% used [0x00000000fec00000, 0x00000000ff11b778, 0x00000000ff160000)
  from space 640K,   1% used [0x00000000ff200000, 0x00000000ff202850, 0x00000000ff2a0000)
  to   space 640K,   0% used [0x00000000ff160000, 0x00000000ff160000, 0x00000000ff200000)
 concurrent mark-sweep generation total 13696K, used 8023K [0x00000000ff2a0000, 0x0000000100000000, 0x0000000100000000)
 Metaspace       used 4531K, capacity 4794K, committed 4992K, reserved 1056768K
  class space    used 495K, capacity 533K, committed 640K, reserved 1048576K
2024-07-16T18:26:14.088+0800: 0.892: [GC (Allocation Failure) 2024-07-16T18:26:14.088+0800: 0.892: [ParNew: 5239K->4K(6144K), 0.0007474 secs] 13263K->8027K(19840K), 0.0008506 secs] [Times: user=0.00 sys=0.00, real=0.00 secs] 
Heap after GC invocations=111 (full 16):
 par new generation   total 6144K, used 4K [0x00000000fec00000, 0x00000000ff2a0000, 0x00000000ff2a0000)
  eden space 5504K,   0% used [0x00000000fec00000, 0x00000000fec00000, 0x00000000ff160000)
  from space 640K,   0% used [0x00000000ff160000, 0x00000000ff161020, 0x00000000ff200000)
  to   space 640K,   0% used [0x00000000ff200000, 0x00000000ff200000, 0x00000000ff2a0000)
 concurrent mark-sweep generation total 13696K, used 8023K [0x00000000ff2a0000, 0x0000000100000000, 0x0000000100000000)
 Metaspace       used 4531K, capacity 4794K, committed 4992K, reserved 1056768K
  class space    used 495K, capacity 533K, committed 640K, reserved 1048576K
}
{Heap before GC invocations=111 (full 16):
 par new generation   total 6144K, used 5233K [0x00000000fec00000, 0x00000000ff2a0000, 0x00000000ff2a0000)
  eden space 5504K,  95% used [0x00000000fec00000, 0x00000000ff11b778, 0x00000000ff160000)
  from space 640K,   0% used [0x00000000ff160000, 0x00000000ff161020, 0x00000000ff200000)
  to   space 640K,   0% used [0x00000000ff200000, 0x00000000ff200000, 0x00000000ff2a0000)
 concurrent mark-sweep generation total 13696K, used 8023K [0x00000000ff2a0000, 0x0000000100000000, 0x0000000100000000)
 Metaspace       used 4531K, capacity 4794K, committed 4992K, reserved 1056768K
  class space    used 495K, capacity 533K, committed 640K, reserved 1048576K
2024-07-16T18:26:14.097+0800: 0.902: [GC (Allocation Failure) 2024-07-16T18:26:14.097+0800: 0.902: [ParNew: 5233K->6K(6144K), 0.0014109 secs] 13257K->9055K(19840K), 0.0015037 secs] [Times: user=0.00 sys=0.00, real=0.00 secs] 
Heap after GC invocations=112 (full 16):
 par new generation   total 6144K, used 6K [0x00000000fec00000, 0x00000000ff2a0000, 0x00000000ff2a0000)
  eden space 5504K,   0% used [0x00000000fec00000, 0x00000000fec00000, 0x00000000ff160000)
  from space 640K,   0% used [0x00000000ff200000, 0x00000000ff201830, 0x00000000ff2a0000)
  to   space 640K,   0% used [0x00000000ff160000, 0x00000000ff160000, 0x00000000ff200000)
 concurrent mark-sweep generation total 13696K, used 9049K [0x00000000ff2a0000, 0x0000000100000000, 0x0000000100000000)
 Metaspace       used 4531K, capacity 4794K, committed 4992K, reserved 1056768K
  class space    used 495K, capacity 533K, committed 640K, reserved 1048576K
}
2024-07-16T18:26:14.098+0800: 0.903: [GC (CMS Initial Mark) [1 CMS-initial-mark: 9049K(13696K)] 10081K(19840K), 0.0003226 secs] [Times: user=0.00 sys=0.00, real=0.00 secs] 
2024-07-16T18:26:14.099+0800: 0.904: [CMS-concurrent-mark-start]
2024-07-16T18:26:14.102+0800: 0.907: [CMS-concurrent-mark: 0.003/0.003 secs] [Times: user=0.00 sys=0.00, real=0.00 secs] 
2024-07-16T18:26:14.102+0800: 0.907: [CMS-concurrent-preclean-start]
2024-07-16T18:26:14.102+0800: 0.907: [CMS-concurrent-preclean: 0.000/0.000 secs] [Times: user=0.00 sys=0.00, real=0.00 secs] 
2024-07-16T18:26:14.102+0800: 0.907: [CMS-concurrent-abortable-preclean-start]
{Heap before GC invocations=112 (full 17):
 par new generation   total 6144K, used 5235K [0x00000000fec00000, 0x00000000ff2a0000, 0x00000000ff2a0000)
  eden space 5504K,  95% used [0x00000000fec00000, 0x00000000ff11b778, 0x00000000ff160000)
  from space 640K,   0% used [0x00000000ff200000, 0x00000000ff201830, 0x00000000ff2a0000)
  to   space 640K,   0% used [0x00000000ff160000, 0x00000000ff160000, 0x00000000ff200000)
 concurrent mark-sweep generation total 13696K, used 9049K [0x00000000ff2a0000, 0x0000000100000000, 0x0000000100000000)
 Metaspace       used 4531K, capacity 4794K, committed 4992K, reserved 1056768K
  class space    used 495K, capacity 533K, committed 640K, reserved 1048576K
2024-07-16T18:26:14.107+0800: 0.911: [GC (Allocation Failure) 2024-07-16T18:26:14.107+0800: 0.911: [ParNew: 5235K->6K(6144K), 0.0011232 secs] 14285K->10079K(19840K), 0.0012139 secs] [Times: user=0.00 sys=0.00, real=0.00 secs] 
Heap after GC invocations=113 (full 17):
 par new generation   total 6144K, used 6K [0x00000000fec00000, 0x00000000ff2a0000, 0x00000000ff2a0000)
  eden space 5504K,   0% used [0x00000000fec00000, 0x00000000fec00000, 0x00000000ff160000)
  from space 640K,   0% used [0x00000000ff160000, 0x00000000ff161830, 0x00000000ff200000)
  to   space 640K,   0% used [0x00000000ff200000, 0x00000000ff200000, 0x00000000ff2a0000)
 concurrent mark-sweep generation total 13696K, used 10073K [0x00000000ff2a0000, 0x0000000100000000, 0x0000000100000000)
 Metaspace       used 4531K, capacity 4794K, committed 4992K, reserved 1056768K
  class space    used 495K, capacity 533K, committed 640K, reserved 1048576K
}
{Heap before GC invocations=113 (full 17):
 par new generation   total 6144K, used 5235K [0x00000000fec00000, 0x00000000ff2a0000, 0x00000000ff2a0000)
  eden space 5504K,  95% used [0x00000000fec00000, 0x00000000ff11b778, 0x00000000ff160000)
  from space 640K,   0% used [0x00000000ff160000, 0x00000000ff161830, 0x00000000ff200000)
  to   space 640K,   0% used [0x00000000ff200000, 0x00000000ff200000, 0x00000000ff2a0000)
 concurrent mark-sweep generation total 13696K, used 10073K [0x00000000ff2a0000, 0x0000000100000000, 0x0000000100000000)
 Metaspace       used 4531K, capacity 4794K, committed 4992K, reserved 1056768K
  class space    used 495K, capacity 533K, committed 640K, reserved 1048576K
2024-07-16T18:26:14.114+0800: 0.918: [GC (Allocation Failure) 2024-07-16T18:26:14.114+0800: 0.918: [ParNew: 5235K->10K(6144K), 0.0011994 secs] 15309K->11109K(19840K), 0.0012983 secs] [Times: user=0.00 sys=0.00, real=0.00 secs] 
Heap after GC invocations=114 (full 17):
 par new generation   total 6144K, used 10K [0x00000000fec00000, 0x00000000ff2a0000, 0x00000000ff2a0000)
  eden space 5504K,   0% used [0x00000000fec00000, 0x00000000fec00000, 0x00000000ff160000)
  from space 640K,   1% used [0x00000000ff200000, 0x00000000ff202850, 0x00000000ff2a0000)
  to   space 640K,   0% used [0x00000000ff160000, 0x00000000ff160000, 0x00000000ff200000)
 concurrent mark-sweep generation total 13696K, used 11099K [0x00000000ff2a0000, 0x0000000100000000, 0x0000000100000000)
 Metaspace       used 4531K, capacity 4794K, committed 4992K, reserved 1056768K
  class space    used 495K, capacity 533K, committed 640K, reserved 1048576K
}
{Heap before GC invocations=114 (full 17):
 par new generation   total 6144K, used 5239K [0x00000000fec00000, 0x00000000ff2a0000, 0x00000000ff2a0000)
  eden space 5504K,  95% used [0x00000000fec00000, 0x00000000ff11b778, 0x00000000ff160000)
  from space 640K,   1% used [0x00000000ff200000, 0x00000000ff202850, 0x00000000ff2a0000)
  to   space 640K,   0% used [0x00000000ff160000, 0x00000000ff160000, 0x00000000ff200000)
 concurrent mark-sweep generation total 13696K, used 11099K [0x00000000ff2a0000, 0x0000000100000000, 0x0000000100000000)
 Metaspace       used 4531K, capacity 4794K, committed 4992K, reserved 1056768K
  class space    used 495K, capacity 533K, committed 640K, reserved 1048576K
2024-07-16T18:26:14.122+0800: 0.926: [GC (Allocation Failure) 2024-07-16T18:26:14.122+0800: 0.926: [ParNew: 5239K->8K(6144K), 0.0014520 secs] 16339K->12131K(19840K), 0.0015399 secs] [Times: user=0.00 sys=0.00, real=0.00 secs] 
Heap after GC invocations=115 (full 17):
 par new generation   total 6144K, used 8K [0x00000000fec00000, 0x00000000ff2a0000, 0x00000000ff2a0000)
  eden space 5504K,   0% used [0x00000000fec00000, 0x00000000fec00000, 0x00000000ff160000)
  from space 640K,   1% used [0x00000000ff160000, 0x00000000ff162040, 0x00000000ff200000)
  to   space 640K,   0% used [0x00000000ff200000, 0x00000000ff200000, 0x00000000ff2a0000)
 concurrent mark-sweep generation total 13696K, used 12123K [0x00000000ff2a0000, 0x0000000100000000, 0x0000000100000000)
 Metaspace       used 4531K, capacity 4794K, committed 4992K, reserved 1056768K
  class space    used 495K, capacity 533K, committed 640K, reserved 1048576K
}
{Heap before GC invocations=115 (full 17):
 par new generation   total 6144K, used 5237K [0x00000000fec00000, 0x00000000ff2a0000, 0x00000000ff2a0000)
  eden space 5504K,  95% used [0x00000000fec00000, 0x00000000ff11b778, 0x00000000ff160000)
  from space 640K,   1% used [0x00000000ff160000, 0x00000000ff162040, 0x00000000ff200000)
  to   space 640K,   0% used [0x00000000ff200000, 0x00000000ff200000, 0x00000000ff2a0000)
 concurrent mark-sweep generation total 13696K, used 12123K [0x00000000ff2a0000, 0x0000000100000000, 0x0000000100000000)
 Metaspace       used 4531K, capacity 4794K, committed 4992K, reserved 1056768K
  class space    used 495K, capacity 533K, committed 640K, reserved 1048576K
2024-07-16T18:26:14.132+0800: 0.937: [GC (Allocation Failure) 2024-07-16T18:26:14.132+0800: 0.937: [ParNew: 5237K->6K(6144K), 0.0011312 secs] 17361K->13153K(19840K), 0.0012242 secs] [Times: user=0.00 sys=0.00, real=0.00 secs] 
Heap after GC invocations=116 (full 17):
 par new generation   total 6144K, used 6K [0x00000000fec00000, 0x00000000ff2a0000, 0x00000000ff2a0000)
  eden space 5504K,   0% used [0x00000000fec00000, 0x00000000fec00000, 0x00000000ff160000)
  from space 640K,   0% used [0x00000000ff200000, 0x00000000ff201830, 0x00000000ff2a0000)
  to   space 640K,   0% used [0x00000000ff160000, 0x00000000ff160000, 0x00000000ff200000)
 concurrent mark-sweep generation total 13696K, used 13147K [0x00000000ff2a0000, 0x0000000100000000, 0x0000000100000000)
 Metaspace       used 4531K, capacity 4794K, committed 4992K, reserved 1056768K
  class space    used 495K, capacity 533K, committed 640K, reserved 1048576K
}
2024-07-16T18:26:14.133+0800: 0.938: [CMS-concurrent-abortable-preclean: 0.000/0.031 secs] [Times: user=0.00 sys=0.00, real=0.03 secs] 
2024-07-16T18:26:14.133+0800: 0.938: [GC (CMS Final Remark) [YG occupancy: 1139 K (6144 K)]{Heap before GC invocations=116 (full 17):
 par new generation   total 6144K, used 1139K [0x00000000fec00000, 0x00000000ff2a0000, 0x00000000ff2a0000)
  eden space 5504K,  20% used [0x00000000fec00000, 0x00000000fed1b740, 0x00000000ff160000)
  from space 640K,   0% used [0x00000000ff200000, 0x00000000ff201830, 0x00000000ff2a0000)
  to   space 640K,   0% used [0x00000000ff160000, 0x00000000ff160000, 0x00000000ff200000)
 concurrent mark-sweep generation total 13696K, used 13147K [0x00000000ff2a0000, 0x0000000100000000, 0x0000000100000000)
 Metaspace       used 4531K, capacity 4794K, committed 4992K, reserved 1056768K
  class space    used 495K, capacity 533K, committed 640K, reserved 1048576K
2024-07-16T18:26:14.133+0800: 0.938: [GC (CMS Final Remark) 2024-07-16T18:26:14.133+0800: 0.938: [ParNew: 1139K->1139K(6144K), 0.0000272 secs] 14287K->14287K(19840K), 0.0000606 secs] [Times: user=0.00 sys=0.00, real=0.00 secs] 
Heap after GC invocations=117 (full 17):
 par new generation   total 6144K, used 1139K [0x00000000fec00000, 0x00000000ff2a0000, 0x00000000ff2a0000)
  eden space 5504K,  20% used [0x00000000fec00000, 0x00000000fed1b740, 0x00000000ff160000)
  from space 640K,   0% used [0x00000000ff200000, 0x00000000ff201830, 0x00000000ff2a0000)
  to   space 640K,   0% used [0x00000000ff160000, 0x00000000ff160000, 0x00000000ff200000)
 concurrent mark-sweep generation total 13696K, used 13147K [0x00000000ff2a0000, 0x0000000100000000, 0x0000000100000000)
 Metaspace       used 4531K, capacity 4794K, committed 4992K, reserved 1056768K
  class space    used 495K, capacity 533K, committed 640K, reserved 1048576K
}
2024-07-16T18:26:14.134+0800: 0.938: [Rescan (parallel) , 0.0003552 secs]2024-07-16T18:26:14.134+0800: 0.939: [weak refs processing, 0.0000204 secs]2024-07-16T18:26:14.134+0800: 0.939: [class unloading, 0.0005478 secs]2024-07-16T18:26:14.135+0800: 0.939: [scrub symbol table, 0.0005363 secs]2024-07-16T18:26:14.135+0800: 0.940: [scrub string table, 0.0001360 secs][1 CMS-remark: 13147K(13696K)] 14287K(19840K), 0.0018305 secs] [Times: user=0.00 sys=0.00, real=0.00 secs] 
2024-07-16T18:26:14.135+0800: 0.940: [CMS-concurrent-sweep-start]
2024-07-16T18:26:14.136+0800: 0.940: [CMS-concurrent-sweep: 0.000/0.000 secs] [Times: user=0.00 sys=0.00, real=0.00 secs] 
2024-07-16T18:26:14.136+0800: 0.940: [CMS-concurrent-reset-start]
2024-07-16T18:26:14.136+0800: 0.940: [CMS-concurrent-reset: 0.000/0.000 secs] [Times: user=0.00 sys=0.00, real=0.00 secs] 
{Heap before GC invocations=117 (full 17):
 par new generation   total 6144K, used 5345K [0x00000000fec00000, 0x00000000ff2a0000, 0x00000000ff2a0000)
  eden space 5504K,  97% used [0x00000000fec00000, 0x00000000ff136eb0, 0x00000000ff160000)
  from space 640K,   0% used [0x00000000ff200000, 0x00000000ff201830, 0x00000000ff2a0000)
  to   space 640K,   0% used [0x00000000ff160000, 0x00000000ff160000, 0x00000000ff200000)
 concurrent mark-sweep generation total 13696K, used 4955K [0x00000000ff2a0000, 0x0000000100000000, 0x0000000100000000)
 Metaspace       used 4531K, capacity 4794K, committed 4992K, reserved 1056768K
  class space    used 495K, capacity 533K, committed 640K, reserved 1048576K
2024-07-16T18:26:14.140+0800: 0.944: [GC (Allocation Failure) 2024-07-16T18:26:14.140+0800: 0.944: [ParNew: 5345K->10K(6144K), 0.0011969 secs] 10301K->5989K(19840K), 0.0012626 secs] [Times: user=0.00 sys=0.00, real=0.00 secs] 
Heap after GC invocations=118 (full 17):
 par new generation   total 6144K, used 10K [0x00000000fec00000, 0x00000000ff2a0000, 0x00000000ff2a0000)
  eden space 5504K,   0% used [0x00000000fec00000, 0x00000000fec00000, 0x00000000ff160000)
  from space 640K,   1% used [0x00000000ff160000, 0x00000000ff162850, 0x00000000ff200000)
  to   space 640K,   0% used [0x00000000ff200000, 0x00000000ff200000, 0x00000000ff2a0000)
 concurrent mark-sweep generation total 13696K, used 5979K [0x00000000ff2a0000, 0x0000000100000000, 0x0000000100000000)
 Metaspace       used 4531K, capacity 4794K, committed 4992K, reserved 1056768K
  class space    used 495K, capacity 533K, committed 640K, reserved 1048576K
}
{Heap before GC invocations=118 (full 17):
 par new generation   total 6144K, used 5224K [0x00000000fec00000, 0x00000000ff2a0000, 0x00000000ff2a0000)
  eden space 5504K,  94% used [0x00000000fec00000, 0x00000000ff117940, 0x00000000ff160000)
  from space 640K,   1% used [0x00000000ff160000, 0x00000000ff162850, 0x00000000ff200000)
  to   space 640K,   0% used [0x00000000ff200000, 0x00000000ff200000, 0x00000000ff2a0000)
 concurrent mark-sweep generation total 13696K, used 5979K [0x00000000ff2a0000, 0x0000000100000000, 0x0000000100000000)
 Metaspace       used 4531K, capacity 4794K, committed 4992K, reserved 1056768K
  class space    used 495K, capacity 533K, committed 640K, reserved 1048576K
2024-07-16T18:26:14.147+0800: 0.951: [GC (Allocation Failure) 2024-07-16T18:26:14.147+0800: 0.951: [ParNew: 5224K->11K(6144K), 0.0010643 secs] 11203K->7014K(19840K), 0.0011289 secs] [Times: user=0.00 sys=0.00, real=0.00 secs] 
Heap after GC invocations=119 (full 17):
 par new generation   total 6144K, used 11K [0x00000000fec00000, 0x00000000ff2a0000, 0x00000000ff2a0000)
  eden space 5504K,   0% used [0x00000000fec00000, 0x00000000fec00000, 0x00000000ff160000)
  from space 640K,   1% used [0x00000000ff200000, 0x00000000ff202d30, 0x00000000ff2a0000)
  to   space 640K,   0% used [0x00000000ff160000, 0x00000000ff160000, 0x00000000ff200000)
 concurrent mark-sweep generation total 13696K, used 7003K [0x00000000ff2a0000, 0x0000000100000000, 0x0000000100000000)
 Metaspace       used 4531K, capacity 4794K, committed 4992K, reserved 1056768K
  class space    used 495K, capacity 533K, committed 640K, reserved 1048576K
}
{Heap before GC invocations=119 (full 17):
 par new generation   total 6144K, used 5231K [0x00000000fec00000, 0x00000000ff2a0000, 0x00000000ff2a0000)
  eden space 5504K,  94% used [0x00000000fec00000, 0x00000000ff119240, 0x00000000ff160000)
  from space 640K,   1% used [0x00000000ff200000, 0x00000000ff202d30, 0x00000000ff2a0000)
  to   space 640K,   0% used [0x00000000ff160000, 0x00000000ff160000, 0x00000000ff200000)
 concurrent mark-sweep generation total 13696K, used 7003K [0x00000000ff2a0000, 0x0000000100000000, 0x0000000100000000)
 Metaspace       used 4531K, capacity 4794K, committed 4992K, reserved 1056768K
  class space    used 495K, capacity 533K, committed 640K, reserved 1048576K
2024-07-16T18:26:14.155+0800: 0.959: [GC (Allocation Failure) 2024-07-16T18:26:14.155+0800: 0.959: [ParNew: 5231K->11K(6144K), 0.0013657 secs] 12235K->8038K(19840K), 0.0014401 secs] [Times: user=0.00 sys=0.00, real=0.00 secs] 
Heap after GC invocations=120 (full 17):
 par new generation   total 6144K, used 11K [0x00000000fec00000, 0x00000000ff2a0000, 0x00000000ff2a0000)
  eden space 5504K,   0% used [0x00000000fec00000, 0x00000000fec00000, 0x00000000ff160000)
  from space 640K,   1% used [0x00000000ff160000, 0x00000000ff162d30, 0x00000000ff200000)
  to   space 640K,   0% used [0x00000000ff200000, 0x00000000ff200000, 0x00000000ff2a0000)
 concurrent mark-sweep generation total 13696K, used 8027K [0x00000000ff2a0000, 0x0000000100000000, 0x0000000100000000)
 Metaspace       used 4531K, capacity 4794K, committed 4992K, reserved 1056768K
  class space    used 495K, capacity 533K, committed 640K, reserved 1048576K
}
{Heap before GC invocations=120 (full 17):
 par new generation   total 6144K, used 5235K [0x00000000fec00000, 0x00000000ff2a0000, 0x00000000ff2a0000)
  eden space 5504K,  94% used [0x00000000fec00000, 0x00000000ff119fa8, 0x00000000ff160000)
  from space 640K,   1% used [0x00000000ff160000, 0x00000000ff162d30, 0x00000000ff200000)
  to   space 640K,   0% used [0x00000000ff200000, 0x00000000ff200000, 0x00000000ff2a0000)
 concurrent mark-sweep generation total 13696K, used 8027K [0x00000000ff2a0000, 0x0000000100000000, 0x0000000100000000)
 Metaspace       used 4531K, capacity 4794K, committed 4992K, reserved 1056768K
  class space    used 495K, capacity 533K, committed 640K, reserved 1048576K
2024-07-16T18:26:14.165+0800: 0.969: [GC (Allocation Failure) 2024-07-16T18:26:14.165+0800: 0.970: [ParNew: 5235K->7K(6144K), 0.0010689 secs] 13262K->8034K(19840K), 0.0011529 secs] [Times: user=0.00 sys=0.00, real=0.00 secs] 
Heap after GC invocations=121 (full 17):
 par new generation   total 6144K, used 7K [0x00000000fec00000, 0x00000000ff2a0000, 0x00000000ff2a0000)
  eden space 5504K,   0% used [0x00000000fec00000, 0x00000000fec00000, 0x00000000ff160000)
  from space 640K,   1% used [0x00000000ff200000, 0x00000000ff201d10, 0x00000000ff2a0000)
  to   space 640K,   0% used [0x00000000ff160000, 0x00000000ff160000, 0x00000000ff200000)
 concurrent mark-sweep generation total 13696K, used 8027K [0x00000000ff2a0000, 0x0000000100000000, 0x0000000100000000)
 Metaspace       used 4531K, capacity 4794K, committed 4992K, reserved 1056768K
  class space    used 495K, capacity 533K, committed 640K, reserved 1048576K
}
{Heap before GC invocations=121 (full 17):
 par new generation   total 6144K, used 5233K [0x00000000fec00000, 0x00000000ff2a0000, 0x00000000ff2a0000)
  eden space 5504K,  94% used [0x00000000fec00000, 0x00000000ff11a828, 0x00000000ff160000)
  from space 640K,   1% used [0x00000000ff200000, 0x00000000ff201d10, 0x00000000ff2a0000)
  to   space 640K,   0% used [0x00000000ff160000, 0x00000000ff160000, 0x00000000ff200000)
 concurrent mark-sweep generation total 13696K, used 8027K [0x00000000ff2a0000, 0x0000000100000000, 0x0000000100000000)
 Metaspace       used 4531K, capacity 4794K, committed 4992K, reserved 1056768K
  class space    used 495K, capacity 533K, committed 640K, reserved 1048576K
2024-07-16T18:26:14.173+0800: 0.977: [GC (Allocation Failure) 2024-07-16T18:26:14.173+0800: 0.978: [ParNew: 5233K->13K(6144K), 0.0013704 secs] 13260K->9064K(19840K), 0.0014525 secs] [Times: user=0.09 sys=0.06, real=0.00 secs] 
Heap after GC invocations=122 (full 17):
 par new generation   total 6144K, used 13K [0x00000000fec00000, 0x00000000ff2a0000, 0x00000000ff2a0000)
  eden space 5504K,   0% used [0x00000000fec00000, 0x00000000fec00000, 0x00000000ff160000)
  from space 640K,   2% used [0x00000000ff160000, 0x00000000ff163540, 0x00000000ff200000)
  to   space 640K,   0% used [0x00000000ff200000, 0x00000000ff200000, 0x00000000ff2a0000)
 concurrent mark-sweep generation total 13696K, used 9051K [0x00000000ff2a0000, 0x0000000100000000, 0x0000000100000000)
 Metaspace       used 4531K, capacity 4794K, committed 4992K, reserved 1056768K
  class space    used 495K, capacity 533K, committed 640K, reserved 1048576K
}
2024-07-16T18:26:14.174+0800: 0.979: [GC (CMS Initial Mark) [1 CMS-initial-mark: 9051K(13696K)] 10090K(19840K), 0.0003923 secs] [Times: user=0.00 sys=0.00, real=0.00 secs] 
2024-07-16T18:26:14.175+0800: 0.980: [CMS-concurrent-mark-start]
2024-07-16T18:26:14.179+0800: 0.984: [CMS-concurrent-mark: 0.004/0.004 secs] [Times: user=0.00 sys=0.00, real=0.00 secs] 
2024-07-16T18:26:14.179+0800: 0.984: [CMS-concurrent-preclean-start]
2024-07-16T18:26:14.179+0800: 0.984: [CMS-concurrent-preclean: 0.000/0.000 secs] [Times: user=0.00 sys=0.00, real=0.00 secs] 
2024-07-16T18:26:14.179+0800: 0.984: [CMS-concurrent-abortable-preclean-start]
{Heap before GC invocations=122 (full 18):
 par new generation   total 6144K, used 5240K [0x00000000fec00000, 0x00000000ff2a0000, 0x00000000ff2a0000)
  eden space 5504K,  94% used [0x00000000fec00000, 0x00000000ff11ada0, 0x00000000ff160000)
  from space 640K,   2% used [0x00000000ff160000, 0x00000000ff163540, 0x00000000ff200000)
  to   space 640K,   0% used [0x00000000ff200000, 0x00000000ff200000, 0x00000000ff2a0000)
 concurrent mark-sweep generation total 13696K, used 9051K [0x00000000ff2a0000, 0x0000000100000000, 0x0000000100000000)
 Metaspace       used 4531K, capacity 4794K, committed 4992K, reserved 1056768K
  class space    used 495K, capacity 533K, committed 640K, reserved 1048576K
2024-07-16T18:26:14.183+0800: 0.987: [GC (Allocation Failure) 2024-07-16T18:26:14.183+0800: 0.987: [ParNew: 5240K->13K(6144K), 0.0013698 secs] 14292K->10091K(19840K), 0.0014569 secs] [Times: user=0.00 sys=0.00, real=0.00 secs] 
Heap after GC invocations=123 (full 18):
 par new generation   total 6144K, used 13K [0x00000000fec00000, 0x00000000ff2a0000, 0x00000000ff2a0000)
  eden space 5504K,   0% used [0x00000000fec00000, 0x00000000fec00000, 0x00000000ff160000)
  from space 640K,   2% used [0x00000000ff200000, 0x00000000ff203540, 0x00000000ff2a0000)
  to   space 640K,   0% used [0x00000000ff160000, 0x00000000ff160000, 0x00000000ff200000)
 concurrent mark-sweep generation total 13696K, used 10077K [0x00000000ff2a0000, 0x0000000100000000, 0x0000000100000000)
 Metaspace       used 4531K, capacity 4794K, committed 4992K, reserved 1056768K
  class space    used 495K, capacity 533K, committed 640K, reserved 1048576K
}
{Heap before GC invocations=123 (full 18):
 par new generation   total 6144K, used 5241K [0x00000000fec00000, 0x00000000ff2a0000, 0x00000000ff2a0000)
  eden space 5504K,  94% used [0x00000000fec00000, 0x00000000ff11b128, 0x00000000ff160000)
  from space 640K,   2% used [0x00000000ff200000, 0x00000000ff203540, 0x00000000ff2a0000)
  to   space 640K,   0% used [0x00000000ff160000, 0x00000000ff160000, 0x00000000ff200000)
 concurrent mark-sweep generation total 13696K, used 10077K [0x00000000ff2a0000, 0x0000000100000000, 0x0000000100000000)
 Metaspace       used 4531K, capacity 4794K, committed 4992K, reserved 1056768K
  class space    used 495K, capacity 533K, committed 640K, reserved 1048576K
2024-07-16T18:26:14.192+0800: 0.996: [GC (Allocation Failure) 2024-07-16T18:26:14.192+0800: 0.996: [ParNew: 5241K->7K(6144K), 0.0013209 secs] 15319K->10084K(19840K), 0.0014364 secs] [Times: user=0.00 sys=0.00, real=0.00 secs] 
Heap after GC invocations=124 (full 18):
 par new generation   total 6144K, used 7K [0x00000000fec00000, 0x00000000ff2a0000, 0x00000000ff2a0000)
  eden space 5504K,   0% used [0x00000000fec00000, 0x00000000fec00000, 0x00000000ff160000)
  from space 640K,   1% used [0x00000000ff160000, 0x00000000ff161d10, 0x00000000ff200000)
  to   space 640K,   0% used [0x00000000ff200000, 0x00000000ff200000, 0x00000000ff2a0000)
 concurrent mark-sweep generation total 13696K, used 10077K [0x00000000ff2a0000, 0x0000000100000000, 0x0000000100000000)
 Metaspace       used 4531K, capacity 4794K, committed 4992K, reserved 1056768K
  class space    used 495K, capacity 533K, committed 640K, reserved 1048576K
}
{Heap before GC invocations=124 (full 18):
 par new generation   total 6144K, used 5236K [0x00000000fec00000, 0x00000000ff2a0000, 0x00000000ff2a0000)
  eden space 5504K,  95% used [0x00000000fec00000, 0x00000000ff11b368, 0x00000000ff160000)
  from space 640K,   1% used [0x00000000ff160000, 0x00000000ff161d10, 0x00000000ff200000)
  to   space 640K,   0% used [0x00000000ff200000, 0x00000000ff200000, 0x00000000ff2a0000)
 concurrent mark-sweep generation total 13696K, used 10077K [0x00000000ff2a0000, 0x0000000100000000, 0x0000000100000000)
 Metaspace       used 4531K, capacity 4794K, committed 4992K, reserved 1056768K
  class space    used 495K, capacity 533K, committed 640K, reserved 1048576K
2024-07-16T18:26:14.203+0800: 1.007: [GC (Allocation Failure) 2024-07-16T18:26:14.203+0800: 1.007: [ParNew: 5236K->10K(6144K), 0.0003869 secs] 15313K->11115K(19840K), 0.0004223 secs] [Times: user=0.00 sys=0.00, real=0.00 secs] 
Heap after GC invocations=125 (full 18):
 par new generation   total 6144K, used 10K [0x00000000fec00000, 0x00000000ff2a0000, 0x00000000ff2a0000)
  eden space 5504K,   0% used [0x00000000fec00000, 0x00000000fec00000, 0x00000000ff160000)
  from space 640K,   1% used [0x00000000ff200000, 0x00000000ff202850, 0x00000000ff2a0000)
  to   space 640K,   0% used [0x00000000ff160000, 0x00000000ff160000, 0x00000000ff200000)
 concurrent mark-sweep generation total 13696K, used 11104K [0x00000000ff2a0000, 0x0000000100000000, 0x0000000100000000)
 Metaspace       used 4531K, capacity 4794K, committed 4992K, reserved 1056768K
  class space    used 495K, capacity 533K, committed 640K, reserved 1048576K
}
{Heap before GC invocations=125 (full 18):
 par new generation   total 6144K, used 5239K [0x00000000fec00000, 0x00000000ff2a0000, 0x00000000ff2a0000)
  eden space 5504K,  95% used [0x00000000fec00000, 0x00000000ff11b4e0, 0x00000000ff160000)
  from space 640K,   1% used [0x00000000ff200000, 0x00000000ff202850, 0x00000000ff2a0000)
  to   space 640K,   0% used [0x00000000ff160000, 0x00000000ff160000, 0x00000000ff200000)
 concurrent mark-sweep generation total 13696K, used 11104K [0x00000000ff2a0000, 0x0000000100000000, 0x0000000100000000)
 Metaspace       used 4531K, capacity 4794K, committed 4992K, reserved 1056768K
  class space    used 495K, capacity 533K, committed 640K, reserved 1048576K
2024-07-16T18:26:14.210+0800: 1.014: [GC (Allocation Failure) 2024-07-16T18:26:14.210+0800: 1.014: [ParNew: 5239K->4K(6144K), 0.0002826 secs] 16344K->11108K(19840K), 0.0003320 secs] [Times: user=0.00 sys=0.00, real=0.00 secs] 
Heap after GC invocations=126 (full 18):
 par new generation   total 6144K, used 4K [0x00000000fec00000, 0x00000000ff2a0000, 0x00000000ff2a0000)
  eden space 5504K,   0% used [0x00000000fec00000, 0x00000000fec00000, 0x00000000ff160000)
  from space 640K,   0% used [0x00000000ff160000, 0x00000000ff161020, 0x00000000ff200000)
  to   space 640K,   0% used [0x00000000ff200000, 0x00000000ff200000, 0x00000000ff2a0000)
 concurrent mark-sweep generation total 13696K, used 11104K [0x00000000ff2a0000, 0x0000000100000000, 0x0000000100000000)
 Metaspace       used 4531K, capacity 4794K, committed 4992K, reserved 1056768K
  class space    used 495K, capacity 533K, committed 640K, reserved 1048576K
}
{Heap before GC invocations=126 (full 18):
 par new generation   total 6144K, used 5233K [0x00000000fec00000, 0x00000000ff2a0000, 0x00000000ff2a0000)
  eden space 5504K,  95% used [0x00000000fec00000, 0x00000000ff11b5d0, 0x00000000ff160000)
  from space 640K,   0% used [0x00000000ff160000, 0x00000000ff161020, 0x00000000ff200000)
  to   space 640K,   0% used [0x00000000ff200000, 0x00000000ff200000, 0x00000000ff2a0000)
 concurrent mark-sweep generation total 13696K, used 11104K [0x00000000ff2a0000, 0x0000000100000000, 0x0000000100000000)
 Metaspace       used 4531K, capacity 4794K, committed 4992K, reserved 1056768K
  class space    used 495K, capacity 533K, committed 640K, reserved 1048576K
2024-07-16T18:26:14.218+0800: 1.022: [GC (Allocation Failure) 2024-07-16T18:26:14.218+0800: 1.022: [ParNew: 5233K->4K(6144K), 0.0002626 secs] 16338K->11108K(19840K), 0.0003104 secs] [Times: user=0.00 sys=0.00, real=0.00 secs] 
Heap after GC invocations=127 (full 18):
 par new generation   total 6144K, used 4K [0x00000000fec00000, 0x00000000ff2a0000, 0x00000000ff2a0000)
  eden space 5504K,   0% used [0x00000000fec00000, 0x00000000fec00000, 0x00000000ff160000)
  from space 640K,   0% used [0x00000000ff200000, 0x00000000ff201020, 0x00000000ff2a0000)
  to   space 640K,   0% used [0x00000000ff160000, 0x00000000ff160000, 0x00000000ff200000)
 concurrent mark-sweep generation total 13696K, used 11104K [0x00000000ff2a0000, 0x0000000100000000, 0x0000000100000000)
 Metaspace       used 4531K, capacity 4794K, committed 4992K, reserved 1056768K
  class space    used 495K, capacity 533K, committed 640K, reserved 1048576K
}
{Heap before GC invocations=127 (full 18):
 par new generation   total 6144K, used 5233K [0x00000000fec00000, 0x00000000ff2a0000, 0x00000000ff2a0000)
  eden space 5504K,  95% used [0x00000000fec00000, 0x00000000ff11b668, 0x00000000ff160000)
  from space 640K,   0% used [0x00000000ff200000, 0x00000000ff201020, 0x00000000ff2a0000)
  to   space 640K,   0% used [0x00000000ff160000, 0x00000000ff160000, 0x00000000ff200000)
 concurrent mark-sweep generation total 13696K, used 11104K [0x00000000ff2a0000, 0x0000000100000000, 0x0000000100000000)
 Metaspace       used 4531K, capacity 4794K, committed 4992K, reserved 1056768K
  class space    used 495K, capacity 533K, committed 640K, reserved 1048576K
2024-07-16T18:26:14.225+0800: 1.029: [GC (Allocation Failure) 2024-07-16T18:26:14.225+0800: 1.029: [ParNew: 5233K->10K(6144K), 0.0003778 secs] 16338K->12139K(19840K), 0.0004261 secs] [Times: user=0.00 sys=0.00, real=0.00 secs] 
Heap after GC invocations=128 (full 18):
 par new generation   total 6144K, used 10K [0x00000000fec00000, 0x00000000ff2a0000, 0x00000000ff2a0000)
  eden space 5504K,   0% used [0x00000000fec00000, 0x00000000fec00000, 0x00000000ff160000)
  from space 640K,   1% used [0x00000000ff160000, 0x00000000ff162850, 0x00000000ff200000)
  to   space 640K,   0% used [0x00000000ff200000, 0x00000000ff200000, 0x00000000ff2a0000)
 concurrent mark-sweep generation total 13696K, used 12128K [0x00000000ff2a0000, 0x0000000100000000, 0x0000000100000000)
 Metaspace       used 4531K, capacity 4794K, committed 4992K, reserved 1056768K
  class space    used 495K, capacity 533K, committed 640K, reserved 1048576K
}
{Heap before GC invocations=128 (full 18):
 par new generation   total 6144K, used 5239K [0x00000000fec00000, 0x00000000ff2a0000, 0x00000000ff2a0000)
  eden space 5504K,  95% used [0x00000000fec00000, 0x00000000ff11b6c8, 0x00000000ff160000)
  from space 640K,   1% used [0x00000000ff160000, 0x00000000ff162850, 0x00000000ff200000)
  to   space 640K,   0% used [0x00000000ff200000, 0x00000000ff200000, 0x00000000ff2a0000)
 concurrent mark-sweep generation total 13696K, used 12128K [0x00000000ff2a0000, 0x0000000100000000, 0x0000000100000000)
 Metaspace       used 4531K, capacity 4794K, committed 4992K, reserved 1056768K
  class space    used 495K, capacity 533K, committed 640K, reserved 1048576K
2024-07-16T18:26:14.231+0800: 1.035: [GC (Allocation Failure) 2024-07-16T18:26:14.231+0800: 1.035: [ParNew: 5239K->8K(6144K), 0.0004061 secs] 17368K->13161K(19840K), 0.0004539 secs] [Times: user=0.00 sys=0.00, real=0.00 secs] 
Heap after GC invocations=129 (full 18):
 par new generation   total 6144K, used 8K [0x00000000fec00000, 0x00000000ff2a0000, 0x00000000ff2a0000)
  eden space 5504K,   0% used [0x00000000fec00000, 0x00000000fec00000, 0x00000000ff160000)
  from space 640K,   1% used [0x00000000ff200000, 0x00000000ff202040, 0x00000000ff2a0000)
  to   space 640K,   0% used [0x00000000ff160000, 0x00000000ff160000, 0x00000000ff200000)
 concurrent mark-sweep generation total 13696K, used 13152K [0x00000000ff2a0000, 0x0000000100000000, 0x0000000100000000)
 Metaspace       used 4531K, capacity 4794K, committed 4992K, reserved 1056768K
  class space    used 495K, capacity 533K, committed 640K, reserved 1048576K
}
2024-07-16T18:26:14.231+0800: 1.036: [CMS-concurrent-abortable-preclean: 0.000/0.052 secs] [Times: user=0.00 sys=0.00, real=0.05 secs] 
2024-07-16T18:26:14.231+0800: 1.036: [GC (CMS Final Remark) [YG occupancy: 1139 K (6144 K)]{Heap before GC invocations=129 (full 18):
 par new generation   total 6144K, used 1139K [0x00000000fec00000, 0x00000000ff2a0000, 0x00000000ff2a0000)
  eden space 5504K,  20% used [0x00000000fec00000, 0x00000000fed1aeb8, 0x00000000ff160000)
  from space 640K,   1% used [0x00000000ff200000, 0x00000000ff202040, 0x00000000ff2a0000)
  to   space 640K,   0% used [0x00000000ff160000, 0x00000000ff160000, 0x00000000ff200000)
 concurrent mark-sweep generation total 13696K, used 13152K [0x00000000ff2a0000, 0x0000000100000000, 0x0000000100000000)
 Metaspace       used 4531K, capacity 4794K, committed 4992K, reserved 1056768K
  class space    used 495K, capacity 533K, committed 640K, reserved 1048576K
2024-07-16T18:26:14.231+0800: 1.036: [GC (CMS Final Remark) 2024-07-16T18:26:14.231+0800: 1.036: [ParNew: 1139K->1139K(6144K), 0.0000155 secs] 14292K->14292K(19840K), 0.0000413 secs] [Times: user=0.00 sys=0.00, real=0.00 secs] 
Heap after GC invocations=130 (full 18):
 par new generation   total 6144K, used 1139K [0x00000000fec00000, 0x00000000ff2a0000, 0x00000000ff2a0000)
  eden space 5504K,  20% used [0x00000000fec00000, 0x00000000fed1aeb8, 0x00000000ff160000)
  from space 640K,   1% used [0x00000000ff200000, 0x00000000ff202040, 0x00000000ff2a0000)
  to   space 640K,   0% used [0x00000000ff160000, 0x00000000ff160000, 0x00000000ff200000)
 concurrent mark-sweep generation total 13696K, used 13152K [0x00000000ff2a0000, 0x0000000100000000, 0x0000000100000000)
 Metaspace       used 4531K, capacity 4794K, committed 4992K, reserved 1056768K
  class space    used 495K, capacity 533K, committed 640K, reserved 1048576K
}
2024-07-16T18:26:14.231+0800: 1.036: [Rescan (parallel) , 0.0002775 secs]2024-07-16T18:26:14.232+0800: 1.036: [weak refs processing, 0.0000182 secs]2024-07-16T18:26:14.232+0800: 1.036: [class unloading, 0.0004181 secs]2024-07-16T18:26:14.232+0800: 1.037: [scrub symbol table, 0.0002918 secs]2024-07-16T18:26:14.232+0800: 1.037: [scrub string table, 0.0000616 secs][1 CMS-remark: 13152K(13696K)] 14292K(19840K), 0.0012378 secs] [Times: user=0.00 sys=0.00, real=0.00 secs] 
2024-07-16T18:26:14.233+0800: 1.037: [CMS-concurrent-sweep-start]
2024-07-16T18:26:14.233+0800: 1.037: [CMS-concurrent-sweep: 0.000/0.000 secs] [Times: user=0.00 sys=0.00, real=0.00 secs] 
2024-07-16T18:26:14.233+0800: 1.037: [CMS-concurrent-reset-start]
2024-07-16T18:26:14.233+0800: 1.037: [CMS-concurrent-reset: 0.000/0.000 secs] [Times: user=0.00 sys=0.00, real=0.00 secs] 
{Heap before GC invocations=130 (full 18):
 par new generation   total 6144K, used 5455K [0x00000000fec00000, 0x00000000ff2a0000, 0x00000000ff2a0000)
  eden space 5504K,  98% used [0x00000000fec00000, 0x00000000ff151e18, 0x00000000ff160000)
  from space 640K,   1% used [0x00000000ff200000, 0x00000000ff202040, 0x00000000ff2a0000)
  to   space 640K,   0% used [0x00000000ff160000, 0x00000000ff160000, 0x00000000ff200000)
 concurrent mark-sweep generation total 13696K, used 4958K [0x00000000ff2a0000, 0x0000000100000000, 0x0000000100000000)
 Metaspace       used 4578K, capacity 4826K, committed 4992K, reserved 1056768K
  class space    used 500K, capacity 565K, committed 640K, reserved 1048576K
2024-07-16T18:26:14.242+0800: 1.046: [GC (Allocation Failure) 2024-07-16T18:26:14.242+0800: 1.046: [ParNew: 5455K->46K(6144K), 0.0003599 secs] 10414K->6030K(19840K), 0.0003995 secs] [Times: user=0.00 sys=0.00, real=0.00 secs] 
Heap after GC invocations=131 (full 18):
 par new generation   total 6144K, used 46K [0x00000000fec00000, 0x00000000ff2a0000, 0x00000000ff2a0000)
  eden space 5504K,   0% used [0x00000000fec00000, 0x00000000fec00000, 0x00000000ff160000)
  from space 640K,   7% used [0x00000000ff160000, 0x00000000ff16b8c0, 0x00000000ff200000)
  to   space 640K,   0% used [0x00000000ff200000, 0x00000000ff200000, 0x00000000ff2a0000)
 concurrent mark-sweep generation total 13696K, used 5984K [0x00000000ff2a0000, 0x0000000100000000, 0x0000000100000000)
 Metaspace       used 4578K, capacity 4826K, committed 4992K, reserved 1056768K
  class space    used 500K, capacity 565K, committed 640K, reserved 1048576K
}
2024-07-16T18:26:14.242+0800: 1.047: [GC (CMS Initial Mark) [1 CMS-initial-mark: 5984K(13696K)] 7054K(19840K), 0.0001047 secs] [Times: user=0.00 sys=0.00, real=0.00 secs] 
2024-07-16T18:26:14.242+0800: 1.047: [CMS-concurrent-mark-start]
2024-07-16T18:26:14.243+0800: 1.048: [CMS-concurrent-mark: 0.001/0.001 secs] [Times: user=0.00 sys=0.00, real=0.00 secs] 
2024-07-16T18:26:14.243+0800: 1.048: [CMS-concurrent-preclean-start]
2024-07-16T18:26:14.243+0800: 1.048: [CMS-concurrent-preclean: 0.000/0.000 secs] [Times: user=0.00 sys=0.00, real=0.00 secs] 
2024-07-16T18:26:14.244+0800: 1.048: [GC (CMS Final Remark) [YG occupancy: 1216 K (6144 K)]{Heap before GC invocations=131 (full 19):
 par new generation   total 6144K, used 1216K [0x00000000fec00000, 0x00000000ff2a0000, 0x00000000ff2a0000)
  eden space 5504K,  21% used [0x00000000fec00000, 0x00000000fed24b28, 0x00000000ff160000)
  from space 640K,   7% used [0x00000000ff160000, 0x00000000ff16b8c0, 0x00000000ff200000)
  to   space 640K,   0% used [0x00000000ff200000, 0x00000000ff200000, 0x00000000ff2a0000)
 concurrent mark-sweep generation total 13696K, used 5984K [0x00000000ff2a0000, 0x0000000100000000, 0x0000000100000000)
 Metaspace       used 4653K, capacity 4826K, committed 4992K, reserved 1056768K
  class space    used 505K, capacity 565K, committed 640K, reserved 1048576K
2024-07-16T18:26:14.244+0800: 1.048: [GC (CMS Final Remark) 2024-07-16T18:26:14.244+0800: 1.048: [ParNew: 1216K->50K(6144K), 0.0002708 secs] 7201K->7059K(19840K), 0.0002917 secs] [Times: user=0.00 sys=0.00, real=0.00 secs] 
Heap after GC invocations=132 (full 19):
 par new generation   total 6144K, used 50K [0x00000000fec00000, 0x00000000ff2a0000, 0x00000000ff2a0000)
  eden space 5504K,   0% used [0x00000000fec00000, 0x00000000fec00000, 0x00000000ff160000)
  from space 640K,   7% used [0x00000000ff200000, 0x00000000ff20c8e0, 0x00000000ff2a0000)
  to   space 640K,   0% used [0x00000000ff160000, 0x00000000ff160000, 0x00000000ff200000)
 concurrent mark-sweep generation total 13696K, used 7008K [0x00000000ff2a0000, 0x0000000100000000, 0x0000000100000000)
 Metaspace       used 4653K, capacity 4826K, committed 4992K, reserved 1056768K
  class space    used 505K, capacity 565K, committed 640K, reserved 1048576K
}
2024-07-16T18:26:14.244+0800: 1.049: [Rescan (parallel) , 0.0001391 secs]2024-07-16T18:26:14.244+0800: 1.049: [weak refs processing, 0.0000077 secs]2024-07-16T18:26:14.244+0800: 1.049: [class unloading, 0.0002498 secs]2024-07-16T18:26:14.244+0800: 1.049: [scrub symbol table, 0.0002872 secs]2024-07-16T18:26:14.245+0800: 1.049: [scrub string table, 0.0000632 secs][1 CMS-remark: 7008K(13696K)] 7059K(19840K), 0.0011149 secs] [Times: user=0.00 sys=0.00, real=0.00 secs] 
2024-07-16T18:26:14.245+0800: 1.049: [CMS-concurrent-sweep-start]
2024-07-16T18:26:14.245+0800: 1.050: [CMS-concurrent-sweep: 0.000/0.000 secs] [Times: user=0.00 sys=0.00, real=0.00 secs] 
2024-07-16T18:26:14.245+0800: 1.050: [CMS-concurrent-reset-start]
2024-07-16T18:26:14.245+0800: 1.050: [CMS-concurrent-reset: 0.000/0.000 secs] [Times: user=0.00 sys=0.00, real=0.00 secs] 
{Heap before GC invocations=132 (full 19):
 par new generation   total 6144K, used 4668K [0x00000000fec00000, 0x00000000ff2a0000, 0x00000000ff2a0000)
  eden space 5504K,  83% used [0x00000000fec00000, 0x00000000ff0828b8, 0x00000000ff160000)
  from space 640K,   7% used [0x00000000ff200000, 0x00000000ff20c8e0, 0x00000000ff2a0000)
  to   space 640K,   0% used [0x00000000ff160000, 0x00000000ff160000, 0x00000000ff200000)
 concurrent mark-sweep generation total 13696K, used 2912K [0x00000000ff2a0000, 0x0000000100000000, 0x0000000100000000)
 Metaspace       used 4872K, capacity 5066K, committed 5248K, reserved 1056768K
  class space    used 538K, capacity 597K, committed 640K, reserved 1048576K
2024-07-16T18:26:14.251+0800: 1.055: [GC (Allocation Failure) 2024-07-16T18:26:14.251+0800: 1.055: [ParNew: 4668K->242K(6144K), 0.0004331 secs] 7581K->3155K(19840K), 0.0004705 secs] [Times: user=0.00 sys=0.00, real=0.00 secs] 
Heap after GC invocations=133 (full 19):
 par new generation   total 6144K, used 242K [0x00000000fec00000, 0x00000000ff2a0000, 0x00000000ff2a0000)
  eden space 5504K,   0% used [0x00000000fec00000, 0x00000000fec00000, 0x00000000ff160000)
  from space 640K,  37% used [0x00000000ff160000, 0x00000000ff19c940, 0x00000000ff200000)
  to   space 640K,   0% used [0x00000000ff200000, 0x00000000ff200000, 0x00000000ff2a0000)
 concurrent mark-sweep generation total 13696K, used 2912K [0x00000000ff2a0000, 0x0000000100000000, 0x0000000100000000)
 Metaspace       used 4872K, capacity 5066K, committed 5248K, reserved 1056768K
  class space    used 538K, capacity 597K, committed 640K, reserved 1048576K
}
{Heap before GC invocations=133 (full 19):
 par new generation   total 6144K, used 4860K [0x00000000fec00000, 0x00000000ff2a0000, 0x00000000ff2a0000)
  eden space 5504K,  83% used [0x00000000fec00000, 0x00000000ff0829b0, 0x00000000ff160000)
  from space 640K,  37% used [0x00000000ff160000, 0x00000000ff19c940, 0x00000000ff200000)
  to   space 640K,   0% used [0x00000000ff200000, 0x00000000ff200000, 0x00000000ff2a0000)
 concurrent mark-sweep generation total 13696K, used 2912K [0x00000000ff2a0000, 0x0000000100000000, 0x0000000100000000)
 Metaspace       used 5069K, capacity 5258K, committed 5504K, reserved 1056768K
  class space    used 557K, capacity 597K, committed 640K, reserved 1048576K
2024-07-16T18:26:14.256+0800: 1.060: [GC (Allocation Failure) 2024-07-16T18:26:14.256+0800: 1.060: [ParNew: 4860K->387K(6144K), 0.0004300 secs] 7773K->4324K(19840K), 0.0004686 secs] [Times: user=0.00 sys=0.00, real=0.00 secs] 
Heap after GC invocations=134 (full 19):
 par new generation   total 6144K, used 387K [0x00000000fec00000, 0x00000000ff2a0000, 0x00000000ff2a0000)
  eden space 5504K,   0% used [0x00000000fec00000, 0x00000000fec00000, 0x00000000ff160000)
  from space 640K,  60% used [0x00000000ff200000, 0x00000000ff260ef0, 0x00000000ff2a0000)
  to   space 640K,   0% used [0x00000000ff160000, 0x00000000ff160000, 0x00000000ff200000)
 concurrent mark-sweep generation total 13696K, used 3936K [0x00000000ff2a0000, 0x0000000100000000, 0x0000000100000000)
 Metaspace       used 5069K, capacity 5258K, committed 5504K, reserved 1056768K
  class space    used 557K, capacity 597K, committed 640K, reserved 1048576K
}
{Heap before GC invocations=134 (full 19):
 par new generation   total 6144K, used 5603K [0x00000000fec00000, 0x00000000ff2a0000, 0x00000000ff2a0000)
  eden space 5504K,  94% used [0x00000000fec00000, 0x00000000ff118018, 0x00000000ff160000)
  from space 640K,  60% used [0x00000000ff200000, 0x00000000ff260ef0, 0x00000000ff2a0000)
  to   space 640K,   0% used [0x00000000ff160000, 0x00000000ff160000, 0x00000000ff200000)
 concurrent mark-sweep generation total 13696K, used 3936K [0x00000000ff2a0000, 0x0000000100000000, 0x0000000100000000)
 Metaspace       used 5069K, capacity 5258K, committed 5504K, reserved 1056768K
  class space    used 557K, capacity 597K, committed 640K, reserved 1048576K
2024-07-16T18:26:14.262+0800: 1.066: [GC (Allocation Failure) 2024-07-16T18:26:14.262+0800: 1.066: [ParNew: 5603K->300K(6144K), 0.0008620 secs] 9540K->5463K(19840K), 0.0009055 secs] [Times: user=0.00 sys=0.00, real=0.00 secs] 
Heap after GC invocations=135 (full 19):
 par new generation   total 6144K, used 300K [0x00000000fec00000, 0x00000000ff2a0000, 0x00000000ff2a0000)
  eden space 5504K,   0% used [0x00000000fec00000, 0x00000000fec00000, 0x00000000ff160000)
  from space 640K,  46% used [0x00000000ff160000, 0x00000000ff1ab2c8, 0x00000000ff200000)
  to   space 640K,   0% used [0x00000000ff200000, 0x00000000ff200000, 0x00000000ff2a0000)
 concurrent mark-sweep generation total 13696K, used 5163K [0x00000000ff2a0000, 0x0000000100000000, 0x0000000100000000)
 Metaspace       used 5069K, capacity 5258K, committed 5504K, reserved 1056768K
  class space    used 557K, capacity 597K, committed 640K, reserved 1048576K
}
{Heap before GC invocations=135 (full 19):
 par new generation   total 6144K, used 5521K [0x00000000fec00000, 0x00000000ff2a0000, 0x00000000ff2a0000)
  eden space 5504K,  94% used [0x00000000fec00000, 0x00000000ff1193e0, 0x00000000ff160000)
  from space 640K,  46% used [0x00000000ff160000, 0x00000000ff1ab2c8, 0x00000000ff200000)
  to   space 640K,   0% used [0x00000000ff200000, 0x00000000ff200000, 0x00000000ff2a0000)
 concurrent mark-sweep generation total 13696K, used 5163K [0x00000000ff2a0000, 0x0000000100000000, 0x0000000100000000)
 Metaspace       used 5069K, capacity 5258K, committed 5504K, reserved 1056768K
  class space    used 557K, capacity 597K, committed 640K, reserved 1048576K
2024-07-16T18:26:14.269+0800: 1.073: [GC (Allocation Failure) 2024-07-16T18:26:14.269+0800: 1.073: [ParNew: 5521K->202K(6144K), 0.0004411 secs] 10684K->7414K(19840K), 0.0004770 secs] [Times: user=0.00 sys=0.00, real=0.00 secs] 
Heap after GC invocations=136 (full 19):
 par new generation   total 6144K, used 202K [0x00000000fec00000, 0x00000000ff2a0000, 0x00000000ff2a0000)
  eden space 5504K,   0% used [0x00000000fec00000, 0x00000000fec00000, 0x00000000ff160000)
  from space 640K,  31% used [0x00000000ff200000, 0x00000000ff232bc0, 0x00000000ff2a0000)
  to   space 640K,   0% used [0x00000000ff160000, 0x00000000ff160000, 0x00000000ff200000)
 concurrent mark-sweep generation total 13696K, used 7211K [0x00000000ff2a0000, 0x0000000100000000, 0x0000000100000000)
 Metaspace       used 5069K, capacity 5258K, committed 5504K, reserved 1056768K
  class space    used 557K, capacity 597K, committed 640K, reserved 1048576K
}
2024-07-16T18:26:14.269+0800: 1.074: [GC (CMS Initial Mark) [1 CMS-initial-mark: 7211K(13696K)] 8440K(19840K), 0.0001031 secs] [Times: user=0.00 sys=0.00, real=0.00 secs] 
2024-07-16T18:26:14.269+0800: 1.074: [CMS-concurrent-mark-start]
2024-07-16T18:26:14.270+0800: 1.075: [CMS-concurrent-mark: 0.001/0.001 secs] [Times: user=0.00 sys=0.00, real=0.00 secs] 
2024-07-16T18:26:14.270+0800: 1.075: [CMS-concurrent-preclean-start]
2024-07-16T18:26:14.270+0800: 1.075: [CMS-concurrent-preclean: 0.000/0.000 secs] [Times: user=0.00 sys=0.00, real=0.00 secs] 
2024-07-16T18:26:14.270+0800: 1.075: [CMS-concurrent-abortable-preclean-start]
{Heap before GC invocations=136 (full 20):
 par new generation   total 6144K, used 5427K [0x00000000fec00000, 0x00000000ff2a0000, 0x00000000ff2a0000)
  eden space 5504K,  94% used [0x00000000fec00000, 0x00000000ff11a098, 0x00000000ff160000)
  from space 640K,  31% used [0x00000000ff200000, 0x00000000ff232bc0, 0x00000000ff2a0000)
  to   space 640K,   0% used [0x00000000ff160000, 0x00000000ff160000, 0x00000000ff200000)
 concurrent mark-sweep generation total 13696K, used 7211K [0x00000000ff2a0000, 0x0000000100000000, 0x0000000100000000)
 Metaspace       used 5069K, capacity 5258K, committed 5504K, reserved 1056768K
  class space    used 557K, capacity 597K, committed 640K, reserved 1048576K
2024-07-16T18:26:14.276+0800: 1.080: [GC (Allocation Failure) 2024-07-16T18:26:14.276+0800: 1.080: [ParNew: 5427K->184K(6144K), 0.0003130 secs] 12638K->7395K(19840K), 0.0003421 secs] [Times: user=0.00 sys=0.00, real=0.00 secs] 
Heap after GC invocations=137 (full 20):
 par new generation   total 6144K, used 184K [0x00000000fec00000, 0x00000000ff2a0000, 0x00000000ff2a0000)
  eden space 5504K,   0% used [0x00000000fec00000, 0x00000000fec00000, 0x00000000ff160000)
  from space 640K,  28% used [0x00000000ff160000, 0x00000000ff18e2f0, 0x00000000ff200000)
  to   space 640K,   0% used [0x00000000ff200000, 0x00000000ff200000, 0x00000000ff2a0000)
 concurrent mark-sweep generation total 13696K, used 7211K [0x00000000ff2a0000, 0x0000000100000000, 0x0000000100000000)
 Metaspace       used 5069K, capacity 5258K, committed 5504K, reserved 1056768K
  class space    used 557K, capacity 597K, committed 640K, reserved 1048576K
}
{Heap before GC invocations=137 (full 20):
 par new generation   total 6144K, used 5410K [0x00000000fec00000, 0x00000000ff2a0000, 0x00000000ff2a0000)
  eden space 5504K,  94% used [0x00000000fec00000, 0x00000000ff11a8c8, 0x00000000ff160000)
  from space 640K,  28% used [0x00000000ff160000, 0x00000000ff18e2f0, 0x00000000ff200000)
  to   space 640K,   0% used [0x00000000ff200000, 0x00000000ff200000, 0x00000000ff2a0000)
 concurrent mark-sweep generation total 13696K, used 7211K [0x00000000ff2a0000, 0x0000000100000000, 0x0000000100000000)
 Metaspace       used 5069K, capacity 5258K, committed 5504K, reserved 1056768K
  class space    used 557K, capacity 597K, committed 640K, reserved 1048576K
2024-07-16T18:26:14.283+0800: 1.087: [GC (Allocation Failure) 2024-07-16T18:26:14.283+0800: 1.087: [ParNew: 5410K->162K(6144K), 0.0003038 secs] 12622K->7373K(19840K), 0.0003336 secs] [Times: user=0.00 sys=0.00, real=0.00 secs] 
Heap after GC invocations=138 (full 20):
 par new generation   total 6144K, used 162K [0x00000000fec00000, 0x00000000ff2a0000, 0x00000000ff2a0000)
  eden space 5504K,   0% used [0x00000000fec00000, 0x00000000fec00000, 0x00000000ff160000)
  from space 640K,  25% used [0x00000000ff200000, 0x00000000ff228800, 0x00000000ff2a0000)
  to   space 640K,   0% used [0x00000000ff160000, 0x00000000ff160000, 0x00000000ff200000)
 concurrent mark-sweep generation total 13696K, used 7211K [0x00000000ff2a0000, 0x0000000100000000, 0x0000000100000000)
 Metaspace       used 5069K, capacity 5258K, committed 5504K, reserved 1056768K
  class space    used 557K, capacity 597K, committed 640K, reserved 1048576K
}
{Heap before GC invocations=138 (full 20):
 par new generation   total 6144K, used 5389K [0x00000000fec00000, 0x00000000ff2a0000, 0x00000000ff2a0000)
  eden space 5504K,  94% used [0x00000000fec00000, 0x00000000ff11ae08, 0x00000000ff160000)
  from space 640K,  25% used [0x00000000ff200000, 0x00000000ff228800, 0x00000000ff2a0000)
  to   space 640K,   0% used [0x00000000ff160000, 0x00000000ff160000, 0x00000000ff200000)
 concurrent mark-sweep generation total 13696K, used 7211K [0x00000000ff2a0000, 0x0000000100000000, 0x0000000100000000)
 Metaspace       used 5073K, capacity 5258K, committed 5504K, reserved 1056768K
  class space    used 557K, capacity 597K, committed 640K, reserved 1048576K
2024-07-16T18:26:14.291+0800: 1.095: [GC (Allocation Failure) 2024-07-16T18:26:14.291+0800: 1.095: [ParNew: 5389K->230K(6144K), 0.0003586 secs] 12600K->7441K(19840K), 0.0003951 secs] [Times: user=0.00 sys=0.00, real=0.00 secs] 
Heap after GC invocations=139 (full 20):
 par new generation   total 6144K, used 230K [0x00000000fec00000, 0x00000000ff2a0000, 0x00000000ff2a0000)
  eden space 5504K,   0% used [0x00000000fec00000, 0x00000000fec00000, 0x00000000ff160000)
  from space 640K,  36% used [0x00000000ff160000, 0x00000000ff199ac8, 0x00000000ff200000)
  to   space 640K,   0% used [0x00000000ff200000, 0x00000000ff200000, 0x00000000ff2a0000)
 concurrent mark-sweep generation total 13696K, used 7211K [0x00000000ff2a0000, 0x0000000100000000, 0x0000000100000000)
 Metaspace       used 5073K, capacity 5258K, committed 5504K, reserved 1056768K
  class space    used 557K, capacity 597K, committed 640K, reserved 1048576K
}
{Heap before GC invocations=139 (full 20):
 par new generation   total 6144K, used 5459K [0x00000000fec00000, 0x00000000ff2a0000, 0x00000000ff2a0000)
  eden space 5504K,  94% used [0x00000000fec00000, 0x00000000ff11b168, 0x00000000ff160000)
  from space 640K,  36% used [0x00000000ff160000, 0x00000000ff199ac8, 0x00000000ff200000)
  to   space 640K,   0% used [0x00000000ff200000, 0x00000000ff200000, 0x00000000ff2a0000)
 concurrent mark-sweep generation total 13696K, used 7211K [0x00000000ff2a0000, 0x0000000100000000, 0x0000000100000000)
 Metaspace       used 5073K, capacity 5258K, committed 5504K, reserved 1056768K
  class space    used 557K, capacity 597K, committed 640K, reserved 1048576K
2024-07-16T18:26:14.298+0800: 1.102: [GC (Allocation Failure) 2024-07-16T18:26:14.298+0800: 1.102: [ParNew: 5459K->16K(6144K), 0.0003392 secs] 12670K->7364K(19840K), 0.0003664 secs] [Times: user=0.00 sys=0.00, real=0.00 secs] 
Heap after GC invocations=140 (full 20):
 par new generation   total 6144K, used 16K [0x00000000fec00000, 0x00000000ff2a0000, 0x00000000ff2a0000)
  eden space 5504K,   0% used [0x00000000fec00000, 0x00000000fec00000, 0x00000000ff160000)
  from space 640K,   2% used [0x00000000ff200000, 0x00000000ff2043e0, 0x00000000ff2a0000)
  to   space 640K,   0% used [0x00000000ff160000, 0x00000000ff160000, 0x00000000ff200000)
 concurrent mark-sweep generation total 13696K, used 7347K [0x00000000ff2a0000, 0x0000000100000000, 0x0000000100000000)
 Metaspace       used 5073K, capacity 5258K, committed 5504K, reserved 1056768K
  class space    used 557K, capacity 597K, committed 640K, reserved 1048576K
}
{Heap before GC invocations=140 (full 20):
 par new generation   total 6144K, used 5245K [0x00000000fec00000, 0x00000000ff2a0000, 0x00000000ff2a0000)
  eden space 5504K,  95% used [0x00000000fec00000, 0x00000000ff11b398, 0x00000000ff160000)
  from space 640K,   2% used [0x00000000ff200000, 0x00000000ff2043e0, 0x00000000ff2a0000)
  to   space 640K,   0% used [0x00000000ff160000, 0x00000000ff160000, 0x00000000ff200000)
 concurrent mark-sweep generation total 13696K, used 7347K [0x00000000ff2a0000, 0x0000000100000000, 0x0000000100000000)
 Metaspace       used 5073K, capacity 5258K, committed 5504K, reserved 1056768K
  class space    used 557K, capacity 597K, committed 640K, reserved 1048576K
2024-07-16T18:26:14.305+0800: 1.109: [GC (Allocation Failure) 2024-07-16T18:26:14.305+0800: 1.109: [ParNew: 5245K->8K(6144K), 0.0003224 secs] 12593K->8379K(19840K), 0.0003437 secs] [Times: user=0.00 sys=0.00, real=0.00 secs] 
Heap after GC invocations=141 (full 20):
 par new generation   total 6144K, used 8K [0x00000000fec00000, 0x00000000ff2a0000, 0x00000000ff2a0000)
  eden space 5504K,   0% used [0x00000000fec00000, 0x00000000fec00000, 0x00000000ff160000)
  from space 640K,   1% used [0x00000000ff160000, 0x00000000ff1621e0, 0x00000000ff200000)
  to   space 640K,   0% used [0x00000000ff200000, 0x00000000ff200000, 0x00000000ff2a0000)
 concurrent mark-sweep generation total 13696K, used 8371K [0x00000000ff2a0000, 0x0000000100000000, 0x0000000100000000)
 Metaspace       used 5073K, capacity 5258K, committed 5504K, reserved 1056768K
  class space    used 557K, capacity 597K, committed 640K, reserved 1048576K
}
{Heap before GC invocations=141 (full 20):
 par new generation   total 6144K, used 5237K [0x00000000fec00000, 0x00000000ff2a0000, 0x00000000ff2a0000)
  eden space 5504K,  95% used [0x00000000fec00000, 0x00000000ff11b4f8, 0x00000000ff160000)
  from space 640K,   1% used [0x00000000ff160000, 0x00000000ff1621e0, 0x00000000ff200000)
  to   space 640K,   0% used [0x00000000ff200000, 0x00000000ff200000, 0x00000000ff2a0000)
 concurrent mark-sweep generation total 13696K, used 8371K [0x00000000ff2a0000, 0x0000000100000000, 0x0000000100000000)
 Metaspace       used 5073K, capacity 5258K, committed 5504K, reserved 1056768K
  class space    used 557K, capacity 597K, committed 640K, reserved 1048576K
2024-07-16T18:26:14.312+0800: 1.116: [GC (Allocation Failure) 2024-07-16T18:26:14.312+0800: 1.116: [ParNew: 5237K->2K(6144K), 0.0002722 secs] 13608K->8373K(19840K), 0.0002963 secs] [Times: user=0.00 sys=0.00, real=0.00 secs] 
Heap after GC invocations=142 (full 20):
 par new generation   total 6144K, used 2K [0x00000000fec00000, 0x00000000ff2a0000, 0x00000000ff2a0000)
  eden space 5504K,   0% used [0x00000000fec00000, 0x00000000fec00000, 0x00000000ff160000)
  from space 640K,   0% used [0x00000000ff200000, 0x00000000ff200810, 0x00000000ff2a0000)
  to   space 640K,   0% used [0x00000000ff160000, 0x00000000ff160000, 0x00000000ff200000)
 concurrent mark-sweep generation total 13696K, used 8371K [0x00000000ff2a0000, 0x0000000100000000, 0x0000000100000000)
 Metaspace       used 5073K, capacity 5258K, committed 5504K, reserved 1056768K
  class space    used 557K, capacity 597K, committed 640K, reserved 1048576K
}
{Heap before GC invocations=142 (full 20):
 par new generation   total 6144K, used 5231K [0x00000000fec00000, 0x00000000ff2a0000, 0x00000000ff2a0000)
  eden space 5504K,  95% used [0x00000000fec00000, 0x00000000ff11b5e0, 0x00000000ff160000)
  from space 640K,   0% used [0x00000000ff200000, 0x00000000ff200810, 0x00000000ff2a0000)
  to   space 640K,   0% used [0x00000000ff160000, 0x00000000ff160000, 0x00000000ff200000)
 concurrent mark-sweep generation total 13696K, used 8371K [0x00000000ff2a0000, 0x0000000100000000, 0x0000000100000000)
 Metaspace       used 5073K, capacity 5258K, committed 5504K, reserved 1056768K
  class space    used 557K, capacity 597K, committed 640K, reserved 1048576K
2024-07-16T18:26:14.319+0800: 1.123: [GC (Allocation Failure) 2024-07-16T18:26:14.319+0800: 1.123: [ParNew: 5231K->10K(6144K), 0.0007426 secs] 13602K->9405K(19840K), 0.0007845 secs] [Times: user=0.00 sys=0.00, real=0.00 secs] 
Heap after GC invocations=143 (full 20):
 par new generation   total 6144K, used 10K [0x00000000fec00000, 0x00000000ff2a0000, 0x00000000ff2a0000)
  eden space 5504K,   0% used [0x00000000fec00000, 0x00000000fec00000, 0x00000000ff160000)
  from space 640K,   1% used [0x00000000ff160000, 0x00000000ff162850, 0x00000000ff200000)
  to   space 640K,   0% used [0x00000000ff200000, 0x00000000ff200000, 0x00000000ff2a0000)
 concurrent mark-sweep generation total 13696K, used 9395K [0x00000000ff2a0000, 0x0000000100000000, 0x0000000100000000)
 Metaspace       used 5073K, capacity 5258K, committed 5504K, reserved 1056768K
  class space    used 557K, capacity 597K, committed 640K, reserved 1048576K
}
{Heap before GC invocations=143 (full 20):
 par new generation   total 6144K, used 5239K [0x00000000fec00000, 0x00000000ff2a0000, 0x00000000ff2a0000)
  eden space 5504K,  95% used [0x00000000fec00000, 0x00000000ff11b670, 0x00000000ff160000)
  from space 640K,   1% used [0x00000000ff160000, 0x00000000ff162850, 0x00000000ff200000)
  to   space 640K,   0% used [0x00000000ff200000, 0x00000000ff200000, 0x00000000ff2a0000)
 concurrent mark-sweep generation total 13696K, used 9395K [0x00000000ff2a0000, 0x0000000100000000, 0x0000000100000000)
 Metaspace       used 5073K, capacity 5258K, committed 5504K, reserved 1056768K
  class space    used 557K, capacity 597K, committed 640K, reserved 1048576K
2024-07-16T18:26:14.325+0800: 1.129: [GC (Allocation Failure) 2024-07-16T18:26:14.325+0800: 1.129: [ParNew: 5239K->8K(6144K), 0.0010042 secs] 14634K->10427K(19840K), 0.0010783 secs] [Times: user=0.00 sys=0.00, real=0.00 secs] 
Heap after GC invocations=144 (full 20):
 par new generation   total 6144K, used 8K [0x00000000fec00000, 0x00000000ff2a0000, 0x00000000ff2a0000)
  eden space 5504K,   0% used [0x00000000fec00000, 0x00000000fec00000, 0x00000000ff160000)
  from space 640K,   1% used [0x00000000ff200000, 0x00000000ff202040, 0x00000000ff2a0000)
  to   space 640K,   0% used [0x00000000ff160000, 0x00000000ff160000, 0x00000000ff200000)
 concurrent mark-sweep generation total 13696K, used 10419K [0x00000000ff2a0000, 0x0000000100000000, 0x0000000100000000)
 Metaspace       used 5073K, capacity 5258K, committed 5504K, reserved 1056768K
  class space    used 557K, capacity 597K, committed 640K, reserved 1048576K
}
{Heap before GC invocations=144 (full 20):
 par new generation   total 6144K, used 5237K [0x00000000fec00000, 0x00000000ff2a0000, 0x00000000ff2a0000)
  eden space 5504K,  95% used [0x00000000fec00000, 0x00000000ff11b6d0, 0x00000000ff160000)
  from space 640K,   1% used [0x00000000ff200000, 0x00000000ff202040, 0x00000000ff2a0000)
  to   space 640K,   0% used [0x00000000ff160000, 0x00000000ff160000, 0x00000000ff200000)
 concurrent mark-sweep generation total 13696K, used 10419K [0x00000000ff2a0000, 0x0000000100000000, 0x0000000100000000)
 Metaspace       used 5073K, capacity 5258K, committed 5504K, reserved 1056768K
  class space    used 557K, capacity 597K, committed 640K, reserved 1048576K
2024-07-16T18:26:14.333+0800: 1.137: [GC (Allocation Failure) 2024-07-16T18:26:14.333+0800: 1.137: [ParNew: 5237K->12K(6144K), 0.0013677 secs] 15656K->12479K(19840K), 0.0014415 secs] [Times: user=0.00 sys=0.00, real=0.00 secs] 
Heap after GC invocations=145 (full 20):
 par new generation   total 6144K, used 12K [0x00000000fec00000, 0x00000000ff2a0000, 0x00000000ff2a0000)
  eden space 5504K,   0% used [0x00000000fec00000, 0x00000000fec00000, 0x00000000ff160000)
  from space 640K,   1% used [0x00000000ff160000, 0x00000000ff163060, 0x00000000ff200000)
  to   space 640K,   0% used [0x00000000ff200000, 0x00000000ff200000, 0x00000000ff2a0000)
 concurrent mark-sweep generation total 13696K, used 12467K [0x00000000ff2a0000, 0x0000000100000000, 0x0000000100000000)
 Metaspace       used 5073K, capacity 5258K, committed 5504K, reserved 1056768K
  class space    used 557K, capacity 597K, committed 640K, reserved 1048576K
}
{Heap before GC invocations=145 (full 20):
 par new generation   total 6144K, used 5241K [0x00000000fec00000, 0x00000000ff2a0000, 0x00000000ff2a0000)
  eden space 5504K,  95% used [0x00000000fec00000, 0x00000000ff11b710, 0x00000000ff160000)
  from space 640K,   1% used [0x00000000ff160000, 0x00000000ff163060, 0x00000000ff200000)
  to   space 640K,   0% used [0x00000000ff200000, 0x00000000ff200000, 0x00000000ff2a0000)
 concurrent mark-sweep generation total 13696K, used 12467K [0x00000000ff2a0000, 0x0000000100000000, 0x0000000100000000)
 Metaspace       used 5073K, capacity 5258K, committed 5504K, reserved 1056768K
  class space    used 557K, capacity 597K, committed 640K, reserved 1048576K
2024-07-16T18:26:14.340+0800: 1.144: [GC (Allocation Failure) 2024-07-16T18:26:14.340+0800: 1.144: [ParNew: 5241K->5241K(6144K), 0.0000188 secs]2024-07-16T18:26:14.340+0800: 1.144: [CMS2024-07-16T18:26:14.340+0800: 1.144: [CMS-concurrent-abortable-preclean: 0.003/0.069 secs] [Times: user=0.00 sys=0.00, real=0.07 secs] 
 (concurrent mode failure): 12467K->2206K(13696K), 0.0054590 secs] 17709K->2206K(19840K), [Metaspace: 5073K->5073K(1056768K)], 0.0055381 secs] [Times: user=0.00 sys=0.00, real=0.01 secs] 
Heap after GC invocations=146 (full 21):
 par new generation   total 6144K, used 0K [0x00000000fec00000, 0x00000000ff2a0000, 0x00000000ff2a0000)
  eden space 5504K,   0% used [0x00000000fec00000, 0x00000000fec00000, 0x00000000ff160000)
  from space 640K,   0% used [0x00000000ff160000, 0x00000000ff160000, 0x00000000ff200000)
  to   space 640K,   0% used [0x00000000ff200000, 0x00000000ff200000, 0x00000000ff2a0000)
 concurrent mark-sweep generation total 13696K, used 2206K [0x00000000ff2a0000, 0x0000000100000000, 0x0000000100000000)
 Metaspace       used 5073K, capacity 5258K, committed 5504K, reserved 1056768K
  class space    used 557K, capacity 597K, committed 640K, reserved 1048576K
}
{Heap before GC invocations=146 (full 21):
 par new generation   total 6144K, used 5229K [0x00000000fec00000, 0x00000000ff2a0000, 0x00000000ff2a0000)
  eden space 5504K,  95% used [0x00000000fec00000, 0x00000000ff11b738, 0x00000000ff160000)
  from space 640K,   0% used [0x00000000ff160000, 0x00000000ff160000, 0x00000000ff200000)
  to   space 640K,   0% used [0x00000000ff200000, 0x00000000ff200000, 0x00000000ff2a0000)
 concurrent mark-sweep generation total 13696K, used 2206K [0x00000000ff2a0000, 0x0000000100000000, 0x0000000100000000)
 Metaspace       used 5073K, capacity 5258K, committed 5504K, reserved 1056768K
  class space    used 557K, capacity 597K, committed 640K, reserved 1048576K
2024-07-16T18:26:14.352+0800: 1.156: [GC (Allocation Failure) 2024-07-16T18:26:14.352+0800: 1.156: [ParNew: 5229K->6K(6144K), 0.0015246 secs] 7436K->3238K(19840K), 0.0017051 secs] [Times: user=0.00 sys=0.00, real=0.00 secs] 
Heap after GC invocations=147 (full 21):
 par new generation   total 6144K, used 6K [0x00000000fec00000, 0x00000000ff2a0000, 0x00000000ff2a0000)
  eden space 5504K,   0% used [0x00000000fec00000, 0x00000000fec00000, 0x00000000ff160000)
  from space 640K,   0% used [0x00000000ff200000, 0x00000000ff201830, 0x00000000ff2a0000)
  to   space 640K,   0% used [0x00000000ff160000, 0x00000000ff160000, 0x00000000ff200000)
 concurrent mark-sweep generation total 13696K, used 3232K [0x00000000ff2a0000, 0x0000000100000000, 0x0000000100000000)
 Metaspace       used 5073K, capacity 5258K, committed 5504K, reserved 1056768K
  class space    used 557K, capacity 597K, committed 640K, reserved 1048576K
}
{Heap before GC invocations=147 (full 21):
 par new generation   total 6144K, used 5235K [0x00000000fec00000, 0x00000000ff2a0000, 0x00000000ff2a0000)
  eden space 5504K,  95% used [0x00000000fec00000, 0x00000000ff11b750, 0x00000000ff160000)
  from space 640K,   0% used [0x00000000ff200000, 0x00000000ff201830, 0x00000000ff2a0000)
  to   space 640K,   0% used [0x00000000ff160000, 0x00000000ff160000, 0x00000000ff200000)
 concurrent mark-sweep generation total 13696K, used 3232K [0x00000000ff2a0000, 0x0000000100000000, 0x0000000100000000)
 Metaspace       used 5073K, capacity 5258K, committed 5504K, reserved 1056768K
  class space    used 557K, capacity 597K, committed 640K, reserved 1048576K
2024-07-16T18:26:14.359+0800: 1.163: [GC (Allocation Failure) 2024-07-16T18:26:14.359+0800: 1.163: [ParNew: 5235K->10K(6144K), 0.0012605 secs] 8468K->4268K(19840K), 0.0013089 secs] [Times: user=0.00 sys=0.00, real=0.00 secs] 
Heap after GC invocations=148 (full 21):
 par new generation   total 6144K, used 10K [0x00000000fec00000, 0x00000000ff2a0000, 0x00000000ff2a0000)
  eden space 5504K,   0% used [0x00000000fec00000, 0x00000000fec00000, 0x00000000ff160000)
  from space 640K,   1% used [0x00000000ff160000, 0x00000000ff162850, 0x00000000ff200000)
  to   space 640K,   0% used [0x00000000ff200000, 0x00000000ff200000, 0x00000000ff2a0000)
 concurrent mark-sweep generation total 13696K, used 4258K [0x00000000ff2a0000, 0x0000000100000000, 0x0000000100000000)
 Metaspace       used 5073K, capacity 5258K, committed 5504K, reserved 1056768K
  class space    used 557K, capacity 597K, committed 640K, reserved 1048576K
}
{Heap before GC invocations=148 (full 21):
 par new generation   total 6144K, used 5239K [0x00000000fec00000, 0x00000000ff2a0000, 0x00000000ff2a0000)
  eden space 5504K,  95% used [0x00000000fec00000, 0x00000000ff11b760, 0x00000000ff160000)
  from space 640K,   1% used [0x00000000ff160000, 0x00000000ff162850, 0x00000000ff200000)
  to   space 640K,   0% used [0x00000000ff200000, 0x00000000ff200000, 0x00000000ff2a0000)
 concurrent mark-sweep generation total 13696K, used 4258K [0x00000000ff2a0000, 0x0000000100000000, 0x0000000100000000)
 Metaspace       used 5073K, capacity 5258K, committed 5504K, reserved 1056768K
  class space    used 557K, capacity 597K, committed 640K, reserved 1048576K
2024-07-16T18:26:14.367+0800: 1.171: [GC (Allocation Failure) 2024-07-16T18:26:14.367+0800: 1.171: [ParNew: 5239K->4K(6144K), 0.0011509 secs] 9498K->4262K(19840K), 0.0012197 secs] [Times: user=0.00 sys=0.00, real=0.00 secs] 
Heap after GC invocations=149 (full 21):
 par new generation   total 6144K, used 4K [0x00000000fec00000, 0x00000000ff2a0000, 0x00000000ff2a0000)
  eden space 5504K,   0% used [0x00000000fec00000, 0x00000000fec00000, 0x00000000ff160000)
  from space 640K,   0% used [0x00000000ff200000, 0x00000000ff201020, 0x00000000ff2a0000)
  to   space 640K,   0% used [0x00000000ff160000, 0x00000000ff160000, 0x00000000ff200000)
 concurrent mark-sweep generation total 13696K, used 4258K [0x00000000ff2a0000, 0x0000000100000000, 0x0000000100000000)
 Metaspace       used 5073K, capacity 5258K, committed 5504K, reserved 1056768K
  class space    used 557K, capacity 597K, committed 640K, reserved 1048576K
}
{Heap before GC invocations=149 (full 21):
 par new generation   total 6144K, used 5233K [0x00000000fec00000, 0x00000000ff2a0000, 0x00000000ff2a0000)
  eden space 5504K,  95% used [0x00000000fec00000, 0x00000000ff11b768, 0x00000000ff160000)
  from space 640K,   0% used [0x00000000ff200000, 0x00000000ff201020, 0x00000000ff2a0000)
  to   space 640K,   0% used [0x00000000ff160000, 0x00000000ff160000, 0x00000000ff200000)
 concurrent mark-sweep generation total 13696K, used 4258K [0x00000000ff2a0000, 0x0000000100000000, 0x0000000100000000)
 Metaspace       used 5073K, capacity 5258K, committed 5504K, reserved 1056768K
  class space    used 557K, capacity 597K, committed 640K, reserved 1048576K
2024-07-16T18:26:14.375+0800: 1.179: [GC (Allocation Failure) 2024-07-16T18:26:14.375+0800: 1.180: [ParNew: 5233K->10K(6144K), 0.0015005 secs] 9492K->5294K(19840K), 0.0017800 secs] [Times: user=0.00 sys=0.00, real=0.00 secs] 
Heap after GC invocations=150 (full 21):
 par new generation   total 6144K, used 10K [0x00000000fec00000, 0x00000000ff2a0000, 0x00000000ff2a0000)
  eden space 5504K,   0% used [0x00000000fec00000, 0x00000000fec00000, 0x00000000ff160000)
  from space 640K,   1% used [0x00000000ff160000, 0x00000000ff162850, 0x00000000ff200000)
  to   space 640K,   0% used [0x00000000ff200000, 0x00000000ff200000, 0x00000000ff2a0000)
 concurrent mark-sweep generation total 13696K, used 5284K [0x00000000ff2a0000, 0x0000000100000000, 0x0000000100000000)
 Metaspace       used 5073K, capacity 5258K, committed 5504K, reserved 1056768K
  class space    used 557K, capacity 597K, committed 640K, reserved 1048576K
}
{Heap before GC invocations=150 (full 21):
 par new generation   total 6144K, used 5239K [0x00000000fec00000, 0x00000000ff2a0000, 0x00000000ff2a0000)
  eden space 5504K,  95% used [0x00000000fec00000, 0x00000000ff11b770, 0x00000000ff160000)
  from space 640K,   1% used [0x00000000ff160000, 0x00000000ff162850, 0x00000000ff200000)
  to   space 640K,   0% used [0x00000000ff200000, 0x00000000ff200000, 0x00000000ff2a0000)
 concurrent mark-sweep generation total 13696K, used 5284K [0x00000000ff2a0000, 0x0000000100000000, 0x0000000100000000)
 Metaspace       used 5073K, capacity 5258K, committed 5504K, reserved 1056768K
  class space    used 557K, capacity 597K, committed 640K, reserved 1048576K
2024-07-16T18:26:14.385+0800: 1.189: [GC (Allocation Failure) 2024-07-16T18:26:14.385+0800: 1.189: [ParNew: 5239K->10K(6144K), 0.0014362 secs] 10524K->6319K(19840K), 0.0015623 secs] [Times: user=0.00 sys=0.00, real=0.00 secs] 
Heap after GC invocations=151 (full 21):
 par new generation   total 6144K, used 10K [0x00000000fec00000, 0x00000000ff2a0000, 0x00000000ff2a0000)
  eden space 5504K,   0% used [0x00000000fec00000, 0x00000000fec00000, 0x00000000ff160000)
  from space 640K,   1% used [0x00000000ff200000, 0x00000000ff202850, 0x00000000ff2a0000)
  to   space 640K,   0% used [0x00000000ff160000, 0x00000000ff160000, 0x00000000ff200000)
 concurrent mark-sweep generation total 13696K, used 6308K [0x00000000ff2a0000, 0x0000000100000000, 0x0000000100000000)
 Metaspace       used 5073K, capacity 5258K, committed 5504K, reserved 1056768K
  class space    used 557K, capacity 597K, committed 640K, reserved 1048576K
}
{Heap before GC invocations=151 (full 21):
 par new generation   total 6144K, used 5239K [0x00000000fec00000, 0x00000000ff2a0000, 0x00000000ff2a0000)
  eden space 5504K,  95% used [0x00000000fec00000, 0x00000000ff11b778, 0x00000000ff160000)
  from space 640K,   1% used [0x00000000ff200000, 0x00000000ff202850, 0x00000000ff2a0000)
  to   space 640K,   0% used [0x00000000ff160000, 0x00000000ff160000, 0x00000000ff200000)
 concurrent mark-sweep generation total 13696K, used 6308K [0x00000000ff2a0000, 0x0000000100000000, 0x0000000100000000)
 Metaspace       used 5073K, capacity 5258K, committed 5504K, reserved 1056768K
  class space    used 557K, capacity 597K, committed 640K, reserved 1048576K
2024-07-16T18:26:14.396+0800: 1.200: [GC (Allocation Failure) 2024-07-16T18:26:14.396+0800: 1.201: [ParNew: 5239K->4K(6144K), 0.0010968 secs] 11548K->6312K(19840K), 0.0013745 secs] [Times: user=0.00 sys=0.00, real=0.00 secs] 
Heap after GC invocations=152 (full 21):
 par new generation   total 6144K, used 4K [0x00000000fec00000, 0x00000000ff2a0000, 0x00000000ff2a0000)
  eden space 5504K,   0% used [0x00000000fec00000, 0x00000000fec00000, 0x00000000ff160000)
  from space 640K,   0% used [0x00000000ff160000, 0x00000000ff161020, 0x00000000ff200000)
  to   space 640K,   0% used [0x00000000ff200000, 0x00000000ff200000, 0x00000000ff2a0000)
 concurrent mark-sweep generation total 13696K, used 6308K [0x00000000ff2a0000, 0x0000000100000000, 0x0000000100000000)
 Metaspace       used 5073K, capacity 5258K, committed 5504K, reserved 1056768K
  class space    used 557K, capacity 597K, committed 640K, reserved 1048576K
}
{Heap before GC invocations=152 (full 21):
 par new generation   total 6144K, used 5233K [0x00000000fec00000, 0x00000000ff2a0000, 0x00000000ff2a0000)
  eden space 5504K,  95% used [0x00000000fec00000, 0x00000000ff11b778, 0x00000000ff160000)
  from space 640K,   0% used [0x00000000ff160000, 0x00000000ff161020, 0x00000000ff200000)
  to   space 640K,   0% used [0x00000000ff200000, 0x00000000ff200000, 0x00000000ff2a0000)
 concurrent mark-sweep generation total 13696K, used 6308K [0x00000000ff2a0000, 0x0000000100000000, 0x0000000100000000)
 Metaspace       used 5073K, capacity 5258K, committed 5504K, reserved 1056768K
  class space    used 557K, capacity 597K, committed 640K, reserved 1048576K
2024-07-16T18:26:14.406+0800: 1.210: [GC (Allocation Failure) 2024-07-16T18:26:14.406+0800: 1.210: [ParNew: 5233K->8K(6144K), 0.0004523 secs] 11542K->7341K(19840K), 0.0004950 secs] [Times: user=0.00 sys=0.00, real=0.00 secs] 
Heap after GC invocations=153 (full 21):
 par new generation   total 6144K, used 8K [0x00000000fec00000, 0x00000000ff2a0000, 0x00000000ff2a0000)
  eden space 5504K,   0% used [0x00000000fec00000, 0x00000000fec00000, 0x00000000ff160000)
  from space 640K,   1% used [0x00000000ff200000, 0x00000000ff202040, 0x00000000ff2a0000)
  to   space 640K,   0% used [0x00000000ff160000, 0x00000000ff160000, 0x00000000ff200000)
 concurrent mark-sweep generation total 13696K, used 7332K [0x00000000ff2a0000, 0x0000000100000000, 0x0000000100000000)
 Metaspace       used 5073K, capacity 5258K, committed 5504K, reserved 1056768K
  class space    used 557K, capacity 597K, committed 640K, reserved 1048576K
}
{Heap before GC invocations=153 (full 21):
 par new generation   total 6144K, used 5237K [0x00000000fec00000, 0x00000000ff2a0000, 0x00000000ff2a0000)
  eden space 5504K,  95% used [0x00000000fec00000, 0x00000000ff11b778, 0x00000000ff160000)
  from space 640K,   1% used [0x00000000ff200000, 0x00000000ff202040, 0x00000000ff2a0000)
  to   space 640K,   0% used [0x00000000ff160000, 0x00000000ff160000, 0x00000000ff200000)
 concurrent mark-sweep generation total 13696K, used 7332K [0x00000000ff2a0000, 0x0000000100000000, 0x0000000100000000)
 Metaspace       used 5073K, capacity 5258K, committed 5504K, reserved 1056768K
  class space    used 557K, capacity 597K, committed 640K, reserved 1048576K
2024-07-16T18:26:14.414+0800: 1.218: [GC (Allocation Failure) 2024-07-16T18:26:14.414+0800: 1.218: [ParNew: 5237K->4K(6144K), 0.0002971 secs] 12570K->7336K(19840K), 0.0003336 secs] [Times: user=0.00 sys=0.00, real=0.00 secs] 
Heap after GC invocations=154 (full 21):
 par new generation   total 6144K, used 4K [0x00000000fec00000, 0x00000000ff2a0000, 0x00000000ff2a0000)
  eden space 5504K,   0% used [0x00000000fec00000, 0x00000000fec00000, 0x00000000ff160000)
  from space 640K,   0% used [0x00000000ff160000, 0x00000000ff161020, 0x00000000ff200000)
  to   space 640K,   0% used [0x00000000ff200000, 0x00000000ff200000, 0x00000000ff2a0000)
 concurrent mark-sweep generation total 13696K, used 7332K [0x00000000ff2a0000, 0x0000000100000000, 0x0000000100000000)
 Metaspace       used 5073K, capacity 5258K, committed 5504K, reserved 1056768K
  class space    used 557K, capacity 597K, committed 640K, reserved 1048576K
}
{Heap before GC invocations=154 (full 21):
 par new generation   total 6144K, used 5233K [0x00000000fec00000, 0x00000000ff2a0000, 0x00000000ff2a0000)
  eden space 5504K,  95% used [0x00000000fec00000, 0x00000000ff11b778, 0x00000000ff160000)
  from space 640K,   0% used [0x00000000ff160000, 0x00000000ff161020, 0x00000000ff200000)
  to   space 640K,   0% used [0x00000000ff200000, 0x00000000ff200000, 0x00000000ff2a0000)
 concurrent mark-sweep generation total 13696K, used 7332K [0x00000000ff2a0000, 0x0000000100000000, 0x0000000100000000)
 Metaspace       used 5073K, capacity 5258K, committed 5504K, reserved 1056768K
  class space    used 557K, capacity 597K, committed 640K, reserved 1048576K
2024-07-16T18:26:14.421+0800: 1.225: [GC (Allocation Failure) 2024-07-16T18:26:14.421+0800: 1.225: [ParNew: 5233K->8K(6144K), 0.0004174 secs] 12566K->8365K(19840K), 0.0005022 secs] [Times: user=0.00 sys=0.00, real=0.00 secs] 
Heap after GC invocations=155 (full 21):
 par new generation   total 6144K, used 8K [0x00000000fec00000, 0x00000000ff2a0000, 0x00000000ff2a0000)
  eden space 5504K,   0% used [0x00000000fec00000, 0x00000000fec00000, 0x00000000ff160000)
  from space 640K,   1% used [0x00000000ff200000, 0x00000000ff202040, 0x00000000ff2a0000)
  to   space 640K,   0% used [0x00000000ff160000, 0x00000000ff160000, 0x00000000ff200000)
 concurrent mark-sweep generation total 13696K, used 8356K [0x00000000ff2a0000, 0x0000000100000000, 0x0000000100000000)
 Metaspace       used 5073K, capacity 5258K, committed 5504K, reserved 1056768K
  class space    used 557K, capacity 597K, committed 640K, reserved 1048576K
}
2024-07-16T18:26:14.421+0800: 1.226: [GC (CMS Initial Mark) [1 CMS-initial-mark: 8356K(13696K)] 9389K(19840K), 0.0001320 secs] [Times: user=0.00 sys=0.00, real=0.00 secs] 
2024-07-16T18:26:14.421+0800: 1.226: [CMS-concurrent-mark-start]
2024-07-16T18:26:14.423+0800: 1.227: [CMS-concurrent-mark: 0.001/0.001 secs] [Times: user=0.00 sys=0.00, real=0.00 secs] 
2024-07-16T18:26:14.423+0800: 1.227: [CMS-concurrent-preclean-start]
2024-07-16T18:26:14.423+0800: 1.227: [CMS-concurrent-preclean: 0.000/0.000 secs] [Times: user=0.00 sys=0.00, real=0.00 secs] 
2024-07-16T18:26:14.423+0800: 1.227: [CMS-concurrent-abortable-preclean-start]
{Heap before GC invocations=155 (full 22):
 par new generation   total 6144K, used 5237K [0x00000000fec00000, 0x00000000ff2a0000, 0x00000000ff2a0000)
  eden space 5504K,  95% used [0x00000000fec00000, 0x00000000ff11b778, 0x00000000ff160000)
  from space 640K,   1% used [0x00000000ff200000, 0x00000000ff202040, 0x00000000ff2a0000)
  to   space 640K,   0% used [0x00000000ff160000, 0x00000000ff160000, 0x00000000ff200000)
 concurrent mark-sweep generation total 13696K, used 8356K [0x00000000ff2a0000, 0x0000000100000000, 0x0000000100000000)
 Metaspace       used 5073K, capacity 5258K, committed 5504K, reserved 1056768K
  class space    used 557K, capacity 597K, committed 640K, reserved 1048576K
2024-07-16T18:26:14.429+0800: 1.233: [GC (Allocation Failure) 2024-07-16T18:26:14.429+0800: 1.233: [ParNew: 5237K->4K(6144K), 0.0003184 secs] 13594K->8360K(19840K), 0.0003500 secs] [Times: user=0.00 sys=0.00, real=0.00 secs] 
Heap after GC invocations=156 (full 22):
 par new generation   total 6144K, used 4K [0x00000000fec00000, 0x00000000ff2a0000, 0x00000000ff2a0000)
  eden space 5504K,   0% used [0x00000000fec00000, 0x00000000fec00000, 0x00000000ff160000)
  from space 640K,   0% used [0x00000000ff160000, 0x00000000ff161020, 0x00000000ff200000)
  to   space 640K,   0% used [0x00000000ff200000, 0x00000000ff200000, 0x00000000ff2a0000)
 concurrent mark-sweep generation total 13696K, used 8356K [0x00000000ff2a0000, 0x0000000100000000, 0x0000000100000000)
 Metaspace       used 5073K, capacity 5258K, committed 5504K, reserved 1056768K
  class space    used 557K, capacity 597K, committed 640K, reserved 1048576K
}
{Heap before GC invocations=156 (full 22):
 par new generation   total 6144K, used 5233K [0x00000000fec00000, 0x00000000ff2a0000, 0x00000000ff2a0000)
  eden space 5504K,  95% used [0x00000000fec00000, 0x00000000ff11b778, 0x00000000ff160000)
  from space 640K,   0% used [0x00000000ff160000, 0x00000000ff161020, 0x00000000ff200000)
  to   space 640K,   0% used [0x00000000ff200000, 0x00000000ff200000, 0x00000000ff2a0000)
 concurrent mark-sweep generation total 13696K, used 8356K [0x00000000ff2a0000, 0x0000000100000000, 0x0000000100000000)
 Metaspace       used 5073K, capacity 5258K, committed 5504K, reserved 1056768K
  class space    used 557K, capacity 597K, committed 640K, reserved 1048576K
2024-07-16T18:26:14.437+0800: 1.241: [GC (Allocation Failure) 2024-07-16T18:26:14.437+0800: 1.241: [ParNew: 5233K->4K(6144K), 0.0002701 secs] 13590K->8360K(19840K), 0.0003482 secs] [Times: user=0.00 sys=0.00, real=0.00 secs] 
Heap after GC invocations=157 (full 22):
 par new generation   total 6144K, used 4K [0x00000000fec00000, 0x00000000ff2a0000, 0x00000000ff2a0000)
  eden space 5504K,   0% used [0x00000000fec00000, 0x00000000fec00000, 0x00000000ff160000)
  from space 640K,   0% used [0x00000000ff200000, 0x00000000ff201020, 0x00000000ff2a0000)
  to   space 640K,   0% used [0x00000000ff160000, 0x00000000ff160000, 0x00000000ff200000)
 concurrent mark-sweep generation total 13696K, used 8356K [0x00000000ff2a0000, 0x0000000100000000, 0x0000000100000000)
 Metaspace       used 5073K, capacity 5258K, committed 5504K, reserved 1056768K
  class space    used 557K, capacity 597K, committed 640K, reserved 1048576K
}
{Heap before GC invocations=157 (full 22):
 par new generation   total 6144K, used 5233K [0x00000000fec00000, 0x00000000ff2a0000, 0x00000000ff2a0000)
  eden space 5504K,  95% used [0x00000000fec00000, 0x00000000ff11b778, 0x00000000ff160000)
  from space 640K,   0% used [0x00000000ff200000, 0x00000000ff201020, 0x00000000ff2a0000)
  to   space 640K,   0% used [0x00000000ff160000, 0x00000000ff160000, 0x00000000ff200000)
 concurrent mark-sweep generation total 13696K, used 8356K [0x00000000ff2a0000, 0x0000000100000000, 0x0000000100000000)
 Metaspace       used 5073K, capacity 5258K, committed 5504K, reserved 1056768K
  class space    used 557K, capacity 597K, committed 640K, reserved 1048576K
2024-07-16T18:26:14.445+0800: 1.249: [GC (Allocation Failure) 2024-07-16T18:26:14.445+0800: 1.249: [ParNew: 5233K->4K(6144K), 0.0002516 secs] 13590K->8360K(19840K), 0.0002862 secs] [Times: user=0.00 sys=0.00, real=0.00 secs] 
Heap after GC invocations=158 (full 22):
 par new generation   total 6144K, used 4K [0x00000000fec00000, 0x00000000ff2a0000, 0x00000000ff2a0000)
  eden space 5504K,   0% used [0x00000000fec00000, 0x00000000fec00000, 0x00000000ff160000)
  from space 640K,   0% used [0x00000000ff160000, 0x00000000ff161020, 0x00000000ff200000)
  to   space 640K,   0% used [0x00000000ff200000, 0x00000000ff200000, 0x00000000ff2a0000)
 concurrent mark-sweep generation total 13696K, used 8356K [0x00000000ff2a0000, 0x0000000100000000, 0x0000000100000000)
 Metaspace       used 5073K, capacity 5258K, committed 5504K, reserved 1056768K
  class space    used 557K, capacity 597K, committed 640K, reserved 1048576K
}
{Heap before GC invocations=158 (full 22):
 par new generation   total 6144K, used 5233K [0x00000000fec00000, 0x00000000ff2a0000, 0x00000000ff2a0000)
  eden space 5504K,  95% used [0x00000000fec00000, 0x00000000ff11b778, 0x00000000ff160000)
  from space 640K,   0% used [0x00000000ff160000, 0x00000000ff161020, 0x00000000ff200000)
  to   space 640K,   0% used [0x00000000ff200000, 0x00000000ff200000, 0x00000000ff2a0000)
 concurrent mark-sweep generation total 13696K, used 8356K [0x00000000ff2a0000, 0x0000000100000000, 0x0000000100000000)
 Metaspace       used 5073K, capacity 5258K, committed 5504K, reserved 1056768K
  class space    used 557K, capacity 597K, committed 640K, reserved 1048576K
2024-07-16T18:26:14.452+0800: 1.256: [GC (Allocation Failure) 2024-07-16T18:26:14.452+0800: 1.256: [ParNew: 5233K->6K(6144K), 0.0003307 secs] 13590K->9387K(19840K), 0.0003567 secs] [Times: user=0.00 sys=0.00, real=0.00 secs] 
Heap after GC invocations=159 (full 22):
 par new generation   total 6144K, used 6K [0x00000000fec00000, 0x00000000ff2a0000, 0x00000000ff2a0000)
  eden space 5504K,   0% used [0x00000000fec00000, 0x00000000fec00000, 0x00000000ff160000)
  from space 640K,   0% used [0x00000000ff200000, 0x00000000ff201830, 0x00000000ff2a0000)
  to   space 640K,   0% used [0x00000000ff160000, 0x00000000ff160000, 0x00000000ff200000)
 concurrent mark-sweep generation total 13696K, used 9380K [0x00000000ff2a0000, 0x0000000100000000, 0x0000000100000000)
 Metaspace       used 5073K, capacity 5258K, committed 5504K, reserved 1056768K
  class space    used 557K, capacity 597K, committed 640K, reserved 1048576K
}
{Heap before GC invocations=159 (full 22):
 par new generation   total 6144K, used 5235K [0x00000000fec00000, 0x00000000ff2a0000, 0x00000000ff2a0000)
  eden space 5504K,  95% used [0x00000000fec00000, 0x00000000ff11b778, 0x00000000ff160000)
  from space 640K,   0% used [0x00000000ff200000, 0x00000000ff201830, 0x00000000ff2a0000)
  to   space 640K,   0% used [0x00000000ff160000, 0x00000000ff160000, 0x00000000ff200000)
 concurrent mark-sweep generation total 13696K, used 9380K [0x00000000ff2a0000, 0x0000000100000000, 0x0000000100000000)
 Metaspace       used 5073K, capacity 5258K, committed 5504K, reserved 1056768K
  class space    used 557K, capacity 597K, committed 640K, reserved 1048576K
2024-07-16T18:26:14.459+0800: 1.263: [GC (Allocation Failure) 2024-07-16T18:26:14.459+0800: 1.263: [ParNew: 5235K->4K(6144K), 0.0002933 secs] 14616K->9385K(19840K), 0.0003259 secs] [Times: user=0.00 sys=0.00, real=0.00 secs] 
Heap after GC invocations=160 (full 22):
 par new generation   total 6144K, used 4K [0x00000000fec00000, 0x00000000ff2a0000, 0x00000000ff2a0000)
  eden space 5504K,   0% used [0x00000000fec00000, 0x00000000fec00000, 0x00000000ff160000)
  from space 640K,   0% used [0x00000000ff160000, 0x00000000ff161020, 0x00000000ff200000)
  to   space 640K,   0% used [0x00000000ff200000, 0x00000000ff200000, 0x00000000ff2a0000)
 concurrent mark-sweep generation total 13696K, used 9380K [0x00000000ff2a0000, 0x0000000100000000, 0x0000000100000000)
 Metaspace       used 5073K, capacity 5258K, committed 5504K, reserved 1056768K
  class space    used 557K, capacity 597K, committed 640K, reserved 1048576K
}
{Heap before GC invocations=160 (full 22):
 par new generation   total 6144K, used 5233K [0x00000000fec00000, 0x00000000ff2a0000, 0x00000000ff2a0000)
  eden space 5504K,  95% used [0x00000000fec00000, 0x00000000ff11b780, 0x00000000ff160000)
  from space 640K,   0% used [0x00000000ff160000, 0x00000000ff161020, 0x00000000ff200000)
  to   space 640K,   0% used [0x00000000ff200000, 0x00000000ff200000, 0x00000000ff2a0000)
 concurrent mark-sweep generation total 13696K, used 9380K [0x00000000ff2a0000, 0x0000000100000000, 0x0000000100000000)
 Metaspace       used 5073K, capacity 5258K, committed 5504K, reserved 1056768K
  class space    used 557K, capacity 597K, committed 640K, reserved 1048576K
2024-07-16T18:26:14.466+0800: 1.270: [GC (Allocation Failure) 2024-07-16T18:26:14.466+0800: 1.270: [ParNew: 5233K->4K(6144K), 0.0009845 secs] 14614K->9385K(19840K), 0.0011021 secs] [Times: user=0.00 sys=0.00, real=0.00 secs] 
Heap after GC invocations=161 (full 22):
 par new generation   total 6144K, used 4K [0x00000000fec00000, 0x00000000ff2a0000, 0x00000000ff2a0000)
  eden space 5504K,   0% used [0x00000000fec00000, 0x00000000fec00000, 0x00000000ff160000)
  from space 640K,   0% used [0x00000000ff200000, 0x00000000ff201020, 0x00000000ff2a0000)
  to   space 640K,   0% used [0x00000000ff160000, 0x00000000ff160000, 0x00000000ff200000)
 concurrent mark-sweep generation total 13696K, used 9380K [0x00000000ff2a0000, 0x0000000100000000, 0x0000000100000000)
 Metaspace       used 5073K, capacity 5258K, committed 5504K, reserved 1056768K
  class space    used 557K, capacity 597K, committed 640K, reserved 1048576K
}
{Heap before GC invocations=161 (full 22):
 par new generation   total 6144K, used 5233K [0x00000000fec00000, 0x00000000ff2a0000, 0x00000000ff2a0000)
  eden space 5504K,  95% used [0x00000000fec00000, 0x00000000ff11b780, 0x00000000ff160000)
  from space 640K,   0% used [0x00000000ff200000, 0x00000000ff201020, 0x00000000ff2a0000)
  to   space 640K,   0% used [0x00000000ff160000, 0x00000000ff160000, 0x00000000ff200000)
 concurrent mark-sweep generation total 13696K, used 9380K [0x00000000ff2a0000, 0x0000000100000000, 0x0000000100000000)
 Metaspace       used 5073K, capacity 5258K, committed 5504K, reserved 1056768K
  class space    used 557K, capacity 597K, committed 640K, reserved 1048576K
2024-07-16T18:26:14.475+0800: 1.279: [GC (Allocation Failure) 2024-07-16T18:26:14.475+0800: 1.279: [ParNew: 5233K->4K(6144K), 0.0003251 secs] 14614K->9385K(19840K), 0.0004109 secs] [Times: user=0.00 sys=0.00, real=0.00 secs] 
Heap after GC invocations=162 (full 22):
 par new generation   total 6144K, used 4K [0x00000000fec00000, 0x00000000ff2a0000, 0x00000000ff2a0000)
  eden space 5504K,   0% used [0x00000000fec00000, 0x00000000fec00000, 0x00000000ff160000)
  from space 640K,   0% used [0x00000000ff160000, 0x00000000ff161020, 0x00000000ff200000)
  to   space 640K,   0% used [0x00000000ff200000, 0x00000000ff200000, 0x00000000ff2a0000)
 concurrent mark-sweep generation total 13696K, used 9380K [0x00000000ff2a0000, 0x0000000100000000, 0x0000000100000000)
 Metaspace       used 5073K, capacity 5258K, committed 5504K, reserved 1056768K
  class space    used 557K, capacity 597K, committed 640K, reserved 1048576K
}
{Heap before GC invocations=162 (full 22):
 par new generation   total 6144K, used 5233K [0x00000000fec00000, 0x00000000ff2a0000, 0x00000000ff2a0000)
  eden space 5504K,  95% used [0x00000000fec00000, 0x00000000ff11b780, 0x00000000ff160000)
  from space 640K,   0% used [0x00000000ff160000, 0x00000000ff161020, 0x00000000ff200000)
  to   space 640K,   0% used [0x00000000ff200000, 0x00000000ff200000, 0x00000000ff2a0000)
 concurrent mark-sweep generation total 13696K, used 9380K [0x00000000ff2a0000, 0x0000000100000000, 0x0000000100000000)
 Metaspace       used 5073K, capacity 5258K, committed 5504K, reserved 1056768K
  class space    used 557K, capacity 597K, committed 640K, reserved 1048576K
2024-07-16T18:26:14.482+0800: 1.286: [GC (Allocation Failure) 2024-07-16T18:26:14.482+0800: 1.286: [ParNew: 5233K->4K(6144K), 0.0002929 secs] 14614K->9385K(19840K), 0.0003332 secs] [Times: user=0.00 sys=0.00, real=0.00 secs] 
Heap after GC invocations=163 (full 22):
 par new generation   total 6144K, used 4K [0x00000000fec00000, 0x00000000ff2a0000, 0x00000000ff2a0000)
  eden space 5504K,   0% used [0x00000000fec00000, 0x00000000fec00000, 0x00000000ff160000)
  from space 640K,   0% used [0x00000000ff200000, 0x00000000ff201020, 0x00000000ff2a0000)
  to   space 640K,   0% used [0x00000000ff160000, 0x00000000ff160000, 0x00000000ff200000)
 concurrent mark-sweep generation total 13696K, used 9380K [0x00000000ff2a0000, 0x0000000100000000, 0x0000000100000000)
 Metaspace       used 5073K, capacity 5258K, committed 5504K, reserved 1056768K
  class space    used 557K, capacity 597K, committed 640K, reserved 1048576K
}
{Heap before GC invocations=163 (full 22):
 par new generation   total 6144K, used 5233K [0x00000000fec00000, 0x00000000ff2a0000, 0x00000000ff2a0000)
  eden space 5504K,  95% used [0x00000000fec00000, 0x00000000ff11b780, 0x00000000ff160000)
  from space 640K,   0% used [0x00000000ff200000, 0x00000000ff201020, 0x00000000ff2a0000)
  to   space 640K,   0% used [0x00000000ff160000, 0x00000000ff160000, 0x00000000ff200000)
 concurrent mark-sweep generation total 13696K, used 9380K [0x00000000ff2a0000, 0x0000000100000000, 0x0000000100000000)
 Metaspace       used 5073K, capacity 5258K, committed 5504K, reserved 1056768K
  class space    used 557K, capacity 597K, committed 640K, reserved 1048576K
2024-07-16T18:26:14.491+0800: 1.295: [GC (Allocation Failure) 2024-07-16T18:26:14.491+0800: 1.295: [ParNew: 5233K->4K(6144K), 0.0002574 secs] 14614K->9385K(19840K), 0.0003086 secs] [Times: user=0.00 sys=0.00, real=0.00 secs] 
Heap after GC invocations=164 (full 22):
 par new generation   total 6144K, used 4K [0x00000000fec00000, 0x00000000ff2a0000, 0x00000000ff2a0000)
  eden space 5504K,   0% used [0x00000000fec00000, 0x00000000fec00000, 0x00000000ff160000)
  from space 640K,   0% used [0x00000000ff160000, 0x00000000ff161020, 0x00000000ff200000)
  to   space 640K,   0% used [0x00000000ff200000, 0x00000000ff200000, 0x00000000ff2a0000)
 concurrent mark-sweep generation total 13696K, used 9380K [0x00000000ff2a0000, 0x0000000100000000, 0x0000000100000000)
 Metaspace       used 5073K, capacity 5258K, committed 5504K, reserved 1056768K
  class space    used 557K, capacity 597K, committed 640K, reserved 1048576K
}
{Heap before GC invocations=164 (full 22):
 par new generation   total 6144K, used 5233K [0x00000000fec00000, 0x00000000ff2a0000, 0x00000000ff2a0000)
  eden space 5504K,  95% used [0x00000000fec00000, 0x00000000ff11b780, 0x00000000ff160000)
  from space 640K,   0% used [0x00000000ff160000, 0x00000000ff161020, 0x00000000ff200000)
  to   space 640K,   0% used [0x00000000ff200000, 0x00000000ff200000, 0x00000000ff2a0000)
 concurrent mark-sweep generation total 13696K, used 9380K [0x00000000ff2a0000, 0x0000000100000000, 0x0000000100000000)
 Metaspace       used 5073K, capacity 5258K, committed 5504K, reserved 1056768K
  class space    used 557K, capacity 597K, committed 640K, reserved 1048576K
2024-07-16T18:26:14.499+0800: 1.303: [GC (Allocation Failure) 2024-07-16T18:26:14.499+0800: 1.303: [ParNew: 5233K->4K(6144K), 0.0002666 secs] 14614K->9385K(19840K), 0.0003134 secs] [Times: user=0.00 sys=0.00, real=0.00 secs] 
Heap after GC invocations=165 (full 22):
 par new generation   total 6144K, used 4K [0x00000000fec00000, 0x00000000ff2a0000, 0x00000000ff2a0000)
  eden space 5504K,   0% used [0x00000000fec00000, 0x00000000fec00000, 0x00000000ff160000)
  from space 640K,   0% used [0x00000000ff200000, 0x00000000ff201020, 0x00000000ff2a0000)
  to   space 640K,   0% used [0x00000000ff160000, 0x00000000ff160000, 0x00000000ff200000)
 concurrent mark-sweep generation total 13696K, used 9380K [0x00000000ff2a0000, 0x0000000100000000, 0x0000000100000000)
 Metaspace       used 5073K, capacity 5258K, committed 5504K, reserved 1056768K
  class space    used 557K, capacity 597K, committed 640K, reserved 1048576K
}
{Heap before GC invocations=165 (full 22):
 par new generation   total 6144K, used 5233K [0x00000000fec00000, 0x00000000ff2a0000, 0x00000000ff2a0000)
  eden space 5504K,  95% used [0x00000000fec00000, 0x00000000ff11b780, 0x00000000ff160000)
  from space 640K,   0% used [0x00000000ff200000, 0x00000000ff201020, 0x00000000ff2a0000)
  to   space 640K,   0% used [0x00000000ff160000, 0x00000000ff160000, 0x00000000ff200000)
 concurrent mark-sweep generation total 13696K, used 9380K [0x00000000ff2a0000, 0x0000000100000000, 0x0000000100000000)
 Metaspace       used 5073K, capacity 5258K, committed 5504K, reserved 1056768K
  class space    used 557K, capacity 597K, committed 640K, reserved 1048576K
2024-07-16T18:26:14.506+0800: 1.310: [GC (Allocation Failure) 2024-07-16T18:26:14.506+0800: 1.310: [ParNew: 5233K->4K(6144K), 0.0002660 secs] 14614K->9385K(19840K), 0.0003036 secs] [Times: user=0.00 sys=0.00, real=0.00 secs] 
Heap after GC invocations=166 (full 22):
 par new generation   total 6144K, used 4K [0x00000000fec00000, 0x00000000ff2a0000, 0x00000000ff2a0000)
  eden space 5504K,   0% used [0x00000000fec00000, 0x00000000fec00000, 0x00000000ff160000)
  from space 640K,   0% used [0x00000000ff160000, 0x00000000ff161020, 0x00000000ff200000)
  to   space 640K,   0% used [0x00000000ff200000, 0x00000000ff200000, 0x00000000ff2a0000)
 concurrent mark-sweep generation total 13696K, used 9380K [0x00000000ff2a0000, 0x0000000100000000, 0x0000000100000000)
 Metaspace       used 5073K, capacity 5258K, committed 5504K, reserved 1056768K
  class space    used 557K, capacity 597K, committed 640K, reserved 1048576K
}
{Heap before GC invocations=166 (full 22):
 par new generation   total 6144K, used 5233K [0x00000000fec00000, 0x00000000ff2a0000, 0x00000000ff2a0000)
  eden space 5504K,  95% used [0x00000000fec00000, 0x00000000ff11b780, 0x00000000ff160000)
  from space 640K,   0% used [0x00000000ff160000, 0x00000000ff161020, 0x00000000ff200000)
  to   space 640K,   0% used [0x00000000ff200000, 0x00000000ff200000, 0x00000000ff2a0000)
 concurrent mark-sweep generation total 13696K, used 9380K [0x00000000ff2a0000, 0x0000000100000000, 0x0000000100000000)
 Metaspace       used 5073K, capacity 5258K, committed 5504K, reserved 1056768K
  class space    used 557K, capacity 597K, committed 640K, reserved 1048576K
2024-07-16T18:26:14.515+0800: 1.319: [GC (Allocation Failure) 2024-07-16T18:26:14.515+0800: 1.319: [ParNew: 5233K->4K(6144K), 0.0002748 secs] 14614K->9385K(19840K), 0.0003602 secs] [Times: user=0.00 sys=0.00, real=0.00 secs] 
Heap after GC invocations=167 (full 22):
 par new generation   total 6144K, used 4K [0x00000000fec00000, 0x00000000ff2a0000, 0x00000000ff2a0000)
  eden space 5504K,   0% used [0x00000000fec00000, 0x00000000fec00000, 0x00000000ff160000)
  from space 640K,   0% used [0x00000000ff200000, 0x00000000ff201020, 0x00000000ff2a0000)
  to   space 640K,   0% used [0x00000000ff160000, 0x00000000ff160000, 0x00000000ff200000)
 concurrent mark-sweep generation total 13696K, used 9380K [0x00000000ff2a0000, 0x0000000100000000, 0x0000000100000000)
 Metaspace       used 5073K, capacity 5258K, committed 5504K, reserved 1056768K
  class space    used 557K, capacity 597K, committed 640K, reserved 1048576K
}
{Heap before GC invocations=167 (full 22):
 par new generation   total 6144K, used 5233K [0x00000000fec00000, 0x00000000ff2a0000, 0x00000000ff2a0000)
  eden space 5504K,  95% used [0x00000000fec00000, 0x00000000ff11b780, 0x00000000ff160000)
  from space 640K,   0% used [0x00000000ff200000, 0x00000000ff201020, 0x00000000ff2a0000)
  to   space 640K,   0% used [0x00000000ff160000, 0x00000000ff160000, 0x00000000ff200000)
 concurrent mark-sweep generation total 13696K, used 9380K [0x00000000ff2a0000, 0x0000000100000000, 0x0000000100000000)
 Metaspace       used 5073K, capacity 5258K, committed 5504K, reserved 1056768K
  class space    used 557K, capacity 597K, committed 640K, reserved 1048576K
2024-07-16T18:26:14.522+0800: 1.326: [GC (Allocation Failure) 2024-07-16T18:26:14.522+0800: 1.326: [ParNew: 5233K->8K(6144K), 0.0003674 secs] 14614K->10413K(19840K), 0.0004090 secs] [Times: user=0.00 sys=0.00, real=0.00 secs] 
Heap after GC invocations=168 (full 22):
 par new generation   total 6144K, used 8K [0x00000000fec00000, 0x00000000ff2a0000, 0x00000000ff2a0000)
  eden space 5504K,   0% used [0x00000000fec00000, 0x00000000fec00000, 0x00000000ff160000)
  from space 640K,   1% used [0x00000000ff160000, 0x00000000ff162040, 0x00000000ff200000)
  to   space 640K,   0% used [0x00000000ff200000, 0x00000000ff200000, 0x00000000ff2a0000)
 concurrent mark-sweep generation total 13696K, used 10404K [0x00000000ff2a0000, 0x0000000100000000, 0x0000000100000000)
 Metaspace       used 5073K, capacity 5258K, committed 5504K, reserved 1056768K
  class space    used 557K, capacity 597K, committed 640K, reserved 1048576K
}
{Heap before GC invocations=168 (full 22):
 par new generation   total 6144K, used 5237K [0x00000000fec00000, 0x00000000ff2a0000, 0x00000000ff2a0000)
  eden space 5504K,  95% used [0x00000000fec00000, 0x00000000ff11b780, 0x00000000ff160000)
  from space 640K,   1% used [0x00000000ff160000, 0x00000000ff162040, 0x00000000ff200000)
  to   space 640K,   0% used [0x00000000ff200000, 0x00000000ff200000, 0x00000000ff2a0000)
 concurrent mark-sweep generation total 13696K, used 10404K [0x00000000ff2a0000, 0x0000000100000000, 0x0000000100000000)
 Metaspace       used 5073K, capacity 5258K, committed 5504K, reserved 1056768K
  class space    used 557K, capacity 597K, committed 640K, reserved 1048576K
2024-07-16T18:26:14.528+0800: 1.332: [GC (Allocation Failure) 2024-07-16T18:26:14.528+0800: 1.332: [ParNew: 5237K->6K(6144K), 0.0004379 secs] 15642K->11437K(19840K), 0.0004810 secs] [Times: user=0.00 sys=0.00, real=0.00 secs] 
Heap after GC invocations=169 (full 22):
 par new generation   total 6144K, used 6K [0x00000000fec00000, 0x00000000ff2a0000, 0x00000000ff2a0000)
  eden space 5504K,   0% used [0x00000000fec00000, 0x00000000fec00000, 0x00000000ff160000)
  from space 640K,   0% used [0x00000000ff200000, 0x00000000ff201830, 0x00000000ff2a0000)
  to   space 640K,   0% used [0x00000000ff160000, 0x00000000ff160000, 0x00000000ff200000)
 concurrent mark-sweep generation total 13696K, used 11431K [0x00000000ff2a0000, 0x0000000100000000, 0x0000000100000000)
 Metaspace       used 5073K, capacity 5258K, committed 5504K, reserved 1056768K
  class space    used 557K, capacity 597K, committed 640K, reserved 1048576K
}
{Heap before GC invocations=169 (full 22):
 par new generation   total 6144K, used 5235K [0x00000000fec00000, 0x00000000ff2a0000, 0x00000000ff2a0000)
  eden space 5504K,  95% used [0x00000000fec00000, 0x00000000ff11b780, 0x00000000ff160000)
  from space 640K,   0% used [0x00000000ff200000, 0x00000000ff201830, 0x00000000ff2a0000)
  to   space 640K,   0% used [0x00000000ff160000, 0x00000000ff160000, 0x00000000ff200000)
 concurrent mark-sweep generation total 13696K, used 11431K [0x00000000ff2a0000, 0x0000000100000000, 0x0000000100000000)
 Metaspace       used 5073K, capacity 5258K, committed 5504K, reserved 1056768K
  class space    used 557K, capacity 597K, committed 640K, reserved 1048576K
2024-07-16T18:26:14.536+0800: 1.340: [GC (Allocation Failure) 2024-07-16T18:26:14.536+0800: 1.340: [ParNew: 5235K->4K(6144K), 0.0003034 secs] 16666K->11435K(19840K), 0.0003493 secs] [Times: user=0.00 sys=0.00, real=0.00 secs] 
Heap after GC invocations=170 (full 22):
 par new generation   total 6144K, used 4K [0x00000000fec00000, 0x00000000ff2a0000, 0x00000000ff2a0000)
  eden space 5504K,   0% used [0x00000000fec00000, 0x00000000fec00000, 0x00000000ff160000)
  from space 640K,   0% used [0x00000000ff160000, 0x00000000ff161020, 0x00000000ff200000)
  to   space 640K,   0% used [0x00000000ff200000, 0x00000000ff200000, 0x00000000ff2a0000)
 concurrent mark-sweep generation total 13696K, used 11431K [0x00000000ff2a0000, 0x0000000100000000, 0x0000000100000000)
 Metaspace       used 5073K, capacity 5258K, committed 5504K, reserved 1056768K
  class space    used 557K, capacity 597K, committed 640K, reserved 1048576K
}
{Heap before GC invocations=170 (full 22):
 par new generation   total 6144K, used 5233K [0x00000000fec00000, 0x00000000ff2a0000, 0x00000000ff2a0000)
  eden space 5504K,  95% used [0x00000000fec00000, 0x00000000ff11b780, 0x00000000ff160000)
  from space 640K,   0% used [0x00000000ff160000, 0x00000000ff161020, 0x00000000ff200000)
  to   space 640K,   0% used [0x00000000ff200000, 0x00000000ff200000, 0x00000000ff2a0000)
 concurrent mark-sweep generation total 13696K, used 11431K [0x00000000ff2a0000, 0x0000000100000000, 0x0000000100000000)
 Metaspace       used 5073K, capacity 5258K, committed 5504K, reserved 1056768K
  class space    used 557K, capacity 597K, committed 640K, reserved 1048576K
2024-07-16T18:26:14.543+0800: 1.347: [GC (Allocation Failure) 2024-07-16T18:26:14.543+0800: 1.347: [ParNew: 5233K->10K(6144K), 0.0003441 secs] 16664K->12467K(19840K), 0.0003780 secs] [Times: user=0.00 sys=0.00, real=0.00 secs] 
Heap after GC invocations=171 (full 22):
 par new generation   total 6144K, used 10K [0x00000000fec00000, 0x00000000ff2a0000, 0x00000000ff2a0000)
  eden space 5504K,   0% used [0x00000000fec00000, 0x00000000fec00000, 0x00000000ff160000)
  from space 640K,   1% used [0x00000000ff200000, 0x00000000ff202850, 0x00000000ff2a0000)
  to   space 640K,   0% used [0x00000000ff160000, 0x00000000ff160000, 0x00000000ff200000)
 concurrent mark-sweep generation total 13696K, used 12457K [0x00000000ff2a0000, 0x0000000100000000, 0x0000000100000000)
 Metaspace       used 5073K, capacity 5258K, committed 5504K, reserved 1056768K
  class space    used 557K, capacity 597K, committed 640K, reserved 1048576K
}
{Heap before GC invocations=171 (full 22):
 par new generation   total 6144K, used 5239K [0x00000000fec00000, 0x00000000ff2a0000, 0x00000000ff2a0000)
  eden space 5504K,  95% used [0x00000000fec00000, 0x00000000ff11b780, 0x00000000ff160000)
  from space 640K,   1% used [0x00000000ff200000, 0x00000000ff202850, 0x00000000ff2a0000)
  to   space 640K,   0% used [0x00000000ff160000, 0x00000000ff160000, 0x00000000ff200000)
 concurrent mark-sweep generation total 13696K, used 12457K [0x00000000ff2a0000, 0x0000000100000000, 0x0000000100000000)
 Metaspace       used 5073K, capacity 5258K, committed 5504K, reserved 1056768K
  class space    used 557K, capacity 597K, committed 640K, reserved 1048576K
2024-07-16T18:26:14.550+0800: 1.354: [GC (Allocation Failure) 2024-07-16T18:26:14.550+0800: 1.354: [ParNew: 5239K->5239K(6144K), 0.0000138 secs]2024-07-16T18:26:14.550+0800: 1.354: [CMS2024-07-16T18:26:14.550+0800: 1.354: [CMS-concurrent-abortable-preclean: 0.001/0.127 secs] [Times: user=0.00 sys=0.00, real=0.13 secs] 
 (concurrent mode failure): 12457K->2206K(13696K), 0.0025540 secs] 17697K->2206K(19840K), [Metaspace: 5073K->5073K(1056768K)], 0.0026648 secs] [Times: user=0.00 sys=0.00, real=0.00 secs] 
Heap after GC invocations=172 (full 23):
 par new generation   total 6144K, used 0K [0x00000000fec00000, 0x00000000ff2a0000, 0x00000000ff2a0000)
  eden space 5504K,   0% used [0x00000000fec00000, 0x00000000fec00000, 0x00000000ff160000)
  from space 640K,   0% used [0x00000000ff200000, 0x00000000ff200000, 0x00000000ff2a0000)
  to   space 640K,   0% used [0x00000000ff160000, 0x00000000ff160000, 0x00000000ff200000)
 concurrent mark-sweep generation total 13696K, used 2206K [0x00000000ff2a0000, 0x0000000100000000, 0x0000000100000000)
 Metaspace       used 5073K, capacity 5258K, committed 5504K, reserved 1056768K
  class space    used 557K, capacity 597K, committed 640K, reserved 1048576K
}
{Heap before GC invocations=172 (full 23):
 par new generation   total 6144K, used 5229K [0x00000000fec00000, 0x00000000ff2a0000, 0x00000000ff2a0000)
  eden space 5504K,  95% used [0x00000000fec00000, 0x00000000ff11b780, 0x00000000ff160000)
  from space 640K,   0% used [0x00000000ff200000, 0x00000000ff200000, 0x00000000ff2a0000)
  to   space 640K,   0% used [0x00000000ff160000, 0x00000000ff160000, 0x00000000ff200000)
 concurrent mark-sweep generation total 13696K, used 2206K [0x00000000ff2a0000, 0x0000000100000000, 0x0000000100000000)
 Metaspace       used 5073K, capacity 5258K, committed 5504K, reserved 1056768K
  class space    used 557K, capacity 597K, committed 640K, reserved 1048576K
2024-07-16T18:26:14.561+0800: 1.365: [GC (Allocation Failure) 2024-07-16T18:26:14.561+0800: 1.365: [ParNew: 5229K->4K(6144K), 0.0002917 secs] 7436K->2210K(19840K), 0.0003366 secs] [Times: user=0.00 sys=0.00, real=0.00 secs] 
Heap after GC invocations=173 (full 23):
 par new generation   total 6144K, used 4K [0x00000000fec00000, 0x00000000ff2a0000, 0x00000000ff2a0000)
  eden space 5504K,   0% used [0x00000000fec00000, 0x00000000fec00000, 0x00000000ff160000)
  from space 640K,   0% used [0x00000000ff160000, 0x00000000ff161020, 0x00000000ff200000)
  to   space 640K,   0% used [0x00000000ff200000, 0x00000000ff200000, 0x00000000ff2a0000)
 concurrent mark-sweep generation total 13696K, used 2206K [0x00000000ff2a0000, 0x0000000100000000, 0x0000000100000000)
 Metaspace       used 5073K, capacity 5258K, committed 5504K, reserved 1056768K
  class space    used 557K, capacity 597K, committed 640K, reserved 1048576K
}
{Heap before GC invocations=173 (full 23):
 par new generation   total 6144K, used 5233K [0x00000000fec00000, 0x00000000ff2a0000, 0x00000000ff2a0000)
  eden space 5504K,  95% used [0x00000000fec00000, 0x00000000ff11b780, 0x00000000ff160000)
  from space 640K,   0% used [0x00000000ff160000, 0x00000000ff161020, 0x00000000ff200000)
  to   space 640K,   0% used [0x00000000ff200000, 0x00000000ff200000, 0x00000000ff2a0000)
 concurrent mark-sweep generation total 13696K, used 2206K [0x00000000ff2a0000, 0x0000000100000000, 0x0000000100000000)
 Metaspace       used 5073K, capacity 5258K, committed 5504K, reserved 1056768K
  class space    used 557K, capacity 597K, committed 640K, reserved 1048576K
2024-07-16T18:26:14.569+0800: 1.373: [GC (Allocation Failure) 2024-07-16T18:26:14.569+0800: 1.373: [ParNew: 5233K->4K(6144K), 0.0003049 secs] 7440K->2210K(19840K), 0.0003867 secs] [Times: user=0.00 sys=0.00, real=0.00 secs] 
Heap after GC invocations=174 (full 23):
 par new generation   total 6144K, used 4K [0x00000000fec00000, 0x00000000ff2a0000, 0x00000000ff2a0000)
  eden space 5504K,   0% used [0x00000000fec00000, 0x00000000fec00000, 0x00000000ff160000)
  from space 640K,   0% used [0x00000000ff200000, 0x00000000ff201020, 0x00000000ff2a0000)
  to   space 640K,   0% used [0x00000000ff160000, 0x00000000ff160000, 0x00000000ff200000)
 concurrent mark-sweep generation total 13696K, used 2206K [0x00000000ff2a0000, 0x0000000100000000, 0x0000000100000000)
 Metaspace       used 5073K, capacity 5258K, committed 5504K, reserved 1056768K
  class space    used 557K, capacity 597K, committed 640K, reserved 1048576K
}
{Heap before GC invocations=174 (full 23):
 par new generation   total 6144K, used 5233K [0x00000000fec00000, 0x00000000ff2a0000, 0x00000000ff2a0000)
  eden space 5504K,  95% used [0x00000000fec00000, 0x00000000ff11b780, 0x00000000ff160000)
  from space 640K,   0% used [0x00000000ff200000, 0x00000000ff201020, 0x00000000ff2a0000)
  to   space 640K,   0% used [0x00000000ff160000, 0x00000000ff160000, 0x00000000ff200000)
 concurrent mark-sweep generation total 13696K, used 2206K [0x00000000ff2a0000, 0x0000000100000000, 0x0000000100000000)
 Metaspace       used 5073K, capacity 5258K, committed 5504K, reserved 1056768K
  class space    used 557K, capacity 597K, committed 640K, reserved 1048576K
2024-07-16T18:26:14.575+0800: 1.379: [GC (Allocation Failure) 2024-07-16T18:26:14.575+0800: 1.379: [ParNew: 5233K->8K(6144K), 0.0003980 secs] 7440K->3240K(19840K), 0.0004394 secs] [Times: user=0.00 sys=0.00, real=0.00 secs] 
Heap after GC invocations=175 (full 23):
 par new generation   total 6144K, used 8K [0x00000000fec00000, 0x00000000ff2a0000, 0x00000000ff2a0000)
  eden space 5504K,   0% used [0x00000000fec00000, 0x00000000fec00000, 0x00000000ff160000)
  from space 640K,   1% used [0x00000000ff160000, 0x00000000ff162040, 0x00000000ff200000)
  to   space 640K,   0% used [0x00000000ff200000, 0x00000000ff200000, 0x00000000ff2a0000)
 concurrent mark-sweep generation total 13696K, used 3232K [0x00000000ff2a0000, 0x0000000100000000, 0x0000000100000000)
 Metaspace       used 5073K, capacity 5258K, committed 5504K, reserved 1056768K
  class space    used 557K, capacity 597K, committed 640K, reserved 1048576K
}
{Heap before GC invocations=175 (full 23):
 par new generation   total 6144K, used 5237K [0x00000000fec00000, 0x00000000ff2a0000, 0x00000000ff2a0000)
  eden space 5504K,  95% used [0x00000000fec00000, 0x00000000ff11b780, 0x00000000ff160000)
  from space 640K,   1% used [0x00000000ff160000, 0x00000000ff162040, 0x00000000ff200000)
  to   space 640K,   0% used [0x00000000ff200000, 0x00000000ff200000, 0x00000000ff2a0000)
 concurrent mark-sweep generation total 13696K, used 3232K [0x00000000ff2a0000, 0x0000000100000000, 0x0000000100000000)
 Metaspace       used 5073K, capacity 5258K, committed 5504K, reserved 1056768K
  class space    used 557K, capacity 597K, committed 640K, reserved 1048576K
2024-07-16T18:26:14.582+0800: 1.386: [GC (Allocation Failure) 2024-07-16T18:26:14.582+0800: 1.386: [ParNew: 5237K->10K(6144K), 0.0004073 secs] 8470K->5295K(19840K), 0.0004431 secs] [Times: user=0.00 sys=0.00, real=0.00 secs] 
Heap after GC invocations=176 (full 23):
 par new generation   total 6144K, used 10K [0x00000000fec00000, 0x00000000ff2a0000, 0x00000000ff2a0000)
  eden space 5504K,   0% used [0x00000000fec00000, 0x00000000fec00000, 0x00000000ff160000)
  from space 640K,   1% used [0x00000000ff200000, 0x00000000ff202b88, 0x00000000ff2a0000)
  to   space 640K,   0% used [0x00000000ff160000, 0x00000000ff160000, 0x00000000ff200000)
 concurrent mark-sweep generation total 13696K, used 5284K [0x00000000ff2a0000, 0x0000000100000000, 0x0000000100000000)
 Metaspace       used 5073K, capacity 5258K, committed 5504K, reserved 1056768K
  class space    used 557K, capacity 597K, committed 640K, reserved 1048576K
}
2024-07-16T18:26:14.582+0800: 1.387: [GC (CMS Initial Mark) [1 CMS-initial-mark: 5284K(13696K)] 6319K(19840K), 0.0001587 secs] [Times: user=0.00 sys=0.00, real=0.00 secs] 
2024-07-16T18:26:14.582+0800: 1.387: [CMS-concurrent-mark-start]
2024-07-16T18:26:14.584+0800: 1.388: [CMS-concurrent-mark: 0.001/0.001 secs] [Times: user=0.00 sys=0.00, real=0.00 secs] 
2024-07-16T18:26:14.584+0800: 1.388: [CMS-concurrent-preclean-start]
2024-07-16T18:26:14.584+0800: 1.388: [CMS-concurrent-preclean: 0.000/0.000 secs] [Times: user=0.00 sys=0.00, real=0.00 secs] 
2024-07-16T18:26:14.584+0800: 1.388: [CMS-concurrent-abortable-preclean-start]
{Heap before GC invocations=176 (full 24):
 par new generation   total 6144K, used 5240K [0x00000000fec00000, 0x00000000ff2a0000, 0x00000000ff2a0000)
  eden space 5504K,  95% used [0x00000000fec00000, 0x00000000ff11b780, 0x00000000ff160000)
  from space 640K,   1% used [0x00000000ff200000, 0x00000000ff202b88, 0x00000000ff2a0000)
  to   space 640K,   0% used [0x00000000ff160000, 0x00000000ff160000, 0x00000000ff200000)
 concurrent mark-sweep generation total 13696K, used 5284K [0x00000000ff2a0000, 0x0000000100000000, 0x0000000100000000)
 Metaspace       used 5073K, capacity 5258K, committed 5504K, reserved 1056768K
  class space    used 557K, capacity 597K, committed 640K, reserved 1048576K
2024-07-16T18:26:14.589+0800: 1.393: [GC (Allocation Failure) 2024-07-16T18:26:14.589+0800: 1.393: [ParNew: 5240K->12K(6144K), 0.0003681 secs] 10525K->6323K(19840K), 0.0004005 secs] [Times: user=0.00 sys=0.00, real=0.00 secs] 
Heap after GC invocations=177 (full 24):
 par new generation   total 6144K, used 12K [0x00000000fec00000, 0x00000000ff2a0000, 0x00000000ff2a0000)
  eden space 5504K,   0% used [0x00000000fec00000, 0x00000000fec00000, 0x00000000ff160000)
  from space 640K,   2% used [0x00000000ff160000, 0x00000000ff163398, 0x00000000ff200000)
  to   space 640K,   0% used [0x00000000ff200000, 0x00000000ff200000, 0x00000000ff2a0000)
 concurrent mark-sweep generation total 13696K, used 6310K [0x00000000ff2a0000, 0x0000000100000000, 0x0000000100000000)
 Metaspace       used 5073K, capacity 5258K, committed 5504K, reserved 1056768K
  class space    used 557K, capacity 597K, committed 640K, reserved 1048576K
}
{Heap before GC invocations=177 (full 24):
 par new generation   total 6144K, used 5242K [0x00000000fec00000, 0x00000000ff2a0000, 0x00000000ff2a0000)
  eden space 5504K,  95% used [0x00000000fec00000, 0x00000000ff11b7a0, 0x00000000ff160000)
  from space 640K,   2% used [0x00000000ff160000, 0x00000000ff163398, 0x00000000ff200000)
  to   space 640K,   0% used [0x00000000ff200000, 0x00000000ff200000, 0x00000000ff2a0000)
 concurrent mark-sweep generation total 13696K, used 6310K [0x00000000ff2a0000, 0x0000000100000000, 0x0000000100000000)
 Metaspace       used 5073K, capacity 5258K, committed 5504K, reserved 1056768K
  class space    used 557K, capacity 597K, committed 640K, reserved 1048576K
2024-07-16T18:26:14.597+0800: 1.401: [GC (Allocation Failure) 2024-07-16T18:26:14.597+0800: 1.401: [ParNew: 5242K->10K(6144K), 0.0003694 secs] 11553K->7347K(19840K), 0.0004145 secs] [Times: user=0.00 sys=0.00, real=0.00 secs] 
Heap after GC invocations=178 (full 24):
 par new generation   total 6144K, used 10K [0x00000000fec00000, 0x00000000ff2a0000, 0x00000000ff2a0000)
  eden space 5504K,   0% used [0x00000000fec00000, 0x00000000fec00000, 0x00000000ff160000)
  from space 640K,   1% used [0x00000000ff200000, 0x00000000ff202b88, 0x00000000ff2a0000)
  to   space 640K,   0% used [0x00000000ff160000, 0x00000000ff160000, 0x00000000ff200000)
 concurrent mark-sweep generation total 13696K, used 7337K [0x00000000ff2a0000, 0x0000000100000000, 0x0000000100000000)
 Metaspace       used 5073K, capacity 5258K, committed 5504K, reserved 1056768K
  class space    used 557K, capacity 597K, committed 640K, reserved 1048576K
}
{Heap before GC invocations=178 (full 24):
 par new generation   total 6144K, used 5240K [0x00000000fec00000, 0x00000000ff2a0000, 0x00000000ff2a0000)
  eden space 5504K,  95% used [0x00000000fec00000, 0x00000000ff11b790, 0x00000000ff160000)
  from space 640K,   1% used [0x00000000ff200000, 0x00000000ff202b88, 0x00000000ff2a0000)
  to   space 640K,   0% used [0x00000000ff160000, 0x00000000ff160000, 0x00000000ff200000)
 concurrent mark-sweep generation total 13696K, used 7337K [0x00000000ff2a0000, 0x0000000100000000, 0x0000000100000000)
 Metaspace       used 5073K, capacity 5258K, committed 5504K, reserved 1056768K
  class space    used 557K, capacity 597K, committed 640K, reserved 1048576K
2024-07-16T18:26:14.604+0800: 1.408: [GC (Allocation Failure) 2024-07-16T18:26:14.604+0800: 1.408: [ParNew: 5240K->8K(6144K), 0.0002616 secs] 12577K->7345K(19840K), 0.0003365 secs] [Times: user=0.00 sys=0.00, real=0.00 secs] 
Heap after GC invocations=179 (full 24):
 par new generation   total 6144K, used 8K [0x00000000fec00000, 0x00000000ff2a0000, 0x00000000ff2a0000)
  eden space 5504K,   0% used [0x00000000fec00000, 0x00000000fec00000, 0x00000000ff160000)
  from space 640K,   1% used [0x00000000ff160000, 0x00000000ff162378, 0x00000000ff200000)
  to   space 640K,   0% used [0x00000000ff200000, 0x00000000ff200000, 0x00000000ff2a0000)
 concurrent mark-sweep generation total 13696K, used 7337K [0x00000000ff2a0000, 0x0000000100000000, 0x0000000100000000)
 Metaspace       used 5073K, capacity 5258K, committed 5504K, reserved 1056768K
  class space    used 557K, capacity 597K, committed 640K, reserved 1048576K
}
{Heap before GC invocations=179 (full 24):
 par new generation   total 6144K, used 5238K [0x00000000fec00000, 0x00000000ff2a0000, 0x00000000ff2a0000)
  eden space 5504K,  95% used [0x00000000fec00000, 0x00000000ff11b788, 0x00000000ff160000)
  from space 640K,   1% used [0x00000000ff160000, 0x00000000ff162378, 0x00000000ff200000)
  to   space 640K,   0% used [0x00000000ff200000, 0x00000000ff200000, 0x00000000ff2a0000)
 concurrent mark-sweep generation total 13696K, used 7337K [0x00000000ff2a0000, 0x0000000100000000, 0x0000000100000000)
 Metaspace       used 5073K, capacity 5258K, committed 5504K, reserved 1056768K
  class space    used 557K, capacity 597K, committed 640K, reserved 1048576K
2024-07-16T18:26:14.612+0800: 1.416: [GC (Allocation Failure) 2024-07-16T18:26:14.612+0800: 1.416: [ParNew: 5238K->14K(6144K), 0.0005188 secs] 12575K->8378K(19840K), 0.0005879 secs] [Times: user=0.00 sys=0.00, real=0.00 secs] 
Heap after GC invocations=180 (full 24):
 par new generation   total 6144K, used 14K [0x00000000fec00000, 0x00000000ff2a0000, 0x00000000ff2a0000)
  eden space 5504K,   0% used [0x00000000fec00000, 0x00000000fec00000, 0x00000000ff160000)
  from space 640K,   2% used [0x00000000ff200000, 0x00000000ff203ba8, 0x00000000ff2a0000)
  to   space 640K,   0% used [0x00000000ff160000, 0x00000000ff160000, 0x00000000ff200000)
 concurrent mark-sweep generation total 13696K, used 8363K [0x00000000ff2a0000, 0x0000000100000000, 0x0000000100000000)
 Metaspace       used 5073K, capacity 5258K, committed 5504K, reserved 1056768K
  class space    used 557K, capacity 597K, committed 640K, reserved 1048576K
}
{Heap before GC invocations=180 (full 24):
 par new generation   total 6144K, used 5244K [0x00000000fec00000, 0x00000000ff2a0000, 0x00000000ff2a0000)
  eden space 5504K,  95% used [0x00000000fec00000, 0x00000000ff11b788, 0x00000000ff160000)
  from space 640K,   2% used [0x00000000ff200000, 0x00000000ff203ba8, 0x00000000ff2a0000)
  to   space 640K,   0% used [0x00000000ff160000, 0x00000000ff160000, 0x00000000ff200000)
 concurrent mark-sweep generation total 13696K, used 8363K [0x00000000ff2a0000, 0x0000000100000000, 0x0000000100000000)
 Metaspace       used 5073K, capacity 5258K, committed 5504K, reserved 1056768K
  class space    used 557K, capacity 597K, committed 640K, reserved 1048576K
2024-07-16T18:26:14.620+0800: 1.424: [GC (Allocation Failure) 2024-07-16T18:26:14.620+0800: 1.424: [ParNew: 5244K->8K(6144K), 0.0002628 secs] 13607K->8371K(19840K), 0.0002933 secs] [Times: user=0.00 sys=0.00, real=0.00 secs] 
Heap after GC invocations=181 (full 24):
 par new generation   total 6144K, used 8K [0x00000000fec00000, 0x00000000ff2a0000, 0x00000000ff2a0000)
  eden space 5504K,   0% used [0x00000000fec00000, 0x00000000fec00000, 0x00000000ff160000)
  from space 640K,   1% used [0x00000000ff160000, 0x00000000ff162378, 0x00000000ff200000)
  to   space 640K,   0% used [0x00000000ff200000, 0x00000000ff200000, 0x00000000ff2a0000)
 concurrent mark-sweep generation total 13696K, used 8363K [0x00000000ff2a0000, 0x0000000100000000, 0x0000000100000000)
 Metaspace       used 5073K, capacity 5258K, committed 5504K, reserved 1056768K
  class space    used 557K, capacity 597K, committed 640K, reserved 1048576K
}
{Heap before GC invocations=181 (full 24):
 par new generation   total 6144K, used 5238K [0x00000000fec00000, 0x00000000ff2a0000, 0x00000000ff2a0000)
  eden space 5504K,  95% used [0x00000000fec00000, 0x00000000ff11b780, 0x00000000ff160000)
  from space 640K,   1% used [0x00000000ff160000, 0x00000000ff162378, 0x00000000ff200000)
  to   space 640K,   0% used [0x00000000ff200000, 0x00000000ff200000, 0x00000000ff2a0000)
 concurrent mark-sweep generation total 13696K, used 8363K [0x00000000ff2a0000, 0x0000000100000000, 0x0000000100000000)
 Metaspace       used 5073K, capacity 5258K, committed 5504K, reserved 1056768K
  class space    used 557K, capacity 597K, committed 640K, reserved 1048576K
2024-07-16T18:26:14.627+0800: 1.431: [GC (Allocation Failure) 2024-07-16T18:26:14.627+0800: 1.431: [ParNew: 5238K->8K(6144K), 0.0006250 secs] 13601K->9404K(19840K), 0.0006952 secs] [Times: user=0.00 sys=0.00, real=0.00 secs] 
Heap after GC invocations=182 (full 24):
 par new generation   total 6144K, used 8K [0x00000000fec00000, 0x00000000ff2a0000, 0x00000000ff2a0000)
  eden space 5504K,   0% used [0x00000000fec00000, 0x00000000fec00000, 0x00000000ff160000)
  from space 640K,   1% used [0x00000000ff200000, 0x00000000ff202040, 0x00000000ff2a0000)
  to   space 640K,   0% used [0x00000000ff160000, 0x00000000ff160000, 0x00000000ff200000)
 concurrent mark-sweep generation total 13696K, used 9396K [0x00000000ff2a0000, 0x0000000100000000, 0x0000000100000000)
 Metaspace       used 5073K, capacity 5258K, committed 5504K, reserved 1056768K
  class space    used 557K, capacity 597K, committed 640K, reserved 1048576K
}
{Heap before GC invocations=182 (full 24):
 par new generation   total 6144K, used 5237K [0x00000000fec00000, 0x00000000ff2a0000, 0x00000000ff2a0000)
  eden space 5504K,  95% used [0x00000000fec00000, 0x00000000ff11b780, 0x00000000ff160000)
  from space 640K,   1% used [0x00000000ff200000, 0x00000000ff202040, 0x00000000ff2a0000)
  to   space 640K,   0% used [0x00000000ff160000, 0x00000000ff160000, 0x00000000ff200000)
 concurrent mark-sweep generation total 13696K, used 9396K [0x00000000ff2a0000, 0x0000000100000000, 0x0000000100000000)
 Metaspace       used 5073K, capacity 5258K, committed 5504K, reserved 1056768K
  class space    used 557K, capacity 597K, committed 640K, reserved 1048576K
2024-07-16T18:26:14.635+0800: 1.439: [GC (Allocation Failure) 2024-07-16T18:26:14.635+0800: 1.439: [ParNew: 5237K->8K(6144K), 0.0003821 secs] 14633K->10428K(19840K), 0.0004128 secs] [Times: user=0.00 sys=0.00, real=0.00 secs] 
Heap after GC invocations=183 (full 24):
 par new generation   total 6144K, used 8K [0x00000000fec00000, 0x00000000ff2a0000, 0x00000000ff2a0000)
  eden space 5504K,   0% used [0x00000000fec00000, 0x00000000fec00000, 0x00000000ff160000)
  from space 640K,   1% used [0x00000000ff160000, 0x00000000ff162040, 0x00000000ff200000)
  to   space 640K,   0% used [0x00000000ff200000, 0x00000000ff200000, 0x00000000ff2a0000)
 concurrent mark-sweep generation total 13696K, used 10420K [0x00000000ff2a0000, 0x0000000100000000, 0x0000000100000000)
 Metaspace       used 5073K, capacity 5258K, committed 5504K, reserved 1056768K
  class space    used 557K, capacity 597K, committed 640K, reserved 1048576K
}
{Heap before GC invocations=183 (full 24):
 par new generation   total 6144K, used 5237K [0x00000000fec00000, 0x00000000ff2a0000, 0x00000000ff2a0000)
  eden space 5504K,  95% used [0x00000000fec00000, 0x00000000ff11b780, 0x00000000ff160000)
  from space 640K,   1% used [0x00000000ff160000, 0x00000000ff162040, 0x00000000ff200000)
  to   space 640K,   0% used [0x00000000ff200000, 0x00000000ff200000, 0x00000000ff2a0000)
 concurrent mark-sweep generation total 13696K, used 10420K [0x00000000ff2a0000, 0x0000000100000000, 0x0000000100000000)
 Metaspace       used 5073K, capacity 5258K, committed 5504K, reserved 1056768K
  class space    used 557K, capacity 597K, committed 640K, reserved 1048576K
2024-07-16T18:26:14.641+0800: 1.445: [GC (Allocation Failure) 2024-07-16T18:26:14.641+0800: 1.445: [ParNew: 5237K->6K(6144K), 0.0003701 secs] 15657K->11450K(19840K), 0.0004297 secs] [Times: user=0.00 sys=0.00, real=0.00 secs] 
Heap after GC invocations=184 (full 24):
 par new generation   total 6144K, used 6K [0x00000000fec00000, 0x00000000ff2a0000, 0x00000000ff2a0000)
  eden space 5504K,   0% used [0x00000000fec00000, 0x00000000fec00000, 0x00000000ff160000)
  from space 640K,   0% used [0x00000000ff200000, 0x00000000ff201830, 0x00000000ff2a0000)
  to   space 640K,   0% used [0x00000000ff160000, 0x00000000ff160000, 0x00000000ff200000)
 concurrent mark-sweep generation total 13696K, used 11444K [0x00000000ff2a0000, 0x0000000100000000, 0x0000000100000000)
 Metaspace       used 5073K, capacity 5258K, committed 5504K, reserved 1056768K
  class space    used 557K, capacity 597K, committed 640K, reserved 1048576K
}
{Heap before GC invocations=184 (full 24):
 par new generation   total 6144K, used 5235K [0x00000000fec00000, 0x00000000ff2a0000, 0x00000000ff2a0000)
  eden space 5504K,  95% used [0x00000000fec00000, 0x00000000ff11b780, 0x00000000ff160000)
  from space 640K,   0% used [0x00000000ff200000, 0x00000000ff201830, 0x00000000ff2a0000)
  to   space 640K,   0% used [0x00000000ff160000, 0x00000000ff160000, 0x00000000ff200000)
 concurrent mark-sweep generation total 13696K, used 11444K [0x00000000ff2a0000, 0x0000000100000000, 0x0000000100000000)
 Metaspace       used 5073K, capacity 5258K, committed 5504K, reserved 1056768K
  class space    used 557K, capacity 597K, committed 640K, reserved 1048576K
2024-07-16T18:26:14.648+0800: 1.452: [GC (Allocation Failure) 2024-07-16T18:26:14.648+0800: 1.452: [ParNew: 5235K->8K(6144K), 0.0006168 secs] 16679K->12476K(19840K), 0.0006918 secs] [Times: user=0.00 sys=0.00, real=0.00 secs] 
Heap after GC invocations=185 (full 24):
 par new generation   total 6144K, used 8K [0x00000000fec00000, 0x00000000ff2a0000, 0x00000000ff2a0000)
  eden space 5504K,   0% used [0x00000000fec00000, 0x00000000fec00000, 0x00000000ff160000)
  from space 640K,   1% used [0x00000000ff160000, 0x00000000ff162040, 0x00000000ff200000)
  to   space 640K,   0% used [0x00000000ff200000, 0x00000000ff200000, 0x00000000ff2a0000)
 concurrent mark-sweep generation total 13696K, used 12468K [0x00000000ff2a0000, 0x0000000100000000, 0x0000000100000000)
 Metaspace       used 5073K, capacity 5258K, committed 5504K, reserved 1056768K
  class space    used 557K, capacity 597K, committed 640K, reserved 1048576K
}
{Heap before GC invocations=185 (full 24):
 par new generation   total 6144K, used 5237K [0x00000000fec00000, 0x00000000ff2a0000, 0x00000000ff2a0000)
  eden space 5504K,  95% used [0x00000000fec00000, 0x00000000ff11b780, 0x00000000ff160000)
  from space 640K,   1% used [0x00000000ff160000, 0x00000000ff162040, 0x00000000ff200000)
  to   space 640K,   0% used [0x00000000ff200000, 0x00000000ff200000, 0x00000000ff2a0000)
 concurrent mark-sweep generation total 13696K, used 12468K [0x00000000ff2a0000, 0x0000000100000000, 0x0000000100000000)
 Metaspace       used 5073K, capacity 5258K, committed 5504K, reserved 1056768K
  class space    used 557K, capacity 597K, committed 640K, reserved 1048576K
2024-07-16T18:26:14.657+0800: 1.461: [GC (Allocation Failure) 2024-07-16T18:26:14.657+0800: 1.461: [ParNew: 5237K->5237K(6144K), 0.0000192 secs]2024-07-16T18:26:14.657+0800: 1.461: [CMS2024-07-16T18:26:14.657+0800: 1.461: [CMS-concurrent-abortable-preclean: 0.001/0.073 secs] [Times: user=0.00 sys=0.00, real=0.07 secs] 
 (concurrent mode failure): 12468K->2208K(13696K), 0.0049507 secs] 17706K->2208K(19840K), [Metaspace: 5073K->5073K(1056768K)], 0.0050676 secs] [Times: user=0.01 sys=0.00, real=0.00 secs] 
Heap after GC invocations=186 (full 25):
 par new generation   total 6144K, used 0K [0x00000000fec00000, 0x00000000ff2a0000, 0x00000000ff2a0000)
  eden space 5504K,   0% used [0x00000000fec00000, 0x00000000fec00000, 0x00000000ff160000)
  from space 640K,   0% used [0x00000000ff160000, 0x00000000ff160000, 0x00000000ff200000)
  to   space 640K,   0% used [0x00000000ff200000, 0x00000000ff200000, 0x00000000ff2a0000)
 concurrent mark-sweep generation total 13696K, used 2208K [0x00000000ff2a0000, 0x0000000100000000, 0x0000000100000000)
 Metaspace       used 5073K, capacity 5258K, committed 5504K, reserved 1056768K
  class space    used 557K, capacity 597K, committed 640K, reserved 1048576K
}
{Heap before GC invocations=186 (full 25):
 par new generation   total 6144K, used 5229K [0x00000000fec00000, 0x00000000ff2a0000, 0x00000000ff2a0000)
  eden space 5504K,  95% used [0x00000000fec00000, 0x00000000ff11b780, 0x00000000ff160000)
  from space 640K,   0% used [0x00000000ff160000, 0x00000000ff160000, 0x00000000ff200000)
  to   space 640K,   0% used [0x00000000ff200000, 0x00000000ff200000, 0x00000000ff2a0000)
 concurrent mark-sweep generation total 13696K, used 2208K [0x00000000ff2a0000, 0x0000000100000000, 0x0000000100000000)
 Metaspace       used 5073K, capacity 5258K, committed 5504K, reserved 1056768K
  class space    used 557K, capacity 597K, committed 640K, reserved 1048576K
2024-07-16T18:26:14.670+0800: 1.474: [GC (Allocation Failure) 2024-07-16T18:26:14.670+0800: 1.474: [ParNew: 5229K->4K(6144K), 0.0003121 secs] 7438K->2212K(19840K), 0.0003569 secs] [Times: user=0.00 sys=0.00, real=0.00 secs] 
Heap after GC invocations=187 (full 25):
 par new generation   total 6144K, used 4K [0x00000000fec00000, 0x00000000ff2a0000, 0x00000000ff2a0000)
  eden space 5504K,   0% used [0x00000000fec00000, 0x00000000fec00000, 0x00000000ff160000)
  from space 640K,   0% used [0x00000000ff200000, 0x00000000ff201020, 0x00000000ff2a0000)
  to   space 640K,   0% used [0x00000000ff160000, 0x00000000ff160000, 0x00000000ff200000)
 concurrent mark-sweep generation total 13696K, used 2208K [0x00000000ff2a0000, 0x0000000100000000, 0x0000000100000000)
 Metaspace       used 5073K, capacity 5258K, committed 5504K, reserved 1056768K
  class space    used 557K, capacity 597K, committed 640K, reserved 1048576K
}
{Heap before GC invocations=187 (full 25):
 par new generation   total 6144K, used 5233K [0x00000000fec00000, 0x00000000ff2a0000, 0x00000000ff2a0000)
  eden space 5504K,  95% used [0x00000000fec00000, 0x00000000ff11b780, 0x00000000ff160000)
  from space 640K,   0% used [0x00000000ff200000, 0x00000000ff201020, 0x00000000ff2a0000)
  to   space 640K,   0% used [0x00000000ff160000, 0x00000000ff160000, 0x00000000ff200000)
 concurrent mark-sweep generation total 13696K, used 2208K [0x00000000ff2a0000, 0x0000000100000000, 0x0000000100000000)
 Metaspace       used 5073K, capacity 5258K, committed 5504K, reserved 1056768K
  class space    used 557K, capacity 597K, committed 640K, reserved 1048576K
2024-07-16T18:26:14.677+0800: 1.481: [GC (Allocation Failure) 2024-07-16T18:26:14.677+0800: 1.481: [ParNew: 5233K->6K(6144K), 0.0005890 secs] 7442K->3240K(19840K), 0.0006574 secs] [Times: user=0.00 sys=0.00, real=0.00 secs] 
Heap after GC invocations=188 (full 25):
 par new generation   total 6144K, used 6K [0x00000000fec00000, 0x00000000ff2a0000, 0x00000000ff2a0000)
  eden space 5504K,   0% used [0x00000000fec00000, 0x00000000fec00000, 0x00000000ff160000)
  from space 640K,   0% used [0x00000000ff160000, 0x00000000ff161830, 0x00000000ff200000)
  to   space 640K,   0% used [0x00000000ff200000, 0x00000000ff200000, 0x00000000ff2a0000)
 concurrent mark-sweep generation total 13696K, used 3234K [0x00000000ff2a0000, 0x0000000100000000, 0x0000000100000000)
 Metaspace       used 5073K, capacity 5258K, committed 5504K, reserved 1056768K
  class space    used 557K, capacity 597K, committed 640K, reserved 1048576K
}
{Heap before GC invocations=188 (full 25):
 par new generation   total 6144K, used 5235K [0x00000000fec00000, 0x00000000ff2a0000, 0x00000000ff2a0000)
  eden space 5504K,  95% used [0x00000000fec00000, 0x00000000ff11b780, 0x00000000ff160000)
  from space 640K,   0% used [0x00000000ff160000, 0x00000000ff161830, 0x00000000ff200000)
  to   space 640K,   0% used [0x00000000ff200000, 0x00000000ff200000, 0x00000000ff2a0000)
 concurrent mark-sweep generation total 13696K, used 3234K [0x00000000ff2a0000, 0x0000000100000000, 0x0000000100000000)
 Metaspace       used 5073K, capacity 5258K, committed 5504K, reserved 1056768K
  class space    used 557K, capacity 597K, committed 640K, reserved 1048576K
2024-07-16T18:26:14.684+0800: 1.488: [GC (Allocation Failure) 2024-07-16T18:26:14.684+0800: 1.488: [ParNew: 5235K->4K(6144K), 0.0003771 secs] 8470K->3238K(19840K), 0.0004524 secs] [Times: user=0.00 sys=0.00, real=0.00 secs] 
Heap after GC invocations=189 (full 25):
 par new generation   total 6144K, used 4K [0x00000000fec00000, 0x00000000ff2a0000, 0x00000000ff2a0000)
  eden space 5504K,   0% used [0x00000000fec00000, 0x00000000fec00000, 0x00000000ff160000)
  from space 640K,   0% used [0x00000000ff200000, 0x00000000ff201020, 0x00000000ff2a0000)
  to   space 640K,   0% used [0x00000000ff160000, 0x00000000ff160000, 0x00000000ff200000)
 concurrent mark-sweep generation total 13696K, used 3234K [0x00000000ff2a0000, 0x0000000100000000, 0x0000000100000000)
 Metaspace       used 5073K, capacity 5258K, committed 5504K, reserved 1056768K
  class space    used 557K, capacity 597K, committed 640K, reserved 1048576K
}
{Heap before GC invocations=189 (full 25):
 par new generation   total 6144K, used 5233K [0x00000000fec00000, 0x00000000ff2a0000, 0x00000000ff2a0000)
  eden space 5504K,  95% used [0x00000000fec00000, 0x00000000ff11b780, 0x00000000ff160000)
  from space 640K,   0% used [0x00000000ff200000, 0x00000000ff201020, 0x00000000ff2a0000)
  to   space 640K,   0% used [0x00000000ff160000, 0x00000000ff160000, 0x00000000ff200000)
 concurrent mark-sweep generation total 13696K, used 3234K [0x00000000ff2a0000, 0x0000000100000000, 0x0000000100000000)
 Metaspace       used 5073K, capacity 5258K, committed 5504K, reserved 1056768K
  class space    used 557K, capacity 597K, committed 640K, reserved 1048576K
2024-07-16T18:26:14.691+0800: 1.495: [GC (Allocation Failure) 2024-07-16T18:26:14.691+0800: 1.495: [ParNew: 5233K->8K(6144K), 0.0008412 secs] 8468K->4268K(19840K), 0.0009308 secs] [Times: user=0.00 sys=0.00, real=0.00 secs] 
Heap after GC invocations=190 (full 25):
 par new generation   total 6144K, used 8K [0x00000000fec00000, 0x00000000ff2a0000, 0x00000000ff2a0000)
  eden space 5504K,   0% used [0x00000000fec00000, 0x00000000fec00000, 0x00000000ff160000)
  from space 640K,   1% used [0x00000000ff160000, 0x00000000ff162040, 0x00000000ff200000)
  to   space 640K,   0% used [0x00000000ff200000, 0x00000000ff200000, 0x00000000ff2a0000)
 concurrent mark-sweep generation total 13696K, used 4260K [0x00000000ff2a0000, 0x0000000100000000, 0x0000000100000000)
 Metaspace       used 5073K, capacity 5258K, committed 5504K, reserved 1056768K
  class space    used 557K, capacity 597K, committed 640K, reserved 1048576K
}
{Heap before GC invocations=190 (full 25):
 par new generation   total 6144K, used 5237K [0x00000000fec00000, 0x00000000ff2a0000, 0x00000000ff2a0000)
  eden space 5504K,  95% used [0x00000000fec00000, 0x00000000ff11b780, 0x00000000ff160000)
  from space 640K,   1% used [0x00000000ff160000, 0x00000000ff162040, 0x00000000ff200000)
  to   space 640K,   0% used [0x00000000ff200000, 0x00000000ff200000, 0x00000000ff2a0000)
 concurrent mark-sweep generation total 13696K, used 4260K [0x00000000ff2a0000, 0x0000000100000000, 0x0000000100000000)
 Metaspace       used 5073K, capacity 5258K, committed 5504K, reserved 1056768K
  class space    used 557K, capacity 597K, committed 640K, reserved 1048576K
2024-07-16T18:26:14.700+0800: 1.504: [GC (Allocation Failure) 2024-07-16T18:26:14.700+0800: 1.504: [ParNew: 5237K->8K(6144K), 0.0003596 secs] 9498K->5294K(19840K), 0.0004093 secs] [Times: user=0.00 sys=0.00, real=0.00 secs] 
Heap after GC invocations=191 (full 25):
 par new generation   total 6144K, used 8K [0x00000000fec00000, 0x00000000ff2a0000, 0x00000000ff2a0000)
  eden space 5504K,   0% used [0x00000000fec00000, 0x00000000fec00000, 0x00000000ff160000)
  from space 640K,   1% used [0x00000000ff200000, 0x00000000ff202040, 0x00000000ff2a0000)
  to   space 640K,   0% used [0x00000000ff160000, 0x00000000ff160000, 0x00000000ff200000)
 concurrent mark-sweep generation total 13696K, used 5286K [0x00000000ff2a0000, 0x0000000100000000, 0x0000000100000000)
 Metaspace       used 5073K, capacity 5258K, committed 5504K, reserved 1056768K
  class space    used 557K, capacity 597K, committed 640K, reserved 1048576K
}
{Heap before GC invocations=191 (full 25):
 par new generation   total 6144K, used 5237K [0x00000000fec00000, 0x00000000ff2a0000, 0x00000000ff2a0000)
  eden space 5504K,  95% used [0x00000000fec00000, 0x00000000ff11b780, 0x00000000ff160000)
  from space 640K,   1% used [0x00000000ff200000, 0x00000000ff202040, 0x00000000ff2a0000)
  to   space 640K,   0% used [0x00000000ff160000, 0x00000000ff160000, 0x00000000ff200000)
 concurrent mark-sweep generation total 13696K, used 5286K [0x00000000ff2a0000, 0x0000000100000000, 0x0000000100000000)
 Metaspace       used 5073K, capacity 5258K, committed 5504K, reserved 1056768K
  class space    used 557K, capacity 597K, committed 640K, reserved 1048576K
2024-07-16T18:26:14.708+0800: 1.512: [GC (Allocation Failure) 2024-07-16T18:26:14.708+0800: 1.512: [ParNew: 5237K->4K(6144K), 0.0002455 secs] 10524K->5290K(19840K), 0.0002806 secs] [Times: user=0.00 sys=0.00, real=0.00 secs] 
Heap after GC invocations=192 (full 25):
 par new generation   total 6144K, used 4K [0x00000000fec00000, 0x00000000ff2a0000, 0x00000000ff2a0000)
  eden space 5504K,   0% used [0x00000000fec00000, 0x00000000fec00000, 0x00000000ff160000)
  from space 640K,   0% used [0x00000000ff160000, 0x00000000ff161020, 0x00000000ff200000)
  to   space 640K,   0% used [0x00000000ff200000, 0x00000000ff200000, 0x00000000ff2a0000)
 concurrent mark-sweep generation total 13696K, used 5286K [0x00000000ff2a0000, 0x0000000100000000, 0x0000000100000000)
 Metaspace       used 5073K, capacity 5258K, committed 5504K, reserved 1056768K
  class space    used 557K, capacity 597K, committed 640K, reserved 1048576K
}
{Heap before GC invocations=192 (full 25):
 par new generation   total 6144K, used 5233K [0x00000000fec00000, 0x00000000ff2a0000, 0x00000000ff2a0000)
  eden space 5504K,  95% used [0x00000000fec00000, 0x00000000ff11b780, 0x00000000ff160000)
  from space 640K,   0% used [0x00000000ff160000, 0x00000000ff161020, 0x00000000ff200000)
  to   space 640K,   0% used [0x00000000ff200000, 0x00000000ff200000, 0x00000000ff2a0000)
 concurrent mark-sweep generation total 13696K, used 5286K [0x00000000ff2a0000, 0x0000000100000000, 0x0000000100000000)
 Metaspace       used 5073K, capacity 5258K, committed 5504K, reserved 1056768K
  class space    used 557K, capacity 597K, committed 640K, reserved 1048576K
2024-07-16T18:26:14.716+0800: 1.520: [GC (Allocation Failure) 2024-07-16T18:26:14.716+0800: 1.520: [ParNew: 5233K->8K(6144K), 0.0004128 secs] 10520K->6320K(19840K), 0.0004608 secs] [Times: user=0.00 sys=0.00, real=0.00 secs] 
Heap after GC invocations=193 (full 25):
 par new generation   total 6144K, used 8K [0x00000000fec00000, 0x00000000ff2a0000, 0x00000000ff2a0000)
  eden space 5504K,   0% used [0x00000000fec00000, 0x00000000fec00000, 0x00000000ff160000)
  from space 640K,   1% used [0x00000000ff200000, 0x00000000ff202040, 0x00000000ff2a0000)
  to   space 640K,   0% used [0x00000000ff160000, 0x00000000ff160000, 0x00000000ff200000)
 concurrent mark-sweep generation total 13696K, used 6312K [0x00000000ff2a0000, 0x0000000100000000, 0x0000000100000000)
 Metaspace       used 5073K, capacity 5258K, committed 5504K, reserved 1056768K
  class space    used 557K, capacity 597K, committed 640K, reserved 1048576K
}
{Heap before GC invocations=193 (full 25):
 par new generation   total 6144K, used 5237K [0x00000000fec00000, 0x00000000ff2a0000, 0x00000000ff2a0000)
  eden space 5504K,  95% used [0x00000000fec00000, 0x00000000ff11b780, 0x00000000ff160000)
  from space 640K,   1% used [0x00000000ff200000, 0x00000000ff202040, 0x00000000ff2a0000)
  to   space 640K,   0% used [0x00000000ff160000, 0x00000000ff160000, 0x00000000ff200000)
 concurrent mark-sweep generation total 13696K, used 6312K [0x00000000ff2a0000, 0x0000000100000000, 0x0000000100000000)
 Metaspace       used 5073K, capacity 5258K, committed 5504K, reserved 1056768K
  class space    used 557K, capacity 597K, committed 640K, reserved 1048576K
2024-07-16T18:26:14.723+0800: 1.527: [GC (Allocation Failure) 2024-07-16T18:26:14.723+0800: 1.527: [ParNew: 5237K->8K(6144K), 0.0003618 secs] 11550K->7344K(19840K), 0.0004157 secs] [Times: user=0.00 sys=0.00, real=0.00 secs] 
Heap after GC invocations=194 (full 25):
 par new generation   total 6144K, used 8K [0x00000000fec00000, 0x00000000ff2a0000, 0x00000000ff2a0000)
  eden space 5504K,   0% used [0x00000000fec00000, 0x00000000fec00000, 0x00000000ff160000)
  from space 640K,   1% used [0x00000000ff160000, 0x00000000ff162040, 0x00000000ff200000)
  to   space 640K,   0% used [0x00000000ff200000, 0x00000000ff200000, 0x00000000ff2a0000)
 concurrent mark-sweep generation total 13696K, used 7336K [0x00000000ff2a0000, 0x0000000100000000, 0x0000000100000000)
 Metaspace       used 5073K, capacity 5258K, committed 5504K, reserved 1056768K
  class space    used 557K, capacity 597K, committed 640K, reserved 1048576K
}
{Heap before GC invocations=194 (full 25):
 par new generation   total 6144K, used 5237K [0x00000000fec00000, 0x00000000ff2a0000, 0x00000000ff2a0000)
  eden space 5504K,  95% used [0x00000000fec00000, 0x00000000ff11b780, 0x00000000ff160000)
  from space 640K,   1% used [0x00000000ff160000, 0x00000000ff162040, 0x00000000ff200000)
  to   space 640K,   0% used [0x00000000ff200000, 0x00000000ff200000, 0x00000000ff2a0000)
 concurrent mark-sweep generation total 13696K, used 7336K [0x00000000ff2a0000, 0x0000000100000000, 0x0000000100000000)
 Metaspace       used 5073K, capacity 5258K, committed 5504K, reserved 1056768K
  class space    used 557K, capacity 597K, committed 640K, reserved 1048576K
2024-07-16T18:26:14.730+0800: 1.534: [GC (Allocation Failure) 2024-07-16T18:26:14.730+0800: 1.534: [ParNew: 5237K->4K(6144K), 0.0003417 secs] 12574K->7340K(19840K), 0.0003780 secs] [Times: user=0.00 sys=0.00, real=0.00 secs] 
Heap after GC invocations=195 (full 25):
 par new generation   total 6144K, used 4K [0x00000000fec00000, 0x00000000ff2a0000, 0x00000000ff2a0000)
  eden space 5504K,   0% used [0x00000000fec00000, 0x00000000fec00000, 0x00000000ff160000)
  from space 640K,   0% used [0x00000000ff200000, 0x00000000ff201020, 0x00000000ff2a0000)
  to   space 640K,   0% used [0x00000000ff160000, 0x00000000ff160000, 0x00000000ff200000)
 concurrent mark-sweep generation total 13696K, used 7336K [0x00000000ff2a0000, 0x0000000100000000, 0x0000000100000000)
 Metaspace       used 5073K, capacity 5258K, committed 5504K, reserved 1056768K
  class space    used 557K, capacity 597K, committed 640K, reserved 1048576K
}
{Heap before GC invocations=195 (full 25):
 par new generation   total 6144K, used 5233K [0x00000000fec00000, 0x00000000ff2a0000, 0x00000000ff2a0000)
  eden space 5504K,  95% used [0x00000000fec00000, 0x00000000ff11b780, 0x00000000ff160000)
  from space 640K,   0% used [0x00000000ff200000, 0x00000000ff201020, 0x00000000ff2a0000)
  to   space 640K,   0% used [0x00000000ff160000, 0x00000000ff160000, 0x00000000ff200000)
 concurrent mark-sweep generation total 13696K, used 7336K [0x00000000ff2a0000, 0x0000000100000000, 0x0000000100000000)
 Metaspace       used 5073K, capacity 5258K, committed 5504K, reserved 1056768K
  class space    used 557K, capacity 597K, committed 640K, reserved 1048576K
2024-07-16T18:26:14.737+0800: 1.541: [GC (Allocation Failure) 2024-07-16T18:26:14.737+0800: 1.541: [ParNew: 5233K->8K(6144K), 0.0003722 secs] 12570K->8368K(19840K), 0.0004278 secs] [Times: user=0.00 sys=0.00, real=0.00 secs] 
Heap after GC invocations=196 (full 25):
 par new generation   total 6144K, used 8K [0x00000000fec00000, 0x00000000ff2a0000, 0x00000000ff2a0000)
  eden space 5504K,   0% used [0x00000000fec00000, 0x00000000fec00000, 0x00000000ff160000)
  from space 640K,   1% used [0x00000000ff160000, 0x00000000ff162040, 0x00000000ff200000)
  to   space 640K,   0% used [0x00000000ff200000, 0x00000000ff200000, 0x00000000ff2a0000)
 concurrent mark-sweep generation total 13696K, used 8360K [0x00000000ff2a0000, 0x0000000100000000, 0x0000000100000000)
 Metaspace       used 5073K, capacity 5258K, committed 5504K, reserved 1056768K
  class space    used 557K, capacity 597K, committed 640K, reserved 1048576K
}
2024-07-16T18:26:14.737+0800: 1.541: [GC (CMS Initial Mark) [1 CMS-initial-mark: 8360K(13696K)] 9392K(19840K), 0.0001057 secs] [Times: user=0.00 sys=0.00, real=0.00 secs] 
2024-07-16T18:26:14.737+0800: 1.541: [CMS-concurrent-mark-start]
2024-07-16T18:26:14.738+0800: 1.543: [CMS-concurrent-mark: 0.001/0.001 secs] [Times: user=0.00 sys=0.00, real=0.00 secs] 
2024-07-16T18:26:14.738+0800: 1.543: [CMS-concurrent-preclean-start]
2024-07-16T18:26:14.739+0800: 1.543: [CMS-concurrent-preclean: 0.000/0.000 secs] [Times: user=0.00 sys=0.00, real=0.00 secs] 
2024-07-16T18:26:14.739+0800: 1.543: [CMS-concurrent-abortable-preclean-start]
{Heap before GC invocations=196 (full 26):
 par new generation   total 6144K, used 5237K [0x00000000fec00000, 0x00000000ff2a0000, 0x00000000ff2a0000)
  eden space 5504K,  95% used [0x00000000fec00000, 0x00000000ff11b780, 0x00000000ff160000)
  from space 640K,   1% used [0x00000000ff160000, 0x00000000ff162040, 0x00000000ff200000)
  to   space 640K,   0% used [0x00000000ff200000, 0x00000000ff200000, 0x00000000ff2a0000)
 concurrent mark-sweep generation total 13696K, used 8360K [0x00000000ff2a0000, 0x0000000100000000, 0x0000000100000000)
 Metaspace       used 5073K, capacity 5258K, committed 5504K, reserved 1056768K
  class space    used 557K, capacity 597K, committed 640K, reserved 1048576K
2024-07-16T18:26:14.744+0800: 1.548: [GC (Allocation Failure) 2024-07-16T18:26:14.744+0800: 1.548: [ParNew: 5237K->4K(6144K), 0.0002934 secs] 13598K->8364K(19840K), 0.0003322 secs] [Times: user=0.00 sys=0.00, real=0.00 secs] 
Heap after GC invocations=197 (full 26):
 par new generation   total 6144K, used 4K [0x00000000fec00000, 0x00000000ff2a0000, 0x00000000ff2a0000)
  eden space 5504K,   0% used [0x00000000fec00000, 0x00000000fec00000, 0x00000000ff160000)
  from space 640K,   0% used [0x00000000ff200000, 0x00000000ff201020, 0x00000000ff2a0000)
  to   space 640K,   0% used [0x00000000ff160000, 0x00000000ff160000, 0x00000000ff200000)
 concurrent mark-sweep generation total 13696K, used 8360K [0x00000000ff2a0000, 0x0000000100000000, 0x0000000100000000)
 Metaspace       used 5073K, capacity 5258K, committed 5504K, reserved 1056768K
  class space    used 557K, capacity 597K, committed 640K, reserved 1048576K
}
{Heap before GC invocations=197 (full 26):
 par new generation   total 6144K, used 5233K [0x00000000fec00000, 0x00000000ff2a0000, 0x00000000ff2a0000)
  eden space 5504K,  95% used [0x00000000fec00000, 0x00000000ff11b780, 0x00000000ff160000)
  from space 640K,   0% used [0x00000000ff200000, 0x00000000ff201020, 0x00000000ff2a0000)
  to   space 640K,   0% used [0x00000000ff160000, 0x00000000ff160000, 0x00000000ff200000)
 concurrent mark-sweep generation total 13696K, used 8360K [0x00000000ff2a0000, 0x0000000100000000, 0x0000000100000000)
 Metaspace       used 5073K, capacity 5258K, committed 5504K, reserved 1056768K
  class space    used 557K, capacity 597K, committed 640K, reserved 1048576K
2024-07-16T18:26:14.750+0800: 1.554: [GC (Allocation Failure) 2024-07-16T18:26:14.750+0800: 1.554: [ParNew: 5233K->10K(6144K), 0.0003565 secs] 13594K->9394K(19840K), 0.0003924 secs] [Times: user=0.00 sys=0.00, real=0.00 secs] 
Heap after GC invocations=198 (full 26):
 par new generation   total 6144K, used 10K [0x00000000fec00000, 0x00000000ff2a0000, 0x00000000ff2a0000)
  eden space 5504K,   0% used [0x00000000fec00000, 0x00000000fec00000, 0x00000000ff160000)
  from space 640K,   1% used [0x00000000ff160000, 0x00000000ff162850, 0x00000000ff200000)
  to   space 640K,   0% used [0x00000000ff200000, 0x00000000ff200000, 0x00000000ff2a0000)
 concurrent mark-sweep generation total 13696K, used 9384K [0x00000000ff2a0000, 0x0000000100000000, 0x0000000100000000)
 Metaspace       used 5073K, capacity 5258K, committed 5504K, reserved 1056768K
  class space    used 557K, capacity 597K, committed 640K, reserved 1048576K
}
{Heap before GC invocations=198 (full 26):
 par new generation   total 6144K, used 5239K [0x00000000fec00000, 0x00000000ff2a0000, 0x00000000ff2a0000)
  eden space 5504K,  95% used [0x00000000fec00000, 0x00000000ff11b780, 0x00000000ff160000)
  from space 640K,   1% used [0x00000000ff160000, 0x00000000ff162850, 0x00000000ff200000)
  to   space 640K,   0% used [0x00000000ff200000, 0x00000000ff200000, 0x00000000ff2a0000)
 concurrent mark-sweep generation total 13696K, used 9384K [0x00000000ff2a0000, 0x0000000100000000, 0x0000000100000000)
 Metaspace       used 5073K, capacity 5258K, committed 5504K, reserved 1056768K
  class space    used 557K, capacity 597K, committed 640K, reserved 1048576K
2024-07-16T18:26:14.757+0800: 1.561: [GC (Allocation Failure) 2024-07-16T18:26:14.757+0800: 1.561: [ParNew: 5239K->8K(6144K), 0.0004168 secs] 14624K->10418K(19840K), 0.0004672 secs] [Times: user=0.00 sys=0.00, real=0.00 secs] 
Heap after GC invocations=199 (full 26):
 par new generation   total 6144K, used 8K [0x00000000fec00000, 0x00000000ff2a0000, 0x00000000ff2a0000)
  eden space 5504K,   0% used [0x00000000fec00000, 0x00000000fec00000, 0x00000000ff160000)
  from space 640K,   1% used [0x00000000ff200000, 0x00000000ff202040, 0x00000000ff2a0000)
  to   space 640K,   0% used [0x00000000ff160000, 0x00000000ff160000, 0x00000000ff200000)
 concurrent mark-sweep generation total 13696K, used 10410K [0x00000000ff2a0000, 0x0000000100000000, 0x0000000100000000)
 Metaspace       used 5073K, capacity 5258K, committed 5504K, reserved 1056768K
  class space    used 557K, capacity 597K, committed 640K, reserved 1048576K
}
{Heap before GC invocations=199 (full 26):
 par new generation   total 6144K, used 5237K [0x00000000fec00000, 0x00000000ff2a0000, 0x00000000ff2a0000)
  eden space 5504K,  95% used [0x00000000fec00000, 0x00000000ff11b780, 0x00000000ff160000)
  from space 640K,   1% used [0x00000000ff200000, 0x00000000ff202040, 0x00000000ff2a0000)
  to   space 640K,   0% used [0x00000000ff160000, 0x00000000ff160000, 0x00000000ff200000)
 concurrent mark-sweep generation total 13696K, used 10410K [0x00000000ff2a0000, 0x0000000100000000, 0x0000000100000000)
 Metaspace       used 5073K, capacity 5258K, committed 5504K, reserved 1056768K
  class space    used 557K, capacity 597K, committed 640K, reserved 1048576K
2024-07-16T18:26:14.764+0800: 1.568: [GC (Allocation Failure) 2024-07-16T18:26:14.764+0800: 1.568: [ParNew: 5237K->8K(6144K), 0.0004053 secs] 15648K->11442K(19840K), 0.0004522 secs] [Times: user=0.00 sys=0.00, real=0.00 secs] 
Heap after GC invocations=200 (full 26):
 par new generation   total 6144K, used 8K [0x00000000fec00000, 0x00000000ff2a0000, 0x00000000ff2a0000)
  eden space 5504K,   0% used [0x00000000fec00000, 0x00000000fec00000, 0x00000000ff160000)
  from space 640K,   1% used [0x00000000ff160000, 0x00000000ff162040, 0x00000000ff200000)
  to   space 640K,   0% used [0x00000000ff200000, 0x00000000ff200000, 0x00000000ff2a0000)
 concurrent mark-sweep generation total 13696K, used 11434K [0x00000000ff2a0000, 0x0000000100000000, 0x0000000100000000)
 Metaspace       used 5073K, capacity 5258K, committed 5504K, reserved 1056768K
  class space    used 557K, capacity 597K, committed 640K, reserved 1048576K
}
{Heap before GC invocations=200 (full 26):
 par new generation   total 6144K, used 5237K [0x00000000fec00000, 0x00000000ff2a0000, 0x00000000ff2a0000)
  eden space 5504K,  95% used [0x00000000fec00000, 0x00000000ff11b780, 0x00000000ff160000)
  from space 640K,   1% used [0x00000000ff160000, 0x00000000ff162040, 0x00000000ff200000)
  to   space 640K,   0% used [0x00000000ff200000, 0x00000000ff200000, 0x00000000ff2a0000)
 concurrent mark-sweep generation total 13696K, used 11434K [0x00000000ff2a0000, 0x0000000100000000, 0x0000000100000000)
 Metaspace       used 5073K, capacity 5258K, committed 5504K, reserved 1056768K
  class space    used 557K, capacity 597K, committed 640K, reserved 1048576K
2024-07-16T18:26:14.770+0800: 1.574: [GC (Allocation Failure) 2024-07-16T18:26:14.770+0800: 1.574: [ParNew: 5237K->10K(6144K), 0.0005421 secs] 16672K->12468K(19840K), 0.0005830 secs] [Times: user=0.00 sys=0.00, real=0.00 secs] 
Heap after GC invocations=201 (full 26):
 par new generation   total 6144K, used 10K [0x00000000fec00000, 0x00000000ff2a0000, 0x00000000ff2a0000)
  eden space 5504K,   0% used [0x00000000fec00000, 0x00000000fec00000, 0x00000000ff160000)
  from space 640K,   1% used [0x00000000ff200000, 0x00000000ff202850, 0x00000000ff2a0000)
  to   space 640K,   0% used [0x00000000ff160000, 0x00000000ff160000, 0x00000000ff200000)
 concurrent mark-sweep generation total 13696K, used 12458K [0x00000000ff2a0000, 0x0000000100000000, 0x0000000100000000)
 Metaspace       used 5073K, capacity 5258K, committed 5504K, reserved 1056768K
  class space    used 557K, capacity 597K, committed 640K, reserved 1048576K
}
{Heap before GC invocations=201 (full 26):
 par new generation   total 6144K, used 5239K [0x00000000fec00000, 0x00000000ff2a0000, 0x00000000ff2a0000)
  eden space 5504K,  95% used [0x00000000fec00000, 0x00000000ff11b780, 0x00000000ff160000)
  from space 640K,   1% used [0x00000000ff200000, 0x00000000ff202850, 0x00000000ff2a0000)
  to   space 640K,   0% used [0x00000000ff160000, 0x00000000ff160000, 0x00000000ff200000)
 concurrent mark-sweep generation total 13696K, used 12458K [0x00000000ff2a0000, 0x0000000100000000, 0x0000000100000000)
 Metaspace       used 5073K, capacity 5258K, committed 5504K, reserved 1056768K
  class space    used 557K, capacity 597K, committed 640K, reserved 1048576K
2024-07-16T18:26:14.777+0800: 1.581: [GC (Allocation Failure) 2024-07-16T18:26:14.777+0800: 1.581: [ParNew: 5239K->5239K(6144K), 0.0000122 secs]2024-07-16T18:26:14.777+0800: 1.581: [CMS2024-07-16T18:26:14.777+0800: 1.581: [CMS-concurrent-abortable-preclean: 0.000/0.038 secs] [Times: user=0.00 sys=0.00, real=0.04 secs] 
 (concurrent mode failure): 12458K->2208K(13696K), 0.0022828 secs] 17698K->2208K(19840K), [Metaspace: 5073K->5073K(1056768K)], 0.0023584 secs] [Times: user=0.00 sys=0.00, real=0.00 secs] 
Heap after GC invocations=202 (full 27):
 par new generation   total 6144K, used 0K [0x00000000fec00000, 0x00000000ff2a0000, 0x00000000ff2a0000)
  eden space 5504K,   0% used [0x00000000fec00000, 0x00000000fec00000, 0x00000000ff160000)
  from space 640K,   0% used [0x00000000ff200000, 0x00000000ff200000, 0x00000000ff2a0000)
  to   space 640K,   0% used [0x00000000ff160000, 0x00000000ff160000, 0x00000000ff200000)
 concurrent mark-sweep generation total 13696K, used 2208K [0x00000000ff2a0000, 0x0000000100000000, 0x0000000100000000)
 Metaspace       used 5073K, capacity 5258K, committed 5504K, reserved 1056768K
  class space    used 557K, capacity 597K, committed 640K, reserved 1048576K
}
{Heap before GC invocations=202 (full 27):
 par new generation   total 6144K, used 5229K [0x00000000fec00000, 0x00000000ff2a0000, 0x00000000ff2a0000)
  eden space 5504K,  95% used [0x00000000fec00000, 0x00000000ff11b780, 0x00000000ff160000)
  from space 640K,   0% used [0x00000000ff200000, 0x00000000ff200000, 0x00000000ff2a0000)
  to   space 640K,   0% used [0x00000000ff160000, 0x00000000ff160000, 0x00000000ff200000)
 concurrent mark-sweep generation total 13696K, used 2208K [0x00000000ff2a0000, 0x0000000100000000, 0x0000000100000000)
 Metaspace       used 5073K, capacity 5258K, committed 5504K, reserved 1056768K
  class space    used 557K, capacity 597K, committed 640K, reserved 1048576K
2024-07-16T18:26:14.787+0800: 1.591: [GC (Allocation Failure) 2024-07-16T18:26:14.787+0800: 1.591: [ParNew: 5229K->4K(6144K), 0.0003468 secs] 7438K->2212K(19840K), 0.0003979 secs] [Times: user=0.00 sys=0.00, real=0.00 secs] 
Heap after GC invocations=203 (full 27):
 par new generation   total 6144K, used 4K [0x00000000fec00000, 0x00000000ff2a0000, 0x00000000ff2a0000)
  eden space 5504K,   0% used [0x00000000fec00000, 0x00000000fec00000, 0x00000000ff160000)
  from space 640K,   0% used [0x00000000ff160000, 0x00000000ff161020, 0x00000000ff200000)
  to   space 640K,   0% used [0x00000000ff200000, 0x00000000ff200000, 0x00000000ff2a0000)
 concurrent mark-sweep generation total 13696K, used 2208K [0x00000000ff2a0000, 0x0000000100000000, 0x0000000100000000)
 Metaspace       used 5073K, capacity 5258K, committed 5504K, reserved 1056768K
  class space    used 557K, capacity 597K, committed 640K, reserved 1048576K
}
{Heap before GC invocations=203 (full 27):
 par new generation   total 6144K, used 5233K [0x00000000fec00000, 0x00000000ff2a0000, 0x00000000ff2a0000)
  eden space 5504K,  95% used [0x00000000fec00000, 0x00000000ff11b780, 0x00000000ff160000)
  from space 640K,   0% used [0x00000000ff160000, 0x00000000ff161020, 0x00000000ff200000)
  to   space 640K,   0% used [0x00000000ff200000, 0x00000000ff200000, 0x00000000ff2a0000)
 concurrent mark-sweep generation total 13696K, used 2208K [0x00000000ff2a0000, 0x0000000100000000, 0x0000000100000000)
 Metaspace       used 5073K, capacity 5258K, committed 5504K, reserved 1056768K
  class space    used 557K, capacity 597K, committed 640K, reserved 1048576K
2024-07-16T18:26:14.793+0800: 1.597: [GC (Allocation Failure) 2024-07-16T18:26:14.793+0800: 1.597: [ParNew: 5233K->8K(6144K), 0.0004030 secs] 7442K->3242K(19840K), 0.0004399 secs] [Times: user=0.00 sys=0.00, real=0.00 secs] 
Heap after GC invocations=204 (full 27):
 par new generation   total 6144K, used 8K [0x00000000fec00000, 0x00000000ff2a0000, 0x00000000ff2a0000)
  eden space 5504K,   0% used [0x00000000fec00000, 0x00000000fec00000, 0x00000000ff160000)
  from space 640K,   1% used [0x00000000ff200000, 0x00000000ff202040, 0x00000000ff2a0000)
  to   space 640K,   0% used [0x00000000ff160000, 0x00000000ff160000, 0x00000000ff200000)
 concurrent mark-sweep generation total 13696K, used 3234K [0x00000000ff2a0000, 0x0000000100000000, 0x0000000100000000)
 Metaspace       used 5073K, capacity 5258K, committed 5504K, reserved 1056768K
  class space    used 557K, capacity 597K, committed 640K, reserved 1048576K
}
{Heap before GC invocations=204 (full 27):
 par new generation   total 6144K, used 5237K [0x00000000fec00000, 0x00000000ff2a0000, 0x00000000ff2a0000)
  eden space 5504K,  95% used [0x00000000fec00000, 0x00000000ff11b780, 0x00000000ff160000)
  from space 640K,   1% used [0x00000000ff200000, 0x00000000ff202040, 0x00000000ff2a0000)
  to   space 640K,   0% used [0x00000000ff160000, 0x00000000ff160000, 0x00000000ff200000)
 concurrent mark-sweep generation total 13696K, used 3234K [0x00000000ff2a0000, 0x0000000100000000, 0x0000000100000000)
 Metaspace       used 5073K, capacity 5258K, committed 5504K, reserved 1056768K
  class space    used 557K, capacity 597K, committed 640K, reserved 1048576K
2024-07-16T18:26:14.800+0800: 1.604: [GC (Allocation Failure) 2024-07-16T18:26:14.800+0800: 1.604: [ParNew: 5237K->2K(6144K), 0.0002799 secs] 8472K->3236K(19840K), 0.0003276 secs] [Times: user=0.00 sys=0.00, real=0.00 secs] 
Heap after GC invocations=205 (full 27):
 par new generation   total 6144K, used 2K [0x00000000fec00000, 0x00000000ff2a0000, 0x00000000ff2a0000)
  eden space 5504K,   0% used [0x00000000fec00000, 0x00000000fec00000, 0x00000000ff160000)
  from space 640K,   0% used [0x00000000ff160000, 0x00000000ff160810, 0x00000000ff200000)
  to   space 640K,   0% used [0x00000000ff200000, 0x00000000ff200000, 0x00000000ff2a0000)
 concurrent mark-sweep generation total 13696K, used 3234K [0x00000000ff2a0000, 0x0000000100000000, 0x0000000100000000)
 Metaspace       used 5073K, capacity 5258K, committed 5504K, reserved 1056768K
  class space    used 557K, capacity 597K, committed 640K, reserved 1048576K
}
{Heap before GC invocations=205 (full 27):
 par new generation   total 6144K, used 5231K [0x00000000fec00000, 0x00000000ff2a0000, 0x00000000ff2a0000)
  eden space 5504K,  95% used [0x00000000fec00000, 0x00000000ff11b780, 0x00000000ff160000)
  from space 640K,   0% used [0x00000000ff160000, 0x00000000ff160810, 0x00000000ff200000)
  to   space 640K,   0% used [0x00000000ff200000, 0x00000000ff200000, 0x00000000ff2a0000)
 concurrent mark-sweep generation total 13696K, used 3234K [0x00000000ff2a0000, 0x0000000100000000, 0x0000000100000000)
 Metaspace       used 5073K, capacity 5258K, committed 5504K, reserved 1056768K
  class space    used 557K, capacity 597K, committed 640K, reserved 1048576K
2024-07-16T18:26:14.808+0800: 1.612: [GC (Allocation Failure) 2024-07-16T18:26:14.808+0800: 1.612: [ParNew: 5231K->8K(6144K), 0.0003596 secs] 8466K->4268K(19840K), 0.0004047 secs] [Times: user=0.00 sys=0.00, real=0.00 secs] 
Heap after GC invocations=206 (full 27):
 par new generation   total 6144K, used 8K [0x00000000fec00000, 0x00000000ff2a0000, 0x00000000ff2a0000)
  eden space 5504K,   0% used [0x00000000fec00000, 0x00000000fec00000, 0x00000000ff160000)
  from space 640K,   1% used [0x00000000ff200000, 0x00000000ff202040, 0x00000000ff2a0000)
  to   space 640K,   0% used [0x00000000ff160000, 0x00000000ff160000, 0x00000000ff200000)
 concurrent mark-sweep generation total 13696K, used 4260K [0x00000000ff2a0000, 0x0000000100000000, 0x0000000100000000)
 Metaspace       used 5073K, capacity 5258K, committed 5504K, reserved 1056768K
  class space    used 557K, capacity 597K, committed 640K, reserved 1048576K
}
{Heap before GC invocations=206 (full 27):
 par new generation   total 6144K, used 5237K [0x00000000fec00000, 0x00000000ff2a0000, 0x00000000ff2a0000)
  eden space 5504K,  95% used [0x00000000fec00000, 0x00000000ff11b780, 0x00000000ff160000)
  from space 640K,   1% used [0x00000000ff200000, 0x00000000ff202040, 0x00000000ff2a0000)
  to   space 640K,   0% used [0x00000000ff160000, 0x00000000ff160000, 0x00000000ff200000)
 concurrent mark-sweep generation total 13696K, used 4260K [0x00000000ff2a0000, 0x0000000100000000, 0x0000000100000000)
 Metaspace       used 5073K, capacity 5258K, committed 5504K, reserved 1056768K
  class space    used 557K, capacity 597K, committed 640K, reserved 1048576K
2024-07-16T18:26:14.816+0800: 1.620: [GC (Allocation Failure) 2024-07-16T18:26:14.816+0800: 1.620: [ParNew: 5237K->10K(6144K), 0.0004677 secs] 9498K->6318K(19840K), 0.0004959 secs] [Times: user=0.00 sys=0.00, real=0.00 secs] 
Heap after GC invocations=207 (full 27):
 par new generation   total 6144K, used 10K [0x00000000fec00000, 0x00000000ff2a0000, 0x00000000ff2a0000)
  eden space 5504K,   0% used [0x00000000fec00000, 0x00000000fec00000, 0x00000000ff160000)
  from space 640K,   1% used [0x00000000ff160000, 0x00000000ff162850, 0x00000000ff200000)
  to   space 640K,   0% used [0x00000000ff200000, 0x00000000ff200000, 0x00000000ff2a0000)
 concurrent mark-sweep generation total 13696K, used 6308K [0x00000000ff2a0000, 0x0000000100000000, 0x0000000100000000)
 Metaspace       used 5073K, capacity 5258K, committed 5504K, reserved 1056768K
  class space    used 557K, capacity 597K, committed 640K, reserved 1048576K
}
2024-07-16T18:26:14.816+0800: 1.620: [GC (CMS Initial Mark) [1 CMS-initial-mark: 6308K(13696K)] 7344K(19840K), 0.0001093 secs] [Times: user=0.00 sys=0.00, real=0.00 secs] 
2024-07-16T18:26:14.816+0800: 1.620: [CMS-concurrent-mark-start]
2024-07-16T18:26:14.817+0800: 1.622: [CMS-concurrent-mark: 0.001/0.001 secs] [Times: user=0.00 sys=0.00, real=0.00 secs] 
2024-07-16T18:26:14.817+0800: 1.622: [CMS-concurrent-preclean-start]
2024-07-16T18:26:14.818+0800: 1.622: [CMS-concurrent-preclean: 0.000/0.000 secs] [Times: user=0.00 sys=0.00, real=0.00 secs] 
2024-07-16T18:26:14.818+0800: 1.622: [CMS-concurrent-abortable-preclean-start]
{Heap before GC invocations=207 (full 28):
 par new generation   total 6144K, used 5239K [0x00000000fec00000, 0x00000000ff2a0000, 0x00000000ff2a0000)
  eden space 5504K,  95% used [0x00000000fec00000, 0x00000000ff11b780, 0x00000000ff160000)
  from space 640K,   1% used [0x00000000ff160000, 0x00000000ff162850, 0x00000000ff200000)
  to   space 640K,   0% used [0x00000000ff200000, 0x00000000ff200000, 0x00000000ff2a0000)
 concurrent mark-sweep generation total 13696K, used 6308K [0x00000000ff2a0000, 0x0000000100000000, 0x0000000100000000)
 Metaspace       used 5073K, capacity 5258K, committed 5504K, reserved 1056768K
  class space    used 557K, capacity 597K, committed 640K, reserved 1048576K
2024-07-16T18:26:14.823+0800: 1.627: [GC (Allocation Failure) 2024-07-16T18:26:14.823+0800: 1.627: [ParNew: 5239K->8K(6144K), 0.0003284 secs] 11548K->7342K(19840K), 0.0003523 secs] [Times: user=0.00 sys=0.00, real=0.00 secs] 
Heap after GC invocations=208 (full 28):
 par new generation   total 6144K, used 8K [0x00000000fec00000, 0x00000000ff2a0000, 0x00000000ff2a0000)
  eden space 5504K,   0% used [0x00000000fec00000, 0x00000000fec00000, 0x00000000ff160000)
  from space 640K,   1% used [0x00000000ff200000, 0x00000000ff202040, 0x00000000ff2a0000)
  to   space 640K,   0% used [0x00000000ff160000, 0x00000000ff160000, 0x00000000ff200000)
 concurrent mark-sweep generation total 13696K, used 7334K [0x00000000ff2a0000, 0x0000000100000000, 0x0000000100000000)
 Metaspace       used 5073K, capacity 5258K, committed 5504K, reserved 1056768K
  class space    used 557K, capacity 597K, committed 640K, reserved 1048576K
}
{Heap before GC invocations=208 (full 28):
 par new generation   total 6144K, used 5237K [0x00000000fec00000, 0x00000000ff2a0000, 0x00000000ff2a0000)
  eden space 5504K,  95% used [0x00000000fec00000, 0x00000000ff11b780, 0x00000000ff160000)
  from space 640K,   1% used [0x00000000ff200000, 0x00000000ff202040, 0x00000000ff2a0000)
  to   space 640K,   0% used [0x00000000ff160000, 0x00000000ff160000, 0x00000000ff200000)
 concurrent mark-sweep generation total 13696K, used 7334K [0x00000000ff2a0000, 0x0000000100000000, 0x0000000100000000)
 Metaspace       used 5073K, capacity 5258K, committed 5504K, reserved 1056768K
  class space    used 557K, capacity 597K, committed 640K, reserved 1048576K
2024-07-16T18:26:14.830+0800: 1.634: [GC (Allocation Failure) 2024-07-16T18:26:14.830+0800: 1.634: [ParNew: 5237K->6K(6144K), 0.0005040 secs] 12572K->8366K(19840K), 0.0005467 secs] [Times: user=0.00 sys=0.00, real=0.00 secs] 
Heap after GC invocations=209 (full 28):
 par new generation   total 6144K, used 6K [0x00000000fec00000, 0x00000000ff2a0000, 0x00000000ff2a0000)
  eden space 5504K,   0% used [0x00000000fec00000, 0x00000000fec00000, 0x00000000ff160000)
  from space 640K,   0% used [0x00000000ff160000, 0x00000000ff161830, 0x00000000ff200000)
  to   space 640K,   0% used [0x00000000ff200000, 0x00000000ff200000, 0x00000000ff2a0000)
 concurrent mark-sweep generation total 13696K, used 8360K [0x00000000ff2a0000, 0x0000000100000000, 0x0000000100000000)
 Metaspace       used 5073K, capacity 5258K, committed 5504K, reserved 1056768K
  class space    used 557K, capacity 597K, committed 640K, reserved 1048576K
}
{Heap before GC invocations=209 (full 28):
 par new generation   total 6144K, used 5235K [0x00000000fec00000, 0x00000000ff2a0000, 0x00000000ff2a0000)
  eden space 5504K,  95% used [0x00000000fec00000, 0x00000000ff11b780, 0x00000000ff160000)
  from space 640K,   0% used [0x00000000ff160000, 0x00000000ff161830, 0x00000000ff200000)
  to   space 640K,   0% used [0x00000000ff200000, 0x00000000ff200000, 0x00000000ff2a0000)
 concurrent mark-sweep generation total 13696K, used 8360K [0x00000000ff2a0000, 0x0000000100000000, 0x0000000100000000)
 Metaspace       used 5073K, capacity 5258K, committed 5504K, reserved 1056768K
  class space    used 557K, capacity 597K, committed 640K, reserved 1048576K
2024-07-16T18:26:14.837+0800: 1.641: [GC (Allocation Failure) 2024-07-16T18:26:14.837+0800: 1.641: [ParNew: 5235K->4K(6144K), 0.0002713 secs] 13596K->8364K(19840K), 0.0003555 secs] [Times: user=0.00 sys=0.00, real=0.00 secs] 
Heap after GC invocations=210 (full 28):
 par new generation   total 6144K, used 4K [0x00000000fec00000, 0x00000000ff2a0000, 0x00000000ff2a0000)
  eden space 5504K,   0% used [0x00000000fec00000, 0x00000000fec00000, 0x00000000ff160000)
  from space 640K,   0% used [0x00000000ff200000, 0x00000000ff201020, 0x00000000ff2a0000)
  to   space 640K,   0% used [0x00000000ff160000, 0x00000000ff160000, 0x00000000ff200000)
 concurrent mark-sweep generation total 13696K, used 8360K [0x00000000ff2a0000, 0x0000000100000000, 0x0000000100000000)
 Metaspace       used 5073K, capacity 5258K, committed 5504K, reserved 1056768K
  class space    used 557K, capacity 597K, committed 640K, reserved 1048576K
}
{Heap before GC invocations=210 (full 28):
 par new generation   total 6144K, used 5233K [0x00000000fec00000, 0x00000000ff2a0000, 0x00000000ff2a0000)
  eden space 5504K,  95% used [0x00000000fec00000, 0x00000000ff11b780, 0x00000000ff160000)
  from space 640K,   0% used [0x00000000ff200000, 0x00000000ff201020, 0x00000000ff2a0000)
  to   space 640K,   0% used [0x00000000ff160000, 0x00000000ff160000, 0x00000000ff200000)
 concurrent mark-sweep generation total 13696K, used 8360K [0x00000000ff2a0000, 0x0000000100000000, 0x0000000100000000)
 Metaspace       used 5073K, capacity 5258K, committed 5504K, reserved 1056768K
  class space    used 557K, capacity 597K, committed 640K, reserved 1048576K
2024-07-16T18:26:14.845+0800: 1.649: [GC (Allocation Failure) 2024-07-16T18:26:14.845+0800: 1.649: [ParNew: 5233K->4K(6144K), 0.0002991 secs] 13594K->8364K(19840K), 0.0003345 secs] [Times: user=0.00 sys=0.00, real=0.00 secs] 
Heap after GC invocations=211 (full 28):
 par new generation   total 6144K, used 4K [0x00000000fec00000, 0x00000000ff2a0000, 0x00000000ff2a0000)
  eden space 5504K,   0% used [0x00000000fec00000, 0x00000000fec00000, 0x00000000ff160000)
  from space 640K,   0% used [0x00000000ff160000, 0x00000000ff161020, 0x00000000ff200000)
  to   space 640K,   0% used [0x00000000ff200000, 0x00000000ff200000, 0x00000000ff2a0000)
 concurrent mark-sweep generation total 13696K, used 8360K [0x00000000ff2a0000, 0x0000000100000000, 0x0000000100000000)
 Metaspace       used 5073K, capacity 5258K, committed 5504K, reserved 1056768K
  class space    used 557K, capacity 597K, committed 640K, reserved 1048576K
}
{Heap before GC invocations=211 (full 28):
 par new generation   total 6144K, used 5233K [0x00000000fec00000, 0x00000000ff2a0000, 0x00000000ff2a0000)
  eden space 5504K,  95% used [0x00000000fec00000, 0x00000000ff11b780, 0x00000000ff160000)
  from space 640K,   0% used [0x00000000ff160000, 0x00000000ff161020, 0x00000000ff200000)
  to   space 640K,   0% used [0x00000000ff200000, 0x00000000ff200000, 0x00000000ff2a0000)
 concurrent mark-sweep generation total 13696K, used 8360K [0x00000000ff2a0000, 0x0000000100000000, 0x0000000100000000)
 Metaspace       used 5073K, capacity 5258K, committed 5504K, reserved 1056768K
  class space    used 557K, capacity 597K, committed 640K, reserved 1048576K
2024-07-16T18:26:14.852+0800: 1.656: [GC (Allocation Failure) 2024-07-16T18:26:14.852+0800: 1.656: [ParNew: 5233K->2K(6144K), 0.0002743 secs] 13594K->8362K(19840K), 0.0003054 secs] [Times: user=0.00 sys=0.00, real=0.00 secs] 
Heap after GC invocations=212 (full 28):
 par new generation   total 6144K, used 2K [0x00000000fec00000, 0x00000000ff2a0000, 0x00000000ff2a0000)
  eden space 5504K,   0% used [0x00000000fec00000, 0x00000000fec00000, 0x00000000ff160000)
  from space 640K,   0% used [0x00000000ff200000, 0x00000000ff200810, 0x00000000ff2a0000)
  to   space 640K,   0% used [0x00000000ff160000, 0x00000000ff160000, 0x00000000ff200000)
 concurrent mark-sweep generation total 13696K, used 8360K [0x00000000ff2a0000, 0x0000000100000000, 0x0000000100000000)
 Metaspace       used 5073K, capacity 5258K, committed 5504K, reserved 1056768K
  class space    used 557K, capacity 597K, committed 640K, reserved 1048576K
}
{Heap before GC invocations=212 (full 28):
 par new generation   total 6144K, used 5231K [0x00000000fec00000, 0x00000000ff2a0000, 0x00000000ff2a0000)
  eden space 5504K,  95% used [0x00000000fec00000, 0x00000000ff11b780, 0x00000000ff160000)
  from space 640K,   0% used [0x00000000ff200000, 0x00000000ff200810, 0x00000000ff2a0000)
  to   space 640K,   0% used [0x00000000ff160000, 0x00000000ff160000, 0x00000000ff200000)
 concurrent mark-sweep generation total 13696K, used 8360K [0x00000000ff2a0000, 0x0000000100000000, 0x0000000100000000)
 Metaspace       used 5073K, capacity 5258K, committed 5504K, reserved 1056768K
  class space    used 557K, capacity 597K, committed 640K, reserved 1048576K
2024-07-16T18:26:14.858+0800: 1.662: [GC (Allocation Failure) 2024-07-16T18:26:14.858+0800: 1.662: [ParNew: 5231K->10K(6144K), 0.0004525 secs] 13592K->9396K(19840K), 0.0004925 secs] [Times: user=0.00 sys=0.00, real=0.00 secs] 
Heap after GC invocations=213 (full 28):
 par new generation   total 6144K, used 10K [0x00000000fec00000, 0x00000000ff2a0000, 0x00000000ff2a0000)
  eden space 5504K,   0% used [0x00000000fec00000, 0x00000000fec00000, 0x00000000ff160000)
  from space 640K,   1% used [0x00000000ff160000, 0x00000000ff162850, 0x00000000ff200000)
  to   space 640K,   0% used [0x00000000ff200000, 0x00000000ff200000, 0x00000000ff2a0000)
 concurrent mark-sweep generation total 13696K, used 9386K [0x00000000ff2a0000, 0x0000000100000000, 0x0000000100000000)
 Metaspace       used 5073K, capacity 5258K, committed 5504K, reserved 1056768K
  class space    used 557K, capacity 597K, committed 640K, reserved 1048576K
}
{Heap before GC invocations=213 (full 28):
 par new generation   total 6144K, used 5239K [0x00000000fec00000, 0x00000000ff2a0000, 0x00000000ff2a0000)
  eden space 5504K,  95% used [0x00000000fec00000, 0x00000000ff11b780, 0x00000000ff160000)
  from space 640K,   1% used [0x00000000ff160000, 0x00000000ff162850, 0x00000000ff200000)
  to   space 640K,   0% used [0x00000000ff200000, 0x00000000ff200000, 0x00000000ff2a0000)
 concurrent mark-sweep generation total 13696K, used 9386K [0x00000000ff2a0000, 0x0000000100000000, 0x0000000100000000)
 Metaspace       used 5073K, capacity 5258K, committed 5504K, reserved 1056768K
  class space    used 557K, capacity 597K, committed 640K, reserved 1048576K
2024-07-16T18:26:14.865+0800: 1.669: [GC (Allocation Failure) 2024-07-16T18:26:14.865+0800: 1.669: [ParNew: 5239K->6K(6144K), 0.0004950 secs] 14626K->10416K(19840K), 0.0005502 secs] [Times: user=0.00 sys=0.00, real=0.00 secs] 
Heap after GC invocations=214 (full 28):
 par new generation   total 6144K, used 6K [0x00000000fec00000, 0x00000000ff2a0000, 0x00000000ff2a0000)
  eden space 5504K,   0% used [0x00000000fec00000, 0x00000000fec00000, 0x00000000ff160000)
  from space 640K,   0% used [0x00000000ff200000, 0x00000000ff201830, 0x00000000ff2a0000)
  to   space 640K,   0% used [0x00000000ff160000, 0x00000000ff160000, 0x00000000ff200000)
 concurrent mark-sweep generation total 13696K, used 10410K [0x00000000ff2a0000, 0x0000000100000000, 0x0000000100000000)
 Metaspace       used 5073K, capacity 5258K, committed 5504K, reserved 1056768K
  class space    used 557K, capacity 597K, committed 640K, reserved 1048576K
}
{Heap before GC invocations=214 (full 28):
 par new generation   total 6144K, used 5235K [0x00000000fec00000, 0x00000000ff2a0000, 0x00000000ff2a0000)
  eden space 5504K,  95% used [0x00000000fec00000, 0x00000000ff11b780, 0x00000000ff160000)
  from space 640K,   0% used [0x00000000ff200000, 0x00000000ff201830, 0x00000000ff2a0000)
  to   space 640K,   0% used [0x00000000ff160000, 0x00000000ff160000, 0x00000000ff200000)
 concurrent mark-sweep generation total 13696K, used 10410K [0x00000000ff2a0000, 0x0000000100000000, 0x0000000100000000)
 Metaspace       used 5073K, capacity 5258K, committed 5504K, reserved 1056768K
  class space    used 557K, capacity 597K, committed 640K, reserved 1048576K
2024-07-16T18:26:14.872+0800: 1.676: [GC (Allocation Failure) 2024-07-16T18:26:14.872+0800: 1.676: [ParNew: 5235K->4K(6144K), 0.0005090 secs] 15646K->10414K(19840K), 0.0005702 secs] [Times: user=0.00 sys=0.00, real=0.00 secs] 
Heap after GC invocations=215 (full 28):
 par new generation   total 6144K, used 4K [0x00000000fec00000, 0x00000000ff2a0000, 0x00000000ff2a0000)
  eden space 5504K,   0% used [0x00000000fec00000, 0x00000000fec00000, 0x00000000ff160000)
  from space 640K,   0% used [0x00000000ff160000, 0x00000000ff161020, 0x00000000ff200000)
  to   space 640K,   0% used [0x00000000ff200000, 0x00000000ff200000, 0x00000000ff2a0000)
 concurrent mark-sweep generation total 13696K, used 10410K [0x00000000ff2a0000, 0x0000000100000000, 0x0000000100000000)
 Metaspace       used 5073K, capacity 5258K, committed 5504K, reserved 1056768K
  class space    used 557K, capacity 597K, committed 640K, reserved 1048576K
}
{Heap before GC invocations=215 (full 28):
 par new generation   total 6144K, used 5233K [0x00000000fec00000, 0x00000000ff2a0000, 0x00000000ff2a0000)
  eden space 5504K,  95% used [0x00000000fec00000, 0x00000000ff11b780, 0x00000000ff160000)
  from space 640K,   0% used [0x00000000ff160000, 0x00000000ff161020, 0x00000000ff200000)
  to   space 640K,   0% used [0x00000000ff200000, 0x00000000ff200000, 0x00000000ff2a0000)
 concurrent mark-sweep generation total 13696K, used 10410K [0x00000000ff2a0000, 0x0000000100000000, 0x0000000100000000)
 Metaspace       used 5073K, capacity 5258K, committed 5504K, reserved 1056768K
  class space    used 557K, capacity 597K, committed 640K, reserved 1048576K
2024-07-16T18:26:14.879+0800: 1.683: [GC (Allocation Failure) 2024-07-16T18:26:14.879+0800: 1.683: [ParNew: 5233K->8K(6144K), 0.0015898 secs] 15644K->12468K(19840K), 0.0016810 secs] [Times: user=0.00 sys=0.00, real=0.00 secs] 
Heap after GC invocations=216 (full 28):
 par new generation   total 6144K, used 8K [0x00000000fec00000, 0x00000000ff2a0000, 0x00000000ff2a0000)
  eden space 5504K,   0% used [0x00000000fec00000, 0x00000000fec00000, 0x00000000ff160000)
  from space 640K,   1% used [0x00000000ff200000, 0x00000000ff202040, 0x00000000ff2a0000)
  to   space 640K,   0% used [0x00000000ff160000, 0x00000000ff160000, 0x00000000ff200000)
 concurrent mark-sweep generation total 13696K, used 12460K [0x00000000ff2a0000, 0x0000000100000000, 0x0000000100000000)
 Metaspace       used 5073K, capacity 5258K, committed 5504K, reserved 1056768K
  class space    used 557K, capacity 597K, committed 640K, reserved 1048576K
}
{Heap before GC invocations=216 (full 28):
 par new generation   total 6144K, used 5237K [0x00000000fec00000, 0x00000000ff2a0000, 0x00000000ff2a0000)
  eden space 5504K,  95% used [0x00000000fec00000, 0x00000000ff11b780, 0x00000000ff160000)
  from space 640K,   1% used [0x00000000ff200000, 0x00000000ff202040, 0x00000000ff2a0000)
  to   space 640K,   0% used [0x00000000ff160000, 0x00000000ff160000, 0x00000000ff200000)
 concurrent mark-sweep generation total 13696K, used 12460K [0x00000000ff2a0000, 0x0000000100000000, 0x0000000100000000)
 Metaspace       used 5073K, capacity 5258K, committed 5504K, reserved 1056768K
  class space    used 557K, capacity 597K, committed 640K, reserved 1048576K
2024-07-16T18:26:14.888+0800: 1.692: [GC (Allocation Failure) 2024-07-16T18:26:14.888+0800: 1.692: [ParNew: 5237K->5237K(6144K), 0.0000153 secs]2024-07-16T18:26:14.888+0800: 1.692: [CMS2024-07-16T18:26:14.888+0800: 1.692: [CMS-concurrent-abortable-preclean: 0.001/0.070 secs] [Times: user=0.00 sys=0.00, real=0.07 secs] 
 (concurrent mode failure): 12460K->1184K(13696K), 0.0038057 secs] 17698K->1184K(19840K), [Metaspace: 5073K->5073K(1056768K)], 0.0038764 secs] [Times: user=0.00 sys=0.00, real=0.00 secs] 
Heap after GC invocations=217 (full 29):
 par new generation   total 6144K, used 0K [0x00000000fec00000, 0x00000000ff2a0000, 0x00000000ff2a0000)
  eden space 5504K,   0% used [0x00000000fec00000, 0x00000000fec00000, 0x00000000ff160000)
  from space 640K,   0% used [0x00000000ff200000, 0x00000000ff200000, 0x00000000ff2a0000)
  to   space 640K,   0% used [0x00000000ff160000, 0x00000000ff160000, 0x00000000ff200000)
 concurrent mark-sweep generation total 13696K, used 1184K [0x00000000ff2a0000, 0x0000000100000000, 0x0000000100000000)
 Metaspace       used 5073K, capacity 5258K, committed 5504K, reserved 1056768K
  class space    used 557K, capacity 597K, committed 640K, reserved 1048576K
}
{Heap before GC invocations=217 (full 29):
 par new generation   total 6144K, used 5229K [0x00000000fec00000, 0x00000000ff2a0000, 0x00000000ff2a0000)
  eden space 5504K,  95% used [0x00000000fec00000, 0x00000000ff11b780, 0x00000000ff160000)
  from space 640K,   0% used [0x00000000ff200000, 0x00000000ff200000, 0x00000000ff2a0000)
  to   space 640K,   0% used [0x00000000ff160000, 0x00000000ff160000, 0x00000000ff200000)
 concurrent mark-sweep generation total 13696K, used 1184K [0x00000000ff2a0000, 0x0000000100000000, 0x0000000100000000)
 Metaspace       used 5073K, capacity 5258K, committed 5504K, reserved 1056768K
  class space    used 557K, capacity 597K, committed 640K, reserved 1048576K
2024-07-16T18:26:14.900+0800: 1.704: [GC (Allocation Failure) 2024-07-16T18:26:14.900+0800: 1.704: [ParNew: 5229K->4K(6144K), 0.0005657 secs] 6414K->1188K(19840K), 0.0006200 secs] [Times: user=0.00 sys=0.00, real=0.00 secs] 
Heap after GC invocations=218 (full 29):
 par new generation   total 6144K, used 4K [0x00000000fec00000, 0x00000000ff2a0000, 0x00000000ff2a0000)
  eden space 5504K,   0% used [0x00000000fec00000, 0x00000000fec00000, 0x00000000ff160000)
  from space 640K,   0% used [0x00000000ff160000, 0x00000000ff161020, 0x00000000ff200000)
  to   space 640K,   0% used [0x00000000ff200000, 0x00000000ff200000, 0x00000000ff2a0000)
 concurrent mark-sweep generation total 13696K, used 1184K [0x00000000ff2a0000, 0x0000000100000000, 0x0000000100000000)
 Metaspace       used 5073K, capacity 5258K, committed 5504K, reserved 1056768K
  class space    used 557K, capacity 597K, committed 640K, reserved 1048576K
}
{Heap before GC invocations=218 (full 29):
 par new generation   total 6144K, used 5233K [0x00000000fec00000, 0x00000000ff2a0000, 0x00000000ff2a0000)
  eden space 5504K,  95% used [0x00000000fec00000, 0x00000000ff11b780, 0x00000000ff160000)
  from space 640K,   0% used [0x00000000ff160000, 0x00000000ff161020, 0x00000000ff200000)
  to   space 640K,   0% used [0x00000000ff200000, 0x00000000ff200000, 0x00000000ff2a0000)
 concurrent mark-sweep generation total 13696K, used 1184K [0x00000000ff2a0000, 0x0000000100000000, 0x0000000100000000)
 Metaspace       used 5073K, capacity 5258K, committed 5504K, reserved 1056768K
  class space    used 557K, capacity 597K, committed 640K, reserved 1048576K
2024-07-16T18:26:14.907+0800: 1.711: [GC (Allocation Failure) 2024-07-16T18:26:14.907+0800: 1.711: [ParNew: 5233K->10K(6144K), 0.0010961 secs] 6418K->2220K(19840K), 0.0011750 secs] [Times: user=0.00 sys=0.00, real=0.00 secs] 
Heap after GC invocations=219 (full 29):
 par new generation   total 6144K, used 10K [0x00000000fec00000, 0x00000000ff2a0000, 0x00000000ff2a0000)
  eden space 5504K,   0% used [0x00000000fec00000, 0x00000000fec00000, 0x00000000ff160000)
  from space 640K,   1% used [0x00000000ff200000, 0x00000000ff202850, 0x00000000ff2a0000)
  to   space 640K,   0% used [0x00000000ff160000, 0x00000000ff160000, 0x00000000ff200000)
 concurrent mark-sweep generation total 13696K, used 2210K [0x00000000ff2a0000, 0x0000000100000000, 0x0000000100000000)
 Metaspace       used 5073K, capacity 5258K, committed 5504K, reserved 1056768K
  class space    used 557K, capacity 597K, committed 640K, reserved 1048576K
}
{Heap before GC invocations=219 (full 29):
 par new generation   total 6144K, used 5239K [0x00000000fec00000, 0x00000000ff2a0000, 0x00000000ff2a0000)
  eden space 5504K,  95% used [0x00000000fec00000, 0x00000000ff11b780, 0x00000000ff160000)
  from space 640K,   1% used [0x00000000ff200000, 0x00000000ff202850, 0x00000000ff2a0000)
  to   space 640K,   0% used [0x00000000ff160000, 0x00000000ff160000, 0x00000000ff200000)
 concurrent mark-sweep generation total 13696K, used 2210K [0x00000000ff2a0000, 0x0000000100000000, 0x0000000100000000)
 Metaspace       used 5073K, capacity 5258K, committed 5504K, reserved 1056768K
  class space    used 557K, capacity 597K, committed 640K, reserved 1048576K
2024-07-16T18:26:14.916+0800: 1.720: [GC (Allocation Failure) 2024-07-16T18:26:14.916+0800: 1.720: [ParNew: 5239K->4K(6144K), 0.0012122 secs] 7450K->2214K(19840K), 0.0012880 secs] [Times: user=0.00 sys=0.00, real=0.00 secs] 
Heap after GC invocations=220 (full 29):
 par new generation   total 6144K, used 4K [0x00000000fec00000, 0x00000000ff2a0000, 0x00000000ff2a0000)
  eden space 5504K,   0% used [0x00000000fec00000, 0x00000000fec00000, 0x00000000ff160000)
  from space 640K,   0% used [0x00000000ff160000, 0x00000000ff161020, 0x00000000ff200000)
  to   space 640K,   0% used [0x00000000ff200000, 0x00000000ff200000, 0x00000000ff2a0000)
 concurrent mark-sweep generation total 13696K, used 2210K [0x00000000ff2a0000, 0x0000000100000000, 0x0000000100000000)
 Metaspace       used 5073K, capacity 5258K, committed 5504K, reserved 1056768K
  class space    used 557K, capacity 597K, committed 640K, reserved 1048576K
}
{Heap before GC invocations=220 (full 29):
 par new generation   total 6144K, used 5233K [0x00000000fec00000, 0x00000000ff2a0000, 0x00000000ff2a0000)
  eden space 5504K,  95% used [0x00000000fec00000, 0x00000000ff11b780, 0x00000000ff160000)
  from space 640K,   0% used [0x00000000ff160000, 0x00000000ff161020, 0x00000000ff200000)
  to   space 640K,   0% used [0x00000000ff200000, 0x00000000ff200000, 0x00000000ff2a0000)
 concurrent mark-sweep generation total 13696K, used 2210K [0x00000000ff2a0000, 0x0000000100000000, 0x0000000100000000)
 Metaspace       used 5073K, capacity 5258K, committed 5504K, reserved 1056768K
  class space    used 557K, capacity 597K, committed 640K, reserved 1048576K
2024-07-16T18:26:14.924+0800: 1.728: [GC (Allocation Failure) 2024-07-16T18:26:14.924+0800: 1.728: [ParNew: 5233K->8K(6144K), 0.0011779 secs] 7444K->3244K(19840K), 0.0012716 secs] [Times: user=0.00 sys=0.00, real=0.00 secs] 
Heap after GC invocations=221 (full 29):
 par new generation   total 6144K, used 8K [0x00000000fec00000, 0x00000000ff2a0000, 0x00000000ff2a0000)
  eden space 5504K,   0% used [0x00000000fec00000, 0x00000000fec00000, 0x00000000ff160000)
  from space 640K,   1% used [0x00000000ff200000, 0x00000000ff202040, 0x00000000ff2a0000)
  to   space 640K,   0% used [0x00000000ff160000, 0x00000000ff160000, 0x00000000ff200000)
 concurrent mark-sweep generation total 13696K, used 3236K [0x00000000ff2a0000, 0x0000000100000000, 0x0000000100000000)
 Metaspace       used 5073K, capacity 5258K, committed 5504K, reserved 1056768K
  class space    used 557K, capacity 597K, committed 640K, reserved 1048576K
}
{Heap before GC invocations=221 (full 29):
 par new generation   total 6144K, used 5237K [0x00000000fec00000, 0x00000000ff2a0000, 0x00000000ff2a0000)
  eden space 5504K,  95% used [0x00000000fec00000, 0x00000000ff11b780, 0x00000000ff160000)
  from space 640K,   1% used [0x00000000ff200000, 0x00000000ff202040, 0x00000000ff2a0000)
  to   space 640K,   0% used [0x00000000ff160000, 0x00000000ff160000, 0x00000000ff200000)
 concurrent mark-sweep generation total 13696K, used 3236K [0x00000000ff2a0000, 0x0000000100000000, 0x0000000100000000)
 Metaspace       used 5073K, capacity 5258K, committed 5504K, reserved 1056768K
  class space    used 557K, capacity 597K, committed 640K, reserved 1048576K
2024-07-16T18:26:14.934+0800: 1.738: [GC (Allocation Failure) 2024-07-16T18:26:14.934+0800: 1.738: [ParNew: 5237K->4K(6144K), 0.0010211 secs] 8474K->3240K(19840K), 0.0010998 secs] [Times: user=0.00 sys=0.00, real=0.00 secs] 
Heap after GC invocations=222 (full 29):
 par new generation   total 6144K, used 4K [0x00000000fec00000, 0x00000000ff2a0000, 0x00000000ff2a0000)
  eden space 5504K,   0% used [0x00000000fec00000, 0x00000000fec00000, 0x00000000ff160000)
  from space 640K,   0% used [0x00000000ff160000, 0x00000000ff161020, 0x00000000ff200000)
  to   space 640K,   0% used [0x00000000ff200000, 0x00000000ff200000, 0x00000000ff2a0000)
 concurrent mark-sweep generation total 13696K, used 3236K [0x00000000ff2a0000, 0x0000000100000000, 0x0000000100000000)
 Metaspace       used 5073K, capacity 5258K, committed 5504K, reserved 1056768K
  class space    used 557K, capacity 597K, committed 640K, reserved 1048576K
}
{Heap before GC invocations=222 (full 29):
 par new generation   total 6144K, used 5233K [0x00000000fec00000, 0x00000000ff2a0000, 0x00000000ff2a0000)
  eden space 5504K,  95% used [0x00000000fec00000, 0x00000000ff11b780, 0x00000000ff160000)
  from space 640K,   0% used [0x00000000ff160000, 0x00000000ff161020, 0x00000000ff200000)
  to   space 640K,   0% used [0x00000000ff200000, 0x00000000ff200000, 0x00000000ff2a0000)
 concurrent mark-sweep generation total 13696K, used 3236K [0x00000000ff2a0000, 0x0000000100000000, 0x0000000100000000)
 Metaspace       used 5073K, capacity 5258K, committed 5504K, reserved 1056768K
  class space    used 557K, capacity 597K, committed 640K, reserved 1048576K
2024-07-16T18:26:14.942+0800: 1.746: [GC (Allocation Failure) 2024-07-16T18:26:14.942+0800: 1.746: [ParNew: 5233K->8K(6144K), 0.0006419 secs] 8470K->4270K(19840K), 0.0007304 secs] [Times: user=0.00 sys=0.00, real=0.00 secs] 
Heap after GC invocations=223 (full 29):
 par new generation   total 6144K, used 8K [0x00000000fec00000, 0x00000000ff2a0000, 0x00000000ff2a0000)
  eden space 5504K,   0% used [0x00000000fec00000, 0x00000000fec00000, 0x00000000ff160000)
  from space 640K,   1% used [0x00000000ff200000, 0x00000000ff202040, 0x00000000ff2a0000)
  to   space 640K,   0% used [0x00000000ff160000, 0x00000000ff160000, 0x00000000ff200000)
 concurrent mark-sweep generation total 13696K, used 4262K [0x00000000ff2a0000, 0x0000000100000000, 0x0000000100000000)
 Metaspace       used 5073K, capacity 5258K, committed 5504K, reserved 1056768K
  class space    used 557K, capacity 597K, committed 640K, reserved 1048576K
}
{Heap before GC invocations=223 (full 29):
 par new generation   total 6144K, used 5237K [0x00000000fec00000, 0x00000000ff2a0000, 0x00000000ff2a0000)
  eden space 5504K,  95% used [0x00000000fec00000, 0x00000000ff11b780, 0x00000000ff160000)
  from space 640K,   1% used [0x00000000ff200000, 0x00000000ff202040, 0x00000000ff2a0000)
  to   space 640K,   0% used [0x00000000ff160000, 0x00000000ff160000, 0x00000000ff200000)
 concurrent mark-sweep generation total 13696K, used 4262K [0x00000000ff2a0000, 0x0000000100000000, 0x0000000100000000)
 Metaspace       used 5073K, capacity 5258K, committed 5504K, reserved 1056768K
  class space    used 557K, capacity 597K, committed 640K, reserved 1048576K
2024-07-16T18:26:14.950+0800: 1.754: [GC (Allocation Failure) 2024-07-16T18:26:14.950+0800: 1.754: [ParNew: 5237K->10K(6144K), 0.0007631 secs] 9500K->5296K(19840K), 0.0008356 secs] [Times: user=0.00 sys=0.00, real=0.00 secs] 
Heap after GC invocations=224 (full 29):
 par new generation   total 6144K, used 10K [0x00000000fec00000, 0x00000000ff2a0000, 0x00000000ff2a0000)
  eden space 5504K,   0% used [0x00000000fec00000, 0x00000000fec00000, 0x00000000ff160000)
  from space 640K,   1% used [0x00000000ff160000, 0x00000000ff162850, 0x00000000ff200000)
  to   space 640K,   0% used [0x00000000ff200000, 0x00000000ff200000, 0x00000000ff2a0000)
 concurrent mark-sweep generation total 13696K, used 5286K [0x00000000ff2a0000, 0x0000000100000000, 0x0000000100000000)
 Metaspace       used 5073K, capacity 5258K, committed 5504K, reserved 1056768K
  class space    used 557K, capacity 597K, committed 640K, reserved 1048576K
}
{Heap before GC invocations=224 (full 29):
 par new generation   total 6144K, used 5239K [0x00000000fec00000, 0x00000000ff2a0000, 0x00000000ff2a0000)
  eden space 5504K,  95% used [0x00000000fec00000, 0x00000000ff11b780, 0x00000000ff160000)
  from space 640K,   1% used [0x00000000ff160000, 0x00000000ff162850, 0x00000000ff200000)
  to   space 640K,   0% used [0x00000000ff200000, 0x00000000ff200000, 0x00000000ff2a0000)
 concurrent mark-sweep generation total 13696K, used 5286K [0x00000000ff2a0000, 0x0000000100000000, 0x0000000100000000)
 Metaspace       used 5073K, capacity 5258K, committed 5504K, reserved 1056768K
  class space    used 557K, capacity 597K, committed 640K, reserved 1048576K
2024-07-16T18:26:14.957+0800: 1.761: [GC (Allocation Failure) 2024-07-16T18:26:14.957+0800: 1.761: [ParNew: 5239K->10K(6144K), 0.0011083 secs] 10526K->6322K(19840K), 0.0012651 secs] [Times: user=0.00 sys=0.00, real=0.00 secs] 
Heap after GC invocations=225 (full 29):
 par new generation   total 6144K, used 10K [0x00000000fec00000, 0x00000000ff2a0000, 0x00000000ff2a0000)
  eden space 5504K,   0% used [0x00000000fec00000, 0x00000000fec00000, 0x00000000ff160000)
  from space 640K,   1% used [0x00000000ff200000, 0x00000000ff202850, 0x00000000ff2a0000)
  to   space 640K,   0% used [0x00000000ff160000, 0x00000000ff160000, 0x00000000ff200000)
 concurrent mark-sweep generation total 13696K, used 6312K [0x00000000ff2a0000, 0x0000000100000000, 0x0000000100000000)
 Metaspace       used 5073K, capacity 5258K, committed 5504K, reserved 1056768K
  class space    used 557K, capacity 597K, committed 640K, reserved 1048576K
}
{Heap before GC invocations=225 (full 29):
 par new generation   total 6144K, used 5239K [0x00000000fec00000, 0x00000000ff2a0000, 0x00000000ff2a0000)
  eden space 5504K,  95% used [0x00000000fec00000, 0x00000000ff11b780, 0x00000000ff160000)
  from space 640K,   1% used [0x00000000ff200000, 0x00000000ff202850, 0x00000000ff2a0000)
  to   space 640K,   0% used [0x00000000ff160000, 0x00000000ff160000, 0x00000000ff200000)
 concurrent mark-sweep generation total 13696K, used 6312K [0x00000000ff2a0000, 0x0000000100000000, 0x0000000100000000)
 Metaspace       used 5073K, capacity 5258K, committed 5504K, reserved 1056768K
  class space    used 557K, capacity 597K, committed 640K, reserved 1048576K
2024-07-16T18:26:14.964+0800: 1.768: [GC (Allocation Failure) 2024-07-16T18:26:14.964+0800: 1.768: [ParNew: 5239K->6K(6144K), 0.0006520 secs] 11552K->7342K(19840K), 0.0007257 secs] [Times: user=0.00 sys=0.00, real=0.00 secs] 
Heap after GC invocations=226 (full 29):
 par new generation   total 6144K, used 6K [0x00000000fec00000, 0x00000000ff2a0000, 0x00000000ff2a0000)
  eden space 5504K,   0% used [0x00000000fec00000, 0x00000000fec00000, 0x00000000ff160000)
  from space 640K,   0% used [0x00000000ff160000, 0x00000000ff161830, 0x00000000ff200000)
  to   space 640K,   0% used [0x00000000ff200000, 0x00000000ff200000, 0x00000000ff2a0000)
 concurrent mark-sweep generation total 13696K, used 7336K [0x00000000ff2a0000, 0x0000000100000000, 0x0000000100000000)
 Metaspace       used 5073K, capacity 5258K, committed 5504K, reserved 1056768K
  class space    used 557K, capacity 597K, committed 640K, reserved 1048576K
}
{Heap before GC invocations=226 (full 29):
 par new generation   total 6144K, used 5235K [0x00000000fec00000, 0x00000000ff2a0000, 0x00000000ff2a0000)
  eden space 5504K,  95% used [0x00000000fec00000, 0x00000000ff11b780, 0x00000000ff160000)
  from space 640K,   0% used [0x00000000ff160000, 0x00000000ff161830, 0x00000000ff200000)
  to   space 640K,   0% used [0x00000000ff200000, 0x00000000ff200000, 0x00000000ff2a0000)
 concurrent mark-sweep generation total 13696K, used 7336K [0x00000000ff2a0000, 0x0000000100000000, 0x0000000100000000)
 Metaspace       used 5073K, capacity 5258K, committed 5504K, reserved 1056768K
  class space    used 557K, capacity 597K, committed 640K, reserved 1048576K
2024-07-16T18:26:14.973+0800: 1.777: [GC (Allocation Failure) 2024-07-16T18:26:14.973+0800: 1.777: [ParNew: 5235K->8K(6144K), 0.0008016 secs] 12572K->8368K(19840K), 0.0008663 secs] [Times: user=0.00 sys=0.00, real=0.00 secs] 
Heap after GC invocations=227 (full 29):
 par new generation   total 6144K, used 8K [0x00000000fec00000, 0x00000000ff2a0000, 0x00000000ff2a0000)
  eden space 5504K,   0% used [0x00000000fec00000, 0x00000000fec00000, 0x00000000ff160000)
  from space 640K,   1% used [0x00000000ff200000, 0x00000000ff202040, 0x00000000ff2a0000)
  to   space 640K,   0% used [0x00000000ff160000, 0x00000000ff160000, 0x00000000ff200000)
 concurrent mark-sweep generation total 13696K, used 8360K [0x00000000ff2a0000, 0x0000000100000000, 0x0000000100000000)
 Metaspace       used 5073K, capacity 5258K, committed 5504K, reserved 1056768K
  class space    used 557K, capacity 597K, committed 640K, reserved 1048576K
}
2024-07-16T18:26:14.974+0800: 1.778: [GC (CMS Initial Mark) [1 CMS-initial-mark: 8360K(13696K)] 9394K(19840K), 0.0002288 secs] [Times: user=0.00 sys=0.00, real=0.00 secs] 
2024-07-16T18:26:14.974+0800: 1.778: [CMS-concurrent-mark-start]
2024-07-16T18:26:14.978+0800: 1.782: [CMS-concurrent-mark: 0.004/0.004 secs] [Times: user=0.00 sys=0.00, real=0.00 secs] 
2024-07-16T18:26:14.978+0800: 1.782: [CMS-concurrent-preclean-start]
2024-07-16T18:26:14.978+0800: 1.782: [CMS-concurrent-preclean: 0.000/0.000 secs] [Times: user=0.00 sys=0.00, real=0.00 secs] 
2024-07-16T18:26:14.978+0800: 1.782: [CMS-concurrent-abortable-preclean-start]
{Heap before GC invocations=227 (full 30):
 par new generation   total 6144K, used 5237K [0x00000000fec00000, 0x00000000ff2a0000, 0x00000000ff2a0000)
  eden space 5504K,  95% used [0x00000000fec00000, 0x00000000ff11b780, 0x00000000ff160000)
  from space 640K,   1% used [0x00000000ff200000, 0x00000000ff202040, 0x00000000ff2a0000)
  to   space 640K,   0% used [0x00000000ff160000, 0x00000000ff160000, 0x00000000ff200000)
 concurrent mark-sweep generation total 13696K, used 8360K [0x00000000ff2a0000, 0x0000000100000000, 0x0000000100000000)
 Metaspace       used 5073K, capacity 5258K, committed 5504K, reserved 1056768K
  class space    used 557K, capacity 597K, committed 640K, reserved 1048576K
2024-07-16T18:26:14.982+0800: 1.786: [GC (Allocation Failure) 2024-07-16T18:26:14.982+0800: 1.786: [ParNew: 5237K->10K(6144K), 0.0005688 secs] 13598K->9396K(19840K), 0.0006058 secs] [Times: user=0.00 sys=0.00, real=0.00 secs] 
Heap after GC invocations=228 (full 30):
 par new generation   total 6144K, used 10K [0x00000000fec00000, 0x00000000ff2a0000, 0x00000000ff2a0000)
  eden space 5504K,   0% used [0x00000000fec00000, 0x00000000fec00000, 0x00000000ff160000)
  from space 640K,   1% used [0x00000000ff160000, 0x00000000ff162850, 0x00000000ff200000)
  to   space 640K,   0% used [0x00000000ff200000, 0x00000000ff200000, 0x00000000ff2a0000)
 concurrent mark-sweep generation total 13696K, used 9386K [0x00000000ff2a0000, 0x0000000100000000, 0x0000000100000000)
 Metaspace       used 5073K, capacity 5258K, committed 5504K, reserved 1056768K
  class space    used 557K, capacity 597K, committed 640K, reserved 1048576K
}
{Heap before GC invocations=228 (full 30):
 par new generation   total 6144K, used 5239K [0x00000000fec00000, 0x00000000ff2a0000, 0x00000000ff2a0000)
  eden space 5504K,  95% used [0x00000000fec00000, 0x00000000ff11b780, 0x00000000ff160000)
  from space 640K,   1% used [0x00000000ff160000, 0x00000000ff162850, 0x00000000ff200000)
  to   space 640K,   0% used [0x00000000ff200000, 0x00000000ff200000, 0x00000000ff2a0000)
 concurrent mark-sweep generation total 13696K, used 9386K [0x00000000ff2a0000, 0x0000000100000000, 0x0000000100000000)
 Metaspace       used 5073K, capacity 5258K, committed 5504K, reserved 1056768K
  class space    used 557K, capacity 597K, committed 640K, reserved 1048576K
2024-07-16T18:26:14.989+0800: 1.793: [GC (Allocation Failure) 2024-07-16T18:26:14.989+0800: 1.793: [ParNew: 5239K->6K(6144K), 0.0007847 secs] 14626K->10418K(19840K), 0.0008658 secs] [Times: user=0.00 sys=0.00, real=0.00 secs] 
Heap after GC invocations=229 (full 30):
 par new generation   total 6144K, used 6K [0x00000000fec00000, 0x00000000ff2a0000, 0x00000000ff2a0000)
  eden space 5504K,   0% used [0x00000000fec00000, 0x00000000fec00000, 0x00000000ff160000)
  from space 640K,   0% used [0x00000000ff200000, 0x00000000ff201830, 0x00000000ff2a0000)
  to   space 640K,   0% used [0x00000000ff160000, 0x00000000ff160000, 0x00000000ff200000)
 concurrent mark-sweep generation total 13696K, used 10412K [0x00000000ff2a0000, 0x0000000100000000, 0x0000000100000000)
 Metaspace       used 5073K, capacity 5258K, committed 5504K, reserved 1056768K
  class space    used 557K, capacity 597K, committed 640K, reserved 1048576K
}
{Heap before GC invocations=229 (full 30):
 par new generation   total 6144K, used 5235K [0x00000000fec00000, 0x00000000ff2a0000, 0x00000000ff2a0000)
  eden space 5504K,  95% used [0x00000000fec00000, 0x00000000ff11b780, 0x00000000ff160000)
  from space 640K,   0% used [0x00000000ff200000, 0x00000000ff201830, 0x00000000ff2a0000)
  to   space 640K,   0% used [0x00000000ff160000, 0x00000000ff160000, 0x00000000ff200000)
 concurrent mark-sweep generation total 13696K, used 10412K [0x00000000ff2a0000, 0x0000000100000000, 0x0000000100000000)
 Metaspace       used 5073K, capacity 5258K, committed 5504K, reserved 1056768K
  class space    used 557K, capacity 597K, committed 640K, reserved 1048576K
2024-07-16T18:26:14.997+0800: 1.801: [GC (Allocation Failure) 2024-07-16T18:26:14.997+0800: 1.801: [ParNew: 5235K->6K(6144K), 0.0006012 secs] 15648K->11442K(19840K), 0.0007001 secs] [Times: user=0.00 sys=0.00, real=0.00 secs] 
Heap after GC invocations=230 (full 30):
 par new generation   total 6144K, used 6K [0x00000000fec00000, 0x00000000ff2a0000, 0x00000000ff2a0000)
  eden space 5504K,   0% used [0x00000000fec00000, 0x00000000fec00000, 0x00000000ff160000)
  from space 640K,   0% used [0x00000000ff160000, 0x00000000ff161830, 0x00000000ff200000)
  to   space 640K,   0% used [0x00000000ff200000, 0x00000000ff200000, 0x00000000ff2a0000)
 concurrent mark-sweep generation total 13696K, used 11436K [0x00000000ff2a0000, 0x0000000100000000, 0x0000000100000000)
 Metaspace       used 5073K, capacity 5258K, committed 5504K, reserved 1056768K
  class space    used 557K, capacity 597K, committed 640K, reserved 1048576K
}
{Heap before GC invocations=230 (full 30):
 par new generation   total 6144K, used 5235K [0x00000000fec00000, 0x00000000ff2a0000, 0x00000000ff2a0000)
  eden space 5504K,  95% used [0x00000000fec00000, 0x00000000ff11b780, 0x00000000ff160000)
  from space 640K,   0% used [0x00000000ff160000, 0x00000000ff161830, 0x00000000ff200000)
  to   space 640K,   0% used [0x00000000ff200000, 0x00000000ff200000, 0x00000000ff2a0000)
 concurrent mark-sweep generation total 13696K, used 11436K [0x00000000ff2a0000, 0x0000000100000000, 0x0000000100000000)
 Metaspace       used 5073K, capacity 5258K, committed 5504K, reserved 1056768K
  class space    used 557K, capacity 597K, committed 640K, reserved 1048576K
2024-07-16T18:26:15.006+0800: 1.810: [GC (Allocation Failure) 2024-07-16T18:26:15.006+0800: 1.810: [ParNew: 5235K->10K(6144K), 0.0010905 secs] 16672K->13494K(19840K), 0.0011860 secs] [Times: user=0.00 sys=0.00, real=0.00 secs] 
Heap after GC invocations=231 (full 30):
 par new generation   total 6144K, used 10K [0x00000000fec00000, 0x00000000ff2a0000, 0x00000000ff2a0000)
  eden space 5504K,   0% used [0x00000000fec00000, 0x00000000fec00000, 0x00000000ff160000)
  from space 640K,   1% used [0x00000000ff200000, 0x00000000ff202850, 0x00000000ff2a0000)
  to   space 640K,   0% used [0x00000000ff160000, 0x00000000ff160000, 0x00000000ff200000)
 concurrent mark-sweep generation total 13696K, used 13484K [0x00000000ff2a0000, 0x0000000100000000, 0x0000000100000000)
 Metaspace       used 5073K, capacity 5258K, committed 5504K, reserved 1056768K
  class space    used 557K, capacity 597K, committed 640K, reserved 1048576K
}
2024-07-16T18:26:15.007+0800: 1.811: [CMS-concurrent-abortable-preclean: 0.000/0.029 secs] [Times: user=0.00 sys=0.00, real=0.03 secs] 
2024-07-16T18:26:15.007+0800: 1.811: [GC (CMS Final Remark) [YG occupancy: 1143 K (6144 K)]{Heap before GC invocations=231 (full 30):
 par new generation   total 6144K, used 1143K [0x00000000fec00000, 0x00000000ff2a0000, 0x00000000ff2a0000)
  eden space 5504K,  20% used [0x00000000fec00000, 0x00000000fed1b740, 0x00000000ff160000)
  from space 640K,   1% used [0x00000000ff200000, 0x00000000ff202850, 0x00000000ff2a0000)
  to   space 640K,   0% used [0x00000000ff160000, 0x00000000ff160000, 0x00000000ff200000)
 concurrent mark-sweep generation total 13696K, used 13484K [0x00000000ff2a0000, 0x0000000100000000, 0x0000000100000000)
 Metaspace       used 5073K, capacity 5258K, committed 5504K, reserved 1056768K
  class space    used 557K, capacity 597K, committed 640K, reserved 1048576K
2024-07-16T18:26:15.007+0800: 1.811: [GC (CMS Final Remark) 2024-07-16T18:26:15.007+0800: 1.811: [ParNew: 1143K->1143K(6144K), 0.0000157 secs] 14628K->14628K(19840K), 0.0000453 secs] [Times: user=0.00 sys=0.00, real=0.00 secs] 
Heap after GC invocations=232 (full 30):
 par new generation   total 6144K, used 1143K [0x00000000fec00000, 0x00000000ff2a0000, 0x00000000ff2a0000)
  eden space 5504K,  20% used [0x00000000fec00000, 0x00000000fed1b740, 0x00000000ff160000)
  from space 640K,   1% used [0x00000000ff200000, 0x00000000ff202850, 0x00000000ff2a0000)
  to   space 640K,   0% used [0x00000000ff160000, 0x00000000ff160000, 0x00000000ff200000)
 concurrent mark-sweep generation total 13696K, used 13484K [0x00000000ff2a0000, 0x0000000100000000, 0x0000000100000000)
 Metaspace       used 5073K, capacity 5258K, committed 5504K, reserved 1056768K
  class space    used 557K, capacity 597K, committed 640K, reserved 1048576K
}
2024-07-16T18:26:15.007+0800: 1.811: [Rescan (parallel) , 0.0002491 secs]2024-07-16T18:26:15.007+0800: 1.812: [weak refs processing, 0.0000163 secs]2024-07-16T18:26:15.007+0800: 1.812: [class unloading, 0.0004178 secs]2024-07-16T18:26:15.008+0800: 1.812: [scrub symbol table, 0.0004541 secs]2024-07-16T18:26:15.008+0800: 1.812: [scrub string table, 0.0001492 secs][1 CMS-remark: 13484K(13696K)] 14628K(19840K), 0.0014521 secs] [Times: user=0.00 sys=0.00, real=0.00 secs] 
2024-07-16T18:26:15.009+0800: 1.813: [CMS-concurrent-sweep-start]
2024-07-16T18:26:15.009+0800: 1.813: [CMS-concurrent-sweep: 0.000/0.000 secs] [Times: user=0.00 sys=0.00, real=0.00 secs] 
2024-07-16T18:26:15.009+0800: 1.813: [CMS-concurrent-reset-start]
2024-07-16T18:26:15.009+0800: 1.813: [CMS-concurrent-reset: 0.000/0.000 secs] [Times: user=0.00 sys=0.00, real=0.00 secs] 
{Heap before GC invocations=232 (full 30):
 par new generation   total 6144K, used 5349K [0x00000000fec00000, 0x00000000ff2a0000, 0x00000000ff2a0000)
  eden space 5504K,  97% used [0x00000000fec00000, 0x00000000ff136eb0, 0x00000000ff160000)
  from space 640K,   1% used [0x00000000ff200000, 0x00000000ff202850, 0x00000000ff2a0000)
  to   space 640K,   0% used [0x00000000ff160000, 0x00000000ff160000, 0x00000000ff200000)
 concurrent mark-sweep generation total 13696K, used 6316K [0x00000000ff2a0000, 0x0000000100000000, 0x0000000100000000)
 Metaspace       used 5073K, capacity 5258K, committed 5504K, reserved 1056768K
  class space    used 557K, capacity 597K, committed 640K, reserved 1048576K
2024-07-16T18:26:15.016+0800: 1.820: [GC (Allocation Failure) 2024-07-16T18:26:15.016+0800: 1.820: [ParNew: 5349K->6K(6144K), 0.0010574 secs] 11666K->7346K(19840K), 0.0011245 secs] [Times: user=0.00 sys=0.00, real=0.00 secs] 
Heap after GC invocations=233 (full 30):
 par new generation   total 6144K, used 6K [0x00000000fec00000, 0x00000000ff2a0000, 0x00000000ff2a0000)
  eden space 5504K,   0% used [0x00000000fec00000, 0x00000000fec00000, 0x00000000ff160000)
  from space 640K,   0% used [0x00000000ff160000, 0x00000000ff161830, 0x00000000ff200000)
  to   space 640K,   0% used [0x00000000ff200000, 0x00000000ff200000, 0x00000000ff2a0000)
 concurrent mark-sweep generation total 13696K, used 7340K [0x00000000ff2a0000, 0x0000000100000000, 0x0000000100000000)
 Metaspace       used 5073K, capacity 5258K, committed 5504K, reserved 1056768K
  class space    used 557K, capacity 597K, committed 640K, reserved 1048576K
}
2024-07-16T18:26:15.017+0800: 1.821: [GC (CMS Initial Mark) [1 CMS-initial-mark: 7340K(13696K)] 8372K(19840K), 0.0003514 secs] [Times: user=0.00 sys=0.00, real=0.00 secs] 
2024-07-16T18:26:15.017+0800: 1.822: [CMS-concurrent-mark-start]
2024-07-16T18:26:15.023+0800: 1.827: [CMS-concurrent-mark: 0.005/0.005 secs] [Times: user=0.05 sys=0.00, real=0.01 secs] 
2024-07-16T18:26:15.023+0800: 1.827: [CMS-concurrent-preclean-start]
2024-07-16T18:26:15.023+0800: 1.827: [CMS-concurrent-preclean: 0.000/0.000 secs] [Times: user=0.00 sys=0.00, real=0.00 secs] 
2024-07-16T18:26:15.023+0800: 1.827: [CMS-concurrent-abortable-preclean-start]
{Heap before GC invocations=233 (full 31):
 par new generation   total 6144K, used 5220K [0x00000000fec00000, 0x00000000ff2a0000, 0x00000000ff2a0000)
  eden space 5504K,  94% used [0x00000000fec00000, 0x00000000ff117940, 0x00000000ff160000)
  from space 640K,   0% used [0x00000000ff160000, 0x00000000ff161830, 0x00000000ff200000)
  to   space 640K,   0% used [0x00000000ff200000, 0x00000000ff200000, 0x00000000ff2a0000)
 concurrent mark-sweep generation total 13696K, used 7340K [0x00000000ff2a0000, 0x0000000100000000, 0x0000000100000000)
 Metaspace       used 5073K, capacity 5258K, committed 5504K, reserved 1056768K
  class space    used 557K, capacity 597K, committed 640K, reserved 1048576K
2024-07-16T18:26:15.025+0800: 1.829: [GC (Allocation Failure) 2024-07-16T18:26:15.025+0800: 1.829: [ParNew: 5220K->4K(6144K), 0.0010093 secs] 12560K->7344K(19840K), 0.0011035 secs] [Times: user=0.00 sys=0.00, real=0.00 secs] 
Heap after GC invocations=234 (full 31):
 par new generation   total 6144K, used 4K [0x00000000fec00000, 0x00000000ff2a0000, 0x00000000ff2a0000)
  eden space 5504K,   0% used [0x00000000fec00000, 0x00000000fec00000, 0x00000000ff160000)
  from space 640K,   0% used [0x00000000ff200000, 0x00000000ff201020, 0x00000000ff2a0000)
  to   space 640K,   0% used [0x00000000ff160000, 0x00000000ff160000, 0x00000000ff200000)
 concurrent mark-sweep generation total 13696K, used 7340K [0x00000000ff2a0000, 0x0000000100000000, 0x0000000100000000)
 Metaspace       used 5073K, capacity 5258K, committed 5504K, reserved 1056768K
  class space    used 557K, capacity 597K, committed 640K, reserved 1048576K
}
{Heap before GC invocations=234 (full 31):
 par new generation   total 6144K, used 5224K [0x00000000fec00000, 0x00000000ff2a0000, 0x00000000ff2a0000)
  eden space 5504K,  94% used [0x00000000fec00000, 0x00000000ff119240, 0x00000000ff160000)
  from space 640K,   0% used [0x00000000ff200000, 0x00000000ff201020, 0x00000000ff2a0000)
  to   space 640K,   0% used [0x00000000ff160000, 0x00000000ff160000, 0x00000000ff200000)
 concurrent mark-sweep generation total 13696K, used 7340K [0x00000000ff2a0000, 0x0000000100000000, 0x0000000100000000)
 Metaspace       used 5073K, capacity 5258K, committed 5504K, reserved 1056768K
  class space    used 557K, capacity 597K, committed 640K, reserved 1048576K
2024-07-16T18:26:15.031+0800: 1.835: [GC (Allocation Failure) 2024-07-16T18:26:15.031+0800: 1.835: [ParNew: 5224K->8K(6144K), 0.0013153 secs] 12565K->8374K(19840K), 0.0013868 secs] [Times: user=0.00 sys=0.00, real=0.00 secs] 
Heap after GC invocations=235 (full 31):
 par new generation   total 6144K, used 8K [0x00000000fec00000, 0x00000000ff2a0000, 0x00000000ff2a0000)
  eden space 5504K,   0% used [0x00000000fec00000, 0x00000000fec00000, 0x00000000ff160000)
  from space 640K,   1% used [0x00000000ff160000, 0x00000000ff162040, 0x00000000ff200000)
  to   space 640K,   0% used [0x00000000ff200000, 0x00000000ff200000, 0x00000000ff2a0000)
 concurrent mark-sweep generation total 13696K, used 8366K [0x00000000ff2a0000, 0x0000000100000000, 0x0000000100000000)
 Metaspace       used 5073K, capacity 5258K, committed 5504K, reserved 1056768K
  class space    used 557K, capacity 597K, committed 640K, reserved 1048576K
}
{Heap before GC invocations=235 (full 31):
 par new generation   total 6144K, used 5231K [0x00000000fec00000, 0x00000000ff2a0000, 0x00000000ff2a0000)
  eden space 5504K,  94% used [0x00000000fec00000, 0x00000000ff119f90, 0x00000000ff160000)
  from space 640K,   1% used [0x00000000ff160000, 0x00000000ff162040, 0x00000000ff200000)
  to   space 640K,   0% used [0x00000000ff200000, 0x00000000ff200000, 0x00000000ff2a0000)
 concurrent mark-sweep generation total 13696K, used 8366K [0x00000000ff2a0000, 0x0000000100000000, 0x0000000100000000)
 Metaspace       used 5073K, capacity 5258K, committed 5504K, reserved 1056768K
  class space    used 557K, capacity 597K, committed 640K, reserved 1048576K
2024-07-16T18:26:15.041+0800: 1.845: [GC (Allocation Failure) 2024-07-16T18:26:15.041+0800: 1.845: [ParNew: 5231K->8K(6144K), 0.0013916 secs] 13598K->9400K(19840K), 0.0015096 secs] [Times: user=0.00 sys=0.00, real=0.00 secs] 
Heap after GC invocations=236 (full 31):
 par new generation   total 6144K, used 8K [0x00000000fec00000, 0x00000000ff2a0000, 0x00000000ff2a0000)
  eden space 5504K,   0% used [0x00000000fec00000, 0x00000000fec00000, 0x00000000ff160000)
  from space 640K,   1% used [0x00000000ff200000, 0x00000000ff202040, 0x00000000ff2a0000)
  to   space 640K,   0% used [0x00000000ff160000, 0x00000000ff160000, 0x00000000ff200000)
 concurrent mark-sweep generation total 13696K, used 9392K [0x00000000ff2a0000, 0x0000000100000000, 0x0000000100000000)
 Metaspace       used 5073K, capacity 5258K, committed 5504K, reserved 1056768K
  class space    used 557K, capacity 597K, committed 640K, reserved 1048576K
}
{Heap before GC invocations=236 (full 31):
 par new generation   total 6144K, used 5234K [0x00000000fec00000, 0x00000000ff2a0000, 0x00000000ff2a0000)
  eden space 5504K,  94% used [0x00000000fec00000, 0x00000000ff11a818, 0x00000000ff160000)
  from space 640K,   1% used [0x00000000ff200000, 0x00000000ff202040, 0x00000000ff2a0000)
  to   space 640K,   0% used [0x00000000ff160000, 0x00000000ff160000, 0x00000000ff200000)
 concurrent mark-sweep generation total 13696K, used 9392K [0x00000000ff2a0000, 0x0000000100000000, 0x0000000100000000)
 Metaspace       used 5073K, capacity 5258K, committed 5504K, reserved 1056768K
  class space    used 557K, capacity 597K, committed 640K, reserved 1048576K
2024-07-16T18:26:15.052+0800: 1.856: [GC (Allocation Failure) 2024-07-16T18:26:15.052+0800: 1.856: [ParNew: 5234K->4K(6144K), 0.0002819 secs] 14626K->9396K(19840K), 0.0003686 secs] [Times: user=0.00 sys=0.00, real=0.00 secs] 
Heap after GC invocations=237 (full 31):
 par new generation   total 6144K, used 4K [0x00000000fec00000, 0x00000000ff2a0000, 0x00000000ff2a0000)
  eden space 5504K,   0% used [0x00000000fec00000, 0x00000000fec00000, 0x00000000ff160000)
  from space 640K,   0% used [0x00000000ff160000, 0x00000000ff161020, 0x00000000ff200000)
  to   space 640K,   0% used [0x00000000ff200000, 0x00000000ff200000, 0x00000000ff2a0000)
 concurrent mark-sweep generation total 13696K, used 9392K [0x00000000ff2a0000, 0x0000000100000000, 0x0000000100000000)
 Metaspace       used 5073K, capacity 5258K, committed 5504K, reserved 1056768K
  class space    used 557K, capacity 597K, committed 640K, reserved 1048576K
}
{Heap before GC invocations=237 (full 31):
 par new generation   total 6144K, used 5231K [0x00000000fec00000, 0x00000000ff2a0000, 0x00000000ff2a0000)
  eden space 5504K,  94% used [0x00000000fec00000, 0x00000000ff11ad98, 0x00000000ff160000)
  from space 640K,   0% used [0x00000000ff160000, 0x00000000ff161020, 0x00000000ff200000)
  to   space 640K,   0% used [0x00000000ff200000, 0x00000000ff200000, 0x00000000ff2a0000)
 concurrent mark-sweep generation total 13696K, used 9392K [0x00000000ff2a0000, 0x0000000100000000, 0x0000000100000000)
 Metaspace       used 5073K, capacity 5258K, committed 5504K, reserved 1056768K
  class space    used 557K, capacity 597K, committed 640K, reserved 1048576K
2024-07-16T18:26:15.059+0800: 1.863: [GC (Allocation Failure) 2024-07-16T18:26:15.059+0800: 1.863: [ParNew: 5231K->8K(6144K), 0.0003669 secs] 14624K->10426K(19840K), 0.0003983 secs] [Times: user=0.00 sys=0.00, real=0.00 secs] 
Heap after GC invocations=238 (full 31):
 par new generation   total 6144K, used 8K [0x00000000fec00000, 0x00000000ff2a0000, 0x00000000ff2a0000)
  eden space 5504K,   0% used [0x00000000fec00000, 0x00000000fec00000, 0x00000000ff160000)
  from space 640K,   1% used [0x00000000ff200000, 0x00000000ff202040, 0x00000000ff2a0000)
  to   space 640K,   0% used [0x00000000ff160000, 0x00000000ff160000, 0x00000000ff200000)
 concurrent mark-sweep generation total 13696K, used 10418K [0x00000000ff2a0000, 0x0000000100000000, 0x0000000100000000)
 Metaspace       used 5073K, capacity 5258K, committed 5504K, reserved 1056768K
  class space    used 557K, capacity 597K, committed 640K, reserved 1048576K
}
{Heap before GC invocations=238 (full 31):
 par new generation   total 6144K, used 5236K [0x00000000fec00000, 0x00000000ff2a0000, 0x00000000ff2a0000)
  eden space 5504K,  94% used [0x00000000fec00000, 0x00000000ff11b120, 0x00000000ff160000)
  from space 640K,   1% used [0x00000000ff200000, 0x00000000ff202040, 0x00000000ff2a0000)
  to   space 640K,   0% used [0x00000000ff160000, 0x00000000ff160000, 0x00000000ff200000)
 concurrent mark-sweep generation total 13696K, used 10418K [0x00000000ff2a0000, 0x0000000100000000, 0x0000000100000000)
 Metaspace       used 5073K, capacity 5258K, committed 5504K, reserved 1056768K
  class space    used 557K, capacity 597K, committed 640K, reserved 1048576K
2024-07-16T18:26:15.066+0800: 1.870: [GC (Allocation Failure) 2024-07-16T18:26:15.066+0800: 1.870: [ParNew: 5236K->4K(6144K), 0.0003906 secs] 15655K->11446K(19840K), 0.0004376 secs] [Times: user=0.00 sys=0.00, real=0.00 secs] 
Heap after GC invocations=239 (full 31):
 par new generation   total 6144K, used 4K [0x00000000fec00000, 0x00000000ff2a0000, 0x00000000ff2a0000)
  eden space 5504K,   0% used [0x00000000fec00000, 0x00000000fec00000, 0x00000000ff160000)
  from space 640K,   0% used [0x00000000ff160000, 0x00000000ff161020, 0x00000000ff200000)
  to   space 640K,   0% used [0x00000000ff200000, 0x00000000ff200000, 0x00000000ff2a0000)
 concurrent mark-sweep generation total 13696K, used 11442K [0x00000000ff2a0000, 0x0000000100000000, 0x0000000100000000)
 Metaspace       used 5073K, capacity 5258K, committed 5504K, reserved 1056768K
  class space    used 557K, capacity 597K, committed 640K, reserved 1048576K
}
{Heap before GC invocations=239 (full 31):
 par new generation   total 6144K, used 5232K [0x00000000fec00000, 0x00000000ff2a0000, 0x00000000ff2a0000)
  eden space 5504K,  95% used [0x00000000fec00000, 0x00000000ff11b368, 0x00000000ff160000)
  from space 640K,   0% used [0x00000000ff160000, 0x00000000ff161020, 0x00000000ff200000)
  to   space 640K,   0% used [0x00000000ff200000, 0x00000000ff200000, 0x00000000ff2a0000)
 concurrent mark-sweep generation total 13696K, used 11442K [0x00000000ff2a0000, 0x0000000100000000, 0x0000000100000000)
 Metaspace       used 5073K, capacity 5258K, committed 5504K, reserved 1056768K
  class space    used 557K, capacity 597K, committed 640K, reserved 1048576K
2024-07-16T18:26:15.074+0800: 1.878: [GC (Allocation Failure) 2024-07-16T18:26:15.074+0800: 1.878: [ParNew: 5232K->4K(6144K), 0.0002520 secs] 16675K->11446K(19840K), 0.0002834 secs] [Times: user=0.00 sys=0.00, real=0.00 secs] 
Heap after GC invocations=240 (full 31):
 par new generation   total 6144K, used 4K [0x00000000fec00000, 0x00000000ff2a0000, 0x00000000ff2a0000)
  eden space 5504K,   0% used [0x00000000fec00000, 0x00000000fec00000, 0x00000000ff160000)
  from space 640K,   0% used [0x00000000ff200000, 0x00000000ff201020, 0x00000000ff2a0000)
  to   space 640K,   0% used [0x00000000ff160000, 0x00000000ff160000, 0x00000000ff200000)
 concurrent mark-sweep generation total 13696K, used 11442K [0x00000000ff2a0000, 0x0000000100000000, 0x0000000100000000)
 Metaspace       used 5073K, capacity 5258K, committed 5504K, reserved 1056768K
  class space    used 557K, capacity 597K, committed 640K, reserved 1048576K
}
{Heap before GC invocations=240 (full 31):
 par new generation   total 6144K, used 5233K [0x00000000fec00000, 0x00000000ff2a0000, 0x00000000ff2a0000)
  eden space 5504K,  95% used [0x00000000fec00000, 0x00000000ff11b4d8, 0x00000000ff160000)
  from space 640K,   0% used [0x00000000ff200000, 0x00000000ff201020, 0x00000000ff2a0000)
  to   space 640K,   0% used [0x00000000ff160000, 0x00000000ff160000, 0x00000000ff200000)
 concurrent mark-sweep generation total 13696K, used 11442K [0x00000000ff2a0000, 0x0000000100000000, 0x0000000100000000)
 Metaspace       used 5073K, capacity 5258K, committed 5504K, reserved 1056768K
  class space    used 557K, capacity 597K, committed 640K, reserved 1048576K
2024-07-16T18:26:15.082+0800: 1.886: [GC (Allocation Failure) 2024-07-16T18:26:15.082+0800: 1.886: [ParNew: 5233K->4K(6144K), 0.0002522 secs] 16675K->11446K(19840K), 0.0002891 secs] [Times: user=0.00 sys=0.00, real=0.00 secs] 
Heap after GC invocations=241 (full 31):
 par new generation   total 6144K, used 4K [0x00000000fec00000, 0x00000000ff2a0000, 0x00000000ff2a0000)
  eden space 5504K,   0% used [0x00000000fec00000, 0x00000000fec00000, 0x00000000ff160000)
  from space 640K,   0% used [0x00000000ff160000, 0x00000000ff161020, 0x00000000ff200000)
  to   space 640K,   0% used [0x00000000ff200000, 0x00000000ff200000, 0x00000000ff2a0000)
 concurrent mark-sweep generation total 13696K, used 11442K [0x00000000ff2a0000, 0x0000000100000000, 0x0000000100000000)
 Metaspace       used 5073K, capacity 5258K, committed 5504K, reserved 1056768K
  class space    used 557K, capacity 597K, committed 640K, reserved 1048576K
}
{Heap before GC invocations=241 (full 31):
 par new generation   total 6144K, used 5233K [0x00000000fec00000, 0x00000000ff2a0000, 0x00000000ff2a0000)
  eden space 5504K,  95% used [0x00000000fec00000, 0x00000000ff11b5d0, 0x00000000ff160000)
  from space 640K,   0% used [0x00000000ff160000, 0x00000000ff161020, 0x00000000ff200000)
  to   space 640K,   0% used [0x00000000ff200000, 0x00000000ff200000, 0x00000000ff2a0000)
 concurrent mark-sweep generation total 13696K, used 11442K [0x00000000ff2a0000, 0x0000000100000000, 0x0000000100000000)
 Metaspace       used 5073K, capacity 5258K, committed 5504K, reserved 1056768K
  class space    used 557K, capacity 597K, committed 640K, reserved 1048576K
2024-07-16T18:26:15.090+0800: 1.894: [GC (Allocation Failure) 2024-07-16T18:26:15.090+0800: 1.894: [ParNew: 5233K->4K(6144K), 0.0002477 secs] 16676K->11446K(19840K), 0.0002840 secs] [Times: user=0.00 sys=0.00, real=0.00 secs] 
Heap after GC invocations=242 (full 31):
 par new generation   total 6144K, used 4K [0x00000000fec00000, 0x00000000ff2a0000, 0x00000000ff2a0000)
  eden space 5504K,   0% used [0x00000000fec00000, 0x00000000fec00000, 0x00000000ff160000)
  from space 640K,   0% used [0x00000000ff200000, 0x00000000ff201020, 0x00000000ff2a0000)
  to   space 640K,   0% used [0x00000000ff160000, 0x00000000ff160000, 0x00000000ff200000)
 concurrent mark-sweep generation total 13696K, used 11442K [0x00000000ff2a0000, 0x0000000100000000, 0x0000000100000000)
 Metaspace       used 5073K, capacity 5258K, committed 5504K, reserved 1056768K
  class space    used 557K, capacity 597K, committed 640K, reserved 1048576K
}
{Heap before GC invocations=242 (full 31):
 par new generation   total 6144K, used 5233K [0x00000000fec00000, 0x00000000ff2a0000, 0x00000000ff2a0000)
  eden space 5504K,  95% used [0x00000000fec00000, 0x00000000ff11b668, 0x00000000ff160000)
  from space 640K,   0% used [0x00000000ff200000, 0x00000000ff201020, 0x00000000ff2a0000)
  to   space 640K,   0% used [0x00000000ff160000, 0x00000000ff160000, 0x00000000ff200000)
 concurrent mark-sweep generation total 13696K, used 11442K [0x00000000ff2a0000, 0x0000000100000000, 0x0000000100000000)
 Metaspace       used 5073K, capacity 5258K, committed 5504K, reserved 1056768K
  class space    used 557K, capacity 597K, committed 640K, reserved 1048576K
2024-07-16T18:26:15.097+0800: 1.901: [GC (Allocation Failure) 2024-07-16T18:26:15.097+0800: 1.901: [ParNew: 5233K->8K(6144K), 0.0004756 secs] 16676K->12474K(19840K), 0.0005176 secs] [Times: user=0.00 sys=0.00, real=0.00 secs] 
Heap after GC invocations=243 (full 31):
 par new generation   total 6144K, used 8K [0x00000000fec00000, 0x00000000ff2a0000, 0x00000000ff2a0000)
  eden space 5504K,   0% used [0x00000000fec00000, 0x00000000fec00000, 0x00000000ff160000)
  from space 640K,   1% used [0x00000000ff160000, 0x00000000ff162040, 0x00000000ff200000)
  to   space 640K,   0% used [0x00000000ff200000, 0x00000000ff200000, 0x00000000ff2a0000)
 concurrent mark-sweep generation total 13696K, used 12466K [0x00000000ff2a0000, 0x0000000100000000, 0x0000000100000000)
 Metaspace       used 5073K, capacity 5258K, committed 5504K, reserved 1056768K
  class space    used 557K, capacity 597K, committed 640K, reserved 1048576K
}
{Heap before GC invocations=243 (full 31):
 par new generation   total 6144K, used 5237K [0x00000000fec00000, 0x00000000ff2a0000, 0x00000000ff2a0000)
  eden space 5504K,  95% used [0x00000000fec00000, 0x00000000ff11b6c8, 0x00000000ff160000)
  from space 640K,   1% used [0x00000000ff160000, 0x00000000ff162040, 0x00000000ff200000)
  to   space 640K,   0% used [0x00000000ff200000, 0x00000000ff200000, 0x00000000ff2a0000)
 concurrent mark-sweep generation total 13696K, used 12466K [0x00000000ff2a0000, 0x0000000100000000, 0x0000000100000000)
 Metaspace       used 5073K, capacity 5258K, committed 5504K, reserved 1056768K
  class space    used 557K, capacity 597K, committed 640K, reserved 1048576K
2024-07-16T18:26:15.103+0800: 1.907: [GC (Allocation Failure) 2024-07-16T18:26:15.103+0800: 1.907: [ParNew: 5237K->5237K(6144K), 0.0000141 secs]2024-07-16T18:26:15.103+0800: 1.907: [CMS2024-07-16T18:26:15.103+0800: 1.907: [CMS-concurrent-abortable-preclean: 0.001/0.080 secs] [Times: user=0.00 sys=0.00, real=0.08 secs] 
 (concurrent mode failure): 12466K->2208K(13696K), 0.0029615 secs] 17704K->2208K(19840K), [Metaspace: 5073K->5073K(1056768K)], 0.0030319 secs] [Times: user=0.00 sys=0.00, real=0.00 secs] 
Heap after GC invocations=244 (full 32):
 par new generation   total 6144K, used 0K [0x00000000fec00000, 0x00000000ff2a0000, 0x00000000ff2a0000)
  eden space 5504K,   0% used [0x00000000fec00000, 0x00000000fec00000, 0x00000000ff160000)
  from space 640K,   0% used [0x00000000ff160000, 0x00000000ff160000, 0x00000000ff200000)
  to   space 640K,   0% used [0x00000000ff200000, 0x00000000ff200000, 0x00000000ff2a0000)
 concurrent mark-sweep generation total 13696K, used 2208K [0x00000000ff2a0000, 0x0000000100000000, 0x0000000100000000)
 Metaspace       used 5073K, capacity 5258K, committed 5504K, reserved 1056768K
  class space    used 557K, capacity 597K, committed 640K, reserved 1048576K
}
{Heap before GC invocations=244 (full 32):
 par new generation   total 6144K, used 5229K [0x00000000fec00000, 0x00000000ff2a0000, 0x00000000ff2a0000)
  eden space 5504K,  95% used [0x00000000fec00000, 0x00000000ff11b708, 0x00000000ff160000)
  from space 640K,   0% used [0x00000000ff160000, 0x00000000ff160000, 0x00000000ff200000)
  to   space 640K,   0% used [0x00000000ff200000, 0x00000000ff200000, 0x00000000ff2a0000)
 concurrent mark-sweep generation total 13696K, used 2208K [0x00000000ff2a0000, 0x0000000100000000, 0x0000000100000000)
 Metaspace       used 5073K, capacity 5258K, committed 5504K, reserved 1056768K
  class space    used 557K, capacity 597K, committed 640K, reserved 1048576K
2024-07-16T18:26:15.114+0800: 1.918: [GC (Allocation Failure) 2024-07-16T18:26:15.114+0800: 1.918: [ParNew: 5229K->10K(6144K), 0.0007217 secs] 7438K->3244K(19840K), 0.0008264 secs] [Times: user=0.00 sys=0.00, real=0.00 secs] 
Heap after GC invocations=245 (full 32):
 par new generation   total 6144K, used 10K [0x00000000fec00000, 0x00000000ff2a0000, 0x00000000ff2a0000)
  eden space 5504K,   0% used [0x00000000fec00000, 0x00000000fec00000, 0x00000000ff160000)
  from space 640K,   1% used [0x00000000ff200000, 0x00000000ff202850, 0x00000000ff2a0000)
  to   space 640K,   0% used [0x00000000ff160000, 0x00000000ff160000, 0x00000000ff200000)
 concurrent mark-sweep generation total 13696K, used 3234K [0x00000000ff2a0000, 0x0000000100000000, 0x0000000100000000)
 Metaspace       used 5073K, capacity 5258K, committed 5504K, reserved 1056768K
  class space    used 557K, capacity 597K, committed 640K, reserved 1048576K
}
{Heap before GC invocations=245 (full 32):
 par new generation   total 6144K, used 5239K [0x00000000fec00000, 0x00000000ff2a0000, 0x00000000ff2a0000)
  eden space 5504K,  95% used [0x00000000fec00000, 0x00000000ff11b730, 0x00000000ff160000)
  from space 640K,   1% used [0x00000000ff200000, 0x00000000ff202850, 0x00000000ff2a0000)
  to   space 640K,   0% used [0x00000000ff160000, 0x00000000ff160000, 0x00000000ff200000)
 concurrent mark-sweep generation total 13696K, used 3234K [0x00000000ff2a0000, 0x0000000100000000, 0x0000000100000000)
 Metaspace       used 5073K, capacity 5258K, committed 5504K, reserved 1056768K
  class space    used 557K, capacity 597K, committed 640K, reserved 1048576K
2024-07-16T18:26:15.122+0800: 1.926: [GC (Allocation Failure) 2024-07-16T18:26:15.122+0800: 1.926: [ParNew: 5239K->10K(6144K), 0.0009838 secs] 8474K->4270K(19840K), 0.0010653 secs] [Times: user=0.00 sys=0.00, real=0.00 secs] 
Heap after GC invocations=246 (full 32):
 par new generation   total 6144K, used 10K [0x00000000fec00000, 0x00000000ff2a0000, 0x00000000ff2a0000)
  eden space 5504K,   0% used [0x00000000fec00000, 0x00000000fec00000, 0x00000000ff160000)
  from space 640K,   1% used [0x00000000ff160000, 0x00000000ff162850, 0x00000000ff200000)
  to   space 640K,   0% used [0x00000000ff200000, 0x00000000ff200000, 0x00000000ff2a0000)
 concurrent mark-sweep generation total 13696K, used 4260K [0x00000000ff2a0000, 0x0000000100000000, 0x0000000100000000)
 Metaspace       used 5073K, capacity 5258K, committed 5504K, reserved 1056768K
  class space    used 557K, capacity 597K, committed 640K, reserved 1048576K
}
{Heap before GC invocations=246 (full 32):
 par new generation   total 6144K, used 5239K [0x00000000fec00000, 0x00000000ff2a0000, 0x00000000ff2a0000)
  eden space 5504K,  95% used [0x00000000fec00000, 0x00000000ff11b750, 0x00000000ff160000)
  from space 640K,   1% used [0x00000000ff160000, 0x00000000ff162850, 0x00000000ff200000)
  to   space 640K,   0% used [0x00000000ff200000, 0x00000000ff200000, 0x00000000ff2a0000)
 concurrent mark-sweep generation total 13696K, used 4260K [0x00000000ff2a0000, 0x0000000100000000, 0x0000000100000000)
 Metaspace       used 5073K, capacity 5258K, committed 5504K, reserved 1056768K
  class space    used 557K, capacity 597K, committed 640K, reserved 1048576K
2024-07-16T18:26:15.132+0800: 1.936: [GC (Allocation Failure) 2024-07-16T18:26:15.132+0800: 1.936: [ParNew: 5239K->8K(6144K), 0.0007984 secs] 9500K->5294K(19840K), 0.0009152 secs] [Times: user=0.00 sys=0.00, real=0.00 secs] 
Heap after GC invocations=247 (full 32):
 par new generation   total 6144K, used 8K [0x00000000fec00000, 0x00000000ff2a0000, 0x00000000ff2a0000)
  eden space 5504K,   0% used [0x00000000fec00000, 0x00000000fec00000, 0x00000000ff160000)
  from space 640K,   1% used [0x00000000ff200000, 0x00000000ff202040, 0x00000000ff2a0000)
  to   space 640K,   0% used [0x00000000ff160000, 0x00000000ff160000, 0x00000000ff200000)
 concurrent mark-sweep generation total 13696K, used 5286K [0x00000000ff2a0000, 0x0000000100000000, 0x0000000100000000)
 Metaspace       used 5073K, capacity 5258K, committed 5504K, reserved 1056768K
  class space    used 557K, capacity 597K, committed 640K, reserved 1048576K
}
{Heap before GC invocations=247 (full 32):
 par new generation   total 6144K, used 5237K [0x00000000fec00000, 0x00000000ff2a0000, 0x00000000ff2a0000)
  eden space 5504K,  95% used [0x00000000fec00000, 0x00000000ff11b760, 0x00000000ff160000)
  from space 640K,   1% used [0x00000000ff200000, 0x00000000ff202040, 0x00000000ff2a0000)
  to   space 640K,   0% used [0x00000000ff160000, 0x00000000ff160000, 0x00000000ff200000)
 concurrent mark-sweep generation total 13696K, used 5286K [0x00000000ff2a0000, 0x0000000100000000, 0x0000000100000000)
 Metaspace       used 5073K, capacity 5258K, committed 5504K, reserved 1056768K
  class space    used 557K, capacity 597K, committed 640K, reserved 1048576K
2024-07-16T18:26:15.139+0800: 1.943: [GC (Allocation Failure) 2024-07-16T18:26:15.139+0800: 1.943: [ParNew: 5237K->10K(6144K), 0.0011674 secs] 10524K->6320K(19840K), 0.0012475 secs] [Times: user=0.00 sys=0.00, real=0.00 secs] 
Heap after GC invocations=248 (full 32):
 par new generation   total 6144K, used 10K [0x00000000fec00000, 0x00000000ff2a0000, 0x00000000ff2a0000)
  eden space 5504K,   0% used [0x00000000fec00000, 0x00000000fec00000, 0x00000000ff160000)
  from space 640K,   1% used [0x00000000ff160000, 0x00000000ff162850, 0x00000000ff200000)
  to   space 640K,   0% used [0x00000000ff200000, 0x00000000ff200000, 0x00000000ff2a0000)
 concurrent mark-sweep generation total 13696K, used 6310K [0x00000000ff2a0000, 0x0000000100000000, 0x0000000100000000)
 Metaspace       used 5073K, capacity 5258K, committed 5504K, reserved 1056768K
  class space    used 557K, capacity 597K, committed 640K, reserved 1048576K
}
{Heap before GC invocations=248 (full 32):
 par new generation   total 6144K, used 5239K [0x00000000fec00000, 0x00000000ff2a0000, 0x00000000ff2a0000)
  eden space 5504K,  95% used [0x00000000fec00000, 0x00000000ff11b768, 0x00000000ff160000)
  from space 640K,   1% used [0x00000000ff160000, 0x00000000ff162850, 0x00000000ff200000)
  to   space 640K,   0% used [0x00000000ff200000, 0x00000000ff200000, 0x00000000ff2a0000)
 concurrent mark-sweep generation total 13696K, used 6310K [0x00000000ff2a0000, 0x0000000100000000, 0x0000000100000000)
 Metaspace       used 5073K, capacity 5258K, committed 5504K, reserved 1056768K
  class space    used 557K, capacity 597K, committed 640K, reserved 1048576K
2024-07-16T18:26:15.148+0800: 1.952: [GC (Allocation Failure) 2024-07-16T18:26:15.148+0800: 1.952: [ParNew: 5239K->4K(6144K), 0.0005068 secs] 11550K->6314K(19840K), 0.0005560 secs] [Times: user=0.00 sys=0.00, real=0.00 secs] 
Heap after GC invocations=249 (full 32):
 par new generation   total 6144K, used 4K [0x00000000fec00000, 0x00000000ff2a0000, 0x00000000ff2a0000)
  eden space 5504K,   0% used [0x00000000fec00000, 0x00000000fec00000, 0x00000000ff160000)
  from space 640K,   0% used [0x00000000ff200000, 0x00000000ff201020, 0x00000000ff2a0000)
  to   space 640K,   0% used [0x00000000ff160000, 0x00000000ff160000, 0x00000000ff200000)
 concurrent mark-sweep generation total 13696K, used 6310K [0x00000000ff2a0000, 0x0000000100000000, 0x0000000100000000)
 Metaspace       used 5073K, capacity 5258K, committed 5504K, reserved 1056768K
  class space    used 557K, capacity 597K, committed 640K, reserved 1048576K
}
{Heap before GC invocations=249 (full 32):
 par new generation   total 6144K, used 5233K [0x00000000fec00000, 0x00000000ff2a0000, 0x00000000ff2a0000)
  eden space 5504K,  95% used [0x00000000fec00000, 0x00000000ff11b770, 0x00000000ff160000)
  from space 640K,   0% used [0x00000000ff200000, 0x00000000ff201020, 0x00000000ff2a0000)
  to   space 640K,   0% used [0x00000000ff160000, 0x00000000ff160000, 0x00000000ff200000)
 concurrent mark-sweep generation total 13696K, used 6310K [0x00000000ff2a0000, 0x0000000100000000, 0x0000000100000000)
 Metaspace       used 5073K, capacity 5258K, committed 5504K, reserved 1056768K
  class space    used 557K, capacity 597K, committed 640K, reserved 1048576K
2024-07-16T18:26:15.155+0800: 1.959: [GC (Allocation Failure) 2024-07-16T18:26:15.155+0800: 1.959: [ParNew: 5233K->10K(6144K), 0.0005980 secs] 11544K->7344K(19840K), 0.0006450 secs] [Times: user=0.00 sys=0.00, real=0.00 secs] 
Heap after GC invocations=250 (full 32):
 par new generation   total 6144K, used 10K [0x00000000fec00000, 0x00000000ff2a0000, 0x00000000ff2a0000)
  eden space 5504K,   0% used [0x00000000fec00000, 0x00000000fec00000, 0x00000000ff160000)
  from space 640K,   1% used [0x00000000ff160000, 0x00000000ff162850, 0x00000000ff200000)
  to   space 640K,   0% used [0x00000000ff200000, 0x00000000ff200000, 0x00000000ff2a0000)
 concurrent mark-sweep generation total 13696K, used 7334K [0x00000000ff2a0000, 0x0000000100000000, 0x0000000100000000)
 Metaspace       used 5073K, capacity 5258K, committed 5504K, reserved 1056768K
  class space    used 557K, capacity 597K, committed 640K, reserved 1048576K
}
{Heap before GC invocations=250 (full 32):
 par new generation   total 6144K, used 5239K [0x00000000fec00000, 0x00000000ff2a0000, 0x00000000ff2a0000)
  eden space 5504K,  95% used [0x00000000fec00000, 0x00000000ff11b778, 0x00000000ff160000)
  from space 640K,   1% used [0x00000000ff160000, 0x00000000ff162850, 0x00000000ff200000)
  to   space 640K,   0% used [0x00000000ff200000, 0x00000000ff200000, 0x00000000ff2a0000)
 concurrent mark-sweep generation total 13696K, used 7334K [0x00000000ff2a0000, 0x0000000100000000, 0x0000000100000000)
 Metaspace       used 5073K, capacity 5258K, committed 5504K, reserved 1056768K
  class space    used 557K, capacity 597K, committed 640K, reserved 1048576K
2024-07-16T18:26:15.163+0800: 1.967: [GC (Allocation Failure) 2024-07-16T18:26:15.163+0800: 1.967: [ParNew: 5239K->8K(6144K), 0.0013610 secs] 12574K->8368K(19840K), 0.0014585 secs] [Times: user=0.00 sys=0.00, real=0.00 secs] 
Heap after GC invocations=251 (full 32):
 par new generation   total 6144K, used 8K [0x00000000fec00000, 0x00000000ff2a0000, 0x00000000ff2a0000)
  eden space 5504K,   0% used [0x00000000fec00000, 0x00000000fec00000, 0x00000000ff160000)
  from space 640K,   1% used [0x00000000ff200000, 0x00000000ff202040, 0x00000000ff2a0000)
  to   space 640K,   0% used [0x00000000ff160000, 0x00000000ff160000, 0x00000000ff200000)
 concurrent mark-sweep generation total 13696K, used 8360K [0x00000000ff2a0000, 0x0000000100000000, 0x0000000100000000)
 Metaspace       used 5073K, capacity 5258K, committed 5504K, reserved 1056768K
  class space    used 557K, capacity 597K, committed 640K, reserved 1048576K
}
2024-07-16T18:26:15.165+0800: 1.969: [GC (CMS Initial Mark) [1 CMS-initial-mark: 8360K(13696K)] 9394K(19840K), 0.0008731 secs] [Times: user=0.00 sys=0.00, real=0.00 secs] 
2024-07-16T18:26:15.165+0800: 1.970: [CMS-concurrent-mark-start]
2024-07-16T18:26:15.168+0800: 1.972: [CMS-concurrent-mark: 0.003/0.003 secs] [Times: user=0.00 sys=0.00, real=0.00 secs] 
2024-07-16T18:26:15.168+0800: 1.972: [CMS-concurrent-preclean-start]
2024-07-16T18:26:15.168+0800: 1.972: [CMS-concurrent-preclean: 0.000/0.000 secs] [Times: user=0.00 sys=0.00, real=0.00 secs] 
2024-07-16T18:26:15.168+0800: 1.972: [CMS-concurrent-abortable-preclean-start]
{Heap before GC invocations=251 (full 33):
 par new generation   total 6144K, used 5237K [0x00000000fec00000, 0x00000000ff2a0000, 0x00000000ff2a0000)
  eden space 5504K,  95% used [0x00000000fec00000, 0x00000000ff11b778, 0x00000000ff160000)
  from space 640K,   1% used [0x00000000ff200000, 0x00000000ff202040, 0x00000000ff2a0000)
  to   space 640K,   0% used [0x00000000ff160000, 0x00000000ff160000, 0x00000000ff200000)
 concurrent mark-sweep generation total 13696K, used 8360K [0x00000000ff2a0000, 0x0000000100000000, 0x0000000100000000)
 Metaspace       used 5073K, capacity 5258K, committed 5504K, reserved 1056768K
  class space    used 557K, capacity 597K, committed 640K, reserved 1048576K
2024-07-16T18:26:15.173+0800: 1.977: [GC (Allocation Failure) 2024-07-16T18:26:15.173+0800: 1.977: [ParNew: 5237K->8K(6144K), 0.0007589 secs] 13598K->9394K(19840K), 0.0008312 secs] [Times: user=0.00 sys=0.00, real=0.00 secs] 
Heap after GC invocations=252 (full 33):
 par new generation   total 6144K, used 8K [0x00000000fec00000, 0x00000000ff2a0000, 0x00000000ff2a0000)
  eden space 5504K,   0% used [0x00000000fec00000, 0x00000000fec00000, 0x00000000ff160000)
  from space 640K,   1% used [0x00000000ff160000, 0x00000000ff162040, 0x00000000ff200000)
  to   space 640K,   0% used [0x00000000ff200000, 0x00000000ff200000, 0x00000000ff2a0000)
 concurrent mark-sweep generation total 13696K, used 9386K [0x00000000ff2a0000, 0x0000000100000000, 0x0000000100000000)
 Metaspace       used 5073K, capacity 5258K, committed 5504K, reserved 1056768K
  class space    used 557K, capacity 597K, committed 640K, reserved 1048576K
}
{Heap before GC invocations=252 (full 33):
 par new generation   total 6144K, used 5237K [0x00000000fec00000, 0x00000000ff2a0000, 0x00000000ff2a0000)
  eden space 5504K,  95% used [0x00000000fec00000, 0x00000000ff11b778, 0x00000000ff160000)
  from space 640K,   1% used [0x00000000ff160000, 0x00000000ff162040, 0x00000000ff200000)
  to   space 640K,   0% used [0x00000000ff200000, 0x00000000ff200000, 0x00000000ff2a0000)
 concurrent mark-sweep generation total 13696K, used 9386K [0x00000000ff2a0000, 0x0000000100000000, 0x0000000100000000)
 Metaspace       used 5073K, capacity 5258K, committed 5504K, reserved 1056768K
  class space    used 557K, capacity 597K, committed 640K, reserved 1048576K
2024-07-16T18:26:15.181+0800: 1.985: [GC (Allocation Failure) 2024-07-16T18:26:15.181+0800: 1.985: [ParNew: 5237K->10K(6144K), 0.0008553 secs] 14624K->10422K(19840K), 0.0009472 secs] [Times: user=0.00 sys=0.00, real=0.00 secs] 
Heap after GC invocations=253 (full 33):
 par new generation   total 6144K, used 10K [0x00000000fec00000, 0x00000000ff2a0000, 0x00000000ff2a0000)
  eden space 5504K,   0% used [0x00000000fec00000, 0x00000000fec00000, 0x00000000ff160000)
  from space 640K,   1% used [0x00000000ff200000, 0x00000000ff202850, 0x00000000ff2a0000)
  to   space 640K,   0% used [0x00000000ff160000, 0x00000000ff160000, 0x00000000ff200000)
 concurrent mark-sweep generation total 13696K, used 10412K [0x00000000ff2a0000, 0x0000000100000000, 0x0000000100000000)
 Metaspace       used 5073K, capacity 5258K, committed 5504K, reserved 1056768K
  class space    used 557K, capacity 597K, committed 640K, reserved 1048576K
}
{Heap before GC invocations=253 (full 33):
 par new generation   total 6144K, used 5239K [0x00000000fec00000, 0x00000000ff2a0000, 0x00000000ff2a0000)
  eden space 5504K,  95% used [0x00000000fec00000, 0x00000000ff11b778, 0x00000000ff160000)
  from space 640K,   1% used [0x00000000ff200000, 0x00000000ff202850, 0x00000000ff2a0000)
  to   space 640K,   0% used [0x00000000ff160000, 0x00000000ff160000, 0x00000000ff200000)
 concurrent mark-sweep generation total 13696K, used 10412K [0x00000000ff2a0000, 0x0000000100000000, 0x0000000100000000)
 Metaspace       used 5073K, capacity 5258K, committed 5504K, reserved 1056768K
  class space    used 557K, capacity 597K, committed 640K, reserved 1048576K
2024-07-16T18:26:15.188+0800: 1.992: [GC (Allocation Failure) 2024-07-16T18:26:15.188+0800: 1.992: [ParNew: 5239K->6K(6144K), 0.0010871 secs] 15652K->11442K(19840K), 0.0011441 secs] [Times: user=0.00 sys=0.00, real=0.00 secs] 
Heap after GC invocations=254 (full 33):
 par new generation   total 6144K, used 6K [0x00000000fec00000, 0x00000000ff2a0000, 0x00000000ff2a0000)
  eden space 5504K,   0% used [0x00000000fec00000, 0x00000000fec00000, 0x00000000ff160000)
  from space 640K,   0% used [0x00000000ff160000, 0x00000000ff161830, 0x00000000ff200000)
  to   space 640K,   0% used [0x00000000ff200000, 0x00000000ff200000, 0x00000000ff2a0000)
 concurrent mark-sweep generation total 13696K, used 11436K [0x00000000ff2a0000, 0x0000000100000000, 0x0000000100000000)
 Metaspace       used 5073K, capacity 5258K, committed 5504K, reserved 1056768K
  class space    used 557K, capacity 597K, committed 640K, reserved 1048576K
}
{Heap before GC invocations=254 (full 33):
 par new generation   total 6144K, used 5235K [0x00000000fec00000, 0x00000000ff2a0000, 0x00000000ff2a0000)
  eden space 5504K,  95% used [0x00000000fec00000, 0x00000000ff11b778, 0x00000000ff160000)
  from space 640K,   0% used [0x00000000ff160000, 0x00000000ff161830, 0x00000000ff200000)
  to   space 640K,   0% used [0x00000000ff200000, 0x00000000ff200000, 0x00000000ff2a0000)
 concurrent mark-sweep generation total 13696K, used 11436K [0x00000000ff2a0000, 0x0000000100000000, 0x0000000100000000)
 Metaspace       used 5073K, capacity 5258K, committed 5504K, reserved 1056768K
  class space    used 557K, capacity 597K, committed 640K, reserved 1048576K
2024-07-16T18:26:15.197+0800: 2.001: [GC (Allocation Failure) 2024-07-16T18:26:15.197+0800: 2.001: [ParNew: 5235K->6K(6144K), 0.0008014 secs] 16672K->12466K(19840K), 0.0008559 secs] [Times: user=0.00 sys=0.00, real=0.00 secs] 
Heap after GC invocations=255 (full 33):
 par new generation   total 6144K, used 6K [0x00000000fec00000, 0x00000000ff2a0000, 0x00000000ff2a0000)
  eden space 5504K,   0% used [0x00000000fec00000, 0x00000000fec00000, 0x00000000ff160000)
  from space 640K,   0% used [0x00000000ff200000, 0x00000000ff201830, 0x00000000ff2a0000)
  to   space 640K,   0% used [0x00000000ff160000, 0x00000000ff160000, 0x00000000ff200000)
 concurrent mark-sweep generation total 13696K, used 12460K [0x00000000ff2a0000, 0x0000000100000000, 0x0000000100000000)
 Metaspace       used 5073K, capacity 5258K, committed 5504K, reserved 1056768K
  class space    used 557K, capacity 597K, committed 640K, reserved 1048576K
}
{Heap before GC invocations=255 (full 33):
 par new generation   total 6144K, used 5235K [0x00000000fec00000, 0x00000000ff2a0000, 0x00000000ff2a0000)
  eden space 5504K,  95% used [0x00000000fec00000, 0x00000000ff11b778, 0x00000000ff160000)
  from space 640K,   0% used [0x00000000ff200000, 0x00000000ff201830, 0x00000000ff2a0000)
  to   space 640K,   0% used [0x00000000ff160000, 0x00000000ff160000, 0x00000000ff200000)
 concurrent mark-sweep generation total 13696K, used 12460K [0x00000000ff2a0000, 0x0000000100000000, 0x0000000100000000)
 Metaspace       used 5073K, capacity 5258K, committed 5504K, reserved 1056768K
  class space    used 557K, capacity 597K, committed 640K, reserved 1048576K
2024-07-16T18:26:15.205+0800: 2.009: [GC (Allocation Failure) 2024-07-16T18:26:15.205+0800: 2.009: [ParNew: 5235K->8K(6144K), 0.0013201 secs] 17696K->13494K(19840K), 0.0014158 secs] [Times: user=0.16 sys=0.00, real=0.00 secs] 
Heap after GC invocations=256 (full 33):
 par new generation   total 6144K, used 8K [0x00000000fec00000, 0x00000000ff2a0000, 0x00000000ff2a0000)
  eden space 5504K,   0% used [0x00000000fec00000, 0x00000000fec00000, 0x00000000ff160000)
  from space 640K,   1% used [0x00000000ff160000, 0x00000000ff162040, 0x00000000ff200000)
  to   space 640K,   0% used [0x00000000ff200000, 0x00000000ff200000, 0x00000000ff2a0000)
 concurrent mark-sweep generation total 13696K, used 13486K [0x00000000ff2a0000, 0x0000000100000000, 0x0000000100000000)
 Metaspace       used 5073K, capacity 5258K, committed 5504K, reserved 1056768K
  class space    used 557K, capacity 597K, committed 640K, reserved 1048576K
}
2024-07-16T18:26:15.206+0800: 2.010: [CMS-concurrent-abortable-preclean: 0.000/0.038 secs] [Times: user=0.17 sys=0.02, real=0.04 secs] 
2024-07-16T18:26:15.207+0800: 2.011: [GC (CMS Final Remark) [YG occupancy: 1034 K (6144 K)]{Heap before GC invocations=256 (full 33):
 par new generation   total 6144K, used 1034K [0x00000000fec00000, 0x00000000ff2a0000, 0x00000000ff2a0000)
  eden space 5504K,  18% used [0x00000000fec00000, 0x00000000fed00820, 0x00000000ff160000)
  from space 640K,   1% used [0x00000000ff160000, 0x00000000ff162040, 0x00000000ff200000)
  to   space 640K,   0% used [0x00000000ff200000, 0x00000000ff200000, 0x00000000ff2a0000)
 concurrent mark-sweep generation total 13696K, used 13486K [0x00000000ff2a0000, 0x0000000100000000, 0x0000000100000000)
 Metaspace       used 5073K, capacity 5258K, committed 5504K, reserved 1056768K
  class space    used 557K, capacity 597K, committed 640K, reserved 1048576K
2024-07-16T18:26:15.207+0800: 2.011: [GC (CMS Final Remark) 2024-07-16T18:26:15.207+0800: 2.011: [ParNew: 1034K->1034K(6144K), 0.0000383 secs] 14520K->14520K(19840K), 0.0001012 secs] [Times: user=0.00 sys=0.00, real=0.00 secs] 
Heap after GC invocations=257 (full 33):
 par new generation   total 6144K, used 1034K [0x00000000fec00000, 0x00000000ff2a0000, 0x00000000ff2a0000)
  eden space 5504K,  18% used [0x00000000fec00000, 0x00000000fed00820, 0x00000000ff160000)
  from space 640K,   1% used [0x00000000ff160000, 0x00000000ff162040, 0x00000000ff200000)
  to   space 640K,   0% used [0x00000000ff200000, 0x00000000ff200000, 0x00000000ff2a0000)
 concurrent mark-sweep generation total 13696K, used 13486K [0x00000000ff2a0000, 0x0000000100000000, 0x0000000100000000)
 Metaspace       used 5073K, capacity 5258K, committed 5504K, reserved 1056768K
  class space    used 557K, capacity 597K, committed 640K, reserved 1048576K
}
2024-07-16T18:26:15.207+0800: 2.011: [Rescan (parallel) , 0.0007430 secs]2024-07-16T18:26:15.208+0800: 2.012: [weak refs processing, 0.0000632 secs]2024-07-16T18:26:15.208+0800: 2.012: [class unloading, 0.0004629 secs]2024-07-16T18:26:15.208+0800: 2.012: [scrub symbol table, 0.0004751 secs]2024-07-16T18:26:15.209+0800: 2.013: [scrub string table, 0.0001444 secs][1 CMS-remark: 13486K(13696K)] 14520K(19840K), 0.0023344 secs] [Times: user=0.00 sys=0.00, real=0.00 secs] 
2024-07-16T18:26:15.209+0800: 2.013: [CMS-concurrent-sweep-start]
2024-07-16T18:26:15.209+0800: 2.014: [CMS-concurrent-sweep: 0.000/0.000 secs] [Times: user=0.00 sys=0.00, real=0.00 secs] 
2024-07-16T18:26:15.209+0800: 2.014: [CMS-concurrent-reset-start]
2024-07-16T18:26:15.209+0800: 2.014: [CMS-concurrent-reset: 0.000/0.000 secs] [Times: user=0.00 sys=0.00, real=0.00 secs] 
{Heap before GC invocations=257 (full 33):
 par new generation   total 6144K, used 5239K [0x00000000fec00000, 0x00000000ff2a0000, 0x00000000ff2a0000)
  eden space 5504K,  95% used [0x00000000fec00000, 0x00000000ff11bf88, 0x00000000ff160000)
  from space 640K,   1% used [0x00000000ff160000, 0x00000000ff162040, 0x00000000ff200000)
  to   space 640K,   0% used [0x00000000ff200000, 0x00000000ff200000, 0x00000000ff2a0000)
 concurrent mark-sweep generation total 13696K, used 6318K [0x00000000ff2a0000, 0x0000000100000000, 0x0000000100000000)
 Metaspace       used 5073K, capacity 5258K, committed 5504K, reserved 1056768K
  class space    used 557K, capacity 597K, committed 640K, reserved 1048576K
2024-07-16T18:26:15.216+0800: 2.020: [GC (Allocation Failure) 2024-07-16T18:26:15.216+0800: 2.020: [ParNew: 5239K->6K(6144K), 0.0010193 secs] 11558K->7348K(19840K), 0.0010671 secs] [Times: user=0.00 sys=0.00, real=0.00 secs] 
Heap after GC invocations=258 (full 33):
 par new generation   total 6144K, used 6K [0x00000000fec00000, 0x00000000ff2a0000, 0x00000000ff2a0000)
  eden space 5504K,   0% used [0x00000000fec00000, 0x00000000fec00000, 0x00000000ff160000)
  from space 640K,   0% used [0x00000000ff200000, 0x00000000ff201830, 0x00000000ff2a0000)
  to   space 640K,   0% used [0x00000000ff160000, 0x00000000ff160000, 0x00000000ff200000)
 concurrent mark-sweep generation total 13696K, used 7342K [0x00000000ff2a0000, 0x0000000100000000, 0x0000000100000000)
 Metaspace       used 5073K, capacity 5258K, committed 5504K, reserved 1056768K
  class space    used 557K, capacity 597K, committed 640K, reserved 1048576K
}
2024-07-16T18:26:15.217+0800: 2.021: [GC (CMS Initial Mark) [1 CMS-initial-mark: 7342K(13696K)] 8374K(19840K), 0.0003076 secs] [Times: user=0.00 sys=0.00, real=0.00 secs] 
2024-07-16T18:26:15.217+0800: 2.021: [CMS-concurrent-mark-start]
2024-07-16T18:26:15.220+0800: 2.024: [CMS-concurrent-mark: 0.003/0.003 secs] [Times: user=0.00 sys=0.00, real=0.00 secs] 
2024-07-16T18:26:15.220+0800: 2.024: [CMS-concurrent-preclean-start]
2024-07-16T18:26:15.220+0800: 2.024: [CMS-concurrent-preclean: 0.000/0.000 secs] [Times: user=0.00 sys=0.00, real=0.00 secs] 
2024-07-16T18:26:15.220+0800: 2.024: [CMS-concurrent-abortable-preclean-start]
{Heap before GC invocations=258 (full 34):
 par new generation   total 6144K, used 5228K [0x00000000fec00000, 0x00000000ff2a0000, 0x00000000ff2a0000)
  eden space 5504K,  94% used [0x00000000fec00000, 0x00000000ff119940, 0x00000000ff160000)
  from space 640K,   0% used [0x00000000ff200000, 0x00000000ff201830, 0x00000000ff2a0000)
  to   space 640K,   0% used [0x00000000ff160000, 0x00000000ff160000, 0x00000000ff200000)
 concurrent mark-sweep generation total 13696K, used 7342K [0x00000000ff2a0000, 0x0000000100000000, 0x0000000100000000)
 Metaspace       used 5073K, capacity 5258K, committed 5504K, reserved 1056768K
  class space    used 557K, capacity 597K, committed 640K, reserved 1048576K
2024-07-16T18:26:15.225+0800: 2.029: [GC (Allocation Failure) 2024-07-16T18:26:15.225+0800: 2.029: [ParNew: 5228K->4K(6144K), 0.0007392 secs] 12570K->7346K(19840K), 0.0008313 secs] [Times: user=0.00 sys=0.00, real=0.00 secs] 
Heap after GC invocations=259 (full 34):
 par new generation   total 6144K, used 4K [0x00000000fec00000, 0x00000000ff2a0000, 0x00000000ff2a0000)
  eden space 5504K,   0% used [0x00000000fec00000, 0x00000000fec00000, 0x00000000ff160000)
  from space 640K,   0% used [0x00000000ff160000, 0x00000000ff161020, 0x00000000ff200000)
  to   space 640K,   0% used [0x00000000ff200000, 0x00000000ff200000, 0x00000000ff2a0000)
 concurrent mark-sweep generation total 13696K, used 7342K [0x00000000ff2a0000, 0x0000000100000000, 0x0000000100000000)
 Metaspace       used 5073K, capacity 5258K, committed 5504K, reserved 1056768K
  class space    used 557K, capacity 597K, committed 640K, reserved 1048576K
}
{Heap before GC invocations=259 (full 34):
 par new generation   total 6144K, used 5229K [0x00000000fec00000, 0x00000000ff2a0000, 0x00000000ff2a0000)
  eden space 5504K,  94% used [0x00000000fec00000, 0x00000000ff11a410, 0x00000000ff160000)
  from space 640K,   0% used [0x00000000ff160000, 0x00000000ff161020, 0x00000000ff200000)
  to   space 640K,   0% used [0x00000000ff200000, 0x00000000ff200000, 0x00000000ff2a0000)
 concurrent mark-sweep generation total 13696K, used 7342K [0x00000000ff2a0000, 0x0000000100000000, 0x0000000100000000)
 Metaspace       used 5073K, capacity 5258K, committed 5504K, reserved 1056768K
  class space    used 557K, capacity 597K, committed 640K, reserved 1048576K
2024-07-16T18:26:15.234+0800: 2.038: [GC (Allocation Failure) 2024-07-16T18:26:15.234+0800: 2.038: [ParNew: 5229K->13K(6144K), 0.0012416 secs] 12571K->9403K(19840K), 0.0013342 secs] [Times: user=0.00 sys=0.00, real=0.00 secs] 
Heap after GC invocations=260 (full 34):
 par new generation   total 6144K, used 13K [0x00000000fec00000, 0x00000000ff2a0000, 0x00000000ff2a0000)
  eden space 5504K,   0% used [0x00000000fec00000, 0x00000000fec00000, 0x00000000ff160000)
  from space 640K,   2% used [0x00000000ff200000, 0x00000000ff203530, 0x00000000ff2a0000)
  to   space 640K,   0% used [0x00000000ff160000, 0x00000000ff160000, 0x00000000ff200000)
 concurrent mark-sweep generation total 13696K, used 9390K [0x00000000ff2a0000, 0x0000000100000000, 0x0000000100000000)
 Metaspace       used 5073K, capacity 5258K, committed 5504K, reserved 1056768K
  class space    used 557K, capacity 597K, committed 640K, reserved 1048576K
}
{Heap before GC invocations=260 (full 34):
 par new generation   total 6144K, used 5240K [0x00000000fec00000, 0x00000000ff2a0000, 0x00000000ff2a0000)
  eden space 5504K,  94% used [0x00000000fec00000, 0x00000000ff11ab00, 0x00000000ff160000)
  from space 640K,   2% used [0x00000000ff200000, 0x00000000ff203530, 0x00000000ff2a0000)
  to   space 640K,   0% used [0x00000000ff160000, 0x00000000ff160000, 0x00000000ff200000)
 concurrent mark-sweep generation total 13696K, used 9390K [0x00000000ff2a0000, 0x0000000100000000, 0x0000000100000000)
 Metaspace       used 5073K, capacity 5258K, committed 5504K, reserved 1056768K
  class space    used 557K, capacity 597K, committed 640K, reserved 1048576K
2024-07-16T18:26:15.243+0800: 2.047: [GC (Allocation Failure) 2024-07-16T18:26:15.243+0800: 2.047: [ParNew: 5240K->9K(6144K), 0.0010702 secs] 14630K->9399K(19840K), 0.0011862 secs] [Times: user=0.00 sys=0.00, real=0.00 secs] 
Heap after GC invocations=261 (full 34):
 par new generation   total 6144K, used 9K [0x00000000fec00000, 0x00000000ff2a0000, 0x00000000ff2a0000)
  eden space 5504K,   0% used [0x00000000fec00000, 0x00000000fec00000, 0x00000000ff160000)
  from space 640K,   1% used [0x00000000ff160000, 0x00000000ff162510, 0x00000000ff200000)
  to   space 640K,   0% used [0x00000000ff200000, 0x00000000ff200000, 0x00000000ff2a0000)
 concurrent mark-sweep generation total 13696K, used 9390K [0x00000000ff2a0000, 0x0000000100000000, 0x0000000100000000)
 Metaspace       used 5073K, capacity 5258K, committed 5504K, reserved 1056768K
  class space    used 557K, capacity 597K, committed 640K, reserved 1048576K
}
{Heap before GC invocations=261 (full 34):
 par new generation   total 6144K, used 5237K [0x00000000fec00000, 0x00000000ff2a0000, 0x00000000ff2a0000)
  eden space 5504K,  94% used [0x00000000fec00000, 0x00000000ff11afa8, 0x00000000ff160000)
  from space 640K,   1% used [0x00000000ff160000, 0x00000000ff162510, 0x00000000ff200000)
  to   space 640K,   0% used [0x00000000ff200000, 0x00000000ff200000, 0x00000000ff2a0000)
 concurrent mark-sweep generation total 13696K, used 9390K [0x00000000ff2a0000, 0x0000000100000000, 0x0000000100000000)
 Metaspace       used 5073K, capacity 5258K, committed 5504K, reserved 1056768K
  class space    used 557K, capacity 597K, committed 640K, reserved 1048576K
2024-07-16T18:26:15.251+0800: 2.055: [GC (Allocation Failure) 2024-07-16T18:26:15.251+0800: 2.055: [ParNew: 5237K->11K(6144K), 0.0011827 secs] 14627K->9401K(19840K), 0.0014263 secs] [Times: user=0.16 sys=0.00, real=0.00 secs] 
Heap after GC invocations=262 (full 34):
 par new generation   total 6144K, used 11K [0x00000000fec00000, 0x00000000ff2a0000, 0x00000000ff2a0000)
  eden space 5504K,   0% used [0x00000000fec00000, 0x00000000fec00000, 0x00000000ff160000)
  from space 640K,   1% used [0x00000000ff200000, 0x00000000ff202d20, 0x00000000ff2a0000)
  to   space 640K,   0% used [0x00000000ff160000, 0x00000000ff160000, 0x00000000ff200000)
 concurrent mark-sweep generation total 13696K, used 9390K [0x00000000ff2a0000, 0x0000000100000000, 0x0000000100000000)
 Metaspace       used 5073K, capacity 5258K, committed 5504K, reserved 1056768K
  class space    used 557K, capacity 597K, committed 640K, reserved 1048576K
}
{Heap before GC invocations=262 (full 34):
 par new generation   total 6144K, used 5239K [0x00000000fec00000, 0x00000000ff2a0000, 0x00000000ff2a0000)
  eden space 5504K,  94% used [0x00000000fec00000, 0x00000000ff11b278, 0x00000000ff160000)
  from space 640K,   1% used [0x00000000ff200000, 0x00000000ff202d20, 0x00000000ff2a0000)
  to   space 640K,   0% used [0x00000000ff160000, 0x00000000ff160000, 0x00000000ff200000)
 concurrent mark-sweep generation total 13696K, used 9390K [0x00000000ff2a0000, 0x0000000100000000, 0x0000000100000000)
 Metaspace       used 5073K, capacity 5258K, committed 5504K, reserved 1056768K
  class space    used 557K, capacity 597K, committed 640K, reserved 1048576K
2024-07-16T18:26:15.260+0800: 2.064: [GC (Allocation Failure) 2024-07-16T18:26:15.260+0800: 2.064: [ParNew: 5239K->11K(6144K), 0.0011685 secs] 14630K->9401K(19840K), 0.0012842 secs] [Times: user=0.00 sys=0.00, real=0.00 secs] 
Heap after GC invocations=263 (full 34):
 par new generation   total 6144K, used 11K [0x00000000fec00000, 0x00000000ff2a0000, 0x00000000ff2a0000)
  eden space 5504K,   0% used [0x00000000fec00000, 0x00000000fec00000, 0x00000000ff160000)
  from space 640K,   1% used [0x00000000ff160000, 0x00000000ff162d20, 0x00000000ff200000)
  to   space 640K,   0% used [0x00000000ff200000, 0x00000000ff200000, 0x00000000ff2a0000)
 concurrent mark-sweep generation total 13696K, used 9390K [0x00000000ff2a0000, 0x0000000100000000, 0x0000000100000000)
 Metaspace       used 5073K, capacity 5258K, committed 5504K, reserved 1056768K
  class space    used 557K, capacity 597K, committed 640K, reserved 1048576K
}
{Heap before GC invocations=263 (full 34):
 par new generation   total 6144K, used 5240K [0x00000000fec00000, 0x00000000ff2a0000, 0x00000000ff2a0000)
  eden space 5504K,  95% used [0x00000000fec00000, 0x00000000ff11b440, 0x00000000ff160000)
  from space 640K,   1% used [0x00000000ff160000, 0x00000000ff162d20, 0x00000000ff200000)
  to   space 640K,   0% used [0x00000000ff200000, 0x00000000ff200000, 0x00000000ff2a0000)
 concurrent mark-sweep generation total 13696K, used 9390K [0x00000000ff2a0000, 0x0000000100000000, 0x0000000100000000)
 Metaspace       used 5073K, capacity 5258K, committed 5504K, reserved 1056768K
  class space    used 557K, capacity 597K, committed 640K, reserved 1048576K
2024-07-16T18:26:15.269+0800: 2.073: [GC (Allocation Failure) 2024-07-16T18:26:15.269+0800: 2.073: [ParNew: 5240K->11K(6144K), 0.0012811 secs] 14630K->9401K(19840K), 0.0013789 secs] [Times: user=0.00 sys=0.00, real=0.00 secs] 
Heap after GC invocations=264 (full 34):
 par new generation   total 6144K, used 11K [0x00000000fec00000, 0x00000000ff2a0000, 0x00000000ff2a0000)
  eden space 5504K,   0% used [0x00000000fec00000, 0x00000000fec00000, 0x00000000ff160000)
  from space 640K,   1% used [0x00000000ff200000, 0x00000000ff202d20, 0x00000000ff2a0000)
  to   space 640K,   0% used [0x00000000ff160000, 0x00000000ff160000, 0x00000000ff200000)
 concurrent mark-sweep generation total 13696K, used 9390K [0x00000000ff2a0000, 0x0000000100000000, 0x0000000100000000)
 Metaspace       used 5073K, capacity 5258K, committed 5504K, reserved 1056768K
  class space    used 557K, capacity 597K, committed 640K, reserved 1048576K
}
{Heap before GC invocations=264 (full 34):
 par new generation   total 6144K, used 5240K [0x00000000fec00000, 0x00000000ff2a0000, 0x00000000ff2a0000)
  eden space 5504K,  95% used [0x00000000fec00000, 0x00000000ff11b568, 0x00000000ff160000)
  from space 640K,   1% used [0x00000000ff200000, 0x00000000ff202d20, 0x00000000ff2a0000)
  to   space 640K,   0% used [0x00000000ff160000, 0x00000000ff160000, 0x00000000ff200000)
 concurrent mark-sweep generation total 13696K, used 9390K [0x00000000ff2a0000, 0x0000000100000000, 0x0000000100000000)
 Metaspace       used 5073K, capacity 5258K, committed 5504K, reserved 1056768K
  class space    used 557K, capacity 597K, committed 640K, reserved 1048576K
2024-07-16T18:26:15.278+0800: 2.082: [GC (Allocation Failure) 2024-07-16T18:26:15.278+0800: 2.082: [ParNew: 5240K->17K(6144K), 0.0015271 secs] 14631K->10433K(19840K), 0.0018189 secs] [Times: user=0.00 sys=0.00, real=0.00 secs] 
Heap after GC invocations=265 (full 34):
 par new generation   total 6144K, used 17K [0x00000000fec00000, 0x00000000ff2a0000, 0x00000000ff2a0000)
  eden space 5504K,   0% used [0x00000000fec00000, 0x00000000fec00000, 0x00000000ff160000)
  from space 640K,   2% used [0x00000000ff160000, 0x00000000ff164550, 0x00000000ff200000)
  to   space 640K,   0% used [0x00000000ff200000, 0x00000000ff200000, 0x00000000ff2a0000)
 concurrent mark-sweep generation total 13696K, used 10416K [0x00000000ff2a0000, 0x0000000100000000, 0x0000000100000000)
 Metaspace       used 5073K, capacity 5258K, committed 5504K, reserved 1056768K
  class space    used 557K, capacity 597K, committed 640K, reserved 1048576K
}
{Heap before GC invocations=265 (full 34):
 par new generation   total 6144K, used 5246K [0x00000000fec00000, 0x00000000ff2a0000, 0x00000000ff2a0000)
  eden space 5504K,  95% used [0x00000000fec00000, 0x00000000ff11b628, 0x00000000ff160000)
  from space 640K,   2% used [0x00000000ff160000, 0x00000000ff164550, 0x00000000ff200000)
  to   space 640K,   0% used [0x00000000ff200000, 0x00000000ff200000, 0x00000000ff2a0000)
 concurrent mark-sweep generation total 13696K, used 10416K [0x00000000ff2a0000, 0x0000000100000000, 0x0000000100000000)
 Metaspace       used 5073K, capacity 5258K, committed 5504K, reserved 1056768K
  class space    used 557K, capacity 597K, committed 640K, reserved 1048576K
2024-07-16T18:26:15.289+0800: 2.093: [GC (Allocation Failure) 2024-07-16T18:26:15.289+0800: 2.093: [ParNew: 5246K->4K(6144K), 0.0011600 secs] 15663K->10427K(19840K), 0.0012857 secs] [Times: user=0.00 sys=0.00, real=0.00 secs] 
Heap after GC invocations=266 (full 34):
 par new generation   total 6144K, used 4K [0x00000000fec00000, 0x00000000ff2a0000, 0x00000000ff2a0000)
  eden space 5504K,   0% used [0x00000000fec00000, 0x00000000fec00000, 0x00000000ff160000)
  from space 640K,   0% used [0x00000000ff200000, 0x00000000ff201020, 0x00000000ff2a0000)
  to   space 640K,   0% used [0x00000000ff160000, 0x00000000ff160000, 0x00000000ff200000)
 concurrent mark-sweep generation total 13696K, used 10423K [0x00000000ff2a0000, 0x0000000100000000, 0x0000000100000000)
 Metaspace       used 5073K, capacity 5258K, committed 5504K, reserved 1056768K
  class space    used 557K, capacity 597K, committed 640K, reserved 1048576K
}
{Heap before GC invocations=266 (full 34):
 par new generation   total 6144K, used 5233K [0x00000000fec00000, 0x00000000ff2a0000, 0x00000000ff2a0000)
  eden space 5504K,  95% used [0x00000000fec00000, 0x00000000ff11b6a0, 0x00000000ff160000)
  from space 640K,   0% used [0x00000000ff200000, 0x00000000ff201020, 0x00000000ff2a0000)
  to   space 640K,   0% used [0x00000000ff160000, 0x00000000ff160000, 0x00000000ff200000)
 concurrent mark-sweep generation total 13696K, used 10423K [0x00000000ff2a0000, 0x0000000100000000, 0x0000000100000000)
 Metaspace       used 5073K, capacity 5258K, committed 5504K, reserved 1056768K
  class space    used 557K, capacity 597K, committed 640K, reserved 1048576K
2024-07-16T18:26:15.297+0800: 2.101: [GC (Allocation Failure) 2024-07-16T18:26:15.297+0800: 2.101: [ParNew: 5233K->8K(6144K), 0.0011957 secs] 15657K->11455K(19840K), 0.0013050 secs] [Times: user=0.00 sys=0.00, real=0.00 secs] 
Heap after GC invocations=267 (full 34):
 par new generation   total 6144K, used 8K [0x00000000fec00000, 0x00000000ff2a0000, 0x00000000ff2a0000)
  eden space 5504K,   0% used [0x00000000fec00000, 0x00000000fec00000, 0x00000000ff160000)
  from space 640K,   1% used [0x00000000ff160000, 0x00000000ff162040, 0x00000000ff200000)
  to   space 640K,   0% used [0x00000000ff200000, 0x00000000ff200000, 0x00000000ff2a0000)
 concurrent mark-sweep generation total 13696K, used 11447K [0x00000000ff2a0000, 0x0000000100000000, 0x0000000100000000)
 Metaspace       used 5073K, capacity 5258K, committed 5504K, reserved 1056768K
  class space    used 557K, capacity 597K, committed 640K, reserved 1048576K
}
{Heap before GC invocations=267 (full 34):
 par new generation   total 6144K, used 5237K [0x00000000fec00000, 0x00000000ff2a0000, 0x00000000ff2a0000)
  eden space 5504K,  95% used [0x00000000fec00000, 0x00000000ff11b6f0, 0x00000000ff160000)
  from space 640K,   1% used [0x00000000ff160000, 0x00000000ff162040, 0x00000000ff200000)
  to   space 640K,   0% used [0x00000000ff200000, 0x00000000ff200000, 0x00000000ff2a0000)
 concurrent mark-sweep generation total 13696K, used 11447K [0x00000000ff2a0000, 0x0000000100000000, 0x0000000100000000)
 Metaspace       used 5073K, capacity 5258K, committed 5504K, reserved 1056768K
  class space    used 557K, capacity 597K, committed 640K, reserved 1048576K
2024-07-16T18:26:15.306+0800: 2.110: [GC (Allocation Failure) 2024-07-16T18:26:15.306+0800: 2.110: [ParNew: 5237K->4K(6144K), 0.0011256 secs] 16685K->11451K(19840K), 0.0011968 secs] [Times: user=0.00 sys=0.00, real=0.00 secs] 
Heap after GC invocations=268 (full 34):
 par new generation   total 6144K, used 4K [0x00000000fec00000, 0x00000000ff2a0000, 0x00000000ff2a0000)
  eden space 5504K,   0% used [0x00000000fec00000, 0x00000000fec00000, 0x00000000ff160000)
  from space 640K,   0% used [0x00000000ff200000, 0x00000000ff201020, 0x00000000ff2a0000)
  to   space 640K,   0% used [0x00000000ff160000, 0x00000000ff160000, 0x00000000ff200000)
 concurrent mark-sweep generation total 13696K, used 11447K [0x00000000ff2a0000, 0x0000000100000000, 0x0000000100000000)
 Metaspace       used 5073K, capacity 5258K, committed 5504K, reserved 1056768K
  class space    used 557K, capacity 597K, committed 640K, reserved 1048576K
}
{Heap before GC invocations=268 (full 34):
 par new generation   total 6144K, used 5233K [0x00000000fec00000, 0x00000000ff2a0000, 0x00000000ff2a0000)
  eden space 5504K,  95% used [0x00000000fec00000, 0x00000000ff11b720, 0x00000000ff160000)
  from space 640K,   0% used [0x00000000ff200000, 0x00000000ff201020, 0x00000000ff2a0000)
  to   space 640K,   0% used [0x00000000ff160000, 0x00000000ff160000, 0x00000000ff200000)
 concurrent mark-sweep generation total 13696K, used 11447K [0x00000000ff2a0000, 0x0000000100000000, 0x0000000100000000)
 Metaspace       used 5073K, capacity 5258K, committed 5504K, reserved 1056768K
  class space    used 557K, capacity 597K, committed 640K, reserved 1048576K
2024-07-16T18:26:15.315+0800: 2.119: [GC (Allocation Failure) 2024-07-16T18:26:15.315+0800: 2.119: [ParNew: 5233K->10K(6144K), 0.0013058 secs] 16681K->12484K(19840K), 0.0014071 secs] [Times: user=0.00 sys=0.00, real=0.00 secs] 
Heap after GC invocations=269 (full 34):
 par new generation   total 6144K, used 10K [0x00000000fec00000, 0x00000000ff2a0000, 0x00000000ff2a0000)
  eden space 5504K,   0% used [0x00000000fec00000, 0x00000000fec00000, 0x00000000ff160000)
  from space 640K,   1% used [0x00000000ff160000, 0x00000000ff162850, 0x00000000ff200000)
  to   space 640K,   0% used [0x00000000ff200000, 0x00000000ff200000, 0x00000000ff2a0000)
 concurrent mark-sweep generation total 13696K, used 12473K [0x00000000ff2a0000, 0x0000000100000000, 0x0000000100000000)
 Metaspace       used 5073K, capacity 5258K, committed 5504K, reserved 1056768K
  class space    used 557K, capacity 597K, committed 640K, reserved 1048576K
}
{Heap before GC invocations=269 (full 34):
 par new generation   total 6144K, used 5239K [0x00000000fec00000, 0x00000000ff2a0000, 0x00000000ff2a0000)
  eden space 5504K,  95% used [0x00000000fec00000, 0x00000000ff11b740, 0x00000000ff160000)
  from space 640K,   1% used [0x00000000ff160000, 0x00000000ff162850, 0x00000000ff200000)
  to   space 640K,   0% used [0x00000000ff200000, 0x00000000ff200000, 0x00000000ff2a0000)
 concurrent mark-sweep generation total 13696K, used 12473K [0x00000000ff2a0000, 0x0000000100000000, 0x0000000100000000)
 Metaspace       used 5073K, capacity 5258K, committed 5504K, reserved 1056768K
  class space    used 557K, capacity 597K, committed 640K, reserved 1048576K
2024-07-16T18:26:15.324+0800: 2.128: [GC (Allocation Failure) 2024-07-16T18:26:15.324+0800: 2.128: [ParNew: 5239K->5239K(6144K), 0.0000279 secs]2024-07-16T18:26:15.324+0800: 2.128: [CMS2024-07-16T18:26:15.324+0800: 2.128: [CMS-concurrent-abortable-preclean: 0.002/0.104 secs] [Times: user=0.16 sys=0.00, real=0.10 secs] 
 (concurrent mode failure): 12473K->1186K(13696K), 0.0048112 secs] 17713K->1186K(19840K), [Metaspace: 5073K->5073K(1056768K)], 0.0049351 secs] [Times: user=0.00 sys=0.00, real=0.01 secs] 
Heap after GC invocations=270 (full 35):
 par new generation   total 6144K, used 0K [0x00000000fec00000, 0x00000000ff2a0000, 0x00000000ff2a0000)
  eden space 5504K,   0% used [0x00000000fec00000, 0x00000000fec00000, 0x00000000ff160000)
  from space 640K,   0% used [0x00000000ff160000, 0x00000000ff160000, 0x00000000ff200000)
  to   space 640K,   0% used [0x00000000ff200000, 0x00000000ff200000, 0x00000000ff2a0000)
 concurrent mark-sweep generation total 13696K, used 1186K [0x00000000ff2a0000, 0x0000000100000000, 0x0000000100000000)
 Metaspace       used 5073K, capacity 5258K, committed 5504K, reserved 1056768K
  class space    used 557K, capacity 597K, committed 640K, reserved 1048576K
}
{Heap before GC invocations=270 (full 35):
 par new generation   total 6144K, used 5229K [0x00000000fec00000, 0x00000000ff2a0000, 0x00000000ff2a0000)
  eden space 5504K,  95% used [0x00000000fec00000, 0x00000000ff11b758, 0x00000000ff160000)
  from space 640K,   0% used [0x00000000ff160000, 0x00000000ff160000, 0x00000000ff200000)
  to   space 640K,   0% used [0x00000000ff200000, 0x00000000ff200000, 0x00000000ff2a0000)
 concurrent mark-sweep generation total 13696K, used 1186K [0x00000000ff2a0000, 0x0000000100000000, 0x0000000100000000)
 Metaspace       used 5073K, capacity 5258K, committed 5504K, reserved 1056768K
  class space    used 557K, capacity 597K, committed 640K, reserved 1048576K
2024-07-16T18:26:15.336+0800: 2.140: [GC (Allocation Failure) 2024-07-16T18:26:15.336+0800: 2.140: [ParNew: 5229K->8K(6144K), 0.0011073 secs] 6416K->2220K(19840K), 0.0011938 secs] [Times: user=0.00 sys=0.00, real=0.00 secs] 
Heap after GC invocations=271 (full 35):
 par new generation   total 6144K, used 8K [0x00000000fec00000, 0x00000000ff2a0000, 0x00000000ff2a0000)
  eden space 5504K,   0% used [0x00000000fec00000, 0x00000000fec00000, 0x00000000ff160000)
  from space 640K,   1% used [0x00000000ff200000, 0x00000000ff202040, 0x00000000ff2a0000)
  to   space 640K,   0% used [0x00000000ff160000, 0x00000000ff160000, 0x00000000ff200000)
 concurrent mark-sweep generation total 13696K, used 2212K [0x00000000ff2a0000, 0x0000000100000000, 0x0000000100000000)
 Metaspace       used 5073K, capacity 5258K, committed 5504K, reserved 1056768K
  class space    used 557K, capacity 597K, committed 640K, reserved 1048576K
}
{Heap before GC invocations=271 (full 35):
 par new generation   total 6144K, used 5237K [0x00000000fec00000, 0x00000000ff2a0000, 0x00000000ff2a0000)
  eden space 5504K,  95% used [0x00000000fec00000, 0x00000000ff11b768, 0x00000000ff160000)
  from space 640K,   1% used [0x00000000ff200000, 0x00000000ff202040, 0x00000000ff2a0000)
  to   space 640K,   0% used [0x00000000ff160000, 0x00000000ff160000, 0x00000000ff200000)
 concurrent mark-sweep generation total 13696K, used 2212K [0x00000000ff2a0000, 0x0000000100000000, 0x0000000100000000)
 Metaspace       used 5073K, capacity 5258K, committed 5504K, reserved 1056768K
  class space    used 557K, capacity 597K, committed 640K, reserved 1048576K
2024-07-16T18:26:15.344+0800: 2.148: [GC (Allocation Failure) 2024-07-16T18:26:15.344+0800: 2.148: [ParNew: 5237K->12K(6144K), 0.0012253 secs] 7450K->3250K(19840K), 0.0013048 secs] [Times: user=0.00 sys=0.00, real=0.00 secs] 
Heap after GC invocations=272 (full 35):
 par new generation   total 6144K, used 12K [0x00000000fec00000, 0x00000000ff2a0000, 0x00000000ff2a0000)
  eden space 5504K,   0% used [0x00000000fec00000, 0x00000000fec00000, 0x00000000ff160000)
  from space 640K,   1% used [0x00000000ff160000, 0x00000000ff163060, 0x00000000ff200000)
  to   space 640K,   0% used [0x00000000ff200000, 0x00000000ff200000, 0x00000000ff2a0000)
 concurrent mark-sweep generation total 13696K, used 3238K [0x00000000ff2a0000, 0x0000000100000000, 0x0000000100000000)
 Metaspace       used 5073K, capacity 5258K, committed 5504K, reserved 1056768K
  class space    used 557K, capacity 597K, committed 640K, reserved 1048576K
}
{Heap before GC invocations=272 (full 35):
 par new generation   total 6144K, used 5241K [0x00000000fec00000, 0x00000000ff2a0000, 0x00000000ff2a0000)
  eden space 5504K,  95% used [0x00000000fec00000, 0x00000000ff11b770, 0x00000000ff160000)
  from space 640K,   1% used [0x00000000ff160000, 0x00000000ff163060, 0x00000000ff200000)
  to   space 640K,   0% used [0x00000000ff200000, 0x00000000ff200000, 0x00000000ff2a0000)
 concurrent mark-sweep generation total 13696K, used 3238K [0x00000000ff2a0000, 0x0000000100000000, 0x0000000100000000)
 Metaspace       used 5073K, capacity 5258K, committed 5504K, reserved 1056768K
  class space    used 557K, capacity 597K, committed 640K, reserved 1048576K
2024-07-16T18:26:15.353+0800: 2.157: [GC (Allocation Failure) 2024-07-16T18:26:15.353+0800: 2.157: [ParNew: 5241K->16K(6144K), 0.0009759 secs] 8480K->3254K(19840K), 0.0010625 secs] [Times: user=0.00 sys=0.00, real=0.00 secs] 
Heap after GC invocations=273 (full 35):
 par new generation   total 6144K, used 16K [0x00000000fec00000, 0x00000000ff2a0000, 0x00000000ff2a0000)
  eden space 5504K,   0% used [0x00000000fec00000, 0x00000000fec00000, 0x00000000ff160000)
  from space 640K,   2% used [0x00000000ff200000, 0x00000000ff204080, 0x00000000ff2a0000)
  to   space 640K,   0% used [0x00000000ff160000, 0x00000000ff160000, 0x00000000ff200000)
 concurrent mark-sweep generation total 13696K, used 3238K [0x00000000ff2a0000, 0x0000000100000000, 0x0000000100000000)
 Metaspace       used 5073K, capacity 5258K, committed 5504K, reserved 1056768K
  class space    used 557K, capacity 597K, committed 640K, reserved 1048576K
}
{Heap before GC invocations=273 (full 35):
 par new generation   total 6144K, used 5245K [0x00000000fec00000, 0x00000000ff2a0000, 0x00000000ff2a0000)
  eden space 5504K,  95% used [0x00000000fec00000, 0x00000000ff11b778, 0x00000000ff160000)
  from space 640K,   2% used [0x00000000ff200000, 0x00000000ff204080, 0x00000000ff2a0000)
  to   space 640K,   0% used [0x00000000ff160000, 0x00000000ff160000, 0x00000000ff200000)
 concurrent mark-sweep generation total 13696K, used 3238K [0x00000000ff2a0000, 0x0000000100000000, 0x0000000100000000)
 Metaspace       used 5073K, capacity 5258K, committed 5504K, reserved 1056768K
  class space    used 557K, capacity 597K, committed 640K, reserved 1048576K
2024-07-16T18:26:15.361+0800: 2.165: [GC (Allocation Failure) 2024-07-16T18:26:15.361+0800: 2.165: [ParNew: 5245K->12K(6144K), 0.0012856 secs] 8484K->4276K(19840K), 0.0013778 secs] [Times: user=0.16 sys=0.00, real=0.00 secs] 
Heap after GC invocations=274 (full 35):
 par new generation   total 6144K, used 12K [0x00000000fec00000, 0x00000000ff2a0000, 0x00000000ff2a0000)
  eden space 5504K,   0% used [0x00000000fec00000, 0x00000000fec00000, 0x00000000ff160000)
  from space 640K,   1% used [0x00000000ff160000, 0x00000000ff163060, 0x00000000ff200000)
  to   space 640K,   0% used [0x00000000ff200000, 0x00000000ff200000, 0x00000000ff2a0000)
 concurrent mark-sweep generation total 13696K, used 4264K [0x00000000ff2a0000, 0x0000000100000000, 0x0000000100000000)
 Metaspace       used 5073K, capacity 5258K, committed 5504K, reserved 1056768K
  class space    used 557K, capacity 597K, committed 640K, reserved 1048576K
}
{Heap before GC invocations=274 (full 35):
 par new generation   total 6144K, used 5241K [0x00000000fec00000, 0x00000000ff2a0000, 0x00000000ff2a0000)
  eden space 5504K,  95% used [0x00000000fec00000, 0x00000000ff11b778, 0x00000000ff160000)
  from space 640K,   1% used [0x00000000ff160000, 0x00000000ff163060, 0x00000000ff200000)
  to   space 640K,   0% used [0x00000000ff200000, 0x00000000ff200000, 0x00000000ff2a0000)
 concurrent mark-sweep generation total 13696K, used 4264K [0x00000000ff2a0000, 0x0000000100000000, 0x0000000100000000)
 Metaspace       used 5073K, capacity 5258K, committed 5504K, reserved 1056768K
  class space    used 557K, capacity 597K, committed 640K, reserved 1048576K
2024-07-16T18:26:15.369+0800: 2.173: [GC (Allocation Failure) 2024-07-16T18:26:15.369+0800: 2.173: [ParNew: 5241K->14K(6144K), 0.0013365 secs] 9506K->5302K(19840K), 0.0014414 secs] [Times: user=0.00 sys=0.00, real=0.00 secs] 
Heap after GC invocations=275 (full 35):
 par new generation   total 6144K, used 14K [0x00000000fec00000, 0x00000000ff2a0000, 0x00000000ff2a0000)
  eden space 5504K,   0% used [0x00000000fec00000, 0x00000000fec00000, 0x00000000ff160000)
  from space 640K,   2% used [0x00000000ff200000, 0x00000000ff203870, 0x00000000ff2a0000)
  to   space 640K,   0% used [0x00000000ff160000, 0x00000000ff160000, 0x00000000ff200000)
 concurrent mark-sweep generation total 13696K, used 5288K [0x00000000ff2a0000, 0x0000000100000000, 0x0000000100000000)
 Metaspace       used 5073K, capacity 5258K, committed 5504K, reserved 1056768K
  class space    used 557K, capacity 597K, committed 640K, reserved 1048576K
}
{Heap before GC invocations=275 (full 35):
 par new generation   total 6144K, used 5243K [0x00000000fec00000, 0x00000000ff2a0000, 0x00000000ff2a0000)
  eden space 5504K,  95% used [0x00000000fec00000, 0x00000000ff11b778, 0x00000000ff160000)
  from space 640K,   2% used [0x00000000ff200000, 0x00000000ff203870, 0x00000000ff2a0000)
  to   space 640K,   0% used [0x00000000ff160000, 0x00000000ff160000, 0x00000000ff200000)
 concurrent mark-sweep generation total 13696K, used 5288K [0x00000000ff2a0000, 0x0000000100000000, 0x0000000100000000)
 Metaspace       used 5073K, capacity 5258K, committed 5504K, reserved 1056768K
  class space    used 557K, capacity 597K, committed 640K, reserved 1048576K
2024-07-16T18:26:15.378+0800: 2.182: [GC (Allocation Failure) 2024-07-16T18:26:15.378+0800: 2.182: [ParNew: 5243K->16K(6144K), 0.0013530 secs] 10532K->6330K(19840K), 0.0014743 secs] [Times: user=0.00 sys=0.00, real=0.00 secs] 
Heap after GC invocations=276 (full 35):
 par new generation   total 6144K, used 16K [0x00000000fec00000, 0x00000000ff2a0000, 0x00000000ff2a0000)
  eden space 5504K,   0% used [0x00000000fec00000, 0x00000000fec00000, 0x00000000ff160000)
  from space 640K,   2% used [0x00000000ff160000, 0x00000000ff164080, 0x00000000ff200000)
  to   space 640K,   0% used [0x00000000ff200000, 0x00000000ff200000, 0x00000000ff2a0000)
 concurrent mark-sweep generation total 13696K, used 6314K [0x00000000ff2a0000, 0x0000000100000000, 0x0000000100000000)
 Metaspace       used 5073K, capacity 5258K, committed 5504K, reserved 1056768K
  class space    used 557K, capacity 597K, committed 640K, reserved 1048576K
}
{Heap before GC invocations=276 (full 35):
 par new generation   total 6144K, used 5245K [0x00000000fec00000, 0x00000000ff2a0000, 0x00000000ff2a0000)
  eden space 5504K,  95% used [0x00000000fec00000, 0x00000000ff11b778, 0x00000000ff160000)
  from space 640K,   2% used [0x00000000ff160000, 0x00000000ff164080, 0x00000000ff200000)
  to   space 640K,   0% used [0x00000000ff200000, 0x00000000ff200000, 0x00000000ff2a0000)
 concurrent mark-sweep generation total 13696K, used 6314K [0x00000000ff2a0000, 0x0000000100000000, 0x0000000100000000)
 Metaspace       used 5073K, capacity 5258K, committed 5504K, reserved 1056768K
  class space    used 557K, capacity 597K, committed 640K, reserved 1048576K
2024-07-16T18:26:15.388+0800: 2.192: [GC (Allocation Failure) 2024-07-16T18:26:15.388+0800: 2.192: [ParNew: 5245K->8K(6144K), 0.0015812 secs] 11560K->7348K(19840K), 0.0017106 secs] [Times: user=0.00 sys=0.00, real=0.00 secs] 
Heap after GC invocations=277 (full 35):
 par new generation   total 6144K, used 8K [0x00000000fec00000, 0x00000000ff2a0000, 0x00000000ff2a0000)
  eden space 5504K,   0% used [0x00000000fec00000, 0x00000000fec00000, 0x00000000ff160000)
  from space 640K,   1% used [0x00000000ff200000, 0x00000000ff202040, 0x00000000ff2a0000)
  to   space 640K,   0% used [0x00000000ff160000, 0x00000000ff160000, 0x00000000ff200000)
 concurrent mark-sweep generation total 13696K, used 7340K [0x00000000ff2a0000, 0x0000000100000000, 0x0000000100000000)
 Metaspace       used 5073K, capacity 5258K, committed 5504K, reserved 1056768K
  class space    used 557K, capacity 597K, committed 640K, reserved 1048576K
}
2024-07-16T18:26:15.390+0800: 2.194: [GC (CMS Initial Mark) [1 CMS-initial-mark: 7340K(13696K)] 8375K(19840K), 0.0004943 secs] [Times: user=0.00 sys=0.00, real=0.00 secs] 
2024-07-16T18:26:15.390+0800: 2.195: [CMS-concurrent-mark-start]
2024-07-16T18:26:15.396+0800: 2.200: [CMS-concurrent-mark: 0.005/0.005 secs] [Times: user=0.05 sys=0.00, real=0.01 secs] 
2024-07-16T18:26:15.396+0800: 2.200: [CMS-concurrent-preclean-start]
2024-07-16T18:26:15.396+0800: 2.200: [CMS-concurrent-preclean: 0.000/0.000 secs] [Times: user=0.00 sys=0.00, real=0.00 secs] 
2024-07-16T18:26:15.396+0800: 2.200: [CMS-concurrent-abortable-preclean-start]
{Heap before GC invocations=277 (full 36):
 par new generation   total 6144K, used 5237K [0x00000000fec00000, 0x00000000ff2a0000, 0x00000000ff2a0000)
  eden space 5504K,  95% used [0x00000000fec00000, 0x00000000ff11b778, 0x00000000ff160000)
  from space 640K,   1% used [0x00000000ff200000, 0x00000000ff202040, 0x00000000ff2a0000)
  to   space 640K,   0% used [0x00000000ff160000, 0x00000000ff160000, 0x00000000ff200000)
 concurrent mark-sweep generation total 13696K, used 7340K [0x00000000ff2a0000, 0x0000000100000000, 0x0000000100000000)
 Metaspace       used 5073K, capacity 5258K, committed 5504K, reserved 1056768K
  class space    used 557K, capacity 597K, committed 640K, reserved 1048576K
2024-07-16T18:26:15.397+0800: 2.201: [GC (Allocation Failure) 2024-07-16T18:26:15.397+0800: 2.201: [ParNew: 5237K->4K(6144K), 0.0012074 secs] 12578K->7351K(19840K), 0.0012816 secs] [Times: user=0.00 sys=0.00, real=0.00 secs] 
Heap after GC invocations=278 (full 36):
 par new generation   total 6144K, used 4K [0x00000000fec00000, 0x00000000ff2a0000, 0x00000000ff2a0000)
  eden space 5504K,   0% used [0x00000000fec00000, 0x00000000fec00000, 0x00000000ff160000)
  from space 640K,   0% used [0x00000000ff160000, 0x00000000ff161020, 0x00000000ff200000)
  to   space 640K,   0% used [0x00000000ff200000, 0x00000000ff200000, 0x00000000ff2a0000)
 concurrent mark-sweep generation total 13696K, used 7347K [0x00000000ff2a0000, 0x0000000100000000, 0x0000000100000000)
 Metaspace       used 5073K, capacity 5258K, committed 5504K, reserved 1056768K
  class space    used 557K, capacity 597K, committed 640K, reserved 1048576K
}
{Heap before GC invocations=278 (full 36):
 par new generation   total 6144K, used 5233K [0x00000000fec00000, 0x00000000ff2a0000, 0x00000000ff2a0000)
  eden space 5504K,  95% used [0x00000000fec00000, 0x00000000ff11b778, 0x00000000ff160000)
  from space 640K,   0% used [0x00000000ff160000, 0x00000000ff161020, 0x00000000ff200000)
  to   space 640K,   0% used [0x00000000ff200000, 0x00000000ff200000, 0x00000000ff2a0000)
 concurrent mark-sweep generation total 13696K, used 7347K [0x00000000ff2a0000, 0x0000000100000000, 0x0000000100000000)
 Metaspace       used 5073K, capacity 5258K, committed 5504K, reserved 1056768K
  class space    used 557K, capacity 597K, committed 640K, reserved 1048576K
2024-07-16T18:26:15.404+0800: 2.208: [GC (Allocation Failure) 2024-07-16T18:26:15.404+0800: 2.208: [ParNew: 5233K->10K(6144K), 0.0012316 secs] 12581K->8381K(19840K), 0.0013155 secs] [Times: user=0.00 sys=0.00, real=0.00 secs] 
Heap after GC invocations=279 (full 36):
 par new generation   total 6144K, used 10K [0x00000000fec00000, 0x00000000ff2a0000, 0x00000000ff2a0000)
  eden space 5504K,   0% used [0x00000000fec00000, 0x00000000fec00000, 0x00000000ff160000)
  from space 640K,   1% used [0x00000000ff200000, 0x00000000ff202850, 0x00000000ff2a0000)
  to   space 640K,   0% used [0x00000000ff160000, 0x00000000ff160000, 0x00000000ff200000)
 concurrent mark-sweep generation total 13696K, used 8371K [0x00000000ff2a0000, 0x0000000100000000, 0x0000000100000000)
 Metaspace       used 5073K, capacity 5258K, committed 5504K, reserved 1056768K
  class space    used 557K, capacity 597K, committed 640K, reserved 1048576K
}
{Heap before GC invocations=279 (full 36):
 par new generation   total 6144K, used 5239K [0x00000000fec00000, 0x00000000ff2a0000, 0x00000000ff2a0000)
  eden space 5504K,  95% used [0x00000000fec00000, 0x00000000ff11b778, 0x00000000ff160000)
  from space 640K,   1% used [0x00000000ff200000, 0x00000000ff202850, 0x00000000ff2a0000)
  to   space 640K,   0% used [0x00000000ff160000, 0x00000000ff160000, 0x00000000ff200000)
 concurrent mark-sweep generation total 13696K, used 8371K [0x00000000ff2a0000, 0x0000000100000000, 0x0000000100000000)
 Metaspace       used 5073K, capacity 5258K, committed 5504K, reserved 1056768K
  class space    used 557K, capacity 597K, committed 640K, reserved 1048576K
2024-07-16T18:26:15.414+0800: 2.218: [GC (Allocation Failure) 2024-07-16T18:26:15.414+0800: 2.218: [ParNew: 5239K->4K(6144K), 0.0003368 secs] 13611K->8375K(19840K), 0.0003712 secs] [Times: user=0.00 sys=0.00, real=0.00 secs] 
Heap after GC invocations=280 (full 36):
 par new generation   total 6144K, used 4K [0x00000000fec00000, 0x00000000ff2a0000, 0x00000000ff2a0000)
  eden space 5504K,   0% used [0x00000000fec00000, 0x00000000fec00000, 0x00000000ff160000)
  from space 640K,   0% used [0x00000000ff160000, 0x00000000ff161020, 0x00000000ff200000)
  to   space 640K,   0% used [0x00000000ff200000, 0x00000000ff200000, 0x00000000ff2a0000)
 concurrent mark-sweep generation total 13696K, used 8371K [0x00000000ff2a0000, 0x0000000100000000, 0x0000000100000000)
 Metaspace       used 5073K, capacity 5258K, committed 5504K, reserved 1056768K
  class space    used 557K, capacity 597K, committed 640K, reserved 1048576K
}
{Heap before GC invocations=280 (full 36):
 par new generation   total 6144K, used 5233K [0x00000000fec00000, 0x00000000ff2a0000, 0x00000000ff2a0000)
  eden space 5504K,  95% used [0x00000000fec00000, 0x00000000ff11b778, 0x00000000ff160000)
  from space 640K,   0% used [0x00000000ff160000, 0x00000000ff161020, 0x00000000ff200000)
  to   space 640K,   0% used [0x00000000ff200000, 0x00000000ff200000, 0x00000000ff2a0000)
 concurrent mark-sweep generation total 13696K, used 8371K [0x00000000ff2a0000, 0x0000000100000000, 0x0000000100000000)
 Metaspace       used 5073K, capacity 5258K, committed 5504K, reserved 1056768K
  class space    used 557K, capacity 597K, committed 640K, reserved 1048576K
2024-07-16T18:26:15.422+0800: 2.226: [GC (Allocation Failure) 2024-07-16T18:26:15.422+0800: 2.226: [ParNew: 5233K->10K(6144K), 0.0003186 secs] 13605K->9405K(19840K), 0.0003391 secs] [Times: user=0.00 sys=0.00, real=0.00 secs] 
Heap after GC invocations=281 (full 36):
 par new generation   total 6144K, used 10K [0x00000000fec00000, 0x00000000ff2a0000, 0x00000000ff2a0000)
  eden space 5504K,   0% used [0x00000000fec00000, 0x00000000fec00000, 0x00000000ff160000)
  from space 640K,   1% used [0x00000000ff200000, 0x00000000ff202850, 0x00000000ff2a0000)
  to   space 640K,   0% used [0x00000000ff160000, 0x00000000ff160000, 0x00000000ff200000)
 concurrent mark-sweep generation total 13696K, used 9395K [0x00000000ff2a0000, 0x0000000100000000, 0x0000000100000000)
 Metaspace       used 5073K, capacity 5258K, committed 5504K, reserved 1056768K
  class space    used 557K, capacity 597K, committed 640K, reserved 1048576K
}
{Heap before GC invocations=281 (full 36):
 par new generation   total 6144K, used 5239K [0x00000000fec00000, 0x00000000ff2a0000, 0x00000000ff2a0000)
  eden space 5504K,  95% used [0x00000000fec00000, 0x00000000ff11b778, 0x00000000ff160000)
  from space 640K,   1% used [0x00000000ff200000, 0x00000000ff202850, 0x00000000ff2a0000)
  to   space 640K,   0% used [0x00000000ff160000, 0x00000000ff160000, 0x00000000ff200000)
 concurrent mark-sweep generation total 13696K, used 9395K [0x00000000ff2a0000, 0x0000000100000000, 0x0000000100000000)
 Metaspace       used 5073K, capacity 5258K, committed 5504K, reserved 1056768K
  class space    used 557K, capacity 597K, committed 640K, reserved 1048576K
2024-07-16T18:26:15.430+0800: 2.234: [GC (Allocation Failure) 2024-07-16T18:26:15.430+0800: 2.234: [ParNew: 5239K->8K(6144K), 0.0005076 secs] 14635K->10427K(19840K), 0.0005326 secs] [Times: user=0.00 sys=0.00, real=0.00 secs] 
Heap after GC invocations=282 (full 36):
 par new generation   total 6144K, used 8K [0x00000000fec00000, 0x00000000ff2a0000, 0x00000000ff2a0000)
  eden space 5504K,   0% used [0x00000000fec00000, 0x00000000fec00000, 0x00000000ff160000)
  from space 640K,   1% used [0x00000000ff160000, 0x00000000ff162040, 0x00000000ff200000)
  to   space 640K,   0% used [0x00000000ff200000, 0x00000000ff200000, 0x00000000ff2a0000)
 concurrent mark-sweep generation total 13696K, used 10419K [0x00000000ff2a0000, 0x0000000100000000, 0x0000000100000000)
 Metaspace       used 5073K, capacity 5258K, committed 5504K, reserved 1056768K
  class space    used 557K, capacity 597K, committed 640K, reserved 1048576K
}
{Heap before GC invocations=282 (full 36):
 par new generation   total 6144K, used 5237K [0x00000000fec00000, 0x00000000ff2a0000, 0x00000000ff2a0000)
  eden space 5504K,  95% used [0x00000000fec00000, 0x00000000ff11b780, 0x00000000ff160000)
  from space 640K,   1% used [0x00000000ff160000, 0x00000000ff162040, 0x00000000ff200000)
  to   space 640K,   0% used [0x00000000ff200000, 0x00000000ff200000, 0x00000000ff2a0000)
 concurrent mark-sweep generation total 13696K, used 10419K [0x00000000ff2a0000, 0x0000000100000000, 0x0000000100000000)
 Metaspace       used 5073K, capacity 5258K, committed 5504K, reserved 1056768K
  class space    used 557K, capacity 597K, committed 640K, reserved 1048576K
2024-07-16T18:26:15.436+0800: 2.240: [GC (Allocation Failure) 2024-07-16T18:26:15.436+0800: 2.240: [ParNew: 5237K->6K(6144K), 0.0003120 secs] 15657K->11449K(19840K), 0.0003321 secs] [Times: user=0.00 sys=0.00, real=0.00 secs] 
Heap after GC invocations=283 (full 36):
 par new generation   total 6144K, used 6K [0x00000000fec00000, 0x00000000ff2a0000, 0x00000000ff2a0000)
  eden space 5504K,   0% used [0x00000000fec00000, 0x00000000fec00000, 0x00000000ff160000)
  from space 640K,   0% used [0x00000000ff200000, 0x00000000ff201830, 0x00000000ff2a0000)
  to   space 640K,   0% used [0x00000000ff160000, 0x00000000ff160000, 0x00000000ff200000)
 concurrent mark-sweep generation total 13696K, used 11443K [0x00000000ff2a0000, 0x0000000100000000, 0x0000000100000000)
 Metaspace       used 5073K, capacity 5258K, committed 5504K, reserved 1056768K
  class space    used 557K, capacity 597K, committed 640K, reserved 1048576K
}
{Heap before GC invocations=283 (full 36):
 par new generation   total 6144K, used 5235K [0x00000000fec00000, 0x00000000ff2a0000, 0x00000000ff2a0000)
  eden space 5504K,  95% used [0x00000000fec00000, 0x00000000ff11b780, 0x00000000ff160000)
  from space 640K,   0% used [0x00000000ff200000, 0x00000000ff201830, 0x00000000ff2a0000)
  to   space 640K,   0% used [0x00000000ff160000, 0x00000000ff160000, 0x00000000ff200000)
 concurrent mark-sweep generation total 13696K, used 11443K [0x00000000ff2a0000, 0x0000000100000000, 0x0000000100000000)
 Metaspace       used 5073K, capacity 5258K, committed 5504K, reserved 1056768K
  class space    used 557K, capacity 597K, committed 640K, reserved 1048576K
2024-07-16T18:26:15.443+0800: 2.247: [GC (Allocation Failure) 2024-07-16T18:26:15.443+0800: 2.247: [ParNew: 5235K->4K(6144K), 0.0009310 secs] 16679K->11447K(19840K), 0.0010119 secs] [Times: user=0.00 sys=0.00, real=0.00 secs] 
Heap after GC invocations=284 (full 36):
 par new generation   total 6144K, used 4K [0x00000000fec00000, 0x00000000ff2a0000, 0x00000000ff2a0000)
  eden space 5504K,   0% used [0x00000000fec00000, 0x00000000fec00000, 0x00000000ff160000)
  from space 640K,   0% used [0x00000000ff160000, 0x00000000ff161020, 0x00000000ff200000)
  to   space 640K,   0% used [0x00000000ff200000, 0x00000000ff200000, 0x00000000ff2a0000)
 concurrent mark-sweep generation total 13696K, used 11443K [0x00000000ff2a0000, 0x0000000100000000, 0x0000000100000000)
 Metaspace       used 5073K, capacity 5258K, committed 5504K, reserved 1056768K
  class space    used 557K, capacity 597K, committed 640K, reserved 1048576K
}
{Heap before GC invocations=284 (full 36):
 par new generation   total 6144K, used 5233K [0x00000000fec00000, 0x00000000ff2a0000, 0x00000000ff2a0000)
  eden space 5504K,  95% used [0x00000000fec00000, 0x00000000ff11b780, 0x00000000ff160000)
  from space 640K,   0% used [0x00000000ff160000, 0x00000000ff161020, 0x00000000ff200000)
  to   space 640K,   0% used [0x00000000ff200000, 0x00000000ff200000, 0x00000000ff2a0000)
 concurrent mark-sweep generation total 13696K, used 11443K [0x00000000ff2a0000, 0x0000000100000000, 0x0000000100000000)
 Metaspace       used 5073K, capacity 5258K, committed 5504K, reserved 1056768K
  class space    used 557K, capacity 597K, committed 640K, reserved 1048576K
2024-07-16T18:26:15.452+0800: 2.256: [GC (Allocation Failure) 2024-07-16T18:26:15.452+0800: 2.256: [ParNew: 5233K->4K(6144K), 0.0004108 secs] 16677K->11447K(19840K), 0.0004373 secs] [Times: user=0.00 sys=0.00, real=0.00 secs] 
Heap after GC invocations=285 (full 36):
 par new generation   total 6144K, used 4K [0x00000000fec00000, 0x00000000ff2a0000, 0x00000000ff2a0000)
  eden space 5504K,   0% used [0x00000000fec00000, 0x00000000fec00000, 0x00000000ff160000)
  from space 640K,   0% used [0x00000000ff200000, 0x00000000ff201020, 0x00000000ff2a0000)
  to   space 640K,   0% used [0x00000000ff160000, 0x00000000ff160000, 0x00000000ff200000)
 concurrent mark-sweep generation total 13696K, used 11443K [0x00000000ff2a0000, 0x0000000100000000, 0x0000000100000000)
 Metaspace       used 5073K, capacity 5258K, committed 5504K, reserved 1056768K
  class space    used 557K, capacity 597K, committed 640K, reserved 1048576K
}
{Heap before GC invocations=285 (full 36):
 par new generation   total 6144K, used 5233K [0x00000000fec00000, 0x00000000ff2a0000, 0x00000000ff2a0000)
  eden space 5504K,  95% used [0x00000000fec00000, 0x00000000ff11b780, 0x00000000ff160000)
  from space 640K,   0% used [0x00000000ff200000, 0x00000000ff201020, 0x00000000ff2a0000)
  to   space 640K,   0% used [0x00000000ff160000, 0x00000000ff160000, 0x00000000ff200000)
 concurrent mark-sweep generation total 13696K, used 11443K [0x00000000ff2a0000, 0x0000000100000000, 0x0000000100000000)
 Metaspace       used 5073K, capacity 5258K, committed 5504K, reserved 1056768K
  class space    used 557K, capacity 597K, committed 640K, reserved 1048576K
2024-07-16T18:26:15.458+0800: 2.262: [GC (Allocation Failure) 2024-07-16T18:26:15.458+0800: 2.262: [ParNew: 5233K->8K(6144K), 0.0011688 secs] 16677K->12475K(19840K), 0.0012323 secs] [Times: user=0.00 sys=0.00, real=0.00 secs] 
Heap after GC invocations=286 (full 36):
 par new generation   total 6144K, used 8K [0x00000000fec00000, 0x00000000ff2a0000, 0x00000000ff2a0000)
  eden space 5504K,   0% used [0x00000000fec00000, 0x00000000fec00000, 0x00000000ff160000)
  from space 640K,   1% used [0x00000000ff160000, 0x00000000ff162040, 0x00000000ff200000)
  to   space 640K,   0% used [0x00000000ff200000, 0x00000000ff200000, 0x00000000ff2a0000)
 concurrent mark-sweep generation total 13696K, used 12467K [0x00000000ff2a0000, 0x0000000100000000, 0x0000000100000000)
 Metaspace       used 5073K, capacity 5258K, committed 5504K, reserved 1056768K
  class space    used 557K, capacity 597K, committed 640K, reserved 1048576K
}
{Heap before GC invocations=286 (full 36):
 par new generation   total 6144K, used 5237K [0x00000000fec00000, 0x00000000ff2a0000, 0x00000000ff2a0000)
  eden space 5504K,  95% used [0x00000000fec00000, 0x00000000ff11b780, 0x00000000ff160000)
  from space 640K,   1% used [0x00000000ff160000, 0x00000000ff162040, 0x00000000ff200000)
  to   space 640K,   0% used [0x00000000ff200000, 0x00000000ff200000, 0x00000000ff2a0000)
 concurrent mark-sweep generation total 13696K, used 12467K [0x00000000ff2a0000, 0x0000000100000000, 0x0000000100000000)
 Metaspace       used 5073K, capacity 5258K, committed 5504K, reserved 1056768K
  class space    used 557K, capacity 597K, committed 640K, reserved 1048576K
2024-07-16T18:26:15.467+0800: 2.271: [GC (Allocation Failure) 2024-07-16T18:26:15.467+0800: 2.271: [ParNew: 5237K->5237K(6144K), 0.0000330 secs]2024-07-16T18:26:15.467+0800: 2.271: [CMS2024-07-16T18:26:15.467+0800: 2.271: [CMS-concurrent-abortable-preclean: 0.001/0.071 secs] [Times: user=0.00 sys=0.00, real=0.07 secs] 
 (concurrent mode failure): 12467K->2211K(13696K), 0.0046324 secs] 17705K->2211K(19840K), [Metaspace: 5073K->5073K(1056768K)], 0.0047690 secs] [Times: user=0.02 sys=0.00, real=0.00 secs] 
Heap after GC invocations=287 (full 37):
 par new generation   total 6144K, used 0K [0x00000000fec00000, 0x00000000ff2a0000, 0x00000000ff2a0000)
  eden space 5504K,   0% used [0x00000000fec00000, 0x00000000fec00000, 0x00000000ff160000)
  from space 640K,   0% used [0x00000000ff160000, 0x00000000ff160000, 0x00000000ff200000)
  to   space 640K,   0% used [0x00000000ff200000, 0x00000000ff200000, 0x00000000ff2a0000)
 concurrent mark-sweep generation total 13696K, used 2211K [0x00000000ff2a0000, 0x0000000100000000, 0x0000000100000000)
 Metaspace       used 5073K, capacity 5258K, committed 5504K, reserved 1056768K
  class space    used 557K, capacity 597K, committed 640K, reserved 1048576K
}
{Heap before GC invocations=287 (full 37):
 par new generation   total 6144K, used 5229K [0x00000000fec00000, 0x00000000ff2a0000, 0x00000000ff2a0000)
  eden space 5504K,  95% used [0x00000000fec00000, 0x00000000ff11b780, 0x00000000ff160000)
  from space 640K,   0% used [0x00000000ff160000, 0x00000000ff160000, 0x00000000ff200000)
  to   space 640K,   0% used [0x00000000ff200000, 0x00000000ff200000, 0x00000000ff2a0000)
 concurrent mark-sweep generation total 13696K, used 2211K [0x00000000ff2a0000, 0x0000000100000000, 0x0000000100000000)
 Metaspace       used 5073K, capacity 5258K, committed 5504K, reserved 1056768K
  class space    used 557K, capacity 597K, committed 640K, reserved 1048576K
2024-07-16T18:26:15.480+0800: 2.284: [GC (Allocation Failure) 2024-07-16T18:26:15.480+0800: 2.284: [ParNew: 5229K->4K(6144K), 0.0003402 secs] 7440K->2215K(19840K), 0.0003840 secs] [Times: user=0.00 sys=0.00, real=0.00 secs] 
Heap after GC invocations=288 (full 37):
 par new generation   total 6144K, used 4K [0x00000000fec00000, 0x00000000ff2a0000, 0x00000000ff2a0000)
  eden space 5504K,   0% used [0x00000000fec00000, 0x00000000fec00000, 0x00000000ff160000)
  from space 640K,   0% used [0x00000000ff200000, 0x00000000ff201020, 0x00000000ff2a0000)
  to   space 640K,   0% used [0x00000000ff160000, 0x00000000ff160000, 0x00000000ff200000)
 concurrent mark-sweep generation total 13696K, used 2211K [0x00000000ff2a0000, 0x0000000100000000, 0x0000000100000000)
 Metaspace       used 5073K, capacity 5258K, committed 5504K, reserved 1056768K
  class space    used 557K, capacity 597K, committed 640K, reserved 1048576K
}
{Heap before GC invocations=288 (full 37):
 par new generation   total 6144K, used 5233K [0x00000000fec00000, 0x00000000ff2a0000, 0x00000000ff2a0000)
  eden space 5504K,  95% used [0x00000000fec00000, 0x00000000ff11b780, 0x00000000ff160000)
  from space 640K,   0% used [0x00000000ff200000, 0x00000000ff201020, 0x00000000ff2a0000)
  to   space 640K,   0% used [0x00000000ff160000, 0x00000000ff160000, 0x00000000ff200000)
 concurrent mark-sweep generation total 13696K, used 2211K [0x00000000ff2a0000, 0x0000000100000000, 0x0000000100000000)
 Metaspace       used 5073K, capacity 5258K, committed 5504K, reserved 1056768K
  class space    used 557K, capacity 597K, committed 640K, reserved 1048576K
2024-07-16T18:26:15.487+0800: 2.291: [GC (Allocation Failure) 2024-07-16T18:26:15.487+0800: 2.291: [ParNew: 5233K->4K(6144K), 0.0004397 secs] 7444K->2215K(19840K), 0.0004966 secs] [Times: user=0.00 sys=0.00, real=0.00 secs] 
Heap after GC invocations=289 (full 37):
 par new generation   total 6144K, used 4K [0x00000000fec00000, 0x00000000ff2a0000, 0x00000000ff2a0000)
  eden space 5504K,   0% used [0x00000000fec00000, 0x00000000fec00000, 0x00000000ff160000)
  from space 640K,   0% used [0x00000000ff160000, 0x00000000ff161020, 0x00000000ff200000)
  to   space 640K,   0% used [0x00000000ff200000, 0x00000000ff200000, 0x00000000ff2a0000)
 concurrent mark-sweep generation total 13696K, used 2211K [0x00000000ff2a0000, 0x0000000100000000, 0x0000000100000000)
 Metaspace       used 5073K, capacity 5258K, committed 5504K, reserved 1056768K
  class space    used 557K, capacity 597K, committed 640K, reserved 1048576K
}
{Heap before GC invocations=289 (full 37):
 par new generation   total 6144K, used 5233K [0x00000000fec00000, 0x00000000ff2a0000, 0x00000000ff2a0000)
  eden space 5504K,  95% used [0x00000000fec00000, 0x00000000ff11b780, 0x00000000ff160000)
  from space 640K,   0% used [0x00000000ff160000, 0x00000000ff161020, 0x00000000ff200000)
  to   space 640K,   0% used [0x00000000ff200000, 0x00000000ff200000, 0x00000000ff2a0000)
 concurrent mark-sweep generation total 13696K, used 2211K [0x00000000ff2a0000, 0x0000000100000000, 0x0000000100000000)
 Metaspace       used 5073K, capacity 5258K, committed 5504K, reserved 1056768K
  class space    used 557K, capacity 597K, committed 640K, reserved 1048576K
2024-07-16T18:26:15.493+0800: 2.297: [GC (Allocation Failure) 2024-07-16T18:26:15.493+0800: 2.297: [ParNew: 5233K->6K(6144K), 0.0005357 secs] 7444K->3243K(19840K), 0.0005732 secs] [Times: user=0.00 sys=0.00, real=0.00 secs] 
Heap after GC invocations=290 (full 37):
 par new generation   total 6144K, used 6K [0x00000000fec00000, 0x00000000ff2a0000, 0x00000000ff2a0000)
  eden space 5504K,   0% used [0x00000000fec00000, 0x00000000fec00000, 0x00000000ff160000)
  from space 640K,   0% used [0x00000000ff200000, 0x00000000ff201830, 0x00000000ff2a0000)
  to   space 640K,   0% used [0x00000000ff160000, 0x00000000ff160000, 0x00000000ff200000)
 concurrent mark-sweep generation total 13696K, used 3237K [0x00000000ff2a0000, 0x0000000100000000, 0x0000000100000000)
 Metaspace       used 5073K, capacity 5258K, committed 5504K, reserved 1056768K
  class space    used 557K, capacity 597K, committed 640K, reserved 1048576K
}
{Heap before GC invocations=290 (full 37):
 par new generation   total 6144K, used 5235K [0x00000000fec00000, 0x00000000ff2a0000, 0x00000000ff2a0000)
  eden space 5504K,  95% used [0x00000000fec00000, 0x00000000ff11b780, 0x00000000ff160000)
  from space 640K,   0% used [0x00000000ff200000, 0x00000000ff201830, 0x00000000ff2a0000)
  to   space 640K,   0% used [0x00000000ff160000, 0x00000000ff160000, 0x00000000ff200000)
 concurrent mark-sweep generation total 13696K, used 3237K [0x00000000ff2a0000, 0x0000000100000000, 0x0000000100000000)
 Metaspace       used 5073K, capacity 5258K, committed 5504K, reserved 1056768K
  class space    used 557K, capacity 597K, committed 640K, reserved 1048576K
2024-07-16T18:26:15.501+0800: 2.305: [GC (Allocation Failure) 2024-07-16T18:26:15.501+0800: 2.305: [ParNew: 5235K->8K(6144K), 0.0008098 secs] 8473K->4271K(19840K), 0.0009370 secs] [Times: user=0.03 sys=0.00, real=0.00 secs] 
Heap after GC invocations=291 (full 37):
 par new generation   total 6144K, used 8K [0x00000000fec00000, 0x00000000ff2a0000, 0x00000000ff2a0000)
  eden space 5504K,   0% used [0x00000000fec00000, 0x00000000fec00000, 0x00000000ff160000)
  from space 640K,   1% used [0x00000000ff160000, 0x00000000ff162040, 0x00000000ff200000)
  to   space 640K,   0% used [0x00000000ff200000, 0x00000000ff200000, 0x00000000ff2a0000)
 concurrent mark-sweep generation total 13696K, used 4263K [0x00000000ff2a0000, 0x0000000100000000, 0x0000000100000000)
 Metaspace       used 5073K, capacity 5258K, committed 5504K, reserved 1056768K
  class space    used 557K, capacity 597K, committed 640K, reserved 1048576K
}
{Heap before GC invocations=291 (full 37):
 par new generation   total 6144K, used 5237K [0x00000000fec00000, 0x00000000ff2a0000, 0x00000000ff2a0000)
  eden space 5504K,  95% used [0x00000000fec00000, 0x00000000ff11b780, 0x00000000ff160000)
  from space 640K,   1% used [0x00000000ff160000, 0x00000000ff162040, 0x00000000ff200000)
  to   space 640K,   0% used [0x00000000ff200000, 0x00000000ff200000, 0x00000000ff2a0000)
 concurrent mark-sweep generation total 13696K, used 4263K [0x00000000ff2a0000, 0x0000000100000000, 0x0000000100000000)
 Metaspace       used 5073K, capacity 5258K, committed 5504K, reserved 1056768K
  class space    used 557K, capacity 597K, committed 640K, reserved 1048576K
2024-07-16T18:26:15.509+0800: 2.313: [GC (Allocation Failure) 2024-07-16T18:26:15.509+0800: 2.313: [ParNew: 5237K->6K(6144K), 0.0009821 secs] 9501K->5295K(19840K), 0.0010586 secs] [Times: user=0.00 sys=0.00, real=0.00 secs] 
Heap after GC invocations=292 (full 37):
 par new generation   total 6144K, used 6K [0x00000000fec00000, 0x00000000ff2a0000, 0x00000000ff2a0000)
  eden space 5504K,   0% used [0x00000000fec00000, 0x00000000fec00000, 0x00000000ff160000)
  from space 640K,   0% used [0x00000000ff200000, 0x00000000ff201830, 0x00000000ff2a0000)
  to   space 640K,   0% used [0x00000000ff160000, 0x00000000ff160000, 0x00000000ff200000)
 concurrent mark-sweep generation total 13696K, used 5289K [0x00000000ff2a0000, 0x0000000100000000, 0x0000000100000000)
 Metaspace       used 5073K, capacity 5258K, committed 5504K, reserved 1056768K
  class space    used 557K, capacity 597K, committed 640K, reserved 1048576K
}
{Heap before GC invocations=292 (full 37):
 par new generation   total 6144K, used 5235K [0x00000000fec00000, 0x00000000ff2a0000, 0x00000000ff2a0000)
  eden space 5504K,  95% used [0x00000000fec00000, 0x00000000ff11b780, 0x00000000ff160000)
  from space 640K,   0% used [0x00000000ff200000, 0x00000000ff201830, 0x00000000ff2a0000)
  to   space 640K,   0% used [0x00000000ff160000, 0x00000000ff160000, 0x00000000ff200000)
 concurrent mark-sweep generation total 13696K, used 5289K [0x00000000ff2a0000, 0x0000000100000000, 0x0000000100000000)
 Metaspace       used 5073K, capacity 5258K, committed 5504K, reserved 1056768K
  class space    used 557K, capacity 597K, committed 640K, reserved 1048576K
2024-07-16T18:26:15.518+0800: 2.322: [GC (Allocation Failure) 2024-07-16T18:26:15.518+0800: 2.322: [ParNew: 5235K->8K(6144K), 0.0010689 secs] 10525K->6321K(19840K), 0.0011551 secs] [Times: user=0.00 sys=0.00, real=0.00 secs] 
Heap after GC invocations=293 (full 37):
 par new generation   total 6144K, used 8K [0x00000000fec00000, 0x00000000ff2a0000, 0x00000000ff2a0000)
  eden space 5504K,   0% used [0x00000000fec00000, 0x00000000fec00000, 0x00000000ff160000)
  from space 640K,   1% used [0x00000000ff160000, 0x00000000ff162040, 0x00000000ff200000)
  to   space 640K,   0% used [0x00000000ff200000, 0x00000000ff200000, 0x00000000ff2a0000)
 concurrent mark-sweep generation total 13696K, used 6313K [0x00000000ff2a0000, 0x0000000100000000, 0x0000000100000000)
 Metaspace       used 5073K, capacity 5258K, committed 5504K, reserved 1056768K
  class space    used 557K, capacity 597K, committed 640K, reserved 1048576K
}
{Heap before GC invocations=293 (full 37):
 par new generation   total 6144K, used 5237K [0x00000000fec00000, 0x00000000ff2a0000, 0x00000000ff2a0000)
  eden space 5504K,  95% used [0x00000000fec00000, 0x00000000ff11b780, 0x00000000ff160000)
  from space 640K,   1% used [0x00000000ff160000, 0x00000000ff162040, 0x00000000ff200000)
  to   space 640K,   0% used [0x00000000ff200000, 0x00000000ff200000, 0x00000000ff2a0000)
 concurrent mark-sweep generation total 13696K, used 6313K [0x00000000ff2a0000, 0x0000000100000000, 0x0000000100000000)
 Metaspace       used 5073K, capacity 5258K, committed 5504K, reserved 1056768K
  class space    used 557K, capacity 597K, committed 640K, reserved 1048576K
2024-07-16T18:26:15.526+0800: 2.330: [GC (Allocation Failure) 2024-07-16T18:26:15.526+0800: 2.330: [ParNew: 5237K->8K(6144K), 0.0011486 secs] 11551K->7347K(19840K), 0.0012520 secs] [Times: user=0.00 sys=0.00, real=0.00 secs] 
Heap after GC invocations=294 (full 37):
 par new generation   total 6144K, used 8K [0x00000000fec00000, 0x00000000ff2a0000, 0x00000000ff2a0000)
  eden space 5504K,   0% used [0x00000000fec00000, 0x00000000fec00000, 0x00000000ff160000)
  from space 640K,   1% used [0x00000000ff200000, 0x00000000ff202040, 0x00000000ff2a0000)
  to   space 640K,   0% used [0x00000000ff160000, 0x00000000ff160000, 0x00000000ff200000)
 concurrent mark-sweep generation total 13696K, used 7339K [0x00000000ff2a0000, 0x0000000100000000, 0x0000000100000000)
 Metaspace       used 5073K, capacity 5258K, committed 5504K, reserved 1056768K
  class space    used 557K, capacity 597K, committed 640K, reserved 1048576K
}
2024-07-16T18:26:15.527+0800: 2.332: [GC (CMS Initial Mark) [1 CMS-initial-mark: 7339K(13696K)] 8373K(19840K), 0.0004845 secs] [Times: user=0.00 sys=0.00, real=0.00 secs] 
2024-07-16T18:26:15.528+0800: 2.332: [CMS-concurrent-mark-start]
2024-07-16T18:26:15.530+0800: 2.335: [CMS-concurrent-mark: 0.002/0.002 secs] [Times: user=0.00 sys=0.00, real=0.00 secs] 
2024-07-16T18:26:15.530+0800: 2.335: [CMS-concurrent-preclean-start]
2024-07-16T18:26:15.530+0800: 2.335: [CMS-concurrent-preclean: 0.000/0.000 secs] [Times: user=0.00 sys=0.00, real=0.00 secs] 
2024-07-16T18:26:15.530+0800: 2.335: [CMS-concurrent-abortable-preclean-start]
{Heap before GC invocations=294 (full 38):
 par new generation   total 6144K, used 5237K [0x00000000fec00000, 0x00000000ff2a0000, 0x00000000ff2a0000)
  eden space 5504K,  95% used [0x00000000fec00000, 0x00000000ff11b780, 0x00000000ff160000)
  from space 640K,   1% used [0x00000000ff200000, 0x00000000ff202040, 0x00000000ff2a0000)
  to   space 640K,   0% used [0x00000000ff160000, 0x00000000ff160000, 0x00000000ff200000)
 concurrent mark-sweep generation total 13696K, used 7339K [0x00000000ff2a0000, 0x0000000100000000, 0x0000000100000000)
 Metaspace       used 5073K, capacity 5258K, committed 5504K, reserved 1056768K
  class space    used 557K, capacity 597K, committed 640K, reserved 1048576K
2024-07-16T18:26:15.535+0800: 2.339: [GC (Allocation Failure) 2024-07-16T18:26:15.535+0800: 2.339: [ParNew: 5237K->8K(6144K), 0.0006182 secs] 12577K->8373K(19840K), 0.0006648 secs] [Times: user=0.00 sys=0.00, real=0.00 secs] 
Heap after GC invocations=295 (full 38):
 par new generation   total 6144K, used 8K [0x00000000fec00000, 0x00000000ff2a0000, 0x00000000ff2a0000)
  eden space 5504K,   0% used [0x00000000fec00000, 0x00000000fec00000, 0x00000000ff160000)
  from space 640K,   1% used [0x00000000ff160000, 0x00000000ff162040, 0x00000000ff200000)
  to   space 640K,   0% used [0x00000000ff200000, 0x00000000ff200000, 0x00000000ff2a0000)
 concurrent mark-sweep generation total 13696K, used 8365K [0x00000000ff2a0000, 0x0000000100000000, 0x0000000100000000)
 Metaspace       used 5073K, capacity 5258K, committed 5504K, reserved 1056768K
  class space    used 557K, capacity 597K, committed 640K, reserved 1048576K
}
{Heap before GC invocations=295 (full 38):
 par new generation   total 6144K, used 5237K [0x00000000fec00000, 0x00000000ff2a0000, 0x00000000ff2a0000)
  eden space 5504K,  95% used [0x00000000fec00000, 0x00000000ff11b780, 0x00000000ff160000)
  from space 640K,   1% used [0x00000000ff160000, 0x00000000ff162040, 0x00000000ff200000)
  to   space 640K,   0% used [0x00000000ff200000, 0x00000000ff200000, 0x00000000ff2a0000)
 concurrent mark-sweep generation total 13696K, used 8365K [0x00000000ff2a0000, 0x0000000100000000, 0x0000000100000000)
 Metaspace       used 5073K, capacity 5258K, committed 5504K, reserved 1056768K
  class space    used 557K, capacity 597K, committed 640K, reserved 1048576K
2024-07-16T18:26:15.543+0800: 2.347: [GC (Allocation Failure) 2024-07-16T18:26:15.543+0800: 2.347: [ParNew: 5237K->10K(6144K), 0.0010572 secs] 13603K->9401K(19840K), 0.0011079 secs] [Times: user=0.00 sys=0.00, real=0.00 secs] 
Heap after GC invocations=296 (full 38):
 par new generation   total 6144K, used 10K [0x00000000fec00000, 0x00000000ff2a0000, 0x00000000ff2a0000)
  eden space 5504K,   0% used [0x00000000fec00000, 0x00000000fec00000, 0x00000000ff160000)
  from space 640K,   1% used [0x00000000ff200000, 0x00000000ff202850, 0x00000000ff2a0000)
  to   space 640K,   0% used [0x00000000ff160000, 0x00000000ff160000, 0x00000000ff200000)
 concurrent mark-sweep generation total 13696K, used 9391K [0x00000000ff2a0000, 0x0000000100000000, 0x0000000100000000)
 Metaspace       used 5073K, capacity 5258K, committed 5504K, reserved 1056768K
  class space    used 557K, capacity 597K, committed 640K, reserved 1048576K
}
{Heap before GC invocations=296 (full 38):
 par new generation   total 6144K, used 5239K [0x00000000fec00000, 0x00000000ff2a0000, 0x00000000ff2a0000)
  eden space 5504K,  95% used [0x00000000fec00000, 0x00000000ff11b780, 0x00000000ff160000)
  from space 640K,   1% used [0x00000000ff200000, 0x00000000ff202850, 0x00000000ff2a0000)
  to   space 640K,   0% used [0x00000000ff160000, 0x00000000ff160000, 0x00000000ff200000)
 concurrent mark-sweep generation total 13696K, used 9391K [0x00000000ff2a0000, 0x0000000100000000, 0x0000000100000000)
 Metaspace       used 5073K, capacity 5258K, committed 5504K, reserved 1056768K
  class space    used 557K, capacity 597K, committed 640K, reserved 1048576K
2024-07-16T18:26:15.550+0800: 2.354: [GC (Allocation Failure) 2024-07-16T18:26:15.550+0800: 2.354: [ParNew: 5239K->10K(6144K), 0.0010080 secs] 14631K->10427K(19840K), 0.0010562 secs] [Times: user=0.00 sys=0.00, real=0.00 secs] 
Heap after GC invocations=297 (full 38):
 par new generation   total 6144K, used 10K [0x00000000fec00000, 0x00000000ff2a0000, 0x00000000ff2a0000)
  eden space 5504K,   0% used [0x00000000fec00000, 0x00000000fec00000, 0x00000000ff160000)
  from space 640K,   1% used [0x00000000ff160000, 0x00000000ff162850, 0x00000000ff200000)
  to   space 640K,   0% used [0x00000000ff200000, 0x00000000ff200000, 0x00000000ff2a0000)
 concurrent mark-sweep generation total 13696K, used 10417K [0x00000000ff2a0000, 0x0000000100000000, 0x0000000100000000)
 Metaspace       used 5073K, capacity 5258K, committed 5504K, reserved 1056768K
  class space    used 557K, capacity 597K, committed 640K, reserved 1048576K
}
{Heap before GC invocations=297 (full 38):
 par new generation   total 6144K, used 5239K [0x00000000fec00000, 0x00000000ff2a0000, 0x00000000ff2a0000)
  eden space 5504K,  95% used [0x00000000fec00000, 0x00000000ff11b780, 0x00000000ff160000)
  from space 640K,   1% used [0x00000000ff160000, 0x00000000ff162850, 0x00000000ff200000)
  to   space 640K,   0% used [0x00000000ff200000, 0x00000000ff200000, 0x00000000ff2a0000)
 concurrent mark-sweep generation total 13696K, used 10417K [0x00000000ff2a0000, 0x0000000100000000, 0x0000000100000000)
 Metaspace       used 5073K, capacity 5258K, committed 5504K, reserved 1056768K
  class space    used 557K, capacity 597K, committed 640K, reserved 1048576K
2024-07-16T18:26:15.557+0800: 2.361: [GC (Allocation Failure) 2024-07-16T18:26:15.557+0800: 2.361: [ParNew: 5239K->10K(6144K), 0.0015978 secs] 15657K->12475K(19840K), 0.0016860 secs] [Times: user=0.00 sys=0.00, real=0.00 secs] 
Heap after GC invocations=298 (full 38):
 par new generation   total 6144K, used 10K [0x00000000fec00000, 0x00000000ff2a0000, 0x00000000ff2a0000)
  eden space 5504K,   0% used [0x00000000fec00000, 0x00000000fec00000, 0x00000000ff160000)
  from space 640K,   1% used [0x00000000ff200000, 0x00000000ff202850, 0x00000000ff2a0000)
  to   space 640K,   0% used [0x00000000ff160000, 0x00000000ff160000, 0x00000000ff200000)
 concurrent mark-sweep generation total 13696K, used 12465K [0x00000000ff2a0000, 0x0000000100000000, 0x0000000100000000)
 Metaspace       used 5073K, capacity 5258K, committed 5504K, reserved 1056768K
  class space    used 557K, capacity 597K, committed 640K, reserved 1048576K
}
{Heap before GC invocations=298 (full 38):
 par new generation   total 6144K, used 5239K [0x00000000fec00000, 0x00000000ff2a0000, 0x00000000ff2a0000)
  eden space 5504K,  95% used [0x00000000fec00000, 0x00000000ff11b780, 0x00000000ff160000)
  from space 640K,   1% used [0x00000000ff200000, 0x00000000ff202850, 0x00000000ff2a0000)
  to   space 640K,   0% used [0x00000000ff160000, 0x00000000ff160000, 0x00000000ff200000)
 concurrent mark-sweep generation total 13696K, used 12465K [0x00000000ff2a0000, 0x0000000100000000, 0x0000000100000000)
 Metaspace       used 5073K, capacity 5258K, committed 5504K, reserved 1056768K
  class space    used 557K, capacity 597K, committed 640K, reserved 1048576K
2024-07-16T18:26:15.567+0800: 2.371: [GC (Allocation Failure) 2024-07-16T18:26:15.567+0800: 2.371: [ParNew: 5239K->5239K(6144K), 0.0000194 secs]2024-07-16T18:26:15.567+0800: 2.371: [CMS2024-07-16T18:26:15.567+0800: 2.371: [CMS-concurrent-abortable-preclean: 0.000/0.036 secs] [Times: user=0.00 sys=0.00, real=0.04 secs] 
 (concurrent mode failure): 12465K->2211K(13696K), 0.0044113 secs] 17705K->2211K(19840K), [Metaspace: 5073K->5073K(1056768K)], 0.0045060 secs] [Times: user=0.00 sys=0.00, real=0.00 secs] 
Heap after GC invocations=299 (full 39):
 par new generation   total 6144K, used 0K [0x00000000fec00000, 0x00000000ff2a0000, 0x00000000ff2a0000)
  eden space 5504K,   0% used [0x00000000fec00000, 0x00000000fec00000, 0x00000000ff160000)
  from space 640K,   0% used [0x00000000ff200000, 0x00000000ff200000, 0x00000000ff2a0000)
  to   space 640K,   0% used [0x00000000ff160000, 0x00000000ff160000, 0x00000000ff200000)
 concurrent mark-sweep generation total 13696K, used 2211K [0x00000000ff2a0000, 0x0000000100000000, 0x0000000100000000)
 Metaspace       used 5073K, capacity 5258K, committed 5504K, reserved 1056768K
  class space    used 557K, capacity 597K, committed 640K, reserved 1048576K
}
{Heap before GC invocations=299 (full 39):
 par new generation   total 6144K, used 5229K [0x00000000fec00000, 0x00000000ff2a0000, 0x00000000ff2a0000)
  eden space 5504K,  95% used [0x00000000fec00000, 0x00000000ff11b780, 0x00000000ff160000)
  from space 640K,   0% used [0x00000000ff200000, 0x00000000ff200000, 0x00000000ff2a0000)
  to   space 640K,   0% used [0x00000000ff160000, 0x00000000ff160000, 0x00000000ff200000)
 concurrent mark-sweep generation total 13696K, used 2211K [0x00000000ff2a0000, 0x0000000100000000, 0x0000000100000000)
 Metaspace       used 5073K, capacity 5258K, committed 5504K, reserved 1056768K
  class space    used 557K, capacity 597K, committed 640K, reserved 1048576K
2024-07-16T18:26:15.577+0800: 2.381: [GC (Allocation Failure) 2024-07-16T18:26:15.577+0800: 2.381: [ParNew: 5229K->8K(6144K), 0.0010895 secs] 7440K->3245K(19840K), 0.0011692 secs] [Times: user=0.00 sys=0.00, real=0.00 secs] 
Heap after GC invocations=300 (full 39):
 par new generation   total 6144K, used 8K [0x00000000fec00000, 0x00000000ff2a0000, 0x00000000ff2a0000)
  eden space 5504K,   0% used [0x00000000fec00000, 0x00000000fec00000, 0x00000000ff160000)
  from space 640K,   1% used [0x00000000ff160000, 0x00000000ff162040, 0x00000000ff200000)
  to   space 640K,   0% used [0x00000000ff200000, 0x00000000ff200000, 0x00000000ff2a0000)
 concurrent mark-sweep generation total 13696K, used 3237K [0x00000000ff2a0000, 0x0000000100000000, 0x0000000100000000)
 Metaspace       used 5073K, capacity 5258K, committed 5504K, reserved 1056768K
  class space    used 557K, capacity 597K, committed 640K, reserved 1048576K
}
{Heap before GC invocations=300 (full 39):
 par new generation   total 6144K, used 5237K [0x00000000fec00000, 0x00000000ff2a0000, 0x00000000ff2a0000)
  eden space 5504K,  95% used [0x00000000fec00000, 0x00000000ff11b780, 0x00000000ff160000)
  from space 640K,   1% used [0x00000000ff160000, 0x00000000ff162040, 0x00000000ff200000)
  to   space 640K,   0% used [0x00000000ff200000, 0x00000000ff200000, 0x00000000ff2a0000)
 concurrent mark-sweep generation total 13696K, used 3237K [0x00000000ff2a0000, 0x0000000100000000, 0x0000000100000000)
 Metaspace       used 5073K, capacity 5258K, committed 5504K, reserved 1056768K
  class space    used 557K, capacity 597K, committed 640K, reserved 1048576K
2024-07-16T18:26:15.585+0800: 2.389: [GC (Allocation Failure) 2024-07-16T18:26:15.585+0800: 2.389: [ParNew: 5237K->2K(6144K), 0.0008745 secs] 8475K->3239K(19840K), 0.0010061 secs] [Times: user=0.00 sys=0.00, real=0.00 secs] 
Heap after GC invocations=301 (full 39):
 par new generation   total 6144K, used 2K [0x00000000fec00000, 0x00000000ff2a0000, 0x00000000ff2a0000)
  eden space 5504K,   0% used [0x00000000fec00000, 0x00000000fec00000, 0x00000000ff160000)
  from space 640K,   0% used [0x00000000ff200000, 0x00000000ff200810, 0x00000000ff2a0000)
  to   space 640K,   0% used [0x00000000ff160000, 0x00000000ff160000, 0x00000000ff200000)
 concurrent mark-sweep generation total 13696K, used 3237K [0x00000000ff2a0000, 0x0000000100000000, 0x0000000100000000)
 Metaspace       used 5073K, capacity 5258K, committed 5504K, reserved 1056768K
  class space    used 557K, capacity 597K, committed 640K, reserved 1048576K
}
{Heap before GC invocations=301 (full 39):
 par new generation   total 6144K, used 5231K [0x00000000fec00000, 0x00000000ff2a0000, 0x00000000ff2a0000)
  eden space 5504K,  95% used [0x00000000fec00000, 0x00000000ff11b780, 0x00000000ff160000)
  from space 640K,   0% used [0x00000000ff200000, 0x00000000ff200810, 0x00000000ff2a0000)
  to   space 640K,   0% used [0x00000000ff160000, 0x00000000ff160000, 0x00000000ff200000)
 concurrent mark-sweep generation total 13696K, used 3237K [0x00000000ff2a0000, 0x0000000100000000, 0x0000000100000000)
 Metaspace       used 5073K, capacity 5258K, committed 5504K, reserved 1056768K
  class space    used 557K, capacity 597K, committed 640K, reserved 1048576K
2024-07-16T18:26:15.592+0800: 2.396: [GC (Allocation Failure) 2024-07-16T18:26:15.592+0800: 2.396: [ParNew: 5231K->6K(6144K), 0.0011837 secs] 8468K->4269K(19840K), 0.0012483 secs] [Times: user=0.00 sys=0.00, real=0.00 secs] 
Heap after GC invocations=302 (full 39):
 par new generation   total 6144K, used 6K [0x00000000fec00000, 0x00000000ff2a0000, 0x00000000ff2a0000)
  eden space 5504K,   0% used [0x00000000fec00000, 0x00000000fec00000, 0x00000000ff160000)
  from space 640K,   0% used [0x00000000ff160000, 0x00000000ff161830, 0x00000000ff200000)
  to   space 640K,   0% used [0x00000000ff200000, 0x00000000ff200000, 0x00000000ff2a0000)
 concurrent mark-sweep generation total 13696K, used 4263K [0x00000000ff2a0000, 0x0000000100000000, 0x0000000100000000)
 Metaspace       used 5073K, capacity 5258K, committed 5504K, reserved 1056768K
  class space    used 557K, capacity 597K, committed 640K, reserved 1048576K
}
{Heap before GC invocations=302 (full 39):
 par new generation   total 6144K, used 5235K [0x00000000fec00000, 0x00000000ff2a0000, 0x00000000ff2a0000)
  eden space 5504K,  95% used [0x00000000fec00000, 0x00000000ff11b780, 0x00000000ff160000)
  from space 640K,   0% used [0x00000000ff160000, 0x00000000ff161830, 0x00000000ff200000)
  to   space 640K,   0% used [0x00000000ff200000, 0x00000000ff200000, 0x00000000ff2a0000)
 concurrent mark-sweep generation total 13696K, used 4263K [0x00000000ff2a0000, 0x0000000100000000, 0x0000000100000000)
 Metaspace       used 5073K, capacity 5258K, committed 5504K, reserved 1056768K
  class space    used 557K, capacity 597K, committed 640K, reserved 1048576K
2024-07-16T18:26:15.601+0800: 2.405: [GC (Allocation Failure) 2024-07-16T18:26:15.601+0800: 2.405: [ParNew: 5235K->10K(6144K), 0.0015432 secs] 9499K->5299K(19840K), 0.0016457 secs] [Times: user=0.00 sys=0.00, real=0.00 secs] 
Heap after GC invocations=303 (full 39):
 par new generation   total 6144K, used 10K [0x00000000fec00000, 0x00000000ff2a0000, 0x00000000ff2a0000)
  eden space 5504K,   0% used [0x00000000fec00000, 0x00000000fec00000, 0x00000000ff160000)
  from space 640K,   1% used [0x00000000ff200000, 0x00000000ff202850, 0x00000000ff2a0000)
  to   space 640K,   0% used [0x00000000ff160000, 0x00000000ff160000, 0x00000000ff200000)
 concurrent mark-sweep generation total 13696K, used 5289K [0x00000000ff2a0000, 0x0000000100000000, 0x0000000100000000)
 Metaspace       used 5073K, capacity 5258K, committed 5504K, reserved 1056768K
  class space    used 557K, capacity 597K, committed 640K, reserved 1048576K
}
{Heap before GC invocations=303 (full 39):
 par new generation   total 6144K, used 5239K [0x00000000fec00000, 0x00000000ff2a0000, 0x00000000ff2a0000)
  eden space 5504K,  95% used [0x00000000fec00000, 0x00000000ff11b780, 0x00000000ff160000)
  from space 640K,   1% used [0x00000000ff200000, 0x00000000ff202850, 0x00000000ff2a0000)
  to   space 640K,   0% used [0x00000000ff160000, 0x00000000ff160000, 0x00000000ff200000)
 concurrent mark-sweep generation total 13696K, used 5289K [0x00000000ff2a0000, 0x0000000100000000, 0x0000000100000000)
 Metaspace       used 5073K, capacity 5258K, committed 5504K, reserved 1056768K
  class space    used 557K, capacity 597K, committed 640K, reserved 1048576K
2024-07-16T18:26:15.610+0800: 2.414: [GC (Allocation Failure) 2024-07-16T18:26:15.610+0800: 2.414: [ParNew: 5239K->8K(6144K), 0.0015897 secs] 10529K->6321K(19840K), 0.0016878 secs] [Times: user=0.00 sys=0.00, real=0.00 secs] 
Heap after GC invocations=304 (full 39):
 par new generation   total 6144K, used 8K [0x00000000fec00000, 0x00000000ff2a0000, 0x00000000ff2a0000)
  eden space 5504K,   0% used [0x00000000fec00000, 0x00000000fec00000, 0x00000000ff160000)
  from space 640K,   1% used [0x00000000ff160000, 0x00000000ff162040, 0x00000000ff200000)
  to   space 640K,   0% used [0x00000000ff200000, 0x00000000ff200000, 0x00000000ff2a0000)
 concurrent mark-sweep generation total 13696K, used 6313K [0x00000000ff2a0000, 0x0000000100000000, 0x0000000100000000)
 Metaspace       used 5073K, capacity 5258K, committed 5504K, reserved 1056768K
  class space    used 557K, capacity 597K, committed 640K, reserved 1048576K
}
{Heap before GC invocations=304 (full 39):
 par new generation   total 6144K, used 5237K [0x00000000fec00000, 0x00000000ff2a0000, 0x00000000ff2a0000)
  eden space 5504K,  95% used [0x00000000fec00000, 0x00000000ff11b780, 0x00000000ff160000)
  from space 640K,   1% used [0x00000000ff160000, 0x00000000ff162040, 0x00000000ff200000)
  to   space 640K,   0% used [0x00000000ff200000, 0x00000000ff200000, 0x00000000ff2a0000)
 concurrent mark-sweep generation total 13696K, used 6313K [0x00000000ff2a0000, 0x0000000100000000, 0x0000000100000000)
 Metaspace       used 5073K, capacity 5258K, committed 5504K, reserved 1056768K
  class space    used 557K, capacity 597K, committed 640K, reserved 1048576K
2024-07-16T18:26:15.620+0800: 2.424: [GC (Allocation Failure) 2024-07-16T18:26:15.620+0800: 2.424: [ParNew: 5237K->8K(6144K), 0.0006130 secs] 11551K->7347K(19840K), 0.0007067 secs] [Times: user=0.00 sys=0.00, real=0.00 secs] 
Heap after GC invocations=305 (full 39):
 par new generation   total 6144K, used 8K [0x00000000fec00000, 0x00000000ff2a0000, 0x00000000ff2a0000)
  eden space 5504K,   0% used [0x00000000fec00000, 0x00000000fec00000, 0x00000000ff160000)
  from space 640K,   1% used [0x00000000ff200000, 0x00000000ff202040, 0x00000000ff2a0000)
  to   space 640K,   0% used [0x00000000ff160000, 0x00000000ff160000, 0x00000000ff200000)
 concurrent mark-sweep generation total 13696K, used 7339K [0x00000000ff2a0000, 0x0000000100000000, 0x0000000100000000)
 Metaspace       used 5073K, capacity 5258K, committed 5504K, reserved 1056768K
  class space    used 557K, capacity 597K, committed 640K, reserved 1048576K
}
2024-07-16T18:26:15.621+0800: 2.425: [GC (CMS Initial Mark) [1 CMS-initial-mark: 7339K(13696K)] 8371K(19840K), 0.0002063 secs] [Times: user=0.00 sys=0.00, real=0.00 secs] 
2024-07-16T18:26:15.621+0800: 2.425: [CMS-concurrent-mark-start]
2024-07-16T18:26:15.625+0800: 2.429: [CMS-concurrent-mark: 0.004/0.004 secs] [Times: user=0.00 sys=0.00, real=0.00 secs] 
2024-07-16T18:26:15.625+0800: 2.429: [CMS-concurrent-preclean-start]
2024-07-16T18:26:15.625+0800: 2.429: [CMS-concurrent-preclean: 0.000/0.000 secs] [Times: user=0.00 sys=0.00, real=0.00 secs] 
2024-07-16T18:26:15.625+0800: 2.429: [CMS-concurrent-abortable-preclean-start]
{Heap before GC invocations=305 (full 40):
 par new generation   total 6144K, used 5237K [0x00000000fec00000, 0x00000000ff2a0000, 0x00000000ff2a0000)
  eden space 5504K,  95% used [0x00000000fec00000, 0x00000000ff11b780, 0x00000000ff160000)
  from space 640K,   1% used [0x00000000ff200000, 0x00000000ff202040, 0x00000000ff2a0000)
  to   space 640K,   0% used [0x00000000ff160000, 0x00000000ff160000, 0x00000000ff200000)
 concurrent mark-sweep generation total 13696K, used 7339K [0x00000000ff2a0000, 0x0000000100000000, 0x0000000100000000)
 Metaspace       used 5073K, capacity 5258K, committed 5504K, reserved 1056768K
  class space    used 557K, capacity 597K, committed 640K, reserved 1048576K
2024-07-16T18:26:15.628+0800: 2.432: [GC (Allocation Failure) 2024-07-16T18:26:15.628+0800: 2.432: [ParNew: 5237K->4K(6144K), 0.0002607 secs] 12577K->7343K(19840K), 0.0002893 secs] [Times: user=0.00 sys=0.00, real=0.00 secs] 
Heap after GC invocations=306 (full 40):
 par new generation   total 6144K, used 4K [0x00000000fec00000, 0x00000000ff2a0000, 0x00000000ff2a0000)
  eden space 5504K,   0% used [0x00000000fec00000, 0x00000000fec00000, 0x00000000ff160000)
  from space 640K,   0% used [0x00000000ff160000, 0x00000000ff161020, 0x00000000ff200000)
  to   space 640K,   0% used [0x00000000ff200000, 0x00000000ff200000, 0x00000000ff2a0000)
 concurrent mark-sweep generation total 13696K, used 7339K [0x00000000ff2a0000, 0x0000000100000000, 0x0000000100000000)
 Metaspace       used 5073K, capacity 5258K, committed 5504K, reserved 1056768K
  class space    used 557K, capacity 597K, committed 640K, reserved 1048576K
}
{Heap before GC invocations=306 (full 40):
 par new generation   total 6144K, used 5233K [0x00000000fec00000, 0x00000000ff2a0000, 0x00000000ff2a0000)
  eden space 5504K,  95% used [0x00000000fec00000, 0x00000000ff11b780, 0x00000000ff160000)
  from space 640K,   0% used [0x00000000ff160000, 0x00000000ff161020, 0x00000000ff200000)
  to   space 640K,   0% used [0x00000000ff200000, 0x00000000ff200000, 0x00000000ff2a0000)
 concurrent mark-sweep generation total 13696K, used 7339K [0x00000000ff2a0000, 0x0000000100000000, 0x0000000100000000)
 Metaspace       used 5073K, capacity 5258K, committed 5504K, reserved 1056768K
  class space    used 557K, capacity 597K, committed 640K, reserved 1048576K
2024-07-16T18:26:15.637+0800: 2.441: [GC (Allocation Failure) 2024-07-16T18:26:15.637+0800: 2.441: [ParNew: 5233K->4K(6144K), 0.0003148 secs] 12573K->7343K(19840K), 0.0003506 secs] [Times: user=0.00 sys=0.00, real=0.00 secs] 
Heap after GC invocations=307 (full 40):
 par new generation   total 6144K, used 4K [0x00000000fec00000, 0x00000000ff2a0000, 0x00000000ff2a0000)
  eden space 5504K,   0% used [0x00000000fec00000, 0x00000000fec00000, 0x00000000ff160000)
  from space 640K,   0% used [0x00000000ff200000, 0x00000000ff201020, 0x00000000ff2a0000)
  to   space 640K,   0% used [0x00000000ff160000, 0x00000000ff160000, 0x00000000ff200000)
 concurrent mark-sweep generation total 13696K, used 7339K [0x00000000ff2a0000, 0x0000000100000000, 0x0000000100000000)
 Metaspace       used 5073K, capacity 5258K, committed 5504K, reserved 1056768K
  class space    used 557K, capacity 597K, committed 640K, reserved 1048576K
}
{Heap before GC invocations=307 (full 40):
 par new generation   total 6144K, used 5233K [0x00000000fec00000, 0x00000000ff2a0000, 0x00000000ff2a0000)
  eden space 5504K,  95% used [0x00000000fec00000, 0x00000000ff11b780, 0x00000000ff160000)
  from space 640K,   0% used [0x00000000ff200000, 0x00000000ff201020, 0x00000000ff2a0000)
  to   space 640K,   0% used [0x00000000ff160000, 0x00000000ff160000, 0x00000000ff200000)
 concurrent mark-sweep generation total 13696K, used 7339K [0x00000000ff2a0000, 0x0000000100000000, 0x0000000100000000)
 Metaspace       used 5073K, capacity 5258K, committed 5504K, reserved 1056768K
  class space    used 557K, capacity 597K, committed 640K, reserved 1048576K
2024-07-16T18:26:15.644+0800: 2.448: [GC (Allocation Failure) 2024-07-16T18:26:15.644+0800: 2.448: [ParNew: 5233K->8K(6144K), 0.0003825 secs] 12573K->8373K(19840K), 0.0004129 secs] [Times: user=0.00 sys=0.00, real=0.00 secs] 
Heap after GC invocations=308 (full 40):
 par new generation   total 6144K, used 8K [0x00000000fec00000, 0x00000000ff2a0000, 0x00000000ff2a0000)
  eden space 5504K,   0% used [0x00000000fec00000, 0x00000000fec00000, 0x00000000ff160000)
  from space 640K,   1% used [0x00000000ff160000, 0x00000000ff162040, 0x00000000ff200000)
  to   space 640K,   0% used [0x00000000ff200000, 0x00000000ff200000, 0x00000000ff2a0000)
 concurrent mark-sweep generation total 13696K, used 8365K [0x00000000ff2a0000, 0x0000000100000000, 0x0000000100000000)
 Metaspace       used 5073K, capacity 5258K, committed 5504K, reserved 1056768K
  class space    used 557K, capacity 597K, committed 640K, reserved 1048576K
}
{Heap before GC invocations=308 (full 40):
 par new generation   total 6144K, used 5237K [0x00000000fec00000, 0x00000000ff2a0000, 0x00000000ff2a0000)
  eden space 5504K,  95% used [0x00000000fec00000, 0x00000000ff11b780, 0x00000000ff160000)
  from space 640K,   1% used [0x00000000ff160000, 0x00000000ff162040, 0x00000000ff200000)
  to   space 640K,   0% used [0x00000000ff200000, 0x00000000ff200000, 0x00000000ff2a0000)
 concurrent mark-sweep generation total 13696K, used 8365K [0x00000000ff2a0000, 0x0000000100000000, 0x0000000100000000)
 Metaspace       used 5073K, capacity 5258K, committed 5504K, reserved 1056768K
  class space    used 557K, capacity 597K, committed 640K, reserved 1048576K
2024-07-16T18:26:15.650+0800: 2.454: [GC (Allocation Failure) 2024-07-16T18:26:15.650+0800: 2.454: [ParNew: 5237K->6K(6144K), 0.0003672 secs] 13603K->9397K(19840K), 0.0004041 secs] [Times: user=0.00 sys=0.00, real=0.00 secs] 
Heap after GC invocations=309 (full 40):
 par new generation   total 6144K, used 6K [0x00000000fec00000, 0x00000000ff2a0000, 0x00000000ff2a0000)
  eden space 5504K,   0% used [0x00000000fec00000, 0x00000000fec00000, 0x00000000ff160000)
  from space 640K,   0% used [0x00000000ff200000, 0x00000000ff201830, 0x00000000ff2a0000)
  to   space 640K,   0% used [0x00000000ff160000, 0x00000000ff160000, 0x00000000ff200000)
 concurrent mark-sweep generation total 13696K, used 9391K [0x00000000ff2a0000, 0x0000000100000000, 0x0000000100000000)
 Metaspace       used 5073K, capacity 5258K, committed 5504K, reserved 1056768K
  class space    used 557K, capacity 597K, committed 640K, reserved 1048576K
}
{Heap before GC invocations=309 (full 40):
 par new generation   total 6144K, used 5235K [0x00000000fec00000, 0x00000000ff2a0000, 0x00000000ff2a0000)
  eden space 5504K,  95% used [0x00000000fec00000, 0x00000000ff11b780, 0x00000000ff160000)
  from space 640K,   0% used [0x00000000ff200000, 0x00000000ff201830, 0x00000000ff2a0000)
  to   space 640K,   0% used [0x00000000ff160000, 0x00000000ff160000, 0x00000000ff200000)
 concurrent mark-sweep generation total 13696K, used 9391K [0x00000000ff2a0000, 0x0000000100000000, 0x0000000100000000)
 Metaspace       used 5073K, capacity 5258K, committed 5504K, reserved 1056768K
  class space    used 557K, capacity 597K, committed 640K, reserved 1048576K
2024-07-16T18:26:15.658+0800: 2.462: [GC (Allocation Failure) 2024-07-16T18:26:15.658+0800: 2.462: [ParNew: 5235K->10K(6144K), 0.0004113 secs] 14627K->10425K(19840K), 0.0004461 secs] [Times: user=0.00 sys=0.00, real=0.00 secs] 
Heap after GC invocations=310 (full 40):
 par new generation   total 6144K, used 10K [0x00000000fec00000, 0x00000000ff2a0000, 0x00000000ff2a0000)
  eden space 5504K,   0% used [0x00000000fec00000, 0x00000000fec00000, 0x00000000ff160000)
  from space 640K,   1% used [0x00000000ff160000, 0x00000000ff162850, 0x00000000ff200000)
  to   space 640K,   0% used [0x00000000ff200000, 0x00000000ff200000, 0x00000000ff2a0000)
 concurrent mark-sweep generation total 13696K, used 10415K [0x00000000ff2a0000, 0x0000000100000000, 0x0000000100000000)
 Metaspace       used 5073K, capacity 5258K, committed 5504K, reserved 1056768K
  class space    used 557K, capacity 597K, committed 640K, reserved 1048576K
}
{Heap before GC invocations=310 (full 40):
 par new generation   total 6144K, used 5239K [0x00000000fec00000, 0x00000000ff2a0000, 0x00000000ff2a0000)
  eden space 5504K,  95% used [0x00000000fec00000, 0x00000000ff11b780, 0x00000000ff160000)
  from space 640K,   1% used [0x00000000ff160000, 0x00000000ff162850, 0x00000000ff200000)
  to   space 640K,   0% used [0x00000000ff200000, 0x00000000ff200000, 0x00000000ff2a0000)
 concurrent mark-sweep generation total 13696K, used 10415K [0x00000000ff2a0000, 0x0000000100000000, 0x0000000100000000)
 Metaspace       used 5073K, capacity 5258K, committed 5504K, reserved 1056768K
  class space    used 557K, capacity 597K, committed 640K, reserved 1048576K
2024-07-16T18:26:15.666+0800: 2.470: [GC (Allocation Failure) 2024-07-16T18:26:15.666+0800: 2.470: [ParNew: 5239K->4K(6144K), 0.0002558 secs] 15655K->10419K(19840K), 0.0002897 secs] [Times: user=0.00 sys=0.00, real=0.00 secs] 
Heap after GC invocations=311 (full 40):
 par new generation   total 6144K, used 4K [0x00000000fec00000, 0x00000000ff2a0000, 0x00000000ff2a0000)
  eden space 5504K,   0% used [0x00000000fec00000, 0x00000000fec00000, 0x00000000ff160000)
  from space 640K,   0% used [0x00000000ff200000, 0x00000000ff201020, 0x00000000ff2a0000)
  to   space 640K,   0% used [0x00000000ff160000, 0x00000000ff160000, 0x00000000ff200000)
 concurrent mark-sweep generation total 13696K, used 10415K [0x00000000ff2a0000, 0x0000000100000000, 0x0000000100000000)
 Metaspace       used 5073K, capacity 5258K, committed 5504K, reserved 1056768K
  class space    used 557K, capacity 597K, committed 640K, reserved 1048576K
}
{Heap before GC invocations=311 (full 40):
 par new generation   total 6144K, used 5233K [0x00000000fec00000, 0x00000000ff2a0000, 0x00000000ff2a0000)
  eden space 5504K,  95% used [0x00000000fec00000, 0x00000000ff11b780, 0x00000000ff160000)
  from space 640K,   0% used [0x00000000ff200000, 0x00000000ff201020, 0x00000000ff2a0000)
  to   space 640K,   0% used [0x00000000ff160000, 0x00000000ff160000, 0x00000000ff200000)
 concurrent mark-sweep generation total 13696K, used 10415K [0x00000000ff2a0000, 0x0000000100000000, 0x0000000100000000)
 Metaspace       used 5073K, capacity 5258K, committed 5504K, reserved 1056768K
  class space    used 557K, capacity 597K, committed 640K, reserved 1048576K
2024-07-16T18:26:15.673+0800: 2.477: [GC (Allocation Failure) 2024-07-16T18:26:15.673+0800: 2.477: [ParNew: 5233K->8K(6144K), 0.0004166 secs] 15649K->11447K(19840K), 0.0004549 secs] [Times: user=0.00 sys=0.00, real=0.00 secs] 
Heap after GC invocations=312 (full 40):
 par new generation   total 6144K, used 8K [0x00000000fec00000, 0x00000000ff2a0000, 0x00000000ff2a0000)
  eden space 5504K,   0% used [0x00000000fec00000, 0x00000000fec00000, 0x00000000ff160000)
  from space 640K,   1% used [0x00000000ff160000, 0x00000000ff162040, 0x00000000ff200000)
  to   space 640K,   0% used [0x00000000ff200000, 0x00000000ff200000, 0x00000000ff2a0000)
 concurrent mark-sweep generation total 13696K, used 11439K [0x00000000ff2a0000, 0x0000000100000000, 0x0000000100000000)
 Metaspace       used 5073K, capacity 5258K, committed 5504K, reserved 1056768K
  class space    used 557K, capacity 597K, committed 640K, reserved 1048576K
}
{Heap before GC invocations=312 (full 40):
 par new generation   total 6144K, used 5237K [0x00000000fec00000, 0x00000000ff2a0000, 0x00000000ff2a0000)
  eden space 5504K,  95% used [0x00000000fec00000, 0x00000000ff11b780, 0x00000000ff160000)
  from space 640K,   1% used [0x00000000ff160000, 0x00000000ff162040, 0x00000000ff200000)
  to   space 640K,   0% used [0x00000000ff200000, 0x00000000ff200000, 0x00000000ff2a0000)
 concurrent mark-sweep generation total 13696K, used 11439K [0x00000000ff2a0000, 0x0000000100000000, 0x0000000100000000)
 Metaspace       used 5073K, capacity 5258K, committed 5504K, reserved 1056768K
  class space    used 557K, capacity 597K, committed 640K, reserved 1048576K
2024-07-16T18:26:15.679+0800: 2.483: [GC (Allocation Failure) 2024-07-16T18:26:15.679+0800: 2.483: [ParNew: 5237K->8K(6144K), 0.0004480 secs] 16677K->12473K(19840K), 0.0004881 secs] [Times: user=0.00 sys=0.00, real=0.00 secs] 
Heap after GC invocations=313 (full 40):
 par new generation   total 6144K, used 8K [0x00000000fec00000, 0x00000000ff2a0000, 0x00000000ff2a0000)
  eden space 5504K,   0% used [0x00000000fec00000, 0x00000000fec00000, 0x00000000ff160000)
  from space 640K,   1% used [0x00000000ff200000, 0x00000000ff202040, 0x00000000ff2a0000)
  to   space 640K,   0% used [0x00000000ff160000, 0x00000000ff160000, 0x00000000ff200000)
 concurrent mark-sweep generation total 13696K, used 12465K [0x00000000ff2a0000, 0x0000000100000000, 0x0000000100000000)
 Metaspace       used 5073K, capacity 5258K, committed 5504K, reserved 1056768K
  class space    used 557K, capacity 597K, committed 640K, reserved 1048576K
}
{Heap before GC invocations=313 (full 40):
 par new generation   total 6144K, used 5237K [0x00000000fec00000, 0x00000000ff2a0000, 0x00000000ff2a0000)
  eden space 5504K,  95% used [0x00000000fec00000, 0x00000000ff11b780, 0x00000000ff160000)
  from space 640K,   1% used [0x00000000ff200000, 0x00000000ff202040, 0x00000000ff2a0000)
  to   space 640K,   0% used [0x00000000ff160000, 0x00000000ff160000, 0x00000000ff200000)
 concurrent mark-sweep generation total 13696K, used 12465K [0x00000000ff2a0000, 0x0000000100000000, 0x0000000100000000)
 Metaspace       used 5073K, capacity 5258K, committed 5504K, reserved 1056768K
  class space    used 557K, capacity 597K, committed 640K, reserved 1048576K
2024-07-16T18:26:15.685+0800: 2.489: [GC (Allocation Failure) 2024-07-16T18:26:15.685+0800: 2.489: [ParNew: 5237K->5237K(6144K), 0.0000101 secs]2024-07-16T18:26:15.685+0800: 2.489: [CMS2024-07-16T18:26:15.685+0800: 2.489: [CMS-concurrent-abortable-preclean: 0.000/0.059 secs] [Times: user=0.00 sys=0.00, real=0.06 secs] 
 (concurrent mode failure): 12465K->2211K(13696K), 0.0022421 secs] 17703K->2211K(19840K), [Metaspace: 5073K->5073K(1056768K)], 0.0022966 secs] [Times: user=0.00 sys=0.00, real=0.00 secs] 
Heap after GC invocations=314 (full 41):
 par new generation   total 6144K, used 0K [0x00000000fec00000, 0x00000000ff2a0000, 0x00000000ff2a0000)
  eden space 5504K,   0% used [0x00000000fec00000, 0x00000000fec00000, 0x00000000ff160000)
  from space 640K,   0% used [0x00000000ff200000, 0x00000000ff200000, 0x00000000ff2a0000)
  to   space 640K,   0% used [0x00000000ff160000, 0x00000000ff160000, 0x00000000ff200000)
 concurrent mark-sweep generation total 13696K, used 2211K [0x00000000ff2a0000, 0x0000000100000000, 0x0000000100000000)
 Metaspace       used 5073K, capacity 5258K, committed 5504K, reserved 1056768K
  class space    used 557K, capacity 597K, committed 640K, reserved 1048576K
}
{Heap before GC invocations=314 (full 41):
 par new generation   total 6144K, used 5229K [0x00000000fec00000, 0x00000000ff2a0000, 0x00000000ff2a0000)
  eden space 5504K,  95% used [0x00000000fec00000, 0x00000000ff11b780, 0x00000000ff160000)
  from space 640K,   0% used [0x00000000ff200000, 0x00000000ff200000, 0x00000000ff2a0000)
  to   space 640K,   0% used [0x00000000ff160000, 0x00000000ff160000, 0x00000000ff200000)
 concurrent mark-sweep generation total 13696K, used 2211K [0x00000000ff2a0000, 0x0000000100000000, 0x0000000100000000)
 Metaspace       used 5073K, capacity 5258K, committed 5504K, reserved 1056768K
  class space    used 557K, capacity 597K, committed 640K, reserved 1048576K
2024-07-16T18:26:15.692+0800: 2.496: [GC (Allocation Failure) 2024-07-16T18:26:15.692+0800: 2.496: [ParNew: 5229K->8K(6144K), 0.0004181 secs] 7440K->3245K(19840K), 0.0004535 secs] [Times: user=0.00 sys=0.00, real=0.00 secs] 
Heap after GC invocations=315 (full 41):
 par new generation   total 6144K, used 8K [0x00000000fec00000, 0x00000000ff2a0000, 0x00000000ff2a0000)
  eden space 5504K,   0% used [0x00000000fec00000, 0x00000000fec00000, 0x00000000ff160000)
  from space 640K,   1% used [0x00000000ff160000, 0x00000000ff162040, 0x00000000ff200000)
  to   space 640K,   0% used [0x00000000ff200000, 0x00000000ff200000, 0x00000000ff2a0000)
 concurrent mark-sweep generation total 13696K, used 3237K [0x00000000ff2a0000, 0x0000000100000000, 0x0000000100000000)
 Metaspace       used 5073K, capacity 5258K, committed 5504K, reserved 1056768K
  class space    used 557K, capacity 597K, committed 640K, reserved 1048576K
}
{Heap before GC invocations=315 (full 41):
 par new generation   total 6144K, used 5237K [0x00000000fec00000, 0x00000000ff2a0000, 0x00000000ff2a0000)
  eden space 5504K,  95% used [0x00000000fec00000, 0x00000000ff11b780, 0x00000000ff160000)
  from space 640K,   1% used [0x00000000ff160000, 0x00000000ff162040, 0x00000000ff200000)
  to   space 640K,   0% used [0x00000000ff200000, 0x00000000ff200000, 0x00000000ff2a0000)
 concurrent mark-sweep generation total 13696K, used 3237K [0x00000000ff2a0000, 0x0000000100000000, 0x0000000100000000)
 Metaspace       used 5073K, capacity 5258K, committed 5504K, reserved 1056768K
  class space    used 557K, capacity 597K, committed 640K, reserved 1048576K
2024-07-16T18:26:15.698+0800: 2.502: [GC (Allocation Failure) 2024-07-16T18:26:15.698+0800: 2.502: [ParNew: 5237K->8K(6144K), 0.0003858 secs] 8475K->4271K(19840K), 0.0004162 secs] [Times: user=0.00 sys=0.00, real=0.00 secs] 
Heap after GC invocations=316 (full 41):
 par new generation   total 6144K, used 8K [0x00000000fec00000, 0x00000000ff2a0000, 0x00000000ff2a0000)
  eden space 5504K,   0% used [0x00000000fec00000, 0x00000000fec00000, 0x00000000ff160000)
  from space 640K,   1% used [0x00000000ff200000, 0x00000000ff202040, 0x00000000ff2a0000)
  to   space 640K,   0% used [0x00000000ff160000, 0x00000000ff160000, 0x00000000ff200000)
 concurrent mark-sweep generation total 13696K, used 4263K [0x00000000ff2a0000, 0x0000000100000000, 0x0000000100000000)
 Metaspace       used 5073K, capacity 5258K, committed 5504K, reserved 1056768K
  class space    used 557K, capacity 597K, committed 640K, reserved 1048576K
}
{Heap before GC invocations=316 (full 41):
 par new generation   total 6144K, used 5237K [0x00000000fec00000, 0x00000000ff2a0000, 0x00000000ff2a0000)
  eden space 5504K,  95% used [0x00000000fec00000, 0x00000000ff11b780, 0x00000000ff160000)
  from space 640K,   1% used [0x00000000ff200000, 0x00000000ff202040, 0x00000000ff2a0000)
  to   space 640K,   0% used [0x00000000ff160000, 0x00000000ff160000, 0x00000000ff200000)
 concurrent mark-sweep generation total 13696K, used 4263K [0x00000000ff2a0000, 0x0000000100000000, 0x0000000100000000)
 Metaspace       used 5073K, capacity 5258K, committed 5504K, reserved 1056768K
  class space    used 557K, capacity 597K, committed 640K, reserved 1048576K
2024-07-16T18:26:15.703+0800: 2.507: [GC (Allocation Failure) 2024-07-16T18:26:15.703+0800: 2.507: [ParNew: 5237K->8K(6144K), 0.0003675 secs] 9501K->5297K(19840K), 0.0003933 secs] [Times: user=0.00 sys=0.00, real=0.00 secs] 
Heap after GC invocations=317 (full 41):
 par new generation   total 6144K, used 8K [0x00000000fec00000, 0x00000000ff2a0000, 0x00000000ff2a0000)
  eden space 5504K,   0% used [0x00000000fec00000, 0x00000000fec00000, 0x00000000ff160000)
  from space 640K,   1% used [0x00000000ff160000, 0x00000000ff162040, 0x00000000ff200000)
  to   space 640K,   0% used [0x00000000ff200000, 0x00000000ff200000, 0x00000000ff2a0000)
 concurrent mark-sweep generation total 13696K, used 5289K [0x00000000ff2a0000, 0x0000000100000000, 0x0000000100000000)
 Metaspace       used 5073K, capacity 5258K, committed 5504K, reserved 1056768K
  class space    used 557K, capacity 597K, committed 640K, reserved 1048576K
}
2024-07-16T18:26:15.704+0800: 2.508: [GC (CMS Initial Mark) [1 CMS-initial-mark: 5289K(13696K)] 6321K(19840K), 0.0001111 secs] [Times: user=0.00 sys=0.00, real=0.00 secs] 
2024-07-16T18:26:15.704+0800: 2.508: [CMS-concurrent-mark-start]
2024-07-16T18:26:15.705+0800: 2.509: [CMS-concurrent-mark: 0.001/0.001 secs] [Times: user=0.00 sys=0.00, real=0.00 secs] 
2024-07-16T18:26:15.705+0800: 2.509: [CMS-concurrent-preclean-start]
2024-07-16T18:26:15.705+0800: 2.509: [CMS-concurrent-preclean: 0.000/0.000 secs] [Times: user=0.00 sys=0.00, real=0.00 secs] 
2024-07-16T18:26:15.705+0800: 2.509: [CMS-concurrent-abortable-preclean-start]
{Heap before GC invocations=317 (full 42):
 par new generation   total 6144K, used 5237K [0x00000000fec00000, 0x00000000ff2a0000, 0x00000000ff2a0000)
  eden space 5504K,  95% used [0x00000000fec00000, 0x00000000ff11b780, 0x00000000ff160000)
  from space 640K,   1% used [0x00000000ff160000, 0x00000000ff162040, 0x00000000ff200000)
  to   space 640K,   0% used [0x00000000ff200000, 0x00000000ff200000, 0x00000000ff2a0000)
 concurrent mark-sweep generation total 13696K, used 5289K [0x00000000ff2a0000, 0x0000000100000000, 0x0000000100000000)
 Metaspace       used 5073K, capacity 5258K, committed 5504K, reserved 1056768K
  class space    used 557K, capacity 597K, committed 640K, reserved 1048576K
2024-07-16T18:26:15.709+0800: 2.513: [GC (Allocation Failure) 2024-07-16T18:26:15.709+0800: 2.513: [ParNew: 5237K->10K(6144K), 0.0003741 secs] 10527K->6325K(19840K), 0.0004025 secs] [Times: user=0.00 sys=0.00, real=0.00 secs] 
Heap after GC invocations=318 (full 42):
 par new generation   total 6144K, used 10K [0x00000000fec00000, 0x00000000ff2a0000, 0x00000000ff2a0000)
  eden space 5504K,   0% used [0x00000000fec00000, 0x00000000fec00000, 0x00000000ff160000)
  from space 640K,   1% used [0x00000000ff200000, 0x00000000ff202850, 0x00000000ff2a0000)
  to   space 640K,   0% used [0x00000000ff160000, 0x00000000ff160000, 0x00000000ff200000)
 concurrent mark-sweep generation total 13696K, used 6315K [0x00000000ff2a0000, 0x0000000100000000, 0x0000000100000000)
 Metaspace       used 5073K, capacity 5258K, committed 5504K, reserved 1056768K
  class space    used 557K, capacity 597K, committed 640K, reserved 1048576K
}
{Heap before GC invocations=318 (full 42):
 par new generation   total 6144K, used 5239K [0x00000000fec00000, 0x00000000ff2a0000, 0x00000000ff2a0000)
  eden space 5504K,  95% used [0x00000000fec00000, 0x00000000ff11b780, 0x00000000ff160000)
  from space 640K,   1% used [0x00000000ff200000, 0x00000000ff202850, 0x00000000ff2a0000)
  to   space 640K,   0% used [0x00000000ff160000, 0x00000000ff160000, 0x00000000ff200000)
 concurrent mark-sweep generation total 13696K, used 6315K [0x00000000ff2a0000, 0x0000000100000000, 0x0000000100000000)
 Metaspace       used 5073K, capacity 5258K, committed 5504K, reserved 1056768K
  class space    used 557K, capacity 597K, committed 640K, reserved 1048576K
2024-07-16T18:26:15.715+0800: 2.519: [GC (Allocation Failure) 2024-07-16T18:26:15.715+0800: 2.519: [ParNew: 5239K->6K(6144K), 0.0004762 secs] 11555K->7347K(19840K), 0.0005041 secs] [Times: user=0.00 sys=0.00, real=0.00 secs] 
Heap after GC invocations=319 (full 42):
 par new generation   total 6144K, used 6K [0x00000000fec00000, 0x00000000ff2a0000, 0x00000000ff2a0000)
  eden space 5504K,   0% used [0x00000000fec00000, 0x00000000fec00000, 0x00000000ff160000)
  from space 640K,   0% used [0x00000000ff160000, 0x00000000ff161830, 0x00000000ff200000)
  to   space 640K,   0% used [0x00000000ff200000, 0x00000000ff200000, 0x00000000ff2a0000)
 concurrent mark-sweep generation total 13696K, used 7341K [0x00000000ff2a0000, 0x0000000100000000, 0x0000000100000000)
 Metaspace       used 5073K, capacity 5258K, committed 5504K, reserved 1056768K
  class space    used 557K, capacity 597K, committed 640K, reserved 1048576K
}
{Heap before GC invocations=319 (full 42):
 par new generation   total 6144K, used 5235K [0x00000000fec00000, 0x00000000ff2a0000, 0x00000000ff2a0000)
  eden space 5504K,  95% used [0x00000000fec00000, 0x00000000ff11b780, 0x00000000ff160000)
  from space 640K,   0% used [0x00000000ff160000, 0x00000000ff161830, 0x00000000ff200000)
  to   space 640K,   0% used [0x00000000ff200000, 0x00000000ff200000, 0x00000000ff2a0000)
 concurrent mark-sweep generation total 13696K, used 7341K [0x00000000ff2a0000, 0x0000000100000000, 0x0000000100000000)
 Metaspace       used 5073K, capacity 5258K, committed 5504K, reserved 1056768K
  class space    used 557K, capacity 597K, committed 640K, reserved 1048576K
2024-07-16T18:26:15.721+0800: 2.525: [GC (Allocation Failure) 2024-07-16T18:26:15.721+0800: 2.525: [ParNew: 5235K->10K(6144K), 0.0004296 secs] 12577K->9401K(19840K), 0.0004558 secs] [Times: user=0.00 sys=0.00, real=0.00 secs] 
Heap after GC invocations=320 (full 42):
 par new generation   total 6144K, used 10K [0x00000000fec00000, 0x00000000ff2a0000, 0x00000000ff2a0000)
  eden space 5504K,   0% used [0x00000000fec00000, 0x00000000fec00000, 0x00000000ff160000)
  from space 640K,   1% used [0x00000000ff200000, 0x00000000ff202850, 0x00000000ff2a0000)
  to   space 640K,   0% used [0x00000000ff160000, 0x00000000ff160000, 0x00000000ff200000)
 concurrent mark-sweep generation total 13696K, used 9391K [0x00000000ff2a0000, 0x0000000100000000, 0x0000000100000000)
 Metaspace       used 5073K, capacity 5258K, committed 5504K, reserved 1056768K
  class space    used 557K, capacity 597K, committed 640K, reserved 1048576K
}
{Heap before GC invocations=320 (full 42):
 par new generation   total 6144K, used 5239K [0x00000000fec00000, 0x00000000ff2a0000, 0x00000000ff2a0000)
  eden space 5504K,  95% used [0x00000000fec00000, 0x00000000ff11b780, 0x00000000ff160000)
  from space 640K,   1% used [0x00000000ff200000, 0x00000000ff202850, 0x00000000ff2a0000)
  to   space 640K,   0% used [0x00000000ff160000, 0x00000000ff160000, 0x00000000ff200000)
 concurrent mark-sweep generation total 13696K, used 9391K [0x00000000ff2a0000, 0x0000000100000000, 0x0000000100000000)
 Metaspace       used 5073K, capacity 5258K, committed 5504K, reserved 1056768K
  class space    used 557K, capacity 597K, committed 640K, reserved 1048576K
2024-07-16T18:26:15.728+0800: 2.532: [GC (Allocation Failure) 2024-07-16T18:26:15.728+0800: 2.532: [ParNew: 5239K->4K(6144K), 0.0002596 secs] 14631K->9395K(19840K), 0.0002956 secs] [Times: user=0.00 sys=0.00, real=0.00 secs] 
Heap after GC invocations=321 (full 42):
 par new generation   total 6144K, used 4K [0x00000000fec00000, 0x00000000ff2a0000, 0x00000000ff2a0000)
  eden space 5504K,   0% used [0x00000000fec00000, 0x00000000fec00000, 0x00000000ff160000)
  from space 640K,   0% used [0x00000000ff160000, 0x00000000ff161020, 0x00000000ff200000)
  to   space 640K,   0% used [0x00000000ff200000, 0x00000000ff200000, 0x00000000ff2a0000)
 concurrent mark-sweep generation total 13696K, used 9391K [0x00000000ff2a0000, 0x0000000100000000, 0x0000000100000000)
 Metaspace       used 5073K, capacity 5258K, committed 5504K, reserved 1056768K
  class space    used 557K, capacity 597K, committed 640K, reserved 1048576K
}
{Heap before GC invocations=321 (full 42):
 par new generation   total 6144K, used 5233K [0x00000000fec00000, 0x00000000ff2a0000, 0x00000000ff2a0000)
  eden space 5504K,  95% used [0x00000000fec00000, 0x00000000ff11b780, 0x00000000ff160000)
  from space 640K,   0% used [0x00000000ff160000, 0x00000000ff161020, 0x00000000ff200000)
  to   space 640K,   0% used [0x00000000ff200000, 0x00000000ff200000, 0x00000000ff2a0000)
 concurrent mark-sweep generation total 13696K, used 9391K [0x00000000ff2a0000, 0x0000000100000000, 0x0000000100000000)
 Metaspace       used 5073K, capacity 5258K, committed 5504K, reserved 1056768K
  class space    used 557K, capacity 597K, committed 640K, reserved 1048576K
2024-07-16T18:26:15.736+0800: 2.540: [GC (Allocation Failure) 2024-07-16T18:26:15.736+0800: 2.540: [ParNew: 5233K->12K(6144K), 0.0005101 secs] 14625K->11451K(19840K), 0.0005457 secs] [Times: user=0.16 sys=0.00, real=0.00 secs] 
Heap after GC invocations=322 (full 42):
 par new generation   total 6144K, used 12K [0x00000000fec00000, 0x00000000ff2a0000, 0x00000000ff2a0000)
  eden space 5504K,   0% used [0x00000000fec00000, 0x00000000fec00000, 0x00000000ff160000)
  from space 640K,   1% used [0x00000000ff200000, 0x00000000ff203060, 0x00000000ff2a0000)
  to   space 640K,   0% used [0x00000000ff160000, 0x00000000ff160000, 0x00000000ff200000)
 concurrent mark-sweep generation total 13696K, used 11439K [0x00000000ff2a0000, 0x0000000100000000, 0x0000000100000000)
 Metaspace       used 5073K, capacity 5258K, committed 5504K, reserved 1056768K
  class space    used 557K, capacity 597K, committed 640K, reserved 1048576K
}
{Heap before GC invocations=322 (full 42):
 par new generation   total 6144K, used 5241K [0x00000000fec00000, 0x00000000ff2a0000, 0x00000000ff2a0000)
  eden space 5504K,  95% used [0x00000000fec00000, 0x00000000ff11b780, 0x00000000ff160000)
  from space 640K,   1% used [0x00000000ff200000, 0x00000000ff203060, 0x00000000ff2a0000)
  to   space 640K,   0% used [0x00000000ff160000, 0x00000000ff160000, 0x00000000ff200000)
 concurrent mark-sweep generation total 13696K, used 11439K [0x00000000ff2a0000, 0x0000000100000000, 0x0000000100000000)
 Metaspace       used 5073K, capacity 5258K, committed 5504K, reserved 1056768K
  class space    used 557K, capacity 597K, committed 640K, reserved 1048576K
2024-07-16T18:26:15.741+0800: 2.545: [GC (Allocation Failure) 2024-07-16T18:26:15.741+0800: 2.545: [ParNew: 5241K->5241K(6144K), 0.0000097 secs]2024-07-16T18:26:15.741+0800: 2.545: [CMS2024-07-16T18:26:15.741+0800: 2.545: [CMS-concurrent-abortable-preclean: 0.000/0.036 secs] [Times: user=0.16 sys=0.00, real=0.04 secs] 
 (concurrent mode failure): 11439K->2211K(13696K), 0.0022225 secs] 16681K->2211K(19840K), [Metaspace: 5073K->5073K(1056768K)], 0.0022699 secs] [Times: user=0.00 sys=0.00, real=0.00 secs] 
Heap after GC invocations=323 (full 43):
 par new generation   total 6144K, used 0K [0x00000000fec00000, 0x00000000ff2a0000, 0x00000000ff2a0000)
  eden space 5504K,   0% used [0x00000000fec00000, 0x00000000fec00000, 0x00000000ff160000)
  from space 640K,   0% used [0x00000000ff200000, 0x00000000ff200000, 0x00000000ff2a0000)
  to   space 640K,   0% used [0x00000000ff160000, 0x00000000ff160000, 0x00000000ff200000)
 concurrent mark-sweep generation total 13696K, used 2211K [0x00000000ff2a0000, 0x0000000100000000, 0x0000000100000000)
 Metaspace       used 5073K, capacity 5258K, committed 5504K, reserved 1056768K
  class space    used 557K, capacity 597K, committed 640K, reserved 1048576K
}
{Heap before GC invocations=323 (full 43):
 par new generation   total 6144K, used 5229K [0x00000000fec00000, 0x00000000ff2a0000, 0x00000000ff2a0000)
  eden space 5504K,  95% used [0x00000000fec00000, 0x00000000ff11b780, 0x00000000ff160000)
  from space 640K,   0% used [0x00000000ff200000, 0x00000000ff200000, 0x00000000ff2a0000)
  to   space 640K,   0% used [0x00000000ff160000, 0x00000000ff160000, 0x00000000ff200000)
 concurrent mark-sweep generation total 13696K, used 2211K [0x00000000ff2a0000, 0x0000000100000000, 0x0000000100000000)
 Metaspace       used 5073K, capacity 5258K, committed 5504K, reserved 1056768K
  class space    used 557K, capacity 597K, committed 640K, reserved 1048576K
2024-07-16T18:26:15.749+0800: 2.553: [GC (Allocation Failure) 2024-07-16T18:26:15.749+0800: 2.553: [ParNew: 5229K->6K(6144K), 0.0003747 secs] 7440K->3243K(19840K), 0.0004103 secs] [Times: user=0.00 sys=0.00, real=0.00 secs] 
Heap after GC invocations=324 (full 43):
 par new generation   total 6144K, used 6K [0x00000000fec00000, 0x00000000ff2a0000, 0x00000000ff2a0000)
  eden space 5504K,   0% used [0x00000000fec00000, 0x00000000fec00000, 0x00000000ff160000)
  from space 640K,   0% used [0x00000000ff160000, 0x00000000ff161830, 0x00000000ff200000)
  to   space 640K,   0% used [0x00000000ff200000, 0x00000000ff200000, 0x00000000ff2a0000)
 concurrent mark-sweep generation total 13696K, used 3237K [0x00000000ff2a0000, 0x0000000100000000, 0x0000000100000000)
 Metaspace       used 5073K, capacity 5258K, committed 5504K, reserved 1056768K
  class space    used 557K, capacity 597K, committed 640K, reserved 1048576K
}
{Heap before GC invocations=324 (full 43):
 par new generation   total 6144K, used 5235K [0x00000000fec00000, 0x00000000ff2a0000, 0x00000000ff2a0000)
  eden space 5504K,  95% used [0x00000000fec00000, 0x00000000ff11b780, 0x00000000ff160000)
  from space 640K,   0% used [0x00000000ff160000, 0x00000000ff161830, 0x00000000ff200000)
  to   space 640K,   0% used [0x00000000ff200000, 0x00000000ff200000, 0x00000000ff2a0000)
 concurrent mark-sweep generation total 13696K, used 3237K [0x00000000ff2a0000, 0x0000000100000000, 0x0000000100000000)
 Metaspace       used 5073K, capacity 5258K, committed 5504K, reserved 1056768K
  class space    used 557K, capacity 597K, committed 640K, reserved 1048576K
2024-07-16T18:26:15.754+0800: 2.558: [GC (Allocation Failure) 2024-07-16T18:26:15.754+0800: 2.558: [ParNew: 5235K->8K(6144K), 0.0003729 secs] 8473K->4271K(19840K), 0.0004104 secs] [Times: user=0.00 sys=0.00, real=0.00 secs] 
Heap after GC invocations=325 (full 43):
 par new generation   total 6144K, used 8K [0x00000000fec00000, 0x00000000ff2a0000, 0x00000000ff2a0000)
  eden space 5504K,   0% used [0x00000000fec00000, 0x00000000fec00000, 0x00000000ff160000)
  from space 640K,   1% used [0x00000000ff200000, 0x00000000ff202040, 0x00000000ff2a0000)
  to   space 640K,   0% used [0x00000000ff160000, 0x00000000ff160000, 0x00000000ff200000)
 concurrent mark-sweep generation total 13696K, used 4263K [0x00000000ff2a0000, 0x0000000100000000, 0x0000000100000000)
 Metaspace       used 5073K, capacity 5258K, committed 5504K, reserved 1056768K
  class space    used 557K, capacity 597K, committed 640K, reserved 1048576K
}
{Heap before GC invocations=325 (full 43):
 par new generation   total 6144K, used 5237K [0x00000000fec00000, 0x00000000ff2a0000, 0x00000000ff2a0000)
  eden space 5504K,  95% used [0x00000000fec00000, 0x00000000ff11b780, 0x00000000ff160000)
  from space 640K,   1% used [0x00000000ff200000, 0x00000000ff202040, 0x00000000ff2a0000)
  to   space 640K,   0% used [0x00000000ff160000, 0x00000000ff160000, 0x00000000ff200000)
 concurrent mark-sweep generation total 13696K, used 4263K [0x00000000ff2a0000, 0x0000000100000000, 0x0000000100000000)
 Metaspace       used 5073K, capacity 5258K, committed 5504K, reserved 1056768K
  class space    used 557K, capacity 597K, committed 640K, reserved 1048576K
2024-07-16T18:26:15.760+0800: 2.564: [GC (Allocation Failure) 2024-07-16T18:26:15.760+0800: 2.564: [ParNew: 5237K->4K(6144K), 0.0002528 secs] 9501K->4267K(19840K), 0.0002847 secs] [Times: user=0.00 sys=0.00, real=0.00 secs] 
Heap after GC invocations=326 (full 43):
 par new generation   total 6144K, used 4K [0x00000000fec00000, 0x00000000ff2a0000, 0x00000000ff2a0000)
  eden space 5504K,   0% used [0x00000000fec00000, 0x00000000fec00000, 0x00000000ff160000)
  from space 640K,   0% used [0x00000000ff160000, 0x00000000ff161020, 0x00000000ff200000)
  to   space 640K,   0% used [0x00000000ff200000, 0x00000000ff200000, 0x00000000ff2a0000)
 concurrent mark-sweep generation total 13696K, used 4263K [0x00000000ff2a0000, 0x0000000100000000, 0x0000000100000000)
 Metaspace       used 5073K, capacity 5258K, committed 5504K, reserved 1056768K
  class space    used 557K, capacity 597K, committed 640K, reserved 1048576K
}
{Heap before GC invocations=326 (full 43):
 par new generation   total 6144K, used 5233K [0x00000000fec00000, 0x00000000ff2a0000, 0x00000000ff2a0000)
  eden space 5504K,  95% used [0x00000000fec00000, 0x00000000ff11b780, 0x00000000ff160000)
  from space 640K,   0% used [0x00000000ff160000, 0x00000000ff161020, 0x00000000ff200000)
  to   space 640K,   0% used [0x00000000ff200000, 0x00000000ff200000, 0x00000000ff2a0000)
 concurrent mark-sweep generation total 13696K, used 4263K [0x00000000ff2a0000, 0x0000000100000000, 0x0000000100000000)
 Metaspace       used 5073K, capacity 5258K, committed 5504K, reserved 1056768K
  class space    used 557K, capacity 597K, committed 640K, reserved 1048576K
2024-07-16T18:26:15.766+0800: 2.570: [GC (Allocation Failure) 2024-07-16T18:26:15.766+0800: 2.570: [ParNew: 5233K->2K(6144K), 0.0004069 secs] 9497K->4265K(19840K), 0.0004400 secs] [Times: user=0.00 sys=0.00, real=0.00 secs] 
Heap after GC invocations=327 (full 43):
 par new generation   total 6144K, used 2K [0x00000000fec00000, 0x00000000ff2a0000, 0x00000000ff2a0000)
  eden space 5504K,   0% used [0x00000000fec00000, 0x00000000fec00000, 0x00000000ff160000)
  from space 640K,   0% used [0x00000000ff200000, 0x00000000ff200810, 0x00000000ff2a0000)
  to   space 640K,   0% used [0x00000000ff160000, 0x00000000ff160000, 0x00000000ff200000)
 concurrent mark-sweep generation total 13696K, used 4263K [0x00000000ff2a0000, 0x0000000100000000, 0x0000000100000000)
 Metaspace       used 5073K, capacity 5258K, committed 5504K, reserved 1056768K
  class space    used 557K, capacity 597K, committed 640K, reserved 1048576K
}
{Heap before GC invocations=327 (full 43):
 par new generation   total 6144K, used 5231K [0x00000000fec00000, 0x00000000ff2a0000, 0x00000000ff2a0000)
  eden space 5504K,  95% used [0x00000000fec00000, 0x00000000ff11b780, 0x00000000ff160000)
  from space 640K,   0% used [0x00000000ff200000, 0x00000000ff200810, 0x00000000ff2a0000)
  to   space 640K,   0% used [0x00000000ff160000, 0x00000000ff160000, 0x00000000ff200000)
 concurrent mark-sweep generation total 13696K, used 4263K [0x00000000ff2a0000, 0x0000000100000000, 0x0000000100000000)
 Metaspace       used 5073K, capacity 5258K, committed 5504K, reserved 1056768K
  class space    used 557K, capacity 597K, committed 640K, reserved 1048576K
2024-07-16T18:26:15.773+0800: 2.577: [GC (Allocation Failure) 2024-07-16T18:26:15.773+0800: 2.577: [ParNew: 5231K->4K(6144K), 0.0002592 secs] 9495K->4267K(19840K), 0.0002945 secs] [Times: user=0.00 sys=0.00, real=0.00 secs] 
Heap after GC invocations=328 (full 43):
 par new generation   total 6144K, used 4K [0x00000000fec00000, 0x00000000ff2a0000, 0x00000000ff2a0000)
  eden space 5504K,   0% used [0x00000000fec00000, 0x00000000fec00000, 0x00000000ff160000)
  from space 640K,   0% used [0x00000000ff160000, 0x00000000ff161020, 0x00000000ff200000)
  to   space 640K,   0% used [0x00000000ff200000, 0x00000000ff200000, 0x00000000ff2a0000)
 concurrent mark-sweep generation total 13696K, used 4263K [0x00000000ff2a0000, 0x0000000100000000, 0x0000000100000000)
 Metaspace       used 5073K, capacity 5258K, committed 5504K, reserved 1056768K
  class space    used 557K, capacity 597K, committed 640K, reserved 1048576K
}
{Heap before GC invocations=328 (full 43):
 par new generation   total 6144K, used 5233K [0x00000000fec00000, 0x00000000ff2a0000, 0x00000000ff2a0000)
  eden space 5504K,  95% used [0x00000000fec00000, 0x00000000ff11b780, 0x00000000ff160000)
  from space 640K,   0% used [0x00000000ff160000, 0x00000000ff161020, 0x00000000ff200000)
  to   space 640K,   0% used [0x00000000ff200000, 0x00000000ff200000, 0x00000000ff2a0000)
 concurrent mark-sweep generation total 13696K, used 4263K [0x00000000ff2a0000, 0x0000000100000000, 0x0000000100000000)
 Metaspace       used 5073K, capacity 5258K, committed 5504K, reserved 1056768K
  class space    used 557K, capacity 597K, committed 640K, reserved 1048576K
2024-07-16T18:26:15.780+0800: 2.584: [GC (Allocation Failure) 2024-07-16T18:26:15.780+0800: 2.584: [ParNew: 5233K->8K(6144K), 0.0004491 secs] 9497K->5297K(19840K), 0.0004983 secs] [Times: user=0.00 sys=0.00, real=0.00 secs] 
Heap after GC invocations=329 (full 43):
 par new generation   total 6144K, used 8K [0x00000000fec00000, 0x00000000ff2a0000, 0x00000000ff2a0000)
  eden space 5504K,   0% used [0x00000000fec00000, 0x00000000fec00000, 0x00000000ff160000)
  from space 640K,   1% used [0x00000000ff200000, 0x00000000ff202040, 0x00000000ff2a0000)
  to   space 640K,   0% used [0x00000000ff160000, 0x00000000ff160000, 0x00000000ff200000)
 concurrent mark-sweep generation total 13696K, used 5289K [0x00000000ff2a0000, 0x0000000100000000, 0x0000000100000000)
 Metaspace       used 5073K, capacity 5258K, committed 5504K, reserved 1056768K
  class space    used 557K, capacity 597K, committed 640K, reserved 1048576K
}
{Heap before GC invocations=329 (full 43):
 par new generation   total 6144K, used 5237K [0x00000000fec00000, 0x00000000ff2a0000, 0x00000000ff2a0000)
  eden space 5504K,  95% used [0x00000000fec00000, 0x00000000ff11b780, 0x00000000ff160000)
  from space 640K,   1% used [0x00000000ff200000, 0x00000000ff202040, 0x00000000ff2a0000)
  to   space 640K,   0% used [0x00000000ff160000, 0x00000000ff160000, 0x00000000ff200000)
 concurrent mark-sweep generation total 13696K, used 5289K [0x00000000ff2a0000, 0x0000000100000000, 0x0000000100000000)
 Metaspace       used 5073K, capacity 5258K, committed 5504K, reserved 1056768K
  class space    used 557K, capacity 597K, committed 640K, reserved 1048576K
2024-07-16T18:26:15.786+0800: 2.590: [GC (Allocation Failure) 2024-07-16T18:26:15.786+0800: 2.590: [ParNew: 5237K->10K(6144K), 0.0004532 secs] 10527K->6325K(19840K), 0.0005069 secs] [Times: user=0.00 sys=0.00, real=0.00 secs] 
Heap after GC invocations=330 (full 43):
 par new generation   total 6144K, used 10K [0x00000000fec00000, 0x00000000ff2a0000, 0x00000000ff2a0000)
  eden space 5504K,   0% used [0x00000000fec00000, 0x00000000fec00000, 0x00000000ff160000)
  from space 640K,   1% used [0x00000000ff160000, 0x00000000ff162850, 0x00000000ff200000)
  to   space 640K,   0% used [0x00000000ff200000, 0x00000000ff200000, 0x00000000ff2a0000)
 concurrent mark-sweep generation total 13696K, used 6315K [0x00000000ff2a0000, 0x0000000100000000, 0x0000000100000000)
 Metaspace       used 5073K, capacity 5258K, committed 5504K, reserved 1056768K
  class space    used 557K, capacity 597K, committed 640K, reserved 1048576K
}
2024-07-16T18:26:15.786+0800: 2.591: [GC (CMS Initial Mark) [1 CMS-initial-mark: 6315K(13696K)] 7349K(19840K), 0.0001282 secs] [Times: user=0.00 sys=0.00, real=0.00 secs] 
2024-07-16T18:26:15.786+0800: 2.591: [CMS-concurrent-mark-start]
2024-07-16T18:26:15.788+0800: 2.592: [CMS-concurrent-mark: 0.001/0.001 secs] [Times: user=0.00 sys=0.00, real=0.00 secs] 
2024-07-16T18:26:15.788+0800: 2.592: [CMS-concurrent-preclean-start]
2024-07-16T18:26:15.788+0800: 2.592: [CMS-concurrent-preclean: 0.000/0.000 secs] [Times: user=0.00 sys=0.00, real=0.00 secs] 
2024-07-16T18:26:15.788+0800: 2.592: [CMS-concurrent-abortable-preclean-start]
{Heap before GC invocations=330 (full 44):
 par new generation   total 6144K, used 5239K [0x00000000fec00000, 0x00000000ff2a0000, 0x00000000ff2a0000)
  eden space 5504K,  95% used [0x00000000fec00000, 0x00000000ff11b780, 0x00000000ff160000)
  from space 640K,   1% used [0x00000000ff160000, 0x00000000ff162850, 0x00000000ff200000)
  to   space 640K,   0% used [0x00000000ff200000, 0x00000000ff200000, 0x00000000ff2a0000)
 concurrent mark-sweep generation total 13696K, used 6315K [0x00000000ff2a0000, 0x0000000100000000, 0x0000000100000000)
 Metaspace       used 5073K, capacity 5258K, committed 5504K, reserved 1056768K
  class space    used 557K, capacity 597K, committed 640K, reserved 1048576K
2024-07-16T18:26:15.792+0800: 2.596: [GC (Allocation Failure) 2024-07-16T18:26:15.792+0800: 2.596: [ParNew: 5239K->8K(6144K), 0.0004798 secs] 11555K->7347K(19840K), 0.0005251 secs] [Times: user=0.00 sys=0.00, real=0.00 secs] 
Heap after GC invocations=331 (full 44):
 par new generation   total 6144K, used 8K [0x00000000fec00000, 0x00000000ff2a0000, 0x00000000ff2a0000)
  eden space 5504K,   0% used [0x00000000fec00000, 0x00000000fec00000, 0x00000000ff160000)
  from space 640K,   1% used [0x00000000ff200000, 0x00000000ff202040, 0x00000000ff2a0000)
  to   space 640K,   0% used [0x00000000ff160000, 0x00000000ff160000, 0x00000000ff200000)
 concurrent mark-sweep generation total 13696K, used 7339K [0x00000000ff2a0000, 0x0000000100000000, 0x0000000100000000)
 Metaspace       used 5073K, capacity 5258K, committed 5504K, reserved 1056768K
  class space    used 557K, capacity 597K, committed 640K, reserved 1048576K
}
{Heap before GC invocations=331 (full 44):
 par new generation   total 6144K, used 5237K [0x00000000fec00000, 0x00000000ff2a0000, 0x00000000ff2a0000)
  eden space 5504K,  95% used [0x00000000fec00000, 0x00000000ff11b780, 0x00000000ff160000)
  from space 640K,   1% used [0x00000000ff200000, 0x00000000ff202040, 0x00000000ff2a0000)
  to   space 640K,   0% used [0x00000000ff160000, 0x00000000ff160000, 0x00000000ff200000)
 concurrent mark-sweep generation total 13696K, used 7339K [0x00000000ff2a0000, 0x0000000100000000, 0x0000000100000000)
 Metaspace       used 5073K, capacity 5258K, committed 5504K, reserved 1056768K
  class space    used 557K, capacity 597K, committed 640K, reserved 1048576K
2024-07-16T18:26:15.798+0800: 2.602: [GC (Allocation Failure) 2024-07-16T18:26:15.798+0800: 2.602: [ParNew: 5237K->6K(6144K), 0.0005081 secs] 12577K->8371K(19840K), 0.0005747 secs] [Times: user=0.00 sys=0.00, real=0.00 secs] 
Heap after GC invocations=332 (full 44):
 par new generation   total 6144K, used 6K [0x00000000fec00000, 0x00000000ff2a0000, 0x00000000ff2a0000)
  eden space 5504K,   0% used [0x00000000fec00000, 0x00000000fec00000, 0x00000000ff160000)
  from space 640K,   0% used [0x00000000ff160000, 0x00000000ff161830, 0x00000000ff200000)
  to   space 640K,   0% used [0x00000000ff200000, 0x00000000ff200000, 0x00000000ff2a0000)
 concurrent mark-sweep generation total 13696K, used 8365K [0x00000000ff2a0000, 0x0000000100000000, 0x0000000100000000)
 Metaspace       used 5073K, capacity 5258K, committed 5504K, reserved 1056768K
  class space    used 557K, capacity 597K, committed 640K, reserved 1048576K
}
{Heap before GC invocations=332 (full 44):
 par new generation   total 6144K, used 5235K [0x00000000fec00000, 0x00000000ff2a0000, 0x00000000ff2a0000)
  eden space 5504K,  95% used [0x00000000fec00000, 0x00000000ff11b780, 0x00000000ff160000)
  from space 640K,   0% used [0x00000000ff160000, 0x00000000ff161830, 0x00000000ff200000)
  to   space 640K,   0% used [0x00000000ff200000, 0x00000000ff200000, 0x00000000ff2a0000)
 concurrent mark-sweep generation total 13696K, used 8365K [0x00000000ff2a0000, 0x0000000100000000, 0x0000000100000000)
 Metaspace       used 5073K, capacity 5258K, committed 5504K, reserved 1056768K
  class space    used 557K, capacity 597K, committed 640K, reserved 1048576K
2024-07-16T18:26:15.805+0800: 2.609: [GC (Allocation Failure) 2024-07-16T18:26:15.805+0800: 2.609: [ParNew: 5235K->4K(6144K), 0.0004419 secs] 13601K->8369K(19840K), 0.0004735 secs] [Times: user=0.00 sys=0.00, real=0.00 secs] 
Heap after GC invocations=333 (full 44):
 par new generation   total 6144K, used 4K [0x00000000fec00000, 0x00000000ff2a0000, 0x00000000ff2a0000)
  eden space 5504K,   0% used [0x00000000fec00000, 0x00000000fec00000, 0x00000000ff160000)
  from space 640K,   0% used [0x00000000ff200000, 0x00000000ff201020, 0x00000000ff2a0000)
  to   space 640K,   0% used [0x00000000ff160000, 0x00000000ff160000, 0x00000000ff200000)
 concurrent mark-sweep generation total 13696K, used 8365K [0x00000000ff2a0000, 0x0000000100000000, 0x0000000100000000)
 Metaspace       used 5073K, capacity 5258K, committed 5504K, reserved 1056768K
  class space    used 557K, capacity 597K, committed 640K, reserved 1048576K
}
{Heap before GC invocations=333 (full 44):
 par new generation   total 6144K, used 5233K [0x00000000fec00000, 0x00000000ff2a0000, 0x00000000ff2a0000)
  eden space 5504K,  95% used [0x00000000fec00000, 0x00000000ff11b780, 0x00000000ff160000)
  from space 640K,   0% used [0x00000000ff200000, 0x00000000ff201020, 0x00000000ff2a0000)
  to   space 640K,   0% used [0x00000000ff160000, 0x00000000ff160000, 0x00000000ff200000)
 concurrent mark-sweep generation total 13696K, used 8365K [0x00000000ff2a0000, 0x0000000100000000, 0x0000000100000000)
 Metaspace       used 5073K, capacity 5258K, committed 5504K, reserved 1056768K
  class space    used 557K, capacity 597K, committed 640K, reserved 1048576K
2024-07-16T18:26:15.812+0800: 2.616: [GC (Allocation Failure) 2024-07-16T18:26:15.812+0800: 2.616: [ParNew: 5233K->4K(6144K), 0.0010010 secs] 13599K->8369K(19840K), 0.0010587 secs] [Times: user=0.00 sys=0.00, real=0.00 secs] 
Heap after GC invocations=334 (full 44):
 par new generation   total 6144K, used 4K [0x00000000fec00000, 0x00000000ff2a0000, 0x00000000ff2a0000)
  eden space 5504K,   0% used [0x00000000fec00000, 0x00000000fec00000, 0x00000000ff160000)
  from space 640K,   0% used [0x00000000ff160000, 0x00000000ff161020, 0x00000000ff200000)
  to   space 640K,   0% used [0x00000000ff200000, 0x00000000ff200000, 0x00000000ff2a0000)
 concurrent mark-sweep generation total 13696K, used 8365K [0x00000000ff2a0000, 0x0000000100000000, 0x0000000100000000)
 Metaspace       used 5073K, capacity 5258K, committed 5504K, reserved 1056768K
  class space    used 557K, capacity 597K, committed 640K, reserved 1048576K
}
{Heap before GC invocations=334 (full 44):
 par new generation   total 6144K, used 5233K [0x00000000fec00000, 0x00000000ff2a0000, 0x00000000ff2a0000)
  eden space 5504K,  95% used [0x00000000fec00000, 0x00000000ff11b780, 0x00000000ff160000)
  from space 640K,   0% used [0x00000000ff160000, 0x00000000ff161020, 0x00000000ff200000)
  to   space 640K,   0% used [0x00000000ff200000, 0x00000000ff200000, 0x00000000ff2a0000)
 concurrent mark-sweep generation total 13696K, used 8365K [0x00000000ff2a0000, 0x0000000100000000, 0x0000000100000000)
 Metaspace       used 5073K, capacity 5258K, committed 5504K, reserved 1056768K
  class space    used 557K, capacity 597K, committed 640K, reserved 1048576K
2024-07-16T18:26:15.821+0800: 2.625: [GC (Allocation Failure) 2024-07-16T18:26:15.821+0800: 2.625: [ParNew: 5233K->8K(6144K), 0.0010844 secs] 13599K->9397K(19840K), 0.0011918 secs] [Times: user=0.00 sys=0.00, real=0.00 secs] 
Heap after GC invocations=335 (full 44):
 par new generation   total 6144K, used 8K [0x00000000fec00000, 0x00000000ff2a0000, 0x00000000ff2a0000)
  eden space 5504K,   0% used [0x00000000fec00000, 0x00000000fec00000, 0x00000000ff160000)
  from space 640K,   1% used [0x00000000ff200000, 0x00000000ff202040, 0x00000000ff2a0000)
  to   space 640K,   0% used [0x00000000ff160000, 0x00000000ff160000, 0x00000000ff200000)
 concurrent mark-sweep generation total 13696K, used 9389K [0x00000000ff2a0000, 0x0000000100000000, 0x0000000100000000)
 Metaspace       used 5073K, capacity 5258K, committed 5504K, reserved 1056768K
  class space    used 557K, capacity 597K, committed 640K, reserved 1048576K
}
{Heap before GC invocations=335 (full 44):
 par new generation   total 6144K, used 5237K [0x00000000fec00000, 0x00000000ff2a0000, 0x00000000ff2a0000)
  eden space 5504K,  95% used [0x00000000fec00000, 0x00000000ff11b780, 0x00000000ff160000)
  from space 640K,   1% used [0x00000000ff200000, 0x00000000ff202040, 0x00000000ff2a0000)
  to   space 640K,   0% used [0x00000000ff160000, 0x00000000ff160000, 0x00000000ff200000)
 concurrent mark-sweep generation total 13696K, used 9389K [0x00000000ff2a0000, 0x0000000100000000, 0x0000000100000000)
 Metaspace       used 5073K, capacity 5258K, committed 5504K, reserved 1056768K
  class space    used 557K, capacity 597K, committed 640K, reserved 1048576K
2024-07-16T18:26:15.829+0800: 2.633: [GC (Allocation Failure) 2024-07-16T18:26:15.829+0800: 2.633: [ParNew: 5237K->6K(6144K), 0.0014935 secs] 14627K->11445K(19840K), 0.0015823 secs] [Times: user=0.14 sys=0.01, real=0.00 secs] 
Heap after GC invocations=336 (full 44):
 par new generation   total 6144K, used 6K [0x00000000fec00000, 0x00000000ff2a0000, 0x00000000ff2a0000)
  eden space 5504K,   0% used [0x00000000fec00000, 0x00000000fec00000, 0x00000000ff160000)
  from space 640K,   0% used [0x00000000ff160000, 0x00000000ff161830, 0x00000000ff200000)
  to   space 640K,   0% used [0x00000000ff200000, 0x00000000ff200000, 0x00000000ff2a0000)
 concurrent mark-sweep generation total 13696K, used 11439K [0x00000000ff2a0000, 0x0000000100000000, 0x0000000100000000)
 Metaspace       used 5073K, capacity 5258K, committed 5504K, reserved 1056768K
  class space    used 557K, capacity 597K, committed 640K, reserved 1048576K
}
{Heap before GC invocations=336 (full 44):
 par new generation   total 6144K, used 5235K [0x00000000fec00000, 0x00000000ff2a0000, 0x00000000ff2a0000)
  eden space 5504K,  95% used [0x00000000fec00000, 0x00000000ff11b780, 0x00000000ff160000)
  from space 640K,   0% used [0x00000000ff160000, 0x00000000ff161830, 0x00000000ff200000)
  to   space 640K,   0% used [0x00000000ff200000, 0x00000000ff200000, 0x00000000ff2a0000)
 concurrent mark-sweep generation total 13696K, used 11439K [0x00000000ff2a0000, 0x0000000100000000, 0x0000000100000000)
 Metaspace       used 5073K, capacity 5258K, committed 5504K, reserved 1056768K
  class space    used 557K, capacity 597K, committed 640K, reserved 1048576K
2024-07-16T18:26:15.839+0800: 2.643: [GC (Allocation Failure) 2024-07-16T18:26:15.839+0800: 2.643: [ParNew: 5235K->5235K(6144K), 0.0000205 secs]2024-07-16T18:26:15.839+0800: 2.643: [CMS2024-07-16T18:26:15.839+0800: 2.643: [CMS-concurrent-abortable-preclean: 0.001/0.051 secs] [Times: user=0.14 sys=0.01, real=0.05 secs] 
 (concurrent mode failure): 11439K->2211K(13696K), 0.0031306 secs] 16675K->2211K(19840K), [Metaspace: 5073K->5073K(1056768K)], 0.0032301 secs] [Times: user=0.00 sys=0.00, real=0.00 secs] 
Heap after GC invocations=337 (full 45):
 par new generation   total 6144K, used 0K [0x00000000fec00000, 0x00000000ff2a0000, 0x00000000ff2a0000)
  eden space 5504K,   0% used [0x00000000fec00000, 0x00000000fec00000, 0x00000000ff160000)
  from space 640K,   0% used [0x00000000ff160000, 0x00000000ff160000, 0x00000000ff200000)
  to   space 640K,   0% used [0x00000000ff200000, 0x00000000ff200000, 0x00000000ff2a0000)
 concurrent mark-sweep generation total 13696K, used 2211K [0x00000000ff2a0000, 0x0000000100000000, 0x0000000100000000)
 Metaspace       used 5073K, capacity 5258K, committed 5504K, reserved 1056768K
  class space    used 557K, capacity 597K, committed 640K, reserved 1048576K
}
{Heap before GC invocations=337 (full 45):
 par new generation   total 6144K, used 5229K [0x00000000fec00000, 0x00000000ff2a0000, 0x00000000ff2a0000)
  eden space 5504K,  95% used [0x00000000fec00000, 0x00000000ff11b780, 0x00000000ff160000)
  from space 640K,   0% used [0x00000000ff160000, 0x00000000ff160000, 0x00000000ff200000)
  to   space 640K,   0% used [0x00000000ff200000, 0x00000000ff200000, 0x00000000ff2a0000)
 concurrent mark-sweep generation total 13696K, used 2211K [0x00000000ff2a0000, 0x0000000100000000, 0x0000000100000000)
 Metaspace       used 5073K, capacity 5258K, committed 5504K, reserved 1056768K
  class space    used 557K, capacity 597K, committed 640K, reserved 1048576K
2024-07-16T18:26:15.849+0800: 2.653: [GC (Allocation Failure) 2024-07-16T18:26:15.849+0800: 2.653: [ParNew: 5229K->4K(6144K), 0.0003255 secs] 7440K->2215K(19840K), 0.0003644 secs] [Times: user=0.00 sys=0.00, real=0.00 secs] 
Heap after GC invocations=338 (full 45):
 par new generation   total 6144K, used 4K [0x00000000fec00000, 0x00000000ff2a0000, 0x00000000ff2a0000)
  eden space 5504K,   0% used [0x00000000fec00000, 0x00000000fec00000, 0x00000000ff160000)
  from space 640K,   0% used [0x00000000ff200000, 0x00000000ff201020, 0x00000000ff2a0000)
  to   space 640K,   0% used [0x00000000ff160000, 0x00000000ff160000, 0x00000000ff200000)
 concurrent mark-sweep generation total 13696K, used 2211K [0x00000000ff2a0000, 0x0000000100000000, 0x0000000100000000)
 Metaspace       used 5073K, capacity 5258K, committed 5504K, reserved 1056768K
  class space    used 557K, capacity 597K, committed 640K, reserved 1048576K
}
{Heap before GC invocations=338 (full 45):
 par new generation   total 6144K, used 5233K [0x00000000fec00000, 0x00000000ff2a0000, 0x00000000ff2a0000)
  eden space 5504K,  95% used [0x00000000fec00000, 0x00000000ff11b780, 0x00000000ff160000)
  from space 640K,   0% used [0x00000000ff200000, 0x00000000ff201020, 0x00000000ff2a0000)
  to   space 640K,   0% used [0x00000000ff160000, 0x00000000ff160000, 0x00000000ff200000)
 concurrent mark-sweep generation total 13696K, used 2211K [0x00000000ff2a0000, 0x0000000100000000, 0x0000000100000000)
 Metaspace       used 5073K, capacity 5258K, committed 5504K, reserved 1056768K
  class space    used 557K, capacity 597K, committed 640K, reserved 1048576K
2024-07-16T18:26:15.856+0800: 2.660: [GC (Allocation Failure) 2024-07-16T18:26:15.856+0800: 2.660: [ParNew: 5233K->4K(6144K), 0.0003173 secs] 7444K->2215K(19840K), 0.0003959 secs] [Times: user=0.00 sys=0.00, real=0.00 secs] 
Heap after GC invocations=339 (full 45):
 par new generation   total 6144K, used 4K [0x00000000fec00000, 0x00000000ff2a0000, 0x00000000ff2a0000)
  eden space 5504K,   0% used [0x00000000fec00000, 0x00000000fec00000, 0x00000000ff160000)
  from space 640K,   0% used [0x00000000ff160000, 0x00000000ff161020, 0x00000000ff200000)
  to   space 640K,   0% used [0x00000000ff200000, 0x00000000ff200000, 0x00000000ff2a0000)
 concurrent mark-sweep generation total 13696K, used 2211K [0x00000000ff2a0000, 0x0000000100000000, 0x0000000100000000)
 Metaspace       used 5073K, capacity 5258K, committed 5504K, reserved 1056768K
  class space    used 557K, capacity 597K, committed 640K, reserved 1048576K
}
{Heap before GC invocations=339 (full 45):
 par new generation   total 6144K, used 5233K [0x00000000fec00000, 0x00000000ff2a0000, 0x00000000ff2a0000)
  eden space 5504K,  95% used [0x00000000fec00000, 0x00000000ff11b780, 0x00000000ff160000)
  from space 640K,   0% used [0x00000000ff160000, 0x00000000ff161020, 0x00000000ff200000)
  to   space 640K,   0% used [0x00000000ff200000, 0x00000000ff200000, 0x00000000ff2a0000)
 concurrent mark-sweep generation total 13696K, used 2211K [0x00000000ff2a0000, 0x0000000100000000, 0x0000000100000000)
 Metaspace       used 5073K, capacity 5258K, committed 5504K, reserved 1056768K
  class space    used 557K, capacity 597K, committed 640K, reserved 1048576K
2024-07-16T18:26:15.863+0800: 2.667: [GC (Allocation Failure) 2024-07-16T18:26:15.863+0800: 2.667: [ParNew: 5233K->4K(6144K), 0.0003422 secs] 7444K->2215K(19840K), 0.0003803 secs] [Times: user=0.00 sys=0.00, real=0.00 secs] 
Heap after GC invocations=340 (full 45):
 par new generation   total 6144K, used 4K [0x00000000fec00000, 0x00000000ff2a0000, 0x00000000ff2a0000)
  eden space 5504K,   0% used [0x00000000fec00000, 0x00000000fec00000, 0x00000000ff160000)
  from space 640K,   0% used [0x00000000ff200000, 0x00000000ff201020, 0x00000000ff2a0000)
  to   space 640K,   0% used [0x00000000ff160000, 0x00000000ff160000, 0x00000000ff200000)
 concurrent mark-sweep generation total 13696K, used 2211K [0x00000000ff2a0000, 0x0000000100000000, 0x0000000100000000)
 Metaspace       used 5073K, capacity 5258K, committed 5504K, reserved 1056768K
  class space    used 557K, capacity 597K, committed 640K, reserved 1048576K
}
{Heap before GC invocations=340 (full 45):
 par new generation   total 6144K, used 5233K [0x00000000fec00000, 0x00000000ff2a0000, 0x00000000ff2a0000)
  eden space 5504K,  95% used [0x00000000fec00000, 0x00000000ff11b780, 0x00000000ff160000)
  from space 640K,   0% used [0x00000000ff200000, 0x00000000ff201020, 0x00000000ff2a0000)
  to   space 640K,   0% used [0x00000000ff160000, 0x00000000ff160000, 0x00000000ff200000)
 concurrent mark-sweep generation total 13696K, used 2211K [0x00000000ff2a0000, 0x0000000100000000, 0x0000000100000000)
 Metaspace       used 5073K, capacity 5258K, committed 5504K, reserved 1056768K
  class space    used 557K, capacity 597K, committed 640K, reserved 1048576K
2024-07-16T18:26:15.870+0800: 2.674: [GC (Allocation Failure) 2024-07-16T18:26:15.870+0800: 2.674: [ParNew: 5233K->8K(6144K), 0.0008418 secs] 7444K->3245K(19840K), 0.0009099 secs] [Times: user=0.00 sys=0.00, real=0.00 secs] 
Heap after GC invocations=341 (full 45):
 par new generation   total 6144K, used 8K [0x00000000fec00000, 0x00000000ff2a0000, 0x00000000ff2a0000)
  eden space 5504K,   0% used [0x00000000fec00000, 0x00000000fec00000, 0x00000000ff160000)
  from space 640K,   1% used [0x00000000ff160000, 0x00000000ff162040, 0x00000000ff200000)
  to   space 640K,   0% used [0x00000000ff200000, 0x00000000ff200000, 0x00000000ff2a0000)
 concurrent mark-sweep generation total 13696K, used 3237K [0x00000000ff2a0000, 0x0000000100000000, 0x0000000100000000)
 Metaspace       used 5073K, capacity 5258K, committed 5504K, reserved 1056768K
  class space    used 557K, capacity 597K, committed 640K, reserved 1048576K
}
{Heap before GC invocations=341 (full 45):
 par new generation   total 6144K, used 5237K [0x00000000fec00000, 0x00000000ff2a0000, 0x00000000ff2a0000)
  eden space 5504K,  95% used [0x00000000fec00000, 0x00000000ff11b780, 0x00000000ff160000)
  from space 640K,   1% used [0x00000000ff160000, 0x00000000ff162040, 0x00000000ff200000)
  to   space 640K,   0% used [0x00000000ff200000, 0x00000000ff200000, 0x00000000ff2a0000)
 concurrent mark-sweep generation total 13696K, used 3237K [0x00000000ff2a0000, 0x0000000100000000, 0x0000000100000000)
 Metaspace       used 5073K, capacity 5258K, committed 5504K, reserved 1056768K
  class space    used 557K, capacity 597K, committed 640K, reserved 1048576K
2024-07-16T18:26:15.879+0800: 2.683: [GC (Allocation Failure) 2024-07-16T18:26:15.879+0800: 2.683: [ParNew: 5237K->8K(6144K), 0.0009838 secs] 8475K->4271K(19840K), 0.0011338 secs] [Times: user=0.00 sys=0.00, real=0.00 secs] 
Heap after GC invocations=342 (full 45):
 par new generation   total 6144K, used 8K [0x00000000fec00000, 0x00000000ff2a0000, 0x00000000ff2a0000)
  eden space 5504K,   0% used [0x00000000fec00000, 0x00000000fec00000, 0x00000000ff160000)
  from space 640K,   1% used [0x00000000ff200000, 0x00000000ff202040, 0x00000000ff2a0000)
  to   space 640K,   0% used [0x00000000ff160000, 0x00000000ff160000, 0x00000000ff200000)
 concurrent mark-sweep generation total 13696K, used 4263K [0x00000000ff2a0000, 0x0000000100000000, 0x0000000100000000)
 Metaspace       used 5073K, capacity 5258K, committed 5504K, reserved 1056768K
  class space    used 557K, capacity 597K, committed 640K, reserved 1048576K
}
{Heap before GC invocations=342 (full 45):
 par new generation   total 6144K, used 5237K [0x00000000fec00000, 0x00000000ff2a0000, 0x00000000ff2a0000)
  eden space 5504K,  95% used [0x00000000fec00000, 0x00000000ff11b780, 0x00000000ff160000)
  from space 640K,   1% used [0x00000000ff200000, 0x00000000ff202040, 0x00000000ff2a0000)
  to   space 640K,   0% used [0x00000000ff160000, 0x00000000ff160000, 0x00000000ff200000)
 concurrent mark-sweep generation total 13696K, used 4263K [0x00000000ff2a0000, 0x0000000100000000, 0x0000000100000000)
 Metaspace       used 5073K, capacity 5258K, committed 5504K, reserved 1056768K
  class space    used 557K, capacity 597K, committed 640K, reserved 1048576K
2024-07-16T18:26:15.888+0800: 2.692: [GC (Allocation Failure) 2024-07-16T18:26:15.888+0800: 2.692: [ParNew: 5237K->4K(6144K), 0.0003075 secs] 9501K->4267K(19840K), 0.0003392 secs] [Times: user=0.00 sys=0.00, real=0.00 secs] 
Heap after GC invocations=343 (full 45):
 par new generation   total 6144K, used 4K [0x00000000fec00000, 0x00000000ff2a0000, 0x00000000ff2a0000)
  eden space 5504K,   0% used [0x00000000fec00000, 0x00000000fec00000, 0x00000000ff160000)
  from space 640K,   0% used [0x00000000ff160000, 0x00000000ff161020, 0x00000000ff200000)
  to   space 640K,   0% used [0x00000000ff200000, 0x00000000ff200000, 0x00000000ff2a0000)
 concurrent mark-sweep generation total 13696K, used 4263K [0x00000000ff2a0000, 0x0000000100000000, 0x0000000100000000)
 Metaspace       used 5073K, capacity 5258K, committed 5504K, reserved 1056768K
  class space    used 557K, capacity 597K, committed 640K, reserved 1048576K
}
{Heap before GC invocations=343 (full 45):
 par new generation   total 6144K, used 5233K [0x00000000fec00000, 0x00000000ff2a0000, 0x00000000ff2a0000)
  eden space 5504K,  95% used [0x00000000fec00000, 0x00000000ff11b780, 0x00000000ff160000)
  from space 640K,   0% used [0x00000000ff160000, 0x00000000ff161020, 0x00000000ff200000)
  to   space 640K,   0% used [0x00000000ff200000, 0x00000000ff200000, 0x00000000ff2a0000)
 concurrent mark-sweep generation total 13696K, used 4263K [0x00000000ff2a0000, 0x0000000100000000, 0x0000000100000000)
 Metaspace       used 5073K, capacity 5258K, committed 5504K, reserved 1056768K
  class space    used 557K, capacity 597K, committed 640K, reserved 1048576K
2024-07-16T18:26:15.896+0800: 2.700: [GC (Allocation Failure) 2024-07-16T18:26:15.896+0800: 2.700: [ParNew: 5233K->4K(6144K), 0.0006270 secs] 9497K->4267K(19840K), 0.0007672 secs] [Times: user=0.00 sys=0.00, real=0.00 secs] 
Heap after GC invocations=344 (full 45):
 par new generation   total 6144K, used 4K [0x00000000fec00000, 0x00000000ff2a0000, 0x00000000ff2a0000)
  eden space 5504K,   0% used [0x00000000fec00000, 0x00000000fec00000, 0x00000000ff160000)
  from space 640K,   0% used [0x00000000ff200000, 0x00000000ff201020, 0x00000000ff2a0000)
  to   space 640K,   0% used [0x00000000ff160000, 0x00000000ff160000, 0x00000000ff200000)
 concurrent mark-sweep generation total 13696K, used 4263K [0x00000000ff2a0000, 0x0000000100000000, 0x0000000100000000)
 Metaspace       used 5073K, capacity 5258K, committed 5504K, reserved 1056768K
  class space    used 557K, capacity 597K, committed 640K, reserved 1048576K
}
{Heap before GC invocations=344 (full 45):
 par new generation   total 6144K, used 5233K [0x00000000fec00000, 0x00000000ff2a0000, 0x00000000ff2a0000)
  eden space 5504K,  95% used [0x00000000fec00000, 0x00000000ff11b780, 0x00000000ff160000)
  from space 640K,   0% used [0x00000000ff200000, 0x00000000ff201020, 0x00000000ff2a0000)
  to   space 640K,   0% used [0x00000000ff160000, 0x00000000ff160000, 0x00000000ff200000)
 concurrent mark-sweep generation total 13696K, used 4263K [0x00000000ff2a0000, 0x0000000100000000, 0x0000000100000000)
 Metaspace       used 5073K, capacity 5258K, committed 5504K, reserved 1056768K
  class space    used 557K, capacity 597K, committed 640K, reserved 1048576K
2024-07-16T18:26:15.905+0800: 2.709: [GC (Allocation Failure) 2024-07-16T18:26:15.905+0800: 2.709: [ParNew: 5233K->4K(6144K), 0.0005962 secs] 9497K->4267K(19840K), 0.0006687 secs] [Times: user=0.00 sys=0.00, real=0.00 secs] 
Heap after GC invocations=345 (full 45):
 par new generation   total 6144K, used 4K [0x00000000fec00000, 0x00000000ff2a0000, 0x00000000ff2a0000)
  eden space 5504K,   0% used [0x00000000fec00000, 0x00000000fec00000, 0x00000000ff160000)
  from space 640K,   0% used [0x00000000ff160000, 0x00000000ff161020, 0x00000000ff200000)
  to   space 640K,   0% used [0x00000000ff200000, 0x00000000ff200000, 0x00000000ff2a0000)
 concurrent mark-sweep generation total 13696K, used 4263K [0x00000000ff2a0000, 0x0000000100000000, 0x0000000100000000)
 Metaspace       used 5073K, capacity 5258K, committed 5504K, reserved 1056768K
  class space    used 557K, capacity 597K, committed 640K, reserved 1048576K
}
{Heap before GC invocations=345 (full 45):
 par new generation   total 6144K, used 5233K [0x00000000fec00000, 0x00000000ff2a0000, 0x00000000ff2a0000)
  eden space 5504K,  95% used [0x00000000fec00000, 0x00000000ff11b780, 0x00000000ff160000)
  from space 640K,   0% used [0x00000000ff160000, 0x00000000ff161020, 0x00000000ff200000)
  to   space 640K,   0% used [0x00000000ff200000, 0x00000000ff200000, 0x00000000ff2a0000)
 concurrent mark-sweep generation total 13696K, used 4263K [0x00000000ff2a0000, 0x0000000100000000, 0x0000000100000000)
 Metaspace       used 5073K, capacity 5258K, committed 5504K, reserved 1056768K
  class space    used 557K, capacity 597K, committed 640K, reserved 1048576K
2024-07-16T18:26:15.914+0800: 2.718: [GC (Allocation Failure) 2024-07-16T18:26:15.914+0800: 2.718: [ParNew: 5233K->8K(6144K), 0.0008012 secs] 9497K->5295K(19840K), 0.0008864 secs] [Times: user=0.00 sys=0.00, real=0.00 secs] 
Heap after GC invocations=346 (full 45):
 par new generation   total 6144K, used 8K [0x00000000fec00000, 0x00000000ff2a0000, 0x00000000ff2a0000)
  eden space 5504K,   0% used [0x00000000fec00000, 0x00000000fec00000, 0x00000000ff160000)
  from space 640K,   1% used [0x00000000ff200000, 0x00000000ff202040, 0x00000000ff2a0000)
  to   space 640K,   0% used [0x00000000ff160000, 0x00000000ff160000, 0x00000000ff200000)
 concurrent mark-sweep generation total 13696K, used 5287K [0x00000000ff2a0000, 0x0000000100000000, 0x0000000100000000)
 Metaspace       used 5073K, capacity 5258K, committed 5504K, reserved 1056768K
  class space    used 557K, capacity 597K, committed 640K, reserved 1048576K
}
{Heap before GC invocations=346 (full 45):
 par new generation   total 6144K, used 5237K [0x00000000fec00000, 0x00000000ff2a0000, 0x00000000ff2a0000)
  eden space 5504K,  95% used [0x00000000fec00000, 0x00000000ff11b780, 0x00000000ff160000)
  from space 640K,   1% used [0x00000000ff200000, 0x00000000ff202040, 0x00000000ff2a0000)
  to   space 640K,   0% used [0x00000000ff160000, 0x00000000ff160000, 0x00000000ff200000)
 concurrent mark-sweep generation total 13696K, used 5287K [0x00000000ff2a0000, 0x0000000100000000, 0x0000000100000000)
 Metaspace       used 5073K, capacity 5258K, committed 5504K, reserved 1056768K
  class space    used 557K, capacity 597K, committed 640K, reserved 1048576K
2024-07-16T18:26:15.922+0800: 2.726: [GC (Allocation Failure) 2024-07-16T18:26:15.922+0800: 2.726: [ParNew: 5237K->6K(6144K), 0.0003510 secs] 10525K->6317K(19840K), 0.0004189 secs] [Times: user=0.00 sys=0.00, real=0.00 secs] 
Heap after GC invocations=347 (full 45):
 par new generation   total 6144K, used 6K [0x00000000fec00000, 0x00000000ff2a0000, 0x00000000ff2a0000)
  eden space 5504K,   0% used [0x00000000fec00000, 0x00000000fec00000, 0x00000000ff160000)
  from space 640K,   0% used [0x00000000ff160000, 0x00000000ff161830, 0x00000000ff200000)
  to   space 640K,   0% used [0x00000000ff200000, 0x00000000ff200000, 0x00000000ff2a0000)
 concurrent mark-sweep generation total 13696K, used 6311K [0x00000000ff2a0000, 0x0000000100000000, 0x0000000100000000)
 Metaspace       used 5073K, capacity 5258K, committed 5504K, reserved 1056768K
  class space    used 557K, capacity 597K, committed 640K, reserved 1048576K
}
{Heap before GC invocations=347 (full 45):
 par new generation   total 6144K, used 5235K [0x00000000fec00000, 0x00000000ff2a0000, 0x00000000ff2a0000)
  eden space 5504K,  95% used [0x00000000fec00000, 0x00000000ff11b780, 0x00000000ff160000)
  from space 640K,   0% used [0x00000000ff160000, 0x00000000ff161830, 0x00000000ff200000)
  to   space 640K,   0% used [0x00000000ff200000, 0x00000000ff200000, 0x00000000ff2a0000)
 concurrent mark-sweep generation total 13696K, used 6311K [0x00000000ff2a0000, 0x0000000100000000, 0x0000000100000000)
 Metaspace       used 5073K, capacity 5258K, committed 5504K, reserved 1056768K
  class space    used 557K, capacity 597K, committed 640K, reserved 1048576K
2024-07-16T18:26:15.930+0800: 2.734: [GC (Allocation Failure) 2024-07-16T18:26:15.930+0800: 2.734: [ParNew: 5235K->4K(6144K), 0.0002670 secs] 11547K->6315K(19840K), 0.0002946 secs] [Times: user=0.00 sys=0.00, real=0.00 secs] 
Heap after GC invocations=348 (full 45):
 par new generation   total 6144K, used 4K [0x00000000fec00000, 0x00000000ff2a0000, 0x00000000ff2a0000)
  eden space 5504K,   0% used [0x00000000fec00000, 0x00000000fec00000, 0x00000000ff160000)
  from space 640K,   0% used [0x00000000ff200000, 0x00000000ff201020, 0x00000000ff2a0000)
  to   space 640K,   0% used [0x00000000ff160000, 0x00000000ff160000, 0x00000000ff200000)
 concurrent mark-sweep generation total 13696K, used 6311K [0x00000000ff2a0000, 0x0000000100000000, 0x0000000100000000)
 Metaspace       used 5073K, capacity 5258K, committed 5504K, reserved 1056768K
  class space    used 557K, capacity 597K, committed 640K, reserved 1048576K
}
{Heap before GC invocations=348 (full 45):
 par new generation   total 6144K, used 5233K [0x00000000fec00000, 0x00000000ff2a0000, 0x00000000ff2a0000)
  eden space 5504K,  95% used [0x00000000fec00000, 0x00000000ff11b780, 0x00000000ff160000)
  from space 640K,   0% used [0x00000000ff200000, 0x00000000ff201020, 0x00000000ff2a0000)
  to   space 640K,   0% used [0x00000000ff160000, 0x00000000ff160000, 0x00000000ff200000)
 concurrent mark-sweep generation total 13696K, used 6311K [0x00000000ff2a0000, 0x0000000100000000, 0x0000000100000000)
 Metaspace       used 5073K, capacity 5258K, committed 5504K, reserved 1056768K
  class space    used 557K, capacity 597K, committed 640K, reserved 1048576K
2024-07-16T18:26:15.937+0800: 2.741: [GC (Allocation Failure) 2024-07-16T18:26:15.937+0800: 2.741: [ParNew: 5233K->8K(6144K), 0.0003299 secs] 11545K->7345K(19840K), 0.0004002 secs] [Times: user=0.00 sys=0.00, real=0.00 secs] 
Heap after GC invocations=349 (full 45):
 par new generation   total 6144K, used 8K [0x00000000fec00000, 0x00000000ff2a0000, 0x00000000ff2a0000)
  eden space 5504K,   0% used [0x00000000fec00000, 0x00000000fec00000, 0x00000000ff160000)
  from space 640K,   1% used [0x00000000ff160000, 0x00000000ff162040, 0x00000000ff200000)
  to   space 640K,   0% used [0x00000000ff200000, 0x00000000ff200000, 0x00000000ff2a0000)
 concurrent mark-sweep generation total 13696K, used 7337K [0x00000000ff2a0000, 0x0000000100000000, 0x0000000100000000)
 Metaspace       used 5073K, capacity 5258K, committed 5504K, reserved 1056768K
  class space    used 557K, capacity 597K, committed 640K, reserved 1048576K
}
{Heap before GC invocations=349 (full 45):
 par new generation   total 6144K, used 5237K [0x00000000fec00000, 0x00000000ff2a0000, 0x00000000ff2a0000)
  eden space 5504K,  95% used [0x00000000fec00000, 0x00000000ff11b780, 0x00000000ff160000)
  from space 640K,   1% used [0x00000000ff160000, 0x00000000ff162040, 0x00000000ff200000)
  to   space 640K,   0% used [0x00000000ff200000, 0x00000000ff200000, 0x00000000ff2a0000)
 concurrent mark-sweep generation total 13696K, used 7337K [0x00000000ff2a0000, 0x0000000100000000, 0x0000000100000000)
 Metaspace       used 5073K, capacity 5258K, committed 5504K, reserved 1056768K
  class space    used 557K, capacity 597K, committed 640K, reserved 1048576K
2024-07-16T18:26:15.943+0800: 2.747: [GC (Allocation Failure) 2024-07-16T18:26:15.943+0800: 2.747: [ParNew: 5237K->8K(6144K), 0.0003459 secs] 12575K->8371K(19840K), 0.0003749 secs] [Times: user=0.00 sys=0.00, real=0.00 secs] 
Heap after GC invocations=350 (full 45):
 par new generation   total 6144K, used 8K [0x00000000fec00000, 0x00000000ff2a0000, 0x00000000ff2a0000)
  eden space 5504K,   0% used [0x00000000fec00000, 0x00000000fec00000, 0x00000000ff160000)
  from space 640K,   1% used [0x00000000ff200000, 0x00000000ff202040, 0x00000000ff2a0000)
  to   space 640K,   0% used [0x00000000ff160000, 0x00000000ff160000, 0x00000000ff200000)
 concurrent mark-sweep generation total 13696K, used 8363K [0x00000000ff2a0000, 0x0000000100000000, 0x0000000100000000)
 Metaspace       used 5073K, capacity 5258K, committed 5504K, reserved 1056768K
  class space    used 557K, capacity 597K, committed 640K, reserved 1048576K
}
2024-07-16T18:26:15.943+0800: 2.748: [GC (CMS Initial Mark) [1 CMS-initial-mark: 8363K(13696K)] 9395K(19840K), 0.0002229 secs] [Times: user=0.00 sys=0.00, real=0.00 secs] 
2024-07-16T18:26:15.943+0800: 2.748: [CMS-concurrent-mark-start]
2024-07-16T18:26:15.946+0800: 2.750: [CMS-concurrent-mark: 0.003/0.003 secs] [Times: user=0.00 sys=0.00, real=0.00 secs] 
2024-07-16T18:26:15.946+0800: 2.750: [CMS-concurrent-preclean-start]
2024-07-16T18:26:15.946+0800: 2.750: [CMS-concurrent-preclean: 0.000/0.000 secs] [Times: user=0.00 sys=0.00, real=0.00 secs] 
2024-07-16T18:26:15.946+0800: 2.750: [CMS-concurrent-abortable-preclean-start]
{Heap before GC invocations=350 (full 46):
 par new generation   total 6144K, used 5237K [0x00000000fec00000, 0x00000000ff2a0000, 0x00000000ff2a0000)
  eden space 5504K,  95% used [0x00000000fec00000, 0x00000000ff11b780, 0x00000000ff160000)
  from space 640K,   1% used [0x00000000ff200000, 0x00000000ff202040, 0x00000000ff2a0000)
  to   space 640K,   0% used [0x00000000ff160000, 0x00000000ff160000, 0x00000000ff200000)
 concurrent mark-sweep generation total 13696K, used 8363K [0x00000000ff2a0000, 0x0000000100000000, 0x0000000100000000)
 Metaspace       used 5073K, capacity 5258K, committed 5504K, reserved 1056768K
  class space    used 557K, capacity 597K, committed 640K, reserved 1048576K
2024-07-16T18:26:15.951+0800: 2.755: [GC (Allocation Failure) 2024-07-16T18:26:15.951+0800: 2.755: [ParNew: 5237K->4K(6144K), 0.0002901 secs] 13601K->8367K(19840K), 0.0003740 secs] [Times: user=0.00 sys=0.00, real=0.00 secs] 
Heap after GC invocations=351 (full 46):
 par new generation   total 6144K, used 4K [0x00000000fec00000, 0x00000000ff2a0000, 0x00000000ff2a0000)
  eden space 5504K,   0% used [0x00000000fec00000, 0x00000000fec00000, 0x00000000ff160000)
  from space 640K,   0% used [0x00000000ff160000, 0x00000000ff161020, 0x00000000ff200000)
  to   space 640K,   0% used [0x00000000ff200000, 0x00000000ff200000, 0x00000000ff2a0000)
 concurrent mark-sweep generation total 13696K, used 8363K [0x00000000ff2a0000, 0x0000000100000000, 0x0000000100000000)
 Metaspace       used 5073K, capacity 5258K, committed 5504K, reserved 1056768K
  class space    used 557K, capacity 597K, committed 640K, reserved 1048576K
}
{Heap before GC invocations=351 (full 46):
 par new generation   total 6144K, used 5233K [0x00000000fec00000, 0x00000000ff2a0000, 0x00000000ff2a0000)
  eden space 5504K,  95% used [0x00000000fec00000, 0x00000000ff11b780, 0x00000000ff160000)
  from space 640K,   0% used [0x00000000ff160000, 0x00000000ff161020, 0x00000000ff200000)
  to   space 640K,   0% used [0x00000000ff200000, 0x00000000ff200000, 0x00000000ff2a0000)
 concurrent mark-sweep generation total 13696K, used 8363K [0x00000000ff2a0000, 0x0000000100000000, 0x0000000100000000)
 Metaspace       used 5073K, capacity 5258K, committed 5504K, reserved 1056768K
  class space    used 557K, capacity 597K, committed 640K, reserved 1048576K
2024-07-16T18:26:15.958+0800: 2.762: [GC (Allocation Failure) 2024-07-16T18:26:15.958+0800: 2.762: [ParNew: 5233K->10K(6144K), 0.0004002 secs] 13597K->9397K(19840K), 0.0004351 secs] [Times: user=0.00 sys=0.00, real=0.00 secs] 
Heap after GC invocations=352 (full 46):
 par new generation   total 6144K, used 10K [0x00000000fec00000, 0x00000000ff2a0000, 0x00000000ff2a0000)
  eden space 5504K,   0% used [0x00000000fec00000, 0x00000000fec00000, 0x00000000ff160000)
  from space 640K,   1% used [0x00000000ff200000, 0x00000000ff202850, 0x00000000ff2a0000)
  to   space 640K,   0% used [0x00000000ff160000, 0x00000000ff160000, 0x00000000ff200000)
 concurrent mark-sweep generation total 13696K, used 9387K [0x00000000ff2a0000, 0x0000000100000000, 0x0000000100000000)
 Metaspace       used 5073K, capacity 5258K, committed 5504K, reserved 1056768K
  class space    used 557K, capacity 597K, committed 640K, reserved 1048576K
}
{Heap before GC invocations=352 (full 46):
 par new generation   total 6144K, used 5239K [0x00000000fec00000, 0x00000000ff2a0000, 0x00000000ff2a0000)
  eden space 5504K,  95% used [0x00000000fec00000, 0x00000000ff11b780, 0x00000000ff160000)
  from space 640K,   1% used [0x00000000ff200000, 0x00000000ff202850, 0x00000000ff2a0000)
  to   space 640K,   0% used [0x00000000ff160000, 0x00000000ff160000, 0x00000000ff200000)
 concurrent mark-sweep generation total 13696K, used 9387K [0x00000000ff2a0000, 0x0000000100000000, 0x0000000100000000)
 Metaspace       used 5073K, capacity 5258K, committed 5504K, reserved 1056768K
  class space    used 557K, capacity 597K, committed 640K, reserved 1048576K
2024-07-16T18:26:15.966+0800: 2.770: [GC (Allocation Failure) 2024-07-16T18:26:15.966+0800: 2.770: [ParNew: 5239K->4K(6144K), 0.0007331 secs] 14627K->9391K(19840K), 0.0008022 secs] [Times: user=0.00 sys=0.00, real=0.00 secs] 
Heap after GC invocations=353 (full 46):
 par new generation   total 6144K, used 4K [0x00000000fec00000, 0x00000000ff2a0000, 0x00000000ff2a0000)
  eden space 5504K,   0% used [0x00000000fec00000, 0x00000000fec00000, 0x00000000ff160000)
  from space 640K,   0% used [0x00000000ff160000, 0x00000000ff161020, 0x00000000ff200000)
  to   space 640K,   0% used [0x00000000ff200000, 0x00000000ff200000, 0x00000000ff2a0000)
 concurrent mark-sweep generation total 13696K, used 9387K [0x00000000ff2a0000, 0x0000000100000000, 0x0000000100000000)
 Metaspace       used 5073K, capacity 5258K, committed 5504K, reserved 1056768K
  class space    used 557K, capacity 597K, committed 640K, reserved 1048576K
}
{Heap before GC invocations=353 (full 46):
 par new generation   total 6144K, used 5233K [0x00000000fec00000, 0x00000000ff2a0000, 0x00000000ff2a0000)
  eden space 5504K,  95% used [0x00000000fec00000, 0x00000000ff11b780, 0x00000000ff160000)
  from space 640K,   0% used [0x00000000ff160000, 0x00000000ff161020, 0x00000000ff200000)
  to   space 640K,   0% used [0x00000000ff200000, 0x00000000ff200000, 0x00000000ff2a0000)
 concurrent mark-sweep generation total 13696K, used 9387K [0x00000000ff2a0000, 0x0000000100000000, 0x0000000100000000)
 Metaspace       used 5073K, capacity 5258K, committed 5504K, reserved 1056768K
  class space    used 557K, capacity 597K, committed 640K, reserved 1048576K
2024-07-16T18:26:15.974+0800: 2.778: [GC (Allocation Failure) 2024-07-16T18:26:15.974+0800: 2.778: [ParNew: 5233K->10K(6144K), 0.0005541 secs] 14621K->10423K(19840K), 0.0006667 secs] [Times: user=0.00 sys=0.00, real=0.00 secs] 
Heap after GC invocations=354 (full 46):
 par new generation   total 6144K, used 10K [0x00000000fec00000, 0x00000000ff2a0000, 0x00000000ff2a0000)
  eden space 5504K,   0% used [0x00000000fec00000, 0x00000000fec00000, 0x00000000ff160000)
  from space 640K,   1% used [0x00000000ff200000, 0x00000000ff202850, 0x00000000ff2a0000)
  to   space 640K,   0% used [0x00000000ff160000, 0x00000000ff160000, 0x00000000ff200000)
 concurrent mark-sweep generation total 13696K, used 10413K [0x00000000ff2a0000, 0x0000000100000000, 0x0000000100000000)
 Metaspace       used 5073K, capacity 5258K, committed 5504K, reserved 1056768K
  class space    used 557K, capacity 597K, committed 640K, reserved 1048576K
}
{Heap before GC invocations=354 (full 46):
 par new generation   total 6144K, used 5239K [0x00000000fec00000, 0x00000000ff2a0000, 0x00000000ff2a0000)
  eden space 5504K,  95% used [0x00000000fec00000, 0x00000000ff11b780, 0x00000000ff160000)
  from space 640K,   1% used [0x00000000ff200000, 0x00000000ff202850, 0x00000000ff2a0000)
  to   space 640K,   0% used [0x00000000ff160000, 0x00000000ff160000, 0x00000000ff200000)
 concurrent mark-sweep generation total 13696K, used 10413K [0x00000000ff2a0000, 0x0000000100000000, 0x0000000100000000)
 Metaspace       used 5073K, capacity 5258K, committed 5504K, reserved 1056768K
  class space    used 557K, capacity 597K, committed 640K, reserved 1048576K
2024-07-16T18:26:15.980+0800: 2.784: [GC (Allocation Failure) 2024-07-16T18:26:15.980+0800: 2.784: [ParNew: 5239K->6K(6144K), 0.0003550 secs] 15653K->11443K(19840K), 0.0003822 secs] [Times: user=0.00 sys=0.00, real=0.00 secs] 
Heap after GC invocations=355 (full 46):
 par new generation   total 6144K, used 6K [0x00000000fec00000, 0x00000000ff2a0000, 0x00000000ff2a0000)
  eden space 5504K,   0% used [0x00000000fec00000, 0x00000000fec00000, 0x00000000ff160000)
  from space 640K,   0% used [0x00000000ff160000, 0x00000000ff161830, 0x00000000ff200000)
  to   space 640K,   0% used [0x00000000ff200000, 0x00000000ff200000, 0x00000000ff2a0000)
 concurrent mark-sweep generation total 13696K, used 11437K [0x00000000ff2a0000, 0x0000000100000000, 0x0000000100000000)
 Metaspace       used 5073K, capacity 5258K, committed 5504K, reserved 1056768K
  class space    used 557K, capacity 597K, committed 640K, reserved 1048576K
}
{Heap before GC invocations=355 (full 46):
 par new generation   total 6144K, used 5235K [0x00000000fec00000, 0x00000000ff2a0000, 0x00000000ff2a0000)
  eden space 5504K,  95% used [0x00000000fec00000, 0x00000000ff11b780, 0x00000000ff160000)
  from space 640K,   0% used [0x00000000ff160000, 0x00000000ff161830, 0x00000000ff200000)
  to   space 640K,   0% used [0x00000000ff200000, 0x00000000ff200000, 0x00000000ff2a0000)
 concurrent mark-sweep generation total 13696K, used 11437K [0x00000000ff2a0000, 0x0000000100000000, 0x0000000100000000)
 Metaspace       used 5073K, capacity 5258K, committed 5504K, reserved 1056768K
  class space    used 557K, capacity 597K, committed 640K, reserved 1048576K
2024-07-16T18:26:15.988+0800: 2.792: [GC (Allocation Failure) 2024-07-16T18:26:15.988+0800: 2.792: [ParNew: 5235K->8K(6144K), 0.0004941 secs] 16673K->12469K(19840K), 0.0005581 secs] [Times: user=0.00 sys=0.00, real=0.00 secs] 
Heap after GC invocations=356 (full 46):
 par new generation   total 6144K, used 8K [0x00000000fec00000, 0x00000000ff2a0000, 0x00000000ff2a0000)
  eden space 5504K,   0% used [0x00000000fec00000, 0x00000000fec00000, 0x00000000ff160000)
  from space 640K,   1% used [0x00000000ff200000, 0x00000000ff202040, 0x00000000ff2a0000)
  to   space 640K,   0% used [0x00000000ff160000, 0x00000000ff160000, 0x00000000ff200000)
 concurrent mark-sweep generation total 13696K, used 12461K [0x00000000ff2a0000, 0x0000000100000000, 0x0000000100000000)
 Metaspace       used 5073K, capacity 5258K, committed 5504K, reserved 1056768K
  class space    used 557K, capacity 597K, committed 640K, reserved 1048576K
}
{Heap before GC invocations=356 (full 46):
 par new generation   total 6144K, used 5237K [0x00000000fec00000, 0x00000000ff2a0000, 0x00000000ff2a0000)
  eden space 5504K,  95% used [0x00000000fec00000, 0x00000000ff11b780, 0x00000000ff160000)
  from space 640K,   1% used [0x00000000ff200000, 0x00000000ff202040, 0x00000000ff2a0000)
  to   space 640K,   0% used [0x00000000ff160000, 0x00000000ff160000, 0x00000000ff200000)
 concurrent mark-sweep generation total 13696K, used 12461K [0x00000000ff2a0000, 0x0000000100000000, 0x0000000100000000)
 Metaspace       used 5073K, capacity 5258K, committed 5504K, reserved 1056768K
  class space    used 557K, capacity 597K, committed 640K, reserved 1048576K
2024-07-16T18:26:15.997+0800: 2.801: [GC (Allocation Failure) 2024-07-16T18:26:15.997+0800: 2.801: [ParNew: 5237K->5237K(6144K), 0.0000096 secs]2024-07-16T18:26:15.997+0800: 2.801: [CMS2024-07-16T18:26:15.997+0800: 2.801: [CMS-concurrent-abortable-preclean: 0.000/0.051 secs] [Times: user=0.00 sys=0.00, real=0.05 secs] 
 (concurrent mode failure): 12461K->1186K(13696K), 0.0021360 secs] 17699K->1186K(19840K), [Metaspace: 5073K->5073K(1056768K)], 0.0021851 secs] [Times: user=0.00 sys=0.00, real=0.00 secs] 
Heap after GC invocations=357 (full 47):
 par new generation   total 6144K, used 0K [0x00000000fec00000, 0x00000000ff2a0000, 0x00000000ff2a0000)
  eden space 5504K,   0% used [0x00000000fec00000, 0x00000000fec00000, 0x00000000ff160000)
  from space 640K,   0% used [0x00000000ff200000, 0x00000000ff200000, 0x00000000ff2a0000)
  to   space 640K,   0% used [0x00000000ff160000, 0x00000000ff160000, 0x00000000ff200000)
 concurrent mark-sweep generation total 13696K, used 1186K [0x00000000ff2a0000, 0x0000000100000000, 0x0000000100000000)
 Metaspace       used 5073K, capacity 5258K, committed 5504K, reserved 1056768K
  class space    used 557K, capacity 597K, committed 640K, reserved 1048576K
}
{Heap before GC invocations=357 (full 47):
 par new generation   total 6144K, used 5229K [0x00000000fec00000, 0x00000000ff2a0000, 0x00000000ff2a0000)
  eden space 5504K,  95% used [0x00000000fec00000, 0x00000000ff11b780, 0x00000000ff160000)
  from space 640K,   0% used [0x00000000ff200000, 0x00000000ff200000, 0x00000000ff2a0000)
  to   space 640K,   0% used [0x00000000ff160000, 0x00000000ff160000, 0x00000000ff200000)
 concurrent mark-sweep generation total 13696K, used 1186K [0x00000000ff2a0000, 0x0000000100000000, 0x0000000100000000)
 Metaspace       used 5073K, capacity 5258K, committed 5504K, reserved 1056768K
  class space    used 557K, capacity 597K, committed 640K, reserved 1048576K
2024-07-16T18:26:16.007+0800: 2.811: [GC (Allocation Failure) 2024-07-16T18:26:16.007+0800: 2.811: [ParNew: 5229K->8K(6144K), 0.0004306 secs] 6416K->2221K(19840K), 0.0004780 secs] [Times: user=0.00 sys=0.00, real=0.00 secs] 
Heap after GC invocations=358 (full 47):
 par new generation   total 6144K, used 8K [0x00000000fec00000, 0x00000000ff2a0000, 0x00000000ff2a0000)
  eden space 5504K,   0% used [0x00000000fec00000, 0x00000000fec00000, 0x00000000ff160000)
  from space 640K,   1% used [0x00000000ff160000, 0x00000000ff162040, 0x00000000ff200000)
  to   space 640K,   0% used [0x00000000ff200000, 0x00000000ff200000, 0x00000000ff2a0000)
 concurrent mark-sweep generation total 13696K, used 2212K [0x00000000ff2a0000, 0x0000000100000000, 0x0000000100000000)
 Metaspace       used 5073K, capacity 5258K, committed 5504K, reserved 1056768K
  class space    used 557K, capacity 597K, committed 640K, reserved 1048576K
}
{Heap before GC invocations=358 (full 47):
 par new generation   total 6144K, used 5237K [0x00000000fec00000, 0x00000000ff2a0000, 0x00000000ff2a0000)
  eden space 5504K,  95% used [0x00000000fec00000, 0x00000000ff11b780, 0x00000000ff160000)
  from space 640K,   1% used [0x00000000ff160000, 0x00000000ff162040, 0x00000000ff200000)
  to   space 640K,   0% used [0x00000000ff200000, 0x00000000ff200000, 0x00000000ff2a0000)
 concurrent mark-sweep generation total 13696K, used 2212K [0x00000000ff2a0000, 0x0000000100000000, 0x0000000100000000)
 Metaspace       used 5073K, capacity 5258K, committed 5504K, reserved 1056768K
  class space    used 557K, capacity 597K, committed 640K, reserved 1048576K
2024-07-16T18:26:16.015+0800: 2.819: [GC (Allocation Failure) 2024-07-16T18:26:16.015+0800: 2.819: [ParNew: 5237K->4K(6144K), 0.0002497 secs] 7450K->2216K(19840K), 0.0002836 secs] [Times: user=0.00 sys=0.00, real=0.00 secs] 
Heap after GC invocations=359 (full 47):
 par new generation   total 6144K, used 4K [0x00000000fec00000, 0x00000000ff2a0000, 0x00000000ff2a0000)
  eden space 5504K,   0% used [0x00000000fec00000, 0x00000000fec00000, 0x00000000ff160000)
  from space 640K,   0% used [0x00000000ff200000, 0x00000000ff201020, 0x00000000ff2a0000)
  to   space 640K,   0% used [0x00000000ff160000, 0x00000000ff160000, 0x00000000ff200000)
 concurrent mark-sweep generation total 13696K, used 2212K [0x00000000ff2a0000, 0x0000000100000000, 0x0000000100000000)
 Metaspace       used 5073K, capacity 5258K, committed 5504K, reserved 1056768K
  class space    used 557K, capacity 597K, committed 640K, reserved 1048576K
}
{Heap before GC invocations=359 (full 47):
 par new generation   total 6144K, used 5233K [0x00000000fec00000, 0x00000000ff2a0000, 0x00000000ff2a0000)
  eden space 5504K,  95% used [0x00000000fec00000, 0x00000000ff11b780, 0x00000000ff160000)
  from space 640K,   0% used [0x00000000ff200000, 0x00000000ff201020, 0x00000000ff2a0000)
  to   space 640K,   0% used [0x00000000ff160000, 0x00000000ff160000, 0x00000000ff200000)
 concurrent mark-sweep generation total 13696K, used 2212K [0x00000000ff2a0000, 0x0000000100000000, 0x0000000100000000)
 Metaspace       used 5073K, capacity 5258K, committed 5504K, reserved 1056768K
  class space    used 557K, capacity 597K, committed 640K, reserved 1048576K
2024-07-16T18:26:16.022+0800: 2.826: [GC (Allocation Failure) 2024-07-16T18:26:16.022+0800: 2.826: [ParNew: 5233K->10K(6144K), 0.0003244 secs] 7446K->3249K(19840K), 0.0003487 secs] [Times: user=0.00 sys=0.00, real=0.00 secs] 
Heap after GC invocations=360 (full 47):
 par new generation   total 6144K, used 10K [0x00000000fec00000, 0x00000000ff2a0000, 0x00000000ff2a0000)
  eden space 5504K,   0% used [0x00000000fec00000, 0x00000000fec00000, 0x00000000ff160000)
  from space 640K,   1% used [0x00000000ff160000, 0x00000000ff162850, 0x00000000ff200000)
  to   space 640K,   0% used [0x00000000ff200000, 0x00000000ff200000, 0x00000000ff2a0000)
 concurrent mark-sweep generation total 13696K, used 3239K [0x00000000ff2a0000, 0x0000000100000000, 0x0000000100000000)
 Metaspace       used 5073K, capacity 5258K, committed 5504K, reserved 1056768K
  class space    used 557K, capacity 597K, committed 640K, reserved 1048576K
}
{Heap before GC invocations=360 (full 47):
 par new generation   total 6144K, used 5239K [0x00000000fec00000, 0x00000000ff2a0000, 0x00000000ff2a0000)
  eden space 5504K,  95% used [0x00000000fec00000, 0x00000000ff11b780, 0x00000000ff160000)
  from space 640K,   1% used [0x00000000ff160000, 0x00000000ff162850, 0x00000000ff200000)
  to   space 640K,   0% used [0x00000000ff200000, 0x00000000ff200000, 0x00000000ff2a0000)
 concurrent mark-sweep generation total 13696K, used 3239K [0x00000000ff2a0000, 0x0000000100000000, 0x0000000100000000)
 Metaspace       used 5073K, capacity 5258K, committed 5504K, reserved 1056768K
  class space    used 557K, capacity 597K, committed 640K, reserved 1048576K
2024-07-16T18:26:16.029+0800: 2.833: [GC (Allocation Failure) 2024-07-16T18:26:16.029+0800: 2.833: [ParNew: 5239K->8K(6144K), 0.0004203 secs] 8478K->4273K(19840K), 0.0004835 secs] [Times: user=0.00 sys=0.00, real=0.00 secs] 
Heap after GC invocations=361 (full 47):
 par new generation   total 6144K, used 8K [0x00000000fec00000, 0x00000000ff2a0000, 0x00000000ff2a0000)
  eden space 5504K,   0% used [0x00000000fec00000, 0x00000000fec00000, 0x00000000ff160000)
  from space 640K,   1% used [0x00000000ff200000, 0x00000000ff202040, 0x00000000ff2a0000)
  to   space 640K,   0% used [0x00000000ff160000, 0x00000000ff160000, 0x00000000ff200000)
 concurrent mark-sweep generation total 13696K, used 4265K [0x00000000ff2a0000, 0x0000000100000000, 0x0000000100000000)
 Metaspace       used 5073K, capacity 5258K, committed 5504K, reserved 1056768K
  class space    used 557K, capacity 597K, committed 640K, reserved 1048576K
}
{Heap before GC invocations=361 (full 47):
 par new generation   total 6144K, used 5237K [0x00000000fec00000, 0x00000000ff2a0000, 0x00000000ff2a0000)
  eden space 5504K,  95% used [0x00000000fec00000, 0x00000000ff11b780, 0x00000000ff160000)
  from space 640K,   1% used [0x00000000ff200000, 0x00000000ff202040, 0x00000000ff2a0000)
  to   space 640K,   0% used [0x00000000ff160000, 0x00000000ff160000, 0x00000000ff200000)
 concurrent mark-sweep generation total 13696K, used 4265K [0x00000000ff2a0000, 0x0000000100000000, 0x0000000100000000)
 Metaspace       used 5073K, capacity 5258K, committed 5504K, reserved 1056768K
  class space    used 557K, capacity 597K, committed 640K, reserved 1048576K
2024-07-16T18:26:16.035+0800: 2.839: [GC (Allocation Failure) 2024-07-16T18:26:16.035+0800: 2.839: [ParNew: 5237K->8K(6144K), 0.0009036 secs] 9503K->5299K(19840K), 0.0009690 secs] [Times: user=0.00 sys=0.00, real=0.00 secs] 
Heap after GC invocations=362 (full 47):
 par new generation   total 6144K, used 8K [0x00000000fec00000, 0x00000000ff2a0000, 0x00000000ff2a0000)
  eden space 5504K,   0% used [0x00000000fec00000, 0x00000000fec00000, 0x00000000ff160000)
  from space 640K,   1% used [0x00000000ff160000, 0x00000000ff162040, 0x00000000ff200000)
  to   space 640K,   0% used [0x00000000ff200000, 0x00000000ff200000, 0x00000000ff2a0000)
 concurrent mark-sweep generation total 13696K, used 5291K [0x00000000ff2a0000, 0x0000000100000000, 0x0000000100000000)
 Metaspace       used 5073K, capacity 5258K, committed 5504K, reserved 1056768K
  class space    used 557K, capacity 597K, committed 640K, reserved 1048576K
}
{Heap before GC invocations=362 (full 47):
 par new generation   total 6144K, used 5237K [0x00000000fec00000, 0x00000000ff2a0000, 0x00000000ff2a0000)
  eden space 5504K,  95% used [0x00000000fec00000, 0x00000000ff11b780, 0x00000000ff160000)
  from space 640K,   1% used [0x00000000ff160000, 0x00000000ff162040, 0x00000000ff200000)
  to   space 640K,   0% used [0x00000000ff200000, 0x00000000ff200000, 0x00000000ff2a0000)
 concurrent mark-sweep generation total 13696K, used 5291K [0x00000000ff2a0000, 0x0000000100000000, 0x0000000100000000)
 Metaspace       used 5073K, capacity 5258K, committed 5504K, reserved 1056768K
  class space    used 557K, capacity 597K, committed 640K, reserved 1048576K
2024-07-16T18:26:16.044+0800: 2.848: [GC (Allocation Failure) 2024-07-16T18:26:16.044+0800: 2.848: [ParNew: 5237K->4K(6144K), 0.0008134 secs] 10529K->5295K(19840K), 0.0008830 secs] [Times: user=0.00 sys=0.00, real=0.00 secs] 
Heap after GC invocations=363 (full 47):
 par new generation   total 6144K, used 4K [0x00000000fec00000, 0x00000000ff2a0000, 0x00000000ff2a0000)
  eden space 5504K,   0% used [0x00000000fec00000, 0x00000000fec00000, 0x00000000ff160000)
  from space 640K,   0% used [0x00000000ff200000, 0x00000000ff201020, 0x00000000ff2a0000)
  to   space 640K,   0% used [0x00000000ff160000, 0x00000000ff160000, 0x00000000ff200000)
 concurrent mark-sweep generation total 13696K, used 5291K [0x00000000ff2a0000, 0x0000000100000000, 0x0000000100000000)
 Metaspace       used 5073K, capacity 5258K, committed 5504K, reserved 1056768K
  class space    used 557K, capacity 597K, committed 640K, reserved 1048576K
}
{Heap before GC invocations=363 (full 47):
 par new generation   total 6144K, used 5233K [0x00000000fec00000, 0x00000000ff2a0000, 0x00000000ff2a0000)
  eden space 5504K,  95% used [0x00000000fec00000, 0x00000000ff11b780, 0x00000000ff160000)
  from space 640K,   0% used [0x00000000ff200000, 0x00000000ff201020, 0x00000000ff2a0000)
  to   space 640K,   0% used [0x00000000ff160000, 0x00000000ff160000, 0x00000000ff200000)
 concurrent mark-sweep generation total 13696K, used 5291K [0x00000000ff2a0000, 0x0000000100000000, 0x0000000100000000)
 Metaspace       used 5073K, capacity 5258K, committed 5504K, reserved 1056768K
  class space    used 557K, capacity 597K, committed 640K, reserved 1048576K
2024-07-16T18:26:16.051+0800: 2.855: [GC (Allocation Failure) 2024-07-16T18:26:16.051+0800: 2.855: [ParNew: 5233K->8K(6144K), 0.0011927 secs] 10525K->6325K(19840K), 0.0012604 secs] [Times: user=0.00 sys=0.00, real=0.00 secs] 
Heap after GC invocations=364 (full 47):
 par new generation   total 6144K, used 8K [0x00000000fec00000, 0x00000000ff2a0000, 0x00000000ff2a0000)
  eden space 5504K,   0% used [0x00000000fec00000, 0x00000000fec00000, 0x00000000ff160000)
  from space 640K,   1% used [0x00000000ff160000, 0x00000000ff162040, 0x00000000ff200000)
  to   space 640K,   0% used [0x00000000ff200000, 0x00000000ff200000, 0x00000000ff2a0000)
 concurrent mark-sweep generation total 13696K, used 6317K [0x00000000ff2a0000, 0x0000000100000000, 0x0000000100000000)
 Metaspace       used 5073K, capacity 5258K, committed 5504K, reserved 1056768K
  class space    used 557K, capacity 597K, committed 640K, reserved 1048576K
}
{Heap before GC invocations=364 (full 47):
 par new generation   total 6144K, used 5237K [0x00000000fec00000, 0x00000000ff2a0000, 0x00000000ff2a0000)
  eden space 5504K,  95% used [0x00000000fec00000, 0x00000000ff11b780, 0x00000000ff160000)
  from space 640K,   1% used [0x00000000ff160000, 0x00000000ff162040, 0x00000000ff200000)
  to   space 640K,   0% used [0x00000000ff200000, 0x00000000ff200000, 0x00000000ff2a0000)
 concurrent mark-sweep generation total 13696K, used 6317K [0x00000000ff2a0000, 0x0000000100000000, 0x0000000100000000)
 Metaspace       used 5073K, capacity 5258K, committed 5504K, reserved 1056768K
  class space    used 557K, capacity 597K, committed 640K, reserved 1048576K
2024-07-16T18:26:16.059+0800: 2.863: [GC (Allocation Failure) 2024-07-16T18:26:16.059+0800: 2.863: [ParNew: 5237K->4K(6144K), 0.0013573 secs] 11555K->7345K(19840K), 0.0014548 secs] [Times: user=0.00 sys=0.00, real=0.00 secs] 
Heap after GC invocations=365 (full 47):
 par new generation   total 6144K, used 4K [0x00000000fec00000, 0x00000000ff2a0000, 0x00000000ff2a0000)
  eden space 5504K,   0% used [0x00000000fec00000, 0x00000000fec00000, 0x00000000ff160000)
  from space 640K,   0% used [0x00000000ff200000, 0x00000000ff201020, 0x00000000ff2a0000)
  to   space 640K,   0% used [0x00000000ff160000, 0x00000000ff160000, 0x00000000ff200000)
 concurrent mark-sweep generation total 13696K, used 7341K [0x00000000ff2a0000, 0x0000000100000000, 0x0000000100000000)
 Metaspace       used 5073K, capacity 5258K, committed 5504K, reserved 1056768K
  class space    used 557K, capacity 597K, committed 640K, reserved 1048576K
}
2024-07-16T18:26:16.060+0800: 2.865: [GC (CMS Initial Mark) [1 CMS-initial-mark: 7341K(13696K)] 8371K(19840K), 0.0003668 secs] [Times: user=0.00 sys=0.00, real=0.00 secs] 
2024-07-16T18:26:16.061+0800: 2.865: [CMS-concurrent-mark-start]
2024-07-16T18:26:16.065+0800: 2.869: [CMS-concurrent-mark: 0.004/0.004 secs] [Times: user=0.00 sys=0.03, real=0.00 secs] 
2024-07-16T18:26:16.065+0800: 2.869: [CMS-concurrent-preclean-start]
2024-07-16T18:26:16.065+0800: 2.869: [CMS-concurrent-preclean: 0.000/0.000 secs] [Times: user=0.00 sys=0.00, real=0.00 secs] 
2024-07-16T18:26:16.065+0800: 2.869: [CMS-concurrent-abortable-preclean-start]
{Heap before GC invocations=365 (full 48):
 par new generation   total 6144K, used 5233K [0x00000000fec00000, 0x00000000ff2a0000, 0x00000000ff2a0000)
  eden space 5504K,  95% used [0x00000000fec00000, 0x00000000ff11b780, 0x00000000ff160000)
  from space 640K,   0% used [0x00000000ff200000, 0x00000000ff201020, 0x00000000ff2a0000)
  to   space 640K,   0% used [0x00000000ff160000, 0x00000000ff160000, 0x00000000ff200000)
 concurrent mark-sweep generation total 13696K, used 7341K [0x00000000ff2a0000, 0x0000000100000000, 0x0000000100000000)
 Metaspace       used 5073K, capacity 5258K, committed 5504K, reserved 1056768K
  class space    used 557K, capacity 597K, committed 640K, reserved 1048576K
2024-07-16T18:26:16.069+0800: 2.873: [GC (Allocation Failure) 2024-07-16T18:26:16.069+0800: 2.873: [ParNew: 5233K->4K(6144K), 0.0009907 secs] 12575K->7345K(19840K), 0.0010593 secs] [Times: user=0.00 sys=0.00, real=0.00 secs] 
Heap after GC invocations=366 (full 48):
 par new generation   total 6144K, used 4K [0x00000000fec00000, 0x00000000ff2a0000, 0x00000000ff2a0000)
  eden space 5504K,   0% used [0x00000000fec00000, 0x00000000fec00000, 0x00000000ff160000)
  from space 640K,   0% used [0x00000000ff160000, 0x00000000ff161020, 0x00000000ff200000)
  to   space 640K,   0% used [0x00000000ff200000, 0x00000000ff200000, 0x00000000ff2a0000)
 concurrent mark-sweep generation total 13696K, used 7341K [0x00000000ff2a0000, 0x0000000100000000, 0x0000000100000000)
 Metaspace       used 5073K, capacity 5258K, committed 5504K, reserved 1056768K
  class space    used 557K, capacity 597K, committed 640K, reserved 1048576K
}
{Heap before GC invocations=366 (full 48):
 par new generation   total 6144K, used 5233K [0x00000000fec00000, 0x00000000ff2a0000, 0x00000000ff2a0000)
  eden space 5504K,  95% used [0x00000000fec00000, 0x00000000ff11b780, 0x00000000ff160000)
  from space 640K,   0% used [0x00000000ff160000, 0x00000000ff161020, 0x00000000ff200000)
  to   space 640K,   0% used [0x00000000ff200000, 0x00000000ff200000, 0x00000000ff2a0000)
 concurrent mark-sweep generation total 13696K, used 7341K [0x00000000ff2a0000, 0x0000000100000000, 0x0000000100000000)
 Metaspace       used 5073K, capacity 5258K, committed 5504K, reserved 1056768K
  class space    used 557K, capacity 597K, committed 640K, reserved 1048576K
2024-07-16T18:26:16.078+0800: 2.882: [GC (Allocation Failure) 2024-07-16T18:26:16.078+0800: 2.882: [ParNew: 5233K->4K(6144K), 0.0013021 secs] 12575K->7345K(19840K), 0.0014325 secs] [Times: user=0.00 sys=0.00, real=0.00 secs] 
Heap after GC invocations=367 (full 48):
 par new generation   total 6144K, used 4K [0x00000000fec00000, 0x00000000ff2a0000, 0x00000000ff2a0000)
  eden space 5504K,   0% used [0x00000000fec00000, 0x00000000fec00000, 0x00000000ff160000)
  from space 640K,   0% used [0x00000000ff200000, 0x00000000ff201020, 0x00000000ff2a0000)
  to   space 640K,   0% used [0x00000000ff160000, 0x00000000ff160000, 0x00000000ff200000)
 concurrent mark-sweep generation total 13696K, used 7341K [0x00000000ff2a0000, 0x0000000100000000, 0x0000000100000000)
 Metaspace       used 5073K, capacity 5258K, committed 5504K, reserved 1056768K
  class space    used 557K, capacity 597K, committed 640K, reserved 1048576K
}
{Heap before GC invocations=367 (full 48):
 par new generation   total 6144K, used 5233K [0x00000000fec00000, 0x00000000ff2a0000, 0x00000000ff2a0000)
  eden space 5504K,  95% used [0x00000000fec00000, 0x00000000ff11b780, 0x00000000ff160000)
  from space 640K,   0% used [0x00000000ff200000, 0x00000000ff201020, 0x00000000ff2a0000)
  to   space 640K,   0% used [0x00000000ff160000, 0x00000000ff160000, 0x00000000ff200000)
 concurrent mark-sweep generation total 13696K, used 7341K [0x00000000ff2a0000, 0x0000000100000000, 0x0000000100000000)
 Metaspace       used 5073K, capacity 5258K, committed 5504K, reserved 1056768K
  class space    used 557K, capacity 597K, committed 640K, reserved 1048576K
2024-07-16T18:26:16.089+0800: 2.893: [GC (Allocation Failure) 2024-07-16T18:26:16.089+0800: 2.893: [ParNew: 5233K->8K(6144K), 0.0016896 secs] 12575K->8375K(19840K), 0.0018619 secs] [Times: user=0.00 sys=0.00, real=0.00 secs] 
Heap after GC invocations=368 (full 48):
 par new generation   total 6144K, used 8K [0x00000000fec00000, 0x00000000ff2a0000, 0x00000000ff2a0000)
  eden space 5504K,   0% used [0x00000000fec00000, 0x00000000fec00000, 0x00000000ff160000)
  from space 640K,   1% used [0x00000000ff160000, 0x00000000ff162040, 0x00000000ff200000)
  to   space 640K,   0% used [0x00000000ff200000, 0x00000000ff200000, 0x00000000ff2a0000)
 concurrent mark-sweep generation total 13696K, used 8367K [0x00000000ff2a0000, 0x0000000100000000, 0x0000000100000000)
 Metaspace       used 5073K, capacity 5258K, committed 5504K, reserved 1056768K
  class space    used 557K, capacity 597K, committed 640K, reserved 1048576K
}
{Heap before GC invocations=368 (full 48):
 par new generation   total 6144K, used 5237K [0x00000000fec00000, 0x00000000ff2a0000, 0x00000000ff2a0000)
  eden space 5504K,  95% used [0x00000000fec00000, 0x00000000ff11b780, 0x00000000ff160000)
  from space 640K,   1% used [0x00000000ff160000, 0x00000000ff162040, 0x00000000ff200000)
  to   space 640K,   0% used [0x00000000ff200000, 0x00000000ff200000, 0x00000000ff2a0000)
 concurrent mark-sweep generation total 13696K, used 8367K [0x00000000ff2a0000, 0x0000000100000000, 0x0000000100000000)
 Metaspace       used 5073K, capacity 5258K, committed 5504K, reserved 1056768K
  class space    used 557K, capacity 597K, committed 640K, reserved 1048576K
2024-07-16T18:26:16.098+0800: 2.902: [GC (Allocation Failure) 2024-07-16T18:26:16.098+0800: 2.902: [ParNew: 5237K->6K(6144K), 0.0012677 secs] 13605K->9399K(19840K), 0.0013816 secs] [Times: user=0.00 sys=0.00, real=0.00 secs] 
Heap after GC invocations=369 (full 48):
 par new generation   total 6144K, used 6K [0x00000000fec00000, 0x00000000ff2a0000, 0x00000000ff2a0000)
  eden space 5504K,   0% used [0x00000000fec00000, 0x00000000fec00000, 0x00000000ff160000)
  from space 640K,   0% used [0x00000000ff200000, 0x00000000ff201830, 0x00000000ff2a0000)
  to   space 640K,   0% used [0x00000000ff160000, 0x00000000ff160000, 0x00000000ff200000)
 concurrent mark-sweep generation total 13696K, used 9393K [0x00000000ff2a0000, 0x0000000100000000, 0x0000000100000000)
 Metaspace       used 5073K, capacity 5258K, committed 5504K, reserved 1056768K
  class space    used 557K, capacity 597K, committed 640K, reserved 1048576K
}
{Heap before GC invocations=369 (full 48):
 par new generation   total 6144K, used 5235K [0x00000000fec00000, 0x00000000ff2a0000, 0x00000000ff2a0000)
  eden space 5504K,  95% used [0x00000000fec00000, 0x00000000ff11b780, 0x00000000ff160000)
  from space 640K,   0% used [0x00000000ff200000, 0x00000000ff201830, 0x00000000ff2a0000)
  to   space 640K,   0% used [0x00000000ff160000, 0x00000000ff160000, 0x00000000ff200000)
 concurrent mark-sweep generation total 13696K, used 9393K [0x00000000ff2a0000, 0x0000000100000000, 0x0000000100000000)
 Metaspace       used 5073K, capacity 5258K, committed 5504K, reserved 1056768K
  class space    used 557K, capacity 597K, committed 640K, reserved 1048576K
2024-07-16T18:26:16.107+0800: 2.911: [GC (Allocation Failure) 2024-07-16T18:26:16.107+0800: 2.911: [ParNew: 5235K->4K(6144K), 0.0002614 secs] 14629K->9397K(19840K), 0.0003047 secs] [Times: user=0.00 sys=0.00, real=0.00 secs] 
Heap after GC invocations=370 (full 48):
 par new generation   total 6144K, used 4K [0x00000000fec00000, 0x00000000ff2a0000, 0x00000000ff2a0000)
  eden space 5504K,   0% used [0x00000000fec00000, 0x00000000fec00000, 0x00000000ff160000)
  from space 640K,   0% used [0x00000000ff160000, 0x00000000ff161020, 0x00000000ff200000)
  to   space 640K,   0% used [0x00000000ff200000, 0x00000000ff200000, 0x00000000ff2a0000)
 concurrent mark-sweep generation total 13696K, used 9393K [0x00000000ff2a0000, 0x0000000100000000, 0x0000000100000000)
 Metaspace       used 5073K, capacity 5258K, committed 5504K, reserved 1056768K
  class space    used 557K, capacity 597K, committed 640K, reserved 1048576K
}
{Heap before GC invocations=370 (full 48):
 par new generation   total 6144K, used 5233K [0x00000000fec00000, 0x00000000ff2a0000, 0x00000000ff2a0000)
  eden space 5504K,  95% used [0x00000000fec00000, 0x00000000ff11b780, 0x00000000ff160000)
  from space 640K,   0% used [0x00000000ff160000, 0x00000000ff161020, 0x00000000ff200000)
  to   space 640K,   0% used [0x00000000ff200000, 0x00000000ff200000, 0x00000000ff2a0000)
 concurrent mark-sweep generation total 13696K, used 9393K [0x00000000ff2a0000, 0x0000000100000000, 0x0000000100000000)
 Metaspace       used 5073K, capacity 5258K, committed 5504K, reserved 1056768K
  class space    used 557K, capacity 597K, committed 640K, reserved 1048576K
2024-07-16T18:26:16.114+0800: 2.918: [GC (Allocation Failure) 2024-07-16T18:26:16.114+0800: 2.918: [ParNew: 5233K->8K(6144K), 0.0004078 secs] 14627K->10427K(19840K), 0.0004557 secs] [Times: user=0.00 sys=0.00, real=0.00 secs] 
Heap after GC invocations=371 (full 48):
 par new generation   total 6144K, used 8K [0x00000000fec00000, 0x00000000ff2a0000, 0x00000000ff2a0000)
  eden space 5504K,   0% used [0x00000000fec00000, 0x00000000fec00000, 0x00000000ff160000)
  from space 640K,   1% used [0x00000000ff200000, 0x00000000ff202040, 0x00000000ff2a0000)
  to   space 640K,   0% used [0x00000000ff160000, 0x00000000ff160000, 0x00000000ff200000)
 concurrent mark-sweep generation total 13696K, used 10419K [0x00000000ff2a0000, 0x0000000100000000, 0x0000000100000000)
 Metaspace       used 5073K, capacity 5258K, committed 5504K, reserved 1056768K
  class space    used 557K, capacity 597K, committed 640K, reserved 1048576K
}
{Heap before GC invocations=371 (full 48):
 par new generation   total 6144K, used 5237K [0x00000000fec00000, 0x00000000ff2a0000, 0x00000000ff2a0000)
  eden space 5504K,  95% used [0x00000000fec00000, 0x00000000ff11b780, 0x00000000ff160000)
  from space 640K,   1% used [0x00000000ff200000, 0x00000000ff202040, 0x00000000ff2a0000)
  to   space 640K,   0% used [0x00000000ff160000, 0x00000000ff160000, 0x00000000ff200000)
 concurrent mark-sweep generation total 13696K, used 10419K [0x00000000ff2a0000, 0x0000000100000000, 0x0000000100000000)
 Metaspace       used 5073K, capacity 5258K, committed 5504K, reserved 1056768K
  class space    used 557K, capacity 597K, committed 640K, reserved 1048576K
2024-07-16T18:26:16.122+0800: 2.926: [GC (Allocation Failure) 2024-07-16T18:26:16.122+0800: 2.926: [ParNew: 5237K->8K(6144K), 0.0003493 secs] 15657K->11451K(19840K), 0.0003873 secs] [Times: user=0.00 sys=0.00, real=0.00 secs] 
Heap after GC invocations=372 (full 48):
 par new generation   total 6144K, used 8K [0x00000000fec00000, 0x00000000ff2a0000, 0x00000000ff2a0000)
  eden space 5504K,   0% used [0x00000000fec00000, 0x00000000fec00000, 0x00000000ff160000)
  from space 640K,   1% used [0x00000000ff160000, 0x00000000ff162040, 0x00000000ff200000)
  to   space 640K,   0% used [0x00000000ff200000, 0x00000000ff200000, 0x00000000ff2a0000)
 concurrent mark-sweep generation total 13696K, used 11443K [0x00000000ff2a0000, 0x0000000100000000, 0x0000000100000000)
 Metaspace       used 5073K, capacity 5258K, committed 5504K, reserved 1056768K
  class space    used 557K, capacity 597K, committed 640K, reserved 1048576K
}
{Heap before GC invocations=372 (full 48):
 par new generation   total 6144K, used 5237K [0x00000000fec00000, 0x00000000ff2a0000, 0x00000000ff2a0000)
  eden space 5504K,  95% used [0x00000000fec00000, 0x00000000ff11b780, 0x00000000ff160000)
  from space 640K,   1% used [0x00000000ff160000, 0x00000000ff162040, 0x00000000ff200000)
  to   space 640K,   0% used [0x00000000ff200000, 0x00000000ff200000, 0x00000000ff2a0000)
 concurrent mark-sweep generation total 13696K, used 11443K [0x00000000ff2a0000, 0x0000000100000000, 0x0000000100000000)
 Metaspace       used 5073K, capacity 5258K, committed 5504K, reserved 1056768K
  class space    used 557K, capacity 597K, committed 640K, reserved 1048576K
2024-07-16T18:26:16.128+0800: 2.932: [GC (Allocation Failure) 2024-07-16T18:26:16.128+0800: 2.932: [ParNew: 5237K->8K(6144K), 0.0003892 secs] 16681K->12475K(19840K), 0.0004218 secs] [Times: user=0.00 sys=0.00, real=0.00 secs] 
Heap after GC invocations=373 (full 48):
 par new generation   total 6144K, used 8K [0x00000000fec00000, 0x00000000ff2a0000, 0x00000000ff2a0000)
  eden space 5504K,   0% used [0x00000000fec00000, 0x00000000fec00000, 0x00000000ff160000)
  from space 640K,   1% used [0x00000000ff200000, 0x00000000ff202040, 0x00000000ff2a0000)
  to   space 640K,   0% used [0x00000000ff160000, 0x00000000ff160000, 0x00000000ff200000)
 concurrent mark-sweep generation total 13696K, used 12467K [0x00000000ff2a0000, 0x0000000100000000, 0x0000000100000000)
 Metaspace       used 5073K, capacity 5258K, committed 5504K, reserved 1056768K
  class space    used 557K, capacity 597K, committed 640K, reserved 1048576K
}
{Heap before GC invocations=373 (full 48):
 par new generation   total 6144K, used 5237K [0x00000000fec00000, 0x00000000ff2a0000, 0x00000000ff2a0000)
  eden space 5504K,  95% used [0x00000000fec00000, 0x00000000ff11b780, 0x00000000ff160000)
  from space 640K,   1% used [0x00000000ff200000, 0x00000000ff202040, 0x00000000ff2a0000)
  to   space 640K,   0% used [0x00000000ff160000, 0x00000000ff160000, 0x00000000ff200000)
 concurrent mark-sweep generation total 13696K, used 12467K [0x00000000ff2a0000, 0x0000000100000000, 0x0000000100000000)
 Metaspace       used 5073K, capacity 5258K, committed 5504K, reserved 1056768K
  class space    used 557K, capacity 597K, committed 640K, reserved 1048576K
2024-07-16T18:26:16.135+0800: 2.939: [GC (Allocation Failure) 2024-07-16T18:26:16.135+0800: 2.939: [ParNew: 5237K->5237K(6144K), 0.0000089 secs]2024-07-16T18:26:16.135+0800: 2.939: [CMS2024-07-16T18:26:16.135+0800: 2.939: [CMS-concurrent-abortable-preclean: 0.001/0.070 secs] [Times: user=0.02 sys=0.00, real=0.07 secs] 
 (concurrent mode failure): 12467K->2211K(13696K), 0.0021902 secs] 17705K->2211K(19840K), [Metaspace: 5073K->5073K(1056768K)], 0.0022355 secs] [Times: user=0.00 sys=0.00, real=0.00 secs] 
Heap after GC invocations=374 (full 49):
 par new generation   total 6144K, used 0K [0x00000000fec00000, 0x00000000ff2a0000, 0x00000000ff2a0000)
  eden space 5504K,   0% used [0x00000000fec00000, 0x00000000fec00000, 0x00000000ff160000)
  from space 640K,   0% used [0x00000000ff200000, 0x00000000ff200000, 0x00000000ff2a0000)
  to   space 640K,   0% used [0x00000000ff160000, 0x00000000ff160000, 0x00000000ff200000)
 concurrent mark-sweep generation total 13696K, used 2211K [0x00000000ff2a0000, 0x0000000100000000, 0x0000000100000000)
 Metaspace       used 5073K, capacity 5258K, committed 5504K, reserved 1056768K
  class space    used 557K, capacity 597K, committed 640K, reserved 1048576K
}
{Heap before GC invocations=374 (full 49):
 par new generation   total 6144K, used 5229K [0x00000000fec00000, 0x00000000ff2a0000, 0x00000000ff2a0000)
  eden space 5504K,  95% used [0x00000000fec00000, 0x00000000ff11b780, 0x00000000ff160000)
  from space 640K,   0% used [0x00000000ff200000, 0x00000000ff200000, 0x00000000ff2a0000)
  to   space 640K,   0% used [0x00000000ff160000, 0x00000000ff160000, 0x00000000ff200000)
 concurrent mark-sweep generation total 13696K, used 2211K [0x00000000ff2a0000, 0x0000000100000000, 0x0000000100000000)
 Metaspace       used 5073K, capacity 5258K, committed 5504K, reserved 1056768K
  class space    used 557K, capacity 597K, committed 640K, reserved 1048576K
2024-07-16T18:26:16.144+0800: 2.948: [GC (Allocation Failure) 2024-07-16T18:26:16.144+0800: 2.948: [ParNew: 5229K->8K(6144K), 0.0004499 secs] 7440K->3245K(19840K), 0.0005166 secs] [Times: user=0.00 sys=0.00, real=0.00 secs] 
Heap after GC invocations=375 (full 49):
 par new generation   total 6144K, used 8K [0x00000000fec00000, 0x00000000ff2a0000, 0x00000000ff2a0000)
  eden space 5504K,   0% used [0x00000000fec00000, 0x00000000fec00000, 0x00000000ff160000)
  from space 640K,   1% used [0x00000000ff160000, 0x00000000ff162040, 0x00000000ff200000)
  to   space 640K,   0% used [0x00000000ff200000, 0x00000000ff200000, 0x00000000ff2a0000)
 concurrent mark-sweep generation total 13696K, used 3237K [0x00000000ff2a0000, 0x0000000100000000, 0x0000000100000000)
 Metaspace       used 5073K, capacity 5258K, committed 5504K, reserved 1056768K
  class space    used 557K, capacity 597K, committed 640K, reserved 1048576K
}
{Heap before GC invocations=375 (full 49):
 par new generation   total 6144K, used 5237K [0x00000000fec00000, 0x00000000ff2a0000, 0x00000000ff2a0000)
  eden space 5504K,  95% used [0x00000000fec00000, 0x00000000ff11b780, 0x00000000ff160000)
  from space 640K,   1% used [0x00000000ff160000, 0x00000000ff162040, 0x00000000ff200000)
  to   space 640K,   0% used [0x00000000ff200000, 0x00000000ff200000, 0x00000000ff2a0000)
 concurrent mark-sweep generation total 13696K, used 3237K [0x00000000ff2a0000, 0x0000000100000000, 0x0000000100000000)
 Metaspace       used 5073K, capacity 5258K, committed 5504K, reserved 1056768K
  class space    used 557K, capacity 597K, committed 640K, reserved 1048576K
2024-07-16T18:26:16.151+0800: 2.955: [GC (Allocation Failure) 2024-07-16T18:26:16.151+0800: 2.955: [ParNew: 5237K->8K(6144K), 0.0006357 secs] 8475K->4271K(19840K), 0.0006964 secs] [Times: user=0.00 sys=0.00, real=0.00 secs] 
Heap after GC invocations=376 (full 49):
 par new generation   total 6144K, used 8K [0x00000000fec00000, 0x00000000ff2a0000, 0x00000000ff2a0000)
  eden space 5504K,   0% used [0x00000000fec00000, 0x00000000fec00000, 0x00000000ff160000)
  from space 640K,   1% used [0x00000000ff200000, 0x00000000ff202040, 0x00000000ff2a0000)
  to   space 640K,   0% used [0x00000000ff160000, 0x00000000ff160000, 0x00000000ff200000)
 concurrent mark-sweep generation total 13696K, used 4263K [0x00000000ff2a0000, 0x0000000100000000, 0x0000000100000000)
 Metaspace       used 5073K, capacity 5258K, committed 5504K, reserved 1056768K
  class space    used 557K, capacity 597K, committed 640K, reserved 1048576K
}
{Heap before GC invocations=376 (full 49):
 par new generation   total 6144K, used 5237K [0x00000000fec00000, 0x00000000ff2a0000, 0x00000000ff2a0000)
  eden space 5504K,  95% used [0x00000000fec00000, 0x00000000ff11b780, 0x00000000ff160000)
  from space 640K,   1% used [0x00000000ff200000, 0x00000000ff202040, 0x00000000ff2a0000)
  to   space 640K,   0% used [0x00000000ff160000, 0x00000000ff160000, 0x00000000ff200000)
 concurrent mark-sweep generation total 13696K, used 4263K [0x00000000ff2a0000, 0x0000000100000000, 0x0000000100000000)
 Metaspace       used 5073K, capacity 5258K, committed 5504K, reserved 1056768K
  class space    used 557K, capacity 597K, committed 640K, reserved 1048576K
2024-07-16T18:26:16.158+0800: 2.962: [GC (Allocation Failure) 2024-07-16T18:26:16.158+0800: 2.962: [ParNew: 5237K->2K(6144K), 0.0008018 secs] 9501K->4265K(19840K), 0.0008717 secs] [Times: user=0.01 sys=0.00, real=0.00 secs] 
Heap after GC invocations=377 (full 49):
 par new generation   total 6144K, used 2K [0x00000000fec00000, 0x00000000ff2a0000, 0x00000000ff2a0000)
  eden space 5504K,   0% used [0x00000000fec00000, 0x00000000fec00000, 0x00000000ff160000)
  from space 640K,   0% used [0x00000000ff160000, 0x00000000ff160810, 0x00000000ff200000)
  to   space 640K,   0% used [0x00000000ff200000, 0x00000000ff200000, 0x00000000ff2a0000)
 concurrent mark-sweep generation total 13696K, used 4263K [0x00000000ff2a0000, 0x0000000100000000, 0x0000000100000000)
 Metaspace       used 5073K, capacity 5258K, committed 5504K, reserved 1056768K
  class space    used 557K, capacity 597K, committed 640K, reserved 1048576K
}
{Heap before GC invocations=377 (full 49):
 par new generation   total 6144K, used 5231K [0x00000000fec00000, 0x00000000ff2a0000, 0x00000000ff2a0000)
  eden space 5504K,  95% used [0x00000000fec00000, 0x00000000ff11b780, 0x00000000ff160000)
  from space 640K,   0% used [0x00000000ff160000, 0x00000000ff160810, 0x00000000ff200000)
  to   space 640K,   0% used [0x00000000ff200000, 0x00000000ff200000, 0x00000000ff2a0000)
 concurrent mark-sweep generation total 13696K, used 4263K [0x00000000ff2a0000, 0x0000000100000000, 0x0000000100000000)
 Metaspace       used 5073K, capacity 5258K, committed 5504K, reserved 1056768K
  class space    used 557K, capacity 597K, committed 640K, reserved 1048576K
2024-07-16T18:26:16.166+0800: 2.970: [GC (Allocation Failure) 2024-07-16T18:26:16.166+0800: 2.970: [ParNew: 5231K->6K(6144K), 0.0005948 secs] 9495K->6319K(19840K), 0.0006567 secs] [Times: user=0.00 sys=0.00, real=0.00 secs] 
Heap after GC invocations=378 (full 49):
 par new generation   total 6144K, used 6K [0x00000000fec00000, 0x00000000ff2a0000, 0x00000000ff2a0000)
  eden space 5504K,   0% used [0x00000000fec00000, 0x00000000fec00000, 0x00000000ff160000)
  from space 640K,   0% used [0x00000000ff200000, 0x00000000ff201830, 0x00000000ff2a0000)
  to   space 640K,   0% used [0x00000000ff160000, 0x00000000ff160000, 0x00000000ff200000)
 concurrent mark-sweep generation total 13696K, used 6313K [0x00000000ff2a0000, 0x0000000100000000, 0x0000000100000000)
 Metaspace       used 5073K, capacity 5258K, committed 5504K, reserved 1056768K
  class space    used 557K, capacity 597K, committed 640K, reserved 1048576K
}
2024-07-16T18:26:16.166+0800: 2.971: [GC (CMS Initial Mark) [1 CMS-initial-mark: 6313K(13696K)] 7345K(19840K), 0.0001392 secs] [Times: user=0.00 sys=0.00, real=0.00 secs] 
2024-07-16T18:26:16.167+0800: 2.971: [CMS-concurrent-mark-start]
2024-07-16T18:26:16.168+0800: 2.972: [CMS-concurrent-mark: 0.001/0.001 secs] [Times: user=0.00 sys=0.00, real=0.00 secs] 
2024-07-16T18:26:16.168+0800: 2.972: [CMS-concurrent-preclean-start]
2024-07-16T18:26:16.168+0800: 2.972: [CMS-concurrent-preclean: 0.000/0.000 secs] [Times: user=0.00 sys=0.00, real=0.00 secs] 
2024-07-16T18:26:16.168+0800: 2.972: [CMS-concurrent-abortable-preclean-start]
{Heap before GC invocations=378 (full 50):
 par new generation   total 6144K, used 5235K [0x00000000fec00000, 0x00000000ff2a0000, 0x00000000ff2a0000)
  eden space 5504K,  95% used [0x00000000fec00000, 0x00000000ff11b780, 0x00000000ff160000)
  from space 640K,   0% used [0x00000000ff200000, 0x00000000ff201830, 0x00000000ff2a0000)
  to   space 640K,   0% used [0x00000000ff160000, 0x00000000ff160000, 0x00000000ff200000)
 concurrent mark-sweep generation total 13696K, used 6313K [0x00000000ff2a0000, 0x0000000100000000, 0x0000000100000000)
 Metaspace       used 5073K, capacity 5258K, committed 5504K, reserved 1056768K
  class space    used 557K, capacity 597K, committed 640K, reserved 1048576K
2024-07-16T18:26:16.175+0800: 2.979: [GC (Allocation Failure) 2024-07-16T18:26:16.175+0800: 2.979: [ParNew: 5235K->4K(6144K), 0.0004022 secs] 11549K->6317K(19840K), 0.0004672 secs] [Times: user=0.00 sys=0.00, real=0.00 secs] 
Heap after GC invocations=379 (full 50):
 par new generation   total 6144K, used 4K [0x00000000fec00000, 0x00000000ff2a0000, 0x00000000ff2a0000)
  eden space 5504K,   0% used [0x00000000fec00000, 0x00000000fec00000, 0x00000000ff160000)
  from space 640K,   0% used [0x00000000ff160000, 0x00000000ff161020, 0x00000000ff200000)
  to   space 640K,   0% used [0x00000000ff200000, 0x00000000ff200000, 0x00000000ff2a0000)
 concurrent mark-sweep generation total 13696K, used 6313K [0x00000000ff2a0000, 0x0000000100000000, 0x0000000100000000)
 Metaspace       used 5073K, capacity 5258K, committed 5504K, reserved 1056768K
  class space    used 557K, capacity 597K, committed 640K, reserved 1048576K
}
{Heap before GC invocations=379 (full 50):
 par new generation   total 6144K, used 5233K [0x00000000fec00000, 0x00000000ff2a0000, 0x00000000ff2a0000)
  eden space 5504K,  95% used [0x00000000fec00000, 0x00000000ff11b780, 0x00000000ff160000)
  from space 640K,   0% used [0x00000000ff160000, 0x00000000ff161020, 0x00000000ff200000)
  to   space 640K,   0% used [0x00000000ff200000, 0x00000000ff200000, 0x00000000ff2a0000)
 concurrent mark-sweep generation total 13696K, used 6313K [0x00000000ff2a0000, 0x0000000100000000, 0x0000000100000000)
 Metaspace       used 5073K, capacity 5258K, committed 5504K, reserved 1056768K
  class space    used 557K, capacity 597K, committed 640K, reserved 1048576K
2024-07-16T18:26:16.183+0800: 2.987: [GC (Allocation Failure) 2024-07-16T18:26:16.183+0800: 2.987: [ParNew: 5233K->4K(6144K), 0.0002797 secs] 11547K->6317K(19840K), 0.0003265 secs] [Times: user=0.00 sys=0.00, real=0.00 secs] 
Heap after GC invocations=380 (full 50):
 par new generation   total 6144K, used 4K [0x00000000fec00000, 0x00000000ff2a0000, 0x00000000ff2a0000)
  eden space 5504K,   0% used [0x00000000fec00000, 0x00000000fec00000, 0x00000000ff160000)
  from space 640K,   0% used [0x00000000ff200000, 0x00000000ff201020, 0x00000000ff2a0000)
  to   space 640K,   0% used [0x00000000ff160000, 0x00000000ff160000, 0x00000000ff200000)
 concurrent mark-sweep generation total 13696K, used 6313K [0x00000000ff2a0000, 0x0000000100000000, 0x0000000100000000)
 Metaspace       used 5073K, capacity 5258K, committed 5504K, reserved 1056768K
  class space    used 557K, capacity 597K, committed 640K, reserved 1048576K
}
{Heap before GC invocations=380 (full 50):
 par new generation   total 6144K, used 5233K [0x00000000fec00000, 0x00000000ff2a0000, 0x00000000ff2a0000)
  eden space 5504K,  95% used [0x00000000fec00000, 0x00000000ff11b780, 0x00000000ff160000)
  from space 640K,   0% used [0x00000000ff200000, 0x00000000ff201020, 0x00000000ff2a0000)
  to   space 640K,   0% used [0x00000000ff160000, 0x00000000ff160000, 0x00000000ff200000)
 concurrent mark-sweep generation total 13696K, used 6313K [0x00000000ff2a0000, 0x0000000100000000, 0x0000000100000000)
 Metaspace       used 5073K, capacity 5258K, committed 5504K, reserved 1056768K
  class space    used 557K, capacity 597K, committed 640K, reserved 1048576K
2024-07-16T18:26:16.191+0800: 2.995: [GC (Allocation Failure) 2024-07-16T18:26:16.191+0800: 2.995: [ParNew: 5233K->4K(6144K), 0.0004595 secs] 11547K->6317K(19840K), 0.0005103 secs] [Times: user=0.00 sys=0.00, real=0.00 secs] 
Heap after GC invocations=381 (full 50):
 par new generation   total 6144K, used 4K [0x00000000fec00000, 0x00000000ff2a0000, 0x00000000ff2a0000)
  eden space 5504K,   0% used [0x00000000fec00000, 0x00000000fec00000, 0x00000000ff160000)
  from space 640K,   0% used [0x00000000ff160000, 0x00000000ff161020, 0x00000000ff200000)
  to   space 640K,   0% used [0x00000000ff200000, 0x00000000ff200000, 0x00000000ff2a0000)
 concurrent mark-sweep generation total 13696K, used 6313K [0x00000000ff2a0000, 0x0000000100000000, 0x0000000100000000)
 Metaspace       used 5073K, capacity 5258K, committed 5504K, reserved 1056768K
  class space    used 557K, capacity 597K, committed 640K, reserved 1048576K
}
{Heap before GC invocations=381 (full 50):
 par new generation   total 6144K, used 5233K [0x00000000fec00000, 0x00000000ff2a0000, 0x00000000ff2a0000)
  eden space 5504K,  95% used [0x00000000fec00000, 0x00000000ff11b780, 0x00000000ff160000)
  from space 640K,   0% used [0x00000000ff160000, 0x00000000ff161020, 0x00000000ff200000)
  to   space 640K,   0% used [0x00000000ff200000, 0x00000000ff200000, 0x00000000ff2a0000)
 concurrent mark-sweep generation total 13696K, used 6313K [0x00000000ff2a0000, 0x0000000100000000, 0x0000000100000000)
 Metaspace       used 5073K, capacity 5258K, committed 5504K, reserved 1056768K
  class space    used 557K, capacity 597K, committed 640K, reserved 1048576K
2024-07-16T18:26:16.199+0800: 3.003: [GC (Allocation Failure) 2024-07-16T18:26:16.199+0800: 3.003: [ParNew: 5233K->4K(6144K), 0.0004793 secs] 11547K->7343K(19840K), 0.0005331 secs] [Times: user=0.00 sys=0.00, real=0.00 secs] 
Heap after GC invocations=382 (full 50):
 par new generation   total 6144K, used 4K [0x00000000fec00000, 0x00000000ff2a0000, 0x00000000ff2a0000)
  eden space 5504K,   0% used [0x00000000fec00000, 0x00000000fec00000, 0x00000000ff160000)
  from space 640K,   0% used [0x00000000ff200000, 0x00000000ff201020, 0x00000000ff2a0000)
  to   space 640K,   0% used [0x00000000ff160000, 0x00000000ff160000, 0x00000000ff200000)
 concurrent mark-sweep generation total 13696K, used 7339K [0x00000000ff2a0000, 0x0000000100000000, 0x0000000100000000)
 Metaspace       used 5073K, capacity 5258K, committed 5504K, reserved 1056768K
  class space    used 557K, capacity 597K, committed 640K, reserved 1048576K
}
{Heap before GC invocations=382 (full 50):
 par new generation   total 6144K, used 5233K [0x00000000fec00000, 0x00000000ff2a0000, 0x00000000ff2a0000)
  eden space 5504K,  95% used [0x00000000fec00000, 0x00000000ff11b780, 0x00000000ff160000)
  from space 640K,   0% used [0x00000000ff200000, 0x00000000ff201020, 0x00000000ff2a0000)
  to   space 640K,   0% used [0x00000000ff160000, 0x00000000ff160000, 0x00000000ff200000)
 concurrent mark-sweep generation total 13696K, used 7339K [0x00000000ff2a0000, 0x0000000100000000, 0x0000000100000000)
 Metaspace       used 5073K, capacity 5258K, committed 5504K, reserved 1056768K
  class space    used 557K, capacity 597K, committed 640K, reserved 1048576K
2024-07-16T18:26:16.206+0800: 3.010: [GC (Allocation Failure) 2024-07-16T18:26:16.206+0800: 3.010: [ParNew: 5233K->14K(6144K), 0.0003706 secs] 12573K->8380K(19840K), 0.0004142 secs] [Times: user=0.00 sys=0.00, real=0.00 secs] 
Heap after GC invocations=383 (full 50):
 par new generation   total 6144K, used 14K [0x00000000fec00000, 0x00000000ff2a0000, 0x00000000ff2a0000)
  eden space 5504K,   0% used [0x00000000fec00000, 0x00000000fec00000, 0x00000000ff160000)
  from space 640K,   2% used [0x00000000ff160000, 0x00000000ff163b90, 0x00000000ff200000)
  to   space 640K,   0% used [0x00000000ff200000, 0x00000000ff200000, 0x00000000ff2a0000)
 concurrent mark-sweep generation total 13696K, used 8365K [0x00000000ff2a0000, 0x0000000100000000, 0x0000000100000000)
 Metaspace       used 5073K, capacity 5258K, committed 5504K, reserved 1056768K
  class space    used 557K, capacity 597K, committed 640K, reserved 1048576K
}
{Heap before GC invocations=383 (full 50):
 par new generation   total 6144K, used 5244K [0x00000000fec00000, 0x00000000ff2a0000, 0x00000000ff2a0000)
  eden space 5504K,  95% used [0x00000000fec00000, 0x00000000ff11b780, 0x00000000ff160000)
  from space 640K,   2% used [0x00000000ff160000, 0x00000000ff163b90, 0x00000000ff200000)
  to   space 640K,   0% used [0x00000000ff200000, 0x00000000ff200000, 0x00000000ff2a0000)
 concurrent mark-sweep generation total 13696K, used 8365K [0x00000000ff2a0000, 0x0000000100000000, 0x0000000100000000)
 Metaspace       used 5073K, capacity 5258K, committed 5504K, reserved 1056768K
  class space    used 557K, capacity 597K, committed 640K, reserved 1048576K
2024-07-16T18:26:16.214+0800: 3.018: [GC (Allocation Failure) 2024-07-16T18:26:16.214+0800: 3.018: [ParNew: 5244K->12K(6144K), 0.0002644 secs] 13610K->8378K(19840K), 0.0002935 secs] [Times: user=0.00 sys=0.00, real=0.00 secs] 
Heap after GC invocations=384 (full 50):
 par new generation   total 6144K, used 12K [0x00000000fec00000, 0x00000000ff2a0000, 0x00000000ff2a0000)
  eden space 5504K,   0% used [0x00000000fec00000, 0x00000000fec00000, 0x00000000ff160000)
  from space 640K,   2% used [0x00000000ff200000, 0x00000000ff203380, 0x00000000ff2a0000)
  to   space 640K,   0% used [0x00000000ff160000, 0x00000000ff160000, 0x00000000ff200000)
 concurrent mark-sweep generation total 13696K, used 8365K [0x00000000ff2a0000, 0x0000000100000000, 0x0000000100000000)
 Metaspace       used 5073K, capacity 5258K, committed 5504K, reserved 1056768K
  class space    used 557K, capacity 597K, committed 640K, reserved 1048576K
}
{Heap before GC invocations=384 (full 50):
 par new generation   total 6144K, used 5242K [0x00000000fec00000, 0x00000000ff2a0000, 0x00000000ff2a0000)
  eden space 5504K,  95% used [0x00000000fec00000, 0x00000000ff11b7d0, 0x00000000ff160000)
  from space 640K,   2% used [0x00000000ff200000, 0x00000000ff203380, 0x00000000ff2a0000)
  to   space 640K,   0% used [0x00000000ff160000, 0x00000000ff160000, 0x00000000ff200000)
 concurrent mark-sweep generation total 13696K, used 8365K [0x00000000ff2a0000, 0x0000000100000000, 0x0000000100000000)
 Metaspace       used 5073K, capacity 5258K, committed 5504K, reserved 1056768K
  class space    used 557K, capacity 597K, committed 640K, reserved 1048576K
2024-07-16T18:26:16.221+0800: 3.025: [GC (Allocation Failure) 2024-07-16T18:26:16.221+0800: 3.025: [ParNew: 5242K->14K(6144K), 0.0002776 secs] 13608K->8380K(19840K), 0.0003184 secs] [Times: user=0.00 sys=0.00, real=0.00 secs] 
Heap after GC invocations=385 (full 50):
 par new generation   total 6144K, used 14K [0x00000000fec00000, 0x00000000ff2a0000, 0x00000000ff2a0000)
  eden space 5504K,   0% used [0x00000000fec00000, 0x00000000fec00000, 0x00000000ff160000)
  from space 640K,   2% used [0x00000000ff160000, 0x00000000ff163b90, 0x00000000ff200000)
  to   space 640K,   0% used [0x00000000ff200000, 0x00000000ff200000, 0x00000000ff2a0000)
 concurrent mark-sweep generation total 13696K, used 8365K [0x00000000ff2a0000, 0x0000000100000000, 0x0000000100000000)
 Metaspace       used 5073K, capacity 5258K, committed 5504K, reserved 1056768K
  class space    used 557K, capacity 597K, committed 640K, reserved 1048576K
}
{Heap before GC invocations=385 (full 50):
 par new generation   total 6144K, used 5244K [0x00000000fec00000, 0x00000000ff2a0000, 0x00000000ff2a0000)
  eden space 5504K,  95% used [0x00000000fec00000, 0x00000000ff11b7b0, 0x00000000ff160000)
  from space 640K,   2% used [0x00000000ff160000, 0x00000000ff163b90, 0x00000000ff200000)
  to   space 640K,   0% used [0x00000000ff200000, 0x00000000ff200000, 0x00000000ff2a0000)
 concurrent mark-sweep generation total 13696K, used 8365K [0x00000000ff2a0000, 0x0000000100000000, 0x0000000100000000)
 Metaspace       used 5073K, capacity 5258K, committed 5504K, reserved 1056768K
  class space    used 557K, capacity 597K, committed 640K, reserved 1048576K
2024-07-16T18:26:16.229+0800: 3.033: [GC (Allocation Failure) 2024-07-16T18:26:16.229+0800: 3.033: [ParNew: 5244K->18K(6144K), 0.0004778 secs] 13610K->9410K(19840K), 0.0005428 secs] [Times: user=0.00 sys=0.00, real=0.00 secs] 
Heap after GC invocations=386 (full 50):
 par new generation   total 6144K, used 18K [0x00000000fec00000, 0x00000000ff2a0000, 0x00000000ff2a0000)
  eden space 5504K,   0% used [0x00000000fec00000, 0x00000000fec00000, 0x00000000ff160000)
  from space 640K,   2% used [0x00000000ff200000, 0x00000000ff204bb0, 0x00000000ff2a0000)
  to   space 640K,   0% used [0x00000000ff160000, 0x00000000ff160000, 0x00000000ff200000)
 concurrent mark-sweep generation total 13696K, used 9391K [0x00000000ff2a0000, 0x0000000100000000, 0x0000000100000000)
 Metaspace       used 5073K, capacity 5258K, committed 5504K, reserved 1056768K
  class space    used 557K, capacity 597K, committed 640K, reserved 1048576K
}
{Heap before GC invocations=386 (full 50):
 par new generation   total 6144K, used 5248K [0x00000000fec00000, 0x00000000ff2a0000, 0x00000000ff2a0000)
  eden space 5504K,  95% used [0x00000000fec00000, 0x00000000ff11b7a0, 0x00000000ff160000)
  from space 640K,   2% used [0x00000000ff200000, 0x00000000ff204bb0, 0x00000000ff2a0000)
  to   space 640K,   0% used [0x00000000ff160000, 0x00000000ff160000, 0x00000000ff200000)
 concurrent mark-sweep generation total 13696K, used 9391K [0x00000000ff2a0000, 0x0000000100000000, 0x0000000100000000)
 Metaspace       used 5073K, capacity 5258K, committed 5504K, reserved 1056768K
  class space    used 557K, capacity 597K, committed 640K, reserved 1048576K
2024-07-16T18:26:16.236+0800: 3.040: [GC (Allocation Failure) 2024-07-16T18:26:16.236+0800: 3.040: [ParNew: 5248K->16K(6144K), 0.0009453 secs] 14640K->10434K(19840K), 0.0010331 secs] [Times: user=0.02 sys=0.00, real=0.00 secs] 
Heap after GC invocations=387 (full 50):
 par new generation   total 6144K, used 16K [0x00000000fec00000, 0x00000000ff2a0000, 0x00000000ff2a0000)
  eden space 5504K,   0% used [0x00000000fec00000, 0x00000000fec00000, 0x00000000ff160000)
  from space 640K,   2% used [0x00000000ff160000, 0x00000000ff1643a0, 0x00000000ff200000)
  to   space 640K,   0% used [0x00000000ff200000, 0x00000000ff200000, 0x00000000ff2a0000)
 concurrent mark-sweep generation total 13696K, used 10417K [0x00000000ff2a0000, 0x0000000100000000, 0x0000000100000000)
 Metaspace       used 5073K, capacity 5258K, committed 5504K, reserved 1056768K
  class space    used 557K, capacity 597K, committed 640K, reserved 1048576K
}
{Heap before GC invocations=387 (full 50):
 par new generation   total 6144K, used 5246K [0x00000000fec00000, 0x00000000ff2a0000, 0x00000000ff2a0000)
  eden space 5504K,  95% used [0x00000000fec00000, 0x00000000ff11b790, 0x00000000ff160000)
  from space 640K,   2% used [0x00000000ff160000, 0x00000000ff1643a0, 0x00000000ff200000)
  to   space 640K,   0% used [0x00000000ff200000, 0x00000000ff200000, 0x00000000ff2a0000)
 concurrent mark-sweep generation total 13696K, used 10417K [0x00000000ff2a0000, 0x0000000100000000, 0x0000000100000000)
 Metaspace       used 5073K, capacity 5258K, committed 5504K, reserved 1056768K
  class space    used 557K, capacity 597K, committed 640K, reserved 1048576K
2024-07-16T18:26:16.245+0800: 3.049: [GC (Allocation Failure) 2024-07-16T18:26:16.245+0800: 3.049: [ParNew: 5246K->14K(6144K), 0.0003169 secs] 15664K->10432K(19840K), 0.0003628 secs] [Times: user=0.00 sys=0.00, real=0.00 secs] 
Heap after GC invocations=388 (full 50):
 par new generation   total 6144K, used 14K [0x00000000fec00000, 0x00000000ff2a0000, 0x00000000ff2a0000)
  eden space 5504K,   0% used [0x00000000fec00000, 0x00000000fec00000, 0x00000000ff160000)
  from space 640K,   2% used [0x00000000ff200000, 0x00000000ff203b90, 0x00000000ff2a0000)
  to   space 640K,   0% used [0x00000000ff160000, 0x00000000ff160000, 0x00000000ff200000)
 concurrent mark-sweep generation total 13696K, used 10417K [0x00000000ff2a0000, 0x0000000100000000, 0x0000000100000000)
 Metaspace       used 5073K, capacity 5258K, committed 5504K, reserved 1056768K
  class space    used 557K, capacity 597K, committed 640K, reserved 1048576K
}
{Heap before GC invocations=388 (full 50):
 par new generation   total 6144K, used 5244K [0x00000000fec00000, 0x00000000ff2a0000, 0x00000000ff2a0000)
  eden space 5504K,  95% used [0x00000000fec00000, 0x00000000ff11b788, 0x00000000ff160000)
  from space 640K,   2% used [0x00000000ff200000, 0x00000000ff203b90, 0x00000000ff2a0000)
  to   space 640K,   0% used [0x00000000ff160000, 0x00000000ff160000, 0x00000000ff200000)
 concurrent mark-sweep generation total 13696K, used 10417K [0x00000000ff2a0000, 0x0000000100000000, 0x0000000100000000)
 Metaspace       used 5073K, capacity 5258K, committed 5504K, reserved 1056768K
  class space    used 557K, capacity 597K, committed 640K, reserved 1048576K
2024-07-16T18:26:16.252+0800: 3.056: [GC (Allocation Failure) 2024-07-16T18:26:16.252+0800: 3.056: [ParNew: 5244K->4K(6144K), 0.0004012 secs] 15662K->11456K(19840K), 0.0004493 secs] [Times: user=0.00 sys=0.00, real=0.00 secs] 
Heap after GC invocations=389 (full 50):
 par new generation   total 6144K, used 4K [0x00000000fec00000, 0x00000000ff2a0000, 0x00000000ff2a0000)
  eden space 5504K,   0% used [0x00000000fec00000, 0x00000000fec00000, 0x00000000ff160000)
  from space 640K,   0% used [0x00000000ff160000, 0x00000000ff161020, 0x00000000ff200000)
  to   space 640K,   0% used [0x00000000ff200000, 0x00000000ff200000, 0x00000000ff2a0000)
 concurrent mark-sweep generation total 13696K, used 11452K [0x00000000ff2a0000, 0x0000000100000000, 0x0000000100000000)
 Metaspace       used 5073K, capacity 5258K, committed 5504K, reserved 1056768K
  class space    used 557K, capacity 597K, committed 640K, reserved 1048576K
}
{Heap before GC invocations=389 (full 50):
 par new generation   total 6144K, used 5233K [0x00000000fec00000, 0x00000000ff2a0000, 0x00000000ff2a0000)
  eden space 5504K,  95% used [0x00000000fec00000, 0x00000000ff11b788, 0x00000000ff160000)
  from space 640K,   0% used [0x00000000ff160000, 0x00000000ff161020, 0x00000000ff200000)
  to   space 640K,   0% used [0x00000000ff200000, 0x00000000ff200000, 0x00000000ff2a0000)
 concurrent mark-sweep generation total 13696K, used 11452K [0x00000000ff2a0000, 0x0000000100000000, 0x0000000100000000)
 Metaspace       used 5073K, capacity 5258K, committed 5504K, reserved 1056768K
  class space    used 557K, capacity 597K, committed 640K, reserved 1048576K
2024-07-16T18:26:16.259+0800: 3.063: [GC (Allocation Failure) 2024-07-16T18:26:16.259+0800: 3.063: [ParNew: 5233K->10K(6144K), 0.0004384 secs] 16686K->12486K(19840K), 0.0005111 secs] [Times: user=0.00 sys=0.00, real=0.00 secs] 
Heap after GC invocations=390 (full 50):
 par new generation   total 6144K, used 10K [0x00000000fec00000, 0x00000000ff2a0000, 0x00000000ff2a0000)
  eden space 5504K,   0% used [0x00000000fec00000, 0x00000000fec00000, 0x00000000ff160000)
  from space 640K,   1% used [0x00000000ff200000, 0x00000000ff202850, 0x00000000ff2a0000)
  to   space 640K,   0% used [0x00000000ff160000, 0x00000000ff160000, 0x00000000ff200000)
 concurrent mark-sweep generation total 13696K, used 12476K [0x00000000ff2a0000, 0x0000000100000000, 0x0000000100000000)
 Metaspace       used 5073K, capacity 5258K, committed 5504K, reserved 1056768K
  class space    used 557K, capacity 597K, committed 640K, reserved 1048576K
}
{Heap before GC invocations=390 (full 50):
 par new generation   total 6144K, used 5239K [0x00000000fec00000, 0x00000000ff2a0000, 0x00000000ff2a0000)
  eden space 5504K,  95% used [0x00000000fec00000, 0x00000000ff11b780, 0x00000000ff160000)
  from space 640K,   1% used [0x00000000ff200000, 0x00000000ff202850, 0x00000000ff2a0000)
  to   space 640K,   0% used [0x00000000ff160000, 0x00000000ff160000, 0x00000000ff200000)
 concurrent mark-sweep generation total 13696K, used 12476K [0x00000000ff2a0000, 0x0000000100000000, 0x0000000100000000)
 Metaspace       used 5073K, capacity 5258K, committed 5504K, reserved 1056768K
  class space    used 557K, capacity 597K, committed 640K, reserved 1048576K
2024-07-16T18:26:16.266+0800: 3.070: [GC (Allocation Failure) 2024-07-16T18:26:16.266+0800: 3.070: [ParNew: 5239K->5239K(6144K), 0.0000121 secs]2024-07-16T18:26:16.266+0800: 3.070: [CMS2024-07-16T18:26:16.266+0800: 3.070: [CMS-concurrent-abortable-preclean: 0.001/0.098 secs] [Times: user=0.02 sys=0.00, real=0.10 secs] 
 (concurrent mode failure): 12476K->2214K(13696K), 0.0024576 secs] 17716K->2214K(19840K), [Metaspace: 5073K->5073K(1056768K)], 0.0025244 secs] [Times: user=0.01 sys=0.00, real=0.00 secs] 
Heap after GC invocations=391 (full 51):
 par new generation   total 6144K, used 0K [0x00000000fec00000, 0x00000000ff2a0000, 0x00000000ff2a0000)
  eden space 5504K,   0% used [0x00000000fec00000, 0x00000000fec00000, 0x00000000ff160000)
  from space 640K,   0% used [0x00000000ff200000, 0x00000000ff200000, 0x00000000ff2a0000)
  to   space 640K,   0% used [0x00000000ff160000, 0x00000000ff160000, 0x00000000ff200000)
 concurrent mark-sweep generation total 13696K, used 2214K [0x00000000ff2a0000, 0x0000000100000000, 0x0000000100000000)
 Metaspace       used 5073K, capacity 5258K, committed 5504K, reserved 1056768K
  class space    used 557K, capacity 597K, committed 640K, reserved 1048576K
}
{Heap before GC invocations=391 (full 51):
 par new generation   total 6144K, used 5229K [0x00000000fec00000, 0x00000000ff2a0000, 0x00000000ff2a0000)
  eden space 5504K,  95% used [0x00000000fec00000, 0x00000000ff11b780, 0x00000000ff160000)
  from space 640K,   0% used [0x00000000ff200000, 0x00000000ff200000, 0x00000000ff2a0000)
  to   space 640K,   0% used [0x00000000ff160000, 0x00000000ff160000, 0x00000000ff200000)
 concurrent mark-sweep generation total 13696K, used 2214K [0x00000000ff2a0000, 0x0000000100000000, 0x0000000100000000)
 Metaspace       used 5073K, capacity 5258K, committed 5504K, reserved 1056768K
  class space    used 557K, capacity 597K, committed 640K, reserved 1048576K
2024-07-16T18:26:16.276+0800: 3.080: [GC (Allocation Failure) 2024-07-16T18:26:16.276+0800: 3.080: [ParNew: 5229K->4K(6144K), 0.0002934 secs] 7444K->2218K(19840K), 0.0003322 secs] [Times: user=0.00 sys=0.00, real=0.00 secs] 
Heap after GC invocations=392 (full 51):
 par new generation   total 6144K, used 4K [0x00000000fec00000, 0x00000000ff2a0000, 0x00000000ff2a0000)
  eden space 5504K,   0% used [0x00000000fec00000, 0x00000000fec00000, 0x00000000ff160000)
  from space 640K,   0% used [0x00000000ff160000, 0x00000000ff161020, 0x00000000ff200000)
  to   space 640K,   0% used [0x00000000ff200000, 0x00000000ff200000, 0x00000000ff2a0000)
 concurrent mark-sweep generation total 13696K, used 2214K [0x00000000ff2a0000, 0x0000000100000000, 0x0000000100000000)
 Metaspace       used 5073K, capacity 5258K, committed 5504K, reserved 1056768K
  class space    used 557K, capacity 597K, committed 640K, reserved 1048576K
}
{Heap before GC invocations=392 (full 51):
 par new generation   total 6144K, used 5233K [0x00000000fec00000, 0x00000000ff2a0000, 0x00000000ff2a0000)
  eden space 5504K,  95% used [0x00000000fec00000, 0x00000000ff11b780, 0x00000000ff160000)
  from space 640K,   0% used [0x00000000ff160000, 0x00000000ff161020, 0x00000000ff200000)
  to   space 640K,   0% used [0x00000000ff200000, 0x00000000ff200000, 0x00000000ff2a0000)
 concurrent mark-sweep generation total 13696K, used 2214K [0x00000000ff2a0000, 0x0000000100000000, 0x0000000100000000)
 Metaspace       used 5073K, capacity 5258K, committed 5504K, reserved 1056768K
  class space    used 557K, capacity 597K, committed 640K, reserved 1048576K
2024-07-16T18:26:16.284+0800: 3.088: [GC (Allocation Failure) 2024-07-16T18:26:16.284+0800: 3.088: [ParNew: 5233K->8K(6144K), 0.0004302 secs] 7448K->3248K(19840K), 0.0004908 secs] [Times: user=0.00 sys=0.00, real=0.00 secs] 
Heap after GC invocations=393 (full 51):
 par new generation   total 6144K, used 8K [0x00000000fec00000, 0x00000000ff2a0000, 0x00000000ff2a0000)
  eden space 5504K,   0% used [0x00000000fec00000, 0x00000000fec00000, 0x00000000ff160000)
  from space 640K,   1% used [0x00000000ff200000, 0x00000000ff202040, 0x00000000ff2a0000)
  to   space 640K,   0% used [0x00000000ff160000, 0x00000000ff160000, 0x00000000ff200000)
 concurrent mark-sweep generation total 13696K, used 3240K [0x00000000ff2a0000, 0x0000000100000000, 0x0000000100000000)
 Metaspace       used 5073K, capacity 5258K, committed 5504K, reserved 1056768K
  class space    used 557K, capacity 597K, committed 640K, reserved 1048576K
}
{Heap before GC invocations=393 (full 51):
 par new generation   total 6144K, used 5237K [0x00000000fec00000, 0x00000000ff2a0000, 0x00000000ff2a0000)
  eden space 5504K,  95% used [0x00000000fec00000, 0x00000000ff11b780, 0x00000000ff160000)
  from space 640K,   1% used [0x00000000ff200000, 0x00000000ff202040, 0x00000000ff2a0000)
  to   space 640K,   0% used [0x00000000ff160000, 0x00000000ff160000, 0x00000000ff200000)
 concurrent mark-sweep generation total 13696K, used 3240K [0x00000000ff2a0000, 0x0000000100000000, 0x0000000100000000)
 Metaspace       used 5073K, capacity 5258K, committed 5504K, reserved 1056768K
  class space    used 557K, capacity 597K, committed 640K, reserved 1048576K
2024-07-16T18:26:16.291+0800: 3.095: [GC (Allocation Failure) 2024-07-16T18:26:16.291+0800: 3.095: [ParNew: 5237K->6K(6144K), 0.0004869 secs] 8478K->4272K(19840K), 0.0005452 secs] [Times: user=0.00 sys=0.00, real=0.00 secs] 
Heap after GC invocations=394 (full 51):
 par new generation   total 6144K, used 6K [0x00000000fec00000, 0x00000000ff2a0000, 0x00000000ff2a0000)
  eden space 5504K,   0% used [0x00000000fec00000, 0x00000000fec00000, 0x00000000ff160000)
  from space 640K,   0% used [0x00000000ff160000, 0x00000000ff161830, 0x00000000ff200000)
  to   space 640K,   0% used [0x00000000ff200000, 0x00000000ff200000, 0x00000000ff2a0000)
 concurrent mark-sweep generation total 13696K, used 4266K [0x00000000ff2a0000, 0x0000000100000000, 0x0000000100000000)
 Metaspace       used 5073K, capacity 5258K, committed 5504K, reserved 1056768K
  class space    used 557K, capacity 597K, committed 640K, reserved 1048576K
}
{Heap before GC invocations=394 (full 51):
 par new generation   total 6144K, used 5235K [0x00000000fec00000, 0x00000000ff2a0000, 0x00000000ff2a0000)
  eden space 5504K,  95% used [0x00000000fec00000, 0x00000000ff11b780, 0x00000000ff160000)
  from space 640K,   0% used [0x00000000ff160000, 0x00000000ff161830, 0x00000000ff200000)
  to   space 640K,   0% used [0x00000000ff200000, 0x00000000ff200000, 0x00000000ff2a0000)
 concurrent mark-sweep generation total 13696K, used 4266K [0x00000000ff2a0000, 0x0000000100000000, 0x0000000100000000)
 Metaspace       used 5073K, capacity 5258K, committed 5504K, reserved 1056768K
  class space    used 557K, capacity 597K, committed 640K, reserved 1048576K
2024-07-16T18:26:16.297+0800: 3.101: [GC (Allocation Failure) 2024-07-16T18:26:16.297+0800: 3.101: [ParNew: 5235K->10K(6144K), 0.0004293 secs] 9502K->5300K(19840K), 0.0004682 secs] [Times: user=0.00 sys=0.00, real=0.00 secs] 
Heap after GC invocations=395 (full 51):
 par new generation   total 6144K, used 10K [0x00000000fec00000, 0x00000000ff2a0000, 0x00000000ff2a0000)
  eden space 5504K,   0% used [0x00000000fec00000, 0x00000000fec00000, 0x00000000ff160000)
  from space 640K,   1% used [0x00000000ff200000, 0x00000000ff202850, 0x00000000ff2a0000)
  to   space 640K,   0% used [0x00000000ff160000, 0x00000000ff160000, 0x00000000ff200000)
 concurrent mark-sweep generation total 13696K, used 5290K [0x00000000ff2a0000, 0x0000000100000000, 0x0000000100000000)
 Metaspace       used 5073K, capacity 5258K, committed 5504K, reserved 1056768K
  class space    used 557K, capacity 597K, committed 640K, reserved 1048576K
}
{Heap before GC invocations=395 (full 51):
 par new generation   total 6144K, used 5239K [0x00000000fec00000, 0x00000000ff2a0000, 0x00000000ff2a0000)
  eden space 5504K,  95% used [0x00000000fec00000, 0x00000000ff11b780, 0x00000000ff160000)
  from space 640K,   1% used [0x00000000ff200000, 0x00000000ff202850, 0x00000000ff2a0000)
  to   space 640K,   0% used [0x00000000ff160000, 0x00000000ff160000, 0x00000000ff200000)
 concurrent mark-sweep generation total 13696K, used 5290K [0x00000000ff2a0000, 0x0000000100000000, 0x0000000100000000)
 Metaspace       used 5073K, capacity 5258K, committed 5504K, reserved 1056768K
  class space    used 557K, capacity 597K, committed 640K, reserved 1048576K
2024-07-16T18:26:16.304+0800: 3.108: [GC (Allocation Failure) 2024-07-16T18:26:16.304+0800: 3.108: [ParNew: 5239K->8K(6144K), 0.0003817 secs] 10530K->6324K(19840K), 0.0004134 secs] [Times: user=0.00 sys=0.00, real=0.00 secs] 
Heap after GC invocations=396 (full 51):
 par new generation   total 6144K, used 8K [0x00000000fec00000, 0x00000000ff2a0000, 0x00000000ff2a0000)
  eden space 5504K,   0% used [0x00000000fec00000, 0x00000000fec00000, 0x00000000ff160000)
  from space 640K,   1% used [0x00000000ff160000, 0x00000000ff162040, 0x00000000ff200000)
  to   space 640K,   0% used [0x00000000ff200000, 0x00000000ff200000, 0x00000000ff2a0000)
 concurrent mark-sweep generation total 13696K, used 6316K [0x00000000ff2a0000, 0x0000000100000000, 0x0000000100000000)
 Metaspace       used 5073K, capacity 5258K, committed 5504K, reserved 1056768K
  class space    used 557K, capacity 597K, committed 640K, reserved 1048576K
}
2024-07-16T18:26:16.304+0800: 3.108: [GC (CMS Initial Mark) [1 CMS-initial-mark: 6316K(13696K)] 7348K(19840K), 0.0001046 secs] [Times: user=0.00 sys=0.00, real=0.00 secs] 
2024-07-16T18:26:16.304+0800: 3.109: [CMS-concurrent-mark-start]
2024-07-16T18:26:16.307+0800: 3.112: [CMS-concurrent-mark: 0.003/0.003 secs] [Times: user=0.00 sys=0.00, real=0.00 secs] 
2024-07-16T18:26:16.307+0800: 3.112: [CMS-concurrent-preclean-start]
2024-07-16T18:26:16.307+0800: 3.112: [CMS-concurrent-preclean: 0.000/0.000 secs] [Times: user=0.00 sys=0.00, real=0.00 secs] 
2024-07-16T18:26:16.307+0800: 3.112: [CMS-concurrent-abortable-preclean-start]
{Heap before GC invocations=396 (full 52):
 par new generation   total 6144K, used 5237K [0x00000000fec00000, 0x00000000ff2a0000, 0x00000000ff2a0000)
  eden space 5504K,  95% used [0x00000000fec00000, 0x00000000ff11b780, 0x00000000ff160000)
  from space 640K,   1% used [0x00000000ff160000, 0x00000000ff162040, 0x00000000ff200000)
  to   space 640K,   0% used [0x00000000ff200000, 0x00000000ff200000, 0x00000000ff2a0000)
 concurrent mark-sweep generation total 13696K, used 6316K [0x00000000ff2a0000, 0x0000000100000000, 0x0000000100000000)
 Metaspace       used 5073K, capacity 5258K, committed 5504K, reserved 1056768K
  class space    used 557K, capacity 597K, committed 640K, reserved 1048576K
2024-07-16T18:26:16.312+0800: 3.116: [GC (Allocation Failure) 2024-07-16T18:26:16.312+0800: 3.116: [ParNew: 5237K->4K(6144K), 0.0002934 secs] 11554K->6320K(19840K), 0.0003294 secs] [Times: user=0.00 sys=0.00, real=0.00 secs] 
Heap after GC invocations=397 (full 52):
 par new generation   total 6144K, used 4K [0x00000000fec00000, 0x00000000ff2a0000, 0x00000000ff2a0000)
  eden space 5504K,   0% used [0x00000000fec00000, 0x00000000fec00000, 0x00000000ff160000)
  from space 640K,   0% used [0x00000000ff200000, 0x00000000ff201020, 0x00000000ff2a0000)
  to   space 640K,   0% used [0x00000000ff160000, 0x00000000ff160000, 0x00000000ff200000)
 concurrent mark-sweep generation total 13696K, used 6316K [0x00000000ff2a0000, 0x0000000100000000, 0x0000000100000000)
 Metaspace       used 5073K, capacity 5258K, committed 5504K, reserved 1056768K
  class space    used 557K, capacity 597K, committed 640K, reserved 1048576K
}
{Heap before GC invocations=397 (full 52):
 par new generation   total 6144K, used 5233K [0x00000000fec00000, 0x00000000ff2a0000, 0x00000000ff2a0000)
  eden space 5504K,  95% used [0x00000000fec00000, 0x00000000ff11b780, 0x00000000ff160000)
  from space 640K,   0% used [0x00000000ff200000, 0x00000000ff201020, 0x00000000ff2a0000)
  to   space 640K,   0% used [0x00000000ff160000, 0x00000000ff160000, 0x00000000ff200000)
 concurrent mark-sweep generation total 13696K, used 6316K [0x00000000ff2a0000, 0x0000000100000000, 0x0000000100000000)
 Metaspace       used 5073K, capacity 5258K, committed 5504K, reserved 1056768K
  class space    used 557K, capacity 597K, committed 640K, reserved 1048576K
2024-07-16T18:26:16.319+0800: 3.123: [GC (Allocation Failure) 2024-07-16T18:26:16.319+0800: 3.123: [ParNew: 5233K->10K(6144K), 0.0003502 secs] 11550K->7352K(19840K), 0.0003845 secs] [Times: user=0.00 sys=0.00, real=0.00 secs] 
Heap after GC invocations=398 (full 52):
 par new generation   total 6144K, used 10K [0x00000000fec00000, 0x00000000ff2a0000, 0x00000000ff2a0000)
  eden space 5504K,   0% used [0x00000000fec00000, 0x00000000fec00000, 0x00000000ff160000)
  from space 640K,   1% used [0x00000000ff160000, 0x00000000ff162850, 0x00000000ff200000)
  to   space 640K,   0% used [0x00000000ff200000, 0x00000000ff200000, 0x00000000ff2a0000)
 concurrent mark-sweep generation total 13696K, used 7342K [0x00000000ff2a0000, 0x0000000100000000, 0x0000000100000000)
 Metaspace       used 5073K, capacity 5258K, committed 5504K, reserved 1056768K
  class space    used 557K, capacity 597K, committed 640K, reserved 1048576K
}
{Heap before GC invocations=398 (full 52):
 par new generation   total 6144K, used 5239K [0x00000000fec00000, 0x00000000ff2a0000, 0x00000000ff2a0000)
  eden space 5504K,  95% used [0x00000000fec00000, 0x00000000ff11b780, 0x00000000ff160000)
  from space 640K,   1% used [0x00000000ff160000, 0x00000000ff162850, 0x00000000ff200000)
  to   space 640K,   0% used [0x00000000ff200000, 0x00000000ff200000, 0x00000000ff2a0000)
 concurrent mark-sweep generation total 13696K, used 7342K [0x00000000ff2a0000, 0x0000000100000000, 0x0000000100000000)
 Metaspace       used 5073K, capacity 5258K, committed 5504K, reserved 1056768K
  class space    used 557K, capacity 597K, committed 640K, reserved 1048576K
2024-07-16T18:26:16.327+0800: 3.131: [GC (Allocation Failure) 2024-07-16T18:26:16.327+0800: 3.131: [ParNew: 5239K->4K(6144K), 0.0003702 secs] 12582K->7346K(19840K), 0.0004327 secs] [Times: user=0.00 sys=0.00, real=0.00 secs] 
Heap after GC invocations=399 (full 52):
 par new generation   total 6144K, used 4K [0x00000000fec00000, 0x00000000ff2a0000, 0x00000000ff2a0000)
  eden space 5504K,   0% used [0x00000000fec00000, 0x00000000fec00000, 0x00000000ff160000)
  from space 640K,   0% used [0x00000000ff200000, 0x00000000ff201020, 0x00000000ff2a0000)
  to   space 640K,   0% used [0x00000000ff160000, 0x00000000ff160000, 0x00000000ff200000)
 concurrent mark-sweep generation total 13696K, used 7342K [0x00000000ff2a0000, 0x0000000100000000, 0x0000000100000000)
 Metaspace       used 5073K, capacity 5258K, committed 5504K, reserved 1056768K
  class space    used 557K, capacity 597K, committed 640K, reserved 1048576K
}
{Heap before GC invocations=399 (full 52):
 par new generation   total 6144K, used 5233K [0x00000000fec00000, 0x00000000ff2a0000, 0x00000000ff2a0000)
  eden space 5504K,  95% used [0x00000000fec00000, 0x00000000ff11b780, 0x00000000ff160000)
  from space 640K,   0% used [0x00000000ff200000, 0x00000000ff201020, 0x00000000ff2a0000)
  to   space 640K,   0% used [0x00000000ff160000, 0x00000000ff160000, 0x00000000ff200000)
 concurrent mark-sweep generation total 13696K, used 7342K [0x00000000ff2a0000, 0x0000000100000000, 0x0000000100000000)
 Metaspace       used 5073K, capacity 5258K, committed 5504K, reserved 1056768K
  class space    used 557K, capacity 597K, committed 640K, reserved 1048576K
2024-07-16T18:26:16.335+0800: 3.139: [GC (Allocation Failure) 2024-07-16T18:26:16.335+0800: 3.139: [ParNew: 5233K->4K(6144K), 0.0003076 secs] 12576K->7346K(19840K), 0.0003553 secs] [Times: user=0.00 sys=0.00, real=0.00 secs] 
Heap after GC invocations=400 (full 52):
 par new generation   total 6144K, used 4K [0x00000000fec00000, 0x00000000ff2a0000, 0x00000000ff2a0000)
  eden space 5504K,   0% used [0x00000000fec00000, 0x00000000fec00000, 0x00000000ff160000)
  from space 640K,   0% used [0x00000000ff160000, 0x00000000ff161020, 0x00000000ff200000)
  to   space 640K,   0% used [0x00000000ff200000, 0x00000000ff200000, 0x00000000ff2a0000)
 concurrent mark-sweep generation total 13696K, used 7342K [0x00000000ff2a0000, 0x0000000100000000, 0x0000000100000000)
 Metaspace       used 5073K, capacity 5258K, committed 5504K, reserved 1056768K
  class space    used 557K, capacity 597K, committed 640K, reserved 1048576K
}
{Heap before GC invocations=400 (full 52):
 par new generation   total 6144K, used 5233K [0x00000000fec00000, 0x00000000ff2a0000, 0x00000000ff2a0000)
  eden space 5504K,  95% used [0x00000000fec00000, 0x00000000ff11b780, 0x00000000ff160000)
  from space 640K,   0% used [0x00000000ff160000, 0x00000000ff161020, 0x00000000ff200000)
  to   space 640K,   0% used [0x00000000ff200000, 0x00000000ff200000, 0x00000000ff2a0000)
 concurrent mark-sweep generation total 13696K, used 7342K [0x00000000ff2a0000, 0x0000000100000000, 0x0000000100000000)
 Metaspace       used 5073K, capacity 5258K, committed 5504K, reserved 1056768K
  class space    used 557K, capacity 597K, committed 640K, reserved 1048576K
2024-07-16T18:26:16.342+0800: 3.146: [GC (Allocation Failure) 2024-07-16T18:26:16.342+0800: 3.146: [ParNew: 5233K->6K(6144K), 0.0003474 secs] 12576K->8372K(19840K), 0.0003810 secs] [Times: user=0.00 sys=0.00, real=0.00 secs] 
Heap after GC invocations=401 (full 52):
 par new generation   total 6144K, used 6K [0x00000000fec00000, 0x00000000ff2a0000, 0x00000000ff2a0000)
  eden space 5504K,   0% used [0x00000000fec00000, 0x00000000fec00000, 0x00000000ff160000)
  from space 640K,   0% used [0x00000000ff200000, 0x00000000ff201830, 0x00000000ff2a0000)
  to   space 640K,   0% used [0x00000000ff160000, 0x00000000ff160000, 0x00000000ff200000)
 concurrent mark-sweep generation total 13696K, used 8366K [0x00000000ff2a0000, 0x0000000100000000, 0x0000000100000000)
 Metaspace       used 5073K, capacity 5258K, committed 5504K, reserved 1056768K
  class space    used 557K, capacity 597K, committed 640K, reserved 1048576K
}
{Heap before GC invocations=401 (full 52):
 par new generation   total 6144K, used 5235K [0x00000000fec00000, 0x00000000ff2a0000, 0x00000000ff2a0000)
  eden space 5504K,  95% used [0x00000000fec00000, 0x00000000ff11b780, 0x00000000ff160000)
  from space 640K,   0% used [0x00000000ff200000, 0x00000000ff201830, 0x00000000ff2a0000)
  to   space 640K,   0% used [0x00000000ff160000, 0x00000000ff160000, 0x00000000ff200000)
 concurrent mark-sweep generation total 13696K, used 8366K [0x00000000ff2a0000, 0x0000000100000000, 0x0000000100000000)
 Metaspace       used 5073K, capacity 5258K, committed 5504K, reserved 1056768K
  class space    used 557K, capacity 597K, committed 640K, reserved 1048576K
2024-07-16T18:26:16.349+0800: 3.153: [GC (Allocation Failure) 2024-07-16T18:26:16.349+0800: 3.153: [ParNew: 5235K->8K(6144K), 0.0003862 secs] 13602K->9398K(19840K), 0.0004290 secs] [Times: user=0.00 sys=0.00, real=0.00 secs] 
Heap after GC invocations=402 (full 52):
 par new generation   total 6144K, used 8K [0x00000000fec00000, 0x00000000ff2a0000, 0x00000000ff2a0000)
  eden space 5504K,   0% used [0x00000000fec00000, 0x00000000fec00000, 0x00000000ff160000)
  from space 640K,   1% used [0x00000000ff160000, 0x00000000ff162040, 0x00000000ff200000)
  to   space 640K,   0% used [0x00000000ff200000, 0x00000000ff200000, 0x00000000ff2a0000)
 concurrent mark-sweep generation total 13696K, used 9390K [0x00000000ff2a0000, 0x0000000100000000, 0x0000000100000000)
 Metaspace       used 5073K, capacity 5258K, committed 5504K, reserved 1056768K
  class space    used 557K, capacity 597K, committed 640K, reserved 1048576K
}
{Heap before GC invocations=402 (full 52):
 par new generation   total 6144K, used 5237K [0x00000000fec00000, 0x00000000ff2a0000, 0x00000000ff2a0000)
  eden space 5504K,  95% used [0x00000000fec00000, 0x00000000ff11b780, 0x00000000ff160000)
  from space 640K,   1% used [0x00000000ff160000, 0x00000000ff162040, 0x00000000ff200000)
  to   space 640K,   0% used [0x00000000ff200000, 0x00000000ff200000, 0x00000000ff2a0000)
 concurrent mark-sweep generation total 13696K, used 9390K [0x00000000ff2a0000, 0x0000000100000000, 0x0000000100000000)
 Metaspace       used 5073K, capacity 5258K, committed 5504K, reserved 1056768K
  class space    used 557K, capacity 597K, committed 640K, reserved 1048576K
2024-07-16T18:26:16.356+0800: 3.160: [GC (Allocation Failure) 2024-07-16T18:26:16.356+0800: 3.160: [ParNew: 5237K->6K(6144K), 0.0003460 secs] 14628K->10423K(19840K), 0.0003805 secs] [Times: user=0.00 sys=0.00, real=0.00 secs] 
Heap after GC invocations=403 (full 52):
 par new generation   total 6144K, used 6K [0x00000000fec00000, 0x00000000ff2a0000, 0x00000000ff2a0000)
  eden space 5504K,   0% used [0x00000000fec00000, 0x00000000fec00000, 0x00000000ff160000)
  from space 640K,   0% used [0x00000000ff200000, 0x00000000ff201830, 0x00000000ff2a0000)
  to   space 640K,   0% used [0x00000000ff160000, 0x00000000ff160000, 0x00000000ff200000)
 concurrent mark-sweep generation total 13696K, used 10416K [0x00000000ff2a0000, 0x0000000100000000, 0x0000000100000000)
 Metaspace       used 5073K, capacity 5258K, committed 5504K, reserved 1056768K
  class space    used 557K, capacity 597K, committed 640K, reserved 1048576K
}
{Heap before GC invocations=403 (full 52):
 par new generation   total 6144K, used 5235K [0x00000000fec00000, 0x00000000ff2a0000, 0x00000000ff2a0000)
  eden space 5504K,  95% used [0x00000000fec00000, 0x00000000ff11b780, 0x00000000ff160000)
  from space 640K,   0% used [0x00000000ff200000, 0x00000000ff201830, 0x00000000ff2a0000)
  to   space 640K,   0% used [0x00000000ff160000, 0x00000000ff160000, 0x00000000ff200000)
 concurrent mark-sweep generation total 13696K, used 10416K [0x00000000ff2a0000, 0x0000000100000000, 0x0000000100000000)
 Metaspace       used 5073K, capacity 5258K, committed 5504K, reserved 1056768K
  class space    used 557K, capacity 597K, committed 640K, reserved 1048576K
2024-07-16T18:26:16.363+0800: 3.167: [GC (Allocation Failure) 2024-07-16T18:26:16.363+0800: 3.167: [ParNew: 5235K->10K(6144K), 0.0004252 secs] 15652K->11451K(19840K), 0.0004681 secs] [Times: user=0.00 sys=0.00, real=0.00 secs] 
Heap after GC invocations=404 (full 52):
 par new generation   total 6144K, used 10K [0x00000000fec00000, 0x00000000ff2a0000, 0x00000000ff2a0000)
  eden space 5504K,   0% used [0x00000000fec00000, 0x00000000fec00000, 0x00000000ff160000)
  from space 640K,   1% used [0x00000000ff160000, 0x00000000ff162850, 0x00000000ff200000)
  to   space 640K,   0% used [0x00000000ff200000, 0x00000000ff200000, 0x00000000ff2a0000)
 concurrent mark-sweep generation total 13696K, used 11441K [0x00000000ff2a0000, 0x0000000100000000, 0x0000000100000000)
 Metaspace       used 5073K, capacity 5258K, committed 5504K, reserved 1056768K
  class space    used 557K, capacity 597K, committed 640K, reserved 1048576K
}
{Heap before GC invocations=404 (full 52):
 par new generation   total 6144K, used 5239K [0x00000000fec00000, 0x00000000ff2a0000, 0x00000000ff2a0000)
  eden space 5504K,  95% used [0x00000000fec00000, 0x00000000ff11b780, 0x00000000ff160000)
  from space 640K,   1% used [0x00000000ff160000, 0x00000000ff162850, 0x00000000ff200000)
  to   space 640K,   0% used [0x00000000ff200000, 0x00000000ff200000, 0x00000000ff2a0000)
 concurrent mark-sweep generation total 13696K, used 11441K [0x00000000ff2a0000, 0x0000000100000000, 0x0000000100000000)
 Metaspace       used 5073K, capacity 5258K, committed 5504K, reserved 1056768K
  class space    used 557K, capacity 597K, committed 640K, reserved 1048576K
2024-07-16T18:26:16.369+0800: 3.173: [GC (Allocation Failure) 2024-07-16T18:26:16.369+0800: 3.173: [ParNew: 5239K->12K(6144K), 0.0006475 secs] 16680K->13503K(19840K), 0.0007050 secs] [Times: user=0.00 sys=0.00, real=0.00 secs] 
Heap after GC invocations=405 (full 52):
 par new generation   total 6144K, used 12K [0x00000000fec00000, 0x00000000ff2a0000, 0x00000000ff2a0000)
  eden space 5504K,   0% used [0x00000000fec00000, 0x00000000fec00000, 0x00000000ff160000)
  from space 640K,   1% used [0x00000000ff200000, 0x00000000ff203060, 0x00000000ff2a0000)
  to   space 640K,   0% used [0x00000000ff160000, 0x00000000ff160000, 0x00000000ff200000)
 concurrent mark-sweep generation total 13696K, used 13491K [0x00000000ff2a0000, 0x0000000100000000, 0x0000000100000000)
 Metaspace       used 5073K, capacity 5258K, committed 5504K, reserved 1056768K
  class space    used 557K, capacity 597K, committed 640K, reserved 1048576K
}
2024-07-16T18:26:16.369+0800: 3.174: [CMS-concurrent-abortable-preclean: 0.001/0.062 secs] [Times: user=0.00 sys=0.00, real=0.06 secs] 
2024-07-16T18:26:16.370+0800: 3.174: [GC (CMS Final Remark) [YG occupancy: 1145 K (6144 K)]{Heap before GC invocations=405 (full 52):
 par new generation   total 6144K, used 1145K [0x00000000fec00000, 0x00000000ff2a0000, 0x00000000ff2a0000)
  eden space 5504K,  20% used [0x00000000fec00000, 0x00000000fed1b740, 0x00000000ff160000)
  from space 640K,   1% used [0x00000000ff200000, 0x00000000ff203060, 0x00000000ff2a0000)
  to   space 640K,   0% used [0x00000000ff160000, 0x00000000ff160000, 0x00000000ff200000)
 concurrent mark-sweep generation total 13696K, used 13491K [0x00000000ff2a0000, 0x0000000100000000, 0x0000000100000000)
 Metaspace       used 5073K, capacity 5258K, committed 5504K, reserved 1056768K
  class space    used 557K, capacity 597K, committed 640K, reserved 1048576K
2024-07-16T18:26:16.370+0800: 3.174: [GC (CMS Final Remark) 2024-07-16T18:26:16.370+0800: 3.174: [ParNew: 1145K->1145K(6144K), 0.0000180 secs] 14636K->14636K(19840K), 0.0000468 secs] [Times: user=0.00 sys=0.00, real=0.00 secs] 
Heap after GC invocations=406 (full 52):
 par new generation   total 6144K, used 1145K [0x00000000fec00000, 0x00000000ff2a0000, 0x00000000ff2a0000)
  eden space 5504K,  20% used [0x00000000fec00000, 0x00000000fed1b740, 0x00000000ff160000)
  from space 640K,   1% used [0x00000000ff200000, 0x00000000ff203060, 0x00000000ff2a0000)
  to   space 640K,   0% used [0x00000000ff160000, 0x00000000ff160000, 0x00000000ff200000)
 concurrent mark-sweep generation total 13696K, used 13491K [0x00000000ff2a0000, 0x0000000100000000, 0x0000000100000000)
 Metaspace       used 5073K, capacity 5258K, committed 5504K, reserved 1056768K
  class space    used 557K, capacity 597K, committed 640K, reserved 1048576K
}
2024-07-16T18:26:16.370+0800: 3.174: [Rescan (parallel) , 0.0003419 secs]2024-07-16T18:26:16.370+0800: 3.174: [weak refs processing, 0.0000224 secs]2024-07-16T18:26:16.370+0800: 3.174: [class unloading, 0.0005407 secs]2024-07-16T18:26:16.371+0800: 3.175: [scrub symbol table, 0.0005913 secs]2024-07-16T18:26:16.371+0800: 3.176: [scrub string table, 0.0001494 secs][1 CMS-remark: 13491K(13696K)] 14636K(19840K), 0.0018521 secs] [Times: user=0.00 sys=0.00, real=0.00 secs] 
2024-07-16T18:26:16.371+0800: 3.176: [CMS-concurrent-sweep-start]
2024-07-16T18:26:16.372+0800: 3.176: [CMS-concurrent-sweep: 0.000/0.000 secs] [Times: user=0.00 sys=0.00, real=0.00 secs] 
2024-07-16T18:26:16.372+0800: 3.176: [CMS-concurrent-reset-start]
2024-07-16T18:26:16.372+0800: 3.176: [CMS-concurrent-reset: 0.000/0.000 secs] [Times: user=0.00 sys=0.00, real=0.00 secs] 
{Heap before GC invocations=406 (full 52):
 par new generation   total 6144K, used 5351K [0x00000000fec00000, 0x00000000ff2a0000, 0x00000000ff2a0000)
  eden space 5504K,  97% used [0x00000000fec00000, 0x00000000ff136eb0, 0x00000000ff160000)
  from space 640K,   1% used [0x00000000ff200000, 0x00000000ff203060, 0x00000000ff2a0000)
  to   space 640K,   0% used [0x00000000ff160000, 0x00000000ff160000, 0x00000000ff200000)
 concurrent mark-sweep generation total 13696K, used 9394K [0x00000000ff2a0000, 0x0000000100000000, 0x0000000100000000)
 Metaspace       used 5073K, capacity 5258K, committed 5504K, reserved 1056768K
  class space    used 557K, capacity 597K, committed 640K, reserved 1048576K
2024-07-16T18:26:16.380+0800: 3.184: [GC (Allocation Failure) 2024-07-16T18:26:16.380+0800: 3.184: [ParNew: 5351K->4K(6144K), 0.0002608 secs] 14746K->9398K(19840K), 0.0002920 secs] [Times: user=0.00 sys=0.00, real=0.00 secs] 
Heap after GC invocations=407 (full 52):
 par new generation   total 6144K, used 4K [0x00000000fec00000, 0x00000000ff2a0000, 0x00000000ff2a0000)
  eden space 5504K,   0% used [0x00000000fec00000, 0x00000000fec00000, 0x00000000ff160000)
  from space 640K,   0% used [0x00000000ff160000, 0x00000000ff161020, 0x00000000ff200000)
  to   space 640K,   0% used [0x00000000ff200000, 0x00000000ff200000, 0x00000000ff2a0000)
 concurrent mark-sweep generation total 13696K, used 9394K [0x00000000ff2a0000, 0x0000000100000000, 0x0000000100000000)
 Metaspace       used 5073K, capacity 5258K, committed 5504K, reserved 1056768K
  class space    used 557K, capacity 597K, committed 640K, reserved 1048576K
}
2024-07-16T18:26:16.380+0800: 3.184: [GC (CMS Initial Mark) [1 CMS-initial-mark: 9394K(13696K)] 10422K(19840K), 0.0001242 secs] [Times: user=0.00 sys=0.00, real=0.00 secs] 
2024-07-16T18:26:16.380+0800: 3.184: [CMS-concurrent-mark-start]
2024-07-16T18:26:16.383+0800: 3.188: [CMS-concurrent-mark: 0.003/0.003 secs] [Times: user=0.00 sys=0.00, real=0.00 secs] 
2024-07-16T18:26:16.383+0800: 3.188: [CMS-concurrent-preclean-start]
2024-07-16T18:26:16.383+0800: 3.188: [CMS-concurrent-preclean: 0.000/0.000 secs] [Times: user=0.00 sys=0.00, real=0.00 secs] 
2024-07-16T18:26:16.383+0800: 3.188: [CMS-concurrent-abortable-preclean-start]
{Heap before GC invocations=407 (full 53):
 par new generation   total 6144K, used 5218K [0x00000000fec00000, 0x00000000ff2a0000, 0x00000000ff2a0000)
  eden space 5504K,  94% used [0x00000000fec00000, 0x00000000ff117940, 0x00000000ff160000)
  from space 640K,   0% used [0x00000000ff160000, 0x00000000ff161020, 0x00000000ff200000)
  to   space 640K,   0% used [0x00000000ff200000, 0x00000000ff200000, 0x00000000ff2a0000)
 concurrent mark-sweep generation total 13696K, used 9394K [0x00000000ff2a0000, 0x0000000100000000, 0x0000000100000000)
 Metaspace       used 5073K, capacity 5258K, committed 5504K, reserved 1056768K
  class space    used 557K, capacity 597K, committed 640K, reserved 1048576K
2024-07-16T18:26:16.387+0800: 3.191: [GC (Allocation Failure) 2024-07-16T18:26:16.387+0800: 3.191: [ParNew: 5218K->8K(6144K), 0.0004165 secs] 14613K->10426K(19840K), 0.0004596 secs] [Times: user=0.00 sys=0.00, real=0.00 secs] 
Heap after GC invocations=408 (full 53):
 par new generation   total 6144K, used 8K [0x00000000fec00000, 0x00000000ff2a0000, 0x00000000ff2a0000)
  eden space 5504K,   0% used [0x00000000fec00000, 0x00000000fec00000, 0x00000000ff160000)
  from space 640K,   1% used [0x00000000ff200000, 0x00000000ff202040, 0x00000000ff2a0000)
  to   space 640K,   0% used [0x00000000ff160000, 0x00000000ff160000, 0x00000000ff200000)
 concurrent mark-sweep generation total 13696K, used 10418K [0x00000000ff2a0000, 0x0000000100000000, 0x0000000100000000)
 Metaspace       used 5073K, capacity 5258K, committed 5504K, reserved 1056768K
  class space    used 557K, capacity 597K, committed 640K, reserved 1048576K
}
{Heap before GC invocations=408 (full 53):
 par new generation   total 6144K, used 5228K [0x00000000fec00000, 0x00000000ff2a0000, 0x00000000ff2a0000)
  eden space 5504K,  94% used [0x00000000fec00000, 0x00000000ff119240, 0x00000000ff160000)
  from space 640K,   1% used [0x00000000ff200000, 0x00000000ff202040, 0x00000000ff2a0000)
  to   space 640K,   0% used [0x00000000ff160000, 0x00000000ff160000, 0x00000000ff200000)
 concurrent mark-sweep generation total 13696K, used 10418K [0x00000000ff2a0000, 0x0000000100000000, 0x0000000100000000)
 Metaspace       used 5073K, capacity 5258K, committed 5504K, reserved 1056768K
  class space    used 557K, capacity 597K, committed 640K, reserved 1048576K
2024-07-16T18:26:16.393+0800: 3.197: [GC (Allocation Failure) 2024-07-16T18:26:16.393+0800: 3.197: [ParNew: 5228K->14K(6144K), 0.0004281 secs] 15647K->11456K(19840K), 0.0004868 secs] [Times: user=0.00 sys=0.00, real=0.00 secs] 
Heap after GC invocations=409 (full 53):
 par new generation   total 6144K, used 14K [0x00000000fec00000, 0x00000000ff2a0000, 0x00000000ff2a0000)
  eden space 5504K,   0% used [0x00000000fec00000, 0x00000000fec00000, 0x00000000ff160000)
  from space 640K,   2% used [0x00000000ff160000, 0x00000000ff163870, 0x00000000ff200000)
  to   space 640K,   0% used [0x00000000ff200000, 0x00000000ff200000, 0x00000000ff2a0000)
 concurrent mark-sweep generation total 13696K, used 11442K [0x00000000ff2a0000, 0x0000000100000000, 0x0000000100000000)
 Metaspace       used 5073K, capacity 5258K, committed 5504K, reserved 1056768K
  class space    used 557K, capacity 597K, committed 640K, reserved 1048576K
}
{Heap before GC invocations=409 (full 53):
 par new generation   total 6144K, used 5238K [0x00000000fec00000, 0x00000000ff2a0000, 0x00000000ff2a0000)
  eden space 5504K,  94% used [0x00000000fec00000, 0x00000000ff119f90, 0x00000000ff160000)
  from space 640K,   2% used [0x00000000ff160000, 0x00000000ff163870, 0x00000000ff200000)
  to   space 640K,   0% used [0x00000000ff200000, 0x00000000ff200000, 0x00000000ff2a0000)
 concurrent mark-sweep generation total 13696K, used 11442K [0x00000000ff2a0000, 0x0000000100000000, 0x0000000100000000)
 Metaspace       used 5073K, capacity 5258K, committed 5504K, reserved 1056768K
  class space    used 557K, capacity 597K, committed 640K, reserved 1048576K
2024-07-16T18:26:16.401+0800: 3.205: [GC (Allocation Failure) 2024-07-16T18:26:16.401+0800: 3.205: [ParNew: 5238K->18K(6144K), 0.0009304 secs] 16680K->12485K(19840K), 0.0010197 secs] [Times: user=0.00 sys=0.00, real=0.00 secs] 
Heap after GC invocations=410 (full 53):
 par new generation   total 6144K, used 18K [0x00000000fec00000, 0x00000000ff2a0000, 0x00000000ff2a0000)
  eden space 5504K,   0% used [0x00000000fec00000, 0x00000000fec00000, 0x00000000ff160000)
  from space 640K,   2% used [0x00000000ff200000, 0x00000000ff204890, 0x00000000ff2a0000)
  to   space 640K,   0% used [0x00000000ff160000, 0x00000000ff160000, 0x00000000ff200000)
 concurrent mark-sweep generation total 13696K, used 12466K [0x00000000ff2a0000, 0x0000000100000000, 0x0000000100000000)
 Metaspace       used 5073K, capacity 5258K, committed 5504K, reserved 1056768K
  class space    used 557K, capacity 597K, committed 640K, reserved 1048576K
}
{Heap before GC invocations=410 (full 53):
 par new generation   total 6144K, used 5244K [0x00000000fec00000, 0x00000000ff2a0000, 0x00000000ff2a0000)
  eden space 5504K,  94% used [0x00000000fec00000, 0x00000000ff11a818, 0x00000000ff160000)
  from space 640K,   2% used [0x00000000ff200000, 0x00000000ff204890, 0x00000000ff2a0000)
  to   space 640K,   0% used [0x00000000ff160000, 0x00000000ff160000, 0x00000000ff200000)
 concurrent mark-sweep generation total 13696K, used 12466K [0x00000000ff2a0000, 0x0000000100000000, 0x0000000100000000)
 Metaspace       used 5073K, capacity 5258K, committed 5504K, reserved 1056768K
  class space    used 557K, capacity 597K, committed 640K, reserved 1048576K
2024-07-16T18:26:16.410+0800: 3.214: [GC (Allocation Failure) 2024-07-16T18:26:16.410+0800: 3.214: [ParNew: 5244K->5244K(6144K), 0.0000202 secs]2024-07-16T18:26:16.410+0800: 3.214: [CMS2024-07-16T18:26:16.410+0800: 3.214: [CMS-concurrent-abortable-preclean: 0.000/0.026 secs] [Times: user=0.00 sys=0.00, real=0.03 secs] 
 (concurrent mode failure): 12466K->2215K(13696K), 0.0026268 secs] 17711K->2215K(19840K), [Metaspace: 5073K->5073K(1056768K)], 0.0027213 secs] [Times: user=0.00 sys=0.00, real=0.00 secs] 
Heap after GC invocations=411 (full 54):
 par new generation   total 6144K, used 0K [0x00000000fec00000, 0x00000000ff2a0000, 0x00000000ff2a0000)
  eden space 5504K,   0% used [0x00000000fec00000, 0x00000000fec00000, 0x00000000ff160000)
  from space 640K,   0% used [0x00000000ff200000, 0x00000000ff200000, 0x00000000ff2a0000)
  to   space 640K,   0% used [0x00000000ff160000, 0x00000000ff160000, 0x00000000ff200000)
 concurrent mark-sweep generation total 13696K, used 2215K [0x00000000ff2a0000, 0x0000000100000000, 0x0000000100000000)
 Metaspace       used 5073K, capacity 5258K, committed 5504K, reserved 1056768K
  class space    used 557K, capacity 597K, committed 640K, reserved 1048576K
}
{Heap before GC invocations=411 (full 54):
 par new generation   total 6144K, used 5227K [0x00000000fec00000, 0x00000000ff2a0000, 0x00000000ff2a0000)
  eden space 5504K,  94% used [0x00000000fec00000, 0x00000000ff11ad98, 0x00000000ff160000)
  from space 640K,   0% used [0x00000000ff200000, 0x00000000ff200000, 0x00000000ff2a0000)
  to   space 640K,   0% used [0x00000000ff160000, 0x00000000ff160000, 0x00000000ff200000)
 concurrent mark-sweep generation total 13696K, used 2215K [0x00000000ff2a0000, 0x0000000100000000, 0x0000000100000000)
 Metaspace       used 5073K, capacity 5258K, committed 5504K, reserved 1056768K
  class space    used 557K, capacity 597K, committed 640K, reserved 1048576K
2024-07-16T18:26:16.419+0800: 3.223: [GC (Allocation Failure) 2024-07-16T18:26:16.419+0800: 3.223: [ParNew: 5227K->8K(6144K), 0.0003741 secs] 7442K->3249K(19840K), 0.0004260 secs] [Times: user=0.00 sys=0.00, real=0.00 secs] 
Heap after GC invocations=412 (full 54):
 par new generation   total 6144K, used 8K [0x00000000fec00000, 0x00000000ff2a0000, 0x00000000ff2a0000)
  eden space 5504K,   0% used [0x00000000fec00000, 0x00000000fec00000, 0x00000000ff160000)
  from space 640K,   1% used [0x00000000ff160000, 0x00000000ff162040, 0x00000000ff200000)
  to   space 640K,   0% used [0x00000000ff200000, 0x00000000ff200000, 0x00000000ff2a0000)
 concurrent mark-sweep generation total 13696K, used 3241K [0x00000000ff2a0000, 0x0000000100000000, 0x0000000100000000)
 Metaspace       used 5073K, capacity 5258K, committed 5504K, reserved 1056768K
  class space    used 557K, capacity 597K, committed 640K, reserved 1048576K
}
{Heap before GC invocations=412 (full 54):
 par new generation   total 6144K, used 5236K [0x00000000fec00000, 0x00000000ff2a0000, 0x00000000ff2a0000)
  eden space 5504K,  94% used [0x00000000fec00000, 0x00000000ff11b120, 0x00000000ff160000)
  from space 640K,   1% used [0x00000000ff160000, 0x00000000ff162040, 0x00000000ff200000)
  to   space 640K,   0% used [0x00000000ff200000, 0x00000000ff200000, 0x00000000ff2a0000)
 concurrent mark-sweep generation total 13696K, used 3241K [0x00000000ff2a0000, 0x0000000100000000, 0x0000000100000000)
 Metaspace       used 5073K, capacity 5258K, committed 5504K, reserved 1056768K
  class space    used 557K, capacity 597K, committed 640K, reserved 1048576K
2024-07-16T18:26:16.427+0800: 3.231: [GC (Allocation Failure) 2024-07-16T18:26:16.427+0800: 3.231: [ParNew: 5236K->4K(6144K), 0.0002634 secs] 8477K->3245K(19840K), 0.0003061 secs] [Times: user=0.00 sys=0.00, real=0.00 secs] 
Heap after GC invocations=413 (full 54):
 par new generation   total 6144K, used 4K [0x00000000fec00000, 0x00000000ff2a0000, 0x00000000ff2a0000)
  eden space 5504K,   0% used [0x00000000fec00000, 0x00000000fec00000, 0x00000000ff160000)
  from space 640K,   0% used [0x00000000ff200000, 0x00000000ff201020, 0x00000000ff2a0000)
  to   space 640K,   0% used [0x00000000ff160000, 0x00000000ff160000, 0x00000000ff200000)
 concurrent mark-sweep generation total 13696K, used 3241K [0x00000000ff2a0000, 0x0000000100000000, 0x0000000100000000)
 Metaspace       used 5073K, capacity 5258K, committed 5504K, reserved 1056768K
  class space    used 557K, capacity 597K, committed 640K, reserved 1048576K
}
{Heap before GC invocations=413 (full 54):
 par new generation   total 6144K, used 5232K [0x00000000fec00000, 0x00000000ff2a0000, 0x00000000ff2a0000)
  eden space 5504K,  95% used [0x00000000fec00000, 0x00000000ff11b368, 0x00000000ff160000)
  from space 640K,   0% used [0x00000000ff200000, 0x00000000ff201020, 0x00000000ff2a0000)
  to   space 640K,   0% used [0x00000000ff160000, 0x00000000ff160000, 0x00000000ff200000)
 concurrent mark-sweep generation total 13696K, used 3241K [0x00000000ff2a0000, 0x0000000100000000, 0x0000000100000000)
 Metaspace       used 5073K, capacity 5258K, committed 5504K, reserved 1056768K
  class space    used 557K, capacity 597K, committed 640K, reserved 1048576K
2024-07-16T18:26:16.434+0800: 3.238: [GC (Allocation Failure) 2024-07-16T18:26:16.434+0800: 3.238: [ParNew: 5232K->8K(6144K), 0.0003742 secs] 8474K->4275K(19840K), 0.0004181 secs] [Times: user=0.00 sys=0.00, real=0.00 secs] 
Heap after GC invocations=414 (full 54):
 par new generation   total 6144K, used 8K [0x00000000fec00000, 0x00000000ff2a0000, 0x00000000ff2a0000)
  eden space 5504K,   0% used [0x00000000fec00000, 0x00000000fec00000, 0x00000000ff160000)
  from space 640K,   1% used [0x00000000ff160000, 0x00000000ff162040, 0x00000000ff200000)
  to   space 640K,   0% used [0x00000000ff200000, 0x00000000ff200000, 0x00000000ff2a0000)
 concurrent mark-sweep generation total 13696K, used 4267K [0x00000000ff2a0000, 0x0000000100000000, 0x0000000100000000)
 Metaspace       used 5073K, capacity 5258K, committed 5504K, reserved 1056768K
  class space    used 557K, capacity 597K, committed 640K, reserved 1048576K
}
{Heap before GC invocations=414 (full 54):
 par new generation   total 6144K, used 5237K [0x00000000fec00000, 0x00000000ff2a0000, 0x00000000ff2a0000)
  eden space 5504K,  95% used [0x00000000fec00000, 0x00000000ff11b4d8, 0x00000000ff160000)
  from space 640K,   1% used [0x00000000ff160000, 0x00000000ff162040, 0x00000000ff200000)
  to   space 640K,   0% used [0x00000000ff200000, 0x00000000ff200000, 0x00000000ff2a0000)
 concurrent mark-sweep generation total 13696K, used 4267K [0x00000000ff2a0000, 0x0000000100000000, 0x0000000100000000)
 Metaspace       used 5073K, capacity 5258K, committed 5504K, reserved 1056768K
  class space    used 557K, capacity 597K, committed 640K, reserved 1048576K
2024-07-16T18:26:16.441+0800: 3.245: [GC (Allocation Failure) 2024-07-16T18:26:16.441+0800: 3.245: [ParNew: 5237K->6K(6144K), 0.0003498 secs] 9504K->5299K(19840K), 0.0003950 secs] [Times: user=0.00 sys=0.00, real=0.00 secs] 
Heap after GC invocations=415 (full 54):
 par new generation   total 6144K, used 6K [0x00000000fec00000, 0x00000000ff2a0000, 0x00000000ff2a0000)
  eden space 5504K,   0% used [0x00000000fec00000, 0x00000000fec00000, 0x00000000ff160000)
  from space 640K,   0% used [0x00000000ff200000, 0x00000000ff201830, 0x00000000ff2a0000)
  to   space 640K,   0% used [0x00000000ff160000, 0x00000000ff160000, 0x00000000ff200000)
 concurrent mark-sweep generation total 13696K, used 5293K [0x00000000ff2a0000, 0x0000000100000000, 0x0000000100000000)
 Metaspace       used 5073K, capacity 5258K, committed 5504K, reserved 1056768K
  class space    used 557K, capacity 597K, committed 640K, reserved 1048576K
}
2024-07-16T18:26:16.441+0800: 3.245: [GC (CMS Initial Mark) [1 CMS-initial-mark: 5293K(13696K)] 6323K(19840K), 0.0002574 secs] [Times: user=0.00 sys=0.00, real=0.00 secs] 
2024-07-16T18:26:16.441+0800: 3.246: [CMS-concurrent-mark-start]
2024-07-16T18:26:16.443+0800: 3.247: [CMS-concurrent-mark: 0.001/0.001 secs] [Times: user=0.00 sys=0.00, real=0.00 secs] 
2024-07-16T18:26:16.443+0800: 3.247: [CMS-concurrent-preclean-start]
2024-07-16T18:26:16.443+0800: 3.247: [CMS-concurrent-preclean: 0.000/0.000 secs] [Times: user=0.00 sys=0.00, real=0.00 secs] 
2024-07-16T18:26:16.443+0800: 3.247: [CMS-concurrent-abortable-preclean-start]
{Heap before GC invocations=415 (full 55):
 par new generation   total 6144K, used 5235K [0x00000000fec00000, 0x00000000ff2a0000, 0x00000000ff2a0000)
  eden space 5504K,  95% used [0x00000000fec00000, 0x00000000ff11b5d0, 0x00000000ff160000)
  from space 640K,   0% used [0x00000000ff200000, 0x00000000ff201830, 0x00000000ff2a0000)
  to   space 640K,   0% used [0x00000000ff160000, 0x00000000ff160000, 0x00000000ff200000)
 concurrent mark-sweep generation total 13696K, used 5293K [0x00000000ff2a0000, 0x0000000100000000, 0x0000000100000000)
 Metaspace       used 5073K, capacity 5258K, committed 5504K, reserved 1056768K
  class space    used 557K, capacity 597K, committed 640K, reserved 1048576K
2024-07-16T18:26:16.448+0800: 3.252: [GC (Allocation Failure) 2024-07-16T18:26:16.448+0800: 3.252: [ParNew: 5235K->10K(6144K), 0.0005811 secs] 10529K->6329K(19840K), 0.0006133 secs] [Times: user=0.00 sys=0.00, real=0.00 secs] 
Heap after GC invocations=416 (full 55):
 par new generation   total 6144K, used 10K [0x00000000fec00000, 0x00000000ff2a0000, 0x00000000ff2a0000)
  eden space 5504K,   0% used [0x00000000fec00000, 0x00000000fec00000, 0x00000000ff160000)
  from space 640K,   1% used [0x00000000ff160000, 0x00000000ff162850, 0x00000000ff200000)
  to   space 640K,   0% used [0x00000000ff200000, 0x00000000ff200000, 0x00000000ff2a0000)
 concurrent mark-sweep generation total 13696K, used 6319K [0x00000000ff2a0000, 0x0000000100000000, 0x0000000100000000)
 Metaspace       used 5073K, capacity 5258K, committed 5504K, reserved 1056768K
  class space    used 557K, capacity 597K, committed 640K, reserved 1048576K
}
{Heap before GC invocations=416 (full 55):
 par new generation   total 6144K, used 5239K [0x00000000fec00000, 0x00000000ff2a0000, 0x00000000ff2a0000)
  eden space 5504K,  95% used [0x00000000fec00000, 0x00000000ff11b668, 0x00000000ff160000)
  from space 640K,   1% used [0x00000000ff160000, 0x00000000ff162850, 0x00000000ff200000)
  to   space 640K,   0% used [0x00000000ff200000, 0x00000000ff200000, 0x00000000ff2a0000)
 concurrent mark-sweep generation total 13696K, used 6319K [0x00000000ff2a0000, 0x0000000100000000, 0x0000000100000000)
 Metaspace       used 5073K, capacity 5258K, committed 5504K, reserved 1056768K
  class space    used 557K, capacity 597K, committed 640K, reserved 1048576K
2024-07-16T18:26:16.455+0800: 3.259: [GC (Allocation Failure) 2024-07-16T18:26:16.455+0800: 3.259: [ParNew: 5239K->8K(6144K), 0.0003327 secs] 11559K->7351K(19840K), 0.0003645 secs] [Times: user=0.00 sys=0.00, real=0.00 secs] 
Heap after GC invocations=417 (full 55):
 par new generation   total 6144K, used 8K [0x00000000fec00000, 0x00000000ff2a0000, 0x00000000ff2a0000)
  eden space 5504K,   0% used [0x00000000fec00000, 0x00000000fec00000, 0x00000000ff160000)
  from space 640K,   1% used [0x00000000ff200000, 0x00000000ff202040, 0x00000000ff2a0000)
  to   space 640K,   0% used [0x00000000ff160000, 0x00000000ff160000, 0x00000000ff200000)
 concurrent mark-sweep generation total 13696K, used 7343K [0x00000000ff2a0000, 0x0000000100000000, 0x0000000100000000)
 Metaspace       used 5073K, capacity 5258K, committed 5504K, reserved 1056768K
  class space    used 557K, capacity 597K, committed 640K, reserved 1048576K
}
{Heap before GC invocations=417 (full 55):
 par new generation   total 6144K, used 5237K [0x00000000fec00000, 0x00000000ff2a0000, 0x00000000ff2a0000)
  eden space 5504K,  95% used [0x00000000fec00000, 0x00000000ff11b6c8, 0x00000000ff160000)
  from space 640K,   1% used [0x00000000ff200000, 0x00000000ff202040, 0x00000000ff2a0000)
  to   space 640K,   0% used [0x00000000ff160000, 0x00000000ff160000, 0x00000000ff200000)
 concurrent mark-sweep generation total 13696K, used 7343K [0x00000000ff2a0000, 0x0000000100000000, 0x0000000100000000)
 Metaspace       used 5073K, capacity 5258K, committed 5504K, reserved 1056768K
  class space    used 557K, capacity 597K, committed 640K, reserved 1048576K
2024-07-16T18:26:16.463+0800: 3.267: [GC (Allocation Failure) 2024-07-16T18:26:16.463+0800: 3.267: [ParNew: 5237K->4K(6144K), 0.0003237 secs] 12581K->7347K(19840K), 0.0003703 secs] [Times: user=0.00 sys=0.00, real=0.00 secs] 
Heap after GC invocations=418 (full 55):
 par new generation   total 6144K, used 4K [0x00000000fec00000, 0x00000000ff2a0000, 0x00000000ff2a0000)
  eden space 5504K,   0% used [0x00000000fec00000, 0x00000000fec00000, 0x00000000ff160000)
  from space 640K,   0% used [0x00000000ff160000, 0x00000000ff161020, 0x00000000ff200000)
  to   space 640K,   0% used [0x00000000ff200000, 0x00000000ff200000, 0x00000000ff2a0000)
 concurrent mark-sweep generation total 13696K, used 7343K [0x00000000ff2a0000, 0x0000000100000000, 0x0000000100000000)
 Metaspace       used 5073K, capacity 5258K, committed 5504K, reserved 1056768K
  class space    used 557K, capacity 597K, committed 640K, reserved 1048576K
}
{Heap before GC invocations=418 (full 55):
 par new generation   total 6144K, used 5233K [0x00000000fec00000, 0x00000000ff2a0000, 0x00000000ff2a0000)
  eden space 5504K,  95% used [0x00000000fec00000, 0x00000000ff11b708, 0x00000000ff160000)
  from space 640K,   0% used [0x00000000ff160000, 0x00000000ff161020, 0x00000000ff200000)
  to   space 640K,   0% used [0x00000000ff200000, 0x00000000ff200000, 0x00000000ff2a0000)
 concurrent mark-sweep generation total 13696K, used 7343K [0x00000000ff2a0000, 0x0000000100000000, 0x0000000100000000)
 Metaspace       used 5073K, capacity 5258K, committed 5504K, reserved 1056768K
  class space    used 557K, capacity 597K, committed 640K, reserved 1048576K
2024-07-16T18:26:16.470+0800: 3.274: [GC (Allocation Failure) 2024-07-16T18:26:16.470+0800: 3.274: [ParNew: 5233K->4K(6144K), 0.0003178 secs] 12577K->7347K(19840K), 0.0003692 secs] [Times: user=0.00 sys=0.00, real=0.00 secs] 
Heap after GC invocations=419 (full 55):
 par new generation   total 6144K, used 4K [0x00000000fec00000, 0x00000000ff2a0000, 0x00000000ff2a0000)
  eden space 5504K,   0% used [0x00000000fec00000, 0x00000000fec00000, 0x00000000ff160000)
  from space 640K,   0% used [0x00000000ff200000, 0x00000000ff201020, 0x00000000ff2a0000)
  to   space 640K,   0% used [0x00000000ff160000, 0x00000000ff160000, 0x00000000ff200000)
 concurrent mark-sweep generation total 13696K, used 7343K [0x00000000ff2a0000, 0x0000000100000000, 0x0000000100000000)
 Metaspace       used 5073K, capacity 5258K, committed 5504K, reserved 1056768K
  class space    used 557K, capacity 597K, committed 640K, reserved 1048576K
}
{Heap before GC invocations=419 (full 55):
 par new generation   total 6144K, used 5233K [0x00000000fec00000, 0x00000000ff2a0000, 0x00000000ff2a0000)
  eden space 5504K,  95% used [0x00000000fec00000, 0x00000000ff11b730, 0x00000000ff160000)
  from space 640K,   0% used [0x00000000ff200000, 0x00000000ff201020, 0x00000000ff2a0000)
  to   space 640K,   0% used [0x00000000ff160000, 0x00000000ff160000, 0x00000000ff200000)
 concurrent mark-sweep generation total 13696K, used 7343K [0x00000000ff2a0000, 0x0000000100000000, 0x0000000100000000)
 Metaspace       used 5073K, capacity 5258K, committed 5504K, reserved 1056768K
  class space    used 557K, capacity 597K, committed 640K, reserved 1048576K
2024-07-16T18:26:16.477+0800: 3.281: [GC (Allocation Failure) 2024-07-16T18:26:16.477+0800: 3.281: [ParNew: 5233K->8K(6144K), 0.0004362 secs] 12577K->8377K(19840K), 0.0004900 secs] [Times: user=0.00 sys=0.00, real=0.00 secs] 
Heap after GC invocations=420 (full 55):
 par new generation   total 6144K, used 8K [0x00000000fec00000, 0x00000000ff2a0000, 0x00000000ff2a0000)
  eden space 5504K,   0% used [0x00000000fec00000, 0x00000000fec00000, 0x00000000ff160000)
  from space 640K,   1% used [0x00000000ff160000, 0x00000000ff162040, 0x00000000ff200000)
  to   space 640K,   0% used [0x00000000ff200000, 0x00000000ff200000, 0x00000000ff2a0000)
 concurrent mark-sweep generation total 13696K, used 8369K [0x00000000ff2a0000, 0x0000000100000000, 0x0000000100000000)
 Metaspace       used 5073K, capacity 5258K, committed 5504K, reserved 1056768K
  class space    used 557K, capacity 597K, committed 640K, reserved 1048576K
}
{Heap before GC invocations=420 (full 55):
 par new generation   total 6144K, used 5237K [0x00000000fec00000, 0x00000000ff2a0000, 0x00000000ff2a0000)
  eden space 5504K,  95% used [0x00000000fec00000, 0x00000000ff11b750, 0x00000000ff160000)
  from space 640K,   1% used [0x00000000ff160000, 0x00000000ff162040, 0x00000000ff200000)
  to   space 640K,   0% used [0x00000000ff200000, 0x00000000ff200000, 0x00000000ff2a0000)
 concurrent mark-sweep generation total 13696K, used 8369K [0x00000000ff2a0000, 0x0000000100000000, 0x0000000100000000)
 Metaspace       used 5073K, capacity 5258K, committed 5504K, reserved 1056768K
  class space    used 557K, capacity 597K, committed 640K, reserved 1048576K
2024-07-16T18:26:16.484+0800: 3.288: [GC (Allocation Failure) 2024-07-16T18:26:16.484+0800: 3.288: [ParNew: 5237K->8K(6144K), 0.0004486 secs] 13607K->9401K(19840K), 0.0005079 secs] [Times: user=0.00 sys=0.00, real=0.00 secs] 
Heap after GC invocations=421 (full 55):
 par new generation   total 6144K, used 8K [0x00000000fec00000, 0x00000000ff2a0000, 0x00000000ff2a0000)
  eden space 5504K,   0% used [0x00000000fec00000, 0x00000000fec00000, 0x00000000ff160000)
  from space 640K,   1% used [0x00000000ff200000, 0x00000000ff202040, 0x00000000ff2a0000)
  to   space 640K,   0% used [0x00000000ff160000, 0x00000000ff160000, 0x00000000ff200000)
 concurrent mark-sweep generation total 13696K, used 9393K [0x00000000ff2a0000, 0x0000000100000000, 0x0000000100000000)
 Metaspace       used 5073K, capacity 5258K, committed 5504K, reserved 1056768K
  class space    used 557K, capacity 597K, committed 640K, reserved 1048576K
}
{Heap before GC invocations=421 (full 55):
 par new generation   total 6144K, used 5237K [0x00000000fec00000, 0x00000000ff2a0000, 0x00000000ff2a0000)
  eden space 5504K,  95% used [0x00000000fec00000, 0x00000000ff11b760, 0x00000000ff160000)
  from space 640K,   1% used [0x00000000ff200000, 0x00000000ff202040, 0x00000000ff2a0000)
  to   space 640K,   0% used [0x00000000ff160000, 0x00000000ff160000, 0x00000000ff200000)
 concurrent mark-sweep generation total 13696K, used 9393K [0x00000000ff2a0000, 0x0000000100000000, 0x0000000100000000)
 Metaspace       used 5073K, capacity 5258K, committed 5504K, reserved 1056768K
  class space    used 557K, capacity 597K, committed 640K, reserved 1048576K
2024-07-16T18:26:16.491+0800: 3.295: [GC (Allocation Failure) 2024-07-16T18:26:16.491+0800: 3.295: [ParNew: 5237K->8K(6144K), 0.0004584 secs] 14631K->10427K(19840K), 0.0005097 secs] [Times: user=0.00 sys=0.00, real=0.00 secs] 
Heap after GC invocations=422 (full 55):
 par new generation   total 6144K, used 8K [0x00000000fec00000, 0x00000000ff2a0000, 0x00000000ff2a0000)
  eden space 5504K,   0% used [0x00000000fec00000, 0x00000000fec00000, 0x00000000ff160000)
  from space 640K,   1% used [0x00000000ff160000, 0x00000000ff162040, 0x00000000ff200000)
  to   space 640K,   0% used [0x00000000ff200000, 0x00000000ff200000, 0x00000000ff2a0000)
 concurrent mark-sweep generation total 13696K, used 10419K [0x00000000ff2a0000, 0x0000000100000000, 0x0000000100000000)
 Metaspace       used 5073K, capacity 5258K, committed 5504K, reserved 1056768K
  class space    used 557K, capacity 597K, committed 640K, reserved 1048576K
}
{Heap before GC invocations=422 (full 55):
 par new generation   total 6144K, used 5237K [0x00000000fec00000, 0x00000000ff2a0000, 0x00000000ff2a0000)
  eden space 5504K,  95% used [0x00000000fec00000, 0x00000000ff11b768, 0x00000000ff160000)
  from space 640K,   1% used [0x00000000ff160000, 0x00000000ff162040, 0x00000000ff200000)
  to   space 640K,   0% used [0x00000000ff200000, 0x00000000ff200000, 0x00000000ff2a0000)
 concurrent mark-sweep generation total 13696K, used 10419K [0x00000000ff2a0000, 0x0000000100000000, 0x0000000100000000)
 Metaspace       used 5073K, capacity 5258K, committed 5504K, reserved 1056768K
  class space    used 557K, capacity 597K, committed 640K, reserved 1048576K
2024-07-16T18:26:16.499+0800: 3.303: [GC (Allocation Failure) 2024-07-16T18:26:16.499+0800: 3.303: [ParNew: 5237K->4K(6144K), 0.0002693 secs] 15657K->10423K(19840K), 0.0003123 secs] [Times: user=0.00 sys=0.00, real=0.00 secs] 
Heap after GC invocations=423 (full 55):
 par new generation   total 6144K, used 4K [0x00000000fec00000, 0x00000000ff2a0000, 0x00000000ff2a0000)
  eden space 5504K,   0% used [0x00000000fec00000, 0x00000000fec00000, 0x00000000ff160000)
  from space 640K,   0% used [0x00000000ff200000, 0x00000000ff201020, 0x00000000ff2a0000)
  to   space 640K,   0% used [0x00000000ff160000, 0x00000000ff160000, 0x00000000ff200000)
 concurrent mark-sweep generation total 13696K, used 10419K [0x00000000ff2a0000, 0x0000000100000000, 0x0000000100000000)
 Metaspace       used 5073K, capacity 5258K, committed 5504K, reserved 1056768K
  class space    used 557K, capacity 597K, committed 640K, reserved 1048576K
}
{Heap before GC invocations=423 (full 55):
 par new generation   total 6144K, used 5233K [0x00000000fec00000, 0x00000000ff2a0000, 0x00000000ff2a0000)
  eden space 5504K,  95% used [0x00000000fec00000, 0x00000000ff11b770, 0x00000000ff160000)
  from space 640K,   0% used [0x00000000ff200000, 0x00000000ff201020, 0x00000000ff2a0000)
  to   space 640K,   0% used [0x00000000ff160000, 0x00000000ff160000, 0x00000000ff200000)
 concurrent mark-sweep generation total 13696K, used 10419K [0x00000000ff2a0000, 0x0000000100000000, 0x0000000100000000)
 Metaspace       used 5073K, capacity 5258K, committed 5504K, reserved 1056768K
  class space    used 557K, capacity 597K, committed 640K, reserved 1048576K
2024-07-16T18:26:16.506+0800: 3.310: [GC (Allocation Failure) 2024-07-16T18:26:16.506+0800: 3.310: [ParNew: 5233K->4K(6144K), 0.0002939 secs] 15653K->10423K(19840K), 0.0003340 secs] [Times: user=0.00 sys=0.00, real=0.00 secs] 
Heap after GC invocations=424 (full 55):
 par new generation   total 6144K, used 4K [0x00000000fec00000, 0x00000000ff2a0000, 0x00000000ff2a0000)
  eden space 5504K,   0% used [0x00000000fec00000, 0x00000000fec00000, 0x00000000ff160000)
  from space 640K,   0% used [0x00000000ff160000, 0x00000000ff161020, 0x00000000ff200000)
  to   space 640K,   0% used [0x00000000ff200000, 0x00000000ff200000, 0x00000000ff2a0000)
 concurrent mark-sweep generation total 13696K, used 10419K [0x00000000ff2a0000, 0x0000000100000000, 0x0000000100000000)
 Metaspace       used 5073K, capacity 5258K, committed 5504K, reserved 1056768K
  class space    used 557K, capacity 597K, committed 640K, reserved 1048576K
}
{Heap before GC invocations=424 (full 55):
 par new generation   total 6144K, used 5233K [0x00000000fec00000, 0x00000000ff2a0000, 0x00000000ff2a0000)
  eden space 5504K,  95% used [0x00000000fec00000, 0x00000000ff11b778, 0x00000000ff160000)
  from space 640K,   0% used [0x00000000ff160000, 0x00000000ff161020, 0x00000000ff200000)
  to   space 640K,   0% used [0x00000000ff200000, 0x00000000ff200000, 0x00000000ff2a0000)
 concurrent mark-sweep generation total 13696K, used 10419K [0x00000000ff2a0000, 0x0000000100000000, 0x0000000100000000)
 Metaspace       used 5073K, capacity 5258K, committed 5504K, reserved 1056768K
  class space    used 557K, capacity 597K, committed 640K, reserved 1048576K
2024-07-16T18:26:16.514+0800: 3.318: [GC (Allocation Failure) 2024-07-16T18:26:16.514+0800: 3.318: [ParNew: 5233K->10K(6144K), 0.0005006 secs] 15653K->11453K(19840K), 0.0005486 secs] [Times: user=0.00 sys=0.00, real=0.00 secs] 
Heap after GC invocations=425 (full 55):
 par new generation   total 6144K, used 10K [0x00000000fec00000, 0x00000000ff2a0000, 0x00000000ff2a0000)
  eden space 5504K,   0% used [0x00000000fec00000, 0x00000000fec00000, 0x00000000ff160000)
  from space 640K,   1% used [0x00000000ff200000, 0x00000000ff202850, 0x00000000ff2a0000)
  to   space 640K,   0% used [0x00000000ff160000, 0x00000000ff160000, 0x00000000ff200000)
 concurrent mark-sweep generation total 13696K, used 11443K [0x00000000ff2a0000, 0x0000000100000000, 0x0000000100000000)
 Metaspace       used 5073K, capacity 5258K, committed 5504K, reserved 1056768K
  class space    used 557K, capacity 597K, committed 640K, reserved 1048576K
}
{Heap before GC invocations=425 (full 55):
 par new generation   total 6144K, used 5239K [0x00000000fec00000, 0x00000000ff2a0000, 0x00000000ff2a0000)
  eden space 5504K,  95% used [0x00000000fec00000, 0x00000000ff11b778, 0x00000000ff160000)
  from space 640K,   1% used [0x00000000ff200000, 0x00000000ff202850, 0x00000000ff2a0000)
  to   space 640K,   0% used [0x00000000ff160000, 0x00000000ff160000, 0x00000000ff200000)
 concurrent mark-sweep generation total 13696K, used 11443K [0x00000000ff2a0000, 0x0000000100000000, 0x0000000100000000)
 Metaspace       used 5073K, capacity 5258K, committed 5504K, reserved 1056768K
  class space    used 557K, capacity 597K, committed 640K, reserved 1048576K
2024-07-16T18:26:16.522+0800: 3.326: [GC (Allocation Failure) 2024-07-16T18:26:16.522+0800: 3.326: [ParNew: 5239K->10K(6144K), 0.0003093 secs] 16683K->12479K(19840K), 0.0003487 secs] [Times: user=0.00 sys=0.00, real=0.00 secs] 
Heap after GC invocations=426 (full 55):
 par new generation   total 6144K, used 10K [0x00000000fec00000, 0x00000000ff2a0000, 0x00000000ff2a0000)
  eden space 5504K,   0% used [0x00000000fec00000, 0x00000000fec00000, 0x00000000ff160000)
  from space 640K,   1% used [0x00000000ff160000, 0x00000000ff162850, 0x00000000ff200000)
  to   space 640K,   0% used [0x00000000ff200000, 0x00000000ff200000, 0x00000000ff2a0000)
 concurrent mark-sweep generation total 13696K, used 12469K [0x00000000ff2a0000, 0x0000000100000000, 0x0000000100000000)
 Metaspace       used 5073K, capacity 5258K, committed 5504K, reserved 1056768K
  class space    used 557K, capacity 597K, committed 640K, reserved 1048576K
}
{Heap before GC invocations=426 (full 55):
 par new generation   total 6144K, used 5239K [0x00000000fec00000, 0x00000000ff2a0000, 0x00000000ff2a0000)
  eden space 5504K,  95% used [0x00000000fec00000, 0x00000000ff11b778, 0x00000000ff160000)
  from space 640K,   1% used [0x00000000ff160000, 0x00000000ff162850, 0x00000000ff200000)
  to   space 640K,   0% used [0x00000000ff200000, 0x00000000ff200000, 0x00000000ff2a0000)
 concurrent mark-sweep generation total 13696K, used 12469K [0x00000000ff2a0000, 0x0000000100000000, 0x0000000100000000)
 Metaspace       used 5073K, capacity 5258K, committed 5504K, reserved 1056768K
  class space    used 557K, capacity 597K, committed 640K, reserved 1048576K
2024-07-16T18:26:16.530+0800: 3.334: [GC (Allocation Failure) 2024-07-16T18:26:16.530+0800: 3.334: [ParNew: 5239K->5239K(6144K), 0.0000113 secs]2024-07-16T18:26:16.530+0800: 3.334: [CMS2024-07-16T18:26:16.530+0800: 3.334: [CMS-concurrent-abortable-preclean: 0.001/0.087 secs] [Times: user=0.00 sys=0.00, real=0.09 secs] 
 (concurrent mode failure): 12469K->1191K(13696K), 0.0021629 secs] 17709K->1191K(19840K), [Metaspace: 5073K->5073K(1056768K)], 0.0022230 secs] [Times: user=0.00 sys=0.00, real=0.00 secs] 
Heap after GC invocations=427 (full 56):
 par new generation   total 6144K, used 0K [0x00000000fec00000, 0x00000000ff2a0000, 0x00000000ff2a0000)
  eden space 5504K,   0% used [0x00000000fec00000, 0x00000000fec00000, 0x00000000ff160000)
  from space 640K,   0% used [0x00000000ff160000, 0x00000000ff160000, 0x00000000ff200000)
  to   space 640K,   0% used [0x00000000ff200000, 0x00000000ff200000, 0x00000000ff2a0000)
 concurrent mark-sweep generation total 13696K, used 1191K [0x00000000ff2a0000, 0x0000000100000000, 0x0000000100000000)
 Metaspace       used 5073K, capacity 5258K, committed 5504K, reserved 1056768K
  class space    used 557K, capacity 597K, committed 640K, reserved 1048576K
}
{Heap before GC invocations=427 (full 56):
 par new generation   total 6144K, used 5229K [0x00000000fec00000, 0x00000000ff2a0000, 0x00000000ff2a0000)
  eden space 5504K,  95% used [0x00000000fec00000, 0x00000000ff11b778, 0x00000000ff160000)
  from space 640K,   0% used [0x00000000ff160000, 0x00000000ff160000, 0x00000000ff200000)
  to   space 640K,   0% used [0x00000000ff200000, 0x00000000ff200000, 0x00000000ff2a0000)
 concurrent mark-sweep generation total 13696K, used 1191K [0x00000000ff2a0000, 0x0000000100000000, 0x0000000100000000)
 Metaspace       used 5073K, capacity 5258K, committed 5504K, reserved 1056768K
  class space    used 557K, capacity 597K, committed 640K, reserved 1048576K
2024-07-16T18:26:16.540+0800: 3.344: [GC (Allocation Failure) 2024-07-16T18:26:16.540+0800: 3.344: [ParNew: 5229K->8K(6144K), 0.0004029 secs] 6421K->2225K(19840K), 0.0004568 secs] [Times: user=0.00 sys=0.00, real=0.00 secs] 
Heap after GC invocations=428 (full 56):
 par new generation   total 6144K, used 8K [0x00000000fec00000, 0x00000000ff2a0000, 0x00000000ff2a0000)
  eden space 5504K,   0% used [0x00000000fec00000, 0x00000000fec00000, 0x00000000ff160000)
  from space 640K,   1% used [0x00000000ff200000, 0x00000000ff202040, 0x00000000ff2a0000)
  to   space 640K,   0% used [0x00000000ff160000, 0x00000000ff160000, 0x00000000ff200000)
 concurrent mark-sweep generation total 13696K, used 2217K [0x00000000ff2a0000, 0x0000000100000000, 0x0000000100000000)
 Metaspace       used 5073K, capacity 5258K, committed 5504K, reserved 1056768K
  class space    used 557K, capacity 597K, committed 640K, reserved 1048576K
}
{Heap before GC invocations=428 (full 56):
 par new generation   total 6144K, used 5237K [0x00000000fec00000, 0x00000000ff2a0000, 0x00000000ff2a0000)
  eden space 5504K,  95% used [0x00000000fec00000, 0x00000000ff11b778, 0x00000000ff160000)
  from space 640K,   1% used [0x00000000ff200000, 0x00000000ff202040, 0x00000000ff2a0000)
  to   space 640K,   0% used [0x00000000ff160000, 0x00000000ff160000, 0x00000000ff200000)
 concurrent mark-sweep generation total 13696K, used 2217K [0x00000000ff2a0000, 0x0000000100000000, 0x0000000100000000)
 Metaspace       used 5073K, capacity 5258K, committed 5504K, reserved 1056768K
  class space    used 557K, capacity 597K, committed 640K, reserved 1048576K
2024-07-16T18:26:16.548+0800: 3.352: [GC (Allocation Failure) 2024-07-16T18:26:16.548+0800: 3.352: [ParNew: 5237K->4K(6144K), 0.0002640 secs] 7455K->2221K(19840K), 0.0003017 secs] [Times: user=0.00 sys=0.00, real=0.00 secs] 
Heap after GC invocations=429 (full 56):
 par new generation   total 6144K, used 4K [0x00000000fec00000, 0x00000000ff2a0000, 0x00000000ff2a0000)
  eden space 5504K,   0% used [0x00000000fec00000, 0x00000000fec00000, 0x00000000ff160000)
  from space 640K,   0% used [0x00000000ff160000, 0x00000000ff161020, 0x00000000ff200000)
  to   space 640K,   0% used [0x00000000ff200000, 0x00000000ff200000, 0x00000000ff2a0000)
 concurrent mark-sweep generation total 13696K, used 2217K [0x00000000ff2a0000, 0x0000000100000000, 0x0000000100000000)
 Metaspace       used 5073K, capacity 5258K, committed 5504K, reserved 1056768K
  class space    used 557K, capacity 597K, committed 640K, reserved 1048576K
}
{Heap before GC invocations=429 (full 56):
 par new generation   total 6144K, used 5233K [0x00000000fec00000, 0x00000000ff2a0000, 0x00000000ff2a0000)
  eden space 5504K,  95% used [0x00000000fec00000, 0x00000000ff11b778, 0x00000000ff160000)
  from space 640K,   0% used [0x00000000ff160000, 0x00000000ff161020, 0x00000000ff200000)
  to   space 640K,   0% used [0x00000000ff200000, 0x00000000ff200000, 0x00000000ff2a0000)
 concurrent mark-sweep generation total 13696K, used 2217K [0x00000000ff2a0000, 0x0000000100000000, 0x0000000100000000)
 Metaspace       used 5073K, capacity 5258K, committed 5504K, reserved 1056768K
  class space    used 557K, capacity 597K, committed 640K, reserved 1048576K
2024-07-16T18:26:16.555+0800: 3.359: [GC (Allocation Failure) 2024-07-16T18:26:16.555+0800: 3.359: [ParNew: 5233K->4K(6144K), 0.0002732 secs] 7451K->2221K(19840K), 0.0003160 secs] [Times: user=0.00 sys=0.00, real=0.00 secs] 
Heap after GC invocations=430 (full 56):
 par new generation   total 6144K, used 4K [0x00000000fec00000, 0x00000000ff2a0000, 0x00000000ff2a0000)
  eden space 5504K,   0% used [0x00000000fec00000, 0x00000000fec00000, 0x00000000ff160000)
  from space 640K,   0% used [0x00000000ff200000, 0x00000000ff201020, 0x00000000ff2a0000)
  to   space 640K,   0% used [0x00000000ff160000, 0x00000000ff160000, 0x00000000ff200000)
 concurrent mark-sweep generation total 13696K, used 2217K [0x00000000ff2a0000, 0x0000000100000000, 0x0000000100000000)
 Metaspace       used 5073K, capacity 5258K, committed 5504K, reserved 1056768K
  class space    used 557K, capacity 597K, committed 640K, reserved 1048576K
}
{Heap before GC invocations=430 (full 56):
 par new generation   total 6144K, used 5233K [0x00000000fec00000, 0x00000000ff2a0000, 0x00000000ff2a0000)
  eden space 5504K,  95% used [0x00000000fec00000, 0x00000000ff11b778, 0x00000000ff160000)
  from space 640K,   0% used [0x00000000ff200000, 0x00000000ff201020, 0x00000000ff2a0000)
  to   space 640K,   0% used [0x00000000ff160000, 0x00000000ff160000, 0x00000000ff200000)
 concurrent mark-sweep generation total 13696K, used 2217K [0x00000000ff2a0000, 0x0000000100000000, 0x0000000100000000)
 Metaspace       used 5073K, capacity 5258K, committed 5504K, reserved 1056768K
  class space    used 557K, capacity 597K, committed 640K, reserved 1048576K
2024-07-16T18:26:16.562+0800: 3.366: [GC (Allocation Failure) 2024-07-16T18:26:16.562+0800: 3.366: [ParNew: 5233K->10K(6144K), 0.0005340 secs] 7451K->3253K(19840K), 0.0005805 secs] [Times: user=0.00 sys=0.00, real=0.00 secs] 
Heap after GC invocations=431 (full 56):
 par new generation   total 6144K, used 10K [0x00000000fec00000, 0x00000000ff2a0000, 0x00000000ff2a0000)
  eden space 5504K,   0% used [0x00000000fec00000, 0x00000000fec00000, 0x00000000ff160000)
  from space 640K,   1% used [0x00000000ff160000, 0x00000000ff162850, 0x00000000ff200000)
  to   space 640K,   0% used [0x00000000ff200000, 0x00000000ff200000, 0x00000000ff2a0000)
 concurrent mark-sweep generation total 13696K, used 3243K [0x00000000ff2a0000, 0x0000000100000000, 0x0000000100000000)
 Metaspace       used 5073K, capacity 5258K, committed 5504K, reserved 1056768K
  class space    used 557K, capacity 597K, committed 640K, reserved 1048576K
}
{Heap before GC invocations=431 (full 56):
 par new generation   total 6144K, used 5239K [0x00000000fec00000, 0x00000000ff2a0000, 0x00000000ff2a0000)
  eden space 5504K,  95% used [0x00000000fec00000, 0x00000000ff11b778, 0x00000000ff160000)
  from space 640K,   1% used [0x00000000ff160000, 0x00000000ff162850, 0x00000000ff200000)
  to   space 640K,   0% used [0x00000000ff200000, 0x00000000ff200000, 0x00000000ff2a0000)
 concurrent mark-sweep generation total 13696K, used 3243K [0x00000000ff2a0000, 0x0000000100000000, 0x0000000100000000)
 Metaspace       used 5073K, capacity 5258K, committed 5504K, reserved 1056768K
  class space    used 557K, capacity 597K, committed 640K, reserved 1048576K
2024-07-16T18:26:16.569+0800: 3.373: [GC (Allocation Failure) 2024-07-16T18:26:16.569+0800: 3.373: [ParNew: 5239K->4K(6144K), 0.0002599 secs] 8483K->3247K(19840K), 0.0002977 secs] [Times: user=0.00 sys=0.00, real=0.00 secs] 
Heap after GC invocations=432 (full 56):
 par new generation   total 6144K, used 4K [0x00000000fec00000, 0x00000000ff2a0000, 0x00000000ff2a0000)
  eden space 5504K,   0% used [0x00000000fec00000, 0x00000000fec00000, 0x00000000ff160000)
  from space 640K,   0% used [0x00000000ff200000, 0x00000000ff201020, 0x00000000ff2a0000)
  to   space 640K,   0% used [0x00000000ff160000, 0x00000000ff160000, 0x00000000ff200000)
 concurrent mark-sweep generation total 13696K, used 3243K [0x00000000ff2a0000, 0x0000000100000000, 0x0000000100000000)
 Metaspace       used 5073K, capacity 5258K, committed 5504K, reserved 1056768K
  class space    used 557K, capacity 597K, committed 640K, reserved 1048576K
}
{Heap before GC invocations=432 (full 56):
 par new generation   total 6144K, used 5233K [0x00000000fec00000, 0x00000000ff2a0000, 0x00000000ff2a0000)
  eden space 5504K,  95% used [0x00000000fec00000, 0x00000000ff11b778, 0x00000000ff160000)
  from space 640K,   0% used [0x00000000ff200000, 0x00000000ff201020, 0x00000000ff2a0000)
  to   space 640K,   0% used [0x00000000ff160000, 0x00000000ff160000, 0x00000000ff200000)
 concurrent mark-sweep generation total 13696K, used 3243K [0x00000000ff2a0000, 0x0000000100000000, 0x0000000100000000)
 Metaspace       used 5073K, capacity 5258K, committed 5504K, reserved 1056768K
  class space    used 557K, capacity 597K, committed 640K, reserved 1048576K
2024-07-16T18:26:16.576+0800: 3.380: [GC (Allocation Failure) 2024-07-16T18:26:16.576+0800: 3.380: [ParNew: 5233K->10K(6144K), 0.0003834 secs] 8477K->4279K(19840K), 0.0004279 secs] [Times: user=0.00 sys=0.00, real=0.00 secs] 
Heap after GC invocations=433 (full 56):
 par new generation   total 6144K, used 10K [0x00000000fec00000, 0x00000000ff2a0000, 0x00000000ff2a0000)
  eden space 5504K,   0% used [0x00000000fec00000, 0x00000000fec00000, 0x00000000ff160000)
  from space 640K,   1% used [0x00000000ff160000, 0x00000000ff162850, 0x00000000ff200000)
  to   space 640K,   0% used [0x00000000ff200000, 0x00000000ff200000, 0x00000000ff2a0000)
 concurrent mark-sweep generation total 13696K, used 4269K [0x00000000ff2a0000, 0x0000000100000000, 0x0000000100000000)
 Metaspace       used 5073K, capacity 5258K, committed 5504K, reserved 1056768K
  class space    used 557K, capacity 597K, committed 640K, reserved 1048576K
}
{Heap before GC invocations=433 (full 56):
 par new generation   total 6144K, used 5239K [0x00000000fec00000, 0x00000000ff2a0000, 0x00000000ff2a0000)
  eden space 5504K,  95% used [0x00000000fec00000, 0x00000000ff11b780, 0x00000000ff160000)
  from space 640K,   1% used [0x00000000ff160000, 0x00000000ff162850, 0x00000000ff200000)
  to   space 640K,   0% used [0x00000000ff200000, 0x00000000ff200000, 0x00000000ff2a0000)
 concurrent mark-sweep generation total 13696K, used 4269K [0x00000000ff2a0000, 0x0000000100000000, 0x0000000100000000)
 Metaspace       used 5073K, capacity 5258K, committed 5504K, reserved 1056768K
  class space    used 557K, capacity 597K, committed 640K, reserved 1048576K
2024-07-16T18:26:16.583+0800: 3.387: [GC (Allocation Failure) 2024-07-16T18:26:16.583+0800: 3.387: [ParNew: 5239K->8K(6144K), 0.0006011 secs] 9509K->5301K(19840K), 0.0006807 secs] [Times: user=0.00 sys=0.00, real=0.00 secs] 
Heap after GC invocations=434 (full 56):
 par new generation   total 6144K, used 8K [0x00000000fec00000, 0x00000000ff2a0000, 0x00000000ff2a0000)
  eden space 5504K,   0% used [0x00000000fec00000, 0x00000000fec00000, 0x00000000ff160000)
  from space 640K,   1% used [0x00000000ff200000, 0x00000000ff202040, 0x00000000ff2a0000)
  to   space 640K,   0% used [0x00000000ff160000, 0x00000000ff160000, 0x00000000ff200000)
 concurrent mark-sweep generation total 13696K, used 5293K [0x00000000ff2a0000, 0x0000000100000000, 0x0000000100000000)
 Metaspace       used 5073K, capacity 5258K, committed 5504K, reserved 1056768K
  class space    used 557K, capacity 597K, committed 640K, reserved 1048576K
}
2024-07-16T18:26:16.584+0800: 3.388: [GC (CMS Initial Mark) [1 CMS-initial-mark: 5293K(13696K)] 6325K(19840K), 0.0001419 secs] [Times: user=0.00 sys=0.00, real=0.00 secs] 
2024-07-16T18:26:16.584+0800: 3.388: [CMS-concurrent-mark-start]
2024-07-16T18:26:16.586+0800: 3.391: [CMS-concurrent-mark: 0.002/0.002 secs] [Times: user=0.00 sys=0.00, real=0.00 secs] 
2024-07-16T18:26:16.586+0800: 3.391: [CMS-concurrent-preclean-start]
2024-07-16T18:26:16.586+0800: 3.391: [CMS-concurrent-preclean: 0.000/0.000 secs] [Times: user=0.00 sys=0.00, real=0.00 secs] 
2024-07-16T18:26:16.586+0800: 3.391: [CMS-concurrent-abortable-preclean-start]
{Heap before GC invocations=434 (full 57):
 par new generation   total 6144K, used 5237K [0x00000000fec00000, 0x00000000ff2a0000, 0x00000000ff2a0000)
  eden space 5504K,  95% used [0x00000000fec00000, 0x00000000ff11b780, 0x00000000ff160000)
  from space 640K,   1% used [0x00000000ff200000, 0x00000000ff202040, 0x00000000ff2a0000)
  to   space 640K,   0% used [0x00000000ff160000, 0x00000000ff160000, 0x00000000ff200000)
 concurrent mark-sweep generation total 13696K, used 5293K [0x00000000ff2a0000, 0x0000000100000000, 0x0000000100000000)
 Metaspace       used 5073K, capacity 5258K, committed 5504K, reserved 1056768K
  class space    used 557K, capacity 597K, committed 640K, reserved 1048576K
2024-07-16T18:26:16.593+0800: 3.397: [GC (Allocation Failure) 2024-07-16T18:26:16.593+0800: 3.397: [ParNew: 5237K->4K(6144K), 0.0003191 secs] 10531K->5297K(19840K), 0.0003698 secs] [Times: user=0.00 sys=0.00, real=0.00 secs] 
Heap after GC invocations=435 (full 57):
 par new generation   total 6144K, used 4K [0x00000000fec00000, 0x00000000ff2a0000, 0x00000000ff2a0000)
  eden space 5504K,   0% used [0x00000000fec00000, 0x00000000fec00000, 0x00000000ff160000)
  from space 640K,   0% used [0x00000000ff160000, 0x00000000ff161020, 0x00000000ff200000)
  to   space 640K,   0% used [0x00000000ff200000, 0x00000000ff200000, 0x00000000ff2a0000)
 concurrent mark-sweep generation total 13696K, used 5293K [0x00000000ff2a0000, 0x0000000100000000, 0x0000000100000000)
 Metaspace       used 5073K, capacity 5258K, committed 5504K, reserved 1056768K
  class space    used 557K, capacity 597K, committed 640K, reserved 1048576K
}
{Heap before GC invocations=435 (full 57):
 par new generation   total 6144K, used 5233K [0x00000000fec00000, 0x00000000ff2a0000, 0x00000000ff2a0000)
  eden space 5504K,  95% used [0x00000000fec00000, 0x00000000ff11b780, 0x00000000ff160000)
  from space 640K,   0% used [0x00000000ff160000, 0x00000000ff161020, 0x00000000ff200000)
  to   space 640K,   0% used [0x00000000ff200000, 0x00000000ff200000, 0x00000000ff2a0000)
 concurrent mark-sweep generation total 13696K, used 5293K [0x00000000ff2a0000, 0x0000000100000000, 0x0000000100000000)
 Metaspace       used 5073K, capacity 5258K, committed 5504K, reserved 1056768K
  class space    used 557K, capacity 597K, committed 640K, reserved 1048576K
2024-07-16T18:26:16.600+0800: 3.404: [GC (Allocation Failure) 2024-07-16T18:26:16.600+0800: 3.404: [ParNew: 5233K->8K(6144K), 0.0008154 secs] 10527K->6327K(19840K), 0.0009009 secs] [Times: user=0.00 sys=0.00, real=0.00 secs] 
Heap after GC invocations=436 (full 57):
 par new generation   total 6144K, used 8K [0x00000000fec00000, 0x00000000ff2a0000, 0x00000000ff2a0000)
  eden space 5504K,   0% used [0x00000000fec00000, 0x00000000fec00000, 0x00000000ff160000)
  from space 640K,   1% used [0x00000000ff200000, 0x00000000ff202040, 0x00000000ff2a0000)
  to   space 640K,   0% used [0x00000000ff160000, 0x00000000ff160000, 0x00000000ff200000)
 concurrent mark-sweep generation total 13696K, used 6319K [0x00000000ff2a0000, 0x0000000100000000, 0x0000000100000000)
 Metaspace       used 5073K, capacity 5258K, committed 5504K, reserved 1056768K
  class space    used 557K, capacity 597K, committed 640K, reserved 1048576K
}
{Heap before GC invocations=436 (full 57):
 par new generation   total 6144K, used 5237K [0x00000000fec00000, 0x00000000ff2a0000, 0x00000000ff2a0000)
  eden space 5504K,  95% used [0x00000000fec00000, 0x00000000ff11b780, 0x00000000ff160000)
  from space 640K,   1% used [0x00000000ff200000, 0x00000000ff202040, 0x00000000ff2a0000)
  to   space 640K,   0% used [0x00000000ff160000, 0x00000000ff160000, 0x00000000ff200000)
 concurrent mark-sweep generation total 13696K, used 6319K [0x00000000ff2a0000, 0x0000000100000000, 0x0000000100000000)
 Metaspace       used 5073K, capacity 5258K, committed 5504K, reserved 1056768K
  class space    used 557K, capacity 597K, committed 640K, reserved 1048576K
2024-07-16T18:26:16.608+0800: 3.412: [GC (Allocation Failure) 2024-07-16T18:26:16.608+0800: 3.412: [ParNew: 5237K->6K(6144K), 0.0007518 secs] 11557K->7351K(19840K), 0.0008193 secs] [Times: user=0.00 sys=0.00, real=0.00 secs] 
Heap after GC invocations=437 (full 57):
 par new generation   total 6144K, used 6K [0x00000000fec00000, 0x00000000ff2a0000, 0x00000000ff2a0000)
  eden space 5504K,   0% used [0x00000000fec00000, 0x00000000fec00000, 0x00000000ff160000)
  from space 640K,   0% used [0x00000000ff160000, 0x00000000ff161830, 0x00000000ff200000)
  to   space 640K,   0% used [0x00000000ff200000, 0x00000000ff200000, 0x00000000ff2a0000)
 concurrent mark-sweep generation total 13696K, used 7345K [0x00000000ff2a0000, 0x0000000100000000, 0x0000000100000000)
 Metaspace       used 5073K, capacity 5258K, committed 5504K, reserved 1056768K
  class space    used 557K, capacity 597K, committed 640K, reserved 1048576K
}
{Heap before GC invocations=437 (full 57):
 par new generation   total 6144K, used 5235K [0x00000000fec00000, 0x00000000ff2a0000, 0x00000000ff2a0000)
  eden space 5504K,  95% used [0x00000000fec00000, 0x00000000ff11b780, 0x00000000ff160000)
  from space 640K,   0% used [0x00000000ff160000, 0x00000000ff161830, 0x00000000ff200000)
  to   space 640K,   0% used [0x00000000ff200000, 0x00000000ff200000, 0x00000000ff2a0000)
 concurrent mark-sweep generation total 13696K, used 7345K [0x00000000ff2a0000, 0x0000000100000000, 0x0000000100000000)
 Metaspace       used 5073K, capacity 5258K, committed 5504K, reserved 1056768K
  class space    used 557K, capacity 597K, committed 640K, reserved 1048576K
2024-07-16T18:26:16.617+0800: 3.421: [GC (Allocation Failure) 2024-07-16T18:26:16.617+0800: 3.421: [ParNew: 5235K->4K(6144K), 0.0008950 secs] 12581K->7349K(19840K), 0.0009865 secs] [Times: user=0.00 sys=0.00, real=0.00 secs] 
Heap after GC invocations=438 (full 57):
 par new generation   total 6144K, used 4K [0x00000000fec00000, 0x00000000ff2a0000, 0x00000000ff2a0000)
  eden space 5504K,   0% used [0x00000000fec00000, 0x00000000fec00000, 0x00000000ff160000)
  from space 640K,   0% used [0x00000000ff200000, 0x00000000ff201020, 0x00000000ff2a0000)
  to   space 640K,   0% used [0x00000000ff160000, 0x00000000ff160000, 0x00000000ff200000)
 concurrent mark-sweep generation total 13696K, used 7345K [0x00000000ff2a0000, 0x0000000100000000, 0x0000000100000000)
 Metaspace       used 5073K, capacity 5258K, committed 5504K, reserved 1056768K
  class space    used 557K, capacity 597K, committed 640K, reserved 1048576K
}
{Heap before GC invocations=438 (full 57):
 par new generation   total 6144K, used 5233K [0x00000000fec00000, 0x00000000ff2a0000, 0x00000000ff2a0000)
  eden space 5504K,  95% used [0x00000000fec00000, 0x00000000ff11b780, 0x00000000ff160000)
  from space 640K,   0% used [0x00000000ff200000, 0x00000000ff201020, 0x00000000ff2a0000)
  to   space 640K,   0% used [0x00000000ff160000, 0x00000000ff160000, 0x00000000ff200000)
 concurrent mark-sweep generation total 13696K, used 7345K [0x00000000ff2a0000, 0x0000000100000000, 0x0000000100000000)
 Metaspace       used 5073K, capacity 5258K, committed 5504K, reserved 1056768K
  class space    used 557K, capacity 597K, committed 640K, reserved 1048576K
2024-07-16T18:26:16.625+0800: 3.429: [GC (Allocation Failure) 2024-07-16T18:26:16.625+0800: 3.429: [ParNew: 5233K->8K(6144K), 0.0008125 secs] 12579K->8377K(19840K), 0.0008921 secs] [Times: user=0.00 sys=0.00, real=0.00 secs] 
Heap after GC invocations=439 (full 57):
 par new generation   total 6144K, used 8K [0x00000000fec00000, 0x00000000ff2a0000, 0x00000000ff2a0000)
  eden space 5504K,   0% used [0x00000000fec00000, 0x00000000fec00000, 0x00000000ff160000)
  from space 640K,   1% used [0x00000000ff160000, 0x00000000ff162040, 0x00000000ff200000)
  to   space 640K,   0% used [0x00000000ff200000, 0x00000000ff200000, 0x00000000ff2a0000)
 concurrent mark-sweep generation total 13696K, used 8369K [0x00000000ff2a0000, 0x0000000100000000, 0x0000000100000000)
 Metaspace       used 5073K, capacity 5258K, committed 5504K, reserved 1056768K
  class space    used 557K, capacity 597K, committed 640K, reserved 1048576K
}
{Heap before GC invocations=439 (full 57):
 par new generation   total 6144K, used 5237K [0x00000000fec00000, 0x00000000ff2a0000, 0x00000000ff2a0000)
  eden space 5504K,  95% used [0x00000000fec00000, 0x00000000ff11b780, 0x00000000ff160000)
  from space 640K,   1% used [0x00000000ff160000, 0x00000000ff162040, 0x00000000ff200000)
  to   space 640K,   0% used [0x00000000ff200000, 0x00000000ff200000, 0x00000000ff2a0000)
 concurrent mark-sweep generation total 13696K, used 8369K [0x00000000ff2a0000, 0x0000000100000000, 0x0000000100000000)
 Metaspace       used 5073K, capacity 5258K, committed 5504K, reserved 1056768K
  class space    used 557K, capacity 597K, committed 640K, reserved 1048576K
2024-07-16T18:26:16.634+0800: 3.438: [GC (Allocation Failure) 2024-07-16T18:26:16.634+0800: 3.438: [ParNew: 5237K->6K(6144K), 0.0007721 secs] 13607K->9401K(19840K), 0.0008758 secs] [Times: user=0.00 sys=0.00, real=0.00 secs] 
Heap after GC invocations=440 (full 57):
 par new generation   total 6144K, used 6K [0x00000000fec00000, 0x00000000ff2a0000, 0x00000000ff2a0000)
  eden space 5504K,   0% used [0x00000000fec00000, 0x00000000fec00000, 0x00000000ff160000)
  from space 640K,   0% used [0x00000000ff200000, 0x00000000ff201830, 0x00000000ff2a0000)
  to   space 640K,   0% used [0x00000000ff160000, 0x00000000ff160000, 0x00000000ff200000)
 concurrent mark-sweep generation total 13696K, used 9395K [0x00000000ff2a0000, 0x0000000100000000, 0x0000000100000000)
 Metaspace       used 5073K, capacity 5258K, committed 5504K, reserved 1056768K
  class space    used 557K, capacity 597K, committed 640K, reserved 1048576K
}
{Heap before GC invocations=440 (full 57):
 par new generation   total 6144K, used 5235K [0x00000000fec00000, 0x00000000ff2a0000, 0x00000000ff2a0000)
  eden space 5504K,  95% used [0x00000000fec00000, 0x00000000ff11b780, 0x00000000ff160000)
  from space 640K,   0% used [0x00000000ff200000, 0x00000000ff201830, 0x00000000ff2a0000)
  to   space 640K,   0% used [0x00000000ff160000, 0x00000000ff160000, 0x00000000ff200000)
 concurrent mark-sweep generation total 13696K, used 9395K [0x00000000ff2a0000, 0x0000000100000000, 0x0000000100000000)
 Metaspace       used 5073K, capacity 5258K, committed 5504K, reserved 1056768K
  class space    used 557K, capacity 597K, committed 640K, reserved 1048576K
2024-07-16T18:26:16.642+0800: 3.446: [GC (Allocation Failure) 2024-07-16T18:26:16.642+0800: 3.446: [ParNew: 5235K->4K(6144K), 0.0012801 secs] 14631K->9399K(19840K), 0.0014085 secs] [Times: user=0.14 sys=0.00, real=0.00 secs] 
Heap after GC invocations=441 (full 57):
 par new generation   total 6144K, used 4K [0x00000000fec00000, 0x00000000ff2a0000, 0x00000000ff2a0000)
  eden space 5504K,   0% used [0x00000000fec00000, 0x00000000fec00000, 0x00000000ff160000)
  from space 640K,   0% used [0x00000000ff160000, 0x00000000ff161020, 0x00000000ff200000)
  to   space 640K,   0% used [0x00000000ff200000, 0x00000000ff200000, 0x00000000ff2a0000)
 concurrent mark-sweep generation total 13696K, used 9395K [0x00000000ff2a0000, 0x0000000100000000, 0x0000000100000000)
 Metaspace       used 5073K, capacity 5258K, committed 5504K, reserved 1056768K
  class space    used 557K, capacity 597K, committed 640K, reserved 1048576K
}
{Heap before GC invocations=441 (full 57):
 par new generation   total 6144K, used 5233K [0x00000000fec00000, 0x00000000ff2a0000, 0x00000000ff2a0000)
  eden space 5504K,  95% used [0x00000000fec00000, 0x00000000ff11b780, 0x00000000ff160000)
  from space 640K,   0% used [0x00000000ff160000, 0x00000000ff161020, 0x00000000ff200000)
  to   space 640K,   0% used [0x00000000ff200000, 0x00000000ff200000, 0x00000000ff2a0000)
 concurrent mark-sweep generation total 13696K, used 9395K [0x00000000ff2a0000, 0x0000000100000000, 0x0000000100000000)
 Metaspace       used 5073K, capacity 5258K, committed 5504K, reserved 1056768K
  class space    used 557K, capacity 597K, committed 640K, reserved 1048576K
2024-07-16T18:26:16.651+0800: 3.455: [GC (Allocation Failure) 2024-07-16T18:26:16.651+0800: 3.455: [ParNew: 5233K->4K(6144K), 0.0005119 secs] 14629K->9399K(19840K), 0.0006103 secs] [Times: user=0.00 sys=0.00, real=0.00 secs] 
Heap after GC invocations=442 (full 57):
 par new generation   total 6144K, used 4K [0x00000000fec00000, 0x00000000ff2a0000, 0x00000000ff2a0000)
  eden space 5504K,   0% used [0x00000000fec00000, 0x00000000fec00000, 0x00000000ff160000)
  from space 640K,   0% used [0x00000000ff200000, 0x00000000ff201020, 0x00000000ff2a0000)
  to   space 640K,   0% used [0x00000000ff160000, 0x00000000ff160000, 0x00000000ff200000)
 concurrent mark-sweep generation total 13696K, used 9395K [0x00000000ff2a0000, 0x0000000100000000, 0x0000000100000000)
 Metaspace       used 5073K, capacity 5258K, committed 5504K, reserved 1056768K
  class space    used 557K, capacity 597K, committed 640K, reserved 1048576K
}
{Heap before GC invocations=442 (full 57):
 par new generation   total 6144K, used 5233K [0x00000000fec00000, 0x00000000ff2a0000, 0x00000000ff2a0000)
  eden space 5504K,  95% used [0x00000000fec00000, 0x00000000ff11b780, 0x00000000ff160000)
  from space 640K,   0% used [0x00000000ff200000, 0x00000000ff201020, 0x00000000ff2a0000)
  to   space 640K,   0% used [0x00000000ff160000, 0x00000000ff160000, 0x00000000ff200000)
 concurrent mark-sweep generation total 13696K, used 9395K [0x00000000ff2a0000, 0x0000000100000000, 0x0000000100000000)
 Metaspace       used 5073K, capacity 5258K, committed 5504K, reserved 1056768K
  class space    used 557K, capacity 597K, committed 640K, reserved 1048576K
2024-07-16T18:26:16.659+0800: 3.463: [GC (Allocation Failure) 2024-07-16T18:26:16.659+0800: 3.463: [ParNew: 5233K->4K(6144K), 0.0004674 secs] 14629K->9399K(19840K), 0.0005495 secs] [Times: user=0.00 sys=0.00, real=0.00 secs] 
Heap after GC invocations=443 (full 57):
 par new generation   total 6144K, used 4K [0x00000000fec00000, 0x00000000ff2a0000, 0x00000000ff2a0000)
  eden space 5504K,   0% used [0x00000000fec00000, 0x00000000fec00000, 0x00000000ff160000)
  from space 640K,   0% used [0x00000000ff160000, 0x00000000ff161020, 0x00000000ff200000)
  to   space 640K,   0% used [0x00000000ff200000, 0x00000000ff200000, 0x00000000ff2a0000)
 concurrent mark-sweep generation total 13696K, used 9395K [0x00000000ff2a0000, 0x0000000100000000, 0x0000000100000000)
 Metaspace       used 5073K, capacity 5258K, committed 5504K, reserved 1056768K
  class space    used 557K, capacity 597K, committed 640K, reserved 1048576K
}
{Heap before GC invocations=443 (full 57):
 par new generation   total 6144K, used 5233K [0x00000000fec00000, 0x00000000ff2a0000, 0x00000000ff2a0000)
  eden space 5504K,  95% used [0x00000000fec00000, 0x00000000ff11b780, 0x00000000ff160000)
  from space 640K,   0% used [0x00000000ff160000, 0x00000000ff161020, 0x00000000ff200000)
  to   space 640K,   0% used [0x00000000ff200000, 0x00000000ff200000, 0x00000000ff2a0000)
 concurrent mark-sweep generation total 13696K, used 9395K [0x00000000ff2a0000, 0x0000000100000000, 0x0000000100000000)
 Metaspace       used 5073K, capacity 5258K, committed 5504K, reserved 1056768K
  class space    used 557K, capacity 597K, committed 640K, reserved 1048576K
2024-07-16T18:26:16.669+0800: 3.473: [GC (Allocation Failure) 2024-07-16T18:26:16.669+0800: 3.473: [ParNew: 5233K->4K(6144K), 0.0002786 secs] 14629K->9399K(19840K), 0.0003284 secs] [Times: user=0.00 sys=0.00, real=0.00 secs] 
Heap after GC invocations=444 (full 57):
 par new generation   total 6144K, used 4K [0x00000000fec00000, 0x00000000ff2a0000, 0x00000000ff2a0000)
  eden space 5504K,   0% used [0x00000000fec00000, 0x00000000fec00000, 0x00000000ff160000)
  from space 640K,   0% used [0x00000000ff200000, 0x00000000ff201020, 0x00000000ff2a0000)
  to   space 640K,   0% used [0x00000000ff160000, 0x00000000ff160000, 0x00000000ff200000)
 concurrent mark-sweep generation total 13696K, used 9395K [0x00000000ff2a0000, 0x0000000100000000, 0x0000000100000000)
 Metaspace       used 5073K, capacity 5258K, committed 5504K, reserved 1056768K
  class space    used 557K, capacity 597K, committed 640K, reserved 1048576K
}
{Heap before GC invocations=444 (full 57):
 par new generation   total 6144K, used 5233K [0x00000000fec00000, 0x00000000ff2a0000, 0x00000000ff2a0000)
  eden space 5504K,  95% used [0x00000000fec00000, 0x00000000ff11b780, 0x00000000ff160000)
  from space 640K,   0% used [0x00000000ff200000, 0x00000000ff201020, 0x00000000ff2a0000)
  to   space 640K,   0% used [0x00000000ff160000, 0x00000000ff160000, 0x00000000ff200000)
 concurrent mark-sweep generation total 13696K, used 9395K [0x00000000ff2a0000, 0x0000000100000000, 0x0000000100000000)
 Metaspace       used 5073K, capacity 5258K, committed 5504K, reserved 1056768K
  class space    used 557K, capacity 597K, committed 640K, reserved 1048576K
2024-07-16T18:26:16.677+0800: 3.481: [GC (Allocation Failure) 2024-07-16T18:26:16.677+0800: 3.481: [ParNew: 5233K->4K(6144K), 0.0003016 secs] 14629K->9399K(19840K), 0.0003644 secs] [Times: user=0.00 sys=0.00, real=0.00 secs] 
Heap after GC invocations=445 (full 57):
 par new generation   total 6144K, used 4K [0x00000000fec00000, 0x00000000ff2a0000, 0x00000000ff2a0000)
  eden space 5504K,   0% used [0x00000000fec00000, 0x00000000fec00000, 0x00000000ff160000)
  from space 640K,   0% used [0x00000000ff160000, 0x00000000ff161020, 0x00000000ff200000)
  to   space 640K,   0% used [0x00000000ff200000, 0x00000000ff200000, 0x00000000ff2a0000)
 concurrent mark-sweep generation total 13696K, used 9395K [0x00000000ff2a0000, 0x0000000100000000, 0x0000000100000000)
 Metaspace       used 5073K, capacity 5258K, committed 5504K, reserved 1056768K
  class space    used 557K, capacity 597K, committed 640K, reserved 1048576K
}
{Heap before GC invocations=445 (full 57):
 par new generation   total 6144K, used 5233K [0x00000000fec00000, 0x00000000ff2a0000, 0x00000000ff2a0000)
  eden space 5504K,  95% used [0x00000000fec00000, 0x00000000ff11b780, 0x00000000ff160000)
  from space 640K,   0% used [0x00000000ff160000, 0x00000000ff161020, 0x00000000ff200000)
  to   space 640K,   0% used [0x00000000ff200000, 0x00000000ff200000, 0x00000000ff2a0000)
 concurrent mark-sweep generation total 13696K, used 9395K [0x00000000ff2a0000, 0x0000000100000000, 0x0000000100000000)
 Metaspace       used 5073K, capacity 5258K, committed 5504K, reserved 1056768K
  class space    used 557K, capacity 597K, committed 640K, reserved 1048576K
2024-07-16T18:26:16.683+0800: 3.487: [GC (Allocation Failure) 2024-07-16T18:26:16.683+0800: 3.487: [ParNew: 5233K->4K(6144K), 0.0002671 secs] 14629K->9399K(19840K), 0.0003148 secs] [Times: user=0.00 sys=0.00, real=0.00 secs] 
Heap after GC invocations=446 (full 57):
 par new generation   total 6144K, used 4K [0x00000000fec00000, 0x00000000ff2a0000, 0x00000000ff2a0000)
  eden space 5504K,   0% used [0x00000000fec00000, 0x00000000fec00000, 0x00000000ff160000)
  from space 640K,   0% used [0x00000000ff200000, 0x00000000ff201020, 0x00000000ff2a0000)
  to   space 640K,   0% used [0x00000000ff160000, 0x00000000ff160000, 0x00000000ff200000)
 concurrent mark-sweep generation total 13696K, used 9395K [0x00000000ff2a0000, 0x0000000100000000, 0x0000000100000000)
 Metaspace       used 5073K, capacity 5258K, committed 5504K, reserved 1056768K
  class space    used 557K, capacity 597K, committed 640K, reserved 1048576K
}
{Heap before GC invocations=446 (full 57):
 par new generation   total 6144K, used 5233K [0x00000000fec00000, 0x00000000ff2a0000, 0x00000000ff2a0000)
  eden space 5504K,  95% used [0x00000000fec00000, 0x00000000ff11b780, 0x00000000ff160000)
  from space 640K,   0% used [0x00000000ff200000, 0x00000000ff201020, 0x00000000ff2a0000)
  to   space 640K,   0% used [0x00000000ff160000, 0x00000000ff160000, 0x00000000ff200000)
 concurrent mark-sweep generation total 13696K, used 9395K [0x00000000ff2a0000, 0x0000000100000000, 0x0000000100000000)
 Metaspace       used 5073K, capacity 5258K, committed 5504K, reserved 1056768K
  class space    used 557K, capacity 597K, committed 640K, reserved 1048576K
2024-07-16T18:26:16.691+0800: 3.495: [GC (Allocation Failure) 2024-07-16T18:26:16.691+0800: 3.495: [ParNew: 5233K->4K(6144K), 0.0003144 secs] 14629K->9399K(19840K), 0.0003739 secs] [Times: user=0.00 sys=0.00, real=0.00 secs] 
Heap after GC invocations=447 (full 57):
 par new generation   total 6144K, used 4K [0x00000000fec00000, 0x00000000ff2a0000, 0x00000000ff2a0000)
  eden space 5504K,   0% used [0x00000000fec00000, 0x00000000fec00000, 0x00000000ff160000)
  from space 640K,   0% used [0x00000000ff160000, 0x00000000ff161020, 0x00000000ff200000)
  to   space 640K,   0% used [0x00000000ff200000, 0x00000000ff200000, 0x00000000ff2a0000)
 concurrent mark-sweep generation total 13696K, used 9395K [0x00000000ff2a0000, 0x0000000100000000, 0x0000000100000000)
 Metaspace       used 5073K, capacity 5258K, committed 5504K, reserved 1056768K
  class space    used 557K, capacity 597K, committed 640K, reserved 1048576K
}
{Heap before GC invocations=447 (full 57):
 par new generation   total 6144K, used 5233K [0x00000000fec00000, 0x00000000ff2a0000, 0x00000000ff2a0000)
  eden space 5504K,  95% used [0x00000000fec00000, 0x00000000ff11b780, 0x00000000ff160000)
  from space 640K,   0% used [0x00000000ff160000, 0x00000000ff161020, 0x00000000ff200000)
  to   space 640K,   0% used [0x00000000ff200000, 0x00000000ff200000, 0x00000000ff2a0000)
 concurrent mark-sweep generation total 13696K, used 9395K [0x00000000ff2a0000, 0x0000000100000000, 0x0000000100000000)
 Metaspace       used 5073K, capacity 5258K, committed 5504K, reserved 1056768K
  class space    used 557K, capacity 597K, committed 640K, reserved 1048576K
2024-07-16T18:26:16.699+0800: 3.503: [GC (Allocation Failure) 2024-07-16T18:26:16.699+0800: 3.503: [ParNew: 5233K->4K(6144K), 0.0003006 secs] 14629K->9399K(19840K), 0.0003472 secs] [Times: user=0.00 sys=0.00, real=0.00 secs] 
Heap after GC invocations=448 (full 57):
 par new generation   total 6144K, used 4K [0x00000000fec00000, 0x00000000ff2a0000, 0x00000000ff2a0000)
  eden space 5504K,   0% used [0x00000000fec00000, 0x00000000fec00000, 0x00000000ff160000)
  from space 640K,   0% used [0x00000000ff200000, 0x00000000ff201020, 0x00000000ff2a0000)
  to   space 640K,   0% used [0x00000000ff160000, 0x00000000ff160000, 0x00000000ff200000)
 concurrent mark-sweep generation total 13696K, used 9395K [0x00000000ff2a0000, 0x0000000100000000, 0x0000000100000000)
 Metaspace       used 5073K, capacity 5258K, committed 5504K, reserved 1056768K
  class space    used 557K, capacity 597K, committed 640K, reserved 1048576K
}
{Heap before GC invocations=448 (full 57):
 par new generation   total 6144K, used 5233K [0x00000000fec00000, 0x00000000ff2a0000, 0x00000000ff2a0000)
  eden space 5504K,  95% used [0x00000000fec00000, 0x00000000ff11b780, 0x00000000ff160000)
  from space 640K,   0% used [0x00000000ff200000, 0x00000000ff201020, 0x00000000ff2a0000)
  to   space 640K,   0% used [0x00000000ff160000, 0x00000000ff160000, 0x00000000ff200000)
 concurrent mark-sweep generation total 13696K, used 9395K [0x00000000ff2a0000, 0x0000000100000000, 0x0000000100000000)
 Metaspace       used 5073K, capacity 5258K, committed 5504K, reserved 1056768K
  class space    used 557K, capacity 597K, committed 640K, reserved 1048576K
2024-07-16T18:26:16.707+0800: 3.510: [GC (Allocation Failure) 2024-07-16T18:26:16.707+0800: 3.511: [ParNew: 5233K->4K(6144K), 0.0002881 secs] 14629K->9399K(19840K), 0.0003404 secs] [Times: user=0.00 sys=0.00, real=0.00 secs] 
Heap after GC invocations=449 (full 57):
 par new generation   total 6144K, used 4K [0x00000000fec00000, 0x00000000ff2a0000, 0x00000000ff2a0000)
  eden space 5504K,   0% used [0x00000000fec00000, 0x00000000fec00000, 0x00000000ff160000)
  from space 640K,   0% used [0x00000000ff160000, 0x00000000ff161020, 0x00000000ff200000)
  to   space 640K,   0% used [0x00000000ff200000, 0x00000000ff200000, 0x00000000ff2a0000)
 concurrent mark-sweep generation total 13696K, used 9395K [0x00000000ff2a0000, 0x0000000100000000, 0x0000000100000000)
 Metaspace       used 5073K, capacity 5258K, committed 5504K, reserved 1056768K
  class space    used 557K, capacity 597K, committed 640K, reserved 1048576K
}
{Heap before GC invocations=449 (full 57):
 par new generation   total 6144K, used 5233K [0x00000000fec00000, 0x00000000ff2a0000, 0x00000000ff2a0000)
  eden space 5504K,  95% used [0x00000000fec00000, 0x00000000ff11b780, 0x00000000ff160000)
  from space 640K,   0% used [0x00000000ff160000, 0x00000000ff161020, 0x00000000ff200000)
  to   space 640K,   0% used [0x00000000ff200000, 0x00000000ff200000, 0x00000000ff2a0000)
 concurrent mark-sweep generation total 13696K, used 9395K [0x00000000ff2a0000, 0x0000000100000000, 0x0000000100000000)
 Metaspace       used 5073K, capacity 5258K, committed 5504K, reserved 1056768K
  class space    used 557K, capacity 597K, committed 640K, reserved 1048576K
2024-07-16T18:26:16.715+0800: 3.518: [GC (Allocation Failure) 2024-07-16T18:26:16.715+0800: 3.519: [ParNew: 5233K->6K(6144K), 0.0004183 secs] 14629K->10427K(19840K), 0.0004821 secs] [Times: user=0.00 sys=0.00, real=0.00 secs] 
Heap after GC invocations=450 (full 57):
 par new generation   total 6144K, used 6K [0x00000000fec00000, 0x00000000ff2a0000, 0x00000000ff2a0000)
  eden space 5504K,   0% used [0x00000000fec00000, 0x00000000fec00000, 0x00000000ff160000)
  from space 640K,   0% used [0x00000000ff200000, 0x00000000ff201830, 0x00000000ff2a0000)
  to   space 640K,   0% used [0x00000000ff160000, 0x00000000ff160000, 0x00000000ff200000)
 concurrent mark-sweep generation total 13696K, used 10421K [0x00000000ff2a0000, 0x0000000100000000, 0x0000000100000000)
 Metaspace       used 5073K, capacity 5258K, committed 5504K, reserved 1056768K
  class space    used 557K, capacity 597K, committed 640K, reserved 1048576K
}
{Heap before GC invocations=450 (full 57):
 par new generation   total 6144K, used 5235K [0x00000000fec00000, 0x00000000ff2a0000, 0x00000000ff2a0000)
  eden space 5504K,  95% used [0x00000000fec00000, 0x00000000ff11b780, 0x00000000ff160000)
  from space 640K,   0% used [0x00000000ff200000, 0x00000000ff201830, 0x00000000ff2a0000)
  to   space 640K,   0% used [0x00000000ff160000, 0x00000000ff160000, 0x00000000ff200000)
 concurrent mark-sweep generation total 13696K, used 10421K [0x00000000ff2a0000, 0x0000000100000000, 0x0000000100000000)
 Metaspace       used 5073K, capacity 5258K, committed 5504K, reserved 1056768K
  class space    used 557K, capacity 597K, committed 640K, reserved 1048576K
2024-07-16T18:26:16.722+0800: 3.525: [GC (Allocation Failure) 2024-07-16T18:26:16.722+0800: 3.526: [ParNew: 5235K->4K(6144K), 0.0003201 secs] 15657K->10425K(19840K), 0.0003727 secs] [Times: user=0.00 sys=0.00, real=0.00 secs] 
Heap after GC invocations=451 (full 57):
 par new generation   total 6144K, used 4K [0x00000000fec00000, 0x00000000ff2a0000, 0x00000000ff2a0000)
  eden space 5504K,   0% used [0x00000000fec00000, 0x00000000fec00000, 0x00000000ff160000)
  from space 640K,   0% used [0x00000000ff160000, 0x00000000ff161020, 0x00000000ff200000)
  to   space 640K,   0% used [0x00000000ff200000, 0x00000000ff200000, 0x00000000ff2a0000)
 concurrent mark-sweep generation total 13696K, used 10421K [0x00000000ff2a0000, 0x0000000100000000, 0x0000000100000000)
 Metaspace       used 5073K, capacity 5258K, committed 5504K, reserved 1056768K
  class space    used 557K, capacity 597K, committed 640K, reserved 1048576K
}
{Heap before GC invocations=451 (full 57):
 par new generation   total 6144K, used 5233K [0x00000000fec00000, 0x00000000ff2a0000, 0x00000000ff2a0000)
  eden space 5504K,  95% used [0x00000000fec00000, 0x00000000ff11b780, 0x00000000ff160000)
  from space 640K,   0% used [0x00000000ff160000, 0x00000000ff161020, 0x00000000ff200000)
  to   space 640K,   0% used [0x00000000ff200000, 0x00000000ff200000, 0x00000000ff2a0000)
 concurrent mark-sweep generation total 13696K, used 10421K [0x00000000ff2a0000, 0x0000000100000000, 0x0000000100000000)
 Metaspace       used 5073K, capacity 5258K, committed 5504K, reserved 1056768K
  class space    used 557K, capacity 597K, committed 640K, reserved 1048576K
2024-07-16T18:26:16.730+0800: 3.533: [GC (Allocation Failure) 2024-07-16T18:26:16.730+0800: 3.534: [ParNew: 5233K->4K(6144K), 0.0002738 secs] 15655K->10425K(19840K), 0.0003268 secs] [Times: user=0.00 sys=0.00, real=0.00 secs] 
Heap after GC invocations=452 (full 57):
 par new generation   total 6144K, used 4K [0x00000000fec00000, 0x00000000ff2a0000, 0x00000000ff2a0000)
  eden space 5504K,   0% used [0x00000000fec00000, 0x00000000fec00000, 0x00000000ff160000)
  from space 640K,   0% used [0x00000000ff200000, 0x00000000ff201020, 0x00000000ff2a0000)
  to   space 640K,   0% used [0x00000000ff160000, 0x00000000ff160000, 0x00000000ff200000)
 concurrent mark-sweep generation total 13696K, used 10421K [0x00000000ff2a0000, 0x0000000100000000, 0x0000000100000000)
 Metaspace       used 5073K, capacity 5258K, committed 5504K, reserved 1056768K
  class space    used 557K, capacity 597K, committed 640K, reserved 1048576K
}
{Heap before GC invocations=452 (full 57):
 par new generation   total 6144K, used 5233K [0x00000000fec00000, 0x00000000ff2a0000, 0x00000000ff2a0000)
  eden space 5504K,  95% used [0x00000000fec00000, 0x00000000ff11b780, 0x00000000ff160000)
  from space 640K,   0% used [0x00000000ff200000, 0x00000000ff201020, 0x00000000ff2a0000)
  to   space 640K,   0% used [0x00000000ff160000, 0x00000000ff160000, 0x00000000ff200000)
 concurrent mark-sweep generation total 13696K, used 10421K [0x00000000ff2a0000, 0x0000000100000000, 0x0000000100000000)
 Metaspace       used 5073K, capacity 5258K, committed 5504K, reserved 1056768K
  class space    used 557K, capacity 597K, committed 640K, reserved 1048576K
2024-07-16T18:26:16.738+0800: 3.541: [GC (Allocation Failure) 2024-07-16T18:26:16.738+0800: 3.542: [ParNew: 5233K->2K(6144K), 0.0002531 secs] 15655K->10423K(19840K), 0.0003140 secs] [Times: user=0.00 sys=0.00, real=0.00 secs] 
Heap after GC invocations=453 (full 57):
 par new generation   total 6144K, used 2K [0x00000000fec00000, 0x00000000ff2a0000, 0x00000000ff2a0000)
  eden space 5504K,   0% used [0x00000000fec00000, 0x00000000fec00000, 0x00000000ff160000)
  from space 640K,   0% used [0x00000000ff160000, 0x00000000ff160810, 0x00000000ff200000)
  to   space 640K,   0% used [0x00000000ff200000, 0x00000000ff200000, 0x00000000ff2a0000)
 concurrent mark-sweep generation total 13696K, used 10421K [0x00000000ff2a0000, 0x0000000100000000, 0x0000000100000000)
 Metaspace       used 5073K, capacity 5258K, committed 5504K, reserved 1056768K
  class space    used 557K, capacity 597K, committed 640K, reserved 1048576K
}
{Heap before GC invocations=453 (full 57):
 par new generation   total 6144K, used 5231K [0x00000000fec00000, 0x00000000ff2a0000, 0x00000000ff2a0000)
  eden space 5504K,  95% used [0x00000000fec00000, 0x00000000ff11b780, 0x00000000ff160000)
  from space 640K,   0% used [0x00000000ff160000, 0x00000000ff160810, 0x00000000ff200000)
  to   space 640K,   0% used [0x00000000ff200000, 0x00000000ff200000, 0x00000000ff2a0000)
 concurrent mark-sweep generation total 13696K, used 10421K [0x00000000ff2a0000, 0x0000000100000000, 0x0000000100000000)
 Metaspace       used 5073K, capacity 5258K, committed 5504K, reserved 1056768K
  class space    used 557K, capacity 597K, committed 640K, reserved 1048576K
2024-07-16T18:26:16.745+0800: 3.548: [GC (Allocation Failure) 2024-07-16T18:26:16.745+0800: 3.549: [ParNew: 5231K->6K(6144K), 0.0004617 secs] 15653K->11451K(19840K), 0.0005105 secs] [Times: user=0.00 sys=0.00, real=0.00 secs] 
Heap after GC invocations=454 (full 57):
 par new generation   total 6144K, used 6K [0x00000000fec00000, 0x00000000ff2a0000, 0x00000000ff2a0000)
  eden space 5504K,   0% used [0x00000000fec00000, 0x00000000fec00000, 0x00000000ff160000)
  from space 640K,   0% used [0x00000000ff200000, 0x00000000ff201830, 0x00000000ff2a0000)
  to   space 640K,   0% used [0x00000000ff160000, 0x00000000ff160000, 0x00000000ff200000)
 concurrent mark-sweep generation total 13696K, used 11445K [0x00000000ff2a0000, 0x0000000100000000, 0x0000000100000000)
 Metaspace       used 5073K, capacity 5258K, committed 5504K, reserved 1056768K
  class space    used 557K, capacity 597K, committed 640K, reserved 1048576K
}
{Heap before GC invocations=454 (full 57):
 par new generation   total 6144K, used 5235K [0x00000000fec00000, 0x00000000ff2a0000, 0x00000000ff2a0000)
  eden space 5504K,  95% used [0x00000000fec00000, 0x00000000ff11b780, 0x00000000ff160000)
  from space 640K,   0% used [0x00000000ff200000, 0x00000000ff201830, 0x00000000ff2a0000)
  to   space 640K,   0% used [0x00000000ff160000, 0x00000000ff160000, 0x00000000ff200000)
 concurrent mark-sweep generation total 13696K, used 11445K [0x00000000ff2a0000, 0x0000000100000000, 0x0000000100000000)
 Metaspace       used 5073K, capacity 5258K, committed 5504K, reserved 1056768K
  class space    used 557K, capacity 597K, committed 640K, reserved 1048576K
2024-07-16T18:26:16.752+0800: 3.556: [GC (Allocation Failure) 2024-07-16T18:26:16.752+0800: 3.556: [ParNew: 5235K->4K(6144K), 0.0003413 secs] 16681K->11449K(19840K), 0.0004873 secs] [Times: user=0.00 sys=0.00, real=0.00 secs] 
Heap after GC invocations=455 (full 57):
 par new generation   total 6144K, used 4K [0x00000000fec00000, 0x00000000ff2a0000, 0x00000000ff2a0000)
  eden space 5504K,   0% used [0x00000000fec00000, 0x00000000fec00000, 0x00000000ff160000)
  from space 640K,   0% used [0x00000000ff160000, 0x00000000ff161020, 0x00000000ff200000)
  to   space 640K,   0% used [0x00000000ff200000, 0x00000000ff200000, 0x00000000ff2a0000)
 concurrent mark-sweep generation total 13696K, used 11445K [0x00000000ff2a0000, 0x0000000100000000, 0x0000000100000000)
 Metaspace       used 5073K, capacity 5258K, committed 5504K, reserved 1056768K
  class space    used 557K, capacity 597K, committed 640K, reserved 1048576K
}
{Heap before GC invocations=455 (full 57):
 par new generation   total 6144K, used 5233K [0x00000000fec00000, 0x00000000ff2a0000, 0x00000000ff2a0000)
  eden space 5504K,  95% used [0x00000000fec00000, 0x00000000ff11b780, 0x00000000ff160000)
  from space 640K,   0% used [0x00000000ff160000, 0x00000000ff161020, 0x00000000ff200000)
  to   space 640K,   0% used [0x00000000ff200000, 0x00000000ff200000, 0x00000000ff2a0000)
 concurrent mark-sweep generation total 13696K, used 11445K [0x00000000ff2a0000, 0x0000000100000000, 0x0000000100000000)
 Metaspace       used 5073K, capacity 5258K, committed 5504K, reserved 1056768K
  class space    used 557K, capacity 597K, committed 640K, reserved 1048576K
2024-07-16T18:26:16.761+0800: 3.564: [GC (Allocation Failure) 2024-07-16T18:26:16.761+0800: 3.565: [ParNew: 5233K->8K(6144K), 0.0003807 secs] 16679K->12479K(19840K), 0.0004221 secs] [Times: user=0.00 sys=0.00, real=0.00 secs] 
Heap after GC invocations=456 (full 57):
 par new generation   total 6144K, used 8K [0x00000000fec00000, 0x00000000ff2a0000, 0x00000000ff2a0000)
  eden space 5504K,   0% used [0x00000000fec00000, 0x00000000fec00000, 0x00000000ff160000)
  from space 640K,   1% used [0x00000000ff200000, 0x00000000ff202040, 0x00000000ff2a0000)
  to   space 640K,   0% used [0x00000000ff160000, 0x00000000ff160000, 0x00000000ff200000)
 concurrent mark-sweep generation total 13696K, used 12471K [0x00000000ff2a0000, 0x0000000100000000, 0x0000000100000000)
 Metaspace       used 5073K, capacity 5258K, committed 5504K, reserved 1056768K
  class space    used 557K, capacity 597K, committed 640K, reserved 1048576K
}
{Heap before GC invocations=456 (full 57):
 par new generation   total 6144K, used 5237K [0x00000000fec00000, 0x00000000ff2a0000, 0x00000000ff2a0000)
  eden space 5504K,  95% used [0x00000000fec00000, 0x00000000ff11b780, 0x00000000ff160000)
  from space 640K,   1% used [0x00000000ff200000, 0x00000000ff202040, 0x00000000ff2a0000)
  to   space 640K,   0% used [0x00000000ff160000, 0x00000000ff160000, 0x00000000ff200000)
 concurrent mark-sweep generation total 13696K, used 12471K [0x00000000ff2a0000, 0x0000000100000000, 0x0000000100000000)
 Metaspace       used 5073K, capacity 5258K, committed 5504K, reserved 1056768K
  class space    used 557K, capacity 597K, committed 640K, reserved 1048576K
2024-07-16T18:26:16.768+0800: 3.571: [GC (Allocation Failure) 2024-07-16T18:26:16.768+0800: 3.572: [ParNew: 5237K->5237K(6144K), 0.0000133 secs]2024-07-16T18:26:16.768+0800: 3.572: [CMS2024-07-16T18:26:16.768+0800: 3.572: [CMS-concurrent-abortable-preclean: 0.002/0.181 secs] [Times: user=0.14 sys=0.00, real=0.18 secs] 
 (concurrent mode failure): 12471K->1191K(13696K), 0.0024839 secs] 17709K->1191K(19840K), [Metaspace: 5073K->5073K(1056768K)], 0.0025689 secs] [Times: user=0.00 sys=0.00, real=0.00 secs] 
Heap after GC invocations=457 (full 58):
 par new generation   total 6144K, used 0K [0x00000000fec00000, 0x00000000ff2a0000, 0x00000000ff2a0000)
  eden space 5504K,   0% used [0x00000000fec00000, 0x00000000fec00000, 0x00000000ff160000)
  from space 640K,   0% used [0x00000000ff200000, 0x00000000ff200000, 0x00000000ff2a0000)
  to   space 640K,   0% used [0x00000000ff160000, 0x00000000ff160000, 0x00000000ff200000)
 concurrent mark-sweep generation total 13696K, used 1191K [0x00000000ff2a0000, 0x0000000100000000, 0x0000000100000000)
 Metaspace       used 5073K, capacity 5258K, committed 5504K, reserved 1056768K
  class space    used 557K, capacity 597K, committed 640K, reserved 1048576K
}
{Heap before GC invocations=457 (full 58):
 par new generation   total 6144K, used 5229K [0x00000000fec00000, 0x00000000ff2a0000, 0x00000000ff2a0000)
  eden space 5504K,  95% used [0x00000000fec00000, 0x00000000ff11b780, 0x00000000ff160000)
  from space 640K,   0% used [0x00000000ff200000, 0x00000000ff200000, 0x00000000ff2a0000)
  to   space 640K,   0% used [0x00000000ff160000, 0x00000000ff160000, 0x00000000ff200000)
 concurrent mark-sweep generation total 13696K, used 1191K [0x00000000ff2a0000, 0x0000000100000000, 0x0000000100000000)
 Metaspace       used 5073K, capacity 5258K, committed 5504K, reserved 1056768K
  class space    used 557K, capacity 597K, committed 640K, reserved 1048576K
2024-07-16T18:26:16.777+0800: 3.580: [GC (Allocation Failure) 2024-07-16T18:26:16.777+0800: 3.581: [ParNew: 5229K->6K(6144K), 0.0004792 secs] 6421K->2223K(19840K), 0.0005381 secs] [Times: user=0.00 sys=0.00, real=0.00 secs] 
Heap after GC invocations=458 (full 58):
 par new generation   total 6144K, used 6K [0x00000000fec00000, 0x00000000ff2a0000, 0x00000000ff2a0000)
  eden space 5504K,   0% used [0x00000000fec00000, 0x00000000fec00000, 0x00000000ff160000)
  from space 640K,   0% used [0x00000000ff160000, 0x00000000ff161830, 0x00000000ff200000)
  to   space 640K,   0% used [0x00000000ff200000, 0x00000000ff200000, 0x00000000ff2a0000)
 concurrent mark-sweep generation total 13696K, used 2217K [0x00000000ff2a0000, 0x0000000100000000, 0x0000000100000000)
 Metaspace       used 5073K, capacity 5258K, committed 5504K, reserved 1056768K
  class space    used 557K, capacity 597K, committed 640K, reserved 1048576K
}
{Heap before GC invocations=458 (full 58):
 par new generation   total 6144K, used 5235K [0x00000000fec00000, 0x00000000ff2a0000, 0x00000000ff2a0000)
  eden space 5504K,  95% used [0x00000000fec00000, 0x00000000ff11b780, 0x00000000ff160000)
  from space 640K,   0% used [0x00000000ff160000, 0x00000000ff161830, 0x00000000ff200000)
  to   space 640K,   0% used [0x00000000ff200000, 0x00000000ff200000, 0x00000000ff2a0000)
 concurrent mark-sweep generation total 13696K, used 2217K [0x00000000ff2a0000, 0x0000000100000000, 0x0000000100000000)
 Metaspace       used 5073K, capacity 5258K, committed 5504K, reserved 1056768K
  class space    used 557K, capacity 597K, committed 640K, reserved 1048576K
2024-07-16T18:26:16.785+0800: 3.589: [GC (Allocation Failure) 2024-07-16T18:26:16.785+0800: 3.589: [ParNew: 5235K->4K(6144K), 0.0005306 secs] 7453K->2221K(19840K), 0.0005880 secs] [Times: user=0.00 sys=0.00, real=0.00 secs] 
Heap after GC invocations=459 (full 58):
 par new generation   total 6144K, used 4K [0x00000000fec00000, 0x00000000ff2a0000, 0x00000000ff2a0000)
  eden space 5504K,   0% used [0x00000000fec00000, 0x00000000fec00000, 0x00000000ff160000)
  from space 640K,   0% used [0x00000000ff200000, 0x00000000ff201020, 0x00000000ff2a0000)
  to   space 640K,   0% used [0x00000000ff160000, 0x00000000ff160000, 0x00000000ff200000)
 concurrent mark-sweep generation total 13696K, used 2217K [0x00000000ff2a0000, 0x0000000100000000, 0x0000000100000000)
 Metaspace       used 5073K, capacity 5258K, committed 5504K, reserved 1056768K
  class space    used 557K, capacity 597K, committed 640K, reserved 1048576K
}
{Heap before GC invocations=459 (full 58):
 par new generation   total 6144K, used 5233K [0x00000000fec00000, 0x00000000ff2a0000, 0x00000000ff2a0000)
  eden space 5504K,  95% used [0x00000000fec00000, 0x00000000ff11b780, 0x00000000ff160000)
  from space 640K,   0% used [0x00000000ff200000, 0x00000000ff201020, 0x00000000ff2a0000)
  to   space 640K,   0% used [0x00000000ff160000, 0x00000000ff160000, 0x00000000ff200000)
 concurrent mark-sweep generation total 13696K, used 2217K [0x00000000ff2a0000, 0x0000000100000000, 0x0000000100000000)
 Metaspace       used 5073K, capacity 5258K, committed 5504K, reserved 1056768K
  class space    used 557K, capacity 597K, committed 640K, reserved 1048576K
2024-07-16T18:26:16.792+0800: 3.595: [GC (Allocation Failure) 2024-07-16T18:26:16.792+0800: 3.596: [ParNew: 5233K->8K(6144K), 0.0006506 secs] 7451K->3251K(19840K), 0.0007415 secs] [Times: user=0.00 sys=0.00, real=0.00 secs] 
Heap after GC invocations=460 (full 58):
 par new generation   total 6144K, used 8K [0x00000000fec00000, 0x00000000ff2a0000, 0x00000000ff2a0000)
  eden space 5504K,   0% used [0x00000000fec00000, 0x00000000fec00000, 0x00000000ff160000)
  from space 640K,   1% used [0x00000000ff160000, 0x00000000ff162040, 0x00000000ff200000)
  to   space 640K,   0% used [0x00000000ff200000, 0x00000000ff200000, 0x00000000ff2a0000)
 concurrent mark-sweep generation total 13696K, used 3243K [0x00000000ff2a0000, 0x0000000100000000, 0x0000000100000000)
 Metaspace       used 5073K, capacity 5258K, committed 5504K, reserved 1056768K
  class space    used 557K, capacity 597K, committed 640K, reserved 1048576K
}
{Heap before GC invocations=460 (full 58):
 par new generation   total 6144K, used 5237K [0x00000000fec00000, 0x00000000ff2a0000, 0x00000000ff2a0000)
  eden space 5504K,  95% used [0x00000000fec00000, 0x00000000ff11b780, 0x00000000ff160000)
  from space 640K,   1% used [0x00000000ff160000, 0x00000000ff162040, 0x00000000ff200000)
  to   space 640K,   0% used [0x00000000ff200000, 0x00000000ff200000, 0x00000000ff2a0000)
 concurrent mark-sweep generation total 13696K, used 3243K [0x00000000ff2a0000, 0x0000000100000000, 0x0000000100000000)
 Metaspace       used 5073K, capacity 5258K, committed 5504K, reserved 1056768K
  class space    used 557K, capacity 597K, committed 640K, reserved 1048576K
2024-07-16T18:26:16.801+0800: 3.605: [GC (Allocation Failure) 2024-07-16T18:26:16.801+0800: 3.605: [ParNew: 5237K->10K(6144K), 0.0004231 secs] 8481K->4279K(19840K), 0.0004636 secs] [Times: user=0.00 sys=0.00, real=0.00 secs] 
Heap after GC invocations=461 (full 58):
 par new generation   total 6144K, used 10K [0x00000000fec00000, 0x00000000ff2a0000, 0x00000000ff2a0000)
  eden space 5504K,   0% used [0x00000000fec00000, 0x00000000fec00000, 0x00000000ff160000)
  from space 640K,   1% used [0x00000000ff200000, 0x00000000ff202850, 0x00000000ff2a0000)
  to   space 640K,   0% used [0x00000000ff160000, 0x00000000ff160000, 0x00000000ff200000)
 concurrent mark-sweep generation total 13696K, used 4269K [0x00000000ff2a0000, 0x0000000100000000, 0x0000000100000000)
 Metaspace       used 5073K, capacity 5258K, committed 5504K, reserved 1056768K
  class space    used 557K, capacity 597K, committed 640K, reserved 1048576K
}
{Heap before GC invocations=461 (full 58):
 par new generation   total 6144K, used 5239K [0x00000000fec00000, 0x00000000ff2a0000, 0x00000000ff2a0000)
  eden space 5504K,  95% used [0x00000000fec00000, 0x00000000ff11b780, 0x00000000ff160000)
  from space 640K,   1% used [0x00000000ff200000, 0x00000000ff202850, 0x00000000ff2a0000)
  to   space 640K,   0% used [0x00000000ff160000, 0x00000000ff160000, 0x00000000ff200000)
 concurrent mark-sweep generation total 13696K, used 4269K [0x00000000ff2a0000, 0x0000000100000000, 0x0000000100000000)
 Metaspace       used 5073K, capacity 5258K, committed 5504K, reserved 1056768K
  class space    used 557K, capacity 597K, committed 640K, reserved 1048576K
2024-07-16T18:26:16.807+0800: 3.611: [GC (Allocation Failure) 2024-07-16T18:26:16.807+0800: 3.611: [ParNew: 5239K->6K(6144K), 0.0003977 secs] 9509K->5301K(19840K), 0.0004509 secs] [Times: user=0.00 sys=0.00, real=0.00 secs] 
Heap after GC invocations=462 (full 58):
 par new generation   total 6144K, used 6K [0x00000000fec00000, 0x00000000ff2a0000, 0x00000000ff2a0000)
  eden space 5504K,   0% used [0x00000000fec00000, 0x00000000fec00000, 0x00000000ff160000)
  from space 640K,   0% used [0x00000000ff160000, 0x00000000ff161830, 0x00000000ff200000)
  to   space 640K,   0% used [0x00000000ff200000, 0x00000000ff200000, 0x00000000ff2a0000)
 concurrent mark-sweep generation total 13696K, used 5295K [0x00000000ff2a0000, 0x0000000100000000, 0x0000000100000000)
 Metaspace       used 5073K, capacity 5258K, committed 5504K, reserved 1056768K
  class space    used 557K, capacity 597K, committed 640K, reserved 1048576K
}
2024-07-16T18:26:16.807+0800: 3.611: [GC (CMS Initial Mark) [1 CMS-initial-mark: 5295K(13696K)] 6325K(19840K), 0.0003496 secs] [Times: user=0.00 sys=0.00, real=0.00 secs] 
2024-07-16T18:26:16.808+0800: 3.611: [CMS-concurrent-mark-start]
2024-07-16T18:26:16.809+0800: 3.613: [CMS-concurrent-mark: 0.001/0.001 secs] [Times: user=0.00 sys=0.00, real=0.00 secs] 
2024-07-16T18:26:16.809+0800: 3.613: [CMS-concurrent-preclean-start]
2024-07-16T18:26:16.809+0800: 3.613: [CMS-concurrent-preclean: 0.000/0.000 secs] [Times: user=0.00 sys=0.00, real=0.00 secs] 
2024-07-16T18:26:16.809+0800: 3.613: [GC (CMS Final Remark) [YG occupancy: 1139 K (6144 K)]{Heap before GC invocations=462 (full 59):
 par new generation   total 6144K, used 1139K [0x00000000fec00000, 0x00000000ff2a0000, 0x00000000ff2a0000)
  eden space 5504K,  20% used [0x00000000fec00000, 0x00000000fed1b740, 0x00000000ff160000)
  from space 640K,   0% used [0x00000000ff160000, 0x00000000ff161830, 0x00000000ff200000)
  to   space 640K,   0% used [0x00000000ff200000, 0x00000000ff200000, 0x00000000ff2a0000)
 concurrent mark-sweep generation total 13696K, used 5295K [0x00000000ff2a0000, 0x0000000100000000, 0x0000000100000000)
 Metaspace       used 5073K, capacity 5258K, committed 5504K, reserved 1056768K
  class space    used 557K, capacity 597K, committed 640K, reserved 1048576K
2024-07-16T18:26:16.809+0800: 3.613: [GC (CMS Final Remark) 2024-07-16T18:26:16.809+0800: 3.613: [ParNew: 1139K->6K(6144K), 0.0008003 secs] 6435K->6327K(19840K), 0.0008626 secs] [Times: user=0.00 sys=0.00, real=0.00 secs] 
Heap after GC invocations=463 (full 59):
 par new generation   total 6144K, used 6K [0x00000000fec00000, 0x00000000ff2a0000, 0x00000000ff2a0000)
  eden space 5504K,   0% used [0x00000000fec00000, 0x00000000fec00000, 0x00000000ff160000)
  from space 640K,   0% used [0x00000000ff200000, 0x00000000ff201830, 0x00000000ff2a0000)
  to   space 640K,   0% used [0x00000000ff160000, 0x00000000ff160000, 0x00000000ff200000)
 concurrent mark-sweep generation total 13696K, used 6321K [0x00000000ff2a0000, 0x0000000100000000, 0x0000000100000000)
 Metaspace       used 5073K, capacity 5258K, committed 5504K, reserved 1056768K
  class space    used 557K, capacity 597K, committed 640K, reserved 1048576K
}
2024-07-16T18:26:16.810+0800: 3.614: [Rescan (parallel) , 0.0002969 secs]2024-07-16T18:26:16.811+0800: 3.615: [weak refs processing, 0.0000090 secs]2024-07-16T18:26:16.811+0800: 3.615: [class unloading, 0.0003095 secs]2024-07-16T18:26:16.811+0800: 3.615: [scrub symbol table, 0.0003258 secs]2024-07-16T18:26:16.811+0800: 3.615: [scrub string table, 0.0000808 secs][1 CMS-remark: 6321K(13696K)] 6327K(19840K), 0.0020858 secs] [Times: user=0.00 sys=0.00, real=0.00 secs] 
2024-07-16T18:26:16.811+0800: 3.615: [CMS-concurrent-sweep-start]
2024-07-16T18:26:16.812+0800: 3.616: [CMS-concurrent-sweep: 0.000/0.000 secs] [Times: user=0.00 sys=0.00, real=0.00 secs] 
2024-07-16T18:26:16.812+0800: 3.616: [CMS-concurrent-reset-start]
2024-07-16T18:26:16.812+0800: 3.616: [CMS-concurrent-reset: 0.000/0.000 secs] [Times: user=0.00 sys=0.00, real=0.00 secs] 
{Heap before GC invocations=463 (full 59):
 par new generation   total 6144K, used 5235K [0x00000000fec00000, 0x00000000ff2a0000, 0x00000000ff2a0000)
  eden space 5504K,  95% used [0x00000000fec00000, 0x00000000ff11b780, 0x00000000ff160000)
  from space 640K,   0% used [0x00000000ff200000, 0x00000000ff201830, 0x00000000ff2a0000)
  to   space 640K,   0% used [0x00000000ff160000, 0x00000000ff160000, 0x00000000ff200000)
 concurrent mark-sweep generation total 13696K, used 3249K [0x00000000ff2a0000, 0x0000000100000000, 0x0000000100000000)
 Metaspace       used 5073K, capacity 5258K, committed 5504K, reserved 1056768K
  class space    used 557K, capacity 597K, committed 640K, reserved 1048576K
2024-07-16T18:26:16.819+0800: 3.622: [GC (Allocation Failure) 2024-07-16T18:26:16.819+0800: 3.623: [ParNew: 5235K->8K(6144K), 0.0005933 secs] 8485K->4283K(19840K), 0.0006796 secs] [Times: user=0.00 sys=0.00, real=0.00 secs] 
Heap after GC invocations=464 (full 59):
 par new generation   total 6144K, used 8K [0x00000000fec00000, 0x00000000ff2a0000, 0x00000000ff2a0000)
  eden space 5504K,   0% used [0x00000000fec00000, 0x00000000fec00000, 0x00000000ff160000)
  from space 640K,   1% used [0x00000000ff160000, 0x00000000ff162040, 0x00000000ff200000)
  to   space 640K,   0% used [0x00000000ff200000, 0x00000000ff200000, 0x00000000ff2a0000)
 concurrent mark-sweep generation total 13696K, used 4275K [0x00000000ff2a0000, 0x0000000100000000, 0x0000000100000000)
 Metaspace       used 5073K, capacity 5258K, committed 5504K, reserved 1056768K
  class space    used 557K, capacity 597K, committed 640K, reserved 1048576K
}
{Heap before GC invocations=464 (full 59):
 par new generation   total 6144K, used 5230K [0x00000000fec00000, 0x00000000ff2a0000, 0x00000000ff2a0000)
  eden space 5504K,  94% used [0x00000000fec00000, 0x00000000ff119948, 0x00000000ff160000)
  from space 640K,   1% used [0x00000000ff160000, 0x00000000ff162040, 0x00000000ff200000)
  to   space 640K,   0% used [0x00000000ff200000, 0x00000000ff200000, 0x00000000ff2a0000)
 concurrent mark-sweep generation total 13696K, used 4275K [0x00000000ff2a0000, 0x0000000100000000, 0x0000000100000000)
 Metaspace       used 5073K, capacity 5258K, committed 5504K, reserved 1056768K
  class space    used 557K, capacity 597K, committed 640K, reserved 1048576K
2024-07-16T18:26:16.828+0800: 3.631: [GC (Allocation Failure) 2024-07-16T18:26:16.828+0800: 3.631: [ParNew: 5230K->8K(6144K), 0.0003894 secs] 9505K->5307K(19840K), 0.0004312 secs] [Times: user=0.00 sys=0.00, real=0.00 secs] 
Heap after GC invocations=465 (full 59):
 par new generation   total 6144K, used 8K [0x00000000fec00000, 0x00000000ff2a0000, 0x00000000ff2a0000)
  eden space 5504K,   0% used [0x00000000fec00000, 0x00000000fec00000, 0x00000000ff160000)
  from space 640K,   1% used [0x00000000ff200000, 0x00000000ff202040, 0x00000000ff2a0000)
  to   space 640K,   0% used [0x00000000ff160000, 0x00000000ff160000, 0x00000000ff200000)
 concurrent mark-sweep generation total 13696K, used 5299K [0x00000000ff2a0000, 0x0000000100000000, 0x0000000100000000)
 Metaspace       used 5073K, capacity 5258K, committed 5504K, reserved 1056768K
  class space    used 557K, capacity 597K, committed 640K, reserved 1048576K
}
{Heap before GC invocations=465 (full 59):
 par new generation   total 6144K, used 5233K [0x00000000fec00000, 0x00000000ff2a0000, 0x00000000ff2a0000)
  eden space 5504K,  94% used [0x00000000fec00000, 0x00000000ff11a718, 0x00000000ff160000)
  from space 640K,   1% used [0x00000000ff200000, 0x00000000ff202040, 0x00000000ff2a0000)
  to   space 640K,   0% used [0x00000000ff160000, 0x00000000ff160000, 0x00000000ff200000)
 concurrent mark-sweep generation total 13696K, used 5299K [0x00000000ff2a0000, 0x0000000100000000, 0x0000000100000000)
 Metaspace       used 5073K, capacity 5258K, committed 5504K, reserved 1056768K
  class space    used 557K, capacity 597K, committed 640K, reserved 1048576K
2024-07-16T18:26:16.834+0800: 3.637: [GC (Allocation Failure) 2024-07-16T18:26:16.834+0800: 3.638: [ParNew: 5233K->4K(6144K), 0.0003726 secs] 10533K->5303K(19840K), 0.0004437 secs] [Times: user=0.00 sys=0.00, real=0.00 secs] 
Heap after GC invocations=466 (full 59):
 par new generation   total 6144K, used 4K [0x00000000fec00000, 0x00000000ff2a0000, 0x00000000ff2a0000)
  eden space 5504K,   0% used [0x00000000fec00000, 0x00000000fec00000, 0x00000000ff160000)
  from space 640K,   0% used [0x00000000ff160000, 0x00000000ff161020, 0x00000000ff200000)
  to   space 640K,   0% used [0x00000000ff200000, 0x00000000ff200000, 0x00000000ff2a0000)
 concurrent mark-sweep generation total 13696K, used 5299K [0x00000000ff2a0000, 0x0000000100000000, 0x0000000100000000)
 Metaspace       used 5073K, capacity 5258K, committed 5504K, reserved 1056768K
  class space    used 557K, capacity 597K, committed 640K, reserved 1048576K
}
{Heap before GC invocations=466 (full 59):
 par new generation   total 6144K, used 5231K [0x00000000fec00000, 0x00000000ff2a0000, 0x00000000ff2a0000)
  eden space 5504K,  94% used [0x00000000fec00000, 0x00000000ff11acf0, 0x00000000ff160000)
  from space 640K,   0% used [0x00000000ff160000, 0x00000000ff161020, 0x00000000ff200000)
  to   space 640K,   0% used [0x00000000ff200000, 0x00000000ff200000, 0x00000000ff2a0000)
 concurrent mark-sweep generation total 13696K, used 5299K [0x00000000ff2a0000, 0x0000000100000000, 0x0000000100000000)
 Metaspace       used 5073K, capacity 5258K, committed 5504K, reserved 1056768K
  class space    used 557K, capacity 597K, committed 640K, reserved 1048576K
2024-07-16T18:26:16.841+0800: 3.644: [GC (Allocation Failure) 2024-07-16T18:26:16.841+0800: 3.645: [ParNew: 5231K->4K(6144K), 0.0003261 secs] 10530K->5303K(19840K), 0.0003680 secs] [Times: user=0.00 sys=0.00, real=0.00 secs] 
Heap after GC invocations=467 (full 59):
 par new generation   total 6144K, used 4K [0x00000000fec00000, 0x00000000ff2a0000, 0x00000000ff2a0000)
  eden space 5504K,   0% used [0x00000000fec00000, 0x00000000fec00000, 0x00000000ff160000)
  from space 640K,   0% used [0x00000000ff200000, 0x00000000ff201020, 0x00000000ff2a0000)
  to   space 640K,   0% used [0x00000000ff160000, 0x00000000ff160000, 0x00000000ff200000)
 concurrent mark-sweep generation total 13696K, used 5299K [0x00000000ff2a0000, 0x0000000100000000, 0x0000000100000000)
 Metaspace       used 5073K, capacity 5258K, committed 5504K, reserved 1056768K
  class space    used 557K, capacity 597K, committed 640K, reserved 1048576K
}
{Heap before GC invocations=467 (full 59):
 par new generation   total 6144K, used 5232K [0x00000000fec00000, 0x00000000ff2a0000, 0x00000000ff2a0000)
  eden space 5504K,  94% used [0x00000000fec00000, 0x00000000ff11b0b8, 0x00000000ff160000)
  from space 640K,   0% used [0x00000000ff200000, 0x00000000ff201020, 0x00000000ff2a0000)
  to   space 640K,   0% used [0x00000000ff160000, 0x00000000ff160000, 0x00000000ff200000)
 concurrent mark-sweep generation total 13696K, used 5299K [0x00000000ff2a0000, 0x0000000100000000, 0x0000000100000000)
 Metaspace       used 5073K, capacity 5258K, committed 5504K, reserved 1056768K
  class space    used 557K, capacity 597K, committed 640K, reserved 1048576K
2024-07-16T18:26:16.848+0800: 3.651: [GC (Allocation Failure) 2024-07-16T18:26:16.848+0800: 3.651: [ParNew: 5232K->6K(6144K), 0.0003782 secs] 10531K->6331K(19840K), 0.0004170 secs] [Times: user=0.00 sys=0.00, real=0.00 secs] 
Heap after GC invocations=468 (full 59):
 par new generation   total 6144K, used 6K [0x00000000fec00000, 0x00000000ff2a0000, 0x00000000ff2a0000)
  eden space 5504K,   0% used [0x00000000fec00000, 0x00000000fec00000, 0x00000000ff160000)
  from space 640K,   0% used [0x00000000ff160000, 0x00000000ff161830, 0x00000000ff200000)
  to   space 640K,   0% used [0x00000000ff200000, 0x00000000ff200000, 0x00000000ff2a0000)
 concurrent mark-sweep generation total 13696K, used 6325K [0x00000000ff2a0000, 0x0000000100000000, 0x0000000100000000)
 Metaspace       used 5073K, capacity 5258K, committed 5504K, reserved 1056768K
  class space    used 557K, capacity 597K, committed 640K, reserved 1048576K
}
{Heap before GC invocations=468 (full 59):
 par new generation   total 6144K, used 5234K [0x00000000fec00000, 0x00000000ff2a0000, 0x00000000ff2a0000)
  eden space 5504K,  94% used [0x00000000fec00000, 0x00000000ff11b320, 0x00000000ff160000)
  from space 640K,   0% used [0x00000000ff160000, 0x00000000ff161830, 0x00000000ff200000)
  to   space 640K,   0% used [0x00000000ff200000, 0x00000000ff200000, 0x00000000ff2a0000)
 concurrent mark-sweep generation total 13696K, used 6325K [0x00000000ff2a0000, 0x0000000100000000, 0x0000000100000000)
 Metaspace       used 5073K, capacity 5258K, committed 5504K, reserved 1056768K
  class space    used 557K, capacity 597K, committed 640K, reserved 1048576K
2024-07-16T18:26:16.855+0800: 3.658: [GC (Allocation Failure) 2024-07-16T18:26:16.855+0800: 3.658: [ParNew: 5234K->6K(6144K), 0.0004019 secs] 11560K->7355K(19840K), 0.0004568 secs] [Times: user=0.00 sys=0.00, real=0.00 secs] 
Heap after GC invocations=469 (full 59):
 par new generation   total 6144K, used 6K [0x00000000fec00000, 0x00000000ff2a0000, 0x00000000ff2a0000)
  eden space 5504K,   0% used [0x00000000fec00000, 0x00000000fec00000, 0x00000000ff160000)
  from space 640K,   0% used [0x00000000ff200000, 0x00000000ff201830, 0x00000000ff2a0000)
  to   space 640K,   0% used [0x00000000ff160000, 0x00000000ff160000, 0x00000000ff200000)
 concurrent mark-sweep generation total 13696K, used 7349K [0x00000000ff2a0000, 0x0000000100000000, 0x0000000100000000)
 Metaspace       used 5073K, capacity 5258K, committed 5504K, reserved 1056768K
  class space    used 557K, capacity 597K, committed 640K, reserved 1048576K
}
{Heap before GC invocations=469 (full 59):
 par new generation   total 6144K, used 5235K [0x00000000fec00000, 0x00000000ff2a0000, 0x00000000ff2a0000)
  eden space 5504K,  95% used [0x00000000fec00000, 0x00000000ff11b4b0, 0x00000000ff160000)
  from space 640K,   0% used [0x00000000ff200000, 0x00000000ff201830, 0x00000000ff2a0000)
  to   space 640K,   0% used [0x00000000ff160000, 0x00000000ff160000, 0x00000000ff200000)
 concurrent mark-sweep generation total 13696K, used 7349K [0x00000000ff2a0000, 0x0000000100000000, 0x0000000100000000)
 Metaspace       used 5073K, capacity 5258K, committed 5504K, reserved 1056768K
  class space    used 557K, capacity 597K, committed 640K, reserved 1048576K
2024-07-16T18:26:16.863+0800: 3.666: [GC (Allocation Failure) 2024-07-16T18:26:16.863+0800: 3.667: [ParNew: 5235K->4K(6144K), 0.0002612 secs] 12584K->7353K(19840K), 0.0002991 secs] [Times: user=0.00 sys=0.00, real=0.00 secs] 
Heap after GC invocations=470 (full 59):
 par new generation   total 6144K, used 4K [0x00000000fec00000, 0x00000000ff2a0000, 0x00000000ff2a0000)
  eden space 5504K,   0% used [0x00000000fec00000, 0x00000000fec00000, 0x00000000ff160000)
  from space 640K,   0% used [0x00000000ff160000, 0x00000000ff161020, 0x00000000ff200000)
  to   space 640K,   0% used [0x00000000ff200000, 0x00000000ff200000, 0x00000000ff2a0000)
 concurrent mark-sweep generation total 13696K, used 7349K [0x00000000ff2a0000, 0x0000000100000000, 0x0000000100000000)
 Metaspace       used 5073K, capacity 5258K, committed 5504K, reserved 1056768K
  class space    used 557K, capacity 597K, committed 640K, reserved 1048576K
}
{Heap before GC invocations=470 (full 59):
 par new generation   total 6144K, used 5233K [0x00000000fec00000, 0x00000000ff2a0000, 0x00000000ff2a0000)
  eden space 5504K,  95% used [0x00000000fec00000, 0x00000000ff11b5b0, 0x00000000ff160000)
  from space 640K,   0% used [0x00000000ff160000, 0x00000000ff161020, 0x00000000ff200000)
  to   space 640K,   0% used [0x00000000ff200000, 0x00000000ff200000, 0x00000000ff2a0000)
 concurrent mark-sweep generation total 13696K, used 7349K [0x00000000ff2a0000, 0x0000000100000000, 0x0000000100000000)
 Metaspace       used 5073K, capacity 5258K, committed 5504K, reserved 1056768K
  class space    used 557K, capacity 597K, committed 640K, reserved 1048576K
2024-07-16T18:26:16.871+0800: 3.674: [GC (Allocation Failure) 2024-07-16T18:26:16.871+0800: 3.674: [ParNew: 5233K->8K(6144K), 0.0003852 secs] 12583K->8381K(19840K), 0.0004164 secs] [Times: user=0.00 sys=0.00, real=0.00 secs] 
Heap after GC invocations=471 (full 59):
 par new generation   total 6144K, used 8K [0x00000000fec00000, 0x00000000ff2a0000, 0x00000000ff2a0000)
  eden space 5504K,   0% used [0x00000000fec00000, 0x00000000fec00000, 0x00000000ff160000)
  from space 640K,   1% used [0x00000000ff200000, 0x00000000ff202040, 0x00000000ff2a0000)
  to   space 640K,   0% used [0x00000000ff160000, 0x00000000ff160000, 0x00000000ff200000)
 concurrent mark-sweep generation total 13696K, used 8373K [0x00000000ff2a0000, 0x0000000100000000, 0x0000000100000000)
 Metaspace       used 5073K, capacity 5258K, committed 5504K, reserved 1056768K
  class space    used 557K, capacity 597K, committed 640K, reserved 1048576K
}
2024-07-16T18:26:16.871+0800: 3.675: [GC (CMS Initial Mark) [1 CMS-initial-mark: 8373K(13696K)] 9405K(19840K), 0.0001224 secs] [Times: user=0.00 sys=0.00, real=0.00 secs] 
2024-07-16T18:26:16.871+0800: 3.675: [CMS-concurrent-mark-start]
2024-07-16T18:26:16.876+0800: 3.680: [CMS-concurrent-mark: 0.005/0.005 secs] [Times: user=0.00 sys=0.00, real=0.00 secs] 
2024-07-16T18:26:16.876+0800: 3.680: [CMS-concurrent-preclean-start]
2024-07-16T18:26:16.877+0800: 3.681: [CMS-concurrent-preclean: 0.000/0.000 secs] [Times: user=0.00 sys=0.00, real=0.00 secs] 
2024-07-16T18:26:16.877+0800: 3.681: [CMS-concurrent-abortable-preclean-start]
{Heap before GC invocations=471 (full 60):
 par new generation   total 6144K, used 5237K [0x00000000fec00000, 0x00000000ff2a0000, 0x00000000ff2a0000)
  eden space 5504K,  95% used [0x00000000fec00000, 0x00000000ff11b650, 0x00000000ff160000)
  from space 640K,   1% used [0x00000000ff200000, 0x00000000ff202040, 0x00000000ff2a0000)
  to   space 640K,   0% used [0x00000000ff160000, 0x00000000ff160000, 0x00000000ff200000)
 concurrent mark-sweep generation total 13696K, used 8373K [0x00000000ff2a0000, 0x0000000100000000, 0x0000000100000000)
 Metaspace       used 5073K, capacity 5258K, committed 5504K, reserved 1056768K
  class space    used 557K, capacity 597K, committed 640K, reserved 1048576K
2024-07-16T18:26:16.878+0800: 3.681: [GC (Allocation Failure) 2024-07-16T18:26:16.878+0800: 3.682: [ParNew: 5237K->4K(6144K), 0.0003162 secs] 13611K->8377K(19840K), 0.0003565 secs] [Times: user=0.00 sys=0.00, real=0.00 secs] 
Heap after GC invocations=472 (full 60):
 par new generation   total 6144K, used 4K [0x00000000fec00000, 0x00000000ff2a0000, 0x00000000ff2a0000)
  eden space 5504K,   0% used [0x00000000fec00000, 0x00000000fec00000, 0x00000000ff160000)
  from space 640K,   0% used [0x00000000ff160000, 0x00000000ff161020, 0x00000000ff200000)
  to   space 640K,   0% used [0x00000000ff200000, 0x00000000ff200000, 0x00000000ff2a0000)
 concurrent mark-sweep generation total 13696K, used 8373K [0x00000000ff2a0000, 0x0000000100000000, 0x0000000100000000)
 Metaspace       used 5073K, capacity 5258K, committed 5504K, reserved 1056768K
  class space    used 557K, capacity 597K, committed 640K, reserved 1048576K
}
{Heap before GC invocations=472 (full 60):
 par new generation   total 6144K, used 5233K [0x00000000fec00000, 0x00000000ff2a0000, 0x00000000ff2a0000)
  eden space 5504K,  95% used [0x00000000fec00000, 0x00000000ff11b6c0, 0x00000000ff160000)
  from space 640K,   0% used [0x00000000ff160000, 0x00000000ff161020, 0x00000000ff200000)
  to   space 640K,   0% used [0x00000000ff200000, 0x00000000ff200000, 0x00000000ff2a0000)
 concurrent mark-sweep generation total 13696K, used 8373K [0x00000000ff2a0000, 0x0000000100000000, 0x0000000100000000)
 Metaspace       used 5073K, capacity 5258K, committed 5504K, reserved 1056768K
  class space    used 557K, capacity 597K, committed 640K, reserved 1048576K
2024-07-16T18:26:16.885+0800: 3.688: [GC (Allocation Failure) 2024-07-16T18:26:16.885+0800: 3.689: [ParNew: 5233K->8K(6144K), 0.0007551 secs] 13607K->9407K(19840K), 0.0008661 secs] [Times: user=0.00 sys=0.00, real=0.00 secs] 
Heap after GC invocations=473 (full 60):
 par new generation   total 6144K, used 8K [0x00000000fec00000, 0x00000000ff2a0000, 0x00000000ff2a0000)
  eden space 5504K,   0% used [0x00000000fec00000, 0x00000000fec00000, 0x00000000ff160000)
  from space 640K,   1% used [0x00000000ff200000, 0x00000000ff202040, 0x00000000ff2a0000)
  to   space 640K,   0% used [0x00000000ff160000, 0x00000000ff160000, 0x00000000ff200000)
 concurrent mark-sweep generation total 13696K, used 9399K [0x00000000ff2a0000, 0x0000000100000000, 0x0000000100000000)
 Metaspace       used 5073K, capacity 5258K, committed 5504K, reserved 1056768K
  class space    used 557K, capacity 597K, committed 640K, reserved 1048576K
}
{Heap before GC invocations=473 (full 60):
 par new generation   total 6144K, used 5237K [0x00000000fec00000, 0x00000000ff2a0000, 0x00000000ff2a0000)
  eden space 5504K,  95% used [0x00000000fec00000, 0x00000000ff11b700, 0x00000000ff160000)
  from space 640K,   1% used [0x00000000ff200000, 0x00000000ff202040, 0x00000000ff2a0000)
  to   space 640K,   0% used [0x00000000ff160000, 0x00000000ff160000, 0x00000000ff200000)
 concurrent mark-sweep generation total 13696K, used 9399K [0x00000000ff2a0000, 0x0000000100000000, 0x0000000100000000)
 Metaspace       used 5073K, capacity 5258K, committed 5504K, reserved 1056768K
  class space    used 557K, capacity 597K, committed 640K, reserved 1048576K
2024-07-16T18:26:16.894+0800: 3.697: [GC (Allocation Failure) 2024-07-16T18:26:16.894+0800: 3.698: [ParNew: 5237K->4K(6144K), 0.0003176 secs] 14637K->9403K(19840K), 0.0003660 secs] [Times: user=0.00 sys=0.00, real=0.00 secs] 
Heap after GC invocations=474 (full 60):
 par new generation   total 6144K, used 4K [0x00000000fec00000, 0x00000000ff2a0000, 0x00000000ff2a0000)
  eden space 5504K,   0% used [0x00000000fec00000, 0x00000000fec00000, 0x00000000ff160000)
  from space 640K,   0% used [0x00000000ff160000, 0x00000000ff161020, 0x00000000ff200000)
  to   space 640K,   0% used [0x00000000ff200000, 0x00000000ff200000, 0x00000000ff2a0000)
 concurrent mark-sweep generation total 13696K, used 9399K [0x00000000ff2a0000, 0x0000000100000000, 0x0000000100000000)
 Metaspace       used 5073K, capacity 5258K, committed 5504K, reserved 1056768K
  class space    used 557K, capacity 597K, committed 640K, reserved 1048576K
}
{Heap before GC invocations=474 (full 60):
 par new generation   total 6144K, used 5233K [0x00000000fec00000, 0x00000000ff2a0000, 0x00000000ff2a0000)
  eden space 5504K,  95% used [0x00000000fec00000, 0x00000000ff11b730, 0x00000000ff160000)
  from space 640K,   0% used [0x00000000ff160000, 0x00000000ff161020, 0x00000000ff200000)
  to   space 640K,   0% used [0x00000000ff200000, 0x00000000ff200000, 0x00000000ff2a0000)
 concurrent mark-sweep generation total 13696K, used 9399K [0x00000000ff2a0000, 0x0000000100000000, 0x0000000100000000)
 Metaspace       used 5073K, capacity 5258K, committed 5504K, reserved 1056768K
  class space    used 557K, capacity 597K, committed 640K, reserved 1048576K
2024-07-16T18:26:16.901+0800: 3.704: [GC (Allocation Failure) 2024-07-16T18:26:16.901+0800: 3.704: [ParNew: 5233K->8K(6144K), 0.0006287 secs] 14633K->10433K(19840K), 0.0006809 secs] [Times: user=0.00 sys=0.00, real=0.00 secs] 
Heap after GC invocations=475 (full 60):
 par new generation   total 6144K, used 8K [0x00000000fec00000, 0x00000000ff2a0000, 0x00000000ff2a0000)
  eden space 5504K,   0% used [0x00000000fec00000, 0x00000000fec00000, 0x00000000ff160000)
  from space 640K,   1% used [0x00000000ff200000, 0x00000000ff202040, 0x00000000ff2a0000)
  to   space 640K,   0% used [0x00000000ff160000, 0x00000000ff160000, 0x00000000ff200000)
 concurrent mark-sweep generation total 13696K, used 10425K [0x00000000ff2a0000, 0x0000000100000000, 0x0000000100000000)
 Metaspace       used 5073K, capacity 5258K, committed 5504K, reserved 1056768K
  class space    used 557K, capacity 597K, committed 640K, reserved 1048576K
}
{Heap before GC invocations=475 (full 60):
 par new generation   total 6144K, used 5237K [0x00000000fec00000, 0x00000000ff2a0000, 0x00000000ff2a0000)
  eden space 5504K,  95% used [0x00000000fec00000, 0x00000000ff11b748, 0x00000000ff160000)
  from space 640K,   1% used [0x00000000ff200000, 0x00000000ff202040, 0x00000000ff2a0000)
  to   space 640K,   0% used [0x00000000ff160000, 0x00000000ff160000, 0x00000000ff200000)
 concurrent mark-sweep generation total 13696K, used 10425K [0x00000000ff2a0000, 0x0000000100000000, 0x0000000100000000)
 Metaspace       used 5073K, capacity 5258K, committed 5504K, reserved 1056768K
  class space    used 557K, capacity 597K, committed 640K, reserved 1048576K
2024-07-16T18:26:16.907+0800: 3.711: [GC (Allocation Failure) 2024-07-16T18:26:16.907+0800: 3.711: [ParNew: 5237K->10K(6144K), 0.0006766 secs] 15663K->11459K(19840K), 0.0007409 secs] [Times: user=0.00 sys=0.00, real=0.00 secs] 
Heap after GC invocations=476 (full 60):
 par new generation   total 6144K, used 10K [0x00000000fec00000, 0x00000000ff2a0000, 0x00000000ff2a0000)
  eden space 5504K,   0% used [0x00000000fec00000, 0x00000000fec00000, 0x00000000ff160000)
  from space 640K,   1% used [0x00000000ff160000, 0x00000000ff162850, 0x00000000ff200000)
  to   space 640K,   0% used [0x00000000ff200000, 0x00000000ff200000, 0x00000000ff2a0000)
 concurrent mark-sweep generation total 13696K, used 11449K [0x00000000ff2a0000, 0x0000000100000000, 0x0000000100000000)
 Metaspace       used 5073K, capacity 5258K, committed 5504K, reserved 1056768K
  class space    used 557K, capacity 597K, committed 640K, reserved 1048576K
}
{Heap before GC invocations=476 (full 60):
 par new generation   total 6144K, used 5239K [0x00000000fec00000, 0x00000000ff2a0000, 0x00000000ff2a0000)
  eden space 5504K,  95% used [0x00000000fec00000, 0x00000000ff11b758, 0x00000000ff160000)
  from space 640K,   1% used [0x00000000ff160000, 0x00000000ff162850, 0x00000000ff200000)
  to   space 640K,   0% used [0x00000000ff200000, 0x00000000ff200000, 0x00000000ff2a0000)
 concurrent mark-sweep generation total 13696K, used 11449K [0x00000000ff2a0000, 0x0000000100000000, 0x0000000100000000)
 Metaspace       used 5073K, capacity 5258K, committed 5504K, reserved 1056768K
  class space    used 557K, capacity 597K, committed 640K, reserved 1048576K
2024-07-16T18:26:16.915+0800: 3.719: [GC (Allocation Failure) 2024-07-16T18:26:16.915+0800: 3.719: [ParNew: 5239K->8K(6144K), 0.0005783 secs] 16689K->12481K(19840K), 0.0006816 secs] [Times: user=0.00 sys=0.00, real=0.00 secs] 
Heap after GC invocations=477 (full 60):
 par new generation   total 6144K, used 8K [0x00000000fec00000, 0x00000000ff2a0000, 0x00000000ff2a0000)
  eden space 5504K,   0% used [0x00000000fec00000, 0x00000000fec00000, 0x00000000ff160000)
  from space 640K,   1% used [0x00000000ff200000, 0x00000000ff202040, 0x00000000ff2a0000)
  to   space 640K,   0% used [0x00000000ff160000, 0x00000000ff160000, 0x00000000ff200000)
 concurrent mark-sweep generation total 13696K, used 12473K [0x00000000ff2a0000, 0x0000000100000000, 0x0000000100000000)
 Metaspace       used 5073K, capacity 5258K, committed 5504K, reserved 1056768K
  class space    used 557K, capacity 597K, committed 640K, reserved 1048576K
}
{Heap before GC invocations=477 (full 60):
 par new generation   total 6144K, used 5237K [0x00000000fec00000, 0x00000000ff2a0000, 0x00000000ff2a0000)
  eden space 5504K,  95% used [0x00000000fec00000, 0x00000000ff11b788, 0x00000000ff160000)
  from space 640K,   1% used [0x00000000ff200000, 0x00000000ff202040, 0x00000000ff2a0000)
  to   space 640K,   0% used [0x00000000ff160000, 0x00000000ff160000, 0x00000000ff200000)
 concurrent mark-sweep generation total 13696K, used 12473K [0x00000000ff2a0000, 0x0000000100000000, 0x0000000100000000)
 Metaspace       used 5073K, capacity 5258K, committed 5504K, reserved 1056768K
  class space    used 557K, capacity 597K, committed 640K, reserved 1048576K
2024-07-16T18:26:16.923+0800: 3.727: [GC (Allocation Failure) 2024-07-16T18:26:16.923+0800: 3.727: [ParNew: 5237K->5237K(6144K), 0.0000161 secs]2024-07-16T18:26:16.923+0800: 3.727: [CMS2024-07-16T18:26:16.923+0800: 3.727: [CMS-concurrent-abortable-preclean: 0.001/0.047 secs] [Times: user=0.00 sys=0.00, real=0.05 secs] 
 (concurrent mode failure): 12473K->1191K(13696K), 0.0033840 secs] 17711K->1191K(19840K), [Metaspace: 5073K->5073K(1056768K)], 0.0034707 secs] [Times: user=0.02 sys=0.00, real=0.00 secs] 
Heap after GC invocations=478 (full 61):
 par new generation   total 6144K, used 0K [0x00000000fec00000, 0x00000000ff2a0000, 0x00000000ff2a0000)
  eden space 5504K,   0% used [0x00000000fec00000, 0x00000000fec00000, 0x00000000ff160000)
  from space 640K,   0% used [0x00000000ff200000, 0x00000000ff200000, 0x00000000ff2a0000)
  to   space 640K,   0% used [0x00000000ff160000, 0x00000000ff160000, 0x00000000ff200000)
 concurrent mark-sweep generation total 13696K, used 1191K [0x00000000ff2a0000, 0x0000000100000000, 0x0000000100000000)
 Metaspace       used 5073K, capacity 5258K, committed 5504K, reserved 1056768K
  class space    used 557K, capacity 597K, committed 640K, reserved 1048576K
}
{Heap before GC invocations=478 (full 61):
 par new generation   total 6144K, used 5229K [0x00000000fec00000, 0x00000000ff2a0000, 0x00000000ff2a0000)
  eden space 5504K,  95% used [0x00000000fec00000, 0x00000000ff11b770, 0x00000000ff160000)
  from space 640K,   0% used [0x00000000ff200000, 0x00000000ff200000, 0x00000000ff2a0000)
  to   space 640K,   0% used [0x00000000ff160000, 0x00000000ff160000, 0x00000000ff200000)
 concurrent mark-sweep generation total 13696K, used 1191K [0x00000000ff2a0000, 0x0000000100000000, 0x0000000100000000)
 Metaspace       used 5073K, capacity 5258K, committed 5504K, reserved 1056768K
  class space    used 557K, capacity 597K, committed 640K, reserved 1048576K
2024-07-16T18:26:16.933+0800: 3.737: [GC (Allocation Failure) 2024-07-16T18:26:16.933+0800: 3.737: [ParNew: 5229K->6K(6144K), 0.0010753 secs] 6421K->2223K(19840K), 0.0011792 secs] [Times: user=0.00 sys=0.00, real=0.00 secs] 
Heap after GC invocations=479 (full 61):
 par new generation   total 6144K, used 6K [0x00000000fec00000, 0x00000000ff2a0000, 0x00000000ff2a0000)
  eden space 5504K,   0% used [0x00000000fec00000, 0x00000000fec00000, 0x00000000ff160000)
  from space 640K,   0% used [0x00000000ff160000, 0x00000000ff161830, 0x00000000ff200000)
  to   space 640K,   0% used [0x00000000ff200000, 0x00000000ff200000, 0x00000000ff2a0000)
 concurrent mark-sweep generation total 13696K, used 2217K [0x00000000ff2a0000, 0x0000000100000000, 0x0000000100000000)
 Metaspace       used 5073K, capacity 5258K, committed 5504K, reserved 1056768K
  class space    used 557K, capacity 597K, committed 640K, reserved 1048576K
}
{Heap before GC invocations=479 (full 61):
 par new generation   total 6144K, used 5235K [0x00000000fec00000, 0x00000000ff2a0000, 0x00000000ff2a0000)
  eden space 5504K,  95% used [0x00000000fec00000, 0x00000000ff11b770, 0x00000000ff160000)
  from space 640K,   0% used [0x00000000ff160000, 0x00000000ff161830, 0x00000000ff200000)
  to   space 640K,   0% used [0x00000000ff200000, 0x00000000ff200000, 0x00000000ff2a0000)
 concurrent mark-sweep generation total 13696K, used 2217K [0x00000000ff2a0000, 0x0000000100000000, 0x0000000100000000)
 Metaspace       used 5073K, capacity 5258K, committed 5504K, reserved 1056768K
  class space    used 557K, capacity 597K, committed 640K, reserved 1048576K
2024-07-16T18:26:16.942+0800: 3.746: [GC (Allocation Failure) 2024-07-16T18:26:16.942+0800: 3.746: [ParNew: 5235K->8K(6144K), 0.0004365 secs] 7453K->3251K(19840K), 0.0004814 secs] [Times: user=0.00 sys=0.00, real=0.00 secs] 
Heap after GC invocations=480 (full 61):
 par new generation   total 6144K, used 8K [0x00000000fec00000, 0x00000000ff2a0000, 0x00000000ff2a0000)
  eden space 5504K,   0% used [0x00000000fec00000, 0x00000000fec00000, 0x00000000ff160000)
  from space 640K,   1% used [0x00000000ff200000, 0x00000000ff202040, 0x00000000ff2a0000)
  to   space 640K,   0% used [0x00000000ff160000, 0x00000000ff160000, 0x00000000ff200000)
 concurrent mark-sweep generation total 13696K, used 3243K [0x00000000ff2a0000, 0x0000000100000000, 0x0000000100000000)
 Metaspace       used 5073K, capacity 5258K, committed 5504K, reserved 1056768K
  class space    used 557K, capacity 597K, committed 640K, reserved 1048576K
}
{Heap before GC invocations=480 (full 61):
 par new generation   total 6144K, used 5237K [0x00000000fec00000, 0x00000000ff2a0000, 0x00000000ff2a0000)
  eden space 5504K,  95% used [0x00000000fec00000, 0x00000000ff11b778, 0x00000000ff160000)
  from space 640K,   1% used [0x00000000ff200000, 0x00000000ff202040, 0x00000000ff2a0000)
  to   space 640K,   0% used [0x00000000ff160000, 0x00000000ff160000, 0x00000000ff200000)
 concurrent mark-sweep generation total 13696K, used 3243K [0x00000000ff2a0000, 0x0000000100000000, 0x0000000100000000)
 Metaspace       used 5073K, capacity 5258K, committed 5504K, reserved 1056768K
  class space    used 557K, capacity 597K, committed 640K, reserved 1048576K
2024-07-16T18:26:16.949+0800: 3.753: [GC (Allocation Failure) 2024-07-16T18:26:16.949+0800: 3.753: [ParNew: 5237K->4K(6144K), 0.0002834 secs] 8481K->3247K(19840K), 0.0003211 secs] [Times: user=0.00 sys=0.00, real=0.00 secs] 
Heap after GC invocations=481 (full 61):
 par new generation   total 6144K, used 4K [0x00000000fec00000, 0x00000000ff2a0000, 0x00000000ff2a0000)
  eden space 5504K,   0% used [0x00000000fec00000, 0x00000000fec00000, 0x00000000ff160000)
  from space 640K,   0% used [0x00000000ff160000, 0x00000000ff161020, 0x00000000ff200000)
  to   space 640K,   0% used [0x00000000ff200000, 0x00000000ff200000, 0x00000000ff2a0000)
 concurrent mark-sweep generation total 13696K, used 3243K [0x00000000ff2a0000, 0x0000000100000000, 0x0000000100000000)
 Metaspace       used 5073K, capacity 5258K, committed 5504K, reserved 1056768K
  class space    used 557K, capacity 597K, committed 640K, reserved 1048576K
}
{Heap before GC invocations=481 (full 61):
 par new generation   total 6144K, used 5233K [0x00000000fec00000, 0x00000000ff2a0000, 0x00000000ff2a0000)
  eden space 5504K,  95% used [0x00000000fec00000, 0x00000000ff11b778, 0x00000000ff160000)
  from space 640K,   0% used [0x00000000ff160000, 0x00000000ff161020, 0x00000000ff200000)
  to   space 640K,   0% used [0x00000000ff200000, 0x00000000ff200000, 0x00000000ff2a0000)
 concurrent mark-sweep generation total 13696K, used 3243K [0x00000000ff2a0000, 0x0000000100000000, 0x0000000100000000)
 Metaspace       used 5073K, capacity 5258K, committed 5504K, reserved 1056768K
  class space    used 557K, capacity 597K, committed 640K, reserved 1048576K
2024-07-16T18:26:16.956+0800: 3.760: [GC (Allocation Failure) 2024-07-16T18:26:16.956+0800: 3.760: [ParNew: 5233K->4K(6144K), 0.0003325 secs] 8477K->3247K(19840K), 0.0004009 secs] [Times: user=0.00 sys=0.00, real=0.00 secs] 
Heap after GC invocations=482 (full 61):
 par new generation   total 6144K, used 4K [0x00000000fec00000, 0x00000000ff2a0000, 0x00000000ff2a0000)
  eden space 5504K,   0% used [0x00000000fec00000, 0x00000000fec00000, 0x00000000ff160000)
  from space 640K,   0% used [0x00000000ff200000, 0x00000000ff201020, 0x00000000ff2a0000)
  to   space 640K,   0% used [0x00000000ff160000, 0x00000000ff160000, 0x00000000ff200000)
 concurrent mark-sweep generation total 13696K, used 3243K [0x00000000ff2a0000, 0x0000000100000000, 0x0000000100000000)
 Metaspace       used 5073K, capacity 5258K, committed 5504K, reserved 1056768K
  class space    used 557K, capacity 597K, committed 640K, reserved 1048576K
}
{Heap before GC invocations=482 (full 61):
 par new generation   total 6144K, used 5233K [0x00000000fec00000, 0x00000000ff2a0000, 0x00000000ff2a0000)
  eden space 5504K,  95% used [0x00000000fec00000, 0x00000000ff11b778, 0x00000000ff160000)
  from space 640K,   0% used [0x00000000ff200000, 0x00000000ff201020, 0x00000000ff2a0000)
  to   space 640K,   0% used [0x00000000ff160000, 0x00000000ff160000, 0x00000000ff200000)
 concurrent mark-sweep generation total 13696K, used 3243K [0x00000000ff2a0000, 0x0000000100000000, 0x0000000100000000)
 Metaspace       used 5073K, capacity 5258K, committed 5504K, reserved 1056768K
  class space    used 557K, capacity 597K, committed 640K, reserved 1048576K
2024-07-16T18:26:16.963+0800: 3.767: [GC (Allocation Failure) 2024-07-16T18:26:16.963+0800: 3.767: [ParNew: 5233K->8K(6144K), 0.0011114 secs] 8477K->4277K(19840K), 0.0012131 secs] [Times: user=0.00 sys=0.00, real=0.00 secs] 
Heap after GC invocations=483 (full 61):
 par new generation   total 6144K, used 8K [0x00000000fec00000, 0x00000000ff2a0000, 0x00000000ff2a0000)
  eden space 5504K,   0% used [0x00000000fec00000, 0x00000000fec00000, 0x00000000ff160000)
  from space 640K,   1% used [0x00000000ff160000, 0x00000000ff162040, 0x00000000ff200000)
  to   space 640K,   0% used [0x00000000ff200000, 0x00000000ff200000, 0x00000000ff2a0000)
 concurrent mark-sweep generation total 13696K, used 4269K [0x00000000ff2a0000, 0x0000000100000000, 0x0000000100000000)
 Metaspace       used 5073K, capacity 5258K, committed 5504K, reserved 1056768K
  class space    used 557K, capacity 597K, committed 640K, reserved 1048576K
}
{Heap before GC invocations=483 (full 61):
 par new generation   total 6144K, used 5237K [0x00000000fec00000, 0x00000000ff2a0000, 0x00000000ff2a0000)
  eden space 5504K,  95% used [0x00000000fec00000, 0x00000000ff11b778, 0x00000000ff160000)
  from space 640K,   1% used [0x00000000ff160000, 0x00000000ff162040, 0x00000000ff200000)
  to   space 640K,   0% used [0x00000000ff200000, 0x00000000ff200000, 0x00000000ff2a0000)
 concurrent mark-sweep generation total 13696K, used 4269K [0x00000000ff2a0000, 0x0000000100000000, 0x0000000100000000)
 Metaspace       used 5073K, capacity 5258K, committed 5504K, reserved 1056768K
  class space    used 557K, capacity 597K, committed 640K, reserved 1048576K
2024-07-16T18:26:16.972+0800: 3.776: [GC (Allocation Failure) 2024-07-16T18:26:16.972+0800: 3.776: [ParNew: 5237K->6K(6144K), 0.0004869 secs] 9507K->5299K(19840K), 0.0005543 secs] [Times: user=0.00 sys=0.00, real=0.00 secs] 
Heap after GC invocations=484 (full 61):
 par new generation   total 6144K, used 6K [0x00000000fec00000, 0x00000000ff2a0000, 0x00000000ff2a0000)
  eden space 5504K,   0% used [0x00000000fec00000, 0x00000000fec00000, 0x00000000ff160000)
  from space 640K,   0% used [0x00000000ff200000, 0x00000000ff201830, 0x00000000ff2a0000)
  to   space 640K,   0% used [0x00000000ff160000, 0x00000000ff160000, 0x00000000ff200000)
 concurrent mark-sweep generation total 13696K, used 5293K [0x00000000ff2a0000, 0x0000000100000000, 0x0000000100000000)
 Metaspace       used 5073K, capacity 5258K, committed 5504K, reserved 1056768K
  class space    used 557K, capacity 597K, committed 640K, reserved 1048576K
}
{Heap before GC invocations=484 (full 61):
 par new generation   total 6144K, used 5235K [0x00000000fec00000, 0x00000000ff2a0000, 0x00000000ff2a0000)
  eden space 5504K,  95% used [0x00000000fec00000, 0x00000000ff11b778, 0x00000000ff160000)
  from space 640K,   0% used [0x00000000ff200000, 0x00000000ff201830, 0x00000000ff2a0000)
  to   space 640K,   0% used [0x00000000ff160000, 0x00000000ff160000, 0x00000000ff200000)
 concurrent mark-sweep generation total 13696K, used 5293K [0x00000000ff2a0000, 0x0000000100000000, 0x0000000100000000)
 Metaspace       used 5073K, capacity 5258K, committed 5504K, reserved 1056768K
  class space    used 557K, capacity 597K, committed 640K, reserved 1048576K
2024-07-16T18:26:16.979+0800: 3.783: [GC (Allocation Failure) 2024-07-16T18:26:16.979+0800: 3.783: [ParNew: 5235K->8K(6144K), 0.0010517 secs] 10529K->6325K(19840K), 0.0011547 secs] [Times: user=0.00 sys=0.00, real=0.00 secs] 
Heap after GC invocations=485 (full 61):
 par new generation   total 6144K, used 8K [0x00000000fec00000, 0x00000000ff2a0000, 0x00000000ff2a0000)
  eden space 5504K,   0% used [0x00000000fec00000, 0x00000000fec00000, 0x00000000ff160000)
  from space 640K,   1% used [0x00000000ff160000, 0x00000000ff162040, 0x00000000ff200000)
  to   space 640K,   0% used [0x00000000ff200000, 0x00000000ff200000, 0x00000000ff2a0000)
 concurrent mark-sweep generation total 13696K, used 6317K [0x00000000ff2a0000, 0x0000000100000000, 0x0000000100000000)
 Metaspace       used 5073K, capacity 5258K, committed 5504K, reserved 1056768K
  class space    used 557K, capacity 597K, committed 640K, reserved 1048576K
}
{Heap before GC invocations=485 (full 61):
 par new generation   total 6144K, used 5237K [0x00000000fec00000, 0x00000000ff2a0000, 0x00000000ff2a0000)
  eden space 5504K,  95% used [0x00000000fec00000, 0x00000000ff11b778, 0x00000000ff160000)
  from space 640K,   1% used [0x00000000ff160000, 0x00000000ff162040, 0x00000000ff200000)
  to   space 640K,   0% used [0x00000000ff200000, 0x00000000ff200000, 0x00000000ff2a0000)
 concurrent mark-sweep generation total 13696K, used 6317K [0x00000000ff2a0000, 0x0000000100000000, 0x0000000100000000)
 Metaspace       used 5073K, capacity 5258K, committed 5504K, reserved 1056768K
  class space    used 557K, capacity 597K, committed 640K, reserved 1048576K
2024-07-16T18:26:16.992+0800: 3.797: [GC (Allocation Failure) 2024-07-16T18:26:16.992+0800: 3.797: [ParNew: 5237K->4K(6144K), 0.0006631 secs] 11555K->6321K(19840K), 0.0007712 secs] [Times: user=0.00 sys=0.00, real=0.00 secs] 
Heap after GC invocations=486 (full 61):
 par new generation   total 6144K, used 4K [0x00000000fec00000, 0x00000000ff2a0000, 0x00000000ff2a0000)
  eden space 5504K,   0% used [0x00000000fec00000, 0x00000000fec00000, 0x00000000ff160000)
  from space 640K,   0% used [0x00000000ff200000, 0x00000000ff201020, 0x00000000ff2a0000)
  to   space 640K,   0% used [0x00000000ff160000, 0x00000000ff160000, 0x00000000ff200000)
 concurrent mark-sweep generation total 13696K, used 6317K [0x00000000ff2a0000, 0x0000000100000000, 0x0000000100000000)
 Metaspace       used 5073K, capacity 5258K, committed 5504K, reserved 1056768K
  class space    used 557K, capacity 597K, committed 640K, reserved 1048576K
}
{Heap before GC invocations=486 (full 61):
 par new generation   total 6144K, used 5233K [0x00000000fec00000, 0x00000000ff2a0000, 0x00000000ff2a0000)
  eden space 5504K,  95% used [0x00000000fec00000, 0x00000000ff11b778, 0x00000000ff160000)
  from space 640K,   0% used [0x00000000ff200000, 0x00000000ff201020, 0x00000000ff2a0000)
  to   space 640K,   0% used [0x00000000ff160000, 0x00000000ff160000, 0x00000000ff200000)
 concurrent mark-sweep generation total 13696K, used 6317K [0x00000000ff2a0000, 0x0000000100000000, 0x0000000100000000)
 Metaspace       used 5073K, capacity 5258K, committed 5504K, reserved 1056768K
  class space    used 557K, capacity 597K, committed 640K, reserved 1048576K
2024-07-16T18:26:17.000+0800: 3.804: [GC (Allocation Failure) 2024-07-16T18:26:17.000+0800: 3.804: [ParNew: 5233K->10K(6144K), 0.0004798 secs] 11551K->7353K(19840K), 0.0005321 secs] [Times: user=0.00 sys=0.00, real=0.00 secs] 
Heap after GC invocations=487 (full 61):
 par new generation   total 6144K, used 10K [0x00000000fec00000, 0x00000000ff2a0000, 0x00000000ff2a0000)
  eden space 5504K,   0% used [0x00000000fec00000, 0x00000000fec00000, 0x00000000ff160000)
  from space 640K,   1% used [0x00000000ff160000, 0x00000000ff162850, 0x00000000ff200000)
  to   space 640K,   0% used [0x00000000ff200000, 0x00000000ff200000, 0x00000000ff2a0000)
 concurrent mark-sweep generation total 13696K, used 7343K [0x00000000ff2a0000, 0x0000000100000000, 0x0000000100000000)
 Metaspace       used 5073K, capacity 5258K, committed 5504K, reserved 1056768K
  class space    used 557K, capacity 597K, committed 640K, reserved 1048576K
}
{Heap before GC invocations=487 (full 61):
 par new generation   total 6144K, used 5239K [0x00000000fec00000, 0x00000000ff2a0000, 0x00000000ff2a0000)
  eden space 5504K,  95% used [0x00000000fec00000, 0x00000000ff11b778, 0x00000000ff160000)
  from space 640K,   1% used [0x00000000ff160000, 0x00000000ff162850, 0x00000000ff200000)
  to   space 640K,   0% used [0x00000000ff200000, 0x00000000ff200000, 0x00000000ff2a0000)
 concurrent mark-sweep generation total 13696K, used 7343K [0x00000000ff2a0000, 0x0000000100000000, 0x0000000100000000)
 Metaspace       used 5073K, capacity 5258K, committed 5504K, reserved 1056768K
  class space    used 557K, capacity 597K, committed 640K, reserved 1048576K
2024-07-16T18:26:17.007+0800: 3.811: [GC (Allocation Failure) 2024-07-16T18:26:17.007+0800: 3.811: [ParNew: 5239K->6K(6144K), 0.0003721 secs] 12583K->8373K(19840K), 0.0004163 secs] [Times: user=0.00 sys=0.00, real=0.00 secs] 
Heap after GC invocations=488 (full 61):
 par new generation   total 6144K, used 6K [0x00000000fec00000, 0x00000000ff2a0000, 0x00000000ff2a0000)
  eden space 5504K,   0% used [0x00000000fec00000, 0x00000000fec00000, 0x00000000ff160000)
  from space 640K,   0% used [0x00000000ff200000, 0x00000000ff201830, 0x00000000ff2a0000)
  to   space 640K,   0% used [0x00000000ff160000, 0x00000000ff160000, 0x00000000ff200000)
 concurrent mark-sweep generation total 13696K, used 8367K [0x00000000ff2a0000, 0x0000000100000000, 0x0000000100000000)
 Metaspace       used 5073K, capacity 5258K, committed 5504K, reserved 1056768K
  class space    used 557K, capacity 597K, committed 640K, reserved 1048576K
}
2024-07-16T18:26:17.007+0800: 3.812: [GC (CMS Initial Mark) [1 CMS-initial-mark: 8367K(13696K)] 9397K(19840K), 0.0001073 secs] [Times: user=0.00 sys=0.00, real=0.00 secs] 
2024-07-16T18:26:17.007+0800: 3.812: [CMS-concurrent-mark-start]
2024-07-16T18:26:17.008+0800: 3.813: [CMS-concurrent-mark: 0.001/0.001 secs] [Times: user=0.00 sys=0.00, real=0.00 secs] 
2024-07-16T18:26:17.008+0800: 3.813: [CMS-concurrent-preclean-start]
2024-07-16T18:26:17.008+0800: 3.813: [CMS-concurrent-preclean: 0.000/0.000 secs] [Times: user=0.00 sys=0.00, real=0.00 secs] 
2024-07-16T18:26:17.008+0800: 3.813: [CMS-concurrent-abortable-preclean-start]
{Heap before GC invocations=488 (full 62):
 par new generation   total 6144K, used 5235K [0x00000000fec00000, 0x00000000ff2a0000, 0x00000000ff2a0000)
  eden space 5504K,  95% used [0x00000000fec00000, 0x00000000ff11b780, 0x00000000ff160000)
  from space 640K,   0% used [0x00000000ff200000, 0x00000000ff201830, 0x00000000ff2a0000)
  to   space 640K,   0% used [0x00000000ff160000, 0x00000000ff160000, 0x00000000ff200000)
 concurrent mark-sweep generation total 13696K, used 8367K [0x00000000ff2a0000, 0x0000000100000000, 0x0000000100000000)
 Metaspace       used 5073K, capacity 5258K, committed 5504K, reserved 1056768K
  class space    used 557K, capacity 597K, committed 640K, reserved 1048576K
2024-07-16T18:26:17.014+0800: 3.818: [GC (Allocation Failure) 2024-07-16T18:26:17.014+0800: 3.818: [ParNew: 5235K->8K(6144K), 0.0003736 secs] 13603K->9399K(19840K), 0.0004117 secs] [Times: user=0.00 sys=0.00, real=0.00 secs] 
Heap after GC invocations=489 (full 62):
 par new generation   total 6144K, used 8K [0x00000000fec00000, 0x00000000ff2a0000, 0x00000000ff2a0000)
  eden space 5504K,   0% used [0x00000000fec00000, 0x00000000fec00000, 0x00000000ff160000)
  from space 640K,   1% used [0x00000000ff160000, 0x00000000ff162040, 0x00000000ff200000)
  to   space 640K,   0% used [0x00000000ff200000, 0x00000000ff200000, 0x00000000ff2a0000)
 concurrent mark-sweep generation total 13696K, used 9391K [0x00000000ff2a0000, 0x0000000100000000, 0x0000000100000000)
 Metaspace       used 5073K, capacity 5258K, committed 5504K, reserved 1056768K
  class space    used 557K, capacity 597K, committed 640K, reserved 1048576K
}
{Heap before GC invocations=489 (full 62):
 par new generation   total 6144K, used 5237K [0x00000000fec00000, 0x00000000ff2a0000, 0x00000000ff2a0000)
  eden space 5504K,  95% used [0x00000000fec00000, 0x00000000ff11b780, 0x00000000ff160000)
  from space 640K,   1% used [0x00000000ff160000, 0x00000000ff162040, 0x00000000ff200000)
  to   space 640K,   0% used [0x00000000ff200000, 0x00000000ff200000, 0x00000000ff2a0000)
 concurrent mark-sweep generation total 13696K, used 9391K [0x00000000ff2a0000, 0x0000000100000000, 0x0000000100000000)
 Metaspace       used 5073K, capacity 5258K, committed 5504K, reserved 1056768K
  class space    used 557K, capacity 597K, committed 640K, reserved 1048576K
2024-07-16T18:26:17.021+0800: 3.825: [GC (Allocation Failure) 2024-07-16T18:26:17.021+0800: 3.825: [ParNew: 5237K->4K(6144K), 0.0002949 secs] 14629K->9395K(19840K), 0.0003453 secs] [Times: user=0.00 sys=0.00, real=0.00 secs] 
Heap after GC invocations=490 (full 62):
 par new generation   total 6144K, used 4K [0x00000000fec00000, 0x00000000ff2a0000, 0x00000000ff2a0000)
  eden space 5504K,   0% used [0x00000000fec00000, 0x00000000fec00000, 0x00000000ff160000)
  from space 640K,   0% used [0x00000000ff200000, 0x00000000ff201020, 0x00000000ff2a0000)
  to   space 640K,   0% used [0x00000000ff160000, 0x00000000ff160000, 0x00000000ff200000)
 concurrent mark-sweep generation total 13696K, used 9391K [0x00000000ff2a0000, 0x0000000100000000, 0x0000000100000000)
 Metaspace       used 5073K, capacity 5258K, committed 5504K, reserved 1056768K
  class space    used 557K, capacity 597K, committed 640K, reserved 1048576K
}
{Heap before GC invocations=490 (full 62):
 par new generation   total 6144K, used 5233K [0x00000000fec00000, 0x00000000ff2a0000, 0x00000000ff2a0000)
  eden space 5504K,  95% used [0x00000000fec00000, 0x00000000ff11b780, 0x00000000ff160000)
  from space 640K,   0% used [0x00000000ff200000, 0x00000000ff201020, 0x00000000ff2a0000)
  to   space 640K,   0% used [0x00000000ff160000, 0x00000000ff160000, 0x00000000ff200000)
 concurrent mark-sweep generation total 13696K, used 9391K [0x00000000ff2a0000, 0x0000000100000000, 0x0000000100000000)
 Metaspace       used 5073K, capacity 5258K, committed 5504K, reserved 1056768K
  class space    used 557K, capacity 597K, committed 640K, reserved 1048576K
2024-07-16T18:26:17.027+0800: 3.831: [GC (Allocation Failure) 2024-07-16T18:26:17.027+0800: 3.831: [ParNew: 5233K->10K(6144K), 0.0004010 secs] 14625K->10427K(19840K), 0.0004411 secs] [Times: user=0.00 sys=0.00, real=0.00 secs] 
Heap after GC invocations=491 (full 62):
 par new generation   total 6144K, used 10K [0x00000000fec00000, 0x00000000ff2a0000, 0x00000000ff2a0000)
  eden space 5504K,   0% used [0x00000000fec00000, 0x00000000fec00000, 0x00000000ff160000)
  from space 640K,   1% used [0x00000000ff160000, 0x00000000ff162850, 0x00000000ff200000)
  to   space 640K,   0% used [0x00000000ff200000, 0x00000000ff200000, 0x00000000ff2a0000)
 concurrent mark-sweep generation total 13696K, used 10417K [0x00000000ff2a0000, 0x0000000100000000, 0x0000000100000000)
 Metaspace       used 5073K, capacity 5258K, committed 5504K, reserved 1056768K
  class space    used 557K, capacity 597K, committed 640K, reserved 1048576K
}
{Heap before GC invocations=491 (full 62):
 par new generation   total 6144K, used 5239K [0x00000000fec00000, 0x00000000ff2a0000, 0x00000000ff2a0000)
  eden space 5504K,  95% used [0x00000000fec00000, 0x00000000ff11b780, 0x00000000ff160000)
  from space 640K,   1% used [0x00000000ff160000, 0x00000000ff162850, 0x00000000ff200000)
  to   space 640K,   0% used [0x00000000ff200000, 0x00000000ff200000, 0x00000000ff2a0000)
 concurrent mark-sweep generation total 13696K, used 10417K [0x00000000ff2a0000, 0x0000000100000000, 0x0000000100000000)
 Metaspace       used 5073K, capacity 5258K, committed 5504K, reserved 1056768K
  class space    used 557K, capacity 597K, committed 640K, reserved 1048576K
2024-07-16T18:26:17.034+0800: 3.838: [GC (Allocation Failure) 2024-07-16T18:26:17.034+0800: 3.838: [ParNew: 5239K->4K(6144K), 0.0003026 secs] 15657K->10421K(19840K), 0.0003391 secs] [Times: user=0.00 sys=0.00, real=0.00 secs] 
Heap after GC invocations=492 (full 62):
 par new generation   total 6144K, used 4K [0x00000000fec00000, 0x00000000ff2a0000, 0x00000000ff2a0000)
  eden space 5504K,   0% used [0x00000000fec00000, 0x00000000fec00000, 0x00000000ff160000)
  from space 640K,   0% used [0x00000000ff200000, 0x00000000ff201020, 0x00000000ff2a0000)
  to   space 640K,   0% used [0x00000000ff160000, 0x00000000ff160000, 0x00000000ff200000)
 concurrent mark-sweep generation total 13696K, used 10417K [0x00000000ff2a0000, 0x0000000100000000, 0x0000000100000000)
 Metaspace       used 5073K, capacity 5258K, committed 5504K, reserved 1056768K
  class space    used 557K, capacity 597K, committed 640K, reserved 1048576K
}
{Heap before GC invocations=492 (full 62):
 par new generation   total 6144K, used 5233K [0x00000000fec00000, 0x00000000ff2a0000, 0x00000000ff2a0000)
  eden space 5504K,  95% used [0x00000000fec00000, 0x00000000ff11b780, 0x00000000ff160000)
  from space 640K,   0% used [0x00000000ff200000, 0x00000000ff201020, 0x00000000ff2a0000)
  to   space 640K,   0% used [0x00000000ff160000, 0x00000000ff160000, 0x00000000ff200000)
 concurrent mark-sweep generation total 13696K, used 10417K [0x00000000ff2a0000, 0x0000000100000000, 0x0000000100000000)
 Metaspace       used 5073K, capacity 5258K, committed 5504K, reserved 1056768K
  class space    used 557K, capacity 597K, committed 640K, reserved 1048576K
2024-07-16T18:26:17.040+0800: 3.844: [GC (Allocation Failure) 2024-07-16T18:26:17.040+0800: 3.844: [ParNew: 5233K->8K(6144K), 0.0004465 secs] 15651K->11449K(19840K), 0.0005242 secs] [Times: user=0.00 sys=0.00, real=0.00 secs] 
Heap after GC invocations=493 (full 62):
 par new generation   total 6144K, used 8K [0x00000000fec00000, 0x00000000ff2a0000, 0x00000000ff2a0000)
  eden space 5504K,   0% used [0x00000000fec00000, 0x00000000fec00000, 0x00000000ff160000)
  from space 640K,   1% used [0x00000000ff160000, 0x00000000ff162040, 0x00000000ff200000)
  to   space 640K,   0% used [0x00000000ff200000, 0x00000000ff200000, 0x00000000ff2a0000)
 concurrent mark-sweep generation total 13696K, used 11441K [0x00000000ff2a0000, 0x0000000100000000, 0x0000000100000000)
 Metaspace       used 5073K, capacity 5258K, committed 5504K, reserved 1056768K
  class space    used 557K, capacity 597K, committed 640K, reserved 1048576K
}
{Heap before GC invocations=493 (full 62):
 par new generation   total 6144K, used 5237K [0x00000000fec00000, 0x00000000ff2a0000, 0x00000000ff2a0000)
  eden space 5504K,  95% used [0x00000000fec00000, 0x00000000ff11b780, 0x00000000ff160000)
  from space 640K,   1% used [0x00000000ff160000, 0x00000000ff162040, 0x00000000ff200000)
  to   space 640K,   0% used [0x00000000ff200000, 0x00000000ff200000, 0x00000000ff2a0000)
 concurrent mark-sweep generation total 13696K, used 11441K [0x00000000ff2a0000, 0x0000000100000000, 0x0000000100000000)
 Metaspace       used 5073K, capacity 5258K, committed 5504K, reserved 1056768K
  class space    used 557K, capacity 597K, committed 640K, reserved 1048576K
2024-07-16T18:26:17.047+0800: 3.851: [GC (Allocation Failure) 2024-07-16T18:26:17.047+0800: 3.851: [ParNew: 5237K->4K(6144K), 0.0002382 secs] 16679K->11445K(19840K), 0.0002624 secs] [Times: user=0.00 sys=0.00, real=0.00 secs] 
Heap after GC invocations=494 (full 62):
 par new generation   total 6144K, used 4K [0x00000000fec00000, 0x00000000ff2a0000, 0x00000000ff2a0000)
  eden space 5504K,   0% used [0x00000000fec00000, 0x00000000fec00000, 0x00000000ff160000)
  from space 640K,   0% used [0x00000000ff200000, 0x00000000ff201020, 0x00000000ff2a0000)
  to   space 640K,   0% used [0x00000000ff160000, 0x00000000ff160000, 0x00000000ff200000)
 concurrent mark-sweep generation total 13696K, used 11441K [0x00000000ff2a0000, 0x0000000100000000, 0x0000000100000000)
 Metaspace       used 5073K, capacity 5258K, committed 5504K, reserved 1056768K
  class space    used 557K, capacity 597K, committed 640K, reserved 1048576K
}
{Heap before GC invocations=494 (full 62):
 par new generation   total 6144K, used 5233K [0x00000000fec00000, 0x00000000ff2a0000, 0x00000000ff2a0000)
  eden space 5504K,  95% used [0x00000000fec00000, 0x00000000ff11b780, 0x00000000ff160000)
  from space 640K,   0% used [0x00000000ff200000, 0x00000000ff201020, 0x00000000ff2a0000)
  to   space 640K,   0% used [0x00000000ff160000, 0x00000000ff160000, 0x00000000ff200000)
 concurrent mark-sweep generation total 13696K, used 11441K [0x00000000ff2a0000, 0x0000000100000000, 0x0000000100000000)
 Metaspace       used 5073K, capacity 5258K, committed 5504K, reserved 1056768K
  class space    used 557K, capacity 597K, committed 640K, reserved 1048576K
2024-07-16T18:26:17.053+0800: 3.857: [GC (Allocation Failure) 2024-07-16T18:26:17.053+0800: 3.857: [ParNew: 5233K->10K(6144K), 0.0003197 secs] 16675K->12477K(19840K), 0.0003483 secs] [Times: user=0.00 sys=0.00, real=0.00 secs] 
Heap after GC invocations=495 (full 62):
 par new generation   total 6144K, used 10K [0x00000000fec00000, 0x00000000ff2a0000, 0x00000000ff2a0000)
  eden space 5504K,   0% used [0x00000000fec00000, 0x00000000fec00000, 0x00000000ff160000)
  from space 640K,   1% used [0x00000000ff160000, 0x00000000ff162850, 0x00000000ff200000)
  to   space 640K,   0% used [0x00000000ff200000, 0x00000000ff200000, 0x00000000ff2a0000)
 concurrent mark-sweep generation total 13696K, used 12467K [0x00000000ff2a0000, 0x0000000100000000, 0x0000000100000000)
 Metaspace       used 5073K, capacity 5258K, committed 5504K, reserved 1056768K
  class space    used 557K, capacity 597K, committed 640K, reserved 1048576K
}
{Heap before GC invocations=495 (full 62):
 par new generation   total 6144K, used 5239K [0x00000000fec00000, 0x00000000ff2a0000, 0x00000000ff2a0000)
  eden space 5504K,  95% used [0x00000000fec00000, 0x00000000ff11b780, 0x00000000ff160000)
  from space 640K,   1% used [0x00000000ff160000, 0x00000000ff162850, 0x00000000ff200000)
  to   space 640K,   0% used [0x00000000ff200000, 0x00000000ff200000, 0x00000000ff2a0000)
 concurrent mark-sweep generation total 13696K, used 12467K [0x00000000ff2a0000, 0x0000000100000000, 0x0000000100000000)
 Metaspace       used 5073K, capacity 5258K, committed 5504K, reserved 1056768K
  class space    used 557K, capacity 597K, committed 640K, reserved 1048576K
2024-07-16T18:26:17.061+0800: 3.865: [GC (Allocation Failure) 2024-07-16T18:26:17.061+0800: 3.865: [ParNew: 5239K->5239K(6144K), 0.0000071 secs]2024-07-16T18:26:17.061+0800: 3.865: [CMS2024-07-16T18:26:17.061+0800: 3.865: [CMS-concurrent-abortable-preclean: 0.000/0.052 secs] [Times: user=0.00 sys=0.00, real=0.05 secs] 
 (concurrent mode failure): 12467K->1191K(13696K), 0.0021241 secs] 17707K->1191K(19840K), [Metaspace: 5073K->5073K(1056768K)], 0.0021639 secs] [Times: user=0.00 sys=0.00, real=0.00 secs] 
Heap after GC invocations=496 (full 63):
 par new generation   total 6144K, used 0K [0x00000000fec00000, 0x00000000ff2a0000, 0x00000000ff2a0000)
  eden space 5504K,   0% used [0x00000000fec00000, 0x00000000fec00000, 0x00000000ff160000)
  from space 640K,   0% used [0x00000000ff160000, 0x00000000ff160000, 0x00000000ff200000)
  to   space 640K,   0% used [0x00000000ff200000, 0x00000000ff200000, 0x00000000ff2a0000)
 concurrent mark-sweep generation total 13696K, used 1191K [0x00000000ff2a0000, 0x0000000100000000, 0x0000000100000000)
 Metaspace       used 5073K, capacity 5258K, committed 5504K, reserved 1056768K
  class space    used 557K, capacity 597K, committed 640K, reserved 1048576K
}
{Heap before GC invocations=496 (full 63):
 par new generation   total 6144K, used 5229K [0x00000000fec00000, 0x00000000ff2a0000, 0x00000000ff2a0000)
  eden space 5504K,  95% used [0x00000000fec00000, 0x00000000ff11b780, 0x00000000ff160000)
  from space 640K,   0% used [0x00000000ff160000, 0x00000000ff160000, 0x00000000ff200000)
  to   space 640K,   0% used [0x00000000ff200000, 0x00000000ff200000, 0x00000000ff2a0000)
 concurrent mark-sweep generation total 13696K, used 1191K [0x00000000ff2a0000, 0x0000000100000000, 0x0000000100000000)
 Metaspace       used 5073K, capacity 5258K, committed 5504K, reserved 1056768K
  class space    used 557K, capacity 597K, committed 640K, reserved 1048576K
2024-07-16T18:26:17.071+0800: 3.875: [GC (Allocation Failure) 2024-07-16T18:26:17.071+0800: 3.875: [ParNew: 5229K->10K(6144K), 0.0003808 secs] 6421K->2227K(19840K), 0.0004052 secs] [Times: user=0.00 sys=0.00, real=0.00 secs] 
Heap after GC invocations=497 (full 63):
 par new generation   total 6144K, used 10K [0x00000000fec00000, 0x00000000ff2a0000, 0x00000000ff2a0000)
  eden space 5504K,   0% used [0x00000000fec00000, 0x00000000fec00000, 0x00000000ff160000)
  from space 640K,   1% used [0x00000000ff200000, 0x00000000ff202850, 0x00000000ff2a0000)
  to   space 640K,   0% used [0x00000000ff160000, 0x00000000ff160000, 0x00000000ff200000)
 concurrent mark-sweep generation total 13696K, used 2217K [0x00000000ff2a0000, 0x0000000100000000, 0x0000000100000000)
 Metaspace       used 5073K, capacity 5258K, committed 5504K, reserved 1056768K
  class space    used 557K, capacity 597K, committed 640K, reserved 1048576K
}
{Heap before GC invocations=497 (full 63):
 par new generation   total 6144K, used 5239K [0x00000000fec00000, 0x00000000ff2a0000, 0x00000000ff2a0000)
  eden space 5504K,  95% used [0x00000000fec00000, 0x00000000ff11b780, 0x00000000ff160000)
  from space 640K,   1% used [0x00000000ff200000, 0x00000000ff202850, 0x00000000ff2a0000)
  to   space 640K,   0% used [0x00000000ff160000, 0x00000000ff160000, 0x00000000ff200000)
 concurrent mark-sweep generation total 13696K, used 2217K [0x00000000ff2a0000, 0x0000000100000000, 0x0000000100000000)
 Metaspace       used 5073K, capacity 5258K, committed 5504K, reserved 1056768K
  class space    used 557K, capacity 597K, committed 640K, reserved 1048576K
2024-07-16T18:26:17.079+0800: 3.883: [GC (Allocation Failure) 2024-07-16T18:26:17.079+0800: 3.883: [ParNew: 5239K->2K(6144K), 0.0002761 secs] 7457K->2219K(19840K), 0.0003109 secs] [Times: user=0.00 sys=0.00, real=0.00 secs] 
Heap after GC invocations=498 (full 63):
 par new generation   total 6144K, used 2K [0x00000000fec00000, 0x00000000ff2a0000, 0x00000000ff2a0000)
  eden space 5504K,   0% used [0x00000000fec00000, 0x00000000fec00000, 0x00000000ff160000)
  from space 640K,   0% used [0x00000000ff160000, 0x00000000ff160810, 0x00000000ff200000)
  to   space 640K,   0% used [0x00000000ff200000, 0x00000000ff200000, 0x00000000ff2a0000)
 concurrent mark-sweep generation total 13696K, used 2217K [0x00000000ff2a0000, 0x0000000100000000, 0x0000000100000000)
 Metaspace       used 5073K, capacity 5258K, committed 5504K, reserved 1056768K
  class space    used 557K, capacity 597K, committed 640K, reserved 1048576K
}
{Heap before GC invocations=498 (full 63):
 par new generation   total 6144K, used 5231K [0x00000000fec00000, 0x00000000ff2a0000, 0x00000000ff2a0000)
  eden space 5504K,  95% used [0x00000000fec00000, 0x00000000ff11b780, 0x00000000ff160000)
  from space 640K,   0% used [0x00000000ff160000, 0x00000000ff160810, 0x00000000ff200000)
  to   space 640K,   0% used [0x00000000ff200000, 0x00000000ff200000, 0x00000000ff2a0000)
 concurrent mark-sweep generation total 13696K, used 2217K [0x00000000ff2a0000, 0x0000000100000000, 0x0000000100000000)
 Metaspace       used 5073K, capacity 5258K, committed 5504K, reserved 1056768K
  class space    used 557K, capacity 597K, committed 640K, reserved 1048576K
2024-07-16T18:26:17.086+0800: 3.890: [GC (Allocation Failure) 2024-07-16T18:26:17.086+0800: 3.890: [ParNew: 5231K->8K(6144K), 0.0003312 secs] 7449K->3249K(19840K), 0.0003646 secs] [Times: user=0.00 sys=0.00, real=0.00 secs] 
Heap after GC invocations=499 (full 63):
 par new generation   total 6144K, used 8K [0x00000000fec00000, 0x00000000ff2a0000, 0x00000000ff2a0000)
  eden space 5504K,   0% used [0x00000000fec00000, 0x00000000fec00000, 0x00000000ff160000)
  from space 640K,   1% used [0x00000000ff200000, 0x00000000ff202040, 0x00000000ff2a0000)
  to   space 640K,   0% used [0x00000000ff160000, 0x00000000ff160000, 0x00000000ff200000)
 concurrent mark-sweep generation total 13696K, used 3241K [0x00000000ff2a0000, 0x0000000100000000, 0x0000000100000000)
 Metaspace       used 5073K, capacity 5258K, committed 5504K, reserved 1056768K
  class space    used 557K, capacity 597K, committed 640K, reserved 1048576K
}
{Heap before GC invocations=499 (full 63):
 par new generation   total 6144K, used 5237K [0x00000000fec00000, 0x00000000ff2a0000, 0x00000000ff2a0000)
  eden space 5504K,  95% used [0x00000000fec00000, 0x00000000ff11b780, 0x00000000ff160000)
  from space 640K,   1% used [0x00000000ff200000, 0x00000000ff202040, 0x00000000ff2a0000)
  to   space 640K,   0% used [0x00000000ff160000, 0x00000000ff160000, 0x00000000ff200000)
 concurrent mark-sweep generation total 13696K, used 3241K [0x00000000ff2a0000, 0x0000000100000000, 0x0000000100000000)
 Metaspace       used 5073K, capacity 5258K, committed 5504K, reserved 1056768K
  class space    used 557K, capacity 597K, committed 640K, reserved 1048576K
2024-07-16T18:26:17.093+0800: 3.897: [GC (Allocation Failure) 2024-07-16T18:26:17.093+0800: 3.897: [ParNew: 5237K->4K(6144K), 0.0006559 secs] 8479K->3245K(19840K), 0.0007396 secs] [Times: user=0.00 sys=0.00, real=0.00 secs] 
Heap after GC invocations=500 (full 63):
 par new generation   total 6144K, used 4K [0x00000000fec00000, 0x00000000ff2a0000, 0x00000000ff2a0000)
  eden space 5504K,   0% used [0x00000000fec00000, 0x00000000fec00000, 0x00000000ff160000)
  from space 640K,   0% used [0x00000000ff160000, 0x00000000ff161020, 0x00000000ff200000)
  to   space 640K,   0% used [0x00000000ff200000, 0x00000000ff200000, 0x00000000ff2a0000)
 concurrent mark-sweep generation total 13696K, used 3241K [0x00000000ff2a0000, 0x0000000100000000, 0x0000000100000000)
 Metaspace       used 5073K, capacity 5258K, committed 5504K, reserved 1056768K
  class space    used 557K, capacity 597K, committed 640K, reserved 1048576K
}
{Heap before GC invocations=500 (full 63):
 par new generation   total 6144K, used 5233K [0x00000000fec00000, 0x00000000ff2a0000, 0x00000000ff2a0000)
  eden space 5504K,  95% used [0x00000000fec00000, 0x00000000ff11b780, 0x00000000ff160000)
  from space 640K,   0% used [0x00000000ff160000, 0x00000000ff161020, 0x00000000ff200000)
  to   space 640K,   0% used [0x00000000ff200000, 0x00000000ff200000, 0x00000000ff2a0000)
 concurrent mark-sweep generation total 13696K, used 3241K [0x00000000ff2a0000, 0x0000000100000000, 0x0000000100000000)
 Metaspace       used 5073K, capacity 5258K, committed 5504K, reserved 1056768K
  class space    used 557K, capacity 597K, committed 640K, reserved 1048576K
2024-07-16T18:26:17.102+0800: 3.906: [GC (Allocation Failure) 2024-07-16T18:26:17.102+0800: 3.906: [ParNew: 5233K->4K(6144K), 0.0009857 secs] 8475K->3245K(19840K), 0.0010810 secs] [Times: user=0.00 sys=0.00, real=0.00 secs] 
Heap after GC invocations=501 (full 63):
 par new generation   total 6144K, used 4K [0x00000000fec00000, 0x00000000ff2a0000, 0x00000000ff2a0000)
  eden space 5504K,   0% used [0x00000000fec00000, 0x00000000fec00000, 0x00000000ff160000)
  from space 640K,   0% used [0x00000000ff200000, 0x00000000ff201020, 0x00000000ff2a0000)
  to   space 640K,   0% used [0x00000000ff160000, 0x00000000ff160000, 0x00000000ff200000)
 concurrent mark-sweep generation total 13696K, used 3241K [0x00000000ff2a0000, 0x0000000100000000, 0x0000000100000000)
 Metaspace       used 5073K, capacity 5258K, committed 5504K, reserved 1056768K
  class space    used 557K, capacity 597K, committed 640K, reserved 1048576K
}
{Heap before GC invocations=501 (full 63):
 par new generation   total 6144K, used 5233K [0x00000000fec00000, 0x00000000ff2a0000, 0x00000000ff2a0000)
  eden space 5504K,  95% used [0x00000000fec00000, 0x00000000ff11b780, 0x00000000ff160000)
  from space 640K,   0% used [0x00000000ff200000, 0x00000000ff201020, 0x00000000ff2a0000)
  to   space 640K,   0% used [0x00000000ff160000, 0x00000000ff160000, 0x00000000ff200000)
 concurrent mark-sweep generation total 13696K, used 3241K [0x00000000ff2a0000, 0x0000000100000000, 0x0000000100000000)
 Metaspace       used 5073K, capacity 5258K, committed 5504K, reserved 1056768K
  class space    used 557K, capacity 597K, committed 640K, reserved 1048576K
2024-07-16T18:26:17.110+0800: 3.914: [GC (Allocation Failure) 2024-07-16T18:26:17.110+0800: 3.914: [ParNew: 5233K->10K(6144K), 0.0013366 secs] 8475K->4277K(19840K), 0.0014406 secs] [Times: user=0.00 sys=0.00, real=0.00 secs] 
Heap after GC invocations=502 (full 63):
 par new generation   total 6144K, used 10K [0x00000000fec00000, 0x00000000ff2a0000, 0x00000000ff2a0000)
  eden space 5504K,   0% used [0x00000000fec00000, 0x00000000fec00000, 0x00000000ff160000)
  from space 640K,   1% used [0x00000000ff160000, 0x00000000ff162850, 0x00000000ff200000)
  to   space 640K,   0% used [0x00000000ff200000, 0x00000000ff200000, 0x00000000ff2a0000)
 concurrent mark-sweep generation total 13696K, used 4267K [0x00000000ff2a0000, 0x0000000100000000, 0x0000000100000000)
 Metaspace       used 5073K, capacity 5258K, committed 5504K, reserved 1056768K
  class space    used 557K, capacity 597K, committed 640K, reserved 1048576K
}
{Heap before GC invocations=502 (full 63):
 par new generation   total 6144K, used 5239K [0x00000000fec00000, 0x00000000ff2a0000, 0x00000000ff2a0000)
  eden space 5504K,  95% used [0x00000000fec00000, 0x00000000ff11b780, 0x00000000ff160000)
  from space 640K,   1% used [0x00000000ff160000, 0x00000000ff162850, 0x00000000ff200000)
  to   space 640K,   0% used [0x00000000ff200000, 0x00000000ff200000, 0x00000000ff2a0000)
 concurrent mark-sweep generation total 13696K, used 4267K [0x00000000ff2a0000, 0x0000000100000000, 0x0000000100000000)
 Metaspace       used 5073K, capacity 5258K, committed 5504K, reserved 1056768K
  class space    used 557K, capacity 597K, committed 640K, reserved 1048576K
2024-07-16T18:26:17.118+0800: 3.922: [GC (Allocation Failure) 2024-07-16T18:26:17.118+0800: 3.922: [ParNew: 5239K->8K(6144K), 0.0012323 secs] 9507K->5301K(19840K), 0.0013432 secs] [Times: user=0.00 sys=0.00, real=0.00 secs] 
Heap after GC invocations=503 (full 63):
 par new generation   total 6144K, used 8K [0x00000000fec00000, 0x00000000ff2a0000, 0x00000000ff2a0000)
  eden space 5504K,   0% used [0x00000000fec00000, 0x00000000fec00000, 0x00000000ff160000)
  from space 640K,   1% used [0x00000000ff200000, 0x00000000ff202040, 0x00000000ff2a0000)
  to   space 640K,   0% used [0x00000000ff160000, 0x00000000ff160000, 0x00000000ff200000)
 concurrent mark-sweep generation total 13696K, used 5293K [0x00000000ff2a0000, 0x0000000100000000, 0x0000000100000000)
 Metaspace       used 5073K, capacity 5258K, committed 5504K, reserved 1056768K
  class space    used 557K, capacity 597K, committed 640K, reserved 1048576K
}
{Heap before GC invocations=503 (full 63):
 par new generation   total 6144K, used 5237K [0x00000000fec00000, 0x00000000ff2a0000, 0x00000000ff2a0000)
  eden space 5504K,  95% used [0x00000000fec00000, 0x00000000ff11b780, 0x00000000ff160000)
  from space 640K,   1% used [0x00000000ff200000, 0x00000000ff202040, 0x00000000ff2a0000)
  to   space 640K,   0% used [0x00000000ff160000, 0x00000000ff160000, 0x00000000ff200000)
 concurrent mark-sweep generation total 13696K, used 5293K [0x00000000ff2a0000, 0x0000000100000000, 0x0000000100000000)
 Metaspace       used 5073K, capacity 5258K, committed 5504K, reserved 1056768K
  class space    used 557K, capacity 597K, committed 640K, reserved 1048576K
2024-07-16T18:26:17.127+0800: 3.931: [GC (Allocation Failure) 2024-07-16T18:26:17.127+0800: 3.931: [ParNew: 5237K->10K(6144K), 0.0010484 secs] 10531K->6329K(19840K), 0.0011348 secs] [Times: user=0.00 sys=0.00, real=0.00 secs] 
Heap after GC invocations=504 (full 63):
 par new generation   total 6144K, used 10K [0x00000000fec00000, 0x00000000ff2a0000, 0x00000000ff2a0000)
  eden space 5504K,   0% used [0x00000000fec00000, 0x00000000fec00000, 0x00000000ff160000)
  from space 640K,   1% used [0x00000000ff160000, 0x00000000ff162850, 0x00000000ff200000)
  to   space 640K,   0% used [0x00000000ff200000, 0x00000000ff200000, 0x00000000ff2a0000)
 concurrent mark-sweep generation total 13696K, used 6319K [0x00000000ff2a0000, 0x0000000100000000, 0x0000000100000000)
 Metaspace       used 5073K, capacity 5258K, committed 5504K, reserved 1056768K
  class space    used 557K, capacity 597K, committed 640K, reserved 1048576K
}
{Heap before GC invocations=504 (full 63):
 par new generation   total 6144K, used 5239K [0x00000000fec00000, 0x00000000ff2a0000, 0x00000000ff2a0000)
  eden space 5504K,  95% used [0x00000000fec00000, 0x00000000ff11b780, 0x00000000ff160000)
  from space 640K,   1% used [0x00000000ff160000, 0x00000000ff162850, 0x00000000ff200000)
  to   space 640K,   0% used [0x00000000ff200000, 0x00000000ff200000, 0x00000000ff2a0000)
 concurrent mark-sweep generation total 13696K, used 6319K [0x00000000ff2a0000, 0x0000000100000000, 0x0000000100000000)
 Metaspace       used 5073K, capacity 5258K, committed 5504K, reserved 1056768K
  class space    used 557K, capacity 597K, committed 640K, reserved 1048576K
2024-07-16T18:26:17.137+0800: 3.941: [GC (Allocation Failure) 2024-07-16T18:26:17.137+0800: 3.941: [ParNew: 5239K->4K(6144K), 0.0004918 secs] 11559K->6323K(19840K), 0.0005633 secs] [Times: user=0.00 sys=0.00, real=0.00 secs] 
Heap after GC invocations=505 (full 63):
 par new generation   total 6144K, used 4K [0x00000000fec00000, 0x00000000ff2a0000, 0x00000000ff2a0000)
  eden space 5504K,   0% used [0x00000000fec00000, 0x00000000fec00000, 0x00000000ff160000)
  from space 640K,   0% used [0x00000000ff200000, 0x00000000ff201020, 0x00000000ff2a0000)
  to   space 640K,   0% used [0x00000000ff160000, 0x00000000ff160000, 0x00000000ff200000)
 concurrent mark-sweep generation total 13696K, used 6319K [0x00000000ff2a0000, 0x0000000100000000, 0x0000000100000000)
 Metaspace       used 5073K, capacity 5258K, committed 5504K, reserved 1056768K
  class space    used 557K, capacity 597K, committed 640K, reserved 1048576K
}
{Heap before GC invocations=505 (full 63):
 par new generation   total 6144K, used 5233K [0x00000000fec00000, 0x00000000ff2a0000, 0x00000000ff2a0000)
  eden space 5504K,  95% used [0x00000000fec00000, 0x00000000ff11b780, 0x00000000ff160000)
  from space 640K,   0% used [0x00000000ff200000, 0x00000000ff201020, 0x00000000ff2a0000)
  to   space 640K,   0% used [0x00000000ff160000, 0x00000000ff160000, 0x00000000ff200000)
 concurrent mark-sweep generation total 13696K, used 6319K [0x00000000ff2a0000, 0x0000000100000000, 0x0000000100000000)
 Metaspace       used 5073K, capacity 5258K, committed 5504K, reserved 1056768K
  class space    used 557K, capacity 597K, committed 640K, reserved 1048576K
2024-07-16T18:26:17.145+0800: 3.949: [GC (Allocation Failure) 2024-07-16T18:26:17.145+0800: 3.949: [ParNew: 5233K->4K(6144K), 0.0005833 secs] 11553K->6323K(19840K), 0.0006910 secs] [Times: user=0.00 sys=0.00, real=0.00 secs] 
Heap after GC invocations=506 (full 63):
 par new generation   total 6144K, used 4K [0x00000000fec00000, 0x00000000ff2a0000, 0x00000000ff2a0000)
  eden space 5504K,   0% used [0x00000000fec00000, 0x00000000fec00000, 0x00000000ff160000)
  from space 640K,   0% used [0x00000000ff160000, 0x00000000ff161020, 0x00000000ff200000)
  to   space 640K,   0% used [0x00000000ff200000, 0x00000000ff200000, 0x00000000ff2a0000)
 concurrent mark-sweep generation total 13696K, used 6319K [0x00000000ff2a0000, 0x0000000100000000, 0x0000000100000000)
 Metaspace       used 5073K, capacity 5258K, committed 5504K, reserved 1056768K
  class space    used 557K, capacity 597K, committed 640K, reserved 1048576K
}
{Heap before GC invocations=506 (full 63):
 par new generation   total 6144K, used 5233K [0x00000000fec00000, 0x00000000ff2a0000, 0x00000000ff2a0000)
  eden space 5504K,  95% used [0x00000000fec00000, 0x00000000ff11b780, 0x00000000ff160000)
  from space 640K,   0% used [0x00000000ff160000, 0x00000000ff161020, 0x00000000ff200000)
  to   space 640K,   0% used [0x00000000ff200000, 0x00000000ff200000, 0x00000000ff2a0000)
 concurrent mark-sweep generation total 13696K, used 6319K [0x00000000ff2a0000, 0x0000000100000000, 0x0000000100000000)
 Metaspace       used 5073K, capacity 5258K, committed 5504K, reserved 1056768K
  class space    used 557K, capacity 597K, committed 640K, reserved 1048576K
2024-07-16T18:26:17.155+0800: 3.959: [GC (Allocation Failure) 2024-07-16T18:26:17.155+0800: 3.959: [ParNew: 5233K->2K(6144K), 0.0005177 secs] 11553K->6321K(19840K), 0.0005782 secs] [Times: user=0.00 sys=0.00, real=0.00 secs] 
Heap after GC invocations=507 (full 63):
 par new generation   total 6144K, used 2K [0x00000000fec00000, 0x00000000ff2a0000, 0x00000000ff2a0000)
  eden space 5504K,   0% used [0x00000000fec00000, 0x00000000fec00000, 0x00000000ff160000)
  from space 640K,   0% used [0x00000000ff200000, 0x00000000ff200810, 0x00000000ff2a0000)
  to   space 640K,   0% used [0x00000000ff160000, 0x00000000ff160000, 0x00000000ff200000)
 concurrent mark-sweep generation total 13696K, used 6319K [0x00000000ff2a0000, 0x0000000100000000, 0x0000000100000000)
 Metaspace       used 5073K, capacity 5258K, committed 5504K, reserved 1056768K
  class space    used 557K, capacity 597K, committed 640K, reserved 1048576K
}
{Heap before GC invocations=507 (full 63):
 par new generation   total 6144K, used 5231K [0x00000000fec00000, 0x00000000ff2a0000, 0x00000000ff2a0000)
  eden space 5504K,  95% used [0x00000000fec00000, 0x00000000ff11b780, 0x00000000ff160000)
  from space 640K,   0% used [0x00000000ff200000, 0x00000000ff200810, 0x00000000ff2a0000)
  to   space 640K,   0% used [0x00000000ff160000, 0x00000000ff160000, 0x00000000ff200000)
 concurrent mark-sweep generation total 13696K, used 6319K [0x00000000ff2a0000, 0x0000000100000000, 0x0000000100000000)
 Metaspace       used 5073K, capacity 5258K, committed 5504K, reserved 1056768K
  class space    used 557K, capacity 597K, committed 640K, reserved 1048576K
2024-07-16T18:26:17.163+0800: 3.967: [GC (Allocation Failure) 2024-07-16T18:26:17.163+0800: 3.967: [ParNew: 5231K->6K(6144K), 0.0010429 secs] 11551K->7351K(19840K), 0.0011102 secs] [Times: user=0.00 sys=0.00, real=0.00 secs] 
Heap after GC invocations=508 (full 63):
 par new generation   total 6144K, used 6K [0x00000000fec00000, 0x00000000ff2a0000, 0x00000000ff2a0000)
  eden space 5504K,   0% used [0x00000000fec00000, 0x00000000fec00000, 0x00000000ff160000)
  from space 640K,   0% used [0x00000000ff160000, 0x00000000ff161830, 0x00000000ff200000)
  to   space 640K,   0% used [0x00000000ff200000, 0x00000000ff200000, 0x00000000ff2a0000)
 concurrent mark-sweep generation total 13696K, used 7345K [0x00000000ff2a0000, 0x0000000100000000, 0x0000000100000000)
 Metaspace       used 5073K, capacity 5258K, committed 5504K, reserved 1056768K
  class space    used 557K, capacity 597K, committed 640K, reserved 1048576K
}
{Heap before GC invocations=508 (full 63):
 par new generation   total 6144K, used 5235K [0x00000000fec00000, 0x00000000ff2a0000, 0x00000000ff2a0000)
  eden space 5504K,  95% used [0x00000000fec00000, 0x00000000ff11b780, 0x00000000ff160000)
  from space 640K,   0% used [0x00000000ff160000, 0x00000000ff161830, 0x00000000ff200000)
  to   space 640K,   0% used [0x00000000ff200000, 0x00000000ff200000, 0x00000000ff2a0000)
 concurrent mark-sweep generation total 13696K, used 7345K [0x00000000ff2a0000, 0x0000000100000000, 0x0000000100000000)
 Metaspace       used 5073K, capacity 5258K, committed 5504K, reserved 1056768K
  class space    used 557K, capacity 597K, committed 640K, reserved 1048576K
2024-07-16T18:26:17.173+0800: 3.977: [GC (Allocation Failure) 2024-07-16T18:26:17.173+0800: 3.977: [ParNew: 5235K->8K(6144K), 0.0008364 secs] 12581K->8377K(19840K), 0.0009650 secs] [Times: user=0.00 sys=0.02, real=0.00 secs] 
Heap after GC invocations=509 (full 63):
 par new generation   total 6144K, used 8K [0x00000000fec00000, 0x00000000ff2a0000, 0x00000000ff2a0000)
  eden space 5504K,   0% used [0x00000000fec00000, 0x00000000fec00000, 0x00000000ff160000)
  from space 640K,   1% used [0x00000000ff200000, 0x00000000ff202040, 0x00000000ff2a0000)
  to   space 640K,   0% used [0x00000000ff160000, 0x00000000ff160000, 0x00000000ff200000)
 concurrent mark-sweep generation total 13696K, used 8369K [0x00000000ff2a0000, 0x0000000100000000, 0x0000000100000000)
 Metaspace       used 5073K, capacity 5258K, committed 5504K, reserved 1056768K
  class space    used 557K, capacity 597K, committed 640K, reserved 1048576K
}
2024-07-16T18:26:17.174+0800: 3.978: [GC (CMS Initial Mark) [1 CMS-initial-mark: 8369K(13696K)] 9403K(19840K), 0.0005903 secs] [Times: user=0.00 sys=0.00, real=0.00 secs] 
2024-07-16T18:26:17.175+0800: 3.979: [CMS-concurrent-mark-start]
2024-07-16T18:26:17.180+0800: 3.985: [CMS-concurrent-mark: 0.006/0.006 secs] [Times: user=0.00 sys=0.00, real=0.01 secs] 
2024-07-16T18:26:17.181+0800: 3.985: [CMS-concurrent-preclean-start]
2024-07-16T18:26:17.181+0800: 3.985: [CMS-concurrent-preclean: 0.000/0.000 secs] [Times: user=0.00 sys=0.00, real=0.00 secs] 
2024-07-16T18:26:17.181+0800: 3.985: [CMS-concurrent-abortable-preclean-start]
{Heap before GC invocations=509 (full 64):
 par new generation   total 6144K, used 5237K [0x00000000fec00000, 0x00000000ff2a0000, 0x00000000ff2a0000)
  eden space 5504K,  95% used [0x00000000fec00000, 0x00000000ff11b780, 0x00000000ff160000)
  from space 640K,   1% used [0x00000000ff200000, 0x00000000ff202040, 0x00000000ff2a0000)
  to   space 640K,   0% used [0x00000000ff160000, 0x00000000ff160000, 0x00000000ff200000)
 concurrent mark-sweep generation total 13696K, used 8369K [0x00000000ff2a0000, 0x0000000100000000, 0x0000000100000000)
 Metaspace       used 5073K, capacity 5258K, committed 5504K, reserved 1056768K
  class space    used 557K, capacity 597K, committed 640K, reserved 1048576K
2024-07-16T18:26:17.183+0800: 3.987: [GC (Allocation Failure) 2024-07-16T18:26:17.183+0800: 3.987: [ParNew: 5237K->4K(6144K), 0.0003172 secs] 13607K->8373K(19840K), 0.0003543 secs] [Times: user=0.00 sys=0.00, real=0.00 secs] 
Heap after GC invocations=510 (full 64):
 par new generation   total 6144K, used 4K [0x00000000fec00000, 0x00000000ff2a0000, 0x00000000ff2a0000)
  eden space 5504K,   0% used [0x00000000fec00000, 0x00000000fec00000, 0x00000000ff160000)
  from space 640K,   0% used [0x00000000ff160000, 0x00000000ff161020, 0x00000000ff200000)
  to   space 640K,   0% used [0x00000000ff200000, 0x00000000ff200000, 0x00000000ff2a0000)
 concurrent mark-sweep generation total 13696K, used 8369K [0x00000000ff2a0000, 0x0000000100000000, 0x0000000100000000)
 Metaspace       used 5073K, capacity 5258K, committed 5504K, reserved 1056768K
  class space    used 557K, capacity 597K, committed 640K, reserved 1048576K
}
{Heap before GC invocations=510 (full 64):
 par new generation   total 6144K, used 5233K [0x00000000fec00000, 0x00000000ff2a0000, 0x00000000ff2a0000)
  eden space 5504K,  95% used [0x00000000fec00000, 0x00000000ff11b780, 0x00000000ff160000)
  from space 640K,   0% used [0x00000000ff160000, 0x00000000ff161020, 0x00000000ff200000)
  to   space 640K,   0% used [0x00000000ff200000, 0x00000000ff200000, 0x00000000ff2a0000)
 concurrent mark-sweep generation total 13696K, used 8369K [0x00000000ff2a0000, 0x0000000100000000, 0x0000000100000000)
 Metaspace       used 5073K, capacity 5258K, committed 5504K, reserved 1056768K
  class space    used 557K, capacity 597K, committed 640K, reserved 1048576K
2024-07-16T18:26:17.191+0800: 3.995: [GC (Allocation Failure) 2024-07-16T18:26:17.191+0800: 3.995: [ParNew: 5233K->8K(6144K), 0.0003481 secs] 13603K->9403K(19840K), 0.0003854 secs] [Times: user=0.00 sys=0.00, real=0.00 secs] 
Heap after GC invocations=511 (full 64):
 par new generation   total 6144K, used 8K [0x00000000fec00000, 0x00000000ff2a0000, 0x00000000ff2a0000)
  eden space 5504K,   0% used [0x00000000fec00000, 0x00000000fec00000, 0x00000000ff160000)
  from space 640K,   1% used [0x00000000ff200000, 0x00000000ff202040, 0x00000000ff2a0000)
  to   space 640K,   0% used [0x00000000ff160000, 0x00000000ff160000, 0x00000000ff200000)
 concurrent mark-sweep generation total 13696K, used 9395K [0x00000000ff2a0000, 0x0000000100000000, 0x0000000100000000)
 Metaspace       used 5073K, capacity 5258K, committed 5504K, reserved 1056768K
  class space    used 557K, capacity 597K, committed 640K, reserved 1048576K
}
{Heap before GC invocations=511 (full 64):
 par new generation   total 6144K, used 5237K [0x00000000fec00000, 0x00000000ff2a0000, 0x00000000ff2a0000)
  eden space 5504K,  95% used [0x00000000fec00000, 0x00000000ff11b780, 0x00000000ff160000)
  from space 640K,   1% used [0x00000000ff200000, 0x00000000ff202040, 0x00000000ff2a0000)
  to   space 640K,   0% used [0x00000000ff160000, 0x00000000ff160000, 0x00000000ff200000)
 concurrent mark-sweep generation total 13696K, used 9395K [0x00000000ff2a0000, 0x0000000100000000, 0x0000000100000000)
 Metaspace       used 5073K, capacity 5258K, committed 5504K, reserved 1056768K
  class space    used 557K, capacity 597K, committed 640K, reserved 1048576K
2024-07-16T18:26:17.199+0800: 4.003: [GC (Allocation Failure) 2024-07-16T18:26:17.199+0800: 4.003: [ParNew: 5237K->6K(6144K), 0.0006391 secs] 14633K->10425K(19840K), 0.0007442 secs] [Times: user=0.00 sys=0.00, real=0.00 secs] 
Heap after GC invocations=512 (full 64):
 par new generation   total 6144K, used 6K [0x00000000fec00000, 0x00000000ff2a0000, 0x00000000ff2a0000)
  eden space 5504K,   0% used [0x00000000fec00000, 0x00000000fec00000, 0x00000000ff160000)
  from space 640K,   0% used [0x00000000ff160000, 0x00000000ff161830, 0x00000000ff200000)
  to   space 640K,   0% used [0x00000000ff200000, 0x00000000ff200000, 0x00000000ff2a0000)
 concurrent mark-sweep generation total 13696K, used 10419K [0x00000000ff2a0000, 0x0000000100000000, 0x0000000100000000)
 Metaspace       used 5073K, capacity 5258K, committed 5504K, reserved 1056768K
  class space    used 557K, capacity 597K, committed 640K, reserved 1048576K
}
{Heap before GC invocations=512 (full 64):
 par new generation   total 6144K, used 5235K [0x00000000fec00000, 0x00000000ff2a0000, 0x00000000ff2a0000)
  eden space 5504K,  95% used [0x00000000fec00000, 0x00000000ff11b780, 0x00000000ff160000)
  from space 640K,   0% used [0x00000000ff160000, 0x00000000ff161830, 0x00000000ff200000)
  to   space 640K,   0% used [0x00000000ff200000, 0x00000000ff200000, 0x00000000ff2a0000)
 concurrent mark-sweep generation total 13696K, used 10419K [0x00000000ff2a0000, 0x0000000100000000, 0x0000000100000000)
 Metaspace       used 5073K, capacity 5258K, committed 5504K, reserved 1056768K
  class space    used 557K, capacity 597K, committed 640K, reserved 1048576K
2024-07-16T18:26:17.208+0800: 4.012: [GC (Allocation Failure) 2024-07-16T18:26:17.208+0800: 4.012: [ParNew: 5235K->4K(6144K), 0.0006196 secs] 15655K->10423K(19840K), 0.0006668 secs] [Times: user=0.00 sys=0.00, real=0.00 secs] 
Heap after GC invocations=513 (full 64):
 par new generation   total 6144K, used 4K [0x00000000fec00000, 0x00000000ff2a0000, 0x00000000ff2a0000)
  eden space 5504K,   0% used [0x00000000fec00000, 0x00000000fec00000, 0x00000000ff160000)
  from space 640K,   0% used [0x00000000ff200000, 0x00000000ff201020, 0x00000000ff2a0000)
  to   space 640K,   0% used [0x00000000ff160000, 0x00000000ff160000, 0x00000000ff200000)
 concurrent mark-sweep generation total 13696K, used 10419K [0x00000000ff2a0000, 0x0000000100000000, 0x0000000100000000)
 Metaspace       used 5073K, capacity 5258K, committed 5504K, reserved 1056768K
  class space    used 557K, capacity 597K, committed 640K, reserved 1048576K
}
{Heap before GC invocations=513 (full 64):
 par new generation   total 6144K, used 5233K [0x00000000fec00000, 0x00000000ff2a0000, 0x00000000ff2a0000)
  eden space 5504K,  95% used [0x00000000fec00000, 0x00000000ff11b780, 0x00000000ff160000)
  from space 640K,   0% used [0x00000000ff200000, 0x00000000ff201020, 0x00000000ff2a0000)
  to   space 640K,   0% used [0x00000000ff160000, 0x00000000ff160000, 0x00000000ff200000)
 concurrent mark-sweep generation total 13696K, used 10419K [0x00000000ff2a0000, 0x0000000100000000, 0x0000000100000000)
 Metaspace       used 5073K, capacity 5258K, committed 5504K, reserved 1056768K
  class space    used 557K, capacity 597K, committed 640K, reserved 1048576K
2024-07-16T18:26:17.216+0800: 4.020: [GC (Allocation Failure) 2024-07-16T18:26:17.216+0800: 4.020: [ParNew: 5233K->4K(6144K), 0.0003078 secs] 15653K->10423K(19840K), 0.0003432 secs] [Times: user=0.00 sys=0.00, real=0.00 secs] 
Heap after GC invocations=514 (full 64):
 par new generation   total 6144K, used 4K [0x00000000fec00000, 0x00000000ff2a0000, 0x00000000ff2a0000)
  eden space 5504K,   0% used [0x00000000fec00000, 0x00000000fec00000, 0x00000000ff160000)
  from space 640K,   0% used [0x00000000ff160000, 0x00000000ff161020, 0x00000000ff200000)
  to   space 640K,   0% used [0x00000000ff200000, 0x00000000ff200000, 0x00000000ff2a0000)
 concurrent mark-sweep generation total 13696K, used 10419K [0x00000000ff2a0000, 0x0000000100000000, 0x0000000100000000)
 Metaspace       used 5073K, capacity 5258K, committed 5504K, reserved 1056768K
  class space    used 557K, capacity 597K, committed 640K, reserved 1048576K
}
{Heap before GC invocations=514 (full 64):
 par new generation   total 6144K, used 5233K [0x00000000fec00000, 0x00000000ff2a0000, 0x00000000ff2a0000)
  eden space 5504K,  95% used [0x00000000fec00000, 0x00000000ff11b780, 0x00000000ff160000)
  from space 640K,   0% used [0x00000000ff160000, 0x00000000ff161020, 0x00000000ff200000)
  to   space 640K,   0% used [0x00000000ff200000, 0x00000000ff200000, 0x00000000ff2a0000)
 concurrent mark-sweep generation total 13696K, used 10419K [0x00000000ff2a0000, 0x0000000100000000, 0x0000000100000000)
 Metaspace       used 5073K, capacity 5258K, committed 5504K, reserved 1056768K
  class space    used 557K, capacity 597K, committed 640K, reserved 1048576K
2024-07-16T18:26:17.222+0800: 4.026: [GC (Allocation Failure) 2024-07-16T18:26:17.222+0800: 4.026: [ParNew: 5233K->10K(6144K), 0.0004001 secs] 15653K->11455K(19840K), 0.0004372 secs] [Times: user=0.00 sys=0.00, real=0.00 secs] 
Heap after GC invocations=515 (full 64):
 par new generation   total 6144K, used 10K [0x00000000fec00000, 0x00000000ff2a0000, 0x00000000ff2a0000)
  eden space 5504K,   0% used [0x00000000fec00000, 0x00000000fec00000, 0x00000000ff160000)
  from space 640K,   1% used [0x00000000ff200000, 0x00000000ff202850, 0x00000000ff2a0000)
  to   space 640K,   0% used [0x00000000ff160000, 0x00000000ff160000, 0x00000000ff200000)
 concurrent mark-sweep generation total 13696K, used 11445K [0x00000000ff2a0000, 0x0000000100000000, 0x0000000100000000)
 Metaspace       used 5073K, capacity 5258K, committed 5504K, reserved 1056768K
  class space    used 557K, capacity 597K, committed 640K, reserved 1048576K
}
{Heap before GC invocations=515 (full 64):
 par new generation   total 6144K, used 5239K [0x00000000fec00000, 0x00000000ff2a0000, 0x00000000ff2a0000)
  eden space 5504K,  95% used [0x00000000fec00000, 0x00000000ff11b780, 0x00000000ff160000)
  from space 640K,   1% used [0x00000000ff200000, 0x00000000ff202850, 0x00000000ff2a0000)
  to   space 640K,   0% used [0x00000000ff160000, 0x00000000ff160000, 0x00000000ff200000)
 concurrent mark-sweep generation total 13696K, used 11445K [0x00000000ff2a0000, 0x0000000100000000, 0x0000000100000000)
 Metaspace       used 5073K, capacity 5258K, committed 5504K, reserved 1056768K
  class space    used 557K, capacity 597K, committed 640K, reserved 1048576K
2024-07-16T18:26:17.228+0800: 4.032: [GC (Allocation Failure) 2024-07-16T18:26:17.228+0800: 4.032: [ParNew: 5239K->10K(6144K), 0.0010725 secs] 16685K->13503K(19840K), 0.0011246 secs] [Times: user=0.00 sys=0.00, real=0.00 secs] 
Heap after GC invocations=516 (full 64):
 par new generation   total 6144K, used 10K [0x00000000fec00000, 0x00000000ff2a0000, 0x00000000ff2a0000)
  eden space 5504K,   0% used [0x00000000fec00000, 0x00000000fec00000, 0x00000000ff160000)
  from space 640K,   1% used [0x00000000ff160000, 0x00000000ff162850, 0x00000000ff200000)
  to   space 640K,   0% used [0x00000000ff200000, 0x00000000ff200000, 0x00000000ff2a0000)
 concurrent mark-sweep generation total 13696K, used 13493K [0x00000000ff2a0000, 0x0000000100000000, 0x0000000100000000)
 Metaspace       used 5073K, capacity 5258K, committed 5504K, reserved 1056768K
  class space    used 557K, capacity 597K, committed 640K, reserved 1048576K
}
2024-07-16T18:26:17.229+0800: 4.033: [CMS-concurrent-abortable-preclean: 0.001/0.048 secs] [Times: user=0.00 sys=0.00, real=0.05 secs] 
2024-07-16T18:26:17.229+0800: 4.034: [GC (CMS Final Remark) [YG occupancy: 1143 K (6144 K)]{Heap before GC invocations=516 (full 64):
 par new generation   total 6144K, used 1143K [0x00000000fec00000, 0x00000000ff2a0000, 0x00000000ff2a0000)
  eden space 5504K,  20% used [0x00000000fec00000, 0x00000000fed1b740, 0x00000000ff160000)
  from space 640K,   1% used [0x00000000ff160000, 0x00000000ff162850, 0x00000000ff200000)
  to   space 640K,   0% used [0x00000000ff200000, 0x00000000ff200000, 0x00000000ff2a0000)
 concurrent mark-sweep generation total 13696K, used 13493K [0x00000000ff2a0000, 0x0000000100000000, 0x0000000100000000)
 Metaspace       used 5073K, capacity 5258K, committed 5504K, reserved 1056768K
  class space    used 557K, capacity 597K, committed 640K, reserved 1048576K
2024-07-16T18:26:17.229+0800: 4.034: [GC (CMS Final Remark) 2024-07-16T18:26:17.229+0800: 4.034: [ParNew: 1143K->1143K(6144K), 0.0000191 secs] 14637K->14637K(19840K), 0.0000521 secs] [Times: user=0.00 sys=0.00, real=0.00 secs] 
Heap after GC invocations=517 (full 64):
 par new generation   total 6144K, used 1143K [0x00000000fec00000, 0x00000000ff2a0000, 0x00000000ff2a0000)
  eden space 5504K,  20% used [0x00000000fec00000, 0x00000000fed1b740, 0x00000000ff160000)
  from space 640K,   1% used [0x00000000ff160000, 0x00000000ff162850, 0x00000000ff200000)
  to   space 640K,   0% used [0x00000000ff200000, 0x00000000ff200000, 0x00000000ff2a0000)
 concurrent mark-sweep generation total 13696K, used 13493K [0x00000000ff2a0000, 0x0000000100000000, 0x0000000100000000)
 Metaspace       used 5073K, capacity 5258K, committed 5504K, reserved 1056768K
  class space    used 557K, capacity 597K, committed 640K, reserved 1048576K
}
2024-07-16T18:26:17.229+0800: 4.034: [Rescan (parallel) , 0.0005352 secs]2024-07-16T18:26:17.230+0800: 4.034: [weak refs processing, 0.0000351 secs]2024-07-16T18:26:17.230+0800: 4.034: [class unloading, 0.0006121 secs]2024-07-16T18:26:17.230+0800: 4.035: [scrub symbol table, 0.0003949 secs]2024-07-16T18:26:17.231+0800: 4.035: [scrub string table, 0.0001162 secs][1 CMS-remark: 13493K(13696K)] 14637K(19840K), 0.0018938 secs] [Times: user=0.00 sys=0.00, real=0.00 secs] 
2024-07-16T18:26:17.231+0800: 4.035: [CMS-concurrent-sweep-start]
2024-07-16T18:26:17.231+0800: 4.036: [CMS-concurrent-sweep: 0.000/0.000 secs] [Times: user=0.00 sys=0.00, real=0.00 secs] 
2024-07-16T18:26:17.231+0800: 4.036: [CMS-concurrent-reset-start]
2024-07-16T18:26:17.231+0800: 4.036: [CMS-concurrent-reset: 0.000/0.000 secs] [Times: user=0.00 sys=0.00, real=0.00 secs] 
{Heap before GC invocations=517 (full 64):
 par new generation   total 6144K, used 5349K [0x00000000fec00000, 0x00000000ff2a0000, 0x00000000ff2a0000)
  eden space 5504K,  97% used [0x00000000fec00000, 0x00000000ff136eb0, 0x00000000ff160000)
  from space 640K,   1% used [0x00000000ff160000, 0x00000000ff162850, 0x00000000ff200000)
  to   space 640K,   0% used [0x00000000ff200000, 0x00000000ff200000, 0x00000000ff2a0000)
 concurrent mark-sweep generation total 13696K, used 6325K [0x00000000ff2a0000, 0x0000000100000000, 0x0000000100000000)
 Metaspace       used 5073K, capacity 5258K, committed 5504K, reserved 1056768K
  class space    used 557K, capacity 597K, committed 640K, reserved 1048576K
2024-07-16T18:26:17.236+0800: 4.040: [GC (Allocation Failure) 2024-07-16T18:26:17.236+0800: 4.040: [ParNew: 5349K->10K(6144K), 0.0007591 secs] 11675K->7359K(19840K), 0.0008301 secs] [Times: user=0.00 sys=0.00, real=0.00 secs] 
Heap after GC invocations=518 (full 64):
 par new generation   total 6144K, used 10K [0x00000000fec00000, 0x00000000ff2a0000, 0x00000000ff2a0000)
  eden space 5504K,   0% used [0x00000000fec00000, 0x00000000fec00000, 0x00000000ff160000)
  from space 640K,   1% used [0x00000000ff200000, 0x00000000ff202850, 0x00000000ff2a0000)
  to   space 640K,   0% used [0x00000000ff160000, 0x00000000ff160000, 0x00000000ff200000)
 concurrent mark-sweep generation total 13696K, used 7349K [0x00000000ff2a0000, 0x0000000100000000, 0x0000000100000000)
 Metaspace       used 5073K, capacity 5258K, committed 5504K, reserved 1056768K
  class space    used 557K, capacity 597K, committed 640K, reserved 1048576K
}
2024-07-16T18:26:17.237+0800: 4.041: [GC (CMS Initial Mark) [1 CMS-initial-mark: 7349K(13696K)] 8385K(19840K), 0.0006023 secs] [Times: user=0.00 sys=0.00, real=0.00 secs] 
2024-07-16T18:26:17.238+0800: 4.042: [CMS-concurrent-mark-start]
2024-07-16T18:26:17.242+0800: 4.047: [CMS-concurrent-mark: 0.005/0.005 secs] [Times: user=0.00 sys=0.00, real=0.00 secs] 
2024-07-16T18:26:17.242+0800: 4.047: [CMS-concurrent-preclean-start]
2024-07-16T18:26:17.242+0800: 4.047: [CMS-concurrent-preclean: 0.000/0.000 secs] [Times: user=0.00 sys=0.00, real=0.00 secs] 
2024-07-16T18:26:17.242+0800: 4.047: [CMS-concurrent-abortable-preclean-start]
{Heap before GC invocations=518 (full 65):
 par new generation   total 6144K, used 5224K [0x00000000fec00000, 0x00000000ff2a0000, 0x00000000ff2a0000)
  eden space 5504K,  94% used [0x00000000fec00000, 0x00000000ff117940, 0x00000000ff160000)
  from space 640K,   1% used [0x00000000ff200000, 0x00000000ff202850, 0x00000000ff2a0000)
  to   space 640K,   0% used [0x00000000ff160000, 0x00000000ff160000, 0x00000000ff200000)
 concurrent mark-sweep generation total 13696K, used 7349K [0x00000000ff2a0000, 0x0000000100000000, 0x0000000100000000)
 Metaspace       used 5073K, capacity 5258K, committed 5504K, reserved 1056768K
  class space    used 557K, capacity 597K, committed 640K, reserved 1048576K
2024-07-16T18:26:17.246+0800: 4.050: [GC (Allocation Failure) 2024-07-16T18:26:17.246+0800: 4.050: [ParNew: 5224K->8K(6144K), 0.0004476 secs] 12573K->8381K(19840K), 0.0004847 secs] [Times: user=0.00 sys=0.00, real=0.00 secs] 
Heap after GC invocations=519 (full 65):
 par new generation   total 6144K, used 8K [0x00000000fec00000, 0x00000000ff2a0000, 0x00000000ff2a0000)
  eden space 5504K,   0% used [0x00000000fec00000, 0x00000000fec00000, 0x00000000ff160000)
  from space 640K,   1% used [0x00000000ff160000, 0x00000000ff162040, 0x00000000ff200000)
  to   space 640K,   0% used [0x00000000ff200000, 0x00000000ff200000, 0x00000000ff2a0000)
 concurrent mark-sweep generation total 13696K, used 8373K [0x00000000ff2a0000, 0x0000000100000000, 0x0000000100000000)
 Metaspace       used 5073K, capacity 5258K, committed 5504K, reserved 1056768K
  class space    used 557K, capacity 597K, committed 640K, reserved 1048576K
}
{Heap before GC invocations=519 (full 65):
 par new generation   total 6144K, used 5228K [0x00000000fec00000, 0x00000000ff2a0000, 0x00000000ff2a0000)
  eden space 5504K,  94% used [0x00000000fec00000, 0x00000000ff119240, 0x00000000ff160000)
  from space 640K,   1% used [0x00000000ff160000, 0x00000000ff162040, 0x00000000ff200000)
  to   space 640K,   0% used [0x00000000ff200000, 0x00000000ff200000, 0x00000000ff2a0000)
 concurrent mark-sweep generation total 13696K, used 8373K [0x00000000ff2a0000, 0x0000000100000000, 0x0000000100000000)
 Metaspace       used 5073K, capacity 5258K, committed 5504K, reserved 1056768K
  class space    used 557K, capacity 597K, committed 640K, reserved 1048576K
2024-07-16T18:26:17.253+0800: 4.057: [GC (Allocation Failure) 2024-07-16T18:26:17.253+0800: 4.057: [ParNew: 5228K->6K(6144K), 0.0008932 secs] 13602K->9403K(19840K), 0.0009713 secs] [Times: user=0.00 sys=0.00, real=0.00 secs] 
Heap after GC invocations=520 (full 65):
 par new generation   total 6144K, used 6K [0x00000000fec00000, 0x00000000ff2a0000, 0x00000000ff2a0000)
  eden space 5504K,   0% used [0x00000000fec00000, 0x00000000fec00000, 0x00000000ff160000)
  from space 640K,   0% used [0x00000000ff200000, 0x00000000ff201830, 0x00000000ff2a0000)
  to   space 640K,   0% used [0x00000000ff160000, 0x00000000ff160000, 0x00000000ff200000)
 concurrent mark-sweep generation total 13696K, used 9397K [0x00000000ff2a0000, 0x0000000100000000, 0x0000000100000000)
 Metaspace       used 5073K, capacity 5258K, committed 5504K, reserved 1056768K
  class space    used 557K, capacity 597K, committed 640K, reserved 1048576K
}
{Heap before GC invocations=520 (full 65):
 par new generation   total 6144K, used 5229K [0x00000000fec00000, 0x00000000ff2a0000, 0x00000000ff2a0000)
  eden space 5504K,  94% used [0x00000000fec00000, 0x00000000ff119f90, 0x00000000ff160000)
  from space 640K,   0% used [0x00000000ff200000, 0x00000000ff201830, 0x00000000ff2a0000)
  to   space 640K,   0% used [0x00000000ff160000, 0x00000000ff160000, 0x00000000ff200000)
 concurrent mark-sweep generation total 13696K, used 9397K [0x00000000ff2a0000, 0x0000000100000000, 0x0000000100000000)
 Metaspace       used 5073K, capacity 5258K, committed 5504K, reserved 1056768K
  class space    used 557K, capacity 597K, committed 640K, reserved 1048576K
2024-07-16T18:26:17.261+0800: 4.065: [GC (Allocation Failure) 2024-07-16T18:26:17.261+0800: 4.065: [ParNew: 5229K->8K(6144K), 0.0008368 secs] 14627K->10429K(19840K), 0.0009413 secs] [Times: user=0.00 sys=0.00, real=0.00 secs] 
Heap after GC invocations=521 (full 65):
 par new generation   total 6144K, used 8K [0x00000000fec00000, 0x00000000ff2a0000, 0x00000000ff2a0000)
  eden space 5504K,   0% used [0x00000000fec00000, 0x00000000fec00000, 0x00000000ff160000)
  from space 640K,   1% used [0x00000000ff160000, 0x00000000ff162040, 0x00000000ff200000)
  to   space 640K,   0% used [0x00000000ff200000, 0x00000000ff200000, 0x00000000ff2a0000)
 concurrent mark-sweep generation total 13696K, used 10421K [0x00000000ff2a0000, 0x0000000100000000, 0x0000000100000000)
 Metaspace       used 5073K, capacity 5258K, committed 5504K, reserved 1056768K
  class space    used 557K, capacity 597K, committed 640K, reserved 1048576K
}
{Heap before GC invocations=521 (full 65):
 par new generation   total 6144K, used 5234K [0x00000000fec00000, 0x00000000ff2a0000, 0x00000000ff2a0000)
  eden space 5504K,  94% used [0x00000000fec00000, 0x00000000ff11a818, 0x00000000ff160000)
  from space 640K,   1% used [0x00000000ff160000, 0x00000000ff162040, 0x00000000ff200000)
  to   space 640K,   0% used [0x00000000ff200000, 0x00000000ff200000, 0x00000000ff2a0000)
 concurrent mark-sweep generation total 13696K, used 10421K [0x00000000ff2a0000, 0x0000000100000000, 0x0000000100000000)
 Metaspace       used 5073K, capacity 5258K, committed 5504K, reserved 1056768K
  class space    used 557K, capacity 597K, committed 640K, reserved 1048576K
2024-07-16T18:26:17.271+0800: 4.075: [GC (Allocation Failure) 2024-07-16T18:26:17.271+0800: 4.075: [ParNew: 5234K->4K(6144K), 0.0003618 secs] 15655K->10425K(19840K), 0.0004280 secs] [Times: user=0.00 sys=0.00, real=0.00 secs] 
Heap after GC invocations=522 (full 65):
 par new generation   total 6144K, used 4K [0x00000000fec00000, 0x00000000ff2a0000, 0x00000000ff2a0000)
  eden space 5504K,   0% used [0x00000000fec00000, 0x00000000fec00000, 0x00000000ff160000)
  from space 640K,   0% used [0x00000000ff200000, 0x00000000ff201020, 0x00000000ff2a0000)
  to   space 640K,   0% used [0x00000000ff160000, 0x00000000ff160000, 0x00000000ff200000)
 concurrent mark-sweep generation total 13696K, used 10421K [0x00000000ff2a0000, 0x0000000100000000, 0x0000000100000000)
 Metaspace       used 5073K, capacity 5258K, committed 5504K, reserved 1056768K
  class space    used 557K, capacity 597K, committed 640K, reserved 1048576K
}
{Heap before GC invocations=522 (full 65):
 par new generation   total 6144K, used 5231K [0x00000000fec00000, 0x00000000ff2a0000, 0x00000000ff2a0000)
  eden space 5504K,  94% used [0x00000000fec00000, 0x00000000ff11ad98, 0x00000000ff160000)
  from space 640K,   0% used [0x00000000ff200000, 0x00000000ff201020, 0x00000000ff2a0000)
  to   space 640K,   0% used [0x00000000ff160000, 0x00000000ff160000, 0x00000000ff200000)
 concurrent mark-sweep generation total 13696K, used 10421K [0x00000000ff2a0000, 0x0000000100000000, 0x0000000100000000)
 Metaspace       used 5073K, capacity 5258K, committed 5504K, reserved 1056768K
  class space    used 557K, capacity 597K, committed 640K, reserved 1048576K
2024-07-16T18:26:17.277+0800: 4.081: [GC (Allocation Failure) 2024-07-16T18:26:17.277+0800: 4.081: [ParNew: 5231K->10K(6144K), 0.0003935 secs] 15653K->11455K(19840K), 0.0004327 secs] [Times: user=0.00 sys=0.00, real=0.00 secs] 
Heap after GC invocations=523 (full 65):
 par new generation   total 6144K, used 10K [0x00000000fec00000, 0x00000000ff2a0000, 0x00000000ff2a0000)
  eden space 5504K,   0% used [0x00000000fec00000, 0x00000000fec00000, 0x00000000ff160000)
  from space 640K,   1% used [0x00000000ff160000, 0x00000000ff162850, 0x00000000ff200000)
  to   space 640K,   0% used [0x00000000ff200000, 0x00000000ff200000, 0x00000000ff2a0000)
 concurrent mark-sweep generation total 13696K, used 11445K [0x00000000ff2a0000, 0x0000000100000000, 0x0000000100000000)
 Metaspace       used 5073K, capacity 5258K, committed 5504K, reserved 1056768K
  class space    used 557K, capacity 597K, committed 640K, reserved 1048576K
}
{Heap before GC invocations=523 (full 65):
 par new generation   total 6144K, used 5238K [0x00000000fec00000, 0x00000000ff2a0000, 0x00000000ff2a0000)
  eden space 5504K,  94% used [0x00000000fec00000, 0x00000000ff11b120, 0x00000000ff160000)
  from space 640K,   1% used [0x00000000ff160000, 0x00000000ff162850, 0x00000000ff200000)
  to   space 640K,   0% used [0x00000000ff200000, 0x00000000ff200000, 0x00000000ff2a0000)
 concurrent mark-sweep generation total 13696K, used 11445K [0x00000000ff2a0000, 0x0000000100000000, 0x0000000100000000)
 Metaspace       used 5073K, capacity 5258K, committed 5504K, reserved 1056768K
  class space    used 557K, capacity 597K, committed 640K, reserved 1048576K
2024-07-16T18:26:17.284+0800: 4.088: [GC (Allocation Failure) 2024-07-16T18:26:17.284+0800: 4.088: [ParNew: 5238K->4K(6144K), 0.0004471 secs] 16683K->11449K(19840K), 0.0004918 secs] [Times: user=0.00 sys=0.00, real=0.00 secs] 
Heap after GC invocations=524 (full 65):
 par new generation   total 6144K, used 4K [0x00000000fec00000, 0x00000000ff2a0000, 0x00000000ff2a0000)
  eden space 5504K,   0% used [0x00000000fec00000, 0x00000000fec00000, 0x00000000ff160000)
  from space 640K,   0% used [0x00000000ff200000, 0x00000000ff201020, 0x00000000ff2a0000)
  to   space 640K,   0% used [0x00000000ff160000, 0x00000000ff160000, 0x00000000ff200000)
 concurrent mark-sweep generation total 13696K, used 11445K [0x00000000ff2a0000, 0x0000000100000000, 0x0000000100000000)
 Metaspace       used 5073K, capacity 5258K, committed 5504K, reserved 1056768K
  class space    used 557K, capacity 597K, committed 640K, reserved 1048576K
}
{Heap before GC invocations=524 (full 65):
 par new generation   total 6144K, used 5232K [0x00000000fec00000, 0x00000000ff2a0000, 0x00000000ff2a0000)
  eden space 5504K,  95% used [0x00000000fec00000, 0x00000000ff11b368, 0x00000000ff160000)
  from space 640K,   0% used [0x00000000ff200000, 0x00000000ff201020, 0x00000000ff2a0000)
  to   space 640K,   0% used [0x00000000ff160000, 0x00000000ff160000, 0x00000000ff200000)
 concurrent mark-sweep generation total 13696K, used 11445K [0x00000000ff2a0000, 0x0000000100000000, 0x0000000100000000)
 Metaspace       used 5073K, capacity 5258K, committed 5504K, reserved 1056768K
  class space    used 557K, capacity 597K, committed 640K, reserved 1048576K
2024-07-16T18:26:17.290+0800: 4.094: [GC (Allocation Failure) 2024-07-16T18:26:17.290+0800: 4.094: [ParNew: 5232K->8K(6144K), 0.0003808 secs] 16678K->12479K(19840K), 0.0004150 secs] [Times: user=0.00 sys=0.00, real=0.00 secs] 
Heap after GC invocations=525 (full 65):
 par new generation   total 6144K, used 8K [0x00000000fec00000, 0x00000000ff2a0000, 0x00000000ff2a0000)
  eden space 5504K,   0% used [0x00000000fec00000, 0x00000000fec00000, 0x00000000ff160000)
  from space 640K,   1% used [0x00000000ff160000, 0x00000000ff162040, 0x00000000ff200000)
  to   space 640K,   0% used [0x00000000ff200000, 0x00000000ff200000, 0x00000000ff2a0000)
 concurrent mark-sweep generation total 13696K, used 12471K [0x00000000ff2a0000, 0x0000000100000000, 0x0000000100000000)
 Metaspace       used 5073K, capacity 5258K, committed 5504K, reserved 1056768K
  class space    used 557K, capacity 597K, committed 640K, reserved 1048576K
}
{Heap before GC invocations=525 (full 65):
 par new generation   total 6144K, used 5237K [0x00000000fec00000, 0x00000000ff2a0000, 0x00000000ff2a0000)
  eden space 5504K,  95% used [0x00000000fec00000, 0x00000000ff11b4d8, 0x00000000ff160000)
  from space 640K,   1% used [0x00000000ff160000, 0x00000000ff162040, 0x00000000ff200000)
  to   space 640K,   0% used [0x00000000ff200000, 0x00000000ff200000, 0x00000000ff2a0000)
 concurrent mark-sweep generation total 13696K, used 12471K [0x00000000ff2a0000, 0x0000000100000000, 0x0000000100000000)
 Metaspace       used 5073K, capacity 5258K, committed 5504K, reserved 1056768K
  class space    used 557K, capacity 597K, committed 640K, reserved 1048576K
2024-07-16T18:26:17.297+0800: 4.101: [GC (Allocation Failure) 2024-07-16T18:26:17.297+0800: 4.101: [ParNew: 5237K->5237K(6144K), 0.0000175 secs]2024-07-16T18:26:17.297+0800: 4.101: [CMS2024-07-16T18:26:17.297+0800: 4.101: [CMS-concurrent-abortable-preclean: 0.001/0.054 secs] [Times: user=0.00 sys=0.00, real=0.05 secs] 
 (concurrent mode failure): 12471K->2215K(13696K), 0.0025285 secs] 17708K->2215K(19840K), [Metaspace: 5073K->5073K(1056768K)], 0.0026198 secs] [Times: user=0.02 sys=0.00, real=0.00 secs] 
Heap after GC invocations=526 (full 66):
 par new generation   total 6144K, used 0K [0x00000000fec00000, 0x00000000ff2a0000, 0x00000000ff2a0000)
  eden space 5504K,   0% used [0x00000000fec00000, 0x00000000fec00000, 0x00000000ff160000)
  from space 640K,   0% used [0x00000000ff160000, 0x00000000ff160000, 0x00000000ff200000)
  to   space 640K,   0% used [0x00000000ff200000, 0x00000000ff200000, 0x00000000ff2a0000)
 concurrent mark-sweep generation total 13696K, used 2215K [0x00000000ff2a0000, 0x0000000100000000, 0x0000000100000000)
 Metaspace       used 5073K, capacity 5258K, committed 5504K, reserved 1056768K
  class space    used 557K, capacity 597K, committed 640K, reserved 1048576K
}
{Heap before GC invocations=526 (full 66):
 par new generation   total 6144K, used 5229K [0x00000000fec00000, 0x00000000ff2a0000, 0x00000000ff2a0000)
  eden space 5504K,  95% used [0x00000000fec00000, 0x00000000ff11b5d0, 0x00000000ff160000)
  from space 640K,   0% used [0x00000000ff160000, 0x00000000ff160000, 0x00000000ff200000)
  to   space 640K,   0% used [0x00000000ff200000, 0x00000000ff200000, 0x00000000ff2a0000)
 concurrent mark-sweep generation total 13696K, used 2215K [0x00000000ff2a0000, 0x0000000100000000, 0x0000000100000000)
 Metaspace       used 5073K, capacity 5258K, committed 5504K, reserved 1056768K
  class space    used 557K, capacity 597K, committed 640K, reserved 1048576K
2024-07-16T18:26:17.306+0800: 4.110: [GC (Allocation Failure) 2024-07-16T18:26:17.306+0800: 4.110: [ParNew: 5229K->4K(6144K), 0.0002727 secs] 7444K->2219K(19840K), 0.0003178 secs] [Times: user=0.00 sys=0.00, real=0.00 secs] 
Heap after GC invocations=527 (full 66):
 par new generation   total 6144K, used 4K [0x00000000fec00000, 0x00000000ff2a0000, 0x00000000ff2a0000)
  eden space 5504K,   0% used [0x00000000fec00000, 0x00000000fec00000, 0x00000000ff160000)
  from space 640K,   0% used [0x00000000ff200000, 0x00000000ff201020, 0x00000000ff2a0000)
  to   space 640K,   0% used [0x00000000ff160000, 0x00000000ff160000, 0x00000000ff200000)
 concurrent mark-sweep generation total 13696K, used 2215K [0x00000000ff2a0000, 0x0000000100000000, 0x0000000100000000)
 Metaspace       used 5073K, capacity 5258K, committed 5504K, reserved 1056768K
  class space    used 557K, capacity 597K, committed 640K, reserved 1048576K
}
{Heap before GC invocations=527 (full 66):
 par new generation   total 6144K, used 5233K [0x00000000fec00000, 0x00000000ff2a0000, 0x00000000ff2a0000)
  eden space 5504K,  95% used [0x00000000fec00000, 0x00000000ff11b668, 0x00000000ff160000)
  from space 640K,   0% used [0x00000000ff200000, 0x00000000ff201020, 0x00000000ff2a0000)
  to   space 640K,   0% used [0x00000000ff160000, 0x00000000ff160000, 0x00000000ff200000)
 concurrent mark-sweep generation total 13696K, used 2215K [0x00000000ff2a0000, 0x0000000100000000, 0x0000000100000000)
 Metaspace       used 5073K, capacity 5258K, committed 5504K, reserved 1056768K
  class space    used 557K, capacity 597K, committed 640K, reserved 1048576K
2024-07-16T18:26:17.313+0800: 4.117: [GC (Allocation Failure) 2024-07-16T18:26:17.313+0800: 4.117: [ParNew: 5233K->6K(6144K), 0.0004182 secs] 7448K->3247K(19840K), 0.0004682 secs] [Times: user=0.00 sys=0.00, real=0.00 secs] 
Heap after GC invocations=528 (full 66):
 par new generation   total 6144K, used 6K [0x00000000fec00000, 0x00000000ff2a0000, 0x00000000ff2a0000)
  eden space 5504K,   0% used [0x00000000fec00000, 0x00000000fec00000, 0x00000000ff160000)
  from space 640K,   0% used [0x00000000ff160000, 0x00000000ff161830, 0x00000000ff200000)
  to   space 640K,   0% used [0x00000000ff200000, 0x00000000ff200000, 0x00000000ff2a0000)
 concurrent mark-sweep generation total 13696K, used 3241K [0x00000000ff2a0000, 0x0000000100000000, 0x0000000100000000)
 Metaspace       used 5073K, capacity 5258K, committed 5504K, reserved 1056768K
  class space    used 557K, capacity 597K, committed 640K, reserved 1048576K
}
{Heap before GC invocations=528 (full 66):
 par new generation   total 6144K, used 5235K [0x00000000fec00000, 0x00000000ff2a0000, 0x00000000ff2a0000)
  eden space 5504K,  95% used [0x00000000fec00000, 0x00000000ff11b6c8, 0x00000000ff160000)
  from space 640K,   0% used [0x00000000ff160000, 0x00000000ff161830, 0x00000000ff200000)
  to   space 640K,   0% used [0x00000000ff200000, 0x00000000ff200000, 0x00000000ff2a0000)
 concurrent mark-sweep generation total 13696K, used 3241K [0x00000000ff2a0000, 0x0000000100000000, 0x0000000100000000)
 Metaspace       used 5073K, capacity 5258K, committed 5504K, reserved 1056768K
  class space    used 557K, capacity 597K, committed 640K, reserved 1048576K
2024-07-16T18:26:17.320+0800: 4.124: [GC (Allocation Failure) 2024-07-16T18:26:17.320+0800: 4.124: [ParNew: 5235K->6K(6144K), 0.0006262 secs] 8477K->4273K(19840K), 0.0006827 secs] [Times: user=0.00 sys=0.00, real=0.00 secs] 
Heap after GC invocations=529 (full 66):
 par new generation   total 6144K, used 6K [0x00000000fec00000, 0x00000000ff2a0000, 0x00000000ff2a0000)
  eden space 5504K,   0% used [0x00000000fec00000, 0x00000000fec00000, 0x00000000ff160000)
  from space 640K,   0% used [0x00000000ff200000, 0x00000000ff201830, 0x00000000ff2a0000)
  to   space 640K,   0% used [0x00000000ff160000, 0x00000000ff160000, 0x00000000ff200000)
 concurrent mark-sweep generation total 13696K, used 4267K [0x00000000ff2a0000, 0x0000000100000000, 0x0000000100000000)
 Metaspace       used 5073K, capacity 5258K, committed 5504K, reserved 1056768K
  class space    used 557K, capacity 597K, committed 640K, reserved 1048576K
}
{Heap before GC invocations=529 (full 66):
 par new generation   total 6144K, used 5235K [0x00000000fec00000, 0x00000000ff2a0000, 0x00000000ff2a0000)
  eden space 5504K,  95% used [0x00000000fec00000, 0x00000000ff11b708, 0x00000000ff160000)
  from space 640K,   0% used [0x00000000ff200000, 0x00000000ff201830, 0x00000000ff2a0000)
  to   space 640K,   0% used [0x00000000ff160000, 0x00000000ff160000, 0x00000000ff200000)
 concurrent mark-sweep generation total 13696K, used 4267K [0x00000000ff2a0000, 0x0000000100000000, 0x0000000100000000)
 Metaspace       used 5073K, capacity 5258K, committed 5504K, reserved 1056768K
  class space    used 557K, capacity 597K, committed 640K, reserved 1048576K
2024-07-16T18:26:17.326+0800: 4.130: [GC (Allocation Failure) 2024-07-16T18:26:17.326+0800: 4.130: [ParNew: 5235K->6K(6144K), 0.0004570 secs] 9503K->5299K(19840K), 0.0005061 secs] [Times: user=0.00 sys=0.00, real=0.00 secs] 
Heap after GC invocations=530 (full 66):
 par new generation   total 6144K, used 6K [0x00000000fec00000, 0x00000000ff2a0000, 0x00000000ff2a0000)
  eden space 5504K,   0% used [0x00000000fec00000, 0x00000000fec00000, 0x00000000ff160000)
  from space 640K,   0% used [0x00000000ff160000, 0x00000000ff161830, 0x00000000ff200000)
  to   space 640K,   0% used [0x00000000ff200000, 0x00000000ff200000, 0x00000000ff2a0000)
 concurrent mark-sweep generation total 13696K, used 5293K [0x00000000ff2a0000, 0x0000000100000000, 0x0000000100000000)
 Metaspace       used 5073K, capacity 5258K, committed 5504K, reserved 1056768K
  class space    used 557K, capacity 597K, committed 640K, reserved 1048576K
}
2024-07-16T18:26:17.326+0800: 4.131: [GC (CMS Initial Mark) [1 CMS-initial-mark: 5293K(13696K)] 6323K(19840K), 0.0001165 secs] [Times: user=0.00 sys=0.00, real=0.00 secs] 
2024-07-16T18:26:17.326+0800: 4.131: [CMS-concurrent-mark-start]
2024-07-16T18:26:17.328+0800: 4.132: [CMS-concurrent-mark: 0.001/0.001 secs] [Times: user=0.00 sys=0.00, real=0.00 secs] 
2024-07-16T18:26:17.328+0800: 4.132: [CMS-concurrent-preclean-start]
2024-07-16T18:26:17.328+0800: 4.132: [CMS-concurrent-preclean: 0.000/0.000 secs] [Times: user=0.00 sys=0.00, real=0.00 secs] 
2024-07-16T18:26:17.328+0800: 4.132: [CMS-concurrent-abortable-preclean-start]
{Heap before GC invocations=530 (full 67):
 par new generation   total 6144K, used 5235K [0x00000000fec00000, 0x00000000ff2a0000, 0x00000000ff2a0000)
  eden space 5504K,  95% used [0x00000000fec00000, 0x00000000ff11b730, 0x00000000ff160000)
  from space 640K,   0% used [0x00000000ff160000, 0x00000000ff161830, 0x00000000ff200000)
  to   space 640K,   0% used [0x00000000ff200000, 0x00000000ff200000, 0x00000000ff2a0000)
 concurrent mark-sweep generation total 13696K, used 5293K [0x00000000ff2a0000, 0x0000000100000000, 0x0000000100000000)
 Metaspace       used 5073K, capacity 5258K, committed 5504K, reserved 1056768K
  class space    used 557K, capacity 597K, committed 640K, reserved 1048576K
2024-07-16T18:26:17.334+0800: 4.138: [GC (Allocation Failure) 2024-07-16T18:26:17.334+0800: 4.138: [ParNew: 5235K->4K(6144K), 0.0004676 secs] 10529K->6323K(19840K), 0.0005242 secs] [Times: user=0.00 sys=0.00, real=0.00 secs] 
Heap after GC invocations=531 (full 67):
 par new generation   total 6144K, used 4K [0x00000000fec00000, 0x00000000ff2a0000, 0x00000000ff2a0000)
  eden space 5504K,   0% used [0x00000000fec00000, 0x00000000fec00000, 0x00000000ff160000)
  from space 640K,   0% used [0x00000000ff200000, 0x00000000ff201020, 0x00000000ff2a0000)
  to   space 640K,   0% used [0x00000000ff160000, 0x00000000ff160000, 0x00000000ff200000)
 concurrent mark-sweep generation total 13696K, used 6319K [0x00000000ff2a0000, 0x0000000100000000, 0x0000000100000000)
 Metaspace       used 5073K, capacity 5258K, committed 5504K, reserved 1056768K
  class space    used 557K, capacity 597K, committed 640K, reserved 1048576K
}
{Heap before GC invocations=531 (full 67):
 par new generation   total 6144K, used 5233K [0x00000000fec00000, 0x00000000ff2a0000, 0x00000000ff2a0000)
  eden space 5504K,  95% used [0x00000000fec00000, 0x00000000ff11b750, 0x00000000ff160000)
  from space 640K,   0% used [0x00000000ff200000, 0x00000000ff201020, 0x00000000ff2a0000)
  to   space 640K,   0% used [0x00000000ff160000, 0x00000000ff160000, 0x00000000ff200000)
 concurrent mark-sweep generation total 13696K, used 6319K [0x00000000ff2a0000, 0x0000000100000000, 0x0000000100000000)
 Metaspace       used 5073K, capacity 5258K, committed 5504K, reserved 1056768K
  class space    used 557K, capacity 597K, committed 640K, reserved 1048576K
2024-07-16T18:26:17.342+0800: 4.146: [GC (Allocation Failure) 2024-07-16T18:26:17.342+0800: 4.146: [ParNew: 5233K->4K(6144K), 0.0003427 secs] 11553K->6323K(19840K), 0.0004051 secs] [Times: user=0.00 sys=0.00, real=0.00 secs] 
Heap after GC invocations=532 (full 67):
 par new generation   total 6144K, used 4K [0x00000000fec00000, 0x00000000ff2a0000, 0x00000000ff2a0000)
  eden space 5504K,   0% used [0x00000000fec00000, 0x00000000fec00000, 0x00000000ff160000)
  from space 640K,   0% used [0x00000000ff160000, 0x00000000ff161020, 0x00000000ff200000)
  to   space 640K,   0% used [0x00000000ff200000, 0x00000000ff200000, 0x00000000ff2a0000)
 concurrent mark-sweep generation total 13696K, used 6319K [0x00000000ff2a0000, 0x0000000100000000, 0x0000000100000000)
 Metaspace       used 5073K, capacity 5258K, committed 5504K, reserved 1056768K
  class space    used 557K, capacity 597K, committed 640K, reserved 1048576K
}
{Heap before GC invocations=532 (full 67):
 par new generation   total 6144K, used 5233K [0x00000000fec00000, 0x00000000ff2a0000, 0x00000000ff2a0000)
  eden space 5504K,  95% used [0x00000000fec00000, 0x00000000ff11b760, 0x00000000ff160000)
  from space 640K,   0% used [0x00000000ff160000, 0x00000000ff161020, 0x00000000ff200000)
  to   space 640K,   0% used [0x00000000ff200000, 0x00000000ff200000, 0x00000000ff2a0000)
 concurrent mark-sweep generation total 13696K, used 6319K [0x00000000ff2a0000, 0x0000000100000000, 0x0000000100000000)
 Metaspace       used 5073K, capacity 5258K, committed 5504K, reserved 1056768K
  class space    used 557K, capacity 597K, committed 640K, reserved 1048576K
2024-07-16T18:26:17.351+0800: 4.155: [GC (Allocation Failure) 2024-07-16T18:26:17.351+0800: 4.155: [ParNew: 5233K->4K(6144K), 0.0003938 secs] 11553K->6323K(19840K), 0.0004543 secs] [Times: user=0.00 sys=0.00, real=0.00 secs] 
Heap after GC invocations=533 (full 67):
 par new generation   total 6144K, used 4K [0x00000000fec00000, 0x00000000ff2a0000, 0x00000000ff2a0000)
  eden space 5504K,   0% used [0x00000000fec00000, 0x00000000fec00000, 0x00000000ff160000)
  from space 640K,   0% used [0x00000000ff200000, 0x00000000ff201020, 0x00000000ff2a0000)
  to   space 640K,   0% used [0x00000000ff160000, 0x00000000ff160000, 0x00000000ff200000)
 concurrent mark-sweep generation total 13696K, used 6319K [0x00000000ff2a0000, 0x0000000100000000, 0x0000000100000000)
 Metaspace       used 5073K, capacity 5258K, committed 5504K, reserved 1056768K
  class space    used 557K, capacity 597K, committed 640K, reserved 1048576K
}
{Heap before GC invocations=533 (full 67):
 par new generation   total 6144K, used 5233K [0x00000000fec00000, 0x00000000ff2a0000, 0x00000000ff2a0000)
  eden space 5504K,  95% used [0x00000000fec00000, 0x00000000ff11b768, 0x00000000ff160000)
  from space 640K,   0% used [0x00000000ff200000, 0x00000000ff201020, 0x00000000ff2a0000)
  to   space 640K,   0% used [0x00000000ff160000, 0x00000000ff160000, 0x00000000ff200000)
 concurrent mark-sweep generation total 13696K, used 6319K [0x00000000ff2a0000, 0x0000000100000000, 0x0000000100000000)
 Metaspace       used 5073K, capacity 5258K, committed 5504K, reserved 1056768K
  class space    used 557K, capacity 597K, committed 640K, reserved 1048576K
2024-07-16T18:26:17.358+0800: 4.162: [GC (Allocation Failure) 2024-07-16T18:26:17.358+0800: 4.162: [ParNew: 5233K->8K(6144K), 0.0004746 secs] 11553K->7351K(19840K), 0.0005236 secs] [Times: user=0.00 sys=0.00, real=0.00 secs] 
Heap after GC invocations=534 (full 67):
 par new generation   total 6144K, used 8K [0x00000000fec00000, 0x00000000ff2a0000, 0x00000000ff2a0000)
  eden space 5504K,   0% used [0x00000000fec00000, 0x00000000fec00000, 0x00000000ff160000)
  from space 640K,   1% used [0x00000000ff160000, 0x00000000ff162040, 0x00000000ff200000)
  to   space 640K,   0% used [0x00000000ff200000, 0x00000000ff200000, 0x00000000ff2a0000)
 concurrent mark-sweep generation total 13696K, used 7343K [0x00000000ff2a0000, 0x0000000100000000, 0x0000000100000000)
 Metaspace       used 5073K, capacity 5258K, committed 5504K, reserved 1056768K
  class space    used 557K, capacity 597K, committed 640K, reserved 1048576K
}
{Heap before GC invocations=534 (full 67):
 par new generation   total 6144K, used 5237K [0x00000000fec00000, 0x00000000ff2a0000, 0x00000000ff2a0000)
  eden space 5504K,  95% used [0x00000000fec00000, 0x00000000ff11b770, 0x00000000ff160000)
  from space 640K,   1% used [0x00000000ff160000, 0x00000000ff162040, 0x00000000ff200000)
  to   space 640K,   0% used [0x00000000ff200000, 0x00000000ff200000, 0x00000000ff2a0000)
 concurrent mark-sweep generation total 13696K, used 7343K [0x00000000ff2a0000, 0x0000000100000000, 0x0000000100000000)
 Metaspace       used 5073K, capacity 5258K, committed 5504K, reserved 1056768K
  class space    used 557K, capacity 597K, committed 640K, reserved 1048576K
2024-07-16T18:26:17.365+0800: 4.169: [GC (Allocation Failure) 2024-07-16T18:26:17.365+0800: 4.169: [ParNew: 5237K->6K(6144K), 0.0005502 secs] 12581K->8375K(19840K), 0.0006473 secs] [Times: user=0.00 sys=0.00, real=0.00 secs] 
Heap after GC invocations=535 (full 67):
 par new generation   total 6144K, used 6K [0x00000000fec00000, 0x00000000ff2a0000, 0x00000000ff2a0000)
  eden space 5504K,   0% used [0x00000000fec00000, 0x00000000fec00000, 0x00000000ff160000)
  from space 640K,   0% used [0x00000000ff200000, 0x00000000ff201830, 0x00000000ff2a0000)
  to   space 640K,   0% used [0x00000000ff160000, 0x00000000ff160000, 0x00000000ff200000)
 concurrent mark-sweep generation total 13696K, used 8369K [0x00000000ff2a0000, 0x0000000100000000, 0x0000000100000000)
 Metaspace       used 5073K, capacity 5258K, committed 5504K, reserved 1056768K
  class space    used 557K, capacity 597K, committed 640K, reserved 1048576K
}
{Heap before GC invocations=535 (full 67):
 par new generation   total 6144K, used 5235K [0x00000000fec00000, 0x00000000ff2a0000, 0x00000000ff2a0000)
  eden space 5504K,  95% used [0x00000000fec00000, 0x00000000ff11b778, 0x00000000ff160000)
  from space 640K,   0% used [0x00000000ff200000, 0x00000000ff201830, 0x00000000ff2a0000)
  to   space 640K,   0% used [0x00000000ff160000, 0x00000000ff160000, 0x00000000ff200000)
 concurrent mark-sweep generation total 13696K, used 8369K [0x00000000ff2a0000, 0x0000000100000000, 0x0000000100000000)
 Metaspace       used 5073K, capacity 5258K, committed 5504K, reserved 1056768K
  class space    used 557K, capacity 597K, committed 640K, reserved 1048576K
2024-07-16T18:26:17.371+0800: 4.175: [GC (Allocation Failure) 2024-07-16T18:26:17.371+0800: 4.175: [ParNew: 5235K->6K(6144K), 0.0006701 secs] 13605K->10423K(19840K), 0.0007650 secs] [Times: user=0.00 sys=0.00, real=0.00 secs] 
Heap after GC invocations=536 (full 67):
 par new generation   total 6144K, used 6K [0x00000000fec00000, 0x00000000ff2a0000, 0x00000000ff2a0000)
  eden space 5504K,   0% used [0x00000000fec00000, 0x00000000fec00000, 0x00000000ff160000)
  from space 640K,   0% used [0x00000000ff160000, 0x00000000ff161830, 0x00000000ff200000)
  to   space 640K,   0% used [0x00000000ff200000, 0x00000000ff200000, 0x00000000ff2a0000)
 concurrent mark-sweep generation total 13696K, used 10417K [0x00000000ff2a0000, 0x0000000100000000, 0x0000000100000000)
 Metaspace       used 5073K, capacity 5258K, committed 5504K, reserved 1056768K
  class space    used 557K, capacity 597K, committed 640K, reserved 1048576K
}
{Heap before GC invocations=536 (full 67):
 par new generation   total 6144K, used 5235K [0x00000000fec00000, 0x00000000ff2a0000, 0x00000000ff2a0000)
  eden space 5504K,  95% used [0x00000000fec00000, 0x00000000ff11b778, 0x00000000ff160000)
  from space 640K,   0% used [0x00000000ff160000, 0x00000000ff161830, 0x00000000ff200000)
  to   space 640K,   0% used [0x00000000ff200000, 0x00000000ff200000, 0x00000000ff2a0000)
 concurrent mark-sweep generation total 13696K, used 10417K [0x00000000ff2a0000, 0x0000000100000000, 0x0000000100000000)
 Metaspace       used 5073K, capacity 5258K, committed 5504K, reserved 1056768K
  class space    used 557K, capacity 597K, committed 640K, reserved 1048576K
2024-07-16T18:26:17.379+0800: 4.183: [GC (Allocation Failure) 2024-07-16T18:26:17.379+0800: 4.183: [ParNew: 5235K->4K(6144K), 0.0004654 secs] 15653K->11445K(19840K), 0.0005250 secs] [Times: user=0.00 sys=0.00, real=0.00 secs] 
Heap after GC invocations=537 (full 67):
 par new generation   total 6144K, used 4K [0x00000000fec00000, 0x00000000ff2a0000, 0x00000000ff2a0000)
  eden space 5504K,   0% used [0x00000000fec00000, 0x00000000fec00000, 0x00000000ff160000)
  from space 640K,   0% used [0x00000000ff200000, 0x00000000ff201020, 0x00000000ff2a0000)
  to   space 640K,   0% used [0x00000000ff160000, 0x00000000ff160000, 0x00000000ff200000)
 concurrent mark-sweep generation total 13696K, used 11441K [0x00000000ff2a0000, 0x0000000100000000, 0x0000000100000000)
 Metaspace       used 5073K, capacity 5258K, committed 5504K, reserved 1056768K
  class space    used 557K, capacity 597K, committed 640K, reserved 1048576K
}
{Heap before GC invocations=537 (full 67):
 par new generation   total 6144K, used 5233K [0x00000000fec00000, 0x00000000ff2a0000, 0x00000000ff2a0000)
  eden space 5504K,  95% used [0x00000000fec00000, 0x00000000ff11b778, 0x00000000ff160000)
  from space 640K,   0% used [0x00000000ff200000, 0x00000000ff201020, 0x00000000ff2a0000)
  to   space 640K,   0% used [0x00000000ff160000, 0x00000000ff160000, 0x00000000ff200000)
 concurrent mark-sweep generation total 13696K, used 11441K [0x00000000ff2a0000, 0x0000000100000000, 0x0000000100000000)
 Metaspace       used 5073K, capacity 5258K, committed 5504K, reserved 1056768K
  class space    used 557K, capacity 597K, committed 640K, reserved 1048576K
2024-07-16T18:26:17.387+0800: 4.191: [GC (Allocation Failure) 2024-07-16T18:26:17.387+0800: 4.191: [ParNew: 5233K->8K(6144K), 0.0005094 secs] 16675K->12475K(19840K), 0.0005679 secs] [Times: user=0.00 sys=0.00, real=0.00 secs] 
Heap after GC invocations=538 (full 67):
 par new generation   total 6144K, used 8K [0x00000000fec00000, 0x00000000ff2a0000, 0x00000000ff2a0000)
  eden space 5504K,   0% used [0x00000000fec00000, 0x00000000fec00000, 0x00000000ff160000)
  from space 640K,   1% used [0x00000000ff160000, 0x00000000ff162040, 0x00000000ff200000)
  to   space 640K,   0% used [0x00000000ff200000, 0x00000000ff200000, 0x00000000ff2a0000)
 concurrent mark-sweep generation total 13696K, used 12467K [0x00000000ff2a0000, 0x0000000100000000, 0x0000000100000000)
 Metaspace       used 5073K, capacity 5258K, committed 5504K, reserved 1056768K
  class space    used 557K, capacity 597K, committed 640K, reserved 1048576K
}
{Heap before GC invocations=538 (full 67):
 par new generation   total 6144K, used 5237K [0x00000000fec00000, 0x00000000ff2a0000, 0x00000000ff2a0000)
  eden space 5504K,  95% used [0x00000000fec00000, 0x00000000ff11b778, 0x00000000ff160000)
  from space 640K,   1% used [0x00000000ff160000, 0x00000000ff162040, 0x00000000ff200000)
  to   space 640K,   0% used [0x00000000ff200000, 0x00000000ff200000, 0x00000000ff2a0000)
 concurrent mark-sweep generation total 13696K, used 12467K [0x00000000ff2a0000, 0x0000000100000000, 0x0000000100000000)
 Metaspace       used 5073K, capacity 5258K, committed 5504K, reserved 1056768K
  class space    used 557K, capacity 597K, committed 640K, reserved 1048576K
2024-07-16T18:26:17.395+0800: 4.199: [GC (Allocation Failure) 2024-07-16T18:26:17.395+0800: 4.199: [ParNew: 5237K->5237K(6144K), 0.0000197 secs]2024-07-16T18:26:17.395+0800: 4.199: [CMS2024-07-16T18:26:17.395+0800: 4.199: [CMS-concurrent-abortable-preclean: 0.001/0.066 secs] [Times: user=0.00 sys=0.00, real=0.07 secs] 
 (concurrent mode failure): 12467K->1191K(13696K), 0.0026452 secs] 17705K->1191K(19840K), [Metaspace: 5073K->5073K(1056768K)], 0.0027451 secs] [Times: user=0.00 sys=0.00, real=0.00 secs] 
Heap after GC invocations=539 (full 68):
 par new generation   total 6144K, used 0K [0x00000000fec00000, 0x00000000ff2a0000, 0x00000000ff2a0000)
  eden space 5504K,   0% used [0x00000000fec00000, 0x00000000fec00000, 0x00000000ff160000)
  from space 640K,   0% used [0x00000000ff160000, 0x00000000ff160000, 0x00000000ff200000)
  to   space 640K,   0% used [0x00000000ff200000, 0x00000000ff200000, 0x00000000ff2a0000)
 concurrent mark-sweep generation total 13696K, used 1191K [0x00000000ff2a0000, 0x0000000100000000, 0x0000000100000000)
 Metaspace       used 5073K, capacity 5258K, committed 5504K, reserved 1056768K
  class space    used 557K, capacity 597K, committed 640K, reserved 1048576K
}
{Heap before GC invocations=539 (full 68):
 par new generation   total 6144K, used 5229K [0x00000000fec00000, 0x00000000ff2a0000, 0x00000000ff2a0000)
  eden space 5504K,  95% used [0x00000000fec00000, 0x00000000ff11b778, 0x00000000ff160000)
  from space 640K,   0% used [0x00000000ff160000, 0x00000000ff160000, 0x00000000ff200000)
  to   space 640K,   0% used [0x00000000ff200000, 0x00000000ff200000, 0x00000000ff2a0000)
 concurrent mark-sweep generation total 13696K, used 1191K [0x00000000ff2a0000, 0x0000000100000000, 0x0000000100000000)
 Metaspace       used 5073K, capacity 5258K, committed 5504K, reserved 1056768K
  class space    used 557K, capacity 597K, committed 640K, reserved 1048576K
2024-07-16T18:26:17.404+0800: 4.208: [GC (Allocation Failure) 2024-07-16T18:26:17.404+0800: 4.208: [ParNew: 5229K->4K(6144K), 0.0004428 secs] 6421K->1195K(19840K), 0.0004846 secs] [Times: user=0.00 sys=0.00, real=0.00 secs] 
Heap after GC invocations=540 (full 68):
 par new generation   total 6144K, used 4K [0x00000000fec00000, 0x00000000ff2a0000, 0x00000000ff2a0000)
  eden space 5504K,   0% used [0x00000000fec00000, 0x00000000fec00000, 0x00000000ff160000)
  from space 640K,   0% used [0x00000000ff200000, 0x00000000ff201020, 0x00000000ff2a0000)
  to   space 640K,   0% used [0x00000000ff160000, 0x00000000ff160000, 0x00000000ff200000)
 concurrent mark-sweep generation total 13696K, used 1191K [0x00000000ff2a0000, 0x0000000100000000, 0x0000000100000000)
 Metaspace       used 5073K, capacity 5258K, committed 5504K, reserved 1056768K
  class space    used 557K, capacity 597K, committed 640K, reserved 1048576K
}
{Heap before GC invocations=540 (full 68):
 par new generation   total 6144K, used 5233K [0x00000000fec00000, 0x00000000ff2a0000, 0x00000000ff2a0000)
  eden space 5504K,  95% used [0x00000000fec00000, 0x00000000ff11b778, 0x00000000ff160000)
  from space 640K,   0% used [0x00000000ff200000, 0x00000000ff201020, 0x00000000ff2a0000)
  to   space 640K,   0% used [0x00000000ff160000, 0x00000000ff160000, 0x00000000ff200000)
 concurrent mark-sweep generation total 13696K, used 1191K [0x00000000ff2a0000, 0x0000000100000000, 0x0000000100000000)
 Metaspace       used 5073K, capacity 5258K, committed 5504K, reserved 1056768K
  class space    used 557K, capacity 597K, committed 640K, reserved 1048576K
2024-07-16T18:26:17.411+0800: 4.215: [GC (Allocation Failure) 2024-07-16T18:26:17.411+0800: 4.215: [ParNew: 5233K->4K(6144K), 0.0004340 secs] 6425K->1195K(19840K), 0.0004972 secs] [Times: user=0.00 sys=0.00, real=0.00 secs] 
Heap after GC invocations=541 (full 68):
 par new generation   total 6144K, used 4K [0x00000000fec00000, 0x00000000ff2a0000, 0x00000000ff2a0000)
  eden space 5504K,   0% used [0x00000000fec00000, 0x00000000fec00000, 0x00000000ff160000)
  from space 640K,   0% used [0x00000000ff160000, 0x00000000ff161020, 0x00000000ff200000)
  to   space 640K,   0% used [0x00000000ff200000, 0x00000000ff200000, 0x00000000ff2a0000)
 concurrent mark-sweep generation total 13696K, used 1191K [0x00000000ff2a0000, 0x0000000100000000, 0x0000000100000000)
 Metaspace       used 5073K, capacity 5258K, committed 5504K, reserved 1056768K
  class space    used 557K, capacity 597K, committed 640K, reserved 1048576K
}
{Heap before GC invocations=541 (full 68):
 par new generation   total 6144K, used 5233K [0x00000000fec00000, 0x00000000ff2a0000, 0x00000000ff2a0000)
  eden space 5504K,  95% used [0x00000000fec00000, 0x00000000ff11b778, 0x00000000ff160000)
  from space 640K,   0% used [0x00000000ff160000, 0x00000000ff161020, 0x00000000ff200000)
  to   space 640K,   0% used [0x00000000ff200000, 0x00000000ff200000, 0x00000000ff2a0000)
 concurrent mark-sweep generation total 13696K, used 1191K [0x00000000ff2a0000, 0x0000000100000000, 0x0000000100000000)
 Metaspace       used 5073K, capacity 5258K, committed 5504K, reserved 1056768K
  class space    used 557K, capacity 597K, committed 640K, reserved 1048576K
2024-07-16T18:26:17.420+0800: 4.224: [GC (Allocation Failure) 2024-07-16T18:26:17.420+0800: 4.224: [ParNew: 5233K->4K(6144K), 0.0004268 secs] 6425K->1195K(19840K), 0.0004747 secs] [Times: user=0.00 sys=0.00, real=0.00 secs] 
Heap after GC invocations=542 (full 68):
 par new generation   total 6144K, used 4K [0x00000000fec00000, 0x00000000ff2a0000, 0x00000000ff2a0000)
  eden space 5504K,   0% used [0x00000000fec00000, 0x00000000fec00000, 0x00000000ff160000)
  from space 640K,   0% used [0x00000000ff200000, 0x00000000ff201020, 0x00000000ff2a0000)
  to   space 640K,   0% used [0x00000000ff160000, 0x00000000ff160000, 0x00000000ff200000)
 concurrent mark-sweep generation total 13696K, used 1191K [0x00000000ff2a0000, 0x0000000100000000, 0x0000000100000000)
 Metaspace       used 5073K, capacity 5258K, committed 5504K, reserved 1056768K
  class space    used 557K, capacity 597K, committed 640K, reserved 1048576K
}
{Heap before GC invocations=542 (full 68):
 par new generation   total 6144K, used 5233K [0x00000000fec00000, 0x00000000ff2a0000, 0x00000000ff2a0000)
  eden space 5504K,  95% used [0x00000000fec00000, 0x00000000ff11b778, 0x00000000ff160000)
  from space 640K,   0% used [0x00000000ff200000, 0x00000000ff201020, 0x00000000ff2a0000)
  to   space 640K,   0% used [0x00000000ff160000, 0x00000000ff160000, 0x00000000ff200000)
 concurrent mark-sweep generation total 13696K, used 1191K [0x00000000ff2a0000, 0x0000000100000000, 0x0000000100000000)
 Metaspace       used 5073K, capacity 5258K, committed 5504K, reserved 1056768K
  class space    used 557K, capacity 597K, committed 640K, reserved 1048576K
2024-07-16T18:26:17.428+0800: 4.232: [GC (Allocation Failure) 2024-07-16T18:26:17.428+0800: 4.232: [ParNew: 5233K->6K(6144K), 0.0004170 secs] 6425K->2223K(19840K), 0.0004893 secs] [Times: user=0.00 sys=0.00, real=0.00 secs] 
Heap after GC invocations=543 (full 68):
 par new generation   total 6144K, used 6K [0x00000000fec00000, 0x00000000ff2a0000, 0x00000000ff2a0000)
  eden space 5504K,   0% used [0x00000000fec00000, 0x00000000fec00000, 0x00000000ff160000)
  from space 640K,   0% used [0x00000000ff160000, 0x00000000ff161830, 0x00000000ff200000)
  to   space 640K,   0% used [0x00000000ff200000, 0x00000000ff200000, 0x00000000ff2a0000)
 concurrent mark-sweep generation total 13696K, used 2217K [0x00000000ff2a0000, 0x0000000100000000, 0x0000000100000000)
 Metaspace       used 5073K, capacity 5258K, committed 5504K, reserved 1056768K
  class space    used 557K, capacity 597K, committed 640K, reserved 1048576K
}
{Heap before GC invocations=543 (full 68):
 par new generation   total 6144K, used 5235K [0x00000000fec00000, 0x00000000ff2a0000, 0x00000000ff2a0000)
  eden space 5504K,  95% used [0x00000000fec00000, 0x00000000ff11b778, 0x00000000ff160000)
  from space 640K,   0% used [0x00000000ff160000, 0x00000000ff161830, 0x00000000ff200000)
  to   space 640K,   0% used [0x00000000ff200000, 0x00000000ff200000, 0x00000000ff2a0000)
 concurrent mark-sweep generation total 13696K, used 2217K [0x00000000ff2a0000, 0x0000000100000000, 0x0000000100000000)
 Metaspace       used 5073K, capacity 5258K, committed 5504K, reserved 1056768K
  class space    used 557K, capacity 597K, committed 640K, reserved 1048576K
2024-07-16T18:26:17.436+0800: 4.240: [GC (Allocation Failure) 2024-07-16T18:26:17.436+0800: 4.240: [ParNew: 5235K->4K(6144K), 0.0003669 secs] 7453K->2221K(19840K), 0.0004287 secs] [Times: user=0.00 sys=0.00, real=0.00 secs] 
Heap after GC invocations=544 (full 68):
 par new generation   total 6144K, used 4K [0x00000000fec00000, 0x00000000ff2a0000, 0x00000000ff2a0000)
  eden space 5504K,   0% used [0x00000000fec00000, 0x00000000fec00000, 0x00000000ff160000)
  from space 640K,   0% used [0x00000000ff200000, 0x00000000ff201020, 0x00000000ff2a0000)
  to   space 640K,   0% used [0x00000000ff160000, 0x00000000ff160000, 0x00000000ff200000)
 concurrent mark-sweep generation total 13696K, used 2217K [0x00000000ff2a0000, 0x0000000100000000, 0x0000000100000000)
 Metaspace       used 5073K, capacity 5258K, committed 5504K, reserved 1056768K
  class space    used 557K, capacity 597K, committed 640K, reserved 1048576K
}
{Heap before GC invocations=544 (full 68):
 par new generation   total 6144K, used 5233K [0x00000000fec00000, 0x00000000ff2a0000, 0x00000000ff2a0000)
  eden space 5504K,  95% used [0x00000000fec00000, 0x00000000ff11b780, 0x00000000ff160000)
  from space 640K,   0% used [0x00000000ff200000, 0x00000000ff201020, 0x00000000ff2a0000)
  to   space 640K,   0% used [0x00000000ff160000, 0x00000000ff160000, 0x00000000ff200000)
 concurrent mark-sweep generation total 13696K, used 2217K [0x00000000ff2a0000, 0x0000000100000000, 0x0000000100000000)
 Metaspace       used 5073K, capacity 5258K, committed 5504K, reserved 1056768K
  class space    used 557K, capacity 597K, committed 640K, reserved 1048576K
2024-07-16T18:26:17.444+0800: 4.248: [GC (Allocation Failure) 2024-07-16T18:26:17.444+0800: 4.248: [ParNew: 5233K->4K(6144K), 0.0003106 secs] 7451K->2221K(19840K), 0.0003619 secs] [Times: user=0.00 sys=0.00, real=0.00 secs] 
Heap after GC invocations=545 (full 68):
 par new generation   total 6144K, used 4K [0x00000000fec00000, 0x00000000ff2a0000, 0x00000000ff2a0000)
  eden space 5504K,   0% used [0x00000000fec00000, 0x00000000fec00000, 0x00000000ff160000)
  from space 640K,   0% used [0x00000000ff160000, 0x00000000ff161020, 0x00000000ff200000)
  to   space 640K,   0% used [0x00000000ff200000, 0x00000000ff200000, 0x00000000ff2a0000)
 concurrent mark-sweep generation total 13696K, used 2217K [0x00000000ff2a0000, 0x0000000100000000, 0x0000000100000000)
 Metaspace       used 5073K, capacity 5258K, committed 5504K, reserved 1056768K
  class space    used 557K, capacity 597K, committed 640K, reserved 1048576K
}
{Heap before GC invocations=545 (full 68):
 par new generation   total 6144K, used 5233K [0x00000000fec00000, 0x00000000ff2a0000, 0x00000000ff2a0000)
  eden space 5504K,  95% used [0x00000000fec00000, 0x00000000ff11b780, 0x00000000ff160000)
  from space 640K,   0% used [0x00000000ff160000, 0x00000000ff161020, 0x00000000ff200000)
  to   space 640K,   0% used [0x00000000ff200000, 0x00000000ff200000, 0x00000000ff2a0000)
 concurrent mark-sweep generation total 13696K, used 2217K [0x00000000ff2a0000, 0x0000000100000000, 0x0000000100000000)
 Metaspace       used 5073K, capacity 5258K, committed 5504K, reserved 1056768K
  class space    used 557K, capacity 597K, committed 640K, reserved 1048576K
2024-07-16T18:26:17.453+0800: 4.257: [GC (Allocation Failure) 2024-07-16T18:26:17.453+0800: 4.257: [ParNew: 5233K->10K(6144K), 0.0004495 secs] 7451K->3253K(19840K), 0.0005122 secs] [Times: user=0.00 sys=0.00, real=0.00 secs] 
Heap after GC invocations=546 (full 68):
 par new generation   total 6144K, used 10K [0x00000000fec00000, 0x00000000ff2a0000, 0x00000000ff2a0000)
  eden space 5504K,   0% used [0x00000000fec00000, 0x00000000fec00000, 0x00000000ff160000)
  from space 640K,   1% used [0x00000000ff200000, 0x00000000ff202850, 0x00000000ff2a0000)
  to   space 640K,   0% used [0x00000000ff160000, 0x00000000ff160000, 0x00000000ff200000)
 concurrent mark-sweep generation total 13696K, used 3243K [0x00000000ff2a0000, 0x0000000100000000, 0x0000000100000000)
 Metaspace       used 5073K, capacity 5258K, committed 5504K, reserved 1056768K
  class space    used 557K, capacity 597K, committed 640K, reserved 1048576K
}
{Heap before GC invocations=546 (full 68):
 par new generation   total 6144K, used 5239K [0x00000000fec00000, 0x00000000ff2a0000, 0x00000000ff2a0000)
  eden space 5504K,  95% used [0x00000000fec00000, 0x00000000ff11b780, 0x00000000ff160000)
  from space 640K,   1% used [0x00000000ff200000, 0x00000000ff202850, 0x00000000ff2a0000)
  to   space 640K,   0% used [0x00000000ff160000, 0x00000000ff160000, 0x00000000ff200000)
 concurrent mark-sweep generation total 13696K, used 3243K [0x00000000ff2a0000, 0x0000000100000000, 0x0000000100000000)
 Metaspace       used 5073K, capacity 5258K, committed 5504K, reserved 1056768K
  class space    used 557K, capacity 597K, committed 640K, reserved 1048576K
2024-07-16T18:26:17.459+0800: 4.263: [GC (Allocation Failure) 2024-07-16T18:26:17.459+0800: 4.263: [ParNew: 5239K->6K(6144K), 0.0006247 secs] 8483K->4273K(19840K), 0.0006825 secs] [Times: user=0.00 sys=0.00, real=0.00 secs] 
Heap after GC invocations=547 (full 68):
 par new generation   total 6144K, used 6K [0x00000000fec00000, 0x00000000ff2a0000, 0x00000000ff2a0000)
  eden space 5504K,   0% used [0x00000000fec00000, 0x00000000fec00000, 0x00000000ff160000)
  from space 640K,   0% used [0x00000000ff160000, 0x00000000ff161830, 0x00000000ff200000)
  to   space 640K,   0% used [0x00000000ff200000, 0x00000000ff200000, 0x00000000ff2a0000)
 concurrent mark-sweep generation total 13696K, used 4267K [0x00000000ff2a0000, 0x0000000100000000, 0x0000000100000000)
 Metaspace       used 5073K, capacity 5258K, committed 5504K, reserved 1056768K
  class space    used 557K, capacity 597K, committed 640K, reserved 1048576K
}
{Heap before GC invocations=547 (full 68):
 par new generation   total 6144K, used 5235K [0x00000000fec00000, 0x00000000ff2a0000, 0x00000000ff2a0000)
  eden space 5504K,  95% used [0x00000000fec00000, 0x00000000ff11b780, 0x00000000ff160000)
  from space 640K,   0% used [0x00000000ff160000, 0x00000000ff161830, 0x00000000ff200000)
  to   space 640K,   0% used [0x00000000ff200000, 0x00000000ff200000, 0x00000000ff2a0000)
 concurrent mark-sweep generation total 13696K, used 4267K [0x00000000ff2a0000, 0x0000000100000000, 0x0000000100000000)
 Metaspace       used 5073K, capacity 5258K, committed 5504K, reserved 1056768K
  class space    used 557K, capacity 597K, committed 640K, reserved 1048576K
2024-07-16T18:26:17.468+0800: 4.272: [GC (Allocation Failure) 2024-07-16T18:26:17.468+0800: 4.272: [ParNew: 5235K->4K(6144K), 0.0002868 secs] 9503K->4271K(19840K), 0.0003395 secs] [Times: user=0.00 sys=0.00, real=0.00 secs] 
Heap after GC invocations=548 (full 68):
 par new generation   total 6144K, used 4K [0x00000000fec00000, 0x00000000ff2a0000, 0x00000000ff2a0000)
  eden space 5504K,   0% used [0x00000000fec00000, 0x00000000fec00000, 0x00000000ff160000)
  from space 640K,   0% used [0x00000000ff200000, 0x00000000ff201020, 0x00000000ff2a0000)
  to   space 640K,   0% used [0x00000000ff160000, 0x00000000ff160000, 0x00000000ff200000)
 concurrent mark-sweep generation total 13696K, used 4267K [0x00000000ff2a0000, 0x0000000100000000, 0x0000000100000000)
 Metaspace       used 5073K, capacity 5258K, committed 5504K, reserved 1056768K
  class space    used 557K, capacity 597K, committed 640K, reserved 1048576K
}
{Heap before GC invocations=548 (full 68):
 par new generation   total 6144K, used 5233K [0x00000000fec00000, 0x00000000ff2a0000, 0x00000000ff2a0000)
  eden space 5504K,  95% used [0x00000000fec00000, 0x00000000ff11b780, 0x00000000ff160000)
  from space 640K,   0% used [0x00000000ff200000, 0x00000000ff201020, 0x00000000ff2a0000)
  to   space 640K,   0% used [0x00000000ff160000, 0x00000000ff160000, 0x00000000ff200000)
 concurrent mark-sweep generation total 13696K, used 4267K [0x00000000ff2a0000, 0x0000000100000000, 0x0000000100000000)
 Metaspace       used 5073K, capacity 5258K, committed 5504K, reserved 1056768K
  class space    used 557K, capacity 597K, committed 640K, reserved 1048576K
2024-07-16T18:26:17.476+0800: 4.280: [GC (Allocation Failure) 2024-07-16T18:26:17.476+0800: 4.280: [ParNew: 5233K->6K(6144K), 0.0004171 secs] 9501K->5299K(19840K), 0.0004757 secs] [Times: user=0.00 sys=0.00, real=0.00 secs] 
Heap after GC invocations=549 (full 68):
 par new generation   total 6144K, used 6K [0x00000000fec00000, 0x00000000ff2a0000, 0x00000000ff2a0000)
  eden space 5504K,   0% used [0x00000000fec00000, 0x00000000fec00000, 0x00000000ff160000)
  from space 640K,   0% used [0x00000000ff160000, 0x00000000ff161830, 0x00000000ff200000)
  to   space 640K,   0% used [0x00000000ff200000, 0x00000000ff200000, 0x00000000ff2a0000)
 concurrent mark-sweep generation total 13696K, used 5293K [0x00000000ff2a0000, 0x0000000100000000, 0x0000000100000000)
 Metaspace       used 5073K, capacity 5258K, committed 5504K, reserved 1056768K
  class space    used 557K, capacity 597K, committed 640K, reserved 1048576K
}
{Heap before GC invocations=549 (full 68):
 par new generation   total 6144K, used 5235K [0x00000000fec00000, 0x00000000ff2a0000, 0x00000000ff2a0000)
  eden space 5504K,  95% used [0x00000000fec00000, 0x00000000ff11b780, 0x00000000ff160000)
  from space 640K,   0% used [0x00000000ff160000, 0x00000000ff161830, 0x00000000ff200000)
  to   space 640K,   0% used [0x00000000ff200000, 0x00000000ff200000, 0x00000000ff2a0000)
 concurrent mark-sweep generation total 13696K, used 5293K [0x00000000ff2a0000, 0x0000000100000000, 0x0000000100000000)
 Metaspace       used 5073K, capacity 5258K, committed 5504K, reserved 1056768K
  class space    used 557K, capacity 597K, committed 640K, reserved 1048576K
2024-07-16T18:26:17.483+0800: 4.287: [GC (Allocation Failure) 2024-07-16T18:26:17.483+0800: 4.287: [ParNew: 5235K->4K(6144K), 0.0003239 secs] 10529K->5297K(19840K), 0.0003722 secs] [Times: user=0.00 sys=0.00, real=0.00 secs] 
Heap after GC invocations=550 (full 68):
 par new generation   total 6144K, used 4K [0x00000000fec00000, 0x00000000ff2a0000, 0x00000000ff2a0000)
  eden space 5504K,   0% used [0x00000000fec00000, 0x00000000fec00000, 0x00000000ff160000)
  from space 640K,   0% used [0x00000000ff200000, 0x00000000ff201020, 0x00000000ff2a0000)
  to   space 640K,   0% used [0x00000000ff160000, 0x00000000ff160000, 0x00000000ff200000)
 concurrent mark-sweep generation total 13696K, used 5293K [0x00000000ff2a0000, 0x0000000100000000, 0x0000000100000000)
 Metaspace       used 5073K, capacity 5258K, committed 5504K, reserved 1056768K
  class space    used 557K, capacity 597K, committed 640K, reserved 1048576K
}
{Heap before GC invocations=550 (full 68):
 par new generation   total 6144K, used 5233K [0x00000000fec00000, 0x00000000ff2a0000, 0x00000000ff2a0000)
  eden space 5504K,  95% used [0x00000000fec00000, 0x00000000ff11b780, 0x00000000ff160000)
  from space 640K,   0% used [0x00000000ff200000, 0x00000000ff201020, 0x00000000ff2a0000)
  to   space 640K,   0% used [0x00000000ff160000, 0x00000000ff160000, 0x00000000ff200000)
 concurrent mark-sweep generation total 13696K, used 5293K [0x00000000ff2a0000, 0x0000000100000000, 0x0000000100000000)
 Metaspace       used 5073K, capacity 5258K, committed 5504K, reserved 1056768K
  class space    used 557K, capacity 597K, committed 640K, reserved 1048576K
2024-07-16T18:26:17.491+0800: 4.295: [GC (Allocation Failure) 2024-07-16T18:26:17.491+0800: 4.295: [ParNew: 5233K->4K(6144K), 0.0002976 secs] 10527K->5297K(19840K), 0.0003652 secs] [Times: user=0.00 sys=0.00, real=0.00 secs] 
Heap after GC invocations=551 (full 68):
 par new generation   total 6144K, used 4K [0x00000000fec00000, 0x00000000ff2a0000, 0x00000000ff2a0000)
  eden space 5504K,   0% used [0x00000000fec00000, 0x00000000fec00000, 0x00000000ff160000)
  from space 640K,   0% used [0x00000000ff160000, 0x00000000ff161020, 0x00000000ff200000)
  to   space 640K,   0% used [0x00000000ff200000, 0x00000000ff200000, 0x00000000ff2a0000)
 concurrent mark-sweep generation total 13696K, used 5293K [0x00000000ff2a0000, 0x0000000100000000, 0x0000000100000000)
 Metaspace       used 5073K, capacity 5258K, committed 5504K, reserved 1056768K
  class space    used 557K, capacity 597K, committed 640K, reserved 1048576K
}
{Heap before GC invocations=551 (full 68):
 par new generation   total 6144K, used 5233K [0x00000000fec00000, 0x00000000ff2a0000, 0x00000000ff2a0000)
  eden space 5504K,  95% used [0x00000000fec00000, 0x00000000ff11b780, 0x00000000ff160000)
  from space 640K,   0% used [0x00000000ff160000, 0x00000000ff161020, 0x00000000ff200000)
  to   space 640K,   0% used [0x00000000ff200000, 0x00000000ff200000, 0x00000000ff2a0000)
 concurrent mark-sweep generation total 13696K, used 5293K [0x00000000ff2a0000, 0x0000000100000000, 0x0000000100000000)
 Metaspace       used 5073K, capacity 5258K, committed 5504K, reserved 1056768K
  class space    used 557K, capacity 597K, committed 640K, reserved 1048576K
2024-07-16T18:26:17.498+0800: 4.302: [GC (Allocation Failure) 2024-07-16T18:26:17.498+0800: 4.302: [ParNew: 5233K->10K(6144K), 0.0004003 secs] 10527K->6327K(19840K), 0.0004474 secs] [Times: user=0.00 sys=0.00, real=0.00 secs] 
Heap after GC invocations=552 (full 68):
 par new generation   total 6144K, used 10K [0x00000000fec00000, 0x00000000ff2a0000, 0x00000000ff2a0000)
  eden space 5504K,   0% used [0x00000000fec00000, 0x00000000fec00000, 0x00000000ff160000)
  from space 640K,   1% used [0x00000000ff200000, 0x00000000ff202850, 0x00000000ff2a0000)
  to   space 640K,   0% used [0x00000000ff160000, 0x00000000ff160000, 0x00000000ff200000)
 concurrent mark-sweep generation total 13696K, used 6317K [0x00000000ff2a0000, 0x0000000100000000, 0x0000000100000000)
 Metaspace       used 5073K, capacity 5258K, committed 5504K, reserved 1056768K
  class space    used 557K, capacity 597K, committed 640K, reserved 1048576K
}
{Heap before GC invocations=552 (full 68):
 par new generation   total 6144K, used 5239K [0x00000000fec00000, 0x00000000ff2a0000, 0x00000000ff2a0000)
  eden space 5504K,  95% used [0x00000000fec00000, 0x00000000ff11b780, 0x00000000ff160000)
  from space 640K,   1% used [0x00000000ff200000, 0x00000000ff202850, 0x00000000ff2a0000)
  to   space 640K,   0% used [0x00000000ff160000, 0x00000000ff160000, 0x00000000ff200000)
 concurrent mark-sweep generation total 13696K, used 6317K [0x00000000ff2a0000, 0x0000000100000000, 0x0000000100000000)
 Metaspace       used 5073K, capacity 5258K, committed 5504K, reserved 1056768K
  class space    used 557K, capacity 597K, committed 640K, reserved 1048576K
2024-07-16T18:26:17.505+0800: 4.309: [GC (Allocation Failure) 2024-07-16T18:26:17.505+0800: 4.309: [ParNew: 5239K->6K(6144K), 0.0005074 secs] 11557K->7349K(19840K), 0.0005656 secs] [Times: user=0.00 sys=0.00, real=0.00 secs] 
Heap after GC invocations=553 (full 68):
 par new generation   total 6144K, used 6K [0x00000000fec00000, 0x00000000ff2a0000, 0x00000000ff2a0000)
  eden space 5504K,   0% used [0x00000000fec00000, 0x00000000fec00000, 0x00000000ff160000)
  from space 640K,   0% used [0x00000000ff160000, 0x00000000ff161830, 0x00000000ff200000)
  to   space 640K,   0% used [0x00000000ff200000, 0x00000000ff200000, 0x00000000ff2a0000)
 concurrent mark-sweep generation total 13696K, used 7343K [0x00000000ff2a0000, 0x0000000100000000, 0x0000000100000000)
 Metaspace       used 5073K, capacity 5258K, committed 5504K, reserved 1056768K
  class space    used 557K, capacity 597K, committed 640K, reserved 1048576K
}
2024-07-16T18:26:17.505+0800: 4.310: [GC (CMS Initial Mark) [1 CMS-initial-mark: 7343K(13696K)] 8373K(19840K), 0.0001450 secs] [Times: user=0.00 sys=0.00, real=0.00 secs] 
2024-07-16T18:26:17.505+0800: 4.310: [CMS-concurrent-mark-start]
2024-07-16T18:26:17.507+0800: 4.311: [CMS-concurrent-mark: 0.001/0.001 secs] [Times: user=0.00 sys=0.00, real=0.00 secs] 
2024-07-16T18:26:17.507+0800: 4.311: [CMS-concurrent-preclean-start]
2024-07-16T18:26:17.507+0800: 4.311: [CMS-concurrent-preclean: 0.000/0.000 secs] [Times: user=0.00 sys=0.00, real=0.00 secs] 
2024-07-16T18:26:17.507+0800: 4.311: [CMS-concurrent-abortable-preclean-start]
{Heap before GC invocations=553 (full 69):
 par new generation   total 6144K, used 5235K [0x00000000fec00000, 0x00000000ff2a0000, 0x00000000ff2a0000)
  eden space 5504K,  95% used [0x00000000fec00000, 0x00000000ff11b780, 0x00000000ff160000)
  from space 640K,   0% used [0x00000000ff160000, 0x00000000ff161830, 0x00000000ff200000)
  to   space 640K,   0% used [0x00000000ff200000, 0x00000000ff200000, 0x00000000ff2a0000)
 concurrent mark-sweep generation total 13696K, used 7343K [0x00000000ff2a0000, 0x0000000100000000, 0x0000000100000000)
 Metaspace       used 5073K, capacity 5258K, committed 5504K, reserved 1056768K
  class space    used 557K, capacity 597K, committed 640K, reserved 1048576K
2024-07-16T18:26:17.512+0800: 4.316: [GC (Allocation Failure) 2024-07-16T18:26:17.512+0800: 4.316: [ParNew: 5235K->4K(6144K), 0.0003406 secs] 12579K->7347K(19840K), 0.0003948 secs] [Times: user=0.00 sys=0.00, real=0.00 secs] 
Heap after GC invocations=554 (full 69):
 par new generation   total 6144K, used 4K [0x00000000fec00000, 0x00000000ff2a0000, 0x00000000ff2a0000)
  eden space 5504K,   0% used [0x00000000fec00000, 0x00000000fec00000, 0x00000000ff160000)
  from space 640K,   0% used [0x00000000ff200000, 0x00000000ff201020, 0x00000000ff2a0000)
  to   space 640K,   0% used [0x00000000ff160000, 0x00000000ff160000, 0x00000000ff200000)
 concurrent mark-sweep generation total 13696K, used 7343K [0x00000000ff2a0000, 0x0000000100000000, 0x0000000100000000)
 Metaspace       used 5073K, capacity 5258K, committed 5504K, reserved 1056768K
  class space    used 557K, capacity 597K, committed 640K, reserved 1048576K
}
{Heap before GC invocations=554 (full 69):
 par new generation   total 6144K, used 5233K [0x00000000fec00000, 0x00000000ff2a0000, 0x00000000ff2a0000)
  eden space 5504K,  95% used [0x00000000fec00000, 0x00000000ff11b780, 0x00000000ff160000)
  from space 640K,   0% used [0x00000000ff200000, 0x00000000ff201020, 0x00000000ff2a0000)
  to   space 640K,   0% used [0x00000000ff160000, 0x00000000ff160000, 0x00000000ff200000)
 concurrent mark-sweep generation total 13696K, used 7343K [0x00000000ff2a0000, 0x0000000100000000, 0x0000000100000000)
 Metaspace       used 5073K, capacity 5258K, committed 5504K, reserved 1056768K
  class space    used 557K, capacity 597K, committed 640K, reserved 1048576K
2024-07-16T18:26:17.520+0800: 4.324: [GC (Allocation Failure) 2024-07-16T18:26:17.520+0800: 4.324: [ParNew: 5233K->4K(6144K), 0.0003306 secs] 12577K->7347K(19840K), 0.0003871 secs] [Times: user=0.00 sys=0.00, real=0.00 secs] 
Heap after GC invocations=555 (full 69):
 par new generation   total 6144K, used 4K [0x00000000fec00000, 0x00000000ff2a0000, 0x00000000ff2a0000)
  eden space 5504K,   0% used [0x00000000fec00000, 0x00000000fec00000, 0x00000000ff160000)
  from space 640K,   0% used [0x00000000ff160000, 0x00000000ff161020, 0x00000000ff200000)
  to   space 640K,   0% used [0x00000000ff200000, 0x00000000ff200000, 0x00000000ff2a0000)
 concurrent mark-sweep generation total 13696K, used 7343K [0x00000000ff2a0000, 0x0000000100000000, 0x0000000100000000)
 Metaspace       used 5073K, capacity 5258K, committed 5504K, reserved 1056768K
  class space    used 557K, capacity 597K, committed 640K, reserved 1048576K
}
{Heap before GC invocations=555 (full 69):
 par new generation   total 6144K, used 5233K [0x00000000fec00000, 0x00000000ff2a0000, 0x00000000ff2a0000)
  eden space 5504K,  95% used [0x00000000fec00000, 0x00000000ff11b780, 0x00000000ff160000)
  from space 640K,   0% used [0x00000000ff160000, 0x00000000ff161020, 0x00000000ff200000)
  to   space 640K,   0% used [0x00000000ff200000, 0x00000000ff200000, 0x00000000ff2a0000)
 concurrent mark-sweep generation total 13696K, used 7343K [0x00000000ff2a0000, 0x0000000100000000, 0x0000000100000000)
 Metaspace       used 5073K, capacity 5258K, committed 5504K, reserved 1056768K
  class space    used 557K, capacity 597K, committed 640K, reserved 1048576K
2024-07-16T18:26:17.527+0800: 4.331: [GC (Allocation Failure) 2024-07-16T18:26:17.527+0800: 4.331: [ParNew: 5233K->6K(6144K), 0.0003886 secs] 12577K->8375K(19840K), 0.0004390 secs] [Times: user=0.00 sys=0.00, real=0.00 secs] 
Heap after GC invocations=556 (full 69):
 par new generation   total 6144K, used 6K [0x00000000fec00000, 0x00000000ff2a0000, 0x00000000ff2a0000)
  eden space 5504K,   0% used [0x00000000fec00000, 0x00000000fec00000, 0x00000000ff160000)
  from space 640K,   0% used [0x00000000ff200000, 0x00000000ff201830, 0x00000000ff2a0000)
  to   space 640K,   0% used [0x00000000ff160000, 0x00000000ff160000, 0x00000000ff200000)
 concurrent mark-sweep generation total 13696K, used 8369K [0x00000000ff2a0000, 0x0000000100000000, 0x0000000100000000)
 Metaspace       used 5073K, capacity 5258K, committed 5504K, reserved 1056768K
  class space    used 557K, capacity 597K, committed 640K, reserved 1048576K
}
{Heap before GC invocations=556 (full 69):
 par new generation   total 6144K, used 5235K [0x00000000fec00000, 0x00000000ff2a0000, 0x00000000ff2a0000)
  eden space 5504K,  95% used [0x00000000fec00000, 0x00000000ff11b780, 0x00000000ff160000)
  from space 640K,   0% used [0x00000000ff200000, 0x00000000ff201830, 0x00000000ff2a0000)
  to   space 640K,   0% used [0x00000000ff160000, 0x00000000ff160000, 0x00000000ff200000)
 concurrent mark-sweep generation total 13696K, used 8369K [0x00000000ff2a0000, 0x0000000100000000, 0x0000000100000000)
 Metaspace       used 5073K, capacity 5258K, committed 5504K, reserved 1056768K
  class space    used 557K, capacity 597K, committed 640K, reserved 1048576K
2024-07-16T18:26:17.536+0800: 4.340: [GC (Allocation Failure) 2024-07-16T18:26:17.536+0800: 4.340: [ParNew: 5235K->4K(6144K), 0.0002738 secs] 13605K->8373K(19840K), 0.0003173 secs] [Times: user=0.00 sys=0.00, real=0.00 secs] 
Heap after GC invocations=557 (full 69):
 par new generation   total 6144K, used 4K [0x00000000fec00000, 0x00000000ff2a0000, 0x00000000ff2a0000)
  eden space 5504K,   0% used [0x00000000fec00000, 0x00000000fec00000, 0x00000000ff160000)
  from space 640K,   0% used [0x00000000ff160000, 0x00000000ff161020, 0x00000000ff200000)
  to   space 640K,   0% used [0x00000000ff200000, 0x00000000ff200000, 0x00000000ff2a0000)
 concurrent mark-sweep generation total 13696K, used 8369K [0x00000000ff2a0000, 0x0000000100000000, 0x0000000100000000)
 Metaspace       used 5073K, capacity 5258K, committed 5504K, reserved 1056768K
  class space    used 557K, capacity 597K, committed 640K, reserved 1048576K
}
{Heap before GC invocations=557 (full 69):
 par new generation   total 6144K, used 5233K [0x00000000fec00000, 0x00000000ff2a0000, 0x00000000ff2a0000)
  eden space 5504K,  95% used [0x00000000fec00000, 0x00000000ff11b780, 0x00000000ff160000)
  from space 640K,   0% used [0x00000000ff160000, 0x00000000ff161020, 0x00000000ff200000)
  to   space 640K,   0% used [0x00000000ff200000, 0x00000000ff200000, 0x00000000ff2a0000)
 concurrent mark-sweep generation total 13696K, used 8369K [0x00000000ff2a0000, 0x0000000100000000, 0x0000000100000000)
 Metaspace       used 5073K, capacity 5258K, committed 5504K, reserved 1056768K
  class space    used 557K, capacity 597K, committed 640K, reserved 1048576K
2024-07-16T18:26:17.543+0800: 4.347: [GC (Allocation Failure) 2024-07-16T18:26:17.543+0800: 4.347: [ParNew: 5233K->4K(6144K), 0.0002724 secs] 13603K->8373K(19840K), 0.0003160 secs] [Times: user=0.00 sys=0.00, real=0.00 secs] 
Heap after GC invocations=558 (full 69):
 par new generation   total 6144K, used 4K [0x00000000fec00000, 0x00000000ff2a0000, 0x00000000ff2a0000)
  eden space 5504K,   0% used [0x00000000fec00000, 0x00000000fec00000, 0x00000000ff160000)
  from space 640K,   0% used [0x00000000ff200000, 0x00000000ff201020, 0x00000000ff2a0000)
  to   space 640K,   0% used [0x00000000ff160000, 0x00000000ff160000, 0x00000000ff200000)
 concurrent mark-sweep generation total 13696K, used 8369K [0x00000000ff2a0000, 0x0000000100000000, 0x0000000100000000)
 Metaspace       used 5073K, capacity 5258K, committed 5504K, reserved 1056768K
  class space    used 557K, capacity 597K, committed 640K, reserved 1048576K
}
{Heap before GC invocations=558 (full 69):
 par new generation   total 6144K, used 5233K [0x00000000fec00000, 0x00000000ff2a0000, 0x00000000ff2a0000)
  eden space 5504K,  95% used [0x00000000fec00000, 0x00000000ff11b780, 0x00000000ff160000)
  from space 640K,   0% used [0x00000000ff200000, 0x00000000ff201020, 0x00000000ff2a0000)
  to   space 640K,   0% used [0x00000000ff160000, 0x00000000ff160000, 0x00000000ff200000)
 concurrent mark-sweep generation total 13696K, used 8369K [0x00000000ff2a0000, 0x0000000100000000, 0x0000000100000000)
 Metaspace       used 5073K, capacity 5258K, committed 5504K, reserved 1056768K
  class space    used 557K, capacity 597K, committed 640K, reserved 1048576K
2024-07-16T18:26:17.550+0800: 4.354: [GC (Allocation Failure) 2024-07-16T18:26:17.550+0800: 4.354: [ParNew: 5233K->10K(6144K), 0.0004267 secs] 13603K->9405K(19840K), 0.0004811 secs] [Times: user=0.00 sys=0.00, real=0.00 secs] 
Heap after GC invocations=559 (full 69):
 par new generation   total 6144K, used 10K [0x00000000fec00000, 0x00000000ff2a0000, 0x00000000ff2a0000)
  eden space 5504K,   0% used [0x00000000fec00000, 0x00000000fec00000, 0x00000000ff160000)
  from space 640K,   1% used [0x00000000ff160000, 0x00000000ff162850, 0x00000000ff200000)
  to   space 640K,   0% used [0x00000000ff200000, 0x00000000ff200000, 0x00000000ff2a0000)
 concurrent mark-sweep generation total 13696K, used 9395K [0x00000000ff2a0000, 0x0000000100000000, 0x0000000100000000)
 Metaspace       used 5073K, capacity 5258K, committed 5504K, reserved 1056768K
  class space    used 557K, capacity 597K, committed 640K, reserved 1048576K
}
{Heap before GC invocations=559 (full 69):
 par new generation   total 6144K, used 5239K [0x00000000fec00000, 0x00000000ff2a0000, 0x00000000ff2a0000)
  eden space 5504K,  95% used [0x00000000fec00000, 0x00000000ff11b780, 0x00000000ff160000)
  from space 640K,   1% used [0x00000000ff160000, 0x00000000ff162850, 0x00000000ff200000)
  to   space 640K,   0% used [0x00000000ff200000, 0x00000000ff200000, 0x00000000ff2a0000)
 concurrent mark-sweep generation total 13696K, used 9395K [0x00000000ff2a0000, 0x0000000100000000, 0x0000000100000000)
 Metaspace       used 5073K, capacity 5258K, committed 5504K, reserved 1056768K
  class space    used 557K, capacity 597K, committed 640K, reserved 1048576K
2024-07-16T18:26:17.558+0800: 4.362: [GC (Allocation Failure) 2024-07-16T18:26:17.558+0800: 4.362: [ParNew: 5239K->6K(6144K), 0.0004364 secs] 14635K->10425K(19840K), 0.0004931 secs] [Times: user=0.00 sys=0.00, real=0.00 secs] 
Heap after GC invocations=560 (full 69):
 par new generation   total 6144K, used 6K [0x00000000fec00000, 0x00000000ff2a0000, 0x00000000ff2a0000)
  eden space 5504K,   0% used [0x00000000fec00000, 0x00000000fec00000, 0x00000000ff160000)
  from space 640K,   0% used [0x00000000ff200000, 0x00000000ff201830, 0x00000000ff2a0000)
  to   space 640K,   0% used [0x00000000ff160000, 0x00000000ff160000, 0x00000000ff200000)
 concurrent mark-sweep generation total 13696K, used 10419K [0x00000000ff2a0000, 0x0000000100000000, 0x0000000100000000)
 Metaspace       used 5073K, capacity 5258K, committed 5504K, reserved 1056768K
  class space    used 557K, capacity 597K, committed 640K, reserved 1048576K
}
{Heap before GC invocations=560 (full 69):
 par new generation   total 6144K, used 5235K [0x00000000fec00000, 0x00000000ff2a0000, 0x00000000ff2a0000)
  eden space 5504K,  95% used [0x00000000fec00000, 0x00000000ff11b780, 0x00000000ff160000)
  from space 640K,   0% used [0x00000000ff200000, 0x00000000ff201830, 0x00000000ff2a0000)
  to   space 640K,   0% used [0x00000000ff160000, 0x00000000ff160000, 0x00000000ff200000)
 concurrent mark-sweep generation total 13696K, used 10419K [0x00000000ff2a0000, 0x0000000100000000, 0x0000000100000000)
 Metaspace       used 5073K, capacity 5258K, committed 5504K, reserved 1056768K
  class space    used 557K, capacity 597K, committed 640K, reserved 1048576K
2024-07-16T18:26:17.565+0800: 4.369: [GC (Allocation Failure) 2024-07-16T18:26:17.565+0800: 4.369: [ParNew: 5235K->10K(6144K), 0.0004176 secs] 15655K->11453K(19840K), 0.0004574 secs] [Times: user=0.00 sys=0.00, real=0.00 secs] 
Heap after GC invocations=561 (full 69):
 par new generation   total 6144K, used 10K [0x00000000fec00000, 0x00000000ff2a0000, 0x00000000ff2a0000)
  eden space 5504K,   0% used [0x00000000fec00000, 0x00000000fec00000, 0x00000000ff160000)
  from space 640K,   1% used [0x00000000ff160000, 0x00000000ff162850, 0x00000000ff200000)
  to   space 640K,   0% used [0x00000000ff200000, 0x00000000ff200000, 0x00000000ff2a0000)
 concurrent mark-sweep generation total 13696K, used 11443K [0x00000000ff2a0000, 0x0000000100000000, 0x0000000100000000)
 Metaspace       used 5073K, capacity 5258K, committed 5504K, reserved 1056768K
  class space    used 557K, capacity 597K, committed 640K, reserved 1048576K
}
{Heap before GC invocations=561 (full 69):
 par new generation   total 6144K, used 5239K [0x00000000fec00000, 0x00000000ff2a0000, 0x00000000ff2a0000)
  eden space 5504K,  95% used [0x00000000fec00000, 0x00000000ff11b780, 0x00000000ff160000)
  from space 640K,   1% used [0x00000000ff160000, 0x00000000ff162850, 0x00000000ff200000)
  to   space 640K,   0% used [0x00000000ff200000, 0x00000000ff200000, 0x00000000ff2a0000)
 concurrent mark-sweep generation total 13696K, used 11443K [0x00000000ff2a0000, 0x0000000100000000, 0x0000000100000000)
 Metaspace       used 5073K, capacity 5258K, committed 5504K, reserved 1056768K
  class space    used 557K, capacity 597K, committed 640K, reserved 1048576K
2024-07-16T18:26:17.571+0800: 4.375: [GC (Allocation Failure) 2024-07-16T18:26:17.571+0800: 4.375: [ParNew: 5239K->8K(6144K), 0.0003582 secs] 16683K->12477K(19840K), 0.0004020 secs] [Times: user=0.00 sys=0.00, real=0.00 secs] 
Heap after GC invocations=562 (full 69):
 par new generation   total 6144K, used 8K [0x00000000fec00000, 0x00000000ff2a0000, 0x00000000ff2a0000)
  eden space 5504K,   0% used [0x00000000fec00000, 0x00000000fec00000, 0x00000000ff160000)
  from space 640K,   1% used [0x00000000ff200000, 0x00000000ff202040, 0x00000000ff2a0000)
  to   space 640K,   0% used [0x00000000ff160000, 0x00000000ff160000, 0x00000000ff200000)
 concurrent mark-sweep generation total 13696K, used 12469K [0x00000000ff2a0000, 0x0000000100000000, 0x0000000100000000)
 Metaspace       used 5073K, capacity 5258K, committed 5504K, reserved 1056768K
  class space    used 557K, capacity 597K, committed 640K, reserved 1048576K
}
{Heap before GC invocations=562 (full 69):
 par new generation   total 6144K, used 5237K [0x00000000fec00000, 0x00000000ff2a0000, 0x00000000ff2a0000)
  eden space 5504K,  95% used [0x00000000fec00000, 0x00000000ff11b780, 0x00000000ff160000)
  from space 640K,   1% used [0x00000000ff200000, 0x00000000ff202040, 0x00000000ff2a0000)
  to   space 640K,   0% used [0x00000000ff160000, 0x00000000ff160000, 0x00000000ff200000)
 concurrent mark-sweep generation total 13696K, used 12469K [0x00000000ff2a0000, 0x0000000100000000, 0x0000000100000000)
 Metaspace       used 5073K, capacity 5258K, committed 5504K, reserved 1056768K
  class space    used 557K, capacity 597K, committed 640K, reserved 1048576K
2024-07-16T18:26:17.578+0800: 4.382: [GC (Allocation Failure) 2024-07-16T18:26:17.578+0800: 4.382: [ParNew: 5237K->5237K(6144K), 0.0000160 secs]2024-07-16T18:26:17.578+0800: 4.382: [CMS2024-07-16T18:26:17.578+0800: 4.382: [CMS-concurrent-abortable-preclean: 0.001/0.071 secs] [Times: user=0.00 sys=0.00, real=0.07 secs] 
 (concurrent mode failure): 12469K->1191K(13696K), 0.0022279 secs] 17707K->1191K(19840K), [Metaspace: 5073K->5073K(1056768K)], 0.0022894 secs] [Times: user=0.02 sys=0.00, real=0.00 secs] 
Heap after GC invocations=563 (full 70):
 par new generation   total 6144K, used 0K [0x00000000fec00000, 0x00000000ff2a0000, 0x00000000ff2a0000)
  eden space 5504K,   0% used [0x00000000fec00000, 0x00000000fec00000, 0x00000000ff160000)
  from space 640K,   0% used [0x00000000ff200000, 0x00000000ff200000, 0x00000000ff2a0000)
  to   space 640K,   0% used [0x00000000ff160000, 0x00000000ff160000, 0x00000000ff200000)
 concurrent mark-sweep generation total 13696K, used 1191K [0x00000000ff2a0000, 0x0000000100000000, 0x0000000100000000)
 Metaspace       used 5073K, capacity 5258K, committed 5504K, reserved 1056768K
  class space    used 557K, capacity 597K, committed 640K, reserved 1048576K
}
{Heap before GC invocations=563 (full 70):
 par new generation   total 6144K, used 5229K [0x00000000fec00000, 0x00000000ff2a0000, 0x00000000ff2a0000)
  eden space 5504K,  95% used [0x00000000fec00000, 0x00000000ff11b780, 0x00000000ff160000)
  from space 640K,   0% used [0x00000000ff200000, 0x00000000ff200000, 0x00000000ff2a0000)
  to   space 640K,   0% used [0x00000000ff160000, 0x00000000ff160000, 0x00000000ff200000)
 concurrent mark-sweep generation total 13696K, used 1191K [0x00000000ff2a0000, 0x0000000100000000, 0x0000000100000000)
 Metaspace       used 5073K, capacity 5258K, committed 5504K, reserved 1056768K
  class space    used 557K, capacity 597K, committed 640K, reserved 1048576K
2024-07-16T18:26:17.590+0800: 4.394: [GC (Allocation Failure) 2024-07-16T18:26:17.590+0800: 4.394: [ParNew: 5229K->4K(6144K), 0.0002784 secs] 6421K->1195K(19840K), 0.0003269 secs] [Times: user=0.00 sys=0.00, real=0.00 secs] 
Heap after GC invocations=564 (full 70):
 par new generation   total 6144K, used 4K [0x00000000fec00000, 0x00000000ff2a0000, 0x00000000ff2a0000)
  eden space 5504K,   0% used [0x00000000fec00000, 0x00000000fec00000, 0x00000000ff160000)
  from space 640K,   0% used [0x00000000ff160000, 0x00000000ff161020, 0x00000000ff200000)
  to   space 640K,   0% used [0x00000000ff200000, 0x00000000ff200000, 0x00000000ff2a0000)
 concurrent mark-sweep generation total 13696K, used 1191K [0x00000000ff2a0000, 0x0000000100000000, 0x0000000100000000)
 Metaspace       used 5073K, capacity 5258K, committed 5504K, reserved 1056768K
  class space    used 557K, capacity 597K, committed 640K, reserved 1048576K
}
{Heap before GC invocations=564 (full 70):
 par new generation   total 6144K, used 5233K [0x00000000fec00000, 0x00000000ff2a0000, 0x00000000ff2a0000)
  eden space 5504K,  95% used [0x00000000fec00000, 0x00000000ff11b780, 0x00000000ff160000)
  from space 640K,   0% used [0x00000000ff160000, 0x00000000ff161020, 0x00000000ff200000)
  to   space 640K,   0% used [0x00000000ff200000, 0x00000000ff200000, 0x00000000ff2a0000)
 concurrent mark-sweep generation total 13696K, used 1191K [0x00000000ff2a0000, 0x0000000100000000, 0x0000000100000000)
 Metaspace       used 5073K, capacity 5258K, committed 5504K, reserved 1056768K
  class space    used 557K, capacity 597K, committed 640K, reserved 1048576K
2024-07-16T18:26:17.596+0800: 4.400: [GC (Allocation Failure) 2024-07-16T18:26:17.596+0800: 4.400: [ParNew: 5233K->12K(6144K), 0.0004265 secs] 6425K->3253K(19840K), 0.0004732 secs] [Times: user=0.00 sys=0.00, real=0.00 secs] 
Heap after GC invocations=565 (full 70):
 par new generation   total 6144K, used 12K [0x00000000fec00000, 0x00000000ff2a0000, 0x00000000ff2a0000)
  eden space 5504K,   0% used [0x00000000fec00000, 0x00000000fec00000, 0x00000000ff160000)
  from space 640K,   1% used [0x00000000ff200000, 0x00000000ff203060, 0x00000000ff2a0000)
  to   space 640K,   0% used [0x00000000ff160000, 0x00000000ff160000, 0x00000000ff200000)
 concurrent mark-sweep generation total 13696K, used 3241K [0x00000000ff2a0000, 0x0000000100000000, 0x0000000100000000)
 Metaspace       used 5073K, capacity 5258K, committed 5504K, reserved 1056768K
  class space    used 557K, capacity 597K, committed 640K, reserved 1048576K
}
2024-07-16T18:26:17.596+0800: 4.401: [GC (CMS Initial Mark) [1 CMS-initial-mark: 3241K(13696K)] 4279K(19840K), 0.0001219 secs] [Times: user=0.00 sys=0.00, real=0.00 secs] 
2024-07-16T18:26:17.596+0800: 4.401: [CMS-concurrent-mark-start]
2024-07-16T18:26:17.598+0800: 4.402: [CMS-concurrent-mark: 0.002/0.002 secs] [Times: user=0.00 sys=0.00, real=0.00 secs] 
2024-07-16T18:26:17.598+0800: 4.402: [CMS-concurrent-preclean-start]
2024-07-16T18:26:17.598+0800: 4.402: [CMS-concurrent-preclean: 0.000/0.000 secs] [Times: user=0.00 sys=0.00, real=0.00 secs] 
2024-07-16T18:26:17.598+0800: 4.402: [CMS-concurrent-abortable-preclean-start]
{Heap before GC invocations=565 (full 71):
 par new generation   total 6144K, used 5241K [0x00000000fec00000, 0x00000000ff2a0000, 0x00000000ff2a0000)
  eden space 5504K,  95% used [0x00000000fec00000, 0x00000000ff11b780, 0x00000000ff160000)
  from space 640K,   1% used [0x00000000ff200000, 0x00000000ff203060, 0x00000000ff2a0000)
  to   space 640K,   0% used [0x00000000ff160000, 0x00000000ff160000, 0x00000000ff200000)
 concurrent mark-sweep generation total 13696K, used 3241K [0x00000000ff2a0000, 0x0000000100000000, 0x0000000100000000)
 Metaspace       used 5073K, capacity 5258K, committed 5504K, reserved 1056768K
  class space    used 557K, capacity 597K, committed 640K, reserved 1048576K
2024-07-16T18:26:17.604+0800: 4.408: [GC (Allocation Failure) 2024-07-16T18:26:17.604+0800: 4.408: [ParNew: 5241K->6K(6144K), 0.0003755 secs] 8483K->4273K(19840K), 0.0004200 secs] [Times: user=0.00 sys=0.00, real=0.00 secs] 
Heap after GC invocations=566 (full 71):
 par new generation   total 6144K, used 6K [0x00000000fec00000, 0x00000000ff2a0000, 0x00000000ff2a0000)
  eden space 5504K,   0% used [0x00000000fec00000, 0x00000000fec00000, 0x00000000ff160000)
  from space 640K,   0% used [0x00000000ff160000, 0x00000000ff161830, 0x00000000ff200000)
  to   space 640K,   0% used [0x00000000ff200000, 0x00000000ff200000, 0x00000000ff2a0000)
 concurrent mark-sweep generation total 13696K, used 4267K [0x00000000ff2a0000, 0x0000000100000000, 0x0000000100000000)
 Metaspace       used 5073K, capacity 5258K, committed 5504K, reserved 1056768K
  class space    used 557K, capacity 597K, committed 640K, reserved 1048576K
}
{Heap before GC invocations=566 (full 71):
 par new generation   total 6144K, used 5235K [0x00000000fec00000, 0x00000000ff2a0000, 0x00000000ff2a0000)
  eden space 5504K,  95% used [0x00000000fec00000, 0x00000000ff11b780, 0x00000000ff160000)
  from space 640K,   0% used [0x00000000ff160000, 0x00000000ff161830, 0x00000000ff200000)
  to   space 640K,   0% used [0x00000000ff200000, 0x00000000ff200000, 0x00000000ff2a0000)
 concurrent mark-sweep generation total 13696K, used 4267K [0x00000000ff2a0000, 0x0000000100000000, 0x0000000100000000)
 Metaspace       used 5073K, capacity 5258K, committed 5504K, reserved 1056768K
  class space    used 557K, capacity 597K, committed 640K, reserved 1048576K
2024-07-16T18:26:17.611+0800: 4.415: [GC (Allocation Failure) 2024-07-16T18:26:17.611+0800: 4.415: [ParNew: 5235K->8K(6144K), 0.0003450 secs] 9503K->5301K(19840K), 0.0003835 secs] [Times: user=0.00 sys=0.00, real=0.00 secs] 
Heap after GC invocations=567 (full 71):
 par new generation   total 6144K, used 8K [0x00000000fec00000, 0x00000000ff2a0000, 0x00000000ff2a0000)
  eden space 5504K,   0% used [0x00000000fec00000, 0x00000000fec00000, 0x00000000ff160000)
  from space 640K,   1% used [0x00000000ff200000, 0x00000000ff202040, 0x00000000ff2a0000)
  to   space 640K,   0% used [0x00000000ff160000, 0x00000000ff160000, 0x00000000ff200000)
 concurrent mark-sweep generation total 13696K, used 5293K [0x00000000ff2a0000, 0x0000000100000000, 0x0000000100000000)
 Metaspace       used 5073K, capacity 5258K, committed 5504K, reserved 1056768K
  class space    used 557K, capacity 597K, committed 640K, reserved 1048576K
}
{Heap before GC invocations=567 (full 71):
 par new generation   total 6144K, used 5237K [0x00000000fec00000, 0x00000000ff2a0000, 0x00000000ff2a0000)
  eden space 5504K,  95% used [0x00000000fec00000, 0x00000000ff11b780, 0x00000000ff160000)
  from space 640K,   1% used [0x00000000ff200000, 0x00000000ff202040, 0x00000000ff2a0000)
  to   space 640K,   0% used [0x00000000ff160000, 0x00000000ff160000, 0x00000000ff200000)
 concurrent mark-sweep generation total 13696K, used 5293K [0x00000000ff2a0000, 0x0000000100000000, 0x0000000100000000)
 Metaspace       used 5073K, capacity 5258K, committed 5504K, reserved 1056768K
  class space    used 557K, capacity 597K, committed 640K, reserved 1048576K
2024-07-16T18:26:17.618+0800: 4.422: [GC (Allocation Failure) 2024-07-16T18:26:17.618+0800: 4.422: [ParNew: 5237K->6K(6144K), 0.0003764 secs] 10531K->6323K(19840K), 0.0004250 secs] [Times: user=0.00 sys=0.00, real=0.00 secs] 
Heap after GC invocations=568 (full 71):
 par new generation   total 6144K, used 6K [0x00000000fec00000, 0x00000000ff2a0000, 0x00000000ff2a0000)
  eden space 5504K,   0% used [0x00000000fec00000, 0x00000000fec00000, 0x00000000ff160000)
  from space 640K,   0% used [0x00000000ff160000, 0x00000000ff161830, 0x00000000ff200000)
  to   space 640K,   0% used [0x00000000ff200000, 0x00000000ff200000, 0x00000000ff2a0000)
 concurrent mark-sweep generation total 13696K, used 6317K [0x00000000ff2a0000, 0x0000000100000000, 0x0000000100000000)
 Metaspace       used 5073K, capacity 5258K, committed 5504K, reserved 1056768K
  class space    used 557K, capacity 597K, committed 640K, reserved 1048576K
}
{Heap before GC invocations=568 (full 71):
 par new generation   total 6144K, used 5235K [0x00000000fec00000, 0x00000000ff2a0000, 0x00000000ff2a0000)
  eden space 5504K,  95% used [0x00000000fec00000, 0x00000000ff11b780, 0x00000000ff160000)
  from space 640K,   0% used [0x00000000ff160000, 0x00000000ff161830, 0x00000000ff200000)
  to   space 640K,   0% used [0x00000000ff200000, 0x00000000ff200000, 0x00000000ff2a0000)
 concurrent mark-sweep generation total 13696K, used 6317K [0x00000000ff2a0000, 0x0000000100000000, 0x0000000100000000)
 Metaspace       used 5073K, capacity 5258K, committed 5504K, reserved 1056768K
  class space    used 557K, capacity 597K, committed 640K, reserved 1048576K
2024-07-16T18:26:17.625+0800: 4.429: [GC (Allocation Failure) 2024-07-16T18:26:17.625+0800: 4.429: [ParNew: 5235K->10K(6144K), 0.0003491 secs] 11553K->7353K(19840K), 0.0003868 secs] [Times: user=0.00 sys=0.00, real=0.00 secs] 
Heap after GC invocations=569 (full 71):
 par new generation   total 6144K, used 10K [0x00000000fec00000, 0x00000000ff2a0000, 0x00000000ff2a0000)
  eden space 5504K,   0% used [0x00000000fec00000, 0x00000000fec00000, 0x00000000ff160000)
  from space 640K,   1% used [0x00000000ff200000, 0x00000000ff202850, 0x00000000ff2a0000)
  to   space 640K,   0% used [0x00000000ff160000, 0x00000000ff160000, 0x00000000ff200000)
 concurrent mark-sweep generation total 13696K, used 7343K [0x00000000ff2a0000, 0x0000000100000000, 0x0000000100000000)
 Metaspace       used 5073K, capacity 5258K, committed 5504K, reserved 1056768K
  class space    used 557K, capacity 597K, committed 640K, reserved 1048576K
}
{Heap before GC invocations=569 (full 71):
 par new generation   total 6144K, used 5239K [0x00000000fec00000, 0x00000000ff2a0000, 0x00000000ff2a0000)
  eden space 5504K,  95% used [0x00000000fec00000, 0x00000000ff11b780, 0x00000000ff160000)
  from space 640K,   1% used [0x00000000ff200000, 0x00000000ff202850, 0x00000000ff2a0000)
  to   space 640K,   0% used [0x00000000ff160000, 0x00000000ff160000, 0x00000000ff200000)
 concurrent mark-sweep generation total 13696K, used 7343K [0x00000000ff2a0000, 0x0000000100000000, 0x0000000100000000)
 Metaspace       used 5073K, capacity 5258K, committed 5504K, reserved 1056768K
  class space    used 557K, capacity 597K, committed 640K, reserved 1048576K
2024-07-16T18:26:17.633+0800: 4.437: [GC (Allocation Failure) 2024-07-16T18:26:17.633+0800: 4.437: [ParNew: 5239K->2K(6144K), 0.0002786 secs] 12583K->7345K(19840K), 0.0003579 secs] [Times: user=0.00 sys=0.00, real=0.00 secs] 
Heap after GC invocations=570 (full 71):
 par new generation   total 6144K, used 2K [0x00000000fec00000, 0x00000000ff2a0000, 0x00000000ff2a0000)
  eden space 5504K,   0% used [0x00000000fec00000, 0x00000000fec00000, 0x00000000ff160000)
  from space 640K,   0% used [0x00000000ff160000, 0x00000000ff160810, 0x00000000ff200000)
  to   space 640K,   0% used [0x00000000ff200000, 0x00000000ff200000, 0x00000000ff2a0000)
 concurrent mark-sweep generation total 13696K, used 7343K [0x00000000ff2a0000, 0x0000000100000000, 0x0000000100000000)
 Metaspace       used 5073K, capacity 5258K, committed 5504K, reserved 1056768K
  class space    used 557K, capacity 597K, committed 640K, reserved 1048576K
}
{Heap before GC invocations=570 (full 71):
 par new generation   total 6144K, used 5231K [0x00000000fec00000, 0x00000000ff2a0000, 0x00000000ff2a0000)
  eden space 5504K,  95% used [0x00000000fec00000, 0x00000000ff11b780, 0x00000000ff160000)
  from space 640K,   0% used [0x00000000ff160000, 0x00000000ff160810, 0x00000000ff200000)
  to   space 640K,   0% used [0x00000000ff200000, 0x00000000ff200000, 0x00000000ff2a0000)
 concurrent mark-sweep generation total 13696K, used 7343K [0x00000000ff2a0000, 0x0000000100000000, 0x0000000100000000)
 Metaspace       used 5073K, capacity 5258K, committed 5504K, reserved 1056768K
  class space    used 557K, capacity 597K, committed 640K, reserved 1048576K
2024-07-16T18:26:17.641+0800: 4.445: [GC (Allocation Failure) 2024-07-16T18:26:17.641+0800: 4.445: [ParNew: 5231K->20K(6144K), 0.0003914 secs] 12575K->8389K(19840K), 0.0004351 secs] [Times: user=0.00 sys=0.00, real=0.00 secs] 
Heap after GC invocations=571 (full 71):
 par new generation   total 6144K, used 20K [0x00000000fec00000, 0x00000000ff2a0000, 0x00000000ff2a0000)
  eden space 5504K,   0% used [0x00000000fec00000, 0x00000000fec00000, 0x00000000ff160000)
  from space 640K,   3% used [0x00000000ff200000, 0x00000000ff205140, 0x00000000ff2a0000)
  to   space 640K,   0% used [0x00000000ff160000, 0x00000000ff160000, 0x00000000ff200000)
 concurrent mark-sweep generation total 13696K, used 8369K [0x00000000ff2a0000, 0x0000000100000000, 0x0000000100000000)
 Metaspace       used 5073K, capacity 5258K, committed 5504K, reserved 1056768K
  class space    used 557K, capacity 597K, committed 640K, reserved 1048576K
}
{Heap before GC invocations=571 (full 71):
 par new generation   total 6144K, used 5250K [0x00000000fec00000, 0x00000000ff2a0000, 0x00000000ff2a0000)
  eden space 5504K,  95% used [0x00000000fec00000, 0x00000000ff11b780, 0x00000000ff160000)
  from space 640K,   3% used [0x00000000ff200000, 0x00000000ff205140, 0x00000000ff2a0000)
  to   space 640K,   0% used [0x00000000ff160000, 0x00000000ff160000, 0x00000000ff200000)
 concurrent mark-sweep generation total 13696K, used 8369K [0x00000000ff2a0000, 0x0000000100000000, 0x0000000100000000)
 Metaspace       used 5073K, capacity 5258K, committed 5504K, reserved 1056768K
  class space    used 557K, capacity 597K, committed 640K, reserved 1048576K
2024-07-16T18:26:17.648+0800: 4.452: [GC (Allocation Failure) 2024-07-16T18:26:17.648+0800: 4.452: [ParNew: 5250K->22K(6144K), 0.0008584 secs] 13619K->9417K(19840K), 0.0010206 secs] [Times: user=0.00 sys=0.00, real=0.00 secs] 
Heap after GC invocations=572 (full 71):
 par new generation   total 6144K, used 22K [0x00000000fec00000, 0x00000000ff2a0000, 0x00000000ff2a0000)
  eden space 5504K,   0% used [0x00000000fec00000, 0x00000000fec00000, 0x00000000ff160000)
  from space 640K,   3% used [0x00000000ff160000, 0x00000000ff165950, 0x00000000ff200000)
  to   space 640K,   0% used [0x00000000ff200000, 0x00000000ff200000, 0x00000000ff2a0000)
 concurrent mark-sweep generation total 13696K, used 9395K [0x00000000ff2a0000, 0x0000000100000000, 0x0000000100000000)
 Metaspace       used 5073K, capacity 5258K, committed 5504K, reserved 1056768K
  class space    used 557K, capacity 597K, committed 640K, reserved 1048576K
}
{Heap before GC invocations=572 (full 71):
 par new generation   total 6144K, used 5252K [0x00000000fec00000, 0x00000000ff2a0000, 0x00000000ff2a0000)
  eden space 5504K,  95% used [0x00000000fec00000, 0x00000000ff11b7f8, 0x00000000ff160000)
  from space 640K,   3% used [0x00000000ff160000, 0x00000000ff165950, 0x00000000ff200000)
  to   space 640K,   0% used [0x00000000ff200000, 0x00000000ff200000, 0x00000000ff2a0000)
 concurrent mark-sweep generation total 13696K, used 9395K [0x00000000ff2a0000, 0x0000000100000000, 0x0000000100000000)
 Metaspace       used 5073K, capacity 5258K, committed 5504K, reserved 1056768K
  class space    used 557K, capacity 597K, committed 640K, reserved 1048576K
2024-07-16T18:26:17.657+0800: 4.461: [GC (Allocation Failure) 2024-07-16T18:26:17.657+0800: 4.461: [ParNew: 5252K->24K(6144K), 0.0008288 secs] 14647K->10446K(19840K), 0.0009080 secs] [Times: user=0.00 sys=0.00, real=0.00 secs] 
Heap after GC invocations=573 (full 71):
 par new generation   total 6144K, used 24K [0x00000000fec00000, 0x00000000ff2a0000, 0x00000000ff2a0000)
  eden space 5504K,   0% used [0x00000000fec00000, 0x00000000fec00000, 0x00000000ff160000)
  from space 640K,   3% used [0x00000000ff200000, 0x00000000ff206160, 0x00000000ff2a0000)
  to   space 640K,   0% used [0x00000000ff160000, 0x00000000ff160000, 0x00000000ff200000)
 concurrent mark-sweep generation total 13696K, used 10421K [0x00000000ff2a0000, 0x0000000100000000, 0x0000000100000000)
 Metaspace       used 5073K, capacity 5258K, committed 5504K, reserved 1056768K
  class space    used 557K, capacity 597K, committed 640K, reserved 1048576K
}
{Heap before GC invocations=573 (full 71):
 par new generation   total 6144K, used 5254K [0x00000000fec00000, 0x00000000ff2a0000, 0x00000000ff2a0000)
  eden space 5504K,  95% used [0x00000000fec00000, 0x00000000ff11b7c8, 0x00000000ff160000)
  from space 640K,   3% used [0x00000000ff200000, 0x00000000ff206160, 0x00000000ff2a0000)
  to   space 640K,   0% used [0x00000000ff160000, 0x00000000ff160000, 0x00000000ff200000)
 concurrent mark-sweep generation total 13696K, used 10421K [0x00000000ff2a0000, 0x0000000100000000, 0x0000000100000000)
 Metaspace       used 5073K, capacity 5258K, committed 5504K, reserved 1056768K
  class space    used 557K, capacity 597K, committed 640K, reserved 1048576K
2024-07-16T18:26:17.666+0800: 4.470: [GC (Allocation Failure) 2024-07-16T18:26:17.666+0800: 4.470: [ParNew: 5254K->20K(6144K), 0.0003487 secs] 15675K->10441K(19840K), 0.0003885 secs] [Times: user=0.00 sys=0.00, real=0.00 secs] 
Heap after GC invocations=574 (full 71):
 par new generation   total 6144K, used 20K [0x00000000fec00000, 0x00000000ff2a0000, 0x00000000ff2a0000)
  eden space 5504K,   0% used [0x00000000fec00000, 0x00000000fec00000, 0x00000000ff160000)
  from space 640K,   3% used [0x00000000ff160000, 0x00000000ff165140, 0x00000000ff200000)
  to   space 640K,   0% used [0x00000000ff200000, 0x00000000ff200000, 0x00000000ff2a0000)
 concurrent mark-sweep generation total 13696K, used 10421K [0x00000000ff2a0000, 0x0000000100000000, 0x0000000100000000)
 Metaspace       used 5073K, capacity 5258K, committed 5504K, reserved 1056768K
  class space    used 557K, capacity 597K, committed 640K, reserved 1048576K
}
{Heap before GC invocations=574 (full 71):
 par new generation   total 6144K, used 5250K [0x00000000fec00000, 0x00000000ff2a0000, 0x00000000ff2a0000)
  eden space 5504K,  95% used [0x00000000fec00000, 0x00000000ff11b7b0, 0x00000000ff160000)
  from space 640K,   3% used [0x00000000ff160000, 0x00000000ff165140, 0x00000000ff200000)
  to   space 640K,   0% used [0x00000000ff200000, 0x00000000ff200000, 0x00000000ff2a0000)
 concurrent mark-sweep generation total 13696K, used 10421K [0x00000000ff2a0000, 0x0000000100000000, 0x0000000100000000)
 Metaspace       used 5073K, capacity 5258K, committed 5504K, reserved 1056768K
  class space    used 557K, capacity 597K, committed 640K, reserved 1048576K
2024-07-16T18:26:17.673+0800: 4.477: [GC (Allocation Failure) 2024-07-16T18:26:17.673+0800: 4.477: [ParNew: 5250K->22K(6144K), 0.0006086 secs] 15671K->11470K(19840K), 0.0007351 secs] [Times: user=0.00 sys=0.00, real=0.00 secs] 
Heap after GC invocations=575 (full 71):
 par new generation   total 6144K, used 22K [0x00000000fec00000, 0x00000000ff2a0000, 0x00000000ff2a0000)
  eden space 5504K,   0% used [0x00000000fec00000, 0x00000000fec00000, 0x00000000ff160000)
  from space 640K,   3% used [0x00000000ff200000, 0x00000000ff205950, 0x00000000ff2a0000)
  to   space 640K,   0% used [0x00000000ff160000, 0x00000000ff160000, 0x00000000ff200000)
 concurrent mark-sweep generation total 13696K, used 11447K [0x00000000ff2a0000, 0x0000000100000000, 0x0000000100000000)
 Metaspace       used 5073K, capacity 5258K, committed 5504K, reserved 1056768K
  class space    used 557K, capacity 597K, committed 640K, reserved 1048576K
}
{Heap before GC invocations=575 (full 71):
 par new generation   total 6144K, used 5252K [0x00000000fec00000, 0x00000000ff2a0000, 0x00000000ff2a0000)
  eden space 5504K,  95% used [0x00000000fec00000, 0x00000000ff11b7a0, 0x00000000ff160000)
  from space 640K,   3% used [0x00000000ff200000, 0x00000000ff205950, 0x00000000ff2a0000)
  to   space 640K,   0% used [0x00000000ff160000, 0x00000000ff160000, 0x00000000ff200000)
 concurrent mark-sweep generation total 13696K, used 11447K [0x00000000ff2a0000, 0x0000000100000000, 0x0000000100000000)
 Metaspace       used 5073K, capacity 5258K, committed 5504K, reserved 1056768K
  class space    used 557K, capacity 597K, committed 640K, reserved 1048576K
2024-07-16T18:26:17.682+0800: 4.486: [GC (Allocation Failure) 2024-07-16T18:26:17.682+0800: 4.486: [ParNew: 5252K->24K(6144K), 0.0003855 secs] 16699K->12496K(19840K), 0.0004293 secs] [Times: user=0.00 sys=0.00, real=0.00 secs] 
Heap after GC invocations=576 (full 71):
 par new generation   total 6144K, used 24K [0x00000000fec00000, 0x00000000ff2a0000, 0x00000000ff2a0000)
  eden space 5504K,   0% used [0x00000000fec00000, 0x00000000fec00000, 0x00000000ff160000)
  from space 640K,   3% used [0x00000000ff160000, 0x00000000ff166160, 0x00000000ff200000)
  to   space 640K,   0% used [0x00000000ff200000, 0x00000000ff200000, 0x00000000ff2a0000)
 concurrent mark-sweep generation total 13696K, used 12471K [0x00000000ff2a0000, 0x0000000100000000, 0x0000000100000000)
 Metaspace       used 5073K, capacity 5258K, committed 5504K, reserved 1056768K
  class space    used 557K, capacity 597K, committed 640K, reserved 1048576K
}
{Heap before GC invocations=576 (full 71):
 par new generation   total 6144K, used 5254K [0x00000000fec00000, 0x00000000ff2a0000, 0x00000000ff2a0000)
  eden space 5504K,  95% used [0x00000000fec00000, 0x00000000ff11b790, 0x00000000ff160000)
  from space 640K,   3% used [0x00000000ff160000, 0x00000000ff166160, 0x00000000ff200000)
  to   space 640K,   0% used [0x00000000ff200000, 0x00000000ff200000, 0x00000000ff2a0000)
 concurrent mark-sweep generation total 13696K, used 12471K [0x00000000ff2a0000, 0x0000000100000000, 0x0000000100000000)
 Metaspace       used 5073K, capacity 5258K, committed 5504K, reserved 1056768K
  class space    used 557K, capacity 597K, committed 640K, reserved 1048576K
2024-07-16T18:26:17.690+0800: 4.494: [GC (Allocation Failure) 2024-07-16T18:26:17.690+0800: 4.494: [ParNew: 5254K->5254K(6144K), 0.0000170 secs]2024-07-16T18:26:17.690+0800: 4.494: [CMS2024-07-16T18:26:17.690+0800: 4.494: [CMS-concurrent-abortable-preclean: 0.001/0.092 secs] [Times: user=0.03 sys=0.00, real=0.09 secs] 
 (concurrent mode failure): 12471K->2220K(13696K), 0.0032317 secs] 17725K->2220K(19840K), [Metaspace: 5073K->5073K(1056768K)], 0.0033599 secs] [Times: user=0.00 sys=0.00, real=0.00 secs] 
Heap after GC invocations=577 (full 72):
 par new generation   total 6144K, used 0K [0x00000000fec00000, 0x00000000ff2a0000, 0x00000000ff2a0000)
  eden space 5504K,   0% used [0x00000000fec00000, 0x00000000fec00000, 0x00000000ff160000)
  from space 640K,   0% used [0x00000000ff160000, 0x00000000ff160000, 0x00000000ff200000)
  to   space 640K,   0% used [0x00000000ff200000, 0x00000000ff200000, 0x00000000ff2a0000)
 concurrent mark-sweep generation total 13696K, used 2220K [0x00000000ff2a0000, 0x0000000100000000, 0x0000000100000000)
 Metaspace       used 5073K, capacity 5258K, committed 5504K, reserved 1056768K
  class space    used 557K, capacity 597K, committed 640K, reserved 1048576K
}
{Heap before GC invocations=577 (full 72):
 par new generation   total 6144K, used 5229K [0x00000000fec00000, 0x00000000ff2a0000, 0x00000000ff2a0000)
  eden space 5504K,  95% used [0x00000000fec00000, 0x00000000ff11b788, 0x00000000ff160000)
  from space 640K,   0% used [0x00000000ff160000, 0x00000000ff160000, 0x00000000ff200000)
  to   space 640K,   0% used [0x00000000ff200000, 0x00000000ff200000, 0x00000000ff2a0000)
 concurrent mark-sweep generation total 13696K, used 2220K [0x00000000ff2a0000, 0x0000000100000000, 0x0000000100000000)
 Metaspace       used 5073K, capacity 5258K, committed 5504K, reserved 1056768K
  class space    used 557K, capacity 597K, committed 640K, reserved 1048576K
2024-07-16T18:26:17.702+0800: 4.506: [GC (Allocation Failure) 2024-07-16T18:26:17.702+0800: 4.506: [ParNew: 5229K->8K(6144K), 0.0009616 secs] 7450K->3254K(19840K), 0.0010426 secs] [Times: user=0.00 sys=0.00, real=0.00 secs] 
Heap after GC invocations=578 (full 72):
 par new generation   total 6144K, used 8K [0x00000000fec00000, 0x00000000ff2a0000, 0x00000000ff2a0000)
  eden space 5504K,   0% used [0x00000000fec00000, 0x00000000fec00000, 0x00000000ff160000)
  from space 640K,   1% used [0x00000000ff200000, 0x00000000ff202040, 0x00000000ff2a0000)
  to   space 640K,   0% used [0x00000000ff160000, 0x00000000ff160000, 0x00000000ff200000)
 concurrent mark-sweep generation total 13696K, used 3246K [0x00000000ff2a0000, 0x0000000100000000, 0x0000000100000000)
 Metaspace       used 5073K, capacity 5258K, committed 5504K, reserved 1056768K
  class space    used 557K, capacity 597K, committed 640K, reserved 1048576K
}
{Heap before GC invocations=578 (full 72):
 par new generation   total 6144K, used 5237K [0x00000000fec00000, 0x00000000ff2a0000, 0x00000000ff2a0000)
  eden space 5504K,  95% used [0x00000000fec00000, 0x00000000ff11b788, 0x00000000ff160000)
  from space 640K,   1% used [0x00000000ff200000, 0x00000000ff202040, 0x00000000ff2a0000)
  to   space 640K,   0% used [0x00000000ff160000, 0x00000000ff160000, 0x00000000ff200000)
 concurrent mark-sweep generation total 13696K, used 3246K [0x00000000ff2a0000, 0x0000000100000000, 0x0000000100000000)
 Metaspace       used 5073K, capacity 5258K, committed 5504K, reserved 1056768K
  class space    used 557K, capacity 597K, committed 640K, reserved 1048576K
2024-07-16T18:26:17.709+0800: 4.513: [GC (Allocation Failure) 2024-07-16T18:26:17.709+0800: 4.514: [ParNew: 5237K->4K(6144K), 0.0011047 secs] 8484K->4276K(19840K), 0.0012213 secs] [Times: user=0.00 sys=0.00, real=0.00 secs] 
Heap after GC invocations=579 (full 72):
 par new generation   total 6144K, used 4K [0x00000000fec00000, 0x00000000ff2a0000, 0x00000000ff2a0000)
  eden space 5504K,   0% used [0x00000000fec00000, 0x00000000fec00000, 0x00000000ff160000)
  from space 640K,   0% used [0x00000000ff160000, 0x00000000ff161020, 0x00000000ff200000)
  to   space 640K,   0% used [0x00000000ff200000, 0x00000000ff200000, 0x00000000ff2a0000)
 concurrent mark-sweep generation total 13696K, used 4272K [0x00000000ff2a0000, 0x0000000100000000, 0x0000000100000000)
 Metaspace       used 5073K, capacity 5258K, committed 5504K, reserved 1056768K
  class space    used 557K, capacity 597K, committed 640K, reserved 1048576K
}
{Heap before GC invocations=579 (full 72):
 par new generation   total 6144K, used 5233K [0x00000000fec00000, 0x00000000ff2a0000, 0x00000000ff2a0000)
  eden space 5504K,  95% used [0x00000000fec00000, 0x00000000ff11b780, 0x00000000ff160000)
  from space 640K,   0% used [0x00000000ff160000, 0x00000000ff161020, 0x00000000ff200000)
  to   space 640K,   0% used [0x00000000ff200000, 0x00000000ff200000, 0x00000000ff2a0000)
 concurrent mark-sweep generation total 13696K, used 4272K [0x00000000ff2a0000, 0x0000000100000000, 0x0000000100000000)
 Metaspace       used 5073K, capacity 5258K, committed 5504K, reserved 1056768K
  class space    used 557K, capacity 597K, committed 640K, reserved 1048576K
2024-07-16T18:26:17.718+0800: 4.522: [GC (Allocation Failure) 2024-07-16T18:26:17.718+0800: 4.522: [ParNew: 5233K->8K(6144K), 0.0004013 secs] 9506K->5306K(19840K), 0.0004424 secs] [Times: user=0.00 sys=0.00, real=0.00 secs] 
Heap after GC invocations=580 (full 72):
 par new generation   total 6144K, used 8K [0x00000000fec00000, 0x00000000ff2a0000, 0x00000000ff2a0000)
  eden space 5504K,   0% used [0x00000000fec00000, 0x00000000fec00000, 0x00000000ff160000)
  from space 640K,   1% used [0x00000000ff200000, 0x00000000ff202040, 0x00000000ff2a0000)
  to   space 640K,   0% used [0x00000000ff160000, 0x00000000ff160000, 0x00000000ff200000)
 concurrent mark-sweep generation total 13696K, used 5298K [0x00000000ff2a0000, 0x0000000100000000, 0x0000000100000000)
 Metaspace       used 5073K, capacity 5258K, committed 5504K, reserved 1056768K
  class space    used 557K, capacity 597K, committed 640K, reserved 1048576K
}
{Heap before GC invocations=580 (full 72):
 par new generation   total 6144K, used 5237K [0x00000000fec00000, 0x00000000ff2a0000, 0x00000000ff2a0000)
  eden space 5504K,  95% used [0x00000000fec00000, 0x00000000ff11b780, 0x00000000ff160000)
  from space 640K,   1% used [0x00000000ff200000, 0x00000000ff202040, 0x00000000ff2a0000)
  to   space 640K,   0% used [0x00000000ff160000, 0x00000000ff160000, 0x00000000ff200000)
 concurrent mark-sweep generation total 13696K, used 5298K [0x00000000ff2a0000, 0x0000000100000000, 0x0000000100000000)
 Metaspace       used 5073K, capacity 5258K, committed 5504K, reserved 1056768K
  class space    used 557K, capacity 597K, committed 640K, reserved 1048576K
2024-07-16T18:26:17.726+0800: 4.530: [GC (Allocation Failure) 2024-07-16T18:26:17.726+0800: 4.530: [ParNew: 5237K->4K(6144K), 0.0005858 secs] 10536K->6326K(19840K), 0.0006484 secs] [Times: user=0.00 sys=0.00, real=0.00 secs] 
Heap after GC invocations=581 (full 72):
 par new generation   total 6144K, used 4K [0x00000000fec00000, 0x00000000ff2a0000, 0x00000000ff2a0000)
  eden space 5504K,   0% used [0x00000000fec00000, 0x00000000fec00000, 0x00000000ff160000)
  from space 640K,   0% used [0x00000000ff160000, 0x00000000ff161020, 0x00000000ff200000)
  to   space 640K,   0% used [0x00000000ff200000, 0x00000000ff200000, 0x00000000ff2a0000)
 concurrent mark-sweep generation total 13696K, used 6322K [0x00000000ff2a0000, 0x0000000100000000, 0x0000000100000000)
 Metaspace       used 5073K, capacity 5258K, committed 5504K, reserved 1056768K
  class space    used 557K, capacity 597K, committed 640K, reserved 1048576K
}
2024-07-16T18:26:17.726+0800: 4.531: [GC (CMS Initial Mark) [1 CMS-initial-mark: 6322K(13696K)] 7350K(19840K), 0.0003003 secs] [Times: user=0.00 sys=0.00, real=0.00 secs] 
2024-07-16T18:26:17.728+0800: 4.532: [CMS-concurrent-mark-start]
2024-07-16T18:26:17.729+0800: 4.534: [CMS-concurrent-mark: 0.002/0.002 secs] [Times: user=0.00 sys=0.00, real=0.00 secs] 
2024-07-16T18:26:17.729+0800: 4.534: [CMS-concurrent-preclean-start]
2024-07-16T18:26:17.729+0800: 4.534: [CMS-concurrent-preclean: 0.000/0.000 secs] [Times: user=0.00 sys=0.00, real=0.00 secs] 
2024-07-16T18:26:17.729+0800: 4.534: [CMS-concurrent-abortable-preclean-start]
{Heap before GC invocations=581 (full 73):
 par new generation   total 6144K, used 5233K [0x00000000fec00000, 0x00000000ff2a0000, 0x00000000ff2a0000)
  eden space 5504K,  95% used [0x00000000fec00000, 0x00000000ff11b780, 0x00000000ff160000)
  from space 640K,   0% used [0x00000000ff160000, 0x00000000ff161020, 0x00000000ff200000)
  to   space 640K,   0% used [0x00000000ff200000, 0x00000000ff200000, 0x00000000ff2a0000)
 concurrent mark-sweep generation total 13696K, used 6322K [0x00000000ff2a0000, 0x0000000100000000, 0x0000000100000000)
 Metaspace       used 5073K, capacity 5258K, committed 5504K, reserved 1056768K
  class space    used 557K, capacity 597K, committed 640K, reserved 1048576K
2024-07-16T18:26:17.734+0800: 4.538: [GC (Allocation Failure) 2024-07-16T18:26:17.734+0800: 4.538: [ParNew: 5233K->2K(6144K), 0.0002706 secs] 11556K->6324K(19840K), 0.0003050 secs] [Times: user=0.00 sys=0.00, real=0.00 secs] 
Heap after GC invocations=582 (full 73):
 par new generation   total 6144K, used 2K [0x00000000fec00000, 0x00000000ff2a0000, 0x00000000ff2a0000)
  eden space 5504K,   0% used [0x00000000fec00000, 0x00000000fec00000, 0x00000000ff160000)
  from space 640K,   0% used [0x00000000ff200000, 0x00000000ff200810, 0x00000000ff2a0000)
  to   space 640K,   0% used [0x00000000ff160000, 0x00000000ff160000, 0x00000000ff200000)
 concurrent mark-sweep generation total 13696K, used 6322K [0x00000000ff2a0000, 0x0000000100000000, 0x0000000100000000)
 Metaspace       used 5073K, capacity 5258K, committed 5504K, reserved 1056768K
  class space    used 557K, capacity 597K, committed 640K, reserved 1048576K
}
{Heap before GC invocations=582 (full 73):
 par new generation   total 6144K, used 5231K [0x00000000fec00000, 0x00000000ff2a0000, 0x00000000ff2a0000)
  eden space 5504K,  95% used [0x00000000fec00000, 0x00000000ff11b780, 0x00000000ff160000)
  from space 640K,   0% used [0x00000000ff200000, 0x00000000ff200810, 0x00000000ff2a0000)
  to   space 640K,   0% used [0x00000000ff160000, 0x00000000ff160000, 0x00000000ff200000)
 concurrent mark-sweep generation total 13696K, used 6322K [0x00000000ff2a0000, 0x0000000100000000, 0x0000000100000000)
 Metaspace       used 5073K, capacity 5258K, committed 5504K, reserved 1056768K
  class space    used 557K, capacity 597K, committed 640K, reserved 1048576K
2024-07-16T18:26:17.742+0800: 4.546: [GC (Allocation Failure) 2024-07-16T18:26:17.742+0800: 4.546: [ParNew: 5231K->10K(6144K), 0.0007161 secs] 11554K->7357K(19840K), 0.0007789 secs] [Times: user=0.00 sys=0.00, real=0.00 secs] 
Heap after GC invocations=583 (full 73):
 par new generation   total 6144K, used 10K [0x00000000fec00000, 0x00000000ff2a0000, 0x00000000ff2a0000)
  eden space 5504K,   0% used [0x00000000fec00000, 0x00000000fec00000, 0x00000000ff160000)
  from space 640K,   1% used [0x00000000ff160000, 0x00000000ff162850, 0x00000000ff200000)
  to   space 640K,   0% used [0x00000000ff200000, 0x00000000ff200000, 0x00000000ff2a0000)
 concurrent mark-sweep generation total 13696K, used 7346K [0x00000000ff2a0000, 0x0000000100000000, 0x0000000100000000)
 Metaspace       used 5073K, capacity 5258K, committed 5504K, reserved 1056768K
  class space    used 557K, capacity 597K, committed 640K, reserved 1048576K
}
{Heap before GC invocations=583 (full 73):
 par new generation   total 6144K, used 5239K [0x00000000fec00000, 0x00000000ff2a0000, 0x00000000ff2a0000)
  eden space 5504K,  95% used [0x00000000fec00000, 0x00000000ff11b780, 0x00000000ff160000)
  from space 640K,   1% used [0x00000000ff160000, 0x00000000ff162850, 0x00000000ff200000)
  to   space 640K,   0% used [0x00000000ff200000, 0x00000000ff200000, 0x00000000ff2a0000)
 concurrent mark-sweep generation total 13696K, used 7346K [0x00000000ff2a0000, 0x0000000100000000, 0x0000000100000000)
 Metaspace       used 5073K, capacity 5258K, committed 5504K, reserved 1056768K
  class space    used 557K, capacity 597K, committed 640K, reserved 1048576K
2024-07-16T18:26:17.750+0800: 4.554: [GC (Allocation Failure) 2024-07-16T18:26:17.750+0800: 4.554: [ParNew: 5239K->8K(6144K), 0.0010223 secs] 12586K->8379K(19840K), 0.0010818 secs] [Times: user=0.00 sys=0.00, real=0.00 secs] 
Heap after GC invocations=584 (full 73):
 par new generation   total 6144K, used 8K [0x00000000fec00000, 0x00000000ff2a0000, 0x00000000ff2a0000)
  eden space 5504K,   0% used [0x00000000fec00000, 0x00000000fec00000, 0x00000000ff160000)
  from space 640K,   1% used [0x00000000ff200000, 0x00000000ff202040, 0x00000000ff2a0000)
  to   space 640K,   0% used [0x00000000ff160000, 0x00000000ff160000, 0x00000000ff200000)
 concurrent mark-sweep generation total 13696K, used 8370K [0x00000000ff2a0000, 0x0000000100000000, 0x0000000100000000)
 Metaspace       used 5073K, capacity 5258K, committed 5504K, reserved 1056768K
  class space    used 557K, capacity 597K, committed 640K, reserved 1048576K
}
{Heap before GC invocations=584 (full 73):
 par new generation   total 6144K, used 5237K [0x00000000fec00000, 0x00000000ff2a0000, 0x00000000ff2a0000)
  eden space 5504K,  95% used [0x00000000fec00000, 0x00000000ff11b780, 0x00000000ff160000)
  from space 640K,   1% used [0x00000000ff200000, 0x00000000ff202040, 0x00000000ff2a0000)
  to   space 640K,   0% used [0x00000000ff160000, 0x00000000ff160000, 0x00000000ff200000)
 concurrent mark-sweep generation total 13696K, used 8370K [0x00000000ff2a0000, 0x0000000100000000, 0x0000000100000000)
 Metaspace       used 5073K, capacity 5258K, committed 5504K, reserved 1056768K
  class space    used 557K, capacity 597K, committed 640K, reserved 1048576K
2024-07-16T18:26:17.760+0800: 4.564: [GC (Allocation Failure) 2024-07-16T18:26:17.760+0800: 4.564: [ParNew: 5237K->2K(6144K), 0.0003438 secs] 13608K->8372K(19840K), 0.0003868 secs] [Times: user=0.00 sys=0.00, real=0.00 secs] 
Heap after GC invocations=585 (full 73):
 par new generation   total 6144K, used 2K [0x00000000fec00000, 0x00000000ff2a0000, 0x00000000ff2a0000)
  eden space 5504K,   0% used [0x00000000fec00000, 0x00000000fec00000, 0x00000000ff160000)
  from space 640K,   0% used [0x00000000ff160000, 0x00000000ff160810, 0x00000000ff200000)
  to   space 640K,   0% used [0x00000000ff200000, 0x00000000ff200000, 0x00000000ff2a0000)
 concurrent mark-sweep generation total 13696K, used 8370K [0x00000000ff2a0000, 0x0000000100000000, 0x0000000100000000)
 Metaspace       used 5073K, capacity 5258K, committed 5504K, reserved 1056768K
  class space    used 557K, capacity 597K, committed 640K, reserved 1048576K
}
{Heap before GC invocations=585 (full 73):
 par new generation   total 6144K, used 5231K [0x00000000fec00000, 0x00000000ff2a0000, 0x00000000ff2a0000)
  eden space 5504K,  95% used [0x00000000fec00000, 0x00000000ff11b780, 0x00000000ff160000)
  from space 640K,   0% used [0x00000000ff160000, 0x00000000ff160810, 0x00000000ff200000)
  to   space 640K,   0% used [0x00000000ff200000, 0x00000000ff200000, 0x00000000ff2a0000)
 concurrent mark-sweep generation total 13696K, used 8370K [0x00000000ff2a0000, 0x0000000100000000, 0x0000000100000000)
 Metaspace       used 5073K, capacity 5258K, committed 5504K, reserved 1056768K
  class space    used 557K, capacity 597K, committed 640K, reserved 1048576K
2024-07-16T18:26:17.767+0800: 4.571: [GC (Allocation Failure) 2024-07-16T18:26:17.767+0800: 4.571: [ParNew: 5231K->10K(6144K), 0.0006702 secs] 13602K->9407K(19840K), 0.0007470 secs] [Times: user=0.00 sys=0.00, real=0.00 secs] 
Heap after GC invocations=586 (full 73):
 par new generation   total 6144K, used 10K [0x00000000fec00000, 0x00000000ff2a0000, 0x00000000ff2a0000)
  eden space 5504K,   0% used [0x00000000fec00000, 0x00000000fec00000, 0x00000000ff160000)
  from space 640K,   1% used [0x00000000ff200000, 0x00000000ff202850, 0x00000000ff2a0000)
  to   space 640K,   0% used [0x00000000ff160000, 0x00000000ff160000, 0x00000000ff200000)
 concurrent mark-sweep generation total 13696K, used 9397K [0x00000000ff2a0000, 0x0000000100000000, 0x0000000100000000)
 Metaspace       used 5073K, capacity 5258K, committed 5504K, reserved 1056768K
  class space    used 557K, capacity 597K, committed 640K, reserved 1048576K
}
{Heap before GC invocations=586 (full 73):
 par new generation   total 6144K, used 5239K [0x00000000fec00000, 0x00000000ff2a0000, 0x00000000ff2a0000)
  eden space 5504K,  95% used [0x00000000fec00000, 0x00000000ff11b780, 0x00000000ff160000)
  from space 640K,   1% used [0x00000000ff200000, 0x00000000ff202850, 0x00000000ff2a0000)
  to   space 640K,   0% used [0x00000000ff160000, 0x00000000ff160000, 0x00000000ff200000)
 concurrent mark-sweep generation total 13696K, used 9397K [0x00000000ff2a0000, 0x0000000100000000, 0x0000000100000000)
 Metaspace       used 5073K, capacity 5258K, committed 5504K, reserved 1056768K
  class space    used 557K, capacity 597K, committed 640K, reserved 1048576K
2024-07-16T18:26:17.776+0800: 4.580: [GC (Allocation Failure) 2024-07-16T18:26:17.776+0800: 4.580: [ParNew: 5239K->4K(6144K), 0.0014471 secs] 14636K->9401K(19840K), 0.0015915 secs] [Times: user=0.00 sys=0.00, real=0.00 secs] 
Heap after GC invocations=587 (full 73):
 par new generation   total 6144K, used 4K [0x00000000fec00000, 0x00000000ff2a0000, 0x00000000ff2a0000)
  eden space 5504K,   0% used [0x00000000fec00000, 0x00000000fec00000, 0x00000000ff160000)
  from space 640K,   0% used [0x00000000ff160000, 0x00000000ff161020, 0x00000000ff200000)
  to   space 640K,   0% used [0x00000000ff200000, 0x00000000ff200000, 0x00000000ff2a0000)
 concurrent mark-sweep generation total 13696K, used 9397K [0x00000000ff2a0000, 0x0000000100000000, 0x0000000100000000)
 Metaspace       used 5073K, capacity 5258K, committed 5504K, reserved 1056768K
  class space    used 557K, capacity 597K, committed 640K, reserved 1048576K
}
{Heap before GC invocations=587 (full 73):
 par new generation   total 6144K, used 5233K [0x00000000fec00000, 0x00000000ff2a0000, 0x00000000ff2a0000)
  eden space 5504K,  95% used [0x00000000fec00000, 0x00000000ff11b780, 0x00000000ff160000)
  from space 640K,   0% used [0x00000000ff160000, 0x00000000ff161020, 0x00000000ff200000)
  to   space 640K,   0% used [0x00000000ff200000, 0x00000000ff200000, 0x00000000ff2a0000)
 concurrent mark-sweep generation total 13696K, used 9397K [0x00000000ff2a0000, 0x0000000100000000, 0x0000000100000000)
 Metaspace       used 5073K, capacity 5258K, committed 5504K, reserved 1056768K
  class space    used 557K, capacity 597K, committed 640K, reserved 1048576K
2024-07-16T18:26:17.787+0800: 4.591: [GC (Allocation Failure) 2024-07-16T18:26:17.787+0800: 4.591: [ParNew: 5233K->4K(6144K), 0.0002990 secs] 14630K->9401K(19840K), 0.0003331 secs] [Times: user=0.00 sys=0.00, real=0.00 secs] 
Heap after GC invocations=588 (full 73):
 par new generation   total 6144K, used 4K [0x00000000fec00000, 0x00000000ff2a0000, 0x00000000ff2a0000)
  eden space 5504K,   0% used [0x00000000fec00000, 0x00000000fec00000, 0x00000000ff160000)
  from space 640K,   0% used [0x00000000ff200000, 0x00000000ff201020, 0x00000000ff2a0000)
  to   space 640K,   0% used [0x00000000ff160000, 0x00000000ff160000, 0x00000000ff200000)
 concurrent mark-sweep generation total 13696K, used 9397K [0x00000000ff2a0000, 0x0000000100000000, 0x0000000100000000)
 Metaspace       used 5073K, capacity 5258K, committed 5504K, reserved 1056768K
  class space    used 557K, capacity 597K, committed 640K, reserved 1048576K
}
{Heap before GC invocations=588 (full 73):
 par new generation   total 6144K, used 5233K [0x00000000fec00000, 0x00000000ff2a0000, 0x00000000ff2a0000)
  eden space 5504K,  95% used [0x00000000fec00000, 0x00000000ff11b780, 0x00000000ff160000)
  from space 640K,   0% used [0x00000000ff200000, 0x00000000ff201020, 0x00000000ff2a0000)
  to   space 640K,   0% used [0x00000000ff160000, 0x00000000ff160000, 0x00000000ff200000)
 concurrent mark-sweep generation total 13696K, used 9397K [0x00000000ff2a0000, 0x0000000100000000, 0x0000000100000000)
 Metaspace       used 5073K, capacity 5258K, committed 5504K, reserved 1056768K
  class space    used 557K, capacity 597K, committed 640K, reserved 1048576K
2024-07-16T18:26:17.794+0800: 4.598: [GC (Allocation Failure) 2024-07-16T18:26:17.794+0800: 4.598: [ParNew: 5233K->8K(6144K), 0.0004387 secs] 14630K->10431K(19840K), 0.0004938 secs] [Times: user=0.00 sys=0.00, real=0.00 secs] 
Heap after GC invocations=589 (full 73):
 par new generation   total 6144K, used 8K [0x00000000fec00000, 0x00000000ff2a0000, 0x00000000ff2a0000)
  eden space 5504K,   0% used [0x00000000fec00000, 0x00000000fec00000, 0x00000000ff160000)
  from space 640K,   1% used [0x00000000ff160000, 0x00000000ff162040, 0x00000000ff200000)
  to   space 640K,   0% used [0x00000000ff200000, 0x00000000ff200000, 0x00000000ff2a0000)
 concurrent mark-sweep generation total 13696K, used 10423K [0x00000000ff2a0000, 0x0000000100000000, 0x0000000100000000)
 Metaspace       used 5073K, capacity 5258K, committed 5504K, reserved 1056768K
  class space    used 557K, capacity 597K, committed 640K, reserved 1048576K
}
{Heap before GC invocations=589 (full 73):
 par new generation   total 6144K, used 5237K [0x00000000fec00000, 0x00000000ff2a0000, 0x00000000ff2a0000)
  eden space 5504K,  95% used [0x00000000fec00000, 0x00000000ff11b780, 0x00000000ff160000)
  from space 640K,   1% used [0x00000000ff160000, 0x00000000ff162040, 0x00000000ff200000)
  to   space 640K,   0% used [0x00000000ff200000, 0x00000000ff200000, 0x00000000ff2a0000)
 concurrent mark-sweep generation total 13696K, used 10423K [0x00000000ff2a0000, 0x0000000100000000, 0x0000000100000000)
 Metaspace       used 5073K, capacity 5258K, committed 5504K, reserved 1056768K
  class space    used 557K, capacity 597K, committed 640K, reserved 1048576K
2024-07-16T18:26:17.801+0800: 4.605: [GC (Allocation Failure) 2024-07-16T18:26:17.801+0800: 4.605: [ParNew: 5237K->4K(6144K), 0.0003334 secs] 15661K->10427K(19840K), 0.0003808 secs] [Times: user=0.00 sys=0.00, real=0.00 secs] 
Heap after GC invocations=590 (full 73):
 par new generation   total 6144K, used 4K [0x00000000fec00000, 0x00000000ff2a0000, 0x00000000ff2a0000)
  eden space 5504K,   0% used [0x00000000fec00000, 0x00000000fec00000, 0x00000000ff160000)
  from space 640K,   0% used [0x00000000ff200000, 0x00000000ff201020, 0x00000000ff2a0000)
  to   space 640K,   0% used [0x00000000ff160000, 0x00000000ff160000, 0x00000000ff200000)
 concurrent mark-sweep generation total 13696K, used 10423K [0x00000000ff2a0000, 0x0000000100000000, 0x0000000100000000)
 Metaspace       used 5073K, capacity 5258K, committed 5504K, reserved 1056768K
  class space    used 557K, capacity 597K, committed 640K, reserved 1048576K
}
{Heap before GC invocations=590 (full 73):
 par new generation   total 6144K, used 5233K [0x00000000fec00000, 0x00000000ff2a0000, 0x00000000ff2a0000)
  eden space 5504K,  95% used [0x00000000fec00000, 0x00000000ff11b780, 0x00000000ff160000)
  from space 640K,   0% used [0x00000000ff200000, 0x00000000ff201020, 0x00000000ff2a0000)
  to   space 640K,   0% used [0x00000000ff160000, 0x00000000ff160000, 0x00000000ff200000)
 concurrent mark-sweep generation total 13696K, used 10423K [0x00000000ff2a0000, 0x0000000100000000, 0x0000000100000000)
 Metaspace       used 5073K, capacity 5258K, committed 5504K, reserved 1056768K
  class space    used 557K, capacity 597K, committed 640K, reserved 1048576K
2024-07-16T18:26:17.808+0800: 4.612: [GC (Allocation Failure) 2024-07-16T18:26:17.808+0800: 4.612: [ParNew: 5233K->8K(6144K), 0.0004644 secs] 15656K->11455K(19840K), 0.0005141 secs] [Times: user=0.00 sys=0.00, real=0.00 secs] 
Heap after GC invocations=591 (full 73):
 par new generation   total 6144K, used 8K [0x00000000fec00000, 0x00000000ff2a0000, 0x00000000ff2a0000)
  eden space 5504K,   0% used [0x00000000fec00000, 0x00000000fec00000, 0x00000000ff160000)
  from space 640K,   1% used [0x00000000ff160000, 0x00000000ff162040, 0x00000000ff200000)
  to   space 640K,   0% used [0x00000000ff200000, 0x00000000ff200000, 0x00000000ff2a0000)
 concurrent mark-sweep generation total 13696K, used 11447K [0x00000000ff2a0000, 0x0000000100000000, 0x0000000100000000)
 Metaspace       used 5073K, capacity 5258K, committed 5504K, reserved 1056768K
  class space    used 557K, capacity 597K, committed 640K, reserved 1048576K
}
{Heap before GC invocations=591 (full 73):
 par new generation   total 6144K, used 5237K [0x00000000fec00000, 0x00000000ff2a0000, 0x00000000ff2a0000)
  eden space 5504K,  95% used [0x00000000fec00000, 0x00000000ff11b780, 0x00000000ff160000)
  from space 640K,   1% used [0x00000000ff160000, 0x00000000ff162040, 0x00000000ff200000)
  to   space 640K,   0% used [0x00000000ff200000, 0x00000000ff200000, 0x00000000ff2a0000)
 concurrent mark-sweep generation total 13696K, used 11447K [0x00000000ff2a0000, 0x0000000100000000, 0x0000000100000000)
 Metaspace       used 5073K, capacity 5258K, committed 5504K, reserved 1056768K
  class space    used 557K, capacity 597K, committed 640K, reserved 1048576K
2024-07-16T18:26:17.815+0800: 4.619: [GC (Allocation Failure) 2024-07-16T18:26:17.815+0800: 4.619: [ParNew: 5237K->6K(6144K), 0.0003792 secs] 16685K->12479K(19840K), 0.0004304 secs] [Times: user=0.00 sys=0.00, real=0.00 secs] 
Heap after GC invocations=592 (full 73):
 par new generation   total 6144K, used 6K [0x00000000fec00000, 0x00000000ff2a0000, 0x00000000ff2a0000)
  eden space 5504K,   0% used [0x00000000fec00000, 0x00000000fec00000, 0x00000000ff160000)
  from space 640K,   0% used [0x00000000ff200000, 0x00000000ff201830, 0x00000000ff2a0000)
  to   space 640K,   0% used [0x00000000ff160000, 0x00000000ff160000, 0x00000000ff200000)
 concurrent mark-sweep generation total 13696K, used 12473K [0x00000000ff2a0000, 0x0000000100000000, 0x0000000100000000)
 Metaspace       used 5073K, capacity 5258K, committed 5504K, reserved 1056768K
  class space    used 557K, capacity 597K, committed 640K, reserved 1048576K
}
{Heap before GC invocations=592 (full 73):
 par new generation   total 6144K, used 5235K [0x00000000fec00000, 0x00000000ff2a0000, 0x00000000ff2a0000)
  eden space 5504K,  95% used [0x00000000fec00000, 0x00000000ff11b780, 0x00000000ff160000)
  from space 640K,   0% used [0x00000000ff200000, 0x00000000ff201830, 0x00000000ff2a0000)
  to   space 640K,   0% used [0x00000000ff160000, 0x00000000ff160000, 0x00000000ff200000)
 concurrent mark-sweep generation total 13696K, used 12473K [0x00000000ff2a0000, 0x0000000100000000, 0x0000000100000000)
 Metaspace       used 5073K, capacity 5258K, committed 5504K, reserved 1056768K
  class space    used 557K, capacity 597K, committed 640K, reserved 1048576K
2024-07-16T18:26:17.822+0800: 4.626: [GC (Allocation Failure) 2024-07-16T18:26:17.822+0800: 4.626: [ParNew: 5235K->5235K(6144K), 0.0000125 secs]2024-07-16T18:26:17.822+0800: 4.626: [CMS2024-07-16T18:26:17.822+0800: 4.626: [CMS-concurrent-abortable-preclean: 0.001/0.092 secs] [Times: user=0.00 sys=0.00, real=0.09 secs] 
 (concurrent mode failure): 12473K->2220K(13696K), 0.0024028 secs] 17709K->2220K(19840K), [Metaspace: 5073K->5073K(1056768K)], 0.0024682 secs] [Times: user=0.00 sys=0.00, real=0.00 secs] 
Heap after GC invocations=593 (full 74):
 par new generation   total 6144K, used 0K [0x00000000fec00000, 0x00000000ff2a0000, 0x00000000ff2a0000)
  eden space 5504K,   0% used [0x00000000fec00000, 0x00000000fec00000, 0x00000000ff160000)
  from space 640K,   0% used [0x00000000ff200000, 0x00000000ff200000, 0x00000000ff2a0000)
  to   space 640K,   0% used [0x00000000ff160000, 0x00000000ff160000, 0x00000000ff200000)
 concurrent mark-sweep generation total 13696K, used 2220K [0x00000000ff2a0000, 0x0000000100000000, 0x0000000100000000)
 Metaspace       used 5073K, capacity 5258K, committed 5504K, reserved 1056768K
  class space    used 557K, capacity 597K, committed 640K, reserved 1048576K
}
{Heap before GC invocations=593 (full 74):
 par new generation   total 6144K, used 5229K [0x00000000fec00000, 0x00000000ff2a0000, 0x00000000ff2a0000)
  eden space 5504K,  95% used [0x00000000fec00000, 0x00000000ff11b780, 0x00000000ff160000)
  from space 640K,   0% used [0x00000000ff200000, 0x00000000ff200000, 0x00000000ff2a0000)
  to   space 640K,   0% used [0x00000000ff160000, 0x00000000ff160000, 0x00000000ff200000)
 concurrent mark-sweep generation total 13696K, used 2220K [0x00000000ff2a0000, 0x0000000100000000, 0x0000000100000000)
 Metaspace       used 5073K, capacity 5258K, committed 5504K, reserved 1056768K
  class space    used 557K, capacity 597K, committed 640K, reserved 1048576K
2024-07-16T18:26:17.831+0800: 4.635: [GC (Allocation Failure) 2024-07-16T18:26:17.831+0800: 4.635: [ParNew: 5229K->8K(6144K), 0.0004431 secs] 7450K->3254K(19840K), 0.0005009 secs] [Times: user=0.00 sys=0.00, real=0.00 secs] 
Heap after GC invocations=594 (full 74):
 par new generation   total 6144K, used 8K [0x00000000fec00000, 0x00000000ff2a0000, 0x00000000ff2a0000)
  eden space 5504K,   0% used [0x00000000fec00000, 0x00000000fec00000, 0x00000000ff160000)
  from space 640K,   1% used [0x00000000ff160000, 0x00000000ff162040, 0x00000000ff200000)
  to   space 640K,   0% used [0x00000000ff200000, 0x00000000ff200000, 0x00000000ff2a0000)
 concurrent mark-sweep generation total 13696K, used 3246K [0x00000000ff2a0000, 0x0000000100000000, 0x0000000100000000)
 Metaspace       used 5073K, capacity 5258K, committed 5504K, reserved 1056768K
  class space    used 557K, capacity 597K, committed 640K, reserved 1048576K
}
{Heap before GC invocations=594 (full 74):
 par new generation   total 6144K, used 5237K [0x00000000fec00000, 0x00000000ff2a0000, 0x00000000ff2a0000)
  eden space 5504K,  95% used [0x00000000fec00000, 0x00000000ff11b780, 0x00000000ff160000)
  from space 640K,   1% used [0x00000000ff160000, 0x00000000ff162040, 0x00000000ff200000)
  to   space 640K,   0% used [0x00000000ff200000, 0x00000000ff200000, 0x00000000ff2a0000)
 concurrent mark-sweep generation total 13696K, used 3246K [0x00000000ff2a0000, 0x0000000100000000, 0x0000000100000000)
 Metaspace       used 5073K, capacity 5258K, committed 5504K, reserved 1056768K
  class space    used 557K, capacity 597K, committed 640K, reserved 1048576K
2024-07-16T18:26:17.838+0800: 4.642: [GC (Allocation Failure) 2024-07-16T18:26:17.838+0800: 4.642: [ParNew: 5237K->4K(6144K), 0.0002988 secs] 8484K->3250K(19840K), 0.0003311 secs] [Times: user=0.00 sys=0.00, real=0.00 secs] 
Heap after GC invocations=595 (full 74):
 par new generation   total 6144K, used 4K [0x00000000fec00000, 0x00000000ff2a0000, 0x00000000ff2a0000)
  eden space 5504K,   0% used [0x00000000fec00000, 0x00000000fec00000, 0x00000000ff160000)
  from space 640K,   0% used [0x00000000ff200000, 0x00000000ff201020, 0x00000000ff2a0000)
  to   space 640K,   0% used [0x00000000ff160000, 0x00000000ff160000, 0x00000000ff200000)
 concurrent mark-sweep generation total 13696K, used 3246K [0x00000000ff2a0000, 0x0000000100000000, 0x0000000100000000)
 Metaspace       used 5073K, capacity 5258K, committed 5504K, reserved 1056768K
  class space    used 557K, capacity 597K, committed 640K, reserved 1048576K
}
{Heap before GC invocations=595 (full 74):
 par new generation   total 6144K, used 5233K [0x00000000fec00000, 0x00000000ff2a0000, 0x00000000ff2a0000)
  eden space 5504K,  95% used [0x00000000fec00000, 0x00000000ff11b780, 0x00000000ff160000)
  from space 640K,   0% used [0x00000000ff200000, 0x00000000ff201020, 0x00000000ff2a0000)
  to   space 640K,   0% used [0x00000000ff160000, 0x00000000ff160000, 0x00000000ff200000)
 concurrent mark-sweep generation total 13696K, used 3246K [0x00000000ff2a0000, 0x0000000100000000, 0x0000000100000000)
 Metaspace       used 5073K, capacity 5258K, committed 5504K, reserved 1056768K
  class space    used 557K, capacity 597K, committed 640K, reserved 1048576K
2024-07-16T18:26:17.844+0800: 4.647: [GC (Allocation Failure) 2024-07-16T18:26:17.844+0800: 4.648: [ParNew: 5233K->8K(6144K), 0.0004579 secs] 8480K->4280K(19840K), 0.0005093 secs] [Times: user=0.00 sys=0.00, real=0.00 secs] 
Heap after GC invocations=596 (full 74):
 par new generation   total 6144K, used 8K [0x00000000fec00000, 0x00000000ff2a0000, 0x00000000ff2a0000)
  eden space 5504K,   0% used [0x00000000fec00000, 0x00000000fec00000, 0x00000000ff160000)
  from space 640K,   1% used [0x00000000ff160000, 0x00000000ff162040, 0x00000000ff200000)
  to   space 640K,   0% used [0x00000000ff200000, 0x00000000ff200000, 0x00000000ff2a0000)
 concurrent mark-sweep generation total 13696K, used 4272K [0x00000000ff2a0000, 0x0000000100000000, 0x0000000100000000)
 Metaspace       used 5073K, capacity 5258K, committed 5504K, reserved 1056768K
  class space    used 557K, capacity 597K, committed 640K, reserved 1048576K
}
{Heap before GC invocations=596 (full 74):
 par new generation   total 6144K, used 5237K [0x00000000fec00000, 0x00000000ff2a0000, 0x00000000ff2a0000)
  eden space 5504K,  95% used [0x00000000fec00000, 0x00000000ff11b780, 0x00000000ff160000)
  from space 640K,   1% used [0x00000000ff160000, 0x00000000ff162040, 0x00000000ff200000)
  to   space 640K,   0% used [0x00000000ff200000, 0x00000000ff200000, 0x00000000ff2a0000)
 concurrent mark-sweep generation total 13696K, used 4272K [0x00000000ff2a0000, 0x0000000100000000, 0x0000000100000000)
 Metaspace       used 5073K, capacity 5258K, committed 5504K, reserved 1056768K
  class space    used 557K, capacity 597K, committed 640K, reserved 1048576K
2024-07-16T18:26:17.849+0800: 4.653: [GC (Allocation Failure) 2024-07-16T18:26:17.849+0800: 4.653: [ParNew: 5237K->8K(6144K), 0.0004672 secs] 9510K->5304K(19840K), 0.0005205 secs] [Times: user=0.00 sys=0.00, real=0.00 secs] 
Heap after GC invocations=597 (full 74):
 par new generation   total 6144K, used 8K [0x00000000fec00000, 0x00000000ff2a0000, 0x00000000ff2a0000)
  eden space 5504K,   0% used [0x00000000fec00000, 0x00000000fec00000, 0x00000000ff160000)
  from space 640K,   1% used [0x00000000ff200000, 0x00000000ff202040, 0x00000000ff2a0000)
  to   space 640K,   0% used [0x00000000ff160000, 0x00000000ff160000, 0x00000000ff200000)
 concurrent mark-sweep generation total 13696K, used 5296K [0x00000000ff2a0000, 0x0000000100000000, 0x0000000100000000)
 Metaspace       used 5073K, capacity 5258K, committed 5504K, reserved 1056768K
  class space    used 557K, capacity 597K, committed 640K, reserved 1048576K
}
2024-07-16T18:26:17.850+0800: 4.654: [GC (CMS Initial Mark) [1 CMS-initial-mark: 5296K(13696K)] 6330K(19840K), 0.0001566 secs] [Times: user=0.00 sys=0.00, real=0.00 secs] 
2024-07-16T18:26:17.850+0800: 4.654: [CMS-concurrent-mark-start]
2024-07-16T18:26:17.851+0800: 4.656: [CMS-concurrent-mark: 0.002/0.002 secs] [Times: user=0.00 sys=0.00, real=0.00 secs] 
2024-07-16T18:26:17.851+0800: 4.656: [CMS-concurrent-preclean-start]
2024-07-16T18:26:17.852+0800: 4.656: [CMS-concurrent-preclean: 0.000/0.000 secs] [Times: user=0.00 sys=0.00, real=0.00 secs] 
2024-07-16T18:26:17.852+0800: 4.656: [CMS-concurrent-abortable-preclean-start]
{Heap before GC invocations=597 (full 75):
 par new generation   total 6144K, used 5237K [0x00000000fec00000, 0x00000000ff2a0000, 0x00000000ff2a0000)
  eden space 5504K,  95% used [0x00000000fec00000, 0x00000000ff11b780, 0x00000000ff160000)
  from space 640K,   1% used [0x00000000ff200000, 0x00000000ff202040, 0x00000000ff2a0000)
  to   space 640K,   0% used [0x00000000ff160000, 0x00000000ff160000, 0x00000000ff200000)
 concurrent mark-sweep generation total 13696K, used 5296K [0x00000000ff2a0000, 0x0000000100000000, 0x0000000100000000)
 Metaspace       used 5073K, capacity 5258K, committed 5504K, reserved 1056768K
  class space    used 557K, capacity 597K, committed 640K, reserved 1048576K
2024-07-16T18:26:17.855+0800: 4.659: [GC (Allocation Failure) 2024-07-16T18:26:17.855+0800: 4.659: [ParNew: 5237K->8K(6144K), 0.0003915 secs] 10534K->6331K(19840K), 0.0004343 secs] [Times: user=0.00 sys=0.00, real=0.00 secs] 
Heap after GC invocations=598 (full 75):
 par new generation   total 6144K, used 8K [0x00000000fec00000, 0x00000000ff2a0000, 0x00000000ff2a0000)
  eden space 5504K,   0% used [0x00000000fec00000, 0x00000000fec00000, 0x00000000ff160000)
  from space 640K,   1% used [0x00000000ff160000, 0x00000000ff162040, 0x00000000ff200000)
  to   space 640K,   0% used [0x00000000ff200000, 0x00000000ff200000, 0x00000000ff2a0000)
 concurrent mark-sweep generation total 13696K, used 6322K [0x00000000ff2a0000, 0x0000000100000000, 0x0000000100000000)
 Metaspace       used 5073K, capacity 5258K, committed 5504K, reserved 1056768K
  class space    used 557K, capacity 597K, committed 640K, reserved 1048576K
}
{Heap before GC invocations=598 (full 75):
 par new generation   total 6144K, used 5237K [0x00000000fec00000, 0x00000000ff2a0000, 0x00000000ff2a0000)
  eden space 5504K,  95% used [0x00000000fec00000, 0x00000000ff11b780, 0x00000000ff160000)
  from space 640K,   1% used [0x00000000ff160000, 0x00000000ff162040, 0x00000000ff200000)
  to   space 640K,   0% used [0x00000000ff200000, 0x00000000ff200000, 0x00000000ff2a0000)
 concurrent mark-sweep generation total 13696K, used 6322K [0x00000000ff2a0000, 0x0000000100000000, 0x0000000100000000)
 Metaspace       used 5073K, capacity 5258K, committed 5504K, reserved 1056768K
  class space    used 557K, capacity 597K, committed 640K, reserved 1048576K
2024-07-16T18:26:17.861+0800: 4.665: [GC (Allocation Failure) 2024-07-16T18:26:17.861+0800: 4.665: [ParNew: 5237K->8K(6144K), 0.0004104 secs] 11560K->7357K(19840K), 0.0004581 secs] [Times: user=0.01 sys=0.02, real=0.00 secs] 
Heap after GC invocations=599 (full 75):
 par new generation   total 6144K, used 8K [0x00000000fec00000, 0x00000000ff2a0000, 0x00000000ff2a0000)
  eden space 5504K,   0% used [0x00000000fec00000, 0x00000000fec00000, 0x00000000ff160000)
  from space 640K,   1% used [0x00000000ff200000, 0x00000000ff202040, 0x00000000ff2a0000)
  to   space 640K,   0% used [0x00000000ff160000, 0x00000000ff160000, 0x00000000ff200000)
 concurrent mark-sweep generation total 13696K, used 7349K [0x00000000ff2a0000, 0x0000000100000000, 0x0000000100000000)
 Metaspace       used 5073K, capacity 5258K, committed 5504K, reserved 1056768K
  class space    used 557K, capacity 597K, committed 640K, reserved 1048576K
}
{Heap before GC invocations=599 (full 75):
 par new generation   total 6144K, used 5237K [0x00000000fec00000, 0x00000000ff2a0000, 0x00000000ff2a0000)
  eden space 5504K,  95% used [0x00000000fec00000, 0x00000000ff11b780, 0x00000000ff160000)
  from space 640K,   1% used [0x00000000ff200000, 0x00000000ff202040, 0x00000000ff2a0000)
  to   space 640K,   0% used [0x00000000ff160000, 0x00000000ff160000, 0x00000000ff200000)
 concurrent mark-sweep generation total 13696K, used 7349K [0x00000000ff2a0000, 0x0000000100000000, 0x0000000100000000)
 Metaspace       used 5073K, capacity 5258K, committed 5504K, reserved 1056768K
  class space    used 557K, capacity 597K, committed 640K, reserved 1048576K
2024-07-16T18:26:17.867+0800: 4.671: [GC (Allocation Failure) 2024-07-16T18:26:17.867+0800: 4.671: [ParNew: 5237K->10K(6144K), 0.0005111 secs] 12586K->8385K(19840K), 0.0005689 secs] [Times: user=0.00 sys=0.00, real=0.00 secs] 
Heap after GC invocations=600 (full 75):
 par new generation   total 6144K, used 10K [0x00000000fec00000, 0x00000000ff2a0000, 0x00000000ff2a0000)
  eden space 5504K,   0% used [0x00000000fec00000, 0x00000000fec00000, 0x00000000ff160000)
  from space 640K,   1% used [0x00000000ff160000, 0x00000000ff162850, 0x00000000ff200000)
  to   space 640K,   0% used [0x00000000ff200000, 0x00000000ff200000, 0x00000000ff2a0000)
 concurrent mark-sweep generation total 13696K, used 8375K [0x00000000ff2a0000, 0x0000000100000000, 0x0000000100000000)
 Metaspace       used 5073K, capacity 5258K, committed 5504K, reserved 1056768K
  class space    used 557K, capacity 597K, committed 640K, reserved 1048576K
}
{Heap before GC invocations=600 (full 75):
 par new generation   total 6144K, used 5239K [0x00000000fec00000, 0x00000000ff2a0000, 0x00000000ff2a0000)
  eden space 5504K,  95% used [0x00000000fec00000, 0x00000000ff11b780, 0x00000000ff160000)
  from space 640K,   1% used [0x00000000ff160000, 0x00000000ff162850, 0x00000000ff200000)
  to   space 640K,   0% used [0x00000000ff200000, 0x00000000ff200000, 0x00000000ff2a0000)
 concurrent mark-sweep generation total 13696K, used 8375K [0x00000000ff2a0000, 0x0000000100000000, 0x0000000100000000)
 Metaspace       used 5073K, capacity 5258K, committed 5504K, reserved 1056768K
  class space    used 557K, capacity 597K, committed 640K, reserved 1048576K
2024-07-16T18:26:17.874+0800: 4.678: [GC (Allocation Failure) 2024-07-16T18:26:17.874+0800: 4.678: [ParNew: 5239K->8K(6144K), 0.0004524 secs] 13615K->9409K(19840K), 0.0005170 secs] [Times: user=0.00 sys=0.00, real=0.00 secs] 
Heap after GC invocations=601 (full 75):
 par new generation   total 6144K, used 8K [0x00000000fec00000, 0x00000000ff2a0000, 0x00000000ff2a0000)
  eden space 5504K,   0% used [0x00000000fec00000, 0x00000000fec00000, 0x00000000ff160000)
  from space 640K,   1% used [0x00000000ff200000, 0x00000000ff202040, 0x00000000ff2a0000)
  to   space 640K,   0% used [0x00000000ff160000, 0x00000000ff160000, 0x00000000ff200000)
 concurrent mark-sweep generation total 13696K, used 9401K [0x00000000ff2a0000, 0x0000000100000000, 0x0000000100000000)
 Metaspace       used 5073K, capacity 5258K, committed 5504K, reserved 1056768K
  class space    used 557K, capacity 597K, committed 640K, reserved 1048576K
}
{Heap before GC invocations=601 (full 75):
 par new generation   total 6144K, used 5237K [0x00000000fec00000, 0x00000000ff2a0000, 0x00000000ff2a0000)
  eden space 5504K,  95% used [0x00000000fec00000, 0x00000000ff11b780, 0x00000000ff160000)
  from space 640K,   1% used [0x00000000ff200000, 0x00000000ff202040, 0x00000000ff2a0000)
  to   space 640K,   0% used [0x00000000ff160000, 0x00000000ff160000, 0x00000000ff200000)
 concurrent mark-sweep generation total 13696K, used 9401K [0x00000000ff2a0000, 0x0000000100000000, 0x0000000100000000)
 Metaspace       used 5073K, capacity 5258K, committed 5504K, reserved 1056768K
  class space    used 557K, capacity 597K, committed 640K, reserved 1048576K
2024-07-16T18:26:17.880+0800: 4.684: [GC (Allocation Failure) 2024-07-16T18:26:17.880+0800: 4.684: [ParNew: 5237K->10K(6144K), 0.0003930 secs] 14639K->10435K(19840K), 0.0004342 secs] [Times: user=0.00 sys=0.00, real=0.00 secs] 
Heap after GC invocations=602 (full 75):
 par new generation   total 6144K, used 10K [0x00000000fec00000, 0x00000000ff2a0000, 0x00000000ff2a0000)
  eden space 5504K,   0% used [0x00000000fec00000, 0x00000000fec00000, 0x00000000ff160000)
  from space 640K,   1% used [0x00000000ff160000, 0x00000000ff162850, 0x00000000ff200000)
  to   space 640K,   0% used [0x00000000ff200000, 0x00000000ff200000, 0x00000000ff2a0000)
 concurrent mark-sweep generation total 13696K, used 10425K [0x00000000ff2a0000, 0x0000000100000000, 0x0000000100000000)
 Metaspace       used 5073K, capacity 5258K, committed 5504K, reserved 1056768K
  class space    used 557K, capacity 597K, committed 640K, reserved 1048576K
}
{Heap before GC invocations=602 (full 75):
 par new generation   total 6144K, used 5239K [0x00000000fec00000, 0x00000000ff2a0000, 0x00000000ff2a0000)
  eden space 5504K,  95% used [0x00000000fec00000, 0x00000000ff11b780, 0x00000000ff160000)
  from space 640K,   1% used [0x00000000ff160000, 0x00000000ff162850, 0x00000000ff200000)
  to   space 640K,   0% used [0x00000000ff200000, 0x00000000ff200000, 0x00000000ff2a0000)
 concurrent mark-sweep generation total 13696K, used 10425K [0x00000000ff2a0000, 0x0000000100000000, 0x0000000100000000)
 Metaspace       used 5073K, capacity 5258K, committed 5504K, reserved 1056768K
  class space    used 557K, capacity 597K, committed 640K, reserved 1048576K
2024-07-16T18:26:17.888+0800: 4.692: [GC (Allocation Failure) 2024-07-16T18:26:17.888+0800: 4.692: [ParNew: 5239K->6K(6144K), 0.0004391 secs] 15665K->11457K(19840K), 0.0004786 secs] [Times: user=0.00 sys=0.00, real=0.00 secs] 
Heap after GC invocations=603 (full 75):
 par new generation   total 6144K, used 6K [0x00000000fec00000, 0x00000000ff2a0000, 0x00000000ff2a0000)
  eden space 5504K,   0% used [0x00000000fec00000, 0x00000000fec00000, 0x00000000ff160000)
  from space 640K,   0% used [0x00000000ff200000, 0x00000000ff201830, 0x00000000ff2a0000)
  to   space 640K,   0% used [0x00000000ff160000, 0x00000000ff160000, 0x00000000ff200000)
 concurrent mark-sweep generation total 13696K, used 11451K [0x00000000ff2a0000, 0x0000000100000000, 0x0000000100000000)
 Metaspace       used 5073K, capacity 5258K, committed 5504K, reserved 1056768K
  class space    used 557K, capacity 597K, committed 640K, reserved 1048576K
}
{Heap before GC invocations=603 (full 75):
 par new generation   total 6144K, used 5235K [0x00000000fec00000, 0x00000000ff2a0000, 0x00000000ff2a0000)
  eden space 5504K,  95% used [0x00000000fec00000, 0x00000000ff11b780, 0x00000000ff160000)
  from space 640K,   0% used [0x00000000ff200000, 0x00000000ff201830, 0x00000000ff2a0000)
  to   space 640K,   0% used [0x00000000ff160000, 0x00000000ff160000, 0x00000000ff200000)
 concurrent mark-sweep generation total 13696K, used 11451K [0x00000000ff2a0000, 0x0000000100000000, 0x0000000100000000)
 Metaspace       used 5073K, capacity 5258K, committed 5504K, reserved 1056768K
  class space    used 557K, capacity 597K, committed 640K, reserved 1048576K
2024-07-16T18:26:17.895+0800: 4.699: [GC (Allocation Failure) 2024-07-16T18:26:17.895+0800: 4.699: [ParNew: 5235K->10K(6144K), 0.0004597 secs] 16687K->12485K(19840K), 0.0005114 secs] [Times: user=0.00 sys=0.00, real=0.00 secs] 
Heap after GC invocations=604 (full 75):
 par new generation   total 6144K, used 10K [0x00000000fec00000, 0x00000000ff2a0000, 0x00000000ff2a0000)
  eden space 5504K,   0% used [0x00000000fec00000, 0x00000000fec00000, 0x00000000ff160000)
  from space 640K,   1% used [0x00000000ff160000, 0x00000000ff162850, 0x00000000ff200000)
  to   space 640K,   0% used [0x00000000ff200000, 0x00000000ff200000, 0x00000000ff2a0000)
 concurrent mark-sweep generation total 13696K, used 12475K [0x00000000ff2a0000, 0x0000000100000000, 0x0000000100000000)
 Metaspace       used 5073K, capacity 5258K, committed 5504K, reserved 1056768K
  class space    used 557K, capacity 597K, committed 640K, reserved 1048576K
}
{Heap before GC invocations=604 (full 75):
 par new generation   total 6144K, used 5239K [0x00000000fec00000, 0x00000000ff2a0000, 0x00000000ff2a0000)
  eden space 5504K,  95% used [0x00000000fec00000, 0x00000000ff11b780, 0x00000000ff160000)
  from space 640K,   1% used [0x00000000ff160000, 0x00000000ff162850, 0x00000000ff200000)
  to   space 640K,   0% used [0x00000000ff200000, 0x00000000ff200000, 0x00000000ff2a0000)
 concurrent mark-sweep generation total 13696K, used 12475K [0x00000000ff2a0000, 0x0000000100000000, 0x0000000100000000)
 Metaspace       used 5073K, capacity 5258K, committed 5504K, reserved 1056768K
  class space    used 557K, capacity 597K, committed 640K, reserved 1048576K
2024-07-16T18:26:17.902+0800: 4.706: [GC (Allocation Failure) 2024-07-16T18:26:17.902+0800: 4.706: [ParNew: 5239K->8K(6144K), 0.0003588 secs] 17715K->13507K(19840K), 0.0004018 secs] [Times: user=0.00 sys=0.00, real=0.00 secs] 
Heap after GC invocations=605 (full 75):
 par new generation   total 6144K, used 8K [0x00000000fec00000, 0x00000000ff2a0000, 0x00000000ff2a0000)
  eden space 5504K,   0% used [0x00000000fec00000, 0x00000000fec00000, 0x00000000ff160000)
  from space 640K,   1% used [0x00000000ff200000, 0x00000000ff202040, 0x00000000ff2a0000)
  to   space 640K,   0% used [0x00000000ff160000, 0x00000000ff160000, 0x00000000ff200000)
 concurrent mark-sweep generation total 13696K, used 13499K [0x00000000ff2a0000, 0x0000000100000000, 0x0000000100000000)
 Metaspace       used 5073K, capacity 5258K, committed 5504K, reserved 1056768K
  class space    used 557K, capacity 597K, committed 640K, reserved 1048576K
}
2024-07-16T18:26:17.902+0800: 4.706: [CMS-concurrent-abortable-preclean: 0.001/0.051 secs] [Times: user=0.01 sys=0.02, real=0.05 secs] 
2024-07-16T18:26:17.902+0800: 4.706: [GC (CMS Final Remark) [YG occupancy: 1032 K (6144 K)]{Heap before GC invocations=605 (full 75):
 par new generation   total 6144K, used 1032K [0x00000000fec00000, 0x00000000ff2a0000, 0x00000000ff2a0000)
  eden space 5504K,  18% used [0x00000000fec00000, 0x00000000fed00010, 0x00000000ff160000)
  from space 640K,   1% used [0x00000000ff200000, 0x00000000ff202040, 0x00000000ff2a0000)
  to   space 640K,   0% used [0x00000000ff160000, 0x00000000ff160000, 0x00000000ff200000)
 concurrent mark-sweep generation total 13696K, used 13499K [0x00000000ff2a0000, 0x0000000100000000, 0x0000000100000000)
 Metaspace       used 5073K, capacity 5258K, committed 5504K, reserved 1056768K
  class space    used 557K, capacity 597K, committed 640K, reserved 1048576K
2024-07-16T18:26:17.902+0800: 4.706: [GC (CMS Final Remark) 2024-07-16T18:26:17.902+0800: 4.706: [ParNew: 1032K->1032K(6144K), 0.0000077 secs] 14531K->14531K(19840K), 0.0000193 secs] [Times: user=0.00 sys=0.00, real=0.00 secs] 
Heap after GC invocations=606 (full 75):
 par new generation   total 6144K, used 1032K [0x00000000fec00000, 0x00000000ff2a0000, 0x00000000ff2a0000)
  eden space 5504K,  18% used [0x00000000fec00000, 0x00000000fed00010, 0x00000000ff160000)
  from space 640K,   1% used [0x00000000ff200000, 0x00000000ff202040, 0x00000000ff2a0000)
  to   space 640K,   0% used [0x00000000ff160000, 0x00000000ff160000, 0x00000000ff200000)
 concurrent mark-sweep generation total 13696K, used 13499K [0x00000000ff2a0000, 0x0000000100000000, 0x0000000100000000)
 Metaspace       used 5073K, capacity 5258K, committed 5504K, reserved 1056768K
  class space    used 557K, capacity 597K, committed 640K, reserved 1048576K
}
2024-07-16T18:26:17.902+0800: 4.706: [Rescan (parallel) , 0.0001360 secs]2024-07-16T18:26:17.902+0800: 4.707: [weak refs processing, 0.0000088 secs]2024-07-16T18:26:17.902+0800: 4.707: [class unloading, 0.0003353 secs]2024-07-16T18:26:17.903+0800: 4.707: [scrub symbol table, 0.0003620 secs]2024-07-16T18:26:17.903+0800: 4.707: [scrub string table, 0.0000873 secs][1 CMS-remark: 13499K(13696K)] 14531K(19840K), 0.0010191 secs] [Times: user=0.00 sys=0.00, real=0.00 secs] 
2024-07-16T18:26:17.903+0800: 4.708: [CMS-concurrent-sweep-start]
2024-07-16T18:26:17.903+0800: 4.708: [CMS-concurrent-sweep: 0.000/0.000 secs] [Times: user=0.00 sys=0.00, real=0.00 secs] 
2024-07-16T18:26:17.903+0800: 4.708: [CMS-concurrent-reset-start]
2024-07-16T18:26:17.903+0800: 4.708: [CMS-concurrent-reset: 0.000/0.000 secs] [Times: user=0.00 sys=0.00, real=0.00 secs] 
{Heap before GC invocations=606 (full 75):
 par new generation   total 6144K, used 5237K [0x00000000fec00000, 0x00000000ff2a0000, 0x00000000ff2a0000)
  eden space 5504K,  95% used [0x00000000fec00000, 0x00000000ff11b780, 0x00000000ff160000)
  from space 640K,   1% used [0x00000000ff200000, 0x00000000ff202040, 0x00000000ff2a0000)
  to   space 640K,   0% used [0x00000000ff160000, 0x00000000ff160000, 0x00000000ff200000)
 concurrent mark-sweep generation total 13696K, used 9403K [0x00000000ff2a0000, 0x0000000100000000, 0x0000000100000000)
 Metaspace       used 5073K, capacity 5258K, committed 5504K, reserved 1056768K
  class space    used 557K, capacity 597K, committed 640K, reserved 1048576K
2024-07-16T18:26:17.909+0800: 4.713: [GC (Allocation Failure) 2024-07-16T18:26:17.909+0800: 4.713: [ParNew: 5237K->6K(6144K), 0.0004042 secs] 14640K->10435K(19840K), 0.0004456 secs] [Times: user=0.00 sys=0.00, real=0.00 secs] 
Heap after GC invocations=607 (full 75):
 par new generation   total 6144K, used 6K [0x00000000fec00000, 0x00000000ff2a0000, 0x00000000ff2a0000)
  eden space 5504K,   0% used [0x00000000fec00000, 0x00000000fec00000, 0x00000000ff160000)
  from space 640K,   0% used [0x00000000ff160000, 0x00000000ff161830, 0x00000000ff200000)
  to   space 640K,   0% used [0x00000000ff200000, 0x00000000ff200000, 0x00000000ff2a0000)
 concurrent mark-sweep generation total 13696K, used 10429K [0x00000000ff2a0000, 0x0000000100000000, 0x0000000100000000)
 Metaspace       used 5073K, capacity 5258K, committed 5504K, reserved 1056768K
  class space    used 557K, capacity 597K, committed 640K, reserved 1048576K
}
2024-07-16T18:26:17.910+0800: 4.714: [GC (CMS Initial Mark) [1 CMS-initial-mark: 10429K(13696K)] 11461K(19840K), 0.0001715 secs] [Times: user=0.00 sys=0.00, real=0.00 secs] 
2024-07-16T18:26:17.910+0800: 4.714: [CMS-concurrent-mark-start]
2024-07-16T18:26:17.911+0800: 4.715: [CMS-concurrent-mark: 0.001/0.001 secs] [Times: user=0.00 sys=0.00, real=0.00 secs] 
2024-07-16T18:26:17.911+0800: 4.715: [CMS-concurrent-preclean-start]
2024-07-16T18:26:17.911+0800: 4.715: [CMS-concurrent-preclean: 0.000/0.000 secs] [Times: user=0.00 sys=0.00, real=0.00 secs] 
2024-07-16T18:26:17.911+0800: 4.715: [CMS-concurrent-abortable-preclean-start]
{Heap before GC invocations=607 (full 76):
 par new generation   total 6144K, used 5228K [0x00000000fec00000, 0x00000000ff2a0000, 0x00000000ff2a0000)
  eden space 5504K,  94% used [0x00000000fec00000, 0x00000000ff119948, 0x00000000ff160000)
  from space 640K,   0% used [0x00000000ff160000, 0x00000000ff161830, 0x00000000ff200000)
  to   space 640K,   0% used [0x00000000ff200000, 0x00000000ff200000, 0x00000000ff2a0000)
 concurrent mark-sweep generation total 13696K, used 10429K [0x00000000ff2a0000, 0x0000000100000000, 0x0000000100000000)
 Metaspace       used 5073K, capacity 5258K, committed 5504K, reserved 1056768K
  class space    used 557K, capacity 597K, committed 640K, reserved 1048576K
2024-07-16T18:26:17.915+0800: 4.719: [GC (Allocation Failure) 2024-07-16T18:26:17.915+0800: 4.719: [ParNew: 5228K->8K(6144K), 0.0003572 secs] 15657K->11461K(19840K), 0.0003884 secs] [Times: user=0.00 sys=0.00, real=0.00 secs] 
Heap after GC invocations=608 (full 76):
 par new generation   total 6144K, used 8K [0x00000000fec00000, 0x00000000ff2a0000, 0x00000000ff2a0000)
  eden space 5504K,   0% used [0x00000000fec00000, 0x00000000fec00000, 0x00000000ff160000)
  from space 640K,   1% used [0x00000000ff200000, 0x00000000ff202040, 0x00000000ff2a0000)
  to   space 640K,   0% used [0x00000000ff160000, 0x00000000ff160000, 0x00000000ff200000)
 concurrent mark-sweep generation total 13696K, used 11453K [0x00000000ff2a0000, 0x0000000100000000, 0x0000000100000000)
 Metaspace       used 5073K, capacity 5258K, committed 5504K, reserved 1056768K
  class space    used 557K, capacity 597K, committed 640K, reserved 1048576K
}
{Heap before GC invocations=608 (full 76):
 par new generation   total 6144K, used 5233K [0x00000000fec00000, 0x00000000ff2a0000, 0x00000000ff2a0000)
  eden space 5504K,  94% used [0x00000000fec00000, 0x00000000ff11a410, 0x00000000ff160000)
  from space 640K,   1% used [0x00000000ff200000, 0x00000000ff202040, 0x00000000ff2a0000)
  to   space 640K,   0% used [0x00000000ff160000, 0x00000000ff160000, 0x00000000ff200000)
 concurrent mark-sweep generation total 13696K, used 11453K [0x00000000ff2a0000, 0x0000000100000000, 0x0000000100000000)
 Metaspace       used 5073K, capacity 5258K, committed 5504K, reserved 1056768K
  class space    used 557K, capacity 597K, committed 640K, reserved 1048576K
2024-07-16T18:26:17.921+0800: 4.725: [GC (Allocation Failure) 2024-07-16T18:26:17.921+0800: 4.725: [ParNew: 5233K->8K(6144K), 0.0004435 secs] 16686K->12485K(19840K), 0.0004883 secs] [Times: user=0.00 sys=0.00, real=0.00 secs] 
Heap after GC invocations=609 (full 76):
 par new generation   total 6144K, used 8K [0x00000000fec00000, 0x00000000ff2a0000, 0x00000000ff2a0000)
  eden space 5504K,   0% used [0x00000000fec00000, 0x00000000fec00000, 0x00000000ff160000)
  from space 640K,   1% used [0x00000000ff160000, 0x00000000ff162040, 0x00000000ff200000)
  to   space 640K,   0% used [0x00000000ff200000, 0x00000000ff200000, 0x00000000ff2a0000)
 concurrent mark-sweep generation total 13696K, used 12477K [0x00000000ff2a0000, 0x0000000100000000, 0x0000000100000000)
 Metaspace       used 5073K, capacity 5258K, committed 5504K, reserved 1056768K
  class space    used 557K, capacity 597K, committed 640K, reserved 1048576K
}
{Heap before GC invocations=609 (full 76):
 par new generation   total 6144K, used 5234K [0x00000000fec00000, 0x00000000ff2a0000, 0x00000000ff2a0000)
  eden space 5504K,  94% used [0x00000000fec00000, 0x00000000ff11ab00, 0x00000000ff160000)
  from space 640K,   1% used [0x00000000ff160000, 0x00000000ff162040, 0x00000000ff200000)
  to   space 640K,   0% used [0x00000000ff200000, 0x00000000ff200000, 0x00000000ff2a0000)
 concurrent mark-sweep generation total 13696K, used 12477K [0x00000000ff2a0000, 0x0000000100000000, 0x0000000100000000)
 Metaspace       used 5073K, capacity 5258K, committed 5504K, reserved 1056768K
  class space    used 557K, capacity 597K, committed 640K, reserved 1048576K
2024-07-16T18:26:17.927+0800: 4.730: [GC (Allocation Failure) 2024-07-16T18:26:17.927+0800: 4.730: [ParNew (promotion failed): 5234K->5236K(6144K), 0.0003322 secs]2024-07-16T18:26:17.927+0800: 4.731: [CMS2024-07-16T18:26:17.927+0800: 4.731: [CMS-concurrent-abortable-preclean: 0.000/0.016 secs] [Times: user=0.00 sys=0.00, real=0.02 secs] 
 (concurrent mode failure): 12477K->2220K(13696K), 0.0025336 secs] 17711K->2220K(19840K), [Metaspace: 5073K->5073K(1056768K)], 0.0029253 secs] [Times: user=0.00 sys=0.00, real=0.00 secs] 
Heap after GC invocations=610 (full 77):
 par new generation   total 6144K, used 0K [0x00000000fec00000, 0x00000000ff2a0000, 0x00000000ff2a0000)
  eden space 5504K,   0% used [0x00000000fec00000, 0x00000000fec00000, 0x00000000ff160000)
  from space 640K,   0% used [0x00000000ff200000, 0x00000000ff200000, 0x00000000ff2a0000)
  to   space 640K,   0% used [0x00000000ff160000, 0x00000000ff160000, 0x00000000ff200000)
 concurrent mark-sweep generation total 13696K, used 2220K [0x00000000ff2a0000, 0x0000000100000000, 0x0000000100000000)
 Metaspace       used 5073K, capacity 5258K, committed 5504K, reserved 1056768K
  class space    used 557K, capacity 597K, committed 640K, reserved 1048576K
}
{Heap before GC invocations=610 (full 77):
 par new generation   total 6144K, used 5227K [0x00000000fec00000, 0x00000000ff2a0000, 0x00000000ff2a0000)
  eden space 5504K,  94% used [0x00000000fec00000, 0x00000000ff11af78, 0x00000000ff160000)
  from space 640K,   0% used [0x00000000ff200000, 0x00000000ff200000, 0x00000000ff2a0000)
  to   space 640K,   0% used [0x00000000ff160000, 0x00000000ff160000, 0x00000000ff200000)
 concurrent mark-sweep generation total 13696K, used 2220K [0x00000000ff2a0000, 0x0000000100000000, 0x0000000100000000)
 Metaspace       used 5073K, capacity 5258K, committed 5504K, reserved 1056768K
  class space    used 557K, capacity 597K, committed 640K, reserved 1048576K
2024-07-16T18:26:17.934+0800: 4.738: [GC (Allocation Failure) 2024-07-16T18:26:17.934+0800: 4.738: [ParNew: 5227K->8K(6144K), 0.0003660 secs] 7448K->3254K(19840K), 0.0004044 secs] [Times: user=0.00 sys=0.00, real=0.00 secs] 
Heap after GC invocations=611 (full 77):
 par new generation   total 6144K, used 8K [0x00000000fec00000, 0x00000000ff2a0000, 0x00000000ff2a0000)
  eden space 5504K,   0% used [0x00000000fec00000, 0x00000000fec00000, 0x00000000ff160000)
  from space 640K,   1% used [0x00000000ff160000, 0x00000000ff162040, 0x00000000ff200000)
  to   space 640K,   0% used [0x00000000ff200000, 0x00000000ff200000, 0x00000000ff2a0000)
 concurrent mark-sweep generation total 13696K, used 3246K [0x00000000ff2a0000, 0x0000000100000000, 0x0000000100000000)
 Metaspace       used 5073K, capacity 5258K, committed 5504K, reserved 1056768K
  class space    used 557K, capacity 597K, committed 640K, reserved 1048576K
}
{Heap before GC invocations=611 (full 77):
 par new generation   total 6144K, used 5236K [0x00000000fec00000, 0x00000000ff2a0000, 0x00000000ff2a0000)
  eden space 5504K,  94% used [0x00000000fec00000, 0x00000000ff11b258, 0x00000000ff160000)
  from space 640K,   1% used [0x00000000ff160000, 0x00000000ff162040, 0x00000000ff200000)
  to   space 640K,   0% used [0x00000000ff200000, 0x00000000ff200000, 0x00000000ff2a0000)
 concurrent mark-sweep generation total 13696K, used 3246K [0x00000000ff2a0000, 0x0000000100000000, 0x0000000100000000)
 Metaspace       used 5073K, capacity 5258K, committed 5504K, reserved 1056768K
  class space    used 557K, capacity 597K, committed 640K, reserved 1048576K
2024-07-16T18:26:17.942+0800: 4.746: [GC (Allocation Failure) 2024-07-16T18:26:17.942+0800: 4.746: [ParNew: 5236K->4K(6144K), 0.0003042 secs] 8483K->3250K(19840K), 0.0003479 secs] [Times: user=0.00 sys=0.00, real=0.00 secs] 
Heap after GC invocations=612 (full 77):
 par new generation   total 6144K, used 4K [0x00000000fec00000, 0x00000000ff2a0000, 0x00000000ff2a0000)
  eden space 5504K,   0% used [0x00000000fec00000, 0x00000000fec00000, 0x00000000ff160000)
  from space 640K,   0% used [0x00000000ff200000, 0x00000000ff201020, 0x00000000ff2a0000)
  to   space 640K,   0% used [0x00000000ff160000, 0x00000000ff160000, 0x00000000ff200000)
 concurrent mark-sweep generation total 13696K, used 3246K [0x00000000ff2a0000, 0x0000000100000000, 0x0000000100000000)
 Metaspace       used 5073K, capacity 5258K, committed 5504K, reserved 1056768K
  class space    used 557K, capacity 597K, committed 640K, reserved 1048576K
}
{Heap before GC invocations=612 (full 77):
 par new generation   total 6144K, used 5233K [0x00000000fec00000, 0x00000000ff2a0000, 0x00000000ff2a0000)
  eden space 5504K,  95% used [0x00000000fec00000, 0x00000000ff11b428, 0x00000000ff160000)
  from space 640K,   0% used [0x00000000ff200000, 0x00000000ff201020, 0x00000000ff2a0000)
  to   space 640K,   0% used [0x00000000ff160000, 0x00000000ff160000, 0x00000000ff200000)
 concurrent mark-sweep generation total 13696K, used 3246K [0x00000000ff2a0000, 0x0000000100000000, 0x0000000100000000)
 Metaspace       used 5073K, capacity 5258K, committed 5504K, reserved 1056768K
  class space    used 557K, capacity 597K, committed 640K, reserved 1048576K
2024-07-16T18:26:17.950+0800: 4.754: [GC (Allocation Failure) 2024-07-16T18:26:17.950+0800: 4.754: [ParNew: 5233K->8K(6144K), 0.0003692 secs] 8479K->4280K(19840K), 0.0004026 secs] [Times: user=0.00 sys=0.00, real=0.00 secs] 
Heap after GC invocations=613 (full 77):
 par new generation   total 6144K, used 8K [0x00000000fec00000, 0x00000000ff2a0000, 0x00000000ff2a0000)
  eden space 5504K,   0% used [0x00000000fec00000, 0x00000000fec00000, 0x00000000ff160000)
  from space 640K,   1% used [0x00000000ff160000, 0x00000000ff162040, 0x00000000ff200000)
  to   space 640K,   0% used [0x00000000ff200000, 0x00000000ff200000, 0x00000000ff2a0000)
 concurrent mark-sweep generation total 13696K, used 4272K [0x00000000ff2a0000, 0x0000000100000000, 0x0000000100000000)
 Metaspace       used 5073K, capacity 5258K, committed 5504K, reserved 1056768K
  class space    used 557K, capacity 597K, committed 640K, reserved 1048576K
}
{Heap before GC invocations=613 (full 77):
 par new generation   total 6144K, used 5237K [0x00000000fec00000, 0x00000000ff2a0000, 0x00000000ff2a0000)
  eden space 5504K,  95% used [0x00000000fec00000, 0x00000000ff11b558, 0x00000000ff160000)
  from space 640K,   1% used [0x00000000ff160000, 0x00000000ff162040, 0x00000000ff200000)
  to   space 640K,   0% used [0x00000000ff200000, 0x00000000ff200000, 0x00000000ff2a0000)
 concurrent mark-sweep generation total 13696K, used 4272K [0x00000000ff2a0000, 0x0000000100000000, 0x0000000100000000)
 Metaspace       used 5073K, capacity 5258K, committed 5504K, reserved 1056768K
  class space    used 557K, capacity 597K, committed 640K, reserved 1048576K
2024-07-16T18:26:17.956+0800: 4.760: [GC (Allocation Failure) 2024-07-16T18:26:17.956+0800: 4.760: [ParNew: 5237K->6K(6144K), 0.0004460 secs] 9510K->5304K(19840K), 0.0004843 secs] [Times: user=0.00 sys=0.00, real=0.00 secs] 
Heap after GC invocations=614 (full 77):
 par new generation   total 6144K, used 6K [0x00000000fec00000, 0x00000000ff2a0000, 0x00000000ff2a0000)
  eden space 5504K,   0% used [0x00000000fec00000, 0x00000000fec00000, 0x00000000ff160000)
  from space 640K,   0% used [0x00000000ff200000, 0x00000000ff201830, 0x00000000ff2a0000)
  to   space 640K,   0% used [0x00000000ff160000, 0x00000000ff160000, 0x00000000ff200000)
 concurrent mark-sweep generation total 13696K, used 5298K [0x00000000ff2a0000, 0x0000000100000000, 0x0000000100000000)
 Metaspace       used 5073K, capacity 5258K, committed 5504K, reserved 1056768K
  class space    used 557K, capacity 597K, committed 640K, reserved 1048576K
}
2024-07-16T18:26:17.956+0800: 4.760: [GC (CMS Initial Mark) [1 CMS-initial-mark: 5298K(13696K)] 6329K(19840K), 0.0001131 secs] [Times: user=0.00 sys=0.00, real=0.00 secs] 
2024-07-16T18:26:17.956+0800: 4.760: [CMS-concurrent-mark-start]
2024-07-16T18:26:17.958+0800: 4.762: [CMS-concurrent-mark: 0.001/0.001 secs] [Times: user=0.00 sys=0.00, real=0.00 secs] 
2024-07-16T18:26:17.958+0800: 4.762: [CMS-concurrent-preclean-start]
2024-07-16T18:26:17.958+0800: 4.762: [CMS-concurrent-preclean: 0.000/0.000 secs] [Times: user=0.00 sys=0.00, real=0.00 secs] 
2024-07-16T18:26:17.958+0800: 4.762: [CMS-concurrent-abortable-preclean-start]
{Heap before GC invocations=614 (full 78):
 par new generation   total 6144K, used 5235K [0x00000000fec00000, 0x00000000ff2a0000, 0x00000000ff2a0000)
  eden space 5504K,  95% used [0x00000000fec00000, 0x00000000ff11b620, 0x00000000ff160000)
  from space 640K,   0% used [0x00000000ff200000, 0x00000000ff201830, 0x00000000ff2a0000)
  to   space 640K,   0% used [0x00000000ff160000, 0x00000000ff160000, 0x00000000ff200000)
 concurrent mark-sweep generation total 13696K, used 5298K [0x00000000ff2a0000, 0x0000000100000000, 0x0000000100000000)
 Metaspace       used 5073K, capacity 5258K, committed 5504K, reserved 1056768K
  class space    used 557K, capacity 597K, committed 640K, reserved 1048576K
2024-07-16T18:26:17.963+0800: 4.767: [GC (Allocation Failure) 2024-07-16T18:26:17.963+0800: 4.767: [ParNew: 5235K->6K(6144K), 0.0003967 secs] 10534K->6329K(19840K), 0.0004294 secs] [Times: user=0.00 sys=0.00, real=0.00 secs] 
Heap after GC invocations=615 (full 78):
 par new generation   total 6144K, used 6K [0x00000000fec00000, 0x00000000ff2a0000, 0x00000000ff2a0000)
  eden space 5504K,   0% used [0x00000000fec00000, 0x00000000fec00000, 0x00000000ff160000)
  from space 640K,   0% used [0x00000000ff160000, 0x00000000ff161830, 0x00000000ff200000)
  to   space 640K,   0% used [0x00000000ff200000, 0x00000000ff200000, 0x00000000ff2a0000)
 concurrent mark-sweep generation total 13696K, used 6322K [0x00000000ff2a0000, 0x0000000100000000, 0x0000000100000000)
 Metaspace       used 5073K, capacity 5258K, committed 5504K, reserved 1056768K
  class space    used 557K, capacity 597K, committed 640K, reserved 1048576K
}
{Heap before GC invocations=615 (full 78):
 par new generation   total 6144K, used 5235K [0x00000000fec00000, 0x00000000ff2a0000, 0x00000000ff2a0000)
  eden space 5504K,  95% used [0x00000000fec00000, 0x00000000ff11b698, 0x00000000ff160000)
  from space 640K,   0% used [0x00000000ff160000, 0x00000000ff161830, 0x00000000ff200000)
  to   space 640K,   0% used [0x00000000ff200000, 0x00000000ff200000, 0x00000000ff2a0000)
 concurrent mark-sweep generation total 13696K, used 6322K [0x00000000ff2a0000, 0x0000000100000000, 0x0000000100000000)
 Metaspace       used 5073K, capacity 5258K, committed 5504K, reserved 1056768K
  class space    used 557K, capacity 597K, committed 640K, reserved 1048576K
2024-07-16T18:26:17.970+0800: 4.774: [GC (Allocation Failure) 2024-07-16T18:26:17.970+0800: 4.774: [ParNew: 5235K->2K(6144K), 0.0004497 secs] 11558K->6324K(19840K), 0.0005115 secs] [Times: user=0.00 sys=0.00, real=0.00 secs] 
Heap after GC invocations=616 (full 78):
 par new generation   total 6144K, used 2K [0x00000000fec00000, 0x00000000ff2a0000, 0x00000000ff2a0000)
  eden space 5504K,   0% used [0x00000000fec00000, 0x00000000fec00000, 0x00000000ff160000)
  from space 640K,   0% used [0x00000000ff200000, 0x00000000ff200810, 0x00000000ff2a0000)
  to   space 640K,   0% used [0x00000000ff160000, 0x00000000ff160000, 0x00000000ff200000)
 concurrent mark-sweep generation total 13696K, used 6322K [0x00000000ff2a0000, 0x0000000100000000, 0x0000000100000000)
 Metaspace       used 5073K, capacity 5258K, committed 5504K, reserved 1056768K
  class space    used 557K, capacity 597K, committed 640K, reserved 1048576K
}
{Heap before GC invocations=616 (full 78):
 par new generation   total 6144K, used 5231K [0x00000000fec00000, 0x00000000ff2a0000, 0x00000000ff2a0000)
  eden space 5504K,  95% used [0x00000000fec00000, 0x00000000ff11b6e8, 0x00000000ff160000)
  from space 640K,   0% used [0x00000000ff200000, 0x00000000ff200810, 0x00000000ff2a0000)
  to   space 640K,   0% used [0x00000000ff160000, 0x00000000ff160000, 0x00000000ff200000)
 concurrent mark-sweep generation total 13696K, used 6322K [0x00000000ff2a0000, 0x0000000100000000, 0x0000000100000000)
 Metaspace       used 5073K, capacity 5258K, committed 5504K, reserved 1056768K
  class space    used 557K, capacity 597K, committed 640K, reserved 1048576K
2024-07-16T18:26:17.977+0800: 4.781: [GC (Allocation Failure) 2024-07-16T18:26:17.977+0800: 4.781: [ParNew: 5231K->8K(6144K), 0.0004254 secs] 11554K->7355K(19840K), 0.0004760 secs] [Times: user=0.00 sys=0.00, real=0.00 secs] 
Heap after GC invocations=617 (full 78):
 par new generation   total 6144K, used 8K [0x00000000fec00000, 0x00000000ff2a0000, 0x00000000ff2a0000)
  eden space 5504K,   0% used [0x00000000fec00000, 0x00000000fec00000, 0x00000000ff160000)
  from space 640K,   1% used [0x00000000ff160000, 0x00000000ff162040, 0x00000000ff200000)
  to   space 640K,   0% used [0x00000000ff200000, 0x00000000ff200000, 0x00000000ff2a0000)
 concurrent mark-sweep generation total 13696K, used 7346K [0x00000000ff2a0000, 0x0000000100000000, 0x0000000100000000)
 Metaspace       used 5073K, capacity 5258K, committed 5504K, reserved 1056768K
  class space    used 557K, capacity 597K, committed 640K, reserved 1048576K
}
{Heap before GC invocations=617 (full 78):
 par new generation   total 6144K, used 5237K [0x00000000fec00000, 0x00000000ff2a0000, 0x00000000ff2a0000)
  eden space 5504K,  95% used [0x00000000fec00000, 0x00000000ff11b720, 0x00000000ff160000)
  from space 640K,   1% used [0x00000000ff160000, 0x00000000ff162040, 0x00000000ff200000)
  to   space 640K,   0% used [0x00000000ff200000, 0x00000000ff200000, 0x00000000ff2a0000)
 concurrent mark-sweep generation total 13696K, used 7346K [0x00000000ff2a0000, 0x0000000100000000, 0x0000000100000000)
 Metaspace       used 5073K, capacity 5258K, committed 5504K, reserved 1056768K
  class space    used 557K, capacity 597K, committed 640K, reserved 1048576K
2024-07-16T18:26:17.983+0800: 4.787: [GC (Allocation Failure) 2024-07-16T18:26:17.983+0800: 4.787: [ParNew: 5237K->10K(6144K), 0.0003609 secs] 12584K->8383K(19840K), 0.0003905 secs] [Times: user=0.00 sys=0.00, real=0.00 secs] 
Heap after GC invocations=618 (full 78):
 par new generation   total 6144K, used 10K [0x00000000fec00000, 0x00000000ff2a0000, 0x00000000ff2a0000)
  eden space 5504K,   0% used [0x00000000fec00000, 0x00000000fec00000, 0x00000000ff160000)
  from space 640K,   1% used [0x00000000ff200000, 0x00000000ff202850, 0x00000000ff2a0000)
  to   space 640K,   0% used [0x00000000ff160000, 0x00000000ff160000, 0x00000000ff200000)
 concurrent mark-sweep generation total 13696K, used 8373K [0x00000000ff2a0000, 0x0000000100000000, 0x0000000100000000)
 Metaspace       used 5073K, capacity 5258K, committed 5504K, reserved 1056768K
  class space    used 557K, capacity 597K, committed 640K, reserved 1048576K
}
{Heap before GC invocations=618 (full 78):
 par new generation   total 6144K, used 5239K [0x00000000fec00000, 0x00000000ff2a0000, 0x00000000ff2a0000)
  eden space 5504K,  95% used [0x00000000fec00000, 0x00000000ff11b740, 0x00000000ff160000)
  from space 640K,   1% used [0x00000000ff200000, 0x00000000ff202850, 0x00000000ff2a0000)
  to   space 640K,   0% used [0x00000000ff160000, 0x00000000ff160000, 0x00000000ff200000)
 concurrent mark-sweep generation total 13696K, used 8373K [0x00000000ff2a0000, 0x0000000100000000, 0x0000000100000000)
 Metaspace       used 5073K, capacity 5258K, committed 5504K, reserved 1056768K
  class space    used 557K, capacity 597K, committed 640K, reserved 1048576K
2024-07-16T18:26:17.991+0800: 4.795: [GC (Allocation Failure) 2024-07-16T18:26:17.991+0800: 4.795: [ParNew: 5239K->4K(6144K), 0.0003325 secs] 13612K->8377K(19840K), 0.0004396 secs] [Times: user=0.00 sys=0.00, real=0.00 secs] 
Heap after GC invocations=619 (full 78):
 par new generation   total 6144K, used 4K [0x00000000fec00000, 0x00000000ff2a0000, 0x00000000ff2a0000)
  eden space 5504K,   0% used [0x00000000fec00000, 0x00000000fec00000, 0x00000000ff160000)
  from space 640K,   0% used [0x00000000ff160000, 0x00000000ff161020, 0x00000000ff200000)
  to   space 640K,   0% used [0x00000000ff200000, 0x00000000ff200000, 0x00000000ff2a0000)
 concurrent mark-sweep generation total 13696K, used 8373K [0x00000000ff2a0000, 0x0000000100000000, 0x0000000100000000)
 Metaspace       used 5073K, capacity 5258K, committed 5504K, reserved 1056768K
  class space    used 557K, capacity 597K, committed 640K, reserved 1048576K
}
{Heap before GC invocations=619 (full 78):
 par new generation   total 6144K, used 5233K [0x00000000fec00000, 0x00000000ff2a0000, 0x00000000ff2a0000)
  eden space 5504K,  95% used [0x00000000fec00000, 0x00000000ff11b758, 0x00000000ff160000)
  from space 640K,   0% used [0x00000000ff160000, 0x00000000ff161020, 0x00000000ff200000)
  to   space 640K,   0% used [0x00000000ff200000, 0x00000000ff200000, 0x00000000ff2a0000)
 concurrent mark-sweep generation total 13696K, used 8373K [0x00000000ff2a0000, 0x0000000100000000, 0x0000000100000000)
 Metaspace       used 5073K, capacity 5258K, committed 5504K, reserved 1056768K
  class space    used 557K, capacity 597K, committed 640K, reserved 1048576K
2024-07-16T18:26:17.999+0800: 4.803: [GC (Allocation Failure) 2024-07-16T18:26:17.999+0800: 4.803: [ParNew: 5233K->4K(6144K), 0.0002982 secs] 13606K->8377K(19840K), 0.0003474 secs] [Times: user=0.00 sys=0.00, real=0.00 secs] 
Heap after GC invocations=620 (full 78):
 par new generation   total 6144K, used 4K [0x00000000fec00000, 0x00000000ff2a0000, 0x00000000ff2a0000)
  eden space 5504K,   0% used [0x00000000fec00000, 0x00000000fec00000, 0x00000000ff160000)
  from space 640K,   0% used [0x00000000ff200000, 0x00000000ff201020, 0x00000000ff2a0000)
  to   space 640K,   0% used [0x00000000ff160000, 0x00000000ff160000, 0x00000000ff200000)
 concurrent mark-sweep generation total 13696K, used 8373K [0x00000000ff2a0000, 0x0000000100000000, 0x0000000100000000)
 Metaspace       used 5073K, capacity 5258K, committed 5504K, reserved 1056768K
  class space    used 557K, capacity 597K, committed 640K, reserved 1048576K
}
{Heap before GC invocations=620 (full 78):
 par new generation   total 6144K, used 5233K [0x00000000fec00000, 0x00000000ff2a0000, 0x00000000ff2a0000)
  eden space 5504K,  95% used [0x00000000fec00000, 0x00000000ff11b768, 0x00000000ff160000)
  from space 640K,   0% used [0x00000000ff200000, 0x00000000ff201020, 0x00000000ff2a0000)
  to   space 640K,   0% used [0x00000000ff160000, 0x00000000ff160000, 0x00000000ff200000)
 concurrent mark-sweep generation total 13696K, used 8373K [0x00000000ff2a0000, 0x0000000100000000, 0x0000000100000000)
 Metaspace       used 5073K, capacity 5258K, committed 5504K, reserved 1056768K
  class space    used 557K, capacity 597K, committed 640K, reserved 1048576K
2024-07-16T18:26:18.005+0800: 4.809: [GC (Allocation Failure) 2024-07-16T18:26:18.005+0800: 4.809: [ParNew: 5233K->6K(6144K), 0.0003579 secs] 13606K->9405K(19840K), 0.0003964 secs] [Times: user=0.00 sys=0.00, real=0.00 secs] 
Heap after GC invocations=621 (full 78):
 par new generation   total 6144K, used 6K [0x00000000fec00000, 0x00000000ff2a0000, 0x00000000ff2a0000)
  eden space 5504K,   0% used [0x00000000fec00000, 0x00000000fec00000, 0x00000000ff160000)
  from space 640K,   0% used [0x00000000ff160000, 0x00000000ff161830, 0x00000000ff200000)
  to   space 640K,   0% used [0x00000000ff200000, 0x00000000ff200000, 0x00000000ff2a0000)
 concurrent mark-sweep generation total 13696K, used 9399K [0x00000000ff2a0000, 0x0000000100000000, 0x0000000100000000)
 Metaspace       used 5073K, capacity 5258K, committed 5504K, reserved 1056768K
  class space    used 557K, capacity 597K, committed 640K, reserved 1048576K
}
{Heap before GC invocations=621 (full 78):
 par new generation   total 6144K, used 5235K [0x00000000fec00000, 0x00000000ff2a0000, 0x00000000ff2a0000)
  eden space 5504K,  95% used [0x00000000fec00000, 0x00000000ff11b770, 0x00000000ff160000)
  from space 640K,   0% used [0x00000000ff160000, 0x00000000ff161830, 0x00000000ff200000)
  to   space 640K,   0% used [0x00000000ff200000, 0x00000000ff200000, 0x00000000ff2a0000)
 concurrent mark-sweep generation total 13696K, used 9399K [0x00000000ff2a0000, 0x0000000100000000, 0x0000000100000000)
 Metaspace       used 5073K, capacity 5258K, committed 5504K, reserved 1056768K
  class space    used 557K, capacity 597K, committed 640K, reserved 1048576K
2024-07-16T18:26:18.014+0800: 4.818: [GC (Allocation Failure) 2024-07-16T18:26:18.014+0800: 4.818: [ParNew: 5235K->4K(6144K), 0.0002999 secs] 14635K->9403K(19840K), 0.0003438 secs] [Times: user=0.00 sys=0.00, real=0.00 secs] 
Heap after GC invocations=622 (full 78):
 par new generation   total 6144K, used 4K [0x00000000fec00000, 0x00000000ff2a0000, 0x00000000ff2a0000)
  eden space 5504K,   0% used [0x00000000fec00000, 0x00000000fec00000, 0x00000000ff160000)
  from space 640K,   0% used [0x00000000ff200000, 0x00000000ff201020, 0x00000000ff2a0000)
  to   space 640K,   0% used [0x00000000ff160000, 0x00000000ff160000, 0x00000000ff200000)
 concurrent mark-sweep generation total 13696K, used 9399K [0x00000000ff2a0000, 0x0000000100000000, 0x0000000100000000)
 Metaspace       used 5073K, capacity 5258K, committed 5504K, reserved 1056768K
  class space    used 557K, capacity 597K, committed 640K, reserved 1048576K
}
{Heap before GC invocations=622 (full 78):
 par new generation   total 6144K, used 5233K [0x00000000fec00000, 0x00000000ff2a0000, 0x00000000ff2a0000)
  eden space 5504K,  95% used [0x00000000fec00000, 0x00000000ff11b770, 0x00000000ff160000)
  from space 640K,   0% used [0x00000000ff200000, 0x00000000ff201020, 0x00000000ff2a0000)
  to   space 640K,   0% used [0x00000000ff160000, 0x00000000ff160000, 0x00000000ff200000)
 concurrent mark-sweep generation total 13696K, used 9399K [0x00000000ff2a0000, 0x0000000100000000, 0x0000000100000000)
 Metaspace       used 5073K, capacity 5258K, committed 5504K, reserved 1056768K
  class space    used 557K, capacity 597K, committed 640K, reserved 1048576K
2024-07-16T18:26:18.022+0800: 4.826: [GC (Allocation Failure) 2024-07-16T18:26:18.022+0800: 4.826: [ParNew: 5233K->4K(6144K), 0.0008865 secs] 14632K->9403K(19840K), 0.0009814 secs] [Times: user=0.00 sys=0.00, real=0.00 secs] 
Heap after GC invocations=623 (full 78):
 par new generation   total 6144K, used 4K [0x00000000fec00000, 0x00000000ff2a0000, 0x00000000ff2a0000)
  eden space 5504K,   0% used [0x00000000fec00000, 0x00000000fec00000, 0x00000000ff160000)
  from space 640K,   0% used [0x00000000ff160000, 0x00000000ff161020, 0x00000000ff200000)
  to   space 640K,   0% used [0x00000000ff200000, 0x00000000ff200000, 0x00000000ff2a0000)
 concurrent mark-sweep generation total 13696K, used 9399K [0x00000000ff2a0000, 0x0000000100000000, 0x0000000100000000)
 Metaspace       used 5073K, capacity 5258K, committed 5504K, reserved 1056768K
  class space    used 557K, capacity 597K, committed 640K, reserved 1048576K
}
{Heap before GC invocations=623 (full 78):
 par new generation   total 6144K, used 5233K [0x00000000fec00000, 0x00000000ff2a0000, 0x00000000ff2a0000)
  eden space 5504K,  95% used [0x00000000fec00000, 0x00000000ff11b778, 0x00000000ff160000)
  from space 640K,   0% used [0x00000000ff160000, 0x00000000ff161020, 0x00000000ff200000)
  to   space 640K,   0% used [0x00000000ff200000, 0x00000000ff200000, 0x00000000ff2a0000)
 concurrent mark-sweep generation total 13696K, used 9399K [0x00000000ff2a0000, 0x0000000100000000, 0x0000000100000000)
 Metaspace       used 5073K, capacity 5258K, committed 5504K, reserved 1056768K
  class space    used 557K, capacity 597K, committed 640K, reserved 1048576K
2024-07-16T18:26:18.030+0800: 4.834: [GC (Allocation Failure) 2024-07-16T18:26:18.030+0800: 4.834: [ParNew: 5233K->8K(6144K), 0.0009274 secs] 14632K->10431K(19840K), 0.0010321 secs] [Times: user=0.00 sys=0.00, real=0.00 secs] 
Heap after GC invocations=624 (full 78):
 par new generation   total 6144K, used 8K [0x00000000fec00000, 0x00000000ff2a0000, 0x00000000ff2a0000)
  eden space 5504K,   0% used [0x00000000fec00000, 0x00000000fec00000, 0x00000000ff160000)
  from space 640K,   1% used [0x00000000ff200000, 0x00000000ff202040, 0x00000000ff2a0000)
  to   space 640K,   0% used [0x00000000ff160000, 0x00000000ff160000, 0x00000000ff200000)
 concurrent mark-sweep generation total 13696K, used 10423K [0x00000000ff2a0000, 0x0000000100000000, 0x0000000100000000)
 Metaspace       used 5073K, capacity 5258K, committed 5504K, reserved 1056768K
  class space    used 557K, capacity 597K, committed 640K, reserved 1048576K
}
{Heap before GC invocations=624 (full 78):
 par new generation   total 6144K, used 5237K [0x00000000fec00000, 0x00000000ff2a0000, 0x00000000ff2a0000)
  eden space 5504K,  95% used [0x00000000fec00000, 0x00000000ff11b778, 0x00000000ff160000)
  from space 640K,   1% used [0x00000000ff200000, 0x00000000ff202040, 0x00000000ff2a0000)
  to   space 640K,   0% used [0x00000000ff160000, 0x00000000ff160000, 0x00000000ff200000)
 concurrent mark-sweep generation total 13696K, used 10423K [0x00000000ff2a0000, 0x0000000100000000, 0x0000000100000000)
 Metaspace       used 5073K, capacity 5258K, committed 5504K, reserved 1056768K
  class space    used 557K, capacity 597K, committed 640K, reserved 1048576K
2024-07-16T18:26:18.039+0800: 4.843: [GC (Allocation Failure) 2024-07-16T18:26:18.039+0800: 4.843: [ParNew: 5237K->10K(6144K), 0.0003756 secs] 15661K->11459K(19840K), 0.0004230 secs] [Times: user=0.00 sys=0.00, real=0.00 secs] 
Heap after GC invocations=625 (full 78):
 par new generation   total 6144K, used 10K [0x00000000fec00000, 0x00000000ff2a0000, 0x00000000ff2a0000)
  eden space 5504K,   0% used [0x00000000fec00000, 0x00000000fec00000, 0x00000000ff160000)
  from space 640K,   1% used [0x00000000ff160000, 0x00000000ff162850, 0x00000000ff200000)
  to   space 640K,   0% used [0x00000000ff200000, 0x00000000ff200000, 0x00000000ff2a0000)
 concurrent mark-sweep generation total 13696K, used 11449K [0x00000000ff2a0000, 0x0000000100000000, 0x0000000100000000)
 Metaspace       used 5073K, capacity 5258K, committed 5504K, reserved 1056768K
  class space    used 557K, capacity 597K, committed 640K, reserved 1048576K
}
{Heap before GC invocations=625 (full 78):
 par new generation   total 6144K, used 5239K [0x00000000fec00000, 0x00000000ff2a0000, 0x00000000ff2a0000)
  eden space 5504K,  95% used [0x00000000fec00000, 0x00000000ff11b778, 0x00000000ff160000)
  from space 640K,   1% used [0x00000000ff160000, 0x00000000ff162850, 0x00000000ff200000)
  to   space 640K,   0% used [0x00000000ff200000, 0x00000000ff200000, 0x00000000ff2a0000)
 concurrent mark-sweep generation total 13696K, used 11449K [0x00000000ff2a0000, 0x0000000100000000, 0x0000000100000000)
 Metaspace       used 5073K, capacity 5258K, committed 5504K, reserved 1056768K
  class space    used 557K, capacity 597K, committed 640K, reserved 1048576K
2024-07-16T18:26:18.047+0800: 4.851: [GC (Allocation Failure) 2024-07-16T18:26:18.047+0800: 4.851: [ParNew: 5239K->4K(6144K), 0.0003038 secs] 16689K->11453K(19840K), 0.0003511 secs] [Times: user=0.00 sys=0.00, real=0.00 secs] 
Heap after GC invocations=626 (full 78):
 par new generation   total 6144K, used 4K [0x00000000fec00000, 0x00000000ff2a0000, 0x00000000ff2a0000)
  eden space 5504K,   0% used [0x00000000fec00000, 0x00000000fec00000, 0x00000000ff160000)
  from space 640K,   0% used [0x00000000ff200000, 0x00000000ff201020, 0x00000000ff2a0000)
  to   space 640K,   0% used [0x00000000ff160000, 0x00000000ff160000, 0x00000000ff200000)
 concurrent mark-sweep generation total 13696K, used 11449K [0x00000000ff2a0000, 0x0000000100000000, 0x0000000100000000)
 Metaspace       used 5073K, capacity 5258K, committed 5504K, reserved 1056768K
  class space    used 557K, capacity 597K, committed 640K, reserved 1048576K
}
{Heap before GC invocations=626 (full 78):
 par new generation   total 6144K, used 5233K [0x00000000fec00000, 0x00000000ff2a0000, 0x00000000ff2a0000)
  eden space 5504K,  95% used [0x00000000fec00000, 0x00000000ff11b778, 0x00000000ff160000)
  from space 640K,   0% used [0x00000000ff200000, 0x00000000ff201020, 0x00000000ff2a0000)
  to   space 640K,   0% used [0x00000000ff160000, 0x00000000ff160000, 0x00000000ff200000)
 concurrent mark-sweep generation total 13696K, used 11449K [0x00000000ff2a0000, 0x0000000100000000, 0x0000000100000000)
 Metaspace       used 5073K, capacity 5258K, committed 5504K, reserved 1056768K
  class space    used 557K, capacity 597K, committed 640K, reserved 1048576K
2024-07-16T18:26:18.054+0800: 4.858: [GC (Allocation Failure) 2024-07-16T18:26:18.054+0800: 4.858: [ParNew: 5233K->4K(6144K), 0.0009312 secs] 16683K->11453K(19840K), 0.0010766 secs] [Times: user=0.00 sys=0.00, real=0.00 secs] 
Heap after GC invocations=627 (full 78):
 par new generation   total 6144K, used 4K [0x00000000fec00000, 0x00000000ff2a0000, 0x00000000ff2a0000)
  eden space 5504K,   0% used [0x00000000fec00000, 0x00000000fec00000, 0x00000000ff160000)
  from space 640K,   0% used [0x00000000ff160000, 0x00000000ff161020, 0x00000000ff200000)
  to   space 640K,   0% used [0x00000000ff200000, 0x00000000ff200000, 0x00000000ff2a0000)
 concurrent mark-sweep generation total 13696K, used 11449K [0x00000000ff2a0000, 0x0000000100000000, 0x0000000100000000)
 Metaspace       used 5073K, capacity 5258K, committed 5504K, reserved 1056768K
  class space    used 557K, capacity 597K, committed 640K, reserved 1048576K
}
{Heap before GC invocations=627 (full 78):
 par new generation   total 6144K, used 5233K [0x00000000fec00000, 0x00000000ff2a0000, 0x00000000ff2a0000)
  eden space 5504K,  95% used [0x00000000fec00000, 0x00000000ff11b778, 0x00000000ff160000)
  from space 640K,   0% used [0x00000000ff160000, 0x00000000ff161020, 0x00000000ff200000)
  to   space 640K,   0% used [0x00000000ff200000, 0x00000000ff200000, 0x00000000ff2a0000)
 concurrent mark-sweep generation total 13696K, used 11449K [0x00000000ff2a0000, 0x0000000100000000, 0x0000000100000000)
 Metaspace       used 5073K, capacity 5258K, committed 5504K, reserved 1056768K
  class space    used 557K, capacity 597K, committed 640K, reserved 1048576K
2024-07-16T18:26:18.062+0800: 4.866: [GC (Allocation Failure) 2024-07-16T18:26:18.062+0800: 4.866: [ParNew: 5233K->10K(6144K), 0.0007853 secs] 16683K->12485K(19840K), 0.0009012 secs] [Times: user=0.00 sys=0.00, real=0.00 secs] 
Heap after GC invocations=628 (full 78):
 par new generation   total 6144K, used 10K [0x00000000fec00000, 0x00000000ff2a0000, 0x00000000ff2a0000)
  eden space 5504K,   0% used [0x00000000fec00000, 0x00000000fec00000, 0x00000000ff160000)
  from space 640K,   1% used [0x00000000ff200000, 0x00000000ff202850, 0x00000000ff2a0000)
  to   space 640K,   0% used [0x00000000ff160000, 0x00000000ff160000, 0x00000000ff200000)
 concurrent mark-sweep generation total 13696K, used 12475K [0x00000000ff2a0000, 0x0000000100000000, 0x0000000100000000)
 Metaspace       used 5073K, capacity 5258K, committed 5504K, reserved 1056768K
  class space    used 557K, capacity 597K, committed 640K, reserved 1048576K
}
{Heap before GC invocations=628 (full 78):
 par new generation   total 6144K, used 5239K [0x00000000fec00000, 0x00000000ff2a0000, 0x00000000ff2a0000)
  eden space 5504K,  95% used [0x00000000fec00000, 0x00000000ff11b778, 0x00000000ff160000)
  from space 640K,   1% used [0x00000000ff200000, 0x00000000ff202850, 0x00000000ff2a0000)
  to   space 640K,   0% used [0x00000000ff160000, 0x00000000ff160000, 0x00000000ff200000)
 concurrent mark-sweep generation total 13696K, used 12475K [0x00000000ff2a0000, 0x0000000100000000, 0x0000000100000000)
 Metaspace       used 5073K, capacity 5258K, committed 5504K, reserved 1056768K
  class space    used 557K, capacity 597K, committed 640K, reserved 1048576K
2024-07-16T18:26:18.070+0800: 4.874: [GC (Allocation Failure) 2024-07-16T18:26:18.070+0800: 4.874: [ParNew: 5239K->5239K(6144K), 0.0000148 secs]2024-07-16T18:26:18.070+0800: 4.874: [CMS2024-07-16T18:26:18.070+0800: 4.874: [CMS-concurrent-abortable-preclean: 0.001/0.112 secs] [Times: user=0.00 sys=0.00, real=0.11 secs] 
 (concurrent mode failure): 12475K->1196K(13696K), 0.0022518 secs] 17715K->1196K(19840K), [Metaspace: 5073K->5073K(1056768K)], 0.0023195 secs] [Times: user=0.00 sys=0.00, real=0.00 secs] 
Heap after GC invocations=629 (full 79):
 par new generation   total 6144K, used 0K [0x00000000fec00000, 0x00000000ff2a0000, 0x00000000ff2a0000)
  eden space 5504K,   0% used [0x00000000fec00000, 0x00000000fec00000, 0x00000000ff160000)
  from space 640K,   0% used [0x00000000ff200000, 0x00000000ff200000, 0x00000000ff2a0000)
  to   space 640K,   0% used [0x00000000ff160000, 0x00000000ff160000, 0x00000000ff200000)
 concurrent mark-sweep generation total 13696K, used 1196K [0x00000000ff2a0000, 0x0000000100000000, 0x0000000100000000)
 Metaspace       used 5073K, capacity 5258K, committed 5504K, reserved 1056768K
  class space    used 557K, capacity 597K, committed 640K, reserved 1048576K
}
{Heap before GC invocations=629 (full 79):
 par new generation   total 6144K, used 5229K [0x00000000fec00000, 0x00000000ff2a0000, 0x00000000ff2a0000)
  eden space 5504K,  95% used [0x00000000fec00000, 0x00000000ff11b778, 0x00000000ff160000)
  from space 640K,   0% used [0x00000000ff200000, 0x00000000ff200000, 0x00000000ff2a0000)
  to   space 640K,   0% used [0x00000000ff160000, 0x00000000ff160000, 0x00000000ff200000)
 concurrent mark-sweep generation total 13696K, used 1196K [0x00000000ff2a0000, 0x0000000100000000, 0x0000000100000000)
 Metaspace       used 5073K, capacity 5258K, committed 5504K, reserved 1056768K
  class space    used 557K, capacity 597K, committed 640K, reserved 1048576K
2024-07-16T18:26:18.080+0800: 4.884: [GC (Allocation Failure) 2024-07-16T18:26:18.080+0800: 4.884: [ParNew: 5229K->8K(6144K), 0.0007127 secs] 6426K->2230K(19840K), 0.0007958 secs] [Times: user=0.00 sys=0.00, real=0.00 secs] 
Heap after GC invocations=630 (full 79):
 par new generation   total 6144K, used 8K [0x00000000fec00000, 0x00000000ff2a0000, 0x00000000ff2a0000)
  eden space 5504K,   0% used [0x00000000fec00000, 0x00000000fec00000, 0x00000000ff160000)
  from space 640K,   1% used [0x00000000ff160000, 0x00000000ff162040, 0x00000000ff200000)
  to   space 640K,   0% used [0x00000000ff200000, 0x00000000ff200000, 0x00000000ff2a0000)
 concurrent mark-sweep generation total 13696K, used 2222K [0x00000000ff2a0000, 0x0000000100000000, 0x0000000100000000)
 Metaspace       used 5073K, capacity 5258K, committed 5504K, reserved 1056768K
  class space    used 557K, capacity 597K, committed 640K, reserved 1048576K
}
{Heap before GC invocations=630 (full 79):
 par new generation   total 6144K, used 5237K [0x00000000fec00000, 0x00000000ff2a0000, 0x00000000ff2a0000)
  eden space 5504K,  95% used [0x00000000fec00000, 0x00000000ff11b778, 0x00000000ff160000)
  from space 640K,   1% used [0x00000000ff160000, 0x00000000ff162040, 0x00000000ff200000)
  to   space 640K,   0% used [0x00000000ff200000, 0x00000000ff200000, 0x00000000ff2a0000)
 concurrent mark-sweep generation total 13696K, used 2222K [0x00000000ff2a0000, 0x0000000100000000, 0x0000000100000000)
 Metaspace       used 5073K, capacity 5258K, committed 5504K, reserved 1056768K
  class space    used 557K, capacity 597K, committed 640K, reserved 1048576K
2024-07-16T18:26:18.089+0800: 4.893: [GC (Allocation Failure) 2024-07-16T18:26:18.089+0800: 4.893: [ParNew: 5237K->2K(6144K), 0.0002754 secs] 7460K->2224K(19840K), 0.0003186 secs] [Times: user=0.00 sys=0.00, real=0.00 secs] 
Heap after GC invocations=631 (full 79):
 par new generation   total 6144K, used 2K [0x00000000fec00000, 0x00000000ff2a0000, 0x00000000ff2a0000)
  eden space 5504K,   0% used [0x00000000fec00000, 0x00000000fec00000, 0x00000000ff160000)
  from space 640K,   0% used [0x00000000ff200000, 0x00000000ff200810, 0x00000000ff2a0000)
  to   space 640K,   0% used [0x00000000ff160000, 0x00000000ff160000, 0x00000000ff200000)
 concurrent mark-sweep generation total 13696K, used 2222K [0x00000000ff2a0000, 0x0000000100000000, 0x0000000100000000)
 Metaspace       used 5073K, capacity 5258K, committed 5504K, reserved 1056768K
  class space    used 557K, capacity 597K, committed 640K, reserved 1048576K
}
{Heap before GC invocations=631 (full 79):
 par new generation   total 6144K, used 5231K [0x00000000fec00000, 0x00000000ff2a0000, 0x00000000ff2a0000)
  eden space 5504K,  95% used [0x00000000fec00000, 0x00000000ff11b780, 0x00000000ff160000)
  from space 640K,   0% used [0x00000000ff200000, 0x00000000ff200810, 0x00000000ff2a0000)
  to   space 640K,   0% used [0x00000000ff160000, 0x00000000ff160000, 0x00000000ff200000)
 concurrent mark-sweep generation total 13696K, used 2222K [0x00000000ff2a0000, 0x0000000100000000, 0x0000000100000000)
 Metaspace       used 5073K, capacity 5258K, committed 5504K, reserved 1056768K
  class space    used 557K, capacity 597K, committed 640K, reserved 1048576K
2024-07-16T18:26:18.096+0800: 4.900: [GC (Allocation Failure) 2024-07-16T18:26:18.096+0800: 4.900: [ParNew: 5231K->4K(6144K), 0.0003217 secs] 7454K->2226K(19840K), 0.0003840 secs] [Times: user=0.00 sys=0.00, real=0.00 secs] 
Heap after GC invocations=632 (full 79):
 par new generation   total 6144K, used 4K [0x00000000fec00000, 0x00000000ff2a0000, 0x00000000ff2a0000)
  eden space 5504K,   0% used [0x00000000fec00000, 0x00000000fec00000, 0x00000000ff160000)
  from space 640K,   0% used [0x00000000ff160000, 0x00000000ff161020, 0x00000000ff200000)
  to   space 640K,   0% used [0x00000000ff200000, 0x00000000ff200000, 0x00000000ff2a0000)
 concurrent mark-sweep generation total 13696K, used 2222K [0x00000000ff2a0000, 0x0000000100000000, 0x0000000100000000)
 Metaspace       used 5073K, capacity 5258K, committed 5504K, reserved 1056768K
  class space    used 557K, capacity 597K, committed 640K, reserved 1048576K
}
{Heap before GC invocations=632 (full 79):
 par new generation   total 6144K, used 5233K [0x00000000fec00000, 0x00000000ff2a0000, 0x00000000ff2a0000)
  eden space 5504K,  95% used [0x00000000fec00000, 0x00000000ff11b780, 0x00000000ff160000)
  from space 640K,   0% used [0x00000000ff160000, 0x00000000ff161020, 0x00000000ff200000)
  to   space 640K,   0% used [0x00000000ff200000, 0x00000000ff200000, 0x00000000ff2a0000)
 concurrent mark-sweep generation total 13696K, used 2222K [0x00000000ff2a0000, 0x0000000100000000, 0x0000000100000000)
 Metaspace       used 5073K, capacity 5258K, committed 5504K, reserved 1056768K
  class space    used 557K, capacity 597K, committed 640K, reserved 1048576K
2024-07-16T18:26:18.103+0800: 4.907: [GC (Allocation Failure) 2024-07-16T18:26:18.103+0800: 4.907: [ParNew: 5233K->6K(6144K), 0.0004334 secs] 7456K->3254K(19840K), 0.0004855 secs] [Times: user=0.00 sys=0.00, real=0.00 secs] 
Heap after GC invocations=633 (full 79):
 par new generation   total 6144K, used 6K [0x00000000fec00000, 0x00000000ff2a0000, 0x00000000ff2a0000)
  eden space 5504K,   0% used [0x00000000fec00000, 0x00000000fec00000, 0x00000000ff160000)
  from space 640K,   0% used [0x00000000ff200000, 0x00000000ff201830, 0x00000000ff2a0000)
  to   space 640K,   0% used [0x00000000ff160000, 0x00000000ff160000, 0x00000000ff200000)
 concurrent mark-sweep generation total 13696K, used 3248K [0x00000000ff2a0000, 0x0000000100000000, 0x0000000100000000)
 Metaspace       used 5073K, capacity 5258K, committed 5504K, reserved 1056768K
  class space    used 557K, capacity 597K, committed 640K, reserved 1048576K
}
{Heap before GC invocations=633 (full 79):
 par new generation   total 6144K, used 5235K [0x00000000fec00000, 0x00000000ff2a0000, 0x00000000ff2a0000)
  eden space 5504K,  95% used [0x00000000fec00000, 0x00000000ff11b780, 0x00000000ff160000)
  from space 640K,   0% used [0x00000000ff200000, 0x00000000ff201830, 0x00000000ff2a0000)
  to   space 640K,   0% used [0x00000000ff160000, 0x00000000ff160000, 0x00000000ff200000)
 concurrent mark-sweep generation total 13696K, used 3248K [0x00000000ff2a0000, 0x0000000100000000, 0x0000000100000000)
 Metaspace       used 5073K, capacity 5258K, committed 5504K, reserved 1056768K
  class space    used 557K, capacity 597K, committed 640K, reserved 1048576K
2024-07-16T18:26:18.110+0800: 4.914: [GC (Allocation Failure) 2024-07-16T18:26:18.110+0800: 4.914: [ParNew: 5235K->10K(6144K), 0.0005314 secs] 8484K->4284K(19840K), 0.0006006 secs] [Times: user=0.00 sys=0.00, real=0.00 secs] 
Heap after GC invocations=634 (full 79):
 par new generation   total 6144K, used 10K [0x00000000fec00000, 0x00000000ff2a0000, 0x00000000ff2a0000)
  eden space 5504K,   0% used [0x00000000fec00000, 0x00000000fec00000, 0x00000000ff160000)
  from space 640K,   1% used [0x00000000ff160000, 0x00000000ff162850, 0x00000000ff200000)
  to   space 640K,   0% used [0x00000000ff200000, 0x00000000ff200000, 0x00000000ff2a0000)
 concurrent mark-sweep generation total 13696K, used 4274K [0x00000000ff2a0000, 0x0000000100000000, 0x0000000100000000)
 Metaspace       used 5073K, capacity 5258K, committed 5504K, reserved 1056768K
  class space    used 557K, capacity 597K, committed 640K, reserved 1048576K
}
{Heap before GC invocations=634 (full 79):
 par new generation   total 6144K, used 5239K [0x00000000fec00000, 0x00000000ff2a0000, 0x00000000ff2a0000)
  eden space 5504K,  95% used [0x00000000fec00000, 0x00000000ff11b780, 0x00000000ff160000)
  from space 640K,   1% used [0x00000000ff160000, 0x00000000ff162850, 0x00000000ff200000)
  to   space 640K,   0% used [0x00000000ff200000, 0x00000000ff200000, 0x00000000ff2a0000)
 concurrent mark-sweep generation total 13696K, used 4274K [0x00000000ff2a0000, 0x0000000100000000, 0x0000000100000000)
 Metaspace       used 5073K, capacity 5258K, committed 5504K, reserved 1056768K
  class space    used 557K, capacity 597K, committed 640K, reserved 1048576K
2024-07-16T18:26:18.116+0800: 4.920: [GC (Allocation Failure) 2024-07-16T18:26:18.116+0800: 4.920: [ParNew: 5239K->8K(6144K), 0.0003604 secs] 9514K->5308K(19840K), 0.0004050 secs] [Times: user=0.00 sys=0.00, real=0.00 secs] 
Heap after GC invocations=635 (full 79):
 par new generation   total 6144K, used 8K [0x00000000fec00000, 0x00000000ff2a0000, 0x00000000ff2a0000)
  eden space 5504K,   0% used [0x00000000fec00000, 0x00000000fec00000, 0x00000000ff160000)
  from space 640K,   1% used [0x00000000ff200000, 0x00000000ff202040, 0x00000000ff2a0000)
  to   space 640K,   0% used [0x00000000ff160000, 0x00000000ff160000, 0x00000000ff200000)
 concurrent mark-sweep generation total 13696K, used 5300K [0x00000000ff2a0000, 0x0000000100000000, 0x0000000100000000)
 Metaspace       used 5073K, capacity 5258K, committed 5504K, reserved 1056768K
  class space    used 557K, capacity 597K, committed 640K, reserved 1048576K
}
2024-07-16T18:26:18.116+0800: 4.920: [GC (CMS Initial Mark) [1 CMS-initial-mark: 5300K(13696K)] 6332K(19840K), 0.0001209 secs] [Times: user=0.00 sys=0.00, real=0.00 secs] 
2024-07-16T18:26:18.116+0800: 4.920: [CMS-concurrent-mark-start]
2024-07-16T18:26:18.118+0800: 4.922: [CMS-concurrent-mark: 0.001/0.001 secs] [Times: user=0.00 sys=0.00, real=0.00 secs] 
2024-07-16T18:26:18.118+0800: 4.922: [CMS-concurrent-preclean-start]
2024-07-16T18:26:18.118+0800: 4.922: [CMS-concurrent-preclean: 0.000/0.000 secs] [Times: user=0.00 sys=0.00, real=0.00 secs] 
2024-07-16T18:26:18.118+0800: 4.922: [CMS-concurrent-abortable-preclean-start]
{Heap before GC invocations=635 (full 80):
 par new generation   total 6144K, used 5237K [0x00000000fec00000, 0x00000000ff2a0000, 0x00000000ff2a0000)
  eden space 5504K,  95% used [0x00000000fec00000, 0x00000000ff11b780, 0x00000000ff160000)
  from space 640K,   1% used [0x00000000ff200000, 0x00000000ff202040, 0x00000000ff2a0000)
  to   space 640K,   0% used [0x00000000ff160000, 0x00000000ff160000, 0x00000000ff200000)
 concurrent mark-sweep generation total 13696K, used 5300K [0x00000000ff2a0000, 0x0000000100000000, 0x0000000100000000)
 Metaspace       used 5073K, capacity 5258K, committed 5504K, reserved 1056768K
  class space    used 557K, capacity 597K, committed 640K, reserved 1048576K
2024-07-16T18:26:18.123+0800: 4.927: [GC (Allocation Failure) 2024-07-16T18:26:18.123+0800: 4.927: [ParNew: 5237K->8K(6144K), 0.0006041 secs] 10538K->6332K(19840K), 0.0006793 secs] [Times: user=0.00 sys=0.00, real=0.00 secs] 
Heap after GC invocations=636 (full 80):
 par new generation   total 6144K, used 8K [0x00000000fec00000, 0x00000000ff2a0000, 0x00000000ff2a0000)
  eden space 5504K,   0% used [0x00000000fec00000, 0x00000000fec00000, 0x00000000ff160000)
  from space 640K,   1% used [0x00000000ff160000, 0x00000000ff162040, 0x00000000ff200000)
  to   space 640K,   0% used [0x00000000ff200000, 0x00000000ff200000, 0x00000000ff2a0000)
 concurrent mark-sweep generation total 13696K, used 6324K [0x00000000ff2a0000, 0x0000000100000000, 0x0000000100000000)
 Metaspace       used 5073K, capacity 5258K, committed 5504K, reserved 1056768K
  class space    used 557K, capacity 597K, committed 640K, reserved 1048576K
}
{Heap before GC invocations=636 (full 80):
 par new generation   total 6144K, used 5237K [0x00000000fec00000, 0x00000000ff2a0000, 0x00000000ff2a0000)
  eden space 5504K,  95% used [0x00000000fec00000, 0x00000000ff11b780, 0x00000000ff160000)
  from space 640K,   1% used [0x00000000ff160000, 0x00000000ff162040, 0x00000000ff200000)
  to   space 640K,   0% used [0x00000000ff200000, 0x00000000ff200000, 0x00000000ff2a0000)
 concurrent mark-sweep generation total 13696K, used 6324K [0x00000000ff2a0000, 0x0000000100000000, 0x0000000100000000)
 Metaspace       used 5073K, capacity 5258K, committed 5504K, reserved 1056768K
  class space    used 557K, capacity 597K, committed 640K, reserved 1048576K
2024-07-16T18:26:18.132+0800: 4.936: [GC (Allocation Failure) 2024-07-16T18:26:18.132+0800: 4.936: [ParNew: 5237K->4K(6144K), 0.0002861 secs] 11562K->6328K(19840K), 0.0003346 secs] [Times: user=0.00 sys=0.00, real=0.00 secs] 
Heap after GC invocations=637 (full 80):
 par new generation   total 6144K, used 4K [0x00000000fec00000, 0x00000000ff2a0000, 0x00000000ff2a0000)
  eden space 5504K,   0% used [0x00000000fec00000, 0x00000000fec00000, 0x00000000ff160000)
  from space 640K,   0% used [0x00000000ff200000, 0x00000000ff201020, 0x00000000ff2a0000)
  to   space 640K,   0% used [0x00000000ff160000, 0x00000000ff160000, 0x00000000ff200000)
 concurrent mark-sweep generation total 13696K, used 6324K [0x00000000ff2a0000, 0x0000000100000000, 0x0000000100000000)
 Metaspace       used 5073K, capacity 5258K, committed 5504K, reserved 1056768K
  class space    used 557K, capacity 597K, committed 640K, reserved 1048576K
}
{Heap before GC invocations=637 (full 80):
 par new generation   total 6144K, used 5233K [0x00000000fec00000, 0x00000000ff2a0000, 0x00000000ff2a0000)
  eden space 5504K,  95% used [0x00000000fec00000, 0x00000000ff11b780, 0x00000000ff160000)
  from space 640K,   0% used [0x00000000ff200000, 0x00000000ff201020, 0x00000000ff2a0000)
  to   space 640K,   0% used [0x00000000ff160000, 0x00000000ff160000, 0x00000000ff200000)
 concurrent mark-sweep generation total 13696K, used 6324K [0x00000000ff2a0000, 0x0000000100000000, 0x0000000100000000)
 Metaspace       used 5073K, capacity 5258K, committed 5504K, reserved 1056768K
  class space    used 557K, capacity 597K, committed 640K, reserved 1048576K
2024-07-16T18:26:18.138+0800: 4.942: [GC (Allocation Failure) 2024-07-16T18:26:18.138+0800: 4.942: [ParNew: 5233K->8K(6144K), 0.0003403 secs] 11558K->7359K(19840K), 0.0003748 secs] [Times: user=0.00 sys=0.00, real=0.00 secs] 
Heap after GC invocations=638 (full 80):
 par new generation   total 6144K, used 8K [0x00000000fec00000, 0x00000000ff2a0000, 0x00000000ff2a0000)
  eden space 5504K,   0% used [0x00000000fec00000, 0x00000000fec00000, 0x00000000ff160000)
  from space 640K,   1% used [0x00000000ff160000, 0x00000000ff162040, 0x00000000ff200000)
  to   space 640K,   0% used [0x00000000ff200000, 0x00000000ff200000, 0x00000000ff2a0000)
 concurrent mark-sweep generation total 13696K, used 7350K [0x00000000ff2a0000, 0x0000000100000000, 0x0000000100000000)
 Metaspace       used 5073K, capacity 5258K, committed 5504K, reserved 1056768K
  class space    used 557K, capacity 597K, committed 640K, reserved 1048576K
}
{Heap before GC invocations=638 (full 80):
 par new generation   total 6144K, used 5237K [0x00000000fec00000, 0x00000000ff2a0000, 0x00000000ff2a0000)
  eden space 5504K,  95% used [0x00000000fec00000, 0x00000000ff11b780, 0x00000000ff160000)
  from space 640K,   1% used [0x00000000ff160000, 0x00000000ff162040, 0x00000000ff200000)
  to   space 640K,   0% used [0x00000000ff200000, 0x00000000ff200000, 0x00000000ff2a0000)
 concurrent mark-sweep generation total 13696K, used 7350K [0x00000000ff2a0000, 0x0000000100000000, 0x0000000100000000)
 Metaspace       used 5073K, capacity 5258K, committed 5504K, reserved 1056768K
  class space    used 557K, capacity 597K, committed 640K, reserved 1048576K
2024-07-16T18:26:18.144+0800: 4.948: [GC (Allocation Failure) 2024-07-16T18:26:18.144+0800: 4.948: [ParNew: 5237K->10K(6144K), 0.0006250 secs] 12588K->8385K(19840K), 0.0007253 secs] [Times: user=0.00 sys=0.00, real=0.00 secs] 
Heap after GC invocations=639 (full 80):
 par new generation   total 6144K, used 10K [0x00000000fec00000, 0x00000000ff2a0000, 0x00000000ff2a0000)
  eden space 5504K,   0% used [0x00000000fec00000, 0x00000000fec00000, 0x00000000ff160000)
  from space 640K,   1% used [0x00000000ff200000, 0x00000000ff202850, 0x00000000ff2a0000)
  to   space 640K,   0% used [0x00000000ff160000, 0x00000000ff160000, 0x00000000ff200000)
 concurrent mark-sweep generation total 13696K, used 8374K [0x00000000ff2a0000, 0x0000000100000000, 0x0000000100000000)
 Metaspace       used 5073K, capacity 5258K, committed 5504K, reserved 1056768K
  class space    used 557K, capacity 597K, committed 640K, reserved 1048576K
}
{Heap before GC invocations=639 (full 80):
 par new generation   total 6144K, used 5239K [0x00000000fec00000, 0x00000000ff2a0000, 0x00000000ff2a0000)
  eden space 5504K,  95% used [0x00000000fec00000, 0x00000000ff11b780, 0x00000000ff160000)
  from space 640K,   1% used [0x00000000ff200000, 0x00000000ff202850, 0x00000000ff2a0000)
  to   space 640K,   0% used [0x00000000ff160000, 0x00000000ff160000, 0x00000000ff200000)
 concurrent mark-sweep generation total 13696K, used 8374K [0x00000000ff2a0000, 0x0000000100000000, 0x0000000100000000)
 Metaspace       used 5073K, capacity 5258K, committed 5504K, reserved 1056768K
  class space    used 557K, capacity 597K, committed 640K, reserved 1048576K
2024-07-16T18:26:18.152+0800: 4.956: [GC (Allocation Failure) 2024-07-16T18:26:18.152+0800: 4.956: [ParNew: 5239K->10K(6144K), 0.0013409 secs] 13614K->9409K(19840K), 0.0014257 secs] [Times: user=0.00 sys=0.00, real=0.00 secs] 
Heap after GC invocations=640 (full 80):
 par new generation   total 6144K, used 10K [0x00000000fec00000, 0x00000000ff2a0000, 0x00000000ff2a0000)
  eden space 5504K,   0% used [0x00000000fec00000, 0x00000000fec00000, 0x00000000ff160000)
  from space 640K,   1% used [0x00000000ff160000, 0x00000000ff162850, 0x00000000ff200000)
  to   space 640K,   0% used [0x00000000ff200000, 0x00000000ff200000, 0x00000000ff2a0000)
 concurrent mark-sweep generation total 13696K, used 9398K [0x00000000ff2a0000, 0x0000000100000000, 0x0000000100000000)
 Metaspace       used 5073K, capacity 5258K, committed 5504K, reserved 1056768K
  class space    used 557K, capacity 597K, committed 640K, reserved 1048576K
}
{Heap before GC invocations=640 (full 80):
 par new generation   total 6144K, used 5239K [0x00000000fec00000, 0x00000000ff2a0000, 0x00000000ff2a0000)
  eden space 5504K,  95% used [0x00000000fec00000, 0x00000000ff11b780, 0x00000000ff160000)
  from space 640K,   1% used [0x00000000ff160000, 0x00000000ff162850, 0x00000000ff200000)
  to   space 640K,   0% used [0x00000000ff200000, 0x00000000ff200000, 0x00000000ff2a0000)
 concurrent mark-sweep generation total 13696K, used 9398K [0x00000000ff2a0000, 0x0000000100000000, 0x0000000100000000)
 Metaspace       used 5073K, capacity 5258K, committed 5504K, reserved 1056768K
  class space    used 557K, capacity 597K, committed 640K, reserved 1048576K
2024-07-16T18:26:18.161+0800: 4.965: [GC (Allocation Failure) 2024-07-16T18:26:18.161+0800: 4.965: [ParNew: 5239K->4K(6144K), 0.0002721 secs] 14638K->9403K(19840K), 0.0003154 secs] [Times: user=0.00 sys=0.00, real=0.00 secs] 
Heap after GC invocations=641 (full 80):
 par new generation   total 6144K, used 4K [0x00000000fec00000, 0x00000000ff2a0000, 0x00000000ff2a0000)
  eden space 5504K,   0% used [0x00000000fec00000, 0x00000000fec00000, 0x00000000ff160000)
  from space 640K,   0% used [0x00000000ff200000, 0x00000000ff201020, 0x00000000ff2a0000)
  to   space 640K,   0% used [0x00000000ff160000, 0x00000000ff160000, 0x00000000ff200000)
 concurrent mark-sweep generation total 13696K, used 9398K [0x00000000ff2a0000, 0x0000000100000000, 0x0000000100000000)
 Metaspace       used 5073K, capacity 5258K, committed 5504K, reserved 1056768K
  class space    used 557K, capacity 597K, committed 640K, reserved 1048576K
}
{Heap before GC invocations=641 (full 80):
 par new generation   total 6144K, used 5233K [0x00000000fec00000, 0x00000000ff2a0000, 0x00000000ff2a0000)
  eden space 5504K,  95% used [0x00000000fec00000, 0x00000000ff11b780, 0x00000000ff160000)
  from space 640K,   0% used [0x00000000ff200000, 0x00000000ff201020, 0x00000000ff2a0000)
  to   space 640K,   0% used [0x00000000ff160000, 0x00000000ff160000, 0x00000000ff200000)
 concurrent mark-sweep generation total 13696K, used 9398K [0x00000000ff2a0000, 0x0000000100000000, 0x0000000100000000)
 Metaspace       used 5073K, capacity 5258K, committed 5504K, reserved 1056768K
  class space    used 557K, capacity 597K, committed 640K, reserved 1048576K
2024-07-16T18:26:18.168+0800: 4.972: [GC (Allocation Failure) 2024-07-16T18:26:18.168+0800: 4.972: [ParNew: 5233K->2K(6144K), 0.0002991 secs] 14632K->9400K(19840K), 0.0003426 secs] [Times: user=0.00 sys=0.00, real=0.00 secs] 
Heap after GC invocations=642 (full 80):
 par new generation   total 6144K, used 2K [0x00000000fec00000, 0x00000000ff2a0000, 0x00000000ff2a0000)
  eden space 5504K,   0% used [0x00000000fec00000, 0x00000000fec00000, 0x00000000ff160000)
  from space 640K,   0% used [0x00000000ff160000, 0x00000000ff160810, 0x00000000ff200000)
  to   space 640K,   0% used [0x00000000ff200000, 0x00000000ff200000, 0x00000000ff2a0000)
 concurrent mark-sweep generation total 13696K, used 9398K [0x00000000ff2a0000, 0x0000000100000000, 0x0000000100000000)
 Metaspace       used 5073K, capacity 5258K, committed 5504K, reserved 1056768K
  class space    used 557K, capacity 597K, committed 640K, reserved 1048576K
}
{Heap before GC invocations=642 (full 80):
 par new generation   total 6144K, used 5231K [0x00000000fec00000, 0x00000000ff2a0000, 0x00000000ff2a0000)
  eden space 5504K,  95% used [0x00000000fec00000, 0x00000000ff11b780, 0x00000000ff160000)
  from space 640K,   0% used [0x00000000ff160000, 0x00000000ff160810, 0x00000000ff200000)
  to   space 640K,   0% used [0x00000000ff200000, 0x00000000ff200000, 0x00000000ff2a0000)
 concurrent mark-sweep generation total 13696K, used 9398K [0x00000000ff2a0000, 0x0000000100000000, 0x0000000100000000)
 Metaspace       used 5073K, capacity 5258K, committed 5504K, reserved 1056768K
  class space    used 557K, capacity 597K, committed 640K, reserved 1048576K
2024-07-16T18:26:18.176+0800: 4.980: [GC (Allocation Failure) 2024-07-16T18:26:18.176+0800: 4.980: [ParNew: 5231K->6K(6144K), 0.0010897 secs] 14630K->10431K(19840K), 0.0011975 secs] [Times: user=0.00 sys=0.00, real=0.00 secs] 
Heap after GC invocations=643 (full 80):
 par new generation   total 6144K, used 6K [0x00000000fec00000, 0x00000000ff2a0000, 0x00000000ff2a0000)
  eden space 5504K,   0% used [0x00000000fec00000, 0x00000000fec00000, 0x00000000ff160000)
  from space 640K,   0% used [0x00000000ff200000, 0x00000000ff201830, 0x00000000ff2a0000)
  to   space 640K,   0% used [0x00000000ff160000, 0x00000000ff160000, 0x00000000ff200000)
 concurrent mark-sweep generation total 13696K, used 10425K [0x00000000ff2a0000, 0x0000000100000000, 0x0000000100000000)
 Metaspace       used 5073K, capacity 5258K, committed 5504K, reserved 1056768K
  class space    used 557K, capacity 597K, committed 640K, reserved 1048576K
}
{Heap before GC invocations=643 (full 80):
 par new generation   total 6144K, used 5235K [0x00000000fec00000, 0x00000000ff2a0000, 0x00000000ff2a0000)
  eden space 5504K,  95% used [0x00000000fec00000, 0x00000000ff11b780, 0x00000000ff160000)
  from space 640K,   0% used [0x00000000ff200000, 0x00000000ff201830, 0x00000000ff2a0000)
  to   space 640K,   0% used [0x00000000ff160000, 0x00000000ff160000, 0x00000000ff200000)
 concurrent mark-sweep generation total 13696K, used 10425K [0x00000000ff2a0000, 0x0000000100000000, 0x0000000100000000)
 Metaspace       used 5073K, capacity 5258K, committed 5504K, reserved 1056768K
  class space    used 557K, capacity 597K, committed 640K, reserved 1048576K
2024-07-16T18:26:18.184+0800: 4.988: [GC (Allocation Failure) 2024-07-16T18:26:18.184+0800: 4.988: [ParNew: 5235K->4K(6144K), 0.0003669 secs] 15660K->10429K(19840K), 0.0004226 secs] [Times: user=0.00 sys=0.00, real=0.00 secs] 
Heap after GC invocations=644 (full 80):
 par new generation   total 6144K, used 4K [0x00000000fec00000, 0x00000000ff2a0000, 0x00000000ff2a0000)
  eden space 5504K,   0% used [0x00000000fec00000, 0x00000000fec00000, 0x00000000ff160000)
  from space 640K,   0% used [0x00000000ff160000, 0x00000000ff161020, 0x00000000ff200000)
  to   space 640K,   0% used [0x00000000ff200000, 0x00000000ff200000, 0x00000000ff2a0000)
 concurrent mark-sweep generation total 13696K, used 10425K [0x00000000ff2a0000, 0x0000000100000000, 0x0000000100000000)
 Metaspace       used 5073K, capacity 5258K, committed 5504K, reserved 1056768K
  class space    used 557K, capacity 597K, committed 640K, reserved 1048576K
}
{Heap before GC invocations=644 (full 80):
 par new generation   total 6144K, used 5233K [0x00000000fec00000, 0x00000000ff2a0000, 0x00000000ff2a0000)
  eden space 5504K,  95% used [0x00000000fec00000, 0x00000000ff11b780, 0x00000000ff160000)
  from space 640K,   0% used [0x00000000ff160000, 0x00000000ff161020, 0x00000000ff200000)
  to   space 640K,   0% used [0x00000000ff200000, 0x00000000ff200000, 0x00000000ff2a0000)
 concurrent mark-sweep generation total 13696K, used 10425K [0x00000000ff2a0000, 0x0000000100000000, 0x0000000100000000)
 Metaspace       used 5073K, capacity 5258K, committed 5504K, reserved 1056768K
  class space    used 557K, capacity 597K, committed 640K, reserved 1048576K
2024-07-16T18:26:18.191+0800: 4.995: [GC (Allocation Failure) 2024-07-16T18:26:18.191+0800: 4.995: [ParNew: 5233K->4K(6144K), 0.0003416 secs] 15658K->10429K(19840K), 0.0003988 secs] [Times: user=0.00 sys=0.00, real=0.00 secs] 
Heap after GC invocations=645 (full 80):
 par new generation   total 6144K, used 4K [0x00000000fec00000, 0x00000000ff2a0000, 0x00000000ff2a0000)
  eden space 5504K,   0% used [0x00000000fec00000, 0x00000000fec00000, 0x00000000ff160000)
  from space 640K,   0% used [0x00000000ff200000, 0x00000000ff201020, 0x00000000ff2a0000)
  to   space 640K,   0% used [0x00000000ff160000, 0x00000000ff160000, 0x00000000ff200000)
 concurrent mark-sweep generation total 13696K, used 10425K [0x00000000ff2a0000, 0x0000000100000000, 0x0000000100000000)
 Metaspace       used 5073K, capacity 5258K, committed 5504K, reserved 1056768K
  class space    used 557K, capacity 597K, committed 640K, reserved 1048576K
}
{Heap before GC invocations=645 (full 80):
 par new generation   total 6144K, used 5233K [0x00000000fec00000, 0x00000000ff2a0000, 0x00000000ff2a0000)
  eden space 5504K,  95% used [0x00000000fec00000, 0x00000000ff11b780, 0x00000000ff160000)
  from space 640K,   0% used [0x00000000ff200000, 0x00000000ff201020, 0x00000000ff2a0000)
  to   space 640K,   0% used [0x00000000ff160000, 0x00000000ff160000, 0x00000000ff200000)
 concurrent mark-sweep generation total 13696K, used 10425K [0x00000000ff2a0000, 0x0000000100000000, 0x0000000100000000)
 Metaspace       used 5073K, capacity 5258K, committed 5504K, reserved 1056768K
  class space    used 557K, capacity 597K, committed 640K, reserved 1048576K
2024-07-16T18:26:18.198+0800: 5.002: [GC (Allocation Failure) 2024-07-16T18:26:18.198+0800: 5.002: [ParNew: 5233K->6K(6144K), 0.0003688 secs] 15658K->11457K(19840K), 0.0004571 secs] [Times: user=0.00 sys=0.00, real=0.00 secs] 
Heap after GC invocations=646 (full 80):
 par new generation   total 6144K, used 6K [0x00000000fec00000, 0x00000000ff2a0000, 0x00000000ff2a0000)
  eden space 5504K,   0% used [0x00000000fec00000, 0x00000000fec00000, 0x00000000ff160000)
  from space 640K,   0% used [0x00000000ff160000, 0x00000000ff161830, 0x00000000ff200000)
  to   space 640K,   0% used [0x00000000ff200000, 0x00000000ff200000, 0x00000000ff2a0000)
 concurrent mark-sweep generation total 13696K, used 11451K [0x00000000ff2a0000, 0x0000000100000000, 0x0000000100000000)
 Metaspace       used 5073K, capacity 5258K, committed 5504K, reserved 1056768K
  class space    used 557K, capacity 597K, committed 640K, reserved 1048576K
}
{Heap before GC invocations=646 (full 80):
 par new generation   total 6144K, used 5235K [0x00000000fec00000, 0x00000000ff2a0000, 0x00000000ff2a0000)
  eden space 5504K,  95% used [0x00000000fec00000, 0x00000000ff11b780, 0x00000000ff160000)
  from space 640K,   0% used [0x00000000ff160000, 0x00000000ff161830, 0x00000000ff200000)
  to   space 640K,   0% used [0x00000000ff200000, 0x00000000ff200000, 0x00000000ff2a0000)
 concurrent mark-sweep generation total 13696K, used 11451K [0x00000000ff2a0000, 0x0000000100000000, 0x0000000100000000)
 Metaspace       used 5073K, capacity 5258K, committed 5504K, reserved 1056768K
  class space    used 557K, capacity 597K, committed 640K, reserved 1048576K
2024-07-16T18:26:18.206+0800: 5.010: [GC (Allocation Failure) 2024-07-16T18:26:18.206+0800: 5.010: [ParNew: 5235K->8K(6144K), 0.0004335 secs] 16687K->12483K(19840K), 0.0004851 secs] [Times: user=0.00 sys=0.00, real=0.00 secs] 
Heap after GC invocations=647 (full 80):
 par new generation   total 6144K, used 8K [0x00000000fec00000, 0x00000000ff2a0000, 0x00000000ff2a0000)
  eden space 5504K,   0% used [0x00000000fec00000, 0x00000000fec00000, 0x00000000ff160000)
  from space 640K,   1% used [0x00000000ff200000, 0x00000000ff202040, 0x00000000ff2a0000)
  to   space 640K,   0% used [0x00000000ff160000, 0x00000000ff160000, 0x00000000ff200000)
 concurrent mark-sweep generation total 13696K, used 12475K [0x00000000ff2a0000, 0x0000000100000000, 0x0000000100000000)
 Metaspace       used 5073K, capacity 5258K, committed 5504K, reserved 1056768K
  class space    used 557K, capacity 597K, committed 640K, reserved 1048576K
}
{Heap before GC invocations=647 (full 80):
 par new generation   total 6144K, used 5237K [0x00000000fec00000, 0x00000000ff2a0000, 0x00000000ff2a0000)
  eden space 5504K,  95% used [0x00000000fec00000, 0x00000000ff11b780, 0x00000000ff160000)
  from space 640K,   1% used [0x00000000ff200000, 0x00000000ff202040, 0x00000000ff2a0000)
  to   space 640K,   0% used [0x00000000ff160000, 0x00000000ff160000, 0x00000000ff200000)
 concurrent mark-sweep generation total 13696K, used 12475K [0x00000000ff2a0000, 0x0000000100000000, 0x0000000100000000)
 Metaspace       used 5073K, capacity 5258K, committed 5504K, reserved 1056768K
  class space    used 557K, capacity 597K, committed 640K, reserved 1048576K
2024-07-16T18:26:18.213+0800: 5.017: [GC (Allocation Failure) 2024-07-16T18:26:18.213+0800: 5.017: [ParNew: 5237K->5237K(6144K), 0.0000123 secs]2024-07-16T18:26:18.213+0800: 5.017: [CMS2024-07-16T18:26:18.213+0800: 5.017: [CMS-concurrent-abortable-preclean: 0.001/0.095 secs] [Times: user=0.00 sys=0.00, real=0.10 secs] 
 (concurrent mode failure): 12475K->2220K(13696K), 0.0028377 secs] 17713K->2220K(19840K), [Metaspace: 5073K->5073K(1056768K)], 0.0029014 secs] [Times: user=0.00 sys=0.00, real=0.00 secs] 
Heap after GC invocations=648 (full 81):
 par new generation   total 6144K, used 0K [0x00000000fec00000, 0x00000000ff2a0000, 0x00000000ff2a0000)
  eden space 5504K,   0% used [0x00000000fec00000, 0x00000000fec00000, 0x00000000ff160000)
  from space 640K,   0% used [0x00000000ff200000, 0x00000000ff200000, 0x00000000ff2a0000)
  to   space 640K,   0% used [0x00000000ff160000, 0x00000000ff160000, 0x00000000ff200000)
 concurrent mark-sweep generation total 13696K, used 2220K [0x00000000ff2a0000, 0x0000000100000000, 0x0000000100000000)
 Metaspace       used 5073K, capacity 5258K, committed 5504K, reserved 1056768K
  class space    used 557K, capacity 597K, committed 640K, reserved 1048576K
}
{Heap before GC invocations=648 (full 81):
 par new generation   total 6144K, used 5229K [0x00000000fec00000, 0x00000000ff2a0000, 0x00000000ff2a0000)
  eden space 5504K,  95% used [0x00000000fec00000, 0x00000000ff11b780, 0x00000000ff160000)
  from space 640K,   0% used [0x00000000ff200000, 0x00000000ff200000, 0x00000000ff2a0000)
  to   space 640K,   0% used [0x00000000ff160000, 0x00000000ff160000, 0x00000000ff200000)
 concurrent mark-sweep generation total 13696K, used 2220K [0x00000000ff2a0000, 0x0000000100000000, 0x0000000100000000)
 Metaspace       used 5073K, capacity 5258K, committed 5504K, reserved 1056768K
  class space    used 557K, capacity 597K, committed 640K, reserved 1048576K
2024-07-16T18:26:18.224+0800: 5.028: [GC (Allocation Failure) 2024-07-16T18:26:18.224+0800: 5.028: [ParNew: 5229K->10K(6144K), 0.0005950 secs] 7450K->3256K(19840K), 0.0007086 secs] [Times: user=0.00 sys=0.00, real=0.00 secs] 
Heap after GC invocations=649 (full 81):
 par new generation   total 6144K, used 10K [0x00000000fec00000, 0x00000000ff2a0000, 0x00000000ff2a0000)
  eden space 5504K,   0% used [0x00000000fec00000, 0x00000000fec00000, 0x00000000ff160000)
  from space 640K,   1% used [0x00000000ff160000, 0x00000000ff162850, 0x00000000ff200000)
  to   space 640K,   0% used [0x00000000ff200000, 0x00000000ff200000, 0x00000000ff2a0000)
 concurrent mark-sweep generation total 13696K, used 3246K [0x00000000ff2a0000, 0x0000000100000000, 0x0000000100000000)
 Metaspace       used 5073K, capacity 5258K, committed 5504K, reserved 1056768K
  class space    used 557K, capacity 597K, committed 640K, reserved 1048576K
}
{Heap before GC invocations=649 (full 81):
 par new generation   total 6144K, used 5239K [0x00000000fec00000, 0x00000000ff2a0000, 0x00000000ff2a0000)
  eden space 5504K,  95% used [0x00000000fec00000, 0x00000000ff11b780, 0x00000000ff160000)
  from space 640K,   1% used [0x00000000ff160000, 0x00000000ff162850, 0x00000000ff200000)
  to   space 640K,   0% used [0x00000000ff200000, 0x00000000ff200000, 0x00000000ff2a0000)
 concurrent mark-sweep generation total 13696K, used 3246K [0x00000000ff2a0000, 0x0000000100000000, 0x0000000100000000)
 Metaspace       used 5073K, capacity 5258K, committed 5504K, reserved 1056768K
  class space    used 557K, capacity 597K, committed 640K, reserved 1048576K
2024-07-16T18:26:18.232+0800: 5.036: [GC (Allocation Failure) 2024-07-16T18:26:18.232+0800: 5.036: [ParNew: 5239K->8K(6144K), 0.0004412 secs] 8486K->4280K(19840K), 0.0005093 secs] [Times: user=0.00 sys=0.00, real=0.00 secs] 
Heap after GC invocations=650 (full 81):
 par new generation   total 6144K, used 8K [0x00000000fec00000, 0x00000000ff2a0000, 0x00000000ff2a0000)
  eden space 5504K,   0% used [0x00000000fec00000, 0x00000000fec00000, 0x00000000ff160000)
  from space 640K,   1% used [0x00000000ff200000, 0x00000000ff202040, 0x00000000ff2a0000)
  to   space 640K,   0% used [0x00000000ff160000, 0x00000000ff160000, 0x00000000ff200000)
 concurrent mark-sweep generation total 13696K, used 4272K [0x00000000ff2a0000, 0x0000000100000000, 0x0000000100000000)
 Metaspace       used 5073K, capacity 5258K, committed 5504K, reserved 1056768K
  class space    used 557K, capacity 597K, committed 640K, reserved 1048576K
}
{Heap before GC invocations=650 (full 81):
 par new generation   total 6144K, used 5237K [0x00000000fec00000, 0x00000000ff2a0000, 0x00000000ff2a0000)
  eden space 5504K,  95% used [0x00000000fec00000, 0x00000000ff11b780, 0x00000000ff160000)
  from space 640K,   1% used [0x00000000ff200000, 0x00000000ff202040, 0x00000000ff2a0000)
  to   space 640K,   0% used [0x00000000ff160000, 0x00000000ff160000, 0x00000000ff200000)
 concurrent mark-sweep generation total 13696K, used 4272K [0x00000000ff2a0000, 0x0000000100000000, 0x0000000100000000)
 Metaspace       used 5073K, capacity 5258K, committed 5504K, reserved 1056768K
  class space    used 557K, capacity 597K, committed 640K, reserved 1048576K
2024-07-16T18:26:18.240+0800: 5.044: [GC (Allocation Failure) 2024-07-16T18:26:18.240+0800: 5.044: [ParNew: 5237K->2K(6144K), 0.0003081 secs] 9510K->4274K(19840K), 0.0004133 secs] [Times: user=0.00 sys=0.00, real=0.00 secs] 
Heap after GC invocations=651 (full 81):
 par new generation   total 6144K, used 2K [0x00000000fec00000, 0x00000000ff2a0000, 0x00000000ff2a0000)
  eden space 5504K,   0% used [0x00000000fec00000, 0x00000000fec00000, 0x00000000ff160000)
  from space 640K,   0% used [0x00000000ff160000, 0x00000000ff160810, 0x00000000ff200000)
  to   space 640K,   0% used [0x00000000ff200000, 0x00000000ff200000, 0x00000000ff2a0000)
 concurrent mark-sweep generation total 13696K, used 4272K [0x00000000ff2a0000, 0x0000000100000000, 0x0000000100000000)
 Metaspace       used 5073K, capacity 5258K, committed 5504K, reserved 1056768K
  class space    used 557K, capacity 597K, committed 640K, reserved 1048576K
}
{Heap before GC invocations=651 (full 81):
 par new generation   total 6144K, used 5231K [0x00000000fec00000, 0x00000000ff2a0000, 0x00000000ff2a0000)
  eden space 5504K,  95% used [0x00000000fec00000, 0x00000000ff11b780, 0x00000000ff160000)
  from space 640K,   0% used [0x00000000ff160000, 0x00000000ff160810, 0x00000000ff200000)
  to   space 640K,   0% used [0x00000000ff200000, 0x00000000ff200000, 0x00000000ff2a0000)
 concurrent mark-sweep generation total 13696K, used 4272K [0x00000000ff2a0000, 0x0000000100000000, 0x0000000100000000)
 Metaspace       used 5073K, capacity 5258K, committed 5504K, reserved 1056768K
  class space    used 557K, capacity 597K, committed 640K, reserved 1048576K
2024-07-16T18:26:18.247+0800: 5.051: [GC (Allocation Failure) 2024-07-16T18:26:18.247+0800: 5.051: [ParNew: 5231K->8K(6144K), 0.0003497 secs] 9504K->5304K(19840K), 0.0003801 secs] [Times: user=0.00 sys=0.00, real=0.00 secs] 
Heap after GC invocations=652 (full 81):
 par new generation   total 6144K, used 8K [0x00000000fec00000, 0x00000000ff2a0000, 0x00000000ff2a0000)
  eden space 5504K,   0% used [0x00000000fec00000, 0x00000000fec00000, 0x00000000ff160000)
  from space 640K,   1% used [0x00000000ff200000, 0x00000000ff202040, 0x00000000ff2a0000)
  to   space 640K,   0% used [0x00000000ff160000, 0x00000000ff160000, 0x00000000ff200000)
 concurrent mark-sweep generation total 13696K, used 5296K [0x00000000ff2a0000, 0x0000000100000000, 0x0000000100000000)
 Metaspace       used 5073K, capacity 5258K, committed 5504K, reserved 1056768K
  class space    used 557K, capacity 597K, committed 640K, reserved 1048576K
}
{Heap before GC invocations=652 (full 81):
 par new generation   total 6144K, used 5237K [0x00000000fec00000, 0x00000000ff2a0000, 0x00000000ff2a0000)
  eden space 5504K,  95% used [0x00000000fec00000, 0x00000000ff11b780, 0x00000000ff160000)
  from space 640K,   1% used [0x00000000ff200000, 0x00000000ff202040, 0x00000000ff2a0000)
  to   space 640K,   0% used [0x00000000ff160000, 0x00000000ff160000, 0x00000000ff200000)
 concurrent mark-sweep generation total 13696K, used 5296K [0x00000000ff2a0000, 0x0000000100000000, 0x0000000100000000)
 Metaspace       used 5073K, capacity 5258K, committed 5504K, reserved 1056768K
  class space    used 557K, capacity 597K, committed 640K, reserved 1048576K
2024-07-16T18:26:18.254+0800: 5.058: [GC (Allocation Failure) 2024-07-16T18:26:18.254+0800: 5.058: [ParNew: 5237K->6K(6144K), 0.0003827 secs] 10534K->6329K(19840K), 0.0004272 secs] [Times: user=0.00 sys=0.00, real=0.00 secs] 
Heap after GC invocations=653 (full 81):
 par new generation   total 6144K, used 6K [0x00000000fec00000, 0x00000000ff2a0000, 0x00000000ff2a0000)
  eden space 5504K,   0% used [0x00000000fec00000, 0x00000000fec00000, 0x00000000ff160000)
  from space 640K,   0% used [0x00000000ff160000, 0x00000000ff161830, 0x00000000ff200000)
  to   space 640K,   0% used [0x00000000ff200000, 0x00000000ff200000, 0x00000000ff2a0000)
 concurrent mark-sweep generation total 13696K, used 6322K [0x00000000ff2a0000, 0x0000000100000000, 0x0000000100000000)
 Metaspace       used 5073K, capacity 5258K, committed 5504K, reserved 1056768K
  class space    used 557K, capacity 597K, committed 640K, reserved 1048576K
}
2024-07-16T18:26:18.254+0800: 5.058: [GC (CMS Initial Mark) [1 CMS-initial-mark: 6322K(13696K)] 7353K(19840K), 0.0002284 secs] [Times: user=0.00 sys=0.00, real=0.00 secs] 
2024-07-16T18:26:18.254+0800: 5.058: [CMS-concurrent-mark-start]
2024-07-16T18:26:18.256+0800: 5.060: [CMS-concurrent-mark: 0.002/0.002 secs] [Times: user=0.00 sys=0.00, real=0.00 secs] 
2024-07-16T18:26:18.256+0800: 5.060: [CMS-concurrent-preclean-start]
2024-07-16T18:26:18.256+0800: 5.060: [CMS-concurrent-preclean: 0.000/0.000 secs] [Times: user=0.00 sys=0.00, real=0.00 secs] 
2024-07-16T18:26:18.256+0800: 5.060: [CMS-concurrent-abortable-preclean-start]
{Heap before GC invocations=653 (full 82):
 par new generation   total 6144K, used 5235K [0x00000000fec00000, 0x00000000ff2a0000, 0x00000000ff2a0000)
  eden space 5504K,  95% used [0x00000000fec00000, 0x00000000ff11b780, 0x00000000ff160000)
  from space 640K,   0% used [0x00000000ff160000, 0x00000000ff161830, 0x00000000ff200000)
  to   space 640K,   0% used [0x00000000ff200000, 0x00000000ff200000, 0x00000000ff2a0000)
 concurrent mark-sweep generation total 13696K, used 6322K [0x00000000ff2a0000, 0x0000000100000000, 0x0000000100000000)
 Metaspace       used 5073K, capacity 5258K, committed 5504K, reserved 1056768K
  class space    used 557K, capacity 597K, committed 640K, reserved 1048576K
2024-07-16T18:26:18.262+0800: 5.066: [GC (Allocation Failure) 2024-07-16T18:26:18.262+0800: 5.066: [ParNew: 5235K->4K(6144K), 0.0002616 secs] 11558K->6326K(19840K), 0.0002929 secs] [Times: user=0.00 sys=0.00, real=0.00 secs] 
Heap after GC invocations=654 (full 82):
 par new generation   total 6144K, used 4K [0x00000000fec00000, 0x00000000ff2a0000, 0x00000000ff2a0000)
  eden space 5504K,   0% used [0x00000000fec00000, 0x00000000fec00000, 0x00000000ff160000)
  from space 640K,   0% used [0x00000000ff200000, 0x00000000ff201020, 0x00000000ff2a0000)
  to   space 640K,   0% used [0x00000000ff160000, 0x00000000ff160000, 0x00000000ff200000)
 concurrent mark-sweep generation total 13696K, used 6322K [0x00000000ff2a0000, 0x0000000100000000, 0x0000000100000000)
 Metaspace       used 5073K, capacity 5258K, committed 5504K, reserved 1056768K
  class space    used 557K, capacity 597K, committed 640K, reserved 1048576K
}
{Heap before GC invocations=654 (full 82):
 par new generation   total 6144K, used 5233K [0x00000000fec00000, 0x00000000ff2a0000, 0x00000000ff2a0000)
  eden space 5504K,  95% used [0x00000000fec00000, 0x00000000ff11b780, 0x00000000ff160000)
  from space 640K,   0% used [0x00000000ff200000, 0x00000000ff201020, 0x00000000ff2a0000)
  to   space 640K,   0% used [0x00000000ff160000, 0x00000000ff160000, 0x00000000ff200000)
 concurrent mark-sweep generation total 13696K, used 6322K [0x00000000ff2a0000, 0x0000000100000000, 0x0000000100000000)
 Metaspace       used 5073K, capacity 5258K, committed 5504K, reserved 1056768K
  class space    used 557K, capacity 597K, committed 640K, reserved 1048576K
2024-07-16T18:26:18.268+0800: 5.072: [GC (Allocation Failure) 2024-07-16T18:26:18.268+0800: 5.072: [ParNew: 5233K->6K(6144K), 0.0003802 secs] 11556K->7355K(19840K), 0.0004145 secs] [Times: user=0.00 sys=0.00, real=0.00 secs] 
Heap after GC invocations=655 (full 82):
 par new generation   total 6144K, used 6K [0x00000000fec00000, 0x00000000ff2a0000, 0x00000000ff2a0000)
  eden space 5504K,   0% used [0x00000000fec00000, 0x00000000fec00000, 0x00000000ff160000)
  from space 640K,   0% used [0x00000000ff160000, 0x00000000ff161830, 0x00000000ff200000)
  to   space 640K,   0% used [0x00000000ff200000, 0x00000000ff200000, 0x00000000ff2a0000)
 concurrent mark-sweep generation total 13696K, used 7349K [0x00000000ff2a0000, 0x0000000100000000, 0x0000000100000000)
 Metaspace       used 5073K, capacity 5258K, committed 5504K, reserved 1056768K
  class space    used 557K, capacity 597K, committed 640K, reserved 1048576K
}
{Heap before GC invocations=655 (full 82):
 par new generation   total 6144K, used 5235K [0x00000000fec00000, 0x00000000ff2a0000, 0x00000000ff2a0000)
  eden space 5504K,  95% used [0x00000000fec00000, 0x00000000ff11b780, 0x00000000ff160000)
  from space 640K,   0% used [0x00000000ff160000, 0x00000000ff161830, 0x00000000ff200000)
  to   space 640K,   0% used [0x00000000ff200000, 0x00000000ff200000, 0x00000000ff2a0000)
 concurrent mark-sweep generation total 13696K, used 7349K [0x00000000ff2a0000, 0x0000000100000000, 0x0000000100000000)
 Metaspace       used 5073K, capacity 5258K, committed 5504K, reserved 1056768K
  class space    used 557K, capacity 597K, committed 640K, reserved 1048576K
2024-07-16T18:26:18.276+0800: 5.080: [GC (Allocation Failure) 2024-07-16T18:26:18.276+0800: 5.080: [ParNew: 5235K->4K(6144K), 0.0002964 secs] 12584K->7353K(19840K), 0.0003824 secs] [Times: user=0.00 sys=0.00, real=0.00 secs] 
Heap after GC invocations=656 (full 82):
 par new generation   total 6144K, used 4K [0x00000000fec00000, 0x00000000ff2a0000, 0x00000000ff2a0000)
  eden space 5504K,   0% used [0x00000000fec00000, 0x00000000fec00000, 0x00000000ff160000)
  from space 640K,   0% used [0x00000000ff200000, 0x00000000ff201020, 0x00000000ff2a0000)
  to   space 640K,   0% used [0x00000000ff160000, 0x00000000ff160000, 0x00000000ff200000)
 concurrent mark-sweep generation total 13696K, used 7349K [0x00000000ff2a0000, 0x0000000100000000, 0x0000000100000000)
 Metaspace       used 5073K, capacity 5258K, committed 5504K, reserved 1056768K
  class space    used 557K, capacity 597K, committed 640K, reserved 1048576K
}
{Heap before GC invocations=656 (full 82):
 par new generation   total 6144K, used 5233K [0x00000000fec00000, 0x00000000ff2a0000, 0x00000000ff2a0000)
  eden space 5504K,  95% used [0x00000000fec00000, 0x00000000ff11b780, 0x00000000ff160000)
  from space 640K,   0% used [0x00000000ff200000, 0x00000000ff201020, 0x00000000ff2a0000)
  to   space 640K,   0% used [0x00000000ff160000, 0x00000000ff160000, 0x00000000ff200000)
 concurrent mark-sweep generation total 13696K, used 7349K [0x00000000ff2a0000, 0x0000000100000000, 0x0000000100000000)
 Metaspace       used 5073K, capacity 5258K, committed 5504K, reserved 1056768K
  class space    used 557K, capacity 597K, committed 640K, reserved 1048576K
2024-07-16T18:26:18.283+0800: 5.087: [GC (Allocation Failure) 2024-07-16T18:26:18.283+0800: 5.087: [ParNew: 5233K->8K(6144K), 0.0003353 secs] 12582K->8383K(19840K), 0.0003594 secs] [Times: user=0.00 sys=0.00, real=0.00 secs] 
Heap after GC invocations=657 (full 82):
 par new generation   total 6144K, used 8K [0x00000000fec00000, 0x00000000ff2a0000, 0x00000000ff2a0000)
  eden space 5504K,   0% used [0x00000000fec00000, 0x00000000fec00000, 0x00000000ff160000)
  from space 640K,   1% used [0x00000000ff160000, 0x00000000ff162040, 0x00000000ff200000)
  to   space 640K,   0% used [0x00000000ff200000, 0x00000000ff200000, 0x00000000ff2a0000)
 concurrent mark-sweep generation total 13696K, used 8375K [0x00000000ff2a0000, 0x0000000100000000, 0x0000000100000000)
 Metaspace       used 5073K, capacity 5258K, committed 5504K, reserved 1056768K
  class space    used 557K, capacity 597K, committed 640K, reserved 1048576K
}
{Heap before GC invocations=657 (full 82):
 par new generation   total 6144K, used 5237K [0x00000000fec00000, 0x00000000ff2a0000, 0x00000000ff2a0000)
  eden space 5504K,  95% used [0x00000000fec00000, 0x00000000ff11b780, 0x00000000ff160000)
  from space 640K,   1% used [0x00000000ff160000, 0x00000000ff162040, 0x00000000ff200000)
  to   space 640K,   0% used [0x00000000ff200000, 0x00000000ff200000, 0x00000000ff2a0000)
 concurrent mark-sweep generation total 13696K, used 8375K [0x00000000ff2a0000, 0x0000000100000000, 0x0000000100000000)
 Metaspace       used 5073K, capacity 5258K, committed 5504K, reserved 1056768K
  class space    used 557K, capacity 597K, committed 640K, reserved 1048576K
2024-07-16T18:26:18.290+0800: 5.094: [GC (Allocation Failure) 2024-07-16T18:26:18.290+0800: 5.094: [ParNew: 5237K->6K(6144K), 0.0003781 secs] 13613K->9407K(19840K), 0.0004616 secs] [Times: user=0.00 sys=0.00, real=0.00 secs] 
Heap after GC invocations=658 (full 82):
 par new generation   total 6144K, used 6K [0x00000000fec00000, 0x00000000ff2a0000, 0x00000000ff2a0000)
  eden space 5504K,   0% used [0x00000000fec00000, 0x00000000fec00000, 0x00000000ff160000)
  from space 640K,   0% used [0x00000000ff200000, 0x00000000ff201830, 0x00000000ff2a0000)
  to   space 640K,   0% used [0x00000000ff160000, 0x00000000ff160000, 0x00000000ff200000)
 concurrent mark-sweep generation total 13696K, used 9401K [0x00000000ff2a0000, 0x0000000100000000, 0x0000000100000000)
 Metaspace       used 5073K, capacity 5258K, committed 5504K, reserved 1056768K
  class space    used 557K, capacity 597K, committed 640K, reserved 1048576K
}
{Heap before GC invocations=658 (full 82):
 par new generation   total 6144K, used 5235K [0x00000000fec00000, 0x00000000ff2a0000, 0x00000000ff2a0000)
  eden space 5504K,  95% used [0x00000000fec00000, 0x00000000ff11b780, 0x00000000ff160000)
  from space 640K,   0% used [0x00000000ff200000, 0x00000000ff201830, 0x00000000ff2a0000)
  to   space 640K,   0% used [0x00000000ff160000, 0x00000000ff160000, 0x00000000ff200000)
 concurrent mark-sweep generation total 13696K, used 9401K [0x00000000ff2a0000, 0x0000000100000000, 0x0000000100000000)
 Metaspace       used 5073K, capacity 5258K, committed 5504K, reserved 1056768K
  class space    used 557K, capacity 597K, committed 640K, reserved 1048576K
2024-07-16T18:26:18.298+0800: 5.102: [GC (Allocation Failure) 2024-07-16T18:26:18.298+0800: 5.102: [ParNew: 5235K->8K(6144K), 0.0003424 secs] 14637K->10435K(19840K), 0.0003739 secs] [Times: user=0.00 sys=0.00, real=0.00 secs] 
Heap after GC invocations=659 (full 82):
 par new generation   total 6144K, used 8K [0x00000000fec00000, 0x00000000ff2a0000, 0x00000000ff2a0000)
  eden space 5504K,   0% used [0x00000000fec00000, 0x00000000fec00000, 0x00000000ff160000)
  from space 640K,   1% used [0x00000000ff160000, 0x00000000ff162040, 0x00000000ff200000)
  to   space 640K,   0% used [0x00000000ff200000, 0x00000000ff200000, 0x00000000ff2a0000)
 concurrent mark-sweep generation total 13696K, used 10427K [0x00000000ff2a0000, 0x0000000100000000, 0x0000000100000000)
 Metaspace       used 5073K, capacity 5258K, committed 5504K, reserved 1056768K
  class space    used 557K, capacity 597K, committed 640K, reserved 1048576K
}
{Heap before GC invocations=659 (full 82):
 par new generation   total 6144K, used 5237K [0x00000000fec00000, 0x00000000ff2a0000, 0x00000000ff2a0000)
  eden space 5504K,  95% used [0x00000000fec00000, 0x00000000ff11b780, 0x00000000ff160000)
  from space 640K,   1% used [0x00000000ff160000, 0x00000000ff162040, 0x00000000ff200000)
  to   space 640K,   0% used [0x00000000ff200000, 0x00000000ff200000, 0x00000000ff2a0000)
 concurrent mark-sweep generation total 13696K, used 10427K [0x00000000ff2a0000, 0x0000000100000000, 0x0000000100000000)
 Metaspace       used 5073K, capacity 5258K, committed 5504K, reserved 1056768K
  class space    used 557K, capacity 597K, committed 640K, reserved 1048576K
2024-07-16T18:26:18.305+0800: 5.109: [GC (Allocation Failure) 2024-07-16T18:26:18.305+0800: 5.109: [ParNew: 5237K->4K(6144K), 0.0002654 secs] 15665K->10431K(19840K), 0.0002946 secs] [Times: user=0.00 sys=0.00, real=0.00 secs] 
Heap after GC invocations=660 (full 82):
 par new generation   total 6144K, used 4K [0x00000000fec00000, 0x00000000ff2a0000, 0x00000000ff2a0000)
  eden space 5504K,   0% used [0x00000000fec00000, 0x00000000fec00000, 0x00000000ff160000)
  from space 640K,   0% used [0x00000000ff200000, 0x00000000ff201020, 0x00000000ff2a0000)
  to   space 640K,   0% used [0x00000000ff160000, 0x00000000ff160000, 0x00000000ff200000)
 concurrent mark-sweep generation total 13696K, used 10427K [0x00000000ff2a0000, 0x0000000100000000, 0x0000000100000000)
 Metaspace       used 5073K, capacity 5258K, committed 5504K, reserved 1056768K
  class space    used 557K, capacity 597K, committed 640K, reserved 1048576K
}
{Heap before GC invocations=660 (full 82):
 par new generation   total 6144K, used 5233K [0x00000000fec00000, 0x00000000ff2a0000, 0x00000000ff2a0000)
  eden space 5504K,  95% used [0x00000000fec00000, 0x00000000ff11b780, 0x00000000ff160000)
  from space 640K,   0% used [0x00000000ff200000, 0x00000000ff201020, 0x00000000ff2a0000)
  to   space 640K,   0% used [0x00000000ff160000, 0x00000000ff160000, 0x00000000ff200000)
 concurrent mark-sweep generation total 13696K, used 10427K [0x00000000ff2a0000, 0x0000000100000000, 0x0000000100000000)
 Metaspace       used 5073K, capacity 5258K, committed 5504K, reserved 1056768K
  class space    used 557K, capacity 597K, committed 640K, reserved 1048576K
2024-07-16T18:26:18.312+0800: 5.116: [GC (Allocation Failure) 2024-07-16T18:26:18.312+0800: 5.116: [ParNew: 5233K->4K(6144K), 0.0002545 secs] 15661K->10431K(19840K), 0.0003304 secs] [Times: user=0.00 sys=0.00, real=0.00 secs] 
Heap after GC invocations=661 (full 82):
 par new generation   total 6144K, used 4K [0x00000000fec00000, 0x00000000ff2a0000, 0x00000000ff2a0000)
  eden space 5504K,   0% used [0x00000000fec00000, 0x00000000fec00000, 0x00000000ff160000)
  from space 640K,   0% used [0x00000000ff160000, 0x00000000ff161020, 0x00000000ff200000)
  to   space 640K,   0% used [0x00000000ff200000, 0x00000000ff200000, 0x00000000ff2a0000)
 concurrent mark-sweep generation total 13696K, used 10427K [0x00000000ff2a0000, 0x0000000100000000, 0x0000000100000000)
 Metaspace       used 5073K, capacity 5258K, committed 5504K, reserved 1056768K
  class space    used 557K, capacity 597K, committed 640K, reserved 1048576K
}
{Heap before GC invocations=661 (full 82):
 par new generation   total 6144K, used 5233K [0x00000000fec00000, 0x00000000ff2a0000, 0x00000000ff2a0000)
  eden space 5504K,  95% used [0x00000000fec00000, 0x00000000ff11b780, 0x00000000ff160000)
  from space 640K,   0% used [0x00000000ff160000, 0x00000000ff161020, 0x00000000ff200000)
  to   space 640K,   0% used [0x00000000ff200000, 0x00000000ff200000, 0x00000000ff2a0000)
 concurrent mark-sweep generation total 13696K, used 10427K [0x00000000ff2a0000, 0x0000000100000000, 0x0000000100000000)
 Metaspace       used 5073K, capacity 5258K, committed 5504K, reserved 1056768K
  class space    used 557K, capacity 597K, committed 640K, reserved 1048576K
2024-07-16T18:26:18.319+0800: 5.123: [GC (Allocation Failure) 2024-07-16T18:26:18.319+0800: 5.123: [ParNew: 5233K->4K(6144K), 0.0003379 secs] 15661K->10431K(19840K), 0.0003871 secs] [Times: user=0.00 sys=0.00, real=0.00 secs] 
Heap after GC invocations=662 (full 82):
 par new generation   total 6144K, used 4K [0x00000000fec00000, 0x00000000ff2a0000, 0x00000000ff2a0000)
  eden space 5504K,   0% used [0x00000000fec00000, 0x00000000fec00000, 0x00000000ff160000)
  from space 640K,   0% used [0x00000000ff200000, 0x00000000ff201020, 0x00000000ff2a0000)
  to   space 640K,   0% used [0x00000000ff160000, 0x00000000ff160000, 0x00000000ff200000)
 concurrent mark-sweep generation total 13696K, used 10427K [0x00000000ff2a0000, 0x0000000100000000, 0x0000000100000000)
 Metaspace       used 5073K, capacity 5258K, committed 5504K, reserved 1056768K
  class space    used 557K, capacity 597K, committed 640K, reserved 1048576K
}
{Heap before GC invocations=662 (full 82):
 par new generation   total 6144K, used 5233K [0x00000000fec00000, 0x00000000ff2a0000, 0x00000000ff2a0000)
  eden space 5504K,  95% used [0x00000000fec00000, 0x00000000ff11b780, 0x00000000ff160000)
  from space 640K,   0% used [0x00000000ff200000, 0x00000000ff201020, 0x00000000ff2a0000)
  to   space 640K,   0% used [0x00000000ff160000, 0x00000000ff160000, 0x00000000ff200000)
 concurrent mark-sweep generation total 13696K, used 10427K [0x00000000ff2a0000, 0x0000000100000000, 0x0000000100000000)
 Metaspace       used 5073K, capacity 5258K, committed 5504K, reserved 1056768K
  class space    used 557K, capacity 597K, committed 640K, reserved 1048576K
2024-07-16T18:26:18.326+0800: 5.130: [GC (Allocation Failure) 2024-07-16T18:26:18.326+0800: 5.130: [ParNew: 5233K->10K(6144K), 0.0003495 secs] 15661K->11461K(19840K), 0.0004312 secs] [Times: user=0.00 sys=0.00, real=0.00 secs] 
Heap after GC invocations=663 (full 82):
 par new generation   total 6144K, used 10K [0x00000000fec00000, 0x00000000ff2a0000, 0x00000000ff2a0000)
  eden space 5504K,   0% used [0x00000000fec00000, 0x00000000fec00000, 0x00000000ff160000)
  from space 640K,   1% used [0x00000000ff160000, 0x00000000ff162850, 0x00000000ff200000)
  to   space 640K,   0% used [0x00000000ff200000, 0x00000000ff200000, 0x00000000ff2a0000)
 concurrent mark-sweep generation total 13696K, used 11451K [0x00000000ff2a0000, 0x0000000100000000, 0x0000000100000000)
 Metaspace       used 5073K, capacity 5258K, committed 5504K, reserved 1056768K
  class space    used 557K, capacity 597K, committed 640K, reserved 1048576K
}
{Heap before GC invocations=663 (full 82):
 par new generation   total 6144K, used 5239K [0x00000000fec00000, 0x00000000ff2a0000, 0x00000000ff2a0000)
  eden space 5504K,  95% used [0x00000000fec00000, 0x00000000ff11b780, 0x00000000ff160000)
  from space 640K,   1% used [0x00000000ff160000, 0x00000000ff162850, 0x00000000ff200000)
  to   space 640K,   0% used [0x00000000ff200000, 0x00000000ff200000, 0x00000000ff2a0000)
 concurrent mark-sweep generation total 13696K, used 11451K [0x00000000ff2a0000, 0x0000000100000000, 0x0000000100000000)
 Metaspace       used 5073K, capacity 5258K, committed 5504K, reserved 1056768K
  class space    used 557K, capacity 597K, committed 640K, reserved 1048576K
2024-07-16T18:26:18.333+0800: 5.137: [GC (Allocation Failure) 2024-07-16T18:26:18.333+0800: 5.137: [ParNew: 5239K->8K(6144K), 0.0003305 secs] 16691K->12483K(19840K), 0.0003670 secs] [Times: user=0.00 sys=0.00, real=0.00 secs] 
Heap after GC invocations=664 (full 82):
 par new generation   total 6144K, used 8K [0x00000000fec00000, 0x00000000ff2a0000, 0x00000000ff2a0000)
  eden space 5504K,   0% used [0x00000000fec00000, 0x00000000fec00000, 0x00000000ff160000)
  from space 640K,   1% used [0x00000000ff200000, 0x00000000ff202040, 0x00000000ff2a0000)
  to   space 640K,   0% used [0x00000000ff160000, 0x00000000ff160000, 0x00000000ff200000)
 concurrent mark-sweep generation total 13696K, used 12475K [0x00000000ff2a0000, 0x0000000100000000, 0x0000000100000000)
 Metaspace       used 5073K, capacity 5258K, committed 5504K, reserved 1056768K
  class space    used 557K, capacity 597K, committed 640K, reserved 1048576K
}
{Heap before GC invocations=664 (full 82):
 par new generation   total 6144K, used 5237K [0x00000000fec00000, 0x00000000ff2a0000, 0x00000000ff2a0000)
  eden space 5504K,  95% used [0x00000000fec00000, 0x00000000ff11b780, 0x00000000ff160000)
  from space 640K,   1% used [0x00000000ff200000, 0x00000000ff202040, 0x00000000ff2a0000)
  to   space 640K,   0% used [0x00000000ff160000, 0x00000000ff160000, 0x00000000ff200000)
 concurrent mark-sweep generation total 13696K, used 12475K [0x00000000ff2a0000, 0x0000000100000000, 0x0000000100000000)
 Metaspace       used 5073K, capacity 5258K, committed 5504K, reserved 1056768K
  class space    used 557K, capacity 597K, committed 640K, reserved 1048576K
2024-07-16T18:26:18.341+0800: 5.145: [GC (Allocation Failure) 2024-07-16T18:26:18.341+0800: 5.145: [ParNew: 5237K->5237K(6144K), 0.0000102 secs]2024-07-16T18:26:18.341+0800: 5.145: [CMS2024-07-16T18:26:18.341+0800: 5.145: [CMS-concurrent-abortable-preclean: 0.001/0.085 secs] [Times: user=0.00 sys=0.00, real=0.09 secs] 
 (concurrent mode failure): 12475K->2220K(13696K), 0.0023218 secs] 17713K->2220K(19840K), [Metaspace: 5073K->5073K(1056768K)], 0.0023779 secs] [Times: user=0.00 sys=0.00, real=0.00 secs] 
Heap after GC invocations=665 (full 83):
 par new generation   total 6144K, used 0K [0x00000000fec00000, 0x00000000ff2a0000, 0x00000000ff2a0000)
  eden space 5504K,   0% used [0x00000000fec00000, 0x00000000fec00000, 0x00000000ff160000)
  from space 640K,   0% used [0x00000000ff200000, 0x00000000ff200000, 0x00000000ff2a0000)
  to   space 640K,   0% used [0x00000000ff160000, 0x00000000ff160000, 0x00000000ff200000)
 concurrent mark-sweep generation total 13696K, used 2220K [0x00000000ff2a0000, 0x0000000100000000, 0x0000000100000000)
 Metaspace       used 5073K, capacity 5258K, committed 5504K, reserved 1056768K
  class space    used 557K, capacity 597K, committed 640K, reserved 1048576K
}
{Heap before GC invocations=665 (full 83):
 par new generation   total 6144K, used 5229K [0x00000000fec00000, 0x00000000ff2a0000, 0x00000000ff2a0000)
  eden space 5504K,  95% used [0x00000000fec00000, 0x00000000ff11b780, 0x00000000ff160000)
  from space 640K,   0% used [0x00000000ff200000, 0x00000000ff200000, 0x00000000ff2a0000)
  to   space 640K,   0% used [0x00000000ff160000, 0x00000000ff160000, 0x00000000ff200000)
 concurrent mark-sweep generation total 13696K, used 2220K [0x00000000ff2a0000, 0x0000000100000000, 0x0000000100000000)
 Metaspace       used 5073K, capacity 5258K, committed 5504K, reserved 1056768K
  class space    used 557K, capacity 597K, committed 640K, reserved 1048576K
2024-07-16T18:26:18.350+0800: 5.154: [GC (Allocation Failure) 2024-07-16T18:26:18.350+0800: 5.154: [ParNew: 5229K->8K(6144K), 0.0003721 secs] 7450K->3254K(19840K), 0.0004444 secs] [Times: user=0.00 sys=0.00, real=0.00 secs] 
Heap after GC invocations=666 (full 83):
 par new generation   total 6144K, used 8K [0x00000000fec00000, 0x00000000ff2a0000, 0x00000000ff2a0000)
  eden space 5504K,   0% used [0x00000000fec00000, 0x00000000fec00000, 0x00000000ff160000)
  from space 640K,   1% used [0x00000000ff160000, 0x00000000ff162040, 0x00000000ff200000)
  to   space 640K,   0% used [0x00000000ff200000, 0x00000000ff200000, 0x00000000ff2a0000)
 concurrent mark-sweep generation total 13696K, used 3246K [0x00000000ff2a0000, 0x0000000100000000, 0x0000000100000000)
 Metaspace       used 5073K, capacity 5258K, committed 5504K, reserved 1056768K
  class space    used 557K, capacity 597K, committed 640K, reserved 1048576K
}
{Heap before GC invocations=666 (full 83):
 par new generation   total 6144K, used 5237K [0x00000000fec00000, 0x00000000ff2a0000, 0x00000000ff2a0000)
  eden space 5504K,  95% used [0x00000000fec00000, 0x00000000ff11b780, 0x00000000ff160000)
  from space 640K,   1% used [0x00000000ff160000, 0x00000000ff162040, 0x00000000ff200000)
  to   space 640K,   0% used [0x00000000ff200000, 0x00000000ff200000, 0x00000000ff2a0000)
 concurrent mark-sweep generation total 13696K, used 3246K [0x00000000ff2a0000, 0x0000000100000000, 0x0000000100000000)
 Metaspace       used 5073K, capacity 5258K, committed 5504K, reserved 1056768K
  class space    used 557K, capacity 597K, committed 640K, reserved 1048576K
2024-07-16T18:26:18.356+0800: 5.160: [GC (Allocation Failure) 2024-07-16T18:26:18.356+0800: 5.160: [ParNew: 5237K->6K(6144K), 0.0003642 secs] 8484K->4278K(19840K), 0.0003943 secs] [Times: user=0.00 sys=0.00, real=0.00 secs] 
Heap after GC invocations=667 (full 83):
 par new generation   total 6144K, used 6K [0x00000000fec00000, 0x00000000ff2a0000, 0x00000000ff2a0000)
  eden space 5504K,   0% used [0x00000000fec00000, 0x00000000fec00000, 0x00000000ff160000)
  from space 640K,   0% used [0x00000000ff200000, 0x00000000ff201830, 0x00000000ff2a0000)
  to   space 640K,   0% used [0x00000000ff160000, 0x00000000ff160000, 0x00000000ff200000)
 concurrent mark-sweep generation total 13696K, used 4272K [0x00000000ff2a0000, 0x0000000100000000, 0x0000000100000000)
 Metaspace       used 5073K, capacity 5258K, committed 5504K, reserved 1056768K
  class space    used 557K, capacity 597K, committed 640K, reserved 1048576K
}
{Heap before GC invocations=667 (full 83):
 par new generation   total 6144K, used 5235K [0x00000000fec00000, 0x00000000ff2a0000, 0x00000000ff2a0000)
  eden space 5504K,  95% used [0x00000000fec00000, 0x00000000ff11b780, 0x00000000ff160000)
  from space 640K,   0% used [0x00000000ff200000, 0x00000000ff201830, 0x00000000ff2a0000)
  to   space 640K,   0% used [0x00000000ff160000, 0x00000000ff160000, 0x00000000ff200000)
 concurrent mark-sweep generation total 13696K, used 4272K [0x00000000ff2a0000, 0x0000000100000000, 0x0000000100000000)
 Metaspace       used 5073K, capacity 5258K, committed 5504K, reserved 1056768K
  class space    used 557K, capacity 597K, committed 640K, reserved 1048576K
2024-07-16T18:26:18.363+0800: 5.167: [GC (Allocation Failure) 2024-07-16T18:26:18.363+0800: 5.167: [ParNew: 5235K->4K(6144K), 0.0003245 secs] 9508K->4276K(19840K), 0.0004113 secs] [Times: user=0.00 sys=0.00, real=0.00 secs] 
Heap after GC invocations=668 (full 83):
 par new generation   total 6144K, used 4K [0x00000000fec00000, 0x00000000ff2a0000, 0x00000000ff2a0000)
  eden space 5504K,   0% used [0x00000000fec00000, 0x00000000fec00000, 0x00000000ff160000)
  from space 640K,   0% used [0x00000000ff160000, 0x00000000ff161020, 0x00000000ff200000)
  to   space 640K,   0% used [0x00000000ff200000, 0x00000000ff200000, 0x00000000ff2a0000)
 concurrent mark-sweep generation total 13696K, used 4272K [0x00000000ff2a0000, 0x0000000100000000, 0x0000000100000000)
 Metaspace       used 5073K, capacity 5258K, committed 5504K, reserved 1056768K
  class space    used 557K, capacity 597K, committed 640K, reserved 1048576K
}
{Heap before GC invocations=668 (full 83):
 par new generation   total 6144K, used 5233K [0x00000000fec00000, 0x00000000ff2a0000, 0x00000000ff2a0000)
  eden space 5504K,  95% used [0x00000000fec00000, 0x00000000ff11b780, 0x00000000ff160000)
  from space 640K,   0% used [0x00000000ff160000, 0x00000000ff161020, 0x00000000ff200000)
  to   space 640K,   0% used [0x00000000ff200000, 0x00000000ff200000, 0x00000000ff2a0000)
 concurrent mark-sweep generation total 13696K, used 4272K [0x00000000ff2a0000, 0x0000000100000000, 0x0000000100000000)
 Metaspace       used 5073K, capacity 5258K, committed 5504K, reserved 1056768K
  class space    used 557K, capacity 597K, committed 640K, reserved 1048576K
2024-07-16T18:26:18.370+0800: 5.174: [GC (Allocation Failure) 2024-07-16T18:26:18.370+0800: 5.174: [ParNew: 5233K->10K(6144K), 0.0005046 secs] 9506K->5309K(19840K), 0.0005737 secs] [Times: user=0.00 sys=0.00, real=0.00 secs] 
Heap after GC invocations=669 (full 83):
 par new generation   total 6144K, used 10K [0x00000000fec00000, 0x00000000ff2a0000, 0x00000000ff2a0000)
  eden space 5504K,   0% used [0x00000000fec00000, 0x00000000fec00000, 0x00000000ff160000)
  from space 640K,   1% used [0x00000000ff200000, 0x00000000ff202850, 0x00000000ff2a0000)
  to   space 640K,   0% used [0x00000000ff160000, 0x00000000ff160000, 0x00000000ff200000)
 concurrent mark-sweep generation total 13696K, used 5298K [0x00000000ff2a0000, 0x0000000100000000, 0x0000000100000000)
 Metaspace       used 5073K, capacity 5258K, committed 5504K, reserved 1056768K
  class space    used 557K, capacity 597K, committed 640K, reserved 1048576K
}
{Heap before GC invocations=669 (full 83):
 par new generation   total 6144K, used 5239K [0x00000000fec00000, 0x00000000ff2a0000, 0x00000000ff2a0000)
  eden space 5504K,  95% used [0x00000000fec00000, 0x00000000ff11b780, 0x00000000ff160000)
  from space 640K,   1% used [0x00000000ff200000, 0x00000000ff202850, 0x00000000ff2a0000)
  to   space 640K,   0% used [0x00000000ff160000, 0x00000000ff160000, 0x00000000ff200000)
 concurrent mark-sweep generation total 13696K, used 5298K [0x00000000ff2a0000, 0x0000000100000000, 0x0000000100000000)
 Metaspace       used 5073K, capacity 5258K, committed 5504K, reserved 1056768K
  class space    used 557K, capacity 597K, committed 640K, reserved 1048576K
2024-07-16T18:26:18.377+0800: 5.181: [GC (Allocation Failure) 2024-07-16T18:26:18.377+0800: 5.181: [ParNew: 5239K->8K(6144K), 0.0003360 secs] 10538K->6333K(19840K), 0.0003599 secs] [Times: user=0.00 sys=0.00, real=0.00 secs] 
Heap after GC invocations=670 (full 83):
 par new generation   total 6144K, used 8K [0x00000000fec00000, 0x00000000ff2a0000, 0x00000000ff2a0000)
  eden space 5504K,   0% used [0x00000000fec00000, 0x00000000fec00000, 0x00000000ff160000)
  from space 640K,   1% used [0x00000000ff160000, 0x00000000ff162040, 0x00000000ff200000)
  to   space 640K,   0% used [0x00000000ff200000, 0x00000000ff200000, 0x00000000ff2a0000)
 concurrent mark-sweep generation total 13696K, used 6325K [0x00000000ff2a0000, 0x0000000100000000, 0x0000000100000000)
 Metaspace       used 5073K, capacity 5258K, committed 5504K, reserved 1056768K
  class space    used 557K, capacity 597K, committed 640K, reserved 1048576K
}
2024-07-16T18:26:18.378+0800: 5.181: [GC (CMS Initial Mark) [1 CMS-initial-mark: 6325K(13696K)] 7357K(19840K), 0.0007321 secs] [Times: user=0.00 sys=0.00, real=0.00 secs] 
2024-07-16T18:26:18.378+0800: 5.182: [CMS-concurrent-mark-start]
2024-07-16T18:26:18.380+0800: 5.184: [CMS-concurrent-mark: 0.002/0.002 secs] [Times: user=0.00 sys=0.00, real=0.00 secs] 
2024-07-16T18:26:18.380+0800: 5.184: [CMS-concurrent-preclean-start]
2024-07-16T18:26:18.380+0800: 5.185: [CMS-concurrent-preclean: 0.000/0.000 secs] [Times: user=0.00 sys=0.00, real=0.00 secs] 
2024-07-16T18:26:18.380+0800: 5.185: [CMS-concurrent-abortable-preclean-start]
{Heap before GC invocations=670 (full 84):
 par new generation   total 6144K, used 5237K [0x00000000fec00000, 0x00000000ff2a0000, 0x00000000ff2a0000)
  eden space 5504K,  95% used [0x00000000fec00000, 0x00000000ff11b780, 0x00000000ff160000)
  from space 640K,   1% used [0x00000000ff160000, 0x00000000ff162040, 0x00000000ff200000)
  to   space 640K,   0% used [0x00000000ff200000, 0x00000000ff200000, 0x00000000ff2a0000)
 concurrent mark-sweep generation total 13696K, used 6325K [0x00000000ff2a0000, 0x0000000100000000, 0x0000000100000000)
 Metaspace       used 5073K, capacity 5258K, committed 5504K, reserved 1056768K
  class space    used 557K, capacity 597K, committed 640K, reserved 1048576K
2024-07-16T18:26:18.385+0800: 5.189: [GC (Allocation Failure) 2024-07-16T18:26:18.385+0800: 5.189: [ParNew: 5237K->8K(6144K), 0.0007743 secs] 11562K->7359K(19840K), 0.0008537 secs] [Times: user=0.00 sys=0.00, real=0.00 secs] 
Heap after GC invocations=671 (full 84):
 par new generation   total 6144K, used 8K [0x00000000fec00000, 0x00000000ff2a0000, 0x00000000ff2a0000)
  eden space 5504K,   0% used [0x00000000fec00000, 0x00000000fec00000, 0x00000000ff160000)
  from space 640K,   1% used [0x00000000ff200000, 0x00000000ff202040, 0x00000000ff2a0000)
  to   space 640K,   0% used [0x00000000ff160000, 0x00000000ff160000, 0x00000000ff200000)
 concurrent mark-sweep generation total 13696K, used 7351K [0x00000000ff2a0000, 0x0000000100000000, 0x0000000100000000)
 Metaspace       used 5073K, capacity 5258K, committed 5504K, reserved 1056768K
  class space    used 557K, capacity 597K, committed 640K, reserved 1048576K
}
{Heap before GC invocations=671 (full 84):
 par new generation   total 6144K, used 5237K [0x00000000fec00000, 0x00000000ff2a0000, 0x00000000ff2a0000)
  eden space 5504K,  95% used [0x00000000fec00000, 0x00000000ff11b780, 0x00000000ff160000)
  from space 640K,   1% used [0x00000000ff200000, 0x00000000ff202040, 0x00000000ff2a0000)
  to   space 640K,   0% used [0x00000000ff160000, 0x00000000ff160000, 0x00000000ff200000)
 concurrent mark-sweep generation total 13696K, used 7351K [0x00000000ff2a0000, 0x0000000100000000, 0x0000000100000000)
 Metaspace       used 5073K, capacity 5258K, committed 5504K, reserved 1056768K
  class space    used 557K, capacity 597K, committed 640K, reserved 1048576K
2024-07-16T18:26:18.393+0800: 5.197: [GC (Allocation Failure) 2024-07-16T18:26:18.393+0800: 5.197: [ParNew: 5237K->8K(6144K), 0.0003674 secs] 12589K->8383K(19840K), 0.0003971 secs] [Times: user=0.00 sys=0.00, real=0.00 secs] 
Heap after GC invocations=672 (full 84):
 par new generation   total 6144K, used 8K [0x00000000fec00000, 0x00000000ff2a0000, 0x00000000ff2a0000)
  eden space 5504K,   0% used [0x00000000fec00000, 0x00000000fec00000, 0x00000000ff160000)
  from space 640K,   1% used [0x00000000ff160000, 0x00000000ff162040, 0x00000000ff200000)
  to   space 640K,   0% used [0x00000000ff200000, 0x00000000ff200000, 0x00000000ff2a0000)
 concurrent mark-sweep generation total 13696K, used 8375K [0x00000000ff2a0000, 0x0000000100000000, 0x0000000100000000)
 Metaspace       used 5073K, capacity 5258K, committed 5504K, reserved 1056768K
  class space    used 557K, capacity 597K, committed 640K, reserved 1048576K
}
{Heap before GC invocations=672 (full 84):
 par new generation   total 6144K, used 5237K [0x00000000fec00000, 0x00000000ff2a0000, 0x00000000ff2a0000)
  eden space 5504K,  95% used [0x00000000fec00000, 0x00000000ff11b780, 0x00000000ff160000)
  from space 640K,   1% used [0x00000000ff160000, 0x00000000ff162040, 0x00000000ff200000)
  to   space 640K,   0% used [0x00000000ff200000, 0x00000000ff200000, 0x00000000ff2a0000)
 concurrent mark-sweep generation total 13696K, used 8375K [0x00000000ff2a0000, 0x0000000100000000, 0x0000000100000000)
 Metaspace       used 5073K, capacity 5258K, committed 5504K, reserved 1056768K
  class space    used 557K, capacity 597K, committed 640K, reserved 1048576K
2024-07-16T18:26:18.399+0800: 5.203: [GC (Allocation Failure) 2024-07-16T18:26:18.399+0800: 5.203: [ParNew: 5237K->10K(6144K), 0.0008682 secs] 13613K->9411K(19840K), 0.0009643 secs] [Times: user=0.00 sys=0.00, real=0.00 secs] 
Heap after GC invocations=673 (full 84):
 par new generation   total 6144K, used 10K [0x00000000fec00000, 0x00000000ff2a0000, 0x00000000ff2a0000)
  eden space 5504K,   0% used [0x00000000fec00000, 0x00000000fec00000, 0x00000000ff160000)
  from space 640K,   1% used [0x00000000ff200000, 0x00000000ff202850, 0x00000000ff2a0000)
  to   space 640K,   0% used [0x00000000ff160000, 0x00000000ff160000, 0x00000000ff200000)
 concurrent mark-sweep generation total 13696K, used 9401K [0x00000000ff2a0000, 0x0000000100000000, 0x0000000100000000)
 Metaspace       used 5073K, capacity 5258K, committed 5504K, reserved 1056768K
  class space    used 557K, capacity 597K, committed 640K, reserved 1048576K
}
{Heap before GC invocations=673 (full 84):
 par new generation   total 6144K, used 5239K [0x00000000fec00000, 0x00000000ff2a0000, 0x00000000ff2a0000)
  eden space 5504K,  95% used [0x00000000fec00000, 0x00000000ff11b780, 0x00000000ff160000)
  from space 640K,   1% used [0x00000000ff200000, 0x00000000ff202850, 0x00000000ff2a0000)
  to   space 640K,   0% used [0x00000000ff160000, 0x00000000ff160000, 0x00000000ff200000)
 concurrent mark-sweep generation total 13696K, used 9401K [0x00000000ff2a0000, 0x0000000100000000, 0x0000000100000000)
 Metaspace       used 5073K, capacity 5258K, committed 5504K, reserved 1056768K
  class space    used 557K, capacity 597K, committed 640K, reserved 1048576K
2024-07-16T18:26:18.407+0800: 5.211: [GC (Allocation Failure) 2024-07-16T18:26:18.407+0800: 5.211: [ParNew: 5239K->8K(6144K), 0.0006228 secs] 14641K->10435K(19840K), 0.0006722 secs] [Times: user=0.00 sys=0.00, real=0.00 secs] 
Heap after GC invocations=674 (full 84):
 par new generation   total 6144K, used 8K [0x00000000fec00000, 0x00000000ff2a0000, 0x00000000ff2a0000)
  eden space 5504K,   0% used [0x00000000fec00000, 0x00000000fec00000, 0x00000000ff160000)
  from space 640K,   1% used [0x00000000ff160000, 0x00000000ff162040, 0x00000000ff200000)
  to   space 640K,   0% used [0x00000000ff200000, 0x00000000ff200000, 0x00000000ff2a0000)
 concurrent mark-sweep generation total 13696K, used 10427K [0x00000000ff2a0000, 0x0000000100000000, 0x0000000100000000)
 Metaspace       used 5073K, capacity 5258K, committed 5504K, reserved 1056768K
  class space    used 557K, capacity 597K, committed 640K, reserved 1048576K
}
{Heap before GC invocations=674 (full 84):
 par new generation   total 6144K, used 5237K [0x00000000fec00000, 0x00000000ff2a0000, 0x00000000ff2a0000)
  eden space 5504K,  95% used [0x00000000fec00000, 0x00000000ff11b780, 0x00000000ff160000)
  from space 640K,   1% used [0x00000000ff160000, 0x00000000ff162040, 0x00000000ff200000)
  to   space 640K,   0% used [0x00000000ff200000, 0x00000000ff200000, 0x00000000ff2a0000)
 concurrent mark-sweep generation total 13696K, used 10427K [0x00000000ff2a0000, 0x0000000100000000, 0x0000000100000000)
 Metaspace       used 5073K, capacity 5258K, committed 5504K, reserved 1056768K
  class space    used 557K, capacity 597K, committed 640K, reserved 1048576K
2024-07-16T18:26:18.417+0800: 5.221: [GC (Allocation Failure) 2024-07-16T18:26:18.417+0800: 5.221: [ParNew: 5237K->8K(6144K), 0.0005152 secs] 15665K->11461K(19840K), 0.0005674 secs] [Times: user=0.00 sys=0.00, real=0.00 secs] 
Heap after GC invocations=675 (full 84):
 par new generation   total 6144K, used 8K [0x00000000fec00000, 0x00000000ff2a0000, 0x00000000ff2a0000)
  eden space 5504K,   0% used [0x00000000fec00000, 0x00000000fec00000, 0x00000000ff160000)
  from space 640K,   1% used [0x00000000ff200000, 0x00000000ff202040, 0x00000000ff2a0000)
  to   space 640K,   0% used [0x00000000ff160000, 0x00000000ff160000, 0x00000000ff200000)
 concurrent mark-sweep generation total 13696K, used 11453K [0x00000000ff2a0000, 0x0000000100000000, 0x0000000100000000)
 Metaspace       used 5073K, capacity 5258K, committed 5504K, reserved 1056768K
  class space    used 557K, capacity 597K, committed 640K, reserved 1048576K
}
{Heap before GC invocations=675 (full 84):
 par new generation   total 6144K, used 5237K [0x00000000fec00000, 0x00000000ff2a0000, 0x00000000ff2a0000)
  eden space 5504K,  95% used [0x00000000fec00000, 0x00000000ff11b780, 0x00000000ff160000)
  from space 640K,   1% used [0x00000000ff200000, 0x00000000ff202040, 0x00000000ff2a0000)
  to   space 640K,   0% used [0x00000000ff160000, 0x00000000ff160000, 0x00000000ff200000)
 concurrent mark-sweep generation total 13696K, used 11453K [0x00000000ff2a0000, 0x0000000100000000, 0x0000000100000000)
 Metaspace       used 5073K, capacity 5258K, committed 5504K, reserved 1056768K
  class space    used 557K, capacity 597K, committed 640K, reserved 1048576K
2024-07-16T18:26:18.423+0800: 5.227: [GC (Allocation Failure) 2024-07-16T18:26:18.423+0800: 5.227: [ParNew: 5237K->6K(6144K), 0.0003391 secs] 16691K->12483K(19840K), 0.0003712 secs] [Times: user=0.00 sys=0.00, real=0.00 secs] 
Heap after GC invocations=676 (full 84):
 par new generation   total 6144K, used 6K [0x00000000fec00000, 0x00000000ff2a0000, 0x00000000ff2a0000)
  eden space 5504K,   0% used [0x00000000fec00000, 0x00000000fec00000, 0x00000000ff160000)
  from space 640K,   0% used [0x00000000ff160000, 0x00000000ff161830, 0x00000000ff200000)
  to   space 640K,   0% used [0x00000000ff200000, 0x00000000ff200000, 0x00000000ff2a0000)
 concurrent mark-sweep generation total 13696K, used 12477K [0x00000000ff2a0000, 0x0000000100000000, 0x0000000100000000)
 Metaspace       used 5073K, capacity 5258K, committed 5504K, reserved 1056768K
  class space    used 557K, capacity 597K, committed 640K, reserved 1048576K
}
{Heap before GC invocations=676 (full 84):
 par new generation   total 6144K, used 5235K [0x00000000fec00000, 0x00000000ff2a0000, 0x00000000ff2a0000)
  eden space 5504K,  95% used [0x00000000fec00000, 0x00000000ff11b780, 0x00000000ff160000)
  from space 640K,   0% used [0x00000000ff160000, 0x00000000ff161830, 0x00000000ff200000)
  to   space 640K,   0% used [0x00000000ff200000, 0x00000000ff200000, 0x00000000ff2a0000)
 concurrent mark-sweep generation total 13696K, used 12477K [0x00000000ff2a0000, 0x0000000100000000, 0x0000000100000000)
 Metaspace       used 5073K, capacity 5258K, committed 5504K, reserved 1056768K
  class space    used 557K, capacity 597K, committed 640K, reserved 1048576K
2024-07-16T18:26:18.431+0800: 5.235: [GC (Allocation Failure) 2024-07-16T18:26:18.431+0800: 5.235: [ParNew: 5235K->4K(6144K), 0.0002590 secs] 17713K->12481K(19840K), 0.0002937 secs] [Times: user=0.00 sys=0.00, real=0.00 secs] 
Heap after GC invocations=677 (full 84):
 par new generation   total 6144K, used 4K [0x00000000fec00000, 0x00000000ff2a0000, 0x00000000ff2a0000)
  eden space 5504K,   0% used [0x00000000fec00000, 0x00000000fec00000, 0x00000000ff160000)
  from space 640K,   0% used [0x00000000ff200000, 0x00000000ff201020, 0x00000000ff2a0000)
  to   space 640K,   0% used [0x00000000ff160000, 0x00000000ff160000, 0x00000000ff200000)
 concurrent mark-sweep generation total 13696K, used 12477K [0x00000000ff2a0000, 0x0000000100000000, 0x0000000100000000)
 Metaspace       used 5073K, capacity 5258K, committed 5504K, reserved 1056768K
  class space    used 557K, capacity 597K, committed 640K, reserved 1048576K
}
{Heap before GC invocations=677 (full 84):
 par new generation   total 6144K, used 5233K [0x00000000fec00000, 0x00000000ff2a0000, 0x00000000ff2a0000)
  eden space 5504K,  95% used [0x00000000fec00000, 0x00000000ff11b780, 0x00000000ff160000)
  from space 640K,   0% used [0x00000000ff200000, 0x00000000ff201020, 0x00000000ff2a0000)
  to   space 640K,   0% used [0x00000000ff160000, 0x00000000ff160000, 0x00000000ff200000)
 concurrent mark-sweep generation total 13696K, used 12477K [0x00000000ff2a0000, 0x0000000100000000, 0x0000000100000000)
 Metaspace       used 5073K, capacity 5258K, committed 5504K, reserved 1056768K
  class space    used 557K, capacity 597K, committed 640K, reserved 1048576K
2024-07-16T18:26:18.439+0800: 5.243: [GC (Allocation Failure) 2024-07-16T18:26:18.439+0800: 5.243: [ParNew: 5233K->8K(6144K), 0.0003278 secs] 17711K->13509K(19840K), 0.0003631 secs] [Times: user=0.00 sys=0.00, real=0.00 secs] 
Heap after GC invocations=678 (full 84):
 par new generation   total 6144K, used 8K [0x00000000fec00000, 0x00000000ff2a0000, 0x00000000ff2a0000)
  eden space 5504K,   0% used [0x00000000fec00000, 0x00000000fec00000, 0x00000000ff160000)
  from space 640K,   1% used [0x00000000ff160000, 0x00000000ff162040, 0x00000000ff200000)
  to   space 640K,   0% used [0x00000000ff200000, 0x00000000ff200000, 0x00000000ff2a0000)
 concurrent mark-sweep generation total 13696K, used 13501K [0x00000000ff2a0000, 0x0000000100000000, 0x0000000100000000)
 Metaspace       used 5073K, capacity 5258K, committed 5504K, reserved 1056768K
  class space    used 557K, capacity 597K, committed 640K, reserved 1048576K
}
2024-07-16T18:26:18.439+0800: 5.243: [CMS-concurrent-abortable-preclean: 0.001/0.059 secs] [Times: user=0.02 sys=0.02, real=0.06 secs] 
2024-07-16T18:26:18.439+0800: 5.244: [GC (CMS Final Remark) [YG occupancy: 1032 K (6144 K)]{Heap before GC invocations=678 (full 84):
 par new generation   total 6144K, used 1032K [0x00000000fec00000, 0x00000000ff2a0000, 0x00000000ff2a0000)
  eden space 5504K,  18% used [0x00000000fec00000, 0x00000000fed00010, 0x00000000ff160000)
  from space 640K,   1% used [0x00000000ff160000, 0x00000000ff162040, 0x00000000ff200000)
  to   space 640K,   0% used [0x00000000ff200000, 0x00000000ff200000, 0x00000000ff2a0000)
 concurrent mark-sweep generation total 13696K, used 13501K [0x00000000ff2a0000, 0x0000000100000000, 0x0000000100000000)
 Metaspace       used 5073K, capacity 5258K, committed 5504K, reserved 1056768K
  class space    used 557K, capacity 597K, committed 640K, reserved 1048576K
2024-07-16T18:26:18.439+0800: 5.244: [GC (CMS Final Remark) 2024-07-16T18:26:18.439+0800: 5.244: [ParNew: 1032K->1032K(6144K), 0.0000076 secs] 14533K->14533K(19840K), 0.0000205 secs] [Times: user=0.00 sys=0.00, real=0.00 secs] 
Heap after GC invocations=679 (full 84):
 par new generation   total 6144K, used 1032K [0x00000000fec00000, 0x00000000ff2a0000, 0x00000000ff2a0000)
  eden space 5504K,  18% used [0x00000000fec00000, 0x00000000fed00010, 0x00000000ff160000)
  from space 640K,   1% used [0x00000000ff160000, 0x00000000ff162040, 0x00000000ff200000)
  to   space 640K,   0% used [0x00000000ff200000, 0x00000000ff200000, 0x00000000ff2a0000)
 concurrent mark-sweep generation total 13696K, used 13501K [0x00000000ff2a0000, 0x0000000100000000, 0x0000000100000000)
 Metaspace       used 5073K, capacity 5258K, committed 5504K, reserved 1056768K
  class space    used 557K, capacity 597K, committed 640K, reserved 1048576K
}
2024-07-16T18:26:18.439+0800: 5.244: [Rescan (parallel) , 0.0001415 secs]2024-07-16T18:26:18.439+0800: 5.244: [weak refs processing, 0.0000100 secs]2024-07-16T18:26:18.439+0800: 5.244: [class unloading, 0.0003119 secs]2024-07-16T18:26:18.440+0800: 5.244: [scrub symbol table, 0.0003366 secs]2024-07-16T18:26:18.440+0800: 5.244: [scrub string table, 0.0000853 secs][1 CMS-remark: 13501K(13696K)] 14533K(19840K), 0.0009819 secs] [Times: user=0.02 sys=0.00, real=0.00 secs] 
2024-07-16T18:26:18.440+0800: 5.245: [CMS-concurrent-sweep-start]
2024-07-16T18:26:18.440+0800: 5.245: [CMS-concurrent-sweep: 0.000/0.000 secs] [Times: user=0.00 sys=0.00, real=0.00 secs] 
2024-07-16T18:26:18.440+0800: 5.245: [CMS-concurrent-reset-start]
2024-07-16T18:26:18.440+0800: 5.245: [CMS-concurrent-reset: 0.000/0.000 secs] [Times: user=0.00 sys=0.00, real=0.00 secs] 
{Heap before GC invocations=679 (full 84):
 par new generation   total 6144K, used 5237K [0x00000000fec00000, 0x00000000ff2a0000, 0x00000000ff2a0000)
  eden space 5504K,  95% used [0x00000000fec00000, 0x00000000ff11b780, 0x00000000ff160000)
  from space 640K,   1% used [0x00000000ff160000, 0x00000000ff162040, 0x00000000ff200000)
  to   space 640K,   0% used [0x00000000ff200000, 0x00000000ff200000, 0x00000000ff2a0000)
 concurrent mark-sweep generation total 13696K, used 8381K [0x00000000ff2a0000, 0x0000000100000000, 0x0000000100000000)
 Metaspace       used 5073K, capacity 5258K, committed 5504K, reserved 1056768K
  class space    used 557K, capacity 597K, committed 640K, reserved 1048576K
2024-07-16T18:26:18.448+0800: 5.252: [GC (Allocation Failure) 2024-07-16T18:26:18.448+0800: 5.252: [ParNew: 5237K->4K(6144K), 0.0003506 secs] 13618K->8385K(19840K), 0.0003988 secs] [Times: user=0.00 sys=0.00, real=0.00 secs] 
Heap after GC invocations=680 (full 84):
 par new generation   total 6144K, used 4K [0x00000000fec00000, 0x00000000ff2a0000, 0x00000000ff2a0000)
  eden space 5504K,   0% used [0x00000000fec00000, 0x00000000fec00000, 0x00000000ff160000)
  from space 640K,   0% used [0x00000000ff200000, 0x00000000ff201020, 0x00000000ff2a0000)
  to   space 640K,   0% used [0x00000000ff160000, 0x00000000ff160000, 0x00000000ff200000)
 concurrent mark-sweep generation total 13696K, used 8381K [0x00000000ff2a0000, 0x0000000100000000, 0x0000000100000000)
 Metaspace       used 5073K, capacity 5258K, committed 5504K, reserved 1056768K
  class space    used 557K, capacity 597K, committed 640K, reserved 1048576K
}
2024-07-16T18:26:18.448+0800: 5.253: [GC (CMS Initial Mark) [1 CMS-initial-mark: 8381K(13696K)] 9409K(19840K), 0.0002993 secs] [Times: user=0.00 sys=0.00, real=0.00 secs] 
2024-07-16T18:26:18.448+0800: 5.253: [CMS-concurrent-mark-start]
2024-07-16T18:26:18.452+0800: 5.256: [CMS-concurrent-mark: 0.003/0.003 secs] [Times: user=0.00 sys=0.00, real=0.00 secs] 
2024-07-16T18:26:18.452+0800: 5.256: [CMS-concurrent-preclean-start]
2024-07-16T18:26:18.452+0800: 5.256: [CMS-concurrent-preclean: 0.000/0.000 secs] [Times: user=0.00 sys=0.00, real=0.00 secs] 
2024-07-16T18:26:18.452+0800: 5.256: [CMS-concurrent-abortable-preclean-start]
{Heap before GC invocations=680 (full 85):
 par new generation   total 6144K, used 5226K [0x00000000fec00000, 0x00000000ff2a0000, 0x00000000ff2a0000)
  eden space 5504K,  94% used [0x00000000fec00000, 0x00000000ff119948, 0x00000000ff160000)
  from space 640K,   0% used [0x00000000ff200000, 0x00000000ff201020, 0x00000000ff2a0000)
  to   space 640K,   0% used [0x00000000ff160000, 0x00000000ff160000, 0x00000000ff200000)
 concurrent mark-sweep generation total 13696K, used 8381K [0x00000000ff2a0000, 0x0000000100000000, 0x0000000100000000)
 Metaspace       used 5073K, capacity 5258K, committed 5504K, reserved 1056768K
  class space    used 557K, capacity 597K, committed 640K, reserved 1048576K
2024-07-16T18:26:18.457+0800: 5.261: [GC (Allocation Failure) 2024-07-16T18:26:18.457+0800: 5.261: [ParNew: 5226K->8K(6144K), 0.0006506 secs] 13607K->9413K(19840K), 0.0007219 secs] [Times: user=0.00 sys=0.00, real=0.00 secs] 
Heap after GC invocations=681 (full 85):
 par new generation   total 6144K, used 8K [0x00000000fec00000, 0x00000000ff2a0000, 0x00000000ff2a0000)
  eden space 5504K,   0% used [0x00000000fec00000, 0x00000000fec00000, 0x00000000ff160000)
  from space 640K,   1% used [0x00000000ff160000, 0x00000000ff162040, 0x00000000ff200000)
  to   space 640K,   0% used [0x00000000ff200000, 0x00000000ff200000, 0x00000000ff2a0000)
 concurrent mark-sweep generation total 13696K, used 9405K [0x00000000ff2a0000, 0x0000000100000000, 0x0000000100000000)
 Metaspace       used 5073K, capacity 5258K, committed 5504K, reserved 1056768K
  class space    used 557K, capacity 597K, committed 640K, reserved 1048576K
}
{Heap before GC invocations=681 (full 85):
 par new generation   total 6144K, used 5233K [0x00000000fec00000, 0x00000000ff2a0000, 0x00000000ff2a0000)
  eden space 5504K,  94% used [0x00000000fec00000, 0x00000000ff11a410, 0x00000000ff160000)
  from space 640K,   1% used [0x00000000ff160000, 0x00000000ff162040, 0x00000000ff200000)
  to   space 640K,   0% used [0x00000000ff200000, 0x00000000ff200000, 0x00000000ff2a0000)
 concurrent mark-sweep generation total 13696K, used 9405K [0x00000000ff2a0000, 0x0000000100000000, 0x0000000100000000)
 Metaspace       used 5073K, capacity 5258K, committed 5504K, reserved 1056768K
  class space    used 557K, capacity 597K, committed 640K, reserved 1048576K
2024-07-16T18:26:18.465+0800: 5.269: [GC (Allocation Failure) 2024-07-16T18:26:18.465+0800: 5.269: [ParNew: 5233K->4K(6144K), 0.0002672 secs] 14638K->9409K(19840K), 0.0003049 secs] [Times: user=0.00 sys=0.00, real=0.00 secs] 
Heap after GC invocations=682 (full 85):
 par new generation   total 6144K, used 4K [0x00000000fec00000, 0x00000000ff2a0000, 0x00000000ff2a0000)
  eden space 5504K,   0% used [0x00000000fec00000, 0x00000000fec00000, 0x00000000ff160000)
  from space 640K,   0% used [0x00000000ff200000, 0x00000000ff201020, 0x00000000ff2a0000)
  to   space 640K,   0% used [0x00000000ff160000, 0x00000000ff160000, 0x00000000ff200000)
 concurrent mark-sweep generation total 13696K, used 9405K [0x00000000ff2a0000, 0x0000000100000000, 0x0000000100000000)
 Metaspace       used 5073K, capacity 5258K, committed 5504K, reserved 1056768K
  class space    used 557K, capacity 597K, committed 640K, reserved 1048576K
}
{Heap before GC invocations=682 (full 85):
 par new generation   total 6144K, used 5230K [0x00000000fec00000, 0x00000000ff2a0000, 0x00000000ff2a0000)
  eden space 5504K,  94% used [0x00000000fec00000, 0x00000000ff11ab00, 0x00000000ff160000)
  from space 640K,   0% used [0x00000000ff200000, 0x00000000ff201020, 0x00000000ff2a0000)
  to   space 640K,   0% used [0x00000000ff160000, 0x00000000ff160000, 0x00000000ff200000)
 concurrent mark-sweep generation total 13696K, used 9405K [0x00000000ff2a0000, 0x0000000100000000, 0x0000000100000000)
 Metaspace       used 5073K, capacity 5258K, committed 5504K, reserved 1056768K
  class space    used 557K, capacity 597K, committed 640K, reserved 1048576K
2024-07-16T18:26:18.472+0800: 5.276: [GC (Allocation Failure) 2024-07-16T18:26:18.472+0800: 5.276: [ParNew: 5230K->10K(6144K), 0.0006227 secs] 14635K->10441K(19840K), 0.0006839 secs] [Times: user=0.00 sys=0.00, real=0.00 secs] 
Heap after GC invocations=683 (full 85):
 par new generation   total 6144K, used 10K [0x00000000fec00000, 0x00000000ff2a0000, 0x00000000ff2a0000)
  eden space 5504K,   0% used [0x00000000fec00000, 0x00000000fec00000, 0x00000000ff160000)
  from space 640K,   1% used [0x00000000ff160000, 0x00000000ff162850, 0x00000000ff200000)
  to   space 640K,   0% used [0x00000000ff200000, 0x00000000ff200000, 0x00000000ff2a0000)
 concurrent mark-sweep generation total 13696K, used 10431K [0x00000000ff2a0000, 0x0000000100000000, 0x0000000100000000)
 Metaspace       used 5073K, capacity 5258K, committed 5504K, reserved 1056768K
  class space    used 557K, capacity 597K, committed 640K, reserved 1048576K
}
{Heap before GC invocations=683 (full 85):
 par new generation   total 6144K, used 5237K [0x00000000fec00000, 0x00000000ff2a0000, 0x00000000ff2a0000)
  eden space 5504K,  94% used [0x00000000fec00000, 0x00000000ff11af78, 0x00000000ff160000)
  from space 640K,   1% used [0x00000000ff160000, 0x00000000ff162850, 0x00000000ff200000)
  to   space 640K,   0% used [0x00000000ff200000, 0x00000000ff200000, 0x00000000ff2a0000)
 concurrent mark-sweep generation total 13696K, used 10431K [0x00000000ff2a0000, 0x0000000100000000, 0x0000000100000000)
 Metaspace       used 5073K, capacity 5258K, committed 5504K, reserved 1056768K
  class space    used 557K, capacity 597K, committed 640K, reserved 1048576K
2024-07-16T18:26:18.479+0800: 5.283: [GC (Allocation Failure) 2024-07-16T18:26:18.479+0800: 5.283: [ParNew: 5237K->8K(6144K), 0.0004937 secs] 15669K->11463K(19840K), 0.0005391 secs] [Times: user=0.00 sys=0.00, real=0.00 secs] 
Heap after GC invocations=684 (full 85):
 par new generation   total 6144K, used 8K [0x00000000fec00000, 0x00000000ff2a0000, 0x00000000ff2a0000)
  eden space 5504K,   0% used [0x00000000fec00000, 0x00000000fec00000, 0x00000000ff160000)
  from space 640K,   1% used [0x00000000ff200000, 0x00000000ff202040, 0x00000000ff2a0000)
  to   space 640K,   0% used [0x00000000ff160000, 0x00000000ff160000, 0x00000000ff200000)
 concurrent mark-sweep generation total 13696K, used 11455K [0x00000000ff2a0000, 0x0000000100000000, 0x0000000100000000)
 Metaspace       used 5073K, capacity 5258K, committed 5504K, reserved 1056768K
  class space    used 557K, capacity 597K, committed 640K, reserved 1048576K
}
{Heap before GC invocations=684 (full 85):
 par new generation   total 6144K, used 5236K [0x00000000fec00000, 0x00000000ff2a0000, 0x00000000ff2a0000)
  eden space 5504K,  94% used [0x00000000fec00000, 0x00000000ff11b258, 0x00000000ff160000)
  from space 640K,   1% used [0x00000000ff200000, 0x00000000ff202040, 0x00000000ff2a0000)
  to   space 640K,   0% used [0x00000000ff160000, 0x00000000ff160000, 0x00000000ff200000)
 concurrent mark-sweep generation total 13696K, used 11455K [0x00000000ff2a0000, 0x0000000100000000, 0x0000000100000000)
 Metaspace       used 5073K, capacity 5258K, committed 5504K, reserved 1056768K
  class space    used 557K, capacity 597K, committed 640K, reserved 1048576K
2024-07-16T18:26:18.485+0800: 5.289: [GC (Allocation Failure) 2024-07-16T18:26:18.485+0800: 5.289: [ParNew: 5236K->8K(6144K), 0.0005435 secs] 16691K->12487K(19840K), 0.0005899 secs] [Times: user=0.00 sys=0.00, real=0.00 secs] 
Heap after GC invocations=685 (full 85):
 par new generation   total 6144K, used 8K [0x00000000fec00000, 0x00000000ff2a0000, 0x00000000ff2a0000)
  eden space 5504K,   0% used [0x00000000fec00000, 0x00000000fec00000, 0x00000000ff160000)
  from space 640K,   1% used [0x00000000ff160000, 0x00000000ff162040, 0x00000000ff200000)
  to   space 640K,   0% used [0x00000000ff200000, 0x00000000ff200000, 0x00000000ff2a0000)
 concurrent mark-sweep generation total 13696K, used 12479K [0x00000000ff2a0000, 0x0000000100000000, 0x0000000100000000)
 Metaspace       used 5073K, capacity 5258K, committed 5504K, reserved 1056768K
  class space    used 557K, capacity 597K, committed 640K, reserved 1048576K
}
{Heap before GC invocations=685 (full 85):
 par new generation   total 6144K, used 5237K [0x00000000fec00000, 0x00000000ff2a0000, 0x00000000ff2a0000)
  eden space 5504K,  95% used [0x00000000fec00000, 0x00000000ff11b428, 0x00000000ff160000)
  from space 640K,   1% used [0x00000000ff160000, 0x00000000ff162040, 0x00000000ff200000)
  to   space 640K,   0% used [0x00000000ff200000, 0x00000000ff200000, 0x00000000ff2a0000)
 concurrent mark-sweep generation total 13696K, used 12479K [0x00000000ff2a0000, 0x0000000100000000, 0x0000000100000000)
 Metaspace       used 5073K, capacity 5258K, committed 5504K, reserved 1056768K
  class space    used 557K, capacity 597K, committed 640K, reserved 1048576K
2024-07-16T18:26:18.492+0800: 5.296: [GC (Allocation Failure) 2024-07-16T18:26:18.492+0800: 5.296: [ParNew: 5237K->5237K(6144K), 0.0000081 secs]2024-07-16T18:26:18.492+0800: 5.296: [CMS2024-07-16T18:26:18.492+0800: 5.296: [CMS-concurrent-abortable-preclean: 0.000/0.040 secs] [Times: user=0.00 sys=0.00, real=0.04 secs] 
 (concurrent mode failure): 12479K->1196K(13696K), 0.0022701 secs] 17716K->1196K(19840K), [Metaspace: 5073K->5073K(1056768K)], 0.0023148 secs] [Times: user=0.00 sys=0.00, real=0.00 secs] 
Heap after GC invocations=686 (full 86):
 par new generation   total 6144K, used 0K [0x00000000fec00000, 0x00000000ff2a0000, 0x00000000ff2a0000)
  eden space 5504K,   0% used [0x00000000fec00000, 0x00000000fec00000, 0x00000000ff160000)
  from space 640K,   0% used [0x00000000ff160000, 0x00000000ff160000, 0x00000000ff200000)
  to   space 640K,   0% used [0x00000000ff200000, 0x00000000ff200000, 0x00000000ff2a0000)
 concurrent mark-sweep generation total 13696K, used 1196K [0x00000000ff2a0000, 0x0000000100000000, 0x0000000100000000)
 Metaspace       used 5073K, capacity 5258K, committed 5504K, reserved 1056768K
  class space    used 557K, capacity 597K, committed 640K, reserved 1048576K
}
{Heap before GC invocations=686 (full 86):
 par new generation   total 6144K, used 5229K [0x00000000fec00000, 0x00000000ff2a0000, 0x00000000ff2a0000)
  eden space 5504K,  95% used [0x00000000fec00000, 0x00000000ff11b558, 0x00000000ff160000)
  from space 640K,   0% used [0x00000000ff160000, 0x00000000ff160000, 0x00000000ff200000)
  to   space 640K,   0% used [0x00000000ff200000, 0x00000000ff200000, 0x00000000ff2a0000)
 concurrent mark-sweep generation total 13696K, used 1196K [0x00000000ff2a0000, 0x0000000100000000, 0x0000000100000000)
 Metaspace       used 5073K, capacity 5258K, committed 5504K, reserved 1056768K
  class space    used 557K, capacity 597K, committed 640K, reserved 1048576K
2024-07-16T18:26:18.502+0800: 5.306: [GC (Allocation Failure) 2024-07-16T18:26:18.502+0800: 5.306: [ParNew: 5229K->4K(6144K), 0.0003462 secs] 6425K->1200K(19840K), 0.0003978 secs] [Times: user=0.00 sys=0.00, real=0.00 secs] 
Heap after GC invocations=687 (full 86):
 par new generation   total 6144K, used 4K [0x00000000fec00000, 0x00000000ff2a0000, 0x00000000ff2a0000)
  eden space 5504K,   0% used [0x00000000fec00000, 0x00000000fec00000, 0x00000000ff160000)
  from space 640K,   0% used [0x00000000ff200000, 0x00000000ff201020, 0x00000000ff2a0000)
  to   space 640K,   0% used [0x00000000ff160000, 0x00000000ff160000, 0x00000000ff200000)
 concurrent mark-sweep generation total 13696K, used 1196K [0x00000000ff2a0000, 0x0000000100000000, 0x0000000100000000)
 Metaspace       used 5073K, capacity 5258K, committed 5504K, reserved 1056768K
  class space    used 557K, capacity 597K, committed 640K, reserved 1048576K
}
{Heap before GC invocations=687 (full 86):
 par new generation   total 6144K, used 5233K [0x00000000fec00000, 0x00000000ff2a0000, 0x00000000ff2a0000)
  eden space 5504K,  95% used [0x00000000fec00000, 0x00000000ff11b620, 0x00000000ff160000)
  from space 640K,   0% used [0x00000000ff200000, 0x00000000ff201020, 0x00000000ff2a0000)
  to   space 640K,   0% used [0x00000000ff160000, 0x00000000ff160000, 0x00000000ff200000)
 concurrent mark-sweep generation total 13696K, used 1196K [0x00000000ff2a0000, 0x0000000100000000, 0x0000000100000000)
 Metaspace       used 5073K, capacity 5258K, committed 5504K, reserved 1056768K
  class space    used 557K, capacity 597K, committed 640K, reserved 1048576K
2024-07-16T18:26:18.510+0800: 5.314: [GC (Allocation Failure) 2024-07-16T18:26:18.510+0800: 5.314: [ParNew: 5233K->8K(6144K), 0.0005880 secs] 6430K->2230K(19840K), 0.0006624 secs] [Times: user=0.00 sys=0.00, real=0.00 secs] 
Heap after GC invocations=688 (full 86):
 par new generation   total 6144K, used 8K [0x00000000fec00000, 0x00000000ff2a0000, 0x00000000ff2a0000)
  eden space 5504K,   0% used [0x00000000fec00000, 0x00000000fec00000, 0x00000000ff160000)
  from space 640K,   1% used [0x00000000ff160000, 0x00000000ff162040, 0x00000000ff200000)
  to   space 640K,   0% used [0x00000000ff200000, 0x00000000ff200000, 0x00000000ff2a0000)
 concurrent mark-sweep generation total 13696K, used 2222K [0x00000000ff2a0000, 0x0000000100000000, 0x0000000100000000)
 Metaspace       used 5073K, capacity 5258K, committed 5504K, reserved 1056768K
  class space    used 557K, capacity 597K, committed 640K, reserved 1048576K
}
{Heap before GC invocations=688 (full 86):
 par new generation   total 6144K, used 5237K [0x00000000fec00000, 0x00000000ff2a0000, 0x00000000ff2a0000)
  eden space 5504K,  95% used [0x00000000fec00000, 0x00000000ff11b698, 0x00000000ff160000)
  from space 640K,   1% used [0x00000000ff160000, 0x00000000ff162040, 0x00000000ff200000)
  to   space 640K,   0% used [0x00000000ff200000, 0x00000000ff200000, 0x00000000ff2a0000)
 concurrent mark-sweep generation total 13696K, used 2222K [0x00000000ff2a0000, 0x0000000100000000, 0x0000000100000000)
 Metaspace       used 5073K, capacity 5258K, committed 5504K, reserved 1056768K
  class space    used 557K, capacity 597K, committed 640K, reserved 1048576K
2024-07-16T18:26:18.518+0800: 5.322: [GC (Allocation Failure) 2024-07-16T18:26:18.518+0800: 5.322: [ParNew: 5237K->6K(6144K), 0.0004971 secs] 7460K->3254K(19840K), 0.0005665 secs] [Times: user=0.00 sys=0.00, real=0.00 secs] 
Heap after GC invocations=689 (full 86):
 par new generation   total 6144K, used 6K [0x00000000fec00000, 0x00000000ff2a0000, 0x00000000ff2a0000)
  eden space 5504K,   0% used [0x00000000fec00000, 0x00000000fec00000, 0x00000000ff160000)
  from space 640K,   0% used [0x00000000ff200000, 0x00000000ff201830, 0x00000000ff2a0000)
  to   space 640K,   0% used [0x00000000ff160000, 0x00000000ff160000, 0x00000000ff200000)
 concurrent mark-sweep generation total 13696K, used 3248K [0x00000000ff2a0000, 0x0000000100000000, 0x0000000100000000)
 Metaspace       used 5073K, capacity 5258K, committed 5504K, reserved 1056768K
  class space    used 557K, capacity 597K, committed 640K, reserved 1048576K
}
{Heap before GC invocations=689 (full 86):
 par new generation   total 6144K, used 5235K [0x00000000fec00000, 0x00000000ff2a0000, 0x00000000ff2a0000)
  eden space 5504K,  95% used [0x00000000fec00000, 0x00000000ff11b6e8, 0x00000000ff160000)
  from space 640K,   0% used [0x00000000ff200000, 0x00000000ff201830, 0x00000000ff2a0000)
  to   space 640K,   0% used [0x00000000ff160000, 0x00000000ff160000, 0x00000000ff200000)
 concurrent mark-sweep generation total 13696K, used 3248K [0x00000000ff2a0000, 0x0000000100000000, 0x0000000100000000)
 Metaspace       used 5073K, capacity 5258K, committed 5504K, reserved 1056768K
  class space    used 557K, capacity 597K, committed 640K, reserved 1048576K
2024-07-16T18:26:18.525+0800: 5.329: [GC (Allocation Failure) 2024-07-16T18:26:18.525+0800: 5.329: [ParNew: 5235K->4K(6144K), 0.0002778 secs] 8484K->3252K(19840K), 0.0003139 secs] [Times: user=0.00 sys=0.00, real=0.00 secs] 
Heap after GC invocations=690 (full 86):
 par new generation   total 6144K, used 4K [0x00000000fec00000, 0x00000000ff2a0000, 0x00000000ff2a0000)
  eden space 5504K,   0% used [0x00000000fec00000, 0x00000000fec00000, 0x00000000ff160000)
  from space 640K,   0% used [0x00000000ff160000, 0x00000000ff161020, 0x00000000ff200000)
  to   space 640K,   0% used [0x00000000ff200000, 0x00000000ff200000, 0x00000000ff2a0000)
 concurrent mark-sweep generation total 13696K, used 3248K [0x00000000ff2a0000, 0x0000000100000000, 0x0000000100000000)
 Metaspace       used 5073K, capacity 5258K, committed 5504K, reserved 1056768K
  class space    used 557K, capacity 597K, committed 640K, reserved 1048576K
}
{Heap before GC invocations=690 (full 86):
 par new generation   total 6144K, used 5233K [0x00000000fec00000, 0x00000000ff2a0000, 0x00000000ff2a0000)
  eden space 5504K,  95% used [0x00000000fec00000, 0x00000000ff11b720, 0x00000000ff160000)
  from space 640K,   0% used [0x00000000ff160000, 0x00000000ff161020, 0x00000000ff200000)
  to   space 640K,   0% used [0x00000000ff200000, 0x00000000ff200000, 0x00000000ff2a0000)
 concurrent mark-sweep generation total 13696K, used 3248K [0x00000000ff2a0000, 0x0000000100000000, 0x0000000100000000)
 Metaspace       used 5073K, capacity 5258K, committed 5504K, reserved 1056768K
  class space    used 557K, capacity 597K, committed 640K, reserved 1048576K
2024-07-16T18:26:18.533+0800: 5.337: [GC (Allocation Failure) 2024-07-16T18:26:18.533+0800: 5.337: [ParNew: 5233K->4K(6144K), 0.0002479 secs] 8482K->3252K(19840K), 0.0002866 secs] [Times: user=0.00 sys=0.00, real=0.00 secs] 
Heap after GC invocations=691 (full 86):
 par new generation   total 6144K, used 4K [0x00000000fec00000, 0x00000000ff2a0000, 0x00000000ff2a0000)
  eden space 5504K,   0% used [0x00000000fec00000, 0x00000000fec00000, 0x00000000ff160000)
  from space 640K,   0% used [0x00000000ff200000, 0x00000000ff201020, 0x00000000ff2a0000)
  to   space 640K,   0% used [0x00000000ff160000, 0x00000000ff160000, 0x00000000ff200000)
 concurrent mark-sweep generation total 13696K, used 3248K [0x00000000ff2a0000, 0x0000000100000000, 0x0000000100000000)
 Metaspace       used 5073K, capacity 5258K, committed 5504K, reserved 1056768K
  class space    used 557K, capacity 597K, committed 640K, reserved 1048576K
}
{Heap before GC invocations=691 (full 86):
 par new generation   total 6144K, used 5233K [0x00000000fec00000, 0x00000000ff2a0000, 0x00000000ff2a0000)
  eden space 5504K,  95% used [0x00000000fec00000, 0x00000000ff11b740, 0x00000000ff160000)
  from space 640K,   0% used [0x00000000ff200000, 0x00000000ff201020, 0x00000000ff2a0000)
  to   space 640K,   0% used [0x00000000ff160000, 0x00000000ff160000, 0x00000000ff200000)
 concurrent mark-sweep generation total 13696K, used 3248K [0x00000000ff2a0000, 0x0000000100000000, 0x0000000100000000)
 Metaspace       used 5073K, capacity 5258K, committed 5504K, reserved 1056768K
  class space    used 557K, capacity 597K, committed 640K, reserved 1048576K
2024-07-16T18:26:18.539+0800: 5.343: [GC (Allocation Failure) 2024-07-16T18:26:18.539+0800: 5.343: [ParNew: 5233K->10K(6144K), 0.0003588 secs] 8482K->4284K(19840K), 0.0003861 secs] [Times: user=0.00 sys=0.00, real=0.00 secs] 
Heap after GC invocations=692 (full 86):
 par new generation   total 6144K, used 10K [0x00000000fec00000, 0x00000000ff2a0000, 0x00000000ff2a0000)
  eden space 5504K,   0% used [0x00000000fec00000, 0x00000000fec00000, 0x00000000ff160000)
  from space 640K,   1% used [0x00000000ff160000, 0x00000000ff162850, 0x00000000ff200000)
  to   space 640K,   0% used [0x00000000ff200000, 0x00000000ff200000, 0x00000000ff2a0000)
 concurrent mark-sweep generation total 13696K, used 4274K [0x00000000ff2a0000, 0x0000000100000000, 0x0000000100000000)
 Metaspace       used 5073K, capacity 5258K, committed 5504K, reserved 1056768K
  class space    used 557K, capacity 597K, committed 640K, reserved 1048576K
}
{Heap before GC invocations=692 (full 86):
 par new generation   total 6144K, used 5239K [0x00000000fec00000, 0x00000000ff2a0000, 0x00000000ff2a0000)
  eden space 5504K,  95% used [0x00000000fec00000, 0x00000000ff11b758, 0x00000000ff160000)
  from space 640K,   1% used [0x00000000ff160000, 0x00000000ff162850, 0x00000000ff200000)
  to   space 640K,   0% used [0x00000000ff200000, 0x00000000ff200000, 0x00000000ff2a0000)
 concurrent mark-sweep generation total 13696K, used 4274K [0x00000000ff2a0000, 0x0000000100000000, 0x0000000100000000)
 Metaspace       used 5073K, capacity 5258K, committed 5504K, reserved 1056768K
  class space    used 557K, capacity 597K, committed 640K, reserved 1048576K
2024-07-16T18:26:18.545+0800: 5.349: [GC (Allocation Failure) 2024-07-16T18:26:18.545+0800: 5.349: [ParNew: 5239K->8K(6144K), 0.0003403 secs] 9514K->5308K(19840K), 0.0003681 secs] [Times: user=0.00 sys=0.00, real=0.00 secs] 
Heap after GC invocations=693 (full 86):
 par new generation   total 6144K, used 8K [0x00000000fec00000, 0x00000000ff2a0000, 0x00000000ff2a0000)
  eden space 5504K,   0% used [0x00000000fec00000, 0x00000000fec00000, 0x00000000ff160000)
  from space 640K,   1% used [0x00000000ff200000, 0x00000000ff202040, 0x00000000ff2a0000)
  to   space 640K,   0% used [0x00000000ff160000, 0x00000000ff160000, 0x00000000ff200000)
 concurrent mark-sweep generation total 13696K, used 5300K [0x00000000ff2a0000, 0x0000000100000000, 0x0000000100000000)
 Metaspace       used 5073K, capacity 5258K, committed 5504K, reserved 1056768K
  class space    used 557K, capacity 597K, committed 640K, reserved 1048576K
}
2024-07-16T18:26:18.545+0800: 5.350: [GC (CMS Initial Mark) [1 CMS-initial-mark: 5300K(13696K)] 6332K(19840K), 0.0004042 secs] [Times: user=0.00 sys=0.00, real=0.00 secs] 
2024-07-16T18:26:18.546+0800: 5.350: [CMS-concurrent-mark-start]
2024-07-16T18:26:18.549+0800: 5.354: [CMS-concurrent-mark: 0.003/0.003 secs] [Times: user=0.05 sys=0.00, real=0.00 secs] 
2024-07-16T18:26:18.549+0800: 5.354: [CMS-concurrent-preclean-start]
2024-07-16T18:26:18.549+0800: 5.354: [CMS-concurrent-preclean: 0.000/0.000 secs] [Times: user=0.00 sys=0.00, real=0.00 secs] 
2024-07-16T18:26:18.549+0800: 5.354: [CMS-concurrent-abortable-preclean-start]
{Heap before GC invocations=693 (full 87):
 par new generation   total 6144K, used 5237K [0x00000000fec00000, 0x00000000ff2a0000, 0x00000000ff2a0000)
  eden space 5504K,  95% used [0x00000000fec00000, 0x00000000ff11b760, 0x00000000ff160000)
  from space 640K,   1% used [0x00000000ff200000, 0x00000000ff202040, 0x00000000ff2a0000)
  to   space 640K,   0% used [0x00000000ff160000, 0x00000000ff160000, 0x00000000ff200000)
 concurrent mark-sweep generation total 13696K, used 5300K [0x00000000ff2a0000, 0x0000000100000000, 0x0000000100000000)
 Metaspace       used 5073K, capacity 5258K, committed 5504K, reserved 1056768K
  class space    used 557K, capacity 597K, committed 640K, reserved 1048576K
2024-07-16T18:26:18.554+0800: 5.358: [GC (Allocation Failure) 2024-07-16T18:26:18.554+0800: 5.358: [ParNew: 5237K->10K(6144K), 0.0003738 secs] 10538K->6337K(19840K), 0.0003994 secs] [Times: user=0.00 sys=0.00, real=0.00 secs] 
Heap after GC invocations=694 (full 87):
 par new generation   total 6144K, used 10K [0x00000000fec00000, 0x00000000ff2a0000, 0x00000000ff2a0000)
  eden space 5504K,   0% used [0x00000000fec00000, 0x00000000fec00000, 0x00000000ff160000)
  from space 640K,   1% used [0x00000000ff160000, 0x00000000ff162850, 0x00000000ff200000)
  to   space 640K,   0% used [0x00000000ff200000, 0x00000000ff200000, 0x00000000ff2a0000)
 concurrent mark-sweep generation total 13696K, used 6326K [0x00000000ff2a0000, 0x0000000100000000, 0x0000000100000000)
 Metaspace       used 5073K, capacity 5258K, committed 5504K, reserved 1056768K
  class space    used 557K, capacity 597K, committed 640K, reserved 1048576K
}
{Heap before GC invocations=694 (full 87):
 par new generation   total 6144K, used 5239K [0x00000000fec00000, 0x00000000ff2a0000, 0x00000000ff2a0000)
  eden space 5504K,  95% used [0x00000000fec00000, 0x00000000ff11b770, 0x00000000ff160000)
  from space 640K,   1% used [0x00000000ff160000, 0x00000000ff162850, 0x00000000ff200000)
  to   space 640K,   0% used [0x00000000ff200000, 0x00000000ff200000, 0x00000000ff2a0000)
 concurrent mark-sweep generation total 13696K, used 6326K [0x00000000ff2a0000, 0x0000000100000000, 0x0000000100000000)
 Metaspace       used 5073K, capacity 5258K, committed 5504K, reserved 1056768K
  class space    used 557K, capacity 597K, committed 640K, reserved 1048576K
2024-07-16T18:26:18.560+0800: 5.364: [GC (Allocation Failure) 2024-07-16T18:26:18.560+0800: 5.364: [ParNew: 5239K->8K(6144K), 0.0003381 secs] 11566K->7359K(19840K), 0.0003643 secs] [Times: user=0.00 sys=0.00, real=0.00 secs] 
Heap after GC invocations=695 (full 87):
 par new generation   total 6144K, used 8K [0x00000000fec00000, 0x00000000ff2a0000, 0x00000000ff2a0000)
  eden space 5504K,   0% used [0x00000000fec00000, 0x00000000fec00000, 0x00000000ff160000)
  from space 640K,   1% used [0x00000000ff200000, 0x00000000ff202040, 0x00000000ff2a0000)
  to   space 640K,   0% used [0x00000000ff160000, 0x00000000ff160000, 0x00000000ff200000)
 concurrent mark-sweep generation total 13696K, used 7350K [0x00000000ff2a0000, 0x0000000100000000, 0x0000000100000000)
 Metaspace       used 5073K, capacity 5258K, committed 5504K, reserved 1056768K
  class space    used 557K, capacity 597K, committed 640K, reserved 1048576K
}
{Heap before GC invocations=695 (full 87):
 par new generation   total 6144K, used 5237K [0x00000000fec00000, 0x00000000ff2a0000, 0x00000000ff2a0000)
  eden space 5504K,  95% used [0x00000000fec00000, 0x00000000ff11b770, 0x00000000ff160000)
  from space 640K,   1% used [0x00000000ff200000, 0x00000000ff202040, 0x00000000ff2a0000)
  to   space 640K,   0% used [0x00000000ff160000, 0x00000000ff160000, 0x00000000ff200000)
 concurrent mark-sweep generation total 13696K, used 7350K [0x00000000ff2a0000, 0x0000000100000000, 0x0000000100000000)
 Metaspace       used 5073K, capacity 5258K, committed 5504K, reserved 1056768K
  class space    used 557K, capacity 597K, committed 640K, reserved 1048576K
2024-07-16T18:26:18.567+0800: 5.371: [GC (Allocation Failure) 2024-07-16T18:26:18.567+0800: 5.371: [ParNew: 5237K->4K(6144K), 0.0003000 secs] 12588K->7354K(19840K), 0.0003303 secs] [Times: user=0.00 sys=0.00, real=0.00 secs] 
Heap after GC invocations=696 (full 87):
 par new generation   total 6144K, used 4K [0x00000000fec00000, 0x00000000ff2a0000, 0x00000000ff2a0000)
  eden space 5504K,   0% used [0x00000000fec00000, 0x00000000fec00000, 0x00000000ff160000)
  from space 640K,   0% used [0x00000000ff160000, 0x00000000ff161020, 0x00000000ff200000)
  to   space 640K,   0% used [0x00000000ff200000, 0x00000000ff200000, 0x00000000ff2a0000)
 concurrent mark-sweep generation total 13696K, used 7350K [0x00000000ff2a0000, 0x0000000100000000, 0x0000000100000000)
 Metaspace       used 5073K, capacity 5258K, committed 5504K, reserved 1056768K
  class space    used 557K, capacity 597K, committed 640K, reserved 1048576K
}
{Heap before GC invocations=696 (full 87):
 par new generation   total 6144K, used 5233K [0x00000000fec00000, 0x00000000ff2a0000, 0x00000000ff2a0000)
  eden space 5504K,  95% used [0x00000000fec00000, 0x00000000ff11b778, 0x00000000ff160000)
  from space 640K,   0% used [0x00000000ff160000, 0x00000000ff161020, 0x00000000ff200000)
  to   space 640K,   0% used [0x00000000ff200000, 0x00000000ff200000, 0x00000000ff2a0000)
 concurrent mark-sweep generation total 13696K, used 7350K [0x00000000ff2a0000, 0x0000000100000000, 0x0000000100000000)
 Metaspace       used 5073K, capacity 5258K, committed 5504K, reserved 1056768K
  class space    used 557K, capacity 597K, committed 640K, reserved 1048576K
2024-07-16T18:26:18.573+0800: 5.377: [GC (Allocation Failure) 2024-07-16T18:26:18.573+0800: 5.377: [ParNew: 5233K->10K(6144K), 0.0003370 secs] 12584K->8385K(19840K), 0.0003663 secs] [Times: user=0.00 sys=0.00, real=0.00 secs] 
Heap after GC invocations=697 (full 87):
 par new generation   total 6144K, used 10K [0x00000000fec00000, 0x00000000ff2a0000, 0x00000000ff2a0000)
  eden space 5504K,   0% used [0x00000000fec00000, 0x00000000fec00000, 0x00000000ff160000)
  from space 640K,   1% used [0x00000000ff200000, 0x00000000ff202850, 0x00000000ff2a0000)
  to   space 640K,   0% used [0x00000000ff160000, 0x00000000ff160000, 0x00000000ff200000)
 concurrent mark-sweep generation total 13696K, used 8374K [0x00000000ff2a0000, 0x0000000100000000, 0x0000000100000000)
 Metaspace       used 5073K, capacity 5258K, committed 5504K, reserved 1056768K
  class space    used 557K, capacity 597K, committed 640K, reserved 1048576K
}
{Heap before GC invocations=697 (full 87):
 par new generation   total 6144K, used 5239K [0x00000000fec00000, 0x00000000ff2a0000, 0x00000000ff2a0000)
  eden space 5504K,  95% used [0x00000000fec00000, 0x00000000ff11b778, 0x00000000ff160000)
  from space 640K,   1% used [0x00000000ff200000, 0x00000000ff202850, 0x00000000ff2a0000)
  to   space 640K,   0% used [0x00000000ff160000, 0x00000000ff160000, 0x00000000ff200000)
 concurrent mark-sweep generation total 13696K, used 8374K [0x00000000ff2a0000, 0x0000000100000000, 0x0000000100000000)
 Metaspace       used 5073K, capacity 5258K, committed 5504K, reserved 1056768K
  class space    used 557K, capacity 597K, committed 640K, reserved 1048576K
2024-07-16T18:26:18.582+0800: 5.386: [GC (Allocation Failure) 2024-07-16T18:26:18.582+0800: 5.386: [ParNew: 5239K->4K(6144K), 0.0004162 secs] 13614K->8378K(19840K), 0.0004664 secs] [Times: user=0.00 sys=0.00, real=0.00 secs] 
Heap after GC invocations=698 (full 87):
 par new generation   total 6144K, used 4K [0x00000000fec00000, 0x00000000ff2a0000, 0x00000000ff2a0000)
  eden space 5504K,   0% used [0x00000000fec00000, 0x00000000fec00000, 0x00000000ff160000)
  from space 640K,   0% used [0x00000000ff160000, 0x00000000ff161020, 0x00000000ff200000)
  to   space 640K,   0% used [0x00000000ff200000, 0x00000000ff200000, 0x00000000ff2a0000)
 concurrent mark-sweep generation total 13696K, used 8374K [0x00000000ff2a0000, 0x0000000100000000, 0x0000000100000000)
 Metaspace       used 5073K, capacity 5258K, committed 5504K, reserved 1056768K
  class space    used 557K, capacity 597K, committed 640K, reserved 1048576K
}
{Heap before GC invocations=698 (full 87):
 par new generation   total 6144K, used 5233K [0x00000000fec00000, 0x00000000ff2a0000, 0x00000000ff2a0000)
  eden space 5504K,  95% used [0x00000000fec00000, 0x00000000ff11b778, 0x00000000ff160000)
  from space 640K,   0% used [0x00000000ff160000, 0x00000000ff161020, 0x00000000ff200000)
  to   space 640K,   0% used [0x00000000ff200000, 0x00000000ff200000, 0x00000000ff2a0000)
 concurrent mark-sweep generation total 13696K, used 8374K [0x00000000ff2a0000, 0x0000000100000000, 0x0000000100000000)
 Metaspace       used 5073K, capacity 5258K, committed 5504K, reserved 1056768K
  class space    used 557K, capacity 597K, committed 640K, reserved 1048576K
2024-07-16T18:26:18.589+0800: 5.393: [GC (Allocation Failure) 2024-07-16T18:26:18.589+0800: 5.393: [ParNew: 5233K->8K(6144K), 0.0003478 secs] 13608K->9409K(19840K), 0.0003903 secs] [Times: user=0.00 sys=0.00, real=0.00 secs] 
Heap after GC invocations=699 (full 87):
 par new generation   total 6144K, used 8K [0x00000000fec00000, 0x00000000ff2a0000, 0x00000000ff2a0000)
  eden space 5504K,   0% used [0x00000000fec00000, 0x00000000fec00000, 0x00000000ff160000)
  from space 640K,   1% used [0x00000000ff200000, 0x00000000ff202040, 0x00000000ff2a0000)
  to   space 640K,   0% used [0x00000000ff160000, 0x00000000ff160000, 0x00000000ff200000)
 concurrent mark-sweep generation total 13696K, used 9401K [0x00000000ff2a0000, 0x0000000100000000, 0x0000000100000000)
 Metaspace       used 5073K, capacity 5258K, committed 5504K, reserved 1056768K
  class space    used 557K, capacity 597K, committed 640K, reserved 1048576K
}
{Heap before GC invocations=699 (full 87):
 par new generation   total 6144K, used 5237K [0x00000000fec00000, 0x00000000ff2a0000, 0x00000000ff2a0000)
  eden space 5504K,  95% used [0x00000000fec00000, 0x00000000ff11b778, 0x00000000ff160000)
  from space 640K,   1% used [0x00000000ff200000, 0x00000000ff202040, 0x00000000ff2a0000)
  to   space 640K,   0% used [0x00000000ff160000, 0x00000000ff160000, 0x00000000ff200000)
 concurrent mark-sweep generation total 13696K, used 9401K [0x00000000ff2a0000, 0x0000000100000000, 0x0000000100000000)
 Metaspace       used 5073K, capacity 5258K, committed 5504K, reserved 1056768K
  class space    used 557K, capacity 597K, committed 640K, reserved 1048576K
2024-07-16T18:26:18.597+0800: 5.401: [GC (Allocation Failure) 2024-07-16T18:26:18.597+0800: 5.401: [ParNew: 5237K->4K(6144K), 0.0003052 secs] 14638K->9405K(19840K), 0.0003352 secs] [Times: user=0.00 sys=0.00, real=0.00 secs] 
Heap after GC invocations=700 (full 87):
 par new generation   total 6144K, used 4K [0x00000000fec00000, 0x00000000ff2a0000, 0x00000000ff2a0000)
  eden space 5504K,   0% used [0x00000000fec00000, 0x00000000fec00000, 0x00000000ff160000)
  from space 640K,   0% used [0x00000000ff160000, 0x00000000ff161020, 0x00000000ff200000)
  to   space 640K,   0% used [0x00000000ff200000, 0x00000000ff200000, 0x00000000ff2a0000)
 concurrent mark-sweep generation total 13696K, used 9401K [0x00000000ff2a0000, 0x0000000100000000, 0x0000000100000000)
 Metaspace       used 5073K, capacity 5258K, committed 5504K, reserved 1056768K
  class space    used 557K, capacity 597K, committed 640K, reserved 1048576K
}
{Heap before GC invocations=700 (full 87):
 par new generation   total 6144K, used 5233K [0x00000000fec00000, 0x00000000ff2a0000, 0x00000000ff2a0000)
  eden space 5504K,  95% used [0x00000000fec00000, 0x00000000ff11b778, 0x00000000ff160000)
  from space 640K,   0% used [0x00000000ff160000, 0x00000000ff161020, 0x00000000ff200000)
  to   space 640K,   0% used [0x00000000ff200000, 0x00000000ff200000, 0x00000000ff2a0000)
 concurrent mark-sweep generation total 13696K, used 9401K [0x00000000ff2a0000, 0x0000000100000000, 0x0000000100000000)
 Metaspace       used 5073K, capacity 5258K, committed 5504K, reserved 1056768K
  class space    used 557K, capacity 597K, committed 640K, reserved 1048576K
2024-07-16T18:26:18.605+0800: 5.409: [GC (Allocation Failure) 2024-07-16T18:26:18.605+0800: 5.409: [ParNew: 5233K->6K(6144K), 0.0005840 secs] 14634K->10433K(19840K), 0.0006636 secs] [Times: user=0.00 sys=0.00, real=0.00 secs] 
Heap after GC invocations=701 (full 87):
 par new generation   total 6144K, used 6K [0x00000000fec00000, 0x00000000ff2a0000, 0x00000000ff2a0000)
  eden space 5504K,   0% used [0x00000000fec00000, 0x00000000fec00000, 0x00000000ff160000)
  from space 640K,   0% used [0x00000000ff200000, 0x00000000ff201830, 0x00000000ff2a0000)
  to   space 640K,   0% used [0x00000000ff160000, 0x00000000ff160000, 0x00000000ff200000)
 concurrent mark-sweep generation total 13696K, used 10427K [0x00000000ff2a0000, 0x0000000100000000, 0x0000000100000000)
 Metaspace       used 5073K, capacity 5258K, committed 5504K, reserved 1056768K
  class space    used 557K, capacity 597K, committed 640K, reserved 1048576K
}
{Heap before GC invocations=701 (full 87):
 par new generation   total 6144K, used 5235K [0x00000000fec00000, 0x00000000ff2a0000, 0x00000000ff2a0000)
  eden space 5504K,  95% used [0x00000000fec00000, 0x00000000ff11b778, 0x00000000ff160000)
  from space 640K,   0% used [0x00000000ff200000, 0x00000000ff201830, 0x00000000ff2a0000)
  to   space 640K,   0% used [0x00000000ff160000, 0x00000000ff160000, 0x00000000ff200000)
 concurrent mark-sweep generation total 13696K, used 10427K [0x00000000ff2a0000, 0x0000000100000000, 0x0000000100000000)
 Metaspace       used 5073K, capacity 5258K, committed 5504K, reserved 1056768K
  class space    used 557K, capacity 597K, committed 640K, reserved 1048576K
2024-07-16T18:26:18.612+0800: 5.416: [GC (Allocation Failure) 2024-07-16T18:26:18.612+0800: 5.416: [ParNew: 5235K->4K(6144K), 0.0003988 secs] 15663K->10431K(19840K), 0.0004691 secs] [Times: user=0.00 sys=0.00, real=0.00 secs] 
Heap after GC invocations=702 (full 87):
 par new generation   total 6144K, used 4K [0x00000000fec00000, 0x00000000ff2a0000, 0x00000000ff2a0000)
  eden space 5504K,   0% used [0x00000000fec00000, 0x00000000fec00000, 0x00000000ff160000)
  from space 640K,   0% used [0x00000000ff160000, 0x00000000ff161020, 0x00000000ff200000)
  to   space 640K,   0% used [0x00000000ff200000, 0x00000000ff200000, 0x00000000ff2a0000)
 concurrent mark-sweep generation total 13696K, used 10427K [0x00000000ff2a0000, 0x0000000100000000, 0x0000000100000000)
 Metaspace       used 5073K, capacity 5258K, committed 5504K, reserved 1056768K
  class space    used 557K, capacity 597K, committed 640K, reserved 1048576K
}
{Heap before GC invocations=702 (full 87):
 par new generation   total 6144K, used 5233K [0x00000000fec00000, 0x00000000ff2a0000, 0x00000000ff2a0000)
  eden space 5504K,  95% used [0x00000000fec00000, 0x00000000ff11b778, 0x00000000ff160000)
  from space 640K,   0% used [0x00000000ff160000, 0x00000000ff161020, 0x00000000ff200000)
  to   space 640K,   0% used [0x00000000ff200000, 0x00000000ff200000, 0x00000000ff2a0000)
 concurrent mark-sweep generation total 13696K, used 10427K [0x00000000ff2a0000, 0x0000000100000000, 0x0000000100000000)
 Metaspace       used 5073K, capacity 5258K, committed 5504K, reserved 1056768K
  class space    used 557K, capacity 597K, committed 640K, reserved 1048576K
2024-07-16T18:26:18.619+0800: 5.423: [GC (Allocation Failure) 2024-07-16T18:26:18.619+0800: 5.423: [ParNew: 5233K->8K(6144K), 0.0004208 secs] 15660K->11459K(19840K), 0.0004592 secs] [Times: user=0.00 sys=0.00, real=0.00 secs] 
Heap after GC invocations=703 (full 87):
 par new generation   total 6144K, used 8K [0x00000000fec00000, 0x00000000ff2a0000, 0x00000000ff2a0000)
  eden space 5504K,   0% used [0x00000000fec00000, 0x00000000fec00000, 0x00000000ff160000)
  from space 640K,   1% used [0x00000000ff200000, 0x00000000ff202040, 0x00000000ff2a0000)
  to   space 640K,   0% used [0x00000000ff160000, 0x00000000ff160000, 0x00000000ff200000)
 concurrent mark-sweep generation total 13696K, used 11451K [0x00000000ff2a0000, 0x0000000100000000, 0x0000000100000000)
 Metaspace       used 5073K, capacity 5258K, committed 5504K, reserved 1056768K
  class space    used 557K, capacity 597K, committed 640K, reserved 1048576K
}
{Heap before GC invocations=703 (full 87):
 par new generation   total 6144K, used 5237K [0x00000000fec00000, 0x00000000ff2a0000, 0x00000000ff2a0000)
  eden space 5504K,  95% used [0x00000000fec00000, 0x00000000ff11b778, 0x00000000ff160000)
  from space 640K,   1% used [0x00000000ff200000, 0x00000000ff202040, 0x00000000ff2a0000)
  to   space 640K,   0% used [0x00000000ff160000, 0x00000000ff160000, 0x00000000ff200000)
 concurrent mark-sweep generation total 13696K, used 11451K [0x00000000ff2a0000, 0x0000000100000000, 0x0000000100000000)
 Metaspace       used 5073K, capacity 5258K, committed 5504K, reserved 1056768K
  class space    used 557K, capacity 597K, committed 640K, reserved 1048576K
2024-07-16T18:26:18.627+0800: 5.431: [GC (Allocation Failure) 2024-07-16T18:26:18.627+0800: 5.431: [ParNew: 5237K->4K(6144K), 0.0002793 secs] 16689K->11455K(19840K), 0.0003075 secs] [Times: user=0.00 sys=0.00, real=0.00 secs] 
Heap after GC invocations=704 (full 87):
 par new generation   total 6144K, used 4K [0x00000000fec00000, 0x00000000ff2a0000, 0x00000000ff2a0000)
  eden space 5504K,   0% used [0x00000000fec00000, 0x00000000fec00000, 0x00000000ff160000)
  from space 640K,   0% used [0x00000000ff160000, 0x00000000ff161020, 0x00000000ff200000)
  to   space 640K,   0% used [0x00000000ff200000, 0x00000000ff200000, 0x00000000ff2a0000)
 concurrent mark-sweep generation total 13696K, used 11451K [0x00000000ff2a0000, 0x0000000100000000, 0x0000000100000000)
 Metaspace       used 5073K, capacity 5258K, committed 5504K, reserved 1056768K
  class space    used 557K, capacity 597K, committed 640K, reserved 1048576K
}
{Heap before GC invocations=704 (full 87):
 par new generation   total 6144K, used 5233K [0x00000000fec00000, 0x00000000ff2a0000, 0x00000000ff2a0000)
  eden space 5504K,  95% used [0x00000000fec00000, 0x00000000ff11b780, 0x00000000ff160000)
  from space 640K,   0% used [0x00000000ff160000, 0x00000000ff161020, 0x00000000ff200000)
  to   space 640K,   0% used [0x00000000ff200000, 0x00000000ff200000, 0x00000000ff2a0000)
 concurrent mark-sweep generation total 13696K, used 11451K [0x00000000ff2a0000, 0x0000000100000000, 0x0000000100000000)
 Metaspace       used 5073K, capacity 5258K, committed 5504K, reserved 1056768K
  class space    used 557K, capacity 597K, committed 640K, reserved 1048576K
2024-07-16T18:26:18.634+0800: 5.438: [GC (Allocation Failure) 2024-07-16T18:26:18.634+0800: 5.438: [ParNew: 5233K->10K(6144K), 0.0005774 secs] 16685K->12485K(19840K), 0.0006713 secs] [Times: user=0.00 sys=0.00, real=0.00 secs] 
Heap after GC invocations=705 (full 87):
 par new generation   total 6144K, used 10K [0x00000000fec00000, 0x00000000ff2a0000, 0x00000000ff2a0000)
  eden space 5504K,   0% used [0x00000000fec00000, 0x00000000fec00000, 0x00000000ff160000)
  from space 640K,   1% used [0x00000000ff200000, 0x00000000ff202850, 0x00000000ff2a0000)
  to   space 640K,   0% used [0x00000000ff160000, 0x00000000ff160000, 0x00000000ff200000)
 concurrent mark-sweep generation total 13696K, used 12475K [0x00000000ff2a0000, 0x0000000100000000, 0x0000000100000000)
 Metaspace       used 5073K, capacity 5258K, committed 5504K, reserved 1056768K
  class space    used 557K, capacity 597K, committed 640K, reserved 1048576K
}
{Heap before GC invocations=705 (full 87):
 par new generation   total 6144K, used 5239K [0x00000000fec00000, 0x00000000ff2a0000, 0x00000000ff2a0000)
  eden space 5504K,  95% used [0x00000000fec00000, 0x00000000ff11b780, 0x00000000ff160000)
  from space 640K,   1% used [0x00000000ff200000, 0x00000000ff202850, 0x00000000ff2a0000)
  to   space 640K,   0% used [0x00000000ff160000, 0x00000000ff160000, 0x00000000ff200000)
 concurrent mark-sweep generation total 13696K, used 12475K [0x00000000ff2a0000, 0x0000000100000000, 0x0000000100000000)
 Metaspace       used 5073K, capacity 5258K, committed 5504K, reserved 1056768K
  class space    used 557K, capacity 597K, committed 640K, reserved 1048576K
2024-07-16T18:26:18.643+0800: 5.447: [GC (Allocation Failure) 2024-07-16T18:26:18.643+0800: 5.447: [ParNew: 5239K->5239K(6144K), 0.0000149 secs]2024-07-16T18:26:18.643+0800: 5.447: [CMS2024-07-16T18:26:18.643+0800: 5.447: [CMS-concurrent-abortable-preclean: 0.001/0.093 secs] [Times: user=0.00 sys=0.00, real=0.09 secs] 
 (concurrent mode failure): 12475K->2220K(13696K), 0.0030959 secs] 17715K->2220K(19840K), [Metaspace: 5073K->5073K(1056768K)], 0.0031677 secs] [Times: user=0.00 sys=0.00, real=0.00 secs] 
Heap after GC invocations=706 (full 88):
 par new generation   total 6144K, used 0K [0x00000000fec00000, 0x00000000ff2a0000, 0x00000000ff2a0000)
  eden space 5504K,   0% used [0x00000000fec00000, 0x00000000fec00000, 0x00000000ff160000)
  from space 640K,   0% used [0x00000000ff200000, 0x00000000ff200000, 0x00000000ff2a0000)
  to   space 640K,   0% used [0x00000000ff160000, 0x00000000ff160000, 0x00000000ff200000)
 concurrent mark-sweep generation total 13696K, used 2220K [0x00000000ff2a0000, 0x0000000100000000, 0x0000000100000000)
 Metaspace       used 5073K, capacity 5258K, committed 5504K, reserved 1056768K
  class space    used 557K, capacity 597K, committed 640K, reserved 1048576K
}
{Heap before GC invocations=706 (full 88):
 par new generation   total 6144K, used 5229K [0x00000000fec00000, 0x00000000ff2a0000, 0x00000000ff2a0000)
  eden space 5504K,  95% used [0x00000000fec00000, 0x00000000ff11b780, 0x00000000ff160000)
  from space 640K,   0% used [0x00000000ff200000, 0x00000000ff200000, 0x00000000ff2a0000)
  to   space 640K,   0% used [0x00000000ff160000, 0x00000000ff160000, 0x00000000ff200000)
 concurrent mark-sweep generation total 13696K, used 2220K [0x00000000ff2a0000, 0x0000000100000000, 0x0000000100000000)
 Metaspace       used 5073K, capacity 5258K, committed 5504K, reserved 1056768K
  class space    used 557K, capacity 597K, committed 640K, reserved 1048576K
2024-07-16T18:26:18.653+0800: 5.457: [GC (Allocation Failure) 2024-07-16T18:26:18.653+0800: 5.457: [ParNew: 5229K->10K(6144K), 0.0004153 secs] 7450K->3256K(19840K), 0.0004669 secs] [Times: user=0.00 sys=0.00, real=0.00 secs] 
Heap after GC invocations=707 (full 88):
 par new generation   total 6144K, used 10K [0x00000000fec00000, 0x00000000ff2a0000, 0x00000000ff2a0000)
  eden space 5504K,   0% used [0x00000000fec00000, 0x00000000fec00000, 0x00000000ff160000)
  from space 640K,   1% used [0x00000000ff160000, 0x00000000ff162850, 0x00000000ff200000)
  to   space 640K,   0% used [0x00000000ff200000, 0x00000000ff200000, 0x00000000ff2a0000)
 concurrent mark-sweep generation total 13696K, used 3246K [0x00000000ff2a0000, 0x0000000100000000, 0x0000000100000000)
 Metaspace       used 5073K, capacity 5258K, committed 5504K, reserved 1056768K
  class space    used 557K, capacity 597K, committed 640K, reserved 1048576K
}
{Heap before GC invocations=707 (full 88):
 par new generation   total 6144K, used 5239K [0x00000000fec00000, 0x00000000ff2a0000, 0x00000000ff2a0000)
  eden space 5504K,  95% used [0x00000000fec00000, 0x00000000ff11b780, 0x00000000ff160000)
  from space 640K,   1% used [0x00000000ff160000, 0x00000000ff162850, 0x00000000ff200000)
  to   space 640K,   0% used [0x00000000ff200000, 0x00000000ff200000, 0x00000000ff2a0000)
 concurrent mark-sweep generation total 13696K, used 3246K [0x00000000ff2a0000, 0x0000000100000000, 0x0000000100000000)
 Metaspace       used 5073K, capacity 5258K, committed 5504K, reserved 1056768K
  class space    used 557K, capacity 597K, committed 640K, reserved 1048576K
2024-07-16T18:26:18.661+0800: 5.465: [GC (Allocation Failure) 2024-07-16T18:26:18.661+0800: 5.465: [ParNew: 5239K->4K(6144K), 0.0003750 secs] 8486K->3250K(19840K), 0.0004648 secs] [Times: user=0.00 sys=0.00, real=0.00 secs] 
Heap after GC invocations=708 (full 88):
 par new generation   total 6144K, used 4K [0x00000000fec00000, 0x00000000ff2a0000, 0x00000000ff2a0000)
  eden space 5504K,   0% used [0x00000000fec00000, 0x00000000fec00000, 0x00000000ff160000)
  from space 640K,   0% used [0x00000000ff200000, 0x00000000ff201020, 0x00000000ff2a0000)
  to   space 640K,   0% used [0x00000000ff160000, 0x00000000ff160000, 0x00000000ff200000)
 concurrent mark-sweep generation total 13696K, used 3246K [0x00000000ff2a0000, 0x0000000100000000, 0x0000000100000000)
 Metaspace       used 5073K, capacity 5258K, committed 5504K, reserved 1056768K
  class space    used 557K, capacity 597K, committed 640K, reserved 1048576K
}
{Heap before GC invocations=708 (full 88):
 par new generation   total 6144K, used 5233K [0x00000000fec00000, 0x00000000ff2a0000, 0x00000000ff2a0000)
  eden space 5504K,  95% used [0x00000000fec00000, 0x00000000ff11b780, 0x00000000ff160000)
  from space 640K,   0% used [0x00000000ff200000, 0x00000000ff201020, 0x00000000ff2a0000)
  to   space 640K,   0% used [0x00000000ff160000, 0x00000000ff160000, 0x00000000ff200000)
 concurrent mark-sweep generation total 13696K, used 3246K [0x00000000ff2a0000, 0x0000000100000000, 0x0000000100000000)
 Metaspace       used 5073K, capacity 5258K, committed 5504K, reserved 1056768K
  class space    used 557K, capacity 597K, committed 640K, reserved 1048576K
2024-07-16T18:26:18.668+0800: 5.472: [GC (Allocation Failure) 2024-07-16T18:26:18.668+0800: 5.472: [ParNew: 5233K->4K(6144K), 0.0003811 secs] 8480K->4276K(19840K), 0.0004302 secs] [Times: user=0.00 sys=0.00, real=0.00 secs] 
Heap after GC invocations=709 (full 88):
 par new generation   total 6144K, used 4K [0x00000000fec00000, 0x00000000ff2a0000, 0x00000000ff2a0000)
  eden space 5504K,   0% used [0x00000000fec00000, 0x00000000fec00000, 0x00000000ff160000)
  from space 640K,   0% used [0x00000000ff160000, 0x00000000ff161020, 0x00000000ff200000)
  to   space 640K,   0% used [0x00000000ff200000, 0x00000000ff200000, 0x00000000ff2a0000)
 concurrent mark-sweep generation total 13696K, used 4272K [0x00000000ff2a0000, 0x0000000100000000, 0x0000000100000000)
 Metaspace       used 5073K, capacity 5258K, committed 5504K, reserved 1056768K
  class space    used 557K, capacity 597K, committed 640K, reserved 1048576K
}
{Heap before GC invocations=709 (full 88):
 par new generation   total 6144K, used 5233K [0x00000000fec00000, 0x00000000ff2a0000, 0x00000000ff2a0000)
  eden space 5504K,  95% used [0x00000000fec00000, 0x00000000ff11b780, 0x00000000ff160000)
  from space 640K,   0% used [0x00000000ff160000, 0x00000000ff161020, 0x00000000ff200000)
  to   space 640K,   0% used [0x00000000ff200000, 0x00000000ff200000, 0x00000000ff2a0000)
 concurrent mark-sweep generation total 13696K, used 4272K [0x00000000ff2a0000, 0x0000000100000000, 0x0000000100000000)
 Metaspace       used 5073K, capacity 5258K, committed 5504K, reserved 1056768K
  class space    used 557K, capacity 597K, committed 640K, reserved 1048576K
2024-07-16T18:26:18.675+0800: 5.479: [GC (Allocation Failure) 2024-07-16T18:26:18.675+0800: 5.479: [ParNew: 5233K->4K(6144K), 0.0002681 secs] 9506K->4276K(19840K), 0.0003086 secs] [Times: user=0.00 sys=0.00, real=0.00 secs] 
Heap after GC invocations=710 (full 88):
 par new generation   total 6144K, used 4K [0x00000000fec00000, 0x00000000ff2a0000, 0x00000000ff2a0000)
  eden space 5504K,   0% used [0x00000000fec00000, 0x00000000fec00000, 0x00000000ff160000)
  from space 640K,   0% used [0x00000000ff200000, 0x00000000ff201020, 0x00000000ff2a0000)
  to   space 640K,   0% used [0x00000000ff160000, 0x00000000ff160000, 0x00000000ff200000)
 concurrent mark-sweep generation total 13696K, used 4272K [0x00000000ff2a0000, 0x0000000100000000, 0x0000000100000000)
 Metaspace       used 5073K, capacity 5258K, committed 5504K, reserved 1056768K
  class space    used 557K, capacity 597K, committed 640K, reserved 1048576K
}
{Heap before GC invocations=710 (full 88):
 par new generation   total 6144K, used 5233K [0x00000000fec00000, 0x00000000ff2a0000, 0x00000000ff2a0000)
  eden space 5504K,  95% used [0x00000000fec00000, 0x00000000ff11b780, 0x00000000ff160000)
  from space 640K,   0% used [0x00000000ff200000, 0x00000000ff201020, 0x00000000ff2a0000)
  to   space 640K,   0% used [0x00000000ff160000, 0x00000000ff160000, 0x00000000ff200000)
 concurrent mark-sweep generation total 13696K, used 4272K [0x00000000ff2a0000, 0x0000000100000000, 0x0000000100000000)
 Metaspace       used 5073K, capacity 5258K, committed 5504K, reserved 1056768K
  class space    used 557K, capacity 597K, committed 640K, reserved 1048576K
2024-07-16T18:26:18.684+0800: 5.488: [GC (Allocation Failure) 2024-07-16T18:26:18.684+0800: 5.488: [ParNew: 5233K->4K(6144K), 0.0002487 secs] 9506K->4276K(19840K), 0.0002816 secs] [Times: user=0.00 sys=0.00, real=0.00 secs] 
Heap after GC invocations=711 (full 88):
 par new generation   total 6144K, used 4K [0x00000000fec00000, 0x00000000ff2a0000, 0x00000000ff2a0000)
  eden space 5504K,   0% used [0x00000000fec00000, 0x00000000fec00000, 0x00000000ff160000)
  from space 640K,   0% used [0x00000000ff160000, 0x00000000ff161020, 0x00000000ff200000)
  to   space 640K,   0% used [0x00000000ff200000, 0x00000000ff200000, 0x00000000ff2a0000)
 concurrent mark-sweep generation total 13696K, used 4272K [0x00000000ff2a0000, 0x0000000100000000, 0x0000000100000000)
 Metaspace       used 5073K, capacity 5258K, committed 5504K, reserved 1056768K
  class space    used 557K, capacity 597K, committed 640K, reserved 1048576K
}
{Heap before GC invocations=711 (full 88):
 par new generation   total 6144K, used 5233K [0x00000000fec00000, 0x00000000ff2a0000, 0x00000000ff2a0000)
  eden space 5504K,  95% used [0x00000000fec00000, 0x00000000ff11b780, 0x00000000ff160000)
  from space 640K,   0% used [0x00000000ff160000, 0x00000000ff161020, 0x00000000ff200000)
  to   space 640K,   0% used [0x00000000ff200000, 0x00000000ff200000, 0x00000000ff2a0000)
 concurrent mark-sweep generation total 13696K, used 4272K [0x00000000ff2a0000, 0x0000000100000000, 0x0000000100000000)
 Metaspace       used 5073K, capacity 5258K, committed 5504K, reserved 1056768K
  class space    used 557K, capacity 597K, committed 640K, reserved 1048576K
2024-07-16T18:26:18.690+0800: 5.494: [GC (Allocation Failure) 2024-07-16T18:26:18.690+0800: 5.494: [ParNew: 5233K->10K(6144K), 0.0005375 secs] 9506K->5309K(19840K), 0.0006031 secs] [Times: user=0.00 sys=0.00, real=0.00 secs] 
Heap after GC invocations=712 (full 88):
 par new generation   total 6144K, used 10K [0x00000000fec00000, 0x00000000ff2a0000, 0x00000000ff2a0000)
  eden space 5504K,   0% used [0x00000000fec00000, 0x00000000fec00000, 0x00000000ff160000)
  from space 640K,   1% used [0x00000000ff200000, 0x00000000ff202850, 0x00000000ff2a0000)
  to   space 640K,   0% used [0x00000000ff160000, 0x00000000ff160000, 0x00000000ff200000)
 concurrent mark-sweep generation total 13696K, used 5298K [0x00000000ff2a0000, 0x0000000100000000, 0x0000000100000000)
 Metaspace       used 5073K, capacity 5258K, committed 5504K, reserved 1056768K
  class space    used 557K, capacity 597K, committed 640K, reserved 1048576K
}
{Heap before GC invocations=712 (full 88):
 par new generation   total 6144K, used 5239K [0x00000000fec00000, 0x00000000ff2a0000, 0x00000000ff2a0000)
  eden space 5504K,  95% used [0x00000000fec00000, 0x00000000ff11b780, 0x00000000ff160000)
  from space 640K,   1% used [0x00000000ff200000, 0x00000000ff202850, 0x00000000ff2a0000)
  to   space 640K,   0% used [0x00000000ff160000, 0x00000000ff160000, 0x00000000ff200000)
 concurrent mark-sweep generation total 13696K, used 5298K [0x00000000ff2a0000, 0x0000000100000000, 0x0000000100000000)
 Metaspace       used 5073K, capacity 5258K, committed 5504K, reserved 1056768K
  class space    used 557K, capacity 597K, committed 640K, reserved 1048576K
2024-07-16T18:26:18.697+0800: 5.501: [GC (Allocation Failure) 2024-07-16T18:26:18.697+0800: 5.501: [ParNew: 5239K->8K(6144K), 0.0006776 secs] 10538K->6333K(19840K), 0.0007317 secs] [Times: user=0.00 sys=0.00, real=0.00 secs] 
Heap after GC invocations=713 (full 88):
 par new generation   total 6144K, used 8K [0x00000000fec00000, 0x00000000ff2a0000, 0x00000000ff2a0000)
  eden space 5504K,   0% used [0x00000000fec00000, 0x00000000fec00000, 0x00000000ff160000)
  from space 640K,   1% used [0x00000000ff160000, 0x00000000ff162040, 0x00000000ff200000)
  to   space 640K,   0% used [0x00000000ff200000, 0x00000000ff200000, 0x00000000ff2a0000)
 concurrent mark-sweep generation total 13696K, used 6325K [0x00000000ff2a0000, 0x0000000100000000, 0x0000000100000000)
 Metaspace       used 5073K, capacity 5258K, committed 5504K, reserved 1056768K
  class space    used 557K, capacity 597K, committed 640K, reserved 1048576K
}
2024-07-16T18:26:18.698+0800: 5.502: [GC (CMS Initial Mark) [1 CMS-initial-mark: 6325K(13696K)] 7357K(19840K), 0.0001239 secs] [Times: user=0.00 sys=0.00, real=0.00 secs] 
2024-07-16T18:26:18.698+0800: 5.502: [CMS-concurrent-mark-start]
2024-07-16T18:26:18.699+0800: 5.503: [CMS-concurrent-mark: 0.001/0.001 secs] [Times: user=0.00 sys=0.00, real=0.00 secs] 
2024-07-16T18:26:18.699+0800: 5.503: [CMS-concurrent-preclean-start]
2024-07-16T18:26:18.699+0800: 5.503: [CMS-concurrent-preclean: 0.000/0.000 secs] [Times: user=0.00 sys=0.00, real=0.00 secs] 
2024-07-16T18:26:18.699+0800: 5.503: [GC (CMS Final Remark) [YG occupancy: 1141 K (6144 K)]{Heap before GC invocations=713 (full 89):
 par new generation   total 6144K, used 1141K [0x00000000fec00000, 0x00000000ff2a0000, 0x00000000ff2a0000)
  eden space 5504K,  20% used [0x00000000fec00000, 0x00000000fed1b740, 0x00000000ff160000)
  from space 640K,   1% used [0x00000000ff160000, 0x00000000ff162040, 0x00000000ff200000)
  to   space 640K,   0% used [0x00000000ff200000, 0x00000000ff200000, 0x00000000ff2a0000)
 concurrent mark-sweep generation total 13696K, used 6325K [0x00000000ff2a0000, 0x0000000100000000, 0x0000000100000000)
 Metaspace       used 5073K, capacity 5258K, committed 5504K, reserved 1056768K
  class space    used 557K, capacity 597K, committed 640K, reserved 1048576K
2024-07-16T18:26:18.699+0800: 5.503: [GC (CMS Final Remark) 2024-07-16T18:26:18.699+0800: 5.503: [ParNew: 1141K->8K(6144K), 0.0002815 secs] 7466K->7359K(19840K), 0.0002959 secs] [Times: user=0.00 sys=0.00, real=0.00 secs] 
Heap after GC invocations=714 (full 89):
 par new generation   total 6144K, used 8K [0x00000000fec00000, 0x00000000ff2a0000, 0x00000000ff2a0000)
  eden space 5504K,   0% used [0x00000000fec00000, 0x00000000fec00000, 0x00000000ff160000)
  from space 640K,   1% used [0x00000000ff200000, 0x00000000ff202040, 0x00000000ff2a0000)
  to   space 640K,   0% used [0x00000000ff160000, 0x00000000ff160000, 0x00000000ff200000)
 concurrent mark-sweep generation total 13696K, used 7351K [0x00000000ff2a0000, 0x0000000100000000, 0x0000000100000000)
 Metaspace       used 5073K, capacity 5258K, committed 5504K, reserved 1056768K
  class space    used 557K, capacity 597K, committed 640K, reserved 1048576K
}
2024-07-16T18:26:18.699+0800: 5.503: [Rescan (parallel) , 0.0001313 secs]2024-07-16T18:26:18.700+0800: 5.504: [weak refs processing, 0.0000071 secs]2024-07-16T18:26:18.700+0800: 5.504: [class unloading, 0.0003907 secs]2024-07-16T18:26:18.700+0800: 5.504: [scrub symbol table, 0.0003206 secs]2024-07-16T18:26:18.700+0800: 5.504: [scrub string table, 0.0000810 secs][1 CMS-remark: 7351K(13696K)] 7359K(19840K), 0.0012963 secs] [Times: user=0.00 sys=0.00, real=0.00 secs] 
2024-07-16T18:26:18.700+0800: 5.504: [CMS-concurrent-sweep-start]
2024-07-16T18:26:18.701+0800: 5.505: [CMS-concurrent-sweep: 0.000/0.000 secs] [Times: user=0.00 sys=0.00, real=0.00 secs] 
2024-07-16T18:26:18.701+0800: 5.505: [CMS-concurrent-reset-start]
2024-07-16T18:26:18.701+0800: 5.505: [CMS-concurrent-reset: 0.000/0.000 secs] [Times: user=0.00 sys=0.00, real=0.00 secs] 
{Heap before GC invocations=714 (full 89):
 par new generation   total 6144K, used 5237K [0x00000000fec00000, 0x00000000ff2a0000, 0x00000000ff2a0000)
  eden space 5504K,  95% used [0x00000000fec00000, 0x00000000ff11b780, 0x00000000ff160000)
  from space 640K,   1% used [0x00000000ff200000, 0x00000000ff202040, 0x00000000ff2a0000)
  to   space 640K,   0% used [0x00000000ff160000, 0x00000000ff160000, 0x00000000ff200000)
 concurrent mark-sweep generation total 13696K, used 2230K [0x00000000ff2a0000, 0x0000000100000000, 0x0000000100000000)
 Metaspace       used 5073K, capacity 5258K, committed 5504K, reserved 1056768K
  class space    used 557K, capacity 597K, committed 640K, reserved 1048576K
2024-07-16T18:26:18.706+0800: 5.510: [GC (Allocation Failure) 2024-07-16T18:26:18.706+0800: 5.510: [ParNew: 5237K->4K(6144K), 0.0003738 secs] 7468K->2234K(19840K), 0.0004103 secs] [Times: user=0.00 sys=0.00, real=0.00 secs] 
Heap after GC invocations=715 (full 89):
 par new generation   total 6144K, used 4K [0x00000000fec00000, 0x00000000ff2a0000, 0x00000000ff2a0000)
  eden space 5504K,   0% used [0x00000000fec00000, 0x00000000fec00000, 0x00000000ff160000)
  from space 640K,   0% used [0x00000000ff160000, 0x00000000ff161020, 0x00000000ff200000)
  to   space 640K,   0% used [0x00000000ff200000, 0x00000000ff200000, 0x00000000ff2a0000)
 concurrent mark-sweep generation total 13696K, used 2230K [0x00000000ff2a0000, 0x0000000100000000, 0x0000000100000000)
 Metaspace       used 5073K, capacity 5258K, committed 5504K, reserved 1056768K
  class space    used 557K, capacity 597K, committed 640K, reserved 1048576K
}
{Heap before GC invocations=715 (full 89):
 par new generation   total 6144K, used 5226K [0x00000000fec00000, 0x00000000ff2a0000, 0x00000000ff2a0000)
  eden space 5504K,  94% used [0x00000000fec00000, 0x00000000ff119948, 0x00000000ff160000)
  from space 640K,   0% used [0x00000000ff160000, 0x00000000ff161020, 0x00000000ff200000)
  to   space 640K,   0% used [0x00000000ff200000, 0x00000000ff200000, 0x00000000ff2a0000)
 concurrent mark-sweep generation total 13696K, used 2230K [0x00000000ff2a0000, 0x0000000100000000, 0x0000000100000000)
 Metaspace       used 5073K, capacity 5258K, committed 5504K, reserved 1056768K
  class space    used 557K, capacity 597K, committed 640K, reserved 1048576K
2024-07-16T18:26:18.713+0800: 5.517: [GC (Allocation Failure) 2024-07-16T18:26:18.713+0800: 5.517: [ParNew: 5226K->10K(6144K), 0.0011338 secs] 7457K->3264K(19840K), 0.0012228 secs] [Times: user=0.00 sys=0.00, real=0.00 secs] 
Heap after GC invocations=716 (full 89):
 par new generation   total 6144K, used 10K [0x00000000fec00000, 0x00000000ff2a0000, 0x00000000ff2a0000)
  eden space 5504K,   0% used [0x00000000fec00000, 0x00000000fec00000, 0x00000000ff160000)
  from space 640K,   1% used [0x00000000ff200000, 0x00000000ff202850, 0x00000000ff2a0000)
  to   space 640K,   0% used [0x00000000ff160000, 0x00000000ff160000, 0x00000000ff200000)
 concurrent mark-sweep generation total 13696K, used 3254K [0x00000000ff2a0000, 0x0000000100000000, 0x0000000100000000)
 Metaspace       used 5073K, capacity 5258K, committed 5504K, reserved 1056768K
  class space    used 557K, capacity 597K, committed 640K, reserved 1048576K
}
{Heap before GC invocations=716 (full 89):
 par new generation   total 6144K, used 5235K [0x00000000fec00000, 0x00000000ff2a0000, 0x00000000ff2a0000)
  eden space 5504K,  94% used [0x00000000fec00000, 0x00000000ff11a718, 0x00000000ff160000)
  from space 640K,   1% used [0x00000000ff200000, 0x00000000ff202850, 0x00000000ff2a0000)
  to   space 640K,   0% used [0x00000000ff160000, 0x00000000ff160000, 0x00000000ff200000)
 concurrent mark-sweep generation total 13696K, used 3254K [0x00000000ff2a0000, 0x0000000100000000, 0x0000000100000000)
 Metaspace       used 5073K, capacity 5258K, committed 5504K, reserved 1056768K
  class space    used 557K, capacity 597K, committed 640K, reserved 1048576K
2024-07-16T18:26:18.721+0800: 5.525: [GC (Allocation Failure) 2024-07-16T18:26:18.721+0800: 5.525: [ParNew: 5235K->10K(6144K), 0.0012118 secs] 8490K->4290K(19840K), 0.0013058 secs] [Times: user=0.00 sys=0.00, real=0.00 secs] 
Heap after GC invocations=717 (full 89):
 par new generation   total 6144K, used 10K [0x00000000fec00000, 0x00000000ff2a0000, 0x00000000ff2a0000)
  eden space 5504K,   0% used [0x00000000fec00000, 0x00000000fec00000, 0x00000000ff160000)
  from space 640K,   1% used [0x00000000ff160000, 0x00000000ff162850, 0x00000000ff200000)
  to   space 640K,   0% used [0x00000000ff200000, 0x00000000ff200000, 0x00000000ff2a0000)
 concurrent mark-sweep generation total 13696K, used 4280K [0x00000000ff2a0000, 0x0000000100000000, 0x0000000100000000)
 Metaspace       used 5073K, capacity 5258K, committed 5504K, reserved 1056768K
  class space    used 557K, capacity 597K, committed 640K, reserved 1048576K
}
{Heap before GC invocations=717 (full 89):
 par new generation   total 6144K, used 5237K [0x00000000fec00000, 0x00000000ff2a0000, 0x00000000ff2a0000)
  eden space 5504K,  94% used [0x00000000fec00000, 0x00000000ff11acf0, 0x00000000ff160000)
  from space 640K,   1% used [0x00000000ff160000, 0x00000000ff162850, 0x00000000ff200000)
  to   space 640K,   0% used [0x00000000ff200000, 0x00000000ff200000, 0x00000000ff2a0000)
 concurrent mark-sweep generation total 13696K, used 4280K [0x00000000ff2a0000, 0x0000000100000000, 0x0000000100000000)
 Metaspace       used 5073K, capacity 5258K, committed 5504K, reserved 1056768K
  class space    used 557K, capacity 597K, committed 640K, reserved 1048576K
2024-07-16T18:26:18.729+0800: 5.533: [GC (Allocation Failure) 2024-07-16T18:26:18.729+0800: 5.533: [ParNew: 5237K->4K(6144K), 0.0010769 secs] 9518K->4284K(19840K), 0.0011908 secs] [Times: user=0.00 sys=0.00, real=0.00 secs] 
Heap after GC invocations=718 (full 89):
 par new generation   total 6144K, used 4K [0x00000000fec00000, 0x00000000ff2a0000, 0x00000000ff2a0000)
  eden space 5504K,   0% used [0x00000000fec00000, 0x00000000fec00000, 0x00000000ff160000)
  from space 640K,   0% used [0x00000000ff200000, 0x00000000ff201020, 0x00000000ff2a0000)
  to   space 640K,   0% used [0x00000000ff160000, 0x00000000ff160000, 0x00000000ff200000)
 concurrent mark-sweep generation total 13696K, used 4280K [0x00000000ff2a0000, 0x0000000100000000, 0x0000000100000000)
 Metaspace       used 5073K, capacity 5258K, committed 5504K, reserved 1056768K
  class space    used 557K, capacity 597K, committed 640K, reserved 1048576K
}
{Heap before GC invocations=718 (full 89):
 par new generation   total 6144K, used 5232K [0x00000000fec00000, 0x00000000ff2a0000, 0x00000000ff2a0000)
  eden space 5504K,  94% used [0x00000000fec00000, 0x00000000ff11b0b8, 0x00000000ff160000)
  from space 640K,   0% used [0x00000000ff200000, 0x00000000ff201020, 0x00000000ff2a0000)
  to   space 640K,   0% used [0x00000000ff160000, 0x00000000ff160000, 0x00000000ff200000)
 concurrent mark-sweep generation total 13696K, used 4280K [0x00000000ff2a0000, 0x0000000100000000, 0x0000000100000000)
 Metaspace       used 5073K, capacity 5258K, committed 5504K, reserved 1056768K
  class space    used 557K, capacity 597K, committed 640K, reserved 1048576K
2024-07-16T18:26:18.738+0800: 5.542: [GC (Allocation Failure) 2024-07-16T18:26:18.738+0800: 5.542: [ParNew: 5232K->4K(6144K), 0.0012341 secs] 9513K->4284K(19840K), 0.0013364 secs] [Times: user=0.00 sys=0.00, real=0.00 secs] 
Heap after GC invocations=719 (full 89):
 par new generation   total 6144K, used 4K [0x00000000fec00000, 0x00000000ff2a0000, 0x00000000ff2a0000)
  eden space 5504K,   0% used [0x00000000fec00000, 0x00000000fec00000, 0x00000000ff160000)
  from space 640K,   0% used [0x00000000ff160000, 0x00000000ff161020, 0x00000000ff200000)
  to   space 640K,   0% used [0x00000000ff200000, 0x00000000ff200000, 0x00000000ff2a0000)
 concurrent mark-sweep generation total 13696K, used 4280K [0x00000000ff2a0000, 0x0000000100000000, 0x0000000100000000)
 Metaspace       used 5073K, capacity 5258K, committed 5504K, reserved 1056768K
  class space    used 557K, capacity 597K, committed 640K, reserved 1048576K
}
{Heap before GC invocations=719 (full 89):
 par new generation   total 6144K, used 5232K [0x00000000fec00000, 0x00000000ff2a0000, 0x00000000ff2a0000)
  eden space 5504K,  94% used [0x00000000fec00000, 0x00000000ff11b320, 0x00000000ff160000)
  from space 640K,   0% used [0x00000000ff160000, 0x00000000ff161020, 0x00000000ff200000)
  to   space 640K,   0% used [0x00000000ff200000, 0x00000000ff200000, 0x00000000ff2a0000)
 concurrent mark-sweep generation total 13696K, used 4280K [0x00000000ff2a0000, 0x0000000100000000, 0x0000000100000000)
 Metaspace       used 5073K, capacity 5258K, committed 5504K, reserved 1056768K
  class space    used 557K, capacity 597K, committed 640K, reserved 1048576K
2024-07-16T18:26:18.745+0800: 5.549: [GC (Allocation Failure) 2024-07-16T18:26:18.745+0800: 5.549: [ParNew: 5232K->8K(6144K), 0.0014124 secs] 9513K->5312K(19840K), 0.0015110 secs] [Times: user=0.00 sys=0.00, real=0.00 secs] 
Heap after GC invocations=720 (full 89):
 par new generation   total 6144K, used 8K [0x00000000fec00000, 0x00000000ff2a0000, 0x00000000ff2a0000)
  eden space 5504K,   0% used [0x00000000fec00000, 0x00000000fec00000, 0x00000000ff160000)
  from space 640K,   1% used [0x00000000ff200000, 0x00000000ff202040, 0x00000000ff2a0000)
  to   space 640K,   0% used [0x00000000ff160000, 0x00000000ff160000, 0x00000000ff200000)
 concurrent mark-sweep generation total 13696K, used 5304K [0x00000000ff2a0000, 0x0000000100000000, 0x0000000100000000)
 Metaspace       used 5073K, capacity 5258K, committed 5504K, reserved 1056768K
  class space    used 557K, capacity 597K, committed 640K, reserved 1048576K
}
{Heap before GC invocations=720 (full 89):
 par new generation   total 6144K, used 5237K [0x00000000fec00000, 0x00000000ff2a0000, 0x00000000ff2a0000)
  eden space 5504K,  95% used [0x00000000fec00000, 0x00000000ff11b4b0, 0x00000000ff160000)
  from space 640K,   1% used [0x00000000ff200000, 0x00000000ff202040, 0x00000000ff2a0000)
  to   space 640K,   0% used [0x00000000ff160000, 0x00000000ff160000, 0x00000000ff200000)
 concurrent mark-sweep generation total 13696K, used 5304K [0x00000000ff2a0000, 0x0000000100000000, 0x0000000100000000)
 Metaspace       used 5073K, capacity 5258K, committed 5504K, reserved 1056768K
  class space    used 557K, capacity 597K, committed 640K, reserved 1048576K
2024-07-16T18:26:18.753+0800: 5.557: [GC (Allocation Failure) 2024-07-16T18:26:18.753+0800: 5.557: [ParNew: 5237K->4K(6144K), 0.0012041 secs] 10542K->5308K(19840K), 0.0013188 secs] [Times: user=0.00 sys=0.00, real=0.00 secs] 
Heap after GC invocations=721 (full 89):
 par new generation   total 6144K, used 4K [0x00000000fec00000, 0x00000000ff2a0000, 0x00000000ff2a0000)
  eden space 5504K,   0% used [0x00000000fec00000, 0x00000000fec00000, 0x00000000ff160000)
  from space 640K,   0% used [0x00000000ff160000, 0x00000000ff161020, 0x00000000ff200000)
  to   space 640K,   0% used [0x00000000ff200000, 0x00000000ff200000, 0x00000000ff2a0000)
 concurrent mark-sweep generation total 13696K, used 5304K [0x00000000ff2a0000, 0x0000000100000000, 0x0000000100000000)
 Metaspace       used 5073K, capacity 5258K, committed 5504K, reserved 1056768K
  class space    used 557K, capacity 597K, committed 640K, reserved 1048576K
}
{Heap before GC invocations=721 (full 89):
 par new generation   total 6144K, used 5233K [0x00000000fec00000, 0x00000000ff2a0000, 0x00000000ff2a0000)
  eden space 5504K,  95% used [0x00000000fec00000, 0x00000000ff11b5b0, 0x00000000ff160000)
  from space 640K,   0% used [0x00000000ff160000, 0x00000000ff161020, 0x00000000ff200000)
  to   space 640K,   0% used [0x00000000ff200000, 0x00000000ff200000, 0x00000000ff2a0000)
 concurrent mark-sweep generation total 13696K, used 5304K [0x00000000ff2a0000, 0x0000000100000000, 0x0000000100000000)
 Metaspace       used 5073K, capacity 5258K, committed 5504K, reserved 1056768K
  class space    used 557K, capacity 597K, committed 640K, reserved 1048576K
2024-07-16T18:26:18.761+0800: 5.565: [GC (Allocation Failure) 2024-07-16T18:26:18.761+0800: 5.565: [ParNew: 5233K->8K(6144K), 0.0012982 secs] 10538K->6339K(19840K), 0.0013787 secs] [Times: user=0.00 sys=0.00, real=0.00 secs] 
Heap after GC invocations=722 (full 89):
 par new generation   total 6144K, used 8K [0x00000000fec00000, 0x00000000ff2a0000, 0x00000000ff2a0000)
  eden space 5504K,   0% used [0x00000000fec00000, 0x00000000fec00000, 0x00000000ff160000)
  from space 640K,   1% used [0x00000000ff200000, 0x00000000ff202040, 0x00000000ff2a0000)
  to   space 640K,   0% used [0x00000000ff160000, 0x00000000ff160000, 0x00000000ff200000)
 concurrent mark-sweep generation total 13696K, used 6330K [0x00000000ff2a0000, 0x0000000100000000, 0x0000000100000000)
 Metaspace       used 5073K, capacity 5258K, committed 5504K, reserved 1056768K
  class space    used 557K, capacity 597K, committed 640K, reserved 1048576K
}
{Heap before GC invocations=722 (full 89):
 par new generation   total 6144K, used 5237K [0x00000000fec00000, 0x00000000ff2a0000, 0x00000000ff2a0000)
  eden space 5504K,  95% used [0x00000000fec00000, 0x00000000ff11b650, 0x00000000ff160000)
  from space 640K,   1% used [0x00000000ff200000, 0x00000000ff202040, 0x00000000ff2a0000)
  to   space 640K,   0% used [0x00000000ff160000, 0x00000000ff160000, 0x00000000ff200000)
 concurrent mark-sweep generation total 13696K, used 6330K [0x00000000ff2a0000, 0x0000000100000000, 0x0000000100000000)
 Metaspace       used 5073K, capacity 5258K, committed 5504K, reserved 1056768K
  class space    used 557K, capacity 597K, committed 640K, reserved 1048576K
2024-07-16T18:26:18.769+0800: 5.573: [GC (Allocation Failure) 2024-07-16T18:26:18.769+0800: 5.573: [ParNew: 5237K->6K(6144K), 0.0014752 secs] 11568K->7361K(19840K), 0.0015726 secs] [Times: user=0.00 sys=0.00, real=0.00 secs] 
Heap after GC invocations=723 (full 89):
 par new generation   total 6144K, used 6K [0x00000000fec00000, 0x00000000ff2a0000, 0x00000000ff2a0000)
  eden space 5504K,   0% used [0x00000000fec00000, 0x00000000fec00000, 0x00000000ff160000)
  from space 640K,   0% used [0x00000000ff160000, 0x00000000ff161830, 0x00000000ff200000)
  to   space 640K,   0% used [0x00000000ff200000, 0x00000000ff200000, 0x00000000ff2a0000)
 concurrent mark-sweep generation total 13696K, used 7354K [0x00000000ff2a0000, 0x0000000100000000, 0x0000000100000000)
 Metaspace       used 5073K, capacity 5258K, committed 5504K, reserved 1056768K
  class space    used 557K, capacity 597K, committed 640K, reserved 1048576K
}
{Heap before GC invocations=723 (full 89):
 par new generation   total 6144K, used 5235K [0x00000000fec00000, 0x00000000ff2a0000, 0x00000000ff2a0000)
  eden space 5504K,  95% used [0x00000000fec00000, 0x00000000ff11b6c0, 0x00000000ff160000)
  from space 640K,   0% used [0x00000000ff160000, 0x00000000ff161830, 0x00000000ff200000)
  to   space 640K,   0% used [0x00000000ff200000, 0x00000000ff200000, 0x00000000ff2a0000)
 concurrent mark-sweep generation total 13696K, used 7354K [0x00000000ff2a0000, 0x0000000100000000, 0x0000000100000000)
 Metaspace       used 5073K, capacity 5258K, committed 5504K, reserved 1056768K
  class space    used 557K, capacity 597K, committed 640K, reserved 1048576K
2024-07-16T18:26:18.777+0800: 5.581: [GC (Allocation Failure) 2024-07-16T18:26:18.777+0800: 5.581: [ParNew: 5235K->10K(6144K), 0.0012847 secs] 12590K->8389K(19840K), 0.0014014 secs] [Times: user=0.00 sys=0.00, real=0.00 secs] 
Heap after GC invocations=724 (full 89):
 par new generation   total 6144K, used 10K [0x00000000fec00000, 0x00000000ff2a0000, 0x00000000ff2a0000)
  eden space 5504K,   0% used [0x00000000fec00000, 0x00000000fec00000, 0x00000000ff160000)
  from space 640K,   1% used [0x00000000ff200000, 0x00000000ff202850, 0x00000000ff2a0000)
  to   space 640K,   0% used [0x00000000ff160000, 0x00000000ff160000, 0x00000000ff200000)
 concurrent mark-sweep generation total 13696K, used 8378K [0x00000000ff2a0000, 0x0000000100000000, 0x0000000100000000)
 Metaspace       used 5073K, capacity 5258K, committed 5504K, reserved 1056768K
  class space    used 557K, capacity 597K, committed 640K, reserved 1048576K
}
2024-07-16T18:26:18.778+0800: 5.583: [GC (CMS Initial Mark) [1 CMS-initial-mark: 8378K(13696K)] 9415K(19840K), 0.0004271 secs] [Times: user=0.00 sys=0.00, real=0.00 secs] 
2024-07-16T18:26:18.779+0800: 5.584: [CMS-concurrent-mark-start]
2024-07-16T18:26:18.783+0800: 5.588: [CMS-concurrent-mark: 0.004/0.004 secs] [Times: user=0.05 sys=0.00, real=0.00 secs] 
2024-07-16T18:26:18.783+0800: 5.588: [CMS-concurrent-preclean-start]
2024-07-16T18:26:18.783+0800: 5.588: [CMS-concurrent-preclean: 0.000/0.000 secs] [Times: user=0.00 sys=0.00, real=0.00 secs] 
2024-07-16T18:26:18.783+0800: 5.588: [CMS-concurrent-abortable-preclean-start]
{Heap before GC invocations=724 (full 90):
 par new generation   total 6144K, used 5239K [0x00000000fec00000, 0x00000000ff2a0000, 0x00000000ff2a0000)
  eden space 5504K,  95% used [0x00000000fec00000, 0x00000000ff11b700, 0x00000000ff160000)
  from space 640K,   1% used [0x00000000ff200000, 0x00000000ff202850, 0x00000000ff2a0000)
  to   space 640K,   0% used [0x00000000ff160000, 0x00000000ff160000, 0x00000000ff200000)
 concurrent mark-sweep generation total 13696K, used 8378K [0x00000000ff2a0000, 0x0000000100000000, 0x0000000100000000)
 Metaspace       used 5073K, capacity 5258K, committed 5504K, reserved 1056768K
  class space    used 557K, capacity 597K, committed 640K, reserved 1048576K
2024-07-16T18:26:18.786+0800: 5.590: [GC (Allocation Failure) 2024-07-16T18:26:18.786+0800: 5.590: [ParNew: 5239K->10K(6144K), 0.0010808 secs] 13618K->9413K(19840K), 0.0011809 secs] [Times: user=0.00 sys=0.00, real=0.00 secs] 
Heap after GC invocations=725 (full 90):
 par new generation   total 6144K, used 10K [0x00000000fec00000, 0x00000000ff2a0000, 0x00000000ff2a0000)
  eden space 5504K,   0% used [0x00000000fec00000, 0x00000000fec00000, 0x00000000ff160000)
  from space 640K,   1% used [0x00000000ff160000, 0x00000000ff162850, 0x00000000ff200000)
  to   space 640K,   0% used [0x00000000ff200000, 0x00000000ff200000, 0x00000000ff2a0000)
 concurrent mark-sweep generation total 13696K, used 9403K [0x00000000ff2a0000, 0x0000000100000000, 0x0000000100000000)
 Metaspace       used 5073K, capacity 5258K, committed 5504K, reserved 1056768K
  class space    used 557K, capacity 597K, committed 640K, reserved 1048576K
}
{Heap before GC invocations=725 (full 90):
 par new generation   total 6144K, used 5239K [0x00000000fec00000, 0x00000000ff2a0000, 0x00000000ff2a0000)
  eden space 5504K,  95% used [0x00000000fec00000, 0x00000000ff11b730, 0x00000000ff160000)
  from space 640K,   1% used [0x00000000ff160000, 0x00000000ff162850, 0x00000000ff200000)
  to   space 640K,   0% used [0x00000000ff200000, 0x00000000ff200000, 0x00000000ff2a0000)
 concurrent mark-sweep generation total 13696K, used 9403K [0x00000000ff2a0000, 0x0000000100000000, 0x0000000100000000)
 Metaspace       used 5073K, capacity 5258K, committed 5504K, reserved 1056768K
  class space    used 557K, capacity 597K, committed 640K, reserved 1048576K
2024-07-16T18:26:18.794+0800: 5.598: [GC (Allocation Failure) 2024-07-16T18:26:18.794+0800: 5.598: [ParNew: 5239K->10K(6144K), 0.0014537 secs] 14642K->10437K(19840K), 0.0015520 secs] [Times: user=0.00 sys=0.00, real=0.00 secs] 
Heap after GC invocations=726 (full 90):
 par new generation   total 6144K, used 10K [0x00000000fec00000, 0x00000000ff2a0000, 0x00000000ff2a0000)
  eden space 5504K,   0% used [0x00000000fec00000, 0x00000000fec00000, 0x00000000ff160000)
  from space 640K,   1% used [0x00000000ff200000, 0x00000000ff202850, 0x00000000ff2a0000)
  to   space 640K,   0% used [0x00000000ff160000, 0x00000000ff160000, 0x00000000ff200000)
 concurrent mark-sweep generation total 13696K, used 10427K [0x00000000ff2a0000, 0x0000000100000000, 0x0000000100000000)
 Metaspace       used 5073K, capacity 5258K, committed 5504K, reserved 1056768K
  class space    used 557K, capacity 597K, committed 640K, reserved 1048576K
}
{Heap before GC invocations=726 (full 90):
 par new generation   total 6144K, used 5239K [0x00000000fec00000, 0x00000000ff2a0000, 0x00000000ff2a0000)
  eden space 5504K,  95% used [0x00000000fec00000, 0x00000000ff11b748, 0x00000000ff160000)
  from space 640K,   1% used [0x00000000ff200000, 0x00000000ff202850, 0x00000000ff2a0000)
  to   space 640K,   0% used [0x00000000ff160000, 0x00000000ff160000, 0x00000000ff200000)
 concurrent mark-sweep generation total 13696K, used 10427K [0x00000000ff2a0000, 0x0000000100000000, 0x0000000100000000)
 Metaspace       used 5073K, capacity 5258K, committed 5504K, reserved 1056768K
  class space    used 557K, capacity 597K, committed 640K, reserved 1048576K
2024-07-16T18:26:18.803+0800: 5.607: [GC (Allocation Failure) 2024-07-16T18:26:18.803+0800: 5.607: [ParNew: 5239K->8K(6144K), 0.0012851 secs] 15666K->11461K(19840K), 0.0014625 secs] [Times: user=0.00 sys=0.00, real=0.00 secs] 
Heap after GC invocations=727 (full 90):
 par new generation   total 6144K, used 8K [0x00000000fec00000, 0x00000000ff2a0000, 0x00000000ff2a0000)
  eden space 5504K,   0% used [0x00000000fec00000, 0x00000000fec00000, 0x00000000ff160000)
  from space 640K,   1% used [0x00000000ff160000, 0x00000000ff162040, 0x00000000ff200000)
  to   space 640K,   0% used [0x00000000ff200000, 0x00000000ff200000, 0x00000000ff2a0000)
 concurrent mark-sweep generation total 13696K, used 11453K [0x00000000ff2a0000, 0x0000000100000000, 0x0000000100000000)
 Metaspace       used 5073K, capacity 5258K, committed 5504K, reserved 1056768K
  class space    used 557K, capacity 597K, committed 640K, reserved 1048576K
}
{Heap before GC invocations=727 (full 90):
 par new generation   total 6144K, used 5237K [0x00000000fec00000, 0x00000000ff2a0000, 0x00000000ff2a0000)
  eden space 5504K,  95% used [0x00000000fec00000, 0x00000000ff11b758, 0x00000000ff160000)
  from space 640K,   1% used [0x00000000ff160000, 0x00000000ff162040, 0x00000000ff200000)
  to   space 640K,   0% used [0x00000000ff200000, 0x00000000ff200000, 0x00000000ff2a0000)
 concurrent mark-sweep generation total 13696K, used 11453K [0x00000000ff2a0000, 0x0000000100000000, 0x0000000100000000)
 Metaspace       used 5073K, capacity 5258K, committed 5504K, reserved 1056768K
  class space    used 557K, capacity 597K, committed 640K, reserved 1048576K
2024-07-16T18:26:18.811+0800: 5.615: [GC (Allocation Failure) 2024-07-16T18:26:18.811+0800: 5.615: [ParNew: 5237K->10K(6144K), 0.0012125 secs] 16690K->12487K(19840K), 0.0013165 secs] [Times: user=0.00 sys=0.00, real=0.00 secs] 
Heap after GC invocations=728 (full 90):
 par new generation   total 6144K, used 10K [0x00000000fec00000, 0x00000000ff2a0000, 0x00000000ff2a0000)
  eden space 5504K,   0% used [0x00000000fec00000, 0x00000000fec00000, 0x00000000ff160000)
  from space 640K,   1% used [0x00000000ff200000, 0x00000000ff202850, 0x00000000ff2a0000)
  to   space 640K,   0% used [0x00000000ff160000, 0x00000000ff160000, 0x00000000ff200000)
 concurrent mark-sweep generation total 13696K, used 12477K [0x00000000ff2a0000, 0x0000000100000000, 0x0000000100000000)
 Metaspace       used 5073K, capacity 5258K, committed 5504K, reserved 1056768K
  class space    used 557K, capacity 597K, committed 640K, reserved 1048576K
}
{Heap before GC invocations=728 (full 90):
 par new generation   total 6144K, used 5239K [0x00000000fec00000, 0x00000000ff2a0000, 0x00000000ff2a0000)
  eden space 5504K,  95% used [0x00000000fec00000, 0x00000000ff11b768, 0x00000000ff160000)
  from space 640K,   1% used [0x00000000ff200000, 0x00000000ff202850, 0x00000000ff2a0000)
  to   space 640K,   0% used [0x00000000ff160000, 0x00000000ff160000, 0x00000000ff200000)
 concurrent mark-sweep generation total 13696K, used 12477K [0x00000000ff2a0000, 0x0000000100000000, 0x0000000100000000)
 Metaspace       used 5073K, capacity 5258K, committed 5504K, reserved 1056768K
  class space    used 557K, capacity 597K, committed 640K, reserved 1048576K
2024-07-16T18:26:18.820+0800: 5.624: [GC (Allocation Failure) 2024-07-16T18:26:18.820+0800: 5.624: [ParNew (promotion failed): 5239K->5235K(6144K), 0.0010388 secs]2024-07-16T18:26:18.821+0800: 5.625: [CMS2024-07-16T18:26:18.821+0800: 5.625: [CMS-concurrent-abortable-preclean: 0.001/0.037 secs] [Times: user=0.00 sys=0.00, real=0.04 secs] 
 (concurrent mode failure): 12477K->2220K(13696K), 0.0047026 secs] 17717K->2220K(19840K), [Metaspace: 5073K->5073K(1056768K)], 0.0059118 secs] [Times: user=0.00 sys=0.00, real=0.01 secs] 
Heap after GC invocations=729 (full 91):
 par new generation   total 6144K, used 0K [0x00000000fec00000, 0x00000000ff2a0000, 0x00000000ff2a0000)
  eden space 5504K,   0% used [0x00000000fec00000, 0x00000000fec00000, 0x00000000ff160000)
  from space 640K,   0% used [0x00000000ff160000, 0x00000000ff160000, 0x00000000ff200000)
  to   space 640K,   0% used [0x00000000ff200000, 0x00000000ff200000, 0x00000000ff2a0000)
 concurrent mark-sweep generation total 13696K, used 2220K [0x00000000ff2a0000, 0x0000000100000000, 0x0000000100000000)
 Metaspace       used 5073K, capacity 5258K, committed 5504K, reserved 1056768K
  class space    used 557K, capacity 597K, committed 640K, reserved 1048576K
}
{Heap before GC invocations=729 (full 91):
 par new generation   total 6144K, used 5229K [0x00000000fec00000, 0x00000000ff2a0000, 0x00000000ff2a0000)
  eden space 5504K,  95% used [0x00000000fec00000, 0x00000000ff11b770, 0x00000000ff160000)
  from space 640K,   0% used [0x00000000ff160000, 0x00000000ff160000, 0x00000000ff200000)
  to   space 640K,   0% used [0x00000000ff200000, 0x00000000ff200000, 0x00000000ff2a0000)
 concurrent mark-sweep generation total 13696K, used 2220K [0x00000000ff2a0000, 0x0000000100000000, 0x0000000100000000)
 Metaspace       used 5073K, capacity 5258K, committed 5504K, reserved 1056768K
  class space    used 557K, capacity 597K, committed 640K, reserved 1048576K
2024-07-16T18:26:18.832+0800: 5.636: [GC (Allocation Failure) 2024-07-16T18:26:18.832+0800: 5.636: [ParNew: 5229K->6K(6144K), 0.0009901 secs] 7450K->3252K(19840K), 0.0010507 secs] [Times: user=0.00 sys=0.00, real=0.00 secs] 
Heap after GC invocations=730 (full 91):
 par new generation   total 6144K, used 6K [0x00000000fec00000, 0x00000000ff2a0000, 0x00000000ff2a0000)
  eden space 5504K,   0% used [0x00000000fec00000, 0x00000000fec00000, 0x00000000ff160000)
  from space 640K,   0% used [0x00000000ff200000, 0x00000000ff201830, 0x00000000ff2a0000)
  to   space 640K,   0% used [0x00000000ff160000, 0x00000000ff160000, 0x00000000ff200000)
 concurrent mark-sweep generation total 13696K, used 3246K [0x00000000ff2a0000, 0x0000000100000000, 0x0000000100000000)
 Metaspace       used 5073K, capacity 5258K, committed 5504K, reserved 1056768K
  class space    used 557K, capacity 597K, committed 640K, reserved 1048576K
}
{Heap before GC invocations=730 (full 91):
 par new generation   total 6144K, used 5235K [0x00000000fec00000, 0x00000000ff2a0000, 0x00000000ff2a0000)
  eden space 5504K,  95% used [0x00000000fec00000, 0x00000000ff11b770, 0x00000000ff160000)
  from space 640K,   0% used [0x00000000ff200000, 0x00000000ff201830, 0x00000000ff2a0000)
  to   space 640K,   0% used [0x00000000ff160000, 0x00000000ff160000, 0x00000000ff200000)
 concurrent mark-sweep generation total 13696K, used 3246K [0x00000000ff2a0000, 0x0000000100000000, 0x0000000100000000)
 Metaspace       used 5073K, capacity 5258K, committed 5504K, reserved 1056768K
  class space    used 557K, capacity 597K, committed 640K, reserved 1048576K
2024-07-16T18:26:18.840+0800: 5.644: [GC (Allocation Failure) 2024-07-16T18:26:18.840+0800: 5.644: [ParNew: 5235K->10K(6144K), 0.0013028 secs] 8482K->4282K(19840K), 0.0014018 secs] [Times: user=0.00 sys=0.00, real=0.00 secs] 
Heap after GC invocations=731 (full 91):
 par new generation   total 6144K, used 10K [0x00000000fec00000, 0x00000000ff2a0000, 0x00000000ff2a0000)
  eden space 5504K,   0% used [0x00000000fec00000, 0x00000000fec00000, 0x00000000ff160000)
  from space 640K,   1% used [0x00000000ff160000, 0x00000000ff162850, 0x00000000ff200000)
  to   space 640K,   0% used [0x00000000ff200000, 0x00000000ff200000, 0x00000000ff2a0000)
 concurrent mark-sweep generation total 13696K, used 4272K [0x00000000ff2a0000, 0x0000000100000000, 0x0000000100000000)
 Metaspace       used 5073K, capacity 5258K, committed 5504K, reserved 1056768K
  class space    used 557K, capacity 597K, committed 640K, reserved 1048576K
}
{Heap before GC invocations=731 (full 91):
 par new generation   total 6144K, used 5239K [0x00000000fec00000, 0x00000000ff2a0000, 0x00000000ff2a0000)
  eden space 5504K,  95% used [0x00000000fec00000, 0x00000000ff11b778, 0x00000000ff160000)
  from space 640K,   1% used [0x00000000ff160000, 0x00000000ff162850, 0x00000000ff200000)
  to   space 640K,   0% used [0x00000000ff200000, 0x00000000ff200000, 0x00000000ff2a0000)
 concurrent mark-sweep generation total 13696K, used 4272K [0x00000000ff2a0000, 0x0000000100000000, 0x0000000100000000)
 Metaspace       used 5073K, capacity 5258K, committed 5504K, reserved 1056768K
  class space    used 557K, capacity 597K, committed 640K, reserved 1048576K
2024-07-16T18:26:18.847+0800: 5.651: [GC (Allocation Failure) 2024-07-16T18:26:18.847+0800: 5.651: [ParNew: 5239K->8K(6144K), 0.0011934 secs] 9512K->5307K(19840K), 0.0013915 secs] [Times: user=0.00 sys=0.00, real=0.00 secs] 
Heap after GC invocations=732 (full 91):
 par new generation   total 6144K, used 8K [0x00000000fec00000, 0x00000000ff2a0000, 0x00000000ff2a0000)
  eden space 5504K,   0% used [0x00000000fec00000, 0x00000000fec00000, 0x00000000ff160000)
  from space 640K,   1% used [0x00000000ff200000, 0x00000000ff202040, 0x00000000ff2a0000)
  to   space 640K,   0% used [0x00000000ff160000, 0x00000000ff160000, 0x00000000ff200000)
 concurrent mark-sweep generation total 13696K, used 5298K [0x00000000ff2a0000, 0x0000000100000000, 0x0000000100000000)
 Metaspace       used 5073K, capacity 5258K, committed 5504K, reserved 1056768K
  class space    used 557K, capacity 597K, committed 640K, reserved 1048576K
}
{Heap before GC invocations=732 (full 91):
 par new generation   total 6144K, used 5237K [0x00000000fec00000, 0x00000000ff2a0000, 0x00000000ff2a0000)
  eden space 5504K,  95% used [0x00000000fec00000, 0x00000000ff11b778, 0x00000000ff160000)
  from space 640K,   1% used [0x00000000ff200000, 0x00000000ff202040, 0x00000000ff2a0000)
  to   space 640K,   0% used [0x00000000ff160000, 0x00000000ff160000, 0x00000000ff200000)
 concurrent mark-sweep generation total 13696K, used 5298K [0x00000000ff2a0000, 0x0000000100000000, 0x0000000100000000)
 Metaspace       used 5073K, capacity 5258K, committed 5504K, reserved 1056768K
  class space    used 557K, capacity 597K, committed 640K, reserved 1048576K
2024-07-16T18:26:18.854+0800: 5.658: [GC (Allocation Failure) 2024-07-16T18:26:18.854+0800: 5.658: [ParNew: 5237K->8K(6144K), 0.0013585 secs] 10536K->6331K(19840K), 0.0014435 secs] [Times: user=0.00 sys=0.00, real=0.00 secs] 
Heap after GC invocations=733 (full 91):
 par new generation   total 6144K, used 8K [0x00000000fec00000, 0x00000000ff2a0000, 0x00000000ff2a0000)
  eden space 5504K,   0% used [0x00000000fec00000, 0x00000000fec00000, 0x00000000ff160000)
  from space 640K,   1% used [0x00000000ff160000, 0x00000000ff162040, 0x00000000ff200000)
  to   space 640K,   0% used [0x00000000ff200000, 0x00000000ff200000, 0x00000000ff2a0000)
 concurrent mark-sweep generation total 13696K, used 6322K [0x00000000ff2a0000, 0x0000000100000000, 0x0000000100000000)
 Metaspace       used 5073K, capacity 5258K, committed 5504K, reserved 1056768K
  class space    used 557K, capacity 597K, committed 640K, reserved 1048576K
}
{Heap before GC invocations=733 (full 91):
 par new generation   total 6144K, used 5237K [0x00000000fec00000, 0x00000000ff2a0000, 0x00000000ff2a0000)
  eden space 5504K,  95% used [0x00000000fec00000, 0x00000000ff11b778, 0x00000000ff160000)
  from space 640K,   1% used [0x00000000ff160000, 0x00000000ff162040, 0x00000000ff200000)
  to   space 640K,   0% used [0x00000000ff200000, 0x00000000ff200000, 0x00000000ff2a0000)
 concurrent mark-sweep generation total 13696K, used 6322K [0x00000000ff2a0000, 0x0000000100000000, 0x0000000100000000)
 Metaspace       used 5073K, capacity 5258K, committed 5504K, reserved 1056768K
  class space    used 557K, capacity 597K, committed 640K, reserved 1048576K
2024-07-16T18:26:18.863+0800: 5.667: [GC (Allocation Failure) 2024-07-16T18:26:18.863+0800: 5.667: [ParNew: 5237K->4K(6144K), 0.0012721 secs] 11560K->6326K(19840K), 0.0013911 secs] [Times: user=0.00 sys=0.00, real=0.00 secs] 
Heap after GC invocations=734 (full 91):
 par new generation   total 6144K, used 4K [0x00000000fec00000, 0x00000000ff2a0000, 0x00000000ff2a0000)
  eden space 5504K,   0% used [0x00000000fec00000, 0x00000000fec00000, 0x00000000ff160000)
  from space 640K,   0% used [0x00000000ff200000, 0x00000000ff201020, 0x00000000ff2a0000)
  to   space 640K,   0% used [0x00000000ff160000, 0x00000000ff160000, 0x00000000ff200000)
 concurrent mark-sweep generation total 13696K, used 6322K [0x00000000ff2a0000, 0x0000000100000000, 0x0000000100000000)
 Metaspace       used 5073K, capacity 5258K, committed 5504K, reserved 1056768K
  class space    used 557K, capacity 597K, committed 640K, reserved 1048576K
}
{Heap before GC invocations=734 (full 91):
 par new generation   total 6144K, used 5233K [0x00000000fec00000, 0x00000000ff2a0000, 0x00000000ff2a0000)
  eden space 5504K,  95% used [0x00000000fec00000, 0x00000000ff11b778, 0x00000000ff160000)
  from space 640K,   0% used [0x00000000ff200000, 0x00000000ff201020, 0x00000000ff2a0000)
  to   space 640K,   0% used [0x00000000ff160000, 0x00000000ff160000, 0x00000000ff200000)
 concurrent mark-sweep generation total 13696K, used 6322K [0x00000000ff2a0000, 0x0000000100000000, 0x0000000100000000)
 Metaspace       used 5073K, capacity 5258K, committed 5504K, reserved 1056768K
  class space    used 557K, capacity 597K, committed 640K, reserved 1048576K
2024-07-16T18:26:18.872+0800: 5.676: [GC (Allocation Failure) 2024-07-16T18:26:18.872+0800: 5.676: [ParNew: 5233K->6K(6144K), 0.0013342 secs] 11556K->7353K(19840K), 0.0014262 secs] [Times: user=0.00 sys=0.00, real=0.00 secs] 
Heap after GC invocations=735 (full 91):
 par new generation   total 6144K, used 6K [0x00000000fec00000, 0x00000000ff2a0000, 0x00000000ff2a0000)
  eden space 5504K,   0% used [0x00000000fec00000, 0x00000000fec00000, 0x00000000ff160000)
  from space 640K,   0% used [0x00000000ff160000, 0x00000000ff161830, 0x00000000ff200000)
  to   space 640K,   0% used [0x00000000ff200000, 0x00000000ff200000, 0x00000000ff2a0000)
 concurrent mark-sweep generation total 13696K, used 7346K [0x00000000ff2a0000, 0x0000000100000000, 0x0000000100000000)
 Metaspace       used 5073K, capacity 5258K, committed 5504K, reserved 1056768K
  class space    used 557K, capacity 597K, committed 640K, reserved 1048576K
}
{Heap before GC invocations=735 (full 91):
 par new generation   total 6144K, used 5235K [0x00000000fec00000, 0x00000000ff2a0000, 0x00000000ff2a0000)
  eden space 5504K,  95% used [0x00000000fec00000, 0x00000000ff11b778, 0x00000000ff160000)
  from space 640K,   0% used [0x00000000ff160000, 0x00000000ff161830, 0x00000000ff200000)
  to   space 640K,   0% used [0x00000000ff200000, 0x00000000ff200000, 0x00000000ff2a0000)
 concurrent mark-sweep generation total 13696K, used 7346K [0x00000000ff2a0000, 0x0000000100000000, 0x0000000100000000)
 Metaspace       used 5073K, capacity 5258K, committed 5504K, reserved 1056768K
  class space    used 557K, capacity 597K, committed 640K, reserved 1048576K
2024-07-16T18:26:18.879+0800: 5.683: [GC (Allocation Failure) 2024-07-16T18:26:18.879+0800: 5.683: [ParNew: 5235K->6K(6144K), 0.0014365 secs] 12582K->8379K(19840K), 0.0015409 secs] [Times: user=0.00 sys=0.00, real=0.00 secs] 
Heap after GC invocations=736 (full 91):
 par new generation   total 6144K, used 6K [0x00000000fec00000, 0x00000000ff2a0000, 0x00000000ff2a0000)
  eden space 5504K,   0% used [0x00000000fec00000, 0x00000000fec00000, 0x00000000ff160000)
  from space 640K,   0% used [0x00000000ff200000, 0x00000000ff201830, 0x00000000ff2a0000)
  to   space 640K,   0% used [0x00000000ff160000, 0x00000000ff160000, 0x00000000ff200000)
 concurrent mark-sweep generation total 13696K, used 8373K [0x00000000ff2a0000, 0x0000000100000000, 0x0000000100000000)
 Metaspace       used 5073K, capacity 5258K, committed 5504K, reserved 1056768K
  class space    used 557K, capacity 597K, committed 640K, reserved 1048576K
}
2024-07-16T18:26:18.880+0800: 5.685: [GC (CMS Initial Mark) [1 CMS-initial-mark: 8373K(13696K)] 9405K(19840K), 0.0004629 secs] [Times: user=0.00 sys=0.00, real=0.00 secs] 
2024-07-16T18:26:18.881+0800: 5.686: [CMS-concurrent-mark-start]
2024-07-16T18:26:18.886+0800: 5.690: [CMS-concurrent-mark: 0.005/0.005 secs] [Times: user=0.00 sys=0.00, real=0.00 secs] 
2024-07-16T18:26:18.886+0800: 5.690: [CMS-concurrent-preclean-start]
2024-07-16T18:26:18.886+0800: 5.690: [CMS-concurrent-preclean: 0.000/0.000 secs] [Times: user=0.00 sys=0.00, real=0.00 secs] 
2024-07-16T18:26:18.886+0800: 5.690: [CMS-concurrent-abortable-preclean-start]
{Heap before GC invocations=736 (full 92):
 par new generation   total 6144K, used 5235K [0x00000000fec00000, 0x00000000ff2a0000, 0x00000000ff2a0000)
  eden space 5504K,  95% used [0x00000000fec00000, 0x00000000ff11b778, 0x00000000ff160000)
  from space 640K,   0% used [0x00000000ff200000, 0x00000000ff201830, 0x00000000ff2a0000)
  to   space 640K,   0% used [0x00000000ff160000, 0x00000000ff160000, 0x00000000ff200000)
 concurrent mark-sweep generation total 13696K, used 8373K [0x00000000ff2a0000, 0x0000000100000000, 0x0000000100000000)
 Metaspace       used 5073K, capacity 5258K, committed 5504K, reserved 1056768K
  class space    used 557K, capacity 597K, committed 640K, reserved 1048576K
2024-07-16T18:26:18.888+0800: 5.692: [GC (Allocation Failure) 2024-07-16T18:26:18.888+0800: 5.692: [ParNew: 5235K->4K(6144K), 0.0008411 secs] 13608K->8377K(19840K), 0.0009492 secs] [Times: user=0.00 sys=0.00, real=0.00 secs] 
Heap after GC invocations=737 (full 92):
 par new generation   total 6144K, used 4K [0x00000000fec00000, 0x00000000ff2a0000, 0x00000000ff2a0000)
  eden space 5504K,   0% used [0x00000000fec00000, 0x00000000fec00000, 0x00000000ff160000)
  from space 640K,   0% used [0x00000000ff160000, 0x00000000ff161020, 0x00000000ff200000)
  to   space 640K,   0% used [0x00000000ff200000, 0x00000000ff200000, 0x00000000ff2a0000)
 concurrent mark-sweep generation total 13696K, used 8373K [0x00000000ff2a0000, 0x0000000100000000, 0x0000000100000000)
 Metaspace       used 5073K, capacity 5258K, committed 5504K, reserved 1056768K
  class space    used 557K, capacity 597K, committed 640K, reserved 1048576K
}
{Heap before GC invocations=737 (full 92):
 par new generation   total 6144K, used 5233K [0x00000000fec00000, 0x00000000ff2a0000, 0x00000000ff2a0000)
  eden space 5504K,  95% used [0x00000000fec00000, 0x00000000ff11b778, 0x00000000ff160000)
  from space 640K,   0% used [0x00000000ff160000, 0x00000000ff161020, 0x00000000ff200000)
  to   space 640K,   0% used [0x00000000ff200000, 0x00000000ff200000, 0x00000000ff2a0000)
 concurrent mark-sweep generation total 13696K, used 8373K [0x00000000ff2a0000, 0x0000000100000000, 0x0000000100000000)
 Metaspace       used 5073K, capacity 5258K, committed 5504K, reserved 1056768K
  class space    used 557K, capacity 597K, committed 640K, reserved 1048576K
2024-07-16T18:26:18.896+0800: 5.700: [GC (Allocation Failure) 2024-07-16T18:26:18.896+0800: 5.700: [ParNew: 5233K->8K(6144K), 0.0017362 secs] 13606K->9407K(19840K), 0.0018634 secs] [Times: user=0.00 sys=0.00, real=0.00 secs] 
Heap after GC invocations=738 (full 92):
 par new generation   total 6144K, used 8K [0x00000000fec00000, 0x00000000ff2a0000, 0x00000000ff2a0000)
  eden space 5504K,   0% used [0x00000000fec00000, 0x00000000fec00000, 0x00000000ff160000)
  from space 640K,   1% used [0x00000000ff200000, 0x00000000ff202040, 0x00000000ff2a0000)
  to   space 640K,   0% used [0x00000000ff160000, 0x00000000ff160000, 0x00000000ff200000)
 concurrent mark-sweep generation total 13696K, used 9399K [0x00000000ff2a0000, 0x0000000100000000, 0x0000000100000000)
 Metaspace       used 5073K, capacity 5258K, committed 5504K, reserved 1056768K
  class space    used 557K, capacity 597K, committed 640K, reserved 1048576K
}
{Heap before GC invocations=738 (full 92):
 par new generation   total 6144K, used 5237K [0x00000000fec00000, 0x00000000ff2a0000, 0x00000000ff2a0000)
  eden space 5504K,  95% used [0x00000000fec00000, 0x00000000ff11b778, 0x00000000ff160000)
  from space 640K,   1% used [0x00000000ff200000, 0x00000000ff202040, 0x00000000ff2a0000)
  to   space 640K,   0% used [0x00000000ff160000, 0x00000000ff160000, 0x00000000ff200000)
 concurrent mark-sweep generation total 13696K, used 9399K [0x00000000ff2a0000, 0x0000000100000000, 0x0000000100000000)
 Metaspace       used 5073K, capacity 5258K, committed 5504K, reserved 1056768K
  class space    used 557K, capacity 597K, committed 640K, reserved 1048576K
2024-07-16T18:26:18.906+0800: 5.710: [GC (Allocation Failure) 2024-07-16T18:26:18.906+0800: 5.710: [ParNew: 5237K->10K(6144K), 0.0014100 secs] 14637K->10433K(19840K), 0.0016735 secs] [Times: user=0.00 sys=0.00, real=0.00 secs] 
Heap after GC invocations=739 (full 92):
 par new generation   total 6144K, used 10K [0x00000000fec00000, 0x00000000ff2a0000, 0x00000000ff2a0000)
  eden space 5504K,   0% used [0x00000000fec00000, 0x00000000fec00000, 0x00000000ff160000)
  from space 640K,   1% used [0x00000000ff160000, 0x00000000ff162850, 0x00000000ff200000)
  to   space 640K,   0% used [0x00000000ff200000, 0x00000000ff200000, 0x00000000ff2a0000)
 concurrent mark-sweep generation total 13696K, used 10423K [0x00000000ff2a0000, 0x0000000100000000, 0x0000000100000000)
 Metaspace       used 5073K, capacity 5258K, committed 5504K, reserved 1056768K
  class space    used 557K, capacity 597K, committed 640K, reserved 1048576K
}
{Heap before GC invocations=739 (full 92):
 par new generation   total 6144K, used 5239K [0x00000000fec00000, 0x00000000ff2a0000, 0x00000000ff2a0000)
  eden space 5504K,  95% used [0x00000000fec00000, 0x00000000ff11b780, 0x00000000ff160000)
  from space 640K,   1% used [0x00000000ff160000, 0x00000000ff162850, 0x00000000ff200000)
  to   space 640K,   0% used [0x00000000ff200000, 0x00000000ff200000, 0x00000000ff2a0000)
 concurrent mark-sweep generation total 13696K, used 10423K [0x00000000ff2a0000, 0x0000000100000000, 0x0000000100000000)
 Metaspace       used 5073K, capacity 5258K, committed 5504K, reserved 1056768K
  class space    used 557K, capacity 597K, committed 640K, reserved 1048576K
2024-07-16T18:26:18.914+0800: 5.718: [GC (Allocation Failure) 2024-07-16T18:26:18.914+0800: 5.718: [ParNew: 5239K->8K(6144K), 0.0013173 secs] 15663K->11455K(19840K), 0.0014036 secs] [Times: user=0.00 sys=0.00, real=0.00 secs] 
Heap after GC invocations=740 (full 92):
 par new generation   total 6144K, used 8K [0x00000000fec00000, 0x00000000ff2a0000, 0x00000000ff2a0000)
  eden space 5504K,   0% used [0x00000000fec00000, 0x00000000fec00000, 0x00000000ff160000)
  from space 640K,   1% used [0x00000000ff200000, 0x00000000ff202040, 0x00000000ff2a0000)
  to   space 640K,   0% used [0x00000000ff160000, 0x00000000ff160000, 0x00000000ff200000)
 concurrent mark-sweep generation total 13696K, used 11447K [0x00000000ff2a0000, 0x0000000100000000, 0x0000000100000000)
 Metaspace       used 5073K, capacity 5258K, committed 5504K, reserved 1056768K
  class space    used 557K, capacity 597K, committed 640K, reserved 1048576K
}
{Heap before GC invocations=740 (full 92):
 par new generation   total 6144K, used 5237K [0x00000000fec00000, 0x00000000ff2a0000, 0x00000000ff2a0000)
  eden space 5504K,  95% used [0x00000000fec00000, 0x00000000ff11b780, 0x00000000ff160000)
  from space 640K,   1% used [0x00000000ff200000, 0x00000000ff202040, 0x00000000ff2a0000)
  to   space 640K,   0% used [0x00000000ff160000, 0x00000000ff160000, 0x00000000ff200000)
 concurrent mark-sweep generation total 13696K, used 11447K [0x00000000ff2a0000, 0x0000000100000000, 0x0000000100000000)
 Metaspace       used 5073K, capacity 5258K, committed 5504K, reserved 1056768K
  class space    used 557K, capacity 597K, committed 640K, reserved 1048576K
2024-07-16T18:26:18.923+0800: 5.727: [GC (Allocation Failure) 2024-07-16T18:26:18.923+0800: 5.727: [ParNew: 5237K->6K(6144K), 0.0014690 secs] 16685K->12479K(19840K), 0.0015791 secs] [Times: user=0.16 sys=0.00, real=0.00 secs] 
Heap after GC invocations=741 (full 92):
 par new generation   total 6144K, used 6K [0x00000000fec00000, 0x00000000ff2a0000, 0x00000000ff2a0000)
  eden space 5504K,   0% used [0x00000000fec00000, 0x00000000fec00000, 0x00000000ff160000)
  from space 640K,   0% used [0x00000000ff160000, 0x00000000ff161830, 0x00000000ff200000)
  to   space 640K,   0% used [0x00000000ff200000, 0x00000000ff200000, 0x00000000ff2a0000)
 concurrent mark-sweep generation total 13696K, used 12473K [0x00000000ff2a0000, 0x0000000100000000, 0x0000000100000000)
 Metaspace       used 5073K, capacity 5258K, committed 5504K, reserved 1056768K
  class space    used 557K, capacity 597K, committed 640K, reserved 1048576K
}
{Heap before GC invocations=741 (full 92):
 par new generation   total 6144K, used 5235K [0x00000000fec00000, 0x00000000ff2a0000, 0x00000000ff2a0000)
  eden space 5504K,  95% used [0x00000000fec00000, 0x00000000ff11b780, 0x00000000ff160000)
  from space 640K,   0% used [0x00000000ff160000, 0x00000000ff161830, 0x00000000ff200000)
  to   space 640K,   0% used [0x00000000ff200000, 0x00000000ff200000, 0x00000000ff2a0000)
 concurrent mark-sweep generation total 13696K, used 12473K [0x00000000ff2a0000, 0x0000000100000000, 0x0000000100000000)
 Metaspace       used 5073K, capacity 5258K, committed 5504K, reserved 1056768K
  class space    used 557K, capacity 597K, committed 640K, reserved 1048576K
2024-07-16T18:26:18.934+0800: 5.738: [GC (Allocation Failure) 2024-07-16T18:26:18.934+0800: 5.738: [ParNew: 5235K->5235K(6144K), 0.0000194 secs]2024-07-16T18:26:18.934+0800: 5.738: [CMS2024-07-16T18:26:18.934+0800: 5.738: [CMS-concurrent-abortable-preclean: 0.001/0.048 secs] [Times: user=0.17 sys=0.00, real=0.05 secs] 
 (concurrent mode failure): 12473K->1196K(13696K), 0.0025676 secs] 17709K->1196K(19840K), [Metaspace: 5073K->5073K(1056768K)], 0.0027016 secs] [Times: user=0.00 sys=0.00, real=0.00 secs] 
Heap after GC invocations=742 (full 93):
 par new generation   total 6144K, used 0K [0x00000000fec00000, 0x00000000ff2a0000, 0x00000000ff2a0000)
  eden space 5504K,   0% used [0x00000000fec00000, 0x00000000fec00000, 0x00000000ff160000)
  from space 640K,   0% used [0x00000000ff160000, 0x00000000ff160000, 0x00000000ff200000)
  to   space 640K,   0% used [0x00000000ff200000, 0x00000000ff200000, 0x00000000ff2a0000)
 concurrent mark-sweep generation total 13696K, used 1196K [0x00000000ff2a0000, 0x0000000100000000, 0x0000000100000000)
 Metaspace       used 5073K, capacity 5258K, committed 5504K, reserved 1056768K
  class space    used 557K, capacity 597K, committed 640K, reserved 1048576K
}
{Heap before GC invocations=742 (full 93):
 par new generation   total 6144K, used 5229K [0x00000000fec00000, 0x00000000ff2a0000, 0x00000000ff2a0000)
  eden space 5504K,  95% used [0x00000000fec00000, 0x00000000ff11b780, 0x00000000ff160000)
  from space 640K,   0% used [0x00000000ff160000, 0x00000000ff160000, 0x00000000ff200000)
  to   space 640K,   0% used [0x00000000ff200000, 0x00000000ff200000, 0x00000000ff2a0000)
 concurrent mark-sweep generation total 13696K, used 1196K [0x00000000ff2a0000, 0x0000000100000000, 0x0000000100000000)
 Metaspace       used 5073K, capacity 5258K, committed 5504K, reserved 1056768K
  class space    used 557K, capacity 597K, committed 640K, reserved 1048576K
2024-07-16T18:26:18.944+0800: 5.748: [GC (Allocation Failure) 2024-07-16T18:26:18.944+0800: 5.748: [ParNew: 5229K->10K(6144K), 0.0006907 secs] 6426K->2232K(19840K), 0.0007806 secs] [Times: user=0.00 sys=0.00, real=0.00 secs] 
Heap after GC invocations=743 (full 93):
 par new generation   total 6144K, used 10K [0x00000000fec00000, 0x00000000ff2a0000, 0x00000000ff2a0000)
  eden space 5504K,   0% used [0x00000000fec00000, 0x00000000fec00000, 0x00000000ff160000)
  from space 640K,   1% used [0x00000000ff200000, 0x00000000ff202850, 0x00000000ff2a0000)
  to   space 640K,   0% used [0x00000000ff160000, 0x00000000ff160000, 0x00000000ff200000)
 concurrent mark-sweep generation total 13696K, used 2222K [0x00000000ff2a0000, 0x0000000100000000, 0x0000000100000000)
 Metaspace       used 5073K, capacity 5258K, committed 5504K, reserved 1056768K
  class space    used 557K, capacity 597K, committed 640K, reserved 1048576K
}
{Heap before GC invocations=743 (full 93):
 par new generation   total 6144K, used 5239K [0x00000000fec00000, 0x00000000ff2a0000, 0x00000000ff2a0000)
  eden space 5504K,  95% used [0x00000000fec00000, 0x00000000ff11b780, 0x00000000ff160000)
  from space 640K,   1% used [0x00000000ff200000, 0x00000000ff202850, 0x00000000ff2a0000)
  to   space 640K,   0% used [0x00000000ff160000, 0x00000000ff160000, 0x00000000ff200000)
 concurrent mark-sweep generation total 13696K, used 2222K [0x00000000ff2a0000, 0x0000000100000000, 0x0000000100000000)
 Metaspace       used 5073K, capacity 5258K, committed 5504K, reserved 1056768K
  class space    used 557K, capacity 597K, committed 640K, reserved 1048576K
2024-07-16T18:26:18.951+0800: 5.755: [GC (Allocation Failure) 2024-07-16T18:26:18.951+0800: 5.755: [ParNew: 5239K->10K(6144K), 0.0013951 secs] 7462K->3258K(19840K), 0.0015418 secs] [Times: user=0.00 sys=0.00, real=0.00 secs] 
Heap after GC invocations=744 (full 93):
 par new generation   total 6144K, used 10K [0x00000000fec00000, 0x00000000ff2a0000, 0x00000000ff2a0000)
  eden space 5504K,   0% used [0x00000000fec00000, 0x00000000fec00000, 0x00000000ff160000)
  from space 640K,   1% used [0x00000000ff160000, 0x00000000ff162850, 0x00000000ff200000)
  to   space 640K,   0% used [0x00000000ff200000, 0x00000000ff200000, 0x00000000ff2a0000)
 concurrent mark-sweep generation total 13696K, used 3248K [0x00000000ff2a0000, 0x0000000100000000, 0x0000000100000000)
 Metaspace       used 5073K, capacity 5258K, committed 5504K, reserved 1056768K
  class space    used 557K, capacity 597K, committed 640K, reserved 1048576K
}
{Heap before GC invocations=744 (full 93):
 par new generation   total 6144K, used 5239K [0x00000000fec00000, 0x00000000ff2a0000, 0x00000000ff2a0000)
  eden space 5504K,  95% used [0x00000000fec00000, 0x00000000ff11b780, 0x00000000ff160000)
  from space 640K,   1% used [0x00000000ff160000, 0x00000000ff162850, 0x00000000ff200000)
  to   space 640K,   0% used [0x00000000ff200000, 0x00000000ff200000, 0x00000000ff2a0000)
 concurrent mark-sweep generation total 13696K, used 3248K [0x00000000ff2a0000, 0x0000000100000000, 0x0000000100000000)
 Metaspace       used 5073K, capacity 5258K, committed 5504K, reserved 1056768K
  class space    used 557K, capacity 597K, committed 640K, reserved 1048576K
2024-07-16T18:26:18.958+0800: 5.762: [GC (Allocation Failure) 2024-07-16T18:26:18.958+0800: 5.762: [ParNew: 5239K->6K(6144K), 0.0010759 secs] 8488K->4280K(19840K), 0.0011678 secs] [Times: user=0.00 sys=0.00, real=0.00 secs] 
Heap after GC invocations=745 (full 93):
 par new generation   total 6144K, used 6K [0x00000000fec00000, 0x00000000ff2a0000, 0x00000000ff2a0000)
  eden space 5504K,   0% used [0x00000000fec00000, 0x00000000fec00000, 0x00000000ff160000)
  from space 640K,   0% used [0x00000000ff200000, 0x00000000ff201830, 0x00000000ff2a0000)
  to   space 640K,   0% used [0x00000000ff160000, 0x00000000ff160000, 0x00000000ff200000)
 concurrent mark-sweep generation total 13696K, used 4274K [0x00000000ff2a0000, 0x0000000100000000, 0x0000000100000000)
 Metaspace       used 5073K, capacity 5258K, committed 5504K, reserved 1056768K
  class space    used 557K, capacity 597K, committed 640K, reserved 1048576K
}
{Heap before GC invocations=745 (full 93):
 par new generation   total 6144K, used 5235K [0x00000000fec00000, 0x00000000ff2a0000, 0x00000000ff2a0000)
  eden space 5504K,  95% used [0x00000000fec00000, 0x00000000ff11b780, 0x00000000ff160000)
  from space 640K,   0% used [0x00000000ff200000, 0x00000000ff201830, 0x00000000ff2a0000)
  to   space 640K,   0% used [0x00000000ff160000, 0x00000000ff160000, 0x00000000ff200000)
 concurrent mark-sweep generation total 13696K, used 4274K [0x00000000ff2a0000, 0x0000000100000000, 0x0000000100000000)
 Metaspace       used 5073K, capacity 5258K, committed 5504K, reserved 1056768K
  class space    used 557K, capacity 597K, committed 640K, reserved 1048576K
2024-07-16T18:26:18.965+0800: 5.769: [GC (Allocation Failure) 2024-07-16T18:26:18.965+0800: 5.769: [ParNew: 5235K->8K(6144K), 0.0013952 secs] 9510K->5308K(19840K), 0.0015856 secs] [Times: user=0.00 sys=0.00, real=0.00 secs] 
Heap after GC invocations=746 (full 93):
 par new generation   total 6144K, used 8K [0x00000000fec00000, 0x00000000ff2a0000, 0x00000000ff2a0000)
  eden space 5504K,   0% used [0x00000000fec00000, 0x00000000fec00000, 0x00000000ff160000)
  from space 640K,   1% used [0x00000000ff160000, 0x00000000ff162040, 0x00000000ff200000)
  to   space 640K,   0% used [0x00000000ff200000, 0x00000000ff200000, 0x00000000ff2a0000)
 concurrent mark-sweep generation total 13696K, used 5300K [0x00000000ff2a0000, 0x0000000100000000, 0x0000000100000000)
 Metaspace       used 5073K, capacity 5258K, committed 5504K, reserved 1056768K
  class space    used 557K, capacity 597K, committed 640K, reserved 1048576K
}
{Heap before GC invocations=746 (full 93):
 par new generation   total 6144K, used 5237K [0x00000000fec00000, 0x00000000ff2a0000, 0x00000000ff2a0000)
  eden space 5504K,  95% used [0x00000000fec00000, 0x00000000ff11b780, 0x00000000ff160000)
  from space 640K,   1% used [0x00000000ff160000, 0x00000000ff162040, 0x00000000ff200000)
  to   space 640K,   0% used [0x00000000ff200000, 0x00000000ff200000, 0x00000000ff2a0000)
 concurrent mark-sweep generation total 13696K, used 5300K [0x00000000ff2a0000, 0x0000000100000000, 0x0000000100000000)
 Metaspace       used 5073K, capacity 5258K, committed 5504K, reserved 1056768K
  class space    used 557K, capacity 597K, committed 640K, reserved 1048576K
2024-07-16T18:26:18.976+0800: 5.780: [GC (Allocation Failure) 2024-07-16T18:26:18.976+0800: 5.780: [ParNew: 5237K->4K(6144K), 0.0003716 secs] 10538K->5304K(19840K), 0.0004097 secs] [Times: user=0.00 sys=0.00, real=0.00 secs] 
Heap after GC invocations=747 (full 93):
 par new generation   total 6144K, used 4K [0x00000000fec00000, 0x00000000ff2a0000, 0x00000000ff2a0000)
  eden space 5504K,   0% used [0x00000000fec00000, 0x00000000fec00000, 0x00000000ff160000)
  from space 640K,   0% used [0x00000000ff200000, 0x00000000ff201020, 0x00000000ff2a0000)
  to   space 640K,   0% used [0x00000000ff160000, 0x00000000ff160000, 0x00000000ff200000)
 concurrent mark-sweep generation total 13696K, used 5300K [0x00000000ff2a0000, 0x0000000100000000, 0x0000000100000000)
 Metaspace       used 5073K, capacity 5258K, committed 5504K, reserved 1056768K
  class space    used 557K, capacity 597K, committed 640K, reserved 1048576K
}
{Heap before GC invocations=747 (full 93):
 par new generation   total 6144K, used 5233K [0x00000000fec00000, 0x00000000ff2a0000, 0x00000000ff2a0000)
  eden space 5504K,  95% used [0x00000000fec00000, 0x00000000ff11b780, 0x00000000ff160000)
  from space 640K,   0% used [0x00000000ff200000, 0x00000000ff201020, 0x00000000ff2a0000)
  to   space 640K,   0% used [0x00000000ff160000, 0x00000000ff160000, 0x00000000ff200000)
 concurrent mark-sweep generation total 13696K, used 5300K [0x00000000ff2a0000, 0x0000000100000000, 0x0000000100000000)
 Metaspace       used 5073K, capacity 5258K, committed 5504K, reserved 1056768K
  class space    used 557K, capacity 597K, committed 640K, reserved 1048576K
2024-07-16T18:26:18.983+0800: 5.787: [GC (Allocation Failure) 2024-07-16T18:26:18.983+0800: 5.787: [ParNew: 5233K->4K(6144K), 0.0003056 secs] 10534K->5304K(19840K), 0.0003441 secs] [Times: user=0.00 sys=0.00, real=0.00 secs] 
Heap after GC invocations=748 (full 93):
 par new generation   total 6144K, used 4K [0x00000000fec00000, 0x00000000ff2a0000, 0x00000000ff2a0000)
  eden space 5504K,   0% used [0x00000000fec00000, 0x00000000fec00000, 0x00000000ff160000)
  from space 640K,   0% used [0x00000000ff160000, 0x00000000ff161020, 0x00000000ff200000)
  to   space 640K,   0% used [0x00000000ff200000, 0x00000000ff200000, 0x00000000ff2a0000)
 concurrent mark-sweep generation total 13696K, used 5300K [0x00000000ff2a0000, 0x0000000100000000, 0x0000000100000000)
 Metaspace       used 5073K, capacity 5258K, committed 5504K, reserved 1056768K
  class space    used 557K, capacity 597K, committed 640K, reserved 1048576K
}
{Heap before GC invocations=748 (full 93):
 par new generation   total 6144K, used 5233K [0x00000000fec00000, 0x00000000ff2a0000, 0x00000000ff2a0000)
  eden space 5504K,  95% used [0x00000000fec00000, 0x00000000ff11b780, 0x00000000ff160000)
  from space 640K,   0% used [0x00000000ff160000, 0x00000000ff161020, 0x00000000ff200000)
  to   space 640K,   0% used [0x00000000ff200000, 0x00000000ff200000, 0x00000000ff2a0000)
 concurrent mark-sweep generation total 13696K, used 5300K [0x00000000ff2a0000, 0x0000000100000000, 0x0000000100000000)
 Metaspace       used 5073K, capacity 5258K, committed 5504K, reserved 1056768K
  class space    used 557K, capacity 597K, committed 640K, reserved 1048576K
2024-07-16T18:26:18.990+0800: 5.794: [GC (Allocation Failure) 2024-07-16T18:26:18.990+0800: 5.794: [ParNew: 5233K->6K(6144K), 0.0003612 secs] 10534K->6330K(19840K), 0.0004511 secs] [Times: user=0.00 sys=0.00, real=0.00 secs] 
Heap after GC invocations=749 (full 93):
 par new generation   total 6144K, used 6K [0x00000000fec00000, 0x00000000ff2a0000, 0x00000000ff2a0000)
  eden space 5504K,   0% used [0x00000000fec00000, 0x00000000fec00000, 0x00000000ff160000)
  from space 640K,   0% used [0x00000000ff200000, 0x00000000ff201830, 0x00000000ff2a0000)
  to   space 640K,   0% used [0x00000000ff160000, 0x00000000ff160000, 0x00000000ff200000)
 concurrent mark-sweep generation total 13696K, used 6324K [0x00000000ff2a0000, 0x0000000100000000, 0x0000000100000000)
 Metaspace       used 5073K, capacity 5258K, committed 5504K, reserved 1056768K
  class space    used 557K, capacity 597K, committed 640K, reserved 1048576K
}
{Heap before GC invocations=749 (full 93):
 par new generation   total 6144K, used 5235K [0x00000000fec00000, 0x00000000ff2a0000, 0x00000000ff2a0000)
  eden space 5504K,  95% used [0x00000000fec00000, 0x00000000ff11b780, 0x00000000ff160000)
  from space 640K,   0% used [0x00000000ff200000, 0x00000000ff201830, 0x00000000ff2a0000)
  to   space 640K,   0% used [0x00000000ff160000, 0x00000000ff160000, 0x00000000ff200000)
 concurrent mark-sweep generation total 13696K, used 6324K [0x00000000ff2a0000, 0x0000000100000000, 0x0000000100000000)
 Metaspace       used 5073K, capacity 5258K, committed 5504K, reserved 1056768K
  class space    used 557K, capacity 597K, committed 640K, reserved 1048576K
2024-07-16T18:26:18.997+0800: 5.801: [GC (Allocation Failure) 2024-07-16T18:26:18.997+0800: 5.801: [ParNew: 5235K->8K(6144K), 0.0005165 secs] 11560K->7359K(19840K), 0.0005749 secs] [Times: user=0.00 sys=0.00, real=0.00 secs] 
Heap after GC invocations=750 (full 93):
 par new generation   total 6144K, used 8K [0x00000000fec00000, 0x00000000ff2a0000, 0x00000000ff2a0000)
  eden space 5504K,   0% used [0x00000000fec00000, 0x00000000fec00000, 0x00000000ff160000)
  from space 640K,   1% used [0x00000000ff160000, 0x00000000ff162040, 0x00000000ff200000)
  to   space 640K,   0% used [0x00000000ff200000, 0x00000000ff200000, 0x00000000ff2a0000)
 concurrent mark-sweep generation total 13696K, used 7350K [0x00000000ff2a0000, 0x0000000100000000, 0x0000000100000000)
 Metaspace       used 5073K, capacity 5258K, committed 5504K, reserved 1056768K
  class space    used 557K, capacity 597K, committed 640K, reserved 1048576K
}
{Heap before GC invocations=750 (full 93):
 par new generation   total 6144K, used 5237K [0x00000000fec00000, 0x00000000ff2a0000, 0x00000000ff2a0000)
  eden space 5504K,  95% used [0x00000000fec00000, 0x00000000ff11b780, 0x00000000ff160000)
  from space 640K,   1% used [0x00000000ff160000, 0x00000000ff162040, 0x00000000ff200000)
  to   space 640K,   0% used [0x00000000ff200000, 0x00000000ff200000, 0x00000000ff2a0000)
 concurrent mark-sweep generation total 13696K, used 7350K [0x00000000ff2a0000, 0x0000000100000000, 0x0000000100000000)
 Metaspace       used 5073K, capacity 5258K, committed 5504K, reserved 1056768K
  class space    used 557K, capacity 597K, committed 640K, reserved 1048576K
2024-07-16T18:26:19.004+0800: 5.808: [GC (Allocation Failure) 2024-07-16T18:26:19.004+0800: 5.808: [ParNew: 5237K->8K(6144K), 0.0005076 secs] 12588K->8385K(19840K), 0.0006234 secs] [Times: user=0.00 sys=0.00, real=0.00 secs] 
Heap after GC invocations=751 (full 93):
 par new generation   total 6144K, used 8K [0x00000000fec00000, 0x00000000ff2a0000, 0x00000000ff2a0000)
  eden space 5504K,   0% used [0x00000000fec00000, 0x00000000fec00000, 0x00000000ff160000)
  from space 640K,   1% used [0x00000000ff200000, 0x00000000ff202040, 0x00000000ff2a0000)
  to   space 640K,   0% used [0x00000000ff160000, 0x00000000ff160000, 0x00000000ff200000)
 concurrent mark-sweep generation total 13696K, used 8377K [0x00000000ff2a0000, 0x0000000100000000, 0x0000000100000000)
 Metaspace       used 5073K, capacity 5258K, committed 5504K, reserved 1056768K
  class space    used 557K, capacity 597K, committed 640K, reserved 1048576K
}
2024-07-16T18:26:19.005+0800: 5.809: [GC (CMS Initial Mark) [1 CMS-initial-mark: 8377K(13696K)] 9409K(19840K), 0.0002677 secs] [Times: user=0.00 sys=0.00, real=0.00 secs] 
2024-07-16T18:26:19.005+0800: 5.809: [CMS-concurrent-mark-start]
2024-07-16T18:26:19.008+0800: 5.812: [CMS-concurrent-mark: 0.003/0.003 secs] [Times: user=0.00 sys=0.00, real=0.00 secs] 
2024-07-16T18:26:19.008+0800: 5.812: [CMS-concurrent-preclean-start]
2024-07-16T18:26:19.008+0800: 5.812: [CMS-concurrent-preclean: 0.000/0.000 secs] [Times: user=0.00 sys=0.00, real=0.00 secs] 
2024-07-16T18:26:19.008+0800: 5.812: [CMS-concurrent-abortable-preclean-start]
{Heap before GC invocations=751 (full 94):
 par new generation   total 6144K, used 5237K [0x00000000fec00000, 0x00000000ff2a0000, 0x00000000ff2a0000)
  eden space 5504K,  95% used [0x00000000fec00000, 0x00000000ff11b780, 0x00000000ff160000)
  from space 640K,   1% used [0x00000000ff200000, 0x00000000ff202040, 0x00000000ff2a0000)
  to   space 640K,   0% used [0x00000000ff160000, 0x00000000ff160000, 0x00000000ff200000)
 concurrent mark-sweep generation total 13696K, used 8377K [0x00000000ff2a0000, 0x0000000100000000, 0x0000000100000000)
 Metaspace       used 5073K, capacity 5258K, committed 5504K, reserved 1056768K
  class space    used 557K, capacity 597K, committed 640K, reserved 1048576K
2024-07-16T18:26:19.013+0800: 5.817: [GC (Allocation Failure) 2024-07-16T18:26:19.013+0800: 5.817: [ParNew: 5237K->4K(6144K), 0.0003565 secs] 13614K->8381K(19840K), 0.0004036 secs] [Times: user=0.00 sys=0.00, real=0.00 secs] 
Heap after GC invocations=752 (full 94):
 par new generation   total 6144K, used 4K [0x00000000fec00000, 0x00000000ff2a0000, 0x00000000ff2a0000)
  eden space 5504K,   0% used [0x00000000fec00000, 0x00000000fec00000, 0x00000000ff160000)
  from space 640K,   0% used [0x00000000ff160000, 0x00000000ff161020, 0x00000000ff200000)
  to   space 640K,   0% used [0x00000000ff200000, 0x00000000ff200000, 0x00000000ff2a0000)
 concurrent mark-sweep generation total 13696K, used 8377K [0x00000000ff2a0000, 0x0000000100000000, 0x0000000100000000)
 Metaspace       used 5073K, capacity 5258K, committed 5504K, reserved 1056768K
  class space    used 557K, capacity 597K, committed 640K, reserved 1048576K
}
{Heap before GC invocations=752 (full 94):
 par new generation   total 6144K, used 5233K [0x00000000fec00000, 0x00000000ff2a0000, 0x00000000ff2a0000)
  eden space 5504K,  95% used [0x00000000fec00000, 0x00000000ff11b780, 0x00000000ff160000)
  from space 640K,   0% used [0x00000000ff160000, 0x00000000ff161020, 0x00000000ff200000)
  to   space 640K,   0% used [0x00000000ff200000, 0x00000000ff200000, 0x00000000ff2a0000)
 concurrent mark-sweep generation total 13696K, used 8377K [0x00000000ff2a0000, 0x0000000100000000, 0x0000000100000000)
 Metaspace       used 5073K, capacity 5258K, committed 5504K, reserved 1056768K
  class space    used 557K, capacity 597K, committed 640K, reserved 1048576K
2024-07-16T18:26:19.021+0800: 5.825: [GC (Allocation Failure) 2024-07-16T18:26:19.021+0800: 5.825: [ParNew: 5233K->4K(6144K), 0.0002510 secs] 13610K->8381K(19840K), 0.0002884 secs] [Times: user=0.00 sys=0.00, real=0.00 secs] 
Heap after GC invocations=753 (full 94):
 par new generation   total 6144K, used 4K [0x00000000fec00000, 0x00000000ff2a0000, 0x00000000ff2a0000)
  eden space 5504K,   0% used [0x00000000fec00000, 0x00000000fec00000, 0x00000000ff160000)
  from space 640K,   0% used [0x00000000ff200000, 0x00000000ff201020, 0x00000000ff2a0000)
  to   space 640K,   0% used [0x00000000ff160000, 0x00000000ff160000, 0x00000000ff200000)
 concurrent mark-sweep generation total 13696K, used 8377K [0x00000000ff2a0000, 0x0000000100000000, 0x0000000100000000)
 Metaspace       used 5073K, capacity 5258K, committed 5504K, reserved 1056768K
  class space    used 557K, capacity 597K, committed 640K, reserved 1048576K
}
{Heap before GC invocations=753 (full 94):
 par new generation   total 6144K, used 5233K [0x00000000fec00000, 0x00000000ff2a0000, 0x00000000ff2a0000)
  eden space 5504K,  95% used [0x00000000fec00000, 0x00000000ff11b780, 0x00000000ff160000)
  from space 640K,   0% used [0x00000000ff200000, 0x00000000ff201020, 0x00000000ff2a0000)
  to   space 640K,   0% used [0x00000000ff160000, 0x00000000ff160000, 0x00000000ff200000)
 concurrent mark-sweep generation total 13696K, used 8377K [0x00000000ff2a0000, 0x0000000100000000, 0x0000000100000000)
 Metaspace       used 5073K, capacity 5258K, committed 5504K, reserved 1056768K
  class space    used 557K, capacity 597K, committed 640K, reserved 1048576K
2024-07-16T18:26:19.029+0800: 5.833: [GC (Allocation Failure) 2024-07-16T18:26:19.029+0800: 5.833: [ParNew: 5233K->4K(6144K), 0.0002550 secs] 13610K->8381K(19840K), 0.0002922 secs] [Times: user=0.00 sys=0.00, real=0.00 secs] 
Heap after GC invocations=754 (full 94):
 par new generation   total 6144K, used 4K [0x00000000fec00000, 0x00000000ff2a0000, 0x00000000ff2a0000)
  eden space 5504K,   0% used [0x00000000fec00000, 0x00000000fec00000, 0x00000000ff160000)
  from space 640K,   0% used [0x00000000ff160000, 0x00000000ff161020, 0x00000000ff200000)
  to   space 640K,   0% used [0x00000000ff200000, 0x00000000ff200000, 0x00000000ff2a0000)
 concurrent mark-sweep generation total 13696K, used 8377K [0x00000000ff2a0000, 0x0000000100000000, 0x0000000100000000)
 Metaspace       used 5073K, capacity 5258K, committed 5504K, reserved 1056768K
  class space    used 557K, capacity 597K, committed 640K, reserved 1048576K
}
{Heap before GC invocations=754 (full 94):
 par new generation   total 6144K, used 5233K [0x00000000fec00000, 0x00000000ff2a0000, 0x00000000ff2a0000)
  eden space 5504K,  95% used [0x00000000fec00000, 0x00000000ff11b780, 0x00000000ff160000)
  from space 640K,   0% used [0x00000000ff160000, 0x00000000ff161020, 0x00000000ff200000)
  to   space 640K,   0% used [0x00000000ff200000, 0x00000000ff200000, 0x00000000ff2a0000)
 concurrent mark-sweep generation total 13696K, used 8377K [0x00000000ff2a0000, 0x0000000100000000, 0x0000000100000000)
 Metaspace       used 5073K, capacity 5258K, committed 5504K, reserved 1056768K
  class space    used 557K, capacity 597K, committed 640K, reserved 1048576K
2024-07-16T18:26:19.037+0800: 5.841: [GC (Allocation Failure) 2024-07-16T18:26:19.037+0800: 5.841: [ParNew: 5233K->4K(6144K), 0.0002962 secs] 13610K->8381K(19840K), 0.0003439 secs] [Times: user=0.00 sys=0.00, real=0.00 secs] 
Heap after GC invocations=755 (full 94):
 par new generation   total 6144K, used 4K [0x00000000fec00000, 0x00000000ff2a0000, 0x00000000ff2a0000)
  eden space 5504K,   0% used [0x00000000fec00000, 0x00000000fec00000, 0x00000000ff160000)
  from space 640K,   0% used [0x00000000ff200000, 0x00000000ff201020, 0x00000000ff2a0000)
  to   space 640K,   0% used [0x00000000ff160000, 0x00000000ff160000, 0x00000000ff200000)
 concurrent mark-sweep generation total 13696K, used 8377K [0x00000000ff2a0000, 0x0000000100000000, 0x0000000100000000)
 Metaspace       used 5073K, capacity 5258K, committed 5504K, reserved 1056768K
  class space    used 557K, capacity 597K, committed 640K, reserved 1048576K
}
{Heap before GC invocations=755 (full 94):
 par new generation   total 6144K, used 5233K [0x00000000fec00000, 0x00000000ff2a0000, 0x00000000ff2a0000)
  eden space 5504K,  95% used [0x00000000fec00000, 0x00000000ff11b780, 0x00000000ff160000)
  from space 640K,   0% used [0x00000000ff200000, 0x00000000ff201020, 0x00000000ff2a0000)
  to   space 640K,   0% used [0x00000000ff160000, 0x00000000ff160000, 0x00000000ff200000)
 concurrent mark-sweep generation total 13696K, used 8377K [0x00000000ff2a0000, 0x0000000100000000, 0x0000000100000000)
 Metaspace       used 5073K, capacity 5258K, committed 5504K, reserved 1056768K
  class space    used 557K, capacity 597K, committed 640K, reserved 1048576K
2024-07-16T18:26:19.044+0800: 5.848: [GC (Allocation Failure) 2024-07-16T18:26:19.044+0800: 5.848: [ParNew: 5233K->8K(6144K), 0.0006822 secs] 13610K->9409K(19840K), 0.0008091 secs] [Times: user=0.00 sys=0.00, real=0.00 secs] 
Heap after GC invocations=756 (full 94):
 par new generation   total 6144K, used 8K [0x00000000fec00000, 0x00000000ff2a0000, 0x00000000ff2a0000)
  eden space 5504K,   0% used [0x00000000fec00000, 0x00000000fec00000, 0x00000000ff160000)
  from space 640K,   1% used [0x00000000ff160000, 0x00000000ff162040, 0x00000000ff200000)
  to   space 640K,   0% used [0x00000000ff200000, 0x00000000ff200000, 0x00000000ff2a0000)
 concurrent mark-sweep generation total 13696K, used 9401K [0x00000000ff2a0000, 0x0000000100000000, 0x0000000100000000)
 Metaspace       used 5073K, capacity 5258K, committed 5504K, reserved 1056768K
  class space    used 557K, capacity 597K, committed 640K, reserved 1048576K
}
{Heap before GC invocations=756 (full 94):
 par new generation   total 6144K, used 5237K [0x00000000fec00000, 0x00000000ff2a0000, 0x00000000ff2a0000)
  eden space 5504K,  95% used [0x00000000fec00000, 0x00000000ff11b780, 0x00000000ff160000)
  from space 640K,   1% used [0x00000000ff160000, 0x00000000ff162040, 0x00000000ff200000)
  to   space 640K,   0% used [0x00000000ff200000, 0x00000000ff200000, 0x00000000ff2a0000)
 concurrent mark-sweep generation total 13696K, used 9401K [0x00000000ff2a0000, 0x0000000100000000, 0x0000000100000000)
 Metaspace       used 5073K, capacity 5258K, committed 5504K, reserved 1056768K
  class space    used 557K, capacity 597K, committed 640K, reserved 1048576K
2024-07-16T18:26:19.054+0800: 5.858: [GC (Allocation Failure) 2024-07-16T18:26:19.054+0800: 5.858: [ParNew: 5237K->4K(6144K), 0.0004523 secs] 14638K->9405K(19840K), 0.0005299 secs] [Times: user=0.00 sys=0.00, real=0.00 secs] 
Heap after GC invocations=757 (full 94):
 par new generation   total 6144K, used 4K [0x00000000fec00000, 0x00000000ff2a0000, 0x00000000ff2a0000)
  eden space 5504K,   0% used [0x00000000fec00000, 0x00000000fec00000, 0x00000000ff160000)
  from space 640K,   0% used [0x00000000ff200000, 0x00000000ff201020, 0x00000000ff2a0000)
  to   space 640K,   0% used [0x00000000ff160000, 0x00000000ff160000, 0x00000000ff200000)
 concurrent mark-sweep generation total 13696K, used 9401K [0x00000000ff2a0000, 0x0000000100000000, 0x0000000100000000)
 Metaspace       used 5073K, capacity 5258K, committed 5504K, reserved 1056768K
  class space    used 557K, capacity 597K, committed 640K, reserved 1048576K
}
{Heap before GC invocations=757 (full 94):
 par new generation   total 6144K, used 5233K [0x00000000fec00000, 0x00000000ff2a0000, 0x00000000ff2a0000)
  eden space 5504K,  95% used [0x00000000fec00000, 0x00000000ff11b780, 0x00000000ff160000)
  from space 640K,   0% used [0x00000000ff200000, 0x00000000ff201020, 0x00000000ff2a0000)
  to   space 640K,   0% used [0x00000000ff160000, 0x00000000ff160000, 0x00000000ff200000)
 concurrent mark-sweep generation total 13696K, used 9401K [0x00000000ff2a0000, 0x0000000100000000, 0x0000000100000000)
 Metaspace       used 5073K, capacity 5258K, committed 5504K, reserved 1056768K
  class space    used 557K, capacity 597K, committed 640K, reserved 1048576K
2024-07-16T18:26:19.061+0800: 5.865: [GC (Allocation Failure) 2024-07-16T18:26:19.061+0800: 5.865: [ParNew: 5233K->8K(6144K), 0.0010323 secs] 14634K->10435K(19840K), 0.0010766 secs] [Times: user=0.00 sys=0.00, real=0.00 secs] 
Heap after GC invocations=758 (full 94):
 par new generation   total 6144K, used 8K [0x00000000fec00000, 0x00000000ff2a0000, 0x00000000ff2a0000)
  eden space 5504K,   0% used [0x00000000fec00000, 0x00000000fec00000, 0x00000000ff160000)
  from space 640K,   1% used [0x00000000ff160000, 0x00000000ff162040, 0x00000000ff200000)
  to   space 640K,   0% used [0x00000000ff200000, 0x00000000ff200000, 0x00000000ff2a0000)
 concurrent mark-sweep generation total 13696K, used 10427K [0x00000000ff2a0000, 0x0000000100000000, 0x0000000100000000)
 Metaspace       used 5073K, capacity 5258K, committed 5504K, reserved 1056768K
  class space    used 557K, capacity 597K, committed 640K, reserved 1048576K
}
{Heap before GC invocations=758 (full 94):
 par new generation   total 6144K, used 5237K [0x00000000fec00000, 0x00000000ff2a0000, 0x00000000ff2a0000)
  eden space 5504K,  95% used [0x00000000fec00000, 0x00000000ff11b780, 0x00000000ff160000)
  from space 640K,   1% used [0x00000000ff160000, 0x00000000ff162040, 0x00000000ff200000)
  to   space 640K,   0% used [0x00000000ff200000, 0x00000000ff200000, 0x00000000ff2a0000)
 concurrent mark-sweep generation total 13696K, used 10427K [0x00000000ff2a0000, 0x0000000100000000, 0x0000000100000000)
 Metaspace       used 5073K, capacity 5258K, committed 5504K, reserved 1056768K
  class space    used 557K, capacity 597K, committed 640K, reserved 1048576K
2024-07-16T18:26:19.071+0800: 5.875: [GC (Allocation Failure) 2024-07-16T18:26:19.071+0800: 5.875: [ParNew: 5237K->4K(6144K), 0.0007039 secs] 15665K->10431K(19840K), 0.0007989 secs] [Times: user=0.00 sys=0.00, real=0.00 secs] 
Heap after GC invocations=759 (full 94):
 par new generation   total 6144K, used 4K [0x00000000fec00000, 0x00000000ff2a0000, 0x00000000ff2a0000)
  eden space 5504K,   0% used [0x00000000fec00000, 0x00000000fec00000, 0x00000000ff160000)
  from space 640K,   0% used [0x00000000ff200000, 0x00000000ff201020, 0x00000000ff2a0000)
  to   space 640K,   0% used [0x00000000ff160000, 0x00000000ff160000, 0x00000000ff200000)
 concurrent mark-sweep generation total 13696K, used 10427K [0x00000000ff2a0000, 0x0000000100000000, 0x0000000100000000)
 Metaspace       used 5073K, capacity 5258K, committed 5504K, reserved 1056768K
  class space    used 557K, capacity 597K, committed 640K, reserved 1048576K
}
{Heap before GC invocations=759 (full 94):
 par new generation   total 6144K, used 5233K [0x00000000fec00000, 0x00000000ff2a0000, 0x00000000ff2a0000)
  eden space 5504K,  95% used [0x00000000fec00000, 0x00000000ff11b780, 0x00000000ff160000)
  from space 640K,   0% used [0x00000000ff200000, 0x00000000ff201020, 0x00000000ff2a0000)
  to   space 640K,   0% used [0x00000000ff160000, 0x00000000ff160000, 0x00000000ff200000)
 concurrent mark-sweep generation total 13696K, used 10427K [0x00000000ff2a0000, 0x0000000100000000, 0x0000000100000000)
 Metaspace       used 5073K, capacity 5258K, committed 5504K, reserved 1056768K
  class space    used 557K, capacity 597K, committed 640K, reserved 1048576K
2024-07-16T18:26:19.079+0800: 5.883: [GC (Allocation Failure) 2024-07-16T18:26:19.079+0800: 5.883: [ParNew: 5233K->8K(6144K), 0.0011847 secs] 15660K->11459K(19840K), 0.0012785 secs] [Times: user=0.00 sys=0.00, real=0.00 secs] 
Heap after GC invocations=760 (full 94):
 par new generation   total 6144K, used 8K [0x00000000fec00000, 0x00000000ff2a0000, 0x00000000ff2a0000)
  eden space 5504K,   0% used [0x00000000fec00000, 0x00000000fec00000, 0x00000000ff160000)
  from space 640K,   1% used [0x00000000ff160000, 0x00000000ff162040, 0x00000000ff200000)
  to   space 640K,   0% used [0x00000000ff200000, 0x00000000ff200000, 0x00000000ff2a0000)
 concurrent mark-sweep generation total 13696K, used 11451K [0x00000000ff2a0000, 0x0000000100000000, 0x0000000100000000)
 Metaspace       used 5073K, capacity 5258K, committed 5504K, reserved 1056768K
  class space    used 557K, capacity 597K, committed 640K, reserved 1048576K
}
{Heap before GC invocations=760 (full 94):
 par new generation   total 6144K, used 5237K [0x00000000fec00000, 0x00000000ff2a0000, 0x00000000ff2a0000)
  eden space 5504K,  95% used [0x00000000fec00000, 0x00000000ff11b780, 0x00000000ff160000)
  from space 640K,   1% used [0x00000000ff160000, 0x00000000ff162040, 0x00000000ff200000)
  to   space 640K,   0% used [0x00000000ff200000, 0x00000000ff200000, 0x00000000ff2a0000)
 concurrent mark-sweep generation total 13696K, used 11451K [0x00000000ff2a0000, 0x0000000100000000, 0x0000000100000000)
 Metaspace       used 5073K, capacity 5258K, committed 5504K, reserved 1056768K
  class space    used 557K, capacity 597K, committed 640K, reserved 1048576K
2024-07-16T18:26:19.087+0800: 5.891: [GC (Allocation Failure) 2024-07-16T18:26:19.087+0800: 5.891: [ParNew: 5237K->8K(6144K), 0.0006517 secs] 16689K->12485K(19840K), 0.0007971 secs] [Times: user=0.00 sys=0.00, real=0.00 secs] 
Heap after GC invocations=761 (full 94):
 par new generation   total 6144K, used 8K [0x00000000fec00000, 0x00000000ff2a0000, 0x00000000ff2a0000)
  eden space 5504K,   0% used [0x00000000fec00000, 0x00000000fec00000, 0x00000000ff160000)
  from space 640K,   1% used [0x00000000ff200000, 0x00000000ff202040, 0x00000000ff2a0000)
  to   space 640K,   0% used [0x00000000ff160000, 0x00000000ff160000, 0x00000000ff200000)
 concurrent mark-sweep generation total 13696K, used 12477K [0x00000000ff2a0000, 0x0000000100000000, 0x0000000100000000)
 Metaspace       used 5073K, capacity 5258K, committed 5504K, reserved 1056768K
  class space    used 557K, capacity 597K, committed 640K, reserved 1048576K
}
{Heap before GC invocations=761 (full 94):
 par new generation   total 6144K, used 5237K [0x00000000fec00000, 0x00000000ff2a0000, 0x00000000ff2a0000)
  eden space 5504K,  95% used [0x00000000fec00000, 0x00000000ff11b780, 0x00000000ff160000)
  from space 640K,   1% used [0x00000000ff200000, 0x00000000ff202040, 0x00000000ff2a0000)
  to   space 640K,   0% used [0x00000000ff160000, 0x00000000ff160000, 0x00000000ff200000)
 concurrent mark-sweep generation total 13696K, used 12477K [0x00000000ff2a0000, 0x0000000100000000, 0x0000000100000000)
 Metaspace       used 5073K, capacity 5258K, committed 5504K, reserved 1056768K
  class space    used 557K, capacity 597K, committed 640K, reserved 1048576K
2024-07-16T18:26:19.095+0800: 5.899: [GC (Allocation Failure) 2024-07-16T18:26:19.095+0800: 5.899: [ParNew: 5237K->5237K(6144K), 0.0000112 secs]2024-07-16T18:26:19.095+0800: 5.899: [CMS2024-07-16T18:26:19.095+0800: 5.899: [CMS-concurrent-abortable-preclean: 0.001/0.086 secs] [Times: user=0.00 sys=0.00, real=0.09 secs] 
 (concurrent mode failure): 12477K->2220K(13696K), 0.0032812 secs] 17715K->2220K(19840K), [Metaspace: 5073K->5073K(1056768K)], 0.0033563 secs] [Times: user=0.02 sys=0.00, real=0.00 secs] 
Heap after GC invocations=762 (full 95):
 par new generation   total 6144K, used 0K [0x00000000fec00000, 0x00000000ff2a0000, 0x00000000ff2a0000)
  eden space 5504K,   0% used [0x00000000fec00000, 0x00000000fec00000, 0x00000000ff160000)
  from space 640K,   0% used [0x00000000ff200000, 0x00000000ff200000, 0x00000000ff2a0000)
  to   space 640K,   0% used [0x00000000ff160000, 0x00000000ff160000, 0x00000000ff200000)
 concurrent mark-sweep generation total 13696K, used 2220K [0x00000000ff2a0000, 0x0000000100000000, 0x0000000100000000)
 Metaspace       used 5073K, capacity 5258K, committed 5504K, reserved 1056768K
  class space    used 557K, capacity 597K, committed 640K, reserved 1048576K
}
{Heap before GC invocations=762 (full 95):
 par new generation   total 6144K, used 5229K [0x00000000fec00000, 0x00000000ff2a0000, 0x00000000ff2a0000)
  eden space 5504K,  95% used [0x00000000fec00000, 0x00000000ff11b780, 0x00000000ff160000)
  from space 640K,   0% used [0x00000000ff200000, 0x00000000ff200000, 0x00000000ff2a0000)
  to   space 640K,   0% used [0x00000000ff160000, 0x00000000ff160000, 0x00000000ff200000)
 concurrent mark-sweep generation total 13696K, used 2220K [0x00000000ff2a0000, 0x0000000100000000, 0x0000000100000000)
 Metaspace       used 5073K, capacity 5258K, committed 5504K, reserved 1056768K
  class space    used 557K, capacity 597K, committed 640K, reserved 1048576K
2024-07-16T18:26:19.105+0800: 5.909: [GC (Allocation Failure) 2024-07-16T18:26:19.105+0800: 5.909: [ParNew: 5229K->10K(6144K), 0.0016551 secs] 7450K->3256K(19840K), 0.0018245 secs] [Times: user=0.00 sys=0.00, real=0.00 secs] 
Heap after GC invocations=763 (full 95):
 par new generation   total 6144K, used 10K [0x00000000fec00000, 0x00000000ff2a0000, 0x00000000ff2a0000)
  eden space 5504K,   0% used [0x00000000fec00000, 0x00000000fec00000, 0x00000000ff160000)
  from space 640K,   1% used [0x00000000ff160000, 0x00000000ff162850, 0x00000000ff200000)
  to   space 640K,   0% used [0x00000000ff200000, 0x00000000ff200000, 0x00000000ff2a0000)
 concurrent mark-sweep generation total 13696K, used 3246K [0x00000000ff2a0000, 0x0000000100000000, 0x0000000100000000)
 Metaspace       used 5073K, capacity 5258K, committed 5504K, reserved 1056768K
  class space    used 557K, capacity 597K, committed 640K, reserved 1048576K
}
{Heap before GC invocations=763 (full 95):
 par new generation   total 6144K, used 5239K [0x00000000fec00000, 0x00000000ff2a0000, 0x00000000ff2a0000)
  eden space 5504K,  95% used [0x00000000fec00000, 0x00000000ff11b780, 0x00000000ff160000)
  from space 640K,   1% used [0x00000000ff160000, 0x00000000ff162850, 0x00000000ff200000)
  to   space 640K,   0% used [0x00000000ff200000, 0x00000000ff200000, 0x00000000ff2a0000)
 concurrent mark-sweep generation total 13696K, used 3246K [0x00000000ff2a0000, 0x0000000100000000, 0x0000000100000000)
 Metaspace       used 5073K, capacity 5258K, committed 5504K, reserved 1056768K
  class space    used 557K, capacity 597K, committed 640K, reserved 1048576K
2024-07-16T18:26:19.114+0800: 5.918: [GC (Allocation Failure) 2024-07-16T18:26:19.114+0800: 5.918: [ParNew: 5239K->4K(6144K), 0.0005507 secs] 8486K->3250K(19840K), 0.0006219 secs] [Times: user=0.00 sys=0.00, real=0.00 secs] 
Heap after GC invocations=764 (full 95):
 par new generation   total 6144K, used 4K [0x00000000fec00000, 0x00000000ff2a0000, 0x00000000ff2a0000)
  eden space 5504K,   0% used [0x00000000fec00000, 0x00000000fec00000, 0x00000000ff160000)
  from space 640K,   0% used [0x00000000ff200000, 0x00000000ff201020, 0x00000000ff2a0000)
  to   space 640K,   0% used [0x00000000ff160000, 0x00000000ff160000, 0x00000000ff200000)
 concurrent mark-sweep generation total 13696K, used 3246K [0x00000000ff2a0000, 0x0000000100000000, 0x0000000100000000)
 Metaspace       used 5073K, capacity 5258K, committed 5504K, reserved 1056768K
  class space    used 557K, capacity 597K, committed 640K, reserved 1048576K
}
{Heap before GC invocations=764 (full 95):
 par new generation   total 6144K, used 5233K [0x00000000fec00000, 0x00000000ff2a0000, 0x00000000ff2a0000)
  eden space 5504K,  95% used [0x00000000fec00000, 0x00000000ff11b780, 0x00000000ff160000)
  from space 640K,   0% used [0x00000000ff200000, 0x00000000ff201020, 0x00000000ff2a0000)
  to   space 640K,   0% used [0x00000000ff160000, 0x00000000ff160000, 0x00000000ff200000)
 concurrent mark-sweep generation total 13696K, used 3246K [0x00000000ff2a0000, 0x0000000100000000, 0x0000000100000000)
 Metaspace       used 5073K, capacity 5258K, committed 5504K, reserved 1056768K
  class space    used 557K, capacity 597K, committed 640K, reserved 1048576K
2024-07-16T18:26:19.121+0800: 5.925: [GC (Allocation Failure) 2024-07-16T18:26:19.121+0800: 5.925: [ParNew: 5233K->8K(6144K), 0.0009441 secs] 8480K->4280K(19840K), 0.0009952 secs] [Times: user=0.00 sys=0.00, real=0.00 secs] 
Heap after GC invocations=765 (full 95):
 par new generation   total 6144K, used 8K [0x00000000fec00000, 0x00000000ff2a0000, 0x00000000ff2a0000)
  eden space 5504K,   0% used [0x00000000fec00000, 0x00000000fec00000, 0x00000000ff160000)
  from space 640K,   1% used [0x00000000ff160000, 0x00000000ff162040, 0x00000000ff200000)
  to   space 640K,   0% used [0x00000000ff200000, 0x00000000ff200000, 0x00000000ff2a0000)
 concurrent mark-sweep generation total 13696K, used 4272K [0x00000000ff2a0000, 0x0000000100000000, 0x0000000100000000)
 Metaspace       used 5073K, capacity 5258K, committed 5504K, reserved 1056768K
  class space    used 557K, capacity 597K, committed 640K, reserved 1048576K
}
{Heap before GC invocations=765 (full 95):
 par new generation   total 6144K, used 5237K [0x00000000fec00000, 0x00000000ff2a0000, 0x00000000ff2a0000)
  eden space 5504K,  95% used [0x00000000fec00000, 0x00000000ff11b780, 0x00000000ff160000)
  from space 640K,   1% used [0x00000000ff160000, 0x00000000ff162040, 0x00000000ff200000)
  to   space 640K,   0% used [0x00000000ff200000, 0x00000000ff200000, 0x00000000ff2a0000)
 concurrent mark-sweep generation total 13696K, used 4272K [0x00000000ff2a0000, 0x0000000100000000, 0x0000000100000000)
 Metaspace       used 5073K, capacity 5258K, committed 5504K, reserved 1056768K
  class space    used 557K, capacity 597K, committed 640K, reserved 1048576K
2024-07-16T18:26:19.131+0800: 5.935: [GC (Allocation Failure) 2024-07-16T18:26:19.131+0800: 5.935: [ParNew: 5237K->4K(6144K), 0.0002804 secs] 9510K->4276K(19840K), 0.0003305 secs] [Times: user=0.00 sys=0.00, real=0.00 secs] 
Heap after GC invocations=766 (full 95):
 par new generation   total 6144K, used 4K [0x00000000fec00000, 0x00000000ff2a0000, 0x00000000ff2a0000)
  eden space 5504K,   0% used [0x00000000fec00000, 0x00000000fec00000, 0x00000000ff160000)
  from space 640K,   0% used [0x00000000ff200000, 0x00000000ff201020, 0x00000000ff2a0000)
  to   space 640K,   0% used [0x00000000ff160000, 0x00000000ff160000, 0x00000000ff200000)
 concurrent mark-sweep generation total 13696K, used 4272K [0x00000000ff2a0000, 0x0000000100000000, 0x0000000100000000)
 Metaspace       used 5073K, capacity 5258K, committed 5504K, reserved 1056768K
  class space    used 557K, capacity 597K, committed 640K, reserved 1048576K
}
{Heap before GC invocations=766 (full 95):
 par new generation   total 6144K, used 5233K [0x00000000fec00000, 0x00000000ff2a0000, 0x00000000ff2a0000)
  eden space 5504K,  95% used [0x00000000fec00000, 0x00000000ff11b780, 0x00000000ff160000)
  from space 640K,   0% used [0x00000000ff200000, 0x00000000ff201020, 0x00000000ff2a0000)
  to   space 640K,   0% used [0x00000000ff160000, 0x00000000ff160000, 0x00000000ff200000)
 concurrent mark-sweep generation total 13696K, used 4272K [0x00000000ff2a0000, 0x0000000100000000, 0x0000000100000000)
 Metaspace       used 5073K, capacity 5258K, committed 5504K, reserved 1056768K
  class space    used 557K, capacity 597K, committed 640K, reserved 1048576K
2024-07-16T18:26:19.138+0800: 5.942: [GC (Allocation Failure) 2024-07-16T18:26:19.138+0800: 5.942: [ParNew: 5233K->8K(6144K), 0.0004219 secs] 9506K->5307K(19840K), 0.0004603 secs] [Times: user=0.00 sys=0.00, real=0.00 secs] 
Heap after GC invocations=767 (full 95):
 par new generation   total 6144K, used 8K [0x00000000fec00000, 0x00000000ff2a0000, 0x00000000ff2a0000)
  eden space 5504K,   0% used [0x00000000fec00000, 0x00000000fec00000, 0x00000000ff160000)
  from space 640K,   1% used [0x00000000ff160000, 0x00000000ff162040, 0x00000000ff200000)
  to   space 640K,   0% used [0x00000000ff200000, 0x00000000ff200000, 0x00000000ff2a0000)
 concurrent mark-sweep generation total 13696K, used 5298K [0x00000000ff2a0000, 0x0000000100000000, 0x0000000100000000)
 Metaspace       used 5073K, capacity 5258K, committed 5504K, reserved 1056768K
  class space    used 557K, capacity 597K, committed 640K, reserved 1048576K
}
{Heap before GC invocations=767 (full 95):
 par new generation   total 6144K, used 5237K [0x00000000fec00000, 0x00000000ff2a0000, 0x00000000ff2a0000)
  eden space 5504K,  95% used [0x00000000fec00000, 0x00000000ff11b780, 0x00000000ff160000)
  from space 640K,   1% used [0x00000000ff160000, 0x00000000ff162040, 0x00000000ff200000)
  to   space 640K,   0% used [0x00000000ff200000, 0x00000000ff200000, 0x00000000ff2a0000)
 concurrent mark-sweep generation total 13696K, used 5298K [0x00000000ff2a0000, 0x0000000100000000, 0x0000000100000000)
 Metaspace       used 5073K, capacity 5258K, committed 5504K, reserved 1056768K
  class space    used 557K, capacity 597K, committed 640K, reserved 1048576K
2024-07-16T18:26:19.145+0800: 5.949: [GC (Allocation Failure) 2024-07-16T18:26:19.145+0800: 5.949: [ParNew: 5237K->6K(6144K), 0.0008981 secs] 10536K->6331K(19840K), 0.0010135 secs] [Times: user=0.00 sys=0.00, real=0.00 secs] 
Heap after GC invocations=768 (full 95):
 par new generation   total 6144K, used 6K [0x00000000fec00000, 0x00000000ff2a0000, 0x00000000ff2a0000)
  eden space 5504K,   0% used [0x00000000fec00000, 0x00000000fec00000, 0x00000000ff160000)
  from space 640K,   0% used [0x00000000ff200000, 0x00000000ff201830, 0x00000000ff2a0000)
  to   space 640K,   0% used [0x00000000ff160000, 0x00000000ff160000, 0x00000000ff200000)
 concurrent mark-sweep generation total 13696K, used 6325K [0x00000000ff2a0000, 0x0000000100000000, 0x0000000100000000)
 Metaspace       used 5073K, capacity 5258K, committed 5504K, reserved 1056768K
  class space    used 557K, capacity 597K, committed 640K, reserved 1048576K
}
{Heap before GC invocations=768 (full 95):
 par new generation   total 6144K, used 5235K [0x00000000fec00000, 0x00000000ff2a0000, 0x00000000ff2a0000)
  eden space 5504K,  95% used [0x00000000fec00000, 0x00000000ff11b780, 0x00000000ff160000)
  from space 640K,   0% used [0x00000000ff200000, 0x00000000ff201830, 0x00000000ff2a0000)
  to   space 640K,   0% used [0x00000000ff160000, 0x00000000ff160000, 0x00000000ff200000)
 concurrent mark-sweep generation total 13696K, used 6325K [0x00000000ff2a0000, 0x0000000100000000, 0x0000000100000000)
 Metaspace       used 5073K, capacity 5258K, committed 5504K, reserved 1056768K
  class space    used 557K, capacity 597K, committed 640K, reserved 1048576K
2024-07-16T18:26:19.153+0800: 5.957: [GC (Allocation Failure) 2024-07-16T18:26:19.153+0800: 5.957: [ParNew: 5235K->8K(6144K), 0.0005278 secs] 11560K->7359K(19840K), 0.0006212 secs] [Times: user=0.00 sys=0.00, real=0.00 secs] 
Heap after GC invocations=769 (full 95):
 par new generation   total 6144K, used 8K [0x00000000fec00000, 0x00000000ff2a0000, 0x00000000ff2a0000)
  eden space 5504K,   0% used [0x00000000fec00000, 0x00000000fec00000, 0x00000000ff160000)
  from space 640K,   1% used [0x00000000ff160000, 0x00000000ff162040, 0x00000000ff200000)
  to   space 640K,   0% used [0x00000000ff200000, 0x00000000ff200000, 0x00000000ff2a0000)
 concurrent mark-sweep generation total 13696K, used 7351K [0x00000000ff2a0000, 0x0000000100000000, 0x0000000100000000)
 Metaspace       used 5073K, capacity 5258K, committed 5504K, reserved 1056768K
  class space    used 557K, capacity 597K, committed 640K, reserved 1048576K
}
2024-07-16T18:26:19.153+0800: 5.958: [GC (CMS Initial Mark) [1 CMS-initial-mark: 7351K(13696K)] 8383K(19840K), 0.0001820 secs] [Times: user=0.00 sys=0.00, real=0.00 secs] 
2024-07-16T18:26:19.154+0800: 5.958: [CMS-concurrent-mark-start]
2024-07-16T18:26:19.156+0800: 5.960: [CMS-concurrent-mark: 0.002/0.002 secs] [Times: user=0.00 sys=0.00, real=0.00 secs] 
2024-07-16T18:26:19.156+0800: 5.960: [CMS-concurrent-preclean-start]
2024-07-16T18:26:19.156+0800: 5.960: [CMS-concurrent-preclean: 0.000/0.000 secs] [Times: user=0.00 sys=0.00, real=0.00 secs] 
2024-07-16T18:26:19.156+0800: 5.960: [CMS-concurrent-abortable-preclean-start]
{Heap before GC invocations=769 (full 96):
 par new generation   total 6144K, used 5237K [0x00000000fec00000, 0x00000000ff2a0000, 0x00000000ff2a0000)
  eden space 5504K,  95% used [0x00000000fec00000, 0x00000000ff11b780, 0x00000000ff160000)
  from space 640K,   1% used [0x00000000ff160000, 0x00000000ff162040, 0x00000000ff200000)
  to   space 640K,   0% used [0x00000000ff200000, 0x00000000ff200000, 0x00000000ff2a0000)
 concurrent mark-sweep generation total 13696K, used 7351K [0x00000000ff2a0000, 0x0000000100000000, 0x0000000100000000)
 Metaspace       used 5073K, capacity 5258K, committed 5504K, reserved 1056768K
  class space    used 557K, capacity 597K, committed 640K, reserved 1048576K
2024-07-16T18:26:19.162+0800: 5.966: [GC (Allocation Failure) 2024-07-16T18:26:19.162+0800: 5.966: [ParNew: 5237K->4K(6144K), 0.0004540 secs] 12589K->7355K(19840K), 0.0004909 secs] [Times: user=0.00 sys=0.00, real=0.00 secs] 
Heap after GC invocations=770 (full 96):
 par new generation   total 6144K, used 4K [0x00000000fec00000, 0x00000000ff2a0000, 0x00000000ff2a0000)
  eden space 5504K,   0% used [0x00000000fec00000, 0x00000000fec00000, 0x00000000ff160000)
  from space 640K,   0% used [0x00000000ff200000, 0x00000000ff201020, 0x00000000ff2a0000)
  to   space 640K,   0% used [0x00000000ff160000, 0x00000000ff160000, 0x00000000ff200000)
 concurrent mark-sweep generation total 13696K, used 7351K [0x00000000ff2a0000, 0x0000000100000000, 0x0000000100000000)
 Metaspace       used 5073K, capacity 5258K, committed 5504K, reserved 1056768K
  class space    used 557K, capacity 597K, committed 640K, reserved 1048576K
}
{Heap before GC invocations=770 (full 96):
 par new generation   total 6144K, used 5233K [0x00000000fec00000, 0x00000000ff2a0000, 0x00000000ff2a0000)
  eden space 5504K,  95% used [0x00000000fec00000, 0x00000000ff11b780, 0x00000000ff160000)
  from space 640K,   0% used [0x00000000ff200000, 0x00000000ff201020, 0x00000000ff2a0000)
  to   space 640K,   0% used [0x00000000ff160000, 0x00000000ff160000, 0x00000000ff200000)
 concurrent mark-sweep generation total 13696K, used 7351K [0x00000000ff2a0000, 0x0000000100000000, 0x0000000100000000)
 Metaspace       used 5073K, capacity 5258K, committed 5504K, reserved 1056768K
  class space    used 557K, capacity 597K, committed 640K, reserved 1048576K
2024-07-16T18:26:19.169+0800: 5.973: [GC (Allocation Failure) 2024-07-16T18:26:19.169+0800: 5.973: [ParNew: 5233K->10K(6144K), 0.0011817 secs] 12584K->8385K(19840K), 0.0012419 secs] [Times: user=0.00 sys=0.00, real=0.00 secs] 
Heap after GC invocations=771 (full 96):
 par new generation   total 6144K, used 10K [0x00000000fec00000, 0x00000000ff2a0000, 0x00000000ff2a0000)
  eden space 5504K,   0% used [0x00000000fec00000, 0x00000000fec00000, 0x00000000ff160000)
  from space 640K,   1% used [0x00000000ff160000, 0x00000000ff162850, 0x00000000ff200000)
  to   space 640K,   0% used [0x00000000ff200000, 0x00000000ff200000, 0x00000000ff2a0000)
 concurrent mark-sweep generation total 13696K, used 8375K [0x00000000ff2a0000, 0x0000000100000000, 0x0000000100000000)
 Metaspace       used 5073K, capacity 5258K, committed 5504K, reserved 1056768K
  class space    used 557K, capacity 597K, committed 640K, reserved 1048576K
}
{Heap before GC invocations=771 (full 96):
 par new generation   total 6144K, used 5239K [0x00000000fec00000, 0x00000000ff2a0000, 0x00000000ff2a0000)
  eden space 5504K,  95% used [0x00000000fec00000, 0x00000000ff11b780, 0x00000000ff160000)
  from space 640K,   1% used [0x00000000ff160000, 0x00000000ff162850, 0x00000000ff200000)
  to   space 640K,   0% used [0x00000000ff200000, 0x00000000ff200000, 0x00000000ff2a0000)
 concurrent mark-sweep generation total 13696K, used 8375K [0x00000000ff2a0000, 0x0000000100000000, 0x0000000100000000)
 Metaspace       used 5073K, capacity 5258K, committed 5504K, reserved 1056768K
  class space    used 557K, capacity 597K, committed 640K, reserved 1048576K
2024-07-16T18:26:19.179+0800: 5.983: [GC (Allocation Failure) 2024-07-16T18:26:19.179+0800: 5.983: [ParNew: 5239K->4K(6144K), 0.0007085 secs] 13615K->8379K(19840K), 0.0007948 secs] [Times: user=0.00 sys=0.00, real=0.00 secs] 
Heap after GC invocations=772 (full 96):
 par new generation   total 6144K, used 4K [0x00000000fec00000, 0x00000000ff2a0000, 0x00000000ff2a0000)
  eden space 5504K,   0% used [0x00000000fec00000, 0x00000000fec00000, 0x00000000ff160000)
  from space 640K,   0% used [0x00000000ff200000, 0x00000000ff201020, 0x00000000ff2a0000)
  to   space 640K,   0% used [0x00000000ff160000, 0x00000000ff160000, 0x00000000ff200000)
 concurrent mark-sweep generation total 13696K, used 8375K [0x00000000ff2a0000, 0x0000000100000000, 0x0000000100000000)
 Metaspace       used 5073K, capacity 5258K, committed 5504K, reserved 1056768K
  class space    used 557K, capacity 597K, committed 640K, reserved 1048576K
}
{Heap before GC invocations=772 (full 96):
 par new generation   total 6144K, used 5233K [0x00000000fec00000, 0x00000000ff2a0000, 0x00000000ff2a0000)
  eden space 5504K,  95% used [0x00000000fec00000, 0x00000000ff11b780, 0x00000000ff160000)
  from space 640K,   0% used [0x00000000ff200000, 0x00000000ff201020, 0x00000000ff2a0000)
  to   space 640K,   0% used [0x00000000ff160000, 0x00000000ff160000, 0x00000000ff200000)
 concurrent mark-sweep generation total 13696K, used 8375K [0x00000000ff2a0000, 0x0000000100000000, 0x0000000100000000)
 Metaspace       used 5073K, capacity 5258K, committed 5504K, reserved 1056768K
  class space    used 557K, capacity 597K, committed 640K, reserved 1048576K
2024-07-16T18:26:19.188+0800: 5.992: [GC (Allocation Failure) 2024-07-16T18:26:19.188+0800: 5.992: [ParNew: 5233K->4K(6144K), 0.0011441 secs] 13608K->8379K(19840K), 0.0012572 secs] [Times: user=0.00 sys=0.00, real=0.00 secs] 
Heap after GC invocations=773 (full 96):
 par new generation   total 6144K, used 4K [0x00000000fec00000, 0x00000000ff2a0000, 0x00000000ff2a0000)
  eden space 5504K,   0% used [0x00000000fec00000, 0x00000000fec00000, 0x00000000ff160000)
  from space 640K,   0% used [0x00000000ff160000, 0x00000000ff161020, 0x00000000ff200000)
  to   space 640K,   0% used [0x00000000ff200000, 0x00000000ff200000, 0x00000000ff2a0000)
 concurrent mark-sweep generation total 13696K, used 8375K [0x00000000ff2a0000, 0x0000000100000000, 0x0000000100000000)
 Metaspace       used 5073K, capacity 5258K, committed 5504K, reserved 1056768K
  class space    used 557K, capacity 597K, committed 640K, reserved 1048576K
}
{Heap before GC invocations=773 (full 96):
 par new generation   total 6144K, used 5233K [0x00000000fec00000, 0x00000000ff2a0000, 0x00000000ff2a0000)
  eden space 5504K,  95% used [0x00000000fec00000, 0x00000000ff11b780, 0x00000000ff160000)
  from space 640K,   0% used [0x00000000ff160000, 0x00000000ff161020, 0x00000000ff200000)
  to   space 640K,   0% used [0x00000000ff200000, 0x00000000ff200000, 0x00000000ff2a0000)
 concurrent mark-sweep generation total 13696K, used 8375K [0x00000000ff2a0000, 0x0000000100000000, 0x0000000100000000)
 Metaspace       used 5073K, capacity 5258K, committed 5504K, reserved 1056768K
  class space    used 557K, capacity 597K, committed 640K, reserved 1048576K
2024-07-16T18:26:19.196+0800: 6.000: [GC (Allocation Failure) 2024-07-16T18:26:19.196+0800: 6.000: [ParNew: 5233K->8K(6144K), 0.0011637 secs] 13608K->9409K(19840K), 0.0012430 secs] [Times: user=0.00 sys=0.00, real=0.00 secs] 
Heap after GC invocations=774 (full 96):
 par new generation   total 6144K, used 8K [0x00000000fec00000, 0x00000000ff2a0000, 0x00000000ff2a0000)
  eden space 5504K,   0% used [0x00000000fec00000, 0x00000000fec00000, 0x00000000ff160000)
  from space 640K,   1% used [0x00000000ff200000, 0x00000000ff202040, 0x00000000ff2a0000)
  to   space 640K,   0% used [0x00000000ff160000, 0x00000000ff160000, 0x00000000ff200000)
 concurrent mark-sweep generation total 13696K, used 9401K [0x00000000ff2a0000, 0x0000000100000000, 0x0000000100000000)
 Metaspace       used 5073K, capacity 5258K, committed 5504K, reserved 1056768K
  class space    used 557K, capacity 597K, committed 640K, reserved 1048576K
}
{Heap before GC invocations=774 (full 96):
 par new generation   total 6144K, used 5237K [0x00000000fec00000, 0x00000000ff2a0000, 0x00000000ff2a0000)
  eden space 5504K,  95% used [0x00000000fec00000, 0x00000000ff11b780, 0x00000000ff160000)
  from space 640K,   1% used [0x00000000ff200000, 0x00000000ff202040, 0x00000000ff2a0000)
  to   space 640K,   0% used [0x00000000ff160000, 0x00000000ff160000, 0x00000000ff200000)
 concurrent mark-sweep generation total 13696K, used 9401K [0x00000000ff2a0000, 0x0000000100000000, 0x0000000100000000)
 Metaspace       used 5073K, capacity 5258K, committed 5504K, reserved 1056768K
  class space    used 557K, capacity 597K, committed 640K, reserved 1048576K
2024-07-16T18:26:19.204+0800: 6.008: [GC (Allocation Failure) 2024-07-16T18:26:19.204+0800: 6.008: [ParNew: 5237K->4K(6144K), 0.0011462 secs] 14639K->9405K(19840K), 0.0012787 secs] [Times: user=0.16 sys=0.00, real=0.00 secs] 
Heap after GC invocations=775 (full 96):
 par new generation   total 6144K, used 4K [0x00000000fec00000, 0x00000000ff2a0000, 0x00000000ff2a0000)
  eden space 5504K,   0% used [0x00000000fec00000, 0x00000000fec00000, 0x00000000ff160000)
  from space 640K,   0% used [0x00000000ff160000, 0x00000000ff161020, 0x00000000ff200000)
  to   space 640K,   0% used [0x00000000ff200000, 0x00000000ff200000, 0x00000000ff2a0000)
 concurrent mark-sweep generation total 13696K, used 9401K [0x00000000ff2a0000, 0x0000000100000000, 0x0000000100000000)
 Metaspace       used 5073K, capacity 5258K, committed 5504K, reserved 1056768K
  class space    used 557K, capacity 597K, committed 640K, reserved 1048576K
}
{Heap before GC invocations=775 (full 96):
 par new generation   total 6144K, used 5233K [0x00000000fec00000, 0x00000000ff2a0000, 0x00000000ff2a0000)
  eden space 5504K,  95% used [0x00000000fec00000, 0x00000000ff11b780, 0x00000000ff160000)
  from space 640K,   0% used [0x00000000ff160000, 0x00000000ff161020, 0x00000000ff200000)
  to   space 640K,   0% used [0x00000000ff200000, 0x00000000ff200000, 0x00000000ff2a0000)
 concurrent mark-sweep generation total 13696K, used 9401K [0x00000000ff2a0000, 0x0000000100000000, 0x0000000100000000)
 Metaspace       used 5073K, capacity 5258K, committed 5504K, reserved 1056768K
  class space    used 557K, capacity 597K, committed 640K, reserved 1048576K
2024-07-16T18:26:19.214+0800: 6.018: [GC (Allocation Failure) 2024-07-16T18:26:19.214+0800: 6.018: [ParNew: 5233K->4K(6144K), 0.0011778 secs] 14635K->9405K(19840K), 0.0012832 secs] [Times: user=0.00 sys=0.00, real=0.00 secs] 
Heap after GC invocations=776 (full 96):
 par new generation   total 6144K, used 4K [0x00000000fec00000, 0x00000000ff2a0000, 0x00000000ff2a0000)
  eden space 5504K,   0% used [0x00000000fec00000, 0x00000000fec00000, 0x00000000ff160000)
  from space 640K,   0% used [0x00000000ff200000, 0x00000000ff201020, 0x00000000ff2a0000)
  to   space 640K,   0% used [0x00000000ff160000, 0x00000000ff160000, 0x00000000ff200000)
 concurrent mark-sweep generation total 13696K, used 9401K [0x00000000ff2a0000, 0x0000000100000000, 0x0000000100000000)
 Metaspace       used 5073K, capacity 5258K, committed 5504K, reserved 1056768K
  class space    used 557K, capacity 597K, committed 640K, reserved 1048576K
}
{Heap before GC invocations=776 (full 96):
 par new generation   total 6144K, used 5233K [0x00000000fec00000, 0x00000000ff2a0000, 0x00000000ff2a0000)
  eden space 5504K,  95% used [0x00000000fec00000, 0x00000000ff11b780, 0x00000000ff160000)
  from space 640K,   0% used [0x00000000ff200000, 0x00000000ff201020, 0x00000000ff2a0000)
  to   space 640K,   0% used [0x00000000ff160000, 0x00000000ff160000, 0x00000000ff200000)
 concurrent mark-sweep generation total 13696K, used 9401K [0x00000000ff2a0000, 0x0000000100000000, 0x0000000100000000)
 Metaspace       used 5073K, capacity 5258K, committed 5504K, reserved 1056768K
  class space    used 557K, capacity 597K, committed 640K, reserved 1048576K
2024-07-16T18:26:19.221+0800: 6.025: [GC (Allocation Failure) 2024-07-16T18:26:19.221+0800: 6.025: [ParNew: 5233K->8K(6144K), 0.0014494 secs] 14635K->10433K(19840K), 0.0015587 secs] [Times: user=0.00 sys=0.00, real=0.00 secs] 
Heap after GC invocations=777 (full 96):
 par new generation   total 6144K, used 8K [0x00000000fec00000, 0x00000000ff2a0000, 0x00000000ff2a0000)
  eden space 5504K,   0% used [0x00000000fec00000, 0x00000000fec00000, 0x00000000ff160000)
  from space 640K,   1% used [0x00000000ff160000, 0x00000000ff162040, 0x00000000ff200000)
  to   space 640K,   0% used [0x00000000ff200000, 0x00000000ff200000, 0x00000000ff2a0000)
 concurrent mark-sweep generation total 13696K, used 10425K [0x00000000ff2a0000, 0x0000000100000000, 0x0000000100000000)
 Metaspace       used 5073K, capacity 5258K, committed 5504K, reserved 1056768K
  class space    used 557K, capacity 597K, committed 640K, reserved 1048576K
}
{Heap before GC invocations=777 (full 96):
 par new generation   total 6144K, used 5237K [0x00000000fec00000, 0x00000000ff2a0000, 0x00000000ff2a0000)
  eden space 5504K,  95% used [0x00000000fec00000, 0x00000000ff11b780, 0x00000000ff160000)
  from space 640K,   1% used [0x00000000ff160000, 0x00000000ff162040, 0x00000000ff200000)
  to   space 640K,   0% used [0x00000000ff200000, 0x00000000ff200000, 0x00000000ff2a0000)
 concurrent mark-sweep generation total 13696K, used 10425K [0x00000000ff2a0000, 0x0000000100000000, 0x0000000100000000)
 Metaspace       used 5073K, capacity 5258K, committed 5504K, reserved 1056768K
  class space    used 557K, capacity 597K, committed 640K, reserved 1048576K
2024-07-16T18:26:19.232+0800: 6.036: [GC (Allocation Failure) 2024-07-16T18:26:19.232+0800: 6.036: [ParNew: 5237K->10K(6144K), 0.0003313 secs] 15663K->11459K(19840K), 0.0003785 secs] [Times: user=0.00 sys=0.00, real=0.00 secs] 
Heap after GC invocations=778 (full 96):
 par new generation   total 6144K, used 10K [0x00000000fec00000, 0x00000000ff2a0000, 0x00000000ff2a0000)
  eden space 5504K,   0% used [0x00000000fec00000, 0x00000000fec00000, 0x00000000ff160000)
  from space 640K,   1% used [0x00000000ff200000, 0x00000000ff202850, 0x00000000ff2a0000)
  to   space 640K,   0% used [0x00000000ff160000, 0x00000000ff160000, 0x00000000ff200000)
 concurrent mark-sweep generation total 13696K, used 11449K [0x00000000ff2a0000, 0x0000000100000000, 0x0000000100000000)
 Metaspace       used 5073K, capacity 5258K, committed 5504K, reserved 1056768K
  class space    used 557K, capacity 597K, committed 640K, reserved 1048576K
}
{Heap before GC invocations=778 (full 96):
 par new generation   total 6144K, used 5239K [0x00000000fec00000, 0x00000000ff2a0000, 0x00000000ff2a0000)
  eden space 5504K,  95% used [0x00000000fec00000, 0x00000000ff11b780, 0x00000000ff160000)
  from space 640K,   1% used [0x00000000ff200000, 0x00000000ff202850, 0x00000000ff2a0000)
  to   space 640K,   0% used [0x00000000ff160000, 0x00000000ff160000, 0x00000000ff200000)
 concurrent mark-sweep generation total 13696K, used 11449K [0x00000000ff2a0000, 0x0000000100000000, 0x0000000100000000)
 Metaspace       used 5073K, capacity 5258K, committed 5504K, reserved 1056768K
  class space    used 557K, capacity 597K, committed 640K, reserved 1048576K
2024-07-16T18:26:19.240+0800: 6.044: [GC (Allocation Failure) 2024-07-16T18:26:19.240+0800: 6.044: [ParNew: 5239K->4K(6144K), 0.0002457 secs] 16689K->11453K(19840K), 0.0002723 secs] [Times: user=0.00 sys=0.00, real=0.00 secs] 
Heap after GC invocations=779 (full 96):
 par new generation   total 6144K, used 4K [0x00000000fec00000, 0x00000000ff2a0000, 0x00000000ff2a0000)
  eden space 5504K,   0% used [0x00000000fec00000, 0x00000000fec00000, 0x00000000ff160000)
  from space 640K,   0% used [0x00000000ff160000, 0x00000000ff161020, 0x00000000ff200000)
  to   space 640K,   0% used [0x00000000ff200000, 0x00000000ff200000, 0x00000000ff2a0000)
 concurrent mark-sweep generation total 13696K, used 11449K [0x00000000ff2a0000, 0x0000000100000000, 0x0000000100000000)
 Metaspace       used 5073K, capacity 5258K, committed 5504K, reserved 1056768K
  class space    used 557K, capacity 597K, committed 640K, reserved 1048576K
}
{Heap before GC invocations=779 (full 96):
 par new generation   total 6144K, used 5233K [0x00000000fec00000, 0x00000000ff2a0000, 0x00000000ff2a0000)
  eden space 5504K,  95% used [0x00000000fec00000, 0x00000000ff11b780, 0x00000000ff160000)
  from space 640K,   0% used [0x00000000ff160000, 0x00000000ff161020, 0x00000000ff200000)
  to   space 640K,   0% used [0x00000000ff200000, 0x00000000ff200000, 0x00000000ff2a0000)
 concurrent mark-sweep generation total 13696K, used 11449K [0x00000000ff2a0000, 0x0000000100000000, 0x0000000100000000)
 Metaspace       used 5073K, capacity 5258K, committed 5504K, reserved 1056768K
  class space    used 557K, capacity 597K, committed 640K, reserved 1048576K
2024-07-16T18:26:19.246+0800: 6.050: [GC (Allocation Failure) 2024-07-16T18:26:19.246+0800: 6.050: [ParNew: 5233K->10K(6144K), 0.0003716 secs] 16683K->12483K(19840K), 0.0004006 secs] [Times: user=0.00 sys=0.00, real=0.00 secs] 
Heap after GC invocations=780 (full 96):
 par new generation   total 6144K, used 10K [0x00000000fec00000, 0x00000000ff2a0000, 0x00000000ff2a0000)
  eden space 5504K,   0% used [0x00000000fec00000, 0x00000000fec00000, 0x00000000ff160000)
  from space 640K,   1% used [0x00000000ff200000, 0x00000000ff202850, 0x00000000ff2a0000)
  to   space 640K,   0% used [0x00000000ff160000, 0x00000000ff160000, 0x00000000ff200000)
 concurrent mark-sweep generation total 13696K, used 12473K [0x00000000ff2a0000, 0x0000000100000000, 0x0000000100000000)
 Metaspace       used 5073K, capacity 5258K, committed 5504K, reserved 1056768K
  class space    used 557K, capacity 597K, committed 640K, reserved 1048576K
}
{Heap before GC invocations=780 (full 96):
 par new generation   total 6144K, used 5239K [0x00000000fec00000, 0x00000000ff2a0000, 0x00000000ff2a0000)
  eden space 5504K,  95% used [0x00000000fec00000, 0x00000000ff11b780, 0x00000000ff160000)
  from space 640K,   1% used [0x00000000ff200000, 0x00000000ff202850, 0x00000000ff2a0000)
  to   space 640K,   0% used [0x00000000ff160000, 0x00000000ff160000, 0x00000000ff200000)
 concurrent mark-sweep generation total 13696K, used 12473K [0x00000000ff2a0000, 0x0000000100000000, 0x0000000100000000)
 Metaspace       used 5073K, capacity 5258K, committed 5504K, reserved 1056768K
  class space    used 557K, capacity 597K, committed 640K, reserved 1048576K
2024-07-16T18:26:19.253+0800: 6.057: [GC (Allocation Failure) 2024-07-16T18:26:19.253+0800: 6.057: [ParNew: 5239K->5239K(6144K), 0.0000142 secs]2024-07-16T18:26:19.253+0800: 6.057: [CMS2024-07-16T18:26:19.253+0800: 6.057: [CMS-concurrent-abortable-preclean: 0.001/0.097 secs] [Times: user=0.17 sys=0.00, real=0.10 secs] 
 (concurrent mode failure): 12473K->1196K(13696K), 0.0030118 secs] 17713K->1196K(19840K), [Metaspace: 5073K->5073K(1056768K)], 0.0030797 secs] [Times: user=0.00 sys=0.00, real=0.00 secs] 
Heap after GC invocations=781 (full 97):
 par new generation   total 6144K, used 0K [0x00000000fec00000, 0x00000000ff2a0000, 0x00000000ff2a0000)
  eden space 5504K,   0% used [0x00000000fec00000, 0x00000000fec00000, 0x00000000ff160000)
  from space 640K,   0% used [0x00000000ff200000, 0x00000000ff200000, 0x00000000ff2a0000)
  to   space 640K,   0% used [0x00000000ff160000, 0x00000000ff160000, 0x00000000ff200000)
 concurrent mark-sweep generation total 13696K, used 1196K [0x00000000ff2a0000, 0x0000000100000000, 0x0000000100000000)
 Metaspace       used 5073K, capacity 5258K, committed 5504K, reserved 1056768K
  class space    used 557K, capacity 597K, committed 640K, reserved 1048576K
}
{Heap before GC invocations=781 (full 97):
 par new generation   total 6144K, used 5229K [0x00000000fec00000, 0x00000000ff2a0000, 0x00000000ff2a0000)
  eden space 5504K,  95% used [0x00000000fec00000, 0x00000000ff11b780, 0x00000000ff160000)
  from space 640K,   0% used [0x00000000ff200000, 0x00000000ff200000, 0x00000000ff2a0000)
  to   space 640K,   0% used [0x00000000ff160000, 0x00000000ff160000, 0x00000000ff200000)
 concurrent mark-sweep generation total 13696K, used 1196K [0x00000000ff2a0000, 0x0000000100000000, 0x0000000100000000)
 Metaspace       used 5073K, capacity 5258K, committed 5504K, reserved 1056768K
  class space    used 557K, capacity 597K, committed 640K, reserved 1048576K
2024-07-16T18:26:19.263+0800: 6.067: [GC (Allocation Failure) 2024-07-16T18:26:19.263+0800: 6.067: [ParNew: 5229K->8K(6144K), 0.0011935 secs] 6426K->2230K(19840K), 0.0012740 secs] [Times: user=0.00 sys=0.00, real=0.00 secs] 
Heap after GC invocations=782 (full 97):
 par new generation   total 6144K, used 8K [0x00000000fec00000, 0x00000000ff2a0000, 0x00000000ff2a0000)
  eden space 5504K,   0% used [0x00000000fec00000, 0x00000000fec00000, 0x00000000ff160000)
  from space 640K,   1% used [0x00000000ff160000, 0x00000000ff162040, 0x00000000ff200000)
  to   space 640K,   0% used [0x00000000ff200000, 0x00000000ff200000, 0x00000000ff2a0000)
 concurrent mark-sweep generation total 13696K, used 2222K [0x00000000ff2a0000, 0x0000000100000000, 0x0000000100000000)
 Metaspace       used 5073K, capacity 5258K, committed 5504K, reserved 1056768K
  class space    used 557K, capacity 597K, committed 640K, reserved 1048576K
}
{Heap before GC invocations=782 (full 97):
 par new generation   total 6144K, used 5237K [0x00000000fec00000, 0x00000000ff2a0000, 0x00000000ff2a0000)
  eden space 5504K,  95% used [0x00000000fec00000, 0x00000000ff11b780, 0x00000000ff160000)
  from space 640K,   1% used [0x00000000ff160000, 0x00000000ff162040, 0x00000000ff200000)
  to   space 640K,   0% used [0x00000000ff200000, 0x00000000ff200000, 0x00000000ff2a0000)
 concurrent mark-sweep generation total 13696K, used 2222K [0x00000000ff2a0000, 0x0000000100000000, 0x0000000100000000)
 Metaspace       used 5073K, capacity 5258K, committed 5504K, reserved 1056768K
  class space    used 557K, capacity 597K, committed 640K, reserved 1048576K
2024-07-16T18:26:19.270+0800: 6.074: [GC (Allocation Failure) 2024-07-16T18:26:19.270+0800: 6.074: [ParNew: 5237K->8K(6144K), 0.0011179 secs] 7460K->3256K(19840K), 0.0012216 secs] [Times: user=0.00 sys=0.00, real=0.00 secs] 
Heap after GC invocations=783 (full 97):
 par new generation   total 6144K, used 8K [0x00000000fec00000, 0x00000000ff2a0000, 0x00000000ff2a0000)
  eden space 5504K,   0% used [0x00000000fec00000, 0x00000000fec00000, 0x00000000ff160000)
  from space 640K,   1% used [0x00000000ff200000, 0x00000000ff202040, 0x00000000ff2a0000)
  to   space 640K,   0% used [0x00000000ff160000, 0x00000000ff160000, 0x00000000ff200000)
 concurrent mark-sweep generation total 13696K, used 3248K [0x00000000ff2a0000, 0x0000000100000000, 0x0000000100000000)
 Metaspace       used 5073K, capacity 5258K, committed 5504K, reserved 1056768K
  class space    used 557K, capacity 597K, committed 640K, reserved 1048576K
}
{Heap before GC invocations=783 (full 97):
 par new generation   total 6144K, used 5237K [0x00000000fec00000, 0x00000000ff2a0000, 0x00000000ff2a0000)
  eden space 5504K,  95% used [0x00000000fec00000, 0x00000000ff11b780, 0x00000000ff160000)
  from space 640K,   1% used [0x00000000ff200000, 0x00000000ff202040, 0x00000000ff2a0000)
  to   space 640K,   0% used [0x00000000ff160000, 0x00000000ff160000, 0x00000000ff200000)
 concurrent mark-sweep generation total 13696K, used 3248K [0x00000000ff2a0000, 0x0000000100000000, 0x0000000100000000)
 Metaspace       used 5073K, capacity 5258K, committed 5504K, reserved 1056768K
  class space    used 557K, capacity 597K, committed 640K, reserved 1048576K
2024-07-16T18:26:19.278+0800: 6.082: [GC (Allocation Failure) 2024-07-16T18:26:19.278+0800: 6.082: [ParNew: 5237K->2K(6144K), 0.0010458 secs] 8486K->3250K(19840K), 0.0011550 secs] [Times: user=0.00 sys=0.00, real=0.00 secs] 
Heap after GC invocations=784 (full 97):
 par new generation   total 6144K, used 2K [0x00000000fec00000, 0x00000000ff2a0000, 0x00000000ff2a0000)
  eden space 5504K,   0% used [0x00000000fec00000, 0x00000000fec00000, 0x00000000ff160000)
  from space 640K,   0% used [0x00000000ff160000, 0x00000000ff160810, 0x00000000ff200000)
  to   space 640K,   0% used [0x00000000ff200000, 0x00000000ff200000, 0x00000000ff2a0000)
 concurrent mark-sweep generation total 13696K, used 3248K [0x00000000ff2a0000, 0x0000000100000000, 0x0000000100000000)
 Metaspace       used 5073K, capacity 5258K, committed 5504K, reserved 1056768K
  class space    used 557K, capacity 597K, committed 640K, reserved 1048576K
}
{Heap before GC invocations=784 (full 97):
 par new generation   total 6144K, used 5231K [0x00000000fec00000, 0x00000000ff2a0000, 0x00000000ff2a0000)
  eden space 5504K,  95% used [0x00000000fec00000, 0x00000000ff11b780, 0x00000000ff160000)
  from space 640K,   0% used [0x00000000ff160000, 0x00000000ff160810, 0x00000000ff200000)
  to   space 640K,   0% used [0x00000000ff200000, 0x00000000ff200000, 0x00000000ff2a0000)
 concurrent mark-sweep generation total 13696K, used 3248K [0x00000000ff2a0000, 0x0000000100000000, 0x0000000100000000)
 Metaspace       used 5073K, capacity 5258K, committed 5504K, reserved 1056768K
  class space    used 557K, capacity 597K, committed 640K, reserved 1048576K
2024-07-16T18:26:19.285+0800: 6.089: [GC (Allocation Failure) 2024-07-16T18:26:19.285+0800: 6.090: [ParNew: 5231K->10K(6144K), 0.0012681 secs] 8480K->4282K(19840K), 0.0013628 secs] [Times: user=0.00 sys=0.00, real=0.00 secs] 
Heap after GC invocations=785 (full 97):
 par new generation   total 6144K, used 10K [0x00000000fec00000, 0x00000000ff2a0000, 0x00000000ff2a0000)
  eden space 5504K,   0% used [0x00000000fec00000, 0x00000000fec00000, 0x00000000ff160000)
  from space 640K,   1% used [0x00000000ff200000, 0x00000000ff202850, 0x00000000ff2a0000)
  to   space 640K,   0% used [0x00000000ff160000, 0x00000000ff160000, 0x00000000ff200000)
 concurrent mark-sweep generation total 13696K, used 4272K [0x00000000ff2a0000, 0x0000000100000000, 0x0000000100000000)
 Metaspace       used 5073K, capacity 5258K, committed 5504K, reserved 1056768K
  class space    used 557K, capacity 597K, committed 640K, reserved 1048576K
}
{Heap before GC invocations=785 (full 97):
 par new generation   total 6144K, used 5239K [0x00000000fec00000, 0x00000000ff2a0000, 0x00000000ff2a0000)
  eden space 5504K,  95% used [0x00000000fec00000, 0x00000000ff11b780, 0x00000000ff160000)
  from space 640K,   1% used [0x00000000ff200000, 0x00000000ff202850, 0x00000000ff2a0000)
  to   space 640K,   0% used [0x00000000ff160000, 0x00000000ff160000, 0x00000000ff200000)
 concurrent mark-sweep generation total 13696K, used 4272K [0x00000000ff2a0000, 0x0000000100000000, 0x0000000100000000)
 Metaspace       used 5073K, capacity 5258K, committed 5504K, reserved 1056768K
  class space    used 557K, capacity 597K, committed 640K, reserved 1048576K
2024-07-16T18:26:19.292+0800: 6.096: [GC (Allocation Failure) 2024-07-16T18:26:19.292+0800: 6.096: [ParNew: 5239K->8K(6144K), 0.0014065 secs] 9512K->5306K(19840K), 0.0014786 secs] [Times: user=0.00 sys=0.00, real=0.00 secs] 
Heap after GC invocations=786 (full 97):
 par new generation   total 6144K, used 8K [0x00000000fec00000, 0x00000000ff2a0000, 0x00000000ff2a0000)
  eden space 5504K,   0% used [0x00000000fec00000, 0x00000000fec00000, 0x00000000ff160000)
  from space 640K,   1% used [0x00000000ff160000, 0x00000000ff162040, 0x00000000ff200000)
  to   space 640K,   0% used [0x00000000ff200000, 0x00000000ff200000, 0x00000000ff2a0000)
 concurrent mark-sweep generation total 13696K, used 5298K [0x00000000ff2a0000, 0x0000000100000000, 0x0000000100000000)
 Metaspace       used 5073K, capacity 5258K, committed 5504K, reserved 1056768K
  class space    used 557K, capacity 597K, committed 640K, reserved 1048576K
}
{Heap before GC invocations=786 (full 97):
 par new generation   total 6144K, used 5237K [0x00000000fec00000, 0x00000000ff2a0000, 0x00000000ff2a0000)
  eden space 5504K,  95% used [0x00000000fec00000, 0x00000000ff11b780, 0x00000000ff160000)
  from space 640K,   1% used [0x00000000ff160000, 0x00000000ff162040, 0x00000000ff200000)
  to   space 640K,   0% used [0x00000000ff200000, 0x00000000ff200000, 0x00000000ff2a0000)
 concurrent mark-sweep generation total 13696K, used 5298K [0x00000000ff2a0000, 0x0000000100000000, 0x0000000100000000)
 Metaspace       used 5073K, capacity 5258K, committed 5504K, reserved 1056768K
  class space    used 557K, capacity 597K, committed 640K, reserved 1048576K
2024-07-16T18:26:19.300+0800: 6.104: [GC (Allocation Failure) 2024-07-16T18:26:19.300+0800: 6.104: [ParNew: 5237K->4K(6144K), 0.0013092 secs] 10536K->6326K(19840K), 0.0013912 secs] [Times: user=0.00 sys=0.00, real=0.00 secs] 
Heap after GC invocations=787 (full 97):
 par new generation   total 6144K, used 4K [0x00000000fec00000, 0x00000000ff2a0000, 0x00000000ff2a0000)
  eden space 5504K,   0% used [0x00000000fec00000, 0x00000000fec00000, 0x00000000ff160000)
  from space 640K,   0% used [0x00000000ff200000, 0x00000000ff201020, 0x00000000ff2a0000)
  to   space 640K,   0% used [0x00000000ff160000, 0x00000000ff160000, 0x00000000ff200000)
 concurrent mark-sweep generation total 13696K, used 6322K [0x00000000ff2a0000, 0x0000000100000000, 0x0000000100000000)
 Metaspace       used 5073K, capacity 5258K, committed 5504K, reserved 1056768K
  class space    used 557K, capacity 597K, committed 640K, reserved 1048576K
}
{Heap before GC invocations=787 (full 97):
 par new generation   total 6144K, used 5233K [0x00000000fec00000, 0x00000000ff2a0000, 0x00000000ff2a0000)
  eden space 5504K,  95% used [0x00000000fec00000, 0x00000000ff11b780, 0x00000000ff160000)
  from space 640K,   0% used [0x00000000ff200000, 0x00000000ff201020, 0x00000000ff2a0000)
  to   space 640K,   0% used [0x00000000ff160000, 0x00000000ff160000, 0x00000000ff200000)
 concurrent mark-sweep generation total 13696K, used 6322K [0x00000000ff2a0000, 0x0000000100000000, 0x0000000100000000)
 Metaspace       used 5073K, capacity 5258K, committed 5504K, reserved 1056768K
  class space    used 557K, capacity 597K, committed 640K, reserved 1048576K
2024-07-16T18:26:19.308+0800: 6.113: [GC (Allocation Failure) 2024-07-16T18:26:19.308+0800: 6.113: [ParNew: 5233K->6K(6144K), 0.0015678 secs] 11556K->7354K(19840K), 0.0016870 secs] [Times: user=0.00 sys=0.00, real=0.00 secs] 
Heap after GC invocations=788 (full 97):
 par new generation   total 6144K, used 6K [0x00000000fec00000, 0x00000000ff2a0000, 0x00000000ff2a0000)
  eden space 5504K,   0% used [0x00000000fec00000, 0x00000000fec00000, 0x00000000ff160000)
  from space 640K,   0% used [0x00000000ff160000, 0x00000000ff161830, 0x00000000ff200000)
  to   space 640K,   0% used [0x00000000ff200000, 0x00000000ff200000, 0x00000000ff2a0000)
 concurrent mark-sweep generation total 13696K, used 7348K [0x00000000ff2a0000, 0x0000000100000000, 0x0000000100000000)
 Metaspace       used 5073K, capacity 5258K, committed 5504K, reserved 1056768K
  class space    used 557K, capacity 597K, committed 640K, reserved 1048576K
}
2024-07-16T18:26:19.310+0800: 6.115: [GC (CMS Initial Mark) [1 CMS-initial-mark: 7348K(13696K)] 8380K(19840K), 0.0004099 secs] [Times: user=0.00 sys=0.00, real=0.00 secs] 
2024-07-16T18:26:19.310+0800: 6.115: [CMS-concurrent-mark-start]
2024-07-16T18:26:19.315+0800: 6.120: [CMS-concurrent-mark: 0.005/0.005 secs] [Times: user=0.05 sys=0.00, real=0.01 secs] 
2024-07-16T18:26:19.315+0800: 6.120: [CMS-concurrent-preclean-start]
2024-07-16T18:26:19.315+0800: 6.120: [CMS-concurrent-preclean: 0.000/0.000 secs] [Times: user=0.00 sys=0.00, real=0.00 secs] 
2024-07-16T18:26:19.315+0800: 6.120: [CMS-concurrent-abortable-preclean-start]
{Heap before GC invocations=788 (full 98):
 par new generation   total 6144K, used 5235K [0x00000000fec00000, 0x00000000ff2a0000, 0x00000000ff2a0000)
  eden space 5504K,  95% used [0x00000000fec00000, 0x00000000ff11b780, 0x00000000ff160000)
  from space 640K,   0% used [0x00000000ff160000, 0x00000000ff161830, 0x00000000ff200000)
  to   space 640K,   0% used [0x00000000ff200000, 0x00000000ff200000, 0x00000000ff2a0000)
 concurrent mark-sweep generation total 13696K, used 7348K [0x00000000ff2a0000, 0x0000000100000000, 0x0000000100000000)
 Metaspace       used 5073K, capacity 5258K, committed 5504K, reserved 1056768K
  class space    used 557K, capacity 597K, committed 640K, reserved 1048576K
2024-07-16T18:26:19.318+0800: 6.122: [GC (Allocation Failure) 2024-07-16T18:26:19.318+0800: 6.122: [ParNew: 5235K->4K(6144K), 0.0008330 secs] 12584K->7352K(19840K), 0.0009364 secs] [Times: user=0.00 sys=0.00, real=0.00 secs] 
Heap after GC invocations=789 (full 98):
 par new generation   total 6144K, used 4K [0x00000000fec00000, 0x00000000ff2a0000, 0x00000000ff2a0000)
  eden space 5504K,   0% used [0x00000000fec00000, 0x00000000fec00000, 0x00000000ff160000)
  from space 640K,   0% used [0x00000000ff200000, 0x00000000ff201020, 0x00000000ff2a0000)
  to   space 640K,   0% used [0x00000000ff160000, 0x00000000ff160000, 0x00000000ff200000)
 concurrent mark-sweep generation total 13696K, used 7348K [0x00000000ff2a0000, 0x0000000100000000, 0x0000000100000000)
 Metaspace       used 5073K, capacity 5258K, committed 5504K, reserved 1056768K
  class space    used 557K, capacity 597K, committed 640K, reserved 1048576K
}
{Heap before GC invocations=789 (full 98):
 par new generation   total 6144K, used 5233K [0x00000000fec00000, 0x00000000ff2a0000, 0x00000000ff2a0000)
  eden space 5504K,  95% used [0x00000000fec00000, 0x00000000ff11b780, 0x00000000ff160000)
  from space 640K,   0% used [0x00000000ff200000, 0x00000000ff201020, 0x00000000ff2a0000)
  to   space 640K,   0% used [0x00000000ff160000, 0x00000000ff160000, 0x00000000ff200000)
 concurrent mark-sweep generation total 13696K, used 7348K [0x00000000ff2a0000, 0x0000000100000000, 0x0000000100000000)
 Metaspace       used 5073K, capacity 5258K, committed 5504K, reserved 1056768K
  class space    used 557K, capacity 597K, committed 640K, reserved 1048576K
2024-07-16T18:26:19.326+0800: 6.130: [GC (Allocation Failure) 2024-07-16T18:26:19.326+0800: 6.130: [ParNew: 5233K->6K(6144K), 0.0014567 secs] 12582K->8378K(19840K), 0.0015704 secs] [Times: user=0.00 sys=0.00, real=0.00 secs] 
Heap after GC invocations=790 (full 98):
 par new generation   total 6144K, used 6K [0x00000000fec00000, 0x00000000ff2a0000, 0x00000000ff2a0000)
  eden space 5504K,   0% used [0x00000000fec00000, 0x00000000fec00000, 0x00000000ff160000)
  from space 640K,   0% used [0x00000000ff160000, 0x00000000ff161830, 0x00000000ff200000)
  to   space 640K,   0% used [0x00000000ff200000, 0x00000000ff200000, 0x00000000ff2a0000)
 concurrent mark-sweep generation total 13696K, used 8372K [0x00000000ff2a0000, 0x0000000100000000, 0x0000000100000000)
 Metaspace       used 5073K, capacity 5258K, committed 5504K, reserved 1056768K
  class space    used 557K, capacity 597K, committed 640K, reserved 1048576K
}
{Heap before GC invocations=790 (full 98):
 par new generation   total 6144K, used 5235K [0x00000000fec00000, 0x00000000ff2a0000, 0x00000000ff2a0000)
  eden space 5504K,  95% used [0x00000000fec00000, 0x00000000ff11b780, 0x00000000ff160000)
  from space 640K,   0% used [0x00000000ff160000, 0x00000000ff161830, 0x00000000ff200000)
  to   space 640K,   0% used [0x00000000ff200000, 0x00000000ff200000, 0x00000000ff2a0000)
 concurrent mark-sweep generation total 13696K, used 8372K [0x00000000ff2a0000, 0x0000000100000000, 0x0000000100000000)
 Metaspace       used 5073K, capacity 5258K, committed 5504K, reserved 1056768K
  class space    used 557K, capacity 597K, committed 640K, reserved 1048576K
2024-07-16T18:26:19.334+0800: 6.138: [GC (Allocation Failure) 2024-07-16T18:26:19.334+0800: 6.138: [ParNew: 5235K->4K(6144K), 0.0010663 secs] 13608K->8376K(19840K), 0.0011891 secs] [Times: user=0.00 sys=0.00, real=0.00 secs] 
Heap after GC invocations=791 (full 98):
 par new generation   total 6144K, used 4K [0x00000000fec00000, 0x00000000ff2a0000, 0x00000000ff2a0000)
  eden space 5504K,   0% used [0x00000000fec00000, 0x00000000fec00000, 0x00000000ff160000)
  from space 640K,   0% used [0x00000000ff200000, 0x00000000ff201020, 0x00000000ff2a0000)
  to   space 640K,   0% used [0x00000000ff160000, 0x00000000ff160000, 0x00000000ff200000)
 concurrent mark-sweep generation total 13696K, used 8372K [0x00000000ff2a0000, 0x0000000100000000, 0x0000000100000000)
 Metaspace       used 5073K, capacity 5258K, committed 5504K, reserved 1056768K
  class space    used 557K, capacity 597K, committed 640K, reserved 1048576K
}
{Heap before GC invocations=791 (full 98):
 par new generation   total 6144K, used 5233K [0x00000000fec00000, 0x00000000ff2a0000, 0x00000000ff2a0000)
  eden space 5504K,  95% used [0x00000000fec00000, 0x00000000ff11b780, 0x00000000ff160000)
  from space 640K,   0% used [0x00000000ff200000, 0x00000000ff201020, 0x00000000ff2a0000)
  to   space 640K,   0% used [0x00000000ff160000, 0x00000000ff160000, 0x00000000ff200000)
 concurrent mark-sweep generation total 13696K, used 8372K [0x00000000ff2a0000, 0x0000000100000000, 0x0000000100000000)
 Metaspace       used 5073K, capacity 5258K, committed 5504K, reserved 1056768K
  class space    used 557K, capacity 597K, committed 640K, reserved 1048576K
2024-07-16T18:26:19.342+0800: 6.146: [GC (Allocation Failure) 2024-07-16T18:26:19.342+0800: 6.146: [ParNew: 5233K->8K(6144K), 0.0014545 secs] 13606K->9404K(19840K), 0.0015620 secs] [Times: user=0.00 sys=0.00, real=0.00 secs] 
Heap after GC invocations=792 (full 98):
 par new generation   total 6144K, used 8K [0x00000000fec00000, 0x00000000ff2a0000, 0x00000000ff2a0000)
  eden space 5504K,   0% used [0x00000000fec00000, 0x00000000fec00000, 0x00000000ff160000)
  from space 640K,   1% used [0x00000000ff160000, 0x00000000ff162040, 0x00000000ff200000)
  to   space 640K,   0% used [0x00000000ff200000, 0x00000000ff200000, 0x00000000ff2a0000)
 concurrent mark-sweep generation total 13696K, used 9396K [0x00000000ff2a0000, 0x0000000100000000, 0x0000000100000000)
 Metaspace       used 5073K, capacity 5258K, committed 5504K, reserved 1056768K
  class space    used 557K, capacity 597K, committed 640K, reserved 1048576K
}
{Heap before GC invocations=792 (full 98):
 par new generation   total 6144K, used 5237K [0x00000000fec00000, 0x00000000ff2a0000, 0x00000000ff2a0000)
  eden space 5504K,  95% used [0x00000000fec00000, 0x00000000ff11b780, 0x00000000ff160000)
  from space 640K,   1% used [0x00000000ff160000, 0x00000000ff162040, 0x00000000ff200000)
  to   space 640K,   0% used [0x00000000ff200000, 0x00000000ff200000, 0x00000000ff2a0000)
 concurrent mark-sweep generation total 13696K, used 9396K [0x00000000ff2a0000, 0x0000000100000000, 0x0000000100000000)
 Metaspace       used 5073K, capacity 5258K, committed 5504K, reserved 1056768K
  class space    used 557K, capacity 597K, committed 640K, reserved 1048576K
2024-07-16T18:26:19.351+0800: 6.155: [GC (Allocation Failure) 2024-07-16T18:26:19.351+0800: 6.155: [ParNew: 5237K->6K(6144K), 0.0012457 secs] 14634K->10426K(19840K), 0.0013668 secs] [Times: user=0.00 sys=0.00, real=0.00 secs] 
Heap after GC invocations=793 (full 98):
 par new generation   total 6144K, used 6K [0x00000000fec00000, 0x00000000ff2a0000, 0x00000000ff2a0000)
  eden space 5504K,   0% used [0x00000000fec00000, 0x00000000fec00000, 0x00000000ff160000)
  from space 640K,   0% used [0x00000000ff200000, 0x00000000ff201830, 0x00000000ff2a0000)
  to   space 640K,   0% used [0x00000000ff160000, 0x00000000ff160000, 0x00000000ff200000)
 concurrent mark-sweep generation total 13696K, used 10420K [0x00000000ff2a0000, 0x0000000100000000, 0x0000000100000000)
 Metaspace       used 5073K, capacity 5258K, committed 5504K, reserved 1056768K
  class space    used 557K, capacity 597K, committed 640K, reserved 1048576K
}
{Heap before GC invocations=793 (full 98):
 par new generation   total 6144K, used 5235K [0x00000000fec00000, 0x00000000ff2a0000, 0x00000000ff2a0000)
  eden space 5504K,  95% used [0x00000000fec00000, 0x00000000ff11b780, 0x00000000ff160000)
  from space 640K,   0% used [0x00000000ff200000, 0x00000000ff201830, 0x00000000ff2a0000)
  to   space 640K,   0% used [0x00000000ff160000, 0x00000000ff160000, 0x00000000ff200000)
 concurrent mark-sweep generation total 13696K, used 10420K [0x00000000ff2a0000, 0x0000000100000000, 0x0000000100000000)
 Metaspace       used 5073K, capacity 5258K, committed 5504K, reserved 1056768K
  class space    used 557K, capacity 597K, committed 640K, reserved 1048576K
2024-07-16T18:26:19.358+0800: 6.162: [GC (Allocation Failure) 2024-07-16T18:26:19.358+0800: 6.162: [ParNew: 5235K->10K(6144K), 0.0014712 secs] 15656K->11455K(19840K), 0.0015878 secs] [Times: user=0.00 sys=0.00, real=0.00 secs] 
Heap after GC invocations=794 (full 98):
 par new generation   total 6144K, used 10K [0x00000000fec00000, 0x00000000ff2a0000, 0x00000000ff2a0000)
  eden space 5504K,   0% used [0x00000000fec00000, 0x00000000fec00000, 0x00000000ff160000)
  from space 640K,   1% used [0x00000000ff160000, 0x00000000ff162850, 0x00000000ff200000)
  to   space 640K,   0% used [0x00000000ff200000, 0x00000000ff200000, 0x00000000ff2a0000)
 concurrent mark-sweep generation total 13696K, used 11444K [0x00000000ff2a0000, 0x0000000100000000, 0x0000000100000000)
 Metaspace       used 5073K, capacity 5258K, committed 5504K, reserved 1056768K
  class space    used 557K, capacity 597K, committed 640K, reserved 1048576K
}
{Heap before GC invocations=794 (full 98):
 par new generation   total 6144K, used 5239K [0x00000000fec00000, 0x00000000ff2a0000, 0x00000000ff2a0000)
  eden space 5504K,  95% used [0x00000000fec00000, 0x00000000ff11b780, 0x00000000ff160000)
  from space 640K,   1% used [0x00000000ff160000, 0x00000000ff162850, 0x00000000ff200000)
  to   space 640K,   0% used [0x00000000ff200000, 0x00000000ff200000, 0x00000000ff2a0000)
 concurrent mark-sweep generation total 13696K, used 11444K [0x00000000ff2a0000, 0x0000000100000000, 0x0000000100000000)
 Metaspace       used 5073K, capacity 5258K, committed 5504K, reserved 1056768K
  class space    used 557K, capacity 597K, committed 640K, reserved 1048576K
2024-07-16T18:26:19.367+0800: 6.171: [GC (Allocation Failure) 2024-07-16T18:26:19.367+0800: 6.171: [ParNew: 5239K->8K(6144K), 0.0013423 secs] 16684K->12479K(19840K), 0.0014483 secs] [Times: user=0.00 sys=0.00, real=0.00 secs] 
Heap after GC invocations=795 (full 98):
 par new generation   total 6144K, used 8K [0x00000000fec00000, 0x00000000ff2a0000, 0x00000000ff2a0000)
  eden space 5504K,   0% used [0x00000000fec00000, 0x00000000fec00000, 0x00000000ff160000)
  from space 640K,   1% used [0x00000000ff200000, 0x00000000ff202040, 0x00000000ff2a0000)
  to   space 640K,   0% used [0x00000000ff160000, 0x00000000ff160000, 0x00000000ff200000)
 concurrent mark-sweep generation total 13696K, used 12471K [0x00000000ff2a0000, 0x0000000100000000, 0x0000000100000000)
 Metaspace       used 5073K, capacity 5258K, committed 5504K, reserved 1056768K
  class space    used 557K, capacity 597K, committed 640K, reserved 1048576K
}
{Heap before GC invocations=795 (full 98):
 par new generation   total 6144K, used 5237K [0x00000000fec00000, 0x00000000ff2a0000, 0x00000000ff2a0000)
  eden space 5504K,  95% used [0x00000000fec00000, 0x00000000ff11b780, 0x00000000ff160000)
  from space 640K,   1% used [0x00000000ff200000, 0x00000000ff202040, 0x00000000ff2a0000)
  to   space 640K,   0% used [0x00000000ff160000, 0x00000000ff160000, 0x00000000ff200000)
 concurrent mark-sweep generation total 13696K, used 12471K [0x00000000ff2a0000, 0x0000000100000000, 0x0000000100000000)
 Metaspace       used 5073K, capacity 5258K, committed 5504K, reserved 1056768K
  class space    used 557K, capacity 597K, committed 640K, reserved 1048576K
2024-07-16T18:26:19.375+0800: 6.179: [GC (Allocation Failure) 2024-07-16T18:26:19.375+0800: 6.179: [ParNew: 5237K->5237K(6144K), 0.0000237 secs]2024-07-16T18:26:19.375+0800: 6.179: [CMS2024-07-16T18:26:19.375+0800: 6.179: [CMS-concurrent-abortable-preclean: 0.001/0.059 secs] [Times: user=0.00 sys=0.00, real=0.06 secs] 
 (concurrent mode failure): 12471K->2220K(13696K), 0.0050897 secs] 17708K->2220K(19840K), [Metaspace: 5073K->5073K(1056768K)], 0.0051882 secs] [Times: user=0.02 sys=0.00, real=0.01 secs] 
Heap after GC invocations=796 (full 99):
 par new generation   total 6144K, used 0K [0x00000000fec00000, 0x00000000ff2a0000, 0x00000000ff2a0000)
  eden space 5504K,   0% used [0x00000000fec00000, 0x00000000fec00000, 0x00000000ff160000)
  from space 640K,   0% used [0x00000000ff200000, 0x00000000ff200000, 0x00000000ff2a0000)
  to   space 640K,   0% used [0x00000000ff160000, 0x00000000ff160000, 0x00000000ff200000)
 concurrent mark-sweep generation total 13696K, used 2220K [0x00000000ff2a0000, 0x0000000100000000, 0x0000000100000000)
 Metaspace       used 5073K, capacity 5258K, committed 5504K, reserved 1056768K
  class space    used 557K, capacity 597K, committed 640K, reserved 1048576K
}
{Heap before GC invocations=796 (full 99):
 par new generation   total 6144K, used 5229K [0x00000000fec00000, 0x00000000ff2a0000, 0x00000000ff2a0000)
  eden space 5504K,  95% used [0x00000000fec00000, 0x00000000ff11b780, 0x00000000ff160000)
  from space 640K,   0% used [0x00000000ff200000, 0x00000000ff200000, 0x00000000ff2a0000)
  to   space 640K,   0% used [0x00000000ff160000, 0x00000000ff160000, 0x00000000ff200000)
 concurrent mark-sweep generation total 13696K, used 2220K [0x00000000ff2a0000, 0x0000000100000000, 0x0000000100000000)
 Metaspace       used 5073K, capacity 5258K, committed 5504K, reserved 1056768K
  class space    used 557K, capacity 597K, committed 640K, reserved 1048576K
2024-07-16T18:26:19.386+0800: 6.190: [GC (Allocation Failure) 2024-07-16T18:26:19.386+0800: 6.190: [ParNew: 5229K->10K(6144K), 0.0013542 secs] 7450K->3256K(19840K), 0.0014339 secs] [Times: user=0.00 sys=0.00, real=0.00 secs] 
Heap after GC invocations=797 (full 99):
 par new generation   total 6144K, used 10K [0x00000000fec00000, 0x00000000ff2a0000, 0x00000000ff2a0000)
  eden space 5504K,   0% used [0x00000000fec00000, 0x00000000fec00000, 0x00000000ff160000)
  from space 640K,   1% used [0x00000000ff160000, 0x00000000ff162850, 0x00000000ff200000)
  to   space 640K,   0% used [0x00000000ff200000, 0x00000000ff200000, 0x00000000ff2a0000)
 concurrent mark-sweep generation total 13696K, used 3246K [0x00000000ff2a0000, 0x0000000100000000, 0x0000000100000000)
 Metaspace       used 5073K, capacity 5258K, committed 5504K, reserved 1056768K
  class space    used 557K, capacity 597K, committed 640K, reserved 1048576K
}
{Heap before GC invocations=797 (full 99):
 par new generation   total 6144K, used 5239K [0x00000000fec00000, 0x00000000ff2a0000, 0x00000000ff2a0000)
  eden space 5504K,  95% used [0x00000000fec00000, 0x00000000ff11b780, 0x00000000ff160000)
  from space 640K,   1% used [0x00000000ff160000, 0x00000000ff162850, 0x00000000ff200000)
  to   space 640K,   0% used [0x00000000ff200000, 0x00000000ff200000, 0x00000000ff2a0000)
 concurrent mark-sweep generation total 13696K, used 3246K [0x00000000ff2a0000, 0x0000000100000000, 0x0000000100000000)
 Metaspace       used 5073K, capacity 5258K, committed 5504K, reserved 1056768K
  class space    used 557K, capacity 597K, committed 640K, reserved 1048576K
2024-07-16T18:26:19.394+0800: 6.198: [GC (Allocation Failure) 2024-07-16T18:26:19.394+0800: 6.198: [ParNew: 5239K->4K(6144K), 0.0008261 secs] 8486K->3250K(19840K), 0.0009489 secs] [Times: user=0.00 sys=0.00, real=0.00 secs] 
Heap after GC invocations=798 (full 99):
 par new generation   total 6144K, used 4K [0x00000000fec00000, 0x00000000ff2a0000, 0x00000000ff2a0000)
  eden space 5504K,   0% used [0x00000000fec00000, 0x00000000fec00000, 0x00000000ff160000)
  from space 640K,   0% used [0x00000000ff200000, 0x00000000ff201020, 0x00000000ff2a0000)
  to   space 640K,   0% used [0x00000000ff160000, 0x00000000ff160000, 0x00000000ff200000)
 concurrent mark-sweep generation total 13696K, used 3246K [0x00000000ff2a0000, 0x0000000100000000, 0x0000000100000000)
 Metaspace       used 5073K, capacity 5258K, committed 5504K, reserved 1056768K
  class space    used 557K, capacity 597K, committed 640K, reserved 1048576K
}
{Heap before GC invocations=798 (full 99):
 par new generation   total 6144K, used 5233K [0x00000000fec00000, 0x00000000ff2a0000, 0x00000000ff2a0000)
  eden space 5504K,  95% used [0x00000000fec00000, 0x00000000ff11b780, 0x00000000ff160000)
  from space 640K,   0% used [0x00000000ff200000, 0x00000000ff201020, 0x00000000ff2a0000)
  to   space 640K,   0% used [0x00000000ff160000, 0x00000000ff160000, 0x00000000ff200000)
 concurrent mark-sweep generation total 13696K, used 3246K [0x00000000ff2a0000, 0x0000000100000000, 0x0000000100000000)
 Metaspace       used 5073K, capacity 5258K, committed 5504K, reserved 1056768K
  class space    used 557K, capacity 597K, committed 640K, reserved 1048576K
2024-07-16T18:26:19.403+0800: 6.207: [GC (Allocation Failure) 2024-07-16T18:26:19.403+0800: 6.207: [ParNew: 5233K->4K(6144K), 0.0007416 secs] 8480K->3250K(19840K), 0.0008254 secs] [Times: user=0.00 sys=0.00, real=0.00 secs] 
Heap after GC invocations=799 (full 99):
 par new generation   total 6144K, used 4K [0x00000000fec00000, 0x00000000ff2a0000, 0x00000000ff2a0000)
  eden space 5504K,   0% used [0x00000000fec00000, 0x00000000fec00000, 0x00000000ff160000)
  from space 640K,   0% used [0x00000000ff160000, 0x00000000ff161020, 0x00000000ff200000)
  to   space 640K,   0% used [0x00000000ff200000, 0x00000000ff200000, 0x00000000ff2a0000)
 concurrent mark-sweep generation total 13696K, used 3246K [0x00000000ff2a0000, 0x0000000100000000, 0x0000000100000000)
 Metaspace       used 5073K, capacity 5258K, committed 5504K, reserved 1056768K
  class space    used 557K, capacity 597K, committed 640K, reserved 1048576K
}
{Heap before GC invocations=799 (full 99):
 par new generation   total 6144K, used 5233K [0x00000000fec00000, 0x00000000ff2a0000, 0x00000000ff2a0000)
  eden space 5504K,  95% used [0x00000000fec00000, 0x00000000ff11b780, 0x00000000ff160000)
  from space 640K,   0% used [0x00000000ff160000, 0x00000000ff161020, 0x00000000ff200000)
  to   space 640K,   0% used [0x00000000ff200000, 0x00000000ff200000, 0x00000000ff2a0000)
 concurrent mark-sweep generation total 13696K, used 3246K [0x00000000ff2a0000, 0x0000000100000000, 0x0000000100000000)
 Metaspace       used 5073K, capacity 5258K, committed 5504K, reserved 1056768K
  class space    used 557K, capacity 597K, committed 640K, reserved 1048576K
2024-07-16T18:26:19.411+0800: 6.215: [GC (Allocation Failure) 2024-07-16T18:26:19.411+0800: 6.215: [ParNew: 5233K->4K(6144K), 0.0008843 secs] 8480K->3250K(19840K), 0.0010613 secs] [Times: user=0.00 sys=0.00, real=0.00 secs] 
Heap after GC invocations=800 (full 99):
 par new generation   total 6144K, used 4K [0x00000000fec00000, 0x00000000ff2a0000, 0x00000000ff2a0000)
  eden space 5504K,   0% used [0x00000000fec00000, 0x00000000fec00000, 0x00000000ff160000)
  from space 640K,   0% used [0x00000000ff200000, 0x00000000ff201020, 0x00000000ff2a0000)
  to   space 640K,   0% used [0x00000000ff160000, 0x00000000ff160000, 0x00000000ff200000)
 concurrent mark-sweep generation total 13696K, used 3246K [0x00000000ff2a0000, 0x0000000100000000, 0x0000000100000000)
 Metaspace       used 5073K, capacity 5258K, committed 5504K, reserved 1056768K
  class space    used 557K, capacity 597K, committed 640K, reserved 1048576K
}
{Heap before GC invocations=800 (full 99):
 par new generation   total 6144K, used 5233K [0x00000000fec00000, 0x00000000ff2a0000, 0x00000000ff2a0000)
  eden space 5504K,  95% used [0x00000000fec00000, 0x00000000ff11b780, 0x00000000ff160000)
  from space 640K,   0% used [0x00000000ff200000, 0x00000000ff201020, 0x00000000ff2a0000)
  to   space 640K,   0% used [0x00000000ff160000, 0x00000000ff160000, 0x00000000ff200000)
 concurrent mark-sweep generation total 13696K, used 3246K [0x00000000ff2a0000, 0x0000000100000000, 0x0000000100000000)
 Metaspace       used 5073K, capacity 5258K, committed 5504K, reserved 1056768K
  class space    used 557K, capacity 597K, committed 640K, reserved 1048576K
2024-07-16T18:26:19.421+0800: 6.225: [GC (Allocation Failure) 2024-07-16T18:26:19.421+0800: 6.225: [ParNew: 5233K->4K(6144K), 0.0002497 secs] 8480K->3250K(19840K), 0.0002837 secs] [Times: user=0.00 sys=0.00, real=0.00 secs] 
Heap after GC invocations=801 (full 99):
 par new generation   total 6144K, used 4K [0x00000000fec00000, 0x00000000ff2a0000, 0x00000000ff2a0000)
  eden space 5504K,   0% used [0x00000000fec00000, 0x00000000fec00000, 0x00000000ff160000)
  from space 640K,   0% used [0x00000000ff160000, 0x00000000ff161020, 0x00000000ff200000)
  to   space 640K,   0% used [0x00000000ff200000, 0x00000000ff200000, 0x00000000ff2a0000)
 concurrent mark-sweep generation total 13696K, used 3246K [0x00000000ff2a0000, 0x0000000100000000, 0x0000000100000000)
 Metaspace       used 5073K, capacity 5258K, committed 5504K, reserved 1056768K
  class space    used 557K, capacity 597K, committed 640K, reserved 1048576K
}
{Heap before GC invocations=801 (full 99):
 par new generation   total 6144K, used 5233K [0x00000000fec00000, 0x00000000ff2a0000, 0x00000000ff2a0000)
  eden space 5504K,  95% used [0x00000000fec00000, 0x00000000ff11b780, 0x00000000ff160000)
  from space 640K,   0% used [0x00000000ff160000, 0x00000000ff161020, 0x00000000ff200000)
  to   space 640K,   0% used [0x00000000ff200000, 0x00000000ff200000, 0x00000000ff2a0000)
 concurrent mark-sweep generation total 13696K, used 3246K [0x00000000ff2a0000, 0x0000000100000000, 0x0000000100000000)
 Metaspace       used 5073K, capacity 5258K, committed 5504K, reserved 1056768K
  class space    used 557K, capacity 597K, committed 640K, reserved 1048576K
2024-07-16T18:26:19.428+0800: 6.232: [GC (Allocation Failure) 2024-07-16T18:26:19.428+0800: 6.232: [ParNew: 5233K->4K(6144K), 0.0003029 secs] 8480K->3250K(19840K), 0.0003383 secs] [Times: user=0.00 sys=0.00, real=0.00 secs] 
Heap after GC invocations=802 (full 99):
 par new generation   total 6144K, used 4K [0x00000000fec00000, 0x00000000ff2a0000, 0x00000000ff2a0000)
  eden space 5504K,   0% used [0x00000000fec00000, 0x00000000fec00000, 0x00000000ff160000)
  from space 640K,   0% used [0x00000000ff200000, 0x00000000ff201020, 0x00000000ff2a0000)
  to   space 640K,   0% used [0x00000000ff160000, 0x00000000ff160000, 0x00000000ff200000)
 concurrent mark-sweep generation total 13696K, used 3246K [0x00000000ff2a0000, 0x0000000100000000, 0x0000000100000000)
 Metaspace       used 5073K, capacity 5258K, committed 5504K, reserved 1056768K
  class space    used 557K, capacity 597K, committed 640K, reserved 1048576K
}
{Heap before GC invocations=802 (full 99):
 par new generation   total 6144K, used 5233K [0x00000000fec00000, 0x00000000ff2a0000, 0x00000000ff2a0000)
  eden space 5504K,  95% used [0x00000000fec00000, 0x00000000ff11b780, 0x00000000ff160000)
  from space 640K,   0% used [0x00000000ff200000, 0x00000000ff201020, 0x00000000ff2a0000)
  to   space 640K,   0% used [0x00000000ff160000, 0x00000000ff160000, 0x00000000ff200000)
 concurrent mark-sweep generation total 13696K, used 3246K [0x00000000ff2a0000, 0x0000000100000000, 0x0000000100000000)
 Metaspace       used 5073K, capacity 5258K, committed 5504K, reserved 1056768K
  class space    used 557K, capacity 597K, committed 640K, reserved 1048576K
2024-07-16T18:26:19.436+0800: 6.240: [GC (Allocation Failure) 2024-07-16T18:26:19.436+0800: 6.240: [ParNew: 5233K->8K(6144K), 0.0005108 secs] 8480K->4280K(19840K), 0.0005638 secs] [Times: user=0.00 sys=0.00, real=0.00 secs] 
Heap after GC invocations=803 (full 99):
 par new generation   total 6144K, used 8K [0x00000000fec00000, 0x00000000ff2a0000, 0x00000000ff2a0000)
  eden space 5504K,   0% used [0x00000000fec00000, 0x00000000fec00000, 0x00000000ff160000)
  from space 640K,   1% used [0x00000000ff160000, 0x00000000ff162040, 0x00000000ff200000)
  to   space 640K,   0% used [0x00000000ff200000, 0x00000000ff200000, 0x00000000ff2a0000)
 concurrent mark-sweep generation total 13696K, used 4272K [0x00000000ff2a0000, 0x0000000100000000, 0x0000000100000000)
 Metaspace       used 5073K, capacity 5258K, committed 5504K, reserved 1056768K
  class space    used 557K, capacity 597K, committed 640K, reserved 1048576K
}
{Heap before GC invocations=803 (full 99):
 par new generation   total 6144K, used 5237K [0x00000000fec00000, 0x00000000ff2a0000, 0x00000000ff2a0000)
  eden space 5504K,  95% used [0x00000000fec00000, 0x00000000ff11b780, 0x00000000ff160000)
  from space 640K,   1% used [0x00000000ff160000, 0x00000000ff162040, 0x00000000ff200000)
  to   space 640K,   0% used [0x00000000ff200000, 0x00000000ff200000, 0x00000000ff2a0000)
 concurrent mark-sweep generation total 13696K, used 4272K [0x00000000ff2a0000, 0x0000000100000000, 0x0000000100000000)
 Metaspace       used 5073K, capacity 5258K, committed 5504K, reserved 1056768K
  class space    used 557K, capacity 597K, committed 640K, reserved 1048576K
2024-07-16T18:26:19.443+0800: 6.247: [GC (Allocation Failure) 2024-07-16T18:26:19.443+0800: 6.247: [ParNew: 5237K->4K(6144K), 0.0002978 secs] 9510K->4276K(19840K), 0.0003249 secs] [Times: user=0.00 sys=0.00, real=0.00 secs] 
Heap after GC invocations=804 (full 99):
 par new generation   total 6144K, used 4K [0x00000000fec00000, 0x00000000ff2a0000, 0x00000000ff2a0000)
  eden space 5504K,   0% used [0x00000000fec00000, 0x00000000fec00000, 0x00000000ff160000)
  from space 640K,   0% used [0x00000000ff200000, 0x00000000ff201020, 0x00000000ff2a0000)
  to   space 640K,   0% used [0x00000000ff160000, 0x00000000ff160000, 0x00000000ff200000)
 concurrent mark-sweep generation total 13696K, used 4272K [0x00000000ff2a0000, 0x0000000100000000, 0x0000000100000000)
 Metaspace       used 5073K, capacity 5258K, committed 5504K, reserved 1056768K
  class space    used 557K, capacity 597K, committed 640K, reserved 1048576K
}
{Heap before GC invocations=804 (full 99):
 par new generation   total 6144K, used 5233K [0x00000000fec00000, 0x00000000ff2a0000, 0x00000000ff2a0000)
  eden space 5504K,  95% used [0x00000000fec00000, 0x00000000ff11b780, 0x00000000ff160000)
  from space 640K,   0% used [0x00000000ff200000, 0x00000000ff201020, 0x00000000ff2a0000)
  to   space 640K,   0% used [0x00000000ff160000, 0x00000000ff160000, 0x00000000ff200000)
 concurrent mark-sweep generation total 13696K, used 4272K [0x00000000ff2a0000, 0x0000000100000000, 0x0000000100000000)
 Metaspace       used 5073K, capacity 5258K, committed 5504K, reserved 1056768K
  class space    used 557K, capacity 597K, committed 640K, reserved 1048576K
2024-07-16T18:26:19.450+0800: 6.254: [GC (Allocation Failure) 2024-07-16T18:26:19.450+0800: 6.254: [ParNew: 5233K->8K(6144K), 0.0003408 secs] 9506K->5307K(19840K), 0.0003753 secs] [Times: user=0.00 sys=0.00, real=0.00 secs] 
Heap after GC invocations=805 (full 99):
 par new generation   total 6144K, used 8K [0x00000000fec00000, 0x00000000ff2a0000, 0x00000000ff2a0000)
  eden space 5504K,   0% used [0x00000000fec00000, 0x00000000fec00000, 0x00000000ff160000)
  from space 640K,   1% used [0x00000000ff160000, 0x00000000ff162040, 0x00000000ff200000)
  to   space 640K,   0% used [0x00000000ff200000, 0x00000000ff200000, 0x00000000ff2a0000)
 concurrent mark-sweep generation total 13696K, used 5298K [0x00000000ff2a0000, 0x0000000100000000, 0x0000000100000000)
 Metaspace       used 5073K, capacity 5258K, committed 5504K, reserved 1056768K
  class space    used 557K, capacity 597K, committed 640K, reserved 1048576K
}
{Heap before GC invocations=805 (full 99):
 par new generation   total 6144K, used 5237K [0x00000000fec00000, 0x00000000ff2a0000, 0x00000000ff2a0000)
  eden space 5504K,  95% used [0x00000000fec00000, 0x00000000ff11b780, 0x00000000ff160000)
  from space 640K,   1% used [0x00000000ff160000, 0x00000000ff162040, 0x00000000ff200000)
  to   space 640K,   0% used [0x00000000ff200000, 0x00000000ff200000, 0x00000000ff2a0000)
 concurrent mark-sweep generation total 13696K, used 5298K [0x00000000ff2a0000, 0x0000000100000000, 0x0000000100000000)
 Metaspace       used 5073K, capacity 5258K, committed 5504K, reserved 1056768K
  class space    used 557K, capacity 597K, committed 640K, reserved 1048576K
2024-07-16T18:26:19.456+0800: 6.260: [GC (Allocation Failure) 2024-07-16T18:26:19.456+0800: 6.260: [ParNew: 5237K->8K(6144K), 0.0009225 secs] 10536K->6333K(19840K), 0.0009985 secs] [Times: user=0.00 sys=0.00, real=0.00 secs] 
Heap after GC invocations=806 (full 99):
 par new generation   total 6144K, used 8K [0x00000000fec00000, 0x00000000ff2a0000, 0x00000000ff2a0000)
  eden space 5504K,   0% used [0x00000000fec00000, 0x00000000fec00000, 0x00000000ff160000)
  from space 640K,   1% used [0x00000000ff200000, 0x00000000ff202040, 0x00000000ff2a0000)
  to   space 640K,   0% used [0x00000000ff160000, 0x00000000ff160000, 0x00000000ff200000)
 concurrent mark-sweep generation total 13696K, used 6325K [0x00000000ff2a0000, 0x0000000100000000, 0x0000000100000000)
 Metaspace       used 5073K, capacity 5258K, committed 5504K, reserved 1056768K
  class space    used 557K, capacity 597K, committed 640K, reserved 1048576K
}
{Heap before GC invocations=806 (full 99):
 par new generation   total 6144K, used 5237K [0x00000000fec00000, 0x00000000ff2a0000, 0x00000000ff2a0000)
  eden space 5504K,  95% used [0x00000000fec00000, 0x00000000ff11b780, 0x00000000ff160000)
  from space 640K,   1% used [0x00000000ff200000, 0x00000000ff202040, 0x00000000ff2a0000)
  to   space 640K,   0% used [0x00000000ff160000, 0x00000000ff160000, 0x00000000ff200000)
 concurrent mark-sweep generation total 13696K, used 6325K [0x00000000ff2a0000, 0x0000000100000000, 0x0000000100000000)
 Metaspace       used 5073K, capacity 5258K, committed 5504K, reserved 1056768K
  class space    used 557K, capacity 597K, committed 640K, reserved 1048576K
2024-07-16T18:26:19.463+0800: 6.267: [GC (Allocation Failure) 2024-07-16T18:26:19.463+0800: 6.267: [ParNew: 5237K->8K(6144K), 0.0011127 secs] 11562K->7359K(19840K), 0.0011925 secs] [Times: user=0.00 sys=0.00, real=0.00 secs] 
Heap after GC invocations=807 (full 99):
 par new generation   total 6144K, used 8K [0x00000000fec00000, 0x00000000ff2a0000, 0x00000000ff2a0000)
  eden space 5504K,   0% used [0x00000000fec00000, 0x00000000fec00000, 0x00000000ff160000)
  from space 640K,   1% used [0x00000000ff160000, 0x00000000ff162040, 0x00000000ff200000)
  to   space 640K,   0% used [0x00000000ff200000, 0x00000000ff200000, 0x00000000ff2a0000)
 concurrent mark-sweep generation total 13696K, used 7351K [0x00000000ff2a0000, 0x0000000100000000, 0x0000000100000000)
 Metaspace       used 5073K, capacity 5258K, committed 5504K, reserved 1056768K
  class space    used 557K, capacity 597K, committed 640K, reserved 1048576K
}
2024-07-16T18:26:19.464+0800: 6.269: [GC (CMS Initial Mark) [1 CMS-initial-mark: 7351K(13696K)] 8385K(19840K), 0.0002225 secs] [Times: user=0.00 sys=0.00, real=0.00 secs] 
2024-07-16T18:26:19.464+0800: 6.269: [CMS-concurrent-mark-start]
2024-07-16T18:26:19.467+0800: 6.271: [CMS-concurrent-mark: 0.002/0.002 secs] [Times: user=0.00 sys=0.00, real=0.00 secs] 
2024-07-16T18:26:19.467+0800: 6.271: [CMS-concurrent-preclean-start]
2024-07-16T18:26:19.467+0800: 6.271: [CMS-concurrent-preclean: 0.000/0.000 secs] [Times: user=0.00 sys=0.00, real=0.00 secs] 
2024-07-16T18:26:19.467+0800: 6.271: [CMS-concurrent-abortable-preclean-start]
{Heap before GC invocations=807 (full 100):
 par new generation   total 6144K, used 5237K [0x00000000fec00000, 0x00000000ff2a0000, 0x00000000ff2a0000)
  eden space 5504K,  95% used [0x00000000fec00000, 0x00000000ff11b780, 0x00000000ff160000)
  from space 640K,   1% used [0x00000000ff160000, 0x00000000ff162040, 0x00000000ff200000)
  to   space 640K,   0% used [0x00000000ff200000, 0x00000000ff200000, 0x00000000ff2a0000)
 concurrent mark-sweep generation total 13696K, used 7351K [0x00000000ff2a0000, 0x0000000100000000, 0x0000000100000000)
 Metaspace       used 5073K, capacity 5258K, committed 5504K, reserved 1056768K
  class space    used 557K, capacity 597K, committed 640K, reserved 1048576K
2024-07-16T18:26:19.471+0800: 6.275: [GC (Allocation Failure) 2024-07-16T18:26:19.471+0800: 6.275: [ParNew: 5237K->12K(6144K), 0.0015900 secs] 12589K->9413K(19840K), 0.0016942 secs] [Times: user=0.00 sys=0.00, real=0.00 secs] 
Heap after GC invocations=808 (full 100):
 par new generation   total 6144K, used 12K [0x00000000fec00000, 0x00000000ff2a0000, 0x00000000ff2a0000)
  eden space 5504K,   0% used [0x00000000fec00000, 0x00000000fec00000, 0x00000000ff160000)
  from space 640K,   1% used [0x00000000ff200000, 0x00000000ff203060, 0x00000000ff2a0000)
  to   space 640K,   0% used [0x00000000ff160000, 0x00000000ff160000, 0x00000000ff200000)
 concurrent mark-sweep generation total 13696K, used 9401K [0x00000000ff2a0000, 0x0000000100000000, 0x0000000100000000)
 Metaspace       used 5073K, capacity 5258K, committed 5504K, reserved 1056768K
  class space    used 557K, capacity 597K, committed 640K, reserved 1048576K
}
{Heap before GC invocations=808 (full 100):
 par new generation   total 6144K, used 5241K [0x00000000fec00000, 0x00000000ff2a0000, 0x00000000ff2a0000)
  eden space 5504K,  95% used [0x00000000fec00000, 0x00000000ff11b780, 0x00000000ff160000)
  from space 640K,   1% used [0x00000000ff200000, 0x00000000ff203060, 0x00000000ff2a0000)
  to   space 640K,   0% used [0x00000000ff160000, 0x00000000ff160000, 0x00000000ff200000)
 concurrent mark-sweep generation total 13696K, used 9401K [0x00000000ff2a0000, 0x0000000100000000, 0x0000000100000000)
 Metaspace       used 5073K, capacity 5258K, committed 5504K, reserved 1056768K
  class space    used 557K, capacity 597K, committed 640K, reserved 1048576K
2024-07-16T18:26:19.479+0800: 6.283: [GC (Allocation Failure) 2024-07-16T18:26:19.479+0800: 6.283: [ParNew: 5241K->8K(6144K), 0.0009670 secs] 14643K->10433K(19840K), 0.0011027 secs] [Times: user=0.00 sys=0.00, real=0.00 secs] 
Heap after GC invocations=809 (full 100):
 par new generation   total 6144K, used 8K [0x00000000fec00000, 0x00000000ff2a0000, 0x00000000ff2a0000)
  eden space 5504K,   0% used [0x00000000fec00000, 0x00000000fec00000, 0x00000000ff160000)
  from space 640K,   1% used [0x00000000ff160000, 0x00000000ff162040, 0x00000000ff200000)
  to   space 640K,   0% used [0x00000000ff200000, 0x00000000ff200000, 0x00000000ff2a0000)
 concurrent mark-sweep generation total 13696K, used 10425K [0x00000000ff2a0000, 0x0000000100000000, 0x0000000100000000)
 Metaspace       used 5073K, capacity 5258K, committed 5504K, reserved 1056768K
  class space    used 557K, capacity 597K, committed 640K, reserved 1048576K
}
{Heap before GC invocations=809 (full 100):
 par new generation   total 6144K, used 5237K [0x00000000fec00000, 0x00000000ff2a0000, 0x00000000ff2a0000)
  eden space 5504K,  95% used [0x00000000fec00000, 0x00000000ff11b780, 0x00000000ff160000)
  from space 640K,   1% used [0x00000000ff160000, 0x00000000ff162040, 0x00000000ff200000)
  to   space 640K,   0% used [0x00000000ff200000, 0x00000000ff200000, 0x00000000ff2a0000)
 concurrent mark-sweep generation total 13696K, used 10425K [0x00000000ff2a0000, 0x0000000100000000, 0x0000000100000000)
 Metaspace       used 5073K, capacity 5258K, committed 5504K, reserved 1056768K
  class space    used 557K, capacity 597K, committed 640K, reserved 1048576K
2024-07-16T18:26:19.487+0800: 6.291: [GC (Allocation Failure) 2024-07-16T18:26:19.487+0800: 6.291: [ParNew: 5237K->4K(6144K), 0.0009908 secs] 15663K->10429K(19840K), 0.0010832 secs] [Times: user=0.00 sys=0.00, real=0.00 secs] 
Heap after GC invocations=810 (full 100):
 par new generation   total 6144K, used 4K [0x00000000fec00000, 0x00000000ff2a0000, 0x00000000ff2a0000)
  eden space 5504K,   0% used [0x00000000fec00000, 0x00000000fec00000, 0x00000000ff160000)
  from space 640K,   0% used [0x00000000ff200000, 0x00000000ff201020, 0x00000000ff2a0000)
  to   space 640K,   0% used [0x00000000ff160000, 0x00000000ff160000, 0x00000000ff200000)
 concurrent mark-sweep generation total 13696K, used 10425K [0x00000000ff2a0000, 0x0000000100000000, 0x0000000100000000)
 Metaspace       used 5073K, capacity 5258K, committed 5504K, reserved 1056768K
  class space    used 557K, capacity 597K, committed 640K, reserved 1048576K
}
{Heap before GC invocations=810 (full 100):
 par new generation   total 6144K, used 5233K [0x00000000fec00000, 0x00000000ff2a0000, 0x00000000ff2a0000)
  eden space 5504K,  95% used [0x00000000fec00000, 0x00000000ff11b780, 0x00000000ff160000)
  from space 640K,   0% used [0x00000000ff200000, 0x00000000ff201020, 0x00000000ff2a0000)
  to   space 640K,   0% used [0x00000000ff160000, 0x00000000ff160000, 0x00000000ff200000)
 concurrent mark-sweep generation total 13696K, used 10425K [0x00000000ff2a0000, 0x0000000100000000, 0x0000000100000000)
 Metaspace       used 5073K, capacity 5258K, committed 5504K, reserved 1056768K
  class space    used 557K, capacity 597K, committed 640K, reserved 1048576K
2024-07-16T18:26:19.495+0800: 6.299: [GC (Allocation Failure) 2024-07-16T18:26:19.495+0800: 6.299: [ParNew: 5233K->8K(6144K), 0.0013056 secs] 15659K->11457K(19840K), 0.0014179 secs] [Times: user=0.00 sys=0.00, real=0.00 secs] 
Heap after GC invocations=811 (full 100):
 par new generation   total 6144K, used 8K [0x00000000fec00000, 0x00000000ff2a0000, 0x00000000ff2a0000)
  eden space 5504K,   0% used [0x00000000fec00000, 0x00000000fec00000, 0x00000000ff160000)
  from space 640K,   1% used [0x00000000ff160000, 0x00000000ff162040, 0x00000000ff200000)
  to   space 640K,   0% used [0x00000000ff200000, 0x00000000ff200000, 0x00000000ff2a0000)
 concurrent mark-sweep generation total 13696K, used 11449K [0x00000000ff2a0000, 0x0000000100000000, 0x0000000100000000)
 Metaspace       used 5073K, capacity 5258K, committed 5504K, reserved 1056768K
  class space    used 557K, capacity 597K, committed 640K, reserved 1048576K
}
{Heap before GC invocations=811 (full 100):
 par new generation   total 6144K, used 5237K [0x00000000fec00000, 0x00000000ff2a0000, 0x00000000ff2a0000)
  eden space 5504K,  95% used [0x00000000fec00000, 0x00000000ff11b780, 0x00000000ff160000)
  from space 640K,   1% used [0x00000000ff160000, 0x00000000ff162040, 0x00000000ff200000)
  to   space 640K,   0% used [0x00000000ff200000, 0x00000000ff200000, 0x00000000ff2a0000)
 concurrent mark-sweep generation total 13696K, used 11449K [0x00000000ff2a0000, 0x0000000100000000, 0x0000000100000000)
 Metaspace       used 5073K, capacity 5258K, committed 5504K, reserved 1056768K
  class space    used 557K, capacity 597K, committed 640K, reserved 1048576K
2024-07-16T18:26:19.505+0800: 6.309: [GC (Allocation Failure) 2024-07-16T18:26:19.505+0800: 6.309: [ParNew: 5237K->4K(6144K), 0.0006818 secs] 16687K->11453K(19840K), 0.0007653 secs] [Times: user=0.00 sys=0.00, real=0.00 secs] 
Heap after GC invocations=812 (full 100):
 par new generation   total 6144K, used 4K [0x00000000fec00000, 0x00000000ff2a0000, 0x00000000ff2a0000)
  eden space 5504K,   0% used [0x00000000fec00000, 0x00000000fec00000, 0x00000000ff160000)
  from space 640K,   0% used [0x00000000ff200000, 0x00000000ff201020, 0x00000000ff2a0000)
  to   space 640K,   0% used [0x00000000ff160000, 0x00000000ff160000, 0x00000000ff200000)
 concurrent mark-sweep generation total 13696K, used 11449K [0x00000000ff2a0000, 0x0000000100000000, 0x0000000100000000)
 Metaspace       used 5073K, capacity 5258K, committed 5504K, reserved 1056768K
  class space    used 557K, capacity 597K, committed 640K, reserved 1048576K
}
{Heap before GC invocations=812 (full 100):
 par new generation   total 6144K, used 5233K [0x00000000fec00000, 0x00000000ff2a0000, 0x00000000ff2a0000)
  eden space 5504K,  95% used [0x00000000fec00000, 0x00000000ff11b780, 0x00000000ff160000)
  from space 640K,   0% used [0x00000000ff200000, 0x00000000ff201020, 0x00000000ff2a0000)
  to   space 640K,   0% used [0x00000000ff160000, 0x00000000ff160000, 0x00000000ff200000)
 concurrent mark-sweep generation total 13696K, used 11449K [0x00000000ff2a0000, 0x0000000100000000, 0x0000000100000000)
 Metaspace       used 5073K, capacity 5258K, committed 5504K, reserved 1056768K
  class space    used 557K, capacity 597K, committed 640K, reserved 1048576K
2024-07-16T18:26:19.514+0800: 6.318: [GC (Allocation Failure) 2024-07-16T18:26:19.514+0800: 6.318: [ParNew: 5233K->4K(6144K), 0.0008917 secs] 16683K->11453K(19840K), 0.0009912 secs] [Times: user=0.00 sys=0.00, real=0.00 secs] 
Heap after GC invocations=813 (full 100):
 par new generation   total 6144K, used 4K [0x00000000fec00000, 0x00000000ff2a0000, 0x00000000ff2a0000)
  eden space 5504K,   0% used [0x00000000fec00000, 0x00000000fec00000, 0x00000000ff160000)
  from space 640K,   0% used [0x00000000ff160000, 0x00000000ff161020, 0x00000000ff200000)
  to   space 640K,   0% used [0x00000000ff200000, 0x00000000ff200000, 0x00000000ff2a0000)
 concurrent mark-sweep generation total 13696K, used 11449K [0x00000000ff2a0000, 0x0000000100000000, 0x0000000100000000)
 Metaspace       used 5073K, capacity 5258K, committed 5504K, reserved 1056768K
  class space    used 557K, capacity 597K, committed 640K, reserved 1048576K
}
{Heap before GC invocations=813 (full 100):
 par new generation   total 6144K, used 5233K [0x00000000fec00000, 0x00000000ff2a0000, 0x00000000ff2a0000)
  eden space 5504K,  95% used [0x00000000fec00000, 0x00000000ff11b780, 0x00000000ff160000)
  from space 640K,   0% used [0x00000000ff160000, 0x00000000ff161020, 0x00000000ff200000)
  to   space 640K,   0% used [0x00000000ff200000, 0x00000000ff200000, 0x00000000ff2a0000)
 concurrent mark-sweep generation total 13696K, used 11449K [0x00000000ff2a0000, 0x0000000100000000, 0x0000000100000000)
 Metaspace       used 5073K, capacity 5258K, committed 5504K, reserved 1056768K
  class space    used 557K, capacity 597K, committed 640K, reserved 1048576K
2024-07-16T18:26:19.523+0800: 6.327: [GC (Allocation Failure) 2024-07-16T18:26:19.523+0800: 6.327: [ParNew: 5233K->4K(6144K), 0.0006499 secs] 16683K->11453K(19840K), 0.0007416 secs] [Times: user=0.00 sys=0.00, real=0.00 secs] 
Heap after GC invocations=814 (full 100):
 par new generation   total 6144K, used 4K [0x00000000fec00000, 0x00000000ff2a0000, 0x00000000ff2a0000)
  eden space 5504K,   0% used [0x00000000fec00000, 0x00000000fec00000, 0x00000000ff160000)
  from space 640K,   0% used [0x00000000ff200000, 0x00000000ff201020, 0x00000000ff2a0000)
  to   space 640K,   0% used [0x00000000ff160000, 0x00000000ff160000, 0x00000000ff200000)
 concurrent mark-sweep generation total 13696K, used 11449K [0x00000000ff2a0000, 0x0000000100000000, 0x0000000100000000)
 Metaspace       used 5073K, capacity 5258K, committed 5504K, reserved 1056768K
  class space    used 557K, capacity 597K, committed 640K, reserved 1048576K
}
{Heap before GC invocations=814 (full 100):
 par new generation   total 6144K, used 5233K [0x00000000fec00000, 0x00000000ff2a0000, 0x00000000ff2a0000)
  eden space 5504K,  95% used [0x00000000fec00000, 0x00000000ff11b780, 0x00000000ff160000)
  from space 640K,   0% used [0x00000000ff200000, 0x00000000ff201020, 0x00000000ff2a0000)
  to   space 640K,   0% used [0x00000000ff160000, 0x00000000ff160000, 0x00000000ff200000)
 concurrent mark-sweep generation total 13696K, used 11449K [0x00000000ff2a0000, 0x0000000100000000, 0x0000000100000000)
 Metaspace       used 5073K, capacity 5258K, committed 5504K, reserved 1056768K
  class space    used 557K, capacity 597K, committed 640K, reserved 1048576K
2024-07-16T18:26:19.532+0800: 6.336: [GC (Allocation Failure) 2024-07-16T18:26:19.532+0800: 6.336: [ParNew: 5233K->10K(6144K), 0.0004367 secs] 16683K->12483K(19840K), 0.0004763 secs] [Times: user=0.00 sys=0.00, real=0.00 secs] 
Heap after GC invocations=815 (full 100):
 par new generation   total 6144K, used 10K [0x00000000fec00000, 0x00000000ff2a0000, 0x00000000ff2a0000)
  eden space 5504K,   0% used [0x00000000fec00000, 0x00000000fec00000, 0x00000000ff160000)
  from space 640K,   1% used [0x00000000ff160000, 0x00000000ff162850, 0x00000000ff200000)
  to   space 640K,   0% used [0x00000000ff200000, 0x00000000ff200000, 0x00000000ff2a0000)
 concurrent mark-sweep generation total 13696K, used 12473K [0x00000000ff2a0000, 0x0000000100000000, 0x0000000100000000)
 Metaspace       used 5073K, capacity 5258K, committed 5504K, reserved 1056768K
  class space    used 557K, capacity 597K, committed 640K, reserved 1048576K
}
{Heap before GC invocations=815 (full 100):
 par new generation   total 6144K, used 5239K [0x00000000fec00000, 0x00000000ff2a0000, 0x00000000ff2a0000)
  eden space 5504K,  95% used [0x00000000fec00000, 0x00000000ff11b780, 0x00000000ff160000)
  from space 640K,   1% used [0x00000000ff160000, 0x00000000ff162850, 0x00000000ff200000)
  to   space 640K,   0% used [0x00000000ff200000, 0x00000000ff200000, 0x00000000ff2a0000)
 concurrent mark-sweep generation total 13696K, used 12473K [0x00000000ff2a0000, 0x0000000100000000, 0x0000000100000000)
 Metaspace       used 5073K, capacity 5258K, committed 5504K, reserved 1056768K
  class space    used 557K, capacity 597K, committed 640K, reserved 1048576K
2024-07-16T18:26:19.538+0800: 6.342: [GC (Allocation Failure) 2024-07-16T18:26:19.538+0800: 6.342: [ParNew: 5239K->5239K(6144K), 0.0000100 secs]2024-07-16T18:26:19.538+0800: 6.342: [CMS2024-07-16T18:26:19.538+0800: 6.342: [CMS-concurrent-abortable-preclean: 0.001/0.071 secs] [Times: user=0.00 sys=0.00, real=0.07 secs] 
 (concurrent mode failure): 12473K->2220K(13696K), 0.0023943 secs] 17713K->2220K(19840K), [Metaspace: 5073K->5073K(1056768K)], 0.0024480 secs] [Times: user=0.00 sys=0.00, real=0.00 secs] 
Heap after GC invocations=816 (full 101):
 par new generation   total 6144K, used 0K [0x00000000fec00000, 0x00000000ff2a0000, 0x00000000ff2a0000)
  eden space 5504K,   0% used [0x00000000fec00000, 0x00000000fec00000, 0x00000000ff160000)
  from space 640K,   0% used [0x00000000ff160000, 0x00000000ff160000, 0x00000000ff200000)
  to   space 640K,   0% used [0x00000000ff200000, 0x00000000ff200000, 0x00000000ff2a0000)
 concurrent mark-sweep generation total 13696K, used 2220K [0x00000000ff2a0000, 0x0000000100000000, 0x0000000100000000)
 Metaspace       used 5073K, capacity 5258K, committed 5504K, reserved 1056768K
  class space    used 557K, capacity 597K, committed 640K, reserved 1048576K
}
{Heap before GC invocations=816 (full 101):
 par new generation   total 6144K, used 5229K [0x00000000fec00000, 0x00000000ff2a0000, 0x00000000ff2a0000)
  eden space 5504K,  95% used [0x00000000fec00000, 0x00000000ff11b780, 0x00000000ff160000)
  from space 640K,   0% used [0x00000000ff160000, 0x00000000ff160000, 0x00000000ff200000)
  to   space 640K,   0% used [0x00000000ff200000, 0x00000000ff200000, 0x00000000ff2a0000)
 concurrent mark-sweep generation total 13696K, used 2220K [0x00000000ff2a0000, 0x0000000100000000, 0x0000000100000000)
 Metaspace       used 5073K, capacity 5258K, committed 5504K, reserved 1056768K
  class space    used 557K, capacity 597K, committed 640K, reserved 1048576K
2024-07-16T18:26:19.547+0800: 6.351: [GC (Allocation Failure) 2024-07-16T18:26:19.547+0800: 6.351: [ParNew: 5229K->6K(6144K), 0.0004706 secs] 7450K->3252K(19840K), 0.0005394 secs] [Times: user=0.00 sys=0.00, real=0.00 secs] 
Heap after GC invocations=817 (full 101):
 par new generation   total 6144K, used 6K [0x00000000fec00000, 0x00000000ff2a0000, 0x00000000ff2a0000)
  eden space 5504K,   0% used [0x00000000fec00000, 0x00000000fec00000, 0x00000000ff160000)
  from space 640K,   0% used [0x00000000ff200000, 0x00000000ff201830, 0x00000000ff2a0000)
  to   space 640K,   0% used [0x00000000ff160000, 0x00000000ff160000, 0x00000000ff200000)
 concurrent mark-sweep generation total 13696K, used 3246K [0x00000000ff2a0000, 0x0000000100000000, 0x0000000100000000)
 Metaspace       used 5073K, capacity 5258K, committed 5504K, reserved 1056768K
  class space    used 557K, capacity 597K, committed 640K, reserved 1048576K
}
{Heap before GC invocations=817 (full 101):
 par new generation   total 6144K, used 5235K [0x00000000fec00000, 0x00000000ff2a0000, 0x00000000ff2a0000)
  eden space 5504K,  95% used [0x00000000fec00000, 0x00000000ff11b780, 0x00000000ff160000)
  from space 640K,   0% used [0x00000000ff200000, 0x00000000ff201830, 0x00000000ff2a0000)
  to   space 640K,   0% used [0x00000000ff160000, 0x00000000ff160000, 0x00000000ff200000)
 concurrent mark-sweep generation total 13696K, used 3246K [0x00000000ff2a0000, 0x0000000100000000, 0x0000000100000000)
 Metaspace       used 5073K, capacity 5258K, committed 5504K, reserved 1056768K
  class space    used 557K, capacity 597K, committed 640K, reserved 1048576K
2024-07-16T18:26:19.554+0800: 6.358: [GC (Allocation Failure) 2024-07-16T18:26:19.554+0800: 6.358: [ParNew: 5235K->4K(6144K), 0.0002570 secs] 8482K->3250K(19840K), 0.0002921 secs] [Times: user=0.00 sys=0.00, real=0.00 secs] 
Heap after GC invocations=818 (full 101):
 par new generation   total 6144K, used 4K [0x00000000fec00000, 0x00000000ff2a0000, 0x00000000ff2a0000)
  eden space 5504K,   0% used [0x00000000fec00000, 0x00000000fec00000, 0x00000000ff160000)
  from space 640K,   0% used [0x00000000ff160000, 0x00000000ff161020, 0x00000000ff200000)
  to   space 640K,   0% used [0x00000000ff200000, 0x00000000ff200000, 0x00000000ff2a0000)
 concurrent mark-sweep generation total 13696K, used 3246K [0x00000000ff2a0000, 0x0000000100000000, 0x0000000100000000)
 Metaspace       used 5073K, capacity 5258K, committed 5504K, reserved 1056768K
  class space    used 557K, capacity 597K, committed 640K, reserved 1048576K
}
{Heap before GC invocations=818 (full 101):
 par new generation   total 6144K, used 5233K [0x00000000fec00000, 0x00000000ff2a0000, 0x00000000ff2a0000)
  eden space 5504K,  95% used [0x00000000fec00000, 0x00000000ff11b780, 0x00000000ff160000)
  from space 640K,   0% used [0x00000000ff160000, 0x00000000ff161020, 0x00000000ff200000)
  to   space 640K,   0% used [0x00000000ff200000, 0x00000000ff200000, 0x00000000ff2a0000)
 concurrent mark-sweep generation total 13696K, used 3246K [0x00000000ff2a0000, 0x0000000100000000, 0x0000000100000000)
 Metaspace       used 5073K, capacity 5258K, committed 5504K, reserved 1056768K
  class space    used 557K, capacity 597K, committed 640K, reserved 1048576K
2024-07-16T18:26:19.561+0800: 6.365: [GC (Allocation Failure) 2024-07-16T18:26:19.561+0800: 6.365: [ParNew: 5233K->8K(6144K), 0.0003356 secs] 8480K->4280K(19840K), 0.0003683 secs] [Times: user=0.00 sys=0.00, real=0.00 secs] 
Heap after GC invocations=819 (full 101):
 par new generation   total 6144K, used 8K [0x00000000fec00000, 0x00000000ff2a0000, 0x00000000ff2a0000)
  eden space 5504K,   0% used [0x00000000fec00000, 0x00000000fec00000, 0x00000000ff160000)
  from space 640K,   1% used [0x00000000ff200000, 0x00000000ff202040, 0x00000000ff2a0000)
  to   space 640K,   0% used [0x00000000ff160000, 0x00000000ff160000, 0x00000000ff200000)
 concurrent mark-sweep generation total 13696K, used 4272K [0x00000000ff2a0000, 0x0000000100000000, 0x0000000100000000)
 Metaspace       used 5073K, capacity 5258K, committed 5504K, reserved 1056768K
  class space    used 557K, capacity 597K, committed 640K, reserved 1048576K
}
{Heap before GC invocations=819 (full 101):
 par new generation   total 6144K, used 5237K [0x00000000fec00000, 0x00000000ff2a0000, 0x00000000ff2a0000)
  eden space 5504K,  95% used [0x00000000fec00000, 0x00000000ff11b780, 0x00000000ff160000)
  from space 640K,   1% used [0x00000000ff200000, 0x00000000ff202040, 0x00000000ff2a0000)
  to   space 640K,   0% used [0x00000000ff160000, 0x00000000ff160000, 0x00000000ff200000)
 concurrent mark-sweep generation total 13696K, used 4272K [0x00000000ff2a0000, 0x0000000100000000, 0x0000000100000000)
 Metaspace       used 5073K, capacity 5258K, committed 5504K, reserved 1056768K
  class space    used 557K, capacity 597K, committed 640K, reserved 1048576K
2024-07-16T18:26:19.569+0800: 6.373: [GC (Allocation Failure) 2024-07-16T18:26:19.569+0800: 6.373: [ParNew: 5237K->4K(6144K), 0.0003269 secs] 9510K->4276K(19840K), 0.0003671 secs] [Times: user=0.00 sys=0.00, real=0.00 secs] 
Heap after GC invocations=820 (full 101):
 par new generation   total 6144K, used 4K [0x00000000fec00000, 0x00000000ff2a0000, 0x00000000ff2a0000)
  eden space 5504K,   0% used [0x00000000fec00000, 0x00000000fec00000, 0x00000000ff160000)
  from space 640K,   0% used [0x00000000ff160000, 0x00000000ff161020, 0x00000000ff200000)
  to   space 640K,   0% used [0x00000000ff200000, 0x00000000ff200000, 0x00000000ff2a0000)
 concurrent mark-sweep generation total 13696K, used 4272K [0x00000000ff2a0000, 0x0000000100000000, 0x0000000100000000)
 Metaspace       used 5073K, capacity 5258K, committed 5504K, reserved 1056768K
  class space    used 557K, capacity 597K, committed 640K, reserved 1048576K
}
{Heap before GC invocations=820 (full 101):
 par new generation   total 6144K, used 5233K [0x00000000fec00000, 0x00000000ff2a0000, 0x00000000ff2a0000)
  eden space 5504K,  95% used [0x00000000fec00000, 0x00000000ff11b780, 0x00000000ff160000)
  from space 640K,   0% used [0x00000000ff160000, 0x00000000ff161020, 0x00000000ff200000)
  to   space 640K,   0% used [0x00000000ff200000, 0x00000000ff200000, 0x00000000ff2a0000)
 concurrent mark-sweep generation total 13696K, used 4272K [0x00000000ff2a0000, 0x0000000100000000, 0x0000000100000000)
 Metaspace       used 5073K, capacity 5258K, committed 5504K, reserved 1056768K
  class space    used 557K, capacity 597K, committed 640K, reserved 1048576K
2024-07-16T18:26:19.577+0800: 6.381: [GC (Allocation Failure) 2024-07-16T18:26:19.577+0800: 6.381: [ParNew: 5233K->4K(6144K), 0.0002679 secs] 9506K->4276K(19840K), 0.0003077 secs] [Times: user=0.00 sys=0.00, real=0.00 secs] 
Heap after GC invocations=821 (full 101):
 par new generation   total 6144K, used 4K [0x00000000fec00000, 0x00000000ff2a0000, 0x00000000ff2a0000)
  eden space 5504K,   0% used [0x00000000fec00000, 0x00000000fec00000, 0x00000000ff160000)
  from space 640K,   0% used [0x00000000ff200000, 0x00000000ff201020, 0x00000000ff2a0000)
  to   space 640K,   0% used [0x00000000ff160000, 0x00000000ff160000, 0x00000000ff200000)
 concurrent mark-sweep generation total 13696K, used 4272K [0x00000000ff2a0000, 0x0000000100000000, 0x0000000100000000)
 Metaspace       used 5073K, capacity 5258K, committed 5504K, reserved 1056768K
  class space    used 557K, capacity 597K, committed 640K, reserved 1048576K
}
{Heap before GC invocations=821 (full 101):
 par new generation   total 6144K, used 5233K [0x00000000fec00000, 0x00000000ff2a0000, 0x00000000ff2a0000)
  eden space 5504K,  95% used [0x00000000fec00000, 0x00000000ff11b780, 0x00000000ff160000)
  from space 640K,   0% used [0x00000000ff200000, 0x00000000ff201020, 0x00000000ff2a0000)
  to   space 640K,   0% used [0x00000000ff160000, 0x00000000ff160000, 0x00000000ff200000)
 concurrent mark-sweep generation total 13696K, used 4272K [0x00000000ff2a0000, 0x0000000100000000, 0x0000000100000000)
 Metaspace       used 5073K, capacity 5258K, committed 5504K, reserved 1056768K
  class space    used 557K, capacity 597K, committed 640K, reserved 1048576K
2024-07-16T18:26:19.584+0800: 6.388: [GC (Allocation Failure) 2024-07-16T18:26:19.584+0800: 6.388: [ParNew: 5233K->4K(6144K), 0.0002682 secs] 9506K->4276K(19840K), 0.0003105 secs] [Times: user=0.00 sys=0.00, real=0.00 secs] 
Heap after GC invocations=822 (full 101):
 par new generation   total 6144K, used 4K [0x00000000fec00000, 0x00000000ff2a0000, 0x00000000ff2a0000)
  eden space 5504K,   0% used [0x00000000fec00000, 0x00000000fec00000, 0x00000000ff160000)
  from space 640K,   0% used [0x00000000ff160000, 0x00000000ff161020, 0x00000000ff200000)
  to   space 640K,   0% used [0x00000000ff200000, 0x00000000ff200000, 0x00000000ff2a0000)
 concurrent mark-sweep generation total 13696K, used 4272K [0x00000000ff2a0000, 0x0000000100000000, 0x0000000100000000)
 Metaspace       used 5073K, capacity 5258K, committed 5504K, reserved 1056768K
  class space    used 557K, capacity 597K, committed 640K, reserved 1048576K
}
{Heap before GC invocations=822 (full 101):
 par new generation   total 6144K, used 5233K [0x00000000fec00000, 0x00000000ff2a0000, 0x00000000ff2a0000)
  eden space 5504K,  95% used [0x00000000fec00000, 0x00000000ff11b780, 0x00000000ff160000)
  from space 640K,   0% used [0x00000000ff160000, 0x00000000ff161020, 0x00000000ff200000)
  to   space 640K,   0% used [0x00000000ff200000, 0x00000000ff200000, 0x00000000ff2a0000)
 concurrent mark-sweep generation total 13696K, used 4272K [0x00000000ff2a0000, 0x0000000100000000, 0x0000000100000000)
 Metaspace       used 5073K, capacity 5258K, committed 5504K, reserved 1056768K
  class space    used 557K, capacity 597K, committed 640K, reserved 1048576K
2024-07-16T18:26:19.590+0800: 6.394: [GC (Allocation Failure) 2024-07-16T18:26:19.590+0800: 6.394: [ParNew: 5233K->4K(6144K), 0.0002569 secs] 9506K->4276K(19840K), 0.0002922 secs] [Times: user=0.00 sys=0.00, real=0.00 secs] 
Heap after GC invocations=823 (full 101):
 par new generation   total 6144K, used 4K [0x00000000fec00000, 0x00000000ff2a0000, 0x00000000ff2a0000)
  eden space 5504K,   0% used [0x00000000fec00000, 0x00000000fec00000, 0x00000000ff160000)
  from space 640K,   0% used [0x00000000ff200000, 0x00000000ff201020, 0x00000000ff2a0000)
  to   space 640K,   0% used [0x00000000ff160000, 0x00000000ff160000, 0x00000000ff200000)
 concurrent mark-sweep generation total 13696K, used 4272K [0x00000000ff2a0000, 0x0000000100000000, 0x0000000100000000)
 Metaspace       used 5073K, capacity 5258K, committed 5504K, reserved 1056768K
  class space    used 557K, capacity 597K, committed 640K, reserved 1048576K
}
{Heap before GC invocations=823 (full 101):
 par new generation   total 6144K, used 5233K [0x00000000fec00000, 0x00000000ff2a0000, 0x00000000ff2a0000)
  eden space 5504K,  95% used [0x00000000fec00000, 0x00000000ff11b780, 0x00000000ff160000)
  from space 640K,   0% used [0x00000000ff200000, 0x00000000ff201020, 0x00000000ff2a0000)
  to   space 640K,   0% used [0x00000000ff160000, 0x00000000ff160000, 0x00000000ff200000)
 concurrent mark-sweep generation total 13696K, used 4272K [0x00000000ff2a0000, 0x0000000100000000, 0x0000000100000000)
 Metaspace       used 5073K, capacity 5258K, committed 5504K, reserved 1056768K
  class space    used 557K, capacity 597K, committed 640K, reserved 1048576K
2024-07-16T18:26:19.597+0800: 6.401: [GC (Allocation Failure) 2024-07-16T18:26:19.597+0800: 6.401: [ParNew: 5233K->10K(6144K), 0.0003574 secs] 9506K->5309K(19840K), 0.0003965 secs] [Times: user=0.00 sys=0.00, real=0.00 secs] 
Heap after GC invocations=824 (full 101):
 par new generation   total 6144K, used 10K [0x00000000fec00000, 0x00000000ff2a0000, 0x00000000ff2a0000)
  eden space 5504K,   0% used [0x00000000fec00000, 0x00000000fec00000, 0x00000000ff160000)
  from space 640K,   1% used [0x00000000ff160000, 0x00000000ff162850, 0x00000000ff200000)
  to   space 640K,   0% used [0x00000000ff200000, 0x00000000ff200000, 0x00000000ff2a0000)
 concurrent mark-sweep generation total 13696K, used 5298K [0x00000000ff2a0000, 0x0000000100000000, 0x0000000100000000)
 Metaspace       used 5073K, capacity 5258K, committed 5504K, reserved 1056768K
  class space    used 557K, capacity 597K, committed 640K, reserved 1048576K
}
{Heap before GC invocations=824 (full 101):
 par new generation   total 6144K, used 5239K [0x00000000fec00000, 0x00000000ff2a0000, 0x00000000ff2a0000)
  eden space 5504K,  95% used [0x00000000fec00000, 0x00000000ff11b780, 0x00000000ff160000)
  from space 640K,   1% used [0x00000000ff160000, 0x00000000ff162850, 0x00000000ff200000)
  to   space 640K,   0% used [0x00000000ff200000, 0x00000000ff200000, 0x00000000ff2a0000)
 concurrent mark-sweep generation total 13696K, used 5298K [0x00000000ff2a0000, 0x0000000100000000, 0x0000000100000000)
 Metaspace       used 5073K, capacity 5258K, committed 5504K, reserved 1056768K
  class space    used 557K, capacity 597K, committed 640K, reserved 1048576K
2024-07-16T18:26:19.605+0800: 6.409: [GC (Allocation Failure) 2024-07-16T18:26:19.605+0800: 6.409: [ParNew: 5239K->4K(6144K), 0.0003328 secs] 10538K->5302K(19840K), 0.0003808 secs] [Times: user=0.00 sys=0.00, real=0.00 secs] 
Heap after GC invocations=825 (full 101):
 par new generation   total 6144K, used 4K [0x00000000fec00000, 0x00000000ff2a0000, 0x00000000ff2a0000)
  eden space 5504K,   0% used [0x00000000fec00000, 0x00000000fec00000, 0x00000000ff160000)
  from space 640K,   0% used [0x00000000ff200000, 0x00000000ff201020, 0x00000000ff2a0000)
  to   space 640K,   0% used [0x00000000ff160000, 0x00000000ff160000, 0x00000000ff200000)
 concurrent mark-sweep generation total 13696K, used 5298K [0x00000000ff2a0000, 0x0000000100000000, 0x0000000100000000)
 Metaspace       used 5073K, capacity 5258K, committed 5504K, reserved 1056768K
  class space    used 557K, capacity 597K, committed 640K, reserved 1048576K
}
{Heap before GC invocations=825 (full 101):
 par new generation   total 6144K, used 5233K [0x00000000fec00000, 0x00000000ff2a0000, 0x00000000ff2a0000)
  eden space 5504K,  95% used [0x00000000fec00000, 0x00000000ff11b780, 0x00000000ff160000)
  from space 640K,   0% used [0x00000000ff200000, 0x00000000ff201020, 0x00000000ff2a0000)
  to   space 640K,   0% used [0x00000000ff160000, 0x00000000ff160000, 0x00000000ff200000)
 concurrent mark-sweep generation total 13696K, used 5298K [0x00000000ff2a0000, 0x0000000100000000, 0x0000000100000000)
 Metaspace       used 5073K, capacity 5258K, committed 5504K, reserved 1056768K
  class space    used 557K, capacity 597K, committed 640K, reserved 1048576K
2024-07-16T18:26:19.613+0800: 6.417: [GC (Allocation Failure) 2024-07-16T18:26:19.613+0800: 6.417: [ParNew: 5233K->10K(6144K), 0.0003696 secs] 10532K->6335K(19840K), 0.0004173 secs] [Times: user=0.00 sys=0.00, real=0.00 secs] 
Heap after GC invocations=826 (full 101):
 par new generation   total 6144K, used 10K [0x00000000fec00000, 0x00000000ff2a0000, 0x00000000ff2a0000)
  eden space 5504K,   0% used [0x00000000fec00000, 0x00000000fec00000, 0x00000000ff160000)
  from space 640K,   1% used [0x00000000ff160000, 0x00000000ff162850, 0x00000000ff200000)
  to   space 640K,   0% used [0x00000000ff200000, 0x00000000ff200000, 0x00000000ff2a0000)
 concurrent mark-sweep generation total 13696K, used 6325K [0x00000000ff2a0000, 0x0000000100000000, 0x0000000100000000)
 Metaspace       used 5073K, capacity 5258K, committed 5504K, reserved 1056768K
  class space    used 557K, capacity 597K, committed 640K, reserved 1048576K
}
{Heap before GC invocations=826 (full 101):
 par new generation   total 6144K, used 5239K [0x00000000fec00000, 0x00000000ff2a0000, 0x00000000ff2a0000)
  eden space 5504K,  95% used [0x00000000fec00000, 0x00000000ff11b780, 0x00000000ff160000)
  from space 640K,   1% used [0x00000000ff160000, 0x00000000ff162850, 0x00000000ff200000)
  to   space 640K,   0% used [0x00000000ff200000, 0x00000000ff200000, 0x00000000ff2a0000)
 concurrent mark-sweep generation total 13696K, used 6325K [0x00000000ff2a0000, 0x0000000100000000, 0x0000000100000000)
 Metaspace       used 5073K, capacity 5258K, committed 5504K, reserved 1056768K
  class space    used 557K, capacity 597K, committed 640K, reserved 1048576K
2024-07-16T18:26:19.621+0800: 6.425: [GC (Allocation Failure) 2024-07-16T18:26:19.621+0800: 6.425: [ParNew: 5239K->2K(6144K), 0.0002643 secs] 11564K->6327K(19840K), 0.0002975 secs] [Times: user=0.00 sys=0.00, real=0.00 secs] 
Heap after GC invocations=827 (full 101):
 par new generation   total 6144K, used 2K [0x00000000fec00000, 0x00000000ff2a0000, 0x00000000ff2a0000)
  eden space 5504K,   0% used [0x00000000fec00000, 0x00000000fec00000, 0x00000000ff160000)
  from space 640K,   0% used [0x00000000ff200000, 0x00000000ff200810, 0x00000000ff2a0000)
  to   space 640K,   0% used [0x00000000ff160000, 0x00000000ff160000, 0x00000000ff200000)
 concurrent mark-sweep generation total 13696K, used 6325K [0x00000000ff2a0000, 0x0000000100000000, 0x0000000100000000)
 Metaspace       used 5073K, capacity 5258K, committed 5504K, reserved 1056768K
  class space    used 557K, capacity 597K, committed 640K, reserved 1048576K
}
{Heap before GC invocations=827 (full 101):
 par new generation   total 6144K, used 5231K [0x00000000fec00000, 0x00000000ff2a0000, 0x00000000ff2a0000)
  eden space 5504K,  95% used [0x00000000fec00000, 0x00000000ff11b780, 0x00000000ff160000)
  from space 640K,   0% used [0x00000000ff200000, 0x00000000ff200810, 0x00000000ff2a0000)
  to   space 640K,   0% used [0x00000000ff160000, 0x00000000ff160000, 0x00000000ff200000)
 concurrent mark-sweep generation total 13696K, used 6325K [0x00000000ff2a0000, 0x0000000100000000, 0x0000000100000000)
 Metaspace       used 5073K, capacity 5258K, committed 5504K, reserved 1056768K
  class space    used 557K, capacity 597K, committed 640K, reserved 1048576K
2024-07-16T18:26:19.627+0800: 6.431: [GC (Allocation Failure) 2024-07-16T18:26:19.627+0800: 6.431: [ParNew: 5231K->4K(6144K), 0.0002592 secs] 11556K->6329K(19840K), 0.0002934 secs] [Times: user=0.00 sys=0.00, real=0.00 secs] 
Heap after GC invocations=828 (full 101):
 par new generation   total 6144K, used 4K [0x00000000fec00000, 0x00000000ff2a0000, 0x00000000ff2a0000)
  eden space 5504K,   0% used [0x00000000fec00000, 0x00000000fec00000, 0x00000000ff160000)
  from space 640K,   0% used [0x00000000ff160000, 0x00000000ff161020, 0x00000000ff200000)
  to   space 640K,   0% used [0x00000000ff200000, 0x00000000ff200000, 0x00000000ff2a0000)
 concurrent mark-sweep generation total 13696K, used 6325K [0x00000000ff2a0000, 0x0000000100000000, 0x0000000100000000)
 Metaspace       used 5073K, capacity 5258K, committed 5504K, reserved 1056768K
  class space    used 557K, capacity 597K, committed 640K, reserved 1048576K
}
{Heap before GC invocations=828 (full 101):
 par new generation   total 6144K, used 5233K [0x00000000fec00000, 0x00000000ff2a0000, 0x00000000ff2a0000)
  eden space 5504K,  95% used [0x00000000fec00000, 0x00000000ff11b780, 0x00000000ff160000)
  from space 640K,   0% used [0x00000000ff160000, 0x00000000ff161020, 0x00000000ff200000)
  to   space 640K,   0% used [0x00000000ff200000, 0x00000000ff200000, 0x00000000ff2a0000)
 concurrent mark-sweep generation total 13696K, used 6325K [0x00000000ff2a0000, 0x0000000100000000, 0x0000000100000000)
 Metaspace       used 5073K, capacity 5258K, committed 5504K, reserved 1056768K
  class space    used 557K, capacity 597K, committed 640K, reserved 1048576K
2024-07-16T18:26:19.633+0800: 6.437: [GC (Allocation Failure) 2024-07-16T18:26:19.633+0800: 6.437: [ParNew: 5233K->6K(6144K), 0.0005380 secs] 11558K->7357K(19840K), 0.0005953 secs] [Times: user=0.00 sys=0.00, real=0.00 secs] 
Heap after GC invocations=829 (full 101):
 par new generation   total 6144K, used 6K [0x00000000fec00000, 0x00000000ff2a0000, 0x00000000ff2a0000)
  eden space 5504K,   0% used [0x00000000fec00000, 0x00000000fec00000, 0x00000000ff160000)
  from space 640K,   0% used [0x00000000ff200000, 0x00000000ff201830, 0x00000000ff2a0000)
  to   space 640K,   0% used [0x00000000ff160000, 0x00000000ff160000, 0x00000000ff200000)
 concurrent mark-sweep generation total 13696K, used 7351K [0x00000000ff2a0000, 0x0000000100000000, 0x0000000100000000)
 Metaspace       used 5073K, capacity 5258K, committed 5504K, reserved 1056768K
  class space    used 557K, capacity 597K, committed 640K, reserved 1048576K
}
{Heap before GC invocations=829 (full 101):
 par new generation   total 6144K, used 5235K [0x00000000fec00000, 0x00000000ff2a0000, 0x00000000ff2a0000)
  eden space 5504K,  95% used [0x00000000fec00000, 0x00000000ff11b780, 0x00000000ff160000)
  from space 640K,   0% used [0x00000000ff200000, 0x00000000ff201830, 0x00000000ff2a0000)
  to   space 640K,   0% used [0x00000000ff160000, 0x00000000ff160000, 0x00000000ff200000)
 concurrent mark-sweep generation total 13696K, used 7351K [0x00000000ff2a0000, 0x0000000100000000, 0x0000000100000000)
 Metaspace       used 5073K, capacity 5258K, committed 5504K, reserved 1056768K
  class space    used 557K, capacity 597K, committed 640K, reserved 1048576K
2024-07-16T18:26:19.640+0800: 6.444: [GC (Allocation Failure) 2024-07-16T18:26:19.640+0800: 6.444: [ParNew: 5235K->2K(6144K), 0.0002463 secs] 12586K->7353K(19840K), 0.0002726 secs] [Times: user=0.00 sys=0.00, real=0.00 secs] 
Heap after GC invocations=830 (full 101):
 par new generation   total 6144K, used 2K [0x00000000fec00000, 0x00000000ff2a0000, 0x00000000ff2a0000)
  eden space 5504K,   0% used [0x00000000fec00000, 0x00000000fec00000, 0x00000000ff160000)
  from space 640K,   0% used [0x00000000ff160000, 0x00000000ff160810, 0x00000000ff200000)
  to   space 640K,   0% used [0x00000000ff200000, 0x00000000ff200000, 0x00000000ff2a0000)
 concurrent mark-sweep generation total 13696K, used 7351K [0x00000000ff2a0000, 0x0000000100000000, 0x0000000100000000)
 Metaspace       used 5073K, capacity 5258K, committed 5504K, reserved 1056768K
  class space    used 557K, capacity 597K, committed 640K, reserved 1048576K
}
{Heap before GC invocations=830 (full 101):
 par new generation   total 6144K, used 5231K [0x00000000fec00000, 0x00000000ff2a0000, 0x00000000ff2a0000)
  eden space 5504K,  95% used [0x00000000fec00000, 0x00000000ff11b780, 0x00000000ff160000)
  from space 640K,   0% used [0x00000000ff160000, 0x00000000ff160810, 0x00000000ff200000)
  to   space 640K,   0% used [0x00000000ff200000, 0x00000000ff200000, 0x00000000ff2a0000)
 concurrent mark-sweep generation total 13696K, used 7351K [0x00000000ff2a0000, 0x0000000100000000, 0x0000000100000000)
 Metaspace       used 5073K, capacity 5258K, committed 5504K, reserved 1056768K
  class space    used 557K, capacity 597K, committed 640K, reserved 1048576K
2024-07-16T18:26:19.648+0800: 6.452: [GC (Allocation Failure) 2024-07-16T18:26:19.648+0800: 6.452: [ParNew: 5231K->4K(6144K), 0.0003039 secs] 12582K->7355K(19840K), 0.0003390 secs] [Times: user=0.00 sys=0.00, real=0.00 secs] 
Heap after GC invocations=831 (full 101):
 par new generation   total 6144K, used 4K [0x00000000fec00000, 0x00000000ff2a0000, 0x00000000ff2a0000)
  eden space 5504K,   0% used [0x00000000fec00000, 0x00000000fec00000, 0x00000000ff160000)
  from space 640K,   0% used [0x00000000ff200000, 0x00000000ff201020, 0x00000000ff2a0000)
  to   space 640K,   0% used [0x00000000ff160000, 0x00000000ff160000, 0x00000000ff200000)
 concurrent mark-sweep generation total 13696K, used 7351K [0x00000000ff2a0000, 0x0000000100000000, 0x0000000100000000)
 Metaspace       used 5073K, capacity 5258K, committed 5504K, reserved 1056768K
  class space    used 557K, capacity 597K, committed 640K, reserved 1048576K
}
{Heap before GC invocations=831 (full 101):
 par new generation   total 6144K, used 5233K [0x00000000fec00000, 0x00000000ff2a0000, 0x00000000ff2a0000)
  eden space 5504K,  95% used [0x00000000fec00000, 0x00000000ff11b780, 0x00000000ff160000)
  from space 640K,   0% used [0x00000000ff200000, 0x00000000ff201020, 0x00000000ff2a0000)
  to   space 640K,   0% used [0x00000000ff160000, 0x00000000ff160000, 0x00000000ff200000)
 concurrent mark-sweep generation total 13696K, used 7351K [0x00000000ff2a0000, 0x0000000100000000, 0x0000000100000000)
 Metaspace       used 5073K, capacity 5258K, committed 5504K, reserved 1056768K
  class space    used 557K, capacity 597K, committed 640K, reserved 1048576K
2024-07-16T18:26:19.655+0800: 6.459: [GC (Allocation Failure) 2024-07-16T18:26:19.655+0800: 6.459: [ParNew: 5233K->2K(6144K), 0.0003083 secs] 12584K->7353K(19840K), 0.0003580 secs] [Times: user=0.00 sys=0.00, real=0.00 secs] 
Heap after GC invocations=832 (full 101):
 par new generation   total 6144K, used 2K [0x00000000fec00000, 0x00000000ff2a0000, 0x00000000ff2a0000)
  eden space 5504K,   0% used [0x00000000fec00000, 0x00000000fec00000, 0x00000000ff160000)
  from space 640K,   0% used [0x00000000ff160000, 0x00000000ff160810, 0x00000000ff200000)
  to   space 640K,   0% used [0x00000000ff200000, 0x00000000ff200000, 0x00000000ff2a0000)
 concurrent mark-sweep generation total 13696K, used 7351K [0x00000000ff2a0000, 0x0000000100000000, 0x0000000100000000)
 Metaspace       used 5073K, capacity 5258K, committed 5504K, reserved 1056768K
  class space    used 557K, capacity 597K, committed 640K, reserved 1048576K
}
{Heap before GC invocations=832 (full 101):
 par new generation   total 6144K, used 5231K [0x00000000fec00000, 0x00000000ff2a0000, 0x00000000ff2a0000)
  eden space 5504K,  95% used [0x00000000fec00000, 0x00000000ff11b780, 0x00000000ff160000)
  from space 640K,   0% used [0x00000000ff160000, 0x00000000ff160810, 0x00000000ff200000)
  to   space 640K,   0% used [0x00000000ff200000, 0x00000000ff200000, 0x00000000ff2a0000)
 concurrent mark-sweep generation total 13696K, used 7351K [0x00000000ff2a0000, 0x0000000100000000, 0x0000000100000000)
 Metaspace       used 5073K, capacity 5258K, committed 5504K, reserved 1056768K
  class space    used 557K, capacity 597K, committed 640K, reserved 1048576K
2024-07-16T18:26:19.661+0800: 6.465: [GC (Allocation Failure) 2024-07-16T18:26:19.661+0800: 6.465: [ParNew: 5231K->6K(6144K), 0.0003723 secs] 12582K->8383K(19840K), 0.0004012 secs] [Times: user=0.00 sys=0.00, real=0.00 secs] 
Heap after GC invocations=833 (full 101):
 par new generation   total 6144K, used 6K [0x00000000fec00000, 0x00000000ff2a0000, 0x00000000ff2a0000)
  eden space 5504K,   0% used [0x00000000fec00000, 0x00000000fec00000, 0x00000000ff160000)
  from space 640K,   0% used [0x00000000ff200000, 0x00000000ff201830, 0x00000000ff2a0000)
  to   space 640K,   0% used [0x00000000ff160000, 0x00000000ff160000, 0x00000000ff200000)
 concurrent mark-sweep generation total 13696K, used 8377K [0x00000000ff2a0000, 0x0000000100000000, 0x0000000100000000)
 Metaspace       used 5073K, capacity 5258K, committed 5504K, reserved 1056768K
  class space    used 557K, capacity 597K, committed 640K, reserved 1048576K
}
2024-07-16T18:26:19.661+0800: 6.465: [GC (CMS Initial Mark) [1 CMS-initial-mark: 8377K(13696K)] 9407K(19840K), 0.0001016 secs] [Times: user=0.00 sys=0.00, real=0.00 secs] 
2024-07-16T18:26:19.661+0800: 6.465: [CMS-concurrent-mark-start]
2024-07-16T18:26:19.663+0800: 6.467: [CMS-concurrent-mark: 0.001/0.001 secs] [Times: user=0.00 sys=0.00, real=0.00 secs] 
2024-07-16T18:26:19.663+0800: 6.467: [CMS-concurrent-preclean-start]
2024-07-16T18:26:19.663+0800: 6.467: [CMS-concurrent-preclean: 0.000/0.000 secs] [Times: user=0.00 sys=0.00, real=0.00 secs] 
2024-07-16T18:26:19.663+0800: 6.467: [CMS-concurrent-abortable-preclean-start]
{Heap before GC invocations=833 (full 102):
 par new generation   total 6144K, used 5235K [0x00000000fec00000, 0x00000000ff2a0000, 0x00000000ff2a0000)
  eden space 5504K,  95% used [0x00000000fec00000, 0x00000000ff11b780, 0x00000000ff160000)
  from space 640K,   0% used [0x00000000ff200000, 0x00000000ff201830, 0x00000000ff2a0000)
  to   space 640K,   0% used [0x00000000ff160000, 0x00000000ff160000, 0x00000000ff200000)
 concurrent mark-sweep generation total 13696K, used 8377K [0x00000000ff2a0000, 0x0000000100000000, 0x0000000100000000)
 Metaspace       used 5073K, capacity 5258K, committed 5504K, reserved 1056768K
  class space    used 557K, capacity 597K, committed 640K, reserved 1048576K
2024-07-16T18:26:19.668+0800: 6.472: [GC (Allocation Failure) 2024-07-16T18:26:19.668+0800: 6.472: [ParNew: 5235K->8K(6144K), 0.0003580 secs] 13613K->9411K(19840K), 0.0003856 secs] [Times: user=0.00 sys=0.00, real=0.00 secs] 
Heap after GC invocations=834 (full 102):
 par new generation   total 6144K, used 8K [0x00000000fec00000, 0x00000000ff2a0000, 0x00000000ff2a0000)
  eden space 5504K,   0% used [0x00000000fec00000, 0x00000000fec00000, 0x00000000ff160000)
  from space 640K,   1% used [0x00000000ff160000, 0x00000000ff162040, 0x00000000ff200000)
  to   space 640K,   0% used [0x00000000ff200000, 0x00000000ff200000, 0x00000000ff2a0000)
 concurrent mark-sweep generation total 13696K, used 9403K [0x00000000ff2a0000, 0x0000000100000000, 0x0000000100000000)
 Metaspace       used 5073K, capacity 5258K, committed 5504K, reserved 1056768K
  class space    used 557K, capacity 597K, committed 640K, reserved 1048576K
}
{Heap before GC invocations=834 (full 102):
 par new generation   total 6144K, used 5237K [0x00000000fec00000, 0x00000000ff2a0000, 0x00000000ff2a0000)
  eden space 5504K,  95% used [0x00000000fec00000, 0x00000000ff11b780, 0x00000000ff160000)
  from space 640K,   1% used [0x00000000ff160000, 0x00000000ff162040, 0x00000000ff200000)
  to   space 640K,   0% used [0x00000000ff200000, 0x00000000ff200000, 0x00000000ff2a0000)
 concurrent mark-sweep generation total 13696K, used 9403K [0x00000000ff2a0000, 0x0000000100000000, 0x0000000100000000)
 Metaspace       used 5073K, capacity 5258K, committed 5504K, reserved 1056768K
  class space    used 557K, capacity 597K, committed 640K, reserved 1048576K
2024-07-16T18:26:19.675+0800: 6.479: [GC (Allocation Failure) 2024-07-16T18:26:19.675+0800: 6.479: [ParNew: 5237K->4K(6144K), 0.0002720 secs] 14641K->9407K(19840K), 0.0002955 secs] [Times: user=0.00 sys=0.00, real=0.00 secs] 
Heap after GC invocations=835 (full 102):
 par new generation   total 6144K, used 4K [0x00000000fec00000, 0x00000000ff2a0000, 0x00000000ff2a0000)
  eden space 5504K,   0% used [0x00000000fec00000, 0x00000000fec00000, 0x00000000ff160000)
  from space 640K,   0% used [0x00000000ff200000, 0x00000000ff201020, 0x00000000ff2a0000)
  to   space 640K,   0% used [0x00000000ff160000, 0x00000000ff160000, 0x00000000ff200000)
 concurrent mark-sweep generation total 13696K, used 9403K [0x00000000ff2a0000, 0x0000000100000000, 0x0000000100000000)
 Metaspace       used 5073K, capacity 5258K, committed 5504K, reserved 1056768K
  class space    used 557K, capacity 597K, committed 640K, reserved 1048576K
}
{Heap before GC invocations=835 (full 102):
 par new generation   total 6144K, used 5233K [0x00000000fec00000, 0x00000000ff2a0000, 0x00000000ff2a0000)
  eden space 5504K,  95% used [0x00000000fec00000, 0x00000000ff11b780, 0x00000000ff160000)
  from space 640K,   0% used [0x00000000ff200000, 0x00000000ff201020, 0x00000000ff2a0000)
  to   space 640K,   0% used [0x00000000ff160000, 0x00000000ff160000, 0x00000000ff200000)
 concurrent mark-sweep generation total 13696K, used 9403K [0x00000000ff2a0000, 0x0000000100000000, 0x0000000100000000)
 Metaspace       used 5073K, capacity 5258K, committed 5504K, reserved 1056768K
  class space    used 557K, capacity 597K, committed 640K, reserved 1048576K
2024-07-16T18:26:19.682+0800: 6.486: [GC (Allocation Failure) 2024-07-16T18:26:19.682+0800: 6.486: [ParNew: 5233K->10K(6144K), 0.0004242 secs] 14637K->10439K(19840K), 0.0004638 secs] [Times: user=0.00 sys=0.00, real=0.00 secs] 
Heap after GC invocations=836 (full 102):
 par new generation   total 6144K, used 10K [0x00000000fec00000, 0x00000000ff2a0000, 0x00000000ff2a0000)
  eden space 5504K,   0% used [0x00000000fec00000, 0x00000000fec00000, 0x00000000ff160000)
  from space 640K,   1% used [0x00000000ff160000, 0x00000000ff162850, 0x00000000ff200000)
  to   space 640K,   0% used [0x00000000ff200000, 0x00000000ff200000, 0x00000000ff2a0000)
 concurrent mark-sweep generation total 13696K, used 10429K [0x00000000ff2a0000, 0x0000000100000000, 0x0000000100000000)
 Metaspace       used 5073K, capacity 5258K, committed 5504K, reserved 1056768K
  class space    used 557K, capacity 597K, committed 640K, reserved 1048576K
}
{Heap before GC invocations=836 (full 102):
 par new generation   total 6144K, used 5239K [0x00000000fec00000, 0x00000000ff2a0000, 0x00000000ff2a0000)
  eden space 5504K,  95% used [0x00000000fec00000, 0x00000000ff11b780, 0x00000000ff160000)
  from space 640K,   1% used [0x00000000ff160000, 0x00000000ff162850, 0x00000000ff200000)
  to   space 640K,   0% used [0x00000000ff200000, 0x00000000ff200000, 0x00000000ff2a0000)
 concurrent mark-sweep generation total 13696K, used 10429K [0x00000000ff2a0000, 0x0000000100000000, 0x0000000100000000)
 Metaspace       used 5073K, capacity 5258K, committed 5504K, reserved 1056768K
  class space    used 557K, capacity 597K, committed 640K, reserved 1048576K
2024-07-16T18:26:19.690+0800: 6.494: [GC (Allocation Failure) 2024-07-16T18:26:19.690+0800: 6.494: [ParNew: 5239K->6K(6144K), 0.0006342 secs] 15669K->11459K(19840K), 0.0007116 secs] [Times: user=0.00 sys=0.00, real=0.00 secs] 
Heap after GC invocations=837 (full 102):
 par new generation   total 6144K, used 6K [0x00000000fec00000, 0x00000000ff2a0000, 0x00000000ff2a0000)
  eden space 5504K,   0% used [0x00000000fec00000, 0x00000000fec00000, 0x00000000ff160000)
  from space 640K,   0% used [0x00000000ff200000, 0x00000000ff201830, 0x00000000ff2a0000)
  to   space 640K,   0% used [0x00000000ff160000, 0x00000000ff160000, 0x00000000ff200000)
 concurrent mark-sweep generation total 13696K, used 11453K [0x00000000ff2a0000, 0x0000000100000000, 0x0000000100000000)
 Metaspace       used 5073K, capacity 5258K, committed 5504K, reserved 1056768K
  class space    used 557K, capacity 597K, committed 640K, reserved 1048576K
}
{Heap before GC invocations=837 (full 102):
 par new generation   total 6144K, used 5235K [0x00000000fec00000, 0x00000000ff2a0000, 0x00000000ff2a0000)
  eden space 5504K,  95% used [0x00000000fec00000, 0x00000000ff11b780, 0x00000000ff160000)
  from space 640K,   0% used [0x00000000ff200000, 0x00000000ff201830, 0x00000000ff2a0000)
  to   space 640K,   0% used [0x00000000ff160000, 0x00000000ff160000, 0x00000000ff200000)
 concurrent mark-sweep generation total 13696K, used 11453K [0x00000000ff2a0000, 0x0000000100000000, 0x0000000100000000)
 Metaspace       used 5073K, capacity 5258K, committed 5504K, reserved 1056768K
  class space    used 557K, capacity 597K, committed 640K, reserved 1048576K
2024-07-16T18:26:19.698+0800: 6.502: [GC (Allocation Failure) 2024-07-16T18:26:19.698+0800: 6.502: [ParNew: 5235K->10K(6144K), 0.0005202 secs] 16689K->12487K(19840K), 0.0005690 secs] [Times: user=0.00 sys=0.00, real=0.00 secs] 
Heap after GC invocations=838 (full 102):
 par new generation   total 6144K, used 10K [0x00000000fec00000, 0x00000000ff2a0000, 0x00000000ff2a0000)
  eden space 5504K,   0% used [0x00000000fec00000, 0x00000000fec00000, 0x00000000ff160000)
  from space 640K,   1% used [0x00000000ff160000, 0x00000000ff162850, 0x00000000ff200000)
  to   space 640K,   0% used [0x00000000ff200000, 0x00000000ff200000, 0x00000000ff2a0000)
 concurrent mark-sweep generation total 13696K, used 12477K [0x00000000ff2a0000, 0x0000000100000000, 0x0000000100000000)
 Metaspace       used 5073K, capacity 5258K, committed 5504K, reserved 1056768K
  class space    used 557K, capacity 597K, committed 640K, reserved 1048576K
}
{Heap before GC invocations=838 (full 102):
 par new generation   total 6144K, used 5239K [0x00000000fec00000, 0x00000000ff2a0000, 0x00000000ff2a0000)
  eden space 5504K,  95% used [0x00000000fec00000, 0x00000000ff11b780, 0x00000000ff160000)
  from space 640K,   1% used [0x00000000ff160000, 0x00000000ff162850, 0x00000000ff200000)
  to   space 640K,   0% used [0x00000000ff200000, 0x00000000ff200000, 0x00000000ff2a0000)
 concurrent mark-sweep generation total 13696K, used 12477K [0x00000000ff2a0000, 0x0000000100000000, 0x0000000100000000)
 Metaspace       used 5073K, capacity 5258K, committed 5504K, reserved 1056768K
  class space    used 557K, capacity 597K, committed 640K, reserved 1048576K
2024-07-16T18:26:19.705+0800: 6.509: [GC (Allocation Failure) 2024-07-16T18:26:19.705+0800: 6.509: [ParNew: 5239K->5239K(6144K), 0.0000112 secs]2024-07-16T18:26:19.705+0800: 6.509: [CMS2024-07-16T18:26:19.705+0800: 6.509: [CMS-concurrent-abortable-preclean: 0.000/0.042 secs] [Times: user=0.00 sys=0.00, real=0.04 secs] 
 (concurrent mode failure): 12477K->1196K(13696K), 0.0022851 secs] 17717K->1196K(19840K), [Metaspace: 5073K->5073K(1056768K)], 0.0023764 secs] [Times: user=0.02 sys=0.00, real=0.00 secs] 
Heap after GC invocations=839 (full 103):
 par new generation   total 6144K, used 0K [0x00000000fec00000, 0x00000000ff2a0000, 0x00000000ff2a0000)
  eden space 5504K,   0% used [0x00000000fec00000, 0x00000000fec00000, 0x00000000ff160000)
  from space 640K,   0% used [0x00000000ff160000, 0x00000000ff160000, 0x00000000ff200000)
  to   space 640K,   0% used [0x00000000ff200000, 0x00000000ff200000, 0x00000000ff2a0000)
 concurrent mark-sweep generation total 13696K, used 1196K [0x00000000ff2a0000, 0x0000000100000000, 0x0000000100000000)
 Metaspace       used 5073K, capacity 5258K, committed 5504K, reserved 1056768K
  class space    used 557K, capacity 597K, committed 640K, reserved 1048576K
}
{Heap before GC invocations=839 (full 103):
 par new generation   total 6144K, used 5229K [0x00000000fec00000, 0x00000000ff2a0000, 0x00000000ff2a0000)
  eden space 5504K,  95% used [0x00000000fec00000, 0x00000000ff11b780, 0x00000000ff160000)
  from space 640K,   0% used [0x00000000ff160000, 0x00000000ff160000, 0x00000000ff200000)
  to   space 640K,   0% used [0x00000000ff200000, 0x00000000ff200000, 0x00000000ff2a0000)
 concurrent mark-sweep generation total 13696K, used 1196K [0x00000000ff2a0000, 0x0000000100000000, 0x0000000100000000)
 Metaspace       used 5073K, capacity 5258K, committed 5504K, reserved 1056768K
  class space    used 557K, capacity 597K, committed 640K, reserved 1048576K
2024-07-16T18:26:19.713+0800: 6.517: [GC (Allocation Failure) 2024-07-16T18:26:19.713+0800: 6.517: [ParNew: 5229K->8K(6144K), 0.0003869 secs] 6426K->2230K(19840K), 0.0004163 secs] [Times: user=0.00 sys=0.00, real=0.00 secs] 
Heap after GC invocations=840 (full 103):
 par new generation   total 6144K, used 8K [0x00000000fec00000, 0x00000000ff2a0000, 0x00000000ff2a0000)
  eden space 5504K,   0% used [0x00000000fec00000, 0x00000000fec00000, 0x00000000ff160000)
  from space 640K,   1% used [0x00000000ff200000, 0x00000000ff202040, 0x00000000ff2a0000)
  to   space 640K,   0% used [0x00000000ff160000, 0x00000000ff160000, 0x00000000ff200000)
 concurrent mark-sweep generation total 13696K, used 2222K [0x00000000ff2a0000, 0x0000000100000000, 0x0000000100000000)
 Metaspace       used 5073K, capacity 5258K, committed 5504K, reserved 1056768K
  class space    used 557K, capacity 597K, committed 640K, reserved 1048576K
}
{Heap before GC invocations=840 (full 103):
 par new generation   total 6144K, used 5237K [0x00000000fec00000, 0x00000000ff2a0000, 0x00000000ff2a0000)
  eden space 5504K,  95% used [0x00000000fec00000, 0x00000000ff11b780, 0x00000000ff160000)
  from space 640K,   1% used [0x00000000ff200000, 0x00000000ff202040, 0x00000000ff2a0000)
  to   space 640K,   0% used [0x00000000ff160000, 0x00000000ff160000, 0x00000000ff200000)
 concurrent mark-sweep generation total 13696K, used 2222K [0x00000000ff2a0000, 0x0000000100000000, 0x0000000100000000)
 Metaspace       used 5073K, capacity 5258K, committed 5504K, reserved 1056768K
  class space    used 557K, capacity 597K, committed 640K, reserved 1048576K
2024-07-16T18:26:19.720+0800: 6.524: [GC (Allocation Failure) 2024-07-16T18:26:19.720+0800: 6.524: [ParNew: 5237K->8K(6144K), 0.0006956 secs] 7460K->3256K(19840K), 0.0008078 secs] [Times: user=0.00 sys=0.00, real=0.00 secs] 
Heap after GC invocations=841 (full 103):
 par new generation   total 6144K, used 8K [0x00000000fec00000, 0x00000000ff2a0000, 0x00000000ff2a0000)
  eden space 5504K,   0% used [0x00000000fec00000, 0x00000000fec00000, 0x00000000ff160000)
  from space 640K,   1% used [0x00000000ff160000, 0x00000000ff162040, 0x00000000ff200000)
  to   space 640K,   0% used [0x00000000ff200000, 0x00000000ff200000, 0x00000000ff2a0000)
 concurrent mark-sweep generation total 13696K, used 3248K [0x00000000ff2a0000, 0x0000000100000000, 0x0000000100000000)
 Metaspace       used 5073K, capacity 5258K, committed 5504K, reserved 1056768K
  class space    used 557K, capacity 597K, committed 640K, reserved 1048576K
}
{Heap before GC invocations=841 (full 103):
 par new generation   total 6144K, used 5237K [0x00000000fec00000, 0x00000000ff2a0000, 0x00000000ff2a0000)
  eden space 5504K,  95% used [0x00000000fec00000, 0x00000000ff11b780, 0x00000000ff160000)
  from space 640K,   1% used [0x00000000ff160000, 0x00000000ff162040, 0x00000000ff200000)
  to   space 640K,   0% used [0x00000000ff200000, 0x00000000ff200000, 0x00000000ff2a0000)
 concurrent mark-sweep generation total 13696K, used 3248K [0x00000000ff2a0000, 0x0000000100000000, 0x0000000100000000)
 Metaspace       used 5073K, capacity 5258K, committed 5504K, reserved 1056768K
  class space    used 557K, capacity 597K, committed 640K, reserved 1048576K
2024-07-16T18:26:19.730+0800: 6.534: [GC (Allocation Failure) 2024-07-16T18:26:19.730+0800: 6.534: [ParNew: 5237K->6K(6144K), 0.0007493 secs] 8486K->4280K(19840K), 0.0008268 secs] [Times: user=0.00 sys=0.00, real=0.00 secs] 
Heap after GC invocations=842 (full 103):
 par new generation   total 6144K, used 6K [0x00000000fec00000, 0x00000000ff2a0000, 0x00000000ff2a0000)
  eden space 5504K,   0% used [0x00000000fec00000, 0x00000000fec00000, 0x00000000ff160000)
  from space 640K,   0% used [0x00000000ff200000, 0x00000000ff201830, 0x00000000ff2a0000)
  to   space 640K,   0% used [0x00000000ff160000, 0x00000000ff160000, 0x00000000ff200000)
 concurrent mark-sweep generation total 13696K, used 4274K [0x00000000ff2a0000, 0x0000000100000000, 0x0000000100000000)
 Metaspace       used 5073K, capacity 5258K, committed 5504K, reserved 1056768K
  class space    used 557K, capacity 597K, committed 640K, reserved 1048576K
}
{Heap before GC invocations=842 (full 103):
 par new generation   total 6144K, used 5235K [0x00000000fec00000, 0x00000000ff2a0000, 0x00000000ff2a0000)
  eden space 5504K,  95% used [0x00000000fec00000, 0x00000000ff11b780, 0x00000000ff160000)
  from space 640K,   0% used [0x00000000ff200000, 0x00000000ff201830, 0x00000000ff2a0000)
  to   space 640K,   0% used [0x00000000ff160000, 0x00000000ff160000, 0x00000000ff200000)
 concurrent mark-sweep generation total 13696K, used 4274K [0x00000000ff2a0000, 0x0000000100000000, 0x0000000100000000)
 Metaspace       used 5073K, capacity 5258K, committed 5504K, reserved 1056768K
  class space    used 557K, capacity 597K, committed 640K, reserved 1048576K
2024-07-16T18:26:19.740+0800: 6.543: [GC (Allocation Failure) 2024-07-16T18:26:19.740+0800: 6.543: [ParNew: 5235K->4K(6144K), 0.0004935 secs] 9510K->4278K(19840K), 0.0005570 secs] [Times: user=0.00 sys=0.00, real=0.00 secs] 
Heap after GC invocations=843 (full 103):
 par new generation   total 6144K, used 4K [0x00000000fec00000, 0x00000000ff2a0000, 0x00000000ff2a0000)
  eden space 5504K,   0% used [0x00000000fec00000, 0x00000000fec00000, 0x00000000ff160000)
  from space 640K,   0% used [0x00000000ff160000, 0x00000000ff161020, 0x00000000ff200000)
  to   space 640K,   0% used [0x00000000ff200000, 0x00000000ff200000, 0x00000000ff2a0000)
 concurrent mark-sweep generation total 13696K, used 4274K [0x00000000ff2a0000, 0x0000000100000000, 0x0000000100000000)
 Metaspace       used 5073K, capacity 5258K, committed 5504K, reserved 1056768K
  class space    used 557K, capacity 597K, committed 640K, reserved 1048576K
}
{Heap before GC invocations=843 (full 103):
 par new generation   total 6144K, used 5233K [0x00000000fec00000, 0x00000000ff2a0000, 0x00000000ff2a0000)
  eden space 5504K,  95% used [0x00000000fec00000, 0x00000000ff11b780, 0x00000000ff160000)
  from space 640K,   0% used [0x00000000ff160000, 0x00000000ff161020, 0x00000000ff200000)
  to   space 640K,   0% used [0x00000000ff200000, 0x00000000ff200000, 0x00000000ff2a0000)
 concurrent mark-sweep generation total 13696K, used 4274K [0x00000000ff2a0000, 0x0000000100000000, 0x0000000100000000)
 Metaspace       used 5073K, capacity 5258K, committed 5504K, reserved 1056768K
  class space    used 557K, capacity 597K, committed 640K, reserved 1048576K
2024-07-16T18:26:19.748+0800: 6.552: [GC (Allocation Failure) 2024-07-16T18:26:19.748+0800: 6.552: [ParNew: 5233K->4K(6144K), 0.0002507 secs] 9508K->4278K(19840K), 0.0003256 secs] [Times: user=0.00 sys=0.00, real=0.00 secs] 
Heap after GC invocations=844 (full 103):
 par new generation   total 6144K, used 4K [0x00000000fec00000, 0x00000000ff2a0000, 0x00000000ff2a0000)
  eden space 5504K,   0% used [0x00000000fec00000, 0x00000000fec00000, 0x00000000ff160000)
  from space 640K,   0% used [0x00000000ff200000, 0x00000000ff201020, 0x00000000ff2a0000)
  to   space 640K,   0% used [0x00000000ff160000, 0x00000000ff160000, 0x00000000ff200000)
 concurrent mark-sweep generation total 13696K, used 4274K [0x00000000ff2a0000, 0x0000000100000000, 0x0000000100000000)
 Metaspace       used 5073K, capacity 5258K, committed 5504K, reserved 1056768K
  class space    used 557K, capacity 597K, committed 640K, reserved 1048576K
}
{Heap before GC invocations=844 (full 103):
 par new generation   total 6144K, used 5233K [0x00000000fec00000, 0x00000000ff2a0000, 0x00000000ff2a0000)
  eden space 5504K,  95% used [0x00000000fec00000, 0x00000000ff11b780, 0x00000000ff160000)
  from space 640K,   0% used [0x00000000ff200000, 0x00000000ff201020, 0x00000000ff2a0000)
  to   space 640K,   0% used [0x00000000ff160000, 0x00000000ff160000, 0x00000000ff200000)
 concurrent mark-sweep generation total 13696K, used 4274K [0x00000000ff2a0000, 0x0000000100000000, 0x0000000100000000)
 Metaspace       used 5073K, capacity 5258K, committed 5504K, reserved 1056768K
  class space    used 557K, capacity 597K, committed 640K, reserved 1048576K
2024-07-16T18:26:19.756+0800: 6.560: [GC (Allocation Failure) 2024-07-16T18:26:19.756+0800: 6.560: [ParNew: 5233K->4K(6144K), 0.0002785 secs] 9508K->4278K(19840K), 0.0003168 secs] [Times: user=0.00 sys=0.00, real=0.00 secs] 
Heap after GC invocations=845 (full 103):
 par new generation   total 6144K, used 4K [0x00000000fec00000, 0x00000000ff2a0000, 0x00000000ff2a0000)
  eden space 5504K,   0% used [0x00000000fec00000, 0x00000000fec00000, 0x00000000ff160000)
  from space 640K,   0% used [0x00000000ff160000, 0x00000000ff161020, 0x00000000ff200000)
  to   space 640K,   0% used [0x00000000ff200000, 0x00000000ff200000, 0x00000000ff2a0000)
 concurrent mark-sweep generation total 13696K, used 4274K [0x00000000ff2a0000, 0x0000000100000000, 0x0000000100000000)
 Metaspace       used 5073K, capacity 5258K, committed 5504K, reserved 1056768K
  class space    used 557K, capacity 597K, committed 640K, reserved 1048576K
}
{Heap before GC invocations=845 (full 103):
 par new generation   total 6144K, used 5233K [0x00000000fec00000, 0x00000000ff2a0000, 0x00000000ff2a0000)
  eden space 5504K,  95% used [0x00000000fec00000, 0x00000000ff11b780, 0x00000000ff160000)
  from space 640K,   0% used [0x00000000ff160000, 0x00000000ff161020, 0x00000000ff200000)
  to   space 640K,   0% used [0x00000000ff200000, 0x00000000ff200000, 0x00000000ff2a0000)
 concurrent mark-sweep generation total 13696K, used 4274K [0x00000000ff2a0000, 0x0000000100000000, 0x0000000100000000)
 Metaspace       used 5073K, capacity 5258K, committed 5504K, reserved 1056768K
  class space    used 557K, capacity 597K, committed 640K, reserved 1048576K
2024-07-16T18:26:19.763+0800: 6.567: [GC (Allocation Failure) 2024-07-16T18:26:19.763+0800: 6.567: [ParNew: 5233K->4K(6144K), 0.0007884 secs] 9508K->4278K(19840K), 0.0008981 secs] [Times: user=0.00 sys=0.00, real=0.00 secs] 
Heap after GC invocations=846 (full 103):
 par new generation   total 6144K, used 4K [0x00000000fec00000, 0x00000000ff2a0000, 0x00000000ff2a0000)
  eden space 5504K,   0% used [0x00000000fec00000, 0x00000000fec00000, 0x00000000ff160000)
  from space 640K,   0% used [0x00000000ff200000, 0x00000000ff201020, 0x00000000ff2a0000)
  to   space 640K,   0% used [0x00000000ff160000, 0x00000000ff160000, 0x00000000ff200000)
 concurrent mark-sweep generation total 13696K, used 4274K [0x00000000ff2a0000, 0x0000000100000000, 0x0000000100000000)
 Metaspace       used 5073K, capacity 5258K, committed 5504K, reserved 1056768K
  class space    used 557K, capacity 597K, committed 640K, reserved 1048576K
}
{Heap before GC invocations=846 (full 103):
 par new generation   total 6144K, used 5233K [0x00000000fec00000, 0x00000000ff2a0000, 0x00000000ff2a0000)
  eden space 5504K,  95% used [0x00000000fec00000, 0x00000000ff11b780, 0x00000000ff160000)
  from space 640K,   0% used [0x00000000ff200000, 0x00000000ff201020, 0x00000000ff2a0000)
  to   space 640K,   0% used [0x00000000ff160000, 0x00000000ff160000, 0x00000000ff200000)
 concurrent mark-sweep generation total 13696K, used 4274K [0x00000000ff2a0000, 0x0000000100000000, 0x0000000100000000)
 Metaspace       used 5073K, capacity 5258K, committed 5504K, reserved 1056768K
  class space    used 557K, capacity 597K, committed 640K, reserved 1048576K
2024-07-16T18:26:19.772+0800: 6.576: [GC (Allocation Failure) 2024-07-16T18:26:19.772+0800: 6.576: [ParNew: 5233K->8K(6144K), 0.0004530 secs] 9508K->5306K(19840K), 0.0005064 secs] [Times: user=0.00 sys=0.00, real=0.00 secs] 
Heap after GC invocations=847 (full 103):
 par new generation   total 6144K, used 8K [0x00000000fec00000, 0x00000000ff2a0000, 0x00000000ff2a0000)
  eden space 5504K,   0% used [0x00000000fec00000, 0x00000000fec00000, 0x00000000ff160000)
  from space 640K,   1% used [0x00000000ff160000, 0x00000000ff162040, 0x00000000ff200000)
  to   space 640K,   0% used [0x00000000ff200000, 0x00000000ff200000, 0x00000000ff2a0000)
 concurrent mark-sweep generation total 13696K, used 5298K [0x00000000ff2a0000, 0x0000000100000000, 0x0000000100000000)
 Metaspace       used 5073K, capacity 5258K, committed 5504K, reserved 1056768K
  class space    used 557K, capacity 597K, committed 640K, reserved 1048576K
}
{Heap before GC invocations=847 (full 103):
 par new generation   total 6144K, used 5237K [0x00000000fec00000, 0x00000000ff2a0000, 0x00000000ff2a0000)
  eden space 5504K,  95% used [0x00000000fec00000, 0x00000000ff11b780, 0x00000000ff160000)
  from space 640K,   1% used [0x00000000ff160000, 0x00000000ff162040, 0x00000000ff200000)
  to   space 640K,   0% used [0x00000000ff200000, 0x00000000ff200000, 0x00000000ff2a0000)
 concurrent mark-sweep generation total 13696K, used 5298K [0x00000000ff2a0000, 0x0000000100000000, 0x0000000100000000)
 Metaspace       used 5073K, capacity 5258K, committed 5504K, reserved 1056768K
  class space    used 557K, capacity 597K, committed 640K, reserved 1048576K
2024-07-16T18:26:19.780+0800: 6.584: [GC (Allocation Failure) 2024-07-16T18:26:19.780+0800: 6.584: [ParNew: 5237K->4K(6144K), 0.0002460 secs] 10536K->5302K(19840K), 0.0002746 secs] [Times: user=0.00 sys=0.00, real=0.00 secs] 
Heap after GC invocations=848 (full 103):
 par new generation   total 6144K, used 4K [0x00000000fec00000, 0x00000000ff2a0000, 0x00000000ff2a0000)
  eden space 5504K,   0% used [0x00000000fec00000, 0x00000000fec00000, 0x00000000ff160000)
  from space 640K,   0% used [0x00000000ff200000, 0x00000000ff201020, 0x00000000ff2a0000)
  to   space 640K,   0% used [0x00000000ff160000, 0x00000000ff160000, 0x00000000ff200000)
 concurrent mark-sweep generation total 13696K, used 5298K [0x00000000ff2a0000, 0x0000000100000000, 0x0000000100000000)
 Metaspace       used 5073K, capacity 5258K, committed 5504K, reserved 1056768K
  class space    used 557K, capacity 597K, committed 640K, reserved 1048576K
}
{Heap before GC invocations=848 (full 103):
 par new generation   total 6144K, used 5233K [0x00000000fec00000, 0x00000000ff2a0000, 0x00000000ff2a0000)
  eden space 5504K,  95% used [0x00000000fec00000, 0x00000000ff11b780, 0x00000000ff160000)
  from space 640K,   0% used [0x00000000ff200000, 0x00000000ff201020, 0x00000000ff2a0000)
  to   space 640K,   0% used [0x00000000ff160000, 0x00000000ff160000, 0x00000000ff200000)
 concurrent mark-sweep generation total 13696K, used 5298K [0x00000000ff2a0000, 0x0000000100000000, 0x0000000100000000)
 Metaspace       used 5073K, capacity 5258K, committed 5504K, reserved 1056768K
  class space    used 557K, capacity 597K, committed 640K, reserved 1048576K
2024-07-16T18:26:19.788+0800: 6.592: [GC (Allocation Failure) 2024-07-16T18:26:19.788+0800: 6.592: [ParNew: 5233K->4K(6144K), 0.0002597 secs] 10532K->5302K(19840K), 0.0003004 secs] [Times: user=0.00 sys=0.00, real=0.00 secs] 
Heap after GC invocations=849 (full 103):
 par new generation   total 6144K, used 4K [0x00000000fec00000, 0x00000000ff2a0000, 0x00000000ff2a0000)
  eden space 5504K,   0% used [0x00000000fec00000, 0x00000000fec00000, 0x00000000ff160000)
  from space 640K,   0% used [0x00000000ff160000, 0x00000000ff161020, 0x00000000ff200000)
  to   space 640K,   0% used [0x00000000ff200000, 0x00000000ff200000, 0x00000000ff2a0000)
 concurrent mark-sweep generation total 13696K, used 5298K [0x00000000ff2a0000, 0x0000000100000000, 0x0000000100000000)
 Metaspace       used 5073K, capacity 5258K, committed 5504K, reserved 1056768K
  class space    used 557K, capacity 597K, committed 640K, reserved 1048576K
}
{Heap before GC invocations=849 (full 103):
 par new generation   total 6144K, used 5233K [0x00000000fec00000, 0x00000000ff2a0000, 0x00000000ff2a0000)
  eden space 5504K,  95% used [0x00000000fec00000, 0x00000000ff11b780, 0x00000000ff160000)
  from space 640K,   0% used [0x00000000ff160000, 0x00000000ff161020, 0x00000000ff200000)
  to   space 640K,   0% used [0x00000000ff200000, 0x00000000ff200000, 0x00000000ff2a0000)
 concurrent mark-sweep generation total 13696K, used 5298K [0x00000000ff2a0000, 0x0000000100000000, 0x0000000100000000)
 Metaspace       used 5073K, capacity 5258K, committed 5504K, reserved 1056768K
  class space    used 557K, capacity 597K, committed 640K, reserved 1048576K
2024-07-16T18:26:19.795+0800: 6.599: [GC (Allocation Failure) 2024-07-16T18:26:19.795+0800: 6.599: [ParNew: 5233K->8K(6144K), 0.0003985 secs] 10532K->6330K(19840K), 0.0004640 secs] [Times: user=0.00 sys=0.00, real=0.00 secs] 
Heap after GC invocations=850 (full 103):
 par new generation   total 6144K, used 8K [0x00000000fec00000, 0x00000000ff2a0000, 0x00000000ff2a0000)
  eden space 5504K,   0% used [0x00000000fec00000, 0x00000000fec00000, 0x00000000ff160000)
  from space 640K,   1% used [0x00000000ff200000, 0x00000000ff202040, 0x00000000ff2a0000)
  to   space 640K,   0% used [0x00000000ff160000, 0x00000000ff160000, 0x00000000ff200000)
 concurrent mark-sweep generation total 13696K, used 6322K [0x00000000ff2a0000, 0x0000000100000000, 0x0000000100000000)
 Metaspace       used 5073K, capacity 5258K, committed 5504K, reserved 1056768K
  class space    used 557K, capacity 597K, committed 640K, reserved 1048576K
}
{Heap before GC invocations=850 (full 103):
 par new generation   total 6144K, used 5237K [0x00000000fec00000, 0x00000000ff2a0000, 0x00000000ff2a0000)
  eden space 5504K,  95% used [0x00000000fec00000, 0x00000000ff11b780, 0x00000000ff160000)
  from space 640K,   1% used [0x00000000ff200000, 0x00000000ff202040, 0x00000000ff2a0000)
  to   space 640K,   0% used [0x00000000ff160000, 0x00000000ff160000, 0x00000000ff200000)
 concurrent mark-sweep generation total 13696K, used 6322K [0x00000000ff2a0000, 0x0000000100000000, 0x0000000100000000)
 Metaspace       used 5073K, capacity 5258K, committed 5504K, reserved 1056768K
  class space    used 557K, capacity 597K, committed 640K, reserved 1048576K
2024-07-16T18:26:19.802+0800: 6.606: [GC (Allocation Failure) 2024-07-16T18:26:19.802+0800: 6.606: [ParNew: 5237K->6K(6144K), 0.0003829 secs] 11560K->7352K(19840K), 0.0004408 secs] [Times: user=0.00 sys=0.00, real=0.00 secs] 
Heap after GC invocations=851 (full 103):
 par new generation   total 6144K, used 6K [0x00000000fec00000, 0x00000000ff2a0000, 0x00000000ff2a0000)
  eden space 5504K,   0% used [0x00000000fec00000, 0x00000000fec00000, 0x00000000ff160000)
  from space 640K,   0% used [0x00000000ff160000, 0x00000000ff161830, 0x00000000ff200000)
  to   space 640K,   0% used [0x00000000ff200000, 0x00000000ff200000, 0x00000000ff2a0000)
 concurrent mark-sweep generation total 13696K, used 7346K [0x00000000ff2a0000, 0x0000000100000000, 0x0000000100000000)
 Metaspace       used 5073K, capacity 5258K, committed 5504K, reserved 1056768K
  class space    used 557K, capacity 597K, committed 640K, reserved 1048576K
}
{Heap before GC invocations=851 (full 103):
 par new generation   total 6144K, used 5235K [0x00000000fec00000, 0x00000000ff2a0000, 0x00000000ff2a0000)
  eden space 5504K,  95% used [0x00000000fec00000, 0x00000000ff11b780, 0x00000000ff160000)
  from space 640K,   0% used [0x00000000ff160000, 0x00000000ff161830, 0x00000000ff200000)
  to   space 640K,   0% used [0x00000000ff200000, 0x00000000ff200000, 0x00000000ff2a0000)
 concurrent mark-sweep generation total 13696K, used 7346K [0x00000000ff2a0000, 0x0000000100000000, 0x0000000100000000)
 Metaspace       used 5073K, capacity 5258K, committed 5504K, reserved 1056768K
  class space    used 557K, capacity 597K, committed 640K, reserved 1048576K
2024-07-16T18:26:19.810+0800: 6.614: [GC (Allocation Failure) 2024-07-16T18:26:19.810+0800: 6.614: [ParNew: 5235K->28K(6144K), 0.0014567 secs] 12582K->8399K(19840K), 0.0015780 secs] [Times: user=0.00 sys=0.00, real=0.00 secs] 
Heap after GC invocations=852 (full 103):
 par new generation   total 6144K, used 28K [0x00000000fec00000, 0x00000000ff2a0000, 0x00000000ff2a0000)
  eden space 5504K,   0% used [0x00000000fec00000, 0x00000000fec00000, 0x00000000ff160000)
  from space 640K,   4% used [0x00000000ff200000, 0x00000000ff2071c8, 0x00000000ff2a0000)
  to   space 640K,   0% used [0x00000000ff160000, 0x00000000ff160000, 0x00000000ff200000)
 concurrent mark-sweep generation total 13696K, used 8370K [0x00000000ff2a0000, 0x0000000100000000, 0x0000000100000000)
 Metaspace       used 5073K, capacity 5258K, committed 5504K, reserved 1056768K
  class space    used 557K, capacity 597K, committed 640K, reserved 1048576K
}
2024-07-16T18:26:19.812+0800: 6.616: [GC (CMS Initial Mark) [1 CMS-initial-mark: 8370K(13696K)] 9425K(19840K), 0.0004917 secs] [Times: user=0.00 sys=0.00, real=0.00 secs] 
2024-07-16T18:26:19.812+0800: 6.616: [CMS-concurrent-mark-start]
2024-07-16T18:26:19.817+0800: 6.620: [CMS-concurrent-mark: 0.004/0.004 secs] [Times: user=0.05 sys=0.00, real=0.00 secs] 
2024-07-16T18:26:19.817+0800: 6.621: [CMS-concurrent-preclean-start]
2024-07-16T18:26:19.817+0800: 6.621: [CMS-concurrent-preclean: 0.000/0.000 secs] [Times: user=0.00 sys=0.00, real=0.00 secs] 
2024-07-16T18:26:19.817+0800: 6.621: [CMS-concurrent-abortable-preclean-start]
{Heap before GC invocations=852 (full 104):
 par new generation   total 6144K, used 5258K [0x00000000fec00000, 0x00000000ff2a0000, 0x00000000ff2a0000)
  eden space 5504K,  95% used [0x00000000fec00000, 0x00000000ff11b780, 0x00000000ff160000)
  from space 640K,   4% used [0x00000000ff200000, 0x00000000ff2071c8, 0x00000000ff2a0000)
  to   space 640K,   0% used [0x00000000ff160000, 0x00000000ff160000, 0x00000000ff200000)
 concurrent mark-sweep generation total 13696K, used 8370K [0x00000000ff2a0000, 0x0000000100000000, 0x0000000100000000)
 Metaspace       used 5073K, capacity 5258K, committed 5504K, reserved 1056768K
  class space    used 557K, capacity 597K, committed 640K, reserved 1048576K
2024-07-16T18:26:19.821+0800: 6.625: [GC (Allocation Failure) 2024-07-16T18:26:19.821+0800: 6.625: [ParNew: 5258K->28K(6144K), 0.0002972 secs] 13629K->8399K(19840K), 0.0003275 secs] [Times: user=0.00 sys=0.00, real=0.00 secs] 
Heap after GC invocations=853 (full 104):
 par new generation   total 6144K, used 28K [0x00000000fec00000, 0x00000000ff2a0000, 0x00000000ff2a0000)
  eden space 5504K,   0% used [0x00000000fec00000, 0x00000000fec00000, 0x00000000ff160000)
  from space 640K,   4% used [0x00000000ff160000, 0x00000000ff1671c8, 0x00000000ff200000)
  to   space 640K,   0% used [0x00000000ff200000, 0x00000000ff200000, 0x00000000ff2a0000)
 concurrent mark-sweep generation total 13696K, used 8370K [0x00000000ff2a0000, 0x0000000100000000, 0x0000000100000000)
 Metaspace       used 5073K, capacity 5258K, committed 5504K, reserved 1056768K
  class space    used 557K, capacity 597K, committed 640K, reserved 1048576K
}
{Heap before GC invocations=853 (full 104):
 par new generation   total 6144K, used 5258K [0x00000000fec00000, 0x00000000ff2a0000, 0x00000000ff2a0000)
  eden space 5504K,  95% used [0x00000000fec00000, 0x00000000ff11b838, 0x00000000ff160000)
  from space 640K,   4% used [0x00000000ff160000, 0x00000000ff1671c8, 0x00000000ff200000)
  to   space 640K,   0% used [0x00000000ff200000, 0x00000000ff200000, 0x00000000ff2a0000)
 concurrent mark-sweep generation total 13696K, used 8370K [0x00000000ff2a0000, 0x0000000100000000, 0x0000000100000000)
 Metaspace       used 5073K, capacity 5258K, committed 5504K, reserved 1056768K
  class space    used 557K, capacity 597K, committed 640K, reserved 1048576K
2024-07-16T18:26:19.827+0800: 6.631: [GC (Allocation Failure) 2024-07-16T18:26:19.827+0800: 6.631: [ParNew: 5258K->28K(6144K), 0.0006821 secs] 13629K->9425K(19840K), 0.0007518 secs] [Times: user=0.00 sys=0.00, real=0.00 secs] 
Heap after GC invocations=854 (full 104):
 par new generation   total 6144K, used 28K [0x00000000fec00000, 0x00000000ff2a0000, 0x00000000ff2a0000)
  eden space 5504K,   0% used [0x00000000fec00000, 0x00000000fec00000, 0x00000000ff160000)
  from space 640K,   4% used [0x00000000ff200000, 0x00000000ff2071c8, 0x00000000ff2a0000)
  to   space 640K,   0% used [0x00000000ff160000, 0x00000000ff160000, 0x00000000ff200000)
 concurrent mark-sweep generation total 13696K, used 9396K [0x00000000ff2a0000, 0x0000000100000000, 0x0000000100000000)
 Metaspace       used 5073K, capacity 5258K, committed 5504K, reserved 1056768K
  class space    used 557K, capacity 597K, committed 640K, reserved 1048576K
}
{Heap before GC invocations=854 (full 104):
 par new generation   total 6144K, used 5258K [0x00000000fec00000, 0x00000000ff2a0000, 0x00000000ff2a0000)
  eden space 5504K,  95% used [0x00000000fec00000, 0x00000000ff11b7f0, 0x00000000ff160000)
  from space 640K,   4% used [0x00000000ff200000, 0x00000000ff2071c8, 0x00000000ff2a0000)
  to   space 640K,   0% used [0x00000000ff160000, 0x00000000ff160000, 0x00000000ff200000)
 concurrent mark-sweep generation total 13696K, used 9396K [0x00000000ff2a0000, 0x0000000100000000, 0x0000000100000000)
 Metaspace       used 5073K, capacity 5258K, committed 5504K, reserved 1056768K
  class space    used 557K, capacity 597K, committed 640K, reserved 1048576K
2024-07-16T18:26:19.835+0800: 6.639: [GC (Allocation Failure) 2024-07-16T18:26:19.835+0800: 6.639: [ParNew: 5258K->32K(6144K), 0.0004285 secs] 14655K->10453K(19840K), 0.0004623 secs] [Times: user=0.00 sys=0.00, real=0.00 secs] 
Heap after GC invocations=855 (full 104):
 par new generation   total 6144K, used 32K [0x00000000fec00000, 0x00000000ff2a0000, 0x00000000ff2a0000)
  eden space 5504K,   0% used [0x00000000fec00000, 0x00000000fec00000, 0x00000000ff160000)
  from space 640K,   5% used [0x00000000ff160000, 0x00000000ff1681e8, 0x00000000ff200000)
  to   space 640K,   0% used [0x00000000ff200000, 0x00000000ff200000, 0x00000000ff2a0000)
 concurrent mark-sweep generation total 13696K, used 10420K [0x00000000ff2a0000, 0x0000000100000000, 0x0000000100000000)
 Metaspace       used 5073K, capacity 5258K, committed 5504K, reserved 1056768K
  class space    used 557K, capacity 597K, committed 640K, reserved 1048576K
}
{Heap before GC invocations=855 (full 104):
 par new generation   total 6144K, used 5262K [0x00000000fec00000, 0x00000000ff2a0000, 0x00000000ff2a0000)
  eden space 5504K,  95% used [0x00000000fec00000, 0x00000000ff11b7c8, 0x00000000ff160000)
  from space 640K,   5% used [0x00000000ff160000, 0x00000000ff1681e8, 0x00000000ff200000)
  to   space 640K,   0% used [0x00000000ff200000, 0x00000000ff200000, 0x00000000ff2a0000)
 concurrent mark-sweep generation total 13696K, used 10420K [0x00000000ff2a0000, 0x0000000100000000, 0x0000000100000000)
 Metaspace       used 5073K, capacity 5258K, committed 5504K, reserved 1056768K
  class space    used 557K, capacity 597K, committed 640K, reserved 1048576K
2024-07-16T18:26:19.842+0800: 6.646: [GC (Allocation Failure) 2024-07-16T18:26:19.842+0800: 6.646: [ParNew: 5262K->34K(6144K), 0.0006714 secs] 15683K->12503K(19840K), 0.0007239 secs] [Times: user=0.00 sys=0.00, real=0.00 secs] 
Heap after GC invocations=856 (full 104):
 par new generation   total 6144K, used 34K [0x00000000fec00000, 0x00000000ff2a0000, 0x00000000ff2a0000)
  eden space 5504K,   0% used [0x00000000fec00000, 0x00000000fec00000, 0x00000000ff160000)
  from space 640K,   5% used [0x00000000ff200000, 0x00000000ff2089f8, 0x00000000ff2a0000)
  to   space 640K,   0% used [0x00000000ff160000, 0x00000000ff160000, 0x00000000ff200000)
 concurrent mark-sweep generation total 13696K, used 12468K [0x00000000ff2a0000, 0x0000000100000000, 0x0000000100000000)
 Metaspace       used 5073K, capacity 5258K, committed 5504K, reserved 1056768K
  class space    used 557K, capacity 597K, committed 640K, reserved 1048576K
}
{Heap before GC invocations=856 (full 104):
 par new generation   total 6144K, used 5264K [0x00000000fec00000, 0x00000000ff2a0000, 0x00000000ff2a0000)
  eden space 5504K,  95% used [0x00000000fec00000, 0x00000000ff11b7b0, 0x00000000ff160000)
  from space 640K,   5% used [0x00000000ff200000, 0x00000000ff2089f8, 0x00000000ff2a0000)
  to   space 640K,   0% used [0x00000000ff160000, 0x00000000ff160000, 0x00000000ff200000)
 concurrent mark-sweep generation total 13696K, used 12468K [0x00000000ff2a0000, 0x0000000100000000, 0x0000000100000000)
 Metaspace       used 5073K, capacity 5258K, committed 5504K, reserved 1056768K
  class space    used 557K, capacity 597K, committed 640K, reserved 1048576K
2024-07-16T18:26:19.851+0800: 6.655: [GC (Allocation Failure) 2024-07-16T18:26:19.851+0800: 6.655: [ParNew: 5264K->5264K(6144K), 0.0000109 secs]2024-07-16T18:26:19.851+0800: 6.655: [CMS2024-07-16T18:26:19.851+0800: 6.655: [CMS-concurrent-abortable-preclean: 0.000/0.034 secs] [Times: user=0.00 sys=0.00, real=0.03 secs] 
 (concurrent mode failure): 12468K->1204K(13696K), 0.0023013 secs] 17733K->1204K(19840K), [Metaspace: 5073K->5073K(1056768K)], 0.0023541 secs] [Times: user=0.00 sys=0.00, real=0.00 secs] 
Heap after GC invocations=857 (full 105):
 par new generation   total 6144K, used 0K [0x00000000fec00000, 0x00000000ff2a0000, 0x00000000ff2a0000)
  eden space 5504K,   0% used [0x00000000fec00000, 0x00000000fec00000, 0x00000000ff160000)
  from space 640K,   0% used [0x00000000ff200000, 0x00000000ff200000, 0x00000000ff2a0000)
  to   space 640K,   0% used [0x00000000ff160000, 0x00000000ff160000, 0x00000000ff200000)
 concurrent mark-sweep generation total 13696K, used 1204K [0x00000000ff2a0000, 0x0000000100000000, 0x0000000100000000)
 Metaspace       used 5073K, capacity 5258K, committed 5504K, reserved 1056768K
  class space    used 557K, capacity 597K, committed 640K, reserved 1048576K
}
{Heap before GC invocations=857 (full 105):
 par new generation   total 6144K, used 5229K [0x00000000fec00000, 0x00000000ff2a0000, 0x00000000ff2a0000)
  eden space 5504K,  95% used [0x00000000fec00000, 0x00000000ff11b798, 0x00000000ff160000)
  from space 640K,   0% used [0x00000000ff200000, 0x00000000ff200000, 0x00000000ff2a0000)
  to   space 640K,   0% used [0x00000000ff160000, 0x00000000ff160000, 0x00000000ff200000)
 concurrent mark-sweep generation total 13696K, used 1204K [0x00000000ff2a0000, 0x0000000100000000, 0x0000000100000000)
 Metaspace       used 5073K, capacity 5258K, committed 5504K, reserved 1056768K
  class space    used 557K, capacity 597K, committed 640K, reserved 1048576K
2024-07-16T18:26:19.860+0800: 6.664: [GC (Allocation Failure) 2024-07-16T18:26:19.860+0800: 6.664: [ParNew: 5229K->8K(6144K), 0.0003832 secs] 6434K->2238K(19840K), 0.0004116 secs] [Times: user=0.00 sys=0.00, real=0.00 secs] 
Heap after GC invocations=858 (full 105):
 par new generation   total 6144K, used 8K [0x00000000fec00000, 0x00000000ff2a0000, 0x00000000ff2a0000)
  eden space 5504K,   0% used [0x00000000fec00000, 0x00000000fec00000, 0x00000000ff160000)
  from space 640K,   1% used [0x00000000ff160000, 0x00000000ff162040, 0x00000000ff200000)
  to   space 640K,   0% used [0x00000000ff200000, 0x00000000ff200000, 0x00000000ff2a0000)
 concurrent mark-sweep generation total 13696K, used 2230K [0x00000000ff2a0000, 0x0000000100000000, 0x0000000100000000)
 Metaspace       used 5073K, capacity 5258K, committed 5504K, reserved 1056768K
  class space    used 557K, capacity 597K, committed 640K, reserved 1048576K
}
{Heap before GC invocations=858 (full 105):
 par new generation   total 6144K, used 5237K [0x00000000fec00000, 0x00000000ff2a0000, 0x00000000ff2a0000)
  eden space 5504K,  95% used [0x00000000fec00000, 0x00000000ff11b790, 0x00000000ff160000)
  from space 640K,   1% used [0x00000000ff160000, 0x00000000ff162040, 0x00000000ff200000)
  to   space 640K,   0% used [0x00000000ff200000, 0x00000000ff200000, 0x00000000ff2a0000)
 concurrent mark-sweep generation total 13696K, used 2230K [0x00000000ff2a0000, 0x0000000100000000, 0x0000000100000000)
 Metaspace       used 5073K, capacity 5258K, committed 5504K, reserved 1056768K
  class space    used 557K, capacity 597K, committed 640K, reserved 1048576K
2024-07-16T18:26:19.868+0800: 6.672: [GC (Allocation Failure) 2024-07-16T18:26:19.868+0800: 6.672: [ParNew: 5237K->4K(6144K), 0.0002445 secs] 7468K->2234K(19840K), 0.0002689 secs] [Times: user=0.00 sys=0.00, real=0.00 secs] 
Heap after GC invocations=859 (full 105):
 par new generation   total 6144K, used 4K [0x00000000fec00000, 0x00000000ff2a0000, 0x00000000ff2a0000)
  eden space 5504K,   0% used [0x00000000fec00000, 0x00000000fec00000, 0x00000000ff160000)
  from space 640K,   0% used [0x00000000ff200000, 0x00000000ff201020, 0x00000000ff2a0000)
  to   space 640K,   0% used [0x00000000ff160000, 0x00000000ff160000, 0x00000000ff200000)
 concurrent mark-sweep generation total 13696K, used 2230K [0x00000000ff2a0000, 0x0000000100000000, 0x0000000100000000)
 Metaspace       used 5073K, capacity 5258K, committed 5504K, reserved 1056768K
  class space    used 557K, capacity 597K, committed 640K, reserved 1048576K
}
{Heap before GC invocations=859 (full 105):
 par new generation   total 6144K, used 5233K [0x00000000fec00000, 0x00000000ff2a0000, 0x00000000ff2a0000)
  eden space 5504K,  95% used [0x00000000fec00000, 0x00000000ff11b788, 0x00000000ff160000)
  from space 640K,   0% used [0x00000000ff200000, 0x00000000ff201020, 0x00000000ff2a0000)
  to   space 640K,   0% used [0x00000000ff160000, 0x00000000ff160000, 0x00000000ff200000)
 concurrent mark-sweep generation total 13696K, used 2230K [0x00000000ff2a0000, 0x0000000100000000, 0x0000000100000000)
 Metaspace       used 5073K, capacity 5258K, committed 5504K, reserved 1056768K
  class space    used 557K, capacity 597K, committed 640K, reserved 1048576K
2024-07-16T18:26:19.874+0800: 6.678: [GC (Allocation Failure) 2024-07-16T18:26:19.874+0800: 6.678: [ParNew: 5233K->10K(6144K), 0.0003575 secs] 7464K->3266K(19840K), 0.0003876 secs] [Times: user=0.00 sys=0.00, real=0.00 secs] 
Heap after GC invocations=860 (full 105):
 par new generation   total 6144K, used 10K [0x00000000fec00000, 0x00000000ff2a0000, 0x00000000ff2a0000)
  eden space 5504K,   0% used [0x00000000fec00000, 0x00000000fec00000, 0x00000000ff160000)
  from space 640K,   1% used [0x00000000ff160000, 0x00000000ff162850, 0x00000000ff200000)
  to   space 640K,   0% used [0x00000000ff200000, 0x00000000ff200000, 0x00000000ff2a0000)
 concurrent mark-sweep generation total 13696K, used 3256K [0x00000000ff2a0000, 0x0000000100000000, 0x0000000100000000)
 Metaspace       used 5073K, capacity 5258K, committed 5504K, reserved 1056768K
  class space    used 557K, capacity 597K, committed 640K, reserved 1048576K
}
{Heap before GC invocations=860 (full 105):
 par new generation   total 6144K, used 5239K [0x00000000fec00000, 0x00000000ff2a0000, 0x00000000ff2a0000)
  eden space 5504K,  95% used [0x00000000fec00000, 0x00000000ff11b788, 0x00000000ff160000)
  from space 640K,   1% used [0x00000000ff160000, 0x00000000ff162850, 0x00000000ff200000)
  to   space 640K,   0% used [0x00000000ff200000, 0x00000000ff200000, 0x00000000ff2a0000)
 concurrent mark-sweep generation total 13696K, used 3256K [0x00000000ff2a0000, 0x0000000100000000, 0x0000000100000000)
 Metaspace       used 5073K, capacity 5258K, committed 5504K, reserved 1056768K
  class space    used 557K, capacity 597K, committed 640K, reserved 1048576K
2024-07-16T18:26:19.881+0800: 6.685: [GC (Allocation Failure) 2024-07-16T18:26:19.881+0800: 6.685: [ParNew: 5239K->4K(6144K), 0.0002556 secs] 8496K->3260K(19840K), 0.0002869 secs] [Times: user=0.00 sys=0.00, real=0.00 secs] 
Heap after GC invocations=861 (full 105):
 par new generation   total 6144K, used 4K [0x00000000fec00000, 0x00000000ff2a0000, 0x00000000ff2a0000)
  eden space 5504K,   0% used [0x00000000fec00000, 0x00000000fec00000, 0x00000000ff160000)
  from space 640K,   0% used [0x00000000ff200000, 0x00000000ff201020, 0x00000000ff2a0000)
  to   space 640K,   0% used [0x00000000ff160000, 0x00000000ff160000, 0x00000000ff200000)
 concurrent mark-sweep generation total 13696K, used 3256K [0x00000000ff2a0000, 0x0000000100000000, 0x0000000100000000)
 Metaspace       used 5073K, capacity 5258K, committed 5504K, reserved 1056768K
  class space    used 557K, capacity 597K, committed 640K, reserved 1048576K
}
{Heap before GC invocations=861 (full 105):
 par new generation   total 6144K, used 5233K [0x00000000fec00000, 0x00000000ff2a0000, 0x00000000ff2a0000)
  eden space 5504K,  95% used [0x00000000fec00000, 0x00000000ff11b780, 0x00000000ff160000)
  from space 640K,   0% used [0x00000000ff200000, 0x00000000ff201020, 0x00000000ff2a0000)
  to   space 640K,   0% used [0x00000000ff160000, 0x00000000ff160000, 0x00000000ff200000)
 concurrent mark-sweep generation total 13696K, used 3256K [0x00000000ff2a0000, 0x0000000100000000, 0x0000000100000000)
 Metaspace       used 5073K, capacity 5258K, committed 5504K, reserved 1056768K
  class space    used 557K, capacity 597K, committed 640K, reserved 1048576K
2024-07-16T18:26:19.887+0800: 6.691: [GC (Allocation Failure) 2024-07-16T18:26:19.887+0800: 6.691: [ParNew: 5233K->6K(6144K), 0.0003842 secs] 8490K->4288K(19840K), 0.0004187 secs] [Times: user=0.00 sys=0.00, real=0.00 secs] 
Heap after GC invocations=862 (full 105):
 par new generation   total 6144K, used 6K [0x00000000fec00000, 0x00000000ff2a0000, 0x00000000ff2a0000)
  eden space 5504K,   0% used [0x00000000fec00000, 0x00000000fec00000, 0x00000000ff160000)
  from space 640K,   0% used [0x00000000ff160000, 0x00000000ff161830, 0x00000000ff200000)
  to   space 640K,   0% used [0x00000000ff200000, 0x00000000ff200000, 0x00000000ff2a0000)
 concurrent mark-sweep generation total 13696K, used 4282K [0x00000000ff2a0000, 0x0000000100000000, 0x0000000100000000)
 Metaspace       used 5073K, capacity 5258K, committed 5504K, reserved 1056768K
  class space    used 557K, capacity 597K, committed 640K, reserved 1048576K
}
{Heap before GC invocations=862 (full 105):
 par new generation   total 6144K, used 5235K [0x00000000fec00000, 0x00000000ff2a0000, 0x00000000ff2a0000)
  eden space 5504K,  95% used [0x00000000fec00000, 0x00000000ff11b780, 0x00000000ff160000)
  from space 640K,   0% used [0x00000000ff160000, 0x00000000ff161830, 0x00000000ff200000)
  to   space 640K,   0% used [0x00000000ff200000, 0x00000000ff200000, 0x00000000ff2a0000)
 concurrent mark-sweep generation total 13696K, used 4282K [0x00000000ff2a0000, 0x0000000100000000, 0x0000000100000000)
 Metaspace       used 5073K, capacity 5258K, committed 5504K, reserved 1056768K
  class space    used 557K, capacity 597K, committed 640K, reserved 1048576K
2024-07-16T18:26:19.895+0800: 6.699: [GC (Allocation Failure) 2024-07-16T18:26:19.895+0800: 6.699: [ParNew: 5235K->4K(6144K), 0.0002327 secs] 9518K->4286K(19840K), 0.0002543 secs] [Times: user=0.00 sys=0.00, real=0.00 secs] 
Heap after GC invocations=863 (full 105):
 par new generation   total 6144K, used 4K [0x00000000fec00000, 0x00000000ff2a0000, 0x00000000ff2a0000)
  eden space 5504K,   0% used [0x00000000fec00000, 0x00000000fec00000, 0x00000000ff160000)
  from space 640K,   0% used [0x00000000ff200000, 0x00000000ff201020, 0x00000000ff2a0000)
  to   space 640K,   0% used [0x00000000ff160000, 0x00000000ff160000, 0x00000000ff200000)
 concurrent mark-sweep generation total 13696K, used 4282K [0x00000000ff2a0000, 0x0000000100000000, 0x0000000100000000)
 Metaspace       used 5073K, capacity 5258K, committed 5504K, reserved 1056768K
  class space    used 557K, capacity 597K, committed 640K, reserved 1048576K
}
{Heap before GC invocations=863 (full 105):
 par new generation   total 6144K, used 5233K [0x00000000fec00000, 0x00000000ff2a0000, 0x00000000ff2a0000)
  eden space 5504K,  95% used [0x00000000fec00000, 0x00000000ff11b780, 0x00000000ff160000)
  from space 640K,   0% used [0x00000000ff200000, 0x00000000ff201020, 0x00000000ff2a0000)
  to   space 640K,   0% used [0x00000000ff160000, 0x00000000ff160000, 0x00000000ff200000)
 concurrent mark-sweep generation total 13696K, used 4282K [0x00000000ff2a0000, 0x0000000100000000, 0x0000000100000000)
 Metaspace       used 5073K, capacity 5258K, committed 5504K, reserved 1056768K
  class space    used 557K, capacity 597K, committed 640K, reserved 1048576K
2024-07-16T18:26:19.902+0800: 6.706: [GC (Allocation Failure) 2024-07-16T18:26:19.902+0800: 6.706: [ParNew: 5233K->8K(6144K), 0.0006744 secs] 9516K->5317K(19840K), 0.0007226 secs] [Times: user=0.00 sys=0.00, real=0.00 secs] 
Heap after GC invocations=864 (full 105):
 par new generation   total 6144K, used 8K [0x00000000fec00000, 0x00000000ff2a0000, 0x00000000ff2a0000)
  eden space 5504K,   0% used [0x00000000fec00000, 0x00000000fec00000, 0x00000000ff160000)
  from space 640K,   1% used [0x00000000ff160000, 0x00000000ff162040, 0x00000000ff200000)
  to   space 640K,   0% used [0x00000000ff200000, 0x00000000ff200000, 0x00000000ff2a0000)
 concurrent mark-sweep generation total 13696K, used 5309K [0x00000000ff2a0000, 0x0000000100000000, 0x0000000100000000)
 Metaspace       used 5073K, capacity 5258K, committed 5504K, reserved 1056768K
  class space    used 557K, capacity 597K, committed 640K, reserved 1048576K
}
{Heap before GC invocations=864 (full 105):
 par new generation   total 6144K, used 5237K [0x00000000fec00000, 0x00000000ff2a0000, 0x00000000ff2a0000)
  eden space 5504K,  95% used [0x00000000fec00000, 0x00000000ff11b780, 0x00000000ff160000)
  from space 640K,   1% used [0x00000000ff160000, 0x00000000ff162040, 0x00000000ff200000)
  to   space 640K,   0% used [0x00000000ff200000, 0x00000000ff200000, 0x00000000ff2a0000)
 concurrent mark-sweep generation total 13696K, used 5309K [0x00000000ff2a0000, 0x0000000100000000, 0x0000000100000000)
 Metaspace       used 5073K, capacity 5258K, committed 5504K, reserved 1056768K
  class space    used 557K, capacity 597K, committed 640K, reserved 1048576K
2024-07-16T18:26:19.911+0800: 6.715: [GC (Allocation Failure) 2024-07-16T18:26:19.911+0800: 6.715: [ParNew: 5237K->4K(6144K), 0.0004111 secs] 10546K->5313K(19840K), 0.0004412 secs] [Times: user=0.00 sys=0.00, real=0.00 secs] 
Heap after GC invocations=865 (full 105):
 par new generation   total 6144K, used 4K [0x00000000fec00000, 0x00000000ff2a0000, 0x00000000ff2a0000)
  eden space 5504K,   0% used [0x00000000fec00000, 0x00000000fec00000, 0x00000000ff160000)
  from space 640K,   0% used [0x00000000ff200000, 0x00000000ff201020, 0x00000000ff2a0000)
  to   space 640K,   0% used [0x00000000ff160000, 0x00000000ff160000, 0x00000000ff200000)
 concurrent mark-sweep generation total 13696K, used 5309K [0x00000000ff2a0000, 0x0000000100000000, 0x0000000100000000)
 Metaspace       used 5073K, capacity 5258K, committed 5504K, reserved 1056768K
  class space    used 557K, capacity 597K, committed 640K, reserved 1048576K
}
{Heap before GC invocations=865 (full 105):
 par new generation   total 6144K, used 5233K [0x00000000fec00000, 0x00000000ff2a0000, 0x00000000ff2a0000)
  eden space 5504K,  95% used [0x00000000fec00000, 0x00000000ff11b780, 0x00000000ff160000)
  from space 640K,   0% used [0x00000000ff200000, 0x00000000ff201020, 0x00000000ff2a0000)
  to   space 640K,   0% used [0x00000000ff160000, 0x00000000ff160000, 0x00000000ff200000)
 concurrent mark-sweep generation total 13696K, used 5309K [0x00000000ff2a0000, 0x0000000100000000, 0x0000000100000000)
 Metaspace       used 5073K, capacity 5258K, committed 5504K, reserved 1056768K
  class space    used 557K, capacity 597K, committed 640K, reserved 1048576K
2024-07-16T18:26:19.917+0800: 6.721: [GC (Allocation Failure) 2024-07-16T18:26:19.917+0800: 6.721: [ParNew: 5233K->10K(6144K), 0.0009469 secs] 10542K->6343K(19840K), 0.0010091 secs] [Times: user=0.00 sys=0.00, real=0.00 secs] 
Heap after GC invocations=866 (full 105):
 par new generation   total 6144K, used 10K [0x00000000fec00000, 0x00000000ff2a0000, 0x00000000ff2a0000)
  eden space 5504K,   0% used [0x00000000fec00000, 0x00000000fec00000, 0x00000000ff160000)
  from space 640K,   1% used [0x00000000ff160000, 0x00000000ff162850, 0x00000000ff200000)
  to   space 640K,   0% used [0x00000000ff200000, 0x00000000ff200000, 0x00000000ff2a0000)
 concurrent mark-sweep generation total 13696K, used 6333K [0x00000000ff2a0000, 0x0000000100000000, 0x0000000100000000)
 Metaspace       used 5073K, capacity 5258K, committed 5504K, reserved 1056768K
  class space    used 557K, capacity 597K, committed 640K, reserved 1048576K
}
{Heap before GC invocations=866 (full 105):
 par new generation   total 6144K, used 5239K [0x00000000fec00000, 0x00000000ff2a0000, 0x00000000ff2a0000)
  eden space 5504K,  95% used [0x00000000fec00000, 0x00000000ff11b780, 0x00000000ff160000)
  from space 640K,   1% used [0x00000000ff160000, 0x00000000ff162850, 0x00000000ff200000)
  to   space 640K,   0% used [0x00000000ff200000, 0x00000000ff200000, 0x00000000ff2a0000)
 concurrent mark-sweep generation total 13696K, used 6333K [0x00000000ff2a0000, 0x0000000100000000, 0x0000000100000000)
 Metaspace       used 5073K, capacity 5258K, committed 5504K, reserved 1056768K
  class space    used 557K, capacity 597K, committed 640K, reserved 1048576K
2024-07-16T18:26:19.925+0800: 6.729: [GC (Allocation Failure) 2024-07-16T18:26:19.925+0800: 6.729: [ParNew: 5239K->4K(6144K), 0.0008307 secs] 11572K->6337K(19840K), 0.0008908 secs] [Times: user=0.00 sys=0.00, real=0.00 secs] 
Heap after GC invocations=867 (full 105):
 par new generation   total 6144K, used 4K [0x00000000fec00000, 0x00000000ff2a0000, 0x00000000ff2a0000)
  eden space 5504K,   0% used [0x00000000fec00000, 0x00000000fec00000, 0x00000000ff160000)
  from space 640K,   0% used [0x00000000ff200000, 0x00000000ff201020, 0x00000000ff2a0000)
  to   space 640K,   0% used [0x00000000ff160000, 0x00000000ff160000, 0x00000000ff200000)
 concurrent mark-sweep generation total 13696K, used 6333K [0x00000000ff2a0000, 0x0000000100000000, 0x0000000100000000)
 Metaspace       used 5073K, capacity 5258K, committed 5504K, reserved 1056768K
  class space    used 557K, capacity 597K, committed 640K, reserved 1048576K
}
{Heap before GC invocations=867 (full 105):
 par new generation   total 6144K, used 5233K [0x00000000fec00000, 0x00000000ff2a0000, 0x00000000ff2a0000)
  eden space 5504K,  95% used [0x00000000fec00000, 0x00000000ff11b780, 0x00000000ff160000)
  from space 640K,   0% used [0x00000000ff200000, 0x00000000ff201020, 0x00000000ff2a0000)
  to   space 640K,   0% used [0x00000000ff160000, 0x00000000ff160000, 0x00000000ff200000)
 concurrent mark-sweep generation total 13696K, used 6333K [0x00000000ff2a0000, 0x0000000100000000, 0x0000000100000000)
 Metaspace       used 5073K, capacity 5258K, committed 5504K, reserved 1056768K
  class space    used 557K, capacity 597K, committed 640K, reserved 1048576K
2024-07-16T18:26:19.934+0800: 6.738: [GC (Allocation Failure) 2024-07-16T18:26:19.934+0800: 6.738: [ParNew: 5233K->4K(6144K), 0.0009160 secs] 11566K->6337K(19840K), 0.0010132 secs] [Times: user=0.00 sys=0.00, real=0.00 secs] 
Heap after GC invocations=868 (full 105):
 par new generation   total 6144K, used 4K [0x00000000fec00000, 0x00000000ff2a0000, 0x00000000ff2a0000)
  eden space 5504K,   0% used [0x00000000fec00000, 0x00000000fec00000, 0x00000000ff160000)
  from space 640K,   0% used [0x00000000ff160000, 0x00000000ff161020, 0x00000000ff200000)
  to   space 640K,   0% used [0x00000000ff200000, 0x00000000ff200000, 0x00000000ff2a0000)
 concurrent mark-sweep generation total 13696K, used 6333K [0x00000000ff2a0000, 0x0000000100000000, 0x0000000100000000)
 Metaspace       used 5073K, capacity 5258K, committed 5504K, reserved 1056768K
  class space    used 557K, capacity 597K, committed 640K, reserved 1048576K
}
{Heap before GC invocations=868 (full 105):
 par new generation   total 6144K, used 5233K [0x00000000fec00000, 0x00000000ff2a0000, 0x00000000ff2a0000)
  eden space 5504K,  95% used [0x00000000fec00000, 0x00000000ff11b780, 0x00000000ff160000)
  from space 640K,   0% used [0x00000000ff160000, 0x00000000ff161020, 0x00000000ff200000)
  to   space 640K,   0% used [0x00000000ff200000, 0x00000000ff200000, 0x00000000ff2a0000)
 concurrent mark-sweep generation total 13696K, used 6333K [0x00000000ff2a0000, 0x0000000100000000, 0x0000000100000000)
 Metaspace       used 5073K, capacity 5258K, committed 5504K, reserved 1056768K
  class space    used 557K, capacity 597K, committed 640K, reserved 1048576K
2024-07-16T18:26:19.943+0800: 6.747: [GC (Allocation Failure) 2024-07-16T18:26:19.943+0800: 6.747: [ParNew: 5233K->4K(6144K), 0.0011754 secs] 11566K->6337K(19840K), 0.0012792 secs] [Times: user=0.00 sys=0.00, real=0.00 secs] 
Heap after GC invocations=869 (full 105):
 par new generation   total 6144K, used 4K [0x00000000fec00000, 0x00000000ff2a0000, 0x00000000ff2a0000)
  eden space 5504K,   0% used [0x00000000fec00000, 0x00000000fec00000, 0x00000000ff160000)
  from space 640K,   0% used [0x00000000ff200000, 0x00000000ff201020, 0x00000000ff2a0000)
  to   space 640K,   0% used [0x00000000ff160000, 0x00000000ff160000, 0x00000000ff200000)
 concurrent mark-sweep generation total 13696K, used 6333K [0x00000000ff2a0000, 0x0000000100000000, 0x0000000100000000)
 Metaspace       used 5073K, capacity 5258K, committed 5504K, reserved 1056768K
  class space    used 557K, capacity 597K, committed 640K, reserved 1048576K
}
{Heap before GC invocations=869 (full 105):
 par new generation   total 6144K, used 5233K [0x00000000fec00000, 0x00000000ff2a0000, 0x00000000ff2a0000)
  eden space 5504K,  95% used [0x00000000fec00000, 0x00000000ff11b780, 0x00000000ff160000)
  from space 640K,   0% used [0x00000000ff200000, 0x00000000ff201020, 0x00000000ff2a0000)
  to   space 640K,   0% used [0x00000000ff160000, 0x00000000ff160000, 0x00000000ff200000)
 concurrent mark-sweep generation total 13696K, used 6333K [0x00000000ff2a0000, 0x0000000100000000, 0x0000000100000000)
 Metaspace       used 5073K, capacity 5258K, committed 5504K, reserved 1056768K
  class space    used 557K, capacity 597K, committed 640K, reserved 1048576K
2024-07-16T18:26:19.951+0800: 6.755: [GC (Allocation Failure) 2024-07-16T18:26:19.951+0800: 6.755: [ParNew: 5233K->8K(6144K), 0.0013010 secs] 11566K->7365K(19840K), 0.0013788 secs] [Times: user=0.00 sys=0.00, real=0.00 secs] 
Heap after GC invocations=870 (full 105):
 par new generation   total 6144K, used 8K [0x00000000fec00000, 0x00000000ff2a0000, 0x00000000ff2a0000)
  eden space 5504K,   0% used [0x00000000fec00000, 0x00000000fec00000, 0x00000000ff160000)
  from space 640K,   1% used [0x00000000ff160000, 0x00000000ff162040, 0x00000000ff200000)
  to   space 640K,   0% used [0x00000000ff200000, 0x00000000ff200000, 0x00000000ff2a0000)
 concurrent mark-sweep generation total 13696K, used 7357K [0x00000000ff2a0000, 0x0000000100000000, 0x0000000100000000)
 Metaspace       used 5073K, capacity 5258K, committed 5504K, reserved 1056768K
  class space    used 557K, capacity 597K, committed 640K, reserved 1048576K
}
{Heap before GC invocations=870 (full 105):
 par new generation   total 6144K, used 5237K [0x00000000fec00000, 0x00000000ff2a0000, 0x00000000ff2a0000)
  eden space 5504K,  95% used [0x00000000fec00000, 0x00000000ff11b780, 0x00000000ff160000)
  from space 640K,   1% used [0x00000000ff160000, 0x00000000ff162040, 0x00000000ff200000)
  to   space 640K,   0% used [0x00000000ff200000, 0x00000000ff200000, 0x00000000ff2a0000)
 concurrent mark-sweep generation total 13696K, used 7357K [0x00000000ff2a0000, 0x0000000100000000, 0x0000000100000000)
 Metaspace       used 5073K, capacity 5258K, committed 5504K, reserved 1056768K
  class space    used 557K, capacity 597K, committed 640K, reserved 1048576K
2024-07-16T18:26:19.960+0800: 6.764: [GC (Allocation Failure) 2024-07-16T18:26:19.960+0800: 6.764: [ParNew: 5237K->4K(6144K), 0.0013387 secs] 12594K->7361K(19840K), 0.0014564 secs] [Times: user=0.00 sys=0.00, real=0.00 secs] 
Heap after GC invocations=871 (full 105):
 par new generation   total 6144K, used 4K [0x00000000fec00000, 0x00000000ff2a0000, 0x00000000ff2a0000)
  eden space 5504K,   0% used [0x00000000fec00000, 0x00000000fec00000, 0x00000000ff160000)
  from space 640K,   0% used [0x00000000ff200000, 0x00000000ff201020, 0x00000000ff2a0000)
  to   space 640K,   0% used [0x00000000ff160000, 0x00000000ff160000, 0x00000000ff200000)
 concurrent mark-sweep generation total 13696K, used 7357K [0x00000000ff2a0000, 0x0000000100000000, 0x0000000100000000)
 Metaspace       used 5073K, capacity 5258K, committed 5504K, reserved 1056768K
  class space    used 557K, capacity 597K, committed 640K, reserved 1048576K
}
{Heap before GC invocations=871 (full 105):
 par new generation   total 6144K, used 5233K [0x00000000fec00000, 0x00000000ff2a0000, 0x00000000ff2a0000)
  eden space 5504K,  95% used [0x00000000fec00000, 0x00000000ff11b780, 0x00000000ff160000)
  from space 640K,   0% used [0x00000000ff200000, 0x00000000ff201020, 0x00000000ff2a0000)
  to   space 640K,   0% used [0x00000000ff160000, 0x00000000ff160000, 0x00000000ff200000)
 concurrent mark-sweep generation total 13696K, used 7357K [0x00000000ff2a0000, 0x0000000100000000, 0x0000000100000000)
 Metaspace       used 5073K, capacity 5258K, committed 5504K, reserved 1056768K
  class space    used 557K, capacity 597K, committed 640K, reserved 1048576K
2024-07-16T18:26:19.969+0800: 6.773: [GC (Allocation Failure) 2024-07-16T18:26:19.969+0800: 6.773: [ParNew: 5233K->4K(6144K), 0.0006399 secs] 12590K->7361K(19840K), 0.0007374 secs] [Times: user=0.00 sys=0.00, real=0.00 secs] 
Heap after GC invocations=872 (full 105):
 par new generation   total 6144K, used 4K [0x00000000fec00000, 0x00000000ff2a0000, 0x00000000ff2a0000)
  eden space 5504K,   0% used [0x00000000fec00000, 0x00000000fec00000, 0x00000000ff160000)
  from space 640K,   0% used [0x00000000ff160000, 0x00000000ff161020, 0x00000000ff200000)
  to   space 640K,   0% used [0x00000000ff200000, 0x00000000ff200000, 0x00000000ff2a0000)
 concurrent mark-sweep generation total 13696K, used 7357K [0x00000000ff2a0000, 0x0000000100000000, 0x0000000100000000)
 Metaspace       used 5073K, capacity 5258K, committed 5504K, reserved 1056768K
  class space    used 557K, capacity 597K, committed 640K, reserved 1048576K
}
{Heap before GC invocations=872 (full 105):
 par new generation   total 6144K, used 5233K [0x00000000fec00000, 0x00000000ff2a0000, 0x00000000ff2a0000)
  eden space 5504K,  95% used [0x00000000fec00000, 0x00000000ff11b780, 0x00000000ff160000)
  from space 640K,   0% used [0x00000000ff160000, 0x00000000ff161020, 0x00000000ff200000)
  to   space 640K,   0% used [0x00000000ff200000, 0x00000000ff200000, 0x00000000ff2a0000)
 concurrent mark-sweep generation total 13696K, used 7357K [0x00000000ff2a0000, 0x0000000100000000, 0x0000000100000000)
 Metaspace       used 5073K, capacity 5258K, committed 5504K, reserved 1056768K
  class space    used 557K, capacity 597K, committed 640K, reserved 1048576K
2024-07-16T18:26:19.980+0800: 6.784: [GC (Allocation Failure) 2024-07-16T18:26:19.980+0800: 6.784: [ParNew: 5233K->4K(6144K), 0.0003612 secs] 12590K->7361K(19840K), 0.0004448 secs] [Times: user=0.00 sys=0.00, real=0.00 secs] 
Heap after GC invocations=873 (full 105):
 par new generation   total 6144K, used 4K [0x00000000fec00000, 0x00000000ff2a0000, 0x00000000ff2a0000)
  eden space 5504K,   0% used [0x00000000fec00000, 0x00000000fec00000, 0x00000000ff160000)
  from space 640K,   0% used [0x00000000ff200000, 0x00000000ff201020, 0x00000000ff2a0000)
  to   space 640K,   0% used [0x00000000ff160000, 0x00000000ff160000, 0x00000000ff200000)
 concurrent mark-sweep generation total 13696K, used 7357K [0x00000000ff2a0000, 0x0000000100000000, 0x0000000100000000)
 Metaspace       used 5073K, capacity 5258K, committed 5504K, reserved 1056768K
  class space    used 557K, capacity 597K, committed 640K, reserved 1048576K
}
{Heap before GC invocations=873 (full 105):
 par new generation   total 6144K, used 5233K [0x00000000fec00000, 0x00000000ff2a0000, 0x00000000ff2a0000)
  eden space 5504K,  95% used [0x00000000fec00000, 0x00000000ff11b780, 0x00000000ff160000)
  from space 640K,   0% used [0x00000000ff200000, 0x00000000ff201020, 0x00000000ff2a0000)
  to   space 640K,   0% used [0x00000000ff160000, 0x00000000ff160000, 0x00000000ff200000)
 concurrent mark-sweep generation total 13696K, used 7357K [0x00000000ff2a0000, 0x0000000100000000, 0x0000000100000000)
 Metaspace       used 5073K, capacity 5258K, committed 5504K, reserved 1056768K
  class space    used 557K, capacity 597K, committed 640K, reserved 1048576K
2024-07-16T18:26:19.987+0800: 6.791: [GC (Allocation Failure) 2024-07-16T18:26:19.987+0800: 6.791: [ParNew: 5233K->8K(6144K), 0.0004668 secs] 12590K->8389K(19840K), 0.0005305 secs] [Times: user=0.00 sys=0.00, real=0.00 secs] 
Heap after GC invocations=874 (full 105):
 par new generation   total 6144K, used 8K [0x00000000fec00000, 0x00000000ff2a0000, 0x00000000ff2a0000)
  eden space 5504K,   0% used [0x00000000fec00000, 0x00000000fec00000, 0x00000000ff160000)
  from space 640K,   1% used [0x00000000ff160000, 0x00000000ff162040, 0x00000000ff200000)
  to   space 640K,   0% used [0x00000000ff200000, 0x00000000ff200000, 0x00000000ff2a0000)
 concurrent mark-sweep generation total 13696K, used 8381K [0x00000000ff2a0000, 0x0000000100000000, 0x0000000100000000)
 Metaspace       used 5073K, capacity 5258K, committed 5504K, reserved 1056768K
  class space    used 557K, capacity 597K, committed 640K, reserved 1048576K
}
2024-07-16T18:26:19.987+0800: 6.791: [GC (CMS Initial Mark) [1 CMS-initial-mark: 8381K(13696K)] 9413K(19840K), 0.0002999 secs] [Times: user=0.00 sys=0.00, real=0.00 secs] 
2024-07-16T18:26:19.988+0800: 6.792: [CMS-concurrent-mark-start]
2024-07-16T18:26:19.991+0800: 6.795: [CMS-concurrent-mark: 0.003/0.003 secs] [Times: user=0.00 sys=0.00, real=0.00 secs] 
2024-07-16T18:26:19.991+0800: 6.795: [CMS-concurrent-preclean-start]
2024-07-16T18:26:19.991+0800: 6.795: [CMS-concurrent-preclean: 0.000/0.000 secs] [Times: user=0.00 sys=0.00, real=0.00 secs] 
2024-07-16T18:26:19.991+0800: 6.795: [CMS-concurrent-abortable-preclean-start]
{Heap before GC invocations=874 (full 106):
 par new generation   total 6144K, used 5237K [0x00000000fec00000, 0x00000000ff2a0000, 0x00000000ff2a0000)
  eden space 5504K,  95% used [0x00000000fec00000, 0x00000000ff11b780, 0x00000000ff160000)
  from space 640K,   1% used [0x00000000ff160000, 0x00000000ff162040, 0x00000000ff200000)
  to   space 640K,   0% used [0x00000000ff200000, 0x00000000ff200000, 0x00000000ff2a0000)
 concurrent mark-sweep generation total 13696K, used 8381K [0x00000000ff2a0000, 0x0000000100000000, 0x0000000100000000)
 Metaspace       used 5073K, capacity 5258K, committed 5504K, reserved 1056768K
  class space    used 557K, capacity 597K, committed 640K, reserved 1048576K
2024-07-16T18:26:19.995+0800: 6.799: [GC (Allocation Failure) 2024-07-16T18:26:19.995+0800: 6.799: [ParNew: 5237K->10K(6144K), 0.0004564 secs] 13618K->9417K(19840K), 0.0005005 secs] [Times: user=0.00 sys=0.00, real=0.00 secs] 
Heap after GC invocations=875 (full 106):
 par new generation   total 6144K, used 10K [0x00000000fec00000, 0x00000000ff2a0000, 0x00000000ff2a0000)
  eden space 5504K,   0% used [0x00000000fec00000, 0x00000000fec00000, 0x00000000ff160000)
  from space 640K,   1% used [0x00000000ff200000, 0x00000000ff202850, 0x00000000ff2a0000)
  to   space 640K,   0% used [0x00000000ff160000, 0x00000000ff160000, 0x00000000ff200000)
 concurrent mark-sweep generation total 13696K, used 9407K [0x00000000ff2a0000, 0x0000000100000000, 0x0000000100000000)
 Metaspace       used 5073K, capacity 5258K, committed 5504K, reserved 1056768K
  class space    used 557K, capacity 597K, committed 640K, reserved 1048576K
}
{Heap before GC invocations=875 (full 106):
 par new generation   total 6144K, used 5239K [0x00000000fec00000, 0x00000000ff2a0000, 0x00000000ff2a0000)
  eden space 5504K,  95% used [0x00000000fec00000, 0x00000000ff11b7a0, 0x00000000ff160000)
  from space 640K,   1% used [0x00000000ff200000, 0x00000000ff202850, 0x00000000ff2a0000)
  to   space 640K,   0% used [0x00000000ff160000, 0x00000000ff160000, 0x00000000ff200000)
 concurrent mark-sweep generation total 13696K, used 9407K [0x00000000ff2a0000, 0x0000000100000000, 0x0000000100000000)
 Metaspace       used 5073K, capacity 5258K, committed 5504K, reserved 1056768K
  class space    used 557K, capacity 597K, committed 640K, reserved 1048576K
2024-07-16T18:26:20.003+0800: 6.807: [GC (Allocation Failure) 2024-07-16T18:26:20.003+0800: 6.807: [ParNew: 5239K->4K(6144K), 0.0003496 secs] 14647K->9411K(19840K), 0.0004141 secs] [Times: user=0.00 sys=0.00, real=0.00 secs] 
Heap after GC invocations=876 (full 106):
 par new generation   total 6144K, used 4K [0x00000000fec00000, 0x00000000ff2a0000, 0x00000000ff2a0000)
  eden space 5504K,   0% used [0x00000000fec00000, 0x00000000fec00000, 0x00000000ff160000)
  from space 640K,   0% used [0x00000000ff160000, 0x00000000ff161020, 0x00000000ff200000)
  to   space 640K,   0% used [0x00000000ff200000, 0x00000000ff200000, 0x00000000ff2a0000)
 concurrent mark-sweep generation total 13696K, used 9407K [0x00000000ff2a0000, 0x0000000100000000, 0x0000000100000000)
 Metaspace       used 5073K, capacity 5258K, committed 5504K, reserved 1056768K
  class space    used 557K, capacity 597K, committed 640K, reserved 1048576K
}
{Heap before GC invocations=876 (full 106):
 par new generation   total 6144K, used 5233K [0x00000000fec00000, 0x00000000ff2a0000, 0x00000000ff2a0000)
  eden space 5504K,  95% used [0x00000000fec00000, 0x00000000ff11b798, 0x00000000ff160000)
  from space 640K,   0% used [0x00000000ff160000, 0x00000000ff161020, 0x00000000ff200000)
  to   space 640K,   0% used [0x00000000ff200000, 0x00000000ff200000, 0x00000000ff2a0000)
 concurrent mark-sweep generation total 13696K, used 9407K [0x00000000ff2a0000, 0x0000000100000000, 0x0000000100000000)
 Metaspace       used 5073K, capacity 5258K, committed 5504K, reserved 1056768K
  class space    used 557K, capacity 597K, committed 640K, reserved 1048576K
2024-07-16T18:26:20.010+0800: 6.814: [GC (Allocation Failure) 2024-07-16T18:26:20.010+0800: 6.814: [ParNew: 5233K->4K(6144K), 0.0002631 secs] 14641K->9411K(19840K), 0.0003094 secs] [Times: user=0.00 sys=0.00, real=0.00 secs] 
Heap after GC invocations=877 (full 106):
 par new generation   total 6144K, used 4K [0x00000000fec00000, 0x00000000ff2a0000, 0x00000000ff2a0000)
  eden space 5504K,   0% used [0x00000000fec00000, 0x00000000fec00000, 0x00000000ff160000)
  from space 640K,   0% used [0x00000000ff200000, 0x00000000ff201020, 0x00000000ff2a0000)
  to   space 640K,   0% used [0x00000000ff160000, 0x00000000ff160000, 0x00000000ff200000)
 concurrent mark-sweep generation total 13696K, used 9407K [0x00000000ff2a0000, 0x0000000100000000, 0x0000000100000000)
 Metaspace       used 5073K, capacity 5258K, committed 5504K, reserved 1056768K
  class space    used 557K, capacity 597K, committed 640K, reserved 1048576K
}
{Heap before GC invocations=877 (full 106):
 par new generation   total 6144K, used 5233K [0x00000000fec00000, 0x00000000ff2a0000, 0x00000000ff2a0000)
  eden space 5504K,  95% used [0x00000000fec00000, 0x00000000ff11b798, 0x00000000ff160000)
  from space 640K,   0% used [0x00000000ff200000, 0x00000000ff201020, 0x00000000ff2a0000)
  to   space 640K,   0% used [0x00000000ff160000, 0x00000000ff160000, 0x00000000ff200000)
 concurrent mark-sweep generation total 13696K, used 9407K [0x00000000ff2a0000, 0x0000000100000000, 0x0000000100000000)
 Metaspace       used 5073K, capacity 5258K, committed 5504K, reserved 1056768K
  class space    used 557K, capacity 597K, committed 640K, reserved 1048576K
2024-07-16T18:26:20.015+0800: 6.819: [GC (Allocation Failure) 2024-07-16T18:26:20.015+0800: 6.819: [ParNew: 5233K->6K(6144K), 0.0003881 secs] 14641K->10439K(19840K), 0.0004290 secs] [Times: user=0.00 sys=0.00, real=0.00 secs] 
Heap after GC invocations=878 (full 106):
 par new generation   total 6144K, used 6K [0x00000000fec00000, 0x00000000ff2a0000, 0x00000000ff2a0000)
  eden space 5504K,   0% used [0x00000000fec00000, 0x00000000fec00000, 0x00000000ff160000)
  from space 640K,   0% used [0x00000000ff160000, 0x00000000ff161830, 0x00000000ff200000)
  to   space 640K,   0% used [0x00000000ff200000, 0x00000000ff200000, 0x00000000ff2a0000)
 concurrent mark-sweep generation total 13696K, used 10433K [0x00000000ff2a0000, 0x0000000100000000, 0x0000000100000000)
 Metaspace       used 5073K, capacity 5258K, committed 5504K, reserved 1056768K
  class space    used 557K, capacity 597K, committed 640K, reserved 1048576K
}
{Heap before GC invocations=878 (full 106):
 par new generation   total 6144K, used 5235K [0x00000000fec00000, 0x00000000ff2a0000, 0x00000000ff2a0000)
  eden space 5504K,  95% used [0x00000000fec00000, 0x00000000ff11b798, 0x00000000ff160000)
  from space 640K,   0% used [0x00000000ff160000, 0x00000000ff161830, 0x00000000ff200000)
  to   space 640K,   0% used [0x00000000ff200000, 0x00000000ff200000, 0x00000000ff2a0000)
 concurrent mark-sweep generation total 13696K, used 10433K [0x00000000ff2a0000, 0x0000000100000000, 0x0000000100000000)
 Metaspace       used 5073K, capacity 5258K, committed 5504K, reserved 1056768K
  class space    used 557K, capacity 597K, committed 640K, reserved 1048576K
2024-07-16T18:26:20.022+0800: 6.826: [GC (Allocation Failure) 2024-07-16T18:26:20.022+0800: 6.826: [ParNew: 5235K->4K(6144K), 0.0003036 secs] 15669K->10437K(19840K), 0.0003404 secs] [Times: user=0.00 sys=0.00, real=0.00 secs] 
Heap after GC invocations=879 (full 106):
 par new generation   total 6144K, used 4K [0x00000000fec00000, 0x00000000ff2a0000, 0x00000000ff2a0000)
  eden space 5504K,   0% used [0x00000000fec00000, 0x00000000fec00000, 0x00000000ff160000)
  from space 640K,   0% used [0x00000000ff200000, 0x00000000ff201020, 0x00000000ff2a0000)
  to   space 640K,   0% used [0x00000000ff160000, 0x00000000ff160000, 0x00000000ff200000)
 concurrent mark-sweep generation total 13696K, used 10433K [0x00000000ff2a0000, 0x0000000100000000, 0x0000000100000000)
 Metaspace       used 5073K, capacity 5258K, committed 5504K, reserved 1056768K
  class space    used 557K, capacity 597K, committed 640K, reserved 1048576K
}
{Heap before GC invocations=879 (full 106):
 par new generation   total 6144K, used 5233K [0x00000000fec00000, 0x00000000ff2a0000, 0x00000000ff2a0000)
  eden space 5504K,  95% used [0x00000000fec00000, 0x00000000ff11b798, 0x00000000ff160000)
  from space 640K,   0% used [0x00000000ff200000, 0x00000000ff201020, 0x00000000ff2a0000)
  to   space 640K,   0% used [0x00000000ff160000, 0x00000000ff160000, 0x00000000ff200000)
 concurrent mark-sweep generation total 13696K, used 10433K [0x00000000ff2a0000, 0x0000000100000000, 0x0000000100000000)
 Metaspace       used 5073K, capacity 5258K, committed 5504K, reserved 1056768K
  class space    used 557K, capacity 597K, committed 640K, reserved 1048576K
2024-07-16T18:26:20.030+0800: 6.834: [GC (Allocation Failure) 2024-07-16T18:26:20.030+0800: 6.834: [ParNew: 5233K->4K(6144K), 0.0003833 secs] 15667K->10437K(19840K), 0.0004355 secs] [Times: user=0.00 sys=0.00, real=0.00 secs] 
Heap after GC invocations=880 (full 106):
 par new generation   total 6144K, used 4K [0x00000000fec00000, 0x00000000ff2a0000, 0x00000000ff2a0000)
  eden space 5504K,   0% used [0x00000000fec00000, 0x00000000fec00000, 0x00000000ff160000)
  from space 640K,   0% used [0x00000000ff160000, 0x00000000ff161020, 0x00000000ff200000)
  to   space 640K,   0% used [0x00000000ff200000, 0x00000000ff200000, 0x00000000ff2a0000)
 concurrent mark-sweep generation total 13696K, used 10433K [0x00000000ff2a0000, 0x0000000100000000, 0x0000000100000000)
 Metaspace       used 5073K, capacity 5258K, committed 5504K, reserved 1056768K
  class space    used 557K, capacity 597K, committed 640K, reserved 1048576K
}
{Heap before GC invocations=880 (full 106):
 par new generation   total 6144K, used 5233K [0x00000000fec00000, 0x00000000ff2a0000, 0x00000000ff2a0000)
  eden space 5504K,  95% used [0x00000000fec00000, 0x00000000ff11b798, 0x00000000ff160000)
  from space 640K,   0% used [0x00000000ff160000, 0x00000000ff161020, 0x00000000ff200000)
  to   space 640K,   0% used [0x00000000ff200000, 0x00000000ff200000, 0x00000000ff2a0000)
 concurrent mark-sweep generation total 13696K, used 10433K [0x00000000ff2a0000, 0x0000000100000000, 0x0000000100000000)
 Metaspace       used 5073K, capacity 5258K, committed 5504K, reserved 1056768K
  class space    used 557K, capacity 597K, committed 640K, reserved 1048576K
2024-07-16T18:26:20.036+0800: 6.840: [GC (Allocation Failure) 2024-07-16T18:26:20.036+0800: 6.840: [ParNew: 5233K->4K(6144K), 0.0003359 secs] 15667K->10437K(19840K), 0.0003790 secs] [Times: user=0.00 sys=0.00, real=0.00 secs] 
Heap after GC invocations=881 (full 106):
 par new generation   total 6144K, used 4K [0x00000000fec00000, 0x00000000ff2a0000, 0x00000000ff2a0000)
  eden space 5504K,   0% used [0x00000000fec00000, 0x00000000fec00000, 0x00000000ff160000)
  from space 640K,   0% used [0x00000000ff200000, 0x00000000ff201020, 0x00000000ff2a0000)
  to   space 640K,   0% used [0x00000000ff160000, 0x00000000ff160000, 0x00000000ff200000)
 concurrent mark-sweep generation total 13696K, used 10433K [0x00000000ff2a0000, 0x0000000100000000, 0x0000000100000000)
 Metaspace       used 5073K, capacity 5258K, committed 5504K, reserved 1056768K
  class space    used 557K, capacity 597K, committed 640K, reserved 1048576K
}
{Heap before GC invocations=881 (full 106):
 par new generation   total 6144K, used 5233K [0x00000000fec00000, 0x00000000ff2a0000, 0x00000000ff2a0000)
  eden space 5504K,  95% used [0x00000000fec00000, 0x00000000ff11b798, 0x00000000ff160000)
  from space 640K,   0% used [0x00000000ff200000, 0x00000000ff201020, 0x00000000ff2a0000)
  to   space 640K,   0% used [0x00000000ff160000, 0x00000000ff160000, 0x00000000ff200000)
 concurrent mark-sweep generation total 13696K, used 10433K [0x00000000ff2a0000, 0x0000000100000000, 0x0000000100000000)
 Metaspace       used 5073K, capacity 5258K, committed 5504K, reserved 1056768K
  class space    used 557K, capacity 597K, committed 640K, reserved 1048576K
2024-07-16T18:26:20.042+0800: 6.846: [GC (Allocation Failure) 2024-07-16T18:26:20.042+0800: 6.846: [ParNew: 5233K->6K(6144K), 0.0004478 secs] 15667K->11463K(19840K), 0.0004891 secs] [Times: user=0.00 sys=0.00, real=0.00 secs] 
Heap after GC invocations=882 (full 106):
 par new generation   total 6144K, used 6K [0x00000000fec00000, 0x00000000ff2a0000, 0x00000000ff2a0000)
  eden space 5504K,   0% used [0x00000000fec00000, 0x00000000fec00000, 0x00000000ff160000)
  from space 640K,   0% used [0x00000000ff160000, 0x00000000ff161830, 0x00000000ff200000)
  to   space 640K,   0% used [0x00000000ff200000, 0x00000000ff200000, 0x00000000ff2a0000)
 concurrent mark-sweep generation total 13696K, used 11457K [0x00000000ff2a0000, 0x0000000100000000, 0x0000000100000000)
 Metaspace       used 5073K, capacity 5258K, committed 5504K, reserved 1056768K
  class space    used 557K, capacity 597K, committed 640K, reserved 1048576K
}
{Heap before GC invocations=882 (full 106):
 par new generation   total 6144K, used 5235K [0x00000000fec00000, 0x00000000ff2a0000, 0x00000000ff2a0000)
  eden space 5504K,  95% used [0x00000000fec00000, 0x00000000ff11b798, 0x00000000ff160000)
  from space 640K,   0% used [0x00000000ff160000, 0x00000000ff161830, 0x00000000ff200000)
  to   space 640K,   0% used [0x00000000ff200000, 0x00000000ff200000, 0x00000000ff2a0000)
 concurrent mark-sweep generation total 13696K, used 11457K [0x00000000ff2a0000, 0x0000000100000000, 0x0000000100000000)
 Metaspace       used 5073K, capacity 5258K, committed 5504K, reserved 1056768K
  class space    used 557K, capacity 597K, committed 640K, reserved 1048576K
2024-07-16T18:26:20.048+0800: 6.852: [GC (Allocation Failure) 2024-07-16T18:26:20.048+0800: 6.852: [ParNew: 5235K->8K(6144K), 0.0003837 secs] 16693K->12491K(19840K), 0.0004230 secs] [Times: user=0.00 sys=0.00, real=0.00 secs] 
Heap after GC invocations=883 (full 106):
 par new generation   total 6144K, used 8K [0x00000000fec00000, 0x00000000ff2a0000, 0x00000000ff2a0000)
  eden space 5504K,   0% used [0x00000000fec00000, 0x00000000fec00000, 0x00000000ff160000)
  from space 640K,   1% used [0x00000000ff200000, 0x00000000ff202040, 0x00000000ff2a0000)
  to   space 640K,   0% used [0x00000000ff160000, 0x00000000ff160000, 0x00000000ff200000)
 concurrent mark-sweep generation total 13696K, used 12483K [0x00000000ff2a0000, 0x0000000100000000, 0x0000000100000000)
 Metaspace       used 5073K, capacity 5258K, committed 5504K, reserved 1056768K
  class space    used 557K, capacity 597K, committed 640K, reserved 1048576K
}
{Heap before GC invocations=883 (full 106):
 par new generation   total 6144K, used 5237K [0x00000000fec00000, 0x00000000ff2a0000, 0x00000000ff2a0000)
  eden space 5504K,  95% used [0x00000000fec00000, 0x00000000ff11b798, 0x00000000ff160000)
  from space 640K,   1% used [0x00000000ff200000, 0x00000000ff202040, 0x00000000ff2a0000)
  to   space 640K,   0% used [0x00000000ff160000, 0x00000000ff160000, 0x00000000ff200000)
 concurrent mark-sweep generation total 13696K, used 12483K [0x00000000ff2a0000, 0x0000000100000000, 0x0000000100000000)
 Metaspace       used 5073K, capacity 5258K, committed 5504K, reserved 1056768K
  class space    used 557K, capacity 597K, committed 640K, reserved 1048576K
2024-07-16T18:26:20.054+0800: 6.858: [GC (Allocation Failure) 2024-07-16T18:26:20.054+0800: 6.858: [ParNew: 5237K->5237K(6144K), 0.0000118 secs]2024-07-16T18:26:20.054+0800: 6.858: [CMS2024-07-16T18:26:20.054+0800: 6.858: [CMS-concurrent-abortable-preclean: 0.001/0.063 secs] [Times: user=0.02 sys=0.00, real=0.06 secs] 
 (concurrent mode failure): 12483K->2228K(13696K), 0.0023985 secs] 17721K->2228K(19840K), [Metaspace: 5073K->5073K(1056768K)], 0.0024652 secs] [Times: user=0.00 sys=0.00, real=0.00 secs] 
Heap after GC invocations=884 (full 107):
 par new generation   total 6144K, used 0K [0x00000000fec00000, 0x00000000ff2a0000, 0x00000000ff2a0000)
  eden space 5504K,   0% used [0x00000000fec00000, 0x00000000fec00000, 0x00000000ff160000)
  from space 640K,   0% used [0x00000000ff200000, 0x00000000ff200000, 0x00000000ff2a0000)
  to   space 640K,   0% used [0x00000000ff160000, 0x00000000ff160000, 0x00000000ff200000)
 concurrent mark-sweep generation total 13696K, used 2228K [0x00000000ff2a0000, 0x0000000100000000, 0x0000000100000000)
 Metaspace       used 5073K, capacity 5258K, committed 5504K, reserved 1056768K
  class space    used 557K, capacity 597K, committed 640K, reserved 1048576K
}
{Heap before GC invocations=884 (full 107):
 par new generation   total 6144K, used 5229K [0x00000000fec00000, 0x00000000ff2a0000, 0x00000000ff2a0000)
  eden space 5504K,  95% used [0x00000000fec00000, 0x00000000ff11b798, 0x00000000ff160000)
  from space 640K,   0% used [0x00000000ff200000, 0x00000000ff200000, 0x00000000ff2a0000)
  to   space 640K,   0% used [0x00000000ff160000, 0x00000000ff160000, 0x00000000ff200000)
 concurrent mark-sweep generation total 13696K, used 2228K [0x00000000ff2a0000, 0x0000000100000000, 0x0000000100000000)
 Metaspace       used 5073K, capacity 5258K, committed 5504K, reserved 1056768K
  class space    used 557K, capacity 597K, committed 640K, reserved 1048576K
2024-07-16T18:26:20.062+0800: 6.866: [GC (Allocation Failure) 2024-07-16T18:26:20.062+0800: 6.866: [ParNew: 5229K->6K(6144K), 0.0004726 secs] 7458K->3260K(19840K), 0.0005173 secs] [Times: user=0.00 sys=0.00, real=0.00 secs] 
Heap after GC invocations=885 (full 107):
 par new generation   total 6144K, used 6K [0x00000000fec00000, 0x00000000ff2a0000, 0x00000000ff2a0000)
  eden space 5504K,   0% used [0x00000000fec00000, 0x00000000fec00000, 0x00000000ff160000)
  from space 640K,   0% used [0x00000000ff160000, 0x00000000ff161830, 0x00000000ff200000)
  to   space 640K,   0% used [0x00000000ff200000, 0x00000000ff200000, 0x00000000ff2a0000)
 concurrent mark-sweep generation total 13696K, used 3254K [0x00000000ff2a0000, 0x0000000100000000, 0x0000000100000000)
 Metaspace       used 5073K, capacity 5258K, committed 5504K, reserved 1056768K
  class space    used 557K, capacity 597K, committed 640K, reserved 1048576K
}
{Heap before GC invocations=885 (full 107):
 par new generation   total 6144K, used 5235K [0x00000000fec00000, 0x00000000ff2a0000, 0x00000000ff2a0000)
  eden space 5504K,  95% used [0x00000000fec00000, 0x00000000ff11b798, 0x00000000ff160000)
  from space 640K,   0% used [0x00000000ff160000, 0x00000000ff161830, 0x00000000ff200000)
  to   space 640K,   0% used [0x00000000ff200000, 0x00000000ff200000, 0x00000000ff2a0000)
 concurrent mark-sweep generation total 13696K, used 3254K [0x00000000ff2a0000, 0x0000000100000000, 0x0000000100000000)
 Metaspace       used 5073K, capacity 5258K, committed 5504K, reserved 1056768K
  class space    used 557K, capacity 597K, committed 640K, reserved 1048576K
2024-07-16T18:26:20.068+0800: 6.872: [GC (Allocation Failure) 2024-07-16T18:26:20.068+0800: 6.872: [ParNew: 5235K->10K(6144K), 0.0004130 secs] 8490K->4291K(19840K), 0.0004529 secs] [Times: user=0.00 sys=0.00, real=0.00 secs] 
Heap after GC invocations=886 (full 107):
 par new generation   total 6144K, used 10K [0x00000000fec00000, 0x00000000ff2a0000, 0x00000000ff2a0000)
  eden space 5504K,   0% used [0x00000000fec00000, 0x00000000fec00000, 0x00000000ff160000)
  from space 640K,   1% used [0x00000000ff200000, 0x00000000ff202850, 0x00000000ff2a0000)
  to   space 640K,   0% used [0x00000000ff160000, 0x00000000ff160000, 0x00000000ff200000)
 concurrent mark-sweep generation total 13696K, used 4281K [0x00000000ff2a0000, 0x0000000100000000, 0x0000000100000000)
 Metaspace       used 5073K, capacity 5258K, committed 5504K, reserved 1056768K
  class space    used 557K, capacity 597K, committed 640K, reserved 1048576K
}
{Heap before GC invocations=886 (full 107):
 par new generation   total 6144K, used 5239K [0x00000000fec00000, 0x00000000ff2a0000, 0x00000000ff2a0000)
  eden space 5504K,  95% used [0x00000000fec00000, 0x00000000ff11b798, 0x00000000ff160000)
  from space 640K,   1% used [0x00000000ff200000, 0x00000000ff202850, 0x00000000ff2a0000)
  to   space 640K,   0% used [0x00000000ff160000, 0x00000000ff160000, 0x00000000ff200000)
 concurrent mark-sweep generation total 13696K, used 4281K [0x00000000ff2a0000, 0x0000000100000000, 0x0000000100000000)
 Metaspace       used 5073K, capacity 5258K, committed 5504K, reserved 1056768K
  class space    used 557K, capacity 597K, committed 640K, reserved 1048576K
2024-07-16T18:26:20.073+0800: 6.877: [GC (Allocation Failure) 2024-07-16T18:26:20.073+0800: 6.877: [ParNew: 5239K->4K(6144K), 0.0003098 secs] 9520K->4285K(19840K), 0.0003589 secs] [Times: user=0.00 sys=0.00, real=0.00 secs] 
Heap after GC invocations=887 (full 107):
 par new generation   total 6144K, used 4K [0x00000000fec00000, 0x00000000ff2a0000, 0x00000000ff2a0000)
  eden space 5504K,   0% used [0x00000000fec00000, 0x00000000fec00000, 0x00000000ff160000)
  from space 640K,   0% used [0x00000000ff160000, 0x00000000ff161020, 0x00000000ff200000)
  to   space 640K,   0% used [0x00000000ff200000, 0x00000000ff200000, 0x00000000ff2a0000)
 concurrent mark-sweep generation total 13696K, used 4281K [0x00000000ff2a0000, 0x0000000100000000, 0x0000000100000000)
 Metaspace       used 5073K, capacity 5258K, committed 5504K, reserved 1056768K
  class space    used 557K, capacity 597K, committed 640K, reserved 1048576K
}
{Heap before GC invocations=887 (full 107):
 par new generation   total 6144K, used 5233K [0x00000000fec00000, 0x00000000ff2a0000, 0x00000000ff2a0000)
  eden space 5504K,  95% used [0x00000000fec00000, 0x00000000ff11b798, 0x00000000ff160000)
  from space 640K,   0% used [0x00000000ff160000, 0x00000000ff161020, 0x00000000ff200000)
  to   space 640K,   0% used [0x00000000ff200000, 0x00000000ff200000, 0x00000000ff2a0000)
 concurrent mark-sweep generation total 13696K, used 4281K [0x00000000ff2a0000, 0x0000000100000000, 0x0000000100000000)
 Metaspace       used 5073K, capacity 5258K, committed 5504K, reserved 1056768K
  class space    used 557K, capacity 597K, committed 640K, reserved 1048576K
2024-07-16T18:26:20.079+0800: 6.883: [GC (Allocation Failure) 2024-07-16T18:26:20.079+0800: 6.883: [ParNew: 5233K->10K(6144K), 0.0004940 secs] 9514K->5315K(19840K), 0.0005459 secs] [Times: user=0.00 sys=0.00, real=0.00 secs] 
Heap after GC invocations=888 (full 107):
 par new generation   total 6144K, used 10K [0x00000000fec00000, 0x00000000ff2a0000, 0x00000000ff2a0000)
  eden space 5504K,   0% used [0x00000000fec00000, 0x00000000fec00000, 0x00000000ff160000)
  from space 640K,   1% used [0x00000000ff200000, 0x00000000ff202850, 0x00000000ff2a0000)
  to   space 640K,   0% used [0x00000000ff160000, 0x00000000ff160000, 0x00000000ff200000)
 concurrent mark-sweep generation total 13696K, used 5305K [0x00000000ff2a0000, 0x0000000100000000, 0x0000000100000000)
 Metaspace       used 5073K, capacity 5258K, committed 5504K, reserved 1056768K
  class space    used 557K, capacity 597K, committed 640K, reserved 1048576K
}
{Heap before GC invocations=888 (full 107):
 par new generation   total 6144K, used 5239K [0x00000000fec00000, 0x00000000ff2a0000, 0x00000000ff2a0000)
  eden space 5504K,  95% used [0x00000000fec00000, 0x00000000ff11b798, 0x00000000ff160000)
  from space 640K,   1% used [0x00000000ff200000, 0x00000000ff202850, 0x00000000ff2a0000)
  to   space 640K,   0% used [0x00000000ff160000, 0x00000000ff160000, 0x00000000ff200000)
 concurrent mark-sweep generation total 13696K, used 5305K [0x00000000ff2a0000, 0x0000000100000000, 0x0000000100000000)
 Metaspace       used 5073K, capacity 5258K, committed 5504K, reserved 1056768K
  class space    used 557K, capacity 597K, committed 640K, reserved 1048576K
2024-07-16T18:26:20.085+0800: 6.889: [GC (Allocation Failure) 2024-07-16T18:26:20.085+0800: 6.889: [ParNew: 5239K->4K(6144K), 0.0004799 secs] 10545K->6335K(19840K), 0.0005303 secs] [Times: user=0.00 sys=0.00, real=0.00 secs] 
Heap after GC invocations=889 (full 107):
 par new generation   total 6144K, used 4K [0x00000000fec00000, 0x00000000ff2a0000, 0x00000000ff2a0000)
  eden space 5504K,   0% used [0x00000000fec00000, 0x00000000fec00000, 0x00000000ff160000)
  from space 640K,   0% used [0x00000000ff160000, 0x00000000ff161020, 0x00000000ff200000)
  to   space 640K,   0% used [0x00000000ff200000, 0x00000000ff200000, 0x00000000ff2a0000)
 concurrent mark-sweep generation total 13696K, used 6331K [0x00000000ff2a0000, 0x0000000100000000, 0x0000000100000000)
 Metaspace       used 5073K, capacity 5258K, committed 5504K, reserved 1056768K
  class space    used 557K, capacity 597K, committed 640K, reserved 1048576K
}
2024-07-16T18:26:20.086+0800: 6.890: [GC (CMS Initial Mark) [1 CMS-initial-mark: 6331K(13696K)] 7361K(19840K), 0.0001273 secs] [Times: user=0.00 sys=0.00, real=0.00 secs] 
2024-07-16T18:26:20.086+0800: 6.890: [CMS-concurrent-mark-start]
2024-07-16T18:26:20.087+0800: 6.891: [CMS-concurrent-mark: 0.001/0.001 secs] [Times: user=0.00 sys=0.00, real=0.00 secs] 
2024-07-16T18:26:20.087+0800: 6.891: [CMS-concurrent-preclean-start]
2024-07-16T18:26:20.087+0800: 6.891: [CMS-concurrent-preclean: 0.000/0.000 secs] [Times: user=0.00 sys=0.00, real=0.00 secs] 
2024-07-16T18:26:20.087+0800: 6.891: [CMS-concurrent-abortable-preclean-start]
{Heap before GC invocations=889 (full 108):
 par new generation   total 6144K, used 5233K [0x00000000fec00000, 0x00000000ff2a0000, 0x00000000ff2a0000)
  eden space 5504K,  95% used [0x00000000fec00000, 0x00000000ff11b798, 0x00000000ff160000)
  from space 640K,   0% used [0x00000000ff160000, 0x00000000ff161020, 0x00000000ff200000)
  to   space 640K,   0% used [0x00000000ff200000, 0x00000000ff200000, 0x00000000ff2a0000)
 concurrent mark-sweep generation total 13696K, used 6331K [0x00000000ff2a0000, 0x0000000100000000, 0x0000000100000000)
 Metaspace       used 5073K, capacity 5258K, committed 5504K, reserved 1056768K
  class space    used 557K, capacity 597K, committed 640K, reserved 1048576K
2024-07-16T18:26:20.092+0800: 6.896: [GC (Allocation Failure) 2024-07-16T18:26:20.092+0800: 6.896: [ParNew: 5233K->4K(6144K), 0.0004332 secs] 11565K->7361K(19840K), 0.0004745 secs] [Times: user=0.00 sys=0.00, real=0.00 secs] 
Heap after GC invocations=890 (full 108):
 par new generation   total 6144K, used 4K [0x00000000fec00000, 0x00000000ff2a0000, 0x00000000ff2a0000)
  eden space 5504K,   0% used [0x00000000fec00000, 0x00000000fec00000, 0x00000000ff160000)
  from space 640K,   0% used [0x00000000ff200000, 0x00000000ff201020, 0x00000000ff2a0000)
  to   space 640K,   0% used [0x00000000ff160000, 0x00000000ff160000, 0x00000000ff200000)
 concurrent mark-sweep generation total 13696K, used 7357K [0x00000000ff2a0000, 0x0000000100000000, 0x0000000100000000)
 Metaspace       used 5073K, capacity 5258K, committed 5504K, reserved 1056768K
  class space    used 557K, capacity 597K, committed 640K, reserved 1048576K
}
{Heap before GC invocations=890 (full 108):
 par new generation   total 6144K, used 5233K [0x00000000fec00000, 0x00000000ff2a0000, 0x00000000ff2a0000)
  eden space 5504K,  95% used [0x00000000fec00000, 0x00000000ff11b798, 0x00000000ff160000)
  from space 640K,   0% used [0x00000000ff200000, 0x00000000ff201020, 0x00000000ff2a0000)
  to   space 640K,   0% used [0x00000000ff160000, 0x00000000ff160000, 0x00000000ff200000)
 concurrent mark-sweep generation total 13696K, used 7357K [0x00000000ff2a0000, 0x0000000100000000, 0x0000000100000000)
 Metaspace       used 5073K, capacity 5258K, committed 5504K, reserved 1056768K
  class space    used 557K, capacity 597K, committed 640K, reserved 1048576K
2024-07-16T18:26:20.099+0800: 6.903: [GC (Allocation Failure) 2024-07-16T18:26:20.099+0800: 6.903: [ParNew: 5233K->8K(6144K), 0.0004716 secs] 12591K->8391K(19840K), 0.0005465 secs] [Times: user=0.00 sys=0.00, real=0.00 secs] 
Heap after GC invocations=891 (full 108):
 par new generation   total 6144K, used 8K [0x00000000fec00000, 0x00000000ff2a0000, 0x00000000ff2a0000)
  eden space 5504K,   0% used [0x00000000fec00000, 0x00000000fec00000, 0x00000000ff160000)
  from space 640K,   1% used [0x00000000ff160000, 0x00000000ff162040, 0x00000000ff200000)
  to   space 640K,   0% used [0x00000000ff200000, 0x00000000ff200000, 0x00000000ff2a0000)
 concurrent mark-sweep generation total 13696K, used 8383K [0x00000000ff2a0000, 0x0000000100000000, 0x0000000100000000)
 Metaspace       used 5073K, capacity 5258K, committed 5504K, reserved 1056768K
  class space    used 557K, capacity 597K, committed 640K, reserved 1048576K
}
{Heap before GC invocations=891 (full 108):
 par new generation   total 6144K, used 5237K [0x00000000fec00000, 0x00000000ff2a0000, 0x00000000ff2a0000)
  eden space 5504K,  95% used [0x00000000fec00000, 0x00000000ff11b798, 0x00000000ff160000)
  from space 640K,   1% used [0x00000000ff160000, 0x00000000ff162040, 0x00000000ff200000)
  to   space 640K,   0% used [0x00000000ff200000, 0x00000000ff200000, 0x00000000ff2a0000)
 concurrent mark-sweep generation total 13696K, used 8383K [0x00000000ff2a0000, 0x0000000100000000, 0x0000000100000000)
 Metaspace       used 5073K, capacity 5258K, committed 5504K, reserved 1056768K
  class space    used 557K, capacity 597K, committed 640K, reserved 1048576K
2024-07-16T18:26:20.105+0800: 6.909: [GC (Allocation Failure) 2024-07-16T18:26:20.105+0800: 6.909: [ParNew: 5237K->8K(6144K), 0.0003818 secs] 13621K->9415K(19840K), 0.0004346 secs] [Times: user=0.00 sys=0.00, real=0.00 secs] 
Heap after GC invocations=892 (full 108):
 par new generation   total 6144K, used 8K [0x00000000fec00000, 0x00000000ff2a0000, 0x00000000ff2a0000)
  eden space 5504K,   0% used [0x00000000fec00000, 0x00000000fec00000, 0x00000000ff160000)
  from space 640K,   1% used [0x00000000ff200000, 0x00000000ff202040, 0x00000000ff2a0000)
  to   space 640K,   0% used [0x00000000ff160000, 0x00000000ff160000, 0x00000000ff200000)
 concurrent mark-sweep generation total 13696K, used 9407K [0x00000000ff2a0000, 0x0000000100000000, 0x0000000100000000)
 Metaspace       used 5073K, capacity 5258K, committed 5504K, reserved 1056768K
  class space    used 557K, capacity 597K, committed 640K, reserved 1048576K
}
{Heap before GC invocations=892 (full 108):
 par new generation   total 6144K, used 5237K [0x00000000fec00000, 0x00000000ff2a0000, 0x00000000ff2a0000)
  eden space 5504K,  95% used [0x00000000fec00000, 0x00000000ff11b798, 0x00000000ff160000)
  from space 640K,   1% used [0x00000000ff200000, 0x00000000ff202040, 0x00000000ff2a0000)
  to   space 640K,   0% used [0x00000000ff160000, 0x00000000ff160000, 0x00000000ff200000)
 concurrent mark-sweep generation total 13696K, used 9407K [0x00000000ff2a0000, 0x0000000100000000, 0x0000000100000000)
 Metaspace       used 5073K, capacity 5258K, committed 5504K, reserved 1056768K
  class space    used 557K, capacity 597K, committed 640K, reserved 1048576K
2024-07-16T18:26:20.111+0800: 6.915: [GC (Allocation Failure) 2024-07-16T18:26:20.111+0800: 6.915: [ParNew: 5237K->6K(6144K), 0.0004364 secs] 14645K->10439K(19840K), 0.0004822 secs] [Times: user=0.00 sys=0.00, real=0.00 secs] 
Heap after GC invocations=893 (full 108):
 par new generation   total 6144K, used 6K [0x00000000fec00000, 0x00000000ff2a0000, 0x00000000ff2a0000)
  eden space 5504K,   0% used [0x00000000fec00000, 0x00000000fec00000, 0x00000000ff160000)
  from space 640K,   0% used [0x00000000ff160000, 0x00000000ff161830, 0x00000000ff200000)
  to   space 640K,   0% used [0x00000000ff200000, 0x00000000ff200000, 0x00000000ff2a0000)
 concurrent mark-sweep generation total 13696K, used 10433K [0x00000000ff2a0000, 0x0000000100000000, 0x0000000100000000)
 Metaspace       used 5073K, capacity 5258K, committed 5504K, reserved 1056768K
  class space    used 557K, capacity 597K, committed 640K, reserved 1048576K
}
{Heap before GC invocations=893 (full 108):
 par new generation   total 6144K, used 5235K [0x00000000fec00000, 0x00000000ff2a0000, 0x00000000ff2a0000)
  eden space 5504K,  95% used [0x00000000fec00000, 0x00000000ff11b798, 0x00000000ff160000)
  from space 640K,   0% used [0x00000000ff160000, 0x00000000ff161830, 0x00000000ff200000)
  to   space 640K,   0% used [0x00000000ff200000, 0x00000000ff200000, 0x00000000ff2a0000)
 concurrent mark-sweep generation total 13696K, used 10433K [0x00000000ff2a0000, 0x0000000100000000, 0x0000000100000000)
 Metaspace       used 5073K, capacity 5258K, committed 5504K, reserved 1056768K
  class space    used 557K, capacity 597K, committed 640K, reserved 1048576K
2024-07-16T18:26:20.117+0800: 6.921: [GC (Allocation Failure) 2024-07-16T18:26:20.117+0800: 6.921: [ParNew: 5235K->8K(6144K), 0.0003795 secs] 15669K->11465K(19840K), 0.0004295 secs] [Times: user=0.00 sys=0.00, real=0.00 secs] 
Heap after GC invocations=894 (full 108):
 par new generation   total 6144K, used 8K [0x00000000fec00000, 0x00000000ff2a0000, 0x00000000ff2a0000)
  eden space 5504K,   0% used [0x00000000fec00000, 0x00000000fec00000, 0x00000000ff160000)
  from space 640K,   1% used [0x00000000ff200000, 0x00000000ff202040, 0x00000000ff2a0000)
  to   space 640K,   0% used [0x00000000ff160000, 0x00000000ff160000, 0x00000000ff200000)
 concurrent mark-sweep generation total 13696K, used 11457K [0x00000000ff2a0000, 0x0000000100000000, 0x0000000100000000)
 Metaspace       used 5073K, capacity 5258K, committed 5504K, reserved 1056768K
  class space    used 557K, capacity 597K, committed 640K, reserved 1048576K
}
{Heap before GC invocations=894 (full 108):
 par new generation   total 6144K, used 5237K [0x00000000fec00000, 0x00000000ff2a0000, 0x00000000ff2a0000)
  eden space 5504K,  95% used [0x00000000fec00000, 0x00000000ff11b798, 0x00000000ff160000)
  from space 640K,   1% used [0x00000000ff200000, 0x00000000ff202040, 0x00000000ff2a0000)
  to   space 640K,   0% used [0x00000000ff160000, 0x00000000ff160000, 0x00000000ff200000)
 concurrent mark-sweep generation total 13696K, used 11457K [0x00000000ff2a0000, 0x0000000100000000, 0x0000000100000000)
 Metaspace       used 5073K, capacity 5258K, committed 5504K, reserved 1056768K
  class space    used 557K, capacity 597K, committed 640K, reserved 1048576K
2024-07-16T18:26:20.123+0800: 6.927: [GC (Allocation Failure) 2024-07-16T18:26:20.123+0800: 6.927: [ParNew: 5237K->6K(6144K), 0.0003846 secs] 16695K->12487K(19840K), 0.0004229 secs] [Times: user=0.00 sys=0.00, real=0.00 secs] 
Heap after GC invocations=895 (full 108):
 par new generation   total 6144K, used 6K [0x00000000fec00000, 0x00000000ff2a0000, 0x00000000ff2a0000)
  eden space 5504K,   0% used [0x00000000fec00000, 0x00000000fec00000, 0x00000000ff160000)
  from space 640K,   0% used [0x00000000ff160000, 0x00000000ff161830, 0x00000000ff200000)
  to   space 640K,   0% used [0x00000000ff200000, 0x00000000ff200000, 0x00000000ff2a0000)
 concurrent mark-sweep generation total 13696K, used 12481K [0x00000000ff2a0000, 0x0000000100000000, 0x0000000100000000)
 Metaspace       used 5073K, capacity 5258K, committed 5504K, reserved 1056768K
  class space    used 557K, capacity 597K, committed 640K, reserved 1048576K
}
{Heap before GC invocations=895 (full 108):
 par new generation   total 6144K, used 5235K [0x00000000fec00000, 0x00000000ff2a0000, 0x00000000ff2a0000)
  eden space 5504K,  95% used [0x00000000fec00000, 0x00000000ff11b798, 0x00000000ff160000)
  from space 640K,   0% used [0x00000000ff160000, 0x00000000ff161830, 0x00000000ff200000)
  to   space 640K,   0% used [0x00000000ff200000, 0x00000000ff200000, 0x00000000ff2a0000)
 concurrent mark-sweep generation total 13696K, used 12481K [0x00000000ff2a0000, 0x0000000100000000, 0x0000000100000000)
 Metaspace       used 5073K, capacity 5258K, committed 5504K, reserved 1056768K
  class space    used 557K, capacity 597K, committed 640K, reserved 1048576K
2024-07-16T18:26:20.128+0800: 6.932: [GC (Allocation Failure) 2024-07-16T18:26:20.128+0800: 6.932: [ParNew: 5235K->10K(6144K), 0.0003409 secs] 17717K->13515K(19840K), 0.0003775 secs] [Times: user=0.00 sys=0.00, real=0.00 secs] 
Heap after GC invocations=896 (full 108):
 par new generation   total 6144K, used 10K [0x00000000fec00000, 0x00000000ff2a0000, 0x00000000ff2a0000)
  eden space 5504K,   0% used [0x00000000fec00000, 0x00000000fec00000, 0x00000000ff160000)
  from space 640K,   1% used [0x00000000ff200000, 0x00000000ff202850, 0x00000000ff2a0000)
  to   space 640K,   0% used [0x00000000ff160000, 0x00000000ff160000, 0x00000000ff200000)
 concurrent mark-sweep generation total 13696K, used 13505K [0x00000000ff2a0000, 0x0000000100000000, 0x0000000100000000)
 Metaspace       used 5073K, capacity 5258K, committed 5504K, reserved 1056768K
  class space    used 557K, capacity 597K, committed 640K, reserved 1048576K
}
2024-07-16T18:26:20.128+0800: 6.933: [CMS-concurrent-abortable-preclean: 0.000/0.042 secs] [Times: user=0.00 sys=0.00, real=0.04 secs] 
2024-07-16T18:26:20.129+0800: 6.933: [GC (CMS Final Remark) [YG occupancy: 1034 K (6144 K)]{Heap before GC invocations=896 (full 108):
 par new generation   total 6144K, used 1034K [0x00000000fec00000, 0x00000000ff2a0000, 0x00000000ff2a0000)
  eden space 5504K,  18% used [0x00000000fec00000, 0x00000000fed00010, 0x00000000ff160000)
  from space 640K,   1% used [0x00000000ff200000, 0x00000000ff202850, 0x00000000ff2a0000)
  to   space 640K,   0% used [0x00000000ff160000, 0x00000000ff160000, 0x00000000ff200000)
 concurrent mark-sweep generation total 13696K, used 13505K [0x00000000ff2a0000, 0x0000000100000000, 0x0000000100000000)
 Metaspace       used 5073K, capacity 5258K, committed 5504K, reserved 1056768K
  class space    used 557K, capacity 597K, committed 640K, reserved 1048576K
2024-07-16T18:26:20.129+0800: 6.933: [GC (CMS Final Remark) 2024-07-16T18:26:20.129+0800: 6.933: [ParNew: 1034K->1034K(6144K), 0.0000066 secs] 14539K->14539K(19840K), 0.0000171 secs] [Times: user=0.00 sys=0.00, real=0.00 secs] 
Heap after GC invocations=897 (full 108):
 par new generation   total 6144K, used 1034K [0x00000000fec00000, 0x00000000ff2a0000, 0x00000000ff2a0000)
  eden space 5504K,  18% used [0x00000000fec00000, 0x00000000fed00010, 0x00000000ff160000)
  from space 640K,   1% used [0x00000000ff200000, 0x00000000ff202850, 0x00000000ff2a0000)
  to   space 640K,   0% used [0x00000000ff160000, 0x00000000ff160000, 0x00000000ff200000)
 concurrent mark-sweep generation total 13696K, used 13505K [0x00000000ff2a0000, 0x0000000100000000, 0x0000000100000000)
 Metaspace       used 5073K, capacity 5258K, committed 5504K, reserved 1056768K
  class space    used 557K, capacity 597K, committed 640K, reserved 1048576K
}
2024-07-16T18:26:20.129+0800: 6.933: [Rescan (parallel) , 0.0001078 secs]2024-07-16T18:26:20.129+0800: 6.933: [weak refs processing, 0.0000075 secs]2024-07-16T18:26:20.129+0800: 6.933: [class unloading, 0.0003002 secs]2024-07-16T18:26:20.129+0800: 6.933: [scrub symbol table, 0.0003571 secs]2024-07-16T18:26:20.129+0800: 6.934: [scrub string table, 0.0000847 secs][1 CMS-remark: 13505K(13696K)] 14539K(19840K), 0.0009397 secs] [Times: user=0.00 sys=0.00, real=0.00 secs] 
2024-07-16T18:26:20.129+0800: 6.934: [CMS-concurrent-sweep-start]
2024-07-16T18:26:20.130+0800: 6.934: [CMS-concurrent-sweep: 0.000/0.000 secs] [Times: user=0.00 sys=0.00, real=0.00 secs] 
2024-07-16T18:26:20.130+0800: 6.934: [CMS-concurrent-reset-start]
2024-07-16T18:26:20.130+0800: 6.934: [CMS-concurrent-reset: 0.000/0.000 secs] [Times: user=0.00 sys=0.00, real=0.00 secs] 
{Heap before GC invocations=897 (full 108):
 par new generation   total 6144K, used 5239K [0x00000000fec00000, 0x00000000ff2a0000, 0x00000000ff2a0000)
  eden space 5504K,  95% used [0x00000000fec00000, 0x00000000ff11b798, 0x00000000ff160000)
  from space 640K,   1% used [0x00000000ff200000, 0x00000000ff202850, 0x00000000ff2a0000)
  to   space 640K,   0% used [0x00000000ff160000, 0x00000000ff160000, 0x00000000ff200000)
 concurrent mark-sweep generation total 13696K, used 8385K [0x00000000ff2a0000, 0x0000000100000000, 0x0000000100000000)
 Metaspace       used 5073K, capacity 5258K, committed 5504K, reserved 1056768K
  class space    used 557K, capacity 597K, committed 640K, reserved 1048576K
2024-07-16T18:26:20.135+0800: 6.939: [GC (Allocation Failure) 2024-07-16T18:26:20.135+0800: 6.939: [ParNew: 5239K->8K(6144K), 0.0003329 secs] 13625K->9419K(19840K), 0.0003637 secs] [Times: user=0.00 sys=0.00, real=0.00 secs] 
Heap after GC invocations=898 (full 108):
 par new generation   total 6144K, used 8K [0x00000000fec00000, 0x00000000ff2a0000, 0x00000000ff2a0000)
  eden space 5504K,   0% used [0x00000000fec00000, 0x00000000fec00000, 0x00000000ff160000)
  from space 640K,   1% used [0x00000000ff160000, 0x00000000ff162040, 0x00000000ff200000)
  to   space 640K,   0% used [0x00000000ff200000, 0x00000000ff200000, 0x00000000ff2a0000)
 concurrent mark-sweep generation total 13696K, used 9411K [0x00000000ff2a0000, 0x0000000100000000, 0x0000000100000000)
 Metaspace       used 5073K, capacity 5258K, committed 5504K, reserved 1056768K
  class space    used 557K, capacity 597K, committed 640K, reserved 1048576K
}
2024-07-16T18:26:20.135+0800: 6.940: [GC (CMS Initial Mark) [1 CMS-initial-mark: 9411K(13696K)] 10443K(19840K), 0.0001080 secs] [Times: user=0.00 sys=0.00, real=0.00 secs] 
2024-07-16T18:26:20.135+0800: 6.940: [CMS-concurrent-mark-start]
2024-07-16T18:26:20.136+0800: 6.941: [CMS-concurrent-mark: 0.001/0.001 secs] [Times: user=0.00 sys=0.00, real=0.00 secs] 
2024-07-16T18:26:20.136+0800: 6.941: [CMS-concurrent-preclean-start]
2024-07-16T18:26:20.136+0800: 6.941: [CMS-concurrent-preclean: 0.000/0.000 secs] [Times: user=0.00 sys=0.00, real=0.00 secs] 
2024-07-16T18:26:20.136+0800: 6.941: [GC (CMS Final Remark) [YG occupancy: 1132 K (6144 K)]{Heap before GC invocations=898 (full 109):
 par new generation   total 6144K, used 1132K [0x00000000fec00000, 0x00000000ff2a0000, 0x00000000ff2a0000)
  eden space 5504K,  20% used [0x00000000fec00000, 0x00000000fed190f8, 0x00000000ff160000)
  from space 640K,   1% used [0x00000000ff160000, 0x00000000ff162040, 0x00000000ff200000)
  to   space 640K,   0% used [0x00000000ff200000, 0x00000000ff200000, 0x00000000ff2a0000)
 concurrent mark-sweep generation total 13696K, used 9411K [0x00000000ff2a0000, 0x0000000100000000, 0x0000000100000000)
 Metaspace       used 5073K, capacity 5258K, committed 5504K, reserved 1056768K
  class space    used 557K, capacity 597K, committed 640K, reserved 1048576K
2024-07-16T18:26:20.136+0800: 6.941: [GC (CMS Final Remark) 2024-07-16T18:26:20.136+0800: 6.941: [ParNew: 1132K->10K(6144K), 0.0002358 secs] 10543K->10447K(19840K), 0.0002505 secs] [Times: user=0.00 sys=0.00, real=0.00 secs] 
Heap after GC invocations=899 (full 109):
 par new generation   total 6144K, used 10K [0x00000000fec00000, 0x00000000ff2a0000, 0x00000000ff2a0000)
  eden space 5504K,   0% used [0x00000000fec00000, 0x00000000fec00000, 0x00000000ff160000)
  from space 640K,   1% used [0x00000000ff200000, 0x00000000ff202850, 0x00000000ff2a0000)
  to   space 640K,   0% used [0x00000000ff160000, 0x00000000ff160000, 0x00000000ff200000)
 concurrent mark-sweep generation total 13696K, used 10437K [0x00000000ff2a0000, 0x0000000100000000, 0x0000000100000000)
 Metaspace       used 5073K, capacity 5258K, committed 5504K, reserved 1056768K
  class space    used 557K, capacity 597K, committed 640K, reserved 1048576K
}
2024-07-16T18:26:20.137+0800: 6.941: [Rescan (parallel) , 0.0001285 secs]2024-07-16T18:26:20.137+0800: 6.942: [weak refs processing, 0.0000069 secs]2024-07-16T18:26:20.137+0800: 6.942: [class unloading, 0.0002766 secs]2024-07-16T18:26:20.137+0800: 6.942: [scrub symbol table, 0.0003207 secs]2024-07-16T18:26:20.138+0800: 6.942: [scrub string table, 0.0000926 secs][1 CMS-remark: 10437K(13696K)] 10447K(19840K), 0.0011465 secs] [Times: user=0.00 sys=0.00, real=0.00 secs] 
2024-07-16T18:26:20.138+0800: 6.942: [CMS-concurrent-sweep-start]
2024-07-16T18:26:20.138+0800: 6.942: [CMS-concurrent-sweep: 0.000/0.000 secs] [Times: user=0.00 sys=0.00, real=0.00 secs] 
2024-07-16T18:26:20.138+0800: 6.942: [CMS-concurrent-reset-start]
2024-07-16T18:26:20.138+0800: 6.943: [CMS-concurrent-reset: 0.000/0.000 secs] [Times: user=0.00 sys=0.00, real=0.00 secs] 
{Heap before GC invocations=899 (full 109):
 par new generation   total 6144K, used 5232K [0x00000000fec00000, 0x00000000ff2a0000, 0x00000000ff2a0000)
  eden space 5504K,  94% used [0x00000000fec00000, 0x00000000ff119968, 0x00000000ff160000)
  from space 640K,   1% used [0x00000000ff200000, 0x00000000ff202850, 0x00000000ff2a0000)
  to   space 640K,   0% used [0x00000000ff160000, 0x00000000ff160000, 0x00000000ff200000)
 concurrent mark-sweep generation total 13696K, used 3269K [0x00000000ff2a0000, 0x0000000100000000, 0x0000000100000000)
 Metaspace       used 5073K, capacity 5258K, committed 5504K, reserved 1056768K
  class space    used 557K, capacity 597K, committed 640K, reserved 1048576K
2024-07-16T18:26:20.146+0800: 6.950: [GC (Allocation Failure) 2024-07-16T18:26:20.146+0800: 6.950: [ParNew: 5232K->6K(6144K), 0.0003949 secs] 8501K->4299K(19840K), 0.0004320 secs] [Times: user=0.00 sys=0.00, real=0.00 secs] 
Heap after GC invocations=900 (full 109):
 par new generation   total 6144K, used 6K [0x00000000fec00000, 0x00000000ff2a0000, 0x00000000ff2a0000)
  eden space 5504K,   0% used [0x00000000fec00000, 0x00000000fec00000, 0x00000000ff160000)
  from space 640K,   0% used [0x00000000ff160000, 0x00000000ff161830, 0x00000000ff200000)
  to   space 640K,   0% used [0x00000000ff200000, 0x00000000ff200000, 0x00000000ff2a0000)
 concurrent mark-sweep generation total 13696K, used 4293K [0x00000000ff2a0000, 0x0000000100000000, 0x0000000100000000)
 Metaspace       used 5073K, capacity 5258K, committed 5504K, reserved 1056768K
  class space    used 557K, capacity 597K, committed 640K, reserved 1048576K
}
{Heap before GC invocations=900 (full 109):
 par new generation   total 6144K, used 5223K [0x00000000fec00000, 0x00000000ff2a0000, 0x00000000ff2a0000)
  eden space 5504K,  94% used [0x00000000fec00000, 0x00000000ff1185f8, 0x00000000ff160000)
  from space 640K,   0% used [0x00000000ff160000, 0x00000000ff161830, 0x00000000ff200000)
  to   space 640K,   0% used [0x00000000ff200000, 0x00000000ff200000, 0x00000000ff2a0000)
 concurrent mark-sweep generation total 13696K, used 4293K [0x00000000ff2a0000, 0x0000000100000000, 0x0000000100000000)
 Metaspace       used 5073K, capacity 5258K, committed 5504K, reserved 1056768K
  class space    used 557K, capacity 597K, committed 640K, reserved 1048576K
2024-07-16T18:26:20.152+0800: 6.956: [GC (Allocation Failure) 2024-07-16T18:26:20.152+0800: 6.956: [ParNew: 5223K->10K(6144K), 0.0003529 secs] 9516K->5329K(19840K), 0.0003795 secs] [Times: user=0.00 sys=0.00, real=0.00 secs] 
Heap after GC invocations=901 (full 109):
 par new generation   total 6144K, used 10K [0x00000000fec00000, 0x00000000ff2a0000, 0x00000000ff2a0000)
  eden space 5504K,   0% used [0x00000000fec00000, 0x00000000fec00000, 0x00000000ff160000)
  from space 640K,   1% used [0x00000000ff200000, 0x00000000ff202850, 0x00000000ff2a0000)
  to   space 640K,   0% used [0x00000000ff160000, 0x00000000ff160000, 0x00000000ff200000)
 concurrent mark-sweep generation total 13696K, used 5319K [0x00000000ff2a0000, 0x0000000100000000, 0x0000000100000000)
 Metaspace       used 5073K, capacity 5258K, committed 5504K, reserved 1056768K
  class space    used 557K, capacity 597K, committed 640K, reserved 1048576K
}
{Heap before GC invocations=901 (full 109):
 par new generation   total 6144K, used 5232K [0x00000000fec00000, 0x00000000ff2a0000, 0x00000000ff2a0000)
  eden space 5504K,  94% used [0x00000000fec00000, 0x00000000ff119a90, 0x00000000ff160000)
  from space 640K,   1% used [0x00000000ff200000, 0x00000000ff202850, 0x00000000ff2a0000)
  to   space 640K,   0% used [0x00000000ff160000, 0x00000000ff160000, 0x00000000ff200000)
 concurrent mark-sweep generation total 13696K, used 5319K [0x00000000ff2a0000, 0x0000000100000000, 0x0000000100000000)
 Metaspace       used 5073K, capacity 5258K, committed 5504K, reserved 1056768K
  class space    used 557K, capacity 597K, committed 640K, reserved 1048576K
2024-07-16T18:26:20.158+0800: 6.962: [GC (Allocation Failure) 2024-07-16T18:26:20.158+0800: 6.962: [ParNew: 5232K->8K(6144K), 0.0004919 secs] 10551K->6351K(19840K), 0.0005345 secs] [Times: user=0.00 sys=0.00, real=0.00 secs] 
Heap after GC invocations=902 (full 109):
 par new generation   total 6144K, used 8K [0x00000000fec00000, 0x00000000ff2a0000, 0x00000000ff2a0000)
  eden space 5504K,   0% used [0x00000000fec00000, 0x00000000fec00000, 0x00000000ff160000)
  from space 640K,   1% used [0x00000000ff160000, 0x00000000ff162040, 0x00000000ff200000)
  to   space 640K,   0% used [0x00000000ff200000, 0x00000000ff200000, 0x00000000ff2a0000)
 concurrent mark-sweep generation total 13696K, used 6343K [0x00000000ff2a0000, 0x0000000100000000, 0x0000000100000000)
 Metaspace       used 5073K, capacity 5258K, committed 5504K, reserved 1056768K
  class space    used 557K, capacity 597K, committed 640K, reserved 1048576K
}
{Heap before GC invocations=902 (full 109):
 par new generation   total 6144K, used 5233K [0x00000000fec00000, 0x00000000ff2a0000, 0x00000000ff2a0000)
  eden space 5504K,  94% used [0x00000000fec00000, 0x00000000ff11a4f0, 0x00000000ff160000)
  from space 640K,   1% used [0x00000000ff160000, 0x00000000ff162040, 0x00000000ff200000)
  to   space 640K,   0% used [0x00000000ff200000, 0x00000000ff200000, 0x00000000ff2a0000)
 concurrent mark-sweep generation total 13696K, used 6343K [0x00000000ff2a0000, 0x0000000100000000, 0x0000000100000000)
 Metaspace       used 5073K, capacity 5258K, committed 5504K, reserved 1056768K
  class space    used 557K, capacity 597K, committed 640K, reserved 1048576K
2024-07-16T18:26:20.165+0800: 6.969: [GC (Allocation Failure) 2024-07-16T18:26:20.165+0800: 6.969: [ParNew: 5233K->4K(6144K), 0.0002372 secs] 11576K->6347K(19840K), 0.0002715 secs] [Times: user=0.00 sys=0.00, real=0.00 secs] 
Heap after GC invocations=903 (full 109):
 par new generation   total 6144K, used 4K [0x00000000fec00000, 0x00000000ff2a0000, 0x00000000ff2a0000)
  eden space 5504K,   0% used [0x00000000fec00000, 0x00000000fec00000, 0x00000000ff160000)
  from space 640K,   0% used [0x00000000ff200000, 0x00000000ff201020, 0x00000000ff2a0000)
  to   space 640K,   0% used [0x00000000ff160000, 0x00000000ff160000, 0x00000000ff200000)
 concurrent mark-sweep generation total 13696K, used 6343K [0x00000000ff2a0000, 0x0000000100000000, 0x0000000100000000)
 Metaspace       used 5073K, capacity 5258K, committed 5504K, reserved 1056768K
  class space    used 557K, capacity 597K, committed 640K, reserved 1048576K
}
{Heap before GC invocations=903 (full 109):
 par new generation   total 6144K, used 5230K [0x00000000fec00000, 0x00000000ff2a0000, 0x00000000ff2a0000)
  eden space 5504K,  94% used [0x00000000fec00000, 0x00000000ff11ab98, 0x00000000ff160000)
  from space 640K,   0% used [0x00000000ff200000, 0x00000000ff201020, 0x00000000ff2a0000)
  to   space 640K,   0% used [0x00000000ff160000, 0x00000000ff160000, 0x00000000ff200000)
 concurrent mark-sweep generation total 13696K, used 6343K [0x00000000ff2a0000, 0x0000000100000000, 0x0000000100000000)
 Metaspace       used 5073K, capacity 5258K, committed 5504K, reserved 1056768K
  class space    used 557K, capacity 597K, committed 640K, reserved 1048576K
2024-07-16T18:26:20.171+0800: 6.975: [GC (Allocation Failure) 2024-07-16T18:26:20.171+0800: 6.975: [ParNew: 5230K->8K(6144K), 0.0004568 secs] 11574K->7375K(19840K), 0.0005103 secs] [Times: user=0.00 sys=0.00, real=0.00 secs] 
Heap after GC invocations=904 (full 109):
 par new generation   total 6144K, used 8K [0x00000000fec00000, 0x00000000ff2a0000, 0x00000000ff2a0000)
  eden space 5504K,   0% used [0x00000000fec00000, 0x00000000fec00000, 0x00000000ff160000)
  from space 640K,   1% used [0x00000000ff160000, 0x00000000ff162040, 0x00000000ff200000)
  to   space 640K,   0% used [0x00000000ff200000, 0x00000000ff200000, 0x00000000ff2a0000)
 concurrent mark-sweep generation total 13696K, used 7367K [0x00000000ff2a0000, 0x0000000100000000, 0x0000000100000000)
 Metaspace       used 5073K, capacity 5258K, committed 5504K, reserved 1056768K
  class space    used 557K, capacity 597K, committed 640K, reserved 1048576K
}
{Heap before GC invocations=904 (full 109):
 par new generation   total 6144K, used 5236K [0x00000000fec00000, 0x00000000ff2a0000, 0x00000000ff2a0000)
  eden space 5504K,  94% used [0x00000000fec00000, 0x00000000ff11afe8, 0x00000000ff160000)
  from space 640K,   1% used [0x00000000ff160000, 0x00000000ff162040, 0x00000000ff200000)
  to   space 640K,   0% used [0x00000000ff200000, 0x00000000ff200000, 0x00000000ff2a0000)
 concurrent mark-sweep generation total 13696K, used 7367K [0x00000000ff2a0000, 0x0000000100000000, 0x0000000100000000)
 Metaspace       used 5073K, capacity 5258K, committed 5504K, reserved 1056768K
  class space    used 557K, capacity 597K, committed 640K, reserved 1048576K
2024-07-16T18:26:20.177+0800: 6.981: [GC (Allocation Failure) 2024-07-16T18:26:20.177+0800: 6.981: [ParNew: 5236K->8K(6144K), 0.0005233 secs] 12603K->8399K(19840K), 0.0006148 secs] [Times: user=0.00 sys=0.00, real=0.00 secs] 
Heap after GC invocations=905 (full 109):
 par new generation   total 6144K, used 8K [0x00000000fec00000, 0x00000000ff2a0000, 0x00000000ff2a0000)
  eden space 5504K,   0% used [0x00000000fec00000, 0x00000000fec00000, 0x00000000ff160000)
  from space 640K,   1% used [0x00000000ff200000, 0x00000000ff202040, 0x00000000ff2a0000)
  to   space 640K,   0% used [0x00000000ff160000, 0x00000000ff160000, 0x00000000ff200000)
 concurrent mark-sweep generation total 13696K, used 8391K [0x00000000ff2a0000, 0x0000000100000000, 0x0000000100000000)
 Metaspace       used 5073K, capacity 5258K, committed 5504K, reserved 1056768K
  class space    used 557K, capacity 597K, committed 640K, reserved 1048576K
}
2024-07-16T18:26:20.177+0800: 6.982: [GC (CMS Initial Mark) [1 CMS-initial-mark: 8391K(13696K)] 9423K(19840K), 0.0001880 secs] [Times: user=0.00 sys=0.00, real=0.00 secs] 
2024-07-16T18:26:20.178+0800: 6.982: [CMS-concurrent-mark-start]
2024-07-16T18:26:20.179+0800: 6.984: [CMS-concurrent-mark: 0.002/0.002 secs] [Times: user=0.00 sys=0.00, real=0.00 secs] 
2024-07-16T18:26:20.179+0800: 6.984: [CMS-concurrent-preclean-start]
2024-07-16T18:26:20.179+0800: 6.984: [CMS-concurrent-preclean: 0.000/0.000 secs] [Times: user=0.00 sys=0.00, real=0.00 secs] 
2024-07-16T18:26:20.179+0800: 6.984: [GC (CMS Final Remark) [YG occupancy: 1140 K (6144 K)]{Heap before GC invocations=905 (full 110):
 par new generation   total 6144K, used 1140K [0x00000000fec00000, 0x00000000ff2a0000, 0x00000000ff2a0000)
  eden space 5504K,  20% used [0x00000000fec00000, 0x00000000fed1b268, 0x00000000ff160000)
  from space 640K,   1% used [0x00000000ff200000, 0x00000000ff202040, 0x00000000ff2a0000)
  to   space 640K,   0% used [0x00000000ff160000, 0x00000000ff160000, 0x00000000ff200000)
 concurrent mark-sweep generation total 13696K, used 8391K [0x00000000ff2a0000, 0x0000000100000000, 0x0000000100000000)
 Metaspace       used 5073K, capacity 5258K, committed 5504K, reserved 1056768K
  class space    used 557K, capacity 597K, committed 640K, reserved 1048576K
2024-07-16T18:26:20.180+0800: 6.984: [GC (CMS Final Remark) 2024-07-16T18:26:20.180+0800: 6.984: [ParNew: 1140K->8K(6144K), 0.0002533 secs] 9531K->9423K(19840K), 0.0002704 secs] [Times: user=0.00 sys=0.00, real=0.00 secs] 
Heap after GC invocations=906 (full 110):
 par new generation   total 6144K, used 8K [0x00000000fec00000, 0x00000000ff2a0000, 0x00000000ff2a0000)
  eden space 5504K,   0% used [0x00000000fec00000, 0x00000000fec00000, 0x00000000ff160000)
  from space 640K,   1% used [0x00000000ff160000, 0x00000000ff162040, 0x00000000ff200000)
  to   space 640K,   0% used [0x00000000ff200000, 0x00000000ff200000, 0x00000000ff2a0000)
 concurrent mark-sweep generation total 13696K, used 9415K [0x00000000ff2a0000, 0x0000000100000000, 0x0000000100000000)
 Metaspace       used 5073K, capacity 5258K, committed 5504K, reserved 1056768K
  class space    used 557K, capacity 597K, committed 640K, reserved 1048576K
}
2024-07-16T18:26:20.180+0800: 6.984: [Rescan (parallel) , 0.0001357 secs]2024-07-16T18:26:20.180+0800: 6.984: [weak refs processing, 0.0000111 secs]2024-07-16T18:26:20.180+0800: 6.984: [class unloading, 0.0003048 secs]2024-07-16T18:26:20.180+0800: 6.985: [scrub symbol table, 0.0003733 secs]2024-07-16T18:26:20.181+0800: 6.985: [scrub string table, 0.0000902 secs][1 CMS-remark: 9415K(13696K)] 9423K(19840K), 0.0012748 secs] [Times: user=0.00 sys=0.00, real=0.00 secs] 
2024-07-16T18:26:20.181+0800: 6.985: [CMS-concurrent-sweep-start]
2024-07-16T18:26:20.181+0800: 6.985: [CMS-concurrent-sweep: 0.000/0.000 secs] [Times: user=0.00 sys=0.00, real=0.00 secs] 
2024-07-16T18:26:20.181+0800: 6.985: [CMS-concurrent-reset-start]
2024-07-16T18:26:20.181+0800: 6.985: [CMS-concurrent-reset: 0.000/0.000 secs] [Times: user=0.00 sys=0.00, real=0.00 secs] 
{Heap before GC invocations=906 (full 110):
 par new generation   total 6144K, used 5236K [0x00000000fec00000, 0x00000000ff2a0000, 0x00000000ff2a0000)
  eden space 5504K,  94% used [0x00000000fec00000, 0x00000000ff11b2a8, 0x00000000ff160000)
  from space 640K,   1% used [0x00000000ff160000, 0x00000000ff162040, 0x00000000ff200000)
  to   space 640K,   0% used [0x00000000ff200000, 0x00000000ff200000, 0x00000000ff2a0000)
 concurrent mark-sweep generation total 13696K, used 2247K [0x00000000ff2a0000, 0x0000000100000000, 0x0000000100000000)
 Metaspace       used 5073K, capacity 5258K, committed 5504K, reserved 1056768K
  class space    used 557K, capacity 597K, committed 640K, reserved 1048576K
2024-07-16T18:26:20.187+0800: 6.991: [GC (Allocation Failure) 2024-07-16T18:26:20.187+0800: 6.991: [ParNew: 5236K->10K(6144K), 0.0007100 secs] 7483K->3281K(19840K), 0.0007917 secs] [Times: user=0.00 sys=0.00, real=0.00 secs] 
Heap after GC invocations=907 (full 110):
 par new generation   total 6144K, used 10K [0x00000000fec00000, 0x00000000ff2a0000, 0x00000000ff2a0000)
  eden space 5504K,   0% used [0x00000000fec00000, 0x00000000fec00000, 0x00000000ff160000)
  from space 640K,   1% used [0x00000000ff200000, 0x00000000ff202850, 0x00000000ff2a0000)
  to   space 640K,   0% used [0x00000000ff160000, 0x00000000ff160000, 0x00000000ff200000)
 concurrent mark-sweep generation total 13696K, used 3271K [0x00000000ff2a0000, 0x0000000100000000, 0x0000000100000000)
 Metaspace       used 5073K, capacity 5258K, committed 5504K, reserved 1056768K
  class space    used 557K, capacity 597K, committed 640K, reserved 1048576K
}
{Heap before GC invocations=907 (full 110):
 par new generation   total 6144K, used 5231K [0x00000000fec00000, 0x00000000ff2a0000, 0x00000000ff2a0000)
  eden space 5504K,  94% used [0x00000000fec00000, 0x00000000ff119638, 0x00000000ff160000)
  from space 640K,   1% used [0x00000000ff200000, 0x00000000ff202850, 0x00000000ff2a0000)
  to   space 640K,   0% used [0x00000000ff160000, 0x00000000ff160000, 0x00000000ff200000)
 concurrent mark-sweep generation total 13696K, used 3271K [0x00000000ff2a0000, 0x0000000100000000, 0x0000000100000000)
 Metaspace       used 5073K, capacity 5258K, committed 5504K, reserved 1056768K
  class space    used 557K, capacity 597K, committed 640K, reserved 1048576K
2024-07-16T18:26:20.196+0800: 7.000: [GC (Allocation Failure) 2024-07-16T18:26:20.196+0800: 7.000: [ParNew: 5231K->4K(6144K), 0.0005059 secs] 8502K->3275K(19840K), 0.0005617 secs] [Times: user=0.00 sys=0.00, real=0.00 secs] 
Heap after GC invocations=908 (full 110):
 par new generation   total 6144K, used 4K [0x00000000fec00000, 0x00000000ff2a0000, 0x00000000ff2a0000)
  eden space 5504K,   0% used [0x00000000fec00000, 0x00000000fec00000, 0x00000000ff160000)
  from space 640K,   0% used [0x00000000ff160000, 0x00000000ff161020, 0x00000000ff200000)
  to   space 640K,   0% used [0x00000000ff200000, 0x00000000ff200000, 0x00000000ff2a0000)
 concurrent mark-sweep generation total 13696K, used 3271K [0x00000000ff2a0000, 0x0000000100000000, 0x0000000100000000)
 Metaspace       used 5073K, capacity 5258K, committed 5504K, reserved 1056768K
  class space    used 557K, capacity 597K, committed 640K, reserved 1048576K
}
{Heap before GC invocations=908 (full 110):
 par new generation   total 6144K, used 5229K [0x00000000fec00000, 0x00000000ff2a0000, 0x00000000ff2a0000)
  eden space 5504K,  94% used [0x00000000fec00000, 0x00000000ff11a520, 0x00000000ff160000)
  from space 640K,   0% used [0x00000000ff160000, 0x00000000ff161020, 0x00000000ff200000)
  to   space 640K,   0% used [0x00000000ff200000, 0x00000000ff200000, 0x00000000ff2a0000)
 concurrent mark-sweep generation total 13696K, used 3271K [0x00000000ff2a0000, 0x0000000100000000, 0x0000000100000000)
 Metaspace       used 5073K, capacity 5258K, committed 5504K, reserved 1056768K
  class space    used 557K, capacity 597K, committed 640K, reserved 1048576K
2024-07-16T18:26:20.202+0800: 7.006: [GC (Allocation Failure) 2024-07-16T18:26:20.202+0800: 7.006: [ParNew: 5229K->6K(6144K), 0.0011990 secs] 8500K->4303K(19840K), 0.0012813 secs] [Times: user=0.00 sys=0.00, real=0.00 secs] 
Heap after GC invocations=909 (full 110):
 par new generation   total 6144K, used 6K [0x00000000fec00000, 0x00000000ff2a0000, 0x00000000ff2a0000)
  eden space 5504K,   0% used [0x00000000fec00000, 0x00000000fec00000, 0x00000000ff160000)
  from space 640K,   0% used [0x00000000ff200000, 0x00000000ff201830, 0x00000000ff2a0000)
  to   space 640K,   0% used [0x00000000ff160000, 0x00000000ff160000, 0x00000000ff200000)
 concurrent mark-sweep generation total 13696K, used 4297K [0x00000000ff2a0000, 0x0000000100000000, 0x0000000100000000)
 Metaspace       used 5073K, capacity 5258K, committed 5504K, reserved 1056768K
  class space    used 557K, capacity 597K, committed 640K, reserved 1048576K
}
{Heap before GC invocations=909 (full 110):
 par new generation   total 6144K, used 5232K [0x00000000fec00000, 0x00000000ff2a0000, 0x00000000ff2a0000)
  eden space 5504K,  94% used [0x00000000fec00000, 0x00000000ff11abb8, 0x00000000ff160000)
  from space 640K,   0% used [0x00000000ff200000, 0x00000000ff201830, 0x00000000ff2a0000)
  to   space 640K,   0% used [0x00000000ff160000, 0x00000000ff160000, 0x00000000ff200000)
 concurrent mark-sweep generation total 13696K, used 4297K [0x00000000ff2a0000, 0x0000000100000000, 0x0000000100000000)
 Metaspace       used 5073K, capacity 5258K, committed 5504K, reserved 1056768K
  class space    used 557K, capacity 597K, committed 640K, reserved 1048576K
2024-07-16T18:26:20.210+0800: 7.014: [GC (Allocation Failure) 2024-07-16T18:26:20.210+0800: 7.014: [ParNew: 5232K->10K(6144K), 0.0012551 secs] 9530K->5331K(19840K), 0.0013601 secs] [Times: user=0.00 sys=0.00, real=0.00 secs] 
Heap after GC invocations=910 (full 110):
 par new generation   total 6144K, used 10K [0x00000000fec00000, 0x00000000ff2a0000, 0x00000000ff2a0000)
  eden space 5504K,   0% used [0x00000000fec00000, 0x00000000fec00000, 0x00000000ff160000)
  from space 640K,   1% used [0x00000000ff160000, 0x00000000ff162850, 0x00000000ff200000)
  to   space 640K,   0% used [0x00000000ff200000, 0x00000000ff200000, 0x00000000ff2a0000)
 concurrent mark-sweep generation total 13696K, used 5321K [0x00000000ff2a0000, 0x0000000100000000, 0x0000000100000000)
 Metaspace       used 5073K, capacity 5258K, committed 5504K, reserved 1056768K
  class space    used 557K, capacity 597K, committed 640K, reserved 1048576K
}
{Heap before GC invocations=910 (full 110):
 par new generation   total 6144K, used 5238K [0x00000000fec00000, 0x00000000ff2a0000, 0x00000000ff2a0000)
  eden space 5504K,  94% used [0x00000000fec00000, 0x00000000ff11aff8, 0x00000000ff160000)
  from space 640K,   1% used [0x00000000ff160000, 0x00000000ff162850, 0x00000000ff200000)
  to   space 640K,   0% used [0x00000000ff200000, 0x00000000ff200000, 0x00000000ff2a0000)
 concurrent mark-sweep generation total 13696K, used 5321K [0x00000000ff2a0000, 0x0000000100000000, 0x0000000100000000)
 Metaspace       used 5073K, capacity 5258K, committed 5504K, reserved 1056768K
  class space    used 557K, capacity 597K, committed 640K, reserved 1048576K
2024-07-16T18:26:20.220+0800: 7.024: [GC (Allocation Failure) 2024-07-16T18:26:20.220+0800: 7.024: [ParNew: 5238K->4K(6144K), 0.0010073 secs] 10559K->5325K(19840K), 0.0011280 secs] [Times: user=0.00 sys=0.01, real=0.00 secs] 
Heap after GC invocations=911 (full 110):
 par new generation   total 6144K, used 4K [0x00000000fec00000, 0x00000000ff2a0000, 0x00000000ff2a0000)
  eden space 5504K,   0% used [0x00000000fec00000, 0x00000000fec00000, 0x00000000ff160000)
  from space 640K,   0% used [0x00000000ff200000, 0x00000000ff201020, 0x00000000ff2a0000)
  to   space 640K,   0% used [0x00000000ff160000, 0x00000000ff160000, 0x00000000ff200000)
 concurrent mark-sweep generation total 13696K, used 5321K [0x00000000ff2a0000, 0x0000000100000000, 0x0000000100000000)
 Metaspace       used 5073K, capacity 5258K, committed 5504K, reserved 1056768K
  class space    used 557K, capacity 597K, committed 640K, reserved 1048576K
}
{Heap before GC invocations=911 (full 110):
 par new generation   total 6144K, used 5232K [0x00000000fec00000, 0x00000000ff2a0000, 0x00000000ff2a0000)
  eden space 5504K,  94% used [0x00000000fec00000, 0x00000000ff11b2b0, 0x00000000ff160000)
  from space 640K,   0% used [0x00000000ff200000, 0x00000000ff201020, 0x00000000ff2a0000)
  to   space 640K,   0% used [0x00000000ff160000, 0x00000000ff160000, 0x00000000ff200000)
 concurrent mark-sweep generation total 13696K, used 5321K [0x00000000ff2a0000, 0x0000000100000000, 0x0000000100000000)
 Metaspace       used 5073K, capacity 5258K, committed 5504K, reserved 1056768K
  class space    used 557K, capacity 597K, committed 640K, reserved 1048576K
2024-07-16T18:26:20.229+0800: 7.033: [GC (Allocation Failure) 2024-07-16T18:26:20.229+0800: 7.033: [ParNew: 5232K->8K(6144K), 0.0014887 secs] 10553K->6353K(19840K), 0.0016136 secs] [Times: user=0.00 sys=0.00, real=0.00 secs] 
Heap after GC invocations=912 (full 110):
 par new generation   total 6144K, used 8K [0x00000000fec00000, 0x00000000ff2a0000, 0x00000000ff2a0000)
  eden space 5504K,   0% used [0x00000000fec00000, 0x00000000fec00000, 0x00000000ff160000)
  from space 640K,   1% used [0x00000000ff160000, 0x00000000ff162040, 0x00000000ff200000)
  to   space 640K,   0% used [0x00000000ff200000, 0x00000000ff200000, 0x00000000ff2a0000)
 concurrent mark-sweep generation total 13696K, used 6345K [0x00000000ff2a0000, 0x0000000100000000, 0x0000000100000000)
 Metaspace       used 5073K, capacity 5258K, committed 5504K, reserved 1056768K
  class space    used 557K, capacity 597K, committed 640K, reserved 1048576K
}
{Heap before GC invocations=912 (full 110):
 par new generation   total 6144K, used 5237K [0x00000000fec00000, 0x00000000ff2a0000, 0x00000000ff2a0000)
  eden space 5504K,  95% used [0x00000000fec00000, 0x00000000ff11b470, 0x00000000ff160000)
  from space 640K,   1% used [0x00000000ff160000, 0x00000000ff162040, 0x00000000ff200000)
  to   space 640K,   0% used [0x00000000ff200000, 0x00000000ff200000, 0x00000000ff2a0000)
 concurrent mark-sweep generation total 13696K, used 6345K [0x00000000ff2a0000, 0x0000000100000000, 0x0000000100000000)
 Metaspace       used 5073K, capacity 5258K, committed 5504K, reserved 1056768K
  class space    used 557K, capacity 597K, committed 640K, reserved 1048576K
2024-07-16T18:26:20.240+0800: 7.044: [GC (Allocation Failure) 2024-07-16T18:26:20.240+0800: 7.044: [ParNew: 5237K->8K(6144K), 0.0004329 secs] 11582K->7377K(19840K), 0.0004738 secs] [Times: user=0.00 sys=0.00, real=0.00 secs] 
Heap after GC invocations=913 (full 110):
 par new generation   total 6144K, used 8K [0x00000000fec00000, 0x00000000ff2a0000, 0x00000000ff2a0000)
  eden space 5504K,   0% used [0x00000000fec00000, 0x00000000fec00000, 0x00000000ff160000)
  from space 640K,   1% used [0x00000000ff200000, 0x00000000ff202040, 0x00000000ff2a0000)
  to   space 640K,   0% used [0x00000000ff160000, 0x00000000ff160000, 0x00000000ff200000)
 concurrent mark-sweep generation total 13696K, used 7369K [0x00000000ff2a0000, 0x0000000100000000, 0x0000000100000000)
 Metaspace       used 5073K, capacity 5258K, committed 5504K, reserved 1056768K
  class space    used 557K, capacity 597K, committed 640K, reserved 1048576K
}
{Heap before GC invocations=913 (full 110):
 par new generation   total 6144K, used 5237K [0x00000000fec00000, 0x00000000ff2a0000, 0x00000000ff2a0000)
  eden space 5504K,  95% used [0x00000000fec00000, 0x00000000ff11b598, 0x00000000ff160000)
  from space 640K,   1% used [0x00000000ff200000, 0x00000000ff202040, 0x00000000ff2a0000)
  to   space 640K,   0% used [0x00000000ff160000, 0x00000000ff160000, 0x00000000ff200000)
 concurrent mark-sweep generation total 13696K, used 7369K [0x00000000ff2a0000, 0x0000000100000000, 0x0000000100000000)
 Metaspace       used 5073K, capacity 5258K, committed 5504K, reserved 1056768K
  class space    used 557K, capacity 597K, committed 640K, reserved 1048576K
2024-07-16T18:26:20.247+0800: 7.051: [GC (Allocation Failure) 2024-07-16T18:26:20.247+0800: 7.051: [ParNew: 5237K->4K(6144K), 0.0002448 secs] 12606K->7373K(19840K), 0.0002777 secs] [Times: user=0.00 sys=0.00, real=0.00 secs] 
Heap after GC invocations=914 (full 110):
 par new generation   total 6144K, used 4K [0x00000000fec00000, 0x00000000ff2a0000, 0x00000000ff2a0000)
  eden space 5504K,   0% used [0x00000000fec00000, 0x00000000fec00000, 0x00000000ff160000)
  from space 640K,   0% used [0x00000000ff160000, 0x00000000ff161020, 0x00000000ff200000)
  to   space 640K,   0% used [0x00000000ff200000, 0x00000000ff200000, 0x00000000ff2a0000)
 concurrent mark-sweep generation total 13696K, used 7369K [0x00000000ff2a0000, 0x0000000100000000, 0x0000000100000000)
 Metaspace       used 5073K, capacity 5258K, committed 5504K, reserved 1056768K
  class space    used 557K, capacity 597K, committed 640K, reserved 1048576K
}
{Heap before GC invocations=914 (full 110):
 par new generation   total 6144K, used 5233K [0x00000000fec00000, 0x00000000ff2a0000, 0x00000000ff2a0000)
  eden space 5504K,  95% used [0x00000000fec00000, 0x00000000ff11b650, 0x00000000ff160000)
  from space 640K,   0% used [0x00000000ff160000, 0x00000000ff161020, 0x00000000ff200000)
  to   space 640K,   0% used [0x00000000ff200000, 0x00000000ff200000, 0x00000000ff2a0000)
 concurrent mark-sweep generation total 13696K, used 7369K [0x00000000ff2a0000, 0x0000000100000000, 0x0000000100000000)
 Metaspace       used 5073K, capacity 5258K, committed 5504K, reserved 1056768K
  class space    used 557K, capacity 597K, committed 640K, reserved 1048576K
2024-07-16T18:26:20.253+0800: 7.057: [GC (Allocation Failure) 2024-07-16T18:26:20.253+0800: 7.057: [ParNew: 5233K->8K(6144K), 0.0006159 secs] 12602K->8401K(19840K), 0.0006508 secs] [Times: user=0.00 sys=0.00, real=0.00 secs] 
Heap after GC invocations=915 (full 110):
 par new generation   total 6144K, used 8K [0x00000000fec00000, 0x00000000ff2a0000, 0x00000000ff2a0000)
  eden space 5504K,   0% used [0x00000000fec00000, 0x00000000fec00000, 0x00000000ff160000)
  from space 640K,   1% used [0x00000000ff200000, 0x00000000ff202040, 0x00000000ff2a0000)
  to   space 640K,   0% used [0x00000000ff160000, 0x00000000ff160000, 0x00000000ff200000)
 concurrent mark-sweep generation total 13696K, used 8393K [0x00000000ff2a0000, 0x0000000100000000, 0x0000000100000000)
 Metaspace       used 5073K, capacity 5258K, committed 5504K, reserved 1056768K
  class space    used 557K, capacity 597K, committed 640K, reserved 1048576K
}
2024-07-16T18:26:20.253+0800: 7.058: [GC (CMS Initial Mark) [1 CMS-initial-mark: 8393K(13696K)] 9532K(19840K), 0.0001176 secs] [Times: user=0.00 sys=0.00, real=0.00 secs] 
2024-07-16T18:26:20.254+0800: 7.058: [CMS-concurrent-mark-start]
2024-07-16T18:26:20.255+0800: 7.059: [CMS-concurrent-mark: 0.001/0.001 secs] [Times: user=0.00 sys=0.00, real=0.00 secs] 
2024-07-16T18:26:20.255+0800: 7.059: [CMS-concurrent-preclean-start]
2024-07-16T18:26:20.255+0800: 7.059: [CMS-concurrent-preclean: 0.000/0.000 secs] [Times: user=0.00 sys=0.00, real=0.00 secs] 
2024-07-16T18:26:20.255+0800: 7.059: [CMS-concurrent-abortable-preclean-start]
{Heap before GC invocations=915 (full 111):
 par new generation   total 6144K, used 5237K [0x00000000fec00000, 0x00000000ff2a0000, 0x00000000ff2a0000)
  eden space 5504K,  95% used [0x00000000fec00000, 0x00000000ff11b6c8, 0x00000000ff160000)
  from space 640K,   1% used [0x00000000ff200000, 0x00000000ff202040, 0x00000000ff2a0000)
  to   space 640K,   0% used [0x00000000ff160000, 0x00000000ff160000, 0x00000000ff200000)
 concurrent mark-sweep generation total 13696K, used 8393K [0x00000000ff2a0000, 0x0000000100000000, 0x0000000100000000)
 Metaspace       used 5073K, capacity 5258K, committed 5504K, reserved 1056768K
  class space    used 557K, capacity 597K, committed 640K, reserved 1048576K
2024-07-16T18:26:20.260+0800: 7.064: [GC (Allocation Failure) 2024-07-16T18:26:20.260+0800: 7.064: [ParNew: 5237K->10K(6144K), 0.0003282 secs] 13631K->9427K(19840K), 0.0003542 secs] [Times: user=0.00 sys=0.00, real=0.00 secs] 
Heap after GC invocations=916 (full 111):
 par new generation   total 6144K, used 10K [0x00000000fec00000, 0x00000000ff2a0000, 0x00000000ff2a0000)
  eden space 5504K,   0% used [0x00000000fec00000, 0x00000000fec00000, 0x00000000ff160000)
  from space 640K,   1% used [0x00000000ff160000, 0x00000000ff162850, 0x00000000ff200000)
  to   space 640K,   0% used [0x00000000ff200000, 0x00000000ff200000, 0x00000000ff2a0000)
 concurrent mark-sweep generation total 13696K, used 9417K [0x00000000ff2a0000, 0x0000000100000000, 0x0000000100000000)
 Metaspace       used 5073K, capacity 5258K, committed 5504K, reserved 1056768K
  class space    used 557K, capacity 597K, committed 640K, reserved 1048576K
}
{Heap before GC invocations=916 (full 111):
 par new generation   total 6144K, used 5239K [0x00000000fec00000, 0x00000000ff2a0000, 0x00000000ff2a0000)
  eden space 5504K,  95% used [0x00000000fec00000, 0x00000000ff11b710, 0x00000000ff160000)
  from space 640K,   1% used [0x00000000ff160000, 0x00000000ff162850, 0x00000000ff200000)
  to   space 640K,   0% used [0x00000000ff200000, 0x00000000ff200000, 0x00000000ff2a0000)
 concurrent mark-sweep generation total 13696K, used 9417K [0x00000000ff2a0000, 0x0000000100000000, 0x0000000100000000)
 Metaspace       used 5073K, capacity 5258K, committed 5504K, reserved 1056768K
  class space    used 557K, capacity 597K, committed 640K, reserved 1048576K
2024-07-16T18:26:20.268+0800: 7.072: [GC (Allocation Failure) 2024-07-16T18:26:20.268+0800: 7.072: [ParNew: 5239K->4K(6144K), 0.0002370 secs] 14657K->9421K(19840K), 0.0003057 secs] [Times: user=0.00 sys=0.00, real=0.00 secs] 
Heap after GC invocations=917 (full 111):
 par new generation   total 6144K, used 4K [0x00000000fec00000, 0x00000000ff2a0000, 0x00000000ff2a0000)
  eden space 5504K,   0% used [0x00000000fec00000, 0x00000000fec00000, 0x00000000ff160000)
  from space 640K,   0% used [0x00000000ff200000, 0x00000000ff201020, 0x00000000ff2a0000)
  to   space 640K,   0% used [0x00000000ff160000, 0x00000000ff160000, 0x00000000ff200000)
 concurrent mark-sweep generation total 13696K, used 9417K [0x00000000ff2a0000, 0x0000000100000000, 0x0000000100000000)
 Metaspace       used 5073K, capacity 5258K, committed 5504K, reserved 1056768K
  class space    used 557K, capacity 597K, committed 640K, reserved 1048576K
}
{Heap before GC invocations=917 (full 111):
 par new generation   total 6144K, used 5233K [0x00000000fec00000, 0x00000000ff2a0000, 0x00000000ff2a0000)
  eden space 5504K,  95% used [0x00000000fec00000, 0x00000000ff11b740, 0x00000000ff160000)
  from space 640K,   0% used [0x00000000ff200000, 0x00000000ff201020, 0x00000000ff2a0000)
  to   space 640K,   0% used [0x00000000ff160000, 0x00000000ff160000, 0x00000000ff200000)
 concurrent mark-sweep generation total 13696K, used 9417K [0x00000000ff2a0000, 0x0000000100000000, 0x0000000100000000)
 Metaspace       used 5073K, capacity 5258K, committed 5504K, reserved 1056768K
  class space    used 557K, capacity 597K, committed 640K, reserved 1048576K
2024-07-16T18:26:20.275+0800: 7.079: [GC (Allocation Failure) 2024-07-16T18:26:20.275+0800: 7.079: [ParNew: 5233K->2K(6144K), 0.0002820 secs] 14651K->9419K(19840K), 0.0003124 secs] [Times: user=0.00 sys=0.00, real=0.00 secs] 
Heap after GC invocations=918 (full 111):
 par new generation   total 6144K, used 2K [0x00000000fec00000, 0x00000000ff2a0000, 0x00000000ff2a0000)
  eden space 5504K,   0% used [0x00000000fec00000, 0x00000000fec00000, 0x00000000ff160000)
  from space 640K,   0% used [0x00000000ff160000, 0x00000000ff160810, 0x00000000ff200000)
  to   space 640K,   0% used [0x00000000ff200000, 0x00000000ff200000, 0x00000000ff2a0000)
 concurrent mark-sweep generation total 13696K, used 9417K [0x00000000ff2a0000, 0x0000000100000000, 0x0000000100000000)
 Metaspace       used 5073K, capacity 5258K, committed 5504K, reserved 1056768K
  class space    used 557K, capacity 597K, committed 640K, reserved 1048576K
}
{Heap before GC invocations=918 (full 111):
 par new generation   total 6144K, used 5231K [0x00000000fec00000, 0x00000000ff2a0000, 0x00000000ff2a0000)
  eden space 5504K,  95% used [0x00000000fec00000, 0x00000000ff11b760, 0x00000000ff160000)
  from space 640K,   0% used [0x00000000ff160000, 0x00000000ff160810, 0x00000000ff200000)
  to   space 640K,   0% used [0x00000000ff200000, 0x00000000ff200000, 0x00000000ff2a0000)
 concurrent mark-sweep generation total 13696K, used 9417K [0x00000000ff2a0000, 0x0000000100000000, 0x0000000100000000)
 Metaspace       used 5073K, capacity 5258K, committed 5504K, reserved 1056768K
  class space    used 557K, capacity 597K, committed 640K, reserved 1048576K
2024-07-16T18:26:20.283+0800: 7.087: [GC (Allocation Failure) 2024-07-16T18:26:20.283+0800: 7.087: [ParNew: 5231K->4K(6144K), 0.0003728 secs] 14649K->9421K(19840K), 0.0004762 secs] [Times: user=0.00 sys=0.00, real=0.00 secs] 
Heap after GC invocations=919 (full 111):
 par new generation   total 6144K, used 4K [0x00000000fec00000, 0x00000000ff2a0000, 0x00000000ff2a0000)
  eden space 5504K,   0% used [0x00000000fec00000, 0x00000000fec00000, 0x00000000ff160000)
  from space 640K,   0% used [0x00000000ff200000, 0x00000000ff201020, 0x00000000ff2a0000)
  to   space 640K,   0% used [0x00000000ff160000, 0x00000000ff160000, 0x00000000ff200000)
 concurrent mark-sweep generation total 13696K, used 9417K [0x00000000ff2a0000, 0x0000000100000000, 0x0000000100000000)
 Metaspace       used 5073K, capacity 5258K, committed 5504K, reserved 1056768K
  class space    used 557K, capacity 597K, committed 640K, reserved 1048576K
}
{Heap before GC invocations=919 (full 111):
 par new generation   total 6144K, used 5233K [0x00000000fec00000, 0x00000000ff2a0000, 0x00000000ff2a0000)
  eden space 5504K,  95% used [0x00000000fec00000, 0x00000000ff11b778, 0x00000000ff160000)
  from space 640K,   0% used [0x00000000ff200000, 0x00000000ff201020, 0x00000000ff2a0000)
  to   space 640K,   0% used [0x00000000ff160000, 0x00000000ff160000, 0x00000000ff200000)
 concurrent mark-sweep generation total 13696K, used 9417K [0x00000000ff2a0000, 0x0000000100000000, 0x0000000100000000)
 Metaspace       used 5073K, capacity 5258K, committed 5504K, reserved 1056768K
  class space    used 557K, capacity 597K, committed 640K, reserved 1048576K
2024-07-16T18:26:20.289+0800: 7.093: [GC (Allocation Failure) 2024-07-16T18:26:20.289+0800: 7.093: [ParNew: 5233K->10K(6144K), 0.0010281 secs] 14651K->10451K(19840K), 0.0010776 secs] [Times: user=0.00 sys=0.00, real=0.00 secs] 
Heap after GC invocations=920 (full 111):
 par new generation   total 6144K, used 10K [0x00000000fec00000, 0x00000000ff2a0000, 0x00000000ff2a0000)
  eden space 5504K,   0% used [0x00000000fec00000, 0x00000000fec00000, 0x00000000ff160000)
  from space 640K,   1% used [0x00000000ff160000, 0x00000000ff162850, 0x00000000ff200000)
  to   space 640K,   0% used [0x00000000ff200000, 0x00000000ff200000, 0x00000000ff2a0000)
 concurrent mark-sweep generation total 13696K, used 10441K [0x00000000ff2a0000, 0x0000000100000000, 0x0000000100000000)
 Metaspace       used 5073K, capacity 5258K, committed 5504K, reserved 1056768K
  class space    used 557K, capacity 597K, committed 640K, reserved 1048576K
}
{Heap before GC invocations=920 (full 111):
 par new generation   total 6144K, used 5239K [0x00000000fec00000, 0x00000000ff2a0000, 0x00000000ff2a0000)
  eden space 5504K,  95% used [0x00000000fec00000, 0x00000000ff11b780, 0x00000000ff160000)
  from space 640K,   1% used [0x00000000ff160000, 0x00000000ff162850, 0x00000000ff200000)
  to   space 640K,   0% used [0x00000000ff200000, 0x00000000ff200000, 0x00000000ff2a0000)
 concurrent mark-sweep generation total 13696K, used 10441K [0x00000000ff2a0000, 0x0000000100000000, 0x0000000100000000)
 Metaspace       used 5073K, capacity 5258K, committed 5504K, reserved 1056768K
  class space    used 557K, capacity 597K, committed 640K, reserved 1048576K
2024-07-16T18:26:20.296+0800: 7.100: [GC (Allocation Failure) 2024-07-16T18:26:20.296+0800: 7.100: [ParNew (promotion failed): 5239K->5239K(6144K), 0.0010214 secs]2024-07-16T18:26:20.297+0800: 7.101: [CMS2024-07-16T18:26:20.297+0800: 7.101: [CMS-concurrent-abortable-preclean: 0.000/0.042 secs] [Times: user=0.00 sys=0.00, real=0.04 secs] 
 (concurrent mode failure): 11465K->3253K(13696K), 0.0039433 secs] 15681K->3253K(19840K), [Metaspace: 5073K->5073K(1056768K)], 0.0050653 secs] [Times: user=0.02 sys=0.00, real=0.01 secs] 
Heap after GC invocations=921 (full 112):
 par new generation   total 6144K, used 0K [0x00000000fec00000, 0x00000000ff2a0000, 0x00000000ff2a0000)
  eden space 5504K,   0% used [0x00000000fec00000, 0x00000000fec00000, 0x00000000ff160000)
  from space 640K,   0% used [0x00000000ff200000, 0x00000000ff200000, 0x00000000ff2a0000)
  to   space 640K,   0% used [0x00000000ff160000, 0x00000000ff160000, 0x00000000ff200000)
 concurrent mark-sweep generation total 13696K, used 3253K [0x00000000ff2a0000, 0x0000000100000000, 0x0000000100000000)
 Metaspace       used 5073K, capacity 5258K, committed 5504K, reserved 1056768K
  class space    used 557K, capacity 597K, committed 640K, reserved 1048576K
}
{Heap before GC invocations=921 (full 112):
 par new generation   total 6144K, used 5229K [0x00000000fec00000, 0x00000000ff2a0000, 0x00000000ff2a0000)
  eden space 5504K,  95% used [0x00000000fec00000, 0x00000000ff11b790, 0x00000000ff160000)
  from space 640K,   0% used [0x00000000ff200000, 0x00000000ff200000, 0x00000000ff2a0000)
  to   space 640K,   0% used [0x00000000ff160000, 0x00000000ff160000, 0x00000000ff200000)
 concurrent mark-sweep generation total 13696K, used 3253K [0x00000000ff2a0000, 0x0000000100000000, 0x0000000100000000)
 Metaspace       used 5073K, capacity 5258K, committed 5504K, reserved 1056768K
  class space    used 557K, capacity 597K, committed 640K, reserved 1048576K
2024-07-16T18:26:20.309+0800: 7.113: [GC (Allocation Failure) 2024-07-16T18:26:20.309+0800: 7.113: [ParNew: 5229K->10K(6144K), 0.0005288 secs] 8482K->4289K(19840K), 0.0005753 secs] [Times: user=0.00 sys=0.00, real=0.00 secs] 
Heap after GC invocations=922 (full 112):
 par new generation   total 6144K, used 10K [0x00000000fec00000, 0x00000000ff2a0000, 0x00000000ff2a0000)
  eden space 5504K,   0% used [0x00000000fec00000, 0x00000000fec00000, 0x00000000ff160000)
  from space 640K,   1% used [0x00000000ff160000, 0x00000000ff162850, 0x00000000ff200000)
  to   space 640K,   0% used [0x00000000ff200000, 0x00000000ff200000, 0x00000000ff2a0000)
 concurrent mark-sweep generation total 13696K, used 4279K [0x00000000ff2a0000, 0x0000000100000000, 0x0000000100000000)
 Metaspace       used 5073K, capacity 5258K, committed 5504K, reserved 1056768K
  class space    used 557K, capacity 597K, committed 640K, reserved 1048576K
}
{Heap before GC invocations=922 (full 112):
 par new generation   total 6144K, used 5239K [0x00000000fec00000, 0x00000000ff2a0000, 0x00000000ff2a0000)
  eden space 5504K,  95% used [0x00000000fec00000, 0x00000000ff11b790, 0x00000000ff160000)
  from space 640K,   1% used [0x00000000ff160000, 0x00000000ff162850, 0x00000000ff200000)
  to   space 640K,   0% used [0x00000000ff200000, 0x00000000ff200000, 0x00000000ff2a0000)
 concurrent mark-sweep generation total 13696K, used 4279K [0x00000000ff2a0000, 0x0000000100000000, 0x0000000100000000)
 Metaspace       used 5073K, capacity 5258K, committed 5504K, reserved 1056768K
  class space    used 557K, capacity 597K, committed 640K, reserved 1048576K
2024-07-16T18:26:20.315+0800: 7.119: [GC (Allocation Failure) 2024-07-16T18:26:20.315+0800: 7.119: [ParNew: 5239K->6K(6144K), 0.0008532 secs] 9519K->5311K(19840K), 0.0009512 secs] [Times: user=0.00 sys=0.00, real=0.00 secs] 
Heap after GC invocations=923 (full 112):
 par new generation   total 6144K, used 6K [0x00000000fec00000, 0x00000000ff2a0000, 0x00000000ff2a0000)
  eden space 5504K,   0% used [0x00000000fec00000, 0x00000000fec00000, 0x00000000ff160000)
  from space 640K,   0% used [0x00000000ff200000, 0x00000000ff201830, 0x00000000ff2a0000)
  to   space 640K,   0% used [0x00000000ff160000, 0x00000000ff160000, 0x00000000ff200000)
 concurrent mark-sweep generation total 13696K, used 5305K [0x00000000ff2a0000, 0x0000000100000000, 0x0000000100000000)
 Metaspace       used 5073K, capacity 5258K, committed 5504K, reserved 1056768K
  class space    used 557K, capacity 597K, committed 640K, reserved 1048576K
}
{Heap before GC invocations=923 (full 112):
 par new generation   total 6144K, used 5235K [0x00000000fec00000, 0x00000000ff2a0000, 0x00000000ff2a0000)
  eden space 5504K,  95% used [0x00000000fec00000, 0x00000000ff11b798, 0x00000000ff160000)
  from space 640K,   0% used [0x00000000ff200000, 0x00000000ff201830, 0x00000000ff2a0000)
  to   space 640K,   0% used [0x00000000ff160000, 0x00000000ff160000, 0x00000000ff200000)
 concurrent mark-sweep generation total 13696K, used 5305K [0x00000000ff2a0000, 0x0000000100000000, 0x0000000100000000)
 Metaspace       used 5073K, capacity 5258K, committed 5504K, reserved 1056768K
  class space    used 557K, capacity 597K, committed 640K, reserved 1048576K
2024-07-16T18:26:20.324+0800: 7.128: [GC (Allocation Failure) 2024-07-16T18:26:20.324+0800: 7.128: [ParNew: 5235K->4K(6144K), 0.0009363 secs] 10541K->5309K(19840K), 0.0011017 secs] [Times: user=0.00 sys=0.00, real=0.00 secs] 
Heap after GC invocations=924 (full 112):
 par new generation   total 6144K, used 4K [0x00000000fec00000, 0x00000000ff2a0000, 0x00000000ff2a0000)
  eden space 5504K,   0% used [0x00000000fec00000, 0x00000000fec00000, 0x00000000ff160000)
  from space 640K,   0% used [0x00000000ff160000, 0x00000000ff161020, 0x00000000ff200000)
  to   space 640K,   0% used [0x00000000ff200000, 0x00000000ff200000, 0x00000000ff2a0000)
 concurrent mark-sweep generation total 13696K, used 5305K [0x00000000ff2a0000, 0x0000000100000000, 0x0000000100000000)
 Metaspace       used 5073K, capacity 5258K, committed 5504K, reserved 1056768K
  class space    used 557K, capacity 597K, committed 640K, reserved 1048576K
}
{Heap before GC invocations=924 (full 112):
 par new generation   total 6144K, used 5233K [0x00000000fec00000, 0x00000000ff2a0000, 0x00000000ff2a0000)
  eden space 5504K,  95% used [0x00000000fec00000, 0x00000000ff11b798, 0x00000000ff160000)
  from space 640K,   0% used [0x00000000ff160000, 0x00000000ff161020, 0x00000000ff200000)
  to   space 640K,   0% used [0x00000000ff200000, 0x00000000ff200000, 0x00000000ff2a0000)
 concurrent mark-sweep generation total 13696K, used 5305K [0x00000000ff2a0000, 0x0000000100000000, 0x0000000100000000)
 Metaspace       used 5073K, capacity 5258K, committed 5504K, reserved 1056768K
  class space    used 557K, capacity 597K, committed 640K, reserved 1048576K
2024-07-16T18:26:20.333+0800: 7.137: [GC (Allocation Failure) 2024-07-16T18:26:20.333+0800: 7.137: [ParNew: 5233K->6K(6144K), 0.0014034 secs] 10539K->6337K(19840K), 0.0014979 secs] [Times: user=0.00 sys=0.00, real=0.00 secs] 
Heap after GC invocations=925 (full 112):
 par new generation   total 6144K, used 6K [0x00000000fec00000, 0x00000000ff2a0000, 0x00000000ff2a0000)
  eden space 5504K,   0% used [0x00000000fec00000, 0x00000000fec00000, 0x00000000ff160000)
  from space 640K,   0% used [0x00000000ff200000, 0x00000000ff201830, 0x00000000ff2a0000)
  to   space 640K,   0% used [0x00000000ff160000, 0x00000000ff160000, 0x00000000ff200000)
 concurrent mark-sweep generation total 13696K, used 6331K [0x00000000ff2a0000, 0x0000000100000000, 0x0000000100000000)
 Metaspace       used 5073K, capacity 5258K, committed 5504K, reserved 1056768K
  class space    used 557K, capacity 597K, committed 640K, reserved 1048576K
}
{Heap before GC invocations=925 (full 112):
 par new generation   total 6144K, used 5235K [0x00000000fec00000, 0x00000000ff2a0000, 0x00000000ff2a0000)
  eden space 5504K,  95% used [0x00000000fec00000, 0x00000000ff11b798, 0x00000000ff160000)
  from space 640K,   0% used [0x00000000ff200000, 0x00000000ff201830, 0x00000000ff2a0000)
  to   space 640K,   0% used [0x00000000ff160000, 0x00000000ff160000, 0x00000000ff200000)
 concurrent mark-sweep generation total 13696K, used 6331K [0x00000000ff2a0000, 0x0000000100000000, 0x0000000100000000)
 Metaspace       used 5073K, capacity 5258K, committed 5504K, reserved 1056768K
  class space    used 557K, capacity 597K, committed 640K, reserved 1048576K
2024-07-16T18:26:20.340+0800: 7.144: [GC (Allocation Failure) 2024-07-16T18:26:20.340+0800: 7.144: [ParNew: 5235K->6K(6144K), 0.0013274 secs] 11567K->7363K(19840K), 0.0015222 secs] [Times: user=0.00 sys=0.00, real=0.00 secs] 
Heap after GC invocations=926 (full 112):
 par new generation   total 6144K, used 6K [0x00000000fec00000, 0x00000000ff2a0000, 0x00000000ff2a0000)
  eden space 5504K,   0% used [0x00000000fec00000, 0x00000000fec00000, 0x00000000ff160000)
  from space 640K,   0% used [0x00000000ff160000, 0x00000000ff161830, 0x00000000ff200000)
  to   space 640K,   0% used [0x00000000ff200000, 0x00000000ff200000, 0x00000000ff2a0000)
 concurrent mark-sweep generation total 13696K, used 7357K [0x00000000ff2a0000, 0x0000000100000000, 0x0000000100000000)
 Metaspace       used 5073K, capacity 5258K, committed 5504K, reserved 1056768K
  class space    used 557K, capacity 597K, committed 640K, reserved 1048576K
}
{Heap before GC invocations=926 (full 112):
 par new generation   total 6144K, used 5235K [0x00000000fec00000, 0x00000000ff2a0000, 0x00000000ff2a0000)
  eden space 5504K,  95% used [0x00000000fec00000, 0x00000000ff11b798, 0x00000000ff160000)
  from space 640K,   0% used [0x00000000ff160000, 0x00000000ff161830, 0x00000000ff200000)
  to   space 640K,   0% used [0x00000000ff200000, 0x00000000ff200000, 0x00000000ff2a0000)
 concurrent mark-sweep generation total 13696K, used 7357K [0x00000000ff2a0000, 0x0000000100000000, 0x0000000100000000)
 Metaspace       used 5073K, capacity 5258K, committed 5504K, reserved 1056768K
  class space    used 557K, capacity 597K, committed 640K, reserved 1048576K
2024-07-16T18:26:20.348+0800: 7.152: [GC (Allocation Failure) 2024-07-16T18:26:20.348+0800: 7.152: [ParNew: 5235K->8K(6144K), 0.0017825 secs] 12593K->9413K(19840K), 0.0018658 secs] [Times: user=0.00 sys=0.00, real=0.00 secs] 
Heap after GC invocations=927 (full 112):
 par new generation   total 6144K, used 8K [0x00000000fec00000, 0x00000000ff2a0000, 0x00000000ff2a0000)
  eden space 5504K,   0% used [0x00000000fec00000, 0x00000000fec00000, 0x00000000ff160000)
  from space 640K,   1% used [0x00000000ff200000, 0x00000000ff202040, 0x00000000ff2a0000)
  to   space 640K,   0% used [0x00000000ff160000, 0x00000000ff160000, 0x00000000ff200000)
 concurrent mark-sweep generation total 13696K, used 9405K [0x00000000ff2a0000, 0x0000000100000000, 0x0000000100000000)
 Metaspace       used 5073K, capacity 5258K, committed 5504K, reserved 1056768K
  class space    used 557K, capacity 597K, committed 640K, reserved 1048576K
}
2024-07-16T18:26:20.350+0800: 7.154: [GC (CMS Initial Mark) [1 CMS-initial-mark: 9405K(13696K)] 10439K(19840K), 0.0005135 secs] [Times: user=0.00 sys=0.00, real=0.00 secs] 
2024-07-16T18:26:20.351+0800: 7.155: [CMS-concurrent-mark-start]
2024-07-16T18:26:20.354+0800: 7.159: [CMS-concurrent-mark: 0.004/0.004 secs] [Times: user=0.00 sys=0.00, real=0.00 secs] 
2024-07-16T18:26:20.354+0800: 7.159: [CMS-concurrent-preclean-start]
2024-07-16T18:26:20.354+0800: 7.159: [CMS-concurrent-preclean: 0.000/0.000 secs] [Times: user=0.00 sys=0.00, real=0.00 secs] 
2024-07-16T18:26:20.354+0800: 7.159: [CMS-concurrent-abortable-preclean-start]
{Heap before GC invocations=927 (full 113):
 par new generation   total 6144K, used 5237K [0x00000000fec00000, 0x00000000ff2a0000, 0x00000000ff2a0000)
  eden space 5504K,  95% used [0x00000000fec00000, 0x00000000ff11b798, 0x00000000ff160000)
  from space 640K,   1% used [0x00000000ff200000, 0x00000000ff202040, 0x00000000ff2a0000)
  to   space 640K,   0% used [0x00000000ff160000, 0x00000000ff160000, 0x00000000ff200000)
 concurrent mark-sweep generation total 13696K, used 9405K [0x00000000ff2a0000, 0x0000000100000000, 0x0000000100000000)
 Metaspace       used 5073K, capacity 5258K, committed 5504K, reserved 1056768K
  class space    used 557K, capacity 597K, committed 640K, reserved 1048576K
2024-07-16T18:26:20.359+0800: 7.163: [GC (Allocation Failure) 2024-07-16T18:26:20.359+0800: 7.163: [ParNew: 5237K->8K(6144K), 0.0011317 secs] 14643K->10439K(19840K), 0.0012207 secs] [Times: user=0.00 sys=0.00, real=0.00 secs] 
Heap after GC invocations=928 (full 113):
 par new generation   total 6144K, used 8K [0x00000000fec00000, 0x00000000ff2a0000, 0x00000000ff2a0000)
  eden space 5504K,   0% used [0x00000000fec00000, 0x00000000fec00000, 0x00000000ff160000)
  from space 640K,   1% used [0x00000000ff160000, 0x00000000ff162040, 0x00000000ff200000)
  to   space 640K,   0% used [0x00000000ff200000, 0x00000000ff200000, 0x00000000ff2a0000)
 concurrent mark-sweep generation total 13696K, used 10431K [0x00000000ff2a0000, 0x0000000100000000, 0x0000000100000000)
 Metaspace       used 5073K, capacity 5258K, committed 5504K, reserved 1056768K
  class space    used 557K, capacity 597K, committed 640K, reserved 1048576K
}
{Heap before GC invocations=928 (full 113):
 par new generation   total 6144K, used 5237K [0x00000000fec00000, 0x00000000ff2a0000, 0x00000000ff2a0000)
  eden space 5504K,  95% used [0x00000000fec00000, 0x00000000ff11b798, 0x00000000ff160000)
  from space 640K,   1% used [0x00000000ff160000, 0x00000000ff162040, 0x00000000ff200000)
  to   space 640K,   0% used [0x00000000ff200000, 0x00000000ff200000, 0x00000000ff2a0000)
 concurrent mark-sweep generation total 13696K, used 10431K [0x00000000ff2a0000, 0x0000000100000000, 0x0000000100000000)
 Metaspace       used 5073K, capacity 5258K, committed 5504K, reserved 1056768K
  class space    used 557K, capacity 597K, committed 640K, reserved 1048576K
2024-07-16T18:26:20.367+0800: 7.171: [GC (Allocation Failure) 2024-07-16T18:26:20.367+0800: 7.171: [ParNew: 5237K->4K(6144K), 0.0008613 secs] 15669K->10435K(19840K), 0.0009337 secs] [Times: user=0.00 sys=0.00, real=0.00 secs] 
Heap after GC invocations=929 (full 113):
 par new generation   total 6144K, used 4K [0x00000000fec00000, 0x00000000ff2a0000, 0x00000000ff2a0000)
  eden space 5504K,   0% used [0x00000000fec00000, 0x00000000fec00000, 0x00000000ff160000)
  from space 640K,   0% used [0x00000000ff200000, 0x00000000ff201020, 0x00000000ff2a0000)
  to   space 640K,   0% used [0x00000000ff160000, 0x00000000ff160000, 0x00000000ff200000)
 concurrent mark-sweep generation total 13696K, used 10431K [0x00000000ff2a0000, 0x0000000100000000, 0x0000000100000000)
 Metaspace       used 5073K, capacity 5258K, committed 5504K, reserved 1056768K
  class space    used 557K, capacity 597K, committed 640K, reserved 1048576K
}
{Heap before GC invocations=929 (full 113):
 par new generation   total 6144K, used 5233K [0x00000000fec00000, 0x00000000ff2a0000, 0x00000000ff2a0000)
  eden space 5504K,  95% used [0x00000000fec00000, 0x00000000ff11b798, 0x00000000ff160000)
  from space 640K,   0% used [0x00000000ff200000, 0x00000000ff201020, 0x00000000ff2a0000)
  to   space 640K,   0% used [0x00000000ff160000, 0x00000000ff160000, 0x00000000ff200000)
 concurrent mark-sweep generation total 13696K, used 10431K [0x00000000ff2a0000, 0x0000000100000000, 0x0000000100000000)
 Metaspace       used 5073K, capacity 5258K, committed 5504K, reserved 1056768K
  class space    used 557K, capacity 597K, committed 640K, reserved 1048576K
2024-07-16T18:26:20.374+0800: 7.178: [GC (Allocation Failure) 2024-07-16T18:26:20.374+0800: 7.178: [ParNew: 5233K->8K(6144K), 0.0014063 secs] 15665K->11463K(19840K), 0.0015063 secs] [Times: user=0.00 sys=0.00, real=0.00 secs] 
Heap after GC invocations=930 (full 113):
 par new generation   total 6144K, used 8K [0x00000000fec00000, 0x00000000ff2a0000, 0x00000000ff2a0000)
  eden space 5504K,   0% used [0x00000000fec00000, 0x00000000fec00000, 0x00000000ff160000)
  from space 640K,   1% used [0x00000000ff160000, 0x00000000ff162040, 0x00000000ff200000)
  to   space 640K,   0% used [0x00000000ff200000, 0x00000000ff200000, 0x00000000ff2a0000)
 concurrent mark-sweep generation total 13696K, used 11455K [0x00000000ff2a0000, 0x0000000100000000, 0x0000000100000000)
 Metaspace       used 5073K, capacity 5258K, committed 5504K, reserved 1056768K
  class space    used 557K, capacity 597K, committed 640K, reserved 1048576K
}
{Heap before GC invocations=930 (full 113):
 par new generation   total 6144K, used 5237K [0x00000000fec00000, 0x00000000ff2a0000, 0x00000000ff2a0000)
  eden space 5504K,  95% used [0x00000000fec00000, 0x00000000ff11b798, 0x00000000ff160000)
  from space 640K,   1% used [0x00000000ff160000, 0x00000000ff162040, 0x00000000ff200000)
  to   space 640K,   0% used [0x00000000ff200000, 0x00000000ff200000, 0x00000000ff2a0000)
 concurrent mark-sweep generation total 13696K, used 11455K [0x00000000ff2a0000, 0x0000000100000000, 0x0000000100000000)
 Metaspace       used 5073K, capacity 5258K, committed 5504K, reserved 1056768K
  class space    used 557K, capacity 597K, committed 640K, reserved 1048576K
2024-07-16T18:26:20.382+0800: 7.186: [GC (Allocation Failure) 2024-07-16T18:26:20.382+0800: 7.186: [ParNew: 5237K->8K(6144K), 0.0011729 secs] 16693K->12489K(19840K), 0.0012593 secs] [Times: user=0.00 sys=0.00, real=0.00 secs] 
Heap after GC invocations=931 (full 113):
 par new generation   total 6144K, used 8K [0x00000000fec00000, 0x00000000ff2a0000, 0x00000000ff2a0000)
  eden space 5504K,   0% used [0x00000000fec00000, 0x00000000fec00000, 0x00000000ff160000)
  from space 640K,   1% used [0x00000000ff200000, 0x00000000ff202040, 0x00000000ff2a0000)
  to   space 640K,   0% used [0x00000000ff160000, 0x00000000ff160000, 0x00000000ff200000)
 concurrent mark-sweep generation total 13696K, used 12481K [0x00000000ff2a0000, 0x0000000100000000, 0x0000000100000000)
 Metaspace       used 5073K, capacity 5258K, committed 5504K, reserved 1056768K
  class space    used 557K, capacity 597K, committed 640K, reserved 1048576K
}
{Heap before GC invocations=931 (full 113):
 par new generation   total 6144K, used 5237K [0x00000000fec00000, 0x00000000ff2a0000, 0x00000000ff2a0000)
  eden space 5504K,  95% used [0x00000000fec00000, 0x00000000ff11b798, 0x00000000ff160000)
  from space 640K,   1% used [0x00000000ff200000, 0x00000000ff202040, 0x00000000ff2a0000)
  to   space 640K,   0% used [0x00000000ff160000, 0x00000000ff160000, 0x00000000ff200000)
 concurrent mark-sweep generation total 13696K, used 12481K [0x00000000ff2a0000, 0x0000000100000000, 0x0000000100000000)
 Metaspace       used 5073K, capacity 5258K, committed 5504K, reserved 1056768K
  class space    used 557K, capacity 597K, committed 640K, reserved 1048576K
2024-07-16T18:26:20.390+0800: 7.194: [GC (Allocation Failure) 2024-07-16T18:26:20.390+0800: 7.194: [ParNew: 5237K->5237K(6144K), 0.0000400 secs]2024-07-16T18:26:20.390+0800: 7.194: [CMS2024-07-16T18:26:20.390+0800: 7.194: [CMS-concurrent-abortable-preclean: 0.001/0.035 secs] [Times: user=0.00 sys=0.00, real=0.04 secs] 
 (concurrent mode failure): 12481K->1204K(13696K), 0.0049108 secs] 17719K->1204K(19840K), [Metaspace: 5073K->5073K(1056768K)], 0.0050571 secs] [Times: user=0.02 sys=0.00, real=0.00 secs] 
Heap after GC invocations=932 (full 114):
 par new generation   total 6144K, used 0K [0x00000000fec00000, 0x00000000ff2a0000, 0x00000000ff2a0000)
  eden space 5504K,   0% used [0x00000000fec00000, 0x00000000fec00000, 0x00000000ff160000)
  from space 640K,   0% used [0x00000000ff200000, 0x00000000ff200000, 0x00000000ff2a0000)
  to   space 640K,   0% used [0x00000000ff160000, 0x00000000ff160000, 0x00000000ff200000)
 concurrent mark-sweep generation total 13696K, used 1204K [0x00000000ff2a0000, 0x0000000100000000, 0x0000000100000000)
 Metaspace       used 5073K, capacity 5258K, committed 5504K, reserved 1056768K
  class space    used 557K, capacity 597K, committed 640K, reserved 1048576K
}
{Heap before GC invocations=932 (full 114):
 par new generation   total 6144K, used 5229K [0x00000000fec00000, 0x00000000ff2a0000, 0x00000000ff2a0000)
  eden space 5504K,  95% used [0x00000000fec00000, 0x00000000ff11b798, 0x00000000ff160000)
  from space 640K,   0% used [0x00000000ff200000, 0x00000000ff200000, 0x00000000ff2a0000)
  to   space 640K,   0% used [0x00000000ff160000, 0x00000000ff160000, 0x00000000ff200000)
 concurrent mark-sweep generation total 13696K, used 1204K [0x00000000ff2a0000, 0x0000000100000000, 0x0000000100000000)
 Metaspace       used 5073K, capacity 5258K, committed 5504K, reserved 1056768K
  class space    used 557K, capacity 597K, committed 640K, reserved 1048576K
2024-07-16T18:26:20.403+0800: 7.207: [GC (Allocation Failure) 2024-07-16T18:26:20.403+0800: 7.207: [ParNew: 5229K->4K(6144K), 0.0008273 secs] 6434K->1208K(19840K), 0.0008831 secs] [Times: user=0.00 sys=0.00, real=0.00 secs] 
Heap after GC invocations=933 (full 114):
 par new generation   total 6144K, used 4K [0x00000000fec00000, 0x00000000ff2a0000, 0x00000000ff2a0000)
  eden space 5504K,   0% used [0x00000000fec00000, 0x00000000fec00000, 0x00000000ff160000)
  from space 640K,   0% used [0x00000000ff160000, 0x00000000ff161020, 0x00000000ff200000)
  to   space 640K,   0% used [0x00000000ff200000, 0x00000000ff200000, 0x00000000ff2a0000)
 concurrent mark-sweep generation total 13696K, used 1204K [0x00000000ff2a0000, 0x0000000100000000, 0x0000000100000000)
 Metaspace       used 5073K, capacity 5258K, committed 5504K, reserved 1056768K
  class space    used 557K, capacity 597K, committed 640K, reserved 1048576K
}
{Heap before GC invocations=933 (full 114):
 par new generation   total 6144K, used 5233K [0x00000000fec00000, 0x00000000ff2a0000, 0x00000000ff2a0000)
  eden space 5504K,  95% used [0x00000000fec00000, 0x00000000ff11b798, 0x00000000ff160000)
  from space 640K,   0% used [0x00000000ff160000, 0x00000000ff161020, 0x00000000ff200000)
  to   space 640K,   0% used [0x00000000ff200000, 0x00000000ff200000, 0x00000000ff2a0000)
 concurrent mark-sweep generation total 13696K, used 1204K [0x00000000ff2a0000, 0x0000000100000000, 0x0000000100000000)
 Metaspace       used 5073K, capacity 5258K, committed 5504K, reserved 1056768K
  class space    used 557K, capacity 597K, committed 640K, reserved 1048576K
2024-07-16T18:26:20.410+0800: 7.214: [GC (Allocation Failure) 2024-07-16T18:26:20.410+0800: 7.214: [ParNew: 5233K->10K(6144K), 0.0012433 secs] 6438K->2240K(19840K), 0.0013500 secs] [Times: user=0.00 sys=0.00, real=0.00 secs] 
Heap after GC invocations=934 (full 114):
 par new generation   total 6144K, used 10K [0x00000000fec00000, 0x00000000ff2a0000, 0x00000000ff2a0000)
  eden space 5504K,   0% used [0x00000000fec00000, 0x00000000fec00000, 0x00000000ff160000)
  from space 640K,   1% used [0x00000000ff200000, 0x00000000ff202850, 0x00000000ff2a0000)
  to   space 640K,   0% used [0x00000000ff160000, 0x00000000ff160000, 0x00000000ff200000)
 concurrent mark-sweep generation total 13696K, used 2230K [0x00000000ff2a0000, 0x0000000100000000, 0x0000000100000000)
 Metaspace       used 5073K, capacity 5258K, committed 5504K, reserved 1056768K
  class space    used 557K, capacity 597K, committed 640K, reserved 1048576K
}
{Heap before GC invocations=934 (full 114):
 par new generation   total 6144K, used 5239K [0x00000000fec00000, 0x00000000ff2a0000, 0x00000000ff2a0000)
  eden space 5504K,  95% used [0x00000000fec00000, 0x00000000ff11b798, 0x00000000ff160000)
  from space 640K,   1% used [0x00000000ff200000, 0x00000000ff202850, 0x00000000ff2a0000)
  to   space 640K,   0% used [0x00000000ff160000, 0x00000000ff160000, 0x00000000ff200000)
 concurrent mark-sweep generation total 13696K, used 2230K [0x00000000ff2a0000, 0x0000000100000000, 0x0000000100000000)
 Metaspace       used 5073K, capacity 5258K, committed 5504K, reserved 1056768K
  class space    used 557K, capacity 597K, committed 640K, reserved 1048576K
2024-07-16T18:26:20.419+0800: 7.223: [GC (Allocation Failure) 2024-07-16T18:26:20.419+0800: 7.223: [ParNew: 5239K->10K(6144K), 0.0003619 secs] 7470K->3266K(19840K), 0.0003877 secs] [Times: user=0.00 sys=0.00, real=0.00 secs] 
Heap after GC invocations=935 (full 114):
 par new generation   total 6144K, used 10K [0x00000000fec00000, 0x00000000ff2a0000, 0x00000000ff2a0000)
  eden space 5504K,   0% used [0x00000000fec00000, 0x00000000fec00000, 0x00000000ff160000)
  from space 640K,   1% used [0x00000000ff160000, 0x00000000ff162850, 0x00000000ff200000)
  to   space 640K,   0% used [0x00000000ff200000, 0x00000000ff200000, 0x00000000ff2a0000)
 concurrent mark-sweep generation total 13696K, used 3256K [0x00000000ff2a0000, 0x0000000100000000, 0x0000000100000000)
 Metaspace       used 5073K, capacity 5258K, committed 5504K, reserved 1056768K
  class space    used 557K, capacity 597K, committed 640K, reserved 1048576K
}
{Heap before GC invocations=935 (full 114):
 par new generation   total 6144K, used 5239K [0x00000000fec00000, 0x00000000ff2a0000, 0x00000000ff2a0000)
  eden space 5504K,  95% used [0x00000000fec00000, 0x00000000ff11b798, 0x00000000ff160000)
  from space 640K,   1% used [0x00000000ff160000, 0x00000000ff162850, 0x00000000ff200000)
  to   space 640K,   0% used [0x00000000ff200000, 0x00000000ff200000, 0x00000000ff2a0000)
 concurrent mark-sweep generation total 13696K, used 3256K [0x00000000ff2a0000, 0x0000000100000000, 0x0000000100000000)
 Metaspace       used 5073K, capacity 5258K, committed 5504K, reserved 1056768K
  class space    used 557K, capacity 597K, committed 640K, reserved 1048576K
2024-07-16T18:26:20.425+0800: 7.229: [GC (Allocation Failure) 2024-07-16T18:26:20.425+0800: 7.229: [ParNew: 5239K->8K(6144K), 0.0002924 secs] 8496K->4288K(19840K), 0.0003336 secs] [Times: user=0.00 sys=0.00, real=0.00 secs] 
Heap after GC invocations=936 (full 114):
 par new generation   total 6144K, used 8K [0x00000000fec00000, 0x00000000ff2a0000, 0x00000000ff2a0000)
  eden space 5504K,   0% used [0x00000000fec00000, 0x00000000fec00000, 0x00000000ff160000)
  from space 640K,   1% used [0x00000000ff200000, 0x00000000ff202040, 0x00000000ff2a0000)
  to   space 640K,   0% used [0x00000000ff160000, 0x00000000ff160000, 0x00000000ff200000)
 concurrent mark-sweep generation total 13696K, used 4280K [0x00000000ff2a0000, 0x0000000100000000, 0x0000000100000000)
 Metaspace       used 5073K, capacity 5258K, committed 5504K, reserved 1056768K
  class space    used 557K, capacity 597K, committed 640K, reserved 1048576K
}
{Heap before GC invocations=936 (full 114):
 par new generation   total 6144K, used 5237K [0x00000000fec00000, 0x00000000ff2a0000, 0x00000000ff2a0000)
  eden space 5504K,  95% used [0x00000000fec00000, 0x00000000ff11b798, 0x00000000ff160000)
  from space 640K,   1% used [0x00000000ff200000, 0x00000000ff202040, 0x00000000ff2a0000)
  to   space 640K,   0% used [0x00000000ff160000, 0x00000000ff160000, 0x00000000ff200000)
 concurrent mark-sweep generation total 13696K, used 4280K [0x00000000ff2a0000, 0x0000000100000000, 0x0000000100000000)
 Metaspace       used 5073K, capacity 5258K, committed 5504K, reserved 1056768K
  class space    used 557K, capacity 597K, committed 640K, reserved 1048576K
2024-07-16T18:26:20.433+0800: 7.237: [GC (Allocation Failure) 2024-07-16T18:26:20.433+0800: 7.237: [ParNew: 5237K->4K(6144K), 0.0002436 secs] 9518K->4284K(19840K), 0.0002736 secs] [Times: user=0.00 sys=0.00, real=0.00 secs] 
Heap after GC invocations=937 (full 114):
 par new generation   total 6144K, used 4K [0x00000000fec00000, 0x00000000ff2a0000, 0x00000000ff2a0000)
  eden space 5504K,   0% used [0x00000000fec00000, 0x00000000fec00000, 0x00000000ff160000)
  from space 640K,   0% used [0x00000000ff160000, 0x00000000ff161020, 0x00000000ff200000)
  to   space 640K,   0% used [0x00000000ff200000, 0x00000000ff200000, 0x00000000ff2a0000)
 concurrent mark-sweep generation total 13696K, used 4280K [0x00000000ff2a0000, 0x0000000100000000, 0x0000000100000000)
 Metaspace       used 5073K, capacity 5258K, committed 5504K, reserved 1056768K
  class space    used 557K, capacity 597K, committed 640K, reserved 1048576K
}
{Heap before GC invocations=937 (full 114):
 par new generation   total 6144K, used 5233K [0x00000000fec00000, 0x00000000ff2a0000, 0x00000000ff2a0000)
  eden space 5504K,  95% used [0x00000000fec00000, 0x00000000ff11b798, 0x00000000ff160000)
  from space 640K,   0% used [0x00000000ff160000, 0x00000000ff161020, 0x00000000ff200000)
  to   space 640K,   0% used [0x00000000ff200000, 0x00000000ff200000, 0x00000000ff2a0000)
 concurrent mark-sweep generation total 13696K, used 4280K [0x00000000ff2a0000, 0x0000000100000000, 0x0000000100000000)
 Metaspace       used 5073K, capacity 5258K, committed 5504K, reserved 1056768K
  class space    used 557K, capacity 597K, committed 640K, reserved 1048576K
2024-07-16T18:26:20.439+0800: 7.243: [GC (Allocation Failure) 2024-07-16T18:26:20.439+0800: 7.243: [ParNew: 5233K->8K(6144K), 0.0003050 secs] 9514K->5315K(19840K), 0.0003293 secs] [Times: user=0.00 sys=0.00, real=0.00 secs] 
Heap after GC invocations=938 (full 114):
 par new generation   total 6144K, used 8K [0x00000000fec00000, 0x00000000ff2a0000, 0x00000000ff2a0000)
  eden space 5504K,   0% used [0x00000000fec00000, 0x00000000fec00000, 0x00000000ff160000)
  from space 640K,   1% used [0x00000000ff200000, 0x00000000ff202040, 0x00000000ff2a0000)
  to   space 640K,   0% used [0x00000000ff160000, 0x00000000ff160000, 0x00000000ff200000)
 concurrent mark-sweep generation total 13696K, used 5306K [0x00000000ff2a0000, 0x0000000100000000, 0x0000000100000000)
 Metaspace       used 5073K, capacity 5258K, committed 5504K, reserved 1056768K
  class space    used 557K, capacity 597K, committed 640K, reserved 1048576K
}
{Heap before GC invocations=938 (full 114):
 par new generation   total 6144K, used 5237K [0x00000000fec00000, 0x00000000ff2a0000, 0x00000000ff2a0000)
  eden space 5504K,  95% used [0x00000000fec00000, 0x00000000ff11b798, 0x00000000ff160000)
  from space 640K,   1% used [0x00000000ff200000, 0x00000000ff202040, 0x00000000ff2a0000)
  to   space 640K,   0% used [0x00000000ff160000, 0x00000000ff160000, 0x00000000ff200000)
 concurrent mark-sweep generation total 13696K, used 5306K [0x00000000ff2a0000, 0x0000000100000000, 0x0000000100000000)
 Metaspace       used 5073K, capacity 5258K, committed 5504K, reserved 1056768K
  class space    used 557K, capacity 597K, committed 640K, reserved 1048576K
2024-07-16T18:26:20.445+0800: 7.249: [GC (Allocation Failure) 2024-07-16T18:26:20.445+0800: 7.249: [ParNew: 5237K->6K(6144K), 0.0003148 secs] 10544K->6339K(19840K), 0.0003430 secs] [Times: user=0.00 sys=0.00, real=0.00 secs] 
Heap after GC invocations=939 (full 114):
 par new generation   total 6144K, used 6K [0x00000000fec00000, 0x00000000ff2a0000, 0x00000000ff2a0000)
  eden space 5504K,   0% used [0x00000000fec00000, 0x00000000fec00000, 0x00000000ff160000)
  from space 640K,   0% used [0x00000000ff160000, 0x00000000ff161830, 0x00000000ff200000)
  to   space 640K,   0% used [0x00000000ff200000, 0x00000000ff200000, 0x00000000ff2a0000)
 concurrent mark-sweep generation total 13696K, used 6333K [0x00000000ff2a0000, 0x0000000100000000, 0x0000000100000000)
 Metaspace       used 5073K, capacity 5258K, committed 5504K, reserved 1056768K
  class space    used 557K, capacity 597K, committed 640K, reserved 1048576K
}
{Heap before GC invocations=939 (full 114):
 par new generation   total 6144K, used 5235K [0x00000000fec00000, 0x00000000ff2a0000, 0x00000000ff2a0000)
  eden space 5504K,  95% used [0x00000000fec00000, 0x00000000ff11b798, 0x00000000ff160000)
  from space 640K,   0% used [0x00000000ff160000, 0x00000000ff161830, 0x00000000ff200000)
  to   space 640K,   0% used [0x00000000ff200000, 0x00000000ff200000, 0x00000000ff2a0000)
 concurrent mark-sweep generation total 13696K, used 6333K [0x00000000ff2a0000, 0x0000000100000000, 0x0000000100000000)
 Metaspace       used 5073K, capacity 5258K, committed 5504K, reserved 1056768K
  class space    used 557K, capacity 597K, committed 640K, reserved 1048576K
2024-07-16T18:26:20.451+0800: 7.255: [GC (Allocation Failure) 2024-07-16T18:26:20.451+0800: 7.255: [ParNew: 5235K->8K(6144K), 0.0006793 secs] 11568K->7367K(19840K), 0.0007390 secs] [Times: user=0.00 sys=0.00, real=0.00 secs] 
Heap after GC invocations=940 (full 114):
 par new generation   total 6144K, used 8K [0x00000000fec00000, 0x00000000ff2a0000, 0x00000000ff2a0000)
  eden space 5504K,   0% used [0x00000000fec00000, 0x00000000fec00000, 0x00000000ff160000)
  from space 640K,   1% used [0x00000000ff200000, 0x00000000ff202040, 0x00000000ff2a0000)
  to   space 640K,   0% used [0x00000000ff160000, 0x00000000ff160000, 0x00000000ff200000)
 concurrent mark-sweep generation total 13696K, used 7359K [0x00000000ff2a0000, 0x0000000100000000, 0x0000000100000000)
 Metaspace       used 5073K, capacity 5258K, committed 5504K, reserved 1056768K
  class space    used 557K, capacity 597K, committed 640K, reserved 1048576K
}
{Heap before GC invocations=940 (full 114):
 par new generation   total 6144K, used 5237K [0x00000000fec00000, 0x00000000ff2a0000, 0x00000000ff2a0000)
  eden space 5504K,  95% used [0x00000000fec00000, 0x00000000ff11b798, 0x00000000ff160000)
  from space 640K,   1% used [0x00000000ff200000, 0x00000000ff202040, 0x00000000ff2a0000)
  to   space 640K,   0% used [0x00000000ff160000, 0x00000000ff160000, 0x00000000ff200000)
 concurrent mark-sweep generation total 13696K, used 7359K [0x00000000ff2a0000, 0x0000000100000000, 0x0000000100000000)
 Metaspace       used 5073K, capacity 5258K, committed 5504K, reserved 1056768K
  class space    used 557K, capacity 597K, committed 640K, reserved 1048576K
2024-07-16T18:26:20.457+0800: 7.261: [GC (Allocation Failure) 2024-07-16T18:26:20.457+0800: 7.261: [ParNew: 5237K->8K(6144K), 0.0015591 secs] 12597K->8391K(19840K), 0.0016609 secs] [Times: user=0.00 sys=0.00, real=0.00 secs] 
Heap after GC invocations=941 (full 114):
 par new generation   total 6144K, used 8K [0x00000000fec00000, 0x00000000ff2a0000, 0x00000000ff2a0000)
  eden space 5504K,   0% used [0x00000000fec00000, 0x00000000fec00000, 0x00000000ff160000)
  from space 640K,   1% used [0x00000000ff160000, 0x00000000ff162040, 0x00000000ff200000)
  to   space 640K,   0% used [0x00000000ff200000, 0x00000000ff200000, 0x00000000ff2a0000)
 concurrent mark-sweep generation total 13696K, used 8383K [0x00000000ff2a0000, 0x0000000100000000, 0x0000000100000000)
 Metaspace       used 5073K, capacity 5258K, committed 5504K, reserved 1056768K
  class space    used 557K, capacity 597K, committed 640K, reserved 1048576K
}
2024-07-16T18:26:20.458+0800: 7.263: [GC (CMS Initial Mark) [1 CMS-initial-mark: 8383K(13696K)] 9417K(19840K), 0.0001620 secs] [Times: user=0.00 sys=0.00, real=0.00 secs] 
2024-07-16T18:26:20.459+0800: 7.263: [CMS-concurrent-mark-start]
2024-07-16T18:26:20.463+0800: 7.268: [CMS-concurrent-mark: 0.005/0.005 secs] [Times: user=0.00 sys=0.00, real=0.00 secs] 
2024-07-16T18:26:20.463+0800: 7.268: [CMS-concurrent-preclean-start]
2024-07-16T18:26:20.464+0800: 7.268: [CMS-concurrent-preclean: 0.000/0.000 secs] [Times: user=0.00 sys=0.00, real=0.00 secs] 
2024-07-16T18:26:20.464+0800: 7.268: [CMS-concurrent-abortable-preclean-start]
{Heap before GC invocations=941 (full 115):
 par new generation   total 6144K, used 5237K [0x00000000fec00000, 0x00000000ff2a0000, 0x00000000ff2a0000)
  eden space 5504K,  95% used [0x00000000fec00000, 0x00000000ff11b798, 0x00000000ff160000)
  from space 640K,   1% used [0x00000000ff160000, 0x00000000ff162040, 0x00000000ff200000)
  to   space 640K,   0% used [0x00000000ff200000, 0x00000000ff200000, 0x00000000ff2a0000)
 concurrent mark-sweep generation total 13696K, used 8383K [0x00000000ff2a0000, 0x0000000100000000, 0x0000000100000000)
 Metaspace       used 5073K, capacity 5258K, committed 5504K, reserved 1056768K
  class space    used 557K, capacity 597K, committed 640K, reserved 1048576K
2024-07-16T18:26:20.468+0800: 7.272: [GC (Allocation Failure) 2024-07-16T18:26:20.468+0800: 7.272: [ParNew: 5237K->4K(6144K), 0.0004904 secs] 13621K->8387K(19840K), 0.0005262 secs] [Times: user=0.00 sys=0.00, real=0.00 secs] 
Heap after GC invocations=942 (full 115):
 par new generation   total 6144K, used 4K [0x00000000fec00000, 0x00000000ff2a0000, 0x00000000ff2a0000)
  eden space 5504K,   0% used [0x00000000fec00000, 0x00000000fec00000, 0x00000000ff160000)
  from space 640K,   0% used [0x00000000ff200000, 0x00000000ff201020, 0x00000000ff2a0000)
  to   space 640K,   0% used [0x00000000ff160000, 0x00000000ff160000, 0x00000000ff200000)
 concurrent mark-sweep generation total 13696K, used 8383K [0x00000000ff2a0000, 0x0000000100000000, 0x0000000100000000)
 Metaspace       used 5073K, capacity 5258K, committed 5504K, reserved 1056768K
  class space    used 557K, capacity 597K, committed 640K, reserved 1048576K
}
{Heap before GC invocations=942 (full 115):
 par new generation   total 6144K, used 5233K [0x00000000fec00000, 0x00000000ff2a0000, 0x00000000ff2a0000)
  eden space 5504K,  95% used [0x00000000fec00000, 0x00000000ff11b798, 0x00000000ff160000)
  from space 640K,   0% used [0x00000000ff200000, 0x00000000ff201020, 0x00000000ff2a0000)
  to   space 640K,   0% used [0x00000000ff160000, 0x00000000ff160000, 0x00000000ff200000)
 concurrent mark-sweep generation total 13696K, used 8383K [0x00000000ff2a0000, 0x0000000100000000, 0x0000000100000000)
 Metaspace       used 5073K, capacity 5258K, committed 5504K, reserved 1056768K
  class space    used 557K, capacity 597K, committed 640K, reserved 1048576K
2024-07-16T18:26:20.474+0800: 7.278: [GC (Allocation Failure) 2024-07-16T18:26:20.474+0800: 7.278: [ParNew: 5233K->10K(6144K), 0.0008607 secs] 13617K->9417K(19840K), 0.0009729 secs] [Times: user=0.00 sys=0.00, real=0.00 secs] 
Heap after GC invocations=943 (full 115):
 par new generation   total 6144K, used 10K [0x00000000fec00000, 0x00000000ff2a0000, 0x00000000ff2a0000)
  eden space 5504K,   0% used [0x00000000fec00000, 0x00000000fec00000, 0x00000000ff160000)
  from space 640K,   1% used [0x00000000ff160000, 0x00000000ff162850, 0x00000000ff200000)
  to   space 640K,   0% used [0x00000000ff200000, 0x00000000ff200000, 0x00000000ff2a0000)
 concurrent mark-sweep generation total 13696K, used 9407K [0x00000000ff2a0000, 0x0000000100000000, 0x0000000100000000)
 Metaspace       used 5073K, capacity 5258K, committed 5504K, reserved 1056768K
  class space    used 557K, capacity 597K, committed 640K, reserved 1048576K
}
{Heap before GC invocations=943 (full 115):
 par new generation   total 6144K, used 5239K [0x00000000fec00000, 0x00000000ff2a0000, 0x00000000ff2a0000)
  eden space 5504K,  95% used [0x00000000fec00000, 0x00000000ff11b798, 0x00000000ff160000)
  from space 640K,   1% used [0x00000000ff160000, 0x00000000ff162850, 0x00000000ff200000)
  to   space 640K,   0% used [0x00000000ff200000, 0x00000000ff200000, 0x00000000ff2a0000)
 concurrent mark-sweep generation total 13696K, used 9407K [0x00000000ff2a0000, 0x0000000100000000, 0x0000000100000000)
 Metaspace       used 5073K, capacity 5258K, committed 5504K, reserved 1056768K
  class space    used 557K, capacity 597K, committed 640K, reserved 1048576K
2024-07-16T18:26:20.483+0800: 7.287: [GC (Allocation Failure) 2024-07-16T18:26:20.483+0800: 7.287: [ParNew: 5239K->8K(6144K), 0.0013836 secs] 14647K->10441K(19840K), 0.0014624 secs] [Times: user=0.00 sys=0.00, real=0.00 secs] 
Heap after GC invocations=944 (full 115):
 par new generation   total 6144K, used 8K [0x00000000fec00000, 0x00000000ff2a0000, 0x00000000ff2a0000)
  eden space 5504K,   0% used [0x00000000fec00000, 0x00000000fec00000, 0x00000000ff160000)
  from space 640K,   1% used [0x00000000ff200000, 0x00000000ff202040, 0x00000000ff2a0000)
  to   space 640K,   0% used [0x00000000ff160000, 0x00000000ff160000, 0x00000000ff200000)
 concurrent mark-sweep generation total 13696K, used 10433K [0x00000000ff2a0000, 0x0000000100000000, 0x0000000100000000)
 Metaspace       used 5073K, capacity 5258K, committed 5504K, reserved 1056768K
  class space    used 557K, capacity 597K, committed 640K, reserved 1048576K
}
{Heap before GC invocations=944 (full 115):
 par new generation   total 6144K, used 5237K [0x00000000fec00000, 0x00000000ff2a0000, 0x00000000ff2a0000)
  eden space 5504K,  95% used [0x00000000fec00000, 0x00000000ff11b798, 0x00000000ff160000)
  from space 640K,   1% used [0x00000000ff200000, 0x00000000ff202040, 0x00000000ff2a0000)
  to   space 640K,   0% used [0x00000000ff160000, 0x00000000ff160000, 0x00000000ff200000)
 concurrent mark-sweep generation total 13696K, used 10433K [0x00000000ff2a0000, 0x0000000100000000, 0x0000000100000000)
 Metaspace       used 5073K, capacity 5258K, committed 5504K, reserved 1056768K
  class space    used 557K, capacity 597K, committed 640K, reserved 1048576K
2024-07-16T18:26:20.491+0800: 7.295: [GC (Allocation Failure) 2024-07-16T18:26:20.491+0800: 7.295: [ParNew: 5237K->8K(6144K), 0.0014601 secs] 15671K->11467K(19840K), 0.0015641 secs] [Times: user=0.00 sys=0.00, real=0.00 secs] 
Heap after GC invocations=945 (full 115):
 par new generation   total 6144K, used 8K [0x00000000fec00000, 0x00000000ff2a0000, 0x00000000ff2a0000)
  eden space 5504K,   0% used [0x00000000fec00000, 0x00000000fec00000, 0x00000000ff160000)
  from space 640K,   1% used [0x00000000ff160000, 0x00000000ff162040, 0x00000000ff200000)
  to   space 640K,   0% used [0x00000000ff200000, 0x00000000ff200000, 0x00000000ff2a0000)
 concurrent mark-sweep generation total 13696K, used 11459K [0x00000000ff2a0000, 0x0000000100000000, 0x0000000100000000)
 Metaspace       used 5073K, capacity 5258K, committed 5504K, reserved 1056768K
  class space    used 557K, capacity 597K, committed 640K, reserved 1048576K
}
{Heap before GC invocations=945 (full 115):
 par new generation   total 6144K, used 5237K [0x00000000fec00000, 0x00000000ff2a0000, 0x00000000ff2a0000)
  eden space 5504K,  95% used [0x00000000fec00000, 0x00000000ff11b798, 0x00000000ff160000)
  from space 640K,   1% used [0x00000000ff160000, 0x00000000ff162040, 0x00000000ff200000)
  to   space 640K,   0% used [0x00000000ff200000, 0x00000000ff200000, 0x00000000ff2a0000)
 concurrent mark-sweep generation total 13696K, used 11459K [0x00000000ff2a0000, 0x0000000100000000, 0x0000000100000000)
 Metaspace       used 5073K, capacity 5258K, committed 5504K, reserved 1056768K
  class space    used 557K, capacity 597K, committed 640K, reserved 1048576K
2024-07-16T18:26:20.499+0800: 7.303: [GC (Allocation Failure) 2024-07-16T18:26:20.499+0800: 7.303: [ParNew: 5237K->4K(6144K), 0.0012522 secs] 16697K->11463K(19840K), 0.0013231 secs] [Times: user=0.00 sys=0.00, real=0.00 secs] 
Heap after GC invocations=946 (full 115):
 par new generation   total 6144K, used 4K [0x00000000fec00000, 0x00000000ff2a0000, 0x00000000ff2a0000)
  eden space 5504K,   0% used [0x00000000fec00000, 0x00000000fec00000, 0x00000000ff160000)
  from space 640K,   0% used [0x00000000ff200000, 0x00000000ff201020, 0x00000000ff2a0000)
  to   space 640K,   0% used [0x00000000ff160000, 0x00000000ff160000, 0x00000000ff200000)
 concurrent mark-sweep generation total 13696K, used 11459K [0x00000000ff2a0000, 0x0000000100000000, 0x0000000100000000)
 Metaspace       used 5073K, capacity 5258K, committed 5504K, reserved 1056768K
  class space    used 557K, capacity 597K, committed 640K, reserved 1048576K
}
{Heap before GC invocations=946 (full 115):
 par new generation   total 6144K, used 5233K [0x00000000fec00000, 0x00000000ff2a0000, 0x00000000ff2a0000)
  eden space 5504K,  95% used [0x00000000fec00000, 0x00000000ff11b798, 0x00000000ff160000)
  from space 640K,   0% used [0x00000000ff200000, 0x00000000ff201020, 0x00000000ff2a0000)
  to   space 640K,   0% used [0x00000000ff160000, 0x00000000ff160000, 0x00000000ff200000)
 concurrent mark-sweep generation total 13696K, used 11459K [0x00000000ff2a0000, 0x0000000100000000, 0x0000000100000000)
 Metaspace       used 5073K, capacity 5258K, committed 5504K, reserved 1056768K
  class space    used 557K, capacity 597K, committed 640K, reserved 1048576K
2024-07-16T18:26:20.508+0800: 7.312: [GC (Allocation Failure) 2024-07-16T18:26:20.508+0800: 7.312: [ParNew: 5233K->4K(6144K), 0.0014994 secs] 16693K->11463K(19840K), 0.0016678 secs] [Times: user=0.00 sys=0.00, real=0.00 secs] 
Heap after GC invocations=947 (full 115):
 par new generation   total 6144K, used 4K [0x00000000fec00000, 0x00000000ff2a0000, 0x00000000ff2a0000)
  eden space 5504K,   0% used [0x00000000fec00000, 0x00000000fec00000, 0x00000000ff160000)
  from space 640K,   0% used [0x00000000ff160000, 0x00000000ff161020, 0x00000000ff200000)
  to   space 640K,   0% used [0x00000000ff200000, 0x00000000ff200000, 0x00000000ff2a0000)
 concurrent mark-sweep generation total 13696K, used 11459K [0x00000000ff2a0000, 0x0000000100000000, 0x0000000100000000)
 Metaspace       used 5073K, capacity 5258K, committed 5504K, reserved 1056768K
  class space    used 557K, capacity 597K, committed 640K, reserved 1048576K
}
{Heap before GC invocations=947 (full 115):
 par new generation   total 6144K, used 5233K [0x00000000fec00000, 0x00000000ff2a0000, 0x00000000ff2a0000)
  eden space 5504K,  95% used [0x00000000fec00000, 0x00000000ff11b798, 0x00000000ff160000)
  from space 640K,   0% used [0x00000000ff160000, 0x00000000ff161020, 0x00000000ff200000)
  to   space 640K,   0% used [0x00000000ff200000, 0x00000000ff200000, 0x00000000ff2a0000)
 concurrent mark-sweep generation total 13696K, used 11459K [0x00000000ff2a0000, 0x0000000100000000, 0x0000000100000000)
 Metaspace       used 5073K, capacity 5258K, committed 5504K, reserved 1056768K
  class space    used 557K, capacity 597K, committed 640K, reserved 1048576K
2024-07-16T18:26:20.519+0800: 7.323: [GC (Allocation Failure) 2024-07-16T18:26:20.519+0800: 7.323: [ParNew: 5233K->8K(6144K), 0.0003830 secs] 16693K->12491K(19840K), 0.0004149 secs] [Times: user=0.00 sys=0.00, real=0.00 secs] 
Heap after GC invocations=948 (full 115):
 par new generation   total 6144K, used 8K [0x00000000fec00000, 0x00000000ff2a0000, 0x00000000ff2a0000)
  eden space 5504K,   0% used [0x00000000fec00000, 0x00000000fec00000, 0x00000000ff160000)
  from space 640K,   1% used [0x00000000ff200000, 0x00000000ff202040, 0x00000000ff2a0000)
  to   space 640K,   0% used [0x00000000ff160000, 0x00000000ff160000, 0x00000000ff200000)
 concurrent mark-sweep generation total 13696K, used 12483K [0x00000000ff2a0000, 0x0000000100000000, 0x0000000100000000)
 Metaspace       used 5073K, capacity 5258K, committed 5504K, reserved 1056768K
  class space    used 557K, capacity 597K, committed 640K, reserved 1048576K
}
{Heap before GC invocations=948 (full 115):
 par new generation   total 6144K, used 5237K [0x00000000fec00000, 0x00000000ff2a0000, 0x00000000ff2a0000)
  eden space 5504K,  95% used [0x00000000fec00000, 0x00000000ff11b798, 0x00000000ff160000)
  from space 640K,   1% used [0x00000000ff200000, 0x00000000ff202040, 0x00000000ff2a0000)
  to   space 640K,   0% used [0x00000000ff160000, 0x00000000ff160000, 0x00000000ff200000)
 concurrent mark-sweep generation total 13696K, used 12483K [0x00000000ff2a0000, 0x0000000100000000, 0x0000000100000000)
 Metaspace       used 5073K, capacity 5258K, committed 5504K, reserved 1056768K
  class space    used 557K, capacity 597K, committed 640K, reserved 1048576K
2024-07-16T18:26:20.526+0800: 7.330: [GC (Allocation Failure) 2024-07-16T18:26:20.526+0800: 7.330: [ParNew: 5237K->5237K(6144K), 0.0000094 secs]2024-07-16T18:26:20.526+0800: 7.330: [CMS2024-07-16T18:26:20.526+0800: 7.330: [CMS-concurrent-abortable-preclean: 0.001/0.062 secs] [Times: user=0.00 sys=0.00, real=0.06 secs] 
 (concurrent mode failure): 12483K->2228K(13696K), 0.0022864 secs] 17721K->2228K(19840K), [Metaspace: 5073K->5073K(1056768K)], 0.0023375 secs] [Times: user=0.00 sys=0.00, real=0.00 secs] 
Heap after GC invocations=949 (full 116):
 par new generation   total 6144K, used 0K [0x00000000fec00000, 0x00000000ff2a0000, 0x00000000ff2a0000)
  eden space 5504K,   0% used [0x00000000fec00000, 0x00000000fec00000, 0x00000000ff160000)
  from space 640K,   0% used [0x00000000ff200000, 0x00000000ff200000, 0x00000000ff2a0000)
  to   space 640K,   0% used [0x00000000ff160000, 0x00000000ff160000, 0x00000000ff200000)
 concurrent mark-sweep generation total 13696K, used 2228K [0x00000000ff2a0000, 0x0000000100000000, 0x0000000100000000)
 Metaspace       used 5073K, capacity 5258K, committed 5504K, reserved 1056768K
  class space    used 557K, capacity 597K, committed 640K, reserved 1048576K
}
{Heap before GC invocations=949 (full 116):
 par new generation   total 6144K, used 5229K [0x00000000fec00000, 0x00000000ff2a0000, 0x00000000ff2a0000)
  eden space 5504K,  95% used [0x00000000fec00000, 0x00000000ff11b798, 0x00000000ff160000)
  from space 640K,   0% used [0x00000000ff200000, 0x00000000ff200000, 0x00000000ff2a0000)
  to   space 640K,   0% used [0x00000000ff160000, 0x00000000ff160000, 0x00000000ff200000)
 concurrent mark-sweep generation total 13696K, used 2228K [0x00000000ff2a0000, 0x0000000100000000, 0x0000000100000000)
 Metaspace       used 5073K, capacity 5258K, committed 5504K, reserved 1056768K
  class space    used 557K, capacity 597K, committed 640K, reserved 1048576K
2024-07-16T18:26:20.536+0800: 7.340: [GC (Allocation Failure) 2024-07-16T18:26:20.536+0800: 7.340: [ParNew: 5229K->4K(6144K), 0.0002826 secs] 7458K->2232K(19840K), 0.0003230 secs] [Times: user=0.00 sys=0.00, real=0.00 secs] 
Heap after GC invocations=950 (full 116):
 par new generation   total 6144K, used 4K [0x00000000fec00000, 0x00000000ff2a0000, 0x00000000ff2a0000)
  eden space 5504K,   0% used [0x00000000fec00000, 0x00000000fec00000, 0x00000000ff160000)
  from space 640K,   0% used [0x00000000ff160000, 0x00000000ff161020, 0x00000000ff200000)
  to   space 640K,   0% used [0x00000000ff200000, 0x00000000ff200000, 0x00000000ff2a0000)
 concurrent mark-sweep generation total 13696K, used 2228K [0x00000000ff2a0000, 0x0000000100000000, 0x0000000100000000)
 Metaspace       used 5073K, capacity 5258K, committed 5504K, reserved 1056768K
  class space    used 557K, capacity 597K, committed 640K, reserved 1048576K
}
{Heap before GC invocations=950 (full 116):
 par new generation   total 6144K, used 5233K [0x00000000fec00000, 0x00000000ff2a0000, 0x00000000ff2a0000)
  eden space 5504K,  95% used [0x00000000fec00000, 0x00000000ff11b798, 0x00000000ff160000)
  from space 640K,   0% used [0x00000000ff160000, 0x00000000ff161020, 0x00000000ff200000)
  to   space 640K,   0% used [0x00000000ff200000, 0x00000000ff200000, 0x00000000ff2a0000)
 concurrent mark-sweep generation total 13696K, used 2228K [0x00000000ff2a0000, 0x0000000100000000, 0x0000000100000000)
 Metaspace       used 5073K, capacity 5258K, committed 5504K, reserved 1056768K
  class space    used 557K, capacity 597K, committed 640K, reserved 1048576K
2024-07-16T18:26:20.543+0800: 7.347: [GC (Allocation Failure) 2024-07-16T18:26:20.543+0800: 7.347: [ParNew: 5233K->8K(6144K), 0.0004943 secs] 7462K->3263K(19840K), 0.0005171 secs] [Times: user=0.00 sys=0.00, real=0.00 secs] 
Heap after GC invocations=951 (full 116):
 par new generation   total 6144K, used 8K [0x00000000fec00000, 0x00000000ff2a0000, 0x00000000ff2a0000)
  eden space 5504K,   0% used [0x00000000fec00000, 0x00000000fec00000, 0x00000000ff160000)
  from space 640K,   1% used [0x00000000ff200000, 0x00000000ff202040, 0x00000000ff2a0000)
  to   space 640K,   0% used [0x00000000ff160000, 0x00000000ff160000, 0x00000000ff200000)
 concurrent mark-sweep generation total 13696K, used 3254K [0x00000000ff2a0000, 0x0000000100000000, 0x0000000100000000)
 Metaspace       used 5073K, capacity 5258K, committed 5504K, reserved 1056768K
  class space    used 557K, capacity 597K, committed 640K, reserved 1048576K
}
{Heap before GC invocations=951 (full 116):
 par new generation   total 6144K, used 5237K [0x00000000fec00000, 0x00000000ff2a0000, 0x00000000ff2a0000)
  eden space 5504K,  95% used [0x00000000fec00000, 0x00000000ff11b798, 0x00000000ff160000)
  from space 640K,   1% used [0x00000000ff200000, 0x00000000ff202040, 0x00000000ff2a0000)
  to   space 640K,   0% used [0x00000000ff160000, 0x00000000ff160000, 0x00000000ff200000)
 concurrent mark-sweep generation total 13696K, used 3254K [0x00000000ff2a0000, 0x0000000100000000, 0x0000000100000000)
 Metaspace       used 5073K, capacity 5258K, committed 5504K, reserved 1056768K
  class space    used 557K, capacity 597K, committed 640K, reserved 1048576K
2024-07-16T18:26:20.550+0800: 7.354: [GC (Allocation Failure) 2024-07-16T18:26:20.550+0800: 7.354: [ParNew: 5237K->6K(6144K), 0.0003190 secs] 8492K->4287K(19840K), 0.0003466 secs] [Times: user=0.00 sys=0.00, real=0.00 secs] 
Heap after GC invocations=952 (full 116):
 par new generation   total 6144K, used 6K [0x00000000fec00000, 0x00000000ff2a0000, 0x00000000ff2a0000)
  eden space 5504K,   0% used [0x00000000fec00000, 0x00000000fec00000, 0x00000000ff160000)
  from space 640K,   0% used [0x00000000ff160000, 0x00000000ff161830, 0x00000000ff200000)
  to   space 640K,   0% used [0x00000000ff200000, 0x00000000ff200000, 0x00000000ff2a0000)
 concurrent mark-sweep generation total 13696K, used 4281K [0x00000000ff2a0000, 0x0000000100000000, 0x0000000100000000)
 Metaspace       used 5073K, capacity 5258K, committed 5504K, reserved 1056768K
  class space    used 557K, capacity 597K, committed 640K, reserved 1048576K
}
{Heap before GC invocations=952 (full 116):
 par new generation   total 6144K, used 5235K [0x00000000fec00000, 0x00000000ff2a0000, 0x00000000ff2a0000)
  eden space 5504K,  95% used [0x00000000fec00000, 0x00000000ff11b798, 0x00000000ff160000)
  from space 640K,   0% used [0x00000000ff160000, 0x00000000ff161830, 0x00000000ff200000)
  to   space 640K,   0% used [0x00000000ff200000, 0x00000000ff200000, 0x00000000ff2a0000)
 concurrent mark-sweep generation total 13696K, used 4281K [0x00000000ff2a0000, 0x0000000100000000, 0x0000000100000000)
 Metaspace       used 5073K, capacity 5258K, committed 5504K, reserved 1056768K
  class space    used 557K, capacity 597K, committed 640K, reserved 1048576K
2024-07-16T18:26:20.558+0800: 7.362: [GC (Allocation Failure) 2024-07-16T18:26:20.558+0800: 7.362: [ParNew: 5235K->4K(6144K), 0.0002750 secs] 9516K->4285K(19840K), 0.0003053 secs] [Times: user=0.00 sys=0.00, real=0.00 secs] 
Heap after GC invocations=953 (full 116):
 par new generation   total 6144K, used 4K [0x00000000fec00000, 0x00000000ff2a0000, 0x00000000ff2a0000)
  eden space 5504K,   0% used [0x00000000fec00000, 0x00000000fec00000, 0x00000000ff160000)
  from space 640K,   0% used [0x00000000ff200000, 0x00000000ff201020, 0x00000000ff2a0000)
  to   space 640K,   0% used [0x00000000ff160000, 0x00000000ff160000, 0x00000000ff200000)
 concurrent mark-sweep generation total 13696K, used 4281K [0x00000000ff2a0000, 0x0000000100000000, 0x0000000100000000)
 Metaspace       used 5073K, capacity 5258K, committed 5504K, reserved 1056768K
  class space    used 557K, capacity 597K, committed 640K, reserved 1048576K
}
{Heap before GC invocations=953 (full 116):
 par new generation   total 6144K, used 5233K [0x00000000fec00000, 0x00000000ff2a0000, 0x00000000ff2a0000)
  eden space 5504K,  95% used [0x00000000fec00000, 0x00000000ff11b798, 0x00000000ff160000)
  from space 640K,   0% used [0x00000000ff200000, 0x00000000ff201020, 0x00000000ff2a0000)
  to   space 640K,   0% used [0x00000000ff160000, 0x00000000ff160000, 0x00000000ff200000)
 concurrent mark-sweep generation total 13696K, used 4281K [0x00000000ff2a0000, 0x0000000100000000, 0x0000000100000000)
 Metaspace       used 5073K, capacity 5258K, committed 5504K, reserved 1056768K
  class space    used 557K, capacity 597K, committed 640K, reserved 1048576K
2024-07-16T18:26:20.565+0800: 7.369: [GC (Allocation Failure) 2024-07-16T18:26:20.565+0800: 7.369: [ParNew: 5233K->8K(6144K), 0.0003436 secs] 9514K->5313K(19840K), 0.0003792 secs] [Times: user=0.00 sys=0.00, real=0.00 secs] 
Heap after GC invocations=954 (full 116):
 par new generation   total 6144K, used 8K [0x00000000fec00000, 0x00000000ff2a0000, 0x00000000ff2a0000)
  eden space 5504K,   0% used [0x00000000fec00000, 0x00000000fec00000, 0x00000000ff160000)
  from space 640K,   1% used [0x00000000ff160000, 0x00000000ff162040, 0x00000000ff200000)
  to   space 640K,   0% used [0x00000000ff200000, 0x00000000ff200000, 0x00000000ff2a0000)
 concurrent mark-sweep generation total 13696K, used 5305K [0x00000000ff2a0000, 0x0000000100000000, 0x0000000100000000)
 Metaspace       used 5073K, capacity 5258K, committed 5504K, reserved 1056768K
  class space    used 557K, capacity 597K, committed 640K, reserved 1048576K
}
{Heap before GC invocations=954 (full 116):
 par new generation   total 6144K, used 5237K [0x00000000fec00000, 0x00000000ff2a0000, 0x00000000ff2a0000)
  eden space 5504K,  95% used [0x00000000fec00000, 0x00000000ff11b798, 0x00000000ff160000)
  from space 640K,   1% used [0x00000000ff160000, 0x00000000ff162040, 0x00000000ff200000)
  to   space 640K,   0% used [0x00000000ff200000, 0x00000000ff200000, 0x00000000ff2a0000)
 concurrent mark-sweep generation total 13696K, used 5305K [0x00000000ff2a0000, 0x0000000100000000, 0x0000000100000000)
 Metaspace       used 5073K, capacity 5258K, committed 5504K, reserved 1056768K
  class space    used 557K, capacity 597K, committed 640K, reserved 1048576K
2024-07-16T18:26:20.572+0800: 7.376: [GC (Allocation Failure) 2024-07-16T18:26:20.572+0800: 7.376: [ParNew: 5237K->10K(6144K), 0.0006285 secs] 10542K->6341K(19840K), 0.0007075 secs] [Times: user=0.00 sys=0.00, real=0.00 secs] 
Heap after GC invocations=955 (full 116):
 par new generation   total 6144K, used 10K [0x00000000fec00000, 0x00000000ff2a0000, 0x00000000ff2a0000)
  eden space 5504K,   0% used [0x00000000fec00000, 0x00000000fec00000, 0x00000000ff160000)
  from space 640K,   1% used [0x00000000ff200000, 0x00000000ff202850, 0x00000000ff2a0000)
  to   space 640K,   0% used [0x00000000ff160000, 0x00000000ff160000, 0x00000000ff200000)
 concurrent mark-sweep generation total 13696K, used 6331K [0x00000000ff2a0000, 0x0000000100000000, 0x0000000100000000)
 Metaspace       used 5073K, capacity 5258K, committed 5504K, reserved 1056768K
  class space    used 557K, capacity 597K, committed 640K, reserved 1048576K
}
{Heap before GC invocations=955 (full 116):
 par new generation   total 6144K, used 5239K [0x00000000fec00000, 0x00000000ff2a0000, 0x00000000ff2a0000)
  eden space 5504K,  95% used [0x00000000fec00000, 0x00000000ff11b798, 0x00000000ff160000)
  from space 640K,   1% used [0x00000000ff200000, 0x00000000ff202850, 0x00000000ff2a0000)
  to   space 640K,   0% used [0x00000000ff160000, 0x00000000ff160000, 0x00000000ff200000)
 concurrent mark-sweep generation total 13696K, used 6331K [0x00000000ff2a0000, 0x0000000100000000, 0x0000000100000000)
 Metaspace       used 5073K, capacity 5258K, committed 5504K, reserved 1056768K
  class space    used 557K, capacity 597K, committed 640K, reserved 1048576K
2024-07-16T18:26:20.579+0800: 7.383: [GC (Allocation Failure) 2024-07-16T18:26:20.579+0800: 7.383: [ParNew: 5239K->8K(6144K), 0.0010145 secs] 11571K->7365K(19840K), 0.0010516 secs] [Times: user=0.00 sys=0.02, real=0.00 secs] 
Heap after GC invocations=956 (full 116):
 par new generation   total 6144K, used 8K [0x00000000fec00000, 0x00000000ff2a0000, 0x00000000ff2a0000)
  eden space 5504K,   0% used [0x00000000fec00000, 0x00000000fec00000, 0x00000000ff160000)
  from space 640K,   1% used [0x00000000ff160000, 0x00000000ff162040, 0x00000000ff200000)
  to   space 640K,   0% used [0x00000000ff200000, 0x00000000ff200000, 0x00000000ff2a0000)
 concurrent mark-sweep generation total 13696K, used 7357K [0x00000000ff2a0000, 0x0000000100000000, 0x0000000100000000)
 Metaspace       used 5073K, capacity 5258K, committed 5504K, reserved 1056768K
  class space    used 557K, capacity 597K, committed 640K, reserved 1048576K
}
{Heap before GC invocations=956 (full 116):
 par new generation   total 6144K, used 5237K [0x00000000fec00000, 0x00000000ff2a0000, 0x00000000ff2a0000)
  eden space 5504K,  95% used [0x00000000fec00000, 0x00000000ff11b798, 0x00000000ff160000)
  from space 640K,   1% used [0x00000000ff160000, 0x00000000ff162040, 0x00000000ff200000)
  to   space 640K,   0% used [0x00000000ff200000, 0x00000000ff200000, 0x00000000ff2a0000)
 concurrent mark-sweep generation total 13696K, used 7357K [0x00000000ff2a0000, 0x0000000100000000, 0x0000000100000000)
 Metaspace       used 5073K, capacity 5258K, committed 5504K, reserved 1056768K
  class space    used 557K, capacity 597K, committed 640K, reserved 1048576K
2024-07-16T18:26:20.587+0800: 7.391: [GC (Allocation Failure) 2024-07-16T18:26:20.587+0800: 7.391: [ParNew: 5237K->6K(6144K), 0.0010512 secs] 12595K->8389K(19840K), 0.0011131 secs] [Times: user=0.00 sys=0.00, real=0.00 secs] 
Heap after GC invocations=957 (full 116):
 par new generation   total 6144K, used 6K [0x00000000fec00000, 0x00000000ff2a0000, 0x00000000ff2a0000)
  eden space 5504K,   0% used [0x00000000fec00000, 0x00000000fec00000, 0x00000000ff160000)
  from space 640K,   0% used [0x00000000ff200000, 0x00000000ff201830, 0x00000000ff2a0000)
  to   space 640K,   0% used [0x00000000ff160000, 0x00000000ff160000, 0x00000000ff200000)
 concurrent mark-sweep generation total 13696K, used 8383K [0x00000000ff2a0000, 0x0000000100000000, 0x0000000100000000)
 Metaspace       used 5073K, capacity 5258K, committed 5504K, reserved 1056768K
  class space    used 557K, capacity 597K, committed 640K, reserved 1048576K
}
2024-07-16T18:26:20.588+0800: 7.392: [GC (CMS Initial Mark) [1 CMS-initial-mark: 8383K(13696K)] 9415K(19840K), 0.0003691 secs] [Times: user=0.00 sys=0.00, real=0.00 secs] 
2024-07-16T18:26:20.589+0800: 7.393: [CMS-concurrent-mark-start]
2024-07-16T18:26:20.591+0800: 7.395: [CMS-concurrent-mark: 0.002/0.002 secs] [Times: user=0.00 sys=0.00, real=0.00 secs] 
2024-07-16T18:26:20.591+0800: 7.395: [CMS-concurrent-preclean-start]
2024-07-16T18:26:20.591+0800: 7.395: [CMS-concurrent-preclean: 0.000/0.000 secs] [Times: user=0.00 sys=0.00, real=0.00 secs] 
2024-07-16T18:26:20.591+0800: 7.395: [CMS-concurrent-abortable-preclean-start]
{Heap before GC invocations=957 (full 117):
 par new generation   total 6144K, used 5235K [0x00000000fec00000, 0x00000000ff2a0000, 0x00000000ff2a0000)
  eden space 5504K,  95% used [0x00000000fec00000, 0x00000000ff11b798, 0x00000000ff160000)
  from space 640K,   0% used [0x00000000ff200000, 0x00000000ff201830, 0x00000000ff2a0000)
  to   space 640K,   0% used [0x00000000ff160000, 0x00000000ff160000, 0x00000000ff200000)
 concurrent mark-sweep generation total 13696K, used 8383K [0x00000000ff2a0000, 0x0000000100000000, 0x0000000100000000)
 Metaspace       used 5073K, capacity 5258K, committed 5504K, reserved 1056768K
  class space    used 557K, capacity 597K, committed 640K, reserved 1048576K
2024-07-16T18:26:20.597+0800: 7.401: [GC (Allocation Failure) 2024-07-16T18:26:20.597+0800: 7.401: [ParNew: 5235K->10K(6144K), 0.0006328 secs] 13619K->9417K(19840K), 0.0006882 secs] [Times: user=0.00 sys=0.00, real=0.00 secs] 
Heap after GC invocations=958 (full 117):
 par new generation   total 6144K, used 10K [0x00000000fec00000, 0x00000000ff2a0000, 0x00000000ff2a0000)
  eden space 5504K,   0% used [0x00000000fec00000, 0x00000000fec00000, 0x00000000ff160000)
  from space 640K,   1% used [0x00000000ff160000, 0x00000000ff162850, 0x00000000ff200000)
  to   space 640K,   0% used [0x00000000ff200000, 0x00000000ff200000, 0x00000000ff2a0000)
 concurrent mark-sweep generation total 13696K, used 9407K [0x00000000ff2a0000, 0x0000000100000000, 0x0000000100000000)
 Metaspace       used 5073K, capacity 5258K, committed 5504K, reserved 1056768K
  class space    used 557K, capacity 597K, committed 640K, reserved 1048576K
}
{Heap before GC invocations=958 (full 117):
 par new generation   total 6144K, used 5239K [0x00000000fec00000, 0x00000000ff2a0000, 0x00000000ff2a0000)
  eden space 5504K,  95% used [0x00000000fec00000, 0x00000000ff11b798, 0x00000000ff160000)
  from space 640K,   1% used [0x00000000ff160000, 0x00000000ff162850, 0x00000000ff200000)
  to   space 640K,   0% used [0x00000000ff200000, 0x00000000ff200000, 0x00000000ff2a0000)
 concurrent mark-sweep generation total 13696K, used 9407K [0x00000000ff2a0000, 0x0000000100000000, 0x0000000100000000)
 Metaspace       used 5073K, capacity 5258K, committed 5504K, reserved 1056768K
  class space    used 557K, capacity 597K, committed 640K, reserved 1048576K
2024-07-16T18:26:20.604+0800: 7.408: [GC (Allocation Failure) 2024-07-16T18:26:20.604+0800: 7.408: [ParNew: 5239K->8K(6144K), 0.0009934 secs] 14647K->10439K(19840K), 0.0010570 secs] [Times: user=0.00 sys=0.00, real=0.00 secs] 
Heap after GC invocations=959 (full 117):
 par new generation   total 6144K, used 8K [0x00000000fec00000, 0x00000000ff2a0000, 0x00000000ff2a0000)
  eden space 5504K,   0% used [0x00000000fec00000, 0x00000000fec00000, 0x00000000ff160000)
  from space 640K,   1% used [0x00000000ff200000, 0x00000000ff202040, 0x00000000ff2a0000)
  to   space 640K,   0% used [0x00000000ff160000, 0x00000000ff160000, 0x00000000ff200000)
 concurrent mark-sweep generation total 13696K, used 10431K [0x00000000ff2a0000, 0x0000000100000000, 0x0000000100000000)
 Metaspace       used 5073K, capacity 5258K, committed 5504K, reserved 1056768K
  class space    used 557K, capacity 597K, committed 640K, reserved 1048576K
}
{Heap before GC invocations=959 (full 117):
 par new generation   total 6144K, used 5237K [0x00000000fec00000, 0x00000000ff2a0000, 0x00000000ff2a0000)
  eden space 5504K,  95% used [0x00000000fec00000, 0x00000000ff11b798, 0x00000000ff160000)
  from space 640K,   1% used [0x00000000ff200000, 0x00000000ff202040, 0x00000000ff2a0000)
  to   space 640K,   0% used [0x00000000ff160000, 0x00000000ff160000, 0x00000000ff200000)
 concurrent mark-sweep generation total 13696K, used 10431K [0x00000000ff2a0000, 0x0000000100000000, 0x0000000100000000)
 Metaspace       used 5073K, capacity 5258K, committed 5504K, reserved 1056768K
  class space    used 557K, capacity 597K, committed 640K, reserved 1048576K
2024-07-16T18:26:20.612+0800: 7.416: [GC (Allocation Failure) 2024-07-16T18:26:20.612+0800: 7.416: [ParNew: 5237K->10K(6144K), 0.0011416 secs] 15669K->11467K(19840K), 0.0012168 secs] [Times: user=0.00 sys=0.00, real=0.00 secs] 
Heap after GC invocations=960 (full 117):
 par new generation   total 6144K, used 10K [0x00000000fec00000, 0x00000000ff2a0000, 0x00000000ff2a0000)
  eden space 5504K,   0% used [0x00000000fec00000, 0x00000000fec00000, 0x00000000ff160000)
  from space 640K,   1% used [0x00000000ff160000, 0x00000000ff162850, 0x00000000ff200000)
  to   space 640K,   0% used [0x00000000ff200000, 0x00000000ff200000, 0x00000000ff2a0000)
 concurrent mark-sweep generation total 13696K, used 11457K [0x00000000ff2a0000, 0x0000000100000000, 0x0000000100000000)
 Metaspace       used 5073K, capacity 5258K, committed 5504K, reserved 1056768K
  class space    used 557K, capacity 597K, committed 640K, reserved 1048576K
}
{Heap before GC invocations=960 (full 117):
 par new generation   total 6144K, used 5239K [0x00000000fec00000, 0x00000000ff2a0000, 0x00000000ff2a0000)
  eden space 5504K,  95% used [0x00000000fec00000, 0x00000000ff11b798, 0x00000000ff160000)
  from space 640K,   1% used [0x00000000ff160000, 0x00000000ff162850, 0x00000000ff200000)
  to   space 640K,   0% used [0x00000000ff200000, 0x00000000ff200000, 0x00000000ff2a0000)
 concurrent mark-sweep generation total 13696K, used 11457K [0x00000000ff2a0000, 0x0000000100000000, 0x0000000100000000)
 Metaspace       used 5073K, capacity 5258K, committed 5504K, reserved 1056768K
  class space    used 557K, capacity 597K, committed 640K, reserved 1048576K
2024-07-16T18:26:20.620+0800: 7.424: [GC (Allocation Failure) 2024-07-16T18:26:20.620+0800: 7.424: [ParNew: 5239K->8K(6144K), 0.0013345 secs] 16697K->12491K(19840K), 0.0014477 secs] [Times: user=0.00 sys=0.00, real=0.00 secs] 
Heap after GC invocations=961 (full 117):
 par new generation   total 6144K, used 8K [0x00000000fec00000, 0x00000000ff2a0000, 0x00000000ff2a0000)
  eden space 5504K,   0% used [0x00000000fec00000, 0x00000000fec00000, 0x00000000ff160000)
  from space 640K,   1% used [0x00000000ff200000, 0x00000000ff202040, 0x00000000ff2a0000)
  to   space 640K,   0% used [0x00000000ff160000, 0x00000000ff160000, 0x00000000ff200000)
 concurrent mark-sweep generation total 13696K, used 12483K [0x00000000ff2a0000, 0x0000000100000000, 0x0000000100000000)
 Metaspace       used 5073K, capacity 5258K, committed 5504K, reserved 1056768K
  class space    used 557K, capacity 597K, committed 640K, reserved 1048576K
}
{Heap before GC invocations=961 (full 117):
 par new generation   total 6144K, used 5237K [0x00000000fec00000, 0x00000000ff2a0000, 0x00000000ff2a0000)
  eden space 5504K,  95% used [0x00000000fec00000, 0x00000000ff11b798, 0x00000000ff160000)
  from space 640K,   1% used [0x00000000ff200000, 0x00000000ff202040, 0x00000000ff2a0000)
  to   space 640K,   0% used [0x00000000ff160000, 0x00000000ff160000, 0x00000000ff200000)
 concurrent mark-sweep generation total 13696K, used 12483K [0x00000000ff2a0000, 0x0000000100000000, 0x0000000100000000)
 Metaspace       used 5073K, capacity 5258K, committed 5504K, reserved 1056768K
  class space    used 557K, capacity 597K, committed 640K, reserved 1048576K
2024-07-16T18:26:20.628+0800: 7.432: [GC (Allocation Failure) 2024-07-16T18:26:20.628+0800: 7.432: [ParNew: 5237K->10K(6144K), 0.0015574 secs] 17721K->13519K(19840K), 0.0016769 secs] [Times: user=0.00 sys=0.00, real=0.00 secs] 
Heap after GC invocations=962 (full 117):
 par new generation   total 6144K, used 10K [0x00000000fec00000, 0x00000000ff2a0000, 0x00000000ff2a0000)
  eden space 5504K,   0% used [0x00000000fec00000, 0x00000000fec00000, 0x00000000ff160000)
  from space 640K,   1% used [0x00000000ff160000, 0x00000000ff162850, 0x00000000ff200000)
  to   space 640K,   0% used [0x00000000ff200000, 0x00000000ff200000, 0x00000000ff2a0000)
 concurrent mark-sweep generation total 13696K, used 13509K [0x00000000ff2a0000, 0x0000000100000000, 0x0000000100000000)
 Metaspace       used 5073K, capacity 5258K, committed 5504K, reserved 1056768K
  class space    used 557K, capacity 597K, committed 640K, reserved 1048576K
}
2024-07-16T18:26:20.630+0800: 7.434: [CMS-concurrent-abortable-preclean: 0.001/0.039 secs] [Times: user=0.00 sys=0.00, real=0.04 secs] 
2024-07-16T18:26:20.630+0800: 7.434: [GC (CMS Final Remark) [YG occupancy: 1143 K (6144 K)]{Heap before GC invocations=962 (full 117):
 par new generation   total 6144K, used 1143K [0x00000000fec00000, 0x00000000ff2a0000, 0x00000000ff2a0000)
  eden space 5504K,  20% used [0x00000000fec00000, 0x00000000fed1b758, 0x00000000ff160000)
  from space 640K,   1% used [0x00000000ff160000, 0x00000000ff162850, 0x00000000ff200000)
  to   space 640K,   0% used [0x00000000ff200000, 0x00000000ff200000, 0x00000000ff2a0000)
 concurrent mark-sweep generation total 13696K, used 13509K [0x00000000ff2a0000, 0x0000000100000000, 0x0000000100000000)
 Metaspace       used 5073K, capacity 5258K, committed 5504K, reserved 1056768K
  class space    used 557K, capacity 597K, committed 640K, reserved 1048576K
2024-07-16T18:26:20.630+0800: 7.434: [GC (CMS Final Remark) 2024-07-16T18:26:20.630+0800: 7.434: [ParNew: 1143K->1143K(6144K), 0.0000218 secs] 14653K->14653K(19840K), 0.0000584 secs] [Times: user=0.00 sys=0.00, real=0.00 secs] 
Heap after GC invocations=963 (full 117):
 par new generation   total 6144K, used 1143K [0x00000000fec00000, 0x00000000ff2a0000, 0x00000000ff2a0000)
  eden space 5504K,  20% used [0x00000000fec00000, 0x00000000fed1b758, 0x00000000ff160000)
  from space 640K,   1% used [0x00000000ff160000, 0x00000000ff162850, 0x00000000ff200000)
  to   space 640K,   0% used [0x00000000ff200000, 0x00000000ff200000, 0x00000000ff2a0000)
 concurrent mark-sweep generation total 13696K, used 13509K [0x00000000ff2a0000, 0x0000000100000000, 0x0000000100000000)
 Metaspace       used 5073K, capacity 5258K, committed 5504K, reserved 1056768K
  class space    used 557K, capacity 597K, committed 640K, reserved 1048576K
}
2024-07-16T18:26:20.630+0800: 7.434: [Rescan (parallel) , 0.0004744 secs]2024-07-16T18:26:20.630+0800: 7.435: [weak refs processing, 0.0000412 secs]2024-07-16T18:26:20.630+0800: 7.435: [class unloading, 0.0007705 secs]2024-07-16T18:26:20.631+0800: 7.436: [scrub symbol table, 0.0007988 secs]2024-07-16T18:26:20.632+0800: 7.436: [scrub string table, 0.0002709 secs][1 CMS-remark: 13509K(13696K)] 14653K(19840K), 0.0026413 secs] [Times: user=0.00 sys=0.00, real=0.00 secs] 
2024-07-16T18:26:20.633+0800: 7.437: [CMS-concurrent-sweep-start]
2024-07-16T18:26:20.633+0800: 7.437: [CMS-concurrent-sweep: 0.001/0.001 secs] [Times: user=0.00 sys=0.00, real=0.00 secs] 
2024-07-16T18:26:20.633+0800: 7.437: [CMS-concurrent-reset-start]
2024-07-16T18:26:20.633+0800: 7.438: [CMS-concurrent-reset: 0.000/0.000 secs] [Times: user=0.00 sys=0.00, real=0.00 secs] 
{Heap before GC invocations=963 (full 117):
 par new generation   total 6144K, used 5349K [0x00000000fec00000, 0x00000000ff2a0000, 0x00000000ff2a0000)
  eden space 5504K,  97% used [0x00000000fec00000, 0x00000000ff136ee0, 0x00000000ff160000)
  from space 640K,   1% used [0x00000000ff160000, 0x00000000ff162850, 0x00000000ff200000)
  to   space 640K,   0% used [0x00000000ff200000, 0x00000000ff200000, 0x00000000ff2a0000)
 concurrent mark-sweep generation total 13696K, used 6341K [0x00000000ff2a0000, 0x0000000100000000, 0x0000000100000000)
 Metaspace       used 5073K, capacity 5258K, committed 5504K, reserved 1056768K
  class space    used 557K, capacity 597K, committed 640K, reserved 1048576K
2024-07-16T18:26:20.639+0800: 7.443: [GC (Allocation Failure) 2024-07-16T18:26:20.639+0800: 7.443: [ParNew: 5349K->4K(6144K), 0.0005063 secs] 11690K->6345K(19840K), 0.0005636 secs] [Times: user=0.00 sys=0.00, real=0.00 secs] 
Heap after GC invocations=964 (full 117):
 par new generation   total 6144K, used 4K [0x00000000fec00000, 0x00000000ff2a0000, 0x00000000ff2a0000)
  eden space 5504K,   0% used [0x00000000fec00000, 0x00000000fec00000, 0x00000000ff160000)
  from space 640K,   0% used [0x00000000ff200000, 0x00000000ff201020, 0x00000000ff2a0000)
  to   space 640K,   0% used [0x00000000ff160000, 0x00000000ff160000, 0x00000000ff200000)
 concurrent mark-sweep generation total 13696K, used 6341K [0x00000000ff2a0000, 0x0000000100000000, 0x0000000100000000)
 Metaspace       used 5073K, capacity 5258K, committed 5504K, reserved 1056768K
  class space    used 557K, capacity 597K, committed 640K, reserved 1048576K
}
{Heap before GC invocations=964 (full 117):
 par new generation   total 6144K, used 5218K [0x00000000fec00000, 0x00000000ff2a0000, 0x00000000ff2a0000)
  eden space 5504K,  94% used [0x00000000fec00000, 0x00000000ff117960, 0x00000000ff160000)
  from space 640K,   0% used [0x00000000ff200000, 0x00000000ff201020, 0x00000000ff2a0000)
  to   space 640K,   0% used [0x00000000ff160000, 0x00000000ff160000, 0x00000000ff200000)
 concurrent mark-sweep generation total 13696K, used 6341K [0x00000000ff2a0000, 0x0000000100000000, 0x0000000100000000)
 Metaspace       used 5073K, capacity 5258K, committed 5504K, reserved 1056768K
  class space    used 557K, capacity 597K, committed 640K, reserved 1048576K
2024-07-16T18:26:20.646+0800: 7.450: [GC (Allocation Failure) 2024-07-16T18:26:20.646+0800: 7.450: [ParNew: 5218K->8K(6144K), 0.0003855 secs] 11559K->7373K(19840K), 0.0004353 secs] [Times: user=0.00 sys=0.00, real=0.00 secs] 
Heap after GC invocations=965 (full 117):
 par new generation   total 6144K, used 8K [0x00000000fec00000, 0x00000000ff2a0000, 0x00000000ff2a0000)
  eden space 5504K,   0% used [0x00000000fec00000, 0x00000000fec00000, 0x00000000ff160000)
  from space 640K,   1% used [0x00000000ff160000, 0x00000000ff162040, 0x00000000ff200000)
  to   space 640K,   0% used [0x00000000ff200000, 0x00000000ff200000, 0x00000000ff2a0000)
 concurrent mark-sweep generation total 13696K, used 7365K [0x00000000ff2a0000, 0x0000000100000000, 0x0000000100000000)
 Metaspace       used 5073K, capacity 5258K, committed 5504K, reserved 1056768K
  class space    used 557K, capacity 597K, committed 640K, reserved 1048576K
}
{Heap before GC invocations=965 (full 117):
 par new generation   total 6144K, used 5228K [0x00000000fec00000, 0x00000000ff2a0000, 0x00000000ff2a0000)
  eden space 5504K,  94% used [0x00000000fec00000, 0x00000000ff119260, 0x00000000ff160000)
  from space 640K,   1% used [0x00000000ff160000, 0x00000000ff162040, 0x00000000ff200000)
  to   space 640K,   0% used [0x00000000ff200000, 0x00000000ff200000, 0x00000000ff2a0000)
 concurrent mark-sweep generation total 13696K, used 7365K [0x00000000ff2a0000, 0x0000000100000000, 0x0000000100000000)
 Metaspace       used 5073K, capacity 5258K, committed 5504K, reserved 1056768K
  class space    used 557K, capacity 597K, committed 640K, reserved 1048576K
2024-07-16T18:26:20.654+0800: 7.458: [GC (Allocation Failure) 2024-07-16T18:26:20.654+0800: 7.458: [ParNew: 5228K->8K(6144K), 0.0005625 secs] 12593K->8397K(19840K), 0.0006333 secs] [Times: user=0.00 sys=0.00, real=0.00 secs] 
Heap after GC invocations=966 (full 117):
 par new generation   total 6144K, used 8K [0x00000000fec00000, 0x00000000ff2a0000, 0x00000000ff2a0000)
  eden space 5504K,   0% used [0x00000000fec00000, 0x00000000fec00000, 0x00000000ff160000)
  from space 640K,   1% used [0x00000000ff200000, 0x00000000ff202040, 0x00000000ff2a0000)
  to   space 640K,   0% used [0x00000000ff160000, 0x00000000ff160000, 0x00000000ff200000)
 concurrent mark-sweep generation total 13696K, used 8389K [0x00000000ff2a0000, 0x0000000100000000, 0x0000000100000000)
 Metaspace       used 5073K, capacity 5258K, committed 5504K, reserved 1056768K
  class space    used 557K, capacity 597K, committed 640K, reserved 1048576K
}
2024-07-16T18:26:20.654+0800: 7.459: [GC (CMS Initial Mark) [1 CMS-initial-mark: 8389K(13696K)] 9421K(19840K), 0.0002419 secs] [Times: user=0.00 sys=0.00, real=0.00 secs] 
2024-07-16T18:26:20.655+0800: 7.459: [CMS-concurrent-mark-start]
2024-07-16T18:26:20.657+0800: 7.461: [CMS-concurrent-mark: 0.002/0.002 secs] [Times: user=0.00 sys=0.00, real=0.00 secs] 
2024-07-16T18:26:20.657+0800: 7.461: [CMS-concurrent-preclean-start]
2024-07-16T18:26:20.657+0800: 7.461: [CMS-concurrent-preclean: 0.000/0.000 secs] [Times: user=0.00 sys=0.00, real=0.00 secs] 
2024-07-16T18:26:20.657+0800: 7.461: [CMS-concurrent-abortable-preclean-start]
{Heap before GC invocations=966 (full 118):
 par new generation   total 6144K, used 5231K [0x00000000fec00000, 0x00000000ff2a0000, 0x00000000ff2a0000)
  eden space 5504K,  94% used [0x00000000fec00000, 0x00000000ff119fb0, 0x00000000ff160000)
  from space 640K,   1% used [0x00000000ff200000, 0x00000000ff202040, 0x00000000ff2a0000)
  to   space 640K,   0% used [0x00000000ff160000, 0x00000000ff160000, 0x00000000ff200000)
 concurrent mark-sweep generation total 13696K, used 8389K [0x00000000ff2a0000, 0x0000000100000000, 0x0000000100000000)
 Metaspace       used 5073K, capacity 5258K, committed 5504K, reserved 1056768K
  class space    used 557K, capacity 597K, committed 640K, reserved 1048576K
2024-07-16T18:26:20.662+0800: 7.466: [GC (Allocation Failure) 2024-07-16T18:26:20.662+0800: 7.466: [ParNew: 5231K->8K(6144K), 0.0006549 secs] 13621K->9423K(19840K), 0.0007221 secs] [Times: user=0.00 sys=0.00, real=0.00 secs] 
Heap after GC invocations=967 (full 118):
 par new generation   total 6144K, used 8K [0x00000000fec00000, 0x00000000ff2a0000, 0x00000000ff2a0000)
  eden space 5504K,   0% used [0x00000000fec00000, 0x00000000fec00000, 0x00000000ff160000)
  from space 640K,   1% used [0x00000000ff160000, 0x00000000ff162040, 0x00000000ff200000)
  to   space 640K,   0% used [0x00000000ff200000, 0x00000000ff200000, 0x00000000ff2a0000)
 concurrent mark-sweep generation total 13696K, used 9415K [0x00000000ff2a0000, 0x0000000100000000, 0x0000000100000000)
 Metaspace       used 5073K, capacity 5258K, committed 5504K, reserved 1056768K
  class space    used 557K, capacity 597K, committed 640K, reserved 1048576K
}
{Heap before GC invocations=967 (full 118):
 par new generation   total 6144K, used 5234K [0x00000000fec00000, 0x00000000ff2a0000, 0x00000000ff2a0000)
  eden space 5504K,  94% used [0x00000000fec00000, 0x00000000ff11a838, 0x00000000ff160000)
  from space 640K,   1% used [0x00000000ff160000, 0x00000000ff162040, 0x00000000ff200000)
  to   space 640K,   0% used [0x00000000ff200000, 0x00000000ff200000, 0x00000000ff2a0000)
 concurrent mark-sweep generation total 13696K, used 9415K [0x00000000ff2a0000, 0x0000000100000000, 0x0000000100000000)
 Metaspace       used 5073K, capacity 5258K, committed 5504K, reserved 1056768K
  class space    used 557K, capacity 597K, committed 640K, reserved 1048576K
2024-07-16T18:26:20.671+0800: 7.475: [GC (Allocation Failure) 2024-07-16T18:26:20.671+0800: 7.475: [ParNew: 5234K->2K(6144K), 0.0005658 secs] 14649K->9417K(19840K), 0.0006318 secs] [Times: user=0.00 sys=0.00, real=0.00 secs] 
Heap after GC invocations=968 (full 118):
 par new generation   total 6144K, used 2K [0x00000000fec00000, 0x00000000ff2a0000, 0x00000000ff2a0000)
  eden space 5504K,   0% used [0x00000000fec00000, 0x00000000fec00000, 0x00000000ff160000)
  from space 640K,   0% used [0x00000000ff200000, 0x00000000ff200810, 0x00000000ff2a0000)
  to   space 640K,   0% used [0x00000000ff160000, 0x00000000ff160000, 0x00000000ff200000)
 concurrent mark-sweep generation total 13696K, used 9415K [0x00000000ff2a0000, 0x0000000100000000, 0x0000000100000000)
 Metaspace       used 5073K, capacity 5258K, committed 5504K, reserved 1056768K
  class space    used 557K, capacity 597K, committed 640K, reserved 1048576K
}
{Heap before GC invocations=968 (full 118):
 par new generation   total 6144K, used 5229K [0x00000000fec00000, 0x00000000ff2a0000, 0x00000000ff2a0000)
  eden space 5504K,  94% used [0x00000000fec00000, 0x00000000ff11adb8, 0x00000000ff160000)
  from space 640K,   0% used [0x00000000ff200000, 0x00000000ff200810, 0x00000000ff2a0000)
  to   space 640K,   0% used [0x00000000ff160000, 0x00000000ff160000, 0x00000000ff200000)
 concurrent mark-sweep generation total 13696K, used 9415K [0x00000000ff2a0000, 0x0000000100000000, 0x0000000100000000)
 Metaspace       used 5073K, capacity 5258K, committed 5504K, reserved 1056768K
  class space    used 557K, capacity 597K, committed 640K, reserved 1048576K
2024-07-16T18:26:20.677+0800: 7.481: [GC (Allocation Failure) 2024-07-16T18:26:20.677+0800: 7.481: [ParNew: 5229K->8K(6144K), 0.0004981 secs] 14644K->10447K(19840K), 0.0005582 secs] [Times: user=0.00 sys=0.00, real=0.00 secs] 
Heap after GC invocations=969 (full 118):
 par new generation   total 6144K, used 8K [0x00000000fec00000, 0x00000000ff2a0000, 0x00000000ff2a0000)
  eden space 5504K,   0% used [0x00000000fec00000, 0x00000000fec00000, 0x00000000ff160000)
  from space 640K,   1% used [0x00000000ff160000, 0x00000000ff162040, 0x00000000ff200000)
  to   space 640K,   0% used [0x00000000ff200000, 0x00000000ff200000, 0x00000000ff2a0000)
 concurrent mark-sweep generation total 13696K, used 10439K [0x00000000ff2a0000, 0x0000000100000000, 0x0000000100000000)
 Metaspace       used 5073K, capacity 5258K, committed 5504K, reserved 1056768K
  class space    used 557K, capacity 597K, committed 640K, reserved 1048576K
}
{Heap before GC invocations=969 (full 118):
 par new generation   total 6144K, used 5236K [0x00000000fec00000, 0x00000000ff2a0000, 0x00000000ff2a0000)
  eden space 5504K,  94% used [0x00000000fec00000, 0x00000000ff11b140, 0x00000000ff160000)
  from space 640K,   1% used [0x00000000ff160000, 0x00000000ff162040, 0x00000000ff200000)
  to   space 640K,   0% used [0x00000000ff200000, 0x00000000ff200000, 0x00000000ff2a0000)
 concurrent mark-sweep generation total 13696K, used 10439K [0x00000000ff2a0000, 0x0000000100000000, 0x0000000100000000)
 Metaspace       used 5073K, capacity 5258K, committed 5504K, reserved 1056768K
  class space    used 557K, capacity 597K, committed 640K, reserved 1048576K
2024-07-16T18:26:20.684+0800: 7.488: [GC (Allocation Failure) 2024-07-16T18:26:20.684+0800: 7.488: [ParNew: 5236K->10K(6144K), 0.0004065 secs] 15675K->11475K(19840K), 0.0004536 secs] [Times: user=0.00 sys=0.00, real=0.00 secs] 
Heap after GC invocations=970 (full 118):
 par new generation   total 6144K, used 10K [0x00000000fec00000, 0x00000000ff2a0000, 0x00000000ff2a0000)
  eden space 5504K,   0% used [0x00000000fec00000, 0x00000000fec00000, 0x00000000ff160000)
  from space 640K,   1% used [0x00000000ff200000, 0x00000000ff202850, 0x00000000ff2a0000)
  to   space 640K,   0% used [0x00000000ff160000, 0x00000000ff160000, 0x00000000ff200000)
 concurrent mark-sweep generation total 13696K, used 11465K [0x00000000ff2a0000, 0x0000000100000000, 0x0000000100000000)
 Metaspace       used 5073K, capacity 5258K, committed 5504K, reserved 1056768K
  class space    used 557K, capacity 597K, committed 640K, reserved 1048576K
}
{Heap before GC invocations=970 (full 118):
 par new generation   total 6144K, used 5238K [0x00000000fec00000, 0x00000000ff2a0000, 0x00000000ff2a0000)
  eden space 5504K,  95% used [0x00000000fec00000, 0x00000000ff11b388, 0x00000000ff160000)
  from space 640K,   1% used [0x00000000ff200000, 0x00000000ff202850, 0x00000000ff2a0000)
  to   space 640K,   0% used [0x00000000ff160000, 0x00000000ff160000, 0x00000000ff200000)
 concurrent mark-sweep generation total 13696K, used 11465K [0x00000000ff2a0000, 0x0000000100000000, 0x0000000100000000)
 Metaspace       used 5073K, capacity 5258K, committed 5504K, reserved 1056768K
  class space    used 557K, capacity 597K, committed 640K, reserved 1048576K
2024-07-16T18:26:20.693+0800: 7.497: [GC (Allocation Failure) 2024-07-16T18:26:20.693+0800: 7.497: [ParNew: 5238K->4K(6144K), 0.0002824 secs] 16704K->11469K(19840K), 0.0003305 secs] [Times: user=0.00 sys=0.00, real=0.00 secs] 
Heap after GC invocations=971 (full 118):
 par new generation   total 6144K, used 4K [0x00000000fec00000, 0x00000000ff2a0000, 0x00000000ff2a0000)
  eden space 5504K,   0% used [0x00000000fec00000, 0x00000000fec00000, 0x00000000ff160000)
  from space 640K,   0% used [0x00000000ff160000, 0x00000000ff161020, 0x00000000ff200000)
  to   space 640K,   0% used [0x00000000ff200000, 0x00000000ff200000, 0x00000000ff2a0000)
 concurrent mark-sweep generation total 13696K, used 11465K [0x00000000ff2a0000, 0x0000000100000000, 0x0000000100000000)
 Metaspace       used 5073K, capacity 5258K, committed 5504K, reserved 1056768K
  class space    used 557K, capacity 597K, committed 640K, reserved 1048576K
}
{Heap before GC invocations=971 (full 118):
 par new generation   total 6144K, used 5233K [0x00000000fec00000, 0x00000000ff2a0000, 0x00000000ff2a0000)
  eden space 5504K,  95% used [0x00000000fec00000, 0x00000000ff11b4f8, 0x00000000ff160000)
  from space 640K,   0% used [0x00000000ff160000, 0x00000000ff161020, 0x00000000ff200000)
  to   space 640K,   0% used [0x00000000ff200000, 0x00000000ff200000, 0x00000000ff2a0000)
 concurrent mark-sweep generation total 13696K, used 11465K [0x00000000ff2a0000, 0x0000000100000000, 0x0000000100000000)
 Metaspace       used 5073K, capacity 5258K, committed 5504K, reserved 1056768K
  class space    used 557K, capacity 597K, committed 640K, reserved 1048576K
2024-07-16T18:26:20.699+0800: 7.503: [GC (Allocation Failure) 2024-07-16T18:26:20.699+0800: 7.503: [ParNew: 5233K->6K(6144K), 0.0003572 secs] 16698K->12495K(19840K), 0.0003878 secs] [Times: user=0.00 sys=0.00, real=0.00 secs] 
Heap after GC invocations=972 (full 118):
 par new generation   total 6144K, used 6K [0x00000000fec00000, 0x00000000ff2a0000, 0x00000000ff2a0000)
  eden space 5504K,   0% used [0x00000000fec00000, 0x00000000fec00000, 0x00000000ff160000)
  from space 640K,   0% used [0x00000000ff200000, 0x00000000ff201830, 0x00000000ff2a0000)
  to   space 640K,   0% used [0x00000000ff160000, 0x00000000ff160000, 0x00000000ff200000)
 concurrent mark-sweep generation total 13696K, used 12489K [0x00000000ff2a0000, 0x0000000100000000, 0x0000000100000000)
 Metaspace       used 5073K, capacity 5258K, committed 5504K, reserved 1056768K
  class space    used 557K, capacity 597K, committed 640K, reserved 1048576K
}
{Heap before GC invocations=972 (full 118):
 par new generation   total 6144K, used 5235K [0x00000000fec00000, 0x00000000ff2a0000, 0x00000000ff2a0000)
  eden space 5504K,  95% used [0x00000000fec00000, 0x00000000ff11b5e8, 0x00000000ff160000)
  from space 640K,   0% used [0x00000000ff200000, 0x00000000ff201830, 0x00000000ff2a0000)
  to   space 640K,   0% used [0x00000000ff160000, 0x00000000ff160000, 0x00000000ff200000)
 concurrent mark-sweep generation total 13696K, used 12489K [0x00000000ff2a0000, 0x0000000100000000, 0x0000000100000000)
 Metaspace       used 5073K, capacity 5258K, committed 5504K, reserved 1056768K
  class space    used 557K, capacity 597K, committed 640K, reserved 1048576K
2024-07-16T18:26:20.707+0800: 7.511: [GC (Allocation Failure) 2024-07-16T18:26:20.707+0800: 7.511: [ParNew: 5235K->5235K(6144K), 0.0000107 secs]2024-07-16T18:26:20.707+0800: 7.511: [CMS2024-07-16T18:26:20.707+0800: 7.511: [CMS-concurrent-abortable-preclean: 0.001/0.049 secs] [Times: user=0.00 sys=0.00, real=0.05 secs] 
 (concurrent mode failure): 12489K->2228K(13696K), 0.0024790 secs] 17724K->2228K(19840K), [Metaspace: 5073K->5073K(1056768K)], 0.0025382 secs] [Times: user=0.00 sys=0.00, real=0.00 secs] 
Heap after GC invocations=973 (full 119):
 par new generation   total 6144K, used 0K [0x00000000fec00000, 0x00000000ff2a0000, 0x00000000ff2a0000)
  eden space 5504K,   0% used [0x00000000fec00000, 0x00000000fec00000, 0x00000000ff160000)
  from space 640K,   0% used [0x00000000ff200000, 0x00000000ff200000, 0x00000000ff2a0000)
  to   space 640K,   0% used [0x00000000ff160000, 0x00000000ff160000, 0x00000000ff200000)
 concurrent mark-sweep generation total 13696K, used 2228K [0x00000000ff2a0000, 0x0000000100000000, 0x0000000100000000)
 Metaspace       used 5073K, capacity 5258K, committed 5504K, reserved 1056768K
  class space    used 557K, capacity 597K, committed 640K, reserved 1048576K
}
{Heap before GC invocations=973 (full 119):
 par new generation   total 6144K, used 5229K [0x00000000fec00000, 0x00000000ff2a0000, 0x00000000ff2a0000)
  eden space 5504K,  95% used [0x00000000fec00000, 0x00000000ff11b688, 0x00000000ff160000)
  from space 640K,   0% used [0x00000000ff200000, 0x00000000ff200000, 0x00000000ff2a0000)
  to   space 640K,   0% used [0x00000000ff160000, 0x00000000ff160000, 0x00000000ff200000)
 concurrent mark-sweep generation total 13696K, used 2228K [0x00000000ff2a0000, 0x0000000100000000, 0x0000000100000000)
 Metaspace       used 5073K, capacity 5258K, committed 5504K, reserved 1056768K
  class space    used 557K, capacity 597K, committed 640K, reserved 1048576K
2024-07-16T18:26:20.716+0800: 7.520: [GC (Allocation Failure) 2024-07-16T18:26:20.716+0800: 7.520: [ParNew: 5229K->8K(6144K), 0.0004749 secs] 7458K->3263K(19840K), 0.0005280 secs] [Times: user=0.00 sys=0.00, real=0.00 secs] 
Heap after GC invocations=974 (full 119):
 par new generation   total 6144K, used 8K [0x00000000fec00000, 0x00000000ff2a0000, 0x00000000ff2a0000)
  eden space 5504K,   0% used [0x00000000fec00000, 0x00000000fec00000, 0x00000000ff160000)
  from space 640K,   1% used [0x00000000ff160000, 0x00000000ff162040, 0x00000000ff200000)
  to   space 640K,   0% used [0x00000000ff200000, 0x00000000ff200000, 0x00000000ff2a0000)
 concurrent mark-sweep generation total 13696K, used 3254K [0x00000000ff2a0000, 0x0000000100000000, 0x0000000100000000)
 Metaspace       used 5073K, capacity 5258K, committed 5504K, reserved 1056768K
  class space    used 557K, capacity 597K, committed 640K, reserved 1048576K
}
{Heap before GC invocations=974 (full 119):
 par new generation   total 6144K, used 5237K [0x00000000fec00000, 0x00000000ff2a0000, 0x00000000ff2a0000)
  eden space 5504K,  95% used [0x00000000fec00000, 0x00000000ff11b6e8, 0x00000000ff160000)
  from space 640K,   1% used [0x00000000ff160000, 0x00000000ff162040, 0x00000000ff200000)
  to   space 640K,   0% used [0x00000000ff200000, 0x00000000ff200000, 0x00000000ff2a0000)
 concurrent mark-sweep generation total 13696K, used 3254K [0x00000000ff2a0000, 0x0000000100000000, 0x0000000100000000)
 Metaspace       used 5073K, capacity 5258K, committed 5504K, reserved 1056768K
  class space    used 557K, capacity 597K, committed 640K, reserved 1048576K
2024-07-16T18:26:20.722+0800: 7.526: [GC (Allocation Failure) 2024-07-16T18:26:20.722+0800: 7.526: [ParNew: 5237K->10K(6144K), 0.0004529 secs] 8492K->4291K(19840K), 0.0005102 secs] [Times: user=0.00 sys=0.00, real=0.00 secs] 
Heap after GC invocations=975 (full 119):
 par new generation   total 6144K, used 10K [0x00000000fec00000, 0x00000000ff2a0000, 0x00000000ff2a0000)
  eden space 5504K,   0% used [0x00000000fec00000, 0x00000000fec00000, 0x00000000ff160000)
  from space 640K,   1% used [0x00000000ff200000, 0x00000000ff202850, 0x00000000ff2a0000)
  to   space 640K,   0% used [0x00000000ff160000, 0x00000000ff160000, 0x00000000ff200000)
 concurrent mark-sweep generation total 13696K, used 4281K [0x00000000ff2a0000, 0x0000000100000000, 0x0000000100000000)
 Metaspace       used 5073K, capacity 5258K, committed 5504K, reserved 1056768K
  class space    used 557K, capacity 597K, committed 640K, reserved 1048576K
}
{Heap before GC invocations=975 (full 119):
 par new generation   total 6144K, used 5239K [0x00000000fec00000, 0x00000000ff2a0000, 0x00000000ff2a0000)
  eden space 5504K,  95% used [0x00000000fec00000, 0x00000000ff11b728, 0x00000000ff160000)
  from space 640K,   1% used [0x00000000ff200000, 0x00000000ff202850, 0x00000000ff2a0000)
  to   space 640K,   0% used [0x00000000ff160000, 0x00000000ff160000, 0x00000000ff200000)
 concurrent mark-sweep generation total 13696K, used 4281K [0x00000000ff2a0000, 0x0000000100000000, 0x0000000100000000)
 Metaspace       used 5073K, capacity 5258K, committed 5504K, reserved 1056768K
  class space    used 557K, capacity 597K, committed 640K, reserved 1048576K
2024-07-16T18:26:20.729+0800: 7.533: [GC (Allocation Failure) 2024-07-16T18:26:20.729+0800: 7.533: [ParNew: 5239K->8K(6144K), 0.0004777 secs] 9520K->5315K(19840K), 0.0005264 secs] [Times: user=0.00 sys=0.00, real=0.00 secs] 
Heap after GC invocations=976 (full 119):
 par new generation   total 6144K, used 8K [0x00000000fec00000, 0x00000000ff2a0000, 0x00000000ff2a0000)
  eden space 5504K,   0% used [0x00000000fec00000, 0x00000000fec00000, 0x00000000ff160000)
  from space 640K,   1% used [0x00000000ff160000, 0x00000000ff162040, 0x00000000ff200000)
  to   space 640K,   0% used [0x00000000ff200000, 0x00000000ff200000, 0x00000000ff2a0000)
 concurrent mark-sweep generation total 13696K, used 5307K [0x00000000ff2a0000, 0x0000000100000000, 0x0000000100000000)
 Metaspace       used 5073K, capacity 5258K, committed 5504K, reserved 1056768K
  class space    used 557K, capacity 597K, committed 640K, reserved 1048576K
}
{Heap before GC invocations=976 (full 119):
 par new generation   total 6144K, used 5237K [0x00000000fec00000, 0x00000000ff2a0000, 0x00000000ff2a0000)
  eden space 5504K,  95% used [0x00000000fec00000, 0x00000000ff11b750, 0x00000000ff160000)
  from space 640K,   1% used [0x00000000ff160000, 0x00000000ff162040, 0x00000000ff200000)
  to   space 640K,   0% used [0x00000000ff200000, 0x00000000ff200000, 0x00000000ff2a0000)
 concurrent mark-sweep generation total 13696K, used 5307K [0x00000000ff2a0000, 0x0000000100000000, 0x0000000100000000)
 Metaspace       used 5073K, capacity 5258K, committed 5504K, reserved 1056768K
  class space    used 557K, capacity 597K, committed 640K, reserved 1048576K
2024-07-16T18:26:20.736+0800: 7.540: [GC (Allocation Failure) 2024-07-16T18:26:20.736+0800: 7.540: [ParNew: 5237K->6K(6144K), 0.0004067 secs] 10544K->6337K(19840K), 0.0004519 secs] [Times: user=0.00 sys=0.00, real=0.00 secs] 
Heap after GC invocations=977 (full 119):
 par new generation   total 6144K, used 6K [0x00000000fec00000, 0x00000000ff2a0000, 0x00000000ff2a0000)
  eden space 5504K,   0% used [0x00000000fec00000, 0x00000000fec00000, 0x00000000ff160000)
  from space 640K,   0% used [0x00000000ff200000, 0x00000000ff201830, 0x00000000ff2a0000)
  to   space 640K,   0% used [0x00000000ff160000, 0x00000000ff160000, 0x00000000ff200000)
 concurrent mark-sweep generation total 13696K, used 6331K [0x00000000ff2a0000, 0x0000000100000000, 0x0000000100000000)
 Metaspace       used 5073K, capacity 5258K, committed 5504K, reserved 1056768K
  class space    used 557K, capacity 597K, committed 640K, reserved 1048576K
}
{Heap before GC invocations=977 (full 119):
 par new generation   total 6144K, used 5235K [0x00000000fec00000, 0x00000000ff2a0000, 0x00000000ff2a0000)
  eden space 5504K,  95% used [0x00000000fec00000, 0x00000000ff11b770, 0x00000000ff160000)
  from space 640K,   0% used [0x00000000ff200000, 0x00000000ff201830, 0x00000000ff2a0000)
  to   space 640K,   0% used [0x00000000ff160000, 0x00000000ff160000, 0x00000000ff200000)
 concurrent mark-sweep generation total 13696K, used 6331K [0x00000000ff2a0000, 0x0000000100000000, 0x0000000100000000)
 Metaspace       used 5073K, capacity 5258K, committed 5504K, reserved 1056768K
  class space    used 557K, capacity 597K, committed 640K, reserved 1048576K
2024-07-16T18:26:20.745+0800: 7.549: [GC (Allocation Failure) 2024-07-16T18:26:20.745+0800: 7.549: [ParNew: 5235K->8K(6144K), 0.0004702 secs] 11566K->7363K(19840K), 0.0005080 secs] [Times: user=0.00 sys=0.00, real=0.00 secs] 
Heap after GC invocations=978 (full 119):
 par new generation   total 6144K, used 8K [0x00000000fec00000, 0x00000000ff2a0000, 0x00000000ff2a0000)
  eden space 5504K,   0% used [0x00000000fec00000, 0x00000000fec00000, 0x00000000ff160000)
  from space 640K,   1% used [0x00000000ff160000, 0x00000000ff162040, 0x00000000ff200000)
  to   space 640K,   0% used [0x00000000ff200000, 0x00000000ff200000, 0x00000000ff2a0000)
 concurrent mark-sweep generation total 13696K, used 7355K [0x00000000ff2a0000, 0x0000000100000000, 0x0000000100000000)
 Metaspace       used 5073K, capacity 5258K, committed 5504K, reserved 1056768K
  class space    used 557K, capacity 597K, committed 640K, reserved 1048576K
}
{Heap before GC invocations=978 (full 119):
 par new generation   total 6144K, used 5237K [0x00000000fec00000, 0x00000000ff2a0000, 0x00000000ff2a0000)
  eden space 5504K,  95% used [0x00000000fec00000, 0x00000000ff11b780, 0x00000000ff160000)
  from space 640K,   1% used [0x00000000ff160000, 0x00000000ff162040, 0x00000000ff200000)
  to   space 640K,   0% used [0x00000000ff200000, 0x00000000ff200000, 0x00000000ff2a0000)
 concurrent mark-sweep generation total 13696K, used 7355K [0x00000000ff2a0000, 0x0000000100000000, 0x0000000100000000)
 Metaspace       used 5073K, capacity 5258K, committed 5504K, reserved 1056768K
  class space    used 557K, capacity 597K, committed 640K, reserved 1048576K
2024-07-16T18:26:20.753+0800: 7.557: [GC (Allocation Failure) 2024-07-16T18:26:20.753+0800: 7.557: [ParNew: 5237K->8K(6144K), 0.0004480 secs] 12593K->8389K(19840K), 0.0005042 secs] [Times: user=0.00 sys=0.00, real=0.00 secs] 
Heap after GC invocations=979 (full 119):
 par new generation   total 6144K, used 8K [0x00000000fec00000, 0x00000000ff2a0000, 0x00000000ff2a0000)
  eden space 5504K,   0% used [0x00000000fec00000, 0x00000000fec00000, 0x00000000ff160000)
  from space 640K,   1% used [0x00000000ff200000, 0x00000000ff202040, 0x00000000ff2a0000)
  to   space 640K,   0% used [0x00000000ff160000, 0x00000000ff160000, 0x00000000ff200000)
 concurrent mark-sweep generation total 13696K, used 8381K [0x00000000ff2a0000, 0x0000000100000000, 0x0000000100000000)
 Metaspace       used 5073K, capacity 5258K, committed 5504K, reserved 1056768K
  class space    used 557K, capacity 597K, committed 640K, reserved 1048576K
}
2024-07-16T18:26:20.753+0800: 7.557: [GC (CMS Initial Mark) [1 CMS-initial-mark: 8381K(13696K)] 9413K(19840K), 0.0001187 secs] [Times: user=0.00 sys=0.00, real=0.00 secs] 
2024-07-16T18:26:20.753+0800: 7.558: [CMS-concurrent-mark-start]
2024-07-16T18:26:20.755+0800: 7.559: [CMS-concurrent-mark: 0.001/0.001 secs] [Times: user=0.00 sys=0.00, real=0.00 secs] 
2024-07-16T18:26:20.755+0800: 7.559: [CMS-concurrent-preclean-start]
2024-07-16T18:26:20.755+0800: 7.559: [CMS-concurrent-preclean: 0.000/0.000 secs] [Times: user=0.00 sys=0.00, real=0.00 secs] 
2024-07-16T18:26:20.755+0800: 7.559: [CMS-concurrent-abortable-preclean-start]
{Heap before GC invocations=979 (full 120):
 par new generation   total 6144K, used 5237K [0x00000000fec00000, 0x00000000ff2a0000, 0x00000000ff2a0000)
  eden space 5504K,  95% used [0x00000000fec00000, 0x00000000ff11b788, 0x00000000ff160000)
  from space 640K,   1% used [0x00000000ff200000, 0x00000000ff202040, 0x00000000ff2a0000)
  to   space 640K,   0% used [0x00000000ff160000, 0x00000000ff160000, 0x00000000ff200000)
 concurrent mark-sweep generation total 13696K, used 8381K [0x00000000ff2a0000, 0x0000000100000000, 0x0000000100000000)
 Metaspace       used 5073K, capacity 5258K, committed 5504K, reserved 1056768K
  class space    used 557K, capacity 597K, committed 640K, reserved 1048576K
2024-07-16T18:26:20.760+0800: 7.564: [GC (Allocation Failure) 2024-07-16T18:26:20.760+0800: 7.564: [ParNew: 5237K->4K(6144K), 0.0002606 secs] 13619K->8385K(19840K), 0.0002960 secs] [Times: user=0.00 sys=0.00, real=0.00 secs] 
Heap after GC invocations=980 (full 120):
 par new generation   total 6144K, used 4K [0x00000000fec00000, 0x00000000ff2a0000, 0x00000000ff2a0000)
  eden space 5504K,   0% used [0x00000000fec00000, 0x00000000fec00000, 0x00000000ff160000)
  from space 640K,   0% used [0x00000000ff160000, 0x00000000ff161020, 0x00000000ff200000)
  to   space 640K,   0% used [0x00000000ff200000, 0x00000000ff200000, 0x00000000ff2a0000)
 concurrent mark-sweep generation total 13696K, used 8381K [0x00000000ff2a0000, 0x0000000100000000, 0x0000000100000000)
 Metaspace       used 5073K, capacity 5258K, committed 5504K, reserved 1056768K
  class space    used 557K, capacity 597K, committed 640K, reserved 1048576K
}
{Heap before GC invocations=980 (full 120):
 par new generation   total 6144K, used 5233K [0x00000000fec00000, 0x00000000ff2a0000, 0x00000000ff2a0000)
  eden space 5504K,  95% used [0x00000000fec00000, 0x00000000ff11b790, 0x00000000ff160000)
  from space 640K,   0% used [0x00000000ff160000, 0x00000000ff161020, 0x00000000ff200000)
  to   space 640K,   0% used [0x00000000ff200000, 0x00000000ff200000, 0x00000000ff2a0000)
 concurrent mark-sweep generation total 13696K, used 8381K [0x00000000ff2a0000, 0x0000000100000000, 0x0000000100000000)
 Metaspace       used 5073K, capacity 5258K, committed 5504K, reserved 1056768K
  class space    used 557K, capacity 597K, committed 640K, reserved 1048576K
2024-07-16T18:26:20.767+0800: 7.571: [GC (Allocation Failure) 2024-07-16T18:26:20.767+0800: 7.571: [ParNew: 5233K->10K(6144K), 0.0003734 secs] 13615K->9415K(19840K), 0.0004159 secs] [Times: user=0.00 sys=0.00, real=0.00 secs] 
Heap after GC invocations=981 (full 120):
 par new generation   total 6144K, used 10K [0x00000000fec00000, 0x00000000ff2a0000, 0x00000000ff2a0000)
  eden space 5504K,   0% used [0x00000000fec00000, 0x00000000fec00000, 0x00000000ff160000)
  from space 640K,   1% used [0x00000000ff200000, 0x00000000ff202850, 0x00000000ff2a0000)
  to   space 640K,   0% used [0x00000000ff160000, 0x00000000ff160000, 0x00000000ff200000)
 concurrent mark-sweep generation total 13696K, used 9405K [0x00000000ff2a0000, 0x0000000100000000, 0x0000000100000000)
 Metaspace       used 5073K, capacity 5258K, committed 5504K, reserved 1056768K
  class space    used 557K, capacity 597K, committed 640K, reserved 1048576K
}
{Heap before GC invocations=981 (full 120):
 par new generation   total 6144K, used 5239K [0x00000000fec00000, 0x00000000ff2a0000, 0x00000000ff2a0000)
  eden space 5504K,  95% used [0x00000000fec00000, 0x00000000ff11b790, 0x00000000ff160000)
  from space 640K,   1% used [0x00000000ff200000, 0x00000000ff202850, 0x00000000ff2a0000)
  to   space 640K,   0% used [0x00000000ff160000, 0x00000000ff160000, 0x00000000ff200000)
 concurrent mark-sweep generation total 13696K, used 9405K [0x00000000ff2a0000, 0x0000000100000000, 0x0000000100000000)
 Metaspace       used 5073K, capacity 5258K, committed 5504K, reserved 1056768K
  class space    used 557K, capacity 597K, committed 640K, reserved 1048576K
2024-07-16T18:26:20.773+0800: 7.577: [GC (Allocation Failure) 2024-07-16T18:26:20.773+0800: 7.577: [ParNew: 5239K->8K(6144K), 0.0004549 secs] 14645K->10437K(19840K), 0.0005096 secs] [Times: user=0.00 sys=0.00, real=0.00 secs] 
Heap after GC invocations=982 (full 120):
 par new generation   total 6144K, used 8K [0x00000000fec00000, 0x00000000ff2a0000, 0x00000000ff2a0000)
  eden space 5504K,   0% used [0x00000000fec00000, 0x00000000fec00000, 0x00000000ff160000)
  from space 640K,   1% used [0x00000000ff160000, 0x00000000ff162040, 0x00000000ff200000)
  to   space 640K,   0% used [0x00000000ff200000, 0x00000000ff200000, 0x00000000ff2a0000)
 concurrent mark-sweep generation total 13696K, used 10429K [0x00000000ff2a0000, 0x0000000100000000, 0x0000000100000000)
 Metaspace       used 5073K, capacity 5258K, committed 5504K, reserved 1056768K
  class space    used 557K, capacity 597K, committed 640K, reserved 1048576K
}
{Heap before GC invocations=982 (full 120):
 par new generation   total 6144K, used 5237K [0x00000000fec00000, 0x00000000ff2a0000, 0x00000000ff2a0000)
  eden space 5504K,  95% used [0x00000000fec00000, 0x00000000ff11b798, 0x00000000ff160000)
  from space 640K,   1% used [0x00000000ff160000, 0x00000000ff162040, 0x00000000ff200000)
  to   space 640K,   0% used [0x00000000ff200000, 0x00000000ff200000, 0x00000000ff2a0000)
 concurrent mark-sweep generation total 13696K, used 10429K [0x00000000ff2a0000, 0x0000000100000000, 0x0000000100000000)
 Metaspace       used 5073K, capacity 5258K, committed 5504K, reserved 1056768K
  class space    used 557K, capacity 597K, committed 640K, reserved 1048576K
2024-07-16T18:26:20.782+0800: 7.586: [GC (Allocation Failure) 2024-07-16T18:26:20.782+0800: 7.586: [ParNew: 5237K->4K(6144K), 0.0003362 secs] 15667K->10433K(19840K), 0.0004087 secs] [Times: user=0.00 sys=0.00, real=0.00 secs] 
Heap after GC invocations=983 (full 120):
 par new generation   total 6144K, used 4K [0x00000000fec00000, 0x00000000ff2a0000, 0x00000000ff2a0000)
  eden space 5504K,   0% used [0x00000000fec00000, 0x00000000fec00000, 0x00000000ff160000)
  from space 640K,   0% used [0x00000000ff200000, 0x00000000ff201020, 0x00000000ff2a0000)
  to   space 640K,   0% used [0x00000000ff160000, 0x00000000ff160000, 0x00000000ff200000)
 concurrent mark-sweep generation total 13696K, used 10429K [0x00000000ff2a0000, 0x0000000100000000, 0x0000000100000000)
 Metaspace       used 5073K, capacity 5258K, committed 5504K, reserved 1056768K
  class space    used 557K, capacity 597K, committed 640K, reserved 1048576K
}
{Heap before GC invocations=983 (full 120):
 par new generation   total 6144K, used 5233K [0x00000000fec00000, 0x00000000ff2a0000, 0x00000000ff2a0000)
  eden space 5504K,  95% used [0x00000000fec00000, 0x00000000ff11b798, 0x00000000ff160000)
  from space 640K,   0% used [0x00000000ff200000, 0x00000000ff201020, 0x00000000ff2a0000)
  to   space 640K,   0% used [0x00000000ff160000, 0x00000000ff160000, 0x00000000ff200000)
 concurrent mark-sweep generation total 13696K, used 10429K [0x00000000ff2a0000, 0x0000000100000000, 0x0000000100000000)
 Metaspace       used 5073K, capacity 5258K, committed 5504K, reserved 1056768K
  class space    used 557K, capacity 597K, committed 640K, reserved 1048576K
2024-07-16T18:26:20.787+0800: 7.591: [GC (Allocation Failure) 2024-07-16T18:26:20.787+0800: 7.591: [ParNew: 5233K->8K(6144K), 0.0003881 secs] 15663K->11461K(19840K), 0.0004362 secs] [Times: user=0.00 sys=0.00, real=0.00 secs] 
Heap after GC invocations=984 (full 120):
 par new generation   total 6144K, used 8K [0x00000000fec00000, 0x00000000ff2a0000, 0x00000000ff2a0000)
  eden space 5504K,   0% used [0x00000000fec00000, 0x00000000fec00000, 0x00000000ff160000)
  from space 640K,   1% used [0x00000000ff160000, 0x00000000ff162040, 0x00000000ff200000)
  to   space 640K,   0% used [0x00000000ff200000, 0x00000000ff200000, 0x00000000ff2a0000)
 concurrent mark-sweep generation total 13696K, used 11453K [0x00000000ff2a0000, 0x0000000100000000, 0x0000000100000000)
 Metaspace       used 5073K, capacity 5258K, committed 5504K, reserved 1056768K
  class space    used 557K, capacity 597K, committed 640K, reserved 1048576K
}
{Heap before GC invocations=984 (full 120):
 par new generation   total 6144K, used 5237K [0x00000000fec00000, 0x00000000ff2a0000, 0x00000000ff2a0000)
  eden space 5504K,  95% used [0x00000000fec00000, 0x00000000ff11b798, 0x00000000ff160000)
  from space 640K,   1% used [0x00000000ff160000, 0x00000000ff162040, 0x00000000ff200000)
  to   space 640K,   0% used [0x00000000ff200000, 0x00000000ff200000, 0x00000000ff2a0000)
 concurrent mark-sweep generation total 13696K, used 11453K [0x00000000ff2a0000, 0x0000000100000000, 0x0000000100000000)
 Metaspace       used 5073K, capacity 5258K, committed 5504K, reserved 1056768K
  class space    used 557K, capacity 597K, committed 640K, reserved 1048576K
2024-07-16T18:26:20.794+0800: 7.598: [GC (Allocation Failure) 2024-07-16T18:26:20.794+0800: 7.598: [ParNew: 5237K->4K(6144K), 0.0004905 secs] 16691K->12481K(19840K), 0.0005430 secs] [Times: user=0.00 sys=0.00, real=0.00 secs] 
Heap after GC invocations=985 (full 120):
 par new generation   total 6144K, used 4K [0x00000000fec00000, 0x00000000ff2a0000, 0x00000000ff2a0000)
  eden space 5504K,   0% used [0x00000000fec00000, 0x00000000fec00000, 0x00000000ff160000)
  from space 640K,   0% used [0x00000000ff200000, 0x00000000ff201020, 0x00000000ff2a0000)
  to   space 640K,   0% used [0x00000000ff160000, 0x00000000ff160000, 0x00000000ff200000)
 concurrent mark-sweep generation total 13696K, used 12477K [0x00000000ff2a0000, 0x0000000100000000, 0x0000000100000000)
 Metaspace       used 5073K, capacity 5258K, committed 5504K, reserved 1056768K
  class space    used 557K, capacity 597K, committed 640K, reserved 1048576K
}
{Heap before GC invocations=985 (full 120):
 par new generation   total 6144K, used 5233K [0x00000000fec00000, 0x00000000ff2a0000, 0x00000000ff2a0000)
  eden space 5504K,  95% used [0x00000000fec00000, 0x00000000ff11b798, 0x00000000ff160000)
  from space 640K,   0% used [0x00000000ff200000, 0x00000000ff201020, 0x00000000ff2a0000)
  to   space 640K,   0% used [0x00000000ff160000, 0x00000000ff160000, 0x00000000ff200000)
 concurrent mark-sweep generation total 13696K, used 12477K [0x00000000ff2a0000, 0x0000000100000000, 0x0000000100000000)
 Metaspace       used 5073K, capacity 5258K, committed 5504K, reserved 1056768K
  class space    used 557K, capacity 597K, committed 640K, reserved 1048576K
2024-07-16T18:26:20.802+0800: 7.606: [GC (Allocation Failure) 2024-07-16T18:26:20.802+0800: 7.606: [ParNew: 5233K->5233K(6144K), 0.0000163 secs]2024-07-16T18:26:20.802+0800: 7.606: [CMS2024-07-16T18:26:20.802+0800: 7.606: [CMS-concurrent-abortable-preclean: 0.000/0.048 secs] [Times: user=0.00 sys=0.00, real=0.05 secs] 
 (concurrent mode failure): 12477K->1204K(13696K), 0.0029034 secs] 17711K->1204K(19840K), [Metaspace: 5073K->5073K(1056768K)], 0.0029854 secs] [Times: user=0.00 sys=0.00, real=0.00 secs] 
Heap after GC invocations=986 (full 121):
 par new generation   total 6144K, used 0K [0x00000000fec00000, 0x00000000ff2a0000, 0x00000000ff2a0000)
  eden space 5504K,   0% used [0x00000000fec00000, 0x00000000fec00000, 0x00000000ff160000)
  from space 640K,   0% used [0x00000000ff200000, 0x00000000ff200000, 0x00000000ff2a0000)
  to   space 640K,   0% used [0x00000000ff160000, 0x00000000ff160000, 0x00000000ff200000)
 concurrent mark-sweep generation total 13696K, used 1204K [0x00000000ff2a0000, 0x0000000100000000, 0x0000000100000000)
 Metaspace       used 5073K, capacity 5258K, committed 5504K, reserved 1056768K
  class space    used 557K, capacity 597K, committed 640K, reserved 1048576K
}
{Heap before GC invocations=986 (full 121):
 par new generation   total 6144K, used 5229K [0x00000000fec00000, 0x00000000ff2a0000, 0x00000000ff2a0000)
  eden space 5504K,  95% used [0x00000000fec00000, 0x00000000ff11b798, 0x00000000ff160000)
  from space 640K,   0% used [0x00000000ff200000, 0x00000000ff200000, 0x00000000ff2a0000)
  to   space 640K,   0% used [0x00000000ff160000, 0x00000000ff160000, 0x00000000ff200000)
 concurrent mark-sweep generation total 13696K, used 1204K [0x00000000ff2a0000, 0x0000000100000000, 0x0000000100000000)
 Metaspace       used 5073K, capacity 5258K, committed 5504K, reserved 1056768K
  class space    used 557K, capacity 597K, committed 640K, reserved 1048576K
2024-07-16T18:26:20.812+0800: 7.616: [GC (Allocation Failure) 2024-07-16T18:26:20.812+0800: 7.616: [ParNew: 5229K->6K(6144K), 0.0004736 secs] 6434K->2236K(19840K), 0.0005263 secs] [Times: user=0.00 sys=0.00, real=0.00 secs] 
Heap after GC invocations=987 (full 121):
 par new generation   total 6144K, used 6K [0x00000000fec00000, 0x00000000ff2a0000, 0x00000000ff2a0000)
  eden space 5504K,   0% used [0x00000000fec00000, 0x00000000fec00000, 0x00000000ff160000)
  from space 640K,   0% used [0x00000000ff160000, 0x00000000ff161830, 0x00000000ff200000)
  to   space 640K,   0% used [0x00000000ff200000, 0x00000000ff200000, 0x00000000ff2a0000)
 concurrent mark-sweep generation total 13696K, used 2230K [0x00000000ff2a0000, 0x0000000100000000, 0x0000000100000000)
 Metaspace       used 5073K, capacity 5258K, committed 5504K, reserved 1056768K
  class space    used 557K, capacity 597K, committed 640K, reserved 1048576K
}
{Heap before GC invocations=987 (full 121):
 par new generation   total 6144K, used 5235K [0x00000000fec00000, 0x00000000ff2a0000, 0x00000000ff2a0000)
  eden space 5504K,  95% used [0x00000000fec00000, 0x00000000ff11b798, 0x00000000ff160000)
  from space 640K,   0% used [0x00000000ff160000, 0x00000000ff161830, 0x00000000ff200000)
  to   space 640K,   0% used [0x00000000ff200000, 0x00000000ff200000, 0x00000000ff2a0000)
 concurrent mark-sweep generation total 13696K, used 2230K [0x00000000ff2a0000, 0x0000000100000000, 0x0000000100000000)
 Metaspace       used 5073K, capacity 5258K, committed 5504K, reserved 1056768K
  class space    used 557K, capacity 597K, committed 640K, reserved 1048576K
2024-07-16T18:26:20.819+0800: 7.623: [GC (Allocation Failure) 2024-07-16T18:26:20.819+0800: 7.623: [ParNew: 5235K->10K(6144K), 0.0004133 secs] 7466K->3266K(19840K), 0.0004587 secs] [Times: user=0.00 sys=0.00, real=0.00 secs] 
Heap after GC invocations=988 (full 121):
 par new generation   total 6144K, used 10K [0x00000000fec00000, 0x00000000ff2a0000, 0x00000000ff2a0000)
  eden space 5504K,   0% used [0x00000000fec00000, 0x00000000fec00000, 0x00000000ff160000)
  from space 640K,   1% used [0x00000000ff200000, 0x00000000ff202850, 0x00000000ff2a0000)
  to   space 640K,   0% used [0x00000000ff160000, 0x00000000ff160000, 0x00000000ff200000)
 concurrent mark-sweep generation total 13696K, used 3256K [0x00000000ff2a0000, 0x0000000100000000, 0x0000000100000000)
 Metaspace       used 5073K, capacity 5258K, committed 5504K, reserved 1056768K
  class space    used 557K, capacity 597K, committed 640K, reserved 1048576K
}
{Heap before GC invocations=988 (full 121):
 par new generation   total 6144K, used 5239K [0x00000000fec00000, 0x00000000ff2a0000, 0x00000000ff2a0000)
  eden space 5504K,  95% used [0x00000000fec00000, 0x00000000ff11b798, 0x00000000ff160000)
  from space 640K,   1% used [0x00000000ff200000, 0x00000000ff202850, 0x00000000ff2a0000)
  to   space 640K,   0% used [0x00000000ff160000, 0x00000000ff160000, 0x00000000ff200000)
 concurrent mark-sweep generation total 13696K, used 3256K [0x00000000ff2a0000, 0x0000000100000000, 0x0000000100000000)
 Metaspace       used 5073K, capacity 5258K, committed 5504K, reserved 1056768K
  class space    used 557K, capacity 597K, committed 640K, reserved 1048576K
2024-07-16T18:26:20.827+0800: 7.631: [GC (Allocation Failure) 2024-07-16T18:26:20.827+0800: 7.631: [ParNew: 5239K->4K(6144K), 0.0002776 secs] 8496K->3260K(19840K), 0.0003227 secs] [Times: user=0.00 sys=0.00, real=0.00 secs] 
Heap after GC invocations=989 (full 121):
 par new generation   total 6144K, used 4K [0x00000000fec00000, 0x00000000ff2a0000, 0x00000000ff2a0000)
  eden space 5504K,   0% used [0x00000000fec00000, 0x00000000fec00000, 0x00000000ff160000)
  from space 640K,   0% used [0x00000000ff160000, 0x00000000ff161020, 0x00000000ff200000)
  to   space 640K,   0% used [0x00000000ff200000, 0x00000000ff200000, 0x00000000ff2a0000)
 concurrent mark-sweep generation total 13696K, used 3256K [0x00000000ff2a0000, 0x0000000100000000, 0x0000000100000000)
 Metaspace       used 5073K, capacity 5258K, committed 5504K, reserved 1056768K
  class space    used 557K, capacity 597K, committed 640K, reserved 1048576K
}
{Heap before GC invocations=989 (full 121):
 par new generation   total 6144K, used 5233K [0x00000000fec00000, 0x00000000ff2a0000, 0x00000000ff2a0000)
  eden space 5504K,  95% used [0x00000000fec00000, 0x00000000ff11b798, 0x00000000ff160000)
  from space 640K,   0% used [0x00000000ff160000, 0x00000000ff161020, 0x00000000ff200000)
  to   space 640K,   0% used [0x00000000ff200000, 0x00000000ff200000, 0x00000000ff2a0000)
 concurrent mark-sweep generation total 13696K, used 3256K [0x00000000ff2a0000, 0x0000000100000000, 0x0000000100000000)
 Metaspace       used 5073K, capacity 5258K, committed 5504K, reserved 1056768K
  class space    used 557K, capacity 597K, committed 640K, reserved 1048576K
2024-07-16T18:26:20.833+0800: 7.637: [GC (Allocation Failure) 2024-07-16T18:26:20.833+0800: 7.637: [ParNew: 5233K->10K(6144K), 0.0003648 secs] 8490K->4293K(19840K), 0.0004106 secs] [Times: user=0.00 sys=0.00, real=0.00 secs] 
Heap after GC invocations=990 (full 121):
 par new generation   total 6144K, used 10K [0x00000000fec00000, 0x00000000ff2a0000, 0x00000000ff2a0000)
  eden space 5504K,   0% used [0x00000000fec00000, 0x00000000fec00000, 0x00000000ff160000)
  from space 640K,   1% used [0x00000000ff200000, 0x00000000ff202850, 0x00000000ff2a0000)
  to   space 640K,   0% used [0x00000000ff160000, 0x00000000ff160000, 0x00000000ff200000)
 concurrent mark-sweep generation total 13696K, used 4282K [0x00000000ff2a0000, 0x0000000100000000, 0x0000000100000000)
 Metaspace       used 5073K, capacity 5258K, committed 5504K, reserved 1056768K
  class space    used 557K, capacity 597K, committed 640K, reserved 1048576K
}
{Heap before GC invocations=990 (full 121):
 par new generation   total 6144K, used 5239K [0x00000000fec00000, 0x00000000ff2a0000, 0x00000000ff2a0000)
  eden space 5504K,  95% used [0x00000000fec00000, 0x00000000ff11b798, 0x00000000ff160000)
  from space 640K,   1% used [0x00000000ff200000, 0x00000000ff202850, 0x00000000ff2a0000)
  to   space 640K,   0% used [0x00000000ff160000, 0x00000000ff160000, 0x00000000ff200000)
 concurrent mark-sweep generation total 13696K, used 4282K [0x00000000ff2a0000, 0x0000000100000000, 0x0000000100000000)
 Metaspace       used 5073K, capacity 5258K, committed 5504K, reserved 1056768K
  class space    used 557K, capacity 597K, committed 640K, reserved 1048576K
2024-07-16T18:26:20.840+0800: 7.644: [GC (Allocation Failure) 2024-07-16T18:26:20.840+0800: 7.644: [ParNew: 5239K->4K(6144K), 0.0002871 secs] 9522K->4286K(19840K), 0.0003981 secs] [Times: user=0.00 sys=0.00, real=0.00 secs] 
Heap after GC invocations=991 (full 121):
 par new generation   total 6144K, used 4K [0x00000000fec00000, 0x00000000ff2a0000, 0x00000000ff2a0000)
  eden space 5504K,   0% used [0x00000000fec00000, 0x00000000fec00000, 0x00000000ff160000)
  from space 640K,   0% used [0x00000000ff160000, 0x00000000ff161020, 0x00000000ff200000)
  to   space 640K,   0% used [0x00000000ff200000, 0x00000000ff200000, 0x00000000ff2a0000)
 concurrent mark-sweep generation total 13696K, used 4282K [0x00000000ff2a0000, 0x0000000100000000, 0x0000000100000000)
 Metaspace       used 5073K, capacity 5258K, committed 5504K, reserved 1056768K
  class space    used 557K, capacity 597K, committed 640K, reserved 1048576K
}
{Heap before GC invocations=991 (full 121):
 par new generation   total 6144K, used 5233K [0x00000000fec00000, 0x00000000ff2a0000, 0x00000000ff2a0000)
  eden space 5504K,  95% used [0x00000000fec00000, 0x00000000ff11b798, 0x00000000ff160000)
  from space 640K,   0% used [0x00000000ff160000, 0x00000000ff161020, 0x00000000ff200000)
  to   space 640K,   0% used [0x00000000ff200000, 0x00000000ff200000, 0x00000000ff2a0000)
 concurrent mark-sweep generation total 13696K, used 4282K [0x00000000ff2a0000, 0x0000000100000000, 0x0000000100000000)
 Metaspace       used 5073K, capacity 5258K, committed 5504K, reserved 1056768K
  class space    used 557K, capacity 597K, committed 640K, reserved 1048576K
2024-07-16T18:26:20.846+0800: 7.650: [GC (Allocation Failure) 2024-07-16T18:26:20.846+0800: 7.650: [ParNew: 5233K->6K(6144K), 0.0004983 secs] 9516K->5313K(19840K), 0.0005641 secs] [Times: user=0.00 sys=0.00, real=0.00 secs] 
Heap after GC invocations=992 (full 121):
 par new generation   total 6144K, used 6K [0x00000000fec00000, 0x00000000ff2a0000, 0x00000000ff2a0000)
  eden space 5504K,   0% used [0x00000000fec00000, 0x00000000fec00000, 0x00000000ff160000)
  from space 640K,   0% used [0x00000000ff200000, 0x00000000ff201830, 0x00000000ff2a0000)
  to   space 640K,   0% used [0x00000000ff160000, 0x00000000ff160000, 0x00000000ff200000)
 concurrent mark-sweep generation total 13696K, used 5306K [0x00000000ff2a0000, 0x0000000100000000, 0x0000000100000000)
 Metaspace       used 5073K, capacity 5258K, committed 5504K, reserved 1056768K
  class space    used 557K, capacity 597K, committed 640K, reserved 1048576K
}
{Heap before GC invocations=992 (full 121):
 par new generation   total 6144K, used 5235K [0x00000000fec00000, 0x00000000ff2a0000, 0x00000000ff2a0000)
  eden space 5504K,  95% used [0x00000000fec00000, 0x00000000ff11b798, 0x00000000ff160000)
  from space 640K,   0% used [0x00000000ff200000, 0x00000000ff201830, 0x00000000ff2a0000)
  to   space 640K,   0% used [0x00000000ff160000, 0x00000000ff160000, 0x00000000ff200000)
 concurrent mark-sweep generation total 13696K, used 5306K [0x00000000ff2a0000, 0x0000000100000000, 0x0000000100000000)
 Metaspace       used 5073K, capacity 5258K, committed 5504K, reserved 1056768K
  class space    used 557K, capacity 597K, committed 640K, reserved 1048576K
2024-07-16T18:26:20.853+0800: 7.657: [GC (Allocation Failure) 2024-07-16T18:26:20.853+0800: 7.657: [ParNew: 5235K->8K(6144K), 0.0004240 secs] 10542K->6341K(19840K), 0.0005291 secs] [Times: user=0.00 sys=0.00, real=0.00 secs] 
Heap after GC invocations=993 (full 121):
 par new generation   total 6144K, used 8K [0x00000000fec00000, 0x00000000ff2a0000, 0x00000000ff2a0000)
  eden space 5504K,   0% used [0x00000000fec00000, 0x00000000fec00000, 0x00000000ff160000)
  from space 640K,   1% used [0x00000000ff160000, 0x00000000ff162040, 0x00000000ff200000)
  to   space 640K,   0% used [0x00000000ff200000, 0x00000000ff200000, 0x00000000ff2a0000)
 concurrent mark-sweep generation total 13696K, used 6333K [0x00000000ff2a0000, 0x0000000100000000, 0x0000000100000000)
 Metaspace       used 5073K, capacity 5258K, committed 5504K, reserved 1056768K
  class space    used 557K, capacity 597K, committed 640K, reserved 1048576K
}
{Heap before GC invocations=993 (full 121):
 par new generation   total 6144K, used 5237K [0x00000000fec00000, 0x00000000ff2a0000, 0x00000000ff2a0000)
  eden space 5504K,  95% used [0x00000000fec00000, 0x00000000ff11b798, 0x00000000ff160000)
  from space 640K,   1% used [0x00000000ff160000, 0x00000000ff162040, 0x00000000ff200000)
  to   space 640K,   0% used [0x00000000ff200000, 0x00000000ff200000, 0x00000000ff2a0000)
 concurrent mark-sweep generation total 13696K, used 6333K [0x00000000ff2a0000, 0x0000000100000000, 0x0000000100000000)
 Metaspace       used 5073K, capacity 5258K, committed 5504K, reserved 1056768K
  class space    used 557K, capacity 597K, committed 640K, reserved 1048576K
2024-07-16T18:26:20.861+0800: 7.665: [GC (Allocation Failure) 2024-07-16T18:26:20.861+0800: 7.665: [ParNew: 5237K->6K(6144K), 0.0003836 secs] 11570K->7363K(19840K), 0.0004337 secs] [Times: user=0.00 sys=0.00, real=0.00 secs] 
Heap after GC invocations=994 (full 121):
 par new generation   total 6144K, used 6K [0x00000000fec00000, 0x00000000ff2a0000, 0x00000000ff2a0000)
  eden space 5504K,   0% used [0x00000000fec00000, 0x00000000fec00000, 0x00000000ff160000)
  from space 640K,   0% used [0x00000000ff200000, 0x00000000ff201830, 0x00000000ff2a0000)
  to   space 640K,   0% used [0x00000000ff160000, 0x00000000ff160000, 0x00000000ff200000)
 concurrent mark-sweep generation total 13696K, used 7357K [0x00000000ff2a0000, 0x0000000100000000, 0x0000000100000000)
 Metaspace       used 5073K, capacity 5258K, committed 5504K, reserved 1056768K
  class space    used 557K, capacity 597K, committed 640K, reserved 1048576K
}
2024-07-16T18:26:20.861+0800: 7.665: [GC (CMS Initial Mark) [1 CMS-initial-mark: 7357K(13696K)] 8387K(19840K), 0.0001223 secs] [Times: user=0.00 sys=0.00, real=0.00 secs] 
2024-07-16T18:26:20.861+0800: 7.665: [CMS-concurrent-mark-start]
2024-07-16T18:26:20.863+0800: 7.667: [CMS-concurrent-mark: 0.001/0.001 secs] [Times: user=0.05 sys=0.00, real=0.00 secs] 
2024-07-16T18:26:20.863+0800: 7.667: [CMS-concurrent-preclean-start]
2024-07-16T18:26:20.863+0800: 7.667: [CMS-concurrent-preclean: 0.000/0.000 secs] [Times: user=0.00 sys=0.00, real=0.00 secs] 
2024-07-16T18:26:20.863+0800: 7.667: [CMS-concurrent-abortable-preclean-start]
{Heap before GC invocations=994 (full 122):
 par new generation   total 6144K, used 5235K [0x00000000fec00000, 0x00000000ff2a0000, 0x00000000ff2a0000)
  eden space 5504K,  95% used [0x00000000fec00000, 0x00000000ff11b798, 0x00000000ff160000)
  from space 640K,   0% used [0x00000000ff200000, 0x00000000ff201830, 0x00000000ff2a0000)
  to   space 640K,   0% used [0x00000000ff160000, 0x00000000ff160000, 0x00000000ff200000)
 concurrent mark-sweep generation total 13696K, used 7357K [0x00000000ff2a0000, 0x0000000100000000, 0x0000000100000000)
 Metaspace       used 5073K, capacity 5258K, committed 5504K, reserved 1056768K
  class space    used 557K, capacity 597K, committed 640K, reserved 1048576K
2024-07-16T18:26:20.868+0800: 7.672: [GC (Allocation Failure) 2024-07-16T18:26:20.868+0800: 7.672: [ParNew: 5235K->8K(6144K), 0.0004379 secs] 12592K->8389K(19840K), 0.0005601 secs] [Times: user=0.00 sys=0.00, real=0.00 secs] 
Heap after GC invocations=995 (full 122):
 par new generation   total 6144K, used 8K [0x00000000fec00000, 0x00000000ff2a0000, 0x00000000ff2a0000)
  eden space 5504K,   0% used [0x00000000fec00000, 0x00000000fec00000, 0x00000000ff160000)
  from space 640K,   1% used [0x00000000ff160000, 0x00000000ff162040, 0x00000000ff200000)
  to   space 640K,   0% used [0x00000000ff200000, 0x00000000ff200000, 0x00000000ff2a0000)
 concurrent mark-sweep generation total 13696K, used 8381K [0x00000000ff2a0000, 0x0000000100000000, 0x0000000100000000)
 Metaspace       used 5073K, capacity 5258K, committed 5504K, reserved 1056768K
  class space    used 557K, capacity 597K, committed 640K, reserved 1048576K
}
{Heap before GC invocations=995 (full 122):
 par new generation   total 6144K, used 5237K [0x00000000fec00000, 0x00000000ff2a0000, 0x00000000ff2a0000)
  eden space 5504K,  95% used [0x00000000fec00000, 0x00000000ff11b798, 0x00000000ff160000)
  from space 640K,   1% used [0x00000000ff160000, 0x00000000ff162040, 0x00000000ff200000)
  to   space 640K,   0% used [0x00000000ff200000, 0x00000000ff200000, 0x00000000ff2a0000)
 concurrent mark-sweep generation total 13696K, used 8381K [0x00000000ff2a0000, 0x0000000100000000, 0x0000000100000000)
 Metaspace       used 5073K, capacity 5258K, committed 5504K, reserved 1056768K
  class space    used 557K, capacity 597K, committed 640K, reserved 1048576K
2024-07-16T18:26:20.875+0800: 7.679: [GC (Allocation Failure) 2024-07-16T18:26:20.875+0800: 7.679: [ParNew: 5237K->4K(6144K), 0.0002786 secs] 13619K->8385K(19840K), 0.0003258 secs] [Times: user=0.00 sys=0.00, real=0.00 secs] 
Heap after GC invocations=996 (full 122):
 par new generation   total 6144K, used 4K [0x00000000fec00000, 0x00000000ff2a0000, 0x00000000ff2a0000)
  eden space 5504K,   0% used [0x00000000fec00000, 0x00000000fec00000, 0x00000000ff160000)
  from space 640K,   0% used [0x00000000ff200000, 0x00000000ff201020, 0x00000000ff2a0000)
  to   space 640K,   0% used [0x00000000ff160000, 0x00000000ff160000, 0x00000000ff200000)
 concurrent mark-sweep generation total 13696K, used 8381K [0x00000000ff2a0000, 0x0000000100000000, 0x0000000100000000)
 Metaspace       used 5073K, capacity 5258K, committed 5504K, reserved 1056768K
  class space    used 557K, capacity 597K, committed 640K, reserved 1048576K
}
{Heap before GC invocations=996 (full 122):
 par new generation   total 6144K, used 5233K [0x00000000fec00000, 0x00000000ff2a0000, 0x00000000ff2a0000)
  eden space 5504K,  95% used [0x00000000fec00000, 0x00000000ff11b798, 0x00000000ff160000)
  from space 640K,   0% used [0x00000000ff200000, 0x00000000ff201020, 0x00000000ff2a0000)
  to   space 640K,   0% used [0x00000000ff160000, 0x00000000ff160000, 0x00000000ff200000)
 concurrent mark-sweep generation total 13696K, used 8381K [0x00000000ff2a0000, 0x0000000100000000, 0x0000000100000000)
 Metaspace       used 5073K, capacity 5258K, committed 5504K, reserved 1056768K
  class space    used 557K, capacity 597K, committed 640K, reserved 1048576K
2024-07-16T18:26:20.882+0800: 7.686: [GC (Allocation Failure) 2024-07-16T18:26:20.882+0800: 7.686: [ParNew: 5233K->4K(6144K), 0.0002731 secs] 13614K->8385K(19840K), 0.0003204 secs] [Times: user=0.00 sys=0.00, real=0.00 secs] 
Heap after GC invocations=997 (full 122):
 par new generation   total 6144K, used 4K [0x00000000fec00000, 0x00000000ff2a0000, 0x00000000ff2a0000)
  eden space 5504K,   0% used [0x00000000fec00000, 0x00000000fec00000, 0x00000000ff160000)
  from space 640K,   0% used [0x00000000ff160000, 0x00000000ff161020, 0x00000000ff200000)
  to   space 640K,   0% used [0x00000000ff200000, 0x00000000ff200000, 0x00000000ff2a0000)
 concurrent mark-sweep generation total 13696K, used 8381K [0x00000000ff2a0000, 0x0000000100000000, 0x0000000100000000)
 Metaspace       used 5073K, capacity 5258K, committed 5504K, reserved 1056768K
  class space    used 557K, capacity 597K, committed 640K, reserved 1048576K
}
{Heap before GC invocations=997 (full 122):
 par new generation   total 6144K, used 5233K [0x00000000fec00000, 0x00000000ff2a0000, 0x00000000ff2a0000)
  eden space 5504K,  95% used [0x00000000fec00000, 0x00000000ff11b798, 0x00000000ff160000)
  from space 640K,   0% used [0x00000000ff160000, 0x00000000ff161020, 0x00000000ff200000)
  to   space 640K,   0% used [0x00000000ff200000, 0x00000000ff200000, 0x00000000ff2a0000)
 concurrent mark-sweep generation total 13696K, used 8381K [0x00000000ff2a0000, 0x0000000100000000, 0x0000000100000000)
 Metaspace       used 5073K, capacity 5258K, committed 5504K, reserved 1056768K
  class space    used 557K, capacity 597K, committed 640K, reserved 1048576K
2024-07-16T18:26:20.889+0800: 7.693: [GC (Allocation Failure) 2024-07-16T18:26:20.889+0800: 7.693: [ParNew: 5233K->4K(6144K), 0.0002733 secs] 13614K->8385K(19840K), 0.0003591 secs] [Times: user=0.00 sys=0.00, real=0.00 secs] 
Heap after GC invocations=998 (full 122):
 par new generation   total 6144K, used 4K [0x00000000fec00000, 0x00000000ff2a0000, 0x00000000ff2a0000)
  eden space 5504K,   0% used [0x00000000fec00000, 0x00000000fec00000, 0x00000000ff160000)
  from space 640K,   0% used [0x00000000ff200000, 0x00000000ff201020, 0x00000000ff2a0000)
  to   space 640K,   0% used [0x00000000ff160000, 0x00000000ff160000, 0x00000000ff200000)
 concurrent mark-sweep generation total 13696K, used 8381K [0x00000000ff2a0000, 0x0000000100000000, 0x0000000100000000)
 Metaspace       used 5073K, capacity 5258K, committed 5504K, reserved 1056768K
  class space    used 557K, capacity 597K, committed 640K, reserved 1048576K
}
{Heap before GC invocations=998 (full 122):
 par new generation   total 6144K, used 5233K [0x00000000fec00000, 0x00000000ff2a0000, 0x00000000ff2a0000)
  eden space 5504K,  95% used [0x00000000fec00000, 0x00000000ff11b798, 0x00000000ff160000)
  from space 640K,   0% used [0x00000000ff200000, 0x00000000ff201020, 0x00000000ff2a0000)
  to   space 640K,   0% used [0x00000000ff160000, 0x00000000ff160000, 0x00000000ff200000)
 concurrent mark-sweep generation total 13696K, used 8381K [0x00000000ff2a0000, 0x0000000100000000, 0x0000000100000000)
 Metaspace       used 5073K, capacity 5258K, committed 5504K, reserved 1056768K
  class space    used 557K, capacity 597K, committed 640K, reserved 1048576K
2024-07-16T18:26:20.897+0800: 7.701: [GC (Allocation Failure) 2024-07-16T18:26:20.897+0800: 7.701: [ParNew: 5233K->4K(6144K), 0.0003245 secs] 13614K->8385K(19840K), 0.0003756 secs] [Times: user=0.00 sys=0.00, real=0.00 secs] 
Heap after GC invocations=999 (full 122):
 par new generation   total 6144K, used 4K [0x00000000fec00000, 0x00000000ff2a0000, 0x00000000ff2a0000)
  eden space 5504K,   0% used [0x00000000fec00000, 0x00000000fec00000, 0x00000000ff160000)
  from space 640K,   0% used [0x00000000ff160000, 0x00000000ff161020, 0x00000000ff200000)
  to   space 640K,   0% used [0x00000000ff200000, 0x00000000ff200000, 0x00000000ff2a0000)
 concurrent mark-sweep generation total 13696K, used 8381K [0x00000000ff2a0000, 0x0000000100000000, 0x0000000100000000)
 Metaspace       used 5073K, capacity 5258K, committed 5504K, reserved 1056768K
  class space    used 557K, capacity 597K, committed 640K, reserved 1048576K
}
{Heap before GC invocations=999 (full 122):
 par new generation   total 6144K, used 5233K [0x00000000fec00000, 0x00000000ff2a0000, 0x00000000ff2a0000)
  eden space 5504K,  95% used [0x00000000fec00000, 0x00000000ff11b798, 0x00000000ff160000)
  from space 640K,   0% used [0x00000000ff160000, 0x00000000ff161020, 0x00000000ff200000)
  to   space 640K,   0% used [0x00000000ff200000, 0x00000000ff200000, 0x00000000ff2a0000)
 concurrent mark-sweep generation total 13696K, used 8381K [0x00000000ff2a0000, 0x0000000100000000, 0x0000000100000000)
 Metaspace       used 5073K, capacity 5258K, committed 5504K, reserved 1056768K
  class space    used 557K, capacity 597K, committed 640K, reserved 1048576K
2024-07-16T18:26:20.904+0800: 7.708: [GC (Allocation Failure) 2024-07-16T18:26:20.904+0800: 7.708: [ParNew: 5233K->10K(6144K), 0.0003796 secs] 13614K->9415K(19840K), 0.0004707 secs] [Times: user=0.00 sys=0.00, real=0.00 secs] 
Heap after GC invocations=1000 (full 122):
 par new generation   total 6144K, used 10K [0x00000000fec00000, 0x00000000ff2a0000, 0x00000000ff2a0000)
  eden space 5504K,   0% used [0x00000000fec00000, 0x00000000fec00000, 0x00000000ff160000)
  from space 640K,   1% used [0x00000000ff200000, 0x00000000ff202850, 0x00000000ff2a0000)
  to   space 640K,   0% used [0x00000000ff160000, 0x00000000ff160000, 0x00000000ff200000)
 concurrent mark-sweep generation total 13696K, used 9405K [0x00000000ff2a0000, 0x0000000100000000, 0x0000000100000000)
 Metaspace       used 5073K, capacity 5258K, committed 5504K, reserved 1056768K
  class space    used 557K, capacity 597K, committed 640K, reserved 1048576K
}
{Heap before GC invocations=1000 (full 122):
 par new generation   total 6144K, used 5239K [0x00000000fec00000, 0x00000000ff2a0000, 0x00000000ff2a0000)
  eden space 5504K,  95% used [0x00000000fec00000, 0x00000000ff11b798, 0x00000000ff160000)
  from space 640K,   1% used [0x00000000ff200000, 0x00000000ff202850, 0x00000000ff2a0000)
  to   space 640K,   0% used [0x00000000ff160000, 0x00000000ff160000, 0x00000000ff200000)
 concurrent mark-sweep generation total 13696K, used 9405K [0x00000000ff2a0000, 0x0000000100000000, 0x0000000100000000)
 Metaspace       used 5073K, capacity 5258K, committed 5504K, reserved 1056768K
  class space    used 557K, capacity 597K, committed 640K, reserved 1048576K
2024-07-16T18:26:20.913+0800: 7.717: [GC (Allocation Failure) 2024-07-16T18:26:20.913+0800: 7.717: [ParNew: 5239K->4K(6144K), 0.0002795 secs] 14645K->9409K(19840K), 0.0003277 secs] [Times: user=0.00 sys=0.00, real=0.00 secs] 
Heap after GC invocations=1001 (full 122):
 par new generation   total 6144K, used 4K [0x00000000fec00000, 0x00000000ff2a0000, 0x00000000ff2a0000)
  eden space 5504K,   0% used [0x00000000fec00000, 0x00000000fec00000, 0x00000000ff160000)
  from space 640K,   0% used [0x00000000ff160000, 0x00000000ff161020, 0x00000000ff200000)
  to   space 640K,   0% used [0x00000000ff200000, 0x00000000ff200000, 0x00000000ff2a0000)
 concurrent mark-sweep generation total 13696K, used 9405K [0x00000000ff2a0000, 0x0000000100000000, 0x0000000100000000)
 Metaspace       used 5073K, capacity 5258K, committed 5504K, reserved 1056768K
  class space    used 557K, capacity 597K, committed 640K, reserved 1048576K
}
{Heap before GC invocations=1001 (full 122):
 par new generation   total 6144K, used 5233K [0x00000000fec00000, 0x00000000ff2a0000, 0x00000000ff2a0000)
  eden space 5504K,  95% used [0x00000000fec00000, 0x00000000ff11b798, 0x00000000ff160000)
  from space 640K,   0% used [0x00000000ff160000, 0x00000000ff161020, 0x00000000ff200000)
  to   space 640K,   0% used [0x00000000ff200000, 0x00000000ff200000, 0x00000000ff2a0000)
 concurrent mark-sweep generation total 13696K, used 9405K [0x00000000ff2a0000, 0x0000000100000000, 0x0000000100000000)
 Metaspace       used 5073K, capacity 5258K, committed 5504K, reserved 1056768K
  class space    used 557K, capacity 597K, committed 640K, reserved 1048576K
2024-07-16T18:26:20.921+0800: 7.725: [GC (Allocation Failure) 2024-07-16T18:26:20.921+0800: 7.725: [ParNew: 5233K->4K(6144K), 0.0004484 secs] 14638K->10435K(19840K), 0.0005133 secs] [Times: user=0.00 sys=0.00, real=0.00 secs] 
Heap after GC invocations=1002 (full 122):
 par new generation   total 6144K, used 4K [0x00000000fec00000, 0x00000000ff2a0000, 0x00000000ff2a0000)
  eden space 5504K,   0% used [0x00000000fec00000, 0x00000000fec00000, 0x00000000ff160000)
  from space 640K,   0% used [0x00000000ff200000, 0x00000000ff201020, 0x00000000ff2a0000)
  to   space 640K,   0% used [0x00000000ff160000, 0x00000000ff160000, 0x00000000ff200000)
 concurrent mark-sweep generation total 13696K, used 10431K [0x00000000ff2a0000, 0x0000000100000000, 0x0000000100000000)
 Metaspace       used 5073K, capacity 5258K, committed 5504K, reserved 1056768K
  class space    used 557K, capacity 597K, committed 640K, reserved 1048576K
}
{Heap before GC invocations=1002 (full 122):
 par new generation   total 6144K, used 5233K [0x00000000fec00000, 0x00000000ff2a0000, 0x00000000ff2a0000)
  eden space 5504K,  95% used [0x00000000fec00000, 0x00000000ff11b798, 0x00000000ff160000)
  from space 640K,   0% used [0x00000000ff200000, 0x00000000ff201020, 0x00000000ff2a0000)
  to   space 640K,   0% used [0x00000000ff160000, 0x00000000ff160000, 0x00000000ff200000)
 concurrent mark-sweep generation total 13696K, used 10431K [0x00000000ff2a0000, 0x0000000100000000, 0x0000000100000000)
 Metaspace       used 5073K, capacity 5258K, committed 5504K, reserved 1056768K
  class space    used 557K, capacity 597K, committed 640K, reserved 1048576K
2024-07-16T18:26:20.928+0800: 7.732: [GC (Allocation Failure) 2024-07-16T18:26:20.928+0800: 7.732: [ParNew: 5233K->8K(6144K), 0.0004035 secs] 15665K->11465K(19840K), 0.0004848 secs] [Times: user=0.00 sys=0.00, real=0.00 secs] 
Heap after GC invocations=1003 (full 122):
 par new generation   total 6144K, used 8K [0x00000000fec00000, 0x00000000ff2a0000, 0x00000000ff2a0000)
  eden space 5504K,   0% used [0x00000000fec00000, 0x00000000fec00000, 0x00000000ff160000)
  from space 640K,   1% used [0x00000000ff160000, 0x00000000ff162040, 0x00000000ff200000)
  to   space 640K,   0% used [0x00000000ff200000, 0x00000000ff200000, 0x00000000ff2a0000)
 concurrent mark-sweep generation total 13696K, used 11457K [0x00000000ff2a0000, 0x0000000100000000, 0x0000000100000000)
 Metaspace       used 5073K, capacity 5258K, committed 5504K, reserved 1056768K
  class space    used 557K, capacity 597K, committed 640K, reserved 1048576K
}
{Heap before GC invocations=1003 (full 122):
 par new generation   total 6144K, used 5237K [0x00000000fec00000, 0x00000000ff2a0000, 0x00000000ff2a0000)
  eden space 5504K,  95% used [0x00000000fec00000, 0x00000000ff11b798, 0x00000000ff160000)
  from space 640K,   1% used [0x00000000ff160000, 0x00000000ff162040, 0x00000000ff200000)
  to   space 640K,   0% used [0x00000000ff200000, 0x00000000ff200000, 0x00000000ff2a0000)
 concurrent mark-sweep generation total 13696K, used 11457K [0x00000000ff2a0000, 0x0000000100000000, 0x0000000100000000)
 Metaspace       used 5073K, capacity 5258K, committed 5504K, reserved 1056768K
  class space    used 557K, capacity 597K, committed 640K, reserved 1048576K
2024-07-16T18:26:20.936+0800: 7.740: [GC (Allocation Failure) 2024-07-16T18:26:20.936+0800: 7.740: [ParNew: 5237K->4K(6144K), 0.0003280 secs] 16695K->11461K(19840K), 0.0003739 secs] [Times: user=0.00 sys=0.00, real=0.00 secs] 
Heap after GC invocations=1004 (full 122):
 par new generation   total 6144K, used 4K [0x00000000fec00000, 0x00000000ff2a0000, 0x00000000ff2a0000)
  eden space 5504K,   0% used [0x00000000fec00000, 0x00000000fec00000, 0x00000000ff160000)
  from space 640K,   0% used [0x00000000ff200000, 0x00000000ff201020, 0x00000000ff2a0000)
  to   space 640K,   0% used [0x00000000ff160000, 0x00000000ff160000, 0x00000000ff200000)
 concurrent mark-sweep generation total 13696K, used 11457K [0x00000000ff2a0000, 0x0000000100000000, 0x0000000100000000)
 Metaspace       used 5073K, capacity 5258K, committed 5504K, reserved 1056768K
  class space    used 557K, capacity 597K, committed 640K, reserved 1048576K
}
{Heap before GC invocations=1004 (full 122):
 par new generation   total 6144K, used 5233K [0x00000000fec00000, 0x00000000ff2a0000, 0x00000000ff2a0000)
  eden space 5504K,  95% used [0x00000000fec00000, 0x00000000ff11b798, 0x00000000ff160000)
  from space 640K,   0% used [0x00000000ff200000, 0x00000000ff201020, 0x00000000ff2a0000)
  to   space 640K,   0% used [0x00000000ff160000, 0x00000000ff160000, 0x00000000ff200000)
 concurrent mark-sweep generation total 13696K, used 11457K [0x00000000ff2a0000, 0x0000000100000000, 0x0000000100000000)
 Metaspace       used 5073K, capacity 5258K, committed 5504K, reserved 1056768K
  class space    used 557K, capacity 597K, committed 640K, reserved 1048576K
2024-07-16T18:26:20.942+0800: 7.746: [GC (Allocation Failure) 2024-07-16T18:26:20.942+0800: 7.746: [ParNew: 5233K->6K(6144K), 0.0004194 secs] 16691K->12489K(19840K), 0.0004762 secs] [Times: user=0.00 sys=0.00, real=0.00 secs] 
Heap after GC invocations=1005 (full 122):
 par new generation   total 6144K, used 6K [0x00000000fec00000, 0x00000000ff2a0000, 0x00000000ff2a0000)
  eden space 5504K,   0% used [0x00000000fec00000, 0x00000000fec00000, 0x00000000ff160000)
  from space 640K,   0% used [0x00000000ff160000, 0x00000000ff161830, 0x00000000ff200000)
  to   space 640K,   0% used [0x00000000ff200000, 0x00000000ff200000, 0x00000000ff2a0000)
 concurrent mark-sweep generation total 13696K, used 12483K [0x00000000ff2a0000, 0x0000000100000000, 0x0000000100000000)
 Metaspace       used 5073K, capacity 5258K, committed 5504K, reserved 1056768K
  class space    used 557K, capacity 597K, committed 640K, reserved 1048576K
}
{Heap before GC invocations=1005 (full 122):
 par new generation   total 6144K, used 5235K [0x00000000fec00000, 0x00000000ff2a0000, 0x00000000ff2a0000)
  eden space 5504K,  95% used [0x00000000fec00000, 0x00000000ff11b798, 0x00000000ff160000)
  from space 640K,   0% used [0x00000000ff160000, 0x00000000ff161830, 0x00000000ff200000)
  to   space 640K,   0% used [0x00000000ff200000, 0x00000000ff200000, 0x00000000ff2a0000)
 concurrent mark-sweep generation total 13696K, used 12483K [0x00000000ff2a0000, 0x0000000100000000, 0x0000000100000000)
 Metaspace       used 5073K, capacity 5258K, committed 5504K, reserved 1056768K
  class space    used 557K, capacity 597K, committed 640K, reserved 1048576K
2024-07-16T18:26:20.951+0800: 7.755: [GC (Allocation Failure) 2024-07-16T18:26:20.951+0800: 7.755: [ParNew: 5235K->5235K(6144K), 0.0000200 secs]2024-07-16T18:26:20.951+0800: 7.755: [CMS2024-07-16T18:26:20.951+0800: 7.755: [CMS-concurrent-abortable-preclean: 0.001/0.088 secs] [Times: user=0.00 sys=0.00, real=0.09 secs] 
 (concurrent mode failure): 12483K->2228K(13696K), 0.0031319 secs] 17719K->2228K(19840K), [Metaspace: 5073K->5073K(1056768K)], 0.0032315 secs] [Times: user=0.00 sys=0.00, real=0.00 secs] 
Heap after GC invocations=1006 (full 123):
 par new generation   total 6144K, used 0K [0x00000000fec00000, 0x00000000ff2a0000, 0x00000000ff2a0000)
  eden space 5504K,   0% used [0x00000000fec00000, 0x00000000fec00000, 0x00000000ff160000)
  from space 640K,   0% used [0x00000000ff160000, 0x00000000ff160000, 0x00000000ff200000)
  to   space 640K,   0% used [0x00000000ff200000, 0x00000000ff200000, 0x00000000ff2a0000)
 concurrent mark-sweep generation total 13696K, used 2228K [0x00000000ff2a0000, 0x0000000100000000, 0x0000000100000000)
 Metaspace       used 5073K, capacity 5258K, committed 5504K, reserved 1056768K
  class space    used 557K, capacity 597K, committed 640K, reserved 1048576K
}
{Heap before GC invocations=1006 (full 123):
 par new generation   total 6144K, used 5229K [0x00000000fec00000, 0x00000000ff2a0000, 0x00000000ff2a0000)
  eden space 5504K,  95% used [0x00000000fec00000, 0x00000000ff11b798, 0x00000000ff160000)
  from space 640K,   0% used [0x00000000ff160000, 0x00000000ff160000, 0x00000000ff200000)
  to   space 640K,   0% used [0x00000000ff200000, 0x00000000ff200000, 0x00000000ff2a0000)
 concurrent mark-sweep generation total 13696K, used 2228K [0x00000000ff2a0000, 0x0000000100000000, 0x0000000100000000)
 Metaspace       used 5073K, capacity 5258K, committed 5504K, reserved 1056768K
  class space    used 557K, capacity 597K, committed 640K, reserved 1048576K
2024-07-16T18:26:20.962+0800: 7.766: [GC (Allocation Failure) 2024-07-16T18:26:20.962+0800: 7.766: [ParNew: 5229K->10K(6144K), 0.0004749 secs] 7458K->4289K(19840K), 0.0005383 secs] [Times: user=0.00 sys=0.00, real=0.00 secs] 
Heap after GC invocations=1007 (full 123):
 par new generation   total 6144K, used 10K [0x00000000fec00000, 0x00000000ff2a0000, 0x00000000ff2a0000)
  eden space 5504K,   0% used [0x00000000fec00000, 0x00000000fec00000, 0x00000000ff160000)
  from space 640K,   1% used [0x00000000ff200000, 0x00000000ff202850, 0x00000000ff2a0000)
  to   space 640K,   0% used [0x00000000ff160000, 0x00000000ff160000, 0x00000000ff200000)
 concurrent mark-sweep generation total 13696K, used 4278K [0x00000000ff2a0000, 0x0000000100000000, 0x0000000100000000)
 Metaspace       used 5073K, capacity 5258K, committed 5504K, reserved 1056768K
  class space    used 557K, capacity 597K, committed 640K, reserved 1048576K
}
{Heap before GC invocations=1007 (full 123):
 par new generation   total 6144K, used 5239K [0x00000000fec00000, 0x00000000ff2a0000, 0x00000000ff2a0000)
  eden space 5504K,  95% used [0x00000000fec00000, 0x00000000ff11b798, 0x00000000ff160000)
  from space 640K,   1% used [0x00000000ff200000, 0x00000000ff202850, 0x00000000ff2a0000)
  to   space 640K,   0% used [0x00000000ff160000, 0x00000000ff160000, 0x00000000ff200000)
 concurrent mark-sweep generation total 13696K, used 4278K [0x00000000ff2a0000, 0x0000000100000000, 0x0000000100000000)
 Metaspace       used 5073K, capacity 5258K, committed 5504K, reserved 1056768K
  class space    used 557K, capacity 597K, committed 640K, reserved 1048576K
2024-07-16T18:26:20.969+0800: 7.773: [GC (Allocation Failure) 2024-07-16T18:26:20.969+0800: 7.773: [ParNew: 5239K->4K(6144K), 0.0003845 secs] 9518K->4282K(19840K), 0.0004287 secs] [Times: user=0.00 sys=0.00, real=0.00 secs] 
Heap after GC invocations=1008 (full 123):
 par new generation   total 6144K, used 4K [0x00000000fec00000, 0x00000000ff2a0000, 0x00000000ff2a0000)
  eden space 5504K,   0% used [0x00000000fec00000, 0x00000000fec00000, 0x00000000ff160000)
  from space 640K,   0% used [0x00000000ff160000, 0x00000000ff161020, 0x00000000ff200000)
  to   space 640K,   0% used [0x00000000ff200000, 0x00000000ff200000, 0x00000000ff2a0000)
 concurrent mark-sweep generation total 13696K, used 4278K [0x00000000ff2a0000, 0x0000000100000000, 0x0000000100000000)
 Metaspace       used 5073K, capacity 5258K, committed 5504K, reserved 1056768K
  class space    used 557K, capacity 597K, committed 640K, reserved 1048576K
}
{Heap before GC invocations=1008 (full 123):
 par new generation   total 6144K, used 5233K [0x00000000fec00000, 0x00000000ff2a0000, 0x00000000ff2a0000)
  eden space 5504K,  95% used [0x00000000fec00000, 0x00000000ff11b798, 0x00000000ff160000)
  from space 640K,   0% used [0x00000000ff160000, 0x00000000ff161020, 0x00000000ff200000)
  to   space 640K,   0% used [0x00000000ff200000, 0x00000000ff200000, 0x00000000ff2a0000)
 concurrent mark-sweep generation total 13696K, used 4278K [0x00000000ff2a0000, 0x0000000100000000, 0x0000000100000000)
 Metaspace       used 5073K, capacity 5258K, committed 5504K, reserved 1056768K
  class space    used 557K, capacity 597K, committed 640K, reserved 1048576K
2024-07-16T18:26:20.975+0800: 7.779: [GC (Allocation Failure) 2024-07-16T18:26:20.975+0800: 7.779: [ParNew: 5233K->4K(6144K), 0.0004225 secs] 9512K->5309K(19840K), 0.0004692 secs] [Times: user=0.00 sys=0.00, real=0.00 secs] 
Heap after GC invocations=1009 (full 123):
 par new generation   total 6144K, used 4K [0x00000000fec00000, 0x00000000ff2a0000, 0x00000000ff2a0000)
  eden space 5504K,   0% used [0x00000000fec00000, 0x00000000fec00000, 0x00000000ff160000)
  from space 640K,   0% used [0x00000000ff200000, 0x00000000ff201020, 0x00000000ff2a0000)
  to   space 640K,   0% used [0x00000000ff160000, 0x00000000ff160000, 0x00000000ff200000)
 concurrent mark-sweep generation total 13696K, used 5305K [0x00000000ff2a0000, 0x0000000100000000, 0x0000000100000000)
 Metaspace       used 5073K, capacity 5258K, committed 5504K, reserved 1056768K
  class space    used 557K, capacity 597K, committed 640K, reserved 1048576K
}
{Heap before GC invocations=1009 (full 123):
 par new generation   total 6144K, used 5233K [0x00000000fec00000, 0x00000000ff2a0000, 0x00000000ff2a0000)
  eden space 5504K,  95% used [0x00000000fec00000, 0x00000000ff11b798, 0x00000000ff160000)
  from space 640K,   0% used [0x00000000ff200000, 0x00000000ff201020, 0x00000000ff2a0000)
  to   space 640K,   0% used [0x00000000ff160000, 0x00000000ff160000, 0x00000000ff200000)
 concurrent mark-sweep generation total 13696K, used 5305K [0x00000000ff2a0000, 0x0000000100000000, 0x0000000100000000)
 Metaspace       used 5073K, capacity 5258K, committed 5504K, reserved 1056768K
  class space    used 557K, capacity 597K, committed 640K, reserved 1048576K
2024-07-16T18:26:20.981+0800: 7.785: [GC (Allocation Failure) 2024-07-16T18:26:20.981+0800: 7.785: [ParNew: 5233K->6K(6144K), 0.0004929 secs] 10538K->6337K(19840K), 0.0005710 secs] [Times: user=0.00 sys=0.00, real=0.00 secs] 
Heap after GC invocations=1010 (full 123):
 par new generation   total 6144K, used 6K [0x00000000fec00000, 0x00000000ff2a0000, 0x00000000ff2a0000)
  eden space 5504K,   0% used [0x00000000fec00000, 0x00000000fec00000, 0x00000000ff160000)
  from space 640K,   0% used [0x00000000ff160000, 0x00000000ff161830, 0x00000000ff200000)
  to   space 640K,   0% used [0x00000000ff200000, 0x00000000ff200000, 0x00000000ff2a0000)
 concurrent mark-sweep generation total 13696K, used 6331K [0x00000000ff2a0000, 0x0000000100000000, 0x0000000100000000)
 Metaspace       used 5073K, capacity 5258K, committed 5504K, reserved 1056768K
  class space    used 557K, capacity 597K, committed 640K, reserved 1048576K
}
{Heap before GC invocations=1010 (full 123):
 par new generation   total 6144K, used 5235K [0x00000000fec00000, 0x00000000ff2a0000, 0x00000000ff2a0000)
  eden space 5504K,  95% used [0x00000000fec00000, 0x00000000ff11b798, 0x00000000ff160000)
  from space 640K,   0% used [0x00000000ff160000, 0x00000000ff161830, 0x00000000ff200000)
  to   space 640K,   0% used [0x00000000ff200000, 0x00000000ff200000, 0x00000000ff2a0000)
 concurrent mark-sweep generation total 13696K, used 6331K [0x00000000ff2a0000, 0x0000000100000000, 0x0000000100000000)
 Metaspace       used 5073K, capacity 5258K, committed 5504K, reserved 1056768K
  class space    used 557K, capacity 597K, committed 640K, reserved 1048576K
2024-07-16T18:26:20.988+0800: 7.792: [GC (Allocation Failure) 2024-07-16T18:26:20.988+0800: 7.792: [ParNew: 5235K->4K(6144K), 0.0004115 secs] 11567K->7359K(19840K), 0.0004709 secs] [Times: user=0.00 sys=0.00, real=0.00 secs] 
Heap after GC invocations=1011 (full 123):
 par new generation   total 6144K, used 4K [0x00000000fec00000, 0x00000000ff2a0000, 0x00000000ff2a0000)
  eden space 5504K,   0% used [0x00000000fec00000, 0x00000000fec00000, 0x00000000ff160000)
  from space 640K,   0% used [0x00000000ff200000, 0x00000000ff201020, 0x00000000ff2a0000)
  to   space 640K,   0% used [0x00000000ff160000, 0x00000000ff160000, 0x00000000ff200000)
 concurrent mark-sweep generation total 13696K, used 7355K [0x00000000ff2a0000, 0x0000000100000000, 0x0000000100000000)
 Metaspace       used 5073K, capacity 5258K, committed 5504K, reserved 1056768K
  class space    used 557K, capacity 597K, committed 640K, reserved 1048576K
}
2024-07-16T18:26:20.988+0800: 7.793: [GC (CMS Initial Mark) [1 CMS-initial-mark: 7355K(13696K)] 8383K(19840K), 0.0001285 secs] [Times: user=0.00 sys=0.00, real=0.00 secs] 
2024-07-16T18:26:20.988+0800: 7.793: [CMS-concurrent-mark-start]
2024-07-16T18:26:20.990+0800: 7.794: [CMS-concurrent-mark: 0.001/0.001 secs] [Times: user=0.00 sys=0.00, real=0.00 secs] 
2024-07-16T18:26:20.990+0800: 7.794: [CMS-concurrent-preclean-start]
2024-07-16T18:26:20.990+0800: 7.794: [CMS-concurrent-preclean: 0.000/0.000 secs] [Times: user=0.00 sys=0.00, real=0.00 secs] 
2024-07-16T18:26:20.990+0800: 7.794: [CMS-concurrent-abortable-preclean-start]
{Heap before GC invocations=1011 (full 124):
 par new generation   total 6144K, used 5233K [0x00000000fec00000, 0x00000000ff2a0000, 0x00000000ff2a0000)
  eden space 5504K,  95% used [0x00000000fec00000, 0x00000000ff11b798, 0x00000000ff160000)
  from space 640K,   0% used [0x00000000ff200000, 0x00000000ff201020, 0x00000000ff2a0000)
  to   space 640K,   0% used [0x00000000ff160000, 0x00000000ff160000, 0x00000000ff200000)
 concurrent mark-sweep generation total 13696K, used 7355K [0x00000000ff2a0000, 0x0000000100000000, 0x0000000100000000)
 Metaspace       used 5073K, capacity 5258K, committed 5504K, reserved 1056768K
  class space    used 557K, capacity 597K, committed 640K, reserved 1048576K
2024-07-16T18:26:20.997+0800: 7.801: [GC (Allocation Failure) 2024-07-16T18:26:20.997+0800: 7.801: [ParNew: 5233K->4K(6144K), 0.0003424 secs] 12589K->7359K(19840K), 0.0004077 secs] [Times: user=0.00 sys=0.00, real=0.00 secs] 
Heap after GC invocations=1012 (full 124):
 par new generation   total 6144K, used 4K [0x00000000fec00000, 0x00000000ff2a0000, 0x00000000ff2a0000)
  eden space 5504K,   0% used [0x00000000fec00000, 0x00000000fec00000, 0x00000000ff160000)
  from space 640K,   0% used [0x00000000ff160000, 0x00000000ff161020, 0x00000000ff200000)
  to   space 640K,   0% used [0x00000000ff200000, 0x00000000ff200000, 0x00000000ff2a0000)
 concurrent mark-sweep generation total 13696K, used 7355K [0x00000000ff2a0000, 0x0000000100000000, 0x0000000100000000)
 Metaspace       used 5073K, capacity 5258K, committed 5504K, reserved 1056768K
  class space    used 557K, capacity 597K, committed 640K, reserved 1048576K
}
{Heap before GC invocations=1012 (full 124):
 par new generation   total 6144K, used 5233K [0x00000000fec00000, 0x00000000ff2a0000, 0x00000000ff2a0000)
  eden space 5504K,  95% used [0x00000000fec00000, 0x00000000ff11b798, 0x00000000ff160000)
  from space 640K,   0% used [0x00000000ff160000, 0x00000000ff161020, 0x00000000ff200000)
  to   space 640K,   0% used [0x00000000ff200000, 0x00000000ff200000, 0x00000000ff2a0000)
 concurrent mark-sweep generation total 13696K, used 7355K [0x00000000ff2a0000, 0x0000000100000000, 0x0000000100000000)
 Metaspace       used 5073K, capacity 5258K, committed 5504K, reserved 1056768K
  class space    used 557K, capacity 597K, committed 640K, reserved 1048576K
2024-07-16T18:26:21.005+0800: 7.809: [GC (Allocation Failure) 2024-07-16T18:26:21.005+0800: 7.809: [ParNew: 5233K->4K(6144K), 0.0004564 secs] 12589K->7359K(19840K), 0.0005237 secs] [Times: user=0.00 sys=0.00, real=0.00 secs] 
Heap after GC invocations=1013 (full 124):
 par new generation   total 6144K, used 4K [0x00000000fec00000, 0x00000000ff2a0000, 0x00000000ff2a0000)
  eden space 5504K,   0% used [0x00000000fec00000, 0x00000000fec00000, 0x00000000ff160000)
  from space 640K,   0% used [0x00000000ff200000, 0x00000000ff201020, 0x00000000ff2a0000)
  to   space 640K,   0% used [0x00000000ff160000, 0x00000000ff160000, 0x00000000ff200000)
 concurrent mark-sweep generation total 13696K, used 7355K [0x00000000ff2a0000, 0x0000000100000000, 0x0000000100000000)
 Metaspace       used 5073K, capacity 5258K, committed 5504K, reserved 1056768K
  class space    used 557K, capacity 597K, committed 640K, reserved 1048576K
}
{Heap before GC invocations=1013 (full 124):
 par new generation   total 6144K, used 5233K [0x00000000fec00000, 0x00000000ff2a0000, 0x00000000ff2a0000)
  eden space 5504K,  95% used [0x00000000fec00000, 0x00000000ff11b798, 0x00000000ff160000)
  from space 640K,   0% used [0x00000000ff200000, 0x00000000ff201020, 0x00000000ff2a0000)
  to   space 640K,   0% used [0x00000000ff160000, 0x00000000ff160000, 0x00000000ff200000)
 concurrent mark-sweep generation total 13696K, used 7355K [0x00000000ff2a0000, 0x0000000100000000, 0x0000000100000000)
 Metaspace       used 5073K, capacity 5258K, committed 5504K, reserved 1056768K
  class space    used 557K, capacity 597K, committed 640K, reserved 1048576K
2024-07-16T18:26:21.014+0800: 7.818: [GC (Allocation Failure) 2024-07-16T18:26:21.014+0800: 7.818: [ParNew: 5233K->4K(6144K), 0.0002878 secs] 12589K->7359K(19840K), 0.0003298 secs] [Times: user=0.00 sys=0.00, real=0.00 secs] 
Heap after GC invocations=1014 (full 124):
 par new generation   total 6144K, used 4K [0x00000000fec00000, 0x00000000ff2a0000, 0x00000000ff2a0000)
  eden space 5504K,   0% used [0x00000000fec00000, 0x00000000fec00000, 0x00000000ff160000)
  from space 640K,   0% used [0x00000000ff160000, 0x00000000ff161020, 0x00000000ff200000)
  to   space 640K,   0% used [0x00000000ff200000, 0x00000000ff200000, 0x00000000ff2a0000)
 concurrent mark-sweep generation total 13696K, used 7355K [0x00000000ff2a0000, 0x0000000100000000, 0x0000000100000000)
 Metaspace       used 5073K, capacity 5258K, committed 5504K, reserved 1056768K
  class space    used 557K, capacity 597K, committed 640K, reserved 1048576K
}
{Heap before GC invocations=1014 (full 124):
 par new generation   total 6144K, used 5233K [0x00000000fec00000, 0x00000000ff2a0000, 0x00000000ff2a0000)
  eden space 5504K,  95% used [0x00000000fec00000, 0x00000000ff11b798, 0x00000000ff160000)
  from space 640K,   0% used [0x00000000ff160000, 0x00000000ff161020, 0x00000000ff200000)
  to   space 640K,   0% used [0x00000000ff200000, 0x00000000ff200000, 0x00000000ff2a0000)
 concurrent mark-sweep generation total 13696K, used 7355K [0x00000000ff2a0000, 0x0000000100000000, 0x0000000100000000)
 Metaspace       used 5073K, capacity 5258K, committed 5504K, reserved 1056768K
  class space    used 557K, capacity 597K, committed 640K, reserved 1048576K
2024-07-16T18:26:21.019+0800: 7.823: [GC (Allocation Failure) 2024-07-16T18:26:21.019+0800: 7.823: [ParNew: 5233K->10K(6144K), 0.0004101 secs] 12589K->8389K(19840K), 0.0004699 secs] [Times: user=0.00 sys=0.00, real=0.00 secs] 
Heap after GC invocations=1015 (full 124):
 par new generation   total 6144K, used 10K [0x00000000fec00000, 0x00000000ff2a0000, 0x00000000ff2a0000)
  eden space 5504K,   0% used [0x00000000fec00000, 0x00000000fec00000, 0x00000000ff160000)
  from space 640K,   1% used [0x00000000ff200000, 0x00000000ff202850, 0x00000000ff2a0000)
  to   space 640K,   0% used [0x00000000ff160000, 0x00000000ff160000, 0x00000000ff200000)
 concurrent mark-sweep generation total 13696K, used 8379K [0x00000000ff2a0000, 0x0000000100000000, 0x0000000100000000)
 Metaspace       used 5073K, capacity 5258K, committed 5504K, reserved 1056768K
  class space    used 557K, capacity 597K, committed 640K, reserved 1048576K
}
{Heap before GC invocations=1015 (full 124):
 par new generation   total 6144K, used 5239K [0x00000000fec00000, 0x00000000ff2a0000, 0x00000000ff2a0000)
  eden space 5504K,  95% used [0x00000000fec00000, 0x00000000ff11b798, 0x00000000ff160000)
  from space 640K,   1% used [0x00000000ff200000, 0x00000000ff202850, 0x00000000ff2a0000)
  to   space 640K,   0% used [0x00000000ff160000, 0x00000000ff160000, 0x00000000ff200000)
 concurrent mark-sweep generation total 13696K, used 8379K [0x00000000ff2a0000, 0x0000000100000000, 0x0000000100000000)
 Metaspace       used 5073K, capacity 5258K, committed 5504K, reserved 1056768K
  class space    used 557K, capacity 597K, committed 640K, reserved 1048576K
2024-07-16T18:26:21.026+0800: 7.830: [GC (Allocation Failure) 2024-07-16T18:26:21.026+0800: 7.830: [ParNew: 5239K->8K(6144K), 0.0005434 secs] 13619K->10435K(19840K), 0.0006088 secs] [Times: user=0.00 sys=0.00, real=0.00 secs] 
Heap after GC invocations=1016 (full 124):
 par new generation   total 6144K, used 8K [0x00000000fec00000, 0x00000000ff2a0000, 0x00000000ff2a0000)
  eden space 5504K,   0% used [0x00000000fec00000, 0x00000000fec00000, 0x00000000ff160000)
  from space 640K,   1% used [0x00000000ff160000, 0x00000000ff162040, 0x00000000ff200000)
  to   space 640K,   0% used [0x00000000ff200000, 0x00000000ff200000, 0x00000000ff2a0000)
 concurrent mark-sweep generation total 13696K, used 10427K [0x00000000ff2a0000, 0x0000000100000000, 0x0000000100000000)
 Metaspace       used 5073K, capacity 5258K, committed 5504K, reserved 1056768K
  class space    used 557K, capacity 597K, committed 640K, reserved 1048576K
}
{Heap before GC invocations=1016 (full 124):
 par new generation   total 6144K, used 5237K [0x00000000fec00000, 0x00000000ff2a0000, 0x00000000ff2a0000)
  eden space 5504K,  95% used [0x00000000fec00000, 0x00000000ff11b798, 0x00000000ff160000)
  from space 640K,   1% used [0x00000000ff160000, 0x00000000ff162040, 0x00000000ff200000)
  to   space 640K,   0% used [0x00000000ff200000, 0x00000000ff200000, 0x00000000ff2a0000)
 concurrent mark-sweep generation total 13696K, used 10427K [0x00000000ff2a0000, 0x0000000100000000, 0x0000000100000000)
 Metaspace       used 5073K, capacity 5258K, committed 5504K, reserved 1056768K
  class space    used 557K, capacity 597K, committed 640K, reserved 1048576K
2024-07-16T18:26:21.034+0800: 7.838: [GC (Allocation Failure) 2024-07-16T18:26:21.034+0800: 7.838: [ParNew: 5237K->4K(6144K), 0.0002771 secs] 15665K->10431K(19840K), 0.0003267 secs] [Times: user=0.00 sys=0.00, real=0.00 secs] 
Heap after GC invocations=1017 (full 124):
 par new generation   total 6144K, used 4K [0x00000000fec00000, 0x00000000ff2a0000, 0x00000000ff2a0000)
  eden space 5504K,   0% used [0x00000000fec00000, 0x00000000fec00000, 0x00000000ff160000)
  from space 640K,   0% used [0x00000000ff200000, 0x00000000ff201020, 0x00000000ff2a0000)
  to   space 640K,   0% used [0x00000000ff160000, 0x00000000ff160000, 0x00000000ff200000)
 concurrent mark-sweep generation total 13696K, used 10427K [0x00000000ff2a0000, 0x0000000100000000, 0x0000000100000000)
 Metaspace       used 5073K, capacity 5258K, committed 5504K, reserved 1056768K
  class space    used 557K, capacity 597K, committed 640K, reserved 1048576K
}
{Heap before GC invocations=1017 (full 124):
 par new generation   total 6144K, used 5233K [0x00000000fec00000, 0x00000000ff2a0000, 0x00000000ff2a0000)
  eden space 5504K,  95% used [0x00000000fec00000, 0x00000000ff11b798, 0x00000000ff160000)
  from space 640K,   0% used [0x00000000ff200000, 0x00000000ff201020, 0x00000000ff2a0000)
  to   space 640K,   0% used [0x00000000ff160000, 0x00000000ff160000, 0x00000000ff200000)
 concurrent mark-sweep generation total 13696K, used 10427K [0x00000000ff2a0000, 0x0000000100000000, 0x0000000100000000)
 Metaspace       used 5073K, capacity 5258K, committed 5504K, reserved 1056768K
  class space    used 557K, capacity 597K, committed 640K, reserved 1048576K
2024-07-16T18:26:21.042+0800: 7.846: [GC (Allocation Failure) 2024-07-16T18:26:21.042+0800: 7.846: [ParNew: 5233K->2K(6144K), 0.0003845 secs] 15661K->10429K(19840K), 0.0004372 secs] [Times: user=0.00 sys=0.00, real=0.00 secs] 
Heap after GC invocations=1018 (full 124):
 par new generation   total 6144K, used 2K [0x00000000fec00000, 0x00000000ff2a0000, 0x00000000ff2a0000)
  eden space 5504K,   0% used [0x00000000fec00000, 0x00000000fec00000, 0x00000000ff160000)
  from space 640K,   0% used [0x00000000ff160000, 0x00000000ff160810, 0x00000000ff200000)
  to   space 640K,   0% used [0x00000000ff200000, 0x00000000ff200000, 0x00000000ff2a0000)
 concurrent mark-sweep generation total 13696K, used 10427K [0x00000000ff2a0000, 0x0000000100000000, 0x0000000100000000)
 Metaspace       used 5073K, capacity 5258K, committed 5504K, reserved 1056768K
  class space    used 557K, capacity 597K, committed 640K, reserved 1048576K
}
{Heap before GC invocations=1018 (full 124):
 par new generation   total 6144K, used 5231K [0x00000000fec00000, 0x00000000ff2a0000, 0x00000000ff2a0000)
  eden space 5504K,  95% used [0x00000000fec00000, 0x00000000ff11b798, 0x00000000ff160000)
  from space 640K,   0% used [0x00000000ff160000, 0x00000000ff160810, 0x00000000ff200000)
  to   space 640K,   0% used [0x00000000ff200000, 0x00000000ff200000, 0x00000000ff2a0000)
 concurrent mark-sweep generation total 13696K, used 10427K [0x00000000ff2a0000, 0x0000000100000000, 0x0000000100000000)
 Metaspace       used 5073K, capacity 5258K, committed 5504K, reserved 1056768K
  class space    used 557K, capacity 597K, committed 640K, reserved 1048576K
2024-07-16T18:26:21.049+0800: 7.853: [GC (Allocation Failure) 2024-07-16T18:26:21.049+0800: 7.853: [ParNew: 5231K->8K(6144K), 0.0004043 secs] 15659K->11461K(19840K), 0.0004561 secs] [Times: user=0.00 sys=0.00, real=0.00 secs] 
Heap after GC invocations=1019 (full 124):
 par new generation   total 6144K, used 8K [0x00000000fec00000, 0x00000000ff2a0000, 0x00000000ff2a0000)
  eden space 5504K,   0% used [0x00000000fec00000, 0x00000000fec00000, 0x00000000ff160000)
  from space 640K,   1% used [0x00000000ff200000, 0x00000000ff202040, 0x00000000ff2a0000)
  to   space 640K,   0% used [0x00000000ff160000, 0x00000000ff160000, 0x00000000ff200000)
 concurrent mark-sweep generation total 13696K, used 11453K [0x00000000ff2a0000, 0x0000000100000000, 0x0000000100000000)
 Metaspace       used 5073K, capacity 5258K, committed 5504K, reserved 1056768K
  class space    used 557K, capacity 597K, committed 640K, reserved 1048576K
}
{Heap before GC invocations=1019 (full 124):
 par new generation   total 6144K, used 5237K [0x00000000fec00000, 0x00000000ff2a0000, 0x00000000ff2a0000)
  eden space 5504K,  95% used [0x00000000fec00000, 0x00000000ff11b798, 0x00000000ff160000)
  from space 640K,   1% used [0x00000000ff200000, 0x00000000ff202040, 0x00000000ff2a0000)
  to   space 640K,   0% used [0x00000000ff160000, 0x00000000ff160000, 0x00000000ff200000)
 concurrent mark-sweep generation total 13696K, used 11453K [0x00000000ff2a0000, 0x0000000100000000, 0x0000000100000000)
 Metaspace       used 5073K, capacity 5258K, committed 5504K, reserved 1056768K
  class space    used 557K, capacity 597K, committed 640K, reserved 1048576K
2024-07-16T18:26:21.055+0800: 7.859: [GC (Allocation Failure) 2024-07-16T18:26:21.055+0800: 7.859: [ParNew: 5237K->8K(6144K), 0.0004324 secs] 16691K->12485K(19840K), 0.0004872 secs] [Times: user=0.00 sys=0.00, real=0.00 secs] 
Heap after GC invocations=1020 (full 124):
 par new generation   total 6144K, used 8K [0x00000000fec00000, 0x00000000ff2a0000, 0x00000000ff2a0000)
  eden space 5504K,   0% used [0x00000000fec00000, 0x00000000fec00000, 0x00000000ff160000)
  from space 640K,   1% used [0x00000000ff160000, 0x00000000ff162040, 0x00000000ff200000)
  to   space 640K,   0% used [0x00000000ff200000, 0x00000000ff200000, 0x00000000ff2a0000)
 concurrent mark-sweep generation total 13696K, used 12477K [0x00000000ff2a0000, 0x0000000100000000, 0x0000000100000000)
 Metaspace       used 5073K, capacity 5258K, committed 5504K, reserved 1056768K
  class space    used 557K, capacity 597K, committed 640K, reserved 1048576K
}
{Heap before GC invocations=1020 (full 124):
 par new generation   total 6144K, used 5237K [0x00000000fec00000, 0x00000000ff2a0000, 0x00000000ff2a0000)
  eden space 5504K,  95% used [0x00000000fec00000, 0x00000000ff11b798, 0x00000000ff160000)
  from space 640K,   1% used [0x00000000ff160000, 0x00000000ff162040, 0x00000000ff200000)
  to   space 640K,   0% used [0x00000000ff200000, 0x00000000ff200000, 0x00000000ff2a0000)
 concurrent mark-sweep generation total 13696K, used 12477K [0x00000000ff2a0000, 0x0000000100000000, 0x0000000100000000)
 Metaspace       used 5073K, capacity 5258K, committed 5504K, reserved 1056768K
  class space    used 557K, capacity 597K, committed 640K, reserved 1048576K
2024-07-16T18:26:21.064+0800: 7.868: [GC (Allocation Failure) 2024-07-16T18:26:21.064+0800: 7.868: [ParNew: 5237K->5237K(6144K), 0.0000125 secs]2024-07-16T18:26:21.064+0800: 7.868: [CMS2024-07-16T18:26:21.064+0800: 7.868: [CMS-concurrent-abortable-preclean: 0.001/0.074 secs] [Times: user=0.00 sys=0.00, real=0.07 secs] 
 (concurrent mode failure): 12477K->1204K(13696K), 0.0024977 secs] 17715K->1204K(19840K), [Metaspace: 5073K->5073K(1056768K)], 0.0025776 secs] [Times: user=0.01 sys=0.00, real=0.00 secs] 
Heap after GC invocations=1021 (full 125):
 par new generation   total 6144K, used 0K [0x00000000fec00000, 0x00000000ff2a0000, 0x00000000ff2a0000)
  eden space 5504K,   0% used [0x00000000fec00000, 0x00000000fec00000, 0x00000000ff160000)
  from space 640K,   0% used [0x00000000ff160000, 0x00000000ff160000, 0x00000000ff200000)
  to   space 640K,   0% used [0x00000000ff200000, 0x00000000ff200000, 0x00000000ff2a0000)
 concurrent mark-sweep generation total 13696K, used 1204K [0x00000000ff2a0000, 0x0000000100000000, 0x0000000100000000)
 Metaspace       used 5073K, capacity 5258K, committed 5504K, reserved 1056768K
  class space    used 557K, capacity 597K, committed 640K, reserved 1048576K
}
{Heap before GC invocations=1021 (full 125):
 par new generation   total 6144K, used 5229K [0x00000000fec00000, 0x00000000ff2a0000, 0x00000000ff2a0000)
  eden space 5504K,  95% used [0x00000000fec00000, 0x00000000ff11b798, 0x00000000ff160000)
  from space 640K,   0% used [0x00000000ff160000, 0x00000000ff160000, 0x00000000ff200000)
  to   space 640K,   0% used [0x00000000ff200000, 0x00000000ff200000, 0x00000000ff2a0000)
 concurrent mark-sweep generation total 13696K, used 1204K [0x00000000ff2a0000, 0x0000000100000000, 0x0000000100000000)
 Metaspace       used 5073K, capacity 5258K, committed 5504K, reserved 1056768K
  class space    used 557K, capacity 597K, committed 640K, reserved 1048576K
2024-07-16T18:26:21.075+0800: 7.879: [GC (Allocation Failure) 2024-07-16T18:26:21.075+0800: 7.879: [ParNew: 5229K->4K(6144K), 0.0002646 secs] 6434K->1208K(19840K), 0.0003061 secs] [Times: user=0.00 sys=0.00, real=0.00 secs] 
Heap after GC invocations=1022 (full 125):
 par new generation   total 6144K, used 4K [0x00000000fec00000, 0x00000000ff2a0000, 0x00000000ff2a0000)
  eden space 5504K,   0% used [0x00000000fec00000, 0x00000000fec00000, 0x00000000ff160000)
  from space 640K,   0% used [0x00000000ff200000, 0x00000000ff201020, 0x00000000ff2a0000)
  to   space 640K,   0% used [0x00000000ff160000, 0x00000000ff160000, 0x00000000ff200000)
 concurrent mark-sweep generation total 13696K, used 1204K [0x00000000ff2a0000, 0x0000000100000000, 0x0000000100000000)
 Metaspace       used 5073K, capacity 5258K, committed 5504K, reserved 1056768K
  class space    used 557K, capacity 597K, committed 640K, reserved 1048576K
}
{Heap before GC invocations=1022 (full 125):
 par new generation   total 6144K, used 5233K [0x00000000fec00000, 0x00000000ff2a0000, 0x00000000ff2a0000)
  eden space 5504K,  95% used [0x00000000fec00000, 0x00000000ff11b798, 0x00000000ff160000)
  from space 640K,   0% used [0x00000000ff200000, 0x00000000ff201020, 0x00000000ff2a0000)
  to   space 640K,   0% used [0x00000000ff160000, 0x00000000ff160000, 0x00000000ff200000)
 concurrent mark-sweep generation total 13696K, used 1204K [0x00000000ff2a0000, 0x0000000100000000, 0x0000000100000000)
 Metaspace       used 5073K, capacity 5258K, committed 5504K, reserved 1056768K
  class space    used 557K, capacity 597K, committed 640K, reserved 1048576K
2024-07-16T18:26:21.082+0800: 7.886: [GC (Allocation Failure) 2024-07-16T18:26:21.082+0800: 7.886: [ParNew: 5233K->4K(6144K), 0.0003040 secs] 6438K->1208K(19840K), 0.0003442 secs] [Times: user=0.00 sys=0.00, real=0.00 secs] 
Heap after GC invocations=1023 (full 125):
 par new generation   total 6144K, used 4K [0x00000000fec00000, 0x00000000ff2a0000, 0x00000000ff2a0000)
  eden space 5504K,   0% used [0x00000000fec00000, 0x00000000fec00000, 0x00000000ff160000)
  from space 640K,   0% used [0x00000000ff160000, 0x00000000ff161020, 0x00000000ff200000)
  to   space 640K,   0% used [0x00000000ff200000, 0x00000000ff200000, 0x00000000ff2a0000)
 concurrent mark-sweep generation total 13696K, used 1204K [0x00000000ff2a0000, 0x0000000100000000, 0x0000000100000000)
 Metaspace       used 5073K, capacity 5258K, committed 5504K, reserved 1056768K
  class space    used 557K, capacity 597K, committed 640K, reserved 1048576K
}
{Heap before GC invocations=1023 (full 125):
 par new generation   total 6144K, used 5233K [0x00000000fec00000, 0x00000000ff2a0000, 0x00000000ff2a0000)
  eden space 5504K,  95% used [0x00000000fec00000, 0x00000000ff11b7a0, 0x00000000ff160000)
  from space 640K,   0% used [0x00000000ff160000, 0x00000000ff161020, 0x00000000ff200000)
  to   space 640K,   0% used [0x00000000ff200000, 0x00000000ff200000, 0x00000000ff2a0000)
 concurrent mark-sweep generation total 13696K, used 1204K [0x00000000ff2a0000, 0x0000000100000000, 0x0000000100000000)
 Metaspace       used 5073K, capacity 5258K, committed 5504K, reserved 1056768K
  class space    used 557K, capacity 597K, committed 640K, reserved 1048576K
2024-07-16T18:26:21.088+0800: 7.892: [GC (Allocation Failure) 2024-07-16T18:26:21.088+0800: 7.892: [ParNew: 5233K->4K(6144K), 0.0002971 secs] 6438K->1208K(19840K), 0.0003519 secs] [Times: user=0.00 sys=0.00, real=0.00 secs] 
Heap after GC invocations=1024 (full 125):
 par new generation   total 6144K, used 4K [0x00000000fec00000, 0x00000000ff2a0000, 0x00000000ff2a0000)
  eden space 5504K,   0% used [0x00000000fec00000, 0x00000000fec00000, 0x00000000ff160000)
  from space 640K,   0% used [0x00000000ff200000, 0x00000000ff201020, 0x00000000ff2a0000)
  to   space 640K,   0% used [0x00000000ff160000, 0x00000000ff160000, 0x00000000ff200000)
 concurrent mark-sweep generation total 13696K, used 1204K [0x00000000ff2a0000, 0x0000000100000000, 0x0000000100000000)
 Metaspace       used 5073K, capacity 5258K, committed 5504K, reserved 1056768K
  class space    used 557K, capacity 597K, committed 640K, reserved 1048576K
}
{Heap before GC invocations=1024 (full 125):
 par new generation   total 6144K, used 5233K [0x00000000fec00000, 0x00000000ff2a0000, 0x00000000ff2a0000)
  eden space 5504K,  95% used [0x00000000fec00000, 0x00000000ff11b7a0, 0x00000000ff160000)
  from space 640K,   0% used [0x00000000ff200000, 0x00000000ff201020, 0x00000000ff2a0000)
  to   space 640K,   0% used [0x00000000ff160000, 0x00000000ff160000, 0x00000000ff200000)
 concurrent mark-sweep generation total 13696K, used 1204K [0x00000000ff2a0000, 0x0000000100000000, 0x0000000100000000)
 Metaspace       used 5073K, capacity 5258K, committed 5504K, reserved 1056768K
  class space    used 557K, capacity 597K, committed 640K, reserved 1048576K
2024-07-16T18:26:21.095+0800: 7.899: [GC (Allocation Failure) 2024-07-16T18:26:21.095+0800: 7.899: [ParNew: 5233K->8K(6144K), 0.0004904 secs] 6438K->2238K(19840K), 0.0005433 secs] [Times: user=0.00 sys=0.00, real=0.00 secs] 
Heap after GC invocations=1025 (full 125):
 par new generation   total 6144K, used 8K [0x00000000fec00000, 0x00000000ff2a0000, 0x00000000ff2a0000)
  eden space 5504K,   0% used [0x00000000fec00000, 0x00000000fec00000, 0x00000000ff160000)
  from space 640K,   1% used [0x00000000ff160000, 0x00000000ff162040, 0x00000000ff200000)
  to   space 640K,   0% used [0x00000000ff200000, 0x00000000ff200000, 0x00000000ff2a0000)
 concurrent mark-sweep generation total 13696K, used 2230K [0x00000000ff2a0000, 0x0000000100000000, 0x0000000100000000)
 Metaspace       used 5073K, capacity 5258K, committed 5504K, reserved 1056768K
  class space    used 557K, capacity 597K, committed 640K, reserved 1048576K
}
{Heap before GC invocations=1025 (full 125):
 par new generation   total 6144K, used 5237K [0x00000000fec00000, 0x00000000ff2a0000, 0x00000000ff2a0000)
  eden space 5504K,  95% used [0x00000000fec00000, 0x00000000ff11b7a0, 0x00000000ff160000)
  from space 640K,   1% used [0x00000000ff160000, 0x00000000ff162040, 0x00000000ff200000)
  to   space 640K,   0% used [0x00000000ff200000, 0x00000000ff200000, 0x00000000ff2a0000)
 concurrent mark-sweep generation total 13696K, used 2230K [0x00000000ff2a0000, 0x0000000100000000, 0x0000000100000000)
 Metaspace       used 5073K, capacity 5258K, committed 5504K, reserved 1056768K
  class space    used 557K, capacity 597K, committed 640K, reserved 1048576K
2024-07-16T18:26:21.102+0800: 7.906: [GC (Allocation Failure) 2024-07-16T18:26:21.102+0800: 7.906: [ParNew: 5237K->2K(6144K), 0.0003398 secs] 7468K->2232K(19840K), 0.0003867 secs] [Times: user=0.00 sys=0.00, real=0.00 secs] 
Heap after GC invocations=1026 (full 125):
 par new generation   total 6144K, used 2K [0x00000000fec00000, 0x00000000ff2a0000, 0x00000000ff2a0000)
  eden space 5504K,   0% used [0x00000000fec00000, 0x00000000fec00000, 0x00000000ff160000)
  from space 640K,   0% used [0x00000000ff200000, 0x00000000ff200810, 0x00000000ff2a0000)
  to   space 640K,   0% used [0x00000000ff160000, 0x00000000ff160000, 0x00000000ff200000)
 concurrent mark-sweep generation total 13696K, used 2230K [0x00000000ff2a0000, 0x0000000100000000, 0x0000000100000000)
 Metaspace       used 5073K, capacity 5258K, committed 5504K, reserved 1056768K
  class space    used 557K, capacity 597K, committed 640K, reserved 1048576K
}
{Heap before GC invocations=1026 (full 125):
 par new generation   total 6144K, used 5231K [0x00000000fec00000, 0x00000000ff2a0000, 0x00000000ff2a0000)
  eden space 5504K,  95% used [0x00000000fec00000, 0x00000000ff11b7a0, 0x00000000ff160000)
  from space 640K,   0% used [0x00000000ff200000, 0x00000000ff200810, 0x00000000ff2a0000)
  to   space 640K,   0% used [0x00000000ff160000, 0x00000000ff160000, 0x00000000ff200000)
 concurrent mark-sweep generation total 13696K, used 2230K [0x00000000ff2a0000, 0x0000000100000000, 0x0000000100000000)
 Metaspace       used 5073K, capacity 5258K, committed 5504K, reserved 1056768K
  class space    used 557K, capacity 597K, committed 640K, reserved 1048576K
2024-07-16T18:26:21.109+0800: 7.913: [GC (Allocation Failure) 2024-07-16T18:26:21.109+0800: 7.913: [ParNew: 5231K->4K(6144K), 0.0003331 secs] 7462K->2234K(19840K), 0.0003824 secs] [Times: user=0.00 sys=0.00, real=0.00 secs] 
Heap after GC invocations=1027 (full 125):
 par new generation   total 6144K, used 4K [0x00000000fec00000, 0x00000000ff2a0000, 0x00000000ff2a0000)
  eden space 5504K,   0% used [0x00000000fec00000, 0x00000000fec00000, 0x00000000ff160000)
  from space 640K,   0% used [0x00000000ff160000, 0x00000000ff161020, 0x00000000ff200000)
  to   space 640K,   0% used [0x00000000ff200000, 0x00000000ff200000, 0x00000000ff2a0000)
 concurrent mark-sweep generation total 13696K, used 2230K [0x00000000ff2a0000, 0x0000000100000000, 0x0000000100000000)
 Metaspace       used 5073K, capacity 5258K, committed 5504K, reserved 1056768K
  class space    used 557K, capacity 597K, committed 640K, reserved 1048576K
}
{Heap before GC invocations=1027 (full 125):
 par new generation   total 6144K, used 5233K [0x00000000fec00000, 0x00000000ff2a0000, 0x00000000ff2a0000)
  eden space 5504K,  95% used [0x00000000fec00000, 0x00000000ff11b798, 0x00000000ff160000)
  from space 640K,   0% used [0x00000000ff160000, 0x00000000ff161020, 0x00000000ff200000)
  to   space 640K,   0% used [0x00000000ff200000, 0x00000000ff200000, 0x00000000ff2a0000)
 concurrent mark-sweep generation total 13696K, used 2230K [0x00000000ff2a0000, 0x0000000100000000, 0x0000000100000000)
 Metaspace       used 5073K, capacity 5258K, committed 5504K, reserved 1056768K
  class space    used 557K, capacity 597K, committed 640K, reserved 1048576K
2024-07-16T18:26:21.116+0800: 7.920: [GC (Allocation Failure) 2024-07-16T18:26:21.116+0800: 7.920: [ParNew: 5233K->10K(6144K), 0.0003828 secs] 7464K->3266K(19840K), 0.0004323 secs] [Times: user=0.00 sys=0.00, real=0.00 secs] 
Heap after GC invocations=1028 (full 125):
 par new generation   total 6144K, used 10K [0x00000000fec00000, 0x00000000ff2a0000, 0x00000000ff2a0000)
  eden space 5504K,   0% used [0x00000000fec00000, 0x00000000fec00000, 0x00000000ff160000)
  from space 640K,   1% used [0x00000000ff200000, 0x00000000ff202850, 0x00000000ff2a0000)
  to   space 640K,   0% used [0x00000000ff160000, 0x00000000ff160000, 0x00000000ff200000)
 concurrent mark-sweep generation total 13696K, used 3256K [0x00000000ff2a0000, 0x0000000100000000, 0x0000000100000000)
 Metaspace       used 5073K, capacity 5258K, committed 5504K, reserved 1056768K
  class space    used 557K, capacity 597K, committed 640K, reserved 1048576K
}
{Heap before GC invocations=1028 (full 125):
 par new generation   total 6144K, used 5239K [0x00000000fec00000, 0x00000000ff2a0000, 0x00000000ff2a0000)
  eden space 5504K,  95% used [0x00000000fec00000, 0x00000000ff11b798, 0x00000000ff160000)
  from space 640K,   1% used [0x00000000ff200000, 0x00000000ff202850, 0x00000000ff2a0000)
  to   space 640K,   0% used [0x00000000ff160000, 0x00000000ff160000, 0x00000000ff200000)
 concurrent mark-sweep generation total 13696K, used 3256K [0x00000000ff2a0000, 0x0000000100000000, 0x0000000100000000)
 Metaspace       used 5073K, capacity 5258K, committed 5504K, reserved 1056768K
  class space    used 557K, capacity 597K, committed 640K, reserved 1048576K
2024-07-16T18:26:21.122+0800: 7.926: [GC (Allocation Failure) 2024-07-16T18:26:21.122+0800: 7.926: [ParNew: 5239K->6K(6144K), 0.0004284 secs] 8496K->4288K(19840K), 0.0004935 secs] [Times: user=0.00 sys=0.00, real=0.00 secs] 
Heap after GC invocations=1029 (full 125):
 par new generation   total 6144K, used 6K [0x00000000fec00000, 0x00000000ff2a0000, 0x00000000ff2a0000)
  eden space 5504K,   0% used [0x00000000fec00000, 0x00000000fec00000, 0x00000000ff160000)
  from space 640K,   0% used [0x00000000ff160000, 0x00000000ff161830, 0x00000000ff200000)
  to   space 640K,   0% used [0x00000000ff200000, 0x00000000ff200000, 0x00000000ff2a0000)
 concurrent mark-sweep generation total 13696K, used 4282K [0x00000000ff2a0000, 0x0000000100000000, 0x0000000100000000)
 Metaspace       used 5073K, capacity 5258K, committed 5504K, reserved 1056768K
  class space    used 557K, capacity 597K, committed 640K, reserved 1048576K
}
{Heap before GC invocations=1029 (full 125):
 par new generation   total 6144K, used 5235K [0x00000000fec00000, 0x00000000ff2a0000, 0x00000000ff2a0000)
  eden space 5504K,  95% used [0x00000000fec00000, 0x00000000ff11b798, 0x00000000ff160000)
  from space 640K,   0% used [0x00000000ff160000, 0x00000000ff161830, 0x00000000ff200000)
  to   space 640K,   0% used [0x00000000ff200000, 0x00000000ff200000, 0x00000000ff2a0000)
 concurrent mark-sweep generation total 13696K, used 4282K [0x00000000ff2a0000, 0x0000000100000000, 0x0000000100000000)
 Metaspace       used 5073K, capacity 5258K, committed 5504K, reserved 1056768K
  class space    used 557K, capacity 597K, committed 640K, reserved 1048576K
2024-07-16T18:26:21.128+0800: 7.931: [GC (Allocation Failure) 2024-07-16T18:26:21.128+0800: 7.932: [ParNew: 5235K->8K(6144K), 0.0004624 secs] 9518K->5317K(19840K), 0.0005154 secs] [Times: user=0.00 sys=0.00, real=0.00 secs] 
Heap after GC invocations=1030 (full 125):
 par new generation   total 6144K, used 8K [0x00000000fec00000, 0x00000000ff2a0000, 0x00000000ff2a0000)
  eden space 5504K,   0% used [0x00000000fec00000, 0x00000000fec00000, 0x00000000ff160000)
  from space 640K,   1% used [0x00000000ff200000, 0x00000000ff202040, 0x00000000ff2a0000)
  to   space 640K,   0% used [0x00000000ff160000, 0x00000000ff160000, 0x00000000ff200000)
 concurrent mark-sweep generation total 13696K, used 5309K [0x00000000ff2a0000, 0x0000000100000000, 0x0000000100000000)
 Metaspace       used 5073K, capacity 5258K, committed 5504K, reserved 1056768K
  class space    used 557K, capacity 597K, committed 640K, reserved 1048576K
}
{Heap before GC invocations=1030 (full 125):
 par new generation   total 6144K, used 5237K [0x00000000fec00000, 0x00000000ff2a0000, 0x00000000ff2a0000)
  eden space 5504K,  95% used [0x00000000fec00000, 0x00000000ff11b798, 0x00000000ff160000)
  from space 640K,   1% used [0x00000000ff200000, 0x00000000ff202040, 0x00000000ff2a0000)
  to   space 640K,   0% used [0x00000000ff160000, 0x00000000ff160000, 0x00000000ff200000)
 concurrent mark-sweep generation total 13696K, used 5309K [0x00000000ff2a0000, 0x0000000100000000, 0x0000000100000000)
 Metaspace       used 5073K, capacity 5258K, committed 5504K, reserved 1056768K
  class space    used 557K, capacity 597K, committed 640K, reserved 1048576K
2024-07-16T18:26:21.136+0800: 7.939: [GC (Allocation Failure) 2024-07-16T18:26:21.136+0800: 7.940: [ParNew: 5237K->4K(6144K), 0.0002516 secs] 10546K->5313K(19840K), 0.0002906 secs] [Times: user=0.00 sys=0.00, real=0.00 secs] 
Heap after GC invocations=1031 (full 125):
 par new generation   total 6144K, used 4K [0x00000000fec00000, 0x00000000ff2a0000, 0x00000000ff2a0000)
  eden space 5504K,   0% used [0x00000000fec00000, 0x00000000fec00000, 0x00000000ff160000)
  from space 640K,   0% used [0x00000000ff160000, 0x00000000ff161020, 0x00000000ff200000)
  to   space 640K,   0% used [0x00000000ff200000, 0x00000000ff200000, 0x00000000ff2a0000)
 concurrent mark-sweep generation total 13696K, used 5309K [0x00000000ff2a0000, 0x0000000100000000, 0x0000000100000000)
 Metaspace       used 5073K, capacity 5258K, committed 5504K, reserved 1056768K
  class space    used 557K, capacity 597K, committed 640K, reserved 1048576K
}
{Heap before GC invocations=1031 (full 125):
 par new generation   total 6144K, used 5233K [0x00000000fec00000, 0x00000000ff2a0000, 0x00000000ff2a0000)
  eden space 5504K,  95% used [0x00000000fec00000, 0x00000000ff11b798, 0x00000000ff160000)
  from space 640K,   0% used [0x00000000ff160000, 0x00000000ff161020, 0x00000000ff200000)
  to   space 640K,   0% used [0x00000000ff200000, 0x00000000ff200000, 0x00000000ff2a0000)
 concurrent mark-sweep generation total 13696K, used 5309K [0x00000000ff2a0000, 0x0000000100000000, 0x0000000100000000)
 Metaspace       used 5073K, capacity 5258K, committed 5504K, reserved 1056768K
  class space    used 557K, capacity 597K, committed 640K, reserved 1048576K
2024-07-16T18:26:21.142+0800: 7.946: [GC (Allocation Failure) 2024-07-16T18:26:21.142+0800: 7.946: [ParNew: 5233K->8K(6144K), 0.0005005 secs] 10542K->6341K(19840K), 0.0005973 secs] [Times: user=0.00 sys=0.00, real=0.00 secs] 
Heap after GC invocations=1032 (full 125):
 par new generation   total 6144K, used 8K [0x00000000fec00000, 0x00000000ff2a0000, 0x00000000ff2a0000)
  eden space 5504K,   0% used [0x00000000fec00000, 0x00000000fec00000, 0x00000000ff160000)
  from space 640K,   1% used [0x00000000ff200000, 0x00000000ff202040, 0x00000000ff2a0000)
  to   space 640K,   0% used [0x00000000ff160000, 0x00000000ff160000, 0x00000000ff200000)
 concurrent mark-sweep generation total 13696K, used 6333K [0x00000000ff2a0000, 0x0000000100000000, 0x0000000100000000)
 Metaspace       used 5073K, capacity 5258K, committed 5504K, reserved 1056768K
  class space    used 557K, capacity 597K, committed 640K, reserved 1048576K
}
{Heap before GC invocations=1032 (full 125):
 par new generation   total 6144K, used 5237K [0x00000000fec00000, 0x00000000ff2a0000, 0x00000000ff2a0000)
  eden space 5504K,  95% used [0x00000000fec00000, 0x00000000ff11b798, 0x00000000ff160000)
  from space 640K,   1% used [0x00000000ff200000, 0x00000000ff202040, 0x00000000ff2a0000)
  to   space 640K,   0% used [0x00000000ff160000, 0x00000000ff160000, 0x00000000ff200000)
 concurrent mark-sweep generation total 13696K, used 6333K [0x00000000ff2a0000, 0x0000000100000000, 0x0000000100000000)
 Metaspace       used 5073K, capacity 5258K, committed 5504K, reserved 1056768K
  class space    used 557K, capacity 597K, committed 640K, reserved 1048576K
2024-07-16T18:26:21.149+0800: 7.952: [GC (Allocation Failure) 2024-07-16T18:26:21.149+0800: 7.953: [ParNew: 5237K->4K(6144K), 0.0002578 secs] 11570K->6337K(19840K), 0.0002952 secs] [Times: user=0.00 sys=0.00, real=0.00 secs] 
Heap after GC invocations=1033 (full 125):
 par new generation   total 6144K, used 4K [0x00000000fec00000, 0x00000000ff2a0000, 0x00000000ff2a0000)
  eden space 5504K,   0% used [0x00000000fec00000, 0x00000000fec00000, 0x00000000ff160000)
  from space 640K,   0% used [0x00000000ff160000, 0x00000000ff161020, 0x00000000ff200000)
  to   space 640K,   0% used [0x00000000ff200000, 0x00000000ff200000, 0x00000000ff2a0000)
 concurrent mark-sweep generation total 13696K, used 6333K [0x00000000ff2a0000, 0x0000000100000000, 0x0000000100000000)
 Metaspace       used 5073K, capacity 5258K, committed 5504K, reserved 1056768K
  class space    used 557K, capacity 597K, committed 640K, reserved 1048576K
}
{Heap before GC invocations=1033 (full 125):
 par new generation   total 6144K, used 5233K [0x00000000fec00000, 0x00000000ff2a0000, 0x00000000ff2a0000)
  eden space 5504K,  95% used [0x00000000fec00000, 0x00000000ff11b798, 0x00000000ff160000)
  from space 640K,   0% used [0x00000000ff160000, 0x00000000ff161020, 0x00000000ff200000)
  to   space 640K,   0% used [0x00000000ff200000, 0x00000000ff200000, 0x00000000ff2a0000)
 concurrent mark-sweep generation total 13696K, used 6333K [0x00000000ff2a0000, 0x0000000100000000, 0x0000000100000000)
 Metaspace       used 5073K, capacity 5258K, committed 5504K, reserved 1056768K
  class space    used 557K, capacity 597K, committed 640K, reserved 1048576K
2024-07-16T18:26:21.157+0800: 7.961: [GC (Allocation Failure) 2024-07-16T18:26:21.157+0800: 7.961: [ParNew: 5233K->4K(6144K), 0.0004088 secs] 11566K->6337K(19840K), 0.0004963 secs] [Times: user=0.00 sys=0.00, real=0.00 secs] 
Heap after GC invocations=1034 (full 125):
 par new generation   total 6144K, used 4K [0x00000000fec00000, 0x00000000ff2a0000, 0x00000000ff2a0000)
  eden space 5504K,   0% used [0x00000000fec00000, 0x00000000fec00000, 0x00000000ff160000)
  from space 640K,   0% used [0x00000000ff200000, 0x00000000ff201020, 0x00000000ff2a0000)
  to   space 640K,   0% used [0x00000000ff160000, 0x00000000ff160000, 0x00000000ff200000)
 concurrent mark-sweep generation total 13696K, used 6333K [0x00000000ff2a0000, 0x0000000100000000, 0x0000000100000000)
 Metaspace       used 5073K, capacity 5258K, committed 5504K, reserved 1056768K
  class space    used 557K, capacity 597K, committed 640K, reserved 1048576K
}
{Heap before GC invocations=1034 (full 125):
 par new generation   total 6144K, used 5233K [0x00000000fec00000, 0x00000000ff2a0000, 0x00000000ff2a0000)
  eden space 5504K,  95% used [0x00000000fec00000, 0x00000000ff11b798, 0x00000000ff160000)
  from space 640K,   0% used [0x00000000ff200000, 0x00000000ff201020, 0x00000000ff2a0000)
  to   space 640K,   0% used [0x00000000ff160000, 0x00000000ff160000, 0x00000000ff200000)
 concurrent mark-sweep generation total 13696K, used 6333K [0x00000000ff2a0000, 0x0000000100000000, 0x0000000100000000)
 Metaspace       used 5073K, capacity 5258K, committed 5504K, reserved 1056768K
  class space    used 557K, capacity 597K, committed 640K, reserved 1048576K
2024-07-16T18:26:21.165+0800: 7.969: [GC (Allocation Failure) 2024-07-16T18:26:21.165+0800: 7.969: [ParNew: 5233K->4K(6144K), 0.0007812 secs] 11566K->6337K(19840K), 0.0008841 secs] [Times: user=0.00 sys=0.00, real=0.00 secs] 
Heap after GC invocations=1035 (full 125):
 par new generation   total 6144K, used 4K [0x00000000fec00000, 0x00000000ff2a0000, 0x00000000ff2a0000)
  eden space 5504K,   0% used [0x00000000fec00000, 0x00000000fec00000, 0x00000000ff160000)
  from space 640K,   0% used [0x00000000ff160000, 0x00000000ff161020, 0x00000000ff200000)
  to   space 640K,   0% used [0x00000000ff200000, 0x00000000ff200000, 0x00000000ff2a0000)
 concurrent mark-sweep generation total 13696K, used 6333K [0x00000000ff2a0000, 0x0000000100000000, 0x0000000100000000)
 Metaspace       used 5073K, capacity 5258K, committed 5504K, reserved 1056768K
  class space    used 557K, capacity 597K, committed 640K, reserved 1048576K
}
{Heap before GC invocations=1035 (full 125):
 par new generation   total 6144K, used 5233K [0x00000000fec00000, 0x00000000ff2a0000, 0x00000000ff2a0000)
  eden space 5504K,  95% used [0x00000000fec00000, 0x00000000ff11b798, 0x00000000ff160000)
  from space 640K,   0% used [0x00000000ff160000, 0x00000000ff161020, 0x00000000ff200000)
  to   space 640K,   0% used [0x00000000ff200000, 0x00000000ff200000, 0x00000000ff2a0000)
 concurrent mark-sweep generation total 13696K, used 6333K [0x00000000ff2a0000, 0x0000000100000000, 0x0000000100000000)
 Metaspace       used 5073K, capacity 5258K, committed 5504K, reserved 1056768K
  class space    used 557K, capacity 597K, committed 640K, reserved 1048576K
2024-07-16T18:26:21.174+0800: 7.978: [GC (Allocation Failure) 2024-07-16T18:26:21.174+0800: 7.978: [ParNew: 5233K->10K(6144K), 0.0006319 secs] 11566K->7369K(19840K), 0.0007128 secs] [Times: user=0.00 sys=0.00, real=0.00 secs] 
Heap after GC invocations=1036 (full 125):
 par new generation   total 6144K, used 10K [0x00000000fec00000, 0x00000000ff2a0000, 0x00000000ff2a0000)
  eden space 5504K,   0% used [0x00000000fec00000, 0x00000000fec00000, 0x00000000ff160000)
  from space 640K,   1% used [0x00000000ff200000, 0x00000000ff202850, 0x00000000ff2a0000)
  to   space 640K,   0% used [0x00000000ff160000, 0x00000000ff160000, 0x00000000ff200000)
 concurrent mark-sweep generation total 13696K, used 7359K [0x00000000ff2a0000, 0x0000000100000000, 0x0000000100000000)
 Metaspace       used 5073K, capacity 5258K, committed 5504K, reserved 1056768K
  class space    used 557K, capacity 597K, committed 640K, reserved 1048576K
}
{Heap before GC invocations=1036 (full 125):
 par new generation   total 6144K, used 5239K [0x00000000fec00000, 0x00000000ff2a0000, 0x00000000ff2a0000)
  eden space 5504K,  95% used [0x00000000fec00000, 0x00000000ff11b798, 0x00000000ff160000)
  from space 640K,   1% used [0x00000000ff200000, 0x00000000ff202850, 0x00000000ff2a0000)
  to   space 640K,   0% used [0x00000000ff160000, 0x00000000ff160000, 0x00000000ff200000)
 concurrent mark-sweep generation total 13696K, used 7359K [0x00000000ff2a0000, 0x0000000100000000, 0x0000000100000000)
 Metaspace       used 5073K, capacity 5258K, committed 5504K, reserved 1056768K
  class space    used 557K, capacity 597K, committed 640K, reserved 1048576K
2024-07-16T18:26:21.182+0800: 7.986: [GC (Allocation Failure) 2024-07-16T18:26:21.182+0800: 7.986: [ParNew: 5239K->10K(6144K), 0.0007490 secs] 12599K->8393K(19840K), 0.0008437 secs] [Times: user=0.00 sys=0.00, real=0.00 secs] 
Heap after GC invocations=1037 (full 125):
 par new generation   total 6144K, used 10K [0x00000000fec00000, 0x00000000ff2a0000, 0x00000000ff2a0000)
  eden space 5504K,   0% used [0x00000000fec00000, 0x00000000fec00000, 0x00000000ff160000)
  from space 640K,   1% used [0x00000000ff160000, 0x00000000ff162850, 0x00000000ff200000)
  to   space 640K,   0% used [0x00000000ff200000, 0x00000000ff200000, 0x00000000ff2a0000)
 concurrent mark-sweep generation total 13696K, used 8383K [0x00000000ff2a0000, 0x0000000100000000, 0x0000000100000000)
 Metaspace       used 5073K, capacity 5258K, committed 5504K, reserved 1056768K
  class space    used 557K, capacity 597K, committed 640K, reserved 1048576K
}
2024-07-16T18:26:21.183+0800: 7.987: [GC (CMS Initial Mark) [1 CMS-initial-mark: 8383K(13696K)] 9419K(19840K), 0.0002909 secs] [Times: user=0.00 sys=0.00, real=0.00 secs] 
2024-07-16T18:26:21.183+0800: 7.987: [CMS-concurrent-mark-start]
2024-07-16T18:26:21.186+0800: 7.990: [CMS-concurrent-mark: 0.003/0.003 secs] [Times: user=0.00 sys=0.00, real=0.00 secs] 
2024-07-16T18:26:21.186+0800: 7.990: [CMS-concurrent-preclean-start]
2024-07-16T18:26:21.186+0800: 7.990: [CMS-concurrent-preclean: 0.000/0.000 secs] [Times: user=0.00 sys=0.00, real=0.00 secs] 
2024-07-16T18:26:21.186+0800: 7.990: [CMS-concurrent-abortable-preclean-start]
{Heap before GC invocations=1037 (full 126):
 par new generation   total 6144K, used 5239K [0x00000000fec00000, 0x00000000ff2a0000, 0x00000000ff2a0000)
  eden space 5504K,  95% used [0x00000000fec00000, 0x00000000ff11b798, 0x00000000ff160000)
  from space 640K,   1% used [0x00000000ff160000, 0x00000000ff162850, 0x00000000ff200000)
  to   space 640K,   0% used [0x00000000ff200000, 0x00000000ff200000, 0x00000000ff2a0000)
 concurrent mark-sweep generation total 13696K, used 8383K [0x00000000ff2a0000, 0x0000000100000000, 0x0000000100000000)
 Metaspace       used 5073K, capacity 5258K, committed 5504K, reserved 1056768K
  class space    used 557K, capacity 597K, committed 640K, reserved 1048576K
2024-07-16T18:26:21.192+0800: 7.996: [GC (Allocation Failure) 2024-07-16T18:26:21.192+0800: 7.996: [ParNew: 5239K->4K(6144K), 0.0002774 secs] 13623K->8387K(19840K), 0.0003218 secs] [Times: user=0.00 sys=0.00, real=0.00 secs] 
Heap after GC invocations=1038 (full 126):
 par new generation   total 6144K, used 4K [0x00000000fec00000, 0x00000000ff2a0000, 0x00000000ff2a0000)
  eden space 5504K,   0% used [0x00000000fec00000, 0x00000000fec00000, 0x00000000ff160000)
  from space 640K,   0% used [0x00000000ff200000, 0x00000000ff201020, 0x00000000ff2a0000)
  to   space 640K,   0% used [0x00000000ff160000, 0x00000000ff160000, 0x00000000ff200000)
 concurrent mark-sweep generation total 13696K, used 8383K [0x00000000ff2a0000, 0x0000000100000000, 0x0000000100000000)
 Metaspace       used 5073K, capacity 5258K, committed 5504K, reserved 1056768K
  class space    used 557K, capacity 597K, committed 640K, reserved 1048576K
}
{Heap before GC invocations=1038 (full 126):
 par new generation   total 6144K, used 5233K [0x00000000fec00000, 0x00000000ff2a0000, 0x00000000ff2a0000)
  eden space 5504K,  95% used [0x00000000fec00000, 0x00000000ff11b798, 0x00000000ff160000)
  from space 640K,   0% used [0x00000000ff200000, 0x00000000ff201020, 0x00000000ff2a0000)
  to   space 640K,   0% used [0x00000000ff160000, 0x00000000ff160000, 0x00000000ff200000)
 concurrent mark-sweep generation total 13696K, used 8383K [0x00000000ff2a0000, 0x0000000100000000, 0x0000000100000000)
 Metaspace       used 5073K, capacity 5258K, committed 5504K, reserved 1056768K
  class space    used 557K, capacity 597K, committed 640K, reserved 1048576K
2024-07-16T18:26:21.199+0800: 8.003: [GC (Allocation Failure) 2024-07-16T18:26:21.199+0800: 8.003: [ParNew: 5233K->10K(6144K), 0.0004056 secs] 13617K->9419K(19840K), 0.0004598 secs] [Times: user=0.00 sys=0.00, real=0.00 secs] 
Heap after GC invocations=1039 (full 126):
 par new generation   total 6144K, used 10K [0x00000000fec00000, 0x00000000ff2a0000, 0x00000000ff2a0000)
  eden space 5504K,   0% used [0x00000000fec00000, 0x00000000fec00000, 0x00000000ff160000)
  from space 640K,   1% used [0x00000000ff160000, 0x00000000ff162850, 0x00000000ff200000)
  to   space 640K,   0% used [0x00000000ff200000, 0x00000000ff200000, 0x00000000ff2a0000)
 concurrent mark-sweep generation total 13696K, used 9409K [0x00000000ff2a0000, 0x0000000100000000, 0x0000000100000000)
 Metaspace       used 5073K, capacity 5258K, committed 5504K, reserved 1056768K
  class space    used 557K, capacity 597K, committed 640K, reserved 1048576K
}
{Heap before GC invocations=1039 (full 126):
 par new generation   total 6144K, used 5239K [0x00000000fec00000, 0x00000000ff2a0000, 0x00000000ff2a0000)
  eden space 5504K,  95% used [0x00000000fec00000, 0x00000000ff11b798, 0x00000000ff160000)
  from space 640K,   1% used [0x00000000ff160000, 0x00000000ff162850, 0x00000000ff200000)
  to   space 640K,   0% used [0x00000000ff200000, 0x00000000ff200000, 0x00000000ff2a0000)
 concurrent mark-sweep generation total 13696K, used 9409K [0x00000000ff2a0000, 0x0000000100000000, 0x0000000100000000)
 Metaspace       used 5073K, capacity 5258K, committed 5504K, reserved 1056768K
  class space    used 557K, capacity 597K, committed 640K, reserved 1048576K
2024-07-16T18:26:21.207+0800: 8.011: [GC (Allocation Failure) 2024-07-16T18:26:21.207+0800: 8.011: [ParNew: 5239K->10K(6144K), 0.0006360 secs] 14649K->10443K(19840K), 0.0006982 secs] [Times: user=0.00 sys=0.00, real=0.00 secs] 
Heap after GC invocations=1040 (full 126):
 par new generation   total 6144K, used 10K [0x00000000fec00000, 0x00000000ff2a0000, 0x00000000ff2a0000)
  eden space 5504K,   0% used [0x00000000fec00000, 0x00000000fec00000, 0x00000000ff160000)
  from space 640K,   1% used [0x00000000ff200000, 0x00000000ff202850, 0x00000000ff2a0000)
  to   space 640K,   0% used [0x00000000ff160000, 0x00000000ff160000, 0x00000000ff200000)
 concurrent mark-sweep generation total 13696K, used 10433K [0x00000000ff2a0000, 0x0000000100000000, 0x0000000100000000)
 Metaspace       used 5073K, capacity 5258K, committed 5504K, reserved 1056768K
  class space    used 557K, capacity 597K, committed 640K, reserved 1048576K
}
{Heap before GC invocations=1040 (full 126):
 par new generation   total 6144K, used 5239K [0x00000000fec00000, 0x00000000ff2a0000, 0x00000000ff2a0000)
  eden space 5504K,  95% used [0x00000000fec00000, 0x00000000ff11b798, 0x00000000ff160000)
  from space 640K,   1% used [0x00000000ff200000, 0x00000000ff202850, 0x00000000ff2a0000)
  to   space 640K,   0% used [0x00000000ff160000, 0x00000000ff160000, 0x00000000ff200000)
 concurrent mark-sweep generation total 13696K, used 10433K [0x00000000ff2a0000, 0x0000000100000000, 0x0000000100000000)
 Metaspace       used 5073K, capacity 5258K, committed 5504K, reserved 1056768K
  class space    used 557K, capacity 597K, committed 640K, reserved 1048576K
2024-07-16T18:26:21.214+0800: 8.018: [GC (Allocation Failure) 2024-07-16T18:26:21.214+0800: 8.018: [ParNew: 5239K->8K(6144K), 0.0006854 secs] 15673K->11465K(19840K), 0.0007743 secs] [Times: user=0.00 sys=0.00, real=0.00 secs] 
Heap after GC invocations=1041 (full 126):
 par new generation   total 6144K, used 8K [0x00000000fec00000, 0x00000000ff2a0000, 0x00000000ff2a0000)
  eden space 5504K,   0% used [0x00000000fec00000, 0x00000000fec00000, 0x00000000ff160000)
  from space 640K,   1% used [0x00000000ff160000, 0x00000000ff162040, 0x00000000ff200000)
  to   space 640K,   0% used [0x00000000ff200000, 0x00000000ff200000, 0x00000000ff2a0000)
 concurrent mark-sweep generation total 13696K, used 11457K [0x00000000ff2a0000, 0x0000000100000000, 0x0000000100000000)
 Metaspace       used 5073K, capacity 5258K, committed 5504K, reserved 1056768K
  class space    used 557K, capacity 597K, committed 640K, reserved 1048576K
}
{Heap before GC invocations=1041 (full 126):
 par new generation   total 6144K, used 5237K [0x00000000fec00000, 0x00000000ff2a0000, 0x00000000ff2a0000)
  eden space 5504K,  95% used [0x00000000fec00000, 0x00000000ff11b798, 0x00000000ff160000)
  from space 640K,   1% used [0x00000000ff160000, 0x00000000ff162040, 0x00000000ff200000)
  to   space 640K,   0% used [0x00000000ff200000, 0x00000000ff200000, 0x00000000ff2a0000)
 concurrent mark-sweep generation total 13696K, used 11457K [0x00000000ff2a0000, 0x0000000100000000, 0x0000000100000000)
 Metaspace       used 5073K, capacity 5258K, committed 5504K, reserved 1056768K
  class space    used 557K, capacity 597K, committed 640K, reserved 1048576K
2024-07-16T18:26:21.223+0800: 8.027: [GC (Allocation Failure) 2024-07-16T18:26:21.223+0800: 8.027: [ParNew: 5237K->6K(6144K), 0.0004888 secs] 16695K->12487K(19840K), 0.0005484 secs] [Times: user=0.00 sys=0.00, real=0.00 secs] 
Heap after GC invocations=1042 (full 126):
 par new generation   total 6144K, used 6K [0x00000000fec00000, 0x00000000ff2a0000, 0x00000000ff2a0000)
  eden space 5504K,   0% used [0x00000000fec00000, 0x00000000fec00000, 0x00000000ff160000)
  from space 640K,   0% used [0x00000000ff200000, 0x00000000ff201830, 0x00000000ff2a0000)
  to   space 640K,   0% used [0x00000000ff160000, 0x00000000ff160000, 0x00000000ff200000)
 concurrent mark-sweep generation total 13696K, used 12481K [0x00000000ff2a0000, 0x0000000100000000, 0x0000000100000000)
 Metaspace       used 5073K, capacity 5258K, committed 5504K, reserved 1056768K
  class space    used 557K, capacity 597K, committed 640K, reserved 1048576K
}
{Heap before GC invocations=1042 (full 126):
 par new generation   total 6144K, used 5235K [0x00000000fec00000, 0x00000000ff2a0000, 0x00000000ff2a0000)
  eden space 5504K,  95% used [0x00000000fec00000, 0x00000000ff11b798, 0x00000000ff160000)
  from space 640K,   0% used [0x00000000ff200000, 0x00000000ff201830, 0x00000000ff2a0000)
  to   space 640K,   0% used [0x00000000ff160000, 0x00000000ff160000, 0x00000000ff200000)
 concurrent mark-sweep generation total 13696K, used 12481K [0x00000000ff2a0000, 0x0000000100000000, 0x0000000100000000)
 Metaspace       used 5073K, capacity 5258K, committed 5504K, reserved 1056768K
  class space    used 557K, capacity 597K, committed 640K, reserved 1048576K
2024-07-16T18:26:21.231+0800: 8.035: [GC (Allocation Failure) 2024-07-16T18:26:21.231+0800: 8.035: [ParNew: 5235K->5235K(6144K), 0.0000147 secs]2024-07-16T18:26:21.231+0800: 8.035: [CMS2024-07-16T18:26:21.231+0800: 8.035: [CMS-concurrent-abortable-preclean: 0.000/0.045 secs] [Times: user=0.00 sys=0.00, real=0.04 secs] 
 (concurrent mode failure): 12481K->2228K(13696K), 0.0027713 secs] 17717K->2228K(19840K), [Metaspace: 5073K->5073K(1056768K)], 0.0028607 secs] [Times: user=0.00 sys=0.00, real=0.00 secs] 
Heap after GC invocations=1043 (full 127):
 par new generation   total 6144K, used 0K [0x00000000fec00000, 0x00000000ff2a0000, 0x00000000ff2a0000)
  eden space 5504K,   0% used [0x00000000fec00000, 0x00000000fec00000, 0x00000000ff160000)
  from space 640K,   0% used [0x00000000ff200000, 0x00000000ff200000, 0x00000000ff2a0000)
  to   space 640K,   0% used [0x00000000ff160000, 0x00000000ff160000, 0x00000000ff200000)
 concurrent mark-sweep generation total 13696K, used 2228K [0x00000000ff2a0000, 0x0000000100000000, 0x0000000100000000)
 Metaspace       used 5073K, capacity 5258K, committed 5504K, reserved 1056768K
  class space    used 557K, capacity 597K, committed 640K, reserved 1048576K
}
{Heap before GC invocations=1043 (full 127):
 par new generation   total 6144K, used 5229K [0x00000000fec00000, 0x00000000ff2a0000, 0x00000000ff2a0000)
  eden space 5504K,  95% used [0x00000000fec00000, 0x00000000ff11b798, 0x00000000ff160000)
  from space 640K,   0% used [0x00000000ff200000, 0x00000000ff200000, 0x00000000ff2a0000)
  to   space 640K,   0% used [0x00000000ff160000, 0x00000000ff160000, 0x00000000ff200000)
 concurrent mark-sweep generation total 13696K, used 2228K [0x00000000ff2a0000, 0x0000000100000000, 0x0000000100000000)
 Metaspace       used 5073K, capacity 5258K, committed 5504K, reserved 1056768K
  class space    used 557K, capacity 597K, committed 640K, reserved 1048576K
2024-07-16T18:26:21.241+0800: 8.045: [GC (Allocation Failure) 2024-07-16T18:26:21.241+0800: 8.045: [ParNew: 5229K->4K(6144K), 0.0003335 secs] 7458K->2232K(19840K), 0.0003909 secs] [Times: user=0.00 sys=0.00, real=0.00 secs] 
Heap after GC invocations=1044 (full 127):
 par new generation   total 6144K, used 4K [0x00000000fec00000, 0x00000000ff2a0000, 0x00000000ff2a0000)
  eden space 5504K,   0% used [0x00000000fec00000, 0x00000000fec00000, 0x00000000ff160000)
  from space 640K,   0% used [0x00000000ff160000, 0x00000000ff161020, 0x00000000ff200000)
  to   space 640K,   0% used [0x00000000ff200000, 0x00000000ff200000, 0x00000000ff2a0000)
 concurrent mark-sweep generation total 13696K, used 2228K [0x00000000ff2a0000, 0x0000000100000000, 0x0000000100000000)
 Metaspace       used 5073K, capacity 5258K, committed 5504K, reserved 1056768K
  class space    used 557K, capacity 597K, committed 640K, reserved 1048576K
}
{Heap before GC invocations=1044 (full 127):
 par new generation   total 6144K, used 5233K [0x00000000fec00000, 0x00000000ff2a0000, 0x00000000ff2a0000)
  eden space 5504K,  95% used [0x00000000fec00000, 0x00000000ff11b798, 0x00000000ff160000)
  from space 640K,   0% used [0x00000000ff160000, 0x00000000ff161020, 0x00000000ff200000)
  to   space 640K,   0% used [0x00000000ff200000, 0x00000000ff200000, 0x00000000ff2a0000)
 concurrent mark-sweep generation total 13696K, used 2228K [0x00000000ff2a0000, 0x0000000100000000, 0x0000000100000000)
 Metaspace       used 5073K, capacity 5258K, committed 5504K, reserved 1056768K
  class space    used 557K, capacity 597K, committed 640K, reserved 1048576K
2024-07-16T18:26:21.248+0800: 8.052: [GC (Allocation Failure) 2024-07-16T18:26:21.248+0800: 8.052: [ParNew: 5233K->4K(6144K), 0.0003988 secs] 7462K->3258K(19840K), 0.0004499 secs] [Times: user=0.00 sys=0.00, real=0.00 secs] 
Heap after GC invocations=1045 (full 127):
 par new generation   total 6144K, used 4K [0x00000000fec00000, 0x00000000ff2a0000, 0x00000000ff2a0000)
  eden space 5504K,   0% used [0x00000000fec00000, 0x00000000fec00000, 0x00000000ff160000)
  from space 640K,   0% used [0x00000000ff200000, 0x00000000ff201020, 0x00000000ff2a0000)
  to   space 640K,   0% used [0x00000000ff160000, 0x00000000ff160000, 0x00000000ff200000)
 concurrent mark-sweep generation total 13696K, used 3254K [0x00000000ff2a0000, 0x0000000100000000, 0x0000000100000000)
 Metaspace       used 5073K, capacity 5258K, committed 5504K, reserved 1056768K
  class space    used 557K, capacity 597K, committed 640K, reserved 1048576K
}
{Heap before GC invocations=1045 (full 127):
 par new generation   total 6144K, used 5233K [0x00000000fec00000, 0x00000000ff2a0000, 0x00000000ff2a0000)
  eden space 5504K,  95% used [0x00000000fec00000, 0x00000000ff11b798, 0x00000000ff160000)
  from space 640K,   0% used [0x00000000ff200000, 0x00000000ff201020, 0x00000000ff2a0000)
  to   space 640K,   0% used [0x00000000ff160000, 0x00000000ff160000, 0x00000000ff200000)
 concurrent mark-sweep generation total 13696K, used 3254K [0x00000000ff2a0000, 0x0000000100000000, 0x0000000100000000)
 Metaspace       used 5073K, capacity 5258K, committed 5504K, reserved 1056768K
  class space    used 557K, capacity 597K, committed 640K, reserved 1048576K
2024-07-16T18:26:21.255+0800: 8.059: [GC (Allocation Failure) 2024-07-16T18:26:21.255+0800: 8.059: [ParNew: 5233K->2K(6144K), 0.0003293 secs] 8488K->3256K(19840K), 0.0003758 secs] [Times: user=0.00 sys=0.00, real=0.00 secs] 
Heap after GC invocations=1046 (full 127):
 par new generation   total 6144K, used 2K [0x00000000fec00000, 0x00000000ff2a0000, 0x00000000ff2a0000)
  eden space 5504K,   0% used [0x00000000fec00000, 0x00000000fec00000, 0x00000000ff160000)
  from space 640K,   0% used [0x00000000ff160000, 0x00000000ff160810, 0x00000000ff200000)
  to   space 640K,   0% used [0x00000000ff200000, 0x00000000ff200000, 0x00000000ff2a0000)
 concurrent mark-sweep generation total 13696K, used 3254K [0x00000000ff2a0000, 0x0000000100000000, 0x0000000100000000)
 Metaspace       used 5073K, capacity 5258K, committed 5504K, reserved 1056768K
  class space    used 557K, capacity 597K, committed 640K, reserved 1048576K
}
{Heap before GC invocations=1046 (full 127):
 par new generation   total 6144K, used 5231K [0x00000000fec00000, 0x00000000ff2a0000, 0x00000000ff2a0000)
  eden space 5504K,  95% used [0x00000000fec00000, 0x00000000ff11b798, 0x00000000ff160000)
  from space 640K,   0% used [0x00000000ff160000, 0x00000000ff160810, 0x00000000ff200000)
  to   space 640K,   0% used [0x00000000ff200000, 0x00000000ff200000, 0x00000000ff2a0000)
 concurrent mark-sweep generation total 13696K, used 3254K [0x00000000ff2a0000, 0x0000000100000000, 0x0000000100000000)
 Metaspace       used 5073K, capacity 5258K, committed 5504K, reserved 1056768K
  class space    used 557K, capacity 597K, committed 640K, reserved 1048576K
2024-07-16T18:26:21.262+0800: 8.066: [GC (Allocation Failure) 2024-07-16T18:26:21.262+0800: 8.066: [ParNew: 5231K->8K(6144K), 0.0004468 secs] 8486K->4289K(19840K), 0.0005066 secs] [Times: user=0.00 sys=0.00, real=0.00 secs] 
Heap after GC invocations=1047 (full 127):
 par new generation   total 6144K, used 8K [0x00000000fec00000, 0x00000000ff2a0000, 0x00000000ff2a0000)
  eden space 5504K,   0% used [0x00000000fec00000, 0x00000000fec00000, 0x00000000ff160000)
  from space 640K,   1% used [0x00000000ff200000, 0x00000000ff202040, 0x00000000ff2a0000)
  to   space 640K,   0% used [0x00000000ff160000, 0x00000000ff160000, 0x00000000ff200000)
 concurrent mark-sweep generation total 13696K, used 4281K [0x00000000ff2a0000, 0x0000000100000000, 0x0000000100000000)
 Metaspace       used 5073K, capacity 5258K, committed 5504K, reserved 1056768K
  class space    used 557K, capacity 597K, committed 640K, reserved 1048576K
}
{Heap before GC invocations=1047 (full 127):
 par new generation   total 6144K, used 5237K [0x00000000fec00000, 0x00000000ff2a0000, 0x00000000ff2a0000)
  eden space 5504K,  95% used [0x00000000fec00000, 0x00000000ff11b798, 0x00000000ff160000)
  from space 640K,   1% used [0x00000000ff200000, 0x00000000ff202040, 0x00000000ff2a0000)
  to   space 640K,   0% used [0x00000000ff160000, 0x00000000ff160000, 0x00000000ff200000)
 concurrent mark-sweep generation total 13696K, used 4281K [0x00000000ff2a0000, 0x0000000100000000, 0x0000000100000000)
 Metaspace       used 5073K, capacity 5258K, committed 5504K, reserved 1056768K
  class space    used 557K, capacity 597K, committed 640K, reserved 1048576K
2024-07-16T18:26:21.269+0800: 8.073: [GC (Allocation Failure) 2024-07-16T18:26:21.269+0800: 8.073: [ParNew: 5237K->12K(6144K), 0.0006372 secs] 9518K->5317K(19840K), 0.0007374 secs] [Times: user=0.00 sys=0.00, real=0.00 secs] 
Heap after GC invocations=1048 (full 127):
 par new generation   total 6144K, used 12K [0x00000000fec00000, 0x00000000ff2a0000, 0x00000000ff2a0000)
  eden space 5504K,   0% used [0x00000000fec00000, 0x00000000fec00000, 0x00000000ff160000)
  from space 640K,   1% used [0x00000000ff160000, 0x00000000ff163060, 0x00000000ff200000)
  to   space 640K,   0% used [0x00000000ff200000, 0x00000000ff200000, 0x00000000ff2a0000)
 concurrent mark-sweep generation total 13696K, used 5305K [0x00000000ff2a0000, 0x0000000100000000, 0x0000000100000000)
 Metaspace       used 5073K, capacity 5258K, committed 5504K, reserved 1056768K
  class space    used 557K, capacity 597K, committed 640K, reserved 1048576K
}
{Heap before GC invocations=1048 (full 127):
 par new generation   total 6144K, used 5241K [0x00000000fec00000, 0x00000000ff2a0000, 0x00000000ff2a0000)
  eden space 5504K,  95% used [0x00000000fec00000, 0x00000000ff11b798, 0x00000000ff160000)
  from space 640K,   1% used [0x00000000ff160000, 0x00000000ff163060, 0x00000000ff200000)
  to   space 640K,   0% used [0x00000000ff200000, 0x00000000ff200000, 0x00000000ff2a0000)
 concurrent mark-sweep generation total 13696K, used 5305K [0x00000000ff2a0000, 0x0000000100000000, 0x0000000100000000)
 Metaspace       used 5073K, capacity 5258K, committed 5504K, reserved 1056768K
  class space    used 557K, capacity 597K, committed 640K, reserved 1048576K
2024-07-16T18:26:21.276+0800: 8.080: [GC (Allocation Failure) 2024-07-16T18:26:21.276+0800: 8.080: [ParNew: 5241K->12K(6144K), 0.0007025 secs] 10547K->6341K(19840K), 0.0008028 secs] [Times: user=0.00 sys=0.00, real=0.00 secs] 
Heap after GC invocations=1049 (full 127):
 par new generation   total 6144K, used 12K [0x00000000fec00000, 0x00000000ff2a0000, 0x00000000ff2a0000)
  eden space 5504K,   0% used [0x00000000fec00000, 0x00000000fec00000, 0x00000000ff160000)
  from space 640K,   1% used [0x00000000ff200000, 0x00000000ff203060, 0x00000000ff2a0000)
  to   space 640K,   0% used [0x00000000ff160000, 0x00000000ff160000, 0x00000000ff200000)
 concurrent mark-sweep generation total 13696K, used 6329K [0x00000000ff2a0000, 0x0000000100000000, 0x0000000100000000)
 Metaspace       used 5073K, capacity 5258K, committed 5504K, reserved 1056768K
  class space    used 557K, capacity 597K, committed 640K, reserved 1048576K
}
{Heap before GC invocations=1049 (full 127):
 par new generation   total 6144K, used 5242K [0x00000000fec00000, 0x00000000ff2a0000, 0x00000000ff2a0000)
  eden space 5504K,  95% used [0x00000000fec00000, 0x00000000ff11b7a0, 0x00000000ff160000)
  from space 640K,   1% used [0x00000000ff200000, 0x00000000ff203060, 0x00000000ff2a0000)
  to   space 640K,   0% used [0x00000000ff160000, 0x00000000ff160000, 0x00000000ff200000)
 concurrent mark-sweep generation total 13696K, used 6329K [0x00000000ff2a0000, 0x0000000100000000, 0x0000000100000000)
 Metaspace       used 5073K, capacity 5258K, committed 5504K, reserved 1056768K
  class space    used 557K, capacity 597K, committed 640K, reserved 1048576K
2024-07-16T18:26:21.285+0800: 8.089: [GC (Allocation Failure) 2024-07-16T18:26:21.285+0800: 8.089: [ParNew: 5242K->10K(6144K), 0.0005133 secs] 11571K->7365K(19840K), 0.0005889 secs] [Times: user=0.00 sys=0.00, real=0.00 secs] 
Heap after GC invocations=1050 (full 127):
 par new generation   total 6144K, used 10K [0x00000000fec00000, 0x00000000ff2a0000, 0x00000000ff2a0000)
  eden space 5504K,   0% used [0x00000000fec00000, 0x00000000fec00000, 0x00000000ff160000)
  from space 640K,   1% used [0x00000000ff160000, 0x00000000ff162850, 0x00000000ff200000)
  to   space 640K,   0% used [0x00000000ff200000, 0x00000000ff200000, 0x00000000ff2a0000)
 concurrent mark-sweep generation total 13696K, used 7355K [0x00000000ff2a0000, 0x0000000100000000, 0x0000000100000000)
 Metaspace       used 5073K, capacity 5258K, committed 5504K, reserved 1056768K
  class space    used 557K, capacity 597K, committed 640K, reserved 1048576K
}
{Heap before GC invocations=1050 (full 127):
 par new generation   total 6144K, used 5239K [0x00000000fec00000, 0x00000000ff2a0000, 0x00000000ff2a0000)
  eden space 5504K,  95% used [0x00000000fec00000, 0x00000000ff11b7a0, 0x00000000ff160000)
  from space 640K,   1% used [0x00000000ff160000, 0x00000000ff162850, 0x00000000ff200000)
  to   space 640K,   0% used [0x00000000ff200000, 0x00000000ff200000, 0x00000000ff2a0000)
 concurrent mark-sweep generation total 13696K, used 7355K [0x00000000ff2a0000, 0x0000000100000000, 0x0000000100000000)
 Metaspace       used 5073K, capacity 5258K, committed 5504K, reserved 1056768K
  class space    used 557K, capacity 597K, committed 640K, reserved 1048576K
2024-07-16T18:26:21.292+0800: 8.096: [GC (Allocation Failure) 2024-07-16T18:26:21.292+0800: 8.096: [ParNew: 5239K->12K(6144K), 0.0004580 secs] 12595K->8393K(19840K), 0.0005268 secs] [Times: user=0.00 sys=0.00, real=0.00 secs] 
Heap after GC invocations=1051 (full 127):
 par new generation   total 6144K, used 12K [0x00000000fec00000, 0x00000000ff2a0000, 0x00000000ff2a0000)
  eden space 5504K,   0% used [0x00000000fec00000, 0x00000000fec00000, 0x00000000ff160000)
  from space 640K,   1% used [0x00000000ff200000, 0x00000000ff203060, 0x00000000ff2a0000)
  to   space 640K,   0% used [0x00000000ff160000, 0x00000000ff160000, 0x00000000ff200000)
 concurrent mark-sweep generation total 13696K, used 8381K [0x00000000ff2a0000, 0x0000000100000000, 0x0000000100000000)
 Metaspace       used 5073K, capacity 5258K, committed 5504K, reserved 1056768K
  class space    used 557K, capacity 597K, committed 640K, reserved 1048576K
}
2024-07-16T18:26:21.292+0800: 8.096: [GC (CMS Initial Mark) [1 CMS-initial-mark: 8381K(13696K)] 9417K(19840K), 0.0002202 secs] [Times: user=0.00 sys=0.00, real=0.00 secs] 
2024-07-16T18:26:21.293+0800: 8.097: [CMS-concurrent-mark-start]
2024-07-16T18:26:21.294+0800: 8.098: [CMS-concurrent-mark: 0.002/0.002 secs] [Times: user=0.00 sys=0.00, real=0.00 secs] 
2024-07-16T18:26:21.294+0800: 8.098: [CMS-concurrent-preclean-start]
2024-07-16T18:26:21.294+0800: 8.098: [CMS-concurrent-preclean: 0.000/0.000 secs] [Times: user=0.00 sys=0.00, real=0.00 secs] 
2024-07-16T18:26:21.294+0800: 8.098: [GC (CMS Final Remark) [YG occupancy: 1145 K (6144 K)]{Heap before GC invocations=1051 (full 128):
 par new generation   total 6144K, used 1145K [0x00000000fec00000, 0x00000000ff2a0000, 0x00000000ff2a0000)
  eden space 5504K,  20% used [0x00000000fec00000, 0x00000000fed1b760, 0x00000000ff160000)
  from space 640K,   1% used [0x00000000ff200000, 0x00000000ff203060, 0x00000000ff2a0000)
  to   space 640K,   0% used [0x00000000ff160000, 0x00000000ff160000, 0x00000000ff200000)
 concurrent mark-sweep generation total 13696K, used 8381K [0x00000000ff2a0000, 0x0000000100000000, 0x0000000100000000)
 Metaspace       used 5073K, capacity 5258K, committed 5504K, reserved 1056768K
  class space    used 557K, capacity 597K, committed 640K, reserved 1048576K
2024-07-16T18:26:21.294+0800: 8.098: [GC (CMS Final Remark) 2024-07-16T18:26:21.294+0800: 8.098: [ParNew: 1145K->16K(6144K), 0.0002835 secs] 9527K->9423K(19840K), 0.0003011 secs] [Times: user=0.00 sys=0.00, real=0.00 secs] 
Heap after GC invocations=1052 (full 128):
 par new generation   total 6144K, used 16K [0x00000000fec00000, 0x00000000ff2a0000, 0x00000000ff2a0000)
  eden space 5504K,   0% used [0x00000000fec00000, 0x00000000fec00000, 0x00000000ff160000)
  from space 640K,   2% used [0x00000000ff160000, 0x00000000ff164080, 0x00000000ff200000)
  to   space 640K,   0% used [0x00000000ff200000, 0x00000000ff200000, 0x00000000ff2a0000)
 concurrent mark-sweep generation total 13696K, used 9407K [0x00000000ff2a0000, 0x0000000100000000, 0x0000000100000000)
 Metaspace       used 5073K, capacity 5258K, committed 5504K, reserved 1056768K
  class space    used 557K, capacity 597K, committed 640K, reserved 1048576K
}
2024-07-16T18:26:21.295+0800: 8.099: [Rescan (parallel) , 0.0001356 secs]2024-07-16T18:26:21.295+0800: 8.099: [weak refs processing, 0.0000102 secs]2024-07-16T18:26:21.295+0800: 8.099: [class unloading, 0.0003245 secs]2024-07-16T18:26:21.295+0800: 8.099: [scrub symbol table, 0.0003674 secs]2024-07-16T18:26:21.296+0800: 8.100: [scrub string table, 0.0000819 secs][1 CMS-remark: 9407K(13696K)] 9423K(19840K), 0.0013061 secs] [Times: user=0.00 sys=0.00, real=0.00 secs] 
2024-07-16T18:26:21.296+0800: 8.100: [CMS-concurrent-sweep-start]
2024-07-16T18:26:21.296+0800: 8.100: [CMS-concurrent-sweep: 0.000/0.000 secs] [Times: user=0.00 sys=0.00, real=0.00 secs] 
2024-07-16T18:26:21.296+0800: 8.100: [CMS-concurrent-reset-start]
2024-07-16T18:26:21.296+0800: 8.100: [CMS-concurrent-reset: 0.000/0.000 secs] [Times: user=0.00 sys=0.00, real=0.00 secs] 
{Heap before GC invocations=1052 (full 128):
 par new generation   total 6144K, used 5246K [0x00000000fec00000, 0x00000000ff2a0000, 0x00000000ff2a0000)
  eden space 5504K,  95% used [0x00000000fec00000, 0x00000000ff11b7a0, 0x00000000ff160000)
  from space 640K,   2% used [0x00000000ff160000, 0x00000000ff164080, 0x00000000ff200000)
  to   space 640K,   0% used [0x00000000ff200000, 0x00000000ff200000, 0x00000000ff2a0000)
 concurrent mark-sweep generation total 13696K, used 3262K [0x00000000ff2a0000, 0x0000000100000000, 0x0000000100000000)
 Metaspace       used 5073K, capacity 5258K, committed 5504K, reserved 1056768K
  class space    used 557K, capacity 597K, committed 640K, reserved 1048576K
2024-07-16T18:26:21.304+0800: 8.108: [GC (Allocation Failure) 2024-07-16T18:26:21.304+0800: 8.108: [ParNew: 5246K->14K(6144K), 0.0004762 secs] 8508K->4301K(19840K), 0.0005306 secs] [Times: user=0.00 sys=0.00, real=0.00 secs] 
Heap after GC invocations=1053 (full 128):
 par new generation   total 6144K, used 14K [0x00000000fec00000, 0x00000000ff2a0000, 0x00000000ff2a0000)
  eden space 5504K,   0% used [0x00000000fec00000, 0x00000000fec00000, 0x00000000ff160000)
  from space 640K,   2% used [0x00000000ff200000, 0x00000000ff203870, 0x00000000ff2a0000)
  to   space 640K,   0% used [0x00000000ff160000, 0x00000000ff160000, 0x00000000ff200000)
 concurrent mark-sweep generation total 13696K, used 4286K [0x00000000ff2a0000, 0x0000000100000000, 0x0000000100000000)
 Metaspace       used 5073K, capacity 5258K, committed 5504K, reserved 1056768K
  class space    used 557K, capacity 597K, committed 640K, reserved 1048576K
}
{Heap before GC invocations=1053 (full 128):
 par new generation   total 6144K, used 5236K [0x00000000fec00000, 0x00000000ff2a0000, 0x00000000ff2a0000)
  eden space 5504K,  94% used [0x00000000fec00000, 0x00000000ff119968, 0x00000000ff160000)
  from space 640K,   2% used [0x00000000ff200000, 0x00000000ff203870, 0x00000000ff2a0000)
  to   space 640K,   0% used [0x00000000ff160000, 0x00000000ff160000, 0x00000000ff200000)
 concurrent mark-sweep generation total 13696K, used 4286K [0x00000000ff2a0000, 0x0000000100000000, 0x0000000100000000)
 Metaspace       used 5073K, capacity 5258K, committed 5504K, reserved 1056768K
  class space    used 557K, capacity 597K, committed 640K, reserved 1048576K
2024-07-16T18:26:21.311+0800: 8.114: [GC (Allocation Failure) 2024-07-16T18:26:21.311+0800: 8.115: [ParNew: 5236K->4K(6144K), 0.0003503 secs] 9523K->5321K(19840K), 0.0003793 secs] [Times: user=0.00 sys=0.00, real=0.00 secs] 
Heap after GC invocations=1054 (full 128):
 par new generation   total 6144K, used 4K [0x00000000fec00000, 0x00000000ff2a0000, 0x00000000ff2a0000)
  eden space 5504K,   0% used [0x00000000fec00000, 0x00000000fec00000, 0x00000000ff160000)
  from space 640K,   0% used [0x00000000ff160000, 0x00000000ff161020, 0x00000000ff200000)
  to   space 640K,   0% used [0x00000000ff200000, 0x00000000ff200000, 0x00000000ff2a0000)
 concurrent mark-sweep generation total 13696K, used 5317K [0x00000000ff2a0000, 0x0000000100000000, 0x0000000100000000)
 Metaspace       used 5073K, capacity 5258K, committed 5504K, reserved 1056768K
  class space    used 557K, capacity 597K, committed 640K, reserved 1048576K
}
{Heap before GC invocations=1054 (full 128):
 par new generation   total 6144K, used 5229K [0x00000000fec00000, 0x00000000ff2a0000, 0x00000000ff2a0000)
  eden space 5504K,  94% used [0x00000000fec00000, 0x00000000ff11a738, 0x00000000ff160000)
  from space 640K,   0% used [0x00000000ff160000, 0x00000000ff161020, 0x00000000ff200000)
  to   space 640K,   0% used [0x00000000ff200000, 0x00000000ff200000, 0x00000000ff2a0000)
 concurrent mark-sweep generation total 13696K, used 5317K [0x00000000ff2a0000, 0x0000000100000000, 0x0000000100000000)
 Metaspace       used 5073K, capacity 5258K, committed 5504K, reserved 1056768K
  class space    used 557K, capacity 597K, committed 640K, reserved 1048576K
2024-07-16T18:26:21.318+0800: 8.122: [GC (Allocation Failure) 2024-07-16T18:26:21.318+0800: 8.122: [ParNew: 5229K->6K(6144K), 0.0012628 secs] 10547K->6347K(19840K), 0.0013993 secs] [Times: user=0.00 sys=0.00, real=0.00 secs] 
Heap after GC invocations=1055 (full 128):
 par new generation   total 6144K, used 6K [0x00000000fec00000, 0x00000000ff2a0000, 0x00000000ff2a0000)
  eden space 5504K,   0% used [0x00000000fec00000, 0x00000000fec00000, 0x00000000ff160000)
  from space 640K,   0% used [0x00000000ff200000, 0x00000000ff201830, 0x00000000ff2a0000)
  to   space 640K,   0% used [0x00000000ff160000, 0x00000000ff160000, 0x00000000ff200000)
 concurrent mark-sweep generation total 13696K, used 6341K [0x00000000ff2a0000, 0x0000000100000000, 0x0000000100000000)
 Metaspace       used 5073K, capacity 5258K, committed 5504K, reserved 1056768K
  class space    used 557K, capacity 597K, committed 640K, reserved 1048576K
}
{Heap before GC invocations=1055 (full 128):
 par new generation   total 6144K, used 5233K [0x00000000fec00000, 0x00000000ff2a0000, 0x00000000ff2a0000)
  eden space 5504K,  94% used [0x00000000fec00000, 0x00000000ff11ad10, 0x00000000ff160000)
  from space 640K,   0% used [0x00000000ff200000, 0x00000000ff201830, 0x00000000ff2a0000)
  to   space 640K,   0% used [0x00000000ff160000, 0x00000000ff160000, 0x00000000ff200000)
 concurrent mark-sweep generation total 13696K, used 6341K [0x00000000ff2a0000, 0x0000000100000000, 0x0000000100000000)
 Metaspace       used 5073K, capacity 5258K, committed 5504K, reserved 1056768K
  class space    used 557K, capacity 597K, committed 640K, reserved 1048576K
2024-07-16T18:26:21.327+0800: 8.131: [GC (Allocation Failure) 2024-07-16T18:26:21.327+0800: 8.131: [ParNew: 5233K->10K(6144K), 0.0010370 secs] 11574K->7377K(19840K), 0.0011295 secs] [Times: user=0.00 sys=0.00, real=0.00 secs] 
Heap after GC invocations=1056 (full 128):
 par new generation   total 6144K, used 10K [0x00000000fec00000, 0x00000000ff2a0000, 0x00000000ff2a0000)
  eden space 5504K,   0% used [0x00000000fec00000, 0x00000000fec00000, 0x00000000ff160000)
  from space 640K,   1% used [0x00000000ff160000, 0x00000000ff162850, 0x00000000ff200000)
  to   space 640K,   0% used [0x00000000ff200000, 0x00000000ff200000, 0x00000000ff2a0000)
 concurrent mark-sweep generation total 13696K, used 7367K [0x00000000ff2a0000, 0x0000000100000000, 0x0000000100000000)
 Metaspace       used 5073K, capacity 5258K, committed 5504K, reserved 1056768K
  class space    used 557K, capacity 597K, committed 640K, reserved 1048576K
}
{Heap before GC invocations=1056 (full 128):
 par new generation   total 6144K, used 5238K [0x00000000fec00000, 0x00000000ff2a0000, 0x00000000ff2a0000)
  eden space 5504K,  94% used [0x00000000fec00000, 0x00000000ff11b0d8, 0x00000000ff160000)
  from space 640K,   1% used [0x00000000ff160000, 0x00000000ff162850, 0x00000000ff200000)
  to   space 640K,   0% used [0x00000000ff200000, 0x00000000ff200000, 0x00000000ff2a0000)
 concurrent mark-sweep generation total 13696K, used 7367K [0x00000000ff2a0000, 0x0000000100000000, 0x0000000100000000)
 Metaspace       used 5073K, capacity 5258K, committed 5504K, reserved 1056768K
  class space    used 557K, capacity 597K, committed 640K, reserved 1048576K
2024-07-16T18:26:21.335+0800: 8.139: [GC (Allocation Failure) 2024-07-16T18:26:21.335+0800: 8.139: [ParNew: 5238K->4K(6144K), 0.0004431 secs] 12605K->7371K(19840K), 0.0005091 secs] [Times: user=0.00 sys=0.00, real=0.00 secs] 
Heap after GC invocations=1057 (full 128):
 par new generation   total 6144K, used 4K [0x00000000fec00000, 0x00000000ff2a0000, 0x00000000ff2a0000)
  eden space 5504K,   0% used [0x00000000fec00000, 0x00000000fec00000, 0x00000000ff160000)
  from space 640K,   0% used [0x00000000ff200000, 0x00000000ff201020, 0x00000000ff2a0000)
  to   space 640K,   0% used [0x00000000ff160000, 0x00000000ff160000, 0x00000000ff200000)
 concurrent mark-sweep generation total 13696K, used 7367K [0x00000000ff2a0000, 0x0000000100000000, 0x0000000100000000)
 Metaspace       used 5073K, capacity 5258K, committed 5504K, reserved 1056768K
  class space    used 557K, capacity 597K, committed 640K, reserved 1048576K
}
{Heap before GC invocations=1057 (full 128):
 par new generation   total 6144K, used 5232K [0x00000000fec00000, 0x00000000ff2a0000, 0x00000000ff2a0000)
  eden space 5504K,  95% used [0x00000000fec00000, 0x00000000ff11b340, 0x00000000ff160000)
  from space 640K,   0% used [0x00000000ff200000, 0x00000000ff201020, 0x00000000ff2a0000)
  to   space 640K,   0% used [0x00000000ff160000, 0x00000000ff160000, 0x00000000ff200000)
 concurrent mark-sweep generation total 13696K, used 7367K [0x00000000ff2a0000, 0x0000000100000000, 0x0000000100000000)
 Metaspace       used 5073K, capacity 5258K, committed 5504K, reserved 1056768K
  class space    used 557K, capacity 597K, committed 640K, reserved 1048576K
2024-07-16T18:26:21.342+0800: 8.146: [GC (Allocation Failure) 2024-07-16T18:26:21.342+0800: 8.146: [ParNew: 5232K->4K(6144K), 0.0002853 secs] 12600K->7371K(19840K), 0.0003321 secs] [Times: user=0.00 sys=0.00, real=0.00 secs] 
Heap after GC invocations=1058 (full 128):
 par new generation   total 6144K, used 4K [0x00000000fec00000, 0x00000000ff2a0000, 0x00000000ff2a0000)
  eden space 5504K,   0% used [0x00000000fec00000, 0x00000000fec00000, 0x00000000ff160000)
  from space 640K,   0% used [0x00000000ff160000, 0x00000000ff161020, 0x00000000ff200000)
  to   space 640K,   0% used [0x00000000ff200000, 0x00000000ff200000, 0x00000000ff2a0000)
 concurrent mark-sweep generation total 13696K, used 7367K [0x00000000ff2a0000, 0x0000000100000000, 0x0000000100000000)
 Metaspace       used 5073K, capacity 5258K, committed 5504K, reserved 1056768K
  class space    used 557K, capacity 597K, committed 640K, reserved 1048576K
}
{Heap before GC invocations=1058 (full 128):
 par new generation   total 6144K, used 5233K [0x00000000fec00000, 0x00000000ff2a0000, 0x00000000ff2a0000)
  eden space 5504K,  95% used [0x00000000fec00000, 0x00000000ff11b4d0, 0x00000000ff160000)
  from space 640K,   0% used [0x00000000ff160000, 0x00000000ff161020, 0x00000000ff200000)
  to   space 640K,   0% used [0x00000000ff200000, 0x00000000ff200000, 0x00000000ff2a0000)
 concurrent mark-sweep generation total 13696K, used 7367K [0x00000000ff2a0000, 0x0000000100000000, 0x0000000100000000)
 Metaspace       used 5073K, capacity 5258K, committed 5504K, reserved 1056768K
  class space    used 557K, capacity 597K, committed 640K, reserved 1048576K
2024-07-16T18:26:21.350+0800: 8.154: [GC (Allocation Failure) 2024-07-16T18:26:21.350+0800: 8.154: [ParNew: 5233K->2K(6144K), 0.0004438 secs] 12600K->7369K(19840K), 0.0005114 secs] [Times: user=0.00 sys=0.00, real=0.00 secs] 
Heap after GC invocations=1059 (full 128):
 par new generation   total 6144K, used 2K [0x00000000fec00000, 0x00000000ff2a0000, 0x00000000ff2a0000)
  eden space 5504K,   0% used [0x00000000fec00000, 0x00000000fec00000, 0x00000000ff160000)
  from space 640K,   0% used [0x00000000ff200000, 0x00000000ff200810, 0x00000000ff2a0000)
  to   space 640K,   0% used [0x00000000ff160000, 0x00000000ff160000, 0x00000000ff200000)
 concurrent mark-sweep generation total 13696K, used 7367K [0x00000000ff2a0000, 0x0000000100000000, 0x0000000100000000)
 Metaspace       used 5073K, capacity 5258K, committed 5504K, reserved 1056768K
  class space    used 557K, capacity 597K, committed 640K, reserved 1048576K
}
{Heap before GC invocations=1059 (full 128):
 par new generation   total 6144K, used 5231K [0x00000000fec00000, 0x00000000ff2a0000, 0x00000000ff2a0000)
  eden space 5504K,  95% used [0x00000000fec00000, 0x00000000ff11b5d0, 0x00000000ff160000)
  from space 640K,   0% used [0x00000000ff200000, 0x00000000ff200810, 0x00000000ff2a0000)
  to   space 640K,   0% used [0x00000000ff160000, 0x00000000ff160000, 0x00000000ff200000)
 concurrent mark-sweep generation total 13696K, used 7367K [0x00000000ff2a0000, 0x0000000100000000, 0x0000000100000000)
 Metaspace       used 5073K, capacity 5258K, committed 5504K, reserved 1056768K
  class space    used 557K, capacity 597K, committed 640K, reserved 1048576K
2024-07-16T18:26:21.358+0800: 8.162: [GC (Allocation Failure) 2024-07-16T18:26:21.358+0800: 8.162: [ParNew: 5231K->8K(6144K), 0.0007500 secs] 12599K->8399K(19840K), 0.0008396 secs] [Times: user=0.00 sys=0.00, real=0.00 secs] 
Heap after GC invocations=1060 (full 128):
 par new generation   total 6144K, used 8K [0x00000000fec00000, 0x00000000ff2a0000, 0x00000000ff2a0000)
  eden space 5504K,   0% used [0x00000000fec00000, 0x00000000fec00000, 0x00000000ff160000)
  from space 640K,   1% used [0x00000000ff160000, 0x00000000ff162040, 0x00000000ff200000)
  to   space 640K,   0% used [0x00000000ff200000, 0x00000000ff200000, 0x00000000ff2a0000)
 concurrent mark-sweep generation total 13696K, used 8391K [0x00000000ff2a0000, 0x0000000100000000, 0x0000000100000000)
 Metaspace       used 5073K, capacity 5258K, committed 5504K, reserved 1056768K
  class space    used 557K, capacity 597K, committed 640K, reserved 1048576K
}
2024-07-16T18:26:21.359+0800: 8.163: [GC (CMS Initial Mark) [1 CMS-initial-mark: 8391K(13696K)] 9423K(19840K), 0.0002706 secs] [Times: user=0.00 sys=0.00, real=0.00 secs] 
2024-07-16T18:26:21.359+0800: 8.164: [CMS-concurrent-mark-start]
2024-07-16T18:26:21.363+0800: 8.168: [CMS-concurrent-mark: 0.004/0.004 secs] [Times: user=0.03 sys=0.00, real=0.00 secs] 
2024-07-16T18:26:21.363+0800: 8.168: [CMS-concurrent-preclean-start]
2024-07-16T18:26:21.363+0800: 8.168: [CMS-concurrent-preclean: 0.000/0.000 secs] [Times: user=0.00 sys=0.00, real=0.00 secs] 
2024-07-16T18:26:21.363+0800: 8.168: [CMS-concurrent-abortable-preclean-start]
{Heap before GC invocations=1060 (full 129):
 par new generation   total 6144K, used 5237K [0x00000000fec00000, 0x00000000ff2a0000, 0x00000000ff2a0000)
  eden space 5504K,  95% used [0x00000000fec00000, 0x00000000ff11b670, 0x00000000ff160000)
  from space 640K,   1% used [0x00000000ff160000, 0x00000000ff162040, 0x00000000ff200000)
  to   space 640K,   0% used [0x00000000ff200000, 0x00000000ff200000, 0x00000000ff2a0000)
 concurrent mark-sweep generation total 13696K, used 8391K [0x00000000ff2a0000, 0x0000000100000000, 0x0000000100000000)
 Metaspace       used 5073K, capacity 5258K, committed 5504K, reserved 1056768K
  class space    used 557K, capacity 597K, committed 640K, reserved 1048576K
2024-07-16T18:26:21.367+0800: 8.171: [GC (Allocation Failure) 2024-07-16T18:26:21.367+0800: 8.171: [ParNew: 5237K->10K(6144K), 0.0005187 secs] 13629K->9425K(19840K), 0.0005618 secs] [Times: user=0.00 sys=0.00, real=0.00 secs] 
Heap after GC invocations=1061 (full 129):
 par new generation   total 6144K, used 10K [0x00000000fec00000, 0x00000000ff2a0000, 0x00000000ff2a0000)
  eden space 5504K,   0% used [0x00000000fec00000, 0x00000000fec00000, 0x00000000ff160000)
  from space 640K,   1% used [0x00000000ff200000, 0x00000000ff202850, 0x00000000ff2a0000)
  to   space 640K,   0% used [0x00000000ff160000, 0x00000000ff160000, 0x00000000ff200000)
 concurrent mark-sweep generation total 13696K, used 9415K [0x00000000ff2a0000, 0x0000000100000000, 0x0000000100000000)
 Metaspace       used 5073K, capacity 5258K, committed 5504K, reserved 1056768K
  class space    used 557K, capacity 597K, committed 640K, reserved 1048576K
}
{Heap before GC invocations=1061 (full 129):
 par new generation   total 6144K, used 5239K [0x00000000fec00000, 0x00000000ff2a0000, 0x00000000ff2a0000)
  eden space 5504K,  95% used [0x00000000fec00000, 0x00000000ff11b6e0, 0x00000000ff160000)
  from space 640K,   1% used [0x00000000ff200000, 0x00000000ff202850, 0x00000000ff2a0000)
  to   space 640K,   0% used [0x00000000ff160000, 0x00000000ff160000, 0x00000000ff200000)
 concurrent mark-sweep generation total 13696K, used 9415K [0x00000000ff2a0000, 0x0000000100000000, 0x0000000100000000)
 Metaspace       used 5073K, capacity 5258K, committed 5504K, reserved 1056768K
  class space    used 557K, capacity 597K, committed 640K, reserved 1048576K
2024-07-16T18:26:21.375+0800: 8.179: [GC (Allocation Failure) 2024-07-16T18:26:21.375+0800: 8.179: [ParNew: 5239K->2K(6144K), 0.0006294 secs] 14655K->9417K(19840K), 0.0007165 secs] [Times: user=0.00 sys=0.00, real=0.00 secs] 
Heap after GC invocations=1062 (full 129):
 par new generation   total 6144K, used 2K [0x00000000fec00000, 0x00000000ff2a0000, 0x00000000ff2a0000)
  eden space 5504K,   0% used [0x00000000fec00000, 0x00000000fec00000, 0x00000000ff160000)
  from space 640K,   0% used [0x00000000ff160000, 0x00000000ff160810, 0x00000000ff200000)
  to   space 640K,   0% used [0x00000000ff200000, 0x00000000ff200000, 0x00000000ff2a0000)
 concurrent mark-sweep generation total 13696K, used 9415K [0x00000000ff2a0000, 0x0000000100000000, 0x0000000100000000)
 Metaspace       used 5073K, capacity 5258K, committed 5504K, reserved 1056768K
  class space    used 557K, capacity 597K, committed 640K, reserved 1048576K
}
{Heap before GC invocations=1062 (full 129):
 par new generation   total 6144K, used 5231K [0x00000000fec00000, 0x00000000ff2a0000, 0x00000000ff2a0000)
  eden space 5504K,  95% used [0x00000000fec00000, 0x00000000ff11b720, 0x00000000ff160000)
  from space 640K,   0% used [0x00000000ff160000, 0x00000000ff160810, 0x00000000ff200000)
  to   space 640K,   0% used [0x00000000ff200000, 0x00000000ff200000, 0x00000000ff2a0000)
 concurrent mark-sweep generation total 13696K, used 9415K [0x00000000ff2a0000, 0x0000000100000000, 0x0000000100000000)
 Metaspace       used 5073K, capacity 5258K, committed 5504K, reserved 1056768K
  class space    used 557K, capacity 597K, committed 640K, reserved 1048576K
2024-07-16T18:26:21.384+0800: 8.188: [GC (Allocation Failure) 2024-07-16T18:26:21.384+0800: 8.188: [ParNew: 5231K->4K(6144K), 0.0002966 secs] 14647K->9419K(19840K), 0.0003368 secs] [Times: user=0.00 sys=0.00, real=0.00 secs] 
Heap after GC invocations=1063 (full 129):
 par new generation   total 6144K, used 4K [0x00000000fec00000, 0x00000000ff2a0000, 0x00000000ff2a0000)
  eden space 5504K,   0% used [0x00000000fec00000, 0x00000000fec00000, 0x00000000ff160000)
  from space 640K,   0% used [0x00000000ff200000, 0x00000000ff201020, 0x00000000ff2a0000)
  to   space 640K,   0% used [0x00000000ff160000, 0x00000000ff160000, 0x00000000ff200000)
 concurrent mark-sweep generation total 13696K, used 9415K [0x00000000ff2a0000, 0x0000000100000000, 0x0000000100000000)
 Metaspace       used 5073K, capacity 5258K, committed 5504K, reserved 1056768K
  class space    used 557K, capacity 597K, committed 640K, reserved 1048576K
}
{Heap before GC invocations=1063 (full 129):
 par new generation   total 6144K, used 5233K [0x00000000fec00000, 0x00000000ff2a0000, 0x00000000ff2a0000)
  eden space 5504K,  95% used [0x00000000fec00000, 0x00000000ff11b750, 0x00000000ff160000)
  from space 640K,   0% used [0x00000000ff200000, 0x00000000ff201020, 0x00000000ff2a0000)
  to   space 640K,   0% used [0x00000000ff160000, 0x00000000ff160000, 0x00000000ff200000)
 concurrent mark-sweep generation total 13696K, used 9415K [0x00000000ff2a0000, 0x0000000100000000, 0x0000000100000000)
 Metaspace       used 5073K, capacity 5258K, committed 5504K, reserved 1056768K
  class space    used 557K, capacity 597K, committed 640K, reserved 1048576K
2024-07-16T18:26:21.390+0800: 8.194: [GC (Allocation Failure) 2024-07-16T18:26:21.390+0800: 8.194: [ParNew: 5233K->2K(6144K), 0.0003601 secs] 14649K->9417K(19840K), 0.0004024 secs] [Times: user=0.00 sys=0.00, real=0.00 secs] 
Heap after GC invocations=1064 (full 129):
 par new generation   total 6144K, used 2K [0x00000000fec00000, 0x00000000ff2a0000, 0x00000000ff2a0000)
  eden space 5504K,   0% used [0x00000000fec00000, 0x00000000fec00000, 0x00000000ff160000)
  from space 640K,   0% used [0x00000000ff160000, 0x00000000ff160810, 0x00000000ff200000)
  to   space 640K,   0% used [0x00000000ff200000, 0x00000000ff200000, 0x00000000ff2a0000)
 concurrent mark-sweep generation total 13696K, used 9415K [0x00000000ff2a0000, 0x0000000100000000, 0x0000000100000000)
 Metaspace       used 5073K, capacity 5258K, committed 5504K, reserved 1056768K
  class space    used 557K, capacity 597K, committed 640K, reserved 1048576K
}
{Heap before GC invocations=1064 (full 129):
 par new generation   total 6144K, used 5231K [0x00000000fec00000, 0x00000000ff2a0000, 0x00000000ff2a0000)
  eden space 5504K,  95% used [0x00000000fec00000, 0x00000000ff11b768, 0x00000000ff160000)
  from space 640K,   0% used [0x00000000ff160000, 0x00000000ff160810, 0x00000000ff200000)
  to   space 640K,   0% used [0x00000000ff200000, 0x00000000ff200000, 0x00000000ff2a0000)
 concurrent mark-sweep generation total 13696K, used 9415K [0x00000000ff2a0000, 0x0000000100000000, 0x0000000100000000)
 Metaspace       used 5073K, capacity 5258K, committed 5504K, reserved 1056768K
  class space    used 557K, capacity 597K, committed 640K, reserved 1048576K
2024-07-16T18:26:21.397+0800: 8.201: [GC (Allocation Failure) 2024-07-16T18:26:21.397+0800: 8.201: [ParNew: 5231K->8K(6144K), 0.0004322 secs] 14647K->10449K(19840K), 0.0004737 secs] [Times: user=0.00 sys=0.00, real=0.00 secs] 
Heap after GC invocations=1065 (full 129):
 par new generation   total 6144K, used 8K [0x00000000fec00000, 0x00000000ff2a0000, 0x00000000ff2a0000)
  eden space 5504K,   0% used [0x00000000fec00000, 0x00000000fec00000, 0x00000000ff160000)
  from space 640K,   1% used [0x00000000ff200000, 0x00000000ff202040, 0x00000000ff2a0000)
  to   space 640K,   0% used [0x00000000ff160000, 0x00000000ff160000, 0x00000000ff200000)
 concurrent mark-sweep generation total 13696K, used 10441K [0x00000000ff2a0000, 0x0000000100000000, 0x0000000100000000)
 Metaspace       used 5073K, capacity 5258K, committed 5504K, reserved 1056768K
  class space    used 557K, capacity 597K, committed 640K, reserved 1048576K
}
{Heap before GC invocations=1065 (full 129):
 par new generation   total 6144K, used 5237K [0x00000000fec00000, 0x00000000ff2a0000, 0x00000000ff2a0000)
  eden space 5504K,  95% used [0x00000000fec00000, 0x00000000ff11b778, 0x00000000ff160000)
  from space 640K,   1% used [0x00000000ff200000, 0x00000000ff202040, 0x00000000ff2a0000)
  to   space 640K,   0% used [0x00000000ff160000, 0x00000000ff160000, 0x00000000ff200000)
 concurrent mark-sweep generation total 13696K, used 10441K [0x00000000ff2a0000, 0x0000000100000000, 0x0000000100000000)
 Metaspace       used 5073K, capacity 5258K, committed 5504K, reserved 1056768K
  class space    used 557K, capacity 597K, committed 640K, reserved 1048576K
2024-07-16T18:26:21.405+0800: 8.209: [GC (Allocation Failure) 2024-07-16T18:26:21.405+0800: 8.209: [ParNew: 5237K->8K(6144K), 0.0005329 secs] 15679K->11473K(19840K), 0.0006002 secs] [Times: user=0.00 sys=0.00, real=0.00 secs] 
Heap after GC invocations=1066 (full 129):
 par new generation   total 6144K, used 8K [0x00000000fec00000, 0x00000000ff2a0000, 0x00000000ff2a0000)
  eden space 5504K,   0% used [0x00000000fec00000, 0x00000000fec00000, 0x00000000ff160000)
  from space 640K,   1% used [0x00000000ff160000, 0x00000000ff162040, 0x00000000ff200000)
  to   space 640K,   0% used [0x00000000ff200000, 0x00000000ff200000, 0x00000000ff2a0000)
 concurrent mark-sweep generation total 13696K, used 11465K [0x00000000ff2a0000, 0x0000000100000000, 0x0000000100000000)
 Metaspace       used 5073K, capacity 5258K, committed 5504K, reserved 1056768K
  class space    used 557K, capacity 597K, committed 640K, reserved 1048576K
}
{Heap before GC invocations=1066 (full 129):
 par new generation   total 6144K, used 5237K [0x00000000fec00000, 0x00000000ff2a0000, 0x00000000ff2a0000)
  eden space 5504K,  95% used [0x00000000fec00000, 0x00000000ff11b788, 0x00000000ff160000)
  from space 640K,   1% used [0x00000000ff160000, 0x00000000ff162040, 0x00000000ff200000)
  to   space 640K,   0% used [0x00000000ff200000, 0x00000000ff200000, 0x00000000ff2a0000)
 concurrent mark-sweep generation total 13696K, used 11465K [0x00000000ff2a0000, 0x0000000100000000, 0x0000000100000000)
 Metaspace       used 5073K, capacity 5258K, committed 5504K, reserved 1056768K
  class space    used 557K, capacity 597K, committed 640K, reserved 1048576K
2024-07-16T18:26:21.412+0800: 8.216: [GC (Allocation Failure) 2024-07-16T18:26:21.412+0800: 8.216: [ParNew: 5237K->8K(6144K), 0.0004418 secs] 16703K->12497K(19840K), 0.0005724 secs] [Times: user=0.00 sys=0.00, real=0.00 secs] 
Heap after GC invocations=1067 (full 129):
 par new generation   total 6144K, used 8K [0x00000000fec00000, 0x00000000ff2a0000, 0x00000000ff2a0000)
  eden space 5504K,   0% used [0x00000000fec00000, 0x00000000fec00000, 0x00000000ff160000)
  from space 640K,   1% used [0x00000000ff200000, 0x00000000ff202040, 0x00000000ff2a0000)
  to   space 640K,   0% used [0x00000000ff160000, 0x00000000ff160000, 0x00000000ff200000)
 concurrent mark-sweep generation total 13696K, used 12489K [0x00000000ff2a0000, 0x0000000100000000, 0x0000000100000000)
 Metaspace       used 5073K, capacity 5258K, committed 5504K, reserved 1056768K
  class space    used 557K, capacity 597K, committed 640K, reserved 1048576K
}
{Heap before GC invocations=1067 (full 129):
 par new generation   total 6144K, used 5237K [0x00000000fec00000, 0x00000000ff2a0000, 0x00000000ff2a0000)
  eden space 5504K,  95% used [0x00000000fec00000, 0x00000000ff11b790, 0x00000000ff160000)
  from space 640K,   1% used [0x00000000ff200000, 0x00000000ff202040, 0x00000000ff2a0000)
  to   space 640K,   0% used [0x00000000ff160000, 0x00000000ff160000, 0x00000000ff200000)
 concurrent mark-sweep generation total 13696K, used 12489K [0x00000000ff2a0000, 0x0000000100000000, 0x0000000100000000)
 Metaspace       used 5073K, capacity 5258K, committed 5504K, reserved 1056768K
  class space    used 557K, capacity 597K, committed 640K, reserved 1048576K
2024-07-16T18:26:21.418+0800: 8.222: [GC (Allocation Failure) 2024-07-16T18:26:21.418+0800: 8.223: [ParNew: 5237K->5237K(6144K), 0.0000217 secs]2024-07-16T18:26:21.418+0800: 8.223: [CMS2024-07-16T18:26:21.418+0800: 8.223: [CMS-concurrent-abortable-preclean: 0.001/0.055 secs] [Times: user=0.00 sys=0.00, real=0.06 secs] 
 (concurrent mode failure): 12489K->2229K(13696K), 0.0034967 secs] 17727K->2229K(19840K), [Metaspace: 5073K->5073K(1056768K)], 0.0035986 secs] [Times: user=0.00 sys=0.00, real=0.00 secs] 
Heap after GC invocations=1068 (full 130):
 par new generation   total 6144K, used 0K [0x00000000fec00000, 0x00000000ff2a0000, 0x00000000ff2a0000)
  eden space 5504K,   0% used [0x00000000fec00000, 0x00000000fec00000, 0x00000000ff160000)
  from space 640K,   0% used [0x00000000ff200000, 0x00000000ff200000, 0x00000000ff2a0000)
  to   space 640K,   0% used [0x00000000ff160000, 0x00000000ff160000, 0x00000000ff200000)
 concurrent mark-sweep generation total 13696K, used 2229K [0x00000000ff2a0000, 0x0000000100000000, 0x0000000100000000)
 Metaspace       used 5073K, capacity 5258K, committed 5504K, reserved 1056768K
  class space    used 557K, capacity 597K, committed 640K, reserved 1048576K
}
{Heap before GC invocations=1068 (full 130):
 par new generation   total 6144K, used 5229K [0x00000000fec00000, 0x00000000ff2a0000, 0x00000000ff2a0000)
  eden space 5504K,  95% used [0x00000000fec00000, 0x00000000ff11b790, 0x00000000ff160000)
  from space 640K,   0% used [0x00000000ff200000, 0x00000000ff200000, 0x00000000ff2a0000)
  to   space 640K,   0% used [0x00000000ff160000, 0x00000000ff160000, 0x00000000ff200000)
 concurrent mark-sweep generation total 13696K, used 2229K [0x00000000ff2a0000, 0x0000000100000000, 0x0000000100000000)
 Metaspace       used 5073K, capacity 5258K, committed 5504K, reserved 1056768K
  class space    used 557K, capacity 597K, committed 640K, reserved 1048576K
2024-07-16T18:26:21.428+0800: 8.232: [GC (Allocation Failure) 2024-07-16T18:26:21.428+0800: 8.232: [ParNew: 5229K->4K(6144K), 0.0003667 secs] 7459K->2233K(19840K), 0.0004231 secs] [Times: user=0.00 sys=0.00, real=0.00 secs] 
Heap after GC invocations=1069 (full 130):
 par new generation   total 6144K, used 4K [0x00000000fec00000, 0x00000000ff2a0000, 0x00000000ff2a0000)
  eden space 5504K,   0% used [0x00000000fec00000, 0x00000000fec00000, 0x00000000ff160000)
  from space 640K,   0% used [0x00000000ff160000, 0x00000000ff161020, 0x00000000ff200000)
  to   space 640K,   0% used [0x00000000ff200000, 0x00000000ff200000, 0x00000000ff2a0000)
 concurrent mark-sweep generation total 13696K, used 2229K [0x00000000ff2a0000, 0x0000000100000000, 0x0000000100000000)
 Metaspace       used 5073K, capacity 5258K, committed 5504K, reserved 1056768K
  class space    used 557K, capacity 597K, committed 640K, reserved 1048576K
}
{Heap before GC invocations=1069 (full 130):
 par new generation   total 6144K, used 5233K [0x00000000fec00000, 0x00000000ff2a0000, 0x00000000ff2a0000)
  eden space 5504K,  95% used [0x00000000fec00000, 0x00000000ff11b798, 0x00000000ff160000)
  from space 640K,   0% used [0x00000000ff160000, 0x00000000ff161020, 0x00000000ff200000)
  to   space 640K,   0% used [0x00000000ff200000, 0x00000000ff200000, 0x00000000ff2a0000)
 concurrent mark-sweep generation total 13696K, used 2229K [0x00000000ff2a0000, 0x0000000100000000, 0x0000000100000000)
 Metaspace       used 5073K, capacity 5258K, committed 5504K, reserved 1056768K
  class space    used 557K, capacity 597K, committed 640K, reserved 1048576K
2024-07-16T18:26:21.437+0800: 8.241: [GC (Allocation Failure) 2024-07-16T18:26:21.437+0800: 8.241: [ParNew: 5233K->6K(6144K), 0.0006068 secs] 7463K->3261K(19840K), 0.0007242 secs] [Times: user=0.00 sys=0.00, real=0.00 secs] 
Heap after GC invocations=1070 (full 130):
 par new generation   total 6144K, used 6K [0x00000000fec00000, 0x00000000ff2a0000, 0x00000000ff2a0000)
  eden space 5504K,   0% used [0x00000000fec00000, 0x00000000fec00000, 0x00000000ff160000)
  from space 640K,   0% used [0x00000000ff200000, 0x00000000ff201830, 0x00000000ff2a0000)
  to   space 640K,   0% used [0x00000000ff160000, 0x00000000ff160000, 0x00000000ff200000)
 concurrent mark-sweep generation total 13696K, used 3255K [0x00000000ff2a0000, 0x0000000100000000, 0x0000000100000000)
 Metaspace       used 5073K, capacity 5258K, committed 5504K, reserved 1056768K
  class space    used 557K, capacity 597K, committed 640K, reserved 1048576K
}
{Heap before GC invocations=1070 (full 130):
 par new generation   total 6144K, used 5235K [0x00000000fec00000, 0x00000000ff2a0000, 0x00000000ff2a0000)
  eden space 5504K,  95% used [0x00000000fec00000, 0x00000000ff11b798, 0x00000000ff160000)
  from space 640K,   0% used [0x00000000ff200000, 0x00000000ff201830, 0x00000000ff2a0000)
  to   space 640K,   0% used [0x00000000ff160000, 0x00000000ff160000, 0x00000000ff200000)
 concurrent mark-sweep generation total 13696K, used 3255K [0x00000000ff2a0000, 0x0000000100000000, 0x0000000100000000)
 Metaspace       used 5073K, capacity 5258K, committed 5504K, reserved 1056768K
  class space    used 557K, capacity 597K, committed 640K, reserved 1048576K
2024-07-16T18:26:21.446+0800: 8.250: [GC (Allocation Failure) 2024-07-16T18:26:21.446+0800: 8.250: [ParNew: 5235K->2K(6144K), 0.0004379 secs] 8491K->3257K(19840K), 0.0004798 secs] [Times: user=0.00 sys=0.00, real=0.00 secs] 
Heap after GC invocations=1071 (full 130):
 par new generation   total 6144K, used 2K [0x00000000fec00000, 0x00000000ff2a0000, 0x00000000ff2a0000)
  eden space 5504K,   0% used [0x00000000fec00000, 0x00000000fec00000, 0x00000000ff160000)
  from space 640K,   0% used [0x00000000ff160000, 0x00000000ff160810, 0x00000000ff200000)
  to   space 640K,   0% used [0x00000000ff200000, 0x00000000ff200000, 0x00000000ff2a0000)
 concurrent mark-sweep generation total 13696K, used 3255K [0x00000000ff2a0000, 0x0000000100000000, 0x0000000100000000)
 Metaspace       used 5073K, capacity 5258K, committed 5504K, reserved 1056768K
  class space    used 557K, capacity 597K, committed 640K, reserved 1048576K
}
{Heap before GC invocations=1071 (full 130):
 par new generation   total 6144K, used 5231K [0x00000000fec00000, 0x00000000ff2a0000, 0x00000000ff2a0000)
  eden space 5504K,  95% used [0x00000000fec00000, 0x00000000ff11b798, 0x00000000ff160000)
  from space 640K,   0% used [0x00000000ff160000, 0x00000000ff160810, 0x00000000ff200000)
  to   space 640K,   0% used [0x00000000ff200000, 0x00000000ff200000, 0x00000000ff2a0000)
 concurrent mark-sweep generation total 13696K, used 3255K [0x00000000ff2a0000, 0x0000000100000000, 0x0000000100000000)
 Metaspace       used 5073K, capacity 5258K, committed 5504K, reserved 1056768K
  class space    used 557K, capacity 597K, committed 640K, reserved 1048576K
2024-07-16T18:26:21.453+0800: 8.257: [GC (Allocation Failure) 2024-07-16T18:26:21.453+0800: 8.257: [ParNew: 5231K->8K(6144K), 0.0003990 secs] 8487K->4289K(19840K), 0.0004859 secs] [Times: user=0.00 sys=0.00, real=0.00 secs] 
Heap after GC invocations=1072 (full 130):
 par new generation   total 6144K, used 8K [0x00000000fec00000, 0x00000000ff2a0000, 0x00000000ff2a0000)
  eden space 5504K,   0% used [0x00000000fec00000, 0x00000000fec00000, 0x00000000ff160000)
  from space 640K,   1% used [0x00000000ff200000, 0x00000000ff202040, 0x00000000ff2a0000)
  to   space 640K,   0% used [0x00000000ff160000, 0x00000000ff160000, 0x00000000ff200000)
 concurrent mark-sweep generation total 13696K, used 4281K [0x00000000ff2a0000, 0x0000000100000000, 0x0000000100000000)
 Metaspace       used 5073K, capacity 5258K, committed 5504K, reserved 1056768K
  class space    used 557K, capacity 597K, committed 640K, reserved 1048576K
}
{Heap before GC invocations=1072 (full 130):
 par new generation   total 6144K, used 5237K [0x00000000fec00000, 0x00000000ff2a0000, 0x00000000ff2a0000)
  eden space 5504K,  95% used [0x00000000fec00000, 0x00000000ff11b798, 0x00000000ff160000)
  from space 640K,   1% used [0x00000000ff200000, 0x00000000ff202040, 0x00000000ff2a0000)
  to   space 640K,   0% used [0x00000000ff160000, 0x00000000ff160000, 0x00000000ff200000)
 concurrent mark-sweep generation total 13696K, used 4281K [0x00000000ff2a0000, 0x0000000100000000, 0x0000000100000000)
 Metaspace       used 5073K, capacity 5258K, committed 5504K, reserved 1056768K
  class space    used 557K, capacity 597K, committed 640K, reserved 1048576K
2024-07-16T18:26:21.461+0800: 8.265: [GC (Allocation Failure) 2024-07-16T18:26:21.461+0800: 8.265: [ParNew: 5237K->2K(6144K), 0.0005419 secs] 9519K->4283K(19840K), 0.0005885 secs] [Times: user=0.00 sys=0.00, real=0.00 secs] 
Heap after GC invocations=1073 (full 130):
 par new generation   total 6144K, used 2K [0x00000000fec00000, 0x00000000ff2a0000, 0x00000000ff2a0000)
  eden space 5504K,   0% used [0x00000000fec00000, 0x00000000fec00000, 0x00000000ff160000)
  from space 640K,   0% used [0x00000000ff160000, 0x00000000ff160810, 0x00000000ff200000)
  to   space 640K,   0% used [0x00000000ff200000, 0x00000000ff200000, 0x00000000ff2a0000)
 concurrent mark-sweep generation total 13696K, used 4281K [0x00000000ff2a0000, 0x0000000100000000, 0x0000000100000000)
 Metaspace       used 5073K, capacity 5258K, committed 5504K, reserved 1056768K
  class space    used 557K, capacity 597K, committed 640K, reserved 1048576K
}
{Heap before GC invocations=1073 (full 130):
 par new generation   total 6144K, used 5231K [0x00000000fec00000, 0x00000000ff2a0000, 0x00000000ff2a0000)
  eden space 5504K,  95% used [0x00000000fec00000, 0x00000000ff11b798, 0x00000000ff160000)
  from space 640K,   0% used [0x00000000ff160000, 0x00000000ff160810, 0x00000000ff200000)
  to   space 640K,   0% used [0x00000000ff200000, 0x00000000ff200000, 0x00000000ff2a0000)
 concurrent mark-sweep generation total 13696K, used 4281K [0x00000000ff2a0000, 0x0000000100000000, 0x0000000100000000)
 Metaspace       used 5073K, capacity 5258K, committed 5504K, reserved 1056768K
  class space    used 557K, capacity 597K, committed 640K, reserved 1048576K
2024-07-16T18:26:21.471+0800: 8.275: [GC (Allocation Failure) 2024-07-16T18:26:21.471+0800: 8.275: [ParNew: 5231K->4K(6144K), 0.0003483 secs] 9513K->4285K(19840K), 0.0003976 secs] [Times: user=0.00 sys=0.00, real=0.00 secs] 
Heap after GC invocations=1074 (full 130):
 par new generation   total 6144K, used 4K [0x00000000fec00000, 0x00000000ff2a0000, 0x00000000ff2a0000)
  eden space 5504K,   0% used [0x00000000fec00000, 0x00000000fec00000, 0x00000000ff160000)
  from space 640K,   0% used [0x00000000ff200000, 0x00000000ff201020, 0x00000000ff2a0000)
  to   space 640K,   0% used [0x00000000ff160000, 0x00000000ff160000, 0x00000000ff200000)
 concurrent mark-sweep generation total 13696K, used 4281K [0x00000000ff2a0000, 0x0000000100000000, 0x0000000100000000)
 Metaspace       used 5073K, capacity 5258K, committed 5504K, reserved 1056768K
  class space    used 557K, capacity 597K, committed 640K, reserved 1048576K
}
{Heap before GC invocations=1074 (full 130):
 par new generation   total 6144K, used 5233K [0x00000000fec00000, 0x00000000ff2a0000, 0x00000000ff2a0000)
  eden space 5504K,  95% used [0x00000000fec00000, 0x00000000ff11b798, 0x00000000ff160000)
  from space 640K,   0% used [0x00000000ff200000, 0x00000000ff201020, 0x00000000ff2a0000)
  to   space 640K,   0% used [0x00000000ff160000, 0x00000000ff160000, 0x00000000ff200000)
 concurrent mark-sweep generation total 13696K, used 4281K [0x00000000ff2a0000, 0x0000000100000000, 0x0000000100000000)
 Metaspace       used 5073K, capacity 5258K, committed 5504K, reserved 1056768K
  class space    used 557K, capacity 597K, committed 640K, reserved 1048576K
2024-07-16T18:26:21.478+0800: 8.282: [GC (Allocation Failure) 2024-07-16T18:26:21.478+0800: 8.283: [ParNew: 5233K->10K(6144K), 0.0004052 secs] 9515K->5315K(19840K), 0.0005194 secs] [Times: user=0.00 sys=0.00, real=0.00 secs] 
Heap after GC invocations=1075 (full 130):
 par new generation   total 6144K, used 10K [0x00000000fec00000, 0x00000000ff2a0000, 0x00000000ff2a0000)
  eden space 5504K,   0% used [0x00000000fec00000, 0x00000000fec00000, 0x00000000ff160000)
  from space 640K,   1% used [0x00000000ff160000, 0x00000000ff162850, 0x00000000ff200000)
  to   space 640K,   0% used [0x00000000ff200000, 0x00000000ff200000, 0x00000000ff2a0000)
 concurrent mark-sweep generation total 13696K, used 5305K [0x00000000ff2a0000, 0x0000000100000000, 0x0000000100000000)
 Metaspace       used 5073K, capacity 5258K, committed 5504K, reserved 1056768K
  class space    used 557K, capacity 597K, committed 640K, reserved 1048576K
}
{Heap before GC invocations=1075 (full 130):
 par new generation   total 6144K, used 5239K [0x00000000fec00000, 0x00000000ff2a0000, 0x00000000ff2a0000)
  eden space 5504K,  95% used [0x00000000fec00000, 0x00000000ff11b798, 0x00000000ff160000)
  from space 640K,   1% used [0x00000000ff160000, 0x00000000ff162850, 0x00000000ff200000)
  to   space 640K,   0% used [0x00000000ff200000, 0x00000000ff200000, 0x00000000ff2a0000)
 concurrent mark-sweep generation total 13696K, used 5305K [0x00000000ff2a0000, 0x0000000100000000, 0x0000000100000000)
 Metaspace       used 5073K, capacity 5258K, committed 5504K, reserved 1056768K
  class space    used 557K, capacity 597K, committed 640K, reserved 1048576K
2024-07-16T18:26:21.484+0800: 8.288: [GC (Allocation Failure) 2024-07-16T18:26:21.484+0800: 8.289: [ParNew: 5239K->8K(6144K), 0.0003826 secs] 10545K->6339K(19840K), 0.0004212 secs] [Times: user=0.00 sys=0.00, real=0.00 secs] 
Heap after GC invocations=1076 (full 130):
 par new generation   total 6144K, used 8K [0x00000000fec00000, 0x00000000ff2a0000, 0x00000000ff2a0000)
  eden space 5504K,   0% used [0x00000000fec00000, 0x00000000fec00000, 0x00000000ff160000)
  from space 640K,   1% used [0x00000000ff200000, 0x00000000ff202040, 0x00000000ff2a0000)
  to   space 640K,   0% used [0x00000000ff160000, 0x00000000ff160000, 0x00000000ff200000)
 concurrent mark-sweep generation total 13696K, used 6331K [0x00000000ff2a0000, 0x0000000100000000, 0x0000000100000000)
 Metaspace       used 5073K, capacity 5258K, committed 5504K, reserved 1056768K
  class space    used 557K, capacity 597K, committed 640K, reserved 1048576K
}
{Heap before GC invocations=1076 (full 130):
 par new generation   total 6144K, used 5237K [0x00000000fec00000, 0x00000000ff2a0000, 0x00000000ff2a0000)
  eden space 5504K,  95% used [0x00000000fec00000, 0x00000000ff11b798, 0x00000000ff160000)
  from space 640K,   1% used [0x00000000ff200000, 0x00000000ff202040, 0x00000000ff2a0000)
  to   space 640K,   0% used [0x00000000ff160000, 0x00000000ff160000, 0x00000000ff200000)
 concurrent mark-sweep generation total 13696K, used 6331K [0x00000000ff2a0000, 0x0000000100000000, 0x0000000100000000)
 Metaspace       used 5073K, capacity 5258K, committed 5504K, reserved 1056768K
  class space    used 557K, capacity 597K, committed 640K, reserved 1048576K
2024-07-16T18:26:21.491+0800: 8.295: [GC (Allocation Failure) 2024-07-16T18:26:21.491+0800: 8.295: [ParNew: 5237K->4K(6144K), 0.0003188 secs] 11569K->6335K(19840K), 0.0004072 secs] [Times: user=0.00 sys=0.00, real=0.00 secs] 
Heap after GC invocations=1077 (full 130):
 par new generation   total 6144K, used 4K [0x00000000fec00000, 0x00000000ff2a0000, 0x00000000ff2a0000)
  eden space 5504K,   0% used [0x00000000fec00000, 0x00000000fec00000, 0x00000000ff160000)
  from space 640K,   0% used [0x00000000ff160000, 0x00000000ff161020, 0x00000000ff200000)
  to   space 640K,   0% used [0x00000000ff200000, 0x00000000ff200000, 0x00000000ff2a0000)
 concurrent mark-sweep generation total 13696K, used 6331K [0x00000000ff2a0000, 0x0000000100000000, 0x0000000100000000)
 Metaspace       used 5073K, capacity 5258K, committed 5504K, reserved 1056768K
  class space    used 557K, capacity 597K, committed 640K, reserved 1048576K
}
{Heap before GC invocations=1077 (full 130):
 par new generation   total 6144K, used 5233K [0x00000000fec00000, 0x00000000ff2a0000, 0x00000000ff2a0000)
  eden space 5504K,  95% used [0x00000000fec00000, 0x00000000ff11b798, 0x00000000ff160000)
  from space 640K,   0% used [0x00000000ff160000, 0x00000000ff161020, 0x00000000ff200000)
  to   space 640K,   0% used [0x00000000ff200000, 0x00000000ff200000, 0x00000000ff2a0000)
 concurrent mark-sweep generation total 13696K, used 6331K [0x00000000ff2a0000, 0x0000000100000000, 0x0000000100000000)
 Metaspace       used 5073K, capacity 5258K, committed 5504K, reserved 1056768K
  class space    used 557K, capacity 597K, committed 640K, reserved 1048576K
2024-07-16T18:26:21.499+0800: 8.303: [GC (Allocation Failure) 2024-07-16T18:26:21.499+0800: 8.303: [ParNew: 5233K->4K(6144K), 0.0003522 secs] 11565K->6335K(19840K), 0.0003944 secs] [Times: user=0.00 sys=0.00, real=0.00 secs] 
Heap after GC invocations=1078 (full 130):
 par new generation   total 6144K, used 4K [0x00000000fec00000, 0x00000000ff2a0000, 0x00000000ff2a0000)
  eden space 5504K,   0% used [0x00000000fec00000, 0x00000000fec00000, 0x00000000ff160000)
  from space 640K,   0% used [0x00000000ff200000, 0x00000000ff201020, 0x00000000ff2a0000)
  to   space 640K,   0% used [0x00000000ff160000, 0x00000000ff160000, 0x00000000ff200000)
 concurrent mark-sweep generation total 13696K, used 6331K [0x00000000ff2a0000, 0x0000000100000000, 0x0000000100000000)
 Metaspace       used 5073K, capacity 5258K, committed 5504K, reserved 1056768K
  class space    used 557K, capacity 597K, committed 640K, reserved 1048576K
}
{Heap before GC invocations=1078 (full 130):
 par new generation   total 6144K, used 5233K [0x00000000fec00000, 0x00000000ff2a0000, 0x00000000ff2a0000)
  eden space 5504K,  95% used [0x00000000fec00000, 0x00000000ff11b798, 0x00000000ff160000)
  from space 640K,   0% used [0x00000000ff200000, 0x00000000ff201020, 0x00000000ff2a0000)
  to   space 640K,   0% used [0x00000000ff160000, 0x00000000ff160000, 0x00000000ff200000)
 concurrent mark-sweep generation total 13696K, used 6331K [0x00000000ff2a0000, 0x0000000100000000, 0x0000000100000000)
 Metaspace       used 5073K, capacity 5258K, committed 5504K, reserved 1056768K
  class space    used 557K, capacity 597K, committed 640K, reserved 1048576K
2024-07-16T18:26:21.506+0800: 8.310: [GC (Allocation Failure) 2024-07-16T18:26:21.506+0800: 8.310: [ParNew: 5233K->8K(6144K), 0.0003638 secs] 11565K->7363K(19840K), 0.0004024 secs] [Times: user=0.00 sys=0.00, real=0.00 secs] 
Heap after GC invocations=1079 (full 130):
 par new generation   total 6144K, used 8K [0x00000000fec00000, 0x00000000ff2a0000, 0x00000000ff2a0000)
  eden space 5504K,   0% used [0x00000000fec00000, 0x00000000fec00000, 0x00000000ff160000)
  from space 640K,   1% used [0x00000000ff160000, 0x00000000ff162040, 0x00000000ff200000)
  to   space 640K,   0% used [0x00000000ff200000, 0x00000000ff200000, 0x00000000ff2a0000)
 concurrent mark-sweep generation total 13696K, used 7355K [0x00000000ff2a0000, 0x0000000100000000, 0x0000000100000000)
 Metaspace       used 5073K, capacity 5258K, committed 5504K, reserved 1056768K
  class space    used 557K, capacity 597K, committed 640K, reserved 1048576K
}
{Heap before GC invocations=1079 (full 130):
 par new generation   total 6144K, used 5237K [0x00000000fec00000, 0x00000000ff2a0000, 0x00000000ff2a0000)
  eden space 5504K,  95% used [0x00000000fec00000, 0x00000000ff11b798, 0x00000000ff160000)
  from space 640K,   1% used [0x00000000ff160000, 0x00000000ff162040, 0x00000000ff200000)
  to   space 640K,   0% used [0x00000000ff200000, 0x00000000ff200000, 0x00000000ff2a0000)
 concurrent mark-sweep generation total 13696K, used 7355K [0x00000000ff2a0000, 0x0000000100000000, 0x0000000100000000)
 Metaspace       used 5073K, capacity 5258K, committed 5504K, reserved 1056768K
  class space    used 557K, capacity 597K, committed 640K, reserved 1048576K
2024-07-16T18:26:21.513+0800: 8.317: [GC (Allocation Failure) 2024-07-16T18:26:21.513+0800: 8.317: [ParNew: 5237K->8K(6144K), 0.0004038 secs] 12593K->8389K(19840K), 0.0004503 secs] [Times: user=0.00 sys=0.00, real=0.00 secs] 
Heap after GC invocations=1080 (full 130):
 par new generation   total 6144K, used 8K [0x00000000fec00000, 0x00000000ff2a0000, 0x00000000ff2a0000)
  eden space 5504K,   0% used [0x00000000fec00000, 0x00000000fec00000, 0x00000000ff160000)
  from space 640K,   1% used [0x00000000ff200000, 0x00000000ff202040, 0x00000000ff2a0000)
  to   space 640K,   0% used [0x00000000ff160000, 0x00000000ff160000, 0x00000000ff200000)
 concurrent mark-sweep generation total 13696K, used 8381K [0x00000000ff2a0000, 0x0000000100000000, 0x0000000100000000)
 Metaspace       used 5073K, capacity 5258K, committed 5504K, reserved 1056768K
  class space    used 557K, capacity 597K, committed 640K, reserved 1048576K
}
2024-07-16T18:26:21.513+0800: 8.318: [GC (CMS Initial Mark) [1 CMS-initial-mark: 8381K(13696K)] 9413K(19840K), 0.0001250 secs] [Times: user=0.00 sys=0.00, real=0.00 secs] 
2024-07-16T18:26:21.513+0800: 8.318: [CMS-concurrent-mark-start]
2024-07-16T18:26:21.515+0800: 8.319: [CMS-concurrent-mark: 0.001/0.001 secs] [Times: user=0.00 sys=0.00, real=0.00 secs] 
2024-07-16T18:26:21.515+0800: 8.319: [CMS-concurrent-preclean-start]
2024-07-16T18:26:21.515+0800: 8.319: [CMS-concurrent-preclean: 0.000/0.000 secs] [Times: user=0.00 sys=0.00, real=0.00 secs] 
2024-07-16T18:26:21.515+0800: 8.319: [CMS-concurrent-abortable-preclean-start]
{Heap before GC invocations=1080 (full 131):
 par new generation   total 6144K, used 5237K [0x00000000fec00000, 0x00000000ff2a0000, 0x00000000ff2a0000)
  eden space 5504K,  95% used [0x00000000fec00000, 0x00000000ff11b798, 0x00000000ff160000)
  from space 640K,   1% used [0x00000000ff200000, 0x00000000ff202040, 0x00000000ff2a0000)
  to   space 640K,   0% used [0x00000000ff160000, 0x00000000ff160000, 0x00000000ff200000)
 concurrent mark-sweep generation total 13696K, used 8381K [0x00000000ff2a0000, 0x0000000100000000, 0x0000000100000000)
 Metaspace       used 5073K, capacity 5258K, committed 5504K, reserved 1056768K
  class space    used 557K, capacity 597K, committed 640K, reserved 1048576K
2024-07-16T18:26:21.521+0800: 8.325: [GC (Allocation Failure) 2024-07-16T18:26:21.521+0800: 8.325: [ParNew: 5237K->4K(6144K), 0.0002915 secs] 13619K->8385K(19840K), 0.0003338 secs] [Times: user=0.00 sys=0.00, real=0.00 secs] 
Heap after GC invocations=1081 (full 131):
 par new generation   total 6144K, used 4K [0x00000000fec00000, 0x00000000ff2a0000, 0x00000000ff2a0000)
  eden space 5504K,   0% used [0x00000000fec00000, 0x00000000fec00000, 0x00000000ff160000)
  from space 640K,   0% used [0x00000000ff160000, 0x00000000ff161020, 0x00000000ff200000)
  to   space 640K,   0% used [0x00000000ff200000, 0x00000000ff200000, 0x00000000ff2a0000)
 concurrent mark-sweep generation total 13696K, used 8381K [0x00000000ff2a0000, 0x0000000100000000, 0x0000000100000000)
 Metaspace       used 5073K, capacity 5258K, committed 5504K, reserved 1056768K
  class space    used 557K, capacity 597K, committed 640K, reserved 1048576K
}
{Heap before GC invocations=1081 (full 131):
 par new generation   total 6144K, used 5233K [0x00000000fec00000, 0x00000000ff2a0000, 0x00000000ff2a0000)
  eden space 5504K,  95% used [0x00000000fec00000, 0x00000000ff11b798, 0x00000000ff160000)
  from space 640K,   0% used [0x00000000ff160000, 0x00000000ff161020, 0x00000000ff200000)
  to   space 640K,   0% used [0x00000000ff200000, 0x00000000ff200000, 0x00000000ff2a0000)
 concurrent mark-sweep generation total 13696K, used 8381K [0x00000000ff2a0000, 0x0000000100000000, 0x0000000100000000)
 Metaspace       used 5073K, capacity 5258K, committed 5504K, reserved 1056768K
  class space    used 557K, capacity 597K, committed 640K, reserved 1048576K
2024-07-16T18:26:21.528+0800: 8.332: [GC (Allocation Failure) 2024-07-16T18:26:21.528+0800: 8.332: [ParNew: 5233K->10K(6144K), 0.0004012 secs] 13615K->9415K(19840K), 0.0004604 secs] [Times: user=0.00 sys=0.00, real=0.00 secs] 
Heap after GC invocations=1082 (full 131):
 par new generation   total 6144K, used 10K [0x00000000fec00000, 0x00000000ff2a0000, 0x00000000ff2a0000)
  eden space 5504K,   0% used [0x00000000fec00000, 0x00000000fec00000, 0x00000000ff160000)
  from space 640K,   1% used [0x00000000ff200000, 0x00000000ff202850, 0x00000000ff2a0000)
  to   space 640K,   0% used [0x00000000ff160000, 0x00000000ff160000, 0x00000000ff200000)
 concurrent mark-sweep generation total 13696K, used 9405K [0x00000000ff2a0000, 0x0000000100000000, 0x0000000100000000)
 Metaspace       used 5073K, capacity 5258K, committed 5504K, reserved 1056768K
  class space    used 557K, capacity 597K, committed 640K, reserved 1048576K
}
{Heap before GC invocations=1082 (full 131):
 par new generation   total 6144K, used 5239K [0x00000000fec00000, 0x00000000ff2a0000, 0x00000000ff2a0000)
  eden space 5504K,  95% used [0x00000000fec00000, 0x00000000ff11b798, 0x00000000ff160000)
  from space 640K,   1% used [0x00000000ff200000, 0x00000000ff202850, 0x00000000ff2a0000)
  to   space 640K,   0% used [0x00000000ff160000, 0x00000000ff160000, 0x00000000ff200000)
 concurrent mark-sweep generation total 13696K, used 9405K [0x00000000ff2a0000, 0x0000000100000000, 0x0000000100000000)
 Metaspace       used 5073K, capacity 5258K, committed 5504K, reserved 1056768K
  class space    used 557K, capacity 597K, committed 640K, reserved 1048576K
2024-07-16T18:26:21.534+0800: 8.338: [GC (Allocation Failure) 2024-07-16T18:26:21.534+0800: 8.338: [ParNew: 5239K->8K(6144K), 0.0003993 secs] 14645K->10439K(19840K), 0.0004376 secs] [Times: user=0.00 sys=0.00, real=0.00 secs] 
Heap after GC invocations=1083 (full 131):
 par new generation   total 6144K, used 8K [0x00000000fec00000, 0x00000000ff2a0000, 0x00000000ff2a0000)
  eden space 5504K,   0% used [0x00000000fec00000, 0x00000000fec00000, 0x00000000ff160000)
  from space 640K,   1% used [0x00000000ff160000, 0x00000000ff162040, 0x00000000ff200000)
  to   space 640K,   0% used [0x00000000ff200000, 0x00000000ff200000, 0x00000000ff2a0000)
 concurrent mark-sweep generation total 13696K, used 10431K [0x00000000ff2a0000, 0x0000000100000000, 0x0000000100000000)
 Metaspace       used 5073K, capacity 5258K, committed 5504K, reserved 1056768K
  class space    used 557K, capacity 597K, committed 640K, reserved 1048576K
}
{Heap before GC invocations=1083 (full 131):
 par new generation   total 6144K, used 5237K [0x00000000fec00000, 0x00000000ff2a0000, 0x00000000ff2a0000)
  eden space 5504K,  95% used [0x00000000fec00000, 0x00000000ff11b798, 0x00000000ff160000)
  from space 640K,   1% used [0x00000000ff160000, 0x00000000ff162040, 0x00000000ff200000)
  to   space 640K,   0% used [0x00000000ff200000, 0x00000000ff200000, 0x00000000ff2a0000)
 concurrent mark-sweep generation total 13696K, used 10431K [0x00000000ff2a0000, 0x0000000100000000, 0x0000000100000000)
 Metaspace       used 5073K, capacity 5258K, committed 5504K, reserved 1056768K
  class space    used 557K, capacity 597K, committed 640K, reserved 1048576K
2024-07-16T18:26:21.541+0800: 8.345: [GC (Allocation Failure) 2024-07-16T18:26:21.541+0800: 8.345: [ParNew: 5237K->4K(6144K), 0.0003139 secs] 15669K->10435K(19840K), 0.0003614 secs] [Times: user=0.00 sys=0.00, real=0.00 secs] 
Heap after GC invocations=1084 (full 131):
 par new generation   total 6144K, used 4K [0x00000000fec00000, 0x00000000ff2a0000, 0x00000000ff2a0000)
  eden space 5504K,   0% used [0x00000000fec00000, 0x00000000fec00000, 0x00000000ff160000)
  from space 640K,   0% used [0x00000000ff200000, 0x00000000ff201020, 0x00000000ff2a0000)
  to   space 640K,   0% used [0x00000000ff160000, 0x00000000ff160000, 0x00000000ff200000)
 concurrent mark-sweep generation total 13696K, used 10431K [0x00000000ff2a0000, 0x0000000100000000, 0x0000000100000000)
 Metaspace       used 5073K, capacity 5258K, committed 5504K, reserved 1056768K
  class space    used 557K, capacity 597K, committed 640K, reserved 1048576K
}
{Heap before GC invocations=1084 (full 131):
 par new generation   total 6144K, used 5233K [0x00000000fec00000, 0x00000000ff2a0000, 0x00000000ff2a0000)
  eden space 5504K,  95% used [0x00000000fec00000, 0x00000000ff11b798, 0x00000000ff160000)
  from space 640K,   0% used [0x00000000ff200000, 0x00000000ff201020, 0x00000000ff2a0000)
  to   space 640K,   0% used [0x00000000ff160000, 0x00000000ff160000, 0x00000000ff200000)
 concurrent mark-sweep generation total 13696K, used 10431K [0x00000000ff2a0000, 0x0000000100000000, 0x0000000100000000)
 Metaspace       used 5073K, capacity 5258K, committed 5504K, reserved 1056768K
  class space    used 557K, capacity 597K, committed 640K, reserved 1048576K
2024-07-16T18:26:21.548+0800: 8.352: [GC (Allocation Failure) 2024-07-16T18:26:21.548+0800: 8.352: [ParNew: 5233K->4K(6144K), 0.0002840 secs] 15665K->10435K(19840K), 0.0003267 secs] [Times: user=0.00 sys=0.00, real=0.00 secs] 
Heap after GC invocations=1085 (full 131):
 par new generation   total 6144K, used 4K [0x00000000fec00000, 0x00000000ff2a0000, 0x00000000ff2a0000)
  eden space 5504K,   0% used [0x00000000fec00000, 0x00000000fec00000, 0x00000000ff160000)
  from space 640K,   0% used [0x00000000ff160000, 0x00000000ff161020, 0x00000000ff200000)
  to   space 640K,   0% used [0x00000000ff200000, 0x00000000ff200000, 0x00000000ff2a0000)
 concurrent mark-sweep generation total 13696K, used 10431K [0x00000000ff2a0000, 0x0000000100000000, 0x0000000100000000)
 Metaspace       used 5073K, capacity 5258K, committed 5504K, reserved 1056768K
  class space    used 557K, capacity 597K, committed 640K, reserved 1048576K
}
{Heap before GC invocations=1085 (full 131):
 par new generation   total 6144K, used 5233K [0x00000000fec00000, 0x00000000ff2a0000, 0x00000000ff2a0000)
  eden space 5504K,  95% used [0x00000000fec00000, 0x00000000ff11b798, 0x00000000ff160000)
  from space 640K,   0% used [0x00000000ff160000, 0x00000000ff161020, 0x00000000ff200000)
  to   space 640K,   0% used [0x00000000ff200000, 0x00000000ff200000, 0x00000000ff2a0000)
 concurrent mark-sweep generation total 13696K, used 10431K [0x00000000ff2a0000, 0x0000000100000000, 0x0000000100000000)
 Metaspace       used 5073K, capacity 5258K, committed 5504K, reserved 1056768K
  class space    used 557K, capacity 597K, committed 640K, reserved 1048576K
2024-07-16T18:26:21.555+0800: 8.359: [GC (Allocation Failure) 2024-07-16T18:26:21.555+0800: 8.359: [ParNew: 5233K->4K(6144K), 0.0003654 secs] 15665K->10435K(19840K), 0.0004069 secs] [Times: user=0.00 sys=0.00, real=0.00 secs] 
Heap after GC invocations=1086 (full 131):
 par new generation   total 6144K, used 4K [0x00000000fec00000, 0x00000000ff2a0000, 0x00000000ff2a0000)
  eden space 5504K,   0% used [0x00000000fec00000, 0x00000000fec00000, 0x00000000ff160000)
  from space 640K,   0% used [0x00000000ff200000, 0x00000000ff201020, 0x00000000ff2a0000)
  to   space 640K,   0% used [0x00000000ff160000, 0x00000000ff160000, 0x00000000ff200000)
 concurrent mark-sweep generation total 13696K, used 10431K [0x00000000ff2a0000, 0x0000000100000000, 0x0000000100000000)
 Metaspace       used 5073K, capacity 5258K, committed 5504K, reserved 1056768K
  class space    used 557K, capacity 597K, committed 640K, reserved 1048576K
}
{Heap before GC invocations=1086 (full 131):
 par new generation   total 6144K, used 5233K [0x00000000fec00000, 0x00000000ff2a0000, 0x00000000ff2a0000)
  eden space 5504K,  95% used [0x00000000fec00000, 0x00000000ff11b798, 0x00000000ff160000)
  from space 640K,   0% used [0x00000000ff200000, 0x00000000ff201020, 0x00000000ff2a0000)
  to   space 640K,   0% used [0x00000000ff160000, 0x00000000ff160000, 0x00000000ff200000)
 concurrent mark-sweep generation total 13696K, used 10431K [0x00000000ff2a0000, 0x0000000100000000, 0x0000000100000000)
 Metaspace       used 5073K, capacity 5258K, committed 5504K, reserved 1056768K
  class space    used 557K, capacity 597K, committed 640K, reserved 1048576K
2024-07-16T18:26:21.561+0800: 8.365: [GC (Allocation Failure) 2024-07-16T18:26:21.561+0800: 8.365: [ParNew: 5233K->6K(6144K), 0.0004111 secs] 15665K->11463K(19840K), 0.0004551 secs] [Times: user=0.00 sys=0.00, real=0.00 secs] 
Heap after GC invocations=1087 (full 131):
 par new generation   total 6144K, used 6K [0x00000000fec00000, 0x00000000ff2a0000, 0x00000000ff2a0000)
  eden space 5504K,   0% used [0x00000000fec00000, 0x00000000fec00000, 0x00000000ff160000)
  from space 640K,   0% used [0x00000000ff160000, 0x00000000ff161830, 0x00000000ff200000)
  to   space 640K,   0% used [0x00000000ff200000, 0x00000000ff200000, 0x00000000ff2a0000)
 concurrent mark-sweep generation total 13696K, used 11457K [0x00000000ff2a0000, 0x0000000100000000, 0x0000000100000000)
 Metaspace       used 5073K, capacity 5258K, committed 5504K, reserved 1056768K
  class space    used 557K, capacity 597K, committed 640K, reserved 1048576K
}
{Heap before GC invocations=1087 (full 131):
 par new generation   total 6144K, used 5235K [0x00000000fec00000, 0x00000000ff2a0000, 0x00000000ff2a0000)
  eden space 5504K,  95% used [0x00000000fec00000, 0x00000000ff11b798, 0x00000000ff160000)
  from space 640K,   0% used [0x00000000ff160000, 0x00000000ff161830, 0x00000000ff200000)
  to   space 640K,   0% used [0x00000000ff200000, 0x00000000ff200000, 0x00000000ff2a0000)
 concurrent mark-sweep generation total 13696K, used 11457K [0x00000000ff2a0000, 0x0000000100000000, 0x0000000100000000)
 Metaspace       used 5073K, capacity 5258K, committed 5504K, reserved 1056768K
  class space    used 557K, capacity 597K, committed 640K, reserved 1048576K
2024-07-16T18:26:21.568+0800: 8.372: [GC (Allocation Failure) 2024-07-16T18:26:21.568+0800: 8.372: [ParNew: 5235K->6K(6144K), 0.0004044 secs] 16693K->12487K(19840K), 0.0004538 secs] [Times: user=0.00 sys=0.00, real=0.00 secs] 
Heap after GC invocations=1088 (full 131):
 par new generation   total 6144K, used 6K [0x00000000fec00000, 0x00000000ff2a0000, 0x00000000ff2a0000)
  eden space 5504K,   0% used [0x00000000fec00000, 0x00000000fec00000, 0x00000000ff160000)
  from space 640K,   0% used [0x00000000ff200000, 0x00000000ff201830, 0x00000000ff2a0000)
  to   space 640K,   0% used [0x00000000ff160000, 0x00000000ff160000, 0x00000000ff200000)
 concurrent mark-sweep generation total 13696K, used 12481K [0x00000000ff2a0000, 0x0000000100000000, 0x0000000100000000)
 Metaspace       used 5073K, capacity 5258K, committed 5504K, reserved 1056768K
  class space    used 557K, capacity 597K, committed 640K, reserved 1048576K
}
{Heap before GC invocations=1088 (full 131):
 par new generation   total 6144K, used 5235K [0x00000000fec00000, 0x00000000ff2a0000, 0x00000000ff2a0000)
  eden space 5504K,  95% used [0x00000000fec00000, 0x00000000ff11b798, 0x00000000ff160000)
  from space 640K,   0% used [0x00000000ff200000, 0x00000000ff201830, 0x00000000ff2a0000)
  to   space 640K,   0% used [0x00000000ff160000, 0x00000000ff160000, 0x00000000ff200000)
 concurrent mark-sweep generation total 13696K, used 12481K [0x00000000ff2a0000, 0x0000000100000000, 0x0000000100000000)
 Metaspace       used 5073K, capacity 5258K, committed 5504K, reserved 1056768K
  class space    used 557K, capacity 597K, committed 640K, reserved 1048576K
2024-07-16T18:26:21.577+0800: 8.381: [GC (Allocation Failure) 2024-07-16T18:26:21.577+0800: 8.381: [ParNew: 5235K->5235K(6144K), 0.0000179 secs]2024-07-16T18:26:21.577+0800: 8.381: [CMS2024-07-16T18:26:21.577+0800: 8.381: [CMS-concurrent-abortable-preclean: 0.001/0.062 secs] [Times: user=0.00 sys=0.00, real=0.06 secs] 
 (concurrent mode failure): 12481K->1205K(13696K), 0.0025599 secs] 17717K->1205K(19840K), [Metaspace: 5073K->5073K(1056768K)], 0.0026581 secs] [Times: user=0.00 sys=0.00, real=0.00 secs] 
Heap after GC invocations=1089 (full 132):
 par new generation   total 6144K, used 0K [0x00000000fec00000, 0x00000000ff2a0000, 0x00000000ff2a0000)
  eden space 5504K,   0% used [0x00000000fec00000, 0x00000000fec00000, 0x00000000ff160000)
  from space 640K,   0% used [0x00000000ff200000, 0x00000000ff200000, 0x00000000ff2a0000)
  to   space 640K,   0% used [0x00000000ff160000, 0x00000000ff160000, 0x00000000ff200000)
 concurrent mark-sweep generation total 13696K, used 1205K [0x00000000ff2a0000, 0x0000000100000000, 0x0000000100000000)
 Metaspace       used 5073K, capacity 5258K, committed 5504K, reserved 1056768K
  class space    used 557K, capacity 597K, committed 640K, reserved 1048576K
}
{Heap before GC invocations=1089 (full 132):
 par new generation   total 6144K, used 5229K [0x00000000fec00000, 0x00000000ff2a0000, 0x00000000ff2a0000)
  eden space 5504K,  95% used [0x00000000fec00000, 0x00000000ff11b798, 0x00000000ff160000)
  from space 640K,   0% used [0x00000000ff200000, 0x00000000ff200000, 0x00000000ff2a0000)
  to   space 640K,   0% used [0x00000000ff160000, 0x00000000ff160000, 0x00000000ff200000)
 concurrent mark-sweep generation total 13696K, used 1205K [0x00000000ff2a0000, 0x0000000100000000, 0x0000000100000000)
 Metaspace       used 5073K, capacity 5258K, committed 5504K, reserved 1056768K
  class space    used 557K, capacity 597K, committed 640K, reserved 1048576K
2024-07-16T18:26:21.587+0800: 8.391: [GC (Allocation Failure) 2024-07-16T18:26:21.587+0800: 8.391: [ParNew: 5229K->4K(6144K), 0.0003766 secs] 6434K->1209K(19840K), 0.0004330 secs] [Times: user=0.00 sys=0.00, real=0.00 secs] 
Heap after GC invocations=1090 (full 132):
 par new generation   total 6144K, used 4K [0x00000000fec00000, 0x00000000ff2a0000, 0x00000000ff2a0000)
  eden space 5504K,   0% used [0x00000000fec00000, 0x00000000fec00000, 0x00000000ff160000)
  from space 640K,   0% used [0x00000000ff160000, 0x00000000ff161020, 0x00000000ff200000)
  to   space 640K,   0% used [0x00000000ff200000, 0x00000000ff200000, 0x00000000ff2a0000)
 concurrent mark-sweep generation total 13696K, used 1205K [0x00000000ff2a0000, 0x0000000100000000, 0x0000000100000000)
 Metaspace       used 5073K, capacity 5258K, committed 5504K, reserved 1056768K
  class space    used 557K, capacity 597K, committed 640K, reserved 1048576K
}
{Heap before GC invocations=1090 (full 132):
 par new generation   total 6144K, used 5233K [0x00000000fec00000, 0x00000000ff2a0000, 0x00000000ff2a0000)
  eden space 5504K,  95% used [0x00000000fec00000, 0x00000000ff11b798, 0x00000000ff160000)
  from space 640K,   0% used [0x00000000ff160000, 0x00000000ff161020, 0x00000000ff200000)
  to   space 640K,   0% used [0x00000000ff200000, 0x00000000ff200000, 0x00000000ff2a0000)
 concurrent mark-sweep generation total 13696K, used 1205K [0x00000000ff2a0000, 0x0000000100000000, 0x0000000100000000)
 Metaspace       used 5073K, capacity 5258K, committed 5504K, reserved 1056768K
  class space    used 557K, capacity 597K, committed 640K, reserved 1048576K
2024-07-16T18:26:21.595+0800: 8.399: [GC (Allocation Failure) 2024-07-16T18:26:21.595+0800: 8.399: [ParNew: 5233K->4K(6144K), 0.0003134 secs] 6439K->1209K(19840K), 0.0003543 secs] [Times: user=0.00 sys=0.00, real=0.00 secs] 
Heap after GC invocations=1091 (full 132):
 par new generation   total 6144K, used 4K [0x00000000fec00000, 0x00000000ff2a0000, 0x00000000ff2a0000)
  eden space 5504K,   0% used [0x00000000fec00000, 0x00000000fec00000, 0x00000000ff160000)
  from space 640K,   0% used [0x00000000ff200000, 0x00000000ff201020, 0x00000000ff2a0000)
  to   space 640K,   0% used [0x00000000ff160000, 0x00000000ff160000, 0x00000000ff200000)
 concurrent mark-sweep generation total 13696K, used 1205K [0x00000000ff2a0000, 0x0000000100000000, 0x0000000100000000)
 Metaspace       used 5073K, capacity 5258K, committed 5504K, reserved 1056768K
  class space    used 557K, capacity 597K, committed 640K, reserved 1048576K
}
{Heap before GC invocations=1091 (full 132):
 par new generation   total 6144K, used 5233K [0x00000000fec00000, 0x00000000ff2a0000, 0x00000000ff2a0000)
  eden space 5504K,  95% used [0x00000000fec00000, 0x00000000ff11b798, 0x00000000ff160000)
  from space 640K,   0% used [0x00000000ff200000, 0x00000000ff201020, 0x00000000ff2a0000)
  to   space 640K,   0% used [0x00000000ff160000, 0x00000000ff160000, 0x00000000ff200000)
 concurrent mark-sweep generation total 13696K, used 1205K [0x00000000ff2a0000, 0x0000000100000000, 0x0000000100000000)
 Metaspace       used 5073K, capacity 5258K, committed 5504K, reserved 1056768K
  class space    used 557K, capacity 597K, committed 640K, reserved 1048576K
2024-07-16T18:26:21.602+0800: 8.406: [GC (Allocation Failure) 2024-07-16T18:26:21.602+0800: 8.406: [ParNew: 5233K->4K(6144K), 0.0003344 secs] 6439K->1209K(19840K), 0.0003848 secs] [Times: user=0.00 sys=0.00, real=0.00 secs] 
Heap after GC invocations=1092 (full 132):
 par new generation   total 6144K, used 4K [0x00000000fec00000, 0x00000000ff2a0000, 0x00000000ff2a0000)
  eden space 5504K,   0% used [0x00000000fec00000, 0x00000000fec00000, 0x00000000ff160000)
  from space 640K,   0% used [0x00000000ff160000, 0x00000000ff161020, 0x00000000ff200000)
  to   space 640K,   0% used [0x00000000ff200000, 0x00000000ff200000, 0x00000000ff2a0000)
 concurrent mark-sweep generation total 13696K, used 1205K [0x00000000ff2a0000, 0x0000000100000000, 0x0000000100000000)
 Metaspace       used 5073K, capacity 5258K, committed 5504K, reserved 1056768K
  class space    used 557K, capacity 597K, committed 640K, reserved 1048576K
}
{Heap before GC invocations=1092 (full 132):
 par new generation   total 6144K, used 5233K [0x00000000fec00000, 0x00000000ff2a0000, 0x00000000ff2a0000)
  eden space 5504K,  95% used [0x00000000fec00000, 0x00000000ff11b798, 0x00000000ff160000)
  from space 640K,   0% used [0x00000000ff160000, 0x00000000ff161020, 0x00000000ff200000)
  to   space 640K,   0% used [0x00000000ff200000, 0x00000000ff200000, 0x00000000ff2a0000)
 concurrent mark-sweep generation total 13696K, used 1205K [0x00000000ff2a0000, 0x0000000100000000, 0x0000000100000000)
 Metaspace       used 5073K, capacity 5258K, committed 5504K, reserved 1056768K
  class space    used 557K, capacity 597K, committed 640K, reserved 1048576K
2024-07-16T18:26:21.609+0800: 8.413: [GC (Allocation Failure) 2024-07-16T18:26:21.609+0800: 8.413: [ParNew: 5233K->4K(6144K), 0.0002915 secs] 6439K->1209K(19840K), 0.0003424 secs] [Times: user=0.00 sys=0.00, real=0.00 secs] 
Heap after GC invocations=1093 (full 132):
 par new generation   total 6144K, used 4K [0x00000000fec00000, 0x00000000ff2a0000, 0x00000000ff2a0000)
  eden space 5504K,   0% used [0x00000000fec00000, 0x00000000fec00000, 0x00000000ff160000)
  from space 640K,   0% used [0x00000000ff200000, 0x00000000ff201020, 0x00000000ff2a0000)
  to   space 640K,   0% used [0x00000000ff160000, 0x00000000ff160000, 0x00000000ff200000)
 concurrent mark-sweep generation total 13696K, used 1205K [0x00000000ff2a0000, 0x0000000100000000, 0x0000000100000000)
 Metaspace       used 5073K, capacity 5258K, committed 5504K, reserved 1056768K
  class space    used 557K, capacity 597K, committed 640K, reserved 1048576K
}
{Heap before GC invocations=1093 (full 132):
 par new generation   total 6144K, used 5233K [0x00000000fec00000, 0x00000000ff2a0000, 0x00000000ff2a0000)
  eden space 5504K,  95% used [0x00000000fec00000, 0x00000000ff11b798, 0x00000000ff160000)
  from space 640K,   0% used [0x00000000ff200000, 0x00000000ff201020, 0x00000000ff2a0000)
  to   space 640K,   0% used [0x00000000ff160000, 0x00000000ff160000, 0x00000000ff200000)
 concurrent mark-sweep generation total 13696K, used 1205K [0x00000000ff2a0000, 0x0000000100000000, 0x0000000100000000)
 Metaspace       used 5073K, capacity 5258K, committed 5504K, reserved 1056768K
  class space    used 557K, capacity 597K, committed 640K, reserved 1048576K
2024-07-16T18:26:21.617+0800: 8.421: [GC (Allocation Failure) 2024-07-16T18:26:21.617+0800: 8.421: [ParNew: 5233K->4K(6144K), 0.0002764 secs] 6439K->1209K(19840K), 0.0003247 secs] [Times: user=0.00 sys=0.00, real=0.00 secs] 
Heap after GC invocations=1094 (full 132):
 par new generation   total 6144K, used 4K [0x00000000fec00000, 0x00000000ff2a0000, 0x00000000ff2a0000)
  eden space 5504K,   0% used [0x00000000fec00000, 0x00000000fec00000, 0x00000000ff160000)
  from space 640K,   0% used [0x00000000ff160000, 0x00000000ff161020, 0x00000000ff200000)
  to   space 640K,   0% used [0x00000000ff200000, 0x00000000ff200000, 0x00000000ff2a0000)
 concurrent mark-sweep generation total 13696K, used 1205K [0x00000000ff2a0000, 0x0000000100000000, 0x0000000100000000)
 Metaspace       used 5073K, capacity 5258K, committed 5504K, reserved 1056768K
  class space    used 557K, capacity 597K, committed 640K, reserved 1048576K
}
{Heap before GC invocations=1094 (full 132):
 par new generation   total 6144K, used 5233K [0x00000000fec00000, 0x00000000ff2a0000, 0x00000000ff2a0000)
  eden space 5504K,  95% used [0x00000000fec00000, 0x00000000ff11b798, 0x00000000ff160000)
  from space 640K,   0% used [0x00000000ff160000, 0x00000000ff161020, 0x00000000ff200000)
  to   space 640K,   0% used [0x00000000ff200000, 0x00000000ff200000, 0x00000000ff2a0000)
 concurrent mark-sweep generation total 13696K, used 1205K [0x00000000ff2a0000, 0x0000000100000000, 0x0000000100000000)
 Metaspace       used 5073K, capacity 5258K, committed 5504K, reserved 1056768K
  class space    used 557K, capacity 597K, committed 640K, reserved 1048576K
2024-07-16T18:26:21.623+0800: 8.427: [GC (Allocation Failure) 2024-07-16T18:26:21.623+0800: 8.427: [ParNew: 5233K->6K(6144K), 0.0004462 secs] 6439K->2237K(19840K), 0.0004868 secs] [Times: user=0.00 sys=0.00, real=0.00 secs] 
Heap after GC invocations=1095 (full 132):
 par new generation   total 6144K, used 6K [0x00000000fec00000, 0x00000000ff2a0000, 0x00000000ff2a0000)
  eden space 5504K,   0% used [0x00000000fec00000, 0x00000000fec00000, 0x00000000ff160000)
  from space 640K,   0% used [0x00000000ff200000, 0x00000000ff201830, 0x00000000ff2a0000)
  to   space 640K,   0% used [0x00000000ff160000, 0x00000000ff160000, 0x00000000ff200000)
 concurrent mark-sweep generation total 13696K, used 2231K [0x00000000ff2a0000, 0x0000000100000000, 0x0000000100000000)
 Metaspace       used 5073K, capacity 5258K, committed 5504K, reserved 1056768K
  class space    used 557K, capacity 597K, committed 640K, reserved 1048576K
}
{Heap before GC invocations=1095 (full 132):
 par new generation   total 6144K, used 5235K [0x00000000fec00000, 0x00000000ff2a0000, 0x00000000ff2a0000)
  eden space 5504K,  95% used [0x00000000fec00000, 0x00000000ff11b798, 0x00000000ff160000)
  from space 640K,   0% used [0x00000000ff200000, 0x00000000ff201830, 0x00000000ff2a0000)
  to   space 640K,   0% used [0x00000000ff160000, 0x00000000ff160000, 0x00000000ff200000)
 concurrent mark-sweep generation total 13696K, used 2231K [0x00000000ff2a0000, 0x0000000100000000, 0x0000000100000000)
 Metaspace       used 5073K, capacity 5258K, committed 5504K, reserved 1056768K
  class space    used 557K, capacity 597K, committed 640K, reserved 1048576K
2024-07-16T18:26:21.631+0800: 8.435: [GC (Allocation Failure) 2024-07-16T18:26:21.631+0800: 8.435: [ParNew: 5235K->4K(6144K), 0.0003257 secs] 7467K->2235K(19840K), 0.0003652 secs] [Times: user=0.00 sys=0.00, real=0.00 secs] 
Heap after GC invocations=1096 (full 132):
 par new generation   total 6144K, used 4K [0x00000000fec00000, 0x00000000ff2a0000, 0x00000000ff2a0000)
  eden space 5504K,   0% used [0x00000000fec00000, 0x00000000fec00000, 0x00000000ff160000)
  from space 640K,   0% used [0x00000000ff160000, 0x00000000ff161020, 0x00000000ff200000)
  to   space 640K,   0% used [0x00000000ff200000, 0x00000000ff200000, 0x00000000ff2a0000)
 concurrent mark-sweep generation total 13696K, used 2231K [0x00000000ff2a0000, 0x0000000100000000, 0x0000000100000000)
 Metaspace       used 5073K, capacity 5258K, committed 5504K, reserved 1056768K
  class space    used 557K, capacity 597K, committed 640K, reserved 1048576K
}
{Heap before GC invocations=1096 (full 132):
 par new generation   total 6144K, used 5233K [0x00000000fec00000, 0x00000000ff2a0000, 0x00000000ff2a0000)
  eden space 5504K,  95% used [0x00000000fec00000, 0x00000000ff11b798, 0x00000000ff160000)
  from space 640K,   0% used [0x00000000ff160000, 0x00000000ff161020, 0x00000000ff200000)
  to   space 640K,   0% used [0x00000000ff200000, 0x00000000ff200000, 0x00000000ff2a0000)
 concurrent mark-sweep generation total 13696K, used 2231K [0x00000000ff2a0000, 0x0000000100000000, 0x0000000100000000)
 Metaspace       used 5073K, capacity 5258K, committed 5504K, reserved 1056768K
  class space    used 557K, capacity 597K, committed 640K, reserved 1048576K
2024-07-16T18:26:21.639+0800: 8.443: [GC (Allocation Failure) 2024-07-16T18:26:21.639+0800: 8.443: [ParNew: 5233K->4K(6144K), 0.0002850 secs] 7465K->2235K(19840K), 0.0003338 secs] [Times: user=0.00 sys=0.00, real=0.00 secs] 
Heap after GC invocations=1097 (full 132):
 par new generation   total 6144K, used 4K [0x00000000fec00000, 0x00000000ff2a0000, 0x00000000ff2a0000)
  eden space 5504K,   0% used [0x00000000fec00000, 0x00000000fec00000, 0x00000000ff160000)
  from space 640K,   0% used [0x00000000ff200000, 0x00000000ff201020, 0x00000000ff2a0000)
  to   space 640K,   0% used [0x00000000ff160000, 0x00000000ff160000, 0x00000000ff200000)
 concurrent mark-sweep generation total 13696K, used 2231K [0x00000000ff2a0000, 0x0000000100000000, 0x0000000100000000)
 Metaspace       used 5073K, capacity 5258K, committed 5504K, reserved 1056768K
  class space    used 557K, capacity 597K, committed 640K, reserved 1048576K
}
{Heap before GC invocations=1097 (full 132):
 par new generation   total 6144K, used 5233K [0x00000000fec00000, 0x00000000ff2a0000, 0x00000000ff2a0000)
  eden space 5504K,  95% used [0x00000000fec00000, 0x00000000ff11b798, 0x00000000ff160000)
  from space 640K,   0% used [0x00000000ff200000, 0x00000000ff201020, 0x00000000ff2a0000)
  to   space 640K,   0% used [0x00000000ff160000, 0x00000000ff160000, 0x00000000ff200000)
 concurrent mark-sweep generation total 13696K, used 2231K [0x00000000ff2a0000, 0x0000000100000000, 0x0000000100000000)
 Metaspace       used 5073K, capacity 5258K, committed 5504K, reserved 1056768K
  class space    used 557K, capacity 597K, committed 640K, reserved 1048576K
2024-07-16T18:26:21.647+0800: 8.451: [GC (Allocation Failure) 2024-07-16T18:26:21.647+0800: 8.451: [ParNew: 5233K->4K(6144K), 0.0003177 secs] 7465K->2235K(19840K), 0.0003717 secs] [Times: user=0.00 sys=0.00, real=0.00 secs] 
Heap after GC invocations=1098 (full 132):
 par new generation   total 6144K, used 4K [0x00000000fec00000, 0x00000000ff2a0000, 0x00000000ff2a0000)
  eden space 5504K,   0% used [0x00000000fec00000, 0x00000000fec00000, 0x00000000ff160000)
  from space 640K,   0% used [0x00000000ff160000, 0x00000000ff161020, 0x00000000ff200000)
  to   space 640K,   0% used [0x00000000ff200000, 0x00000000ff200000, 0x00000000ff2a0000)
 concurrent mark-sweep generation total 13696K, used 2231K [0x00000000ff2a0000, 0x0000000100000000, 0x0000000100000000)
 Metaspace       used 5073K, capacity 5258K, committed 5504K, reserved 1056768K
  class space    used 557K, capacity 597K, committed 640K, reserved 1048576K
}
{Heap before GC invocations=1098 (full 132):
 par new generation   total 6144K, used 5233K [0x00000000fec00000, 0x00000000ff2a0000, 0x00000000ff2a0000)
  eden space 5504K,  95% used [0x00000000fec00000, 0x00000000ff11b798, 0x00000000ff160000)
  from space 640K,   0% used [0x00000000ff160000, 0x00000000ff161020, 0x00000000ff200000)
  to   space 640K,   0% used [0x00000000ff200000, 0x00000000ff200000, 0x00000000ff2a0000)
 concurrent mark-sweep generation total 13696K, used 2231K [0x00000000ff2a0000, 0x0000000100000000, 0x0000000100000000)
 Metaspace       used 5073K, capacity 5258K, committed 5504K, reserved 1056768K
  class space    used 557K, capacity 597K, committed 640K, reserved 1048576K
2024-07-16T18:26:21.655+0800: 8.459: [GC (Allocation Failure) 2024-07-16T18:26:21.655+0800: 8.459: [ParNew: 5233K->6K(6144K), 0.0004170 secs] 7465K->3263K(19840K), 0.0004623 secs] [Times: user=0.00 sys=0.00, real=0.00 secs] 
Heap after GC invocations=1099 (full 132):
 par new generation   total 6144K, used 6K [0x00000000fec00000, 0x00000000ff2a0000, 0x00000000ff2a0000)
  eden space 5504K,   0% used [0x00000000fec00000, 0x00000000fec00000, 0x00000000ff160000)
  from space 640K,   0% used [0x00000000ff200000, 0x00000000ff201830, 0x00000000ff2a0000)
  to   space 640K,   0% used [0x00000000ff160000, 0x00000000ff160000, 0x00000000ff200000)
 concurrent mark-sweep generation total 13696K, used 3257K [0x00000000ff2a0000, 0x0000000100000000, 0x0000000100000000)
 Metaspace       used 5073K, capacity 5258K, committed 5504K, reserved 1056768K
  class space    used 557K, capacity 597K, committed 640K, reserved 1048576K
}
{Heap before GC invocations=1099 (full 132):
 par new generation   total 6144K, used 5235K [0x00000000fec00000, 0x00000000ff2a0000, 0x00000000ff2a0000)
  eden space 5504K,  95% used [0x00000000fec00000, 0x00000000ff11b798, 0x00000000ff160000)
  from space 640K,   0% used [0x00000000ff200000, 0x00000000ff201830, 0x00000000ff2a0000)
  to   space 640K,   0% used [0x00000000ff160000, 0x00000000ff160000, 0x00000000ff200000)
 concurrent mark-sweep generation total 13696K, used 3257K [0x00000000ff2a0000, 0x0000000100000000, 0x0000000100000000)
 Metaspace       used 5073K, capacity 5258K, committed 5504K, reserved 1056768K
  class space    used 557K, capacity 597K, committed 640K, reserved 1048576K
2024-07-16T18:26:21.663+0800: 8.467: [GC (Allocation Failure) 2024-07-16T18:26:21.663+0800: 8.467: [ParNew: 5235K->4K(6144K), 0.0002967 secs] 8493K->3261K(19840K), 0.0003317 secs] [Times: user=0.00 sys=0.00, real=0.00 secs] 
Heap after GC invocations=1100 (full 132):
 par new generation   total 6144K, used 4K [0x00000000fec00000, 0x00000000ff2a0000, 0x00000000ff2a0000)
  eden space 5504K,   0% used [0x00000000fec00000, 0x00000000fec00000, 0x00000000ff160000)
  from space 640K,   0% used [0x00000000ff160000, 0x00000000ff161020, 0x00000000ff200000)
  to   space 640K,   0% used [0x00000000ff200000, 0x00000000ff200000, 0x00000000ff2a0000)
 concurrent mark-sweep generation total 13696K, used 3257K [0x00000000ff2a0000, 0x0000000100000000, 0x0000000100000000)
 Metaspace       used 5073K, capacity 5258K, committed 5504K, reserved 1056768K
  class space    used 557K, capacity 597K, committed 640K, reserved 1048576K
}
{Heap before GC invocations=1100 (full 132):
 par new generation   total 6144K, used 5233K [0x00000000fec00000, 0x00000000ff2a0000, 0x00000000ff2a0000)
  eden space 5504K,  95% used [0x00000000fec00000, 0x00000000ff11b798, 0x00000000ff160000)
  from space 640K,   0% used [0x00000000ff160000, 0x00000000ff161020, 0x00000000ff200000)
  to   space 640K,   0% used [0x00000000ff200000, 0x00000000ff200000, 0x00000000ff2a0000)
 concurrent mark-sweep generation total 13696K, used 3257K [0x00000000ff2a0000, 0x0000000100000000, 0x0000000100000000)
 Metaspace       used 5073K, capacity 5258K, committed 5504K, reserved 1056768K
  class space    used 557K, capacity 597K, committed 640K, reserved 1048576K
2024-07-16T18:26:21.669+0800: 8.473: [GC (Allocation Failure) 2024-07-16T18:26:21.669+0800: 8.473: [ParNew: 5233K->6K(6144K), 0.0004699 secs] 8491K->4289K(19840K), 0.0005169 secs] [Times: user=0.00 sys=0.00, real=0.00 secs] 
Heap after GC invocations=1101 (full 132):
 par new generation   total 6144K, used 6K [0x00000000fec00000, 0x00000000ff2a0000, 0x00000000ff2a0000)
  eden space 5504K,   0% used [0x00000000fec00000, 0x00000000fec00000, 0x00000000ff160000)
  from space 640K,   0% used [0x00000000ff200000, 0x00000000ff201830, 0x00000000ff2a0000)
  to   space 640K,   0% used [0x00000000ff160000, 0x00000000ff160000, 0x00000000ff200000)
 concurrent mark-sweep generation total 13696K, used 4283K [0x00000000ff2a0000, 0x0000000100000000, 0x0000000100000000)
 Metaspace       used 5073K, capacity 5258K, committed 5504K, reserved 1056768K
  class space    used 557K, capacity 597K, committed 640K, reserved 1048576K
}
{Heap before GC invocations=1101 (full 132):
 par new generation   total 6144K, used 5235K [0x00000000fec00000, 0x00000000ff2a0000, 0x00000000ff2a0000)
  eden space 5504K,  95% used [0x00000000fec00000, 0x00000000ff11b798, 0x00000000ff160000)
  from space 640K,   0% used [0x00000000ff200000, 0x00000000ff201830, 0x00000000ff2a0000)
  to   space 640K,   0% used [0x00000000ff160000, 0x00000000ff160000, 0x00000000ff200000)
 concurrent mark-sweep generation total 13696K, used 4283K [0x00000000ff2a0000, 0x0000000100000000, 0x0000000100000000)
 Metaspace       used 5073K, capacity 5258K, committed 5504K, reserved 1056768K
  class space    used 557K, capacity 597K, committed 640K, reserved 1048576K
2024-07-16T18:26:21.679+0800: 8.483: [GC (Allocation Failure) 2024-07-16T18:26:21.679+0800: 8.483: [ParNew: 5235K->4K(6144K), 0.0002815 secs] 9519K->4287K(19840K), 0.0003273 secs] [Times: user=0.00 sys=0.00, real=0.00 secs] 
Heap after GC invocations=1102 (full 132):
 par new generation   total 6144K, used 4K [0x00000000fec00000, 0x00000000ff2a0000, 0x00000000ff2a0000)
  eden space 5504K,   0% used [0x00000000fec00000, 0x00000000fec00000, 0x00000000ff160000)
  from space 640K,   0% used [0x00000000ff160000, 0x00000000ff161020, 0x00000000ff200000)
  to   space 640K,   0% used [0x00000000ff200000, 0x00000000ff200000, 0x00000000ff2a0000)
 concurrent mark-sweep generation total 13696K, used 4283K [0x00000000ff2a0000, 0x0000000100000000, 0x0000000100000000)
 Metaspace       used 5073K, capacity 5258K, committed 5504K, reserved 1056768K
  class space    used 557K, capacity 597K, committed 640K, reserved 1048576K
}
{Heap before GC invocations=1102 (full 132):
 par new generation   total 6144K, used 5233K [0x00000000fec00000, 0x00000000ff2a0000, 0x00000000ff2a0000)
  eden space 5504K,  95% used [0x00000000fec00000, 0x00000000ff11b798, 0x00000000ff160000)
  from space 640K,   0% used [0x00000000ff160000, 0x00000000ff161020, 0x00000000ff200000)
  to   space 640K,   0% used [0x00000000ff200000, 0x00000000ff200000, 0x00000000ff2a0000)
 concurrent mark-sweep generation total 13696K, used 4283K [0x00000000ff2a0000, 0x0000000100000000, 0x0000000100000000)
 Metaspace       used 5073K, capacity 5258K, committed 5504K, reserved 1056768K
  class space    used 557K, capacity 597K, committed 640K, reserved 1048576K
2024-07-16T18:26:21.686+0800: 8.490: [GC (Allocation Failure) 2024-07-16T18:26:21.686+0800: 8.490: [ParNew: 5233K->4K(6144K), 0.0004429 secs] 9517K->5313K(19840K), 0.0004865 secs] [Times: user=0.00 sys=0.00, real=0.00 secs] 
Heap after GC invocations=1103 (full 132):
 par new generation   total 6144K, used 4K [0x00000000fec00000, 0x00000000ff2a0000, 0x00000000ff2a0000)
  eden space 5504K,   0% used [0x00000000fec00000, 0x00000000fec00000, 0x00000000ff160000)
  from space 640K,   0% used [0x00000000ff200000, 0x00000000ff201020, 0x00000000ff2a0000)
  to   space 640K,   0% used [0x00000000ff160000, 0x00000000ff160000, 0x00000000ff200000)
 concurrent mark-sweep generation total 13696K, used 5309K [0x00000000ff2a0000, 0x0000000100000000, 0x0000000100000000)
 Metaspace       used 5073K, capacity 5258K, committed 5504K, reserved 1056768K
  class space    used 557K, capacity 597K, committed 640K, reserved 1048576K
}
{Heap before GC invocations=1103 (full 132):
 par new generation   total 6144K, used 5233K [0x00000000fec00000, 0x00000000ff2a0000, 0x00000000ff2a0000)
  eden space 5504K,  95% used [0x00000000fec00000, 0x00000000ff11b798, 0x00000000ff160000)
  from space 640K,   0% used [0x00000000ff200000, 0x00000000ff201020, 0x00000000ff2a0000)
  to   space 640K,   0% used [0x00000000ff160000, 0x00000000ff160000, 0x00000000ff200000)
 concurrent mark-sweep generation total 13696K, used 5309K [0x00000000ff2a0000, 0x0000000100000000, 0x0000000100000000)
 Metaspace       used 5073K, capacity 5258K, committed 5504K, reserved 1056768K
  class space    used 557K, capacity 597K, committed 640K, reserved 1048576K
2024-07-16T18:26:21.695+0800: 8.499: [GC (Allocation Failure) 2024-07-16T18:26:21.695+0800: 8.499: [ParNew: 5233K->2K(6144K), 0.0003036 secs] 10543K->5311K(19840K), 0.0003570 secs] [Times: user=0.00 sys=0.00, real=0.00 secs] 
Heap after GC invocations=1104 (full 132):
 par new generation   total 6144K, used 2K [0x00000000fec00000, 0x00000000ff2a0000, 0x00000000ff2a0000)
  eden space 5504K,   0% used [0x00000000fec00000, 0x00000000fec00000, 0x00000000ff160000)
  from space 640K,   0% used [0x00000000ff160000, 0x00000000ff160810, 0x00000000ff200000)
  to   space 640K,   0% used [0x00000000ff200000, 0x00000000ff200000, 0x00000000ff2a0000)
 concurrent mark-sweep generation total 13696K, used 5309K [0x00000000ff2a0000, 0x0000000100000000, 0x0000000100000000)
 Metaspace       used 5073K, capacity 5258K, committed 5504K, reserved 1056768K
  class space    used 557K, capacity 597K, committed 640K, reserved 1048576K
}
{Heap before GC invocations=1104 (full 132):
 par new generation   total 6144K, used 5231K [0x00000000fec00000, 0x00000000ff2a0000, 0x00000000ff2a0000)
  eden space 5504K,  95% used [0x00000000fec00000, 0x00000000ff11b798, 0x00000000ff160000)
  from space 640K,   0% used [0x00000000ff160000, 0x00000000ff160810, 0x00000000ff200000)
  to   space 640K,   0% used [0x00000000ff200000, 0x00000000ff200000, 0x00000000ff2a0000)
 concurrent mark-sweep generation total 13696K, used 5309K [0x00000000ff2a0000, 0x0000000100000000, 0x0000000100000000)
 Metaspace       used 5073K, capacity 5258K, committed 5504K, reserved 1056768K
  class space    used 557K, capacity 597K, committed 640K, reserved 1048576K
2024-07-16T18:26:21.701+0800: 8.505: [GC (Allocation Failure) 2024-07-16T18:26:21.701+0800: 8.505: [ParNew: 5231K->10K(6144K), 0.0004506 secs] 10541K->6345K(19840K), 0.0004959 secs] [Times: user=0.00 sys=0.00, real=0.00 secs] 
Heap after GC invocations=1105 (full 132):
 par new generation   total 6144K, used 10K [0x00000000fec00000, 0x00000000ff2a0000, 0x00000000ff2a0000)
  eden space 5504K,   0% used [0x00000000fec00000, 0x00000000fec00000, 0x00000000ff160000)
  from space 640K,   1% used [0x00000000ff200000, 0x00000000ff202850, 0x00000000ff2a0000)
  to   space 640K,   0% used [0x00000000ff160000, 0x00000000ff160000, 0x00000000ff200000)
 concurrent mark-sweep generation total 13696K, used 6335K [0x00000000ff2a0000, 0x0000000100000000, 0x0000000100000000)
 Metaspace       used 5073K, capacity 5258K, committed 5504K, reserved 1056768K
  class space    used 557K, capacity 597K, committed 640K, reserved 1048576K
}
{Heap before GC invocations=1105 (full 132):
 par new generation   total 6144K, used 5239K [0x00000000fec00000, 0x00000000ff2a0000, 0x00000000ff2a0000)
  eden space 5504K,  95% used [0x00000000fec00000, 0x00000000ff11b798, 0x00000000ff160000)
  from space 640K,   1% used [0x00000000ff200000, 0x00000000ff202850, 0x00000000ff2a0000)
  to   space 640K,   0% used [0x00000000ff160000, 0x00000000ff160000, 0x00000000ff200000)
 concurrent mark-sweep generation total 13696K, used 6335K [0x00000000ff2a0000, 0x0000000100000000, 0x0000000100000000)
 Metaspace       used 5073K, capacity 5258K, committed 5504K, reserved 1056768K
  class space    used 557K, capacity 597K, committed 640K, reserved 1048576K
2024-07-16T18:26:21.710+0800: 8.514: [GC (Allocation Failure) 2024-07-16T18:26:21.710+0800: 8.514: [ParNew: 5239K->4K(6144K), 0.0002982 secs] 11575K->6339K(19840K), 0.0003414 secs] [Times: user=0.00 sys=0.00, real=0.00 secs] 
Heap after GC invocations=1106 (full 132):
 par new generation   total 6144K, used 4K [0x00000000fec00000, 0x00000000ff2a0000, 0x00000000ff2a0000)
  eden space 5504K,   0% used [0x00000000fec00000, 0x00000000fec00000, 0x00000000ff160000)
  from space 640K,   0% used [0x00000000ff160000, 0x00000000ff161020, 0x00000000ff200000)
  to   space 640K,   0% used [0x00000000ff200000, 0x00000000ff200000, 0x00000000ff2a0000)
 concurrent mark-sweep generation total 13696K, used 6335K [0x00000000ff2a0000, 0x0000000100000000, 0x0000000100000000)
 Metaspace       used 5073K, capacity 5258K, committed 5504K, reserved 1056768K
  class space    used 557K, capacity 597K, committed 640K, reserved 1048576K
}
{Heap before GC invocations=1106 (full 132):
 par new generation   total 6144K, used 5233K [0x00000000fec00000, 0x00000000ff2a0000, 0x00000000ff2a0000)
  eden space 5504K,  95% used [0x00000000fec00000, 0x00000000ff11b798, 0x00000000ff160000)
  from space 640K,   0% used [0x00000000ff160000, 0x00000000ff161020, 0x00000000ff200000)
  to   space 640K,   0% used [0x00000000ff200000, 0x00000000ff200000, 0x00000000ff2a0000)
 concurrent mark-sweep generation total 13696K, used 6335K [0x00000000ff2a0000, 0x0000000100000000, 0x0000000100000000)
 Metaspace       used 5073K, capacity 5258K, committed 5504K, reserved 1056768K
  class space    used 557K, capacity 597K, committed 640K, reserved 1048576K
2024-07-16T18:26:21.717+0800: 8.521: [GC (Allocation Failure) 2024-07-16T18:26:21.717+0800: 8.521: [ParNew: 5233K->4K(6144K), 0.0004124 secs] 11569K->6339K(19840K), 0.0004624 secs] [Times: user=0.00 sys=0.00, real=0.00 secs] 
Heap after GC invocations=1107 (full 132):
 par new generation   total 6144K, used 4K [0x00000000fec00000, 0x00000000ff2a0000, 0x00000000ff2a0000)
  eden space 5504K,   0% used [0x00000000fec00000, 0x00000000fec00000, 0x00000000ff160000)
  from space 640K,   0% used [0x00000000ff200000, 0x00000000ff201020, 0x00000000ff2a0000)
  to   space 640K,   0% used [0x00000000ff160000, 0x00000000ff160000, 0x00000000ff200000)
 concurrent mark-sweep generation total 13696K, used 6335K [0x00000000ff2a0000, 0x0000000100000000, 0x0000000100000000)
 Metaspace       used 5073K, capacity 5258K, committed 5504K, reserved 1056768K
  class space    used 557K, capacity 597K, committed 640K, reserved 1048576K
}
{Heap before GC invocations=1107 (full 132):
 par new generation   total 6144K, used 5233K [0x00000000fec00000, 0x00000000ff2a0000, 0x00000000ff2a0000)
  eden space 5504K,  95% used [0x00000000fec00000, 0x00000000ff11b798, 0x00000000ff160000)
  from space 640K,   0% used [0x00000000ff200000, 0x00000000ff201020, 0x00000000ff2a0000)
  to   space 640K,   0% used [0x00000000ff160000, 0x00000000ff160000, 0x00000000ff200000)
 concurrent mark-sweep generation total 13696K, used 6335K [0x00000000ff2a0000, 0x0000000100000000, 0x0000000100000000)
 Metaspace       used 5073K, capacity 5258K, committed 5504K, reserved 1056768K
  class space    used 557K, capacity 597K, committed 640K, reserved 1048576K
2024-07-16T18:26:21.724+0800: 8.528: [GC (Allocation Failure) 2024-07-16T18:26:21.724+0800: 8.528: [ParNew: 5233K->4K(6144K), 0.0003374 secs] 11569K->6339K(19840K), 0.0003880 secs] [Times: user=0.00 sys=0.00, real=0.00 secs] 
Heap after GC invocations=1108 (full 132):
 par new generation   total 6144K, used 4K [0x00000000fec00000, 0x00000000ff2a0000, 0x00000000ff2a0000)
  eden space 5504K,   0% used [0x00000000fec00000, 0x00000000fec00000, 0x00000000ff160000)
  from space 640K,   0% used [0x00000000ff160000, 0x00000000ff161020, 0x00000000ff200000)
  to   space 640K,   0% used [0x00000000ff200000, 0x00000000ff200000, 0x00000000ff2a0000)
 concurrent mark-sweep generation total 13696K, used 6335K [0x00000000ff2a0000, 0x0000000100000000, 0x0000000100000000)
 Metaspace       used 5073K, capacity 5258K, committed 5504K, reserved 1056768K
  class space    used 557K, capacity 597K, committed 640K, reserved 1048576K
}
{Heap before GC invocations=1108 (full 132):
 par new generation   total 6144K, used 5233K [0x00000000fec00000, 0x00000000ff2a0000, 0x00000000ff2a0000)
  eden space 5504K,  95% used [0x00000000fec00000, 0x00000000ff11b798, 0x00000000ff160000)
  from space 640K,   0% used [0x00000000ff160000, 0x00000000ff161020, 0x00000000ff200000)
  to   space 640K,   0% used [0x00000000ff200000, 0x00000000ff200000, 0x00000000ff2a0000)
 concurrent mark-sweep generation total 13696K, used 6335K [0x00000000ff2a0000, 0x0000000100000000, 0x0000000100000000)
 Metaspace       used 5073K, capacity 5258K, committed 5504K, reserved 1056768K
  class space    used 557K, capacity 597K, committed 640K, reserved 1048576K
2024-07-16T18:26:21.731+0800: 8.535: [GC (Allocation Failure) 2024-07-16T18:26:21.731+0800: 8.535: [ParNew: 5233K->4K(6144K), 0.0003429 secs] 11569K->6339K(19840K), 0.0003948 secs] [Times: user=0.00 sys=0.00, real=0.00 secs] 
Heap after GC invocations=1109 (full 132):
 par new generation   total 6144K, used 4K [0x00000000fec00000, 0x00000000ff2a0000, 0x00000000ff2a0000)
  eden space 5504K,   0% used [0x00000000fec00000, 0x00000000fec00000, 0x00000000ff160000)
  from space 640K,   0% used [0x00000000ff200000, 0x00000000ff201020, 0x00000000ff2a0000)
  to   space 640K,   0% used [0x00000000ff160000, 0x00000000ff160000, 0x00000000ff200000)
 concurrent mark-sweep generation total 13696K, used 6335K [0x00000000ff2a0000, 0x0000000100000000, 0x0000000100000000)
 Metaspace       used 5073K, capacity 5258K, committed 5504K, reserved 1056768K
  class space    used 557K, capacity 597K, committed 640K, reserved 1048576K
}
{Heap before GC invocations=1109 (full 132):
 par new generation   total 6144K, used 5233K [0x00000000fec00000, 0x00000000ff2a0000, 0x00000000ff2a0000)
  eden space 5504K,  95% used [0x00000000fec00000, 0x00000000ff11b798, 0x00000000ff160000)
  from space 640K,   0% used [0x00000000ff200000, 0x00000000ff201020, 0x00000000ff2a0000)
  to   space 640K,   0% used [0x00000000ff160000, 0x00000000ff160000, 0x00000000ff200000)
 concurrent mark-sweep generation total 13696K, used 6335K [0x00000000ff2a0000, 0x0000000100000000, 0x0000000100000000)
 Metaspace       used 5073K, capacity 5258K, committed 5504K, reserved 1056768K
  class space    used 557K, capacity 597K, committed 640K, reserved 1048576K
2024-07-16T18:26:21.738+0800: 8.542: [GC (Allocation Failure) 2024-07-16T18:26:21.738+0800: 8.542: [ParNew: 5233K->8K(6144K), 0.0004535 secs] 11569K->7367K(19840K), 0.0004992 secs] [Times: user=0.00 sys=0.00, real=0.00 secs] 
Heap after GC invocations=1110 (full 132):
 par new generation   total 6144K, used 8K [0x00000000fec00000, 0x00000000ff2a0000, 0x00000000ff2a0000)
  eden space 5504K,   0% used [0x00000000fec00000, 0x00000000fec00000, 0x00000000ff160000)
  from space 640K,   1% used [0x00000000ff160000, 0x00000000ff162040, 0x00000000ff200000)
  to   space 640K,   0% used [0x00000000ff200000, 0x00000000ff200000, 0x00000000ff2a0000)
 concurrent mark-sweep generation total 13696K, used 7359K [0x00000000ff2a0000, 0x0000000100000000, 0x0000000100000000)
 Metaspace       used 5073K, capacity 5258K, committed 5504K, reserved 1056768K
  class space    used 557K, capacity 597K, committed 640K, reserved 1048576K
}
{Heap before GC invocations=1110 (full 132):
 par new generation   total 6144K, used 5237K [0x00000000fec00000, 0x00000000ff2a0000, 0x00000000ff2a0000)
  eden space 5504K,  95% used [0x00000000fec00000, 0x00000000ff11b798, 0x00000000ff160000)
  from space 640K,   1% used [0x00000000ff160000, 0x00000000ff162040, 0x00000000ff200000)
  to   space 640K,   0% used [0x00000000ff200000, 0x00000000ff200000, 0x00000000ff2a0000)
 concurrent mark-sweep generation total 13696K, used 7359K [0x00000000ff2a0000, 0x0000000100000000, 0x0000000100000000)
 Metaspace       used 5073K, capacity 5258K, committed 5504K, reserved 1056768K
  class space    used 557K, capacity 597K, committed 640K, reserved 1048576K
2024-07-16T18:26:21.745+0800: 8.549: [GC (Allocation Failure) 2024-07-16T18:26:21.745+0800: 8.549: [ParNew: 5237K->6K(6144K), 0.0004879 secs] 12597K->8389K(19840K), 0.0005347 secs] [Times: user=0.00 sys=0.00, real=0.00 secs] 
Heap after GC invocations=1111 (full 132):
 par new generation   total 6144K, used 6K [0x00000000fec00000, 0x00000000ff2a0000, 0x00000000ff2a0000)
  eden space 5504K,   0% used [0x00000000fec00000, 0x00000000fec00000, 0x00000000ff160000)
  from space 640K,   0% used [0x00000000ff200000, 0x00000000ff201830, 0x00000000ff2a0000)
  to   space 640K,   0% used [0x00000000ff160000, 0x00000000ff160000, 0x00000000ff200000)
 concurrent mark-sweep generation total 13696K, used 8383K [0x00000000ff2a0000, 0x0000000100000000, 0x0000000100000000)
 Metaspace       used 5073K, capacity 5258K, committed 5504K, reserved 1056768K
  class space    used 557K, capacity 597K, committed 640K, reserved 1048576K
}
2024-07-16T18:26:21.745+0800: 8.549: [GC (CMS Initial Mark) [1 CMS-initial-mark: 8383K(13696K)] 9413K(19840K), 0.0001536 secs] [Times: user=0.00 sys=0.00, real=0.00 secs] 
2024-07-16T18:26:21.745+0800: 8.550: [CMS-concurrent-mark-start]
2024-07-16T18:26:21.747+0800: 8.551: [CMS-concurrent-mark: 0.001/0.001 secs] [Times: user=0.00 sys=0.00, real=0.00 secs] 
2024-07-16T18:26:21.747+0800: 8.551: [CMS-concurrent-preclean-start]
2024-07-16T18:26:21.747+0800: 8.551: [CMS-concurrent-preclean: 0.000/0.000 secs] [Times: user=0.00 sys=0.00, real=0.00 secs] 
2024-07-16T18:26:21.747+0800: 8.551: [CMS-concurrent-abortable-preclean-start]
{Heap before GC invocations=1111 (full 133):
 par new generation   total 6144K, used 5235K [0x00000000fec00000, 0x00000000ff2a0000, 0x00000000ff2a0000)
  eden space 5504K,  95% used [0x00000000fec00000, 0x00000000ff11b798, 0x00000000ff160000)
  from space 640K,   0% used [0x00000000ff200000, 0x00000000ff201830, 0x00000000ff2a0000)
  to   space 640K,   0% used [0x00000000ff160000, 0x00000000ff160000, 0x00000000ff200000)
 concurrent mark-sweep generation total 13696K, used 8383K [0x00000000ff2a0000, 0x0000000100000000, 0x0000000100000000)
 Metaspace       used 5073K, capacity 5258K, committed 5504K, reserved 1056768K
  class space    used 557K, capacity 597K, committed 640K, reserved 1048576K
2024-07-16T18:26:21.752+0800: 8.556: [GC (Allocation Failure) 2024-07-16T18:26:21.752+0800: 8.556: [ParNew: 5235K->8K(6144K), 0.0004468 secs] 13619K->9417K(19840K), 0.0005102 secs] [Times: user=0.00 sys=0.00, real=0.00 secs] 
Heap after GC invocations=1112 (full 133):
 par new generation   total 6144K, used 8K [0x00000000fec00000, 0x00000000ff2a0000, 0x00000000ff2a0000)
  eden space 5504K,   0% used [0x00000000fec00000, 0x00000000fec00000, 0x00000000ff160000)
  from space 640K,   1% used [0x00000000ff160000, 0x00000000ff162040, 0x00000000ff200000)
  to   space 640K,   0% used [0x00000000ff200000, 0x00000000ff200000, 0x00000000ff2a0000)
 concurrent mark-sweep generation total 13696K, used 9409K [0x00000000ff2a0000, 0x0000000100000000, 0x0000000100000000)
 Metaspace       used 5073K, capacity 5258K, committed 5504K, reserved 1056768K
  class space    used 557K, capacity 597K, committed 640K, reserved 1048576K
}
{Heap before GC invocations=1112 (full 133):
 par new generation   total 6144K, used 5237K [0x00000000fec00000, 0x00000000ff2a0000, 0x00000000ff2a0000)
  eden space 5504K,  95% used [0x00000000fec00000, 0x00000000ff11b798, 0x00000000ff160000)
  from space 640K,   1% used [0x00000000ff160000, 0x00000000ff162040, 0x00000000ff200000)
  to   space 640K,   0% used [0x00000000ff200000, 0x00000000ff200000, 0x00000000ff2a0000)
 concurrent mark-sweep generation total 13696K, used 9409K [0x00000000ff2a0000, 0x0000000100000000, 0x0000000100000000)
 Metaspace       used 5073K, capacity 5258K, committed 5504K, reserved 1056768K
  class space    used 557K, capacity 597K, committed 640K, reserved 1048576K
2024-07-16T18:26:21.760+0800: 8.564: [GC (Allocation Failure) 2024-07-16T18:26:21.760+0800: 8.564: [ParNew: 5237K->4K(6144K), 0.0003739 secs] 14647K->9413K(19840K), 0.0004171 secs] [Times: user=0.00 sys=0.00, real=0.00 secs] 
Heap after GC invocations=1113 (full 133):
 par new generation   total 6144K, used 4K [0x00000000fec00000, 0x00000000ff2a0000, 0x00000000ff2a0000)
  eden space 5504K,   0% used [0x00000000fec00000, 0x00000000fec00000, 0x00000000ff160000)
  from space 640K,   0% used [0x00000000ff200000, 0x00000000ff201020, 0x00000000ff2a0000)
  to   space 640K,   0% used [0x00000000ff160000, 0x00000000ff160000, 0x00000000ff200000)
 concurrent mark-sweep generation total 13696K, used 9409K [0x00000000ff2a0000, 0x0000000100000000, 0x0000000100000000)
 Metaspace       used 5073K, capacity 5258K, committed 5504K, reserved 1056768K
  class space    used 557K, capacity 597K, committed 640K, reserved 1048576K
}
{Heap before GC invocations=1113 (full 133):
 par new generation   total 6144K, used 5233K [0x00000000fec00000, 0x00000000ff2a0000, 0x00000000ff2a0000)
  eden space 5504K,  95% used [0x00000000fec00000, 0x00000000ff11b798, 0x00000000ff160000)
  from space 640K,   0% used [0x00000000ff200000, 0x00000000ff201020, 0x00000000ff2a0000)
  to   space 640K,   0% used [0x00000000ff160000, 0x00000000ff160000, 0x00000000ff200000)
 concurrent mark-sweep generation total 13696K, used 9409K [0x00000000ff2a0000, 0x0000000100000000, 0x0000000100000000)
 Metaspace       used 5073K, capacity 5258K, committed 5504K, reserved 1056768K
  class space    used 557K, capacity 597K, committed 640K, reserved 1048576K
2024-07-16T18:26:21.766+0800: 8.570: [GC (Allocation Failure) 2024-07-16T18:26:21.766+0800: 8.570: [ParNew: 5233K->8K(6144K), 0.0003885 secs] 14643K->10443K(19840K), 0.0004404 secs] [Times: user=0.00 sys=0.00, real=0.00 secs] 
Heap after GC invocations=1114 (full 133):
 par new generation   total 6144K, used 8K [0x00000000fec00000, 0x00000000ff2a0000, 0x00000000ff2a0000)
  eden space 5504K,   0% used [0x00000000fec00000, 0x00000000fec00000, 0x00000000ff160000)
  from space 640K,   1% used [0x00000000ff160000, 0x00000000ff162040, 0x00000000ff200000)
  to   space 640K,   0% used [0x00000000ff200000, 0x00000000ff200000, 0x00000000ff2a0000)
 concurrent mark-sweep generation total 13696K, used 10435K [0x00000000ff2a0000, 0x0000000100000000, 0x0000000100000000)
 Metaspace       used 5073K, capacity 5258K, committed 5504K, reserved 1056768K
  class space    used 557K, capacity 597K, committed 640K, reserved 1048576K
}
{Heap before GC invocations=1114 (full 133):
 par new generation   total 6144K, used 5237K [0x00000000fec00000, 0x00000000ff2a0000, 0x00000000ff2a0000)
  eden space 5504K,  95% used [0x00000000fec00000, 0x00000000ff11b798, 0x00000000ff160000)
  from space 640K,   1% used [0x00000000ff160000, 0x00000000ff162040, 0x00000000ff200000)
  to   space 640K,   0% used [0x00000000ff200000, 0x00000000ff200000, 0x00000000ff2a0000)
 concurrent mark-sweep generation total 13696K, used 10435K [0x00000000ff2a0000, 0x0000000100000000, 0x0000000100000000)
 Metaspace       used 5073K, capacity 5258K, committed 5504K, reserved 1056768K
  class space    used 557K, capacity 597K, committed 640K, reserved 1048576K
2024-07-16T18:26:21.774+0800: 8.578: [GC (Allocation Failure) 2024-07-16T18:26:21.774+0800: 8.578: [ParNew: 5237K->10K(6144K), 0.0004238 secs] 15673K->11469K(19840K), 0.0004617 secs] [Times: user=0.00 sys=0.00, real=0.00 secs] 
Heap after GC invocations=1115 (full 133):
 par new generation   total 6144K, used 10K [0x00000000fec00000, 0x00000000ff2a0000, 0x00000000ff2a0000)
  eden space 5504K,   0% used [0x00000000fec00000, 0x00000000fec00000, 0x00000000ff160000)
  from space 640K,   1% used [0x00000000ff200000, 0x00000000ff202850, 0x00000000ff2a0000)
  to   space 640K,   0% used [0x00000000ff160000, 0x00000000ff160000, 0x00000000ff200000)
 concurrent mark-sweep generation total 13696K, used 11459K [0x00000000ff2a0000, 0x0000000100000000, 0x0000000100000000)
 Metaspace       used 5073K, capacity 5258K, committed 5504K, reserved 1056768K
  class space    used 557K, capacity 597K, committed 640K, reserved 1048576K
}
{Heap before GC invocations=1115 (full 133):
 par new generation   total 6144K, used 5239K [0x00000000fec00000, 0x00000000ff2a0000, 0x00000000ff2a0000)
  eden space 5504K,  95% used [0x00000000fec00000, 0x00000000ff11b798, 0x00000000ff160000)
  from space 640K,   1% used [0x00000000ff200000, 0x00000000ff202850, 0x00000000ff2a0000)
  to   space 640K,   0% used [0x00000000ff160000, 0x00000000ff160000, 0x00000000ff200000)
 concurrent mark-sweep generation total 13696K, used 11459K [0x00000000ff2a0000, 0x0000000100000000, 0x0000000100000000)
 Metaspace       used 5073K, capacity 5258K, committed 5504K, reserved 1056768K
  class space    used 557K, capacity 597K, committed 640K, reserved 1048576K
2024-07-16T18:26:21.781+0800: 8.585: [GC (Allocation Failure) 2024-07-16T18:26:21.781+0800: 8.585: [ParNew: 5239K->8K(6144K), 0.0004315 secs] 16699K->12491K(19840K), 0.0004852 secs] [Times: user=0.00 sys=0.00, real=0.00 secs] 
Heap after GC invocations=1116 (full 133):
 par new generation   total 6144K, used 8K [0x00000000fec00000, 0x00000000ff2a0000, 0x00000000ff2a0000)
  eden space 5504K,   0% used [0x00000000fec00000, 0x00000000fec00000, 0x00000000ff160000)
  from space 640K,   1% used [0x00000000ff160000, 0x00000000ff162040, 0x00000000ff200000)
  to   space 640K,   0% used [0x00000000ff200000, 0x00000000ff200000, 0x00000000ff2a0000)
 concurrent mark-sweep generation total 13696K, used 12483K [0x00000000ff2a0000, 0x0000000100000000, 0x0000000100000000)
 Metaspace       used 5073K, capacity 5258K, committed 5504K, reserved 1056768K
  class space    used 557K, capacity 597K, committed 640K, reserved 1048576K
}
{Heap before GC invocations=1116 (full 133):
 par new generation   total 6144K, used 5237K [0x00000000fec00000, 0x00000000ff2a0000, 0x00000000ff2a0000)
  eden space 5504K,  95% used [0x00000000fec00000, 0x00000000ff11b798, 0x00000000ff160000)
  from space 640K,   1% used [0x00000000ff160000, 0x00000000ff162040, 0x00000000ff200000)
  to   space 640K,   0% used [0x00000000ff200000, 0x00000000ff200000, 0x00000000ff2a0000)
 concurrent mark-sweep generation total 13696K, used 12483K [0x00000000ff2a0000, 0x0000000100000000, 0x0000000100000000)
 Metaspace       used 5073K, capacity 5258K, committed 5504K, reserved 1056768K
  class space    used 557K, capacity 597K, committed 640K, reserved 1048576K
2024-07-16T18:26:21.788+0800: 8.592: [GC (Allocation Failure) 2024-07-16T18:26:21.788+0800: 8.592: [ParNew: 5237K->5237K(6144K), 0.0000150 secs]2024-07-16T18:26:21.788+0800: 8.592: [CMS2024-07-16T18:26:21.788+0800: 8.592: [CMS-concurrent-abortable-preclean: 0.000/0.041 secs] [Times: user=0.00 sys=0.00, real=0.04 secs] 
 (concurrent mode failure): 12483K->2229K(13696K), 0.0025484 secs] 17721K->2229K(19840K), [Metaspace: 5073K->5073K(1056768K)], 0.0026325 secs] [Times: user=0.00 sys=0.00, real=0.00 secs] 
Heap after GC invocations=1117 (full 134):
 par new generation   total 6144K, used 0K [0x00000000fec00000, 0x00000000ff2a0000, 0x00000000ff2a0000)
  eden space 5504K,   0% used [0x00000000fec00000, 0x00000000fec00000, 0x00000000ff160000)
  from space 640K,   0% used [0x00000000ff160000, 0x00000000ff160000, 0x00000000ff200000)
  to   space 640K,   0% used [0x00000000ff200000, 0x00000000ff200000, 0x00000000ff2a0000)
 concurrent mark-sweep generation total 13696K, used 2229K [0x00000000ff2a0000, 0x0000000100000000, 0x0000000100000000)
 Metaspace       used 5073K, capacity 5258K, committed 5504K, reserved 1056768K
  class space    used 557K, capacity 597K, committed 640K, reserved 1048576K
}
{Heap before GC invocations=1117 (full 134):
 par new generation   total 6144K, used 5229K [0x00000000fec00000, 0x00000000ff2a0000, 0x00000000ff2a0000)
  eden space 5504K,  95% used [0x00000000fec00000, 0x00000000ff11b798, 0x00000000ff160000)
  from space 640K,   0% used [0x00000000ff160000, 0x00000000ff160000, 0x00000000ff200000)
  to   space 640K,   0% used [0x00000000ff200000, 0x00000000ff200000, 0x00000000ff2a0000)
 concurrent mark-sweep generation total 13696K, used 2229K [0x00000000ff2a0000, 0x0000000100000000, 0x0000000100000000)
 Metaspace       used 5073K, capacity 5258K, committed 5504K, reserved 1056768K
  class space    used 557K, capacity 597K, committed 640K, reserved 1048576K
2024-07-16T18:26:21.797+0800: 8.601: [GC (Allocation Failure) 2024-07-16T18:26:21.797+0800: 8.601: [ParNew: 5229K->4K(6144K), 0.0003563 secs] 7459K->2233K(19840K), 0.0004025 secs] [Times: user=0.00 sys=0.00, real=0.00 secs] 
Heap after GC invocations=1118 (full 134):
 par new generation   total 6144K, used 4K [0x00000000fec00000, 0x00000000ff2a0000, 0x00000000ff2a0000)
  eden space 5504K,   0% used [0x00000000fec00000, 0x00000000fec00000, 0x00000000ff160000)
  from space 640K,   0% used [0x00000000ff200000, 0x00000000ff201020, 0x00000000ff2a0000)
  to   space 640K,   0% used [0x00000000ff160000, 0x00000000ff160000, 0x00000000ff200000)
 concurrent mark-sweep generation total 13696K, used 2229K [0x00000000ff2a0000, 0x0000000100000000, 0x0000000100000000)
 Metaspace       used 5073K, capacity 5258K, committed 5504K, reserved 1056768K
  class space    used 557K, capacity 597K, committed 640K, reserved 1048576K
}
{Heap before GC invocations=1118 (full 134):
 par new generation   total 6144K, used 5233K [0x00000000fec00000, 0x00000000ff2a0000, 0x00000000ff2a0000)
  eden space 5504K,  95% used [0x00000000fec00000, 0x00000000ff11b798, 0x00000000ff160000)
  from space 640K,   0% used [0x00000000ff200000, 0x00000000ff201020, 0x00000000ff2a0000)
  to   space 640K,   0% used [0x00000000ff160000, 0x00000000ff160000, 0x00000000ff200000)
 concurrent mark-sweep generation total 13696K, used 2229K [0x00000000ff2a0000, 0x0000000100000000, 0x0000000100000000)
 Metaspace       used 5073K, capacity 5258K, committed 5504K, reserved 1056768K
  class space    used 557K, capacity 597K, committed 640K, reserved 1048576K
2024-07-16T18:26:21.803+0800: 8.607: [GC (Allocation Failure) 2024-07-16T18:26:21.803+0800: 8.607: [ParNew: 5233K->6K(6144K), 0.0003897 secs] 7463K->3261K(19840K), 0.0004717 secs] [Times: user=0.00 sys=0.00, real=0.00 secs] 
Heap after GC invocations=1119 (full 134):
 par new generation   total 6144K, used 6K [0x00000000fec00000, 0x00000000ff2a0000, 0x00000000ff2a0000)
  eden space 5504K,   0% used [0x00000000fec00000, 0x00000000fec00000, 0x00000000ff160000)
  from space 640K,   0% used [0x00000000ff160000, 0x00000000ff161830, 0x00000000ff200000)
  to   space 640K,   0% used [0x00000000ff200000, 0x00000000ff200000, 0x00000000ff2a0000)
 concurrent mark-sweep generation total 13696K, used 3255K [0x00000000ff2a0000, 0x0000000100000000, 0x0000000100000000)
 Metaspace       used 5073K, capacity 5258K, committed 5504K, reserved 1056768K
  class space    used 557K, capacity 597K, committed 640K, reserved 1048576K
}
{Heap before GC invocations=1119 (full 134):
 par new generation   total 6144K, used 5235K [0x00000000fec00000, 0x00000000ff2a0000, 0x00000000ff2a0000)
  eden space 5504K,  95% used [0x00000000fec00000, 0x00000000ff11b798, 0x00000000ff160000)
  from space 640K,   0% used [0x00000000ff160000, 0x00000000ff161830, 0x00000000ff200000)
  to   space 640K,   0% used [0x00000000ff200000, 0x00000000ff200000, 0x00000000ff2a0000)
 concurrent mark-sweep generation total 13696K, used 3255K [0x00000000ff2a0000, 0x0000000100000000, 0x0000000100000000)
 Metaspace       used 5073K, capacity 5258K, committed 5504K, reserved 1056768K
  class space    used 557K, capacity 597K, committed 640K, reserved 1048576K
2024-07-16T18:26:21.811+0800: 8.615: [GC (Allocation Failure) 2024-07-16T18:26:21.811+0800: 8.615: [ParNew: 5235K->4K(6144K), 0.0003342 secs] 8491K->3259K(19840K), 0.0003874 secs] [Times: user=0.00 sys=0.00, real=0.00 secs] 
Heap after GC invocations=1120 (full 134):
 par new generation   total 6144K, used 4K [0x00000000fec00000, 0x00000000ff2a0000, 0x00000000ff2a0000)
  eden space 5504K,   0% used [0x00000000fec00000, 0x00000000fec00000, 0x00000000ff160000)
  from space 640K,   0% used [0x00000000ff200000, 0x00000000ff201020, 0x00000000ff2a0000)
  to   space 640K,   0% used [0x00000000ff160000, 0x00000000ff160000, 0x00000000ff200000)
 concurrent mark-sweep generation total 13696K, used 3255K [0x00000000ff2a0000, 0x0000000100000000, 0x0000000100000000)
 Metaspace       used 5073K, capacity 5258K, committed 5504K, reserved 1056768K
  class space    used 557K, capacity 597K, committed 640K, reserved 1048576K
}
{Heap before GC invocations=1120 (full 134):
 par new generation   total 6144K, used 5233K [0x00000000fec00000, 0x00000000ff2a0000, 0x00000000ff2a0000)
  eden space 5504K,  95% used [0x00000000fec00000, 0x00000000ff11b798, 0x00000000ff160000)
  from space 640K,   0% used [0x00000000ff200000, 0x00000000ff201020, 0x00000000ff2a0000)
  to   space 640K,   0% used [0x00000000ff160000, 0x00000000ff160000, 0x00000000ff200000)
 concurrent mark-sweep generation total 13696K, used 3255K [0x00000000ff2a0000, 0x0000000100000000, 0x0000000100000000)
 Metaspace       used 5073K, capacity 5258K, committed 5504K, reserved 1056768K
  class space    used 557K, capacity 597K, committed 640K, reserved 1048576K
2024-07-16T18:26:21.817+0800: 8.621: [GC (Allocation Failure) 2024-07-16T18:26:21.817+0800: 8.621: [ParNew: 5233K->6K(6144K), 0.0004650 secs] 8489K->4285K(19840K), 0.0005154 secs] [Times: user=0.00 sys=0.00, real=0.00 secs] 
Heap after GC invocations=1121 (full 134):
 par new generation   total 6144K, used 6K [0x00000000fec00000, 0x00000000ff2a0000, 0x00000000ff2a0000)
  eden space 5504K,   0% used [0x00000000fec00000, 0x00000000fec00000, 0x00000000ff160000)
  from space 640K,   0% used [0x00000000ff160000, 0x00000000ff161830, 0x00000000ff200000)
  to   space 640K,   0% used [0x00000000ff200000, 0x00000000ff200000, 0x00000000ff2a0000)
 concurrent mark-sweep generation total 13696K, used 4279K [0x00000000ff2a0000, 0x0000000100000000, 0x0000000100000000)
 Metaspace       used 5073K, capacity 5258K, committed 5504K, reserved 1056768K
  class space    used 557K, capacity 597K, committed 640K, reserved 1048576K
}
{Heap before GC invocations=1121 (full 134):
 par new generation   total 6144K, used 5235K [0x00000000fec00000, 0x00000000ff2a0000, 0x00000000ff2a0000)
  eden space 5504K,  95% used [0x00000000fec00000, 0x00000000ff11b798, 0x00000000ff160000)
  from space 640K,   0% used [0x00000000ff160000, 0x00000000ff161830, 0x00000000ff200000)
  to   space 640K,   0% used [0x00000000ff200000, 0x00000000ff200000, 0x00000000ff2a0000)
 concurrent mark-sweep generation total 13696K, used 4279K [0x00000000ff2a0000, 0x0000000100000000, 0x0000000100000000)
 Metaspace       used 5073K, capacity 5258K, committed 5504K, reserved 1056768K
  class space    used 557K, capacity 597K, committed 640K, reserved 1048576K
2024-07-16T18:26:21.825+0800: 8.629: [GC (Allocation Failure) 2024-07-16T18:26:21.825+0800: 8.629: [ParNew: 5235K->6K(6144K), 0.0004084 secs] 9515K->5309K(19840K), 0.0004562 secs] [Times: user=0.00 sys=0.00, real=0.00 secs] 
Heap after GC invocations=1122 (full 134):
 par new generation   total 6144K, used 6K [0x00000000fec00000, 0x00000000ff2a0000, 0x00000000ff2a0000)
  eden space 5504K,   0% used [0x00000000fec00000, 0x00000000fec00000, 0x00000000ff160000)
  from space 640K,   0% used [0x00000000ff200000, 0x00000000ff201830, 0x00000000ff2a0000)
  to   space 640K,   0% used [0x00000000ff160000, 0x00000000ff160000, 0x00000000ff200000)
 concurrent mark-sweep generation total 13696K, used 5303K [0x00000000ff2a0000, 0x0000000100000000, 0x0000000100000000)
 Metaspace       used 5073K, capacity 5258K, committed 5504K, reserved 1056768K
  class space    used 557K, capacity 597K, committed 640K, reserved 1048576K
}
{Heap before GC invocations=1122 (full 134):
 par new generation   total 6144K, used 5235K [0x00000000fec00000, 0x00000000ff2a0000, 0x00000000ff2a0000)
  eden space 5504K,  95% used [0x00000000fec00000, 0x00000000ff11b798, 0x00000000ff160000)
  from space 640K,   0% used [0x00000000ff200000, 0x00000000ff201830, 0x00000000ff2a0000)
  to   space 640K,   0% used [0x00000000ff160000, 0x00000000ff160000, 0x00000000ff200000)
 concurrent mark-sweep generation total 13696K, used 5303K [0x00000000ff2a0000, 0x0000000100000000, 0x0000000100000000)
 Metaspace       used 5073K, capacity 5258K, committed 5504K, reserved 1056768K
  class space    used 557K, capacity 597K, committed 640K, reserved 1048576K
2024-07-16T18:26:21.833+0800: 8.637: [GC (Allocation Failure) 2024-07-16T18:26:21.833+0800: 8.637: [ParNew: 5235K->4K(6144K), 0.0002837 secs] 10539K->5307K(19840K), 0.0003206 secs] [Times: user=0.00 sys=0.00, real=0.00 secs] 
Heap after GC invocations=1123 (full 134):
 par new generation   total 6144K, used 4K [0x00000000fec00000, 0x00000000ff2a0000, 0x00000000ff2a0000)
  eden space 5504K,   0% used [0x00000000fec00000, 0x00000000fec00000, 0x00000000ff160000)
  from space 640K,   0% used [0x00000000ff160000, 0x00000000ff161020, 0x00000000ff200000)
  to   space 640K,   0% used [0x00000000ff200000, 0x00000000ff200000, 0x00000000ff2a0000)
 concurrent mark-sweep generation total 13696K, used 5303K [0x00000000ff2a0000, 0x0000000100000000, 0x0000000100000000)
 Metaspace       used 5073K, capacity 5258K, committed 5504K, reserved 1056768K
  class space    used 557K, capacity 597K, committed 640K, reserved 1048576K
}
{Heap before GC invocations=1123 (full 134):
 par new generation   total 6144K, used 5233K [0x00000000fec00000, 0x00000000ff2a0000, 0x00000000ff2a0000)
  eden space 5504K,  95% used [0x00000000fec00000, 0x00000000ff11b798, 0x00000000ff160000)
  from space 640K,   0% used [0x00000000ff160000, 0x00000000ff161020, 0x00000000ff200000)
  to   space 640K,   0% used [0x00000000ff200000, 0x00000000ff200000, 0x00000000ff2a0000)
 concurrent mark-sweep generation total 13696K, used 5303K [0x00000000ff2a0000, 0x0000000100000000, 0x0000000100000000)
 Metaspace       used 5073K, capacity 5258K, committed 5504K, reserved 1056768K
  class space    used 557K, capacity 597K, committed 640K, reserved 1048576K
2024-07-16T18:26:21.840+0800: 8.644: [GC (Allocation Failure) 2024-07-16T18:26:21.840+0800: 8.644: [ParNew: 5233K->4K(6144K), 0.0003107 secs] 10537K->5307K(19840K), 0.0003517 secs] [Times: user=0.00 sys=0.00, real=0.00 secs] 
Heap after GC invocations=1124 (full 134):
 par new generation   total 6144K, used 4K [0x00000000fec00000, 0x00000000ff2a0000, 0x00000000ff2a0000)
  eden space 5504K,   0% used [0x00000000fec00000, 0x00000000fec00000, 0x00000000ff160000)
  from space 640K,   0% used [0x00000000ff200000, 0x00000000ff201020, 0x00000000ff2a0000)
  to   space 640K,   0% used [0x00000000ff160000, 0x00000000ff160000, 0x00000000ff200000)
 concurrent mark-sweep generation total 13696K, used 5303K [0x00000000ff2a0000, 0x0000000100000000, 0x0000000100000000)
 Metaspace       used 5073K, capacity 5258K, committed 5504K, reserved 1056768K
  class space    used 557K, capacity 597K, committed 640K, reserved 1048576K
}
{Heap before GC invocations=1124 (full 134):
 par new generation   total 6144K, used 5233K [0x00000000fec00000, 0x00000000ff2a0000, 0x00000000ff2a0000)
  eden space 5504K,  95% used [0x00000000fec00000, 0x00000000ff11b7b0, 0x00000000ff160000)
  from space 640K,   0% used [0x00000000ff200000, 0x00000000ff201020, 0x00000000ff2a0000)
  to   space 640K,   0% used [0x00000000ff160000, 0x00000000ff160000, 0x00000000ff200000)
 concurrent mark-sweep generation total 13696K, used 5303K [0x00000000ff2a0000, 0x0000000100000000, 0x0000000100000000)
 Metaspace       used 5073K, capacity 5258K, committed 5504K, reserved 1056768K
  class space    used 557K, capacity 597K, committed 640K, reserved 1048576K
2024-07-16T18:26:21.848+0800: 8.652: [GC (Allocation Failure) 2024-07-16T18:26:21.848+0800: 8.652: [ParNew: 5233K->4K(6144K), 0.0003427 secs] 10537K->5307K(19840K), 0.0004005 secs] [Times: user=0.00 sys=0.00, real=0.00 secs] 
Heap after GC invocations=1125 (full 134):
 par new generation   total 6144K, used 4K [0x00000000fec00000, 0x00000000ff2a0000, 0x00000000ff2a0000)
  eden space 5504K,   0% used [0x00000000fec00000, 0x00000000fec00000, 0x00000000ff160000)
  from space 640K,   0% used [0x00000000ff160000, 0x00000000ff161020, 0x00000000ff200000)
  to   space 640K,   0% used [0x00000000ff200000, 0x00000000ff200000, 0x00000000ff2a0000)
 concurrent mark-sweep generation total 13696K, used 5303K [0x00000000ff2a0000, 0x0000000100000000, 0x0000000100000000)
 Metaspace       used 5073K, capacity 5258K, committed 5504K, reserved 1056768K
  class space    used 557K, capacity 597K, committed 640K, reserved 1048576K
}
{Heap before GC invocations=1125 (full 134):
 par new generation   total 6144K, used 5233K [0x00000000fec00000, 0x00000000ff2a0000, 0x00000000ff2a0000)
  eden space 5504K,  95% used [0x00000000fec00000, 0x00000000ff11b7b0, 0x00000000ff160000)
  from space 640K,   0% used [0x00000000ff160000, 0x00000000ff161020, 0x00000000ff200000)
  to   space 640K,   0% used [0x00000000ff200000, 0x00000000ff200000, 0x00000000ff2a0000)
 concurrent mark-sweep generation total 13696K, used 5303K [0x00000000ff2a0000, 0x0000000100000000, 0x0000000100000000)
 Metaspace       used 5073K, capacity 5258K, committed 5504K, reserved 1056768K
  class space    used 557K, capacity 597K, committed 640K, reserved 1048576K
2024-07-16T18:26:21.855+0800: 8.659: [GC (Allocation Failure) 2024-07-16T18:26:21.855+0800: 8.659: [ParNew: 5233K->4K(6144K), 0.0003353 secs] 10537K->5307K(19840K), 0.0003802 secs] [Times: user=0.00 sys=0.00, real=0.00 secs] 
Heap after GC invocations=1126 (full 134):
 par new generation   total 6144K, used 4K [0x00000000fec00000, 0x00000000ff2a0000, 0x00000000ff2a0000)
  eden space 5504K,   0% used [0x00000000fec00000, 0x00000000fec00000, 0x00000000ff160000)
  from space 640K,   0% used [0x00000000ff200000, 0x00000000ff201020, 0x00000000ff2a0000)
  to   space 640K,   0% used [0x00000000ff160000, 0x00000000ff160000, 0x00000000ff200000)
 concurrent mark-sweep generation total 13696K, used 5303K [0x00000000ff2a0000, 0x0000000100000000, 0x0000000100000000)
 Metaspace       used 5073K, capacity 5258K, committed 5504K, reserved 1056768K
  class space    used 557K, capacity 597K, committed 640K, reserved 1048576K
}
{Heap before GC invocations=1126 (full 134):
 par new generation   total 6144K, used 5233K [0x00000000fec00000, 0x00000000ff2a0000, 0x00000000ff2a0000)
  eden space 5504K,  95% used [0x00000000fec00000, 0x00000000ff11b7b0, 0x00000000ff160000)
  from space 640K,   0% used [0x00000000ff200000, 0x00000000ff201020, 0x00000000ff2a0000)
  to   space 640K,   0% used [0x00000000ff160000, 0x00000000ff160000, 0x00000000ff200000)
 concurrent mark-sweep generation total 13696K, used 5303K [0x00000000ff2a0000, 0x0000000100000000, 0x0000000100000000)
 Metaspace       used 5073K, capacity 5258K, committed 5504K, reserved 1056768K
  class space    used 557K, capacity 597K, committed 640K, reserved 1048576K
2024-07-16T18:26:21.862+0800: 8.666: [GC (Allocation Failure) 2024-07-16T18:26:21.862+0800: 8.666: [ParNew: 5233K->4K(6144K), 0.0003223 secs] 10537K->5307K(19840K), 0.0003706 secs] [Times: user=0.00 sys=0.00, real=0.00 secs] 
Heap after GC invocations=1127 (full 134):
 par new generation   total 6144K, used 4K [0x00000000fec00000, 0x00000000ff2a0000, 0x00000000ff2a0000)
  eden space 5504K,   0% used [0x00000000fec00000, 0x00000000fec00000, 0x00000000ff160000)
  from space 640K,   0% used [0x00000000ff160000, 0x00000000ff161020, 0x00000000ff200000)
  to   space 640K,   0% used [0x00000000ff200000, 0x00000000ff200000, 0x00000000ff2a0000)
 concurrent mark-sweep generation total 13696K, used 5303K [0x00000000ff2a0000, 0x0000000100000000, 0x0000000100000000)
 Metaspace       used 5073K, capacity 5258K, committed 5504K, reserved 1056768K
  class space    used 557K, capacity 597K, committed 640K, reserved 1048576K
}
{Heap before GC invocations=1127 (full 134):
 par new generation   total 6144K, used 5233K [0x00000000fec00000, 0x00000000ff2a0000, 0x00000000ff2a0000)
  eden space 5504K,  95% used [0x00000000fec00000, 0x00000000ff11b7b0, 0x00000000ff160000)
  from space 640K,   0% used [0x00000000ff160000, 0x00000000ff161020, 0x00000000ff200000)
  to   space 640K,   0% used [0x00000000ff200000, 0x00000000ff200000, 0x00000000ff2a0000)
 concurrent mark-sweep generation total 13696K, used 5303K [0x00000000ff2a0000, 0x0000000100000000, 0x0000000100000000)
 Metaspace       used 5073K, capacity 5258K, committed 5504K, reserved 1056768K
  class space    used 557K, capacity 597K, committed 640K, reserved 1048576K
2024-07-16T18:26:21.869+0800: 8.673: [GC (Allocation Failure) 2024-07-16T18:26:21.869+0800: 8.673: [ParNew: 5233K->8K(6144K), 0.0004669 secs] 10537K->6337K(19840K), 0.0005165 secs] [Times: user=0.00 sys=0.00, real=0.00 secs] 
Heap after GC invocations=1128 (full 134):
 par new generation   total 6144K, used 8K [0x00000000fec00000, 0x00000000ff2a0000, 0x00000000ff2a0000)
  eden space 5504K,   0% used [0x00000000fec00000, 0x00000000fec00000, 0x00000000ff160000)
  from space 640K,   1% used [0x00000000ff200000, 0x00000000ff202040, 0x00000000ff2a0000)
  to   space 640K,   0% used [0x00000000ff160000, 0x00000000ff160000, 0x00000000ff200000)
 concurrent mark-sweep generation total 13696K, used 6329K [0x00000000ff2a0000, 0x0000000100000000, 0x0000000100000000)
 Metaspace       used 5073K, capacity 5258K, committed 5504K, reserved 1056768K
  class space    used 557K, capacity 597K, committed 640K, reserved 1048576K
}
{Heap before GC invocations=1128 (full 134):
 par new generation   total 6144K, used 5237K [0x00000000fec00000, 0x00000000ff2a0000, 0x00000000ff2a0000)
  eden space 5504K,  95% used [0x00000000fec00000, 0x00000000ff11b7b0, 0x00000000ff160000)
  from space 640K,   1% used [0x00000000ff200000, 0x00000000ff202040, 0x00000000ff2a0000)
  to   space 640K,   0% used [0x00000000ff160000, 0x00000000ff160000, 0x00000000ff200000)
 concurrent mark-sweep generation total 13696K, used 6329K [0x00000000ff2a0000, 0x0000000100000000, 0x0000000100000000)
 Metaspace       used 5073K, capacity 5258K, committed 5504K, reserved 1056768K
  class space    used 557K, capacity 597K, committed 640K, reserved 1048576K
2024-07-16T18:26:21.876+0800: 8.680: [GC (Allocation Failure) 2024-07-16T18:26:21.876+0800: 8.680: [ParNew: 5237K->8K(6144K), 0.0004207 secs] 11567K->7361K(19840K), 0.0004616 secs] [Times: user=0.00 sys=0.00, real=0.00 secs] 
Heap after GC invocations=1129 (full 134):
 par new generation   total 6144K, used 8K [0x00000000fec00000, 0x00000000ff2a0000, 0x00000000ff2a0000)
  eden space 5504K,   0% used [0x00000000fec00000, 0x00000000fec00000, 0x00000000ff160000)
  from space 640K,   1% used [0x00000000ff160000, 0x00000000ff162040, 0x00000000ff200000)
  to   space 640K,   0% used [0x00000000ff200000, 0x00000000ff200000, 0x00000000ff2a0000)
 concurrent mark-sweep generation total 13696K, used 7353K [0x00000000ff2a0000, 0x0000000100000000, 0x0000000100000000)
 Metaspace       used 5073K, capacity 5258K, committed 5504K, reserved 1056768K
  class space    used 557K, capacity 597K, committed 640K, reserved 1048576K
}
{Heap before GC invocations=1129 (full 134):
 par new generation   total 6144K, used 5237K [0x00000000fec00000, 0x00000000ff2a0000, 0x00000000ff2a0000)
  eden space 5504K,  95% used [0x00000000fec00000, 0x00000000ff11b7b0, 0x00000000ff160000)
  from space 640K,   1% used [0x00000000ff160000, 0x00000000ff162040, 0x00000000ff200000)
  to   space 640K,   0% used [0x00000000ff200000, 0x00000000ff200000, 0x00000000ff2a0000)
 concurrent mark-sweep generation total 13696K, used 7353K [0x00000000ff2a0000, 0x0000000100000000, 0x0000000100000000)
 Metaspace       used 5073K, capacity 5258K, committed 5504K, reserved 1056768K
  class space    used 557K, capacity 597K, committed 640K, reserved 1048576K
2024-07-16T18:26:21.883+0800: 8.687: [GC (Allocation Failure) 2024-07-16T18:26:21.883+0800: 8.687: [ParNew: 5237K->6K(6144K), 0.0004470 secs] 12591K->8385K(19840K), 0.0004862 secs] [Times: user=0.00 sys=0.00, real=0.00 secs] 
Heap after GC invocations=1130 (full 134):
 par new generation   total 6144K, used 6K [0x00000000fec00000, 0x00000000ff2a0000, 0x00000000ff2a0000)
  eden space 5504K,   0% used [0x00000000fec00000, 0x00000000fec00000, 0x00000000ff160000)
  from space 640K,   0% used [0x00000000ff200000, 0x00000000ff201830, 0x00000000ff2a0000)
  to   space 640K,   0% used [0x00000000ff160000, 0x00000000ff160000, 0x00000000ff200000)
 concurrent mark-sweep generation total 13696K, used 8379K [0x00000000ff2a0000, 0x0000000100000000, 0x0000000100000000)
 Metaspace       used 5073K, capacity 5258K, committed 5504K, reserved 1056768K
  class space    used 557K, capacity 597K, committed 640K, reserved 1048576K
}
2024-07-16T18:26:21.883+0800: 8.687: [GC (CMS Initial Mark) [1 CMS-initial-mark: 8379K(13696K)] 9409K(19840K), 0.0001422 secs] [Times: user=0.00 sys=0.00, real=0.00 secs] 
2024-07-16T18:26:21.883+0800: 8.687: [CMS-concurrent-mark-start]
2024-07-16T18:26:21.885+0800: 8.689: [CMS-concurrent-mark: 0.001/0.001 secs] [Times: user=0.00 sys=0.00, real=0.00 secs] 
2024-07-16T18:26:21.885+0800: 8.689: [CMS-concurrent-preclean-start]
2024-07-16T18:26:21.885+0800: 8.689: [CMS-concurrent-preclean: 0.000/0.000 secs] [Times: user=0.00 sys=0.00, real=0.00 secs] 
2024-07-16T18:26:21.885+0800: 8.689: [CMS-concurrent-abortable-preclean-start]
{Heap before GC invocations=1130 (full 135):
 par new generation   total 6144K, used 5235K [0x00000000fec00000, 0x00000000ff2a0000, 0x00000000ff2a0000)
  eden space 5504K,  95% used [0x00000000fec00000, 0x00000000ff11b7b0, 0x00000000ff160000)
  from space 640K,   0% used [0x00000000ff200000, 0x00000000ff201830, 0x00000000ff2a0000)
  to   space 640K,   0% used [0x00000000ff160000, 0x00000000ff160000, 0x00000000ff200000)
 concurrent mark-sweep generation total 13696K, used 8379K [0x00000000ff2a0000, 0x0000000100000000, 0x0000000100000000)
 Metaspace       used 5073K, capacity 5258K, committed 5504K, reserved 1056768K
  class space    used 557K, capacity 597K, committed 640K, reserved 1048576K
2024-07-16T18:26:21.891+0800: 8.695: [GC (Allocation Failure) 2024-07-16T18:26:21.891+0800: 8.695: [ParNew: 5235K->4K(6144K), 0.0003791 secs] 13615K->8383K(19840K), 0.0004293 secs] [Times: user=0.00 sys=0.00, real=0.00 secs] 
Heap after GC invocations=1131 (full 135):
 par new generation   total 6144K, used 4K [0x00000000fec00000, 0x00000000ff2a0000, 0x00000000ff2a0000)
  eden space 5504K,   0% used [0x00000000fec00000, 0x00000000fec00000, 0x00000000ff160000)
  from space 640K,   0% used [0x00000000ff160000, 0x00000000ff161020, 0x00000000ff200000)
  to   space 640K,   0% used [0x00000000ff200000, 0x00000000ff200000, 0x00000000ff2a0000)
 concurrent mark-sweep generation total 13696K, used 8379K [0x00000000ff2a0000, 0x0000000100000000, 0x0000000100000000)
 Metaspace       used 5073K, capacity 5258K, committed 5504K, reserved 1056768K
  class space    used 557K, capacity 597K, committed 640K, reserved 1048576K
}
{Heap before GC invocations=1131 (full 135):
 par new generation   total 6144K, used 5233K [0x00000000fec00000, 0x00000000ff2a0000, 0x00000000ff2a0000)
  eden space 5504K,  95% used [0x00000000fec00000, 0x00000000ff11b7b0, 0x00000000ff160000)
  from space 640K,   0% used [0x00000000ff160000, 0x00000000ff161020, 0x00000000ff200000)
  to   space 640K,   0% used [0x00000000ff200000, 0x00000000ff200000, 0x00000000ff2a0000)
 concurrent mark-sweep generation total 13696K, used 8379K [0x00000000ff2a0000, 0x0000000100000000, 0x0000000100000000)
 Metaspace       used 5073K, capacity 5258K, committed 5504K, reserved 1056768K
  class space    used 557K, capacity 597K, committed 640K, reserved 1048576K
2024-07-16T18:26:21.900+0800: 8.704: [GC (Allocation Failure) 2024-07-16T18:26:21.900+0800: 8.704: [ParNew: 5233K->4K(6144K), 0.0003172 secs] 13613K->8383K(19840K), 0.0003514 secs] [Times: user=0.00 sys=0.00, real=0.00 secs] 
Heap after GC invocations=1132 (full 135):
 par new generation   total 6144K, used 4K [0x00000000fec00000, 0x00000000ff2a0000, 0x00000000ff2a0000)
  eden space 5504K,   0% used [0x00000000fec00000, 0x00000000fec00000, 0x00000000ff160000)
  from space 640K,   0% used [0x00000000ff200000, 0x00000000ff201020, 0x00000000ff2a0000)
  to   space 640K,   0% used [0x00000000ff160000, 0x00000000ff160000, 0x00000000ff200000)
 concurrent mark-sweep generation total 13696K, used 8379K [0x00000000ff2a0000, 0x0000000100000000, 0x0000000100000000)
 Metaspace       used 5073K, capacity 5258K, committed 5504K, reserved 1056768K
  class space    used 557K, capacity 597K, committed 640K, reserved 1048576K
}
{Heap before GC invocations=1132 (full 135):
 par new generation   total 6144K, used 5233K [0x00000000fec00000, 0x00000000ff2a0000, 0x00000000ff2a0000)
  eden space 5504K,  95% used [0x00000000fec00000, 0x00000000ff11b7b0, 0x00000000ff160000)
  from space 640K,   0% used [0x00000000ff200000, 0x00000000ff201020, 0x00000000ff2a0000)
  to   space 640K,   0% used [0x00000000ff160000, 0x00000000ff160000, 0x00000000ff200000)
 concurrent mark-sweep generation total 13696K, used 8379K [0x00000000ff2a0000, 0x0000000100000000, 0x0000000100000000)
 Metaspace       used 5073K, capacity 5258K, committed 5504K, reserved 1056768K
  class space    used 557K, capacity 597K, committed 640K, reserved 1048576K
2024-07-16T18:26:21.907+0800: 8.711: [GC (Allocation Failure) 2024-07-16T18:26:21.907+0800: 8.711: [ParNew: 5233K->10K(6144K), 0.0004278 secs] 13613K->9413K(19840K), 0.0004678 secs] [Times: user=0.00 sys=0.00, real=0.00 secs] 
Heap after GC invocations=1133 (full 135):
 par new generation   total 6144K, used 10K [0x00000000fec00000, 0x00000000ff2a0000, 0x00000000ff2a0000)
  eden space 5504K,   0% used [0x00000000fec00000, 0x00000000fec00000, 0x00000000ff160000)
  from space 640K,   1% used [0x00000000ff160000, 0x00000000ff162850, 0x00000000ff200000)
  to   space 640K,   0% used [0x00000000ff200000, 0x00000000ff200000, 0x00000000ff2a0000)
 concurrent mark-sweep generation total 13696K, used 9403K [0x00000000ff2a0000, 0x0000000100000000, 0x0000000100000000)
 Metaspace       used 5073K, capacity 5258K, committed 5504K, reserved 1056768K
  class space    used 557K, capacity 597K, committed 640K, reserved 1048576K
}
{Heap before GC invocations=1133 (full 135):
 par new generation   total 6144K, used 5240K [0x00000000fec00000, 0x00000000ff2a0000, 0x00000000ff2a0000)
  eden space 5504K,  95% used [0x00000000fec00000, 0x00000000ff11b7b0, 0x00000000ff160000)
  from space 640K,   1% used [0x00000000ff160000, 0x00000000ff162850, 0x00000000ff200000)
  to   space 640K,   0% used [0x00000000ff200000, 0x00000000ff200000, 0x00000000ff2a0000)
 concurrent mark-sweep generation total 13696K, used 9403K [0x00000000ff2a0000, 0x0000000100000000, 0x0000000100000000)
 Metaspace       used 5073K, capacity 5258K, committed 5504K, reserved 1056768K
  class space    used 557K, capacity 597K, committed 640K, reserved 1048576K
2024-07-16T18:26:21.914+0800: 8.718: [GC (Allocation Failure) 2024-07-16T18:26:21.914+0800: 8.718: [ParNew: 5240K->6K(6144K), 0.0004338 secs] 14643K->10435K(19840K), 0.0004741 secs] [Times: user=0.00 sys=0.00, real=0.00 secs] 
Heap after GC invocations=1134 (full 135):
 par new generation   total 6144K, used 6K [0x00000000fec00000, 0x00000000ff2a0000, 0x00000000ff2a0000)
  eden space 5504K,   0% used [0x00000000fec00000, 0x00000000fec00000, 0x00000000ff160000)
  from space 640K,   0% used [0x00000000ff200000, 0x00000000ff201830, 0x00000000ff2a0000)
  to   space 640K,   0% used [0x00000000ff160000, 0x00000000ff160000, 0x00000000ff200000)
 concurrent mark-sweep generation total 13696K, used 10429K [0x00000000ff2a0000, 0x0000000100000000, 0x0000000100000000)
 Metaspace       used 5073K, capacity 5258K, committed 5504K, reserved 1056768K
  class space    used 557K, capacity 597K, committed 640K, reserved 1048576K
}
{Heap before GC invocations=1134 (full 135):
 par new generation   total 6144K, used 5235K [0x00000000fec00000, 0x00000000ff2a0000, 0x00000000ff2a0000)
  eden space 5504K,  95% used [0x00000000fec00000, 0x00000000ff11b7b0, 0x00000000ff160000)
  from space 640K,   0% used [0x00000000ff200000, 0x00000000ff201830, 0x00000000ff2a0000)
  to   space 640K,   0% used [0x00000000ff160000, 0x00000000ff160000, 0x00000000ff200000)
 concurrent mark-sweep generation total 13696K, used 10429K [0x00000000ff2a0000, 0x0000000100000000, 0x0000000100000000)
 Metaspace       used 5073K, capacity 5258K, committed 5504K, reserved 1056768K
  class space    used 557K, capacity 597K, committed 640K, reserved 1048576K
2024-07-16T18:26:21.922+0800: 8.726: [GC (Allocation Failure) 2024-07-16T18:26:21.922+0800: 8.726: [ParNew: 5235K->4K(6144K), 0.0002764 secs] 15665K->10433K(19840K), 0.0003171 secs] [Times: user=0.00 sys=0.00, real=0.00 secs] 
Heap after GC invocations=1135 (full 135):
 par new generation   total 6144K, used 4K [0x00000000fec00000, 0x00000000ff2a0000, 0x00000000ff2a0000)
  eden space 5504K,   0% used [0x00000000fec00000, 0x00000000fec00000, 0x00000000ff160000)
  from space 640K,   0% used [0x00000000ff160000, 0x00000000ff161020, 0x00000000ff200000)
  to   space 640K,   0% used [0x00000000ff200000, 0x00000000ff200000, 0x00000000ff2a0000)
 concurrent mark-sweep generation total 13696K, used 10429K [0x00000000ff2a0000, 0x0000000100000000, 0x0000000100000000)
 Metaspace       used 5073K, capacity 5258K, committed 5504K, reserved 1056768K
  class space    used 557K, capacity 597K, committed 640K, reserved 1048576K
}
{Heap before GC invocations=1135 (full 135):
 par new generation   total 6144K, used 5233K [0x00000000fec00000, 0x00000000ff2a0000, 0x00000000ff2a0000)
  eden space 5504K,  95% used [0x00000000fec00000, 0x00000000ff11b7b0, 0x00000000ff160000)
  from space 640K,   0% used [0x00000000ff160000, 0x00000000ff161020, 0x00000000ff200000)
  to   space 640K,   0% used [0x00000000ff200000, 0x00000000ff200000, 0x00000000ff2a0000)
 concurrent mark-sweep generation total 13696K, used 10429K [0x00000000ff2a0000, 0x0000000100000000, 0x0000000100000000)
 Metaspace       used 5073K, capacity 5258K, committed 5504K, reserved 1056768K
  class space    used 557K, capacity 597K, committed 640K, reserved 1048576K
2024-07-16T18:26:21.930+0800: 8.734: [GC (Allocation Failure) 2024-07-16T18:26:21.930+0800: 8.734: [ParNew: 5233K->6K(6144K), 0.0004431 secs] 15663K->11459K(19840K), 0.0004933 secs] [Times: user=0.00 sys=0.00, real=0.00 secs] 
Heap after GC invocations=1136 (full 135):
 par new generation   total 6144K, used 6K [0x00000000fec00000, 0x00000000ff2a0000, 0x00000000ff2a0000)
  eden space 5504K,   0% used [0x00000000fec00000, 0x00000000fec00000, 0x00000000ff160000)
  from space 640K,   0% used [0x00000000ff200000, 0x00000000ff201830, 0x00000000ff2a0000)
  to   space 640K,   0% used [0x00000000ff160000, 0x00000000ff160000, 0x00000000ff200000)
 concurrent mark-sweep generation total 13696K, used 11453K [0x00000000ff2a0000, 0x0000000100000000, 0x0000000100000000)
 Metaspace       used 5073K, capacity 5258K, committed 5504K, reserved 1056768K
  class space    used 557K, capacity 597K, committed 640K, reserved 1048576K
}
{Heap before GC invocations=1136 (full 135):
 par new generation   total 6144K, used 5235K [0x00000000fec00000, 0x00000000ff2a0000, 0x00000000ff2a0000)
  eden space 5504K,  95% used [0x00000000fec00000, 0x00000000ff11b7b0, 0x00000000ff160000)
  from space 640K,   0% used [0x00000000ff200000, 0x00000000ff201830, 0x00000000ff2a0000)
  to   space 640K,   0% used [0x00000000ff160000, 0x00000000ff160000, 0x00000000ff200000)
 concurrent mark-sweep generation total 13696K, used 11453K [0x00000000ff2a0000, 0x0000000100000000, 0x0000000100000000)
 Metaspace       used 5073K, capacity 5258K, committed 5504K, reserved 1056768K
  class space    used 557K, capacity 597K, committed 640K, reserved 1048576K
2024-07-16T18:26:21.937+0800: 8.741: [GC (Allocation Failure) 2024-07-16T18:26:21.937+0800: 8.741: [ParNew: 5235K->10K(6144K), 0.0004064 secs] 16689K->12487K(19840K), 0.0004492 secs] [Times: user=0.00 sys=0.00, real=0.00 secs] 
Heap after GC invocations=1137 (full 135):
 par new generation   total 6144K, used 10K [0x00000000fec00000, 0x00000000ff2a0000, 0x00000000ff2a0000)
  eden space 5504K,   0% used [0x00000000fec00000, 0x00000000fec00000, 0x00000000ff160000)
  from space 640K,   1% used [0x00000000ff160000, 0x00000000ff162850, 0x00000000ff200000)
  to   space 640K,   0% used [0x00000000ff200000, 0x00000000ff200000, 0x00000000ff2a0000)
 concurrent mark-sweep generation total 13696K, used 12477K [0x00000000ff2a0000, 0x0000000100000000, 0x0000000100000000)
 Metaspace       used 5073K, capacity 5258K, committed 5504K, reserved 1056768K
  class space    used 557K, capacity 597K, committed 640K, reserved 1048576K
}
{Heap before GC invocations=1137 (full 135):
 par new generation   total 6144K, used 5240K [0x00000000fec00000, 0x00000000ff2a0000, 0x00000000ff2a0000)
  eden space 5504K,  95% used [0x00000000fec00000, 0x00000000ff11b7b0, 0x00000000ff160000)
  from space 640K,   1% used [0x00000000ff160000, 0x00000000ff162850, 0x00000000ff200000)
  to   space 640K,   0% used [0x00000000ff200000, 0x00000000ff200000, 0x00000000ff2a0000)
 concurrent mark-sweep generation total 13696K, used 12477K [0x00000000ff2a0000, 0x0000000100000000, 0x0000000100000000)
 Metaspace       used 5073K, capacity 5258K, committed 5504K, reserved 1056768K
  class space    used 557K, capacity 597K, committed 640K, reserved 1048576K
2024-07-16T18:26:21.944+0800: 8.748: [GC (Allocation Failure) 2024-07-16T18:26:21.944+0800: 8.748: [ParNew: 5240K->5240K(6144K), 0.0000191 secs]2024-07-16T18:26:21.944+0800: 8.748: [CMS2024-07-16T18:26:21.944+0800: 8.748: [CMS-concurrent-abortable-preclean: 0.000/0.059 secs] [Times: user=0.00 sys=0.00, real=0.06 secs] 
 (concurrent mode failure): 12477K->2229K(13696K), 0.0031698 secs] 17717K->2229K(19840K), [Metaspace: 5073K->5073K(1056768K)], 0.0032637 secs] [Times: user=0.00 sys=0.00, real=0.00 secs] 
Heap after GC invocations=1138 (full 136):
 par new generation   total 6144K, used 0K [0x00000000fec00000, 0x00000000ff2a0000, 0x00000000ff2a0000)
  eden space 5504K,   0% used [0x00000000fec00000, 0x00000000fec00000, 0x00000000ff160000)
  from space 640K,   0% used [0x00000000ff160000, 0x00000000ff160000, 0x00000000ff200000)
  to   space 640K,   0% used [0x00000000ff200000, 0x00000000ff200000, 0x00000000ff2a0000)
 concurrent mark-sweep generation total 13696K, used 2229K [0x00000000ff2a0000, 0x0000000100000000, 0x0000000100000000)
 Metaspace       used 5073K, capacity 5258K, committed 5504K, reserved 1056768K
  class space    used 557K, capacity 597K, committed 640K, reserved 1048576K
}
{Heap before GC invocations=1138 (full 136):
 par new generation   total 6144K, used 5229K [0x00000000fec00000, 0x00000000ff2a0000, 0x00000000ff2a0000)
  eden space 5504K,  95% used [0x00000000fec00000, 0x00000000ff11b7b0, 0x00000000ff160000)
  from space 640K,   0% used [0x00000000ff160000, 0x00000000ff160000, 0x00000000ff200000)
  to   space 640K,   0% used [0x00000000ff200000, 0x00000000ff200000, 0x00000000ff2a0000)
 concurrent mark-sweep generation total 13696K, used 2229K [0x00000000ff2a0000, 0x0000000100000000, 0x0000000100000000)
 Metaspace       used 5073K, capacity 5258K, committed 5504K, reserved 1056768K
  class space    used 557K, capacity 597K, committed 640K, reserved 1048576K
2024-07-16T18:26:21.954+0800: 8.758: [GC (Allocation Failure) 2024-07-16T18:26:21.954+0800: 8.758: [ParNew: 5229K->8K(6144K), 0.0004051 secs] 7459K->3263K(19840K), 0.0004556 secs] [Times: user=0.00 sys=0.00, real=0.00 secs] 
Heap after GC invocations=1139 (full 136):
 par new generation   total 6144K, used 8K [0x00000000fec00000, 0x00000000ff2a0000, 0x00000000ff2a0000)
  eden space 5504K,   0% used [0x00000000fec00000, 0x00000000fec00000, 0x00000000ff160000)
  from space 640K,   1% used [0x00000000ff200000, 0x00000000ff202040, 0x00000000ff2a0000)
  to   space 640K,   0% used [0x00000000ff160000, 0x00000000ff160000, 0x00000000ff200000)
 concurrent mark-sweep generation total 13696K, used 3255K [0x00000000ff2a0000, 0x0000000100000000, 0x0000000100000000)
 Metaspace       used 5073K, capacity 5258K, committed 5504K, reserved 1056768K
  class space    used 557K, capacity 597K, committed 640K, reserved 1048576K
}
{Heap before GC invocations=1139 (full 136):
 par new generation   total 6144K, used 5237K [0x00000000fec00000, 0x00000000ff2a0000, 0x00000000ff2a0000)
  eden space 5504K,  95% used [0x00000000fec00000, 0x00000000ff11b7b0, 0x00000000ff160000)
  from space 640K,   1% used [0x00000000ff200000, 0x00000000ff202040, 0x00000000ff2a0000)
  to   space 640K,   0% used [0x00000000ff160000, 0x00000000ff160000, 0x00000000ff200000)
 concurrent mark-sweep generation total 13696K, used 3255K [0x00000000ff2a0000, 0x0000000100000000, 0x0000000100000000)
 Metaspace       used 5073K, capacity 5258K, committed 5504K, reserved 1056768K
  class space    used 557K, capacity 597K, committed 640K, reserved 1048576K
2024-07-16T18:26:21.962+0800: 8.766: [GC (Allocation Failure) 2024-07-16T18:26:21.962+0800: 8.766: [ParNew: 5237K->6K(6144K), 0.0004758 secs] 8493K->4285K(19840K), 0.0005336 secs] [Times: user=0.00 sys=0.00, real=0.00 secs] 
Heap after GC invocations=1140 (full 136):
 par new generation   total 6144K, used 6K [0x00000000fec00000, 0x00000000ff2a0000, 0x00000000ff2a0000)
  eden space 5504K,   0% used [0x00000000fec00000, 0x00000000fec00000, 0x00000000ff160000)
  from space 640K,   0% used [0x00000000ff160000, 0x00000000ff161830, 0x00000000ff200000)
  to   space 640K,   0% used [0x00000000ff200000, 0x00000000ff200000, 0x00000000ff2a0000)
 concurrent mark-sweep generation total 13696K, used 4279K [0x00000000ff2a0000, 0x0000000100000000, 0x0000000100000000)
 Metaspace       used 5073K, capacity 5258K, committed 5504K, reserved 1056768K
  class space    used 557K, capacity 597K, committed 640K, reserved 1048576K
}
{Heap before GC invocations=1140 (full 136):
 par new generation   total 6144K, used 5235K [0x00000000fec00000, 0x00000000ff2a0000, 0x00000000ff2a0000)
  eden space 5504K,  95% used [0x00000000fec00000, 0x00000000ff11b7b0, 0x00000000ff160000)
  from space 640K,   0% used [0x00000000ff160000, 0x00000000ff161830, 0x00000000ff200000)
  to   space 640K,   0% used [0x00000000ff200000, 0x00000000ff200000, 0x00000000ff2a0000)
 concurrent mark-sweep generation total 13696K, used 4279K [0x00000000ff2a0000, 0x0000000100000000, 0x0000000100000000)
 Metaspace       used 5073K, capacity 5258K, committed 5504K, reserved 1056768K
  class space    used 557K, capacity 597K, committed 640K, reserved 1048576K
2024-07-16T18:26:21.971+0800: 8.775: [GC (Allocation Failure) 2024-07-16T18:26:21.971+0800: 8.775: [ParNew: 5235K->4K(6144K), 0.0005084 secs] 9515K->5309K(19840K), 0.0005576 secs] [Times: user=0.00 sys=0.00, real=0.00 secs] 
Heap after GC invocations=1141 (full 136):
 par new generation   total 6144K, used 4K [0x00000000fec00000, 0x00000000ff2a0000, 0x00000000ff2a0000)
  eden space 5504K,   0% used [0x00000000fec00000, 0x00000000fec00000, 0x00000000ff160000)
  from space 640K,   0% used [0x00000000ff200000, 0x00000000ff201020, 0x00000000ff2a0000)
  to   space 640K,   0% used [0x00000000ff160000, 0x00000000ff160000, 0x00000000ff200000)
 concurrent mark-sweep generation total 13696K, used 5305K [0x00000000ff2a0000, 0x0000000100000000, 0x0000000100000000)
 Metaspace       used 5073K, capacity 5258K, committed 5504K, reserved 1056768K
  class space    used 557K, capacity 597K, committed 640K, reserved 1048576K
}
{Heap before GC invocations=1141 (full 136):
 par new generation   total 6144K, used 5233K [0x00000000fec00000, 0x00000000ff2a0000, 0x00000000ff2a0000)
  eden space 5504K,  95% used [0x00000000fec00000, 0x00000000ff11b7b0, 0x00000000ff160000)
  from space 640K,   0% used [0x00000000ff200000, 0x00000000ff201020, 0x00000000ff2a0000)
  to   space 640K,   0% used [0x00000000ff160000, 0x00000000ff160000, 0x00000000ff200000)
 concurrent mark-sweep generation total 13696K, used 5305K [0x00000000ff2a0000, 0x0000000100000000, 0x0000000100000000)
 Metaspace       used 5073K, capacity 5258K, committed 5504K, reserved 1056768K
  class space    used 557K, capacity 597K, committed 640K, reserved 1048576K
2024-07-16T18:26:21.980+0800: 8.784: [GC (Allocation Failure) 2024-07-16T18:26:21.980+0800: 8.784: [ParNew: 5233K->2K(6144K), 0.0003522 secs] 10539K->5307K(19840K), 0.0004050 secs] [Times: user=0.00 sys=0.00, real=0.00 secs] 
Heap after GC invocations=1142 (full 136):
 par new generation   total 6144K, used 2K [0x00000000fec00000, 0x00000000ff2a0000, 0x00000000ff2a0000)
  eden space 5504K,   0% used [0x00000000fec00000, 0x00000000fec00000, 0x00000000ff160000)
  from space 640K,   0% used [0x00000000ff160000, 0x00000000ff160810, 0x00000000ff200000)
  to   space 640K,   0% used [0x00000000ff200000, 0x00000000ff200000, 0x00000000ff2a0000)
 concurrent mark-sweep generation total 13696K, used 5305K [0x00000000ff2a0000, 0x0000000100000000, 0x0000000100000000)
 Metaspace       used 5073K, capacity 5258K, committed 5504K, reserved 1056768K
  class space    used 557K, capacity 597K, committed 640K, reserved 1048576K
}
{Heap before GC invocations=1142 (full 136):
 par new generation   total 6144K, used 5231K [0x00000000fec00000, 0x00000000ff2a0000, 0x00000000ff2a0000)
  eden space 5504K,  95% used [0x00000000fec00000, 0x00000000ff11b7b0, 0x00000000ff160000)
  from space 640K,   0% used [0x00000000ff160000, 0x00000000ff160810, 0x00000000ff200000)
  to   space 640K,   0% used [0x00000000ff200000, 0x00000000ff200000, 0x00000000ff2a0000)
 concurrent mark-sweep generation total 13696K, used 5305K [0x00000000ff2a0000, 0x0000000100000000, 0x0000000100000000)
 Metaspace       used 5073K, capacity 5258K, committed 5504K, reserved 1056768K
  class space    used 557K, capacity 597K, committed 640K, reserved 1048576K
2024-07-16T18:26:21.987+0800: 8.791: [GC (Allocation Failure) 2024-07-16T18:26:21.987+0800: 8.791: [ParNew: 5231K->6K(6144K), 0.0004480 secs] 10537K->6337K(19840K), 0.0005052 secs] [Times: user=0.00 sys=0.00, real=0.00 secs] 
Heap after GC invocations=1143 (full 136):
 par new generation   total 6144K, used 6K [0x00000000fec00000, 0x00000000ff2a0000, 0x00000000ff2a0000)
  eden space 5504K,   0% used [0x00000000fec00000, 0x00000000fec00000, 0x00000000ff160000)
  from space 640K,   0% used [0x00000000ff200000, 0x00000000ff201830, 0x00000000ff2a0000)
  to   space 640K,   0% used [0x00000000ff160000, 0x00000000ff160000, 0x00000000ff200000)
 concurrent mark-sweep generation total 13696K, used 6331K [0x00000000ff2a0000, 0x0000000100000000, 0x0000000100000000)
 Metaspace       used 5073K, capacity 5258K, committed 5504K, reserved 1056768K
  class space    used 557K, capacity 597K, committed 640K, reserved 1048576K
}
{Heap before GC invocations=1143 (full 136):
 par new generation   total 6144K, used 5235K [0x00000000fec00000, 0x00000000ff2a0000, 0x00000000ff2a0000)
  eden space 5504K,  95% used [0x00000000fec00000, 0x00000000ff11b7b0, 0x00000000ff160000)
  from space 640K,   0% used [0x00000000ff200000, 0x00000000ff201830, 0x00000000ff2a0000)
  to   space 640K,   0% used [0x00000000ff160000, 0x00000000ff160000, 0x00000000ff200000)
 concurrent mark-sweep generation total 13696K, used 6331K [0x00000000ff2a0000, 0x0000000100000000, 0x0000000100000000)
 Metaspace       used 5073K, capacity 5258K, committed 5504K, reserved 1056768K
  class space    used 557K, capacity 597K, committed 640K, reserved 1048576K
2024-07-16T18:26:21.993+0800: 8.797: [GC (Allocation Failure) 2024-07-16T18:26:21.993+0800: 8.797: [ParNew: 5235K->8K(6144K), 0.0004733 secs] 11567K->7365K(19840K), 0.0005284 secs] [Times: user=0.00 sys=0.00, real=0.00 secs] 
Heap after GC invocations=1144 (full 136):
 par new generation   total 6144K, used 8K [0x00000000fec00000, 0x00000000ff2a0000, 0x00000000ff2a0000)
  eden space 5504K,   0% used [0x00000000fec00000, 0x00000000fec00000, 0x00000000ff160000)
  from space 640K,   1% used [0x00000000ff160000, 0x00000000ff162040, 0x00000000ff200000)
  to   space 640K,   0% used [0x00000000ff200000, 0x00000000ff200000, 0x00000000ff2a0000)
 concurrent mark-sweep generation total 13696K, used 7357K [0x00000000ff2a0000, 0x0000000100000000, 0x0000000100000000)
 Metaspace       used 5073K, capacity 5258K, committed 5504K, reserved 1056768K
  class space    used 557K, capacity 597K, committed 640K, reserved 1048576K
}
{Heap before GC invocations=1144 (full 136):
 par new generation   total 6144K, used 5237K [0x00000000fec00000, 0x00000000ff2a0000, 0x00000000ff2a0000)
  eden space 5504K,  95% used [0x00000000fec00000, 0x00000000ff11b7b0, 0x00000000ff160000)
  from space 640K,   1% used [0x00000000ff160000, 0x00000000ff162040, 0x00000000ff200000)
  to   space 640K,   0% used [0x00000000ff200000, 0x00000000ff200000, 0x00000000ff2a0000)
 concurrent mark-sweep generation total 13696K, used 7357K [0x00000000ff2a0000, 0x0000000100000000, 0x0000000100000000)
 Metaspace       used 5073K, capacity 5258K, committed 5504K, reserved 1056768K
  class space    used 557K, capacity 597K, committed 640K, reserved 1048576K
2024-07-16T18:26:22.000+0800: 8.804: [GC (Allocation Failure) 2024-07-16T18:26:22.000+0800: 8.804: [ParNew: 5237K->6K(6144K), 0.0006383 secs] 12595K->8389K(19840K), 0.0007675 secs] [Times: user=0.00 sys=0.00, real=0.00 secs] 
Heap after GC invocations=1145 (full 136):
 par new generation   total 6144K, used 6K [0x00000000fec00000, 0x00000000ff2a0000, 0x00000000ff2a0000)
  eden space 5504K,   0% used [0x00000000fec00000, 0x00000000fec00000, 0x00000000ff160000)
  from space 640K,   0% used [0x00000000ff200000, 0x00000000ff201830, 0x00000000ff2a0000)
  to   space 640K,   0% used [0x00000000ff160000, 0x00000000ff160000, 0x00000000ff200000)
 concurrent mark-sweep generation total 13696K, used 8383K [0x00000000ff2a0000, 0x0000000100000000, 0x0000000100000000)
 Metaspace       used 5073K, capacity 5258K, committed 5504K, reserved 1056768K
  class space    used 557K, capacity 597K, committed 640K, reserved 1048576K
}
2024-07-16T18:26:22.001+0800: 8.805: [GC (CMS Initial Mark) [1 CMS-initial-mark: 8383K(13696K)] 9413K(19840K), 0.0002600 secs] [Times: user=0.00 sys=0.00, real=0.00 secs] 
2024-07-16T18:26:22.001+0800: 8.805: [CMS-concurrent-mark-start]
2024-07-16T18:26:22.002+0800: 8.806: [CMS-concurrent-mark: 0.001/0.001 secs] [Times: user=0.00 sys=0.00, real=0.00 secs] 
2024-07-16T18:26:22.002+0800: 8.806: [CMS-concurrent-preclean-start]
2024-07-16T18:26:22.002+0800: 8.806: [CMS-concurrent-preclean: 0.000/0.000 secs] [Times: user=0.00 sys=0.00, real=0.00 secs] 
2024-07-16T18:26:22.002+0800: 8.806: [GC (CMS Final Remark) [YG occupancy: 1139 K (6144 K)]{Heap before GC invocations=1145 (full 137):
 par new generation   total 6144K, used 1139K [0x00000000fec00000, 0x00000000ff2a0000, 0x00000000ff2a0000)
  eden space 5504K,  20% used [0x00000000fec00000, 0x00000000fed1b770, 0x00000000ff160000)
  from space 640K,   0% used [0x00000000ff200000, 0x00000000ff201830, 0x00000000ff2a0000)
  to   space 640K,   0% used [0x00000000ff160000, 0x00000000ff160000, 0x00000000ff200000)
 concurrent mark-sweep generation total 13696K, used 8383K [0x00000000ff2a0000, 0x0000000100000000, 0x0000000100000000)
 Metaspace       used 5073K, capacity 5258K, committed 5504K, reserved 1056768K
  class space    used 557K, capacity 597K, committed 640K, reserved 1048576K
2024-07-16T18:26:22.003+0800: 8.806: [GC (CMS Final Remark) 2024-07-16T18:26:22.003+0800: 8.806: [ParNew: 1139K->6K(6144K), 0.0002928 secs] 9523K->9415K(19840K), 0.0003177 secs] [Times: user=0.00 sys=0.00, real=0.00 secs] 
Heap after GC invocations=1146 (full 137):
 par new generation   total 6144K, used 6K [0x00000000fec00000, 0x00000000ff2a0000, 0x00000000ff2a0000)
  eden space 5504K,   0% used [0x00000000fec00000, 0x00000000fec00000, 0x00000000ff160000)
  from space 640K,   0% used [0x00000000ff160000, 0x00000000ff161830, 0x00000000ff200000)
  to   space 640K,   0% used [0x00000000ff200000, 0x00000000ff200000, 0x00000000ff2a0000)
 concurrent mark-sweep generation total 13696K, used 9409K [0x00000000ff2a0000, 0x0000000100000000, 0x0000000100000000)
 Metaspace       used 5073K, capacity 5258K, committed 5504K, reserved 1056768K
  class space    used 557K, capacity 597K, committed 640K, reserved 1048576K
}
2024-07-16T18:26:22.003+0800: 8.807: [Rescan (parallel) , 0.0001861 secs]2024-07-16T18:26:22.003+0800: 8.807: [weak refs processing, 0.0000117 secs]2024-07-16T18:26:22.003+0800: 8.807: [class unloading, 0.0003688 secs]2024-07-16T18:26:22.003+0800: 8.807: [scrub symbol table, 0.0004981 secs]2024-07-16T18:26:22.004+0800: 8.808: [scrub string table, 0.0001295 secs][1 CMS-remark: 9409K(13696K)] 9415K(19840K), 0.0016200 secs] [Times: user=0.02 sys=0.00, real=0.00 secs] 
2024-07-16T18:26:22.004+0800: 8.808: [CMS-concurrent-sweep-start]
2024-07-16T18:26:22.004+0800: 8.808: [CMS-concurrent-sweep: 0.000/0.000 secs] [Times: user=0.00 sys=0.00, real=0.00 secs] 
2024-07-16T18:26:22.004+0800: 8.808: [CMS-concurrent-reset-start]
2024-07-16T18:26:22.004+0800: 8.808: [CMS-concurrent-reset: 0.000/0.000 secs] [Times: user=0.00 sys=0.00, real=0.00 secs] 
{Heap before GC invocations=1146 (full 137):
 par new generation   total 6144K, used 5235K [0x00000000fec00000, 0x00000000ff2a0000, 0x00000000ff2a0000)
  eden space 5504K,  95% used [0x00000000fec00000, 0x00000000ff11b798, 0x00000000ff160000)
  from space 640K,   0% used [0x00000000ff160000, 0x00000000ff161830, 0x00000000ff200000)
  to   space 640K,   0% used [0x00000000ff200000, 0x00000000ff200000, 0x00000000ff2a0000)
 concurrent mark-sweep generation total 13696K, used 3265K [0x00000000ff2a0000, 0x0000000100000000, 0x0000000100000000)
 Metaspace       used 5073K, capacity 5258K, committed 5504K, reserved 1056768K
  class space    used 557K, capacity 597K, committed 640K, reserved 1048576K
2024-07-16T18:26:22.012+0800: 8.816: [GC (Allocation Failure) 2024-07-16T18:26:22.012+0800: 8.816: [ParNew: 5235K->8K(6144K), 0.0004641 secs] 8501K->4299K(19840K), 0.0005193 secs] [Times: user=0.00 sys=0.00, real=0.00 secs] 
Heap after GC invocations=1147 (full 137):
 par new generation   total 6144K, used 8K [0x00000000fec00000, 0x00000000ff2a0000, 0x00000000ff2a0000)
  eden space 5504K,   0% used [0x00000000fec00000, 0x00000000fec00000, 0x00000000ff160000)
  from space 640K,   1% used [0x00000000ff200000, 0x00000000ff202040, 0x00000000ff2a0000)
  to   space 640K,   0% used [0x00000000ff160000, 0x00000000ff160000, 0x00000000ff200000)
 concurrent mark-sweep generation total 13696K, used 4291K [0x00000000ff2a0000, 0x0000000100000000, 0x0000000100000000)
 Metaspace       used 5073K, capacity 5258K, committed 5504K, reserved 1056768K
  class space    used 557K, capacity 597K, committed 640K, reserved 1048576K
}
{Heap before GC invocations=1147 (full 137):
 par new generation   total 6144K, used 5230K [0x00000000fec00000, 0x00000000ff2a0000, 0x00000000ff2a0000)
  eden space 5504K,  94% used [0x00000000fec00000, 0x00000000ff119980, 0x00000000ff160000)
  from space 640K,   1% used [0x00000000ff200000, 0x00000000ff202040, 0x00000000ff2a0000)
  to   space 640K,   0% used [0x00000000ff160000, 0x00000000ff160000, 0x00000000ff200000)
 concurrent mark-sweep generation total 13696K, used 4291K [0x00000000ff2a0000, 0x0000000100000000, 0x0000000100000000)
 Metaspace       used 5073K, capacity 5258K, committed 5504K, reserved 1056768K
  class space    used 557K, capacity 597K, committed 640K, reserved 1048576K
2024-07-16T18:26:22.019+0800: 8.823: [GC (Allocation Failure) 2024-07-16T18:26:22.019+0800: 8.823: [ParNew: 5230K->6K(6144K), 0.0004244 secs] 9521K->5323K(19840K), 0.0004790 secs] [Times: user=0.00 sys=0.00, real=0.00 secs] 
Heap after GC invocations=1148 (full 137):
 par new generation   total 6144K, used 6K [0x00000000fec00000, 0x00000000ff2a0000, 0x00000000ff2a0000)
  eden space 5504K,   0% used [0x00000000fec00000, 0x00000000fec00000, 0x00000000ff160000)
  from space 640K,   0% used [0x00000000ff160000, 0x00000000ff161830, 0x00000000ff200000)
  to   space 640K,   0% used [0x00000000ff200000, 0x00000000ff200000, 0x00000000ff2a0000)
 concurrent mark-sweep generation total 13696K, used 5317K [0x00000000ff2a0000, 0x0000000100000000, 0x0000000100000000)
 Metaspace       used 5073K, capacity 5258K, committed 5504K, reserved 1056768K
  class space    used 557K, capacity 597K, committed 640K, reserved 1048576K
}
{Heap before GC invocations=1148 (full 137):
 par new generation   total 6144K, used 5231K [0x00000000fec00000, 0x00000000ff2a0000, 0x00000000ff2a0000)
  eden space 5504K,  94% used [0x00000000fec00000, 0x00000000ff11a748, 0x00000000ff160000)
  from space 640K,   0% used [0x00000000ff160000, 0x00000000ff161830, 0x00000000ff200000)
  to   space 640K,   0% used [0x00000000ff200000, 0x00000000ff200000, 0x00000000ff2a0000)
 concurrent mark-sweep generation total 13696K, used 5317K [0x00000000ff2a0000, 0x0000000100000000, 0x0000000100000000)
 Metaspace       used 5073K, capacity 5258K, committed 5504K, reserved 1056768K
  class space    used 557K, capacity 597K, committed 640K, reserved 1048576K
2024-07-16T18:26:22.028+0800: 8.832: [GC (Allocation Failure) 2024-07-16T18:26:22.028+0800: 8.832: [ParNew: 5231K->4K(6144K), 0.0003351 secs] 10549K->5321K(19840K), 0.0003782 secs] [Times: user=0.00 sys=0.00, real=0.00 secs] 
Heap after GC invocations=1149 (full 137):
 par new generation   total 6144K, used 4K [0x00000000fec00000, 0x00000000ff2a0000, 0x00000000ff2a0000)
  eden space 5504K,   0% used [0x00000000fec00000, 0x00000000fec00000, 0x00000000ff160000)
  from space 640K,   0% used [0x00000000ff200000, 0x00000000ff201020, 0x00000000ff2a0000)
  to   space 640K,   0% used [0x00000000ff160000, 0x00000000ff160000, 0x00000000ff200000)
 concurrent mark-sweep generation total 13696K, used 5317K [0x00000000ff2a0000, 0x0000000100000000, 0x0000000100000000)
 Metaspace       used 5073K, capacity 5258K, committed 5504K, reserved 1056768K
  class space    used 557K, capacity 597K, committed 640K, reserved 1048576K
}
{Heap before GC invocations=1149 (full 137):
 par new generation   total 6144K, used 5231K [0x00000000fec00000, 0x00000000ff2a0000, 0x00000000ff2a0000)
  eden space 5504K,  94% used [0x00000000fec00000, 0x00000000ff11ad28, 0x00000000ff160000)
  from space 640K,   0% used [0x00000000ff200000, 0x00000000ff201020, 0x00000000ff2a0000)
  to   space 640K,   0% used [0x00000000ff160000, 0x00000000ff160000, 0x00000000ff200000)
 concurrent mark-sweep generation total 13696K, used 5317K [0x00000000ff2a0000, 0x0000000100000000, 0x0000000100000000)
 Metaspace       used 5073K, capacity 5258K, committed 5504K, reserved 1056768K
  class space    used 557K, capacity 597K, committed 640K, reserved 1048576K
2024-07-16T18:26:22.036+0800: 8.840: [GC (Allocation Failure) 2024-07-16T18:26:22.036+0800: 8.840: [ParNew: 5231K->18K(6144K), 0.0002952 secs] 10548K->5335K(19840K), 0.0003399 secs] [Times: user=0.00 sys=0.00, real=0.00 secs] 
Heap after GC invocations=1150 (full 137):
 par new generation   total 6144K, used 18K [0x00000000fec00000, 0x00000000ff2a0000, 0x00000000ff2a0000)
  eden space 5504K,   0% used [0x00000000fec00000, 0x00000000fec00000, 0x00000000ff160000)
  from space 640K,   2% used [0x00000000ff160000, 0x00000000ff164890, 0x00000000ff200000)
  to   space 640K,   0% used [0x00000000ff200000, 0x00000000ff200000, 0x00000000ff2a0000)
 concurrent mark-sweep generation total 13696K, used 5317K [0x00000000ff2a0000, 0x0000000100000000, 0x0000000100000000)
 Metaspace       used 5073K, capacity 5258K, committed 5504K, reserved 1056768K
  class space    used 557K, capacity 597K, committed 640K, reserved 1048576K
}
{Heap before GC invocations=1150 (full 137):
 par new generation   total 6144K, used 5246K [0x00000000fec00000, 0x00000000ff2a0000, 0x00000000ff2a0000)
  eden space 5504K,  94% used [0x00000000fec00000, 0x00000000ff11b0f0, 0x00000000ff160000)
  from space 640K,   2% used [0x00000000ff160000, 0x00000000ff164890, 0x00000000ff200000)
  to   space 640K,   0% used [0x00000000ff200000, 0x00000000ff200000, 0x00000000ff2a0000)
 concurrent mark-sweep generation total 13696K, used 5317K [0x00000000ff2a0000, 0x0000000100000000, 0x0000000100000000)
 Metaspace       used 5073K, capacity 5258K, committed 5504K, reserved 1056768K
  class space    used 557K, capacity 597K, committed 640K, reserved 1048576K
2024-07-16T18:26:22.043+0800: 8.847: [GC (Allocation Failure) 2024-07-16T18:26:22.043+0800: 8.847: [ParNew: 5246K->10K(6144K), 0.0005250 secs] 10563K->6351K(19840K), 0.0005879 secs] [Times: user=0.00 sys=0.00, real=0.00 secs] 
Heap after GC invocations=1151 (full 137):
 par new generation   total 6144K, used 10K [0x00000000fec00000, 0x00000000ff2a0000, 0x00000000ff2a0000)
  eden space 5504K,   0% used [0x00000000fec00000, 0x00000000fec00000, 0x00000000ff160000)
  from space 640K,   1% used [0x00000000ff200000, 0x00000000ff202850, 0x00000000ff2a0000)
  to   space 640K,   0% used [0x00000000ff160000, 0x00000000ff160000, 0x00000000ff200000)
 concurrent mark-sweep generation total 13696K, used 6341K [0x00000000ff2a0000, 0x0000000100000000, 0x0000000100000000)
 Metaspace       used 5073K, capacity 5258K, committed 5504K, reserved 1056768K
  class space    used 557K, capacity 597K, committed 640K, reserved 1048576K
}
{Heap before GC invocations=1151 (full 137):
 par new generation   total 6144K, used 5238K [0x00000000fec00000, 0x00000000ff2a0000, 0x00000000ff2a0000)
  eden space 5504K,  95% used [0x00000000fec00000, 0x00000000ff11b360, 0x00000000ff160000)
  from space 640K,   1% used [0x00000000ff200000, 0x00000000ff202850, 0x00000000ff2a0000)
  to   space 640K,   0% used [0x00000000ff160000, 0x00000000ff160000, 0x00000000ff200000)
 concurrent mark-sweep generation total 13696K, used 6341K [0x00000000ff2a0000, 0x0000000100000000, 0x0000000100000000)
 Metaspace       used 5073K, capacity 5258K, committed 5504K, reserved 1056768K
  class space    used 557K, capacity 597K, committed 640K, reserved 1048576K
2024-07-16T18:26:22.051+0800: 8.855: [GC (Allocation Failure) 2024-07-16T18:26:22.051+0800: 8.855: [ParNew: 5238K->16K(6144K), 0.0003524 secs] 11580K->6357K(19840K), 0.0004012 secs] [Times: user=0.00 sys=0.00, real=0.00 secs] 
Heap after GC invocations=1152 (full 137):
 par new generation   total 6144K, used 16K [0x00000000fec00000, 0x00000000ff2a0000, 0x00000000ff2a0000)
  eden space 5504K,   0% used [0x00000000fec00000, 0x00000000fec00000, 0x00000000ff160000)
  from space 640K,   2% used [0x00000000ff160000, 0x00000000ff164080, 0x00000000ff200000)
  to   space 640K,   0% used [0x00000000ff200000, 0x00000000ff200000, 0x00000000ff2a0000)
 concurrent mark-sweep generation total 13696K, used 6341K [0x00000000ff2a0000, 0x0000000100000000, 0x0000000100000000)
 Metaspace       used 5073K, capacity 5258K, committed 5504K, reserved 1056768K
  class space    used 557K, capacity 597K, committed 640K, reserved 1048576K
}
{Heap before GC invocations=1152 (full 137):
 par new generation   total 6144K, used 5245K [0x00000000fec00000, 0x00000000ff2a0000, 0x00000000ff2a0000)
  eden space 5504K,  95% used [0x00000000fec00000, 0x00000000ff11b4e8, 0x00000000ff160000)
  from space 640K,   2% used [0x00000000ff160000, 0x00000000ff164080, 0x00000000ff200000)
  to   space 640K,   0% used [0x00000000ff200000, 0x00000000ff200000, 0x00000000ff2a0000)
 concurrent mark-sweep generation total 13696K, used 6341K [0x00000000ff2a0000, 0x0000000100000000, 0x0000000100000000)
 Metaspace       used 5073K, capacity 5258K, committed 5504K, reserved 1056768K
  class space    used 557K, capacity 597K, committed 640K, reserved 1048576K
2024-07-16T18:26:22.056+0800: 8.860: [GC (Allocation Failure) 2024-07-16T18:26:22.056+0800: 8.860: [ParNew: 5245K->20K(6144K), 0.0004331 secs] 11586K->7385K(19840K), 0.0004847 secs] [Times: user=0.00 sys=0.00, real=0.00 secs] 
Heap after GC invocations=1153 (full 137):
 par new generation   total 6144K, used 20K [0x00000000fec00000, 0x00000000ff2a0000, 0x00000000ff2a0000)
  eden space 5504K,   0% used [0x00000000fec00000, 0x00000000fec00000, 0x00000000ff160000)
  from space 640K,   3% used [0x00000000ff200000, 0x00000000ff2050a0, 0x00000000ff2a0000)
  to   space 640K,   0% used [0x00000000ff160000, 0x00000000ff160000, 0x00000000ff200000)
 concurrent mark-sweep generation total 13696K, used 7365K [0x00000000ff2a0000, 0x0000000100000000, 0x0000000100000000)
 Metaspace       used 5073K, capacity 5258K, committed 5504K, reserved 1056768K
  class space    used 557K, capacity 597K, committed 640K, reserved 1048576K
}
{Heap before GC invocations=1153 (full 137):
 par new generation   total 6144K, used 5249K [0x00000000fec00000, 0x00000000ff2a0000, 0x00000000ff2a0000)
  eden space 5504K,  95% used [0x00000000fec00000, 0x00000000ff11b5e8, 0x00000000ff160000)
  from space 640K,   3% used [0x00000000ff200000, 0x00000000ff2050a0, 0x00000000ff2a0000)
  to   space 640K,   0% used [0x00000000ff160000, 0x00000000ff160000, 0x00000000ff200000)
 concurrent mark-sweep generation total 13696K, used 7365K [0x00000000ff2a0000, 0x0000000100000000, 0x0000000100000000)
 Metaspace       used 5073K, capacity 5258K, committed 5504K, reserved 1056768K
  class space    used 557K, capacity 597K, committed 640K, reserved 1048576K
2024-07-16T18:26:22.063+0800: 8.867: [GC (Allocation Failure) 2024-07-16T18:26:22.063+0800: 8.867: [ParNew: 5249K->16K(6144K), 0.0002938 secs] 12615K->7381K(19840K), 0.0003423 secs] [Times: user=0.00 sys=0.00, real=0.00 secs] 
Heap after GC invocations=1154 (full 137):
 par new generation   total 6144K, used 16K [0x00000000fec00000, 0x00000000ff2a0000, 0x00000000ff2a0000)
  eden space 5504K,   0% used [0x00000000fec00000, 0x00000000fec00000, 0x00000000ff160000)
  from space 640K,   2% used [0x00000000ff160000, 0x00000000ff164080, 0x00000000ff200000)
  to   space 640K,   0% used [0x00000000ff200000, 0x00000000ff200000, 0x00000000ff2a0000)
 concurrent mark-sweep generation total 13696K, used 7365K [0x00000000ff2a0000, 0x0000000100000000, 0x0000000100000000)
 Metaspace       used 5073K, capacity 5258K, committed 5504K, reserved 1056768K
  class space    used 557K, capacity 597K, committed 640K, reserved 1048576K
}
{Heap before GC invocations=1154 (full 137):
 par new generation   total 6144K, used 5245K [0x00000000fec00000, 0x00000000ff2a0000, 0x00000000ff2a0000)
  eden space 5504K,  95% used [0x00000000fec00000, 0x00000000ff11b690, 0x00000000ff160000)
  from space 640K,   2% used [0x00000000ff160000, 0x00000000ff164080, 0x00000000ff200000)
  to   space 640K,   0% used [0x00000000ff200000, 0x00000000ff200000, 0x00000000ff2a0000)
 concurrent mark-sweep generation total 13696K, used 7365K [0x00000000ff2a0000, 0x0000000100000000, 0x0000000100000000)
 Metaspace       used 5073K, capacity 5258K, committed 5504K, reserved 1056768K
  class space    used 557K, capacity 597K, committed 640K, reserved 1048576K
2024-07-16T18:26:22.071+0800: 8.875: [GC (Allocation Failure) 2024-07-16T18:26:22.071+0800: 8.875: [ParNew: 5245K->14K(6144K), 0.0003767 secs] 12611K->7379K(19840K), 0.0004311 secs] [Times: user=0.00 sys=0.00, real=0.00 secs] 
Heap after GC invocations=1155 (full 137):
 par new generation   total 6144K, used 14K [0x00000000fec00000, 0x00000000ff2a0000, 0x00000000ff2a0000)
  eden space 5504K,   0% used [0x00000000fec00000, 0x00000000fec00000, 0x00000000ff160000)
  from space 640K,   2% used [0x00000000ff200000, 0x00000000ff203870, 0x00000000ff2a0000)
  to   space 640K,   0% used [0x00000000ff160000, 0x00000000ff160000, 0x00000000ff200000)
 concurrent mark-sweep generation total 13696K, used 7365K [0x00000000ff2a0000, 0x0000000100000000, 0x0000000100000000)
 Metaspace       used 5073K, capacity 5258K, committed 5504K, reserved 1056768K
  class space    used 557K, capacity 597K, committed 640K, reserved 1048576K
}
{Heap before GC invocations=1155 (full 137):
 par new generation   total 6144K, used 5243K [0x00000000fec00000, 0x00000000ff2a0000, 0x00000000ff2a0000)
  eden space 5504K,  95% used [0x00000000fec00000, 0x00000000ff11b6f8, 0x00000000ff160000)
  from space 640K,   2% used [0x00000000ff200000, 0x00000000ff203870, 0x00000000ff2a0000)
  to   space 640K,   0% used [0x00000000ff160000, 0x00000000ff160000, 0x00000000ff200000)
 concurrent mark-sweep generation total 13696K, used 7365K [0x00000000ff2a0000, 0x0000000100000000, 0x0000000100000000)
 Metaspace       used 5073K, capacity 5258K, committed 5504K, reserved 1056768K
  class space    used 557K, capacity 597K, committed 640K, reserved 1048576K
2024-07-16T18:26:22.079+0800: 8.883: [GC (Allocation Failure) 2024-07-16T18:26:22.079+0800: 8.883: [ParNew: 5243K->4K(6144K), 0.0003698 secs] 12609K->7374K(19840K), 0.0004287 secs] [Times: user=0.00 sys=0.00, real=0.00 secs] 
Heap after GC invocations=1156 (full 137):
 par new generation   total 6144K, used 4K [0x00000000fec00000, 0x00000000ff2a0000, 0x00000000ff2a0000)
  eden space 5504K,   0% used [0x00000000fec00000, 0x00000000fec00000, 0x00000000ff160000)
  from space 640K,   0% used [0x00000000ff160000, 0x00000000ff161020, 0x00000000ff200000)
  to   space 640K,   0% used [0x00000000ff200000, 0x00000000ff200000, 0x00000000ff2a0000)
 concurrent mark-sweep generation total 13696K, used 7370K [0x00000000ff2a0000, 0x0000000100000000, 0x0000000100000000)
 Metaspace       used 5073K, capacity 5258K, committed 5504K, reserved 1056768K
  class space    used 557K, capacity 597K, committed 640K, reserved 1048576K
}
{Heap before GC invocations=1156 (full 137):
 par new generation   total 6144K, used 5233K [0x00000000fec00000, 0x00000000ff2a0000, 0x00000000ff2a0000)
  eden space 5504K,  95% used [0x00000000fec00000, 0x00000000ff11b738, 0x00000000ff160000)
  from space 640K,   0% used [0x00000000ff160000, 0x00000000ff161020, 0x00000000ff200000)
  to   space 640K,   0% used [0x00000000ff200000, 0x00000000ff200000, 0x00000000ff2a0000)
 concurrent mark-sweep generation total 13696K, used 7370K [0x00000000ff2a0000, 0x0000000100000000, 0x0000000100000000)
 Metaspace       used 5073K, capacity 5258K, committed 5504K, reserved 1056768K
  class space    used 557K, capacity 597K, committed 640K, reserved 1048576K
2024-07-16T18:26:22.086+0800: 8.890: [GC (Allocation Failure) 2024-07-16T18:26:22.086+0800: 8.890: [ParNew: 5233K->10K(6144K), 0.0004485 secs] 12604K->8404K(19840K), 0.0005022 secs] [Times: user=0.00 sys=0.00, real=0.00 secs] 
Heap after GC invocations=1157 (full 137):
 par new generation   total 6144K, used 10K [0x00000000fec00000, 0x00000000ff2a0000, 0x00000000ff2a0000)
  eden space 5504K,   0% used [0x00000000fec00000, 0x00000000fec00000, 0x00000000ff160000)
  from space 640K,   1% used [0x00000000ff200000, 0x00000000ff202850, 0x00000000ff2a0000)
  to   space 640K,   0% used [0x00000000ff160000, 0x00000000ff160000, 0x00000000ff200000)
 concurrent mark-sweep generation total 13696K, used 8394K [0x00000000ff2a0000, 0x0000000100000000, 0x0000000100000000)
 Metaspace       used 5073K, capacity 5258K, committed 5504K, reserved 1056768K
  class space    used 557K, capacity 597K, committed 640K, reserved 1048576K
}
2024-07-16T18:26:22.086+0800: 8.890: [GC (CMS Initial Mark) [1 CMS-initial-mark: 8394K(13696K)] 9428K(19840K), 0.0001243 secs] [Times: user=0.00 sys=0.00, real=0.00 secs] 
2024-07-16T18:26:22.086+0800: 8.890: [CMS-concurrent-mark-start]
2024-07-16T18:26:22.088+0800: 8.892: [CMS-concurrent-mark: 0.001/0.001 secs] [Times: user=0.00 sys=0.00, real=0.00 secs] 
2024-07-16T18:26:22.088+0800: 8.892: [CMS-concurrent-preclean-start]
2024-07-16T18:26:22.088+0800: 8.892: [CMS-concurrent-preclean: 0.000/0.000 secs] [Times: user=0.00 sys=0.00, real=0.00 secs] 
2024-07-16T18:26:22.088+0800: 8.892: [CMS-concurrent-abortable-preclean-start]
{Heap before GC invocations=1157 (full 138):
 par new generation   total 6144K, used 5239K [0x00000000fec00000, 0x00000000ff2a0000, 0x00000000ff2a0000)
  eden space 5504K,  95% used [0x00000000fec00000, 0x00000000ff11b768, 0x00000000ff160000)
  from space 640K,   1% used [0x00000000ff200000, 0x00000000ff202850, 0x00000000ff2a0000)
  to   space 640K,   0% used [0x00000000ff160000, 0x00000000ff160000, 0x00000000ff200000)
 concurrent mark-sweep generation total 13696K, used 8394K [0x00000000ff2a0000, 0x0000000100000000, 0x0000000100000000)
 Metaspace       used 5073K, capacity 5258K, committed 5504K, reserved 1056768K
  class space    used 557K, capacity 597K, committed 640K, reserved 1048576K
2024-07-16T18:26:22.094+0800: 8.898: [GC (Allocation Failure) 2024-07-16T18:26:22.094+0800: 8.898: [ParNew: 5239K->4K(6144K), 0.0002922 secs] 13634K->8398K(19840K), 0.0003384 secs] [Times: user=0.00 sys=0.00, real=0.00 secs] 
Heap after GC invocations=1158 (full 138):
 par new generation   total 6144K, used 4K [0x00000000fec00000, 0x00000000ff2a0000, 0x00000000ff2a0000)
  eden space 5504K,   0% used [0x00000000fec00000, 0x00000000fec00000, 0x00000000ff160000)
  from space 640K,   0% used [0x00000000ff160000, 0x00000000ff161020, 0x00000000ff200000)
  to   space 640K,   0% used [0x00000000ff200000, 0x00000000ff200000, 0x00000000ff2a0000)
 concurrent mark-sweep generation total 13696K, used 8394K [0x00000000ff2a0000, 0x0000000100000000, 0x0000000100000000)
 Metaspace       used 5073K, capacity 5258K, committed 5504K, reserved 1056768K
  class space    used 557K, capacity 597K, committed 640K, reserved 1048576K
}
{Heap before GC invocations=1158 (full 138):
 par new generation   total 6144K, used 5233K [0x00000000fec00000, 0x00000000ff2a0000, 0x00000000ff2a0000)
  eden space 5504K,  95% used [0x00000000fec00000, 0x00000000ff11b780, 0x00000000ff160000)
  from space 640K,   0% used [0x00000000ff160000, 0x00000000ff161020, 0x00000000ff200000)
  to   space 640K,   0% used [0x00000000ff200000, 0x00000000ff200000, 0x00000000ff2a0000)
 concurrent mark-sweep generation total 13696K, used 8394K [0x00000000ff2a0000, 0x0000000100000000, 0x0000000100000000)
 Metaspace       used 5073K, capacity 5258K, committed 5504K, reserved 1056768K
  class space    used 557K, capacity 597K, committed 640K, reserved 1048576K
2024-07-16T18:26:22.100+0800: 8.904: [GC (Allocation Failure) 2024-07-16T18:26:22.100+0800: 8.904: [ParNew: 5233K->8K(6144K), 0.0004457 secs] 13628K->9426K(19840K), 0.0005011 secs] [Times: user=0.00 sys=0.00, real=0.00 secs] 
Heap after GC invocations=1159 (full 138):
 par new generation   total 6144K, used 8K [0x00000000fec00000, 0x00000000ff2a0000, 0x00000000ff2a0000)
  eden space 5504K,   0% used [0x00000000fec00000, 0x00000000fec00000, 0x00000000ff160000)
  from space 640K,   1% used [0x00000000ff200000, 0x00000000ff202040, 0x00000000ff2a0000)
  to   space 640K,   0% used [0x00000000ff160000, 0x00000000ff160000, 0x00000000ff200000)
 concurrent mark-sweep generation total 13696K, used 9418K [0x00000000ff2a0000, 0x0000000100000000, 0x0000000100000000)
 Metaspace       used 5073K, capacity 5258K, committed 5504K, reserved 1056768K
  class space    used 557K, capacity 597K, committed 640K, reserved 1048576K
}
{Heap before GC invocations=1159 (full 138):
 par new generation   total 6144K, used 5237K [0x00000000fec00000, 0x00000000ff2a0000, 0x00000000ff2a0000)
  eden space 5504K,  95% used [0x00000000fec00000, 0x00000000ff11b790, 0x00000000ff160000)
  from space 640K,   1% used [0x00000000ff200000, 0x00000000ff202040, 0x00000000ff2a0000)
  to   space 640K,   0% used [0x00000000ff160000, 0x00000000ff160000, 0x00000000ff200000)
 concurrent mark-sweep generation total 13696K, used 9418K [0x00000000ff2a0000, 0x0000000100000000, 0x0000000100000000)
 Metaspace       used 5073K, capacity 5258K, committed 5504K, reserved 1056768K
  class space    used 557K, capacity 597K, committed 640K, reserved 1048576K
2024-07-16T18:26:22.106+0800: 8.910: [GC (Allocation Failure) 2024-07-16T18:26:22.106+0800: 8.910: [ParNew: 5237K->6K(6144K), 0.0005235 secs] 14656K->10448K(19840K), 0.0005675 secs] [Times: user=0.00 sys=0.00, real=0.00 secs] 
Heap after GC invocations=1160 (full 138):
 par new generation   total 6144K, used 6K [0x00000000fec00000, 0x00000000ff2a0000, 0x00000000ff2a0000)
  eden space 5504K,   0% used [0x00000000fec00000, 0x00000000fec00000, 0x00000000ff160000)
  from space 640K,   0% used [0x00000000ff160000, 0x00000000ff161830, 0x00000000ff200000)
  to   space 640K,   0% used [0x00000000ff200000, 0x00000000ff200000, 0x00000000ff2a0000)
 concurrent mark-sweep generation total 13696K, used 10442K [0x00000000ff2a0000, 0x0000000100000000, 0x0000000100000000)
 Metaspace       used 5073K, capacity 5258K, committed 5504K, reserved 1056768K
  class space    used 557K, capacity 597K, committed 640K, reserved 1048576K
}
{Heap before GC invocations=1160 (full 138):
 par new generation   total 6144K, used 5235K [0x00000000fec00000, 0x00000000ff2a0000, 0x00000000ff2a0000)
  eden space 5504K,  95% used [0x00000000fec00000, 0x00000000ff11b7a0, 0x00000000ff160000)
  from space 640K,   0% used [0x00000000ff160000, 0x00000000ff161830, 0x00000000ff200000)
  to   space 640K,   0% used [0x00000000ff200000, 0x00000000ff200000, 0x00000000ff2a0000)
 concurrent mark-sweep generation total 13696K, used 10442K [0x00000000ff2a0000, 0x0000000100000000, 0x0000000100000000)
 Metaspace       used 5073K, capacity 5258K, committed 5504K, reserved 1056768K
  class space    used 557K, capacity 597K, committed 640K, reserved 1048576K
2024-07-16T18:26:22.113+0800: 8.917: [GC (Allocation Failure) 2024-07-16T18:26:22.113+0800: 8.917: [ParNew: 5235K->10K(6144K), 0.0004711 secs] 15678K->11476K(19840K), 0.0005260 secs] [Times: user=0.00 sys=0.00, real=0.00 secs] 
Heap after GC invocations=1161 (full 138):
 par new generation   total 6144K, used 10K [0x00000000fec00000, 0x00000000ff2a0000, 0x00000000ff2a0000)
  eden space 5504K,   0% used [0x00000000fec00000, 0x00000000fec00000, 0x00000000ff160000)
  from space 640K,   1% used [0x00000000ff200000, 0x00000000ff202850, 0x00000000ff2a0000)
  to   space 640K,   0% used [0x00000000ff160000, 0x00000000ff160000, 0x00000000ff200000)
 concurrent mark-sweep generation total 13696K, used 11466K [0x00000000ff2a0000, 0x0000000100000000, 0x0000000100000000)
 Metaspace       used 5073K, capacity 5258K, committed 5504K, reserved 1056768K
  class space    used 557K, capacity 597K, committed 640K, reserved 1048576K
}
{Heap before GC invocations=1161 (full 138):
 par new generation   total 6144K, used 5239K [0x00000000fec00000, 0x00000000ff2a0000, 0x00000000ff2a0000)
  eden space 5504K,  95% used [0x00000000fec00000, 0x00000000ff11b7a8, 0x00000000ff160000)
  from space 640K,   1% used [0x00000000ff200000, 0x00000000ff202850, 0x00000000ff2a0000)
  to   space 640K,   0% used [0x00000000ff160000, 0x00000000ff160000, 0x00000000ff200000)
 concurrent mark-sweep generation total 13696K, used 11466K [0x00000000ff2a0000, 0x0000000100000000, 0x0000000100000000)
 Metaspace       used 5073K, capacity 5258K, committed 5504K, reserved 1056768K
  class space    used 557K, capacity 597K, committed 640K, reserved 1048576K
2024-07-16T18:26:22.121+0800: 8.925: [GC (Allocation Failure) 2024-07-16T18:26:22.121+0800: 8.925: [ParNew: 5239K->4K(6144K), 0.0004071 secs] 16706K->11470K(19840K), 0.0004672 secs] [Times: user=0.00 sys=0.00, real=0.00 secs] 
Heap after GC invocations=1162 (full 138):
 par new generation   total 6144K, used 4K [0x00000000fec00000, 0x00000000ff2a0000, 0x00000000ff2a0000)
  eden space 5504K,   0% used [0x00000000fec00000, 0x00000000fec00000, 0x00000000ff160000)
  from space 640K,   0% used [0x00000000ff160000, 0x00000000ff161020, 0x00000000ff200000)
  to   space 640K,   0% used [0x00000000ff200000, 0x00000000ff200000, 0x00000000ff2a0000)
 concurrent mark-sweep generation total 13696K, used 11466K [0x00000000ff2a0000, 0x0000000100000000, 0x0000000100000000)
 Metaspace       used 5073K, capacity 5258K, committed 5504K, reserved 1056768K
  class space    used 557K, capacity 597K, committed 640K, reserved 1048576K
}
{Heap before GC invocations=1162 (full 138):
 par new generation   total 6144K, used 5233K [0x00000000fec00000, 0x00000000ff2a0000, 0x00000000ff2a0000)
  eden space 5504K,  95% used [0x00000000fec00000, 0x00000000ff11b7a8, 0x00000000ff160000)
  from space 640K,   0% used [0x00000000ff160000, 0x00000000ff161020, 0x00000000ff200000)
  to   space 640K,   0% used [0x00000000ff200000, 0x00000000ff200000, 0x00000000ff2a0000)
 concurrent mark-sweep generation total 13696K, used 11466K [0x00000000ff2a0000, 0x0000000100000000, 0x0000000100000000)
 Metaspace       used 5073K, capacity 5258K, committed 5504K, reserved 1056768K
  class space    used 557K, capacity 597K, committed 640K, reserved 1048576K
2024-07-16T18:26:22.128+0800: 8.932: [GC (Allocation Failure) 2024-07-16T18:26:22.128+0800: 8.932: [ParNew: 5233K->10K(6144K), 0.0004675 secs] 16700K->12500K(19840K), 0.0005262 secs] [Times: user=0.00 sys=0.00, real=0.00 secs] 
Heap after GC invocations=1163 (full 138):
 par new generation   total 6144K, used 10K [0x00000000fec00000, 0x00000000ff2a0000, 0x00000000ff2a0000)
  eden space 5504K,   0% used [0x00000000fec00000, 0x00000000fec00000, 0x00000000ff160000)
  from space 640K,   1% used [0x00000000ff200000, 0x00000000ff202850, 0x00000000ff2a0000)
  to   space 640K,   0% used [0x00000000ff160000, 0x00000000ff160000, 0x00000000ff200000)
 concurrent mark-sweep generation total 13696K, used 12490K [0x00000000ff2a0000, 0x0000000100000000, 0x0000000100000000)
 Metaspace       used 5073K, capacity 5258K, committed 5504K, reserved 1056768K
  class space    used 557K, capacity 597K, committed 640K, reserved 1048576K
}
{Heap before GC invocations=1163 (full 138):
 par new generation   total 6144K, used 5240K [0x00000000fec00000, 0x00000000ff2a0000, 0x00000000ff2a0000)
  eden space 5504K,  95% used [0x00000000fec00000, 0x00000000ff11b7b0, 0x00000000ff160000)
  from space 640K,   1% used [0x00000000ff200000, 0x00000000ff202850, 0x00000000ff2a0000)
  to   space 640K,   0% used [0x00000000ff160000, 0x00000000ff160000, 0x00000000ff200000)
 concurrent mark-sweep generation total 13696K, used 12490K [0x00000000ff2a0000, 0x0000000100000000, 0x0000000100000000)
 Metaspace       used 5073K, capacity 5258K, committed 5504K, reserved 1056768K
  class space    used 557K, capacity 597K, committed 640K, reserved 1048576K
2024-07-16T18:26:22.134+0800: 8.938: [GC (Allocation Failure) 2024-07-16T18:26:22.134+0800: 8.938: [ParNew: 5240K->5240K(6144K), 0.0000210 secs]2024-07-16T18:26:22.134+0800: 8.938: [CMS2024-07-16T18:26:22.134+0800: 8.938: [CMS-concurrent-abortable-preclean: 0.001/0.046 secs] [Times: user=0.00 sys=0.00, real=0.05 secs] 
 (concurrent mode failure): 12490K->3253K(13696K), 0.0035460 secs] 17730K->3253K(19840K), [Metaspace: 5073K->5073K(1056768K)], 0.0036407 secs] [Times: user=0.00 sys=0.00, real=0.00 secs] 
Heap after GC invocations=1164 (full 139):
 par new generation   total 6144K, used 0K [0x00000000fec00000, 0x00000000ff2a0000, 0x00000000ff2a0000)
  eden space 5504K,   0% used [0x00000000fec00000, 0x00000000fec00000, 0x00000000ff160000)
  from space 640K,   0% used [0x00000000ff200000, 0x00000000ff200000, 0x00000000ff2a0000)
  to   space 640K,   0% used [0x00000000ff160000, 0x00000000ff160000, 0x00000000ff200000)
 concurrent mark-sweep generation total 13696K, used 3253K [0x00000000ff2a0000, 0x0000000100000000, 0x0000000100000000)
 Metaspace       used 5073K, capacity 5258K, committed 5504K, reserved 1056768K
  class space    used 557K, capacity 597K, committed 640K, reserved 1048576K
}
{Heap before GC invocations=1164 (full 139):
 par new generation   total 6144K, used 5229K [0x00000000fec00000, 0x00000000ff2a0000, 0x00000000ff2a0000)
  eden space 5504K,  95% used [0x00000000fec00000, 0x00000000ff11b7b0, 0x00000000ff160000)
  from space 640K,   0% used [0x00000000ff200000, 0x00000000ff200000, 0x00000000ff2a0000)
  to   space 640K,   0% used [0x00000000ff160000, 0x00000000ff160000, 0x00000000ff200000)
 concurrent mark-sweep generation total 13696K, used 3253K [0x00000000ff2a0000, 0x0000000100000000, 0x0000000100000000)
 Metaspace       used 5073K, capacity 5258K, committed 5504K, reserved 1056768K
  class space    used 557K, capacity 597K, committed 640K, reserved 1048576K
2024-07-16T18:26:22.144+0800: 8.948: [GC (Allocation Failure) 2024-07-16T18:26:22.144+0800: 8.948: [ParNew: 5229K->6K(6144K), 0.0004396 secs] 8483K->4286K(19840K), 0.0005020 secs] [Times: user=0.00 sys=0.00, real=0.00 secs] 
Heap after GC invocations=1165 (full 139):
 par new generation   total 6144K, used 6K [0x00000000fec00000, 0x00000000ff2a0000, 0x00000000ff2a0000)
  eden space 5504K,   0% used [0x00000000fec00000, 0x00000000fec00000, 0x00000000ff160000)
  from space 640K,   0% used [0x00000000ff160000, 0x00000000ff161830, 0x00000000ff200000)
  to   space 640K,   0% used [0x00000000ff200000, 0x00000000ff200000, 0x00000000ff2a0000)
 concurrent mark-sweep generation total 13696K, used 4280K [0x00000000ff2a0000, 0x0000000100000000, 0x0000000100000000)
 Metaspace       used 5073K, capacity 5258K, committed 5504K, reserved 1056768K
  class space    used 557K, capacity 597K, committed 640K, reserved 1048576K
}
{Heap before GC invocations=1165 (full 139):
 par new generation   total 6144K, used 5235K [0x00000000fec00000, 0x00000000ff2a0000, 0x00000000ff2a0000)
  eden space 5504K,  95% used [0x00000000fec00000, 0x00000000ff11b7b0, 0x00000000ff160000)
  from space 640K,   0% used [0x00000000ff160000, 0x00000000ff161830, 0x00000000ff200000)
  to   space 640K,   0% used [0x00000000ff200000, 0x00000000ff200000, 0x00000000ff2a0000)
 concurrent mark-sweep generation total 13696K, used 4280K [0x00000000ff2a0000, 0x0000000100000000, 0x0000000100000000)
 Metaspace       used 5073K, capacity 5258K, committed 5504K, reserved 1056768K
  class space    used 557K, capacity 597K, committed 640K, reserved 1048576K
2024-07-16T18:26:22.151+0800: 8.955: [GC (Allocation Failure) 2024-07-16T18:26:22.151+0800: 8.955: [ParNew: 5235K->6K(6144K), 0.0004568 secs] 9516K->5312K(19840K), 0.0005162 secs] [Times: user=0.00 sys=0.00, real=0.00 secs] 
Heap after GC invocations=1166 (full 139):
 par new generation   total 6144K, used 6K [0x00000000fec00000, 0x00000000ff2a0000, 0x00000000ff2a0000)
  eden space 5504K,   0% used [0x00000000fec00000, 0x00000000fec00000, 0x00000000ff160000)
  from space 640K,   0% used [0x00000000ff200000, 0x00000000ff201830, 0x00000000ff2a0000)
  to   space 640K,   0% used [0x00000000ff160000, 0x00000000ff160000, 0x00000000ff200000)
 concurrent mark-sweep generation total 13696K, used 5306K [0x00000000ff2a0000, 0x0000000100000000, 0x0000000100000000)
 Metaspace       used 5073K, capacity 5258K, committed 5504K, reserved 1056768K
  class space    used 557K, capacity 597K, committed 640K, reserved 1048576K
}
{Heap before GC invocations=1166 (full 139):
 par new generation   total 6144K, used 5235K [0x00000000fec00000, 0x00000000ff2a0000, 0x00000000ff2a0000)
  eden space 5504K,  95% used [0x00000000fec00000, 0x00000000ff11b7b0, 0x00000000ff160000)
  from space 640K,   0% used [0x00000000ff200000, 0x00000000ff201830, 0x00000000ff2a0000)
  to   space 640K,   0% used [0x00000000ff160000, 0x00000000ff160000, 0x00000000ff200000)
 concurrent mark-sweep generation total 13696K, used 5306K [0x00000000ff2a0000, 0x0000000100000000, 0x0000000100000000)
 Metaspace       used 5073K, capacity 5258K, committed 5504K, reserved 1056768K
  class space    used 557K, capacity 597K, committed 640K, reserved 1048576K
2024-07-16T18:26:22.158+0800: 8.962: [GC (Allocation Failure) 2024-07-16T18:26:22.158+0800: 8.962: [ParNew: 5235K->4K(6144K), 0.0003955 secs] 10542K->5310K(19840K), 0.0004575 secs] [Times: user=0.00 sys=0.00, real=0.00 secs] 
Heap after GC invocations=1167 (full 139):
 par new generation   total 6144K, used 4K [0x00000000fec00000, 0x00000000ff2a0000, 0x00000000ff2a0000)
  eden space 5504K,   0% used [0x00000000fec00000, 0x00000000fec00000, 0x00000000ff160000)
  from space 640K,   0% used [0x00000000ff160000, 0x00000000ff161020, 0x00000000ff200000)
  to   space 640K,   0% used [0x00000000ff200000, 0x00000000ff200000, 0x00000000ff2a0000)
 concurrent mark-sweep generation total 13696K, used 5306K [0x00000000ff2a0000, 0x0000000100000000, 0x0000000100000000)
 Metaspace       used 5073K, capacity 5258K, committed 5504K, reserved 1056768K
  class space    used 557K, capacity 597K, committed 640K, reserved 1048576K
}
{Heap before GC invocations=1167 (full 139):
 par new generation   total 6144K, used 5233K [0x00000000fec00000, 0x00000000ff2a0000, 0x00000000ff2a0000)
  eden space 5504K,  95% used [0x00000000fec00000, 0x00000000ff11b7b0, 0x00000000ff160000)
  from space 640K,   0% used [0x00000000ff160000, 0x00000000ff161020, 0x00000000ff200000)
  to   space 640K,   0% used [0x00000000ff200000, 0x00000000ff200000, 0x00000000ff2a0000)
 concurrent mark-sweep generation total 13696K, used 5306K [0x00000000ff2a0000, 0x0000000100000000, 0x0000000100000000)
 Metaspace       used 5073K, capacity 5258K, committed 5504K, reserved 1056768K
  class space    used 557K, capacity 597K, committed 640K, reserved 1048576K
2024-07-16T18:26:22.165+0800: 8.969: [GC (Allocation Failure) 2024-07-16T18:26:22.165+0800: 8.969: [ParNew: 5233K->8K(6144K), 0.0005787 secs] 10540K->6340K(19840K), 0.0006237 secs] [Times: user=0.00 sys=0.00, real=0.00 secs] 
Heap after GC invocations=1168 (full 139):
 par new generation   total 6144K, used 8K [0x00000000fec00000, 0x00000000ff2a0000, 0x00000000ff2a0000)
  eden space 5504K,   0% used [0x00000000fec00000, 0x00000000fec00000, 0x00000000ff160000)
  from space 640K,   1% used [0x00000000ff200000, 0x00000000ff202040, 0x00000000ff2a0000)
  to   space 640K,   0% used [0x00000000ff160000, 0x00000000ff160000, 0x00000000ff200000)
 concurrent mark-sweep generation total 13696K, used 6332K [0x00000000ff2a0000, 0x0000000100000000, 0x0000000100000000)
 Metaspace       used 5073K, capacity 5258K, committed 5504K, reserved 1056768K
  class space    used 557K, capacity 597K, committed 640K, reserved 1048576K
}
{Heap before GC invocations=1168 (full 139):
 par new generation   total 6144K, used 5237K [0x00000000fec00000, 0x00000000ff2a0000, 0x00000000ff2a0000)
  eden space 5504K,  95% used [0x00000000fec00000, 0x00000000ff11b7b0, 0x00000000ff160000)
  from space 640K,   1% used [0x00000000ff200000, 0x00000000ff202040, 0x00000000ff2a0000)
  to   space 640K,   0% used [0x00000000ff160000, 0x00000000ff160000, 0x00000000ff200000)
 concurrent mark-sweep generation total 13696K, used 6332K [0x00000000ff2a0000, 0x0000000100000000, 0x0000000100000000)
 Metaspace       used 5073K, capacity 5258K, committed 5504K, reserved 1056768K
  class space    used 557K, capacity 597K, committed 640K, reserved 1048576K
2024-07-16T18:26:22.173+0800: 8.977: [GC (Allocation Failure) 2024-07-16T18:26:22.173+0800: 8.977: [ParNew: 5237K->4K(6144K), 0.0003873 secs] 11570K->6336K(19840K), 0.0004590 secs] [Times: user=0.00 sys=0.00, real=0.00 secs] 
Heap after GC invocations=1169 (full 139):
 par new generation   total 6144K, used 4K [0x00000000fec00000, 0x00000000ff2a0000, 0x00000000ff2a0000)
  eden space 5504K,   0% used [0x00000000fec00000, 0x00000000fec00000, 0x00000000ff160000)
  from space 640K,   0% used [0x00000000ff160000, 0x00000000ff161020, 0x00000000ff200000)
  to   space 640K,   0% used [0x00000000ff200000, 0x00000000ff200000, 0x00000000ff2a0000)
 concurrent mark-sweep generation total 13696K, used 6332K [0x00000000ff2a0000, 0x0000000100000000, 0x0000000100000000)
 Metaspace       used 5073K, capacity 5258K, committed 5504K, reserved 1056768K
  class space    used 557K, capacity 597K, committed 640K, reserved 1048576K
}
{Heap before GC invocations=1169 (full 139):
 par new generation   total 6144K, used 5233K [0x00000000fec00000, 0x00000000ff2a0000, 0x00000000ff2a0000)
  eden space 5504K,  95% used [0x00000000fec00000, 0x00000000ff11b7b0, 0x00000000ff160000)
  from space 640K,   0% used [0x00000000ff160000, 0x00000000ff161020, 0x00000000ff200000)
  to   space 640K,   0% used [0x00000000ff200000, 0x00000000ff200000, 0x00000000ff2a0000)
 concurrent mark-sweep generation total 13696K, used 6332K [0x00000000ff2a0000, 0x0000000100000000, 0x0000000100000000)
 Metaspace       used 5073K, capacity 5258K, committed 5504K, reserved 1056768K
  class space    used 557K, capacity 597K, committed 640K, reserved 1048576K
2024-07-16T18:26:22.180+0800: 8.984: [GC (Allocation Failure) 2024-07-16T18:26:22.180+0800: 8.984: [ParNew: 5233K->6K(6144K), 0.0007543 secs] 11566K->7362K(19840K), 0.0008446 secs] [Times: user=0.00 sys=0.00, real=0.00 secs] 
Heap after GC invocations=1170 (full 139):
 par new generation   total 6144K, used 6K [0x00000000fec00000, 0x00000000ff2a0000, 0x00000000ff2a0000)
  eden space 5504K,   0% used [0x00000000fec00000, 0x00000000fec00000, 0x00000000ff160000)
  from space 640K,   0% used [0x00000000ff200000, 0x00000000ff201830, 0x00000000ff2a0000)
  to   space 640K,   0% used [0x00000000ff160000, 0x00000000ff160000, 0x00000000ff200000)
 concurrent mark-sweep generation total 13696K, used 7356K [0x00000000ff2a0000, 0x0000000100000000, 0x0000000100000000)
 Metaspace       used 5073K, capacity 5258K, committed 5504K, reserved 1056768K
  class space    used 557K, capacity 597K, committed 640K, reserved 1048576K
}
{Heap before GC invocations=1170 (full 139):
 par new generation   total 6144K, used 5235K [0x00000000fec00000, 0x00000000ff2a0000, 0x00000000ff2a0000)
  eden space 5504K,  95% used [0x00000000fec00000, 0x00000000ff11b7b0, 0x00000000ff160000)
  from space 640K,   0% used [0x00000000ff200000, 0x00000000ff201830, 0x00000000ff2a0000)
  to   space 640K,   0% used [0x00000000ff160000, 0x00000000ff160000, 0x00000000ff200000)
 concurrent mark-sweep generation total 13696K, used 7356K [0x00000000ff2a0000, 0x0000000100000000, 0x0000000100000000)
 Metaspace       used 5073K, capacity 5258K, committed 5504K, reserved 1056768K
  class space    used 557K, capacity 597K, committed 640K, reserved 1048576K
2024-07-16T18:26:22.188+0800: 8.992: [GC (Allocation Failure) 2024-07-16T18:26:22.188+0800: 8.992: [ParNew: 5235K->6K(6144K), 0.0005432 secs] 12592K->8388K(19840K), 0.0006010 secs] [Times: user=0.00 sys=0.00, real=0.00 secs] 
Heap after GC invocations=1171 (full 139):
 par new generation   total 6144K, used 6K [0x00000000fec00000, 0x00000000ff2a0000, 0x00000000ff2a0000)
  eden space 5504K,   0% used [0x00000000fec00000, 0x00000000fec00000, 0x00000000ff160000)
  from space 640K,   0% used [0x00000000ff160000, 0x00000000ff161830, 0x00000000ff200000)
  to   space 640K,   0% used [0x00000000ff200000, 0x00000000ff200000, 0x00000000ff2a0000)
 concurrent mark-sweep generation total 13696K, used 8382K [0x00000000ff2a0000, 0x0000000100000000, 0x0000000100000000)
 Metaspace       used 5073K, capacity 5258K, committed 5504K, reserved 1056768K
  class space    used 557K, capacity 597K, committed 640K, reserved 1048576K
}
2024-07-16T18:26:22.188+0800: 8.992: [GC (CMS Initial Mark) [1 CMS-initial-mark: 8382K(13696K)] 9412K(19840K), 0.0002273 secs] [Times: user=0.00 sys=0.00, real=0.00 secs] 
2024-07-16T18:26:22.189+0800: 8.993: [CMS-concurrent-mark-start]
2024-07-16T18:26:22.190+0800: 8.994: [CMS-concurrent-mark: 0.001/0.001 secs] [Times: user=0.03 sys=0.00, real=0.00 secs] 
2024-07-16T18:26:22.190+0800: 8.994: [CMS-concurrent-preclean-start]
2024-07-16T18:26:22.190+0800: 8.994: [CMS-concurrent-preclean: 0.000/0.000 secs] [Times: user=0.00 sys=0.00, real=0.00 secs] 
2024-07-16T18:26:22.190+0800: 8.994: [GC (CMS Final Remark) [YG occupancy: 1139 K (6144 K)]{Heap before GC invocations=1171 (full 140):
 par new generation   total 6144K, used 1139K [0x00000000fec00000, 0x00000000ff2a0000, 0x00000000ff2a0000)
  eden space 5504K,  20% used [0x00000000fec00000, 0x00000000fed1b770, 0x00000000ff160000)
  from space 640K,   0% used [0x00000000ff160000, 0x00000000ff161830, 0x00000000ff200000)
  to   space 640K,   0% used [0x00000000ff200000, 0x00000000ff200000, 0x00000000ff2a0000)
 concurrent mark-sweep generation total 13696K, used 8382K [0x00000000ff2a0000, 0x0000000100000000, 0x0000000100000000)
 Metaspace       used 5073K, capacity 5258K, committed 5504K, reserved 1056768K
  class space    used 557K, capacity 597K, committed 640K, reserved 1048576K
2024-07-16T18:26:22.190+0800: 8.994: [GC (CMS Final Remark) 2024-07-16T18:26:22.190+0800: 8.994: [ParNew: 1139K->4K(6144K), 0.0003530 secs] 9522K->9410K(19840K), 0.0003815 secs] [Times: user=0.00 sys=0.00, real=0.00 secs] 
Heap after GC invocations=1172 (full 140):
 par new generation   total 6144K, used 4K [0x00000000fec00000, 0x00000000ff2a0000, 0x00000000ff2a0000)
  eden space 5504K,   0% used [0x00000000fec00000, 0x00000000fec00000, 0x00000000ff160000)
  from space 640K,   0% used [0x00000000ff200000, 0x00000000ff201020, 0x00000000ff2a0000)
  to   space 640K,   0% used [0x00000000ff160000, 0x00000000ff160000, 0x00000000ff200000)
 concurrent mark-sweep generation total 13696K, used 9406K [0x00000000ff2a0000, 0x0000000100000000, 0x0000000100000000)
 Metaspace       used 5073K, capacity 5258K, committed 5504K, reserved 1056768K
  class space    used 557K, capacity 597K, committed 640K, reserved 1048576K
}
2024-07-16T18:26:22.191+0800: 8.995: [Rescan (parallel) , 0.0001229 secs]2024-07-16T18:26:22.191+0800: 8.995: [weak refs processing, 0.0000129 secs]2024-07-16T18:26:22.191+0800: 8.995: [class unloading, 0.0004602 secs]2024-07-16T18:26:22.191+0800: 8.995: [scrub symbol table, 0.0005274 secs]2024-07-16T18:26:22.192+0800: 8.996: [scrub string table, 0.0001226 secs][1 CMS-remark: 9406K(13696K)] 9410K(19840K), 0.0017518 secs] [Times: user=0.00 sys=0.00, real=0.00 secs] 
2024-07-16T18:26:22.192+0800: 8.996: [CMS-concurrent-sweep-start]
2024-07-16T18:26:22.192+0800: 8.996: [CMS-concurrent-sweep: 0.000/0.000 secs] [Times: user=0.00 sys=0.00, real=0.00 secs] 
2024-07-16T18:26:22.192+0800: 8.996: [CMS-concurrent-reset-start]
2024-07-16T18:26:22.192+0800: 8.996: [CMS-concurrent-reset: 0.000/0.000 secs] [Times: user=0.00 sys=0.00, real=0.00 secs] 
{Heap before GC invocations=1172 (full 140):
 par new generation   total 6144K, used 5233K [0x00000000fec00000, 0x00000000ff2a0000, 0x00000000ff2a0000)
  eden space 5504K,  95% used [0x00000000fec00000, 0x00000000ff11b798, 0x00000000ff160000)
  from space 640K,   0% used [0x00000000ff200000, 0x00000000ff201020, 0x00000000ff2a0000)
  to   space 640K,   0% used [0x00000000ff160000, 0x00000000ff160000, 0x00000000ff200000)
 concurrent mark-sweep generation total 13696K, used 2237K [0x00000000ff2a0000, 0x0000000100000000, 0x0000000100000000)
 Metaspace       used 5073K, capacity 5258K, committed 5504K, reserved 1056768K
  class space    used 557K, capacity 597K, committed 640K, reserved 1048576K
2024-07-16T18:26:22.199+0800: 9.003: [GC (Allocation Failure) 2024-07-16T18:26:22.199+0800: 9.003: [ParNew: 5233K->8K(6144K), 0.0004959 secs] 7471K->3271K(19840K), 0.0005536 secs] [Times: user=0.00 sys=0.00, real=0.00 secs] 
Heap after GC invocations=1173 (full 140):
 par new generation   total 6144K, used 8K [0x00000000fec00000, 0x00000000ff2a0000, 0x00000000ff2a0000)
  eden space 5504K,   0% used [0x00000000fec00000, 0x00000000fec00000, 0x00000000ff160000)
  from space 640K,   1% used [0x00000000ff160000, 0x00000000ff162040, 0x00000000ff200000)
  to   space 640K,   0% used [0x00000000ff200000, 0x00000000ff200000, 0x00000000ff2a0000)
 concurrent mark-sweep generation total 13696K, used 3263K [0x00000000ff2a0000, 0x0000000100000000, 0x0000000100000000)
 Metaspace       used 5073K, capacity 5258K, committed 5504K, reserved 1056768K
  class space    used 557K, capacity 597K, committed 640K, reserved 1048576K
}
{Heap before GC invocations=1173 (full 140):
 par new generation   total 6144K, used 5230K [0x00000000fec00000, 0x00000000ff2a0000, 0x00000000ff2a0000)
  eden space 5504K,  94% used [0x00000000fec00000, 0x00000000ff119980, 0x00000000ff160000)
  from space 640K,   1% used [0x00000000ff160000, 0x00000000ff162040, 0x00000000ff200000)
  to   space 640K,   0% used [0x00000000ff200000, 0x00000000ff200000, 0x00000000ff2a0000)
 concurrent mark-sweep generation total 13696K, used 3263K [0x00000000ff2a0000, 0x0000000100000000, 0x0000000100000000)
 Metaspace       used 5073K, capacity 5258K, committed 5504K, reserved 1056768K
  class space    used 557K, capacity 597K, committed 640K, reserved 1048576K
2024-07-16T18:26:22.206+0800: 9.010: [GC (Allocation Failure) 2024-07-16T18:26:22.206+0800: 9.010: [ParNew: 5230K->6K(6144K), 0.0013224 secs] 8494K->4293K(19840K), 0.0013944 secs] [Times: user=0.00 sys=0.00, real=0.00 secs] 
Heap after GC invocations=1174 (full 140):
 par new generation   total 6144K, used 6K [0x00000000fec00000, 0x00000000ff2a0000, 0x00000000ff2a0000)
  eden space 5504K,   0% used [0x00000000fec00000, 0x00000000fec00000, 0x00000000ff160000)
  from space 640K,   0% used [0x00000000ff200000, 0x00000000ff201830, 0x00000000ff2a0000)
  to   space 640K,   0% used [0x00000000ff160000, 0x00000000ff160000, 0x00000000ff200000)
 concurrent mark-sweep generation total 13696K, used 4287K [0x00000000ff2a0000, 0x0000000100000000, 0x0000000100000000)
 Metaspace       used 5073K, capacity 5258K, committed 5504K, reserved 1056768K
  class space    used 557K, capacity 597K, committed 640K, reserved 1048576K
}
{Heap before GC invocations=1174 (full 140):
 par new generation   total 6144K, used 5231K [0x00000000fec00000, 0x00000000ff2a0000, 0x00000000ff2a0000)
  eden space 5504K,  94% used [0x00000000fec00000, 0x00000000ff11a748, 0x00000000ff160000)
  from space 640K,   0% used [0x00000000ff200000, 0x00000000ff201830, 0x00000000ff2a0000)
  to   space 640K,   0% used [0x00000000ff160000, 0x00000000ff160000, 0x00000000ff200000)
 concurrent mark-sweep generation total 13696K, used 4287K [0x00000000ff2a0000, 0x0000000100000000, 0x0000000100000000)
 Metaspace       used 5073K, capacity 5258K, committed 5504K, reserved 1056768K
  class space    used 557K, capacity 597K, committed 640K, reserved 1048576K
2024-07-16T18:26:22.216+0800: 9.020: [GC (Allocation Failure) 2024-07-16T18:26:22.216+0800: 9.020: [ParNew: 5231K->4K(6144K), 0.0003961 secs] 9519K->4291K(19840K), 0.0004658 secs] [Times: user=0.00 sys=0.00, real=0.00 secs] 
Heap after GC invocations=1175 (full 140):
 par new generation   total 6144K, used 4K [0x00000000fec00000, 0x00000000ff2a0000, 0x00000000ff2a0000)
  eden space 5504K,   0% used [0x00000000fec00000, 0x00000000fec00000, 0x00000000ff160000)
  from space 640K,   0% used [0x00000000ff160000, 0x00000000ff161020, 0x00000000ff200000)
  to   space 640K,   0% used [0x00000000ff200000, 0x00000000ff200000, 0x00000000ff2a0000)
 concurrent mark-sweep generation total 13696K, used 4287K [0x00000000ff2a0000, 0x0000000100000000, 0x0000000100000000)
 Metaspace       used 5073K, capacity 5258K, committed 5504K, reserved 1056768K
  class space    used 557K, capacity 597K, committed 640K, reserved 1048576K
}
{Heap before GC invocations=1175 (full 140):
 par new generation   total 6144K, used 5231K [0x00000000fec00000, 0x00000000ff2a0000, 0x00000000ff2a0000)
  eden space 5504K,  94% used [0x00000000fec00000, 0x00000000ff11ad28, 0x00000000ff160000)
  from space 640K,   0% used [0x00000000ff160000, 0x00000000ff161020, 0x00000000ff200000)
  to   space 640K,   0% used [0x00000000ff200000, 0x00000000ff200000, 0x00000000ff2a0000)
 concurrent mark-sweep generation total 13696K, used 4287K [0x00000000ff2a0000, 0x0000000100000000, 0x0000000100000000)
 Metaspace       used 5073K, capacity 5258K, committed 5504K, reserved 1056768K
  class space    used 557K, capacity 597K, committed 640K, reserved 1048576K
2024-07-16T18:26:22.222+0800: 9.026: [GC (Allocation Failure) 2024-07-16T18:26:22.222+0800: 9.026: [ParNew: 5231K->4K(6144K), 0.0003989 secs] 9519K->4291K(19840K), 0.0004585 secs] [Times: user=0.00 sys=0.00, real=0.00 secs] 
Heap after GC invocations=1176 (full 140):
 par new generation   total 6144K, used 4K [0x00000000fec00000, 0x00000000ff2a0000, 0x00000000ff2a0000)
  eden space 5504K,   0% used [0x00000000fec00000, 0x00000000fec00000, 0x00000000ff160000)
  from space 640K,   0% used [0x00000000ff200000, 0x00000000ff201020, 0x00000000ff2a0000)
  to   space 640K,   0% used [0x00000000ff160000, 0x00000000ff160000, 0x00000000ff200000)
 concurrent mark-sweep generation total 13696K, used 4287K [0x00000000ff2a0000, 0x0000000100000000, 0x0000000100000000)
 Metaspace       used 5073K, capacity 5258K, committed 5504K, reserved 1056768K
  class space    used 557K, capacity 597K, committed 640K, reserved 1048576K
}
