OpenJDK 64-Bit Server VM (25.302-b08) for windows-amd64 JRE (Zulu 8.56.0.21-CA-win64) (1.8.0_302-b08), built on Jul 12 2021 09:58:01 by "tester" with MS VC++ 15.9 (VS2017)
Memory: 4k page, physical 33363216k(18625088k free), swap 35460368k(14181460k free)
CommandLine flags: -XX:+CMSScavengeBeforeRemark -XX:InitialHeapSize=20971520 -XX:MaxHeapSize=20971520 -XX:MaxNewSize=6991872 -XX:MaxTenuringThreshold=6 -XX:NewSize=6991872 -XX:OldPLABSize=16 -XX:OldSize=13979648 -XX:+PrintGC -XX:+PrintGCDateStamps -XX:+PrintGCDetails -XX:+PrintGCTimeStamps -XX:+PrintHeapAtGC -XX:+UseCompressedClassPointers -XX:+UseCompressedOops -XX:+UseConcMarkSweepGC -XX:-UseLargePagesIndividualAllocation -XX:+UseParNewGC 
{Heap before GC invocations=0 (full 0):
 par new generation   total 6144K, used 5035K [0x00000000fec00000, 0x00000000ff2a0000, 0x00000000ff2a0000)
  eden space 5504K,  91% used [0x00000000fec00000, 0x00000000ff0eaff0, 0x00000000ff160000)
  from space 640K,   0% used [0x00000000ff160000, 0x00000000ff160000, 0x00000000ff200000)
  to   space 640K,   0% used [0x00000000ff200000, 0x00000000ff200000, 0x00000000ff2a0000)
 concurrent mark-sweep generation total 13696K, used 0K [0x00000000ff2a0000, 0x0000000100000000, 0x0000000100000000)
 Metaspace       used 4474K, capacity 4786K, committed 4992K, reserved 1056768K
  class space    used 495K, capacity 533K, committed 640K, reserved 1048576K
2024-07-16T17:10:13.450+0800: 0.119: [GC (Allocation Failure) 2024-07-16T17:10:13.450+0800: 0.119: [ParNew: 5035K->640K(6144K), 0.0016735 secs] 5035K->1948K(19840K), 0.0018702 secs] [Times: user=0.00 sys=0.00, real=0.00 secs] 
Heap after GC invocations=1 (full 0):
 par new generation   total 6144K, used 640K [0x00000000fec00000, 0x00000000ff2a0000, 0x00000000ff2a0000)
  eden space 5504K,   0% used [0x00000000fec00000, 0x00000000fec00000, 0x00000000ff160000)
  from space 640K, 100% used [0x00000000ff200000, 0x00000000ff2a0000, 0x00000000ff2a0000)
  to   space 640K,   0% used [0x00000000ff160000, 0x00000000ff160000, 0x00000000ff200000)
 concurrent mark-sweep generation total 13696K, used 1308K [0x00000000ff2a0000, 0x0000000100000000, 0x0000000100000000)
 Metaspace       used 4474K, capacity 4786K, committed 4992K, reserved 1056768K
  class space    used 495K, capacity 533K, committed 640K, reserved 1048576K
}
{Heap before GC invocations=1 (full 0):
 par new generation   total 6144K, used 5863K [0x00000000fec00000, 0x00000000ff2a0000, 0x00000000ff2a0000)
  eden space 5504K,  94% used [0x00000000fec00000, 0x00000000ff119c78, 0x00000000ff160000)
  from space 640K, 100% used [0x00000000ff200000, 0x00000000ff2a0000, 0x00000000ff2a0000)
  to   space 640K,   0% used [0x00000000ff160000, 0x00000000ff160000, 0x00000000ff200000)
 concurrent mark-sweep generation total 13696K, used 1308K [0x00000000ff2a0000, 0x0000000100000000, 0x0000000100000000)
 Metaspace       used 4475K, capacity 4786K, committed 4992K, reserved 1056768K
  class space    used 495K, capacity 533K, committed 640K, reserved 1048576K
2024-07-16T17:10:13.458+0800: 0.127: [GC (Allocation Failure) 2024-07-16T17:10:13.458+0800: 0.127: [ParNew: 5863K->46K(6144K), 0.0014231 secs] 7171K->2963K(19840K), 0.0014716 secs] [Times: user=0.00 sys=0.00, real=0.00 secs] 
Heap after GC invocations=2 (full 0):
 par new generation   total 6144K, used 46K [0x00000000fec00000, 0x00000000ff2a0000, 0x00000000ff2a0000)
  eden space 5504K,   0% used [0x00000000fec00000, 0x00000000fec00000, 0x00000000ff160000)
  from space 640K,   7% used [0x00000000ff160000, 0x00000000ff16ba88, 0x00000000ff200000)
  to   space 640K,   0% used [0x00000000ff200000, 0x00000000ff200000, 0x00000000ff2a0000)
 concurrent mark-sweep generation total 13696K, used 2917K [0x00000000ff2a0000, 0x0000000100000000, 0x0000000100000000)
 Metaspace       used 4475K, capacity 4786K, committed 4992K, reserved 1056768K
  class space    used 495K, capacity 533K, committed 640K, reserved 1048576K
}
{Heap before GC invocations=2 (full 0):
 par new generation   total 6144K, used 5264K [0x00000000fec00000, 0x00000000ff2a0000, 0x00000000ff2a0000)
  eden space 5504K,  94% used [0x00000000fec00000, 0x00000000ff1187f0, 0x00000000ff160000)
  from space 640K,   7% used [0x00000000ff160000, 0x00000000ff16ba88, 0x00000000ff200000)
  to   space 640K,   0% used [0x00000000ff200000, 0x00000000ff200000, 0x00000000ff2a0000)
 concurrent mark-sweep generation total 13696K, used 2917K [0x00000000ff2a0000, 0x0000000100000000, 0x0000000100000000)
 Metaspace       used 4475K, capacity 4786K, committed 4992K, reserved 1056768K
  class space    used 495K, capacity 533K, committed 640K, reserved 1048576K
2024-07-16T17:10:13.467+0800: 0.136: [GC (Allocation Failure) 2024-07-16T17:10:13.467+0800: 0.136: [ParNew: 5264K->69K(6144K), 0.0008550 secs] 8181K->4010K(19840K), 0.0009470 secs] [Times: user=0.00 sys=0.00, real=0.00 secs] 
Heap after GC invocations=3 (full 0):
 par new generation   total 6144K, used 69K [0x00000000fec00000, 0x00000000ff2a0000, 0x00000000ff2a0000)
  eden space 5504K,   0% used [0x00000000fec00000, 0x00000000fec00000, 0x00000000ff160000)
  from space 640K,  10% used [0x00000000ff200000, 0x00000000ff2117c0, 0x00000000ff2a0000)
  to   space 640K,   0% used [0x00000000ff160000, 0x00000000ff160000, 0x00000000ff200000)
 concurrent mark-sweep generation total 13696K, used 3941K [0x00000000ff2a0000, 0x0000000100000000, 0x0000000100000000)
 Metaspace       used 4475K, capacity 4786K, committed 4992K, reserved 1056768K
  class space    used 495K, capacity 533K, committed 640K, reserved 1048576K
}
{Heap before GC invocations=3 (full 0):
 par new generation   total 6144K, used 5291K [0x00000000fec00000, 0x00000000ff2a0000, 0x00000000ff2a0000)
  eden space 5504K,  94% used [0x00000000fec00000, 0x00000000ff119690, 0x00000000ff160000)
  from space 640K,  10% used [0x00000000ff200000, 0x00000000ff2117c0, 0x00000000ff2a0000)
  to   space 640K,   0% used [0x00000000ff160000, 0x00000000ff160000, 0x00000000ff200000)
 concurrent mark-sweep generation total 13696K, used 3941K [0x00000000ff2a0000, 0x0000000100000000, 0x0000000100000000)
 Metaspace       used 4475K, capacity 4786K, committed 4992K, reserved 1056768K
  class space    used 495K, capacity 533K, committed 640K, reserved 1048576K
2024-07-16T17:10:13.477+0800: 0.146: [GC (Allocation Failure) 2024-07-16T17:10:13.477+0800: 0.146: [ParNew: 5291K->5K(6144K), 0.0002990 secs] 9232K->3946K(19840K), 0.0003459 secs] [Times: user=0.00 sys=0.00, real=0.00 secs] 
Heap after GC invocations=4 (full 0):
 par new generation   total 6144K, used 5K [0x00000000fec00000, 0x00000000ff2a0000, 0x00000000ff2a0000)
  eden space 5504K,   0% used [0x00000000fec00000, 0x00000000fec00000, 0x00000000ff160000)
  from space 640K,   0% used [0x00000000ff160000, 0x00000000ff161750, 0x00000000ff200000)
  to   space 640K,   0% used [0x00000000ff200000, 0x00000000ff200000, 0x00000000ff2a0000)
 concurrent mark-sweep generation total 13696K, used 3941K [0x00000000ff2a0000, 0x0000000100000000, 0x0000000100000000)
 Metaspace       used 4475K, capacity 4786K, committed 4992K, reserved 1056768K
  class space    used 495K, capacity 533K, committed 640K, reserved 1048576K
}
{Heap before GC invocations=4 (full 0):
 par new generation   total 6144K, used 5229K [0x00000000fec00000, 0x00000000ff2a0000, 0x00000000ff2a0000)
  eden space 5504K,  94% used [0x00000000fec00000, 0x00000000ff119ff8, 0x00000000ff160000)
  from space 640K,   0% used [0x00000000ff160000, 0x00000000ff161750, 0x00000000ff200000)
  to   space 640K,   0% used [0x00000000ff200000, 0x00000000ff200000, 0x00000000ff2a0000)
 concurrent mark-sweep generation total 13696K, used 3941K [0x00000000ff2a0000, 0x0000000100000000, 0x0000000100000000)
 Metaspace       used 4475K, capacity 4786K, committed 4992K, reserved 1056768K
  class space    used 495K, capacity 533K, committed 640K, reserved 1048576K
2024-07-16T17:10:13.485+0800: 0.154: [GC (Allocation Failure) 2024-07-16T17:10:13.485+0800: 0.154: [ParNew: 5229K->6K(6144K), 0.0002800 secs] 9170K->3947K(19840K), 0.0003229 secs] [Times: user=0.00 sys=0.00, real=0.00 secs] 
Heap after GC invocations=5 (full 0):
 par new generation   total 6144K, used 6K [0x00000000fec00000, 0x00000000ff2a0000, 0x00000000ff2a0000)
  eden space 5504K,   0% used [0x00000000fec00000, 0x00000000fec00000, 0x00000000ff160000)
  from space 640K,   0% used [0x00000000ff200000, 0x00000000ff201830, 0x00000000ff2a0000)
  to   space 640K,   0% used [0x00000000ff160000, 0x00000000ff160000, 0x00000000ff200000)
 concurrent mark-sweep generation total 13696K, used 3941K [0x00000000ff2a0000, 0x0000000100000000, 0x0000000100000000)
 Metaspace       used 4475K, capacity 4786K, committed 4992K, reserved 1056768K
  class space    used 495K, capacity 533K, committed 640K, reserved 1048576K
}
{Heap before GC invocations=5 (full 0):
 par new generation   total 6144K, used 5231K [0x00000000fec00000, 0x00000000ff2a0000, 0x00000000ff2a0000)
  eden space 5504K,  94% used [0x00000000fec00000, 0x00000000ff11a5c8, 0x00000000ff160000)
  from space 640K,   0% used [0x00000000ff200000, 0x00000000ff201830, 0x00000000ff2a0000)
  to   space 640K,   0% used [0x00000000ff160000, 0x00000000ff160000, 0x00000000ff200000)
 concurrent mark-sweep generation total 13696K, used 3941K [0x00000000ff2a0000, 0x0000000100000000, 0x0000000100000000)
 Metaspace       used 4475K, capacity 4786K, committed 4992K, reserved 1056768K
  class space    used 495K, capacity 533K, committed 640K, reserved 1048576K
2024-07-16T17:10:13.492+0800: 0.161: [GC (Allocation Failure) 2024-07-16T17:10:13.492+0800: 0.161: [ParNew: 5231K->10K(6144K), 0.0008802 secs] 9172K->4975K(19840K), 0.0009455 secs] [Times: user=0.00 sys=0.00, real=0.00 secs] 
Heap after GC invocations=6 (full 0):
 par new generation   total 6144K, used 10K [0x00000000fec00000, 0x00000000ff2a0000, 0x00000000ff2a0000)
  eden space 5504K,   0% used [0x00000000fec00000, 0x00000000fec00000, 0x00000000ff160000)
  from space 640K,   1% used [0x00000000ff160000, 0x00000000ff162850, 0x00000000ff200000)
  to   space 640K,   0% used [0x00000000ff200000, 0x00000000ff200000, 0x00000000ff2a0000)
 concurrent mark-sweep generation total 13696K, used 4965K [0x00000000ff2a0000, 0x0000000100000000, 0x0000000100000000)
 Metaspace       used 4475K, capacity 4786K, committed 4992K, reserved 1056768K
  class space    used 495K, capacity 533K, committed 640K, reserved 1048576K
}
{Heap before GC invocations=6 (full 0):
 par new generation   total 6144K, used 5236K [0x00000000fec00000, 0x00000000ff2a0000, 0x00000000ff2a0000)
  eden space 5504K,  94% used [0x00000000fec00000, 0x00000000ff11a9e8, 0x00000000ff160000)
  from space 640K,   1% used [0x00000000ff160000, 0x00000000ff162850, 0x00000000ff200000)
  to   space 640K,   0% used [0x00000000ff200000, 0x00000000ff200000, 0x00000000ff2a0000)
 concurrent mark-sweep generation total 13696K, used 4965K [0x00000000ff2a0000, 0x0000000100000000, 0x0000000100000000)
 Metaspace       used 4475K, capacity 4786K, committed 4992K, reserved 1056768K
  class space    used 495K, capacity 533K, committed 640K, reserved 1048576K
2024-07-16T17:10:13.500+0800: 0.169: [GC (Allocation Failure) 2024-07-16T17:10:13.500+0800: 0.169: [ParNew: 5236K->10K(6144K), 0.0008966 secs] 10201K->5999K(19840K), 0.0009752 secs] [Times: user=0.00 sys=0.00, real=0.00 secs] 
Heap after GC invocations=7 (full 0):
 par new generation   total 6144K, used 10K [0x00000000fec00000, 0x00000000ff2a0000, 0x00000000ff2a0000)
  eden space 5504K,   0% used [0x00000000fec00000, 0x00000000fec00000, 0x00000000ff160000)
  from space 640K,   1% used [0x00000000ff200000, 0x00000000ff202850, 0x00000000ff2a0000)
  to   space 640K,   0% used [0x00000000ff160000, 0x00000000ff160000, 0x00000000ff200000)
 concurrent mark-sweep generation total 13696K, used 5989K [0x00000000ff2a0000, 0x0000000100000000, 0x0000000100000000)
 Metaspace       used 4475K, capacity 4786K, committed 4992K, reserved 1056768K
  class space    used 495K, capacity 533K, committed 640K, reserved 1048576K
}
{Heap before GC invocations=7 (full 0):
 par new generation   total 6144K, used 5237K [0x00000000fec00000, 0x00000000ff2a0000, 0x00000000ff2a0000)
  eden space 5504K,  94% used [0x00000000fec00000, 0x00000000ff11ac08, 0x00000000ff160000)
  from space 640K,   1% used [0x00000000ff200000, 0x00000000ff202850, 0x00000000ff2a0000)
  to   space 640K,   0% used [0x00000000ff160000, 0x00000000ff160000, 0x00000000ff200000)
 concurrent mark-sweep generation total 13696K, used 5989K [0x00000000ff2a0000, 0x0000000100000000, 0x0000000100000000)
 Metaspace       used 4475K, capacity 4786K, committed 4992K, reserved 1056768K
  class space    used 495K, capacity 533K, committed 640K, reserved 1048576K
2024-07-16T17:10:13.508+0800: 0.177: [GC (Allocation Failure) 2024-07-16T17:10:13.508+0800: 0.177: [ParNew: 5237K->6K(6144K), 0.0012597 secs] 11226K->8043K(19840K), 0.0013146 secs] [Times: user=0.00 sys=0.00, real=0.00 secs] 
Heap after GC invocations=8 (full 0):
 par new generation   total 6144K, used 6K [0x00000000fec00000, 0x00000000ff2a0000, 0x00000000ff2a0000)
  eden space 5504K,   0% used [0x00000000fec00000, 0x00000000fec00000, 0x00000000ff160000)
  from space 640K,   0% used [0x00000000ff160000, 0x00000000ff161908, 0x00000000ff200000)
  to   space 640K,   0% used [0x00000000ff200000, 0x00000000ff200000, 0x00000000ff2a0000)
 concurrent mark-sweep generation total 13696K, used 8037K [0x00000000ff2a0000, 0x0000000100000000, 0x0000000100000000)
 Metaspace       used 4475K, capacity 4786K, committed 4992K, reserved 1056768K
  class space    used 495K, capacity 533K, committed 640K, reserved 1048576K
}
2024-07-16T17:10:13.509+0800: 0.178: [GC (CMS Initial Mark) [1 CMS-initial-mark: 8037K(13696K)] 9067K(19840K), 0.0001356 secs] [Times: user=0.00 sys=0.00, real=0.00 secs] 
2024-07-16T17:10:13.509+0800: 0.178: [CMS-concurrent-mark-start]
2024-07-16T17:10:13.510+0800: 0.179: [CMS-concurrent-mark: 0.001/0.001 secs] [Times: user=0.00 sys=0.00, real=0.00 secs] 
2024-07-16T17:10:13.510+0800: 0.179: [CMS-concurrent-preclean-start]
2024-07-16T17:10:13.510+0800: 0.179: [CMS-concurrent-preclean: 0.000/0.000 secs] [Times: user=0.00 sys=0.00, real=0.00 secs] 
2024-07-16T17:10:13.510+0800: 0.179: [GC (CMS Final Remark) [YG occupancy: 1030 K (6144 K)]{Heap before GC invocations=8 (full 1):
 par new generation   total 6144K, used 1030K [0x00000000fec00000, 0x00000000ff2a0000, 0x00000000ff2a0000)
  eden space 5504K,  18% used [0x00000000fec00000, 0x00000000fed000c8, 0x00000000ff160000)
  from space 640K,   0% used [0x00000000ff160000, 0x00000000ff161908, 0x00000000ff200000)
  to   space 640K,   0% used [0x00000000ff200000, 0x00000000ff200000, 0x00000000ff2a0000)
 concurrent mark-sweep generation total 13696K, used 8037K [0x00000000ff2a0000, 0x0000000100000000, 0x0000000100000000)
 Metaspace       used 4475K, capacity 4786K, committed 4992K, reserved 1056768K
  class space    used 495K, capacity 533K, committed 640K, reserved 1048576K
2024-07-16T17:10:13.510+0800: 0.179: [GC (CMS Final Remark) 2024-07-16T17:10:13.510+0800: 0.179: [ParNew: 1030K->8K(6144K), 0.0006392 secs] 9067K->9069K(19840K), 0.0006579 secs] [Times: user=0.00 sys=0.00, real=0.00 secs] 
Heap after GC invocations=9 (full 1):
 par new generation   total 6144K, used 8K [0x00000000fec00000, 0x00000000ff2a0000, 0x00000000ff2a0000)
  eden space 5504K,   0% used [0x00000000fec00000, 0x00000000fec00000, 0x00000000ff160000)
  from space 640K,   1% used [0x00000000ff200000, 0x00000000ff202118, 0x00000000ff2a0000)
  to   space 640K,   0% used [0x00000000ff160000, 0x00000000ff160000, 0x00000000ff200000)
 concurrent mark-sweep generation total 13696K, used 9061K [0x00000000ff2a0000, 0x0000000100000000, 0x0000000100000000)
 Metaspace       used 4475K, capacity 4786K, committed 4992K, reserved 1056768K
  class space    used 495K, capacity 533K, committed 640K, reserved 1048576K
}
2024-07-16T17:10:13.511+0800: 0.180: [Rescan (parallel) , 0.0001474 secs]2024-07-16T17:10:13.511+0800: 0.180: [weak refs processing, 0.0000176 secs]2024-07-16T17:10:13.511+0800: 0.180: [class unloading, 0.0002790 secs]2024-07-16T17:10:13.511+0800: 0.181: [scrub symbol table, 0.0003582 secs]2024-07-16T17:10:13.512+0800: 0.181: [scrub string table, 0.0000670 secs][1 CMS-remark: 9061K(13696K)] 9069K(19840K), 0.0016570 secs] [Times: user=0.00 sys=0.00, real=0.00 secs] 
2024-07-16T17:10:13.512+0800: 0.181: [CMS-concurrent-sweep-start]
2024-07-16T17:10:13.512+0800: 0.181: [CMS-concurrent-sweep: 0.000/0.000 secs] [Times: user=0.00 sys=0.00, real=0.00 secs] 
2024-07-16T17:10:13.512+0800: 0.181: [CMS-concurrent-reset-start]
2024-07-16T17:10:13.512+0800: 0.181: [CMS-concurrent-reset: 0.000/0.000 secs] [Times: user=0.00 sys=0.00, real=0.00 secs] 
{Heap before GC invocations=9 (full 1):
 par new generation   total 6144K, used 5235K [0x00000000fec00000, 0x00000000ff2a0000, 0x00000000ff2a0000)
  eden space 5504K,  94% used [0x00000000fec00000, 0x00000000ff11ad90, 0x00000000ff160000)
  from space 640K,   1% used [0x00000000ff200000, 0x00000000ff202118, 0x00000000ff2a0000)
  to   space 640K,   0% used [0x00000000ff160000, 0x00000000ff160000, 0x00000000ff200000)
 concurrent mark-sweep generation total 13696K, used 1890K [0x00000000ff2a0000, 0x0000000100000000, 0x0000000100000000)
 Metaspace       used 4475K, capacity 4786K, committed 4992K, reserved 1056768K
  class space    used 495K, capacity 533K, committed 640K, reserved 1048576K
2024-07-16T17:10:13.520+0800: 0.189: [GC (Allocation Failure) 2024-07-16T17:10:13.520+0800: 0.189: [ParNew: 5235K->8K(6144K), 0.0006800 secs] 7126K->3947K(19840K), 0.0007364 secs] [Times: user=0.00 sys=0.00, real=0.00 secs] 
Heap after GC invocations=10 (full 1):
 par new generation   total 6144K, used 8K [0x00000000fec00000, 0x00000000ff2a0000, 0x00000000ff2a0000)
  eden space 5504K,   0% used [0x00000000fec00000, 0x00000000fec00000, 0x00000000ff160000)
  from space 640K,   1% used [0x00000000ff160000, 0x00000000ff162118, 0x00000000ff200000)
  to   space 640K,   0% used [0x00000000ff200000, 0x00000000ff200000, 0x00000000ff2a0000)
 concurrent mark-sweep generation total 13696K, used 3938K [0x00000000ff2a0000, 0x0000000100000000, 0x0000000100000000)
 Metaspace       used 4475K, capacity 4786K, committed 4992K, reserved 1056768K
  class space    used 495K, capacity 533K, committed 640K, reserved 1048576K
}
{Heap before GC invocations=10 (full 1):
 par new generation   total 6144K, used 5228K [0x00000000fec00000, 0x00000000ff2a0000, 0x00000000ff2a0000)
  eden space 5504K,  94% used [0x00000000fec00000, 0x00000000ff1190d8, 0x00000000ff160000)
  from space 640K,   1% used [0x00000000ff160000, 0x00000000ff162118, 0x00000000ff200000)
  to   space 640K,   0% used [0x00000000ff200000, 0x00000000ff200000, 0x00000000ff2a0000)
 concurrent mark-sweep generation total 13696K, used 3938K [0x00000000ff2a0000, 0x0000000100000000, 0x0000000100000000)
 Metaspace       used 4475K, capacity 4786K, committed 4992K, reserved 1056768K
  class space    used 495K, capacity 533K, committed 640K, reserved 1048576K
2024-07-16T17:10:13.528+0800: 0.197: [GC (Allocation Failure) 2024-07-16T17:10:13.528+0800: 0.197: [ParNew: 5228K->8K(6144K), 0.0003999 secs] 9167K->4971K(19840K), 0.0004508 secs] [Times: user=0.00 sys=0.00, real=0.00 secs] 
Heap after GC invocations=11 (full 1):
 par new generation   total 6144K, used 8K [0x00000000fec00000, 0x00000000ff2a0000, 0x00000000ff2a0000)
  eden space 5504K,   0% used [0x00000000fec00000, 0x00000000fec00000, 0x00000000ff160000)
  from space 640K,   1% used [0x00000000ff200000, 0x00000000ff202118, 0x00000000ff2a0000)
  to   space 640K,   0% used [0x00000000ff160000, 0x00000000ff160000, 0x00000000ff200000)
 concurrent mark-sweep generation total 13696K, used 4962K [0x00000000ff2a0000, 0x0000000100000000, 0x0000000100000000)
 Metaspace       used 4475K, capacity 4786K, committed 4992K, reserved 1056768K
  class space    used 495K, capacity 533K, committed 640K, reserved 1048576K
}
{Heap before GC invocations=11 (full 1):
 par new generation   total 6144K, used 5231K [0x00000000fec00000, 0x00000000ff2a0000, 0x00000000ff2a0000)
  eden space 5504K,  94% used [0x00000000fec00000, 0x00000000ff119c30, 0x00000000ff160000)
  from space 640K,   1% used [0x00000000ff200000, 0x00000000ff202118, 0x00000000ff2a0000)
  to   space 640K,   0% used [0x00000000ff160000, 0x00000000ff160000, 0x00000000ff200000)
 concurrent mark-sweep generation total 13696K, used 4962K [0x00000000ff2a0000, 0x0000000100000000, 0x0000000100000000)
 Metaspace       used 4475K, capacity 4786K, committed 4992K, reserved 1056768K
  class space    used 495K, capacity 533K, committed 640K, reserved 1048576K
2024-07-16T17:10:13.537+0800: 0.206: [GC (Allocation Failure) 2024-07-16T17:10:13.537+0800: 0.206: [ParNew: 5231K->4K(6144K), 0.0008327 secs] 10194K->5991K(19840K), 0.0009439 secs] [Times: user=0.00 sys=0.00, real=0.00 secs] 
Heap after GC invocations=12 (full 1):
 par new generation   total 6144K, used 4K [0x00000000fec00000, 0x00000000ff2a0000, 0x00000000ff2a0000)
  eden space 5504K,   0% used [0x00000000fec00000, 0x00000000fec00000, 0x00000000ff160000)
  from space 640K,   0% used [0x00000000ff160000, 0x00000000ff161158, 0x00000000ff200000)
  to   space 640K,   0% used [0x00000000ff200000, 0x00000000ff200000, 0x00000000ff2a0000)
 concurrent mark-sweep generation total 13696K, used 5986K [0x00000000ff2a0000, 0x0000000100000000, 0x0000000100000000)
 Metaspace       used 4475K, capacity 4786K, committed 4992K, reserved 1056768K
  class space    used 495K, capacity 533K, committed 640K, reserved 1048576K
}
{Heap before GC invocations=12 (full 1):
 par new generation   total 6144K, used 5229K [0x00000000fec00000, 0x00000000ff2a0000, 0x00000000ff2a0000)
  eden space 5504K,  94% used [0x00000000fec00000, 0x00000000ff11a3a8, 0x00000000ff160000)
  from space 640K,   0% used [0x00000000ff160000, 0x00000000ff161158, 0x00000000ff200000)
  to   space 640K,   0% used [0x00000000ff200000, 0x00000000ff200000, 0x00000000ff2a0000)
 concurrent mark-sweep generation total 13696K, used 5986K [0x00000000ff2a0000, 0x0000000100000000, 0x0000000100000000)
 Metaspace       used 4476K, capacity 4786K, committed 4992K, reserved 1056768K
  class space    used 495K, capacity 533K, committed 640K, reserved 1048576K
2024-07-16T17:10:13.544+0800: 0.213: [GC (Allocation Failure) 2024-07-16T17:10:13.544+0800: 0.213: [ParNew: 5229K->6K(6144K), 0.0007894 secs] 11216K->7017K(19840K), 0.0008368 secs] [Times: user=0.00 sys=0.00, real=0.00 secs] 
Heap after GC invocations=13 (full 1):
 par new generation   total 6144K, used 6K [0x00000000fec00000, 0x00000000ff2a0000, 0x00000000ff2a0000)
  eden space 5504K,   0% used [0x00000000fec00000, 0x00000000fec00000, 0x00000000ff160000)
  from space 640K,   0% used [0x00000000ff200000, 0x00000000ff201968, 0x00000000ff2a0000)
  to   space 640K,   0% used [0x00000000ff160000, 0x00000000ff160000, 0x00000000ff200000)
 concurrent mark-sweep generation total 13696K, used 7010K [0x00000000ff2a0000, 0x0000000100000000, 0x0000000100000000)
 Metaspace       used 4476K, capacity 4786K, committed 4992K, reserved 1056768K
  class space    used 495K, capacity 533K, committed 640K, reserved 1048576K
}
{Heap before GC invocations=13 (full 1):
 par new generation   total 6144K, used 5232K [0x00000000fec00000, 0x00000000ff2a0000, 0x00000000ff2a0000)
  eden space 5504K,  94% used [0x00000000fec00000, 0x00000000ff11a808, 0x00000000ff160000)
  from space 640K,   0% used [0x00000000ff200000, 0x00000000ff201968, 0x00000000ff2a0000)
  to   space 640K,   0% used [0x00000000ff160000, 0x00000000ff160000, 0x00000000ff200000)
 concurrent mark-sweep generation total 13696K, used 7010K [0x00000000ff2a0000, 0x0000000100000000, 0x0000000100000000)
 Metaspace       used 4478K, capacity 4786K, committed 4992K, reserved 1056768K
  class space    used 495K, capacity 533K, committed 640K, reserved 1048576K
2024-07-16T17:10:13.552+0800: 0.221: [GC (Allocation Failure) 2024-07-16T17:10:13.552+0800: 0.221: [ParNew: 5232K->14K(6144K), 0.0012080 secs] 12243K->9073K(19840K), 0.0012638 secs] [Times: user=0.00 sys=0.00, real=0.00 secs] 
Heap after GC invocations=14 (full 1):
 par new generation   total 6144K, used 14K [0x00000000fec00000, 0x00000000ff2a0000, 0x00000000ff2a0000)
  eden space 5504K,   0% used [0x00000000fec00000, 0x00000000fec00000, 0x00000000ff160000)
  from space 640K,   2% used [0x00000000ff160000, 0x00000000ff1639a8, 0x00000000ff200000)
  to   space 640K,   0% used [0x00000000ff200000, 0x00000000ff200000, 0x00000000ff2a0000)
 concurrent mark-sweep generation total 13696K, used 9058K [0x00000000ff2a0000, 0x0000000100000000, 0x0000000100000000)
 Metaspace       used 4478K, capacity 4786K, committed 4992K, reserved 1056768K
  class space    used 495K, capacity 533K, committed 640K, reserved 1048576K
}
2024-07-16T17:10:13.553+0800: 0.222: [GC (CMS Initial Mark) [1 CMS-initial-mark: 9058K(13696K)] 10097K(19840K), 0.0001972 secs] [Times: user=0.00 sys=0.00, real=0.00 secs] 
2024-07-16T17:10:13.553+0800: 0.223: [CMS-concurrent-mark-start]
2024-07-16T17:10:13.554+0800: 0.224: [CMS-concurrent-mark: 0.001/0.001 secs] [Times: user=0.00 sys=0.00, real=0.00 secs] 
2024-07-16T17:10:13.554+0800: 0.224: [CMS-concurrent-preclean-start]
2024-07-16T17:10:13.554+0800: 0.224: [CMS-concurrent-preclean: 0.000/0.000 secs] [Times: user=0.00 sys=0.00, real=0.00 secs] 
2024-07-16T17:10:13.554+0800: 0.224: [CMS-concurrent-abortable-preclean-start]
{Heap before GC invocations=14 (full 2):
 par new generation   total 6144K, used 5241K [0x00000000fec00000, 0x00000000ff2a0000, 0x00000000ff2a0000)
  eden space 5504K,  94% used [0x00000000fec00000, 0x00000000ff11ab70, 0x00000000ff160000)
  from space 640K,   2% used [0x00000000ff160000, 0x00000000ff1639a8, 0x00000000ff200000)
  to   space 640K,   0% used [0x00000000ff200000, 0x00000000ff200000, 0x00000000ff2a0000)
 concurrent mark-sweep generation total 13696K, used 9058K [0x00000000ff2a0000, 0x0000000100000000, 0x0000000100000000)
 Metaspace       used 4478K, capacity 4786K, committed 4992K, reserved 1056768K
  class space    used 495K, capacity 533K, committed 640K, reserved 1048576K
2024-07-16T17:10:13.561+0800: 0.230: [GC (Allocation Failure) 2024-07-16T17:10:13.561+0800: 0.230: [ParNew: 5241K->8K(6144K), 0.0003645 secs] 14300K->10091K(19840K), 0.0004032 secs] [Times: user=0.00 sys=0.00, real=0.00 secs] 
Heap after GC invocations=15 (full 2):
 par new generation   total 6144K, used 8K [0x00000000fec00000, 0x00000000ff2a0000, 0x00000000ff2a0000)
  eden space 5504K,   0% used [0x00000000fec00000, 0x00000000fec00000, 0x00000000ff160000)
  from space 640K,   1% used [0x00000000ff200000, 0x00000000ff202178, 0x00000000ff2a0000)
  to   space 640K,   0% used [0x00000000ff160000, 0x00000000ff160000, 0x00000000ff200000)
 concurrent mark-sweep generation total 13696K, used 10083K [0x00000000ff2a0000, 0x0000000100000000, 0x0000000100000000)
 Metaspace       used 4478K, capacity 4786K, committed 4992K, reserved 1056768K
  class space    used 495K, capacity 533K, committed 640K, reserved 1048576K
}
{Heap before GC invocations=15 (full 2):
 par new generation   total 6144K, used 5235K [0x00000000fec00000, 0x00000000ff2a0000, 0x00000000ff2a0000)
  eden space 5504K,  94% used [0x00000000fec00000, 0x00000000ff11ad48, 0x00000000ff160000)
  from space 640K,   1% used [0x00000000ff200000, 0x00000000ff202178, 0x00000000ff2a0000)
  to   space 640K,   0% used [0x00000000ff160000, 0x00000000ff160000, 0x00000000ff200000)
 concurrent mark-sweep generation total 13696K, used 10083K [0x00000000ff2a0000, 0x0000000100000000, 0x0000000100000000)
 Metaspace       used 4478K, capacity 4786K, committed 4992K, reserved 1056768K
  class space    used 495K, capacity 533K, committed 640K, reserved 1048576K
2024-07-16T17:10:13.568+0800: 0.237: [GC (Allocation Failure) 2024-07-16T17:10:13.568+0800: 0.237: [ParNew: 5235K->4K(6144K), 0.0003006 secs] 15318K->10087K(19840K), 0.0003395 secs] [Times: user=0.00 sys=0.00, real=0.00 secs] 
Heap after GC invocations=16 (full 2):
 par new generation   total 6144K, used 4K [0x00000000fec00000, 0x00000000ff2a0000, 0x00000000ff2a0000)
  eden space 5504K,   0% used [0x00000000fec00000, 0x00000000fec00000, 0x00000000ff160000)
  from space 640K,   0% used [0x00000000ff160000, 0x00000000ff161158, 0x00000000ff200000)
  to   space 640K,   0% used [0x00000000ff200000, 0x00000000ff200000, 0x00000000ff2a0000)
 concurrent mark-sweep generation total 13696K, used 10083K [0x00000000ff2a0000, 0x0000000100000000, 0x0000000100000000)
 Metaspace       used 4478K, capacity 4786K, committed 4992K, reserved 1056768K
  class space    used 495K, capacity 533K, committed 640K, reserved 1048576K
}
{Heap before GC invocations=16 (full 2):
 par new generation   total 6144K, used 5287K [0x00000000fec00000, 0x00000000ff2a0000, 0x00000000ff2a0000)
  eden space 5504K,  95% used [0x00000000fec00000, 0x00000000ff128b28, 0x00000000ff160000)
  from space 640K,   0% used [0x00000000ff160000, 0x00000000ff161158, 0x00000000ff200000)
  to   space 640K,   0% used [0x00000000ff200000, 0x00000000ff200000, 0x00000000ff2a0000)
 concurrent mark-sweep generation total 13696K, used 10083K [0x00000000ff2a0000, 0x0000000100000000, 0x0000000100000000)
 Metaspace       used 4479K, capacity 4786K, committed 4992K, reserved 1056768K
  class space    used 495K, capacity 533K, committed 640K, reserved 1048576K
2024-07-16T17:10:13.577+0800: 0.246: [GC (Allocation Failure) 2024-07-16T17:10:13.577+0800: 0.246: [ParNew: 5287K->10K(6144K), 0.0004580 secs] 15370K->11117K(19840K), 0.0005189 secs] [Times: user=0.00 sys=0.00, real=0.00 secs] 
Heap after GC invocations=17 (full 2):
 par new generation   total 6144K, used 10K [0x00000000fec00000, 0x00000000ff2a0000, 0x00000000ff2a0000)
  eden space 5504K,   0% used [0x00000000fec00000, 0x00000000fec00000, 0x00000000ff160000)
  from space 640K,   1% used [0x00000000ff200000, 0x00000000ff202a18, 0x00000000ff2a0000)
  to   space 640K,   0% used [0x00000000ff160000, 0x00000000ff160000, 0x00000000ff200000)
 concurrent mark-sweep generation total 13696K, used 11107K [0x00000000ff2a0000, 0x0000000100000000, 0x0000000100000000)
 Metaspace       used 4479K, capacity 4786K, committed 4992K, reserved 1056768K
  class space    used 495K, capacity 533K, committed 640K, reserved 1048576K
}
{Heap before GC invocations=17 (full 2):
 par new generation   total 6144K, used 5237K [0x00000000fec00000, 0x00000000ff2a0000, 0x00000000ff2a0000)
  eden space 5504K,  94% used [0x00000000fec00000, 0x00000000ff11ada0, 0x00000000ff160000)
  from space 640K,   1% used [0x00000000ff200000, 0x00000000ff202a18, 0x00000000ff2a0000)
  to   space 640K,   0% used [0x00000000ff160000, 0x00000000ff160000, 0x00000000ff200000)
 concurrent mark-sweep generation total 13696K, used 11107K [0x00000000ff2a0000, 0x0000000100000000, 0x0000000100000000)
 Metaspace       used 4480K, capacity 4786K, committed 4992K, reserved 1056768K
  class space    used 495K, capacity 533K, committed 640K, reserved 1048576K
2024-07-16T17:10:13.584+0800: 0.253: [GC (Allocation Failure) 2024-07-16T17:10:13.584+0800: 0.253: [ParNew: 5237K->12K(6144K), 0.0003507 secs] 16344K->12143K(19840K), 0.0003860 secs] [Times: user=0.00 sys=0.00, real=0.00 secs] 
Heap after GC invocations=18 (full 2):
 par new generation   total 6144K, used 12K [0x00000000fec00000, 0x00000000ff2a0000, 0x00000000ff2a0000)
  eden space 5504K,   0% used [0x00000000fec00000, 0x00000000fec00000, 0x00000000ff160000)
  from space 640K,   1% used [0x00000000ff160000, 0x00000000ff163228, 0x00000000ff200000)
  to   space 640K,   0% used [0x00000000ff200000, 0x00000000ff200000, 0x00000000ff2a0000)
 concurrent mark-sweep generation total 13696K, used 12131K [0x00000000ff2a0000, 0x0000000100000000, 0x0000000100000000)
 Metaspace       used 4480K, capacity 4786K, committed 4992K, reserved 1056768K
  class space    used 495K, capacity 533K, committed 640K, reserved 1048576K
}
{Heap before GC invocations=18 (full 2):
 par new generation   total 6144K, used 5240K [0x00000000fec00000, 0x00000000ff2a0000, 0x00000000ff2a0000)
  eden space 5504K,  94% used [0x00000000fec00000, 0x00000000ff11aeb8, 0x00000000ff160000)
  from space 640K,   1% used [0x00000000ff160000, 0x00000000ff163228, 0x00000000ff200000)
  to   space 640K,   0% used [0x00000000ff200000, 0x00000000ff200000, 0x00000000ff2a0000)
 concurrent mark-sweep generation total 13696K, used 12131K [0x00000000ff2a0000, 0x0000000100000000, 0x0000000100000000)
 Metaspace       used 4480K, capacity 4786K, committed 4992K, reserved 1056768K
  class space    used 495K, capacity 533K, committed 640K, reserved 1048576K
2024-07-16T17:10:13.592+0800: 0.261: [GC (Allocation Failure) 2024-07-16T17:10:13.592+0800: 0.261: [ParNew (promotion failed): 5240K->5242K(6144K), 0.0002634 secs]2024-07-16T17:10:13.592+0800: 0.261: [CMS2024-07-16T17:10:13.592+0800: 0.261: [CMS-concurrent-abortable-preclean: 0.000/0.038 secs] [Times: user=0.00 sys=0.00, real=0.04 secs] 
 (concurrent mode failure): 12131K->1867K(13696K), 0.0020413 secs] 17371K->1867K(19840K), [Metaspace: 4480K->4480K(1056768K)], 0.0023628 secs] [Times: user=0.00 sys=0.00, real=0.00 secs] 
Heap after GC invocations=19 (full 3):
 par new generation   total 6144K, used 0K [0x00000000fec00000, 0x00000000ff2a0000, 0x00000000ff2a0000)
  eden space 5504K,   0% used [0x00000000fec00000, 0x00000000fec00000, 0x00000000ff160000)
  from space 640K,   0% used [0x00000000ff200000, 0x00000000ff200000, 0x00000000ff2a0000)
  to   space 640K,   0% used [0x00000000ff160000, 0x00000000ff160000, 0x00000000ff200000)
 concurrent mark-sweep generation total 13696K, used 1867K [0x00000000ff2a0000, 0x0000000100000000, 0x0000000100000000)
 Metaspace       used 4480K, capacity 4786K, committed 4992K, reserved 1056768K
  class space    used 495K, capacity 533K, committed 640K, reserved 1048576K
}
{Heap before GC invocations=19 (full 3):
 par new generation   total 6144K, used 5227K [0x00000000fec00000, 0x00000000ff2a0000, 0x00000000ff2a0000)
  eden space 5504K,  94% used [0x00000000fec00000, 0x00000000ff11af88, 0x00000000ff160000)
  from space 640K,   0% used [0x00000000ff200000, 0x00000000ff200000, 0x00000000ff2a0000)
  to   space 640K,   0% used [0x00000000ff160000, 0x00000000ff160000, 0x00000000ff200000)
 concurrent mark-sweep generation total 13696K, used 1867K [0x00000000ff2a0000, 0x0000000100000000, 0x0000000100000000)
 Metaspace       used 4480K, capacity 4786K, committed 4992K, reserved 1056768K
  class space    used 495K, capacity 533K, committed 640K, reserved 1048576K
2024-07-16T17:10:13.602+0800: 0.271: [GC (Allocation Failure) 2024-07-16T17:10:13.602+0800: 0.271: [ParNew: 5227K->8K(6144K), 0.0004887 secs] 7095K->3925K(19840K), 0.0005363 secs] [Times: user=0.00 sys=0.00, real=0.00 secs] 
Heap after GC invocations=20 (full 3):
 par new generation   total 6144K, used 8K [0x00000000fec00000, 0x00000000ff2a0000, 0x00000000ff2a0000)
  eden space 5504K,   0% used [0x00000000fec00000, 0x00000000fec00000, 0x00000000ff160000)
  from space 640K,   1% used [0x00000000ff160000, 0x00000000ff162040, 0x00000000ff200000)
  to   space 640K,   0% used [0x00000000ff200000, 0x00000000ff200000, 0x00000000ff2a0000)
 concurrent mark-sweep generation total 13696K, used 3917K [0x00000000ff2a0000, 0x0000000100000000, 0x0000000100000000)
 Metaspace       used 4480K, capacity 4786K, committed 4992K, reserved 1056768K
  class space    used 495K, capacity 533K, committed 640K, reserved 1048576K
}
{Heap before GC invocations=20 (full 3):
 par new generation   total 6144K, used 5236K [0x00000000fec00000, 0x00000000ff2a0000, 0x00000000ff2a0000)
  eden space 5504K,  94% used [0x00000000fec00000, 0x00000000ff11b038, 0x00000000ff160000)
  from space 640K,   1% used [0x00000000ff160000, 0x00000000ff162040, 0x00000000ff200000)
  to   space 640K,   0% used [0x00000000ff200000, 0x00000000ff200000, 0x00000000ff2a0000)
 concurrent mark-sweep generation total 13696K, used 3917K [0x00000000ff2a0000, 0x0000000100000000, 0x0000000100000000)
 Metaspace       used 4482K, capacity 4786K, committed 4992K, reserved 1056768K
  class space    used 495K, capacity 533K, committed 640K, reserved 1048576K
2024-07-16T17:10:13.610+0800: 0.279: [GC (Allocation Failure) 2024-07-16T17:10:13.610+0800: 0.279: [ParNew: 5236K->8K(6144K), 0.0004330 secs] 9153K->4949K(19840K), 0.0004781 secs] [Times: user=0.00 sys=0.00, real=0.00 secs] 
Heap after GC invocations=21 (full 3):
 par new generation   total 6144K, used 8K [0x00000000fec00000, 0x00000000ff2a0000, 0x00000000ff2a0000)
  eden space 5504K,   0% used [0x00000000fec00000, 0x00000000fec00000, 0x00000000ff160000)
  from space 640K,   1% used [0x00000000ff200000, 0x00000000ff202040, 0x00000000ff2a0000)
  to   space 640K,   0% used [0x00000000ff160000, 0x00000000ff160000, 0x00000000ff200000)
 concurrent mark-sweep generation total 13696K, used 4941K [0x00000000ff2a0000, 0x0000000100000000, 0x0000000100000000)
 Metaspace       used 4482K, capacity 4786K, committed 4992K, reserved 1056768K
  class space    used 495K, capacity 533K, committed 640K, reserved 1048576K
}
{Heap before GC invocations=21 (full 3):
 par new generation   total 6144K, used 5236K [0x00000000fec00000, 0x00000000ff2a0000, 0x00000000ff2a0000)
  eden space 5504K,  94% used [0x00000000fec00000, 0x00000000ff11b020, 0x00000000ff160000)
  from space 640K,   1% used [0x00000000ff200000, 0x00000000ff202040, 0x00000000ff2a0000)
  to   space 640K,   0% used [0x00000000ff160000, 0x00000000ff160000, 0x00000000ff200000)
 concurrent mark-sweep generation total 13696K, used 4941K [0x00000000ff2a0000, 0x0000000100000000, 0x0000000100000000)
 Metaspace       used 4482K, capacity 4786K, committed 4992K, reserved 1056768K
  class space    used 495K, capacity 533K, committed 640K, reserved 1048576K
2024-07-16T17:10:13.617+0800: 0.286: [GC (Allocation Failure) 2024-07-16T17:10:13.617+0800: 0.286: [ParNew: 5236K->6K(6144K), 0.0003615 secs] 10177K->5973K(19840K), 0.0004077 secs] [Times: user=0.00 sys=0.00, real=0.00 secs] 
Heap after GC invocations=22 (full 3):
 par new generation   total 6144K, used 6K [0x00000000fec00000, 0x00000000ff2a0000, 0x00000000ff2a0000)
  eden space 5504K,   0% used [0x00000000fec00000, 0x00000000fec00000, 0x00000000ff160000)
  from space 640K,   0% used [0x00000000ff160000, 0x00000000ff161830, 0x00000000ff200000)
  to   space 640K,   0% used [0x00000000ff200000, 0x00000000ff200000, 0x00000000ff2a0000)
 concurrent mark-sweep generation total 13696K, used 5967K [0x00000000ff2a0000, 0x0000000100000000, 0x0000000100000000)
 Metaspace       used 4482K, capacity 4786K, committed 4992K, reserved 1056768K
  class space    used 495K, capacity 533K, committed 640K, reserved 1048576K
}
{Heap before GC invocations=22 (full 3):
 par new generation   total 6144K, used 5234K [0x00000000fec00000, 0x00000000ff2a0000, 0x00000000ff2a0000)
  eden space 5504K,  94% used [0x00000000fec00000, 0x00000000ff11b030, 0x00000000ff160000)
  from space 640K,   0% used [0x00000000ff160000, 0x00000000ff161830, 0x00000000ff200000)
  to   space 640K,   0% used [0x00000000ff200000, 0x00000000ff200000, 0x00000000ff2a0000)
 concurrent mark-sweep generation total 13696K, used 5967K [0x00000000ff2a0000, 0x0000000100000000, 0x0000000100000000)
 Metaspace       used 4482K, capacity 4786K, committed 4992K, reserved 1056768K
  class space    used 495K, capacity 533K, committed 640K, reserved 1048576K
2024-07-16T17:10:13.624+0800: 0.293: [GC (Allocation Failure) 2024-07-16T17:10:13.624+0800: 0.293: [ParNew: 5234K->6K(6144K), 0.0003668 secs] 11202K->6997K(19840K), 0.0004107 secs] [Times: user=0.00 sys=0.00, real=0.00 secs] 
Heap after GC invocations=23 (full 3):
 par new generation   total 6144K, used 6K [0x00000000fec00000, 0x00000000ff2a0000, 0x00000000ff2a0000)
  eden space 5504K,   0% used [0x00000000fec00000, 0x00000000fec00000, 0x00000000ff160000)
  from space 640K,   0% used [0x00000000ff200000, 0x00000000ff201830, 0x00000000ff2a0000)
  to   space 640K,   0% used [0x00000000ff160000, 0x00000000ff160000, 0x00000000ff200000)
 concurrent mark-sweep generation total 13696K, used 6991K [0x00000000ff2a0000, 0x0000000100000000, 0x0000000100000000)
 Metaspace       used 4482K, capacity 4786K, committed 4992K, reserved 1056768K
  class space    used 495K, capacity 533K, committed 640K, reserved 1048576K
}
{Heap before GC invocations=23 (full 3):
 par new generation   total 6144K, used 5234K [0x00000000fec00000, 0x00000000ff2a0000, 0x00000000ff2a0000)
  eden space 5504K,  94% used [0x00000000fec00000, 0x00000000ff11b130, 0x00000000ff160000)
  from space 640K,   0% used [0x00000000ff200000, 0x00000000ff201830, 0x00000000ff2a0000)
  to   space 640K,   0% used [0x00000000ff160000, 0x00000000ff160000, 0x00000000ff200000)
 concurrent mark-sweep generation total 13696K, used 6991K [0x00000000ff2a0000, 0x0000000100000000, 0x0000000100000000)
 Metaspace       used 4484K, capacity 4786K, committed 4992K, reserved 1056768K
  class space    used 495K, capacity 533K, committed 640K, reserved 1048576K
2024-07-16T17:10:13.634+0800: 0.303: [GC (Allocation Failure) 2024-07-16T17:10:13.634+0800: 0.303: [ParNew: 5234K->4K(6144K), 0.0003093 secs] 12226K->6996K(19840K), 0.0003603 secs] [Times: user=0.00 sys=0.00, real=0.00 secs] 
Heap after GC invocations=24 (full 3):
 par new generation   total 6144K, used 4K [0x00000000fec00000, 0x00000000ff2a0000, 0x00000000ff2a0000)
  eden space 5504K,   0% used [0x00000000fec00000, 0x00000000fec00000, 0x00000000ff160000)
  from space 640K,   0% used [0x00000000ff160000, 0x00000000ff1612c0, 0x00000000ff200000)
  to   space 640K,   0% used [0x00000000ff200000, 0x00000000ff200000, 0x00000000ff2a0000)
 concurrent mark-sweep generation total 13696K, used 6991K [0x00000000ff2a0000, 0x0000000100000000, 0x0000000100000000)
 Metaspace       used 4484K, capacity 4786K, committed 4992K, reserved 1056768K
  class space    used 495K, capacity 533K, committed 640K, reserved 1048576K
}
{Heap before GC invocations=24 (full 3):
 par new generation   total 6144K, used 5268K [0x00000000fec00000, 0x00000000ff2a0000, 0x00000000ff2a0000)
  eden space 5504K,  95% used [0x00000000fec00000, 0x00000000ff123ff0, 0x00000000ff160000)
  from space 640K,   0% used [0x00000000ff160000, 0x00000000ff1612c0, 0x00000000ff200000)
  to   space 640K,   0% used [0x00000000ff200000, 0x00000000ff200000, 0x00000000ff2a0000)
 concurrent mark-sweep generation total 13696K, used 6991K [0x00000000ff2a0000, 0x0000000100000000, 0x0000000100000000)
 Metaspace       used 4485K, capacity 4786K, committed 4992K, reserved 1056768K
  class space    used 495K, capacity 533K, committed 640K, reserved 1048576K
2024-07-16T17:10:13.642+0800: 0.311: [GC (Allocation Failure) 2024-07-16T17:10:13.642+0800: 0.311: [ParNew: 5268K->6K(6144K), 0.0003912 secs] 12260K->8024K(19840K), 0.0004364 secs] [Times: user=0.00 sys=0.00, real=0.00 secs] 
Heap after GC invocations=25 (full 3):
 par new generation   total 6144K, used 6K [0x00000000fec00000, 0x00000000ff2a0000, 0x00000000ff2a0000)
  eden space 5504K,   0% used [0x00000000fec00000, 0x00000000fec00000, 0x00000000ff160000)
  from space 640K,   1% used [0x00000000ff200000, 0x00000000ff201ad0, 0x00000000ff2a0000)
  to   space 640K,   0% used [0x00000000ff160000, 0x00000000ff160000, 0x00000000ff200000)
 concurrent mark-sweep generation total 13696K, used 8018K [0x00000000ff2a0000, 0x0000000100000000, 0x0000000100000000)
 Metaspace       used 4485K, capacity 4786K, committed 4992K, reserved 1056768K
  class space    used 495K, capacity 533K, committed 640K, reserved 1048576K
}
{Heap before GC invocations=25 (full 3):
 par new generation   total 6144K, used 5234K [0x00000000fec00000, 0x00000000ff2a0000, 0x00000000ff2a0000)
  eden space 5504K,  94% used [0x00000000fec00000, 0x00000000ff11aff0, 0x00000000ff160000)
  from space 640K,   1% used [0x00000000ff200000, 0x00000000ff201ad0, 0x00000000ff2a0000)
  to   space 640K,   0% used [0x00000000ff160000, 0x00000000ff160000, 0x00000000ff200000)
 concurrent mark-sweep generation total 13696K, used 8018K [0x00000000ff2a0000, 0x0000000100000000, 0x0000000100000000)
 Metaspace       used 4485K, capacity 4786K, committed 4992K, reserved 1056768K
  class space    used 495K, capacity 533K, committed 640K, reserved 1048576K
2024-07-16T17:10:13.651+0800: 0.320: [GC (Allocation Failure) 2024-07-16T17:10:13.651+0800: 0.320: [ParNew: 5234K->8K(6144K), 0.0002868 secs] 13252K->8026K(19840K), 0.0003305 secs] [Times: user=0.00 sys=0.00, real=0.00 secs] 
Heap after GC invocations=26 (full 3):
 par new generation   total 6144K, used 8K [0x00000000fec00000, 0x00000000ff2a0000, 0x00000000ff2a0000)
  eden space 5504K,   0% used [0x00000000fec00000, 0x00000000fec00000, 0x00000000ff160000)
  from space 640K,   1% used [0x00000000ff160000, 0x00000000ff1622e0, 0x00000000ff200000)
  to   space 640K,   0% used [0x00000000ff200000, 0x00000000ff200000, 0x00000000ff2a0000)
 concurrent mark-sweep generation total 13696K, used 8018K [0x00000000ff2a0000, 0x0000000100000000, 0x0000000100000000)
 Metaspace       used 4485K, capacity 4786K, committed 4992K, reserved 1056768K
  class space    used 495K, capacity 533K, committed 640K, reserved 1048576K
}
{Heap before GC invocations=26 (full 3):
 par new generation   total 6144K, used 5236K [0x00000000fec00000, 0x00000000ff2a0000, 0x00000000ff2a0000)
  eden space 5504K,  94% used [0x00000000fec00000, 0x00000000ff11b030, 0x00000000ff160000)
  from space 640K,   1% used [0x00000000ff160000, 0x00000000ff1622e0, 0x00000000ff200000)
  to   space 640K,   0% used [0x00000000ff200000, 0x00000000ff200000, 0x00000000ff2a0000)
 concurrent mark-sweep generation total 13696K, used 8018K [0x00000000ff2a0000, 0x0000000100000000, 0x0000000100000000)
 Metaspace       used 4485K, capacity 4786K, committed 4992K, reserved 1056768K
  class space    used 495K, capacity 533K, committed 640K, reserved 1048576K
2024-07-16T17:10:13.659+0800: 0.328: [GC (Allocation Failure) 2024-07-16T17:10:13.659+0800: 0.328: [ParNew: 5236K->12K(6144K), 0.0003942 secs] 13254K->9056K(19840K), 0.0004385 secs] [Times: user=0.00 sys=0.00, real=0.00 secs] 
Heap after GC invocations=27 (full 3):
 par new generation   total 6144K, used 12K [0x00000000fec00000, 0x00000000ff2a0000, 0x00000000ff2a0000)
  eden space 5504K,   0% used [0x00000000fec00000, 0x00000000fec00000, 0x00000000ff160000)
  from space 640K,   1% used [0x00000000ff200000, 0x00000000ff203060, 0x00000000ff2a0000)
  to   space 640K,   0% used [0x00000000ff160000, 0x00000000ff160000, 0x00000000ff200000)
 concurrent mark-sweep generation total 13696K, used 9044K [0x00000000ff2a0000, 0x0000000100000000, 0x0000000100000000)
 Metaspace       used 4485K, capacity 4786K, committed 4992K, reserved 1056768K
  class space    used 495K, capacity 533K, committed 640K, reserved 1048576K
}
{Heap before GC invocations=27 (full 3):
 par new generation   total 6144K, used 5240K [0x00000000fec00000, 0x00000000ff2a0000, 0x00000000ff2a0000)
  eden space 5504K,  94% used [0x00000000fec00000, 0x00000000ff11b030, 0x00000000ff160000)
  from space 640K,   1% used [0x00000000ff200000, 0x00000000ff203060, 0x00000000ff2a0000)
  to   space 640K,   0% used [0x00000000ff160000, 0x00000000ff160000, 0x00000000ff200000)
 concurrent mark-sweep generation total 13696K, used 9044K [0x00000000ff2a0000, 0x0000000100000000, 0x0000000100000000)
 Metaspace       used 4487K, capacity 4786K, committed 4992K, reserved 1056768K
  class space    used 495K, capacity 533K, committed 640K, reserved 1048576K
2024-07-16T17:10:13.666+0800: 0.335: [GC (Allocation Failure) 2024-07-16T17:10:13.666+0800: 0.335: [ParNew: 5240K->10K(6144K), 0.0003691 secs] 14284K->10080K(19840K), 0.0004108 secs] [Times: user=0.00 sys=0.00, real=0.00 secs] 
Heap after GC invocations=28 (full 3):
 par new generation   total 6144K, used 10K [0x00000000fec00000, 0x00000000ff2a0000, 0x00000000ff2a0000)
  eden space 5504K,   0% used [0x00000000fec00000, 0x00000000fec00000, 0x00000000ff160000)
  from space 640K,   1% used [0x00000000ff160000, 0x00000000ff162af0, 0x00000000ff200000)
  to   space 640K,   0% used [0x00000000ff200000, 0x00000000ff200000, 0x00000000ff2a0000)
 concurrent mark-sweep generation total 13696K, used 10070K [0x00000000ff2a0000, 0x0000000100000000, 0x0000000100000000)
 Metaspace       used 4487K, capacity 4786K, committed 4992K, reserved 1056768K
  class space    used 495K, capacity 533K, committed 640K, reserved 1048576K
}
{Heap before GC invocations=28 (full 3):
 par new generation   total 6144K, used 5238K [0x00000000fec00000, 0x00000000ff2a0000, 0x00000000ff2a0000)
  eden space 5504K,  94% used [0x00000000fec00000, 0x00000000ff11b080, 0x00000000ff160000)
  from space 640K,   1% used [0x00000000ff160000, 0x00000000ff162af0, 0x00000000ff200000)
  to   space 640K,   0% used [0x00000000ff200000, 0x00000000ff200000, 0x00000000ff2a0000)
 concurrent mark-sweep generation total 13696K, used 10070K [0x00000000ff2a0000, 0x0000000100000000, 0x0000000100000000)
 Metaspace       used 4487K, capacity 4786K, committed 4992K, reserved 1056768K
  class space    used 495K, capacity 533K, committed 640K, reserved 1048576K
2024-07-16T17:10:13.673+0800: 0.342: [GC (Allocation Failure) 2024-07-16T17:10:13.673+0800: 0.342: [ParNew: 5238K->10K(6144K), 0.0004080 secs] 15308K->11106K(19840K), 0.0004539 secs] [Times: user=0.00 sys=0.00, real=0.00 secs] 
Heap after GC invocations=29 (full 3):
 par new generation   total 6144K, used 10K [0x00000000fec00000, 0x00000000ff2a0000, 0x00000000ff2a0000)
  eden space 5504K,   0% used [0x00000000fec00000, 0x00000000fec00000, 0x00000000ff160000)
  from space 640K,   1% used [0x00000000ff200000, 0x00000000ff202af0, 0x00000000ff2a0000)
  to   space 640K,   0% used [0x00000000ff160000, 0x00000000ff160000, 0x00000000ff200000)
 concurrent mark-sweep generation total 13696K, used 11096K [0x00000000ff2a0000, 0x0000000100000000, 0x0000000100000000)
 Metaspace       used 4487K, capacity 4786K, committed 4992K, reserved 1056768K
  class space    used 495K, capacity 533K, committed 640K, reserved 1048576K
}
2024-07-16T17:10:13.673+0800: 0.342: [GC (CMS Initial Mark) [1 CMS-initial-mark: 11096K(13696K)] 12130K(19840K), 0.0001155 secs] [Times: user=0.00 sys=0.00, real=0.00 secs] 
2024-07-16T17:10:13.673+0800: 0.343: [CMS-concurrent-mark-start]
2024-07-16T17:10:13.675+0800: 0.344: [CMS-concurrent-mark: 0.001/0.001 secs] [Times: user=0.05 sys=0.00, real=0.00 secs] 
2024-07-16T17:10:13.675+0800: 0.344: [CMS-concurrent-preclean-start]
2024-07-16T17:10:13.675+0800: 0.344: [CMS-concurrent-preclean: 0.000/0.000 secs] [Times: user=0.00 sys=0.00, real=0.00 secs] 
2024-07-16T17:10:13.675+0800: 0.344: [CMS-concurrent-abortable-preclean-start]
{Heap before GC invocations=29 (full 4):
 par new generation   total 6144K, used 5238K [0x00000000fec00000, 0x00000000ff2a0000, 0x00000000ff2a0000)
  eden space 5504K,  94% used [0x00000000fec00000, 0x00000000ff11b078, 0x00000000ff160000)
  from space 640K,   1% used [0x00000000ff200000, 0x00000000ff202af0, 0x00000000ff2a0000)
  to   space 640K,   0% used [0x00000000ff160000, 0x00000000ff160000, 0x00000000ff200000)
 concurrent mark-sweep generation total 13696K, used 11096K [0x00000000ff2a0000, 0x0000000100000000, 0x0000000100000000)
 Metaspace       used 4487K, capacity 4786K, committed 4992K, reserved 1056768K
  class space    used 495K, capacity 533K, committed 640K, reserved 1048576K
2024-07-16T17:10:13.679+0800: 0.348: [GC (Allocation Failure) 2024-07-16T17:10:13.679+0800: 0.348: [ParNew: 5238K->6K(6144K), 0.0002917 secs] 16335K->11102K(19840K), 0.0003218 secs] [Times: user=0.00 sys=0.00, real=0.00 secs] 
Heap after GC invocations=30 (full 4):
 par new generation   total 6144K, used 6K [0x00000000fec00000, 0x00000000ff2a0000, 0x00000000ff2a0000)
  eden space 5504K,   0% used [0x00000000fec00000, 0x00000000fec00000, 0x00000000ff160000)
  from space 640K,   0% used [0x00000000ff160000, 0x00000000ff161830, 0x00000000ff200000)
  to   space 640K,   0% used [0x00000000ff200000, 0x00000000ff200000, 0x00000000ff2a0000)
 concurrent mark-sweep generation total 13696K, used 11096K [0x00000000ff2a0000, 0x0000000100000000, 0x0000000100000000)
 Metaspace       used 4487K, capacity 4786K, committed 4992K, reserved 1056768K
  class space    used 495K, capacity 533K, committed 640K, reserved 1048576K
}
{Heap before GC invocations=30 (full 4):
 par new generation   total 6144K, used 5234K [0x00000000fec00000, 0x00000000ff2a0000, 0x00000000ff2a0000)
  eden space 5504K,  94% used [0x00000000fec00000, 0x00000000ff11b088, 0x00000000ff160000)
  from space 640K,   0% used [0x00000000ff160000, 0x00000000ff161830, 0x00000000ff200000)
  to   space 640K,   0% used [0x00000000ff200000, 0x00000000ff200000, 0x00000000ff2a0000)
 concurrent mark-sweep generation total 13696K, used 11096K [0x00000000ff2a0000, 0x0000000100000000, 0x0000000100000000)
 Metaspace       used 4487K, capacity 4786K, committed 4992K, reserved 1056768K
  class space    used 495K, capacity 533K, committed 640K, reserved 1048576K
2024-07-16T17:10:13.687+0800: 0.356: [GC (Allocation Failure) 2024-07-16T17:10:13.687+0800: 0.356: [ParNew: 5234K->6K(6144K), 0.0003974 secs] 16331K->12127K(19840K), 0.0004399 secs] [Times: user=0.00 sys=0.00, real=0.00 secs] 
Heap after GC invocations=31 (full 4):
 par new generation   total 6144K, used 6K [0x00000000fec00000, 0x00000000ff2a0000, 0x00000000ff2a0000)
  eden space 5504K,   0% used [0x00000000fec00000, 0x00000000fec00000, 0x00000000ff160000)
  from space 640K,   0% used [0x00000000ff200000, 0x00000000ff201830, 0x00000000ff2a0000)
  to   space 640K,   0% used [0x00000000ff160000, 0x00000000ff160000, 0x00000000ff200000)
 concurrent mark-sweep generation total 13696K, used 12120K [0x00000000ff2a0000, 0x0000000100000000, 0x0000000100000000)
 Metaspace       used 4487K, capacity 4786K, committed 4992K, reserved 1056768K
  class space    used 495K, capacity 533K, committed 640K, reserved 1048576K
}
{Heap before GC invocations=31 (full 4):
 par new generation   total 6144K, used 5234K [0x00000000fec00000, 0x00000000ff2a0000, 0x00000000ff2a0000)
  eden space 5504K,  94% used [0x00000000fec00000, 0x00000000ff11b0b8, 0x00000000ff160000)
  from space 640K,   0% used [0x00000000ff200000, 0x00000000ff201830, 0x00000000ff2a0000)
  to   space 640K,   0% used [0x00000000ff160000, 0x00000000ff160000, 0x00000000ff200000)
 concurrent mark-sweep generation total 13696K, used 12120K [0x00000000ff2a0000, 0x0000000100000000, 0x0000000100000000)
 Metaspace       used 4488K, capacity 4786K, committed 4992K, reserved 1056768K
  class space    used 495K, capacity 533K, committed 640K, reserved 1048576K
2024-07-16T17:10:13.695+0800: 0.364: [GC (Allocation Failure) 2024-07-16T17:10:13.695+0800: 0.364: [ParNew: 5234K->5234K(6144K), 0.0000107 secs]2024-07-16T17:10:13.695+0800: 0.364: [CMS2024-07-16T17:10:13.695+0800: 0.364: [CMS-concurrent-abortable-preclean: 0.000/0.020 secs] [Times: user=0.00 sys=0.00, real=0.02 secs] 
 (concurrent mode failure): 12120K->1868K(13696K), 0.0019864 secs] 17355K->1868K(19840K), [Metaspace: 4488K->4488K(1056768K)], 0.0020481 secs] [Times: user=0.00 sys=0.00, real=0.00 secs] 
Heap after GC invocations=32 (full 5):
 par new generation   total 6144K, used 0K [0x00000000fec00000, 0x00000000ff2a0000, 0x00000000ff2a0000)
  eden space 5504K,   0% used [0x00000000fec00000, 0x00000000fec00000, 0x00000000ff160000)
  from space 640K,   0% used [0x00000000ff200000, 0x00000000ff200000, 0x00000000ff2a0000)
  to   space 640K,   0% used [0x00000000ff160000, 0x00000000ff160000, 0x00000000ff200000)
 concurrent mark-sweep generation total 13696K, used 1868K [0x00000000ff2a0000, 0x0000000100000000, 0x0000000100000000)
 Metaspace       used 4488K, capacity 4786K, committed 4992K, reserved 1056768K
  class space    used 495K, capacity 533K, committed 640K, reserved 1048576K
}
{Heap before GC invocations=32 (full 5):
 par new generation   total 6144K, used 5228K [0x00000000fec00000, 0x00000000ff2a0000, 0x00000000ff2a0000)
  eden space 5504K,  94% used [0x00000000fec00000, 0x00000000ff11b0f8, 0x00000000ff160000)
  from space 640K,   0% used [0x00000000ff200000, 0x00000000ff200000, 0x00000000ff2a0000)
  to   space 640K,   0% used [0x00000000ff160000, 0x00000000ff160000, 0x00000000ff200000)
 concurrent mark-sweep generation total 13696K, used 1868K [0x00000000ff2a0000, 0x0000000100000000, 0x0000000100000000)
 Metaspace       used 4488K, capacity 4786K, committed 4992K, reserved 1056768K
  class space    used 495K, capacity 533K, committed 640K, reserved 1048576K
2024-07-16T17:10:13.704+0800: 0.373: [GC (Allocation Failure) 2024-07-16T17:10:13.704+0800: 0.373: [ParNew: 5228K->8K(6144K), 0.0003614 secs] 7096K->2902K(19840K), 0.0004005 secs] [Times: user=0.00 sys=0.00, real=0.00 secs] 
Heap after GC invocations=33 (full 5):
 par new generation   total 6144K, used 8K [0x00000000fec00000, 0x00000000ff2a0000, 0x00000000ff2a0000)
  eden space 5504K,   0% used [0x00000000fec00000, 0x00000000fec00000, 0x00000000ff160000)
  from space 640K,   1% used [0x00000000ff160000, 0x00000000ff162040, 0x00000000ff200000)
  to   space 640K,   0% used [0x00000000ff200000, 0x00000000ff200000, 0x00000000ff2a0000)
 concurrent mark-sweep generation total 13696K, used 2894K [0x00000000ff2a0000, 0x0000000100000000, 0x0000000100000000)
 Metaspace       used 4488K, capacity 4786K, committed 4992K, reserved 1056768K
  class space    used 495K, capacity 533K, committed 640K, reserved 1048576K
}
{Heap before GC invocations=33 (full 5):
 par new generation   total 6144K, used 5236K [0x00000000fec00000, 0x00000000ff2a0000, 0x00000000ff2a0000)
  eden space 5504K,  94% used [0x00000000fec00000, 0x00000000ff11b0a0, 0x00000000ff160000)
  from space 640K,   1% used [0x00000000ff160000, 0x00000000ff162040, 0x00000000ff200000)
  to   space 640K,   0% used [0x00000000ff200000, 0x00000000ff200000, 0x00000000ff2a0000)
 concurrent mark-sweep generation total 13696K, used 2894K [0x00000000ff2a0000, 0x0000000100000000, 0x0000000100000000)
 Metaspace       used 4488K, capacity 4786K, committed 4992K, reserved 1056768K
  class space    used 495K, capacity 533K, committed 640K, reserved 1048576K
2024-07-16T17:10:13.712+0800: 0.380: [GC (Allocation Failure) 2024-07-16T17:10:13.712+0800: 0.380: [ParNew: 5236K->6K(6144K), 0.0003568 secs] 8130K->3926K(19840K), 0.0004030 secs] [Times: user=0.00 sys=0.00, real=0.00 secs] 
Heap after GC invocations=34 (full 5):
 par new generation   total 6144K, used 6K [0x00000000fec00000, 0x00000000ff2a0000, 0x00000000ff2a0000)
  eden space 5504K,   0% used [0x00000000fec00000, 0x00000000fec00000, 0x00000000ff160000)
  from space 640K,   0% used [0x00000000ff200000, 0x00000000ff201830, 0x00000000ff2a0000)
  to   space 640K,   0% used [0x00000000ff160000, 0x00000000ff160000, 0x00000000ff200000)
 concurrent mark-sweep generation total 13696K, used 3920K [0x00000000ff2a0000, 0x0000000100000000, 0x0000000100000000)
 Metaspace       used 4488K, capacity 4786K, committed 4992K, reserved 1056768K
  class space    used 495K, capacity 533K, committed 640K, reserved 1048576K
}
{Heap before GC invocations=34 (full 5):
 par new generation   total 6144K, used 5234K [0x00000000fec00000, 0x00000000ff2a0000, 0x00000000ff2a0000)
  eden space 5504K,  94% used [0x00000000fec00000, 0x00000000ff11b0a0, 0x00000000ff160000)
  from space 640K,   0% used [0x00000000ff200000, 0x00000000ff201830, 0x00000000ff2a0000)
  to   space 640K,   0% used [0x00000000ff160000, 0x00000000ff160000, 0x00000000ff200000)
 concurrent mark-sweep generation total 13696K, used 3920K [0x00000000ff2a0000, 0x0000000100000000, 0x0000000100000000)
 Metaspace       used 4488K, capacity 4786K, committed 4992K, reserved 1056768K
  class space    used 495K, capacity 533K, committed 640K, reserved 1048576K
2024-07-16T17:10:13.719+0800: 0.387: [GC (Allocation Failure) 2024-07-16T17:10:13.719+0800: 0.387: [ParNew: 5234K->9K(6144K), 0.0004102 secs] 9154K->5979K(19840K), 0.0004461 secs] [Times: user=0.00 sys=0.00, real=0.00 secs] 
Heap after GC invocations=35 (full 5):
 par new generation   total 6144K, used 9K [0x00000000fec00000, 0x00000000ff2a0000, 0x00000000ff2a0000)
  eden space 5504K,   0% used [0x00000000fec00000, 0x00000000fec00000, 0x00000000ff160000)
  from space 640K,   1% used [0x00000000ff160000, 0x00000000ff162420, 0x00000000ff200000)
  to   space 640K,   0% used [0x00000000ff200000, 0x00000000ff200000, 0x00000000ff2a0000)
 concurrent mark-sweep generation total 13696K, used 5970K [0x00000000ff2a0000, 0x0000000100000000, 0x0000000100000000)
 Metaspace       used 4488K, capacity 4786K, committed 4992K, reserved 1056768K
  class space    used 495K, capacity 533K, committed 640K, reserved 1048576K
}
{Heap before GC invocations=35 (full 5):
 par new generation   total 6144K, used 5237K [0x00000000fec00000, 0x00000000ff2a0000, 0x00000000ff2a0000)
  eden space 5504K,  94% used [0x00000000fec00000, 0x00000000ff11b0a8, 0x00000000ff160000)
  from space 640K,   1% used [0x00000000ff160000, 0x00000000ff162420, 0x00000000ff200000)
  to   space 640K,   0% used [0x00000000ff200000, 0x00000000ff200000, 0x00000000ff2a0000)
 concurrent mark-sweep generation total 13696K, used 5970K [0x00000000ff2a0000, 0x0000000100000000, 0x0000000100000000)
 Metaspace       used 4489K, capacity 4786K, committed 4992K, reserved 1056768K
  class space    used 495K, capacity 533K, committed 640K, reserved 1048576K
2024-07-16T17:10:13.727+0800: 0.395: [GC (Allocation Failure) 2024-07-16T17:10:13.727+0800: 0.395: [ParNew: 5237K->12K(6144K), 0.0005244 secs] 11207K->8032K(19840K), 0.0005624 secs] [Times: user=0.00 sys=0.00, real=0.00 secs] 
Heap after GC invocations=36 (full 5):
 par new generation   total 6144K, used 12K [0x00000000fec00000, 0x00000000ff2a0000, 0x00000000ff2a0000)
  eden space 5504K,   0% used [0x00000000fec00000, 0x00000000fec00000, 0x00000000ff160000)
  from space 640K,   1% used [0x00000000ff200000, 0x00000000ff203060, 0x00000000ff2a0000)
  to   space 640K,   0% used [0x00000000ff160000, 0x00000000ff160000, 0x00000000ff200000)
 concurrent mark-sweep generation total 13696K, used 8020K [0x00000000ff2a0000, 0x0000000100000000, 0x0000000100000000)
 Metaspace       used 4489K, capacity 4786K, committed 4992K, reserved 1056768K
  class space    used 495K, capacity 533K, committed 640K, reserved 1048576K
}
{Heap before GC invocations=36 (full 5):
 par new generation   total 6144K, used 5240K [0x00000000fec00000, 0x00000000ff2a0000, 0x00000000ff2a0000)
  eden space 5504K,  94% used [0x00000000fec00000, 0x00000000ff11b0f0, 0x00000000ff160000)
  from space 640K,   1% used [0x00000000ff200000, 0x00000000ff203060, 0x00000000ff2a0000)
  to   space 640K,   0% used [0x00000000ff160000, 0x00000000ff160000, 0x00000000ff200000)
 concurrent mark-sweep generation total 13696K, used 8020K [0x00000000ff2a0000, 0x0000000100000000, 0x0000000100000000)
 Metaspace       used 4489K, capacity 4786K, committed 4992K, reserved 1056768K
  class space    used 495K, capacity 533K, committed 640K, reserved 1048576K
2024-07-16T17:10:13.734+0800: 0.403: [GC (Allocation Failure) 2024-07-16T17:10:13.734+0800: 0.403: [ParNew: 5240K->4K(6144K), 0.0003065 secs] 13260K->8024K(19840K), 0.0003455 secs] [Times: user=0.00 sys=0.00, real=0.00 secs] 
Heap after GC invocations=37 (full 5):
 par new generation   total 6144K, used 4K [0x00000000fec00000, 0x00000000ff2a0000, 0x00000000ff2a0000)
  eden space 5504K,   0% used [0x00000000fec00000, 0x00000000fec00000, 0x00000000ff160000)
  from space 640K,   0% used [0x00000000ff160000, 0x00000000ff161020, 0x00000000ff200000)
  to   space 640K,   0% used [0x00000000ff200000, 0x00000000ff200000, 0x00000000ff2a0000)
 concurrent mark-sweep generation total 13696K, used 8020K [0x00000000ff2a0000, 0x0000000100000000, 0x0000000100000000)
 Metaspace       used 4489K, capacity 4786K, committed 4992K, reserved 1056768K
  class space    used 495K, capacity 533K, committed 640K, reserved 1048576K
}
{Heap before GC invocations=37 (full 5):
 par new generation   total 6144K, used 5232K [0x00000000fec00000, 0x00000000ff2a0000, 0x00000000ff2a0000)
  eden space 5504K,  94% used [0x00000000fec00000, 0x00000000ff11b0a8, 0x00000000ff160000)
  from space 640K,   0% used [0x00000000ff160000, 0x00000000ff161020, 0x00000000ff200000)
  to   space 640K,   0% used [0x00000000ff200000, 0x00000000ff200000, 0x00000000ff2a0000)
 concurrent mark-sweep generation total 13696K, used 8020K [0x00000000ff2a0000, 0x0000000100000000, 0x0000000100000000)
 Metaspace       used 4489K, capacity 4786K, committed 4992K, reserved 1056768K
  class space    used 495K, capacity 533K, committed 640K, reserved 1048576K
2024-07-16T17:10:13.741+0800: 0.410: [GC (Allocation Failure) 2024-07-16T17:10:13.741+0800: 0.410: [ParNew: 5232K->9K(6144K), 0.0003594 secs] 13252K->9055K(19840K), 0.0003993 secs] [Times: user=0.00 sys=0.00, real=0.00 secs] 
Heap after GC invocations=38 (full 5):
 par new generation   total 6144K, used 9K [0x00000000fec00000, 0x00000000ff2a0000, 0x00000000ff2a0000)
  eden space 5504K,   0% used [0x00000000fec00000, 0x00000000fec00000, 0x00000000ff160000)
  from space 640K,   1% used [0x00000000ff200000, 0x00000000ff202420, 0x00000000ff2a0000)
  to   space 640K,   0% used [0x00000000ff160000, 0x00000000ff160000, 0x00000000ff200000)
 concurrent mark-sweep generation total 13696K, used 9046K [0x00000000ff2a0000, 0x0000000100000000, 0x0000000100000000)
 Metaspace       used 4489K, capacity 4786K, committed 4992K, reserved 1056768K
  class space    used 495K, capacity 533K, committed 640K, reserved 1048576K
}
{Heap before GC invocations=38 (full 5):
 par new generation   total 6144K, used 5237K [0x00000000fec00000, 0x00000000ff2a0000, 0x00000000ff2a0000)
  eden space 5504K,  94% used [0x00000000fec00000, 0x00000000ff11b0c8, 0x00000000ff160000)
  from space 640K,   1% used [0x00000000ff200000, 0x00000000ff202420, 0x00000000ff2a0000)
  to   space 640K,   0% used [0x00000000ff160000, 0x00000000ff160000, 0x00000000ff200000)
 concurrent mark-sweep generation total 13696K, used 9046K [0x00000000ff2a0000, 0x0000000100000000, 0x0000000100000000)
 Metaspace       used 4489K, capacity 4786K, committed 4992K, reserved 1056768K
  class space    used 495K, capacity 533K, committed 640K, reserved 1048576K
2024-07-16T17:10:13.747+0800: 0.416: [GC (Allocation Failure) 2024-07-16T17:10:13.747+0800: 0.416: [ParNew: 5237K->9K(6144K), 0.0004287 secs] 14283K->10079K(19840K), 0.0004709 secs] [Times: user=0.00 sys=0.00, real=0.00 secs] 
Heap after GC invocations=39 (full 5):
 par new generation   total 6144K, used 9K [0x00000000fec00000, 0x00000000ff2a0000, 0x00000000ff2a0000)
  eden space 5504K,   0% used [0x00000000fec00000, 0x00000000fec00000, 0x00000000ff160000)
  from space 640K,   1% used [0x00000000ff160000, 0x00000000ff162420, 0x00000000ff200000)
  to   space 640K,   0% used [0x00000000ff200000, 0x00000000ff200000, 0x00000000ff2a0000)
 concurrent mark-sweep generation total 13696K, used 10070K [0x00000000ff2a0000, 0x0000000100000000, 0x0000000100000000)
 Metaspace       used 4489K, capacity 4786K, committed 4992K, reserved 1056768K
  class space    used 495K, capacity 533K, committed 640K, reserved 1048576K
}
{Heap before GC invocations=39 (full 5):
 par new generation   total 6144K, used 5237K [0x00000000fec00000, 0x00000000ff2a0000, 0x00000000ff2a0000)
  eden space 5504K,  94% used [0x00000000fec00000, 0x00000000ff11b0a8, 0x00000000ff160000)
  from space 640K,   1% used [0x00000000ff160000, 0x00000000ff162420, 0x00000000ff200000)
  to   space 640K,   0% used [0x00000000ff200000, 0x00000000ff200000, 0x00000000ff2a0000)
 concurrent mark-sweep generation total 13696K, used 10070K [0x00000000ff2a0000, 0x0000000100000000, 0x0000000100000000)
 Metaspace       used 4490K, capacity 4786K, committed 4992K, reserved 1056768K
  class space    used 495K, capacity 533K, committed 640K, reserved 1048576K
2024-07-16T17:10:13.755+0800: 0.424: [GC (Allocation Failure) 2024-07-16T17:10:13.755+0800: 0.424: [ParNew: 5237K->7K(6144K), 0.0003733 secs] 15307K->11101K(19840K), 0.0004120 secs] [Times: user=0.00 sys=0.00, real=0.00 secs] 
Heap after GC invocations=40 (full 5):
 par new generation   total 6144K, used 7K [0x00000000fec00000, 0x00000000ff2a0000, 0x00000000ff2a0000)
  eden space 5504K,   0% used [0x00000000fec00000, 0x00000000fec00000, 0x00000000ff160000)
  from space 640K,   1% used [0x00000000ff200000, 0x00000000ff201c10, 0x00000000ff2a0000)
  to   space 640K,   0% used [0x00000000ff160000, 0x00000000ff160000, 0x00000000ff200000)
 concurrent mark-sweep generation total 13696K, used 11094K [0x00000000ff2a0000, 0x0000000100000000, 0x0000000100000000)
 Metaspace       used 4490K, capacity 4786K, committed 4992K, reserved 1056768K
  class space    used 495K, capacity 533K, committed 640K, reserved 1048576K
}
2024-07-16T17:10:13.755+0800: 0.424: [GC (CMS Initial Mark) [1 CMS-initial-mark: 11094K(13696K)] 12125K(19840K), 0.0001214 secs] [Times: user=0.00 sys=0.00, real=0.00 secs] 
2024-07-16T17:10:13.755+0800: 0.425: [CMS-concurrent-mark-start]
2024-07-16T17:10:13.756+0800: 0.426: [CMS-concurrent-mark: 0.001/0.001 secs] [Times: user=0.00 sys=0.00, real=0.00 secs] 
2024-07-16T17:10:13.756+0800: 0.426: [CMS-concurrent-preclean-start]
2024-07-16T17:10:13.757+0800: 0.426: [CMS-concurrent-preclean: 0.000/0.000 secs] [Times: user=0.00 sys=0.00, real=0.00 secs] 
2024-07-16T17:10:13.757+0800: 0.426: [CMS-concurrent-abortable-preclean-start]
{Heap before GC invocations=40 (full 6):
 par new generation   total 6144K, used 5235K [0x00000000fec00000, 0x00000000ff2a0000, 0x00000000ff2a0000)
  eden space 5504K,  94% used [0x00000000fec00000, 0x00000000ff11b128, 0x00000000ff160000)
  from space 640K,   1% used [0x00000000ff200000, 0x00000000ff201c10, 0x00000000ff2a0000)
  to   space 640K,   0% used [0x00000000ff160000, 0x00000000ff160000, 0x00000000ff200000)
 concurrent mark-sweep generation total 13696K, used 11094K [0x00000000ff2a0000, 0x0000000100000000, 0x0000000100000000)
 Metaspace       used 4490K, capacity 4786K, committed 4992K, reserved 1056768K
  class space    used 495K, capacity 533K, committed 640K, reserved 1048576K
2024-07-16T17:10:13.764+0800: 0.433: [GC (Allocation Failure) 2024-07-16T17:10:13.764+0800: 0.433: [ParNew: 5235K->4K(6144K), 0.0002887 secs] 16329K->11101K(19840K), 0.0003367 secs] [Times: user=0.00 sys=0.00, real=0.00 secs] 
Heap after GC invocations=41 (full 6):
 par new generation   total 6144K, used 4K [0x00000000fec00000, 0x00000000ff2a0000, 0x00000000ff2a0000)
  eden space 5504K,   0% used [0x00000000fec00000, 0x00000000fec00000, 0x00000000ff160000)
  from space 640K,   0% used [0x00000000ff160000, 0x00000000ff161020, 0x00000000ff200000)
  to   space 640K,   0% used [0x00000000ff200000, 0x00000000ff200000, 0x00000000ff2a0000)
 concurrent mark-sweep generation total 13696K, used 11097K [0x00000000ff2a0000, 0x0000000100000000, 0x0000000100000000)
 Metaspace       used 4490K, capacity 4786K, committed 4992K, reserved 1056768K
  class space    used 495K, capacity 533K, committed 640K, reserved 1048576K
}
{Heap before GC invocations=41 (full 6):
 par new generation   total 6144K, used 5232K [0x00000000fec00000, 0x00000000ff2a0000, 0x00000000ff2a0000)
  eden space 5504K,  94% used [0x00000000fec00000, 0x00000000ff11b0a8, 0x00000000ff160000)
  from space 640K,   0% used [0x00000000ff160000, 0x00000000ff161020, 0x00000000ff200000)
  to   space 640K,   0% used [0x00000000ff200000, 0x00000000ff200000, 0x00000000ff2a0000)
 concurrent mark-sweep generation total 13696K, used 11097K [0x00000000ff2a0000, 0x0000000100000000, 0x0000000100000000)
 Metaspace       used 4490K, capacity 4786K, committed 4992K, reserved 1056768K
  class space    used 495K, capacity 533K, committed 640K, reserved 1048576K
2024-07-16T17:10:13.770+0800: 0.439: [GC (Allocation Failure) 2024-07-16T17:10:13.770+0800: 0.439: [ParNew: 5232K->8K(6144K), 0.0003603 secs] 16329K->12129K(19840K), 0.0003982 secs] [Times: user=0.00 sys=0.00, real=0.00 secs] 
Heap after GC invocations=42 (full 6):
 par new generation   total 6144K, used 8K [0x00000000fec00000, 0x00000000ff2a0000, 0x00000000ff2a0000)
  eden space 5504K,   0% used [0x00000000fec00000, 0x00000000fec00000, 0x00000000ff160000)
  from space 640K,   1% used [0x00000000ff200000, 0x00000000ff202040, 0x00000000ff2a0000)
  to   space 640K,   0% used [0x00000000ff160000, 0x00000000ff160000, 0x00000000ff200000)
 concurrent mark-sweep generation total 13696K, used 12121K [0x00000000ff2a0000, 0x0000000100000000, 0x0000000100000000)
 Metaspace       used 4490K, capacity 4786K, committed 4992K, reserved 1056768K
  class space    used 495K, capacity 533K, committed 640K, reserved 1048576K
}
{Heap before GC invocations=42 (full 6):
 par new generation   total 6144K, used 5236K [0x00000000fec00000, 0x00000000ff2a0000, 0x00000000ff2a0000)
  eden space 5504K,  94% used [0x00000000fec00000, 0x00000000ff11b0a8, 0x00000000ff160000)
  from space 640K,   1% used [0x00000000ff200000, 0x00000000ff202040, 0x00000000ff2a0000)
  to   space 640K,   0% used [0x00000000ff160000, 0x00000000ff160000, 0x00000000ff200000)
 concurrent mark-sweep generation total 13696K, used 12121K [0x00000000ff2a0000, 0x0000000100000000, 0x0000000100000000)
 Metaspace       used 4490K, capacity 4786K, committed 4992K, reserved 1056768K
  class space    used 495K, capacity 533K, committed 640K, reserved 1048576K
2024-07-16T17:10:13.777+0800: 0.446: [GC (Allocation Failure) 2024-07-16T17:10:13.777+0800: 0.446: [ParNew: 5236K->5236K(6144K), 0.0000189 secs]2024-07-16T17:10:13.777+0800: 0.446: [CMS2024-07-16T17:10:13.777+0800: 0.446: [CMS-concurrent-abortable-preclean: 0.000/0.020 secs] [Times: user=0.00 sys=0.00, real=0.02 secs] 
 (concurrent mode failure): 12121K->1868K(13696K), 0.0018831 secs] 17357K->1868K(19840K), [Metaspace: 4490K->4490K(1056768K)], 0.0019648 secs] [Times: user=0.00 sys=0.00, real=0.00 secs] 
Heap after GC invocations=43 (full 7):
 par new generation   total 6144K, used 0K [0x00000000fec00000, 0x00000000ff2a0000, 0x00000000ff2a0000)
  eden space 5504K,   0% used [0x00000000fec00000, 0x00000000fec00000, 0x00000000ff160000)
  from space 640K,   0% used [0x00000000ff200000, 0x00000000ff200000, 0x00000000ff2a0000)
  to   space 640K,   0% used [0x00000000ff160000, 0x00000000ff160000, 0x00000000ff200000)
 concurrent mark-sweep generation total 13696K, used 1868K [0x00000000ff2a0000, 0x0000000100000000, 0x0000000100000000)
 Metaspace       used 4490K, capacity 4786K, committed 4992K, reserved 1056768K
  class space    used 495K, capacity 533K, committed 640K, reserved 1048576K
}
{Heap before GC invocations=43 (full 7):
 par new generation   total 6144K, used 5283K [0x00000000fec00000, 0x00000000ff2a0000, 0x00000000ff2a0000)
  eden space 5504K,  95% used [0x00000000fec00000, 0x00000000ff128c70, 0x00000000ff160000)
  from space 640K,   0% used [0x00000000ff200000, 0x00000000ff200000, 0x00000000ff2a0000)
  to   space 640K,   0% used [0x00000000ff160000, 0x00000000ff160000, 0x00000000ff200000)
 concurrent mark-sweep generation total 13696K, used 1868K [0x00000000ff2a0000, 0x0000000100000000, 0x0000000100000000)
 Metaspace       used 4494K, capacity 4786K, committed 4992K, reserved 1056768K
  class space    used 495K, capacity 533K, committed 640K, reserved 1048576K
2024-07-16T17:10:13.786+0800: 0.455: [GC (Allocation Failure) 2024-07-16T17:10:13.786+0800: 0.455: [ParNew: 5283K->10K(6144K), 0.0004364 secs] 7151K->2904K(19840K), 0.0004829 secs] [Times: user=0.00 sys=0.00, real=0.00 secs] 
Heap after GC invocations=44 (full 7):
 par new generation   total 6144K, used 10K [0x00000000fec00000, 0x00000000ff2a0000, 0x00000000ff2a0000)
  eden space 5504K,   0% used [0x00000000fec00000, 0x00000000fec00000, 0x00000000ff160000)
  from space 640K,   1% used [0x00000000ff160000, 0x00000000ff162850, 0x00000000ff200000)
  to   space 640K,   0% used [0x00000000ff200000, 0x00000000ff200000, 0x00000000ff2a0000)
 concurrent mark-sweep generation total 13696K, used 2894K [0x00000000ff2a0000, 0x0000000100000000, 0x0000000100000000)
 Metaspace       used 4494K, capacity 4786K, committed 4992K, reserved 1056768K
  class space    used 495K, capacity 533K, committed 640K, reserved 1048576K
}
{Heap before GC invocations=44 (full 7):
 par new generation   total 6144K, used 5273K [0x00000000fec00000, 0x00000000ff2a0000, 0x00000000ff2a0000)
  eden space 5504K,  95% used [0x00000000fec00000, 0x00000000ff123d90, 0x00000000ff160000)
  from space 640K,   1% used [0x00000000ff160000, 0x00000000ff162850, 0x00000000ff200000)
  to   space 640K,   0% used [0x00000000ff200000, 0x00000000ff200000, 0x00000000ff2a0000)
 concurrent mark-sweep generation total 13696K, used 2894K [0x00000000ff2a0000, 0x0000000100000000, 0x0000000100000000)
 Metaspace       used 4494K, capacity 4786K, committed 4992K, reserved 1056768K
  class space    used 495K, capacity 533K, committed 640K, reserved 1048576K
2024-07-16T17:10:13.793+0800: 0.462: [GC (Allocation Failure) 2024-07-16T17:10:13.793+0800: 0.462: [ParNew: 5273K->10K(6144K), 0.0004415 secs] 8167K->3930K(19840K), 0.0004919 secs] [Times: user=0.00 sys=0.00, real=0.00 secs] 
Heap after GC invocations=45 (full 7):
 par new generation   total 6144K, used 10K [0x00000000fec00000, 0x00000000ff2a0000, 0x00000000ff2a0000)
  eden space 5504K,   0% used [0x00000000fec00000, 0x00000000fec00000, 0x00000000ff160000)
  from space 640K,   1% used [0x00000000ff200000, 0x00000000ff202850, 0x00000000ff2a0000)
  to   space 640K,   0% used [0x00000000ff160000, 0x00000000ff160000, 0x00000000ff200000)
 concurrent mark-sweep generation total 13696K, used 3920K [0x00000000ff2a0000, 0x0000000100000000, 0x0000000100000000)
 Metaspace       used 4494K, capacity 4786K, committed 4992K, reserved 1056768K
  class space    used 495K, capacity 533K, committed 640K, reserved 1048576K
}
{Heap before GC invocations=45 (full 7):
 par new generation   total 6144K, used 5260K [0x00000000fec00000, 0x00000000ff2a0000, 0x00000000ff2a0000)
  eden space 5504K,  95% used [0x00000000fec00000, 0x00000000ff120b00, 0x00000000ff160000)
  from space 640K,   1% used [0x00000000ff200000, 0x00000000ff202850, 0x00000000ff2a0000)
  to   space 640K,   0% used [0x00000000ff160000, 0x00000000ff160000, 0x00000000ff200000)
 concurrent mark-sweep generation total 13696K, used 3920K [0x00000000ff2a0000, 0x0000000100000000, 0x0000000100000000)
 Metaspace       used 4494K, capacity 4786K, committed 4992K, reserved 1056768K
  class space    used 495K, capacity 533K, committed 640K, reserved 1048576K
2024-07-16T17:10:13.800+0800: 0.469: [GC (Allocation Failure) 2024-07-16T17:10:13.800+0800: 0.469: [ParNew: 5260K->6K(6144K), 0.0004366 secs] 9181K->4950K(19840K), 0.0004961 secs] [Times: user=0.00 sys=0.00, real=0.00 secs] 
Heap after GC invocations=46 (full 7):
 par new generation   total 6144K, used 6K [0x00000000fec00000, 0x00000000ff2a0000, 0x00000000ff2a0000)
  eden space 5504K,   0% used [0x00000000fec00000, 0x00000000fec00000, 0x00000000ff160000)
  from space 640K,   0% used [0x00000000ff160000, 0x00000000ff161830, 0x00000000ff200000)
  to   space 640K,   0% used [0x00000000ff200000, 0x00000000ff200000, 0x00000000ff2a0000)
 concurrent mark-sweep generation total 13696K, used 4944K [0x00000000ff2a0000, 0x0000000100000000, 0x0000000100000000)
 Metaspace       used 4494K, capacity 4786K, committed 4992K, reserved 1056768K
  class space    used 495K, capacity 533K, committed 640K, reserved 1048576K
}
{Heap before GC invocations=46 (full 7):
 par new generation   total 6144K, used 5248K [0x00000000fec00000, 0x00000000ff2a0000, 0x00000000ff2a0000)
  eden space 5504K,  95% used [0x00000000fec00000, 0x00000000ff11ea80, 0x00000000ff160000)
  from space 640K,   0% used [0x00000000ff160000, 0x00000000ff161830, 0x00000000ff200000)
  to   space 640K,   0% used [0x00000000ff200000, 0x00000000ff200000, 0x00000000ff2a0000)
 concurrent mark-sweep generation total 13696K, used 4944K [0x00000000ff2a0000, 0x0000000100000000, 0x0000000100000000)
 Metaspace       used 4494K, capacity 4786K, committed 4992K, reserved 1056768K
  class space    used 495K, capacity 533K, committed 640K, reserved 1048576K
2024-07-16T17:10:13.807+0800: 0.476: [GC (Allocation Failure) 2024-07-16T17:10:13.807+0800: 0.476: [ParNew: 5248K->10K(6144K), 0.0003941 secs] 10193K->5980K(19840K), 0.0004359 secs] [Times: user=0.00 sys=0.00, real=0.00 secs] 
Heap after GC invocations=47 (full 7):
 par new generation   total 6144K, used 10K [0x00000000fec00000, 0x00000000ff2a0000, 0x00000000ff2a0000)
  eden space 5504K,   0% used [0x00000000fec00000, 0x00000000fec00000, 0x00000000ff160000)
  from space 640K,   1% used [0x00000000ff200000, 0x00000000ff202850, 0x00000000ff2a0000)
  to   space 640K,   0% used [0x00000000ff160000, 0x00000000ff160000, 0x00000000ff200000)
 concurrent mark-sweep generation total 13696K, used 5970K [0x00000000ff2a0000, 0x0000000100000000, 0x0000000100000000)
 Metaspace       used 4494K, capacity 4786K, committed 4992K, reserved 1056768K
  class space    used 495K, capacity 533K, committed 640K, reserved 1048576K
}
{Heap before GC invocations=47 (full 7):
 par new generation   total 6144K, used 5247K [0x00000000fec00000, 0x00000000ff2a0000, 0x00000000ff2a0000)
  eden space 5504K,  95% used [0x00000000fec00000, 0x00000000ff11d5a0, 0x00000000ff160000)
  from space 640K,   1% used [0x00000000ff200000, 0x00000000ff202850, 0x00000000ff2a0000)
  to   space 640K,   0% used [0x00000000ff160000, 0x00000000ff160000, 0x00000000ff200000)
 concurrent mark-sweep generation total 13696K, used 5970K [0x00000000ff2a0000, 0x0000000100000000, 0x0000000100000000)
 Metaspace       used 4494K, capacity 4786K, committed 4992K, reserved 1056768K
  class space    used 495K, capacity 533K, committed 640K, reserved 1048576K
2024-07-16T17:10:13.814+0800: 0.483: [GC (Allocation Failure) 2024-07-16T17:10:13.814+0800: 0.483: [ParNew: 5247K->12K(6144K), 0.0004795 secs] 11218K->7006K(19840K), 0.0005244 secs] [Times: user=0.00 sys=0.00, real=0.00 secs] 
Heap after GC invocations=48 (full 7):
 par new generation   total 6144K, used 12K [0x00000000fec00000, 0x00000000ff2a0000, 0x00000000ff2a0000)
  eden space 5504K,   0% used [0x00000000fec00000, 0x00000000fec00000, 0x00000000ff160000)
  from space 640K,   1% used [0x00000000ff160000, 0x00000000ff163060, 0x00000000ff200000)
  to   space 640K,   0% used [0x00000000ff200000, 0x00000000ff200000, 0x00000000ff2a0000)
 concurrent mark-sweep generation total 13696K, used 6994K [0x00000000ff2a0000, 0x0000000100000000, 0x0000000100000000)
 Metaspace       used 4494K, capacity 4786K, committed 4992K, reserved 1056768K
  class space    used 495K, capacity 533K, committed 640K, reserved 1048576K
}
{Heap before GC invocations=48 (full 7):
 par new generation   total 6144K, used 5246K [0x00000000fec00000, 0x00000000ff2a0000, 0x00000000ff2a0000)
  eden space 5504K,  95% used [0x00000000fec00000, 0x00000000ff11c830, 0x00000000ff160000)
  from space 640K,   1% used [0x00000000ff160000, 0x00000000ff163060, 0x00000000ff200000)
  to   space 640K,   0% used [0x00000000ff200000, 0x00000000ff200000, 0x00000000ff2a0000)
 concurrent mark-sweep generation total 13696K, used 6994K [0x00000000ff2a0000, 0x0000000100000000, 0x0000000100000000)
 Metaspace       used 4494K, capacity 4786K, committed 4992K, reserved 1056768K
  class space    used 495K, capacity 533K, committed 640K, reserved 1048576K
2024-07-16T17:10:13.821+0800: 0.490: [GC (Allocation Failure) 2024-07-16T17:10:13.821+0800: 0.490: [ParNew: 5246K->4K(6144K), 0.0004022 secs] 12240K->8024K(19840K), 0.0004429 secs] [Times: user=0.00 sys=0.00, real=0.00 secs] 
Heap after GC invocations=49 (full 7):
 par new generation   total 6144K, used 4K [0x00000000fec00000, 0x00000000ff2a0000, 0x00000000ff2a0000)
  eden space 5504K,   0% used [0x00000000fec00000, 0x00000000fec00000, 0x00000000ff160000)
  from space 640K,   0% used [0x00000000ff200000, 0x00000000ff201020, 0x00000000ff2a0000)
  to   space 640K,   0% used [0x00000000ff160000, 0x00000000ff160000, 0x00000000ff200000)
 concurrent mark-sweep generation total 13696K, used 8020K [0x00000000ff2a0000, 0x0000000100000000, 0x0000000100000000)
 Metaspace       used 4494K, capacity 4786K, committed 4992K, reserved 1056768K
  class space    used 495K, capacity 533K, committed 640K, reserved 1048576K
}
{Heap before GC invocations=49 (full 7):
 par new generation   total 6144K, used 5235K [0x00000000fec00000, 0x00000000ff2a0000, 0x00000000ff2a0000)
  eden space 5504K,  95% used [0x00000000fec00000, 0x00000000ff11bf90, 0x00000000ff160000)
  from space 640K,   0% used [0x00000000ff200000, 0x00000000ff201020, 0x00000000ff2a0000)
  to   space 640K,   0% used [0x00000000ff160000, 0x00000000ff160000, 0x00000000ff200000)
 concurrent mark-sweep generation total 13696K, used 8020K [0x00000000ff2a0000, 0x0000000100000000, 0x0000000100000000)
 Metaspace       used 4494K, capacity 4786K, committed 4992K, reserved 1056768K
  class space    used 495K, capacity 533K, committed 640K, reserved 1048576K
2024-07-16T17:10:13.829+0800: 0.498: [GC (Allocation Failure) 2024-07-16T17:10:13.829+0800: 0.498: [ParNew: 5235K->4K(6144K), 0.0003889 secs] 13256K->9050K(19840K), 0.0004304 secs] [Times: user=0.00 sys=0.00, real=0.00 secs] 
Heap after GC invocations=50 (full 7):
 par new generation   total 6144K, used 4K [0x00000000fec00000, 0x00000000ff2a0000, 0x00000000ff2a0000)
  eden space 5504K,   0% used [0x00000000fec00000, 0x00000000fec00000, 0x00000000ff160000)
  from space 640K,   0% used [0x00000000ff160000, 0x00000000ff161020, 0x00000000ff200000)
  to   space 640K,   0% used [0x00000000ff200000, 0x00000000ff200000, 0x00000000ff2a0000)
 concurrent mark-sweep generation total 13696K, used 9046K [0x00000000ff2a0000, 0x0000000100000000, 0x0000000100000000)
 Metaspace       used 4494K, capacity 4786K, committed 4992K, reserved 1056768K
  class space    used 495K, capacity 533K, committed 640K, reserved 1048576K
}
{Heap before GC invocations=50 (full 7):
 par new generation   total 6144K, used 5234K [0x00000000fec00000, 0x00000000ff2a0000, 0x00000000ff2a0000)
  eden space 5504K,  95% used [0x00000000fec00000, 0x00000000ff11ba08, 0x00000000ff160000)
  from space 640K,   0% used [0x00000000ff160000, 0x00000000ff161020, 0x00000000ff200000)
  to   space 640K,   0% used [0x00000000ff200000, 0x00000000ff200000, 0x00000000ff2a0000)
 concurrent mark-sweep generation total 13696K, used 9046K [0x00000000ff2a0000, 0x0000000100000000, 0x0000000100000000)
 Metaspace       used 4495K, capacity 4786K, committed 4992K, reserved 1056768K
  class space    used 495K, capacity 533K, committed 640K, reserved 1048576K
2024-07-16T17:10:13.836+0800: 0.504: [GC (Allocation Failure) 2024-07-16T17:10:13.836+0800: 0.504: [ParNew: 5234K->7K(6144K), 0.0005573 secs] 14281K->10080K(19840K), 0.0006143 secs] [Times: user=0.00 sys=0.00, real=0.00 secs] 
Heap after GC invocations=51 (full 7):
 par new generation   total 6144K, used 7K [0x00000000fec00000, 0x00000000ff2a0000, 0x00000000ff2a0000)
  eden space 5504K,   0% used [0x00000000fec00000, 0x00000000fec00000, 0x00000000ff160000)
  from space 640K,   1% used [0x00000000ff200000, 0x00000000ff201df8, 0x00000000ff2a0000)
  to   space 640K,   0% used [0x00000000ff160000, 0x00000000ff160000, 0x00000000ff200000)
 concurrent mark-sweep generation total 13696K, used 10072K [0x00000000ff2a0000, 0x0000000100000000, 0x0000000100000000)
 Metaspace       used 4495K, capacity 4786K, committed 4992K, reserved 1056768K
  class space    used 495K, capacity 533K, committed 640K, reserved 1048576K
}
{Heap before GC invocations=51 (full 7):
 par new generation   total 6144K, used 5237K [0x00000000fec00000, 0x00000000ff2a0000, 0x00000000ff2a0000)
  eden space 5504K,  95% used [0x00000000fec00000, 0x00000000ff11b780, 0x00000000ff160000)
  from space 640K,   1% used [0x00000000ff200000, 0x00000000ff201df8, 0x00000000ff2a0000)
  to   space 640K,   0% used [0x00000000ff160000, 0x00000000ff160000, 0x00000000ff200000)
 concurrent mark-sweep generation total 13696K, used 10072K [0x00000000ff2a0000, 0x0000000100000000, 0x0000000100000000)
 Metaspace       used 4495K, capacity 4786K, committed 4992K, reserved 1056768K
  class space    used 495K, capacity 533K, committed 640K, reserved 1048576K
2024-07-16T17:10:13.843+0800: 0.511: [GC (Allocation Failure) 2024-07-16T17:10:13.843+0800: 0.511: [ParNew: 5237K->7K(6144K), 0.0003622 secs] 15310K->11106K(19840K), 0.0003999 secs] [Times: user=0.00 sys=0.00, real=0.00 secs] 
Heap after GC invocations=52 (full 7):
 par new generation   total 6144K, used 7K [0x00000000fec00000, 0x00000000ff2a0000, 0x00000000ff2a0000)
  eden space 5504K,   0% used [0x00000000fec00000, 0x00000000fec00000, 0x00000000ff160000)
  from space 640K,   1% used [0x00000000ff160000, 0x00000000ff161df8, 0x00000000ff200000)
  to   space 640K,   0% used [0x00000000ff200000, 0x00000000ff200000, 0x00000000ff2a0000)
 concurrent mark-sweep generation total 13696K, used 11098K [0x00000000ff2a0000, 0x0000000100000000, 0x0000000100000000)
 Metaspace       used 4495K, capacity 4786K, committed 4992K, reserved 1056768K
  class space    used 495K, capacity 533K, committed 640K, reserved 1048576K
}
2024-07-16T17:10:13.843+0800: 0.512: [GC (CMS Initial Mark) [1 CMS-initial-mark: 11098K(13696K)] 12130K(19840K), 0.0001081 secs] [Times: user=0.00 sys=0.00, real=0.00 secs] 
2024-07-16T17:10:13.843+0800: 0.512: [CMS-concurrent-mark-start]
2024-07-16T17:10:13.844+0800: 0.513: [CMS-concurrent-mark: 0.001/0.001 secs] [Times: user=0.00 sys=0.00, real=0.00 secs] 
2024-07-16T17:10:13.844+0800: 0.513: [CMS-concurrent-preclean-start]
2024-07-16T17:10:13.844+0800: 0.513: [CMS-concurrent-preclean: 0.000/0.000 secs] [Times: user=0.00 sys=0.00, real=0.00 secs] 
2024-07-16T17:10:13.844+0800: 0.513: [GC (CMS Final Remark) [YG occupancy: 1031 K (6144 K)]{Heap before GC invocations=52 (full 8):
 par new generation   total 6144K, used 1031K [0x00000000fec00000, 0x00000000ff2a0000, 0x00000000ff2a0000)
  eden space 5504K,  18% used [0x00000000fec00000, 0x00000000fed00088, 0x00000000ff160000)
  from space 640K,   1% used [0x00000000ff160000, 0x00000000ff161df8, 0x00000000ff200000)
  to   space 640K,   0% used [0x00000000ff200000, 0x00000000ff200000, 0x00000000ff2a0000)
 concurrent mark-sweep generation total 13696K, used 11098K [0x00000000ff2a0000, 0x0000000100000000, 0x0000000100000000)
 Metaspace       used 4495K, capacity 4786K, committed 4992K, reserved 1056768K
  class space    used 495K, capacity 533K, committed 640K, reserved 1048576K
2024-07-16T17:10:13.844+0800: 0.513: [GC (CMS Final Remark) 2024-07-16T17:10:13.844+0800: 0.513: [ParNew: 1031K->11K(6144K), 0.0002733 secs] 12130K->12134K(19840K), 0.0002935 secs] [Times: user=0.00 sys=0.00, real=0.00 secs] 
Heap after GC invocations=53 (full 8):
 par new generation   total 6144K, used 11K [0x00000000fec00000, 0x00000000ff2a0000, 0x00000000ff2a0000)
  eden space 5504K,   0% used [0x00000000fec00000, 0x00000000fec00000, 0x00000000ff160000)
  from space 640K,   1% used [0x00000000ff200000, 0x00000000ff202e18, 0x00000000ff2a0000)
  to   space 640K,   0% used [0x00000000ff160000, 0x00000000ff160000, 0x00000000ff200000)
 concurrent mark-sweep generation total 13696K, used 12122K [0x00000000ff2a0000, 0x0000000100000000, 0x0000000100000000)
 Metaspace       used 4495K, capacity 4786K, committed 4992K, reserved 1056768K
  class space    used 495K, capacity 533K, committed 640K, reserved 1048576K
}
2024-07-16T17:10:13.845+0800: 0.513: [Rescan (parallel) , 0.0001408 secs]2024-07-16T17:10:13.845+0800: 0.513: [weak refs processing, 0.0000091 secs]2024-07-16T17:10:13.845+0800: 0.513: [class unloading, 0.0002472 secs]2024-07-16T17:10:13.845+0800: 0.514: [scrub symbol table, 0.0002913 secs]2024-07-16T17:10:13.845+0800: 0.514: [scrub string table, 0.0000616 secs][1 CMS-remark: 12122K(13696K)] 12134K(19840K), 0.0011224 secs] [Times: user=0.00 sys=0.00, real=0.00 secs] 
2024-07-16T17:10:13.845+0800: 0.514: [CMS-concurrent-sweep-start]
2024-07-16T17:10:13.846+0800: 0.514: [CMS-concurrent-sweep: 0.000/0.000 secs] [Times: user=0.00 sys=0.00, real=0.00 secs] 
2024-07-16T17:10:13.846+0800: 0.514: [CMS-concurrent-reset-start]
2024-07-16T17:10:13.846+0800: 0.514: [CMS-concurrent-reset: 0.000/0.000 secs] [Times: user=0.00 sys=0.00, real=0.00 secs] 
{Heap before GC invocations=53 (full 8):
 par new generation   total 6144K, used 5241K [0x00000000fec00000, 0x00000000ff2a0000, 0x00000000ff2a0000)
  eden space 5504K,  95% used [0x00000000fec00000, 0x00000000ff11b740, 0x00000000ff160000)
  from space 640K,   1% used [0x00000000ff200000, 0x00000000ff202e18, 0x00000000ff2a0000)
  to   space 640K,   0% used [0x00000000ff160000, 0x00000000ff160000, 0x00000000ff200000)
 concurrent mark-sweep generation total 13696K, used 2905K [0x00000000ff2a0000, 0x0000000100000000, 0x0000000100000000)
 Metaspace       used 4506K, capacity 4794K, committed 4992K, reserved 1056768K
  class space    used 495K, capacity 533K, committed 640K, reserved 1048576K
2024-07-16T17:10:13.851+0800: 0.519: [GC (Allocation Failure) 2024-07-16T17:10:13.851+0800: 0.519: [ParNew: 5241K->5K(6144K), 0.0005015 secs] 8146K->4959K(19840K), 0.0005458 secs] [Times: user=0.00 sys=0.00, real=0.00 secs] 
Heap after GC invocations=54 (full 8):
 par new generation   total 6144K, used 5K [0x00000000fec00000, 0x00000000ff2a0000, 0x00000000ff2a0000)
  eden space 5504K,   0% used [0x00000000fec00000, 0x00000000fec00000, 0x00000000ff160000)
  from space 640K,   0% used [0x00000000ff160000, 0x00000000ff1615e8, 0x00000000ff200000)
  to   space 640K,   0% used [0x00000000ff200000, 0x00000000ff200000, 0x00000000ff2a0000)
 concurrent mark-sweep generation total 13696K, used 4953K [0x00000000ff2a0000, 0x0000000100000000, 0x0000000100000000)
 Metaspace       used 4506K, capacity 4794K, committed 4992K, reserved 1056768K
  class space    used 495K, capacity 533K, committed 640K, reserved 1048576K
}
{Heap before GC invocations=54 (full 8):
 par new generation   total 6144K, used 5227K [0x00000000fec00000, 0x00000000ff2a0000, 0x00000000ff2a0000)
  eden space 5504K,  94% used [0x00000000fec00000, 0x00000000ff119998, 0x00000000ff160000)
  from space 640K,   0% used [0x00000000ff160000, 0x00000000ff1615e8, 0x00000000ff200000)
  to   space 640K,   0% used [0x00000000ff200000, 0x00000000ff200000, 0x00000000ff2a0000)
 concurrent mark-sweep generation total 13696K, used 4953K [0x00000000ff2a0000, 0x0000000100000000, 0x0000000100000000)
 Metaspace       used 4507K, capacity 4794K, committed 4992K, reserved 1056768K
  class space    used 495K, capacity 533K, committed 640K, reserved 1048576K
2024-07-16T17:10:13.858+0800: 0.526: [GC (Allocation Failure) 2024-07-16T17:10:13.858+0800: 0.526: [ParNew: 5227K->5K(6144K), 0.0003189 secs] 10181K->4959K(19840K), 0.0003716 secs] [Times: user=0.00 sys=0.00, real=0.00 secs] 
Heap after GC invocations=55 (full 8):
 par new generation   total 6144K, used 5K [0x00000000fec00000, 0x00000000ff2a0000, 0x00000000ff2a0000)
  eden space 5504K,   0% used [0x00000000fec00000, 0x00000000fec00000, 0x00000000ff160000)
  from space 640K,   0% used [0x00000000ff200000, 0x00000000ff2015e8, 0x00000000ff2a0000)
  to   space 640K,   0% used [0x00000000ff160000, 0x00000000ff160000, 0x00000000ff200000)
 concurrent mark-sweep generation total 13696K, used 4953K [0x00000000ff2a0000, 0x0000000100000000, 0x0000000100000000)
 Metaspace       used 4507K, capacity 4794K, committed 4992K, reserved 1056768K
  class space    used 495K, capacity 533K, committed 640K, reserved 1048576K
}
{Heap before GC invocations=55 (full 8):
 par new generation   total 6144K, used 5230K [0x00000000fec00000, 0x00000000ff2a0000, 0x00000000ff2a0000)
  eden space 5504K,  94% used [0x00000000fec00000, 0x00000000ff11a470, 0x00000000ff160000)
  from space 640K,   0% used [0x00000000ff200000, 0x00000000ff2015e8, 0x00000000ff2a0000)
  to   space 640K,   0% used [0x00000000ff160000, 0x00000000ff160000, 0x00000000ff200000)
 concurrent mark-sweep generation total 13696K, used 4953K [0x00000000ff2a0000, 0x0000000100000000, 0x0000000100000000)
 Metaspace       used 4507K, capacity 4794K, committed 4992K, reserved 1056768K
  class space    used 495K, capacity 533K, committed 640K, reserved 1048576K
2024-07-16T17:10:13.867+0800: 0.535: [GC (Allocation Failure) 2024-07-16T17:10:13.867+0800: 0.535: [ParNew: 5230K->5K(6144K), 0.0004119 secs] 10184K->4959K(19840K), 0.0004593 secs] [Times: user=0.00 sys=0.00, real=0.00 secs] 
Heap after GC invocations=56 (full 8):
 par new generation   total 6144K, used 5K [0x00000000fec00000, 0x00000000ff2a0000, 0x00000000ff2a0000)
  eden space 5504K,   0% used [0x00000000fec00000, 0x00000000fec00000, 0x00000000ff160000)
  from space 640K,   0% used [0x00000000ff160000, 0x00000000ff1615e8, 0x00000000ff200000)
  to   space 640K,   0% used [0x00000000ff200000, 0x00000000ff200000, 0x00000000ff2a0000)
 concurrent mark-sweep generation total 13696K, used 4953K [0x00000000ff2a0000, 0x0000000100000000, 0x0000000100000000)
 Metaspace       used 4507K, capacity 4794K, committed 4992K, reserved 1056768K
  class space    used 495K, capacity 533K, committed 640K, reserved 1048576K
}
{Heap before GC invocations=56 (full 8):
 par new generation   total 6144K, used 5232K [0x00000000fec00000, 0x00000000ff2a0000, 0x00000000ff2a0000)
  eden space 5504K,  94% used [0x00000000fec00000, 0x00000000ff11ab68, 0x00000000ff160000)
  from space 640K,   0% used [0x00000000ff160000, 0x00000000ff1615e8, 0x00000000ff200000)
  to   space 640K,   0% used [0x00000000ff200000, 0x00000000ff200000, 0x00000000ff2a0000)
 concurrent mark-sweep generation total 13696K, used 4953K [0x00000000ff2a0000, 0x0000000100000000, 0x0000000100000000)
 Metaspace       used 4507K, capacity 4794K, committed 4992K, reserved 1056768K
  class space    used 495K, capacity 533K, committed 640K, reserved 1048576K
2024-07-16T17:10:13.874+0800: 0.542: [GC (Allocation Failure) 2024-07-16T17:10:13.874+0800: 0.542: [ParNew: 5232K->6K(6144K), 0.0004042 secs] 10185K->5985K(19840K), 0.0004452 secs] [Times: user=0.00 sys=0.00, real=0.00 secs] 
Heap after GC invocations=57 (full 8):
 par new generation   total 6144K, used 6K [0x00000000fec00000, 0x00000000ff2a0000, 0x00000000ff2a0000)
  eden space 5504K,   0% used [0x00000000fec00000, 0x00000000fec00000, 0x00000000ff160000)
  from space 640K,   0% used [0x00000000ff200000, 0x00000000ff201830, 0x00000000ff2a0000)
  to   space 640K,   0% used [0x00000000ff160000, 0x00000000ff160000, 0x00000000ff200000)
 concurrent mark-sweep generation total 13696K, used 5979K [0x00000000ff2a0000, 0x0000000100000000, 0x0000000100000000)
 Metaspace       used 4507K, capacity 4794K, committed 4992K, reserved 1056768K
  class space    used 495K, capacity 533K, committed 640K, reserved 1048576K
}
{Heap before GC invocations=57 (full 8):
 par new generation   total 6144K, used 5234K [0x00000000fec00000, 0x00000000ff2a0000, 0x00000000ff2a0000)
  eden space 5504K,  94% used [0x00000000fec00000, 0x00000000ff11afe0, 0x00000000ff160000)
  from space 640K,   0% used [0x00000000ff200000, 0x00000000ff201830, 0x00000000ff2a0000)
  to   space 640K,   0% used [0x00000000ff160000, 0x00000000ff160000, 0x00000000ff200000)
 concurrent mark-sweep generation total 13696K, used 5979K [0x00000000ff2a0000, 0x0000000100000000, 0x0000000100000000)
 Metaspace       used 4507K, capacity 4794K, committed 4992K, reserved 1056768K
  class space    used 495K, capacity 533K, committed 640K, reserved 1048576K
2024-07-16T17:10:13.880+0800: 0.548: [GC (Allocation Failure) 2024-07-16T17:10:13.880+0800: 0.548: [ParNew: 5234K->8K(6144K), 0.0005367 secs] 11213K->8035K(19840K), 0.0005815 secs] [Times: user=0.00 sys=0.00, real=0.00 secs] 
Heap after GC invocations=58 (full 8):
 par new generation   total 6144K, used 8K [0x00000000fec00000, 0x00000000ff2a0000, 0x00000000ff2a0000)
  eden space 5504K,   0% used [0x00000000fec00000, 0x00000000fec00000, 0x00000000ff160000)
  from space 640K,   1% used [0x00000000ff160000, 0x00000000ff162040, 0x00000000ff200000)
  to   space 640K,   0% used [0x00000000ff200000, 0x00000000ff200000, 0x00000000ff2a0000)
 concurrent mark-sweep generation total 13696K, used 8027K [0x00000000ff2a0000, 0x0000000100000000, 0x0000000100000000)
 Metaspace       used 4507K, capacity 4794K, committed 4992K, reserved 1056768K
  class space    used 495K, capacity 533K, committed 640K, reserved 1048576K
}
{Heap before GC invocations=58 (full 8):
 par new generation   total 6144K, used 5236K [0x00000000fec00000, 0x00000000ff2a0000, 0x00000000ff2a0000)
  eden space 5504K,  94% used [0x00000000fec00000, 0x00000000ff11b2c8, 0x00000000ff160000)
  from space 640K,   1% used [0x00000000ff160000, 0x00000000ff162040, 0x00000000ff200000)
  to   space 640K,   0% used [0x00000000ff200000, 0x00000000ff200000, 0x00000000ff2a0000)
 concurrent mark-sweep generation total 13696K, used 8027K [0x00000000ff2a0000, 0x0000000100000000, 0x0000000100000000)
 Metaspace       used 4508K, capacity 4794K, committed 4992K, reserved 1056768K
  class space    used 495K, capacity 533K, committed 640K, reserved 1048576K
2024-07-16T17:10:13.886+0800: 0.554: [GC (Allocation Failure) 2024-07-16T17:10:13.886+0800: 0.554: [ParNew: 5236K->6K(6144K), 0.0004192 secs] 13263K->9059K(19840K), 0.0004634 secs] [Times: user=0.00 sys=0.00, real=0.00 secs] 
Heap after GC invocations=59 (full 8):
 par new generation   total 6144K, used 6K [0x00000000fec00000, 0x00000000ff2a0000, 0x00000000ff2a0000)
  eden space 5504K,   0% used [0x00000000fec00000, 0x00000000fec00000, 0x00000000ff160000)
  from space 640K,   0% used [0x00000000ff200000, 0x00000000ff201830, 0x00000000ff2a0000)
  to   space 640K,   0% used [0x00000000ff160000, 0x00000000ff160000, 0x00000000ff200000)
 concurrent mark-sweep generation total 13696K, used 9053K [0x00000000ff2a0000, 0x0000000100000000, 0x0000000100000000)
 Metaspace       used 4508K, capacity 4794K, committed 4992K, reserved 1056768K
  class space    used 495K, capacity 533K, committed 640K, reserved 1048576K
}
{Heap before GC invocations=59 (full 8):
 par new generation   total 6144K, used 5235K [0x00000000fec00000, 0x00000000ff2a0000, 0x00000000ff2a0000)
  eden space 5504K,  95% used [0x00000000fec00000, 0x00000000ff11b4a0, 0x00000000ff160000)
  from space 640K,   0% used [0x00000000ff200000, 0x00000000ff201830, 0x00000000ff2a0000)
  to   space 640K,   0% used [0x00000000ff160000, 0x00000000ff160000, 0x00000000ff200000)
 concurrent mark-sweep generation total 13696K, used 9053K [0x00000000ff2a0000, 0x0000000100000000, 0x0000000100000000)
 Metaspace       used 4508K, capacity 4794K, committed 4992K, reserved 1056768K
  class space    used 495K, capacity 533K, committed 640K, reserved 1048576K
2024-07-16T17:10:13.892+0800: 0.560: [GC (Allocation Failure) 2024-07-16T17:10:13.892+0800: 0.560: [ParNew: 5235K->4K(6144K), 0.0003877 secs] 14288K->10083K(19840K), 0.0004324 secs] [Times: user=0.00 sys=0.00, real=0.00 secs] 
Heap after GC invocations=60 (full 8):
 par new generation   total 6144K, used 4K [0x00000000fec00000, 0x00000000ff2a0000, 0x00000000ff2a0000)
  eden space 5504K,   0% used [0x00000000fec00000, 0x00000000fec00000, 0x00000000ff160000)
  from space 640K,   0% used [0x00000000ff160000, 0x00000000ff161020, 0x00000000ff200000)
  to   space 640K,   0% used [0x00000000ff200000, 0x00000000ff200000, 0x00000000ff2a0000)
 concurrent mark-sweep generation total 13696K, used 10079K [0x00000000ff2a0000, 0x0000000100000000, 0x0000000100000000)
 Metaspace       used 4508K, capacity 4794K, committed 4992K, reserved 1056768K
  class space    used 495K, capacity 533K, committed 640K, reserved 1048576K
}
{Heap before GC invocations=60 (full 8):
 par new generation   total 6144K, used 5233K [0x00000000fec00000, 0x00000000ff2a0000, 0x00000000ff2a0000)
  eden space 5504K,  95% used [0x00000000fec00000, 0x00000000ff11b5d0, 0x00000000ff160000)
  from space 640K,   0% used [0x00000000ff160000, 0x00000000ff161020, 0x00000000ff200000)
  to   space 640K,   0% used [0x00000000ff200000, 0x00000000ff200000, 0x00000000ff2a0000)
 concurrent mark-sweep generation total 13696K, used 10079K [0x00000000ff2a0000, 0x0000000100000000, 0x0000000100000000)
 Metaspace       used 4508K, capacity 4794K, committed 4992K, reserved 1056768K
  class space    used 495K, capacity 533K, committed 640K, reserved 1048576K
2024-07-16T17:10:13.899+0800: 0.567: [GC (Allocation Failure) 2024-07-16T17:10:13.899+0800: 0.567: [ParNew: 5233K->2K(6144K), 0.0002891 secs] 15312K->10081K(19840K), 0.0003455 secs] [Times: user=0.00 sys=0.00, real=0.00 secs] 
Heap after GC invocations=61 (full 8):
 par new generation   total 6144K, used 2K [0x00000000fec00000, 0x00000000ff2a0000, 0x00000000ff2a0000)
  eden space 5504K,   0% used [0x00000000fec00000, 0x00000000fec00000, 0x00000000ff160000)
  from space 640K,   0% used [0x00000000ff200000, 0x00000000ff200810, 0x00000000ff2a0000)
  to   space 640K,   0% used [0x00000000ff160000, 0x00000000ff160000, 0x00000000ff200000)
 concurrent mark-sweep generation total 13696K, used 10079K [0x00000000ff2a0000, 0x0000000100000000, 0x0000000100000000)
 Metaspace       used 4508K, capacity 4794K, committed 4992K, reserved 1056768K
  class space    used 495K, capacity 533K, committed 640K, reserved 1048576K
}
{Heap before GC invocations=61 (full 8):
 par new generation   total 6144K, used 5231K [0x00000000fec00000, 0x00000000ff2a0000, 0x00000000ff2a0000)
  eden space 5504K,  95% used [0x00000000fec00000, 0x00000000ff11b690, 0x00000000ff160000)
  from space 640K,   0% used [0x00000000ff200000, 0x00000000ff200810, 0x00000000ff2a0000)
  to   space 640K,   0% used [0x00000000ff160000, 0x00000000ff160000, 0x00000000ff200000)
 concurrent mark-sweep generation total 13696K, used 10079K [0x00000000ff2a0000, 0x0000000100000000, 0x0000000100000000)
 Metaspace       used 4508K, capacity 4794K, committed 4992K, reserved 1056768K
  class space    used 495K, capacity 533K, committed 640K, reserved 1048576K
2024-07-16T17:10:13.908+0800: 0.576: [GC (Allocation Failure) 2024-07-16T17:10:13.908+0800: 0.576: [ParNew: 5231K->4K(6144K), 0.0002853 secs] 15310K->10083K(19840K), 0.0003298 secs] [Times: user=0.00 sys=0.00, real=0.00 secs] 
Heap after GC invocations=62 (full 8):
 par new generation   total 6144K, used 4K [0x00000000fec00000, 0x00000000ff2a0000, 0x00000000ff2a0000)
  eden space 5504K,   0% used [0x00000000fec00000, 0x00000000fec00000, 0x00000000ff160000)
  from space 640K,   0% used [0x00000000ff160000, 0x00000000ff161020, 0x00000000ff200000)
  to   space 640K,   0% used [0x00000000ff200000, 0x00000000ff200000, 0x00000000ff2a0000)
 concurrent mark-sweep generation total 13696K, used 10079K [0x00000000ff2a0000, 0x0000000100000000, 0x0000000100000000)
 Metaspace       used 4508K, capacity 4794K, committed 4992K, reserved 1056768K
  class space    used 495K, capacity 533K, committed 640K, reserved 1048576K
}
{Heap before GC invocations=62 (full 8):
 par new generation   total 6144K, used 5233K [0x00000000fec00000, 0x00000000ff2a0000, 0x00000000ff2a0000)
  eden space 5504K,  95% used [0x00000000fec00000, 0x00000000ff11b710, 0x00000000ff160000)
  from space 640K,   0% used [0x00000000ff160000, 0x00000000ff161020, 0x00000000ff200000)
  to   space 640K,   0% used [0x00000000ff200000, 0x00000000ff200000, 0x00000000ff2a0000)
 concurrent mark-sweep generation total 13696K, used 10079K [0x00000000ff2a0000, 0x0000000100000000, 0x0000000100000000)
 Metaspace       used 4508K, capacity 4794K, committed 4992K, reserved 1056768K
  class space    used 495K, capacity 533K, committed 640K, reserved 1048576K
2024-07-16T17:10:13.916+0800: 0.584: [GC (Allocation Failure) 2024-07-16T17:10:13.916+0800: 0.584: [ParNew: 5233K->6K(6144K), 0.0003963 secs] 15313K->11109K(19840K), 0.0004338 secs] [Times: user=0.00 sys=0.00, real=0.00 secs] 
Heap after GC invocations=63 (full 8):
 par new generation   total 6144K, used 6K [0x00000000fec00000, 0x00000000ff2a0000, 0x00000000ff2a0000)
  eden space 5504K,   0% used [0x00000000fec00000, 0x00000000fec00000, 0x00000000ff160000)
  from space 640K,   0% used [0x00000000ff200000, 0x00000000ff201830, 0x00000000ff2a0000)
  to   space 640K,   0% used [0x00000000ff160000, 0x00000000ff160000, 0x00000000ff200000)
 concurrent mark-sweep generation total 13696K, used 11103K [0x00000000ff2a0000, 0x0000000100000000, 0x0000000100000000)
 Metaspace       used 4508K, capacity 4794K, committed 4992K, reserved 1056768K
  class space    used 495K, capacity 533K, committed 640K, reserved 1048576K
}
{Heap before GC invocations=63 (full 8):
 par new generation   total 6144K, used 5235K [0x00000000fec00000, 0x00000000ff2a0000, 0x00000000ff2a0000)
  eden space 5504K,  95% used [0x00000000fec00000, 0x00000000ff11b760, 0x00000000ff160000)
  from space 640K,   0% used [0x00000000ff200000, 0x00000000ff201830, 0x00000000ff2a0000)
  to   space 640K,   0% used [0x00000000ff160000, 0x00000000ff160000, 0x00000000ff200000)
 concurrent mark-sweep generation total 13696K, used 11103K [0x00000000ff2a0000, 0x0000000100000000, 0x0000000100000000)
 Metaspace       used 4508K, capacity 4794K, committed 4992K, reserved 1056768K
  class space    used 495K, capacity 533K, committed 640K, reserved 1048576K
2024-07-16T17:10:13.923+0800: 0.591: [GC (Allocation Failure) 2024-07-16T17:10:13.923+0800: 0.591: [ParNew: 5235K->2K(6144K), 0.0002734 secs] 16339K->11105K(19840K), 0.0003130 secs] [Times: user=0.00 sys=0.00, real=0.00 secs] 
Heap after GC invocations=64 (full 8):
 par new generation   total 6144K, used 2K [0x00000000fec00000, 0x00000000ff2a0000, 0x00000000ff2a0000)
  eden space 5504K,   0% used [0x00000000fec00000, 0x00000000fec00000, 0x00000000ff160000)
  from space 640K,   0% used [0x00000000ff160000, 0x00000000ff160810, 0x00000000ff200000)
  to   space 640K,   0% used [0x00000000ff200000, 0x00000000ff200000, 0x00000000ff2a0000)
 concurrent mark-sweep generation total 13696K, used 11103K [0x00000000ff2a0000, 0x0000000100000000, 0x0000000100000000)
 Metaspace       used 4508K, capacity 4794K, committed 4992K, reserved 1056768K
  class space    used 495K, capacity 533K, committed 640K, reserved 1048576K
}
{Heap before GC invocations=64 (full 8):
 par new generation   total 6144K, used 5231K [0x00000000fec00000, 0x00000000ff2a0000, 0x00000000ff2a0000)
  eden space 5504K,  95% used [0x00000000fec00000, 0x00000000ff11b798, 0x00000000ff160000)
  from space 640K,   0% used [0x00000000ff160000, 0x00000000ff160810, 0x00000000ff200000)
  to   space 640K,   0% used [0x00000000ff200000, 0x00000000ff200000, 0x00000000ff2a0000)
 concurrent mark-sweep generation total 13696K, used 11103K [0x00000000ff2a0000, 0x0000000100000000, 0x0000000100000000)
 Metaspace       used 4508K, capacity 4794K, committed 4992K, reserved 1056768K
  class space    used 495K, capacity 533K, committed 640K, reserved 1048576K
2024-07-16T17:10:13.929+0800: 0.597: [GC (Allocation Failure) 2024-07-16T17:10:13.929+0800: 0.597: [ParNew (promotion failed): 5231K->5237K(6144K), 0.0005479 secs]2024-07-16T17:10:13.929+0800: 0.598: [CMS: 12127K->2892K(13696K), 0.0018538 secs] 16335K->2892K(19840K), [Metaspace: 4508K->4508K(1056768K)], 0.0024608 secs] [Times: user=0.00 sys=0.00, real=0.00 secs] 
Heap after GC invocations=65 (full 9):
 par new generation   total 6144K, used 0K [0x00000000fec00000, 0x00000000ff2a0000, 0x00000000ff2a0000)
  eden space 5504K,   0% used [0x00000000fec00000, 0x00000000fec00000, 0x00000000ff160000)
  from space 640K,   0% used [0x00000000ff200000, 0x00000000ff200000, 0x00000000ff2a0000)
  to   space 640K,   0% used [0x00000000ff160000, 0x00000000ff160000, 0x00000000ff200000)
 concurrent mark-sweep generation total 13696K, used 2892K [0x00000000ff2a0000, 0x0000000100000000, 0x0000000100000000)
 Metaspace       used 4508K, capacity 4794K, committed 4992K, reserved 1056768K
  class space    used 495K, capacity 533K, committed 640K, reserved 1048576K
}
{Heap before GC invocations=65 (full 9):
 par new generation   total 6144K, used 5229K [0x00000000fec00000, 0x00000000ff2a0000, 0x00000000ff2a0000)
  eden space 5504K,  95% used [0x00000000fec00000, 0x00000000ff11b7b8, 0x00000000ff160000)
  from space 640K,   0% used [0x00000000ff200000, 0x00000000ff200000, 0x00000000ff2a0000)
  to   space 640K,   0% used [0x00000000ff160000, 0x00000000ff160000, 0x00000000ff200000)
 concurrent mark-sweep generation total 13696K, used 2892K [0x00000000ff2a0000, 0x0000000100000000, 0x0000000100000000)
 Metaspace       used 4508K, capacity 4794K, committed 4992K, reserved 1056768K
  class space    used 495K, capacity 533K, committed 640K, reserved 1048576K
2024-07-16T17:10:13.938+0800: 0.606: [GC (Allocation Failure) 2024-07-16T17:10:13.938+0800: 0.606: [ParNew: 5229K->8K(6144K), 0.0004060 secs] 8122K->3927K(19840K), 0.0004512 secs] [Times: user=0.00 sys=0.00, real=0.00 secs] 
Heap after GC invocations=66 (full 9):
 par new generation   total 6144K, used 8K [0x00000000fec00000, 0x00000000ff2a0000, 0x00000000ff2a0000)
  eden space 5504K,   0% used [0x00000000fec00000, 0x00000000fec00000, 0x00000000ff160000)
  from space 640K,   1% used [0x00000000ff160000, 0x00000000ff162040, 0x00000000ff200000)
  to   space 640K,   0% used [0x00000000ff200000, 0x00000000ff200000, 0x00000000ff2a0000)
 concurrent mark-sweep generation total 13696K, used 3919K [0x00000000ff2a0000, 0x0000000100000000, 0x0000000100000000)
 Metaspace       used 4508K, capacity 4794K, committed 4992K, reserved 1056768K
  class space    used 495K, capacity 533K, committed 640K, reserved 1048576K
}
{Heap before GC invocations=66 (full 9):
 par new generation   total 6144K, used 5238K [0x00000000fec00000, 0x00000000ff2a0000, 0x00000000ff2a0000)
  eden space 5504K,  95% used [0x00000000fec00000, 0x00000000ff11b7c8, 0x00000000ff160000)
  from space 640K,   1% used [0x00000000ff160000, 0x00000000ff162040, 0x00000000ff200000)
  to   space 640K,   0% used [0x00000000ff200000, 0x00000000ff200000, 0x00000000ff2a0000)
 concurrent mark-sweep generation total 13696K, used 3919K [0x00000000ff2a0000, 0x0000000100000000, 0x0000000100000000)
 Metaspace       used 4508K, capacity 4794K, committed 4992K, reserved 1056768K
  class space    used 495K, capacity 533K, committed 640K, reserved 1048576K
2024-07-16T17:10:13.946+0800: 0.614: [GC (Allocation Failure) 2024-07-16T17:10:13.946+0800: 0.614: [ParNew: 5238K->4K(6144K), 0.0002667 secs] 9157K->3923K(19840K), 0.0003054 secs] [Times: user=0.00 sys=0.00, real=0.00 secs] 
Heap after GC invocations=67 (full 9):
 par new generation   total 6144K, used 4K [0x00000000fec00000, 0x00000000ff2a0000, 0x00000000ff2a0000)
  eden space 5504K,   0% used [0x00000000fec00000, 0x00000000fec00000, 0x00000000ff160000)
  from space 640K,   0% used [0x00000000ff200000, 0x00000000ff201020, 0x00000000ff2a0000)
  to   space 640K,   0% used [0x00000000ff160000, 0x00000000ff160000, 0x00000000ff200000)
 concurrent mark-sweep generation total 13696K, used 3919K [0x00000000ff2a0000, 0x0000000100000000, 0x0000000100000000)
 Metaspace       used 4508K, capacity 4794K, committed 4992K, reserved 1056768K
  class space    used 495K, capacity 533K, committed 640K, reserved 1048576K
}
{Heap before GC invocations=67 (full 9):
 par new generation   total 6144K, used 5233K [0x00000000fec00000, 0x00000000ff2a0000, 0x00000000ff2a0000)
  eden space 5504K,  95% used [0x00000000fec00000, 0x00000000ff11b7d8, 0x00000000ff160000)
  from space 640K,   0% used [0x00000000ff200000, 0x00000000ff201020, 0x00000000ff2a0000)
  to   space 640K,   0% used [0x00000000ff160000, 0x00000000ff160000, 0x00000000ff200000)
 concurrent mark-sweep generation total 13696K, used 3919K [0x00000000ff2a0000, 0x0000000100000000, 0x0000000100000000)
 Metaspace       used 4508K, capacity 4794K, committed 4992K, reserved 1056768K
  class space    used 495K, capacity 533K, committed 640K, reserved 1048576K
2024-07-16T17:10:13.954+0800: 0.622: [GC (Allocation Failure) 2024-07-16T17:10:13.954+0800: 0.622: [ParNew: 5233K->2K(6144K), 0.0002953 secs] 9153K->3921K(19840K), 0.0003344 secs] [Times: user=0.00 sys=0.00, real=0.00 secs] 
Heap after GC invocations=68 (full 9):
 par new generation   total 6144K, used 2K [0x00000000fec00000, 0x00000000ff2a0000, 0x00000000ff2a0000)
  eden space 5504K,   0% used [0x00000000fec00000, 0x00000000fec00000, 0x00000000ff160000)
  from space 640K,   0% used [0x00000000ff160000, 0x00000000ff160810, 0x00000000ff200000)
  to   space 640K,   0% used [0x00000000ff200000, 0x00000000ff200000, 0x00000000ff2a0000)
 concurrent mark-sweep generation total 13696K, used 3919K [0x00000000ff2a0000, 0x0000000100000000, 0x0000000100000000)
 Metaspace       used 4508K, capacity 4794K, committed 4992K, reserved 1056768K
  class space    used 495K, capacity 533K, committed 640K, reserved 1048576K
}
{Heap before GC invocations=68 (full 9):
 par new generation   total 6144K, used 5231K [0x00000000fec00000, 0x00000000ff2a0000, 0x00000000ff2a0000)
  eden space 5504K,  95% used [0x00000000fec00000, 0x00000000ff11b7e0, 0x00000000ff160000)
  from space 640K,   0% used [0x00000000ff160000, 0x00000000ff160810, 0x00000000ff200000)
  to   space 640K,   0% used [0x00000000ff200000, 0x00000000ff200000, 0x00000000ff2a0000)
 concurrent mark-sweep generation total 13696K, used 3919K [0x00000000ff2a0000, 0x0000000100000000, 0x0000000100000000)
 Metaspace       used 4508K, capacity 4794K, committed 4992K, reserved 1056768K
  class space    used 495K, capacity 533K, committed 640K, reserved 1048576K
2024-07-16T17:10:13.963+0800: 0.631: [GC (Allocation Failure) 2024-07-16T17:10:13.963+0800: 0.631: [ParNew: 5231K->6K(6144K), 0.0003863 secs] 9151K->4951K(19840K), 0.0004276 secs] [Times: user=0.00 sys=0.00, real=0.00 secs] 
Heap after GC invocations=69 (full 9):
 par new generation   total 6144K, used 6K [0x00000000fec00000, 0x00000000ff2a0000, 0x00000000ff2a0000)
  eden space 5504K,   0% used [0x00000000fec00000, 0x00000000fec00000, 0x00000000ff160000)
  from space 640K,   0% used [0x00000000ff200000, 0x00000000ff201830, 0x00000000ff2a0000)
  to   space 640K,   0% used [0x00000000ff160000, 0x00000000ff160000, 0x00000000ff200000)
 concurrent mark-sweep generation total 13696K, used 4945K [0x00000000ff2a0000, 0x0000000100000000, 0x0000000100000000)
 Metaspace       used 4508K, capacity 4794K, committed 4992K, reserved 1056768K
  class space    used 495K, capacity 533K, committed 640K, reserved 1048576K
}
{Heap before GC invocations=69 (full 9):
 par new generation   total 6144K, used 5236K [0x00000000fec00000, 0x00000000ff2a0000, 0x00000000ff2a0000)
  eden space 5504K,  95% used [0x00000000fec00000, 0x00000000ff11b7e8, 0x00000000ff160000)
  from space 640K,   0% used [0x00000000ff200000, 0x00000000ff201830, 0x00000000ff2a0000)
  to   space 640K,   0% used [0x00000000ff160000, 0x00000000ff160000, 0x00000000ff200000)
 concurrent mark-sweep generation total 13696K, used 4945K [0x00000000ff2a0000, 0x0000000100000000, 0x0000000100000000)
 Metaspace       used 4508K, capacity 4794K, committed 4992K, reserved 1056768K
  class space    used 495K, capacity 533K, committed 640K, reserved 1048576K
2024-07-16T17:10:13.969+0800: 0.637: [GC (Allocation Failure) 2024-07-16T17:10:13.969+0800: 0.637: [ParNew: 5236K->8K(6144K), 0.0003620 secs] 10181K->5979K(19840K), 0.0004000 secs] [Times: user=0.00 sys=0.00, real=0.00 secs] 
Heap after GC invocations=70 (full 9):
 par new generation   total 6144K, used 8K [0x00000000fec00000, 0x00000000ff2a0000, 0x00000000ff2a0000)
  eden space 5504K,   0% used [0x00000000fec00000, 0x00000000fec00000, 0x00000000ff160000)
  from space 640K,   1% used [0x00000000ff160000, 0x00000000ff162040, 0x00000000ff200000)
  to   space 640K,   0% used [0x00000000ff200000, 0x00000000ff200000, 0x00000000ff2a0000)
 concurrent mark-sweep generation total 13696K, used 5971K [0x00000000ff2a0000, 0x0000000100000000, 0x0000000100000000)
 Metaspace       used 4508K, capacity 4794K, committed 4992K, reserved 1056768K
  class space    used 495K, capacity 533K, committed 640K, reserved 1048576K
}
{Heap before GC invocations=70 (full 9):
 par new generation   total 6144K, used 5238K [0x00000000fec00000, 0x00000000ff2a0000, 0x00000000ff2a0000)
  eden space 5504K,  95% used [0x00000000fec00000, 0x00000000ff11b7e8, 0x00000000ff160000)
  from space 640K,   1% used [0x00000000ff160000, 0x00000000ff162040, 0x00000000ff200000)
  to   space 640K,   0% used [0x00000000ff200000, 0x00000000ff200000, 0x00000000ff2a0000)
 concurrent mark-sweep generation total 13696K, used 5971K [0x00000000ff2a0000, 0x0000000100000000, 0x0000000100000000)
 Metaspace       used 4508K, capacity 4794K, committed 4992K, reserved 1056768K
  class space    used 495K, capacity 533K, committed 640K, reserved 1048576K
2024-07-16T17:10:13.976+0800: 0.644: [GC (Allocation Failure) 2024-07-16T17:10:13.976+0800: 0.644: [ParNew: 5238K->4K(6144K), 0.0002933 secs] 11209K->5975K(19840K), 0.0003316 secs] [Times: user=0.00 sys=0.00, real=0.00 secs] 
Heap after GC invocations=71 (full 9):
 par new generation   total 6144K, used 4K [0x00000000fec00000, 0x00000000ff2a0000, 0x00000000ff2a0000)
  eden space 5504K,   0% used [0x00000000fec00000, 0x00000000fec00000, 0x00000000ff160000)
  from space 640K,   0% used [0x00000000ff200000, 0x00000000ff201020, 0x00000000ff2a0000)
  to   space 640K,   0% used [0x00000000ff160000, 0x00000000ff160000, 0x00000000ff200000)
 concurrent mark-sweep generation total 13696K, used 5971K [0x00000000ff2a0000, 0x0000000100000000, 0x0000000100000000)
 Metaspace       used 4508K, capacity 4794K, committed 4992K, reserved 1056768K
  class space    used 495K, capacity 533K, committed 640K, reserved 1048576K
}
{Heap before GC invocations=71 (full 9):
 par new generation   total 6144K, used 5234K [0x00000000fec00000, 0x00000000ff2a0000, 0x00000000ff2a0000)
  eden space 5504K,  95% used [0x00000000fec00000, 0x00000000ff11b7f0, 0x00000000ff160000)
  from space 640K,   0% used [0x00000000ff200000, 0x00000000ff201020, 0x00000000ff2a0000)
  to   space 640K,   0% used [0x00000000ff160000, 0x00000000ff160000, 0x00000000ff200000)
 concurrent mark-sweep generation total 13696K, used 5971K [0x00000000ff2a0000, 0x0000000100000000, 0x0000000100000000)
 Metaspace       used 4508K, capacity 4794K, committed 4992K, reserved 1056768K
  class space    used 495K, capacity 533K, committed 640K, reserved 1048576K
2024-07-16T17:10:13.982+0800: 0.650: [GC (Allocation Failure) 2024-07-16T17:10:13.982+0800: 0.650: [ParNew: 5234K->2K(6144K), 0.0002732 secs] 11205K->5973K(19840K), 0.0003124 secs] [Times: user=0.00 sys=0.00, real=0.00 secs] 
Heap after GC invocations=72 (full 9):
 par new generation   total 6144K, used 2K [0x00000000fec00000, 0x00000000ff2a0000, 0x00000000ff2a0000)
  eden space 5504K,   0% used [0x00000000fec00000, 0x00000000fec00000, 0x00000000ff160000)
  from space 640K,   0% used [0x00000000ff160000, 0x00000000ff160810, 0x00000000ff200000)
  to   space 640K,   0% used [0x00000000ff200000, 0x00000000ff200000, 0x00000000ff2a0000)
 concurrent mark-sweep generation total 13696K, used 5971K [0x00000000ff2a0000, 0x0000000100000000, 0x0000000100000000)
 Metaspace       used 4508K, capacity 4794K, committed 4992K, reserved 1056768K
  class space    used 495K, capacity 533K, committed 640K, reserved 1048576K
}
{Heap before GC invocations=72 (full 9):
 par new generation   total 6144K, used 5232K [0x00000000fec00000, 0x00000000ff2a0000, 0x00000000ff2a0000)
  eden space 5504K,  95% used [0x00000000fec00000, 0x00000000ff11b7f0, 0x00000000ff160000)
  from space 640K,   0% used [0x00000000ff160000, 0x00000000ff160810, 0x00000000ff200000)
  to   space 640K,   0% used [0x00000000ff200000, 0x00000000ff200000, 0x00000000ff2a0000)
 concurrent mark-sweep generation total 13696K, used 5971K [0x00000000ff2a0000, 0x0000000100000000, 0x0000000100000000)
 Metaspace       used 4508K, capacity 4794K, committed 4992K, reserved 1056768K
  class space    used 495K, capacity 533K, committed 640K, reserved 1048576K
2024-07-16T17:10:13.990+0800: 0.658: [GC (Allocation Failure) 2024-07-16T17:10:13.990+0800: 0.658: [ParNew: 5232K->4K(6144K), 0.0003148 secs] 11203K->5975K(19840K), 0.0003571 secs] [Times: user=0.00 sys=0.00, real=0.00 secs] 
Heap after GC invocations=73 (full 9):
 par new generation   total 6144K, used 4K [0x00000000fec00000, 0x00000000ff2a0000, 0x00000000ff2a0000)
  eden space 5504K,   0% used [0x00000000fec00000, 0x00000000fec00000, 0x00000000ff160000)
  from space 640K,   0% used [0x00000000ff200000, 0x00000000ff201020, 0x00000000ff2a0000)
  to   space 640K,   0% used [0x00000000ff160000, 0x00000000ff160000, 0x00000000ff200000)
 concurrent mark-sweep generation total 13696K, used 5971K [0x00000000ff2a0000, 0x0000000100000000, 0x0000000100000000)
 Metaspace       used 4508K, capacity 4794K, committed 4992K, reserved 1056768K
  class space    used 495K, capacity 533K, committed 640K, reserved 1048576K
}
{Heap before GC invocations=73 (full 9):
 par new generation   total 6144K, used 5234K [0x00000000fec00000, 0x00000000ff2a0000, 0x00000000ff2a0000)
  eden space 5504K,  95% used [0x00000000fec00000, 0x00000000ff11b7f0, 0x00000000ff160000)
  from space 640K,   0% used [0x00000000ff200000, 0x00000000ff201020, 0x00000000ff2a0000)
  to   space 640K,   0% used [0x00000000ff160000, 0x00000000ff160000, 0x00000000ff200000)
 concurrent mark-sweep generation total 13696K, used 5971K [0x00000000ff2a0000, 0x0000000100000000, 0x0000000100000000)
 Metaspace       used 4508K, capacity 4794K, committed 4992K, reserved 1056768K
  class space    used 495K, capacity 533K, committed 640K, reserved 1048576K
2024-07-16T17:10:13.997+0800: 0.665: [GC (Allocation Failure) 2024-07-16T17:10:13.997+0800: 0.665: [ParNew: 5234K->4K(6144K), 0.0003705 secs] 11205K->6999K(19840K), 0.0004112 secs] [Times: user=0.00 sys=0.00, real=0.00 secs] 
Heap after GC invocations=74 (full 9):
 par new generation   total 6144K, used 4K [0x00000000fec00000, 0x00000000ff2a0000, 0x00000000ff2a0000)
  eden space 5504K,   0% used [0x00000000fec00000, 0x00000000fec00000, 0x00000000ff160000)
  from space 640K,   0% used [0x00000000ff160000, 0x00000000ff161020, 0x00000000ff200000)
  to   space 640K,   0% used [0x00000000ff200000, 0x00000000ff200000, 0x00000000ff2a0000)
 concurrent mark-sweep generation total 13696K, used 6995K [0x00000000ff2a0000, 0x0000000100000000, 0x0000000100000000)
 Metaspace       used 4508K, capacity 4794K, committed 4992K, reserved 1056768K
  class space    used 495K, capacity 533K, committed 640K, reserved 1048576K
}
{Heap before GC invocations=74 (full 9):
 par new generation   total 6144K, used 5234K [0x00000000fec00000, 0x00000000ff2a0000, 0x00000000ff2a0000)
  eden space 5504K,  95% used [0x00000000fec00000, 0x00000000ff11b7f0, 0x00000000ff160000)
  from space 640K,   0% used [0x00000000ff160000, 0x00000000ff161020, 0x00000000ff200000)
  to   space 640K,   0% used [0x00000000ff200000, 0x00000000ff200000, 0x00000000ff2a0000)
 concurrent mark-sweep generation total 13696K, used 6995K [0x00000000ff2a0000, 0x0000000100000000, 0x0000000100000000)
 Metaspace       used 4508K, capacity 4794K, committed 4992K, reserved 1056768K
  class space    used 495K, capacity 533K, committed 640K, reserved 1048576K
2024-07-16T17:10:14.005+0800: 0.673: [GC (Allocation Failure) 2024-07-16T17:10:14.005+0800: 0.673: [ParNew: 5234K->6K(6144K), 0.0005085 secs] 12229K->8025K(19840K), 0.0005483 secs] [Times: user=0.00 sys=0.00, real=0.00 secs] 
Heap after GC invocations=75 (full 9):
 par new generation   total 6144K, used 6K [0x00000000fec00000, 0x00000000ff2a0000, 0x00000000ff2a0000)
  eden space 5504K,   0% used [0x00000000fec00000, 0x00000000fec00000, 0x00000000ff160000)
  from space 640K,   0% used [0x00000000ff200000, 0x00000000ff201830, 0x00000000ff2a0000)
  to   space 640K,   0% used [0x00000000ff160000, 0x00000000ff160000, 0x00000000ff200000)
 concurrent mark-sweep generation total 13696K, used 8019K [0x00000000ff2a0000, 0x0000000100000000, 0x0000000100000000)
 Metaspace       used 4508K, capacity 4794K, committed 4992K, reserved 1056768K
  class space    used 495K, capacity 533K, committed 640K, reserved 1048576K
}
{Heap before GC invocations=75 (full 9):
 par new generation   total 6144K, used 5236K [0x00000000fec00000, 0x00000000ff2a0000, 0x00000000ff2a0000)
  eden space 5504K,  95% used [0x00000000fec00000, 0x00000000ff11b7f0, 0x00000000ff160000)
  from space 640K,   0% used [0x00000000ff200000, 0x00000000ff201830, 0x00000000ff2a0000)
  to   space 640K,   0% used [0x00000000ff160000, 0x00000000ff160000, 0x00000000ff200000)
 concurrent mark-sweep generation total 13696K, used 8019K [0x00000000ff2a0000, 0x0000000100000000, 0x0000000100000000)
 Metaspace       used 4510K, capacity 4794K, committed 4992K, reserved 1056768K
  class space    used 495K, capacity 533K, committed 640K, reserved 1048576K
2024-07-16T17:10:14.011+0800: 0.679: [GC (Allocation Failure) 2024-07-16T17:10:14.011+0800: 0.679: [ParNew: 5236K->8K(6144K), 0.0003637 secs] 13255K->9053K(19840K), 0.0004079 secs] [Times: user=0.00 sys=0.00, real=0.00 secs] 
Heap after GC invocations=76 (full 9):
 par new generation   total 6144K, used 8K [0x00000000fec00000, 0x00000000ff2a0000, 0x00000000ff2a0000)
  eden space 5504K,   0% used [0x00000000fec00000, 0x00000000fec00000, 0x00000000ff160000)
  from space 640K,   1% used [0x00000000ff160000, 0x00000000ff1620d8, 0x00000000ff200000)
  to   space 640K,   0% used [0x00000000ff200000, 0x00000000ff200000, 0x00000000ff2a0000)
 concurrent mark-sweep generation total 13696K, used 9045K [0x00000000ff2a0000, 0x0000000100000000, 0x0000000100000000)
 Metaspace       used 4510K, capacity 4794K, committed 4992K, reserved 1056768K
  class space    used 495K, capacity 533K, committed 640K, reserved 1048576K
}
{Heap before GC invocations=76 (full 9):
 par new generation   total 6144K, used 5238K [0x00000000fec00000, 0x00000000ff2a0000, 0x00000000ff2a0000)
  eden space 5504K,  95% used [0x00000000fec00000, 0x00000000ff11b7f0, 0x00000000ff160000)
  from space 640K,   1% used [0x00000000ff160000, 0x00000000ff1620d8, 0x00000000ff200000)
  to   space 640K,   0% used [0x00000000ff200000, 0x00000000ff200000, 0x00000000ff2a0000)
 concurrent mark-sweep generation total 13696K, used 9045K [0x00000000ff2a0000, 0x0000000100000000, 0x0000000100000000)
 Metaspace       used 4510K, capacity 4794K, committed 4992K, reserved 1056768K
  class space    used 495K, capacity 533K, committed 640K, reserved 1048576K
2024-07-16T17:10:14.018+0800: 0.686: [GC (Allocation Failure) 2024-07-16T17:10:14.018+0800: 0.686: [ParNew: 5238K->8K(6144K), 0.0004332 secs] 14283K->10079K(19840K), 0.0005341 secs] [Times: user=0.00 sys=0.00, real=0.00 secs] 
Heap after GC invocations=77 (full 9):
 par new generation   total 6144K, used 8K [0x00000000fec00000, 0x00000000ff2a0000, 0x00000000ff2a0000)
  eden space 5504K,   0% used [0x00000000fec00000, 0x00000000fec00000, 0x00000000ff160000)
  from space 640K,   1% used [0x00000000ff200000, 0x00000000ff2020d8, 0x00000000ff2a0000)
  to   space 640K,   0% used [0x00000000ff160000, 0x00000000ff160000, 0x00000000ff200000)
 concurrent mark-sweep generation total 13696K, used 10071K [0x00000000ff2a0000, 0x0000000100000000, 0x0000000100000000)
 Metaspace       used 4510K, capacity 4794K, committed 4992K, reserved 1056768K
  class space    used 495K, capacity 533K, committed 640K, reserved 1048576K
}
{Heap before GC invocations=77 (full 9):
 par new generation   total 6144K, used 5238K [0x00000000fec00000, 0x00000000ff2a0000, 0x00000000ff2a0000)
  eden space 5504K,  95% used [0x00000000fec00000, 0x00000000ff11b800, 0x00000000ff160000)
  from space 640K,   1% used [0x00000000ff200000, 0x00000000ff2020d8, 0x00000000ff2a0000)
  to   space 640K,   0% used [0x00000000ff160000, 0x00000000ff160000, 0x00000000ff200000)
 concurrent mark-sweep generation total 13696K, used 10071K [0x00000000ff2a0000, 0x0000000100000000, 0x0000000100000000)
 Metaspace       used 4510K, capacity 4794K, committed 4992K, reserved 1056768K
  class space    used 495K, capacity 533K, committed 640K, reserved 1048576K
2024-07-16T17:10:14.027+0800: 0.695: [GC (Allocation Failure) 2024-07-16T17:10:14.027+0800: 0.695: [ParNew: 5238K->6K(6144K), 0.0003524 secs] 15309K->10077K(19840K), 0.0003853 secs] [Times: user=0.00 sys=0.00, real=0.00 secs] 
Heap after GC invocations=78 (full 9):
 par new generation   total 6144K, used 6K [0x00000000fec00000, 0x00000000ff2a0000, 0x00000000ff2a0000)
  eden space 5504K,   0% used [0x00000000fec00000, 0x00000000fec00000, 0x00000000ff160000)
  from space 640K,   0% used [0x00000000ff160000, 0x00000000ff1618c8, 0x00000000ff200000)
  to   space 640K,   0% used [0x00000000ff200000, 0x00000000ff200000, 0x00000000ff2a0000)
 concurrent mark-sweep generation total 13696K, used 10071K [0x00000000ff2a0000, 0x0000000100000000, 0x0000000100000000)
 Metaspace       used 4510K, capacity 4794K, committed 4992K, reserved 1056768K
  class space    used 495K, capacity 533K, committed 640K, reserved 1048576K
}
{Heap before GC invocations=78 (full 9):
 par new generation   total 6144K, used 5236K [0x00000000fec00000, 0x00000000ff2a0000, 0x00000000ff2a0000)
  eden space 5504K,  95% used [0x00000000fec00000, 0x00000000ff11b800, 0x00000000ff160000)
  from space 640K,   0% used [0x00000000ff160000, 0x00000000ff1618c8, 0x00000000ff200000)
  to   space 640K,   0% used [0x00000000ff200000, 0x00000000ff200000, 0x00000000ff2a0000)
 concurrent mark-sweep generation total 13696K, used 10071K [0x00000000ff2a0000, 0x0000000100000000, 0x0000000100000000)
 Metaspace       used 4510K, capacity 4794K, committed 4992K, reserved 1056768K
  class space    used 495K, capacity 533K, committed 640K, reserved 1048576K
2024-07-16T17:10:14.034+0800: 0.702: [GC (Allocation Failure) 2024-07-16T17:10:14.034+0800: 0.702: [ParNew: 5236K->12K(6144K), 0.0004036 secs] 15307K->11107K(19840K), 0.0004424 secs] [Times: user=0.00 sys=0.00, real=0.00 secs] 
Heap after GC invocations=79 (full 9):
 par new generation   total 6144K, used 12K [0x00000000fec00000, 0x00000000ff2a0000, 0x00000000ff2a0000)
  eden space 5504K,   0% used [0x00000000fec00000, 0x00000000fec00000, 0x00000000ff160000)
  from space 640K,   1% used [0x00000000ff200000, 0x00000000ff2030f8, 0x00000000ff2a0000)
  to   space 640K,   0% used [0x00000000ff160000, 0x00000000ff160000, 0x00000000ff200000)
 concurrent mark-sweep generation total 13696K, used 11095K [0x00000000ff2a0000, 0x0000000100000000, 0x0000000100000000)
 Metaspace       used 4510K, capacity 4794K, committed 4992K, reserved 1056768K
  class space    used 495K, capacity 533K, committed 640K, reserved 1048576K
}
{Heap before GC invocations=79 (full 9):
 par new generation   total 6144K, used 5242K [0x00000000fec00000, 0x00000000ff2a0000, 0x00000000ff2a0000)
  eden space 5504K,  95% used [0x00000000fec00000, 0x00000000ff11b7f8, 0x00000000ff160000)
  from space 640K,   1% used [0x00000000ff200000, 0x00000000ff2030f8, 0x00000000ff2a0000)
  to   space 640K,   0% used [0x00000000ff160000, 0x00000000ff160000, 0x00000000ff200000)
 concurrent mark-sweep generation total 13696K, used 11095K [0x00000000ff2a0000, 0x0000000100000000, 0x0000000100000000)
 Metaspace       used 4522K, capacity 4794K, committed 4992K, reserved 1056768K
  class space    used 495K, capacity 533K, committed 640K, reserved 1048576K
2024-07-16T17:10:14.042+0800: 0.710: [GC (Allocation Failure) 2024-07-16T17:10:14.042+0800: 0.710: [ParNew: 5242K->8K(6144K), 0.0003866 secs] 16337K->12127K(19840K), 0.0004906 secs] [Times: user=0.00 sys=0.00, real=0.00 secs] 
Heap after GC invocations=80 (full 9):
 par new generation   total 6144K, used 8K [0x00000000fec00000, 0x00000000ff2a0000, 0x00000000ff2a0000)
  eden space 5504K,   0% used [0x00000000fec00000, 0x00000000fec00000, 0x00000000ff160000)
  from space 640K,   1% used [0x00000000ff160000, 0x00000000ff1620d8, 0x00000000ff200000)
  to   space 640K,   0% used [0x00000000ff200000, 0x00000000ff200000, 0x00000000ff2a0000)
 concurrent mark-sweep generation total 13696K, used 12119K [0x00000000ff2a0000, 0x0000000100000000, 0x0000000100000000)
 Metaspace       used 4522K, capacity 4794K, committed 4992K, reserved 1056768K
  class space    used 495K, capacity 533K, committed 640K, reserved 1048576K
}
2024-07-16T17:10:14.042+0800: 0.711: [GC (CMS Initial Mark) [1 CMS-initial-mark: 12119K(13696K)] 13153K(19840K), 0.0001206 secs] [Times: user=0.00 sys=0.00, real=0.00 secs] 
2024-07-16T17:10:14.042+0800: 0.711: [CMS-concurrent-mark-start]
2024-07-16T17:10:14.043+0800: 0.712: [CMS-concurrent-mark: 0.001/0.001 secs] [Times: user=0.00 sys=0.00, real=0.00 secs] 
2024-07-16T17:10:14.043+0800: 0.712: [CMS-concurrent-preclean-start]
2024-07-16T17:10:14.043+0800: 0.712: [CMS-concurrent-preclean: 0.000/0.000 secs] [Times: user=0.00 sys=0.00, real=0.00 secs] 
2024-07-16T17:10:14.044+0800: 0.712: [GC (CMS Final Remark) [YG occupancy: 1142 K (6144 K)]{Heap before GC invocations=80 (full 10):
 par new generation   total 6144K, used 1142K [0x00000000fec00000, 0x00000000ff2a0000, 0x00000000ff2a0000)
  eden space 5504K,  20% used [0x00000000fec00000, 0x00000000fed1b740, 0x00000000ff160000)
  from space 640K,   1% used [0x00000000ff160000, 0x00000000ff1620d8, 0x00000000ff200000)
  to   space 640K,   0% used [0x00000000ff200000, 0x00000000ff200000, 0x00000000ff2a0000)
 concurrent mark-sweep generation total 13696K, used 12119K [0x00000000ff2a0000, 0x0000000100000000, 0x0000000100000000)
 Metaspace       used 4522K, capacity 4794K, committed 4992K, reserved 1056768K
  class space    used 495K, capacity 533K, committed 640K, reserved 1048576K
2024-07-16T17:10:14.044+0800: 0.712: [GC (CMS Final Remark) 2024-07-16T17:10:14.044+0800: 0.712: [ParNew: 1142K->12K(6144K), 0.0003081 secs] 13261K->13157K(19840K), 0.0003307 secs] [Times: user=0.00 sys=0.00, real=0.00 secs] 
Heap after GC invocations=81 (full 10):
 par new generation   total 6144K, used 12K [0x00000000fec00000, 0x00000000ff2a0000, 0x00000000ff2a0000)
  eden space 5504K,   0% used [0x00000000fec00000, 0x00000000fec00000, 0x00000000ff160000)
  from space 640K,   1% used [0x00000000ff200000, 0x00000000ff2030f8, 0x00000000ff2a0000)
  to   space 640K,   0% used [0x00000000ff160000, 0x00000000ff160000, 0x00000000ff200000)
 concurrent mark-sweep generation total 13696K, used 13145K [0x00000000ff2a0000, 0x0000000100000000, 0x0000000100000000)
 Metaspace       used 4522K, capacity 4794K, committed 4992K, reserved 1056768K
  class space    used 495K, capacity 533K, committed 640K, reserved 1048576K
}
2024-07-16T17:10:14.044+0800: 0.713: [Rescan (parallel) , 0.0002449 secs]2024-07-16T17:10:14.044+0800: 0.713: [weak refs processing, 0.0000105 secs]2024-07-16T17:10:14.044+0800: 0.713: [class unloading, 0.0002723 secs]2024-07-16T17:10:14.044+0800: 0.713: [scrub symbol table, 0.0003318 secs]2024-07-16T17:10:14.045+0800: 0.713: [scrub string table, 0.0000691 secs][1 CMS-remark: 13145K(13696K)] 13157K(19840K), 0.0013536 secs] [Times: user=0.00 sys=0.00, real=0.00 secs] 
2024-07-16T17:10:14.045+0800: 0.714: [CMS-concurrent-sweep-start]
2024-07-16T17:10:14.045+0800: 0.714: [CMS-concurrent-sweep: 0.000/0.000 secs] [Times: user=0.00 sys=0.00, real=0.00 secs] 
2024-07-16T17:10:14.045+0800: 0.714: [CMS-concurrent-reset-start]
2024-07-16T17:10:14.045+0800: 0.714: [CMS-concurrent-reset: 0.000/0.000 secs] [Times: user=0.00 sys=0.00, real=0.00 secs] 
{Heap before GC invocations=81 (full 10):
 par new generation   total 6144K, used 5242K [0x00000000fec00000, 0x00000000ff2a0000, 0x00000000ff2a0000)
  eden space 5504K,  95% used [0x00000000fec00000, 0x00000000ff11b780, 0x00000000ff160000)
  from space 640K,   1% used [0x00000000ff200000, 0x00000000ff2030f8, 0x00000000ff2a0000)
  to   space 640K,   0% used [0x00000000ff160000, 0x00000000ff160000, 0x00000000ff200000)
 concurrent mark-sweep generation total 13696K, used 2903K [0x00000000ff2a0000, 0x0000000100000000, 0x0000000100000000)
 Metaspace       used 4522K, capacity 4794K, committed 4992K, reserved 1056768K
  class space    used 495K, capacity 533K, committed 640K, reserved 1048576K
2024-07-16T17:10:14.053+0800: 0.721: [GC (Allocation Failure) 2024-07-16T17:10:14.053+0800: 0.721: [ParNew: 5242K->8K(6144K), 0.0004564 secs] 8145K->3937K(19840K), 0.0005186 secs] [Times: user=0.00 sys=0.00, real=0.00 secs] 
Heap after GC invocations=82 (full 10):
 par new generation   total 6144K, used 8K [0x00000000fec00000, 0x00000000ff2a0000, 0x00000000ff2a0000)
  eden space 5504K,   0% used [0x00000000fec00000, 0x00000000fec00000, 0x00000000ff160000)
  from space 640K,   1% used [0x00000000ff160000, 0x00000000ff162040, 0x00000000ff200000)
  to   space 640K,   0% used [0x00000000ff200000, 0x00000000ff200000, 0x00000000ff2a0000)
 concurrent mark-sweep generation total 13696K, used 3929K [0x00000000ff2a0000, 0x0000000100000000, 0x0000000100000000)
 Metaspace       used 4522K, capacity 4794K, committed 4992K, reserved 1056768K
  class space    used 495K, capacity 533K, committed 640K, reserved 1048576K
}
{Heap before GC invocations=82 (full 10):
 par new generation   total 6144K, used 5230K [0x00000000fec00000, 0x00000000ff2a0000, 0x00000000ff2a0000)
  eden space 5504K,  94% used [0x00000000fec00000, 0x00000000ff119950, 0x00000000ff160000)
  from space 640K,   1% used [0x00000000ff160000, 0x00000000ff162040, 0x00000000ff200000)
  to   space 640K,   0% used [0x00000000ff200000, 0x00000000ff200000, 0x00000000ff2a0000)
 concurrent mark-sweep generation total 13696K, used 3929K [0x00000000ff2a0000, 0x0000000100000000, 0x0000000100000000)
 Metaspace       used 4522K, capacity 4794K, committed 4992K, reserved 1056768K
  class space    used 495K, capacity 533K, committed 640K, reserved 1048576K
2024-07-16T17:10:14.061+0800: 0.729: [GC (Allocation Failure) 2024-07-16T17:10:14.061+0800: 0.729: [ParNew: 5230K->10K(6144K), 0.0003736 secs] 9160K->4963K(19840K), 0.0004369 secs] [Times: user=0.00 sys=0.00, real=0.00 secs] 
Heap after GC invocations=83 (full 10):
 par new generation   total 6144K, used 10K [0x00000000fec00000, 0x00000000ff2a0000, 0x00000000ff2a0000)
  eden space 5504K,   0% used [0x00000000fec00000, 0x00000000fec00000, 0x00000000ff160000)
  from space 640K,   1% used [0x00000000ff200000, 0x00000000ff202850, 0x00000000ff2a0000)
  to   space 640K,   0% used [0x00000000ff160000, 0x00000000ff160000, 0x00000000ff200000)
 concurrent mark-sweep generation total 13696K, used 4953K [0x00000000ff2a0000, 0x0000000100000000, 0x0000000100000000)
 Metaspace       used 4522K, capacity 4794K, committed 4992K, reserved 1056768K
  class space    used 495K, capacity 533K, committed 640K, reserved 1048576K
}
{Heap before GC invocations=83 (full 10):
 par new generation   total 6144K, used 5235K [0x00000000fec00000, 0x00000000ff2a0000, 0x00000000ff2a0000)
  eden space 5504K,  94% used [0x00000000fec00000, 0x00000000ff11a718, 0x00000000ff160000)
  from space 640K,   1% used [0x00000000ff200000, 0x00000000ff202850, 0x00000000ff2a0000)
  to   space 640K,   0% used [0x00000000ff160000, 0x00000000ff160000, 0x00000000ff200000)
 concurrent mark-sweep generation total 13696K, used 4953K [0x00000000ff2a0000, 0x0000000100000000, 0x0000000100000000)
 Metaspace       used 4522K, capacity 4794K, committed 4992K, reserved 1056768K
  class space    used 495K, capacity 533K, committed 640K, reserved 1048576K
2024-07-16T17:10:14.068+0800: 0.736: [GC (Allocation Failure) 2024-07-16T17:10:14.068+0800: 0.736: [ParNew: 5235K->10K(6144K), 0.0005622 secs] 10189K->5987K(19840K), 0.0006295 secs] [Times: user=0.00 sys=0.00, real=0.00 secs] 
Heap after GC invocations=84 (full 10):
 par new generation   total 6144K, used 10K [0x00000000fec00000, 0x00000000ff2a0000, 0x00000000ff2a0000)
  eden space 5504K,   0% used [0x00000000fec00000, 0x00000000fec00000, 0x00000000ff160000)
  from space 640K,   1% used [0x00000000ff160000, 0x00000000ff162850, 0x00000000ff200000)
  to   space 640K,   0% used [0x00000000ff200000, 0x00000000ff200000, 0x00000000ff2a0000)
 concurrent mark-sweep generation total 13696K, used 5977K [0x00000000ff2a0000, 0x0000000100000000, 0x0000000100000000)
 Metaspace       used 4522K, capacity 4794K, committed 4992K, reserved 1056768K
  class space    used 495K, capacity 533K, committed 640K, reserved 1048576K
}
{Heap before GC invocations=84 (full 10):
 par new generation   total 6144K, used 5237K [0x00000000fec00000, 0x00000000ff2a0000, 0x00000000ff2a0000)
  eden space 5504K,  94% used [0x00000000fec00000, 0x00000000ff11acf0, 0x00000000ff160000)
  from space 640K,   1% used [0x00000000ff160000, 0x00000000ff162850, 0x00000000ff200000)
  to   space 640K,   0% used [0x00000000ff200000, 0x00000000ff200000, 0x00000000ff2a0000)
 concurrent mark-sweep generation total 13696K, used 5977K [0x00000000ff2a0000, 0x0000000100000000, 0x0000000100000000)
 Metaspace       used 4522K, capacity 4794K, committed 4992K, reserved 1056768K
  class space    used 495K, capacity 533K, committed 640K, reserved 1048576K
2024-07-16T17:10:14.075+0800: 0.743: [GC (Allocation Failure) 2024-07-16T17:10:14.075+0800: 0.743: [ParNew: 5237K->8K(6144K), 0.0004197 secs] 11215K->7009K(19840K), 0.0004897 secs] [Times: user=0.00 sys=0.00, real=0.00 secs] 
Heap after GC invocations=85 (full 10):
 par new generation   total 6144K, used 8K [0x00000000fec00000, 0x00000000ff2a0000, 0x00000000ff2a0000)
  eden space 5504K,   0% used [0x00000000fec00000, 0x00000000fec00000, 0x00000000ff160000)
  from space 640K,   1% used [0x00000000ff200000, 0x00000000ff202040, 0x00000000ff2a0000)
  to   space 640K,   0% used [0x00000000ff160000, 0x00000000ff160000, 0x00000000ff200000)
 concurrent mark-sweep generation total 13696K, used 7001K [0x00000000ff2a0000, 0x0000000100000000, 0x0000000100000000)
 Metaspace       used 4522K, capacity 4794K, committed 4992K, reserved 1056768K
  class space    used 495K, capacity 533K, committed 640K, reserved 1048576K
}
{Heap before GC invocations=85 (full 10):
 par new generation   total 6144K, used 5236K [0x00000000fec00000, 0x00000000ff2a0000, 0x00000000ff2a0000)
  eden space 5504K,  94% used [0x00000000fec00000, 0x00000000ff11b0b8, 0x00000000ff160000)
  from space 640K,   1% used [0x00000000ff200000, 0x00000000ff202040, 0x00000000ff2a0000)
  to   space 640K,   0% used [0x00000000ff160000, 0x00000000ff160000, 0x00000000ff200000)
 concurrent mark-sweep generation total 13696K, used 7001K [0x00000000ff2a0000, 0x0000000100000000, 0x0000000100000000)
 Metaspace       used 4522K, capacity 4794K, committed 4992K, reserved 1056768K
  class space    used 495K, capacity 533K, committed 640K, reserved 1048576K
2024-07-16T17:10:14.082+0800: 0.750: [GC (Allocation Failure) 2024-07-16T17:10:14.082+0800: 0.750: [ParNew: 5236K->6K(6144K), 0.0004860 secs] 12238K->8033K(19840K), 0.0005592 secs] [Times: user=0.00 sys=0.00, real=0.00 secs] 
Heap after GC invocations=86 (full 10):
 par new generation   total 6144K, used 6K [0x00000000fec00000, 0x00000000ff2a0000, 0x00000000ff2a0000)
  eden space 5504K,   0% used [0x00000000fec00000, 0x00000000fec00000, 0x00000000ff160000)
  from space 640K,   0% used [0x00000000ff160000, 0x00000000ff161830, 0x00000000ff200000)
  to   space 640K,   0% used [0x00000000ff200000, 0x00000000ff200000, 0x00000000ff2a0000)
 concurrent mark-sweep generation total 13696K, used 8027K [0x00000000ff2a0000, 0x0000000100000000, 0x0000000100000000)
 Metaspace       used 4522K, capacity 4794K, committed 4992K, reserved 1056768K
  class space    used 495K, capacity 533K, committed 640K, reserved 1048576K
}
{Heap before GC invocations=86 (full 10):
 par new generation   total 6144K, used 5234K [0x00000000fec00000, 0x00000000ff2a0000, 0x00000000ff2a0000)
  eden space 5504K,  94% used [0x00000000fec00000, 0x00000000ff11b320, 0x00000000ff160000)
  from space 640K,   0% used [0x00000000ff160000, 0x00000000ff161830, 0x00000000ff200000)
  to   space 640K,   0% used [0x00000000ff200000, 0x00000000ff200000, 0x00000000ff2a0000)
 concurrent mark-sweep generation total 13696K, used 8027K [0x00000000ff2a0000, 0x0000000100000000, 0x0000000100000000)
 Metaspace       used 4522K, capacity 4794K, committed 4992K, reserved 1056768K
  class space    used 495K, capacity 533K, committed 640K, reserved 1048576K
2024-07-16T17:10:14.090+0800: 0.758: [GC (Allocation Failure) 2024-07-16T17:10:14.090+0800: 0.758: [ParNew: 5234K->4K(6144K), 0.0004199 secs] 13262K->8031K(19840K), 0.0004755 secs] [Times: user=0.00 sys=0.00, real=0.00 secs] 
Heap after GC invocations=87 (full 10):
 par new generation   total 6144K, used 4K [0x00000000fec00000, 0x00000000ff2a0000, 0x00000000ff2a0000)
  eden space 5504K,   0% used [0x00000000fec00000, 0x00000000fec00000, 0x00000000ff160000)
  from space 640K,   0% used [0x00000000ff200000, 0x00000000ff201020, 0x00000000ff2a0000)
  to   space 640K,   0% used [0x00000000ff160000, 0x00000000ff160000, 0x00000000ff200000)
 concurrent mark-sweep generation total 13696K, used 8027K [0x00000000ff2a0000, 0x0000000100000000, 0x0000000100000000)
 Metaspace       used 4522K, capacity 4794K, committed 4992K, reserved 1056768K
  class space    used 495K, capacity 533K, committed 640K, reserved 1048576K
}
{Heap before GC invocations=87 (full 10):
 par new generation   total 6144K, used 5233K [0x00000000fec00000, 0x00000000ff2a0000, 0x00000000ff2a0000)
  eden space 5504K,  95% used [0x00000000fec00000, 0x00000000ff11b4b0, 0x00000000ff160000)
  from space 640K,   0% used [0x00000000ff200000, 0x00000000ff201020, 0x00000000ff2a0000)
  to   space 640K,   0% used [0x00000000ff160000, 0x00000000ff160000, 0x00000000ff200000)
 concurrent mark-sweep generation total 13696K, used 8027K [0x00000000ff2a0000, 0x0000000100000000, 0x0000000100000000)
 Metaspace       used 4522K, capacity 4794K, committed 4992K, reserved 1056768K
  class space    used 495K, capacity 533K, committed 640K, reserved 1048576K
2024-07-16T17:10:14.098+0800: 0.766: [GC (Allocation Failure) 2024-07-16T17:10:14.098+0800: 0.766: [ParNew: 5233K->6K(6144K), 0.0005157 secs] 13261K->10083K(19840K), 0.0005550 secs] [Times: user=0.00 sys=0.00, real=0.00 secs] 
Heap after GC invocations=88 (full 10):
 par new generation   total 6144K, used 6K [0x00000000fec00000, 0x00000000ff2a0000, 0x00000000ff2a0000)
  eden space 5504K,   0% used [0x00000000fec00000, 0x00000000fec00000, 0x00000000ff160000)
  from space 640K,   0% used [0x00000000ff160000, 0x00000000ff161830, 0x00000000ff200000)
  to   space 640K,   0% used [0x00000000ff200000, 0x00000000ff200000, 0x00000000ff2a0000)
 concurrent mark-sweep generation total 13696K, used 10077K [0x00000000ff2a0000, 0x0000000100000000, 0x0000000100000000)
 Metaspace       used 4522K, capacity 4794K, committed 4992K, reserved 1056768K
  class space    used 495K, capacity 533K, committed 640K, reserved 1048576K
}
2024-07-16T17:10:14.098+0800: 0.767: [GC (CMS Initial Mark) [1 CMS-initial-mark: 10077K(13696K)] 11110K(19840K), 0.0002760 secs] [Times: user=0.00 sys=0.00, real=0.00 secs] 
2024-07-16T17:10:14.099+0800: 0.767: [CMS-concurrent-mark-start]
2024-07-16T17:10:14.100+0800: 0.768: [CMS-concurrent-mark: 0.001/0.001 secs] [Times: user=0.00 sys=0.00, real=0.00 secs] 
2024-07-16T17:10:14.100+0800: 0.768: [CMS-concurrent-preclean-start]
2024-07-16T17:10:14.100+0800: 0.768: [CMS-concurrent-preclean: 0.000/0.000 secs] [Times: user=0.00 sys=0.00, real=0.00 secs] 
2024-07-16T17:10:14.100+0800: 0.768: [CMS-concurrent-abortable-preclean-start]
{Heap before GC invocations=88 (full 11):
 par new generation   total 6144K, used 5235K [0x00000000fec00000, 0x00000000ff2a0000, 0x00000000ff2a0000)
  eden space 5504K,  95% used [0x00000000fec00000, 0x00000000ff11b5b0, 0x00000000ff160000)
  from space 640K,   0% used [0x00000000ff160000, 0x00000000ff161830, 0x00000000ff200000)
  to   space 640K,   0% used [0x00000000ff200000, 0x00000000ff200000, 0x00000000ff2a0000)
 concurrent mark-sweep generation total 13696K, used 10077K [0x00000000ff2a0000, 0x0000000100000000, 0x0000000100000000)
 Metaspace       used 4522K, capacity 4794K, committed 4992K, reserved 1056768K
  class space    used 495K, capacity 533K, committed 640K, reserved 1048576K
2024-07-16T17:10:14.106+0800: 0.774: [GC (Allocation Failure) 2024-07-16T17:10:14.106+0800: 0.774: [ParNew: 5235K->6K(6144K), 0.0003433 secs] 15313K->11110K(19840K), 0.0003831 secs] [Times: user=0.00 sys=0.00, real=0.00 secs] 
Heap after GC invocations=89 (full 11):
 par new generation   total 6144K, used 6K [0x00000000fec00000, 0x00000000ff2a0000, 0x00000000ff2a0000)
  eden space 5504K,   0% used [0x00000000fec00000, 0x00000000fec00000, 0x00000000ff160000)
  from space 640K,   0% used [0x00000000ff200000, 0x00000000ff201830, 0x00000000ff2a0000)
  to   space 640K,   0% used [0x00000000ff160000, 0x00000000ff160000, 0x00000000ff200000)
 concurrent mark-sweep generation total 13696K, used 11103K [0x00000000ff2a0000, 0x0000000100000000, 0x0000000100000000)
 Metaspace       used 4522K, capacity 4794K, committed 4992K, reserved 1056768K
  class space    used 495K, capacity 533K, committed 640K, reserved 1048576K
}
{Heap before GC invocations=89 (full 11):
 par new generation   total 6144K, used 5235K [0x00000000fec00000, 0x00000000ff2a0000, 0x00000000ff2a0000)
  eden space 5504K,  95% used [0x00000000fec00000, 0x00000000ff11b650, 0x00000000ff160000)
  from space 640K,   0% used [0x00000000ff200000, 0x00000000ff201830, 0x00000000ff2a0000)
  to   space 640K,   0% used [0x00000000ff160000, 0x00000000ff160000, 0x00000000ff200000)
 concurrent mark-sweep generation total 13696K, used 11103K [0x00000000ff2a0000, 0x0000000100000000, 0x0000000100000000)
 Metaspace       used 4522K, capacity 4794K, committed 4992K, reserved 1056768K
  class space    used 495K, capacity 533K, committed 640K, reserved 1048576K
2024-07-16T17:10:14.113+0800: 0.781: [GC (Allocation Failure) 2024-07-16T17:10:14.113+0800: 0.781: [ParNew: 5235K->4K(6144K), 0.0002691 secs] 16339K->11108K(19840K), 0.0003062 secs] [Times: user=0.00 sys=0.00, real=0.00 secs] 
Heap after GC invocations=90 (full 11):
 par new generation   total 6144K, used 4K [0x00000000fec00000, 0x00000000ff2a0000, 0x00000000ff2a0000)
  eden space 5504K,   0% used [0x00000000fec00000, 0x00000000fec00000, 0x00000000ff160000)
  from space 640K,   0% used [0x00000000ff160000, 0x00000000ff161020, 0x00000000ff200000)
  to   space 640K,   0% used [0x00000000ff200000, 0x00000000ff200000, 0x00000000ff2a0000)
 concurrent mark-sweep generation total 13696K, used 11103K [0x00000000ff2a0000, 0x0000000100000000, 0x0000000100000000)
 Metaspace       used 4522K, capacity 4794K, committed 4992K, reserved 1056768K
  class space    used 495K, capacity 533K, committed 640K, reserved 1048576K
}
{Heap before GC invocations=90 (full 11):
 par new generation   total 6144K, used 5233K [0x00000000fec00000, 0x00000000ff2a0000, 0x00000000ff2a0000)
  eden space 5504K,  95% used [0x00000000fec00000, 0x00000000ff11b6c0, 0x00000000ff160000)
  from space 640K,   0% used [0x00000000ff160000, 0x00000000ff161020, 0x00000000ff200000)
  to   space 640K,   0% used [0x00000000ff200000, 0x00000000ff200000, 0x00000000ff2a0000)
 concurrent mark-sweep generation total 13696K, used 11103K [0x00000000ff2a0000, 0x0000000100000000, 0x0000000100000000)
 Metaspace       used 4522K, capacity 4794K, committed 4992K, reserved 1056768K
  class space    used 495K, capacity 533K, committed 640K, reserved 1048576K
2024-07-16T17:10:14.120+0800: 0.788: [GC (Allocation Failure) 2024-07-16T17:10:14.120+0800: 0.788: [ParNew: 5233K->4K(6144K), 0.0003246 secs] 16337K->12132K(19840K), 0.0003565 secs] [Times: user=0.00 sys=0.00, real=0.00 secs] 
Heap after GC invocations=91 (full 11):
 par new generation   total 6144K, used 4K [0x00000000fec00000, 0x00000000ff2a0000, 0x00000000ff2a0000)
  eden space 5504K,   0% used [0x00000000fec00000, 0x00000000fec00000, 0x00000000ff160000)
  from space 640K,   0% used [0x00000000ff200000, 0x00000000ff201020, 0x00000000ff2a0000)
  to   space 640K,   0% used [0x00000000ff160000, 0x00000000ff160000, 0x00000000ff200000)
 concurrent mark-sweep generation total 13696K, used 12128K [0x00000000ff2a0000, 0x0000000100000000, 0x0000000100000000)
 Metaspace       used 4522K, capacity 4794K, committed 4992K, reserved 1056768K
  class space    used 495K, capacity 533K, committed 640K, reserved 1048576K
}
{Heap before GC invocations=91 (full 11):
 par new generation   total 6144K, used 5233K [0x00000000fec00000, 0x00000000ff2a0000, 0x00000000ff2a0000)
  eden space 5504K,  95% used [0x00000000fec00000, 0x00000000ff11b700, 0x00000000ff160000)
  from space 640K,   0% used [0x00000000ff200000, 0x00000000ff201020, 0x00000000ff2a0000)
  to   space 640K,   0% used [0x00000000ff160000, 0x00000000ff160000, 0x00000000ff200000)
 concurrent mark-sweep generation total 13696K, used 12128K [0x00000000ff2a0000, 0x0000000100000000, 0x0000000100000000)
 Metaspace       used 4522K, capacity 4794K, committed 4992K, reserved 1056768K
  class space    used 495K, capacity 533K, committed 640K, reserved 1048576K
2024-07-16T17:10:14.127+0800: 0.795: [GC (Allocation Failure) 2024-07-16T17:10:14.127+0800: 0.795: [ParNew (promotion failed): 5233K->5237K(6144K), 0.0002626 secs]2024-07-16T17:10:14.127+0800: 0.795: [CMS2024-07-16T17:10:14.127+0800: 0.795: [CMS-concurrent-abortable-preclean: 0.000/0.027 secs] [Times: user=0.00 sys=0.00, real=0.03 secs] 
 (concurrent mode failure): 12128K->1869K(13696K), 0.0017587 secs] 17361K->1869K(19840K), [Metaspace: 4522K->4522K(1056768K)], 0.0020662 secs] [Times: user=0.02 sys=0.00, real=0.00 secs] 
Heap after GC invocations=92 (full 12):
 par new generation   total 6144K, used 0K [0x00000000fec00000, 0x00000000ff2a0000, 0x00000000ff2a0000)
  eden space 5504K,   0% used [0x00000000fec00000, 0x00000000fec00000, 0x00000000ff160000)
  from space 640K,   0% used [0x00000000ff160000, 0x00000000ff160000, 0x00000000ff200000)
  to   space 640K,   0% used [0x00000000ff200000, 0x00000000ff200000, 0x00000000ff2a0000)
 concurrent mark-sweep generation total 13696K, used 1869K [0x00000000ff2a0000, 0x0000000100000000, 0x0000000100000000)
 Metaspace       used 4522K, capacity 4794K, committed 4992K, reserved 1056768K
  class space    used 495K, capacity 533K, committed 640K, reserved 1048576K
}
{Heap before GC invocations=92 (full 12):
 par new generation   total 6144K, used 5229K [0x00000000fec00000, 0x00000000ff2a0000, 0x00000000ff2a0000)
  eden space 5504K,  95% used [0x00000000fec00000, 0x00000000ff11b730, 0x00000000ff160000)
  from space 640K,   0% used [0x00000000ff160000, 0x00000000ff160000, 0x00000000ff200000)
  to   space 640K,   0% used [0x00000000ff200000, 0x00000000ff200000, 0x00000000ff2a0000)
 concurrent mark-sweep generation total 13696K, used 1869K [0x00000000ff2a0000, 0x0000000100000000, 0x0000000100000000)
 Metaspace       used 4522K, capacity 4794K, committed 4992K, reserved 1056768K
  class space    used 495K, capacity 533K, committed 640K, reserved 1048576K
2024-07-16T17:10:14.136+0800: 0.804: [GC (Allocation Failure) 2024-07-16T17:10:14.136+0800: 0.804: [ParNew: 5229K->4K(6144K), 0.0002676 secs] 7099K->1873K(19840K), 0.0002990 secs] [Times: user=0.00 sys=0.00, real=0.00 secs] 
Heap after GC invocations=93 (full 12):
 par new generation   total 6144K, used 4K [0x00000000fec00000, 0x00000000ff2a0000, 0x00000000ff2a0000)
  eden space 5504K,   0% used [0x00000000fec00000, 0x00000000fec00000, 0x00000000ff160000)
  from space 640K,   0% used [0x00000000ff200000, 0x00000000ff201020, 0x00000000ff2a0000)
  to   space 640K,   0% used [0x00000000ff160000, 0x00000000ff160000, 0x00000000ff200000)
 concurrent mark-sweep generation total 13696K, used 1869K [0x00000000ff2a0000, 0x0000000100000000, 0x0000000100000000)
 Metaspace       used 4522K, capacity 4794K, committed 4992K, reserved 1056768K
  class space    used 495K, capacity 533K, committed 640K, reserved 1048576K
}
{Heap before GC invocations=93 (full 12):
 par new generation   total 6144K, used 5233K [0x00000000fec00000, 0x00000000ff2a0000, 0x00000000ff2a0000)
  eden space 5504K,  95% used [0x00000000fec00000, 0x00000000ff11b748, 0x00000000ff160000)
  from space 640K,   0% used [0x00000000ff200000, 0x00000000ff201020, 0x00000000ff2a0000)
  to   space 640K,   0% used [0x00000000ff160000, 0x00000000ff160000, 0x00000000ff200000)
 concurrent mark-sweep generation total 13696K, used 1869K [0x00000000ff2a0000, 0x0000000100000000, 0x0000000100000000)
 Metaspace       used 4522K, capacity 4794K, committed 4992K, reserved 1056768K
  class space    used 495K, capacity 533K, committed 640K, reserved 1048576K
2024-07-16T17:10:14.143+0800: 0.811: [GC (Allocation Failure) 2024-07-16T17:10:14.143+0800: 0.811: [ParNew: 5233K->10K(6144K), 0.0005502 secs] 7103K->3929K(19840K), 0.0005899 secs] [Times: user=0.00 sys=0.00, real=0.00 secs] 
Heap after GC invocations=94 (full 12):
 par new generation   total 6144K, used 10K [0x00000000fec00000, 0x00000000ff2a0000, 0x00000000ff2a0000)
  eden space 5504K,   0% used [0x00000000fec00000, 0x00000000fec00000, 0x00000000ff160000)
  from space 640K,   1% used [0x00000000ff160000, 0x00000000ff162850, 0x00000000ff200000)
  to   space 640K,   0% used [0x00000000ff200000, 0x00000000ff200000, 0x00000000ff2a0000)
 concurrent mark-sweep generation total 13696K, used 3919K [0x00000000ff2a0000, 0x0000000100000000, 0x0000000100000000)
 Metaspace       used 4522K, capacity 4794K, committed 4992K, reserved 1056768K
  class space    used 495K, capacity 533K, committed 640K, reserved 1048576K
}
{Heap before GC invocations=94 (full 12):
 par new generation   total 6144K, used 5239K [0x00000000fec00000, 0x00000000ff2a0000, 0x00000000ff2a0000)
  eden space 5504K,  95% used [0x00000000fec00000, 0x00000000ff11b758, 0x00000000ff160000)
  from space 640K,   1% used [0x00000000ff160000, 0x00000000ff162850, 0x00000000ff200000)
  to   space 640K,   0% used [0x00000000ff200000, 0x00000000ff200000, 0x00000000ff2a0000)
 concurrent mark-sweep generation total 13696K, used 3919K [0x00000000ff2a0000, 0x0000000100000000, 0x0000000100000000)
 Metaspace       used 4522K, capacity 4794K, committed 4992K, reserved 1056768K
  class space    used 495K, capacity 533K, committed 640K, reserved 1048576K
2024-07-16T17:10:14.150+0800: 0.818: [GC (Allocation Failure) 2024-07-16T17:10:14.150+0800: 0.818: [ParNew: 5239K->4K(6144K), 0.0002538 secs] 9159K->3923K(19840K), 0.0002806 secs] [Times: user=0.00 sys=0.00, real=0.00 secs] 
Heap after GC invocations=95 (full 12):
 par new generation   total 6144K, used 4K [0x00000000fec00000, 0x00000000ff2a0000, 0x00000000ff2a0000)
  eden space 5504K,   0% used [0x00000000fec00000, 0x00000000fec00000, 0x00000000ff160000)
  from space 640K,   0% used [0x00000000ff200000, 0x00000000ff201020, 0x00000000ff2a0000)
  to   space 640K,   0% used [0x00000000ff160000, 0x00000000ff160000, 0x00000000ff200000)
 concurrent mark-sweep generation total 13696K, used 3919K [0x00000000ff2a0000, 0x0000000100000000, 0x0000000100000000)
 Metaspace       used 4522K, capacity 4794K, committed 4992K, reserved 1056768K
  class space    used 495K, capacity 533K, committed 640K, reserved 1048576K
}
{Heap before GC invocations=95 (full 12):
 par new generation   total 6144K, used 5233K [0x00000000fec00000, 0x00000000ff2a0000, 0x00000000ff2a0000)
  eden space 5504K,  95% used [0x00000000fec00000, 0x00000000ff11b768, 0x00000000ff160000)
  from space 640K,   0% used [0x00000000ff200000, 0x00000000ff201020, 0x00000000ff2a0000)
  to   space 640K,   0% used [0x00000000ff160000, 0x00000000ff160000, 0x00000000ff200000)
 concurrent mark-sweep generation total 13696K, used 3919K [0x00000000ff2a0000, 0x0000000100000000, 0x0000000100000000)
 Metaspace       used 4522K, capacity 4794K, committed 4992K, reserved 1056768K
  class space    used 495K, capacity 533K, committed 640K, reserved 1048576K
2024-07-16T17:10:14.157+0800: 0.825: [GC (Allocation Failure) 2024-07-16T17:10:14.157+0800: 0.825: [ParNew: 5233K->4K(6144K), 0.0002631 secs] 9153K->3923K(19840K), 0.0002937 secs] [Times: user=0.00 sys=0.00, real=0.00 secs] 
Heap after GC invocations=96 (full 12):
 par new generation   total 6144K, used 4K [0x00000000fec00000, 0x00000000ff2a0000, 0x00000000ff2a0000)
  eden space 5504K,   0% used [0x00000000fec00000, 0x00000000fec00000, 0x00000000ff160000)
  from space 640K,   0% used [0x00000000ff160000, 0x00000000ff161020, 0x00000000ff200000)
  to   space 640K,   0% used [0x00000000ff200000, 0x00000000ff200000, 0x00000000ff2a0000)
 concurrent mark-sweep generation total 13696K, used 3919K [0x00000000ff2a0000, 0x0000000100000000, 0x0000000100000000)
 Metaspace       used 4522K, capacity 4794K, committed 4992K, reserved 1056768K
  class space    used 495K, capacity 533K, committed 640K, reserved 1048576K
}
{Heap before GC invocations=96 (full 12):
 par new generation   total 6144K, used 5233K [0x00000000fec00000, 0x00000000ff2a0000, 0x00000000ff2a0000)
  eden space 5504K,  95% used [0x00000000fec00000, 0x00000000ff11b770, 0x00000000ff160000)
  from space 640K,   0% used [0x00000000ff160000, 0x00000000ff161020, 0x00000000ff200000)
  to   space 640K,   0% used [0x00000000ff200000, 0x00000000ff200000, 0x00000000ff2a0000)
 concurrent mark-sweep generation total 13696K, used 3919K [0x00000000ff2a0000, 0x0000000100000000, 0x0000000100000000)
 Metaspace       used 4522K, capacity 4794K, committed 4992K, reserved 1056768K
  class space    used 495K, capacity 533K, committed 640K, reserved 1048576K
2024-07-16T17:10:14.163+0800: 0.831: [GC (Allocation Failure) 2024-07-16T17:10:14.163+0800: 0.831: [ParNew: 5233K->6K(6144K), 0.0004996 secs] 9153K->4951K(19840K), 0.0005268 secs] [Times: user=0.00 sys=0.00, real=0.00 secs] 
Heap after GC invocations=97 (full 12):
 par new generation   total 6144K, used 6K [0x00000000fec00000, 0x00000000ff2a0000, 0x00000000ff2a0000)
  eden space 5504K,   0% used [0x00000000fec00000, 0x00000000fec00000, 0x00000000ff160000)
  from space 640K,   0% used [0x00000000ff200000, 0x00000000ff201830, 0x00000000ff2a0000)
  to   space 640K,   0% used [0x00000000ff160000, 0x00000000ff160000, 0x00000000ff200000)
 concurrent mark-sweep generation total 13696K, used 4945K [0x00000000ff2a0000, 0x0000000100000000, 0x0000000100000000)
 Metaspace       used 4522K, capacity 4794K, committed 4992K, reserved 1056768K
  class space    used 495K, capacity 533K, committed 640K, reserved 1048576K
}
{Heap before GC invocations=97 (full 12):
 par new generation   total 6144K, used 5235K [0x00000000fec00000, 0x00000000ff2a0000, 0x00000000ff2a0000)
  eden space 5504K,  95% used [0x00000000fec00000, 0x00000000ff11b770, 0x00000000ff160000)
  from space 640K,   0% used [0x00000000ff200000, 0x00000000ff201830, 0x00000000ff2a0000)
  to   space 640K,   0% used [0x00000000ff160000, 0x00000000ff160000, 0x00000000ff200000)
 concurrent mark-sweep generation total 13696K, used 4945K [0x00000000ff2a0000, 0x0000000100000000, 0x0000000100000000)
 Metaspace       used 4522K, capacity 4794K, committed 4992K, reserved 1056768K
  class space    used 495K, capacity 533K, committed 640K, reserved 1048576K
2024-07-16T17:10:14.170+0800: 0.838: [GC (Allocation Failure) 2024-07-16T17:10:14.170+0800: 0.838: [ParNew: 5235K->8K(6144K), 0.0003928 secs] 10181K->5979K(19840K), 0.0004425 secs] [Times: user=0.00 sys=0.00, real=0.00 secs] 
Heap after GC invocations=98 (full 12):
 par new generation   total 6144K, used 8K [0x00000000fec00000, 0x00000000ff2a0000, 0x00000000ff2a0000)
  eden space 5504K,   0% used [0x00000000fec00000, 0x00000000fec00000, 0x00000000ff160000)
  from space 640K,   1% used [0x00000000ff160000, 0x00000000ff162040, 0x00000000ff200000)
  to   space 640K,   0% used [0x00000000ff200000, 0x00000000ff200000, 0x00000000ff2a0000)
 concurrent mark-sweep generation total 13696K, used 5971K [0x00000000ff2a0000, 0x0000000100000000, 0x0000000100000000)
 Metaspace       used 4522K, capacity 4794K, committed 4992K, reserved 1056768K
  class space    used 495K, capacity 533K, committed 640K, reserved 1048576K
}
{Heap before GC invocations=98 (full 12):
 par new generation   total 6144K, used 5237K [0x00000000fec00000, 0x00000000ff2a0000, 0x00000000ff2a0000)
  eden space 5504K,  95% used [0x00000000fec00000, 0x00000000ff11b778, 0x00000000ff160000)
  from space 640K,   1% used [0x00000000ff160000, 0x00000000ff162040, 0x00000000ff200000)
  to   space 640K,   0% used [0x00000000ff200000, 0x00000000ff200000, 0x00000000ff2a0000)
 concurrent mark-sweep generation total 13696K, used 5971K [0x00000000ff2a0000, 0x0000000100000000, 0x0000000100000000)
 Metaspace       used 4522K, capacity 4794K, committed 4992K, reserved 1056768K
  class space    used 495K, capacity 533K, committed 640K, reserved 1048576K
2024-07-16T17:10:14.177+0800: 0.845: [GC (Allocation Failure) 2024-07-16T17:10:14.177+0800: 0.845: [ParNew: 5237K->4K(6144K), 0.0004272 secs] 11209K->7001K(19840K), 0.0004629 secs] [Times: user=0.00 sys=0.00, real=0.00 secs] 
Heap after GC invocations=99 (full 12):
 par new generation   total 6144K, used 4K [0x00000000fec00000, 0x00000000ff2a0000, 0x00000000ff2a0000)
  eden space 5504K,   0% used [0x00000000fec00000, 0x00000000fec00000, 0x00000000ff160000)
  from space 640K,   0% used [0x00000000ff200000, 0x00000000ff201020, 0x00000000ff2a0000)
  to   space 640K,   0% used [0x00000000ff160000, 0x00000000ff160000, 0x00000000ff200000)
 concurrent mark-sweep generation total 13696K, used 6997K [0x00000000ff2a0000, 0x0000000100000000, 0x0000000100000000)
 Metaspace       used 4522K, capacity 4794K, committed 4992K, reserved 1056768K
  class space    used 495K, capacity 533K, committed 640K, reserved 1048576K
}
{Heap before GC invocations=99 (full 12):
 par new generation   total 6144K, used 5233K [0x00000000fec00000, 0x00000000ff2a0000, 0x00000000ff2a0000)
  eden space 5504K,  95% used [0x00000000fec00000, 0x00000000ff11b778, 0x00000000ff160000)
  from space 640K,   0% used [0x00000000ff200000, 0x00000000ff201020, 0x00000000ff2a0000)
  to   space 640K,   0% used [0x00000000ff160000, 0x00000000ff160000, 0x00000000ff200000)
 concurrent mark-sweep generation total 13696K, used 6997K [0x00000000ff2a0000, 0x0000000100000000, 0x0000000100000000)
 Metaspace       used 4522K, capacity 4794K, committed 4992K, reserved 1056768K
  class space    used 495K, capacity 533K, committed 640K, reserved 1048576K
2024-07-16T17:10:14.185+0800: 0.853: [GC (Allocation Failure) 2024-07-16T17:10:14.185+0800: 0.853: [ParNew: 5233K->8K(6144K), 0.0004003 secs] 12231K->8029K(19840K), 0.0004330 secs] [Times: user=0.00 sys=0.00, real=0.00 secs] 
Heap after GC invocations=100 (full 12):
 par new generation   total 6144K, used 8K [0x00000000fec00000, 0x00000000ff2a0000, 0x00000000ff2a0000)
  eden space 5504K,   0% used [0x00000000fec00000, 0x00000000fec00000, 0x00000000ff160000)
  from space 640K,   1% used [0x00000000ff160000, 0x00000000ff162040, 0x00000000ff200000)
  to   space 640K,   0% used [0x00000000ff200000, 0x00000000ff200000, 0x00000000ff2a0000)
 concurrent mark-sweep generation total 13696K, used 8021K [0x00000000ff2a0000, 0x0000000100000000, 0x0000000100000000)
 Metaspace       used 4522K, capacity 4794K, committed 4992K, reserved 1056768K
  class space    used 495K, capacity 533K, committed 640K, reserved 1048576K
}
{Heap before GC invocations=100 (full 12):
 par new generation   total 6144K, used 5237K [0x00000000fec00000, 0x00000000ff2a0000, 0x00000000ff2a0000)
  eden space 5504K,  95% used [0x00000000fec00000, 0x00000000ff11b778, 0x00000000ff160000)
  from space 640K,   1% used [0x00000000ff160000, 0x00000000ff162040, 0x00000000ff200000)
  to   space 640K,   0% used [0x00000000ff200000, 0x00000000ff200000, 0x00000000ff2a0000)
 concurrent mark-sweep generation total 13696K, used 8021K [0x00000000ff2a0000, 0x0000000100000000, 0x0000000100000000)
 Metaspace       used 4522K, capacity 4794K, committed 4992K, reserved 1056768K
  class space    used 495K, capacity 533K, committed 640K, reserved 1048576K
2024-07-16T17:10:14.192+0800: 0.860: [GC (Allocation Failure) 2024-07-16T17:10:14.192+0800: 0.860: [ParNew: 5237K->10K(6144K), 0.0004006 secs] 13259K->9058K(19840K), 0.0004357 secs] [Times: user=0.00 sys=0.00, real=0.00 secs] 
Heap after GC invocations=101 (full 12):
 par new generation   total 6144K, used 10K [0x00000000fec00000, 0x00000000ff2a0000, 0x00000000ff2a0000)
  eden space 5504K,   0% used [0x00000000fec00000, 0x00000000fec00000, 0x00000000ff160000)
  from space 640K,   1% used [0x00000000ff200000, 0x00000000ff202850, 0x00000000ff2a0000)
  to   space 640K,   0% used [0x00000000ff160000, 0x00000000ff160000, 0x00000000ff200000)
 concurrent mark-sweep generation total 13696K, used 9047K [0x00000000ff2a0000, 0x0000000100000000, 0x0000000100000000)
 Metaspace       used 4522K, capacity 4794K, committed 4992K, reserved 1056768K
  class space    used 495K, capacity 533K, committed 640K, reserved 1048576K
}
{Heap before GC invocations=101 (full 12):
 par new generation   total 6144K, used 5239K [0x00000000fec00000, 0x00000000ff2a0000, 0x00000000ff2a0000)
  eden space 5504K,  95% used [0x00000000fec00000, 0x00000000ff11b778, 0x00000000ff160000)
  from space 640K,   1% used [0x00000000ff200000, 0x00000000ff202850, 0x00000000ff2a0000)
  to   space 640K,   0% used [0x00000000ff160000, 0x00000000ff160000, 0x00000000ff200000)
 concurrent mark-sweep generation total 13696K, used 9047K [0x00000000ff2a0000, 0x0000000100000000, 0x0000000100000000)
 Metaspace       used 4522K, capacity 4794K, committed 4992K, reserved 1056768K
  class space    used 495K, capacity 533K, committed 640K, reserved 1048576K
2024-07-16T17:10:14.199+0800: 0.867: [GC (Allocation Failure) 2024-07-16T17:10:14.199+0800: 0.867: [ParNew: 5239K->6K(6144K), 0.0003126 secs] 14287K->10080K(19840K), 0.0003446 secs] [Times: user=0.00 sys=0.00, real=0.00 secs] 
Heap after GC invocations=102 (full 12):
 par new generation   total 6144K, used 6K [0x00000000fec00000, 0x00000000ff2a0000, 0x00000000ff2a0000)
  eden space 5504K,   0% used [0x00000000fec00000, 0x00000000fec00000, 0x00000000ff160000)
  from space 640K,   0% used [0x00000000ff160000, 0x00000000ff161830, 0x00000000ff200000)
  to   space 640K,   0% used [0x00000000ff200000, 0x00000000ff200000, 0x00000000ff2a0000)
 concurrent mark-sweep generation total 13696K, used 10074K [0x00000000ff2a0000, 0x0000000100000000, 0x0000000100000000)
 Metaspace       used 4522K, capacity 4794K, committed 4992K, reserved 1056768K
  class space    used 495K, capacity 533K, committed 640K, reserved 1048576K
}
{Heap before GC invocations=102 (full 12):
 par new generation   total 6144K, used 5235K [0x00000000fec00000, 0x00000000ff2a0000, 0x00000000ff2a0000)
  eden space 5504K,  95% used [0x00000000fec00000, 0x00000000ff11b778, 0x00000000ff160000)
  from space 640K,   0% used [0x00000000ff160000, 0x00000000ff161830, 0x00000000ff200000)
  to   space 640K,   0% used [0x00000000ff200000, 0x00000000ff200000, 0x00000000ff2a0000)
 concurrent mark-sweep generation total 13696K, used 10074K [0x00000000ff2a0000, 0x0000000100000000, 0x0000000100000000)
 Metaspace       used 4522K, capacity 4794K, committed 4992K, reserved 1056768K
  class space    used 495K, capacity 533K, committed 640K, reserved 1048576K
2024-07-16T17:10:14.208+0800: 0.876: [GC (Allocation Failure) 2024-07-16T17:10:14.208+0800: 0.876: [ParNew: 5235K->4K(6144K), 0.0002824 secs] 15309K->10078K(19840K), 0.0003274 secs] [Times: user=0.00 sys=0.00, real=0.00 secs] 
Heap after GC invocations=103 (full 12):
 par new generation   total 6144K, used 4K [0x00000000fec00000, 0x00000000ff2a0000, 0x00000000ff2a0000)
  eden space 5504K,   0% used [0x00000000fec00000, 0x00000000fec00000, 0x00000000ff160000)
  from space 640K,   0% used [0x00000000ff200000, 0x00000000ff201020, 0x00000000ff2a0000)
  to   space 640K,   0% used [0x00000000ff160000, 0x00000000ff160000, 0x00000000ff200000)
 concurrent mark-sweep generation total 13696K, used 10074K [0x00000000ff2a0000, 0x0000000100000000, 0x0000000100000000)
 Metaspace       used 4522K, capacity 4794K, committed 4992K, reserved 1056768K
  class space    used 495K, capacity 533K, committed 640K, reserved 1048576K
}
{Heap before GC invocations=103 (full 12):
 par new generation   total 6144K, used 5233K [0x00000000fec00000, 0x00000000ff2a0000, 0x00000000ff2a0000)
  eden space 5504K,  95% used [0x00000000fec00000, 0x00000000ff11b778, 0x00000000ff160000)
  from space 640K,   0% used [0x00000000ff200000, 0x00000000ff201020, 0x00000000ff2a0000)
  to   space 640K,   0% used [0x00000000ff160000, 0x00000000ff160000, 0x00000000ff200000)
 concurrent mark-sweep generation total 13696K, used 10074K [0x00000000ff2a0000, 0x0000000100000000, 0x0000000100000000)
 Metaspace       used 4523K, capacity 4794K, committed 4992K, reserved 1056768K
  class space    used 495K, capacity 533K, committed 640K, reserved 1048576K
2024-07-16T17:10:14.215+0800: 0.883: [GC (Allocation Failure) 2024-07-16T17:10:14.215+0800: 0.883: [ParNew: 5233K->8K(6144K), 0.0004344 secs] 15307K->11106K(19840K), 0.0004966 secs] [Times: user=0.00 sys=0.00, real=0.00 secs] 
Heap after GC invocations=104 (full 12):
 par new generation   total 6144K, used 8K [0x00000000fec00000, 0x00000000ff2a0000, 0x00000000ff2a0000)
  eden space 5504K,   0% used [0x00000000fec00000, 0x00000000fec00000, 0x00000000ff160000)
  from space 640K,   1% used [0x00000000ff160000, 0x00000000ff162040, 0x00000000ff200000)
  to   space 640K,   0% used [0x00000000ff200000, 0x00000000ff200000, 0x00000000ff2a0000)
 concurrent mark-sweep generation total 13696K, used 11098K [0x00000000ff2a0000, 0x0000000100000000, 0x0000000100000000)
 Metaspace       used 4523K, capacity 4794K, committed 4992K, reserved 1056768K
  class space    used 495K, capacity 533K, committed 640K, reserved 1048576K
}
{Heap before GC invocations=104 (full 12):
 par new generation   total 6144K, used 5237K [0x00000000fec00000, 0x00000000ff2a0000, 0x00000000ff2a0000)
  eden space 5504K,  95% used [0x00000000fec00000, 0x00000000ff11b778, 0x00000000ff160000)
  from space 640K,   1% used [0x00000000ff160000, 0x00000000ff162040, 0x00000000ff200000)
  to   space 640K,   0% used [0x00000000ff200000, 0x00000000ff200000, 0x00000000ff2a0000)
 concurrent mark-sweep generation total 13696K, used 11098K [0x00000000ff2a0000, 0x0000000100000000, 0x0000000100000000)
 Metaspace       used 4524K, capacity 4794K, committed 4992K, reserved 1056768K
  class space    used 495K, capacity 533K, committed 640K, reserved 1048576K
2024-07-16T17:10:14.222+0800: 0.890: [GC (Allocation Failure) 2024-07-16T17:10:14.222+0800: 0.890: [ParNew: 5237K->8K(6144K), 0.0004028 secs] 16335K->12130K(19840K), 0.0004635 secs] [Times: user=0.00 sys=0.00, real=0.00 secs] 
Heap after GC invocations=105 (full 12):
 par new generation   total 6144K, used 8K [0x00000000fec00000, 0x00000000ff2a0000, 0x00000000ff2a0000)
  eden space 5504K,   0% used [0x00000000fec00000, 0x00000000fec00000, 0x00000000ff160000)
  from space 640K,   1% used [0x00000000ff200000, 0x00000000ff202040, 0x00000000ff2a0000)
  to   space 640K,   0% used [0x00000000ff160000, 0x00000000ff160000, 0x00000000ff200000)
 concurrent mark-sweep generation total 13696K, used 12122K [0x00000000ff2a0000, 0x0000000100000000, 0x0000000100000000)
 Metaspace       used 4524K, capacity 4794K, committed 4992K, reserved 1056768K
  class space    used 495K, capacity 533K, committed 640K, reserved 1048576K
}
2024-07-16T17:10:14.222+0800: 0.891: [GC (CMS Initial Mark) [1 CMS-initial-mark: 12122K(13696K)] 13154K(19840K), 0.0001514 secs] [Times: user=0.00 sys=0.00, real=0.00 secs] 
2024-07-16T17:10:14.222+0800: 0.891: [CMS-concurrent-mark-start]
2024-07-16T17:10:14.224+0800: 0.892: [CMS-concurrent-mark: 0.001/0.001 secs] [Times: user=0.00 sys=0.00, real=0.00 secs] 
2024-07-16T17:10:14.224+0800: 0.892: [CMS-concurrent-preclean-start]
2024-07-16T17:10:14.224+0800: 0.892: [CMS-concurrent-preclean: 0.000/0.000 secs] [Times: user=0.00 sys=0.00, real=0.00 secs] 
2024-07-16T17:10:14.224+0800: 0.892: [CMS-concurrent-abortable-preclean-start]
{Heap before GC invocations=105 (full 13):
 par new generation   total 6144K, used 5237K [0x00000000fec00000, 0x00000000ff2a0000, 0x00000000ff2a0000)
  eden space 5504K,  95% used [0x00000000fec00000, 0x00000000ff11b778, 0x00000000ff160000)
  from space 640K,   1% used [0x00000000ff200000, 0x00000000ff202040, 0x00000000ff2a0000)
  to   space 640K,   0% used [0x00000000ff160000, 0x00000000ff160000, 0x00000000ff200000)
 concurrent mark-sweep generation total 13696K, used 12122K [0x00000000ff2a0000, 0x0000000100000000, 0x0000000100000000)
 Metaspace       used 4541K, capacity 4794K, committed 4992K, reserved 1056768K
  class space    used 495K, capacity 533K, committed 640K, reserved 1048576K
2024-07-16T17:10:14.230+0800: 0.898: [GC (Allocation Failure) 2024-07-16T17:10:14.230+0800: 0.898: [ParNew (promotion failed): 5237K->5237K(6144K), 0.0003435 secs]2024-07-16T17:10:14.230+0800: 0.899: [CMS2024-07-16T17:10:14.230+0800: 0.899: [CMS-concurrent-abortable-preclean: 0.000/0.006 secs] [Times: user=0.00 sys=0.00, real=0.01 secs] 
 (concurrent mode failure): 13148K->2893K(13696K), 0.0019389 secs] 17359K->2893K(19840K), [Metaspace: 4541K->4541K(1056768K)], 0.0023303 secs] [Times: user=0.00 sys=0.00, real=0.00 secs] 
Heap after GC invocations=106 (full 14):
 par new generation   total 6144K, used 0K [0x00000000fec00000, 0x00000000ff2a0000, 0x00000000ff2a0000)
  eden space 5504K,   0% used [0x00000000fec00000, 0x00000000fec00000, 0x00000000ff160000)
  from space 640K,   0% used [0x00000000ff160000, 0x00000000ff160000, 0x00000000ff200000)
  to   space 640K,   0% used [0x00000000ff200000, 0x00000000ff200000, 0x00000000ff2a0000)
 concurrent mark-sweep generation total 13696K, used 2893K [0x00000000ff2a0000, 0x0000000100000000, 0x0000000100000000)
 Metaspace       used 4541K, capacity 4794K, committed 4992K, reserved 1056768K
  class space    used 495K, capacity 533K, committed 640K, reserved 1048576K
}
{Heap before GC invocations=106 (full 14):
 par new generation   total 6144K, used 5229K [0x00000000fec00000, 0x00000000ff2a0000, 0x00000000ff2a0000)
  eden space 5504K,  95% used [0x00000000fec00000, 0x00000000ff11b780, 0x00000000ff160000)
  from space 640K,   0% used [0x00000000ff160000, 0x00000000ff160000, 0x00000000ff200000)
  to   space 640K,   0% used [0x00000000ff200000, 0x00000000ff200000, 0x00000000ff2a0000)
 concurrent mark-sweep generation total 13696K, used 2893K [0x00000000ff2a0000, 0x0000000100000000, 0x0000000100000000)
 Metaspace       used 4541K, capacity 4794K, committed 4992K, reserved 1056768K
  class space    used 495K, capacity 533K, committed 640K, reserved 1048576K
2024-07-16T17:10:14.241+0800: 0.909: [GC (Allocation Failure) 2024-07-16T17:10:14.241+0800: 0.909: [ParNew: 5229K->8K(6144K), 0.0003464 secs] 8123K->3927K(19840K), 0.0003878 secs] [Times: user=0.00 sys=0.00, real=0.00 secs] 
Heap after GC invocations=107 (full 14):
 par new generation   total 6144K, used 8K [0x00000000fec00000, 0x00000000ff2a0000, 0x00000000ff2a0000)
  eden space 5504K,   0% used [0x00000000fec00000, 0x00000000fec00000, 0x00000000ff160000)
  from space 640K,   1% used [0x00000000ff200000, 0x00000000ff202040, 0x00000000ff2a0000)
  to   space 640K,   0% used [0x00000000ff160000, 0x00000000ff160000, 0x00000000ff200000)
 concurrent mark-sweep generation total 13696K, used 3919K [0x00000000ff2a0000, 0x0000000100000000, 0x0000000100000000)
 Metaspace       used 4541K, capacity 4794K, committed 4992K, reserved 1056768K
  class space    used 495K, capacity 533K, committed 640K, reserved 1048576K
}
{Heap before GC invocations=107 (full 14):
 par new generation   total 6144K, used 5237K [0x00000000fec00000, 0x00000000ff2a0000, 0x00000000ff2a0000)
  eden space 5504K,  95% used [0x00000000fec00000, 0x00000000ff11b780, 0x00000000ff160000)
  from space 640K,   1% used [0x00000000ff200000, 0x00000000ff202040, 0x00000000ff2a0000)
  to   space 640K,   0% used [0x00000000ff160000, 0x00000000ff160000, 0x00000000ff200000)
 concurrent mark-sweep generation total 13696K, used 3919K [0x00000000ff2a0000, 0x0000000100000000, 0x0000000100000000)
 Metaspace       used 4541K, capacity 4794K, committed 4992K, reserved 1056768K
  class space    used 495K, capacity 533K, committed 640K, reserved 1048576K
2024-07-16T17:10:14.248+0800: 0.916: [GC (Allocation Failure) 2024-07-16T17:10:14.248+0800: 0.916: [ParNew: 5237K->10K(6144K), 0.0003749 secs] 9157K->4955K(19840K), 0.0004229 secs] [Times: user=0.00 sys=0.00, real=0.00 secs] 
Heap after GC invocations=108 (full 14):
 par new generation   total 6144K, used 10K [0x00000000fec00000, 0x00000000ff2a0000, 0x00000000ff2a0000)
  eden space 5504K,   0% used [0x00000000fec00000, 0x00000000fec00000, 0x00000000ff160000)
  from space 640K,   1% used [0x00000000ff160000, 0x00000000ff162850, 0x00000000ff200000)
  to   space 640K,   0% used [0x00000000ff200000, 0x00000000ff200000, 0x00000000ff2a0000)
 concurrent mark-sweep generation total 13696K, used 4945K [0x00000000ff2a0000, 0x0000000100000000, 0x0000000100000000)
 Metaspace       used 4541K, capacity 4794K, committed 4992K, reserved 1056768K
  class space    used 495K, capacity 533K, committed 640K, reserved 1048576K
}
{Heap before GC invocations=108 (full 14):
 par new generation   total 6144K, used 5239K [0x00000000fec00000, 0x00000000ff2a0000, 0x00000000ff2a0000)
  eden space 5504K,  95% used [0x00000000fec00000, 0x00000000ff11b780, 0x00000000ff160000)
  from space 640K,   1% used [0x00000000ff160000, 0x00000000ff162850, 0x00000000ff200000)
  to   space 640K,   0% used [0x00000000ff200000, 0x00000000ff200000, 0x00000000ff2a0000)
 concurrent mark-sweep generation total 13696K, used 4945K [0x00000000ff2a0000, 0x0000000100000000, 0x0000000100000000)
 Metaspace       used 4541K, capacity 4794K, committed 4992K, reserved 1056768K
  class space    used 495K, capacity 533K, committed 640K, reserved 1048576K
2024-07-16T17:10:14.256+0800: 0.924: [GC (Allocation Failure) 2024-07-16T17:10:14.256+0800: 0.924: [ParNew: 5239K->2K(6144K), 0.0002613 secs] 10185K->4947K(19840K), 0.0003004 secs] [Times: user=0.00 sys=0.00, real=0.00 secs] 
Heap after GC invocations=109 (full 14):
 par new generation   total 6144K, used 2K [0x00000000fec00000, 0x00000000ff2a0000, 0x00000000ff2a0000)
  eden space 5504K,   0% used [0x00000000fec00000, 0x00000000fec00000, 0x00000000ff160000)
  from space 640K,   0% used [0x00000000ff200000, 0x00000000ff200810, 0x00000000ff2a0000)
  to   space 640K,   0% used [0x00000000ff160000, 0x00000000ff160000, 0x00000000ff200000)
 concurrent mark-sweep generation total 13696K, used 4945K [0x00000000ff2a0000, 0x0000000100000000, 0x0000000100000000)
 Metaspace       used 4541K, capacity 4794K, committed 4992K, reserved 1056768K
  class space    used 495K, capacity 533K, committed 640K, reserved 1048576K
}
{Heap before GC invocations=109 (full 14):
 par new generation   total 6144K, used 5231K [0x00000000fec00000, 0x00000000ff2a0000, 0x00000000ff2a0000)
  eden space 5504K,  95% used [0x00000000fec00000, 0x00000000ff11b780, 0x00000000ff160000)
  from space 640K,   0% used [0x00000000ff200000, 0x00000000ff200810, 0x00000000ff2a0000)
  to   space 640K,   0% used [0x00000000ff160000, 0x00000000ff160000, 0x00000000ff200000)
 concurrent mark-sweep generation total 13696K, used 4945K [0x00000000ff2a0000, 0x0000000100000000, 0x0000000100000000)
 Metaspace       used 4541K, capacity 4794K, committed 4992K, reserved 1056768K
  class space    used 495K, capacity 533K, committed 640K, reserved 1048576K
2024-07-16T17:10:14.262+0800: 0.930: [GC (Allocation Failure) 2024-07-16T17:10:14.262+0800: 0.930: [ParNew: 5231K->8K(6144K), 0.0003405 secs] 10177K->5979K(19840K), 0.0003732 secs] [Times: user=0.00 sys=0.00, real=0.00 secs] 
Heap after GC invocations=110 (full 14):
 par new generation   total 6144K, used 8K [0x00000000fec00000, 0x00000000ff2a0000, 0x00000000ff2a0000)
  eden space 5504K,   0% used [0x00000000fec00000, 0x00000000fec00000, 0x00000000ff160000)
  from space 640K,   1% used [0x00000000ff160000, 0x00000000ff162040, 0x00000000ff200000)
  to   space 640K,   0% used [0x00000000ff200000, 0x00000000ff200000, 0x00000000ff2a0000)
 concurrent mark-sweep generation total 13696K, used 5971K [0x00000000ff2a0000, 0x0000000100000000, 0x0000000100000000)
 Metaspace       used 4541K, capacity 4794K, committed 4992K, reserved 1056768K
  class space    used 495K, capacity 533K, committed 640K, reserved 1048576K
}
{Heap before GC invocations=110 (full 14):
 par new generation   total 6144K, used 5237K [0x00000000fec00000, 0x00000000ff2a0000, 0x00000000ff2a0000)
  eden space 5504K,  95% used [0x00000000fec00000, 0x00000000ff11b780, 0x00000000ff160000)
  from space 640K,   1% used [0x00000000ff160000, 0x00000000ff162040, 0x00000000ff200000)
  to   space 640K,   0% used [0x00000000ff200000, 0x00000000ff200000, 0x00000000ff2a0000)
 concurrent mark-sweep generation total 13696K, used 5971K [0x00000000ff2a0000, 0x0000000100000000, 0x0000000100000000)
 Metaspace       used 4541K, capacity 4794K, committed 4992K, reserved 1056768K
  class space    used 495K, capacity 533K, committed 640K, reserved 1048576K
2024-07-16T17:10:14.269+0800: 0.937: [GC (Allocation Failure) 2024-07-16T17:10:14.269+0800: 0.937: [ParNew: 5237K->10K(6144K), 0.0005504 secs] 11209K->7005K(19840K), 0.0005815 secs] [Times: user=0.00 sys=0.00, real=0.00 secs] 
Heap after GC invocations=111 (full 14):
 par new generation   total 6144K, used 10K [0x00000000fec00000, 0x00000000ff2a0000, 0x00000000ff2a0000)
  eden space 5504K,   0% used [0x00000000fec00000, 0x00000000fec00000, 0x00000000ff160000)
  from space 640K,   1% used [0x00000000ff200000, 0x00000000ff202850, 0x00000000ff2a0000)
  to   space 640K,   0% used [0x00000000ff160000, 0x00000000ff160000, 0x00000000ff200000)
 concurrent mark-sweep generation total 13696K, used 6995K [0x00000000ff2a0000, 0x0000000100000000, 0x0000000100000000)
 Metaspace       used 4541K, capacity 4794K, committed 4992K, reserved 1056768K
  class space    used 495K, capacity 533K, committed 640K, reserved 1048576K
}
{Heap before GC invocations=111 (full 14):
 par new generation   total 6144K, used 5239K [0x00000000fec00000, 0x00000000ff2a0000, 0x00000000ff2a0000)
  eden space 5504K,  95% used [0x00000000fec00000, 0x00000000ff11b780, 0x00000000ff160000)
  from space 640K,   1% used [0x00000000ff200000, 0x00000000ff202850, 0x00000000ff2a0000)
  to   space 640K,   0% used [0x00000000ff160000, 0x00000000ff160000, 0x00000000ff200000)
 concurrent mark-sweep generation total 13696K, used 6995K [0x00000000ff2a0000, 0x0000000100000000, 0x0000000100000000)
 Metaspace       used 4541K, capacity 4794K, committed 4992K, reserved 1056768K
  class space    used 495K, capacity 533K, committed 640K, reserved 1048576K
2024-07-16T17:10:14.277+0800: 0.945: [GC (Allocation Failure) 2024-07-16T17:10:14.277+0800: 0.945: [ParNew: 5239K->4K(6144K), 0.0002558 secs] 12235K->6999K(19840K), 0.0002866 secs] [Times: user=0.00 sys=0.00, real=0.00 secs] 
Heap after GC invocations=112 (full 14):
 par new generation   total 6144K, used 4K [0x00000000fec00000, 0x00000000ff2a0000, 0x00000000ff2a0000)
  eden space 5504K,   0% used [0x00000000fec00000, 0x00000000fec00000, 0x00000000ff160000)
  from space 640K,   0% used [0x00000000ff160000, 0x00000000ff161020, 0x00000000ff200000)
  to   space 640K,   0% used [0x00000000ff200000, 0x00000000ff200000, 0x00000000ff2a0000)
 concurrent mark-sweep generation total 13696K, used 6995K [0x00000000ff2a0000, 0x0000000100000000, 0x0000000100000000)
 Metaspace       used 4541K, capacity 4794K, committed 4992K, reserved 1056768K
  class space    used 495K, capacity 533K, committed 640K, reserved 1048576K
}
{Heap before GC invocations=112 (full 14):
 par new generation   total 6144K, used 5233K [0x00000000fec00000, 0x00000000ff2a0000, 0x00000000ff2a0000)
  eden space 5504K,  95% used [0x00000000fec00000, 0x00000000ff11b780, 0x00000000ff160000)
  from space 640K,   0% used [0x00000000ff160000, 0x00000000ff161020, 0x00000000ff200000)
  to   space 640K,   0% used [0x00000000ff200000, 0x00000000ff200000, 0x00000000ff2a0000)
 concurrent mark-sweep generation total 13696K, used 6995K [0x00000000ff2a0000, 0x0000000100000000, 0x0000000100000000)
 Metaspace       used 4541K, capacity 4794K, committed 4992K, reserved 1056768K
  class space    used 495K, capacity 533K, committed 640K, reserved 1048576K
2024-07-16T17:10:14.284+0800: 0.952: [GC (Allocation Failure) 2024-07-16T17:10:14.284+0800: 0.952: [ParNew: 5233K->10K(6144K), 0.0003640 secs] 12229K->8030K(19840K), 0.0003967 secs] [Times: user=0.00 sys=0.00, real=0.00 secs] 
Heap after GC invocations=113 (full 14):
 par new generation   total 6144K, used 10K [0x00000000fec00000, 0x00000000ff2a0000, 0x00000000ff2a0000)
  eden space 5504K,   0% used [0x00000000fec00000, 0x00000000fec00000, 0x00000000ff160000)
  from space 640K,   1% used [0x00000000ff200000, 0x00000000ff202850, 0x00000000ff2a0000)
  to   space 640K,   0% used [0x00000000ff160000, 0x00000000ff160000, 0x00000000ff200000)
 concurrent mark-sweep generation total 13696K, used 8019K [0x00000000ff2a0000, 0x0000000100000000, 0x0000000100000000)
 Metaspace       used 4541K, capacity 4794K, committed 4992K, reserved 1056768K
  class space    used 495K, capacity 533K, committed 640K, reserved 1048576K
}
{Heap before GC invocations=113 (full 14):
 par new generation   total 6144K, used 5243K [0x00000000fec00000, 0x00000000ff2a0000, 0x00000000ff2a0000)
  eden space 5504K,  95% used [0x00000000fec00000, 0x00000000ff11c470, 0x00000000ff160000)
  from space 640K,   1% used [0x00000000ff200000, 0x00000000ff202850, 0x00000000ff2a0000)
  to   space 640K,   0% used [0x00000000ff160000, 0x00000000ff160000, 0x00000000ff200000)
 concurrent mark-sweep generation total 13696K, used 8019K [0x00000000ff2a0000, 0x0000000100000000, 0x0000000100000000)
 Metaspace       used 4541K, capacity 4794K, committed 4992K, reserved 1056768K
  class space    used 495K, capacity 533K, committed 640K, reserved 1048576K
2024-07-16T17:10:14.291+0800: 0.959: [GC (Allocation Failure) 2024-07-16T17:10:14.291+0800: 0.959: [ParNew: 5243K->7K(6144K), 0.0003054 secs] 13263K->8027K(19840K), 0.0003589 secs] [Times: user=0.00 sys=0.00, real=0.00 secs] 
Heap after GC invocations=114 (full 14):
 par new generation   total 6144K, used 7K [0x00000000fec00000, 0x00000000ff2a0000, 0x00000000ff2a0000)
  eden space 5504K,   0% used [0x00000000fec00000, 0x00000000fec00000, 0x00000000ff160000)
  from space 640K,   1% used [0x00000000ff160000, 0x00000000ff161d10, 0x00000000ff200000)
  to   space 640K,   0% used [0x00000000ff200000, 0x00000000ff200000, 0x00000000ff2a0000)
 concurrent mark-sweep generation total 13696K, used 8019K [0x00000000ff2a0000, 0x0000000100000000, 0x0000000100000000)
 Metaspace       used 4541K, capacity 4794K, committed 4992K, reserved 1056768K
  class space    used 495K, capacity 533K, committed 640K, reserved 1048576K
}
{Heap before GC invocations=114 (full 14):
 par new generation   total 6144K, used 5237K [0x00000000fec00000, 0x00000000ff2a0000, 0x00000000ff2a0000)
  eden space 5504K,  95% used [0x00000000fec00000, 0x00000000ff11b768, 0x00000000ff160000)
  from space 640K,   1% used [0x00000000ff160000, 0x00000000ff161d10, 0x00000000ff200000)
  to   space 640K,   0% used [0x00000000ff200000, 0x00000000ff200000, 0x00000000ff2a0000)
 concurrent mark-sweep generation total 13696K, used 8019K [0x00000000ff2a0000, 0x0000000100000000, 0x0000000100000000)
 Metaspace       used 4541K, capacity 4794K, committed 4992K, reserved 1056768K
  class space    used 495K, capacity 533K, committed 640K, reserved 1048576K
2024-07-16T17:10:14.298+0800: 0.966: [GC (Allocation Failure) 2024-07-16T17:10:14.298+0800: 0.966: [ParNew: 5237K->11K(6144K), 0.0004190 secs] 13257K->9055K(19840K), 0.0004711 secs] [Times: user=0.00 sys=0.00, real=0.00 secs] 
Heap after GC invocations=115 (full 14):
 par new generation   total 6144K, used 11K [0x00000000fec00000, 0x00000000ff2a0000, 0x00000000ff2a0000)
  eden space 5504K,   0% used [0x00000000fec00000, 0x00000000fec00000, 0x00000000ff160000)
  from space 640K,   1% used [0x00000000ff200000, 0x00000000ff202d30, 0x00000000ff2a0000)
  to   space 640K,   0% used [0x00000000ff160000, 0x00000000ff160000, 0x00000000ff200000)
 concurrent mark-sweep generation total 13696K, used 9043K [0x00000000ff2a0000, 0x0000000100000000, 0x0000000100000000)
 Metaspace       used 4541K, capacity 4794K, committed 4992K, reserved 1056768K
  class space    used 495K, capacity 533K, committed 640K, reserved 1048576K
}
{Heap before GC invocations=115 (full 14):
 par new generation   total 6144K, used 5241K [0x00000000fec00000, 0x00000000ff2a0000, 0x00000000ff2a0000)
  eden space 5504K,  95% used [0x00000000fec00000, 0x00000000ff11b788, 0x00000000ff160000)
  from space 640K,   1% used [0x00000000ff200000, 0x00000000ff202d30, 0x00000000ff2a0000)
  to   space 640K,   0% used [0x00000000ff160000, 0x00000000ff160000, 0x00000000ff200000)
 concurrent mark-sweep generation total 13696K, used 9043K [0x00000000ff2a0000, 0x0000000100000000, 0x0000000100000000)
 Metaspace       used 4541K, capacity 4794K, committed 4992K, reserved 1056768K
  class space    used 495K, capacity 533K, committed 640K, reserved 1048576K
2024-07-16T17:10:14.305+0800: 0.973: [GC (Allocation Failure) 2024-07-16T17:10:14.305+0800: 0.973: [ParNew: 5241K->15K(6144K), 0.0006737 secs] 14285K->11107K(19840K), 0.0007209 secs] [Times: user=0.00 sys=0.00, real=0.00 secs] 
Heap after GC invocations=116 (full 14):
 par new generation   total 6144K, used 15K [0x00000000fec00000, 0x00000000ff2a0000, 0x00000000ff2a0000)
  eden space 5504K,   0% used [0x00000000fec00000, 0x00000000fec00000, 0x00000000ff160000)
  from space 640K,   2% used [0x00000000ff160000, 0x00000000ff163d50, 0x00000000ff200000)
  to   space 640K,   0% used [0x00000000ff200000, 0x00000000ff200000, 0x00000000ff2a0000)
 concurrent mark-sweep generation total 13696K, used 11091K [0x00000000ff2a0000, 0x0000000100000000, 0x0000000100000000)
 Metaspace       used 4541K, capacity 4794K, committed 4992K, reserved 1056768K
  class space    used 495K, capacity 533K, committed 640K, reserved 1048576K
}
2024-07-16T17:10:14.305+0800: 0.974: [GC (CMS Initial Mark) [1 CMS-initial-mark: 11091K(13696K)] 12133K(19840K), 0.0002322 secs] [Times: user=0.00 sys=0.00, real=0.00 secs] 
2024-07-16T17:10:14.306+0800: 0.974: [CMS-concurrent-mark-start]
2024-07-16T17:10:14.307+0800: 0.975: [CMS-concurrent-mark: 0.001/0.001 secs] [Times: user=0.00 sys=0.00, real=0.00 secs] 
2024-07-16T17:10:14.307+0800: 0.975: [CMS-concurrent-preclean-start]
2024-07-16T17:10:14.307+0800: 0.975: [CMS-concurrent-preclean: 0.000/0.000 secs] [Times: user=0.00 sys=0.00, real=0.00 secs] 
2024-07-16T17:10:14.307+0800: 0.975: [GC (CMS Final Remark) [YG occupancy: 1149 K (6144 K)]{Heap before GC invocations=116 (full 15):
 par new generation   total 6144K, used 1149K [0x00000000fec00000, 0x00000000ff2a0000, 0x00000000ff2a0000)
  eden space 5504K,  20% used [0x00000000fec00000, 0x00000000fed1b740, 0x00000000ff160000)
  from space 640K,   2% used [0x00000000ff160000, 0x00000000ff163d50, 0x00000000ff200000)
  to   space 640K,   0% used [0x00000000ff200000, 0x00000000ff200000, 0x00000000ff2a0000)
 concurrent mark-sweep generation total 13696K, used 11091K [0x00000000ff2a0000, 0x0000000100000000, 0x0000000100000000)
 Metaspace       used 4541K, capacity 4794K, committed 4992K, reserved 1056768K
  class space    used 495K, capacity 533K, committed 640K, reserved 1048576K
2024-07-16T17:10:14.307+0800: 0.975: [GC (CMS Final Remark) 2024-07-16T17:10:14.307+0800: 0.975: [ParNew: 1149K->11K(6144K), 0.0002973 secs] 12241K->12127K(19840K), 0.0003196 secs] [Times: user=0.00 sys=0.00, real=0.00 secs] 
Heap after GC invocations=117 (full 15):
 par new generation   total 6144K, used 11K [0x00000000fec00000, 0x00000000ff2a0000, 0x00000000ff2a0000)
  eden space 5504K,   0% used [0x00000000fec00000, 0x00000000fec00000, 0x00000000ff160000)
  from space 640K,   1% used [0x00000000ff200000, 0x00000000ff202d30, 0x00000000ff2a0000)
  to   space 640K,   0% used [0x00000000ff160000, 0x00000000ff160000, 0x00000000ff200000)
 concurrent mark-sweep generation total 13696K, used 12115K [0x00000000ff2a0000, 0x0000000100000000, 0x0000000100000000)
 Metaspace       used 4541K, capacity 4794K, committed 4992K, reserved 1056768K
  class space    used 495K, capacity 533K, committed 640K, reserved 1048576K
}
2024-07-16T17:10:14.307+0800: 0.976: [Rescan (parallel) , 0.0001512 secs]2024-07-16T17:10:14.307+0800: 0.976: [weak refs processing, 0.0000090 secs]2024-07-16T17:10:14.307+0800: 0.976: [class unloading, 0.0002812 secs]2024-07-16T17:10:14.308+0800: 0.976: [scrub symbol table, 0.0003007 secs]2024-07-16T17:10:14.308+0800: 0.977: [scrub string table, 0.0000618 secs][1 CMS-remark: 12115K(13696K)] 12127K(19840K), 0.0012054 secs] [Times: user=0.00 sys=0.00, real=0.00 secs] 
2024-07-16T17:10:14.308+0800: 0.977: [CMS-concurrent-sweep-start]
2024-07-16T17:10:14.308+0800: 0.977: [CMS-concurrent-sweep: 0.000/0.000 secs] [Times: user=0.00 sys=0.00, real=0.00 secs] 
2024-07-16T17:10:14.308+0800: 0.977: [CMS-concurrent-reset-start]
2024-07-16T17:10:14.308+0800: 0.977: [CMS-concurrent-reset: 0.000/0.000 secs] [Times: user=0.00 sys=0.00, real=0.00 secs] 
{Heap before GC invocations=117 (full 15):
 par new generation   total 6144K, used 5241K [0x00000000fec00000, 0x00000000ff2a0000, 0x00000000ff2a0000)
  eden space 5504K,  95% used [0x00000000fec00000, 0x00000000ff11b780, 0x00000000ff160000)
  from space 640K,   1% used [0x00000000ff200000, 0x00000000ff202d30, 0x00000000ff2a0000)
  to   space 640K,   0% used [0x00000000ff160000, 0x00000000ff160000, 0x00000000ff200000)
 concurrent mark-sweep generation total 13696K, used 1873K [0x00000000ff2a0000, 0x0000000100000000, 0x0000000100000000)
 Metaspace       used 4541K, capacity 4794K, committed 4992K, reserved 1056768K
  class space    used 495K, capacity 533K, committed 640K, reserved 1048576K
2024-07-16T17:10:14.314+0800: 0.982: [GC (Allocation Failure) 2024-07-16T17:10:14.314+0800: 0.982: [ParNew: 5241K->11K(6144K), 0.0003583 secs] 7114K->2908K(19840K), 0.0003931 secs] [Times: user=0.00 sys=0.00, real=0.00 secs] 
Heap after GC invocations=118 (full 15):
 par new generation   total 6144K, used 11K [0x00000000fec00000, 0x00000000ff2a0000, 0x00000000ff2a0000)
  eden space 5504K,   0% used [0x00000000fec00000, 0x00000000fec00000, 0x00000000ff160000)
  from space 640K,   1% used [0x00000000ff160000, 0x00000000ff162d30, 0x00000000ff200000)
  to   space 640K,   0% used [0x00000000ff200000, 0x00000000ff200000, 0x00000000ff2a0000)
 concurrent mark-sweep generation total 13696K, used 2897K [0x00000000ff2a0000, 0x0000000100000000, 0x0000000100000000)
 Metaspace       used 4541K, capacity 4794K, committed 4992K, reserved 1056768K
  class space    used 495K, capacity 533K, committed 640K, reserved 1048576K
}
{Heap before GC invocations=118 (full 15):
 par new generation   total 6144K, used 5233K [0x00000000fec00000, 0x00000000ff2a0000, 0x00000000ff2a0000)
  eden space 5504K,  94% used [0x00000000fec00000, 0x00000000ff119950, 0x00000000ff160000)
  from space 640K,   1% used [0x00000000ff160000, 0x00000000ff162d30, 0x00000000ff200000)
  to   space 640K,   0% used [0x00000000ff200000, 0x00000000ff200000, 0x00000000ff2a0000)
 concurrent mark-sweep generation total 13696K, used 2897K [0x00000000ff2a0000, 0x0000000100000000, 0x0000000100000000)
 Metaspace       used 4541K, capacity 4794K, committed 4992K, reserved 1056768K
  class space    used 495K, capacity 533K, committed 640K, reserved 1048576K
2024-07-16T17:10:14.321+0800: 0.989: [GC (Allocation Failure) 2024-07-16T17:10:14.321+0800: 0.989: [ParNew: 5233K->7K(6144K), 0.0004937 secs] 8131K->2904K(19840K), 0.0005483 secs] [Times: user=0.00 sys=0.00, real=0.00 secs] 
Heap after GC invocations=119 (full 15):
 par new generation   total 6144K, used 7K [0x00000000fec00000, 0x00000000ff2a0000, 0x00000000ff2a0000)
  eden space 5504K,   0% used [0x00000000fec00000, 0x00000000fec00000, 0x00000000ff160000)
  from space 640K,   1% used [0x00000000ff200000, 0x00000000ff201d10, 0x00000000ff2a0000)
  to   space 640K,   0% used [0x00000000ff160000, 0x00000000ff160000, 0x00000000ff200000)
 concurrent mark-sweep generation total 13696K, used 2897K [0x00000000ff2a0000, 0x0000000100000000, 0x0000000100000000)
 Metaspace       used 4541K, capacity 4794K, committed 4992K, reserved 1056768K
  class space    used 495K, capacity 533K, committed 640K, reserved 1048576K
}
{Heap before GC invocations=119 (full 15):
 par new generation   total 6144K, used 5233K [0x00000000fec00000, 0x00000000ff2a0000, 0x00000000ff2a0000)
  eden space 5504K,  94% used [0x00000000fec00000, 0x00000000ff11a718, 0x00000000ff160000)
  from space 640K,   1% used [0x00000000ff200000, 0x00000000ff201d10, 0x00000000ff2a0000)
  to   space 640K,   0% used [0x00000000ff160000, 0x00000000ff160000, 0x00000000ff200000)
 concurrent mark-sweep generation total 13696K, used 2897K [0x00000000ff2a0000, 0x0000000100000000, 0x0000000100000000)
 Metaspace       used 4541K, capacity 4794K, committed 4992K, reserved 1056768K
  class space    used 495K, capacity 533K, committed 640K, reserved 1048576K
2024-07-16T17:10:14.328+0800: 0.996: [GC (Allocation Failure) 2024-07-16T17:10:14.328+0800: 0.996: [ParNew: 5233K->10K(6144K), 0.0004291 secs] 8130K->3936K(19840K), 0.0004860 secs] [Times: user=0.00 sys=0.00, real=0.00 secs] 
Heap after GC invocations=120 (full 15):
 par new generation   total 6144K, used 10K [0x00000000fec00000, 0x00000000ff2a0000, 0x00000000ff2a0000)
  eden space 5504K,   0% used [0x00000000fec00000, 0x00000000fec00000, 0x00000000ff160000)
  from space 640K,   1% used [0x00000000ff160000, 0x00000000ff162850, 0x00000000ff200000)
  to   space 640K,   0% used [0x00000000ff200000, 0x00000000ff200000, 0x00000000ff2a0000)
 concurrent mark-sweep generation total 13696K, used 3926K [0x00000000ff2a0000, 0x0000000100000000, 0x0000000100000000)
 Metaspace       used 4541K, capacity 4794K, committed 4992K, reserved 1056768K
  class space    used 495K, capacity 533K, committed 640K, reserved 1048576K
}
{Heap before GC invocations=120 (full 15):
 par new generation   total 6144K, used 5361K [0x00000000fec00000, 0x00000000ff2a0000, 0x00000000ff2a0000)
  eden space 5504K,  97% used [0x00000000fec00000, 0x00000000ff139dd0, 0x00000000ff160000)
  from space 640K,   1% used [0x00000000ff160000, 0x00000000ff162850, 0x00000000ff200000)
  to   space 640K,   0% used [0x00000000ff200000, 0x00000000ff200000, 0x00000000ff2a0000)
 concurrent mark-sweep generation total 13696K, used 3926K [0x00000000ff2a0000, 0x0000000100000000, 0x0000000100000000)
 Metaspace       used 4645K, capacity 4826K, committed 4992K, reserved 1056768K
  class space    used 504K, capacity 565K, committed 640K, reserved 1048576K
2024-07-16T17:10:14.337+0800: 1.005: [GC (Allocation Failure) 2024-07-16T17:10:14.337+0800: 1.005: [ParNew: 5361K->64K(6144K), 0.0002747 secs] 9288K->3991K(19840K), 0.0003237 secs] [Times: user=0.00 sys=0.00, real=0.00 secs] 
Heap after GC invocations=121 (full 15):
 par new generation   total 6144K, used 64K [0x00000000fec00000, 0x00000000ff2a0000, 0x00000000ff2a0000)
  eden space 5504K,   0% used [0x00000000fec00000, 0x00000000fec00000, 0x00000000ff160000)
  from space 640K,  10% used [0x00000000ff200000, 0x00000000ff210158, 0x00000000ff2a0000)
  to   space 640K,   0% used [0x00000000ff160000, 0x00000000ff160000, 0x00000000ff200000)
 concurrent mark-sweep generation total 13696K, used 3926K [0x00000000ff2a0000, 0x0000000100000000, 0x0000000100000000)
 Metaspace       used 4645K, capacity 4826K, committed 4992K, reserved 1056768K
  class space    used 504K, capacity 565K, committed 640K, reserved 1048576K
}
{Heap before GC invocations=121 (full 15):
 par new generation   total 6144K, used 4641K [0x00000000fec00000, 0x00000000ff2a0000, 0x00000000ff2a0000)
  eden space 5504K,  83% used [0x00000000fec00000, 0x00000000ff078690, 0x00000000ff160000)
  from space 640K,  10% used [0x00000000ff200000, 0x00000000ff210158, 0x00000000ff2a0000)
  to   space 640K,   0% used [0x00000000ff160000, 0x00000000ff160000, 0x00000000ff200000)
 concurrent mark-sweep generation total 13696K, used 3926K [0x00000000ff2a0000, 0x0000000100000000, 0x0000000100000000)
 Metaspace       used 4835K, capacity 4970K, committed 5248K, reserved 1056768K
  class space    used 529K, capacity 565K, committed 640K, reserved 1048576K
2024-07-16T17:10:14.342+0800: 1.010: [GC (Allocation Failure) 2024-07-16T17:10:14.342+0800: 1.010: [ParNew: 4641K->226K(6144K), 0.0005037 secs] 8568K->5177K(19840K), 0.0005595 secs] [Times: user=0.00 sys=0.00, real=0.00 secs] 
Heap after GC invocations=122 (full 15):
 par new generation   total 6144K, used 226K [0x00000000fec00000, 0x00000000ff2a0000, 0x00000000ff2a0000)
  eden space 5504K,   0% used [0x00000000fec00000, 0x00000000fec00000, 0x00000000ff160000)
  from space 640K,  35% used [0x00000000ff160000, 0x00000000ff198bc8, 0x00000000ff200000)
  to   space 640K,   0% used [0x00000000ff200000, 0x00000000ff200000, 0x00000000ff2a0000)
 concurrent mark-sweep generation total 13696K, used 4950K [0x00000000ff2a0000, 0x0000000100000000, 0x0000000100000000)
 Metaspace       used 4835K, capacity 4970K, committed 5248K, reserved 1056768K
  class space    used 529K, capacity 565K, committed 640K, reserved 1048576K
}
{Heap before GC invocations=122 (full 15):
 par new generation   total 6144K, used 4845K [0x00000000fec00000, 0x00000000ff2a0000, 0x00000000ff2a0000)
  eden space 5504K,  83% used [0x00000000fec00000, 0x00000000ff082c08, 0x00000000ff160000)
  from space 640K,  35% used [0x00000000ff160000, 0x00000000ff198bc8, 0x00000000ff200000)
  to   space 640K,   0% used [0x00000000ff200000, 0x00000000ff200000, 0x00000000ff2a0000)
 concurrent mark-sweep generation total 13696K, used 4950K [0x00000000ff2a0000, 0x0000000100000000, 0x0000000100000000)
 Metaspace       used 5076K, capacity 5258K, committed 5504K, reserved 1056768K
  class space    used 557K, capacity 597K, committed 640K, reserved 1048576K
2024-07-16T17:10:14.349+0800: 1.017: [GC (Allocation Failure) 2024-07-16T17:10:14.349+0800: 1.017: [ParNew: 4845K->375K(6144K), 0.0003512 secs] 9796K->5325K(19840K), 0.0003974 secs] [Times: user=0.00 sys=0.00, real=0.00 secs] 
Heap after GC invocations=123 (full 15):
 par new generation   total 6144K, used 375K [0x00000000fec00000, 0x00000000ff2a0000, 0x00000000ff2a0000)
  eden space 5504K,   0% used [0x00000000fec00000, 0x00000000fec00000, 0x00000000ff160000)
  from space 640K,  58% used [0x00000000ff200000, 0x00000000ff25dc08, 0x00000000ff2a0000)
  to   space 640K,   0% used [0x00000000ff160000, 0x00000000ff160000, 0x00000000ff200000)
 concurrent mark-sweep generation total 13696K, used 4950K [0x00000000ff2a0000, 0x0000000100000000, 0x0000000100000000)
 Metaspace       used 5076K, capacity 5258K, committed 5504K, reserved 1056768K
  class space    used 557K, capacity 597K, committed 640K, reserved 1048576K
}
{Heap before GC invocations=123 (full 15):
 par new generation   total 6144K, used 5704K [0x00000000fec00000, 0x00000000ff2a0000, 0x00000000ff2a0000)
  eden space 5504K,  96% used [0x00000000fec00000, 0x00000000ff1344f8, 0x00000000ff160000)
  from space 640K,  58% used [0x00000000ff200000, 0x00000000ff25dc08, 0x00000000ff2a0000)
  to   space 640K,   0% used [0x00000000ff160000, 0x00000000ff160000, 0x00000000ff200000)
 concurrent mark-sweep generation total 13696K, used 4950K [0x00000000ff2a0000, 0x0000000100000000, 0x0000000100000000)
 Metaspace       used 5076K, capacity 5258K, committed 5504K, reserved 1056768K
  class space    used 557K, capacity 597K, committed 640K, reserved 1048576K
2024-07-16T17:10:14.358+0800: 1.026: [GC (Allocation Failure) 2024-07-16T17:10:14.358+0800: 1.026: [ParNew: 5704K->273K(6144K), 0.0006982 secs] 10654K->5422K(19840K), 0.0007537 secs] [Times: user=0.00 sys=0.00, real=0.00 secs] 
Heap after GC invocations=124 (full 15):
 par new generation   total 6144K, used 273K [0x00000000fec00000, 0x00000000ff2a0000, 0x00000000ff2a0000)
  eden space 5504K,   0% used [0x00000000fec00000, 0x00000000fec00000, 0x00000000ff160000)
  from space 640K,  42% used [0x00000000ff160000, 0x00000000ff1a45c0, 0x00000000ff200000)
  to   space 640K,   0% used [0x00000000ff200000, 0x00000000ff200000, 0x00000000ff2a0000)
 concurrent mark-sweep generation total 13696K, used 5148K [0x00000000ff2a0000, 0x0000000100000000, 0x0000000100000000)
 Metaspace       used 5076K, capacity 5258K, committed 5504K, reserved 1056768K
  class space    used 557K, capacity 597K, committed 640K, reserved 1048576K
}
{Heap before GC invocations=124 (full 15):
 par new generation   total 6144K, used 5498K [0x00000000fec00000, 0x00000000ff2a0000, 0x00000000ff2a0000)
  eden space 5504K,  94% used [0x00000000fec00000, 0x00000000ff11a320, 0x00000000ff160000)
  from space 640K,  42% used [0x00000000ff160000, 0x00000000ff1a45c0, 0x00000000ff200000)
  to   space 640K,   0% used [0x00000000ff200000, 0x00000000ff200000, 0x00000000ff2a0000)
 concurrent mark-sweep generation total 13696K, used 5148K [0x00000000ff2a0000, 0x0000000100000000, 0x0000000100000000)
 Metaspace       used 5076K, capacity 5258K, committed 5504K, reserved 1056768K
  class space    used 557K, capacity 597K, committed 640K, reserved 1048576K
2024-07-16T17:10:14.366+0800: 1.034: [GC (Allocation Failure) 2024-07-16T17:10:14.366+0800: 1.034: [ParNew: 5498K->237K(6144K), 0.0003383 secs] 10646K->5385K(19840K), 0.0003959 secs] [Times: user=0.00 sys=0.00, real=0.00 secs] 
Heap after GC invocations=125 (full 15):
 par new generation   total 6144K, used 237K [0x00000000fec00000, 0x00000000ff2a0000, 0x00000000ff2a0000)
  eden space 5504K,   0% used [0x00000000fec00000, 0x00000000fec00000, 0x00000000ff160000)
  from space 640K,  37% used [0x00000000ff200000, 0x00000000ff23b4d0, 0x00000000ff2a0000)
  to   space 640K,   0% used [0x00000000ff160000, 0x00000000ff160000, 0x00000000ff200000)
 concurrent mark-sweep generation total 13696K, used 5148K [0x00000000ff2a0000, 0x0000000100000000, 0x0000000100000000)
 Metaspace       used 5076K, capacity 5258K, committed 5504K, reserved 1056768K
  class space    used 557K, capacity 597K, committed 640K, reserved 1048576K
}
{Heap before GC invocations=125 (full 15):
 par new generation   total 6144K, used 5463K [0x00000000fec00000, 0x00000000ff2a0000, 0x00000000ff2a0000)
  eden space 5504K,  94% used [0x00000000fec00000, 0x00000000ff11aa68, 0x00000000ff160000)
  from space 640K,  37% used [0x00000000ff200000, 0x00000000ff23b4d0, 0x00000000ff2a0000)
  to   space 640K,   0% used [0x00000000ff160000, 0x00000000ff160000, 0x00000000ff200000)
 concurrent mark-sweep generation total 13696K, used 5148K [0x00000000ff2a0000, 0x0000000100000000, 0x0000000100000000)
 Metaspace       used 5076K, capacity 5258K, committed 5504K, reserved 1056768K
  class space    used 557K, capacity 597K, committed 640K, reserved 1048576K
2024-07-16T17:10:14.372+0800: 1.040: [GC (Allocation Failure) 2024-07-16T17:10:14.372+0800: 1.040: [ParNew: 5463K->249K(6144K), 0.0006094 secs] 10612K->7445K(19840K), 0.0006435 secs] [Times: user=0.00 sys=0.00, real=0.00 secs] 
Heap after GC invocations=126 (full 15):
 par new generation   total 6144K, used 249K [0x00000000fec00000, 0x00000000ff2a0000, 0x00000000ff2a0000)
  eden space 5504K,   0% used [0x00000000fec00000, 0x00000000fec00000, 0x00000000ff160000)
  from space 640K,  38% used [0x00000000ff160000, 0x00000000ff19e438, 0x00000000ff200000)
  to   space 640K,   0% used [0x00000000ff200000, 0x00000000ff200000, 0x00000000ff2a0000)
 concurrent mark-sweep generation total 13696K, used 7196K [0x00000000ff2a0000, 0x0000000100000000, 0x0000000100000000)
 Metaspace       used 5076K, capacity 5258K, committed 5504K, reserved 1056768K
  class space    used 557K, capacity 597K, committed 640K, reserved 1048576K
}
{Heap before GC invocations=126 (full 15):
 par new generation   total 6144K, used 5476K [0x00000000fec00000, 0x00000000ff2a0000, 0x00000000ff2a0000)
  eden space 5504K,  94% used [0x00000000fec00000, 0x00000000ff11af10, 0x00000000ff160000)
  from space 640K,  38% used [0x00000000ff160000, 0x00000000ff19e438, 0x00000000ff200000)
  to   space 640K,   0% used [0x00000000ff200000, 0x00000000ff200000, 0x00000000ff2a0000)
 concurrent mark-sweep generation total 13696K, used 7196K [0x00000000ff2a0000, 0x0000000100000000, 0x0000000100000000)
 Metaspace       used 5076K, capacity 5258K, committed 5504K, reserved 1056768K
  class space    used 557K, capacity 597K, committed 640K, reserved 1048576K
2024-07-16T17:10:14.381+0800: 1.049: [GC (Allocation Failure) 2024-07-16T17:10:14.381+0800: 1.049: [ParNew: 5476K->219K(6144K), 0.0003967 secs] 12673K->8439K(19840K), 0.0004318 secs] [Times: user=0.00 sys=0.00, real=0.00 secs] 
Heap after GC invocations=127 (full 15):
 par new generation   total 6144K, used 219K [0x00000000fec00000, 0x00000000ff2a0000, 0x00000000ff2a0000)
  eden space 5504K,   0% used [0x00000000fec00000, 0x00000000fec00000, 0x00000000ff160000)
  from space 640K,  34% used [0x00000000ff200000, 0x00000000ff236c90, 0x00000000ff2a0000)
  to   space 640K,   0% used [0x00000000ff160000, 0x00000000ff160000, 0x00000000ff200000)
 concurrent mark-sweep generation total 13696K, used 8220K [0x00000000ff2a0000, 0x0000000100000000, 0x0000000100000000)
 Metaspace       used 5076K, capacity 5258K, committed 5504K, reserved 1056768K
  class space    used 557K, capacity 597K, committed 640K, reserved 1048576K
}
{Heap before GC invocations=127 (full 15):
 par new generation   total 6144K, used 5447K [0x00000000fec00000, 0x00000000ff2a0000, 0x00000000ff2a0000)
  eden space 5504K,  94% used [0x00000000fec00000, 0x00000000ff11b210, 0x00000000ff160000)
  from space 640K,  34% used [0x00000000ff200000, 0x00000000ff236c90, 0x00000000ff2a0000)
  to   space 640K,   0% used [0x00000000ff160000, 0x00000000ff160000, 0x00000000ff200000)
 concurrent mark-sweep generation total 13696K, used 8220K [0x00000000ff2a0000, 0x0000000100000000, 0x0000000100000000)
 Metaspace       used 5076K, capacity 5258K, committed 5504K, reserved 1056768K
  class space    used 557K, capacity 597K, committed 640K, reserved 1048576K
2024-07-16T17:10:14.388+0800: 1.056: [GC (Allocation Failure) 2024-07-16T17:10:14.388+0800: 1.056: [ParNew: 5447K->228K(6144K), 0.0003713 secs] 13668K->9473K(19840K), 0.0004126 secs] [Times: user=0.00 sys=0.00, real=0.00 secs] 
Heap after GC invocations=128 (full 15):
 par new generation   total 6144K, used 228K [0x00000000fec00000, 0x00000000ff2a0000, 0x00000000ff2a0000)
  eden space 5504K,   0% used [0x00000000fec00000, 0x00000000fec00000, 0x00000000ff160000)
  from space 640K,  35% used [0x00000000ff160000, 0x00000000ff1991b8, 0x00000000ff200000)
  to   space 640K,   0% used [0x00000000ff200000, 0x00000000ff200000, 0x00000000ff2a0000)
 concurrent mark-sweep generation total 13696K, used 9244K [0x00000000ff2a0000, 0x0000000100000000, 0x0000000100000000)
 Metaspace       used 5076K, capacity 5258K, committed 5504K, reserved 1056768K
  class space    used 557K, capacity 597K, committed 640K, reserved 1048576K
}
{Heap before GC invocations=128 (full 15):
 par new generation   total 6144K, used 5457K [0x00000000fec00000, 0x00000000ff2a0000, 0x00000000ff2a0000)
  eden space 5504K,  95% used [0x00000000fec00000, 0x00000000ff11b400, 0x00000000ff160000)
  from space 640K,  35% used [0x00000000ff160000, 0x00000000ff1991b8, 0x00000000ff200000)
  to   space 640K,   0% used [0x00000000ff200000, 0x00000000ff200000, 0x00000000ff2a0000)
 concurrent mark-sweep generation total 13696K, used 9244K [0x00000000ff2a0000, 0x0000000100000000, 0x0000000100000000)
 Metaspace       used 5076K, capacity 5258K, committed 5504K, reserved 1056768K
  class space    used 557K, capacity 597K, committed 640K, reserved 1048576K
2024-07-16T17:10:14.395+0800: 1.063: [GC (Allocation Failure) 2024-07-16T17:10:14.395+0800: 1.063: [ParNew: 5457K->44K(6144K), 0.0004185 secs] 14702K->10463K(19840K), 0.0004531 secs] [Times: user=0.00 sys=0.00, real=0.00 secs] 
Heap after GC invocations=129 (full 15):
 par new generation   total 6144K, used 44K [0x00000000fec00000, 0x00000000ff2a0000, 0x00000000ff2a0000)
  eden space 5504K,   0% used [0x00000000fec00000, 0x00000000fec00000, 0x00000000ff160000)
  from space 640K,   6% used [0x00000000ff200000, 0x00000000ff20b0e8, 0x00000000ff2a0000)
  to   space 640K,   0% used [0x00000000ff160000, 0x00000000ff160000, 0x00000000ff200000)
 concurrent mark-sweep generation total 13696K, used 10419K [0x00000000ff2a0000, 0x0000000100000000, 0x0000000100000000)
 Metaspace       used 5076K, capacity 5258K, committed 5504K, reserved 1056768K
  class space    used 557K, capacity 597K, committed 640K, reserved 1048576K
}
{Heap before GC invocations=129 (full 15):
 par new generation   total 6144K, used 5273K [0x00000000fec00000, 0x00000000ff2a0000, 0x00000000ff2a0000)
  eden space 5504K,  95% used [0x00000000fec00000, 0x00000000ff11b540, 0x00000000ff160000)
  from space 640K,   6% used [0x00000000ff200000, 0x00000000ff20b0e8, 0x00000000ff2a0000)
  to   space 640K,   0% used [0x00000000ff160000, 0x00000000ff160000, 0x00000000ff200000)
 concurrent mark-sweep generation total 13696K, used 10419K [0x00000000ff2a0000, 0x0000000100000000, 0x0000000100000000)
 Metaspace       used 5076K, capacity 5258K, committed 5504K, reserved 1056768K
  class space    used 557K, capacity 597K, committed 640K, reserved 1048576K
2024-07-16T17:10:14.402+0800: 1.070: [GC (Allocation Failure) 2024-07-16T17:10:14.402+0800: 1.070: [ParNew: 5273K->14K(6144K), 0.0003790 secs] 15692K->11458K(19840K), 0.0004187 secs] [Times: user=0.00 sys=0.00, real=0.00 secs] 
Heap after GC invocations=130 (full 15):
 par new generation   total 6144K, used 14K [0x00000000fec00000, 0x00000000ff2a0000, 0x00000000ff2a0000)
  eden space 5504K,   0% used [0x00000000fec00000, 0x00000000fec00000, 0x00000000ff160000)
  from space 640K,   2% used [0x00000000ff160000, 0x00000000ff163ae0, 0x00000000ff200000)
  to   space 640K,   0% used [0x00000000ff200000, 0x00000000ff200000, 0x00000000ff2a0000)
 concurrent mark-sweep generation total 13696K, used 11443K [0x00000000ff2a0000, 0x0000000100000000, 0x0000000100000000)
 Metaspace       used 5076K, capacity 5258K, committed 5504K, reserved 1056768K
  class space    used 557K, capacity 597K, committed 640K, reserved 1048576K
}
2024-07-16T17:10:14.402+0800: 1.071: [GC (CMS Initial Mark) [1 CMS-initial-mark: 11443K(13696K)] 12482K(19840K), 0.0001042 secs] [Times: user=0.00 sys=0.00, real=0.00 secs] 
2024-07-16T17:10:14.402+0800: 1.071: [CMS-concurrent-mark-start]
2024-07-16T17:10:14.403+0800: 1.072: [CMS-concurrent-mark: 0.001/0.001 secs] [Times: user=0.00 sys=0.00, real=0.00 secs] 
2024-07-16T17:10:14.403+0800: 1.072: [CMS-concurrent-preclean-start]
2024-07-16T17:10:14.403+0800: 1.072: [CMS-concurrent-preclean: 0.000/0.000 secs] [Times: user=0.00 sys=0.00, real=0.00 secs] 
2024-07-16T17:10:14.403+0800: 1.072: [CMS-concurrent-abortable-preclean-start]
{Heap before GC invocations=130 (full 16):
 par new generation   total 6144K, used 5244K [0x00000000fec00000, 0x00000000ff2a0000, 0x00000000ff2a0000)
  eden space 5504K,  95% used [0x00000000fec00000, 0x00000000ff11b610, 0x00000000ff160000)
  from space 640K,   2% used [0x00000000ff160000, 0x00000000ff163ae0, 0x00000000ff200000)
  to   space 640K,   0% used [0x00000000ff200000, 0x00000000ff200000, 0x00000000ff2a0000)
 concurrent mark-sweep generation total 13696K, used 11443K [0x00000000ff2a0000, 0x0000000100000000, 0x0000000100000000)
 Metaspace       used 5076K, capacity 5258K, committed 5504K, reserved 1056768K
  class space    used 557K, capacity 597K, committed 640K, reserved 1048576K
2024-07-16T17:10:14.410+0800: 1.078: [GC (Allocation Failure) 2024-07-16T17:10:14.410+0800: 1.078: [ParNew: 5244K->10K(6144K), 0.0004958 secs] 16687K->12477K(19840K), 0.0005320 secs] [Times: user=0.00 sys=0.00, real=0.00 secs] 
Heap after GC invocations=131 (full 16):
 par new generation   total 6144K, used 10K [0x00000000fec00000, 0x00000000ff2a0000, 0x00000000ff2a0000)
  eden space 5504K,   0% used [0x00000000fec00000, 0x00000000fec00000, 0x00000000ff160000)
  from space 640K,   1% used [0x00000000ff200000, 0x00000000ff202850, 0x00000000ff2a0000)
  to   space 640K,   0% used [0x00000000ff160000, 0x00000000ff160000, 0x00000000ff200000)
 concurrent mark-sweep generation total 13696K, used 12467K [0x00000000ff2a0000, 0x0000000100000000, 0x0000000100000000)
 Metaspace       used 5076K, capacity 5258K, committed 5504K, reserved 1056768K
  class space    used 557K, capacity 597K, committed 640K, reserved 1048576K
}
{Heap before GC invocations=131 (full 16):
 par new generation   total 6144K, used 5239K [0x00000000fec00000, 0x00000000ff2a0000, 0x00000000ff2a0000)
  eden space 5504K,  95% used [0x00000000fec00000, 0x00000000ff11b690, 0x00000000ff160000)
  from space 640K,   1% used [0x00000000ff200000, 0x00000000ff202850, 0x00000000ff2a0000)
  to   space 640K,   0% used [0x00000000ff160000, 0x00000000ff160000, 0x00000000ff200000)
 concurrent mark-sweep generation total 13696K, used 12467K [0x00000000ff2a0000, 0x0000000100000000, 0x0000000100000000)
 Metaspace       used 5076K, capacity 5258K, committed 5504K, reserved 1056768K
  class space    used 557K, capacity 597K, committed 640K, reserved 1048576K
2024-07-16T17:10:14.418+0800: 1.086: [GC (Allocation Failure) 2024-07-16T17:10:14.418+0800: 1.086: [ParNew: 5239K->4K(6144K), 0.0003762 secs] 17707K->12471K(19840K), 0.0004311 secs] [Times: user=0.00 sys=0.00, real=0.00 secs] 
Heap after GC invocations=132 (full 16):
 par new generation   total 6144K, used 4K [0x00000000fec00000, 0x00000000ff2a0000, 0x00000000ff2a0000)
  eden space 5504K,   0% used [0x00000000fec00000, 0x00000000fec00000, 0x00000000ff160000)
  from space 640K,   0% used [0x00000000ff160000, 0x00000000ff161020, 0x00000000ff200000)
  to   space 640K,   0% used [0x00000000ff200000, 0x00000000ff200000, 0x00000000ff2a0000)
 concurrent mark-sweep generation total 13696K, used 12467K [0x00000000ff2a0000, 0x0000000100000000, 0x0000000100000000)
 Metaspace       used 5076K, capacity 5258K, committed 5504K, reserved 1056768K
  class space    used 557K, capacity 597K, committed 640K, reserved 1048576K
}
{Heap before GC invocations=132 (full 16):
 par new generation   total 6144K, used 5233K [0x00000000fec00000, 0x00000000ff2a0000, 0x00000000ff2a0000)
  eden space 5504K,  95% used [0x00000000fec00000, 0x00000000ff11b6e8, 0x00000000ff160000)
  from space 640K,   0% used [0x00000000ff160000, 0x00000000ff161020, 0x00000000ff200000)
  to   space 640K,   0% used [0x00000000ff200000, 0x00000000ff200000, 0x00000000ff2a0000)
 concurrent mark-sweep generation total 13696K, used 12467K [0x00000000ff2a0000, 0x0000000100000000, 0x0000000100000000)
 Metaspace       used 5078K, capacity 5258K, committed 5504K, reserved 1056768K
  class space    used 557K, capacity 597K, committed 640K, reserved 1048576K
2024-07-16T17:10:14.427+0800: 1.095: [GC (Allocation Failure) 2024-07-16T17:10:14.427+0800: 1.095: [ParNew: 5233K->4K(6144K), 0.0002757 secs] 17701K->12471K(19840K), 0.0003284 secs] [Times: user=0.00 sys=0.00, real=0.00 secs] 
Heap after GC invocations=133 (full 16):
 par new generation   total 6144K, used 4K [0x00000000fec00000, 0x00000000ff2a0000, 0x00000000ff2a0000)
  eden space 5504K,   0% used [0x00000000fec00000, 0x00000000fec00000, 0x00000000ff160000)
  from space 640K,   0% used [0x00000000ff200000, 0x00000000ff201020, 0x00000000ff2a0000)
  to   space 640K,   0% used [0x00000000ff160000, 0x00000000ff160000, 0x00000000ff200000)
 concurrent mark-sweep generation total 13696K, used 12467K [0x00000000ff2a0000, 0x0000000100000000, 0x0000000100000000)
 Metaspace       used 5078K, capacity 5258K, committed 5504K, reserved 1056768K
  class space    used 557K, capacity 597K, committed 640K, reserved 1048576K
}
{Heap before GC invocations=133 (full 16):
 par new generation   total 6144K, used 5233K [0x00000000fec00000, 0x00000000ff2a0000, 0x00000000ff2a0000)
  eden space 5504K,  95% used [0x00000000fec00000, 0x00000000ff11b718, 0x00000000ff160000)
  from space 640K,   0% used [0x00000000ff200000, 0x00000000ff201020, 0x00000000ff2a0000)
  to   space 640K,   0% used [0x00000000ff160000, 0x00000000ff160000, 0x00000000ff200000)
 concurrent mark-sweep generation total 13696K, used 12467K [0x00000000ff2a0000, 0x0000000100000000, 0x0000000100000000)
 Metaspace       used 5078K, capacity 5258K, committed 5504K, reserved 1056768K
  class space    used 557K, capacity 597K, committed 640K, reserved 1048576K
2024-07-16T17:10:14.435+0800: 1.103: [GC (Allocation Failure) 2024-07-16T17:10:14.435+0800: 1.103: [ParNew: 5233K->4K(6144K), 0.0002675 secs] 17701K->12471K(19840K), 0.0003120 secs] [Times: user=0.00 sys=0.00, real=0.00 secs] 
Heap after GC invocations=134 (full 16):
 par new generation   total 6144K, used 4K [0x00000000fec00000, 0x00000000ff2a0000, 0x00000000ff2a0000)
  eden space 5504K,   0% used [0x00000000fec00000, 0x00000000fec00000, 0x00000000ff160000)
  from space 640K,   0% used [0x00000000ff160000, 0x00000000ff161020, 0x00000000ff200000)
  to   space 640K,   0% used [0x00000000ff200000, 0x00000000ff200000, 0x00000000ff2a0000)
 concurrent mark-sweep generation total 13696K, used 12467K [0x00000000ff2a0000, 0x0000000100000000, 0x0000000100000000)
 Metaspace       used 5078K, capacity 5258K, committed 5504K, reserved 1056768K
  class space    used 557K, capacity 597K, committed 640K, reserved 1048576K
}
{Heap before GC invocations=134 (full 16):
 par new generation   total 6144K, used 5233K [0x00000000fec00000, 0x00000000ff2a0000, 0x00000000ff2a0000)
  eden space 5504K,  95% used [0x00000000fec00000, 0x00000000ff11b740, 0x00000000ff160000)
  from space 640K,   0% used [0x00000000ff160000, 0x00000000ff161020, 0x00000000ff200000)
  to   space 640K,   0% used [0x00000000ff200000, 0x00000000ff200000, 0x00000000ff2a0000)
 concurrent mark-sweep generation total 13696K, used 12467K [0x00000000ff2a0000, 0x0000000100000000, 0x0000000100000000)
 Metaspace       used 5078K, capacity 5258K, committed 5504K, reserved 1056768K
  class space    used 557K, capacity 597K, committed 640K, reserved 1048576K
2024-07-16T17:10:14.442+0800: 1.110: [GC (Allocation Failure) 2024-07-16T17:10:14.442+0800: 1.110: [ParNew (promotion failed): 5233K->5237K(6144K), 0.0003110 secs]2024-07-16T17:10:14.442+0800: 1.111: [CMS2024-07-16T17:10:14.442+0800: 1.111: [CMS-concurrent-abortable-preclean: 0.000/0.039 secs] [Times: user=0.00 sys=0.00, real=0.04 secs] 
 (concurrent mode failure): 12467K->2206K(13696K), 0.0026472 secs] 17701K->2206K(19840K), [Metaspace: 5078K->5078K(1056768K)], 0.0030302 secs] [Times: user=0.00 sys=0.00, real=0.00 secs] 
Heap after GC invocations=135 (full 17):
 par new generation   total 6144K, used 0K [0x00000000fec00000, 0x00000000ff2a0000, 0x00000000ff2a0000)
  eden space 5504K,   0% used [0x00000000fec00000, 0x00000000fec00000, 0x00000000ff160000)
  from space 640K,   0% used [0x00000000ff200000, 0x00000000ff200000, 0x00000000ff2a0000)
  to   space 640K,   0% used [0x00000000ff160000, 0x00000000ff160000, 0x00000000ff200000)
 concurrent mark-sweep generation total 13696K, used 2206K [0x00000000ff2a0000, 0x0000000100000000, 0x0000000100000000)
 Metaspace       used 5078K, capacity 5258K, committed 5504K, reserved 1056768K
  class space    used 557K, capacity 597K, committed 640K, reserved 1048576K
}
{Heap before GC invocations=135 (full 17):
 par new generation   total 6144K, used 5229K [0x00000000fec00000, 0x00000000ff2a0000, 0x00000000ff2a0000)
  eden space 5504K,  95% used [0x00000000fec00000, 0x00000000ff11b750, 0x00000000ff160000)
  from space 640K,   0% used [0x00000000ff200000, 0x00000000ff200000, 0x00000000ff2a0000)
  to   space 640K,   0% used [0x00000000ff160000, 0x00000000ff160000, 0x00000000ff200000)
 concurrent mark-sweep generation total 13696K, used 2206K [0x00000000ff2a0000, 0x0000000100000000, 0x0000000100000000)
 Metaspace       used 5078K, capacity 5258K, committed 5504K, reserved 1056768K
  class space    used 557K, capacity 597K, committed 640K, reserved 1048576K
2024-07-16T17:10:14.452+0800: 1.120: [GC (Allocation Failure) 2024-07-16T17:10:14.452+0800: 1.120: [ParNew: 5229K->8K(6144K), 0.0004283 secs] 7436K->3240K(19840K), 0.0004814 secs] [Times: user=0.00 sys=0.00, real=0.00 secs] 
Heap after GC invocations=136 (full 17):
 par new generation   total 6144K, used 8K [0x00000000fec00000, 0x00000000ff2a0000, 0x00000000ff2a0000)
  eden space 5504K,   0% used [0x00000000fec00000, 0x00000000fec00000, 0x00000000ff160000)
  from space 640K,   1% used [0x00000000ff160000, 0x00000000ff162040, 0x00000000ff200000)
  to   space 640K,   0% used [0x00000000ff200000, 0x00000000ff200000, 0x00000000ff2a0000)
 concurrent mark-sweep generation total 13696K, used 3232K [0x00000000ff2a0000, 0x0000000100000000, 0x0000000100000000)
 Metaspace       used 5078K, capacity 5258K, committed 5504K, reserved 1056768K
  class space    used 557K, capacity 597K, committed 640K, reserved 1048576K
}
{Heap before GC invocations=136 (full 17):
 par new generation   total 6144K, used 5237K [0x00000000fec00000, 0x00000000ff2a0000, 0x00000000ff2a0000)
  eden space 5504K,  95% used [0x00000000fec00000, 0x00000000ff11b760, 0x00000000ff160000)
  from space 640K,   1% used [0x00000000ff160000, 0x00000000ff162040, 0x00000000ff200000)
  to   space 640K,   0% used [0x00000000ff200000, 0x00000000ff200000, 0x00000000ff2a0000)
 concurrent mark-sweep generation total 13696K, used 3232K [0x00000000ff2a0000, 0x0000000100000000, 0x0000000100000000)
 Metaspace       used 5078K, capacity 5258K, committed 5504K, reserved 1056768K
  class space    used 557K, capacity 597K, committed 640K, reserved 1048576K
2024-07-16T17:10:14.459+0800: 1.127: [GC (Allocation Failure) 2024-07-16T17:10:14.459+0800: 1.127: [ParNew: 5237K->10K(6144K), 0.0003745 secs] 8470K->4269K(19840K), 0.0004237 secs] [Times: user=0.00 sys=0.00, real=0.00 secs] 
Heap after GC invocations=137 (full 17):
 par new generation   total 6144K, used 10K [0x00000000fec00000, 0x00000000ff2a0000, 0x00000000ff2a0000)
  eden space 5504K,   0% used [0x00000000fec00000, 0x00000000fec00000, 0x00000000ff160000)
  from space 640K,   1% used [0x00000000ff200000, 0x00000000ff202850, 0x00000000ff2a0000)
  to   space 640K,   0% used [0x00000000ff160000, 0x00000000ff160000, 0x00000000ff200000)
 concurrent mark-sweep generation total 13696K, used 4258K [0x00000000ff2a0000, 0x0000000100000000, 0x0000000100000000)
 Metaspace       used 5078K, capacity 5258K, committed 5504K, reserved 1056768K
  class space    used 557K, capacity 597K, committed 640K, reserved 1048576K
}
{Heap before GC invocations=137 (full 17):
 par new generation   total 6144K, used 5239K [0x00000000fec00000, 0x00000000ff2a0000, 0x00000000ff2a0000)
  eden space 5504K,  95% used [0x00000000fec00000, 0x00000000ff11b768, 0x00000000ff160000)
  from space 640K,   1% used [0x00000000ff200000, 0x00000000ff202850, 0x00000000ff2a0000)
  to   space 640K,   0% used [0x00000000ff160000, 0x00000000ff160000, 0x00000000ff200000)
 concurrent mark-sweep generation total 13696K, used 4258K [0x00000000ff2a0000, 0x0000000100000000, 0x0000000100000000)
 Metaspace       used 5078K, capacity 5258K, committed 5504K, reserved 1056768K
  class space    used 557K, capacity 597K, committed 640K, reserved 1048576K
2024-07-16T17:10:14.468+0800: 1.136: [GC (Allocation Failure) 2024-07-16T17:10:14.468+0800: 1.136: [ParNew: 5239K->4K(6144K), 0.0004266 secs] 9498K->4263K(19840K), 0.0004684 secs] [Times: user=0.00 sys=0.00, real=0.00 secs] 
Heap after GC invocations=138 (full 17):
 par new generation   total 6144K, used 4K [0x00000000fec00000, 0x00000000ff2a0000, 0x00000000ff2a0000)
  eden space 5504K,   0% used [0x00000000fec00000, 0x00000000fec00000, 0x00000000ff160000)
  from space 640K,   0% used [0x00000000ff160000, 0x00000000ff161020, 0x00000000ff200000)
  to   space 640K,   0% used [0x00000000ff200000, 0x00000000ff200000, 0x00000000ff2a0000)
 concurrent mark-sweep generation total 13696K, used 4258K [0x00000000ff2a0000, 0x0000000100000000, 0x0000000100000000)
 Metaspace       used 5078K, capacity 5258K, committed 5504K, reserved 1056768K
  class space    used 557K, capacity 597K, committed 640K, reserved 1048576K
}
{Heap before GC invocations=138 (full 17):
 par new generation   total 6144K, used 5233K [0x00000000fec00000, 0x00000000ff2a0000, 0x00000000ff2a0000)
  eden space 5504K,  95% used [0x00000000fec00000, 0x00000000ff11b770, 0x00000000ff160000)
  from space 640K,   0% used [0x00000000ff160000, 0x00000000ff161020, 0x00000000ff200000)
  to   space 640K,   0% used [0x00000000ff200000, 0x00000000ff200000, 0x00000000ff2a0000)
 concurrent mark-sweep generation total 13696K, used 4258K [0x00000000ff2a0000, 0x0000000100000000, 0x0000000100000000)
 Metaspace       used 5078K, capacity 5258K, committed 5504K, reserved 1056768K
  class space    used 557K, capacity 597K, committed 640K, reserved 1048576K
2024-07-16T17:10:14.476+0800: 1.144: [GC (Allocation Failure) 2024-07-16T17:10:14.476+0800: 1.144: [ParNew: 5233K->4K(6144K), 0.0003240 secs] 9492K->4263K(19840K), 0.0003703 secs] [Times: user=0.00 sys=0.00, real=0.00 secs] 
Heap after GC invocations=139 (full 17):
 par new generation   total 6144K, used 4K [0x00000000fec00000, 0x00000000ff2a0000, 0x00000000ff2a0000)
  eden space 5504K,   0% used [0x00000000fec00000, 0x00000000fec00000, 0x00000000ff160000)
  from space 640K,   0% used [0x00000000ff200000, 0x00000000ff201020, 0x00000000ff2a0000)
  to   space 640K,   0% used [0x00000000ff160000, 0x00000000ff160000, 0x00000000ff200000)
 concurrent mark-sweep generation total 13696K, used 4258K [0x00000000ff2a0000, 0x0000000100000000, 0x0000000100000000)
 Metaspace       used 5078K, capacity 5258K, committed 5504K, reserved 1056768K
  class space    used 557K, capacity 597K, committed 640K, reserved 1048576K
}
{Heap before GC invocations=139 (full 17):
 par new generation   total 6144K, used 5233K [0x00000000fec00000, 0x00000000ff2a0000, 0x00000000ff2a0000)
  eden space 5504K,  95% used [0x00000000fec00000, 0x00000000ff11b778, 0x00000000ff160000)
  from space 640K,   0% used [0x00000000ff200000, 0x00000000ff201020, 0x00000000ff2a0000)
  to   space 640K,   0% used [0x00000000ff160000, 0x00000000ff160000, 0x00000000ff200000)
 concurrent mark-sweep generation total 13696K, used 4258K [0x00000000ff2a0000, 0x0000000100000000, 0x0000000100000000)
 Metaspace       used 5078K, capacity 5258K, committed 5504K, reserved 1056768K
  class space    used 557K, capacity 597K, committed 640K, reserved 1048576K
2024-07-16T17:10:14.484+0800: 1.152: [GC (Allocation Failure) 2024-07-16T17:10:14.484+0800: 1.152: [ParNew: 5233K->4K(6144K), 0.0002820 secs] 9492K->4263K(19840K), 0.0003123 secs] [Times: user=0.00 sys=0.00, real=0.00 secs] 
Heap after GC invocations=140 (full 17):
 par new generation   total 6144K, used 4K [0x00000000fec00000, 0x00000000ff2a0000, 0x00000000ff2a0000)
  eden space 5504K,   0% used [0x00000000fec00000, 0x00000000fec00000, 0x00000000ff160000)
  from space 640K,   0% used [0x00000000ff160000, 0x00000000ff161020, 0x00000000ff200000)
  to   space 640K,   0% used [0x00000000ff200000, 0x00000000ff200000, 0x00000000ff2a0000)
 concurrent mark-sweep generation total 13696K, used 4258K [0x00000000ff2a0000, 0x0000000100000000, 0x0000000100000000)
 Metaspace       used 5078K, capacity 5258K, committed 5504K, reserved 1056768K
  class space    used 557K, capacity 597K, committed 640K, reserved 1048576K
}
{Heap before GC invocations=140 (full 17):
 par new generation   total 6144K, used 5233K [0x00000000fec00000, 0x00000000ff2a0000, 0x00000000ff2a0000)
  eden space 5504K,  95% used [0x00000000fec00000, 0x00000000ff11b778, 0x00000000ff160000)
  from space 640K,   0% used [0x00000000ff160000, 0x00000000ff161020, 0x00000000ff200000)
  to   space 640K,   0% used [0x00000000ff200000, 0x00000000ff200000, 0x00000000ff2a0000)
 concurrent mark-sweep generation total 13696K, used 4258K [0x00000000ff2a0000, 0x0000000100000000, 0x0000000100000000)
 Metaspace       used 5078K, capacity 5258K, committed 5504K, reserved 1056768K
  class space    used 557K, capacity 597K, committed 640K, reserved 1048576K
2024-07-16T17:10:14.491+0800: 1.159: [GC (Allocation Failure) 2024-07-16T17:10:14.491+0800: 1.159: [ParNew: 5233K->2K(6144K), 0.0003888 secs] 9492K->4261K(19840K), 0.0004235 secs] [Times: user=0.00 sys=0.00, real=0.00 secs] 
Heap after GC invocations=141 (full 17):
 par new generation   total 6144K, used 2K [0x00000000fec00000, 0x00000000ff2a0000, 0x00000000ff2a0000)
  eden space 5504K,   0% used [0x00000000fec00000, 0x00000000fec00000, 0x00000000ff160000)
  from space 640K,   0% used [0x00000000ff200000, 0x00000000ff200810, 0x00000000ff2a0000)
  to   space 640K,   0% used [0x00000000ff160000, 0x00000000ff160000, 0x00000000ff200000)
 concurrent mark-sweep generation total 13696K, used 4258K [0x00000000ff2a0000, 0x0000000100000000, 0x0000000100000000)
 Metaspace       used 5078K, capacity 5258K, committed 5504K, reserved 1056768K
  class space    used 557K, capacity 597K, committed 640K, reserved 1048576K
}
{Heap before GC invocations=141 (full 17):
 par new generation   total 6144K, used 5231K [0x00000000fec00000, 0x00000000ff2a0000, 0x00000000ff2a0000)
  eden space 5504K,  95% used [0x00000000fec00000, 0x00000000ff11b778, 0x00000000ff160000)
  from space 640K,   0% used [0x00000000ff200000, 0x00000000ff200810, 0x00000000ff2a0000)
  to   space 640K,   0% used [0x00000000ff160000, 0x00000000ff160000, 0x00000000ff200000)
 concurrent mark-sweep generation total 13696K, used 4258K [0x00000000ff2a0000, 0x0000000100000000, 0x0000000100000000)
 Metaspace       used 5078K, capacity 5258K, committed 5504K, reserved 1056768K
  class space    used 557K, capacity 597K, committed 640K, reserved 1048576K
2024-07-16T17:10:14.498+0800: 1.166: [GC (Allocation Failure) 2024-07-16T17:10:14.498+0800: 1.166: [ParNew: 5231K->8K(6144K), 0.0003908 secs] 9490K->5293K(19840K), 0.0004303 secs] [Times: user=0.00 sys=0.00, real=0.00 secs] 
Heap after GC invocations=142 (full 17):
 par new generation   total 6144K, used 8K [0x00000000fec00000, 0x00000000ff2a0000, 0x00000000ff2a0000)
  eden space 5504K,   0% used [0x00000000fec00000, 0x00000000fec00000, 0x00000000ff160000)
  from space 640K,   1% used [0x00000000ff160000, 0x00000000ff162040, 0x00000000ff200000)
  to   space 640K,   0% used [0x00000000ff200000, 0x00000000ff200000, 0x00000000ff2a0000)
 concurrent mark-sweep generation total 13696K, used 5285K [0x00000000ff2a0000, 0x0000000100000000, 0x0000000100000000)
 Metaspace       used 5078K, capacity 5258K, committed 5504K, reserved 1056768K
  class space    used 557K, capacity 597K, committed 640K, reserved 1048576K
}
{Heap before GC invocations=142 (full 17):
 par new generation   total 6144K, used 5237K [0x00000000fec00000, 0x00000000ff2a0000, 0x00000000ff2a0000)
  eden space 5504K,  95% used [0x00000000fec00000, 0x00000000ff11b778, 0x00000000ff160000)
  from space 640K,   1% used [0x00000000ff160000, 0x00000000ff162040, 0x00000000ff200000)
  to   space 640K,   0% used [0x00000000ff200000, 0x00000000ff200000, 0x00000000ff2a0000)
 concurrent mark-sweep generation total 13696K, used 5285K [0x00000000ff2a0000, 0x0000000100000000, 0x0000000100000000)
 Metaspace       used 5078K, capacity 5258K, committed 5504K, reserved 1056768K
  class space    used 557K, capacity 597K, committed 640K, reserved 1048576K
2024-07-16T17:10:14.505+0800: 1.173: [GC (Allocation Failure) 2024-07-16T17:10:14.505+0800: 1.173: [ParNew: 5237K->6K(6144K), 0.0004138 secs] 10522K->6317K(19840K), 0.0004499 secs] [Times: user=0.00 sys=0.00, real=0.00 secs] 
Heap after GC invocations=143 (full 17):
 par new generation   total 6144K, used 6K [0x00000000fec00000, 0x00000000ff2a0000, 0x00000000ff2a0000)
  eden space 5504K,   0% used [0x00000000fec00000, 0x00000000fec00000, 0x00000000ff160000)
  from space 640K,   0% used [0x00000000ff200000, 0x00000000ff201830, 0x00000000ff2a0000)
  to   space 640K,   0% used [0x00000000ff160000, 0x00000000ff160000, 0x00000000ff200000)
 concurrent mark-sweep generation total 13696K, used 6311K [0x00000000ff2a0000, 0x0000000100000000, 0x0000000100000000)
 Metaspace       used 5078K, capacity 5258K, committed 5504K, reserved 1056768K
  class space    used 557K, capacity 597K, committed 640K, reserved 1048576K
}
{Heap before GC invocations=143 (full 17):
 par new generation   total 6144K, used 5235K [0x00000000fec00000, 0x00000000ff2a0000, 0x00000000ff2a0000)
  eden space 5504K,  95% used [0x00000000fec00000, 0x00000000ff11b778, 0x00000000ff160000)
  from space 640K,   0% used [0x00000000ff200000, 0x00000000ff201830, 0x00000000ff2a0000)
  to   space 640K,   0% used [0x00000000ff160000, 0x00000000ff160000, 0x00000000ff200000)
 concurrent mark-sweep generation total 13696K, used 6311K [0x00000000ff2a0000, 0x0000000100000000, 0x0000000100000000)
 Metaspace       used 5078K, capacity 5258K, committed 5504K, reserved 1056768K
  class space    used 557K, capacity 597K, committed 640K, reserved 1048576K
2024-07-16T17:10:14.514+0800: 1.182: [GC (Allocation Failure) 2024-07-16T17:10:14.514+0800: 1.182: [ParNew: 5235K->4K(6144K), 0.0002750 secs] 11547K->6315K(19840K), 0.0003238 secs] [Times: user=0.00 sys=0.00, real=0.00 secs] 
Heap after GC invocations=144 (full 17):
 par new generation   total 6144K, used 4K [0x00000000fec00000, 0x00000000ff2a0000, 0x00000000ff2a0000)
  eden space 5504K,   0% used [0x00000000fec00000, 0x00000000fec00000, 0x00000000ff160000)
  from space 640K,   0% used [0x00000000ff160000, 0x00000000ff161020, 0x00000000ff200000)
  to   space 640K,   0% used [0x00000000ff200000, 0x00000000ff200000, 0x00000000ff2a0000)
 concurrent mark-sweep generation total 13696K, used 6311K [0x00000000ff2a0000, 0x0000000100000000, 0x0000000100000000)
 Metaspace       used 5078K, capacity 5258K, committed 5504K, reserved 1056768K
  class space    used 557K, capacity 597K, committed 640K, reserved 1048576K
}
{Heap before GC invocations=144 (full 17):
 par new generation   total 6144K, used 5233K [0x00000000fec00000, 0x00000000ff2a0000, 0x00000000ff2a0000)
  eden space 5504K,  95% used [0x00000000fec00000, 0x00000000ff11b778, 0x00000000ff160000)
  from space 640K,   0% used [0x00000000ff160000, 0x00000000ff161020, 0x00000000ff200000)
  to   space 640K,   0% used [0x00000000ff200000, 0x00000000ff200000, 0x00000000ff2a0000)
 concurrent mark-sweep generation total 13696K, used 6311K [0x00000000ff2a0000, 0x0000000100000000, 0x0000000100000000)
 Metaspace       used 5078K, capacity 5258K, committed 5504K, reserved 1056768K
  class space    used 557K, capacity 597K, committed 640K, reserved 1048576K
2024-07-16T17:10:14.520+0800: 1.188: [GC (Allocation Failure) 2024-07-16T17:10:14.520+0800: 1.188: [ParNew: 5233K->10K(6144K), 0.0003795 secs] 11545K->7347K(19840K), 0.0004217 secs] [Times: user=0.00 sys=0.00, real=0.00 secs] 
Heap after GC invocations=145 (full 17):
 par new generation   total 6144K, used 10K [0x00000000fec00000, 0x00000000ff2a0000, 0x00000000ff2a0000)
  eden space 5504K,   0% used [0x00000000fec00000, 0x00000000fec00000, 0x00000000ff160000)
  from space 640K,   1% used [0x00000000ff200000, 0x00000000ff202850, 0x00000000ff2a0000)
  to   space 640K,   0% used [0x00000000ff160000, 0x00000000ff160000, 0x00000000ff200000)
 concurrent mark-sweep generation total 13696K, used 7337K [0x00000000ff2a0000, 0x0000000100000000, 0x0000000100000000)
 Metaspace       used 5078K, capacity 5258K, committed 5504K, reserved 1056768K
  class space    used 557K, capacity 597K, committed 640K, reserved 1048576K
}
{Heap before GC invocations=145 (full 17):
 par new generation   total 6144K, used 5239K [0x00000000fec00000, 0x00000000ff2a0000, 0x00000000ff2a0000)
  eden space 5504K,  95% used [0x00000000fec00000, 0x00000000ff11b778, 0x00000000ff160000)
  from space 640K,   1% used [0x00000000ff200000, 0x00000000ff202850, 0x00000000ff2a0000)
  to   space 640K,   0% used [0x00000000ff160000, 0x00000000ff160000, 0x00000000ff200000)
 concurrent mark-sweep generation total 13696K, used 7337K [0x00000000ff2a0000, 0x0000000100000000, 0x0000000100000000)
 Metaspace       used 5078K, capacity 5258K, committed 5504K, reserved 1056768K
  class space    used 557K, capacity 597K, committed 640K, reserved 1048576K
2024-07-16T17:10:14.527+0800: 1.195: [GC (Allocation Failure) 2024-07-16T17:10:14.527+0800: 1.195: [ParNew: 5239K->6K(6144K), 0.0004770 secs] 12577K->8369K(19840K), 0.0005182 secs] [Times: user=0.00 sys=0.00, real=0.00 secs] 
Heap after GC invocations=146 (full 17):
 par new generation   total 6144K, used 6K [0x00000000fec00000, 0x00000000ff2a0000, 0x00000000ff2a0000)
  eden space 5504K,   0% used [0x00000000fec00000, 0x00000000fec00000, 0x00000000ff160000)
  from space 640K,   0% used [0x00000000ff160000, 0x00000000ff161830, 0x00000000ff200000)
  to   space 640K,   0% used [0x00000000ff200000, 0x00000000ff200000, 0x00000000ff2a0000)
 concurrent mark-sweep generation total 13696K, used 8363K [0x00000000ff2a0000, 0x0000000100000000, 0x0000000100000000)
 Metaspace       used 5078K, capacity 5258K, committed 5504K, reserved 1056768K
  class space    used 557K, capacity 597K, committed 640K, reserved 1048576K
}
{Heap before GC invocations=146 (full 17):
 par new generation   total 6144K, used 5235K [0x00000000fec00000, 0x00000000ff2a0000, 0x00000000ff2a0000)
  eden space 5504K,  95% used [0x00000000fec00000, 0x00000000ff11b778, 0x00000000ff160000)
  from space 640K,   0% used [0x00000000ff160000, 0x00000000ff161830, 0x00000000ff200000)
  to   space 640K,   0% used [0x00000000ff200000, 0x00000000ff200000, 0x00000000ff2a0000)
 concurrent mark-sweep generation total 13696K, used 8363K [0x00000000ff2a0000, 0x0000000100000000, 0x0000000100000000)
 Metaspace       used 5078K, capacity 5258K, committed 5504K, reserved 1056768K
  class space    used 557K, capacity 597K, committed 640K, reserved 1048576K
2024-07-16T17:10:14.534+0800: 1.202: [GC (Allocation Failure) 2024-07-16T17:10:14.534+0800: 1.202: [ParNew: 5235K->8K(6144K), 0.0003895 secs] 13599K->9395K(19840K), 0.0004455 secs] [Times: user=0.00 sys=0.00, real=0.00 secs] 
Heap after GC invocations=147 (full 17):
 par new generation   total 6144K, used 8K [0x00000000fec00000, 0x00000000ff2a0000, 0x00000000ff2a0000)
  eden space 5504K,   0% used [0x00000000fec00000, 0x00000000fec00000, 0x00000000ff160000)
  from space 640K,   1% used [0x00000000ff200000, 0x00000000ff202040, 0x00000000ff2a0000)
  to   space 640K,   0% used [0x00000000ff160000, 0x00000000ff160000, 0x00000000ff200000)
 concurrent mark-sweep generation total 13696K, used 9387K [0x00000000ff2a0000, 0x0000000100000000, 0x0000000100000000)
 Metaspace       used 5078K, capacity 5258K, committed 5504K, reserved 1056768K
  class space    used 557K, capacity 597K, committed 640K, reserved 1048576K
}
{Heap before GC invocations=147 (full 17):
 par new generation   total 6144K, used 5237K [0x00000000fec00000, 0x00000000ff2a0000, 0x00000000ff2a0000)
  eden space 5504K,  95% used [0x00000000fec00000, 0x00000000ff11b778, 0x00000000ff160000)
  from space 640K,   1% used [0x00000000ff200000, 0x00000000ff202040, 0x00000000ff2a0000)
  to   space 640K,   0% used [0x00000000ff160000, 0x00000000ff160000, 0x00000000ff200000)
 concurrent mark-sweep generation total 13696K, used 9387K [0x00000000ff2a0000, 0x0000000100000000, 0x0000000100000000)
 Metaspace       used 5078K, capacity 5258K, committed 5504K, reserved 1056768K
  class space    used 557K, capacity 597K, committed 640K, reserved 1048576K
2024-07-16T17:10:14.541+0800: 1.209: [GC (Allocation Failure) 2024-07-16T17:10:14.541+0800: 1.209: [ParNew: 5237K->8K(6144K), 0.0004205 secs] 14625K->10421K(19840K), 0.0004580 secs] [Times: user=0.00 sys=0.00, real=0.00 secs] 
Heap after GC invocations=148 (full 17):
 par new generation   total 6144K, used 8K [0x00000000fec00000, 0x00000000ff2a0000, 0x00000000ff2a0000)
  eden space 5504K,   0% used [0x00000000fec00000, 0x00000000fec00000, 0x00000000ff160000)
  from space 640K,   1% used [0x00000000ff160000, 0x00000000ff162040, 0x00000000ff200000)
  to   space 640K,   0% used [0x00000000ff200000, 0x00000000ff200000, 0x00000000ff2a0000)
 concurrent mark-sweep generation total 13696K, used 10413K [0x00000000ff2a0000, 0x0000000100000000, 0x0000000100000000)
 Metaspace       used 5078K, capacity 5258K, committed 5504K, reserved 1056768K
  class space    used 557K, capacity 597K, committed 640K, reserved 1048576K
}
{Heap before GC invocations=148 (full 17):
 par new generation   total 6144K, used 5237K [0x00000000fec00000, 0x00000000ff2a0000, 0x00000000ff2a0000)
  eden space 5504K,  95% used [0x00000000fec00000, 0x00000000ff11b780, 0x00000000ff160000)
  from space 640K,   1% used [0x00000000ff160000, 0x00000000ff162040, 0x00000000ff200000)
  to   space 640K,   0% used [0x00000000ff200000, 0x00000000ff200000, 0x00000000ff2a0000)
 concurrent mark-sweep generation total 13696K, used 10413K [0x00000000ff2a0000, 0x0000000100000000, 0x0000000100000000)
 Metaspace       used 5078K, capacity 5258K, committed 5504K, reserved 1056768K
  class space    used 557K, capacity 597K, committed 640K, reserved 1048576K
2024-07-16T17:10:14.550+0800: 1.218: [GC (Allocation Failure) 2024-07-16T17:10:14.550+0800: 1.218: [ParNew: 5237K->4K(6144K), 0.0003123 secs] 15651K->10417K(19840K), 0.0003506 secs] [Times: user=0.00 sys=0.00, real=0.00 secs] 
Heap after GC invocations=149 (full 17):
 par new generation   total 6144K, used 4K [0x00000000fec00000, 0x00000000ff2a0000, 0x00000000ff2a0000)
  eden space 5504K,   0% used [0x00000000fec00000, 0x00000000fec00000, 0x00000000ff160000)
  from space 640K,   0% used [0x00000000ff200000, 0x00000000ff201020, 0x00000000ff2a0000)
  to   space 640K,   0% used [0x00000000ff160000, 0x00000000ff160000, 0x00000000ff200000)
 concurrent mark-sweep generation total 13696K, used 10413K [0x00000000ff2a0000, 0x0000000100000000, 0x0000000100000000)
 Metaspace       used 5078K, capacity 5258K, committed 5504K, reserved 1056768K
  class space    used 557K, capacity 597K, committed 640K, reserved 1048576K
}
{Heap before GC invocations=149 (full 17):
 par new generation   total 6144K, used 5233K [0x00000000fec00000, 0x00000000ff2a0000, 0x00000000ff2a0000)
  eden space 5504K,  95% used [0x00000000fec00000, 0x00000000ff11b780, 0x00000000ff160000)
  from space 640K,   0% used [0x00000000ff200000, 0x00000000ff201020, 0x00000000ff2a0000)
  to   space 640K,   0% used [0x00000000ff160000, 0x00000000ff160000, 0x00000000ff200000)
 concurrent mark-sweep generation total 13696K, used 10413K [0x00000000ff2a0000, 0x0000000100000000, 0x0000000100000000)
 Metaspace       used 5078K, capacity 5258K, committed 5504K, reserved 1056768K
  class space    used 557K, capacity 597K, committed 640K, reserved 1048576K
2024-07-16T17:10:14.556+0800: 1.224: [GC (Allocation Failure) 2024-07-16T17:10:14.556+0800: 1.224: [ParNew: 5233K->8K(6144K), 0.0003754 secs] 15647K->11445K(19840K), 0.0004137 secs] [Times: user=0.00 sys=0.00, real=0.00 secs] 
Heap after GC invocations=150 (full 17):
 par new generation   total 6144K, used 8K [0x00000000fec00000, 0x00000000ff2a0000, 0x00000000ff2a0000)
  eden space 5504K,   0% used [0x00000000fec00000, 0x00000000fec00000, 0x00000000ff160000)
  from space 640K,   1% used [0x00000000ff160000, 0x00000000ff162040, 0x00000000ff200000)
  to   space 640K,   0% used [0x00000000ff200000, 0x00000000ff200000, 0x00000000ff2a0000)
 concurrent mark-sweep generation total 13696K, used 11437K [0x00000000ff2a0000, 0x0000000100000000, 0x0000000100000000)
 Metaspace       used 5078K, capacity 5258K, committed 5504K, reserved 1056768K
  class space    used 557K, capacity 597K, committed 640K, reserved 1048576K
}
2024-07-16T17:10:14.556+0800: 1.225: [GC (CMS Initial Mark) [1 CMS-initial-mark: 11437K(13696K)] 12469K(19840K), 0.0001469 secs] [Times: user=0.00 sys=0.00, real=0.00 secs] 
2024-07-16T17:10:14.556+0800: 1.225: [CMS-concurrent-mark-start]
2024-07-16T17:10:14.558+0800: 1.227: [CMS-concurrent-mark: 0.002/0.002 secs] [Times: user=0.00 sys=0.00, real=0.00 secs] 
2024-07-16T17:10:14.558+0800: 1.227: [CMS-concurrent-preclean-start]
2024-07-16T17:10:14.558+0800: 1.227: [CMS-concurrent-preclean: 0.000/0.000 secs] [Times: user=0.00 sys=0.00, real=0.00 secs] 
2024-07-16T17:10:14.558+0800: 1.227: [CMS-concurrent-abortable-preclean-start]
{Heap before GC invocations=150 (full 18):
 par new generation   total 6144K, used 5237K [0x00000000fec00000, 0x00000000ff2a0000, 0x00000000ff2a0000)
  eden space 5504K,  95% used [0x00000000fec00000, 0x00000000ff11b780, 0x00000000ff160000)
  from space 640K,   1% used [0x00000000ff160000, 0x00000000ff162040, 0x00000000ff200000)
  to   space 640K,   0% used [0x00000000ff200000, 0x00000000ff200000, 0x00000000ff2a0000)
 concurrent mark-sweep generation total 13696K, used 11437K [0x00000000ff2a0000, 0x0000000100000000, 0x0000000100000000)
 Metaspace       used 5078K, capacity 5258K, committed 5504K, reserved 1056768K
  class space    used 557K, capacity 597K, committed 640K, reserved 1048576K
2024-07-16T17:10:14.564+0800: 1.232: [GC (Allocation Failure) 2024-07-16T17:10:14.564+0800: 1.232: [ParNew: 5237K->4K(6144K), 0.0003177 secs] 16675K->11441K(19840K), 0.0003523 secs] [Times: user=0.00 sys=0.00, real=0.00 secs] 
Heap after GC invocations=151 (full 18):
 par new generation   total 6144K, used 4K [0x00000000fec00000, 0x00000000ff2a0000, 0x00000000ff2a0000)
  eden space 5504K,   0% used [0x00000000fec00000, 0x00000000fec00000, 0x00000000ff160000)
  from space 640K,   0% used [0x00000000ff200000, 0x00000000ff201020, 0x00000000ff2a0000)
  to   space 640K,   0% used [0x00000000ff160000, 0x00000000ff160000, 0x00000000ff200000)
 concurrent mark-sweep generation total 13696K, used 11437K [0x00000000ff2a0000, 0x0000000100000000, 0x0000000100000000)
 Metaspace       used 5078K, capacity 5258K, committed 5504K, reserved 1056768K
  class space    used 557K, capacity 597K, committed 640K, reserved 1048576K
}
{Heap before GC invocations=151 (full 18):
 par new generation   total 6144K, used 5233K [0x00000000fec00000, 0x00000000ff2a0000, 0x00000000ff2a0000)
  eden space 5504K,  95% used [0x00000000fec00000, 0x00000000ff11b780, 0x00000000ff160000)
  from space 640K,   0% used [0x00000000ff200000, 0x00000000ff201020, 0x00000000ff2a0000)
  to   space 640K,   0% used [0x00000000ff160000, 0x00000000ff160000, 0x00000000ff200000)
 concurrent mark-sweep generation total 13696K, used 11437K [0x00000000ff2a0000, 0x0000000100000000, 0x0000000100000000)
 Metaspace       used 5078K, capacity 5258K, committed 5504K, reserved 1056768K
  class space    used 557K, capacity 597K, committed 640K, reserved 1048576K
2024-07-16T17:10:14.572+0800: 1.240: [GC (Allocation Failure) 2024-07-16T17:10:14.572+0800: 1.240: [ParNew: 5233K->4K(6144K), 0.0003500 secs] 16671K->11441K(19840K), 0.0003957 secs] [Times: user=0.00 sys=0.00, real=0.00 secs] 
Heap after GC invocations=152 (full 18):
 par new generation   total 6144K, used 4K [0x00000000fec00000, 0x00000000ff2a0000, 0x00000000ff2a0000)
  eden space 5504K,   0% used [0x00000000fec00000, 0x00000000fec00000, 0x00000000ff160000)
  from space 640K,   0% used [0x00000000ff160000, 0x00000000ff161020, 0x00000000ff200000)
  to   space 640K,   0% used [0x00000000ff200000, 0x00000000ff200000, 0x00000000ff2a0000)
 concurrent mark-sweep generation total 13696K, used 11437K [0x00000000ff2a0000, 0x0000000100000000, 0x0000000100000000)
 Metaspace       used 5078K, capacity 5258K, committed 5504K, reserved 1056768K
  class space    used 557K, capacity 597K, committed 640K, reserved 1048576K
}
{Heap before GC invocations=152 (full 18):
 par new generation   total 6144K, used 5233K [0x00000000fec00000, 0x00000000ff2a0000, 0x00000000ff2a0000)
  eden space 5504K,  95% used [0x00000000fec00000, 0x00000000ff11b780, 0x00000000ff160000)
  from space 640K,   0% used [0x00000000ff160000, 0x00000000ff161020, 0x00000000ff200000)
  to   space 640K,   0% used [0x00000000ff200000, 0x00000000ff200000, 0x00000000ff2a0000)
 concurrent mark-sweep generation total 13696K, used 11437K [0x00000000ff2a0000, 0x0000000100000000, 0x0000000100000000)
 Metaspace       used 5078K, capacity 5258K, committed 5504K, reserved 1056768K
  class space    used 557K, capacity 597K, committed 640K, reserved 1048576K
2024-07-16T17:10:14.580+0800: 1.249: [GC (Allocation Failure) 2024-07-16T17:10:14.580+0800: 1.249: [ParNew: 5233K->4K(6144K), 0.0002939 secs] 16671K->11441K(19840K), 0.0003837 secs] [Times: user=0.00 sys=0.00, real=0.00 secs] 
Heap after GC invocations=153 (full 18):
 par new generation   total 6144K, used 4K [0x00000000fec00000, 0x00000000ff2a0000, 0x00000000ff2a0000)
  eden space 5504K,   0% used [0x00000000fec00000, 0x00000000fec00000, 0x00000000ff160000)
  from space 640K,   0% used [0x00000000ff200000, 0x00000000ff201020, 0x00000000ff2a0000)
  to   space 640K,   0% used [0x00000000ff160000, 0x00000000ff160000, 0x00000000ff200000)
 concurrent mark-sweep generation total 13696K, used 11437K [0x00000000ff2a0000, 0x0000000100000000, 0x0000000100000000)
 Metaspace       used 5078K, capacity 5258K, committed 5504K, reserved 1056768K
  class space    used 557K, capacity 597K, committed 640K, reserved 1048576K
}
{Heap before GC invocations=153 (full 18):
 par new generation   total 6144K, used 5233K [0x00000000fec00000, 0x00000000ff2a0000, 0x00000000ff2a0000)
  eden space 5504K,  95% used [0x00000000fec00000, 0x00000000ff11b780, 0x00000000ff160000)
  from space 640K,   0% used [0x00000000ff200000, 0x00000000ff201020, 0x00000000ff2a0000)
  to   space 640K,   0% used [0x00000000ff160000, 0x00000000ff160000, 0x00000000ff200000)
 concurrent mark-sweep generation total 13696K, used 11437K [0x00000000ff2a0000, 0x0000000100000000, 0x0000000100000000)
 Metaspace       used 5078K, capacity 5258K, committed 5504K, reserved 1056768K
  class space    used 557K, capacity 597K, committed 640K, reserved 1048576K
2024-07-16T17:10:14.587+0800: 1.256: [GC (Allocation Failure) 2024-07-16T17:10:14.587+0800: 1.256: [ParNew: 5233K->4K(6144K), 0.0002494 secs] 16671K->11441K(19840K), 0.0002761 secs] [Times: user=0.00 sys=0.00, real=0.00 secs] 
Heap after GC invocations=154 (full 18):
 par new generation   total 6144K, used 4K [0x00000000fec00000, 0x00000000ff2a0000, 0x00000000ff2a0000)
  eden space 5504K,   0% used [0x00000000fec00000, 0x00000000fec00000, 0x00000000ff160000)
  from space 640K,   0% used [0x00000000ff160000, 0x00000000ff161020, 0x00000000ff200000)
  to   space 640K,   0% used [0x00000000ff200000, 0x00000000ff200000, 0x00000000ff2a0000)
 concurrent mark-sweep generation total 13696K, used 11437K [0x00000000ff2a0000, 0x0000000100000000, 0x0000000100000000)
 Metaspace       used 5078K, capacity 5258K, committed 5504K, reserved 1056768K
  class space    used 557K, capacity 597K, committed 640K, reserved 1048576K
}
{Heap before GC invocations=154 (full 18):
 par new generation   total 6144K, used 5233K [0x00000000fec00000, 0x00000000ff2a0000, 0x00000000ff2a0000)
  eden space 5504K,  95% used [0x00000000fec00000, 0x00000000ff11b780, 0x00000000ff160000)
  from space 640K,   0% used [0x00000000ff160000, 0x00000000ff161020, 0x00000000ff200000)
  to   space 640K,   0% used [0x00000000ff200000, 0x00000000ff200000, 0x00000000ff2a0000)
 concurrent mark-sweep generation total 13696K, used 11437K [0x00000000ff2a0000, 0x0000000100000000, 0x0000000100000000)
 Metaspace       used 5078K, capacity 5258K, committed 5504K, reserved 1056768K
  class space    used 557K, capacity 597K, committed 640K, reserved 1048576K
2024-07-16T17:10:14.594+0800: 1.263: [GC (Allocation Failure) 2024-07-16T17:10:14.594+0800: 1.263: [ParNew: 5233K->4K(6144K), 0.0004284 secs] 16671K->11441K(19840K), 0.0004716 secs] [Times: user=0.00 sys=0.00, real=0.00 secs] 
Heap after GC invocations=155 (full 18):
 par new generation   total 6144K, used 4K [0x00000000fec00000, 0x00000000ff2a0000, 0x00000000ff2a0000)
  eden space 5504K,   0% used [0x00000000fec00000, 0x00000000fec00000, 0x00000000ff160000)
  from space 640K,   0% used [0x00000000ff200000, 0x00000000ff201020, 0x00000000ff2a0000)
  to   space 640K,   0% used [0x00000000ff160000, 0x00000000ff160000, 0x00000000ff200000)
 concurrent mark-sweep generation total 13696K, used 11437K [0x00000000ff2a0000, 0x0000000100000000, 0x0000000100000000)
 Metaspace       used 5078K, capacity 5258K, committed 5504K, reserved 1056768K
  class space    used 557K, capacity 597K, committed 640K, reserved 1048576K
}
{Heap before GC invocations=155 (full 18):
 par new generation   total 6144K, used 5233K [0x00000000fec00000, 0x00000000ff2a0000, 0x00000000ff2a0000)
  eden space 5504K,  95% used [0x00000000fec00000, 0x00000000ff11b780, 0x00000000ff160000)
  from space 640K,   0% used [0x00000000ff200000, 0x00000000ff201020, 0x00000000ff2a0000)
  to   space 640K,   0% used [0x00000000ff160000, 0x00000000ff160000, 0x00000000ff200000)
 concurrent mark-sweep generation total 13696K, used 11437K [0x00000000ff2a0000, 0x0000000100000000, 0x0000000100000000)
 Metaspace       used 5078K, capacity 5258K, committed 5504K, reserved 1056768K
  class space    used 557K, capacity 597K, committed 640K, reserved 1048576K
2024-07-16T17:10:14.600+0800: 1.269: [GC (Allocation Failure) 2024-07-16T17:10:14.600+0800: 1.269: [ParNew: 5233K->10K(6144K), 0.0004281 secs] 16671K->12473K(19840K), 0.0005105 secs] [Times: user=0.00 sys=0.00, real=0.00 secs] 
Heap after GC invocations=156 (full 18):
 par new generation   total 6144K, used 10K [0x00000000fec00000, 0x00000000ff2a0000, 0x00000000ff2a0000)
  eden space 5504K,   0% used [0x00000000fec00000, 0x00000000fec00000, 0x00000000ff160000)
  from space 640K,   1% used [0x00000000ff160000, 0x00000000ff162850, 0x00000000ff200000)
  to   space 640K,   0% used [0x00000000ff200000, 0x00000000ff200000, 0x00000000ff2a0000)
 concurrent mark-sweep generation total 13696K, used 12463K [0x00000000ff2a0000, 0x0000000100000000, 0x0000000100000000)
 Metaspace       used 5078K, capacity 5258K, committed 5504K, reserved 1056768K
  class space    used 557K, capacity 597K, committed 640K, reserved 1048576K
}
{Heap before GC invocations=156 (full 18):
 par new generation   total 6144K, used 5239K [0x00000000fec00000, 0x00000000ff2a0000, 0x00000000ff2a0000)
  eden space 5504K,  95% used [0x00000000fec00000, 0x00000000ff11b780, 0x00000000ff160000)
  from space 640K,   1% used [0x00000000ff160000, 0x00000000ff162850, 0x00000000ff200000)
  to   space 640K,   0% used [0x00000000ff200000, 0x00000000ff200000, 0x00000000ff2a0000)
 concurrent mark-sweep generation total 13696K, used 12463K [0x00000000ff2a0000, 0x0000000100000000, 0x0000000100000000)
 Metaspace       used 5078K, capacity 5258K, committed 5504K, reserved 1056768K
  class space    used 557K, capacity 597K, committed 640K, reserved 1048576K
2024-07-16T17:10:14.607+0800: 1.276: [GC (Allocation Failure) 2024-07-16T17:10:14.607+0800: 1.276: [ParNew: 5239K->5239K(6144K), 0.0000129 secs]2024-07-16T17:10:14.607+0800: 1.276: [CMS2024-07-16T17:10:14.607+0800: 1.276: [CMS-concurrent-abortable-preclean: 0.000/0.049 secs] [Times: user=0.03 sys=0.00, real=0.05 secs] 
 (concurrent mode failure): 12463K->1182K(13696K), 0.0021838 secs] 17703K->1182K(19840K), [Metaspace: 5078K->5078K(1056768K)], 0.0022443 secs] [Times: user=0.00 sys=0.00, real=0.00 secs] 
Heap after GC invocations=157 (full 19):
 par new generation   total 6144K, used 0K [0x00000000fec00000, 0x00000000ff2a0000, 0x00000000ff2a0000)
  eden space 5504K,   0% used [0x00000000fec00000, 0x00000000fec00000, 0x00000000ff160000)
  from space 640K,   0% used [0x00000000ff160000, 0x00000000ff160000, 0x00000000ff200000)
  to   space 640K,   0% used [0x00000000ff200000, 0x00000000ff200000, 0x00000000ff2a0000)
 concurrent mark-sweep generation total 13696K, used 1182K [0x00000000ff2a0000, 0x0000000100000000, 0x0000000100000000)
 Metaspace       used 5078K, capacity 5258K, committed 5504K, reserved 1056768K
  class space    used 557K, capacity 597K, committed 640K, reserved 1048576K
}
{Heap before GC invocations=157 (full 19):
 par new generation   total 6144K, used 5229K [0x00000000fec00000, 0x00000000ff2a0000, 0x00000000ff2a0000)
  eden space 5504K,  95% used [0x00000000fec00000, 0x00000000ff11b780, 0x00000000ff160000)
  from space 640K,   0% used [0x00000000ff160000, 0x00000000ff160000, 0x00000000ff200000)
  to   space 640K,   0% used [0x00000000ff200000, 0x00000000ff200000, 0x00000000ff2a0000)
 concurrent mark-sweep generation total 13696K, used 1182K [0x00000000ff2a0000, 0x0000000100000000, 0x0000000100000000)
 Metaspace       used 5078K, capacity 5258K, committed 5504K, reserved 1056768K
  class space    used 557K, capacity 597K, committed 640K, reserved 1048576K
2024-07-16T17:10:14.616+0800: 1.285: [GC (Allocation Failure) 2024-07-16T17:10:14.616+0800: 1.285: [ParNew: 5229K->4K(6144K), 0.0002510 secs] 6412K->1186K(19840K), 0.0003212 secs] [Times: user=0.00 sys=0.00, real=0.00 secs] 
Heap after GC invocations=158 (full 19):
 par new generation   total 6144K, used 4K [0x00000000fec00000, 0x00000000ff2a0000, 0x00000000ff2a0000)
  eden space 5504K,   0% used [0x00000000fec00000, 0x00000000fec00000, 0x00000000ff160000)
  from space 640K,   0% used [0x00000000ff200000, 0x00000000ff201020, 0x00000000ff2a0000)
  to   space 640K,   0% used [0x00000000ff160000, 0x00000000ff160000, 0x00000000ff200000)
 concurrent mark-sweep generation total 13696K, used 1182K [0x00000000ff2a0000, 0x0000000100000000, 0x0000000100000000)
 Metaspace       used 5078K, capacity 5258K, committed 5504K, reserved 1056768K
  class space    used 557K, capacity 597K, committed 640K, reserved 1048576K
}
{Heap before GC invocations=158 (full 19):
 par new generation   total 6144K, used 5233K [0x00000000fec00000, 0x00000000ff2a0000, 0x00000000ff2a0000)
  eden space 5504K,  95% used [0x00000000fec00000, 0x00000000ff11b780, 0x00000000ff160000)
  from space 640K,   0% used [0x00000000ff200000, 0x00000000ff201020, 0x00000000ff2a0000)
  to   space 640K,   0% used [0x00000000ff160000, 0x00000000ff160000, 0x00000000ff200000)
 concurrent mark-sweep generation total 13696K, used 1182K [0x00000000ff2a0000, 0x0000000100000000, 0x0000000100000000)
 Metaspace       used 5078K, capacity 5258K, committed 5504K, reserved 1056768K
  class space    used 557K, capacity 597K, committed 640K, reserved 1048576K
2024-07-16T17:10:14.622+0800: 1.291: [GC (Allocation Failure) 2024-07-16T17:10:14.622+0800: 1.291: [ParNew: 5233K->6K(6144K), 0.0003440 secs] 6416K->2214K(19840K), 0.0003644 secs] [Times: user=0.00 sys=0.00, real=0.00 secs] 
Heap after GC invocations=159 (full 19):
 par new generation   total 6144K, used 6K [0x00000000fec00000, 0x00000000ff2a0000, 0x00000000ff2a0000)
  eden space 5504K,   0% used [0x00000000fec00000, 0x00000000fec00000, 0x00000000ff160000)
  from space 640K,   0% used [0x00000000ff160000, 0x00000000ff161830, 0x00000000ff200000)
  to   space 640K,   0% used [0x00000000ff200000, 0x00000000ff200000, 0x00000000ff2a0000)
 concurrent mark-sweep generation total 13696K, used 2208K [0x00000000ff2a0000, 0x0000000100000000, 0x0000000100000000)
 Metaspace       used 5078K, capacity 5258K, committed 5504K, reserved 1056768K
  class space    used 557K, capacity 597K, committed 640K, reserved 1048576K
}
{Heap before GC invocations=159 (full 19):
 par new generation   total 6144K, used 5235K [0x00000000fec00000, 0x00000000ff2a0000, 0x00000000ff2a0000)
  eden space 5504K,  95% used [0x00000000fec00000, 0x00000000ff11b780, 0x00000000ff160000)
  from space 640K,   0% used [0x00000000ff160000, 0x00000000ff161830, 0x00000000ff200000)
  to   space 640K,   0% used [0x00000000ff200000, 0x00000000ff200000, 0x00000000ff2a0000)
 concurrent mark-sweep generation total 13696K, used 2208K [0x00000000ff2a0000, 0x0000000100000000, 0x0000000100000000)
 Metaspace       used 5078K, capacity 5258K, committed 5504K, reserved 1056768K
  class space    used 557K, capacity 597K, committed 640K, reserved 1048576K
2024-07-16T17:10:14.628+0800: 1.297: [GC (Allocation Failure) 2024-07-16T17:10:14.628+0800: 1.297: [ParNew: 5235K->8K(6144K), 0.0003089 secs] 7444K->3242K(19840K), 0.0003260 secs] [Times: user=0.00 sys=0.00, real=0.00 secs] 
Heap after GC invocations=160 (full 19):
 par new generation   total 6144K, used 8K [0x00000000fec00000, 0x00000000ff2a0000, 0x00000000ff2a0000)
  eden space 5504K,   0% used [0x00000000fec00000, 0x00000000fec00000, 0x00000000ff160000)
  from space 640K,   1% used [0x00000000ff200000, 0x00000000ff202040, 0x00000000ff2a0000)
  to   space 640K,   0% used [0x00000000ff160000, 0x00000000ff160000, 0x00000000ff200000)
 concurrent mark-sweep generation total 13696K, used 3234K [0x00000000ff2a0000, 0x0000000100000000, 0x0000000100000000)
 Metaspace       used 5078K, capacity 5258K, committed 5504K, reserved 1056768K
  class space    used 557K, capacity 597K, committed 640K, reserved 1048576K
}
{Heap before GC invocations=160 (full 19):
 par new generation   total 6144K, used 5237K [0x00000000fec00000, 0x00000000ff2a0000, 0x00000000ff2a0000)
  eden space 5504K,  95% used [0x00000000fec00000, 0x00000000ff11b780, 0x00000000ff160000)
  from space 640K,   1% used [0x00000000ff200000, 0x00000000ff202040, 0x00000000ff2a0000)
  to   space 640K,   0% used [0x00000000ff160000, 0x00000000ff160000, 0x00000000ff200000)
 concurrent mark-sweep generation total 13696K, used 3234K [0x00000000ff2a0000, 0x0000000100000000, 0x0000000100000000)
 Metaspace       used 5078K, capacity 5258K, committed 5504K, reserved 1056768K
  class space    used 557K, capacity 597K, committed 640K, reserved 1048576K
2024-07-16T17:10:14.634+0800: 1.303: [GC (Allocation Failure) 2024-07-16T17:10:14.634+0800: 1.303: [ParNew: 5237K->4K(6144K), 0.0002343 secs] 8472K->3238K(19840K), 0.0002541 secs] [Times: user=0.00 sys=0.00, real=0.00 secs] 
Heap after GC invocations=161 (full 19):
 par new generation   total 6144K, used 4K [0x00000000fec00000, 0x00000000ff2a0000, 0x00000000ff2a0000)
  eden space 5504K,   0% used [0x00000000fec00000, 0x00000000fec00000, 0x00000000ff160000)
  from space 640K,   0% used [0x00000000ff160000, 0x00000000ff161020, 0x00000000ff200000)
  to   space 640K,   0% used [0x00000000ff200000, 0x00000000ff200000, 0x00000000ff2a0000)
 concurrent mark-sweep generation total 13696K, used 3234K [0x00000000ff2a0000, 0x0000000100000000, 0x0000000100000000)
 Metaspace       used 5078K, capacity 5258K, committed 5504K, reserved 1056768K
  class space    used 557K, capacity 597K, committed 640K, reserved 1048576K
}
{Heap before GC invocations=161 (full 19):
 par new generation   total 6144K, used 5233K [0x00000000fec00000, 0x00000000ff2a0000, 0x00000000ff2a0000)
  eden space 5504K,  95% used [0x00000000fec00000, 0x00000000ff11b780, 0x00000000ff160000)
  from space 640K,   0% used [0x00000000ff160000, 0x00000000ff161020, 0x00000000ff200000)
  to   space 640K,   0% used [0x00000000ff200000, 0x00000000ff200000, 0x00000000ff2a0000)
 concurrent mark-sweep generation total 13696K, used 3234K [0x00000000ff2a0000, 0x0000000100000000, 0x0000000100000000)
 Metaspace       used 5078K, capacity 5258K, committed 5504K, reserved 1056768K
  class space    used 557K, capacity 597K, committed 640K, reserved 1048576K
2024-07-16T17:10:14.640+0800: 1.309: [GC (Allocation Failure) 2024-07-16T17:10:14.640+0800: 1.309: [ParNew: 5233K->8K(6144K), 0.0003073 secs] 8468K->4268K(19840K), 0.0003338 secs] [Times: user=0.00 sys=0.00, real=0.00 secs] 
Heap after GC invocations=162 (full 19):
 par new generation   total 6144K, used 8K [0x00000000fec00000, 0x00000000ff2a0000, 0x00000000ff2a0000)
  eden space 5504K,   0% used [0x00000000fec00000, 0x00000000fec00000, 0x00000000ff160000)
  from space 640K,   1% used [0x00000000ff200000, 0x00000000ff202040, 0x00000000ff2a0000)
  to   space 640K,   0% used [0x00000000ff160000, 0x00000000ff160000, 0x00000000ff200000)
 concurrent mark-sweep generation total 13696K, used 4260K [0x00000000ff2a0000, 0x0000000100000000, 0x0000000100000000)
 Metaspace       used 5078K, capacity 5258K, committed 5504K, reserved 1056768K
  class space    used 557K, capacity 597K, committed 640K, reserved 1048576K
}
{Heap before GC invocations=162 (full 19):
 par new generation   total 6144K, used 5237K [0x00000000fec00000, 0x00000000ff2a0000, 0x00000000ff2a0000)
  eden space 5504K,  95% used [0x00000000fec00000, 0x00000000ff11b780, 0x00000000ff160000)
  from space 640K,   1% used [0x00000000ff200000, 0x00000000ff202040, 0x00000000ff2a0000)
  to   space 640K,   0% used [0x00000000ff160000, 0x00000000ff160000, 0x00000000ff200000)
 concurrent mark-sweep generation total 13696K, used 4260K [0x00000000ff2a0000, 0x0000000100000000, 0x0000000100000000)
 Metaspace       used 5078K, capacity 5258K, committed 5504K, reserved 1056768K
  class space    used 557K, capacity 597K, committed 640K, reserved 1048576K
2024-07-16T17:10:14.647+0800: 1.316: [GC (Allocation Failure) 2024-07-16T17:10:14.647+0800: 1.316: [ParNew: 5237K->6K(6144K), 0.0003144 secs] 9498K->5293K(19840K), 0.0003760 secs] [Times: user=0.00 sys=0.00, real=0.00 secs] 
Heap after GC invocations=163 (full 19):
 par new generation   total 6144K, used 6K [0x00000000fec00000, 0x00000000ff2a0000, 0x00000000ff2a0000)
  eden space 5504K,   0% used [0x00000000fec00000, 0x00000000fec00000, 0x00000000ff160000)
  from space 640K,   0% used [0x00000000ff160000, 0x00000000ff161830, 0x00000000ff200000)
  to   space 640K,   0% used [0x00000000ff200000, 0x00000000ff200000, 0x00000000ff2a0000)
 concurrent mark-sweep generation total 13696K, used 5286K [0x00000000ff2a0000, 0x0000000100000000, 0x0000000100000000)
 Metaspace       used 5078K, capacity 5258K, committed 5504K, reserved 1056768K
  class space    used 557K, capacity 597K, committed 640K, reserved 1048576K
}
{Heap before GC invocations=163 (full 19):
 par new generation   total 6144K, used 5235K [0x00000000fec00000, 0x00000000ff2a0000, 0x00000000ff2a0000)
  eden space 5504K,  95% used [0x00000000fec00000, 0x00000000ff11b780, 0x00000000ff160000)
  from space 640K,   0% used [0x00000000ff160000, 0x00000000ff161830, 0x00000000ff200000)
  to   space 640K,   0% used [0x00000000ff200000, 0x00000000ff200000, 0x00000000ff2a0000)
 concurrent mark-sweep generation total 13696K, used 5286K [0x00000000ff2a0000, 0x0000000100000000, 0x0000000100000000)
 Metaspace       used 5078K, capacity 5258K, committed 5504K, reserved 1056768K
  class space    used 557K, capacity 597K, committed 640K, reserved 1048576K
2024-07-16T17:10:14.654+0800: 1.323: [GC (Allocation Failure) 2024-07-16T17:10:14.654+0800: 1.323: [ParNew: 5235K->4K(6144K), 0.0002790 secs] 10522K->5291K(19840K), 0.0003129 secs] [Times: user=0.00 sys=0.00, real=0.00 secs] 
Heap after GC invocations=164 (full 19):
 par new generation   total 6144K, used 4K [0x00000000fec00000, 0x00000000ff2a0000, 0x00000000ff2a0000)
  eden space 5504K,   0% used [0x00000000fec00000, 0x00000000fec00000, 0x00000000ff160000)
  from space 640K,   0% used [0x00000000ff200000, 0x00000000ff201020, 0x00000000ff2a0000)
  to   space 640K,   0% used [0x00000000ff160000, 0x00000000ff160000, 0x00000000ff200000)
 concurrent mark-sweep generation total 13696K, used 5286K [0x00000000ff2a0000, 0x0000000100000000, 0x0000000100000000)
 Metaspace       used 5078K, capacity 5258K, committed 5504K, reserved 1056768K
  class space    used 557K, capacity 597K, committed 640K, reserved 1048576K
}
{Heap before GC invocations=164 (full 19):
 par new generation   total 6144K, used 5233K [0x00000000fec00000, 0x00000000ff2a0000, 0x00000000ff2a0000)
  eden space 5504K,  95% used [0x00000000fec00000, 0x00000000ff11b780, 0x00000000ff160000)
  from space 640K,   0% used [0x00000000ff200000, 0x00000000ff201020, 0x00000000ff2a0000)
  to   space 640K,   0% used [0x00000000ff160000, 0x00000000ff160000, 0x00000000ff200000)
 concurrent mark-sweep generation total 13696K, used 5286K [0x00000000ff2a0000, 0x0000000100000000, 0x0000000100000000)
 Metaspace       used 5078K, capacity 5258K, committed 5504K, reserved 1056768K
  class space    used 557K, capacity 597K, committed 640K, reserved 1048576K
2024-07-16T17:10:14.661+0800: 1.330: [GC (Allocation Failure) 2024-07-16T17:10:14.661+0800: 1.330: [ParNew: 5233K->10K(6144K), 0.0003500 secs] 10520K->6321K(19840K), 0.0003704 secs] [Times: user=0.00 sys=0.00, real=0.00 secs] 
Heap after GC invocations=165 (full 19):
 par new generation   total 6144K, used 10K [0x00000000fec00000, 0x00000000ff2a0000, 0x00000000ff2a0000)
  eden space 5504K,   0% used [0x00000000fec00000, 0x00000000fec00000, 0x00000000ff160000)
  from space 640K,   1% used [0x00000000ff160000, 0x00000000ff162850, 0x00000000ff200000)
  to   space 640K,   0% used [0x00000000ff200000, 0x00000000ff200000, 0x00000000ff2a0000)
 concurrent mark-sweep generation total 13696K, used 6310K [0x00000000ff2a0000, 0x0000000100000000, 0x0000000100000000)
 Metaspace       used 5078K, capacity 5258K, committed 5504K, reserved 1056768K
  class space    used 557K, capacity 597K, committed 640K, reserved 1048576K
}
{Heap before GC invocations=165 (full 19):
 par new generation   total 6144K, used 5239K [0x00000000fec00000, 0x00000000ff2a0000, 0x00000000ff2a0000)
  eden space 5504K,  95% used [0x00000000fec00000, 0x00000000ff11b780, 0x00000000ff160000)
  from space 640K,   1% used [0x00000000ff160000, 0x00000000ff162850, 0x00000000ff200000)
  to   space 640K,   0% used [0x00000000ff200000, 0x00000000ff200000, 0x00000000ff2a0000)
 concurrent mark-sweep generation total 13696K, used 6310K [0x00000000ff2a0000, 0x0000000100000000, 0x0000000100000000)
 Metaspace       used 5078K, capacity 5258K, committed 5504K, reserved 1056768K
  class space    used 557K, capacity 597K, committed 640K, reserved 1048576K
2024-07-16T17:10:14.669+0800: 1.338: [GC (Allocation Failure) 2024-07-16T17:10:14.669+0800: 1.338: [ParNew: 5239K->4K(6144K), 0.0002523 secs] 11550K->6315K(19840K), 0.0002834 secs] [Times: user=0.00 sys=0.00, real=0.00 secs] 
Heap after GC invocations=166 (full 19):
 par new generation   total 6144K, used 4K [0x00000000fec00000, 0x00000000ff2a0000, 0x00000000ff2a0000)
  eden space 5504K,   0% used [0x00000000fec00000, 0x00000000fec00000, 0x00000000ff160000)
  from space 640K,   0% used [0x00000000ff200000, 0x00000000ff201020, 0x00000000ff2a0000)
  to   space 640K,   0% used [0x00000000ff160000, 0x00000000ff160000, 0x00000000ff200000)
 concurrent mark-sweep generation total 13696K, used 6310K [0x00000000ff2a0000, 0x0000000100000000, 0x0000000100000000)
 Metaspace       used 5078K, capacity 5258K, committed 5504K, reserved 1056768K
  class space    used 557K, capacity 597K, committed 640K, reserved 1048576K
}
{Heap before GC invocations=166 (full 19):
 par new generation   total 6144K, used 5233K [0x00000000fec00000, 0x00000000ff2a0000, 0x00000000ff2a0000)
  eden space 5504K,  95% used [0x00000000fec00000, 0x00000000ff11b780, 0x00000000ff160000)
  from space 640K,   0% used [0x00000000ff200000, 0x00000000ff201020, 0x00000000ff2a0000)
  to   space 640K,   0% used [0x00000000ff160000, 0x00000000ff160000, 0x00000000ff200000)
 concurrent mark-sweep generation total 13696K, used 6310K [0x00000000ff2a0000, 0x0000000100000000, 0x0000000100000000)
 Metaspace       used 5078K, capacity 5258K, committed 5504K, reserved 1056768K
  class space    used 557K, capacity 597K, committed 640K, reserved 1048576K
2024-07-16T17:10:14.676+0800: 1.345: [GC (Allocation Failure) 2024-07-16T17:10:14.676+0800: 1.345: [ParNew: 5233K->2K(6144K), 0.0002869 secs] 11544K->6313K(19840K), 0.0003188 secs] [Times: user=0.00 sys=0.00, real=0.00 secs] 
Heap after GC invocations=167 (full 19):
 par new generation   total 6144K, used 2K [0x00000000fec00000, 0x00000000ff2a0000, 0x00000000ff2a0000)
  eden space 5504K,   0% used [0x00000000fec00000, 0x00000000fec00000, 0x00000000ff160000)
  from space 640K,   0% used [0x00000000ff160000, 0x00000000ff160810, 0x00000000ff200000)
  to   space 640K,   0% used [0x00000000ff200000, 0x00000000ff200000, 0x00000000ff2a0000)
 concurrent mark-sweep generation total 13696K, used 6310K [0x00000000ff2a0000, 0x0000000100000000, 0x0000000100000000)
 Metaspace       used 5078K, capacity 5258K, committed 5504K, reserved 1056768K
  class space    used 557K, capacity 597K, committed 640K, reserved 1048576K
}
{Heap before GC invocations=167 (full 19):
 par new generation   total 6144K, used 5231K [0x00000000fec00000, 0x00000000ff2a0000, 0x00000000ff2a0000)
  eden space 5504K,  95% used [0x00000000fec00000, 0x00000000ff11b780, 0x00000000ff160000)
  from space 640K,   0% used [0x00000000ff160000, 0x00000000ff160810, 0x00000000ff200000)
  to   space 640K,   0% used [0x00000000ff200000, 0x00000000ff200000, 0x00000000ff2a0000)
 concurrent mark-sweep generation total 13696K, used 6310K [0x00000000ff2a0000, 0x0000000100000000, 0x0000000100000000)
 Metaspace       used 5078K, capacity 5258K, committed 5504K, reserved 1056768K
  class space    used 557K, capacity 597K, committed 640K, reserved 1048576K
2024-07-16T17:10:14.683+0800: 1.352: [GC (Allocation Failure) 2024-07-16T17:10:14.683+0800: 1.352: [ParNew: 5231K->4K(6144K), 0.0002940 secs] 11542K->6315K(19840K), 0.0003823 secs] [Times: user=0.00 sys=0.00, real=0.00 secs] 
Heap after GC invocations=168 (full 19):
 par new generation   total 6144K, used 4K [0x00000000fec00000, 0x00000000ff2a0000, 0x00000000ff2a0000)
  eden space 5504K,   0% used [0x00000000fec00000, 0x00000000fec00000, 0x00000000ff160000)
  from space 640K,   0% used [0x00000000ff200000, 0x00000000ff201020, 0x00000000ff2a0000)
  to   space 640K,   0% used [0x00000000ff160000, 0x00000000ff160000, 0x00000000ff200000)
 concurrent mark-sweep generation total 13696K, used 6310K [0x00000000ff2a0000, 0x0000000100000000, 0x0000000100000000)
 Metaspace       used 5078K, capacity 5258K, committed 5504K, reserved 1056768K
  class space    used 557K, capacity 597K, committed 640K, reserved 1048576K
}
{Heap before GC invocations=168 (full 19):
 par new generation   total 6144K, used 5233K [0x00000000fec00000, 0x00000000ff2a0000, 0x00000000ff2a0000)
  eden space 5504K,  95% used [0x00000000fec00000, 0x00000000ff11b780, 0x00000000ff160000)
  from space 640K,   0% used [0x00000000ff200000, 0x00000000ff201020, 0x00000000ff2a0000)
  to   space 640K,   0% used [0x00000000ff160000, 0x00000000ff160000, 0x00000000ff200000)
 concurrent mark-sweep generation total 13696K, used 6310K [0x00000000ff2a0000, 0x0000000100000000, 0x0000000100000000)
 Metaspace       used 5078K, capacity 5258K, committed 5504K, reserved 1056768K
  class space    used 557K, capacity 597K, committed 640K, reserved 1048576K
2024-07-16T17:10:14.689+0800: 1.358: [GC (Allocation Failure) 2024-07-16T17:10:14.689+0800: 1.358: [ParNew: 5233K->8K(6144K), 0.0004424 secs] 11544K->7345K(19840K), 0.0004813 secs] [Times: user=0.00 sys=0.00, real=0.00 secs] 
Heap after GC invocations=169 (full 19):
 par new generation   total 6144K, used 8K [0x00000000fec00000, 0x00000000ff2a0000, 0x00000000ff2a0000)
  eden space 5504K,   0% used [0x00000000fec00000, 0x00000000fec00000, 0x00000000ff160000)
  from space 640K,   1% used [0x00000000ff160000, 0x00000000ff162040, 0x00000000ff200000)
  to   space 640K,   0% used [0x00000000ff200000, 0x00000000ff200000, 0x00000000ff2a0000)
 concurrent mark-sweep generation total 13696K, used 7337K [0x00000000ff2a0000, 0x0000000100000000, 0x0000000100000000)
 Metaspace       used 5078K, capacity 5258K, committed 5504K, reserved 1056768K
  class space    used 557K, capacity 597K, committed 640K, reserved 1048576K
}
{Heap before GC invocations=169 (full 19):
 par new generation   total 6144K, used 5242K [0x00000000fec00000, 0x00000000ff2a0000, 0x00000000ff2a0000)
  eden space 5504K,  95% used [0x00000000fec00000, 0x00000000ff11cad8, 0x00000000ff160000)
  from space 640K,   1% used [0x00000000ff160000, 0x00000000ff162040, 0x00000000ff200000)
  to   space 640K,   0% used [0x00000000ff200000, 0x00000000ff200000, 0x00000000ff2a0000)
 concurrent mark-sweep generation total 13696K, used 7337K [0x00000000ff2a0000, 0x0000000100000000, 0x0000000100000000)
 Metaspace       used 5078K, capacity 5258K, committed 5504K, reserved 1056768K
  class space    used 557K, capacity 597K, committed 640K, reserved 1048576K
2024-07-16T17:10:14.697+0800: 1.366: [GC (Allocation Failure) 2024-07-16T17:10:14.697+0800: 1.366: [ParNew: 5242K->12K(6144K), 0.0006452 secs] 12579K->8376K(19840K), 0.0006783 secs] [Times: user=0.00 sys=0.00, real=0.00 secs] 
Heap after GC invocations=170 (full 19):
 par new generation   total 6144K, used 12K [0x00000000fec00000, 0x00000000ff2a0000, 0x00000000ff2a0000)
  eden space 5504K,   0% used [0x00000000fec00000, 0x00000000fec00000, 0x00000000ff160000)
  from space 640K,   2% used [0x00000000ff200000, 0x00000000ff203398, 0x00000000ff2a0000)
  to   space 640K,   0% used [0x00000000ff160000, 0x00000000ff160000, 0x00000000ff200000)
 concurrent mark-sweep generation total 13696K, used 8363K [0x00000000ff2a0000, 0x0000000100000000, 0x0000000100000000)
 Metaspace       used 5078K, capacity 5258K, committed 5504K, reserved 1056768K
  class space    used 557K, capacity 597K, committed 640K, reserved 1048576K
}
{Heap before GC invocations=170 (full 19):
 par new generation   total 6144K, used 5242K [0x00000000fec00000, 0x00000000ff2a0000, 0x00000000ff2a0000)
  eden space 5504K,  95% used [0x00000000fec00000, 0x00000000ff11b758, 0x00000000ff160000)
  from space 640K,   2% used [0x00000000ff200000, 0x00000000ff203398, 0x00000000ff2a0000)
  to   space 640K,   0% used [0x00000000ff160000, 0x00000000ff160000, 0x00000000ff200000)
 concurrent mark-sweep generation total 13696K, used 8363K [0x00000000ff2a0000, 0x0000000100000000, 0x0000000100000000)
 Metaspace       used 5078K, capacity 5258K, committed 5504K, reserved 1056768K
  class space    used 557K, capacity 597K, committed 640K, reserved 1048576K
2024-07-16T17:10:14.705+0800: 1.374: [GC (Allocation Failure) 2024-07-16T17:10:14.705+0800: 1.374: [ParNew: 5242K->8K(6144K), 0.0003002 secs] 13605K->8371K(19840K), 0.0003341 secs] [Times: user=0.00 sys=0.00, real=0.00 secs] 
Heap after GC invocations=171 (full 19):
 par new generation   total 6144K, used 8K [0x00000000fec00000, 0x00000000ff2a0000, 0x00000000ff2a0000)
  eden space 5504K,   0% used [0x00000000fec00000, 0x00000000fec00000, 0x00000000ff160000)
  from space 640K,   1% used [0x00000000ff160000, 0x00000000ff162378, 0x00000000ff200000)
  to   space 640K,   0% used [0x00000000ff200000, 0x00000000ff200000, 0x00000000ff2a0000)
 concurrent mark-sweep generation total 13696K, used 8363K [0x00000000ff2a0000, 0x0000000100000000, 0x0000000100000000)
 Metaspace       used 5078K, capacity 5258K, committed 5504K, reserved 1056768K
  class space    used 557K, capacity 597K, committed 640K, reserved 1048576K
}
{Heap before GC invocations=171 (full 19):
 par new generation   total 6144K, used 5238K [0x00000000fec00000, 0x00000000ff2a0000, 0x00000000ff2a0000)
  eden space 5504K,  95% used [0x00000000fec00000, 0x00000000ff11b788, 0x00000000ff160000)
  from space 640K,   1% used [0x00000000ff160000, 0x00000000ff162378, 0x00000000ff200000)
  to   space 640K,   0% used [0x00000000ff200000, 0x00000000ff200000, 0x00000000ff2a0000)
 concurrent mark-sweep generation total 13696K, used 8363K [0x00000000ff2a0000, 0x0000000100000000, 0x0000000100000000)
 Metaspace       used 5078K, capacity 5258K, committed 5504K, reserved 1056768K
  class space    used 557K, capacity 597K, committed 640K, reserved 1048576K
2024-07-16T17:10:14.712+0800: 1.380: [GC (Allocation Failure) 2024-07-16T17:10:14.712+0800: 1.380: [ParNew: 5238K->12K(6144K), 0.0003946 secs] 13601K->9402K(19840K), 0.0004257 secs] [Times: user=0.00 sys=0.00, real=0.00 secs] 
Heap after GC invocations=172 (full 19):
 par new generation   total 6144K, used 12K [0x00000000fec00000, 0x00000000ff2a0000, 0x00000000ff2a0000)
  eden space 5504K,   0% used [0x00000000fec00000, 0x00000000fec00000, 0x00000000ff160000)
  from space 640K,   2% used [0x00000000ff200000, 0x00000000ff203398, 0x00000000ff2a0000)
  to   space 640K,   0% used [0x00000000ff160000, 0x00000000ff160000, 0x00000000ff200000)
 concurrent mark-sweep generation total 13696K, used 9389K [0x00000000ff2a0000, 0x0000000100000000, 0x0000000100000000)
 Metaspace       used 5078K, capacity 5258K, committed 5504K, reserved 1056768K
  class space    used 557K, capacity 597K, committed 640K, reserved 1048576K
}
{Heap before GC invocations=172 (full 19):
 par new generation   total 6144K, used 5242K [0x00000000fec00000, 0x00000000ff2a0000, 0x00000000ff2a0000)
  eden space 5504K,  95% used [0x00000000fec00000, 0x00000000ff11b788, 0x00000000ff160000)
  from space 640K,   2% used [0x00000000ff200000, 0x00000000ff203398, 0x00000000ff2a0000)
  to   space 640K,   0% used [0x00000000ff160000, 0x00000000ff160000, 0x00000000ff200000)
 concurrent mark-sweep generation total 13696K, used 9389K [0x00000000ff2a0000, 0x0000000100000000, 0x0000000100000000)
 Metaspace       used 5078K, capacity 5258K, committed 5504K, reserved 1056768K
  class space    used 557K, capacity 597K, committed 640K, reserved 1048576K
2024-07-16T17:10:14.718+0800: 1.387: [GC (Allocation Failure) 2024-07-16T17:10:14.718+0800: 1.387: [ParNew: 5242K->8K(6144K), 0.0002664 secs] 14631K->9398K(19840K), 0.0002983 secs] [Times: user=0.00 sys=0.00, real=0.00 secs] 
Heap after GC invocations=173 (full 19):
 par new generation   total 6144K, used 8K [0x00000000fec00000, 0x00000000ff2a0000, 0x00000000ff2a0000)
  eden space 5504K,   0% used [0x00000000fec00000, 0x00000000fec00000, 0x00000000ff160000)
  from space 640K,   1% used [0x00000000ff160000, 0x00000000ff162378, 0x00000000ff200000)
  to   space 640K,   0% used [0x00000000ff200000, 0x00000000ff200000, 0x00000000ff2a0000)
 concurrent mark-sweep generation total 13696K, used 9389K [0x00000000ff2a0000, 0x0000000100000000, 0x0000000100000000)
 Metaspace       used 5078K, capacity 5258K, committed 5504K, reserved 1056768K
  class space    used 557K, capacity 597K, committed 640K, reserved 1048576K
}
{Heap before GC invocations=173 (full 19):
 par new generation   total 6144K, used 5238K [0x00000000fec00000, 0x00000000ff2a0000, 0x00000000ff2a0000)
  eden space 5504K,  95% used [0x00000000fec00000, 0x00000000ff11b780, 0x00000000ff160000)
  from space 640K,   1% used [0x00000000ff160000, 0x00000000ff162378, 0x00000000ff200000)
  to   space 640K,   0% used [0x00000000ff200000, 0x00000000ff200000, 0x00000000ff2a0000)
 concurrent mark-sweep generation total 13696K, used 9389K [0x00000000ff2a0000, 0x0000000100000000, 0x0000000100000000)
 Metaspace       used 5078K, capacity 5258K, committed 5504K, reserved 1056768K
  class space    used 557K, capacity 597K, committed 640K, reserved 1048576K
2024-07-16T17:10:14.723+0800: 1.392: [GC (Allocation Failure) 2024-07-16T17:10:14.723+0800: 1.392: [ParNew: 5238K->12K(6144K), 0.0003499 secs] 14627K->10426K(19840K), 0.0003834 secs] [Times: user=0.00 sys=0.00, real=0.00 secs] 
Heap after GC invocations=174 (full 19):
 par new generation   total 6144K, used 12K [0x00000000fec00000, 0x00000000ff2a0000, 0x00000000ff2a0000)
  eden space 5504K,   0% used [0x00000000fec00000, 0x00000000fec00000, 0x00000000ff160000)
  from space 640K,   2% used [0x00000000ff200000, 0x00000000ff203398, 0x00000000ff2a0000)
  to   space 640K,   0% used [0x00000000ff160000, 0x00000000ff160000, 0x00000000ff200000)
 concurrent mark-sweep generation total 13696K, used 10413K [0x00000000ff2a0000, 0x0000000100000000, 0x0000000100000000)
 Metaspace       used 5078K, capacity 5258K, committed 5504K, reserved 1056768K
  class space    used 557K, capacity 597K, committed 640K, reserved 1048576K
}
{Heap before GC invocations=174 (full 19):
 par new generation   total 6144K, used 5242K [0x00000000fec00000, 0x00000000ff2a0000, 0x00000000ff2a0000)
  eden space 5504K,  95% used [0x00000000fec00000, 0x00000000ff11b780, 0x00000000ff160000)
  from space 640K,   2% used [0x00000000ff200000, 0x00000000ff203398, 0x00000000ff2a0000)
  to   space 640K,   0% used [0x00000000ff160000, 0x00000000ff160000, 0x00000000ff200000)
 concurrent mark-sweep generation total 13696K, used 10413K [0x00000000ff2a0000, 0x0000000100000000, 0x0000000100000000)
 Metaspace       used 5078K, capacity 5258K, committed 5504K, reserved 1056768K
  class space    used 557K, capacity 597K, committed 640K, reserved 1048576K
2024-07-16T17:10:14.729+0800: 1.398: [GC (Allocation Failure) 2024-07-16T17:10:14.729+0800: 1.398: [ParNew: 5242K->12K(6144K), 0.0003464 secs] 15655K->11450K(19840K), 0.0003826 secs] [Times: user=0.00 sys=0.00, real=0.00 secs] 
Heap after GC invocations=175 (full 19):
 par new generation   total 6144K, used 12K [0x00000000fec00000, 0x00000000ff2a0000, 0x00000000ff2a0000)
  eden space 5504K,   0% used [0x00000000fec00000, 0x00000000fec00000, 0x00000000ff160000)
  from space 640K,   2% used [0x00000000ff160000, 0x00000000ff163398, 0x00000000ff200000)
  to   space 640K,   0% used [0x00000000ff200000, 0x00000000ff200000, 0x00000000ff2a0000)
 concurrent mark-sweep generation total 13696K, used 11437K [0x00000000ff2a0000, 0x0000000100000000, 0x0000000100000000)
 Metaspace       used 5078K, capacity 5258K, committed 5504K, reserved 1056768K
  class space    used 557K, capacity 597K, committed 640K, reserved 1048576K
}
2024-07-16T17:10:14.730+0800: 1.398: [GC (CMS Initial Mark) [1 CMS-initial-mark: 11437K(13696K)] 12474K(19840K), 0.0001077 secs] [Times: user=0.00 sys=0.00, real=0.00 secs] 
2024-07-16T17:10:14.730+0800: 1.398: [CMS-concurrent-mark-start]
2024-07-16T17:10:14.731+0800: 1.400: [CMS-concurrent-mark: 0.001/0.001 secs] [Times: user=0.00 sys=0.00, real=0.00 secs] 
2024-07-16T17:10:14.731+0800: 1.400: [CMS-concurrent-preclean-start]
2024-07-16T17:10:14.731+0800: 1.400: [CMS-concurrent-preclean: 0.000/0.000 secs] [Times: user=0.00 sys=0.00, real=0.00 secs] 
2024-07-16T17:10:14.731+0800: 1.400: [CMS-concurrent-abortable-preclean-start]
{Heap before GC invocations=175 (full 20):
 par new generation   total 6144K, used 5242K [0x00000000fec00000, 0x00000000ff2a0000, 0x00000000ff2a0000)
  eden space 5504K,  95% used [0x00000000fec00000, 0x00000000ff11b780, 0x00000000ff160000)
  from space 640K,   2% used [0x00000000ff160000, 0x00000000ff163398, 0x00000000ff200000)
  to   space 640K,   0% used [0x00000000ff200000, 0x00000000ff200000, 0x00000000ff2a0000)
 concurrent mark-sweep generation total 13696K, used 11437K [0x00000000ff2a0000, 0x0000000100000000, 0x0000000100000000)
 Metaspace       used 5078K, capacity 5258K, committed 5504K, reserved 1056768K
  class space    used 557K, capacity 597K, committed 640K, reserved 1048576K
2024-07-16T17:10:14.735+0800: 1.404: [GC (Allocation Failure) 2024-07-16T17:10:14.735+0800: 1.404: [ParNew: 5242K->8K(6144K), 0.0003678 secs] 16679K->12474K(19840K), 0.0004082 secs] [Times: user=0.00 sys=0.00, real=0.00 secs] 
Heap after GC invocations=176 (full 20):
 par new generation   total 6144K, used 8K [0x00000000fec00000, 0x00000000ff2a0000, 0x00000000ff2a0000)
  eden space 5504K,   0% used [0x00000000fec00000, 0x00000000fec00000, 0x00000000ff160000)
  from space 640K,   1% used [0x00000000ff200000, 0x00000000ff202040, 0x00000000ff2a0000)
  to   space 640K,   0% used [0x00000000ff160000, 0x00000000ff160000, 0x00000000ff200000)
 concurrent mark-sweep generation total 13696K, used 12466K [0x00000000ff2a0000, 0x0000000100000000, 0x0000000100000000)
 Metaspace       used 5078K, capacity 5258K, committed 5504K, reserved 1056768K
  class space    used 557K, capacity 597K, committed 640K, reserved 1048576K
}
{Heap before GC invocations=176 (full 20):
 par new generation   total 6144K, used 5237K [0x00000000fec00000, 0x00000000ff2a0000, 0x00000000ff2a0000)
  eden space 5504K,  95% used [0x00000000fec00000, 0x00000000ff11b780, 0x00000000ff160000)
  from space 640K,   1% used [0x00000000ff200000, 0x00000000ff202040, 0x00000000ff2a0000)
  to   space 640K,   0% used [0x00000000ff160000, 0x00000000ff160000, 0x00000000ff200000)
 concurrent mark-sweep generation total 13696K, used 12466K [0x00000000ff2a0000, 0x0000000100000000, 0x0000000100000000)
 Metaspace       used 5078K, capacity 5258K, committed 5504K, reserved 1056768K
  class space    used 557K, capacity 597K, committed 640K, reserved 1048576K
2024-07-16T17:10:14.742+0800: 1.410: [GC (Allocation Failure) 2024-07-16T17:10:14.742+0800: 1.410: [ParNew: 5237K->5237K(6144K), 0.0000134 secs]2024-07-16T17:10:14.742+0800: 1.410: [CMS2024-07-16T17:10:14.742+0800: 1.410: [CMS-concurrent-abortable-preclean: 0.000/0.011 secs] [Times: user=0.00 sys=0.00, real=0.01 secs] 
 (concurrent mode failure): 12466K->2208K(13696K), 0.0024622 secs] 17704K->2208K(19840K), [Metaspace: 5078K->5078K(1056768K)], 0.0025322 secs] [Times: user=0.00 sys=0.00, real=0.00 secs] 
Heap after GC invocations=177 (full 21):
 par new generation   total 6144K, used 0K [0x00000000fec00000, 0x00000000ff2a0000, 0x00000000ff2a0000)
  eden space 5504K,   0% used [0x00000000fec00000, 0x00000000fec00000, 0x00000000ff160000)
  from space 640K,   0% used [0x00000000ff200000, 0x00000000ff200000, 0x00000000ff2a0000)
  to   space 640K,   0% used [0x00000000ff160000, 0x00000000ff160000, 0x00000000ff200000)
 concurrent mark-sweep generation total 13696K, used 2208K [0x00000000ff2a0000, 0x0000000100000000, 0x0000000100000000)
 Metaspace       used 5078K, capacity 5258K, committed 5504K, reserved 1056768K
  class space    used 557K, capacity 597K, committed 640K, reserved 1048576K
}
{Heap before GC invocations=177 (full 21):
 par new generation   total 6144K, used 5229K [0x00000000fec00000, 0x00000000ff2a0000, 0x00000000ff2a0000)
  eden space 5504K,  95% used [0x00000000fec00000, 0x00000000ff11b780, 0x00000000ff160000)
  from space 640K,   0% used [0x00000000ff200000, 0x00000000ff200000, 0x00000000ff2a0000)
  to   space 640K,   0% used [0x00000000ff160000, 0x00000000ff160000, 0x00000000ff200000)
 concurrent mark-sweep generation total 13696K, used 2208K [0x00000000ff2a0000, 0x0000000100000000, 0x0000000100000000)
 Metaspace       used 5078K, capacity 5258K, committed 5504K, reserved 1056768K
  class space    used 557K, capacity 597K, committed 640K, reserved 1048576K
2024-07-16T17:10:14.750+0800: 1.418: [GC (Allocation Failure) 2024-07-16T17:10:14.750+0800: 1.418: [ParNew: 5229K->8K(6144K), 0.0004045 secs] 7438K->3242K(19840K), 0.0004328 secs] [Times: user=0.00 sys=0.00, real=0.00 secs] 
Heap after GC invocations=178 (full 21):
 par new generation   total 6144K, used 8K [0x00000000fec00000, 0x00000000ff2a0000, 0x00000000ff2a0000)
  eden space 5504K,   0% used [0x00000000fec00000, 0x00000000fec00000, 0x00000000ff160000)
  from space 640K,   1% used [0x00000000ff160000, 0x00000000ff162040, 0x00000000ff200000)
  to   space 640K,   0% used [0x00000000ff200000, 0x00000000ff200000, 0x00000000ff2a0000)
 concurrent mark-sweep generation total 13696K, used 3234K [0x00000000ff2a0000, 0x0000000100000000, 0x0000000100000000)
 Metaspace       used 5078K, capacity 5258K, committed 5504K, reserved 1056768K
  class space    used 557K, capacity 597K, committed 640K, reserved 1048576K
}
{Heap before GC invocations=178 (full 21):
 par new generation   total 6144K, used 5237K [0x00000000fec00000, 0x00000000ff2a0000, 0x00000000ff2a0000)
  eden space 5504K,  95% used [0x00000000fec00000, 0x00000000ff11b780, 0x00000000ff160000)
  from space 640K,   1% used [0x00000000ff160000, 0x00000000ff162040, 0x00000000ff200000)
  to   space 640K,   0% used [0x00000000ff200000, 0x00000000ff200000, 0x00000000ff2a0000)
 concurrent mark-sweep generation total 13696K, used 3234K [0x00000000ff2a0000, 0x0000000100000000, 0x0000000100000000)
 Metaspace       used 5078K, capacity 5258K, committed 5504K, reserved 1056768K
  class space    used 557K, capacity 597K, committed 640K, reserved 1048576K
2024-07-16T17:10:14.755+0800: 1.424: [GC (Allocation Failure) 2024-07-16T17:10:14.755+0800: 1.424: [ParNew: 5237K->10K(6144K), 0.0004509 secs] 8472K->4270K(19840K), 0.0004860 secs] [Times: user=0.00 sys=0.00, real=0.00 secs] 
Heap after GC invocations=179 (full 21):
 par new generation   total 6144K, used 10K [0x00000000fec00000, 0x00000000ff2a0000, 0x00000000ff2a0000)
  eden space 5504K,   0% used [0x00000000fec00000, 0x00000000fec00000, 0x00000000ff160000)
  from space 640K,   1% used [0x00000000ff200000, 0x00000000ff202850, 0x00000000ff2a0000)
  to   space 640K,   0% used [0x00000000ff160000, 0x00000000ff160000, 0x00000000ff200000)
 concurrent mark-sweep generation total 13696K, used 4260K [0x00000000ff2a0000, 0x0000000100000000, 0x0000000100000000)
 Metaspace       used 5078K, capacity 5258K, committed 5504K, reserved 1056768K
  class space    used 557K, capacity 597K, committed 640K, reserved 1048576K
}
{Heap before GC invocations=179 (full 21):
 par new generation   total 6144K, used 5239K [0x00000000fec00000, 0x00000000ff2a0000, 0x00000000ff2a0000)
  eden space 5504K,  95% used [0x00000000fec00000, 0x00000000ff11b780, 0x00000000ff160000)
  from space 640K,   1% used [0x00000000ff200000, 0x00000000ff202850, 0x00000000ff2a0000)
  to   space 640K,   0% used [0x00000000ff160000, 0x00000000ff160000, 0x00000000ff200000)
 concurrent mark-sweep generation total 13696K, used 4260K [0x00000000ff2a0000, 0x0000000100000000, 0x0000000100000000)
 Metaspace       used 5078K, capacity 5258K, committed 5504K, reserved 1056768K
  class space    used 557K, capacity 597K, committed 640K, reserved 1048576K
2024-07-16T17:10:14.761+0800: 1.430: [GC (Allocation Failure) 2024-07-16T17:10:14.761+0800: 1.430: [ParNew: 5239K->10K(6144K), 0.0003411 secs] 9500K->5296K(19840K), 0.0003760 secs] [Times: user=0.00 sys=0.00, real=0.00 secs] 
Heap after GC invocations=180 (full 21):
 par new generation   total 6144K, used 10K [0x00000000fec00000, 0x00000000ff2a0000, 0x00000000ff2a0000)
  eden space 5504K,   0% used [0x00000000fec00000, 0x00000000fec00000, 0x00000000ff160000)
  from space 640K,   1% used [0x00000000ff160000, 0x00000000ff162850, 0x00000000ff200000)
  to   space 640K,   0% used [0x00000000ff200000, 0x00000000ff200000, 0x00000000ff2a0000)
 concurrent mark-sweep generation total 13696K, used 5286K [0x00000000ff2a0000, 0x0000000100000000, 0x0000000100000000)
 Metaspace       used 5078K, capacity 5258K, committed 5504K, reserved 1056768K
  class space    used 557K, capacity 597K, committed 640K, reserved 1048576K
}
{Heap before GC invocations=180 (full 21):
 par new generation   total 6144K, used 5239K [0x00000000fec00000, 0x00000000ff2a0000, 0x00000000ff2a0000)
  eden space 5504K,  95% used [0x00000000fec00000, 0x00000000ff11b780, 0x00000000ff160000)
  from space 640K,   1% used [0x00000000ff160000, 0x00000000ff162850, 0x00000000ff200000)
  to   space 640K,   0% used [0x00000000ff200000, 0x00000000ff200000, 0x00000000ff2a0000)
 concurrent mark-sweep generation total 13696K, used 5286K [0x00000000ff2a0000, 0x0000000100000000, 0x0000000100000000)
 Metaspace       used 5078K, capacity 5258K, committed 5504K, reserved 1056768K
  class space    used 557K, capacity 597K, committed 640K, reserved 1048576K
2024-07-16T17:10:14.768+0800: 1.436: [GC (Allocation Failure) 2024-07-16T17:10:14.768+0800: 1.436: [ParNew: 5239K->6K(6144K), 0.0004057 secs] 10526K->6318K(19840K), 0.0004387 secs] [Times: user=0.00 sys=0.00, real=0.00 secs] 
Heap after GC invocations=181 (full 21):
 par new generation   total 6144K, used 6K [0x00000000fec00000, 0x00000000ff2a0000, 0x00000000ff2a0000)
  eden space 5504K,   0% used [0x00000000fec00000, 0x00000000fec00000, 0x00000000ff160000)
  from space 640K,   0% used [0x00000000ff200000, 0x00000000ff201830, 0x00000000ff2a0000)
  to   space 640K,   0% used [0x00000000ff160000, 0x00000000ff160000, 0x00000000ff200000)
 concurrent mark-sweep generation total 13696K, used 6312K [0x00000000ff2a0000, 0x0000000100000000, 0x0000000100000000)
 Metaspace       used 5078K, capacity 5258K, committed 5504K, reserved 1056768K
  class space    used 557K, capacity 597K, committed 640K, reserved 1048576K
}
{Heap before GC invocations=181 (full 21):
 par new generation   total 6144K, used 5235K [0x00000000fec00000, 0x00000000ff2a0000, 0x00000000ff2a0000)
  eden space 5504K,  95% used [0x00000000fec00000, 0x00000000ff11b780, 0x00000000ff160000)
  from space 640K,   0% used [0x00000000ff200000, 0x00000000ff201830, 0x00000000ff2a0000)
  to   space 640K,   0% used [0x00000000ff160000, 0x00000000ff160000, 0x00000000ff200000)
 concurrent mark-sweep generation total 13696K, used 6312K [0x00000000ff2a0000, 0x0000000100000000, 0x0000000100000000)
 Metaspace       used 5078K, capacity 5258K, committed 5504K, reserved 1056768K
  class space    used 557K, capacity 597K, committed 640K, reserved 1048576K
2024-07-16T17:10:14.776+0800: 1.444: [GC (Allocation Failure) 2024-07-16T17:10:14.776+0800: 1.444: [ParNew: 5235K->6K(6144K), 0.0004704 secs] 11548K->7342K(19840K), 0.0005300 secs] [Times: user=0.00 sys=0.00, real=0.00 secs] 
Heap after GC invocations=182 (full 21):
 par new generation   total 6144K, used 6K [0x00000000fec00000, 0x00000000ff2a0000, 0x00000000ff2a0000)
  eden space 5504K,   0% used [0x00000000fec00000, 0x00000000fec00000, 0x00000000ff160000)
  from space 640K,   0% used [0x00000000ff160000, 0x00000000ff161830, 0x00000000ff200000)
  to   space 640K,   0% used [0x00000000ff200000, 0x00000000ff200000, 0x00000000ff2a0000)
 concurrent mark-sweep generation total 13696K, used 7336K [0x00000000ff2a0000, 0x0000000100000000, 0x0000000100000000)
 Metaspace       used 5078K, capacity 5258K, committed 5504K, reserved 1056768K
  class space    used 557K, capacity 597K, committed 640K, reserved 1048576K
}
{Heap before GC invocations=182 (full 21):
 par new generation   total 6144K, used 5235K [0x00000000fec00000, 0x00000000ff2a0000, 0x00000000ff2a0000)
  eden space 5504K,  95% used [0x00000000fec00000, 0x00000000ff11b780, 0x00000000ff160000)
  from space 640K,   0% used [0x00000000ff160000, 0x00000000ff161830, 0x00000000ff200000)
  to   space 640K,   0% used [0x00000000ff200000, 0x00000000ff200000, 0x00000000ff2a0000)
 concurrent mark-sweep generation total 13696K, used 7336K [0x00000000ff2a0000, 0x0000000100000000, 0x0000000100000000)
 Metaspace       used 5078K, capacity 5258K, committed 5504K, reserved 1056768K
  class space    used 557K, capacity 597K, committed 640K, reserved 1048576K
2024-07-16T17:10:14.783+0800: 1.451: [GC (Allocation Failure) 2024-07-16T17:10:14.783+0800: 1.451: [ParNew: 5235K->4K(6144K), 0.0002741 secs] 12572K->7340K(19840K), 0.0003109 secs] [Times: user=0.00 sys=0.00, real=0.00 secs] 
Heap after GC invocations=183 (full 21):
 par new generation   total 6144K, used 4K [0x00000000fec00000, 0x00000000ff2a0000, 0x00000000ff2a0000)
  eden space 5504K,   0% used [0x00000000fec00000, 0x00000000fec00000, 0x00000000ff160000)
  from space 640K,   0% used [0x00000000ff200000, 0x00000000ff201020, 0x00000000ff2a0000)
  to   space 640K,   0% used [0x00000000ff160000, 0x00000000ff160000, 0x00000000ff200000)
 concurrent mark-sweep generation total 13696K, used 7336K [0x00000000ff2a0000, 0x0000000100000000, 0x0000000100000000)
 Metaspace       used 5078K, capacity 5258K, committed 5504K, reserved 1056768K
  class space    used 557K, capacity 597K, committed 640K, reserved 1048576K
}
{Heap before GC invocations=183 (full 21):
 par new generation   total 6144K, used 5233K [0x00000000fec00000, 0x00000000ff2a0000, 0x00000000ff2a0000)
  eden space 5504K,  95% used [0x00000000fec00000, 0x00000000ff11b780, 0x00000000ff160000)
  from space 640K,   0% used [0x00000000ff200000, 0x00000000ff201020, 0x00000000ff2a0000)
  to   space 640K,   0% used [0x00000000ff160000, 0x00000000ff160000, 0x00000000ff200000)
 concurrent mark-sweep generation total 13696K, used 7336K [0x00000000ff2a0000, 0x0000000100000000, 0x0000000100000000)
 Metaspace       used 5078K, capacity 5258K, committed 5504K, reserved 1056768K
  class space    used 557K, capacity 597K, committed 640K, reserved 1048576K
2024-07-16T17:10:14.788+0800: 1.456: [GC (Allocation Failure) 2024-07-16T17:10:14.788+0800: 1.456: [ParNew: 5233K->6K(6144K), 0.0003467 secs] 12570K->8366K(19840K), 0.0003761 secs] [Times: user=0.00 sys=0.00, real=0.00 secs] 
Heap after GC invocations=184 (full 21):
 par new generation   total 6144K, used 6K [0x00000000fec00000, 0x00000000ff2a0000, 0x00000000ff2a0000)
  eden space 5504K,   0% used [0x00000000fec00000, 0x00000000fec00000, 0x00000000ff160000)
  from space 640K,   0% used [0x00000000ff160000, 0x00000000ff161830, 0x00000000ff200000)
  to   space 640K,   0% used [0x00000000ff200000, 0x00000000ff200000, 0x00000000ff2a0000)
 concurrent mark-sweep generation total 13696K, used 8360K [0x00000000ff2a0000, 0x0000000100000000, 0x0000000100000000)
 Metaspace       used 5078K, capacity 5258K, committed 5504K, reserved 1056768K
  class space    used 557K, capacity 597K, committed 640K, reserved 1048576K
}
{Heap before GC invocations=184 (full 21):
 par new generation   total 6144K, used 5235K [0x00000000fec00000, 0x00000000ff2a0000, 0x00000000ff2a0000)
  eden space 5504K,  95% used [0x00000000fec00000, 0x00000000ff11b780, 0x00000000ff160000)
  from space 640K,   0% used [0x00000000ff160000, 0x00000000ff161830, 0x00000000ff200000)
  to   space 640K,   0% used [0x00000000ff200000, 0x00000000ff200000, 0x00000000ff2a0000)
 concurrent mark-sweep generation total 13696K, used 8360K [0x00000000ff2a0000, 0x0000000100000000, 0x0000000100000000)
 Metaspace       used 5078K, capacity 5258K, committed 5504K, reserved 1056768K
  class space    used 557K, capacity 597K, committed 640K, reserved 1048576K
2024-07-16T17:10:14.794+0800: 1.462: [GC (Allocation Failure) 2024-07-16T17:10:14.794+0800: 1.462: [ParNew: 5235K->4K(6144K), 0.0004270 secs] 13596K->8364K(19840K), 0.0004873 secs] [Times: user=0.00 sys=0.00, real=0.00 secs] 
Heap after GC invocations=185 (full 21):
 par new generation   total 6144K, used 4K [0x00000000fec00000, 0x00000000ff2a0000, 0x00000000ff2a0000)
  eden space 5504K,   0% used [0x00000000fec00000, 0x00000000fec00000, 0x00000000ff160000)
  from space 640K,   0% used [0x00000000ff200000, 0x00000000ff201020, 0x00000000ff2a0000)
  to   space 640K,   0% used [0x00000000ff160000, 0x00000000ff160000, 0x00000000ff200000)
 concurrent mark-sweep generation total 13696K, used 8360K [0x00000000ff2a0000, 0x0000000100000000, 0x0000000100000000)
 Metaspace       used 5078K, capacity 5258K, committed 5504K, reserved 1056768K
  class space    used 557K, capacity 597K, committed 640K, reserved 1048576K
}
{Heap before GC invocations=185 (full 21):
 par new generation   total 6144K, used 5233K [0x00000000fec00000, 0x00000000ff2a0000, 0x00000000ff2a0000)
  eden space 5504K,  95% used [0x00000000fec00000, 0x00000000ff11b780, 0x00000000ff160000)
  from space 640K,   0% used [0x00000000ff200000, 0x00000000ff201020, 0x00000000ff2a0000)
  to   space 640K,   0% used [0x00000000ff160000, 0x00000000ff160000, 0x00000000ff200000)
 concurrent mark-sweep generation total 13696K, used 8360K [0x00000000ff2a0000, 0x0000000100000000, 0x0000000100000000)
 Metaspace       used 5078K, capacity 5258K, committed 5504K, reserved 1056768K
  class space    used 557K, capacity 597K, committed 640K, reserved 1048576K
2024-07-16T17:10:14.799+0800: 1.468: [GC (Allocation Failure) 2024-07-16T17:10:14.799+0800: 1.468: [ParNew: 5233K->8K(6144K), 0.0003794 secs] 13594K->9394K(19840K), 0.0004248 secs] [Times: user=0.00 sys=0.00, real=0.00 secs] 
Heap after GC invocations=186 (full 21):
 par new generation   total 6144K, used 8K [0x00000000fec00000, 0x00000000ff2a0000, 0x00000000ff2a0000)
  eden space 5504K,   0% used [0x00000000fec00000, 0x00000000fec00000, 0x00000000ff160000)
  from space 640K,   1% used [0x00000000ff160000, 0x00000000ff162040, 0x00000000ff200000)
  to   space 640K,   0% used [0x00000000ff200000, 0x00000000ff200000, 0x00000000ff2a0000)
 concurrent mark-sweep generation total 13696K, used 9386K [0x00000000ff2a0000, 0x0000000100000000, 0x0000000100000000)
 Metaspace       used 5078K, capacity 5258K, committed 5504K, reserved 1056768K
  class space    used 557K, capacity 597K, committed 640K, reserved 1048576K
}
{Heap before GC invocations=186 (full 21):
 par new generation   total 6144K, used 5237K [0x00000000fec00000, 0x00000000ff2a0000, 0x00000000ff2a0000)
  eden space 5504K,  95% used [0x00000000fec00000, 0x00000000ff11b780, 0x00000000ff160000)
  from space 640K,   1% used [0x00000000ff160000, 0x00000000ff162040, 0x00000000ff200000)
  to   space 640K,   0% used [0x00000000ff200000, 0x00000000ff200000, 0x00000000ff2a0000)
 concurrent mark-sweep generation total 13696K, used 9386K [0x00000000ff2a0000, 0x0000000100000000, 0x0000000100000000)
 Metaspace       used 5078K, capacity 5258K, committed 5504K, reserved 1056768K
  class space    used 557K, capacity 597K, committed 640K, reserved 1048576K
2024-07-16T17:10:14.805+0800: 1.474: [GC (Allocation Failure) 2024-07-16T17:10:14.805+0800: 1.474: [ParNew: 5237K->8K(6144K), 0.0003783 secs] 14624K->10420K(19840K), 0.0004255 secs] [Times: user=0.00 sys=0.00, real=0.00 secs] 
Heap after GC invocations=187 (full 21):
 par new generation   total 6144K, used 8K [0x00000000fec00000, 0x00000000ff2a0000, 0x00000000ff2a0000)
  eden space 5504K,   0% used [0x00000000fec00000, 0x00000000fec00000, 0x00000000ff160000)
  from space 640K,   1% used [0x00000000ff200000, 0x00000000ff202040, 0x00000000ff2a0000)
  to   space 640K,   0% used [0x00000000ff160000, 0x00000000ff160000, 0x00000000ff200000)
 concurrent mark-sweep generation total 13696K, used 10412K [0x00000000ff2a0000, 0x0000000100000000, 0x0000000100000000)
 Metaspace       used 5078K, capacity 5258K, committed 5504K, reserved 1056768K
  class space    used 557K, capacity 597K, committed 640K, reserved 1048576K
}
{Heap before GC invocations=187 (full 21):
 par new generation   total 6144K, used 5237K [0x00000000fec00000, 0x00000000ff2a0000, 0x00000000ff2a0000)
  eden space 5504K,  95% used [0x00000000fec00000, 0x00000000ff11b780, 0x00000000ff160000)
  from space 640K,   1% used [0x00000000ff200000, 0x00000000ff202040, 0x00000000ff2a0000)
  to   space 640K,   0% used [0x00000000ff160000, 0x00000000ff160000, 0x00000000ff200000)
 concurrent mark-sweep generation total 13696K, used 10412K [0x00000000ff2a0000, 0x0000000100000000, 0x0000000100000000)
 Metaspace       used 5078K, capacity 5258K, committed 5504K, reserved 1056768K
  class space    used 557K, capacity 597K, committed 640K, reserved 1048576K
2024-07-16T17:10:14.811+0800: 1.479: [GC (Allocation Failure) 2024-07-16T17:10:14.811+0800: 1.479: [ParNew: 5237K->4K(6144K), 0.0002804 secs] 15650K->10416K(19840K), 0.0003078 secs] [Times: user=0.00 sys=0.00, real=0.00 secs] 
Heap after GC invocations=188 (full 21):
 par new generation   total 6144K, used 4K [0x00000000fec00000, 0x00000000ff2a0000, 0x00000000ff2a0000)
  eden space 5504K,   0% used [0x00000000fec00000, 0x00000000fec00000, 0x00000000ff160000)
  from space 640K,   0% used [0x00000000ff160000, 0x00000000ff161020, 0x00000000ff200000)
  to   space 640K,   0% used [0x00000000ff200000, 0x00000000ff200000, 0x00000000ff2a0000)
 concurrent mark-sweep generation total 13696K, used 10412K [0x00000000ff2a0000, 0x0000000100000000, 0x0000000100000000)
 Metaspace       used 5078K, capacity 5258K, committed 5504K, reserved 1056768K
  class space    used 557K, capacity 597K, committed 640K, reserved 1048576K
}
{Heap before GC invocations=188 (full 21):
 par new generation   total 6144K, used 5233K [0x00000000fec00000, 0x00000000ff2a0000, 0x00000000ff2a0000)
  eden space 5504K,  95% used [0x00000000fec00000, 0x00000000ff11b780, 0x00000000ff160000)
  from space 640K,   0% used [0x00000000ff160000, 0x00000000ff161020, 0x00000000ff200000)
  to   space 640K,   0% used [0x00000000ff200000, 0x00000000ff200000, 0x00000000ff2a0000)
 concurrent mark-sweep generation total 13696K, used 10412K [0x00000000ff2a0000, 0x0000000100000000, 0x0000000100000000)
 Metaspace       used 5078K, capacity 5258K, committed 5504K, reserved 1056768K
  class space    used 557K, capacity 597K, committed 640K, reserved 1048576K
2024-07-16T17:10:14.818+0800: 1.486: [GC (Allocation Failure) 2024-07-16T17:10:14.818+0800: 1.486: [ParNew: 5233K->4K(6144K), 0.0003424 secs] 15646K->10416K(19840K), 0.0003751 secs] [Times: user=0.00 sys=0.00, real=0.00 secs] 
Heap after GC invocations=189 (full 21):
 par new generation   total 6144K, used 4K [0x00000000fec00000, 0x00000000ff2a0000, 0x00000000ff2a0000)
  eden space 5504K,   0% used [0x00000000fec00000, 0x00000000fec00000, 0x00000000ff160000)
  from space 640K,   0% used [0x00000000ff200000, 0x00000000ff201020, 0x00000000ff2a0000)
  to   space 640K,   0% used [0x00000000ff160000, 0x00000000ff160000, 0x00000000ff200000)
 concurrent mark-sweep generation total 13696K, used 10412K [0x00000000ff2a0000, 0x0000000100000000, 0x0000000100000000)
 Metaspace       used 5078K, capacity 5258K, committed 5504K, reserved 1056768K
  class space    used 557K, capacity 597K, committed 640K, reserved 1048576K
}
{Heap before GC invocations=189 (full 21):
 par new generation   total 6144K, used 5233K [0x00000000fec00000, 0x00000000ff2a0000, 0x00000000ff2a0000)
  eden space 5504K,  95% used [0x00000000fec00000, 0x00000000ff11b780, 0x00000000ff160000)
  from space 640K,   0% used [0x00000000ff200000, 0x00000000ff201020, 0x00000000ff2a0000)
  to   space 640K,   0% used [0x00000000ff160000, 0x00000000ff160000, 0x00000000ff200000)
 concurrent mark-sweep generation total 13696K, used 10412K [0x00000000ff2a0000, 0x0000000100000000, 0x0000000100000000)
 Metaspace       used 5078K, capacity 5258K, committed 5504K, reserved 1056768K
  class space    used 557K, capacity 597K, committed 640K, reserved 1048576K
2024-07-16T17:10:14.826+0800: 1.495: [GC (Allocation Failure) 2024-07-16T17:10:14.826+0800: 1.495: [ParNew: 5233K->4K(6144K), 0.0003610 secs] 15646K->10416K(19840K), 0.0004119 secs] [Times: user=0.00 sys=0.00, real=0.00 secs] 
Heap after GC invocations=190 (full 21):
 par new generation   total 6144K, used 4K [0x00000000fec00000, 0x00000000ff2a0000, 0x00000000ff2a0000)
  eden space 5504K,   0% used [0x00000000fec00000, 0x00000000fec00000, 0x00000000ff160000)
  from space 640K,   0% used [0x00000000ff160000, 0x00000000ff161020, 0x00000000ff200000)
  to   space 640K,   0% used [0x00000000ff200000, 0x00000000ff200000, 0x00000000ff2a0000)
 concurrent mark-sweep generation total 13696K, used 10412K [0x00000000ff2a0000, 0x0000000100000000, 0x0000000100000000)
 Metaspace       used 5078K, capacity 5258K, committed 5504K, reserved 1056768K
  class space    used 557K, capacity 597K, committed 640K, reserved 1048576K
}
{Heap before GC invocations=190 (full 21):
 par new generation   total 6144K, used 5233K [0x00000000fec00000, 0x00000000ff2a0000, 0x00000000ff2a0000)
  eden space 5504K,  95% used [0x00000000fec00000, 0x00000000ff11b780, 0x00000000ff160000)
  from space 640K,   0% used [0x00000000ff160000, 0x00000000ff161020, 0x00000000ff200000)
  to   space 640K,   0% used [0x00000000ff200000, 0x00000000ff200000, 0x00000000ff2a0000)
 concurrent mark-sweep generation total 13696K, used 10412K [0x00000000ff2a0000, 0x0000000100000000, 0x0000000100000000)
 Metaspace       used 5078K, capacity 5258K, committed 5504K, reserved 1056768K
  class space    used 557K, capacity 597K, committed 640K, reserved 1048576K
2024-07-16T17:10:14.832+0800: 1.500: [GC (Allocation Failure) 2024-07-16T17:10:14.832+0800: 1.500: [ParNew: 5233K->8K(6144K), 0.0003557 secs] 15646K->11444K(19840K), 0.0003907 secs] [Times: user=0.00 sys=0.00, real=0.00 secs] 
Heap after GC invocations=191 (full 21):
 par new generation   total 6144K, used 8K [0x00000000fec00000, 0x00000000ff2a0000, 0x00000000ff2a0000)
  eden space 5504K,   0% used [0x00000000fec00000, 0x00000000fec00000, 0x00000000ff160000)
  from space 640K,   1% used [0x00000000ff200000, 0x00000000ff202040, 0x00000000ff2a0000)
  to   space 640K,   0% used [0x00000000ff160000, 0x00000000ff160000, 0x00000000ff200000)
 concurrent mark-sweep generation total 13696K, used 11436K [0x00000000ff2a0000, 0x0000000100000000, 0x0000000100000000)
 Metaspace       used 5078K, capacity 5258K, committed 5504K, reserved 1056768K
  class space    used 557K, capacity 597K, committed 640K, reserved 1048576K
}
2024-07-16T17:10:14.832+0800: 1.501: [GC (CMS Initial Mark) [1 CMS-initial-mark: 11436K(13696K)] 12470K(19840K), 0.0001145 secs] [Times: user=0.00 sys=0.00, real=0.00 secs] 
2024-07-16T17:10:14.832+0800: 1.501: [CMS-concurrent-mark-start]
2024-07-16T17:10:14.834+0800: 1.502: [CMS-concurrent-mark: 0.001/0.001 secs] [Times: user=0.00 sys=0.00, real=0.00 secs] 
2024-07-16T17:10:14.834+0800: 1.502: [CMS-concurrent-preclean-start]
2024-07-16T17:10:14.834+0800: 1.502: [CMS-concurrent-preclean: 0.000/0.000 secs] [Times: user=0.00 sys=0.00, real=0.00 secs] 
2024-07-16T17:10:14.834+0800: 1.502: [CMS-concurrent-abortable-preclean-start]
{Heap before GC invocations=191 (full 22):
 par new generation   total 6144K, used 5237K [0x00000000fec00000, 0x00000000ff2a0000, 0x00000000ff2a0000)
  eden space 5504K,  95% used [0x00000000fec00000, 0x00000000ff11b780, 0x00000000ff160000)
  from space 640K,   1% used [0x00000000ff200000, 0x00000000ff202040, 0x00000000ff2a0000)
  to   space 640K,   0% used [0x00000000ff160000, 0x00000000ff160000, 0x00000000ff200000)
 concurrent mark-sweep generation total 13696K, used 11436K [0x00000000ff2a0000, 0x0000000100000000, 0x0000000100000000)
 Metaspace       used 5078K, capacity 5258K, committed 5504K, reserved 1056768K
  class space    used 557K, capacity 597K, committed 640K, reserved 1048576K
2024-07-16T17:10:14.840+0800: 1.508: [GC (Allocation Failure) 2024-07-16T17:10:14.840+0800: 1.508: [ParNew: 5237K->4K(6144K), 0.0002352 secs] 16674K->11440K(19840K), 0.0002749 secs] [Times: user=0.00 sys=0.00, real=0.00 secs] 
Heap after GC invocations=192 (full 22):
 par new generation   total 6144K, used 4K [0x00000000fec00000, 0x00000000ff2a0000, 0x00000000ff2a0000)
  eden space 5504K,   0% used [0x00000000fec00000, 0x00000000fec00000, 0x00000000ff160000)
  from space 640K,   0% used [0x00000000ff160000, 0x00000000ff161020, 0x00000000ff200000)
  to   space 640K,   0% used [0x00000000ff200000, 0x00000000ff200000, 0x00000000ff2a0000)
 concurrent mark-sweep generation total 13696K, used 11436K [0x00000000ff2a0000, 0x0000000100000000, 0x0000000100000000)
 Metaspace       used 5078K, capacity 5258K, committed 5504K, reserved 1056768K
  class space    used 557K, capacity 597K, committed 640K, reserved 1048576K
}
{Heap before GC invocations=192 (full 22):
 par new generation   total 6144K, used 5233K [0x00000000fec00000, 0x00000000ff2a0000, 0x00000000ff2a0000)
  eden space 5504K,  95% used [0x00000000fec00000, 0x00000000ff11b780, 0x00000000ff160000)
  from space 640K,   0% used [0x00000000ff160000, 0x00000000ff161020, 0x00000000ff200000)
  to   space 640K,   0% used [0x00000000ff200000, 0x00000000ff200000, 0x00000000ff2a0000)
 concurrent mark-sweep generation total 13696K, used 11436K [0x00000000ff2a0000, 0x0000000100000000, 0x0000000100000000)
 Metaspace       used 5078K, capacity 5258K, committed 5504K, reserved 1056768K
  class space    used 557K, capacity 597K, committed 640K, reserved 1048576K
2024-07-16T17:10:14.847+0800: 1.515: [GC (Allocation Failure) 2024-07-16T17:10:14.847+0800: 1.515: [ParNew: 5233K->2K(6144K), 0.0002733 secs] 16670K->11438K(19840K), 0.0002974 secs] [Times: user=0.00 sys=0.00, real=0.00 secs] 
Heap after GC invocations=193 (full 22):
 par new generation   total 6144K, used 2K [0x00000000fec00000, 0x00000000ff2a0000, 0x00000000ff2a0000)
  eden space 5504K,   0% used [0x00000000fec00000, 0x00000000fec00000, 0x00000000ff160000)
  from space 640K,   0% used [0x00000000ff200000, 0x00000000ff200810, 0x00000000ff2a0000)
  to   space 640K,   0% used [0x00000000ff160000, 0x00000000ff160000, 0x00000000ff200000)
 concurrent mark-sweep generation total 13696K, used 11436K [0x00000000ff2a0000, 0x0000000100000000, 0x0000000100000000)
 Metaspace       used 5078K, capacity 5258K, committed 5504K, reserved 1056768K
  class space    used 557K, capacity 597K, committed 640K, reserved 1048576K
}
{Heap before GC invocations=193 (full 22):
 par new generation   total 6144K, used 5231K [0x00000000fec00000, 0x00000000ff2a0000, 0x00000000ff2a0000)
  eden space 5504K,  95% used [0x00000000fec00000, 0x00000000ff11b780, 0x00000000ff160000)
  from space 640K,   0% used [0x00000000ff200000, 0x00000000ff200810, 0x00000000ff2a0000)
  to   space 640K,   0% used [0x00000000ff160000, 0x00000000ff160000, 0x00000000ff200000)
 concurrent mark-sweep generation total 13696K, used 11436K [0x00000000ff2a0000, 0x0000000100000000, 0x0000000100000000)
 Metaspace       used 5078K, capacity 5258K, committed 5504K, reserved 1056768K
  class space    used 557K, capacity 597K, committed 640K, reserved 1048576K
2024-07-16T17:10:14.855+0800: 1.523: [GC (Allocation Failure) 2024-07-16T17:10:14.855+0800: 1.523: [ParNew: 5231K->6K(6144K), 0.0003516 secs] 16668K->12466K(19840K), 0.0003883 secs] [Times: user=0.00 sys=0.00, real=0.00 secs] 
Heap after GC invocations=194 (full 22):
 par new generation   total 6144K, used 6K [0x00000000fec00000, 0x00000000ff2a0000, 0x00000000ff2a0000)
  eden space 5504K,   0% used [0x00000000fec00000, 0x00000000fec00000, 0x00000000ff160000)
  from space 640K,   0% used [0x00000000ff160000, 0x00000000ff161830, 0x00000000ff200000)
  to   space 640K,   0% used [0x00000000ff200000, 0x00000000ff200000, 0x00000000ff2a0000)
 concurrent mark-sweep generation total 13696K, used 12460K [0x00000000ff2a0000, 0x0000000100000000, 0x0000000100000000)
 Metaspace       used 5078K, capacity 5258K, committed 5504K, reserved 1056768K
  class space    used 557K, capacity 597K, committed 640K, reserved 1048576K
}
{Heap before GC invocations=194 (full 22):
 par new generation   total 6144K, used 5235K [0x00000000fec00000, 0x00000000ff2a0000, 0x00000000ff2a0000)
  eden space 5504K,  95% used [0x00000000fec00000, 0x00000000ff11b780, 0x00000000ff160000)
  from space 640K,   0% used [0x00000000ff160000, 0x00000000ff161830, 0x00000000ff200000)
  to   space 640K,   0% used [0x00000000ff200000, 0x00000000ff200000, 0x00000000ff2a0000)
 concurrent mark-sweep generation total 13696K, used 12460K [0x00000000ff2a0000, 0x0000000100000000, 0x0000000100000000)
 Metaspace       used 5078K, capacity 5258K, committed 5504K, reserved 1056768K
  class space    used 557K, capacity 597K, committed 640K, reserved 1048576K
2024-07-16T17:10:14.861+0800: 1.529: [GC (Allocation Failure) 2024-07-16T17:10:14.861+0800: 1.529: [ParNew: 5235K->5235K(6144K), 0.0000111 secs]2024-07-16T17:10:14.861+0800: 1.529: [CMS2024-07-16T17:10:14.861+0800: 1.529: [CMS-concurrent-abortable-preclean: 0.000/0.027 secs] [Times: user=0.00 sys=0.00, real=0.03 secs] 
 (concurrent mode failure): 12460K->2208K(13696K), 0.0023508 secs] 17696K->2208K(19840K), [Metaspace: 5078K->5078K(1056768K)], 0.0024077 secs] [Times: user=0.02 sys=0.00, real=0.00 secs] 
Heap after GC invocations=195 (full 23):
 par new generation   total 6144K, used 0K [0x00000000fec00000, 0x00000000ff2a0000, 0x00000000ff2a0000)
  eden space 5504K,   0% used [0x00000000fec00000, 0x00000000fec00000, 0x00000000ff160000)
  from space 640K,   0% used [0x00000000ff160000, 0x00000000ff160000, 0x00000000ff200000)
  to   space 640K,   0% used [0x00000000ff200000, 0x00000000ff200000, 0x00000000ff2a0000)
 concurrent mark-sweep generation total 13696K, used 2208K [0x00000000ff2a0000, 0x0000000100000000, 0x0000000100000000)
 Metaspace       used 5078K, capacity 5258K, committed 5504K, reserved 1056768K
  class space    used 557K, capacity 597K, committed 640K, reserved 1048576K
}
{Heap before GC invocations=195 (full 23):
 par new generation   total 6144K, used 5229K [0x00000000fec00000, 0x00000000ff2a0000, 0x00000000ff2a0000)
  eden space 5504K,  95% used [0x00000000fec00000, 0x00000000ff11b780, 0x00000000ff160000)
  from space 640K,   0% used [0x00000000ff160000, 0x00000000ff160000, 0x00000000ff200000)
  to   space 640K,   0% used [0x00000000ff200000, 0x00000000ff200000, 0x00000000ff2a0000)
 concurrent mark-sweep generation total 13696K, used 2208K [0x00000000ff2a0000, 0x0000000100000000, 0x0000000100000000)
 Metaspace       used 5078K, capacity 5258K, committed 5504K, reserved 1056768K
  class space    used 557K, capacity 597K, committed 640K, reserved 1048576K
2024-07-16T17:10:14.870+0800: 1.538: [GC (Allocation Failure) 2024-07-16T17:10:14.870+0800: 1.538: [ParNew: 5229K->4K(6144K), 0.0002497 secs] 7438K->2212K(19840K), 0.0002740 secs] [Times: user=0.00 sys=0.00, real=0.00 secs] 
Heap after GC invocations=196 (full 23):
 par new generation   total 6144K, used 4K [0x00000000fec00000, 0x00000000ff2a0000, 0x00000000ff2a0000)
  eden space 5504K,   0% used [0x00000000fec00000, 0x00000000fec00000, 0x00000000ff160000)
  from space 640K,   0% used [0x00000000ff200000, 0x00000000ff201020, 0x00000000ff2a0000)
  to   space 640K,   0% used [0x00000000ff160000, 0x00000000ff160000, 0x00000000ff200000)
 concurrent mark-sweep generation total 13696K, used 2208K [0x00000000ff2a0000, 0x0000000100000000, 0x0000000100000000)
 Metaspace       used 5078K, capacity 5258K, committed 5504K, reserved 1056768K
  class space    used 557K, capacity 597K, committed 640K, reserved 1048576K
}
{Heap before GC invocations=196 (full 23):
 par new generation   total 6144K, used 5233K [0x00000000fec00000, 0x00000000ff2a0000, 0x00000000ff2a0000)
  eden space 5504K,  95% used [0x00000000fec00000, 0x00000000ff11b780, 0x00000000ff160000)
  from space 640K,   0% used [0x00000000ff200000, 0x00000000ff201020, 0x00000000ff2a0000)
  to   space 640K,   0% used [0x00000000ff160000, 0x00000000ff160000, 0x00000000ff200000)
 concurrent mark-sweep generation total 13696K, used 2208K [0x00000000ff2a0000, 0x0000000100000000, 0x0000000100000000)
 Metaspace       used 5078K, capacity 5258K, committed 5504K, reserved 1056768K
  class space    used 557K, capacity 597K, committed 640K, reserved 1048576K
2024-07-16T17:10:14.876+0800: 1.544: [GC (Allocation Failure) 2024-07-16T17:10:14.876+0800: 1.544: [ParNew: 5233K->8K(6144K), 0.0003465 secs] 7442K->3242K(19840K), 0.0003778 secs] [Times: user=0.00 sys=0.00, real=0.00 secs] 
Heap after GC invocations=197 (full 23):
 par new generation   total 6144K, used 8K [0x00000000fec00000, 0x00000000ff2a0000, 0x00000000ff2a0000)
  eden space 5504K,   0% used [0x00000000fec00000, 0x00000000fec00000, 0x00000000ff160000)
  from space 640K,   1% used [0x00000000ff160000, 0x00000000ff162040, 0x00000000ff200000)
  to   space 640K,   0% used [0x00000000ff200000, 0x00000000ff200000, 0x00000000ff2a0000)
 concurrent mark-sweep generation total 13696K, used 3234K [0x00000000ff2a0000, 0x0000000100000000, 0x0000000100000000)
 Metaspace       used 5078K, capacity 5258K, committed 5504K, reserved 1056768K
  class space    used 557K, capacity 597K, committed 640K, reserved 1048576K
}
{Heap before GC invocations=197 (full 23):
 par new generation   total 6144K, used 5237K [0x00000000fec00000, 0x00000000ff2a0000, 0x00000000ff2a0000)
  eden space 5504K,  95% used [0x00000000fec00000, 0x00000000ff11b780, 0x00000000ff160000)
  from space 640K,   1% used [0x00000000ff160000, 0x00000000ff162040, 0x00000000ff200000)
  to   space 640K,   0% used [0x00000000ff200000, 0x00000000ff200000, 0x00000000ff2a0000)
 concurrent mark-sweep generation total 13696K, used 3234K [0x00000000ff2a0000, 0x0000000100000000, 0x0000000100000000)
 Metaspace       used 5078K, capacity 5258K, committed 5504K, reserved 1056768K
  class space    used 557K, capacity 597K, committed 640K, reserved 1048576K
2024-07-16T17:10:14.884+0800: 1.552: [GC (Allocation Failure) 2024-07-16T17:10:14.884+0800: 1.552: [ParNew: 5237K->10K(6144K), 0.0003455 secs] 8472K->4270K(19840K), 0.0003780 secs] [Times: user=0.00 sys=0.00, real=0.00 secs] 
Heap after GC invocations=198 (full 23):
 par new generation   total 6144K, used 10K [0x00000000fec00000, 0x00000000ff2a0000, 0x00000000ff2a0000)
  eden space 5504K,   0% used [0x00000000fec00000, 0x00000000fec00000, 0x00000000ff160000)
  from space 640K,   1% used [0x00000000ff200000, 0x00000000ff202850, 0x00000000ff2a0000)
  to   space 640K,   0% used [0x00000000ff160000, 0x00000000ff160000, 0x00000000ff200000)
 concurrent mark-sweep generation total 13696K, used 4260K [0x00000000ff2a0000, 0x0000000100000000, 0x0000000100000000)
 Metaspace       used 5078K, capacity 5258K, committed 5504K, reserved 1056768K
  class space    used 557K, capacity 597K, committed 640K, reserved 1048576K
}
{Heap before GC invocations=198 (full 23):
 par new generation   total 6144K, used 5239K [0x00000000fec00000, 0x00000000ff2a0000, 0x00000000ff2a0000)
  eden space 5504K,  95% used [0x00000000fec00000, 0x00000000ff11b780, 0x00000000ff160000)
  from space 640K,   1% used [0x00000000ff200000, 0x00000000ff202850, 0x00000000ff2a0000)
  to   space 640K,   0% used [0x00000000ff160000, 0x00000000ff160000, 0x00000000ff200000)
 concurrent mark-sweep generation total 13696K, used 4260K [0x00000000ff2a0000, 0x0000000100000000, 0x0000000100000000)
 Metaspace       used 5078K, capacity 5258K, committed 5504K, reserved 1056768K
  class space    used 557K, capacity 597K, committed 640K, reserved 1048576K
2024-07-16T17:10:14.891+0800: 1.559: [GC (Allocation Failure) 2024-07-16T17:10:14.891+0800: 1.559: [ParNew: 5239K->4K(6144K), 0.0003226 secs] 9500K->5288K(19840K), 0.0003531 secs] [Times: user=0.00 sys=0.00, real=0.00 secs] 
Heap after GC invocations=199 (full 23):
 par new generation   total 6144K, used 4K [0x00000000fec00000, 0x00000000ff2a0000, 0x00000000ff2a0000)
  eden space 5504K,   0% used [0x00000000fec00000, 0x00000000fec00000, 0x00000000ff160000)
  from space 640K,   0% used [0x00000000ff160000, 0x00000000ff161020, 0x00000000ff200000)
  to   space 640K,   0% used [0x00000000ff200000, 0x00000000ff200000, 0x00000000ff2a0000)
 concurrent mark-sweep generation total 13696K, used 5284K [0x00000000ff2a0000, 0x0000000100000000, 0x0000000100000000)
 Metaspace       used 5078K, capacity 5258K, committed 5504K, reserved 1056768K
  class space    used 557K, capacity 597K, committed 640K, reserved 1048576K
}
{Heap before GC invocations=199 (full 23):
 par new generation   total 6144K, used 5233K [0x00000000fec00000, 0x00000000ff2a0000, 0x00000000ff2a0000)
  eden space 5504K,  95% used [0x00000000fec00000, 0x00000000ff11b780, 0x00000000ff160000)
  from space 640K,   0% used [0x00000000ff160000, 0x00000000ff161020, 0x00000000ff200000)
  to   space 640K,   0% used [0x00000000ff200000, 0x00000000ff200000, 0x00000000ff2a0000)
 concurrent mark-sweep generation total 13696K, used 5284K [0x00000000ff2a0000, 0x0000000100000000, 0x0000000100000000)
 Metaspace       used 5078K, capacity 5258K, committed 5504K, reserved 1056768K
  class space    used 557K, capacity 597K, committed 640K, reserved 1048576K
2024-07-16T17:10:14.898+0800: 1.566: [GC (Allocation Failure) 2024-07-16T17:10:14.898+0800: 1.566: [ParNew: 5233K->10K(6144K), 0.0003594 secs] 10518K->6318K(19840K), 0.0003922 secs] [Times: user=0.00 sys=0.00, real=0.00 secs] 
Heap after GC invocations=200 (full 23):
 par new generation   total 6144K, used 10K [0x00000000fec00000, 0x00000000ff2a0000, 0x00000000ff2a0000)
  eden space 5504K,   0% used [0x00000000fec00000, 0x00000000fec00000, 0x00000000ff160000)
  from space 640K,   1% used [0x00000000ff200000, 0x00000000ff202850, 0x00000000ff2a0000)
  to   space 640K,   0% used [0x00000000ff160000, 0x00000000ff160000, 0x00000000ff200000)
 concurrent mark-sweep generation total 13696K, used 6308K [0x00000000ff2a0000, 0x0000000100000000, 0x0000000100000000)
 Metaspace       used 5078K, capacity 5258K, committed 5504K, reserved 1056768K
  class space    used 557K, capacity 597K, committed 640K, reserved 1048576K
}
{Heap before GC invocations=200 (full 23):
 par new generation   total 6144K, used 5239K [0x00000000fec00000, 0x00000000ff2a0000, 0x00000000ff2a0000)
  eden space 5504K,  95% used [0x00000000fec00000, 0x00000000ff11b780, 0x00000000ff160000)
  from space 640K,   1% used [0x00000000ff200000, 0x00000000ff202850, 0x00000000ff2a0000)
  to   space 640K,   0% used [0x00000000ff160000, 0x00000000ff160000, 0x00000000ff200000)
 concurrent mark-sweep generation total 13696K, used 6308K [0x00000000ff2a0000, 0x0000000100000000, 0x0000000100000000)
 Metaspace       used 5078K, capacity 5258K, committed 5504K, reserved 1056768K
  class space    used 557K, capacity 597K, committed 640K, reserved 1048576K
2024-07-16T17:10:14.905+0800: 1.573: [GC (Allocation Failure) 2024-07-16T17:10:14.905+0800: 1.573: [ParNew: 5239K->8K(6144K), 0.0003543 secs] 11548K->7342K(19840K), 0.0003775 secs] [Times: user=0.00 sys=0.00, real=0.00 secs] 
Heap after GC invocations=201 (full 23):
 par new generation   total 6144K, used 8K [0x00000000fec00000, 0x00000000ff2a0000, 0x00000000ff2a0000)
  eden space 5504K,   0% used [0x00000000fec00000, 0x00000000fec00000, 0x00000000ff160000)
  from space 640K,   1% used [0x00000000ff160000, 0x00000000ff162040, 0x00000000ff200000)
  to   space 640K,   0% used [0x00000000ff200000, 0x00000000ff200000, 0x00000000ff2a0000)
 concurrent mark-sweep generation total 13696K, used 7334K [0x00000000ff2a0000, 0x0000000100000000, 0x0000000100000000)
 Metaspace       used 5078K, capacity 5258K, committed 5504K, reserved 1056768K
  class space    used 557K, capacity 597K, committed 640K, reserved 1048576K
}
{Heap before GC invocations=201 (full 23):
 par new generation   total 6144K, used 5237K [0x00000000fec00000, 0x00000000ff2a0000, 0x00000000ff2a0000)
  eden space 5504K,  95% used [0x00000000fec00000, 0x00000000ff11b780, 0x00000000ff160000)
  from space 640K,   1% used [0x00000000ff160000, 0x00000000ff162040, 0x00000000ff200000)
  to   space 640K,   0% used [0x00000000ff200000, 0x00000000ff200000, 0x00000000ff2a0000)
 concurrent mark-sweep generation total 13696K, used 7334K [0x00000000ff2a0000, 0x0000000100000000, 0x0000000100000000)
 Metaspace       used 5078K, capacity 5258K, committed 5504K, reserved 1056768K
  class space    used 557K, capacity 597K, committed 640K, reserved 1048576K
2024-07-16T17:10:14.911+0800: 1.579: [GC (Allocation Failure) 2024-07-16T17:10:14.911+0800: 1.579: [ParNew: 5237K->6K(6144K), 0.0003188 secs] 12572K->8364K(19840K), 0.0003547 secs] [Times: user=0.00 sys=0.00, real=0.00 secs] 
Heap after GC invocations=202 (full 23):
 par new generation   total 6144K, used 6K [0x00000000fec00000, 0x00000000ff2a0000, 0x00000000ff2a0000)
  eden space 5504K,   0% used [0x00000000fec00000, 0x00000000fec00000, 0x00000000ff160000)
  from space 640K,   0% used [0x00000000ff200000, 0x00000000ff201830, 0x00000000ff2a0000)
  to   space 640K,   0% used [0x00000000ff160000, 0x00000000ff160000, 0x00000000ff200000)
 concurrent mark-sweep generation total 13696K, used 8358K [0x00000000ff2a0000, 0x0000000100000000, 0x0000000100000000)
 Metaspace       used 5078K, capacity 5258K, committed 5504K, reserved 1056768K
  class space    used 557K, capacity 597K, committed 640K, reserved 1048576K
}
{Heap before GC invocations=202 (full 23):
 par new generation   total 6144K, used 5235K [0x00000000fec00000, 0x00000000ff2a0000, 0x00000000ff2a0000)
  eden space 5504K,  95% used [0x00000000fec00000, 0x00000000ff11b780, 0x00000000ff160000)
  from space 640K,   0% used [0x00000000ff200000, 0x00000000ff201830, 0x00000000ff2a0000)
  to   space 640K,   0% used [0x00000000ff160000, 0x00000000ff160000, 0x00000000ff200000)
 concurrent mark-sweep generation total 13696K, used 8358K [0x00000000ff2a0000, 0x0000000100000000, 0x0000000100000000)
 Metaspace       used 5078K, capacity 5258K, committed 5504K, reserved 1056768K
  class space    used 557K, capacity 597K, committed 640K, reserved 1048576K
2024-07-16T17:10:14.918+0800: 1.586: [GC (Allocation Failure) 2024-07-16T17:10:14.918+0800: 1.586: [ParNew: 5235K->6K(6144K), 0.0003459 secs] 13594K->9390K(19840K), 0.0003793 secs] [Times: user=0.00 sys=0.00, real=0.00 secs] 
Heap after GC invocations=203 (full 23):
 par new generation   total 6144K, used 6K [0x00000000fec00000, 0x00000000ff2a0000, 0x00000000ff2a0000)
  eden space 5504K,   0% used [0x00000000fec00000, 0x00000000fec00000, 0x00000000ff160000)
  from space 640K,   0% used [0x00000000ff160000, 0x00000000ff161830, 0x00000000ff200000)
  to   space 640K,   0% used [0x00000000ff200000, 0x00000000ff200000, 0x00000000ff2a0000)
 concurrent mark-sweep generation total 13696K, used 9384K [0x00000000ff2a0000, 0x0000000100000000, 0x0000000100000000)
 Metaspace       used 5078K, capacity 5258K, committed 5504K, reserved 1056768K
  class space    used 557K, capacity 597K, committed 640K, reserved 1048576K
}
{Heap before GC invocations=203 (full 23):
 par new generation   total 6144K, used 5235K [0x00000000fec00000, 0x00000000ff2a0000, 0x00000000ff2a0000)
  eden space 5504K,  95% used [0x00000000fec00000, 0x00000000ff11b780, 0x00000000ff160000)
  from space 640K,   0% used [0x00000000ff160000, 0x00000000ff161830, 0x00000000ff200000)
  to   space 640K,   0% used [0x00000000ff200000, 0x00000000ff200000, 0x00000000ff2a0000)
 concurrent mark-sweep generation total 13696K, used 9384K [0x00000000ff2a0000, 0x0000000100000000, 0x0000000100000000)
 Metaspace       used 5078K, capacity 5258K, committed 5504K, reserved 1056768K
  class space    used 557K, capacity 597K, committed 640K, reserved 1048576K
2024-07-16T17:10:14.926+0800: 1.594: [GC (Allocation Failure) 2024-07-16T17:10:14.926+0800: 1.594: [ParNew: 5235K->8K(6144K), 0.0003397 secs] 14620K->10418K(19840K), 0.0003676 secs] [Times: user=0.00 sys=0.00, real=0.00 secs] 
Heap after GC invocations=204 (full 23):
 par new generation   total 6144K, used 8K [0x00000000fec00000, 0x00000000ff2a0000, 0x00000000ff2a0000)
  eden space 5504K,   0% used [0x00000000fec00000, 0x00000000fec00000, 0x00000000ff160000)
  from space 640K,   1% used [0x00000000ff200000, 0x00000000ff202040, 0x00000000ff2a0000)
  to   space 640K,   0% used [0x00000000ff160000, 0x00000000ff160000, 0x00000000ff200000)
 concurrent mark-sweep generation total 13696K, used 10410K [0x00000000ff2a0000, 0x0000000100000000, 0x0000000100000000)
 Metaspace       used 5078K, capacity 5258K, committed 5504K, reserved 1056768K
  class space    used 557K, capacity 597K, committed 640K, reserved 1048576K
}
{Heap before GC invocations=204 (full 23):
 par new generation   total 6144K, used 5237K [0x00000000fec00000, 0x00000000ff2a0000, 0x00000000ff2a0000)
  eden space 5504K,  95% used [0x00000000fec00000, 0x00000000ff11b780, 0x00000000ff160000)
  from space 640K,   1% used [0x00000000ff200000, 0x00000000ff202040, 0x00000000ff2a0000)
  to   space 640K,   0% used [0x00000000ff160000, 0x00000000ff160000, 0x00000000ff200000)
 concurrent mark-sweep generation total 13696K, used 10410K [0x00000000ff2a0000, 0x0000000100000000, 0x0000000100000000)
 Metaspace       used 5078K, capacity 5258K, committed 5504K, reserved 1056768K
  class space    used 557K, capacity 597K, committed 640K, reserved 1048576K
2024-07-16T17:10:14.933+0800: 1.601: [GC (Allocation Failure) 2024-07-16T17:10:14.933+0800: 1.601: [ParNew: 5237K->2K(6144K), 0.0002525 secs] 15648K->10412K(19840K), 0.0002885 secs] [Times: user=0.00 sys=0.00, real=0.00 secs] 
Heap after GC invocations=205 (full 23):
 par new generation   total 6144K, used 2K [0x00000000fec00000, 0x00000000ff2a0000, 0x00000000ff2a0000)
  eden space 5504K,   0% used [0x00000000fec00000, 0x00000000fec00000, 0x00000000ff160000)
  from space 640K,   0% used [0x00000000ff160000, 0x00000000ff160810, 0x00000000ff200000)
  to   space 640K,   0% used [0x00000000ff200000, 0x00000000ff200000, 0x00000000ff2a0000)
 concurrent mark-sweep generation total 13696K, used 10410K [0x00000000ff2a0000, 0x0000000100000000, 0x0000000100000000)
 Metaspace       used 5078K, capacity 5258K, committed 5504K, reserved 1056768K
  class space    used 557K, capacity 597K, committed 640K, reserved 1048576K
}
{Heap before GC invocations=205 (full 23):
 par new generation   total 6144K, used 5231K [0x00000000fec00000, 0x00000000ff2a0000, 0x00000000ff2a0000)
  eden space 5504K,  95% used [0x00000000fec00000, 0x00000000ff11b780, 0x00000000ff160000)
  from space 640K,   0% used [0x00000000ff160000, 0x00000000ff160810, 0x00000000ff200000)
  to   space 640K,   0% used [0x00000000ff200000, 0x00000000ff200000, 0x00000000ff2a0000)
 concurrent mark-sweep generation total 13696K, used 10410K [0x00000000ff2a0000, 0x0000000100000000, 0x0000000100000000)
 Metaspace       used 5078K, capacity 5258K, committed 5504K, reserved 1056768K
  class space    used 557K, capacity 597K, committed 640K, reserved 1048576K
2024-07-16T17:10:14.941+0800: 1.609: [GC (Allocation Failure) 2024-07-16T17:10:14.941+0800: 1.609: [ParNew: 5231K->4K(6144K), 0.0002730 secs] 15642K->10414K(19840K), 0.0002948 secs] [Times: user=0.00 sys=0.00, real=0.00 secs] 
Heap after GC invocations=206 (full 23):
 par new generation   total 6144K, used 4K [0x00000000fec00000, 0x00000000ff2a0000, 0x00000000ff2a0000)
  eden space 5504K,   0% used [0x00000000fec00000, 0x00000000fec00000, 0x00000000ff160000)
  from space 640K,   0% used [0x00000000ff200000, 0x00000000ff201020, 0x00000000ff2a0000)
  to   space 640K,   0% used [0x00000000ff160000, 0x00000000ff160000, 0x00000000ff200000)
 concurrent mark-sweep generation total 13696K, used 10410K [0x00000000ff2a0000, 0x0000000100000000, 0x0000000100000000)
 Metaspace       used 5078K, capacity 5258K, committed 5504K, reserved 1056768K
  class space    used 557K, capacity 597K, committed 640K, reserved 1048576K
}
{Heap before GC invocations=206 (full 23):
 par new generation   total 6144K, used 5233K [0x00000000fec00000, 0x00000000ff2a0000, 0x00000000ff2a0000)
  eden space 5504K,  95% used [0x00000000fec00000, 0x00000000ff11b780, 0x00000000ff160000)
  from space 640K,   0% used [0x00000000ff200000, 0x00000000ff201020, 0x00000000ff2a0000)
  to   space 640K,   0% used [0x00000000ff160000, 0x00000000ff160000, 0x00000000ff200000)
 concurrent mark-sweep generation total 13696K, used 10410K [0x00000000ff2a0000, 0x0000000100000000, 0x0000000100000000)
 Metaspace       used 5078K, capacity 5258K, committed 5504K, reserved 1056768K
  class space    used 557K, capacity 597K, committed 640K, reserved 1048576K
2024-07-16T17:10:14.949+0800: 1.617: [GC (Allocation Failure) 2024-07-16T17:10:14.949+0800: 1.617: [ParNew: 5233K->4K(6144K), 0.0003095 secs] 15644K->10414K(19840K), 0.0003581 secs] [Times: user=0.00 sys=0.00, real=0.00 secs] 
Heap after GC invocations=207 (full 23):
 par new generation   total 6144K, used 4K [0x00000000fec00000, 0x00000000ff2a0000, 0x00000000ff2a0000)
  eden space 5504K,   0% used [0x00000000fec00000, 0x00000000fec00000, 0x00000000ff160000)
  from space 640K,   0% used [0x00000000ff160000, 0x00000000ff161020, 0x00000000ff200000)
  to   space 640K,   0% used [0x00000000ff200000, 0x00000000ff200000, 0x00000000ff2a0000)
 concurrent mark-sweep generation total 13696K, used 10410K [0x00000000ff2a0000, 0x0000000100000000, 0x0000000100000000)
 Metaspace       used 5078K, capacity 5258K, committed 5504K, reserved 1056768K
  class space    used 557K, capacity 597K, committed 640K, reserved 1048576K
}
{Heap before GC invocations=207 (full 23):
 par new generation   total 6144K, used 5233K [0x00000000fec00000, 0x00000000ff2a0000, 0x00000000ff2a0000)
  eden space 5504K,  95% used [0x00000000fec00000, 0x00000000ff11b780, 0x00000000ff160000)
  from space 640K,   0% used [0x00000000ff160000, 0x00000000ff161020, 0x00000000ff200000)
  to   space 640K,   0% used [0x00000000ff200000, 0x00000000ff200000, 0x00000000ff2a0000)
 concurrent mark-sweep generation total 13696K, used 10410K [0x00000000ff2a0000, 0x0000000100000000, 0x0000000100000000)
 Metaspace       used 5078K, capacity 5258K, committed 5504K, reserved 1056768K
  class space    used 557K, capacity 597K, committed 640K, reserved 1048576K
2024-07-16T17:10:14.957+0800: 1.625: [GC (Allocation Failure) 2024-07-16T17:10:14.957+0800: 1.625: [ParNew: 5233K->4K(6144K), 0.0002894 secs] 15644K->10414K(19840K), 0.0003418 secs] [Times: user=0.00 sys=0.00, real=0.00 secs] 
Heap after GC invocations=208 (full 23):
 par new generation   total 6144K, used 4K [0x00000000fec00000, 0x00000000ff2a0000, 0x00000000ff2a0000)
  eden space 5504K,   0% used [0x00000000fec00000, 0x00000000fec00000, 0x00000000ff160000)
  from space 640K,   0% used [0x00000000ff200000, 0x00000000ff201020, 0x00000000ff2a0000)
  to   space 640K,   0% used [0x00000000ff160000, 0x00000000ff160000, 0x00000000ff200000)
 concurrent mark-sweep generation total 13696K, used 10410K [0x00000000ff2a0000, 0x0000000100000000, 0x0000000100000000)
 Metaspace       used 5078K, capacity 5258K, committed 5504K, reserved 1056768K
  class space    used 557K, capacity 597K, committed 640K, reserved 1048576K
}
{Heap before GC invocations=208 (full 23):
 par new generation   total 6144K, used 5233K [0x00000000fec00000, 0x00000000ff2a0000, 0x00000000ff2a0000)
  eden space 5504K,  95% used [0x00000000fec00000, 0x00000000ff11b780, 0x00000000ff160000)
  from space 640K,   0% used [0x00000000ff200000, 0x00000000ff201020, 0x00000000ff2a0000)
  to   space 640K,   0% used [0x00000000ff160000, 0x00000000ff160000, 0x00000000ff200000)
 concurrent mark-sweep generation total 13696K, used 10410K [0x00000000ff2a0000, 0x0000000100000000, 0x0000000100000000)
 Metaspace       used 5078K, capacity 5258K, committed 5504K, reserved 1056768K
  class space    used 557K, capacity 597K, committed 640K, reserved 1048576K
2024-07-16T17:10:14.964+0800: 1.632: [GC (Allocation Failure) 2024-07-16T17:10:14.964+0800: 1.632: [ParNew: 5233K->4K(6144K), 0.0002969 secs] 15644K->10414K(19840K), 0.0003423 secs] [Times: user=0.00 sys=0.00, real=0.00 secs] 
Heap after GC invocations=209 (full 23):
 par new generation   total 6144K, used 4K [0x00000000fec00000, 0x00000000ff2a0000, 0x00000000ff2a0000)
  eden space 5504K,   0% used [0x00000000fec00000, 0x00000000fec00000, 0x00000000ff160000)
  from space 640K,   0% used [0x00000000ff160000, 0x00000000ff161020, 0x00000000ff200000)
  to   space 640K,   0% used [0x00000000ff200000, 0x00000000ff200000, 0x00000000ff2a0000)
 concurrent mark-sweep generation total 13696K, used 10410K [0x00000000ff2a0000, 0x0000000100000000, 0x0000000100000000)
 Metaspace       used 5078K, capacity 5258K, committed 5504K, reserved 1056768K
  class space    used 557K, capacity 597K, committed 640K, reserved 1048576K
}
{Heap before GC invocations=209 (full 23):
 par new generation   total 6144K, used 5233K [0x00000000fec00000, 0x00000000ff2a0000, 0x00000000ff2a0000)
  eden space 5504K,  95% used [0x00000000fec00000, 0x00000000ff11b780, 0x00000000ff160000)
  from space 640K,   0% used [0x00000000ff160000, 0x00000000ff161020, 0x00000000ff200000)
  to   space 640K,   0% used [0x00000000ff200000, 0x00000000ff200000, 0x00000000ff2a0000)
 concurrent mark-sweep generation total 13696K, used 10410K [0x00000000ff2a0000, 0x0000000100000000, 0x0000000100000000)
 Metaspace       used 5078K, capacity 5258K, committed 5504K, reserved 1056768K
  class space    used 557K, capacity 597K, committed 640K, reserved 1048576K
2024-07-16T17:10:14.971+0800: 1.639: [GC (Allocation Failure) 2024-07-16T17:10:14.971+0800: 1.639: [ParNew: 5233K->8K(6144K), 0.0005507 secs] 15644K->11444K(19840K), 0.0005807 secs] [Times: user=0.00 sys=0.00, real=0.00 secs] 
Heap after GC invocations=210 (full 23):
 par new generation   total 6144K, used 8K [0x00000000fec00000, 0x00000000ff2a0000, 0x00000000ff2a0000)
  eden space 5504K,   0% used [0x00000000fec00000, 0x00000000fec00000, 0x00000000ff160000)
  from space 640K,   1% used [0x00000000ff200000, 0x00000000ff202040, 0x00000000ff2a0000)
  to   space 640K,   0% used [0x00000000ff160000, 0x00000000ff160000, 0x00000000ff200000)
 concurrent mark-sweep generation total 13696K, used 11436K [0x00000000ff2a0000, 0x0000000100000000, 0x0000000100000000)
 Metaspace       used 5078K, capacity 5258K, committed 5504K, reserved 1056768K
  class space    used 557K, capacity 597K, committed 640K, reserved 1048576K
}
{Heap before GC invocations=210 (full 23):
 par new generation   total 6144K, used 5237K [0x00000000fec00000, 0x00000000ff2a0000, 0x00000000ff2a0000)
  eden space 5504K,  95% used [0x00000000fec00000, 0x00000000ff11b780, 0x00000000ff160000)
  from space 640K,   1% used [0x00000000ff200000, 0x00000000ff202040, 0x00000000ff2a0000)
  to   space 640K,   0% used [0x00000000ff160000, 0x00000000ff160000, 0x00000000ff200000)
 concurrent mark-sweep generation total 13696K, used 11436K [0x00000000ff2a0000, 0x0000000100000000, 0x0000000100000000)
 Metaspace       used 5078K, capacity 5258K, committed 5504K, reserved 1056768K
  class space    used 557K, capacity 597K, committed 640K, reserved 1048576K
2024-07-16T17:10:14.978+0800: 1.646: [GC (Allocation Failure) 2024-07-16T17:10:14.978+0800: 1.646: [ParNew: 5237K->6K(6144K), 0.0003523 secs] 16674K->12466K(19840K), 0.0003905 secs] [Times: user=0.00 sys=0.00, real=0.00 secs] 
Heap after GC invocations=211 (full 23):
 par new generation   total 6144K, used 6K [0x00000000fec00000, 0x00000000ff2a0000, 0x00000000ff2a0000)
  eden space 5504K,   0% used [0x00000000fec00000, 0x00000000fec00000, 0x00000000ff160000)
  from space 640K,   0% used [0x00000000ff160000, 0x00000000ff161830, 0x00000000ff200000)
  to   space 640K,   0% used [0x00000000ff200000, 0x00000000ff200000, 0x00000000ff2a0000)
 concurrent mark-sweep generation total 13696K, used 12460K [0x00000000ff2a0000, 0x0000000100000000, 0x0000000100000000)
 Metaspace       used 5078K, capacity 5258K, committed 5504K, reserved 1056768K
  class space    used 557K, capacity 597K, committed 640K, reserved 1048576K
}
2024-07-16T17:10:14.978+0800: 1.647: [GC (CMS Initial Mark) [1 CMS-initial-mark: 12460K(13696K)] 13490K(19840K), 0.0001191 secs] [Times: user=0.00 sys=0.00, real=0.00 secs] 
2024-07-16T17:10:14.978+0800: 1.647: [CMS-concurrent-mark-start]
2024-07-16T17:10:14.979+0800: 1.648: [CMS-concurrent-mark: 0.001/0.001 secs] [Times: user=0.00 sys=0.00, real=0.00 secs] 
2024-07-16T17:10:14.980+0800: 1.648: [CMS-concurrent-preclean-start]
2024-07-16T17:10:14.980+0800: 1.648: [CMS-concurrent-preclean: 0.000/0.000 secs] [Times: user=0.00 sys=0.00, real=0.00 secs] 
2024-07-16T17:10:14.980+0800: 1.648: [CMS-concurrent-abortable-preclean-start]
2024-07-16T17:10:14.980+0800: 1.648: [CMS-concurrent-abortable-preclean: 0.000/0.000 secs] [Times: user=0.00 sys=0.00, real=0.00 secs] 
2024-07-16T17:10:14.980+0800: 1.648: [GC (CMS Final Remark) [YG occupancy: 3187 K (6144 K)]{Heap before GC invocations=211 (full 24):
 par new generation   total 6144K, used 3187K [0x00000000fec00000, 0x00000000ff2a0000, 0x00000000ff2a0000)
  eden space 5504K,  57% used [0x00000000fec00000, 0x00000000fef1b760, 0x00000000ff160000)
  from space 640K,   0% used [0x00000000ff160000, 0x00000000ff161830, 0x00000000ff200000)
  to   space 640K,   0% used [0x00000000ff200000, 0x00000000ff200000, 0x00000000ff2a0000)
 concurrent mark-sweep generation total 13696K, used 12460K [0x00000000ff2a0000, 0x0000000100000000, 0x0000000100000000)
 Metaspace       used 5078K, capacity 5258K, committed 5504K, reserved 1056768K
  class space    used 557K, capacity 597K, committed 640K, reserved 1048576K
2024-07-16T17:10:14.980+0800: 1.648: [GC (CMS Final Remark) 2024-07-16T17:10:14.980+0800: 1.648: [ParNew: 3187K->3187K(6144K), 0.0000080 secs] 15648K->15648K(19840K), 0.0000214 secs] [Times: user=0.00 sys=0.00, real=0.00 secs] 
Heap after GC invocations=212 (full 24):
 par new generation   total 6144K, used 3187K [0x00000000fec00000, 0x00000000ff2a0000, 0x00000000ff2a0000)
  eden space 5504K,  57% used [0x00000000fec00000, 0x00000000fef1b760, 0x00000000ff160000)
  from space 640K,   0% used [0x00000000ff160000, 0x00000000ff161830, 0x00000000ff200000)
  to   space 640K,   0% used [0x00000000ff200000, 0x00000000ff200000, 0x00000000ff2a0000)
 concurrent mark-sweep generation total 13696K, used 12460K [0x00000000ff2a0000, 0x0000000100000000, 0x0000000100000000)
 Metaspace       used 5078K, capacity 5258K, committed 5504K, reserved 1056768K
  class space    used 557K, capacity 597K, committed 640K, reserved 1048576K
}
2024-07-16T17:10:14.980+0800: 1.648: [Rescan (parallel) , 0.0001323 secs]2024-07-16T17:10:14.980+0800: 1.648: [weak refs processing, 0.0000083 secs]2024-07-16T17:10:14.980+0800: 1.648: [class unloading, 0.0002839 secs]2024-07-16T17:10:14.980+0800: 1.649: [scrub symbol table, 0.0003245 secs]2024-07-16T17:10:14.980+0800: 1.649: [scrub string table, 0.0000934 secs][1 CMS-remark: 12460K(13696K)] 15648K(19840K), 0.0009398 secs] [Times: user=0.00 sys=0.00, real=0.00 secs] 
2024-07-16T17:10:14.981+0800: 1.649: [CMS-concurrent-sweep-start]
2024-07-16T17:10:14.981+0800: 1.649: [CMS-concurrent-sweep: 0.000/0.000 secs] [Times: user=0.00 sys=0.00, real=0.00 secs] 
2024-07-16T17:10:14.981+0800: 1.649: [CMS-concurrent-reset-start]
2024-07-16T17:10:14.981+0800: 1.649: [CMS-concurrent-reset: 0.000/0.000 secs] [Times: user=0.00 sys=0.00, real=0.00 secs] 
{Heap before GC invocations=212 (full 24):
 par new generation   total 6144K, used 5345K [0x00000000fec00000, 0x00000000ff2a0000, 0x00000000ff2a0000)
  eden space 5504K,  97% used [0x00000000fec00000, 0x00000000ff136c98, 0x00000000ff160000)
  from space 640K,   0% used [0x00000000ff160000, 0x00000000ff161830, 0x00000000ff200000)
  to   space 640K,   0% used [0x00000000ff200000, 0x00000000ff200000, 0x00000000ff2a0000)
 concurrent mark-sweep generation total 13696K, used 1196K [0x00000000ff2a0000, 0x0000000100000000, 0x0000000100000000)
 Metaspace       used 5078K, capacity 5258K, committed 5504K, reserved 1056768K
  class space    used 557K, capacity 597K, committed 640K, reserved 1048576K
2024-07-16T17:10:14.985+0800: 1.653: [GC (Allocation Failure) 2024-07-16T17:10:14.985+0800: 1.653: [ParNew: 5345K->4K(6144K), 0.0002622 secs] 6541K->1200K(19840K), 0.0002927 secs] [Times: user=0.00 sys=0.00, real=0.00 secs] 
Heap after GC invocations=213 (full 24):
 par new generation   total 6144K, used 4K [0x00000000fec00000, 0x00000000ff2a0000, 0x00000000ff2a0000)
  eden space 5504K,   0% used [0x00000000fec00000, 0x00000000fec00000, 0x00000000ff160000)
  from space 640K,   0% used [0x00000000ff200000, 0x00000000ff201020, 0x00000000ff2a0000)
  to   space 640K,   0% used [0x00000000ff160000, 0x00000000ff160000, 0x00000000ff200000)
 concurrent mark-sweep generation total 13696K, used 1196K [0x00000000ff2a0000, 0x0000000100000000, 0x0000000100000000)
 Metaspace       used 5078K, capacity 5258K, committed 5504K, reserved 1056768K
  class space    used 557K, capacity 597K, committed 640K, reserved 1048576K
}
{Heap before GC invocations=213 (full 24):
 par new generation   total 6144K, used 5203K [0x00000000fec00000, 0x00000000ff2a0000, 0x00000000ff2a0000)
  eden space 5504K,  94% used [0x00000000fec00000, 0x00000000ff113cd0, 0x00000000ff160000)
  from space 640K,   0% used [0x00000000ff200000, 0x00000000ff201020, 0x00000000ff2a0000)
  to   space 640K,   0% used [0x00000000ff160000, 0x00000000ff160000, 0x00000000ff200000)
 concurrent mark-sweep generation total 13696K, used 1196K [0x00000000ff2a0000, 0x0000000100000000, 0x0000000100000000)
 Metaspace       used 5078K, capacity 5258K, committed 5504K, reserved 1056768K
  class space    used 557K, capacity 597K, committed 640K, reserved 1048576K
2024-07-16T17:10:14.993+0800: 1.661: [GC (Allocation Failure) 2024-07-16T17:10:14.993+0800: 1.661: [ParNew: 5203K->4K(6144K), 0.0003016 secs] 6399K->1200K(19840K), 0.0003313 secs] [Times: user=0.00 sys=0.00, real=0.00 secs] 
Heap after GC invocations=214 (full 24):
 par new generation   total 6144K, used 4K [0x00000000fec00000, 0x00000000ff2a0000, 0x00000000ff2a0000)
  eden space 5504K,   0% used [0x00000000fec00000, 0x00000000fec00000, 0x00000000ff160000)
  from space 640K,   0% used [0x00000000ff160000, 0x00000000ff161020, 0x00000000ff200000)
  to   space 640K,   0% used [0x00000000ff200000, 0x00000000ff200000, 0x00000000ff2a0000)
 concurrent mark-sweep generation total 13696K, used 1196K [0x00000000ff2a0000, 0x0000000100000000, 0x0000000100000000)
 Metaspace       used 5078K, capacity 5258K, committed 5504K, reserved 1056768K
  class space    used 557K, capacity 597K, committed 640K, reserved 1048576K
}
{Heap before GC invocations=214 (full 24):
 par new generation   total 6144K, used 5214K [0x00000000fec00000, 0x00000000ff2a0000, 0x00000000ff2a0000)
  eden space 5504K,  94% used [0x00000000fec00000, 0x00000000ff116af8, 0x00000000ff160000)
  from space 640K,   0% used [0x00000000ff160000, 0x00000000ff161020, 0x00000000ff200000)
  to   space 640K,   0% used [0x00000000ff200000, 0x00000000ff200000, 0x00000000ff2a0000)
 concurrent mark-sweep generation total 13696K, used 1196K [0x00000000ff2a0000, 0x0000000100000000, 0x0000000100000000)
 Metaspace       used 5078K, capacity 5258K, committed 5504K, reserved 1056768K
  class space    used 557K, capacity 597K, committed 640K, reserved 1048576K
2024-07-16T17:10:15.000+0800: 1.668: [GC (Allocation Failure) 2024-07-16T17:10:15.000+0800: 1.668: [ParNew: 5214K->4K(6144K), 0.0002483 secs] 6411K->1200K(19840K), 0.0002845 secs] [Times: user=0.00 sys=0.00, real=0.00 secs] 
Heap after GC invocations=215 (full 24):
 par new generation   total 6144K, used 4K [0x00000000fec00000, 0x00000000ff2a0000, 0x00000000ff2a0000)
  eden space 5504K,   0% used [0x00000000fec00000, 0x00000000fec00000, 0x00000000ff160000)
  from space 640K,   0% used [0x00000000ff200000, 0x00000000ff201020, 0x00000000ff2a0000)
  to   space 640K,   0% used [0x00000000ff160000, 0x00000000ff160000, 0x00000000ff200000)
 concurrent mark-sweep generation total 13696K, used 1196K [0x00000000ff2a0000, 0x0000000100000000, 0x0000000100000000)
 Metaspace       used 5078K, capacity 5258K, committed 5504K, reserved 1056768K
  class space    used 557K, capacity 597K, committed 640K, reserved 1048576K
}
{Heap before GC invocations=215 (full 24):
 par new generation   total 6144K, used 5221K [0x00000000fec00000, 0x00000000ff2a0000, 0x00000000ff2a0000)
  eden space 5504K,  94% used [0x00000000fec00000, 0x00000000ff118650, 0x00000000ff160000)
  from space 640K,   0% used [0x00000000ff200000, 0x00000000ff201020, 0x00000000ff2a0000)
  to   space 640K,   0% used [0x00000000ff160000, 0x00000000ff160000, 0x00000000ff200000)
 concurrent mark-sweep generation total 13696K, used 1196K [0x00000000ff2a0000, 0x0000000100000000, 0x0000000100000000)
 Metaspace       used 5078K, capacity 5258K, committed 5504K, reserved 1056768K
  class space    used 557K, capacity 597K, committed 640K, reserved 1048576K
2024-07-16T17:10:15.008+0800: 1.676: [GC (Allocation Failure) 2024-07-16T17:10:15.008+0800: 1.676: [ParNew: 5221K->6K(6144K), 0.0003527 secs] 6418K->2226K(19840K), 0.0003873 secs] [Times: user=0.00 sys=0.00, real=0.00 secs] 
Heap after GC invocations=216 (full 24):
 par new generation   total 6144K, used 6K [0x00000000fec00000, 0x00000000ff2a0000, 0x00000000ff2a0000)
  eden space 5504K,   0% used [0x00000000fec00000, 0x00000000fec00000, 0x00000000ff160000)
  from space 640K,   0% used [0x00000000ff160000, 0x00000000ff161830, 0x00000000ff200000)
  to   space 640K,   0% used [0x00000000ff200000, 0x00000000ff200000, 0x00000000ff2a0000)
 concurrent mark-sweep generation total 13696K, used 2220K [0x00000000ff2a0000, 0x0000000100000000, 0x0000000100000000)
 Metaspace       used 5078K, capacity 5258K, committed 5504K, reserved 1056768K
  class space    used 557K, capacity 597K, committed 640K, reserved 1048576K
}
{Heap before GC invocations=216 (full 24):
 par new generation   total 6144K, used 5228K [0x00000000fec00000, 0x00000000ff2a0000, 0x00000000ff2a0000)
  eden space 5504K,  94% used [0x00000000fec00000, 0x00000000ff1197e0, 0x00000000ff160000)
  from space 640K,   0% used [0x00000000ff160000, 0x00000000ff161830, 0x00000000ff200000)
  to   space 640K,   0% used [0x00000000ff200000, 0x00000000ff200000, 0x00000000ff2a0000)
 concurrent mark-sweep generation total 13696K, used 2220K [0x00000000ff2a0000, 0x0000000100000000, 0x0000000100000000)
 Metaspace       used 5078K, capacity 5258K, committed 5504K, reserved 1056768K
  class space    used 557K, capacity 597K, committed 640K, reserved 1048576K
2024-07-16T17:10:15.017+0800: 1.685: [GC (Allocation Failure) 2024-07-16T17:10:15.017+0800: 1.685: [ParNew: 5228K->4K(6144K), 0.0003340 secs] 7448K->2224K(19840K), 0.0003686 secs] [Times: user=0.00 sys=0.00, real=0.00 secs] 
Heap after GC invocations=217 (full 24):
 par new generation   total 6144K, used 4K [0x00000000fec00000, 0x00000000ff2a0000, 0x00000000ff2a0000)
  eden space 5504K,   0% used [0x00000000fec00000, 0x00000000fec00000, 0x00000000ff160000)
  from space 640K,   0% used [0x00000000ff200000, 0x00000000ff201020, 0x00000000ff2a0000)
  to   space 640K,   0% used [0x00000000ff160000, 0x00000000ff160000, 0x00000000ff200000)
 concurrent mark-sweep generation total 13696K, used 2220K [0x00000000ff2a0000, 0x0000000100000000, 0x0000000100000000)
 Metaspace       used 5078K, capacity 5258K, committed 5504K, reserved 1056768K
  class space    used 557K, capacity 597K, committed 640K, reserved 1048576K
}
{Heap before GC invocations=217 (full 24):
 par new generation   total 6144K, used 5228K [0x00000000fec00000, 0x00000000ff2a0000, 0x00000000ff2a0000)
  eden space 5504K,  94% used [0x00000000fec00000, 0x00000000ff11a328, 0x00000000ff160000)
  from space 640K,   0% used [0x00000000ff200000, 0x00000000ff201020, 0x00000000ff2a0000)
  to   space 640K,   0% used [0x00000000ff160000, 0x00000000ff160000, 0x00000000ff200000)
 concurrent mark-sweep generation total 13696K, used 2220K [0x00000000ff2a0000, 0x0000000100000000, 0x0000000100000000)
 Metaspace       used 5078K, capacity 5258K, committed 5504K, reserved 1056768K
  class space    used 557K, capacity 597K, committed 640K, reserved 1048576K
2024-07-16T17:10:15.024+0800: 1.692: [GC (Allocation Failure) 2024-07-16T17:10:15.024+0800: 1.692: [ParNew: 5228K->6K(6144K), 0.0004660 secs] 7449K->4274K(19840K), 0.0005141 secs] [Times: user=0.00 sys=0.00, real=0.00 secs] 
Heap after GC invocations=218 (full 24):
 par new generation   total 6144K, used 6K [0x00000000fec00000, 0x00000000ff2a0000, 0x00000000ff2a0000)
  eden space 5504K,   0% used [0x00000000fec00000, 0x00000000fec00000, 0x00000000ff160000)
  from space 640K,   0% used [0x00000000ff160000, 0x00000000ff161830, 0x00000000ff200000)
  to   space 640K,   0% used [0x00000000ff200000, 0x00000000ff200000, 0x00000000ff2a0000)
 concurrent mark-sweep generation total 13696K, used 4268K [0x00000000ff2a0000, 0x0000000100000000, 0x0000000100000000)
 Metaspace       used 5078K, capacity 5258K, committed 5504K, reserved 1056768K
  class space    used 557K, capacity 597K, committed 640K, reserved 1048576K
}
{Heap before GC invocations=218 (full 24):
 par new generation   total 6144K, used 5232K [0x00000000fec00000, 0x00000000ff2a0000, 0x00000000ff2a0000)
  eden space 5504K,  94% used [0x00000000fec00000, 0x00000000ff11aa70, 0x00000000ff160000)
  from space 640K,   0% used [0x00000000ff160000, 0x00000000ff161830, 0x00000000ff200000)
  to   space 640K,   0% used [0x00000000ff200000, 0x00000000ff200000, 0x00000000ff2a0000)
 concurrent mark-sweep generation total 13696K, used 4268K [0x00000000ff2a0000, 0x0000000100000000, 0x0000000100000000)
 Metaspace       used 5078K, capacity 5258K, committed 5504K, reserved 1056768K
  class space    used 557K, capacity 597K, committed 640K, reserved 1048576K
2024-07-16T17:10:15.032+0800: 1.700: [GC (Allocation Failure) 2024-07-16T17:10:15.032+0800: 1.700: [ParNew: 5232K->4K(6144K), 0.0002297 secs] 9501K->4272K(19840K), 0.0002533 secs] [Times: user=0.00 sys=0.00, real=0.00 secs] 
Heap after GC invocations=219 (full 24):
 par new generation   total 6144K, used 4K [0x00000000fec00000, 0x00000000ff2a0000, 0x00000000ff2a0000)
  eden space 5504K,   0% used [0x00000000fec00000, 0x00000000fec00000, 0x00000000ff160000)
  from space 640K,   0% used [0x00000000ff200000, 0x00000000ff201020, 0x00000000ff2a0000)
  to   space 640K,   0% used [0x00000000ff160000, 0x00000000ff160000, 0x00000000ff200000)
 concurrent mark-sweep generation total 13696K, used 4268K [0x00000000ff2a0000, 0x0000000100000000, 0x0000000100000000)
 Metaspace       used 5078K, capacity 5258K, committed 5504K, reserved 1056768K
  class space    used 557K, capacity 597K, committed 640K, reserved 1048576K
}
{Heap before GC invocations=219 (full 24):
 par new generation   total 6144K, used 5231K [0x00000000fec00000, 0x00000000ff2a0000, 0x00000000ff2a0000)
  eden space 5504K,  94% used [0x00000000fec00000, 0x00000000ff11af18, 0x00000000ff160000)
  from space 640K,   0% used [0x00000000ff200000, 0x00000000ff201020, 0x00000000ff2a0000)
  to   space 640K,   0% used [0x00000000ff160000, 0x00000000ff160000, 0x00000000ff200000)
 concurrent mark-sweep generation total 13696K, used 4268K [0x00000000ff2a0000, 0x0000000100000000, 0x0000000100000000)
 Metaspace       used 5078K, capacity 5258K, committed 5504K, reserved 1056768K
  class space    used 557K, capacity 597K, committed 640K, reserved 1048576K
2024-07-16T17:10:15.040+0800: 1.708: [GC (Allocation Failure) 2024-07-16T17:10:15.040+0800: 1.708: [ParNew: 5231K->4K(6144K), 0.0002887 secs] 9500K->4272K(19840K), 0.0003223 secs] [Times: user=0.00 sys=0.00, real=0.00 secs] 
Heap after GC invocations=220 (full 24):
 par new generation   total 6144K, used 4K [0x00000000fec00000, 0x00000000ff2a0000, 0x00000000ff2a0000)
  eden space 5504K,   0% used [0x00000000fec00000, 0x00000000fec00000, 0x00000000ff160000)
  from space 640K,   0% used [0x00000000ff160000, 0x00000000ff161020, 0x00000000ff200000)
  to   space 640K,   0% used [0x00000000ff200000, 0x00000000ff200000, 0x00000000ff2a0000)
 concurrent mark-sweep generation total 13696K, used 4268K [0x00000000ff2a0000, 0x0000000100000000, 0x0000000100000000)
 Metaspace       used 5078K, capacity 5258K, committed 5504K, reserved 1056768K
  class space    used 557K, capacity 597K, committed 640K, reserved 1048576K
}
{Heap before GC invocations=220 (full 24):
 par new generation   total 6144K, used 5232K [0x00000000fec00000, 0x00000000ff2a0000, 0x00000000ff2a0000)
  eden space 5504K,  94% used [0x00000000fec00000, 0x00000000ff11b218, 0x00000000ff160000)
  from space 640K,   0% used [0x00000000ff160000, 0x00000000ff161020, 0x00000000ff200000)
  to   space 640K,   0% used [0x00000000ff200000, 0x00000000ff200000, 0x00000000ff2a0000)
 concurrent mark-sweep generation total 13696K, used 4268K [0x00000000ff2a0000, 0x0000000100000000, 0x0000000100000000)
 Metaspace       used 5078K, capacity 5258K, committed 5504K, reserved 1056768K
  class space    used 557K, capacity 597K, committed 640K, reserved 1048576K
2024-07-16T17:10:15.048+0800: 1.716: [GC (Allocation Failure) 2024-07-16T17:10:15.048+0800: 1.716: [ParNew: 5232K->4K(6144K), 0.0002791 secs] 9501K->4272K(19840K), 0.0003155 secs] [Times: user=0.00 sys=0.00, real=0.00 secs] 
Heap after GC invocations=221 (full 24):
 par new generation   total 6144K, used 4K [0x00000000fec00000, 0x00000000ff2a0000, 0x00000000ff2a0000)
  eden space 5504K,   0% used [0x00000000fec00000, 0x00000000fec00000, 0x00000000ff160000)
  from space 640K,   0% used [0x00000000ff200000, 0x00000000ff201020, 0x00000000ff2a0000)
  to   space 640K,   0% used [0x00000000ff160000, 0x00000000ff160000, 0x00000000ff200000)
 concurrent mark-sweep generation total 13696K, used 4268K [0x00000000ff2a0000, 0x0000000100000000, 0x0000000100000000)
 Metaspace       used 5078K, capacity 5258K, committed 5504K, reserved 1056768K
  class space    used 557K, capacity 597K, committed 640K, reserved 1048576K
}
{Heap before GC invocations=221 (full 24):
 par new generation   total 6144K, used 5233K [0x00000000fec00000, 0x00000000ff2a0000, 0x00000000ff2a0000)
  eden space 5504K,  95% used [0x00000000fec00000, 0x00000000ff11b408, 0x00000000ff160000)
  from space 640K,   0% used [0x00000000ff200000, 0x00000000ff201020, 0x00000000ff2a0000)
  to   space 640K,   0% used [0x00000000ff160000, 0x00000000ff160000, 0x00000000ff200000)
 concurrent mark-sweep generation total 13696K, used 4268K [0x00000000ff2a0000, 0x0000000100000000, 0x0000000100000000)
 Metaspace       used 5078K, capacity 5258K, committed 5504K, reserved 1056768K
  class space    used 557K, capacity 597K, committed 640K, reserved 1048576K
2024-07-16T17:10:15.056+0800: 1.724: [GC (Allocation Failure) 2024-07-16T17:10:15.056+0800: 1.724: [ParNew: 5233K->4K(6144K), 0.0005140 secs] 9501K->4272K(19840K), 0.0005550 secs] [Times: user=0.00 sys=0.00, real=0.00 secs] 
Heap after GC invocations=222 (full 24):
 par new generation   total 6144K, used 4K [0x00000000fec00000, 0x00000000ff2a0000, 0x00000000ff2a0000)
  eden space 5504K,   0% used [0x00000000fec00000, 0x00000000fec00000, 0x00000000ff160000)
  from space 640K,   0% used [0x00000000ff160000, 0x00000000ff161020, 0x00000000ff200000)
  to   space 640K,   0% used [0x00000000ff200000, 0x00000000ff200000, 0x00000000ff2a0000)
 concurrent mark-sweep generation total 13696K, used 4268K [0x00000000ff2a0000, 0x0000000100000000, 0x0000000100000000)
 Metaspace       used 5078K, capacity 5258K, committed 5504K, reserved 1056768K
  class space    used 557K, capacity 597K, committed 640K, reserved 1048576K
}
{Heap before GC invocations=222 (full 24):
 par new generation   total 6144K, used 5233K [0x00000000fec00000, 0x00000000ff2a0000, 0x00000000ff2a0000)
  eden space 5504K,  95% used [0x00000000fec00000, 0x00000000ff11b540, 0x00000000ff160000)
  from space 640K,   0% used [0x00000000ff160000, 0x00000000ff161020, 0x00000000ff200000)
  to   space 640K,   0% used [0x00000000ff200000, 0x00000000ff200000, 0x00000000ff2a0000)
 concurrent mark-sweep generation total 13696K, used 4268K [0x00000000ff2a0000, 0x0000000100000000, 0x0000000100000000)
 Metaspace       used 5078K, capacity 5258K, committed 5504K, reserved 1056768K
  class space    used 557K, capacity 597K, committed 640K, reserved 1048576K
2024-07-16T17:10:15.063+0800: 1.731: [GC (Allocation Failure) 2024-07-16T17:10:15.063+0800: 1.731: [ParNew: 5233K->8K(6144K), 0.0003286 secs] 9501K->5300K(19840K), 0.0003617 secs] [Times: user=0.00 sys=0.00, real=0.00 secs] 
Heap after GC invocations=223 (full 24):
 par new generation   total 6144K, used 8K [0x00000000fec00000, 0x00000000ff2a0000, 0x00000000ff2a0000)
  eden space 5504K,   0% used [0x00000000fec00000, 0x00000000fec00000, 0x00000000ff160000)
  from space 640K,   1% used [0x00000000ff200000, 0x00000000ff202040, 0x00000000ff2a0000)
  to   space 640K,   0% used [0x00000000ff160000, 0x00000000ff160000, 0x00000000ff200000)
 concurrent mark-sweep generation total 13696K, used 5292K [0x00000000ff2a0000, 0x0000000100000000, 0x0000000100000000)
 Metaspace       used 5078K, capacity 5258K, committed 5504K, reserved 1056768K
  class space    used 557K, capacity 597K, committed 640K, reserved 1048576K
}
{Heap before GC invocations=223 (full 24):
 par new generation   total 6144K, used 5237K [0x00000000fec00000, 0x00000000ff2a0000, 0x00000000ff2a0000)
  eden space 5504K,  95% used [0x00000000fec00000, 0x00000000ff11b610, 0x00000000ff160000)
  from space 640K,   1% used [0x00000000ff200000, 0x00000000ff202040, 0x00000000ff2a0000)
  to   space 640K,   0% used [0x00000000ff160000, 0x00000000ff160000, 0x00000000ff200000)
 concurrent mark-sweep generation total 13696K, used 5292K [0x00000000ff2a0000, 0x0000000100000000, 0x0000000100000000)
 Metaspace       used 5078K, capacity 5258K, committed 5504K, reserved 1056768K
  class space    used 557K, capacity 597K, committed 640K, reserved 1048576K
2024-07-16T17:10:15.070+0800: 1.738: [GC (Allocation Failure) 2024-07-16T17:10:15.070+0800: 1.738: [ParNew: 5237K->8K(6144K), 0.0004341 secs] 10530K->6326K(19840K), 0.0004713 secs] [Times: user=0.00 sys=0.00, real=0.00 secs] 
Heap after GC invocations=224 (full 24):
 par new generation   total 6144K, used 8K [0x00000000fec00000, 0x00000000ff2a0000, 0x00000000ff2a0000)
  eden space 5504K,   0% used [0x00000000fec00000, 0x00000000fec00000, 0x00000000ff160000)
  from space 640K,   1% used [0x00000000ff160000, 0x00000000ff162040, 0x00000000ff200000)
  to   space 640K,   0% used [0x00000000ff200000, 0x00000000ff200000, 0x00000000ff2a0000)
 concurrent mark-sweep generation total 13696K, used 6318K [0x00000000ff2a0000, 0x0000000100000000, 0x0000000100000000)
 Metaspace       used 5078K, capacity 5258K, committed 5504K, reserved 1056768K
  class space    used 557K, capacity 597K, committed 640K, reserved 1048576K
}
{Heap before GC invocations=224 (full 24):
 par new generation   total 6144K, used 5237K [0x00000000fec00000, 0x00000000ff2a0000, 0x00000000ff2a0000)
  eden space 5504K,  95% used [0x00000000fec00000, 0x00000000ff11b690, 0x00000000ff160000)
  from space 640K,   1% used [0x00000000ff160000, 0x00000000ff162040, 0x00000000ff200000)
  to   space 640K,   0% used [0x00000000ff200000, 0x00000000ff200000, 0x00000000ff2a0000)
 concurrent mark-sweep generation total 13696K, used 6318K [0x00000000ff2a0000, 0x0000000100000000, 0x0000000100000000)
 Metaspace       used 5078K, capacity 5258K, committed 5504K, reserved 1056768K
  class space    used 557K, capacity 597K, committed 640K, reserved 1048576K
2024-07-16T17:10:15.077+0800: 1.745: [GC (Allocation Failure) 2024-07-16T17:10:15.077+0800: 1.745: [ParNew: 5237K->6K(6144K), 0.0003724 secs] 11556K->7348K(19840K), 0.0004015 secs] [Times: user=0.00 sys=0.00, real=0.00 secs] 
Heap after GC invocations=225 (full 24):
 par new generation   total 6144K, used 6K [0x00000000fec00000, 0x00000000ff2a0000, 0x00000000ff2a0000)
  eden space 5504K,   0% used [0x00000000fec00000, 0x00000000fec00000, 0x00000000ff160000)
  from space 640K,   0% used [0x00000000ff200000, 0x00000000ff201830, 0x00000000ff2a0000)
  to   space 640K,   0% used [0x00000000ff160000, 0x00000000ff160000, 0x00000000ff200000)
 concurrent mark-sweep generation total 13696K, used 7342K [0x00000000ff2a0000, 0x0000000100000000, 0x0000000100000000)
 Metaspace       used 5078K, capacity 5258K, committed 5504K, reserved 1056768K
  class space    used 557K, capacity 597K, committed 640K, reserved 1048576K
}
{Heap before GC invocations=225 (full 24):
 par new generation   total 6144K, used 5235K [0x00000000fec00000, 0x00000000ff2a0000, 0x00000000ff2a0000)
  eden space 5504K,  95% used [0x00000000fec00000, 0x00000000ff11b6e8, 0x00000000ff160000)
  from space 640K,   0% used [0x00000000ff200000, 0x00000000ff201830, 0x00000000ff2a0000)
  to   space 640K,   0% used [0x00000000ff160000, 0x00000000ff160000, 0x00000000ff200000)
 concurrent mark-sweep generation total 13696K, used 7342K [0x00000000ff2a0000, 0x0000000100000000, 0x0000000100000000)
 Metaspace       used 5078K, capacity 5258K, committed 5504K, reserved 1056768K
  class space    used 557K, capacity 597K, committed 640K, reserved 1048576K
2024-07-16T17:10:15.083+0800: 1.751: [GC (Allocation Failure) 2024-07-16T17:10:15.083+0800: 1.751: [ParNew: 5235K->8K(6144K), 0.0003494 secs] 12578K->8374K(19840K), 0.0003791 secs] [Times: user=0.00 sys=0.00, real=0.00 secs] 
Heap after GC invocations=226 (full 24):
 par new generation   total 6144K, used 8K [0x00000000fec00000, 0x00000000ff2a0000, 0x00000000ff2a0000)
  eden space 5504K,   0% used [0x00000000fec00000, 0x00000000fec00000, 0x00000000ff160000)
  from space 640K,   1% used [0x00000000ff160000, 0x00000000ff162040, 0x00000000ff200000)
  to   space 640K,   0% used [0x00000000ff200000, 0x00000000ff200000, 0x00000000ff2a0000)
 concurrent mark-sweep generation total 13696K, used 8366K [0x00000000ff2a0000, 0x0000000100000000, 0x0000000100000000)
 Metaspace       used 5078K, capacity 5258K, committed 5504K, reserved 1056768K
  class space    used 557K, capacity 597K, committed 640K, reserved 1048576K
}
{Heap before GC invocations=226 (full 24):
 par new generation   total 6144K, used 5237K [0x00000000fec00000, 0x00000000ff2a0000, 0x00000000ff2a0000)
  eden space 5504K,  95% used [0x00000000fec00000, 0x00000000ff11b718, 0x00000000ff160000)
  from space 640K,   1% used [0x00000000ff160000, 0x00000000ff162040, 0x00000000ff200000)
  to   space 640K,   0% used [0x00000000ff200000, 0x00000000ff200000, 0x00000000ff2a0000)
 concurrent mark-sweep generation total 13696K, used 8366K [0x00000000ff2a0000, 0x0000000100000000, 0x0000000100000000)
 Metaspace       used 5078K, capacity 5258K, committed 5504K, reserved 1056768K
  class space    used 557K, capacity 597K, committed 640K, reserved 1048576K
2024-07-16T17:10:15.091+0800: 1.759: [GC (Allocation Failure) 2024-07-16T17:10:15.091+0800: 1.759: [ParNew: 5237K->10K(6144K), 0.0007171 secs] 13604K->9400K(19840K), 0.0007780 secs] [Times: user=0.00 sys=0.00, real=0.00 secs] 
Heap after GC invocations=227 (full 24):
 par new generation   total 6144K, used 10K [0x00000000fec00000, 0x00000000ff2a0000, 0x00000000ff2a0000)
  eden space 5504K,   0% used [0x00000000fec00000, 0x00000000fec00000, 0x00000000ff160000)
  from space 640K,   1% used [0x00000000ff200000, 0x00000000ff202850, 0x00000000ff2a0000)
  to   space 640K,   0% used [0x00000000ff160000, 0x00000000ff160000, 0x00000000ff200000)
 concurrent mark-sweep generation total 13696K, used 9390K [0x00000000ff2a0000, 0x0000000100000000, 0x0000000100000000)
 Metaspace       used 5078K, capacity 5258K, committed 5504K, reserved 1056768K
  class space    used 557K, capacity 597K, committed 640K, reserved 1048576K
}
{Heap before GC invocations=227 (full 24):
 par new generation   total 6144K, used 5239K [0x00000000fec00000, 0x00000000ff2a0000, 0x00000000ff2a0000)
  eden space 5504K,  95% used [0x00000000fec00000, 0x00000000ff11b740, 0x00000000ff160000)
  from space 640K,   1% used [0x00000000ff200000, 0x00000000ff202850, 0x00000000ff2a0000)
  to   space 640K,   0% used [0x00000000ff160000, 0x00000000ff160000, 0x00000000ff200000)
 concurrent mark-sweep generation total 13696K, used 9390K [0x00000000ff2a0000, 0x0000000100000000, 0x0000000100000000)
 Metaspace       used 5078K, capacity 5258K, committed 5504K, reserved 1056768K
  class space    used 557K, capacity 597K, committed 640K, reserved 1048576K
2024-07-16T17:10:15.098+0800: 1.766: [GC (Allocation Failure) 2024-07-16T17:10:15.098+0800: 1.766: [ParNew: 5239K->10K(6144K), 0.0009862 secs] 14630K->10426K(19840K), 0.0010726 secs] [Times: user=0.00 sys=0.00, real=0.00 secs] 
Heap after GC invocations=228 (full 24):
 par new generation   total 6144K, used 10K [0x00000000fec00000, 0x00000000ff2a0000, 0x00000000ff2a0000)
  eden space 5504K,   0% used [0x00000000fec00000, 0x00000000fec00000, 0x00000000ff160000)
  from space 640K,   1% used [0x00000000ff160000, 0x00000000ff162850, 0x00000000ff200000)
  to   space 640K,   0% used [0x00000000ff200000, 0x00000000ff200000, 0x00000000ff2a0000)
 concurrent mark-sweep generation total 13696K, used 10416K [0x00000000ff2a0000, 0x0000000100000000, 0x0000000100000000)
 Metaspace       used 5078K, capacity 5258K, committed 5504K, reserved 1056768K
  class space    used 557K, capacity 597K, committed 640K, reserved 1048576K
}
{Heap before GC invocations=228 (full 24):
 par new generation   total 6144K, used 5239K [0x00000000fec00000, 0x00000000ff2a0000, 0x00000000ff2a0000)
  eden space 5504K,  95% used [0x00000000fec00000, 0x00000000ff11b750, 0x00000000ff160000)
  from space 640K,   1% used [0x00000000ff160000, 0x00000000ff162850, 0x00000000ff200000)
  to   space 640K,   0% used [0x00000000ff200000, 0x00000000ff200000, 0x00000000ff2a0000)
 concurrent mark-sweep generation total 13696K, used 10416K [0x00000000ff2a0000, 0x0000000100000000, 0x0000000100000000)
 Metaspace       used 5078K, capacity 5258K, committed 5504K, reserved 1056768K
  class space    used 557K, capacity 597K, committed 640K, reserved 1048576K
2024-07-16T17:10:15.106+0800: 1.774: [GC (Allocation Failure) 2024-07-16T17:10:15.106+0800: 1.774: [ParNew: 5239K->6K(6144K), 0.0007391 secs] 15656K->11446K(19840K), 0.0007918 secs] [Times: user=0.00 sys=0.00, real=0.00 secs] 
Heap after GC invocations=229 (full 24):
 par new generation   total 6144K, used 6K [0x00000000fec00000, 0x00000000ff2a0000, 0x00000000ff2a0000)
  eden space 5504K,   0% used [0x00000000fec00000, 0x00000000fec00000, 0x00000000ff160000)
  from space 640K,   0% used [0x00000000ff200000, 0x00000000ff201830, 0x00000000ff2a0000)
  to   space 640K,   0% used [0x00000000ff160000, 0x00000000ff160000, 0x00000000ff200000)
 concurrent mark-sweep generation total 13696K, used 11440K [0x00000000ff2a0000, 0x0000000100000000, 0x0000000100000000)
 Metaspace       used 5078K, capacity 5258K, committed 5504K, reserved 1056768K
  class space    used 557K, capacity 597K, committed 640K, reserved 1048576K
}
2024-07-16T17:10:15.107+0800: 1.775: [GC (CMS Initial Mark) [1 CMS-initial-mark: 11440K(13696K)] 12470K(19840K), 0.0001983 secs] [Times: user=0.00 sys=0.00, real=0.00 secs] 
2024-07-16T17:10:15.107+0800: 1.775: [CMS-concurrent-mark-start]
2024-07-16T17:10:15.108+0800: 1.777: [CMS-concurrent-mark: 0.002/0.002 secs] [Times: user=0.00 sys=0.00, real=0.00 secs] 
2024-07-16T17:10:15.108+0800: 1.777: [CMS-concurrent-preclean-start]
2024-07-16T17:10:15.108+0800: 1.777: [CMS-concurrent-preclean: 0.000/0.000 secs] [Times: user=0.00 sys=0.00, real=0.00 secs] 
2024-07-16T17:10:15.108+0800: 1.777: [GC (CMS Final Remark) [YG occupancy: 1139 K (6144 K)]{Heap before GC invocations=229 (full 25):
 par new generation   total 6144K, used 1139K [0x00000000fec00000, 0x00000000ff2a0000, 0x00000000ff2a0000)
  eden space 5504K,  20% used [0x00000000fec00000, 0x00000000fed1b720, 0x00000000ff160000)
  from space 640K,   0% used [0x00000000ff200000, 0x00000000ff201830, 0x00000000ff2a0000)
  to   space 640K,   0% used [0x00000000ff160000, 0x00000000ff160000, 0x00000000ff200000)
 concurrent mark-sweep generation total 13696K, used 11440K [0x00000000ff2a0000, 0x0000000100000000, 0x0000000100000000)
 Metaspace       used 5078K, capacity 5258K, committed 5504K, reserved 1056768K
  class space    used 557K, capacity 597K, committed 640K, reserved 1048576K
2024-07-16T17:10:15.109+0800: 1.777: [GC (CMS Final Remark) 2024-07-16T17:10:15.109+0800: 1.777: [ParNew: 1139K->8K(6144K), 0.0003422 secs] 12580K->12472K(19840K), 0.0004041 secs] [Times: user=0.00 sys=0.00, real=0.00 secs] 
Heap after GC invocations=230 (full 25):
 par new generation   total 6144K, used 8K [0x00000000fec00000, 0x00000000ff2a0000, 0x00000000ff2a0000)
  eden space 5504K,   0% used [0x00000000fec00000, 0x00000000fec00000, 0x00000000ff160000)
  from space 640K,   1% used [0x00000000ff160000, 0x00000000ff162040, 0x00000000ff200000)
  to   space 640K,   0% used [0x00000000ff200000, 0x00000000ff200000, 0x00000000ff2a0000)
 concurrent mark-sweep generation total 13696K, used 12464K [0x00000000ff2a0000, 0x0000000100000000, 0x0000000100000000)
 Metaspace       used 5078K, capacity 5258K, committed 5504K, reserved 1056768K
  class space    used 557K, capacity 597K, committed 640K, reserved 1048576K
}
2024-07-16T17:10:15.109+0800: 1.778: [Rescan (parallel) , 0.0002204 secs]2024-07-16T17:10:15.109+0800: 1.778: [weak refs processing, 0.0000159 secs]2024-07-16T17:10:15.109+0800: 1.778: [class unloading, 0.0003675 secs]2024-07-16T17:10:15.110+0800: 1.778: [scrub symbol table, 0.0003297 secs]2024-07-16T17:10:15.110+0800: 1.779: [scrub string table, 0.0000813 secs][1 CMS-remark: 12464K(13696K)] 12472K(19840K), 0.0015139 secs] [Times: user=0.00 sys=0.00, real=0.00 secs] 
2024-07-16T17:10:15.110+0800: 1.779: [CMS-concurrent-sweep-start]
2024-07-16T17:10:15.110+0800: 1.779: [CMS-concurrent-sweep: 0.000/0.000 secs] [Times: user=0.00 sys=0.00, real=0.00 secs] 
2024-07-16T17:10:15.110+0800: 1.779: [CMS-concurrent-reset-start]
2024-07-16T17:10:15.110+0800: 1.779: [CMS-concurrent-reset: 0.000/0.000 secs] [Times: user=0.00 sys=0.00, real=0.00 secs] 
{Heap before GC invocations=230 (full 25):
 par new generation   total 6144K, used 5237K [0x00000000fec00000, 0x00000000ff2a0000, 0x00000000ff2a0000)
  eden space 5504K,  95% used [0x00000000fec00000, 0x00000000ff11b760, 0x00000000ff160000)
  from space 640K,   1% used [0x00000000ff160000, 0x00000000ff162040, 0x00000000ff200000)
  to   space 640K,   0% used [0x00000000ff200000, 0x00000000ff200000, 0x00000000ff2a0000)
 concurrent mark-sweep generation total 13696K, used 2224K [0x00000000ff2a0000, 0x0000000100000000, 0x0000000100000000)
 Metaspace       used 5078K, capacity 5258K, committed 5504K, reserved 1056768K
  class space    used 557K, capacity 597K, committed 640K, reserved 1048576K
2024-07-16T17:10:15.116+0800: 1.784: [GC (Allocation Failure) 2024-07-16T17:10:15.116+0800: 1.784: [ParNew: 5237K->4K(6144K), 0.0005168 secs] 7462K->3252K(19840K), 0.0005705 secs] [Times: user=0.00 sys=0.00, real=0.00 secs] 
Heap after GC invocations=231 (full 25):
 par new generation   total 6144K, used 4K [0x00000000fec00000, 0x00000000ff2a0000, 0x00000000ff2a0000)
  eden space 5504K,   0% used [0x00000000fec00000, 0x00000000fec00000, 0x00000000ff160000)
  from space 640K,   0% used [0x00000000ff200000, 0x00000000ff201020, 0x00000000ff2a0000)
  to   space 640K,   0% used [0x00000000ff160000, 0x00000000ff160000, 0x00000000ff200000)
 concurrent mark-sweep generation total 13696K, used 3248K [0x00000000ff2a0000, 0x0000000100000000, 0x0000000100000000)
 Metaspace       used 5078K, capacity 5258K, committed 5504K, reserved 1056768K
  class space    used 557K, capacity 597K, committed 640K, reserved 1048576K
}
{Heap before GC invocations=231 (full 25):
 par new generation   total 6144K, used 5226K [0x00000000fec00000, 0x00000000ff2a0000, 0x00000000ff2a0000)
  eden space 5504K,  94% used [0x00000000fec00000, 0x00000000ff119938, 0x00000000ff160000)
  from space 640K,   0% used [0x00000000ff200000, 0x00000000ff201020, 0x00000000ff2a0000)
  to   space 640K,   0% used [0x00000000ff160000, 0x00000000ff160000, 0x00000000ff200000)
 concurrent mark-sweep generation total 13696K, used 3248K [0x00000000ff2a0000, 0x0000000100000000, 0x0000000100000000)
 Metaspace       used 5078K, capacity 5258K, committed 5504K, reserved 1056768K
  class space    used 557K, capacity 597K, committed 640K, reserved 1048576K
2024-07-16T17:10:15.122+0800: 1.790: [GC (Allocation Failure) 2024-07-16T17:10:15.122+0800: 1.790: [ParNew: 5226K->6K(6144K), 0.0007532 secs] 8475K->4278K(19840K), 0.0008197 secs] [Times: user=0.00 sys=0.00, real=0.00 secs] 
Heap after GC invocations=232 (full 25):
 par new generation   total 6144K, used 6K [0x00000000fec00000, 0x00000000ff2a0000, 0x00000000ff2a0000)
  eden space 5504K,   0% used [0x00000000fec00000, 0x00000000fec00000, 0x00000000ff160000)
  from space 640K,   0% used [0x00000000ff160000, 0x00000000ff161830, 0x00000000ff200000)
  to   space 640K,   0% used [0x00000000ff200000, 0x00000000ff200000, 0x00000000ff2a0000)
 concurrent mark-sweep generation total 13696K, used 4272K [0x00000000ff2a0000, 0x0000000100000000, 0x0000000100000000)
 Metaspace       used 5078K, capacity 5258K, committed 5504K, reserved 1056768K
  class space    used 557K, capacity 597K, committed 640K, reserved 1048576K
}
{Heap before GC invocations=232 (full 25):
 par new generation   total 6144K, used 5231K [0x00000000fec00000, 0x00000000ff2a0000, 0x00000000ff2a0000)
  eden space 5504K,  94% used [0x00000000fec00000, 0x00000000ff11a708, 0x00000000ff160000)
  from space 640K,   0% used [0x00000000ff160000, 0x00000000ff161830, 0x00000000ff200000)
  to   space 640K,   0% used [0x00000000ff200000, 0x00000000ff200000, 0x00000000ff2a0000)
 concurrent mark-sweep generation total 13696K, used 4272K [0x00000000ff2a0000, 0x0000000100000000, 0x0000000100000000)
 Metaspace       used 5078K, capacity 5258K, committed 5504K, reserved 1056768K
  class space    used 557K, capacity 597K, committed 640K, reserved 1048576K
2024-07-16T17:10:15.130+0800: 1.798: [GC (Allocation Failure) 2024-07-16T17:10:15.130+0800: 1.798: [ParNew: 5231K->4K(6144K), 0.0008192 secs] 9504K->4276K(19840K), 0.0009182 secs] [Times: user=0.00 sys=0.00, real=0.00 secs] 
Heap after GC invocations=233 (full 25):
 par new generation   total 6144K, used 4K [0x00000000fec00000, 0x00000000ff2a0000, 0x00000000ff2a0000)
  eden space 5504K,   0% used [0x00000000fec00000, 0x00000000fec00000, 0x00000000ff160000)
  from space 640K,   0% used [0x00000000ff200000, 0x00000000ff201020, 0x00000000ff2a0000)
  to   space 640K,   0% used [0x00000000ff160000, 0x00000000ff160000, 0x00000000ff200000)
 concurrent mark-sweep generation total 13696K, used 4272K [0x00000000ff2a0000, 0x0000000100000000, 0x0000000100000000)
 Metaspace       used 5078K, capacity 5258K, committed 5504K, reserved 1056768K
  class space    used 557K, capacity 597K, committed 640K, reserved 1048576K
}
{Heap before GC invocations=233 (full 25):
 par new generation   total 6144K, used 5231K [0x00000000fec00000, 0x00000000ff2a0000, 0x00000000ff2a0000)
  eden space 5504K,  94% used [0x00000000fec00000, 0x00000000ff11ace8, 0x00000000ff160000)
  from space 640K,   0% used [0x00000000ff200000, 0x00000000ff201020, 0x00000000ff2a0000)
  to   space 640K,   0% used [0x00000000ff160000, 0x00000000ff160000, 0x00000000ff200000)
 concurrent mark-sweep generation total 13696K, used 4272K [0x00000000ff2a0000, 0x0000000100000000, 0x0000000100000000)
 Metaspace       used 5078K, capacity 5258K, committed 5504K, reserved 1056768K
  class space    used 557K, capacity 597K, committed 640K, reserved 1048576K
2024-07-16T17:10:15.139+0800: 1.807: [GC (Allocation Failure) 2024-07-16T17:10:15.139+0800: 1.807: [ParNew: 5231K->6K(6144K), 0.0004067 secs] 9503K->5302K(19840K), 0.0004817 secs] [Times: user=0.00 sys=0.00, real=0.00 secs] 
Heap after GC invocations=234 (full 25):
 par new generation   total 6144K, used 6K [0x00000000fec00000, 0x00000000ff2a0000, 0x00000000ff2a0000)
  eden space 5504K,   0% used [0x00000000fec00000, 0x00000000fec00000, 0x00000000ff160000)
  from space 640K,   0% used [0x00000000ff160000, 0x00000000ff161830, 0x00000000ff200000)
  to   space 640K,   0% used [0x00000000ff200000, 0x00000000ff200000, 0x00000000ff2a0000)
 concurrent mark-sweep generation total 13696K, used 5296K [0x00000000ff2a0000, 0x0000000100000000, 0x0000000100000000)
 Metaspace       used 5078K, capacity 5258K, committed 5504K, reserved 1056768K
  class space    used 557K, capacity 597K, committed 640K, reserved 1048576K
}
{Heap before GC invocations=234 (full 25):
 par new generation   total 6144K, used 5234K [0x00000000fec00000, 0x00000000ff2a0000, 0x00000000ff2a0000)
  eden space 5504K,  94% used [0x00000000fec00000, 0x00000000ff11b0b0, 0x00000000ff160000)
  from space 640K,   0% used [0x00000000ff160000, 0x00000000ff161830, 0x00000000ff200000)
  to   space 640K,   0% used [0x00000000ff200000, 0x00000000ff200000, 0x00000000ff2a0000)
 concurrent mark-sweep generation total 13696K, used 5296K [0x00000000ff2a0000, 0x0000000100000000, 0x0000000100000000)
 Metaspace       used 5078K, capacity 5258K, committed 5504K, reserved 1056768K
  class space    used 557K, capacity 597K, committed 640K, reserved 1048576K
2024-07-16T17:10:15.145+0800: 1.813: [GC (Allocation Failure) 2024-07-16T17:10:15.145+0800: 1.813: [ParNew: 5234K->6K(6144K), 0.0008581 secs] 10530K->6326K(19840K), 0.0009722 secs] [Times: user=0.00 sys=0.00, real=0.00 secs] 
Heap after GC invocations=235 (full 25):
 par new generation   total 6144K, used 6K [0x00000000fec00000, 0x00000000ff2a0000, 0x00000000ff2a0000)
  eden space 5504K,   0% used [0x00000000fec00000, 0x00000000fec00000, 0x00000000ff160000)
  from space 640K,   0% used [0x00000000ff200000, 0x00000000ff201830, 0x00000000ff2a0000)
  to   space 640K,   0% used [0x00000000ff160000, 0x00000000ff160000, 0x00000000ff200000)
 concurrent mark-sweep generation total 13696K, used 6320K [0x00000000ff2a0000, 0x0000000100000000, 0x0000000100000000)
 Metaspace       used 5078K, capacity 5258K, committed 5504K, reserved 1056768K
  class space    used 557K, capacity 597K, committed 640K, reserved 1048576K
}
{Heap before GC invocations=235 (full 25):
 par new generation   total 6144K, used 5234K [0x00000000fec00000, 0x00000000ff2a0000, 0x00000000ff2a0000)
  eden space 5504K,  94% used [0x00000000fec00000, 0x00000000ff11b320, 0x00000000ff160000)
  from space 640K,   0% used [0x00000000ff200000, 0x00000000ff201830, 0x00000000ff2a0000)
  to   space 640K,   0% used [0x00000000ff160000, 0x00000000ff160000, 0x00000000ff200000)
 concurrent mark-sweep generation total 13696K, used 6320K [0x00000000ff2a0000, 0x0000000100000000, 0x0000000100000000)
 Metaspace       used 5078K, capacity 5258K, committed 5504K, reserved 1056768K
  class space    used 557K, capacity 597K, committed 640K, reserved 1048576K
2024-07-16T17:10:15.153+0800: 1.821: [GC (Allocation Failure) 2024-07-16T17:10:15.153+0800: 1.821: [ParNew: 5234K->8K(6144K), 0.0009148 secs] 11555K->7352K(19840K), 0.0009876 secs] [Times: user=0.00 sys=0.00, real=0.00 secs] 
Heap after GC invocations=236 (full 25):
 par new generation   total 6144K, used 8K [0x00000000fec00000, 0x00000000ff2a0000, 0x00000000ff2a0000)
  eden space 5504K,   0% used [0x00000000fec00000, 0x00000000fec00000, 0x00000000ff160000)
  from space 640K,   1% used [0x00000000ff160000, 0x00000000ff162040, 0x00000000ff200000)
  to   space 640K,   0% used [0x00000000ff200000, 0x00000000ff200000, 0x00000000ff2a0000)
 concurrent mark-sweep generation total 13696K, used 7344K [0x00000000ff2a0000, 0x0000000100000000, 0x0000000100000000)
 Metaspace       used 5078K, capacity 5258K, committed 5504K, reserved 1056768K
  class space    used 557K, capacity 597K, committed 640K, reserved 1048576K
}
{Heap before GC invocations=236 (full 25):
 par new generation   total 6144K, used 5237K [0x00000000fec00000, 0x00000000ff2a0000, 0x00000000ff2a0000)
  eden space 5504K,  95% used [0x00000000fec00000, 0x00000000ff11b4b0, 0x00000000ff160000)
  from space 640K,   1% used [0x00000000ff160000, 0x00000000ff162040, 0x00000000ff200000)
  to   space 640K,   0% used [0x00000000ff200000, 0x00000000ff200000, 0x00000000ff2a0000)
 concurrent mark-sweep generation total 13696K, used 7344K [0x00000000ff2a0000, 0x0000000100000000, 0x0000000100000000)
 Metaspace       used 5078K, capacity 5258K, committed 5504K, reserved 1056768K
  class space    used 557K, capacity 597K, committed 640K, reserved 1048576K
2024-07-16T17:10:15.160+0800: 1.828: [GC (Allocation Failure) 2024-07-16T17:10:15.160+0800: 1.828: [ParNew: 5237K->6K(6144K), 0.0014680 secs] 12581K->8374K(19840K), 0.0015549 secs] [Times: user=0.00 sys=0.00, real=0.00 secs] 
Heap after GC invocations=237 (full 25):
 par new generation   total 6144K, used 6K [0x00000000fec00000, 0x00000000ff2a0000, 0x00000000ff2a0000)
  eden space 5504K,   0% used [0x00000000fec00000, 0x00000000fec00000, 0x00000000ff160000)
  from space 640K,   0% used [0x00000000ff200000, 0x00000000ff201830, 0x00000000ff2a0000)
  to   space 640K,   0% used [0x00000000ff160000, 0x00000000ff160000, 0x00000000ff200000)
 concurrent mark-sweep generation total 13696K, used 8368K [0x00000000ff2a0000, 0x0000000100000000, 0x0000000100000000)
 Metaspace       used 5078K, capacity 5258K, committed 5504K, reserved 1056768K
  class space    used 557K, capacity 597K, committed 640K, reserved 1048576K
}
{Heap before GC invocations=237 (full 25):
 par new generation   total 6144K, used 5235K [0x00000000fec00000, 0x00000000ff2a0000, 0x00000000ff2a0000)
  eden space 5504K,  95% used [0x00000000fec00000, 0x00000000ff11b5b0, 0x00000000ff160000)
  from space 640K,   0% used [0x00000000ff200000, 0x00000000ff201830, 0x00000000ff2a0000)
  to   space 640K,   0% used [0x00000000ff160000, 0x00000000ff160000, 0x00000000ff200000)
 concurrent mark-sweep generation total 13696K, used 8368K [0x00000000ff2a0000, 0x0000000100000000, 0x0000000100000000)
 Metaspace       used 5078K, capacity 5258K, committed 5504K, reserved 1056768K
  class space    used 557K, capacity 597K, committed 640K, reserved 1048576K
2024-07-16T17:10:15.168+0800: 1.836: [GC (Allocation Failure) 2024-07-16T17:10:15.168+0800: 1.836: [ParNew: 5235K->4K(6144K), 0.0011937 secs] 13604K->8372K(19840K), 0.0012648 secs] [Times: user=0.00 sys=0.00, real=0.00 secs] 
Heap after GC invocations=238 (full 25):
 par new generation   total 6144K, used 4K [0x00000000fec00000, 0x00000000ff2a0000, 0x00000000ff2a0000)
  eden space 5504K,   0% used [0x00000000fec00000, 0x00000000fec00000, 0x00000000ff160000)
  from space 640K,   0% used [0x00000000ff160000, 0x00000000ff161020, 0x00000000ff200000)
  to   space 640K,   0% used [0x00000000ff200000, 0x00000000ff200000, 0x00000000ff2a0000)
 concurrent mark-sweep generation total 13696K, used 8368K [0x00000000ff2a0000, 0x0000000100000000, 0x0000000100000000)
 Metaspace       used 5078K, capacity 5258K, committed 5504K, reserved 1056768K
  class space    used 557K, capacity 597K, committed 640K, reserved 1048576K
}
{Heap before GC invocations=238 (full 25):
 par new generation   total 6144K, used 5233K [0x00000000fec00000, 0x00000000ff2a0000, 0x00000000ff2a0000)
  eden space 5504K,  95% used [0x00000000fec00000, 0x00000000ff11b650, 0x00000000ff160000)
  from space 640K,   0% used [0x00000000ff160000, 0x00000000ff161020, 0x00000000ff200000)
  to   space 640K,   0% used [0x00000000ff200000, 0x00000000ff200000, 0x00000000ff2a0000)
 concurrent mark-sweep generation total 13696K, used 8368K [0x00000000ff2a0000, 0x0000000100000000, 0x0000000100000000)
 Metaspace       used 5078K, capacity 5258K, committed 5504K, reserved 1056768K
  class space    used 557K, capacity 597K, committed 640K, reserved 1048576K
2024-07-16T17:10:15.175+0800: 1.843: [GC (Allocation Failure) 2024-07-16T17:10:15.175+0800: 1.843: [ParNew: 5233K->6K(6144K), 0.0014961 secs] 13602K->9398K(19840K), 0.0016080 secs] [Times: user=0.00 sys=0.00, real=0.00 secs] 
Heap after GC invocations=239 (full 25):
 par new generation   total 6144K, used 6K [0x00000000fec00000, 0x00000000ff2a0000, 0x00000000ff2a0000)
  eden space 5504K,   0% used [0x00000000fec00000, 0x00000000fec00000, 0x00000000ff160000)
  from space 640K,   0% used [0x00000000ff200000, 0x00000000ff201830, 0x00000000ff2a0000)
  to   space 640K,   0% used [0x00000000ff160000, 0x00000000ff160000, 0x00000000ff200000)
 concurrent mark-sweep generation total 13696K, used 9392K [0x00000000ff2a0000, 0x0000000100000000, 0x0000000100000000)
 Metaspace       used 5078K, capacity 5258K, committed 5504K, reserved 1056768K
  class space    used 557K, capacity 597K, committed 640K, reserved 1048576K
}
{Heap before GC invocations=239 (full 25):
 par new generation   total 6144K, used 5235K [0x00000000fec00000, 0x00000000ff2a0000, 0x00000000ff2a0000)
  eden space 5504K,  95% used [0x00000000fec00000, 0x00000000ff11b6c0, 0x00000000ff160000)
  from space 640K,   0% used [0x00000000ff200000, 0x00000000ff201830, 0x00000000ff2a0000)
  to   space 640K,   0% used [0x00000000ff160000, 0x00000000ff160000, 0x00000000ff200000)
 concurrent mark-sweep generation total 13696K, used 9392K [0x00000000ff2a0000, 0x0000000100000000, 0x0000000100000000)
 Metaspace       used 5078K, capacity 5258K, committed 5504K, reserved 1056768K
  class space    used 557K, capacity 597K, committed 640K, reserved 1048576K
2024-07-16T17:10:15.185+0800: 1.853: [GC (Allocation Failure) 2024-07-16T17:10:15.185+0800: 1.854: [ParNew: 5235K->10K(6144K), 0.0012854 secs] 14628K->10426K(19840K), 0.0015291 secs] [Times: user=0.00 sys=0.00, real=0.00 secs] 
Heap after GC invocations=240 (full 25):
 par new generation   total 6144K, used 10K [0x00000000fec00000, 0x00000000ff2a0000, 0x00000000ff2a0000)
  eden space 5504K,   0% used [0x00000000fec00000, 0x00000000fec00000, 0x00000000ff160000)
  from space 640K,   1% used [0x00000000ff160000, 0x00000000ff162850, 0x00000000ff200000)
  to   space 640K,   0% used [0x00000000ff200000, 0x00000000ff200000, 0x00000000ff2a0000)
 concurrent mark-sweep generation total 13696K, used 10416K [0x00000000ff2a0000, 0x0000000100000000, 0x0000000100000000)
 Metaspace       used 5078K, capacity 5258K, committed 5504K, reserved 1056768K
  class space    used 557K, capacity 597K, committed 640K, reserved 1048576K
}
{Heap before GC invocations=240 (full 25):
 par new generation   total 6144K, used 5239K [0x00000000fec00000, 0x00000000ff2a0000, 0x00000000ff2a0000)
  eden space 5504K,  95% used [0x00000000fec00000, 0x00000000ff11b700, 0x00000000ff160000)
  from space 640K,   1% used [0x00000000ff160000, 0x00000000ff162850, 0x00000000ff200000)
  to   space 640K,   0% used [0x00000000ff200000, 0x00000000ff200000, 0x00000000ff2a0000)
 concurrent mark-sweep generation total 13696K, used 10416K [0x00000000ff2a0000, 0x0000000100000000, 0x0000000100000000)
 Metaspace       used 5078K, capacity 5258K, committed 5504K, reserved 1056768K
  class space    used 557K, capacity 597K, committed 640K, reserved 1048576K
2024-07-16T17:10:15.194+0800: 1.862: [GC (Allocation Failure) 2024-07-16T17:10:15.194+0800: 1.862: [ParNew: 5239K->8K(6144K), 0.0014303 secs] 15656K->11448K(19840K), 0.0015341 secs] [Times: user=0.00 sys=0.00, real=0.00 secs] 
Heap after GC invocations=241 (full 25):
 par new generation   total 6144K, used 8K [0x00000000fec00000, 0x00000000ff2a0000, 0x00000000ff2a0000)
  eden space 5504K,   0% used [0x00000000fec00000, 0x00000000fec00000, 0x00000000ff160000)
  from space 640K,   1% used [0x00000000ff200000, 0x00000000ff202040, 0x00000000ff2a0000)
  to   space 640K,   0% used [0x00000000ff160000, 0x00000000ff160000, 0x00000000ff200000)
 concurrent mark-sweep generation total 13696K, used 11440K [0x00000000ff2a0000, 0x0000000100000000, 0x0000000100000000)
 Metaspace       used 5078K, capacity 5258K, committed 5504K, reserved 1056768K
  class space    used 557K, capacity 597K, committed 640K, reserved 1048576K
}
2024-07-16T17:10:15.196+0800: 1.864: [GC (CMS Initial Mark) [1 CMS-initial-mark: 11440K(13696K)] 12474K(19840K), 0.0004274 secs] [Times: user=0.00 sys=0.00, real=0.00 secs] 
2024-07-16T17:10:15.196+0800: 1.865: [CMS-concurrent-mark-start]
2024-07-16T17:10:15.200+0800: 1.869: [CMS-concurrent-mark: 0.004/0.004 secs] [Times: user=0.00 sys=0.00, real=0.00 secs] 
2024-07-16T17:10:15.200+0800: 1.869: [CMS-concurrent-preclean-start]
2024-07-16T17:10:15.200+0800: 1.869: [CMS-concurrent-preclean: 0.000/0.000 secs] [Times: user=0.00 sys=0.00, real=0.00 secs] 
2024-07-16T17:10:15.200+0800: 1.869: [CMS-concurrent-abortable-preclean-start]
{Heap before GC invocations=241 (full 26):
 par new generation   total 6144K, used 5237K [0x00000000fec00000, 0x00000000ff2a0000, 0x00000000ff2a0000)
  eden space 5504K,  95% used [0x00000000fec00000, 0x00000000ff11b730, 0x00000000ff160000)
  from space 640K,   1% used [0x00000000ff200000, 0x00000000ff202040, 0x00000000ff2a0000)
  to   space 640K,   0% used [0x00000000ff160000, 0x00000000ff160000, 0x00000000ff200000)
 concurrent mark-sweep generation total 13696K, used 11440K [0x00000000ff2a0000, 0x0000000100000000, 0x0000000100000000)
 Metaspace       used 5078K, capacity 5258K, committed 5504K, reserved 1056768K
  class space    used 557K, capacity 597K, committed 640K, reserved 1048576K
2024-07-16T17:10:15.204+0800: 1.872: [GC (Allocation Failure) 2024-07-16T17:10:15.204+0800: 1.872: [ParNew: 5237K->8K(6144K), 0.0009961 secs] 16678K->12472K(19840K), 0.0011512 secs] [Times: user=0.00 sys=0.00, real=0.00 secs] 
Heap after GC invocations=242 (full 26):
 par new generation   total 6144K, used 8K [0x00000000fec00000, 0x00000000ff2a0000, 0x00000000ff2a0000)
  eden space 5504K,   0% used [0x00000000fec00000, 0x00000000fec00000, 0x00000000ff160000)
  from space 640K,   1% used [0x00000000ff160000, 0x00000000ff162040, 0x00000000ff200000)
  to   space 640K,   0% used [0x00000000ff200000, 0x00000000ff200000, 0x00000000ff2a0000)
 concurrent mark-sweep generation total 13696K, used 12464K [0x00000000ff2a0000, 0x0000000100000000, 0x0000000100000000)
 Metaspace       used 5078K, capacity 5258K, committed 5504K, reserved 1056768K
  class space    used 557K, capacity 597K, committed 640K, reserved 1048576K
}
{Heap before GC invocations=242 (full 26):
 par new generation   total 6144K, used 5237K [0x00000000fec00000, 0x00000000ff2a0000, 0x00000000ff2a0000)
  eden space 5504K,  95% used [0x00000000fec00000, 0x00000000ff11b748, 0x00000000ff160000)
  from space 640K,   1% used [0x00000000ff160000, 0x00000000ff162040, 0x00000000ff200000)
  to   space 640K,   0% used [0x00000000ff200000, 0x00000000ff200000, 0x00000000ff2a0000)
 concurrent mark-sweep generation total 13696K, used 12464K [0x00000000ff2a0000, 0x0000000100000000, 0x0000000100000000)
 Metaspace       used 5078K, capacity 5258K, committed 5504K, reserved 1056768K
  class space    used 557K, capacity 597K, committed 640K, reserved 1048576K
2024-07-16T17:10:15.213+0800: 1.881: [GC (Allocation Failure) 2024-07-16T17:10:15.213+0800: 1.881: [ParNew (promotion failed): 5237K->5237K(6144K), 0.0006662 secs]2024-07-16T17:10:15.213+0800: 1.882: [CMS2024-07-16T17:10:15.213+0800: 1.882: [CMS-concurrent-abortable-preclean: 0.000/0.013 secs] [Times: user=0.00 sys=0.00, real=0.01 secs] 
 (concurrent mode failure): 12464K->2208K(13696K), 0.0032150 secs] 17702K->2208K(19840K), [Metaspace: 5078K->5078K(1056768K)], 0.0039626 secs] [Times: user=0.00 sys=0.00, real=0.00 secs] 
Heap after GC invocations=243 (full 27):
 par new generation   total 6144K, used 0K [0x00000000fec00000, 0x00000000ff2a0000, 0x00000000ff2a0000)
  eden space 5504K,   0% used [0x00000000fec00000, 0x00000000fec00000, 0x00000000ff160000)
  from space 640K,   0% used [0x00000000ff200000, 0x00000000ff200000, 0x00000000ff2a0000)
  to   space 640K,   0% used [0x00000000ff160000, 0x00000000ff160000, 0x00000000ff200000)
 concurrent mark-sweep generation total 13696K, used 2208K [0x00000000ff2a0000, 0x0000000100000000, 0x0000000100000000)
 Metaspace       used 5078K, capacity 5258K, committed 5504K, reserved 1056768K
  class space    used 557K, capacity 597K, committed 640K, reserved 1048576K
}
{Heap before GC invocations=243 (full 27):
 par new generation   total 6144K, used 5229K [0x00000000fec00000, 0x00000000ff2a0000, 0x00000000ff2a0000)
  eden space 5504K,  95% used [0x00000000fec00000, 0x00000000ff11b758, 0x00000000ff160000)
  from space 640K,   0% used [0x00000000ff200000, 0x00000000ff200000, 0x00000000ff2a0000)
  to   space 640K,   0% used [0x00000000ff160000, 0x00000000ff160000, 0x00000000ff200000)
 concurrent mark-sweep generation total 13696K, used 2208K [0x00000000ff2a0000, 0x0000000100000000, 0x0000000100000000)
 Metaspace       used 5078K, capacity 5258K, committed 5504K, reserved 1056768K
  class space    used 557K, capacity 597K, committed 640K, reserved 1048576K
2024-07-16T17:10:15.224+0800: 1.892: [GC (Allocation Failure) 2024-07-16T17:10:15.224+0800: 1.892: [ParNew: 5229K->8K(6144K), 0.0008092 secs] 7438K->3242K(19840K), 0.0008819 secs] [Times: user=0.00 sys=0.00, real=0.00 secs] 
Heap after GC invocations=244 (full 27):
 par new generation   total 6144K, used 8K [0x00000000fec00000, 0x00000000ff2a0000, 0x00000000ff2a0000)
  eden space 5504K,   0% used [0x00000000fec00000, 0x00000000fec00000, 0x00000000ff160000)
  from space 640K,   1% used [0x00000000ff160000, 0x00000000ff162040, 0x00000000ff200000)
  to   space 640K,   0% used [0x00000000ff200000, 0x00000000ff200000, 0x00000000ff2a0000)
 concurrent mark-sweep generation total 13696K, used 3234K [0x00000000ff2a0000, 0x0000000100000000, 0x0000000100000000)
 Metaspace       used 5078K, capacity 5258K, committed 5504K, reserved 1056768K
  class space    used 557K, capacity 597K, committed 640K, reserved 1048576K
}
{Heap before GC invocations=244 (full 27):
 par new generation   total 6144K, used 5237K [0x00000000fec00000, 0x00000000ff2a0000, 0x00000000ff2a0000)
  eden space 5504K,  95% used [0x00000000fec00000, 0x00000000ff11b768, 0x00000000ff160000)
  from space 640K,   1% used [0x00000000ff160000, 0x00000000ff162040, 0x00000000ff200000)
  to   space 640K,   0% used [0x00000000ff200000, 0x00000000ff200000, 0x00000000ff2a0000)
 concurrent mark-sweep generation total 13696K, used 3234K [0x00000000ff2a0000, 0x0000000100000000, 0x0000000100000000)
 Metaspace       used 5078K, capacity 5258K, committed 5504K, reserved 1056768K
  class space    used 557K, capacity 597K, committed 640K, reserved 1048576K
2024-07-16T17:10:15.232+0800: 1.900: [GC (Allocation Failure) 2024-07-16T17:10:15.232+0800: 1.900: [ParNew: 5237K->10K(6144K), 0.0011938 secs] 8472K->4270K(19840K), 0.0012898 secs] [Times: user=0.00 sys=0.00, real=0.00 secs] 
Heap after GC invocations=245 (full 27):
 par new generation   total 6144K, used 10K [0x00000000fec00000, 0x00000000ff2a0000, 0x00000000ff2a0000)
  eden space 5504K,   0% used [0x00000000fec00000, 0x00000000fec00000, 0x00000000ff160000)
  from space 640K,   1% used [0x00000000ff200000, 0x00000000ff202850, 0x00000000ff2a0000)
  to   space 640K,   0% used [0x00000000ff160000, 0x00000000ff160000, 0x00000000ff200000)
 concurrent mark-sweep generation total 13696K, used 4260K [0x00000000ff2a0000, 0x0000000100000000, 0x0000000100000000)
 Metaspace       used 5078K, capacity 5258K, committed 5504K, reserved 1056768K
  class space    used 557K, capacity 597K, committed 640K, reserved 1048576K
}
{Heap before GC invocations=245 (full 27):
 par new generation   total 6144K, used 5239K [0x00000000fec00000, 0x00000000ff2a0000, 0x00000000ff2a0000)
  eden space 5504K,  95% used [0x00000000fec00000, 0x00000000ff11b770, 0x00000000ff160000)
  from space 640K,   1% used [0x00000000ff200000, 0x00000000ff202850, 0x00000000ff2a0000)
  to   space 640K,   0% used [0x00000000ff160000, 0x00000000ff160000, 0x00000000ff200000)
 concurrent mark-sweep generation total 13696K, used 4260K [0x00000000ff2a0000, 0x0000000100000000, 0x0000000100000000)
 Metaspace       used 5078K, capacity 5258K, committed 5504K, reserved 1056768K
  class space    used 557K, capacity 597K, committed 640K, reserved 1048576K
2024-07-16T17:10:15.240+0800: 1.908: [GC (Allocation Failure) 2024-07-16T17:10:15.240+0800: 1.908: [ParNew: 5239K->4K(6144K), 0.0009363 secs] 9500K->4264K(19840K), 0.0010108 secs] [Times: user=0.00 sys=0.00, real=0.00 secs] 
Heap after GC invocations=246 (full 27):
 par new generation   total 6144K, used 4K [0x00000000fec00000, 0x00000000ff2a0000, 0x00000000ff2a0000)
  eden space 5504K,   0% used [0x00000000fec00000, 0x00000000fec00000, 0x00000000ff160000)
  from space 640K,   0% used [0x00000000ff160000, 0x00000000ff161020, 0x00000000ff200000)
  to   space 640K,   0% used [0x00000000ff200000, 0x00000000ff200000, 0x00000000ff2a0000)
 concurrent mark-sweep generation total 13696K, used 4260K [0x00000000ff2a0000, 0x0000000100000000, 0x0000000100000000)
 Metaspace       used 5078K, capacity 5258K, committed 5504K, reserved 1056768K
  class space    used 557K, capacity 597K, committed 640K, reserved 1048576K
}
{Heap before GC invocations=246 (full 27):
 par new generation   total 6144K, used 5233K [0x00000000fec00000, 0x00000000ff2a0000, 0x00000000ff2a0000)
  eden space 5504K,  95% used [0x00000000fec00000, 0x00000000ff11b770, 0x00000000ff160000)
  from space 640K,   0% used [0x00000000ff160000, 0x00000000ff161020, 0x00000000ff200000)
  to   space 640K,   0% used [0x00000000ff200000, 0x00000000ff200000, 0x00000000ff2a0000)
 concurrent mark-sweep generation total 13696K, used 4260K [0x00000000ff2a0000, 0x0000000100000000, 0x0000000100000000)
 Metaspace       used 5078K, capacity 5258K, committed 5504K, reserved 1056768K
  class space    used 557K, capacity 597K, committed 640K, reserved 1048576K
2024-07-16T17:10:15.248+0800: 1.916: [GC (Allocation Failure) 2024-07-16T17:10:15.248+0800: 1.916: [ParNew: 5233K->4K(6144K), 0.0009975 secs] 9494K->4264K(19840K), 0.0011215 secs] [Times: user=0.00 sys=0.00, real=0.00 secs] 
Heap after GC invocations=247 (full 27):
 par new generation   total 6144K, used 4K [0x00000000fec00000, 0x00000000ff2a0000, 0x00000000ff2a0000)
  eden space 5504K,   0% used [0x00000000fec00000, 0x00000000fec00000, 0x00000000ff160000)
  from space 640K,   0% used [0x00000000ff200000, 0x00000000ff201020, 0x00000000ff2a0000)
  to   space 640K,   0% used [0x00000000ff160000, 0x00000000ff160000, 0x00000000ff200000)
 concurrent mark-sweep generation total 13696K, used 4260K [0x00000000ff2a0000, 0x0000000100000000, 0x0000000100000000)
 Metaspace       used 5078K, capacity 5258K, committed 5504K, reserved 1056768K
  class space    used 557K, capacity 597K, committed 640K, reserved 1048576K
}
{Heap before GC invocations=247 (full 27):
 par new generation   total 6144K, used 5233K [0x00000000fec00000, 0x00000000ff2a0000, 0x00000000ff2a0000)
  eden space 5504K,  95% used [0x00000000fec00000, 0x00000000ff11b778, 0x00000000ff160000)
  from space 640K,   0% used [0x00000000ff200000, 0x00000000ff201020, 0x00000000ff2a0000)
  to   space 640K,   0% used [0x00000000ff160000, 0x00000000ff160000, 0x00000000ff200000)
 concurrent mark-sweep generation total 13696K, used 4260K [0x00000000ff2a0000, 0x0000000100000000, 0x0000000100000000)
 Metaspace       used 5078K, capacity 5258K, committed 5504K, reserved 1056768K
  class space    used 557K, capacity 597K, committed 640K, reserved 1048576K
2024-07-16T17:10:15.257+0800: 1.925: [GC (Allocation Failure) 2024-07-16T17:10:15.257+0800: 1.925: [ParNew: 5233K->4K(6144K), 0.0013265 secs] 9494K->4264K(19840K), 0.0014679 secs] [Times: user=0.00 sys=0.00, real=0.00 secs] 
Heap after GC invocations=248 (full 27):
 par new generation   total 6144K, used 4K [0x00000000fec00000, 0x00000000ff2a0000, 0x00000000ff2a0000)
  eden space 5504K,   0% used [0x00000000fec00000, 0x00000000fec00000, 0x00000000ff160000)
  from space 640K,   0% used [0x00000000ff160000, 0x00000000ff161020, 0x00000000ff200000)
  to   space 640K,   0% used [0x00000000ff200000, 0x00000000ff200000, 0x00000000ff2a0000)
 concurrent mark-sweep generation total 13696K, used 4260K [0x00000000ff2a0000, 0x0000000100000000, 0x0000000100000000)
 Metaspace       used 5078K, capacity 5258K, committed 5504K, reserved 1056768K
  class space    used 557K, capacity 597K, committed 640K, reserved 1048576K
}
{Heap before GC invocations=248 (full 27):
 par new generation   total 6144K, used 5233K [0x00000000fec00000, 0x00000000ff2a0000, 0x00000000ff2a0000)
  eden space 5504K,  95% used [0x00000000fec00000, 0x00000000ff11b778, 0x00000000ff160000)
  from space 640K,   0% used [0x00000000ff160000, 0x00000000ff161020, 0x00000000ff200000)
  to   space 640K,   0% used [0x00000000ff200000, 0x00000000ff200000, 0x00000000ff2a0000)
 concurrent mark-sweep generation total 13696K, used 4260K [0x00000000ff2a0000, 0x0000000100000000, 0x0000000100000000)
 Metaspace       used 5078K, capacity 5258K, committed 5504K, reserved 1056768K
  class space    used 557K, capacity 597K, committed 640K, reserved 1048576K
2024-07-16T17:10:15.265+0800: 1.933: [GC (Allocation Failure) 2024-07-16T17:10:15.265+0800: 1.933: [ParNew: 5233K->4K(6144K), 0.0014247 secs] 9494K->5290K(19840K), 0.0015319 secs] [Times: user=0.00 sys=0.00, real=0.00 secs] 
Heap after GC invocations=249 (full 27):
 par new generation   total 6144K, used 4K [0x00000000fec00000, 0x00000000ff2a0000, 0x00000000ff2a0000)
  eden space 5504K,   0% used [0x00000000fec00000, 0x00000000fec00000, 0x00000000ff160000)
  from space 640K,   0% used [0x00000000ff200000, 0x00000000ff201020, 0x00000000ff2a0000)
  to   space 640K,   0% used [0x00000000ff160000, 0x00000000ff160000, 0x00000000ff200000)
 concurrent mark-sweep generation total 13696K, used 5286K [0x00000000ff2a0000, 0x0000000100000000, 0x0000000100000000)
 Metaspace       used 5078K, capacity 5258K, committed 5504K, reserved 1056768K
  class space    used 557K, capacity 597K, committed 640K, reserved 1048576K
}
{Heap before GC invocations=249 (full 27):
 par new generation   total 6144K, used 5233K [0x00000000fec00000, 0x00000000ff2a0000, 0x00000000ff2a0000)
  eden space 5504K,  95% used [0x00000000fec00000, 0x00000000ff11b778, 0x00000000ff160000)
  from space 640K,   0% used [0x00000000ff200000, 0x00000000ff201020, 0x00000000ff2a0000)
  to   space 640K,   0% used [0x00000000ff160000, 0x00000000ff160000, 0x00000000ff200000)
 concurrent mark-sweep generation total 13696K, used 5286K [0x00000000ff2a0000, 0x0000000100000000, 0x0000000100000000)
 Metaspace       used 5078K, capacity 5258K, committed 5504K, reserved 1056768K
  class space    used 557K, capacity 597K, committed 640K, reserved 1048576K
2024-07-16T17:10:15.275+0800: 1.943: [GC (Allocation Failure) 2024-07-16T17:10:15.275+0800: 1.943: [ParNew: 5233K->4K(6144K), 0.0012138 secs] 10520K->5290K(19840K), 0.0013235 secs] [Times: user=0.00 sys=0.00, real=0.00 secs] 
Heap after GC invocations=250 (full 27):
 par new generation   total 6144K, used 4K [0x00000000fec00000, 0x00000000ff2a0000, 0x00000000ff2a0000)
  eden space 5504K,   0% used [0x00000000fec00000, 0x00000000fec00000, 0x00000000ff160000)
  from space 640K,   0% used [0x00000000ff160000, 0x00000000ff161020, 0x00000000ff200000)
  to   space 640K,   0% used [0x00000000ff200000, 0x00000000ff200000, 0x00000000ff2a0000)
 concurrent mark-sweep generation total 13696K, used 5286K [0x00000000ff2a0000, 0x0000000100000000, 0x0000000100000000)
 Metaspace       used 5078K, capacity 5258K, committed 5504K, reserved 1056768K
  class space    used 557K, capacity 597K, committed 640K, reserved 1048576K
}
{Heap before GC invocations=250 (full 27):
 par new generation   total 6144K, used 5233K [0x00000000fec00000, 0x00000000ff2a0000, 0x00000000ff2a0000)
  eden space 5504K,  95% used [0x00000000fec00000, 0x00000000ff11b778, 0x00000000ff160000)
  from space 640K,   0% used [0x00000000ff160000, 0x00000000ff161020, 0x00000000ff200000)
  to   space 640K,   0% used [0x00000000ff200000, 0x00000000ff200000, 0x00000000ff2a0000)
 concurrent mark-sweep generation total 13696K, used 5286K [0x00000000ff2a0000, 0x0000000100000000, 0x0000000100000000)
 Metaspace       used 5078K, capacity 5258K, committed 5504K, reserved 1056768K
  class space    used 557K, capacity 597K, committed 640K, reserved 1048576K
2024-07-16T17:10:15.283+0800: 1.951: [GC (Allocation Failure) 2024-07-16T17:10:15.283+0800: 1.951: [ParNew: 5233K->6K(6144K), 0.0013675 secs] 10520K->6318K(19840K), 0.0014429 secs] [Times: user=0.14 sys=0.02, real=0.00 secs] 
Heap after GC invocations=251 (full 27):
 par new generation   total 6144K, used 6K [0x00000000fec00000, 0x00000000ff2a0000, 0x00000000ff2a0000)
  eden space 5504K,   0% used [0x00000000fec00000, 0x00000000fec00000, 0x00000000ff160000)
  from space 640K,   0% used [0x00000000ff200000, 0x00000000ff201830, 0x00000000ff2a0000)
  to   space 640K,   0% used [0x00000000ff160000, 0x00000000ff160000, 0x00000000ff200000)
 concurrent mark-sweep generation total 13696K, used 6312K [0x00000000ff2a0000, 0x0000000100000000, 0x0000000100000000)
 Metaspace       used 5078K, capacity 5258K, committed 5504K, reserved 1056768K
  class space    used 557K, capacity 597K, committed 640K, reserved 1048576K
}
{Heap before GC invocations=251 (full 27):
 par new generation   total 6144K, used 5235K [0x00000000fec00000, 0x00000000ff2a0000, 0x00000000ff2a0000)
  eden space 5504K,  95% used [0x00000000fec00000, 0x00000000ff11b778, 0x00000000ff160000)
  from space 640K,   0% used [0x00000000ff200000, 0x00000000ff201830, 0x00000000ff2a0000)
  to   space 640K,   0% used [0x00000000ff160000, 0x00000000ff160000, 0x00000000ff200000)
 concurrent mark-sweep generation total 13696K, used 6312K [0x00000000ff2a0000, 0x0000000100000000, 0x0000000100000000)
 Metaspace       used 5078K, capacity 5258K, committed 5504K, reserved 1056768K
  class space    used 557K, capacity 597K, committed 640K, reserved 1048576K
2024-07-16T17:10:15.293+0800: 1.961: [GC (Allocation Failure) 2024-07-16T17:10:15.293+0800: 1.961: [ParNew: 5235K->4K(6144K), 0.0007863 secs] 11548K->6316K(19840K), 0.0008717 secs] [Times: user=0.00 sys=0.00, real=0.00 secs] 
Heap after GC invocations=252 (full 27):
 par new generation   total 6144K, used 4K [0x00000000fec00000, 0x00000000ff2a0000, 0x00000000ff2a0000)
  eden space 5504K,   0% used [0x00000000fec00000, 0x00000000fec00000, 0x00000000ff160000)
  from space 640K,   0% used [0x00000000ff160000, 0x00000000ff161020, 0x00000000ff200000)
  to   space 640K,   0% used [0x00000000ff200000, 0x00000000ff200000, 0x00000000ff2a0000)
 concurrent mark-sweep generation total 13696K, used 6312K [0x00000000ff2a0000, 0x0000000100000000, 0x0000000100000000)
 Metaspace       used 5078K, capacity 5258K, committed 5504K, reserved 1056768K
  class space    used 557K, capacity 597K, committed 640K, reserved 1048576K
}
{Heap before GC invocations=252 (full 27):
 par new generation   total 6144K, used 5233K [0x00000000fec00000, 0x00000000ff2a0000, 0x00000000ff2a0000)
  eden space 5504K,  95% used [0x00000000fec00000, 0x00000000ff11b778, 0x00000000ff160000)
  from space 640K,   0% used [0x00000000ff160000, 0x00000000ff161020, 0x00000000ff200000)
  to   space 640K,   0% used [0x00000000ff200000, 0x00000000ff200000, 0x00000000ff2a0000)
 concurrent mark-sweep generation total 13696K, used 6312K [0x00000000ff2a0000, 0x0000000100000000, 0x0000000100000000)
 Metaspace       used 5078K, capacity 5258K, committed 5504K, reserved 1056768K
  class space    used 557K, capacity 597K, committed 640K, reserved 1048576K
2024-07-16T17:10:15.301+0800: 1.969: [GC (Allocation Failure) 2024-07-16T17:10:15.301+0800: 1.969: [ParNew: 5233K->8K(6144K), 0.0003649 secs] 11546K->7344K(19840K), 0.0004096 secs] [Times: user=0.00 sys=0.00, real=0.00 secs] 
Heap after GC invocations=253 (full 27):
 par new generation   total 6144K, used 8K [0x00000000fec00000, 0x00000000ff2a0000, 0x00000000ff2a0000)
  eden space 5504K,   0% used [0x00000000fec00000, 0x00000000fec00000, 0x00000000ff160000)
  from space 640K,   1% used [0x00000000ff200000, 0x00000000ff202040, 0x00000000ff2a0000)
  to   space 640K,   0% used [0x00000000ff160000, 0x00000000ff160000, 0x00000000ff200000)
 concurrent mark-sweep generation total 13696K, used 7336K [0x00000000ff2a0000, 0x0000000100000000, 0x0000000100000000)
 Metaspace       used 5078K, capacity 5258K, committed 5504K, reserved 1056768K
  class space    used 557K, capacity 597K, committed 640K, reserved 1048576K
}
{Heap before GC invocations=253 (full 27):
 par new generation   total 6144K, used 5245K [0x00000000fec00000, 0x00000000ff2a0000, 0x00000000ff2a0000)
  eden space 5504K,  95% used [0x00000000fec00000, 0x00000000ff11d478, 0x00000000ff160000)
  from space 640K,   1% used [0x00000000ff200000, 0x00000000ff202040, 0x00000000ff2a0000)
  to   space 640K,   0% used [0x00000000ff160000, 0x00000000ff160000, 0x00000000ff200000)
 concurrent mark-sweep generation total 13696K, used 7336K [0x00000000ff2a0000, 0x0000000100000000, 0x0000000100000000)
 Metaspace       used 5078K, capacity 5258K, committed 5504K, reserved 1056768K
  class space    used 557K, capacity 597K, committed 640K, reserved 1048576K
2024-07-16T17:10:15.308+0800: 1.976: [GC (Allocation Failure) 2024-07-16T17:10:15.308+0800: 1.976: [ParNew: 5245K->15K(6144K), 0.0003680 secs] 12581K->8376K(19840K), 0.0004135 secs] [Times: user=0.00 sys=0.00, real=0.00 secs] 
Heap after GC invocations=254 (full 27):
 par new generation   total 6144K, used 15K [0x00000000fec00000, 0x00000000ff2a0000, 0x00000000ff2a0000)
  eden space 5504K,   0% used [0x00000000fec00000, 0x00000000fec00000, 0x00000000ff160000)
  from space 640K,   2% used [0x00000000ff160000, 0x00000000ff163d40, 0x00000000ff200000)
  to   space 640K,   0% used [0x00000000ff200000, 0x00000000ff200000, 0x00000000ff2a0000)
 concurrent mark-sweep generation total 13696K, used 8360K [0x00000000ff2a0000, 0x0000000100000000, 0x0000000100000000)
 Metaspace       used 5078K, capacity 5258K, committed 5504K, reserved 1056768K
  class space    used 557K, capacity 597K, committed 640K, reserved 1048576K
}
{Heap before GC invocations=254 (full 27):
 par new generation   total 6144K, used 5245K [0x00000000fec00000, 0x00000000ff2a0000, 0x00000000ff2a0000)
  eden space 5504K,  95% used [0x00000000fec00000, 0x00000000ff11b748, 0x00000000ff160000)
  from space 640K,   2% used [0x00000000ff160000, 0x00000000ff163d40, 0x00000000ff200000)
  to   space 640K,   0% used [0x00000000ff200000, 0x00000000ff200000, 0x00000000ff2a0000)
 concurrent mark-sweep generation total 13696K, used 8360K [0x00000000ff2a0000, 0x0000000100000000, 0x0000000100000000)
 Metaspace       used 5078K, capacity 5258K, committed 5504K, reserved 1056768K
  class space    used 557K, capacity 597K, committed 640K, reserved 1048576K
2024-07-16T17:10:15.315+0800: 1.983: [GC (Allocation Failure) 2024-07-16T17:10:15.315+0800: 1.983: [ParNew: 5245K->15K(6144K), 0.0004130 secs] 13605K->9402K(19840K), 0.0004488 secs] [Times: user=0.00 sys=0.00, real=0.00 secs] 
Heap after GC invocations=255 (full 27):
 par new generation   total 6144K, used 15K [0x00000000fec00000, 0x00000000ff2a0000, 0x00000000ff2a0000)
  eden space 5504K,   0% used [0x00000000fec00000, 0x00000000fec00000, 0x00000000ff160000)
  from space 640K,   2% used [0x00000000ff200000, 0x00000000ff203d40, 0x00000000ff2a0000)
  to   space 640K,   0% used [0x00000000ff160000, 0x00000000ff160000, 0x00000000ff200000)
 concurrent mark-sweep generation total 13696K, used 9386K [0x00000000ff2a0000, 0x0000000100000000, 0x0000000100000000)
 Metaspace       used 5078K, capacity 5258K, committed 5504K, reserved 1056768K
  class space    used 557K, capacity 597K, committed 640K, reserved 1048576K
}
{Heap before GC invocations=255 (full 27):
 par new generation   total 6144K, used 5245K [0x00000000fec00000, 0x00000000ff2a0000, 0x00000000ff2a0000)
  eden space 5504K,  95% used [0x00000000fec00000, 0x00000000ff11b790, 0x00000000ff160000)
  from space 640K,   2% used [0x00000000ff200000, 0x00000000ff203d40, 0x00000000ff2a0000)
  to   space 640K,   0% used [0x00000000ff160000, 0x00000000ff160000, 0x00000000ff200000)
 concurrent mark-sweep generation total 13696K, used 9386K [0x00000000ff2a0000, 0x0000000100000000, 0x0000000100000000)
 Metaspace       used 5078K, capacity 5258K, committed 5504K, reserved 1056768K
  class space    used 557K, capacity 597K, committed 640K, reserved 1048576K
2024-07-16T17:10:15.323+0800: 1.991: [GC (Allocation Failure) 2024-07-16T17:10:15.323+0800: 1.991: [ParNew: 5245K->11K(6144K), 0.0003053 secs] 14632K->9398K(19840K), 0.0003526 secs] [Times: user=0.00 sys=0.00, real=0.00 secs] 
Heap after GC invocations=256 (full 27):
 par new generation   total 6144K, used 11K [0x00000000fec00000, 0x00000000ff2a0000, 0x00000000ff2a0000)
  eden space 5504K,   0% used [0x00000000fec00000, 0x00000000fec00000, 0x00000000ff160000)
  from space 640K,   1% used [0x00000000ff160000, 0x00000000ff162d20, 0x00000000ff200000)
  to   space 640K,   0% used [0x00000000ff200000, 0x00000000ff200000, 0x00000000ff2a0000)
 concurrent mark-sweep generation total 13696K, used 9386K [0x00000000ff2a0000, 0x0000000100000000, 0x0000000100000000)
 Metaspace       used 5078K, capacity 5258K, committed 5504K, reserved 1056768K
  class space    used 557K, capacity 597K, committed 640K, reserved 1048576K
}
{Heap before GC invocations=256 (full 27):
 par new generation   total 6144K, used 5241K [0x00000000fec00000, 0x00000000ff2a0000, 0x00000000ff2a0000)
  eden space 5504K,  95% used [0x00000000fec00000, 0x00000000ff11b788, 0x00000000ff160000)
  from space 640K,   1% used [0x00000000ff160000, 0x00000000ff162d20, 0x00000000ff200000)
  to   space 640K,   0% used [0x00000000ff200000, 0x00000000ff200000, 0x00000000ff2a0000)
 concurrent mark-sweep generation total 13696K, used 9386K [0x00000000ff2a0000, 0x0000000100000000, 0x0000000100000000)
 Metaspace       used 5078K, capacity 5258K, committed 5504K, reserved 1056768K
  class space    used 557K, capacity 597K, committed 640K, reserved 1048576K
2024-07-16T17:10:15.330+0800: 1.998: [GC (Allocation Failure) 2024-07-16T17:10:15.330+0800: 1.998: [ParNew: 5241K->19K(6144K), 0.0009237 secs] 14627K->11456K(19840K), 0.0009766 secs] [Times: user=0.00 sys=0.02, real=0.00 secs] 
Heap after GC invocations=257 (full 27):
 par new generation   total 6144K, used 19K [0x00000000fec00000, 0x00000000ff2a0000, 0x00000000ff2a0000)
  eden space 5504K,   0% used [0x00000000fec00000, 0x00000000fec00000, 0x00000000ff160000)
  from space 640K,   3% used [0x00000000ff200000, 0x00000000ff204d60, 0x00000000ff2a0000)
  to   space 640K,   0% used [0x00000000ff160000, 0x00000000ff160000, 0x00000000ff200000)
 concurrent mark-sweep generation total 13696K, used 11436K [0x00000000ff2a0000, 0x0000000100000000, 0x0000000100000000)
 Metaspace       used 5078K, capacity 5258K, committed 5504K, reserved 1056768K
  class space    used 557K, capacity 597K, committed 640K, reserved 1048576K
}
2024-07-16T17:10:15.331+0800: 2.000: [GC (CMS Initial Mark) [1 CMS-initial-mark: 11436K(13696K)] 12482K(19840K), 0.0001479 secs] [Times: user=0.00 sys=0.00, real=0.00 secs] 
2024-07-16T17:10:15.331+0800: 2.000: [CMS-concurrent-mark-start]
2024-07-16T17:10:15.333+0800: 2.001: [CMS-concurrent-mark: 0.002/0.002 secs] [Times: user=0.00 sys=0.00, real=0.00 secs] 
2024-07-16T17:10:15.333+0800: 2.001: [CMS-concurrent-preclean-start]
2024-07-16T17:10:15.333+0800: 2.001: [CMS-concurrent-preclean: 0.000/0.000 secs] [Times: user=0.00 sys=0.00, real=0.00 secs] 
2024-07-16T17:10:15.333+0800: 2.001: [CMS-concurrent-abortable-preclean-start]
{Heap before GC invocations=257 (full 28):
 par new generation   total 6144K, used 5249K [0x00000000fec00000, 0x00000000ff2a0000, 0x00000000ff2a0000)
  eden space 5504K,  95% used [0x00000000fec00000, 0x00000000ff11b788, 0x00000000ff160000)
  from space 640K,   3% used [0x00000000ff200000, 0x00000000ff204d60, 0x00000000ff2a0000)
  to   space 640K,   0% used [0x00000000ff160000, 0x00000000ff160000, 0x00000000ff200000)
 concurrent mark-sweep generation total 13696K, used 11436K [0x00000000ff2a0000, 0x0000000100000000, 0x0000000100000000)
 Metaspace       used 5078K, capacity 5258K, committed 5504K, reserved 1056768K
  class space    used 557K, capacity 597K, committed 640K, reserved 1048576K
2024-07-16T17:10:15.338+0800: 2.006: [GC (Allocation Failure) 2024-07-16T17:10:15.338+0800: 2.006: [ParNew: 5249K->5249K(6144K), 0.0000099 secs]2024-07-16T17:10:15.338+0800: 2.006: [CMS2024-07-16T17:10:15.338+0800: 2.006: [CMS-concurrent-abortable-preclean: 0.000/0.005 secs] [Times: user=0.00 sys=0.00, real=0.01 secs] 
 (concurrent mode failure): 11436K->2210K(13696K), 0.0021249 secs] 16686K->2210K(19840K), [Metaspace: 5078K->5078K(1056768K)], 0.0021712 secs] [Times: user=0.00 sys=0.00, real=0.00 secs] 
Heap after GC invocations=258 (full 29):
 par new generation   total 6144K, used 0K [0x00000000fec00000, 0x00000000ff2a0000, 0x00000000ff2a0000)
  eden space 5504K,   0% used [0x00000000fec00000, 0x00000000fec00000, 0x00000000ff160000)
  from space 640K,   0% used [0x00000000ff200000, 0x00000000ff200000, 0x00000000ff2a0000)
  to   space 640K,   0% used [0x00000000ff160000, 0x00000000ff160000, 0x00000000ff200000)
 concurrent mark-sweep generation total 13696K, used 2210K [0x00000000ff2a0000, 0x0000000100000000, 0x0000000100000000)
 Metaspace       used 5078K, capacity 5258K, committed 5504K, reserved 1056768K
  class space    used 557K, capacity 597K, committed 640K, reserved 1048576K
}
{Heap before GC invocations=258 (full 29):
 par new generation   total 6144K, used 5229K [0x00000000fec00000, 0x00000000ff2a0000, 0x00000000ff2a0000)
  eden space 5504K,  95% used [0x00000000fec00000, 0x00000000ff11b780, 0x00000000ff160000)
  from space 640K,   0% used [0x00000000ff200000, 0x00000000ff200000, 0x00000000ff2a0000)
  to   space 640K,   0% used [0x00000000ff160000, 0x00000000ff160000, 0x00000000ff200000)
 concurrent mark-sweep generation total 13696K, used 2210K [0x00000000ff2a0000, 0x0000000100000000, 0x0000000100000000)
 Metaspace       used 5078K, capacity 5258K, committed 5504K, reserved 1056768K
  class space    used 557K, capacity 597K, committed 640K, reserved 1048576K
2024-07-16T17:10:15.349+0800: 2.017: [GC (Allocation Failure) 2024-07-16T17:10:15.349+0800: 2.017: [ParNew: 5229K->6K(6144K), 0.0005444 secs] 7440K->3242K(19840K), 0.0005987 secs] [Times: user=0.00 sys=0.00, real=0.00 secs] 
Heap after GC invocations=259 (full 29):
 par new generation   total 6144K, used 6K [0x00000000fec00000, 0x00000000ff2a0000, 0x00000000ff2a0000)
  eden space 5504K,   0% used [0x00000000fec00000, 0x00000000fec00000, 0x00000000ff160000)
  from space 640K,   0% used [0x00000000ff160000, 0x00000000ff161830, 0x00000000ff200000)
  to   space 640K,   0% used [0x00000000ff200000, 0x00000000ff200000, 0x00000000ff2a0000)
 concurrent mark-sweep generation total 13696K, used 3236K [0x00000000ff2a0000, 0x0000000100000000, 0x0000000100000000)
 Metaspace       used 5078K, capacity 5258K, committed 5504K, reserved 1056768K
  class space    used 557K, capacity 597K, committed 640K, reserved 1048576K
}
{Heap before GC invocations=259 (full 29):
 par new generation   total 6144K, used 5235K [0x00000000fec00000, 0x00000000ff2a0000, 0x00000000ff2a0000)
  eden space 5504K,  95% used [0x00000000fec00000, 0x00000000ff11b780, 0x00000000ff160000)
  from space 640K,   0% used [0x00000000ff160000, 0x00000000ff161830, 0x00000000ff200000)
  to   space 640K,   0% used [0x00000000ff200000, 0x00000000ff200000, 0x00000000ff2a0000)
 concurrent mark-sweep generation total 13696K, used 3236K [0x00000000ff2a0000, 0x0000000100000000, 0x0000000100000000)
 Metaspace       used 5078K, capacity 5258K, committed 5504K, reserved 1056768K
  class space    used 557K, capacity 597K, committed 640K, reserved 1048576K
2024-07-16T17:10:15.356+0800: 2.024: [GC (Allocation Failure) 2024-07-16T17:10:15.356+0800: 2.024: [ParNew: 5235K->4K(6144K), 0.0003843 secs] 8472K->3240K(19840K), 0.0004125 secs] [Times: user=0.00 sys=0.00, real=0.00 secs] 
Heap after GC invocations=260 (full 29):
 par new generation   total 6144K, used 4K [0x00000000fec00000, 0x00000000ff2a0000, 0x00000000ff2a0000)
  eden space 5504K,   0% used [0x00000000fec00000, 0x00000000fec00000, 0x00000000ff160000)
  from space 640K,   0% used [0x00000000ff200000, 0x00000000ff201020, 0x00000000ff2a0000)
  to   space 640K,   0% used [0x00000000ff160000, 0x00000000ff160000, 0x00000000ff200000)
 concurrent mark-sweep generation total 13696K, used 3236K [0x00000000ff2a0000, 0x0000000100000000, 0x0000000100000000)
 Metaspace       used 5078K, capacity 5258K, committed 5504K, reserved 1056768K
  class space    used 557K, capacity 597K, committed 640K, reserved 1048576K
}
{Heap before GC invocations=260 (full 29):
 par new generation   total 6144K, used 5233K [0x00000000fec00000, 0x00000000ff2a0000, 0x00000000ff2a0000)
  eden space 5504K,  95% used [0x00000000fec00000, 0x00000000ff11b780, 0x00000000ff160000)
  from space 640K,   0% used [0x00000000ff200000, 0x00000000ff201020, 0x00000000ff2a0000)
  to   space 640K,   0% used [0x00000000ff160000, 0x00000000ff160000, 0x00000000ff200000)
 concurrent mark-sweep generation total 13696K, used 3236K [0x00000000ff2a0000, 0x0000000100000000, 0x0000000100000000)
 Metaspace       used 5078K, capacity 5258K, committed 5504K, reserved 1056768K
  class space    used 557K, capacity 597K, committed 640K, reserved 1048576K
2024-07-16T17:10:15.362+0800: 2.030: [GC (Allocation Failure) 2024-07-16T17:10:15.362+0800: 2.030: [ParNew: 5233K->8K(6144K), 0.0009730 secs] 8470K->4271K(19840K), 0.0010537 secs] [Times: user=0.00 sys=0.00, real=0.00 secs] 
Heap after GC invocations=261 (full 29):
 par new generation   total 6144K, used 8K [0x00000000fec00000, 0x00000000ff2a0000, 0x00000000ff2a0000)
  eden space 5504K,   0% used [0x00000000fec00000, 0x00000000fec00000, 0x00000000ff160000)
  from space 640K,   1% used [0x00000000ff160000, 0x00000000ff162040, 0x00000000ff200000)
  to   space 640K,   0% used [0x00000000ff200000, 0x00000000ff200000, 0x00000000ff2a0000)
 concurrent mark-sweep generation total 13696K, used 4263K [0x00000000ff2a0000, 0x0000000100000000, 0x0000000100000000)
 Metaspace       used 5078K, capacity 5258K, committed 5504K, reserved 1056768K
  class space    used 557K, capacity 597K, committed 640K, reserved 1048576K
}
{Heap before GC invocations=261 (full 29):
 par new generation   total 6144K, used 5237K [0x00000000fec00000, 0x00000000ff2a0000, 0x00000000ff2a0000)
  eden space 5504K,  95% used [0x00000000fec00000, 0x00000000ff11b780, 0x00000000ff160000)
  from space 640K,   1% used [0x00000000ff160000, 0x00000000ff162040, 0x00000000ff200000)
  to   space 640K,   0% used [0x00000000ff200000, 0x00000000ff200000, 0x00000000ff2a0000)
 concurrent mark-sweep generation total 13696K, used 4263K [0x00000000ff2a0000, 0x0000000100000000, 0x0000000100000000)
 Metaspace       used 5078K, capacity 5258K, committed 5504K, reserved 1056768K
  class space    used 557K, capacity 597K, committed 640K, reserved 1048576K
2024-07-16T17:10:15.371+0800: 2.039: [GC (Allocation Failure) 2024-07-16T17:10:15.371+0800: 2.039: [ParNew: 5237K->4K(6144K), 0.0012270 secs] 9500K->4267K(19840K), 0.0013205 secs] [Times: user=0.00 sys=0.00, real=0.00 secs] 
Heap after GC invocations=262 (full 29):
 par new generation   total 6144K, used 4K [0x00000000fec00000, 0x00000000ff2a0000, 0x00000000ff2a0000)
  eden space 5504K,   0% used [0x00000000fec00000, 0x00000000fec00000, 0x00000000ff160000)
  from space 640K,   0% used [0x00000000ff200000, 0x00000000ff201020, 0x00000000ff2a0000)
  to   space 640K,   0% used [0x00000000ff160000, 0x00000000ff160000, 0x00000000ff200000)
 concurrent mark-sweep generation total 13696K, used 4263K [0x00000000ff2a0000, 0x0000000100000000, 0x0000000100000000)
 Metaspace       used 5078K, capacity 5258K, committed 5504K, reserved 1056768K
  class space    used 557K, capacity 597K, committed 640K, reserved 1048576K
}
{Heap before GC invocations=262 (full 29):
 par new generation   total 6144K, used 5233K [0x00000000fec00000, 0x00000000ff2a0000, 0x00000000ff2a0000)
  eden space 5504K,  95% used [0x00000000fec00000, 0x00000000ff11b780, 0x00000000ff160000)
  from space 640K,   0% used [0x00000000ff200000, 0x00000000ff201020, 0x00000000ff2a0000)
  to   space 640K,   0% used [0x00000000ff160000, 0x00000000ff160000, 0x00000000ff200000)
 concurrent mark-sweep generation total 13696K, used 4263K [0x00000000ff2a0000, 0x0000000100000000, 0x0000000100000000)
 Metaspace       used 5078K, capacity 5258K, committed 5504K, reserved 1056768K
  class space    used 557K, capacity 597K, committed 640K, reserved 1048576K
2024-07-16T17:10:15.378+0800: 2.046: [GC (Allocation Failure) 2024-07-16T17:10:15.378+0800: 2.046: [ParNew: 5233K->8K(6144K), 0.0013923 secs] 9496K->5297K(19840K), 0.0014632 secs] [Times: user=0.00 sys=0.00, real=0.00 secs] 
Heap after GC invocations=263 (full 29):
 par new generation   total 6144K, used 8K [0x00000000fec00000, 0x00000000ff2a0000, 0x00000000ff2a0000)
  eden space 5504K,   0% used [0x00000000fec00000, 0x00000000fec00000, 0x00000000ff160000)
  from space 640K,   1% used [0x00000000ff160000, 0x00000000ff162040, 0x00000000ff200000)
  to   space 640K,   0% used [0x00000000ff200000, 0x00000000ff200000, 0x00000000ff2a0000)
 concurrent mark-sweep generation total 13696K, used 5289K [0x00000000ff2a0000, 0x0000000100000000, 0x0000000100000000)
 Metaspace       used 5078K, capacity 5258K, committed 5504K, reserved 1056768K
  class space    used 557K, capacity 597K, committed 640K, reserved 1048576K
}
{Heap before GC invocations=263 (full 29):
 par new generation   total 6144K, used 5237K [0x00000000fec00000, 0x00000000ff2a0000, 0x00000000ff2a0000)
  eden space 5504K,  95% used [0x00000000fec00000, 0x00000000ff11b780, 0x00000000ff160000)
  from space 640K,   1% used [0x00000000ff160000, 0x00000000ff162040, 0x00000000ff200000)
  to   space 640K,   0% used [0x00000000ff200000, 0x00000000ff200000, 0x00000000ff2a0000)
 concurrent mark-sweep generation total 13696K, used 5289K [0x00000000ff2a0000, 0x0000000100000000, 0x0000000100000000)
 Metaspace       used 5078K, capacity 5258K, committed 5504K, reserved 1056768K
  class space    used 557K, capacity 597K, committed 640K, reserved 1048576K
2024-07-16T17:10:15.386+0800: 2.054: [GC (Allocation Failure) 2024-07-16T17:10:15.386+0800: 2.054: [ParNew: 5237K->8K(6144K), 0.0011171 secs] 10527K->6323K(19840K), 0.0012376 secs] [Times: user=0.00 sys=0.00, real=0.00 secs] 
Heap after GC invocations=264 (full 29):
 par new generation   total 6144K, used 8K [0x00000000fec00000, 0x00000000ff2a0000, 0x00000000ff2a0000)
  eden space 5504K,   0% used [0x00000000fec00000, 0x00000000fec00000, 0x00000000ff160000)
  from space 640K,   1% used [0x00000000ff200000, 0x00000000ff202040, 0x00000000ff2a0000)
  to   space 640K,   0% used [0x00000000ff160000, 0x00000000ff160000, 0x00000000ff200000)
 concurrent mark-sweep generation total 13696K, used 6315K [0x00000000ff2a0000, 0x0000000100000000, 0x0000000100000000)
 Metaspace       used 5078K, capacity 5258K, committed 5504K, reserved 1056768K
  class space    used 557K, capacity 597K, committed 640K, reserved 1048576K
}
{Heap before GC invocations=264 (full 29):
 par new generation   total 6144K, used 5237K [0x00000000fec00000, 0x00000000ff2a0000, 0x00000000ff2a0000)
  eden space 5504K,  95% used [0x00000000fec00000, 0x00000000ff11b780, 0x00000000ff160000)
  from space 640K,   1% used [0x00000000ff200000, 0x00000000ff202040, 0x00000000ff2a0000)
  to   space 640K,   0% used [0x00000000ff160000, 0x00000000ff160000, 0x00000000ff200000)
 concurrent mark-sweep generation total 13696K, used 6315K [0x00000000ff2a0000, 0x0000000100000000, 0x0000000100000000)
 Metaspace       used 5078K, capacity 5258K, committed 5504K, reserved 1056768K
  class space    used 557K, capacity 597K, committed 640K, reserved 1048576K
2024-07-16T17:10:15.395+0800: 2.063: [GC (Allocation Failure) 2024-07-16T17:10:15.395+0800: 2.063: [ParNew: 5237K->8K(6144K), 0.0011289 secs] 11553K->7347K(19840K), 0.0012409 secs] [Times: user=0.00 sys=0.00, real=0.00 secs] 
Heap after GC invocations=265 (full 29):
 par new generation   total 6144K, used 8K [0x00000000fec00000, 0x00000000ff2a0000, 0x00000000ff2a0000)
  eden space 5504K,   0% used [0x00000000fec00000, 0x00000000fec00000, 0x00000000ff160000)
  from space 640K,   1% used [0x00000000ff160000, 0x00000000ff162040, 0x00000000ff200000)
  to   space 640K,   0% used [0x00000000ff200000, 0x00000000ff200000, 0x00000000ff2a0000)
 concurrent mark-sweep generation total 13696K, used 7339K [0x00000000ff2a0000, 0x0000000100000000, 0x0000000100000000)
 Metaspace       used 5078K, capacity 5258K, committed 5504K, reserved 1056768K
  class space    used 557K, capacity 597K, committed 640K, reserved 1048576K
}
{Heap before GC invocations=265 (full 29):
 par new generation   total 6144K, used 5237K [0x00000000fec00000, 0x00000000ff2a0000, 0x00000000ff2a0000)
  eden space 5504K,  95% used [0x00000000fec00000, 0x00000000ff11b780, 0x00000000ff160000)
  from space 640K,   1% used [0x00000000ff160000, 0x00000000ff162040, 0x00000000ff200000)
  to   space 640K,   0% used [0x00000000ff200000, 0x00000000ff200000, 0x00000000ff2a0000)
 concurrent mark-sweep generation total 13696K, used 7339K [0x00000000ff2a0000, 0x0000000100000000, 0x0000000100000000)
 Metaspace       used 5078K, capacity 5258K, committed 5504K, reserved 1056768K
  class space    used 557K, capacity 597K, committed 640K, reserved 1048576K
2024-07-16T17:10:15.404+0800: 2.072: [GC (Allocation Failure) 2024-07-16T17:10:15.404+0800: 2.072: [ParNew: 5237K->4K(6144K), 0.0007388 secs] 12577K->7343K(19840K), 0.0008543 secs] [Times: user=0.00 sys=0.00, real=0.00 secs] 
Heap after GC invocations=266 (full 29):
 par new generation   total 6144K, used 4K [0x00000000fec00000, 0x00000000ff2a0000, 0x00000000ff2a0000)
  eden space 5504K,   0% used [0x00000000fec00000, 0x00000000fec00000, 0x00000000ff160000)
  from space 640K,   0% used [0x00000000ff200000, 0x00000000ff201020, 0x00000000ff2a0000)
  to   space 640K,   0% used [0x00000000ff160000, 0x00000000ff160000, 0x00000000ff200000)
 concurrent mark-sweep generation total 13696K, used 7339K [0x00000000ff2a0000, 0x0000000100000000, 0x0000000100000000)
 Metaspace       used 5078K, capacity 5258K, committed 5504K, reserved 1056768K
  class space    used 557K, capacity 597K, committed 640K, reserved 1048576K
}
{Heap before GC invocations=266 (full 29):
 par new generation   total 6144K, used 5233K [0x00000000fec00000, 0x00000000ff2a0000, 0x00000000ff2a0000)
  eden space 5504K,  95% used [0x00000000fec00000, 0x00000000ff11b780, 0x00000000ff160000)
  from space 640K,   0% used [0x00000000ff200000, 0x00000000ff201020, 0x00000000ff2a0000)
  to   space 640K,   0% used [0x00000000ff160000, 0x00000000ff160000, 0x00000000ff200000)
 concurrent mark-sweep generation total 13696K, used 7339K [0x00000000ff2a0000, 0x0000000100000000, 0x0000000100000000)
 Metaspace       used 5078K, capacity 5258K, committed 5504K, reserved 1056768K
  class space    used 557K, capacity 597K, committed 640K, reserved 1048576K
2024-07-16T17:10:15.412+0800: 2.080: [GC (Allocation Failure) 2024-07-16T17:10:15.412+0800: 2.080: [ParNew: 5233K->10K(6144K), 0.0011680 secs] 12573K->8373K(19840K), 0.0012789 secs] [Times: user=0.00 sys=0.00, real=0.00 secs] 
Heap after GC invocations=267 (full 29):
 par new generation   total 6144K, used 10K [0x00000000fec00000, 0x00000000ff2a0000, 0x00000000ff2a0000)
  eden space 5504K,   0% used [0x00000000fec00000, 0x00000000fec00000, 0x00000000ff160000)
  from space 640K,   1% used [0x00000000ff160000, 0x00000000ff162850, 0x00000000ff200000)
  to   space 640K,   0% used [0x00000000ff200000, 0x00000000ff200000, 0x00000000ff2a0000)
 concurrent mark-sweep generation total 13696K, used 8363K [0x00000000ff2a0000, 0x0000000100000000, 0x0000000100000000)
 Metaspace       used 5078K, capacity 5258K, committed 5504K, reserved 1056768K
  class space    used 557K, capacity 597K, committed 640K, reserved 1048576K
}
{Heap before GC invocations=267 (full 29):
 par new generation   total 6144K, used 5239K [0x00000000fec00000, 0x00000000ff2a0000, 0x00000000ff2a0000)
  eden space 5504K,  95% used [0x00000000fec00000, 0x00000000ff11b780, 0x00000000ff160000)
  from space 640K,   1% used [0x00000000ff160000, 0x00000000ff162850, 0x00000000ff200000)
  to   space 640K,   0% used [0x00000000ff200000, 0x00000000ff200000, 0x00000000ff2a0000)
 concurrent mark-sweep generation total 13696K, used 8363K [0x00000000ff2a0000, 0x0000000100000000, 0x0000000100000000)
 Metaspace       used 5078K, capacity 5258K, committed 5504K, reserved 1056768K
  class space    used 557K, capacity 597K, committed 640K, reserved 1048576K
2024-07-16T17:10:15.421+0800: 2.089: [GC (Allocation Failure) 2024-07-16T17:10:15.421+0800: 2.089: [ParNew: 5239K->6K(6144K), 0.0004560 secs] 13603K->9395K(19840K), 0.0005044 secs] [Times: user=0.00 sys=0.00, real=0.00 secs] 
Heap after GC invocations=268 (full 29):
 par new generation   total 6144K, used 6K [0x00000000fec00000, 0x00000000ff2a0000, 0x00000000ff2a0000)
  eden space 5504K,   0% used [0x00000000fec00000, 0x00000000fec00000, 0x00000000ff160000)
  from space 640K,   0% used [0x00000000ff200000, 0x00000000ff201830, 0x00000000ff2a0000)
  to   space 640K,   0% used [0x00000000ff160000, 0x00000000ff160000, 0x00000000ff200000)
 concurrent mark-sweep generation total 13696K, used 9389K [0x00000000ff2a0000, 0x0000000100000000, 0x0000000100000000)
 Metaspace       used 5078K, capacity 5258K, committed 5504K, reserved 1056768K
  class space    used 557K, capacity 597K, committed 640K, reserved 1048576K
}
{Heap before GC invocations=268 (full 29):
 par new generation   total 6144K, used 5235K [0x00000000fec00000, 0x00000000ff2a0000, 0x00000000ff2a0000)
  eden space 5504K,  95% used [0x00000000fec00000, 0x00000000ff11b780, 0x00000000ff160000)
  from space 640K,   0% used [0x00000000ff200000, 0x00000000ff201830, 0x00000000ff2a0000)
  to   space 640K,   0% used [0x00000000ff160000, 0x00000000ff160000, 0x00000000ff200000)
 concurrent mark-sweep generation total 13696K, used 9389K [0x00000000ff2a0000, 0x0000000100000000, 0x0000000100000000)
 Metaspace       used 5078K, capacity 5258K, committed 5504K, reserved 1056768K
  class space    used 557K, capacity 597K, committed 640K, reserved 1048576K
2024-07-16T17:10:15.427+0800: 2.095: [GC (Allocation Failure) 2024-07-16T17:10:15.427+0800: 2.095: [ParNew: 5235K->6K(6144K), 0.0003210 secs] 14625K->10421K(19840K), 0.0003603 secs] [Times: user=0.00 sys=0.00, real=0.00 secs] 
Heap after GC invocations=269 (full 29):
 par new generation   total 6144K, used 6K [0x00000000fec00000, 0x00000000ff2a0000, 0x00000000ff2a0000)
  eden space 5504K,   0% used [0x00000000fec00000, 0x00000000fec00000, 0x00000000ff160000)
  from space 640K,   0% used [0x00000000ff160000, 0x00000000ff161830, 0x00000000ff200000)
  to   space 640K,   0% used [0x00000000ff200000, 0x00000000ff200000, 0x00000000ff2a0000)
 concurrent mark-sweep generation total 13696K, used 10415K [0x00000000ff2a0000, 0x0000000100000000, 0x0000000100000000)
 Metaspace       used 5078K, capacity 5258K, committed 5504K, reserved 1056768K
  class space    used 557K, capacity 597K, committed 640K, reserved 1048576K
}
{Heap before GC invocations=269 (full 29):
 par new generation   total 6144K, used 5235K [0x00000000fec00000, 0x00000000ff2a0000, 0x00000000ff2a0000)
  eden space 5504K,  95% used [0x00000000fec00000, 0x00000000ff11b780, 0x00000000ff160000)
  from space 640K,   0% used [0x00000000ff160000, 0x00000000ff161830, 0x00000000ff200000)
  to   space 640K,   0% used [0x00000000ff200000, 0x00000000ff200000, 0x00000000ff2a0000)
 concurrent mark-sweep generation total 13696K, used 10415K [0x00000000ff2a0000, 0x0000000100000000, 0x0000000100000000)
 Metaspace       used 5078K, capacity 5258K, committed 5504K, reserved 1056768K
  class space    used 557K, capacity 597K, committed 640K, reserved 1048576K
2024-07-16T17:10:15.434+0800: 2.102: [GC (Allocation Failure) 2024-07-16T17:10:15.434+0800: 2.102: [ParNew: 5235K->4K(6144K), 0.0002493 secs] 15651K->10419K(19840K), 0.0002892 secs] [Times: user=0.00 sys=0.00, real=0.00 secs] 
Heap after GC invocations=270 (full 29):
 par new generation   total 6144K, used 4K [0x00000000fec00000, 0x00000000ff2a0000, 0x00000000ff2a0000)
  eden space 5504K,   0% used [0x00000000fec00000, 0x00000000fec00000, 0x00000000ff160000)
  from space 640K,   0% used [0x00000000ff200000, 0x00000000ff201020, 0x00000000ff2a0000)
  to   space 640K,   0% used [0x00000000ff160000, 0x00000000ff160000, 0x00000000ff200000)
 concurrent mark-sweep generation total 13696K, used 10415K [0x00000000ff2a0000, 0x0000000100000000, 0x0000000100000000)
 Metaspace       used 5078K, capacity 5258K, committed 5504K, reserved 1056768K
  class space    used 557K, capacity 597K, committed 640K, reserved 1048576K
}
{Heap before GC invocations=270 (full 29):
 par new generation   total 6144K, used 5233K [0x00000000fec00000, 0x00000000ff2a0000, 0x00000000ff2a0000)
  eden space 5504K,  95% used [0x00000000fec00000, 0x00000000ff11b780, 0x00000000ff160000)
  from space 640K,   0% used [0x00000000ff200000, 0x00000000ff201020, 0x00000000ff2a0000)
  to   space 640K,   0% used [0x00000000ff160000, 0x00000000ff160000, 0x00000000ff200000)
 concurrent mark-sweep generation total 13696K, used 10415K [0x00000000ff2a0000, 0x0000000100000000, 0x0000000100000000)
 Metaspace       used 5078K, capacity 5258K, committed 5504K, reserved 1056768K
  class space    used 557K, capacity 597K, committed 640K, reserved 1048576K
2024-07-16T17:10:15.440+0800: 2.108: [GC (Allocation Failure) 2024-07-16T17:10:15.440+0800: 2.108: [ParNew: 5233K->8K(6144K), 0.0003394 secs] 15649K->11449K(19840K), 0.0003746 secs] [Times: user=0.00 sys=0.00, real=0.00 secs] 
Heap after GC invocations=271 (full 29):
 par new generation   total 6144K, used 8K [0x00000000fec00000, 0x00000000ff2a0000, 0x00000000ff2a0000)
  eden space 5504K,   0% used [0x00000000fec00000, 0x00000000fec00000, 0x00000000ff160000)
  from space 640K,   1% used [0x00000000ff160000, 0x00000000ff162040, 0x00000000ff200000)
  to   space 640K,   0% used [0x00000000ff200000, 0x00000000ff200000, 0x00000000ff2a0000)
 concurrent mark-sweep generation total 13696K, used 11441K [0x00000000ff2a0000, 0x0000000100000000, 0x0000000100000000)
 Metaspace       used 5078K, capacity 5258K, committed 5504K, reserved 1056768K
  class space    used 557K, capacity 597K, committed 640K, reserved 1048576K
}
2024-07-16T17:10:15.440+0800: 2.109: [GC (CMS Initial Mark) [1 CMS-initial-mark: 11441K(13696K)] 12473K(19840K), 0.0002045 secs] [Times: user=0.00 sys=0.00, real=0.00 secs] 
2024-07-16T17:10:15.440+0800: 2.109: [CMS-concurrent-mark-start]
2024-07-16T17:10:15.442+0800: 2.111: [CMS-concurrent-mark: 0.002/0.002 secs] [Times: user=0.00 sys=0.00, real=0.00 secs] 
2024-07-16T17:10:15.442+0800: 2.111: [CMS-concurrent-preclean-start]
2024-07-16T17:10:15.442+0800: 2.111: [CMS-concurrent-preclean: 0.000/0.000 secs] [Times: user=0.00 sys=0.00, real=0.00 secs] 
2024-07-16T17:10:15.442+0800: 2.111: [CMS-concurrent-abortable-preclean-start]
{Heap before GC invocations=271 (full 30):
 par new generation   total 6144K, used 5237K [0x00000000fec00000, 0x00000000ff2a0000, 0x00000000ff2a0000)
  eden space 5504K,  95% used [0x00000000fec00000, 0x00000000ff11b780, 0x00000000ff160000)
  from space 640K,   1% used [0x00000000ff160000, 0x00000000ff162040, 0x00000000ff200000)
  to   space 640K,   0% used [0x00000000ff200000, 0x00000000ff200000, 0x00000000ff2a0000)
 concurrent mark-sweep generation total 13696K, used 11441K [0x00000000ff2a0000, 0x0000000100000000, 0x0000000100000000)
 Metaspace       used 5078K, capacity 5258K, committed 5504K, reserved 1056768K
  class space    used 557K, capacity 597K, committed 640K, reserved 1048576K
2024-07-16T17:10:15.447+0800: 2.115: [GC (Allocation Failure) 2024-07-16T17:10:15.447+0800: 2.115: [ParNew: 5237K->4K(6144K), 0.0002512 secs] 16679K->11445K(19840K), 0.0002826 secs] [Times: user=0.00 sys=0.00, real=0.00 secs] 
Heap after GC invocations=272 (full 30):
 par new generation   total 6144K, used 4K [0x00000000fec00000, 0x00000000ff2a0000, 0x00000000ff2a0000)
  eden space 5504K,   0% used [0x00000000fec00000, 0x00000000fec00000, 0x00000000ff160000)
  from space 640K,   0% used [0x00000000ff200000, 0x00000000ff201020, 0x00000000ff2a0000)
  to   space 640K,   0% used [0x00000000ff160000, 0x00000000ff160000, 0x00000000ff200000)
 concurrent mark-sweep generation total 13696K, used 11441K [0x00000000ff2a0000, 0x0000000100000000, 0x0000000100000000)
 Metaspace       used 5078K, capacity 5258K, committed 5504K, reserved 1056768K
  class space    used 557K, capacity 597K, committed 640K, reserved 1048576K
}
{Heap before GC invocations=272 (full 30):
 par new generation   total 6144K, used 5233K [0x00000000fec00000, 0x00000000ff2a0000, 0x00000000ff2a0000)
  eden space 5504K,  95% used [0x00000000fec00000, 0x00000000ff11b780, 0x00000000ff160000)
  from space 640K,   0% used [0x00000000ff200000, 0x00000000ff201020, 0x00000000ff2a0000)
  to   space 640K,   0% used [0x00000000ff160000, 0x00000000ff160000, 0x00000000ff200000)
 concurrent mark-sweep generation total 13696K, used 11441K [0x00000000ff2a0000, 0x0000000100000000, 0x0000000100000000)
 Metaspace       used 5078K, capacity 5258K, committed 5504K, reserved 1056768K
  class space    used 557K, capacity 597K, committed 640K, reserved 1048576K
2024-07-16T17:10:15.453+0800: 2.121: [GC (Allocation Failure) 2024-07-16T17:10:15.453+0800: 2.121: [ParNew: 5233K->8K(6144K), 0.0006623 secs] 16675K->12475K(19840K), 0.0007263 secs] [Times: user=0.00 sys=0.00, real=0.00 secs] 
Heap after GC invocations=273 (full 30):
 par new generation   total 6144K, used 8K [0x00000000fec00000, 0x00000000ff2a0000, 0x00000000ff2a0000)
  eden space 5504K,   0% used [0x00000000fec00000, 0x00000000fec00000, 0x00000000ff160000)
  from space 640K,   1% used [0x00000000ff160000, 0x00000000ff162040, 0x00000000ff200000)
  to   space 640K,   0% used [0x00000000ff200000, 0x00000000ff200000, 0x00000000ff2a0000)
 concurrent mark-sweep generation total 13696K, used 12467K [0x00000000ff2a0000, 0x0000000100000000, 0x0000000100000000)
 Metaspace       used 5078K, capacity 5258K, committed 5504K, reserved 1056768K
  class space    used 557K, capacity 597K, committed 640K, reserved 1048576K
}
{Heap before GC invocations=273 (full 30):
 par new generation   total 6144K, used 5237K [0x00000000fec00000, 0x00000000ff2a0000, 0x00000000ff2a0000)
  eden space 5504K,  95% used [0x00000000fec00000, 0x00000000ff11b780, 0x00000000ff160000)
  from space 640K,   1% used [0x00000000ff160000, 0x00000000ff162040, 0x00000000ff200000)
  to   space 640K,   0% used [0x00000000ff200000, 0x00000000ff200000, 0x00000000ff2a0000)
 concurrent mark-sweep generation total 13696K, used 12467K [0x00000000ff2a0000, 0x0000000100000000, 0x0000000100000000)
 Metaspace       used 5078K, capacity 5258K, committed 5504K, reserved 1056768K
  class space    used 557K, capacity 597K, committed 640K, reserved 1048576K
2024-07-16T17:10:15.460+0800: 2.128: [GC (Allocation Failure) 2024-07-16T17:10:15.460+0800: 2.128: [ParNew: 5237K->5237K(6144K), 0.0000122 secs]2024-07-16T17:10:15.460+0800: 2.128: [CMS2024-07-16T17:10:15.460+0800: 2.128: [CMS-concurrent-abortable-preclean: 0.000/0.018 secs] [Times: user=0.00 sys=0.00, real=0.02 secs] 
 (concurrent mode failure): 12467K->1186K(13696K), 0.0023008 secs] 17705K->1186K(19840K), [Metaspace: 5078K->5078K(1056768K)], 0.0023592 secs] [Times: user=0.00 sys=0.00, real=0.00 secs] 
Heap after GC invocations=274 (full 31):
 par new generation   total 6144K, used 0K [0x00000000fec00000, 0x00000000ff2a0000, 0x00000000ff2a0000)
  eden space 5504K,   0% used [0x00000000fec00000, 0x00000000fec00000, 0x00000000ff160000)
  from space 640K,   0% used [0x00000000ff160000, 0x00000000ff160000, 0x00000000ff200000)
  to   space 640K,   0% used [0x00000000ff200000, 0x00000000ff200000, 0x00000000ff2a0000)
 concurrent mark-sweep generation total 13696K, used 1186K [0x00000000ff2a0000, 0x0000000100000000, 0x0000000100000000)
 Metaspace       used 5078K, capacity 5258K, committed 5504K, reserved 1056768K
  class space    used 557K, capacity 597K, committed 640K, reserved 1048576K
}
{Heap before GC invocations=274 (full 31):
 par new generation   total 6144K, used 5229K [0x00000000fec00000, 0x00000000ff2a0000, 0x00000000ff2a0000)
  eden space 5504K,  95% used [0x00000000fec00000, 0x00000000ff11b780, 0x00000000ff160000)
  from space 640K,   0% used [0x00000000ff160000, 0x00000000ff160000, 0x00000000ff200000)
  to   space 640K,   0% used [0x00000000ff200000, 0x00000000ff200000, 0x00000000ff2a0000)
 concurrent mark-sweep generation total 13696K, used 1186K [0x00000000ff2a0000, 0x0000000100000000, 0x0000000100000000)
 Metaspace       used 5078K, capacity 5258K, committed 5504K, reserved 1056768K
  class space    used 557K, capacity 597K, committed 640K, reserved 1048576K
2024-07-16T17:10:15.468+0800: 2.136: [GC (Allocation Failure) 2024-07-16T17:10:15.468+0800: 2.136: [ParNew: 5229K->8K(6144K), 0.0003905 secs] 6416K->2220K(19840K), 0.0004432 secs] [Times: user=0.00 sys=0.00, real=0.00 secs] 
Heap after GC invocations=275 (full 31):
 par new generation   total 6144K, used 8K [0x00000000fec00000, 0x00000000ff2a0000, 0x00000000ff2a0000)
  eden space 5504K,   0% used [0x00000000fec00000, 0x00000000fec00000, 0x00000000ff160000)
  from space 640K,   1% used [0x00000000ff200000, 0x00000000ff202040, 0x00000000ff2a0000)
  to   space 640K,   0% used [0x00000000ff160000, 0x00000000ff160000, 0x00000000ff200000)
 concurrent mark-sweep generation total 13696K, used 2212K [0x00000000ff2a0000, 0x0000000100000000, 0x0000000100000000)
 Metaspace       used 5078K, capacity 5258K, committed 5504K, reserved 1056768K
  class space    used 557K, capacity 597K, committed 640K, reserved 1048576K
}
{Heap before GC invocations=275 (full 31):
 par new generation   total 6144K, used 5237K [0x00000000fec00000, 0x00000000ff2a0000, 0x00000000ff2a0000)
  eden space 5504K,  95% used [0x00000000fec00000, 0x00000000ff11b780, 0x00000000ff160000)
  from space 640K,   1% used [0x00000000ff200000, 0x00000000ff202040, 0x00000000ff2a0000)
  to   space 640K,   0% used [0x00000000ff160000, 0x00000000ff160000, 0x00000000ff200000)
 concurrent mark-sweep generation total 13696K, used 2212K [0x00000000ff2a0000, 0x0000000100000000, 0x0000000100000000)
 Metaspace       used 5078K, capacity 5258K, committed 5504K, reserved 1056768K
  class space    used 557K, capacity 597K, committed 640K, reserved 1048576K
2024-07-16T17:10:15.474+0800: 2.142: [GC (Allocation Failure) 2024-07-16T17:10:15.474+0800: 2.142: [ParNew: 5237K->10K(6144K), 0.0007973 secs] 7450K->3248K(19840K), 0.0008955 secs] [Times: user=0.00 sys=0.00, real=0.00 secs] 
Heap after GC invocations=276 (full 31):
 par new generation   total 6144K, used 10K [0x00000000fec00000, 0x00000000ff2a0000, 0x00000000ff2a0000)
  eden space 5504K,   0% used [0x00000000fec00000, 0x00000000fec00000, 0x00000000ff160000)
  from space 640K,   1% used [0x00000000ff160000, 0x00000000ff162850, 0x00000000ff200000)
  to   space 640K,   0% used [0x00000000ff200000, 0x00000000ff200000, 0x00000000ff2a0000)
 concurrent mark-sweep generation total 13696K, used 3238K [0x00000000ff2a0000, 0x0000000100000000, 0x0000000100000000)
 Metaspace       used 5078K, capacity 5258K, committed 5504K, reserved 1056768K
  class space    used 557K, capacity 597K, committed 640K, reserved 1048576K
}
{Heap before GC invocations=276 (full 31):
 par new generation   total 6144K, used 5239K [0x00000000fec00000, 0x00000000ff2a0000, 0x00000000ff2a0000)
  eden space 5504K,  95% used [0x00000000fec00000, 0x00000000ff11b780, 0x00000000ff160000)
  from space 640K,   1% used [0x00000000ff160000, 0x00000000ff162850, 0x00000000ff200000)
  to   space 640K,   0% used [0x00000000ff200000, 0x00000000ff200000, 0x00000000ff2a0000)
 concurrent mark-sweep generation total 13696K, used 3238K [0x00000000ff2a0000, 0x0000000100000000, 0x0000000100000000)
 Metaspace       used 5078K, capacity 5258K, committed 5504K, reserved 1056768K
  class space    used 557K, capacity 597K, committed 640K, reserved 1048576K
2024-07-16T17:10:15.482+0800: 2.150: [GC (Allocation Failure) 2024-07-16T17:10:15.482+0800: 2.150: [ParNew: 5239K->10K(6144K), 0.0010675 secs] 8478K->4275K(19840K), 0.0011582 secs] [Times: user=0.00 sys=0.00, real=0.00 secs] 
Heap after GC invocations=277 (full 31):
 par new generation   total 6144K, used 10K [0x00000000fec00000, 0x00000000ff2a0000, 0x00000000ff2a0000)
  eden space 5504K,   0% used [0x00000000fec00000, 0x00000000fec00000, 0x00000000ff160000)
  from space 640K,   1% used [0x00000000ff200000, 0x00000000ff202850, 0x00000000ff2a0000)
  to   space 640K,   0% used [0x00000000ff160000, 0x00000000ff160000, 0x00000000ff200000)
 concurrent mark-sweep generation total 13696K, used 4264K [0x00000000ff2a0000, 0x0000000100000000, 0x0000000100000000)
 Metaspace       used 5078K, capacity 5258K, committed 5504K, reserved 1056768K
  class space    used 557K, capacity 597K, committed 640K, reserved 1048576K
}
{Heap before GC invocations=277 (full 31):
 par new generation   total 6144K, used 5239K [0x00000000fec00000, 0x00000000ff2a0000, 0x00000000ff2a0000)
  eden space 5504K,  95% used [0x00000000fec00000, 0x00000000ff11b780, 0x00000000ff160000)
  from space 640K,   1% used [0x00000000ff200000, 0x00000000ff202850, 0x00000000ff2a0000)
  to   space 640K,   0% used [0x00000000ff160000, 0x00000000ff160000, 0x00000000ff200000)
 concurrent mark-sweep generation total 13696K, used 4264K [0x00000000ff2a0000, 0x0000000100000000, 0x0000000100000000)
 Metaspace       used 5078K, capacity 5258K, committed 5504K, reserved 1056768K
  class space    used 557K, capacity 597K, committed 640K, reserved 1048576K
2024-07-16T17:10:15.490+0800: 2.158: [GC (Allocation Failure) 2024-07-16T17:10:15.490+0800: 2.158: [ParNew: 5239K->6K(6144K), 0.0013237 secs] 9504K->5294K(19840K), 0.0014014 secs] [Times: user=0.00 sys=0.00, real=0.00 secs] 
Heap after GC invocations=278 (full 31):
 par new generation   total 6144K, used 6K [0x00000000fec00000, 0x00000000ff2a0000, 0x00000000ff2a0000)
  eden space 5504K,   0% used [0x00000000fec00000, 0x00000000fec00000, 0x00000000ff160000)
  from space 640K,   0% used [0x00000000ff160000, 0x00000000ff161830, 0x00000000ff200000)
  to   space 640K,   0% used [0x00000000ff200000, 0x00000000ff200000, 0x00000000ff2a0000)
 concurrent mark-sweep generation total 13696K, used 5288K [0x00000000ff2a0000, 0x0000000100000000, 0x0000000100000000)
 Metaspace       used 5078K, capacity 5258K, committed 5504K, reserved 1056768K
  class space    used 557K, capacity 597K, committed 640K, reserved 1048576K
}
{Heap before GC invocations=278 (full 31):
 par new generation   total 6144K, used 5235K [0x00000000fec00000, 0x00000000ff2a0000, 0x00000000ff2a0000)
  eden space 5504K,  95% used [0x00000000fec00000, 0x00000000ff11b780, 0x00000000ff160000)
  from space 640K,   0% used [0x00000000ff160000, 0x00000000ff161830, 0x00000000ff200000)
  to   space 640K,   0% used [0x00000000ff200000, 0x00000000ff200000, 0x00000000ff2a0000)
 concurrent mark-sweep generation total 13696K, used 5288K [0x00000000ff2a0000, 0x0000000100000000, 0x0000000100000000)
 Metaspace       used 5078K, capacity 5258K, committed 5504K, reserved 1056768K
  class space    used 557K, capacity 597K, committed 640K, reserved 1048576K
2024-07-16T17:10:15.497+0800: 2.165: [GC (Allocation Failure) 2024-07-16T17:10:15.497+0800: 2.165: [ParNew: 5235K->8K(6144K), 0.0013282 secs] 10524K->6323K(19840K), 0.0014260 secs] [Times: user=0.00 sys=0.00, real=0.00 secs] 
Heap after GC invocations=279 (full 31):
 par new generation   total 6144K, used 8K [0x00000000fec00000, 0x00000000ff2a0000, 0x00000000ff2a0000)
  eden space 5504K,   0% used [0x00000000fec00000, 0x00000000fec00000, 0x00000000ff160000)
  from space 640K,   1% used [0x00000000ff200000, 0x00000000ff202040, 0x00000000ff2a0000)
  to   space 640K,   0% used [0x00000000ff160000, 0x00000000ff160000, 0x00000000ff200000)
 concurrent mark-sweep generation total 13696K, used 6315K [0x00000000ff2a0000, 0x0000000100000000, 0x0000000100000000)
 Metaspace       used 5078K, capacity 5258K, committed 5504K, reserved 1056768K
  class space    used 557K, capacity 597K, committed 640K, reserved 1048576K
}
{Heap before GC invocations=279 (full 31):
 par new generation   total 6144K, used 5237K [0x00000000fec00000, 0x00000000ff2a0000, 0x00000000ff2a0000)
  eden space 5504K,  95% used [0x00000000fec00000, 0x00000000ff11b780, 0x00000000ff160000)
  from space 640K,   1% used [0x00000000ff200000, 0x00000000ff202040, 0x00000000ff2a0000)
  to   space 640K,   0% used [0x00000000ff160000, 0x00000000ff160000, 0x00000000ff200000)
 concurrent mark-sweep generation total 13696K, used 6315K [0x00000000ff2a0000, 0x0000000100000000, 0x0000000100000000)
 Metaspace       used 5078K, capacity 5258K, committed 5504K, reserved 1056768K
  class space    used 557K, capacity 597K, committed 640K, reserved 1048576K
2024-07-16T17:10:15.504+0800: 2.172: [GC (Allocation Failure) 2024-07-16T17:10:15.504+0800: 2.173: [ParNew: 5237K->4K(6144K), 0.0016665 secs] 11552K->7343K(19840K), 0.0018176 secs] [Times: user=0.00 sys=0.00, real=0.00 secs] 
Heap after GC invocations=280 (full 31):
 par new generation   total 6144K, used 4K [0x00000000fec00000, 0x00000000ff2a0000, 0x00000000ff2a0000)
  eden space 5504K,   0% used [0x00000000fec00000, 0x00000000fec00000, 0x00000000ff160000)
  from space 640K,   0% used [0x00000000ff160000, 0x00000000ff161020, 0x00000000ff200000)
  to   space 640K,   0% used [0x00000000ff200000, 0x00000000ff200000, 0x00000000ff2a0000)
 concurrent mark-sweep generation total 13696K, used 7339K [0x00000000ff2a0000, 0x0000000100000000, 0x0000000100000000)
 Metaspace       used 5078K, capacity 5258K, committed 5504K, reserved 1056768K
  class space    used 557K, capacity 597K, committed 640K, reserved 1048576K
}
{Heap before GC invocations=280 (full 31):
 par new generation   total 6144K, used 5233K [0x00000000fec00000, 0x00000000ff2a0000, 0x00000000ff2a0000)
  eden space 5504K,  95% used [0x00000000fec00000, 0x00000000ff11b780, 0x00000000ff160000)
  from space 640K,   0% used [0x00000000ff160000, 0x00000000ff161020, 0x00000000ff200000)
  to   space 640K,   0% used [0x00000000ff200000, 0x00000000ff200000, 0x00000000ff2a0000)
 concurrent mark-sweep generation total 13696K, used 7339K [0x00000000ff2a0000, 0x0000000100000000, 0x0000000100000000)
 Metaspace       used 5078K, capacity 5258K, committed 5504K, reserved 1056768K
  class space    used 557K, capacity 597K, committed 640K, reserved 1048576K
2024-07-16T17:10:15.514+0800: 2.182: [GC (Allocation Failure) 2024-07-16T17:10:15.514+0800: 2.182: [ParNew: 5233K->4K(6144K), 0.0009104 secs] 12572K->7343K(19840K), 0.0009986 secs] [Times: user=0.00 sys=0.00, real=0.00 secs] 
Heap after GC invocations=281 (full 31):
 par new generation   total 6144K, used 4K [0x00000000fec00000, 0x00000000ff2a0000, 0x00000000ff2a0000)
  eden space 5504K,   0% used [0x00000000fec00000, 0x00000000fec00000, 0x00000000ff160000)
  from space 640K,   0% used [0x00000000ff200000, 0x00000000ff201020, 0x00000000ff2a0000)
  to   space 640K,   0% used [0x00000000ff160000, 0x00000000ff160000, 0x00000000ff200000)
 concurrent mark-sweep generation total 13696K, used 7339K [0x00000000ff2a0000, 0x0000000100000000, 0x0000000100000000)
 Metaspace       used 5078K, capacity 5258K, committed 5504K, reserved 1056768K
  class space    used 557K, capacity 597K, committed 640K, reserved 1048576K
}
{Heap before GC invocations=281 (full 31):
 par new generation   total 6144K, used 5233K [0x00000000fec00000, 0x00000000ff2a0000, 0x00000000ff2a0000)
  eden space 5504K,  95% used [0x00000000fec00000, 0x00000000ff11b780, 0x00000000ff160000)
  from space 640K,   0% used [0x00000000ff200000, 0x00000000ff201020, 0x00000000ff2a0000)
  to   space 640K,   0% used [0x00000000ff160000, 0x00000000ff160000, 0x00000000ff200000)
 concurrent mark-sweep generation total 13696K, used 7339K [0x00000000ff2a0000, 0x0000000100000000, 0x0000000100000000)
 Metaspace       used 5078K, capacity 5258K, committed 5504K, reserved 1056768K
  class space    used 557K, capacity 597K, committed 640K, reserved 1048576K
2024-07-16T17:10:15.522+0800: 2.190: [GC (Allocation Failure) 2024-07-16T17:10:15.522+0800: 2.190: [ParNew: 5233K->10K(6144K), 0.0013913 secs] 12572K->8373K(19840K), 0.0014987 secs] [Times: user=0.00 sys=0.00, real=0.00 secs] 
Heap after GC invocations=282 (full 31):
 par new generation   total 6144K, used 10K [0x00000000fec00000, 0x00000000ff2a0000, 0x00000000ff2a0000)
  eden space 5504K,   0% used [0x00000000fec00000, 0x00000000fec00000, 0x00000000ff160000)
  from space 640K,   1% used [0x00000000ff160000, 0x00000000ff162850, 0x00000000ff200000)
  to   space 640K,   0% used [0x00000000ff200000, 0x00000000ff200000, 0x00000000ff2a0000)
 concurrent mark-sweep generation total 13696K, used 8363K [0x00000000ff2a0000, 0x0000000100000000, 0x0000000100000000)
 Metaspace       used 5078K, capacity 5258K, committed 5504K, reserved 1056768K
  class space    used 557K, capacity 597K, committed 640K, reserved 1048576K
}
{Heap before GC invocations=282 (full 31):
 par new generation   total 6144K, used 5239K [0x00000000fec00000, 0x00000000ff2a0000, 0x00000000ff2a0000)
  eden space 5504K,  95% used [0x00000000fec00000, 0x00000000ff11b780, 0x00000000ff160000)
  from space 640K,   1% used [0x00000000ff160000, 0x00000000ff162850, 0x00000000ff200000)
  to   space 640K,   0% used [0x00000000ff200000, 0x00000000ff200000, 0x00000000ff2a0000)
 concurrent mark-sweep generation total 13696K, used 8363K [0x00000000ff2a0000, 0x0000000100000000, 0x0000000100000000)
 Metaspace       used 5078K, capacity 5258K, committed 5504K, reserved 1056768K
  class space    used 557K, capacity 597K, committed 640K, reserved 1048576K
2024-07-16T17:10:15.530+0800: 2.198: [GC (Allocation Failure) 2024-07-16T17:10:15.530+0800: 2.198: [ParNew: 5239K->4K(6144K), 0.0010478 secs] 13602K->9393K(19840K), 0.0011353 secs] [Times: user=0.00 sys=0.00, real=0.00 secs] 
Heap after GC invocations=283 (full 31):
 par new generation   total 6144K, used 4K [0x00000000fec00000, 0x00000000ff2a0000, 0x00000000ff2a0000)
  eden space 5504K,   0% used [0x00000000fec00000, 0x00000000fec00000, 0x00000000ff160000)
  from space 640K,   0% used [0x00000000ff200000, 0x00000000ff201020, 0x00000000ff2a0000)
  to   space 640K,   0% used [0x00000000ff160000, 0x00000000ff160000, 0x00000000ff200000)
 concurrent mark-sweep generation total 13696K, used 9389K [0x00000000ff2a0000, 0x0000000100000000, 0x0000000100000000)
 Metaspace       used 5078K, capacity 5258K, committed 5504K, reserved 1056768K
  class space    used 557K, capacity 597K, committed 640K, reserved 1048576K
}
{Heap before GC invocations=283 (full 31):
 par new generation   total 6144K, used 5233K [0x00000000fec00000, 0x00000000ff2a0000, 0x00000000ff2a0000)
  eden space 5504K,  95% used [0x00000000fec00000, 0x00000000ff11b780, 0x00000000ff160000)
  from space 640K,   0% used [0x00000000ff200000, 0x00000000ff201020, 0x00000000ff2a0000)
  to   space 640K,   0% used [0x00000000ff160000, 0x00000000ff160000, 0x00000000ff200000)
 concurrent mark-sweep generation total 13696K, used 9389K [0x00000000ff2a0000, 0x0000000100000000, 0x0000000100000000)
 Metaspace       used 5078K, capacity 5258K, committed 5504K, reserved 1056768K
  class space    used 557K, capacity 597K, committed 640K, reserved 1048576K
2024-07-16T17:10:15.538+0800: 2.206: [GC (Allocation Failure) 2024-07-16T17:10:15.538+0800: 2.206: [ParNew: 5233K->10K(6144K), 0.0012333 secs] 14623K->10425K(19840K), 0.0013101 secs] [Times: user=0.00 sys=0.00, real=0.00 secs] 
Heap after GC invocations=284 (full 31):
 par new generation   total 6144K, used 10K [0x00000000fec00000, 0x00000000ff2a0000, 0x00000000ff2a0000)
  eden space 5504K,   0% used [0x00000000fec00000, 0x00000000fec00000, 0x00000000ff160000)
  from space 640K,   1% used [0x00000000ff160000, 0x00000000ff162850, 0x00000000ff200000)
  to   space 640K,   0% used [0x00000000ff200000, 0x00000000ff200000, 0x00000000ff2a0000)
 concurrent mark-sweep generation total 13696K, used 10415K [0x00000000ff2a0000, 0x0000000100000000, 0x0000000100000000)
 Metaspace       used 5078K, capacity 5258K, committed 5504K, reserved 1056768K
  class space    used 557K, capacity 597K, committed 640K, reserved 1048576K
}
{Heap before GC invocations=284 (full 31):
 par new generation   total 6144K, used 5239K [0x00000000fec00000, 0x00000000ff2a0000, 0x00000000ff2a0000)
  eden space 5504K,  95% used [0x00000000fec00000, 0x00000000ff11b780, 0x00000000ff160000)
  from space 640K,   1% used [0x00000000ff160000, 0x00000000ff162850, 0x00000000ff200000)
  to   space 640K,   0% used [0x00000000ff200000, 0x00000000ff200000, 0x00000000ff2a0000)
 concurrent mark-sweep generation total 13696K, used 10415K [0x00000000ff2a0000, 0x0000000100000000, 0x0000000100000000)
 Metaspace       used 5078K, capacity 5258K, committed 5504K, reserved 1056768K
  class space    used 557K, capacity 597K, committed 640K, reserved 1048576K
2024-07-16T17:10:15.546+0800: 2.214: [GC (Allocation Failure) 2024-07-16T17:10:15.546+0800: 2.214: [ParNew: 5239K->4K(6144K), 0.0011764 secs] 15655K->10419K(19840K), 0.0012951 secs] [Times: user=0.00 sys=0.00, real=0.00 secs] 
Heap after GC invocations=285 (full 31):
 par new generation   total 6144K, used 4K [0x00000000fec00000, 0x00000000ff2a0000, 0x00000000ff2a0000)
  eden space 5504K,   0% used [0x00000000fec00000, 0x00000000fec00000, 0x00000000ff160000)
  from space 640K,   0% used [0x00000000ff200000, 0x00000000ff201020, 0x00000000ff2a0000)
  to   space 640K,   0% used [0x00000000ff160000, 0x00000000ff160000, 0x00000000ff200000)
 concurrent mark-sweep generation total 13696K, used 10415K [0x00000000ff2a0000, 0x0000000100000000, 0x0000000100000000)
 Metaspace       used 5078K, capacity 5258K, committed 5504K, reserved 1056768K
  class space    used 557K, capacity 597K, committed 640K, reserved 1048576K
}
{Heap before GC invocations=285 (full 31):
 par new generation   total 6144K, used 5233K [0x00000000fec00000, 0x00000000ff2a0000, 0x00000000ff2a0000)
  eden space 5504K,  95% used [0x00000000fec00000, 0x00000000ff11b780, 0x00000000ff160000)
  from space 640K,   0% used [0x00000000ff200000, 0x00000000ff201020, 0x00000000ff2a0000)
  to   space 640K,   0% used [0x00000000ff160000, 0x00000000ff160000, 0x00000000ff200000)
 concurrent mark-sweep generation total 13696K, used 10415K [0x00000000ff2a0000, 0x0000000100000000, 0x0000000100000000)
 Metaspace       used 5078K, capacity 5258K, committed 5504K, reserved 1056768K
  class space    used 557K, capacity 597K, committed 640K, reserved 1048576K
2024-07-16T17:10:15.554+0800: 2.222: [GC (Allocation Failure) 2024-07-16T17:10:15.554+0800: 2.222: [ParNew: 5233K->8K(6144K), 0.0013905 secs] 15649K->11449K(19840K), 0.0014685 secs] [Times: user=0.00 sys=0.00, real=0.00 secs] 
Heap after GC invocations=286 (full 31):
 par new generation   total 6144K, used 8K [0x00000000fec00000, 0x00000000ff2a0000, 0x00000000ff2a0000)
  eden space 5504K,   0% used [0x00000000fec00000, 0x00000000fec00000, 0x00000000ff160000)
  from space 640K,   1% used [0x00000000ff160000, 0x00000000ff162040, 0x00000000ff200000)
  to   space 640K,   0% used [0x00000000ff200000, 0x00000000ff200000, 0x00000000ff2a0000)
 concurrent mark-sweep generation total 13696K, used 11441K [0x00000000ff2a0000, 0x0000000100000000, 0x0000000100000000)
 Metaspace       used 5078K, capacity 5258K, committed 5504K, reserved 1056768K
  class space    used 557K, capacity 597K, committed 640K, reserved 1048576K
}
2024-07-16T17:10:15.555+0800: 2.224: [GC (CMS Initial Mark) [1 CMS-initial-mark: 11441K(13696K)] 12475K(19840K), 0.0002875 secs] [Times: user=0.00 sys=0.00, real=0.00 secs] 
2024-07-16T17:10:15.556+0800: 2.224: [CMS-concurrent-mark-start]
2024-07-16T17:10:15.562+0800: 2.230: [CMS-concurrent-mark: 0.006/0.006 secs] [Times: user=0.00 sys=0.00, real=0.01 secs] 
2024-07-16T17:10:15.562+0800: 2.231: [CMS-concurrent-preclean-start]
2024-07-16T17:10:15.562+0800: 2.231: [CMS-concurrent-preclean: 0.000/0.000 secs] [Times: user=0.00 sys=0.00, real=0.00 secs] 
2024-07-16T17:10:15.562+0800: 2.231: [CMS-concurrent-abortable-preclean-start]
{Heap before GC invocations=286 (full 32):
 par new generation   total 6144K, used 5237K [0x00000000fec00000, 0x00000000ff2a0000, 0x00000000ff2a0000)
  eden space 5504K,  95% used [0x00000000fec00000, 0x00000000ff11b780, 0x00000000ff160000)
  from space 640K,   1% used [0x00000000ff160000, 0x00000000ff162040, 0x00000000ff200000)
  to   space 640K,   0% used [0x00000000ff200000, 0x00000000ff200000, 0x00000000ff2a0000)
 concurrent mark-sweep generation total 13696K, used 11441K [0x00000000ff2a0000, 0x0000000100000000, 0x0000000100000000)
 Metaspace       used 5078K, capacity 5258K, committed 5504K, reserved 1056768K
  class space    used 557K, capacity 597K, committed 640K, reserved 1048576K
2024-07-16T17:10:15.564+0800: 2.232: [GC (Allocation Failure) 2024-07-16T17:10:15.564+0800: 2.232: [ParNew: 5237K->4K(6144K), 0.0004447 secs] 16679K->11445K(19840K), 0.0004832 secs] [Times: user=0.00 sys=0.00, real=0.00 secs] 
Heap after GC invocations=287 (full 32):
 par new generation   total 6144K, used 4K [0x00000000fec00000, 0x00000000ff2a0000, 0x00000000ff2a0000)
  eden space 5504K,   0% used [0x00000000fec00000, 0x00000000fec00000, 0x00000000ff160000)
  from space 640K,   0% used [0x00000000ff200000, 0x00000000ff201020, 0x00000000ff2a0000)
  to   space 640K,   0% used [0x00000000ff160000, 0x00000000ff160000, 0x00000000ff200000)
 concurrent mark-sweep generation total 13696K, used 11441K [0x00000000ff2a0000, 0x0000000100000000, 0x0000000100000000)
 Metaspace       used 5078K, capacity 5258K, committed 5504K, reserved 1056768K
  class space    used 557K, capacity 597K, committed 640K, reserved 1048576K
}
{Heap before GC invocations=287 (full 32):
 par new generation   total 6144K, used 5233K [0x00000000fec00000, 0x00000000ff2a0000, 0x00000000ff2a0000)
  eden space 5504K,  95% used [0x00000000fec00000, 0x00000000ff11b780, 0x00000000ff160000)
  from space 640K,   0% used [0x00000000ff200000, 0x00000000ff201020, 0x00000000ff2a0000)
  to   space 640K,   0% used [0x00000000ff160000, 0x00000000ff160000, 0x00000000ff200000)
 concurrent mark-sweep generation total 13696K, used 11441K [0x00000000ff2a0000, 0x0000000100000000, 0x0000000100000000)
 Metaspace       used 5078K, capacity 5258K, committed 5504K, reserved 1056768K
  class space    used 557K, capacity 597K, committed 640K, reserved 1048576K
2024-07-16T17:10:15.570+0800: 2.238: [GC (Allocation Failure) 2024-07-16T17:10:15.570+0800: 2.238: [ParNew: 5233K->8K(6144K), 0.0009567 secs] 16675K->12473K(19840K), 0.0010509 secs] [Times: user=0.00 sys=0.00, real=0.00 secs] 
Heap after GC invocations=288 (full 32):
 par new generation   total 6144K, used 8K [0x00000000fec00000, 0x00000000ff2a0000, 0x00000000ff2a0000)
  eden space 5504K,   0% used [0x00000000fec00000, 0x00000000fec00000, 0x00000000ff160000)
  from space 640K,   1% used [0x00000000ff160000, 0x00000000ff162040, 0x00000000ff200000)
  to   space 640K,   0% used [0x00000000ff200000, 0x00000000ff200000, 0x00000000ff2a0000)
 concurrent mark-sweep generation total 13696K, used 12465K [0x00000000ff2a0000, 0x0000000100000000, 0x0000000100000000)
 Metaspace       used 5078K, capacity 5258K, committed 5504K, reserved 1056768K
  class space    used 557K, capacity 597K, committed 640K, reserved 1048576K
}
{Heap before GC invocations=288 (full 32):
 par new generation   total 6144K, used 5237K [0x00000000fec00000, 0x00000000ff2a0000, 0x00000000ff2a0000)
  eden space 5504K,  95% used [0x00000000fec00000, 0x00000000ff11b780, 0x00000000ff160000)
  from space 640K,   1% used [0x00000000ff160000, 0x00000000ff162040, 0x00000000ff200000)
  to   space 640K,   0% used [0x00000000ff200000, 0x00000000ff200000, 0x00000000ff2a0000)
 concurrent mark-sweep generation total 13696K, used 12465K [0x00000000ff2a0000, 0x0000000100000000, 0x0000000100000000)
 Metaspace       used 5078K, capacity 5258K, committed 5504K, reserved 1056768K
  class space    used 557K, capacity 597K, committed 640K, reserved 1048576K
2024-07-16T17:10:15.579+0800: 2.247: [GC (Allocation Failure) 2024-07-16T17:10:15.579+0800: 2.247: [ParNew: 5237K->5237K(6144K), 0.0000248 secs]2024-07-16T17:10:15.579+0800: 2.247: [CMS2024-07-16T17:10:15.579+0800: 2.248: [CMS-concurrent-abortable-preclean: 0.000/0.017 secs] [Times: user=0.00 sys=0.00, real=0.02 secs] 
 (concurrent mode failure): 12465K->1186K(13696K), 0.0045382 secs] 17703K->1186K(19840K), [Metaspace: 5078K->5078K(1056768K)], 0.0046398 secs] [Times: user=0.02 sys=0.00, real=0.00 secs] 
Heap after GC invocations=289 (full 33):
 par new generation   total 6144K, used 0K [0x00000000fec00000, 0x00000000ff2a0000, 0x00000000ff2a0000)
  eden space 5504K,   0% used [0x00000000fec00000, 0x00000000fec00000, 0x00000000ff160000)
  from space 640K,   0% used [0x00000000ff160000, 0x00000000ff160000, 0x00000000ff200000)
  to   space 640K,   0% used [0x00000000ff200000, 0x00000000ff200000, 0x00000000ff2a0000)
 concurrent mark-sweep generation total 13696K, used 1186K [0x00000000ff2a0000, 0x0000000100000000, 0x0000000100000000)
 Metaspace       used 5078K, capacity 5258K, committed 5504K, reserved 1056768K
  class space    used 557K, capacity 597K, committed 640K, reserved 1048576K
}
{Heap before GC invocations=289 (full 33):
 par new generation   total 6144K, used 5229K [0x00000000fec00000, 0x00000000ff2a0000, 0x00000000ff2a0000)
  eden space 5504K,  95% used [0x00000000fec00000, 0x00000000ff11b780, 0x00000000ff160000)
  from space 640K,   0% used [0x00000000ff160000, 0x00000000ff160000, 0x00000000ff200000)
  to   space 640K,   0% used [0x00000000ff200000, 0x00000000ff200000, 0x00000000ff2a0000)
 concurrent mark-sweep generation total 13696K, used 1186K [0x00000000ff2a0000, 0x0000000100000000, 0x0000000100000000)
 Metaspace       used 5078K, capacity 5258K, committed 5504K, reserved 1056768K
  class space    used 557K, capacity 597K, committed 640K, reserved 1048576K
2024-07-16T17:10:15.590+0800: 2.258: [GC (Allocation Failure) 2024-07-16T17:10:15.590+0800: 2.258: [ParNew: 5229K->8K(6144K), 0.0015443 secs] 6416K->2220K(19840K), 0.0016213 secs] [Times: user=0.00 sys=0.00, real=0.00 secs] 
Heap after GC invocations=290 (full 33):
 par new generation   total 6144K, used 8K [0x00000000fec00000, 0x00000000ff2a0000, 0x00000000ff2a0000)
  eden space 5504K,   0% used [0x00000000fec00000, 0x00000000fec00000, 0x00000000ff160000)
  from space 640K,   1% used [0x00000000ff200000, 0x00000000ff202040, 0x00000000ff2a0000)
  to   space 640K,   0% used [0x00000000ff160000, 0x00000000ff160000, 0x00000000ff200000)
 concurrent mark-sweep generation total 13696K, used 2212K [0x00000000ff2a0000, 0x0000000100000000, 0x0000000100000000)
 Metaspace       used 5078K, capacity 5258K, committed 5504K, reserved 1056768K
  class space    used 557K, capacity 597K, committed 640K, reserved 1048576K
}
{Heap before GC invocations=290 (full 33):
 par new generation   total 6144K, used 5237K [0x00000000fec00000, 0x00000000ff2a0000, 0x00000000ff2a0000)
  eden space 5504K,  95% used [0x00000000fec00000, 0x00000000ff11b780, 0x00000000ff160000)
  from space 640K,   1% used [0x00000000ff200000, 0x00000000ff202040, 0x00000000ff2a0000)
  to   space 640K,   0% used [0x00000000ff160000, 0x00000000ff160000, 0x00000000ff200000)
 concurrent mark-sweep generation total 13696K, used 2212K [0x00000000ff2a0000, 0x0000000100000000, 0x0000000100000000)
 Metaspace       used 5078K, capacity 5258K, committed 5504K, reserved 1056768K
  class space    used 557K, capacity 597K, committed 640K, reserved 1048576K
2024-07-16T17:10:15.599+0800: 2.267: [GC (Allocation Failure) 2024-07-16T17:10:15.599+0800: 2.267: [ParNew: 5237K->4K(6144K), 0.0003926 secs] 7450K->2216K(19840K), 0.0004472 secs] [Times: user=0.00 sys=0.00, real=0.00 secs] 
Heap after GC invocations=291 (full 33):
 par new generation   total 6144K, used 4K [0x00000000fec00000, 0x00000000ff2a0000, 0x00000000ff2a0000)
  eden space 5504K,   0% used [0x00000000fec00000, 0x00000000fec00000, 0x00000000ff160000)
  from space 640K,   0% used [0x00000000ff160000, 0x00000000ff161020, 0x00000000ff200000)
  to   space 640K,   0% used [0x00000000ff200000, 0x00000000ff200000, 0x00000000ff2a0000)
 concurrent mark-sweep generation total 13696K, used 2212K [0x00000000ff2a0000, 0x0000000100000000, 0x0000000100000000)
 Metaspace       used 5078K, capacity 5258K, committed 5504K, reserved 1056768K
  class space    used 557K, capacity 597K, committed 640K, reserved 1048576K
}
{Heap before GC invocations=291 (full 33):
 par new generation   total 6144K, used 5233K [0x00000000fec00000, 0x00000000ff2a0000, 0x00000000ff2a0000)
  eden space 5504K,  95% used [0x00000000fec00000, 0x00000000ff11b780, 0x00000000ff160000)
  from space 640K,   0% used [0x00000000ff160000, 0x00000000ff161020, 0x00000000ff200000)
  to   space 640K,   0% used [0x00000000ff200000, 0x00000000ff200000, 0x00000000ff2a0000)
 concurrent mark-sweep generation total 13696K, used 2212K [0x00000000ff2a0000, 0x0000000100000000, 0x0000000100000000)
 Metaspace       used 5078K, capacity 5258K, committed 5504K, reserved 1056768K
  class space    used 557K, capacity 597K, committed 640K, reserved 1048576K
2024-07-16T17:10:15.607+0800: 2.275: [GC (Allocation Failure) 2024-07-16T17:10:15.607+0800: 2.275: [ParNew: 5233K->4K(6144K), 0.0010098 secs] 7446K->3242K(19840K), 0.0010918 secs] [Times: user=0.00 sys=0.00, real=0.00 secs] 
Heap after GC invocations=292 (full 33):
 par new generation   total 6144K, used 4K [0x00000000fec00000, 0x00000000ff2a0000, 0x00000000ff2a0000)
  eden space 5504K,   0% used [0x00000000fec00000, 0x00000000fec00000, 0x00000000ff160000)
  from space 640K,   0% used [0x00000000ff200000, 0x00000000ff201020, 0x00000000ff2a0000)
  to   space 640K,   0% used [0x00000000ff160000, 0x00000000ff160000, 0x00000000ff200000)
 concurrent mark-sweep generation total 13696K, used 3238K [0x00000000ff2a0000, 0x0000000100000000, 0x0000000100000000)
 Metaspace       used 5078K, capacity 5258K, committed 5504K, reserved 1056768K
  class space    used 557K, capacity 597K, committed 640K, reserved 1048576K
}
{Heap before GC invocations=292 (full 33):
 par new generation   total 6144K, used 5233K [0x00000000fec00000, 0x00000000ff2a0000, 0x00000000ff2a0000)
  eden space 5504K,  95% used [0x00000000fec00000, 0x00000000ff11b780, 0x00000000ff160000)
  from space 640K,   0% used [0x00000000ff200000, 0x00000000ff201020, 0x00000000ff2a0000)
  to   space 640K,   0% used [0x00000000ff160000, 0x00000000ff160000, 0x00000000ff200000)
 concurrent mark-sweep generation total 13696K, used 3238K [0x00000000ff2a0000, 0x0000000100000000, 0x0000000100000000)
 Metaspace       used 5078K, capacity 5258K, committed 5504K, reserved 1056768K
  class space    used 557K, capacity 597K, committed 640K, reserved 1048576K
2024-07-16T17:10:15.615+0800: 2.283: [GC (Allocation Failure) 2024-07-16T17:10:15.615+0800: 2.283: [ParNew: 5233K->4K(6144K), 0.0006743 secs] 8472K->4268K(19840K), 0.0007585 secs] [Times: user=0.00 sys=0.00, real=0.00 secs] 
Heap after GC invocations=293 (full 33):
 par new generation   total 6144K, used 4K [0x00000000fec00000, 0x00000000ff2a0000, 0x00000000ff2a0000)
  eden space 5504K,   0% used [0x00000000fec00000, 0x00000000fec00000, 0x00000000ff160000)
  from space 640K,   0% used [0x00000000ff160000, 0x00000000ff161020, 0x00000000ff200000)
  to   space 640K,   0% used [0x00000000ff200000, 0x00000000ff200000, 0x00000000ff2a0000)
 concurrent mark-sweep generation total 13696K, used 4264K [0x00000000ff2a0000, 0x0000000100000000, 0x0000000100000000)
 Metaspace       used 5078K, capacity 5258K, committed 5504K, reserved 1056768K
  class space    used 557K, capacity 597K, committed 640K, reserved 1048576K
}
{Heap before GC invocations=293 (full 33):
 par new generation   total 6144K, used 5233K [0x00000000fec00000, 0x00000000ff2a0000, 0x00000000ff2a0000)
  eden space 5504K,  95% used [0x00000000fec00000, 0x00000000ff11b780, 0x00000000ff160000)
  from space 640K,   0% used [0x00000000ff160000, 0x00000000ff161020, 0x00000000ff200000)
  to   space 640K,   0% used [0x00000000ff200000, 0x00000000ff200000, 0x00000000ff2a0000)
 concurrent mark-sweep generation total 13696K, used 4264K [0x00000000ff2a0000, 0x0000000100000000, 0x0000000100000000)
 Metaspace       used 5078K, capacity 5258K, committed 5504K, reserved 1056768K
  class space    used 557K, capacity 597K, committed 640K, reserved 1048576K
2024-07-16T17:10:15.622+0800: 2.290: [GC (Allocation Failure) 2024-07-16T17:10:15.622+0800: 2.290: [ParNew: 5233K->4K(6144K), 0.0003655 secs] 9498K->5295K(19840K), 0.0004100 secs] [Times: user=0.00 sys=0.00, real=0.00 secs] 
Heap after GC invocations=294 (full 33):
 par new generation   total 6144K, used 4K [0x00000000fec00000, 0x00000000ff2a0000, 0x00000000ff2a0000)
  eden space 5504K,   0% used [0x00000000fec00000, 0x00000000fec00000, 0x00000000ff160000)
  from space 640K,   0% used [0x00000000ff200000, 0x00000000ff201020, 0x00000000ff2a0000)
  to   space 640K,   0% used [0x00000000ff160000, 0x00000000ff160000, 0x00000000ff200000)
 concurrent mark-sweep generation total 13696K, used 5290K [0x00000000ff2a0000, 0x0000000100000000, 0x0000000100000000)
 Metaspace       used 5078K, capacity 5258K, committed 5504K, reserved 1056768K
  class space    used 557K, capacity 597K, committed 640K, reserved 1048576K
}
{Heap before GC invocations=294 (full 33):
 par new generation   total 6144K, used 5233K [0x00000000fec00000, 0x00000000ff2a0000, 0x00000000ff2a0000)
  eden space 5504K,  95% used [0x00000000fec00000, 0x00000000ff11b780, 0x00000000ff160000)
  from space 640K,   0% used [0x00000000ff200000, 0x00000000ff201020, 0x00000000ff2a0000)
  to   space 640K,   0% used [0x00000000ff160000, 0x00000000ff160000, 0x00000000ff200000)
 concurrent mark-sweep generation total 13696K, used 5290K [0x00000000ff2a0000, 0x0000000100000000, 0x0000000100000000)
 Metaspace       used 5078K, capacity 5258K, committed 5504K, reserved 1056768K
  class space    used 557K, capacity 597K, committed 640K, reserved 1048576K
2024-07-16T17:10:15.628+0800: 2.296: [GC (Allocation Failure) 2024-07-16T17:10:15.628+0800: 2.296: [ParNew: 5233K->8K(6144K), 0.0004144 secs] 10524K->6325K(19840K), 0.0004494 secs] [Times: user=0.00 sys=0.00, real=0.00 secs] 
Heap after GC invocations=295 (full 33):
 par new generation   total 6144K, used 8K [0x00000000fec00000, 0x00000000ff2a0000, 0x00000000ff2a0000)
  eden space 5504K,   0% used [0x00000000fec00000, 0x00000000fec00000, 0x00000000ff160000)
  from space 640K,   1% used [0x00000000ff160000, 0x00000000ff162040, 0x00000000ff200000)
  to   space 640K,   0% used [0x00000000ff200000, 0x00000000ff200000, 0x00000000ff2a0000)
 concurrent mark-sweep generation total 13696K, used 6317K [0x00000000ff2a0000, 0x0000000100000000, 0x0000000100000000)
 Metaspace       used 5078K, capacity 5258K, committed 5504K, reserved 1056768K
  class space    used 557K, capacity 597K, committed 640K, reserved 1048576K
}
{Heap before GC invocations=295 (full 33):
 par new generation   total 6144K, used 5237K [0x00000000fec00000, 0x00000000ff2a0000, 0x00000000ff2a0000)
  eden space 5504K,  95% used [0x00000000fec00000, 0x00000000ff11b780, 0x00000000ff160000)
  from space 640K,   1% used [0x00000000ff160000, 0x00000000ff162040, 0x00000000ff200000)
  to   space 640K,   0% used [0x00000000ff200000, 0x00000000ff200000, 0x00000000ff2a0000)
 concurrent mark-sweep generation total 13696K, used 6317K [0x00000000ff2a0000, 0x0000000100000000, 0x0000000100000000)
 Metaspace       used 5078K, capacity 5258K, committed 5504K, reserved 1056768K
  class space    used 557K, capacity 597K, committed 640K, reserved 1048576K
2024-07-16T17:10:15.634+0800: 2.302: [GC (Allocation Failure) 2024-07-16T17:10:15.634+0800: 2.302: [ParNew: 5237K->4K(6144K), 0.0006684 secs] 11554K->7345K(19840K), 0.0007422 secs] [Times: user=0.00 sys=0.00, real=0.00 secs] 
Heap after GC invocations=296 (full 33):
 par new generation   total 6144K, used 4K [0x00000000fec00000, 0x00000000ff2a0000, 0x00000000ff2a0000)
  eden space 5504K,   0% used [0x00000000fec00000, 0x00000000fec00000, 0x00000000ff160000)
  from space 640K,   0% used [0x00000000ff200000, 0x00000000ff201020, 0x00000000ff2a0000)
  to   space 640K,   0% used [0x00000000ff160000, 0x00000000ff160000, 0x00000000ff200000)
 concurrent mark-sweep generation total 13696K, used 7341K [0x00000000ff2a0000, 0x0000000100000000, 0x0000000100000000)
 Metaspace       used 5078K, capacity 5258K, committed 5504K, reserved 1056768K
  class space    used 557K, capacity 597K, committed 640K, reserved 1048576K
}
{Heap before GC invocations=296 (full 33):
 par new generation   total 6144K, used 5233K [0x00000000fec00000, 0x00000000ff2a0000, 0x00000000ff2a0000)
  eden space 5504K,  95% used [0x00000000fec00000, 0x00000000ff11b780, 0x00000000ff160000)
  from space 640K,   0% used [0x00000000ff200000, 0x00000000ff201020, 0x00000000ff2a0000)
  to   space 640K,   0% used [0x00000000ff160000, 0x00000000ff160000, 0x00000000ff200000)
 concurrent mark-sweep generation total 13696K, used 7341K [0x00000000ff2a0000, 0x0000000100000000, 0x0000000100000000)
 Metaspace       used 5078K, capacity 5258K, committed 5504K, reserved 1056768K
  class space    used 557K, capacity 597K, committed 640K, reserved 1048576K
2024-07-16T17:10:15.643+0800: 2.311: [GC (Allocation Failure) 2024-07-16T17:10:15.643+0800: 2.311: [ParNew: 5233K->8K(6144K), 0.0008357 secs] 12574K->8375K(19840K), 0.0009254 secs] [Times: user=0.00 sys=0.00, real=0.00 secs] 
Heap after GC invocations=297 (full 33):
 par new generation   total 6144K, used 8K [0x00000000fec00000, 0x00000000ff2a0000, 0x00000000ff2a0000)
  eden space 5504K,   0% used [0x00000000fec00000, 0x00000000fec00000, 0x00000000ff160000)
  from space 640K,   1% used [0x00000000ff160000, 0x00000000ff162040, 0x00000000ff200000)
  to   space 640K,   0% used [0x00000000ff200000, 0x00000000ff200000, 0x00000000ff2a0000)
 concurrent mark-sweep generation total 13696K, used 8367K [0x00000000ff2a0000, 0x0000000100000000, 0x0000000100000000)
 Metaspace       used 5078K, capacity 5258K, committed 5504K, reserved 1056768K
  class space    used 557K, capacity 597K, committed 640K, reserved 1048576K
}
{Heap before GC invocations=297 (full 33):
 par new generation   total 6144K, used 5237K [0x00000000fec00000, 0x00000000ff2a0000, 0x00000000ff2a0000)
  eden space 5504K,  95% used [0x00000000fec00000, 0x00000000ff11b780, 0x00000000ff160000)
  from space 640K,   1% used [0x00000000ff160000, 0x00000000ff162040, 0x00000000ff200000)
  to   space 640K,   0% used [0x00000000ff200000, 0x00000000ff200000, 0x00000000ff2a0000)
 concurrent mark-sweep generation total 13696K, used 8367K [0x00000000ff2a0000, 0x0000000100000000, 0x0000000100000000)
 Metaspace       used 5078K, capacity 5258K, committed 5504K, reserved 1056768K
  class space    used 557K, capacity 597K, committed 640K, reserved 1048576K
2024-07-16T17:10:15.650+0800: 2.318: [GC (Allocation Failure) 2024-07-16T17:10:15.650+0800: 2.318: [ParNew: 5237K->8K(6144K), 0.0012178 secs] 13605K->9401K(19840K), 0.0013150 secs] [Times: user=0.00 sys=0.00, real=0.00 secs] 
Heap after GC invocations=298 (full 33):
 par new generation   total 6144K, used 8K [0x00000000fec00000, 0x00000000ff2a0000, 0x00000000ff2a0000)
  eden space 5504K,   0% used [0x00000000fec00000, 0x00000000fec00000, 0x00000000ff160000)
  from space 640K,   1% used [0x00000000ff200000, 0x00000000ff202040, 0x00000000ff2a0000)
  to   space 640K,   0% used [0x00000000ff160000, 0x00000000ff160000, 0x00000000ff200000)
 concurrent mark-sweep generation total 13696K, used 9393K [0x00000000ff2a0000, 0x0000000100000000, 0x0000000100000000)
 Metaspace       used 5078K, capacity 5258K, committed 5504K, reserved 1056768K
  class space    used 557K, capacity 597K, committed 640K, reserved 1048576K
}
{Heap before GC invocations=298 (full 33):
 par new generation   total 6144K, used 5237K [0x00000000fec00000, 0x00000000ff2a0000, 0x00000000ff2a0000)
  eden space 5504K,  95% used [0x00000000fec00000, 0x00000000ff11b780, 0x00000000ff160000)
  from space 640K,   1% used [0x00000000ff200000, 0x00000000ff202040, 0x00000000ff2a0000)
  to   space 640K,   0% used [0x00000000ff160000, 0x00000000ff160000, 0x00000000ff200000)
 concurrent mark-sweep generation total 13696K, used 9393K [0x00000000ff2a0000, 0x0000000100000000, 0x0000000100000000)
 Metaspace       used 5078K, capacity 5258K, committed 5504K, reserved 1056768K
  class space    used 557K, capacity 597K, committed 640K, reserved 1048576K
2024-07-16T17:10:15.659+0800: 2.327: [GC (Allocation Failure) 2024-07-16T17:10:15.659+0800: 2.327: [ParNew: 5237K->4K(6144K), 0.0007059 secs] 14631K->9397K(19840K), 0.0007867 secs] [Times: user=0.00 sys=0.00, real=0.00 secs] 
Heap after GC invocations=299 (full 33):
 par new generation   total 6144K, used 4K [0x00000000fec00000, 0x00000000ff2a0000, 0x00000000ff2a0000)
  eden space 5504K,   0% used [0x00000000fec00000, 0x00000000fec00000, 0x00000000ff160000)
  from space 640K,   0% used [0x00000000ff160000, 0x00000000ff161020, 0x00000000ff200000)
  to   space 640K,   0% used [0x00000000ff200000, 0x00000000ff200000, 0x00000000ff2a0000)
 concurrent mark-sweep generation total 13696K, used 9393K [0x00000000ff2a0000, 0x0000000100000000, 0x0000000100000000)
 Metaspace       used 5078K, capacity 5258K, committed 5504K, reserved 1056768K
  class space    used 557K, capacity 597K, committed 640K, reserved 1048576K
}
{Heap before GC invocations=299 (full 33):
 par new generation   total 6144K, used 5233K [0x00000000fec00000, 0x00000000ff2a0000, 0x00000000ff2a0000)
  eden space 5504K,  95% used [0x00000000fec00000, 0x00000000ff11b780, 0x00000000ff160000)
  from space 640K,   0% used [0x00000000ff160000, 0x00000000ff161020, 0x00000000ff200000)
  to   space 640K,   0% used [0x00000000ff200000, 0x00000000ff200000, 0x00000000ff2a0000)
 concurrent mark-sweep generation total 13696K, used 9393K [0x00000000ff2a0000, 0x0000000100000000, 0x0000000100000000)
 Metaspace       used 5078K, capacity 5258K, committed 5504K, reserved 1056768K
  class space    used 557K, capacity 597K, committed 640K, reserved 1048576K
2024-07-16T17:10:15.667+0800: 2.335: [GC (Allocation Failure) 2024-07-16T17:10:15.667+0800: 2.335: [ParNew: 5233K->8K(6144K), 0.0009493 secs] 14627K->10427K(19840K), 0.0010653 secs] [Times: user=0.00 sys=0.00, real=0.00 secs] 
Heap after GC invocations=300 (full 33):
 par new generation   total 6144K, used 8K [0x00000000fec00000, 0x00000000ff2a0000, 0x00000000ff2a0000)
  eden space 5504K,   0% used [0x00000000fec00000, 0x00000000fec00000, 0x00000000ff160000)
  from space 640K,   1% used [0x00000000ff200000, 0x00000000ff202040, 0x00000000ff2a0000)
  to   space 640K,   0% used [0x00000000ff160000, 0x00000000ff160000, 0x00000000ff200000)
 concurrent mark-sweep generation total 13696K, used 10419K [0x00000000ff2a0000, 0x0000000100000000, 0x0000000100000000)
 Metaspace       used 5078K, capacity 5258K, committed 5504K, reserved 1056768K
  class space    used 557K, capacity 597K, committed 640K, reserved 1048576K
}
{Heap before GC invocations=300 (full 33):
 par new generation   total 6144K, used 5237K [0x00000000fec00000, 0x00000000ff2a0000, 0x00000000ff2a0000)
  eden space 5504K,  95% used [0x00000000fec00000, 0x00000000ff11b780, 0x00000000ff160000)
  from space 640K,   1% used [0x00000000ff200000, 0x00000000ff202040, 0x00000000ff2a0000)
  to   space 640K,   0% used [0x00000000ff160000, 0x00000000ff160000, 0x00000000ff200000)
 concurrent mark-sweep generation total 13696K, used 10419K [0x00000000ff2a0000, 0x0000000100000000, 0x0000000100000000)
 Metaspace       used 5078K, capacity 5258K, committed 5504K, reserved 1056768K
  class space    used 557K, capacity 597K, committed 640K, reserved 1048576K
2024-07-16T17:10:15.676+0800: 2.344: [GC (Allocation Failure) 2024-07-16T17:10:15.676+0800: 2.344: [ParNew: 5237K->4K(6144K), 0.0010251 secs] 15657K->10423K(19840K), 0.0011255 secs] [Times: user=0.00 sys=0.00, real=0.00 secs] 
Heap after GC invocations=301 (full 33):
 par new generation   total 6144K, used 4K [0x00000000fec00000, 0x00000000ff2a0000, 0x00000000ff2a0000)
  eden space 5504K,   0% used [0x00000000fec00000, 0x00000000fec00000, 0x00000000ff160000)
  from space 640K,   0% used [0x00000000ff160000, 0x00000000ff161020, 0x00000000ff200000)
  to   space 640K,   0% used [0x00000000ff200000, 0x00000000ff200000, 0x00000000ff2a0000)
 concurrent mark-sweep generation total 13696K, used 10419K [0x00000000ff2a0000, 0x0000000100000000, 0x0000000100000000)
 Metaspace       used 5078K, capacity 5258K, committed 5504K, reserved 1056768K
  class space    used 557K, capacity 597K, committed 640K, reserved 1048576K
}
{Heap before GC invocations=301 (full 33):
 par new generation   total 6144K, used 5233K [0x00000000fec00000, 0x00000000ff2a0000, 0x00000000ff2a0000)
  eden space 5504K,  95% used [0x00000000fec00000, 0x00000000ff11b780, 0x00000000ff160000)
  from space 640K,   0% used [0x00000000ff160000, 0x00000000ff161020, 0x00000000ff200000)
  to   space 640K,   0% used [0x00000000ff200000, 0x00000000ff200000, 0x00000000ff2a0000)
 concurrent mark-sweep generation total 13696K, used 10419K [0x00000000ff2a0000, 0x0000000100000000, 0x0000000100000000)
 Metaspace       used 5078K, capacity 5258K, committed 5504K, reserved 1056768K
  class space    used 557K, capacity 597K, committed 640K, reserved 1048576K
2024-07-16T17:10:15.684+0800: 2.352: [GC (Allocation Failure) 2024-07-16T17:10:15.684+0800: 2.352: [ParNew: 5233K->10K(6144K), 0.0011257 secs] 15653K->11455K(19840K), 0.0012252 secs] [Times: user=0.00 sys=0.00, real=0.00 secs] 
Heap after GC invocations=302 (full 33):
 par new generation   total 6144K, used 10K [0x00000000fec00000, 0x00000000ff2a0000, 0x00000000ff2a0000)
  eden space 5504K,   0% used [0x00000000fec00000, 0x00000000fec00000, 0x00000000ff160000)
  from space 640K,   1% used [0x00000000ff200000, 0x00000000ff202850, 0x00000000ff2a0000)
  to   space 640K,   0% used [0x00000000ff160000, 0x00000000ff160000, 0x00000000ff200000)
 concurrent mark-sweep generation total 13696K, used 11445K [0x00000000ff2a0000, 0x0000000100000000, 0x0000000100000000)
 Metaspace       used 5078K, capacity 5258K, committed 5504K, reserved 1056768K
  class space    used 557K, capacity 597K, committed 640K, reserved 1048576K
}
2024-07-16T17:10:15.685+0800: 2.354: [GC (CMS Initial Mark) [1 CMS-initial-mark: 11445K(13696K)] 12481K(19840K), 0.0002142 secs] [Times: user=0.00 sys=0.00, real=0.00 secs] 
2024-07-16T17:10:15.685+0800: 2.354: [CMS-concurrent-mark-start]
2024-07-16T17:10:15.688+0800: 2.357: [CMS-concurrent-mark: 0.003/0.003 secs] [Times: user=0.00 sys=0.00, real=0.00 secs] 
2024-07-16T17:10:15.688+0800: 2.357: [CMS-concurrent-preclean-start]
2024-07-16T17:10:15.688+0800: 2.357: [CMS-concurrent-preclean: 0.000/0.000 secs] [Times: user=0.00 sys=0.00, real=0.00 secs] 
2024-07-16T17:10:15.688+0800: 2.357: [CMS-concurrent-abortable-preclean-start]
{Heap before GC invocations=302 (full 34):
 par new generation   total 6144K, used 5239K [0x00000000fec00000, 0x00000000ff2a0000, 0x00000000ff2a0000)
  eden space 5504K,  95% used [0x00000000fec00000, 0x00000000ff11b780, 0x00000000ff160000)
  from space 640K,   1% used [0x00000000ff200000, 0x00000000ff202850, 0x00000000ff2a0000)
  to   space 640K,   0% used [0x00000000ff160000, 0x00000000ff160000, 0x00000000ff200000)
 concurrent mark-sweep generation total 13696K, used 11445K [0x00000000ff2a0000, 0x0000000100000000, 0x0000000100000000)
 Metaspace       used 5078K, capacity 5258K, committed 5504K, reserved 1056768K
  class space    used 557K, capacity 597K, committed 640K, reserved 1048576K
2024-07-16T17:10:15.693+0800: 2.361: [GC (Allocation Failure) 2024-07-16T17:10:15.693+0800: 2.361: [ParNew: 5239K->4K(6144K), 0.0007873 secs] 16685K->11449K(19840K), 0.0008192 secs] [Times: user=0.00 sys=0.00, real=0.00 secs] 
Heap after GC invocations=303 (full 34):
 par new generation   total 6144K, used 4K [0x00000000fec00000, 0x00000000ff2a0000, 0x00000000ff2a0000)
  eden space 5504K,   0% used [0x00000000fec00000, 0x00000000fec00000, 0x00000000ff160000)
  from space 640K,   0% used [0x00000000ff160000, 0x00000000ff161020, 0x00000000ff200000)
  to   space 640K,   0% used [0x00000000ff200000, 0x00000000ff200000, 0x00000000ff2a0000)
 concurrent mark-sweep generation total 13696K, used 11445K [0x00000000ff2a0000, 0x0000000100000000, 0x0000000100000000)
 Metaspace       used 5078K, capacity 5258K, committed 5504K, reserved 1056768K
  class space    used 557K, capacity 597K, committed 640K, reserved 1048576K
}
{Heap before GC invocations=303 (full 34):
 par new generation   total 6144K, used 5233K [0x00000000fec00000, 0x00000000ff2a0000, 0x00000000ff2a0000)
  eden space 5504K,  95% used [0x00000000fec00000, 0x00000000ff11b780, 0x00000000ff160000)
  from space 640K,   0% used [0x00000000ff160000, 0x00000000ff161020, 0x00000000ff200000)
  to   space 640K,   0% used [0x00000000ff200000, 0x00000000ff200000, 0x00000000ff2a0000)
 concurrent mark-sweep generation total 13696K, used 11445K [0x00000000ff2a0000, 0x0000000100000000, 0x0000000100000000)
 Metaspace       used 5078K, capacity 5258K, committed 5504K, reserved 1056768K
  class space    used 557K, capacity 597K, committed 640K, reserved 1048576K
2024-07-16T17:10:15.700+0800: 2.368: [GC (Allocation Failure) 2024-07-16T17:10:15.700+0800: 2.368: [ParNew: 5233K->8K(6144K), 0.0011436 secs] 16679K->12477K(19840K), 0.0012349 secs] [Times: user=0.00 sys=0.00, real=0.00 secs] 
Heap after GC invocations=304 (full 34):
 par new generation   total 6144K, used 8K [0x00000000fec00000, 0x00000000ff2a0000, 0x00000000ff2a0000)
  eden space 5504K,   0% used [0x00000000fec00000, 0x00000000fec00000, 0x00000000ff160000)
  from space 640K,   1% used [0x00000000ff200000, 0x00000000ff202040, 0x00000000ff2a0000)
  to   space 640K,   0% used [0x00000000ff160000, 0x00000000ff160000, 0x00000000ff200000)
 concurrent mark-sweep generation total 13696K, used 12469K [0x00000000ff2a0000, 0x0000000100000000, 0x0000000100000000)
 Metaspace       used 5078K, capacity 5258K, committed 5504K, reserved 1056768K
  class space    used 557K, capacity 597K, committed 640K, reserved 1048576K
}
{Heap before GC invocations=304 (full 34):
 par new generation   total 6144K, used 5237K [0x00000000fec00000, 0x00000000ff2a0000, 0x00000000ff2a0000)
  eden space 5504K,  95% used [0x00000000fec00000, 0x00000000ff11b780, 0x00000000ff160000)
  from space 640K,   1% used [0x00000000ff200000, 0x00000000ff202040, 0x00000000ff2a0000)
  to   space 640K,   0% used [0x00000000ff160000, 0x00000000ff160000, 0x00000000ff200000)
 concurrent mark-sweep generation total 13696K, used 12469K [0x00000000ff2a0000, 0x0000000100000000, 0x0000000100000000)
 Metaspace       used 5078K, capacity 5258K, committed 5504K, reserved 1056768K
  class space    used 557K, capacity 597K, committed 640K, reserved 1048576K
2024-07-16T17:10:15.707+0800: 2.376: [GC (Allocation Failure) 2024-07-16T17:10:15.707+0800: 2.376: [ParNew: 5237K->5237K(6144K), 0.0000175 secs]2024-07-16T17:10:15.707+0800: 2.376: [CMS2024-07-16T17:10:15.707+0800: 2.376: [CMS-concurrent-abortable-preclean: 0.000/0.019 secs] [Times: user=0.00 sys=0.00, real=0.02 secs] 
 (concurrent mode failure): 12469K->2210K(13696K), 0.0034568 secs] 17707K->2210K(19840K), [Metaspace: 5078K->5078K(1056768K)], 0.0035344 secs] [Times: user=0.00 sys=0.00, real=0.00 secs] 
Heap after GC invocations=305 (full 35):
 par new generation   total 6144K, used 0K [0x00000000fec00000, 0x00000000ff2a0000, 0x00000000ff2a0000)
  eden space 5504K,   0% used [0x00000000fec00000, 0x00000000fec00000, 0x00000000ff160000)
  from space 640K,   0% used [0x00000000ff200000, 0x00000000ff200000, 0x00000000ff2a0000)
  to   space 640K,   0% used [0x00000000ff160000, 0x00000000ff160000, 0x00000000ff200000)
 concurrent mark-sweep generation total 13696K, used 2210K [0x00000000ff2a0000, 0x0000000100000000, 0x0000000100000000)
 Metaspace       used 5078K, capacity 5258K, committed 5504K, reserved 1056768K
  class space    used 557K, capacity 597K, committed 640K, reserved 1048576K
}
{Heap before GC invocations=305 (full 35):
 par new generation   total 6144K, used 5229K [0x00000000fec00000, 0x00000000ff2a0000, 0x00000000ff2a0000)
  eden space 5504K,  95% used [0x00000000fec00000, 0x00000000ff11b780, 0x00000000ff160000)
  from space 640K,   0% used [0x00000000ff200000, 0x00000000ff200000, 0x00000000ff2a0000)
  to   space 640K,   0% used [0x00000000ff160000, 0x00000000ff160000, 0x00000000ff200000)
 concurrent mark-sweep generation total 13696K, used 2210K [0x00000000ff2a0000, 0x0000000100000000, 0x0000000100000000)
 Metaspace       used 5078K, capacity 5258K, committed 5504K, reserved 1056768K
  class space    used 557K, capacity 597K, committed 640K, reserved 1048576K
2024-07-16T17:10:15.716+0800: 2.385: [GC (Allocation Failure) 2024-07-16T17:10:15.716+0800: 2.385: [ParNew: 5229K->6K(6144K), 0.0008379 secs] 7440K->3242K(19840K), 0.0008980 secs] [Times: user=0.00 sys=0.00, real=0.00 secs] 
Heap after GC invocations=306 (full 35):
 par new generation   total 6144K, used 6K [0x00000000fec00000, 0x00000000ff2a0000, 0x00000000ff2a0000)
  eden space 5504K,   0% used [0x00000000fec00000, 0x00000000fec00000, 0x00000000ff160000)
  from space 640K,   0% used [0x00000000ff160000, 0x00000000ff161830, 0x00000000ff200000)
  to   space 640K,   0% used [0x00000000ff200000, 0x00000000ff200000, 0x00000000ff2a0000)
 concurrent mark-sweep generation total 13696K, used 3236K [0x00000000ff2a0000, 0x0000000100000000, 0x0000000100000000)
 Metaspace       used 5078K, capacity 5258K, committed 5504K, reserved 1056768K
  class space    used 557K, capacity 597K, committed 640K, reserved 1048576K
}
{Heap before GC invocations=306 (full 35):
 par new generation   total 6144K, used 5235K [0x00000000fec00000, 0x00000000ff2a0000, 0x00000000ff2a0000)
  eden space 5504K,  95% used [0x00000000fec00000, 0x00000000ff11b780, 0x00000000ff160000)
  from space 640K,   0% used [0x00000000ff160000, 0x00000000ff161830, 0x00000000ff200000)
  to   space 640K,   0% used [0x00000000ff200000, 0x00000000ff200000, 0x00000000ff2a0000)
 concurrent mark-sweep generation total 13696K, used 3236K [0x00000000ff2a0000, 0x0000000100000000, 0x0000000100000000)
 Metaspace       used 5078K, capacity 5258K, committed 5504K, reserved 1056768K
  class space    used 557K, capacity 597K, committed 640K, reserved 1048576K
2024-07-16T17:10:15.723+0800: 2.392: [GC (Allocation Failure) 2024-07-16T17:10:15.723+0800: 2.392: [ParNew: 5235K->8K(6144K), 0.0009465 secs] 8472K->4271K(19840K), 0.0011695 secs] [Times: user=0.00 sys=0.00, real=0.00 secs] 
Heap after GC invocations=307 (full 35):
 par new generation   total 6144K, used 8K [0x00000000fec00000, 0x00000000ff2a0000, 0x00000000ff2a0000)
  eden space 5504K,   0% used [0x00000000fec00000, 0x00000000fec00000, 0x00000000ff160000)
  from space 640K,   1% used [0x00000000ff200000, 0x00000000ff202040, 0x00000000ff2a0000)
  to   space 640K,   0% used [0x00000000ff160000, 0x00000000ff160000, 0x00000000ff200000)
 concurrent mark-sweep generation total 13696K, used 4263K [0x00000000ff2a0000, 0x0000000100000000, 0x0000000100000000)
 Metaspace       used 5078K, capacity 5258K, committed 5504K, reserved 1056768K
  class space    used 557K, capacity 597K, committed 640K, reserved 1048576K
}
{Heap before GC invocations=307 (full 35):
 par new generation   total 6144K, used 5237K [0x00000000fec00000, 0x00000000ff2a0000, 0x00000000ff2a0000)
  eden space 5504K,  95% used [0x00000000fec00000, 0x00000000ff11b780, 0x00000000ff160000)
  from space 640K,   1% used [0x00000000ff200000, 0x00000000ff202040, 0x00000000ff2a0000)
  to   space 640K,   0% used [0x00000000ff160000, 0x00000000ff160000, 0x00000000ff200000)
 concurrent mark-sweep generation total 13696K, used 4263K [0x00000000ff2a0000, 0x0000000100000000, 0x0000000100000000)
 Metaspace       used 5078K, capacity 5258K, committed 5504K, reserved 1056768K
  class space    used 557K, capacity 597K, committed 640K, reserved 1048576K
2024-07-16T17:10:15.731+0800: 2.400: [GC (Allocation Failure) 2024-07-16T17:10:15.731+0800: 2.400: [ParNew: 5237K->6K(6144K), 0.0012144 secs] 9500K->5295K(19840K), 0.0013059 secs] [Times: user=0.00 sys=0.00, real=0.00 secs] 
Heap after GC invocations=308 (full 35):
 par new generation   total 6144K, used 6K [0x00000000fec00000, 0x00000000ff2a0000, 0x00000000ff2a0000)
  eden space 5504K,   0% used [0x00000000fec00000, 0x00000000fec00000, 0x00000000ff160000)
  from space 640K,   0% used [0x00000000ff160000, 0x00000000ff161830, 0x00000000ff200000)
  to   space 640K,   0% used [0x00000000ff200000, 0x00000000ff200000, 0x00000000ff2a0000)
 concurrent mark-sweep generation total 13696K, used 5289K [0x00000000ff2a0000, 0x0000000100000000, 0x0000000100000000)
 Metaspace       used 5078K, capacity 5258K, committed 5504K, reserved 1056768K
  class space    used 557K, capacity 597K, committed 640K, reserved 1048576K
}
{Heap before GC invocations=308 (full 35):
 par new generation   total 6144K, used 5235K [0x00000000fec00000, 0x00000000ff2a0000, 0x00000000ff2a0000)
  eden space 5504K,  95% used [0x00000000fec00000, 0x00000000ff11b780, 0x00000000ff160000)
  from space 640K,   0% used [0x00000000ff160000, 0x00000000ff161830, 0x00000000ff200000)
  to   space 640K,   0% used [0x00000000ff200000, 0x00000000ff200000, 0x00000000ff2a0000)
 concurrent mark-sweep generation total 13696K, used 5289K [0x00000000ff2a0000, 0x0000000100000000, 0x0000000100000000)
 Metaspace       used 5078K, capacity 5258K, committed 5504K, reserved 1056768K
  class space    used 557K, capacity 597K, committed 640K, reserved 1048576K
2024-07-16T17:10:15.738+0800: 2.407: [GC (Allocation Failure) 2024-07-16T17:10:15.738+0800: 2.407: [ParNew: 5235K->6K(6144K), 0.0013170 secs] 10524K->6321K(19840K), 0.0014461 secs] [Times: user=0.00 sys=0.00, real=0.00 secs] 
Heap after GC invocations=309 (full 35):
 par new generation   total 6144K, used 6K [0x00000000fec00000, 0x00000000ff2a0000, 0x00000000ff2a0000)
  eden space 5504K,   0% used [0x00000000fec00000, 0x00000000fec00000, 0x00000000ff160000)
  from space 640K,   0% used [0x00000000ff200000, 0x00000000ff201830, 0x00000000ff2a0000)
  to   space 640K,   0% used [0x00000000ff160000, 0x00000000ff160000, 0x00000000ff200000)
 concurrent mark-sweep generation total 13696K, used 6315K [0x00000000ff2a0000, 0x0000000100000000, 0x0000000100000000)
 Metaspace       used 5078K, capacity 5258K, committed 5504K, reserved 1056768K
  class space    used 557K, capacity 597K, committed 640K, reserved 1048576K
}
{Heap before GC invocations=309 (full 35):
 par new generation   total 6144K, used 5235K [0x00000000fec00000, 0x00000000ff2a0000, 0x00000000ff2a0000)
  eden space 5504K,  95% used [0x00000000fec00000, 0x00000000ff11b780, 0x00000000ff160000)
  from space 640K,   0% used [0x00000000ff200000, 0x00000000ff201830, 0x00000000ff2a0000)
  to   space 640K,   0% used [0x00000000ff160000, 0x00000000ff160000, 0x00000000ff200000)
 concurrent mark-sweep generation total 13696K, used 6315K [0x00000000ff2a0000, 0x0000000100000000, 0x0000000100000000)
 Metaspace       used 5078K, capacity 5258K, committed 5504K, reserved 1056768K
  class space    used 557K, capacity 597K, committed 640K, reserved 1048576K
2024-07-16T17:10:15.747+0800: 2.416: [GC (Allocation Failure) 2024-07-16T17:10:15.747+0800: 2.416: [ParNew: 5235K->6K(6144K), 0.0013981 secs] 11551K->7347K(19840K), 0.0015753 secs] [Times: user=0.00 sys=0.00, real=0.00 secs] 
Heap after GC invocations=310 (full 35):
 par new generation   total 6144K, used 6K [0x00000000fec00000, 0x00000000ff2a0000, 0x00000000ff2a0000)
  eden space 5504K,   0% used [0x00000000fec00000, 0x00000000fec00000, 0x00000000ff160000)
  from space 640K,   0% used [0x00000000ff160000, 0x00000000ff161830, 0x00000000ff200000)
  to   space 640K,   0% used [0x00000000ff200000, 0x00000000ff200000, 0x00000000ff2a0000)
 concurrent mark-sweep generation total 13696K, used 7341K [0x00000000ff2a0000, 0x0000000100000000, 0x0000000100000000)
 Metaspace       used 5078K, capacity 5258K, committed 5504K, reserved 1056768K
  class space    used 557K, capacity 597K, committed 640K, reserved 1048576K
}
{Heap before GC invocations=310 (full 35):
 par new generation   total 6144K, used 5235K [0x00000000fec00000, 0x00000000ff2a0000, 0x00000000ff2a0000)
  eden space 5504K,  95% used [0x00000000fec00000, 0x00000000ff11b780, 0x00000000ff160000)
  from space 640K,   0% used [0x00000000ff160000, 0x00000000ff161830, 0x00000000ff200000)
  to   space 640K,   0% used [0x00000000ff200000, 0x00000000ff200000, 0x00000000ff2a0000)
 concurrent mark-sweep generation total 13696K, used 7341K [0x00000000ff2a0000, 0x0000000100000000, 0x0000000100000000)
 Metaspace       used 5078K, capacity 5258K, committed 5504K, reserved 1056768K
  class space    used 557K, capacity 597K, committed 640K, reserved 1048576K
2024-07-16T17:10:15.756+0800: 2.425: [GC (Allocation Failure) 2024-07-16T17:10:15.756+0800: 2.425: [ParNew: 5235K->16K(6144K), 0.0012719 secs] 12577K->7357K(19840K), 0.0013655 secs] [Times: user=0.00 sys=0.00, real=0.00 secs] 
Heap after GC invocations=311 (full 35):
 par new generation   total 6144K, used 16K [0x00000000fec00000, 0x00000000ff2a0000, 0x00000000ff2a0000)
  eden space 5504K,   0% used [0x00000000fec00000, 0x00000000fec00000, 0x00000000ff160000)
  from space 640K,   2% used [0x00000000ff200000, 0x00000000ff204080, 0x00000000ff2a0000)
  to   space 640K,   0% used [0x00000000ff160000, 0x00000000ff160000, 0x00000000ff200000)
 concurrent mark-sweep generation total 13696K, used 7341K [0x00000000ff2a0000, 0x0000000100000000, 0x0000000100000000)
 Metaspace       used 5078K, capacity 5258K, committed 5504K, reserved 1056768K
  class space    used 557K, capacity 597K, committed 640K, reserved 1048576K
}
{Heap before GC invocations=311 (full 35):
 par new generation   total 6144K, used 5246K [0x00000000fec00000, 0x00000000ff2a0000, 0x00000000ff2a0000)
  eden space 5504K,  95% used [0x00000000fec00000, 0x00000000ff11b780, 0x00000000ff160000)
  from space 640K,   2% used [0x00000000ff200000, 0x00000000ff204080, 0x00000000ff2a0000)
  to   space 640K,   0% used [0x00000000ff160000, 0x00000000ff160000, 0x00000000ff200000)
 concurrent mark-sweep generation total 13696K, used 7341K [0x00000000ff2a0000, 0x0000000100000000, 0x0000000100000000)
 Metaspace       used 5078K, capacity 5258K, committed 5504K, reserved 1056768K
  class space    used 557K, capacity 597K, committed 640K, reserved 1048576K
2024-07-16T17:10:15.764+0800: 2.433: [GC (Allocation Failure) 2024-07-16T17:10:15.764+0800: 2.433: [ParNew: 5246K->16K(6144K), 0.0013181 secs] 12587K->8383K(19840K), 0.0015087 secs] [Times: user=0.00 sys=0.00, real=0.00 secs] 
Heap after GC invocations=312 (full 35):
 par new generation   total 6144K, used 16K [0x00000000fec00000, 0x00000000ff2a0000, 0x00000000ff2a0000)
  eden space 5504K,   0% used [0x00000000fec00000, 0x00000000fec00000, 0x00000000ff160000)
  from space 640K,   2% used [0x00000000ff160000, 0x00000000ff164080, 0x00000000ff200000)
  to   space 640K,   0% used [0x00000000ff200000, 0x00000000ff200000, 0x00000000ff2a0000)
 concurrent mark-sweep generation total 13696K, used 8367K [0x00000000ff2a0000, 0x0000000100000000, 0x0000000100000000)
 Metaspace       used 5078K, capacity 5258K, committed 5504K, reserved 1056768K
  class space    used 557K, capacity 597K, committed 640K, reserved 1048576K
}
{Heap before GC invocations=312 (full 35):
 par new generation   total 6144K, used 5246K [0x00000000fec00000, 0x00000000ff2a0000, 0x00000000ff2a0000)
  eden space 5504K,  95% used [0x00000000fec00000, 0x00000000ff11b780, 0x00000000ff160000)
  from space 640K,   2% used [0x00000000ff160000, 0x00000000ff164080, 0x00000000ff200000)
  to   space 640K,   0% used [0x00000000ff200000, 0x00000000ff200000, 0x00000000ff2a0000)
 concurrent mark-sweep generation total 13696K, used 8367K [0x00000000ff2a0000, 0x0000000100000000, 0x0000000100000000)
 Metaspace       used 5078K, capacity 5258K, committed 5504K, reserved 1056768K
  class space    used 557K, capacity 597K, committed 640K, reserved 1048576K
2024-07-16T17:10:15.772+0800: 2.441: [GC (Allocation Failure) 2024-07-16T17:10:15.772+0800: 2.441: [ParNew: 5246K->16K(6144K), 0.0013300 secs] 13613K->9409K(19840K), 0.0014301 secs] [Times: user=0.00 sys=0.00, real=0.00 secs] 
Heap after GC invocations=313 (full 35):
 par new generation   total 6144K, used 16K [0x00000000fec00000, 0x00000000ff2a0000, 0x00000000ff2a0000)
  eden space 5504K,   0% used [0x00000000fec00000, 0x00000000fec00000, 0x00000000ff160000)
  from space 640K,   2% used [0x00000000ff200000, 0x00000000ff204080, 0x00000000ff2a0000)
  to   space 640K,   0% used [0x00000000ff160000, 0x00000000ff160000, 0x00000000ff200000)
 concurrent mark-sweep generation total 13696K, used 9393K [0x00000000ff2a0000, 0x0000000100000000, 0x0000000100000000)
 Metaspace       used 5078K, capacity 5258K, committed 5504K, reserved 1056768K
  class space    used 557K, capacity 597K, committed 640K, reserved 1048576K
}
{Heap before GC invocations=313 (full 35):
 par new generation   total 6144K, used 5246K [0x00000000fec00000, 0x00000000ff2a0000, 0x00000000ff2a0000)
  eden space 5504K,  95% used [0x00000000fec00000, 0x00000000ff11b780, 0x00000000ff160000)
  from space 640K,   2% used [0x00000000ff200000, 0x00000000ff204080, 0x00000000ff2a0000)
  to   space 640K,   0% used [0x00000000ff160000, 0x00000000ff160000, 0x00000000ff200000)
 concurrent mark-sweep generation total 13696K, used 9393K [0x00000000ff2a0000, 0x0000000100000000, 0x0000000100000000)
 Metaspace       used 5078K, capacity 5258K, committed 5504K, reserved 1056768K
  class space    used 557K, capacity 597K, committed 640K, reserved 1048576K
2024-07-16T17:10:15.781+0800: 2.450: [GC (Allocation Failure) 2024-07-16T17:10:15.781+0800: 2.450: [ParNew: 5246K->12K(6144K), 0.0011427 secs] 14639K->9405K(19840K), 0.0012191 secs] [Times: user=0.00 sys=0.00, real=0.00 secs] 
Heap after GC invocations=314 (full 35):
 par new generation   total 6144K, used 12K [0x00000000fec00000, 0x00000000ff2a0000, 0x00000000ff2a0000)
  eden space 5504K,   0% used [0x00000000fec00000, 0x00000000fec00000, 0x00000000ff160000)
  from space 640K,   1% used [0x00000000ff160000, 0x00000000ff163060, 0x00000000ff200000)
  to   space 640K,   0% used [0x00000000ff200000, 0x00000000ff200000, 0x00000000ff2a0000)
 concurrent mark-sweep generation total 13696K, used 9393K [0x00000000ff2a0000, 0x0000000100000000, 0x0000000100000000)
 Metaspace       used 5078K, capacity 5258K, committed 5504K, reserved 1056768K
  class space    used 557K, capacity 597K, committed 640K, reserved 1048576K
}
{Heap before GC invocations=314 (full 35):
 par new generation   total 6144K, used 5241K [0x00000000fec00000, 0x00000000ff2a0000, 0x00000000ff2a0000)
  eden space 5504K,  95% used [0x00000000fec00000, 0x00000000ff11b780, 0x00000000ff160000)
  from space 640K,   1% used [0x00000000ff160000, 0x00000000ff163060, 0x00000000ff200000)
  to   space 640K,   0% used [0x00000000ff200000, 0x00000000ff200000, 0x00000000ff2a0000)
 concurrent mark-sweep generation total 13696K, used 9393K [0x00000000ff2a0000, 0x0000000100000000, 0x0000000100000000)
 Metaspace       used 5078K, capacity 5258K, committed 5504K, reserved 1056768K
  class space    used 557K, capacity 597K, committed 640K, reserved 1048576K
2024-07-16T17:10:15.789+0800: 2.458: [GC (Allocation Failure) 2024-07-16T17:10:15.789+0800: 2.458: [ParNew: 5241K->10K(6144K), 0.0011164 secs] 14635K->9403K(19840K), 0.0012285 secs] [Times: user=0.00 sys=0.00, real=0.00 secs] 
Heap after GC invocations=315 (full 35):
 par new generation   total 6144K, used 10K [0x00000000fec00000, 0x00000000ff2a0000, 0x00000000ff2a0000)
  eden space 5504K,   0% used [0x00000000fec00000, 0x00000000fec00000, 0x00000000ff160000)
  from space 640K,   1% used [0x00000000ff200000, 0x00000000ff202850, 0x00000000ff2a0000)
  to   space 640K,   0% used [0x00000000ff160000, 0x00000000ff160000, 0x00000000ff200000)
 concurrent mark-sweep generation total 13696K, used 9393K [0x00000000ff2a0000, 0x0000000100000000, 0x0000000100000000)
 Metaspace       used 5078K, capacity 5258K, committed 5504K, reserved 1056768K
  class space    used 557K, capacity 597K, committed 640K, reserved 1048576K
}
{Heap before GC invocations=315 (full 35):
 par new generation   total 6144K, used 5239K [0x00000000fec00000, 0x00000000ff2a0000, 0x00000000ff2a0000)
  eden space 5504K,  95% used [0x00000000fec00000, 0x00000000ff11b780, 0x00000000ff160000)
  from space 640K,   1% used [0x00000000ff200000, 0x00000000ff202850, 0x00000000ff2a0000)
  to   space 640K,   0% used [0x00000000ff160000, 0x00000000ff160000, 0x00000000ff200000)
 concurrent mark-sweep generation total 13696K, used 9393K [0x00000000ff2a0000, 0x0000000100000000, 0x0000000100000000)
 Metaspace       used 5078K, capacity 5258K, committed 5504K, reserved 1056768K
  class space    used 557K, capacity 597K, committed 640K, reserved 1048576K
2024-07-16T17:10:15.798+0800: 2.467: [GC (Allocation Failure) 2024-07-16T17:10:15.798+0800: 2.467: [ParNew: 5239K->14K(6144K), 0.0009507 secs] 14633K->9407K(19840K), 0.0010592 secs] [Times: user=0.00 sys=0.02, real=0.00 secs] 
Heap after GC invocations=316 (full 35):
 par new generation   total 6144K, used 14K [0x00000000fec00000, 0x00000000ff2a0000, 0x00000000ff2a0000)
  eden space 5504K,   0% used [0x00000000fec00000, 0x00000000fec00000, 0x00000000ff160000)
  from space 640K,   2% used [0x00000000ff160000, 0x00000000ff163870, 0x00000000ff200000)
  to   space 640K,   0% used [0x00000000ff200000, 0x00000000ff200000, 0x00000000ff2a0000)
 concurrent mark-sweep generation total 13696K, used 9393K [0x00000000ff2a0000, 0x0000000100000000, 0x0000000100000000)
 Metaspace       used 5078K, capacity 5258K, committed 5504K, reserved 1056768K
  class space    used 557K, capacity 597K, committed 640K, reserved 1048576K
}
{Heap before GC invocations=316 (full 35):
 par new generation   total 6144K, used 5243K [0x00000000fec00000, 0x00000000ff2a0000, 0x00000000ff2a0000)
  eden space 5504K,  95% used [0x00000000fec00000, 0x00000000ff11b780, 0x00000000ff160000)
  from space 640K,   2% used [0x00000000ff160000, 0x00000000ff163870, 0x00000000ff200000)
  to   space 640K,   0% used [0x00000000ff200000, 0x00000000ff200000, 0x00000000ff2a0000)
 concurrent mark-sweep generation total 13696K, used 9393K [0x00000000ff2a0000, 0x0000000100000000, 0x0000000100000000)
 Metaspace       used 5078K, capacity 5258K, committed 5504K, reserved 1056768K
  class space    used 557K, capacity 597K, committed 640K, reserved 1048576K
2024-07-16T17:10:15.807+0800: 2.476: [GC (Allocation Failure) 2024-07-16T17:10:15.807+0800: 2.476: [ParNew: 5243K->4K(6144K), 0.0009623 secs] 14637K->9399K(19840K), 0.0010881 secs] [Times: user=0.00 sys=0.00, real=0.00 secs] 
Heap after GC invocations=317 (full 35):
 par new generation   total 6144K, used 4K [0x00000000fec00000, 0x00000000ff2a0000, 0x00000000ff2a0000)
  eden space 5504K,   0% used [0x00000000fec00000, 0x00000000fec00000, 0x00000000ff160000)
  from space 640K,   0% used [0x00000000ff200000, 0x00000000ff201020, 0x00000000ff2a0000)
  to   space 640K,   0% used [0x00000000ff160000, 0x00000000ff160000, 0x00000000ff200000)
 concurrent mark-sweep generation total 13696K, used 9395K [0x00000000ff2a0000, 0x0000000100000000, 0x0000000100000000)
 Metaspace       used 5078K, capacity 5258K, committed 5504K, reserved 1056768K
  class space    used 557K, capacity 597K, committed 640K, reserved 1048576K
}
{Heap before GC invocations=317 (full 35):
 par new generation   total 6144K, used 5233K [0x00000000fec00000, 0x00000000ff2a0000, 0x00000000ff2a0000)
  eden space 5504K,  95% used [0x00000000fec00000, 0x00000000ff11b780, 0x00000000ff160000)
  from space 640K,   0% used [0x00000000ff200000, 0x00000000ff201020, 0x00000000ff2a0000)
  to   space 640K,   0% used [0x00000000ff160000, 0x00000000ff160000, 0x00000000ff200000)
 concurrent mark-sweep generation total 13696K, used 9395K [0x00000000ff2a0000, 0x0000000100000000, 0x0000000100000000)
 Metaspace       used 5078K, capacity 5258K, committed 5504K, reserved 1056768K
  class space    used 557K, capacity 597K, committed 640K, reserved 1048576K
2024-07-16T17:10:15.816+0800: 2.485: [GC (Allocation Failure) 2024-07-16T17:10:15.816+0800: 2.485: [ParNew: 5233K->6K(6144K), 0.0007967 secs] 14629K->10425K(19840K), 0.0008823 secs] [Times: user=0.00 sys=0.00, real=0.00 secs] 
Heap after GC invocations=318 (full 35):
 par new generation   total 6144K, used 6K [0x00000000fec00000, 0x00000000ff2a0000, 0x00000000ff2a0000)
  eden space 5504K,   0% used [0x00000000fec00000, 0x00000000fec00000, 0x00000000ff160000)
  from space 640K,   0% used [0x00000000ff160000, 0x00000000ff161830, 0x00000000ff200000)
  to   space 640K,   0% used [0x00000000ff200000, 0x00000000ff200000, 0x00000000ff2a0000)
 concurrent mark-sweep generation total 13696K, used 10419K [0x00000000ff2a0000, 0x0000000100000000, 0x0000000100000000)
 Metaspace       used 5078K, capacity 5258K, committed 5504K, reserved 1056768K
  class space    used 557K, capacity 597K, committed 640K, reserved 1048576K
}
{Heap before GC invocations=318 (full 35):
 par new generation   total 6144K, used 5235K [0x00000000fec00000, 0x00000000ff2a0000, 0x00000000ff2a0000)
  eden space 5504K,  95% used [0x00000000fec00000, 0x00000000ff11b780, 0x00000000ff160000)
  from space 640K,   0% used [0x00000000ff160000, 0x00000000ff161830, 0x00000000ff200000)
  to   space 640K,   0% used [0x00000000ff200000, 0x00000000ff200000, 0x00000000ff2a0000)
 concurrent mark-sweep generation total 13696K, used 10419K [0x00000000ff2a0000, 0x0000000100000000, 0x0000000100000000)
 Metaspace       used 5078K, capacity 5258K, committed 5504K, reserved 1056768K
  class space    used 557K, capacity 597K, committed 640K, reserved 1048576K
2024-07-16T17:10:15.824+0800: 2.493: [GC (Allocation Failure) 2024-07-16T17:10:15.824+0800: 2.493: [ParNew: 5235K->4K(6144K), 0.0009394 secs] 15655K->10423K(19840K), 0.0010013 secs] [Times: user=0.00 sys=0.00, real=0.00 secs] 
Heap after GC invocations=319 (full 35):
 par new generation   total 6144K, used 4K [0x00000000fec00000, 0x00000000ff2a0000, 0x00000000ff2a0000)
  eden space 5504K,   0% used [0x00000000fec00000, 0x00000000fec00000, 0x00000000ff160000)
  from space 640K,   0% used [0x00000000ff200000, 0x00000000ff201020, 0x00000000ff2a0000)
  to   space 640K,   0% used [0x00000000ff160000, 0x00000000ff160000, 0x00000000ff200000)
 concurrent mark-sweep generation total 13696K, used 10419K [0x00000000ff2a0000, 0x0000000100000000, 0x0000000100000000)
 Metaspace       used 5078K, capacity 5258K, committed 5504K, reserved 1056768K
  class space    used 557K, capacity 597K, committed 640K, reserved 1048576K
}
{Heap before GC invocations=319 (full 35):
 par new generation   total 6144K, used 5233K [0x00000000fec00000, 0x00000000ff2a0000, 0x00000000ff2a0000)
  eden space 5504K,  95% used [0x00000000fec00000, 0x00000000ff11b780, 0x00000000ff160000)
  from space 640K,   0% used [0x00000000ff200000, 0x00000000ff201020, 0x00000000ff2a0000)
  to   space 640K,   0% used [0x00000000ff160000, 0x00000000ff160000, 0x00000000ff200000)
 concurrent mark-sweep generation total 13696K, used 10419K [0x00000000ff2a0000, 0x0000000100000000, 0x0000000100000000)
 Metaspace       used 5078K, capacity 5258K, committed 5504K, reserved 1056768K
  class space    used 557K, capacity 597K, committed 640K, reserved 1048576K
2024-07-16T17:10:15.832+0800: 2.501: [GC (Allocation Failure) 2024-07-16T17:10:15.832+0800: 2.501: [ParNew: 5233K->4K(6144K), 0.0009147 secs] 15653K->10423K(19840K), 0.0010248 secs] [Times: user=0.00 sys=0.00, real=0.00 secs] 
Heap after GC invocations=320 (full 35):
 par new generation   total 6144K, used 4K [0x00000000fec00000, 0x00000000ff2a0000, 0x00000000ff2a0000)
  eden space 5504K,   0% used [0x00000000fec00000, 0x00000000fec00000, 0x00000000ff160000)
  from space 640K,   0% used [0x00000000ff160000, 0x00000000ff161020, 0x00000000ff200000)
  to   space 640K,   0% used [0x00000000ff200000, 0x00000000ff200000, 0x00000000ff2a0000)
 concurrent mark-sweep generation total 13696K, used 10419K [0x00000000ff2a0000, 0x0000000100000000, 0x0000000100000000)
 Metaspace       used 5078K, capacity 5258K, committed 5504K, reserved 1056768K
  class space    used 557K, capacity 597K, committed 640K, reserved 1048576K
}
{Heap before GC invocations=320 (full 35):
 par new generation   total 6144K, used 5233K [0x00000000fec00000, 0x00000000ff2a0000, 0x00000000ff2a0000)
  eden space 5504K,  95% used [0x00000000fec00000, 0x00000000ff11b780, 0x00000000ff160000)
  from space 640K,   0% used [0x00000000ff160000, 0x00000000ff161020, 0x00000000ff200000)
  to   space 640K,   0% used [0x00000000ff200000, 0x00000000ff200000, 0x00000000ff2a0000)
 concurrent mark-sweep generation total 13696K, used 10419K [0x00000000ff2a0000, 0x0000000100000000, 0x0000000100000000)
 Metaspace       used 5078K, capacity 5258K, committed 5504K, reserved 1056768K
  class space    used 557K, capacity 597K, committed 640K, reserved 1048576K
2024-07-16T17:10:15.840+0800: 2.509: [GC (Allocation Failure) 2024-07-16T17:10:15.840+0800: 2.509: [ParNew: 5233K->4K(6144K), 0.0011210 secs] 15653K->10423K(19840K), 0.0012195 secs] [Times: user=0.00 sys=0.00, real=0.00 secs] 
Heap after GC invocations=321 (full 35):
 par new generation   total 6144K, used 4K [0x00000000fec00000, 0x00000000ff2a0000, 0x00000000ff2a0000)
  eden space 5504K,   0% used [0x00000000fec00000, 0x00000000fec00000, 0x00000000ff160000)
  from space 640K,   0% used [0x00000000ff200000, 0x00000000ff201020, 0x00000000ff2a0000)
  to   space 640K,   0% used [0x00000000ff160000, 0x00000000ff160000, 0x00000000ff200000)
 concurrent mark-sweep generation total 13696K, used 10419K [0x00000000ff2a0000, 0x0000000100000000, 0x0000000100000000)
 Metaspace       used 5078K, capacity 5258K, committed 5504K, reserved 1056768K
  class space    used 557K, capacity 597K, committed 640K, reserved 1048576K
}
{Heap before GC invocations=321 (full 35):
 par new generation   total 6144K, used 5233K [0x00000000fec00000, 0x00000000ff2a0000, 0x00000000ff2a0000)
  eden space 5504K,  95% used [0x00000000fec00000, 0x00000000ff11b780, 0x00000000ff160000)
  from space 640K,   0% used [0x00000000ff200000, 0x00000000ff201020, 0x00000000ff2a0000)
  to   space 640K,   0% used [0x00000000ff160000, 0x00000000ff160000, 0x00000000ff200000)
 concurrent mark-sweep generation total 13696K, used 10419K [0x00000000ff2a0000, 0x0000000100000000, 0x0000000100000000)
 Metaspace       used 5078K, capacity 5258K, committed 5504K, reserved 1056768K
  class space    used 557K, capacity 597K, committed 640K, reserved 1048576K
2024-07-16T17:10:15.849+0800: 2.518: [GC (Allocation Failure) 2024-07-16T17:10:15.849+0800: 2.518: [ParNew: 5233K->4K(6144K), 0.0010150 secs] 15653K->10423K(19840K), 0.0011171 secs] [Times: user=0.00 sys=0.00, real=0.00 secs] 
Heap after GC invocations=322 (full 35):
 par new generation   total 6144K, used 4K [0x00000000fec00000, 0x00000000ff2a0000, 0x00000000ff2a0000)
  eden space 5504K,   0% used [0x00000000fec00000, 0x00000000fec00000, 0x00000000ff160000)
  from space 640K,   0% used [0x00000000ff160000, 0x00000000ff161020, 0x00000000ff200000)
  to   space 640K,   0% used [0x00000000ff200000, 0x00000000ff200000, 0x00000000ff2a0000)
 concurrent mark-sweep generation total 13696K, used 10419K [0x00000000ff2a0000, 0x0000000100000000, 0x0000000100000000)
 Metaspace       used 5078K, capacity 5258K, committed 5504K, reserved 1056768K
  class space    used 557K, capacity 597K, committed 640K, reserved 1048576K
}
{Heap before GC invocations=322 (full 35):
 par new generation   total 6144K, used 5233K [0x00000000fec00000, 0x00000000ff2a0000, 0x00000000ff2a0000)
  eden space 5504K,  95% used [0x00000000fec00000, 0x00000000ff11b780, 0x00000000ff160000)
  from space 640K,   0% used [0x00000000ff160000, 0x00000000ff161020, 0x00000000ff200000)
  to   space 640K,   0% used [0x00000000ff200000, 0x00000000ff200000, 0x00000000ff2a0000)
 concurrent mark-sweep generation total 13696K, used 10419K [0x00000000ff2a0000, 0x0000000100000000, 0x0000000100000000)
 Metaspace       used 5078K, capacity 5258K, committed 5504K, reserved 1056768K
  class space    used 557K, capacity 597K, committed 640K, reserved 1048576K
2024-07-16T17:10:15.856+0800: 2.525: [GC (Allocation Failure) 2024-07-16T17:10:15.856+0800: 2.525: [ParNew: 5233K->8K(6144K), 0.0012975 secs] 15653K->11451K(19840K), 0.0013941 secs] [Times: user=0.00 sys=0.00, real=0.00 secs] 
Heap after GC invocations=323 (full 35):
 par new generation   total 6144K, used 8K [0x00000000fec00000, 0x00000000ff2a0000, 0x00000000ff2a0000)
  eden space 5504K,   0% used [0x00000000fec00000, 0x00000000fec00000, 0x00000000ff160000)
  from space 640K,   1% used [0x00000000ff200000, 0x00000000ff202040, 0x00000000ff2a0000)
  to   space 640K,   0% used [0x00000000ff160000, 0x00000000ff160000, 0x00000000ff200000)
 concurrent mark-sweep generation total 13696K, used 11443K [0x00000000ff2a0000, 0x0000000100000000, 0x0000000100000000)
 Metaspace       used 5078K, capacity 5258K, committed 5504K, reserved 1056768K
  class space    used 557K, capacity 597K, committed 640K, reserved 1048576K
}
2024-07-16T17:10:15.857+0800: 2.527: [GC (CMS Initial Mark) [1 CMS-initial-mark: 11443K(13696K)] 12477K(19840K), 0.0003050 secs] [Times: user=0.00 sys=0.00, real=0.00 secs] 
2024-07-16T17:10:15.858+0800: 2.527: [CMS-concurrent-mark-start]
2024-07-16T17:10:15.860+0800: 2.530: [CMS-concurrent-mark: 0.003/0.003 secs] [Times: user=0.00 sys=0.00, real=0.00 secs] 
2024-07-16T17:10:15.860+0800: 2.530: [CMS-concurrent-preclean-start]
2024-07-16T17:10:15.860+0800: 2.530: [CMS-concurrent-preclean: 0.000/0.000 secs] [Times: user=0.00 sys=0.00, real=0.00 secs] 
2024-07-16T17:10:15.860+0800: 2.530: [CMS-concurrent-abortable-preclean-start]
{Heap before GC invocations=323 (full 36):
 par new generation   total 6144K, used 5237K [0x00000000fec00000, 0x00000000ff2a0000, 0x00000000ff2a0000)
  eden space 5504K,  95% used [0x00000000fec00000, 0x00000000ff11b780, 0x00000000ff160000)
  from space 640K,   1% used [0x00000000ff200000, 0x00000000ff202040, 0x00000000ff2a0000)
  to   space 640K,   0% used [0x00000000ff160000, 0x00000000ff160000, 0x00000000ff200000)
 concurrent mark-sweep generation total 13696K, used 11443K [0x00000000ff2a0000, 0x0000000100000000, 0x0000000100000000)
 Metaspace       used 5078K, capacity 5258K, committed 5504K, reserved 1056768K
  class space    used 557K, capacity 597K, committed 640K, reserved 1048576K
2024-07-16T17:10:15.867+0800: 2.536: [GC (Allocation Failure) 2024-07-16T17:10:15.867+0800: 2.536: [ParNew: 5237K->8K(6144K), 0.0008999 secs] 16681K->12477K(19840K), 0.0009753 secs] [Times: user=0.00 sys=0.00, real=0.00 secs] 
Heap after GC invocations=324 (full 36):
 par new generation   total 6144K, used 8K [0x00000000fec00000, 0x00000000ff2a0000, 0x00000000ff2a0000)
  eden space 5504K,   0% used [0x00000000fec00000, 0x00000000fec00000, 0x00000000ff160000)
  from space 640K,   1% used [0x00000000ff160000, 0x00000000ff162040, 0x00000000ff200000)
  to   space 640K,   0% used [0x00000000ff200000, 0x00000000ff200000, 0x00000000ff2a0000)
 concurrent mark-sweep generation total 13696K, used 12469K [0x00000000ff2a0000, 0x0000000100000000, 0x0000000100000000)
 Metaspace       used 5078K, capacity 5258K, committed 5504K, reserved 1056768K
  class space    used 557K, capacity 597K, committed 640K, reserved 1048576K
}
{Heap before GC invocations=324 (full 36):
 par new generation   total 6144K, used 5237K [0x00000000fec00000, 0x00000000ff2a0000, 0x00000000ff2a0000)
  eden space 5504K,  95% used [0x00000000fec00000, 0x00000000ff11b780, 0x00000000ff160000)
  from space 640K,   1% used [0x00000000ff160000, 0x00000000ff162040, 0x00000000ff200000)
  to   space 640K,   0% used [0x00000000ff200000, 0x00000000ff200000, 0x00000000ff2a0000)
 concurrent mark-sweep generation total 13696K, used 12469K [0x00000000ff2a0000, 0x0000000100000000, 0x0000000100000000)
 Metaspace       used 5078K, capacity 5258K, committed 5504K, reserved 1056768K
  class space    used 557K, capacity 597K, committed 640K, reserved 1048576K
2024-07-16T17:10:15.875+0800: 2.544: [GC (Allocation Failure) 2024-07-16T17:10:15.875+0800: 2.544: [ParNew: 5237K->5237K(6144K), 0.0000184 secs]2024-07-16T17:10:15.875+0800: 2.544: [CMS2024-07-16T17:10:15.875+0800: 2.544: [CMS-concurrent-abortable-preclean: 0.000/0.014 secs] [Times: user=0.00 sys=0.00, real=0.02 secs] 
 (concurrent mode failure): 12469K->1187K(13696K), 0.0045868 secs] 17707K->1187K(19840K), [Metaspace: 5078K->5078K(1056768K)], 0.0046664 secs] [Times: user=0.02 sys=0.00, real=0.00 secs] 
Heap after GC invocations=325 (full 37):
 par new generation   total 6144K, used 0K [0x00000000fec00000, 0x00000000ff2a0000, 0x00000000ff2a0000)
  eden space 5504K,   0% used [0x00000000fec00000, 0x00000000fec00000, 0x00000000ff160000)
  from space 640K,   0% used [0x00000000ff160000, 0x00000000ff160000, 0x00000000ff200000)
  to   space 640K,   0% used [0x00000000ff200000, 0x00000000ff200000, 0x00000000ff2a0000)
 concurrent mark-sweep generation total 13696K, used 1187K [0x00000000ff2a0000, 0x0000000100000000, 0x0000000100000000)
 Metaspace       used 5078K, capacity 5258K, committed 5504K, reserved 1056768K
  class space    used 557K, capacity 597K, committed 640K, reserved 1048576K
}
{Heap before GC invocations=325 (full 37):
 par new generation   total 6144K, used 5229K [0x00000000fec00000, 0x00000000ff2a0000, 0x00000000ff2a0000)
  eden space 5504K,  95% used [0x00000000fec00000, 0x00000000ff11b780, 0x00000000ff160000)
  from space 640K,   0% used [0x00000000ff160000, 0x00000000ff160000, 0x00000000ff200000)
  to   space 640K,   0% used [0x00000000ff200000, 0x00000000ff200000, 0x00000000ff2a0000)
 concurrent mark-sweep generation total 13696K, used 1187K [0x00000000ff2a0000, 0x0000000100000000, 0x0000000100000000)
 Metaspace       used 5078K, capacity 5258K, committed 5504K, reserved 1056768K
  class space    used 557K, capacity 597K, committed 640K, reserved 1048576K
2024-07-16T17:10:15.885+0800: 2.554: [GC (Allocation Failure) 2024-07-16T17:10:15.885+0800: 2.554: [ParNew: 5229K->10K(6144K), 0.0009077 secs] 6416K->2223K(19840K), 0.0009776 secs] [Times: user=0.00 sys=0.00, real=0.00 secs] 
Heap after GC invocations=326 (full 37):
 par new generation   total 6144K, used 10K [0x00000000fec00000, 0x00000000ff2a0000, 0x00000000ff2a0000)
  eden space 5504K,   0% used [0x00000000fec00000, 0x00000000fec00000, 0x00000000ff160000)
  from space 640K,   1% used [0x00000000ff200000, 0x00000000ff202850, 0x00000000ff2a0000)
  to   space 640K,   0% used [0x00000000ff160000, 0x00000000ff160000, 0x00000000ff200000)
 concurrent mark-sweep generation total 13696K, used 2213K [0x00000000ff2a0000, 0x0000000100000000, 0x0000000100000000)
 Metaspace       used 5078K, capacity 5258K, committed 5504K, reserved 1056768K
  class space    used 557K, capacity 597K, committed 640K, reserved 1048576K
}
{Heap before GC invocations=326 (full 37):
 par new generation   total 6144K, used 5239K [0x00000000fec00000, 0x00000000ff2a0000, 0x00000000ff2a0000)
  eden space 5504K,  95% used [0x00000000fec00000, 0x00000000ff11b780, 0x00000000ff160000)
  from space 640K,   1% used [0x00000000ff200000, 0x00000000ff202850, 0x00000000ff2a0000)
  to   space 640K,   0% used [0x00000000ff160000, 0x00000000ff160000, 0x00000000ff200000)
 concurrent mark-sweep generation total 13696K, used 2213K [0x00000000ff2a0000, 0x0000000100000000, 0x0000000100000000)
 Metaspace       used 5078K, capacity 5258K, committed 5504K, reserved 1056768K
  class space    used 557K, capacity 597K, committed 640K, reserved 1048576K
2024-07-16T17:10:15.892+0800: 2.561: [GC (Allocation Failure) 2024-07-16T17:10:15.892+0800: 2.561: [ParNew: 5239K->6K(6144K), 0.0014684 secs] 7453K->3245K(19840K), 0.0015869 secs] [Times: user=0.16 sys=0.00, real=0.00 secs] 
Heap after GC invocations=327 (full 37):
 par new generation   total 6144K, used 6K [0x00000000fec00000, 0x00000000ff2a0000, 0x00000000ff2a0000)
  eden space 5504K,   0% used [0x00000000fec00000, 0x00000000fec00000, 0x00000000ff160000)
  from space 640K,   0% used [0x00000000ff160000, 0x00000000ff161830, 0x00000000ff200000)
  to   space 640K,   0% used [0x00000000ff200000, 0x00000000ff200000, 0x00000000ff2a0000)
 concurrent mark-sweep generation total 13696K, used 3239K [0x00000000ff2a0000, 0x0000000100000000, 0x0000000100000000)
 Metaspace       used 5078K, capacity 5258K, committed 5504K, reserved 1056768K
  class space    used 557K, capacity 597K, committed 640K, reserved 1048576K
}
{Heap before GC invocations=327 (full 37):
 par new generation   total 6144K, used 5235K [0x00000000fec00000, 0x00000000ff2a0000, 0x00000000ff2a0000)
  eden space 5504K,  95% used [0x00000000fec00000, 0x00000000ff11b780, 0x00000000ff160000)
  from space 640K,   0% used [0x00000000ff160000, 0x00000000ff161830, 0x00000000ff200000)
  to   space 640K,   0% used [0x00000000ff200000, 0x00000000ff200000, 0x00000000ff2a0000)
 concurrent mark-sweep generation total 13696K, used 3239K [0x00000000ff2a0000, 0x0000000100000000, 0x0000000100000000)
 Metaspace       used 5078K, capacity 5258K, committed 5504K, reserved 1056768K
  class space    used 557K, capacity 597K, committed 640K, reserved 1048576K
2024-07-16T17:10:15.901+0800: 2.570: [GC (Allocation Failure) 2024-07-16T17:10:15.901+0800: 2.570: [ParNew: 5235K->8K(6144K), 0.0015349 secs] 8475K->4273K(19840K), 0.0016215 secs] [Times: user=0.00 sys=0.00, real=0.00 secs] 
Heap after GC invocations=328 (full 37):
 par new generation   total 6144K, used 8K [0x00000000fec00000, 0x00000000ff2a0000, 0x00000000ff2a0000)
  eden space 5504K,   0% used [0x00000000fec00000, 0x00000000fec00000, 0x00000000ff160000)
  from space 640K,   1% used [0x00000000ff200000, 0x00000000ff202040, 0x00000000ff2a0000)
  to   space 640K,   0% used [0x00000000ff160000, 0x00000000ff160000, 0x00000000ff200000)
 concurrent mark-sweep generation total 13696K, used 4265K [0x00000000ff2a0000, 0x0000000100000000, 0x0000000100000000)
 Metaspace       used 5078K, capacity 5258K, committed 5504K, reserved 1056768K
  class space    used 557K, capacity 597K, committed 640K, reserved 1048576K
}
{Heap before GC invocations=328 (full 37):
 par new generation   total 6144K, used 5237K [0x00000000fec00000, 0x00000000ff2a0000, 0x00000000ff2a0000)
  eden space 5504K,  95% used [0x00000000fec00000, 0x00000000ff11b780, 0x00000000ff160000)
  from space 640K,   1% used [0x00000000ff200000, 0x00000000ff202040, 0x00000000ff2a0000)
  to   space 640K,   0% used [0x00000000ff160000, 0x00000000ff160000, 0x00000000ff200000)
 concurrent mark-sweep generation total 13696K, used 4265K [0x00000000ff2a0000, 0x0000000100000000, 0x0000000100000000)
 Metaspace       used 5078K, capacity 5258K, committed 5504K, reserved 1056768K
  class space    used 557K, capacity 597K, committed 640K, reserved 1048576K
2024-07-16T17:10:15.910+0800: 2.579: [GC (Allocation Failure) 2024-07-16T17:10:15.910+0800: 2.579: [ParNew: 5237K->8K(6144K), 0.0012745 secs] 9503K->5299K(19840K), 0.0013837 secs] [Times: user=0.00 sys=0.00, real=0.00 secs] 
Heap after GC invocations=329 (full 37):
 par new generation   total 6144K, used 8K [0x00000000fec00000, 0x00000000ff2a0000, 0x00000000ff2a0000)
  eden space 5504K,   0% used [0x00000000fec00000, 0x00000000fec00000, 0x00000000ff160000)
  from space 640K,   1% used [0x00000000ff160000, 0x00000000ff162040, 0x00000000ff200000)
  to   space 640K,   0% used [0x00000000ff200000, 0x00000000ff200000, 0x00000000ff2a0000)
 concurrent mark-sweep generation total 13696K, used 5291K [0x00000000ff2a0000, 0x0000000100000000, 0x0000000100000000)
 Metaspace       used 5078K, capacity 5258K, committed 5504K, reserved 1056768K
  class space    used 557K, capacity 597K, committed 640K, reserved 1048576K
}
{Heap before GC invocations=329 (full 37):
 par new generation   total 6144K, used 5237K [0x00000000fec00000, 0x00000000ff2a0000, 0x00000000ff2a0000)
  eden space 5504K,  95% used [0x00000000fec00000, 0x00000000ff11b780, 0x00000000ff160000)
  from space 640K,   1% used [0x00000000ff160000, 0x00000000ff162040, 0x00000000ff200000)
  to   space 640K,   0% used [0x00000000ff200000, 0x00000000ff200000, 0x00000000ff2a0000)
 concurrent mark-sweep generation total 13696K, used 5291K [0x00000000ff2a0000, 0x0000000100000000, 0x0000000100000000)
 Metaspace       used 5078K, capacity 5258K, committed 5504K, reserved 1056768K
  class space    used 557K, capacity 597K, committed 640K, reserved 1048576K
2024-07-16T17:10:15.919+0800: 2.588: [GC (Allocation Failure) 2024-07-16T17:10:15.919+0800: 2.588: [ParNew: 5237K->4K(6144K), 0.0012392 secs] 10529K->5295K(19840K), 0.0013364 secs] [Times: user=0.00 sys=0.00, real=0.00 secs] 
Heap after GC invocations=330 (full 37):
 par new generation   total 6144K, used 4K [0x00000000fec00000, 0x00000000ff2a0000, 0x00000000ff2a0000)
  eden space 5504K,   0% used [0x00000000fec00000, 0x00000000fec00000, 0x00000000ff160000)
  from space 640K,   0% used [0x00000000ff200000, 0x00000000ff201020, 0x00000000ff2a0000)
  to   space 640K,   0% used [0x00000000ff160000, 0x00000000ff160000, 0x00000000ff200000)
 concurrent mark-sweep generation total 13696K, used 5291K [0x00000000ff2a0000, 0x0000000100000000, 0x0000000100000000)
 Metaspace       used 5078K, capacity 5258K, committed 5504K, reserved 1056768K
  class space    used 557K, capacity 597K, committed 640K, reserved 1048576K
}
{Heap before GC invocations=330 (full 37):
 par new generation   total 6144K, used 5233K [0x00000000fec00000, 0x00000000ff2a0000, 0x00000000ff2a0000)
  eden space 5504K,  95% used [0x00000000fec00000, 0x00000000ff11b780, 0x00000000ff160000)
  from space 640K,   0% used [0x00000000ff200000, 0x00000000ff201020, 0x00000000ff2a0000)
  to   space 640K,   0% used [0x00000000ff160000, 0x00000000ff160000, 0x00000000ff200000)
 concurrent mark-sweep generation total 13696K, used 5291K [0x00000000ff2a0000, 0x0000000100000000, 0x0000000100000000)
 Metaspace       used 5078K, capacity 5258K, committed 5504K, reserved 1056768K
  class space    used 557K, capacity 597K, committed 640K, reserved 1048576K
2024-07-16T17:10:15.927+0800: 2.596: [GC (Allocation Failure) 2024-07-16T17:10:15.927+0800: 2.596: [ParNew: 5233K->4K(6144K), 0.0012190 secs] 10525K->5295K(19840K), 0.0013503 secs] [Times: user=0.00 sys=0.00, real=0.00 secs] 
Heap after GC invocations=331 (full 37):
 par new generation   total 6144K, used 4K [0x00000000fec00000, 0x00000000ff2a0000, 0x00000000ff2a0000)
  eden space 5504K,   0% used [0x00000000fec00000, 0x00000000fec00000, 0x00000000ff160000)
  from space 640K,   0% used [0x00000000ff160000, 0x00000000ff161020, 0x00000000ff200000)
  to   space 640K,   0% used [0x00000000ff200000, 0x00000000ff200000, 0x00000000ff2a0000)
 concurrent mark-sweep generation total 13696K, used 5291K [0x00000000ff2a0000, 0x0000000100000000, 0x0000000100000000)
 Metaspace       used 5078K, capacity 5258K, committed 5504K, reserved 1056768K
  class space    used 557K, capacity 597K, committed 640K, reserved 1048576K
}
{Heap before GC invocations=331 (full 37):
 par new generation   total 6144K, used 5233K [0x00000000fec00000, 0x00000000ff2a0000, 0x00000000ff2a0000)
  eden space 5504K,  95% used [0x00000000fec00000, 0x00000000ff11b780, 0x00000000ff160000)
  from space 640K,   0% used [0x00000000ff160000, 0x00000000ff161020, 0x00000000ff200000)
  to   space 640K,   0% used [0x00000000ff200000, 0x00000000ff200000, 0x00000000ff2a0000)
 concurrent mark-sweep generation total 13696K, used 5291K [0x00000000ff2a0000, 0x0000000100000000, 0x0000000100000000)
 Metaspace       used 5078K, capacity 5258K, committed 5504K, reserved 1056768K
  class space    used 557K, capacity 597K, committed 640K, reserved 1048576K
2024-07-16T17:10:15.935+0800: 2.604: [GC (Allocation Failure) 2024-07-16T17:10:15.935+0800: 2.604: [ParNew: 5233K->6K(6144K), 0.0012454 secs] 10525K->6323K(19840K), 0.0013505 secs] [Times: user=0.00 sys=0.00, real=0.00 secs] 
Heap after GC invocations=332 (full 37):
 par new generation   total 6144K, used 6K [0x00000000fec00000, 0x00000000ff2a0000, 0x00000000ff2a0000)
  eden space 5504K,   0% used [0x00000000fec00000, 0x00000000fec00000, 0x00000000ff160000)
  from space 640K,   0% used [0x00000000ff200000, 0x00000000ff201830, 0x00000000ff2a0000)
  to   space 640K,   0% used [0x00000000ff160000, 0x00000000ff160000, 0x00000000ff200000)
 concurrent mark-sweep generation total 13696K, used 6317K [0x00000000ff2a0000, 0x0000000100000000, 0x0000000100000000)
 Metaspace       used 5078K, capacity 5258K, committed 5504K, reserved 1056768K
  class space    used 557K, capacity 597K, committed 640K, reserved 1048576K
}
{Heap before GC invocations=332 (full 37):
 par new generation   total 6144K, used 5235K [0x00000000fec00000, 0x00000000ff2a0000, 0x00000000ff2a0000)
  eden space 5504K,  95% used [0x00000000fec00000, 0x00000000ff11b780, 0x00000000ff160000)
  from space 640K,   0% used [0x00000000ff200000, 0x00000000ff201830, 0x00000000ff2a0000)
  to   space 640K,   0% used [0x00000000ff160000, 0x00000000ff160000, 0x00000000ff200000)
 concurrent mark-sweep generation total 13696K, used 6317K [0x00000000ff2a0000, 0x0000000100000000, 0x0000000100000000)
 Metaspace       used 5078K, capacity 5258K, committed 5504K, reserved 1056768K
  class space    used 557K, capacity 597K, committed 640K, reserved 1048576K
2024-07-16T17:10:15.943+0800: 2.612: [GC (Allocation Failure) 2024-07-16T17:10:15.943+0800: 2.612: [ParNew: 5235K->4K(6144K), 0.0013088 secs] 11553K->6321K(19840K), 0.0014135 secs] [Times: user=0.00 sys=0.00, real=0.00 secs] 
Heap after GC invocations=333 (full 37):
 par new generation   total 6144K, used 4K [0x00000000fec00000, 0x00000000ff2a0000, 0x00000000ff2a0000)
  eden space 5504K,   0% used [0x00000000fec00000, 0x00000000fec00000, 0x00000000ff160000)
  from space 640K,   0% used [0x00000000ff160000, 0x00000000ff161020, 0x00000000ff200000)
  to   space 640K,   0% used [0x00000000ff200000, 0x00000000ff200000, 0x00000000ff2a0000)
 concurrent mark-sweep generation total 13696K, used 6317K [0x00000000ff2a0000, 0x0000000100000000, 0x0000000100000000)
 Metaspace       used 5078K, capacity 5258K, committed 5504K, reserved 1056768K
  class space    used 557K, capacity 597K, committed 640K, reserved 1048576K
}
{Heap before GC invocations=333 (full 37):
 par new generation   total 6144K, used 5233K [0x00000000fec00000, 0x00000000ff2a0000, 0x00000000ff2a0000)
  eden space 5504K,  95% used [0x00000000fec00000, 0x00000000ff11b780, 0x00000000ff160000)
  from space 640K,   0% used [0x00000000ff160000, 0x00000000ff161020, 0x00000000ff200000)
  to   space 640K,   0% used [0x00000000ff200000, 0x00000000ff200000, 0x00000000ff2a0000)
 concurrent mark-sweep generation total 13696K, used 6317K [0x00000000ff2a0000, 0x0000000100000000, 0x0000000100000000)
 Metaspace       used 5078K, capacity 5258K, committed 5504K, reserved 1056768K
  class space    used 557K, capacity 597K, committed 640K, reserved 1048576K
2024-07-16T17:10:15.953+0800: 2.622: [GC (Allocation Failure) 2024-07-16T17:10:15.953+0800: 2.622: [ParNew: 5233K->4K(6144K), 0.0010993 secs] 11551K->6321K(19840K), 0.0012258 secs] [Times: user=0.00 sys=0.00, real=0.00 secs] 
Heap after GC invocations=334 (full 37):
 par new generation   total 6144K, used 4K [0x00000000fec00000, 0x00000000ff2a0000, 0x00000000ff2a0000)
  eden space 5504K,   0% used [0x00000000fec00000, 0x00000000fec00000, 0x00000000ff160000)
  from space 640K,   0% used [0x00000000ff200000, 0x00000000ff201020, 0x00000000ff2a0000)
  to   space 640K,   0% used [0x00000000ff160000, 0x00000000ff160000, 0x00000000ff200000)
 concurrent mark-sweep generation total 13696K, used 6317K [0x00000000ff2a0000, 0x0000000100000000, 0x0000000100000000)
 Metaspace       used 5078K, capacity 5258K, committed 5504K, reserved 1056768K
  class space    used 557K, capacity 597K, committed 640K, reserved 1048576K
}
{Heap before GC invocations=334 (full 37):
 par new generation   total 6144K, used 5233K [0x00000000fec00000, 0x00000000ff2a0000, 0x00000000ff2a0000)
  eden space 5504K,  95% used [0x00000000fec00000, 0x00000000ff11b780, 0x00000000ff160000)
  from space 640K,   0% used [0x00000000ff200000, 0x00000000ff201020, 0x00000000ff2a0000)
  to   space 640K,   0% used [0x00000000ff160000, 0x00000000ff160000, 0x00000000ff200000)
 concurrent mark-sweep generation total 13696K, used 6317K [0x00000000ff2a0000, 0x0000000100000000, 0x0000000100000000)
 Metaspace       used 5078K, capacity 5258K, committed 5504K, reserved 1056768K
  class space    used 557K, capacity 597K, committed 640K, reserved 1048576K
2024-07-16T17:10:15.962+0800: 2.631: [GC (Allocation Failure) 2024-07-16T17:10:15.962+0800: 2.631: [ParNew: 5233K->4K(6144K), 0.0011115 secs] 11551K->6321K(19840K), 0.0011956 secs] [Times: user=0.00 sys=0.00, real=0.00 secs] 
Heap after GC invocations=335 (full 37):
 par new generation   total 6144K, used 4K [0x00000000fec00000, 0x00000000ff2a0000, 0x00000000ff2a0000)
  eden space 5504K,   0% used [0x00000000fec00000, 0x00000000fec00000, 0x00000000ff160000)
  from space 640K,   0% used [0x00000000ff160000, 0x00000000ff161020, 0x00000000ff200000)
  to   space 640K,   0% used [0x00000000ff200000, 0x00000000ff200000, 0x00000000ff2a0000)
 concurrent mark-sweep generation total 13696K, used 6317K [0x00000000ff2a0000, 0x0000000100000000, 0x0000000100000000)
 Metaspace       used 5078K, capacity 5258K, committed 5504K, reserved 1056768K
  class space    used 557K, capacity 597K, committed 640K, reserved 1048576K
}
{Heap before GC invocations=335 (full 37):
 par new generation   total 6144K, used 5233K [0x00000000fec00000, 0x00000000ff2a0000, 0x00000000ff2a0000)
  eden space 5504K,  95% used [0x00000000fec00000, 0x00000000ff11b780, 0x00000000ff160000)
  from space 640K,   0% used [0x00000000ff160000, 0x00000000ff161020, 0x00000000ff200000)
  to   space 640K,   0% used [0x00000000ff200000, 0x00000000ff200000, 0x00000000ff2a0000)
 concurrent mark-sweep generation total 13696K, used 6317K [0x00000000ff2a0000, 0x0000000100000000, 0x0000000100000000)
 Metaspace       used 5078K, capacity 5258K, committed 5504K, reserved 1056768K
  class space    used 557K, capacity 597K, committed 640K, reserved 1048576K
2024-07-16T17:10:15.970+0800: 2.639: [GC (Allocation Failure) 2024-07-16T17:10:15.970+0800: 2.639: [ParNew: 5233K->4K(6144K), 0.0012351 secs] 11551K->6321K(19840K), 0.0013393 secs] [Times: user=0.16 sys=0.00, real=0.00 secs] 
Heap after GC invocations=336 (full 37):
 par new generation   total 6144K, used 4K [0x00000000fec00000, 0x00000000ff2a0000, 0x00000000ff2a0000)
  eden space 5504K,   0% used [0x00000000fec00000, 0x00000000fec00000, 0x00000000ff160000)
  from space 640K,   0% used [0x00000000ff200000, 0x00000000ff201020, 0x00000000ff2a0000)
  to   space 640K,   0% used [0x00000000ff160000, 0x00000000ff160000, 0x00000000ff200000)
 concurrent mark-sweep generation total 13696K, used 6317K [0x00000000ff2a0000, 0x0000000100000000, 0x0000000100000000)
 Metaspace       used 5078K, capacity 5258K, committed 5504K, reserved 1056768K
  class space    used 557K, capacity 597K, committed 640K, reserved 1048576K
}
{Heap before GC invocations=336 (full 37):
 par new generation   total 6144K, used 5233K [0x00000000fec00000, 0x00000000ff2a0000, 0x00000000ff2a0000)
  eden space 5504K,  95% used [0x00000000fec00000, 0x00000000ff11b780, 0x00000000ff160000)
  from space 640K,   0% used [0x00000000ff200000, 0x00000000ff201020, 0x00000000ff2a0000)
  to   space 640K,   0% used [0x00000000ff160000, 0x00000000ff160000, 0x00000000ff200000)
 concurrent mark-sweep generation total 13696K, used 6317K [0x00000000ff2a0000, 0x0000000100000000, 0x0000000100000000)
 Metaspace       used 5078K, capacity 5258K, committed 5504K, reserved 1056768K
  class space    used 557K, capacity 597K, committed 640K, reserved 1048576K
2024-07-16T17:10:15.977+0800: 2.646: [GC (Allocation Failure) 2024-07-16T17:10:15.977+0800: 2.646: [ParNew: 5233K->10K(6144K), 0.0012758 secs] 11551K->7353K(19840K), 0.0013836 secs] [Times: user=0.00 sys=0.00, real=0.00 secs] 
Heap after GC invocations=337 (full 37):
 par new generation   total 6144K, used 10K [0x00000000fec00000, 0x00000000ff2a0000, 0x00000000ff2a0000)
  eden space 5504K,   0% used [0x00000000fec00000, 0x00000000fec00000, 0x00000000ff160000)
  from space 640K,   1% used [0x00000000ff160000, 0x00000000ff162850, 0x00000000ff200000)
  to   space 640K,   0% used [0x00000000ff200000, 0x00000000ff200000, 0x00000000ff2a0000)
 concurrent mark-sweep generation total 13696K, used 7343K [0x00000000ff2a0000, 0x0000000100000000, 0x0000000100000000)
 Metaspace       used 5078K, capacity 5258K, committed 5504K, reserved 1056768K
  class space    used 557K, capacity 597K, committed 640K, reserved 1048576K
}
{Heap before GC invocations=337 (full 37):
 par new generation   total 6144K, used 5239K [0x00000000fec00000, 0x00000000ff2a0000, 0x00000000ff2a0000)
  eden space 5504K,  95% used [0x00000000fec00000, 0x00000000ff11b780, 0x00000000ff160000)
  from space 640K,   1% used [0x00000000ff160000, 0x00000000ff162850, 0x00000000ff200000)
  to   space 640K,   0% used [0x00000000ff200000, 0x00000000ff200000, 0x00000000ff2a0000)
 concurrent mark-sweep generation total 13696K, used 7343K [0x00000000ff2a0000, 0x0000000100000000, 0x0000000100000000)
 Metaspace       used 5078K, capacity 5258K, committed 5504K, reserved 1056768K
  class space    used 557K, capacity 597K, committed 640K, reserved 1048576K
2024-07-16T17:10:15.986+0800: 2.655: [GC (Allocation Failure) 2024-07-16T17:10:15.986+0800: 2.655: [ParNew: 5239K->4K(6144K), 0.0013150 secs] 12583K->7347K(19840K), 0.0013973 secs] [Times: user=0.00 sys=0.00, real=0.00 secs] 
Heap after GC invocations=338 (full 37):
 par new generation   total 6144K, used 4K [0x00000000fec00000, 0x00000000ff2a0000, 0x00000000ff2a0000)
  eden space 5504K,   0% used [0x00000000fec00000, 0x00000000fec00000, 0x00000000ff160000)
  from space 640K,   0% used [0x00000000ff200000, 0x00000000ff201020, 0x00000000ff2a0000)
  to   space 640K,   0% used [0x00000000ff160000, 0x00000000ff160000, 0x00000000ff200000)
 concurrent mark-sweep generation total 13696K, used 7343K [0x00000000ff2a0000, 0x0000000100000000, 0x0000000100000000)
 Metaspace       used 5078K, capacity 5258K, committed 5504K, reserved 1056768K
  class space    used 557K, capacity 597K, committed 640K, reserved 1048576K
}
{Heap before GC invocations=338 (full 37):
 par new generation   total 6144K, used 5233K [0x00000000fec00000, 0x00000000ff2a0000, 0x00000000ff2a0000)
  eden space 5504K,  95% used [0x00000000fec00000, 0x00000000ff11b780, 0x00000000ff160000)
  from space 640K,   0% used [0x00000000ff200000, 0x00000000ff201020, 0x00000000ff2a0000)
  to   space 640K,   0% used [0x00000000ff160000, 0x00000000ff160000, 0x00000000ff200000)
 concurrent mark-sweep generation total 13696K, used 7343K [0x00000000ff2a0000, 0x0000000100000000, 0x0000000100000000)
 Metaspace       used 5078K, capacity 5258K, committed 5504K, reserved 1056768K
  class space    used 557K, capacity 597K, committed 640K, reserved 1048576K
2024-07-16T17:10:15.993+0800: 2.662: [GC (Allocation Failure) 2024-07-16T17:10:15.993+0800: 2.662: [ParNew: 5233K->10K(6144K), 0.0013191 secs] 12577K->8377K(19840K), 0.0014413 secs] [Times: user=0.00 sys=0.00, real=0.00 secs] 
Heap after GC invocations=339 (full 37):
 par new generation   total 6144K, used 10K [0x00000000fec00000, 0x00000000ff2a0000, 0x00000000ff2a0000)
  eden space 5504K,   0% used [0x00000000fec00000, 0x00000000fec00000, 0x00000000ff160000)
  from space 640K,   1% used [0x00000000ff160000, 0x00000000ff162850, 0x00000000ff200000)
  to   space 640K,   0% used [0x00000000ff200000, 0x00000000ff200000, 0x00000000ff2a0000)
 concurrent mark-sweep generation total 13696K, used 8367K [0x00000000ff2a0000, 0x0000000100000000, 0x0000000100000000)
 Metaspace       used 5078K, capacity 5258K, committed 5504K, reserved 1056768K
  class space    used 557K, capacity 597K, committed 640K, reserved 1048576K
}
{Heap before GC invocations=339 (full 37):
 par new generation   total 6144K, used 5239K [0x00000000fec00000, 0x00000000ff2a0000, 0x00000000ff2a0000)
  eden space 5504K,  95% used [0x00000000fec00000, 0x00000000ff11b780, 0x00000000ff160000)
  from space 640K,   1% used [0x00000000ff160000, 0x00000000ff162850, 0x00000000ff200000)
  to   space 640K,   0% used [0x00000000ff200000, 0x00000000ff200000, 0x00000000ff2a0000)
 concurrent mark-sweep generation total 13696K, used 8367K [0x00000000ff2a0000, 0x0000000100000000, 0x0000000100000000)
 Metaspace       used 5078K, capacity 5258K, committed 5504K, reserved 1056768K
  class space    used 557K, capacity 597K, committed 640K, reserved 1048576K
2024-07-16T17:10:16.004+0800: 2.673: [GC (Allocation Failure) 2024-07-16T17:10:16.004+0800: 2.673: [ParNew: 5239K->4K(6144K), 0.0005691 secs] 13607K->8371K(19840K), 0.0006694 secs] [Times: user=0.00 sys=0.00, real=0.00 secs] 
Heap after GC invocations=340 (full 37):
 par new generation   total 6144K, used 4K [0x00000000fec00000, 0x00000000ff2a0000, 0x00000000ff2a0000)
  eden space 5504K,   0% used [0x00000000fec00000, 0x00000000fec00000, 0x00000000ff160000)
  from space 640K,   0% used [0x00000000ff200000, 0x00000000ff201020, 0x00000000ff2a0000)
  to   space 640K,   0% used [0x00000000ff160000, 0x00000000ff160000, 0x00000000ff200000)
 concurrent mark-sweep generation total 13696K, used 8367K [0x00000000ff2a0000, 0x0000000100000000, 0x0000000100000000)
 Metaspace       used 5078K, capacity 5258K, committed 5504K, reserved 1056768K
  class space    used 557K, capacity 597K, committed 640K, reserved 1048576K
}
{Heap before GC invocations=340 (full 37):
 par new generation   total 6144K, used 5233K [0x00000000fec00000, 0x00000000ff2a0000, 0x00000000ff2a0000)
  eden space 5504K,  95% used [0x00000000fec00000, 0x00000000ff11b780, 0x00000000ff160000)
  from space 640K,   0% used [0x00000000ff200000, 0x00000000ff201020, 0x00000000ff2a0000)
  to   space 640K,   0% used [0x00000000ff160000, 0x00000000ff160000, 0x00000000ff200000)
 concurrent mark-sweep generation total 13696K, used 8367K [0x00000000ff2a0000, 0x0000000100000000, 0x0000000100000000)
 Metaspace       used 5078K, capacity 5258K, committed 5504K, reserved 1056768K
  class space    used 557K, capacity 597K, committed 640K, reserved 1048576K
2024-07-16T17:10:16.012+0800: 2.681: [GC (Allocation Failure) 2024-07-16T17:10:16.012+0800: 2.681: [ParNew: 5233K->4K(6144K), 0.0011444 secs] 13601K->8371K(19840K), 0.0012268 secs] [Times: user=0.00 sys=0.00, real=0.00 secs] 
Heap after GC invocations=341 (full 37):
 par new generation   total 6144K, used 4K [0x00000000fec00000, 0x00000000ff2a0000, 0x00000000ff2a0000)
  eden space 5504K,   0% used [0x00000000fec00000, 0x00000000fec00000, 0x00000000ff160000)
  from space 640K,   0% used [0x00000000ff160000, 0x00000000ff161020, 0x00000000ff200000)
  to   space 640K,   0% used [0x00000000ff200000, 0x00000000ff200000, 0x00000000ff2a0000)
 concurrent mark-sweep generation total 13696K, used 8367K [0x00000000ff2a0000, 0x0000000100000000, 0x0000000100000000)
 Metaspace       used 5078K, capacity 5258K, committed 5504K, reserved 1056768K
  class space    used 557K, capacity 597K, committed 640K, reserved 1048576K
}
{Heap before GC invocations=341 (full 37):
 par new generation   total 6144K, used 5233K [0x00000000fec00000, 0x00000000ff2a0000, 0x00000000ff2a0000)
  eden space 5504K,  95% used [0x00000000fec00000, 0x00000000ff11b780, 0x00000000ff160000)
  from space 640K,   0% used [0x00000000ff160000, 0x00000000ff161020, 0x00000000ff200000)
  to   space 640K,   0% used [0x00000000ff200000, 0x00000000ff200000, 0x00000000ff2a0000)
 concurrent mark-sweep generation total 13696K, used 8367K [0x00000000ff2a0000, 0x0000000100000000, 0x0000000100000000)
 Metaspace       used 5078K, capacity 5258K, committed 5504K, reserved 1056768K
  class space    used 557K, capacity 597K, committed 640K, reserved 1048576K
2024-07-16T17:10:16.020+0800: 2.689: [GC (Allocation Failure) 2024-07-16T17:10:16.020+0800: 2.689: [ParNew: 5233K->8K(6144K), 0.0012088 secs] 13601K->9401K(19840K), 0.0013047 secs] [Times: user=0.00 sys=0.00, real=0.00 secs] 
Heap after GC invocations=342 (full 37):
 par new generation   total 6144K, used 8K [0x00000000fec00000, 0x00000000ff2a0000, 0x00000000ff2a0000)
  eden space 5504K,   0% used [0x00000000fec00000, 0x00000000fec00000, 0x00000000ff160000)
  from space 640K,   1% used [0x00000000ff200000, 0x00000000ff202040, 0x00000000ff2a0000)
  to   space 640K,   0% used [0x00000000ff160000, 0x00000000ff160000, 0x00000000ff200000)
 concurrent mark-sweep generation total 13696K, used 9393K [0x00000000ff2a0000, 0x0000000100000000, 0x0000000100000000)
 Metaspace       used 5078K, capacity 5258K, committed 5504K, reserved 1056768K
  class space    used 557K, capacity 597K, committed 640K, reserved 1048576K
}
{Heap before GC invocations=342 (full 37):
 par new generation   total 6144K, used 5237K [0x00000000fec00000, 0x00000000ff2a0000, 0x00000000ff2a0000)
  eden space 5504K,  95% used [0x00000000fec00000, 0x00000000ff11b780, 0x00000000ff160000)
  from space 640K,   1% used [0x00000000ff200000, 0x00000000ff202040, 0x00000000ff2a0000)
  to   space 640K,   0% used [0x00000000ff160000, 0x00000000ff160000, 0x00000000ff200000)
 concurrent mark-sweep generation total 13696K, used 9393K [0x00000000ff2a0000, 0x0000000100000000, 0x0000000100000000)
 Metaspace       used 5078K, capacity 5258K, committed 5504K, reserved 1056768K
  class space    used 557K, capacity 597K, committed 640K, reserved 1048576K
2024-07-16T17:10:16.029+0800: 2.698: [GC (Allocation Failure) 2024-07-16T17:10:16.029+0800: 2.698: [ParNew: 5237K->4K(6144K), 0.0010925 secs] 14631K->9397K(19840K), 0.0011855 secs] [Times: user=0.00 sys=0.00, real=0.00 secs] 
Heap after GC invocations=343 (full 37):
 par new generation   total 6144K, used 4K [0x00000000fec00000, 0x00000000ff2a0000, 0x00000000ff2a0000)
  eden space 5504K,   0% used [0x00000000fec00000, 0x00000000fec00000, 0x00000000ff160000)
  from space 640K,   0% used [0x00000000ff160000, 0x00000000ff161020, 0x00000000ff200000)
  to   space 640K,   0% used [0x00000000ff200000, 0x00000000ff200000, 0x00000000ff2a0000)
 concurrent mark-sweep generation total 13696K, used 9393K [0x00000000ff2a0000, 0x0000000100000000, 0x0000000100000000)
 Metaspace       used 5078K, capacity 5258K, committed 5504K, reserved 1056768K
  class space    used 557K, capacity 597K, committed 640K, reserved 1048576K
}
{Heap before GC invocations=343 (full 37):
 par new generation   total 6144K, used 5233K [0x00000000fec00000, 0x00000000ff2a0000, 0x00000000ff2a0000)
  eden space 5504K,  95% used [0x00000000fec00000, 0x00000000ff11b780, 0x00000000ff160000)
  from space 640K,   0% used [0x00000000ff160000, 0x00000000ff161020, 0x00000000ff200000)
  to   space 640K,   0% used [0x00000000ff200000, 0x00000000ff200000, 0x00000000ff2a0000)
 concurrent mark-sweep generation total 13696K, used 9393K [0x00000000ff2a0000, 0x0000000100000000, 0x0000000100000000)
 Metaspace       used 5078K, capacity 5258K, committed 5504K, reserved 1056768K
  class space    used 557K, capacity 597K, committed 640K, reserved 1048576K
2024-07-16T17:10:16.038+0800: 2.707: [GC (Allocation Failure) 2024-07-16T17:10:16.038+0800: 2.707: [ParNew: 5233K->4K(6144K), 0.0011995 secs] 14627K->9397K(19840K), 0.0013229 secs] [Times: user=0.00 sys=0.00, real=0.00 secs] 
Heap after GC invocations=344 (full 37):
 par new generation   total 6144K, used 4K [0x00000000fec00000, 0x00000000ff2a0000, 0x00000000ff2a0000)
  eden space 5504K,   0% used [0x00000000fec00000, 0x00000000fec00000, 0x00000000ff160000)
  from space 640K,   0% used [0x00000000ff200000, 0x00000000ff201020, 0x00000000ff2a0000)
  to   space 640K,   0% used [0x00000000ff160000, 0x00000000ff160000, 0x00000000ff200000)
 concurrent mark-sweep generation total 13696K, used 9393K [0x00000000ff2a0000, 0x0000000100000000, 0x0000000100000000)
 Metaspace       used 5078K, capacity 5258K, committed 5504K, reserved 1056768K
  class space    used 557K, capacity 597K, committed 640K, reserved 1048576K
}
{Heap before GC invocations=344 (full 37):
 par new generation   total 6144K, used 5233K [0x00000000fec00000, 0x00000000ff2a0000, 0x00000000ff2a0000)
  eden space 5504K,  95% used [0x00000000fec00000, 0x00000000ff11b780, 0x00000000ff160000)
  from space 640K,   0% used [0x00000000ff200000, 0x00000000ff201020, 0x00000000ff2a0000)
  to   space 640K,   0% used [0x00000000ff160000, 0x00000000ff160000, 0x00000000ff200000)
 concurrent mark-sweep generation total 13696K, used 9393K [0x00000000ff2a0000, 0x0000000100000000, 0x0000000100000000)
 Metaspace       used 5078K, capacity 5258K, committed 5504K, reserved 1056768K
  class space    used 557K, capacity 597K, committed 640K, reserved 1048576K
2024-07-16T17:10:16.046+0800: 2.715: [GC (Allocation Failure) 2024-07-16T17:10:16.046+0800: 2.715: [ParNew: 5233K->8K(6144K), 0.0014848 secs] 14627K->10427K(19840K), 0.0015594 secs] [Times: user=0.00 sys=0.00, real=0.00 secs] 
Heap after GC invocations=345 (full 37):
 par new generation   total 6144K, used 8K [0x00000000fec00000, 0x00000000ff2a0000, 0x00000000ff2a0000)
  eden space 5504K,   0% used [0x00000000fec00000, 0x00000000fec00000, 0x00000000ff160000)
  from space 640K,   1% used [0x00000000ff160000, 0x00000000ff162040, 0x00000000ff200000)
  to   space 640K,   0% used [0x00000000ff200000, 0x00000000ff200000, 0x00000000ff2a0000)
 concurrent mark-sweep generation total 13696K, used 10419K [0x00000000ff2a0000, 0x0000000100000000, 0x0000000100000000)
 Metaspace       used 5078K, capacity 5258K, committed 5504K, reserved 1056768K
  class space    used 557K, capacity 597K, committed 640K, reserved 1048576K
}
{Heap before GC invocations=345 (full 37):
 par new generation   total 6144K, used 5237K [0x00000000fec00000, 0x00000000ff2a0000, 0x00000000ff2a0000)
  eden space 5504K,  95% used [0x00000000fec00000, 0x00000000ff11b780, 0x00000000ff160000)
  from space 640K,   1% used [0x00000000ff160000, 0x00000000ff162040, 0x00000000ff200000)
  to   space 640K,   0% used [0x00000000ff200000, 0x00000000ff200000, 0x00000000ff2a0000)
 concurrent mark-sweep generation total 13696K, used 10419K [0x00000000ff2a0000, 0x0000000100000000, 0x0000000100000000)
 Metaspace       used 5078K, capacity 5258K, committed 5504K, reserved 1056768K
  class space    used 557K, capacity 597K, committed 640K, reserved 1048576K
2024-07-16T17:10:16.055+0800: 2.724: [GC (Allocation Failure) 2024-07-16T17:10:16.055+0800: 2.724: [ParNew: 5237K->8K(6144K), 0.0013193 secs] 15657K->11451K(19840K), 0.0014243 secs] [Times: user=0.00 sys=0.00, real=0.00 secs] 
Heap after GC invocations=346 (full 37):
 par new generation   total 6144K, used 8K [0x00000000fec00000, 0x00000000ff2a0000, 0x00000000ff2a0000)
  eden space 5504K,   0% used [0x00000000fec00000, 0x00000000fec00000, 0x00000000ff160000)
  from space 640K,   1% used [0x00000000ff200000, 0x00000000ff202040, 0x00000000ff2a0000)
  to   space 640K,   0% used [0x00000000ff160000, 0x00000000ff160000, 0x00000000ff200000)
 concurrent mark-sweep generation total 13696K, used 11443K [0x00000000ff2a0000, 0x0000000100000000, 0x0000000100000000)
 Metaspace       used 5078K, capacity 5258K, committed 5504K, reserved 1056768K
  class space    used 557K, capacity 597K, committed 640K, reserved 1048576K
}
2024-07-16T17:10:16.056+0800: 2.726: [GC (CMS Initial Mark) [1 CMS-initial-mark: 11443K(13696K)] 12477K(19840K), 0.0003088 secs] [Times: user=0.00 sys=0.00, real=0.00 secs] 
2024-07-16T17:10:16.057+0800: 2.726: [CMS-concurrent-mark-start]
2024-07-16T17:10:16.060+0800: 2.730: [CMS-concurrent-mark: 0.003/0.003 secs] [Times: user=0.00 sys=0.00, real=0.00 secs] 
2024-07-16T17:10:16.060+0800: 2.730: [CMS-concurrent-preclean-start]
2024-07-16T17:10:16.060+0800: 2.730: [CMS-concurrent-preclean: 0.000/0.000 secs] [Times: user=0.00 sys=0.00, real=0.00 secs] 
2024-07-16T17:10:16.060+0800: 2.730: [CMS-concurrent-abortable-preclean-start]
{Heap before GC invocations=346 (full 38):
 par new generation   total 6144K, used 5237K [0x00000000fec00000, 0x00000000ff2a0000, 0x00000000ff2a0000)
  eden space 5504K,  95% used [0x00000000fec00000, 0x00000000ff11b780, 0x00000000ff160000)
  from space 640K,   1% used [0x00000000ff200000, 0x00000000ff202040, 0x00000000ff2a0000)
  to   space 640K,   0% used [0x00000000ff160000, 0x00000000ff160000, 0x00000000ff200000)
 concurrent mark-sweep generation total 13696K, used 11443K [0x00000000ff2a0000, 0x0000000100000000, 0x0000000100000000)
 Metaspace       used 5078K, capacity 5258K, committed 5504K, reserved 1056768K
  class space    used 557K, capacity 597K, committed 640K, reserved 1048576K
2024-07-16T17:10:16.066+0800: 2.735: [GC (Allocation Failure) 2024-07-16T17:10:16.066+0800: 2.735: [ParNew: 5237K->10K(6144K), 0.0011848 secs] 16681K->12479K(19840K), 0.0012726 secs] [Times: user=0.00 sys=0.00, real=0.00 secs] 
Heap after GC invocations=347 (full 38):
 par new generation   total 6144K, used 10K [0x00000000fec00000, 0x00000000ff2a0000, 0x00000000ff2a0000)
  eden space 5504K,   0% used [0x00000000fec00000, 0x00000000fec00000, 0x00000000ff160000)
  from space 640K,   1% used [0x00000000ff160000, 0x00000000ff162850, 0x00000000ff200000)
  to   space 640K,   0% used [0x00000000ff200000, 0x00000000ff200000, 0x00000000ff2a0000)
 concurrent mark-sweep generation total 13696K, used 12469K [0x00000000ff2a0000, 0x0000000100000000, 0x0000000100000000)
 Metaspace       used 5078K, capacity 5258K, committed 5504K, reserved 1056768K
  class space    used 557K, capacity 597K, committed 640K, reserved 1048576K
}
{Heap before GC invocations=347 (full 38):
 par new generation   total 6144K, used 5239K [0x00000000fec00000, 0x00000000ff2a0000, 0x00000000ff2a0000)
  eden space 5504K,  95% used [0x00000000fec00000, 0x00000000ff11b780, 0x00000000ff160000)
  from space 640K,   1% used [0x00000000ff160000, 0x00000000ff162850, 0x00000000ff200000)
  to   space 640K,   0% used [0x00000000ff200000, 0x00000000ff200000, 0x00000000ff2a0000)
 concurrent mark-sweep generation total 13696K, used 12469K [0x00000000ff2a0000, 0x0000000100000000, 0x0000000100000000)
 Metaspace       used 5078K, capacity 5258K, committed 5504K, reserved 1056768K
  class space    used 557K, capacity 597K, committed 640K, reserved 1048576K
2024-07-16T17:10:16.075+0800: 2.744: [GC (Allocation Failure) 2024-07-16T17:10:16.075+0800: 2.744: [ParNew: 5239K->5239K(6144K), 0.0000145 secs]2024-07-16T17:10:16.075+0800: 2.744: [CMS2024-07-16T17:10:16.075+0800: 2.744: [CMS-concurrent-abortable-preclean: 0.000/0.015 secs] [Times: user=0.00 sys=0.00, real=0.02 secs] 
 (concurrent mode failure): 12469K->1187K(13696K), 0.0033626 secs] 17709K->1187K(19840K), [Metaspace: 5078K->5078K(1056768K)], 0.0034369 secs] [Times: user=0.00 sys=0.00, real=0.00 secs] 
Heap after GC invocations=348 (full 39):
 par new generation   total 6144K, used 0K [0x00000000fec00000, 0x00000000ff2a0000, 0x00000000ff2a0000)
  eden space 5504K,   0% used [0x00000000fec00000, 0x00000000fec00000, 0x00000000ff160000)
  from space 640K,   0% used [0x00000000ff160000, 0x00000000ff160000, 0x00000000ff200000)
  to   space 640K,   0% used [0x00000000ff200000, 0x00000000ff200000, 0x00000000ff2a0000)
 concurrent mark-sweep generation total 13696K, used 1187K [0x00000000ff2a0000, 0x0000000100000000, 0x0000000100000000)
 Metaspace       used 5078K, capacity 5258K, committed 5504K, reserved 1056768K
  class space    used 557K, capacity 597K, committed 640K, reserved 1048576K
}
{Heap before GC invocations=348 (full 39):
 par new generation   total 6144K, used 5229K [0x00000000fec00000, 0x00000000ff2a0000, 0x00000000ff2a0000)
  eden space 5504K,  95% used [0x00000000fec00000, 0x00000000ff11b780, 0x00000000ff160000)
  from space 640K,   0% used [0x00000000ff160000, 0x00000000ff160000, 0x00000000ff200000)
  to   space 640K,   0% used [0x00000000ff200000, 0x00000000ff200000, 0x00000000ff2a0000)
 concurrent mark-sweep generation total 13696K, used 1187K [0x00000000ff2a0000, 0x0000000100000000, 0x0000000100000000)
 Metaspace       used 5078K, capacity 5258K, committed 5504K, reserved 1056768K
  class space    used 557K, capacity 597K, committed 640K, reserved 1048576K
2024-07-16T17:10:16.085+0800: 2.754: [GC (Allocation Failure) 2024-07-16T17:10:16.085+0800: 2.754: [ParNew: 5229K->10K(6144K), 0.0008886 secs] 6416K->2223K(19840K), 0.0009510 secs] [Times: user=0.00 sys=0.00, real=0.00 secs] 
Heap after GC invocations=349 (full 39):
 par new generation   total 6144K, used 10K [0x00000000fec00000, 0x00000000ff2a0000, 0x00000000ff2a0000)
  eden space 5504K,   0% used [0x00000000fec00000, 0x00000000fec00000, 0x00000000ff160000)
  from space 640K,   1% used [0x00000000ff200000, 0x00000000ff202850, 0x00000000ff2a0000)
  to   space 640K,   0% used [0x00000000ff160000, 0x00000000ff160000, 0x00000000ff200000)
 concurrent mark-sweep generation total 13696K, used 2213K [0x00000000ff2a0000, 0x0000000100000000, 0x0000000100000000)
 Metaspace       used 5078K, capacity 5258K, committed 5504K, reserved 1056768K
  class space    used 557K, capacity 597K, committed 640K, reserved 1048576K
}
{Heap before GC invocations=349 (full 39):
 par new generation   total 6144K, used 5239K [0x00000000fec00000, 0x00000000ff2a0000, 0x00000000ff2a0000)
  eden space 5504K,  95% used [0x00000000fec00000, 0x00000000ff11b780, 0x00000000ff160000)
  from space 640K,   1% used [0x00000000ff200000, 0x00000000ff202850, 0x00000000ff2a0000)
  to   space 640K,   0% used [0x00000000ff160000, 0x00000000ff160000, 0x00000000ff200000)
 concurrent mark-sweep generation total 13696K, used 2213K [0x00000000ff2a0000, 0x0000000100000000, 0x0000000100000000)
 Metaspace       used 5078K, capacity 5258K, committed 5504K, reserved 1056768K
  class space    used 557K, capacity 597K, committed 640K, reserved 1048576K
2024-07-16T17:10:16.092+0800: 2.761: [GC (Allocation Failure) 2024-07-16T17:10:16.092+0800: 2.761: [ParNew: 5239K->10K(6144K), 0.0008806 secs] 7453K->3249K(19840K), 0.0009819 secs] [Times: user=0.00 sys=0.00, real=0.00 secs] 
Heap after GC invocations=350 (full 39):
 par new generation   total 6144K, used 10K [0x00000000fec00000, 0x00000000ff2a0000, 0x00000000ff2a0000)
  eden space 5504K,   0% used [0x00000000fec00000, 0x00000000fec00000, 0x00000000ff160000)
  from space 640K,   1% used [0x00000000ff160000, 0x00000000ff162850, 0x00000000ff200000)
  to   space 640K,   0% used [0x00000000ff200000, 0x00000000ff200000, 0x00000000ff2a0000)
 concurrent mark-sweep generation total 13696K, used 3239K [0x00000000ff2a0000, 0x0000000100000000, 0x0000000100000000)
 Metaspace       used 5078K, capacity 5258K, committed 5504K, reserved 1056768K
  class space    used 557K, capacity 597K, committed 640K, reserved 1048576K
}
{Heap before GC invocations=350 (full 39):
 par new generation   total 6144K, used 5239K [0x00000000fec00000, 0x00000000ff2a0000, 0x00000000ff2a0000)
  eden space 5504K,  95% used [0x00000000fec00000, 0x00000000ff11b780, 0x00000000ff160000)
  from space 640K,   1% used [0x00000000ff160000, 0x00000000ff162850, 0x00000000ff200000)
  to   space 640K,   0% used [0x00000000ff200000, 0x00000000ff200000, 0x00000000ff2a0000)
 concurrent mark-sweep generation total 13696K, used 3239K [0x00000000ff2a0000, 0x0000000100000000, 0x0000000100000000)
 Metaspace       used 5078K, capacity 5258K, committed 5504K, reserved 1056768K
  class space    used 557K, capacity 597K, committed 640K, reserved 1048576K
2024-07-16T17:10:16.100+0800: 2.769: [GC (Allocation Failure) 2024-07-16T17:10:16.100+0800: 2.769: [ParNew: 5239K->6K(6144K), 0.0011435 secs] 8479K->4271K(19840K), 0.0012119 secs] [Times: user=0.00 sys=0.00, real=0.00 secs] 
Heap after GC invocations=351 (full 39):
 par new generation   total 6144K, used 6K [0x00000000fec00000, 0x00000000ff2a0000, 0x00000000ff2a0000)
  eden space 5504K,   0% used [0x00000000fec00000, 0x00000000fec00000, 0x00000000ff160000)
  from space 640K,   0% used [0x00000000ff200000, 0x00000000ff201830, 0x00000000ff2a0000)
  to   space 640K,   0% used [0x00000000ff160000, 0x00000000ff160000, 0x00000000ff200000)
 concurrent mark-sweep generation total 13696K, used 4265K [0x00000000ff2a0000, 0x0000000100000000, 0x0000000100000000)
 Metaspace       used 5078K, capacity 5258K, committed 5504K, reserved 1056768K
  class space    used 557K, capacity 597K, committed 640K, reserved 1048576K
}
{Heap before GC invocations=351 (full 39):
 par new generation   total 6144K, used 5235K [0x00000000fec00000, 0x00000000ff2a0000, 0x00000000ff2a0000)
  eden space 5504K,  95% used [0x00000000fec00000, 0x00000000ff11b780, 0x00000000ff160000)
  from space 640K,   0% used [0x00000000ff200000, 0x00000000ff201830, 0x00000000ff2a0000)
  to   space 640K,   0% used [0x00000000ff160000, 0x00000000ff160000, 0x00000000ff200000)
 concurrent mark-sweep generation total 13696K, used 4265K [0x00000000ff2a0000, 0x0000000100000000, 0x0000000100000000)
 Metaspace       used 5078K, capacity 5258K, committed 5504K, reserved 1056768K
  class space    used 557K, capacity 597K, committed 640K, reserved 1048576K
2024-07-16T17:10:16.109+0800: 2.778: [GC (Allocation Failure) 2024-07-16T17:10:16.109+0800: 2.778: [ParNew: 5235K->8K(6144K), 0.0007522 secs] 9501K->5299K(19840K), 0.0008542 secs] [Times: user=0.00 sys=0.00, real=0.00 secs] 
Heap after GC invocations=352 (full 39):
 par new generation   total 6144K, used 8K [0x00000000fec00000, 0x00000000ff2a0000, 0x00000000ff2a0000)
  eden space 5504K,   0% used [0x00000000fec00000, 0x00000000fec00000, 0x00000000ff160000)
  from space 640K,   1% used [0x00000000ff160000, 0x00000000ff162040, 0x00000000ff200000)
  to   space 640K,   0% used [0x00000000ff200000, 0x00000000ff200000, 0x00000000ff2a0000)
 concurrent mark-sweep generation total 13696K, used 5291K [0x00000000ff2a0000, 0x0000000100000000, 0x0000000100000000)
 Metaspace       used 5078K, capacity 5258K, committed 5504K, reserved 1056768K
  class space    used 557K, capacity 597K, committed 640K, reserved 1048576K
}
{Heap before GC invocations=352 (full 39):
 par new generation   total 6144K, used 5237K [0x00000000fec00000, 0x00000000ff2a0000, 0x00000000ff2a0000)
  eden space 5504K,  95% used [0x00000000fec00000, 0x00000000ff11b780, 0x00000000ff160000)
  from space 640K,   1% used [0x00000000ff160000, 0x00000000ff162040, 0x00000000ff200000)
  to   space 640K,   0% used [0x00000000ff200000, 0x00000000ff200000, 0x00000000ff2a0000)
 concurrent mark-sweep generation total 13696K, used 5291K [0x00000000ff2a0000, 0x0000000100000000, 0x0000000100000000)
 Metaspace       used 5078K, capacity 5258K, committed 5504K, reserved 1056768K
  class space    used 557K, capacity 597K, committed 640K, reserved 1048576K
2024-07-16T17:10:16.117+0800: 2.786: [GC (Allocation Failure) 2024-07-16T17:10:16.117+0800: 2.786: [ParNew: 5237K->8K(6144K), 0.0008080 secs] 10529K->6323K(19840K), 0.0008889 secs] [Times: user=0.00 sys=0.00, real=0.00 secs] 
Heap after GC invocations=353 (full 39):
 par new generation   total 6144K, used 8K [0x00000000fec00000, 0x00000000ff2a0000, 0x00000000ff2a0000)
  eden space 5504K,   0% used [0x00000000fec00000, 0x00000000fec00000, 0x00000000ff160000)
  from space 640K,   1% used [0x00000000ff200000, 0x00000000ff202040, 0x00000000ff2a0000)
  to   space 640K,   0% used [0x00000000ff160000, 0x00000000ff160000, 0x00000000ff200000)
 concurrent mark-sweep generation total 13696K, used 6315K [0x00000000ff2a0000, 0x0000000100000000, 0x0000000100000000)
 Metaspace       used 5078K, capacity 5258K, committed 5504K, reserved 1056768K
  class space    used 557K, capacity 597K, committed 640K, reserved 1048576K
}
{Heap before GC invocations=353 (full 39):
 par new generation   total 6144K, used 5237K [0x00000000fec00000, 0x00000000ff2a0000, 0x00000000ff2a0000)
  eden space 5504K,  95% used [0x00000000fec00000, 0x00000000ff11b780, 0x00000000ff160000)
  from space 640K,   1% used [0x00000000ff200000, 0x00000000ff202040, 0x00000000ff2a0000)
  to   space 640K,   0% used [0x00000000ff160000, 0x00000000ff160000, 0x00000000ff200000)
 concurrent mark-sweep generation total 13696K, used 6315K [0x00000000ff2a0000, 0x0000000100000000, 0x0000000100000000)
 Metaspace       used 5078K, capacity 5258K, committed 5504K, reserved 1056768K
  class space    used 557K, capacity 597K, committed 640K, reserved 1048576K
2024-07-16T17:10:16.125+0800: 2.794: [GC (Allocation Failure) 2024-07-16T17:10:16.125+0800: 2.794: [ParNew: 5237K->2K(6144K), 0.0009386 secs] 11553K->6317K(19840K), 0.0010170 secs] [Times: user=0.00 sys=0.00, real=0.00 secs] 
Heap after GC invocations=354 (full 39):
 par new generation   total 6144K, used 2K [0x00000000fec00000, 0x00000000ff2a0000, 0x00000000ff2a0000)
  eden space 5504K,   0% used [0x00000000fec00000, 0x00000000fec00000, 0x00000000ff160000)
  from space 640K,   0% used [0x00000000ff160000, 0x00000000ff160810, 0x00000000ff200000)
  to   space 640K,   0% used [0x00000000ff200000, 0x00000000ff200000, 0x00000000ff2a0000)
 concurrent mark-sweep generation total 13696K, used 6315K [0x00000000ff2a0000, 0x0000000100000000, 0x0000000100000000)
 Metaspace       used 5078K, capacity 5258K, committed 5504K, reserved 1056768K
  class space    used 557K, capacity 597K, committed 640K, reserved 1048576K
}
{Heap before GC invocations=354 (full 39):
 par new generation   total 6144K, used 5231K [0x00000000fec00000, 0x00000000ff2a0000, 0x00000000ff2a0000)
  eden space 5504K,  95% used [0x00000000fec00000, 0x00000000ff11b780, 0x00000000ff160000)
  from space 640K,   0% used [0x00000000ff160000, 0x00000000ff160810, 0x00000000ff200000)
  to   space 640K,   0% used [0x00000000ff200000, 0x00000000ff200000, 0x00000000ff2a0000)
 concurrent mark-sweep generation total 13696K, used 6315K [0x00000000ff2a0000, 0x0000000100000000, 0x0000000100000000)
 Metaspace       used 5078K, capacity 5258K, committed 5504K, reserved 1056768K
  class space    used 557K, capacity 597K, committed 640K, reserved 1048576K
2024-07-16T17:10:16.134+0800: 2.803: [GC (Allocation Failure) 2024-07-16T17:10:16.134+0800: 2.803: [ParNew: 5231K->6K(6144K), 0.0010602 secs] 11547K->7345K(19840K), 0.0011320 secs] [Times: user=0.00 sys=0.00, real=0.00 secs] 
Heap after GC invocations=355 (full 39):
 par new generation   total 6144K, used 6K [0x00000000fec00000, 0x00000000ff2a0000, 0x00000000ff2a0000)
  eden space 5504K,   0% used [0x00000000fec00000, 0x00000000fec00000, 0x00000000ff160000)
  from space 640K,   0% used [0x00000000ff200000, 0x00000000ff201830, 0x00000000ff2a0000)
  to   space 640K,   0% used [0x00000000ff160000, 0x00000000ff160000, 0x00000000ff200000)
 concurrent mark-sweep generation total 13696K, used 7339K [0x00000000ff2a0000, 0x0000000100000000, 0x0000000100000000)
 Metaspace       used 5078K, capacity 5258K, committed 5504K, reserved 1056768K
  class space    used 557K, capacity 597K, committed 640K, reserved 1048576K
}
{Heap before GC invocations=355 (full 39):
 par new generation   total 6144K, used 5235K [0x00000000fec00000, 0x00000000ff2a0000, 0x00000000ff2a0000)
  eden space 5504K,  95% used [0x00000000fec00000, 0x00000000ff11b780, 0x00000000ff160000)
  from space 640K,   0% used [0x00000000ff200000, 0x00000000ff201830, 0x00000000ff2a0000)
  to   space 640K,   0% used [0x00000000ff160000, 0x00000000ff160000, 0x00000000ff200000)
 concurrent mark-sweep generation total 13696K, used 7339K [0x00000000ff2a0000, 0x0000000100000000, 0x0000000100000000)
 Metaspace       used 5078K, capacity 5258K, committed 5504K, reserved 1056768K
  class space    used 557K, capacity 597K, committed 640K, reserved 1048576K
2024-07-16T17:10:16.141+0800: 2.810: [GC (Allocation Failure) 2024-07-16T17:10:16.141+0800: 2.810: [ParNew: 5235K->6K(6144K), 0.0014475 secs] 12575K->8369K(19840K), 0.0015569 secs] [Times: user=0.00 sys=0.00, real=0.00 secs] 
Heap after GC invocations=356 (full 39):
 par new generation   total 6144K, used 6K [0x00000000fec00000, 0x00000000ff2a0000, 0x00000000ff2a0000)
  eden space 5504K,   0% used [0x00000000fec00000, 0x00000000fec00000, 0x00000000ff160000)
  from space 640K,   0% used [0x00000000ff160000, 0x00000000ff161830, 0x00000000ff200000)
  to   space 640K,   0% used [0x00000000ff200000, 0x00000000ff200000, 0x00000000ff2a0000)
 concurrent mark-sweep generation total 13696K, used 8363K [0x00000000ff2a0000, 0x0000000100000000, 0x0000000100000000)
 Metaspace       used 5078K, capacity 5258K, committed 5504K, reserved 1056768K
  class space    used 557K, capacity 597K, committed 640K, reserved 1048576K
}
{Heap before GC invocations=356 (full 39):
 par new generation   total 6144K, used 5235K [0x00000000fec00000, 0x00000000ff2a0000, 0x00000000ff2a0000)
  eden space 5504K,  95% used [0x00000000fec00000, 0x00000000ff11b780, 0x00000000ff160000)
  from space 640K,   0% used [0x00000000ff160000, 0x00000000ff161830, 0x00000000ff200000)
  to   space 640K,   0% used [0x00000000ff200000, 0x00000000ff200000, 0x00000000ff2a0000)
 concurrent mark-sweep generation total 13696K, used 8363K [0x00000000ff2a0000, 0x0000000100000000, 0x0000000100000000)
 Metaspace       used 5078K, capacity 5258K, committed 5504K, reserved 1056768K
  class space    used 557K, capacity 597K, committed 640K, reserved 1048576K
2024-07-16T17:10:16.149+0800: 2.818: [GC (Allocation Failure) 2024-07-16T17:10:16.149+0800: 2.818: [ParNew: 5235K->4K(6144K), 0.0011514 secs] 13599K->9393K(19840K), 0.0012321 secs] [Times: user=0.00 sys=0.00, real=0.00 secs] 
Heap after GC invocations=357 (full 39):
 par new generation   total 6144K, used 4K [0x00000000fec00000, 0x00000000ff2a0000, 0x00000000ff2a0000)
  eden space 5504K,   0% used [0x00000000fec00000, 0x00000000fec00000, 0x00000000ff160000)
  from space 640K,   0% used [0x00000000ff200000, 0x00000000ff201020, 0x00000000ff2a0000)
  to   space 640K,   0% used [0x00000000ff160000, 0x00000000ff160000, 0x00000000ff200000)
 concurrent mark-sweep generation total 13696K, used 9389K [0x00000000ff2a0000, 0x0000000100000000, 0x0000000100000000)
 Metaspace       used 5078K, capacity 5258K, committed 5504K, reserved 1056768K
  class space    used 557K, capacity 597K, committed 640K, reserved 1048576K
}
{Heap before GC invocations=357 (full 39):
 par new generation   total 6144K, used 5233K [0x00000000fec00000, 0x00000000ff2a0000, 0x00000000ff2a0000)
  eden space 5504K,  95% used [0x00000000fec00000, 0x00000000ff11b780, 0x00000000ff160000)
  from space 640K,   0% used [0x00000000ff200000, 0x00000000ff201020, 0x00000000ff2a0000)
  to   space 640K,   0% used [0x00000000ff160000, 0x00000000ff160000, 0x00000000ff200000)
 concurrent mark-sweep generation total 13696K, used 9389K [0x00000000ff2a0000, 0x0000000100000000, 0x0000000100000000)
 Metaspace       used 5078K, capacity 5258K, committed 5504K, reserved 1056768K
  class space    used 557K, capacity 597K, committed 640K, reserved 1048576K
2024-07-16T17:10:16.156+0800: 2.825: [GC (Allocation Failure) 2024-07-16T17:10:16.156+0800: 2.825: [ParNew: 5233K->4K(6144K), 0.0011915 secs] 14623K->10419K(19840K), 0.0012683 secs] [Times: user=0.00 sys=0.00, real=0.00 secs] 
Heap after GC invocations=358 (full 39):
 par new generation   total 6144K, used 4K [0x00000000fec00000, 0x00000000ff2a0000, 0x00000000ff2a0000)
  eden space 5504K,   0% used [0x00000000fec00000, 0x00000000fec00000, 0x00000000ff160000)
  from space 640K,   0% used [0x00000000ff160000, 0x00000000ff161020, 0x00000000ff200000)
  to   space 640K,   0% used [0x00000000ff200000, 0x00000000ff200000, 0x00000000ff2a0000)
 concurrent mark-sweep generation total 13696K, used 10415K [0x00000000ff2a0000, 0x0000000100000000, 0x0000000100000000)
 Metaspace       used 5078K, capacity 5258K, committed 5504K, reserved 1056768K
  class space    used 557K, capacity 597K, committed 640K, reserved 1048576K
}
{Heap before GC invocations=358 (full 39):
 par new generation   total 6144K, used 5233K [0x00000000fec00000, 0x00000000ff2a0000, 0x00000000ff2a0000)
  eden space 5504K,  95% used [0x00000000fec00000, 0x00000000ff11b780, 0x00000000ff160000)
  from space 640K,   0% used [0x00000000ff160000, 0x00000000ff161020, 0x00000000ff200000)
  to   space 640K,   0% used [0x00000000ff200000, 0x00000000ff200000, 0x00000000ff2a0000)
 concurrent mark-sweep generation total 13696K, used 10415K [0x00000000ff2a0000, 0x0000000100000000, 0x0000000100000000)
 Metaspace       used 5078K, capacity 5258K, committed 5504K, reserved 1056768K
  class space    used 557K, capacity 597K, committed 640K, reserved 1048576K
2024-07-16T17:10:16.165+0800: 2.834: [GC (Allocation Failure) 2024-07-16T17:10:16.165+0800: 2.834: [ParNew: 5233K->4K(6144K), 0.0011316 secs] 15649K->10419K(19840K), 0.0012623 secs] [Times: user=0.00 sys=0.00, real=0.00 secs] 
Heap after GC invocations=359 (full 39):
 par new generation   total 6144K, used 4K [0x00000000fec00000, 0x00000000ff2a0000, 0x00000000ff2a0000)
  eden space 5504K,   0% used [0x00000000fec00000, 0x00000000fec00000, 0x00000000ff160000)
  from space 640K,   0% used [0x00000000ff200000, 0x00000000ff201020, 0x00000000ff2a0000)
  to   space 640K,   0% used [0x00000000ff160000, 0x00000000ff160000, 0x00000000ff200000)
 concurrent mark-sweep generation total 13696K, used 10415K [0x00000000ff2a0000, 0x0000000100000000, 0x0000000100000000)
 Metaspace       used 5078K, capacity 5258K, committed 5504K, reserved 1056768K
  class space    used 557K, capacity 597K, committed 640K, reserved 1048576K
}
{Heap before GC invocations=359 (full 39):
 par new generation   total 6144K, used 5233K [0x00000000fec00000, 0x00000000ff2a0000, 0x00000000ff2a0000)
  eden space 5504K,  95% used [0x00000000fec00000, 0x00000000ff11b780, 0x00000000ff160000)
  from space 640K,   0% used [0x00000000ff200000, 0x00000000ff201020, 0x00000000ff2a0000)
  to   space 640K,   0% used [0x00000000ff160000, 0x00000000ff160000, 0x00000000ff200000)
 concurrent mark-sweep generation total 13696K, used 10415K [0x00000000ff2a0000, 0x0000000100000000, 0x0000000100000000)
 Metaspace       used 5078K, capacity 5258K, committed 5504K, reserved 1056768K
  class space    used 557K, capacity 597K, committed 640K, reserved 1048576K
2024-07-16T17:10:16.174+0800: 2.843: [GC (Allocation Failure) 2024-07-16T17:10:16.174+0800: 2.843: [ParNew: 5233K->8K(6144K), 0.0016519 secs] 15649K->11449K(19840K), 0.0017690 secs] [Times: user=0.00 sys=0.00, real=0.00 secs] 
Heap after GC invocations=360 (full 39):
 par new generation   total 6144K, used 8K [0x00000000fec00000, 0x00000000ff2a0000, 0x00000000ff2a0000)
  eden space 5504K,   0% used [0x00000000fec00000, 0x00000000fec00000, 0x00000000ff160000)
  from space 640K,   1% used [0x00000000ff160000, 0x00000000ff162040, 0x00000000ff200000)
  to   space 640K,   0% used [0x00000000ff200000, 0x00000000ff200000, 0x00000000ff2a0000)
 concurrent mark-sweep generation total 13696K, used 11441K [0x00000000ff2a0000, 0x0000000100000000, 0x0000000100000000)
 Metaspace       used 5078K, capacity 5258K, committed 5504K, reserved 1056768K
  class space    used 557K, capacity 597K, committed 640K, reserved 1048576K
}
2024-07-16T17:10:16.176+0800: 2.845: [GC (CMS Initial Mark) [1 CMS-initial-mark: 11441K(13696K)] 12475K(19840K), 0.0006199 secs] [Times: user=0.00 sys=0.00, real=0.00 secs] 
2024-07-16T17:10:16.177+0800: 2.846: [CMS-concurrent-mark-start]
2024-07-16T17:10:16.180+0800: 2.850: [CMS-concurrent-mark: 0.003/0.003 secs] [Times: user=0.00 sys=0.00, real=0.00 secs] 
2024-07-16T17:10:16.180+0800: 2.850: [CMS-concurrent-preclean-start]
2024-07-16T17:10:16.180+0800: 2.850: [CMS-concurrent-preclean: 0.000/0.000 secs] [Times: user=0.00 sys=0.00, real=0.00 secs] 
2024-07-16T17:10:16.180+0800: 2.850: [CMS-concurrent-abortable-preclean-start]
{Heap before GC invocations=360 (full 40):
 par new generation   total 6144K, used 5237K [0x00000000fec00000, 0x00000000ff2a0000, 0x00000000ff2a0000)
  eden space 5504K,  95% used [0x00000000fec00000, 0x00000000ff11b780, 0x00000000ff160000)
  from space 640K,   1% used [0x00000000ff160000, 0x00000000ff162040, 0x00000000ff200000)
  to   space 640K,   0% used [0x00000000ff200000, 0x00000000ff200000, 0x00000000ff2a0000)
 concurrent mark-sweep generation total 13696K, used 11441K [0x00000000ff2a0000, 0x0000000100000000, 0x0000000100000000)
 Metaspace       used 5078K, capacity 5258K, committed 5504K, reserved 1056768K
  class space    used 557K, capacity 597K, committed 640K, reserved 1048576K
2024-07-16T17:10:16.185+0800: 2.854: [GC (Allocation Failure) 2024-07-16T17:10:16.185+0800: 2.854: [ParNew: 5237K->2K(6144K), 0.0007660 secs] 16679K->11443K(19840K), 0.0008317 secs] [Times: user=0.00 sys=0.00, real=0.00 secs] 
Heap after GC invocations=361 (full 40):
 par new generation   total 6144K, used 2K [0x00000000fec00000, 0x00000000ff2a0000, 0x00000000ff2a0000)
  eden space 5504K,   0% used [0x00000000fec00000, 0x00000000fec00000, 0x00000000ff160000)
  from space 640K,   0% used [0x00000000ff200000, 0x00000000ff200810, 0x00000000ff2a0000)
  to   space 640K,   0% used [0x00000000ff160000, 0x00000000ff160000, 0x00000000ff200000)
 concurrent mark-sweep generation total 13696K, used 11441K [0x00000000ff2a0000, 0x0000000100000000, 0x0000000100000000)
 Metaspace       used 5078K, capacity 5258K, committed 5504K, reserved 1056768K
  class space    used 557K, capacity 597K, committed 640K, reserved 1048576K
}
{Heap before GC invocations=361 (full 40):
 par new generation   total 6144K, used 5231K [0x00000000fec00000, 0x00000000ff2a0000, 0x00000000ff2a0000)
  eden space 5504K,  95% used [0x00000000fec00000, 0x00000000ff11b780, 0x00000000ff160000)
  from space 640K,   0% used [0x00000000ff200000, 0x00000000ff200810, 0x00000000ff2a0000)
  to   space 640K,   0% used [0x00000000ff160000, 0x00000000ff160000, 0x00000000ff200000)
 concurrent mark-sweep generation total 13696K, used 11441K [0x00000000ff2a0000, 0x0000000100000000, 0x0000000100000000)
 Metaspace       used 5078K, capacity 5258K, committed 5504K, reserved 1056768K
  class space    used 557K, capacity 597K, committed 640K, reserved 1048576K
2024-07-16T17:10:16.192+0800: 2.861: [GC (Allocation Failure) 2024-07-16T17:10:16.192+0800: 2.861: [ParNew: 5231K->8K(6144K), 0.0005718 secs] 16673K->12473K(19840K), 0.0006345 secs] [Times: user=0.00 sys=0.00, real=0.00 secs] 
Heap after GC invocations=362 (full 40):
 par new generation   total 6144K, used 8K [0x00000000fec00000, 0x00000000ff2a0000, 0x00000000ff2a0000)
  eden space 5504K,   0% used [0x00000000fec00000, 0x00000000fec00000, 0x00000000ff160000)
  from space 640K,   1% used [0x00000000ff160000, 0x00000000ff162040, 0x00000000ff200000)
  to   space 640K,   0% used [0x00000000ff200000, 0x00000000ff200000, 0x00000000ff2a0000)
 concurrent mark-sweep generation total 13696K, used 12465K [0x00000000ff2a0000, 0x0000000100000000, 0x0000000100000000)
 Metaspace       used 5078K, capacity 5258K, committed 5504K, reserved 1056768K
  class space    used 557K, capacity 597K, committed 640K, reserved 1048576K
}
{Heap before GC invocations=362 (full 40):
 par new generation   total 6144K, used 5237K [0x00000000fec00000, 0x00000000ff2a0000, 0x00000000ff2a0000)
  eden space 5504K,  95% used [0x00000000fec00000, 0x00000000ff11b780, 0x00000000ff160000)
  from space 640K,   1% used [0x00000000ff160000, 0x00000000ff162040, 0x00000000ff200000)
  to   space 640K,   0% used [0x00000000ff200000, 0x00000000ff200000, 0x00000000ff2a0000)
 concurrent mark-sweep generation total 13696K, used 12465K [0x00000000ff2a0000, 0x0000000100000000, 0x0000000100000000)
 Metaspace       used 5078K, capacity 5258K, committed 5504K, reserved 1056768K
  class space    used 557K, capacity 597K, committed 640K, reserved 1048576K
2024-07-16T17:10:16.200+0800: 2.869: [GC (Allocation Failure) 2024-07-16T17:10:16.200+0800: 2.869: [ParNew: 5237K->5237K(6144K), 0.0000237 secs]2024-07-16T17:10:16.200+0800: 2.869: [CMS2024-07-16T17:10:16.200+0800: 2.869: [CMS-concurrent-abortable-preclean: 0.000/0.019 secs] [Times: user=0.00 sys=0.00, real=0.02 secs] 
 (concurrent mode failure): 12465K->2211K(13696K), 0.0040628 secs] 17703K->2211K(19840K), [Metaspace: 5078K->5078K(1056768K)], 0.0041559 secs] [Times: user=0.00 sys=0.00, real=0.00 secs] 
Heap after GC invocations=363 (full 41):
 par new generation   total 6144K, used 0K [0x00000000fec00000, 0x00000000ff2a0000, 0x00000000ff2a0000)
  eden space 5504K,   0% used [0x00000000fec00000, 0x00000000fec00000, 0x00000000ff160000)
  from space 640K,   0% used [0x00000000ff160000, 0x00000000ff160000, 0x00000000ff200000)
  to   space 640K,   0% used [0x00000000ff200000, 0x00000000ff200000, 0x00000000ff2a0000)
 concurrent mark-sweep generation total 13696K, used 2211K [0x00000000ff2a0000, 0x0000000100000000, 0x0000000100000000)
 Metaspace       used 5078K, capacity 5258K, committed 5504K, reserved 1056768K
  class space    used 557K, capacity 597K, committed 640K, reserved 1048576K
}
{Heap before GC invocations=363 (full 41):
 par new generation   total 6144K, used 5229K [0x00000000fec00000, 0x00000000ff2a0000, 0x00000000ff2a0000)
  eden space 5504K,  95% used [0x00000000fec00000, 0x00000000ff11b780, 0x00000000ff160000)
  from space 640K,   0% used [0x00000000ff160000, 0x00000000ff160000, 0x00000000ff200000)
  to   space 640K,   0% used [0x00000000ff200000, 0x00000000ff200000, 0x00000000ff2a0000)
 concurrent mark-sweep generation total 13696K, used 2211K [0x00000000ff2a0000, 0x0000000100000000, 0x0000000100000000)
 Metaspace       used 5078K, capacity 5258K, committed 5504K, reserved 1056768K
  class space    used 557K, capacity 597K, committed 640K, reserved 1048576K
2024-07-16T17:10:16.212+0800: 2.881: [GC (Allocation Failure) 2024-07-16T17:10:16.212+0800: 2.881: [ParNew: 5229K->10K(6144K), 0.0009603 secs] 7441K->3247K(19840K), 0.0010148 secs] [Times: user=0.00 sys=0.00, real=0.00 secs] 
Heap after GC invocations=364 (full 41):
 par new generation   total 6144K, used 10K [0x00000000fec00000, 0x00000000ff2a0000, 0x00000000ff2a0000)
  eden space 5504K,   0% used [0x00000000fec00000, 0x00000000fec00000, 0x00000000ff160000)
  from space 640K,   1% used [0x00000000ff200000, 0x00000000ff202850, 0x00000000ff2a0000)
  to   space 640K,   0% used [0x00000000ff160000, 0x00000000ff160000, 0x00000000ff200000)
 concurrent mark-sweep generation total 13696K, used 3237K [0x00000000ff2a0000, 0x0000000100000000, 0x0000000100000000)
 Metaspace       used 5078K, capacity 5258K, committed 5504K, reserved 1056768K
  class space    used 557K, capacity 597K, committed 640K, reserved 1048576K
}
{Heap before GC invocations=364 (full 41):
 par new generation   total 6144K, used 5239K [0x00000000fec00000, 0x00000000ff2a0000, 0x00000000ff2a0000)
  eden space 5504K,  95% used [0x00000000fec00000, 0x00000000ff11b780, 0x00000000ff160000)
  from space 640K,   1% used [0x00000000ff200000, 0x00000000ff202850, 0x00000000ff2a0000)
  to   space 640K,   0% used [0x00000000ff160000, 0x00000000ff160000, 0x00000000ff200000)
 concurrent mark-sweep generation total 13696K, used 3237K [0x00000000ff2a0000, 0x0000000100000000, 0x0000000100000000)
 Metaspace       used 5078K, capacity 5258K, committed 5504K, reserved 1056768K
  class space    used 557K, capacity 597K, committed 640K, reserved 1048576K
2024-07-16T17:10:16.219+0800: 2.888: [GC (Allocation Failure) 2024-07-16T17:10:16.219+0800: 2.888: [ParNew: 5239K->6K(6144K), 0.0011153 secs] 8477K->4269K(19840K), 0.0011925 secs] [Times: user=0.00 sys=0.00, real=0.00 secs] 
Heap after GC invocations=365 (full 41):
 par new generation   total 6144K, used 6K [0x00000000fec00000, 0x00000000ff2a0000, 0x00000000ff2a0000)
  eden space 5504K,   0% used [0x00000000fec00000, 0x00000000fec00000, 0x00000000ff160000)
  from space 640K,   0% used [0x00000000ff160000, 0x00000000ff161830, 0x00000000ff200000)
  to   space 640K,   0% used [0x00000000ff200000, 0x00000000ff200000, 0x00000000ff2a0000)
 concurrent mark-sweep generation total 13696K, used 4263K [0x00000000ff2a0000, 0x0000000100000000, 0x0000000100000000)
 Metaspace       used 5078K, capacity 5258K, committed 5504K, reserved 1056768K
  class space    used 557K, capacity 597K, committed 640K, reserved 1048576K
}
{Heap before GC invocations=365 (full 41):
 par new generation   total 6144K, used 5235K [0x00000000fec00000, 0x00000000ff2a0000, 0x00000000ff2a0000)
  eden space 5504K,  95% used [0x00000000fec00000, 0x00000000ff11b780, 0x00000000ff160000)
  from space 640K,   0% used [0x00000000ff160000, 0x00000000ff161830, 0x00000000ff200000)
  to   space 640K,   0% used [0x00000000ff200000, 0x00000000ff200000, 0x00000000ff2a0000)
 concurrent mark-sweep generation total 13696K, used 4263K [0x00000000ff2a0000, 0x0000000100000000, 0x0000000100000000)
 Metaspace       used 5078K, capacity 5258K, committed 5504K, reserved 1056768K
  class space    used 557K, capacity 597K, committed 640K, reserved 1048576K
2024-07-16T17:10:16.227+0800: 2.896: [GC (Allocation Failure) 2024-07-16T17:10:16.227+0800: 2.896: [ParNew: 5235K->10K(6144K), 0.0011894 secs] 9499K->5299K(19840K), 0.0012950 secs] [Times: user=0.00 sys=0.00, real=0.00 secs] 
Heap after GC invocations=366 (full 41):
 par new generation   total 6144K, used 10K [0x00000000fec00000, 0x00000000ff2a0000, 0x00000000ff2a0000)
  eden space 5504K,   0% used [0x00000000fec00000, 0x00000000fec00000, 0x00000000ff160000)
  from space 640K,   1% used [0x00000000ff200000, 0x00000000ff202850, 0x00000000ff2a0000)
  to   space 640K,   0% used [0x00000000ff160000, 0x00000000ff160000, 0x00000000ff200000)
 concurrent mark-sweep generation total 13696K, used 5289K [0x00000000ff2a0000, 0x0000000100000000, 0x0000000100000000)
 Metaspace       used 5078K, capacity 5258K, committed 5504K, reserved 1056768K
  class space    used 557K, capacity 597K, committed 640K, reserved 1048576K
}
{Heap before GC invocations=366 (full 41):
 par new generation   total 6144K, used 5239K [0x00000000fec00000, 0x00000000ff2a0000, 0x00000000ff2a0000)
  eden space 5504K,  95% used [0x00000000fec00000, 0x00000000ff11b780, 0x00000000ff160000)
  from space 640K,   1% used [0x00000000ff200000, 0x00000000ff202850, 0x00000000ff2a0000)
  to   space 640K,   0% used [0x00000000ff160000, 0x00000000ff160000, 0x00000000ff200000)
 concurrent mark-sweep generation total 13696K, used 5289K [0x00000000ff2a0000, 0x0000000100000000, 0x0000000100000000)
 Metaspace       used 5078K, capacity 5258K, committed 5504K, reserved 1056768K
  class space    used 557K, capacity 597K, committed 640K, reserved 1048576K
2024-07-16T17:10:16.237+0800: 2.906: [GC (Allocation Failure) 2024-07-16T17:10:16.237+0800: 2.906: [ParNew: 5239K->4K(6144K), 0.0012156 secs] 10529K->5293K(19840K), 0.0013364 secs] [Times: user=0.00 sys=0.00, real=0.00 secs] 
Heap after GC invocations=367 (full 41):
 par new generation   total 6144K, used 4K [0x00000000fec00000, 0x00000000ff2a0000, 0x00000000ff2a0000)
  eden space 5504K,   0% used [0x00000000fec00000, 0x00000000fec00000, 0x00000000ff160000)
  from space 640K,   0% used [0x00000000ff160000, 0x00000000ff161020, 0x00000000ff200000)
  to   space 640K,   0% used [0x00000000ff200000, 0x00000000ff200000, 0x00000000ff2a0000)
 concurrent mark-sweep generation total 13696K, used 5289K [0x00000000ff2a0000, 0x0000000100000000, 0x0000000100000000)
 Metaspace       used 5078K, capacity 5258K, committed 5504K, reserved 1056768K
  class space    used 557K, capacity 597K, committed 640K, reserved 1048576K
}
{Heap before GC invocations=367 (full 41):
 par new generation   total 6144K, used 5233K [0x00000000fec00000, 0x00000000ff2a0000, 0x00000000ff2a0000)
  eden space 5504K,  95% used [0x00000000fec00000, 0x00000000ff11b780, 0x00000000ff160000)
  from space 640K,   0% used [0x00000000ff160000, 0x00000000ff161020, 0x00000000ff200000)
  to   space 640K,   0% used [0x00000000ff200000, 0x00000000ff200000, 0x00000000ff2a0000)
 concurrent mark-sweep generation total 13696K, used 5289K [0x00000000ff2a0000, 0x0000000100000000, 0x0000000100000000)
 Metaspace       used 5078K, capacity 5258K, committed 5504K, reserved 1056768K
  class space    used 557K, capacity 597K, committed 640K, reserved 1048576K
2024-07-16T17:10:16.246+0800: 2.915: [GC (Allocation Failure) 2024-07-16T17:10:16.246+0800: 2.915: [ParNew: 5233K->6K(6144K), 0.0014136 secs] 10523K->6321K(19840K), 0.0015278 secs] [Times: user=0.00 sys=0.00, real=0.00 secs] 
Heap after GC invocations=368 (full 41):
 par new generation   total 6144K, used 6K [0x00000000fec00000, 0x00000000ff2a0000, 0x00000000ff2a0000)
  eden space 5504K,   0% used [0x00000000fec00000, 0x00000000fec00000, 0x00000000ff160000)
  from space 640K,   0% used [0x00000000ff200000, 0x00000000ff201830, 0x00000000ff2a0000)
  to   space 640K,   0% used [0x00000000ff160000, 0x00000000ff160000, 0x00000000ff200000)
 concurrent mark-sweep generation total 13696K, used 6315K [0x00000000ff2a0000, 0x0000000100000000, 0x0000000100000000)
 Metaspace       used 5078K, capacity 5258K, committed 5504K, reserved 1056768K
  class space    used 557K, capacity 597K, committed 640K, reserved 1048576K
}
{Heap before GC invocations=368 (full 41):
 par new generation   total 6144K, used 5235K [0x00000000fec00000, 0x00000000ff2a0000, 0x00000000ff2a0000)
  eden space 5504K,  95% used [0x00000000fec00000, 0x00000000ff11b780, 0x00000000ff160000)
  from space 640K,   0% used [0x00000000ff200000, 0x00000000ff201830, 0x00000000ff2a0000)
  to   space 640K,   0% used [0x00000000ff160000, 0x00000000ff160000, 0x00000000ff200000)
 concurrent mark-sweep generation total 13696K, used 6315K [0x00000000ff2a0000, 0x0000000100000000, 0x0000000100000000)
 Metaspace       used 5078K, capacity 5258K, committed 5504K, reserved 1056768K
  class space    used 557K, capacity 597K, committed 640K, reserved 1048576K
2024-07-16T17:10:16.254+0800: 2.923: [GC (Allocation Failure) 2024-07-16T17:10:16.254+0800: 2.923: [ParNew: 5235K->8K(6144K), 0.0012455 secs] 11551K->7349K(19840K), 0.0013556 secs] [Times: user=0.00 sys=0.00, real=0.00 secs] 
Heap after GC invocations=369 (full 41):
 par new generation   total 6144K, used 8K [0x00000000fec00000, 0x00000000ff2a0000, 0x00000000ff2a0000)
  eden space 5504K,   0% used [0x00000000fec00000, 0x00000000fec00000, 0x00000000ff160000)
  from space 640K,   1% used [0x00000000ff160000, 0x00000000ff162040, 0x00000000ff200000)
  to   space 640K,   0% used [0x00000000ff200000, 0x00000000ff200000, 0x00000000ff2a0000)
 concurrent mark-sweep generation total 13696K, used 7341K [0x00000000ff2a0000, 0x0000000100000000, 0x0000000100000000)
 Metaspace       used 5078K, capacity 5258K, committed 5504K, reserved 1056768K
  class space    used 557K, capacity 597K, committed 640K, reserved 1048576K
}
{Heap before GC invocations=369 (full 41):
 par new generation   total 6144K, used 5237K [0x00000000fec00000, 0x00000000ff2a0000, 0x00000000ff2a0000)
  eden space 5504K,  95% used [0x00000000fec00000, 0x00000000ff11b780, 0x00000000ff160000)
  from space 640K,   1% used [0x00000000ff160000, 0x00000000ff162040, 0x00000000ff200000)
  to   space 640K,   0% used [0x00000000ff200000, 0x00000000ff200000, 0x00000000ff2a0000)
 concurrent mark-sweep generation total 13696K, used 7341K [0x00000000ff2a0000, 0x0000000100000000, 0x0000000100000000)
 Metaspace       used 5078K, capacity 5258K, committed 5504K, reserved 1056768K
  class space    used 557K, capacity 597K, committed 640K, reserved 1048576K
2024-07-16T17:10:16.263+0800: 2.932: [GC (Allocation Failure) 2024-07-16T17:10:16.263+0800: 2.932: [ParNew: 5237K->4K(6144K), 0.0007406 secs] 12579K->7345K(19840K), 0.0008797 secs] [Times: user=0.00 sys=0.00, real=0.00 secs] 
Heap after GC invocations=370 (full 41):
 par new generation   total 6144K, used 4K [0x00000000fec00000, 0x00000000ff2a0000, 0x00000000ff2a0000)
  eden space 5504K,   0% used [0x00000000fec00000, 0x00000000fec00000, 0x00000000ff160000)
  from space 640K,   0% used [0x00000000ff200000, 0x00000000ff201020, 0x00000000ff2a0000)
  to   space 640K,   0% used [0x00000000ff160000, 0x00000000ff160000, 0x00000000ff200000)
 concurrent mark-sweep generation total 13696K, used 7341K [0x00000000ff2a0000, 0x0000000100000000, 0x0000000100000000)
 Metaspace       used 5078K, capacity 5258K, committed 5504K, reserved 1056768K
  class space    used 557K, capacity 597K, committed 640K, reserved 1048576K
}
{Heap before GC invocations=370 (full 41):
 par new generation   total 6144K, used 5233K [0x00000000fec00000, 0x00000000ff2a0000, 0x00000000ff2a0000)
  eden space 5504K,  95% used [0x00000000fec00000, 0x00000000ff11b780, 0x00000000ff160000)
  from space 640K,   0% used [0x00000000ff200000, 0x00000000ff201020, 0x00000000ff2a0000)
  to   space 640K,   0% used [0x00000000ff160000, 0x00000000ff160000, 0x00000000ff200000)
 concurrent mark-sweep generation total 13696K, used 7341K [0x00000000ff2a0000, 0x0000000100000000, 0x0000000100000000)
 Metaspace       used 5078K, capacity 5258K, committed 5504K, reserved 1056768K
  class space    used 557K, capacity 597K, committed 640K, reserved 1048576K
2024-07-16T17:10:16.272+0800: 2.941: [GC (Allocation Failure) 2024-07-16T17:10:16.272+0800: 2.941: [ParNew: 5233K->4K(6144K), 0.0002976 secs] 12575K->7345K(19840K), 0.0003351 secs] [Times: user=0.00 sys=0.00, real=0.00 secs] 
Heap after GC invocations=371 (full 41):
 par new generation   total 6144K, used 4K [0x00000000fec00000, 0x00000000ff2a0000, 0x00000000ff2a0000)
  eden space 5504K,   0% used [0x00000000fec00000, 0x00000000fec00000, 0x00000000ff160000)
  from space 640K,   0% used [0x00000000ff160000, 0x00000000ff161020, 0x00000000ff200000)
  to   space 640K,   0% used [0x00000000ff200000, 0x00000000ff200000, 0x00000000ff2a0000)
 concurrent mark-sweep generation total 13696K, used 7341K [0x00000000ff2a0000, 0x0000000100000000, 0x0000000100000000)
 Metaspace       used 5078K, capacity 5258K, committed 5504K, reserved 1056768K
  class space    used 557K, capacity 597K, committed 640K, reserved 1048576K
}
{Heap before GC invocations=371 (full 41):
 par new generation   total 6144K, used 5233K [0x00000000fec00000, 0x00000000ff2a0000, 0x00000000ff2a0000)
  eden space 5504K,  95% used [0x00000000fec00000, 0x00000000ff11b780, 0x00000000ff160000)
  from space 640K,   0% used [0x00000000ff160000, 0x00000000ff161020, 0x00000000ff200000)
  to   space 640K,   0% used [0x00000000ff200000, 0x00000000ff200000, 0x00000000ff2a0000)
 concurrent mark-sweep generation total 13696K, used 7341K [0x00000000ff2a0000, 0x0000000100000000, 0x0000000100000000)
 Metaspace       used 5078K, capacity 5258K, committed 5504K, reserved 1056768K
  class space    used 557K, capacity 597K, committed 640K, reserved 1048576K
2024-07-16T17:10:16.279+0800: 2.948: [GC (Allocation Failure) 2024-07-16T17:10:16.279+0800: 2.948: [ParNew: 5233K->8K(6144K), 0.0004334 secs] 12575K->8373K(19840K), 0.0004750 secs] [Times: user=0.00 sys=0.00, real=0.00 secs] 
Heap after GC invocations=372 (full 41):
 par new generation   total 6144K, used 8K [0x00000000fec00000, 0x00000000ff2a0000, 0x00000000ff2a0000)
  eden space 5504K,   0% used [0x00000000fec00000, 0x00000000fec00000, 0x00000000ff160000)
  from space 640K,   1% used [0x00000000ff200000, 0x00000000ff202040, 0x00000000ff2a0000)
  to   space 640K,   0% used [0x00000000ff160000, 0x00000000ff160000, 0x00000000ff200000)
 concurrent mark-sweep generation total 13696K, used 8365K [0x00000000ff2a0000, 0x0000000100000000, 0x0000000100000000)
 Metaspace       used 5078K, capacity 5258K, committed 5504K, reserved 1056768K
  class space    used 557K, capacity 597K, committed 640K, reserved 1048576K
}
{Heap before GC invocations=372 (full 41):
 par new generation   total 6144K, used 5237K [0x00000000fec00000, 0x00000000ff2a0000, 0x00000000ff2a0000)
  eden space 5504K,  95% used [0x00000000fec00000, 0x00000000ff11b780, 0x00000000ff160000)
  from space 640K,   1% used [0x00000000ff200000, 0x00000000ff202040, 0x00000000ff2a0000)
  to   space 640K,   0% used [0x00000000ff160000, 0x00000000ff160000, 0x00000000ff200000)
 concurrent mark-sweep generation total 13696K, used 8365K [0x00000000ff2a0000, 0x0000000100000000, 0x0000000100000000)
 Metaspace       used 5078K, capacity 5258K, committed 5504K, reserved 1056768K
  class space    used 557K, capacity 597K, committed 640K, reserved 1048576K
2024-07-16T17:10:16.286+0800: 2.955: [GC (Allocation Failure) 2024-07-16T17:10:16.286+0800: 2.955: [ParNew: 5237K->8K(6144K), 0.0003841 secs] 13603K->9397K(19840K), 0.0004293 secs] [Times: user=0.00 sys=0.00, real=0.00 secs] 
Heap after GC invocations=373 (full 41):
 par new generation   total 6144K, used 8K [0x00000000fec00000, 0x00000000ff2a0000, 0x00000000ff2a0000)
  eden space 5504K,   0% used [0x00000000fec00000, 0x00000000fec00000, 0x00000000ff160000)
  from space 640K,   1% used [0x00000000ff160000, 0x00000000ff162040, 0x00000000ff200000)
  to   space 640K,   0% used [0x00000000ff200000, 0x00000000ff200000, 0x00000000ff2a0000)
 concurrent mark-sweep generation total 13696K, used 9389K [0x00000000ff2a0000, 0x0000000100000000, 0x0000000100000000)
 Metaspace       used 5078K, capacity 5258K, committed 5504K, reserved 1056768K
  class space    used 557K, capacity 597K, committed 640K, reserved 1048576K
}
{Heap before GC invocations=373 (full 41):
 par new generation   total 6144K, used 5237K [0x00000000fec00000, 0x00000000ff2a0000, 0x00000000ff2a0000)
  eden space 5504K,  95% used [0x00000000fec00000, 0x00000000ff11b780, 0x00000000ff160000)
  from space 640K,   1% used [0x00000000ff160000, 0x00000000ff162040, 0x00000000ff200000)
  to   space 640K,   0% used [0x00000000ff200000, 0x00000000ff200000, 0x00000000ff2a0000)
 concurrent mark-sweep generation total 13696K, used 9389K [0x00000000ff2a0000, 0x0000000100000000, 0x0000000100000000)
 Metaspace       used 5078K, capacity 5258K, committed 5504K, reserved 1056768K
  class space    used 557K, capacity 597K, committed 640K, reserved 1048576K
2024-07-16T17:10:16.293+0800: 2.962: [GC (Allocation Failure) 2024-07-16T17:10:16.293+0800: 2.962: [ParNew: 5237K->6K(6144K), 0.0004094 secs] 14627K->10421K(19840K), 0.0004709 secs] [Times: user=0.00 sys=0.00, real=0.00 secs] 
Heap after GC invocations=374 (full 41):
 par new generation   total 6144K, used 6K [0x00000000fec00000, 0x00000000ff2a0000, 0x00000000ff2a0000)
  eden space 5504K,   0% used [0x00000000fec00000, 0x00000000fec00000, 0x00000000ff160000)
  from space 640K,   0% used [0x00000000ff200000, 0x00000000ff201830, 0x00000000ff2a0000)
  to   space 640K,   0% used [0x00000000ff160000, 0x00000000ff160000, 0x00000000ff200000)
 concurrent mark-sweep generation total 13696K, used 10415K [0x00000000ff2a0000, 0x0000000100000000, 0x0000000100000000)
 Metaspace       used 5078K, capacity 5258K, committed 5504K, reserved 1056768K
  class space    used 557K, capacity 597K, committed 640K, reserved 1048576K
}
{Heap before GC invocations=374 (full 41):
 par new generation   total 6144K, used 5235K [0x00000000fec00000, 0x00000000ff2a0000, 0x00000000ff2a0000)
  eden space 5504K,  95% used [0x00000000fec00000, 0x00000000ff11b780, 0x00000000ff160000)
  from space 640K,   0% used [0x00000000ff200000, 0x00000000ff201830, 0x00000000ff2a0000)
  to   space 640K,   0% used [0x00000000ff160000, 0x00000000ff160000, 0x00000000ff200000)
 concurrent mark-sweep generation total 13696K, used 10415K [0x00000000ff2a0000, 0x0000000100000000, 0x0000000100000000)
 Metaspace       used 5078K, capacity 5258K, committed 5504K, reserved 1056768K
  class space    used 557K, capacity 597K, committed 640K, reserved 1048576K
2024-07-16T17:10:16.299+0800: 2.968: [GC (Allocation Failure) 2024-07-16T17:10:16.299+0800: 2.968: [ParNew: 5235K->10K(6144K), 0.0004910 secs] 15651K->11451K(19840K), 0.0005870 secs] [Times: user=0.00 sys=0.00, real=0.00 secs] 
Heap after GC invocations=375 (full 41):
 par new generation   total 6144K, used 10K [0x00000000fec00000, 0x00000000ff2a0000, 0x00000000ff2a0000)
  eden space 5504K,   0% used [0x00000000fec00000, 0x00000000fec00000, 0x00000000ff160000)
  from space 640K,   1% used [0x00000000ff160000, 0x00000000ff162850, 0x00000000ff200000)
  to   space 640K,   0% used [0x00000000ff200000, 0x00000000ff200000, 0x00000000ff2a0000)
 concurrent mark-sweep generation total 13696K, used 11441K [0x00000000ff2a0000, 0x0000000100000000, 0x0000000100000000)
 Metaspace       used 5078K, capacity 5258K, committed 5504K, reserved 1056768K
  class space    used 557K, capacity 597K, committed 640K, reserved 1048576K
}
2024-07-16T17:10:16.300+0800: 2.969: [GC (CMS Initial Mark) [1 CMS-initial-mark: 11441K(13696K)] 12475K(19840K), 0.0001358 secs] [Times: user=0.00 sys=0.00, real=0.00 secs] 
2024-07-16T17:10:16.300+0800: 2.969: [CMS-concurrent-mark-start]
2024-07-16T17:10:16.303+0800: 2.973: [CMS-concurrent-mark: 0.004/0.004 secs] [Times: user=0.00 sys=0.00, real=0.00 secs] 
2024-07-16T17:10:16.303+0800: 2.973: [CMS-concurrent-preclean-start]
2024-07-16T17:10:16.304+0800: 2.973: [CMS-concurrent-preclean: 0.000/0.000 secs] [Times: user=0.00 sys=0.00, real=0.00 secs] 
2024-07-16T17:10:16.304+0800: 2.973: [CMS-concurrent-abortable-preclean-start]
{Heap before GC invocations=375 (full 42):
 par new generation   total 6144K, used 5239K [0x00000000fec00000, 0x00000000ff2a0000, 0x00000000ff2a0000)
  eden space 5504K,  95% used [0x00000000fec00000, 0x00000000ff11b780, 0x00000000ff160000)
  from space 640K,   1% used [0x00000000ff160000, 0x00000000ff162850, 0x00000000ff200000)
  to   space 640K,   0% used [0x00000000ff200000, 0x00000000ff200000, 0x00000000ff2a0000)
 concurrent mark-sweep generation total 13696K, used 11441K [0x00000000ff2a0000, 0x0000000100000000, 0x0000000100000000)
 Metaspace       used 5078K, capacity 5258K, committed 5504K, reserved 1056768K
  class space    used 557K, capacity 597K, committed 640K, reserved 1048576K
2024-07-16T17:10:16.307+0800: 2.976: [GC (Allocation Failure) 2024-07-16T17:10:16.307+0800: 2.976: [ParNew: 5239K->6K(6144K), 0.0004432 secs] 16681K->12473K(19840K), 0.0004891 secs] [Times: user=0.00 sys=0.00, real=0.00 secs] 
Heap after GC invocations=376 (full 42):
 par new generation   total 6144K, used 6K [0x00000000fec00000, 0x00000000ff2a0000, 0x00000000ff2a0000)
  eden space 5504K,   0% used [0x00000000fec00000, 0x00000000fec00000, 0x00000000ff160000)
  from space 640K,   0% used [0x00000000ff200000, 0x00000000ff201830, 0x00000000ff2a0000)
  to   space 640K,   0% used [0x00000000ff160000, 0x00000000ff160000, 0x00000000ff200000)
 concurrent mark-sweep generation total 13696K, used 12467K [0x00000000ff2a0000, 0x0000000100000000, 0x0000000100000000)
 Metaspace       used 5078K, capacity 5258K, committed 5504K, reserved 1056768K
  class space    used 557K, capacity 597K, committed 640K, reserved 1048576K
}
{Heap before GC invocations=376 (full 42):
 par new generation   total 6144K, used 5235K [0x00000000fec00000, 0x00000000ff2a0000, 0x00000000ff2a0000)
  eden space 5504K,  95% used [0x00000000fec00000, 0x00000000ff11b780, 0x00000000ff160000)
  from space 640K,   0% used [0x00000000ff200000, 0x00000000ff201830, 0x00000000ff2a0000)
  to   space 640K,   0% used [0x00000000ff160000, 0x00000000ff160000, 0x00000000ff200000)
 concurrent mark-sweep generation total 13696K, used 12467K [0x00000000ff2a0000, 0x0000000100000000, 0x0000000100000000)
 Metaspace       used 5078K, capacity 5258K, committed 5504K, reserved 1056768K
  class space    used 557K, capacity 597K, committed 640K, reserved 1048576K
2024-07-16T17:10:16.314+0800: 2.983: [GC (Allocation Failure) 2024-07-16T17:10:16.314+0800: 2.983: [ParNew: 5235K->14K(6144K), 0.0003113 secs] 17703K->12482K(19840K), 0.0003476 secs] [Times: user=0.00 sys=0.00, real=0.00 secs] 
Heap after GC invocations=377 (full 42):
 par new generation   total 6144K, used 14K [0x00000000fec00000, 0x00000000ff2a0000, 0x00000000ff2a0000)
  eden space 5504K,   0% used [0x00000000fec00000, 0x00000000fec00000, 0x00000000ff160000)
  from space 640K,   2% used [0x00000000ff160000, 0x00000000ff163b90, 0x00000000ff200000)
  to   space 640K,   0% used [0x00000000ff200000, 0x00000000ff200000, 0x00000000ff2a0000)
 concurrent mark-sweep generation total 13696K, used 12467K [0x00000000ff2a0000, 0x0000000100000000, 0x0000000100000000)
 Metaspace       used 5078K, capacity 5258K, committed 5504K, reserved 1056768K
  class space    used 557K, capacity 597K, committed 640K, reserved 1048576K
}
{Heap before GC invocations=377 (full 42):
 par new generation   total 6144K, used 5244K [0x00000000fec00000, 0x00000000ff2a0000, 0x00000000ff2a0000)
  eden space 5504K,  95% used [0x00000000fec00000, 0x00000000ff11b780, 0x00000000ff160000)
  from space 640K,   2% used [0x00000000ff160000, 0x00000000ff163b90, 0x00000000ff200000)
  to   space 640K,   0% used [0x00000000ff200000, 0x00000000ff200000, 0x00000000ff2a0000)
 concurrent mark-sweep generation total 13696K, used 12467K [0x00000000ff2a0000, 0x0000000100000000, 0x0000000100000000)
 Metaspace       used 5078K, capacity 5258K, committed 5504K, reserved 1056768K
  class space    used 557K, capacity 597K, committed 640K, reserved 1048576K
2024-07-16T17:10:16.320+0800: 2.989: [GC (Allocation Failure) 2024-07-16T17:10:16.320+0800: 2.989: [ParNew: 5244K->14K(6144K), 0.0010246 secs] 17712K->13506K(19840K), 0.0011148 secs] [Times: user=0.00 sys=0.00, real=0.00 secs] 
Heap after GC invocations=378 (full 42):
 par new generation   total 6144K, used 14K [0x00000000fec00000, 0x00000000ff2a0000, 0x00000000ff2a0000)
  eden space 5504K,   0% used [0x00000000fec00000, 0x00000000fec00000, 0x00000000ff160000)
  from space 640K,   2% used [0x00000000ff200000, 0x00000000ff203b90, 0x00000000ff2a0000)
  to   space 640K,   0% used [0x00000000ff160000, 0x00000000ff160000, 0x00000000ff200000)
 concurrent mark-sweep generation total 13696K, used 13491K [0x00000000ff2a0000, 0x0000000100000000, 0x0000000100000000)
 Metaspace       used 5078K, capacity 5258K, committed 5504K, reserved 1056768K
  class space    used 557K, capacity 597K, committed 640K, reserved 1048576K
}
2024-07-16T17:10:16.321+0800: 2.990: [CMS-concurrent-abortable-preclean: 0.000/0.017 secs] [Times: user=0.00 sys=0.00, real=0.02 secs] 
2024-07-16T17:10:16.321+0800: 2.991: [GC (CMS Final Remark) [YG occupancy: 1148 K (6144 K)]{Heap before GC invocations=378 (full 42):
 par new generation   total 6144K, used 1148K [0x00000000fec00000, 0x00000000ff2a0000, 0x00000000ff2a0000)
  eden space 5504K,  20% used [0x00000000fec00000, 0x00000000fed1b790, 0x00000000ff160000)
  from space 640K,   2% used [0x00000000ff200000, 0x00000000ff203b90, 0x00000000ff2a0000)
  to   space 640K,   0% used [0x00000000ff160000, 0x00000000ff160000, 0x00000000ff200000)
 concurrent mark-sweep generation total 13696K, used 13491K [0x00000000ff2a0000, 0x0000000100000000, 0x0000000100000000)
 Metaspace       used 5078K, capacity 5258K, committed 5504K, reserved 1056768K
  class space    used 557K, capacity 597K, committed 640K, reserved 1048576K
2024-07-16T17:10:16.321+0800: 2.991: [GC (CMS Final Remark) 2024-07-16T17:10:16.321+0800: 2.991: [ParNew: 1148K->1148K(6144K), 0.0000356 secs] 14640K->14640K(19840K), 0.0001017 secs] [Times: user=0.00 sys=0.00, real=0.00 secs] 
Heap after GC invocations=379 (full 42):
 par new generation   total 6144K, used 1148K [0x00000000fec00000, 0x00000000ff2a0000, 0x00000000ff2a0000)
  eden space 5504K,  20% used [0x00000000fec00000, 0x00000000fed1b790, 0x00000000ff160000)
  from space 640K,   2% used [0x00000000ff200000, 0x00000000ff203b90, 0x00000000ff2a0000)
  to   space 640K,   0% used [0x00000000ff160000, 0x00000000ff160000, 0x00000000ff200000)
 concurrent mark-sweep generation total 13696K, used 13491K [0x00000000ff2a0000, 0x0000000100000000, 0x0000000100000000)
 Metaspace       used 5078K, capacity 5258K, committed 5504K, reserved 1056768K
  class space    used 557K, capacity 597K, committed 640K, reserved 1048576K
}
2024-07-16T17:10:16.321+0800: 2.991: [Rescan (parallel) , 0.0002425 secs]2024-07-16T17:10:16.322+0800: 2.991: [weak refs processing, 0.0000139 secs]2024-07-16T17:10:16.322+0800: 2.991: [class unloading, 0.0003554 secs]2024-07-16T17:10:16.323+0800: 2.992: [scrub symbol table, 0.0003770 secs]2024-07-16T17:10:16.323+0800: 2.992: [scrub string table, 0.0001155 secs][1 CMS-remark: 13491K(13696K)] 14640K(19840K), 0.0014193 secs] [Times: user=0.00 sys=0.00, real=0.00 secs] 
2024-07-16T17:10:16.324+0800: 2.992: [CMS-concurrent-sweep-start]
2024-07-16T17:10:16.324+0800: 2.992: [CMS-concurrent-sweep: 0.000/0.000 secs] [Times: user=0.00 sys=0.00, real=0.00 secs] 
2024-07-16T17:10:16.324+0800: 2.992: [CMS-concurrent-reset-start]
2024-07-16T17:10:16.324+0800: 2.992: [CMS-concurrent-reset: 0.000/0.000 secs] [Times: user=0.00 sys=0.00, real=0.00 secs] 
{Heap before GC invocations=379 (full 42):
 par new generation   total 6144K, used 5354K [0x00000000fec00000, 0x00000000ff2a0000, 0x00000000ff2a0000)
  eden space 5504K,  97% used [0x00000000fec00000, 0x00000000ff136f50, 0x00000000ff160000)
  from space 640K,   2% used [0x00000000ff200000, 0x00000000ff203b90, 0x00000000ff2a0000)
  to   space 640K,   0% used [0x00000000ff160000, 0x00000000ff160000, 0x00000000ff200000)
 concurrent mark-sweep generation total 13696K, used 3251K [0x00000000ff2a0000, 0x0000000100000000, 0x0000000100000000)
 Metaspace       used 5078K, capacity 5258K, committed 5504K, reserved 1056768K
  class space    used 557K, capacity 597K, committed 640K, reserved 1048576K
2024-07-16T17:10:16.331+0800: 2.999: [GC (Allocation Failure) 2024-07-16T17:10:16.331+0800: 2.999: [ParNew: 5354K->14K(6144K), 0.0004900 secs] 8606K->3266K(19840K), 0.0005501 secs] [Times: user=0.00 sys=0.00, real=0.00 secs] 
Heap after GC invocations=380 (full 42):
 par new generation   total 6144K, used 14K [0x00000000fec00000, 0x00000000ff2a0000, 0x00000000ff2a0000)
  eden space 5504K,   0% used [0x00000000fec00000, 0x00000000fec00000, 0x00000000ff160000)
  from space 640K,   2% used [0x00000000ff160000, 0x00000000ff163b90, 0x00000000ff200000)
  to   space 640K,   0% used [0x00000000ff200000, 0x00000000ff200000, 0x00000000ff2a0000)
 concurrent mark-sweep generation total 13696K, used 3251K [0x00000000ff2a0000, 0x0000000100000000, 0x0000000100000000)
 Metaspace       used 5078K, capacity 5258K, committed 5504K, reserved 1056768K
  class space    used 557K, capacity 597K, committed 640K, reserved 1048576K
}
{Heap before GC invocations=380 (full 42):
 par new generation   total 6144K, used 5229K [0x00000000fec00000, 0x00000000ff2a0000, 0x00000000ff2a0000)
  eden space 5504K,  94% used [0x00000000fec00000, 0x00000000ff117978, 0x00000000ff160000)
  from space 640K,   2% used [0x00000000ff160000, 0x00000000ff163b90, 0x00000000ff200000)
  to   space 640K,   0% used [0x00000000ff200000, 0x00000000ff200000, 0x00000000ff2a0000)
 concurrent mark-sweep generation total 13696K, used 3251K [0x00000000ff2a0000, 0x0000000100000000, 0x0000000100000000)
 Metaspace       used 5078K, capacity 5258K, committed 5504K, reserved 1056768K
  class space    used 557K, capacity 597K, committed 640K, reserved 1048576K
2024-07-16T17:10:16.337+0800: 3.005: [GC (Allocation Failure) 2024-07-16T17:10:16.337+0800: 3.005: [ParNew: 5229K->20K(6144K), 0.0011175 secs] 8480K->4296K(19840K), 0.0011896 secs] [Times: user=0.00 sys=0.00, real=0.00 secs] 
Heap after GC invocations=381 (full 42):
 par new generation   total 6144K, used 20K [0x00000000fec00000, 0x00000000ff2a0000, 0x00000000ff2a0000)
  eden space 5504K,   0% used [0x00000000fec00000, 0x00000000fec00000, 0x00000000ff160000)
  from space 640K,   3% used [0x00000000ff200000, 0x00000000ff2053c0, 0x00000000ff2a0000)
  to   space 640K,   0% used [0x00000000ff160000, 0x00000000ff160000, 0x00000000ff200000)
 concurrent mark-sweep generation total 13696K, used 4275K [0x00000000ff2a0000, 0x0000000100000000, 0x0000000100000000)
 Metaspace       used 5078K, capacity 5258K, committed 5504K, reserved 1056768K
  class space    used 557K, capacity 597K, committed 640K, reserved 1048576K
}
{Heap before GC invocations=381 (full 42):
 par new generation   total 6144K, used 5241K [0x00000000fec00000, 0x00000000ff2a0000, 0x00000000ff2a0000)
  eden space 5504K,  94% used [0x00000000fec00000, 0x00000000ff119260, 0x00000000ff160000)
  from space 640K,   3% used [0x00000000ff200000, 0x00000000ff2053c0, 0x00000000ff2a0000)
  to   space 640K,   0% used [0x00000000ff160000, 0x00000000ff160000, 0x00000000ff200000)
 concurrent mark-sweep generation total 13696K, used 4275K [0x00000000ff2a0000, 0x0000000100000000, 0x0000000100000000)
 Metaspace       used 5078K, capacity 5258K, committed 5504K, reserved 1056768K
  class space    used 557K, capacity 597K, committed 640K, reserved 1048576K
2024-07-16T17:10:16.344+0800: 3.012: [GC (Allocation Failure) 2024-07-16T17:10:16.344+0800: 3.012: [ParNew: 5241K->18K(6144K), 0.0010047 secs] 9516K->5320K(19840K), 0.0010774 secs] [Times: user=0.00 sys=0.00, real=0.00 secs] 
Heap after GC invocations=382 (full 42):
 par new generation   total 6144K, used 18K [0x00000000fec00000, 0x00000000ff2a0000, 0x00000000ff2a0000)
  eden space 5504K,   0% used [0x00000000fec00000, 0x00000000fec00000, 0x00000000ff160000)
  from space 640K,   2% used [0x00000000ff160000, 0x00000000ff164bb0, 0x00000000ff200000)
  to   space 640K,   0% used [0x00000000ff200000, 0x00000000ff200000, 0x00000000ff2a0000)
 concurrent mark-sweep generation total 13696K, used 5301K [0x00000000ff2a0000, 0x0000000100000000, 0x0000000100000000)
 Metaspace       used 5078K, capacity 5258K, committed 5504K, reserved 1056768K
  class space    used 557K, capacity 597K, committed 640K, reserved 1048576K
}
{Heap before GC invocations=382 (full 42):
 par new generation   total 6144K, used 5242K [0x00000000fec00000, 0x00000000ff2a0000, 0x00000000ff2a0000)
  eden space 5504K,  94% used [0x00000000fec00000, 0x00000000ff119fa8, 0x00000000ff160000)
  from space 640K,   2% used [0x00000000ff160000, 0x00000000ff164bb0, 0x00000000ff200000)
  to   space 640K,   0% used [0x00000000ff200000, 0x00000000ff200000, 0x00000000ff2a0000)
 concurrent mark-sweep generation total 13696K, used 5301K [0x00000000ff2a0000, 0x0000000100000000, 0x0000000100000000)
 Metaspace       used 5078K, capacity 5258K, committed 5504K, reserved 1056768K
  class space    used 557K, capacity 597K, committed 640K, reserved 1048576K
2024-07-16T17:10:16.353+0800: 3.021: [GC (Allocation Failure) 2024-07-16T17:10:16.353+0800: 3.021: [ParNew: 5242K->18K(6144K), 0.0014361 secs] 10544K->6344K(19840K), 0.0015094 secs] [Times: user=0.00 sys=0.00, real=0.00 secs] 
Heap after GC invocations=383 (full 42):
 par new generation   total 6144K, used 18K [0x00000000fec00000, 0x00000000ff2a0000, 0x00000000ff2a0000)
  eden space 5504K,   0% used [0x00000000fec00000, 0x00000000fec00000, 0x00000000ff160000)
  from space 640K,   2% used [0x00000000ff200000, 0x00000000ff204bb0, 0x00000000ff2a0000)
  to   space 640K,   0% used [0x00000000ff160000, 0x00000000ff160000, 0x00000000ff200000)
 concurrent mark-sweep generation total 13696K, used 6325K [0x00000000ff2a0000, 0x0000000100000000, 0x0000000100000000)
 Metaspace       used 5078K, capacity 5258K, committed 5504K, reserved 1056768K
  class space    used 557K, capacity 597K, committed 640K, reserved 1048576K
}
{Heap before GC invocations=383 (full 42):
 par new generation   total 6144K, used 5244K [0x00000000fec00000, 0x00000000ff2a0000, 0x00000000ff2a0000)
  eden space 5504K,  94% used [0x00000000fec00000, 0x00000000ff11a828, 0x00000000ff160000)
  from space 640K,   2% used [0x00000000ff200000, 0x00000000ff204bb0, 0x00000000ff2a0000)
  to   space 640K,   0% used [0x00000000ff160000, 0x00000000ff160000, 0x00000000ff200000)
 concurrent mark-sweep generation total 13696K, used 6325K [0x00000000ff2a0000, 0x0000000100000000, 0x0000000100000000)
 Metaspace       used 5078K, capacity 5258K, committed 5504K, reserved 1056768K
  class space    used 557K, capacity 597K, committed 640K, reserved 1048576K
2024-07-16T17:10:16.360+0800: 3.028: [GC (Allocation Failure) 2024-07-16T17:10:16.360+0800: 3.028: [ParNew: 5244K->10K(6144K), 0.0012085 secs] 11570K->7372K(19840K), 0.0014322 secs] [Times: user=0.00 sys=0.00, real=0.00 secs] 
Heap after GC invocations=384 (full 42):
 par new generation   total 6144K, used 10K [0x00000000fec00000, 0x00000000ff2a0000, 0x00000000ff2a0000)
  eden space 5504K,   0% used [0x00000000fec00000, 0x00000000fec00000, 0x00000000ff160000)
  from space 640K,   1% used [0x00000000ff160000, 0x00000000ff162850, 0x00000000ff200000)
  to   space 640K,   0% used [0x00000000ff200000, 0x00000000ff200000, 0x00000000ff2a0000)
 concurrent mark-sweep generation total 13696K, used 7362K [0x00000000ff2a0000, 0x0000000100000000, 0x0000000100000000)
 Metaspace       used 5078K, capacity 5258K, committed 5504K, reserved 1056768K
  class space    used 557K, capacity 597K, committed 640K, reserved 1048576K
}
{Heap before GC invocations=384 (full 42):
 par new generation   total 6144K, used 5237K [0x00000000fec00000, 0x00000000ff2a0000, 0x00000000ff2a0000)
  eden space 5504K,  94% used [0x00000000fec00000, 0x00000000ff11ada0, 0x00000000ff160000)
  from space 640K,   1% used [0x00000000ff160000, 0x00000000ff162850, 0x00000000ff200000)
  to   space 640K,   0% used [0x00000000ff200000, 0x00000000ff200000, 0x00000000ff2a0000)
 concurrent mark-sweep generation total 13696K, used 7362K [0x00000000ff2a0000, 0x0000000100000000, 0x0000000100000000)
 Metaspace       used 5078K, capacity 5258K, committed 5504K, reserved 1056768K
  class space    used 557K, capacity 597K, committed 640K, reserved 1048576K
2024-07-16T17:10:16.368+0800: 3.036: [GC (Allocation Failure) 2024-07-16T17:10:16.368+0800: 3.036: [ParNew: 5237K->10K(6144K), 0.0010528 secs] 12599K->8396K(19840K), 0.0011640 secs] [Times: user=0.00 sys=0.00, real=0.00 secs] 
Heap after GC invocations=385 (full 42):
 par new generation   total 6144K, used 10K [0x00000000fec00000, 0x00000000ff2a0000, 0x00000000ff2a0000)
  eden space 5504K,   0% used [0x00000000fec00000, 0x00000000fec00000, 0x00000000ff160000)
  from space 640K,   1% used [0x00000000ff200000, 0x00000000ff202850, 0x00000000ff2a0000)
  to   space 640K,   0% used [0x00000000ff160000, 0x00000000ff160000, 0x00000000ff200000)
 concurrent mark-sweep generation total 13696K, used 8386K [0x00000000ff2a0000, 0x0000000100000000, 0x0000000100000000)
 Metaspace       used 5078K, capacity 5258K, committed 5504K, reserved 1056768K
  class space    used 557K, capacity 597K, committed 640K, reserved 1048576K
}
{Heap before GC invocations=385 (full 42):
 par new generation   total 6144K, used 5238K [0x00000000fec00000, 0x00000000ff2a0000, 0x00000000ff2a0000)
  eden space 5504K,  94% used [0x00000000fec00000, 0x00000000ff11b128, 0x00000000ff160000)
  from space 640K,   1% used [0x00000000ff200000, 0x00000000ff202850, 0x00000000ff2a0000)
  to   space 640K,   0% used [0x00000000ff160000, 0x00000000ff160000, 0x00000000ff200000)
 concurrent mark-sweep generation total 13696K, used 8386K [0x00000000ff2a0000, 0x0000000100000000, 0x0000000100000000)
 Metaspace       used 5078K, capacity 5258K, committed 5504K, reserved 1056768K
  class space    used 557K, capacity 597K, committed 640K, reserved 1048576K
2024-07-16T17:10:16.377+0800: 3.045: [GC (Allocation Failure) 2024-07-16T17:10:16.377+0800: 3.045: [ParNew: 5238K->10K(6144K), 0.0009712 secs] 13624K->9420K(19840K), 0.0010421 secs] [Times: user=0.00 sys=0.01, real=0.00 secs] 
Heap after GC invocations=386 (full 42):
 par new generation   total 6144K, used 10K [0x00000000fec00000, 0x00000000ff2a0000, 0x00000000ff2a0000)
  eden space 5504K,   0% used [0x00000000fec00000, 0x00000000fec00000, 0x00000000ff160000)
  from space 640K,   1% used [0x00000000ff160000, 0x00000000ff162850, 0x00000000ff200000)
  to   space 640K,   0% used [0x00000000ff200000, 0x00000000ff200000, 0x00000000ff2a0000)
 concurrent mark-sweep generation total 13696K, used 9410K [0x00000000ff2a0000, 0x0000000100000000, 0x0000000100000000)
 Metaspace       used 5078K, capacity 5258K, committed 5504K, reserved 1056768K
  class space    used 557K, capacity 597K, committed 640K, reserved 1048576K
}
{Heap before GC invocations=386 (full 42):
 par new generation   total 6144K, used 5238K [0x00000000fec00000, 0x00000000ff2a0000, 0x00000000ff2a0000)
  eden space 5504K,  95% used [0x00000000fec00000, 0x00000000ff11b368, 0x00000000ff160000)
  from space 640K,   1% used [0x00000000ff160000, 0x00000000ff162850, 0x00000000ff200000)
  to   space 640K,   0% used [0x00000000ff200000, 0x00000000ff200000, 0x00000000ff2a0000)
 concurrent mark-sweep generation total 13696K, used 9410K [0x00000000ff2a0000, 0x0000000100000000, 0x0000000100000000)
 Metaspace       used 5078K, capacity 5258K, committed 5504K, reserved 1056768K
  class space    used 557K, capacity 597K, committed 640K, reserved 1048576K
2024-07-16T17:10:16.385+0800: 3.053: [GC (Allocation Failure) 2024-07-16T17:10:16.385+0800: 3.053: [ParNew: 5238K->8K(6144K), 0.0008200 secs] 14649K->10442K(19840K), 0.0009505 secs] [Times: user=0.00 sys=0.00, real=0.00 secs] 
Heap after GC invocations=387 (full 42):
 par new generation   total 6144K, used 8K [0x00000000fec00000, 0x00000000ff2a0000, 0x00000000ff2a0000)
  eden space 5504K,   0% used [0x00000000fec00000, 0x00000000fec00000, 0x00000000ff160000)
  from space 640K,   1% used [0x00000000ff200000, 0x00000000ff202040, 0x00000000ff2a0000)
  to   space 640K,   0% used [0x00000000ff160000, 0x00000000ff160000, 0x00000000ff200000)
 concurrent mark-sweep generation total 13696K, used 10434K [0x00000000ff2a0000, 0x0000000100000000, 0x0000000100000000)
 Metaspace       used 5078K, capacity 5258K, committed 5504K, reserved 1056768K
  class space    used 557K, capacity 597K, committed 640K, reserved 1048576K
}
2024-07-16T17:10:16.386+0800: 3.055: [GC (CMS Initial Mark) [1 CMS-initial-mark: 10434K(13696K)] 11468K(19840K), 0.0002697 secs] [Times: user=0.00 sys=0.00, real=0.00 secs] 
2024-07-16T17:10:16.386+0800: 3.055: [CMS-concurrent-mark-start]
2024-07-16T17:10:16.388+0800: 3.057: [CMS-concurrent-mark: 0.002/0.002 secs] [Times: user=0.00 sys=0.00, real=0.00 secs] 
2024-07-16T17:10:16.388+0800: 3.057: [CMS-concurrent-preclean-start]
2024-07-16T17:10:16.388+0800: 3.057: [CMS-concurrent-preclean: 0.000/0.000 secs] [Times: user=0.00 sys=0.00, real=0.00 secs] 
2024-07-16T17:10:16.388+0800: 3.057: [CMS-concurrent-abortable-preclean-start]
{Heap before GC invocations=387 (full 43):
 par new generation   total 6144K, used 5237K [0x00000000fec00000, 0x00000000ff2a0000, 0x00000000ff2a0000)
  eden space 5504K,  95% used [0x00000000fec00000, 0x00000000ff11b4e0, 0x00000000ff160000)
  from space 640K,   1% used [0x00000000ff200000, 0x00000000ff202040, 0x00000000ff2a0000)
  to   space 640K,   0% used [0x00000000ff160000, 0x00000000ff160000, 0x00000000ff200000)
 concurrent mark-sweep generation total 13696K, used 10434K [0x00000000ff2a0000, 0x0000000100000000, 0x0000000100000000)
 Metaspace       used 5078K, capacity 5258K, committed 5504K, reserved 1056768K
  class space    used 557K, capacity 597K, committed 640K, reserved 1048576K
2024-07-16T17:10:16.393+0800: 3.061: [GC (Allocation Failure) 2024-07-16T17:10:16.393+0800: 3.061: [ParNew (promotion failed): 5237K->5237K(6144K), 0.0004154 secs]2024-07-16T17:10:16.393+0800: 3.062: [CMS2024-07-16T17:10:16.393+0800: 3.062: [CMS-concurrent-abortable-preclean: 0.000/0.005 secs] [Times: user=0.00 sys=0.00, real=0.00 secs] 
 (concurrent mode failure): 10434K->2214K(13696K), 0.0048907 secs] 15671K->2214K(19840K), [Metaspace: 5078K->5078K(1056768K)], 0.0053689 secs] [Times: user=0.00 sys=0.00, real=0.01 secs] 
Heap after GC invocations=388 (full 44):
 par new generation   total 6144K, used 0K [0x00000000fec00000, 0x00000000ff2a0000, 0x00000000ff2a0000)
  eden space 5504K,   0% used [0x00000000fec00000, 0x00000000fec00000, 0x00000000ff160000)
  from space 640K,   0% used [0x00000000ff160000, 0x00000000ff160000, 0x00000000ff200000)
  to   space 640K,   0% used [0x00000000ff200000, 0x00000000ff200000, 0x00000000ff2a0000)
 concurrent mark-sweep generation total 13696K, used 2214K [0x00000000ff2a0000, 0x0000000100000000, 0x0000000100000000)
 Metaspace       used 5078K, capacity 5258K, committed 5504K, reserved 1056768K
  class space    used 557K, capacity 597K, committed 640K, reserved 1048576K
}
{Heap before GC invocations=388 (full 44):
 par new generation   total 6144K, used 5229K [0x00000000fec00000, 0x00000000ff2a0000, 0x00000000ff2a0000)
  eden space 5504K,  95% used [0x00000000fec00000, 0x00000000ff11b5d0, 0x00000000ff160000)
  from space 640K,   0% used [0x00000000ff160000, 0x00000000ff160000, 0x00000000ff200000)
  to   space 640K,   0% used [0x00000000ff200000, 0x00000000ff200000, 0x00000000ff2a0000)
 concurrent mark-sweep generation total 13696K, used 2214K [0x00000000ff2a0000, 0x0000000100000000, 0x0000000100000000)
 Metaspace       used 5078K, capacity 5258K, committed 5504K, reserved 1056768K
  class space    used 557K, capacity 597K, committed 640K, reserved 1048576K
2024-07-16T17:10:16.406+0800: 3.074: [GC (Allocation Failure) 2024-07-16T17:10:16.406+0800: 3.074: [ParNew: 5229K->4K(6144K), 0.0006098 secs] 7444K->2218K(19840K), 0.0007555 secs] [Times: user=0.00 sys=0.00, real=0.00 secs] 
Heap after GC invocations=389 (full 44):
 par new generation   total 6144K, used 4K [0x00000000fec00000, 0x00000000ff2a0000, 0x00000000ff2a0000)
  eden space 5504K,   0% used [0x00000000fec00000, 0x00000000fec00000, 0x00000000ff160000)
  from space 640K,   0% used [0x00000000ff200000, 0x00000000ff201020, 0x00000000ff2a0000)
  to   space 640K,   0% used [0x00000000ff160000, 0x00000000ff160000, 0x00000000ff200000)
 concurrent mark-sweep generation total 13696K, used 2214K [0x00000000ff2a0000, 0x0000000100000000, 0x0000000100000000)
 Metaspace       used 5078K, capacity 5258K, committed 5504K, reserved 1056768K
  class space    used 557K, capacity 597K, committed 640K, reserved 1048576K
}
{Heap before GC invocations=389 (full 44):
 par new generation   total 6144K, used 5233K [0x00000000fec00000, 0x00000000ff2a0000, 0x00000000ff2a0000)
  eden space 5504K,  95% used [0x00000000fec00000, 0x00000000ff11b668, 0x00000000ff160000)
  from space 640K,   0% used [0x00000000ff200000, 0x00000000ff201020, 0x00000000ff2a0000)
  to   space 640K,   0% used [0x00000000ff160000, 0x00000000ff160000, 0x00000000ff200000)
 concurrent mark-sweep generation total 13696K, used 2214K [0x00000000ff2a0000, 0x0000000100000000, 0x0000000100000000)
 Metaspace       used 5078K, capacity 5258K, committed 5504K, reserved 1056768K
  class space    used 557K, capacity 597K, committed 640K, reserved 1048576K
2024-07-16T17:10:16.414+0800: 3.083: [GC (Allocation Failure) 2024-07-16T17:10:16.414+0800: 3.083: [ParNew: 5233K->6K(6144K), 0.0014414 secs] 7448K->3246K(19840K), 0.0016031 secs] [Times: user=0.00 sys=0.00, real=0.00 secs] 
Heap after GC invocations=390 (full 44):
 par new generation   total 6144K, used 6K [0x00000000fec00000, 0x00000000ff2a0000, 0x00000000ff2a0000)
  eden space 5504K,   0% used [0x00000000fec00000, 0x00000000fec00000, 0x00000000ff160000)
  from space 640K,   0% used [0x00000000ff160000, 0x00000000ff161830, 0x00000000ff200000)
  to   space 640K,   0% used [0x00000000ff200000, 0x00000000ff200000, 0x00000000ff2a0000)
 concurrent mark-sweep generation total 13696K, used 3240K [0x00000000ff2a0000, 0x0000000100000000, 0x0000000100000000)
 Metaspace       used 5078K, capacity 5258K, committed 5504K, reserved 1056768K
  class space    used 557K, capacity 597K, committed 640K, reserved 1048576K
}
{Heap before GC invocations=390 (full 44):
 par new generation   total 6144K, used 5235K [0x00000000fec00000, 0x00000000ff2a0000, 0x00000000ff2a0000)
  eden space 5504K,  95% used [0x00000000fec00000, 0x00000000ff11b6c8, 0x00000000ff160000)
  from space 640K,   0% used [0x00000000ff160000, 0x00000000ff161830, 0x00000000ff200000)
  to   space 640K,   0% used [0x00000000ff200000, 0x00000000ff200000, 0x00000000ff2a0000)
 concurrent mark-sweep generation total 13696K, used 3240K [0x00000000ff2a0000, 0x0000000100000000, 0x0000000100000000)
 Metaspace       used 5078K, capacity 5258K, committed 5504K, reserved 1056768K
  class space    used 557K, capacity 597K, committed 640K, reserved 1048576K
2024-07-16T17:10:16.422+0800: 3.090: [GC (Allocation Failure) 2024-07-16T17:10:16.422+0800: 3.091: [ParNew: 5235K->8K(6144K), 0.0012770 secs] 8476K->4274K(19840K), 0.0014994 secs] [Times: user=0.00 sys=0.00, real=0.00 secs] 
Heap after GC invocations=391 (full 44):
 par new generation   total 6144K, used 8K [0x00000000fec00000, 0x00000000ff2a0000, 0x00000000ff2a0000)
  eden space 5504K,   0% used [0x00000000fec00000, 0x00000000fec00000, 0x00000000ff160000)
  from space 640K,   1% used [0x00000000ff200000, 0x00000000ff202040, 0x00000000ff2a0000)
  to   space 640K,   0% used [0x00000000ff160000, 0x00000000ff160000, 0x00000000ff200000)
 concurrent mark-sweep generation total 13696K, used 4266K [0x00000000ff2a0000, 0x0000000100000000, 0x0000000100000000)
 Metaspace       used 5078K, capacity 5258K, committed 5504K, reserved 1056768K
  class space    used 557K, capacity 597K, committed 640K, reserved 1048576K
}
{Heap before GC invocations=391 (full 44):
 par new generation   total 6144K, used 5237K [0x00000000fec00000, 0x00000000ff2a0000, 0x00000000ff2a0000)
  eden space 5504K,  95% used [0x00000000fec00000, 0x00000000ff11b708, 0x00000000ff160000)
  from space 640K,   1% used [0x00000000ff200000, 0x00000000ff202040, 0x00000000ff2a0000)
  to   space 640K,   0% used [0x00000000ff160000, 0x00000000ff160000, 0x00000000ff200000)
 concurrent mark-sweep generation total 13696K, used 4266K [0x00000000ff2a0000, 0x0000000100000000, 0x0000000100000000)
 Metaspace       used 5078K, capacity 5258K, committed 5504K, reserved 1056768K
  class space    used 557K, capacity 597K, committed 640K, reserved 1048576K
2024-07-16T17:10:16.432+0800: 3.100: [GC (Allocation Failure) 2024-07-16T17:10:16.432+0800: 3.100: [ParNew: 5237K->4K(6144K), 0.0002987 secs] 9504K->4270K(19840K), 0.0003348 secs] [Times: user=0.00 sys=0.00, real=0.00 secs] 
Heap after GC invocations=392 (full 44):
 par new generation   total 6144K, used 4K [0x00000000fec00000, 0x00000000ff2a0000, 0x00000000ff2a0000)
  eden space 5504K,   0% used [0x00000000fec00000, 0x00000000fec00000, 0x00000000ff160000)
  from space 640K,   0% used [0x00000000ff160000, 0x00000000ff161020, 0x00000000ff200000)
  to   space 640K,   0% used [0x00000000ff200000, 0x00000000ff200000, 0x00000000ff2a0000)
 concurrent mark-sweep generation total 13696K, used 4266K [0x00000000ff2a0000, 0x0000000100000000, 0x0000000100000000)
 Metaspace       used 5078K, capacity 5258K, committed 5504K, reserved 1056768K
  class space    used 557K, capacity 597K, committed 640K, reserved 1048576K
}
{Heap before GC invocations=392 (full 44):
 par new generation   total 6144K, used 5233K [0x00000000fec00000, 0x00000000ff2a0000, 0x00000000ff2a0000)
  eden space 5504K,  95% used [0x00000000fec00000, 0x00000000ff11b730, 0x00000000ff160000)
  from space 640K,   0% used [0x00000000ff160000, 0x00000000ff161020, 0x00000000ff200000)
  to   space 640K,   0% used [0x00000000ff200000, 0x00000000ff200000, 0x00000000ff2a0000)
 concurrent mark-sweep generation total 13696K, used 4266K [0x00000000ff2a0000, 0x0000000100000000, 0x0000000100000000)
 Metaspace       used 5078K, capacity 5258K, committed 5504K, reserved 1056768K
  class space    used 557K, capacity 597K, committed 640K, reserved 1048576K
2024-07-16T17:10:16.439+0800: 3.107: [GC (Allocation Failure) 2024-07-16T17:10:16.439+0800: 3.107: [ParNew: 5233K->4K(6144K), 0.0003021 secs] 9500K->4270K(19840K), 0.0003317 secs] [Times: user=0.00 sys=0.00, real=0.00 secs] 
Heap after GC invocations=393 (full 44):
 par new generation   total 6144K, used 4K [0x00000000fec00000, 0x00000000ff2a0000, 0x00000000ff2a0000)
  eden space 5504K,   0% used [0x00000000fec00000, 0x00000000fec00000, 0x00000000ff160000)
  from space 640K,   0% used [0x00000000ff200000, 0x00000000ff201020, 0x00000000ff2a0000)
  to   space 640K,   0% used [0x00000000ff160000, 0x00000000ff160000, 0x00000000ff200000)
 concurrent mark-sweep generation total 13696K, used 4266K [0x00000000ff2a0000, 0x0000000100000000, 0x0000000100000000)
 Metaspace       used 5078K, capacity 5258K, committed 5504K, reserved 1056768K
  class space    used 557K, capacity 597K, committed 640K, reserved 1048576K
}
{Heap before GC invocations=393 (full 44):
 par new generation   total 6144K, used 5233K [0x00000000fec00000, 0x00000000ff2a0000, 0x00000000ff2a0000)
  eden space 5504K,  95% used [0x00000000fec00000, 0x00000000ff11b750, 0x00000000ff160000)
  from space 640K,   0% used [0x00000000ff200000, 0x00000000ff201020, 0x00000000ff2a0000)
  to   space 640K,   0% used [0x00000000ff160000, 0x00000000ff160000, 0x00000000ff200000)
 concurrent mark-sweep generation total 13696K, used 4266K [0x00000000ff2a0000, 0x0000000100000000, 0x0000000100000000)
 Metaspace       used 5078K, capacity 5258K, committed 5504K, reserved 1056768K
  class space    used 557K, capacity 597K, committed 640K, reserved 1048576K
2024-07-16T17:10:16.446+0800: 3.114: [GC (Allocation Failure) 2024-07-16T17:10:16.446+0800: 3.114: [ParNew: 5233K->8K(6144K), 0.0003914 secs] 9500K->5298K(19840K), 0.0004787 secs] [Times: user=0.00 sys=0.00, real=0.00 secs] 
Heap after GC invocations=394 (full 44):
 par new generation   total 6144K, used 8K [0x00000000fec00000, 0x00000000ff2a0000, 0x00000000ff2a0000)
  eden space 5504K,   0% used [0x00000000fec00000, 0x00000000fec00000, 0x00000000ff160000)
  from space 640K,   1% used [0x00000000ff160000, 0x00000000ff162040, 0x00000000ff200000)
  to   space 640K,   0% used [0x00000000ff200000, 0x00000000ff200000, 0x00000000ff2a0000)
 concurrent mark-sweep generation total 13696K, used 5290K [0x00000000ff2a0000, 0x0000000100000000, 0x0000000100000000)
 Metaspace       used 5078K, capacity 5258K, committed 5504K, reserved 1056768K
  class space    used 557K, capacity 597K, committed 640K, reserved 1048576K
}
{Heap before GC invocations=394 (full 44):
 par new generation   total 6144K, used 5237K [0x00000000fec00000, 0x00000000ff2a0000, 0x00000000ff2a0000)
  eden space 5504K,  95% used [0x00000000fec00000, 0x00000000ff11b760, 0x00000000ff160000)
  from space 640K,   1% used [0x00000000ff160000, 0x00000000ff162040, 0x00000000ff200000)
  to   space 640K,   0% used [0x00000000ff200000, 0x00000000ff200000, 0x00000000ff2a0000)
 concurrent mark-sweep generation total 13696K, used 5290K [0x00000000ff2a0000, 0x0000000100000000, 0x0000000100000000)
 Metaspace       used 5078K, capacity 5258K, committed 5504K, reserved 1056768K
  class space    used 557K, capacity 597K, committed 640K, reserved 1048576K
2024-07-16T17:10:16.453+0800: 3.121: [GC (Allocation Failure) 2024-07-16T17:10:16.453+0800: 3.121: [ParNew: 5237K->4K(6144K), 0.0002807 secs] 10528K->5294K(19840K), 0.0003065 secs] [Times: user=0.00 sys=0.00, real=0.00 secs] 
Heap after GC invocations=395 (full 44):
 par new generation   total 6144K, used 4K [0x00000000fec00000, 0x00000000ff2a0000, 0x00000000ff2a0000)
  eden space 5504K,   0% used [0x00000000fec00000, 0x00000000fec00000, 0x00000000ff160000)
  from space 640K,   0% used [0x00000000ff200000, 0x00000000ff201020, 0x00000000ff2a0000)
  to   space 640K,   0% used [0x00000000ff160000, 0x00000000ff160000, 0x00000000ff200000)
 concurrent mark-sweep generation total 13696K, used 5290K [0x00000000ff2a0000, 0x0000000100000000, 0x0000000100000000)
 Metaspace       used 5078K, capacity 5258K, committed 5504K, reserved 1056768K
  class space    used 557K, capacity 597K, committed 640K, reserved 1048576K
}
{Heap before GC invocations=395 (full 44):
 par new generation   total 6144K, used 5233K [0x00000000fec00000, 0x00000000ff2a0000, 0x00000000ff2a0000)
  eden space 5504K,  95% used [0x00000000fec00000, 0x00000000ff11b768, 0x00000000ff160000)
  from space 640K,   0% used [0x00000000ff200000, 0x00000000ff201020, 0x00000000ff2a0000)
  to   space 640K,   0% used [0x00000000ff160000, 0x00000000ff160000, 0x00000000ff200000)
 concurrent mark-sweep generation total 13696K, used 5290K [0x00000000ff2a0000, 0x0000000100000000, 0x0000000100000000)
 Metaspace       used 5078K, capacity 5258K, committed 5504K, reserved 1056768K
  class space    used 557K, capacity 597K, committed 640K, reserved 1048576K
2024-07-16T17:10:16.458+0800: 3.126: [GC (Allocation Failure) 2024-07-16T17:10:16.458+0800: 3.126: [ParNew: 5233K->4K(6144K), 0.0004072 secs] 10524K->6321K(19840K), 0.0004918 secs] [Times: user=0.00 sys=0.00, real=0.00 secs] 
Heap after GC invocations=396 (full 44):
 par new generation   total 6144K, used 4K [0x00000000fec00000, 0x00000000ff2a0000, 0x00000000ff2a0000)
  eden space 5504K,   0% used [0x00000000fec00000, 0x00000000fec00000, 0x00000000ff160000)
  from space 640K,   0% used [0x00000000ff160000, 0x00000000ff161020, 0x00000000ff200000)
  to   space 640K,   0% used [0x00000000ff200000, 0x00000000ff200000, 0x00000000ff2a0000)
 concurrent mark-sweep generation total 13696K, used 6316K [0x00000000ff2a0000, 0x0000000100000000, 0x0000000100000000)
 Metaspace       used 5078K, capacity 5258K, committed 5504K, reserved 1056768K
  class space    used 557K, capacity 597K, committed 640K, reserved 1048576K
}
{Heap before GC invocations=396 (full 44):
 par new generation   total 6144K, used 5233K [0x00000000fec00000, 0x00000000ff2a0000, 0x00000000ff2a0000)
  eden space 5504K,  95% used [0x00000000fec00000, 0x00000000ff11b770, 0x00000000ff160000)
  from space 640K,   0% used [0x00000000ff160000, 0x00000000ff161020, 0x00000000ff200000)
  to   space 640K,   0% used [0x00000000ff200000, 0x00000000ff200000, 0x00000000ff2a0000)
 concurrent mark-sweep generation total 13696K, used 6316K [0x00000000ff2a0000, 0x0000000100000000, 0x0000000100000000)
 Metaspace       used 5078K, capacity 5258K, committed 5504K, reserved 1056768K
  class space    used 557K, capacity 597K, committed 640K, reserved 1048576K
2024-07-16T17:10:16.465+0800: 3.133: [GC (Allocation Failure) 2024-07-16T17:10:16.465+0800: 3.133: [ParNew: 5233K->8K(6144K), 0.0003782 secs] 11550K->7351K(19840K), 0.0004150 secs] [Times: user=0.00 sys=0.00, real=0.00 secs] 
Heap after GC invocations=397 (full 44):
 par new generation   total 6144K, used 8K [0x00000000fec00000, 0x00000000ff2a0000, 0x00000000ff2a0000)
  eden space 5504K,   0% used [0x00000000fec00000, 0x00000000fec00000, 0x00000000ff160000)
  from space 640K,   1% used [0x00000000ff200000, 0x00000000ff202040, 0x00000000ff2a0000)
  to   space 640K,   0% used [0x00000000ff160000, 0x00000000ff160000, 0x00000000ff200000)
 concurrent mark-sweep generation total 13696K, used 7343K [0x00000000ff2a0000, 0x0000000100000000, 0x0000000100000000)
 Metaspace       used 5078K, capacity 5258K, committed 5504K, reserved 1056768K
  class space    used 557K, capacity 597K, committed 640K, reserved 1048576K
}
{Heap before GC invocations=397 (full 44):
 par new generation   total 6144K, used 5237K [0x00000000fec00000, 0x00000000ff2a0000, 0x00000000ff2a0000)
  eden space 5504K,  95% used [0x00000000fec00000, 0x00000000ff11b778, 0x00000000ff160000)
  from space 640K,   1% used [0x00000000ff200000, 0x00000000ff202040, 0x00000000ff2a0000)
  to   space 640K,   0% used [0x00000000ff160000, 0x00000000ff160000, 0x00000000ff200000)
 concurrent mark-sweep generation total 13696K, used 7343K [0x00000000ff2a0000, 0x0000000100000000, 0x0000000100000000)
 Metaspace       used 5078K, capacity 5258K, committed 5504K, reserved 1056768K
  class space    used 557K, capacity 597K, committed 640K, reserved 1048576K
2024-07-16T17:10:16.471+0800: 3.139: [GC (Allocation Failure) 2024-07-16T17:10:16.471+0800: 3.139: [ParNew: 5237K->8K(6144K), 0.0003381 secs] 12580K->8377K(19840K), 0.0003650 secs] [Times: user=0.00 sys=0.00, real=0.00 secs] 
Heap after GC invocations=398 (full 44):
 par new generation   total 6144K, used 8K [0x00000000fec00000, 0x00000000ff2a0000, 0x00000000ff2a0000)
  eden space 5504K,   0% used [0x00000000fec00000, 0x00000000fec00000, 0x00000000ff160000)
  from space 640K,   1% used [0x00000000ff160000, 0x00000000ff162040, 0x00000000ff200000)
  to   space 640K,   0% used [0x00000000ff200000, 0x00000000ff200000, 0x00000000ff2a0000)
 concurrent mark-sweep generation total 13696K, used 8369K [0x00000000ff2a0000, 0x0000000100000000, 0x0000000100000000)
 Metaspace       used 5078K, capacity 5258K, committed 5504K, reserved 1056768K
  class space    used 557K, capacity 597K, committed 640K, reserved 1048576K
}
{Heap before GC invocations=398 (full 44):
 par new generation   total 6144K, used 5237K [0x00000000fec00000, 0x00000000ff2a0000, 0x00000000ff2a0000)
  eden space 5504K,  95% used [0x00000000fec00000, 0x00000000ff11b778, 0x00000000ff160000)
  from space 640K,   1% used [0x00000000ff160000, 0x00000000ff162040, 0x00000000ff200000)
  to   space 640K,   0% used [0x00000000ff200000, 0x00000000ff200000, 0x00000000ff2a0000)
 concurrent mark-sweep generation total 13696K, used 8369K [0x00000000ff2a0000, 0x0000000100000000, 0x0000000100000000)
 Metaspace       used 5078K, capacity 5258K, committed 5504K, reserved 1056768K
  class space    used 557K, capacity 597K, committed 640K, reserved 1048576K
2024-07-16T17:10:16.479+0800: 3.147: [GC (Allocation Failure) 2024-07-16T17:10:16.479+0800: 3.147: [ParNew: 5237K->6K(6144K), 0.0004609 secs] 13607K->9401K(19840K), 0.0005589 secs] [Times: user=0.00 sys=0.00, real=0.00 secs] 
Heap after GC invocations=399 (full 44):
 par new generation   total 6144K, used 6K [0x00000000fec00000, 0x00000000ff2a0000, 0x00000000ff2a0000)
  eden space 5504K,   0% used [0x00000000fec00000, 0x00000000fec00000, 0x00000000ff160000)
  from space 640K,   0% used [0x00000000ff200000, 0x00000000ff201830, 0x00000000ff2a0000)
  to   space 640K,   0% used [0x00000000ff160000, 0x00000000ff160000, 0x00000000ff200000)
 concurrent mark-sweep generation total 13696K, used 9395K [0x00000000ff2a0000, 0x0000000100000000, 0x0000000100000000)
 Metaspace       used 5078K, capacity 5258K, committed 5504K, reserved 1056768K
  class space    used 557K, capacity 597K, committed 640K, reserved 1048576K
}
2024-07-16T17:10:16.479+0800: 3.148: [GC (CMS Initial Mark) [1 CMS-initial-mark: 9395K(13696K)] 10425K(19840K), 0.0001963 secs] [Times: user=0.00 sys=0.00, real=0.00 secs] 
2024-07-16T17:10:16.479+0800: 3.148: [CMS-concurrent-mark-start]
2024-07-16T17:10:16.482+0800: 3.151: [CMS-concurrent-mark: 0.003/0.003 secs] [Times: user=0.00 sys=0.00, real=0.00 secs] 
2024-07-16T17:10:16.482+0800: 3.151: [CMS-concurrent-preclean-start]
2024-07-16T17:10:16.482+0800: 3.151: [CMS-concurrent-preclean: 0.000/0.000 secs] [Times: user=0.00 sys=0.00, real=0.00 secs] 
2024-07-16T17:10:16.482+0800: 3.151: [CMS-concurrent-abortable-preclean-start]
{Heap before GC invocations=399 (full 45):
 par new generation   total 6144K, used 5235K [0x00000000fec00000, 0x00000000ff2a0000, 0x00000000ff2a0000)
  eden space 5504K,  95% used [0x00000000fec00000, 0x00000000ff11b778, 0x00000000ff160000)
  from space 640K,   0% used [0x00000000ff200000, 0x00000000ff201830, 0x00000000ff2a0000)
  to   space 640K,   0% used [0x00000000ff160000, 0x00000000ff160000, 0x00000000ff200000)
 concurrent mark-sweep generation total 13696K, used 9395K [0x00000000ff2a0000, 0x0000000100000000, 0x0000000100000000)
 Metaspace       used 5078K, capacity 5258K, committed 5504K, reserved 1056768K
  class space    used 557K, capacity 597K, committed 640K, reserved 1048576K
2024-07-16T17:10:16.488+0800: 3.156: [GC (Allocation Failure) 2024-07-16T17:10:16.488+0800: 3.156: [ParNew: 5235K->10K(6144K), 0.0003632 secs] 14631K->10429K(19840K), 0.0003970 secs] [Times: user=0.00 sys=0.00, real=0.00 secs] 
Heap after GC invocations=400 (full 45):
 par new generation   total 6144K, used 10K [0x00000000fec00000, 0x00000000ff2a0000, 0x00000000ff2a0000)
  eden space 5504K,   0% used [0x00000000fec00000, 0x00000000fec00000, 0x00000000ff160000)
  from space 640K,   1% used [0x00000000ff160000, 0x00000000ff162850, 0x00000000ff200000)
  to   space 640K,   0% used [0x00000000ff200000, 0x00000000ff200000, 0x00000000ff2a0000)
 concurrent mark-sweep generation total 13696K, used 10419K [0x00000000ff2a0000, 0x0000000100000000, 0x0000000100000000)
 Metaspace       used 5078K, capacity 5258K, committed 5504K, reserved 1056768K
  class space    used 557K, capacity 597K, committed 640K, reserved 1048576K
}
{Heap before GC invocations=400 (full 45):
 par new generation   total 6144K, used 5239K [0x00000000fec00000, 0x00000000ff2a0000, 0x00000000ff2a0000)
  eden space 5504K,  95% used [0x00000000fec00000, 0x00000000ff11b778, 0x00000000ff160000)
  from space 640K,   1% used [0x00000000ff160000, 0x00000000ff162850, 0x00000000ff200000)
  to   space 640K,   0% used [0x00000000ff200000, 0x00000000ff200000, 0x00000000ff2a0000)
 concurrent mark-sweep generation total 13696K, used 10419K [0x00000000ff2a0000, 0x0000000100000000, 0x0000000100000000)
 Metaspace       used 5078K, capacity 5258K, committed 5504K, reserved 1056768K
  class space    used 557K, capacity 597K, committed 640K, reserved 1048576K
2024-07-16T17:10:16.496+0800: 3.164: [GC (Allocation Failure) 2024-07-16T17:10:16.496+0800: 3.164: [ParNew: 5239K->10K(6144K), 0.0003732 secs] 15659K->11455K(19840K), 0.0004106 secs] [Times: user=0.00 sys=0.00, real=0.00 secs] 
Heap after GC invocations=401 (full 45):
 par new generation   total 6144K, used 10K [0x00000000fec00000, 0x00000000ff2a0000, 0x00000000ff2a0000)
  eden space 5504K,   0% used [0x00000000fec00000, 0x00000000fec00000, 0x00000000ff160000)
  from space 640K,   1% used [0x00000000ff200000, 0x00000000ff202850, 0x00000000ff2a0000)
  to   space 640K,   0% used [0x00000000ff160000, 0x00000000ff160000, 0x00000000ff200000)
 concurrent mark-sweep generation total 13696K, used 11445K [0x00000000ff2a0000, 0x0000000100000000, 0x0000000100000000)
 Metaspace       used 5078K, capacity 5258K, committed 5504K, reserved 1056768K
  class space    used 557K, capacity 597K, committed 640K, reserved 1048576K
}
{Heap before GC invocations=401 (full 45):
 par new generation   total 6144K, used 5239K [0x00000000fec00000, 0x00000000ff2a0000, 0x00000000ff2a0000)
  eden space 5504K,  95% used [0x00000000fec00000, 0x00000000ff11b778, 0x00000000ff160000)
  from space 640K,   1% used [0x00000000ff200000, 0x00000000ff202850, 0x00000000ff2a0000)
  to   space 640K,   0% used [0x00000000ff160000, 0x00000000ff160000, 0x00000000ff200000)
 concurrent mark-sweep generation total 13696K, used 11445K [0x00000000ff2a0000, 0x0000000100000000, 0x0000000100000000)
 Metaspace       used 5078K, capacity 5258K, committed 5504K, reserved 1056768K
  class space    used 557K, capacity 597K, committed 640K, reserved 1048576K
2024-07-16T17:10:16.504+0800: 3.172: [GC (Allocation Failure) 2024-07-16T17:10:16.504+0800: 3.172: [ParNew: 5239K->8K(6144K), 0.0003422 secs] 16685K->12477K(19840K), 0.0003781 secs] [Times: user=0.00 sys=0.00, real=0.00 secs] 
Heap after GC invocations=402 (full 45):
 par new generation   total 6144K, used 8K [0x00000000fec00000, 0x00000000ff2a0000, 0x00000000ff2a0000)
  eden space 5504K,   0% used [0x00000000fec00000, 0x00000000fec00000, 0x00000000ff160000)
  from space 640K,   1% used [0x00000000ff160000, 0x00000000ff162040, 0x00000000ff200000)
  to   space 640K,   0% used [0x00000000ff200000, 0x00000000ff200000, 0x00000000ff2a0000)
 concurrent mark-sweep generation total 13696K, used 12469K [0x00000000ff2a0000, 0x0000000100000000, 0x0000000100000000)
 Metaspace       used 5078K, capacity 5258K, committed 5504K, reserved 1056768K
  class space    used 557K, capacity 597K, committed 640K, reserved 1048576K
}
{Heap before GC invocations=402 (full 45):
 par new generation   total 6144K, used 5237K [0x00000000fec00000, 0x00000000ff2a0000, 0x00000000ff2a0000)
  eden space 5504K,  95% used [0x00000000fec00000, 0x00000000ff11b778, 0x00000000ff160000)
  from space 640K,   1% used [0x00000000ff160000, 0x00000000ff162040, 0x00000000ff200000)
  to   space 640K,   0% used [0x00000000ff200000, 0x00000000ff200000, 0x00000000ff2a0000)
 concurrent mark-sweep generation total 13696K, used 12469K [0x00000000ff2a0000, 0x0000000100000000, 0x0000000100000000)
 Metaspace       used 5078K, capacity 5258K, committed 5504K, reserved 1056768K
  class space    used 557K, capacity 597K, committed 640K, reserved 1048576K
2024-07-16T17:10:16.510+0800: 3.178: [GC (Allocation Failure) 2024-07-16T17:10:16.510+0800: 3.178: [ParNew: 5237K->4K(6144K), 0.0003349 secs] 17707K->12473K(19840K), 0.0003782 secs] [Times: user=0.00 sys=0.00, real=0.00 secs] 
Heap after GC invocations=403 (full 45):
 par new generation   total 6144K, used 4K [0x00000000fec00000, 0x00000000ff2a0000, 0x00000000ff2a0000)
  eden space 5504K,   0% used [0x00000000fec00000, 0x00000000fec00000, 0x00000000ff160000)
  from space 640K,   0% used [0x00000000ff200000, 0x00000000ff201020, 0x00000000ff2a0000)
  to   space 640K,   0% used [0x00000000ff160000, 0x00000000ff160000, 0x00000000ff200000)
 concurrent mark-sweep generation total 13696K, used 12469K [0x00000000ff2a0000, 0x0000000100000000, 0x0000000100000000)
 Metaspace       used 5078K, capacity 5258K, committed 5504K, reserved 1056768K
  class space    used 557K, capacity 597K, committed 640K, reserved 1048576K
}
{Heap before GC invocations=403 (full 45):
 par new generation   total 6144K, used 5233K [0x00000000fec00000, 0x00000000ff2a0000, 0x00000000ff2a0000)
  eden space 5504K,  95% used [0x00000000fec00000, 0x00000000ff11b778, 0x00000000ff160000)
  from space 640K,   0% used [0x00000000ff200000, 0x00000000ff201020, 0x00000000ff2a0000)
  to   space 640K,   0% used [0x00000000ff160000, 0x00000000ff160000, 0x00000000ff200000)
 concurrent mark-sweep generation total 13696K, used 12469K [0x00000000ff2a0000, 0x0000000100000000, 0x0000000100000000)
 Metaspace       used 5078K, capacity 5258K, committed 5504K, reserved 1056768K
  class space    used 557K, capacity 597K, committed 640K, reserved 1048576K
2024-07-16T17:10:16.517+0800: 3.185: [GC (Allocation Failure) 2024-07-16T17:10:16.517+0800: 3.185: [ParNew: 5233K->18K(6144K), 0.0003997 secs] 17703K->13511K(19840K), 0.0004413 secs] [Times: user=0.00 sys=0.00, real=0.00 secs] 
Heap after GC invocations=404 (full 45):
 par new generation   total 6144K, used 18K [0x00000000fec00000, 0x00000000ff2a0000, 0x00000000ff2a0000)
  eden space 5504K,   0% used [0x00000000fec00000, 0x00000000fec00000, 0x00000000ff160000)
  from space 640K,   2% used [0x00000000ff160000, 0x00000000ff164890, 0x00000000ff200000)
  to   space 640K,   0% used [0x00000000ff200000, 0x00000000ff200000, 0x00000000ff2a0000)
 concurrent mark-sweep generation total 13696K, used 13493K [0x00000000ff2a0000, 0x0000000100000000, 0x0000000100000000)
 Metaspace       used 5078K, capacity 5258K, committed 5504K, reserved 1056768K
  class space    used 557K, capacity 597K, committed 640K, reserved 1048576K
}
2024-07-16T17:10:16.517+0800: 3.186: [CMS-concurrent-abortable-preclean: 0.000/0.035 secs] [Times: user=0.00 sys=0.00, real=0.03 secs] 
2024-07-16T17:10:16.517+0800: 3.186: [GC (CMS Final Remark) [YG occupancy: 1149 K (6144 K)]{Heap before GC invocations=404 (full 45):
 par new generation   total 6144K, used 1149K [0x00000000fec00000, 0x00000000ff2a0000, 0x00000000ff2a0000)
  eden space 5504K,  20% used [0x00000000fec00000, 0x00000000fed1af28, 0x00000000ff160000)
  from space 640K,   2% used [0x00000000ff160000, 0x00000000ff164890, 0x00000000ff200000)
  to   space 640K,   0% used [0x00000000ff200000, 0x00000000ff200000, 0x00000000ff2a0000)
 concurrent mark-sweep generation total 13696K, used 13493K [0x00000000ff2a0000, 0x0000000100000000, 0x0000000100000000)
 Metaspace       used 5078K, capacity 5258K, committed 5504K, reserved 1056768K
  class space    used 557K, capacity 597K, committed 640K, reserved 1048576K
2024-07-16T17:10:16.517+0800: 3.186: [GC (CMS Final Remark) 2024-07-16T17:10:16.517+0800: 3.186: [ParNew: 1149K->1149K(6144K), 0.0000134 secs] 14643K->14643K(19840K), 0.0000359 secs] [Times: user=0.00 sys=0.00, real=0.00 secs] 
Heap after GC invocations=405 (full 45):
 par new generation   total 6144K, used 1149K [0x00000000fec00000, 0x00000000ff2a0000, 0x00000000ff2a0000)
  eden space 5504K,  20% used [0x00000000fec00000, 0x00000000fed1af28, 0x00000000ff160000)
  from space 640K,   2% used [0x00000000ff160000, 0x00000000ff164890, 0x00000000ff200000)
  to   space 640K,   0% used [0x00000000ff200000, 0x00000000ff200000, 0x00000000ff2a0000)
 concurrent mark-sweep generation total 13696K, used 13493K [0x00000000ff2a0000, 0x0000000100000000, 0x0000000100000000)
 Metaspace       used 5078K, capacity 5258K, committed 5504K, reserved 1056768K
  class space    used 557K, capacity 597K, committed 640K, reserved 1048576K
}
2024-07-16T17:10:16.517+0800: 3.186: [Rescan (parallel) , 0.0001832 secs]2024-07-16T17:10:16.517+0800: 3.186: [weak refs processing, 0.0000119 secs]2024-07-16T17:10:16.518+0800: 3.186: [class unloading, 0.0003454 secs]2024-07-16T17:10:16.518+0800: 3.186: [scrub symbol table, 0.0003417 secs]2024-07-16T17:10:16.518+0800: 3.187: [scrub string table, 0.0000871 secs][1 CMS-remark: 13493K(13696K)] 14643K(19840K), 0.0011104 secs] [Times: user=0.02 sys=0.00, real=0.00 secs] 
2024-07-16T17:10:16.518+0800: 3.187: [CMS-concurrent-sweep-start]
2024-07-16T17:10:16.519+0800: 3.187: [CMS-concurrent-sweep: 0.000/0.000 secs] [Times: user=0.00 sys=0.00, real=0.00 secs] 
2024-07-16T17:10:16.519+0800: 3.187: [CMS-concurrent-reset-start]
2024-07-16T17:10:16.519+0800: 3.187: [CMS-concurrent-reset: 0.000/0.000 secs] [Times: user=0.00 sys=0.00, real=0.00 secs] 
{Heap before GC invocations=405 (full 45):
 par new generation   total 6144K, used 5355K [0x00000000fec00000, 0x00000000ff2a0000, 0x00000000ff2a0000)
  eden space 5504K,  96% used [0x00000000fec00000, 0x00000000ff136690, 0x00000000ff160000)
  from space 640K,   2% used [0x00000000ff160000, 0x00000000ff164890, 0x00000000ff200000)
  to   space 640K,   0% used [0x00000000ff200000, 0x00000000ff200000, 0x00000000ff2a0000)
 concurrent mark-sweep generation total 13696K, used 5300K [0x00000000ff2a0000, 0x0000000100000000, 0x0000000100000000)
 Metaspace       used 5078K, capacity 5258K, committed 5504K, reserved 1056768K
  class space    used 557K, capacity 597K, committed 640K, reserved 1048576K
2024-07-16T17:10:16.527+0800: 3.195: [GC (Allocation Failure) 2024-07-16T17:10:16.527+0800: 3.195: [ParNew: 5355K->18K(6144K), 0.0002640 secs] 10656K->5319K(19840K), 0.0003038 secs] [Times: user=0.00 sys=0.00, real=0.00 secs] 
Heap after GC invocations=406 (full 45):
 par new generation   total 6144K, used 18K [0x00000000fec00000, 0x00000000ff2a0000, 0x00000000ff2a0000)
  eden space 5504K,   0% used [0x00000000fec00000, 0x00000000fec00000, 0x00000000ff160000)
  from space 640K,   2% used [0x00000000ff200000, 0x00000000ff204890, 0x00000000ff2a0000)
  to   space 640K,   0% used [0x00000000ff160000, 0x00000000ff160000, 0x00000000ff200000)
 concurrent mark-sweep generation total 13696K, used 5300K [0x00000000ff2a0000, 0x0000000100000000, 0x0000000100000000)
 Metaspace       used 5078K, capacity 5258K, committed 5504K, reserved 1056768K
  class space    used 557K, capacity 597K, committed 640K, reserved 1048576K
}
{Heap before GC invocations=406 (full 45):
 par new generation   total 6144K, used 5232K [0x00000000fec00000, 0x00000000ff2a0000, 0x00000000ff2a0000)
  eden space 5504K,  94% used [0x00000000fec00000, 0x00000000ff117948, 0x00000000ff160000)
  from space 640K,   2% used [0x00000000ff200000, 0x00000000ff204890, 0x00000000ff2a0000)
  to   space 640K,   0% used [0x00000000ff160000, 0x00000000ff160000, 0x00000000ff200000)
 concurrent mark-sweep generation total 13696K, used 5300K [0x00000000ff2a0000, 0x0000000100000000, 0x0000000100000000)
 Metaspace       used 5078K, capacity 5258K, committed 5504K, reserved 1056768K
  class space    used 557K, capacity 597K, committed 640K, reserved 1048576K
2024-07-16T17:10:16.535+0800: 3.203: [GC (Allocation Failure) 2024-07-16T17:10:16.535+0800: 3.203: [ParNew: 5232K->18K(6144K), 0.0002584 secs] 10533K->5319K(19840K), 0.0002907 secs] [Times: user=0.00 sys=0.00, real=0.00 secs] 
Heap after GC invocations=407 (full 45):
 par new generation   total 6144K, used 18K [0x00000000fec00000, 0x00000000ff2a0000, 0x00000000ff2a0000)
  eden space 5504K,   0% used [0x00000000fec00000, 0x00000000fec00000, 0x00000000ff160000)
  from space 640K,   2% used [0x00000000ff160000, 0x00000000ff164890, 0x00000000ff200000)
  to   space 640K,   0% used [0x00000000ff200000, 0x00000000ff200000, 0x00000000ff2a0000)
 concurrent mark-sweep generation total 13696K, used 5300K [0x00000000ff2a0000, 0x0000000100000000, 0x0000000100000000)
 Metaspace       used 5078K, capacity 5258K, committed 5504K, reserved 1056768K
  class space    used 557K, capacity 597K, committed 640K, reserved 1048576K
}
{Heap before GC invocations=407 (full 45):
 par new generation   total 6144K, used 5238K [0x00000000fec00000, 0x00000000ff2a0000, 0x00000000ff2a0000)
  eden space 5504K,  94% used [0x00000000fec00000, 0x00000000ff119248, 0x00000000ff160000)
  from space 640K,   2% used [0x00000000ff160000, 0x00000000ff164890, 0x00000000ff200000)
  to   space 640K,   0% used [0x00000000ff200000, 0x00000000ff200000, 0x00000000ff2a0000)
 concurrent mark-sweep generation total 13696K, used 5300K [0x00000000ff2a0000, 0x0000000100000000, 0x0000000100000000)
 Metaspace       used 5078K, capacity 5258K, committed 5504K, reserved 1056768K
  class space    used 557K, capacity 597K, committed 640K, reserved 1048576K
2024-07-16T17:10:16.542+0800: 3.210: [GC (Allocation Failure) 2024-07-16T17:10:16.542+0800: 3.210: [ParNew: 5238K->16K(6144K), 0.0003663 secs] 10539K->6341K(19840K), 0.0004028 secs] [Times: user=0.00 sys=0.00, real=0.00 secs] 
Heap after GC invocations=408 (full 45):
 par new generation   total 6144K, used 16K [0x00000000fec00000, 0x00000000ff2a0000, 0x00000000ff2a0000)
  eden space 5504K,   0% used [0x00000000fec00000, 0x00000000fec00000, 0x00000000ff160000)
  from space 640K,   2% used [0x00000000ff200000, 0x00000000ff204080, 0x00000000ff2a0000)
  to   space 640K,   0% used [0x00000000ff160000, 0x00000000ff160000, 0x00000000ff200000)
 concurrent mark-sweep generation total 13696K, used 6324K [0x00000000ff2a0000, 0x0000000100000000, 0x0000000100000000)
 Metaspace       used 5078K, capacity 5258K, committed 5504K, reserved 1056768K
  class space    used 557K, capacity 597K, committed 640K, reserved 1048576K
}
{Heap before GC invocations=408 (full 45):
 par new generation   total 6144K, used 5240K [0x00000000fec00000, 0x00000000ff2a0000, 0x00000000ff2a0000)
  eden space 5504K,  94% used [0x00000000fec00000, 0x00000000ff119f90, 0x00000000ff160000)
  from space 640K,   2% used [0x00000000ff200000, 0x00000000ff204080, 0x00000000ff2a0000)
  to   space 640K,   0% used [0x00000000ff160000, 0x00000000ff160000, 0x00000000ff200000)
 concurrent mark-sweep generation total 13696K, used 6324K [0x00000000ff2a0000, 0x0000000100000000, 0x0000000100000000)
 Metaspace       used 5078K, capacity 5258K, committed 5504K, reserved 1056768K
  class space    used 557K, capacity 597K, committed 640K, reserved 1048576K
2024-07-16T17:10:16.550+0800: 3.218: [GC (Allocation Failure) 2024-07-16T17:10:16.550+0800: 3.218: [ParNew: 5240K->14K(6144K), 0.0003001 secs] 11564K->6339K(19840K), 0.0003381 secs] [Times: user=0.00 sys=0.00, real=0.00 secs] 
Heap after GC invocations=409 (full 45):
 par new generation   total 6144K, used 14K [0x00000000fec00000, 0x00000000ff2a0000, 0x00000000ff2a0000)
  eden space 5504K,   0% used [0x00000000fec00000, 0x00000000fec00000, 0x00000000ff160000)
  from space 640K,   2% used [0x00000000ff160000, 0x00000000ff163870, 0x00000000ff200000)
  to   space 640K,   0% used [0x00000000ff200000, 0x00000000ff200000, 0x00000000ff2a0000)
 concurrent mark-sweep generation total 13696K, used 6324K [0x00000000ff2a0000, 0x0000000100000000, 0x0000000100000000)
 Metaspace       used 5078K, capacity 5258K, committed 5504K, reserved 1056768K
  class space    used 557K, capacity 597K, committed 640K, reserved 1048576K
}
{Heap before GC invocations=409 (full 45):
 par new generation   total 6144K, used 5240K [0x00000000fec00000, 0x00000000ff2a0000, 0x00000000ff2a0000)
  eden space 5504K,  94% used [0x00000000fec00000, 0x00000000ff11a820, 0x00000000ff160000)
  from space 640K,   2% used [0x00000000ff160000, 0x00000000ff163870, 0x00000000ff200000)
  to   space 640K,   0% used [0x00000000ff200000, 0x00000000ff200000, 0x00000000ff2a0000)
 concurrent mark-sweep generation total 13696K, used 6324K [0x00000000ff2a0000, 0x0000000100000000, 0x0000000100000000)
 Metaspace       used 5078K, capacity 5258K, committed 5504K, reserved 1056768K
  class space    used 557K, capacity 597K, committed 640K, reserved 1048576K
2024-07-16T17:10:16.557+0800: 3.225: [GC (Allocation Failure) 2024-07-16T17:10:16.557+0800: 3.225: [ParNew: 5240K->14K(6144K), 0.0003357 secs] 11565K->7365K(19840K), 0.0003732 secs] [Times: user=0.00 sys=0.00, real=0.00 secs] 
Heap after GC invocations=410 (full 45):
 par new generation   total 6144K, used 14K [0x00000000fec00000, 0x00000000ff2a0000, 0x00000000ff2a0000)
  eden space 5504K,   0% used [0x00000000fec00000, 0x00000000fec00000, 0x00000000ff160000)
  from space 640K,   2% used [0x00000000ff200000, 0x00000000ff203870, 0x00000000ff2a0000)
  to   space 640K,   0% used [0x00000000ff160000, 0x00000000ff160000, 0x00000000ff200000)
 concurrent mark-sweep generation total 13696K, used 7351K [0x00000000ff2a0000, 0x0000000100000000, 0x0000000100000000)
 Metaspace       used 5078K, capacity 5258K, committed 5504K, reserved 1056768K
  class space    used 557K, capacity 597K, committed 640K, reserved 1048576K
}
{Heap before GC invocations=410 (full 45):
 par new generation   total 6144K, used 5241K [0x00000000fec00000, 0x00000000ff2a0000, 0x00000000ff2a0000)
  eden space 5504K,  94% used [0x00000000fec00000, 0x00000000ff11ada0, 0x00000000ff160000)
  from space 640K,   2% used [0x00000000ff200000, 0x00000000ff203870, 0x00000000ff2a0000)
  to   space 640K,   0% used [0x00000000ff160000, 0x00000000ff160000, 0x00000000ff200000)
 concurrent mark-sweep generation total 13696K, used 7351K [0x00000000ff2a0000, 0x0000000100000000, 0x0000000100000000)
 Metaspace       used 5078K, capacity 5258K, committed 5504K, reserved 1056768K
  class space    used 557K, capacity 597K, committed 640K, reserved 1048576K
2024-07-16T17:10:16.565+0800: 3.233: [GC (Allocation Failure) 2024-07-16T17:10:16.565+0800: 3.233: [ParNew: 5241K->4K(6144K), 0.0004343 secs] 12592K->8383K(19840K), 0.0005127 secs] [Times: user=0.00 sys=0.00, real=0.00 secs] 
Heap after GC invocations=411 (full 45):
 par new generation   total 6144K, used 4K [0x00000000fec00000, 0x00000000ff2a0000, 0x00000000ff2a0000)
  eden space 5504K,   0% used [0x00000000fec00000, 0x00000000fec00000, 0x00000000ff160000)
  from space 640K,   0% used [0x00000000ff160000, 0x00000000ff161020, 0x00000000ff200000)
  to   space 640K,   0% used [0x00000000ff200000, 0x00000000ff200000, 0x00000000ff2a0000)
 concurrent mark-sweep generation total 13696K, used 8379K [0x00000000ff2a0000, 0x0000000100000000, 0x0000000100000000)
 Metaspace       used 5078K, capacity 5258K, committed 5504K, reserved 1056768K
  class space    used 557K, capacity 597K, committed 640K, reserved 1048576K
}
2024-07-16T17:10:16.565+0800: 3.234: [GC (CMS Initial Mark) [1 CMS-initial-mark: 8379K(13696K)] 9407K(19840K), 0.0001083 secs] [Times: user=0.00 sys=0.00, real=0.00 secs] 
2024-07-16T17:10:16.565+0800: 3.234: [CMS-concurrent-mark-start]
2024-07-16T17:10:16.569+0800: 3.237: [CMS-concurrent-mark: 0.003/0.003 secs] [Times: user=0.00 sys=0.00, real=0.00 secs] 
2024-07-16T17:10:16.569+0800: 3.237: [CMS-concurrent-preclean-start]
2024-07-16T17:10:16.569+0800: 3.237: [CMS-concurrent-preclean: 0.000/0.000 secs] [Times: user=0.00 sys=0.00, real=0.00 secs] 
2024-07-16T17:10:16.569+0800: 3.237: [CMS-concurrent-abortable-preclean-start]
{Heap before GC invocations=411 (full 46):
 par new generation   total 6144K, used 5232K [0x00000000fec00000, 0x00000000ff2a0000, 0x00000000ff2a0000)
  eden space 5504K,  94% used [0x00000000fec00000, 0x00000000ff11b120, 0x00000000ff160000)
  from space 640K,   0% used [0x00000000ff160000, 0x00000000ff161020, 0x00000000ff200000)
  to   space 640K,   0% used [0x00000000ff200000, 0x00000000ff200000, 0x00000000ff2a0000)
 concurrent mark-sweep generation total 13696K, used 8379K [0x00000000ff2a0000, 0x0000000100000000, 0x0000000100000000)
 Metaspace       used 5078K, capacity 5258K, committed 5504K, reserved 1056768K
  class space    used 557K, capacity 597K, committed 640K, reserved 1048576K
2024-07-16T17:10:16.572+0800: 3.240: [GC (Allocation Failure) 2024-07-16T17:10:16.572+0800: 3.240: [ParNew: 5232K->8K(6144K), 0.0003152 secs] 13612K->9411K(19840K), 0.0003501 secs] [Times: user=0.00 sys=0.00, real=0.00 secs] 
Heap after GC invocations=412 (full 46):
 par new generation   total 6144K, used 8K [0x00000000fec00000, 0x00000000ff2a0000, 0x00000000ff2a0000)
  eden space 5504K,   0% used [0x00000000fec00000, 0x00000000fec00000, 0x00000000ff160000)
  from space 640K,   1% used [0x00000000ff200000, 0x00000000ff202040, 0x00000000ff2a0000)
  to   space 640K,   0% used [0x00000000ff160000, 0x00000000ff160000, 0x00000000ff200000)
 concurrent mark-sweep generation total 13696K, used 9403K [0x00000000ff2a0000, 0x0000000100000000, 0x0000000100000000)
 Metaspace       used 5078K, capacity 5258K, committed 5504K, reserved 1056768K
  class space    used 557K, capacity 597K, committed 640K, reserved 1048576K
}
{Heap before GC invocations=412 (full 46):
 par new generation   total 6144K, used 5236K [0x00000000fec00000, 0x00000000ff2a0000, 0x00000000ff2a0000)
  eden space 5504K,  95% used [0x00000000fec00000, 0x00000000ff11b368, 0x00000000ff160000)
  from space 640K,   1% used [0x00000000ff200000, 0x00000000ff202040, 0x00000000ff2a0000)
  to   space 640K,   0% used [0x00000000ff160000, 0x00000000ff160000, 0x00000000ff200000)
 concurrent mark-sweep generation total 13696K, used 9403K [0x00000000ff2a0000, 0x0000000100000000, 0x0000000100000000)
 Metaspace       used 5078K, capacity 5258K, committed 5504K, reserved 1056768K
  class space    used 557K, capacity 597K, committed 640K, reserved 1048576K
2024-07-16T17:10:16.579+0800: 3.247: [GC (Allocation Failure) 2024-07-16T17:10:16.579+0800: 3.247: [ParNew: 5236K->4K(6144K), 0.0002510 secs] 14640K->9407K(19840K), 0.0002779 secs] [Times: user=0.00 sys=0.00, real=0.00 secs] 
Heap after GC invocations=413 (full 46):
 par new generation   total 6144K, used 4K [0x00000000fec00000, 0x00000000ff2a0000, 0x00000000ff2a0000)
  eden space 5504K,   0% used [0x00000000fec00000, 0x00000000fec00000, 0x00000000ff160000)
  from space 640K,   0% used [0x00000000ff160000, 0x00000000ff161020, 0x00000000ff200000)
  to   space 640K,   0% used [0x00000000ff200000, 0x00000000ff200000, 0x00000000ff2a0000)
 concurrent mark-sweep generation total 13696K, used 9403K [0x00000000ff2a0000, 0x0000000100000000, 0x0000000100000000)
 Metaspace       used 5078K, capacity 5258K, committed 5504K, reserved 1056768K
  class space    used 557K, capacity 597K, committed 640K, reserved 1048576K
}
{Heap before GC invocations=413 (full 46):
 par new generation   total 6144K, used 5233K [0x00000000fec00000, 0x00000000ff2a0000, 0x00000000ff2a0000)
  eden space 5504K,  95% used [0x00000000fec00000, 0x00000000ff11b4e0, 0x00000000ff160000)
  from space 640K,   0% used [0x00000000ff160000, 0x00000000ff161020, 0x00000000ff200000)
  to   space 640K,   0% used [0x00000000ff200000, 0x00000000ff200000, 0x00000000ff2a0000)
 concurrent mark-sweep generation total 13696K, used 9403K [0x00000000ff2a0000, 0x0000000100000000, 0x0000000100000000)
 Metaspace       used 5078K, capacity 5258K, committed 5504K, reserved 1056768K
  class space    used 557K, capacity 597K, committed 640K, reserved 1048576K
2024-07-16T17:10:16.586+0800: 3.254: [GC (Allocation Failure) 2024-07-16T17:10:16.586+0800: 3.254: [ParNew: 5233K->6K(6144K), 0.0006176 secs] 14637K->10433K(19840K), 0.0006891 secs] [Times: user=0.00 sys=0.00, real=0.00 secs] 
Heap after GC invocations=414 (full 46):
 par new generation   total 6144K, used 6K [0x00000000fec00000, 0x00000000ff2a0000, 0x00000000ff2a0000)
  eden space 5504K,   0% used [0x00000000fec00000, 0x00000000fec00000, 0x00000000ff160000)
  from space 640K,   0% used [0x00000000ff200000, 0x00000000ff201830, 0x00000000ff2a0000)
  to   space 640K,   0% used [0x00000000ff160000, 0x00000000ff160000, 0x00000000ff200000)
 concurrent mark-sweep generation total 13696K, used 10427K [0x00000000ff2a0000, 0x0000000100000000, 0x0000000100000000)
 Metaspace       used 5078K, capacity 5258K, committed 5504K, reserved 1056768K
  class space    used 557K, capacity 597K, committed 640K, reserved 1048576K
}
{Heap before GC invocations=414 (full 46):
 par new generation   total 6144K, used 5235K [0x00000000fec00000, 0x00000000ff2a0000, 0x00000000ff2a0000)
  eden space 5504K,  95% used [0x00000000fec00000, 0x00000000ff11b5d0, 0x00000000ff160000)
  from space 640K,   0% used [0x00000000ff200000, 0x00000000ff201830, 0x00000000ff2a0000)
  to   space 640K,   0% used [0x00000000ff160000, 0x00000000ff160000, 0x00000000ff200000)
 concurrent mark-sweep generation total 13696K, used 10427K [0x00000000ff2a0000, 0x0000000100000000, 0x0000000100000000)
 Metaspace       used 5078K, capacity 5258K, committed 5504K, reserved 1056768K
  class space    used 557K, capacity 597K, committed 640K, reserved 1048576K
2024-07-16T17:10:16.593+0800: 3.261: [GC (Allocation Failure) 2024-07-16T17:10:16.593+0800: 3.261: [ParNew (promotion failed): 5235K->5239K(6144K), 0.0009233 secs]2024-07-16T17:10:16.594+0800: 3.262: [CMS2024-07-16T17:10:16.594+0800: 3.262: [CMS-concurrent-abortable-preclean: 0.000/0.025 secs] [Times: user=0.00 sys=0.00, real=0.03 secs] 
 (concurrent mode failure): 10427K->2215K(13696K), 0.0047369 secs] 15663K->2215K(19840K), [Metaspace: 5078K->5078K(1056768K)], 0.0057751 secs] [Times: user=0.02 sys=0.00, real=0.01 secs] 
Heap after GC invocations=415 (full 47):
 par new generation   total 6144K, used 0K [0x00000000fec00000, 0x00000000ff2a0000, 0x00000000ff2a0000)
  eden space 5504K,   0% used [0x00000000fec00000, 0x00000000fec00000, 0x00000000ff160000)
  from space 640K,   0% used [0x00000000ff160000, 0x00000000ff160000, 0x00000000ff200000)
  to   space 640K,   0% used [0x00000000ff200000, 0x00000000ff200000, 0x00000000ff2a0000)
 concurrent mark-sweep generation total 13696K, used 2215K [0x00000000ff2a0000, 0x0000000100000000, 0x0000000100000000)
 Metaspace       used 5078K, capacity 5258K, committed 5504K, reserved 1056768K
  class space    used 557K, capacity 597K, committed 640K, reserved 1048576K
}
{Heap before GC invocations=415 (full 47):
 par new generation   total 6144K, used 5229K [0x00000000fec00000, 0x00000000ff2a0000, 0x00000000ff2a0000)
  eden space 5504K,  95% used [0x00000000fec00000, 0x00000000ff11b668, 0x00000000ff160000)
  from space 640K,   0% used [0x00000000ff160000, 0x00000000ff160000, 0x00000000ff200000)
  to   space 640K,   0% used [0x00000000ff200000, 0x00000000ff200000, 0x00000000ff2a0000)
 concurrent mark-sweep generation total 13696K, used 2215K [0x00000000ff2a0000, 0x0000000100000000, 0x0000000100000000)
 Metaspace       used 5078K, capacity 5258K, committed 5504K, reserved 1056768K
  class space    used 557K, capacity 597K, committed 640K, reserved 1048576K
2024-07-16T17:10:16.606+0800: 3.274: [GC (Allocation Failure) 2024-07-16T17:10:16.606+0800: 3.274: [ParNew: 5229K->6K(6144K), 0.0009258 secs] 7445K->3247K(19840K), 0.0010287 secs] [Times: user=0.00 sys=0.00, real=0.00 secs] 
Heap after GC invocations=416 (full 47):
 par new generation   total 6144K, used 6K [0x00000000fec00000, 0x00000000ff2a0000, 0x00000000ff2a0000)
  eden space 5504K,   0% used [0x00000000fec00000, 0x00000000fec00000, 0x00000000ff160000)
  from space 640K,   0% used [0x00000000ff200000, 0x00000000ff201830, 0x00000000ff2a0000)
  to   space 640K,   0% used [0x00000000ff160000, 0x00000000ff160000, 0x00000000ff200000)
 concurrent mark-sweep generation total 13696K, used 3241K [0x00000000ff2a0000, 0x0000000100000000, 0x0000000100000000)
 Metaspace       used 5078K, capacity 5258K, committed 5504K, reserved 1056768K
  class space    used 557K, capacity 597K, committed 640K, reserved 1048576K
}
{Heap before GC invocations=416 (full 47):
 par new generation   total 6144K, used 5235K [0x00000000fec00000, 0x00000000ff2a0000, 0x00000000ff2a0000)
  eden space 5504K,  95% used [0x00000000fec00000, 0x00000000ff11b6c8, 0x00000000ff160000)
  from space 640K,   0% used [0x00000000ff200000, 0x00000000ff201830, 0x00000000ff2a0000)
  to   space 640K,   0% used [0x00000000ff160000, 0x00000000ff160000, 0x00000000ff200000)
 concurrent mark-sweep generation total 13696K, used 3241K [0x00000000ff2a0000, 0x0000000100000000, 0x0000000100000000)
 Metaspace       used 5078K, capacity 5258K, committed 5504K, reserved 1056768K
  class space    used 557K, capacity 597K, committed 640K, reserved 1048576K
2024-07-16T17:10:16.614+0800: 3.282: [GC (Allocation Failure) 2024-07-16T17:10:16.614+0800: 3.282: [ParNew: 5235K->8K(6144K), 0.0009577 secs] 8477K->4275K(19840K), 0.0010593 secs] [Times: user=0.00 sys=0.00, real=0.00 secs] 
Heap after GC invocations=417 (full 47):
 par new generation   total 6144K, used 8K [0x00000000fec00000, 0x00000000ff2a0000, 0x00000000ff2a0000)
  eden space 5504K,   0% used [0x00000000fec00000, 0x00000000fec00000, 0x00000000ff160000)
  from space 640K,   1% used [0x00000000ff160000, 0x00000000ff162040, 0x00000000ff200000)
  to   space 640K,   0% used [0x00000000ff200000, 0x00000000ff200000, 0x00000000ff2a0000)
 concurrent mark-sweep generation total 13696K, used 4267K [0x00000000ff2a0000, 0x0000000100000000, 0x0000000100000000)
 Metaspace       used 5078K, capacity 5258K, committed 5504K, reserved 1056768K
  class space    used 557K, capacity 597K, committed 640K, reserved 1048576K
}
{Heap before GC invocations=417 (full 47):
 par new generation   total 6144K, used 5237K [0x00000000fec00000, 0x00000000ff2a0000, 0x00000000ff2a0000)
  eden space 5504K,  95% used [0x00000000fec00000, 0x00000000ff11b708, 0x00000000ff160000)
  from space 640K,   1% used [0x00000000ff160000, 0x00000000ff162040, 0x00000000ff200000)
  to   space 640K,   0% used [0x00000000ff200000, 0x00000000ff200000, 0x00000000ff2a0000)
 concurrent mark-sweep generation total 13696K, used 4267K [0x00000000ff2a0000, 0x0000000100000000, 0x0000000100000000)
 Metaspace       used 5078K, capacity 5258K, committed 5504K, reserved 1056768K
  class space    used 557K, capacity 597K, committed 640K, reserved 1048576K
2024-07-16T17:10:16.621+0800: 3.289: [GC (Allocation Failure) 2024-07-16T17:10:16.621+0800: 3.289: [ParNew: 5237K->8K(6144K), 0.0009081 secs] 9505K->5301K(19840K), 0.0009714 secs] [Times: user=0.00 sys=0.00, real=0.00 secs] 
Heap after GC invocations=418 (full 47):
 par new generation   total 6144K, used 8K [0x00000000fec00000, 0x00000000ff2a0000, 0x00000000ff2a0000)
  eden space 5504K,   0% used [0x00000000fec00000, 0x00000000fec00000, 0x00000000ff160000)
  from space 640K,   1% used [0x00000000ff200000, 0x00000000ff202040, 0x00000000ff2a0000)
  to   space 640K,   0% used [0x00000000ff160000, 0x00000000ff160000, 0x00000000ff200000)
 concurrent mark-sweep generation total 13696K, used 5293K [0x00000000ff2a0000, 0x0000000100000000, 0x0000000100000000)
 Metaspace       used 5078K, capacity 5258K, committed 5504K, reserved 1056768K
  class space    used 557K, capacity 597K, committed 640K, reserved 1048576K
}
{Heap before GC invocations=418 (full 47):
 par new generation   total 6144K, used 5237K [0x00000000fec00000, 0x00000000ff2a0000, 0x00000000ff2a0000)
  eden space 5504K,  95% used [0x00000000fec00000, 0x00000000ff11b730, 0x00000000ff160000)
  from space 640K,   1% used [0x00000000ff200000, 0x00000000ff202040, 0x00000000ff2a0000)
  to   space 640K,   0% used [0x00000000ff160000, 0x00000000ff160000, 0x00000000ff200000)
 concurrent mark-sweep generation total 13696K, used 5293K [0x00000000ff2a0000, 0x0000000100000000, 0x0000000100000000)
 Metaspace       used 5078K, capacity 5258K, committed 5504K, reserved 1056768K
  class space    used 557K, capacity 597K, committed 640K, reserved 1048576K
2024-07-16T17:10:16.628+0800: 3.296: [GC (Allocation Failure) 2024-07-16T17:10:16.628+0800: 3.296: [ParNew: 5237K->8K(6144K), 0.0011208 secs] 10531K->6327K(19840K), 0.0011832 secs] [Times: user=0.00 sys=0.00, real=0.00 secs] 
Heap after GC invocations=419 (full 47):
 par new generation   total 6144K, used 8K [0x00000000fec00000, 0x00000000ff2a0000, 0x00000000ff2a0000)
  eden space 5504K,   0% used [0x00000000fec00000, 0x00000000fec00000, 0x00000000ff160000)
  from space 640K,   1% used [0x00000000ff160000, 0x00000000ff162040, 0x00000000ff200000)
  to   space 640K,   0% used [0x00000000ff200000, 0x00000000ff200000, 0x00000000ff2a0000)
 concurrent mark-sweep generation total 13696K, used 6319K [0x00000000ff2a0000, 0x0000000100000000, 0x0000000100000000)
 Metaspace       used 5078K, capacity 5258K, committed 5504K, reserved 1056768K
  class space    used 557K, capacity 597K, committed 640K, reserved 1048576K
}
{Heap before GC invocations=419 (full 47):
 par new generation   total 6144K, used 5237K [0x00000000fec00000, 0x00000000ff2a0000, 0x00000000ff2a0000)
  eden space 5504K,  95% used [0x00000000fec00000, 0x00000000ff11b750, 0x00000000ff160000)
  from space 640K,   1% used [0x00000000ff160000, 0x00000000ff162040, 0x00000000ff200000)
  to   space 640K,   0% used [0x00000000ff200000, 0x00000000ff200000, 0x00000000ff2a0000)
 concurrent mark-sweep generation total 13696K, used 6319K [0x00000000ff2a0000, 0x0000000100000000, 0x0000000100000000)
 Metaspace       used 5078K, capacity 5258K, committed 5504K, reserved 1056768K
  class space    used 557K, capacity 597K, committed 640K, reserved 1048576K
2024-07-16T17:10:16.637+0800: 3.305: [GC (Allocation Failure) 2024-07-16T17:10:16.637+0800: 3.305: [ParNew: 5237K->8K(6144K), 0.0013338 secs] 11557K->7353K(19840K), 0.0014348 secs] [Times: user=0.00 sys=0.00, real=0.00 secs] 
Heap after GC invocations=420 (full 47):
 par new generation   total 6144K, used 8K [0x00000000fec00000, 0x00000000ff2a0000, 0x00000000ff2a0000)
  eden space 5504K,   0% used [0x00000000fec00000, 0x00000000fec00000, 0x00000000ff160000)
  from space 640K,   1% used [0x00000000ff200000, 0x00000000ff202040, 0x00000000ff2a0000)
  to   space 640K,   0% used [0x00000000ff160000, 0x00000000ff160000, 0x00000000ff200000)
 concurrent mark-sweep generation total 13696K, used 7345K [0x00000000ff2a0000, 0x0000000100000000, 0x0000000100000000)
 Metaspace       used 5078K, capacity 5258K, committed 5504K, reserved 1056768K
  class space    used 557K, capacity 597K, committed 640K, reserved 1048576K
}
{Heap before GC invocations=420 (full 47):
 par new generation   total 6144K, used 5237K [0x00000000fec00000, 0x00000000ff2a0000, 0x00000000ff2a0000)
  eden space 5504K,  95% used [0x00000000fec00000, 0x00000000ff11b760, 0x00000000ff160000)
  from space 640K,   1% used [0x00000000ff200000, 0x00000000ff202040, 0x00000000ff2a0000)
  to   space 640K,   0% used [0x00000000ff160000, 0x00000000ff160000, 0x00000000ff200000)
 concurrent mark-sweep generation total 13696K, used 7345K [0x00000000ff2a0000, 0x0000000100000000, 0x0000000100000000)
 Metaspace       used 5078K, capacity 5258K, committed 5504K, reserved 1056768K
  class space    used 557K, capacity 597K, committed 640K, reserved 1048576K
2024-07-16T17:10:16.645+0800: 3.313: [GC (Allocation Failure) 2024-07-16T17:10:16.645+0800: 3.313: [ParNew: 5237K->8K(6144K), 0.0011368 secs] 12583K->8379K(19840K), 0.0012450 secs] [Times: user=0.00 sys=0.00, real=0.00 secs] 
Heap after GC invocations=421 (full 47):
 par new generation   total 6144K, used 8K [0x00000000fec00000, 0x00000000ff2a0000, 0x00000000ff2a0000)
  eden space 5504K,   0% used [0x00000000fec00000, 0x00000000fec00000, 0x00000000ff160000)
  from space 640K,   1% used [0x00000000ff160000, 0x00000000ff162040, 0x00000000ff200000)
  to   space 640K,   0% used [0x00000000ff200000, 0x00000000ff200000, 0x00000000ff2a0000)
 concurrent mark-sweep generation total 13696K, used 8371K [0x00000000ff2a0000, 0x0000000100000000, 0x0000000100000000)
 Metaspace       used 5078K, capacity 5258K, committed 5504K, reserved 1056768K
  class space    used 557K, capacity 597K, committed 640K, reserved 1048576K
}
2024-07-16T17:10:16.646+0800: 3.315: [GC (CMS Initial Mark) [1 CMS-initial-mark: 8371K(13696K)] 9405K(19840K), 0.0005112 secs] [Times: user=0.00 sys=0.00, real=0.00 secs] 
2024-07-16T17:10:16.647+0800: 3.315: [CMS-concurrent-mark-start]
2024-07-16T17:10:16.652+0800: 3.321: [CMS-concurrent-mark: 0.006/0.006 secs] [Times: user=0.00 sys=0.00, real=0.00 secs] 
2024-07-16T17:10:16.653+0800: 3.321: [CMS-concurrent-preclean-start]
2024-07-16T17:10:16.653+0800: 3.321: [CMS-concurrent-preclean: 0.000/0.000 secs] [Times: user=0.00 sys=0.00, real=0.00 secs] 
2024-07-16T17:10:16.653+0800: 3.321: [CMS-concurrent-abortable-preclean-start]
{Heap before GC invocations=421 (full 48):
 par new generation   total 6144K, used 5237K [0x00000000fec00000, 0x00000000ff2a0000, 0x00000000ff2a0000)
  eden space 5504K,  95% used [0x00000000fec00000, 0x00000000ff11b768, 0x00000000ff160000)
  from space 640K,   1% used [0x00000000ff160000, 0x00000000ff162040, 0x00000000ff200000)
  to   space 640K,   0% used [0x00000000ff200000, 0x00000000ff200000, 0x00000000ff2a0000)
 concurrent mark-sweep generation total 13696K, used 8371K [0x00000000ff2a0000, 0x0000000100000000, 0x0000000100000000)
 Metaspace       used 5078K, capacity 5258K, committed 5504K, reserved 1056768K
  class space    used 557K, capacity 597K, committed 640K, reserved 1048576K
2024-07-16T17:10:16.655+0800: 3.323: [GC (Allocation Failure) 2024-07-16T17:10:16.655+0800: 3.323: [ParNew: 5237K->4K(6144K), 0.0006887 secs] 13609K->8375K(19840K), 0.0007719 secs] [Times: user=0.00 sys=0.00, real=0.00 secs] 
Heap after GC invocations=422 (full 48):
 par new generation   total 6144K, used 4K [0x00000000fec00000, 0x00000000ff2a0000, 0x00000000ff2a0000)
  eden space 5504K,   0% used [0x00000000fec00000, 0x00000000fec00000, 0x00000000ff160000)
  from space 640K,   0% used [0x00000000ff200000, 0x00000000ff201020, 0x00000000ff2a0000)
  to   space 640K,   0% used [0x00000000ff160000, 0x00000000ff160000, 0x00000000ff200000)
 concurrent mark-sweep generation total 13696K, used 8371K [0x00000000ff2a0000, 0x0000000100000000, 0x0000000100000000)
 Metaspace       used 5078K, capacity 5258K, committed 5504K, reserved 1056768K
  class space    used 557K, capacity 597K, committed 640K, reserved 1048576K
}
{Heap before GC invocations=422 (full 48):
 par new generation   total 6144K, used 5233K [0x00000000fec00000, 0x00000000ff2a0000, 0x00000000ff2a0000)
  eden space 5504K,  95% used [0x00000000fec00000, 0x00000000ff11b770, 0x00000000ff160000)
  from space 640K,   0% used [0x00000000ff200000, 0x00000000ff201020, 0x00000000ff2a0000)
  to   space 640K,   0% used [0x00000000ff160000, 0x00000000ff160000, 0x00000000ff200000)
 concurrent mark-sweep generation total 13696K, used 8371K [0x00000000ff2a0000, 0x0000000100000000, 0x0000000100000000)
 Metaspace       used 5078K, capacity 5258K, committed 5504K, reserved 1056768K
  class space    used 557K, capacity 597K, committed 640K, reserved 1048576K
2024-07-16T17:10:16.662+0800: 3.330: [GC (Allocation Failure) 2024-07-16T17:10:16.662+0800: 3.330: [ParNew: 5233K->8K(6144K), 0.0011426 secs] 13605K->9403K(19840K), 0.0012233 secs] [Times: user=0.00 sys=0.00, real=0.00 secs] 
Heap after GC invocations=423 (full 48):
 par new generation   total 6144K, used 8K [0x00000000fec00000, 0x00000000ff2a0000, 0x00000000ff2a0000)
  eden space 5504K,   0% used [0x00000000fec00000, 0x00000000fec00000, 0x00000000ff160000)
  from space 640K,   1% used [0x00000000ff160000, 0x00000000ff162040, 0x00000000ff200000)
  to   space 640K,   0% used [0x00000000ff200000, 0x00000000ff200000, 0x00000000ff2a0000)
 concurrent mark-sweep generation total 13696K, used 9395K [0x00000000ff2a0000, 0x0000000100000000, 0x0000000100000000)
 Metaspace       used 5078K, capacity 5258K, committed 5504K, reserved 1056768K
  class space    used 557K, capacity 597K, committed 640K, reserved 1048576K
}
{Heap before GC invocations=423 (full 48):
 par new generation   total 6144K, used 5237K [0x00000000fec00000, 0x00000000ff2a0000, 0x00000000ff2a0000)
  eden space 5504K,  95% used [0x00000000fec00000, 0x00000000ff11b778, 0x00000000ff160000)
  from space 640K,   1% used [0x00000000ff160000, 0x00000000ff162040, 0x00000000ff200000)
  to   space 640K,   0% used [0x00000000ff200000, 0x00000000ff200000, 0x00000000ff2a0000)
 concurrent mark-sweep generation total 13696K, used 9395K [0x00000000ff2a0000, 0x0000000100000000, 0x0000000100000000)
 Metaspace       used 5078K, capacity 5258K, committed 5504K, reserved 1056768K
  class space    used 557K, capacity 597K, committed 640K, reserved 1048576K
2024-07-16T17:10:16.670+0800: 3.338: [GC (Allocation Failure) 2024-07-16T17:10:16.670+0800: 3.338: [ParNew: 5237K->4K(6144K), 0.0011093 secs] 14633K->9399K(19840K), 0.0012489 secs] [Times: user=0.00 sys=0.00, real=0.00 secs] 
Heap after GC invocations=424 (full 48):
 par new generation   total 6144K, used 4K [0x00000000fec00000, 0x00000000ff2a0000, 0x00000000ff2a0000)
  eden space 5504K,   0% used [0x00000000fec00000, 0x00000000fec00000, 0x00000000ff160000)
  from space 640K,   0% used [0x00000000ff200000, 0x00000000ff201020, 0x00000000ff2a0000)
  to   space 640K,   0% used [0x00000000ff160000, 0x00000000ff160000, 0x00000000ff200000)
 concurrent mark-sweep generation total 13696K, used 9395K [0x00000000ff2a0000, 0x0000000100000000, 0x0000000100000000)
 Metaspace       used 5078K, capacity 5258K, committed 5504K, reserved 1056768K
  class space    used 557K, capacity 597K, committed 640K, reserved 1048576K
}
{Heap before GC invocations=424 (full 48):
 par new generation   total 6144K, used 5233K [0x00000000fec00000, 0x00000000ff2a0000, 0x00000000ff2a0000)
  eden space 5504K,  95% used [0x00000000fec00000, 0x00000000ff11b778, 0x00000000ff160000)
  from space 640K,   0% used [0x00000000ff200000, 0x00000000ff201020, 0x00000000ff2a0000)
  to   space 640K,   0% used [0x00000000ff160000, 0x00000000ff160000, 0x00000000ff200000)
 concurrent mark-sweep generation total 13696K, used 9395K [0x00000000ff2a0000, 0x0000000100000000, 0x0000000100000000)
 Metaspace       used 5078K, capacity 5258K, committed 5504K, reserved 1056768K
  class space    used 557K, capacity 597K, committed 640K, reserved 1048576K
2024-07-16T17:10:16.678+0800: 3.346: [GC (Allocation Failure) 2024-07-16T17:10:16.678+0800: 3.346: [ParNew: 5233K->4K(6144K), 0.0007366 secs] 14629K->9399K(19840K), 0.0008084 secs] [Times: user=0.00 sys=0.00, real=0.00 secs] 
Heap after GC invocations=425 (full 48):
 par new generation   total 6144K, used 4K [0x00000000fec00000, 0x00000000ff2a0000, 0x00000000ff2a0000)
  eden space 5504K,   0% used [0x00000000fec00000, 0x00000000fec00000, 0x00000000ff160000)
  from space 640K,   0% used [0x00000000ff160000, 0x00000000ff161020, 0x00000000ff200000)
  to   space 640K,   0% used [0x00000000ff200000, 0x00000000ff200000, 0x00000000ff2a0000)
 concurrent mark-sweep generation total 13696K, used 9395K [0x00000000ff2a0000, 0x0000000100000000, 0x0000000100000000)
 Metaspace       used 5078K, capacity 5258K, committed 5504K, reserved 1056768K
  class space    used 557K, capacity 597K, committed 640K, reserved 1048576K
}
{Heap before GC invocations=425 (full 48):
 par new generation   total 6144K, used 5233K [0x00000000fec00000, 0x00000000ff2a0000, 0x00000000ff2a0000)
  eden space 5504K,  95% used [0x00000000fec00000, 0x00000000ff11b778, 0x00000000ff160000)
  from space 640K,   0% used [0x00000000ff160000, 0x00000000ff161020, 0x00000000ff200000)
  to   space 640K,   0% used [0x00000000ff200000, 0x00000000ff200000, 0x00000000ff2a0000)
 concurrent mark-sweep generation total 13696K, used 9395K [0x00000000ff2a0000, 0x0000000100000000, 0x0000000100000000)
 Metaspace       used 5078K, capacity 5258K, committed 5504K, reserved 1056768K
  class space    used 557K, capacity 597K, committed 640K, reserved 1048576K
2024-07-16T17:10:16.685+0800: 3.353: [GC (Allocation Failure) 2024-07-16T17:10:16.685+0800: 3.353: [ParNew: 5233K->8K(6144K), 0.0009747 secs] 14629K->10427K(19840K), 0.0010509 secs] [Times: user=0.00 sys=0.00, real=0.00 secs] 
Heap after GC invocations=426 (full 48):
 par new generation   total 6144K, used 8K [0x00000000fec00000, 0x00000000ff2a0000, 0x00000000ff2a0000)
  eden space 5504K,   0% used [0x00000000fec00000, 0x00000000fec00000, 0x00000000ff160000)
  from space 640K,   1% used [0x00000000ff200000, 0x00000000ff202040, 0x00000000ff2a0000)
  to   space 640K,   0% used [0x00000000ff160000, 0x00000000ff160000, 0x00000000ff200000)
 concurrent mark-sweep generation total 13696K, used 10419K [0x00000000ff2a0000, 0x0000000100000000, 0x0000000100000000)
 Metaspace       used 5078K, capacity 5258K, committed 5504K, reserved 1056768K
  class space    used 557K, capacity 597K, committed 640K, reserved 1048576K
}
{Heap before GC invocations=426 (full 48):
 par new generation   total 6144K, used 5237K [0x00000000fec00000, 0x00000000ff2a0000, 0x00000000ff2a0000)
  eden space 5504K,  95% used [0x00000000fec00000, 0x00000000ff11b778, 0x00000000ff160000)
  from space 640K,   1% used [0x00000000ff200000, 0x00000000ff202040, 0x00000000ff2a0000)
  to   space 640K,   0% used [0x00000000ff160000, 0x00000000ff160000, 0x00000000ff200000)
 concurrent mark-sweep generation total 13696K, used 10419K [0x00000000ff2a0000, 0x0000000100000000, 0x0000000100000000)
 Metaspace       used 5078K, capacity 5258K, committed 5504K, reserved 1056768K
  class space    used 557K, capacity 597K, committed 640K, reserved 1048576K
2024-07-16T17:10:16.695+0800: 3.363: [GC (Allocation Failure) 2024-07-16T17:10:16.695+0800: 3.363: [ParNew: 5237K->4K(6144K), 0.0007711 secs] 15657K->10423K(19840K), 0.0008454 secs] [Times: user=0.00 sys=0.00, real=0.00 secs] 
Heap after GC invocations=427 (full 48):
 par new generation   total 6144K, used 4K [0x00000000fec00000, 0x00000000ff2a0000, 0x00000000ff2a0000)
  eden space 5504K,   0% used [0x00000000fec00000, 0x00000000fec00000, 0x00000000ff160000)
  from space 640K,   0% used [0x00000000ff160000, 0x00000000ff161020, 0x00000000ff200000)
  to   space 640K,   0% used [0x00000000ff200000, 0x00000000ff200000, 0x00000000ff2a0000)
 concurrent mark-sweep generation total 13696K, used 10419K [0x00000000ff2a0000, 0x0000000100000000, 0x0000000100000000)
 Metaspace       used 5078K, capacity 5258K, committed 5504K, reserved 1056768K
  class space    used 557K, capacity 597K, committed 640K, reserved 1048576K
}
{Heap before GC invocations=427 (full 48):
 par new generation   total 6144K, used 5233K [0x00000000fec00000, 0x00000000ff2a0000, 0x00000000ff2a0000)
  eden space 5504K,  95% used [0x00000000fec00000, 0x00000000ff11b778, 0x00000000ff160000)
  from space 640K,   0% used [0x00000000ff160000, 0x00000000ff161020, 0x00000000ff200000)
  to   space 640K,   0% used [0x00000000ff200000, 0x00000000ff200000, 0x00000000ff2a0000)
 concurrent mark-sweep generation total 13696K, used 10419K [0x00000000ff2a0000, 0x0000000100000000, 0x0000000100000000)
 Metaspace       used 5078K, capacity 5258K, committed 5504K, reserved 1056768K
  class space    used 557K, capacity 597K, committed 640K, reserved 1048576K
2024-07-16T17:10:16.703+0800: 3.371: [GC (Allocation Failure) 2024-07-16T17:10:16.703+0800: 3.371: [ParNew: 5233K->10K(6144K), 0.0012022 secs] 15653K->11453K(19840K), 0.0012830 secs] [Times: user=0.00 sys=0.00, real=0.00 secs] 
Heap after GC invocations=428 (full 48):
 par new generation   total 6144K, used 10K [0x00000000fec00000, 0x00000000ff2a0000, 0x00000000ff2a0000)
  eden space 5504K,   0% used [0x00000000fec00000, 0x00000000fec00000, 0x00000000ff160000)
  from space 640K,   1% used [0x00000000ff200000, 0x00000000ff202850, 0x00000000ff2a0000)
  to   space 640K,   0% used [0x00000000ff160000, 0x00000000ff160000, 0x00000000ff200000)
 concurrent mark-sweep generation total 13696K, used 11443K [0x00000000ff2a0000, 0x0000000100000000, 0x0000000100000000)
 Metaspace       used 5078K, capacity 5258K, committed 5504K, reserved 1056768K
  class space    used 557K, capacity 597K, committed 640K, reserved 1048576K
}
{Heap before GC invocations=428 (full 48):
 par new generation   total 6144K, used 5239K [0x00000000fec00000, 0x00000000ff2a0000, 0x00000000ff2a0000)
  eden space 5504K,  95% used [0x00000000fec00000, 0x00000000ff11b778, 0x00000000ff160000)
  from space 640K,   1% used [0x00000000ff200000, 0x00000000ff202850, 0x00000000ff2a0000)
  to   space 640K,   0% used [0x00000000ff160000, 0x00000000ff160000, 0x00000000ff200000)
 concurrent mark-sweep generation total 13696K, used 11443K [0x00000000ff2a0000, 0x0000000100000000, 0x0000000100000000)
 Metaspace       used 5078K, capacity 5258K, committed 5504K, reserved 1056768K
  class space    used 557K, capacity 597K, committed 640K, reserved 1048576K
2024-07-16T17:10:16.709+0800: 3.378: [GC (Allocation Failure) 2024-07-16T17:10:16.709+0800: 3.378: [ParNew: 5239K->4K(6144K), 0.0012416 secs] 16683K->11447K(19840K), 0.0013816 secs] [Times: user=0.00 sys=0.00, real=0.00 secs] 
Heap after GC invocations=429 (full 48):
 par new generation   total 6144K, used 4K [0x00000000fec00000, 0x00000000ff2a0000, 0x00000000ff2a0000)
  eden space 5504K,   0% used [0x00000000fec00000, 0x00000000fec00000, 0x00000000ff160000)
  from space 640K,   0% used [0x00000000ff160000, 0x00000000ff161020, 0x00000000ff200000)
  to   space 640K,   0% used [0x00000000ff200000, 0x00000000ff200000, 0x00000000ff2a0000)
 concurrent mark-sweep generation total 13696K, used 11443K [0x00000000ff2a0000, 0x0000000100000000, 0x0000000100000000)
 Metaspace       used 5078K, capacity 5258K, committed 5504K, reserved 1056768K
  class space    used 557K, capacity 597K, committed 640K, reserved 1048576K
}
{Heap before GC invocations=429 (full 48):
 par new generation   total 6144K, used 5233K [0x00000000fec00000, 0x00000000ff2a0000, 0x00000000ff2a0000)
  eden space 5504K,  95% used [0x00000000fec00000, 0x00000000ff11b778, 0x00000000ff160000)
  from space 640K,   0% used [0x00000000ff160000, 0x00000000ff161020, 0x00000000ff200000)
  to   space 640K,   0% used [0x00000000ff200000, 0x00000000ff200000, 0x00000000ff2a0000)
 concurrent mark-sweep generation total 13696K, used 11443K [0x00000000ff2a0000, 0x0000000100000000, 0x0000000100000000)
 Metaspace       used 5078K, capacity 5258K, committed 5504K, reserved 1056768K
  class space    used 557K, capacity 597K, committed 640K, reserved 1048576K
2024-07-16T17:10:16.717+0800: 3.386: [GC (Allocation Failure) 2024-07-16T17:10:16.717+0800: 3.386: [ParNew: 5233K->4K(6144K), 0.0008695 secs] 16677K->11447K(19840K), 0.0009408 secs] [Times: user=0.00 sys=0.00, real=0.00 secs] 
Heap after GC invocations=430 (full 48):
 par new generation   total 6144K, used 4K [0x00000000fec00000, 0x00000000ff2a0000, 0x00000000ff2a0000)
  eden space 5504K,   0% used [0x00000000fec00000, 0x00000000fec00000, 0x00000000ff160000)
  from space 640K,   0% used [0x00000000ff200000, 0x00000000ff201020, 0x00000000ff2a0000)
  to   space 640K,   0% used [0x00000000ff160000, 0x00000000ff160000, 0x00000000ff200000)
 concurrent mark-sweep generation total 13696K, used 11443K [0x00000000ff2a0000, 0x0000000100000000, 0x0000000100000000)
 Metaspace       used 5078K, capacity 5258K, committed 5504K, reserved 1056768K
  class space    used 557K, capacity 597K, committed 640K, reserved 1048576K
}
{Heap before GC invocations=430 (full 48):
 par new generation   total 6144K, used 5233K [0x00000000fec00000, 0x00000000ff2a0000, 0x00000000ff2a0000)
  eden space 5504K,  95% used [0x00000000fec00000, 0x00000000ff11b778, 0x00000000ff160000)
  from space 640K,   0% used [0x00000000ff200000, 0x00000000ff201020, 0x00000000ff2a0000)
  to   space 640K,   0% used [0x00000000ff160000, 0x00000000ff160000, 0x00000000ff200000)
 concurrent mark-sweep generation total 13696K, used 11443K [0x00000000ff2a0000, 0x0000000100000000, 0x0000000100000000)
 Metaspace       used 5078K, capacity 5258K, committed 5504K, reserved 1056768K
  class space    used 557K, capacity 597K, committed 640K, reserved 1048576K
2024-07-16T17:10:16.726+0800: 3.395: [GC (Allocation Failure) 2024-07-16T17:10:16.726+0800: 3.395: [ParNew: 5233K->8K(6144K), 0.0004953 secs] 16677K->12478K(19840K), 0.0005279 secs] [Times: user=0.00 sys=0.00, real=0.00 secs] 
Heap after GC invocations=431 (full 48):
 par new generation   total 6144K, used 8K [0x00000000fec00000, 0x00000000ff2a0000, 0x00000000ff2a0000)
  eden space 5504K,   0% used [0x00000000fec00000, 0x00000000fec00000, 0x00000000ff160000)
  from space 640K,   1% used [0x00000000ff160000, 0x00000000ff162040, 0x00000000ff200000)
  to   space 640K,   0% used [0x00000000ff200000, 0x00000000ff200000, 0x00000000ff2a0000)
 concurrent mark-sweep generation total 13696K, used 12469K [0x00000000ff2a0000, 0x0000000100000000, 0x0000000100000000)
 Metaspace       used 5078K, capacity 5258K, committed 5504K, reserved 1056768K
  class space    used 557K, capacity 597K, committed 640K, reserved 1048576K
}
{Heap before GC invocations=431 (full 48):
 par new generation   total 6144K, used 5237K [0x00000000fec00000, 0x00000000ff2a0000, 0x00000000ff2a0000)
  eden space 5504K,  95% used [0x00000000fec00000, 0x00000000ff11b778, 0x00000000ff160000)
  from space 640K,   1% used [0x00000000ff160000, 0x00000000ff162040, 0x00000000ff200000)
  to   space 640K,   0% used [0x00000000ff200000, 0x00000000ff200000, 0x00000000ff2a0000)
 concurrent mark-sweep generation total 13696K, used 12469K [0x00000000ff2a0000, 0x0000000100000000, 0x0000000100000000)
 Metaspace       used 5078K, capacity 5258K, committed 5504K, reserved 1056768K
  class space    used 557K, capacity 597K, committed 640K, reserved 1048576K
2024-07-16T17:10:16.734+0800: 3.403: [GC (Allocation Failure) 2024-07-16T17:10:16.734+0800: 3.403: [ParNew: 5237K->5237K(6144K), 0.0000164 secs]2024-07-16T17:10:16.734+0800: 3.403: [CMS2024-07-16T17:10:16.734+0800: 3.403: [CMS-concurrent-abortable-preclean: 0.001/0.082 secs] [Times: user=0.00 sys=0.00, real=0.08 secs] 
 (concurrent mode failure): 12469K->1191K(13696K), 0.0027647 secs] 17707K->1191K(19840K), [Metaspace: 5078K->5078K(1056768K)], 0.0028453 secs] [Times: user=0.02 sys=0.00, real=0.00 secs] 
Heap after GC invocations=432 (full 49):
 par new generation   total 6144K, used 0K [0x00000000fec00000, 0x00000000ff2a0000, 0x00000000ff2a0000)
  eden space 5504K,   0% used [0x00000000fec00000, 0x00000000fec00000, 0x00000000ff160000)
  from space 640K,   0% used [0x00000000ff160000, 0x00000000ff160000, 0x00000000ff200000)
  to   space 640K,   0% used [0x00000000ff200000, 0x00000000ff200000, 0x00000000ff2a0000)
 concurrent mark-sweep generation total 13696K, used 1191K [0x00000000ff2a0000, 0x0000000100000000, 0x0000000100000000)
 Metaspace       used 5078K, capacity 5258K, committed 5504K, reserved 1056768K
  class space    used 557K, capacity 597K, committed 640K, reserved 1048576K
}
{Heap before GC invocations=432 (full 49):
 par new generation   total 6144K, used 5229K [0x00000000fec00000, 0x00000000ff2a0000, 0x00000000ff2a0000)
  eden space 5504K,  95% used [0x00000000fec00000, 0x00000000ff11b780, 0x00000000ff160000)
  from space 640K,   0% used [0x00000000ff160000, 0x00000000ff160000, 0x00000000ff200000)
  to   space 640K,   0% used [0x00000000ff200000, 0x00000000ff200000, 0x00000000ff2a0000)
 concurrent mark-sweep generation total 13696K, used 1191K [0x00000000ff2a0000, 0x0000000100000000, 0x0000000100000000)
 Metaspace       used 5078K, capacity 5258K, committed 5504K, reserved 1056768K
  class space    used 557K, capacity 597K, committed 640K, reserved 1048576K
2024-07-16T17:10:16.743+0800: 3.412: [GC (Allocation Failure) 2024-07-16T17:10:16.743+0800: 3.412: [ParNew: 5229K->8K(6144K), 0.0008196 secs] 6421K->2225K(19840K), 0.0008845 secs] [Times: user=0.00 sys=0.00, real=0.00 secs] 
Heap after GC invocations=433 (full 49):
 par new generation   total 6144K, used 8K [0x00000000fec00000, 0x00000000ff2a0000, 0x00000000ff2a0000)
  eden space 5504K,   0% used [0x00000000fec00000, 0x00000000fec00000, 0x00000000ff160000)
  from space 640K,   1% used [0x00000000ff200000, 0x00000000ff202040, 0x00000000ff2a0000)
  to   space 640K,   0% used [0x00000000ff160000, 0x00000000ff160000, 0x00000000ff200000)
 concurrent mark-sweep generation total 13696K, used 2217K [0x00000000ff2a0000, 0x0000000100000000, 0x0000000100000000)
 Metaspace       used 5078K, capacity 5258K, committed 5504K, reserved 1056768K
  class space    used 557K, capacity 597K, committed 640K, reserved 1048576K
}
{Heap before GC invocations=433 (full 49):
 par new generation   total 6144K, used 5237K [0x00000000fec00000, 0x00000000ff2a0000, 0x00000000ff2a0000)
  eden space 5504K,  95% used [0x00000000fec00000, 0x00000000ff11b780, 0x00000000ff160000)
  from space 640K,   1% used [0x00000000ff200000, 0x00000000ff202040, 0x00000000ff2a0000)
  to   space 640K,   0% used [0x00000000ff160000, 0x00000000ff160000, 0x00000000ff200000)
 concurrent mark-sweep generation total 13696K, used 2217K [0x00000000ff2a0000, 0x0000000100000000, 0x0000000100000000)
 Metaspace       used 5078K, capacity 5258K, committed 5504K, reserved 1056768K
  class space    used 557K, capacity 597K, committed 640K, reserved 1048576K
2024-07-16T17:10:16.753+0800: 3.421: [GC (Allocation Failure) 2024-07-16T17:10:16.753+0800: 3.421: [ParNew: 5237K->4K(6144K), 0.0007354 secs] 7455K->2221K(19840K), 0.0008026 secs] [Times: user=0.00 sys=0.00, real=0.00 secs] 
Heap after GC invocations=434 (full 49):
 par new generation   total 6144K, used 4K [0x00000000fec00000, 0x00000000ff2a0000, 0x00000000ff2a0000)
  eden space 5504K,   0% used [0x00000000fec00000, 0x00000000fec00000, 0x00000000ff160000)
  from space 640K,   0% used [0x00000000ff160000, 0x00000000ff161020, 0x00000000ff200000)
  to   space 640K,   0% used [0x00000000ff200000, 0x00000000ff200000, 0x00000000ff2a0000)
 concurrent mark-sweep generation total 13696K, used 2217K [0x00000000ff2a0000, 0x0000000100000000, 0x0000000100000000)
 Metaspace       used 5078K, capacity 5258K, committed 5504K, reserved 1056768K
  class space    used 557K, capacity 597K, committed 640K, reserved 1048576K
}
{Heap before GC invocations=434 (full 49):
 par new generation   total 6144K, used 5233K [0x00000000fec00000, 0x00000000ff2a0000, 0x00000000ff2a0000)
  eden space 5504K,  95% used [0x00000000fec00000, 0x00000000ff11b780, 0x00000000ff160000)
  from space 640K,   0% used [0x00000000ff160000, 0x00000000ff161020, 0x00000000ff200000)
  to   space 640K,   0% used [0x00000000ff200000, 0x00000000ff200000, 0x00000000ff2a0000)
 concurrent mark-sweep generation total 13696K, used 2217K [0x00000000ff2a0000, 0x0000000100000000, 0x0000000100000000)
 Metaspace       used 5078K, capacity 5258K, committed 5504K, reserved 1056768K
  class space    used 557K, capacity 597K, committed 640K, reserved 1048576K
2024-07-16T17:10:16.761+0800: 3.429: [GC (Allocation Failure) 2024-07-16T17:10:16.761+0800: 3.429: [ParNew: 5233K->10K(6144K), 0.0005751 secs] 7451K->3253K(19840K), 0.0006407 secs] [Times: user=0.00 sys=0.00, real=0.00 secs] 
Heap after GC invocations=435 (full 49):
 par new generation   total 6144K, used 10K [0x00000000fec00000, 0x00000000ff2a0000, 0x00000000ff2a0000)
  eden space 5504K,   0% used [0x00000000fec00000, 0x00000000fec00000, 0x00000000ff160000)
  from space 640K,   1% used [0x00000000ff200000, 0x00000000ff202850, 0x00000000ff2a0000)
  to   space 640K,   0% used [0x00000000ff160000, 0x00000000ff160000, 0x00000000ff200000)
 concurrent mark-sweep generation total 13696K, used 3243K [0x00000000ff2a0000, 0x0000000100000000, 0x0000000100000000)
 Metaspace       used 5078K, capacity 5258K, committed 5504K, reserved 1056768K
  class space    used 557K, capacity 597K, committed 640K, reserved 1048576K
}
{Heap before GC invocations=435 (full 49):
 par new generation   total 6144K, used 5239K [0x00000000fec00000, 0x00000000ff2a0000, 0x00000000ff2a0000)
  eden space 5504K,  95% used [0x00000000fec00000, 0x00000000ff11b780, 0x00000000ff160000)
  from space 640K,   1% used [0x00000000ff200000, 0x00000000ff202850, 0x00000000ff2a0000)
  to   space 640K,   0% used [0x00000000ff160000, 0x00000000ff160000, 0x00000000ff200000)
 concurrent mark-sweep generation total 13696K, used 3243K [0x00000000ff2a0000, 0x0000000100000000, 0x0000000100000000)
 Metaspace       used 5078K, capacity 5258K, committed 5504K, reserved 1056768K
  class space    used 557K, capacity 597K, committed 640K, reserved 1048576K
2024-07-16T17:10:16.767+0800: 3.435: [GC (Allocation Failure) 2024-07-16T17:10:16.767+0800: 3.435: [ParNew: 5239K->8K(6144K), 0.0005081 secs] 8483K->4277K(19840K), 0.0005639 secs] [Times: user=0.00 sys=0.00, real=0.00 secs] 
Heap after GC invocations=436 (full 49):
 par new generation   total 6144K, used 8K [0x00000000fec00000, 0x00000000ff2a0000, 0x00000000ff2a0000)
  eden space 5504K,   0% used [0x00000000fec00000, 0x00000000fec00000, 0x00000000ff160000)
  from space 640K,   1% used [0x00000000ff160000, 0x00000000ff162040, 0x00000000ff200000)
  to   space 640K,   0% used [0x00000000ff200000, 0x00000000ff200000, 0x00000000ff2a0000)
 concurrent mark-sweep generation total 13696K, used 4269K [0x00000000ff2a0000, 0x0000000100000000, 0x0000000100000000)
 Metaspace       used 5078K, capacity 5258K, committed 5504K, reserved 1056768K
  class space    used 557K, capacity 597K, committed 640K, reserved 1048576K
}
{Heap before GC invocations=436 (full 49):
 par new generation   total 6144K, used 5237K [0x00000000fec00000, 0x00000000ff2a0000, 0x00000000ff2a0000)
  eden space 5504K,  95% used [0x00000000fec00000, 0x00000000ff11b780, 0x00000000ff160000)
  from space 640K,   1% used [0x00000000ff160000, 0x00000000ff162040, 0x00000000ff200000)
  to   space 640K,   0% used [0x00000000ff200000, 0x00000000ff200000, 0x00000000ff2a0000)
 concurrent mark-sweep generation total 13696K, used 4269K [0x00000000ff2a0000, 0x0000000100000000, 0x0000000100000000)
 Metaspace       used 5078K, capacity 5258K, committed 5504K, reserved 1056768K
  class space    used 557K, capacity 597K, committed 640K, reserved 1048576K
2024-07-16T17:10:16.774+0800: 3.442: [GC (Allocation Failure) 2024-07-16T17:10:16.774+0800: 3.442: [ParNew: 5237K->8K(6144K), 0.0012853 secs] 9507K->5303K(19840K), 0.0013807 secs] [Times: user=0.00 sys=0.00, real=0.00 secs] 
Heap after GC invocations=437 (full 49):
 par new generation   total 6144K, used 8K [0x00000000fec00000, 0x00000000ff2a0000, 0x00000000ff2a0000)
  eden space 5504K,   0% used [0x00000000fec00000, 0x00000000fec00000, 0x00000000ff160000)
  from space 640K,   1% used [0x00000000ff200000, 0x00000000ff202040, 0x00000000ff2a0000)
  to   space 640K,   0% used [0x00000000ff160000, 0x00000000ff160000, 0x00000000ff200000)
 concurrent mark-sweep generation total 13696K, used 5295K [0x00000000ff2a0000, 0x0000000100000000, 0x0000000100000000)
 Metaspace       used 5078K, capacity 5258K, committed 5504K, reserved 1056768K
  class space    used 557K, capacity 597K, committed 640K, reserved 1048576K
}
{Heap before GC invocations=437 (full 49):
 par new generation   total 6144K, used 5237K [0x00000000fec00000, 0x00000000ff2a0000, 0x00000000ff2a0000)
  eden space 5504K,  95% used [0x00000000fec00000, 0x00000000ff11b780, 0x00000000ff160000)
  from space 640K,   1% used [0x00000000ff200000, 0x00000000ff202040, 0x00000000ff2a0000)
  to   space 640K,   0% used [0x00000000ff160000, 0x00000000ff160000, 0x00000000ff200000)
 concurrent mark-sweep generation total 13696K, used 5295K [0x00000000ff2a0000, 0x0000000100000000, 0x0000000100000000)
 Metaspace       used 5078K, capacity 5258K, committed 5504K, reserved 1056768K
  class space    used 557K, capacity 597K, committed 640K, reserved 1048576K
2024-07-16T17:10:16.783+0800: 3.451: [GC (Allocation Failure) 2024-07-16T17:10:16.783+0800: 3.451: [ParNew: 5237K->4K(6144K), 0.0009094 secs] 10533K->5299K(19840K), 0.0010150 secs] [Times: user=0.02 sys=0.00, real=0.00 secs] 
Heap after GC invocations=438 (full 49):
 par new generation   total 6144K, used 4K [0x00000000fec00000, 0x00000000ff2a0000, 0x00000000ff2a0000)
  eden space 5504K,   0% used [0x00000000fec00000, 0x00000000fec00000, 0x00000000ff160000)
  from space 640K,   0% used [0x00000000ff160000, 0x00000000ff161020, 0x00000000ff200000)
  to   space 640K,   0% used [0x00000000ff200000, 0x00000000ff200000, 0x00000000ff2a0000)
 concurrent mark-sweep generation total 13696K, used 5295K [0x00000000ff2a0000, 0x0000000100000000, 0x0000000100000000)
 Metaspace       used 5078K, capacity 5258K, committed 5504K, reserved 1056768K
  class space    used 557K, capacity 597K, committed 640K, reserved 1048576K
}
{Heap before GC invocations=438 (full 49):
 par new generation   total 6144K, used 5233K [0x00000000fec00000, 0x00000000ff2a0000, 0x00000000ff2a0000)
  eden space 5504K,  95% used [0x00000000fec00000, 0x00000000ff11b780, 0x00000000ff160000)
  from space 640K,   0% used [0x00000000ff160000, 0x00000000ff161020, 0x00000000ff200000)
  to   space 640K,   0% used [0x00000000ff200000, 0x00000000ff200000, 0x00000000ff2a0000)
 concurrent mark-sweep generation total 13696K, used 5295K [0x00000000ff2a0000, 0x0000000100000000, 0x0000000100000000)
 Metaspace       used 5078K, capacity 5258K, committed 5504K, reserved 1056768K
  class space    used 557K, capacity 597K, committed 640K, reserved 1048576K
2024-07-16T17:10:16.791+0800: 3.459: [GC (Allocation Failure) 2024-07-16T17:10:16.791+0800: 3.459: [ParNew: 5233K->6K(6144K), 0.0011712 secs] 10529K->6327K(19840K), 0.0012536 secs] [Times: user=0.00 sys=0.00, real=0.00 secs] 
Heap after GC invocations=439 (full 49):
 par new generation   total 6144K, used 6K [0x00000000fec00000, 0x00000000ff2a0000, 0x00000000ff2a0000)
  eden space 5504K,   0% used [0x00000000fec00000, 0x00000000fec00000, 0x00000000ff160000)
  from space 640K,   0% used [0x00000000ff200000, 0x00000000ff201830, 0x00000000ff2a0000)
  to   space 640K,   0% used [0x00000000ff160000, 0x00000000ff160000, 0x00000000ff200000)
 concurrent mark-sweep generation total 13696K, used 6321K [0x00000000ff2a0000, 0x0000000100000000, 0x0000000100000000)
 Metaspace       used 5078K, capacity 5258K, committed 5504K, reserved 1056768K
  class space    used 557K, capacity 597K, committed 640K, reserved 1048576K
}
{Heap before GC invocations=439 (full 49):
 par new generation   total 6144K, used 5235K [0x00000000fec00000, 0x00000000ff2a0000, 0x00000000ff2a0000)
  eden space 5504K,  95% used [0x00000000fec00000, 0x00000000ff11b780, 0x00000000ff160000)
  from space 640K,   0% used [0x00000000ff200000, 0x00000000ff201830, 0x00000000ff2a0000)
  to   space 640K,   0% used [0x00000000ff160000, 0x00000000ff160000, 0x00000000ff200000)
 concurrent mark-sweep generation total 13696K, used 6321K [0x00000000ff2a0000, 0x0000000100000000, 0x0000000100000000)
 Metaspace       used 5078K, capacity 5258K, committed 5504K, reserved 1056768K
  class space    used 557K, capacity 597K, committed 640K, reserved 1048576K
2024-07-16T17:10:16.800+0800: 3.468: [GC (Allocation Failure) 2024-07-16T17:10:16.800+0800: 3.468: [ParNew: 5235K->4K(6144K), 0.0012294 secs] 11557K->6325K(19840K), 0.0013304 secs] [Times: user=0.00 sys=0.00, real=0.00 secs] 
Heap after GC invocations=440 (full 49):
 par new generation   total 6144K, used 4K [0x00000000fec00000, 0x00000000ff2a0000, 0x00000000ff2a0000)
  eden space 5504K,   0% used [0x00000000fec00000, 0x00000000fec00000, 0x00000000ff160000)
  from space 640K,   0% used [0x00000000ff160000, 0x00000000ff161020, 0x00000000ff200000)
  to   space 640K,   0% used [0x00000000ff200000, 0x00000000ff200000, 0x00000000ff2a0000)
 concurrent mark-sweep generation total 13696K, used 6321K [0x00000000ff2a0000, 0x0000000100000000, 0x0000000100000000)
 Metaspace       used 5078K, capacity 5258K, committed 5504K, reserved 1056768K
  class space    used 557K, capacity 597K, committed 640K, reserved 1048576K
}
{Heap before GC invocations=440 (full 49):
 par new generation   total 6144K, used 5233K [0x00000000fec00000, 0x00000000ff2a0000, 0x00000000ff2a0000)
  eden space 5504K,  95% used [0x00000000fec00000, 0x00000000ff11b780, 0x00000000ff160000)
  from space 640K,   0% used [0x00000000ff160000, 0x00000000ff161020, 0x00000000ff200000)
  to   space 640K,   0% used [0x00000000ff200000, 0x00000000ff200000, 0x00000000ff2a0000)
 concurrent mark-sweep generation total 13696K, used 6321K [0x00000000ff2a0000, 0x0000000100000000, 0x0000000100000000)
 Metaspace       used 5078K, capacity 5258K, committed 5504K, reserved 1056768K
  class space    used 557K, capacity 597K, committed 640K, reserved 1048576K
2024-07-16T17:10:16.808+0800: 3.476: [GC (Allocation Failure) 2024-07-16T17:10:16.808+0800: 3.476: [ParNew: 5233K->4K(6144K), 0.0013804 secs] 11555K->6325K(19840K), 0.0014881 secs] [Times: user=0.00 sys=0.00, real=0.00 secs] 
Heap after GC invocations=441 (full 49):
 par new generation   total 6144K, used 4K [0x00000000fec00000, 0x00000000ff2a0000, 0x00000000ff2a0000)
  eden space 5504K,   0% used [0x00000000fec00000, 0x00000000fec00000, 0x00000000ff160000)
  from space 640K,   0% used [0x00000000ff200000, 0x00000000ff201020, 0x00000000ff2a0000)
  to   space 640K,   0% used [0x00000000ff160000, 0x00000000ff160000, 0x00000000ff200000)
 concurrent mark-sweep generation total 13696K, used 6321K [0x00000000ff2a0000, 0x0000000100000000, 0x0000000100000000)
 Metaspace       used 5078K, capacity 5258K, committed 5504K, reserved 1056768K
  class space    used 557K, capacity 597K, committed 640K, reserved 1048576K
}
{Heap before GC invocations=441 (full 49):
 par new generation   total 6144K, used 5233K [0x00000000fec00000, 0x00000000ff2a0000, 0x00000000ff2a0000)
  eden space 5504K,  95% used [0x00000000fec00000, 0x00000000ff11b780, 0x00000000ff160000)
  from space 640K,   0% used [0x00000000ff200000, 0x00000000ff201020, 0x00000000ff2a0000)
  to   space 640K,   0% used [0x00000000ff160000, 0x00000000ff160000, 0x00000000ff200000)
 concurrent mark-sweep generation total 13696K, used 6321K [0x00000000ff2a0000, 0x0000000100000000, 0x0000000100000000)
 Metaspace       used 5078K, capacity 5258K, committed 5504K, reserved 1056768K
  class space    used 557K, capacity 597K, committed 640K, reserved 1048576K
2024-07-16T17:10:16.819+0800: 3.487: [GC (Allocation Failure) 2024-07-16T17:10:16.819+0800: 3.487: [ParNew: 5233K->4K(6144K), 0.0010951 secs] 11555K->6325K(19840K), 0.0012181 secs] [Times: user=0.00 sys=0.00, real=0.00 secs] 
Heap after GC invocations=442 (full 49):
 par new generation   total 6144K, used 4K [0x00000000fec00000, 0x00000000ff2a0000, 0x00000000ff2a0000)
  eden space 5504K,   0% used [0x00000000fec00000, 0x00000000fec00000, 0x00000000ff160000)
  from space 640K,   0% used [0x00000000ff160000, 0x00000000ff161020, 0x00000000ff200000)
  to   space 640K,   0% used [0x00000000ff200000, 0x00000000ff200000, 0x00000000ff2a0000)
 concurrent mark-sweep generation total 13696K, used 6321K [0x00000000ff2a0000, 0x0000000100000000, 0x0000000100000000)
 Metaspace       used 5078K, capacity 5258K, committed 5504K, reserved 1056768K
  class space    used 557K, capacity 597K, committed 640K, reserved 1048576K
}
{Heap before GC invocations=442 (full 49):
 par new generation   total 6144K, used 5233K [0x00000000fec00000, 0x00000000ff2a0000, 0x00000000ff2a0000)
  eden space 5504K,  95% used [0x00000000fec00000, 0x00000000ff11b780, 0x00000000ff160000)
  from space 640K,   0% used [0x00000000ff160000, 0x00000000ff161020, 0x00000000ff200000)
  to   space 640K,   0% used [0x00000000ff200000, 0x00000000ff200000, 0x00000000ff2a0000)
 concurrent mark-sweep generation total 13696K, used 6321K [0x00000000ff2a0000, 0x0000000100000000, 0x0000000100000000)
 Metaspace       used 5078K, capacity 5258K, committed 5504K, reserved 1056768K
  class space    used 557K, capacity 597K, committed 640K, reserved 1048576K
2024-07-16T17:10:16.827+0800: 3.495: [GC (Allocation Failure) 2024-07-16T17:10:16.827+0800: 3.496: [ParNew: 5233K->8K(6144K), 0.0015599 secs] 11555K->7355K(19840K), 0.0017104 secs] [Times: user=0.00 sys=0.00, real=0.00 secs] 
Heap after GC invocations=443 (full 49):
 par new generation   total 6144K, used 8K [0x00000000fec00000, 0x00000000ff2a0000, 0x00000000ff2a0000)
  eden space 5504K,   0% used [0x00000000fec00000, 0x00000000fec00000, 0x00000000ff160000)
  from space 640K,   1% used [0x00000000ff200000, 0x00000000ff202040, 0x00000000ff2a0000)
  to   space 640K,   0% used [0x00000000ff160000, 0x00000000ff160000, 0x00000000ff200000)
 concurrent mark-sweep generation total 13696K, used 7347K [0x00000000ff2a0000, 0x0000000100000000, 0x0000000100000000)
 Metaspace       used 5078K, capacity 5258K, committed 5504K, reserved 1056768K
  class space    used 557K, capacity 597K, committed 640K, reserved 1048576K
}
{Heap before GC invocations=443 (full 49):
 par new generation   total 6144K, used 5237K [0x00000000fec00000, 0x00000000ff2a0000, 0x00000000ff2a0000)
  eden space 5504K,  95% used [0x00000000fec00000, 0x00000000ff11b780, 0x00000000ff160000)
  from space 640K,   1% used [0x00000000ff200000, 0x00000000ff202040, 0x00000000ff2a0000)
  to   space 640K,   0% used [0x00000000ff160000, 0x00000000ff160000, 0x00000000ff200000)
 concurrent mark-sweep generation total 13696K, used 7347K [0x00000000ff2a0000, 0x0000000100000000, 0x0000000100000000)
 Metaspace       used 5078K, capacity 5258K, committed 5504K, reserved 1056768K
  class space    used 557K, capacity 597K, committed 640K, reserved 1048576K
2024-07-16T17:10:16.836+0800: 3.504: [GC (Allocation Failure) 2024-07-16T17:10:16.836+0800: 3.505: [ParNew: 5237K->4K(6144K), 0.0014187 secs] 12585K->7351K(19840K), 0.0015866 secs] [Times: user=0.00 sys=0.00, real=0.00 secs] 
Heap after GC invocations=444 (full 49):
 par new generation   total 6144K, used 4K [0x00000000fec00000, 0x00000000ff2a0000, 0x00000000ff2a0000)
  eden space 5504K,   0% used [0x00000000fec00000, 0x00000000fec00000, 0x00000000ff160000)
  from space 640K,   0% used [0x00000000ff160000, 0x00000000ff161020, 0x00000000ff200000)
  to   space 640K,   0% used [0x00000000ff200000, 0x00000000ff200000, 0x00000000ff2a0000)
 concurrent mark-sweep generation total 13696K, used 7347K [0x00000000ff2a0000, 0x0000000100000000, 0x0000000100000000)
 Metaspace       used 5078K, capacity 5258K, committed 5504K, reserved 1056768K
  class space    used 557K, capacity 597K, committed 640K, reserved 1048576K
}
{Heap before GC invocations=444 (full 49):
 par new generation   total 6144K, used 5233K [0x00000000fec00000, 0x00000000ff2a0000, 0x00000000ff2a0000)
  eden space 5504K,  95% used [0x00000000fec00000, 0x00000000ff11b780, 0x00000000ff160000)
  from space 640K,   0% used [0x00000000ff160000, 0x00000000ff161020, 0x00000000ff200000)
  to   space 640K,   0% used [0x00000000ff200000, 0x00000000ff200000, 0x00000000ff2a0000)
 concurrent mark-sweep generation total 13696K, used 7347K [0x00000000ff2a0000, 0x0000000100000000, 0x0000000100000000)
 Metaspace       used 5078K, capacity 5258K, committed 5504K, reserved 1056768K
  class space    used 557K, capacity 597K, committed 640K, reserved 1048576K
2024-07-16T17:10:16.847+0800: 3.515: [GC (Allocation Failure) 2024-07-16T17:10:16.847+0800: 3.515: [ParNew: 5233K->4K(6144K), 0.0002644 secs] 12581K->7351K(19840K), 0.0002972 secs] [Times: user=0.00 sys=0.00, real=0.00 secs] 
Heap after GC invocations=445 (full 49):
 par new generation   total 6144K, used 4K [0x00000000fec00000, 0x00000000ff2a0000, 0x00000000ff2a0000)
  eden space 5504K,   0% used [0x00000000fec00000, 0x00000000fec00000, 0x00000000ff160000)
  from space 640K,   0% used [0x00000000ff200000, 0x00000000ff201020, 0x00000000ff2a0000)
  to   space 640K,   0% used [0x00000000ff160000, 0x00000000ff160000, 0x00000000ff200000)
 concurrent mark-sweep generation total 13696K, used 7347K [0x00000000ff2a0000, 0x0000000100000000, 0x0000000100000000)
 Metaspace       used 5078K, capacity 5258K, committed 5504K, reserved 1056768K
  class space    used 557K, capacity 597K, committed 640K, reserved 1048576K
}
{Heap before GC invocations=445 (full 49):
 par new generation   total 6144K, used 5233K [0x00000000fec00000, 0x00000000ff2a0000, 0x00000000ff2a0000)
  eden space 5504K,  95% used [0x00000000fec00000, 0x00000000ff11b780, 0x00000000ff160000)
  from space 640K,   0% used [0x00000000ff200000, 0x00000000ff201020, 0x00000000ff2a0000)
  to   space 640K,   0% used [0x00000000ff160000, 0x00000000ff160000, 0x00000000ff200000)
 concurrent mark-sweep generation total 13696K, used 7347K [0x00000000ff2a0000, 0x0000000100000000, 0x0000000100000000)
 Metaspace       used 5078K, capacity 5258K, committed 5504K, reserved 1056768K
  class space    used 557K, capacity 597K, committed 640K, reserved 1048576K
2024-07-16T17:10:16.855+0800: 3.523: [GC (Allocation Failure) 2024-07-16T17:10:16.855+0800: 3.523: [ParNew: 5233K->10K(6144K), 0.0005357 secs] 12581K->8383K(19840K), 0.0006184 secs] [Times: user=0.00 sys=0.00, real=0.00 secs] 
Heap after GC invocations=446 (full 49):
 par new generation   total 6144K, used 10K [0x00000000fec00000, 0x00000000ff2a0000, 0x00000000ff2a0000)
  eden space 5504K,   0% used [0x00000000fec00000, 0x00000000fec00000, 0x00000000ff160000)
  from space 640K,   1% used [0x00000000ff160000, 0x00000000ff162850, 0x00000000ff200000)
  to   space 640K,   0% used [0x00000000ff200000, 0x00000000ff200000, 0x00000000ff2a0000)
 concurrent mark-sweep generation total 13696K, used 8373K [0x00000000ff2a0000, 0x0000000100000000, 0x0000000100000000)
 Metaspace       used 5078K, capacity 5258K, committed 5504K, reserved 1056768K
  class space    used 557K, capacity 597K, committed 640K, reserved 1048576K
}
{Heap before GC invocations=446 (full 49):
 par new generation   total 6144K, used 5239K [0x00000000fec00000, 0x00000000ff2a0000, 0x00000000ff2a0000)
  eden space 5504K,  95% used [0x00000000fec00000, 0x00000000ff11b780, 0x00000000ff160000)
  from space 640K,   1% used [0x00000000ff160000, 0x00000000ff162850, 0x00000000ff200000)
  to   space 640K,   0% used [0x00000000ff200000, 0x00000000ff200000, 0x00000000ff2a0000)
 concurrent mark-sweep generation total 13696K, used 8373K [0x00000000ff2a0000, 0x0000000100000000, 0x0000000100000000)
 Metaspace       used 5078K, capacity 5258K, committed 5504K, reserved 1056768K
  class space    used 557K, capacity 597K, committed 640K, reserved 1048576K
2024-07-16T17:10:16.862+0800: 3.530: [GC (Allocation Failure) 2024-07-16T17:10:16.862+0800: 3.530: [ParNew: 5239K->6K(6144K), 0.0003662 secs] 13613K->9403K(19840K), 0.0004229 secs] [Times: user=0.00 sys=0.00, real=0.00 secs] 
Heap after GC invocations=447 (full 49):
 par new generation   total 6144K, used 6K [0x00000000fec00000, 0x00000000ff2a0000, 0x00000000ff2a0000)
  eden space 5504K,   0% used [0x00000000fec00000, 0x00000000fec00000, 0x00000000ff160000)
  from space 640K,   0% used [0x00000000ff200000, 0x00000000ff201830, 0x00000000ff2a0000)
  to   space 640K,   0% used [0x00000000ff160000, 0x00000000ff160000, 0x00000000ff200000)
 concurrent mark-sweep generation total 13696K, used 9397K [0x00000000ff2a0000, 0x0000000100000000, 0x0000000100000000)
 Metaspace       used 5078K, capacity 5258K, committed 5504K, reserved 1056768K
  class space    used 557K, capacity 597K, committed 640K, reserved 1048576K
}
2024-07-16T17:10:16.862+0800: 3.531: [GC (CMS Initial Mark) [1 CMS-initial-mark: 9397K(13696K)] 10427K(19840K), 0.0001196 secs] [Times: user=0.00 sys=0.00, real=0.00 secs] 
2024-07-16T17:10:16.862+0800: 3.531: [CMS-concurrent-mark-start]
2024-07-16T17:10:16.864+0800: 3.532: [CMS-concurrent-mark: 0.001/0.001 secs] [Times: user=0.00 sys=0.00, real=0.00 secs] 
2024-07-16T17:10:16.864+0800: 3.532: [CMS-concurrent-preclean-start]
2024-07-16T17:10:16.864+0800: 3.532: [CMS-concurrent-preclean: 0.000/0.000 secs] [Times: user=0.00 sys=0.00, real=0.00 secs] 
2024-07-16T17:10:16.864+0800: 3.532: [CMS-concurrent-abortable-preclean-start]
{Heap before GC invocations=447 (full 50):
 par new generation   total 6144K, used 5235K [0x00000000fec00000, 0x00000000ff2a0000, 0x00000000ff2a0000)
  eden space 5504K,  95% used [0x00000000fec00000, 0x00000000ff11b780, 0x00000000ff160000)
  from space 640K,   0% used [0x00000000ff200000, 0x00000000ff201830, 0x00000000ff2a0000)
  to   space 640K,   0% used [0x00000000ff160000, 0x00000000ff160000, 0x00000000ff200000)
 concurrent mark-sweep generation total 13696K, used 9397K [0x00000000ff2a0000, 0x0000000100000000, 0x0000000100000000)
 Metaspace       used 5078K, capacity 5258K, committed 5504K, reserved 1056768K
  class space    used 557K, capacity 597K, committed 640K, reserved 1048576K
2024-07-16T17:10:16.870+0800: 3.538: [GC (Allocation Failure) 2024-07-16T17:10:16.870+0800: 3.538: [ParNew: 5235K->4K(6144K), 0.0002612 secs] 14633K->9401K(19840K), 0.0002966 secs] [Times: user=0.00 sys=0.00, real=0.00 secs] 
Heap after GC invocations=448 (full 50):
 par new generation   total 6144K, used 4K [0x00000000fec00000, 0x00000000ff2a0000, 0x00000000ff2a0000)
  eden space 5504K,   0% used [0x00000000fec00000, 0x00000000fec00000, 0x00000000ff160000)
  from space 640K,   0% used [0x00000000ff160000, 0x00000000ff161020, 0x00000000ff200000)
  to   space 640K,   0% used [0x00000000ff200000, 0x00000000ff200000, 0x00000000ff2a0000)
 concurrent mark-sweep generation total 13696K, used 9397K [0x00000000ff2a0000, 0x0000000100000000, 0x0000000100000000)
 Metaspace       used 5078K, capacity 5258K, committed 5504K, reserved 1056768K
  class space    used 557K, capacity 597K, committed 640K, reserved 1048576K
}
{Heap before GC invocations=448 (full 50):
 par new generation   total 6144K, used 5233K [0x00000000fec00000, 0x00000000ff2a0000, 0x00000000ff2a0000)
  eden space 5504K,  95% used [0x00000000fec00000, 0x00000000ff11b780, 0x00000000ff160000)
  from space 640K,   0% used [0x00000000ff160000, 0x00000000ff161020, 0x00000000ff200000)
  to   space 640K,   0% used [0x00000000ff200000, 0x00000000ff200000, 0x00000000ff2a0000)
 concurrent mark-sweep generation total 13696K, used 9397K [0x00000000ff2a0000, 0x0000000100000000, 0x0000000100000000)
 Metaspace       used 5078K, capacity 5258K, committed 5504K, reserved 1056768K
  class space    used 557K, capacity 597K, committed 640K, reserved 1048576K
2024-07-16T17:10:16.877+0800: 3.545: [GC (Allocation Failure) 2024-07-16T17:10:16.877+0800: 3.545: [ParNew: 5233K->6K(6144K), 0.0003625 secs] 14631K->10429K(19840K), 0.0003973 secs] [Times: user=0.00 sys=0.00, real=0.00 secs] 
Heap after GC invocations=449 (full 50):
 par new generation   total 6144K, used 6K [0x00000000fec00000, 0x00000000ff2a0000, 0x00000000ff2a0000)
  eden space 5504K,   0% used [0x00000000fec00000, 0x00000000fec00000, 0x00000000ff160000)
  from space 640K,   0% used [0x00000000ff200000, 0x00000000ff201830, 0x00000000ff2a0000)
  to   space 640K,   0% used [0x00000000ff160000, 0x00000000ff160000, 0x00000000ff200000)
 concurrent mark-sweep generation total 13696K, used 10423K [0x00000000ff2a0000, 0x0000000100000000, 0x0000000100000000)
 Metaspace       used 5078K, capacity 5258K, committed 5504K, reserved 1056768K
  class space    used 557K, capacity 597K, committed 640K, reserved 1048576K
}
{Heap before GC invocations=449 (full 50):
 par new generation   total 6144K, used 5235K [0x00000000fec00000, 0x00000000ff2a0000, 0x00000000ff2a0000)
  eden space 5504K,  95% used [0x00000000fec00000, 0x00000000ff11b780, 0x00000000ff160000)
  from space 640K,   0% used [0x00000000ff200000, 0x00000000ff201830, 0x00000000ff2a0000)
  to   space 640K,   0% used [0x00000000ff160000, 0x00000000ff160000, 0x00000000ff200000)
 concurrent mark-sweep generation total 13696K, used 10423K [0x00000000ff2a0000, 0x0000000100000000, 0x0000000100000000)
 Metaspace       used 5078K, capacity 5258K, committed 5504K, reserved 1056768K
  class space    used 557K, capacity 597K, committed 640K, reserved 1048576K
2024-07-16T17:10:16.884+0800: 3.552: [GC (Allocation Failure) 2024-07-16T17:10:16.884+0800: 3.552: [ParNew: 5235K->4K(6144K), 0.0003037 secs] 15659K->10427K(19840K), 0.0003419 secs] [Times: user=0.00 sys=0.00, real=0.00 secs] 
Heap after GC invocations=450 (full 50):
 par new generation   total 6144K, used 4K [0x00000000fec00000, 0x00000000ff2a0000, 0x00000000ff2a0000)
  eden space 5504K,   0% used [0x00000000fec00000, 0x00000000fec00000, 0x00000000ff160000)
  from space 640K,   0% used [0x00000000ff160000, 0x00000000ff161020, 0x00000000ff200000)
  to   space 640K,   0% used [0x00000000ff200000, 0x00000000ff200000, 0x00000000ff2a0000)
 concurrent mark-sweep generation total 13696K, used 10423K [0x00000000ff2a0000, 0x0000000100000000, 0x0000000100000000)
 Metaspace       used 5078K, capacity 5258K, committed 5504K, reserved 1056768K
  class space    used 557K, capacity 597K, committed 640K, reserved 1048576K
}
{Heap before GC invocations=450 (full 50):
 par new generation   total 6144K, used 5233K [0x00000000fec00000, 0x00000000ff2a0000, 0x00000000ff2a0000)
  eden space 5504K,  95% used [0x00000000fec00000, 0x00000000ff11b780, 0x00000000ff160000)
  from space 640K,   0% used [0x00000000ff160000, 0x00000000ff161020, 0x00000000ff200000)
  to   space 640K,   0% used [0x00000000ff200000, 0x00000000ff200000, 0x00000000ff2a0000)
 concurrent mark-sweep generation total 13696K, used 10423K [0x00000000ff2a0000, 0x0000000100000000, 0x0000000100000000)
 Metaspace       used 5078K, capacity 5258K, committed 5504K, reserved 1056768K
  class space    used 557K, capacity 597K, committed 640K, reserved 1048576K
2024-07-16T17:10:16.891+0800: 3.559: [GC (Allocation Failure) 2024-07-16T17:10:16.891+0800: 3.559: [ParNew: 5233K->8K(6144K), 0.0003796 secs] 15657K->11457K(19840K), 0.0004141 secs] [Times: user=0.00 sys=0.00, real=0.00 secs] 
Heap after GC invocations=451 (full 50):
 par new generation   total 6144K, used 8K [0x00000000fec00000, 0x00000000ff2a0000, 0x00000000ff2a0000)
  eden space 5504K,   0% used [0x00000000fec00000, 0x00000000fec00000, 0x00000000ff160000)
  from space 640K,   1% used [0x00000000ff200000, 0x00000000ff202040, 0x00000000ff2a0000)
  to   space 640K,   0% used [0x00000000ff160000, 0x00000000ff160000, 0x00000000ff200000)
 concurrent mark-sweep generation total 13696K, used 11449K [0x00000000ff2a0000, 0x0000000100000000, 0x0000000100000000)
 Metaspace       used 5078K, capacity 5258K, committed 5504K, reserved 1056768K
  class space    used 557K, capacity 597K, committed 640K, reserved 1048576K
}
{Heap before GC invocations=451 (full 50):
 par new generation   total 6144K, used 5237K [0x00000000fec00000, 0x00000000ff2a0000, 0x00000000ff2a0000)
  eden space 5504K,  95% used [0x00000000fec00000, 0x00000000ff11b780, 0x00000000ff160000)
  from space 640K,   1% used [0x00000000ff200000, 0x00000000ff202040, 0x00000000ff2a0000)
  to   space 640K,   0% used [0x00000000ff160000, 0x00000000ff160000, 0x00000000ff200000)
 concurrent mark-sweep generation total 13696K, used 11449K [0x00000000ff2a0000, 0x0000000100000000, 0x0000000100000000)
 Metaspace       used 5078K, capacity 5258K, committed 5504K, reserved 1056768K
  class space    used 557K, capacity 597K, committed 640K, reserved 1048576K
2024-07-16T17:10:16.897+0800: 3.566: [GC (Allocation Failure) 2024-07-16T17:10:16.897+0800: 3.566: [ParNew: 5237K->8K(6144K), 0.0003614 secs] 16687K->12481K(19840K), 0.0003972 secs] [Times: user=0.00 sys=0.00, real=0.00 secs] 
Heap after GC invocations=452 (full 50):
 par new generation   total 6144K, used 8K [0x00000000fec00000, 0x00000000ff2a0000, 0x00000000ff2a0000)
  eden space 5504K,   0% used [0x00000000fec00000, 0x00000000fec00000, 0x00000000ff160000)
  from space 640K,   1% used [0x00000000ff160000, 0x00000000ff162040, 0x00000000ff200000)
  to   space 640K,   0% used [0x00000000ff200000, 0x00000000ff200000, 0x00000000ff2a0000)
 concurrent mark-sweep generation total 13696K, used 12473K [0x00000000ff2a0000, 0x0000000100000000, 0x0000000100000000)
 Metaspace       used 5078K, capacity 5258K, committed 5504K, reserved 1056768K
  class space    used 557K, capacity 597K, committed 640K, reserved 1048576K
}
{Heap before GC invocations=452 (full 50):
 par new generation   total 6144K, used 5237K [0x00000000fec00000, 0x00000000ff2a0000, 0x00000000ff2a0000)
  eden space 5504K,  95% used [0x00000000fec00000, 0x00000000ff11b780, 0x00000000ff160000)
  from space 640K,   1% used [0x00000000ff160000, 0x00000000ff162040, 0x00000000ff200000)
  to   space 640K,   0% used [0x00000000ff200000, 0x00000000ff200000, 0x00000000ff2a0000)
 concurrent mark-sweep generation total 13696K, used 12473K [0x00000000ff2a0000, 0x0000000100000000, 0x0000000100000000)
 Metaspace       used 5078K, capacity 5258K, committed 5504K, reserved 1056768K
  class space    used 557K, capacity 597K, committed 640K, reserved 1048576K
2024-07-16T17:10:16.903+0800: 3.572: [GC (Allocation Failure) 2024-07-16T17:10:16.903+0800: 3.572: [ParNew: 5237K->5237K(6144K), 0.0000128 secs]2024-07-16T17:10:16.903+0800: 3.572: [CMS2024-07-16T17:10:16.903+0800: 3.572: [CMS-concurrent-abortable-preclean: 0.000/0.039 secs] [Times: user=0.00 sys=0.00, real=0.04 secs] 
 (concurrent mode failure): 12473K->2215K(13696K), 0.0025556 secs] 17711K->2215K(19840K), [Metaspace: 5078K->5078K(1056768K)], 0.0026292 secs] [Times: user=0.00 sys=0.00, real=0.00 secs] 
Heap after GC invocations=453 (full 51):
 par new generation   total 6144K, used 0K [0x00000000fec00000, 0x00000000ff2a0000, 0x00000000ff2a0000)
  eden space 5504K,   0% used [0x00000000fec00000, 0x00000000fec00000, 0x00000000ff160000)
  from space 640K,   0% used [0x00000000ff160000, 0x00000000ff160000, 0x00000000ff200000)
  to   space 640K,   0% used [0x00000000ff200000, 0x00000000ff200000, 0x00000000ff2a0000)
 concurrent mark-sweep generation total 13696K, used 2215K [0x00000000ff2a0000, 0x0000000100000000, 0x0000000100000000)
 Metaspace       used 5078K, capacity 5258K, committed 5504K, reserved 1056768K
  class space    used 557K, capacity 597K, committed 640K, reserved 1048576K
}
{Heap before GC invocations=453 (full 51):
 par new generation   total 6144K, used 5229K [0x00000000fec00000, 0x00000000ff2a0000, 0x00000000ff2a0000)
  eden space 5504K,  95% used [0x00000000fec00000, 0x00000000ff11b780, 0x00000000ff160000)
  from space 640K,   0% used [0x00000000ff160000, 0x00000000ff160000, 0x00000000ff200000)
  to   space 640K,   0% used [0x00000000ff200000, 0x00000000ff200000, 0x00000000ff2a0000)
 concurrent mark-sweep generation total 13696K, used 2215K [0x00000000ff2a0000, 0x0000000100000000, 0x0000000100000000)
 Metaspace       used 5078K, capacity 5258K, committed 5504K, reserved 1056768K
  class space    used 557K, capacity 597K, committed 640K, reserved 1048576K
2024-07-16T17:10:16.911+0800: 3.580: [GC (Allocation Failure) 2024-07-16T17:10:16.911+0800: 3.580: [ParNew: 5229K->4K(6144K), 0.0002736 secs] 7445K->2219K(19840K), 0.0003265 secs] [Times: user=0.00 sys=0.00, real=0.00 secs] 
Heap after GC invocations=454 (full 51):
 par new generation   total 6144K, used 4K [0x00000000fec00000, 0x00000000ff2a0000, 0x00000000ff2a0000)
  eden space 5504K,   0% used [0x00000000fec00000, 0x00000000fec00000, 0x00000000ff160000)
  from space 640K,   0% used [0x00000000ff200000, 0x00000000ff201020, 0x00000000ff2a0000)
  to   space 640K,   0% used [0x00000000ff160000, 0x00000000ff160000, 0x00000000ff200000)
 concurrent mark-sweep generation total 13696K, used 2215K [0x00000000ff2a0000, 0x0000000100000000, 0x0000000100000000)
 Metaspace       used 5078K, capacity 5258K, committed 5504K, reserved 1056768K
  class space    used 557K, capacity 597K, committed 640K, reserved 1048576K
}
{Heap before GC invocations=454 (full 51):
 par new generation   total 6144K, used 5233K [0x00000000fec00000, 0x00000000ff2a0000, 0x00000000ff2a0000)
  eden space 5504K,  95% used [0x00000000fec00000, 0x00000000ff11b780, 0x00000000ff160000)
  from space 640K,   0% used [0x00000000ff200000, 0x00000000ff201020, 0x00000000ff2a0000)
  to   space 640K,   0% used [0x00000000ff160000, 0x00000000ff160000, 0x00000000ff200000)
 concurrent mark-sweep generation total 13696K, used 2215K [0x00000000ff2a0000, 0x0000000100000000, 0x0000000100000000)
 Metaspace       used 5078K, capacity 5258K, committed 5504K, reserved 1056768K
  class space    used 557K, capacity 597K, committed 640K, reserved 1048576K
2024-07-16T17:10:16.917+0800: 3.585: [GC (Allocation Failure) 2024-07-16T17:10:16.917+0800: 3.585: [ParNew: 5233K->10K(6144K), 0.0003541 secs] 7449K->3251K(19840K), 0.0003880 secs] [Times: user=0.00 sys=0.00, real=0.00 secs] 
Heap after GC invocations=455 (full 51):
 par new generation   total 6144K, used 10K [0x00000000fec00000, 0x00000000ff2a0000, 0x00000000ff2a0000)
  eden space 5504K,   0% used [0x00000000fec00000, 0x00000000fec00000, 0x00000000ff160000)
  from space 640K,   1% used [0x00000000ff160000, 0x00000000ff162850, 0x00000000ff200000)
  to   space 640K,   0% used [0x00000000ff200000, 0x00000000ff200000, 0x00000000ff2a0000)
 concurrent mark-sweep generation total 13696K, used 3241K [0x00000000ff2a0000, 0x0000000100000000, 0x0000000100000000)
 Metaspace       used 5078K, capacity 5258K, committed 5504K, reserved 1056768K
  class space    used 557K, capacity 597K, committed 640K, reserved 1048576K
}
{Heap before GC invocations=455 (full 51):
 par new generation   total 6144K, used 5239K [0x00000000fec00000, 0x00000000ff2a0000, 0x00000000ff2a0000)
  eden space 5504K,  95% used [0x00000000fec00000, 0x00000000ff11b780, 0x00000000ff160000)
  from space 640K,   1% used [0x00000000ff160000, 0x00000000ff162850, 0x00000000ff200000)
  to   space 640K,   0% used [0x00000000ff200000, 0x00000000ff200000, 0x00000000ff2a0000)
 concurrent mark-sweep generation total 13696K, used 3241K [0x00000000ff2a0000, 0x0000000100000000, 0x0000000100000000)
 Metaspace       used 5078K, capacity 5258K, committed 5504K, reserved 1056768K
  class space    used 557K, capacity 597K, committed 640K, reserved 1048576K
2024-07-16T17:10:16.922+0800: 3.591: [GC (Allocation Failure) 2024-07-16T17:10:16.922+0800: 3.591: [ParNew: 5239K->8K(6144K), 0.0003480 secs] 8481K->4275K(19840K), 0.0003964 secs] [Times: user=0.00 sys=0.00, real=0.00 secs] 
Heap after GC invocations=456 (full 51):
 par new generation   total 6144K, used 8K [0x00000000fec00000, 0x00000000ff2a0000, 0x00000000ff2a0000)
  eden space 5504K,   0% used [0x00000000fec00000, 0x00000000fec00000, 0x00000000ff160000)
  from space 640K,   1% used [0x00000000ff200000, 0x00000000ff202040, 0x00000000ff2a0000)
  to   space 640K,   0% used [0x00000000ff160000, 0x00000000ff160000, 0x00000000ff200000)
 concurrent mark-sweep generation total 13696K, used 4267K [0x00000000ff2a0000, 0x0000000100000000, 0x0000000100000000)
 Metaspace       used 5078K, capacity 5258K, committed 5504K, reserved 1056768K
  class space    used 557K, capacity 597K, committed 640K, reserved 1048576K
}
{Heap before GC invocations=456 (full 51):
 par new generation   total 6144K, used 5237K [0x00000000fec00000, 0x00000000ff2a0000, 0x00000000ff2a0000)
  eden space 5504K,  95% used [0x00000000fec00000, 0x00000000ff11b780, 0x00000000ff160000)
  from space 640K,   1% used [0x00000000ff200000, 0x00000000ff202040, 0x00000000ff2a0000)
  to   space 640K,   0% used [0x00000000ff160000, 0x00000000ff160000, 0x00000000ff200000)
 concurrent mark-sweep generation total 13696K, used 4267K [0x00000000ff2a0000, 0x0000000100000000, 0x0000000100000000)
 Metaspace       used 5078K, capacity 5258K, committed 5504K, reserved 1056768K
  class space    used 557K, capacity 597K, committed 640K, reserved 1048576K
2024-07-16T17:10:16.928+0800: 3.597: [GC (Allocation Failure) 2024-07-16T17:10:16.928+0800: 3.597: [ParNew: 5237K->8K(6144K), 0.0003787 secs] 9505K->5301K(19840K), 0.0004199 secs] [Times: user=0.00 sys=0.00, real=0.00 secs] 
Heap after GC invocations=457 (full 51):
 par new generation   total 6144K, used 8K [0x00000000fec00000, 0x00000000ff2a0000, 0x00000000ff2a0000)
  eden space 5504K,   0% used [0x00000000fec00000, 0x00000000fec00000, 0x00000000ff160000)
  from space 640K,   1% used [0x00000000ff160000, 0x00000000ff162040, 0x00000000ff200000)
  to   space 640K,   0% used [0x00000000ff200000, 0x00000000ff200000, 0x00000000ff2a0000)
 concurrent mark-sweep generation total 13696K, used 5293K [0x00000000ff2a0000, 0x0000000100000000, 0x0000000100000000)
 Metaspace       used 5078K, capacity 5258K, committed 5504K, reserved 1056768K
  class space    used 557K, capacity 597K, committed 640K, reserved 1048576K
}
{Heap before GC invocations=457 (full 51):
 par new generation   total 6144K, used 5237K [0x00000000fec00000, 0x00000000ff2a0000, 0x00000000ff2a0000)
  eden space 5504K,  95% used [0x00000000fec00000, 0x00000000ff11b780, 0x00000000ff160000)
  from space 640K,   1% used [0x00000000ff160000, 0x00000000ff162040, 0x00000000ff200000)
  to   space 640K,   0% used [0x00000000ff200000, 0x00000000ff200000, 0x00000000ff2a0000)
 concurrent mark-sweep generation total 13696K, used 5293K [0x00000000ff2a0000, 0x0000000100000000, 0x0000000100000000)
 Metaspace       used 5078K, capacity 5258K, committed 5504K, reserved 1056768K
  class space    used 557K, capacity 597K, committed 640K, reserved 1048576K
2024-07-16T17:10:16.934+0800: 3.603: [GC (Allocation Failure) 2024-07-16T17:10:16.934+0800: 3.603: [ParNew: 5237K->2K(6144K), 0.0002875 secs] 10531K->5295K(19840K), 0.0003181 secs] [Times: user=0.00 sys=0.00, real=0.00 secs] 
Heap after GC invocations=458 (full 51):
 par new generation   total 6144K, used 2K [0x00000000fec00000, 0x00000000ff2a0000, 0x00000000ff2a0000)
  eden space 5504K,   0% used [0x00000000fec00000, 0x00000000fec00000, 0x00000000ff160000)
  from space 640K,   0% used [0x00000000ff200000, 0x00000000ff200810, 0x00000000ff2a0000)
  to   space 640K,   0% used [0x00000000ff160000, 0x00000000ff160000, 0x00000000ff200000)
 concurrent mark-sweep generation total 13696K, used 5293K [0x00000000ff2a0000, 0x0000000100000000, 0x0000000100000000)
 Metaspace       used 5078K, capacity 5258K, committed 5504K, reserved 1056768K
  class space    used 557K, capacity 597K, committed 640K, reserved 1048576K
}
{Heap before GC invocations=458 (full 51):
 par new generation   total 6144K, used 5231K [0x00000000fec00000, 0x00000000ff2a0000, 0x00000000ff2a0000)
  eden space 5504K,  95% used [0x00000000fec00000, 0x00000000ff11b780, 0x00000000ff160000)
  from space 640K,   0% used [0x00000000ff200000, 0x00000000ff200810, 0x00000000ff2a0000)
  to   space 640K,   0% used [0x00000000ff160000, 0x00000000ff160000, 0x00000000ff200000)
 concurrent mark-sweep generation total 13696K, used 5293K [0x00000000ff2a0000, 0x0000000100000000, 0x0000000100000000)
 Metaspace       used 5078K, capacity 5258K, committed 5504K, reserved 1056768K
  class space    used 557K, capacity 597K, committed 640K, reserved 1048576K
2024-07-16T17:10:16.939+0800: 3.608: [GC (Allocation Failure) 2024-07-16T17:10:16.939+0800: 3.608: [ParNew: 5231K->8K(6144K), 0.0003473 secs] 10525K->6327K(19840K), 0.0003775 secs] [Times: user=0.00 sys=0.00, real=0.00 secs] 
Heap after GC invocations=459 (full 51):
 par new generation   total 6144K, used 8K [0x00000000fec00000, 0x00000000ff2a0000, 0x00000000ff2a0000)
  eden space 5504K,   0% used [0x00000000fec00000, 0x00000000fec00000, 0x00000000ff160000)
  from space 640K,   1% used [0x00000000ff160000, 0x00000000ff162040, 0x00000000ff200000)
  to   space 640K,   0% used [0x00000000ff200000, 0x00000000ff200000, 0x00000000ff2a0000)
 concurrent mark-sweep generation total 13696K, used 6319K [0x00000000ff2a0000, 0x0000000100000000, 0x0000000100000000)
 Metaspace       used 5078K, capacity 5258K, committed 5504K, reserved 1056768K
  class space    used 557K, capacity 597K, committed 640K, reserved 1048576K
}
{Heap before GC invocations=459 (full 51):
 par new generation   total 6144K, used 5237K [0x00000000fec00000, 0x00000000ff2a0000, 0x00000000ff2a0000)
  eden space 5504K,  95% used [0x00000000fec00000, 0x00000000ff11b780, 0x00000000ff160000)
  from space 640K,   1% used [0x00000000ff160000, 0x00000000ff162040, 0x00000000ff200000)
  to   space 640K,   0% used [0x00000000ff200000, 0x00000000ff200000, 0x00000000ff2a0000)
 concurrent mark-sweep generation total 13696K, used 6319K [0x00000000ff2a0000, 0x0000000100000000, 0x0000000100000000)
 Metaspace       used 5078K, capacity 5258K, committed 5504K, reserved 1056768K
  class space    used 557K, capacity 597K, committed 640K, reserved 1048576K
2024-07-16T17:10:16.948+0800: 3.616: [GC (Allocation Failure) 2024-07-16T17:10:16.948+0800: 3.616: [ParNew: 5237K->4K(6144K), 0.0005019 secs] 11557K->7349K(19840K), 0.0005418 secs] [Times: user=0.00 sys=0.00, real=0.00 secs] 
Heap after GC invocations=460 (full 51):
 par new generation   total 6144K, used 4K [0x00000000fec00000, 0x00000000ff2a0000, 0x00000000ff2a0000)
  eden space 5504K,   0% used [0x00000000fec00000, 0x00000000fec00000, 0x00000000ff160000)
  from space 640K,   0% used [0x00000000ff200000, 0x00000000ff201020, 0x00000000ff2a0000)
  to   space 640K,   0% used [0x00000000ff160000, 0x00000000ff160000, 0x00000000ff200000)
 concurrent mark-sweep generation total 13696K, used 7345K [0x00000000ff2a0000, 0x0000000100000000, 0x0000000100000000)
 Metaspace       used 5078K, capacity 5258K, committed 5504K, reserved 1056768K
  class space    used 557K, capacity 597K, committed 640K, reserved 1048576K
}
{Heap before GC invocations=460 (full 51):
 par new generation   total 6144K, used 5233K [0x00000000fec00000, 0x00000000ff2a0000, 0x00000000ff2a0000)
  eden space 5504K,  95% used [0x00000000fec00000, 0x00000000ff11b780, 0x00000000ff160000)
  from space 640K,   0% used [0x00000000ff200000, 0x00000000ff201020, 0x00000000ff2a0000)
  to   space 640K,   0% used [0x00000000ff160000, 0x00000000ff160000, 0x00000000ff200000)
 concurrent mark-sweep generation total 13696K, used 7345K [0x00000000ff2a0000, 0x0000000100000000, 0x0000000100000000)
 Metaspace       used 5078K, capacity 5258K, committed 5504K, reserved 1056768K
  class space    used 557K, capacity 597K, committed 640K, reserved 1048576K
2024-07-16T17:10:16.955+0800: 3.623: [GC (Allocation Failure) 2024-07-16T17:10:16.955+0800: 3.623: [ParNew: 5233K->6K(6144K), 0.0003305 secs] 12579K->8375K(19840K), 0.0004244 secs] [Times: user=0.00 sys=0.00, real=0.00 secs] 
Heap after GC invocations=461 (full 51):
 par new generation   total 6144K, used 6K [0x00000000fec00000, 0x00000000ff2a0000, 0x00000000ff2a0000)
  eden space 5504K,   0% used [0x00000000fec00000, 0x00000000fec00000, 0x00000000ff160000)
  from space 640K,   0% used [0x00000000ff160000, 0x00000000ff161830, 0x00000000ff200000)
  to   space 640K,   0% used [0x00000000ff200000, 0x00000000ff200000, 0x00000000ff2a0000)
 concurrent mark-sweep generation total 13696K, used 8369K [0x00000000ff2a0000, 0x0000000100000000, 0x0000000100000000)
 Metaspace       used 5078K, capacity 5258K, committed 5504K, reserved 1056768K
  class space    used 557K, capacity 597K, committed 640K, reserved 1048576K
}
2024-07-16T17:10:16.955+0800: 3.624: [GC (CMS Initial Mark) [1 CMS-initial-mark: 8369K(13696K)] 9399K(19840K), 0.0001240 secs] [Times: user=0.00 sys=0.00, real=0.00 secs] 
2024-07-16T17:10:16.955+0800: 3.624: [CMS-concurrent-mark-start]
2024-07-16T17:10:16.957+0800: 3.625: [CMS-concurrent-mark: 0.001/0.001 secs] [Times: user=0.05 sys=0.00, real=0.00 secs] 
2024-07-16T17:10:16.957+0800: 3.625: [CMS-concurrent-preclean-start]
2024-07-16T17:10:16.957+0800: 3.625: [CMS-concurrent-preclean: 0.000/0.000 secs] [Times: user=0.00 sys=0.00, real=0.00 secs] 
2024-07-16T17:10:16.957+0800: 3.625: [CMS-concurrent-abortable-preclean-start]
{Heap before GC invocations=461 (full 52):
 par new generation   total 6144K, used 5235K [0x00000000fec00000, 0x00000000ff2a0000, 0x00000000ff2a0000)
  eden space 5504K,  95% used [0x00000000fec00000, 0x00000000ff11b780, 0x00000000ff160000)
  from space 640K,   0% used [0x00000000ff160000, 0x00000000ff161830, 0x00000000ff200000)
  to   space 640K,   0% used [0x00000000ff200000, 0x00000000ff200000, 0x00000000ff2a0000)
 concurrent mark-sweep generation total 13696K, used 8369K [0x00000000ff2a0000, 0x0000000100000000, 0x0000000100000000)
 Metaspace       used 5078K, capacity 5258K, committed 5504K, reserved 1056768K
  class space    used 557K, capacity 597K, committed 640K, reserved 1048576K
2024-07-16T17:10:16.963+0800: 3.631: [GC (Allocation Failure) 2024-07-16T17:10:16.963+0800: 3.631: [ParNew: 5235K->6K(6144K), 0.0003889 secs] 13605K->9399K(19840K), 0.0004369 secs] [Times: user=0.00 sys=0.00, real=0.00 secs] 
Heap after GC invocations=462 (full 52):
 par new generation   total 6144K, used 6K [0x00000000fec00000, 0x00000000ff2a0000, 0x00000000ff2a0000)
  eden space 5504K,   0% used [0x00000000fec00000, 0x00000000fec00000, 0x00000000ff160000)
  from space 640K,   0% used [0x00000000ff200000, 0x00000000ff201830, 0x00000000ff2a0000)
  to   space 640K,   0% used [0x00000000ff160000, 0x00000000ff160000, 0x00000000ff200000)
 concurrent mark-sweep generation total 13696K, used 9393K [0x00000000ff2a0000, 0x0000000100000000, 0x0000000100000000)
 Metaspace       used 5078K, capacity 5258K, committed 5504K, reserved 1056768K
  class space    used 557K, capacity 597K, committed 640K, reserved 1048576K
}
{Heap before GC invocations=462 (full 52):
 par new generation   total 6144K, used 5235K [0x00000000fec00000, 0x00000000ff2a0000, 0x00000000ff2a0000)
  eden space 5504K,  95% used [0x00000000fec00000, 0x00000000ff11b780, 0x00000000ff160000)
  from space 640K,   0% used [0x00000000ff200000, 0x00000000ff201830, 0x00000000ff2a0000)
  to   space 640K,   0% used [0x00000000ff160000, 0x00000000ff160000, 0x00000000ff200000)
 concurrent mark-sweep generation total 13696K, used 9393K [0x00000000ff2a0000, 0x0000000100000000, 0x0000000100000000)
 Metaspace       used 5078K, capacity 5258K, committed 5504K, reserved 1056768K
  class space    used 557K, capacity 597K, committed 640K, reserved 1048576K
2024-07-16T17:10:16.968+0800: 3.637: [GC (Allocation Failure) 2024-07-16T17:10:16.968+0800: 3.637: [ParNew: 5235K->10K(6144K), 0.0003479 secs] 14629K->10429K(19840K), 0.0004154 secs] [Times: user=0.00 sys=0.00, real=0.00 secs] 
Heap after GC invocations=463 (full 52):
 par new generation   total 6144K, used 10K [0x00000000fec00000, 0x00000000ff2a0000, 0x00000000ff2a0000)
  eden space 5504K,   0% used [0x00000000fec00000, 0x00000000fec00000, 0x00000000ff160000)
  from space 640K,   1% used [0x00000000ff160000, 0x00000000ff162850, 0x00000000ff200000)
  to   space 640K,   0% used [0x00000000ff200000, 0x00000000ff200000, 0x00000000ff2a0000)
 concurrent mark-sweep generation total 13696K, used 10419K [0x00000000ff2a0000, 0x0000000100000000, 0x0000000100000000)
 Metaspace       used 5078K, capacity 5258K, committed 5504K, reserved 1056768K
  class space    used 557K, capacity 597K, committed 640K, reserved 1048576K
}
{Heap before GC invocations=463 (full 52):
 par new generation   total 6144K, used 5239K [0x00000000fec00000, 0x00000000ff2a0000, 0x00000000ff2a0000)
  eden space 5504K,  95% used [0x00000000fec00000, 0x00000000ff11b780, 0x00000000ff160000)
  from space 640K,   1% used [0x00000000ff160000, 0x00000000ff162850, 0x00000000ff200000)
  to   space 640K,   0% used [0x00000000ff200000, 0x00000000ff200000, 0x00000000ff2a0000)
 concurrent mark-sweep generation total 13696K, used 10419K [0x00000000ff2a0000, 0x0000000100000000, 0x0000000100000000)
 Metaspace       used 5078K, capacity 5258K, committed 5504K, reserved 1056768K
  class space    used 557K, capacity 597K, committed 640K, reserved 1048576K
2024-07-16T17:10:16.974+0800: 3.643: [GC (Allocation Failure) 2024-07-16T17:10:16.974+0800: 3.643: [ParNew: 5239K->10K(6144K), 0.0003520 secs] 15659K->11456K(19840K), 0.0003856 secs] [Times: user=0.00 sys=0.00, real=0.00 secs] 
Heap after GC invocations=464 (full 52):
 par new generation   total 6144K, used 10K [0x00000000fec00000, 0x00000000ff2a0000, 0x00000000ff2a0000)
  eden space 5504K,   0% used [0x00000000fec00000, 0x00000000fec00000, 0x00000000ff160000)
  from space 640K,   1% used [0x00000000ff200000, 0x00000000ff202850, 0x00000000ff2a0000)
  to   space 640K,   0% used [0x00000000ff160000, 0x00000000ff160000, 0x00000000ff200000)
 concurrent mark-sweep generation total 13696K, used 11445K [0x00000000ff2a0000, 0x0000000100000000, 0x0000000100000000)
 Metaspace       used 5078K, capacity 5258K, committed 5504K, reserved 1056768K
  class space    used 557K, capacity 597K, committed 640K, reserved 1048576K
}
{Heap before GC invocations=464 (full 52):
 par new generation   total 6144K, used 5239K [0x00000000fec00000, 0x00000000ff2a0000, 0x00000000ff2a0000)
  eden space 5504K,  95% used [0x00000000fec00000, 0x00000000ff11b780, 0x00000000ff160000)
  from space 640K,   1% used [0x00000000ff200000, 0x00000000ff202850, 0x00000000ff2a0000)
  to   space 640K,   0% used [0x00000000ff160000, 0x00000000ff160000, 0x00000000ff200000)
 concurrent mark-sweep generation total 13696K, used 11445K [0x00000000ff2a0000, 0x0000000100000000, 0x0000000100000000)
 Metaspace       used 5078K, capacity 5258K, committed 5504K, reserved 1056768K
  class space    used 557K, capacity 597K, committed 640K, reserved 1048576K
2024-07-16T17:10:16.980+0800: 3.648: [GC (Allocation Failure) 2024-07-16T17:10:16.980+0800: 3.648: [ParNew: 5239K->10K(6144K), 0.0003457 secs] 16685K->12480K(19840K), 0.0003705 secs] [Times: user=0.00 sys=0.00, real=0.00 secs] 
Heap after GC invocations=465 (full 52):
 par new generation   total 6144K, used 10K [0x00000000fec00000, 0x00000000ff2a0000, 0x00000000ff2a0000)
  eden space 5504K,   0% used [0x00000000fec00000, 0x00000000fec00000, 0x00000000ff160000)
  from space 640K,   1% used [0x00000000ff160000, 0x00000000ff162850, 0x00000000ff200000)
  to   space 640K,   0% used [0x00000000ff200000, 0x00000000ff200000, 0x00000000ff2a0000)
 concurrent mark-sweep generation total 13696K, used 12469K [0x00000000ff2a0000, 0x0000000100000000, 0x0000000100000000)
 Metaspace       used 5078K, capacity 5258K, committed 5504K, reserved 1056768K
  class space    used 557K, capacity 597K, committed 640K, reserved 1048576K
}
{Heap before GC invocations=465 (full 52):
 par new generation   total 6144K, used 5239K [0x00000000fec00000, 0x00000000ff2a0000, 0x00000000ff2a0000)
  eden space 5504K,  95% used [0x00000000fec00000, 0x00000000ff11b780, 0x00000000ff160000)
  from space 640K,   1% used [0x00000000ff160000, 0x00000000ff162850, 0x00000000ff200000)
  to   space 640K,   0% used [0x00000000ff200000, 0x00000000ff200000, 0x00000000ff2a0000)
 concurrent mark-sweep generation total 13696K, used 12469K [0x00000000ff2a0000, 0x0000000100000000, 0x0000000100000000)
 Metaspace       used 5078K, capacity 5258K, committed 5504K, reserved 1056768K
  class space    used 557K, capacity 597K, committed 640K, reserved 1048576K
2024-07-16T17:10:16.986+0800: 3.654: [GC (Allocation Failure) 2024-07-16T17:10:16.986+0800: 3.654: [ParNew: 5239K->8K(6144K), 0.0003771 secs] 17709K->13502K(19840K), 0.0004530 secs] [Times: user=0.00 sys=0.00, real=0.00 secs] 
Heap after GC invocations=466 (full 52):
 par new generation   total 6144K, used 8K [0x00000000fec00000, 0x00000000ff2a0000, 0x00000000ff2a0000)
  eden space 5504K,   0% used [0x00000000fec00000, 0x00000000fec00000, 0x00000000ff160000)
  from space 640K,   1% used [0x00000000ff200000, 0x00000000ff202040, 0x00000000ff2a0000)
  to   space 640K,   0% used [0x00000000ff160000, 0x00000000ff160000, 0x00000000ff200000)
 concurrent mark-sweep generation total 13696K, used 13493K [0x00000000ff2a0000, 0x0000000100000000, 0x0000000100000000)
 Metaspace       used 5078K, capacity 5258K, committed 5504K, reserved 1056768K
  class space    used 557K, capacity 597K, committed 640K, reserved 1048576K
}
2024-07-16T17:10:16.986+0800: 3.655: [CMS-concurrent-abortable-preclean: 0.000/0.029 secs] [Times: user=0.00 sys=0.00, real=0.03 secs] 
2024-07-16T17:10:16.986+0800: 3.655: [GC (CMS Final Remark) [YG occupancy: 1032 K (6144 K)]{Heap before GC invocations=466 (full 52):
 par new generation   total 6144K, used 1032K [0x00000000fec00000, 0x00000000ff2a0000, 0x00000000ff2a0000)
  eden space 5504K,  18% used [0x00000000fec00000, 0x00000000fed00010, 0x00000000ff160000)
  from space 640K,   1% used [0x00000000ff200000, 0x00000000ff202040, 0x00000000ff2a0000)
  to   space 640K,   0% used [0x00000000ff160000, 0x00000000ff160000, 0x00000000ff200000)
 concurrent mark-sweep generation total 13696K, used 13493K [0x00000000ff2a0000, 0x0000000100000000, 0x0000000100000000)
 Metaspace       used 5078K, capacity 5258K, committed 5504K, reserved 1056768K
  class space    used 557K, capacity 597K, committed 640K, reserved 1048576K
2024-07-16T17:10:16.986+0800: 3.655: [GC (CMS Final Remark) 2024-07-16T17:10:16.986+0800: 3.655: [ParNew: 1032K->1032K(6144K), 0.0000062 secs] 14526K->14526K(19840K), 0.0000165 secs] [Times: user=0.00 sys=0.00, real=0.00 secs] 
Heap after GC invocations=467 (full 52):
 par new generation   total 6144K, used 1032K [0x00000000fec00000, 0x00000000ff2a0000, 0x00000000ff2a0000)
  eden space 5504K,  18% used [0x00000000fec00000, 0x00000000fed00010, 0x00000000ff160000)
  from space 640K,   1% used [0x00000000ff200000, 0x00000000ff202040, 0x00000000ff2a0000)
  to   space 640K,   0% used [0x00000000ff160000, 0x00000000ff160000, 0x00000000ff200000)
 concurrent mark-sweep generation total 13696K, used 13493K [0x00000000ff2a0000, 0x0000000100000000, 0x0000000100000000)
 Metaspace       used 5078K, capacity 5258K, committed 5504K, reserved 1056768K
  class space    used 557K, capacity 597K, committed 640K, reserved 1048576K
}
2024-07-16T17:10:16.986+0800: 3.655: [Rescan (parallel) , 0.0003153 secs]2024-07-16T17:10:16.986+0800: 3.655: [weak refs processing, 0.0000078 secs]2024-07-16T17:10:16.987+0800: 3.655: [class unloading, 0.0003810 secs]2024-07-16T17:10:16.987+0800: 3.656: [scrub symbol table, 0.0003430 secs]2024-07-16T17:10:16.987+0800: 3.656: [scrub string table, 0.0000832 secs][1 CMS-remark: 13493K(13696K)] 14526K(19840K), 0.0012580 secs] [Times: user=0.00 sys=0.02, real=0.00 secs] 
2024-07-16T17:10:16.987+0800: 3.656: [CMS-concurrent-sweep-start]
2024-07-16T17:10:16.988+0800: 3.656: [CMS-concurrent-sweep: 0.000/0.000 secs] [Times: user=0.00 sys=0.00, real=0.00 secs] 
2024-07-16T17:10:16.988+0800: 3.656: [CMS-concurrent-reset-start]
2024-07-16T17:10:16.988+0800: 3.656: [CMS-concurrent-reset: 0.000/0.000 secs] [Times: user=0.00 sys=0.00, real=0.00 secs] 
{Heap before GC invocations=467 (full 52):
 par new generation   total 6144K, used 5237K [0x00000000fec00000, 0x00000000ff2a0000, 0x00000000ff2a0000)
  eden space 5504K,  95% used [0x00000000fec00000, 0x00000000ff11b780, 0x00000000ff160000)
  from space 640K,   1% used [0x00000000ff200000, 0x00000000ff202040, 0x00000000ff2a0000)
  to   space 640K,   0% used [0x00000000ff160000, 0x00000000ff160000, 0x00000000ff200000)
 concurrent mark-sweep generation total 13696K, used 6325K [0x00000000ff2a0000, 0x0000000100000000, 0x0000000100000000)
 Metaspace       used 5078K, capacity 5258K, committed 5504K, reserved 1056768K
  class space    used 557K, capacity 597K, committed 640K, reserved 1048576K
2024-07-16T17:10:16.992+0800: 3.661: [GC (Allocation Failure) 2024-07-16T17:10:16.992+0800: 3.661: [ParNew: 5237K->4K(6144K), 0.0002603 secs] 11563K->6329K(19840K), 0.0002845 secs] [Times: user=0.00 sys=0.00, real=0.00 secs] 
Heap after GC invocations=468 (full 52):
 par new generation   total 6144K, used 4K [0x00000000fec00000, 0x00000000ff2a0000, 0x00000000ff2a0000)
  eden space 5504K,   0% used [0x00000000fec00000, 0x00000000fec00000, 0x00000000ff160000)
  from space 640K,   0% used [0x00000000ff160000, 0x00000000ff161020, 0x00000000ff200000)
  to   space 640K,   0% used [0x00000000ff200000, 0x00000000ff200000, 0x00000000ff2a0000)
 concurrent mark-sweep generation total 13696K, used 6325K [0x00000000ff2a0000, 0x0000000100000000, 0x0000000100000000)
 Metaspace       used 5078K, capacity 5258K, committed 5504K, reserved 1056768K
  class space    used 557K, capacity 597K, committed 640K, reserved 1048576K
}
{Heap before GC invocations=468 (full 52):
 par new generation   total 6144K, used 5226K [0x00000000fec00000, 0x00000000ff2a0000, 0x00000000ff2a0000)
  eden space 5504K,  94% used [0x00000000fec00000, 0x00000000ff119948, 0x00000000ff160000)
  from space 640K,   0% used [0x00000000ff160000, 0x00000000ff161020, 0x00000000ff200000)
  to   space 640K,   0% used [0x00000000ff200000, 0x00000000ff200000, 0x00000000ff2a0000)
 concurrent mark-sweep generation total 13696K, used 6325K [0x00000000ff2a0000, 0x0000000100000000, 0x0000000100000000)
 Metaspace       used 5078K, capacity 5258K, committed 5504K, reserved 1056768K
  class space    used 557K, capacity 597K, committed 640K, reserved 1048576K
2024-07-16T17:10:16.998+0800: 3.667: [GC (Allocation Failure) 2024-07-16T17:10:16.998+0800: 3.667: [ParNew: 5226K->6K(6144K), 0.0003484 secs] 11552K->7355K(19840K), 0.0003728 secs] [Times: user=0.00 sys=0.00, real=0.00 secs] 
Heap after GC invocations=469 (full 52):
 par new generation   total 6144K, used 6K [0x00000000fec00000, 0x00000000ff2a0000, 0x00000000ff2a0000)
  eden space 5504K,   0% used [0x00000000fec00000, 0x00000000fec00000, 0x00000000ff160000)
  from space 640K,   0% used [0x00000000ff200000, 0x00000000ff201830, 0x00000000ff2a0000)
  to   space 640K,   0% used [0x00000000ff160000, 0x00000000ff160000, 0x00000000ff200000)
 concurrent mark-sweep generation total 13696K, used 7349K [0x00000000ff2a0000, 0x0000000100000000, 0x0000000100000000)
 Metaspace       used 5078K, capacity 5258K, committed 5504K, reserved 1056768K
  class space    used 557K, capacity 597K, committed 640K, reserved 1048576K
}
2024-07-16T17:10:16.998+0800: 3.667: [GC (CMS Initial Mark) [1 CMS-initial-mark: 7349K(13696K)] 8379K(19840K), 0.0001270 secs] [Times: user=0.00 sys=0.00, real=0.00 secs] 
2024-07-16T17:10:16.998+0800: 3.668: [CMS-concurrent-mark-start]
2024-07-16T17:10:17.000+0800: 3.669: [CMS-concurrent-mark: 0.001/0.001 secs] [Times: user=0.00 sys=0.00, real=0.00 secs] 
2024-07-16T17:10:17.000+0800: 3.669: [CMS-concurrent-preclean-start]
2024-07-16T17:10:17.000+0800: 3.669: [CMS-concurrent-preclean: 0.000/0.000 secs] [Times: user=0.00 sys=0.00, real=0.00 secs] 
2024-07-16T17:10:17.000+0800: 3.669: [CMS-concurrent-abortable-preclean-start]
{Heap before GC invocations=469 (full 53):
 par new generation   total 6144K, used 5231K [0x00000000fec00000, 0x00000000ff2a0000, 0x00000000ff2a0000)
  eden space 5504K,  94% used [0x00000000fec00000, 0x00000000ff11a410, 0x00000000ff160000)
  from space 640K,   0% used [0x00000000ff200000, 0x00000000ff201830, 0x00000000ff2a0000)
  to   space 640K,   0% used [0x00000000ff160000, 0x00000000ff160000, 0x00000000ff200000)
 concurrent mark-sweep generation total 13696K, used 7349K [0x00000000ff2a0000, 0x0000000100000000, 0x0000000100000000)
 Metaspace       used 5078K, capacity 5258K, committed 5504K, reserved 1056768K
  class space    used 557K, capacity 597K, committed 640K, reserved 1048576K
2024-07-16T17:10:17.007+0800: 3.675: [GC (Allocation Failure) 2024-07-16T17:10:17.007+0800: 3.675: [ParNew: 5231K->4K(6144K), 0.0002535 secs] 12580K->7353K(19840K), 0.0002804 secs] [Times: user=0.00 sys=0.00, real=0.00 secs] 
Heap after GC invocations=470 (full 53):
 par new generation   total 6144K, used 4K [0x00000000fec00000, 0x00000000ff2a0000, 0x00000000ff2a0000)
  eden space 5504K,   0% used [0x00000000fec00000, 0x00000000fec00000, 0x00000000ff160000)
  from space 640K,   0% used [0x00000000ff160000, 0x00000000ff161020, 0x00000000ff200000)
  to   space 640K,   0% used [0x00000000ff200000, 0x00000000ff200000, 0x00000000ff2a0000)
 concurrent mark-sweep generation total 13696K, used 7349K [0x00000000ff2a0000, 0x0000000100000000, 0x0000000100000000)
 Metaspace       used 5078K, capacity 5258K, committed 5504K, reserved 1056768K
  class space    used 557K, capacity 597K, committed 640K, reserved 1048576K
}
{Heap before GC invocations=470 (full 53):
 par new generation   total 6144K, used 5230K [0x00000000fec00000, 0x00000000ff2a0000, 0x00000000ff2a0000)
  eden space 5504K,  94% used [0x00000000fec00000, 0x00000000ff11ab00, 0x00000000ff160000)
  from space 640K,   0% used [0x00000000ff160000, 0x00000000ff161020, 0x00000000ff200000)
  to   space 640K,   0% used [0x00000000ff200000, 0x00000000ff200000, 0x00000000ff2a0000)
 concurrent mark-sweep generation total 13696K, used 7349K [0x00000000ff2a0000, 0x0000000100000000, 0x0000000100000000)
 Metaspace       used 5078K, capacity 5258K, committed 5504K, reserved 1056768K
  class space    used 557K, capacity 597K, committed 640K, reserved 1048576K
2024-07-16T17:10:17.014+0800: 3.682: [GC (Allocation Failure) 2024-07-16T17:10:17.014+0800: 3.682: [ParNew: 5230K->10K(6144K), 0.0004144 secs] 12580K->8383K(19840K), 0.0004626 secs] [Times: user=0.00 sys=0.00, real=0.00 secs] 
Heap after GC invocations=471 (full 53):
 par new generation   total 6144K, used 10K [0x00000000fec00000, 0x00000000ff2a0000, 0x00000000ff2a0000)
  eden space 5504K,   0% used [0x00000000fec00000, 0x00000000fec00000, 0x00000000ff160000)
  from space 640K,   1% used [0x00000000ff200000, 0x00000000ff202850, 0x00000000ff2a0000)
  to   space 640K,   0% used [0x00000000ff160000, 0x00000000ff160000, 0x00000000ff200000)
 concurrent mark-sweep generation total 13696K, used 8373K [0x00000000ff2a0000, 0x0000000100000000, 0x0000000100000000)
 Metaspace       used 5078K, capacity 5258K, committed 5504K, reserved 1056768K
  class space    used 557K, capacity 597K, committed 640K, reserved 1048576K
}
{Heap before GC invocations=471 (full 53):
 par new generation   total 6144K, used 5237K [0x00000000fec00000, 0x00000000ff2a0000, 0x00000000ff2a0000)
  eden space 5504K,  94% used [0x00000000fec00000, 0x00000000ff11af78, 0x00000000ff160000)
  from space 640K,   1% used [0x00000000ff200000, 0x00000000ff202850, 0x00000000ff2a0000)
  to   space 640K,   0% used [0x00000000ff160000, 0x00000000ff160000, 0x00000000ff200000)
 concurrent mark-sweep generation total 13696K, used 8373K [0x00000000ff2a0000, 0x0000000100000000, 0x0000000100000000)
 Metaspace       used 5078K, capacity 5258K, committed 5504K, reserved 1056768K
  class space    used 557K, capacity 597K, committed 640K, reserved 1048576K
2024-07-16T17:10:17.021+0800: 3.689: [GC (Allocation Failure) 2024-07-16T17:10:17.021+0800: 3.689: [ParNew: 5237K->10K(6144K), 0.0003230 secs] 13611K->9409K(19840K), 0.0003562 secs] [Times: user=0.00 sys=0.00, real=0.00 secs] 
Heap after GC invocations=472 (full 53):
 par new generation   total 6144K, used 10K [0x00000000fec00000, 0x00000000ff2a0000, 0x00000000ff2a0000)
  eden space 5504K,   0% used [0x00000000fec00000, 0x00000000fec00000, 0x00000000ff160000)
  from space 640K,   1% used [0x00000000ff160000, 0x00000000ff162850, 0x00000000ff200000)
  to   space 640K,   0% used [0x00000000ff200000, 0x00000000ff200000, 0x00000000ff2a0000)
 concurrent mark-sweep generation total 13696K, used 9399K [0x00000000ff2a0000, 0x0000000100000000, 0x0000000100000000)
 Metaspace       used 5078K, capacity 5258K, committed 5504K, reserved 1056768K
  class space    used 557K, capacity 597K, committed 640K, reserved 1048576K
}
{Heap before GC invocations=472 (full 53):
 par new generation   total 6144K, used 5238K [0x00000000fec00000, 0x00000000ff2a0000, 0x00000000ff2a0000)
  eden space 5504K,  94% used [0x00000000fec00000, 0x00000000ff11b258, 0x00000000ff160000)
  from space 640K,   1% used [0x00000000ff160000, 0x00000000ff162850, 0x00000000ff200000)
  to   space 640K,   0% used [0x00000000ff200000, 0x00000000ff200000, 0x00000000ff2a0000)
 concurrent mark-sweep generation total 13696K, used 9399K [0x00000000ff2a0000, 0x0000000100000000, 0x0000000100000000)
 Metaspace       used 5078K, capacity 5258K, committed 5504K, reserved 1056768K
  class space    used 557K, capacity 597K, committed 640K, reserved 1048576K
2024-07-16T17:10:17.028+0800: 3.696: [GC (Allocation Failure) 2024-07-16T17:10:17.028+0800: 3.696: [ParNew: 5238K->10K(6144K), 0.0004207 secs] 14638K->10433K(19840K), 0.0004723 secs] [Times: user=0.00 sys=0.00, real=0.00 secs] 
Heap after GC invocations=473 (full 53):
 par new generation   total 6144K, used 10K [0x00000000fec00000, 0x00000000ff2a0000, 0x00000000ff2a0000)
  eden space 5504K,   0% used [0x00000000fec00000, 0x00000000fec00000, 0x00000000ff160000)
  from space 640K,   1% used [0x00000000ff200000, 0x00000000ff202850, 0x00000000ff2a0000)
  to   space 640K,   0% used [0x00000000ff160000, 0x00000000ff160000, 0x00000000ff200000)
 concurrent mark-sweep generation total 13696K, used 10423K [0x00000000ff2a0000, 0x0000000100000000, 0x0000000100000000)
 Metaspace       used 5078K, capacity 5258K, committed 5504K, reserved 1056768K
  class space    used 557K, capacity 597K, committed 640K, reserved 1048576K
}
{Heap before GC invocations=473 (full 53):
 par new generation   total 6144K, used 5239K [0x00000000fec00000, 0x00000000ff2a0000, 0x00000000ff2a0000)
  eden space 5504K,  95% used [0x00000000fec00000, 0x00000000ff11b428, 0x00000000ff160000)
  from space 640K,   1% used [0x00000000ff200000, 0x00000000ff202850, 0x00000000ff2a0000)
  to   space 640K,   0% used [0x00000000ff160000, 0x00000000ff160000, 0x00000000ff200000)
 concurrent mark-sweep generation total 13696K, used 10423K [0x00000000ff2a0000, 0x0000000100000000, 0x0000000100000000)
 Metaspace       used 5078K, capacity 5258K, committed 5504K, reserved 1056768K
  class space    used 557K, capacity 597K, committed 640K, reserved 1048576K
2024-07-16T17:10:17.035+0800: 3.703: [GC (Allocation Failure) 2024-07-16T17:10:17.035+0800: 3.703: [ParNew: 5239K->6K(6144K), 0.0009317 secs] 15662K->11455K(19840K), 0.0010074 secs] [Times: user=0.00 sys=0.00, real=0.00 secs] 
Heap after GC invocations=474 (full 53):
 par new generation   total 6144K, used 6K [0x00000000fec00000, 0x00000000ff2a0000, 0x00000000ff2a0000)
  eden space 5504K,   0% used [0x00000000fec00000, 0x00000000fec00000, 0x00000000ff160000)
  from space 640K,   0% used [0x00000000ff160000, 0x00000000ff161830, 0x00000000ff200000)
  to   space 640K,   0% used [0x00000000ff200000, 0x00000000ff200000, 0x00000000ff2a0000)
 concurrent mark-sweep generation total 13696K, used 11449K [0x00000000ff2a0000, 0x0000000100000000, 0x0000000100000000)
 Metaspace       used 5078K, capacity 5258K, committed 5504K, reserved 1056768K
  class space    used 557K, capacity 597K, committed 640K, reserved 1048576K
}
{Heap before GC invocations=474 (full 53):
 par new generation   total 6144K, used 5235K [0x00000000fec00000, 0x00000000ff2a0000, 0x00000000ff2a0000)
  eden space 5504K,  95% used [0x00000000fec00000, 0x00000000ff11b558, 0x00000000ff160000)
  from space 640K,   0% used [0x00000000ff160000, 0x00000000ff161830, 0x00000000ff200000)
  to   space 640K,   0% used [0x00000000ff200000, 0x00000000ff200000, 0x00000000ff2a0000)
 concurrent mark-sweep generation total 13696K, used 11449K [0x00000000ff2a0000, 0x0000000100000000, 0x0000000100000000)
 Metaspace       used 5078K, capacity 5258K, committed 5504K, reserved 1056768K
  class space    used 557K, capacity 597K, committed 640K, reserved 1048576K
2024-07-16T17:10:17.043+0800: 3.711: [GC (Allocation Failure) 2024-07-16T17:10:17.043+0800: 3.711: [ParNew: 5235K->6K(6144K), 0.0009552 secs] 16685K->12479K(19840K), 0.0010448 secs] [Times: user=0.00 sys=0.00, real=0.00 secs] 
Heap after GC invocations=475 (full 53):
 par new generation   total 6144K, used 6K [0x00000000fec00000, 0x00000000ff2a0000, 0x00000000ff2a0000)
  eden space 5504K,   0% used [0x00000000fec00000, 0x00000000fec00000, 0x00000000ff160000)
  from space 640K,   0% used [0x00000000ff200000, 0x00000000ff201830, 0x00000000ff2a0000)
  to   space 640K,   0% used [0x00000000ff160000, 0x00000000ff160000, 0x00000000ff200000)
 concurrent mark-sweep generation total 13696K, used 12473K [0x00000000ff2a0000, 0x0000000100000000, 0x0000000100000000)
 Metaspace       used 5078K, capacity 5258K, committed 5504K, reserved 1056768K
  class space    used 557K, capacity 597K, committed 640K, reserved 1048576K
}
{Heap before GC invocations=475 (full 53):
 par new generation   total 6144K, used 5235K [0x00000000fec00000, 0x00000000ff2a0000, 0x00000000ff2a0000)
  eden space 5504K,  95% used [0x00000000fec00000, 0x00000000ff11b620, 0x00000000ff160000)
  from space 640K,   0% used [0x00000000ff200000, 0x00000000ff201830, 0x00000000ff2a0000)
  to   space 640K,   0% used [0x00000000ff160000, 0x00000000ff160000, 0x00000000ff200000)
 concurrent mark-sweep generation total 13696K, used 12473K [0x00000000ff2a0000, 0x0000000100000000, 0x0000000100000000)
 Metaspace       used 5078K, capacity 5258K, committed 5504K, reserved 1056768K
  class space    used 557K, capacity 597K, committed 640K, reserved 1048576K
2024-07-16T17:10:17.051+0800: 3.719: [GC (Allocation Failure) 2024-07-16T17:10:17.051+0800: 3.719: [ParNew (promotion failed): 5235K->5237K(6144K), 0.0007549 secs]2024-07-16T17:10:17.051+0800: 3.720: [CMS2024-07-16T17:10:17.052+0800: 3.720: [CMS-concurrent-abortable-preclean: 0.000/0.051 secs] [Times: user=0.00 sys=0.00, real=0.05 secs] 
 (concurrent mode failure): 12473K->2215K(13696K), 0.0041300 secs] 17709K->2215K(19840K), [Metaspace: 5078K->5078K(1056768K)], 0.0050003 secs] [Times: user=0.00 sys=0.00, real=0.00 secs] 
Heap after GC invocations=476 (full 54):
 par new generation   total 6144K, used 0K [0x00000000fec00000, 0x00000000ff2a0000, 0x00000000ff2a0000)
  eden space 5504K,   0% used [0x00000000fec00000, 0x00000000fec00000, 0x00000000ff160000)
  from space 640K,   0% used [0x00000000ff160000, 0x00000000ff160000, 0x00000000ff200000)
  to   space 640K,   0% used [0x00000000ff200000, 0x00000000ff200000, 0x00000000ff2a0000)
 concurrent mark-sweep generation total 13696K, used 2215K [0x00000000ff2a0000, 0x0000000100000000, 0x0000000100000000)
 Metaspace       used 5078K, capacity 5258K, committed 5504K, reserved 1056768K
  class space    used 557K, capacity 597K, committed 640K, reserved 1048576K
}
{Heap before GC invocations=476 (full 54):
 par new generation   total 6144K, used 5229K [0x00000000fec00000, 0x00000000ff2a0000, 0x00000000ff2a0000)
  eden space 5504K,  95% used [0x00000000fec00000, 0x00000000ff11b698, 0x00000000ff160000)
  from space 640K,   0% used [0x00000000ff160000, 0x00000000ff160000, 0x00000000ff200000)
  to   space 640K,   0% used [0x00000000ff200000, 0x00000000ff200000, 0x00000000ff2a0000)
 concurrent mark-sweep generation total 13696K, used 2215K [0x00000000ff2a0000, 0x0000000100000000, 0x0000000100000000)
 Metaspace       used 5078K, capacity 5258K, committed 5504K, reserved 1056768K
  class space    used 557K, capacity 597K, committed 640K, reserved 1048576K
2024-07-16T17:10:17.063+0800: 3.731: [GC (Allocation Failure) 2024-07-16T17:10:17.063+0800: 3.731: [ParNew: 5229K->4K(6144K), 0.0007820 secs] 7445K->2219K(19840K), 0.0008700 secs] [Times: user=0.00 sys=0.00, real=0.00 secs] 
Heap after GC invocations=477 (full 54):
 par new generation   total 6144K, used 4K [0x00000000fec00000, 0x00000000ff2a0000, 0x00000000ff2a0000)
  eden space 5504K,   0% used [0x00000000fec00000, 0x00000000fec00000, 0x00000000ff160000)
  from space 640K,   0% used [0x00000000ff200000, 0x00000000ff201020, 0x00000000ff2a0000)
  to   space 640K,   0% used [0x00000000ff160000, 0x00000000ff160000, 0x00000000ff200000)
 concurrent mark-sweep generation total 13696K, used 2215K [0x00000000ff2a0000, 0x0000000100000000, 0x0000000100000000)
 Metaspace       used 5078K, capacity 5258K, committed 5504K, reserved 1056768K
  class space    used 557K, capacity 597K, committed 640K, reserved 1048576K
}
{Heap before GC invocations=477 (full 54):
 par new generation   total 6144K, used 5233K [0x00000000fec00000, 0x00000000ff2a0000, 0x00000000ff2a0000)
  eden space 5504K,  95% used [0x00000000fec00000, 0x00000000ff11b6e8, 0x00000000ff160000)
  from space 640K,   0% used [0x00000000ff200000, 0x00000000ff201020, 0x00000000ff2a0000)
  to   space 640K,   0% used [0x00000000ff160000, 0x00000000ff160000, 0x00000000ff200000)
 concurrent mark-sweep generation total 13696K, used 2215K [0x00000000ff2a0000, 0x0000000100000000, 0x0000000100000000)
 Metaspace       used 5078K, capacity 5258K, committed 5504K, reserved 1056768K
  class space    used 557K, capacity 597K, committed 640K, reserved 1048576K
2024-07-16T17:10:17.071+0800: 3.739: [GC (Allocation Failure) 2024-07-16T17:10:17.071+0800: 3.739: [ParNew: 5233K->6K(6144K), 0.0010541 secs] 7449K->3247K(19840K), 0.0011560 secs] [Times: user=0.00 sys=0.00, real=0.00 secs] 
Heap after GC invocations=478 (full 54):
 par new generation   total 6144K, used 6K [0x00000000fec00000, 0x00000000ff2a0000, 0x00000000ff2a0000)
  eden space 5504K,   0% used [0x00000000fec00000, 0x00000000fec00000, 0x00000000ff160000)
  from space 640K,   0% used [0x00000000ff160000, 0x00000000ff161830, 0x00000000ff200000)
  to   space 640K,   0% used [0x00000000ff200000, 0x00000000ff200000, 0x00000000ff2a0000)
 concurrent mark-sweep generation total 13696K, used 3241K [0x00000000ff2a0000, 0x0000000100000000, 0x0000000100000000)
 Metaspace       used 5078K, capacity 5258K, committed 5504K, reserved 1056768K
  class space    used 557K, capacity 597K, committed 640K, reserved 1048576K
}
{Heap before GC invocations=478 (full 54):
 par new generation   total 6144K, used 5235K [0x00000000fec00000, 0x00000000ff2a0000, 0x00000000ff2a0000)
  eden space 5504K,  95% used [0x00000000fec00000, 0x00000000ff11b720, 0x00000000ff160000)
  from space 640K,   0% used [0x00000000ff160000, 0x00000000ff161830, 0x00000000ff200000)
  to   space 640K,   0% used [0x00000000ff200000, 0x00000000ff200000, 0x00000000ff2a0000)
 concurrent mark-sweep generation total 13696K, used 3241K [0x00000000ff2a0000, 0x0000000100000000, 0x0000000100000000)
 Metaspace       used 5078K, capacity 5258K, committed 5504K, reserved 1056768K
  class space    used 557K, capacity 597K, committed 640K, reserved 1048576K
2024-07-16T17:10:17.080+0800: 3.748: [GC (Allocation Failure) 2024-07-16T17:10:17.080+0800: 3.748: [ParNew: 5235K->2K(6144K), 0.0005189 secs] 8477K->3243K(19840K), 0.0005839 secs] [Times: user=0.00 sys=0.00, real=0.00 secs] 
Heap after GC invocations=479 (full 54):
 par new generation   total 6144K, used 2K [0x00000000fec00000, 0x00000000ff2a0000, 0x00000000ff2a0000)
  eden space 5504K,   0% used [0x00000000fec00000, 0x00000000fec00000, 0x00000000ff160000)
  from space 640K,   0% used [0x00000000ff200000, 0x00000000ff200810, 0x00000000ff2a0000)
  to   space 640K,   0% used [0x00000000ff160000, 0x00000000ff160000, 0x00000000ff200000)
 concurrent mark-sweep generation total 13696K, used 3241K [0x00000000ff2a0000, 0x0000000100000000, 0x0000000100000000)
 Metaspace       used 5078K, capacity 5258K, committed 5504K, reserved 1056768K
  class space    used 557K, capacity 597K, committed 640K, reserved 1048576K
}
{Heap before GC invocations=479 (full 54):
 par new generation   total 6144K, used 5231K [0x00000000fec00000, 0x00000000ff2a0000, 0x00000000ff2a0000)
  eden space 5504K,  95% used [0x00000000fec00000, 0x00000000ff11b740, 0x00000000ff160000)
  from space 640K,   0% used [0x00000000ff200000, 0x00000000ff200810, 0x00000000ff2a0000)
  to   space 640K,   0% used [0x00000000ff160000, 0x00000000ff160000, 0x00000000ff200000)
 concurrent mark-sweep generation total 13696K, used 3241K [0x00000000ff2a0000, 0x0000000100000000, 0x0000000100000000)
 Metaspace       used 5078K, capacity 5258K, committed 5504K, reserved 1056768K
  class space    used 557K, capacity 597K, committed 640K, reserved 1048576K
2024-07-16T17:10:17.087+0800: 3.755: [GC (Allocation Failure) 2024-07-16T17:10:17.087+0800: 3.755: [ParNew: 5231K->4K(6144K), 0.0003762 secs] 8473K->3245K(19840K), 0.0004276 secs] [Times: user=0.00 sys=0.00, real=0.00 secs] 
Heap after GC invocations=480 (full 54):
 par new generation   total 6144K, used 4K [0x00000000fec00000, 0x00000000ff2a0000, 0x00000000ff2a0000)
  eden space 5504K,   0% used [0x00000000fec00000, 0x00000000fec00000, 0x00000000ff160000)
  from space 640K,   0% used [0x00000000ff160000, 0x00000000ff161020, 0x00000000ff200000)
  to   space 640K,   0% used [0x00000000ff200000, 0x00000000ff200000, 0x00000000ff2a0000)
 concurrent mark-sweep generation total 13696K, used 3241K [0x00000000ff2a0000, 0x0000000100000000, 0x0000000100000000)
 Metaspace       used 5078K, capacity 5258K, committed 5504K, reserved 1056768K
  class space    used 557K, capacity 597K, committed 640K, reserved 1048576K
}
{Heap before GC invocations=480 (full 54):
 par new generation   total 6144K, used 5233K [0x00000000fec00000, 0x00000000ff2a0000, 0x00000000ff2a0000)
  eden space 5504K,  95% used [0x00000000fec00000, 0x00000000ff11b758, 0x00000000ff160000)
  from space 640K,   0% used [0x00000000ff160000, 0x00000000ff161020, 0x00000000ff200000)
  to   space 640K,   0% used [0x00000000ff200000, 0x00000000ff200000, 0x00000000ff2a0000)
 concurrent mark-sweep generation total 13696K, used 3241K [0x00000000ff2a0000, 0x0000000100000000, 0x0000000100000000)
 Metaspace       used 5078K, capacity 5258K, committed 5504K, reserved 1056768K
  class space    used 557K, capacity 597K, committed 640K, reserved 1048576K
2024-07-16T17:10:17.094+0800: 3.762: [GC (Allocation Failure) 2024-07-16T17:10:17.094+0800: 3.762: [ParNew: 5233K->8K(6144K), 0.0009016 secs] 8475K->4275K(19840K), 0.0009742 secs] [Times: user=0.00 sys=0.00, real=0.00 secs] 
Heap after GC invocations=481 (full 54):
 par new generation   total 6144K, used 8K [0x00000000fec00000, 0x00000000ff2a0000, 0x00000000ff2a0000)
  eden space 5504K,   0% used [0x00000000fec00000, 0x00000000fec00000, 0x00000000ff160000)
  from space 640K,   1% used [0x00000000ff200000, 0x00000000ff202040, 0x00000000ff2a0000)
  to   space 640K,   0% used [0x00000000ff160000, 0x00000000ff160000, 0x00000000ff200000)
 concurrent mark-sweep generation total 13696K, used 4267K [0x00000000ff2a0000, 0x0000000100000000, 0x0000000100000000)
 Metaspace       used 5078K, capacity 5258K, committed 5504K, reserved 1056768K
  class space    used 557K, capacity 597K, committed 640K, reserved 1048576K
}
{Heap before GC invocations=481 (full 54):
 par new generation   total 6144K, used 5237K [0x00000000fec00000, 0x00000000ff2a0000, 0x00000000ff2a0000)
  eden space 5504K,  95% used [0x00000000fec00000, 0x00000000ff11b760, 0x00000000ff160000)
  from space 640K,   1% used [0x00000000ff200000, 0x00000000ff202040, 0x00000000ff2a0000)
  to   space 640K,   0% used [0x00000000ff160000, 0x00000000ff160000, 0x00000000ff200000)
 concurrent mark-sweep generation total 13696K, used 4267K [0x00000000ff2a0000, 0x0000000100000000, 0x0000000100000000)
 Metaspace       used 5078K, capacity 5258K, committed 5504K, reserved 1056768K
  class space    used 557K, capacity 597K, committed 640K, reserved 1048576K
2024-07-16T17:10:17.103+0800: 3.771: [GC (Allocation Failure) 2024-07-16T17:10:17.103+0800: 3.771: [ParNew: 5237K->8K(6144K), 0.0014694 secs] 9505K->5299K(19840K), 0.0015855 secs] [Times: user=0.00 sys=0.00, real=0.00 secs] 
Heap after GC invocations=482 (full 54):
 par new generation   total 6144K, used 8K [0x00000000fec00000, 0x00000000ff2a0000, 0x00000000ff2a0000)
  eden space 5504K,   0% used [0x00000000fec00000, 0x00000000fec00000, 0x00000000ff160000)
  from space 640K,   1% used [0x00000000ff160000, 0x00000000ff162040, 0x00000000ff200000)
  to   space 640K,   0% used [0x00000000ff200000, 0x00000000ff200000, 0x00000000ff2a0000)
 concurrent mark-sweep generation total 13696K, used 5291K [0x00000000ff2a0000, 0x0000000100000000, 0x0000000100000000)
 Metaspace       used 5078K, capacity 5258K, committed 5504K, reserved 1056768K
  class space    used 557K, capacity 597K, committed 640K, reserved 1048576K
}
{Heap before GC invocations=482 (full 54):
 par new generation   total 6144K, used 5237K [0x00000000fec00000, 0x00000000ff2a0000, 0x00000000ff2a0000)
  eden space 5504K,  95% used [0x00000000fec00000, 0x00000000ff11b770, 0x00000000ff160000)
  from space 640K,   1% used [0x00000000ff160000, 0x00000000ff162040, 0x00000000ff200000)
  to   space 640K,   0% used [0x00000000ff200000, 0x00000000ff200000, 0x00000000ff2a0000)
 concurrent mark-sweep generation total 13696K, used 5291K [0x00000000ff2a0000, 0x0000000100000000, 0x0000000100000000)
 Metaspace       used 5078K, capacity 5258K, committed 5504K, reserved 1056768K
  class space    used 557K, capacity 597K, committed 640K, reserved 1048576K
2024-07-16T17:10:17.113+0800: 3.781: [GC (Allocation Failure) 2024-07-16T17:10:17.113+0800: 3.781: [ParNew: 5237K->4K(6144K), 0.0003589 secs] 10529K->5295K(19840K), 0.0004057 secs] [Times: user=0.00 sys=0.00, real=0.00 secs] 
Heap after GC invocations=483 (full 54):
 par new generation   total 6144K, used 4K [0x00000000fec00000, 0x00000000ff2a0000, 0x00000000ff2a0000)
  eden space 5504K,   0% used [0x00000000fec00000, 0x00000000fec00000, 0x00000000ff160000)
  from space 640K,   0% used [0x00000000ff200000, 0x00000000ff201020, 0x00000000ff2a0000)
  to   space 640K,   0% used [0x00000000ff160000, 0x00000000ff160000, 0x00000000ff200000)
 concurrent mark-sweep generation total 13696K, used 5291K [0x00000000ff2a0000, 0x0000000100000000, 0x0000000100000000)
 Metaspace       used 5078K, capacity 5258K, committed 5504K, reserved 1056768K
  class space    used 557K, capacity 597K, committed 640K, reserved 1048576K
}
{Heap before GC invocations=483 (full 54):
 par new generation   total 6144K, used 5233K [0x00000000fec00000, 0x00000000ff2a0000, 0x00000000ff2a0000)
  eden space 5504K,  95% used [0x00000000fec00000, 0x00000000ff11b770, 0x00000000ff160000)
  from space 640K,   0% used [0x00000000ff200000, 0x00000000ff201020, 0x00000000ff2a0000)
  to   space 640K,   0% used [0x00000000ff160000, 0x00000000ff160000, 0x00000000ff200000)
 concurrent mark-sweep generation total 13696K, used 5291K [0x00000000ff2a0000, 0x0000000100000000, 0x0000000100000000)
 Metaspace       used 5078K, capacity 5258K, committed 5504K, reserved 1056768K
  class space    used 557K, capacity 597K, committed 640K, reserved 1048576K
2024-07-16T17:10:17.121+0800: 3.789: [GC (Allocation Failure) 2024-07-16T17:10:17.121+0800: 3.789: [ParNew: 5233K->4K(6144K), 0.0003535 secs] 10525K->5295K(19840K), 0.0004072 secs] [Times: user=0.00 sys=0.00, real=0.00 secs] 
Heap after GC invocations=484 (full 54):
 par new generation   total 6144K, used 4K [0x00000000fec00000, 0x00000000ff2a0000, 0x00000000ff2a0000)
  eden space 5504K,   0% used [0x00000000fec00000, 0x00000000fec00000, 0x00000000ff160000)
  from space 640K,   0% used [0x00000000ff160000, 0x00000000ff161020, 0x00000000ff200000)
  to   space 640K,   0% used [0x00000000ff200000, 0x00000000ff200000, 0x00000000ff2a0000)
 concurrent mark-sweep generation total 13696K, used 5291K [0x00000000ff2a0000, 0x0000000100000000, 0x0000000100000000)
 Metaspace       used 5078K, capacity 5258K, committed 5504K, reserved 1056768K
  class space    used 557K, capacity 597K, committed 640K, reserved 1048576K
}
{Heap before GC invocations=484 (full 54):
 par new generation   total 6144K, used 5233K [0x00000000fec00000, 0x00000000ff2a0000, 0x00000000ff2a0000)
  eden space 5504K,  95% used [0x00000000fec00000, 0x00000000ff11b778, 0x00000000ff160000)
  from space 640K,   0% used [0x00000000ff160000, 0x00000000ff161020, 0x00000000ff200000)
  to   space 640K,   0% used [0x00000000ff200000, 0x00000000ff200000, 0x00000000ff2a0000)
 concurrent mark-sweep generation total 13696K, used 5291K [0x00000000ff2a0000, 0x0000000100000000, 0x0000000100000000)
 Metaspace       used 5078K, capacity 5258K, committed 5504K, reserved 1056768K
  class space    used 557K, capacity 597K, committed 640K, reserved 1048576K
2024-07-16T17:10:17.129+0800: 3.797: [GC (Allocation Failure) 2024-07-16T17:10:17.129+0800: 3.797: [ParNew: 5233K->8K(6144K), 0.0007946 secs] 10525K->6325K(19840K), 0.0008572 secs] [Times: user=0.00 sys=0.00, real=0.00 secs] 
Heap after GC invocations=485 (full 54):
 par new generation   total 6144K, used 8K [0x00000000fec00000, 0x00000000ff2a0000, 0x00000000ff2a0000)
  eden space 5504K,   0% used [0x00000000fec00000, 0x00000000fec00000, 0x00000000ff160000)
  from space 640K,   1% used [0x00000000ff200000, 0x00000000ff202040, 0x00000000ff2a0000)
  to   space 640K,   0% used [0x00000000ff160000, 0x00000000ff160000, 0x00000000ff200000)
 concurrent mark-sweep generation total 13696K, used 6317K [0x00000000ff2a0000, 0x0000000100000000, 0x0000000100000000)
 Metaspace       used 5078K, capacity 5258K, committed 5504K, reserved 1056768K
  class space    used 557K, capacity 597K, committed 640K, reserved 1048576K
}
{Heap before GC invocations=485 (full 54):
 par new generation   total 6144K, used 5237K [0x00000000fec00000, 0x00000000ff2a0000, 0x00000000ff2a0000)
  eden space 5504K,  95% used [0x00000000fec00000, 0x00000000ff11b778, 0x00000000ff160000)
  from space 640K,   1% used [0x00000000ff200000, 0x00000000ff202040, 0x00000000ff2a0000)
  to   space 640K,   0% used [0x00000000ff160000, 0x00000000ff160000, 0x00000000ff200000)
 concurrent mark-sweep generation total 13696K, used 6317K [0x00000000ff2a0000, 0x0000000100000000, 0x0000000100000000)
 Metaspace       used 5078K, capacity 5258K, committed 5504K, reserved 1056768K
  class space    used 557K, capacity 597K, committed 640K, reserved 1048576K
2024-07-16T17:10:17.137+0800: 3.805: [GC (Allocation Failure) 2024-07-16T17:10:17.137+0800: 3.805: [ParNew: 5237K->8K(6144K), 0.0011992 secs] 11555K->7351K(19840K), 0.0012621 secs] [Times: user=0.00 sys=0.00, real=0.00 secs] 
Heap after GC invocations=486 (full 54):
 par new generation   total 6144K, used 8K [0x00000000fec00000, 0x00000000ff2a0000, 0x00000000ff2a0000)
  eden space 5504K,   0% used [0x00000000fec00000, 0x00000000fec00000, 0x00000000ff160000)
  from space 640K,   1% used [0x00000000ff160000, 0x00000000ff162040, 0x00000000ff200000)
  to   space 640K,   0% used [0x00000000ff200000, 0x00000000ff200000, 0x00000000ff2a0000)
 concurrent mark-sweep generation total 13696K, used 7343K [0x00000000ff2a0000, 0x0000000100000000, 0x0000000100000000)
 Metaspace       used 5078K, capacity 5258K, committed 5504K, reserved 1056768K
  class space    used 557K, capacity 597K, committed 640K, reserved 1048576K
}
{Heap before GC invocations=486 (full 54):
 par new generation   total 6144K, used 5237K [0x00000000fec00000, 0x00000000ff2a0000, 0x00000000ff2a0000)
  eden space 5504K,  95% used [0x00000000fec00000, 0x00000000ff11b778, 0x00000000ff160000)
  from space 640K,   1% used [0x00000000ff160000, 0x00000000ff162040, 0x00000000ff200000)
  to   space 640K,   0% used [0x00000000ff200000, 0x00000000ff200000, 0x00000000ff2a0000)
 concurrent mark-sweep generation total 13696K, used 7343K [0x00000000ff2a0000, 0x0000000100000000, 0x0000000100000000)
 Metaspace       used 5078K, capacity 5258K, committed 5504K, reserved 1056768K
  class space    used 557K, capacity 597K, committed 640K, reserved 1048576K
2024-07-16T17:10:17.146+0800: 3.814: [GC (Allocation Failure) 2024-07-16T17:10:17.146+0800: 3.814: [ParNew: 5237K->4K(6144K), 0.0006783 secs] 12581K->7347K(19840K), 0.0007366 secs] [Times: user=0.00 sys=0.00, real=0.00 secs] 
Heap after GC invocations=487 (full 54):
 par new generation   total 6144K, used 4K [0x00000000fec00000, 0x00000000ff2a0000, 0x00000000ff2a0000)
  eden space 5504K,   0% used [0x00000000fec00000, 0x00000000fec00000, 0x00000000ff160000)
  from space 640K,   0% used [0x00000000ff200000, 0x00000000ff201020, 0x00000000ff2a0000)
  to   space 640K,   0% used [0x00000000ff160000, 0x00000000ff160000, 0x00000000ff200000)
 concurrent mark-sweep generation total 13696K, used 7343K [0x00000000ff2a0000, 0x0000000100000000, 0x0000000100000000)
 Metaspace       used 5078K, capacity 5258K, committed 5504K, reserved 1056768K
  class space    used 557K, capacity 597K, committed 640K, reserved 1048576K
}
{Heap before GC invocations=487 (full 54):
 par new generation   total 6144K, used 5233K [0x00000000fec00000, 0x00000000ff2a0000, 0x00000000ff2a0000)
  eden space 5504K,  95% used [0x00000000fec00000, 0x00000000ff11b778, 0x00000000ff160000)
  from space 640K,   0% used [0x00000000ff200000, 0x00000000ff201020, 0x00000000ff2a0000)
  to   space 640K,   0% used [0x00000000ff160000, 0x00000000ff160000, 0x00000000ff200000)
 concurrent mark-sweep generation total 13696K, used 7343K [0x00000000ff2a0000, 0x0000000100000000, 0x0000000100000000)
 Metaspace       used 5078K, capacity 5258K, committed 5504K, reserved 1056768K
  class space    used 557K, capacity 597K, committed 640K, reserved 1048576K
2024-07-16T17:10:17.153+0800: 3.821: [GC (Allocation Failure) 2024-07-16T17:10:17.153+0800: 3.821: [ParNew: 5233K->8K(6144K), 0.0011128 secs] 12577K->8377K(19840K), 0.0012118 secs] [Times: user=0.00 sys=0.00, real=0.00 secs] 
Heap after GC invocations=488 (full 54):
 par new generation   total 6144K, used 8K [0x00000000fec00000, 0x00000000ff2a0000, 0x00000000ff2a0000)
  eden space 5504K,   0% used [0x00000000fec00000, 0x00000000fec00000, 0x00000000ff160000)
  from space 640K,   1% used [0x00000000ff160000, 0x00000000ff162040, 0x00000000ff200000)
  to   space 640K,   0% used [0x00000000ff200000, 0x00000000ff200000, 0x00000000ff2a0000)
 concurrent mark-sweep generation total 13696K, used 8369K [0x00000000ff2a0000, 0x0000000100000000, 0x0000000100000000)
 Metaspace       used 5078K, capacity 5258K, committed 5504K, reserved 1056768K
  class space    used 557K, capacity 597K, committed 640K, reserved 1048576K
}
2024-07-16T17:10:17.154+0800: 3.823: [GC (CMS Initial Mark) [1 CMS-initial-mark: 8369K(13696K)] 9403K(19840K), 0.0002138 secs] [Times: user=0.00 sys=0.00, real=0.00 secs] 
2024-07-16T17:10:17.154+0800: 3.823: [CMS-concurrent-mark-start]
2024-07-16T17:10:17.157+0800: 3.825: [CMS-concurrent-mark: 0.002/0.002 secs] [Times: user=0.00 sys=0.00, real=0.00 secs] 
2024-07-16T17:10:17.157+0800: 3.825: [CMS-concurrent-preclean-start]
2024-07-16T17:10:17.157+0800: 3.825: [CMS-concurrent-preclean: 0.000/0.000 secs] [Times: user=0.00 sys=0.00, real=0.00 secs] 
2024-07-16T17:10:17.157+0800: 3.825: [CMS-concurrent-abortable-preclean-start]
{Heap before GC invocations=488 (full 55):
 par new generation   total 6144K, used 5237K [0x00000000fec00000, 0x00000000ff2a0000, 0x00000000ff2a0000)
  eden space 5504K,  95% used [0x00000000fec00000, 0x00000000ff11b778, 0x00000000ff160000)
  from space 640K,   1% used [0x00000000ff160000, 0x00000000ff162040, 0x00000000ff200000)
  to   space 640K,   0% used [0x00000000ff200000, 0x00000000ff200000, 0x00000000ff2a0000)
 concurrent mark-sweep generation total 13696K, used 8369K [0x00000000ff2a0000, 0x0000000100000000, 0x0000000100000000)
 Metaspace       used 5078K, capacity 5258K, committed 5504K, reserved 1056768K
  class space    used 557K, capacity 597K, committed 640K, reserved 1048576K
2024-07-16T17:10:17.163+0800: 3.831: [GC (Allocation Failure) 2024-07-16T17:10:17.163+0800: 3.831: [ParNew: 5237K->8K(6144K), 0.0012669 secs] 13607K->9403K(19840K), 0.0013113 secs] [Times: user=0.00 sys=0.00, real=0.00 secs] 
Heap after GC invocations=489 (full 55):
 par new generation   total 6144K, used 8K [0x00000000fec00000, 0x00000000ff2a0000, 0x00000000ff2a0000)
  eden space 5504K,   0% used [0x00000000fec00000, 0x00000000fec00000, 0x00000000ff160000)
  from space 640K,   1% used [0x00000000ff200000, 0x00000000ff202040, 0x00000000ff2a0000)
  to   space 640K,   0% used [0x00000000ff160000, 0x00000000ff160000, 0x00000000ff200000)
 concurrent mark-sweep generation total 13696K, used 9395K [0x00000000ff2a0000, 0x0000000100000000, 0x0000000100000000)
 Metaspace       used 5078K, capacity 5258K, committed 5504K, reserved 1056768K
  class space    used 557K, capacity 597K, committed 640K, reserved 1048576K
}
{Heap before GC invocations=489 (full 55):
 par new generation   total 6144K, used 5237K [0x00000000fec00000, 0x00000000ff2a0000, 0x00000000ff2a0000)
  eden space 5504K,  95% used [0x00000000fec00000, 0x00000000ff11b778, 0x00000000ff160000)
  from space 640K,   1% used [0x00000000ff200000, 0x00000000ff202040, 0x00000000ff2a0000)
  to   space 640K,   0% used [0x00000000ff160000, 0x00000000ff160000, 0x00000000ff200000)
 concurrent mark-sweep generation total 13696K, used 9395K [0x00000000ff2a0000, 0x0000000100000000, 0x0000000100000000)
 Metaspace       used 5078K, capacity 5258K, committed 5504K, reserved 1056768K
  class space    used 557K, capacity 597K, committed 640K, reserved 1048576K
2024-07-16T17:10:17.171+0800: 3.839: [GC (Allocation Failure) 2024-07-16T17:10:17.171+0800: 3.839: [ParNew: 5237K->8K(6144K), 0.0008074 secs] 14633K->10429K(19840K), 0.0008740 secs] [Times: user=0.00 sys=0.00, real=0.00 secs] 
Heap after GC invocations=490 (full 55):
 par new generation   total 6144K, used 8K [0x00000000fec00000, 0x00000000ff2a0000, 0x00000000ff2a0000)
  eden space 5504K,   0% used [0x00000000fec00000, 0x00000000fec00000, 0x00000000ff160000)
  from space 640K,   1% used [0x00000000ff160000, 0x00000000ff162040, 0x00000000ff200000)
  to   space 640K,   0% used [0x00000000ff200000, 0x00000000ff200000, 0x00000000ff2a0000)
 concurrent mark-sweep generation total 13696K, used 10421K [0x00000000ff2a0000, 0x0000000100000000, 0x0000000100000000)
 Metaspace       used 5078K, capacity 5258K, committed 5504K, reserved 1056768K
  class space    used 557K, capacity 597K, committed 640K, reserved 1048576K
}
{Heap before GC invocations=490 (full 55):
 par new generation   total 6144K, used 5237K [0x00000000fec00000, 0x00000000ff2a0000, 0x00000000ff2a0000)
  eden space 5504K,  95% used [0x00000000fec00000, 0x00000000ff11b778, 0x00000000ff160000)
  from space 640K,   1% used [0x00000000ff160000, 0x00000000ff162040, 0x00000000ff200000)
  to   space 640K,   0% used [0x00000000ff200000, 0x00000000ff200000, 0x00000000ff2a0000)
 concurrent mark-sweep generation total 13696K, used 10421K [0x00000000ff2a0000, 0x0000000100000000, 0x0000000100000000)
 Metaspace       used 5078K, capacity 5258K, committed 5504K, reserved 1056768K
  class space    used 557K, capacity 597K, committed 640K, reserved 1048576K
2024-07-16T17:10:17.179+0800: 3.847: [GC (Allocation Failure) 2024-07-16T17:10:17.179+0800: 3.847: [ParNew: 5237K->8K(6144K), 0.0010468 secs] 15659K->11454K(19840K), 0.0011489 secs] [Times: user=0.00 sys=0.00, real=0.00 secs] 
Heap after GC invocations=491 (full 55):
 par new generation   total 6144K, used 8K [0x00000000fec00000, 0x00000000ff2a0000, 0x00000000ff2a0000)
  eden space 5504K,   0% used [0x00000000fec00000, 0x00000000fec00000, 0x00000000ff160000)
  from space 640K,   1% used [0x00000000ff200000, 0x00000000ff202040, 0x00000000ff2a0000)
  to   space 640K,   0% used [0x00000000ff160000, 0x00000000ff160000, 0x00000000ff200000)
 concurrent mark-sweep generation total 13696K, used 11445K [0x00000000ff2a0000, 0x0000000100000000, 0x0000000100000000)
 Metaspace       used 5078K, capacity 5258K, committed 5504K, reserved 1056768K
  class space    used 557K, capacity 597K, committed 640K, reserved 1048576K
}
{Heap before GC invocations=491 (full 55):
 par new generation   total 6144K, used 5237K [0x00000000fec00000, 0x00000000ff2a0000, 0x00000000ff2a0000)
  eden space 5504K,  95% used [0x00000000fec00000, 0x00000000ff11b778, 0x00000000ff160000)
  from space 640K,   1% used [0x00000000ff200000, 0x00000000ff202040, 0x00000000ff2a0000)
  to   space 640K,   0% used [0x00000000ff160000, 0x00000000ff160000, 0x00000000ff200000)
 concurrent mark-sweep generation total 13696K, used 11445K [0x00000000ff2a0000, 0x0000000100000000, 0x0000000100000000)
 Metaspace       used 5078K, capacity 5258K, committed 5504K, reserved 1056768K
  class space    used 557K, capacity 597K, committed 640K, reserved 1048576K
2024-07-16T17:10:17.187+0800: 3.855: [GC (Allocation Failure) 2024-07-16T17:10:17.187+0800: 3.855: [ParNew: 5237K->4K(6144K), 0.0007323 secs] 16683K->11449K(19840K), 0.0008294 secs] [Times: user=0.00 sys=0.00, real=0.00 secs] 
Heap after GC invocations=492 (full 55):
 par new generation   total 6144K, used 4K [0x00000000fec00000, 0x00000000ff2a0000, 0x00000000ff2a0000)
  eden space 5504K,   0% used [0x00000000fec00000, 0x00000000fec00000, 0x00000000ff160000)
  from space 640K,   0% used [0x00000000ff160000, 0x00000000ff161020, 0x00000000ff200000)
  to   space 640K,   0% used [0x00000000ff200000, 0x00000000ff200000, 0x00000000ff2a0000)
 concurrent mark-sweep generation total 13696K, used 11445K [0x00000000ff2a0000, 0x0000000100000000, 0x0000000100000000)
 Metaspace       used 5078K, capacity 5258K, committed 5504K, reserved 1056768K
  class space    used 557K, capacity 597K, committed 640K, reserved 1048576K
}
{Heap before GC invocations=492 (full 55):
 par new generation   total 6144K, used 5233K [0x00000000fec00000, 0x00000000ff2a0000, 0x00000000ff2a0000)
  eden space 5504K,  95% used [0x00000000fec00000, 0x00000000ff11b780, 0x00000000ff160000)
  from space 640K,   0% used [0x00000000ff160000, 0x00000000ff161020, 0x00000000ff200000)
  to   space 640K,   0% used [0x00000000ff200000, 0x00000000ff200000, 0x00000000ff2a0000)
 concurrent mark-sweep generation total 13696K, used 11445K [0x00000000ff2a0000, 0x0000000100000000, 0x0000000100000000)
 Metaspace       used 5078K, capacity 5258K, committed 5504K, reserved 1056768K
  class space    used 557K, capacity 597K, committed 640K, reserved 1048576K
2024-07-16T17:10:17.195+0800: 3.863: [GC (Allocation Failure) 2024-07-16T17:10:17.195+0800: 3.863: [ParNew: 5233K->4K(6144K), 0.0010996 secs] 16679K->11449K(19840K), 0.0011727 secs] [Times: user=0.00 sys=0.00, real=0.00 secs] 
Heap after GC invocations=493 (full 55):
 par new generation   total 6144K, used 4K [0x00000000fec00000, 0x00000000ff2a0000, 0x00000000ff2a0000)
  eden space 5504K,   0% used [0x00000000fec00000, 0x00000000fec00000, 0x00000000ff160000)
  from space 640K,   0% used [0x00000000ff200000, 0x00000000ff201020, 0x00000000ff2a0000)
  to   space 640K,   0% used [0x00000000ff160000, 0x00000000ff160000, 0x00000000ff200000)
 concurrent mark-sweep generation total 13696K, used 11445K [0x00000000ff2a0000, 0x0000000100000000, 0x0000000100000000)
 Metaspace       used 5078K, capacity 5258K, committed 5504K, reserved 1056768K
  class space    used 557K, capacity 597K, committed 640K, reserved 1048576K
}
{Heap before GC invocations=493 (full 55):
 par new generation   total 6144K, used 5233K [0x00000000fec00000, 0x00000000ff2a0000, 0x00000000ff2a0000)
  eden space 5504K,  95% used [0x00000000fec00000, 0x00000000ff11b780, 0x00000000ff160000)
  from space 640K,   0% used [0x00000000ff200000, 0x00000000ff201020, 0x00000000ff2a0000)
  to   space 640K,   0% used [0x00000000ff160000, 0x00000000ff160000, 0x00000000ff200000)
 concurrent mark-sweep generation total 13696K, used 11445K [0x00000000ff2a0000, 0x0000000100000000, 0x0000000100000000)
 Metaspace       used 5078K, capacity 5258K, committed 5504K, reserved 1056768K
  class space    used 557K, capacity 597K, committed 640K, reserved 1048576K
2024-07-16T17:10:17.203+0800: 3.871: [GC (Allocation Failure) 2024-07-16T17:10:17.203+0800: 3.871: [ParNew: 5233K->10K(6144K), 0.0011058 secs] 16679K->12482K(19840K), 0.0011853 secs] [Times: user=0.00 sys=0.00, real=0.00 secs] 
Heap after GC invocations=494 (full 55):
 par new generation   total 6144K, used 10K [0x00000000fec00000, 0x00000000ff2a0000, 0x00000000ff2a0000)
  eden space 5504K,   0% used [0x00000000fec00000, 0x00000000fec00000, 0x00000000ff160000)
  from space 640K,   1% used [0x00000000ff160000, 0x00000000ff162850, 0x00000000ff200000)
  to   space 640K,   0% used [0x00000000ff200000, 0x00000000ff200000, 0x00000000ff2a0000)
 concurrent mark-sweep generation total 13696K, used 12472K [0x00000000ff2a0000, 0x0000000100000000, 0x0000000100000000)
 Metaspace       used 5078K, capacity 5258K, committed 5504K, reserved 1056768K
  class space    used 557K, capacity 597K, committed 640K, reserved 1048576K
}
{Heap before GC invocations=494 (full 55):
 par new generation   total 6144K, used 5239K [0x00000000fec00000, 0x00000000ff2a0000, 0x00000000ff2a0000)
  eden space 5504K,  95% used [0x00000000fec00000, 0x00000000ff11b780, 0x00000000ff160000)
  from space 640K,   1% used [0x00000000ff160000, 0x00000000ff162850, 0x00000000ff200000)
  to   space 640K,   0% used [0x00000000ff200000, 0x00000000ff200000, 0x00000000ff2a0000)
 concurrent mark-sweep generation total 13696K, used 12472K [0x00000000ff2a0000, 0x0000000100000000, 0x0000000100000000)
 Metaspace       used 5078K, capacity 5258K, committed 5504K, reserved 1056768K
  class space    used 557K, capacity 597K, committed 640K, reserved 1048576K
2024-07-16T17:10:17.212+0800: 3.880: [GC (Allocation Failure) 2024-07-16T17:10:17.212+0800: 3.880: [ParNew: 5239K->5239K(6144K), 0.0000247 secs]2024-07-16T17:10:17.212+0800: 3.880: [CMS2024-07-16T17:10:17.212+0800: 3.881: [CMS-concurrent-abortable-preclean: 0.001/0.055 secs] [Times: user=0.00 sys=0.00, real=0.05 secs] 
 (concurrent mode failure): 12472K->1191K(13696K), 0.0041568 secs] 17711K->1191K(19840K), [Metaspace: 5078K->5078K(1056768K)], 0.0042675 secs] [Times: user=0.00 sys=0.00, real=0.00 secs] 
Heap after GC invocations=495 (full 56):
 par new generation   total 6144K, used 0K [0x00000000fec00000, 0x00000000ff2a0000, 0x00000000ff2a0000)
  eden space 5504K,   0% used [0x00000000fec00000, 0x00000000fec00000, 0x00000000ff160000)
  from space 640K,   0% used [0x00000000ff160000, 0x00000000ff160000, 0x00000000ff200000)
  to   space 640K,   0% used [0x00000000ff200000, 0x00000000ff200000, 0x00000000ff2a0000)
 concurrent mark-sweep generation total 13696K, used 1191K [0x00000000ff2a0000, 0x0000000100000000, 0x0000000100000000)
 Metaspace       used 5078K, capacity 5258K, committed 5504K, reserved 1056768K
  class space    used 557K, capacity 597K, committed 640K, reserved 1048576K
}
{Heap before GC invocations=495 (full 56):
 par new generation   total 6144K, used 5229K [0x00000000fec00000, 0x00000000ff2a0000, 0x00000000ff2a0000)
  eden space 5504K,  95% used [0x00000000fec00000, 0x00000000ff11b780, 0x00000000ff160000)
  from space 640K,   0% used [0x00000000ff160000, 0x00000000ff160000, 0x00000000ff200000)
  to   space 640K,   0% used [0x00000000ff200000, 0x00000000ff200000, 0x00000000ff2a0000)
 concurrent mark-sweep generation total 13696K, used 1191K [0x00000000ff2a0000, 0x0000000100000000, 0x0000000100000000)
 Metaspace       used 5078K, capacity 5258K, committed 5504K, reserved 1056768K
  class space    used 557K, capacity 597K, committed 640K, reserved 1048576K
2024-07-16T17:10:17.222+0800: 3.890: [GC (Allocation Failure) 2024-07-16T17:10:17.222+0800: 3.890: [ParNew: 5229K->8K(6144K), 0.0010597 secs] 6421K->2225K(19840K), 0.0011607 secs] [Times: user=0.00 sys=0.00, real=0.00 secs] 
Heap after GC invocations=496 (full 56):
 par new generation   total 6144K, used 8K [0x00000000fec00000, 0x00000000ff2a0000, 0x00000000ff2a0000)
  eden space 5504K,   0% used [0x00000000fec00000, 0x00000000fec00000, 0x00000000ff160000)
  from space 640K,   1% used [0x00000000ff200000, 0x00000000ff202040, 0x00000000ff2a0000)
  to   space 640K,   0% used [0x00000000ff160000, 0x00000000ff160000, 0x00000000ff200000)
 concurrent mark-sweep generation total 13696K, used 2217K [0x00000000ff2a0000, 0x0000000100000000, 0x0000000100000000)
 Metaspace       used 5078K, capacity 5258K, committed 5504K, reserved 1056768K
  class space    used 557K, capacity 597K, committed 640K, reserved 1048576K
}
{Heap before GC invocations=496 (full 56):
 par new generation   total 6144K, used 5237K [0x00000000fec00000, 0x00000000ff2a0000, 0x00000000ff2a0000)
  eden space 5504K,  95% used [0x00000000fec00000, 0x00000000ff11b780, 0x00000000ff160000)
  from space 640K,   1% used [0x00000000ff200000, 0x00000000ff202040, 0x00000000ff2a0000)
  to   space 640K,   0% used [0x00000000ff160000, 0x00000000ff160000, 0x00000000ff200000)
 concurrent mark-sweep generation total 13696K, used 2217K [0x00000000ff2a0000, 0x0000000100000000, 0x0000000100000000)
 Metaspace       used 5078K, capacity 5258K, committed 5504K, reserved 1056768K
  class space    used 557K, capacity 597K, committed 640K, reserved 1048576K
2024-07-16T17:10:17.230+0800: 3.898: [GC (Allocation Failure) 2024-07-16T17:10:17.230+0800: 3.898: [ParNew: 5237K->4K(6144K), 0.0009960 secs] 7455K->3245K(19840K), 0.0010897 secs] [Times: user=0.00 sys=0.00, real=0.00 secs] 
Heap after GC invocations=497 (full 56):
 par new generation   total 6144K, used 4K [0x00000000fec00000, 0x00000000ff2a0000, 0x00000000ff2a0000)
  eden space 5504K,   0% used [0x00000000fec00000, 0x00000000fec00000, 0x00000000ff160000)
  from space 640K,   0% used [0x00000000ff160000, 0x00000000ff161020, 0x00000000ff200000)
  to   space 640K,   0% used [0x00000000ff200000, 0x00000000ff200000, 0x00000000ff2a0000)
 concurrent mark-sweep generation total 13696K, used 3241K [0x00000000ff2a0000, 0x0000000100000000, 0x0000000100000000)
 Metaspace       used 5078K, capacity 5258K, committed 5504K, reserved 1056768K
  class space    used 557K, capacity 597K, committed 640K, reserved 1048576K
}
{Heap before GC invocations=497 (full 56):
 par new generation   total 6144K, used 5233K [0x00000000fec00000, 0x00000000ff2a0000, 0x00000000ff2a0000)
  eden space 5504K,  95% used [0x00000000fec00000, 0x00000000ff11b780, 0x00000000ff160000)
  from space 640K,   0% used [0x00000000ff160000, 0x00000000ff161020, 0x00000000ff200000)
  to   space 640K,   0% used [0x00000000ff200000, 0x00000000ff200000, 0x00000000ff2a0000)
 concurrent mark-sweep generation total 13696K, used 3241K [0x00000000ff2a0000, 0x0000000100000000, 0x0000000100000000)
 Metaspace       used 5078K, capacity 5258K, committed 5504K, reserved 1056768K
  class space    used 557K, capacity 597K, committed 640K, reserved 1048576K
2024-07-16T17:10:17.237+0800: 3.905: [GC (Allocation Failure) 2024-07-16T17:10:17.237+0800: 3.905: [ParNew: 5233K->10K(6144K), 0.0011509 secs] 8475K->4277K(19840K), 0.0012662 secs] [Times: user=0.00 sys=0.00, real=0.00 secs] 
Heap after GC invocations=498 (full 56):
 par new generation   total 6144K, used 10K [0x00000000fec00000, 0x00000000ff2a0000, 0x00000000ff2a0000)
  eden space 5504K,   0% used [0x00000000fec00000, 0x00000000fec00000, 0x00000000ff160000)
  from space 640K,   1% used [0x00000000ff200000, 0x00000000ff202850, 0x00000000ff2a0000)
  to   space 640K,   0% used [0x00000000ff160000, 0x00000000ff160000, 0x00000000ff200000)
 concurrent mark-sweep generation total 13696K, used 4267K [0x00000000ff2a0000, 0x0000000100000000, 0x0000000100000000)
 Metaspace       used 5078K, capacity 5258K, committed 5504K, reserved 1056768K
  class space    used 557K, capacity 597K, committed 640K, reserved 1048576K
}
{Heap before GC invocations=498 (full 56):
 par new generation   total 6144K, used 5239K [0x00000000fec00000, 0x00000000ff2a0000, 0x00000000ff2a0000)
  eden space 5504K,  95% used [0x00000000fec00000, 0x00000000ff11b780, 0x00000000ff160000)
  from space 640K,   1% used [0x00000000ff200000, 0x00000000ff202850, 0x00000000ff2a0000)
  to   space 640K,   0% used [0x00000000ff160000, 0x00000000ff160000, 0x00000000ff200000)
 concurrent mark-sweep generation total 13696K, used 4267K [0x00000000ff2a0000, 0x0000000100000000, 0x0000000100000000)
 Metaspace       used 5078K, capacity 5258K, committed 5504K, reserved 1056768K
  class space    used 557K, capacity 597K, committed 640K, reserved 1048576K
2024-07-16T17:10:17.245+0800: 3.913: [GC (Allocation Failure) 2024-07-16T17:10:17.245+0800: 3.913: [ParNew: 5239K->10K(6144K), 0.0015072 secs] 9507K->5303K(19840K), 0.0016046 secs] [Times: user=0.00 sys=0.00, real=0.00 secs] 
Heap after GC invocations=499 (full 56):
 par new generation   total 6144K, used 10K [0x00000000fec00000, 0x00000000ff2a0000, 0x00000000ff2a0000)
  eden space 5504K,   0% used [0x00000000fec00000, 0x00000000fec00000, 0x00000000ff160000)
  from space 640K,   1% used [0x00000000ff160000, 0x00000000ff162850, 0x00000000ff200000)
  to   space 640K,   0% used [0x00000000ff200000, 0x00000000ff200000, 0x00000000ff2a0000)
 concurrent mark-sweep generation total 13696K, used 5293K [0x00000000ff2a0000, 0x0000000100000000, 0x0000000100000000)
 Metaspace       used 5078K, capacity 5258K, committed 5504K, reserved 1056768K
  class space    used 557K, capacity 597K, committed 640K, reserved 1048576K
}
{Heap before GC invocations=499 (full 56):
 par new generation   total 6144K, used 5239K [0x00000000fec00000, 0x00000000ff2a0000, 0x00000000ff2a0000)
  eden space 5504K,  95% used [0x00000000fec00000, 0x00000000ff11b780, 0x00000000ff160000)
  from space 640K,   1% used [0x00000000ff160000, 0x00000000ff162850, 0x00000000ff200000)
  to   space 640K,   0% used [0x00000000ff200000, 0x00000000ff200000, 0x00000000ff2a0000)
 concurrent mark-sweep generation total 13696K, used 5293K [0x00000000ff2a0000, 0x0000000100000000, 0x0000000100000000)
 Metaspace       used 5078K, capacity 5258K, committed 5504K, reserved 1056768K
  class space    used 557K, capacity 597K, committed 640K, reserved 1048576K
2024-07-16T17:10:17.256+0800: 3.924: [GC (Allocation Failure) 2024-07-16T17:10:17.256+0800: 3.924: [ParNew: 5239K->2K(6144K), 0.0011347 secs] 10533K->5295K(19840K), 0.0012307 secs] [Times: user=0.00 sys=0.00, real=0.00 secs] 
Heap after GC invocations=500 (full 56):
 par new generation   total 6144K, used 2K [0x00000000fec00000, 0x00000000ff2a0000, 0x00000000ff2a0000)
  eden space 5504K,   0% used [0x00000000fec00000, 0x00000000fec00000, 0x00000000ff160000)
  from space 640K,   0% used [0x00000000ff200000, 0x00000000ff200810, 0x00000000ff2a0000)
  to   space 640K,   0% used [0x00000000ff160000, 0x00000000ff160000, 0x00000000ff200000)
 concurrent mark-sweep generation total 13696K, used 5293K [0x00000000ff2a0000, 0x0000000100000000, 0x0000000100000000)
 Metaspace       used 5078K, capacity 5258K, committed 5504K, reserved 1056768K
  class space    used 557K, capacity 597K, committed 640K, reserved 1048576K
}
{Heap before GC invocations=500 (full 56):
 par new generation   total 6144K, used 5231K [0x00000000fec00000, 0x00000000ff2a0000, 0x00000000ff2a0000)
  eden space 5504K,  95% used [0x00000000fec00000, 0x00000000ff11b780, 0x00000000ff160000)
  from space 640K,   0% used [0x00000000ff200000, 0x00000000ff200810, 0x00000000ff2a0000)
  to   space 640K,   0% used [0x00000000ff160000, 0x00000000ff160000, 0x00000000ff200000)
 concurrent mark-sweep generation total 13696K, used 5293K [0x00000000ff2a0000, 0x0000000100000000, 0x0000000100000000)
 Metaspace       used 5078K, capacity 5258K, committed 5504K, reserved 1056768K
  class space    used 557K, capacity 597K, committed 640K, reserved 1048576K
2024-07-16T17:10:17.266+0800: 3.934: [GC (Allocation Failure) 2024-07-16T17:10:17.266+0800: 3.934: [ParNew: 5231K->4K(6144K), 0.0007818 secs] 10525K->5297K(19840K), 0.0009095 secs] [Times: user=0.00 sys=0.00, real=0.00 secs] 
Heap after GC invocations=501 (full 56):
 par new generation   total 6144K, used 4K [0x00000000fec00000, 0x00000000ff2a0000, 0x00000000ff2a0000)
  eden space 5504K,   0% used [0x00000000fec00000, 0x00000000fec00000, 0x00000000ff160000)
  from space 640K,   0% used [0x00000000ff160000, 0x00000000ff161020, 0x00000000ff200000)
  to   space 640K,   0% used [0x00000000ff200000, 0x00000000ff200000, 0x00000000ff2a0000)
 concurrent mark-sweep generation total 13696K, used 5293K [0x00000000ff2a0000, 0x0000000100000000, 0x0000000100000000)
 Metaspace       used 5078K, capacity 5258K, committed 5504K, reserved 1056768K
  class space    used 557K, capacity 597K, committed 640K, reserved 1048576K
}
{Heap before GC invocations=501 (full 56):
 par new generation   total 6144K, used 5233K [0x00000000fec00000, 0x00000000ff2a0000, 0x00000000ff2a0000)
  eden space 5504K,  95% used [0x00000000fec00000, 0x00000000ff11b780, 0x00000000ff160000)
  from space 640K,   0% used [0x00000000ff160000, 0x00000000ff161020, 0x00000000ff200000)
  to   space 640K,   0% used [0x00000000ff200000, 0x00000000ff200000, 0x00000000ff2a0000)
 concurrent mark-sweep generation total 13696K, used 5293K [0x00000000ff2a0000, 0x0000000100000000, 0x0000000100000000)
 Metaspace       used 5078K, capacity 5258K, committed 5504K, reserved 1056768K
  class space    used 557K, capacity 597K, committed 640K, reserved 1048576K
2024-07-16T17:10:17.275+0800: 3.943: [GC (Allocation Failure) 2024-07-16T17:10:17.275+0800: 3.943: [ParNew: 5233K->4K(6144K), 0.0008802 secs] 10527K->5297K(19840K), 0.0009871 secs] [Times: user=0.00 sys=0.00, real=0.00 secs] 
Heap after GC invocations=502 (full 56):
 par new generation   total 6144K, used 4K [0x00000000fec00000, 0x00000000ff2a0000, 0x00000000ff2a0000)
  eden space 5504K,   0% used [0x00000000fec00000, 0x00000000fec00000, 0x00000000ff160000)
  from space 640K,   0% used [0x00000000ff200000, 0x00000000ff201020, 0x00000000ff2a0000)
  to   space 640K,   0% used [0x00000000ff160000, 0x00000000ff160000, 0x00000000ff200000)
 concurrent mark-sweep generation total 13696K, used 5293K [0x00000000ff2a0000, 0x0000000100000000, 0x0000000100000000)
 Metaspace       used 5078K, capacity 5258K, committed 5504K, reserved 1056768K
  class space    used 557K, capacity 597K, committed 640K, reserved 1048576K
}
{Heap before GC invocations=502 (full 56):
 par new generation   total 6144K, used 5233K [0x00000000fec00000, 0x00000000ff2a0000, 0x00000000ff2a0000)
  eden space 5504K,  95% used [0x00000000fec00000, 0x00000000ff11b780, 0x00000000ff160000)
  from space 640K,   0% used [0x00000000ff200000, 0x00000000ff201020, 0x00000000ff2a0000)
  to   space 640K,   0% used [0x00000000ff160000, 0x00000000ff160000, 0x00000000ff200000)
 concurrent mark-sweep generation total 13696K, used 5293K [0x00000000ff2a0000, 0x0000000100000000, 0x0000000100000000)
 Metaspace       used 5078K, capacity 5258K, committed 5504K, reserved 1056768K
  class space    used 557K, capacity 597K, committed 640K, reserved 1048576K
2024-07-16T17:10:17.284+0800: 3.952: [GC (Allocation Failure) 2024-07-16T17:10:17.284+0800: 3.952: [ParNew: 5233K->2K(6144K), 0.0008428 secs] 10527K->5295K(19840K), 0.0009227 secs] [Times: user=0.00 sys=0.00, real=0.00 secs] 
Heap after GC invocations=503 (full 56):
 par new generation   total 6144K, used 2K [0x00000000fec00000, 0x00000000ff2a0000, 0x00000000ff2a0000)
  eden space 5504K,   0% used [0x00000000fec00000, 0x00000000fec00000, 0x00000000ff160000)
  from space 640K,   0% used [0x00000000ff160000, 0x00000000ff160810, 0x00000000ff200000)
  to   space 640K,   0% used [0x00000000ff200000, 0x00000000ff200000, 0x00000000ff2a0000)
 concurrent mark-sweep generation total 13696K, used 5293K [0x00000000ff2a0000, 0x0000000100000000, 0x0000000100000000)
 Metaspace       used 5078K, capacity 5258K, committed 5504K, reserved 1056768K
  class space    used 557K, capacity 597K, committed 640K, reserved 1048576K
}
{Heap before GC invocations=503 (full 56):
 par new generation   total 6144K, used 5231K [0x00000000fec00000, 0x00000000ff2a0000, 0x00000000ff2a0000)
  eden space 5504K,  95% used [0x00000000fec00000, 0x00000000ff11b780, 0x00000000ff160000)
  from space 640K,   0% used [0x00000000ff160000, 0x00000000ff160810, 0x00000000ff200000)
  to   space 640K,   0% used [0x00000000ff200000, 0x00000000ff200000, 0x00000000ff2a0000)
 concurrent mark-sweep generation total 13696K, used 5293K [0x00000000ff2a0000, 0x0000000100000000, 0x0000000100000000)
 Metaspace       used 5078K, capacity 5258K, committed 5504K, reserved 1056768K
  class space    used 557K, capacity 597K, committed 640K, reserved 1048576K
2024-07-16T17:10:17.292+0800: 3.960: [GC (Allocation Failure) 2024-07-16T17:10:17.292+0800: 3.961: [ParNew: 5231K->4K(6144K), 0.0013726 secs] 10525K->5297K(19840K), 0.0015315 secs] [Times: user=0.00 sys=0.00, real=0.00 secs] 
Heap after GC invocations=504 (full 56):
 par new generation   total 6144K, used 4K [0x00000000fec00000, 0x00000000ff2a0000, 0x00000000ff2a0000)
  eden space 5504K,   0% used [0x00000000fec00000, 0x00000000fec00000, 0x00000000ff160000)
  from space 640K,   0% used [0x00000000ff200000, 0x00000000ff201020, 0x00000000ff2a0000)
  to   space 640K,   0% used [0x00000000ff160000, 0x00000000ff160000, 0x00000000ff200000)
 concurrent mark-sweep generation total 13696K, used 5293K [0x00000000ff2a0000, 0x0000000100000000, 0x0000000100000000)
 Metaspace       used 5078K, capacity 5258K, committed 5504K, reserved 1056768K
  class space    used 557K, capacity 597K, committed 640K, reserved 1048576K
}
{Heap before GC invocations=504 (full 56):
 par new generation   total 6144K, used 5233K [0x00000000fec00000, 0x00000000ff2a0000, 0x00000000ff2a0000)
  eden space 5504K,  95% used [0x00000000fec00000, 0x00000000ff11b780, 0x00000000ff160000)
  from space 640K,   0% used [0x00000000ff200000, 0x00000000ff201020, 0x00000000ff2a0000)
  to   space 640K,   0% used [0x00000000ff160000, 0x00000000ff160000, 0x00000000ff200000)
 concurrent mark-sweep generation total 13696K, used 5293K [0x00000000ff2a0000, 0x0000000100000000, 0x0000000100000000)
 Metaspace       used 5078K, capacity 5258K, committed 5504K, reserved 1056768K
  class space    used 557K, capacity 597K, committed 640K, reserved 1048576K
2024-07-16T17:10:17.302+0800: 3.970: [GC (Allocation Failure) 2024-07-16T17:10:17.302+0800: 3.970: [ParNew: 5233K->4K(6144K), 0.0002587 secs] 10527K->5297K(19840K), 0.0003006 secs] [Times: user=0.00 sys=0.00, real=0.00 secs] 
Heap after GC invocations=505 (full 56):
 par new generation   total 6144K, used 4K [0x00000000fec00000, 0x00000000ff2a0000, 0x00000000ff2a0000)
  eden space 5504K,   0% used [0x00000000fec00000, 0x00000000fec00000, 0x00000000ff160000)
  from space 640K,   0% used [0x00000000ff160000, 0x00000000ff161020, 0x00000000ff200000)
  to   space 640K,   0% used [0x00000000ff200000, 0x00000000ff200000, 0x00000000ff2a0000)
 concurrent mark-sweep generation total 13696K, used 5293K [0x00000000ff2a0000, 0x0000000100000000, 0x0000000100000000)
 Metaspace       used 5078K, capacity 5258K, committed 5504K, reserved 1056768K
  class space    used 557K, capacity 597K, committed 640K, reserved 1048576K
}
{Heap before GC invocations=505 (full 56):
 par new generation   total 6144K, used 5233K [0x00000000fec00000, 0x00000000ff2a0000, 0x00000000ff2a0000)
  eden space 5504K,  95% used [0x00000000fec00000, 0x00000000ff11b780, 0x00000000ff160000)
  from space 640K,   0% used [0x00000000ff160000, 0x00000000ff161020, 0x00000000ff200000)
  to   space 640K,   0% used [0x00000000ff200000, 0x00000000ff200000, 0x00000000ff2a0000)
 concurrent mark-sweep generation total 13696K, used 5293K [0x00000000ff2a0000, 0x0000000100000000, 0x0000000100000000)
 Metaspace       used 5078K, capacity 5258K, committed 5504K, reserved 1056768K
  class space    used 557K, capacity 597K, committed 640K, reserved 1048576K
2024-07-16T17:10:17.308+0800: 3.977: [GC (Allocation Failure) 2024-07-16T17:10:17.308+0800: 3.977: [ParNew: 5233K->6K(6144K), 0.0004052 secs] 10527K->6325K(19840K), 0.0004503 secs] [Times: user=0.00 sys=0.00, real=0.00 secs] 
Heap after GC invocations=506 (full 56):
 par new generation   total 6144K, used 6K [0x00000000fec00000, 0x00000000ff2a0000, 0x00000000ff2a0000)
  eden space 5504K,   0% used [0x00000000fec00000, 0x00000000fec00000, 0x00000000ff160000)
  from space 640K,   0% used [0x00000000ff200000, 0x00000000ff201830, 0x00000000ff2a0000)
  to   space 640K,   0% used [0x00000000ff160000, 0x00000000ff160000, 0x00000000ff200000)
 concurrent mark-sweep generation total 13696K, used 6319K [0x00000000ff2a0000, 0x0000000100000000, 0x0000000100000000)
 Metaspace       used 5078K, capacity 5258K, committed 5504K, reserved 1056768K
  class space    used 557K, capacity 597K, committed 640K, reserved 1048576K
}
{Heap before GC invocations=506 (full 56):
 par new generation   total 6144K, used 5235K [0x00000000fec00000, 0x00000000ff2a0000, 0x00000000ff2a0000)
  eden space 5504K,  95% used [0x00000000fec00000, 0x00000000ff11b780, 0x00000000ff160000)
  from space 640K,   0% used [0x00000000ff200000, 0x00000000ff201830, 0x00000000ff2a0000)
  to   space 640K,   0% used [0x00000000ff160000, 0x00000000ff160000, 0x00000000ff200000)
 concurrent mark-sweep generation total 13696K, used 6319K [0x00000000ff2a0000, 0x0000000100000000, 0x0000000100000000)
 Metaspace       used 5078K, capacity 5258K, committed 5504K, reserved 1056768K
  class space    used 557K, capacity 597K, committed 640K, reserved 1048576K
2024-07-16T17:10:17.316+0800: 3.985: [GC (Allocation Failure) 2024-07-16T17:10:17.316+0800: 3.985: [ParNew: 5235K->6K(6144K), 0.0009258 secs] 11555K->7349K(19840K), 0.0009844 secs] [Times: user=0.00 sys=0.00, real=0.00 secs] 
Heap after GC invocations=507 (full 56):
 par new generation   total 6144K, used 6K [0x00000000fec00000, 0x00000000ff2a0000, 0x00000000ff2a0000)
  eden space 5504K,   0% used [0x00000000fec00000, 0x00000000fec00000, 0x00000000ff160000)
  from space 640K,   0% used [0x00000000ff160000, 0x00000000ff161830, 0x00000000ff200000)
  to   space 640K,   0% used [0x00000000ff200000, 0x00000000ff200000, 0x00000000ff2a0000)
 concurrent mark-sweep generation total 13696K, used 7343K [0x00000000ff2a0000, 0x0000000100000000, 0x0000000100000000)
 Metaspace       used 5078K, capacity 5258K, committed 5504K, reserved 1056768K
  class space    used 557K, capacity 597K, committed 640K, reserved 1048576K
}
{Heap before GC invocations=507 (full 56):
 par new generation   total 6144K, used 5235K [0x00000000fec00000, 0x00000000ff2a0000, 0x00000000ff2a0000)
  eden space 5504K,  95% used [0x00000000fec00000, 0x00000000ff11b780, 0x00000000ff160000)
  from space 640K,   0% used [0x00000000ff160000, 0x00000000ff161830, 0x00000000ff200000)
  to   space 640K,   0% used [0x00000000ff200000, 0x00000000ff200000, 0x00000000ff2a0000)
 concurrent mark-sweep generation total 13696K, used 7343K [0x00000000ff2a0000, 0x0000000100000000, 0x0000000100000000)
 Metaspace       used 5078K, capacity 5258K, committed 5504K, reserved 1056768K
  class space    used 557K, capacity 597K, committed 640K, reserved 1048576K
2024-07-16T17:10:17.325+0800: 3.994: [GC (Allocation Failure) 2024-07-16T17:10:17.325+0800: 3.994: [ParNew: 5235K->2K(6144K), 0.0002438 secs] 12579K->7345K(19840K), 0.0002671 secs] [Times: user=0.00 sys=0.00, real=0.00 secs] 
Heap after GC invocations=508 (full 56):
 par new generation   total 6144K, used 2K [0x00000000fec00000, 0x00000000ff2a0000, 0x00000000ff2a0000)
  eden space 5504K,   0% used [0x00000000fec00000, 0x00000000fec00000, 0x00000000ff160000)
  from space 640K,   0% used [0x00000000ff200000, 0x00000000ff200810, 0x00000000ff2a0000)
  to   space 640K,   0% used [0x00000000ff160000, 0x00000000ff160000, 0x00000000ff200000)
 concurrent mark-sweep generation total 13696K, used 7343K [0x00000000ff2a0000, 0x0000000100000000, 0x0000000100000000)
 Metaspace       used 5078K, capacity 5258K, committed 5504K, reserved 1056768K
  class space    used 557K, capacity 597K, committed 640K, reserved 1048576K
}
{Heap before GC invocations=508 (full 56):
 par new generation   total 6144K, used 5231K [0x00000000fec00000, 0x00000000ff2a0000, 0x00000000ff2a0000)
  eden space 5504K,  95% used [0x00000000fec00000, 0x00000000ff11b780, 0x00000000ff160000)
  from space 640K,   0% used [0x00000000ff200000, 0x00000000ff200810, 0x00000000ff2a0000)
  to   space 640K,   0% used [0x00000000ff160000, 0x00000000ff160000, 0x00000000ff200000)
 concurrent mark-sweep generation total 13696K, used 7343K [0x00000000ff2a0000, 0x0000000100000000, 0x0000000100000000)
 Metaspace       used 5078K, capacity 5258K, committed 5504K, reserved 1056768K
  class space    used 557K, capacity 597K, committed 640K, reserved 1048576K
2024-07-16T17:10:17.331+0800: 4.000: [GC (Allocation Failure) 2024-07-16T17:10:17.331+0800: 4.000: [ParNew: 5231K->10K(6144K), 0.0008575 secs] 12575K->8377K(19840K), 0.0009437 secs] [Times: user=0.00 sys=0.00, real=0.00 secs] 
Heap after GC invocations=509 (full 56):
 par new generation   total 6144K, used 10K [0x00000000fec00000, 0x00000000ff2a0000, 0x00000000ff2a0000)
  eden space 5504K,   0% used [0x00000000fec00000, 0x00000000fec00000, 0x00000000ff160000)
  from space 640K,   1% used [0x00000000ff160000, 0x00000000ff162850, 0x00000000ff200000)
  to   space 640K,   0% used [0x00000000ff200000, 0x00000000ff200000, 0x00000000ff2a0000)
 concurrent mark-sweep generation total 13696K, used 8367K [0x00000000ff2a0000, 0x0000000100000000, 0x0000000100000000)
 Metaspace       used 5078K, capacity 5258K, committed 5504K, reserved 1056768K
  class space    used 557K, capacity 597K, committed 640K, reserved 1048576K
}
2024-07-16T17:10:17.332+0800: 4.001: [GC (CMS Initial Mark) [1 CMS-initial-mark: 8367K(13696K)] 9401K(19840K), 0.0003793 secs] [Times: user=0.00 sys=0.00, real=0.00 secs] 
2024-07-16T17:10:17.332+0800: 4.002: [CMS-concurrent-mark-start]
2024-07-16T17:10:17.335+0800: 4.004: [CMS-concurrent-mark: 0.002/0.002 secs] [Times: user=0.00 sys=0.00, real=0.00 secs] 
2024-07-16T17:10:17.335+0800: 4.004: [CMS-concurrent-preclean-start]
2024-07-16T17:10:17.335+0800: 4.004: [CMS-concurrent-preclean: 0.000/0.000 secs] [Times: user=0.00 sys=0.00, real=0.00 secs] 
2024-07-16T17:10:17.335+0800: 4.004: [CMS-concurrent-abortable-preclean-start]
{Heap before GC invocations=509 (full 57):
 par new generation   total 6144K, used 5239K [0x00000000fec00000, 0x00000000ff2a0000, 0x00000000ff2a0000)
  eden space 5504K,  95% used [0x00000000fec00000, 0x00000000ff11b780, 0x00000000ff160000)
  from space 640K,   1% used [0x00000000ff160000, 0x00000000ff162850, 0x00000000ff200000)
  to   space 640K,   0% used [0x00000000ff200000, 0x00000000ff200000, 0x00000000ff2a0000)
 concurrent mark-sweep generation total 13696K, used 8367K [0x00000000ff2a0000, 0x0000000100000000, 0x0000000100000000)
 Metaspace       used 5078K, capacity 5258K, committed 5504K, reserved 1056768K
  class space    used 557K, capacity 597K, committed 640K, reserved 1048576K
2024-07-16T17:10:17.339+0800: 4.008: [GC (Allocation Failure) 2024-07-16T17:10:17.339+0800: 4.008: [ParNew: 5239K->8K(6144K), 0.0006919 secs] 13607K->9399K(19840K), 0.0007417 secs] [Times: user=0.00 sys=0.00, real=0.00 secs] 
Heap after GC invocations=510 (full 57):
 par new generation   total 6144K, used 8K [0x00000000fec00000, 0x00000000ff2a0000, 0x00000000ff2a0000)
  eden space 5504K,   0% used [0x00000000fec00000, 0x00000000fec00000, 0x00000000ff160000)
  from space 640K,   1% used [0x00000000ff200000, 0x00000000ff202040, 0x00000000ff2a0000)
  to   space 640K,   0% used [0x00000000ff160000, 0x00000000ff160000, 0x00000000ff200000)
 concurrent mark-sweep generation total 13696K, used 9391K [0x00000000ff2a0000, 0x0000000100000000, 0x0000000100000000)
 Metaspace       used 5078K, capacity 5258K, committed 5504K, reserved 1056768K
  class space    used 557K, capacity 597K, committed 640K, reserved 1048576K
}
{Heap before GC invocations=510 (full 57):
 par new generation   total 6144K, used 5237K [0x00000000fec00000, 0x00000000ff2a0000, 0x00000000ff2a0000)
  eden space 5504K,  95% used [0x00000000fec00000, 0x00000000ff11b780, 0x00000000ff160000)
  from space 640K,   1% used [0x00000000ff200000, 0x00000000ff202040, 0x00000000ff2a0000)
  to   space 640K,   0% used [0x00000000ff160000, 0x00000000ff160000, 0x00000000ff200000)
 concurrent mark-sweep generation total 13696K, used 9391K [0x00000000ff2a0000, 0x0000000100000000, 0x0000000100000000)
 Metaspace       used 5078K, capacity 5258K, committed 5504K, reserved 1056768K
  class space    used 557K, capacity 597K, committed 640K, reserved 1048576K
2024-07-16T17:10:17.345+0800: 4.014: [GC (Allocation Failure) 2024-07-16T17:10:17.345+0800: 4.014: [ParNew: 5237K->10K(6144K), 0.0009818 secs] 14629K->10427K(19840K), 0.0010756 secs] [Times: user=0.01 sys=0.00, real=0.00 secs] 
Heap after GC invocations=511 (full 57):
 par new generation   total 6144K, used 10K [0x00000000fec00000, 0x00000000ff2a0000, 0x00000000ff2a0000)
  eden space 5504K,   0% used [0x00000000fec00000, 0x00000000fec00000, 0x00000000ff160000)
  from space 640K,   1% used [0x00000000ff160000, 0x00000000ff162850, 0x00000000ff200000)
  to   space 640K,   0% used [0x00000000ff200000, 0x00000000ff200000, 0x00000000ff2a0000)
 concurrent mark-sweep generation total 13696K, used 10417K [0x00000000ff2a0000, 0x0000000100000000, 0x0000000100000000)
 Metaspace       used 5078K, capacity 5258K, committed 5504K, reserved 1056768K
  class space    used 557K, capacity 597K, committed 640K, reserved 1048576K
}
{Heap before GC invocations=511 (full 57):
 par new generation   total 6144K, used 5239K [0x00000000fec00000, 0x00000000ff2a0000, 0x00000000ff2a0000)
  eden space 5504K,  95% used [0x00000000fec00000, 0x00000000ff11b780, 0x00000000ff160000)
  from space 640K,   1% used [0x00000000ff160000, 0x00000000ff162850, 0x00000000ff200000)
  to   space 640K,   0% used [0x00000000ff200000, 0x00000000ff200000, 0x00000000ff2a0000)
 concurrent mark-sweep generation total 13696K, used 10417K [0x00000000ff2a0000, 0x0000000100000000, 0x0000000100000000)
 Metaspace       used 5078K, capacity 5258K, committed 5504K, reserved 1056768K
  class space    used 557K, capacity 597K, committed 640K, reserved 1048576K
2024-07-16T17:10:17.352+0800: 4.021: [GC (Allocation Failure) 2024-07-16T17:10:17.352+0800: 4.021: [ParNew: 5239K->8K(6144K), 0.0014410 secs] 15657K->11449K(19840K), 0.0015326 secs] [Times: user=0.00 sys=0.00, real=0.00 secs] 
Heap after GC invocations=512 (full 57):
 par new generation   total 6144K, used 8K [0x00000000fec00000, 0x00000000ff2a0000, 0x00000000ff2a0000)
  eden space 5504K,   0% used [0x00000000fec00000, 0x00000000fec00000, 0x00000000ff160000)
  from space 640K,   1% used [0x00000000ff200000, 0x00000000ff202040, 0x00000000ff2a0000)
  to   space 640K,   0% used [0x00000000ff160000, 0x00000000ff160000, 0x00000000ff200000)
 concurrent mark-sweep generation total 13696K, used 11441K [0x00000000ff2a0000, 0x0000000100000000, 0x0000000100000000)
 Metaspace       used 5078K, capacity 5258K, committed 5504K, reserved 1056768K
  class space    used 557K, capacity 597K, committed 640K, reserved 1048576K
}
{Heap before GC invocations=512 (full 57):
 par new generation   total 6144K, used 5237K [0x00000000fec00000, 0x00000000ff2a0000, 0x00000000ff2a0000)
  eden space 5504K,  95% used [0x00000000fec00000, 0x00000000ff11b780, 0x00000000ff160000)
  from space 640K,   1% used [0x00000000ff200000, 0x00000000ff202040, 0x00000000ff2a0000)
  to   space 640K,   0% used [0x00000000ff160000, 0x00000000ff160000, 0x00000000ff200000)
 concurrent mark-sweep generation total 13696K, used 11441K [0x00000000ff2a0000, 0x0000000100000000, 0x0000000100000000)
 Metaspace       used 5078K, capacity 5258K, committed 5504K, reserved 1056768K
  class space    used 557K, capacity 597K, committed 640K, reserved 1048576K
2024-07-16T17:10:17.360+0800: 4.029: [GC (Allocation Failure) 2024-07-16T17:10:17.360+0800: 4.029: [ParNew: 5237K->6K(6144K), 0.0009991 secs] 16679K->12473K(19840K), 0.0010670 secs] [Times: user=0.16 sys=0.00, real=0.00 secs] 
Heap after GC invocations=513 (full 57):
 par new generation   total 6144K, used 6K [0x00000000fec00000, 0x00000000ff2a0000, 0x00000000ff2a0000)
  eden space 5504K,   0% used [0x00000000fec00000, 0x00000000fec00000, 0x00000000ff160000)
  from space 640K,   0% used [0x00000000ff160000, 0x00000000ff161830, 0x00000000ff200000)
  to   space 640K,   0% used [0x00000000ff200000, 0x00000000ff200000, 0x00000000ff2a0000)
 concurrent mark-sweep generation total 13696K, used 12467K [0x00000000ff2a0000, 0x0000000100000000, 0x0000000100000000)
 Metaspace       used 5078K, capacity 5258K, committed 5504K, reserved 1056768K
  class space    used 557K, capacity 597K, committed 640K, reserved 1048576K
}
{Heap before GC invocations=513 (full 57):
 par new generation   total 6144K, used 5235K [0x00000000fec00000, 0x00000000ff2a0000, 0x00000000ff2a0000)
  eden space 5504K,  95% used [0x00000000fec00000, 0x00000000ff11b780, 0x00000000ff160000)
  from space 640K,   0% used [0x00000000ff160000, 0x00000000ff161830, 0x00000000ff200000)
  to   space 640K,   0% used [0x00000000ff200000, 0x00000000ff200000, 0x00000000ff2a0000)
 concurrent mark-sweep generation total 13696K, used 12467K [0x00000000ff2a0000, 0x0000000100000000, 0x0000000100000000)
 Metaspace       used 5078K, capacity 5258K, committed 5504K, reserved 1056768K
  class space    used 557K, capacity 597K, committed 640K, reserved 1048576K
2024-07-16T17:10:17.369+0800: 4.038: [GC (Allocation Failure) 2024-07-16T17:10:17.369+0800: 4.038: [ParNew: 5235K->4K(6144K), 0.0012171 secs] 17703K->12471K(19840K), 0.0013407 secs] [Times: user=0.00 sys=0.00, real=0.00 secs] 
Heap after GC invocations=514 (full 57):
 par new generation   total 6144K, used 4K [0x00000000fec00000, 0x00000000ff2a0000, 0x00000000ff2a0000)
  eden space 5504K,   0% used [0x00000000fec00000, 0x00000000fec00000, 0x00000000ff160000)
  from space 640K,   0% used [0x00000000ff200000, 0x00000000ff201020, 0x00000000ff2a0000)
  to   space 640K,   0% used [0x00000000ff160000, 0x00000000ff160000, 0x00000000ff200000)
 concurrent mark-sweep generation total 13696K, used 12467K [0x00000000ff2a0000, 0x0000000100000000, 0x0000000100000000)
 Metaspace       used 5078K, capacity 5258K, committed 5504K, reserved 1056768K
  class space    used 557K, capacity 597K, committed 640K, reserved 1048576K
}
{Heap before GC invocations=514 (full 57):
 par new generation   total 6144K, used 5233K [0x00000000fec00000, 0x00000000ff2a0000, 0x00000000ff2a0000)
  eden space 5504K,  95% used [0x00000000fec00000, 0x00000000ff11b780, 0x00000000ff160000)
  from space 640K,   0% used [0x00000000ff200000, 0x00000000ff201020, 0x00000000ff2a0000)
  to   space 640K,   0% used [0x00000000ff160000, 0x00000000ff160000, 0x00000000ff200000)
 concurrent mark-sweep generation total 13696K, used 12467K [0x00000000ff2a0000, 0x0000000100000000, 0x0000000100000000)
 Metaspace       used 5078K, capacity 5258K, committed 5504K, reserved 1056768K
  class space    used 557K, capacity 597K, committed 640K, reserved 1048576K
2024-07-16T17:10:17.378+0800: 4.047: [GC (Allocation Failure) 2024-07-16T17:10:17.378+0800: 4.047: [ParNew: 5233K->8K(6144K), 0.0014952 secs] 17701K->13501K(19840K), 0.0016179 secs] [Times: user=0.00 sys=0.00, real=0.00 secs] 
Heap after GC invocations=515 (full 57):
 par new generation   total 6144K, used 8K [0x00000000fec00000, 0x00000000ff2a0000, 0x00000000ff2a0000)
  eden space 5504K,   0% used [0x00000000fec00000, 0x00000000fec00000, 0x00000000ff160000)
  from space 640K,   1% used [0x00000000ff160000, 0x00000000ff162040, 0x00000000ff200000)
  to   space 640K,   0% used [0x00000000ff200000, 0x00000000ff200000, 0x00000000ff2a0000)
 concurrent mark-sweep generation total 13696K, used 13493K [0x00000000ff2a0000, 0x0000000100000000, 0x0000000100000000)
 Metaspace       used 5078K, capacity 5258K, committed 5504K, reserved 1056768K
  class space    used 557K, capacity 597K, committed 640K, reserved 1048576K
}
2024-07-16T17:10:17.379+0800: 4.049: [CMS-concurrent-abortable-preclean: 0.001/0.045 secs] [Times: user=0.17 sys=0.00, real=0.05 secs] 
2024-07-16T17:10:17.380+0800: 4.049: [GC (CMS Final Remark) [YG occupancy: 1141 K (6144 K)]{Heap before GC invocations=515 (full 57):
 par new generation   total 6144K, used 1141K [0x00000000fec00000, 0x00000000ff2a0000, 0x00000000ff2a0000)
  eden space 5504K,  20% used [0x00000000fec00000, 0x00000000fed1b740, 0x00000000ff160000)
  from space 640K,   1% used [0x00000000ff160000, 0x00000000ff162040, 0x00000000ff200000)
  to   space 640K,   0% used [0x00000000ff200000, 0x00000000ff200000, 0x00000000ff2a0000)
 concurrent mark-sweep generation total 13696K, used 13493K [0x00000000ff2a0000, 0x0000000100000000, 0x0000000100000000)
 Metaspace       used 5078K, capacity 5258K, committed 5504K, reserved 1056768K
  class space    used 557K, capacity 597K, committed 640K, reserved 1048576K
2024-07-16T17:10:17.380+0800: 4.049: [GC (CMS Final Remark) 2024-07-16T17:10:17.380+0800: 4.049: [ParNew: 1141K->1141K(6144K), 0.0000200 secs] 14635K->14635K(19840K), 0.0000518 secs] [Times: user=0.00 sys=0.00, real=0.00 secs] 
Heap after GC invocations=516 (full 57):
 par new generation   total 6144K, used 1141K [0x00000000fec00000, 0x00000000ff2a0000, 0x00000000ff2a0000)
  eden space 5504K,  20% used [0x00000000fec00000, 0x00000000fed1b740, 0x00000000ff160000)
  from space 640K,   1% used [0x00000000ff160000, 0x00000000ff162040, 0x00000000ff200000)
  to   space 640K,   0% used [0x00000000ff200000, 0x00000000ff200000, 0x00000000ff2a0000)
 concurrent mark-sweep generation total 13696K, used 13493K [0x00000000ff2a0000, 0x0000000100000000, 0x0000000100000000)
 Metaspace       used 5078K, capacity 5258K, committed 5504K, reserved 1056768K
  class space    used 557K, capacity 597K, committed 640K, reserved 1048576K
}
2024-07-16T17:10:17.380+0800: 4.049: [Rescan (parallel) , 0.0004265 secs]2024-07-16T17:10:17.380+0800: 4.050: [weak refs processing, 0.0000353 secs]2024-07-16T17:10:17.380+0800: 4.050: [class unloading, 0.0007199 secs]2024-07-16T17:10:17.381+0800: 4.051: [scrub symbol table, 0.0006982 secs]2024-07-16T17:10:17.382+0800: 4.051: [scrub string table, 0.0002160 secs][1 CMS-remark: 13493K(13696K)] 14635K(19840K), 0.0023440 secs] [Times: user=0.00 sys=0.00, real=0.00 secs] 
2024-07-16T17:10:17.382+0800: 4.052: [CMS-concurrent-sweep-start]
2024-07-16T17:10:17.383+0800: 4.052: [CMS-concurrent-sweep: 0.000/0.000 secs] [Times: user=0.00 sys=0.00, real=0.00 secs] 
2024-07-16T17:10:17.383+0800: 4.052: [CMS-concurrent-reset-start]
2024-07-16T17:10:17.383+0800: 4.052: [CMS-concurrent-reset: 0.000/0.000 secs] [Times: user=0.00 sys=0.00, real=0.00 secs] 
{Heap before GC invocations=516 (full 57):
 par new generation   total 6144K, used 5347K [0x00000000fec00000, 0x00000000ff2a0000, 0x00000000ff2a0000)
  eden space 5504K,  97% used [0x00000000fec00000, 0x00000000ff136eb0, 0x00000000ff160000)
  from space 640K,   1% used [0x00000000ff160000, 0x00000000ff162040, 0x00000000ff200000)
  to   space 640K,   0% used [0x00000000ff200000, 0x00000000ff200000, 0x00000000ff2a0000)
 concurrent mark-sweep generation total 13696K, used 7349K [0x00000000ff2a0000, 0x0000000100000000, 0x0000000100000000)
 Metaspace       used 5078K, capacity 5258K, committed 5504K, reserved 1056768K
  class space    used 557K, capacity 597K, committed 640K, reserved 1048576K
2024-07-16T17:10:17.388+0800: 4.057: [GC (Allocation Failure) 2024-07-16T17:10:17.388+0800: 4.057: [ParNew: 5347K->10K(6144K), 0.0012733 secs] 12697K->8383K(19840K), 0.0013499 secs] [Times: user=0.00 sys=0.00, real=0.00 secs] 
Heap after GC invocations=517 (full 57):
 par new generation   total 6144K, used 10K [0x00000000fec00000, 0x00000000ff2a0000, 0x00000000ff2a0000)
  eden space 5504K,   0% used [0x00000000fec00000, 0x00000000fec00000, 0x00000000ff160000)
  from space 640K,   1% used [0x00000000ff200000, 0x00000000ff202850, 0x00000000ff2a0000)
  to   space 640K,   0% used [0x00000000ff160000, 0x00000000ff160000, 0x00000000ff200000)
 concurrent mark-sweep generation total 13696K, used 8373K [0x00000000ff2a0000, 0x0000000100000000, 0x0000000100000000)
 Metaspace       used 5078K, capacity 5258K, committed 5504K, reserved 1056768K
  class space    used 557K, capacity 597K, committed 640K, reserved 1048576K
}
2024-07-16T17:10:17.389+0800: 4.059: [GC (CMS Initial Mark) [1 CMS-initial-mark: 8373K(13696K)] 9409K(19840K), 0.0005320 secs] [Times: user=0.00 sys=0.00, real=0.00 secs] 
2024-07-16T17:10:17.390+0800: 4.060: [CMS-concurrent-mark-start]
2024-07-16T17:10:17.395+0800: 4.064: [CMS-concurrent-mark: 0.005/0.005 secs] [Times: user=0.05 sys=0.00, real=0.00 secs] 
2024-07-16T17:10:17.395+0800: 4.065: [CMS-concurrent-preclean-start]
2024-07-16T17:10:17.395+0800: 4.065: [CMS-concurrent-preclean: 0.000/0.000 secs] [Times: user=0.00 sys=0.00, real=0.00 secs] 
2024-07-16T17:10:17.395+0800: 4.065: [CMS-concurrent-abortable-preclean-start]
{Heap before GC invocations=517 (full 58):
 par new generation   total 6144K, used 5224K [0x00000000fec00000, 0x00000000ff2a0000, 0x00000000ff2a0000)
  eden space 5504K,  94% used [0x00000000fec00000, 0x00000000ff117940, 0x00000000ff160000)
  from space 640K,   1% used [0x00000000ff200000, 0x00000000ff202850, 0x00000000ff2a0000)
  to   space 640K,   0% used [0x00000000ff160000, 0x00000000ff160000, 0x00000000ff200000)
 concurrent mark-sweep generation total 13696K, used 8373K [0x00000000ff2a0000, 0x0000000100000000, 0x0000000100000000)
 Metaspace       used 5078K, capacity 5258K, committed 5504K, reserved 1056768K
  class space    used 557K, capacity 597K, committed 640K, reserved 1048576K
2024-07-16T17:10:17.398+0800: 4.067: [GC (Allocation Failure) 2024-07-16T17:10:17.398+0800: 4.067: [ParNew: 5224K->4K(6144K), 0.0010010 secs] 13598K->8377K(19840K), 0.0011045 secs] [Times: user=0.00 sys=0.00, real=0.00 secs] 
Heap after GC invocations=518 (full 58):
 par new generation   total 6144K, used 4K [0x00000000fec00000, 0x00000000ff2a0000, 0x00000000ff2a0000)
  eden space 5504K,   0% used [0x00000000fec00000, 0x00000000fec00000, 0x00000000ff160000)
  from space 640K,   0% used [0x00000000ff160000, 0x00000000ff161020, 0x00000000ff200000)
  to   space 640K,   0% used [0x00000000ff200000, 0x00000000ff200000, 0x00000000ff2a0000)
 concurrent mark-sweep generation total 13696K, used 8373K [0x00000000ff2a0000, 0x0000000100000000, 0x0000000100000000)
 Metaspace       used 5078K, capacity 5258K, committed 5504K, reserved 1056768K
  class space    used 557K, capacity 597K, committed 640K, reserved 1048576K
}
{Heap before GC invocations=518 (full 58):
 par new generation   total 6144K, used 5224K [0x00000000fec00000, 0x00000000ff2a0000, 0x00000000ff2a0000)
  eden space 5504K,  94% used [0x00000000fec00000, 0x00000000ff119240, 0x00000000ff160000)
  from space 640K,   0% used [0x00000000ff160000, 0x00000000ff161020, 0x00000000ff200000)
  to   space 640K,   0% used [0x00000000ff200000, 0x00000000ff200000, 0x00000000ff2a0000)
 concurrent mark-sweep generation total 13696K, used 8373K [0x00000000ff2a0000, 0x0000000100000000, 0x0000000100000000)
 Metaspace       used 5078K, capacity 5258K, committed 5504K, reserved 1056768K
  class space    used 557K, capacity 597K, committed 640K, reserved 1048576K
2024-07-16T17:10:17.406+0800: 4.075: [GC (Allocation Failure) 2024-07-16T17:10:17.406+0800: 4.075: [ParNew: 5224K->8K(6144K), 0.0014925 secs] 13598K->9405K(19840K), 0.0015809 secs] [Times: user=0.00 sys=0.00, real=0.00 secs] 
Heap after GC invocations=519 (full 58):
 par new generation   total 6144K, used 8K [0x00000000fec00000, 0x00000000ff2a0000, 0x00000000ff2a0000)
  eden space 5504K,   0% used [0x00000000fec00000, 0x00000000fec00000, 0x00000000ff160000)
  from space 640K,   1% used [0x00000000ff200000, 0x00000000ff202040, 0x00000000ff2a0000)
  to   space 640K,   0% used [0x00000000ff160000, 0x00000000ff160000, 0x00000000ff200000)
 concurrent mark-sweep generation total 13696K, used 9397K [0x00000000ff2a0000, 0x0000000100000000, 0x0000000100000000)
 Metaspace       used 5078K, capacity 5258K, committed 5504K, reserved 1056768K
  class space    used 557K, capacity 597K, committed 640K, reserved 1048576K
}
{Heap before GC invocations=519 (full 58):
 par new generation   total 6144K, used 5231K [0x00000000fec00000, 0x00000000ff2a0000, 0x00000000ff2a0000)
  eden space 5504K,  94% used [0x00000000fec00000, 0x00000000ff119f90, 0x00000000ff160000)
  from space 640K,   1% used [0x00000000ff200000, 0x00000000ff202040, 0x00000000ff2a0000)
  to   space 640K,   0% used [0x00000000ff160000, 0x00000000ff160000, 0x00000000ff200000)
 concurrent mark-sweep generation total 13696K, used 9397K [0x00000000ff2a0000, 0x0000000100000000, 0x0000000100000000)
 Metaspace       used 5078K, capacity 5258K, committed 5504K, reserved 1056768K
  class space    used 557K, capacity 597K, committed 640K, reserved 1048576K
2024-07-16T17:10:17.416+0800: 4.085: [GC (Allocation Failure) 2024-07-16T17:10:17.416+0800: 4.085: [ParNew: 5231K->4K(6144K), 0.0003490 secs] 14629K->9401K(19840K), 0.0003980 secs] [Times: user=0.00 sys=0.00, real=0.00 secs] 
Heap after GC invocations=520 (full 58):
 par new generation   total 6144K, used 4K [0x00000000fec00000, 0x00000000ff2a0000, 0x00000000ff2a0000)
  eden space 5504K,   0% used [0x00000000fec00000, 0x00000000fec00000, 0x00000000ff160000)
  from space 640K,   0% used [0x00000000ff160000, 0x00000000ff161020, 0x00000000ff200000)
  to   space 640K,   0% used [0x00000000ff200000, 0x00000000ff200000, 0x00000000ff2a0000)
 concurrent mark-sweep generation total 13696K, used 9397K [0x00000000ff2a0000, 0x0000000100000000, 0x0000000100000000)
 Metaspace       used 5078K, capacity 5258K, committed 5504K, reserved 1056768K
  class space    used 557K, capacity 597K, committed 640K, reserved 1048576K
}
{Heap before GC invocations=520 (full 58):
 par new generation   total 6144K, used 5230K [0x00000000fec00000, 0x00000000ff2a0000, 0x00000000ff2a0000)
  eden space 5504K,  94% used [0x00000000fec00000, 0x00000000ff11a818, 0x00000000ff160000)
  from space 640K,   0% used [0x00000000ff160000, 0x00000000ff161020, 0x00000000ff200000)
  to   space 640K,   0% used [0x00000000ff200000, 0x00000000ff200000, 0x00000000ff2a0000)
 concurrent mark-sweep generation total 13696K, used 9397K [0x00000000ff2a0000, 0x0000000100000000, 0x0000000100000000)
 Metaspace       used 5078K, capacity 5258K, committed 5504K, reserved 1056768K
  class space    used 557K, capacity 597K, committed 640K, reserved 1048576K
2024-07-16T17:10:17.423+0800: 4.092: [GC (Allocation Failure) 2024-07-16T17:10:17.423+0800: 4.092: [ParNew: 5230K->8K(6144K), 0.0004130 secs] 14627K->10429K(19840K), 0.0004540 secs] [Times: user=0.00 sys=0.00, real=0.00 secs] 
Heap after GC invocations=521 (full 58):
 par new generation   total 6144K, used 8K [0x00000000fec00000, 0x00000000ff2a0000, 0x00000000ff2a0000)
  eden space 5504K,   0% used [0x00000000fec00000, 0x00000000fec00000, 0x00000000ff160000)
  from space 640K,   1% used [0x00000000ff200000, 0x00000000ff202040, 0x00000000ff2a0000)
  to   space 640K,   0% used [0x00000000ff160000, 0x00000000ff160000, 0x00000000ff200000)
 concurrent mark-sweep generation total 13696K, used 10421K [0x00000000ff2a0000, 0x0000000100000000, 0x0000000100000000)
 Metaspace       used 5078K, capacity 5258K, committed 5504K, reserved 1056768K
  class space    used 557K, capacity 597K, committed 640K, reserved 1048576K
}
{Heap before GC invocations=521 (full 58):
 par new generation   total 6144K, used 5235K [0x00000000fec00000, 0x00000000ff2a0000, 0x00000000ff2a0000)
  eden space 5504K,  94% used [0x00000000fec00000, 0x00000000ff11ad98, 0x00000000ff160000)
  from space 640K,   1% used [0x00000000ff200000, 0x00000000ff202040, 0x00000000ff2a0000)
  to   space 640K,   0% used [0x00000000ff160000, 0x00000000ff160000, 0x00000000ff200000)
 concurrent mark-sweep generation total 13696K, used 10421K [0x00000000ff2a0000, 0x0000000100000000, 0x0000000100000000)
 Metaspace       used 5078K, capacity 5258K, committed 5504K, reserved 1056768K
  class space    used 557K, capacity 597K, committed 640K, reserved 1048576K
2024-07-16T17:10:17.430+0800: 4.099: [GC (Allocation Failure) 2024-07-16T17:10:17.430+0800: 4.099: [ParNew: 5235K->10K(6144K), 0.0004672 secs] 15657K->12479K(19840K), 0.0005056 secs] [Times: user=0.00 sys=0.00, real=0.00 secs] 
Heap after GC invocations=522 (full 58):
 par new generation   total 6144K, used 10K [0x00000000fec00000, 0x00000000ff2a0000, 0x00000000ff2a0000)
  eden space 5504K,   0% used [0x00000000fec00000, 0x00000000fec00000, 0x00000000ff160000)
  from space 640K,   1% used [0x00000000ff160000, 0x00000000ff162850, 0x00000000ff200000)
  to   space 640K,   0% used [0x00000000ff200000, 0x00000000ff200000, 0x00000000ff2a0000)
 concurrent mark-sweep generation total 13696K, used 12469K [0x00000000ff2a0000, 0x0000000100000000, 0x0000000100000000)
 Metaspace       used 5078K, capacity 5258K, committed 5504K, reserved 1056768K
  class space    used 557K, capacity 597K, committed 640K, reserved 1048576K
}
{Heap before GC invocations=522 (full 58):
 par new generation   total 6144K, used 5238K [0x00000000fec00000, 0x00000000ff2a0000, 0x00000000ff2a0000)
  eden space 5504K,  94% used [0x00000000fec00000, 0x00000000ff11b120, 0x00000000ff160000)
  from space 640K,   1% used [0x00000000ff160000, 0x00000000ff162850, 0x00000000ff200000)
  to   space 640K,   0% used [0x00000000ff200000, 0x00000000ff200000, 0x00000000ff2a0000)
 concurrent mark-sweep generation total 13696K, used 12469K [0x00000000ff2a0000, 0x0000000100000000, 0x0000000100000000)
 Metaspace       used 5078K, capacity 5258K, committed 5504K, reserved 1056768K
  class space    used 557K, capacity 597K, committed 640K, reserved 1048576K
2024-07-16T17:10:17.437+0800: 4.106: [GC (Allocation Failure) 2024-07-16T17:10:17.437+0800: 4.106: [ParNew: 5238K->5238K(6144K), 0.0000090 secs]2024-07-16T17:10:17.437+0800: 4.106: [CMS2024-07-16T17:10:17.437+0800: 4.106: [CMS-concurrent-abortable-preclean: 0.000/0.042 secs] [Times: user=0.00 sys=0.00, real=0.04 secs] 
 (concurrent mode failure): 12469K->2215K(13696K), 0.0022409 secs] 17708K->2215K(19840K), [Metaspace: 5078K->5078K(1056768K)], 0.0022915 secs] [Times: user=0.01 sys=0.00, real=0.00 secs] 
Heap after GC invocations=523 (full 59):
 par new generation   total 6144K, used 0K [0x00000000fec00000, 0x00000000ff2a0000, 0x00000000ff2a0000)
  eden space 5504K,   0% used [0x00000000fec00000, 0x00000000fec00000, 0x00000000ff160000)
  from space 640K,   0% used [0x00000000ff160000, 0x00000000ff160000, 0x00000000ff200000)
  to   space 640K,   0% used [0x00000000ff200000, 0x00000000ff200000, 0x00000000ff2a0000)
 concurrent mark-sweep generation total 13696K, used 2215K [0x00000000ff2a0000, 0x0000000100000000, 0x0000000100000000)
 Metaspace       used 5078K, capacity 5258K, committed 5504K, reserved 1056768K
  class space    used 557K, capacity 597K, committed 640K, reserved 1048576K
}
{Heap before GC invocations=523 (full 59):
 par new generation   total 6144K, used 5228K [0x00000000fec00000, 0x00000000ff2a0000, 0x00000000ff2a0000)
  eden space 5504K,  95% used [0x00000000fec00000, 0x00000000ff11b368, 0x00000000ff160000)
  from space 640K,   0% used [0x00000000ff160000, 0x00000000ff160000, 0x00000000ff200000)
  to   space 640K,   0% used [0x00000000ff200000, 0x00000000ff200000, 0x00000000ff2a0000)
 concurrent mark-sweep generation total 13696K, used 2215K [0x00000000ff2a0000, 0x0000000100000000, 0x0000000100000000)
 Metaspace       used 5078K, capacity 5258K, committed 5504K, reserved 1056768K
  class space    used 557K, capacity 597K, committed 640K, reserved 1048576K
2024-07-16T17:10:17.445+0800: 4.114: [GC (Allocation Failure) 2024-07-16T17:10:17.445+0800: 4.114: [ParNew: 5228K->4K(6144K), 0.0003444 secs] 7444K->3245K(19840K), 0.0003664 secs] [Times: user=0.00 sys=0.00, real=0.00 secs] 
Heap after GC invocations=524 (full 59):
 par new generation   total 6144K, used 4K [0x00000000fec00000, 0x00000000ff2a0000, 0x00000000ff2a0000)
  eden space 5504K,   0% used [0x00000000fec00000, 0x00000000fec00000, 0x00000000ff160000)
  from space 640K,   0% used [0x00000000ff200000, 0x00000000ff201020, 0x00000000ff2a0000)
  to   space 640K,   0% used [0x00000000ff160000, 0x00000000ff160000, 0x00000000ff200000)
 concurrent mark-sweep generation total 13696K, used 3241K [0x00000000ff2a0000, 0x0000000100000000, 0x0000000100000000)
 Metaspace       used 5078K, capacity 5258K, committed 5504K, reserved 1056768K
  class space    used 557K, capacity 597K, committed 640K, reserved 1048576K
}
{Heap before GC invocations=524 (full 59):
 par new generation   total 6144K, used 5233K [0x00000000fec00000, 0x00000000ff2a0000, 0x00000000ff2a0000)
  eden space 5504K,  95% used [0x00000000fec00000, 0x00000000ff11b4d8, 0x00000000ff160000)
  from space 640K,   0% used [0x00000000ff200000, 0x00000000ff201020, 0x00000000ff2a0000)
  to   space 640K,   0% used [0x00000000ff160000, 0x00000000ff160000, 0x00000000ff200000)
 concurrent mark-sweep generation total 13696K, used 3241K [0x00000000ff2a0000, 0x0000000100000000, 0x0000000100000000)
 Metaspace       used 5078K, capacity 5258K, committed 5504K, reserved 1056768K
  class space    used 557K, capacity 597K, committed 640K, reserved 1048576K
2024-07-16T17:10:17.453+0800: 4.122: [GC (Allocation Failure) 2024-07-16T17:10:17.453+0800: 4.122: [ParNew: 5233K->10K(6144K), 0.0005957 secs] 8474K->4277K(19840K), 0.0006634 secs] [Times: user=0.00 sys=0.00, real=0.00 secs] 
Heap after GC invocations=525 (full 59):
 par new generation   total 6144K, used 10K [0x00000000fec00000, 0x00000000ff2a0000, 0x00000000ff2a0000)
  eden space 5504K,   0% used [0x00000000fec00000, 0x00000000fec00000, 0x00000000ff160000)
  from space 640K,   1% used [0x00000000ff160000, 0x00000000ff162850, 0x00000000ff200000)
  to   space 640K,   0% used [0x00000000ff200000, 0x00000000ff200000, 0x00000000ff2a0000)
 concurrent mark-sweep generation total 13696K, used 4267K [0x00000000ff2a0000, 0x0000000100000000, 0x0000000100000000)
 Metaspace       used 5078K, capacity 5258K, committed 5504K, reserved 1056768K
  class space    used 557K, capacity 597K, committed 640K, reserved 1048576K
}
{Heap before GC invocations=525 (full 59):
 par new generation   total 6144K, used 5239K [0x00000000fec00000, 0x00000000ff2a0000, 0x00000000ff2a0000)
  eden space 5504K,  95% used [0x00000000fec00000, 0x00000000ff11b5d0, 0x00000000ff160000)
  from space 640K,   1% used [0x00000000ff160000, 0x00000000ff162850, 0x00000000ff200000)
  to   space 640K,   0% used [0x00000000ff200000, 0x00000000ff200000, 0x00000000ff2a0000)
 concurrent mark-sweep generation total 13696K, used 4267K [0x00000000ff2a0000, 0x0000000100000000, 0x0000000100000000)
 Metaspace       used 5078K, capacity 5258K, committed 5504K, reserved 1056768K
  class space    used 557K, capacity 597K, committed 640K, reserved 1048576K
2024-07-16T17:10:17.460+0800: 4.129: [GC (Allocation Failure) 2024-07-16T17:10:17.460+0800: 4.129: [ParNew: 5239K->4K(6144K), 0.0004836 secs] 9507K->4271K(19840K), 0.0005245 secs] [Times: user=0.00 sys=0.00, real=0.00 secs] 
Heap after GC invocations=526 (full 59):
 par new generation   total 6144K, used 4K [0x00000000fec00000, 0x00000000ff2a0000, 0x00000000ff2a0000)
  eden space 5504K,   0% used [0x00000000fec00000, 0x00000000fec00000, 0x00000000ff160000)
  from space 640K,   0% used [0x00000000ff200000, 0x00000000ff201020, 0x00000000ff2a0000)
  to   space 640K,   0% used [0x00000000ff160000, 0x00000000ff160000, 0x00000000ff200000)
 concurrent mark-sweep generation total 13696K, used 4267K [0x00000000ff2a0000, 0x0000000100000000, 0x0000000100000000)
 Metaspace       used 5078K, capacity 5258K, committed 5504K, reserved 1056768K
  class space    used 557K, capacity 597K, committed 640K, reserved 1048576K
}
{Heap before GC invocations=526 (full 59):
 par new generation   total 6144K, used 5233K [0x00000000fec00000, 0x00000000ff2a0000, 0x00000000ff2a0000)
  eden space 5504K,  95% used [0x00000000fec00000, 0x00000000ff11b668, 0x00000000ff160000)
  from space 640K,   0% used [0x00000000ff200000, 0x00000000ff201020, 0x00000000ff2a0000)
  to   space 640K,   0% used [0x00000000ff160000, 0x00000000ff160000, 0x00000000ff200000)
 concurrent mark-sweep generation total 13696K, used 4267K [0x00000000ff2a0000, 0x0000000100000000, 0x0000000100000000)
 Metaspace       used 5078K, capacity 5258K, committed 5504K, reserved 1056768K
  class space    used 557K, capacity 597K, committed 640K, reserved 1048576K
2024-07-16T17:10:17.467+0800: 4.136: [GC (Allocation Failure) 2024-07-16T17:10:17.467+0800: 4.136: [ParNew: 5233K->4K(6144K), 0.0008214 secs] 9501K->4271K(19840K), 0.0009080 secs] [Times: user=0.00 sys=0.00, real=0.00 secs] 
Heap after GC invocations=527 (full 59):
 par new generation   total 6144K, used 4K [0x00000000fec00000, 0x00000000ff2a0000, 0x00000000ff2a0000)
  eden space 5504K,   0% used [0x00000000fec00000, 0x00000000fec00000, 0x00000000ff160000)
  from space 640K,   0% used [0x00000000ff160000, 0x00000000ff161020, 0x00000000ff200000)
  to   space 640K,   0% used [0x00000000ff200000, 0x00000000ff200000, 0x00000000ff2a0000)
 concurrent mark-sweep generation total 13696K, used 4267K [0x00000000ff2a0000, 0x0000000100000000, 0x0000000100000000)
 Metaspace       used 5078K, capacity 5258K, committed 5504K, reserved 1056768K
  class space    used 557K, capacity 597K, committed 640K, reserved 1048576K
}
{Heap before GC invocations=527 (full 59):
 par new generation   total 6144K, used 5233K [0x00000000fec00000, 0x00000000ff2a0000, 0x00000000ff2a0000)
  eden space 5504K,  95% used [0x00000000fec00000, 0x00000000ff11b6c8, 0x00000000ff160000)
  from space 640K,   0% used [0x00000000ff160000, 0x00000000ff161020, 0x00000000ff200000)
  to   space 640K,   0% used [0x00000000ff200000, 0x00000000ff200000, 0x00000000ff2a0000)
 concurrent mark-sweep generation total 13696K, used 4267K [0x00000000ff2a0000, 0x0000000100000000, 0x0000000100000000)
 Metaspace       used 5078K, capacity 5258K, committed 5504K, reserved 1056768K
  class space    used 557K, capacity 597K, committed 640K, reserved 1048576K
2024-07-16T17:10:17.475+0800: 4.144: [GC (Allocation Failure) 2024-07-16T17:10:17.475+0800: 4.144: [ParNew: 5233K->8K(6144K), 0.0012975 secs] 9501K->5301K(19840K), 0.0013783 secs] [Times: user=0.00 sys=0.00, real=0.00 secs] 
Heap after GC invocations=528 (full 59):
 par new generation   total 6144K, used 8K [0x00000000fec00000, 0x00000000ff2a0000, 0x00000000ff2a0000)
  eden space 5504K,   0% used [0x00000000fec00000, 0x00000000fec00000, 0x00000000ff160000)
  from space 640K,   1% used [0x00000000ff200000, 0x00000000ff202040, 0x00000000ff2a0000)
  to   space 640K,   0% used [0x00000000ff160000, 0x00000000ff160000, 0x00000000ff200000)
 concurrent mark-sweep generation total 13696K, used 5293K [0x00000000ff2a0000, 0x0000000100000000, 0x0000000100000000)
 Metaspace       used 5078K, capacity 5258K, committed 5504K, reserved 1056768K
  class space    used 557K, capacity 597K, committed 640K, reserved 1048576K
}
{Heap before GC invocations=528 (full 59):
 par new generation   total 6144K, used 5237K [0x00000000fec00000, 0x00000000ff2a0000, 0x00000000ff2a0000)
  eden space 5504K,  95% used [0x00000000fec00000, 0x00000000ff11b708, 0x00000000ff160000)
  from space 640K,   1% used [0x00000000ff200000, 0x00000000ff202040, 0x00000000ff2a0000)
  to   space 640K,   0% used [0x00000000ff160000, 0x00000000ff160000, 0x00000000ff200000)
 concurrent mark-sweep generation total 13696K, used 5293K [0x00000000ff2a0000, 0x0000000100000000, 0x0000000100000000)
 Metaspace       used 5078K, capacity 5258K, committed 5504K, reserved 1056768K
  class space    used 557K, capacity 597K, committed 640K, reserved 1048576K
2024-07-16T17:10:17.483+0800: 4.152: [GC (Allocation Failure) 2024-07-16T17:10:17.483+0800: 4.152: [ParNew: 5237K->8K(6144K), 0.0014343 secs] 10531K->6325K(19840K), 0.0015331 secs] [Times: user=0.00 sys=0.00, real=0.00 secs] 
Heap after GC invocations=529 (full 59):
 par new generation   total 6144K, used 8K [0x00000000fec00000, 0x00000000ff2a0000, 0x00000000ff2a0000)
  eden space 5504K,   0% used [0x00000000fec00000, 0x00000000fec00000, 0x00000000ff160000)
  from space 640K,   1% used [0x00000000ff160000, 0x00000000ff162040, 0x00000000ff200000)
  to   space 640K,   0% used [0x00000000ff200000, 0x00000000ff200000, 0x00000000ff2a0000)
 concurrent mark-sweep generation total 13696K, used 6317K [0x00000000ff2a0000, 0x0000000100000000, 0x0000000100000000)
 Metaspace       used 5078K, capacity 5258K, committed 5504K, reserved 1056768K
  class space    used 557K, capacity 597K, committed 640K, reserved 1048576K
}
{Heap before GC invocations=529 (full 59):
 par new generation   total 6144K, used 5237K [0x00000000fec00000, 0x00000000ff2a0000, 0x00000000ff2a0000)
  eden space 5504K,  95% used [0x00000000fec00000, 0x00000000ff11b730, 0x00000000ff160000)
  from space 640K,   1% used [0x00000000ff160000, 0x00000000ff162040, 0x00000000ff200000)
  to   space 640K,   0% used [0x00000000ff200000, 0x00000000ff200000, 0x00000000ff2a0000)
 concurrent mark-sweep generation total 13696K, used 6317K [0x00000000ff2a0000, 0x0000000100000000, 0x0000000100000000)
 Metaspace       used 5078K, capacity 5258K, committed 5504K, reserved 1056768K
  class space    used 557K, capacity 597K, committed 640K, reserved 1048576K
2024-07-16T17:10:17.491+0800: 4.160: [GC (Allocation Failure) 2024-07-16T17:10:17.491+0800: 4.160: [ParNew: 5237K->10K(6144K), 0.0009971 secs] 11555K->7353K(19840K), 0.0011039 secs] [Times: user=0.00 sys=0.00, real=0.00 secs] 
Heap after GC invocations=530 (full 59):
 par new generation   total 6144K, used 10K [0x00000000fec00000, 0x00000000ff2a0000, 0x00000000ff2a0000)
  eden space 5504K,   0% used [0x00000000fec00000, 0x00000000fec00000, 0x00000000ff160000)
  from space 640K,   1% used [0x00000000ff200000, 0x00000000ff202850, 0x00000000ff2a0000)
  to   space 640K,   0% used [0x00000000ff160000, 0x00000000ff160000, 0x00000000ff200000)
 concurrent mark-sweep generation total 13696K, used 7343K [0x00000000ff2a0000, 0x0000000100000000, 0x0000000100000000)
 Metaspace       used 5078K, capacity 5258K, committed 5504K, reserved 1056768K
  class space    used 557K, capacity 597K, committed 640K, reserved 1048576K
}
2024-07-16T17:10:17.492+0800: 4.162: [GC (CMS Initial Mark) [1 CMS-initial-mark: 7343K(13696K)] 8379K(19840K), 0.0005278 secs] [Times: user=0.00 sys=0.00, real=0.00 secs] 
2024-07-16T17:10:17.493+0800: 4.162: [CMS-concurrent-mark-start]
2024-07-16T17:10:17.496+0800: 4.166: [CMS-concurrent-mark: 0.004/0.004 secs] [Times: user=0.00 sys=0.00, real=0.00 secs] 
2024-07-16T17:10:17.496+0800: 4.166: [CMS-concurrent-preclean-start]
2024-07-16T17:10:17.496+0800: 4.166: [CMS-concurrent-preclean: 0.000/0.000 secs] [Times: user=0.00 sys=0.00, real=0.00 secs] 
2024-07-16T17:10:17.497+0800: 4.166: [CMS-concurrent-abortable-preclean-start]
{Heap before GC invocations=530 (full 60):
 par new generation   total 6144K, used 5239K [0x00000000fec00000, 0x00000000ff2a0000, 0x00000000ff2a0000)
  eden space 5504K,  95% used [0x00000000fec00000, 0x00000000ff11b750, 0x00000000ff160000)
  from space 640K,   1% used [0x00000000ff200000, 0x00000000ff202850, 0x00000000ff2a0000)
  to   space 640K,   0% used [0x00000000ff160000, 0x00000000ff160000, 0x00000000ff200000)
 concurrent mark-sweep generation total 13696K, used 7343K [0x00000000ff2a0000, 0x0000000100000000, 0x0000000100000000)
 Metaspace       used 5078K, capacity 5258K, committed 5504K, reserved 1056768K
  class space    used 557K, capacity 597K, committed 640K, reserved 1048576K
2024-07-16T17:10:17.501+0800: 4.170: [GC (Allocation Failure) 2024-07-16T17:10:17.501+0800: 4.170: [ParNew: 5239K->6K(6144K), 0.0011443 secs] 12583K->8375K(19840K), 0.0012069 secs] [Times: user=0.02 sys=0.00, real=0.00 secs] 
Heap after GC invocations=531 (full 60):
 par new generation   total 6144K, used 6K [0x00000000fec00000, 0x00000000ff2a0000, 0x00000000ff2a0000)
  eden space 5504K,   0% used [0x00000000fec00000, 0x00000000fec00000, 0x00000000ff160000)
  from space 640K,   0% used [0x00000000ff160000, 0x00000000ff161830, 0x00000000ff200000)
  to   space 640K,   0% used [0x00000000ff200000, 0x00000000ff200000, 0x00000000ff2a0000)
 concurrent mark-sweep generation total 13696K, used 8369K [0x00000000ff2a0000, 0x0000000100000000, 0x0000000100000000)
 Metaspace       used 5078K, capacity 5258K, committed 5504K, reserved 1056768K
  class space    used 557K, capacity 597K, committed 640K, reserved 1048576K
}
{Heap before GC invocations=531 (full 60):
 par new generation   total 6144K, used 5235K [0x00000000fec00000, 0x00000000ff2a0000, 0x00000000ff2a0000)
  eden space 5504K,  95% used [0x00000000fec00000, 0x00000000ff11b760, 0x00000000ff160000)
  from space 640K,   0% used [0x00000000ff160000, 0x00000000ff161830, 0x00000000ff200000)
  to   space 640K,   0% used [0x00000000ff200000, 0x00000000ff200000, 0x00000000ff2a0000)
 concurrent mark-sweep generation total 13696K, used 8369K [0x00000000ff2a0000, 0x0000000100000000, 0x0000000100000000)
 Metaspace       used 5078K, capacity 5258K, committed 5504K, reserved 1056768K
  class space    used 557K, capacity 597K, committed 640K, reserved 1048576K
2024-07-16T17:10:17.508+0800: 4.177: [GC (Allocation Failure) 2024-07-16T17:10:17.508+0800: 4.177: [ParNew: 5235K->8K(6144K), 0.0012374 secs] 13605K->9403K(19840K), 0.0013241 secs] [Times: user=0.00 sys=0.00, real=0.00 secs] 
Heap after GC invocations=532 (full 60):
 par new generation   total 6144K, used 8K [0x00000000fec00000, 0x00000000ff2a0000, 0x00000000ff2a0000)
  eden space 5504K,   0% used [0x00000000fec00000, 0x00000000fec00000, 0x00000000ff160000)
  from space 640K,   1% used [0x00000000ff200000, 0x00000000ff202040, 0x00000000ff2a0000)
  to   space 640K,   0% used [0x00000000ff160000, 0x00000000ff160000, 0x00000000ff200000)
 concurrent mark-sweep generation total 13696K, used 9395K [0x00000000ff2a0000, 0x0000000100000000, 0x0000000100000000)
 Metaspace       used 5078K, capacity 5258K, committed 5504K, reserved 1056768K
  class space    used 557K, capacity 597K, committed 640K, reserved 1048576K
}
{Heap before GC invocations=532 (full 60):
 par new generation   total 6144K, used 5237K [0x00000000fec00000, 0x00000000ff2a0000, 0x00000000ff2a0000)
  eden space 5504K,  95% used [0x00000000fec00000, 0x00000000ff11b768, 0x00000000ff160000)
  from space 640K,   1% used [0x00000000ff200000, 0x00000000ff202040, 0x00000000ff2a0000)
  to   space 640K,   0% used [0x00000000ff160000, 0x00000000ff160000, 0x00000000ff200000)
 concurrent mark-sweep generation total 13696K, used 9395K [0x00000000ff2a0000, 0x0000000100000000, 0x0000000100000000)
 Metaspace       used 5078K, capacity 5258K, committed 5504K, reserved 1056768K
  class space    used 557K, capacity 597K, committed 640K, reserved 1048576K
2024-07-16T17:10:17.517+0800: 4.186: [GC (Allocation Failure) 2024-07-16T17:10:17.517+0800: 4.186: [ParNew: 5237K->4K(6144K), 0.0010319 secs] 14633K->9399K(19840K), 0.0011735 secs] [Times: user=0.00 sys=0.00, real=0.00 secs] 
Heap after GC invocations=533 (full 60):
 par new generation   total 6144K, used 4K [0x00000000fec00000, 0x00000000ff2a0000, 0x00000000ff2a0000)
  eden space 5504K,   0% used [0x00000000fec00000, 0x00000000fec00000, 0x00000000ff160000)
  from space 640K,   0% used [0x00000000ff160000, 0x00000000ff161020, 0x00000000ff200000)
  to   space 640K,   0% used [0x00000000ff200000, 0x00000000ff200000, 0x00000000ff2a0000)
 concurrent mark-sweep generation total 13696K, used 9395K [0x00000000ff2a0000, 0x0000000100000000, 0x0000000100000000)
 Metaspace       used 5078K, capacity 5258K, committed 5504K, reserved 1056768K
  class space    used 557K, capacity 597K, committed 640K, reserved 1048576K
}
{Heap before GC invocations=533 (full 60):
 par new generation   total 6144K, used 5233K [0x00000000fec00000, 0x00000000ff2a0000, 0x00000000ff2a0000)
  eden space 5504K,  95% used [0x00000000fec00000, 0x00000000ff11b770, 0x00000000ff160000)
  from space 640K,   0% used [0x00000000ff160000, 0x00000000ff161020, 0x00000000ff200000)
  to   space 640K,   0% used [0x00000000ff200000, 0x00000000ff200000, 0x00000000ff2a0000)
 concurrent mark-sweep generation total 13696K, used 9395K [0x00000000ff2a0000, 0x0000000100000000, 0x0000000100000000)
 Metaspace       used 5078K, capacity 5258K, committed 5504K, reserved 1056768K
  class space    used 557K, capacity 597K, committed 640K, reserved 1048576K
2024-07-16T17:10:17.526+0800: 4.195: [GC (Allocation Failure) 2024-07-16T17:10:17.526+0800: 4.195: [ParNew: 5233K->10K(6144K), 0.0010817 secs] 14629K->10432K(19840K), 0.0011861 secs] [Times: user=0.00 sys=0.00, real=0.00 secs] 
Heap after GC invocations=534 (full 60):
 par new generation   total 6144K, used 10K [0x00000000fec00000, 0x00000000ff2a0000, 0x00000000ff2a0000)
  eden space 5504K,   0% used [0x00000000fec00000, 0x00000000fec00000, 0x00000000ff160000)
  from space 640K,   1% used [0x00000000ff200000, 0x00000000ff202850, 0x00000000ff2a0000)
  to   space 640K,   0% used [0x00000000ff160000, 0x00000000ff160000, 0x00000000ff200000)
 concurrent mark-sweep generation total 13696K, used 10421K [0x00000000ff2a0000, 0x0000000100000000, 0x0000000100000000)
 Metaspace       used 5078K, capacity 5258K, committed 5504K, reserved 1056768K
  class space    used 557K, capacity 597K, committed 640K, reserved 1048576K
}
{Heap before GC invocations=534 (full 60):
 par new generation   total 6144K, used 5239K [0x00000000fec00000, 0x00000000ff2a0000, 0x00000000ff2a0000)
  eden space 5504K,  95% used [0x00000000fec00000, 0x00000000ff11b778, 0x00000000ff160000)
  from space 640K,   1% used [0x00000000ff200000, 0x00000000ff202850, 0x00000000ff2a0000)
  to   space 640K,   0% used [0x00000000ff160000, 0x00000000ff160000, 0x00000000ff200000)
 concurrent mark-sweep generation total 13696K, used 10421K [0x00000000ff2a0000, 0x0000000100000000, 0x0000000100000000)
 Metaspace       used 5078K, capacity 5258K, committed 5504K, reserved 1056768K
  class space    used 557K, capacity 597K, committed 640K, reserved 1048576K
2024-07-16T17:10:17.536+0800: 4.205: [GC (Allocation Failure) 2024-07-16T17:10:17.536+0800: 4.205: [ParNew: 5239K->6K(6144K), 0.0012672 secs] 15661K->11451K(19840K), 0.0013900 secs] [Times: user=0.00 sys=0.00, real=0.00 secs] 
Heap after GC invocations=535 (full 60):
 par new generation   total 6144K, used 6K [0x00000000fec00000, 0x00000000ff2a0000, 0x00000000ff2a0000)
  eden space 5504K,   0% used [0x00000000fec00000, 0x00000000fec00000, 0x00000000ff160000)
  from space 640K,   0% used [0x00000000ff160000, 0x00000000ff161830, 0x00000000ff200000)
  to   space 640K,   0% used [0x00000000ff200000, 0x00000000ff200000, 0x00000000ff2a0000)
 concurrent mark-sweep generation total 13696K, used 11445K [0x00000000ff2a0000, 0x0000000100000000, 0x0000000100000000)
 Metaspace       used 5078K, capacity 5258K, committed 5504K, reserved 1056768K
  class space    used 557K, capacity 597K, committed 640K, reserved 1048576K
}
{Heap before GC invocations=535 (full 60):
 par new generation   total 6144K, used 5235K [0x00000000fec00000, 0x00000000ff2a0000, 0x00000000ff2a0000)
  eden space 5504K,  95% used [0x00000000fec00000, 0x00000000ff11b778, 0x00000000ff160000)
  from space 640K,   0% used [0x00000000ff160000, 0x00000000ff161830, 0x00000000ff200000)
  to   space 640K,   0% used [0x00000000ff200000, 0x00000000ff200000, 0x00000000ff2a0000)
 concurrent mark-sweep generation total 13696K, used 11445K [0x00000000ff2a0000, 0x0000000100000000, 0x0000000100000000)
 Metaspace       used 5078K, capacity 5258K, committed 5504K, reserved 1056768K
  class space    used 557K, capacity 597K, committed 640K, reserved 1048576K
2024-07-16T17:10:17.544+0800: 4.213: [GC (Allocation Failure) 2024-07-16T17:10:17.544+0800: 4.213: [ParNew: 5235K->2K(6144K), 0.0011961 secs] 16681K->11447K(19840K), 0.0013098 secs] [Times: user=0.00 sys=0.00, real=0.00 secs] 
Heap after GC invocations=536 (full 60):
 par new generation   total 6144K, used 2K [0x00000000fec00000, 0x00000000ff2a0000, 0x00000000ff2a0000)
  eden space 5504K,   0% used [0x00000000fec00000, 0x00000000fec00000, 0x00000000ff160000)
  from space 640K,   0% used [0x00000000ff200000, 0x00000000ff200810, 0x00000000ff2a0000)
  to   space 640K,   0% used [0x00000000ff160000, 0x00000000ff160000, 0x00000000ff200000)
 concurrent mark-sweep generation total 13696K, used 11445K [0x00000000ff2a0000, 0x0000000100000000, 0x0000000100000000)
 Metaspace       used 5078K, capacity 5258K, committed 5504K, reserved 1056768K
  class space    used 557K, capacity 597K, committed 640K, reserved 1048576K
}
{Heap before GC invocations=536 (full 60):
 par new generation   total 6144K, used 5231K [0x00000000fec00000, 0x00000000ff2a0000, 0x00000000ff2a0000)
  eden space 5504K,  95% used [0x00000000fec00000, 0x00000000ff11b778, 0x00000000ff160000)
  from space 640K,   0% used [0x00000000ff200000, 0x00000000ff200810, 0x00000000ff2a0000)
  to   space 640K,   0% used [0x00000000ff160000, 0x00000000ff160000, 0x00000000ff200000)
 concurrent mark-sweep generation total 13696K, used 11445K [0x00000000ff2a0000, 0x0000000100000000, 0x0000000100000000)
 Metaspace       used 5078K, capacity 5258K, committed 5504K, reserved 1056768K
  class space    used 557K, capacity 597K, committed 640K, reserved 1048576K
2024-07-16T17:10:17.552+0800: 4.221: [GC (Allocation Failure) 2024-07-16T17:10:17.552+0800: 4.221: [ParNew: 5231K->4K(6144K), 0.0012495 secs] 16677K->11449K(19840K), 0.0014467 secs] [Times: user=0.00 sys=0.00, real=0.00 secs] 
Heap after GC invocations=537 (full 60):
 par new generation   total 6144K, used 4K [0x00000000fec00000, 0x00000000ff2a0000, 0x00000000ff2a0000)
  eden space 5504K,   0% used [0x00000000fec00000, 0x00000000fec00000, 0x00000000ff160000)
  from space 640K,   0% used [0x00000000ff160000, 0x00000000ff161020, 0x00000000ff200000)
  to   space 640K,   0% used [0x00000000ff200000, 0x00000000ff200000, 0x00000000ff2a0000)
 concurrent mark-sweep generation total 13696K, used 11445K [0x00000000ff2a0000, 0x0000000100000000, 0x0000000100000000)
 Metaspace       used 5078K, capacity 5258K, committed 5504K, reserved 1056768K
  class space    used 557K, capacity 597K, committed 640K, reserved 1048576K
}
{Heap before GC invocations=537 (full 60):
 par new generation   total 6144K, used 5233K [0x00000000fec00000, 0x00000000ff2a0000, 0x00000000ff2a0000)
  eden space 5504K,  95% used [0x00000000fec00000, 0x00000000ff11b778, 0x00000000ff160000)
  from space 640K,   0% used [0x00000000ff160000, 0x00000000ff161020, 0x00000000ff200000)
  to   space 640K,   0% used [0x00000000ff200000, 0x00000000ff200000, 0x00000000ff2a0000)
 concurrent mark-sweep generation total 13696K, used 11445K [0x00000000ff2a0000, 0x0000000100000000, 0x0000000100000000)
 Metaspace       used 5078K, capacity 5258K, committed 5504K, reserved 1056768K
  class space    used 557K, capacity 597K, committed 640K, reserved 1048576K
2024-07-16T17:10:17.560+0800: 4.229: [GC (Allocation Failure) 2024-07-16T17:10:17.560+0800: 4.229: [ParNew: 5233K->8K(6144K), 0.0013154 secs] 16679K->12478K(19840K), 0.0014160 secs] [Times: user=0.00 sys=0.00, real=0.00 secs] 
Heap after GC invocations=538 (full 60):
 par new generation   total 6144K, used 8K [0x00000000fec00000, 0x00000000ff2a0000, 0x00000000ff2a0000)
  eden space 5504K,   0% used [0x00000000fec00000, 0x00000000fec00000, 0x00000000ff160000)
  from space 640K,   1% used [0x00000000ff200000, 0x00000000ff202040, 0x00000000ff2a0000)
  to   space 640K,   0% used [0x00000000ff160000, 0x00000000ff160000, 0x00000000ff200000)
 concurrent mark-sweep generation total 13696K, used 12469K [0x00000000ff2a0000, 0x0000000100000000, 0x0000000100000000)
 Metaspace       used 5078K, capacity 5258K, committed 5504K, reserved 1056768K
  class space    used 557K, capacity 597K, committed 640K, reserved 1048576K
}
{Heap before GC invocations=538 (full 60):
 par new generation   total 6144K, used 5237K [0x00000000fec00000, 0x00000000ff2a0000, 0x00000000ff2a0000)
  eden space 5504K,  95% used [0x00000000fec00000, 0x00000000ff11b778, 0x00000000ff160000)
  from space 640K,   1% used [0x00000000ff200000, 0x00000000ff202040, 0x00000000ff2a0000)
  to   space 640K,   0% used [0x00000000ff160000, 0x00000000ff160000, 0x00000000ff200000)
 concurrent mark-sweep generation total 13696K, used 12469K [0x00000000ff2a0000, 0x0000000100000000, 0x0000000100000000)
 Metaspace       used 5078K, capacity 5258K, committed 5504K, reserved 1056768K
  class space    used 557K, capacity 597K, committed 640K, reserved 1048576K
2024-07-16T17:10:17.568+0800: 4.237: [GC (Allocation Failure) 2024-07-16T17:10:17.568+0800: 4.237: [ParNew: 5237K->5237K(6144K), 0.0000410 secs]2024-07-16T17:10:17.568+0800: 4.237: [CMS2024-07-16T17:10:17.568+0800: 4.238: [CMS-concurrent-abortable-preclean: 0.001/0.072 secs] [Times: user=0.02 sys=0.00, real=0.07 secs] 
 (concurrent mode failure): 12469K->1191K(13696K), 0.0083062 secs] 17707K->1191K(19840K), [Metaspace: 5078K->5078K(1056768K)], 0.0086259 secs] [Times: user=0.00 sys=0.00, real=0.01 secs] 
Heap after GC invocations=539 (full 61):
 par new generation   total 6144K, used 0K [0x00000000fec00000, 0x00000000ff2a0000, 0x00000000ff2a0000)
  eden space 5504K,   0% used [0x00000000fec00000, 0x00000000fec00000, 0x00000000ff160000)
  from space 640K,   0% used [0x00000000ff200000, 0x00000000ff200000, 0x00000000ff2a0000)
  to   space 640K,   0% used [0x00000000ff160000, 0x00000000ff160000, 0x00000000ff200000)
 concurrent mark-sweep generation total 13696K, used 1191K [0x00000000ff2a0000, 0x0000000100000000, 0x0000000100000000)
 Metaspace       used 5078K, capacity 5258K, committed 5504K, reserved 1056768K
  class space    used 557K, capacity 597K, committed 640K, reserved 1048576K
}
{Heap before GC invocations=539 (full 61):
 par new generation   total 6144K, used 5229K [0x00000000fec00000, 0x00000000ff2a0000, 0x00000000ff2a0000)
  eden space 5504K,  95% used [0x00000000fec00000, 0x00000000ff11b778, 0x00000000ff160000)
  from space 640K,   0% used [0x00000000ff200000, 0x00000000ff200000, 0x00000000ff2a0000)
  to   space 640K,   0% used [0x00000000ff160000, 0x00000000ff160000, 0x00000000ff200000)
 concurrent mark-sweep generation total 13696K, used 1191K [0x00000000ff2a0000, 0x0000000100000000, 0x0000000100000000)
 Metaspace       used 5078K, capacity 5258K, committed 5504K, reserved 1056768K
  class space    used 557K, capacity 597K, committed 640K, reserved 1048576K
2024-07-16T17:10:17.586+0800: 4.255: [GC (Allocation Failure) 2024-07-16T17:10:17.586+0800: 4.255: [ParNew: 5229K->2K(6144K), 0.0006111 secs] 6421K->1193K(19840K), 0.0006828 secs] [Times: user=0.00 sys=0.00, real=0.00 secs] 
Heap after GC invocations=540 (full 61):
 par new generation   total 6144K, used 2K [0x00000000fec00000, 0x00000000ff2a0000, 0x00000000ff2a0000)
  eden space 5504K,   0% used [0x00000000fec00000, 0x00000000fec00000, 0x00000000ff160000)
  from space 640K,   0% used [0x00000000ff160000, 0x00000000ff160810, 0x00000000ff200000)
  to   space 640K,   0% used [0x00000000ff200000, 0x00000000ff200000, 0x00000000ff2a0000)
 concurrent mark-sweep generation total 13696K, used 1191K [0x00000000ff2a0000, 0x0000000100000000, 0x0000000100000000)
 Metaspace       used 5078K, capacity 5258K, committed 5504K, reserved 1056768K
  class space    used 557K, capacity 597K, committed 640K, reserved 1048576K
}
{Heap before GC invocations=540 (full 61):
 par new generation   total 6144K, used 5231K [0x00000000fec00000, 0x00000000ff2a0000, 0x00000000ff2a0000)
  eden space 5504K,  95% used [0x00000000fec00000, 0x00000000ff11b778, 0x00000000ff160000)
  from space 640K,   0% used [0x00000000ff160000, 0x00000000ff160810, 0x00000000ff200000)
  to   space 640K,   0% used [0x00000000ff200000, 0x00000000ff200000, 0x00000000ff2a0000)
 concurrent mark-sweep generation total 13696K, used 1191K [0x00000000ff2a0000, 0x0000000100000000, 0x0000000100000000)
 Metaspace       used 5078K, capacity 5258K, committed 5504K, reserved 1056768K
  class space    used 557K, capacity 597K, committed 640K, reserved 1048576K
2024-07-16T17:10:17.594+0800: 4.263: [GC (Allocation Failure) 2024-07-16T17:10:17.594+0800: 4.263: [ParNew: 5231K->2K(6144K), 0.0013365 secs] 6423K->1193K(19840K), 0.0014842 secs] [Times: user=0.00 sys=0.00, real=0.00 secs] 
Heap after GC invocations=541 (full 61):
 par new generation   total 6144K, used 2K [0x00000000fec00000, 0x00000000ff2a0000, 0x00000000ff2a0000)
  eden space 5504K,   0% used [0x00000000fec00000, 0x00000000fec00000, 0x00000000ff160000)
  from space 640K,   0% used [0x00000000ff200000, 0x00000000ff200810, 0x00000000ff2a0000)
  to   space 640K,   0% used [0x00000000ff160000, 0x00000000ff160000, 0x00000000ff200000)
 concurrent mark-sweep generation total 13696K, used 1191K [0x00000000ff2a0000, 0x0000000100000000, 0x0000000100000000)
 Metaspace       used 5078K, capacity 5258K, committed 5504K, reserved 1056768K
  class space    used 557K, capacity 597K, committed 640K, reserved 1048576K
}
{Heap before GC invocations=541 (full 61):
 par new generation   total 6144K, used 5231K [0x00000000fec00000, 0x00000000ff2a0000, 0x00000000ff2a0000)
  eden space 5504K,  95% used [0x00000000fec00000, 0x00000000ff11b778, 0x00000000ff160000)
  from space 640K,   0% used [0x00000000ff200000, 0x00000000ff200810, 0x00000000ff2a0000)
  to   space 640K,   0% used [0x00000000ff160000, 0x00000000ff160000, 0x00000000ff200000)
 concurrent mark-sweep generation total 13696K, used 1191K [0x00000000ff2a0000, 0x0000000100000000, 0x0000000100000000)
 Metaspace       used 5078K, capacity 5258K, committed 5504K, reserved 1056768K
  class space    used 557K, capacity 597K, committed 640K, reserved 1048576K
2024-07-16T17:10:17.603+0800: 4.272: [GC (Allocation Failure) 2024-07-16T17:10:17.603+0800: 4.273: [ParNew: 5231K->10K(6144K), 0.0015928 secs] 6423K->2227K(19840K), 0.0019201 secs] [Times: user=0.00 sys=0.00, real=0.00 secs] 
Heap after GC invocations=542 (full 61):
 par new generation   total 6144K, used 10K [0x00000000fec00000, 0x00000000ff2a0000, 0x00000000ff2a0000)
  eden space 5504K,   0% used [0x00000000fec00000, 0x00000000fec00000, 0x00000000ff160000)
  from space 640K,   1% used [0x00000000ff160000, 0x00000000ff162850, 0x00000000ff200000)
  to   space 640K,   0% used [0x00000000ff200000, 0x00000000ff200000, 0x00000000ff2a0000)
 concurrent mark-sweep generation total 13696K, used 2217K [0x00000000ff2a0000, 0x0000000100000000, 0x0000000100000000)
 Metaspace       used 5078K, capacity 5258K, committed 5504K, reserved 1056768K
  class space    used 557K, capacity 597K, committed 640K, reserved 1048576K
}
{Heap before GC invocations=542 (full 61):
 par new generation   total 6144K, used 5239K [0x00000000fec00000, 0x00000000ff2a0000, 0x00000000ff2a0000)
  eden space 5504K,  95% used [0x00000000fec00000, 0x00000000ff11b778, 0x00000000ff160000)
  from space 640K,   1% used [0x00000000ff160000, 0x00000000ff162850, 0x00000000ff200000)
  to   space 640K,   0% used [0x00000000ff200000, 0x00000000ff200000, 0x00000000ff2a0000)
 concurrent mark-sweep generation total 13696K, used 2217K [0x00000000ff2a0000, 0x0000000100000000, 0x0000000100000000)
 Metaspace       used 5078K, capacity 5258K, committed 5504K, reserved 1056768K
  class space    used 557K, capacity 597K, committed 640K, reserved 1048576K
2024-07-16T17:10:17.613+0800: 4.282: [GC (Allocation Failure) 2024-07-16T17:10:17.613+0800: 4.282: [ParNew: 5239K->4K(6144K), 0.0004558 secs] 7457K->2221K(19840K), 0.0005304 secs] [Times: user=0.00 sys=0.00, real=0.00 secs] 
Heap after GC invocations=543 (full 61):
 par new generation   total 6144K, used 4K [0x00000000fec00000, 0x00000000ff2a0000, 0x00000000ff2a0000)
  eden space 5504K,   0% used [0x00000000fec00000, 0x00000000fec00000, 0x00000000ff160000)
  from space 640K,   0% used [0x00000000ff200000, 0x00000000ff201020, 0x00000000ff2a0000)
  to   space 640K,   0% used [0x00000000ff160000, 0x00000000ff160000, 0x00000000ff200000)
 concurrent mark-sweep generation total 13696K, used 2217K [0x00000000ff2a0000, 0x0000000100000000, 0x0000000100000000)
 Metaspace       used 5078K, capacity 5258K, committed 5504K, reserved 1056768K
  class space    used 557K, capacity 597K, committed 640K, reserved 1048576K
}
{Heap before GC invocations=543 (full 61):
 par new generation   total 6144K, used 5233K [0x00000000fec00000, 0x00000000ff2a0000, 0x00000000ff2a0000)
  eden space 5504K,  95% used [0x00000000fec00000, 0x00000000ff11b780, 0x00000000ff160000)
  from space 640K,   0% used [0x00000000ff200000, 0x00000000ff201020, 0x00000000ff2a0000)
  to   space 640K,   0% used [0x00000000ff160000, 0x00000000ff160000, 0x00000000ff200000)
 concurrent mark-sweep generation total 13696K, used 2217K [0x00000000ff2a0000, 0x0000000100000000, 0x0000000100000000)
 Metaspace       used 5078K, capacity 5258K, committed 5504K, reserved 1056768K
  class space    used 557K, capacity 597K, committed 640K, reserved 1048576K
2024-07-16T17:10:17.619+0800: 4.288: [GC (Allocation Failure) 2024-07-16T17:10:17.619+0800: 4.288: [ParNew: 5233K->8K(6144K), 0.0010012 secs] 7451K->3249K(19840K), 0.0011404 secs] [Times: user=0.00 sys=0.00, real=0.00 secs] 
Heap after GC invocations=544 (full 61):
 par new generation   total 6144K, used 8K [0x00000000fec00000, 0x00000000ff2a0000, 0x00000000ff2a0000)
  eden space 5504K,   0% used [0x00000000fec00000, 0x00000000fec00000, 0x00000000ff160000)
  from space 640K,   1% used [0x00000000ff160000, 0x00000000ff162040, 0x00000000ff200000)
  to   space 640K,   0% used [0x00000000ff200000, 0x00000000ff200000, 0x00000000ff2a0000)
 concurrent mark-sweep generation total 13696K, used 3241K [0x00000000ff2a0000, 0x0000000100000000, 0x0000000100000000)
 Metaspace       used 5078K, capacity 5258K, committed 5504K, reserved 1056768K
  class space    used 557K, capacity 597K, committed 640K, reserved 1048576K
}
{Heap before GC invocations=544 (full 61):
 par new generation   total 6144K, used 5237K [0x00000000fec00000, 0x00000000ff2a0000, 0x00000000ff2a0000)
  eden space 5504K,  95% used [0x00000000fec00000, 0x00000000ff11b780, 0x00000000ff160000)
  from space 640K,   1% used [0x00000000ff160000, 0x00000000ff162040, 0x00000000ff200000)
  to   space 640K,   0% used [0x00000000ff200000, 0x00000000ff200000, 0x00000000ff2a0000)
 concurrent mark-sweep generation total 13696K, used 3241K [0x00000000ff2a0000, 0x0000000100000000, 0x0000000100000000)
 Metaspace       used 5078K, capacity 5258K, committed 5504K, reserved 1056768K
  class space    used 557K, capacity 597K, committed 640K, reserved 1048576K
2024-07-16T17:10:17.627+0800: 4.296: [GC (Allocation Failure) 2024-07-16T17:10:17.627+0800: 4.296: [ParNew: 5237K->8K(6144K), 0.0004789 secs] 8479K->4275K(19840K), 0.0005365 secs] [Times: user=0.00 sys=0.00, real=0.00 secs] 
Heap after GC invocations=545 (full 61):
 par new generation   total 6144K, used 8K [0x00000000fec00000, 0x00000000ff2a0000, 0x00000000ff2a0000)
  eden space 5504K,   0% used [0x00000000fec00000, 0x00000000fec00000, 0x00000000ff160000)
  from space 640K,   1% used [0x00000000ff200000, 0x00000000ff202040, 0x00000000ff2a0000)
  to   space 640K,   0% used [0x00000000ff160000, 0x00000000ff160000, 0x00000000ff200000)
 concurrent mark-sweep generation total 13696K, used 4267K [0x00000000ff2a0000, 0x0000000100000000, 0x0000000100000000)
 Metaspace       used 5078K, capacity 5258K, committed 5504K, reserved 1056768K
  class space    used 557K, capacity 597K, committed 640K, reserved 1048576K
}
{Heap before GC invocations=545 (full 61):
 par new generation   total 6144K, used 5237K [0x00000000fec00000, 0x00000000ff2a0000, 0x00000000ff2a0000)
  eden space 5504K,  95% used [0x00000000fec00000, 0x00000000ff11b780, 0x00000000ff160000)
  from space 640K,   1% used [0x00000000ff200000, 0x00000000ff202040, 0x00000000ff2a0000)
  to   space 640K,   0% used [0x00000000ff160000, 0x00000000ff160000, 0x00000000ff200000)
 concurrent mark-sweep generation total 13696K, used 4267K [0x00000000ff2a0000, 0x0000000100000000, 0x0000000100000000)
 Metaspace       used 5078K, capacity 5258K, committed 5504K, reserved 1056768K
  class space    used 557K, capacity 597K, committed 640K, reserved 1048576K
2024-07-16T17:10:17.634+0800: 4.303: [GC (Allocation Failure) 2024-07-16T17:10:17.634+0800: 4.303: [ParNew: 5237K->8K(6144K), 0.0003750 secs] 9505K->5301K(19840K), 0.0004112 secs] [Times: user=0.00 sys=0.00, real=0.00 secs] 
Heap after GC invocations=546 (full 61):
 par new generation   total 6144K, used 8K [0x00000000fec00000, 0x00000000ff2a0000, 0x00000000ff2a0000)
  eden space 5504K,   0% used [0x00000000fec00000, 0x00000000fec00000, 0x00000000ff160000)
  from space 640K,   1% used [0x00000000ff160000, 0x00000000ff162040, 0x00000000ff200000)
  to   space 640K,   0% used [0x00000000ff200000, 0x00000000ff200000, 0x00000000ff2a0000)
 concurrent mark-sweep generation total 13696K, used 5293K [0x00000000ff2a0000, 0x0000000100000000, 0x0000000100000000)
 Metaspace       used 5078K, capacity 5258K, committed 5504K, reserved 1056768K
  class space    used 557K, capacity 597K, committed 640K, reserved 1048576K
}
{Heap before GC invocations=546 (full 61):
 par new generation   total 6144K, used 5237K [0x00000000fec00000, 0x00000000ff2a0000, 0x00000000ff2a0000)
  eden space 5504K,  95% used [0x00000000fec00000, 0x00000000ff11b780, 0x00000000ff160000)
  from space 640K,   1% used [0x00000000ff160000, 0x00000000ff162040, 0x00000000ff200000)
  to   space 640K,   0% used [0x00000000ff200000, 0x00000000ff200000, 0x00000000ff2a0000)
 concurrent mark-sweep generation total 13696K, used 5293K [0x00000000ff2a0000, 0x0000000100000000, 0x0000000100000000)
 Metaspace       used 5078K, capacity 5258K, committed 5504K, reserved 1056768K
  class space    used 557K, capacity 597K, committed 640K, reserved 1048576K
2024-07-16T17:10:17.641+0800: 4.310: [GC (Allocation Failure) 2024-07-16T17:10:17.641+0800: 4.310: [ParNew: 5237K->6K(6144K), 0.0004695 secs] 10531K->6325K(19840K), 0.0005558 secs] [Times: user=0.00 sys=0.00, real=0.00 secs] 
Heap after GC invocations=547 (full 61):
 par new generation   total 6144K, used 6K [0x00000000fec00000, 0x00000000ff2a0000, 0x00000000ff2a0000)
  eden space 5504K,   0% used [0x00000000fec00000, 0x00000000fec00000, 0x00000000ff160000)
  from space 640K,   0% used [0x00000000ff200000, 0x00000000ff201830, 0x00000000ff2a0000)
  to   space 640K,   0% used [0x00000000ff160000, 0x00000000ff160000, 0x00000000ff200000)
 concurrent mark-sweep generation total 13696K, used 6319K [0x00000000ff2a0000, 0x0000000100000000, 0x0000000100000000)
 Metaspace       used 5078K, capacity 5258K, committed 5504K, reserved 1056768K
  class space    used 557K, capacity 597K, committed 640K, reserved 1048576K
}
2024-07-16T17:10:17.641+0800: 4.311: [GC (CMS Initial Mark) [1 CMS-initial-mark: 6319K(13696K)] 7349K(19840K), 0.0002222 secs] [Times: user=0.01 sys=0.01, real=0.00 secs] 
2024-07-16T17:10:17.642+0800: 4.311: [CMS-concurrent-mark-start]
2024-07-16T17:10:17.646+0800: 4.315: [CMS-concurrent-mark: 0.004/0.004 secs] [Times: user=0.00 sys=0.00, real=0.00 secs] 
2024-07-16T17:10:17.646+0800: 4.315: [CMS-concurrent-preclean-start]
2024-07-16T17:10:17.646+0800: 4.316: [CMS-concurrent-preclean: 0.000/0.000 secs] [Times: user=0.00 sys=0.00, real=0.00 secs] 
2024-07-16T17:10:17.646+0800: 4.316: [CMS-concurrent-abortable-preclean-start]
{Heap before GC invocations=547 (full 62):
 par new generation   total 6144K, used 5235K [0x00000000fec00000, 0x00000000ff2a0000, 0x00000000ff2a0000)
  eden space 5504K,  95% used [0x00000000fec00000, 0x00000000ff11b780, 0x00000000ff160000)
  from space 640K,   0% used [0x00000000ff200000, 0x00000000ff201830, 0x00000000ff2a0000)
  to   space 640K,   0% used [0x00000000ff160000, 0x00000000ff160000, 0x00000000ff200000)
 concurrent mark-sweep generation total 13696K, used 6319K [0x00000000ff2a0000, 0x0000000100000000, 0x0000000100000000)
 Metaspace       used 5078K, capacity 5258K, committed 5504K, reserved 1056768K
  class space    used 557K, capacity 597K, committed 640K, reserved 1048576K
2024-07-16T17:10:17.649+0800: 4.318: [GC (Allocation Failure) 2024-07-16T17:10:17.649+0800: 4.318: [ParNew: 5235K->4K(6144K), 0.0006667 secs] 11555K->7347K(19840K), 0.0007126 secs] [Times: user=0.00 sys=0.00, real=0.00 secs] 
Heap after GC invocations=548 (full 62):
 par new generation   total 6144K, used 4K [0x00000000fec00000, 0x00000000ff2a0000, 0x00000000ff2a0000)
  eden space 5504K,   0% used [0x00000000fec00000, 0x00000000fec00000, 0x00000000ff160000)
  from space 640K,   0% used [0x00000000ff160000, 0x00000000ff161020, 0x00000000ff200000)
  to   space 640K,   0% used [0x00000000ff200000, 0x00000000ff200000, 0x00000000ff2a0000)
 concurrent mark-sweep generation total 13696K, used 7343K [0x00000000ff2a0000, 0x0000000100000000, 0x0000000100000000)
 Metaspace       used 5078K, capacity 5258K, committed 5504K, reserved 1056768K
  class space    used 557K, capacity 597K, committed 640K, reserved 1048576K
}
{Heap before GC invocations=548 (full 62):
 par new generation   total 6144K, used 5233K [0x00000000fec00000, 0x00000000ff2a0000, 0x00000000ff2a0000)
  eden space 5504K,  95% used [0x00000000fec00000, 0x00000000ff11b780, 0x00000000ff160000)
  from space 640K,   0% used [0x00000000ff160000, 0x00000000ff161020, 0x00000000ff200000)
  to   space 640K,   0% used [0x00000000ff200000, 0x00000000ff200000, 0x00000000ff2a0000)
 concurrent mark-sweep generation total 13696K, used 7343K [0x00000000ff2a0000, 0x0000000100000000, 0x0000000100000000)
 Metaspace       used 5078K, capacity 5258K, committed 5504K, reserved 1056768K
  class space    used 557K, capacity 597K, committed 640K, reserved 1048576K
2024-07-16T17:10:17.657+0800: 4.326: [GC (Allocation Failure) 2024-07-16T17:10:17.657+0800: 4.326: [ParNew: 5233K->8K(6144K), 0.0005102 secs] 12577K->8377K(19840K), 0.0006072 secs] [Times: user=0.00 sys=0.00, real=0.00 secs] 
Heap after GC invocations=549 (full 62):
 par new generation   total 6144K, used 8K [0x00000000fec00000, 0x00000000ff2a0000, 0x00000000ff2a0000)
  eden space 5504K,   0% used [0x00000000fec00000, 0x00000000fec00000, 0x00000000ff160000)
  from space 640K,   1% used [0x00000000ff200000, 0x00000000ff202040, 0x00000000ff2a0000)
  to   space 640K,   0% used [0x00000000ff160000, 0x00000000ff160000, 0x00000000ff200000)
 concurrent mark-sweep generation total 13696K, used 8369K [0x00000000ff2a0000, 0x0000000100000000, 0x0000000100000000)
 Metaspace       used 5078K, capacity 5258K, committed 5504K, reserved 1056768K
  class space    used 557K, capacity 597K, committed 640K, reserved 1048576K
}
{Heap before GC invocations=549 (full 62):
 par new generation   total 6144K, used 5237K [0x00000000fec00000, 0x00000000ff2a0000, 0x00000000ff2a0000)
  eden space 5504K,  95% used [0x00000000fec00000, 0x00000000ff11b780, 0x00000000ff160000)
  from space 640K,   1% used [0x00000000ff200000, 0x00000000ff202040, 0x00000000ff2a0000)
  to   space 640K,   0% used [0x00000000ff160000, 0x00000000ff160000, 0x00000000ff200000)
 concurrent mark-sweep generation total 13696K, used 8369K [0x00000000ff2a0000, 0x0000000100000000, 0x0000000100000000)
 Metaspace       used 5078K, capacity 5258K, committed 5504K, reserved 1056768K
  class space    used 557K, capacity 597K, committed 640K, reserved 1048576K
2024-07-16T17:10:17.664+0800: 4.333: [GC (Allocation Failure) 2024-07-16T17:10:17.664+0800: 4.333: [ParNew: 5237K->4K(6144K), 0.0003447 secs] 13607K->8373K(19840K), 0.0003734 secs] [Times: user=0.00 sys=0.00, real=0.00 secs] 
Heap after GC invocations=550 (full 62):
 par new generation   total 6144K, used 4K [0x00000000fec00000, 0x00000000ff2a0000, 0x00000000ff2a0000)
  eden space 5504K,   0% used [0x00000000fec00000, 0x00000000fec00000, 0x00000000ff160000)
  from space 640K,   0% used [0x00000000ff160000, 0x00000000ff161020, 0x00000000ff200000)
  to   space 640K,   0% used [0x00000000ff200000, 0x00000000ff200000, 0x00000000ff2a0000)
 concurrent mark-sweep generation total 13696K, used 8369K [0x00000000ff2a0000, 0x0000000100000000, 0x0000000100000000)
 Metaspace       used 5078K, capacity 5258K, committed 5504K, reserved 1056768K
  class space    used 557K, capacity 597K, committed 640K, reserved 1048576K
}
{Heap before GC invocations=550 (full 62):
 par new generation   total 6144K, used 5233K [0x00000000fec00000, 0x00000000ff2a0000, 0x00000000ff2a0000)
  eden space 5504K,  95% used [0x00000000fec00000, 0x00000000ff11b780, 0x00000000ff160000)
  from space 640K,   0% used [0x00000000ff160000, 0x00000000ff161020, 0x00000000ff200000)
  to   space 640K,   0% used [0x00000000ff200000, 0x00000000ff200000, 0x00000000ff2a0000)
 concurrent mark-sweep generation total 13696K, used 8369K [0x00000000ff2a0000, 0x0000000100000000, 0x0000000100000000)
 Metaspace       used 5078K, capacity 5258K, committed 5504K, reserved 1056768K
  class space    used 557K, capacity 597K, committed 640K, reserved 1048576K
2024-07-16T17:10:17.670+0800: 4.339: [GC (Allocation Failure) 2024-07-16T17:10:17.670+0800: 4.339: [ParNew: 5233K->4K(6144K), 0.0008379 secs] 13603K->9397K(19840K), 0.0009319 secs] [Times: user=0.00 sys=0.00, real=0.00 secs] 
Heap after GC invocations=551 (full 62):
 par new generation   total 6144K, used 4K [0x00000000fec00000, 0x00000000ff2a0000, 0x00000000ff2a0000)
  eden space 5504K,   0% used [0x00000000fec00000, 0x00000000fec00000, 0x00000000ff160000)
  from space 640K,   0% used [0x00000000ff200000, 0x00000000ff201020, 0x00000000ff2a0000)
  to   space 640K,   0% used [0x00000000ff160000, 0x00000000ff160000, 0x00000000ff200000)
 concurrent mark-sweep generation total 13696K, used 9393K [0x00000000ff2a0000, 0x0000000100000000, 0x0000000100000000)
 Metaspace       used 5078K, capacity 5258K, committed 5504K, reserved 1056768K
  class space    used 557K, capacity 597K, committed 640K, reserved 1048576K
}
{Heap before GC invocations=551 (full 62):
 par new generation   total 6144K, used 5233K [0x00000000fec00000, 0x00000000ff2a0000, 0x00000000ff2a0000)
  eden space 5504K,  95% used [0x00000000fec00000, 0x00000000ff11b780, 0x00000000ff160000)
  from space 640K,   0% used [0x00000000ff200000, 0x00000000ff201020, 0x00000000ff2a0000)
  to   space 640K,   0% used [0x00000000ff160000, 0x00000000ff160000, 0x00000000ff200000)
 concurrent mark-sweep generation total 13696K, used 9393K [0x00000000ff2a0000, 0x0000000100000000, 0x0000000100000000)
 Metaspace       used 5078K, capacity 5258K, committed 5504K, reserved 1056768K
  class space    used 557K, capacity 597K, committed 640K, reserved 1048576K
2024-07-16T17:10:17.679+0800: 4.348: [GC (Allocation Failure) 2024-07-16T17:10:17.679+0800: 4.348: [ParNew: 5233K->4K(6144K), 0.0004065 secs] 14627K->9397K(19840K), 0.0005006 secs] [Times: user=0.00 sys=0.00, real=0.00 secs] 
Heap after GC invocations=552 (full 62):
 par new generation   total 6144K, used 4K [0x00000000fec00000, 0x00000000ff2a0000, 0x00000000ff2a0000)
  eden space 5504K,   0% used [0x00000000fec00000, 0x00000000fec00000, 0x00000000ff160000)
  from space 640K,   0% used [0x00000000ff160000, 0x00000000ff161020, 0x00000000ff200000)
  to   space 640K,   0% used [0x00000000ff200000, 0x00000000ff200000, 0x00000000ff2a0000)
 concurrent mark-sweep generation total 13696K, used 9393K [0x00000000ff2a0000, 0x0000000100000000, 0x0000000100000000)
 Metaspace       used 5078K, capacity 5258K, committed 5504K, reserved 1056768K
  class space    used 557K, capacity 597K, committed 640K, reserved 1048576K
}
{Heap before GC invocations=552 (full 62):
 par new generation   total 6144K, used 5233K [0x00000000fec00000, 0x00000000ff2a0000, 0x00000000ff2a0000)
  eden space 5504K,  95% used [0x00000000fec00000, 0x00000000ff11b780, 0x00000000ff160000)
  from space 640K,   0% used [0x00000000ff160000, 0x00000000ff161020, 0x00000000ff200000)
  to   space 640K,   0% used [0x00000000ff200000, 0x00000000ff200000, 0x00000000ff2a0000)
 concurrent mark-sweep generation total 13696K, used 9393K [0x00000000ff2a0000, 0x0000000100000000, 0x0000000100000000)
 Metaspace       used 5078K, capacity 5258K, committed 5504K, reserved 1056768K
  class space    used 557K, capacity 597K, committed 640K, reserved 1048576K
2024-07-16T17:10:17.688+0800: 4.357: [GC (Allocation Failure) 2024-07-16T17:10:17.688+0800: 4.357: [ParNew: 5233K->4K(6144K), 0.0002917 secs] 14627K->9397K(19840K), 0.0003292 secs] [Times: user=0.00 sys=0.00, real=0.00 secs] 
Heap after GC invocations=553 (full 62):
 par new generation   total 6144K, used 4K [0x00000000fec00000, 0x00000000ff2a0000, 0x00000000ff2a0000)
  eden space 5504K,   0% used [0x00000000fec00000, 0x00000000fec00000, 0x00000000ff160000)
  from space 640K,   0% used [0x00000000ff200000, 0x00000000ff201020, 0x00000000ff2a0000)
  to   space 640K,   0% used [0x00000000ff160000, 0x00000000ff160000, 0x00000000ff200000)
 concurrent mark-sweep generation total 13696K, used 9393K [0x00000000ff2a0000, 0x0000000100000000, 0x0000000100000000)
 Metaspace       used 5078K, capacity 5258K, committed 5504K, reserved 1056768K
  class space    used 557K, capacity 597K, committed 640K, reserved 1048576K
}
{Heap before GC invocations=553 (full 62):
 par new generation   total 6144K, used 5233K [0x00000000fec00000, 0x00000000ff2a0000, 0x00000000ff2a0000)
  eden space 5504K,  95% used [0x00000000fec00000, 0x00000000ff11b780, 0x00000000ff160000)
  from space 640K,   0% used [0x00000000ff200000, 0x00000000ff201020, 0x00000000ff2a0000)
  to   space 640K,   0% used [0x00000000ff160000, 0x00000000ff160000, 0x00000000ff200000)
 concurrent mark-sweep generation total 13696K, used 9393K [0x00000000ff2a0000, 0x0000000100000000, 0x0000000100000000)
 Metaspace       used 5078K, capacity 5258K, committed 5504K, reserved 1056768K
  class space    used 557K, capacity 597K, committed 640K, reserved 1048576K
2024-07-16T17:10:17.694+0800: 4.363: [GC (Allocation Failure) 2024-07-16T17:10:17.694+0800: 4.363: [ParNew: 5233K->8K(6144K), 0.0003886 secs] 14627K->10427K(19840K), 0.0004541 secs] [Times: user=0.00 sys=0.00, real=0.00 secs] 
Heap after GC invocations=554 (full 62):
 par new generation   total 6144K, used 8K [0x00000000fec00000, 0x00000000ff2a0000, 0x00000000ff2a0000)
  eden space 5504K,   0% used [0x00000000fec00000, 0x00000000fec00000, 0x00000000ff160000)
  from space 640K,   1% used [0x00000000ff160000, 0x00000000ff162040, 0x00000000ff200000)
  to   space 640K,   0% used [0x00000000ff200000, 0x00000000ff200000, 0x00000000ff2a0000)
 concurrent mark-sweep generation total 13696K, used 10419K [0x00000000ff2a0000, 0x0000000100000000, 0x0000000100000000)
 Metaspace       used 5078K, capacity 5258K, committed 5504K, reserved 1056768K
  class space    used 557K, capacity 597K, committed 640K, reserved 1048576K
}
{Heap before GC invocations=554 (full 62):
 par new generation   total 6144K, used 5237K [0x00000000fec00000, 0x00000000ff2a0000, 0x00000000ff2a0000)
  eden space 5504K,  95% used [0x00000000fec00000, 0x00000000ff11b780, 0x00000000ff160000)
  from space 640K,   1% used [0x00000000ff160000, 0x00000000ff162040, 0x00000000ff200000)
  to   space 640K,   0% used [0x00000000ff200000, 0x00000000ff200000, 0x00000000ff2a0000)
 concurrent mark-sweep generation total 13696K, used 10419K [0x00000000ff2a0000, 0x0000000100000000, 0x0000000100000000)
 Metaspace       used 5078K, capacity 5258K, committed 5504K, reserved 1056768K
  class space    used 557K, capacity 597K, committed 640K, reserved 1048576K
2024-07-16T17:10:17.701+0800: 4.370: [GC (Allocation Failure) 2024-07-16T17:10:17.701+0800: 4.370: [ParNew: 5237K->4K(6144K), 0.0002728 secs] 15657K->10423K(19840K), 0.0003273 secs] [Times: user=0.00 sys=0.00, real=0.00 secs] 
Heap after GC invocations=555 (full 62):
 par new generation   total 6144K, used 4K [0x00000000fec00000, 0x00000000ff2a0000, 0x00000000ff2a0000)
  eden space 5504K,   0% used [0x00000000fec00000, 0x00000000fec00000, 0x00000000ff160000)
  from space 640K,   0% used [0x00000000ff200000, 0x00000000ff201020, 0x00000000ff2a0000)
  to   space 640K,   0% used [0x00000000ff160000, 0x00000000ff160000, 0x00000000ff200000)
 concurrent mark-sweep generation total 13696K, used 10419K [0x00000000ff2a0000, 0x0000000100000000, 0x0000000100000000)
 Metaspace       used 5078K, capacity 5258K, committed 5504K, reserved 1056768K
  class space    used 557K, capacity 597K, committed 640K, reserved 1048576K
}
{Heap before GC invocations=555 (full 62):
 par new generation   total 6144K, used 5233K [0x00000000fec00000, 0x00000000ff2a0000, 0x00000000ff2a0000)
  eden space 5504K,  95% used [0x00000000fec00000, 0x00000000ff11b780, 0x00000000ff160000)
  from space 640K,   0% used [0x00000000ff200000, 0x00000000ff201020, 0x00000000ff2a0000)
  to   space 640K,   0% used [0x00000000ff160000, 0x00000000ff160000, 0x00000000ff200000)
 concurrent mark-sweep generation total 13696K, used 10419K [0x00000000ff2a0000, 0x0000000100000000, 0x0000000100000000)
 Metaspace       used 5078K, capacity 5258K, committed 5504K, reserved 1056768K
  class space    used 557K, capacity 597K, committed 640K, reserved 1048576K
2024-07-16T17:10:17.709+0800: 4.378: [GC (Allocation Failure) 2024-07-16T17:10:17.709+0800: 4.378: [ParNew: 5233K->8K(6144K), 0.0004696 secs] 15653K->11451K(19840K), 0.0005613 secs] [Times: user=0.00 sys=0.00, real=0.00 secs] 
Heap after GC invocations=556 (full 62):
 par new generation   total 6144K, used 8K [0x00000000fec00000, 0x00000000ff2a0000, 0x00000000ff2a0000)
  eden space 5504K,   0% used [0x00000000fec00000, 0x00000000fec00000, 0x00000000ff160000)
  from space 640K,   1% used [0x00000000ff160000, 0x00000000ff162040, 0x00000000ff200000)
  to   space 640K,   0% used [0x00000000ff200000, 0x00000000ff200000, 0x00000000ff2a0000)
 concurrent mark-sweep generation total 13696K, used 11443K [0x00000000ff2a0000, 0x0000000100000000, 0x0000000100000000)
 Metaspace       used 5078K, capacity 5258K, committed 5504K, reserved 1056768K
  class space    used 557K, capacity 597K, committed 640K, reserved 1048576K
}
{Heap before GC invocations=556 (full 62):
 par new generation   total 6144K, used 5237K [0x00000000fec00000, 0x00000000ff2a0000, 0x00000000ff2a0000)
  eden space 5504K,  95% used [0x00000000fec00000, 0x00000000ff11b780, 0x00000000ff160000)
  from space 640K,   1% used [0x00000000ff160000, 0x00000000ff162040, 0x00000000ff200000)
  to   space 640K,   0% used [0x00000000ff200000, 0x00000000ff200000, 0x00000000ff2a0000)
 concurrent mark-sweep generation total 13696K, used 11443K [0x00000000ff2a0000, 0x0000000100000000, 0x0000000100000000)
 Metaspace       used 5078K, capacity 5258K, committed 5504K, reserved 1056768K
  class space    used 557K, capacity 597K, committed 640K, reserved 1048576K
2024-07-16T17:10:17.716+0800: 4.385: [GC (Allocation Failure) 2024-07-16T17:10:17.716+0800: 4.385: [ParNew: 5237K->4K(6144K), 0.0004270 secs] 16681K->11447K(19840K), 0.0004688 secs] [Times: user=0.00 sys=0.00, real=0.00 secs] 
Heap after GC invocations=557 (full 62):
 par new generation   total 6144K, used 4K [0x00000000fec00000, 0x00000000ff2a0000, 0x00000000ff2a0000)
  eden space 5504K,   0% used [0x00000000fec00000, 0x00000000fec00000, 0x00000000ff160000)
  from space 640K,   0% used [0x00000000ff200000, 0x00000000ff201020, 0x00000000ff2a0000)
  to   space 640K,   0% used [0x00000000ff160000, 0x00000000ff160000, 0x00000000ff200000)
 concurrent mark-sweep generation total 13696K, used 11443K [0x00000000ff2a0000, 0x0000000100000000, 0x0000000100000000)
 Metaspace       used 5078K, capacity 5258K, committed 5504K, reserved 1056768K
  class space    used 557K, capacity 597K, committed 640K, reserved 1048576K
}
{Heap before GC invocations=557 (full 62):
 par new generation   total 6144K, used 5233K [0x00000000fec00000, 0x00000000ff2a0000, 0x00000000ff2a0000)
  eden space 5504K,  95% used [0x00000000fec00000, 0x00000000ff11b780, 0x00000000ff160000)
  from space 640K,   0% used [0x00000000ff200000, 0x00000000ff201020, 0x00000000ff2a0000)
  to   space 640K,   0% used [0x00000000ff160000, 0x00000000ff160000, 0x00000000ff200000)
 concurrent mark-sweep generation total 13696K, used 11443K [0x00000000ff2a0000, 0x0000000100000000, 0x0000000100000000)
 Metaspace       used 5078K, capacity 5258K, committed 5504K, reserved 1056768K
  class space    used 557K, capacity 597K, committed 640K, reserved 1048576K
2024-07-16T17:10:17.722+0800: 4.391: [GC (Allocation Failure) 2024-07-16T17:10:17.722+0800: 4.391: [ParNew: 5233K->8K(6144K), 0.0009807 secs] 16677K->12475K(19840K), 0.0010534 secs] [Times: user=0.00 sys=0.00, real=0.00 secs] 
Heap after GC invocations=558 (full 62):
 par new generation   total 6144K, used 8K [0x00000000fec00000, 0x00000000ff2a0000, 0x00000000ff2a0000)
  eden space 5504K,   0% used [0x00000000fec00000, 0x00000000fec00000, 0x00000000ff160000)
  from space 640K,   1% used [0x00000000ff160000, 0x00000000ff162040, 0x00000000ff200000)
  to   space 640K,   0% used [0x00000000ff200000, 0x00000000ff200000, 0x00000000ff2a0000)
 concurrent mark-sweep generation total 13696K, used 12467K [0x00000000ff2a0000, 0x0000000100000000, 0x0000000100000000)
 Metaspace       used 5078K, capacity 5258K, committed 5504K, reserved 1056768K
  class space    used 557K, capacity 597K, committed 640K, reserved 1048576K
}
{Heap before GC invocations=558 (full 62):
 par new generation   total 6144K, used 5237K [0x00000000fec00000, 0x00000000ff2a0000, 0x00000000ff2a0000)
  eden space 5504K,  95% used [0x00000000fec00000, 0x00000000ff11b780, 0x00000000ff160000)
  from space 640K,   1% used [0x00000000ff160000, 0x00000000ff162040, 0x00000000ff200000)
  to   space 640K,   0% used [0x00000000ff200000, 0x00000000ff200000, 0x00000000ff2a0000)
 concurrent mark-sweep generation total 13696K, used 12467K [0x00000000ff2a0000, 0x0000000100000000, 0x0000000100000000)
 Metaspace       used 5078K, capacity 5258K, committed 5504K, reserved 1056768K
  class space    used 557K, capacity 597K, committed 640K, reserved 1048576K
2024-07-16T17:10:17.730+0800: 4.399: [GC (Allocation Failure) 2024-07-16T17:10:17.730+0800: 4.399: [ParNew: 5237K->5237K(6144K), 0.0000202 secs]2024-07-16T17:10:17.730+0800: 4.399: [CMS2024-07-16T17:10:17.730+0800: 4.399: [CMS-concurrent-abortable-preclean: 0.001/0.083 secs] [Times: user=0.00 sys=0.00, real=0.08 secs] 
 (concurrent mode failure): 12467K->2215K(13696K), 0.0040409 secs] 17705K->2215K(19840K), [Metaspace: 5078K->5078K(1056768K)], 0.0042569 secs] [Times: user=0.00 sys=0.00, real=0.00 secs] 
Heap after GC invocations=559 (full 63):
 par new generation   total 6144K, used 0K [0x00000000fec00000, 0x00000000ff2a0000, 0x00000000ff2a0000)
  eden space 5504K,   0% used [0x00000000fec00000, 0x00000000fec00000, 0x00000000ff160000)
  from space 640K,   0% used [0x00000000ff160000, 0x00000000ff160000, 0x00000000ff200000)
  to   space 640K,   0% used [0x00000000ff200000, 0x00000000ff200000, 0x00000000ff2a0000)
 concurrent mark-sweep generation total 13696K, used 2215K [0x00000000ff2a0000, 0x0000000100000000, 0x0000000100000000)
 Metaspace       used 5078K, capacity 5258K, committed 5504K, reserved 1056768K
  class space    used 557K, capacity 597K, committed 640K, reserved 1048576K
}
{Heap before GC invocations=559 (full 63):
 par new generation   total 6144K, used 5229K [0x00000000fec00000, 0x00000000ff2a0000, 0x00000000ff2a0000)
  eden space 5504K,  95% used [0x00000000fec00000, 0x00000000ff11b780, 0x00000000ff160000)
  from space 640K,   0% used [0x00000000ff160000, 0x00000000ff160000, 0x00000000ff200000)
  to   space 640K,   0% used [0x00000000ff200000, 0x00000000ff200000, 0x00000000ff2a0000)
 concurrent mark-sweep generation total 13696K, used 2215K [0x00000000ff2a0000, 0x0000000100000000, 0x0000000100000000)
 Metaspace       used 5078K, capacity 5258K, committed 5504K, reserved 1056768K
  class space    used 557K, capacity 597K, committed 640K, reserved 1048576K
2024-07-16T17:10:17.742+0800: 4.411: [GC (Allocation Failure) 2024-07-16T17:10:17.742+0800: 4.411: [ParNew: 5229K->8K(6144K), 0.0005568 secs] 7445K->3249K(19840K), 0.0006170 secs] [Times: user=0.00 sys=0.00, real=0.00 secs] 
Heap after GC invocations=560 (full 63):
 par new generation   total 6144K, used 8K [0x00000000fec00000, 0x00000000ff2a0000, 0x00000000ff2a0000)
  eden space 5504K,   0% used [0x00000000fec00000, 0x00000000fec00000, 0x00000000ff160000)
  from space 640K,   1% used [0x00000000ff200000, 0x00000000ff202040, 0x00000000ff2a0000)
  to   space 640K,   0% used [0x00000000ff160000, 0x00000000ff160000, 0x00000000ff200000)
 concurrent mark-sweep generation total 13696K, used 3241K [0x00000000ff2a0000, 0x0000000100000000, 0x0000000100000000)
 Metaspace       used 5078K, capacity 5258K, committed 5504K, reserved 1056768K
  class space    used 557K, capacity 597K, committed 640K, reserved 1048576K
}
{Heap before GC invocations=560 (full 63):
 par new generation   total 6144K, used 5237K [0x00000000fec00000, 0x00000000ff2a0000, 0x00000000ff2a0000)
  eden space 5504K,  95% used [0x00000000fec00000, 0x00000000ff11b780, 0x00000000ff160000)
  from space 640K,   1% used [0x00000000ff200000, 0x00000000ff202040, 0x00000000ff2a0000)
  to   space 640K,   0% used [0x00000000ff160000, 0x00000000ff160000, 0x00000000ff200000)
 concurrent mark-sweep generation total 13696K, used 3241K [0x00000000ff2a0000, 0x0000000100000000, 0x0000000100000000)
 Metaspace       used 5078K, capacity 5258K, committed 5504K, reserved 1056768K
  class space    used 557K, capacity 597K, committed 640K, reserved 1048576K
2024-07-16T17:10:17.749+0800: 4.418: [GC (Allocation Failure) 2024-07-16T17:10:17.749+0800: 4.418: [ParNew: 5237K->4K(6144K), 0.0004265 secs] 8479K->3245K(19840K), 0.0005402 secs] [Times: user=0.00 sys=0.00, real=0.00 secs] 
Heap after GC invocations=561 (full 63):
 par new generation   total 6144K, used 4K [0x00000000fec00000, 0x00000000ff2a0000, 0x00000000ff2a0000)
  eden space 5504K,   0% used [0x00000000fec00000, 0x00000000fec00000, 0x00000000ff160000)
  from space 640K,   0% used [0x00000000ff160000, 0x00000000ff161020, 0x00000000ff200000)
  to   space 640K,   0% used [0x00000000ff200000, 0x00000000ff200000, 0x00000000ff2a0000)
 concurrent mark-sweep generation total 13696K, used 3241K [0x00000000ff2a0000, 0x0000000100000000, 0x0000000100000000)
 Metaspace       used 5078K, capacity 5258K, committed 5504K, reserved 1056768K
  class space    used 557K, capacity 597K, committed 640K, reserved 1048576K
}
{Heap before GC invocations=561 (full 63):
 par new generation   total 6144K, used 5233K [0x00000000fec00000, 0x00000000ff2a0000, 0x00000000ff2a0000)
  eden space 5504K,  95% used [0x00000000fec00000, 0x00000000ff11b780, 0x00000000ff160000)
  from space 640K,   0% used [0x00000000ff160000, 0x00000000ff161020, 0x00000000ff200000)
  to   space 640K,   0% used [0x00000000ff200000, 0x00000000ff200000, 0x00000000ff2a0000)
 concurrent mark-sweep generation total 13696K, used 3241K [0x00000000ff2a0000, 0x0000000100000000, 0x0000000100000000)
 Metaspace       used 5078K, capacity 5258K, committed 5504K, reserved 1056768K
  class space    used 557K, capacity 597K, committed 640K, reserved 1048576K
2024-07-16T17:10:17.755+0800: 4.424: [GC (Allocation Failure) 2024-07-16T17:10:17.755+0800: 4.424: [ParNew: 5233K->6K(6144K), 0.0012200 secs] 8475K->4273K(19840K), 0.0013089 secs] [Times: user=0.00 sys=0.00, real=0.00 secs] 
Heap after GC invocations=562 (full 63):
 par new generation   total 6144K, used 6K [0x00000000fec00000, 0x00000000ff2a0000, 0x00000000ff2a0000)
  eden space 5504K,   0% used [0x00000000fec00000, 0x00000000fec00000, 0x00000000ff160000)
  from space 640K,   0% used [0x00000000ff200000, 0x00000000ff201830, 0x00000000ff2a0000)
  to   space 640K,   0% used [0x00000000ff160000, 0x00000000ff160000, 0x00000000ff200000)
 concurrent mark-sweep generation total 13696K, used 4267K [0x00000000ff2a0000, 0x0000000100000000, 0x0000000100000000)
 Metaspace       used 5078K, capacity 5258K, committed 5504K, reserved 1056768K
  class space    used 557K, capacity 597K, committed 640K, reserved 1048576K
}
{Heap before GC invocations=562 (full 63):
 par new generation   total 6144K, used 5235K [0x00000000fec00000, 0x00000000ff2a0000, 0x00000000ff2a0000)
  eden space 5504K,  95% used [0x00000000fec00000, 0x00000000ff11b780, 0x00000000ff160000)
  from space 640K,   0% used [0x00000000ff200000, 0x00000000ff201830, 0x00000000ff2a0000)
  to   space 640K,   0% used [0x00000000ff160000, 0x00000000ff160000, 0x00000000ff200000)
 concurrent mark-sweep generation total 13696K, used 4267K [0x00000000ff2a0000, 0x0000000100000000, 0x0000000100000000)
 Metaspace       used 5078K, capacity 5258K, committed 5504K, reserved 1056768K
  class space    used 557K, capacity 597K, committed 640K, reserved 1048576K
2024-07-16T17:10:17.762+0800: 4.431: [GC (Allocation Failure) 2024-07-16T17:10:17.762+0800: 4.431: [ParNew: 5235K->6K(6144K), 0.0010204 secs] 9503K->5299K(19840K), 0.0010845 secs] [Times: user=0.00 sys=0.00, real=0.00 secs] 
Heap after GC invocations=563 (full 63):
 par new generation   total 6144K, used 6K [0x00000000fec00000, 0x00000000ff2a0000, 0x00000000ff2a0000)
  eden space 5504K,   0% used [0x00000000fec00000, 0x00000000fec00000, 0x00000000ff160000)
  from space 640K,   0% used [0x00000000ff160000, 0x00000000ff161830, 0x00000000ff200000)
  to   space 640K,   0% used [0x00000000ff200000, 0x00000000ff200000, 0x00000000ff2a0000)
 concurrent mark-sweep generation total 13696K, used 5293K [0x00000000ff2a0000, 0x0000000100000000, 0x0000000100000000)
 Metaspace       used 5078K, capacity 5258K, committed 5504K, reserved 1056768K
  class space    used 557K, capacity 597K, committed 640K, reserved 1048576K
}
{Heap before GC invocations=563 (full 63):
 par new generation   total 6144K, used 5235K [0x00000000fec00000, 0x00000000ff2a0000, 0x00000000ff2a0000)
  eden space 5504K,  95% used [0x00000000fec00000, 0x00000000ff11b780, 0x00000000ff160000)
  from space 640K,   0% used [0x00000000ff160000, 0x00000000ff161830, 0x00000000ff200000)
  to   space 640K,   0% used [0x00000000ff200000, 0x00000000ff200000, 0x00000000ff2a0000)
 concurrent mark-sweep generation total 13696K, used 5293K [0x00000000ff2a0000, 0x0000000100000000, 0x0000000100000000)
 Metaspace       used 5078K, capacity 5258K, committed 5504K, reserved 1056768K
  class space    used 557K, capacity 597K, committed 640K, reserved 1048576K
2024-07-16T17:10:17.771+0800: 4.440: [GC (Allocation Failure) 2024-07-16T17:10:17.771+0800: 4.440: [ParNew: 5235K->4K(6144K), 0.0012414 secs] 10529K->5297K(19840K), 0.0014086 secs] [Times: user=0.00 sys=0.00, real=0.00 secs] 
Heap after GC invocations=564 (full 63):
 par new generation   total 6144K, used 4K [0x00000000fec00000, 0x00000000ff2a0000, 0x00000000ff2a0000)
  eden space 5504K,   0% used [0x00000000fec00000, 0x00000000fec00000, 0x00000000ff160000)
  from space 640K,   0% used [0x00000000ff200000, 0x00000000ff201020, 0x00000000ff2a0000)
  to   space 640K,   0% used [0x00000000ff160000, 0x00000000ff160000, 0x00000000ff200000)
 concurrent mark-sweep generation total 13696K, used 5293K [0x00000000ff2a0000, 0x0000000100000000, 0x0000000100000000)
 Metaspace       used 5078K, capacity 5258K, committed 5504K, reserved 1056768K
  class space    used 557K, capacity 597K, committed 640K, reserved 1048576K
}
{Heap before GC invocations=564 (full 63):
 par new generation   total 6144K, used 5233K [0x00000000fec00000, 0x00000000ff2a0000, 0x00000000ff2a0000)
  eden space 5504K,  95% used [0x00000000fec00000, 0x00000000ff11b780, 0x00000000ff160000)
  from space 640K,   0% used [0x00000000ff200000, 0x00000000ff201020, 0x00000000ff2a0000)
  to   space 640K,   0% used [0x00000000ff160000, 0x00000000ff160000, 0x00000000ff200000)
 concurrent mark-sweep generation total 13696K, used 5293K [0x00000000ff2a0000, 0x0000000100000000, 0x0000000100000000)
 Metaspace       used 5078K, capacity 5258K, committed 5504K, reserved 1056768K
  class space    used 557K, capacity 597K, committed 640K, reserved 1048576K
2024-07-16T17:10:17.780+0800: 4.449: [GC (Allocation Failure) 2024-07-16T17:10:17.780+0800: 4.449: [ParNew: 5233K->2K(6144K), 0.0010663 secs] 10527K->5295K(19840K), 0.0012311 secs] [Times: user=0.00 sys=0.00, real=0.00 secs] 
Heap after GC invocations=565 (full 63):
 par new generation   total 6144K, used 2K [0x00000000fec00000, 0x00000000ff2a0000, 0x00000000ff2a0000)
  eden space 5504K,   0% used [0x00000000fec00000, 0x00000000fec00000, 0x00000000ff160000)
  from space 640K,   0% used [0x00000000ff160000, 0x00000000ff160810, 0x00000000ff200000)
  to   space 640K,   0% used [0x00000000ff200000, 0x00000000ff200000, 0x00000000ff2a0000)
 concurrent mark-sweep generation total 13696K, used 5293K [0x00000000ff2a0000, 0x0000000100000000, 0x0000000100000000)
 Metaspace       used 5078K, capacity 5258K, committed 5504K, reserved 1056768K
  class space    used 557K, capacity 597K, committed 640K, reserved 1048576K
}
{Heap before GC invocations=565 (full 63):
 par new generation   total 6144K, used 5231K [0x00000000fec00000, 0x00000000ff2a0000, 0x00000000ff2a0000)
  eden space 5504K,  95% used [0x00000000fec00000, 0x00000000ff11b780, 0x00000000ff160000)
  from space 640K,   0% used [0x00000000ff160000, 0x00000000ff160810, 0x00000000ff200000)
  to   space 640K,   0% used [0x00000000ff200000, 0x00000000ff200000, 0x00000000ff2a0000)
 concurrent mark-sweep generation total 13696K, used 5293K [0x00000000ff2a0000, 0x0000000100000000, 0x0000000100000000)
 Metaspace       used 5078K, capacity 5258K, committed 5504K, reserved 1056768K
  class space    used 557K, capacity 597K, committed 640K, reserved 1048576K
2024-07-16T17:10:17.790+0800: 4.459: [GC (Allocation Failure) 2024-07-16T17:10:17.790+0800: 4.459: [ParNew: 5231K->26K(6144K), 0.0016837 secs] 10525K->6346K(19840K), 0.0018661 secs] [Times: user=0.00 sys=0.00, real=0.00 secs] 
Heap after GC invocations=566 (full 63):
 par new generation   total 6144K, used 26K [0x00000000fec00000, 0x00000000ff2a0000, 0x00000000ff2a0000)
  eden space 5504K,   0% used [0x00000000fec00000, 0x00000000fec00000, 0x00000000ff160000)
  from space 640K,   4% used [0x00000000ff200000, 0x00000000ff206970, 0x00000000ff2a0000)
  to   space 640K,   0% used [0x00000000ff160000, 0x00000000ff160000, 0x00000000ff200000)
 concurrent mark-sweep generation total 13696K, used 6319K [0x00000000ff2a0000, 0x0000000100000000, 0x0000000100000000)
 Metaspace       used 5078K, capacity 5258K, committed 5504K, reserved 1056768K
  class space    used 557K, capacity 597K, committed 640K, reserved 1048576K
}
{Heap before GC invocations=566 (full 63):
 par new generation   total 6144K, used 5256K [0x00000000fec00000, 0x00000000ff2a0000, 0x00000000ff2a0000)
  eden space 5504K,  95% used [0x00000000fec00000, 0x00000000ff11b780, 0x00000000ff160000)
  from space 640K,   4% used [0x00000000ff200000, 0x00000000ff206970, 0x00000000ff2a0000)
  to   space 640K,   0% used [0x00000000ff160000, 0x00000000ff160000, 0x00000000ff200000)
 concurrent mark-sweep generation total 13696K, used 6319K [0x00000000ff2a0000, 0x0000000100000000, 0x0000000100000000)
 Metaspace       used 5078K, capacity 5258K, committed 5504K, reserved 1056768K
  class space    used 557K, capacity 597K, committed 640K, reserved 1048576K
2024-07-16T17:10:17.802+0800: 4.471: [GC (Allocation Failure) 2024-07-16T17:10:17.802+0800: 4.471: [ParNew: 5256K->20K(6144K), 0.0007056 secs] 11575K->6340K(19840K), 0.0007995 secs] [Times: user=0.00 sys=0.00, real=0.00 secs] 
Heap after GC invocations=567 (full 63):
 par new generation   total 6144K, used 20K [0x00000000fec00000, 0x00000000ff2a0000, 0x00000000ff2a0000)
  eden space 5504K,   0% used [0x00000000fec00000, 0x00000000fec00000, 0x00000000ff160000)
  from space 640K,   3% used [0x00000000ff160000, 0x00000000ff165140, 0x00000000ff200000)
  to   space 640K,   0% used [0x00000000ff200000, 0x00000000ff200000, 0x00000000ff2a0000)
 concurrent mark-sweep generation total 13696K, used 6319K [0x00000000ff2a0000, 0x0000000100000000, 0x0000000100000000)
 Metaspace       used 5078K, capacity 5258K, committed 5504K, reserved 1056768K
  class space    used 557K, capacity 597K, committed 640K, reserved 1048576K
}
{Heap before GC invocations=567 (full 63):
 par new generation   total 6144K, used 5250K [0x00000000fec00000, 0x00000000ff2a0000, 0x00000000ff2a0000)
  eden space 5504K,  95% used [0x00000000fec00000, 0x00000000ff11b7f8, 0x00000000ff160000)
  from space 640K,   3% used [0x00000000ff160000, 0x00000000ff165140, 0x00000000ff200000)
  to   space 640K,   0% used [0x00000000ff200000, 0x00000000ff200000, 0x00000000ff2a0000)
 concurrent mark-sweep generation total 13696K, used 6319K [0x00000000ff2a0000, 0x0000000100000000, 0x0000000100000000)
 Metaspace       used 5078K, capacity 5258K, committed 5504K, reserved 1056768K
  class space    used 557K, capacity 597K, committed 640K, reserved 1048576K
2024-07-16T17:10:17.811+0800: 4.480: [GC (Allocation Failure) 2024-07-16T17:10:17.811+0800: 4.480: [ParNew: 5250K->26K(6144K), 0.0006451 secs] 11570K->8396K(19840K), 0.0007133 secs] [Times: user=0.00 sys=0.00, real=0.00 secs] 
Heap after GC invocations=568 (full 63):
 par new generation   total 6144K, used 26K [0x00000000fec00000, 0x00000000ff2a0000, 0x00000000ff2a0000)
  eden space 5504K,   0% used [0x00000000fec00000, 0x00000000fec00000, 0x00000000ff160000)
  from space 640K,   4% used [0x00000000ff200000, 0x00000000ff206970, 0x00000000ff2a0000)
  to   space 640K,   0% used [0x00000000ff160000, 0x00000000ff160000, 0x00000000ff200000)
 concurrent mark-sweep generation total 13696K, used 8369K [0x00000000ff2a0000, 0x0000000100000000, 0x0000000100000000)
 Metaspace       used 5078K, capacity 5258K, committed 5504K, reserved 1056768K
  class space    used 557K, capacity 597K, committed 640K, reserved 1048576K
}
2024-07-16T17:10:17.812+0800: 4.481: [GC (CMS Initial Mark) [1 CMS-initial-mark: 8369K(13696K)] 9420K(19840K), 0.0002158 secs] [Times: user=0.00 sys=0.00, real=0.00 secs] 
2024-07-16T17:10:17.812+0800: 4.481: [CMS-concurrent-mark-start]
2024-07-16T17:10:17.813+0800: 4.482: [CMS-concurrent-mark: 0.001/0.001 secs] [Times: user=0.00 sys=0.00, real=0.00 secs] 
2024-07-16T17:10:17.813+0800: 4.482: [CMS-concurrent-preclean-start]
2024-07-16T17:10:17.813+0800: 4.482: [CMS-concurrent-preclean: 0.000/0.000 secs] [Times: user=0.00 sys=0.00, real=0.00 secs] 
2024-07-16T17:10:17.813+0800: 4.482: [GC (CMS Final Remark) [YG occupancy: 1160 K (6144 K)]{Heap before GC invocations=568 (full 64):
 par new generation   total 6144K, used 1160K [0x00000000fec00000, 0x00000000ff2a0000, 0x00000000ff2a0000)
  eden space 5504K,  20% used [0x00000000fec00000, 0x00000000fed1b788, 0x00000000ff160000)
  from space 640K,   4% used [0x00000000ff200000, 0x00000000ff206970, 0x00000000ff2a0000)
  to   space 640K,   0% used [0x00000000ff160000, 0x00000000ff160000, 0x00000000ff200000)
 concurrent mark-sweep generation total 13696K, used 8369K [0x00000000ff2a0000, 0x0000000100000000, 0x0000000100000000)
 Metaspace       used 5078K, capacity 5258K, committed 5504K, reserved 1056768K
  class space    used 557K, capacity 597K, committed 640K, reserved 1048576K
2024-07-16T17:10:17.813+0800: 4.482: [GC (CMS Final Remark) 2024-07-16T17:10:17.813+0800: 4.482: [ParNew: 1160K->20K(6144K), 0.0002768 secs] 9530K->9414K(19840K), 0.0002999 secs] [Times: user=0.00 sys=0.00, real=0.00 secs] 
Heap after GC invocations=569 (full 64):
 par new generation   total 6144K, used 20K [0x00000000fec00000, 0x00000000ff2a0000, 0x00000000ff2a0000)
  eden space 5504K,   0% used [0x00000000fec00000, 0x00000000fec00000, 0x00000000ff160000)
  from space 640K,   3% used [0x00000000ff160000, 0x00000000ff165140, 0x00000000ff200000)
  to   space 640K,   0% used [0x00000000ff200000, 0x00000000ff200000, 0x00000000ff2a0000)
 concurrent mark-sweep generation total 13696K, used 9393K [0x00000000ff2a0000, 0x0000000100000000, 0x0000000100000000)
 Metaspace       used 5078K, capacity 5258K, committed 5504K, reserved 1056768K
  class space    used 557K, capacity 597K, committed 640K, reserved 1048576K
}
2024-07-16T17:10:17.814+0800: 4.483: [Rescan (parallel) , 0.0001203 secs]2024-07-16T17:10:17.814+0800: 4.483: [weak refs processing, 0.0000105 secs]2024-07-16T17:10:17.814+0800: 4.483: [class unloading, 0.0003090 secs]2024-07-16T17:10:17.814+0800: 4.483: [scrub symbol table, 0.0003422 secs]2024-07-16T17:10:17.814+0800: 4.483: [scrub string table, 0.0000847 secs][1 CMS-remark: 9393K(13696K)] 9414K(19840K), 0.0012506 secs] [Times: user=0.02 sys=0.00, real=0.00 secs] 
2024-07-16T17:10:17.815+0800: 4.484: [CMS-concurrent-sweep-start]
2024-07-16T17:10:17.815+0800: 4.484: [CMS-concurrent-sweep: 0.000/0.000 secs] [Times: user=0.00 sys=0.00, real=0.00 secs] 
2024-07-16T17:10:17.815+0800: 4.484: [CMS-concurrent-reset-start]
2024-07-16T17:10:17.815+0800: 4.484: [CMS-concurrent-reset: 0.000/0.000 secs] [Times: user=0.00 sys=0.00, real=0.00 secs] 
{Heap before GC invocations=569 (full 64):
 par new generation   total 6144K, used 5250K [0x00000000fec00000, 0x00000000ff2a0000, 0x00000000ff2a0000)
  eden space 5504K,  95% used [0x00000000fec00000, 0x00000000ff11b7c8, 0x00000000ff160000)
  from space 640K,   3% used [0x00000000ff160000, 0x00000000ff165140, 0x00000000ff200000)
  to   space 640K,   0% used [0x00000000ff200000, 0x00000000ff200000, 0x00000000ff2a0000)
 concurrent mark-sweep generation total 13696K, used 4262K [0x00000000ff2a0000, 0x0000000100000000, 0x0000000100000000)
 Metaspace       used 5078K, capacity 5258K, committed 5504K, reserved 1056768K
  class space    used 557K, capacity 597K, committed 640K, reserved 1048576K
2024-07-16T17:10:17.822+0800: 4.491: [GC (Allocation Failure) 2024-07-16T17:10:17.822+0800: 4.491: [ParNew: 5250K->24K(6144K), 0.0004732 secs] 9512K->5311K(19840K), 0.0005167 secs] [Times: user=0.00 sys=0.00, real=0.00 secs] 
Heap after GC invocations=570 (full 64):
 par new generation   total 6144K, used 24K [0x00000000fec00000, 0x00000000ff2a0000, 0x00000000ff2a0000)
  eden space 5504K,   0% used [0x00000000fec00000, 0x00000000fec00000, 0x00000000ff160000)
  from space 640K,   3% used [0x00000000ff200000, 0x00000000ff206160, 0x00000000ff2a0000)
  to   space 640K,   0% used [0x00000000ff160000, 0x00000000ff160000, 0x00000000ff200000)
 concurrent mark-sweep generation total 13696K, used 5286K [0x00000000ff2a0000, 0x0000000100000000, 0x0000000100000000)
 Metaspace       used 5078K, capacity 5258K, committed 5504K, reserved 1056768K
  class space    used 557K, capacity 597K, committed 640K, reserved 1048576K
}
{Heap before GC invocations=570 (full 64):
 par new generation   total 6144K, used 5246K [0x00000000fec00000, 0x00000000ff2a0000, 0x00000000ff2a0000)
  eden space 5504K,  94% used [0x00000000fec00000, 0x00000000ff119980, 0x00000000ff160000)
  from space 640K,   3% used [0x00000000ff200000, 0x00000000ff206160, 0x00000000ff2a0000)
  to   space 640K,   0% used [0x00000000ff160000, 0x00000000ff160000, 0x00000000ff200000)
 concurrent mark-sweep generation total 13696K, used 5286K [0x00000000ff2a0000, 0x0000000100000000, 0x0000000100000000)
 Metaspace       used 5078K, capacity 5258K, committed 5504K, reserved 1056768K
  class space    used 557K, capacity 597K, committed 640K, reserved 1048576K
2024-07-16T17:10:17.828+0800: 4.497: [GC (Allocation Failure) 2024-07-16T17:10:17.828+0800: 4.497: [ParNew: 5246K->22K(6144K), 0.0008038 secs] 10533K->6335K(19840K), 0.0008526 secs] [Times: user=0.00 sys=0.00, real=0.00 secs] 
Heap after GC invocations=571 (full 64):
 par new generation   total 6144K, used 22K [0x00000000fec00000, 0x00000000ff2a0000, 0x00000000ff2a0000)
  eden space 5504K,   0% used [0x00000000fec00000, 0x00000000fec00000, 0x00000000ff160000)
  from space 640K,   3% used [0x00000000ff160000, 0x00000000ff165950, 0x00000000ff200000)
  to   space 640K,   0% used [0x00000000ff200000, 0x00000000ff200000, 0x00000000ff2a0000)
 concurrent mark-sweep generation total 13696K, used 6312K [0x00000000ff2a0000, 0x0000000100000000, 0x0000000100000000)
 Metaspace       used 5078K, capacity 5258K, committed 5504K, reserved 1056768K
  class space    used 557K, capacity 597K, committed 640K, reserved 1048576K
}
{Heap before GC invocations=571 (full 64):
 par new generation   total 6144K, used 5248K [0x00000000fec00000, 0x00000000ff2a0000, 0x00000000ff2a0000)
  eden space 5504K,  94% used [0x00000000fec00000, 0x00000000ff11a738, 0x00000000ff160000)
  from space 640K,   3% used [0x00000000ff160000, 0x00000000ff165950, 0x00000000ff200000)
  to   space 640K,   0% used [0x00000000ff200000, 0x00000000ff200000, 0x00000000ff2a0000)
 concurrent mark-sweep generation total 13696K, used 6312K [0x00000000ff2a0000, 0x0000000100000000, 0x0000000100000000)
 Metaspace       used 5078K, capacity 5258K, committed 5504K, reserved 1056768K
  class space    used 557K, capacity 597K, committed 640K, reserved 1048576K
2024-07-16T17:10:17.836+0800: 4.505: [GC (Allocation Failure) 2024-07-16T17:10:17.836+0800: 4.505: [ParNew: 5248K->6K(6144K), 0.0008803 secs] 11560K->7361K(19840K), 0.0009408 secs] [Times: user=0.00 sys=0.00, real=0.00 secs] 
Heap after GC invocations=572 (full 64):
 par new generation   total 6144K, used 6K [0x00000000fec00000, 0x00000000ff2a0000, 0x00000000ff2a0000)
  eden space 5504K,   0% used [0x00000000fec00000, 0x00000000fec00000, 0x00000000ff160000)
  from space 640K,   0% used [0x00000000ff200000, 0x00000000ff201830, 0x00000000ff2a0000)
  to   space 640K,   0% used [0x00000000ff160000, 0x00000000ff160000, 0x00000000ff200000)
 concurrent mark-sweep generation total 13696K, used 7355K [0x00000000ff2a0000, 0x0000000100000000, 0x0000000100000000)
 Metaspace       used 5078K, capacity 5258K, committed 5504K, reserved 1056768K
  class space    used 557K, capacity 597K, committed 640K, reserved 1048576K
}
{Heap before GC invocations=572 (full 64):
 par new generation   total 6144K, used 5233K [0x00000000fec00000, 0x00000000ff2a0000, 0x00000000ff2a0000)
  eden space 5504K,  94% used [0x00000000fec00000, 0x00000000ff11ad08, 0x00000000ff160000)
  from space 640K,   0% used [0x00000000ff200000, 0x00000000ff201830, 0x00000000ff2a0000)
  to   space 640K,   0% used [0x00000000ff160000, 0x00000000ff160000, 0x00000000ff200000)
 concurrent mark-sweep generation total 13696K, used 7355K [0x00000000ff2a0000, 0x0000000100000000, 0x0000000100000000)
 Metaspace       used 5078K, capacity 5258K, committed 5504K, reserved 1056768K
  class space    used 557K, capacity 597K, committed 640K, reserved 1048576K
2024-07-16T17:10:17.846+0800: 4.515: [GC (Allocation Failure) 2024-07-16T17:10:17.846+0800: 4.515: [ParNew: 5233K->4K(6144K), 0.0004642 secs] 12588K->7359K(19840K), 0.0005500 secs] [Times: user=0.00 sys=0.00, real=0.00 secs] 
Heap after GC invocations=573 (full 64):
 par new generation   total 6144K, used 4K [0x00000000fec00000, 0x00000000ff2a0000, 0x00000000ff2a0000)
  eden space 5504K,   0% used [0x00000000fec00000, 0x00000000fec00000, 0x00000000ff160000)
  from space 640K,   0% used [0x00000000ff160000, 0x00000000ff161020, 0x00000000ff200000)
  to   space 640K,   0% used [0x00000000ff200000, 0x00000000ff200000, 0x00000000ff2a0000)
 concurrent mark-sweep generation total 13696K, used 7355K [0x00000000ff2a0000, 0x0000000100000000, 0x0000000100000000)
 Metaspace       used 5078K, capacity 5258K, committed 5504K, reserved 1056768K
  class space    used 557K, capacity 597K, committed 640K, reserved 1048576K
}
{Heap before GC invocations=573 (full 64):
 par new generation   total 6144K, used 5232K [0x00000000fec00000, 0x00000000ff2a0000, 0x00000000ff2a0000)
  eden space 5504K,  94% used [0x00000000fec00000, 0x00000000ff11b0c0, 0x00000000ff160000)
  from space 640K,   0% used [0x00000000ff160000, 0x00000000ff161020, 0x00000000ff200000)
  to   space 640K,   0% used [0x00000000ff200000, 0x00000000ff200000, 0x00000000ff2a0000)
 concurrent mark-sweep generation total 13696K, used 7355K [0x00000000ff2a0000, 0x0000000100000000, 0x0000000100000000)
 Metaspace       used 5078K, capacity 5258K, committed 5504K, reserved 1056768K
  class space    used 557K, capacity 597K, committed 640K, reserved 1048576K
2024-07-16T17:10:17.852+0800: 4.521: [GC (Allocation Failure) 2024-07-16T17:10:17.852+0800: 4.521: [ParNew: 5232K->8K(6144K), 0.0006647 secs] 12587K->8389K(19840K), 0.0007393 secs] [Times: user=0.00 sys=0.00, real=0.00 secs] 
Heap after GC invocations=574 (full 64):
 par new generation   total 6144K, used 8K [0x00000000fec00000, 0x00000000ff2a0000, 0x00000000ff2a0000)
  eden space 5504K,   0% used [0x00000000fec00000, 0x00000000fec00000, 0x00000000ff160000)
  from space 640K,   1% used [0x00000000ff200000, 0x00000000ff202040, 0x00000000ff2a0000)
  to   space 640K,   0% used [0x00000000ff160000, 0x00000000ff160000, 0x00000000ff200000)
 concurrent mark-sweep generation total 13696K, used 8381K [0x00000000ff2a0000, 0x0000000100000000, 0x0000000100000000)
 Metaspace       used 5078K, capacity 5258K, committed 5504K, reserved 1056768K
  class space    used 557K, capacity 597K, committed 640K, reserved 1048576K
}
{Heap before GC invocations=574 (full 64):
 par new generation   total 6144K, used 5236K [0x00000000fec00000, 0x00000000ff2a0000, 0x00000000ff2a0000)
  eden space 5504K,  94% used [0x00000000fec00000, 0x00000000ff11b328, 0x00000000ff160000)
  from space 640K,   1% used [0x00000000ff200000, 0x00000000ff202040, 0x00000000ff2a0000)
  to   space 640K,   0% used [0x00000000ff160000, 0x00000000ff160000, 0x00000000ff200000)
 concurrent mark-sweep generation total 13696K, used 8381K [0x00000000ff2a0000, 0x0000000100000000, 0x0000000100000000)
 Metaspace       used 5078K, capacity 5258K, committed 5504K, reserved 1056768K
  class space    used 557K, capacity 597K, committed 640K, reserved 1048576K
2024-07-16T17:10:17.860+0800: 4.529: [GC (Allocation Failure) 2024-07-16T17:10:17.860+0800: 4.529: [ParNew: 5236K->10K(6144K), 0.0007378 secs] 13618K->9415K(19840K), 0.0008046 secs] [Times: user=0.00 sys=0.00, real=0.00 secs] 
Heap after GC invocations=575 (full 64):
 par new generation   total 6144K, used 10K [0x00000000fec00000, 0x00000000ff2a0000, 0x00000000ff2a0000)
  eden space 5504K,   0% used [0x00000000fec00000, 0x00000000fec00000, 0x00000000ff160000)
  from space 640K,   1% used [0x00000000ff160000, 0x00000000ff162850, 0x00000000ff200000)
  to   space 640K,   0% used [0x00000000ff200000, 0x00000000ff200000, 0x00000000ff2a0000)
 concurrent mark-sweep generation total 13696K, used 9405K [0x00000000ff2a0000, 0x0000000100000000, 0x0000000100000000)
 Metaspace       used 5078K, capacity 5258K, committed 5504K, reserved 1056768K
  class space    used 557K, capacity 597K, committed 640K, reserved 1048576K
}
2024-07-16T17:10:17.861+0800: 4.530: [GC (CMS Initial Mark) [1 CMS-initial-mark: 9405K(13696K)] 10439K(19840K), 0.0002329 secs] [Times: user=0.00 sys=0.00, real=0.00 secs] 
2024-07-16T17:10:17.861+0800: 4.530: [CMS-concurrent-mark-start]
2024-07-16T17:10:17.865+0800: 4.534: [CMS-concurrent-mark: 0.004/0.004 secs] [Times: user=0.05 sys=0.00, real=0.00 secs] 
2024-07-16T17:10:17.865+0800: 4.534: [CMS-concurrent-preclean-start]
2024-07-16T17:10:17.865+0800: 4.534: [CMS-concurrent-preclean: 0.000/0.000 secs] [Times: user=0.00 sys=0.00, real=0.00 secs] 
2024-07-16T17:10:17.865+0800: 4.534: [CMS-concurrent-abortable-preclean-start]
{Heap before GC invocations=575 (full 65):
 par new generation   total 6144K, used 5239K [0x00000000fec00000, 0x00000000ff2a0000, 0x00000000ff2a0000)
  eden space 5504K,  95% used [0x00000000fec00000, 0x00000000ff11b4b8, 0x00000000ff160000)
  from space 640K,   1% used [0x00000000ff160000, 0x00000000ff162850, 0x00000000ff200000)
  to   space 640K,   0% used [0x00000000ff200000, 0x00000000ff200000, 0x00000000ff2a0000)
 concurrent mark-sweep generation total 13696K, used 9405K [0x00000000ff2a0000, 0x0000000100000000, 0x0000000100000000)
 Metaspace       used 5078K, capacity 5258K, committed 5504K, reserved 1056768K
  class space    used 557K, capacity 597K, committed 640K, reserved 1048576K
2024-07-16T17:10:17.869+0800: 4.538: [GC (Allocation Failure) 2024-07-16T17:10:17.869+0800: 4.538: [ParNew: 5239K->4K(6144K), 0.0004403 secs] 14644K->9409K(19840K), 0.0004809 secs] [Times: user=0.00 sys=0.00, real=0.00 secs] 
Heap after GC invocations=576 (full 65):
 par new generation   total 6144K, used 4K [0x00000000fec00000, 0x00000000ff2a0000, 0x00000000ff2a0000)
  eden space 5504K,   0% used [0x00000000fec00000, 0x00000000fec00000, 0x00000000ff160000)
  from space 640K,   0% used [0x00000000ff200000, 0x00000000ff201020, 0x00000000ff2a0000)
  to   space 640K,   0% used [0x00000000ff160000, 0x00000000ff160000, 0x00000000ff200000)
 concurrent mark-sweep generation total 13696K, used 9405K [0x00000000ff2a0000, 0x0000000100000000, 0x0000000100000000)
 Metaspace       used 5078K, capacity 5258K, committed 5504K, reserved 1056768K
  class space    used 557K, capacity 597K, committed 640K, reserved 1048576K
}
{Heap before GC invocations=576 (full 65):
 par new generation   total 6144K, used 5233K [0x00000000fec00000, 0x00000000ff2a0000, 0x00000000ff2a0000)
  eden space 5504K,  95% used [0x00000000fec00000, 0x00000000ff11b5b0, 0x00000000ff160000)
  from space 640K,   0% used [0x00000000ff200000, 0x00000000ff201020, 0x00000000ff2a0000)
  to   space 640K,   0% used [0x00000000ff160000, 0x00000000ff160000, 0x00000000ff200000)
 concurrent mark-sweep generation total 13696K, used 9405K [0x00000000ff2a0000, 0x0000000100000000, 0x0000000100000000)
 Metaspace       used 5078K, capacity 5258K, committed 5504K, reserved 1056768K
  class space    used 557K, capacity 597K, committed 640K, reserved 1048576K
2024-07-16T17:10:17.875+0800: 4.544: [GC (Allocation Failure) 2024-07-16T17:10:17.875+0800: 4.544: [ParNew: 5233K->8K(6144K), 0.0007885 secs] 14638K->10439K(19840K), 0.0008710 secs] [Times: user=0.00 sys=0.00, real=0.00 secs] 
Heap after GC invocations=577 (full 65):
 par new generation   total 6144K, used 8K [0x00000000fec00000, 0x00000000ff2a0000, 0x00000000ff2a0000)
  eden space 5504K,   0% used [0x00000000fec00000, 0x00000000fec00000, 0x00000000ff160000)
  from space 640K,   1% used [0x00000000ff160000, 0x00000000ff162040, 0x00000000ff200000)
  to   space 640K,   0% used [0x00000000ff200000, 0x00000000ff200000, 0x00000000ff2a0000)
 concurrent mark-sweep generation total 13696K, used 10431K [0x00000000ff2a0000, 0x0000000100000000, 0x0000000100000000)
 Metaspace       used 5078K, capacity 5258K, committed 5504K, reserved 1056768K
  class space    used 557K, capacity 597K, committed 640K, reserved 1048576K
}
{Heap before GC invocations=577 (full 65):
 par new generation   total 6144K, used 5237K [0x00000000fec00000, 0x00000000ff2a0000, 0x00000000ff2a0000)
  eden space 5504K,  95% used [0x00000000fec00000, 0x00000000ff11b658, 0x00000000ff160000)
  from space 640K,   1% used [0x00000000ff160000, 0x00000000ff162040, 0x00000000ff200000)
  to   space 640K,   0% used [0x00000000ff200000, 0x00000000ff200000, 0x00000000ff2a0000)
 concurrent mark-sweep generation total 13696K, used 10431K [0x00000000ff2a0000, 0x0000000100000000, 0x0000000100000000)
 Metaspace       used 5078K, capacity 5258K, committed 5504K, reserved 1056768K
  class space    used 557K, capacity 597K, committed 640K, reserved 1048576K
2024-07-16T17:10:17.883+0800: 4.552: [GC (Allocation Failure) 2024-07-16T17:10:17.883+0800: 4.552: [ParNew: 5237K->2K(6144K), 0.0006074 secs] 15668K->10433K(19840K), 0.0006620 secs] [Times: user=0.00 sys=0.00, real=0.00 secs] 
Heap after GC invocations=578 (full 65):
 par new generation   total 6144K, used 2K [0x00000000fec00000, 0x00000000ff2a0000, 0x00000000ff2a0000)
  eden space 5504K,   0% used [0x00000000fec00000, 0x00000000fec00000, 0x00000000ff160000)
  from space 640K,   0% used [0x00000000ff200000, 0x00000000ff200810, 0x00000000ff2a0000)
  to   space 640K,   0% used [0x00000000ff160000, 0x00000000ff160000, 0x00000000ff200000)
 concurrent mark-sweep generation total 13696K, used 10431K [0x00000000ff2a0000, 0x0000000100000000, 0x0000000100000000)
 Metaspace       used 5078K, capacity 5258K, committed 5504K, reserved 1056768K
  class space    used 557K, capacity 597K, committed 640K, reserved 1048576K
}
{Heap before GC invocations=578 (full 65):
 par new generation   total 6144K, used 5231K [0x00000000fec00000, 0x00000000ff2a0000, 0x00000000ff2a0000)
  eden space 5504K,  95% used [0x00000000fec00000, 0x00000000ff11b6c0, 0x00000000ff160000)
  from space 640K,   0% used [0x00000000ff200000, 0x00000000ff200810, 0x00000000ff2a0000)
  to   space 640K,   0% used [0x00000000ff160000, 0x00000000ff160000, 0x00000000ff200000)
 concurrent mark-sweep generation total 13696K, used 10431K [0x00000000ff2a0000, 0x0000000100000000, 0x0000000100000000)
 Metaspace       used 5078K, capacity 5258K, committed 5504K, reserved 1056768K
  class space    used 557K, capacity 597K, committed 640K, reserved 1048576K
2024-07-16T17:10:17.890+0800: 4.559: [GC (Allocation Failure) 2024-07-16T17:10:17.890+0800: 4.559: [ParNew: 5231K->8K(6144K), 0.0011468 secs] 15662K->11463K(19840K), 0.0012275 secs] [Times: user=0.00 sys=0.00, real=0.00 secs] 
Heap after GC invocations=579 (full 65):
 par new generation   total 6144K, used 8K [0x00000000fec00000, 0x00000000ff2a0000, 0x00000000ff2a0000)
  eden space 5504K,   0% used [0x00000000fec00000, 0x00000000fec00000, 0x00000000ff160000)
  from space 640K,   1% used [0x00000000ff160000, 0x00000000ff162040, 0x00000000ff200000)
  to   space 640K,   0% used [0x00000000ff200000, 0x00000000ff200000, 0x00000000ff2a0000)
 concurrent mark-sweep generation total 13696K, used 11455K [0x00000000ff2a0000, 0x0000000100000000, 0x0000000100000000)
 Metaspace       used 5078K, capacity 5258K, committed 5504K, reserved 1056768K
  class space    used 557K, capacity 597K, committed 640K, reserved 1048576K
}
{Heap before GC invocations=579 (full 65):
 par new generation   total 6144K, used 5237K [0x00000000fec00000, 0x00000000ff2a0000, 0x00000000ff2a0000)
  eden space 5504K,  95% used [0x00000000fec00000, 0x00000000ff11b700, 0x00000000ff160000)
  from space 640K,   1% used [0x00000000ff160000, 0x00000000ff162040, 0x00000000ff200000)
  to   space 640K,   0% used [0x00000000ff200000, 0x00000000ff200000, 0x00000000ff2a0000)
 concurrent mark-sweep generation total 13696K, used 11455K [0x00000000ff2a0000, 0x0000000100000000, 0x0000000100000000)
 Metaspace       used 5078K, capacity 5258K, committed 5504K, reserved 1056768K
  class space    used 557K, capacity 597K, committed 640K, reserved 1048576K
2024-07-16T17:10:17.898+0800: 4.567: [GC (Allocation Failure) 2024-07-16T17:10:17.898+0800: 4.567: [ParNew: 5237K->10K(6144K), 0.0010779 secs] 16693K->12489K(19840K), 0.0011664 secs] [Times: user=0.00 sys=0.00, real=0.00 secs] 
Heap after GC invocations=580 (full 65):
 par new generation   total 6144K, used 10K [0x00000000fec00000, 0x00000000ff2a0000, 0x00000000ff2a0000)
  eden space 5504K,   0% used [0x00000000fec00000, 0x00000000fec00000, 0x00000000ff160000)
  from space 640K,   1% used [0x00000000ff200000, 0x00000000ff202850, 0x00000000ff2a0000)
  to   space 640K,   0% used [0x00000000ff160000, 0x00000000ff160000, 0x00000000ff200000)
 concurrent mark-sweep generation total 13696K, used 12479K [0x00000000ff2a0000, 0x0000000100000000, 0x0000000100000000)
 Metaspace       used 5078K, capacity 5258K, committed 5504K, reserved 1056768K
  class space    used 557K, capacity 597K, committed 640K, reserved 1048576K
}
{Heap before GC invocations=580 (full 65):
 par new generation   total 6144K, used 5239K [0x00000000fec00000, 0x00000000ff2a0000, 0x00000000ff2a0000)
  eden space 5504K,  95% used [0x00000000fec00000, 0x00000000ff11b730, 0x00000000ff160000)
  from space 640K,   1% used [0x00000000ff200000, 0x00000000ff202850, 0x00000000ff2a0000)
  to   space 640K,   0% used [0x00000000ff160000, 0x00000000ff160000, 0x00000000ff200000)
 concurrent mark-sweep generation total 13696K, used 12479K [0x00000000ff2a0000, 0x0000000100000000, 0x0000000100000000)
 Metaspace       used 5078K, capacity 5258K, committed 5504K, reserved 1056768K
  class space    used 557K, capacity 597K, committed 640K, reserved 1048576K
2024-07-16T17:10:17.906+0800: 4.575: [GC (Allocation Failure) 2024-07-16T17:10:17.906+0800: 4.575: [ParNew: 5239K->5239K(6144K), 0.0000231 secs]2024-07-16T17:10:17.906+0800: 4.575: [CMS2024-07-16T17:10:17.906+0800: 4.575: [CMS-concurrent-abortable-preclean: 0.001/0.041 secs] [Times: user=0.00 sys=0.00, real=0.04 secs] 
 (concurrent mode failure): 12479K->2220K(13696K), 0.0052984 secs] 17719K->2220K(19840K), [Metaspace: 5078K->5078K(1056768K)], 0.0053902 secs] [Times: user=0.02 sys=0.00, real=0.01 secs] 
Heap after GC invocations=581 (full 66):
 par new generation   total 6144K, used 0K [0x00000000fec00000, 0x00000000ff2a0000, 0x00000000ff2a0000)
  eden space 5504K,   0% used [0x00000000fec00000, 0x00000000fec00000, 0x00000000ff160000)
  from space 640K,   0% used [0x00000000ff200000, 0x00000000ff200000, 0x00000000ff2a0000)
  to   space 640K,   0% used [0x00000000ff160000, 0x00000000ff160000, 0x00000000ff200000)
 concurrent mark-sweep generation total 13696K, used 2220K [0x00000000ff2a0000, 0x0000000100000000, 0x0000000100000000)
 Metaspace       used 5078K, capacity 5258K, committed 5504K, reserved 1056768K
  class space    used 557K, capacity 597K, committed 640K, reserved 1048576K
}
{Heap before GC invocations=581 (full 66):
 par new generation   total 6144K, used 5229K [0x00000000fec00000, 0x00000000ff2a0000, 0x00000000ff2a0000)
  eden space 5504K,  95% used [0x00000000fec00000, 0x00000000ff11b748, 0x00000000ff160000)
  from space 640K,   0% used [0x00000000ff200000, 0x00000000ff200000, 0x00000000ff2a0000)
  to   space 640K,   0% used [0x00000000ff160000, 0x00000000ff160000, 0x00000000ff200000)
 concurrent mark-sweep generation total 13696K, used 2220K [0x00000000ff2a0000, 0x0000000100000000, 0x0000000100000000)
 Metaspace       used 5078K, capacity 5258K, committed 5504K, reserved 1056768K
  class space    used 557K, capacity 597K, committed 640K, reserved 1048576K
2024-07-16T17:10:17.919+0800: 4.588: [GC (Allocation Failure) 2024-07-16T17:10:17.919+0800: 4.588: [ParNew: 5229K->4K(6144K), 0.0007954 secs] 7450K->2224K(19840K), 0.0008632 secs] [Times: user=0.00 sys=0.00, real=0.00 secs] 
Heap after GC invocations=582 (full 66):
 par new generation   total 6144K, used 4K [0x00000000fec00000, 0x00000000ff2a0000, 0x00000000ff2a0000)
  eden space 5504K,   0% used [0x00000000fec00000, 0x00000000fec00000, 0x00000000ff160000)
  from space 640K,   0% used [0x00000000ff160000, 0x00000000ff161020, 0x00000000ff200000)
  to   space 640K,   0% used [0x00000000ff200000, 0x00000000ff200000, 0x00000000ff2a0000)
 concurrent mark-sweep generation total 13696K, used 2220K [0x00000000ff2a0000, 0x0000000100000000, 0x0000000100000000)
 Metaspace       used 5078K, capacity 5258K, committed 5504K, reserved 1056768K
  class space    used 557K, capacity 597K, committed 640K, reserved 1048576K
}
{Heap before GC invocations=582 (full 66):
 par new generation   total 6144K, used 5233K [0x00000000fec00000, 0x00000000ff2a0000, 0x00000000ff2a0000)
  eden space 5504K,  95% used [0x00000000fec00000, 0x00000000ff11b758, 0x00000000ff160000)
  from space 640K,   0% used [0x00000000ff160000, 0x00000000ff161020, 0x00000000ff200000)
  to   space 640K,   0% used [0x00000000ff200000, 0x00000000ff200000, 0x00000000ff2a0000)
 concurrent mark-sweep generation total 13696K, used 2220K [0x00000000ff2a0000, 0x0000000100000000, 0x0000000100000000)
 Metaspace       used 5078K, capacity 5258K, committed 5504K, reserved 1056768K
  class space    used 557K, capacity 597K, committed 640K, reserved 1048576K
2024-07-16T17:10:17.927+0800: 4.596: [GC (Allocation Failure) 2024-07-16T17:10:17.927+0800: 4.596: [ParNew: 5233K->4K(6144K), 0.0008091 secs] 7454K->2224K(19840K), 0.0008718 secs] [Times: user=0.00 sys=0.00, real=0.00 secs] 
Heap after GC invocations=583 (full 66):
 par new generation   total 6144K, used 4K [0x00000000fec00000, 0x00000000ff2a0000, 0x00000000ff2a0000)
  eden space 5504K,   0% used [0x00000000fec00000, 0x00000000fec00000, 0x00000000ff160000)
  from space 640K,   0% used [0x00000000ff200000, 0x00000000ff201020, 0x00000000ff2a0000)
  to   space 640K,   0% used [0x00000000ff160000, 0x00000000ff160000, 0x00000000ff200000)
 concurrent mark-sweep generation total 13696K, used 2220K [0x00000000ff2a0000, 0x0000000100000000, 0x0000000100000000)
 Metaspace       used 5078K, capacity 5258K, committed 5504K, reserved 1056768K
  class space    used 557K, capacity 597K, committed 640K, reserved 1048576K
}
{Heap before GC invocations=583 (full 66):
 par new generation   total 6144K, used 5233K [0x00000000fec00000, 0x00000000ff2a0000, 0x00000000ff2a0000)
  eden space 5504K,  95% used [0x00000000fec00000, 0x00000000ff11b768, 0x00000000ff160000)
  from space 640K,   0% used [0x00000000ff200000, 0x00000000ff201020, 0x00000000ff2a0000)
  to   space 640K,   0% used [0x00000000ff160000, 0x00000000ff160000, 0x00000000ff200000)
 concurrent mark-sweep generation total 13696K, used 2220K [0x00000000ff2a0000, 0x0000000100000000, 0x0000000100000000)
 Metaspace       used 5078K, capacity 5258K, committed 5504K, reserved 1056768K
  class space    used 557K, capacity 597K, committed 640K, reserved 1048576K
2024-07-16T17:10:17.935+0800: 4.604: [GC (Allocation Failure) 2024-07-16T17:10:17.935+0800: 4.604: [ParNew: 5233K->10K(6144K), 0.0011670 secs] 7454K->3257K(19840K), 0.0012728 secs] [Times: user=0.00 sys=0.00, real=0.00 secs] 
Heap after GC invocations=584 (full 66):
 par new generation   total 6144K, used 10K [0x00000000fec00000, 0x00000000ff2a0000, 0x00000000ff2a0000)
  eden space 5504K,   0% used [0x00000000fec00000, 0x00000000fec00000, 0x00000000ff160000)
  from space 640K,   1% used [0x00000000ff160000, 0x00000000ff162850, 0x00000000ff200000)
  to   space 640K,   0% used [0x00000000ff200000, 0x00000000ff200000, 0x00000000ff2a0000)
 concurrent mark-sweep generation total 13696K, used 3246K [0x00000000ff2a0000, 0x0000000100000000, 0x0000000100000000)
 Metaspace       used 5078K, capacity 5258K, committed 5504K, reserved 1056768K
  class space    used 557K, capacity 597K, committed 640K, reserved 1048576K
}
{Heap before GC invocations=584 (full 66):
 par new generation   total 6144K, used 5239K [0x00000000fec00000, 0x00000000ff2a0000, 0x00000000ff2a0000)
  eden space 5504K,  95% used [0x00000000fec00000, 0x00000000ff11b770, 0x00000000ff160000)
  from space 640K,   1% used [0x00000000ff160000, 0x00000000ff162850, 0x00000000ff200000)
  to   space 640K,   0% used [0x00000000ff200000, 0x00000000ff200000, 0x00000000ff2a0000)
 concurrent mark-sweep generation total 13696K, used 3246K [0x00000000ff2a0000, 0x0000000100000000, 0x0000000100000000)
 Metaspace       used 5078K, capacity 5258K, committed 5504K, reserved 1056768K
  class space    used 557K, capacity 597K, committed 640K, reserved 1048576K
2024-07-16T17:10:17.943+0800: 4.612: [GC (Allocation Failure) 2024-07-16T17:10:17.943+0800: 4.612: [ParNew: 5239K->4K(6144K), 0.0009721 secs] 8486K->3250K(19840K), 0.0011032 secs] [Times: user=0.00 sys=0.00, real=0.00 secs] 
Heap after GC invocations=585 (full 66):
 par new generation   total 6144K, used 4K [0x00000000fec00000, 0x00000000ff2a0000, 0x00000000ff2a0000)
  eden space 5504K,   0% used [0x00000000fec00000, 0x00000000fec00000, 0x00000000ff160000)
  from space 640K,   0% used [0x00000000ff200000, 0x00000000ff201020, 0x00000000ff2a0000)
  to   space 640K,   0% used [0x00000000ff160000, 0x00000000ff160000, 0x00000000ff200000)
 concurrent mark-sweep generation total 13696K, used 3246K [0x00000000ff2a0000, 0x0000000100000000, 0x0000000100000000)
 Metaspace       used 5078K, capacity 5258K, committed 5504K, reserved 1056768K
  class space    used 557K, capacity 597K, committed 640K, reserved 1048576K
}
{Heap before GC invocations=585 (full 66):
 par new generation   total 6144K, used 5233K [0x00000000fec00000, 0x00000000ff2a0000, 0x00000000ff2a0000)
  eden space 5504K,  95% used [0x00000000fec00000, 0x00000000ff11b770, 0x00000000ff160000)
  from space 640K,   0% used [0x00000000ff200000, 0x00000000ff201020, 0x00000000ff2a0000)
  to   space 640K,   0% used [0x00000000ff160000, 0x00000000ff160000, 0x00000000ff200000)
 concurrent mark-sweep generation total 13696K, used 3246K [0x00000000ff2a0000, 0x0000000100000000, 0x0000000100000000)
 Metaspace       used 5078K, capacity 5258K, committed 5504K, reserved 1056768K
  class space    used 557K, capacity 597K, committed 640K, reserved 1048576K
2024-07-16T17:10:17.951+0800: 4.620: [GC (Allocation Failure) 2024-07-16T17:10:17.951+0800: 4.620: [ParNew: 5233K->10K(6144K), 0.0014285 secs] 8480K->4281K(19840K), 0.0015459 secs] [Times: user=0.00 sys=0.00, real=0.00 secs] 
Heap after GC invocations=586 (full 66):
 par new generation   total 6144K, used 10K [0x00000000fec00000, 0x00000000ff2a0000, 0x00000000ff2a0000)
  eden space 5504K,   0% used [0x00000000fec00000, 0x00000000fec00000, 0x00000000ff160000)
  from space 640K,   1% used [0x00000000ff160000, 0x00000000ff162850, 0x00000000ff200000)
  to   space 640K,   0% used [0x00000000ff200000, 0x00000000ff200000, 0x00000000ff2a0000)
 concurrent mark-sweep generation total 13696K, used 4270K [0x00000000ff2a0000, 0x0000000100000000, 0x0000000100000000)
 Metaspace       used 5078K, capacity 5258K, committed 5504K, reserved 1056768K
  class space    used 557K, capacity 597K, committed 640K, reserved 1048576K
}
{Heap before GC invocations=586 (full 66):
 par new generation   total 6144K, used 5239K [0x00000000fec00000, 0x00000000ff2a0000, 0x00000000ff2a0000)
  eden space 5504K,  95% used [0x00000000fec00000, 0x00000000ff11b778, 0x00000000ff160000)
  from space 640K,   1% used [0x00000000ff160000, 0x00000000ff162850, 0x00000000ff200000)
  to   space 640K,   0% used [0x00000000ff200000, 0x00000000ff200000, 0x00000000ff2a0000)
 concurrent mark-sweep generation total 13696K, used 4270K [0x00000000ff2a0000, 0x0000000100000000, 0x0000000100000000)
 Metaspace       used 5078K, capacity 5258K, committed 5504K, reserved 1056768K
  class space    used 557K, capacity 597K, committed 640K, reserved 1048576K
2024-07-16T17:10:17.960+0800: 4.629: [GC (Allocation Failure) 2024-07-16T17:10:17.960+0800: 4.629: [ParNew: 5239K->4K(6144K), 0.0009573 secs] 9510K->4275K(19840K), 0.0010563 secs] [Times: user=0.00 sys=0.00, real=0.00 secs] 
Heap after GC invocations=587 (full 66):
 par new generation   total 6144K, used 4K [0x00000000fec00000, 0x00000000ff2a0000, 0x00000000ff2a0000)
  eden space 5504K,   0% used [0x00000000fec00000, 0x00000000fec00000, 0x00000000ff160000)
  from space 640K,   0% used [0x00000000ff200000, 0x00000000ff201020, 0x00000000ff2a0000)
  to   space 640K,   0% used [0x00000000ff160000, 0x00000000ff160000, 0x00000000ff200000)
 concurrent mark-sweep generation total 13696K, used 4270K [0x00000000ff2a0000, 0x0000000100000000, 0x0000000100000000)
 Metaspace       used 5078K, capacity 5258K, committed 5504K, reserved 1056768K
  class space    used 557K, capacity 597K, committed 640K, reserved 1048576K
}
{Heap before GC invocations=587 (full 66):
 par new generation   total 6144K, used 5233K [0x00000000fec00000, 0x00000000ff2a0000, 0x00000000ff2a0000)
  eden space 5504K,  95% used [0x00000000fec00000, 0x00000000ff11b778, 0x00000000ff160000)
  from space 640K,   0% used [0x00000000ff200000, 0x00000000ff201020, 0x00000000ff2a0000)
  to   space 640K,   0% used [0x00000000ff160000, 0x00000000ff160000, 0x00000000ff200000)
 concurrent mark-sweep generation total 13696K, used 4270K [0x00000000ff2a0000, 0x0000000100000000, 0x0000000100000000)
 Metaspace       used 5078K, capacity 5258K, committed 5504K, reserved 1056768K
  class space    used 557K, capacity 597K, committed 640K, reserved 1048576K
2024-07-16T17:10:17.969+0800: 4.638: [GC (Allocation Failure) 2024-07-16T17:10:17.969+0800: 4.638: [ParNew: 5233K->4K(6144K), 0.0010431 secs] 9504K->4275K(19840K), 0.0011431 secs] [Times: user=0.00 sys=0.00, real=0.00 secs] 
Heap after GC invocations=588 (full 66):
 par new generation   total 6144K, used 4K [0x00000000fec00000, 0x00000000ff2a0000, 0x00000000ff2a0000)
  eden space 5504K,   0% used [0x00000000fec00000, 0x00000000fec00000, 0x00000000ff160000)
  from space 640K,   0% used [0x00000000ff160000, 0x00000000ff161020, 0x00000000ff200000)
  to   space 640K,   0% used [0x00000000ff200000, 0x00000000ff200000, 0x00000000ff2a0000)
 concurrent mark-sweep generation total 13696K, used 4270K [0x00000000ff2a0000, 0x0000000100000000, 0x0000000100000000)
 Metaspace       used 5078K, capacity 5258K, committed 5504K, reserved 1056768K
  class space    used 557K, capacity 597K, committed 640K, reserved 1048576K
}
{Heap before GC invocations=588 (full 66):
 par new generation   total 6144K, used 5233K [0x00000000fec00000, 0x00000000ff2a0000, 0x00000000ff2a0000)
  eden space 5504K,  95% used [0x00000000fec00000, 0x00000000ff11b778, 0x00000000ff160000)
  from space 640K,   0% used [0x00000000ff160000, 0x00000000ff161020, 0x00000000ff200000)
  to   space 640K,   0% used [0x00000000ff200000, 0x00000000ff200000, 0x00000000ff2a0000)
 concurrent mark-sweep generation total 13696K, used 4270K [0x00000000ff2a0000, 0x0000000100000000, 0x0000000100000000)
 Metaspace       used 5078K, capacity 5258K, committed 5504K, reserved 1056768K
  class space    used 557K, capacity 597K, committed 640K, reserved 1048576K
2024-07-16T17:10:17.978+0800: 4.647: [GC (Allocation Failure) 2024-07-16T17:10:17.978+0800: 4.647: [ParNew: 5233K->4K(6144K), 0.0009613 secs] 9504K->4275K(19840K), 0.0010783 secs] [Times: user=0.00 sys=0.00, real=0.00 secs] 
Heap after GC invocations=589 (full 66):
 par new generation   total 6144K, used 4K [0x00000000fec00000, 0x00000000ff2a0000, 0x00000000ff2a0000)
  eden space 5504K,   0% used [0x00000000fec00000, 0x00000000fec00000, 0x00000000ff160000)
  from space 640K,   0% used [0x00000000ff200000, 0x00000000ff201020, 0x00000000ff2a0000)
  to   space 640K,   0% used [0x00000000ff160000, 0x00000000ff160000, 0x00000000ff200000)
 concurrent mark-sweep generation total 13696K, used 4270K [0x00000000ff2a0000, 0x0000000100000000, 0x0000000100000000)
 Metaspace       used 5078K, capacity 5258K, committed 5504K, reserved 1056768K
  class space    used 557K, capacity 597K, committed 640K, reserved 1048576K
}
{Heap before GC invocations=589 (full 66):
 par new generation   total 6144K, used 5233K [0x00000000fec00000, 0x00000000ff2a0000, 0x00000000ff2a0000)
  eden space 5504K,  95% used [0x00000000fec00000, 0x00000000ff11b778, 0x00000000ff160000)
  from space 640K,   0% used [0x00000000ff200000, 0x00000000ff201020, 0x00000000ff2a0000)
  to   space 640K,   0% used [0x00000000ff160000, 0x00000000ff160000, 0x00000000ff200000)
 concurrent mark-sweep generation total 13696K, used 4270K [0x00000000ff2a0000, 0x0000000100000000, 0x0000000100000000)
 Metaspace       used 5078K, capacity 5258K, committed 5504K, reserved 1056768K
  class space    used 557K, capacity 597K, committed 640K, reserved 1048576K
2024-07-16T17:10:17.985+0800: 4.654: [GC (Allocation Failure) 2024-07-16T17:10:17.985+0800: 4.654: [ParNew: 5233K->6K(6144K), 0.0012161 secs] 9504K->5303K(19840K), 0.0013402 secs] [Times: user=0.00 sys=0.00, real=0.00 secs] 
Heap after GC invocations=590 (full 66):
 par new generation   total 6144K, used 6K [0x00000000fec00000, 0x00000000ff2a0000, 0x00000000ff2a0000)
  eden space 5504K,   0% used [0x00000000fec00000, 0x00000000fec00000, 0x00000000ff160000)
  from space 640K,   0% used [0x00000000ff160000, 0x00000000ff161830, 0x00000000ff200000)
  to   space 640K,   0% used [0x00000000ff200000, 0x00000000ff200000, 0x00000000ff2a0000)
 concurrent mark-sweep generation total 13696K, used 5297K [0x00000000ff2a0000, 0x0000000100000000, 0x0000000100000000)
 Metaspace       used 5078K, capacity 5258K, committed 5504K, reserved 1056768K
  class space    used 557K, capacity 597K, committed 640K, reserved 1048576K
}
{Heap before GC invocations=590 (full 66):
 par new generation   total 6144K, used 5235K [0x00000000fec00000, 0x00000000ff2a0000, 0x00000000ff2a0000)
  eden space 5504K,  95% used [0x00000000fec00000, 0x00000000ff11b778, 0x00000000ff160000)
  from space 640K,   0% used [0x00000000ff160000, 0x00000000ff161830, 0x00000000ff200000)
  to   space 640K,   0% used [0x00000000ff200000, 0x00000000ff200000, 0x00000000ff2a0000)
 concurrent mark-sweep generation total 13696K, used 5297K [0x00000000ff2a0000, 0x0000000100000000, 0x0000000100000000)
 Metaspace       used 5078K, capacity 5258K, committed 5504K, reserved 1056768K
  class space    used 557K, capacity 597K, committed 640K, reserved 1048576K
2024-07-16T17:10:17.993+0800: 4.662: [GC (Allocation Failure) 2024-07-16T17:10:17.993+0800: 4.662: [ParNew: 5235K->10K(6144K), 0.0015007 secs] 10532K->6333K(19840K), 0.0016138 secs] [Times: user=0.00 sys=0.00, real=0.00 secs] 
Heap after GC invocations=591 (full 66):
 par new generation   total 6144K, used 10K [0x00000000fec00000, 0x00000000ff2a0000, 0x00000000ff2a0000)
  eden space 5504K,   0% used [0x00000000fec00000, 0x00000000fec00000, 0x00000000ff160000)
  from space 640K,   1% used [0x00000000ff200000, 0x00000000ff202850, 0x00000000ff2a0000)
  to   space 640K,   0% used [0x00000000ff160000, 0x00000000ff160000, 0x00000000ff200000)
 concurrent mark-sweep generation total 13696K, used 6323K [0x00000000ff2a0000, 0x0000000100000000, 0x0000000100000000)
 Metaspace       used 5078K, capacity 5258K, committed 5504K, reserved 1056768K
  class space    used 557K, capacity 597K, committed 640K, reserved 1048576K
}
{Heap before GC invocations=591 (full 66):
 par new generation   total 6144K, used 5239K [0x00000000fec00000, 0x00000000ff2a0000, 0x00000000ff2a0000)
  eden space 5504K,  95% used [0x00000000fec00000, 0x00000000ff11b778, 0x00000000ff160000)
  from space 640K,   1% used [0x00000000ff200000, 0x00000000ff202850, 0x00000000ff2a0000)
  to   space 640K,   0% used [0x00000000ff160000, 0x00000000ff160000, 0x00000000ff200000)
 concurrent mark-sweep generation total 13696K, used 6323K [0x00000000ff2a0000, 0x0000000100000000, 0x0000000100000000)
 Metaspace       used 5078K, capacity 5258K, committed 5504K, reserved 1056768K
  class space    used 557K, capacity 597K, committed 640K, reserved 1048576K
2024-07-16T17:10:18.001+0800: 4.670: [GC (Allocation Failure) 2024-07-16T17:10:18.001+0800: 4.670: [ParNew: 5239K->6K(6144K), 0.0013797 secs] 11563K->7355K(19840K), 0.0014819 secs] [Times: user=0.16 sys=0.00, real=0.00 secs] 
Heap after GC invocations=592 (full 66):
 par new generation   total 6144K, used 6K [0x00000000fec00000, 0x00000000ff2a0000, 0x00000000ff2a0000)
  eden space 5504K,   0% used [0x00000000fec00000, 0x00000000fec00000, 0x00000000ff160000)
  from space 640K,   0% used [0x00000000ff160000, 0x00000000ff161830, 0x00000000ff200000)
  to   space 640K,   0% used [0x00000000ff200000, 0x00000000ff200000, 0x00000000ff2a0000)
 concurrent mark-sweep generation total 13696K, used 7349K [0x00000000ff2a0000, 0x0000000100000000, 0x0000000100000000)
 Metaspace       used 5078K, capacity 5258K, committed 5504K, reserved 1056768K
  class space    used 557K, capacity 597K, committed 640K, reserved 1048576K
}
{Heap before GC invocations=592 (full 66):
 par new generation   total 6144K, used 5235K [0x00000000fec00000, 0x00000000ff2a0000, 0x00000000ff2a0000)
  eden space 5504K,  95% used [0x00000000fec00000, 0x00000000ff11b778, 0x00000000ff160000)
  from space 640K,   0% used [0x00000000ff160000, 0x00000000ff161830, 0x00000000ff200000)
  to   space 640K,   0% used [0x00000000ff200000, 0x00000000ff200000, 0x00000000ff2a0000)
 concurrent mark-sweep generation total 13696K, used 7349K [0x00000000ff2a0000, 0x0000000100000000, 0x0000000100000000)
 Metaspace       used 5078K, capacity 5258K, committed 5504K, reserved 1056768K
  class space    used 557K, capacity 597K, committed 640K, reserved 1048576K
2024-07-16T17:10:18.009+0800: 4.678: [GC (Allocation Failure) 2024-07-16T17:10:18.009+0800: 4.678: [ParNew: 5235K->10K(6144K), 0.0011532 secs] 12585K->8385K(19840K), 0.0012561 secs] [Times: user=0.00 sys=0.00, real=0.00 secs] 
Heap after GC invocations=593 (full 66):
 par new generation   total 6144K, used 10K [0x00000000fec00000, 0x00000000ff2a0000, 0x00000000ff2a0000)
  eden space 5504K,   0% used [0x00000000fec00000, 0x00000000fec00000, 0x00000000ff160000)
  from space 640K,   1% used [0x00000000ff200000, 0x00000000ff202850, 0x00000000ff2a0000)
  to   space 640K,   0% used [0x00000000ff160000, 0x00000000ff160000, 0x00000000ff200000)
 concurrent mark-sweep generation total 13696K, used 8375K [0x00000000ff2a0000, 0x0000000100000000, 0x0000000100000000)
 Metaspace       used 5078K, capacity 5258K, committed 5504K, reserved 1056768K
  class space    used 557K, capacity 597K, committed 640K, reserved 1048576K
}
2024-07-16T17:10:18.010+0800: 4.679: [GC (CMS Initial Mark) [1 CMS-initial-mark: 8375K(13696K)] 9411K(19840K), 0.0004663 secs] [Times: user=0.00 sys=0.00, real=0.00 secs] 
2024-07-16T17:10:18.011+0800: 4.680: [CMS-concurrent-mark-start]
2024-07-16T17:10:18.017+0800: 4.686: [CMS-concurrent-mark: 0.006/0.006 secs] [Times: user=0.00 sys=0.00, real=0.01 secs] 
2024-07-16T17:10:18.017+0800: 4.686: [CMS-concurrent-preclean-start]
2024-07-16T17:10:18.017+0800: 4.686: [CMS-concurrent-preclean: 0.000/0.000 secs] [Times: user=0.00 sys=0.00, real=0.00 secs] 
2024-07-16T17:10:18.017+0800: 4.686: [CMS-concurrent-abortable-preclean-start]
{Heap before GC invocations=593 (full 67):
 par new generation   total 6144K, used 5239K [0x00000000fec00000, 0x00000000ff2a0000, 0x00000000ff2a0000)
  eden space 5504K,  95% used [0x00000000fec00000, 0x00000000ff11b778, 0x00000000ff160000)
  from space 640K,   1% used [0x00000000ff200000, 0x00000000ff202850, 0x00000000ff2a0000)
  to   space 640K,   0% used [0x00000000ff160000, 0x00000000ff160000, 0x00000000ff200000)
 concurrent mark-sweep generation total 13696K, used 8375K [0x00000000ff2a0000, 0x0000000100000000, 0x0000000100000000)
 Metaspace       used 5078K, capacity 5258K, committed 5504K, reserved 1056768K
  class space    used 557K, capacity 597K, committed 640K, reserved 1048576K
2024-07-16T17:10:18.020+0800: 4.689: [GC (Allocation Failure) 2024-07-16T17:10:18.020+0800: 4.689: [ParNew: 5239K->6K(6144K), 0.0018237 secs] 13615K->9405K(19840K), 0.0020096 secs] [Times: user=0.00 sys=0.00, real=0.00 secs] 
Heap after GC invocations=594 (full 67):
 par new generation   total 6144K, used 6K [0x00000000fec00000, 0x00000000ff2a0000, 0x00000000ff2a0000)
  eden space 5504K,   0% used [0x00000000fec00000, 0x00000000fec00000, 0x00000000ff160000)
  from space 640K,   0% used [0x00000000ff160000, 0x00000000ff161830, 0x00000000ff200000)
  to   space 640K,   0% used [0x00000000ff200000, 0x00000000ff200000, 0x00000000ff2a0000)
 concurrent mark-sweep generation total 13696K, used 9399K [0x00000000ff2a0000, 0x0000000100000000, 0x0000000100000000)
 Metaspace       used 5078K, capacity 5258K, committed 5504K, reserved 1056768K
  class space    used 557K, capacity 597K, committed 640K, reserved 1048576K
}
{Heap before GC invocations=594 (full 67):
 par new generation   total 6144K, used 5235K [0x00000000fec00000, 0x00000000ff2a0000, 0x00000000ff2a0000)
  eden space 5504K,  95% used [0x00000000fec00000, 0x00000000ff11b780, 0x00000000ff160000)
  from space 640K,   0% used [0x00000000ff160000, 0x00000000ff161830, 0x00000000ff200000)
  to   space 640K,   0% used [0x00000000ff200000, 0x00000000ff200000, 0x00000000ff2a0000)
 concurrent mark-sweep generation total 13696K, used 9399K [0x00000000ff2a0000, 0x0000000100000000, 0x0000000100000000)
 Metaspace       used 5078K, capacity 5258K, committed 5504K, reserved 1056768K
  class space    used 557K, capacity 597K, committed 640K, reserved 1048576K
2024-07-16T17:10:18.037+0800: 4.706: [GC (Allocation Failure) 2024-07-16T17:10:18.037+0800: 4.706: [ParNew: 5235K->4K(6144K), 0.0012522 secs] 14635K->9403K(19840K), 0.0013980 secs] [Times: user=0.00 sys=0.00, real=0.00 secs] 
Heap after GC invocations=595 (full 67):
 par new generation   total 6144K, used 4K [0x00000000fec00000, 0x00000000ff2a0000, 0x00000000ff2a0000)
  eden space 5504K,   0% used [0x00000000fec00000, 0x00000000fec00000, 0x00000000ff160000)
  from space 640K,   0% used [0x00000000ff200000, 0x00000000ff201020, 0x00000000ff2a0000)
  to   space 640K,   0% used [0x00000000ff160000, 0x00000000ff160000, 0x00000000ff200000)
 concurrent mark-sweep generation total 13696K, used 9399K [0x00000000ff2a0000, 0x0000000100000000, 0x0000000100000000)
 Metaspace       used 5078K, capacity 5258K, committed 5504K, reserved 1056768K
  class space    used 557K, capacity 597K, committed 640K, reserved 1048576K
}
{Heap before GC invocations=595 (full 67):
 par new generation   total 6144K, used 5233K [0x00000000fec00000, 0x00000000ff2a0000, 0x00000000ff2a0000)
  eden space 5504K,  95% used [0x00000000fec00000, 0x00000000ff11b780, 0x00000000ff160000)
  from space 640K,   0% used [0x00000000ff200000, 0x00000000ff201020, 0x00000000ff2a0000)
  to   space 640K,   0% used [0x00000000ff160000, 0x00000000ff160000, 0x00000000ff200000)
 concurrent mark-sweep generation total 13696K, used 9399K [0x00000000ff2a0000, 0x0000000100000000, 0x0000000100000000)
 Metaspace       used 5078K, capacity 5258K, committed 5504K, reserved 1056768K
  class space    used 557K, capacity 597K, committed 640K, reserved 1048576K
2024-07-16T17:10:18.047+0800: 4.716: [GC (Allocation Failure) 2024-07-16T17:10:18.047+0800: 4.716: [ParNew: 5233K->4K(6144K), 0.0006121 secs] 14633K->9403K(19840K), 0.0007020 secs] [Times: user=0.00 sys=0.00, real=0.00 secs] 
Heap after GC invocations=596 (full 67):
 par new generation   total 6144K, used 4K [0x00000000fec00000, 0x00000000ff2a0000, 0x00000000ff2a0000)
  eden space 5504K,   0% used [0x00000000fec00000, 0x00000000fec00000, 0x00000000ff160000)
  from space 640K,   0% used [0x00000000ff160000, 0x00000000ff161020, 0x00000000ff200000)
  to   space 640K,   0% used [0x00000000ff200000, 0x00000000ff200000, 0x00000000ff2a0000)
 concurrent mark-sweep generation total 13696K, used 9399K [0x00000000ff2a0000, 0x0000000100000000, 0x0000000100000000)
 Metaspace       used 5078K, capacity 5258K, committed 5504K, reserved 1056768K
  class space    used 557K, capacity 597K, committed 640K, reserved 1048576K
}
{Heap before GC invocations=596 (full 67):
 par new generation   total 6144K, used 5233K [0x00000000fec00000, 0x00000000ff2a0000, 0x00000000ff2a0000)
  eden space 5504K,  95% used [0x00000000fec00000, 0x00000000ff11b780, 0x00000000ff160000)
  from space 640K,   0% used [0x00000000ff160000, 0x00000000ff161020, 0x00000000ff200000)
  to   space 640K,   0% used [0x00000000ff200000, 0x00000000ff200000, 0x00000000ff2a0000)
 concurrent mark-sweep generation total 13696K, used 9399K [0x00000000ff2a0000, 0x0000000100000000, 0x0000000100000000)
 Metaspace       used 5078K, capacity 5258K, committed 5504K, reserved 1056768K
  class space    used 557K, capacity 597K, committed 640K, reserved 1048576K
2024-07-16T17:10:18.057+0800: 4.726: [GC (Allocation Failure) 2024-07-16T17:10:18.057+0800: 4.726: [ParNew: 5233K->4K(6144K), 0.0003746 secs] 14633K->9403K(19840K), 0.0004401 secs] [Times: user=0.00 sys=0.00, real=0.00 secs] 
Heap after GC invocations=597 (full 67):
 par new generation   total 6144K, used 4K [0x00000000fec00000, 0x00000000ff2a0000, 0x00000000ff2a0000)
  eden space 5504K,   0% used [0x00000000fec00000, 0x00000000fec00000, 0x00000000ff160000)
  from space 640K,   0% used [0x00000000ff200000, 0x00000000ff201020, 0x00000000ff2a0000)
  to   space 640K,   0% used [0x00000000ff160000, 0x00000000ff160000, 0x00000000ff200000)
 concurrent mark-sweep generation total 13696K, used 9399K [0x00000000ff2a0000, 0x0000000100000000, 0x0000000100000000)
 Metaspace       used 5078K, capacity 5258K, committed 5504K, reserved 1056768K
  class space    used 557K, capacity 597K, committed 640K, reserved 1048576K
}
{Heap before GC invocations=597 (full 67):
 par new generation   total 6144K, used 5233K [0x00000000fec00000, 0x00000000ff2a0000, 0x00000000ff2a0000)
  eden space 5504K,  95% used [0x00000000fec00000, 0x00000000ff11b780, 0x00000000ff160000)
  from space 640K,   0% used [0x00000000ff200000, 0x00000000ff201020, 0x00000000ff2a0000)
  to   space 640K,   0% used [0x00000000ff160000, 0x00000000ff160000, 0x00000000ff200000)
 concurrent mark-sweep generation total 13696K, used 9399K [0x00000000ff2a0000, 0x0000000100000000, 0x0000000100000000)
 Metaspace       used 5078K, capacity 5258K, committed 5504K, reserved 1056768K
  class space    used 557K, capacity 597K, committed 640K, reserved 1048576K
2024-07-16T17:10:18.066+0800: 4.734: [GC (Allocation Failure) 2024-07-16T17:10:18.066+0800: 4.735: [ParNew: 5233K->4K(6144K), 0.0006898 secs] 14633K->9403K(19840K), 0.0007541 secs] [Times: user=0.00 sys=0.00, real=0.00 secs] 
Heap after GC invocations=598 (full 67):
 par new generation   total 6144K, used 4K [0x00000000fec00000, 0x00000000ff2a0000, 0x00000000ff2a0000)
  eden space 5504K,   0% used [0x00000000fec00000, 0x00000000fec00000, 0x00000000ff160000)
  from space 640K,   0% used [0x00000000ff160000, 0x00000000ff161020, 0x00000000ff200000)
  to   space 640K,   0% used [0x00000000ff200000, 0x00000000ff200000, 0x00000000ff2a0000)
 concurrent mark-sweep generation total 13696K, used 9399K [0x00000000ff2a0000, 0x0000000100000000, 0x0000000100000000)
 Metaspace       used 5078K, capacity 5258K, committed 5504K, reserved 1056768K
  class space    used 557K, capacity 597K, committed 640K, reserved 1048576K
}
{Heap before GC invocations=598 (full 67):
 par new generation   total 6144K, used 5233K [0x00000000fec00000, 0x00000000ff2a0000, 0x00000000ff2a0000)
  eden space 5504K,  95% used [0x00000000fec00000, 0x00000000ff11b780, 0x00000000ff160000)
  from space 640K,   0% used [0x00000000ff160000, 0x00000000ff161020, 0x00000000ff200000)
  to   space 640K,   0% used [0x00000000ff200000, 0x00000000ff200000, 0x00000000ff2a0000)
 concurrent mark-sweep generation total 13696K, used 9399K [0x00000000ff2a0000, 0x0000000100000000, 0x0000000100000000)
 Metaspace       used 5078K, capacity 5258K, committed 5504K, reserved 1056768K
  class space    used 557K, capacity 597K, committed 640K, reserved 1048576K
2024-07-16T17:10:18.074+0800: 4.743: [GC (Allocation Failure) 2024-07-16T17:10:18.074+0800: 4.743: [ParNew: 5233K->8K(6144K), 0.0004873 secs] 14633K->10433K(19840K), 0.0005810 secs] [Times: user=0.00 sys=0.00, real=0.00 secs] 
Heap after GC invocations=599 (full 67):
 par new generation   total 6144K, used 8K [0x00000000fec00000, 0x00000000ff2a0000, 0x00000000ff2a0000)
  eden space 5504K,   0% used [0x00000000fec00000, 0x00000000fec00000, 0x00000000ff160000)
  from space 640K,   1% used [0x00000000ff200000, 0x00000000ff202040, 0x00000000ff2a0000)
  to   space 640K,   0% used [0x00000000ff160000, 0x00000000ff160000, 0x00000000ff200000)
 concurrent mark-sweep generation total 13696K, used 10425K [0x00000000ff2a0000, 0x0000000100000000, 0x0000000100000000)
 Metaspace       used 5078K, capacity 5258K, committed 5504K, reserved 1056768K
  class space    used 557K, capacity 597K, committed 640K, reserved 1048576K
}
{Heap before GC invocations=599 (full 67):
 par new generation   total 6144K, used 5237K [0x00000000fec00000, 0x00000000ff2a0000, 0x00000000ff2a0000)
  eden space 5504K,  95% used [0x00000000fec00000, 0x00000000ff11b780, 0x00000000ff160000)
  from space 640K,   1% used [0x00000000ff200000, 0x00000000ff202040, 0x00000000ff2a0000)
  to   space 640K,   0% used [0x00000000ff160000, 0x00000000ff160000, 0x00000000ff200000)
 concurrent mark-sweep generation total 13696K, used 10425K [0x00000000ff2a0000, 0x0000000100000000, 0x0000000100000000)
 Metaspace       used 5078K, capacity 5258K, committed 5504K, reserved 1056768K
  class space    used 557K, capacity 597K, committed 640K, reserved 1048576K
2024-07-16T17:10:18.082+0800: 4.751: [GC (Allocation Failure) 2024-07-16T17:10:18.082+0800: 4.751: [ParNew: 5237K->10K(6144K), 0.0004097 secs] 15663K->11459K(19840K), 0.0004577 secs] [Times: user=0.00 sys=0.00, real=0.00 secs] 
Heap after GC invocations=600 (full 67):
 par new generation   total 6144K, used 10K [0x00000000fec00000, 0x00000000ff2a0000, 0x00000000ff2a0000)
  eden space 5504K,   0% used [0x00000000fec00000, 0x00000000fec00000, 0x00000000ff160000)
  from space 640K,   1% used [0x00000000ff160000, 0x00000000ff162850, 0x00000000ff200000)
  to   space 640K,   0% used [0x00000000ff200000, 0x00000000ff200000, 0x00000000ff2a0000)
 concurrent mark-sweep generation total 13696K, used 11449K [0x00000000ff2a0000, 0x0000000100000000, 0x0000000100000000)
 Metaspace       used 5078K, capacity 5258K, committed 5504K, reserved 1056768K
  class space    used 557K, capacity 597K, committed 640K, reserved 1048576K
}
{Heap before GC invocations=600 (full 67):
 par new generation   total 6144K, used 5239K [0x00000000fec00000, 0x00000000ff2a0000, 0x00000000ff2a0000)
  eden space 5504K,  95% used [0x00000000fec00000, 0x00000000ff11b780, 0x00000000ff160000)
  from space 640K,   1% used [0x00000000ff160000, 0x00000000ff162850, 0x00000000ff200000)
  to   space 640K,   0% used [0x00000000ff200000, 0x00000000ff200000, 0x00000000ff2a0000)
 concurrent mark-sweep generation total 13696K, used 11449K [0x00000000ff2a0000, 0x0000000100000000, 0x0000000100000000)
 Metaspace       used 5078K, capacity 5258K, committed 5504K, reserved 1056768K
  class space    used 557K, capacity 597K, committed 640K, reserved 1048576K
2024-07-16T17:10:18.090+0800: 4.759: [GC (Allocation Failure) 2024-07-16T17:10:18.090+0800: 4.759: [ParNew: 5239K->4K(6144K), 0.0002902 secs] 16689K->11453K(19840K), 0.0003280 secs] [Times: user=0.00 sys=0.00, real=0.00 secs] 
Heap after GC invocations=601 (full 67):
 par new generation   total 6144K, used 4K [0x00000000fec00000, 0x00000000ff2a0000, 0x00000000ff2a0000)
  eden space 5504K,   0% used [0x00000000fec00000, 0x00000000fec00000, 0x00000000ff160000)
  from space 640K,   0% used [0x00000000ff200000, 0x00000000ff201020, 0x00000000ff2a0000)
  to   space 640K,   0% used [0x00000000ff160000, 0x00000000ff160000, 0x00000000ff200000)
 concurrent mark-sweep generation total 13696K, used 11449K [0x00000000ff2a0000, 0x0000000100000000, 0x0000000100000000)
 Metaspace       used 5078K, capacity 5258K, committed 5504K, reserved 1056768K
  class space    used 557K, capacity 597K, committed 640K, reserved 1048576K
}
{Heap before GC invocations=601 (full 67):
 par new generation   total 6144K, used 5233K [0x00000000fec00000, 0x00000000ff2a0000, 0x00000000ff2a0000)
  eden space 5504K,  95% used [0x00000000fec00000, 0x00000000ff11b780, 0x00000000ff160000)
  from space 640K,   0% used [0x00000000ff200000, 0x00000000ff201020, 0x00000000ff2a0000)
  to   space 640K,   0% used [0x00000000ff160000, 0x00000000ff160000, 0x00000000ff200000)
 concurrent mark-sweep generation total 13696K, used 11449K [0x00000000ff2a0000, 0x0000000100000000, 0x0000000100000000)
 Metaspace       used 5078K, capacity 5258K, committed 5504K, reserved 1056768K
  class space    used 557K, capacity 597K, committed 640K, reserved 1048576K
2024-07-16T17:10:18.096+0800: 4.765: [GC (Allocation Failure) 2024-07-16T17:10:18.096+0800: 4.765: [ParNew: 5233K->8K(6144K), 0.0004975 secs] 16683K->12481K(19840K), 0.0005366 secs] [Times: user=0.00 sys=0.00, real=0.00 secs] 
Heap after GC invocations=602 (full 67):
 par new generation   total 6144K, used 8K [0x00000000fec00000, 0x00000000ff2a0000, 0x00000000ff2a0000)
  eden space 5504K,   0% used [0x00000000fec00000, 0x00000000fec00000, 0x00000000ff160000)
  from space 640K,   1% used [0x00000000ff160000, 0x00000000ff162040, 0x00000000ff200000)
  to   space 640K,   0% used [0x00000000ff200000, 0x00000000ff200000, 0x00000000ff2a0000)
 concurrent mark-sweep generation total 13696K, used 12473K [0x00000000ff2a0000, 0x0000000100000000, 0x0000000100000000)
 Metaspace       used 5078K, capacity 5258K, committed 5504K, reserved 1056768K
  class space    used 557K, capacity 597K, committed 640K, reserved 1048576K
}
{Heap before GC invocations=602 (full 67):
 par new generation   total 6144K, used 5237K [0x00000000fec00000, 0x00000000ff2a0000, 0x00000000ff2a0000)
  eden space 5504K,  95% used [0x00000000fec00000, 0x00000000ff11b780, 0x00000000ff160000)
  from space 640K,   1% used [0x00000000ff160000, 0x00000000ff162040, 0x00000000ff200000)
  to   space 640K,   0% used [0x00000000ff200000, 0x00000000ff200000, 0x00000000ff2a0000)
 concurrent mark-sweep generation total 13696K, used 12473K [0x00000000ff2a0000, 0x0000000100000000, 0x0000000100000000)
 Metaspace       used 5078K, capacity 5258K, committed 5504K, reserved 1056768K
  class space    used 557K, capacity 597K, committed 640K, reserved 1048576K
2024-07-16T17:10:18.103+0800: 4.772: [GC (Allocation Failure) 2024-07-16T17:10:18.103+0800: 4.772: [ParNew: 5237K->5237K(6144K), 0.0000093 secs]2024-07-16T17:10:18.103+0800: 4.772: [CMS2024-07-16T17:10:18.103+0800: 4.772: [CMS-concurrent-abortable-preclean: 0.001/0.085 secs] [Times: user=0.00 sys=0.00, real=0.09 secs] 
 (concurrent mode failure): 12473K->2220K(13696K), 0.0023061 secs] 17711K->2220K(19840K), [Metaspace: 5078K->5078K(1056768K)], 0.0023608 secs] [Times: user=0.00 sys=0.00, real=0.00 secs] 
Heap after GC invocations=603 (full 68):
 par new generation   total 6144K, used 0K [0x00000000fec00000, 0x00000000ff2a0000, 0x00000000ff2a0000)
  eden space 5504K,   0% used [0x00000000fec00000, 0x00000000fec00000, 0x00000000ff160000)
  from space 640K,   0% used [0x00000000ff160000, 0x00000000ff160000, 0x00000000ff200000)
  to   space 640K,   0% used [0x00000000ff200000, 0x00000000ff200000, 0x00000000ff2a0000)
 concurrent mark-sweep generation total 13696K, used 2220K [0x00000000ff2a0000, 0x0000000100000000, 0x0000000100000000)
 Metaspace       used 5078K, capacity 5258K, committed 5504K, reserved 1056768K
  class space    used 557K, capacity 597K, committed 640K, reserved 1048576K
}
{Heap before GC invocations=603 (full 68):
 par new generation   total 6144K, used 5229K [0x00000000fec00000, 0x00000000ff2a0000, 0x00000000ff2a0000)
  eden space 5504K,  95% used [0x00000000fec00000, 0x00000000ff11b780, 0x00000000ff160000)
  from space 640K,   0% used [0x00000000ff160000, 0x00000000ff160000, 0x00000000ff200000)
  to   space 640K,   0% used [0x00000000ff200000, 0x00000000ff200000, 0x00000000ff2a0000)
 concurrent mark-sweep generation total 13696K, used 2220K [0x00000000ff2a0000, 0x0000000100000000, 0x0000000100000000)
 Metaspace       used 5078K, capacity 5258K, committed 5504K, reserved 1056768K
  class space    used 557K, capacity 597K, committed 640K, reserved 1048576K
2024-07-16T17:10:18.111+0800: 4.780: [GC (Allocation Failure) 2024-07-16T17:10:18.111+0800: 4.780: [ParNew: 5229K->8K(6144K), 0.0013173 secs] 7450K->3255K(19840K), 0.0014541 secs] [Times: user=0.16 sys=0.00, real=0.00 secs] 
Heap after GC invocations=604 (full 68):
 par new generation   total 6144K, used 8K [0x00000000fec00000, 0x00000000ff2a0000, 0x00000000ff2a0000)
  eden space 5504K,   0% used [0x00000000fec00000, 0x00000000fec00000, 0x00000000ff160000)
  from space 640K,   1% used [0x00000000ff200000, 0x00000000ff202040, 0x00000000ff2a0000)
  to   space 640K,   0% used [0x00000000ff160000, 0x00000000ff160000, 0x00000000ff200000)
 concurrent mark-sweep generation total 13696K, used 3246K [0x00000000ff2a0000, 0x0000000100000000, 0x0000000100000000)
 Metaspace       used 5078K, capacity 5258K, committed 5504K, reserved 1056768K
  class space    used 557K, capacity 597K, committed 640K, reserved 1048576K
}
{Heap before GC invocations=604 (full 68):
 par new generation   total 6144K, used 5237K [0x00000000fec00000, 0x00000000ff2a0000, 0x00000000ff2a0000)
  eden space 5504K,  95% used [0x00000000fec00000, 0x00000000ff11b780, 0x00000000ff160000)
  from space 640K,   1% used [0x00000000ff200000, 0x00000000ff202040, 0x00000000ff2a0000)
  to   space 640K,   0% used [0x00000000ff160000, 0x00000000ff160000, 0x00000000ff200000)
 concurrent mark-sweep generation total 13696K, used 3246K [0x00000000ff2a0000, 0x0000000100000000, 0x0000000100000000)
 Metaspace       used 5078K, capacity 5258K, committed 5504K, reserved 1056768K
  class space    used 557K, capacity 597K, committed 640K, reserved 1048576K
2024-07-16T17:10:18.120+0800: 4.789: [GC (Allocation Failure) 2024-07-16T17:10:18.120+0800: 4.789: [ParNew: 5237K->4K(6144K), 0.0004072 secs] 8484K->3250K(19840K), 0.0004515 secs] [Times: user=0.00 sys=0.00, real=0.00 secs] 
Heap after GC invocations=605 (full 68):
 par new generation   total 6144K, used 4K [0x00000000fec00000, 0x00000000ff2a0000, 0x00000000ff2a0000)
  eden space 5504K,   0% used [0x00000000fec00000, 0x00000000fec00000, 0x00000000ff160000)
  from space 640K,   0% used [0x00000000ff160000, 0x00000000ff161020, 0x00000000ff200000)
  to   space 640K,   0% used [0x00000000ff200000, 0x00000000ff200000, 0x00000000ff2a0000)
 concurrent mark-sweep generation total 13696K, used 3246K [0x00000000ff2a0000, 0x0000000100000000, 0x0000000100000000)
 Metaspace       used 5078K, capacity 5258K, committed 5504K, reserved 1056768K
  class space    used 557K, capacity 597K, committed 640K, reserved 1048576K
}
{Heap before GC invocations=605 (full 68):
 par new generation   total 6144K, used 5233K [0x00000000fec00000, 0x00000000ff2a0000, 0x00000000ff2a0000)
  eden space 5504K,  95% used [0x00000000fec00000, 0x00000000ff11b780, 0x00000000ff160000)
  from space 640K,   0% used [0x00000000ff160000, 0x00000000ff161020, 0x00000000ff200000)
  to   space 640K,   0% used [0x00000000ff200000, 0x00000000ff200000, 0x00000000ff2a0000)
 concurrent mark-sweep generation total 13696K, used 3246K [0x00000000ff2a0000, 0x0000000100000000, 0x0000000100000000)
 Metaspace       used 5078K, capacity 5258K, committed 5504K, reserved 1056768K
  class space    used 557K, capacity 597K, committed 640K, reserved 1048576K
2024-07-16T17:10:18.126+0800: 4.795: [GC (Allocation Failure) 2024-07-16T17:10:18.126+0800: 4.795: [ParNew: 5233K->8K(6144K), 0.0005572 secs] 8480K->4281K(19840K), 0.0005889 secs] [Times: user=0.00 sys=0.00, real=0.00 secs] 
Heap after GC invocations=606 (full 68):
 par new generation   total 6144K, used 8K [0x00000000fec00000, 0x00000000ff2a0000, 0x00000000ff2a0000)
  eden space 5504K,   0% used [0x00000000fec00000, 0x00000000fec00000, 0x00000000ff160000)
  from space 640K,   1% used [0x00000000ff200000, 0x00000000ff202040, 0x00000000ff2a0000)
  to   space 640K,   0% used [0x00000000ff160000, 0x00000000ff160000, 0x00000000ff200000)
 concurrent mark-sweep generation total 13696K, used 4273K [0x00000000ff2a0000, 0x0000000100000000, 0x0000000100000000)
 Metaspace       used 5078K, capacity 5258K, committed 5504K, reserved 1056768K
  class space    used 557K, capacity 597K, committed 640K, reserved 1048576K
}
{Heap before GC invocations=606 (full 68):
 par new generation   total 6144K, used 5237K [0x00000000fec00000, 0x00000000ff2a0000, 0x00000000ff2a0000)
  eden space 5504K,  95% used [0x00000000fec00000, 0x00000000ff11b780, 0x00000000ff160000)
  from space 640K,   1% used [0x00000000ff200000, 0x00000000ff202040, 0x00000000ff2a0000)
  to   space 640K,   0% used [0x00000000ff160000, 0x00000000ff160000, 0x00000000ff200000)
 concurrent mark-sweep generation total 13696K, used 4273K [0x00000000ff2a0000, 0x0000000100000000, 0x0000000100000000)
 Metaspace       used 5078K, capacity 5258K, committed 5504K, reserved 1056768K
  class space    used 557K, capacity 597K, committed 640K, reserved 1048576K
2024-07-16T17:10:18.132+0800: 4.801: [GC (Allocation Failure) 2024-07-16T17:10:18.132+0800: 4.801: [ParNew: 5237K->8K(6144K), 0.0009739 secs] 9510K->5307K(19840K), 0.0010706 secs] [Times: user=0.00 sys=0.00, real=0.00 secs] 
Heap after GC invocations=607 (full 68):
 par new generation   total 6144K, used 8K [0x00000000fec00000, 0x00000000ff2a0000, 0x00000000ff2a0000)
  eden space 5504K,   0% used [0x00000000fec00000, 0x00000000fec00000, 0x00000000ff160000)
  from space 640K,   1% used [0x00000000ff160000, 0x00000000ff162040, 0x00000000ff200000)
  to   space 640K,   0% used [0x00000000ff200000, 0x00000000ff200000, 0x00000000ff2a0000)
 concurrent mark-sweep generation total 13696K, used 5299K [0x00000000ff2a0000, 0x0000000100000000, 0x0000000100000000)
 Metaspace       used 5078K, capacity 5258K, committed 5504K, reserved 1056768K
  class space    used 557K, capacity 597K, committed 640K, reserved 1048576K
}
{Heap before GC invocations=607 (full 68):
 par new generation   total 6144K, used 5237K [0x00000000fec00000, 0x00000000ff2a0000, 0x00000000ff2a0000)
  eden space 5504K,  95% used [0x00000000fec00000, 0x00000000ff11b780, 0x00000000ff160000)
  from space 640K,   1% used [0x00000000ff160000, 0x00000000ff162040, 0x00000000ff200000)
  to   space 640K,   0% used [0x00000000ff200000, 0x00000000ff200000, 0x00000000ff2a0000)
 concurrent mark-sweep generation total 13696K, used 5299K [0x00000000ff2a0000, 0x0000000100000000, 0x0000000100000000)
 Metaspace       used 5078K, capacity 5258K, committed 5504K, reserved 1056768K
  class space    used 557K, capacity 597K, committed 640K, reserved 1048576K
2024-07-16T17:10:18.140+0800: 4.809: [GC (Allocation Failure) 2024-07-16T17:10:18.140+0800: 4.809: [ParNew: 5237K->8K(6144K), 0.0009120 secs] 10537K->6333K(19840K), 0.0010019 secs] [Times: user=0.00 sys=0.00, real=0.00 secs] 
Heap after GC invocations=608 (full 68):
 par new generation   total 6144K, used 8K [0x00000000fec00000, 0x00000000ff2a0000, 0x00000000ff2a0000)
  eden space 5504K,   0% used [0x00000000fec00000, 0x00000000fec00000, 0x00000000ff160000)
  from space 640K,   1% used [0x00000000ff200000, 0x00000000ff202040, 0x00000000ff2a0000)
  to   space 640K,   0% used [0x00000000ff160000, 0x00000000ff160000, 0x00000000ff200000)
 concurrent mark-sweep generation total 13696K, used 6325K [0x00000000ff2a0000, 0x0000000100000000, 0x0000000100000000)
 Metaspace       used 5078K, capacity 5258K, committed 5504K, reserved 1056768K
  class space    used 557K, capacity 597K, committed 640K, reserved 1048576K
}
{Heap before GC invocations=608 (full 68):
 par new generation   total 6144K, used 5237K [0x00000000fec00000, 0x00000000ff2a0000, 0x00000000ff2a0000)
  eden space 5504K,  95% used [0x00000000fec00000, 0x00000000ff11b780, 0x00000000ff160000)
  from space 640K,   1% used [0x00000000ff200000, 0x00000000ff202040, 0x00000000ff2a0000)
  to   space 640K,   0% used [0x00000000ff160000, 0x00000000ff160000, 0x00000000ff200000)
 concurrent mark-sweep generation total 13696K, used 6325K [0x00000000ff2a0000, 0x0000000100000000, 0x0000000100000000)
 Metaspace       used 5078K, capacity 5258K, committed 5504K, reserved 1056768K
  class space    used 557K, capacity 597K, committed 640K, reserved 1048576K
2024-07-16T17:10:18.148+0800: 4.817: [GC (Allocation Failure) 2024-07-16T17:10:18.148+0800: 4.817: [ParNew: 5237K->8K(6144K), 0.0011088 secs] 11563K->7357K(19840K), 0.0011764 secs] [Times: user=0.00 sys=0.00, real=0.00 secs] 
Heap after GC invocations=609 (full 68):
 par new generation   total 6144K, used 8K [0x00000000fec00000, 0x00000000ff2a0000, 0x00000000ff2a0000)
  eden space 5504K,   0% used [0x00000000fec00000, 0x00000000fec00000, 0x00000000ff160000)
  from space 640K,   1% used [0x00000000ff160000, 0x00000000ff162040, 0x00000000ff200000)
  to   space 640K,   0% used [0x00000000ff200000, 0x00000000ff200000, 0x00000000ff2a0000)
 concurrent mark-sweep generation total 13696K, used 7349K [0x00000000ff2a0000, 0x0000000100000000, 0x0000000100000000)
 Metaspace       used 5078K, capacity 5258K, committed 5504K, reserved 1056768K
  class space    used 557K, capacity 597K, committed 640K, reserved 1048576K
}
{Heap before GC invocations=609 (full 68):
 par new generation   total 6144K, used 5237K [0x00000000fec00000, 0x00000000ff2a0000, 0x00000000ff2a0000)
  eden space 5504K,  95% used [0x00000000fec00000, 0x00000000ff11b780, 0x00000000ff160000)
  from space 640K,   1% used [0x00000000ff160000, 0x00000000ff162040, 0x00000000ff200000)
  to   space 640K,   0% used [0x00000000ff200000, 0x00000000ff200000, 0x00000000ff2a0000)
 concurrent mark-sweep generation total 13696K, used 7349K [0x00000000ff2a0000, 0x0000000100000000, 0x0000000100000000)
 Metaspace       used 5078K, capacity 5258K, committed 5504K, reserved 1056768K
  class space    used 557K, capacity 597K, committed 640K, reserved 1048576K
2024-07-16T17:10:18.156+0800: 4.825: [GC (Allocation Failure) 2024-07-16T17:10:18.156+0800: 4.825: [ParNew: 5237K->6K(6144K), 0.0011601 secs] 12587K->8379K(19840K), 0.0012560 secs] [Times: user=0.00 sys=0.00, real=0.00 secs] 
Heap after GC invocations=610 (full 68):
 par new generation   total 6144K, used 6K [0x00000000fec00000, 0x00000000ff2a0000, 0x00000000ff2a0000)
  eden space 5504K,   0% used [0x00000000fec00000, 0x00000000fec00000, 0x00000000ff160000)
  from space 640K,   0% used [0x00000000ff200000, 0x00000000ff201830, 0x00000000ff2a0000)
  to   space 640K,   0% used [0x00000000ff160000, 0x00000000ff160000, 0x00000000ff200000)
 concurrent mark-sweep generation total 13696K, used 8373K [0x00000000ff2a0000, 0x0000000100000000, 0x0000000100000000)
 Metaspace       used 5078K, capacity 5258K, committed 5504K, reserved 1056768K
  class space    used 557K, capacity 597K, committed 640K, reserved 1048576K
}
2024-07-16T17:10:18.157+0800: 4.826: [GC (CMS Initial Mark) [1 CMS-initial-mark: 8373K(13696K)] 9405K(19840K), 0.0006316 secs] [Times: user=0.00 sys=0.00, real=0.00 secs] 
2024-07-16T17:10:18.158+0800: 4.827: [CMS-concurrent-mark-start]
2024-07-16T17:10:18.164+0800: 4.833: [CMS-concurrent-mark: 0.006/0.006 secs] [Times: user=0.05 sys=0.00, real=0.01 secs] 
2024-07-16T17:10:18.164+0800: 4.833: [CMS-concurrent-preclean-start]
2024-07-16T17:10:18.164+0800: 4.833: [CMS-concurrent-preclean: 0.000/0.000 secs] [Times: user=0.00 sys=0.00, real=0.00 secs] 
2024-07-16T17:10:18.164+0800: 4.833: [CMS-concurrent-abortable-preclean-start]
{Heap before GC invocations=610 (full 69):
 par new generation   total 6144K, used 5235K [0x00000000fec00000, 0x00000000ff2a0000, 0x00000000ff2a0000)
  eden space 5504K,  95% used [0x00000000fec00000, 0x00000000ff11b780, 0x00000000ff160000)
  from space 640K,   0% used [0x00000000ff200000, 0x00000000ff201830, 0x00000000ff2a0000)
  to   space 640K,   0% used [0x00000000ff160000, 0x00000000ff160000, 0x00000000ff200000)
 concurrent mark-sweep generation total 13696K, used 8373K [0x00000000ff2a0000, 0x0000000100000000, 0x0000000100000000)
 Metaspace       used 5078K, capacity 5258K, committed 5504K, reserved 1056768K
  class space    used 557K, capacity 597K, committed 640K, reserved 1048576K
2024-07-16T17:10:18.165+0800: 4.834: [GC (Allocation Failure) 2024-07-16T17:10:18.165+0800: 4.834: [ParNew: 5235K->6K(6144K), 0.0005707 secs] 13609K->9405K(19840K), 0.0006233 secs] [Times: user=0.00 sys=0.00, real=0.00 secs] 
Heap after GC invocations=611 (full 69):
 par new generation   total 6144K, used 6K [0x00000000fec00000, 0x00000000ff2a0000, 0x00000000ff2a0000)
  eden space 5504K,   0% used [0x00000000fec00000, 0x00000000fec00000, 0x00000000ff160000)
  from space 640K,   0% used [0x00000000ff160000, 0x00000000ff161830, 0x00000000ff200000)
  to   space 640K,   0% used [0x00000000ff200000, 0x00000000ff200000, 0x00000000ff2a0000)
 concurrent mark-sweep generation total 13696K, used 9399K [0x00000000ff2a0000, 0x0000000100000000, 0x0000000100000000)
 Metaspace       used 5078K, capacity 5258K, committed 5504K, reserved 1056768K
  class space    used 557K, capacity 597K, committed 640K, reserved 1048576K
}
{Heap before GC invocations=611 (full 69):
 par new generation   total 6144K, used 5235K [0x00000000fec00000, 0x00000000ff2a0000, 0x00000000ff2a0000)
  eden space 5504K,  95% used [0x00000000fec00000, 0x00000000ff11b780, 0x00000000ff160000)
  from space 640K,   0% used [0x00000000ff160000, 0x00000000ff161830, 0x00000000ff200000)
  to   space 640K,   0% used [0x00000000ff200000, 0x00000000ff200000, 0x00000000ff2a0000)
 concurrent mark-sweep generation total 13696K, used 9399K [0x00000000ff2a0000, 0x0000000100000000, 0x0000000100000000)
 Metaspace       used 5078K, capacity 5258K, committed 5504K, reserved 1056768K
  class space    used 557K, capacity 597K, committed 640K, reserved 1048576K
2024-07-16T17:10:18.173+0800: 4.842: [GC (Allocation Failure) 2024-07-16T17:10:18.173+0800: 4.842: [ParNew: 5235K->6K(6144K), 0.0011870 secs] 14635K->10429K(19840K), 0.0012765 secs] [Times: user=0.02 sys=0.00, real=0.00 secs] 
Heap after GC invocations=612 (full 69):
 par new generation   total 6144K, used 6K [0x00000000fec00000, 0x00000000ff2a0000, 0x00000000ff2a0000)
  eden space 5504K,   0% used [0x00000000fec00000, 0x00000000fec00000, 0x00000000ff160000)
  from space 640K,   0% used [0x00000000ff200000, 0x00000000ff201830, 0x00000000ff2a0000)
  to   space 640K,   0% used [0x00000000ff160000, 0x00000000ff160000, 0x00000000ff200000)
 concurrent mark-sweep generation total 13696K, used 10423K [0x00000000ff2a0000, 0x0000000100000000, 0x0000000100000000)
 Metaspace       used 5078K, capacity 5258K, committed 5504K, reserved 1056768K
  class space    used 557K, capacity 597K, committed 640K, reserved 1048576K
}
{Heap before GC invocations=612 (full 69):
 par new generation   total 6144K, used 5235K [0x00000000fec00000, 0x00000000ff2a0000, 0x00000000ff2a0000)
  eden space 5504K,  95% used [0x00000000fec00000, 0x00000000ff11b780, 0x00000000ff160000)
  from space 640K,   0% used [0x00000000ff200000, 0x00000000ff201830, 0x00000000ff2a0000)
  to   space 640K,   0% used [0x00000000ff160000, 0x00000000ff160000, 0x00000000ff200000)
 concurrent mark-sweep generation total 13696K, used 10423K [0x00000000ff2a0000, 0x0000000100000000, 0x0000000100000000)
 Metaspace       used 5078K, capacity 5258K, committed 5504K, reserved 1056768K
  class space    used 557K, capacity 597K, committed 640K, reserved 1048576K
2024-07-16T17:10:18.181+0800: 4.850: [GC (Allocation Failure) 2024-07-16T17:10:18.181+0800: 4.850: [ParNew: 5235K->8K(6144K), 0.0009216 secs] 15659K->11457K(19840K), 0.0009944 secs] [Times: user=0.00 sys=0.00, real=0.00 secs] 
Heap after GC invocations=613 (full 69):
 par new generation   total 6144K, used 8K [0x00000000fec00000, 0x00000000ff2a0000, 0x00000000ff2a0000)
  eden space 5504K,   0% used [0x00000000fec00000, 0x00000000fec00000, 0x00000000ff160000)
  from space 640K,   1% used [0x00000000ff160000, 0x00000000ff162040, 0x00000000ff200000)
  to   space 640K,   0% used [0x00000000ff200000, 0x00000000ff200000, 0x00000000ff2a0000)
 concurrent mark-sweep generation total 13696K, used 11449K [0x00000000ff2a0000, 0x0000000100000000, 0x0000000100000000)
 Metaspace       used 5078K, capacity 5258K, committed 5504K, reserved 1056768K
  class space    used 557K, capacity 597K, committed 640K, reserved 1048576K
}
{Heap before GC invocations=613 (full 69):
 par new generation   total 6144K, used 5237K [0x00000000fec00000, 0x00000000ff2a0000, 0x00000000ff2a0000)
  eden space 5504K,  95% used [0x00000000fec00000, 0x00000000ff11b780, 0x00000000ff160000)
  from space 640K,   1% used [0x00000000ff160000, 0x00000000ff162040, 0x00000000ff200000)
  to   space 640K,   0% used [0x00000000ff200000, 0x00000000ff200000, 0x00000000ff2a0000)
 concurrent mark-sweep generation total 13696K, used 11449K [0x00000000ff2a0000, 0x0000000100000000, 0x0000000100000000)
 Metaspace       used 5078K, capacity 5258K, committed 5504K, reserved 1056768K
  class space    used 557K, capacity 597K, committed 640K, reserved 1048576K
2024-07-16T17:10:18.190+0800: 4.859: [GC (Allocation Failure) 2024-07-16T17:10:18.190+0800: 4.859: [ParNew: 5237K->6K(6144K), 0.0011678 secs] 16687K->12481K(19840K), 0.0013579 secs] [Times: user=0.00 sys=0.00, real=0.00 secs] 
Heap after GC invocations=614 (full 69):
 par new generation   total 6144K, used 6K [0x00000000fec00000, 0x00000000ff2a0000, 0x00000000ff2a0000)
  eden space 5504K,   0% used [0x00000000fec00000, 0x00000000fec00000, 0x00000000ff160000)
  from space 640K,   0% used [0x00000000ff200000, 0x00000000ff201830, 0x00000000ff2a0000)
  to   space 640K,   0% used [0x00000000ff160000, 0x00000000ff160000, 0x00000000ff200000)
 concurrent mark-sweep generation total 13696K, used 12475K [0x00000000ff2a0000, 0x0000000100000000, 0x0000000100000000)
 Metaspace       used 5078K, capacity 5258K, committed 5504K, reserved 1056768K
  class space    used 557K, capacity 597K, committed 640K, reserved 1048576K
}
{Heap before GC invocations=614 (full 69):
 par new generation   total 6144K, used 5235K [0x00000000fec00000, 0x00000000ff2a0000, 0x00000000ff2a0000)
  eden space 5504K,  95% used [0x00000000fec00000, 0x00000000ff11b780, 0x00000000ff160000)
  from space 640K,   0% used [0x00000000ff200000, 0x00000000ff201830, 0x00000000ff2a0000)
  to   space 640K,   0% used [0x00000000ff160000, 0x00000000ff160000, 0x00000000ff200000)
 concurrent mark-sweep generation total 13696K, used 12475K [0x00000000ff2a0000, 0x0000000100000000, 0x0000000100000000)
 Metaspace       used 5078K, capacity 5258K, committed 5504K, reserved 1056768K
  class space    used 557K, capacity 597K, committed 640K, reserved 1048576K
2024-07-16T17:10:18.198+0800: 4.867: [GC (Allocation Failure) 2024-07-16T17:10:18.198+0800: 4.867: [ParNew: 5235K->8K(6144K), 0.0008061 secs] 17711K->13507K(19840K), 0.0008699 secs] [Times: user=0.00 sys=0.00, real=0.00 secs] 
Heap after GC invocations=615 (full 69):
 par new generation   total 6144K, used 8K [0x00000000fec00000, 0x00000000ff2a0000, 0x00000000ff2a0000)
  eden space 5504K,   0% used [0x00000000fec00000, 0x00000000fec00000, 0x00000000ff160000)
  from space 640K,   1% used [0x00000000ff160000, 0x00000000ff162040, 0x00000000ff200000)
  to   space 640K,   0% used [0x00000000ff200000, 0x00000000ff200000, 0x00000000ff2a0000)
 concurrent mark-sweep generation total 13696K, used 13499K [0x00000000ff2a0000, 0x0000000100000000, 0x0000000100000000)
 Metaspace       used 5078K, capacity 5258K, committed 5504K, reserved 1056768K
  class space    used 557K, capacity 597K, committed 640K, reserved 1048576K
}
2024-07-16T17:10:18.199+0800: 4.868: [CMS-concurrent-abortable-preclean: 0.001/0.034 secs] [Times: user=0.02 sys=0.00, real=0.03 secs] 
2024-07-16T17:10:18.199+0800: 4.868: [GC (CMS Final Remark) [YG occupancy: 1141 K (6144 K)]{Heap before GC invocations=615 (full 69):
 par new generation   total 6144K, used 1141K [0x00000000fec00000, 0x00000000ff2a0000, 0x00000000ff2a0000)
  eden space 5504K,  20% used [0x00000000fec00000, 0x00000000fed1b740, 0x00000000ff160000)
  from space 640K,   1% used [0x00000000ff160000, 0x00000000ff162040, 0x00000000ff200000)
  to   space 640K,   0% used [0x00000000ff200000, 0x00000000ff200000, 0x00000000ff2a0000)
 concurrent mark-sweep generation total 13696K, used 13499K [0x00000000ff2a0000, 0x0000000100000000, 0x0000000100000000)
 Metaspace       used 5078K, capacity 5258K, committed 5504K, reserved 1056768K
  class space    used 557K, capacity 597K, committed 640K, reserved 1048576K
2024-07-16T17:10:18.199+0800: 4.868: [GC (CMS Final Remark) 2024-07-16T17:10:18.199+0800: 4.868: [ParNew: 1141K->1141K(6144K), 0.0000135 secs] 14641K->14641K(19840K), 0.0000981 secs] [Times: user=0.00 sys=0.00, real=0.00 secs] 
Heap after GC invocations=616 (full 69):
 par new generation   total 6144K, used 1141K [0x00000000fec00000, 0x00000000ff2a0000, 0x00000000ff2a0000)
  eden space 5504K,  20% used [0x00000000fec00000, 0x00000000fed1b740, 0x00000000ff160000)
  from space 640K,   1% used [0x00000000ff160000, 0x00000000ff162040, 0x00000000ff200000)
  to   space 640K,   0% used [0x00000000ff200000, 0x00000000ff200000, 0x00000000ff2a0000)
 concurrent mark-sweep generation total 13696K, used 13499K [0x00000000ff2a0000, 0x0000000100000000, 0x0000000100000000)
 Metaspace       used 5078K, capacity 5258K, committed 5504K, reserved 1056768K
  class space    used 557K, capacity 597K, committed 640K, reserved 1048576K
}
2024-07-16T17:10:18.199+0800: 4.868: [Rescan (parallel) , 0.0002983 secs]2024-07-16T17:10:18.199+0800: 4.868: [weak refs processing, 0.0000219 secs]2024-07-16T17:10:18.199+0800: 4.868: [class unloading, 0.0005040 secs]2024-07-16T17:10:18.200+0800: 4.869: [scrub symbol table, 0.0005647 secs]2024-07-16T17:10:18.200+0800: 4.869: [scrub string table, 0.0001926 secs][1 CMS-remark: 13499K(13696K)] 14641K(19840K), 0.0018294 secs] [Times: user=0.00 sys=0.00, real=0.00 secs] 
2024-07-16T17:10:18.201+0800: 4.870: [CMS-concurrent-sweep-start]
2024-07-16T17:10:18.201+0800: 4.870: [CMS-concurrent-sweep: 0.000/0.000 secs] [Times: user=0.00 sys=0.00, real=0.00 secs] 
2024-07-16T17:10:18.201+0800: 4.870: [CMS-concurrent-reset-start]
2024-07-16T17:10:18.201+0800: 4.870: [CMS-concurrent-reset: 0.000/0.000 secs] [Times: user=0.00 sys=0.00, real=0.00 secs] 
{Heap before GC invocations=616 (full 69):
 par new generation   total 6144K, used 5347K [0x00000000fec00000, 0x00000000ff2a0000, 0x00000000ff2a0000)
  eden space 5504K,  97% used [0x00000000fec00000, 0x00000000ff136eb0, 0x00000000ff160000)
  from space 640K,   1% used [0x00000000ff160000, 0x00000000ff162040, 0x00000000ff200000)
  to   space 640K,   0% used [0x00000000ff200000, 0x00000000ff200000, 0x00000000ff2a0000)
 concurrent mark-sweep generation total 13696K, used 6331K [0x00000000ff2a0000, 0x0000000100000000, 0x0000000100000000)
 Metaspace       used 5078K, capacity 5258K, committed 5504K, reserved 1056768K
  class space    used 557K, capacity 597K, committed 640K, reserved 1048576K
2024-07-16T17:10:18.206+0800: 4.875: [GC (Allocation Failure) 2024-07-16T17:10:18.206+0800: 4.875: [ParNew: 5347K->10K(6144K), 0.0006208 secs] 11678K->7367K(19840K), 0.0006667 secs] [Times: user=0.00 sys=0.00, real=0.00 secs] 
Heap after GC invocations=617 (full 69):
 par new generation   total 6144K, used 10K [0x00000000fec00000, 0x00000000ff2a0000, 0x00000000ff2a0000)
  eden space 5504K,   0% used [0x00000000fec00000, 0x00000000fec00000, 0x00000000ff160000)
  from space 640K,   1% used [0x00000000ff200000, 0x00000000ff202850, 0x00000000ff2a0000)
  to   space 640K,   0% used [0x00000000ff160000, 0x00000000ff160000, 0x00000000ff200000)
 concurrent mark-sweep generation total 13696K, used 7357K [0x00000000ff2a0000, 0x0000000100000000, 0x0000000100000000)
 Metaspace       used 5078K, capacity 5258K, committed 5504K, reserved 1056768K
  class space    used 557K, capacity 597K, committed 640K, reserved 1048576K
}
2024-07-16T17:10:18.207+0800: 4.876: [GC (CMS Initial Mark) [1 CMS-initial-mark: 7357K(13696K)] 8391K(19840K), 0.0002180 secs] [Times: user=0.00 sys=0.00, real=0.00 secs] 
2024-07-16T17:10:18.207+0800: 4.876: [CMS-concurrent-mark-start]
2024-07-16T17:10:18.210+0800: 4.879: [CMS-concurrent-mark: 0.003/0.003 secs] [Times: user=0.00 sys=0.00, real=0.00 secs] 
2024-07-16T17:10:18.210+0800: 4.879: [CMS-concurrent-preclean-start]
2024-07-16T17:10:18.210+0800: 4.879: [CMS-concurrent-preclean: 0.000/0.000 secs] [Times: user=0.00 sys=0.00, real=0.00 secs] 
2024-07-16T17:10:18.210+0800: 4.879: [CMS-concurrent-abortable-preclean-start]
{Heap before GC invocations=617 (full 70):
 par new generation   total 6144K, used 5224K [0x00000000fec00000, 0x00000000ff2a0000, 0x00000000ff2a0000)
  eden space 5504K,  94% used [0x00000000fec00000, 0x00000000ff117940, 0x00000000ff160000)
  from space 640K,   1% used [0x00000000ff200000, 0x00000000ff202850, 0x00000000ff2a0000)
  to   space 640K,   0% used [0x00000000ff160000, 0x00000000ff160000, 0x00000000ff200000)
 concurrent mark-sweep generation total 13696K, used 7357K [0x00000000ff2a0000, 0x0000000100000000, 0x0000000100000000)
 Metaspace       used 5078K, capacity 5258K, committed 5504K, reserved 1056768K
  class space    used 557K, capacity 597K, committed 640K, reserved 1048576K
2024-07-16T17:10:18.214+0800: 4.883: [GC (Allocation Failure) 2024-07-16T17:10:18.214+0800: 4.883: [ParNew: 5224K->8K(6144K), 0.0012519 secs] 12581K->8389K(19840K), 0.0013359 secs] [Times: user=0.00 sys=0.00, real=0.00 secs] 
Heap after GC invocations=618 (full 70):
 par new generation   total 6144K, used 8K [0x00000000fec00000, 0x00000000ff2a0000, 0x00000000ff2a0000)
  eden space 5504K,   0% used [0x00000000fec00000, 0x00000000fec00000, 0x00000000ff160000)
  from space 640K,   1% used [0x00000000ff160000, 0x00000000ff162040, 0x00000000ff200000)
  to   space 640K,   0% used [0x00000000ff200000, 0x00000000ff200000, 0x00000000ff2a0000)
 concurrent mark-sweep generation total 13696K, used 8381K [0x00000000ff2a0000, 0x0000000100000000, 0x0000000100000000)
 Metaspace       used 5078K, capacity 5258K, committed 5504K, reserved 1056768K
  class space    used 557K, capacity 597K, committed 640K, reserved 1048576K
}
{Heap before GC invocations=618 (full 70):
 par new generation   total 6144K, used 5228K [0x00000000fec00000, 0x00000000ff2a0000, 0x00000000ff2a0000)
  eden space 5504K,  94% used [0x00000000fec00000, 0x00000000ff119240, 0x00000000ff160000)
  from space 640K,   1% used [0x00000000ff160000, 0x00000000ff162040, 0x00000000ff200000)
  to   space 640K,   0% used [0x00000000ff200000, 0x00000000ff200000, 0x00000000ff2a0000)
 concurrent mark-sweep generation total 13696K, used 8381K [0x00000000ff2a0000, 0x0000000100000000, 0x0000000100000000)
 Metaspace       used 5078K, capacity 5258K, committed 5504K, reserved 1056768K
  class space    used 557K, capacity 597K, committed 640K, reserved 1048576K
2024-07-16T17:10:18.223+0800: 4.892: [GC (Allocation Failure) 2024-07-16T17:10:18.223+0800: 4.892: [ParNew: 5228K->8K(6144K), 0.0011761 secs] 13609K->9415K(19840K), 0.0012621 secs] [Times: user=0.00 sys=0.00, real=0.00 secs] 
Heap after GC invocations=619 (full 70):
 par new generation   total 6144K, used 8K [0x00000000fec00000, 0x00000000ff2a0000, 0x00000000ff2a0000)
  eden space 5504K,   0% used [0x00000000fec00000, 0x00000000fec00000, 0x00000000ff160000)
  from space 640K,   1% used [0x00000000ff200000, 0x00000000ff202040, 0x00000000ff2a0000)
  to   space 640K,   0% used [0x00000000ff160000, 0x00000000ff160000, 0x00000000ff200000)
 concurrent mark-sweep generation total 13696K, used 9407K [0x00000000ff2a0000, 0x0000000100000000, 0x0000000100000000)
 Metaspace       used 5078K, capacity 5258K, committed 5504K, reserved 1056768K
  class space    used 557K, capacity 597K, committed 640K, reserved 1048576K
}
{Heap before GC invocations=619 (full 70):
 par new generation   total 6144K, used 5231K [0x00000000fec00000, 0x00000000ff2a0000, 0x00000000ff2a0000)
  eden space 5504K,  94% used [0x00000000fec00000, 0x00000000ff119f90, 0x00000000ff160000)
  from space 640K,   1% used [0x00000000ff200000, 0x00000000ff202040, 0x00000000ff2a0000)
  to   space 640K,   0% used [0x00000000ff160000, 0x00000000ff160000, 0x00000000ff200000)
 concurrent mark-sweep generation total 13696K, used 9407K [0x00000000ff2a0000, 0x0000000100000000, 0x0000000100000000)
 Metaspace       used 5078K, capacity 5258K, committed 5504K, reserved 1056768K
  class space    used 557K, capacity 597K, committed 640K, reserved 1048576K
2024-07-16T17:10:18.232+0800: 4.901: [GC (Allocation Failure) 2024-07-16T17:10:18.232+0800: 4.901: [ParNew: 5231K->8K(6144K), 0.0011262 secs] 14639K->10441K(19840K), 0.0013098 secs] [Times: user=0.00 sys=0.00, real=0.00 secs] 
Heap after GC invocations=620 (full 70):
 par new generation   total 6144K, used 8K [0x00000000fec00000, 0x00000000ff2a0000, 0x00000000ff2a0000)
  eden space 5504K,   0% used [0x00000000fec00000, 0x00000000fec00000, 0x00000000ff160000)
  from space 640K,   1% used [0x00000000ff160000, 0x00000000ff162040, 0x00000000ff200000)
  to   space 640K,   0% used [0x00000000ff200000, 0x00000000ff200000, 0x00000000ff2a0000)
 concurrent mark-sweep generation total 13696K, used 10433K [0x00000000ff2a0000, 0x0000000100000000, 0x0000000100000000)
 Metaspace       used 5078K, capacity 5258K, committed 5504K, reserved 1056768K
  class space    used 557K, capacity 597K, committed 640K, reserved 1048576K
}
{Heap before GC invocations=620 (full 70):
 par new generation   total 6144K, used 5234K [0x00000000fec00000, 0x00000000ff2a0000, 0x00000000ff2a0000)
  eden space 5504K,  94% used [0x00000000fec00000, 0x00000000ff11a818, 0x00000000ff160000)
  from space 640K,   1% used [0x00000000ff160000, 0x00000000ff162040, 0x00000000ff200000)
  to   space 640K,   0% used [0x00000000ff200000, 0x00000000ff200000, 0x00000000ff2a0000)
 concurrent mark-sweep generation total 13696K, used 10433K [0x00000000ff2a0000, 0x0000000100000000, 0x0000000100000000)
 Metaspace       used 5078K, capacity 5258K, committed 5504K, reserved 1056768K
  class space    used 557K, capacity 597K, committed 640K, reserved 1048576K
2024-07-16T17:10:18.242+0800: 4.911: [GC (Allocation Failure) 2024-07-16T17:10:18.242+0800: 4.911: [ParNew: 5234K->4K(6144K), 0.0010332 secs] 15667K->10437K(19840K), 0.0011014 secs] [Times: user=0.00 sys=0.00, real=0.00 secs] 
Heap after GC invocations=621 (full 70):
 par new generation   total 6144K, used 4K [0x00000000fec00000, 0x00000000ff2a0000, 0x00000000ff2a0000)
  eden space 5504K,   0% used [0x00000000fec00000, 0x00000000fec00000, 0x00000000ff160000)
  from space 640K,   0% used [0x00000000ff200000, 0x00000000ff201020, 0x00000000ff2a0000)
  to   space 640K,   0% used [0x00000000ff160000, 0x00000000ff160000, 0x00000000ff200000)
 concurrent mark-sweep generation total 13696K, used 10433K [0x00000000ff2a0000, 0x0000000100000000, 0x0000000100000000)
 Metaspace       used 5078K, capacity 5258K, committed 5504K, reserved 1056768K
  class space    used 557K, capacity 597K, committed 640K, reserved 1048576K
}
{Heap before GC invocations=621 (full 70):
 par new generation   total 6144K, used 5231K [0x00000000fec00000, 0x00000000ff2a0000, 0x00000000ff2a0000)
  eden space 5504K,  94% used [0x00000000fec00000, 0x00000000ff11ad98, 0x00000000ff160000)
  from space 640K,   0% used [0x00000000ff200000, 0x00000000ff201020, 0x00000000ff2a0000)
  to   space 640K,   0% used [0x00000000ff160000, 0x00000000ff160000, 0x00000000ff200000)
 concurrent mark-sweep generation total 13696K, used 10433K [0x00000000ff2a0000, 0x0000000100000000, 0x0000000100000000)
 Metaspace       used 5078K, capacity 5258K, committed 5504K, reserved 1056768K
  class space    used 557K, capacity 597K, committed 640K, reserved 1048576K
2024-07-16T17:10:18.251+0800: 4.920: [GC (Allocation Failure) 2024-07-16T17:10:18.251+0800: 4.920: [ParNew: 5231K->6K(6144K), 0.0006702 secs] 15664K->11463K(19840K), 0.0007749 secs] [Times: user=0.00 sys=0.00, real=0.00 secs] 
Heap after GC invocations=622 (full 70):
 par new generation   total 6144K, used 6K [0x00000000fec00000, 0x00000000ff2a0000, 0x00000000ff2a0000)
  eden space 5504K,   0% used [0x00000000fec00000, 0x00000000fec00000, 0x00000000ff160000)
  from space 640K,   0% used [0x00000000ff160000, 0x00000000ff161830, 0x00000000ff200000)
  to   space 640K,   0% used [0x00000000ff200000, 0x00000000ff200000, 0x00000000ff2a0000)
 concurrent mark-sweep generation total 13696K, used 11457K [0x00000000ff2a0000, 0x0000000100000000, 0x0000000100000000)
 Metaspace       used 5078K, capacity 5258K, committed 5504K, reserved 1056768K
  class space    used 557K, capacity 597K, committed 640K, reserved 1048576K
}
{Heap before GC invocations=622 (full 70):
 par new generation   total 6144K, used 5234K [0x00000000fec00000, 0x00000000ff2a0000, 0x00000000ff2a0000)
  eden space 5504K,  94% used [0x00000000fec00000, 0x00000000ff11b120, 0x00000000ff160000)
  from space 640K,   0% used [0x00000000ff160000, 0x00000000ff161830, 0x00000000ff200000)
  to   space 640K,   0% used [0x00000000ff200000, 0x00000000ff200000, 0x00000000ff2a0000)
 concurrent mark-sweep generation total 13696K, used 11457K [0x00000000ff2a0000, 0x0000000100000000, 0x0000000100000000)
 Metaspace       used 5078K, capacity 5258K, committed 5504K, reserved 1056768K
  class space    used 557K, capacity 597K, committed 640K, reserved 1048576K
2024-07-16T17:10:18.260+0800: 4.929: [GC (Allocation Failure) 2024-07-16T17:10:18.260+0800: 4.929: [ParNew (promotion failed): 5234K->5236K(6144K), 0.0006534 secs]2024-07-16T17:10:18.260+0800: 4.929: [CMS2024-07-16T17:10:18.260+0800: 4.929: [CMS-concurrent-abortable-preclean: 0.001/0.050 secs] [Times: user=0.00 sys=0.02, real=0.05 secs] 
 (concurrent mode failure): 11457K->2220K(13696K), 0.0043256 secs] 16691K->2220K(19840K), [Metaspace: 5078K->5078K(1056768K)], 0.0051354 secs] [Times: user=0.00 sys=0.00, real=0.01 secs] 
Heap after GC invocations=623 (full 71):
 par new generation   total 6144K, used 0K [0x00000000fec00000, 0x00000000ff2a0000, 0x00000000ff2a0000)
  eden space 5504K,   0% used [0x00000000fec00000, 0x00000000fec00000, 0x00000000ff160000)
  from space 640K,   0% used [0x00000000ff200000, 0x00000000ff200000, 0x00000000ff2a0000)
  to   space 640K,   0% used [0x00000000ff160000, 0x00000000ff160000, 0x00000000ff200000)
 concurrent mark-sweep generation total 13696K, used 2220K [0x00000000ff2a0000, 0x0000000100000000, 0x0000000100000000)
 Metaspace       used 5078K, capacity 5258K, committed 5504K, reserved 1056768K
  class space    used 557K, capacity 597K, committed 640K, reserved 1048576K
}
{Heap before GC invocations=623 (full 71):
 par new generation   total 6144K, used 5228K [0x00000000fec00000, 0x00000000ff2a0000, 0x00000000ff2a0000)
  eden space 5504K,  95% used [0x00000000fec00000, 0x00000000ff11b368, 0x00000000ff160000)
  from space 640K,   0% used [0x00000000ff200000, 0x00000000ff200000, 0x00000000ff2a0000)
  to   space 640K,   0% used [0x00000000ff160000, 0x00000000ff160000, 0x00000000ff200000)
 concurrent mark-sweep generation total 13696K, used 2220K [0x00000000ff2a0000, 0x0000000100000000, 0x0000000100000000)
 Metaspace       used 5078K, capacity 5258K, committed 5504K, reserved 1056768K
  class space    used 557K, capacity 597K, committed 640K, reserved 1048576K
2024-07-16T17:10:18.273+0800: 4.942: [GC (Allocation Failure) 2024-07-16T17:10:18.273+0800: 4.942: [ParNew: 5228K->4K(6144K), 0.0005721 secs] 7449K->3250K(19840K), 0.0006324 secs] [Times: user=0.00 sys=0.00, real=0.00 secs] 
Heap after GC invocations=624 (full 71):
 par new generation   total 6144K, used 4K [0x00000000fec00000, 0x00000000ff2a0000, 0x00000000ff2a0000)
  eden space 5504K,   0% used [0x00000000fec00000, 0x00000000fec00000, 0x00000000ff160000)
  from space 640K,   0% used [0x00000000ff160000, 0x00000000ff161020, 0x00000000ff200000)
  to   space 640K,   0% used [0x00000000ff200000, 0x00000000ff200000, 0x00000000ff2a0000)
 concurrent mark-sweep generation total 13696K, used 3246K [0x00000000ff2a0000, 0x0000000100000000, 0x0000000100000000)
 Metaspace       used 5078K, capacity 5258K, committed 5504K, reserved 1056768K
  class space    used 557K, capacity 597K, committed 640K, reserved 1048576K
}
{Heap before GC invocations=624 (full 71):
 par new generation   total 6144K, used 5233K [0x00000000fec00000, 0x00000000ff2a0000, 0x00000000ff2a0000)
  eden space 5504K,  95% used [0x00000000fec00000, 0x00000000ff11b4d8, 0x00000000ff160000)
  from space 640K,   0% used [0x00000000ff160000, 0x00000000ff161020, 0x00000000ff200000)
  to   space 640K,   0% used [0x00000000ff200000, 0x00000000ff200000, 0x00000000ff2a0000)
 concurrent mark-sweep generation total 13696K, used 3246K [0x00000000ff2a0000, 0x0000000100000000, 0x0000000100000000)
 Metaspace       used 5078K, capacity 5258K, committed 5504K, reserved 1056768K
  class space    used 557K, capacity 597K, committed 640K, reserved 1048576K
2024-07-16T17:10:18.280+0800: 4.949: [GC (Allocation Failure) 2024-07-16T17:10:18.280+0800: 4.949: [ParNew: 5233K->8K(6144K), 0.0007314 secs] 8480K->4281K(19840K), 0.0008860 secs] [Times: user=0.00 sys=0.00, real=0.00 secs] 
Heap after GC invocations=625 (full 71):
 par new generation   total 6144K, used 8K [0x00000000fec00000, 0x00000000ff2a0000, 0x00000000ff2a0000)
  eden space 5504K,   0% used [0x00000000fec00000, 0x00000000fec00000, 0x00000000ff160000)
  from space 640K,   1% used [0x00000000ff200000, 0x00000000ff202040, 0x00000000ff2a0000)
  to   space 640K,   0% used [0x00000000ff160000, 0x00000000ff160000, 0x00000000ff200000)
 concurrent mark-sweep generation total 13696K, used 4273K [0x00000000ff2a0000, 0x0000000100000000, 0x0000000100000000)
 Metaspace       used 5078K, capacity 5258K, committed 5504K, reserved 1056768K
  class space    used 557K, capacity 597K, committed 640K, reserved 1048576K
}
{Heap before GC invocations=625 (full 71):
 par new generation   total 6144K, used 5237K [0x00000000fec00000, 0x00000000ff2a0000, 0x00000000ff2a0000)
  eden space 5504K,  95% used [0x00000000fec00000, 0x00000000ff11b5d0, 0x00000000ff160000)
  from space 640K,   1% used [0x00000000ff200000, 0x00000000ff202040, 0x00000000ff2a0000)
  to   space 640K,   0% used [0x00000000ff160000, 0x00000000ff160000, 0x00000000ff200000)
 concurrent mark-sweep generation total 13696K, used 4273K [0x00000000ff2a0000, 0x0000000100000000, 0x0000000100000000)
 Metaspace       used 5078K, capacity 5258K, committed 5504K, reserved 1056768K
  class space    used 557K, capacity 597K, committed 640K, reserved 1048576K
2024-07-16T17:10:18.288+0800: 4.957: [GC (Allocation Failure) 2024-07-16T17:10:18.288+0800: 4.957: [ParNew: 5237K->6K(6144K), 0.0003863 secs] 9510K->5305K(19840K), 0.0004275 secs] [Times: user=0.00 sys=0.00, real=0.00 secs] 
Heap after GC invocations=626 (full 71):
 par new generation   total 6144K, used 6K [0x00000000fec00000, 0x00000000ff2a0000, 0x00000000ff2a0000)
  eden space 5504K,   0% used [0x00000000fec00000, 0x00000000fec00000, 0x00000000ff160000)
  from space 640K,   0% used [0x00000000ff160000, 0x00000000ff161830, 0x00000000ff200000)
  to   space 640K,   0% used [0x00000000ff200000, 0x00000000ff200000, 0x00000000ff2a0000)
 concurrent mark-sweep generation total 13696K, used 5299K [0x00000000ff2a0000, 0x0000000100000000, 0x0000000100000000)
 Metaspace       used 5078K, capacity 5258K, committed 5504K, reserved 1056768K
  class space    used 557K, capacity 597K, committed 640K, reserved 1048576K
}
{Heap before GC invocations=626 (full 71):
 par new generation   total 6144K, used 5235K [0x00000000fec00000, 0x00000000ff2a0000, 0x00000000ff2a0000)
  eden space 5504K,  95% used [0x00000000fec00000, 0x00000000ff11b668, 0x00000000ff160000)
  from space 640K,   0% used [0x00000000ff160000, 0x00000000ff161830, 0x00000000ff200000)
  to   space 640K,   0% used [0x00000000ff200000, 0x00000000ff200000, 0x00000000ff2a0000)
 concurrent mark-sweep generation total 13696K, used 5299K [0x00000000ff2a0000, 0x0000000100000000, 0x0000000100000000)
 Metaspace       used 5078K, capacity 5258K, committed 5504K, reserved 1056768K
  class space    used 557K, capacity 597K, committed 640K, reserved 1048576K
2024-07-16T17:10:18.295+0800: 4.964: [GC (Allocation Failure) 2024-07-16T17:10:18.295+0800: 4.964: [ParNew: 5235K->6K(6144K), 0.0004077 secs] 10534K->6331K(19840K), 0.0004454 secs] [Times: user=0.00 sys=0.00, real=0.00 secs] 
Heap after GC invocations=627 (full 71):
 par new generation   total 6144K, used 6K [0x00000000fec00000, 0x00000000ff2a0000, 0x00000000ff2a0000)
  eden space 5504K,   0% used [0x00000000fec00000, 0x00000000fec00000, 0x00000000ff160000)
  from space 640K,   0% used [0x00000000ff200000, 0x00000000ff201830, 0x00000000ff2a0000)
  to   space 640K,   0% used [0x00000000ff160000, 0x00000000ff160000, 0x00000000ff200000)
 concurrent mark-sweep generation total 13696K, used 6325K [0x00000000ff2a0000, 0x0000000100000000, 0x0000000100000000)
 Metaspace       used 5078K, capacity 5258K, committed 5504K, reserved 1056768K
  class space    used 557K, capacity 597K, committed 640K, reserved 1048576K
}
{Heap before GC invocations=627 (full 71):
 par new generation   total 6144K, used 5235K [0x00000000fec00000, 0x00000000ff2a0000, 0x00000000ff2a0000)
  eden space 5504K,  95% used [0x00000000fec00000, 0x00000000ff11b6c8, 0x00000000ff160000)
  from space 640K,   0% used [0x00000000ff200000, 0x00000000ff201830, 0x00000000ff2a0000)
  to   space 640K,   0% used [0x00000000ff160000, 0x00000000ff160000, 0x00000000ff200000)
 concurrent mark-sweep generation total 13696K, used 6325K [0x00000000ff2a0000, 0x0000000100000000, 0x0000000100000000)
 Metaspace       used 5078K, capacity 5258K, committed 5504K, reserved 1056768K
  class space    used 557K, capacity 597K, committed 640K, reserved 1048576K
2024-07-16T17:10:18.301+0800: 4.970: [GC (Allocation Failure) 2024-07-16T17:10:18.301+0800: 4.970: [ParNew: 5235K->8K(6144K), 0.0004095 secs] 11560K->7357K(19840K), 0.0004450 secs] [Times: user=0.00 sys=0.00, real=0.00 secs] 
Heap after GC invocations=628 (full 71):
 par new generation   total 6144K, used 8K [0x00000000fec00000, 0x00000000ff2a0000, 0x00000000ff2a0000)
  eden space 5504K,   0% used [0x00000000fec00000, 0x00000000fec00000, 0x00000000ff160000)
  from space 640K,   1% used [0x00000000ff160000, 0x00000000ff162040, 0x00000000ff200000)
  to   space 640K,   0% used [0x00000000ff200000, 0x00000000ff200000, 0x00000000ff2a0000)
 concurrent mark-sweep generation total 13696K, used 7349K [0x00000000ff2a0000, 0x0000000100000000, 0x0000000100000000)
 Metaspace       used 5078K, capacity 5258K, committed 5504K, reserved 1056768K
  class space    used 557K, capacity 597K, committed 640K, reserved 1048576K
}
2024-07-16T17:10:18.301+0800: 4.970: [GC (CMS Initial Mark) [1 CMS-initial-mark: 7349K(13696K)] 8381K(19840K), 0.0004233 secs] [Times: user=0.00 sys=0.00, real=0.00 secs] 
2024-07-16T17:10:18.302+0800: 4.971: [CMS-concurrent-mark-start]
2024-07-16T17:10:18.304+0800: 4.973: [CMS-concurrent-mark: 0.002/0.002 secs] [Times: user=0.00 sys=0.00, real=0.00 secs] 
2024-07-16T17:10:18.304+0800: 4.973: [CMS-concurrent-preclean-start]
2024-07-16T17:10:18.304+0800: 4.973: [CMS-concurrent-preclean: 0.000/0.000 secs] [Times: user=0.00 sys=0.00, real=0.00 secs] 
2024-07-16T17:10:18.304+0800: 4.973: [CMS-concurrent-abortable-preclean-start]
{Heap before GC invocations=628 (full 72):
 par new generation   total 6144K, used 5237K [0x00000000fec00000, 0x00000000ff2a0000, 0x00000000ff2a0000)
  eden space 5504K,  95% used [0x00000000fec00000, 0x00000000ff11b708, 0x00000000ff160000)
  from space 640K,   1% used [0x00000000ff160000, 0x00000000ff162040, 0x00000000ff200000)
  to   space 640K,   0% used [0x00000000ff200000, 0x00000000ff200000, 0x00000000ff2a0000)
 concurrent mark-sweep generation total 13696K, used 7349K [0x00000000ff2a0000, 0x0000000100000000, 0x0000000100000000)
 Metaspace       used 5078K, capacity 5258K, committed 5504K, reserved 1056768K
  class space    used 557K, capacity 597K, committed 640K, reserved 1048576K
2024-07-16T17:10:18.309+0800: 4.978: [GC (Allocation Failure) 2024-07-16T17:10:18.309+0800: 4.978: [ParNew: 5237K->8K(6144K), 0.0003356 secs] 12586K->8381K(19840K), 0.0003773 secs] [Times: user=0.00 sys=0.00, real=0.00 secs] 
Heap after GC invocations=629 (full 72):
 par new generation   total 6144K, used 8K [0x00000000fec00000, 0x00000000ff2a0000, 0x00000000ff2a0000)
  eden space 5504K,   0% used [0x00000000fec00000, 0x00000000fec00000, 0x00000000ff160000)
  from space 640K,   1% used [0x00000000ff200000, 0x00000000ff202040, 0x00000000ff2a0000)
  to   space 640K,   0% used [0x00000000ff160000, 0x00000000ff160000, 0x00000000ff200000)
 concurrent mark-sweep generation total 13696K, used 8373K [0x00000000ff2a0000, 0x0000000100000000, 0x0000000100000000)
 Metaspace       used 5078K, capacity 5258K, committed 5504K, reserved 1056768K
  class space    used 557K, capacity 597K, committed 640K, reserved 1048576K
}
{Heap before GC invocations=629 (full 72):
 par new generation   total 6144K, used 5237K [0x00000000fec00000, 0x00000000ff2a0000, 0x00000000ff2a0000)
  eden space 5504K,  95% used [0x00000000fec00000, 0x00000000ff11b730, 0x00000000ff160000)
  from space 640K,   1% used [0x00000000ff200000, 0x00000000ff202040, 0x00000000ff2a0000)
  to   space 640K,   0% used [0x00000000ff160000, 0x00000000ff160000, 0x00000000ff200000)
 concurrent mark-sweep generation total 13696K, used 8373K [0x00000000ff2a0000, 0x0000000100000000, 0x0000000100000000)
 Metaspace       used 5078K, capacity 5258K, committed 5504K, reserved 1056768K
  class space    used 557K, capacity 597K, committed 640K, reserved 1048576K
2024-07-16T17:10:18.317+0800: 4.986: [GC (Allocation Failure) 2024-07-16T17:10:18.317+0800: 4.986: [ParNew: 5237K->4K(6144K), 0.0002961 secs] 13611K->8377K(19840K), 0.0003400 secs] [Times: user=0.00 sys=0.00, real=0.00 secs] 
Heap after GC invocations=630 (full 72):
 par new generation   total 6144K, used 4K [0x00000000fec00000, 0x00000000ff2a0000, 0x00000000ff2a0000)
  eden space 5504K,   0% used [0x00000000fec00000, 0x00000000fec00000, 0x00000000ff160000)
  from space 640K,   0% used [0x00000000ff160000, 0x00000000ff161020, 0x00000000ff200000)
  to   space 640K,   0% used [0x00000000ff200000, 0x00000000ff200000, 0x00000000ff2a0000)
 concurrent mark-sweep generation total 13696K, used 8373K [0x00000000ff2a0000, 0x0000000100000000, 0x0000000100000000)
 Metaspace       used 5078K, capacity 5258K, committed 5504K, reserved 1056768K
  class space    used 557K, capacity 597K, committed 640K, reserved 1048576K
}
{Heap before GC invocations=630 (full 72):
 par new generation   total 6144K, used 5233K [0x00000000fec00000, 0x00000000ff2a0000, 0x00000000ff2a0000)
  eden space 5504K,  95% used [0x00000000fec00000, 0x00000000ff11b750, 0x00000000ff160000)
  from space 640K,   0% used [0x00000000ff160000, 0x00000000ff161020, 0x00000000ff200000)
  to   space 640K,   0% used [0x00000000ff200000, 0x00000000ff200000, 0x00000000ff2a0000)
 concurrent mark-sweep generation total 13696K, used 8373K [0x00000000ff2a0000, 0x0000000100000000, 0x0000000100000000)
 Metaspace       used 5078K, capacity 5258K, committed 5504K, reserved 1056768K
  class space    used 557K, capacity 597K, committed 640K, reserved 1048576K
2024-07-16T17:10:18.324+0800: 4.993: [GC (Allocation Failure) 2024-07-16T17:10:18.324+0800: 4.993: [ParNew: 5233K->4K(6144K), 0.0002699 secs] 13607K->8377K(19840K), 0.0003048 secs] [Times: user=0.00 sys=0.00, real=0.00 secs] 
Heap after GC invocations=631 (full 72):
 par new generation   total 6144K, used 4K [0x00000000fec00000, 0x00000000ff2a0000, 0x00000000ff2a0000)
  eden space 5504K,   0% used [0x00000000fec00000, 0x00000000fec00000, 0x00000000ff160000)
  from space 640K,   0% used [0x00000000ff200000, 0x00000000ff201020, 0x00000000ff2a0000)
  to   space 640K,   0% used [0x00000000ff160000, 0x00000000ff160000, 0x00000000ff200000)
 concurrent mark-sweep generation total 13696K, used 8373K [0x00000000ff2a0000, 0x0000000100000000, 0x0000000100000000)
 Metaspace       used 5078K, capacity 5258K, committed 5504K, reserved 1056768K
  class space    used 557K, capacity 597K, committed 640K, reserved 1048576K
}
{Heap before GC invocations=631 (full 72):
 par new generation   total 6144K, used 5233K [0x00000000fec00000, 0x00000000ff2a0000, 0x00000000ff2a0000)
  eden space 5504K,  95% used [0x00000000fec00000, 0x00000000ff11b760, 0x00000000ff160000)
  from space 640K,   0% used [0x00000000ff200000, 0x00000000ff201020, 0x00000000ff2a0000)
  to   space 640K,   0% used [0x00000000ff160000, 0x00000000ff160000, 0x00000000ff200000)
 concurrent mark-sweep generation total 13696K, used 8373K [0x00000000ff2a0000, 0x0000000100000000, 0x0000000100000000)
 Metaspace       used 5078K, capacity 5258K, committed 5504K, reserved 1056768K
  class space    used 557K, capacity 597K, committed 640K, reserved 1048576K
2024-07-16T17:10:18.330+0800: 4.999: [GC (Allocation Failure) 2024-07-16T17:10:18.330+0800: 4.999: [ParNew: 5233K->8K(6144K), 0.0007159 secs] 13607K->9407K(19840K), 0.0007894 secs] [Times: user=0.00 sys=0.00, real=0.00 secs] 
Heap after GC invocations=632 (full 72):
 par new generation   total 6144K, used 8K [0x00000000fec00000, 0x00000000ff2a0000, 0x00000000ff2a0000)
  eden space 5504K,   0% used [0x00000000fec00000, 0x00000000fec00000, 0x00000000ff160000)
  from space 640K,   1% used [0x00000000ff160000, 0x00000000ff162040, 0x00000000ff200000)
  to   space 640K,   0% used [0x00000000ff200000, 0x00000000ff200000, 0x00000000ff2a0000)
 concurrent mark-sweep generation total 13696K, used 9399K [0x00000000ff2a0000, 0x0000000100000000, 0x0000000100000000)
 Metaspace       used 5078K, capacity 5258K, committed 5504K, reserved 1056768K
  class space    used 557K, capacity 597K, committed 640K, reserved 1048576K
}
{Heap before GC invocations=632 (full 72):
 par new generation   total 6144K, used 5237K [0x00000000fec00000, 0x00000000ff2a0000, 0x00000000ff2a0000)
  eden space 5504K,  95% used [0x00000000fec00000, 0x00000000ff11b768, 0x00000000ff160000)
  from space 640K,   1% used [0x00000000ff160000, 0x00000000ff162040, 0x00000000ff200000)
  to   space 640K,   0% used [0x00000000ff200000, 0x00000000ff200000, 0x00000000ff2a0000)
 concurrent mark-sweep generation total 13696K, used 9399K [0x00000000ff2a0000, 0x0000000100000000, 0x0000000100000000)
 Metaspace       used 5078K, capacity 5258K, committed 5504K, reserved 1056768K
  class space    used 557K, capacity 597K, committed 640K, reserved 1048576K
2024-07-16T17:10:18.338+0800: 5.007: [GC (Allocation Failure) 2024-07-16T17:10:18.338+0800: 5.007: [ParNew: 5237K->8K(6144K), 0.0007900 secs] 14637K->10433K(19840K), 0.0008826 secs] [Times: user=0.00 sys=0.00, real=0.00 secs] 
Heap after GC invocations=633 (full 72):
 par new generation   total 6144K, used 8K [0x00000000fec00000, 0x00000000ff2a0000, 0x00000000ff2a0000)
  eden space 5504K,   0% used [0x00000000fec00000, 0x00000000fec00000, 0x00000000ff160000)
  from space 640K,   1% used [0x00000000ff200000, 0x00000000ff202040, 0x00000000ff2a0000)
  to   space 640K,   0% used [0x00000000ff160000, 0x00000000ff160000, 0x00000000ff200000)
 concurrent mark-sweep generation total 13696K, used 10425K [0x00000000ff2a0000, 0x0000000100000000, 0x0000000100000000)
 Metaspace       used 5078K, capacity 5258K, committed 5504K, reserved 1056768K
  class space    used 557K, capacity 597K, committed 640K, reserved 1048576K
}
{Heap before GC invocations=633 (full 72):
 par new generation   total 6144K, used 5237K [0x00000000fec00000, 0x00000000ff2a0000, 0x00000000ff2a0000)
  eden space 5504K,  95% used [0x00000000fec00000, 0x00000000ff11b770, 0x00000000ff160000)
  from space 640K,   1% used [0x00000000ff200000, 0x00000000ff202040, 0x00000000ff2a0000)
  to   space 640K,   0% used [0x00000000ff160000, 0x00000000ff160000, 0x00000000ff200000)
 concurrent mark-sweep generation total 13696K, used 10425K [0x00000000ff2a0000, 0x0000000100000000, 0x0000000100000000)
 Metaspace       used 5078K, capacity 5258K, committed 5504K, reserved 1056768K
  class space    used 557K, capacity 597K, committed 640K, reserved 1048576K
2024-07-16T17:10:18.345+0800: 5.014: [GC (Allocation Failure) 2024-07-16T17:10:18.345+0800: 5.014: [ParNew: 5237K->10K(6144K), 0.0005781 secs] 15663K->11459K(19840K), 0.0006225 secs] [Times: user=0.00 sys=0.00, real=0.00 secs] 
Heap after GC invocations=634 (full 72):
 par new generation   total 6144K, used 10K [0x00000000fec00000, 0x00000000ff2a0000, 0x00000000ff2a0000)
  eden space 5504K,   0% used [0x00000000fec00000, 0x00000000fec00000, 0x00000000ff160000)
  from space 640K,   1% used [0x00000000ff160000, 0x00000000ff162850, 0x00000000ff200000)
  to   space 640K,   0% used [0x00000000ff200000, 0x00000000ff200000, 0x00000000ff2a0000)
 concurrent mark-sweep generation total 13696K, used 11449K [0x00000000ff2a0000, 0x0000000100000000, 0x0000000100000000)
 Metaspace       used 5078K, capacity 5258K, committed 5504K, reserved 1056768K
  class space    used 557K, capacity 597K, committed 640K, reserved 1048576K
}
{Heap before GC invocations=634 (full 72):
 par new generation   total 6144K, used 5239K [0x00000000fec00000, 0x00000000ff2a0000, 0x00000000ff2a0000)
  eden space 5504K,  95% used [0x00000000fec00000, 0x00000000ff11b778, 0x00000000ff160000)
  from space 640K,   1% used [0x00000000ff160000, 0x00000000ff162850, 0x00000000ff200000)
  to   space 640K,   0% used [0x00000000ff200000, 0x00000000ff200000, 0x00000000ff2a0000)
 concurrent mark-sweep generation total 13696K, used 11449K [0x00000000ff2a0000, 0x0000000100000000, 0x0000000100000000)
 Metaspace       used 5078K, capacity 5258K, committed 5504K, reserved 1056768K
  class space    used 557K, capacity 597K, committed 640K, reserved 1048576K
2024-07-16T17:10:18.353+0800: 5.022: [GC (Allocation Failure) 2024-07-16T17:10:18.353+0800: 5.022: [ParNew: 5239K->4K(6144K), 0.0007796 secs] 16689K->11453K(19840K), 0.0008599 secs] [Times: user=0.00 sys=0.00, real=0.00 secs] 
Heap after GC invocations=635 (full 72):
 par new generation   total 6144K, used 4K [0x00000000fec00000, 0x00000000ff2a0000, 0x00000000ff2a0000)
  eden space 5504K,   0% used [0x00000000fec00000, 0x00000000fec00000, 0x00000000ff160000)
  from space 640K,   0% used [0x00000000ff200000, 0x00000000ff201020, 0x00000000ff2a0000)
  to   space 640K,   0% used [0x00000000ff160000, 0x00000000ff160000, 0x00000000ff200000)
 concurrent mark-sweep generation total 13696K, used 11449K [0x00000000ff2a0000, 0x0000000100000000, 0x0000000100000000)
 Metaspace       used 5078K, capacity 5258K, committed 5504K, reserved 1056768K
  class space    used 557K, capacity 597K, committed 640K, reserved 1048576K
}
{Heap before GC invocations=635 (full 72):
 par new generation   total 6144K, used 5233K [0x00000000fec00000, 0x00000000ff2a0000, 0x00000000ff2a0000)
  eden space 5504K,  95% used [0x00000000fec00000, 0x00000000ff11b778, 0x00000000ff160000)
  from space 640K,   0% used [0x00000000ff200000, 0x00000000ff201020, 0x00000000ff2a0000)
  to   space 640K,   0% used [0x00000000ff160000, 0x00000000ff160000, 0x00000000ff200000)
 concurrent mark-sweep generation total 13696K, used 11449K [0x00000000ff2a0000, 0x0000000100000000, 0x0000000100000000)
 Metaspace       used 5078K, capacity 5258K, committed 5504K, reserved 1056768K
  class space    used 557K, capacity 597K, committed 640K, reserved 1048576K
2024-07-16T17:10:18.361+0800: 5.030: [GC (Allocation Failure) 2024-07-16T17:10:18.361+0800: 5.030: [ParNew: 5233K->10K(6144K), 0.0010658 secs] 16683K->12483K(19840K), 0.0011722 secs] [Times: user=0.00 sys=0.02, real=0.00 secs] 
Heap after GC invocations=636 (full 72):
 par new generation   total 6144K, used 10K [0x00000000fec00000, 0x00000000ff2a0000, 0x00000000ff2a0000)
  eden space 5504K,   0% used [0x00000000fec00000, 0x00000000fec00000, 0x00000000ff160000)
  from space 640K,   1% used [0x00000000ff160000, 0x00000000ff162850, 0x00000000ff200000)
  to   space 640K,   0% used [0x00000000ff200000, 0x00000000ff200000, 0x00000000ff2a0000)
 concurrent mark-sweep generation total 13696K, used 12473K [0x00000000ff2a0000, 0x0000000100000000, 0x0000000100000000)
 Metaspace       used 5078K, capacity 5258K, committed 5504K, reserved 1056768K
  class space    used 557K, capacity 597K, committed 640K, reserved 1048576K
}
{Heap before GC invocations=636 (full 72):
 par new generation   total 6144K, used 5239K [0x00000000fec00000, 0x00000000ff2a0000, 0x00000000ff2a0000)
  eden space 5504K,  95% used [0x00000000fec00000, 0x00000000ff11b778, 0x00000000ff160000)
  from space 640K,   1% used [0x00000000ff160000, 0x00000000ff162850, 0x00000000ff200000)
  to   space 640K,   0% used [0x00000000ff200000, 0x00000000ff200000, 0x00000000ff2a0000)
 concurrent mark-sweep generation total 13696K, used 12473K [0x00000000ff2a0000, 0x0000000100000000, 0x0000000100000000)
 Metaspace       used 5078K, capacity 5258K, committed 5504K, reserved 1056768K
  class space    used 557K, capacity 597K, committed 640K, reserved 1048576K
2024-07-16T17:10:18.369+0800: 5.038: [GC (Allocation Failure) 2024-07-16T17:10:18.369+0800: 5.038: [ParNew: 5239K->5239K(6144K), 0.0000275 secs]2024-07-16T17:10:18.369+0800: 5.038: [CMS2024-07-16T17:10:18.369+0800: 5.038: [CMS-concurrent-abortable-preclean: 0.001/0.064 secs] [Times: user=0.00 sys=0.02, real=0.07 secs] 
 (concurrent mode failure): 12473K->2220K(13696K), 0.0055622 secs] 17713K->2220K(19840K), [Metaspace: 5078K->5078K(1056768K)], 0.0057324 secs] [Times: user=0.00 sys=0.00, real=0.01 secs] 
Heap after GC invocations=637 (full 73):
 par new generation   total 6144K, used 0K [0x00000000fec00000, 0x00000000ff2a0000, 0x00000000ff2a0000)
  eden space 5504K,   0% used [0x00000000fec00000, 0x00000000fec00000, 0x00000000ff160000)
  from space 640K,   0% used [0x00000000ff160000, 0x00000000ff160000, 0x00000000ff200000)
  to   space 640K,   0% used [0x00000000ff200000, 0x00000000ff200000, 0x00000000ff2a0000)
 concurrent mark-sweep generation total 13696K, used 2220K [0x00000000ff2a0000, 0x0000000100000000, 0x0000000100000000)
 Metaspace       used 5078K, capacity 5258K, committed 5504K, reserved 1056768K
  class space    used 557K, capacity 597K, committed 640K, reserved 1048576K
}
{Heap before GC invocations=637 (full 73):
 par new generation   total 6144K, used 5229K [0x00000000fec00000, 0x00000000ff2a0000, 0x00000000ff2a0000)
  eden space 5504K,  95% used [0x00000000fec00000, 0x00000000ff11b778, 0x00000000ff160000)
  from space 640K,   0% used [0x00000000ff160000, 0x00000000ff160000, 0x00000000ff200000)
  to   space 640K,   0% used [0x00000000ff200000, 0x00000000ff200000, 0x00000000ff2a0000)
 concurrent mark-sweep generation total 13696K, used 2220K [0x00000000ff2a0000, 0x0000000100000000, 0x0000000100000000)
 Metaspace       used 5078K, capacity 5258K, committed 5504K, reserved 1056768K
  class space    used 557K, capacity 597K, committed 640K, reserved 1048576K
2024-07-16T17:10:18.382+0800: 5.051: [GC (Allocation Failure) 2024-07-16T17:10:18.382+0800: 5.051: [ParNew: 5229K->8K(6144K), 0.0005900 secs] 7450K->3255K(19840K), 0.0006355 secs] [Times: user=0.00 sys=0.00, real=0.00 secs] 
Heap after GC invocations=638 (full 73):
 par new generation   total 6144K, used 8K [0x00000000fec00000, 0x00000000ff2a0000, 0x00000000ff2a0000)
  eden space 5504K,   0% used [0x00000000fec00000, 0x00000000fec00000, 0x00000000ff160000)
  from space 640K,   1% used [0x00000000ff200000, 0x00000000ff202040, 0x00000000ff2a0000)
  to   space 640K,   0% used [0x00000000ff160000, 0x00000000ff160000, 0x00000000ff200000)
 concurrent mark-sweep generation total 13696K, used 3246K [0x00000000ff2a0000, 0x0000000100000000, 0x0000000100000000)
 Metaspace       used 5078K, capacity 5258K, committed 5504K, reserved 1056768K
  class space    used 557K, capacity 597K, committed 640K, reserved 1048576K
}
{Heap before GC invocations=638 (full 73):
 par new generation   total 6144K, used 5237K [0x00000000fec00000, 0x00000000ff2a0000, 0x00000000ff2a0000)
  eden space 5504K,  95% used [0x00000000fec00000, 0x00000000ff11b778, 0x00000000ff160000)
  from space 640K,   1% used [0x00000000ff200000, 0x00000000ff202040, 0x00000000ff2a0000)
  to   space 640K,   0% used [0x00000000ff160000, 0x00000000ff160000, 0x00000000ff200000)
 concurrent mark-sweep generation total 13696K, used 3246K [0x00000000ff2a0000, 0x0000000100000000, 0x0000000100000000)
 Metaspace       used 5078K, capacity 5258K, committed 5504K, reserved 1056768K
  class space    used 557K, capacity 597K, committed 640K, reserved 1048576K
2024-07-16T17:10:18.389+0800: 5.058: [GC (Allocation Failure) 2024-07-16T17:10:18.389+0800: 5.058: [ParNew: 5237K->2K(6144K), 0.0007714 secs] 8484K->3248K(19840K), 0.0008720 secs] [Times: user=0.00 sys=0.00, real=0.00 secs] 
Heap after GC invocations=639 (full 73):
 par new generation   total 6144K, used 2K [0x00000000fec00000, 0x00000000ff2a0000, 0x00000000ff2a0000)
  eden space 5504K,   0% used [0x00000000fec00000, 0x00000000fec00000, 0x00000000ff160000)
  from space 640K,   0% used [0x00000000ff160000, 0x00000000ff160810, 0x00000000ff200000)
  to   space 640K,   0% used [0x00000000ff200000, 0x00000000ff200000, 0x00000000ff2a0000)
 concurrent mark-sweep generation total 13696K, used 3246K [0x00000000ff2a0000, 0x0000000100000000, 0x0000000100000000)
 Metaspace       used 5078K, capacity 5258K, committed 5504K, reserved 1056768K
  class space    used 557K, capacity 597K, committed 640K, reserved 1048576K
}
{Heap before GC invocations=639 (full 73):
 par new generation   total 6144K, used 5231K [0x00000000fec00000, 0x00000000ff2a0000, 0x00000000ff2a0000)
  eden space 5504K,  95% used [0x00000000fec00000, 0x00000000ff11b778, 0x00000000ff160000)
  from space 640K,   0% used [0x00000000ff160000, 0x00000000ff160810, 0x00000000ff200000)
  to   space 640K,   0% used [0x00000000ff200000, 0x00000000ff200000, 0x00000000ff2a0000)
 concurrent mark-sweep generation total 13696K, used 3246K [0x00000000ff2a0000, 0x0000000100000000, 0x0000000100000000)
 Metaspace       used 5078K, capacity 5258K, committed 5504K, reserved 1056768K
  class space    used 557K, capacity 597K, committed 640K, reserved 1048576K
2024-07-16T17:10:18.397+0800: 5.066: [GC (Allocation Failure) 2024-07-16T17:10:18.397+0800: 5.066: [ParNew: 5231K->6K(6144K), 0.0011043 secs] 8478K->4279K(19840K), 0.0011985 secs] [Times: user=0.00 sys=0.00, real=0.00 secs] 
Heap after GC invocations=640 (full 73):
 par new generation   total 6144K, used 6K [0x00000000fec00000, 0x00000000ff2a0000, 0x00000000ff2a0000)
  eden space 5504K,   0% used [0x00000000fec00000, 0x00000000fec00000, 0x00000000ff160000)
  from space 640K,   0% used [0x00000000ff200000, 0x00000000ff201830, 0x00000000ff2a0000)
  to   space 640K,   0% used [0x00000000ff160000, 0x00000000ff160000, 0x00000000ff200000)
 concurrent mark-sweep generation total 13696K, used 4273K [0x00000000ff2a0000, 0x0000000100000000, 0x0000000100000000)
 Metaspace       used 5078K, capacity 5258K, committed 5504K, reserved 1056768K
  class space    used 557K, capacity 597K, committed 640K, reserved 1048576K
}
{Heap before GC invocations=640 (full 73):
 par new generation   total 6144K, used 5235K [0x00000000fec00000, 0x00000000ff2a0000, 0x00000000ff2a0000)
  eden space 5504K,  95% used [0x00000000fec00000, 0x00000000ff11b778, 0x00000000ff160000)
  from space 640K,   0% used [0x00000000ff200000, 0x00000000ff201830, 0x00000000ff2a0000)
  to   space 640K,   0% used [0x00000000ff160000, 0x00000000ff160000, 0x00000000ff200000)
 concurrent mark-sweep generation total 13696K, used 4273K [0x00000000ff2a0000, 0x0000000100000000, 0x0000000100000000)
 Metaspace       used 5078K, capacity 5258K, committed 5504K, reserved 1056768K
  class space    used 557K, capacity 597K, committed 640K, reserved 1048576K
2024-07-16T17:10:18.405+0800: 5.074: [GC (Allocation Failure) 2024-07-16T17:10:18.405+0800: 5.074: [ParNew: 5235K->6K(6144K), 0.0013216 secs] 9508K->5305K(19840K), 0.0014020 secs] [Times: user=0.00 sys=0.00, real=0.00 secs] 
Heap after GC invocations=641 (full 73):
 par new generation   total 6144K, used 6K [0x00000000fec00000, 0x00000000ff2a0000, 0x00000000ff2a0000)
  eden space 5504K,   0% used [0x00000000fec00000, 0x00000000fec00000, 0x00000000ff160000)
  from space 640K,   0% used [0x00000000ff160000, 0x00000000ff161830, 0x00000000ff200000)
  to   space 640K,   0% used [0x00000000ff200000, 0x00000000ff200000, 0x00000000ff2a0000)
 concurrent mark-sweep generation total 13696K, used 5299K [0x00000000ff2a0000, 0x0000000100000000, 0x0000000100000000)
 Metaspace       used 5078K, capacity 5258K, committed 5504K, reserved 1056768K
  class space    used 557K, capacity 597K, committed 640K, reserved 1048576K
}
{Heap before GC invocations=641 (full 73):
 par new generation   total 6144K, used 5235K [0x00000000fec00000, 0x00000000ff2a0000, 0x00000000ff2a0000)
  eden space 5504K,  95% used [0x00000000fec00000, 0x00000000ff11b778, 0x00000000ff160000)
  from space 640K,   0% used [0x00000000ff160000, 0x00000000ff161830, 0x00000000ff200000)
  to   space 640K,   0% used [0x00000000ff200000, 0x00000000ff200000, 0x00000000ff2a0000)
 concurrent mark-sweep generation total 13696K, used 5299K [0x00000000ff2a0000, 0x0000000100000000, 0x0000000100000000)
 Metaspace       used 5078K, capacity 5258K, committed 5504K, reserved 1056768K
  class space    used 557K, capacity 597K, committed 640K, reserved 1048576K
2024-07-16T17:10:18.413+0800: 5.082: [GC (Allocation Failure) 2024-07-16T17:10:18.413+0800: 5.082: [ParNew: 5235K->8K(6144K), 0.0015009 secs] 10534K->6333K(19840K), 0.0016239 secs] [Times: user=0.00 sys=0.00, real=0.00 secs] 
Heap after GC invocations=642 (full 73):
 par new generation   total 6144K, used 8K [0x00000000fec00000, 0x00000000ff2a0000, 0x00000000ff2a0000)
  eden space 5504K,   0% used [0x00000000fec00000, 0x00000000fec00000, 0x00000000ff160000)
  from space 640K,   1% used [0x00000000ff200000, 0x00000000ff202040, 0x00000000ff2a0000)
  to   space 640K,   0% used [0x00000000ff160000, 0x00000000ff160000, 0x00000000ff200000)
 concurrent mark-sweep generation total 13696K, used 6325K [0x00000000ff2a0000, 0x0000000100000000, 0x0000000100000000)
 Metaspace       used 5078K, capacity 5258K, committed 5504K, reserved 1056768K
  class space    used 557K, capacity 597K, committed 640K, reserved 1048576K
}
{Heap before GC invocations=642 (full 73):
 par new generation   total 6144K, used 5237K [0x00000000fec00000, 0x00000000ff2a0000, 0x00000000ff2a0000)
  eden space 5504K,  95% used [0x00000000fec00000, 0x00000000ff11b778, 0x00000000ff160000)
  from space 640K,   1% used [0x00000000ff200000, 0x00000000ff202040, 0x00000000ff2a0000)
  to   space 640K,   0% used [0x00000000ff160000, 0x00000000ff160000, 0x00000000ff200000)
 concurrent mark-sweep generation total 13696K, used 6325K [0x00000000ff2a0000, 0x0000000100000000, 0x0000000100000000)
 Metaspace       used 5078K, capacity 5258K, committed 5504K, reserved 1056768K
  class space    used 557K, capacity 597K, committed 640K, reserved 1048576K
2024-07-16T17:10:18.423+0800: 5.092: [GC (Allocation Failure) 2024-07-16T17:10:18.423+0800: 5.092: [ParNew: 5237K->4K(6144K), 0.0002852 secs] 11563K->6329K(19840K), 0.0003221 secs] [Times: user=0.00 sys=0.00, real=0.00 secs] 
Heap after GC invocations=643 (full 73):
 par new generation   total 6144K, used 4K [0x00000000fec00000, 0x00000000ff2a0000, 0x00000000ff2a0000)
  eden space 5504K,   0% used [0x00000000fec00000, 0x00000000fec00000, 0x00000000ff160000)
  from space 640K,   0% used [0x00000000ff160000, 0x00000000ff161020, 0x00000000ff200000)
  to   space 640K,   0% used [0x00000000ff200000, 0x00000000ff200000, 0x00000000ff2a0000)
 concurrent mark-sweep generation total 13696K, used 6325K [0x00000000ff2a0000, 0x0000000100000000, 0x0000000100000000)
 Metaspace       used 5078K, capacity 5258K, committed 5504K, reserved 1056768K
  class space    used 557K, capacity 597K, committed 640K, reserved 1048576K
}
{Heap before GC invocations=643 (full 73):
 par new generation   total 6144K, used 5233K [0x00000000fec00000, 0x00000000ff2a0000, 0x00000000ff2a0000)
  eden space 5504K,  95% used [0x00000000fec00000, 0x00000000ff11b780, 0x00000000ff160000)
  from space 640K,   0% used [0x00000000ff160000, 0x00000000ff161020, 0x00000000ff200000)
  to   space 640K,   0% used [0x00000000ff200000, 0x00000000ff200000, 0x00000000ff2a0000)
 concurrent mark-sweep generation total 13696K, used 6325K [0x00000000ff2a0000, 0x0000000100000000, 0x0000000100000000)
 Metaspace       used 5078K, capacity 5258K, committed 5504K, reserved 1056768K
  class space    used 557K, capacity 597K, committed 640K, reserved 1048576K
2024-07-16T17:10:18.429+0800: 5.098: [GC (Allocation Failure) 2024-07-16T17:10:18.429+0800: 5.098: [ParNew: 5233K->10K(6144K), 0.0003771 secs] 11559K->7361K(19840K), 0.0004148 secs] [Times: user=0.00 sys=0.00, real=0.00 secs] 
Heap after GC invocations=644 (full 73):
 par new generation   total 6144K, used 10K [0x00000000fec00000, 0x00000000ff2a0000, 0x00000000ff2a0000)
  eden space 5504K,   0% used [0x00000000fec00000, 0x00000000fec00000, 0x00000000ff160000)
  from space 640K,   1% used [0x00000000ff200000, 0x00000000ff202850, 0x00000000ff2a0000)
  to   space 640K,   0% used [0x00000000ff160000, 0x00000000ff160000, 0x00000000ff200000)
 concurrent mark-sweep generation total 13696K, used 7351K [0x00000000ff2a0000, 0x0000000100000000, 0x0000000100000000)
 Metaspace       used 5078K, capacity 5258K, committed 5504K, reserved 1056768K
  class space    used 557K, capacity 597K, committed 640K, reserved 1048576K
}
{Heap before GC invocations=644 (full 73):
 par new generation   total 6144K, used 5239K [0x00000000fec00000, 0x00000000ff2a0000, 0x00000000ff2a0000)
  eden space 5504K,  95% used [0x00000000fec00000, 0x00000000ff11b780, 0x00000000ff160000)
  from space 640K,   1% used [0x00000000ff200000, 0x00000000ff202850, 0x00000000ff2a0000)
  to   space 640K,   0% used [0x00000000ff160000, 0x00000000ff160000, 0x00000000ff200000)
 concurrent mark-sweep generation total 13696K, used 7351K [0x00000000ff2a0000, 0x0000000100000000, 0x0000000100000000)
 Metaspace       used 5078K, capacity 5258K, committed 5504K, reserved 1056768K
  class space    used 557K, capacity 597K, committed 640K, reserved 1048576K
2024-07-16T17:10:18.436+0800: 5.105: [GC (Allocation Failure) 2024-07-16T17:10:18.436+0800: 5.105: [ParNew: 5239K->14K(6144K), 0.0005768 secs] 12591K->9413K(19840K), 0.0006116 secs] [Times: user=0.00 sys=0.00, real=0.00 secs] 
Heap after GC invocations=645 (full 73):
 par new generation   total 6144K, used 14K [0x00000000fec00000, 0x00000000ff2a0000, 0x00000000ff2a0000)
  eden space 5504K,   0% used [0x00000000fec00000, 0x00000000fec00000, 0x00000000ff160000)
  from space 640K,   2% used [0x00000000ff160000, 0x00000000ff163870, 0x00000000ff200000)
  to   space 640K,   0% used [0x00000000ff200000, 0x00000000ff200000, 0x00000000ff2a0000)
 concurrent mark-sweep generation total 13696K, used 9399K [0x00000000ff2a0000, 0x0000000100000000, 0x0000000100000000)
 Metaspace       used 5078K, capacity 5258K, committed 5504K, reserved 1056768K
  class space    used 557K, capacity 597K, committed 640K, reserved 1048576K
}
2024-07-16T17:10:18.436+0800: 5.105: [GC (CMS Initial Mark) [1 CMS-initial-mark: 9399K(13696K)] 10439K(19840K), 0.0003685 secs] [Times: user=0.00 sys=0.00, real=0.00 secs] 
2024-07-16T17:10:18.437+0800: 5.106: [CMS-concurrent-mark-start]
2024-07-16T17:10:18.439+0800: 5.108: [CMS-concurrent-mark: 0.002/0.002 secs] [Times: user=0.00 sys=0.00, real=0.00 secs] 
2024-07-16T17:10:18.439+0800: 5.108: [CMS-concurrent-preclean-start]
2024-07-16T17:10:18.439+0800: 5.108: [CMS-concurrent-preclean: 0.000/0.000 secs] [Times: user=0.00 sys=0.00, real=0.00 secs] 
2024-07-16T17:10:18.439+0800: 5.108: [CMS-concurrent-abortable-preclean-start]
{Heap before GC invocations=645 (full 74):
 par new generation   total 6144K, used 5243K [0x00000000fec00000, 0x00000000ff2a0000, 0x00000000ff2a0000)
  eden space 5504K,  95% used [0x00000000fec00000, 0x00000000ff11b780, 0x00000000ff160000)
  from space 640K,   2% used [0x00000000ff160000, 0x00000000ff163870, 0x00000000ff200000)
  to   space 640K,   0% used [0x00000000ff200000, 0x00000000ff200000, 0x00000000ff2a0000)
 concurrent mark-sweep generation total 13696K, used 9399K [0x00000000ff2a0000, 0x0000000100000000, 0x0000000100000000)
 Metaspace       used 5078K, capacity 5258K, committed 5504K, reserved 1056768K
  class space    used 557K, capacity 597K, committed 640K, reserved 1048576K
2024-07-16T17:10:18.444+0800: 5.113: [GC (Allocation Failure) 2024-07-16T17:10:18.444+0800: 5.113: [ParNew: 5243K->8K(6144K), 0.0003285 secs] 14643K->10433K(19840K), 0.0003491 secs] [Times: user=0.00 sys=0.00, real=0.00 secs] 
Heap after GC invocations=646 (full 74):
 par new generation   total 6144K, used 8K [0x00000000fec00000, 0x00000000ff2a0000, 0x00000000ff2a0000)
  eden space 5504K,   0% used [0x00000000fec00000, 0x00000000fec00000, 0x00000000ff160000)
  from space 640K,   1% used [0x00000000ff200000, 0x00000000ff202040, 0x00000000ff2a0000)
  to   space 640K,   0% used [0x00000000ff160000, 0x00000000ff160000, 0x00000000ff200000)
 concurrent mark-sweep generation total 13696K, used 10425K [0x00000000ff2a0000, 0x0000000100000000, 0x0000000100000000)
 Metaspace       used 5078K, capacity 5258K, committed 5504K, reserved 1056768K
  class space    used 557K, capacity 597K, committed 640K, reserved 1048576K
}
{Heap before GC invocations=646 (full 74):
 par new generation   total 6144K, used 5237K [0x00000000fec00000, 0x00000000ff2a0000, 0x00000000ff2a0000)
  eden space 5504K,  95% used [0x00000000fec00000, 0x00000000ff11b780, 0x00000000ff160000)
  from space 640K,   1% used [0x00000000ff200000, 0x00000000ff202040, 0x00000000ff2a0000)
  to   space 640K,   0% used [0x00000000ff160000, 0x00000000ff160000, 0x00000000ff200000)
 concurrent mark-sweep generation total 13696K, used 10425K [0x00000000ff2a0000, 0x0000000100000000, 0x0000000100000000)
 Metaspace       used 5078K, capacity 5258K, committed 5504K, reserved 1056768K
  class space    used 557K, capacity 597K, committed 640K, reserved 1048576K
2024-07-16T17:10:18.450+0800: 5.119: [GC (Allocation Failure) 2024-07-16T17:10:18.450+0800: 5.119: [ParNew: 5237K->8K(6144K), 0.0006152 secs] 15663K->11457K(19840K), 0.0006785 secs] [Times: user=0.00 sys=0.00, real=0.00 secs] 
Heap after GC invocations=647 (full 74):
 par new generation   total 6144K, used 8K [0x00000000fec00000, 0x00000000ff2a0000, 0x00000000ff2a0000)
  eden space 5504K,   0% used [0x00000000fec00000, 0x00000000fec00000, 0x00000000ff160000)
  from space 640K,   1% used [0x00000000ff160000, 0x00000000ff162040, 0x00000000ff200000)
  to   space 640K,   0% used [0x00000000ff200000, 0x00000000ff200000, 0x00000000ff2a0000)
 concurrent mark-sweep generation total 13696K, used 11449K [0x00000000ff2a0000, 0x0000000100000000, 0x0000000100000000)
 Metaspace       used 5078K, capacity 5258K, committed 5504K, reserved 1056768K
  class space    used 557K, capacity 597K, committed 640K, reserved 1048576K
}
{Heap before GC invocations=647 (full 74):
 par new generation   total 6144K, used 5237K [0x00000000fec00000, 0x00000000ff2a0000, 0x00000000ff2a0000)
  eden space 5504K,  95% used [0x00000000fec00000, 0x00000000ff11b780, 0x00000000ff160000)
  from space 640K,   1% used [0x00000000ff160000, 0x00000000ff162040, 0x00000000ff200000)
  to   space 640K,   0% used [0x00000000ff200000, 0x00000000ff200000, 0x00000000ff2a0000)
 concurrent mark-sweep generation total 13696K, used 11449K [0x00000000ff2a0000, 0x0000000100000000, 0x0000000100000000)
 Metaspace       used 5078K, capacity 5258K, committed 5504K, reserved 1056768K
  class space    used 557K, capacity 597K, committed 640K, reserved 1048576K
2024-07-16T17:10:18.457+0800: 5.126: [GC (Allocation Failure) 2024-07-16T17:10:18.457+0800: 5.126: [ParNew: 5237K->6K(6144K), 0.0010903 secs] 16687K->12479K(19840K), 0.0011784 secs] [Times: user=0.00 sys=0.00, real=0.00 secs] 
Heap after GC invocations=648 (full 74):
 par new generation   total 6144K, used 6K [0x00000000fec00000, 0x00000000ff2a0000, 0x00000000ff2a0000)
  eden space 5504K,   0% used [0x00000000fec00000, 0x00000000fec00000, 0x00000000ff160000)
  from space 640K,   0% used [0x00000000ff200000, 0x00000000ff201830, 0x00000000ff2a0000)
  to   space 640K,   0% used [0x00000000ff160000, 0x00000000ff160000, 0x00000000ff200000)
 concurrent mark-sweep generation total 13696K, used 12473K [0x00000000ff2a0000, 0x0000000100000000, 0x0000000100000000)
 Metaspace       used 5078K, capacity 5258K, committed 5504K, reserved 1056768K
  class space    used 557K, capacity 597K, committed 640K, reserved 1048576K
}
{Heap before GC invocations=648 (full 74):
 par new generation   total 6144K, used 5235K [0x00000000fec00000, 0x00000000ff2a0000, 0x00000000ff2a0000)
  eden space 5504K,  95% used [0x00000000fec00000, 0x00000000ff11b780, 0x00000000ff160000)
  from space 640K,   0% used [0x00000000ff200000, 0x00000000ff201830, 0x00000000ff2a0000)
  to   space 640K,   0% used [0x00000000ff160000, 0x00000000ff160000, 0x00000000ff200000)
 concurrent mark-sweep generation total 13696K, used 12473K [0x00000000ff2a0000, 0x0000000100000000, 0x0000000100000000)
 Metaspace       used 5078K, capacity 5258K, committed 5504K, reserved 1056768K
  class space    used 557K, capacity 597K, committed 640K, reserved 1048576K
2024-07-16T17:10:18.465+0800: 5.134: [GC (Allocation Failure) 2024-07-16T17:10:18.465+0800: 5.134: [ParNew: 5235K->5235K(6144K), 0.0000222 secs]2024-07-16T17:10:18.465+0800: 5.134: [CMS2024-07-16T17:10:18.465+0800: 5.134: [CMS-concurrent-abortable-preclean: 0.000/0.026 secs] [Times: user=0.00 sys=0.00, real=0.03 secs] 
 (concurrent mode failure): 12473K->1196K(13696K), 0.0042090 secs] 17709K->1196K(19840K), [Metaspace: 5078K->5078K(1056768K)], 0.0043068 secs] [Times: user=0.00 sys=0.00, real=0.00 secs] 
Heap after GC invocations=649 (full 75):
 par new generation   total 6144K, used 0K [0x00000000fec00000, 0x00000000ff2a0000, 0x00000000ff2a0000)
  eden space 5504K,   0% used [0x00000000fec00000, 0x00000000fec00000, 0x00000000ff160000)
  from space 640K,   0% used [0x00000000ff200000, 0x00000000ff200000, 0x00000000ff2a0000)
  to   space 640K,   0% used [0x00000000ff160000, 0x00000000ff160000, 0x00000000ff200000)
 concurrent mark-sweep generation total 13696K, used 1196K [0x00000000ff2a0000, 0x0000000100000000, 0x0000000100000000)
 Metaspace       used 5078K, capacity 5258K, committed 5504K, reserved 1056768K
  class space    used 557K, capacity 597K, committed 640K, reserved 1048576K
}
{Heap before GC invocations=649 (full 75):
 par new generation   total 6144K, used 5229K [0x00000000fec00000, 0x00000000ff2a0000, 0x00000000ff2a0000)
  eden space 5504K,  95% used [0x00000000fec00000, 0x00000000ff11b780, 0x00000000ff160000)
  from space 640K,   0% used [0x00000000ff200000, 0x00000000ff200000, 0x00000000ff2a0000)
  to   space 640K,   0% used [0x00000000ff160000, 0x00000000ff160000, 0x00000000ff200000)
 concurrent mark-sweep generation total 13696K, used 1196K [0x00000000ff2a0000, 0x0000000100000000, 0x0000000100000000)
 Metaspace       used 5078K, capacity 5258K, committed 5504K, reserved 1056768K
  class space    used 557K, capacity 597K, committed 640K, reserved 1048576K
2024-07-16T17:10:18.476+0800: 5.145: [GC (Allocation Failure) 2024-07-16T17:10:18.476+0800: 5.145: [ParNew: 5229K->4K(6144K), 0.0005853 secs] 6426K->1200K(19840K), 0.0006437 secs] [Times: user=0.00 sys=0.00, real=0.00 secs] 
Heap after GC invocations=650 (full 75):
 par new generation   total 6144K, used 4K [0x00000000fec00000, 0x00000000ff2a0000, 0x00000000ff2a0000)
  eden space 5504K,   0% used [0x00000000fec00000, 0x00000000fec00000, 0x00000000ff160000)
  from space 640K,   0% used [0x00000000ff160000, 0x00000000ff161020, 0x00000000ff200000)
  to   space 640K,   0% used [0x00000000ff200000, 0x00000000ff200000, 0x00000000ff2a0000)
 concurrent mark-sweep generation total 13696K, used 1196K [0x00000000ff2a0000, 0x0000000100000000, 0x0000000100000000)
 Metaspace       used 5078K, capacity 5258K, committed 5504K, reserved 1056768K
  class space    used 557K, capacity 597K, committed 640K, reserved 1048576K
}
{Heap before GC invocations=650 (full 75):
 par new generation   total 6144K, used 5233K [0x00000000fec00000, 0x00000000ff2a0000, 0x00000000ff2a0000)
  eden space 5504K,  95% used [0x00000000fec00000, 0x00000000ff11b780, 0x00000000ff160000)
  from space 640K,   0% used [0x00000000ff160000, 0x00000000ff161020, 0x00000000ff200000)
  to   space 640K,   0% used [0x00000000ff200000, 0x00000000ff200000, 0x00000000ff2a0000)
 concurrent mark-sweep generation total 13696K, used 1196K [0x00000000ff2a0000, 0x0000000100000000, 0x0000000100000000)
 Metaspace       used 5078K, capacity 5258K, committed 5504K, reserved 1056768K
  class space    used 557K, capacity 597K, committed 640K, reserved 1048576K
2024-07-16T17:10:18.483+0800: 5.152: [GC (Allocation Failure) 2024-07-16T17:10:18.483+0800: 5.152: [ParNew: 5233K->10K(6144K), 0.0010144 secs] 6430K->2232K(19840K), 0.0010736 secs] [Times: user=0.00 sys=0.00, real=0.00 secs] 
Heap after GC invocations=651 (full 75):
 par new generation   total 6144K, used 10K [0x00000000fec00000, 0x00000000ff2a0000, 0x00000000ff2a0000)
  eden space 5504K,   0% used [0x00000000fec00000, 0x00000000fec00000, 0x00000000ff160000)
  from space 640K,   1% used [0x00000000ff200000, 0x00000000ff202850, 0x00000000ff2a0000)
  to   space 640K,   0% used [0x00000000ff160000, 0x00000000ff160000, 0x00000000ff200000)
 concurrent mark-sweep generation total 13696K, used 2222K [0x00000000ff2a0000, 0x0000000100000000, 0x0000000100000000)
 Metaspace       used 5078K, capacity 5258K, committed 5504K, reserved 1056768K
  class space    used 557K, capacity 597K, committed 640K, reserved 1048576K
}
{Heap before GC invocations=651 (full 75):
 par new generation   total 6144K, used 5239K [0x00000000fec00000, 0x00000000ff2a0000, 0x00000000ff2a0000)
  eden space 5504K,  95% used [0x00000000fec00000, 0x00000000ff11b780, 0x00000000ff160000)
  from space 640K,   1% used [0x00000000ff200000, 0x00000000ff202850, 0x00000000ff2a0000)
  to   space 640K,   0% used [0x00000000ff160000, 0x00000000ff160000, 0x00000000ff200000)
 concurrent mark-sweep generation total 13696K, used 2222K [0x00000000ff2a0000, 0x0000000100000000, 0x0000000100000000)
 Metaspace       used 5078K, capacity 5258K, committed 5504K, reserved 1056768K
  class space    used 557K, capacity 597K, committed 640K, reserved 1048576K
2024-07-16T17:10:18.491+0800: 5.160: [GC (Allocation Failure) 2024-07-16T17:10:18.491+0800: 5.160: [ParNew: 5239K->10K(6144K), 0.0011777 secs] 7462K->3258K(19840K), 0.0012725 secs] [Times: user=0.00 sys=0.00, real=0.00 secs] 
Heap after GC invocations=652 (full 75):
 par new generation   total 6144K, used 10K [0x00000000fec00000, 0x00000000ff2a0000, 0x00000000ff2a0000)
  eden space 5504K,   0% used [0x00000000fec00000, 0x00000000fec00000, 0x00000000ff160000)
  from space 640K,   1% used [0x00000000ff160000, 0x00000000ff162850, 0x00000000ff200000)
  to   space 640K,   0% used [0x00000000ff200000, 0x00000000ff200000, 0x00000000ff2a0000)
 concurrent mark-sweep generation total 13696K, used 3248K [0x00000000ff2a0000, 0x0000000100000000, 0x0000000100000000)
 Metaspace       used 5078K, capacity 5258K, committed 5504K, reserved 1056768K
  class space    used 557K, capacity 597K, committed 640K, reserved 1048576K
}
{Heap before GC invocations=652 (full 75):
 par new generation   total 6144K, used 5239K [0x00000000fec00000, 0x00000000ff2a0000, 0x00000000ff2a0000)
  eden space 5504K,  95% used [0x00000000fec00000, 0x00000000ff11b780, 0x00000000ff160000)
  from space 640K,   1% used [0x00000000ff160000, 0x00000000ff162850, 0x00000000ff200000)
  to   space 640K,   0% used [0x00000000ff200000, 0x00000000ff200000, 0x00000000ff2a0000)
 concurrent mark-sweep generation total 13696K, used 3248K [0x00000000ff2a0000, 0x0000000100000000, 0x0000000100000000)
 Metaspace       used 5078K, capacity 5258K, committed 5504K, reserved 1056768K
  class space    used 557K, capacity 597K, committed 640K, reserved 1048576K
2024-07-16T17:10:18.498+0800: 5.167: [GC (Allocation Failure) 2024-07-16T17:10:18.498+0800: 5.167: [ParNew: 5239K->8K(6144K), 0.0013086 secs] 8488K->4283K(19840K), 0.0014135 secs] [Times: user=0.00 sys=0.00, real=0.00 secs] 
Heap after GC invocations=653 (full 75):
 par new generation   total 6144K, used 8K [0x00000000fec00000, 0x00000000ff2a0000, 0x00000000ff2a0000)
  eden space 5504K,   0% used [0x00000000fec00000, 0x00000000fec00000, 0x00000000ff160000)
  from space 640K,   1% used [0x00000000ff200000, 0x00000000ff202040, 0x00000000ff2a0000)
  to   space 640K,   0% used [0x00000000ff160000, 0x00000000ff160000, 0x00000000ff200000)
 concurrent mark-sweep generation total 13696K, used 4274K [0x00000000ff2a0000, 0x0000000100000000, 0x0000000100000000)
 Metaspace       used 5078K, capacity 5258K, committed 5504K, reserved 1056768K
  class space    used 557K, capacity 597K, committed 640K, reserved 1048576K
}
{Heap before GC invocations=653 (full 75):
 par new generation   total 6144K, used 5237K [0x00000000fec00000, 0x00000000ff2a0000, 0x00000000ff2a0000)
  eden space 5504K,  95% used [0x00000000fec00000, 0x00000000ff11b780, 0x00000000ff160000)
  from space 640K,   1% used [0x00000000ff200000, 0x00000000ff202040, 0x00000000ff2a0000)
  to   space 640K,   0% used [0x00000000ff160000, 0x00000000ff160000, 0x00000000ff200000)
 concurrent mark-sweep generation total 13696K, used 4274K [0x00000000ff2a0000, 0x0000000100000000, 0x0000000100000000)
 Metaspace       used 5078K, capacity 5258K, committed 5504K, reserved 1056768K
  class space    used 557K, capacity 597K, committed 640K, reserved 1048576K
2024-07-16T17:10:18.506+0800: 5.175: [GC (Allocation Failure) 2024-07-16T17:10:18.506+0800: 5.175: [ParNew: 5237K->4K(6144K), 0.0009858 secs] 9512K->4278K(19840K), 0.0011090 secs] [Times: user=0.00 sys=0.00, real=0.00 secs] 
Heap after GC invocations=654 (full 75):
 par new generation   total 6144K, used 4K [0x00000000fec00000, 0x00000000ff2a0000, 0x00000000ff2a0000)
  eden space 5504K,   0% used [0x00000000fec00000, 0x00000000fec00000, 0x00000000ff160000)
  from space 640K,   0% used [0x00000000ff160000, 0x00000000ff161020, 0x00000000ff200000)
  to   space 640K,   0% used [0x00000000ff200000, 0x00000000ff200000, 0x00000000ff2a0000)
 concurrent mark-sweep generation total 13696K, used 4274K [0x00000000ff2a0000, 0x0000000100000000, 0x0000000100000000)
 Metaspace       used 5078K, capacity 5258K, committed 5504K, reserved 1056768K
  class space    used 557K, capacity 597K, committed 640K, reserved 1048576K
}
{Heap before GC invocations=654 (full 75):
 par new generation   total 6144K, used 5233K [0x00000000fec00000, 0x00000000ff2a0000, 0x00000000ff2a0000)
  eden space 5504K,  95% used [0x00000000fec00000, 0x00000000ff11b780, 0x00000000ff160000)
  from space 640K,   0% used [0x00000000ff160000, 0x00000000ff161020, 0x00000000ff200000)
  to   space 640K,   0% used [0x00000000ff200000, 0x00000000ff200000, 0x00000000ff2a0000)
 concurrent mark-sweep generation total 13696K, used 4274K [0x00000000ff2a0000, 0x0000000100000000, 0x0000000100000000)
 Metaspace       used 5078K, capacity 5258K, committed 5504K, reserved 1056768K
  class space    used 557K, capacity 597K, committed 640K, reserved 1048576K
2024-07-16T17:10:18.513+0800: 5.182: [GC (Allocation Failure) 2024-07-16T17:10:18.513+0800: 5.182: [ParNew: 5233K->6K(6144K), 0.0011778 secs] 9508K->5305K(19840K), 0.0012530 secs] [Times: user=0.00 sys=0.00, real=0.00 secs] 
Heap after GC invocations=655 (full 75):
 par new generation   total 6144K, used 6K [0x00000000fec00000, 0x00000000ff2a0000, 0x00000000ff2a0000)
  eden space 5504K,   0% used [0x00000000fec00000, 0x00000000fec00000, 0x00000000ff160000)
  from space 640K,   0% used [0x00000000ff200000, 0x00000000ff201830, 0x00000000ff2a0000)
  to   space 640K,   0% used [0x00000000ff160000, 0x00000000ff160000, 0x00000000ff200000)
 concurrent mark-sweep generation total 13696K, used 5298K [0x00000000ff2a0000, 0x0000000100000000, 0x0000000100000000)
 Metaspace       used 5078K, capacity 5258K, committed 5504K, reserved 1056768K
  class space    used 557K, capacity 597K, committed 640K, reserved 1048576K
}
{Heap before GC invocations=655 (full 75):
 par new generation   total 6144K, used 5235K [0x00000000fec00000, 0x00000000ff2a0000, 0x00000000ff2a0000)
  eden space 5504K,  95% used [0x00000000fec00000, 0x00000000ff11b780, 0x00000000ff160000)
  from space 640K,   0% used [0x00000000ff200000, 0x00000000ff201830, 0x00000000ff2a0000)
  to   space 640K,   0% used [0x00000000ff160000, 0x00000000ff160000, 0x00000000ff200000)
 concurrent mark-sweep generation total 13696K, used 5298K [0x00000000ff2a0000, 0x0000000100000000, 0x0000000100000000)
 Metaspace       used 5078K, capacity 5258K, committed 5504K, reserved 1056768K
  class space    used 557K, capacity 597K, committed 640K, reserved 1048576K
2024-07-16T17:10:18.521+0800: 5.190: [GC (Allocation Failure) 2024-07-16T17:10:18.521+0800: 5.190: [ParNew: 5235K->4K(6144K), 0.0011207 secs] 10534K->5302K(19840K), 0.0012303 secs] [Times: user=0.00 sys=0.00, real=0.00 secs] 
Heap after GC invocations=656 (full 75):
 par new generation   total 6144K, used 4K [0x00000000fec00000, 0x00000000ff2a0000, 0x00000000ff2a0000)
  eden space 5504K,   0% used [0x00000000fec00000, 0x00000000fec00000, 0x00000000ff160000)
  from space 640K,   0% used [0x00000000ff160000, 0x00000000ff161020, 0x00000000ff200000)
  to   space 640K,   0% used [0x00000000ff200000, 0x00000000ff200000, 0x00000000ff2a0000)
 concurrent mark-sweep generation total 13696K, used 5298K [0x00000000ff2a0000, 0x0000000100000000, 0x0000000100000000)
 Metaspace       used 5078K, capacity 5258K, committed 5504K, reserved 1056768K
  class space    used 557K, capacity 597K, committed 640K, reserved 1048576K
}
{Heap before GC invocations=656 (full 75):
 par new generation   total 6144K, used 5233K [0x00000000fec00000, 0x00000000ff2a0000, 0x00000000ff2a0000)
  eden space 5504K,  95% used [0x00000000fec00000, 0x00000000ff11b780, 0x00000000ff160000)
  from space 640K,   0% used [0x00000000ff160000, 0x00000000ff161020, 0x00000000ff200000)
  to   space 640K,   0% used [0x00000000ff200000, 0x00000000ff200000, 0x00000000ff2a0000)
 concurrent mark-sweep generation total 13696K, used 5298K [0x00000000ff2a0000, 0x0000000100000000, 0x0000000100000000)
 Metaspace       used 5078K, capacity 5258K, committed 5504K, reserved 1056768K
  class space    used 557K, capacity 597K, committed 640K, reserved 1048576K
2024-07-16T17:10:18.529+0800: 5.198: [GC (Allocation Failure) 2024-07-16T17:10:18.529+0800: 5.198: [ParNew: 5233K->2K(6144K), 0.0011990 secs] 10532K->5300K(19840K), 0.0013007 secs] [Times: user=0.00 sys=0.00, real=0.00 secs] 
Heap after GC invocations=657 (full 75):
 par new generation   total 6144K, used 2K [0x00000000fec00000, 0x00000000ff2a0000, 0x00000000ff2a0000)
  eden space 5504K,   0% used [0x00000000fec00000, 0x00000000fec00000, 0x00000000ff160000)
  from space 640K,   0% used [0x00000000ff200000, 0x00000000ff200810, 0x00000000ff2a0000)
  to   space 640K,   0% used [0x00000000ff160000, 0x00000000ff160000, 0x00000000ff200000)
 concurrent mark-sweep generation total 13696K, used 5298K [0x00000000ff2a0000, 0x0000000100000000, 0x0000000100000000)
 Metaspace       used 5078K, capacity 5258K, committed 5504K, reserved 1056768K
  class space    used 557K, capacity 597K, committed 640K, reserved 1048576K
}
{Heap before GC invocations=657 (full 75):
 par new generation   total 6144K, used 5231K [0x00000000fec00000, 0x00000000ff2a0000, 0x00000000ff2a0000)
  eden space 5504K,  95% used [0x00000000fec00000, 0x00000000ff11b780, 0x00000000ff160000)
  from space 640K,   0% used [0x00000000ff200000, 0x00000000ff200810, 0x00000000ff2a0000)
  to   space 640K,   0% used [0x00000000ff160000, 0x00000000ff160000, 0x00000000ff200000)
 concurrent mark-sweep generation total 13696K, used 5298K [0x00000000ff2a0000, 0x0000000100000000, 0x0000000100000000)
 Metaspace       used 5078K, capacity 5258K, committed 5504K, reserved 1056768K
  class space    used 557K, capacity 597K, committed 640K, reserved 1048576K
2024-07-16T17:10:18.537+0800: 5.206: [GC (Allocation Failure) 2024-07-16T17:10:18.537+0800: 5.206: [ParNew: 5231K->10K(6144K), 0.0012187 secs] 10530K->6335K(19840K), 0.0013236 secs] [Times: user=0.00 sys=0.00, real=0.00 secs] 
Heap after GC invocations=658 (full 75):
 par new generation   total 6144K, used 10K [0x00000000fec00000, 0x00000000ff2a0000, 0x00000000ff2a0000)
  eden space 5504K,   0% used [0x00000000fec00000, 0x00000000fec00000, 0x00000000ff160000)
  from space 640K,   1% used [0x00000000ff160000, 0x00000000ff162850, 0x00000000ff200000)
  to   space 640K,   0% used [0x00000000ff200000, 0x00000000ff200000, 0x00000000ff2a0000)
 concurrent mark-sweep generation total 13696K, used 6325K [0x00000000ff2a0000, 0x0000000100000000, 0x0000000100000000)
 Metaspace       used 5078K, capacity 5258K, committed 5504K, reserved 1056768K
  class space    used 557K, capacity 597K, committed 640K, reserved 1048576K
}
{Heap before GC invocations=658 (full 75):
 par new generation   total 6144K, used 5239K [0x00000000fec00000, 0x00000000ff2a0000, 0x00000000ff2a0000)
  eden space 5504K,  95% used [0x00000000fec00000, 0x00000000ff11b780, 0x00000000ff160000)
  from space 640K,   1% used [0x00000000ff160000, 0x00000000ff162850, 0x00000000ff200000)
  to   space 640K,   0% used [0x00000000ff200000, 0x00000000ff200000, 0x00000000ff2a0000)
 concurrent mark-sweep generation total 13696K, used 6325K [0x00000000ff2a0000, 0x0000000100000000, 0x0000000100000000)
 Metaspace       used 5078K, capacity 5258K, committed 5504K, reserved 1056768K
  class space    used 557K, capacity 597K, committed 640K, reserved 1048576K
2024-07-16T17:10:18.546+0800: 5.215: [GC (Allocation Failure) 2024-07-16T17:10:18.546+0800: 5.215: [ParNew: 5239K->4K(6144K), 0.0009138 secs] 11564K->6329K(19840K), 0.0010353 secs] [Times: user=0.00 sys=0.00, real=0.00 secs] 
Heap after GC invocations=659 (full 75):
 par new generation   total 6144K, used 4K [0x00000000fec00000, 0x00000000ff2a0000, 0x00000000ff2a0000)
  eden space 5504K,   0% used [0x00000000fec00000, 0x00000000fec00000, 0x00000000ff160000)
  from space 640K,   0% used [0x00000000ff200000, 0x00000000ff201020, 0x00000000ff2a0000)
  to   space 640K,   0% used [0x00000000ff160000, 0x00000000ff160000, 0x00000000ff200000)
 concurrent mark-sweep generation total 13696K, used 6325K [0x00000000ff2a0000, 0x0000000100000000, 0x0000000100000000)
 Metaspace       used 5078K, capacity 5258K, committed 5504K, reserved 1056768K
  class space    used 557K, capacity 597K, committed 640K, reserved 1048576K
}
{Heap before GC invocations=659 (full 75):
 par new generation   total 6144K, used 5233K [0x00000000fec00000, 0x00000000ff2a0000, 0x00000000ff2a0000)
  eden space 5504K,  95% used [0x00000000fec00000, 0x00000000ff11b780, 0x00000000ff160000)
  from space 640K,   0% used [0x00000000ff200000, 0x00000000ff201020, 0x00000000ff2a0000)
  to   space 640K,   0% used [0x00000000ff160000, 0x00000000ff160000, 0x00000000ff200000)
 concurrent mark-sweep generation total 13696K, used 6325K [0x00000000ff2a0000, 0x0000000100000000, 0x0000000100000000)
 Metaspace       used 5078K, capacity 5258K, committed 5504K, reserved 1056768K
  class space    used 557K, capacity 597K, committed 640K, reserved 1048576K
2024-07-16T17:10:18.556+0800: 5.225: [GC (Allocation Failure) 2024-07-16T17:10:18.556+0800: 5.225: [ParNew: 5233K->4K(6144K), 0.0002271 secs] 11558K->6329K(19840K), 0.0002677 secs] [Times: user=0.00 sys=0.00, real=0.00 secs] 
Heap after GC invocations=660 (full 75):
 par new generation   total 6144K, used 4K [0x00000000fec00000, 0x00000000ff2a0000, 0x00000000ff2a0000)
  eden space 5504K,   0% used [0x00000000fec00000, 0x00000000fec00000, 0x00000000ff160000)
  from space 640K,   0% used [0x00000000ff160000, 0x00000000ff161020, 0x00000000ff200000)
  to   space 640K,   0% used [0x00000000ff200000, 0x00000000ff200000, 0x00000000ff2a0000)
 concurrent mark-sweep generation total 13696K, used 6325K [0x00000000ff2a0000, 0x0000000100000000, 0x0000000100000000)
 Metaspace       used 5078K, capacity 5258K, committed 5504K, reserved 1056768K
  class space    used 557K, capacity 597K, committed 640K, reserved 1048576K
}
{Heap before GC invocations=660 (full 75):
 par new generation   total 6144K, used 5233K [0x00000000fec00000, 0x00000000ff2a0000, 0x00000000ff2a0000)
  eden space 5504K,  95% used [0x00000000fec00000, 0x00000000ff11b780, 0x00000000ff160000)
  from space 640K,   0% used [0x00000000ff160000, 0x00000000ff161020, 0x00000000ff200000)
  to   space 640K,   0% used [0x00000000ff200000, 0x00000000ff200000, 0x00000000ff2a0000)
 concurrent mark-sweep generation total 13696K, used 6325K [0x00000000ff2a0000, 0x0000000100000000, 0x0000000100000000)
 Metaspace       used 5078K, capacity 5258K, committed 5504K, reserved 1056768K
  class space    used 557K, capacity 597K, committed 640K, reserved 1048576K
2024-07-16T17:10:18.563+0800: 5.232: [GC (Allocation Failure) 2024-07-16T17:10:18.563+0800: 5.232: [ParNew: 5233K->4K(6144K), 0.0002952 secs] 11558K->6329K(19840K), 0.0003306 secs] [Times: user=0.00 sys=0.00, real=0.00 secs] 
Heap after GC invocations=661 (full 75):
 par new generation   total 6144K, used 4K [0x00000000fec00000, 0x00000000ff2a0000, 0x00000000ff2a0000)
  eden space 5504K,   0% used [0x00000000fec00000, 0x00000000fec00000, 0x00000000ff160000)
  from space 640K,   0% used [0x00000000ff200000, 0x00000000ff201020, 0x00000000ff2a0000)
  to   space 640K,   0% used [0x00000000ff160000, 0x00000000ff160000, 0x00000000ff200000)
 concurrent mark-sweep generation total 13696K, used 6325K [0x00000000ff2a0000, 0x0000000100000000, 0x0000000100000000)
 Metaspace       used 5078K, capacity 5258K, committed 5504K, reserved 1056768K
  class space    used 557K, capacity 597K, committed 640K, reserved 1048576K
}
{Heap before GC invocations=661 (full 75):
 par new generation   total 6144K, used 5233K [0x00000000fec00000, 0x00000000ff2a0000, 0x00000000ff2a0000)
  eden space 5504K,  95% used [0x00000000fec00000, 0x00000000ff11b780, 0x00000000ff160000)
  from space 640K,   0% used [0x00000000ff200000, 0x00000000ff201020, 0x00000000ff2a0000)
  to   space 640K,   0% used [0x00000000ff160000, 0x00000000ff160000, 0x00000000ff200000)
 concurrent mark-sweep generation total 13696K, used 6325K [0x00000000ff2a0000, 0x0000000100000000, 0x0000000100000000)
 Metaspace       used 5078K, capacity 5258K, committed 5504K, reserved 1056768K
  class space    used 557K, capacity 597K, committed 640K, reserved 1048576K
2024-07-16T17:10:18.569+0800: 5.238: [GC (Allocation Failure) 2024-07-16T17:10:18.569+0800: 5.238: [ParNew: 5233K->8K(6144K), 0.0008647 secs] 11558K->7359K(19840K), 0.0009560 secs] [Times: user=0.00 sys=0.00, real=0.00 secs] 
Heap after GC invocations=662 (full 75):
 par new generation   total 6144K, used 8K [0x00000000fec00000, 0x00000000ff2a0000, 0x00000000ff2a0000)
  eden space 5504K,   0% used [0x00000000fec00000, 0x00000000fec00000, 0x00000000ff160000)
  from space 640K,   1% used [0x00000000ff160000, 0x00000000ff162040, 0x00000000ff200000)
  to   space 640K,   0% used [0x00000000ff200000, 0x00000000ff200000, 0x00000000ff2a0000)
 concurrent mark-sweep generation total 13696K, used 7351K [0x00000000ff2a0000, 0x0000000100000000, 0x0000000100000000)
 Metaspace       used 5078K, capacity 5258K, committed 5504K, reserved 1056768K
  class space    used 557K, capacity 597K, committed 640K, reserved 1048576K
}
{Heap before GC invocations=662 (full 75):
 par new generation   total 6144K, used 5237K [0x00000000fec00000, 0x00000000ff2a0000, 0x00000000ff2a0000)
  eden space 5504K,  95% used [0x00000000fec00000, 0x00000000ff11b780, 0x00000000ff160000)
  from space 640K,   1% used [0x00000000ff160000, 0x00000000ff162040, 0x00000000ff200000)
  to   space 640K,   0% used [0x00000000ff200000, 0x00000000ff200000, 0x00000000ff2a0000)
 concurrent mark-sweep generation total 13696K, used 7351K [0x00000000ff2a0000, 0x0000000100000000, 0x0000000100000000)
 Metaspace       used 5078K, capacity 5258K, committed 5504K, reserved 1056768K
  class space    used 557K, capacity 597K, committed 640K, reserved 1048576K
2024-07-16T17:10:18.577+0800: 5.246: [GC (Allocation Failure) 2024-07-16T17:10:18.577+0800: 5.246: [ParNew: 5237K->8K(6144K), 0.0008578 secs] 12589K->8383K(19840K), 0.0010124 secs] [Times: user=0.00 sys=0.00, real=0.00 secs] 
Heap after GC invocations=663 (full 75):
 par new generation   total 6144K, used 8K [0x00000000fec00000, 0x00000000ff2a0000, 0x00000000ff2a0000)
  eden space 5504K,   0% used [0x00000000fec00000, 0x00000000fec00000, 0x00000000ff160000)
  from space 640K,   1% used [0x00000000ff200000, 0x00000000ff202040, 0x00000000ff2a0000)
  to   space 640K,   0% used [0x00000000ff160000, 0x00000000ff160000, 0x00000000ff200000)
 concurrent mark-sweep generation total 13696K, used 8375K [0x00000000ff2a0000, 0x0000000100000000, 0x0000000100000000)
 Metaspace       used 5078K, capacity 5258K, committed 5504K, reserved 1056768K
  class space    used 557K, capacity 597K, committed 640K, reserved 1048576K
}
2024-07-16T17:10:18.578+0800: 5.247: [GC (CMS Initial Mark) [1 CMS-initial-mark: 8375K(13696K)] 9409K(19840K), 0.0004400 secs] [Times: user=0.00 sys=0.00, real=0.00 secs] 
2024-07-16T17:10:18.578+0800: 5.247: [CMS-concurrent-mark-start]
2024-07-16T17:10:18.580+0800: 5.249: [CMS-concurrent-mark: 0.002/0.002 secs] [Times: user=0.05 sys=0.00, real=0.00 secs] 
2024-07-16T17:10:18.580+0800: 5.249: [CMS-concurrent-preclean-start]
2024-07-16T17:10:18.580+0800: 5.249: [CMS-concurrent-preclean: 0.000/0.000 secs] [Times: user=0.00 sys=0.00, real=0.00 secs] 
2024-07-16T17:10:18.580+0800: 5.249: [CMS-concurrent-abortable-preclean-start]
{Heap before GC invocations=663 (full 76):
 par new generation   total 6144K, used 5237K [0x00000000fec00000, 0x00000000ff2a0000, 0x00000000ff2a0000)
  eden space 5504K,  95% used [0x00000000fec00000, 0x00000000ff11b780, 0x00000000ff160000)
  from space 640K,   1% used [0x00000000ff200000, 0x00000000ff202040, 0x00000000ff2a0000)
  to   space 640K,   0% used [0x00000000ff160000, 0x00000000ff160000, 0x00000000ff200000)
 concurrent mark-sweep generation total 13696K, used 8375K [0x00000000ff2a0000, 0x0000000100000000, 0x0000000100000000)
 Metaspace       used 5078K, capacity 5258K, committed 5504K, reserved 1056768K
  class space    used 557K, capacity 597K, committed 640K, reserved 1048576K
2024-07-16T17:10:18.587+0800: 5.256: [GC (Allocation Failure) 2024-07-16T17:10:18.587+0800: 5.256: [ParNew: 5237K->4K(6144K), 0.0003507 secs] 13613K->8379K(19840K), 0.0003880 secs] [Times: user=0.00 sys=0.00, real=0.00 secs] 
Heap after GC invocations=664 (full 76):
 par new generation   total 6144K, used 4K [0x00000000fec00000, 0x00000000ff2a0000, 0x00000000ff2a0000)
  eden space 5504K,   0% used [0x00000000fec00000, 0x00000000fec00000, 0x00000000ff160000)
  from space 640K,   0% used [0x00000000ff160000, 0x00000000ff161020, 0x00000000ff200000)
  to   space 640K,   0% used [0x00000000ff200000, 0x00000000ff200000, 0x00000000ff2a0000)
 concurrent mark-sweep generation total 13696K, used 8375K [0x00000000ff2a0000, 0x0000000100000000, 0x0000000100000000)
 Metaspace       used 5078K, capacity 5258K, committed 5504K, reserved 1056768K
  class space    used 557K, capacity 597K, committed 640K, reserved 1048576K
}
{Heap before GC invocations=664 (full 76):
 par new generation   total 6144K, used 5233K [0x00000000fec00000, 0x00000000ff2a0000, 0x00000000ff2a0000)
  eden space 5504K,  95% used [0x00000000fec00000, 0x00000000ff11b780, 0x00000000ff160000)
  from space 640K,   0% used [0x00000000ff160000, 0x00000000ff161020, 0x00000000ff200000)
  to   space 640K,   0% used [0x00000000ff200000, 0x00000000ff200000, 0x00000000ff2a0000)
 concurrent mark-sweep generation total 13696K, used 8375K [0x00000000ff2a0000, 0x0000000100000000, 0x0000000100000000)
 Metaspace       used 5078K, capacity 5258K, committed 5504K, reserved 1056768K
  class space    used 557K, capacity 597K, committed 640K, reserved 1048576K
2024-07-16T17:10:18.593+0800: 5.262: [GC (Allocation Failure) 2024-07-16T17:10:18.593+0800: 5.262: [ParNew: 5233K->10K(6144K), 0.0005515 secs] 13609K->9409K(19840K), 0.0005951 secs] [Times: user=0.00 sys=0.00, real=0.00 secs] 
Heap after GC invocations=665 (full 76):
 par new generation   total 6144K, used 10K [0x00000000fec00000, 0x00000000ff2a0000, 0x00000000ff2a0000)
  eden space 5504K,   0% used [0x00000000fec00000, 0x00000000fec00000, 0x00000000ff160000)
  from space 640K,   1% used [0x00000000ff200000, 0x00000000ff202850, 0x00000000ff2a0000)
  to   space 640K,   0% used [0x00000000ff160000, 0x00000000ff160000, 0x00000000ff200000)
 concurrent mark-sweep generation total 13696K, used 9399K [0x00000000ff2a0000, 0x0000000100000000, 0x0000000100000000)
 Metaspace       used 5078K, capacity 5258K, committed 5504K, reserved 1056768K
  class space    used 557K, capacity 597K, committed 640K, reserved 1048576K
}
{Heap before GC invocations=665 (full 76):
 par new generation   total 6144K, used 5239K [0x00000000fec00000, 0x00000000ff2a0000, 0x00000000ff2a0000)
  eden space 5504K,  95% used [0x00000000fec00000, 0x00000000ff11b780, 0x00000000ff160000)
  from space 640K,   1% used [0x00000000ff200000, 0x00000000ff202850, 0x00000000ff2a0000)
  to   space 640K,   0% used [0x00000000ff160000, 0x00000000ff160000, 0x00000000ff200000)
 concurrent mark-sweep generation total 13696K, used 9399K [0x00000000ff2a0000, 0x0000000100000000, 0x0000000100000000)
 Metaspace       used 5078K, capacity 5258K, committed 5504K, reserved 1056768K
  class space    used 557K, capacity 597K, committed 640K, reserved 1048576K
2024-07-16T17:10:18.600+0800: 5.269: [GC (Allocation Failure) 2024-07-16T17:10:18.600+0800: 5.269: [ParNew: 5239K->10K(6144K), 0.0009291 secs] 14639K->10435K(19840K), 0.0010037 secs] [Times: user=0.00 sys=0.00, real=0.00 secs] 
Heap after GC invocations=666 (full 76):
 par new generation   total 6144K, used 10K [0x00000000fec00000, 0x00000000ff2a0000, 0x00000000ff2a0000)
  eden space 5504K,   0% used [0x00000000fec00000, 0x00000000fec00000, 0x00000000ff160000)
  from space 640K,   1% used [0x00000000ff160000, 0x00000000ff162850, 0x00000000ff200000)
  to   space 640K,   0% used [0x00000000ff200000, 0x00000000ff200000, 0x00000000ff2a0000)
 concurrent mark-sweep generation total 13696K, used 10425K [0x00000000ff2a0000, 0x0000000100000000, 0x0000000100000000)
 Metaspace       used 5078K, capacity 5258K, committed 5504K, reserved 1056768K
  class space    used 557K, capacity 597K, committed 640K, reserved 1048576K
}
{Heap before GC invocations=666 (full 76):
 par new generation   total 6144K, used 5239K [0x00000000fec00000, 0x00000000ff2a0000, 0x00000000ff2a0000)
  eden space 5504K,  95% used [0x00000000fec00000, 0x00000000ff11b780, 0x00000000ff160000)
  from space 640K,   1% used [0x00000000ff160000, 0x00000000ff162850, 0x00000000ff200000)
  to   space 640K,   0% used [0x00000000ff200000, 0x00000000ff200000, 0x00000000ff2a0000)
 concurrent mark-sweep generation total 13696K, used 10425K [0x00000000ff2a0000, 0x0000000100000000, 0x0000000100000000)
 Metaspace       used 5078K, capacity 5258K, committed 5504K, reserved 1056768K
  class space    used 557K, capacity 597K, committed 640K, reserved 1048576K
2024-07-16T17:10:18.608+0800: 5.277: [GC (Allocation Failure) 2024-07-16T17:10:18.608+0800: 5.277: [ParNew: 5239K->10K(6144K), 0.0006339 secs] 15665K->11461K(19840K), 0.0006956 secs] [Times: user=0.00 sys=0.00, real=0.00 secs] 
Heap after GC invocations=667 (full 76):
 par new generation   total 6144K, used 10K [0x00000000fec00000, 0x00000000ff2a0000, 0x00000000ff2a0000)
  eden space 5504K,   0% used [0x00000000fec00000, 0x00000000fec00000, 0x00000000ff160000)
  from space 640K,   1% used [0x00000000ff200000, 0x00000000ff202850, 0x00000000ff2a0000)
  to   space 640K,   0% used [0x00000000ff160000, 0x00000000ff160000, 0x00000000ff200000)
 concurrent mark-sweep generation total 13696K, used 11451K [0x00000000ff2a0000, 0x0000000100000000, 0x0000000100000000)
 Metaspace       used 5078K, capacity 5258K, committed 5504K, reserved 1056768K
  class space    used 557K, capacity 597K, committed 640K, reserved 1048576K
}
{Heap before GC invocations=667 (full 76):
 par new generation   total 6144K, used 5239K [0x00000000fec00000, 0x00000000ff2a0000, 0x00000000ff2a0000)
  eden space 5504K,  95% used [0x00000000fec00000, 0x00000000ff11b780, 0x00000000ff160000)
  from space 640K,   1% used [0x00000000ff200000, 0x00000000ff202850, 0x00000000ff2a0000)
  to   space 640K,   0% used [0x00000000ff160000, 0x00000000ff160000, 0x00000000ff200000)
 concurrent mark-sweep generation total 13696K, used 11451K [0x00000000ff2a0000, 0x0000000100000000, 0x0000000100000000)
 Metaspace       used 5078K, capacity 5258K, committed 5504K, reserved 1056768K
  class space    used 557K, capacity 597K, committed 640K, reserved 1048576K
2024-07-16T17:10:18.614+0800: 5.283: [GC (Allocation Failure) 2024-07-16T17:10:18.614+0800: 5.283: [ParNew: 5239K->8K(6144K), 0.0005518 secs] 16691K->12483K(19840K), 0.0006134 secs] [Times: user=0.00 sys=0.00, real=0.00 secs] 
Heap after GC invocations=668 (full 76):
 par new generation   total 6144K, used 8K [0x00000000fec00000, 0x00000000ff2a0000, 0x00000000ff2a0000)
  eden space 5504K,   0% used [0x00000000fec00000, 0x00000000fec00000, 0x00000000ff160000)
  from space 640K,   1% used [0x00000000ff160000, 0x00000000ff162040, 0x00000000ff200000)
  to   space 640K,   0% used [0x00000000ff200000, 0x00000000ff200000, 0x00000000ff2a0000)
 concurrent mark-sweep generation total 13696K, used 12475K [0x00000000ff2a0000, 0x0000000100000000, 0x0000000100000000)
 Metaspace       used 5078K, capacity 5258K, committed 5504K, reserved 1056768K
  class space    used 557K, capacity 597K, committed 640K, reserved 1048576K
}
{Heap before GC invocations=668 (full 76):
 par new generation   total 6144K, used 5237K [0x00000000fec00000, 0x00000000ff2a0000, 0x00000000ff2a0000)
  eden space 5504K,  95% used [0x00000000fec00000, 0x00000000ff11b780, 0x00000000ff160000)
  from space 640K,   1% used [0x00000000ff160000, 0x00000000ff162040, 0x00000000ff200000)
  to   space 640K,   0% used [0x00000000ff200000, 0x00000000ff200000, 0x00000000ff2a0000)
 concurrent mark-sweep generation total 13696K, used 12475K [0x00000000ff2a0000, 0x0000000100000000, 0x0000000100000000)
 Metaspace       used 5078K, capacity 5258K, committed 5504K, reserved 1056768K
  class space    used 557K, capacity 597K, committed 640K, reserved 1048576K
2024-07-16T17:10:18.620+0800: 5.289: [GC (Allocation Failure) 2024-07-16T17:10:18.620+0800: 5.289: [ParNew: 5237K->5237K(6144K), 0.0000102 secs]2024-07-16T17:10:18.620+0800: 5.289: [CMS2024-07-16T17:10:18.620+0800: 5.289: [CMS-concurrent-abortable-preclean: 0.001/0.039 secs] [Times: user=0.00 sys=0.00, real=0.04 secs] 
 (concurrent mode failure): 12475K->2220K(13696K), 0.0029363 secs] 17713K->2220K(19840K), [Metaspace: 5078K->5078K(1056768K)], 0.0029974 secs] [Times: user=0.00 sys=0.00, real=0.00 secs] 
Heap after GC invocations=669 (full 77):
 par new generation   total 6144K, used 0K [0x00000000fec00000, 0x00000000ff2a0000, 0x00000000ff2a0000)
  eden space 5504K,   0% used [0x00000000fec00000, 0x00000000fec00000, 0x00000000ff160000)
  from space 640K,   0% used [0x00000000ff160000, 0x00000000ff160000, 0x00000000ff200000)
  to   space 640K,   0% used [0x00000000ff200000, 0x00000000ff200000, 0x00000000ff2a0000)
 concurrent mark-sweep generation total 13696K, used 2220K [0x00000000ff2a0000, 0x0000000100000000, 0x0000000100000000)
 Metaspace       used 5078K, capacity 5258K, committed 5504K, reserved 1056768K
  class space    used 557K, capacity 597K, committed 640K, reserved 1048576K
}
{Heap before GC invocations=669 (full 77):
 par new generation   total 6144K, used 5229K [0x00000000fec00000, 0x00000000ff2a0000, 0x00000000ff2a0000)
  eden space 5504K,  95% used [0x00000000fec00000, 0x00000000ff11b780, 0x00000000ff160000)
  from space 640K,   0% used [0x00000000ff160000, 0x00000000ff160000, 0x00000000ff200000)
  to   space 640K,   0% used [0x00000000ff200000, 0x00000000ff200000, 0x00000000ff2a0000)
 concurrent mark-sweep generation total 13696K, used 2220K [0x00000000ff2a0000, 0x0000000100000000, 0x0000000100000000)
 Metaspace       used 5078K, capacity 5258K, committed 5504K, reserved 1056768K
  class space    used 557K, capacity 597K, committed 640K, reserved 1048576K
2024-07-16T17:10:18.630+0800: 5.299: [GC (Allocation Failure) 2024-07-16T17:10:18.630+0800: 5.299: [ParNew: 5229K->8K(6144K), 0.0012499 secs] 7450K->3255K(19840K), 0.0013421 secs] [Times: user=0.00 sys=0.00, real=0.00 secs] 
Heap after GC invocations=670 (full 77):
 par new generation   total 6144K, used 8K [0x00000000fec00000, 0x00000000ff2a0000, 0x00000000ff2a0000)
  eden space 5504K,   0% used [0x00000000fec00000, 0x00000000fec00000, 0x00000000ff160000)
  from space 640K,   1% used [0x00000000ff200000, 0x00000000ff202040, 0x00000000ff2a0000)
  to   space 640K,   0% used [0x00000000ff160000, 0x00000000ff160000, 0x00000000ff200000)
 concurrent mark-sweep generation total 13696K, used 3246K [0x00000000ff2a0000, 0x0000000100000000, 0x0000000100000000)
 Metaspace       used 5078K, capacity 5258K, committed 5504K, reserved 1056768K
  class space    used 557K, capacity 597K, committed 640K, reserved 1048576K
}
{Heap before GC invocations=670 (full 77):
 par new generation   total 6144K, used 5237K [0x00000000fec00000, 0x00000000ff2a0000, 0x00000000ff2a0000)
  eden space 5504K,  95% used [0x00000000fec00000, 0x00000000ff11b780, 0x00000000ff160000)
  from space 640K,   1% used [0x00000000ff200000, 0x00000000ff202040, 0x00000000ff2a0000)
  to   space 640K,   0% used [0x00000000ff160000, 0x00000000ff160000, 0x00000000ff200000)
 concurrent mark-sweep generation total 13696K, used 3246K [0x00000000ff2a0000, 0x0000000100000000, 0x0000000100000000)
 Metaspace       used 5078K, capacity 5258K, committed 5504K, reserved 1056768K
  class space    used 557K, capacity 597K, committed 640K, reserved 1048576K
2024-07-16T17:10:18.639+0800: 5.308: [GC (Allocation Failure) 2024-07-16T17:10:18.639+0800: 5.308: [ParNew: 5237K->4K(6144K), 0.0005442 secs] 8484K->3250K(19840K), 0.0006140 secs] [Times: user=0.00 sys=0.00, real=0.00 secs] 
Heap after GC invocations=671 (full 77):
 par new generation   total 6144K, used 4K [0x00000000fec00000, 0x00000000ff2a0000, 0x00000000ff2a0000)
  eden space 5504K,   0% used [0x00000000fec00000, 0x00000000fec00000, 0x00000000ff160000)
  from space 640K,   0% used [0x00000000ff160000, 0x00000000ff161020, 0x00000000ff200000)
  to   space 640K,   0% used [0x00000000ff200000, 0x00000000ff200000, 0x00000000ff2a0000)
 concurrent mark-sweep generation total 13696K, used 3246K [0x00000000ff2a0000, 0x0000000100000000, 0x0000000100000000)
 Metaspace       used 5078K, capacity 5258K, committed 5504K, reserved 1056768K
  class space    used 557K, capacity 597K, committed 640K, reserved 1048576K
}
{Heap before GC invocations=671 (full 77):
 par new generation   total 6144K, used 5233K [0x00000000fec00000, 0x00000000ff2a0000, 0x00000000ff2a0000)
  eden space 5504K,  95% used [0x00000000fec00000, 0x00000000ff11b780, 0x00000000ff160000)
  from space 640K,   0% used [0x00000000ff160000, 0x00000000ff161020, 0x00000000ff200000)
  to   space 640K,   0% used [0x00000000ff200000, 0x00000000ff200000, 0x00000000ff2a0000)
 concurrent mark-sweep generation total 13696K, used 3246K [0x00000000ff2a0000, 0x0000000100000000, 0x0000000100000000)
 Metaspace       used 5078K, capacity 5258K, committed 5504K, reserved 1056768K
  class space    used 557K, capacity 597K, committed 640K, reserved 1048576K
2024-07-16T17:10:18.646+0800: 5.315: [GC (Allocation Failure) 2024-07-16T17:10:18.646+0800: 5.315: [ParNew: 5233K->2K(6144K), 0.0006467 secs] 8480K->3248K(19840K), 0.0007178 secs] [Times: user=0.00 sys=0.00, real=0.00 secs] 
Heap after GC invocations=672 (full 77):
 par new generation   total 6144K, used 2K [0x00000000fec00000, 0x00000000ff2a0000, 0x00000000ff2a0000)
  eden space 5504K,   0% used [0x00000000fec00000, 0x00000000fec00000, 0x00000000ff160000)
  from space 640K,   0% used [0x00000000ff200000, 0x00000000ff200810, 0x00000000ff2a0000)
  to   space 640K,   0% used [0x00000000ff160000, 0x00000000ff160000, 0x00000000ff200000)
 concurrent mark-sweep generation total 13696K, used 3246K [0x00000000ff2a0000, 0x0000000100000000, 0x0000000100000000)
 Metaspace       used 5078K, capacity 5258K, committed 5504K, reserved 1056768K
  class space    used 557K, capacity 597K, committed 640K, reserved 1048576K
}
{Heap before GC invocations=672 (full 77):
 par new generation   total 6144K, used 5231K [0x00000000fec00000, 0x00000000ff2a0000, 0x00000000ff2a0000)
  eden space 5504K,  95% used [0x00000000fec00000, 0x00000000ff11b780, 0x00000000ff160000)
  from space 640K,   0% used [0x00000000ff200000, 0x00000000ff200810, 0x00000000ff2a0000)
  to   space 640K,   0% used [0x00000000ff160000, 0x00000000ff160000, 0x00000000ff200000)
 concurrent mark-sweep generation total 13696K, used 3246K [0x00000000ff2a0000, 0x0000000100000000, 0x0000000100000000)
 Metaspace       used 5078K, capacity 5258K, committed 5504K, reserved 1056768K
  class space    used 557K, capacity 597K, committed 640K, reserved 1048576K
2024-07-16T17:10:18.653+0800: 5.322: [GC (Allocation Failure) 2024-07-16T17:10:18.653+0800: 5.322: [ParNew: 5231K->8K(6144K), 0.0011365 secs] 8478K->4281K(19840K), 0.0012293 secs] [Times: user=0.00 sys=0.00, real=0.00 secs] 
Heap after GC invocations=673 (full 77):
 par new generation   total 6144K, used 8K [0x00000000fec00000, 0x00000000ff2a0000, 0x00000000ff2a0000)
  eden space 5504K,   0% used [0x00000000fec00000, 0x00000000fec00000, 0x00000000ff160000)
  from space 640K,   1% used [0x00000000ff160000, 0x00000000ff162040, 0x00000000ff200000)
  to   space 640K,   0% used [0x00000000ff200000, 0x00000000ff200000, 0x00000000ff2a0000)
 concurrent mark-sweep generation total 13696K, used 4273K [0x00000000ff2a0000, 0x0000000100000000, 0x0000000100000000)
 Metaspace       used 5078K, capacity 5258K, committed 5504K, reserved 1056768K
  class space    used 557K, capacity 597K, committed 640K, reserved 1048576K
}
{Heap before GC invocations=673 (full 77):
 par new generation   total 6144K, used 5237K [0x00000000fec00000, 0x00000000ff2a0000, 0x00000000ff2a0000)
  eden space 5504K,  95% used [0x00000000fec00000, 0x00000000ff11b780, 0x00000000ff160000)
  from space 640K,   1% used [0x00000000ff160000, 0x00000000ff162040, 0x00000000ff200000)
  to   space 640K,   0% used [0x00000000ff200000, 0x00000000ff200000, 0x00000000ff2a0000)
 concurrent mark-sweep generation total 13696K, used 4273K [0x00000000ff2a0000, 0x0000000100000000, 0x0000000100000000)
 Metaspace       used 5078K, capacity 5258K, committed 5504K, reserved 1056768K
  class space    used 557K, capacity 597K, committed 640K, reserved 1048576K
2024-07-16T17:10:18.662+0800: 5.331: [GC (Allocation Failure) 2024-07-16T17:10:18.662+0800: 5.331: [ParNew: 5237K->4K(6144K), 0.0009874 secs] 9510K->4277K(19840K), 0.0010644 secs] [Times: user=0.00 sys=0.00, real=0.00 secs] 
Heap after GC invocations=674 (full 77):
 par new generation   total 6144K, used 4K [0x00000000fec00000, 0x00000000ff2a0000, 0x00000000ff2a0000)
  eden space 5504K,   0% used [0x00000000fec00000, 0x00000000fec00000, 0x00000000ff160000)
  from space 640K,   0% used [0x00000000ff200000, 0x00000000ff201020, 0x00000000ff2a0000)
  to   space 640K,   0% used [0x00000000ff160000, 0x00000000ff160000, 0x00000000ff200000)
 concurrent mark-sweep generation total 13696K, used 4273K [0x00000000ff2a0000, 0x0000000100000000, 0x0000000100000000)
 Metaspace       used 5078K, capacity 5258K, committed 5504K, reserved 1056768K
  class space    used 557K, capacity 597K, committed 640K, reserved 1048576K
}
{Heap before GC invocations=674 (full 77):
 par new generation   total 6144K, used 5233K [0x00000000fec00000, 0x00000000ff2a0000, 0x00000000ff2a0000)
  eden space 5504K,  95% used [0x00000000fec00000, 0x00000000ff11b780, 0x00000000ff160000)
  from space 640K,   0% used [0x00000000ff200000, 0x00000000ff201020, 0x00000000ff2a0000)
  to   space 640K,   0% used [0x00000000ff160000, 0x00000000ff160000, 0x00000000ff200000)
 concurrent mark-sweep generation total 13696K, used 4273K [0x00000000ff2a0000, 0x0000000100000000, 0x0000000100000000)
 Metaspace       used 5078K, capacity 5258K, committed 5504K, reserved 1056768K
  class space    used 557K, capacity 597K, committed 640K, reserved 1048576K
2024-07-16T17:10:18.670+0800: 5.339: [GC (Allocation Failure) 2024-07-16T17:10:18.670+0800: 5.339: [ParNew: 5233K->8K(6144K), 0.0011388 secs] 9506K->5307K(19840K), 0.0012093 secs] [Times: user=0.00 sys=0.00, real=0.00 secs] 
Heap after GC invocations=675 (full 77):
 par new generation   total 6144K, used 8K [0x00000000fec00000, 0x00000000ff2a0000, 0x00000000ff2a0000)
  eden space 5504K,   0% used [0x00000000fec00000, 0x00000000fec00000, 0x00000000ff160000)
  from space 640K,   1% used [0x00000000ff160000, 0x00000000ff162040, 0x00000000ff200000)
  to   space 640K,   0% used [0x00000000ff200000, 0x00000000ff200000, 0x00000000ff2a0000)
 concurrent mark-sweep generation total 13696K, used 5299K [0x00000000ff2a0000, 0x0000000100000000, 0x0000000100000000)
 Metaspace       used 5078K, capacity 5258K, committed 5504K, reserved 1056768K
  class space    used 557K, capacity 597K, committed 640K, reserved 1048576K
}
{Heap before GC invocations=675 (full 77):
 par new generation   total 6144K, used 5237K [0x00000000fec00000, 0x00000000ff2a0000, 0x00000000ff2a0000)
  eden space 5504K,  95% used [0x00000000fec00000, 0x00000000ff11b780, 0x00000000ff160000)
  from space 640K,   1% used [0x00000000ff160000, 0x00000000ff162040, 0x00000000ff200000)
  to   space 640K,   0% used [0x00000000ff200000, 0x00000000ff200000, 0x00000000ff2a0000)
 concurrent mark-sweep generation total 13696K, used 5299K [0x00000000ff2a0000, 0x0000000100000000, 0x0000000100000000)
 Metaspace       used 5078K, capacity 5258K, committed 5504K, reserved 1056768K
  class space    used 557K, capacity 597K, committed 640K, reserved 1048576K
2024-07-16T17:10:18.680+0800: 5.348: [GC (Allocation Failure) 2024-07-16T17:10:18.680+0800: 5.348: [ParNew: 5237K->8K(6144K), 0.0012800 secs] 10537K->6333K(19840K), 0.0013736 secs] [Times: user=0.00 sys=0.00, real=0.00 secs] 
Heap after GC invocations=676 (full 77):
 par new generation   total 6144K, used 8K [0x00000000fec00000, 0x00000000ff2a0000, 0x00000000ff2a0000)
  eden space 5504K,   0% used [0x00000000fec00000, 0x00000000fec00000, 0x00000000ff160000)
  from space 640K,   1% used [0x00000000ff200000, 0x00000000ff202040, 0x00000000ff2a0000)
  to   space 640K,   0% used [0x00000000ff160000, 0x00000000ff160000, 0x00000000ff200000)
 concurrent mark-sweep generation total 13696K, used 6325K [0x00000000ff2a0000, 0x0000000100000000, 0x0000000100000000)
 Metaspace       used 5078K, capacity 5258K, committed 5504K, reserved 1056768K
  class space    used 557K, capacity 597K, committed 640K, reserved 1048576K
}
{Heap before GC invocations=676 (full 77):
 par new generation   total 6144K, used 5237K [0x00000000fec00000, 0x00000000ff2a0000, 0x00000000ff2a0000)
  eden space 5504K,  95% used [0x00000000fec00000, 0x00000000ff11b780, 0x00000000ff160000)
  from space 640K,   1% used [0x00000000ff200000, 0x00000000ff202040, 0x00000000ff2a0000)
  to   space 640K,   0% used [0x00000000ff160000, 0x00000000ff160000, 0x00000000ff200000)
 concurrent mark-sweep generation total 13696K, used 6325K [0x00000000ff2a0000, 0x0000000100000000, 0x0000000100000000)
 Metaspace       used 5078K, capacity 5258K, committed 5504K, reserved 1056768K
  class space    used 557K, capacity 597K, committed 640K, reserved 1048576K
2024-07-16T17:10:18.688+0800: 5.356: [GC (Allocation Failure) 2024-07-16T17:10:18.688+0800: 5.356: [ParNew: 5237K->8K(6144K), 0.0010611 secs] 11563K->7357K(19840K), 0.0011299 secs] [Times: user=0.00 sys=0.00, real=0.00 secs] 
Heap after GC invocations=677 (full 77):
 par new generation   total 6144K, used 8K [0x00000000fec00000, 0x00000000ff2a0000, 0x00000000ff2a0000)
  eden space 5504K,   0% used [0x00000000fec00000, 0x00000000fec00000, 0x00000000ff160000)
  from space 640K,   1% used [0x00000000ff160000, 0x00000000ff162040, 0x00000000ff200000)
  to   space 640K,   0% used [0x00000000ff200000, 0x00000000ff200000, 0x00000000ff2a0000)
 concurrent mark-sweep generation total 13696K, used 7349K [0x00000000ff2a0000, 0x0000000100000000, 0x0000000100000000)
 Metaspace       used 5078K, capacity 5258K, committed 5504K, reserved 1056768K
  class space    used 557K, capacity 597K, committed 640K, reserved 1048576K
}
2024-07-16T17:10:18.689+0800: 5.358: [GC (CMS Initial Mark) [1 CMS-initial-mark: 7349K(13696K)] 8383K(19840K), 0.0004494 secs] [Times: user=0.02 sys=0.00, real=0.00 secs] 
2024-07-16T17:10:18.690+0800: 5.358: [CMS-concurrent-mark-start]
2024-07-16T17:10:18.692+0800: 5.361: [CMS-concurrent-mark: 0.003/0.003 secs] [Times: user=0.00 sys=0.00, real=0.00 secs] 
2024-07-16T17:10:18.692+0800: 5.361: [CMS-concurrent-preclean-start]
2024-07-16T17:10:18.693+0800: 5.361: [CMS-concurrent-preclean: 0.000/0.000 secs] [Times: user=0.00 sys=0.00, real=0.00 secs] 
2024-07-16T17:10:18.693+0800: 5.361: [CMS-concurrent-abortable-preclean-start]
{Heap before GC invocations=677 (full 78):
 par new generation   total 6144K, used 5237K [0x00000000fec00000, 0x00000000ff2a0000, 0x00000000ff2a0000)
  eden space 5504K,  95% used [0x00000000fec00000, 0x00000000ff11b780, 0x00000000ff160000)
  from space 640K,   1% used [0x00000000ff160000, 0x00000000ff162040, 0x00000000ff200000)
  to   space 640K,   0% used [0x00000000ff200000, 0x00000000ff200000, 0x00000000ff2a0000)
 concurrent mark-sweep generation total 13696K, used 7349K [0x00000000ff2a0000, 0x0000000100000000, 0x0000000100000000)
 Metaspace       used 5078K, capacity 5258K, committed 5504K, reserved 1056768K
  class space    used 557K, capacity 597K, committed 640K, reserved 1048576K
2024-07-16T17:10:18.697+0800: 5.365: [GC (Allocation Failure) 2024-07-16T17:10:18.697+0800: 5.365: [ParNew: 5237K->8K(6144K), 0.0010490 secs] 12587K->8383K(19840K), 0.0011111 secs] [Times: user=0.00 sys=0.00, real=0.00 secs] 
Heap after GC invocations=678 (full 78):
 par new generation   total 6144K, used 8K [0x00000000fec00000, 0x00000000ff2a0000, 0x00000000ff2a0000)
  eden space 5504K,   0% used [0x00000000fec00000, 0x00000000fec00000, 0x00000000ff160000)
  from space 640K,   1% used [0x00000000ff200000, 0x00000000ff202040, 0x00000000ff2a0000)
  to   space 640K,   0% used [0x00000000ff160000, 0x00000000ff160000, 0x00000000ff200000)
 concurrent mark-sweep generation total 13696K, used 8375K [0x00000000ff2a0000, 0x0000000100000000, 0x0000000100000000)
 Metaspace       used 5078K, capacity 5258K, committed 5504K, reserved 1056768K
  class space    used 557K, capacity 597K, committed 640K, reserved 1048576K
}
{Heap before GC invocations=678 (full 78):
 par new generation   total 6144K, used 5237K [0x00000000fec00000, 0x00000000ff2a0000, 0x00000000ff2a0000)
  eden space 5504K,  95% used [0x00000000fec00000, 0x00000000ff11b780, 0x00000000ff160000)
  from space 640K,   1% used [0x00000000ff200000, 0x00000000ff202040, 0x00000000ff2a0000)
  to   space 640K,   0% used [0x00000000ff160000, 0x00000000ff160000, 0x00000000ff200000)
 concurrent mark-sweep generation total 13696K, used 8375K [0x00000000ff2a0000, 0x0000000100000000, 0x0000000100000000)
 Metaspace       used 5078K, capacity 5258K, committed 5504K, reserved 1056768K
  class space    used 557K, capacity 597K, committed 640K, reserved 1048576K
2024-07-16T17:10:18.705+0800: 5.373: [GC (Allocation Failure) 2024-07-16T17:10:18.705+0800: 5.373: [ParNew: 5237K->6K(6144K), 0.0010747 secs] 13613K->9407K(19840K), 0.0011670 secs] [Times: user=0.16 sys=0.00, real=0.00 secs] 
Heap after GC invocations=679 (full 78):
 par new generation   total 6144K, used 6K [0x00000000fec00000, 0x00000000ff2a0000, 0x00000000ff2a0000)
  eden space 5504K,   0% used [0x00000000fec00000, 0x00000000fec00000, 0x00000000ff160000)
  from space 640K,   0% used [0x00000000ff160000, 0x00000000ff161830, 0x00000000ff200000)
  to   space 640K,   0% used [0x00000000ff200000, 0x00000000ff200000, 0x00000000ff2a0000)
 concurrent mark-sweep generation total 13696K, used 9401K [0x00000000ff2a0000, 0x0000000100000000, 0x0000000100000000)
 Metaspace       used 5078K, capacity 5258K, committed 5504K, reserved 1056768K
  class space    used 557K, capacity 597K, committed 640K, reserved 1048576K
}
{Heap before GC invocations=679 (full 78):
 par new generation   total 6144K, used 5235K [0x00000000fec00000, 0x00000000ff2a0000, 0x00000000ff2a0000)
  eden space 5504K,  95% used [0x00000000fec00000, 0x00000000ff11b780, 0x00000000ff160000)
  from space 640K,   0% used [0x00000000ff160000, 0x00000000ff161830, 0x00000000ff200000)
  to   space 640K,   0% used [0x00000000ff200000, 0x00000000ff200000, 0x00000000ff2a0000)
 concurrent mark-sweep generation total 13696K, used 9401K [0x00000000ff2a0000, 0x0000000100000000, 0x0000000100000000)
 Metaspace       used 5078K, capacity 5258K, committed 5504K, reserved 1056768K
  class space    used 557K, capacity 597K, committed 640K, reserved 1048576K
2024-07-16T17:10:18.712+0800: 5.381: [GC (Allocation Failure) 2024-07-16T17:10:18.712+0800: 5.381: [ParNew: 5235K->6K(6144K), 0.0010456 secs] 14637K->10431K(19840K), 0.0011344 secs] [Times: user=0.00 sys=0.00, real=0.00 secs] 
Heap after GC invocations=680 (full 78):
 par new generation   total 6144K, used 6K [0x00000000fec00000, 0x00000000ff2a0000, 0x00000000ff2a0000)
  eden space 5504K,   0% used [0x00000000fec00000, 0x00000000fec00000, 0x00000000ff160000)
  from space 640K,   0% used [0x00000000ff200000, 0x00000000ff201830, 0x00000000ff2a0000)
  to   space 640K,   0% used [0x00000000ff160000, 0x00000000ff160000, 0x00000000ff200000)
 concurrent mark-sweep generation total 13696K, used 10425K [0x00000000ff2a0000, 0x0000000100000000, 0x0000000100000000)
 Metaspace       used 5078K, capacity 5258K, committed 5504K, reserved 1056768K
  class space    used 557K, capacity 597K, committed 640K, reserved 1048576K
}
{Heap before GC invocations=680 (full 78):
 par new generation   total 6144K, used 5235K [0x00000000fec00000, 0x00000000ff2a0000, 0x00000000ff2a0000)
  eden space 5504K,  95% used [0x00000000fec00000, 0x00000000ff11b780, 0x00000000ff160000)
  from space 640K,   0% used [0x00000000ff200000, 0x00000000ff201830, 0x00000000ff2a0000)
  to   space 640K,   0% used [0x00000000ff160000, 0x00000000ff160000, 0x00000000ff200000)
 concurrent mark-sweep generation total 13696K, used 10425K [0x00000000ff2a0000, 0x0000000100000000, 0x0000000100000000)
 Metaspace       used 5078K, capacity 5258K, committed 5504K, reserved 1056768K
  class space    used 557K, capacity 597K, committed 640K, reserved 1048576K
2024-07-16T17:10:18.721+0800: 5.390: [GC (Allocation Failure) 2024-07-16T17:10:18.721+0800: 5.390: [ParNew: 5235K->8K(6144K), 0.0011271 secs] 15661K->11457K(19840K), 0.0012276 secs] [Times: user=0.00 sys=0.00, real=0.00 secs] 
Heap after GC invocations=681 (full 78):
 par new generation   total 6144K, used 8K [0x00000000fec00000, 0x00000000ff2a0000, 0x00000000ff2a0000)
  eden space 5504K,   0% used [0x00000000fec00000, 0x00000000fec00000, 0x00000000ff160000)
  from space 640K,   1% used [0x00000000ff160000, 0x00000000ff162040, 0x00000000ff200000)
  to   space 640K,   0% used [0x00000000ff200000, 0x00000000ff200000, 0x00000000ff2a0000)
 concurrent mark-sweep generation total 13696K, used 11449K [0x00000000ff2a0000, 0x0000000100000000, 0x0000000100000000)
 Metaspace       used 5078K, capacity 5258K, committed 5504K, reserved 1056768K
  class space    used 557K, capacity 597K, committed 640K, reserved 1048576K
}
{Heap before GC invocations=681 (full 78):
 par new generation   total 6144K, used 5237K [0x00000000fec00000, 0x00000000ff2a0000, 0x00000000ff2a0000)
  eden space 5504K,  95% used [0x00000000fec00000, 0x00000000ff11b780, 0x00000000ff160000)
  from space 640K,   1% used [0x00000000ff160000, 0x00000000ff162040, 0x00000000ff200000)
  to   space 640K,   0% used [0x00000000ff200000, 0x00000000ff200000, 0x00000000ff2a0000)
 concurrent mark-sweep generation total 13696K, used 11449K [0x00000000ff2a0000, 0x0000000100000000, 0x0000000100000000)
 Metaspace       used 5078K, capacity 5258K, committed 5504K, reserved 1056768K
  class space    used 557K, capacity 597K, committed 640K, reserved 1048576K
2024-07-16T17:10:18.728+0800: 5.397: [GC (Allocation Failure) 2024-07-16T17:10:18.728+0800: 5.397: [ParNew: 5237K->8K(6144K), 0.0013053 secs] 16687K->12483K(19840K), 0.0013971 secs] [Times: user=0.00 sys=0.00, real=0.00 secs] 
Heap after GC invocations=682 (full 78):
 par new generation   total 6144K, used 8K [0x00000000fec00000, 0x00000000ff2a0000, 0x00000000ff2a0000)
  eden space 5504K,   0% used [0x00000000fec00000, 0x00000000fec00000, 0x00000000ff160000)
  from space 640K,   1% used [0x00000000ff200000, 0x00000000ff202040, 0x00000000ff2a0000)
  to   space 640K,   0% used [0x00000000ff160000, 0x00000000ff160000, 0x00000000ff200000)
 concurrent mark-sweep generation total 13696K, used 12475K [0x00000000ff2a0000, 0x0000000100000000, 0x0000000100000000)
 Metaspace       used 5078K, capacity 5258K, committed 5504K, reserved 1056768K
  class space    used 557K, capacity 597K, committed 640K, reserved 1048576K
}
{Heap before GC invocations=682 (full 78):
 par new generation   total 6144K, used 5237K [0x00000000fec00000, 0x00000000ff2a0000, 0x00000000ff2a0000)
  eden space 5504K,  95% used [0x00000000fec00000, 0x00000000ff11b780, 0x00000000ff160000)
  from space 640K,   1% used [0x00000000ff200000, 0x00000000ff202040, 0x00000000ff2a0000)
  to   space 640K,   0% used [0x00000000ff160000, 0x00000000ff160000, 0x00000000ff200000)
 concurrent mark-sweep generation total 13696K, used 12475K [0x00000000ff2a0000, 0x0000000100000000, 0x0000000100000000)
 Metaspace       used 5078K, capacity 5258K, committed 5504K, reserved 1056768K
  class space    used 557K, capacity 597K, committed 640K, reserved 1048576K
2024-07-16T17:10:18.737+0800: 5.406: [GC (Allocation Failure) 2024-07-16T17:10:18.737+0800: 5.406: [ParNew: 5237K->4K(6144K), 0.0011911 secs] 17713K->12479K(19840K), 0.0013242 secs] [Times: user=0.00 sys=0.00, real=0.00 secs] 
Heap after GC invocations=683 (full 78):
 par new generation   total 6144K, used 4K [0x00000000fec00000, 0x00000000ff2a0000, 0x00000000ff2a0000)
  eden space 5504K,   0% used [0x00000000fec00000, 0x00000000fec00000, 0x00000000ff160000)
  from space 640K,   0% used [0x00000000ff160000, 0x00000000ff161020, 0x00000000ff200000)
  to   space 640K,   0% used [0x00000000ff200000, 0x00000000ff200000, 0x00000000ff2a0000)
 concurrent mark-sweep generation total 13696K, used 12475K [0x00000000ff2a0000, 0x0000000100000000, 0x0000000100000000)
 Metaspace       used 5078K, capacity 5258K, committed 5504K, reserved 1056768K
  class space    used 557K, capacity 597K, committed 640K, reserved 1048576K
}
{Heap before GC invocations=683 (full 78):
 par new generation   total 6144K, used 5233K [0x00000000fec00000, 0x00000000ff2a0000, 0x00000000ff2a0000)
  eden space 5504K,  95% used [0x00000000fec00000, 0x00000000ff11b780, 0x00000000ff160000)
  from space 640K,   0% used [0x00000000ff160000, 0x00000000ff161020, 0x00000000ff200000)
  to   space 640K,   0% used [0x00000000ff200000, 0x00000000ff200000, 0x00000000ff2a0000)
 concurrent mark-sweep generation total 13696K, used 12475K [0x00000000ff2a0000, 0x0000000100000000, 0x0000000100000000)
 Metaspace       used 5078K, capacity 5258K, committed 5504K, reserved 1056768K
  class space    used 557K, capacity 597K, committed 640K, reserved 1048576K
2024-07-16T17:10:18.745+0800: 5.414: [GC (Allocation Failure) 2024-07-16T17:10:18.745+0800: 5.414: [ParNew: 5233K->8K(6144K), 0.0012418 secs] 17709K->13507K(19840K), 0.0013476 secs] [Times: user=0.00 sys=0.00, real=0.00 secs] 
Heap after GC invocations=684 (full 78):
 par new generation   total 6144K, used 8K [0x00000000fec00000, 0x00000000ff2a0000, 0x00000000ff2a0000)
  eden space 5504K,   0% used [0x00000000fec00000, 0x00000000fec00000, 0x00000000ff160000)
  from space 640K,   1% used [0x00000000ff200000, 0x00000000ff202040, 0x00000000ff2a0000)
  to   space 640K,   0% used [0x00000000ff160000, 0x00000000ff160000, 0x00000000ff200000)
 concurrent mark-sweep generation total 13696K, used 13499K [0x00000000ff2a0000, 0x0000000100000000, 0x0000000100000000)
 Metaspace       used 5078K, capacity 5258K, committed 5504K, reserved 1056768K
  class space    used 557K, capacity 597K, committed 640K, reserved 1048576K
}
2024-07-16T17:10:18.746+0800: 5.416: [CMS-concurrent-abortable-preclean: 0.001/0.054 secs] [Times: user=0.16 sys=0.00, real=0.05 secs] 
2024-07-16T17:10:18.747+0800: 5.416: [GC (CMS Final Remark) [YG occupancy: 1141 K (6144 K)]{Heap before GC invocations=684 (full 78):
 par new generation   total 6144K, used 1141K [0x00000000fec00000, 0x00000000ff2a0000, 0x00000000ff2a0000)
  eden space 5504K,  20% used [0x00000000fec00000, 0x00000000fed1b740, 0x00000000ff160000)
  from space 640K,   1% used [0x00000000ff200000, 0x00000000ff202040, 0x00000000ff2a0000)
  to   space 640K,   0% used [0x00000000ff160000, 0x00000000ff160000, 0x00000000ff200000)
 concurrent mark-sweep generation total 13696K, used 13499K [0x00000000ff2a0000, 0x0000000100000000, 0x0000000100000000)
 Metaspace       used 5078K, capacity 5258K, committed 5504K, reserved 1056768K
  class space    used 557K, capacity 597K, committed 640K, reserved 1048576K
2024-07-16T17:10:18.747+0800: 5.416: [GC (CMS Final Remark) 2024-07-16T17:10:18.747+0800: 5.416: [ParNew: 1141K->1141K(6144K), 0.0000413 secs] 14641K->14641K(19840K), 0.0001125 secs] [Times: user=0.00 sys=0.00, real=0.00 secs] 
Heap after GC invocations=685 (full 78):
 par new generation   total 6144K, used 1141K [0x00000000fec00000, 0x00000000ff2a0000, 0x00000000ff2a0000)
  eden space 5504K,  20% used [0x00000000fec00000, 0x00000000fed1b740, 0x00000000ff160000)
  from space 640K,   1% used [0x00000000ff200000, 0x00000000ff202040, 0x00000000ff2a0000)
  to   space 640K,   0% used [0x00000000ff160000, 0x00000000ff160000, 0x00000000ff200000)
 concurrent mark-sweep generation total 13696K, used 13499K [0x00000000ff2a0000, 0x0000000100000000, 0x0000000100000000)
 Metaspace       used 5078K, capacity 5258K, committed 5504K, reserved 1056768K
  class space    used 557K, capacity 597K, committed 640K, reserved 1048576K
}
2024-07-16T17:10:18.747+0800: 5.416: [Rescan (parallel) , 0.0004344 secs]2024-07-16T17:10:18.747+0800: 5.417: [weak refs processing, 0.0000274 secs]2024-07-16T17:10:18.747+0800: 5.417: [class unloading, 0.0006775 secs]2024-07-16T17:10:18.748+0800: 5.417: [scrub symbol table, 0.0007440 secs]2024-07-16T17:10:18.749+0800: 5.418: [scrub string table, 0.0002280 secs][1 CMS-remark: 13499K(13696K)] 14641K(19840K), 0.0024976 secs] [Times: user=0.00 sys=0.00, real=0.00 secs] 
2024-07-16T17:10:18.749+0800: 5.419: [CMS-concurrent-sweep-start]
2024-07-16T17:10:18.750+0800: 5.419: [CMS-concurrent-sweep: 0.000/0.000 secs] [Times: user=0.00 sys=0.00, real=0.00 secs] 
2024-07-16T17:10:18.750+0800: 5.419: [CMS-concurrent-reset-start]
2024-07-16T17:10:18.750+0800: 5.419: [CMS-concurrent-reset: 0.000/0.000 secs] [Times: user=0.00 sys=0.00, real=0.00 secs] 
{Heap before GC invocations=685 (full 78):
 par new generation   total 6144K, used 5347K [0x00000000fec00000, 0x00000000ff2a0000, 0x00000000ff2a0000)
  eden space 5504K,  97% used [0x00000000fec00000, 0x00000000ff136eb0, 0x00000000ff160000)
  from space 640K,   1% used [0x00000000ff200000, 0x00000000ff202040, 0x00000000ff2a0000)
  to   space 640K,   0% used [0x00000000ff160000, 0x00000000ff160000, 0x00000000ff200000)
 concurrent mark-sweep generation total 13696K, used 7355K [0x00000000ff2a0000, 0x0000000100000000, 0x0000000100000000)
 Metaspace       used 5078K, capacity 5258K, committed 5504K, reserved 1056768K
  class space    used 557K, capacity 597K, committed 640K, reserved 1048576K
2024-07-16T17:10:18.756+0800: 5.425: [GC (Allocation Failure) 2024-07-16T17:10:18.756+0800: 5.425: [ParNew: 5347K->10K(6144K), 0.0013544 secs] 12702K->8389K(19840K), 0.0014452 secs] [Times: user=0.00 sys=0.00, real=0.00 secs] 
Heap after GC invocations=686 (full 78):
 par new generation   total 6144K, used 10K [0x00000000fec00000, 0x00000000ff2a0000, 0x00000000ff2a0000)
  eden space 5504K,   0% used [0x00000000fec00000, 0x00000000fec00000, 0x00000000ff160000)
  from space 640K,   1% used [0x00000000ff160000, 0x00000000ff162850, 0x00000000ff200000)
  to   space 640K,   0% used [0x00000000ff200000, 0x00000000ff200000, 0x00000000ff2a0000)
 concurrent mark-sweep generation total 13696K, used 8379K [0x00000000ff2a0000, 0x0000000100000000, 0x0000000100000000)
 Metaspace       used 5078K, capacity 5258K, committed 5504K, reserved 1056768K
  class space    used 557K, capacity 597K, committed 640K, reserved 1048576K
}
2024-07-16T17:10:18.757+0800: 5.427: [GC (CMS Initial Mark) [1 CMS-initial-mark: 8379K(13696K)] 9415K(19840K), 0.0003507 secs] [Times: user=0.00 sys=0.00, real=0.00 secs] 
2024-07-16T17:10:18.758+0800: 5.427: [CMS-concurrent-mark-start]
2024-07-16T17:10:18.762+0800: 5.432: [CMS-concurrent-mark: 0.004/0.004 secs] [Times: user=0.00 sys=0.00, real=0.00 secs] 
2024-07-16T17:10:18.762+0800: 5.432: [CMS-concurrent-preclean-start]
2024-07-16T17:10:18.762+0800: 5.432: [CMS-concurrent-preclean: 0.000/0.000 secs] [Times: user=0.00 sys=0.00, real=0.00 secs] 
2024-07-16T17:10:18.762+0800: 5.432: [CMS-concurrent-abortable-preclean-start]
{Heap before GC invocations=686 (full 79):
 par new generation   total 6144K, used 5224K [0x00000000fec00000, 0x00000000ff2a0000, 0x00000000ff2a0000)
  eden space 5504K,  94% used [0x00000000fec00000, 0x00000000ff117940, 0x00000000ff160000)
  from space 640K,   1% used [0x00000000ff160000, 0x00000000ff162850, 0x00000000ff200000)
  to   space 640K,   0% used [0x00000000ff200000, 0x00000000ff200000, 0x00000000ff2a0000)
 concurrent mark-sweep generation total 13696K, used 8379K [0x00000000ff2a0000, 0x0000000100000000, 0x0000000100000000)
 Metaspace       used 5078K, capacity 5258K, committed 5504K, reserved 1056768K
  class space    used 557K, capacity 597K, committed 640K, reserved 1048576K
2024-07-16T17:10:18.766+0800: 5.435: [GC (Allocation Failure) 2024-07-16T17:10:18.766+0800: 5.435: [ParNew: 5224K->4K(6144K), 0.0010472 secs] 13603K->8383K(19840K), 0.0011478 secs] [Times: user=0.00 sys=0.00, real=0.00 secs] 
Heap after GC invocations=687 (full 79):
 par new generation   total 6144K, used 4K [0x00000000fec00000, 0x00000000ff2a0000, 0x00000000ff2a0000)
  eden space 5504K,   0% used [0x00000000fec00000, 0x00000000fec00000, 0x00000000ff160000)
  from space 640K,   0% used [0x00000000ff200000, 0x00000000ff201020, 0x00000000ff2a0000)
  to   space 640K,   0% used [0x00000000ff160000, 0x00000000ff160000, 0x00000000ff200000)
 concurrent mark-sweep generation total 13696K, used 8379K [0x00000000ff2a0000, 0x0000000100000000, 0x0000000100000000)
 Metaspace       used 5078K, capacity 5258K, committed 5504K, reserved 1056768K
  class space    used 557K, capacity 597K, committed 640K, reserved 1048576K
}
{Heap before GC invocations=687 (full 79):
 par new generation   total 6144K, used 5224K [0x00000000fec00000, 0x00000000ff2a0000, 0x00000000ff2a0000)
  eden space 5504K,  94% used [0x00000000fec00000, 0x00000000ff119240, 0x00000000ff160000)
  from space 640K,   0% used [0x00000000ff200000, 0x00000000ff201020, 0x00000000ff2a0000)
  to   space 640K,   0% used [0x00000000ff160000, 0x00000000ff160000, 0x00000000ff200000)
 concurrent mark-sweep generation total 13696K, used 8379K [0x00000000ff2a0000, 0x0000000100000000, 0x0000000100000000)
 Metaspace       used 5078K, capacity 5258K, committed 5504K, reserved 1056768K
  class space    used 557K, capacity 597K, committed 640K, reserved 1048576K
2024-07-16T17:10:18.774+0800: 5.443: [GC (Allocation Failure) 2024-07-16T17:10:18.774+0800: 5.443: [ParNew: 5224K->6K(6144K), 0.0012241 secs] 13603K->9409K(19840K), 0.0013005 secs] [Times: user=0.00 sys=0.00, real=0.00 secs] 
Heap after GC invocations=688 (full 79):
 par new generation   total 6144K, used 6K [0x00000000fec00000, 0x00000000ff2a0000, 0x00000000ff2a0000)
  eden space 5504K,   0% used [0x00000000fec00000, 0x00000000fec00000, 0x00000000ff160000)
  from space 640K,   0% used [0x00000000ff160000, 0x00000000ff161830, 0x00000000ff200000)
  to   space 640K,   0% used [0x00000000ff200000, 0x00000000ff200000, 0x00000000ff2a0000)
 concurrent mark-sweep generation total 13696K, used 9403K [0x00000000ff2a0000, 0x0000000100000000, 0x0000000100000000)
 Metaspace       used 5078K, capacity 5258K, committed 5504K, reserved 1056768K
  class space    used 557K, capacity 597K, committed 640K, reserved 1048576K
}
{Heap before GC invocations=688 (full 79):
 par new generation   total 6144K, used 5229K [0x00000000fec00000, 0x00000000ff2a0000, 0x00000000ff2a0000)
  eden space 5504K,  94% used [0x00000000fec00000, 0x00000000ff119f90, 0x00000000ff160000)
  from space 640K,   0% used [0x00000000ff160000, 0x00000000ff161830, 0x00000000ff200000)
  to   space 640K,   0% used [0x00000000ff200000, 0x00000000ff200000, 0x00000000ff2a0000)
 concurrent mark-sweep generation total 13696K, used 9403K [0x00000000ff2a0000, 0x0000000100000000, 0x0000000100000000)
 Metaspace       used 5078K, capacity 5258K, committed 5504K, reserved 1056768K
  class space    used 557K, capacity 597K, committed 640K, reserved 1048576K
2024-07-16T17:10:18.782+0800: 5.451: [GC (Allocation Failure) 2024-07-16T17:10:18.782+0800: 5.451: [ParNew: 5229K->8K(6144K), 0.0011902 secs] 14633K->10435K(19840K), 0.0013810 secs] [Times: user=0.16 sys=0.00, real=0.00 secs] 
Heap after GC invocations=689 (full 79):
 par new generation   total 6144K, used 8K [0x00000000fec00000, 0x00000000ff2a0000, 0x00000000ff2a0000)
  eden space 5504K,   0% used [0x00000000fec00000, 0x00000000fec00000, 0x00000000ff160000)
  from space 640K,   1% used [0x00000000ff200000, 0x00000000ff202040, 0x00000000ff2a0000)
  to   space 640K,   0% used [0x00000000ff160000, 0x00000000ff160000, 0x00000000ff200000)
 concurrent mark-sweep generation total 13696K, used 10427K [0x00000000ff2a0000, 0x0000000100000000, 0x0000000100000000)
 Metaspace       used 5078K, capacity 5258K, committed 5504K, reserved 1056768K
  class space    used 557K, capacity 597K, committed 640K, reserved 1048576K
}
{Heap before GC invocations=689 (full 79):
 par new generation   total 6144K, used 5234K [0x00000000fec00000, 0x00000000ff2a0000, 0x00000000ff2a0000)
  eden space 5504K,  94% used [0x00000000fec00000, 0x00000000ff11a818, 0x00000000ff160000)
  from space 640K,   1% used [0x00000000ff200000, 0x00000000ff202040, 0x00000000ff2a0000)
  to   space 640K,   0% used [0x00000000ff160000, 0x00000000ff160000, 0x00000000ff200000)
 concurrent mark-sweep generation total 13696K, used 10427K [0x00000000ff2a0000, 0x0000000100000000, 0x0000000100000000)
 Metaspace       used 5078K, capacity 5258K, committed 5504K, reserved 1056768K
  class space    used 557K, capacity 597K, committed 640K, reserved 1048576K
2024-07-16T17:10:18.789+0800: 5.458: [GC (Allocation Failure) 2024-07-16T17:10:18.789+0800: 5.458: [ParNew: 5234K->8K(6144K), 0.0013504 secs] 15661K->11459K(19840K), 0.0014514 secs] [Times: user=0.00 sys=0.00, real=0.00 secs] 
Heap after GC invocations=690 (full 79):
 par new generation   total 6144K, used 8K [0x00000000fec00000, 0x00000000ff2a0000, 0x00000000ff2a0000)
  eden space 5504K,   0% used [0x00000000fec00000, 0x00000000fec00000, 0x00000000ff160000)
  from space 640K,   1% used [0x00000000ff160000, 0x00000000ff162040, 0x00000000ff200000)
  to   space 640K,   0% used [0x00000000ff200000, 0x00000000ff200000, 0x00000000ff2a0000)
 concurrent mark-sweep generation total 13696K, used 11451K [0x00000000ff2a0000, 0x0000000100000000, 0x0000000100000000)
 Metaspace       used 5078K, capacity 5258K, committed 5504K, reserved 1056768K
  class space    used 557K, capacity 597K, committed 640K, reserved 1048576K
}
{Heap before GC invocations=690 (full 79):
 par new generation   total 6144K, used 5235K [0x00000000fec00000, 0x00000000ff2a0000, 0x00000000ff2a0000)
  eden space 5504K,  94% used [0x00000000fec00000, 0x00000000ff11ad98, 0x00000000ff160000)
  from space 640K,   1% used [0x00000000ff160000, 0x00000000ff162040, 0x00000000ff200000)
  to   space 640K,   0% used [0x00000000ff200000, 0x00000000ff200000, 0x00000000ff2a0000)
 concurrent mark-sweep generation total 13696K, used 11451K [0x00000000ff2a0000, 0x0000000100000000, 0x0000000100000000)
 Metaspace       used 5078K, capacity 5258K, committed 5504K, reserved 1056768K
  class space    used 557K, capacity 597K, committed 640K, reserved 1048576K
2024-07-16T17:10:18.797+0800: 5.466: [GC (Allocation Failure) 2024-07-16T17:10:18.797+0800: 5.466: [ParNew: 5235K->2K(6144K), 0.0011870 secs] 16686K->11453K(19840K), 0.0012730 secs] [Times: user=0.00 sys=0.00, real=0.00 secs] 
Heap after GC invocations=691 (full 79):
 par new generation   total 6144K, used 2K [0x00000000fec00000, 0x00000000ff2a0000, 0x00000000ff2a0000)
  eden space 5504K,   0% used [0x00000000fec00000, 0x00000000fec00000, 0x00000000ff160000)
  from space 640K,   0% used [0x00000000ff200000, 0x00000000ff200810, 0x00000000ff2a0000)
  to   space 640K,   0% used [0x00000000ff160000, 0x00000000ff160000, 0x00000000ff200000)
 concurrent mark-sweep generation total 13696K, used 11451K [0x00000000ff2a0000, 0x0000000100000000, 0x0000000100000000)
 Metaspace       used 5078K, capacity 5258K, committed 5504K, reserved 1056768K
  class space    used 557K, capacity 597K, committed 640K, reserved 1048576K
}
{Heap before GC invocations=691 (full 79):
 par new generation   total 6144K, used 5230K [0x00000000fec00000, 0x00000000ff2a0000, 0x00000000ff2a0000)
  eden space 5504K,  94% used [0x00000000fec00000, 0x00000000ff11b120, 0x00000000ff160000)
  from space 640K,   0% used [0x00000000ff200000, 0x00000000ff200810, 0x00000000ff2a0000)
  to   space 640K,   0% used [0x00000000ff160000, 0x00000000ff160000, 0x00000000ff200000)
 concurrent mark-sweep generation total 13696K, used 11451K [0x00000000ff2a0000, 0x0000000100000000, 0x0000000100000000)
 Metaspace       used 5078K, capacity 5258K, committed 5504K, reserved 1056768K
  class space    used 557K, capacity 597K, committed 640K, reserved 1048576K
2024-07-16T17:10:18.805+0800: 5.474: [GC (Allocation Failure) 2024-07-16T17:10:18.805+0800: 5.474: [ParNew: 5230K->8K(6144K), 0.0014272 secs] 16681K->12483K(19840K), 0.0016481 secs] [Times: user=0.00 sys=0.00, real=0.00 secs] 
Heap after GC invocations=692 (full 79):
 par new generation   total 6144K, used 8K [0x00000000fec00000, 0x00000000ff2a0000, 0x00000000ff2a0000)
  eden space 5504K,   0% used [0x00000000fec00000, 0x00000000fec00000, 0x00000000ff160000)
  from space 640K,   1% used [0x00000000ff160000, 0x00000000ff162040, 0x00000000ff200000)
  to   space 640K,   0% used [0x00000000ff200000, 0x00000000ff200000, 0x00000000ff2a0000)
 concurrent mark-sweep generation total 13696K, used 12475K [0x00000000ff2a0000, 0x0000000100000000, 0x0000000100000000)
 Metaspace       used 5078K, capacity 5258K, committed 5504K, reserved 1056768K
  class space    used 557K, capacity 597K, committed 640K, reserved 1048576K
}
{Heap before GC invocations=692 (full 79):
 par new generation   total 6144K, used 5236K [0x00000000fec00000, 0x00000000ff2a0000, 0x00000000ff2a0000)
  eden space 5504K,  95% used [0x00000000fec00000, 0x00000000ff11b368, 0x00000000ff160000)
  from space 640K,   1% used [0x00000000ff160000, 0x00000000ff162040, 0x00000000ff200000)
  to   space 640K,   0% used [0x00000000ff200000, 0x00000000ff200000, 0x00000000ff2a0000)
 concurrent mark-sweep generation total 13696K, used 12475K [0x00000000ff2a0000, 0x0000000100000000, 0x0000000100000000)
 Metaspace       used 5078K, capacity 5258K, committed 5504K, reserved 1056768K
  class space    used 557K, capacity 597K, committed 640K, reserved 1048576K
2024-07-16T17:10:18.813+0800: 5.482: [GC (Allocation Failure) 2024-07-16T17:10:18.813+0800: 5.482: [ParNew: 5236K->5236K(6144K), 0.0000331 secs]2024-07-16T17:10:18.813+0800: 5.482: [CMS2024-07-16T17:10:18.813+0800: 5.482: [CMS-concurrent-abortable-preclean: 0.001/0.051 secs] [Times: user=0.16 sys=0.00, real=0.05 secs] 
 (concurrent mode failure): 12475K->2220K(13696K), 0.0070587 secs] 17712K->2220K(19840K), [Metaspace: 5078K->5078K(1056768K)], 0.0071928 secs] [Times: user=0.01 sys=0.00, real=0.01 secs] 
Heap after GC invocations=693 (full 80):
 par new generation   total 6144K, used 0K [0x00000000fec00000, 0x00000000ff2a0000, 0x00000000ff2a0000)
  eden space 5504K,   0% used [0x00000000fec00000, 0x00000000fec00000, 0x00000000ff160000)
  from space 640K,   0% used [0x00000000ff160000, 0x00000000ff160000, 0x00000000ff200000)
  to   space 640K,   0% used [0x00000000ff200000, 0x00000000ff200000, 0x00000000ff2a0000)
 concurrent mark-sweep generation total 13696K, used 2220K [0x00000000ff2a0000, 0x0000000100000000, 0x0000000100000000)
 Metaspace       used 5078K, capacity 5258K, committed 5504K, reserved 1056768K
  class space    used 557K, capacity 597K, committed 640K, reserved 1048576K
}
{Heap before GC invocations=693 (full 80):
 par new generation   total 6144K, used 5229K [0x00000000fec00000, 0x00000000ff2a0000, 0x00000000ff2a0000)
  eden space 5504K,  95% used [0x00000000fec00000, 0x00000000ff11b4d8, 0x00000000ff160000)
  from space 640K,   0% used [0x00000000ff160000, 0x00000000ff160000, 0x00000000ff200000)
  to   space 640K,   0% used [0x00000000ff200000, 0x00000000ff200000, 0x00000000ff2a0000)
 concurrent mark-sweep generation total 13696K, used 2220K [0x00000000ff2a0000, 0x0000000100000000, 0x0000000100000000)
 Metaspace       used 5078K, capacity 5258K, committed 5504K, reserved 1056768K
  class space    used 557K, capacity 597K, committed 640K, reserved 1048576K
2024-07-16T17:10:18.827+0800: 5.496: [GC (Allocation Failure) 2024-07-16T17:10:18.827+0800: 5.496: [ParNew: 5229K->4K(6144K), 0.0010840 secs] 7450K->2224K(19840K), 0.0012772 secs] [Times: user=0.00 sys=0.00, real=0.00 secs] 
Heap after GC invocations=694 (full 80):
 par new generation   total 6144K, used 4K [0x00000000fec00000, 0x00000000ff2a0000, 0x00000000ff2a0000)
  eden space 5504K,   0% used [0x00000000fec00000, 0x00000000fec00000, 0x00000000ff160000)
  from space 640K,   0% used [0x00000000ff200000, 0x00000000ff201020, 0x00000000ff2a0000)
  to   space 640K,   0% used [0x00000000ff160000, 0x00000000ff160000, 0x00000000ff200000)
 concurrent mark-sweep generation total 13696K, used 2220K [0x00000000ff2a0000, 0x0000000100000000, 0x0000000100000000)
 Metaspace       used 5078K, capacity 5258K, committed 5504K, reserved 1056768K
  class space    used 557K, capacity 597K, committed 640K, reserved 1048576K
}
{Heap before GC invocations=694 (full 80):
 par new generation   total 6144K, used 5233K [0x00000000fec00000, 0x00000000ff2a0000, 0x00000000ff2a0000)
  eden space 5504K,  95% used [0x00000000fec00000, 0x00000000ff11b5d0, 0x00000000ff160000)
  from space 640K,   0% used [0x00000000ff200000, 0x00000000ff201020, 0x00000000ff2a0000)
  to   space 640K,   0% used [0x00000000ff160000, 0x00000000ff160000, 0x00000000ff200000)
 concurrent mark-sweep generation total 13696K, used 2220K [0x00000000ff2a0000, 0x0000000100000000, 0x0000000100000000)
 Metaspace       used 5078K, capacity 5258K, committed 5504K, reserved 1056768K
  class space    used 557K, capacity 597K, committed 640K, reserved 1048576K
2024-07-16T17:10:18.835+0800: 5.504: [GC (Allocation Failure) 2024-07-16T17:10:18.835+0800: 5.504: [ParNew: 5233K->8K(6144K), 0.0014066 secs] 7454K->3255K(19840K), 0.0014926 secs] [Times: user=0.00 sys=0.00, real=0.00 secs] 
Heap after GC invocations=695 (full 80):
 par new generation   total 6144K, used 8K [0x00000000fec00000, 0x00000000ff2a0000, 0x00000000ff2a0000)
  eden space 5504K,   0% used [0x00000000fec00000, 0x00000000fec00000, 0x00000000ff160000)
  from space 640K,   1% used [0x00000000ff160000, 0x00000000ff162040, 0x00000000ff200000)
  to   space 640K,   0% used [0x00000000ff200000, 0x00000000ff200000, 0x00000000ff2a0000)
 concurrent mark-sweep generation total 13696K, used 3246K [0x00000000ff2a0000, 0x0000000100000000, 0x0000000100000000)
 Metaspace       used 5078K, capacity 5258K, committed 5504K, reserved 1056768K
  class space    used 557K, capacity 597K, committed 640K, reserved 1048576K
}
{Heap before GC invocations=695 (full 80):
 par new generation   total 6144K, used 5237K [0x00000000fec00000, 0x00000000ff2a0000, 0x00000000ff2a0000)
  eden space 5504K,  95% used [0x00000000fec00000, 0x00000000ff11b668, 0x00000000ff160000)
  from space 640K,   1% used [0x00000000ff160000, 0x00000000ff162040, 0x00000000ff200000)
  to   space 640K,   0% used [0x00000000ff200000, 0x00000000ff200000, 0x00000000ff2a0000)
 concurrent mark-sweep generation total 13696K, used 3246K [0x00000000ff2a0000, 0x0000000100000000, 0x0000000100000000)
 Metaspace       used 5078K, capacity 5258K, committed 5504K, reserved 1056768K
  class space    used 557K, capacity 597K, committed 640K, reserved 1048576K
2024-07-16T17:10:18.844+0800: 5.513: [GC (Allocation Failure) 2024-07-16T17:10:18.844+0800: 5.513: [ParNew: 5237K->4K(6144K), 0.0012493 secs] 8484K->3250K(19840K), 0.0013763 secs] [Times: user=0.00 sys=0.00, real=0.00 secs] 
Heap after GC invocations=696 (full 80):
 par new generation   total 6144K, used 4K [0x00000000fec00000, 0x00000000ff2a0000, 0x00000000ff2a0000)
  eden space 5504K,   0% used [0x00000000fec00000, 0x00000000fec00000, 0x00000000ff160000)
  from space 640K,   0% used [0x00000000ff200000, 0x00000000ff201020, 0x00000000ff2a0000)
  to   space 640K,   0% used [0x00000000ff160000, 0x00000000ff160000, 0x00000000ff200000)
 concurrent mark-sweep generation total 13696K, used 3246K [0x00000000ff2a0000, 0x0000000100000000, 0x0000000100000000)
 Metaspace       used 5078K, capacity 5258K, committed 5504K, reserved 1056768K
  class space    used 557K, capacity 597K, committed 640K, reserved 1048576K
}
{Heap before GC invocations=696 (full 80):
 par new generation   total 6144K, used 5233K [0x00000000fec00000, 0x00000000ff2a0000, 0x00000000ff2a0000)
  eden space 5504K,  95% used [0x00000000fec00000, 0x00000000ff11b6c8, 0x00000000ff160000)
  from space 640K,   0% used [0x00000000ff200000, 0x00000000ff201020, 0x00000000ff2a0000)
  to   space 640K,   0% used [0x00000000ff160000, 0x00000000ff160000, 0x00000000ff200000)
 concurrent mark-sweep generation total 13696K, used 3246K [0x00000000ff2a0000, 0x0000000100000000, 0x0000000100000000)
 Metaspace       used 5078K, capacity 5258K, committed 5504K, reserved 1056768K
  class space    used 557K, capacity 597K, committed 640K, reserved 1048576K
2024-07-16T17:10:18.853+0800: 5.522: [GC (Allocation Failure) 2024-07-16T17:10:18.853+0800: 5.522: [ParNew: 5233K->4K(6144K), 0.0004735 secs] 8480K->3250K(19840K), 0.0005932 secs] [Times: user=0.00 sys=0.00, real=0.00 secs] 
Heap after GC invocations=697 (full 80):
 par new generation   total 6144K, used 4K [0x00000000fec00000, 0x00000000ff2a0000, 0x00000000ff2a0000)
  eden space 5504K,   0% used [0x00000000fec00000, 0x00000000fec00000, 0x00000000ff160000)
  from space 640K,   0% used [0x00000000ff160000, 0x00000000ff161020, 0x00000000ff200000)
  to   space 640K,   0% used [0x00000000ff200000, 0x00000000ff200000, 0x00000000ff2a0000)
 concurrent mark-sweep generation total 13696K, used 3246K [0x00000000ff2a0000, 0x0000000100000000, 0x0000000100000000)
 Metaspace       used 5078K, capacity 5258K, committed 5504K, reserved 1056768K
  class space    used 557K, capacity 597K, committed 640K, reserved 1048576K
}
{Heap before GC invocations=697 (full 80):
 par new generation   total 6144K, used 5233K [0x00000000fec00000, 0x00000000ff2a0000, 0x00000000ff2a0000)
  eden space 5504K,  95% used [0x00000000fec00000, 0x00000000ff11b708, 0x00000000ff160000)
  from space 640K,   0% used [0x00000000ff160000, 0x00000000ff161020, 0x00000000ff200000)
  to   space 640K,   0% used [0x00000000ff200000, 0x00000000ff200000, 0x00000000ff2a0000)
 concurrent mark-sweep generation total 13696K, used 3246K [0x00000000ff2a0000, 0x0000000100000000, 0x0000000100000000)
 Metaspace       used 5078K, capacity 5258K, committed 5504K, reserved 1056768K
  class space    used 557K, capacity 597K, committed 640K, reserved 1048576K
2024-07-16T17:10:18.860+0800: 5.529: [GC (Allocation Failure) 2024-07-16T17:10:18.860+0800: 5.529: [ParNew: 5233K->8K(6144K), 0.0009916 secs] 8480K->4281K(19840K), 0.0010406 secs] [Times: user=0.01 sys=0.00, real=0.00 secs] 
Heap after GC invocations=698 (full 80):
 par new generation   total 6144K, used 8K [0x00000000fec00000, 0x00000000ff2a0000, 0x00000000ff2a0000)
  eden space 5504K,   0% used [0x00000000fec00000, 0x00000000fec00000, 0x00000000ff160000)
  from space 640K,   1% used [0x00000000ff200000, 0x00000000ff202040, 0x00000000ff2a0000)
  to   space 640K,   0% used [0x00000000ff160000, 0x00000000ff160000, 0x00000000ff200000)
 concurrent mark-sweep generation total 13696K, used 4273K [0x00000000ff2a0000, 0x0000000100000000, 0x0000000100000000)
 Metaspace       used 5078K, capacity 5258K, committed 5504K, reserved 1056768K
  class space    used 557K, capacity 597K, committed 640K, reserved 1048576K
}
{Heap before GC invocations=698 (full 80):
 par new generation   total 6144K, used 5237K [0x00000000fec00000, 0x00000000ff2a0000, 0x00000000ff2a0000)
  eden space 5504K,  95% used [0x00000000fec00000, 0x00000000ff11b730, 0x00000000ff160000)
  from space 640K,   1% used [0x00000000ff200000, 0x00000000ff202040, 0x00000000ff2a0000)
  to   space 640K,   0% used [0x00000000ff160000, 0x00000000ff160000, 0x00000000ff200000)
 concurrent mark-sweep generation total 13696K, used 4273K [0x00000000ff2a0000, 0x0000000100000000, 0x0000000100000000)
 Metaspace       used 5078K, capacity 5258K, committed 5504K, reserved 1056768K
  class space    used 557K, capacity 597K, committed 640K, reserved 1048576K
2024-07-16T17:10:18.867+0800: 5.536: [GC (Allocation Failure) 2024-07-16T17:10:18.867+0800: 5.536: [ParNew: 5237K->6K(6144K), 0.0010943 secs] 9510K->5305K(19840K), 0.0012651 secs] [Times: user=0.00 sys=0.00, real=0.00 secs] 
Heap after GC invocations=699 (full 80):
 par new generation   total 6144K, used 6K [0x00000000fec00000, 0x00000000ff2a0000, 0x00000000ff2a0000)
  eden space 5504K,   0% used [0x00000000fec00000, 0x00000000fec00000, 0x00000000ff160000)
  from space 640K,   0% used [0x00000000ff160000, 0x00000000ff161830, 0x00000000ff200000)
  to   space 640K,   0% used [0x00000000ff200000, 0x00000000ff200000, 0x00000000ff2a0000)
 concurrent mark-sweep generation total 13696K, used 5299K [0x00000000ff2a0000, 0x0000000100000000, 0x0000000100000000)
 Metaspace       used 5078K, capacity 5258K, committed 5504K, reserved 1056768K
  class space    used 557K, capacity 597K, committed 640K, reserved 1048576K
}
{Heap before GC invocations=699 (full 80):
 par new generation   total 6144K, used 5235K [0x00000000fec00000, 0x00000000ff2a0000, 0x00000000ff2a0000)
  eden space 5504K,  95% used [0x00000000fec00000, 0x00000000ff11b750, 0x00000000ff160000)
  from space 640K,   0% used [0x00000000ff160000, 0x00000000ff161830, 0x00000000ff200000)
  to   space 640K,   0% used [0x00000000ff200000, 0x00000000ff200000, 0x00000000ff2a0000)
 concurrent mark-sweep generation total 13696K, used 5299K [0x00000000ff2a0000, 0x0000000100000000, 0x0000000100000000)
 Metaspace       used 5078K, capacity 5258K, committed 5504K, reserved 1056768K
  class space    used 557K, capacity 597K, committed 640K, reserved 1048576K
2024-07-16T17:10:18.875+0800: 5.544: [GC (Allocation Failure) 2024-07-16T17:10:18.875+0800: 5.544: [ParNew: 5235K->6K(6144K), 0.0012097 secs] 10534K->6331K(19840K), 0.0012937 secs] [Times: user=0.00 sys=0.00, real=0.00 secs] 
Heap after GC invocations=700 (full 80):
 par new generation   total 6144K, used 6K [0x00000000fec00000, 0x00000000ff2a0000, 0x00000000ff2a0000)
  eden space 5504K,   0% used [0x00000000fec00000, 0x00000000fec00000, 0x00000000ff160000)
  from space 640K,   0% used [0x00000000ff200000, 0x00000000ff201830, 0x00000000ff2a0000)
  to   space 640K,   0% used [0x00000000ff160000, 0x00000000ff160000, 0x00000000ff200000)
 concurrent mark-sweep generation total 13696K, used 6325K [0x00000000ff2a0000, 0x0000000100000000, 0x0000000100000000)
 Metaspace       used 5078K, capacity 5258K, committed 5504K, reserved 1056768K
  class space    used 557K, capacity 597K, committed 640K, reserved 1048576K
}
2024-07-16T17:10:18.876+0800: 5.546: [GC (CMS Initial Mark) [1 CMS-initial-mark: 6325K(13696K)] 7357K(19840K), 0.0003749 secs] [Times: user=0.00 sys=0.02, real=0.00 secs] 
2024-07-16T17:10:18.877+0800: 5.546: [CMS-concurrent-mark-start]
2024-07-16T17:10:18.882+0800: 5.551: [CMS-concurrent-mark: 0.005/0.005 secs] [Times: user=0.00 sys=0.00, real=0.00 secs] 
2024-07-16T17:10:18.882+0800: 5.551: [CMS-concurrent-preclean-start]
2024-07-16T17:10:18.882+0800: 5.551: [CMS-concurrent-preclean: 0.000/0.000 secs] [Times: user=0.00 sys=0.00, real=0.00 secs] 
2024-07-16T17:10:18.882+0800: 5.551: [CMS-concurrent-abortable-preclean-start]
{Heap before GC invocations=700 (full 81):
 par new generation   total 6144K, used 5235K [0x00000000fec00000, 0x00000000ff2a0000, 0x00000000ff2a0000)
  eden space 5504K,  95% used [0x00000000fec00000, 0x00000000ff11b760, 0x00000000ff160000)
  from space 640K,   0% used [0x00000000ff200000, 0x00000000ff201830, 0x00000000ff2a0000)
  to   space 640K,   0% used [0x00000000ff160000, 0x00000000ff160000, 0x00000000ff200000)
 concurrent mark-sweep generation total 13696K, used 6325K [0x00000000ff2a0000, 0x0000000100000000, 0x0000000100000000)
 Metaspace       used 5078K, capacity 5258K, committed 5504K, reserved 1056768K
  class space    used 557K, capacity 597K, committed 640K, reserved 1048576K
2024-07-16T17:10:18.884+0800: 5.553: [GC (Allocation Failure) 2024-07-16T17:10:18.884+0800: 5.553: [ParNew: 5235K->8K(6144K), 0.0004981 secs] 11561K->7359K(19840K), 0.0005877 secs] [Times: user=0.00 sys=0.00, real=0.00 secs] 
Heap after GC invocations=701 (full 81):
 par new generation   total 6144K, used 8K [0x00000000fec00000, 0x00000000ff2a0000, 0x00000000ff2a0000)
  eden space 5504K,   0% used [0x00000000fec00000, 0x00000000fec00000, 0x00000000ff160000)
  from space 640K,   1% used [0x00000000ff160000, 0x00000000ff162040, 0x00000000ff200000)
  to   space 640K,   0% used [0x00000000ff200000, 0x00000000ff200000, 0x00000000ff2a0000)
 concurrent mark-sweep generation total 13696K, used 7351K [0x00000000ff2a0000, 0x0000000100000000, 0x0000000100000000)
 Metaspace       used 5078K, capacity 5258K, committed 5504K, reserved 1056768K
  class space    used 557K, capacity 597K, committed 640K, reserved 1048576K
}
{Heap before GC invocations=701 (full 81):
 par new generation   total 6144K, used 5237K [0x00000000fec00000, 0x00000000ff2a0000, 0x00000000ff2a0000)
  eden space 5504K,  95% used [0x00000000fec00000, 0x00000000ff11b768, 0x00000000ff160000)
  from space 640K,   1% used [0x00000000ff160000, 0x00000000ff162040, 0x00000000ff200000)
  to   space 640K,   0% used [0x00000000ff200000, 0x00000000ff200000, 0x00000000ff2a0000)
 concurrent mark-sweep generation total 13696K, used 7351K [0x00000000ff2a0000, 0x0000000100000000, 0x0000000100000000)
 Metaspace       used 5078K, capacity 5258K, committed 5504K, reserved 1056768K
  class space    used 557K, capacity 597K, committed 640K, reserved 1048576K
2024-07-16T17:10:18.890+0800: 5.559: [GC (Allocation Failure) 2024-07-16T17:10:18.890+0800: 5.559: [ParNew: 5237K->8K(6144K), 0.0010493 secs] 12589K->8385K(19840K), 0.0011004 secs] [Times: user=0.00 sys=0.00, real=0.00 secs] 
Heap after GC invocations=702 (full 81):
 par new generation   total 6144K, used 8K [0x00000000fec00000, 0x00000000ff2a0000, 0x00000000ff2a0000)
  eden space 5504K,   0% used [0x00000000fec00000, 0x00000000fec00000, 0x00000000ff160000)
  from space 640K,   1% used [0x00000000ff200000, 0x00000000ff202040, 0x00000000ff2a0000)
  to   space 640K,   0% used [0x00000000ff160000, 0x00000000ff160000, 0x00000000ff200000)
 concurrent mark-sweep generation total 13696K, used 8377K [0x00000000ff2a0000, 0x0000000100000000, 0x0000000100000000)
 Metaspace       used 5078K, capacity 5258K, committed 5504K, reserved 1056768K
  class space    used 557K, capacity 597K, committed 640K, reserved 1048576K
}
{Heap before GC invocations=702 (full 81):
 par new generation   total 6144K, used 5237K [0x00000000fec00000, 0x00000000ff2a0000, 0x00000000ff2a0000)
  eden space 5504K,  95% used [0x00000000fec00000, 0x00000000ff11b770, 0x00000000ff160000)
  from space 640K,   1% used [0x00000000ff200000, 0x00000000ff202040, 0x00000000ff2a0000)
  to   space 640K,   0% used [0x00000000ff160000, 0x00000000ff160000, 0x00000000ff200000)
 concurrent mark-sweep generation total 13696K, used 8377K [0x00000000ff2a0000, 0x0000000100000000, 0x0000000100000000)
 Metaspace       used 5078K, capacity 5258K, committed 5504K, reserved 1056768K
  class space    used 557K, capacity 597K, committed 640K, reserved 1048576K
2024-07-16T17:10:18.899+0800: 5.568: [GC (Allocation Failure) 2024-07-16T17:10:18.899+0800: 5.568: [ParNew: 5237K->4K(6144K), 0.0007875 secs] 13615K->8381K(19840K), 0.0008868 secs] [Times: user=0.00 sys=0.00, real=0.00 secs] 
Heap after GC invocations=703 (full 81):
 par new generation   total 6144K, used 4K [0x00000000fec00000, 0x00000000ff2a0000, 0x00000000ff2a0000)
  eden space 5504K,   0% used [0x00000000fec00000, 0x00000000fec00000, 0x00000000ff160000)
  from space 640K,   0% used [0x00000000ff160000, 0x00000000ff161020, 0x00000000ff200000)
  to   space 640K,   0% used [0x00000000ff200000, 0x00000000ff200000, 0x00000000ff2a0000)
 concurrent mark-sweep generation total 13696K, used 8377K [0x00000000ff2a0000, 0x0000000100000000, 0x0000000100000000)
 Metaspace       used 5078K, capacity 5258K, committed 5504K, reserved 1056768K
  class space    used 557K, capacity 597K, committed 640K, reserved 1048576K
}
{Heap before GC invocations=703 (full 81):
 par new generation   total 6144K, used 5233K [0x00000000fec00000, 0x00000000ff2a0000, 0x00000000ff2a0000)
  eden space 5504K,  95% used [0x00000000fec00000, 0x00000000ff11b778, 0x00000000ff160000)
  from space 640K,   0% used [0x00000000ff160000, 0x00000000ff161020, 0x00000000ff200000)
  to   space 640K,   0% used [0x00000000ff200000, 0x00000000ff200000, 0x00000000ff2a0000)
 concurrent mark-sweep generation total 13696K, used 8377K [0x00000000ff2a0000, 0x0000000100000000, 0x0000000100000000)
 Metaspace       used 5078K, capacity 5258K, committed 5504K, reserved 1056768K
  class space    used 557K, capacity 597K, committed 640K, reserved 1048576K
2024-07-16T17:10:18.907+0800: 5.576: [GC (Allocation Failure) 2024-07-16T17:10:18.907+0800: 5.576: [ParNew: 5233K->10K(6144K), 0.0013804 secs] 13611K->9413K(19840K), 0.0015683 secs] [Times: user=0.16 sys=0.00, real=0.00 secs] 
Heap after GC invocations=704 (full 81):
 par new generation   total 6144K, used 10K [0x00000000fec00000, 0x00000000ff2a0000, 0x00000000ff2a0000)
  eden space 5504K,   0% used [0x00000000fec00000, 0x00000000fec00000, 0x00000000ff160000)
  from space 640K,   1% used [0x00000000ff200000, 0x00000000ff202850, 0x00000000ff2a0000)
  to   space 640K,   0% used [0x00000000ff160000, 0x00000000ff160000, 0x00000000ff200000)
 concurrent mark-sweep generation total 13696K, used 9403K [0x00000000ff2a0000, 0x0000000100000000, 0x0000000100000000)
 Metaspace       used 5078K, capacity 5258K, committed 5504K, reserved 1056768K
  class space    used 557K, capacity 597K, committed 640K, reserved 1048576K
}
{Heap before GC invocations=704 (full 81):
 par new generation   total 6144K, used 5239K [0x00000000fec00000, 0x00000000ff2a0000, 0x00000000ff2a0000)
  eden space 5504K,  95% used [0x00000000fec00000, 0x00000000ff11b778, 0x00000000ff160000)
  from space 640K,   1% used [0x00000000ff200000, 0x00000000ff202850, 0x00000000ff2a0000)
  to   space 640K,   0% used [0x00000000ff160000, 0x00000000ff160000, 0x00000000ff200000)
 concurrent mark-sweep generation total 13696K, used 9403K [0x00000000ff2a0000, 0x0000000100000000, 0x0000000100000000)
 Metaspace       used 5078K, capacity 5258K, committed 5504K, reserved 1056768K
  class space    used 557K, capacity 597K, committed 640K, reserved 1048576K
2024-07-16T17:10:18.915+0800: 5.584: [GC (Allocation Failure) 2024-07-16T17:10:18.915+0800: 5.584: [ParNew: 5239K->6K(6144K), 0.0012984 secs] 14643K->10435K(19840K), 0.0014099 secs] [Times: user=0.00 sys=0.00, real=0.00 secs] 
Heap after GC invocations=705 (full 81):
 par new generation   total 6144K, used 6K [0x00000000fec00000, 0x00000000ff2a0000, 0x00000000ff2a0000)
  eden space 5504K,   0% used [0x00000000fec00000, 0x00000000fec00000, 0x00000000ff160000)
  from space 640K,   0% used [0x00000000ff160000, 0x00000000ff161830, 0x00000000ff200000)
  to   space 640K,   0% used [0x00000000ff200000, 0x00000000ff200000, 0x00000000ff2a0000)
 concurrent mark-sweep generation total 13696K, used 10429K [0x00000000ff2a0000, 0x0000000100000000, 0x0000000100000000)
 Metaspace       used 5078K, capacity 5258K, committed 5504K, reserved 1056768K
  class space    used 557K, capacity 597K, committed 640K, reserved 1048576K
}
{Heap before GC invocations=705 (full 81):
 par new generation   total 6144K, used 5235K [0x00000000fec00000, 0x00000000ff2a0000, 0x00000000ff2a0000)
  eden space 5504K,  95% used [0x00000000fec00000, 0x00000000ff11b778, 0x00000000ff160000)
  from space 640K,   0% used [0x00000000ff160000, 0x00000000ff161830, 0x00000000ff200000)
  to   space 640K,   0% used [0x00000000ff200000, 0x00000000ff200000, 0x00000000ff2a0000)
 concurrent mark-sweep generation total 13696K, used 10429K [0x00000000ff2a0000, 0x0000000100000000, 0x0000000100000000)
 Metaspace       used 5078K, capacity 5258K, committed 5504K, reserved 1056768K
  class space    used 557K, capacity 597K, committed 640K, reserved 1048576K
2024-07-16T17:10:18.924+0800: 5.593: [GC (Allocation Failure) 2024-07-16T17:10:18.924+0800: 5.593: [ParNew: 5235K->2K(6144K), 0.0011216 secs] 15665K->10431K(19840K), 0.0013625 secs] [Times: user=0.00 sys=0.00, real=0.00 secs] 
Heap after GC invocations=706 (full 81):
 par new generation   total 6144K, used 2K [0x00000000fec00000, 0x00000000ff2a0000, 0x00000000ff2a0000)
  eden space 5504K,   0% used [0x00000000fec00000, 0x00000000fec00000, 0x00000000ff160000)
  from space 640K,   0% used [0x00000000ff200000, 0x00000000ff200810, 0x00000000ff2a0000)
  to   space 640K,   0% used [0x00000000ff160000, 0x00000000ff160000, 0x00000000ff200000)
 concurrent mark-sweep generation total 13696K, used 10429K [0x00000000ff2a0000, 0x0000000100000000, 0x0000000100000000)
 Metaspace       used 5078K, capacity 5258K, committed 5504K, reserved 1056768K
  class space    used 557K, capacity 597K, committed 640K, reserved 1048576K
}
{Heap before GC invocations=706 (full 81):
 par new generation   total 6144K, used 5231K [0x00000000fec00000, 0x00000000ff2a0000, 0x00000000ff2a0000)
  eden space 5504K,  95% used [0x00000000fec00000, 0x00000000ff11b778, 0x00000000ff160000)
  from space 640K,   0% used [0x00000000ff200000, 0x00000000ff200810, 0x00000000ff2a0000)
  to   space 640K,   0% used [0x00000000ff160000, 0x00000000ff160000, 0x00000000ff200000)
 concurrent mark-sweep generation total 13696K, used 10429K [0x00000000ff2a0000, 0x0000000100000000, 0x0000000100000000)
 Metaspace       used 5078K, capacity 5258K, committed 5504K, reserved 1056768K
  class space    used 557K, capacity 597K, committed 640K, reserved 1048576K
2024-07-16T17:10:18.933+0800: 5.602: [GC (Allocation Failure) 2024-07-16T17:10:18.933+0800: 5.602: [ParNew: 5231K->6K(6144K), 0.0013993 secs] 15661K->11459K(19840K), 0.0015179 secs] [Times: user=0.00 sys=0.00, real=0.00 secs] 
Heap after GC invocations=707 (full 81):
 par new generation   total 6144K, used 6K [0x00000000fec00000, 0x00000000ff2a0000, 0x00000000ff2a0000)
  eden space 5504K,   0% used [0x00000000fec00000, 0x00000000fec00000, 0x00000000ff160000)
  from space 640K,   0% used [0x00000000ff160000, 0x00000000ff161830, 0x00000000ff200000)
  to   space 640K,   0% used [0x00000000ff200000, 0x00000000ff200000, 0x00000000ff2a0000)
 concurrent mark-sweep generation total 13696K, used 11453K [0x00000000ff2a0000, 0x0000000100000000, 0x0000000100000000)
 Metaspace       used 5078K, capacity 5258K, committed 5504K, reserved 1056768K
  class space    used 557K, capacity 597K, committed 640K, reserved 1048576K
}
{Heap before GC invocations=707 (full 81):
 par new generation   total 6144K, used 5235K [0x00000000fec00000, 0x00000000ff2a0000, 0x00000000ff2a0000)
  eden space 5504K,  95% used [0x00000000fec00000, 0x00000000ff11b778, 0x00000000ff160000)
  from space 640K,   0% used [0x00000000ff160000, 0x00000000ff161830, 0x00000000ff200000)
  to   space 640K,   0% used [0x00000000ff200000, 0x00000000ff200000, 0x00000000ff2a0000)
 concurrent mark-sweep generation total 13696K, used 11453K [0x00000000ff2a0000, 0x0000000100000000, 0x0000000100000000)
 Metaspace       used 5078K, capacity 5258K, committed 5504K, reserved 1056768K
  class space    used 557K, capacity 597K, committed 640K, reserved 1048576K
2024-07-16T17:10:18.941+0800: 5.610: [GC (Allocation Failure) 2024-07-16T17:10:18.941+0800: 5.610: [ParNew: 5235K->10K(6144K), 0.0015348 secs] 16689K->12487K(19840K), 0.0016511 secs] [Times: user=0.00 sys=0.00, real=0.00 secs] 
Heap after GC invocations=708 (full 81):
 par new generation   total 6144K, used 10K [0x00000000fec00000, 0x00000000ff2a0000, 0x00000000ff2a0000)
  eden space 5504K,   0% used [0x00000000fec00000, 0x00000000fec00000, 0x00000000ff160000)
  from space 640K,   1% used [0x00000000ff200000, 0x00000000ff202850, 0x00000000ff2a0000)
  to   space 640K,   0% used [0x00000000ff160000, 0x00000000ff160000, 0x00000000ff200000)
 concurrent mark-sweep generation total 13696K, used 12477K [0x00000000ff2a0000, 0x0000000100000000, 0x0000000100000000)
 Metaspace       used 5078K, capacity 5258K, committed 5504K, reserved 1056768K
  class space    used 557K, capacity 597K, committed 640K, reserved 1048576K
}
{Heap before GC invocations=708 (full 81):
 par new generation   total 6144K, used 5239K [0x00000000fec00000, 0x00000000ff2a0000, 0x00000000ff2a0000)
  eden space 5504K,  95% used [0x00000000fec00000, 0x00000000ff11b778, 0x00000000ff160000)
  from space 640K,   1% used [0x00000000ff200000, 0x00000000ff202850, 0x00000000ff2a0000)
  to   space 640K,   0% used [0x00000000ff160000, 0x00000000ff160000, 0x00000000ff200000)
 concurrent mark-sweep generation total 13696K, used 12477K [0x00000000ff2a0000, 0x0000000100000000, 0x0000000100000000)
 Metaspace       used 5078K, capacity 5258K, committed 5504K, reserved 1056768K
  class space    used 557K, capacity 597K, committed 640K, reserved 1048576K
2024-07-16T17:10:18.950+0800: 5.619: [GC (Allocation Failure) 2024-07-16T17:10:18.950+0800: 5.619: [ParNew: 5239K->5239K(6144K), 0.0000437 secs]2024-07-16T17:10:18.950+0800: 5.619: [CMS2024-07-16T17:10:18.950+0800: 5.619: [CMS-concurrent-abortable-preclean: 0.001/0.068 secs] [Times: user=0.16 sys=0.00, real=0.07 secs] 
 (concurrent mode failure): 12477K->2220K(13696K), 0.0051026 secs] 17717K->2220K(19840K), [Metaspace: 5078K->5078K(1056768K)], 0.0053605 secs] [Times: user=0.02 sys=0.00, real=0.00 secs] 
Heap after GC invocations=709 (full 82):
 par new generation   total 6144K, used 0K [0x00000000fec00000, 0x00000000ff2a0000, 0x00000000ff2a0000)
  eden space 5504K,   0% used [0x00000000fec00000, 0x00000000fec00000, 0x00000000ff160000)
  from space 640K,   0% used [0x00000000ff200000, 0x00000000ff200000, 0x00000000ff2a0000)
  to   space 640K,   0% used [0x00000000ff160000, 0x00000000ff160000, 0x00000000ff200000)
 concurrent mark-sweep generation total 13696K, used 2220K [0x00000000ff2a0000, 0x0000000100000000, 0x0000000100000000)
 Metaspace       used 5078K, capacity 5258K, committed 5504K, reserved 1056768K
  class space    used 557K, capacity 597K, committed 640K, reserved 1048576K
}
{Heap before GC invocations=709 (full 82):
 par new generation   total 6144K, used 5229K [0x00000000fec00000, 0x00000000ff2a0000, 0x00000000ff2a0000)
  eden space 5504K,  95% used [0x00000000fec00000, 0x00000000ff11b778, 0x00000000ff160000)
  from space 640K,   0% used [0x00000000ff200000, 0x00000000ff200000, 0x00000000ff2a0000)
  to   space 640K,   0% used [0x00000000ff160000, 0x00000000ff160000, 0x00000000ff200000)
 concurrent mark-sweep generation total 13696K, used 2220K [0x00000000ff2a0000, 0x0000000100000000, 0x0000000100000000)
 Metaspace       used 5078K, capacity 5258K, committed 5504K, reserved 1056768K
  class space    used 557K, capacity 597K, committed 640K, reserved 1048576K
2024-07-16T17:10:18.962+0800: 5.631: [GC (Allocation Failure) 2024-07-16T17:10:18.962+0800: 5.631: [ParNew: 5229K->10K(6144K), 0.0004673 secs] 7450K->3257K(19840K), 0.0005038 secs] [Times: user=0.00 sys=0.00, real=0.00 secs] 
Heap after GC invocations=710 (full 82):
 par new generation   total 6144K, used 10K [0x00000000fec00000, 0x00000000ff2a0000, 0x00000000ff2a0000)
  eden space 5504K,   0% used [0x00000000fec00000, 0x00000000fec00000, 0x00000000ff160000)
  from space 640K,   1% used [0x00000000ff160000, 0x00000000ff162850, 0x00000000ff200000)
  to   space 640K,   0% used [0x00000000ff200000, 0x00000000ff200000, 0x00000000ff2a0000)
 concurrent mark-sweep generation total 13696K, used 3246K [0x00000000ff2a0000, 0x0000000100000000, 0x0000000100000000)
 Metaspace       used 5078K, capacity 5258K, committed 5504K, reserved 1056768K
  class space    used 557K, capacity 597K, committed 640K, reserved 1048576K
}
{Heap before GC invocations=710 (full 82):
 par new generation   total 6144K, used 5239K [0x00000000fec00000, 0x00000000ff2a0000, 0x00000000ff2a0000)
  eden space 5504K,  95% used [0x00000000fec00000, 0x00000000ff11b778, 0x00000000ff160000)
  from space 640K,   1% used [0x00000000ff160000, 0x00000000ff162850, 0x00000000ff200000)
  to   space 640K,   0% used [0x00000000ff200000, 0x00000000ff200000, 0x00000000ff2a0000)
 concurrent mark-sweep generation total 13696K, used 3246K [0x00000000ff2a0000, 0x0000000100000000, 0x0000000100000000)
 Metaspace       used 5078K, capacity 5258K, committed 5504K, reserved 1056768K
  class space    used 557K, capacity 597K, committed 640K, reserved 1048576K
2024-07-16T17:10:18.968+0800: 5.637: [GC (Allocation Failure) 2024-07-16T17:10:18.968+0800: 5.637: [ParNew: 5239K->6K(6144K), 0.0009130 secs] 8486K->4279K(19840K), 0.0010133 secs] [Times: user=0.00 sys=0.00, real=0.00 secs] 
Heap after GC invocations=711 (full 82):
 par new generation   total 6144K, used 6K [0x00000000fec00000, 0x00000000ff2a0000, 0x00000000ff2a0000)
  eden space 5504K,   0% used [0x00000000fec00000, 0x00000000fec00000, 0x00000000ff160000)
  from space 640K,   0% used [0x00000000ff200000, 0x00000000ff201830, 0x00000000ff2a0000)
  to   space 640K,   0% used [0x00000000ff160000, 0x00000000ff160000, 0x00000000ff200000)
 concurrent mark-sweep generation total 13696K, used 4273K [0x00000000ff2a0000, 0x0000000100000000, 0x0000000100000000)
 Metaspace       used 5078K, capacity 5258K, committed 5504K, reserved 1056768K
  class space    used 557K, capacity 597K, committed 640K, reserved 1048576K
}
{Heap before GC invocations=711 (full 82):
 par new generation   total 6144K, used 5235K [0x00000000fec00000, 0x00000000ff2a0000, 0x00000000ff2a0000)
  eden space 5504K,  95% used [0x00000000fec00000, 0x00000000ff11b778, 0x00000000ff160000)
  from space 640K,   0% used [0x00000000ff200000, 0x00000000ff201830, 0x00000000ff2a0000)
  to   space 640K,   0% used [0x00000000ff160000, 0x00000000ff160000, 0x00000000ff200000)
 concurrent mark-sweep generation total 13696K, used 4273K [0x00000000ff2a0000, 0x0000000100000000, 0x0000000100000000)
 Metaspace       used 5078K, capacity 5258K, committed 5504K, reserved 1056768K
  class space    used 557K, capacity 597K, committed 640K, reserved 1048576K
2024-07-16T17:10:18.976+0800: 5.645: [GC (Allocation Failure) 2024-07-16T17:10:18.976+0800: 5.645: [ParNew: 5235K->6K(6144K), 0.0011966 secs] 9508K->5305K(19840K), 0.0012695 secs] [Times: user=0.00 sys=0.00, real=0.00 secs] 
Heap after GC invocations=712 (full 82):
 par new generation   total 6144K, used 6K [0x00000000fec00000, 0x00000000ff2a0000, 0x00000000ff2a0000)
  eden space 5504K,   0% used [0x00000000fec00000, 0x00000000fec00000, 0x00000000ff160000)
  from space 640K,   0% used [0x00000000ff160000, 0x00000000ff161830, 0x00000000ff200000)
  to   space 640K,   0% used [0x00000000ff200000, 0x00000000ff200000, 0x00000000ff2a0000)
 concurrent mark-sweep generation total 13696K, used 5299K [0x00000000ff2a0000, 0x0000000100000000, 0x0000000100000000)
 Metaspace       used 5078K, capacity 5258K, committed 5504K, reserved 1056768K
  class space    used 557K, capacity 597K, committed 640K, reserved 1048576K
}
2024-07-16T17:10:18.977+0800: 5.647: [GC (CMS Initial Mark) [1 CMS-initial-mark: 5299K(13696K)] 6331K(19840K), 0.0005555 secs] [Times: user=0.00 sys=0.00, real=0.00 secs] 
2024-07-16T17:10:18.978+0800: 5.647: [CMS-concurrent-mark-start]
2024-07-16T17:10:18.981+0800: 5.650: [CMS-concurrent-mark: 0.003/0.003 secs] [Times: user=0.00 sys=0.00, real=0.00 secs] 
2024-07-16T17:10:18.981+0800: 5.650: [CMS-concurrent-preclean-start]
2024-07-16T17:10:18.981+0800: 5.651: [CMS-concurrent-preclean: 0.000/0.000 secs] [Times: user=0.00 sys=0.00, real=0.00 secs] 
2024-07-16T17:10:18.981+0800: 5.651: [CMS-concurrent-abortable-preclean-start]
{Heap before GC invocations=712 (full 83):
 par new generation   total 6144K, used 5235K [0x00000000fec00000, 0x00000000ff2a0000, 0x00000000ff2a0000)
  eden space 5504K,  95% used [0x00000000fec00000, 0x00000000ff11b780, 0x00000000ff160000)
  from space 640K,   0% used [0x00000000ff160000, 0x00000000ff161830, 0x00000000ff200000)
  to   space 640K,   0% used [0x00000000ff200000, 0x00000000ff200000, 0x00000000ff2a0000)
 concurrent mark-sweep generation total 13696K, used 5299K [0x00000000ff2a0000, 0x0000000100000000, 0x0000000100000000)
 Metaspace       used 5078K, capacity 5258K, committed 5504K, reserved 1056768K
  class space    used 557K, capacity 597K, committed 640K, reserved 1048576K
2024-07-16T17:10:18.986+0800: 5.655: [GC (Allocation Failure) 2024-07-16T17:10:18.986+0800: 5.655: [ParNew: 5235K->4K(6144K), 0.0007844 secs] 10535K->5303K(19840K), 0.0009488 secs] [Times: user=0.00 sys=0.00, real=0.00 secs] 
Heap after GC invocations=713 (full 83):
 par new generation   total 6144K, used 4K [0x00000000fec00000, 0x00000000ff2a0000, 0x00000000ff2a0000)
  eden space 5504K,   0% used [0x00000000fec00000, 0x00000000fec00000, 0x00000000ff160000)
  from space 640K,   0% used [0x00000000ff200000, 0x00000000ff201020, 0x00000000ff2a0000)
  to   space 640K,   0% used [0x00000000ff160000, 0x00000000ff160000, 0x00000000ff200000)
 concurrent mark-sweep generation total 13696K, used 5299K [0x00000000ff2a0000, 0x0000000100000000, 0x0000000100000000)
 Metaspace       used 5078K, capacity 5258K, committed 5504K, reserved 1056768K
  class space    used 557K, capacity 597K, committed 640K, reserved 1048576K
}
{Heap before GC invocations=713 (full 83):
 par new generation   total 6144K, used 5233K [0x00000000fec00000, 0x00000000ff2a0000, 0x00000000ff2a0000)
  eden space 5504K,  95% used [0x00000000fec00000, 0x00000000ff11b780, 0x00000000ff160000)
  from space 640K,   0% used [0x00000000ff200000, 0x00000000ff201020, 0x00000000ff2a0000)
  to   space 640K,   0% used [0x00000000ff160000, 0x00000000ff160000, 0x00000000ff200000)
 concurrent mark-sweep generation total 13696K, used 5299K [0x00000000ff2a0000, 0x0000000100000000, 0x0000000100000000)
 Metaspace       used 5078K, capacity 5258K, committed 5504K, reserved 1056768K
  class space    used 557K, capacity 597K, committed 640K, reserved 1048576K
2024-07-16T17:10:18.994+0800: 5.663: [GC (Allocation Failure) 2024-07-16T17:10:18.994+0800: 5.663: [ParNew: 5233K->10K(6144K), 0.0011390 secs] 10532K->6335K(19840K), 0.0012104 secs] [Times: user=0.00 sys=0.00, real=0.00 secs] 
Heap after GC invocations=714 (full 83):
 par new generation   total 6144K, used 10K [0x00000000fec00000, 0x00000000ff2a0000, 0x00000000ff2a0000)
  eden space 5504K,   0% used [0x00000000fec00000, 0x00000000fec00000, 0x00000000ff160000)
  from space 640K,   1% used [0x00000000ff160000, 0x00000000ff162850, 0x00000000ff200000)
  to   space 640K,   0% used [0x00000000ff200000, 0x00000000ff200000, 0x00000000ff2a0000)
 concurrent mark-sweep generation total 13696K, used 6325K [0x00000000ff2a0000, 0x0000000100000000, 0x0000000100000000)
 Metaspace       used 5078K, capacity 5258K, committed 5504K, reserved 1056768K
  class space    used 557K, capacity 597K, committed 640K, reserved 1048576K
}
{Heap before GC invocations=714 (full 83):
 par new generation   total 6144K, used 5239K [0x00000000fec00000, 0x00000000ff2a0000, 0x00000000ff2a0000)
  eden space 5504K,  95% used [0x00000000fec00000, 0x00000000ff11b780, 0x00000000ff160000)
  from space 640K,   1% used [0x00000000ff160000, 0x00000000ff162850, 0x00000000ff200000)
  to   space 640K,   0% used [0x00000000ff200000, 0x00000000ff200000, 0x00000000ff2a0000)
 concurrent mark-sweep generation total 13696K, used 6325K [0x00000000ff2a0000, 0x0000000100000000, 0x0000000100000000)
 Metaspace       used 5078K, capacity 5258K, committed 5504K, reserved 1056768K
  class space    used 557K, capacity 597K, committed 640K, reserved 1048576K
2024-07-16T17:10:19.001+0800: 5.670: [GC (Allocation Failure) 2024-07-16T17:10:19.001+0800: 5.670: [ParNew: 5239K->10K(6144K), 0.0013284 secs] 11565K->7359K(19840K), 0.0014262 secs] [Times: user=0.16 sys=0.00, real=0.00 secs] 
Heap after GC invocations=715 (full 83):
 par new generation   total 6144K, used 10K [0x00000000fec00000, 0x00000000ff2a0000, 0x00000000ff2a0000)
  eden space 5504K,   0% used [0x00000000fec00000, 0x00000000fec00000, 0x00000000ff160000)
  from space 640K,   1% used [0x00000000ff200000, 0x00000000ff202850, 0x00000000ff2a0000)
  to   space 640K,   0% used [0x00000000ff160000, 0x00000000ff160000, 0x00000000ff200000)
 concurrent mark-sweep generation total 13696K, used 7349K [0x00000000ff2a0000, 0x0000000100000000, 0x0000000100000000)
 Metaspace       used 5078K, capacity 5258K, committed 5504K, reserved 1056768K
  class space    used 557K, capacity 597K, committed 640K, reserved 1048576K
}
{Heap before GC invocations=715 (full 83):
 par new generation   total 6144K, used 5239K [0x00000000fec00000, 0x00000000ff2a0000, 0x00000000ff2a0000)
  eden space 5504K,  95% used [0x00000000fec00000, 0x00000000ff11b780, 0x00000000ff160000)
  from space 640K,   1% used [0x00000000ff200000, 0x00000000ff202850, 0x00000000ff2a0000)
  to   space 640K,   0% used [0x00000000ff160000, 0x00000000ff160000, 0x00000000ff200000)
 concurrent mark-sweep generation total 13696K, used 7349K [0x00000000ff2a0000, 0x0000000100000000, 0x0000000100000000)
 Metaspace       used 5078K, capacity 5258K, committed 5504K, reserved 1056768K
  class space    used 557K, capacity 597K, committed 640K, reserved 1048576K
2024-07-16T17:10:19.009+0800: 5.678: [GC (Allocation Failure) 2024-07-16T17:10:19.009+0800: 5.678: [ParNew: 5239K->8K(6144K), 0.0013343 secs] 12589K->8383K(19840K), 0.0015277 secs] [Times: user=0.00 sys=0.00, real=0.00 secs] 
Heap after GC invocations=716 (full 83):
 par new generation   total 6144K, used 8K [0x00000000fec00000, 0x00000000ff2a0000, 0x00000000ff2a0000)
  eden space 5504K,   0% used [0x00000000fec00000, 0x00000000fec00000, 0x00000000ff160000)
  from space 640K,   1% used [0x00000000ff160000, 0x00000000ff162040, 0x00000000ff200000)
  to   space 640K,   0% used [0x00000000ff200000, 0x00000000ff200000, 0x00000000ff2a0000)
 concurrent mark-sweep generation total 13696K, used 8375K [0x00000000ff2a0000, 0x0000000100000000, 0x0000000100000000)
 Metaspace       used 5078K, capacity 5258K, committed 5504K, reserved 1056768K
  class space    used 557K, capacity 597K, committed 640K, reserved 1048576K
}
{Heap before GC invocations=716 (full 83):
 par new generation   total 6144K, used 5237K [0x00000000fec00000, 0x00000000ff2a0000, 0x00000000ff2a0000)
  eden space 5504K,  95% used [0x00000000fec00000, 0x00000000ff11b780, 0x00000000ff160000)
  from space 640K,   1% used [0x00000000ff160000, 0x00000000ff162040, 0x00000000ff200000)
  to   space 640K,   0% used [0x00000000ff200000, 0x00000000ff200000, 0x00000000ff2a0000)
 concurrent mark-sweep generation total 13696K, used 8375K [0x00000000ff2a0000, 0x0000000100000000, 0x0000000100000000)
 Metaspace       used 5078K, capacity 5258K, committed 5504K, reserved 1056768K
  class space    used 557K, capacity 597K, committed 640K, reserved 1048576K
2024-07-16T17:10:19.019+0800: 5.688: [GC (Allocation Failure) 2024-07-16T17:10:19.019+0800: 5.688: [ParNew: 5237K->4K(6144K), 0.0007939 secs] 13613K->8379K(19840K), 0.0009225 secs] [Times: user=0.00 sys=0.00, real=0.00 secs] 
Heap after GC invocations=717 (full 83):
 par new generation   total 6144K, used 4K [0x00000000fec00000, 0x00000000ff2a0000, 0x00000000ff2a0000)
  eden space 5504K,   0% used [0x00000000fec00000, 0x00000000fec00000, 0x00000000ff160000)
  from space 640K,   0% used [0x00000000ff200000, 0x00000000ff201020, 0x00000000ff2a0000)
  to   space 640K,   0% used [0x00000000ff160000, 0x00000000ff160000, 0x00000000ff200000)
 concurrent mark-sweep generation total 13696K, used 8375K [0x00000000ff2a0000, 0x0000000100000000, 0x0000000100000000)
 Metaspace       used 5078K, capacity 5258K, committed 5504K, reserved 1056768K
  class space    used 557K, capacity 597K, committed 640K, reserved 1048576K
}
{Heap before GC invocations=717 (full 83):
 par new generation   total 6144K, used 5233K [0x00000000fec00000, 0x00000000ff2a0000, 0x00000000ff2a0000)
  eden space 5504K,  95% used [0x00000000fec00000, 0x00000000ff11b780, 0x00000000ff160000)
  from space 640K,   0% used [0x00000000ff200000, 0x00000000ff201020, 0x00000000ff2a0000)
  to   space 640K,   0% used [0x00000000ff160000, 0x00000000ff160000, 0x00000000ff200000)
 concurrent mark-sweep generation total 13696K, used 8375K [0x00000000ff2a0000, 0x0000000100000000, 0x0000000100000000)
 Metaspace       used 5078K, capacity 5258K, committed 5504K, reserved 1056768K
  class space    used 557K, capacity 597K, committed 640K, reserved 1048576K
2024-07-16T17:10:19.029+0800: 5.698: [GC (Allocation Failure) 2024-07-16T17:10:19.029+0800: 5.698: [ParNew: 5233K->2K(6144K), 0.0003168 secs] 13609K->8377K(19840K), 0.0004002 secs] [Times: user=0.00 sys=0.00, real=0.00 secs] 
Heap after GC invocations=718 (full 83):
 par new generation   total 6144K, used 2K [0x00000000fec00000, 0x00000000ff2a0000, 0x00000000ff2a0000)
  eden space 5504K,   0% used [0x00000000fec00000, 0x00000000fec00000, 0x00000000ff160000)
  from space 640K,   0% used [0x00000000ff160000, 0x00000000ff160810, 0x00000000ff200000)
  to   space 640K,   0% used [0x00000000ff200000, 0x00000000ff200000, 0x00000000ff2a0000)
 concurrent mark-sweep generation total 13696K, used 8375K [0x00000000ff2a0000, 0x0000000100000000, 0x0000000100000000)
 Metaspace       used 5078K, capacity 5258K, committed 5504K, reserved 1056768K
  class space    used 557K, capacity 597K, committed 640K, reserved 1048576K
}
{Heap before GC invocations=718 (full 83):
 par new generation   total 6144K, used 5231K [0x00000000fec00000, 0x00000000ff2a0000, 0x00000000ff2a0000)
  eden space 5504K,  95% used [0x00000000fec00000, 0x00000000ff11b780, 0x00000000ff160000)
  from space 640K,   0% used [0x00000000ff160000, 0x00000000ff160810, 0x00000000ff200000)
  to   space 640K,   0% used [0x00000000ff200000, 0x00000000ff200000, 0x00000000ff2a0000)
 concurrent mark-sweep generation total 13696K, used 8375K [0x00000000ff2a0000, 0x0000000100000000, 0x0000000100000000)
 Metaspace       used 5078K, capacity 5258K, committed 5504K, reserved 1056768K
  class space    used 557K, capacity 597K, committed 640K, reserved 1048576K
2024-07-16T17:10:19.035+0800: 5.704: [GC (Allocation Failure) 2024-07-16T17:10:19.035+0800: 5.704: [ParNew: 5231K->6K(6144K), 0.0004506 secs] 13607K->9405K(19840K), 0.0004837 secs] [Times: user=0.00 sys=0.00, real=0.00 secs] 
Heap after GC invocations=719 (full 83):
 par new generation   total 6144K, used 6K [0x00000000fec00000, 0x00000000ff2a0000, 0x00000000ff2a0000)
  eden space 5504K,   0% used [0x00000000fec00000, 0x00000000fec00000, 0x00000000ff160000)
  from space 640K,   0% used [0x00000000ff200000, 0x00000000ff201830, 0x00000000ff2a0000)
  to   space 640K,   0% used [0x00000000ff160000, 0x00000000ff160000, 0x00000000ff200000)
 concurrent mark-sweep generation total 13696K, used 9399K [0x00000000ff2a0000, 0x0000000100000000, 0x0000000100000000)
 Metaspace       used 5078K, capacity 5258K, committed 5504K, reserved 1056768K
  class space    used 557K, capacity 597K, committed 640K, reserved 1048576K
}
{Heap before GC invocations=719 (full 83):
 par new generation   total 6144K, used 5235K [0x00000000fec00000, 0x00000000ff2a0000, 0x00000000ff2a0000)
  eden space 5504K,  95% used [0x00000000fec00000, 0x00000000ff11b780, 0x00000000ff160000)
  from space 640K,   0% used [0x00000000ff200000, 0x00000000ff201830, 0x00000000ff2a0000)
  to   space 640K,   0% used [0x00000000ff160000, 0x00000000ff160000, 0x00000000ff200000)
 concurrent mark-sweep generation total 13696K, used 9399K [0x00000000ff2a0000, 0x0000000100000000, 0x0000000100000000)
 Metaspace       used 5078K, capacity 5258K, committed 5504K, reserved 1056768K
  class space    used 557K, capacity 597K, committed 640K, reserved 1048576K
2024-07-16T17:10:19.042+0800: 5.711: [GC (Allocation Failure) 2024-07-16T17:10:19.042+0800: 5.711: [ParNew: 5235K->8K(6144K), 0.0003818 secs] 14635K->10431K(19840K), 0.0004368 secs] [Times: user=0.00 sys=0.00, real=0.00 secs] 
Heap after GC invocations=720 (full 83):
 par new generation   total 6144K, used 8K [0x00000000fec00000, 0x00000000ff2a0000, 0x00000000ff2a0000)
  eden space 5504K,   0% used [0x00000000fec00000, 0x00000000fec00000, 0x00000000ff160000)
  from space 640K,   1% used [0x00000000ff160000, 0x00000000ff162040, 0x00000000ff200000)
  to   space 640K,   0% used [0x00000000ff200000, 0x00000000ff200000, 0x00000000ff2a0000)
 concurrent mark-sweep generation total 13696K, used 10423K [0x00000000ff2a0000, 0x0000000100000000, 0x0000000100000000)
 Metaspace       used 5078K, capacity 5258K, committed 5504K, reserved 1056768K
  class space    used 557K, capacity 597K, committed 640K, reserved 1048576K
}
{Heap before GC invocations=720 (full 83):
 par new generation   total 6144K, used 5237K [0x00000000fec00000, 0x00000000ff2a0000, 0x00000000ff2a0000)
  eden space 5504K,  95% used [0x00000000fec00000, 0x00000000ff11b780, 0x00000000ff160000)
  from space 640K,   1% used [0x00000000ff160000, 0x00000000ff162040, 0x00000000ff200000)
  to   space 640K,   0% used [0x00000000ff200000, 0x00000000ff200000, 0x00000000ff2a0000)
 concurrent mark-sweep generation total 13696K, used 10423K [0x00000000ff2a0000, 0x0000000100000000, 0x0000000100000000)
 Metaspace       used 5078K, capacity 5258K, committed 5504K, reserved 1056768K
  class space    used 557K, capacity 597K, committed 640K, reserved 1048576K
2024-07-16T17:10:19.050+0800: 5.719: [GC (Allocation Failure) 2024-07-16T17:10:19.050+0800: 5.719: [ParNew: 5237K->4K(6144K), 0.0002699 secs] 15661K->10427K(19840K), 0.0003014 secs] [Times: user=0.00 sys=0.00, real=0.00 secs] 
Heap after GC invocations=721 (full 83):
 par new generation   total 6144K, used 4K [0x00000000fec00000, 0x00000000ff2a0000, 0x00000000ff2a0000)
  eden space 5504K,   0% used [0x00000000fec00000, 0x00000000fec00000, 0x00000000ff160000)
  from space 640K,   0% used [0x00000000ff200000, 0x00000000ff201020, 0x00000000ff2a0000)
  to   space 640K,   0% used [0x00000000ff160000, 0x00000000ff160000, 0x00000000ff200000)
 concurrent mark-sweep generation total 13696K, used 10423K [0x00000000ff2a0000, 0x0000000100000000, 0x0000000100000000)
 Metaspace       used 5078K, capacity 5258K, committed 5504K, reserved 1056768K
  class space    used 557K, capacity 597K, committed 640K, reserved 1048576K
}
{Heap before GC invocations=721 (full 83):
 par new generation   total 6144K, used 5233K [0x00000000fec00000, 0x00000000ff2a0000, 0x00000000ff2a0000)
  eden space 5504K,  95% used [0x00000000fec00000, 0x00000000ff11b780, 0x00000000ff160000)
  from space 640K,   0% used [0x00000000ff200000, 0x00000000ff201020, 0x00000000ff2a0000)
  to   space 640K,   0% used [0x00000000ff160000, 0x00000000ff160000, 0x00000000ff200000)
 concurrent mark-sweep generation total 13696K, used 10423K [0x00000000ff2a0000, 0x0000000100000000, 0x0000000100000000)
 Metaspace       used 5078K, capacity 5258K, committed 5504K, reserved 1056768K
  class space    used 557K, capacity 597K, committed 640K, reserved 1048576K
2024-07-16T17:10:19.057+0800: 5.726: [GC (Allocation Failure) 2024-07-16T17:10:19.057+0800: 5.726: [ParNew: 5233K->4K(6144K), 0.0002917 secs] 15657K->10427K(19840K), 0.0003284 secs] [Times: user=0.00 sys=0.00, real=0.00 secs] 
Heap after GC invocations=722 (full 83):
 par new generation   total 6144K, used 4K [0x00000000fec00000, 0x00000000ff2a0000, 0x00000000ff2a0000)
  eden space 5504K,   0% used [0x00000000fec00000, 0x00000000fec00000, 0x00000000ff160000)
  from space 640K,   0% used [0x00000000ff160000, 0x00000000ff161020, 0x00000000ff200000)
  to   space 640K,   0% used [0x00000000ff200000, 0x00000000ff200000, 0x00000000ff2a0000)
 concurrent mark-sweep generation total 13696K, used 10423K [0x00000000ff2a0000, 0x0000000100000000, 0x0000000100000000)
 Metaspace       used 5078K, capacity 5258K, committed 5504K, reserved 1056768K
  class space    used 557K, capacity 597K, committed 640K, reserved 1048576K
}
{Heap before GC invocations=722 (full 83):
 par new generation   total 6144K, used 5233K [0x00000000fec00000, 0x00000000ff2a0000, 0x00000000ff2a0000)
  eden space 5504K,  95% used [0x00000000fec00000, 0x00000000ff11b780, 0x00000000ff160000)
  from space 640K,   0% used [0x00000000ff160000, 0x00000000ff161020, 0x00000000ff200000)
  to   space 640K,   0% used [0x00000000ff200000, 0x00000000ff200000, 0x00000000ff2a0000)
 concurrent mark-sweep generation total 13696K, used 10423K [0x00000000ff2a0000, 0x0000000100000000, 0x0000000100000000)
 Metaspace       used 5078K, capacity 5258K, committed 5504K, reserved 1056768K
  class space    used 557K, capacity 597K, committed 640K, reserved 1048576K
2024-07-16T17:10:19.064+0800: 5.733: [GC (Allocation Failure) 2024-07-16T17:10:19.064+0800: 5.733: [ParNew: 5233K->4K(6144K), 0.0002538 secs] 15657K->10427K(19840K), 0.0002909 secs] [Times: user=0.00 sys=0.00, real=0.00 secs] 
Heap after GC invocations=723 (full 83):
 par new generation   total 6144K, used 4K [0x00000000fec00000, 0x00000000ff2a0000, 0x00000000ff2a0000)
  eden space 5504K,   0% used [0x00000000fec00000, 0x00000000fec00000, 0x00000000ff160000)
  from space 640K,   0% used [0x00000000ff200000, 0x00000000ff201020, 0x00000000ff2a0000)
  to   space 640K,   0% used [0x00000000ff160000, 0x00000000ff160000, 0x00000000ff200000)
 concurrent mark-sweep generation total 13696K, used 10423K [0x00000000ff2a0000, 0x0000000100000000, 0x0000000100000000)
 Metaspace       used 5078K, capacity 5258K, committed 5504K, reserved 1056768K
  class space    used 557K, capacity 597K, committed 640K, reserved 1048576K
}
{Heap before GC invocations=723 (full 83):
 par new generation   total 6144K, used 5233K [0x00000000fec00000, 0x00000000ff2a0000, 0x00000000ff2a0000)
  eden space 5504K,  95% used [0x00000000fec00000, 0x00000000ff11b780, 0x00000000ff160000)
  from space 640K,   0% used [0x00000000ff200000, 0x00000000ff201020, 0x00000000ff2a0000)
  to   space 640K,   0% used [0x00000000ff160000, 0x00000000ff160000, 0x00000000ff200000)
 concurrent mark-sweep generation total 13696K, used 10423K [0x00000000ff2a0000, 0x0000000100000000, 0x0000000100000000)
 Metaspace       used 5078K, capacity 5258K, committed 5504K, reserved 1056768K
  class space    used 557K, capacity 597K, committed 640K, reserved 1048576K
2024-07-16T17:10:19.071+0800: 5.740: [GC (Allocation Failure) 2024-07-16T17:10:19.071+0800: 5.740: [ParNew: 5233K->10K(6144K), 0.0003571 secs] 15657K->11457K(19840K), 0.0003935 secs] [Times: user=0.00 sys=0.00, real=0.00 secs] 
Heap after GC invocations=724 (full 83):
 par new generation   total 6144K, used 10K [0x00000000fec00000, 0x00000000ff2a0000, 0x00000000ff2a0000)
  eden space 5504K,   0% used [0x00000000fec00000, 0x00000000fec00000, 0x00000000ff160000)
  from space 640K,   1% used [0x00000000ff160000, 0x00000000ff162850, 0x00000000ff200000)
  to   space 640K,   0% used [0x00000000ff200000, 0x00000000ff200000, 0x00000000ff2a0000)
 concurrent mark-sweep generation total 13696K, used 11447K [0x00000000ff2a0000, 0x0000000100000000, 0x0000000100000000)
 Metaspace       used 5078K, capacity 5258K, committed 5504K, reserved 1056768K
  class space    used 557K, capacity 597K, committed 640K, reserved 1048576K
}
{Heap before GC invocations=724 (full 83):
 par new generation   total 6144K, used 5239K [0x00000000fec00000, 0x00000000ff2a0000, 0x00000000ff2a0000)
  eden space 5504K,  95% used [0x00000000fec00000, 0x00000000ff11b780, 0x00000000ff160000)
  from space 640K,   1% used [0x00000000ff160000, 0x00000000ff162850, 0x00000000ff200000)
  to   space 640K,   0% used [0x00000000ff200000, 0x00000000ff200000, 0x00000000ff2a0000)
 concurrent mark-sweep generation total 13696K, used 11447K [0x00000000ff2a0000, 0x0000000100000000, 0x0000000100000000)
 Metaspace       used 5078K, capacity 5258K, committed 5504K, reserved 1056768K
  class space    used 557K, capacity 597K, committed 640K, reserved 1048576K
2024-07-16T17:10:19.077+0800: 5.746: [GC (Allocation Failure) 2024-07-16T17:10:19.077+0800: 5.746: [ParNew: 5239K->6K(6144K), 0.0003556 secs] 16687K->12477K(19840K), 0.0003874 secs] [Times: user=0.00 sys=0.00, real=0.00 secs] 
Heap after GC invocations=725 (full 83):
 par new generation   total 6144K, used 6K [0x00000000fec00000, 0x00000000ff2a0000, 0x00000000ff2a0000)
  eden space 5504K,   0% used [0x00000000fec00000, 0x00000000fec00000, 0x00000000ff160000)
  from space 640K,   0% used [0x00000000ff200000, 0x00000000ff201830, 0x00000000ff2a0000)
  to   space 640K,   0% used [0x00000000ff160000, 0x00000000ff160000, 0x00000000ff200000)
 concurrent mark-sweep generation total 13696K, used 12471K [0x00000000ff2a0000, 0x0000000100000000, 0x0000000100000000)
 Metaspace       used 5078K, capacity 5258K, committed 5504K, reserved 1056768K
  class space    used 557K, capacity 597K, committed 640K, reserved 1048576K
}
{Heap before GC invocations=725 (full 83):
 par new generation   total 6144K, used 5235K [0x00000000fec00000, 0x00000000ff2a0000, 0x00000000ff2a0000)
  eden space 5504K,  95% used [0x00000000fec00000, 0x00000000ff11b780, 0x00000000ff160000)
  from space 640K,   0% used [0x00000000ff200000, 0x00000000ff201830, 0x00000000ff2a0000)
  to   space 640K,   0% used [0x00000000ff160000, 0x00000000ff160000, 0x00000000ff200000)
 concurrent mark-sweep generation total 13696K, used 12471K [0x00000000ff2a0000, 0x0000000100000000, 0x0000000100000000)
 Metaspace       used 5078K, capacity 5258K, committed 5504K, reserved 1056768K
  class space    used 557K, capacity 597K, committed 640K, reserved 1048576K
2024-07-16T17:10:19.083+0800: 5.752: [GC (Allocation Failure) 2024-07-16T17:10:19.083+0800: 5.752: [ParNew: 5235K->5235K(6144K), 0.0000135 secs]2024-07-16T17:10:19.083+0800: 5.752: [CMS2024-07-16T17:10:19.083+0800: 5.752: [CMS-concurrent-abortable-preclean: 0.001/0.101 secs] [Times: user=0.16 sys=0.00, real=0.10 secs] 
 (concurrent mode failure): 12471K->2220K(13696K), 0.0024292 secs] 17707K->2220K(19840K), [Metaspace: 5078K->5078K(1056768K)], 0.0025027 secs] [Times: user=0.00 sys=0.00, real=0.00 secs] 
Heap after GC invocations=726 (full 84):
 par new generation   total 6144K, used 0K [0x00000000fec00000, 0x00000000ff2a0000, 0x00000000ff2a0000)
  eden space 5504K,   0% used [0x00000000fec00000, 0x00000000fec00000, 0x00000000ff160000)
  from space 640K,   0% used [0x00000000ff200000, 0x00000000ff200000, 0x00000000ff2a0000)
  to   space 640K,   0% used [0x00000000ff160000, 0x00000000ff160000, 0x00000000ff200000)
 concurrent mark-sweep generation total 13696K, used 2220K [0x00000000ff2a0000, 0x0000000100000000, 0x0000000100000000)
 Metaspace       used 5078K, capacity 5258K, committed 5504K, reserved 1056768K
  class space    used 557K, capacity 597K, committed 640K, reserved 1048576K
}
{Heap before GC invocations=726 (full 84):
 par new generation   total 6144K, used 5229K [0x00000000fec00000, 0x00000000ff2a0000, 0x00000000ff2a0000)
  eden space 5504K,  95% used [0x00000000fec00000, 0x00000000ff11b780, 0x00000000ff160000)
  from space 640K,   0% used [0x00000000ff200000, 0x00000000ff200000, 0x00000000ff2a0000)
  to   space 640K,   0% used [0x00000000ff160000, 0x00000000ff160000, 0x00000000ff200000)
 concurrent mark-sweep generation total 13696K, used 2220K [0x00000000ff2a0000, 0x0000000100000000, 0x0000000100000000)
 Metaspace       used 5078K, capacity 5258K, committed 5504K, reserved 1056768K
  class space    used 557K, capacity 597K, committed 640K, reserved 1048576K
2024-07-16T17:10:19.091+0800: 5.760: [GC (Allocation Failure) 2024-07-16T17:10:19.091+0800: 5.760: [ParNew: 5229K->4K(6144K), 0.0003046 secs] 7450K->2224K(19840K), 0.0003427 secs] [Times: user=0.00 sys=0.00, real=0.00 secs] 
Heap after GC invocations=727 (full 84):
 par new generation   total 6144K, used 4K [0x00000000fec00000, 0x00000000ff2a0000, 0x00000000ff2a0000)
  eden space 5504K,   0% used [0x00000000fec00000, 0x00000000fec00000, 0x00000000ff160000)
  from space 640K,   0% used [0x00000000ff160000, 0x00000000ff161020, 0x00000000ff200000)
  to   space 640K,   0% used [0x00000000ff200000, 0x00000000ff200000, 0x00000000ff2a0000)
 concurrent mark-sweep generation total 13696K, used 2220K [0x00000000ff2a0000, 0x0000000100000000, 0x0000000100000000)
 Metaspace       used 5078K, capacity 5258K, committed 5504K, reserved 1056768K
  class space    used 557K, capacity 597K, committed 640K, reserved 1048576K
}
{Heap before GC invocations=727 (full 84):
 par new generation   total 6144K, used 5233K [0x00000000fec00000, 0x00000000ff2a0000, 0x00000000ff2a0000)
  eden space 5504K,  95% used [0x00000000fec00000, 0x00000000ff11b780, 0x00000000ff160000)
  from space 640K,   0% used [0x00000000ff160000, 0x00000000ff161020, 0x00000000ff200000)
  to   space 640K,   0% used [0x00000000ff200000, 0x00000000ff200000, 0x00000000ff2a0000)
 concurrent mark-sweep generation total 13696K, used 2220K [0x00000000ff2a0000, 0x0000000100000000, 0x0000000100000000)
 Metaspace       used 5078K, capacity 5258K, committed 5504K, reserved 1056768K
  class space    used 557K, capacity 597K, committed 640K, reserved 1048576K
2024-07-16T17:10:19.097+0800: 5.766: [GC (Allocation Failure) 2024-07-16T17:10:19.097+0800: 5.766: [ParNew: 5233K->6K(6144K), 0.0004546 secs] 7454K->3253K(19840K), 0.0005078 secs] [Times: user=0.00 sys=0.00, real=0.00 secs] 
Heap after GC invocations=728 (full 84):
 par new generation   total 6144K, used 6K [0x00000000fec00000, 0x00000000ff2a0000, 0x00000000ff2a0000)
  eden space 5504K,   0% used [0x00000000fec00000, 0x00000000fec00000, 0x00000000ff160000)
  from space 640K,   0% used [0x00000000ff200000, 0x00000000ff201830, 0x00000000ff2a0000)
  to   space 640K,   0% used [0x00000000ff160000, 0x00000000ff160000, 0x00000000ff200000)
 concurrent mark-sweep generation total 13696K, used 3246K [0x00000000ff2a0000, 0x0000000100000000, 0x0000000100000000)
 Metaspace       used 5078K, capacity 5258K, committed 5504K, reserved 1056768K
  class space    used 557K, capacity 597K, committed 640K, reserved 1048576K
}
{Heap before GC invocations=728 (full 84):
 par new generation   total 6144K, used 5235K [0x00000000fec00000, 0x00000000ff2a0000, 0x00000000ff2a0000)
  eden space 5504K,  95% used [0x00000000fec00000, 0x00000000ff11b780, 0x00000000ff160000)
  from space 640K,   0% used [0x00000000ff200000, 0x00000000ff201830, 0x00000000ff2a0000)
  to   space 640K,   0% used [0x00000000ff160000, 0x00000000ff160000, 0x00000000ff200000)
 concurrent mark-sweep generation total 13696K, used 3246K [0x00000000ff2a0000, 0x0000000100000000, 0x0000000100000000)
 Metaspace       used 5078K, capacity 5258K, committed 5504K, reserved 1056768K
  class space    used 557K, capacity 597K, committed 640K, reserved 1048576K
2024-07-16T17:10:19.103+0800: 5.771: [GC (Allocation Failure) 2024-07-16T17:10:19.103+0800: 5.771: [ParNew: 5235K->8K(6144K), 0.0005302 secs] 8482K->4281K(19840K), 0.0005739 secs] [Times: user=0.00 sys=0.00, real=0.00 secs] 
Heap after GC invocations=729 (full 84):
 par new generation   total 6144K, used 8K [0x00000000fec00000, 0x00000000ff2a0000, 0x00000000ff2a0000)
  eden space 5504K,   0% used [0x00000000fec00000, 0x00000000fec00000, 0x00000000ff160000)
  from space 640K,   1% used [0x00000000ff160000, 0x00000000ff162040, 0x00000000ff200000)
  to   space 640K,   0% used [0x00000000ff200000, 0x00000000ff200000, 0x00000000ff2a0000)
 concurrent mark-sweep generation total 13696K, used 4273K [0x00000000ff2a0000, 0x0000000100000000, 0x0000000100000000)
 Metaspace       used 5078K, capacity 5258K, committed 5504K, reserved 1056768K
  class space    used 557K, capacity 597K, committed 640K, reserved 1048576K
}
2024-07-16T17:10:19.103+0800: 5.772: [GC (CMS Initial Mark) [1 CMS-initial-mark: 4273K(13696K)] 5307K(19840K), 0.0002574 secs] [Times: user=0.00 sys=0.00, real=0.00 secs] 
2024-07-16T17:10:19.104+0800: 5.772: [CMS-concurrent-mark-start]
2024-07-16T17:10:19.106+0800: 5.775: [CMS-concurrent-mark: 0.003/0.003 secs] [Times: user=0.00 sys=0.00, real=0.00 secs] 
2024-07-16T17:10:19.106+0800: 5.775: [CMS-concurrent-preclean-start]
2024-07-16T17:10:19.106+0800: 5.775: [CMS-concurrent-preclean: 0.000/0.000 secs] [Times: user=0.00 sys=0.00, real=0.00 secs] 
2024-07-16T17:10:19.106+0800: 5.775: [CMS-concurrent-abortable-preclean-start]
{Heap before GC invocations=729 (full 85):
 par new generation   total 6144K, used 5237K [0x00000000fec00000, 0x00000000ff2a0000, 0x00000000ff2a0000)
  eden space 5504K,  95% used [0x00000000fec00000, 0x00000000ff11b780, 0x00000000ff160000)
  from space 640K,   1% used [0x00000000ff160000, 0x00000000ff162040, 0x00000000ff200000)
  to   space 640K,   0% used [0x00000000ff200000, 0x00000000ff200000, 0x00000000ff2a0000)
 concurrent mark-sweep generation total 13696K, used 4273K [0x00000000ff2a0000, 0x0000000100000000, 0x0000000100000000)
 Metaspace       used 5078K, capacity 5258K, committed 5504K, reserved 1056768K
  class space    used 557K, capacity 597K, committed 640K, reserved 1048576K
2024-07-16T17:10:19.109+0800: 5.778: [GC (Allocation Failure) 2024-07-16T17:10:19.109+0800: 5.778: [ParNew: 5237K->8K(6144K), 0.0004693 secs] 9510K->5307K(19840K), 0.0005079 secs] [Times: user=0.00 sys=0.00, real=0.00 secs] 
Heap after GC invocations=730 (full 85):
 par new generation   total 6144K, used 8K [0x00000000fec00000, 0x00000000ff2a0000, 0x00000000ff2a0000)
  eden space 5504K,   0% used [0x00000000fec00000, 0x00000000fec00000, 0x00000000ff160000)
  from space 640K,   1% used [0x00000000ff200000, 0x00000000ff202040, 0x00000000ff2a0000)
  to   space 640K,   0% used [0x00000000ff160000, 0x00000000ff160000, 0x00000000ff200000)
 concurrent mark-sweep generation total 13696K, used 5299K [0x00000000ff2a0000, 0x0000000100000000, 0x0000000100000000)
 Metaspace       used 5078K, capacity 5258K, committed 5504K, reserved 1056768K
  class space    used 557K, capacity 597K, committed 640K, reserved 1048576K
}
{Heap before GC invocations=730 (full 85):
 par new generation   total 6144K, used 5237K [0x00000000fec00000, 0x00000000ff2a0000, 0x00000000ff2a0000)
  eden space 5504K,  95% used [0x00000000fec00000, 0x00000000ff11b780, 0x00000000ff160000)
  from space 640K,   1% used [0x00000000ff200000, 0x00000000ff202040, 0x00000000ff2a0000)
  to   space 640K,   0% used [0x00000000ff160000, 0x00000000ff160000, 0x00000000ff200000)
 concurrent mark-sweep generation total 13696K, used 5299K [0x00000000ff2a0000, 0x0000000100000000, 0x0000000100000000)
 Metaspace       used 5078K, capacity 5258K, committed 5504K, reserved 1056768K
  class space    used 557K, capacity 597K, committed 640K, reserved 1048576K
2024-07-16T17:10:19.115+0800: 5.783: [GC (Allocation Failure) 2024-07-16T17:10:19.115+0800: 5.783: [ParNew: 5237K->8K(6144K), 0.0003490 secs] 10537K->6331K(19840K), 0.0003751 secs] [Times: user=0.00 sys=0.00, real=0.00 secs] 
Heap after GC invocations=731 (full 85):
 par new generation   total 6144K, used 8K [0x00000000fec00000, 0x00000000ff2a0000, 0x00000000ff2a0000)
  eden space 5504K,   0% used [0x00000000fec00000, 0x00000000fec00000, 0x00000000ff160000)
  from space 640K,   1% used [0x00000000ff160000, 0x00000000ff162040, 0x00000000ff200000)
  to   space 640K,   0% used [0x00000000ff200000, 0x00000000ff200000, 0x00000000ff2a0000)
 concurrent mark-sweep generation total 13696K, used 6323K [0x00000000ff2a0000, 0x0000000100000000, 0x0000000100000000)
 Metaspace       used 5078K, capacity 5258K, committed 5504K, reserved 1056768K
  class space    used 557K, capacity 597K, committed 640K, reserved 1048576K
}
{Heap before GC invocations=731 (full 85):
 par new generation   total 6144K, used 5237K [0x00000000fec00000, 0x00000000ff2a0000, 0x00000000ff2a0000)
  eden space 5504K,  95% used [0x00000000fec00000, 0x00000000ff11b780, 0x00000000ff160000)
  from space 640K,   1% used [0x00000000ff160000, 0x00000000ff162040, 0x00000000ff200000)
  to   space 640K,   0% used [0x00000000ff200000, 0x00000000ff200000, 0x00000000ff2a0000)
 concurrent mark-sweep generation total 13696K, used 6323K [0x00000000ff2a0000, 0x0000000100000000, 0x0000000100000000)
 Metaspace       used 5078K, capacity 5258K, committed 5504K, reserved 1056768K
  class space    used 557K, capacity 597K, committed 640K, reserved 1048576K
2024-07-16T17:10:19.121+0800: 5.789: [GC (Allocation Failure) 2024-07-16T17:10:19.121+0800: 5.789: [ParNew: 5237K->4K(6144K), 0.0003989 secs] 11561K->7353K(19840K), 0.0004312 secs] [Times: user=0.00 sys=0.00, real=0.00 secs] 
Heap after GC invocations=732 (full 85):
 par new generation   total 6144K, used 4K [0x00000000fec00000, 0x00000000ff2a0000, 0x00000000ff2a0000)
  eden space 5504K,   0% used [0x00000000fec00000, 0x00000000fec00000, 0x00000000ff160000)
  from space 640K,   0% used [0x00000000ff200000, 0x00000000ff201020, 0x00000000ff2a0000)
  to   space 640K,   0% used [0x00000000ff160000, 0x00000000ff160000, 0x00000000ff200000)
 concurrent mark-sweep generation total 13696K, used 7349K [0x00000000ff2a0000, 0x0000000100000000, 0x0000000100000000)
 Metaspace       used 5078K, capacity 5258K, committed 5504K, reserved 1056768K
  class space    used 557K, capacity 597K, committed 640K, reserved 1048576K
}
{Heap before GC invocations=732 (full 85):
 par new generation   total 6144K, used 5233K [0x00000000fec00000, 0x00000000ff2a0000, 0x00000000ff2a0000)
  eden space 5504K,  95% used [0x00000000fec00000, 0x00000000ff11b780, 0x00000000ff160000)
  from space 640K,   0% used [0x00000000ff200000, 0x00000000ff201020, 0x00000000ff2a0000)
  to   space 640K,   0% used [0x00000000ff160000, 0x00000000ff160000, 0x00000000ff200000)
 concurrent mark-sweep generation total 13696K, used 7349K [0x00000000ff2a0000, 0x0000000100000000, 0x0000000100000000)
 Metaspace       used 5078K, capacity 5258K, committed 5504K, reserved 1056768K
  class space    used 557K, capacity 597K, committed 640K, reserved 1048576K
2024-07-16T17:10:19.126+0800: 5.795: [GC (Allocation Failure) 2024-07-16T17:10:19.126+0800: 5.795: [ParNew: 5233K->6K(6144K), 0.0003534 secs] 12583K->8379K(19840K), 0.0003877 secs] [Times: user=0.00 sys=0.00, real=0.00 secs] 
Heap after GC invocations=733 (full 85):
 par new generation   total 6144K, used 6K [0x00000000fec00000, 0x00000000ff2a0000, 0x00000000ff2a0000)
  eden space 5504K,   0% used [0x00000000fec00000, 0x00000000fec00000, 0x00000000ff160000)
  from space 640K,   0% used [0x00000000ff160000, 0x00000000ff161830, 0x00000000ff200000)
  to   space 640K,   0% used [0x00000000ff200000, 0x00000000ff200000, 0x00000000ff2a0000)
 concurrent mark-sweep generation total 13696K, used 8373K [0x00000000ff2a0000, 0x0000000100000000, 0x0000000100000000)
 Metaspace       used 5078K, capacity 5258K, committed 5504K, reserved 1056768K
  class space    used 557K, capacity 597K, committed 640K, reserved 1048576K
}
{Heap before GC invocations=733 (full 85):
 par new generation   total 6144K, used 5235K [0x00000000fec00000, 0x00000000ff2a0000, 0x00000000ff2a0000)
  eden space 5504K,  95% used [0x00000000fec00000, 0x00000000ff11b780, 0x00000000ff160000)
  from space 640K,   0% used [0x00000000ff160000, 0x00000000ff161830, 0x00000000ff200000)
  to   space 640K,   0% used [0x00000000ff200000, 0x00000000ff200000, 0x00000000ff2a0000)
 concurrent mark-sweep generation total 13696K, used 8373K [0x00000000ff2a0000, 0x0000000100000000, 0x0000000100000000)
 Metaspace       used 5078K, capacity 5258K, committed 5504K, reserved 1056768K
  class space    used 557K, capacity 597K, committed 640K, reserved 1048576K
2024-07-16T17:10:19.132+0800: 5.801: [GC (Allocation Failure) 2024-07-16T17:10:19.132+0800: 5.801: [ParNew: 5235K->8K(6144K), 0.0003869 secs] 13609K->9407K(19840K), 0.0004241 secs] [Times: user=0.00 sys=0.00, real=0.00 secs] 
Heap after GC invocations=734 (full 85):
 par new generation   total 6144K, used 8K [0x00000000fec00000, 0x00000000ff2a0000, 0x00000000ff2a0000)
  eden space 5504K,   0% used [0x00000000fec00000, 0x00000000fec00000, 0x00000000ff160000)
  from space 640K,   1% used [0x00000000ff200000, 0x00000000ff202040, 0x00000000ff2a0000)
  to   space 640K,   0% used [0x00000000ff160000, 0x00000000ff160000, 0x00000000ff200000)
 concurrent mark-sweep generation total 13696K, used 9399K [0x00000000ff2a0000, 0x0000000100000000, 0x0000000100000000)
 Metaspace       used 5078K, capacity 5258K, committed 5504K, reserved 1056768K
  class space    used 557K, capacity 597K, committed 640K, reserved 1048576K
}
{Heap before GC invocations=734 (full 85):
 par new generation   total 6144K, used 5237K [0x00000000fec00000, 0x00000000ff2a0000, 0x00000000ff2a0000)
  eden space 5504K,  95% used [0x00000000fec00000, 0x00000000ff11b780, 0x00000000ff160000)
  from space 640K,   1% used [0x00000000ff200000, 0x00000000ff202040, 0x00000000ff2a0000)
  to   space 640K,   0% used [0x00000000ff160000, 0x00000000ff160000, 0x00000000ff200000)
 concurrent mark-sweep generation total 13696K, used 9399K [0x00000000ff2a0000, 0x0000000100000000, 0x0000000100000000)
 Metaspace       used 5078K, capacity 5258K, committed 5504K, reserved 1056768K
  class space    used 557K, capacity 597K, committed 640K, reserved 1048576K
2024-07-16T17:10:19.139+0800: 5.807: [GC (Allocation Failure) 2024-07-16T17:10:19.139+0800: 5.807: [ParNew: 5237K->10K(6144K), 0.0003315 secs] 14637K->10435K(19840K), 0.0003640 secs] [Times: user=0.00 sys=0.00, real=0.00 secs] 
Heap after GC invocations=735 (full 85):
 par new generation   total 6144K, used 10K [0x00000000fec00000, 0x00000000ff2a0000, 0x00000000ff2a0000)
  eden space 5504K,   0% used [0x00000000fec00000, 0x00000000fec00000, 0x00000000ff160000)
  from space 640K,   1% used [0x00000000ff160000, 0x00000000ff162850, 0x00000000ff200000)
  to   space 640K,   0% used [0x00000000ff200000, 0x00000000ff200000, 0x00000000ff2a0000)
 concurrent mark-sweep generation total 13696K, used 10425K [0x00000000ff2a0000, 0x0000000100000000, 0x0000000100000000)
 Metaspace       used 5078K, capacity 5258K, committed 5504K, reserved 1056768K
  class space    used 557K, capacity 597K, committed 640K, reserved 1048576K
}
{Heap before GC invocations=735 (full 85):
 par new generation   total 6144K, used 5239K [0x00000000fec00000, 0x00000000ff2a0000, 0x00000000ff2a0000)
  eden space 5504K,  95% used [0x00000000fec00000, 0x00000000ff11b780, 0x00000000ff160000)
  from space 640K,   1% used [0x00000000ff160000, 0x00000000ff162850, 0x00000000ff200000)
  to   space 640K,   0% used [0x00000000ff200000, 0x00000000ff200000, 0x00000000ff2a0000)
 concurrent mark-sweep generation total 13696K, used 10425K [0x00000000ff2a0000, 0x0000000100000000, 0x0000000100000000)
 Metaspace       used 5078K, capacity 5258K, committed 5504K, reserved 1056768K
  class space    used 557K, capacity 597K, committed 640K, reserved 1048576K
2024-07-16T17:10:19.144+0800: 5.813: [GC (Allocation Failure) 2024-07-16T17:10:19.144+0800: 5.813: [ParNew: 5239K->8K(6144K), 0.0003380 secs] 15665K->11457K(19840K), 0.0003720 secs] [Times: user=0.00 sys=0.00, real=0.00 secs] 
Heap after GC invocations=736 (full 85):
 par new generation   total 6144K, used 8K [0x00000000fec00000, 0x00000000ff2a0000, 0x00000000ff2a0000)
  eden space 5504K,   0% used [0x00000000fec00000, 0x00000000fec00000, 0x00000000ff160000)
  from space 640K,   1% used [0x00000000ff200000, 0x00000000ff202040, 0x00000000ff2a0000)
  to   space 640K,   0% used [0x00000000ff160000, 0x00000000ff160000, 0x00000000ff200000)
 concurrent mark-sweep generation total 13696K, used 11449K [0x00000000ff2a0000, 0x0000000100000000, 0x0000000100000000)
 Metaspace       used 5078K, capacity 5258K, committed 5504K, reserved 1056768K
  class space    used 557K, capacity 597K, committed 640K, reserved 1048576K
}
{Heap before GC invocations=736 (full 85):
 par new generation   total 6144K, used 5237K [0x00000000fec00000, 0x00000000ff2a0000, 0x00000000ff2a0000)
  eden space 5504K,  95% used [0x00000000fec00000, 0x00000000ff11b780, 0x00000000ff160000)
  from space 640K,   1% used [0x00000000ff200000, 0x00000000ff202040, 0x00000000ff2a0000)
  to   space 640K,   0% used [0x00000000ff160000, 0x00000000ff160000, 0x00000000ff200000)
 concurrent mark-sweep generation total 13696K, used 11449K [0x00000000ff2a0000, 0x0000000100000000, 0x0000000100000000)
 Metaspace       used 5078K, capacity 5258K, committed 5504K, reserved 1056768K
  class space    used 557K, capacity 597K, committed 640K, reserved 1048576K
2024-07-16T17:10:19.150+0800: 5.818: [GC (Allocation Failure) 2024-07-16T17:10:19.150+0800: 5.818: [ParNew: 5237K->8K(6144K), 0.0003256 secs] 16687K->12481K(19840K), 0.0003502 secs] [Times: user=0.00 sys=0.00, real=0.00 secs] 
Heap after GC invocations=737 (full 85):
 par new generation   total 6144K, used 8K [0x00000000fec00000, 0x00000000ff2a0000, 0x00000000ff2a0000)
  eden space 5504K,   0% used [0x00000000fec00000, 0x00000000fec00000, 0x00000000ff160000)
  from space 640K,   1% used [0x00000000ff160000, 0x00000000ff162040, 0x00000000ff200000)
  to   space 640K,   0% used [0x00000000ff200000, 0x00000000ff200000, 0x00000000ff2a0000)
 concurrent mark-sweep generation total 13696K, used 12473K [0x00000000ff2a0000, 0x0000000100000000, 0x0000000100000000)
 Metaspace       used 5078K, capacity 5258K, committed 5504K, reserved 1056768K
  class space    used 557K, capacity 597K, committed 640K, reserved 1048576K
}
{Heap before GC invocations=737 (full 85):
 par new generation   total 6144K, used 5237K [0x00000000fec00000, 0x00000000ff2a0000, 0x00000000ff2a0000)
  eden space 5504K,  95% used [0x00000000fec00000, 0x00000000ff11b780, 0x00000000ff160000)
  from space 640K,   1% used [0x00000000ff160000, 0x00000000ff162040, 0x00000000ff200000)
  to   space 640K,   0% used [0x00000000ff200000, 0x00000000ff200000, 0x00000000ff2a0000)
 concurrent mark-sweep generation total 13696K, used 12473K [0x00000000ff2a0000, 0x0000000100000000, 0x0000000100000000)
 Metaspace       used 5078K, capacity 5258K, committed 5504K, reserved 1056768K
  class space    used 557K, capacity 597K, committed 640K, reserved 1048576K
2024-07-16T17:10:19.155+0800: 5.824: [GC (Allocation Failure) 2024-07-16T17:10:19.155+0800: 5.824: [ParNew: 5237K->6K(6144K), 0.0004525 secs] 17711K->13503K(19840K), 0.0005058 secs] [Times: user=0.00 sys=0.00, real=0.00 secs] 
Heap after GC invocations=738 (full 85):
 par new generation   total 6144K, used 6K [0x00000000fec00000, 0x00000000ff2a0000, 0x00000000ff2a0000)
  eden space 5504K,   0% used [0x00000000fec00000, 0x00000000fec00000, 0x00000000ff160000)
  from space 640K,   0% used [0x00000000ff200000, 0x00000000ff201830, 0x00000000ff2a0000)
  to   space 640K,   0% used [0x00000000ff160000, 0x00000000ff160000, 0x00000000ff200000)
 concurrent mark-sweep generation total 13696K, used 13497K [0x00000000ff2a0000, 0x0000000100000000, 0x0000000100000000)
 Metaspace       used 5078K, capacity 5258K, committed 5504K, reserved 1056768K
  class space    used 557K, capacity 597K, committed 640K, reserved 1048576K
}
2024-07-16T17:10:19.156+0800: 5.824: [CMS-concurrent-abortable-preclean: 0.000/0.049 secs] [Times: user=0.03 sys=0.00, real=0.05 secs] 
2024-07-16T17:10:19.156+0800: 5.824: [GC (CMS Final Remark) [YG occupancy: 1032 K (6144 K)]{Heap before GC invocations=738 (full 85):
 par new generation   total 6144K, used 1032K [0x00000000fec00000, 0x00000000ff2a0000, 0x00000000ff2a0000)
  eden space 5504K,  18% used [0x00000000fec00000, 0x00000000fed00820, 0x00000000ff160000)
  from space 640K,   0% used [0x00000000ff200000, 0x00000000ff201830, 0x00000000ff2a0000)
  to   space 640K,   0% used [0x00000000ff160000, 0x00000000ff160000, 0x00000000ff200000)
 concurrent mark-sweep generation total 13696K, used 13497K [0x00000000ff2a0000, 0x0000000100000000, 0x0000000100000000)
 Metaspace       used 5078K, capacity 5258K, committed 5504K, reserved 1056768K
  class space    used 557K, capacity 597K, committed 640K, reserved 1048576K
2024-07-16T17:10:19.156+0800: 5.824: [GC (CMS Final Remark) 2024-07-16T17:10:19.156+0800: 5.824: [ParNew: 1032K->1032K(6144K), 0.0000078 secs] 14529K->14529K(19840K), 0.0000204 secs] [Times: user=0.00 sys=0.00, real=0.00 secs] 
Heap after GC invocations=739 (full 85):
 par new generation   total 6144K, used 1032K [0x00000000fec00000, 0x00000000ff2a0000, 0x00000000ff2a0000)
  eden space 5504K,  18% used [0x00000000fec00000, 0x00000000fed00820, 0x00000000ff160000)
  from space 640K,   0% used [0x00000000ff200000, 0x00000000ff201830, 0x00000000ff2a0000)
  to   space 640K,   0% used [0x00000000ff160000, 0x00000000ff160000, 0x00000000ff200000)
 concurrent mark-sweep generation total 13696K, used 13497K [0x00000000ff2a0000, 0x0000000100000000, 0x0000000100000000)
 Metaspace       used 5078K, capacity 5258K, committed 5504K, reserved 1056768K
  class space    used 557K, capacity 597K, committed 640K, reserved 1048576K
}
2024-07-16T17:10:19.156+0800: 5.824: [Rescan (parallel) , 0.0001294 secs]2024-07-16T17:10:19.156+0800: 5.824: [weak refs processing, 0.0000082 secs]2024-07-16T17:10:19.156+0800: 5.824: [class unloading, 0.0003227 secs]2024-07-16T17:10:19.156+0800: 5.825: [scrub symbol table, 0.0003720 secs]2024-07-16T17:10:19.157+0800: 5.825: [scrub string table, 0.0000840 secs][1 CMS-remark: 13497K(13696K)] 14529K(19840K), 0.0010108 secs] [Times: user=0.00 sys=0.00, real=0.00 secs] 
2024-07-16T17:10:19.157+0800: 5.825: [CMS-concurrent-sweep-start]
2024-07-16T17:10:19.157+0800: 5.825: [CMS-concurrent-sweep: 0.000/0.000 secs] [Times: user=0.00 sys=0.00, real=0.00 secs] 
2024-07-16T17:10:19.157+0800: 5.826: [CMS-concurrent-reset-start]
2024-07-16T17:10:19.157+0800: 5.826: [CMS-concurrent-reset: 0.000/0.000 secs] [Times: user=0.00 sys=0.00, real=0.00 secs] 
{Heap before GC invocations=739 (full 85):
 par new generation   total 6144K, used 5237K [0x00000000fec00000, 0x00000000ff2a0000, 0x00000000ff2a0000)
  eden space 5504K,  95% used [0x00000000fec00000, 0x00000000ff11bf90, 0x00000000ff160000)
  from space 640K,   0% used [0x00000000ff200000, 0x00000000ff201830, 0x00000000ff2a0000)
  to   space 640K,   0% used [0x00000000ff160000, 0x00000000ff160000, 0x00000000ff200000)
 concurrent mark-sweep generation total 13696K, used 10425K [0x00000000ff2a0000, 0x0000000100000000, 0x0000000100000000)
 Metaspace       used 5078K, capacity 5258K, committed 5504K, reserved 1056768K
  class space    used 557K, capacity 597K, committed 640K, reserved 1048576K
2024-07-16T17:10:19.162+0800: 5.830: [GC (Allocation Failure) 2024-07-16T17:10:19.162+0800: 5.830: [ParNew: 5237K->10K(6144K), 0.0003556 secs] 15663K->11461K(19840K), 0.0003778 secs] [Times: user=0.00 sys=0.00, real=0.00 secs] 
Heap after GC invocations=740 (full 85):
 par new generation   total 6144K, used 10K [0x00000000fec00000, 0x00000000ff2a0000, 0x00000000ff2a0000)
  eden space 5504K,   0% used [0x00000000fec00000, 0x00000000fec00000, 0x00000000ff160000)
  from space 640K,   1% used [0x00000000ff160000, 0x00000000ff162850, 0x00000000ff200000)
  to   space 640K,   0% used [0x00000000ff200000, 0x00000000ff200000, 0x00000000ff2a0000)
 concurrent mark-sweep generation total 13696K, used 11451K [0x00000000ff2a0000, 0x0000000100000000, 0x0000000100000000)
 Metaspace       used 5078K, capacity 5258K, committed 5504K, reserved 1056768K
  class space    used 557K, capacity 597K, committed 640K, reserved 1048576K
}
2024-07-16T17:10:19.162+0800: 5.831: [GC (CMS Initial Mark) [1 CMS-initial-mark: 11451K(13696K)] 12485K(19840K), 0.0001051 secs] [Times: user=0.00 sys=0.00, real=0.00 secs] 
2024-07-16T17:10:19.162+0800: 5.831: [CMS-concurrent-mark-start]
2024-07-16T17:10:19.163+0800: 5.832: [CMS-concurrent-mark: 0.001/0.001 secs] [Times: user=0.00 sys=0.00, real=0.00 secs] 
2024-07-16T17:10:19.163+0800: 5.832: [CMS-concurrent-preclean-start]
2024-07-16T17:10:19.163+0800: 5.832: [CMS-concurrent-preclean: 0.000/0.000 secs] [Times: user=0.00 sys=0.00, real=0.00 secs] 
2024-07-16T17:10:19.163+0800: 5.832: [CMS-concurrent-abortable-preclean-start]
{Heap before GC invocations=740 (full 86):
 par new generation   total 6144K, used 5232K [0x00000000fec00000, 0x00000000ff2a0000, 0x00000000ff2a0000)
  eden space 5504K,  94% used [0x00000000fec00000, 0x00000000ff119940, 0x00000000ff160000)
  from space 640K,   1% used [0x00000000ff160000, 0x00000000ff162850, 0x00000000ff200000)
  to   space 640K,   0% used [0x00000000ff200000, 0x00000000ff200000, 0x00000000ff2a0000)
 concurrent mark-sweep generation total 13696K, used 11451K [0x00000000ff2a0000, 0x0000000100000000, 0x0000000100000000)
 Metaspace       used 5078K, capacity 5258K, committed 5504K, reserved 1056768K
  class space    used 557K, capacity 597K, committed 640K, reserved 1048576K
2024-07-16T17:10:19.168+0800: 5.836: [GC (Allocation Failure) 2024-07-16T17:10:19.168+0800: 5.836: [ParNew: 5232K->6K(6144K), 0.0003304 secs] 16683K->12481K(19840K), 0.0003600 secs] [Times: user=0.00 sys=0.00, real=0.00 secs] 
Heap after GC invocations=741 (full 86):
 par new generation   total 6144K, used 6K [0x00000000fec00000, 0x00000000ff2a0000, 0x00000000ff2a0000)
  eden space 5504K,   0% used [0x00000000fec00000, 0x00000000fec00000, 0x00000000ff160000)
  from space 640K,   0% used [0x00000000ff200000, 0x00000000ff201830, 0x00000000ff2a0000)
  to   space 640K,   0% used [0x00000000ff160000, 0x00000000ff160000, 0x00000000ff200000)
 concurrent mark-sweep generation total 13696K, used 12475K [0x00000000ff2a0000, 0x0000000100000000, 0x0000000100000000)
 Metaspace       used 5078K, capacity 5258K, committed 5504K, reserved 1056768K
  class space    used 557K, capacity 597K, committed 640K, reserved 1048576K
}
{Heap before GC invocations=741 (full 86):
 par new generation   total 6144K, used 5231K [0x00000000fec00000, 0x00000000ff2a0000, 0x00000000ff2a0000)
  eden space 5504K,  94% used [0x00000000fec00000, 0x00000000ff11a410, 0x00000000ff160000)
  from space 640K,   0% used [0x00000000ff200000, 0x00000000ff201830, 0x00000000ff2a0000)
  to   space 640K,   0% used [0x00000000ff160000, 0x00000000ff160000, 0x00000000ff200000)
 concurrent mark-sweep generation total 13696K, used 12475K [0x00000000ff2a0000, 0x0000000100000000, 0x0000000100000000)
 Metaspace       used 5078K, capacity 5258K, committed 5504K, reserved 1056768K
  class space    used 557K, capacity 597K, committed 640K, reserved 1048576K
2024-07-16T17:10:19.174+0800: 5.842: [GC (Allocation Failure) 2024-07-16T17:10:19.174+0800: 5.842: [ParNew (promotion failed): 5231K->5235K(6144K), 0.0002717 secs]2024-07-16T17:10:19.174+0800: 5.843: [CMS2024-07-16T17:10:19.174+0800: 5.843: [CMS-concurrent-abortable-preclean: 0.000/0.010 secs] [Times: user=0.00 sys=0.00, real=0.01 secs] 
 (concurrent mode failure): 12475K->2220K(13696K), 0.0024498 secs] 17706K->2220K(19840K), [Metaspace: 5078K->5078K(1056768K)], 0.0027734 secs] [Times: user=0.00 sys=0.00, real=0.00 secs] 
Heap after GC invocations=742 (full 87):
 par new generation   total 6144K, used 0K [0x00000000fec00000, 0x00000000ff2a0000, 0x00000000ff2a0000)
  eden space 5504K,   0% used [0x00000000fec00000, 0x00000000fec00000, 0x00000000ff160000)
  from space 640K,   0% used [0x00000000ff160000, 0x00000000ff160000, 0x00000000ff200000)
  to   space 640K,   0% used [0x00000000ff200000, 0x00000000ff200000, 0x00000000ff2a0000)
 concurrent mark-sweep generation total 13696K, used 2220K [0x00000000ff2a0000, 0x0000000100000000, 0x0000000100000000)
 Metaspace       used 5078K, capacity 5258K, committed 5504K, reserved 1056768K
  class space    used 557K, capacity 597K, committed 640K, reserved 1048576K
}
{Heap before GC invocations=742 (full 87):
 par new generation   total 6144K, used 5226K [0x00000000fec00000, 0x00000000ff2a0000, 0x00000000ff2a0000)
  eden space 5504K,  94% used [0x00000000fec00000, 0x00000000ff11ab00, 0x00000000ff160000)
  from space 640K,   0% used [0x00000000ff160000, 0x00000000ff160000, 0x00000000ff200000)
  to   space 640K,   0% used [0x00000000ff200000, 0x00000000ff200000, 0x00000000ff2a0000)
 concurrent mark-sweep generation total 13696K, used 2220K [0x00000000ff2a0000, 0x0000000100000000, 0x0000000100000000)
 Metaspace       used 5078K, capacity 5258K, committed 5504K, reserved 1056768K
  class space    used 557K, capacity 597K, committed 640K, reserved 1048576K
2024-07-16T17:10:19.183+0800: 5.852: [GC (Allocation Failure) 2024-07-16T17:10:19.183+0800: 5.852: [ParNew: 5226K->6K(6144K), 0.0004583 secs] 7447K->3253K(19840K), 0.0005018 secs] [Times: user=0.00 sys=0.00, real=0.00 secs] 
Heap after GC invocations=743 (full 87):
 par new generation   total 6144K, used 6K [0x00000000fec00000, 0x00000000ff2a0000, 0x00000000ff2a0000)
  eden space 5504K,   0% used [0x00000000fec00000, 0x00000000fec00000, 0x00000000ff160000)
  from space 640K,   0% used [0x00000000ff200000, 0x00000000ff201830, 0x00000000ff2a0000)
  to   space 640K,   0% used [0x00000000ff160000, 0x00000000ff160000, 0x00000000ff200000)
 concurrent mark-sweep generation total 13696K, used 3246K [0x00000000ff2a0000, 0x0000000100000000, 0x0000000100000000)
 Metaspace       used 5078K, capacity 5258K, committed 5504K, reserved 1056768K
  class space    used 557K, capacity 597K, committed 640K, reserved 1048576K
}
{Heap before GC invocations=743 (full 87):
 par new generation   total 6144K, used 5233K [0x00000000fec00000, 0x00000000ff2a0000, 0x00000000ff2a0000)
  eden space 5504K,  94% used [0x00000000fec00000, 0x00000000ff11af78, 0x00000000ff160000)
  from space 640K,   0% used [0x00000000ff200000, 0x00000000ff201830, 0x00000000ff2a0000)
  to   space 640K,   0% used [0x00000000ff160000, 0x00000000ff160000, 0x00000000ff200000)
 concurrent mark-sweep generation total 13696K, used 3246K [0x00000000ff2a0000, 0x0000000100000000, 0x0000000100000000)
 Metaspace       used 5078K, capacity 5258K, committed 5504K, reserved 1056768K
  class space    used 557K, capacity 597K, committed 640K, reserved 1048576K
2024-07-16T17:10:19.190+0800: 5.859: [GC (Allocation Failure) 2024-07-16T17:10:19.190+0800: 5.859: [ParNew: 5233K->4K(6144K), 0.0002629 secs] 8480K->3250K(19840K), 0.0002944 secs] [Times: user=0.00 sys=0.00, real=0.00 secs] 
Heap after GC invocations=744 (full 87):
 par new generation   total 6144K, used 4K [0x00000000fec00000, 0x00000000ff2a0000, 0x00000000ff2a0000)
  eden space 5504K,   0% used [0x00000000fec00000, 0x00000000fec00000, 0x00000000ff160000)
  from space 640K,   0% used [0x00000000ff160000, 0x00000000ff161020, 0x00000000ff200000)
  to   space 640K,   0% used [0x00000000ff200000, 0x00000000ff200000, 0x00000000ff2a0000)
 concurrent mark-sweep generation total 13696K, used 3246K [0x00000000ff2a0000, 0x0000000100000000, 0x0000000100000000)
 Metaspace       used 5078K, capacity 5258K, committed 5504K, reserved 1056768K
  class space    used 557K, capacity 597K, committed 640K, reserved 1048576K
}
{Heap before GC invocations=744 (full 87):
 par new generation   total 6144K, used 5232K [0x00000000fec00000, 0x00000000ff2a0000, 0x00000000ff2a0000)
  eden space 5504K,  94% used [0x00000000fec00000, 0x00000000ff11b250, 0x00000000ff160000)
  from space 640K,   0% used [0x00000000ff160000, 0x00000000ff161020, 0x00000000ff200000)
  to   space 640K,   0% used [0x00000000ff200000, 0x00000000ff200000, 0x00000000ff2a0000)
 concurrent mark-sweep generation total 13696K, used 3246K [0x00000000ff2a0000, 0x0000000100000000, 0x0000000100000000)
 Metaspace       used 5078K, capacity 5258K, committed 5504K, reserved 1056768K
  class space    used 557K, capacity 597K, committed 640K, reserved 1048576K
2024-07-16T17:10:19.197+0800: 5.866: [GC (Allocation Failure) 2024-07-16T17:10:19.197+0800: 5.866: [ParNew: 5232K->10K(6144K), 0.0004034 secs] 8479K->4281K(19840K), 0.0004267 secs] [Times: user=0.00 sys=0.00, real=0.00 secs] 
Heap after GC invocations=745 (full 87):
 par new generation   total 6144K, used 10K [0x00000000fec00000, 0x00000000ff2a0000, 0x00000000ff2a0000)
  eden space 5504K,   0% used [0x00000000fec00000, 0x00000000fec00000, 0x00000000ff160000)
  from space 640K,   1% used [0x00000000ff200000, 0x00000000ff202850, 0x00000000ff2a0000)
  to   space 640K,   0% used [0x00000000ff160000, 0x00000000ff160000, 0x00000000ff200000)
 concurrent mark-sweep generation total 13696K, used 4270K [0x00000000ff2a0000, 0x0000000100000000, 0x0000000100000000)
 Metaspace       used 5078K, capacity 5258K, committed 5504K, reserved 1056768K
  class space    used 557K, capacity 597K, committed 640K, reserved 1048576K
}
{Heap before GC invocations=745 (full 87):
 par new generation   total 6144K, used 5239K [0x00000000fec00000, 0x00000000ff2a0000, 0x00000000ff2a0000)
  eden space 5504K,  95% used [0x00000000fec00000, 0x00000000ff11b428, 0x00000000ff160000)
  from space 640K,   1% used [0x00000000ff200000, 0x00000000ff202850, 0x00000000ff2a0000)
  to   space 640K,   0% used [0x00000000ff160000, 0x00000000ff160000, 0x00000000ff200000)
 concurrent mark-sweep generation total 13696K, used 4270K [0x00000000ff2a0000, 0x0000000100000000, 0x0000000100000000)
 Metaspace       used 5078K, capacity 5258K, committed 5504K, reserved 1056768K
  class space    used 557K, capacity 597K, committed 640K, reserved 1048576K
2024-07-16T17:10:19.204+0800: 5.873: [GC (Allocation Failure) 2024-07-16T17:10:19.204+0800: 5.873: [ParNew: 5239K->8K(6144K), 0.0009746 secs] 9510K->5305K(19840K), 0.0010342 secs] [Times: user=0.01 sys=0.00, real=0.00 secs] 
Heap after GC invocations=746 (full 87):
 par new generation   total 6144K, used 8K [0x00000000fec00000, 0x00000000ff2a0000, 0x00000000ff2a0000)
  eden space 5504K,   0% used [0x00000000fec00000, 0x00000000fec00000, 0x00000000ff160000)
  from space 640K,   1% used [0x00000000ff160000, 0x00000000ff162040, 0x00000000ff200000)
  to   space 640K,   0% used [0x00000000ff200000, 0x00000000ff200000, 0x00000000ff2a0000)
 concurrent mark-sweep generation total 13696K, used 5297K [0x00000000ff2a0000, 0x0000000100000000, 0x0000000100000000)
 Metaspace       used 5078K, capacity 5258K, committed 5504K, reserved 1056768K
  class space    used 557K, capacity 597K, committed 640K, reserved 1048576K
}
2024-07-16T17:10:19.205+0800: 5.874: [GC (CMS Initial Mark) [1 CMS-initial-mark: 5297K(13696K)] 6331K(19840K), 0.0001661 secs] [Times: user=0.00 sys=0.00, real=0.00 secs] 
2024-07-16T17:10:19.205+0800: 5.874: [CMS-concurrent-mark-start]
2024-07-16T17:10:19.208+0800: 5.877: [CMS-concurrent-mark: 0.003/0.003 secs] [Times: user=0.00 sys=0.00, real=0.00 secs] 
2024-07-16T17:10:19.208+0800: 5.877: [CMS-concurrent-preclean-start]
2024-07-16T17:10:19.208+0800: 5.877: [CMS-concurrent-preclean: 0.000/0.000 secs] [Times: user=0.00 sys=0.00, real=0.00 secs] 
2024-07-16T17:10:19.208+0800: 5.877: [CMS-concurrent-abortable-preclean-start]
{Heap before GC invocations=746 (full 88):
 par new generation   total 6144K, used 5237K [0x00000000fec00000, 0x00000000ff2a0000, 0x00000000ff2a0000)
  eden space 5504K,  95% used [0x00000000fec00000, 0x00000000ff11b558, 0x00000000ff160000)
  from space 640K,   1% used [0x00000000ff160000, 0x00000000ff162040, 0x00000000ff200000)
  to   space 640K,   0% used [0x00000000ff200000, 0x00000000ff200000, 0x00000000ff2a0000)
 concurrent mark-sweep generation total 13696K, used 5297K [0x00000000ff2a0000, 0x0000000100000000, 0x0000000100000000)
 Metaspace       used 5078K, capacity 5258K, committed 5504K, reserved 1056768K
  class space    used 557K, capacity 597K, committed 640K, reserved 1048576K
2024-07-16T17:10:19.213+0800: 5.882: [GC (Allocation Failure) 2024-07-16T17:10:19.213+0800: 5.882: [ParNew: 5237K->8K(6144K), 0.0011005 secs] 10534K->6331K(19840K), 0.0011914 secs] [Times: user=0.00 sys=0.00, real=0.00 secs] 
Heap after GC invocations=747 (full 88):
 par new generation   total 6144K, used 8K [0x00000000fec00000, 0x00000000ff2a0000, 0x00000000ff2a0000)
  eden space 5504K,   0% used [0x00000000fec00000, 0x00000000fec00000, 0x00000000ff160000)
  from space 640K,   1% used [0x00000000ff200000, 0x00000000ff202040, 0x00000000ff2a0000)
  to   space 640K,   0% used [0x00000000ff160000, 0x00000000ff160000, 0x00000000ff200000)
 concurrent mark-sweep generation total 13696K, used 6323K [0x00000000ff2a0000, 0x0000000100000000, 0x0000000100000000)
 Metaspace       used 5078K, capacity 5258K, committed 5504K, reserved 1056768K
  class space    used 557K, capacity 597K, committed 640K, reserved 1048576K
}
{Heap before GC invocations=747 (full 88):
 par new generation   total 6144K, used 5237K [0x00000000fec00000, 0x00000000ff2a0000, 0x00000000ff2a0000)
  eden space 5504K,  95% used [0x00000000fec00000, 0x00000000ff11b620, 0x00000000ff160000)
  from space 640K,   1% used [0x00000000ff200000, 0x00000000ff202040, 0x00000000ff2a0000)
  to   space 640K,   0% used [0x00000000ff160000, 0x00000000ff160000, 0x00000000ff200000)
 concurrent mark-sweep generation total 13696K, used 6323K [0x00000000ff2a0000, 0x0000000100000000, 0x0000000100000000)
 Metaspace       used 5078K, capacity 5258K, committed 5504K, reserved 1056768K
  class space    used 557K, capacity 597K, committed 640K, reserved 1048576K
2024-07-16T17:10:19.222+0800: 5.891: [GC (Allocation Failure) 2024-07-16T17:10:19.222+0800: 5.891: [ParNew: 5237K->6K(6144K), 0.0012817 secs] 11560K->7355K(19840K), 0.0013859 secs] [Times: user=0.00 sys=0.00, real=0.00 secs] 
Heap after GC invocations=748 (full 88):
 par new generation   total 6144K, used 6K [0x00000000fec00000, 0x00000000ff2a0000, 0x00000000ff2a0000)
  eden space 5504K,   0% used [0x00000000fec00000, 0x00000000fec00000, 0x00000000ff160000)
  from space 640K,   0% used [0x00000000ff160000, 0x00000000ff161830, 0x00000000ff200000)
  to   space 640K,   0% used [0x00000000ff200000, 0x00000000ff200000, 0x00000000ff2a0000)
 concurrent mark-sweep generation total 13696K, used 7349K [0x00000000ff2a0000, 0x0000000100000000, 0x0000000100000000)
 Metaspace       used 5078K, capacity 5258K, committed 5504K, reserved 1056768K
  class space    used 557K, capacity 597K, committed 640K, reserved 1048576K
}
{Heap before GC invocations=748 (full 88):
 par new generation   total 6144K, used 5235K [0x00000000fec00000, 0x00000000ff2a0000, 0x00000000ff2a0000)
  eden space 5504K,  95% used [0x00000000fec00000, 0x00000000ff11b698, 0x00000000ff160000)
  from space 640K,   0% used [0x00000000ff160000, 0x00000000ff161830, 0x00000000ff200000)
  to   space 640K,   0% used [0x00000000ff200000, 0x00000000ff200000, 0x00000000ff2a0000)
 concurrent mark-sweep generation total 13696K, used 7349K [0x00000000ff2a0000, 0x0000000100000000, 0x0000000100000000)
 Metaspace       used 5078K, capacity 5258K, committed 5504K, reserved 1056768K
  class space    used 557K, capacity 597K, committed 640K, reserved 1048576K
2024-07-16T17:10:19.229+0800: 5.898: [GC (Allocation Failure) 2024-07-16T17:10:19.229+0800: 5.898: [ParNew: 5235K->6K(6144K), 0.0010749 secs] 12584K->8381K(19840K), 0.0011591 secs] [Times: user=0.00 sys=0.00, real=0.00 secs] 
Heap after GC invocations=749 (full 88):
 par new generation   total 6144K, used 6K [0x00000000fec00000, 0x00000000ff2a0000, 0x00000000ff2a0000)
  eden space 5504K,   0% used [0x00000000fec00000, 0x00000000fec00000, 0x00000000ff160000)
  from space 640K,   0% used [0x00000000ff200000, 0x00000000ff201830, 0x00000000ff2a0000)
  to   space 640K,   0% used [0x00000000ff160000, 0x00000000ff160000, 0x00000000ff200000)
 concurrent mark-sweep generation total 13696K, used 8375K [0x00000000ff2a0000, 0x0000000100000000, 0x0000000100000000)
 Metaspace       used 5078K, capacity 5258K, committed 5504K, reserved 1056768K
  class space    used 557K, capacity 597K, committed 640K, reserved 1048576K
}
{Heap before GC invocations=749 (full 88):
 par new generation   total 6144K, used 5235K [0x00000000fec00000, 0x00000000ff2a0000, 0x00000000ff2a0000)
  eden space 5504K,  95% used [0x00000000fec00000, 0x00000000ff11b6e8, 0x00000000ff160000)
  from space 640K,   0% used [0x00000000ff200000, 0x00000000ff201830, 0x00000000ff2a0000)
  to   space 640K,   0% used [0x00000000ff160000, 0x00000000ff160000, 0x00000000ff200000)
 concurrent mark-sweep generation total 13696K, used 8375K [0x00000000ff2a0000, 0x0000000100000000, 0x0000000100000000)
 Metaspace       used 5078K, capacity 5258K, committed 5504K, reserved 1056768K
  class space    used 557K, capacity 597K, committed 640K, reserved 1048576K
2024-07-16T17:10:19.237+0800: 5.906: [GC (Allocation Failure) 2024-07-16T17:10:19.237+0800: 5.906: [ParNew: 5235K->4K(6144K), 0.0010778 secs] 13610K->8379K(19840K), 0.0011813 secs] [Times: user=0.00 sys=0.00, real=0.00 secs] 
Heap after GC invocations=750 (full 88):
 par new generation   total 6144K, used 4K [0x00000000fec00000, 0x00000000ff2a0000, 0x00000000ff2a0000)
  eden space 5504K,   0% used [0x00000000fec00000, 0x00000000fec00000, 0x00000000ff160000)
  from space 640K,   0% used [0x00000000ff160000, 0x00000000ff161020, 0x00000000ff200000)
  to   space 640K,   0% used [0x00000000ff200000, 0x00000000ff200000, 0x00000000ff2a0000)
 concurrent mark-sweep generation total 13696K, used 8375K [0x00000000ff2a0000, 0x0000000100000000, 0x0000000100000000)
 Metaspace       used 5078K, capacity 5258K, committed 5504K, reserved 1056768K
  class space    used 557K, capacity 597K, committed 640K, reserved 1048576K
}
{Heap before GC invocations=750 (full 88):
 par new generation   total 6144K, used 5233K [0x00000000fec00000, 0x00000000ff2a0000, 0x00000000ff2a0000)
  eden space 5504K,  95% used [0x00000000fec00000, 0x00000000ff11b720, 0x00000000ff160000)
  from space 640K,   0% used [0x00000000ff160000, 0x00000000ff161020, 0x00000000ff200000)
  to   space 640K,   0% used [0x00000000ff200000, 0x00000000ff200000, 0x00000000ff2a0000)
 concurrent mark-sweep generation total 13696K, used 8375K [0x00000000ff2a0000, 0x0000000100000000, 0x0000000100000000)
 Metaspace       used 5078K, capacity 5258K, committed 5504K, reserved 1056768K
  class space    used 557K, capacity 597K, committed 640K, reserved 1048576K
2024-07-16T17:10:19.244+0800: 5.913: [GC (Allocation Failure) 2024-07-16T17:10:19.244+0800: 5.913: [ParNew: 5233K->10K(6144K), 0.0013130 secs] 13609K->9409K(19840K), 0.0014043 secs] [Times: user=0.00 sys=0.00, real=0.00 secs] 
Heap after GC invocations=751 (full 88):
 par new generation   total 6144K, used 10K [0x00000000fec00000, 0x00000000ff2a0000, 0x00000000ff2a0000)
  eden space 5504K,   0% used [0x00000000fec00000, 0x00000000fec00000, 0x00000000ff160000)
  from space 640K,   1% used [0x00000000ff200000, 0x00000000ff202850, 0x00000000ff2a0000)
  to   space 640K,   0% used [0x00000000ff160000, 0x00000000ff160000, 0x00000000ff200000)
 concurrent mark-sweep generation total 13696K, used 9399K [0x00000000ff2a0000, 0x0000000100000000, 0x0000000100000000)
 Metaspace       used 5078K, capacity 5258K, committed 5504K, reserved 1056768K
  class space    used 557K, capacity 597K, committed 640K, reserved 1048576K
}
{Heap before GC invocations=751 (full 88):
 par new generation   total 6144K, used 5239K [0x00000000fec00000, 0x00000000ff2a0000, 0x00000000ff2a0000)
  eden space 5504K,  95% used [0x00000000fec00000, 0x00000000ff11b740, 0x00000000ff160000)
  from space 640K,   1% used [0x00000000ff200000, 0x00000000ff202850, 0x00000000ff2a0000)
  to   space 640K,   0% used [0x00000000ff160000, 0x00000000ff160000, 0x00000000ff200000)
 concurrent mark-sweep generation total 13696K, used 9399K [0x00000000ff2a0000, 0x0000000100000000, 0x0000000100000000)
 Metaspace       used 5078K, capacity 5258K, committed 5504K, reserved 1056768K
  class space    used 557K, capacity 597K, committed 640K, reserved 1048576K
2024-07-16T17:10:19.252+0800: 5.921: [GC (Allocation Failure) 2024-07-16T17:10:19.252+0800: 5.921: [ParNew: 5239K->4K(6144K), 0.0011399 secs] 14639K->9403K(19840K), 0.0012013 secs] [Times: user=0.00 sys=0.00, real=0.00 secs] 
Heap after GC invocations=752 (full 88):
 par new generation   total 6144K, used 4K [0x00000000fec00000, 0x00000000ff2a0000, 0x00000000ff2a0000)
  eden space 5504K,   0% used [0x00000000fec00000, 0x00000000fec00000, 0x00000000ff160000)
  from space 640K,   0% used [0x00000000ff160000, 0x00000000ff161020, 0x00000000ff200000)
  to   space 640K,   0% used [0x00000000ff200000, 0x00000000ff200000, 0x00000000ff2a0000)
 concurrent mark-sweep generation total 13696K, used 9399K [0x00000000ff2a0000, 0x0000000100000000, 0x0000000100000000)
 Metaspace       used 5078K, capacity 5258K, committed 5504K, reserved 1056768K
  class space    used 557K, capacity 597K, committed 640K, reserved 1048576K
}
{Heap before GC invocations=752 (full 88):
 par new generation   total 6144K, used 5233K [0x00000000fec00000, 0x00000000ff2a0000, 0x00000000ff2a0000)
  eden space 5504K,  95% used [0x00000000fec00000, 0x00000000ff11b758, 0x00000000ff160000)
  from space 640K,   0% used [0x00000000ff160000, 0x00000000ff161020, 0x00000000ff200000)
  to   space 640K,   0% used [0x00000000ff200000, 0x00000000ff200000, 0x00000000ff2a0000)
 concurrent mark-sweep generation total 13696K, used 9399K [0x00000000ff2a0000, 0x0000000100000000, 0x0000000100000000)
 Metaspace       used 5078K, capacity 5258K, committed 5504K, reserved 1056768K
  class space    used 557K, capacity 597K, committed 640K, reserved 1048576K
2024-07-16T17:10:19.262+0800: 5.931: [GC (Allocation Failure) 2024-07-16T17:10:19.262+0800: 5.931: [ParNew: 5233K->6K(6144K), 0.0013778 secs] 14633K->10431K(19840K), 0.0014781 secs] [Times: user=0.00 sys=0.00, real=0.00 secs] 
Heap after GC invocations=753 (full 88):
 par new generation   total 6144K, used 6K [0x00000000fec00000, 0x00000000ff2a0000, 0x00000000ff2a0000)
  eden space 5504K,   0% used [0x00000000fec00000, 0x00000000fec00000, 0x00000000ff160000)
  from space 640K,   0% used [0x00000000ff200000, 0x00000000ff201830, 0x00000000ff2a0000)
  to   space 640K,   0% used [0x00000000ff160000, 0x00000000ff160000, 0x00000000ff200000)
 concurrent mark-sweep generation total 13696K, used 10425K [0x00000000ff2a0000, 0x0000000100000000, 0x0000000100000000)
 Metaspace       used 5078K, capacity 5258K, committed 5504K, reserved 1056768K
  class space    used 557K, capacity 597K, committed 640K, reserved 1048576K
}
{Heap before GC invocations=753 (full 88):
 par new generation   total 6144K, used 5235K [0x00000000fec00000, 0x00000000ff2a0000, 0x00000000ff2a0000)
  eden space 5504K,  95% used [0x00000000fec00000, 0x00000000ff11b760, 0x00000000ff160000)
  from space 640K,   0% used [0x00000000ff200000, 0x00000000ff201830, 0x00000000ff2a0000)
  to   space 640K,   0% used [0x00000000ff160000, 0x00000000ff160000, 0x00000000ff200000)
 concurrent mark-sweep generation total 13696K, used 10425K [0x00000000ff2a0000, 0x0000000100000000, 0x0000000100000000)
 Metaspace       used 5078K, capacity 5258K, committed 5504K, reserved 1056768K
  class space    used 557K, capacity 597K, committed 640K, reserved 1048576K
2024-07-16T17:10:19.271+0800: 5.940: [GC (Allocation Failure) 2024-07-16T17:10:19.271+0800: 5.940: [ParNew: 5235K->6K(6144K), 0.0010741 secs] 15661K->11457K(19840K), 0.0011635 secs] [Times: user=0.00 sys=0.00, real=0.00 secs] 
Heap after GC invocations=754 (full 88):
 par new generation   total 6144K, used 6K [0x00000000fec00000, 0x00000000ff2a0000, 0x00000000ff2a0000)
  eden space 5504K,   0% used [0x00000000fec00000, 0x00000000fec00000, 0x00000000ff160000)
  from space 640K,   0% used [0x00000000ff160000, 0x00000000ff161830, 0x00000000ff200000)
  to   space 640K,   0% used [0x00000000ff200000, 0x00000000ff200000, 0x00000000ff2a0000)
 concurrent mark-sweep generation total 13696K, used 11451K [0x00000000ff2a0000, 0x0000000100000000, 0x0000000100000000)
 Metaspace       used 5078K, capacity 5258K, committed 5504K, reserved 1056768K
  class space    used 557K, capacity 597K, committed 640K, reserved 1048576K
}
{Heap before GC invocations=754 (full 88):
 par new generation   total 6144K, used 5235K [0x00000000fec00000, 0x00000000ff2a0000, 0x00000000ff2a0000)
  eden space 5504K,  95% used [0x00000000fec00000, 0x00000000ff11b770, 0x00000000ff160000)
  from space 640K,   0% used [0x00000000ff160000, 0x00000000ff161830, 0x00000000ff200000)
  to   space 640K,   0% used [0x00000000ff200000, 0x00000000ff200000, 0x00000000ff2a0000)
 concurrent mark-sweep generation total 13696K, used 11451K [0x00000000ff2a0000, 0x0000000100000000, 0x0000000100000000)
 Metaspace       used 5078K, capacity 5258K, committed 5504K, reserved 1056768K
  class space    used 557K, capacity 597K, committed 640K, reserved 1048576K
2024-07-16T17:10:19.278+0800: 5.947: [GC (Allocation Failure) 2024-07-16T17:10:19.278+0800: 5.947: [ParNew: 5235K->6K(6144K), 0.0014769 secs] 16687K->12483K(19840K), 0.0015620 secs] [Times: user=0.00 sys=0.00, real=0.00 secs] 
Heap after GC invocations=755 (full 88):
 par new generation   total 6144K, used 6K [0x00000000fec00000, 0x00000000ff2a0000, 0x00000000ff2a0000)
  eden space 5504K,   0% used [0x00000000fec00000, 0x00000000fec00000, 0x00000000ff160000)
  from space 640K,   0% used [0x00000000ff200000, 0x00000000ff201830, 0x00000000ff2a0000)
  to   space 640K,   0% used [0x00000000ff160000, 0x00000000ff160000, 0x00000000ff200000)
 concurrent mark-sweep generation total 13696K, used 12477K [0x00000000ff2a0000, 0x0000000100000000, 0x0000000100000000)
 Metaspace       used 5078K, capacity 5258K, committed 5504K, reserved 1056768K
  class space    used 557K, capacity 597K, committed 640K, reserved 1048576K
}
{Heap before GC invocations=755 (full 88):
 par new generation   total 6144K, used 5235K [0x00000000fec00000, 0x00000000ff2a0000, 0x00000000ff2a0000)
  eden space 5504K,  95% used [0x00000000fec00000, 0x00000000ff11b770, 0x00000000ff160000)
  from space 640K,   0% used [0x00000000ff200000, 0x00000000ff201830, 0x00000000ff2a0000)
  to   space 640K,   0% used [0x00000000ff160000, 0x00000000ff160000, 0x00000000ff200000)
 concurrent mark-sweep generation total 13696K, used 12477K [0x00000000ff2a0000, 0x0000000100000000, 0x0000000100000000)
 Metaspace       used 5078K, capacity 5258K, committed 5504K, reserved 1056768K
  class space    used 557K, capacity 597K, committed 640K, reserved 1048576K
2024-07-16T17:10:19.287+0800: 5.956: [GC (Allocation Failure) 2024-07-16T17:10:19.287+0800: 5.956: [ParNew: 5235K->5235K(6144K), 0.0000315 secs]2024-07-16T17:10:19.287+0800: 5.956: [CMS2024-07-16T17:10:19.287+0800: 5.956: [CMS-concurrent-abortable-preclean: 0.001/0.079 secs] [Times: user=0.00 sys=0.00, real=0.08 secs] 
 (concurrent mode failure): 12477K->2220K(13696K), 0.0066051 secs] 17713K->2220K(19840K), [Metaspace: 5078K->5078K(1056768K)], 0.0067372 secs] [Times: user=0.00 sys=0.00, real=0.01 secs] 
Heap after GC invocations=756 (full 89):
 par new generation   total 6144K, used 0K [0x00000000fec00000, 0x00000000ff2a0000, 0x00000000ff2a0000)
  eden space 5504K,   0% used [0x00000000fec00000, 0x00000000fec00000, 0x00000000ff160000)
  from space 640K,   0% used [0x00000000ff200000, 0x00000000ff200000, 0x00000000ff2a0000)
  to   space 640K,   0% used [0x00000000ff160000, 0x00000000ff160000, 0x00000000ff200000)
 concurrent mark-sweep generation total 13696K, used 2220K [0x00000000ff2a0000, 0x0000000100000000, 0x0000000100000000)
 Metaspace       used 5078K, capacity 5258K, committed 5504K, reserved 1056768K
  class space    used 557K, capacity 597K, committed 640K, reserved 1048576K
}
{Heap before GC invocations=756 (full 89):
 par new generation   total 6144K, used 5229K [0x00000000fec00000, 0x00000000ff2a0000, 0x00000000ff2a0000)
  eden space 5504K,  95% used [0x00000000fec00000, 0x00000000ff11b778, 0x00000000ff160000)
  from space 640K,   0% used [0x00000000ff200000, 0x00000000ff200000, 0x00000000ff2a0000)
  to   space 640K,   0% used [0x00000000ff160000, 0x00000000ff160000, 0x00000000ff200000)
 concurrent mark-sweep generation total 13696K, used 2220K [0x00000000ff2a0000, 0x0000000100000000, 0x0000000100000000)
 Metaspace       used 5078K, capacity 5258K, committed 5504K, reserved 1056768K
  class space    used 557K, capacity 597K, committed 640K, reserved 1048576K
2024-07-16T17:10:19.301+0800: 5.970: [GC (Allocation Failure) 2024-07-16T17:10:19.301+0800: 5.970: [ParNew: 5229K->8K(6144K), 0.0007104 secs] 7450K->3255K(19840K), 0.0008078 secs] [Times: user=0.00 sys=0.00, real=0.00 secs] 
Heap after GC invocations=757 (full 89):
 par new generation   total 6144K, used 8K [0x00000000fec00000, 0x00000000ff2a0000, 0x00000000ff2a0000)
  eden space 5504K,   0% used [0x00000000fec00000, 0x00000000fec00000, 0x00000000ff160000)
  from space 640K,   1% used [0x00000000ff160000, 0x00000000ff162040, 0x00000000ff200000)
  to   space 640K,   0% used [0x00000000ff200000, 0x00000000ff200000, 0x00000000ff2a0000)
 concurrent mark-sweep generation total 13696K, used 3246K [0x00000000ff2a0000, 0x0000000100000000, 0x0000000100000000)
 Metaspace       used 5078K, capacity 5258K, committed 5504K, reserved 1056768K
  class space    used 557K, capacity 597K, committed 640K, reserved 1048576K
}
{Heap before GC invocations=757 (full 89):
 par new generation   total 6144K, used 5237K [0x00000000fec00000, 0x00000000ff2a0000, 0x00000000ff2a0000)
  eden space 5504K,  95% used [0x00000000fec00000, 0x00000000ff11b778, 0x00000000ff160000)
  from space 640K,   1% used [0x00000000ff160000, 0x00000000ff162040, 0x00000000ff200000)
  to   space 640K,   0% used [0x00000000ff200000, 0x00000000ff200000, 0x00000000ff2a0000)
 concurrent mark-sweep generation total 13696K, used 3246K [0x00000000ff2a0000, 0x0000000100000000, 0x0000000100000000)
 Metaspace       used 5078K, capacity 5258K, committed 5504K, reserved 1056768K
  class space    used 557K, capacity 597K, committed 640K, reserved 1048576K
2024-07-16T17:10:19.309+0800: 5.978: [GC (Allocation Failure) 2024-07-16T17:10:19.309+0800: 5.978: [ParNew: 5237K->4K(6144K), 0.0003765 secs] 8484K->3250K(19840K), 0.0004319 secs] [Times: user=0.00 sys=0.00, real=0.00 secs] 
Heap after GC invocations=758 (full 89):
 par new generation   total 6144K, used 4K [0x00000000fec00000, 0x00000000ff2a0000, 0x00000000ff2a0000)
  eden space 5504K,   0% used [0x00000000fec00000, 0x00000000fec00000, 0x00000000ff160000)
  from space 640K,   0% used [0x00000000ff200000, 0x00000000ff201020, 0x00000000ff2a0000)
  to   space 640K,   0% used [0x00000000ff160000, 0x00000000ff160000, 0x00000000ff200000)
 concurrent mark-sweep generation total 13696K, used 3246K [0x00000000ff2a0000, 0x0000000100000000, 0x0000000100000000)
 Metaspace       used 5078K, capacity 5258K, committed 5504K, reserved 1056768K
  class space    used 557K, capacity 597K, committed 640K, reserved 1048576K
}
{Heap before GC invocations=758 (full 89):
 par new generation   total 6144K, used 5233K [0x00000000fec00000, 0x00000000ff2a0000, 0x00000000ff2a0000)
  eden space 5504K,  95% used [0x00000000fec00000, 0x00000000ff11b778, 0x00000000ff160000)
  from space 640K,   0% used [0x00000000ff200000, 0x00000000ff201020, 0x00000000ff2a0000)
  to   space 640K,   0% used [0x00000000ff160000, 0x00000000ff160000, 0x00000000ff200000)
 concurrent mark-sweep generation total 13696K, used 3246K [0x00000000ff2a0000, 0x0000000100000000, 0x0000000100000000)
 Metaspace       used 5078K, capacity 5258K, committed 5504K, reserved 1056768K
  class space    used 557K, capacity 597K, committed 640K, reserved 1048576K
2024-07-16T17:10:19.316+0800: 5.985: [GC (Allocation Failure) 2024-07-16T17:10:19.316+0800: 5.985: [ParNew: 5233K->8K(6144K), 0.0004042 secs] 8480K->4279K(19840K), 0.0004490 secs] [Times: user=0.00 sys=0.00, real=0.00 secs] 
Heap after GC invocations=759 (full 89):
 par new generation   total 6144K, used 8K [0x00000000fec00000, 0x00000000ff2a0000, 0x00000000ff2a0000)
  eden space 5504K,   0% used [0x00000000fec00000, 0x00000000fec00000, 0x00000000ff160000)
  from space 640K,   1% used [0x00000000ff160000, 0x00000000ff162040, 0x00000000ff200000)
  to   space 640K,   0% used [0x00000000ff200000, 0x00000000ff200000, 0x00000000ff2a0000)
 concurrent mark-sweep generation total 13696K, used 4270K [0x00000000ff2a0000, 0x0000000100000000, 0x0000000100000000)
 Metaspace       used 5078K, capacity 5258K, committed 5504K, reserved 1056768K
  class space    used 557K, capacity 597K, committed 640K, reserved 1048576K
}
{Heap before GC invocations=759 (full 89):
 par new generation   total 6144K, used 5237K [0x00000000fec00000, 0x00000000ff2a0000, 0x00000000ff2a0000)
  eden space 5504K,  95% used [0x00000000fec00000, 0x00000000ff11b778, 0x00000000ff160000)
  from space 640K,   1% used [0x00000000ff160000, 0x00000000ff162040, 0x00000000ff200000)
  to   space 640K,   0% used [0x00000000ff200000, 0x00000000ff200000, 0x00000000ff2a0000)
 concurrent mark-sweep generation total 13696K, used 4270K [0x00000000ff2a0000, 0x0000000100000000, 0x0000000100000000)
 Metaspace       used 5078K, capacity 5258K, committed 5504K, reserved 1056768K
  class space    used 557K, capacity 597K, committed 640K, reserved 1048576K
2024-07-16T17:10:19.323+0800: 5.992: [GC (Allocation Failure) 2024-07-16T17:10:19.323+0800: 5.992: [ParNew: 5237K->8K(6144K), 0.0003715 secs] 9508K->5305K(19840K), 0.0004148 secs] [Times: user=0.00 sys=0.00, real=0.00 secs] 
Heap after GC invocations=760 (full 89):
 par new generation   total 6144K, used 8K [0x00000000fec00000, 0x00000000ff2a0000, 0x00000000ff2a0000)
  eden space 5504K,   0% used [0x00000000fec00000, 0x00000000fec00000, 0x00000000ff160000)
  from space 640K,   1% used [0x00000000ff200000, 0x00000000ff202040, 0x00000000ff2a0000)
  to   space 640K,   0% used [0x00000000ff160000, 0x00000000ff160000, 0x00000000ff200000)
 concurrent mark-sweep generation total 13696K, used 5297K [0x00000000ff2a0000, 0x0000000100000000, 0x0000000100000000)
 Metaspace       used 5078K, capacity 5258K, committed 5504K, reserved 1056768K
  class space    used 557K, capacity 597K, committed 640K, reserved 1048576K
}
2024-07-16T17:10:19.323+0800: 5.993: [GC (CMS Initial Mark) [1 CMS-initial-mark: 5297K(13696K)] 6329K(19840K), 0.0001804 secs] [Times: user=0.00 sys=0.00, real=0.00 secs] 
2024-07-16T17:10:19.323+0800: 5.993: [CMS-concurrent-mark-start]
2024-07-16T17:10:19.325+0800: 5.994: [CMS-concurrent-mark: 0.001/0.001 secs] [Times: user=0.00 sys=0.00, real=0.00 secs] 
2024-07-16T17:10:19.325+0800: 5.994: [CMS-concurrent-preclean-start]
2024-07-16T17:10:19.325+0800: 5.994: [CMS-concurrent-preclean: 0.000/0.000 secs] [Times: user=0.00 sys=0.00, real=0.00 secs] 
2024-07-16T17:10:19.325+0800: 5.994: [CMS-concurrent-abortable-preclean-start]
{Heap before GC invocations=760 (full 90):
 par new generation   total 6144K, used 5237K [0x00000000fec00000, 0x00000000ff2a0000, 0x00000000ff2a0000)
  eden space 5504K,  95% used [0x00000000fec00000, 0x00000000ff11b778, 0x00000000ff160000)
  from space 640K,   1% used [0x00000000ff200000, 0x00000000ff202040, 0x00000000ff2a0000)
  to   space 640K,   0% used [0x00000000ff160000, 0x00000000ff160000, 0x00000000ff200000)
 concurrent mark-sweep generation total 13696K, used 5297K [0x00000000ff2a0000, 0x0000000100000000, 0x0000000100000000)
 Metaspace       used 5078K, capacity 5258K, committed 5504K, reserved 1056768K
  class space    used 557K, capacity 597K, committed 640K, reserved 1048576K
2024-07-16T17:10:19.331+0800: 6.000: [GC (Allocation Failure) 2024-07-16T17:10:19.331+0800: 6.000: [ParNew: 5237K->8K(6144K), 0.0004925 secs] 10534K->6331K(19840K), 0.0005356 secs] [Times: user=0.00 sys=0.00, real=0.00 secs] 
Heap after GC invocations=761 (full 90):
 par new generation   total 6144K, used 8K [0x00000000fec00000, 0x00000000ff2a0000, 0x00000000ff2a0000)
  eden space 5504K,   0% used [0x00000000fec00000, 0x00000000fec00000, 0x00000000ff160000)
  from space 640K,   1% used [0x00000000ff160000, 0x00000000ff162040, 0x00000000ff200000)
  to   space 640K,   0% used [0x00000000ff200000, 0x00000000ff200000, 0x00000000ff2a0000)
 concurrent mark-sweep generation total 13696K, used 6323K [0x00000000ff2a0000, 0x0000000100000000, 0x0000000100000000)
 Metaspace       used 5078K, capacity 5258K, committed 5504K, reserved 1056768K
  class space    used 557K, capacity 597K, committed 640K, reserved 1048576K
}
{Heap before GC invocations=761 (full 90):
 par new generation   total 6144K, used 5237K [0x00000000fec00000, 0x00000000ff2a0000, 0x00000000ff2a0000)
  eden space 5504K,  95% used [0x00000000fec00000, 0x00000000ff11b778, 0x00000000ff160000)
  from space 640K,   1% used [0x00000000ff160000, 0x00000000ff162040, 0x00000000ff200000)
  to   space 640K,   0% used [0x00000000ff200000, 0x00000000ff200000, 0x00000000ff2a0000)
 concurrent mark-sweep generation total 13696K, used 6323K [0x00000000ff2a0000, 0x0000000100000000, 0x0000000100000000)
 Metaspace       used 5078K, capacity 5258K, committed 5504K, reserved 1056768K
  class space    used 557K, capacity 597K, committed 640K, reserved 1048576K
2024-07-16T17:10:19.338+0800: 6.007: [GC (Allocation Failure) 2024-07-16T17:10:19.338+0800: 6.007: [ParNew: 5237K->6K(6144K), 0.0003611 secs] 11561K->7355K(19840K), 0.0003840 secs] [Times: user=0.00 sys=0.00, real=0.00 secs] 
Heap after GC invocations=762 (full 90):
 par new generation   total 6144K, used 6K [0x00000000fec00000, 0x00000000ff2a0000, 0x00000000ff2a0000)
  eden space 5504K,   0% used [0x00000000fec00000, 0x00000000fec00000, 0x00000000ff160000)
  from space 640K,   0% used [0x00000000ff200000, 0x00000000ff201830, 0x00000000ff2a0000)
  to   space 640K,   0% used [0x00000000ff160000, 0x00000000ff160000, 0x00000000ff200000)
 concurrent mark-sweep generation total 13696K, used 7349K [0x00000000ff2a0000, 0x0000000100000000, 0x0000000100000000)
 Metaspace       used 5078K, capacity 5258K, committed 5504K, reserved 1056768K
  class space    used 557K, capacity 597K, committed 640K, reserved 1048576K
}
{Heap before GC invocations=762 (full 90):
 par new generation   total 6144K, used 5235K [0x00000000fec00000, 0x00000000ff2a0000, 0x00000000ff2a0000)
  eden space 5504K,  95% used [0x00000000fec00000, 0x00000000ff11b778, 0x00000000ff160000)
  from space 640K,   0% used [0x00000000ff200000, 0x00000000ff201830, 0x00000000ff2a0000)
  to   space 640K,   0% used [0x00000000ff160000, 0x00000000ff160000, 0x00000000ff200000)
 concurrent mark-sweep generation total 13696K, used 7349K [0x00000000ff2a0000, 0x0000000100000000, 0x0000000100000000)
 Metaspace       used 5078K, capacity 5258K, committed 5504K, reserved 1056768K
  class space    used 557K, capacity 597K, committed 640K, reserved 1048576K
2024-07-16T17:10:19.344+0800: 6.013: [GC (Allocation Failure) 2024-07-16T17:10:19.344+0800: 6.013: [ParNew: 5235K->8K(6144K), 0.0005476 secs] 12585K->8381K(19840K), 0.0006101 secs] [Times: user=0.00 sys=0.00, real=0.00 secs] 
Heap after GC invocations=763 (full 90):
 par new generation   total 6144K, used 8K [0x00000000fec00000, 0x00000000ff2a0000, 0x00000000ff2a0000)
  eden space 5504K,   0% used [0x00000000fec00000, 0x00000000fec00000, 0x00000000ff160000)
  from space 640K,   1% used [0x00000000ff160000, 0x00000000ff162040, 0x00000000ff200000)
  to   space 640K,   0% used [0x00000000ff200000, 0x00000000ff200000, 0x00000000ff2a0000)
 concurrent mark-sweep generation total 13696K, used 8373K [0x00000000ff2a0000, 0x0000000100000000, 0x0000000100000000)
 Metaspace       used 5078K, capacity 5258K, committed 5504K, reserved 1056768K
  class space    used 557K, capacity 597K, committed 640K, reserved 1048576K
}
{Heap before GC invocations=763 (full 90):
 par new generation   total 6144K, used 5237K [0x00000000fec00000, 0x00000000ff2a0000, 0x00000000ff2a0000)
  eden space 5504K,  95% used [0x00000000fec00000, 0x00000000ff11b778, 0x00000000ff160000)
  from space 640K,   1% used [0x00000000ff160000, 0x00000000ff162040, 0x00000000ff200000)
  to   space 640K,   0% used [0x00000000ff200000, 0x00000000ff200000, 0x00000000ff2a0000)
 concurrent mark-sweep generation total 13696K, used 8373K [0x00000000ff2a0000, 0x0000000100000000, 0x0000000100000000)
 Metaspace       used 5078K, capacity 5258K, committed 5504K, reserved 1056768K
  class space    used 557K, capacity 597K, committed 640K, reserved 1048576K
2024-07-16T17:10:19.350+0800: 6.019: [GC (Allocation Failure) 2024-07-16T17:10:19.350+0800: 6.019: [ParNew: 5237K->8K(6144K), 0.0007398 secs] 13611K->9405K(19840K), 0.0008043 secs] [Times: user=0.00 sys=0.00, real=0.00 secs] 
Heap after GC invocations=764 (full 90):
 par new generation   total 6144K, used 8K [0x00000000fec00000, 0x00000000ff2a0000, 0x00000000ff2a0000)
  eden space 5504K,   0% used [0x00000000fec00000, 0x00000000fec00000, 0x00000000ff160000)
  from space 640K,   1% used [0x00000000ff200000, 0x00000000ff202040, 0x00000000ff2a0000)
  to   space 640K,   0% used [0x00000000ff160000, 0x00000000ff160000, 0x00000000ff200000)
 concurrent mark-sweep generation total 13696K, used 9397K [0x00000000ff2a0000, 0x0000000100000000, 0x0000000100000000)
 Metaspace       used 5078K, capacity 5258K, committed 5504K, reserved 1056768K
  class space    used 557K, capacity 597K, committed 640K, reserved 1048576K
}
{Heap before GC invocations=764 (full 90):
 par new generation   total 6144K, used 5237K [0x00000000fec00000, 0x00000000ff2a0000, 0x00000000ff2a0000)
  eden space 5504K,  95% used [0x00000000fec00000, 0x00000000ff11b780, 0x00000000ff160000)
  from space 640K,   1% used [0x00000000ff200000, 0x00000000ff202040, 0x00000000ff2a0000)
  to   space 640K,   0% used [0x00000000ff160000, 0x00000000ff160000, 0x00000000ff200000)
 concurrent mark-sweep generation total 13696K, used 9397K [0x00000000ff2a0000, 0x0000000100000000, 0x0000000100000000)
 Metaspace       used 5078K, capacity 5258K, committed 5504K, reserved 1056768K
  class space    used 557K, capacity 597K, committed 640K, reserved 1048576K
2024-07-16T17:10:19.357+0800: 6.026: [GC (Allocation Failure) 2024-07-16T17:10:19.357+0800: 6.026: [ParNew: 5237K->8K(6144K), 0.0009498 secs] 14635K->10429K(19840K), 0.0010365 secs] [Times: user=0.00 sys=0.00, real=0.00 secs] 
Heap after GC invocations=765 (full 90):
 par new generation   total 6144K, used 8K [0x00000000fec00000, 0x00000000ff2a0000, 0x00000000ff2a0000)
  eden space 5504K,   0% used [0x00000000fec00000, 0x00000000fec00000, 0x00000000ff160000)
  from space 640K,   1% used [0x00000000ff160000, 0x00000000ff162040, 0x00000000ff200000)
  to   space 640K,   0% used [0x00000000ff200000, 0x00000000ff200000, 0x00000000ff2a0000)
 concurrent mark-sweep generation total 13696K, used 10421K [0x00000000ff2a0000, 0x0000000100000000, 0x0000000100000000)
 Metaspace       used 5078K, capacity 5258K, committed 5504K, reserved 1056768K
  class space    used 557K, capacity 597K, committed 640K, reserved 1048576K
}
{Heap before GC invocations=765 (full 90):
 par new generation   total 6144K, used 5237K [0x00000000fec00000, 0x00000000ff2a0000, 0x00000000ff2a0000)
  eden space 5504K,  95% used [0x00000000fec00000, 0x00000000ff11b780, 0x00000000ff160000)
  from space 640K,   1% used [0x00000000ff160000, 0x00000000ff162040, 0x00000000ff200000)
  to   space 640K,   0% used [0x00000000ff200000, 0x00000000ff200000, 0x00000000ff2a0000)
 concurrent mark-sweep generation total 13696K, used 10421K [0x00000000ff2a0000, 0x0000000100000000, 0x0000000100000000)
 Metaspace       used 5078K, capacity 5258K, committed 5504K, reserved 1056768K
  class space    used 557K, capacity 597K, committed 640K, reserved 1048576K
2024-07-16T17:10:19.365+0800: 6.034: [GC (Allocation Failure) 2024-07-16T17:10:19.365+0800: 6.034: [ParNew: 5237K->8K(6144K), 0.0012604 secs] 15659K->11455K(19840K), 0.0015024 secs] [Times: user=0.00 sys=0.00, real=0.00 secs] 
Heap after GC invocations=766 (full 90):
 par new generation   total 6144K, used 8K [0x00000000fec00000, 0x00000000ff2a0000, 0x00000000ff2a0000)
  eden space 5504K,   0% used [0x00000000fec00000, 0x00000000fec00000, 0x00000000ff160000)
  from space 640K,   1% used [0x00000000ff200000, 0x00000000ff202040, 0x00000000ff2a0000)
  to   space 640K,   0% used [0x00000000ff160000, 0x00000000ff160000, 0x00000000ff200000)
 concurrent mark-sweep generation total 13696K, used 11447K [0x00000000ff2a0000, 0x0000000100000000, 0x0000000100000000)
 Metaspace       used 5078K, capacity 5258K, committed 5504K, reserved 1056768K
  class space    used 557K, capacity 597K, committed 640K, reserved 1048576K
}
{Heap before GC invocations=766 (full 90):
 par new generation   total 6144K, used 5237K [0x00000000fec00000, 0x00000000ff2a0000, 0x00000000ff2a0000)
  eden space 5504K,  95% used [0x00000000fec00000, 0x00000000ff11b780, 0x00000000ff160000)
  from space 640K,   1% used [0x00000000ff200000, 0x00000000ff202040, 0x00000000ff2a0000)
  to   space 640K,   0% used [0x00000000ff160000, 0x00000000ff160000, 0x00000000ff200000)
 concurrent mark-sweep generation total 13696K, used 11447K [0x00000000ff2a0000, 0x0000000100000000, 0x0000000100000000)
 Metaspace       used 5078K, capacity 5258K, committed 5504K, reserved 1056768K
  class space    used 557K, capacity 597K, committed 640K, reserved 1048576K
2024-07-16T17:10:19.373+0800: 6.042: [GC (Allocation Failure) 2024-07-16T17:10:19.373+0800: 6.042: [ParNew: 5237K->4K(6144K), 0.0009668 secs] 16685K->11451K(19840K), 0.0010774 secs] [Times: user=0.00 sys=0.00, real=0.00 secs] 
Heap after GC invocations=767 (full 90):
 par new generation   total 6144K, used 4K [0x00000000fec00000, 0x00000000ff2a0000, 0x00000000ff2a0000)
  eden space 5504K,   0% used [0x00000000fec00000, 0x00000000fec00000, 0x00000000ff160000)
  from space 640K,   0% used [0x00000000ff160000, 0x00000000ff161020, 0x00000000ff200000)
  to   space 640K,   0% used [0x00000000ff200000, 0x00000000ff200000, 0x00000000ff2a0000)
 concurrent mark-sweep generation total 13696K, used 11447K [0x00000000ff2a0000, 0x0000000100000000, 0x0000000100000000)
 Metaspace       used 5078K, capacity 5258K, committed 5504K, reserved 1056768K
  class space    used 557K, capacity 597K, committed 640K, reserved 1048576K
}
{Heap before GC invocations=767 (full 90):
 par new generation   total 6144K, used 5233K [0x00000000fec00000, 0x00000000ff2a0000, 0x00000000ff2a0000)
  eden space 5504K,  95% used [0x00000000fec00000, 0x00000000ff11b780, 0x00000000ff160000)
  from space 640K,   0% used [0x00000000ff160000, 0x00000000ff161020, 0x00000000ff200000)
  to   space 640K,   0% used [0x00000000ff200000, 0x00000000ff200000, 0x00000000ff2a0000)
 concurrent mark-sweep generation total 13696K, used 11447K [0x00000000ff2a0000, 0x0000000100000000, 0x0000000100000000)
 Metaspace       used 5078K, capacity 5258K, committed 5504K, reserved 1056768K
  class space    used 557K, capacity 597K, committed 640K, reserved 1048576K
2024-07-16T17:10:19.381+0800: 6.050: [GC (Allocation Failure) 2024-07-16T17:10:19.381+0800: 6.050: [ParNew: 5233K->6K(6144K), 0.0014352 secs] 16681K->12479K(19840K), 0.0016490 secs] [Times: user=0.00 sys=0.00, real=0.00 secs] 
Heap after GC invocations=768 (full 90):
 par new generation   total 6144K, used 6K [0x00000000fec00000, 0x00000000ff2a0000, 0x00000000ff2a0000)
  eden space 5504K,   0% used [0x00000000fec00000, 0x00000000fec00000, 0x00000000ff160000)
  from space 640K,   0% used [0x00000000ff200000, 0x00000000ff201830, 0x00000000ff2a0000)
  to   space 640K,   0% used [0x00000000ff160000, 0x00000000ff160000, 0x00000000ff200000)
 concurrent mark-sweep generation total 13696K, used 12473K [0x00000000ff2a0000, 0x0000000100000000, 0x0000000100000000)
 Metaspace       used 5078K, capacity 5258K, committed 5504K, reserved 1056768K
  class space    used 557K, capacity 597K, committed 640K, reserved 1048576K
}
{Heap before GC invocations=768 (full 90):
 par new generation   total 6144K, used 5235K [0x00000000fec00000, 0x00000000ff2a0000, 0x00000000ff2a0000)
  eden space 5504K,  95% used [0x00000000fec00000, 0x00000000ff11b780, 0x00000000ff160000)
  from space 640K,   0% used [0x00000000ff200000, 0x00000000ff201830, 0x00000000ff2a0000)
  to   space 640K,   0% used [0x00000000ff160000, 0x00000000ff160000, 0x00000000ff200000)
 concurrent mark-sweep generation total 13696K, used 12473K [0x00000000ff2a0000, 0x0000000100000000, 0x0000000100000000)
 Metaspace       used 5078K, capacity 5258K, committed 5504K, reserved 1056768K
  class space    used 557K, capacity 597K, committed 640K, reserved 1048576K
2024-07-16T17:10:19.391+0800: 6.060: [GC (Allocation Failure) 2024-07-16T17:10:19.391+0800: 6.060: [ParNew: 5235K->8K(6144K), 0.0011867 secs] 17709K->13505K(19840K), 0.0012727 secs] [Times: user=0.00 sys=0.00, real=0.00 secs] 
Heap after GC invocations=769 (full 90):
 par new generation   total 6144K, used 8K [0x00000000fec00000, 0x00000000ff2a0000, 0x00000000ff2a0000)
  eden space 5504K,   0% used [0x00000000fec00000, 0x00000000fec00000, 0x00000000ff160000)
  from space 640K,   1% used [0x00000000ff160000, 0x00000000ff162040, 0x00000000ff200000)
  to   space 640K,   0% used [0x00000000ff200000, 0x00000000ff200000, 0x00000000ff2a0000)
 concurrent mark-sweep generation total 13696K, used 13497K [0x00000000ff2a0000, 0x0000000100000000, 0x0000000100000000)
 Metaspace       used 5078K, capacity 5258K, committed 5504K, reserved 1056768K
  class space    used 557K, capacity 597K, committed 640K, reserved 1048576K
}
2024-07-16T17:10:19.392+0800: 6.062: [CMS-concurrent-abortable-preclean: 0.001/0.067 secs] [Times: user=0.00 sys=0.00, real=0.07 secs] 
2024-07-16T17:10:19.392+0800: 6.062: [GC (CMS Final Remark) [YG occupancy: 1141 K (6144 K)]{Heap before GC invocations=769 (full 90):
 par new generation   total 6144K, used 1141K [0x00000000fec00000, 0x00000000ff2a0000, 0x00000000ff2a0000)
  eden space 5504K,  20% used [0x00000000fec00000, 0x00000000fed1b740, 0x00000000ff160000)
  from space 640K,   1% used [0x00000000ff160000, 0x00000000ff162040, 0x00000000ff200000)
  to   space 640K,   0% used [0x00000000ff200000, 0x00000000ff200000, 0x00000000ff2a0000)
 concurrent mark-sweep generation total 13696K, used 13497K [0x00000000ff2a0000, 0x0000000100000000, 0x0000000100000000)
 Metaspace       used 5078K, capacity 5258K, committed 5504K, reserved 1056768K
  class space    used 557K, capacity 597K, committed 640K, reserved 1048576K
2024-07-16T17:10:19.392+0800: 6.062: [GC (CMS Final Remark) 2024-07-16T17:10:19.392+0800: 6.062: [ParNew: 1141K->1141K(6144K), 0.0000276 secs] 14639K->14639K(19840K), 0.0001534 secs] [Times: user=0.02 sys=0.00, real=0.00 secs] 
Heap after GC invocations=770 (full 90):
 par new generation   total 6144K, used 1141K [0x00000000fec00000, 0x00000000ff2a0000, 0x00000000ff2a0000)
  eden space 5504K,  20% used [0x00000000fec00000, 0x00000000fed1b740, 0x00000000ff160000)
  from space 640K,   1% used [0x00000000ff160000, 0x00000000ff162040, 0x00000000ff200000)
  to   space 640K,   0% used [0x00000000ff200000, 0x00000000ff200000, 0x00000000ff2a0000)
 concurrent mark-sweep generation total 13696K, used 13497K [0x00000000ff2a0000, 0x0000000100000000, 0x0000000100000000)
 Metaspace       used 5078K, capacity 5258K, committed 5504K, reserved 1056768K
  class space    used 557K, capacity 597K, committed 640K, reserved 1048576K
}
2024-07-16T17:10:19.393+0800: 6.062: [Rescan (parallel) , 0.0004837 secs]2024-07-16T17:10:19.393+0800: 6.063: [weak refs processing, 0.0000365 secs]2024-07-16T17:10:19.393+0800: 6.063: [class unloading, 0.0007439 secs]2024-07-16T17:10:19.394+0800: 6.063: [scrub symbol table, 0.0009035 secs]2024-07-16T17:10:19.395+0800: 6.064: [scrub string table, 0.0002535 secs][1 CMS-remark: 13497K(13696K)] 14639K(19840K), 0.0028145 secs] [Times: user=0.02 sys=0.00, real=0.00 secs] 
2024-07-16T17:10:19.395+0800: 6.065: [CMS-concurrent-sweep-start]
2024-07-16T17:10:19.396+0800: 6.065: [CMS-concurrent-sweep: 0.001/0.001 secs] [Times: user=0.00 sys=0.00, real=0.00 secs] 
2024-07-16T17:10:19.396+0800: 6.065: [CMS-concurrent-reset-start]
2024-07-16T17:10:19.396+0800: 6.065: [CMS-concurrent-reset: 0.000/0.000 secs] [Times: user=0.00 sys=0.00, real=0.00 secs] 
{Heap before GC invocations=770 (full 90):
 par new generation   total 6144K, used 5347K [0x00000000fec00000, 0x00000000ff2a0000, 0x00000000ff2a0000)
  eden space 5504K,  97% used [0x00000000fec00000, 0x00000000ff136eb0, 0x00000000ff160000)
  from space 640K,   1% used [0x00000000ff160000, 0x00000000ff162040, 0x00000000ff200000)
  to   space 640K,   0% used [0x00000000ff200000, 0x00000000ff200000, 0x00000000ff2a0000)
 concurrent mark-sweep generation total 13696K, used 9401K [0x00000000ff2a0000, 0x0000000100000000, 0x0000000100000000)
 Metaspace       used 5078K, capacity 5258K, committed 5504K, reserved 1056768K
  class space    used 557K, capacity 597K, committed 640K, reserved 1048576K
2024-07-16T17:10:19.400+0800: 6.069: [GC (Allocation Failure) 2024-07-16T17:10:19.400+0800: 6.069: [ParNew: 5347K->8K(6144K), 0.0013497 secs] 14748K->10435K(19840K), 0.0014196 secs] [Times: user=0.00 sys=0.00, real=0.00 secs] 
Heap after GC invocations=771 (full 90):
 par new generation   total 6144K, used 8K [0x00000000fec00000, 0x00000000ff2a0000, 0x00000000ff2a0000)
  eden space 5504K,   0% used [0x00000000fec00000, 0x00000000fec00000, 0x00000000ff160000)
  from space 640K,   1% used [0x00000000ff200000, 0x00000000ff202040, 0x00000000ff2a0000)
  to   space 640K,   0% used [0x00000000ff160000, 0x00000000ff160000, 0x00000000ff200000)
 concurrent mark-sweep generation total 13696K, used 10427K [0x00000000ff2a0000, 0x0000000100000000, 0x0000000100000000)
 Metaspace       used 5078K, capacity 5258K, committed 5504K, reserved 1056768K
  class space    used 557K, capacity 597K, committed 640K, reserved 1048576K
}
2024-07-16T17:10:19.401+0800: 6.071: [GC (CMS Initial Mark) [1 CMS-initial-mark: 10427K(13696K)] 11461K(19840K), 0.0005103 secs] [Times: user=0.00 sys=0.00, real=0.00 secs] 
2024-07-16T17:10:19.402+0800: 6.071: [CMS-concurrent-mark-start]
2024-07-16T17:10:19.405+0800: 6.075: [CMS-concurrent-mark: 0.003/0.003 secs] [Times: user=0.00 sys=0.00, real=0.00 secs] 
2024-07-16T17:10:19.405+0800: 6.075: [CMS-concurrent-preclean-start]
2024-07-16T17:10:19.405+0800: 6.075: [CMS-concurrent-preclean: 0.000/0.000 secs] [Times: user=0.00 sys=0.00, real=0.00 secs] 
2024-07-16T17:10:19.405+0800: 6.075: [CMS-concurrent-abortable-preclean-start]
{Heap before GC invocations=771 (full 91):
 par new generation   total 6144K, used 5222K [0x00000000fec00000, 0x00000000ff2a0000, 0x00000000ff2a0000)
  eden space 5504K,  94% used [0x00000000fec00000, 0x00000000ff117940, 0x00000000ff160000)
  from space 640K,   1% used [0x00000000ff200000, 0x00000000ff202040, 0x00000000ff2a0000)
  to   space 640K,   0% used [0x00000000ff160000, 0x00000000ff160000, 0x00000000ff200000)
 concurrent mark-sweep generation total 13696K, used 10427K [0x00000000ff2a0000, 0x0000000100000000, 0x0000000100000000)
 Metaspace       used 5078K, capacity 5258K, committed 5504K, reserved 1056768K
  class space    used 557K, capacity 597K, committed 640K, reserved 1048576K
2024-07-16T17:10:19.409+0800: 6.078: [GC (Allocation Failure) 2024-07-16T17:10:19.409+0800: 6.078: [ParNew: 5222K->8K(6144K), 0.0009419 secs] 15649K->11461K(19840K), 0.0010882 secs] [Times: user=0.00 sys=0.00, real=0.00 secs] 
Heap after GC invocations=772 (full 91):
 par new generation   total 6144K, used 8K [0x00000000fec00000, 0x00000000ff2a0000, 0x00000000ff2a0000)
  eden space 5504K,   0% used [0x00000000fec00000, 0x00000000fec00000, 0x00000000ff160000)
  from space 640K,   1% used [0x00000000ff160000, 0x00000000ff162040, 0x00000000ff200000)
  to   space 640K,   0% used [0x00000000ff200000, 0x00000000ff200000, 0x00000000ff2a0000)
 concurrent mark-sweep generation total 13696K, used 11453K [0x00000000ff2a0000, 0x0000000100000000, 0x0000000100000000)
 Metaspace       used 5078K, capacity 5258K, committed 5504K, reserved 1056768K
  class space    used 557K, capacity 597K, committed 640K, reserved 1048576K
}
{Heap before GC invocations=772 (full 91):
 par new generation   total 6144K, used 5228K [0x00000000fec00000, 0x00000000ff2a0000, 0x00000000ff2a0000)
  eden space 5504K,  94% used [0x00000000fec00000, 0x00000000ff119240, 0x00000000ff160000)
  from space 640K,   1% used [0x00000000ff160000, 0x00000000ff162040, 0x00000000ff200000)
  to   space 640K,   0% used [0x00000000ff200000, 0x00000000ff200000, 0x00000000ff2a0000)
 concurrent mark-sweep generation total 13696K, used 11453K [0x00000000ff2a0000, 0x0000000100000000, 0x0000000100000000)
 Metaspace       used 5078K, capacity 5258K, committed 5504K, reserved 1056768K
  class space    used 557K, capacity 597K, committed 640K, reserved 1048576K
2024-07-16T17:10:19.417+0800: 6.086: [GC (Allocation Failure) 2024-07-16T17:10:19.417+0800: 6.086: [ParNew: 5228K->4K(6144K), 0.0002836 secs] 16681K->11457K(19840K), 0.0003159 secs] [Times: user=0.00 sys=0.00, real=0.00 secs] 
Heap after GC invocations=773 (full 91):
 par new generation   total 6144K, used 4K [0x00000000fec00000, 0x00000000ff2a0000, 0x00000000ff2a0000)
  eden space 5504K,   0% used [0x00000000fec00000, 0x00000000fec00000, 0x00000000ff160000)
  from space 640K,   0% used [0x00000000ff200000, 0x00000000ff201020, 0x00000000ff2a0000)
  to   space 640K,   0% used [0x00000000ff160000, 0x00000000ff160000, 0x00000000ff200000)
 concurrent mark-sweep generation total 13696K, used 11453K [0x00000000ff2a0000, 0x0000000100000000, 0x0000000100000000)
 Metaspace       used 5078K, capacity 5258K, committed 5504K, reserved 1056768K
  class space    used 557K, capacity 597K, committed 640K, reserved 1048576K
}
{Heap before GC invocations=773 (full 91):
 par new generation   total 6144K, used 5227K [0x00000000fec00000, 0x00000000ff2a0000, 0x00000000ff2a0000)
  eden space 5504K,  94% used [0x00000000fec00000, 0x00000000ff119f90, 0x00000000ff160000)
  from space 640K,   0% used [0x00000000ff200000, 0x00000000ff201020, 0x00000000ff2a0000)
  to   space 640K,   0% used [0x00000000ff160000, 0x00000000ff160000, 0x00000000ff200000)
 concurrent mark-sweep generation total 13696K, used 11453K [0x00000000ff2a0000, 0x0000000100000000, 0x0000000100000000)
 Metaspace       used 5078K, capacity 5258K, committed 5504K, reserved 1056768K
  class space    used 557K, capacity 597K, committed 640K, reserved 1048576K
2024-07-16T17:10:19.423+0800: 6.092: [GC (Allocation Failure) 2024-07-16T17:10:19.423+0800: 6.092: [ParNew: 5227K->6K(6144K), 0.0003908 secs] 16681K->12485K(19840K), 0.0004217 secs] [Times: user=0.00 sys=0.00, real=0.00 secs] 
Heap after GC invocations=774 (full 91):
 par new generation   total 6144K, used 6K [0x00000000fec00000, 0x00000000ff2a0000, 0x00000000ff2a0000)
  eden space 5504K,   0% used [0x00000000fec00000, 0x00000000fec00000, 0x00000000ff160000)
  from space 640K,   0% used [0x00000000ff160000, 0x00000000ff161830, 0x00000000ff200000)
  to   space 640K,   0% used [0x00000000ff200000, 0x00000000ff200000, 0x00000000ff2a0000)
 concurrent mark-sweep generation total 13696K, used 12479K [0x00000000ff2a0000, 0x0000000100000000, 0x0000000100000000)
 Metaspace       used 5078K, capacity 5258K, committed 5504K, reserved 1056768K
  class space    used 557K, capacity 597K, committed 640K, reserved 1048576K
}
{Heap before GC invocations=774 (full 91):
 par new generation   total 6144K, used 5232K [0x00000000fec00000, 0x00000000ff2a0000, 0x00000000ff2a0000)
  eden space 5504K,  94% used [0x00000000fec00000, 0x00000000ff11a818, 0x00000000ff160000)
  from space 640K,   0% used [0x00000000ff160000, 0x00000000ff161830, 0x00000000ff200000)
  to   space 640K,   0% used [0x00000000ff200000, 0x00000000ff200000, 0x00000000ff2a0000)
 concurrent mark-sweep generation total 13696K, used 12479K [0x00000000ff2a0000, 0x0000000100000000, 0x0000000100000000)
 Metaspace       used 5078K, capacity 5258K, committed 5504K, reserved 1056768K
  class space    used 557K, capacity 597K, committed 640K, reserved 1048576K
2024-07-16T17:10:19.430+0800: 6.099: [GC (Allocation Failure) 2024-07-16T17:10:19.430+0800: 6.099: [ParNew: 5232K->5232K(6144K), 0.0000100 secs]2024-07-16T17:10:19.430+0800: 6.099: [CMS2024-07-16T17:10:19.430+0800: 6.099: [CMS-concurrent-abortable-preclean: 0.000/0.024 secs] [Times: user=0.00 sys=0.00, real=0.03 secs] 
 (concurrent mode failure): 12479K->2220K(13696K), 0.0023433 secs] 17711K->2220K(19840K), [Metaspace: 5078K->5078K(1056768K)], 0.0023945 secs] [Times: user=0.00 sys=0.00, real=0.00 secs] 
Heap after GC invocations=775 (full 92):
 par new generation   total 6144K, used 0K [0x00000000fec00000, 0x00000000ff2a0000, 0x00000000ff2a0000)
  eden space 5504K,   0% used [0x00000000fec00000, 0x00000000fec00000, 0x00000000ff160000)
  from space 640K,   0% used [0x00000000ff160000, 0x00000000ff160000, 0x00000000ff200000)
  to   space 640K,   0% used [0x00000000ff200000, 0x00000000ff200000, 0x00000000ff2a0000)
 concurrent mark-sweep generation total 13696K, used 2220K [0x00000000ff2a0000, 0x0000000100000000, 0x0000000100000000)
 Metaspace       used 5078K, capacity 5258K, committed 5504K, reserved 1056768K
  class space    used 557K, capacity 597K, committed 640K, reserved 1048576K
}
{Heap before GC invocations=775 (full 92):
 par new generation   total 6144K, used 5227K [0x00000000fec00000, 0x00000000ff2a0000, 0x00000000ff2a0000)
  eden space 5504K,  94% used [0x00000000fec00000, 0x00000000ff11ad98, 0x00000000ff160000)
  from space 640K,   0% used [0x00000000ff160000, 0x00000000ff160000, 0x00000000ff200000)
  to   space 640K,   0% used [0x00000000ff200000, 0x00000000ff200000, 0x00000000ff2a0000)
 concurrent mark-sweep generation total 13696K, used 2220K [0x00000000ff2a0000, 0x0000000100000000, 0x0000000100000000)
 Metaspace       used 5078K, capacity 5258K, committed 5504K, reserved 1056768K
  class space    used 557K, capacity 597K, committed 640K, reserved 1048576K
2024-07-16T17:10:19.439+0800: 6.108: [GC (Allocation Failure) 2024-07-16T17:10:19.439+0800: 6.108: [ParNew: 5227K->10K(6144K), 0.0008113 secs] 7448K->4281K(19840K), 0.0008482 secs] [Times: user=0.00 sys=0.00, real=0.00 secs] 
Heap after GC invocations=776 (full 92):
 par new generation   total 6144K, used 10K [0x00000000fec00000, 0x00000000ff2a0000, 0x00000000ff2a0000)
  eden space 5504K,   0% used [0x00000000fec00000, 0x00000000fec00000, 0x00000000ff160000)
  from space 640K,   1% used [0x00000000ff200000, 0x00000000ff202850, 0x00000000ff2a0000)
  to   space 640K,   0% used [0x00000000ff160000, 0x00000000ff160000, 0x00000000ff200000)
 concurrent mark-sweep generation total 13696K, used 4270K [0x00000000ff2a0000, 0x0000000100000000, 0x0000000100000000)
 Metaspace       used 5078K, capacity 5258K, committed 5504K, reserved 1056768K
  class space    used 557K, capacity 597K, committed 640K, reserved 1048576K
}
2024-07-16T17:10:19.440+0800: 6.109: [GC (CMS Initial Mark) [1 CMS-initial-mark: 4270K(13696K)] 5307K(19840K), 0.0001607 secs] [Times: user=0.00 sys=0.00, real=0.00 secs] 
2024-07-16T17:10:19.440+0800: 6.109: [CMS-concurrent-mark-start]
2024-07-16T17:10:19.441+0800: 6.111: [CMS-concurrent-mark: 0.001/0.001 secs] [Times: user=0.00 sys=0.00, real=0.00 secs] 
2024-07-16T17:10:19.441+0800: 6.111: [CMS-concurrent-preclean-start]
2024-07-16T17:10:19.441+0800: 6.111: [CMS-concurrent-preclean: 0.000/0.000 secs] [Times: user=0.00 sys=0.00, real=0.00 secs] 
2024-07-16T17:10:19.441+0800: 6.111: [GC (CMS Final Remark) [YG occupancy: 1142 K (6144 K)]{Heap before GC invocations=776 (full 93):
 par new generation   total 6144K, used 1142K [0x00000000fec00000, 0x00000000ff2a0000, 0x00000000ff2a0000)
  eden space 5504K,  20% used [0x00000000fec00000, 0x00000000fed1b0e0, 0x00000000ff160000)
  from space 640K,   1% used [0x00000000ff200000, 0x00000000ff202850, 0x00000000ff2a0000)
  to   space 640K,   0% used [0x00000000ff160000, 0x00000000ff160000, 0x00000000ff200000)
 concurrent mark-sweep generation total 13696K, used 4270K [0x00000000ff2a0000, 0x0000000100000000, 0x0000000100000000)
 Metaspace       used 5078K, capacity 5258K, committed 5504K, reserved 1056768K
  class space    used 557K, capacity 597K, committed 640K, reserved 1048576K
2024-07-16T17:10:19.441+0800: 6.111: [GC (CMS Final Remark) 2024-07-16T17:10:19.441+0800: 6.111: [ParNew: 1142K->4K(6144K), 0.0002695 secs] 5413K->5299K(19840K), 0.0002897 secs] [Times: user=0.00 sys=0.00, real=0.00 secs] 
Heap after GC invocations=777 (full 93):
 par new generation   total 6144K, used 4K [0x00000000fec00000, 0x00000000ff2a0000, 0x00000000ff2a0000)
  eden space 5504K,   0% used [0x00000000fec00000, 0x00000000fec00000, 0x00000000ff160000)
  from space 640K,   0% used [0x00000000ff160000, 0x00000000ff161020, 0x00000000ff200000)
  to   space 640K,   0% used [0x00000000ff200000, 0x00000000ff200000, 0x00000000ff2a0000)
 concurrent mark-sweep generation total 13696K, used 5294K [0x00000000ff2a0000, 0x0000000100000000, 0x0000000100000000)
 Metaspace       used 5078K, capacity 5258K, committed 5504K, reserved 1056768K
  class space    used 557K, capacity 597K, committed 640K, reserved 1048576K
}
2024-07-16T17:10:19.442+0800: 6.111: [Rescan (parallel) , 0.0001293 secs]2024-07-16T17:10:19.442+0800: 6.111: [weak refs processing, 0.0000074 secs]2024-07-16T17:10:19.442+0800: 6.111: [class unloading, 0.0002802 secs]2024-07-16T17:10:19.442+0800: 6.112: [scrub symbol table, 0.0003073 secs]2024-07-16T17:10:19.442+0800: 6.112: [scrub string table, 0.0000831 secs][1 CMS-remark: 5294K(13696K)] 5299K(19840K), 0.0011713 secs] [Times: user=0.00 sys=0.00, real=0.00 secs] 
2024-07-16T17:10:19.443+0800: 6.112: [CMS-concurrent-sweep-start]
2024-07-16T17:10:19.443+0800: 6.112: [CMS-concurrent-sweep: 0.000/0.000 secs] [Times: user=0.00 sys=0.00, real=0.00 secs] 
2024-07-16T17:10:19.443+0800: 6.112: [CMS-concurrent-reset-start]
2024-07-16T17:10:19.443+0800: 6.112: [CMS-concurrent-reset: 0.000/0.000 secs] [Times: user=0.00 sys=0.00, real=0.00 secs] 
{Heap before GC invocations=777 (full 93):
 par new generation   total 6144K, used 5232K [0x00000000fec00000, 0x00000000ff2a0000, 0x00000000ff2a0000)
  eden space 5504K,  94% used [0x00000000fec00000, 0x00000000ff11b120, 0x00000000ff160000)
  from space 640K,   0% used [0x00000000ff160000, 0x00000000ff161020, 0x00000000ff200000)
  to   space 640K,   0% used [0x00000000ff200000, 0x00000000ff200000, 0x00000000ff2a0000)
 concurrent mark-sweep generation total 13696K, used 2222K [0x00000000ff2a0000, 0x0000000100000000, 0x0000000100000000)
 Metaspace       used 5078K, capacity 5258K, committed 5504K, reserved 1056768K
  class space    used 557K, capacity 597K, committed 640K, reserved 1048576K
2024-07-16T17:10:19.450+0800: 6.119: [GC (Allocation Failure) 2024-07-16T17:10:19.450+0800: 6.119: [ParNew: 5232K->8K(6144K), 0.0004668 secs] 7455K->3256K(19840K), 0.0005727 secs] [Times: user=0.00 sys=0.00, real=0.00 secs] 
Heap after GC invocations=778 (full 93):
 par new generation   total 6144K, used 8K [0x00000000fec00000, 0x00000000ff2a0000, 0x00000000ff2a0000)
  eden space 5504K,   0% used [0x00000000fec00000, 0x00000000fec00000, 0x00000000ff160000)
  from space 640K,   1% used [0x00000000ff200000, 0x00000000ff202040, 0x00000000ff2a0000)
  to   space 640K,   0% used [0x00000000ff160000, 0x00000000ff160000, 0x00000000ff200000)
 concurrent mark-sweep generation total 13696K, used 3248K [0x00000000ff2a0000, 0x0000000100000000, 0x0000000100000000)
 Metaspace       used 5078K, capacity 5258K, committed 5504K, reserved 1056768K
  class space    used 557K, capacity 597K, committed 640K, reserved 1048576K
}
{Heap before GC invocations=778 (full 93):
 par new generation   total 6144K, used 5229K [0x00000000fec00000, 0x00000000ff2a0000, 0x00000000ff2a0000)
  eden space 5504K,  94% used [0x00000000fec00000, 0x00000000ff119530, 0x00000000ff160000)
  from space 640K,   1% used [0x00000000ff200000, 0x00000000ff202040, 0x00000000ff2a0000)
  to   space 640K,   0% used [0x00000000ff160000, 0x00000000ff160000, 0x00000000ff200000)
 concurrent mark-sweep generation total 13696K, used 3248K [0x00000000ff2a0000, 0x0000000100000000, 0x0000000100000000)
 Metaspace       used 5078K, capacity 5258K, committed 5504K, reserved 1056768K
  class space    used 557K, capacity 597K, committed 640K, reserved 1048576K
2024-07-16T17:10:19.457+0800: 6.126: [GC (Allocation Failure) 2024-07-16T17:10:19.457+0800: 6.126: [ParNew: 5229K->4K(6144K), 0.0004506 secs] 8478K->3252K(19840K), 0.0004912 secs] [Times: user=0.00 sys=0.00, real=0.00 secs] 
Heap after GC invocations=779 (full 93):
 par new generation   total 6144K, used 4K [0x00000000fec00000, 0x00000000ff2a0000, 0x00000000ff2a0000)
  eden space 5504K,   0% used [0x00000000fec00000, 0x00000000fec00000, 0x00000000ff160000)
  from space 640K,   0% used [0x00000000ff160000, 0x00000000ff161020, 0x00000000ff200000)
  to   space 640K,   0% used [0x00000000ff200000, 0x00000000ff200000, 0x00000000ff2a0000)
 concurrent mark-sweep generation total 13696K, used 3248K [0x00000000ff2a0000, 0x0000000100000000, 0x0000000100000000)
 Metaspace       used 5078K, capacity 5258K, committed 5504K, reserved 1056768K
  class space    used 557K, capacity 597K, committed 640K, reserved 1048576K
}
{Heap before GC invocations=779 (full 93):
 par new generation   total 6144K, used 5229K [0x00000000fec00000, 0x00000000ff2a0000, 0x00000000ff2a0000)
  eden space 5504K,  94% used [0x00000000fec00000, 0x00000000ff11a468, 0x00000000ff160000)
  from space 640K,   0% used [0x00000000ff160000, 0x00000000ff161020, 0x00000000ff200000)
  to   space 640K,   0% used [0x00000000ff200000, 0x00000000ff200000, 0x00000000ff2a0000)
 concurrent mark-sweep generation total 13696K, used 3248K [0x00000000ff2a0000, 0x0000000100000000, 0x0000000100000000)
 Metaspace       used 5078K, capacity 5258K, committed 5504K, reserved 1056768K
  class space    used 557K, capacity 597K, committed 640K, reserved 1048576K
2024-07-16T17:10:19.463+0800: 6.132: [GC (Allocation Failure) 2024-07-16T17:10:19.463+0800: 6.132: [ParNew: 5229K->10K(6144K), 0.0007892 secs] 8477K->4284K(19840K), 0.0008498 secs] [Times: user=0.00 sys=0.00, real=0.00 secs] 
Heap after GC invocations=780 (full 93):
 par new generation   total 6144K, used 10K [0x00000000fec00000, 0x00000000ff2a0000, 0x00000000ff2a0000)
  eden space 5504K,   0% used [0x00000000fec00000, 0x00000000fec00000, 0x00000000ff160000)
  from space 640K,   1% used [0x00000000ff200000, 0x00000000ff202850, 0x00000000ff2a0000)
  to   space 640K,   0% used [0x00000000ff160000, 0x00000000ff160000, 0x00000000ff200000)
 concurrent mark-sweep generation total 13696K, used 4274K [0x00000000ff2a0000, 0x0000000100000000, 0x0000000100000000)
 Metaspace       used 5078K, capacity 5258K, committed 5504K, reserved 1056768K
  class space    used 557K, capacity 597K, committed 640K, reserved 1048576K
}
{Heap before GC invocations=780 (full 93):
 par new generation   total 6144K, used 5236K [0x00000000fec00000, 0x00000000ff2a0000, 0x00000000ff2a0000)
  eden space 5504K,  94% used [0x00000000fec00000, 0x00000000ff11ab38, 0x00000000ff160000)
  from space 640K,   1% used [0x00000000ff200000, 0x00000000ff202850, 0x00000000ff2a0000)
  to   space 640K,   0% used [0x00000000ff160000, 0x00000000ff160000, 0x00000000ff200000)
 concurrent mark-sweep generation total 13696K, used 4274K [0x00000000ff2a0000, 0x0000000100000000, 0x0000000100000000)
 Metaspace       used 5078K, capacity 5258K, committed 5504K, reserved 1056768K
  class space    used 557K, capacity 597K, committed 640K, reserved 1048576K
2024-07-16T17:10:19.471+0800: 6.140: [GC (Allocation Failure) 2024-07-16T17:10:19.471+0800: 6.140: [ParNew: 5236K->6K(6144K), 0.0011393 secs] 9511K->5306K(19840K), 0.0012401 secs] [Times: user=0.00 sys=0.00, real=0.00 secs] 
Heap after GC invocations=781 (full 93):
 par new generation   total 6144K, used 6K [0x00000000fec00000, 0x00000000ff2a0000, 0x00000000ff2a0000)
  eden space 5504K,   0% used [0x00000000fec00000, 0x00000000fec00000, 0x00000000ff160000)
  from space 640K,   0% used [0x00000000ff160000, 0x00000000ff161830, 0x00000000ff200000)
  to   space 640K,   0% used [0x00000000ff200000, 0x00000000ff200000, 0x00000000ff2a0000)
 concurrent mark-sweep generation total 13696K, used 5300K [0x00000000ff2a0000, 0x0000000100000000, 0x0000000100000000)
 Metaspace       used 5078K, capacity 5258K, committed 5504K, reserved 1056768K
  class space    used 557K, capacity 597K, committed 640K, reserved 1048576K
}
{Heap before GC invocations=781 (full 93):
 par new generation   total 6144K, used 5233K [0x00000000fec00000, 0x00000000ff2a0000, 0x00000000ff2a0000)
  eden space 5504K,  94% used [0x00000000fec00000, 0x00000000ff11af98, 0x00000000ff160000)
  from space 640K,   0% used [0x00000000ff160000, 0x00000000ff161830, 0x00000000ff200000)
  to   space 640K,   0% used [0x00000000ff200000, 0x00000000ff200000, 0x00000000ff2a0000)
 concurrent mark-sweep generation total 13696K, used 5300K [0x00000000ff2a0000, 0x0000000100000000, 0x0000000100000000)
 Metaspace       used 5078K, capacity 5258K, committed 5504K, reserved 1056768K
  class space    used 557K, capacity 597K, committed 640K, reserved 1048576K
2024-07-16T17:10:19.479+0800: 6.148: [GC (Allocation Failure) 2024-07-16T17:10:19.479+0800: 6.148: [ParNew: 5233K->4K(6144K), 0.0010695 secs] 10534K->5304K(19840K), 0.0011652 secs] [Times: user=0.00 sys=0.00, real=0.00 secs] 
Heap after GC invocations=782 (full 93):
 par new generation   total 6144K, used 4K [0x00000000fec00000, 0x00000000ff2a0000, 0x00000000ff2a0000)
  eden space 5504K,   0% used [0x00000000fec00000, 0x00000000fec00000, 0x00000000ff160000)
  from space 640K,   0% used [0x00000000ff200000, 0x00000000ff201020, 0x00000000ff2a0000)
  to   space 640K,   0% used [0x00000000ff160000, 0x00000000ff160000, 0x00000000ff200000)
 concurrent mark-sweep generation total 13696K, used 5300K [0x00000000ff2a0000, 0x0000000100000000, 0x0000000100000000)
 Metaspace       used 5078K, capacity 5258K, committed 5504K, reserved 1056768K
  class space    used 557K, capacity 597K, committed 640K, reserved 1048576K
}
{Heap before GC invocations=782 (full 93):
 par new generation   total 6144K, used 5232K [0x00000000fec00000, 0x00000000ff2a0000, 0x00000000ff2a0000)
  eden space 5504K,  94% used [0x00000000fec00000, 0x00000000ff11b268, 0x00000000ff160000)
  from space 640K,   0% used [0x00000000ff200000, 0x00000000ff201020, 0x00000000ff2a0000)
  to   space 640K,   0% used [0x00000000ff160000, 0x00000000ff160000, 0x00000000ff200000)
 concurrent mark-sweep generation total 13696K, used 5300K [0x00000000ff2a0000, 0x0000000100000000, 0x0000000100000000)
 Metaspace       used 5078K, capacity 5258K, committed 5504K, reserved 1056768K
  class space    used 557K, capacity 597K, committed 640K, reserved 1048576K
2024-07-16T17:10:19.487+0800: 6.156: [GC (Allocation Failure) 2024-07-16T17:10:19.487+0800: 6.156: [ParNew: 5232K->2K(6144K), 0.0011678 secs] 10533K->5302K(19840K), 0.0012763 secs] [Times: user=0.00 sys=0.00, real=0.00 secs] 
Heap after GC invocations=783 (full 93):
 par new generation   total 6144K, used 2K [0x00000000fec00000, 0x00000000ff2a0000, 0x00000000ff2a0000)
  eden space 5504K,   0% used [0x00000000fec00000, 0x00000000fec00000, 0x00000000ff160000)
  from space 640K,   0% used [0x00000000ff160000, 0x00000000ff160810, 0x00000000ff200000)
  to   space 640K,   0% used [0x00000000ff200000, 0x00000000ff200000, 0x00000000ff2a0000)
 concurrent mark-sweep generation total 13696K, used 5300K [0x00000000ff2a0000, 0x0000000100000000, 0x0000000100000000)
 Metaspace       used 5078K, capacity 5258K, committed 5504K, reserved 1056768K
  class space    used 557K, capacity 597K, committed 640K, reserved 1048576K
}
{Heap before GC invocations=783 (full 93):
 par new generation   total 6144K, used 5231K [0x00000000fec00000, 0x00000000ff2a0000, 0x00000000ff2a0000)
  eden space 5504K,  95% used [0x00000000fec00000, 0x00000000ff11b438, 0x00000000ff160000)
  from space 640K,   0% used [0x00000000ff160000, 0x00000000ff160810, 0x00000000ff200000)
  to   space 640K,   0% used [0x00000000ff200000, 0x00000000ff200000, 0x00000000ff2a0000)
 concurrent mark-sweep generation total 13696K, used 5300K [0x00000000ff2a0000, 0x0000000100000000, 0x0000000100000000)
 Metaspace       used 5078K, capacity 5258K, committed 5504K, reserved 1056768K
  class space    used 557K, capacity 597K, committed 640K, reserved 1048576K
2024-07-16T17:10:19.494+0800: 6.163: [GC (Allocation Failure) 2024-07-16T17:10:19.494+0800: 6.163: [ParNew: 5231K->6K(6144K), 0.0013858 secs] 10532K->6333K(19840K), 0.0014657 secs] [Times: user=0.00 sys=0.00, real=0.00 secs] 
Heap after GC invocations=784 (full 93):
 par new generation   total 6144K, used 6K [0x00000000fec00000, 0x00000000ff2a0000, 0x00000000ff2a0000)
  eden space 5504K,   0% used [0x00000000fec00000, 0x00000000fec00000, 0x00000000ff160000)
  from space 640K,   0% used [0x00000000ff200000, 0x00000000ff201830, 0x00000000ff2a0000)
  to   space 640K,   0% used [0x00000000ff160000, 0x00000000ff160000, 0x00000000ff200000)
 concurrent mark-sweep generation total 13696K, used 6327K [0x00000000ff2a0000, 0x0000000100000000, 0x0000000100000000)
 Metaspace       used 5078K, capacity 5258K, committed 5504K, reserved 1056768K
  class space    used 557K, capacity 597K, committed 640K, reserved 1048576K
}
{Heap before GC invocations=784 (full 93):
 par new generation   total 6144K, used 5235K [0x00000000fec00000, 0x00000000ff2a0000, 0x00000000ff2a0000)
  eden space 5504K,  95% used [0x00000000fec00000, 0x00000000ff11b568, 0x00000000ff160000)
  from space 640K,   0% used [0x00000000ff200000, 0x00000000ff201830, 0x00000000ff2a0000)
  to   space 640K,   0% used [0x00000000ff160000, 0x00000000ff160000, 0x00000000ff200000)
 concurrent mark-sweep generation total 13696K, used 6327K [0x00000000ff2a0000, 0x0000000100000000, 0x0000000100000000)
 Metaspace       used 5078K, capacity 5258K, committed 5504K, reserved 1056768K
  class space    used 557K, capacity 597K, committed 640K, reserved 1048576K
2024-07-16T17:10:19.501+0800: 6.170: [GC (Allocation Failure) 2024-07-16T17:10:19.501+0800: 6.170: [ParNew: 5235K->8K(6144K), 0.0011941 secs] 11562K->7361K(19840K), 0.0012809 secs] [Times: user=0.14 sys=0.02, real=0.00 secs] 
Heap after GC invocations=785 (full 93):
 par new generation   total 6144K, used 8K [0x00000000fec00000, 0x00000000ff2a0000, 0x00000000ff2a0000)
  eden space 5504K,   0% used [0x00000000fec00000, 0x00000000fec00000, 0x00000000ff160000)
  from space 640K,   1% used [0x00000000ff160000, 0x00000000ff162040, 0x00000000ff200000)
  to   space 640K,   0% used [0x00000000ff200000, 0x00000000ff200000, 0x00000000ff2a0000)
 concurrent mark-sweep generation total 13696K, used 7353K [0x00000000ff2a0000, 0x0000000100000000, 0x0000000100000000)
 Metaspace       used 5078K, capacity 5258K, committed 5504K, reserved 1056768K
  class space    used 557K, capacity 597K, committed 640K, reserved 1048576K
}
2024-07-16T17:10:19.502+0800: 6.172: [GC (CMS Initial Mark) [1 CMS-initial-mark: 7353K(13696K)] 8387K(19840K), 0.0006301 secs] [Times: user=0.00 sys=0.00, real=0.00 secs] 
2024-07-16T17:10:19.503+0800: 6.173: [CMS-concurrent-mark-start]
2024-07-16T17:10:19.508+0800: 6.178: [CMS-concurrent-mark: 0.005/0.005 secs] [Times: user=0.00 sys=0.00, real=0.00 secs] 
2024-07-16T17:10:19.508+0800: 6.178: [CMS-concurrent-preclean-start]
2024-07-16T17:10:19.508+0800: 6.178: [CMS-concurrent-preclean: 0.000/0.000 secs] [Times: user=0.00 sys=0.00, real=0.00 secs] 
2024-07-16T17:10:19.508+0800: 6.178: [CMS-concurrent-abortable-preclean-start]
{Heap before GC invocations=785 (full 94):
 par new generation   total 6144K, used 5237K [0x00000000fec00000, 0x00000000ff2a0000, 0x00000000ff2a0000)
  eden space 5504K,  95% used [0x00000000fec00000, 0x00000000ff11b620, 0x00000000ff160000)
  from space 640K,   1% used [0x00000000ff160000, 0x00000000ff162040, 0x00000000ff200000)
  to   space 640K,   0% used [0x00000000ff200000, 0x00000000ff200000, 0x00000000ff2a0000)
 concurrent mark-sweep generation total 13696K, used 7353K [0x00000000ff2a0000, 0x0000000100000000, 0x0000000100000000)
 Metaspace       used 5078K, capacity 5258K, committed 5504K, reserved 1056768K
  class space    used 557K, capacity 597K, committed 640K, reserved 1048576K
2024-07-16T17:10:19.511+0800: 6.180: [GC (Allocation Failure) 2024-07-16T17:10:19.511+0800: 6.180: [ParNew: 5237K->4K(6144K), 0.0007390 secs] 12590K->7357K(19840K), 0.0007786 secs] [Times: user=0.00 sys=0.00, real=0.00 secs] 
Heap after GC invocations=786 (full 94):
 par new generation   total 6144K, used 4K [0x00000000fec00000, 0x00000000ff2a0000, 0x00000000ff2a0000)
  eden space 5504K,   0% used [0x00000000fec00000, 0x00000000fec00000, 0x00000000ff160000)
  from space 640K,   0% used [0x00000000ff200000, 0x00000000ff201020, 0x00000000ff2a0000)
  to   space 640K,   0% used [0x00000000ff160000, 0x00000000ff160000, 0x00000000ff200000)
 concurrent mark-sweep generation total 13696K, used 7353K [0x00000000ff2a0000, 0x0000000100000000, 0x0000000100000000)
 Metaspace       used 5078K, capacity 5258K, committed 5504K, reserved 1056768K
  class space    used 557K, capacity 597K, committed 640K, reserved 1048576K
}
{Heap before GC invocations=786 (full 94):
 par new generation   total 6144K, used 5233K [0x00000000fec00000, 0x00000000ff2a0000, 0x00000000ff2a0000)
  eden space 5504K,  95% used [0x00000000fec00000, 0x00000000ff11b6a0, 0x00000000ff160000)
  from space 640K,   0% used [0x00000000ff200000, 0x00000000ff201020, 0x00000000ff2a0000)
  to   space 640K,   0% used [0x00000000ff160000, 0x00000000ff160000, 0x00000000ff200000)
 concurrent mark-sweep generation total 13696K, used 7353K [0x00000000ff2a0000, 0x0000000100000000, 0x0000000100000000)
 Metaspace       used 5078K, capacity 5258K, committed 5504K, reserved 1056768K
  class space    used 557K, capacity 597K, committed 640K, reserved 1048576K
2024-07-16T17:10:19.519+0800: 6.188: [GC (Allocation Failure) 2024-07-16T17:10:19.519+0800: 6.188: [ParNew: 5233K->2K(6144K), 0.0011111 secs] 12586K->7355K(19840K), 0.0012203 secs] [Times: user=0.00 sys=0.00, real=0.00 secs] 
Heap after GC invocations=787 (full 94):
 par new generation   total 6144K, used 2K [0x00000000fec00000, 0x00000000ff2a0000, 0x00000000ff2a0000)
  eden space 5504K,   0% used [0x00000000fec00000, 0x00000000fec00000, 0x00000000ff160000)
  from space 640K,   0% used [0x00000000ff160000, 0x00000000ff160810, 0x00000000ff200000)
  to   space 640K,   0% used [0x00000000ff200000, 0x00000000ff200000, 0x00000000ff2a0000)
 concurrent mark-sweep generation total 13696K, used 7353K [0x00000000ff2a0000, 0x0000000100000000, 0x0000000100000000)
 Metaspace       used 5078K, capacity 5258K, committed 5504K, reserved 1056768K
  class space    used 557K, capacity 597K, committed 640K, reserved 1048576K
}
{Heap before GC invocations=787 (full 94):
 par new generation   total 6144K, used 5231K [0x00000000fec00000, 0x00000000ff2a0000, 0x00000000ff2a0000)
  eden space 5504K,  95% used [0x00000000fec00000, 0x00000000ff11b6f0, 0x00000000ff160000)
  from space 640K,   0% used [0x00000000ff160000, 0x00000000ff160810, 0x00000000ff200000)
  to   space 640K,   0% used [0x00000000ff200000, 0x00000000ff200000, 0x00000000ff2a0000)
 concurrent mark-sweep generation total 13696K, used 7353K [0x00000000ff2a0000, 0x0000000100000000, 0x0000000100000000)
 Metaspace       used 5078K, capacity 5258K, committed 5504K, reserved 1056768K
  class space    used 557K, capacity 597K, committed 640K, reserved 1048576K
2024-07-16T17:10:19.527+0800: 6.196: [GC (Allocation Failure) 2024-07-16T17:10:19.527+0800: 6.196: [ParNew: 5231K->10K(6144K), 0.0014082 secs] 12584K->8389K(19840K), 0.0015491 secs] [Times: user=0.00 sys=0.00, real=0.00 secs] 
Heap after GC invocations=788 (full 94):
 par new generation   total 6144K, used 10K [0x00000000fec00000, 0x00000000ff2a0000, 0x00000000ff2a0000)
  eden space 5504K,   0% used [0x00000000fec00000, 0x00000000fec00000, 0x00000000ff160000)
  from space 640K,   1% used [0x00000000ff200000, 0x00000000ff202850, 0x00000000ff2a0000)
  to   space 640K,   0% used [0x00000000ff160000, 0x00000000ff160000, 0x00000000ff200000)
 concurrent mark-sweep generation total 13696K, used 8379K [0x00000000ff2a0000, 0x0000000100000000, 0x0000000100000000)
 Metaspace       used 5078K, capacity 5258K, committed 5504K, reserved 1056768K
  class space    used 557K, capacity 597K, committed 640K, reserved 1048576K
}
{Heap before GC invocations=788 (full 94):
 par new generation   total 6144K, used 5239K [0x00000000fec00000, 0x00000000ff2a0000, 0x00000000ff2a0000)
  eden space 5504K,  95% used [0x00000000fec00000, 0x00000000ff11b720, 0x00000000ff160000)
  from space 640K,   1% used [0x00000000ff200000, 0x00000000ff202850, 0x00000000ff2a0000)
  to   space 640K,   0% used [0x00000000ff160000, 0x00000000ff160000, 0x00000000ff200000)
 concurrent mark-sweep generation total 13696K, used 8379K [0x00000000ff2a0000, 0x0000000100000000, 0x0000000100000000)
 Metaspace       used 5078K, capacity 5258K, committed 5504K, reserved 1056768K
  class space    used 557K, capacity 597K, committed 640K, reserved 1048576K
2024-07-16T17:10:19.535+0800: 6.204: [GC (Allocation Failure) 2024-07-16T17:10:19.535+0800: 6.204: [ParNew: 5239K->4K(6144K), 0.0010289 secs] 13618K->8383K(19840K), 0.0011322 secs] [Times: user=0.00 sys=0.00, real=0.00 secs] 
Heap after GC invocations=789 (full 94):
 par new generation   total 6144K, used 4K [0x00000000fec00000, 0x00000000ff2a0000, 0x00000000ff2a0000)
  eden space 5504K,   0% used [0x00000000fec00000, 0x00000000fec00000, 0x00000000ff160000)
  from space 640K,   0% used [0x00000000ff160000, 0x00000000ff161020, 0x00000000ff200000)
  to   space 640K,   0% used [0x00000000ff200000, 0x00000000ff200000, 0x00000000ff2a0000)
 concurrent mark-sweep generation total 13696K, used 8379K [0x00000000ff2a0000, 0x0000000100000000, 0x0000000100000000)
 Metaspace       used 5078K, capacity 5258K, committed 5504K, reserved 1056768K
  class space    used 557K, capacity 597K, committed 640K, reserved 1048576K
}
{Heap before GC invocations=789 (full 94):
 par new generation   total 6144K, used 5233K [0x00000000fec00000, 0x00000000ff2a0000, 0x00000000ff2a0000)
  eden space 5504K,  95% used [0x00000000fec00000, 0x00000000ff11b740, 0x00000000ff160000)
  from space 640K,   0% used [0x00000000ff160000, 0x00000000ff161020, 0x00000000ff200000)
  to   space 640K,   0% used [0x00000000ff200000, 0x00000000ff200000, 0x00000000ff2a0000)
 concurrent mark-sweep generation total 13696K, used 8379K [0x00000000ff2a0000, 0x0000000100000000, 0x0000000100000000)
 Metaspace       used 5078K, capacity 5258K, committed 5504K, reserved 1056768K
  class space    used 557K, capacity 597K, committed 640K, reserved 1048576K
2024-07-16T17:10:19.544+0800: 6.213: [GC (Allocation Failure) 2024-07-16T17:10:19.544+0800: 6.213: [ParNew: 5233K->4K(6144K), 0.0010543 secs] 13612K->8383K(19840K), 0.0011625 secs] [Times: user=0.00 sys=0.00, real=0.00 secs] 
Heap after GC invocations=790 (full 94):
 par new generation   total 6144K, used 4K [0x00000000fec00000, 0x00000000ff2a0000, 0x00000000ff2a0000)
  eden space 5504K,   0% used [0x00000000fec00000, 0x00000000fec00000, 0x00000000ff160000)
  from space 640K,   0% used [0x00000000ff200000, 0x00000000ff201020, 0x00000000ff2a0000)
  to   space 640K,   0% used [0x00000000ff160000, 0x00000000ff160000, 0x00000000ff200000)
 concurrent mark-sweep generation total 13696K, used 8379K [0x00000000ff2a0000, 0x0000000100000000, 0x0000000100000000)
 Metaspace       used 5078K, capacity 5258K, committed 5504K, reserved 1056768K
  class space    used 557K, capacity 597K, committed 640K, reserved 1048576K
}
{Heap before GC invocations=790 (full 94):
 par new generation   total 6144K, used 5233K [0x00000000fec00000, 0x00000000ff2a0000, 0x00000000ff2a0000)
  eden space 5504K,  95% used [0x00000000fec00000, 0x00000000ff11b758, 0x00000000ff160000)
  from space 640K,   0% used [0x00000000ff200000, 0x00000000ff201020, 0x00000000ff2a0000)
  to   space 640K,   0% used [0x00000000ff160000, 0x00000000ff160000, 0x00000000ff200000)
 concurrent mark-sweep generation total 13696K, used 8379K [0x00000000ff2a0000, 0x0000000100000000, 0x0000000100000000)
 Metaspace       used 5078K, capacity 5258K, committed 5504K, reserved 1056768K
  class space    used 557K, capacity 597K, committed 640K, reserved 1048576K
2024-07-16T17:10:19.553+0800: 6.222: [GC (Allocation Failure) 2024-07-16T17:10:19.553+0800: 6.222: [ParNew: 5233K->4K(6144K), 0.0010487 secs] 13613K->8383K(19840K), 0.0011403 secs] [Times: user=0.00 sys=0.00, real=0.00 secs] 
Heap after GC invocations=791 (full 94):
 par new generation   total 6144K, used 4K [0x00000000fec00000, 0x00000000ff2a0000, 0x00000000ff2a0000)
  eden space 5504K,   0% used [0x00000000fec00000, 0x00000000fec00000, 0x00000000ff160000)
  from space 640K,   0% used [0x00000000ff160000, 0x00000000ff161020, 0x00000000ff200000)
  to   space 640K,   0% used [0x00000000ff200000, 0x00000000ff200000, 0x00000000ff2a0000)
 concurrent mark-sweep generation total 13696K, used 8379K [0x00000000ff2a0000, 0x0000000100000000, 0x0000000100000000)
 Metaspace       used 5078K, capacity 5258K, committed 5504K, reserved 1056768K
  class space    used 557K, capacity 597K, committed 640K, reserved 1048576K
}
{Heap before GC invocations=791 (full 94):
 par new generation   total 6144K, used 5233K [0x00000000fec00000, 0x00000000ff2a0000, 0x00000000ff2a0000)
  eden space 5504K,  95% used [0x00000000fec00000, 0x00000000ff11b760, 0x00000000ff160000)
  from space 640K,   0% used [0x00000000ff160000, 0x00000000ff161020, 0x00000000ff200000)
  to   space 640K,   0% used [0x00000000ff200000, 0x00000000ff200000, 0x00000000ff2a0000)
 concurrent mark-sweep generation total 13696K, used 8379K [0x00000000ff2a0000, 0x0000000100000000, 0x0000000100000000)
 Metaspace       used 5078K, capacity 5258K, committed 5504K, reserved 1056768K
  class space    used 557K, capacity 597K, committed 640K, reserved 1048576K
2024-07-16T17:10:19.562+0800: 6.231: [GC (Allocation Failure) 2024-07-16T17:10:19.562+0800: 6.231: [ParNew: 5233K->2K(6144K), 0.0012568 secs] 13613K->8381K(19840K), 0.0013403 secs] [Times: user=0.00 sys=0.00, real=0.00 secs] 
Heap after GC invocations=792 (full 94):
 par new generation   total 6144K, used 2K [0x00000000fec00000, 0x00000000ff2a0000, 0x00000000ff2a0000)
  eden space 5504K,   0% used [0x00000000fec00000, 0x00000000fec00000, 0x00000000ff160000)
  from space 640K,   0% used [0x00000000ff200000, 0x00000000ff200810, 0x00000000ff2a0000)
  to   space 640K,   0% used [0x00000000ff160000, 0x00000000ff160000, 0x00000000ff200000)
 concurrent mark-sweep generation total 13696K, used 8379K [0x00000000ff2a0000, 0x0000000100000000, 0x0000000100000000)
 Metaspace       used 5078K, capacity 5258K, committed 5504K, reserved 1056768K
  class space    used 557K, capacity 597K, committed 640K, reserved 1048576K
}
{Heap before GC invocations=792 (full 94):
 par new generation   total 6144K, used 5231K [0x00000000fec00000, 0x00000000ff2a0000, 0x00000000ff2a0000)
  eden space 5504K,  95% used [0x00000000fec00000, 0x00000000ff11b770, 0x00000000ff160000)
  from space 640K,   0% used [0x00000000ff200000, 0x00000000ff200810, 0x00000000ff2a0000)
  to   space 640K,   0% used [0x00000000ff160000, 0x00000000ff160000, 0x00000000ff200000)
 concurrent mark-sweep generation total 13696K, used 8379K [0x00000000ff2a0000, 0x0000000100000000, 0x0000000100000000)
 Metaspace       used 5078K, capacity 5258K, committed 5504K, reserved 1056768K
  class space    used 557K, capacity 597K, committed 640K, reserved 1048576K
2024-07-16T17:10:19.571+0800: 6.240: [GC (Allocation Failure) 2024-07-16T17:10:19.571+0800: 6.240: [ParNew: 5231K->4K(6144K), 0.0003328 secs] 13611K->8383K(19840K), 0.0003817 secs] [Times: user=0.00 sys=0.00, real=0.00 secs] 
Heap after GC invocations=793 (full 94):
 par new generation   total 6144K, used 4K [0x00000000fec00000, 0x00000000ff2a0000, 0x00000000ff2a0000)
  eden space 5504K,   0% used [0x00000000fec00000, 0x00000000fec00000, 0x00000000ff160000)
  from space 640K,   0% used [0x00000000ff160000, 0x00000000ff161020, 0x00000000ff200000)
  to   space 640K,   0% used [0x00000000ff200000, 0x00000000ff200000, 0x00000000ff2a0000)
 concurrent mark-sweep generation total 13696K, used 8379K [0x00000000ff2a0000, 0x0000000100000000, 0x0000000100000000)
 Metaspace       used 5078K, capacity 5258K, committed 5504K, reserved 1056768K
  class space    used 557K, capacity 597K, committed 640K, reserved 1048576K
}
{Heap before GC invocations=793 (full 94):
 par new generation   total 6144K, used 5233K [0x00000000fec00000, 0x00000000ff2a0000, 0x00000000ff2a0000)
  eden space 5504K,  95% used [0x00000000fec00000, 0x00000000ff11b770, 0x00000000ff160000)
  from space 640K,   0% used [0x00000000ff160000, 0x00000000ff161020, 0x00000000ff200000)
  to   space 640K,   0% used [0x00000000ff200000, 0x00000000ff200000, 0x00000000ff2a0000)
 concurrent mark-sweep generation total 13696K, used 8379K [0x00000000ff2a0000, 0x0000000100000000, 0x0000000100000000)
 Metaspace       used 5078K, capacity 5258K, committed 5504K, reserved 1056768K
  class space    used 557K, capacity 597K, committed 640K, reserved 1048576K
2024-07-16T17:10:19.579+0800: 6.248: [GC (Allocation Failure) 2024-07-16T17:10:19.579+0800: 6.248: [ParNew: 5233K->4K(6144K), 0.0013139 secs] 13613K->8383K(19840K), 0.0014582 secs] [Times: user=0.16 sys=0.00, real=0.00 secs] 
Heap after GC invocations=794 (full 94):
 par new generation   total 6144K, used 4K [0x00000000fec00000, 0x00000000ff2a0000, 0x00000000ff2a0000)
  eden space 5504K,   0% used [0x00000000fec00000, 0x00000000fec00000, 0x00000000ff160000)
  from space 640K,   0% used [0x00000000ff200000, 0x00000000ff201020, 0x00000000ff2a0000)
  to   space 640K,   0% used [0x00000000ff160000, 0x00000000ff160000, 0x00000000ff200000)
 concurrent mark-sweep generation total 13696K, used 8379K [0x00000000ff2a0000, 0x0000000100000000, 0x0000000100000000)
 Metaspace       used 5078K, capacity 5258K, committed 5504K, reserved 1056768K
  class space    used 557K, capacity 597K, committed 640K, reserved 1048576K
}
{Heap before GC invocations=794 (full 94):
 par new generation   total 6144K, used 5233K [0x00000000fec00000, 0x00000000ff2a0000, 0x00000000ff2a0000)
  eden space 5504K,  95% used [0x00000000fec00000, 0x00000000ff11b778, 0x00000000ff160000)
  from space 640K,   0% used [0x00000000ff200000, 0x00000000ff201020, 0x00000000ff2a0000)
  to   space 640K,   0% used [0x00000000ff160000, 0x00000000ff160000, 0x00000000ff200000)
 concurrent mark-sweep generation total 13696K, used 8379K [0x00000000ff2a0000, 0x0000000100000000, 0x0000000100000000)
 Metaspace       used 5078K, capacity 5258K, committed 5504K, reserved 1056768K
  class space    used 557K, capacity 597K, committed 640K, reserved 1048576K
2024-07-16T17:10:19.589+0800: 6.258: [GC (Allocation Failure) 2024-07-16T17:10:19.589+0800: 6.258: [ParNew: 5233K->6K(6144K), 0.0012937 secs] 13613K->9409K(19840K), 0.0014233 secs] [Times: user=0.00 sys=0.00, real=0.00 secs] 
Heap after GC invocations=795 (full 94):
 par new generation   total 6144K, used 6K [0x00000000fec00000, 0x00000000ff2a0000, 0x00000000ff2a0000)
  eden space 5504K,   0% used [0x00000000fec00000, 0x00000000fec00000, 0x00000000ff160000)
  from space 640K,   0% used [0x00000000ff160000, 0x00000000ff161830, 0x00000000ff200000)
  to   space 640K,   0% used [0x00000000ff200000, 0x00000000ff200000, 0x00000000ff2a0000)
 concurrent mark-sweep generation total 13696K, used 9403K [0x00000000ff2a0000, 0x0000000100000000, 0x0000000100000000)
 Metaspace       used 5078K, capacity 5258K, committed 5504K, reserved 1056768K
  class space    used 557K, capacity 597K, committed 640K, reserved 1048576K
}
{Heap before GC invocations=795 (full 94):
 par new generation   total 6144K, used 5235K [0x00000000fec00000, 0x00000000ff2a0000, 0x00000000ff2a0000)
  eden space 5504K,  95% used [0x00000000fec00000, 0x00000000ff11b778, 0x00000000ff160000)
  from space 640K,   0% used [0x00000000ff160000, 0x00000000ff161830, 0x00000000ff200000)
  to   space 640K,   0% used [0x00000000ff200000, 0x00000000ff200000, 0x00000000ff2a0000)
 concurrent mark-sweep generation total 13696K, used 9403K [0x00000000ff2a0000, 0x0000000100000000, 0x0000000100000000)
 Metaspace       used 5078K, capacity 5258K, committed 5504K, reserved 1056768K
  class space    used 557K, capacity 597K, committed 640K, reserved 1048576K
2024-07-16T17:10:19.598+0800: 6.267: [GC (Allocation Failure) 2024-07-16T17:10:19.598+0800: 6.267: [ParNew: 5235K->4K(6144K), 0.0006896 secs] 14639K->9407K(19840K), 0.0007852 secs] [Times: user=0.00 sys=0.00, real=0.00 secs] 
Heap after GC invocations=796 (full 94):
 par new generation   total 6144K, used 4K [0x00000000fec00000, 0x00000000ff2a0000, 0x00000000ff2a0000)
  eden space 5504K,   0% used [0x00000000fec00000, 0x00000000fec00000, 0x00000000ff160000)
  from space 640K,   0% used [0x00000000ff200000, 0x00000000ff201020, 0x00000000ff2a0000)
  to   space 640K,   0% used [0x00000000ff160000, 0x00000000ff160000, 0x00000000ff200000)
 concurrent mark-sweep generation total 13696K, used 9403K [0x00000000ff2a0000, 0x0000000100000000, 0x0000000100000000)
 Metaspace       used 5078K, capacity 5258K, committed 5504K, reserved 1056768K
  class space    used 557K, capacity 597K, committed 640K, reserved 1048576K
}
{Heap before GC invocations=796 (full 94):
 par new generation   total 6144K, used 5233K [0x00000000fec00000, 0x00000000ff2a0000, 0x00000000ff2a0000)
  eden space 5504K,  95% used [0x00000000fec00000, 0x00000000ff11b778, 0x00000000ff160000)
  from space 640K,   0% used [0x00000000ff200000, 0x00000000ff201020, 0x00000000ff2a0000)
  to   space 640K,   0% used [0x00000000ff160000, 0x00000000ff160000, 0x00000000ff200000)
 concurrent mark-sweep generation total 13696K, used 9403K [0x00000000ff2a0000, 0x0000000100000000, 0x0000000100000000)
 Metaspace       used 5078K, capacity 5258K, committed 5504K, reserved 1056768K
  class space    used 557K, capacity 597K, committed 640K, reserved 1048576K
2024-07-16T17:10:19.609+0800: 6.278: [GC (Allocation Failure) 2024-07-16T17:10:19.609+0800: 6.278: [ParNew: 5233K->4K(6144K), 0.0002973 secs] 14637K->9407K(19840K), 0.0003398 secs] [Times: user=0.00 sys=0.00, real=0.00 secs] 
Heap after GC invocations=797 (full 94):
 par new generation   total 6144K, used 4K [0x00000000fec00000, 0x00000000ff2a0000, 0x00000000ff2a0000)
  eden space 5504K,   0% used [0x00000000fec00000, 0x00000000fec00000, 0x00000000ff160000)
  from space 640K,   0% used [0x00000000ff160000, 0x00000000ff161020, 0x00000000ff200000)
  to   space 640K,   0% used [0x00000000ff200000, 0x00000000ff200000, 0x00000000ff2a0000)
 concurrent mark-sweep generation total 13696K, used 9403K [0x00000000ff2a0000, 0x0000000100000000, 0x0000000100000000)
 Metaspace       used 5078K, capacity 5258K, committed 5504K, reserved 1056768K
  class space    used 557K, capacity 597K, committed 640K, reserved 1048576K
}
{Heap before GC invocations=797 (full 94):
 par new generation   total 6144K, used 5233K [0x00000000fec00000, 0x00000000ff2a0000, 0x00000000ff2a0000)
  eden space 5504K,  95% used [0x00000000fec00000, 0x00000000ff11b778, 0x00000000ff160000)
  from space 640K,   0% used [0x00000000ff160000, 0x00000000ff161020, 0x00000000ff200000)
  to   space 640K,   0% used [0x00000000ff200000, 0x00000000ff200000, 0x00000000ff2a0000)
 concurrent mark-sweep generation total 13696K, used 9403K [0x00000000ff2a0000, 0x0000000100000000, 0x0000000100000000)
 Metaspace       used 5078K, capacity 5258K, committed 5504K, reserved 1056768K
  class space    used 557K, capacity 597K, committed 640K, reserved 1048576K
2024-07-16T17:10:19.616+0800: 6.285: [GC (Allocation Failure) 2024-07-16T17:10:19.616+0800: 6.285: [ParNew: 5233K->4K(6144K), 0.0003397 secs] 14637K->9407K(19840K), 0.0004519 secs] [Times: user=0.00 sys=0.00, real=0.00 secs] 
Heap after GC invocations=798 (full 94):
 par new generation   total 6144K, used 4K [0x00000000fec00000, 0x00000000ff2a0000, 0x00000000ff2a0000)
  eden space 5504K,   0% used [0x00000000fec00000, 0x00000000fec00000, 0x00000000ff160000)
  from space 640K,   0% used [0x00000000ff200000, 0x00000000ff201020, 0x00000000ff2a0000)
  to   space 640K,   0% used [0x00000000ff160000, 0x00000000ff160000, 0x00000000ff200000)
 concurrent mark-sweep generation total 13696K, used 9403K [0x00000000ff2a0000, 0x0000000100000000, 0x0000000100000000)
 Metaspace       used 5078K, capacity 5258K, committed 5504K, reserved 1056768K
  class space    used 557K, capacity 597K, committed 640K, reserved 1048576K
}
{Heap before GC invocations=798 (full 94):
 par new generation   total 6144K, used 5233K [0x00000000fec00000, 0x00000000ff2a0000, 0x00000000ff2a0000)
  eden space 5504K,  95% used [0x00000000fec00000, 0x00000000ff11b778, 0x00000000ff160000)
  from space 640K,   0% used [0x00000000ff200000, 0x00000000ff201020, 0x00000000ff2a0000)
  to   space 640K,   0% used [0x00000000ff160000, 0x00000000ff160000, 0x00000000ff200000)
 concurrent mark-sweep generation total 13696K, used 9403K [0x00000000ff2a0000, 0x0000000100000000, 0x0000000100000000)
 Metaspace       used 5078K, capacity 5258K, committed 5504K, reserved 1056768K
  class space    used 557K, capacity 597K, committed 640K, reserved 1048576K
2024-07-16T17:10:19.624+0800: 6.293: [GC (Allocation Failure) 2024-07-16T17:10:19.624+0800: 6.293: [ParNew: 5233K->4K(6144K), 0.0002839 secs] 14637K->9407K(19840K), 0.0003201 secs] [Times: user=0.00 sys=0.00, real=0.00 secs] 
Heap after GC invocations=799 (full 94):
 par new generation   total 6144K, used 4K [0x00000000fec00000, 0x00000000ff2a0000, 0x00000000ff2a0000)
  eden space 5504K,   0% used [0x00000000fec00000, 0x00000000fec00000, 0x00000000ff160000)
  from space 640K,   0% used [0x00000000ff160000, 0x00000000ff161020, 0x00000000ff200000)
  to   space 640K,   0% used [0x00000000ff200000, 0x00000000ff200000, 0x00000000ff2a0000)
 concurrent mark-sweep generation total 13696K, used 9403K [0x00000000ff2a0000, 0x0000000100000000, 0x0000000100000000)
 Metaspace       used 5078K, capacity 5258K, committed 5504K, reserved 1056768K
  class space    used 557K, capacity 597K, committed 640K, reserved 1048576K
}
{Heap before GC invocations=799 (full 94):
 par new generation   total 6144K, used 5233K [0x00000000fec00000, 0x00000000ff2a0000, 0x00000000ff2a0000)
  eden space 5504K,  95% used [0x00000000fec00000, 0x00000000ff11b778, 0x00000000ff160000)
  from space 640K,   0% used [0x00000000ff160000, 0x00000000ff161020, 0x00000000ff200000)
  to   space 640K,   0% used [0x00000000ff200000, 0x00000000ff200000, 0x00000000ff2a0000)
 concurrent mark-sweep generation total 13696K, used 9403K [0x00000000ff2a0000, 0x0000000100000000, 0x0000000100000000)
 Metaspace       used 5078K, capacity 5258K, committed 5504K, reserved 1056768K
  class space    used 557K, capacity 597K, committed 640K, reserved 1048576K
2024-07-16T17:10:19.632+0800: 6.301: [GC (Allocation Failure) 2024-07-16T17:10:19.632+0800: 6.301: [ParNew: 5233K->4K(6144K), 0.0002995 secs] 14637K->9407K(19840K), 0.0003347 secs] [Times: user=0.00 sys=0.00, real=0.00 secs] 
Heap after GC invocations=800 (full 94):
 par new generation   total 6144K, used 4K [0x00000000fec00000, 0x00000000ff2a0000, 0x00000000ff2a0000)
  eden space 5504K,   0% used [0x00000000fec00000, 0x00000000fec00000, 0x00000000ff160000)
  from space 640K,   0% used [0x00000000ff200000, 0x00000000ff201020, 0x00000000ff2a0000)
  to   space 640K,   0% used [0x00000000ff160000, 0x00000000ff160000, 0x00000000ff200000)
 concurrent mark-sweep generation total 13696K, used 9403K [0x00000000ff2a0000, 0x0000000100000000, 0x0000000100000000)
 Metaspace       used 5078K, capacity 5258K, committed 5504K, reserved 1056768K
  class space    used 557K, capacity 597K, committed 640K, reserved 1048576K
}
{Heap before GC invocations=800 (full 94):
 par new generation   total 6144K, used 5233K [0x00000000fec00000, 0x00000000ff2a0000, 0x00000000ff2a0000)
  eden space 5504K,  95% used [0x00000000fec00000, 0x00000000ff11b778, 0x00000000ff160000)
  from space 640K,   0% used [0x00000000ff200000, 0x00000000ff201020, 0x00000000ff2a0000)
  to   space 640K,   0% used [0x00000000ff160000, 0x00000000ff160000, 0x00000000ff200000)
 concurrent mark-sweep generation total 13696K, used 9403K [0x00000000ff2a0000, 0x0000000100000000, 0x0000000100000000)
 Metaspace       used 5078K, capacity 5258K, committed 5504K, reserved 1056768K
  class space    used 557K, capacity 597K, committed 640K, reserved 1048576K
2024-07-16T17:10:19.640+0800: 6.309: [GC (Allocation Failure) 2024-07-16T17:10:19.640+0800: 6.309: [ParNew: 5233K->6K(6144K), 0.0003567 secs] 14637K->10433K(19840K), 0.0003906 secs] [Times: user=0.00 sys=0.00, real=0.00 secs] 
Heap after GC invocations=801 (full 94):
 par new generation   total 6144K, used 6K [0x00000000fec00000, 0x00000000ff2a0000, 0x00000000ff2a0000)
  eden space 5504K,   0% used [0x00000000fec00000, 0x00000000fec00000, 0x00000000ff160000)
  from space 640K,   0% used [0x00000000ff160000, 0x00000000ff161830, 0x00000000ff200000)
  to   space 640K,   0% used [0x00000000ff200000, 0x00000000ff200000, 0x00000000ff2a0000)
 concurrent mark-sweep generation total 13696K, used 10427K [0x00000000ff2a0000, 0x0000000100000000, 0x0000000100000000)
 Metaspace       used 5078K, capacity 5258K, committed 5504K, reserved 1056768K
  class space    used 557K, capacity 597K, committed 640K, reserved 1048576K
}
{Heap before GC invocations=801 (full 94):
 par new generation   total 6144K, used 5235K [0x00000000fec00000, 0x00000000ff2a0000, 0x00000000ff2a0000)
  eden space 5504K,  95% used [0x00000000fec00000, 0x00000000ff11b778, 0x00000000ff160000)
  from space 640K,   0% used [0x00000000ff160000, 0x00000000ff161830, 0x00000000ff200000)
  to   space 640K,   0% used [0x00000000ff200000, 0x00000000ff200000, 0x00000000ff2a0000)
 concurrent mark-sweep generation total 13696K, used 10427K [0x00000000ff2a0000, 0x0000000100000000, 0x0000000100000000)
 Metaspace       used 5078K, capacity 5258K, committed 5504K, reserved 1056768K
  class space    used 557K, capacity 597K, committed 640K, reserved 1048576K
2024-07-16T17:10:19.647+0800: 6.316: [GC (Allocation Failure) 2024-07-16T17:10:19.647+0800: 6.316: [ParNew: 5235K->4K(6144K), 0.0003092 secs] 15663K->10431K(19840K), 0.0003498 secs] [Times: user=0.00 sys=0.00, real=0.00 secs] 
Heap after GC invocations=802 (full 94):
 par new generation   total 6144K, used 4K [0x00000000fec00000, 0x00000000ff2a0000, 0x00000000ff2a0000)
  eden space 5504K,   0% used [0x00000000fec00000, 0x00000000fec00000, 0x00000000ff160000)
  from space 640K,   0% used [0x00000000ff200000, 0x00000000ff201020, 0x00000000ff2a0000)
  to   space 640K,   0% used [0x00000000ff160000, 0x00000000ff160000, 0x00000000ff200000)
 concurrent mark-sweep generation total 13696K, used 10427K [0x00000000ff2a0000, 0x0000000100000000, 0x0000000100000000)
 Metaspace       used 5078K, capacity 5258K, committed 5504K, reserved 1056768K
  class space    used 557K, capacity 597K, committed 640K, reserved 1048576K
}
{Heap before GC invocations=802 (full 94):
 par new generation   total 6144K, used 5233K [0x00000000fec00000, 0x00000000ff2a0000, 0x00000000ff2a0000)
  eden space 5504K,  95% used [0x00000000fec00000, 0x00000000ff11b780, 0x00000000ff160000)
  from space 640K,   0% used [0x00000000ff200000, 0x00000000ff201020, 0x00000000ff2a0000)
  to   space 640K,   0% used [0x00000000ff160000, 0x00000000ff160000, 0x00000000ff200000)
 concurrent mark-sweep generation total 13696K, used 10427K [0x00000000ff2a0000, 0x0000000100000000, 0x0000000100000000)
 Metaspace       used 5078K, capacity 5258K, committed 5504K, reserved 1056768K
  class space    used 557K, capacity 597K, committed 640K, reserved 1048576K
2024-07-16T17:10:19.653+0800: 6.322: [GC (Allocation Failure) 2024-07-16T17:10:19.653+0800: 6.322: [ParNew: 5233K->8K(6144K), 0.0003496 secs] 15661K->11459K(19840K), 0.0003849 secs] [Times: user=0.00 sys=0.00, real=0.00 secs] 
Heap after GC invocations=803 (full 94):
 par new generation   total 6144K, used 8K [0x00000000fec00000, 0x00000000ff2a0000, 0x00000000ff2a0000)
  eden space 5504K,   0% used [0x00000000fec00000, 0x00000000fec00000, 0x00000000ff160000)
  from space 640K,   1% used [0x00000000ff160000, 0x00000000ff162040, 0x00000000ff200000)
  to   space 640K,   0% used [0x00000000ff200000, 0x00000000ff200000, 0x00000000ff2a0000)
 concurrent mark-sweep generation total 13696K, used 11451K [0x00000000ff2a0000, 0x0000000100000000, 0x0000000100000000)
 Metaspace       used 5078K, capacity 5258K, committed 5504K, reserved 1056768K
  class space    used 557K, capacity 597K, committed 640K, reserved 1048576K
}
{Heap before GC invocations=803 (full 94):
 par new generation   total 6144K, used 5237K [0x00000000fec00000, 0x00000000ff2a0000, 0x00000000ff2a0000)
  eden space 5504K,  95% used [0x00000000fec00000, 0x00000000ff11b780, 0x00000000ff160000)
  from space 640K,   1% used [0x00000000ff160000, 0x00000000ff162040, 0x00000000ff200000)
  to   space 640K,   0% used [0x00000000ff200000, 0x00000000ff200000, 0x00000000ff2a0000)
 concurrent mark-sweep generation total 13696K, used 11451K [0x00000000ff2a0000, 0x0000000100000000, 0x0000000100000000)
 Metaspace       used 5078K, capacity 5258K, committed 5504K, reserved 1056768K
  class space    used 557K, capacity 597K, committed 640K, reserved 1048576K
2024-07-16T17:10:19.659+0800: 6.328: [GC (Allocation Failure) 2024-07-16T17:10:19.659+0800: 6.328: [ParNew: 5237K->8K(6144K), 0.0003722 secs] 16689K->12485K(19840K), 0.0004041 secs] [Times: user=0.00 sys=0.00, real=0.00 secs] 
Heap after GC invocations=804 (full 94):
 par new generation   total 6144K, used 8K [0x00000000fec00000, 0x00000000ff2a0000, 0x00000000ff2a0000)
  eden space 5504K,   0% used [0x00000000fec00000, 0x00000000fec00000, 0x00000000ff160000)
  from space 640K,   1% used [0x00000000ff200000, 0x00000000ff202040, 0x00000000ff2a0000)
  to   space 640K,   0% used [0x00000000ff160000, 0x00000000ff160000, 0x00000000ff200000)
 concurrent mark-sweep generation total 13696K, used 12477K [0x00000000ff2a0000, 0x0000000100000000, 0x0000000100000000)
 Metaspace       used 5078K, capacity 5258K, committed 5504K, reserved 1056768K
  class space    used 557K, capacity 597K, committed 640K, reserved 1048576K
}
{Heap before GC invocations=804 (full 94):
 par new generation   total 6144K, used 5237K [0x00000000fec00000, 0x00000000ff2a0000, 0x00000000ff2a0000)
  eden space 5504K,  95% used [0x00000000fec00000, 0x00000000ff11b780, 0x00000000ff160000)
  from space 640K,   1% used [0x00000000ff200000, 0x00000000ff202040, 0x00000000ff2a0000)
  to   space 640K,   0% used [0x00000000ff160000, 0x00000000ff160000, 0x00000000ff200000)
 concurrent mark-sweep generation total 13696K, used 12477K [0x00000000ff2a0000, 0x0000000100000000, 0x0000000100000000)
 Metaspace       used 5078K, capacity 5258K, committed 5504K, reserved 1056768K
  class space    used 557K, capacity 597K, committed 640K, reserved 1048576K
2024-07-16T17:10:19.665+0800: 6.334: [GC (Allocation Failure) 2024-07-16T17:10:19.665+0800: 6.334: [ParNew: 5237K->5237K(6144K), 0.0000117 secs]2024-07-16T17:10:19.665+0800: 6.334: [CMS2024-07-16T17:10:19.665+0800: 6.334: [CMS-concurrent-abortable-preclean: 0.002/0.156 secs] [Times: user=0.16 sys=0.00, real=0.16 secs] 
 (concurrent mode failure): 12477K->2220K(13696K), 0.0024547 secs] 17715K->2220K(19840K), [Metaspace: 5078K->5078K(1056768K)], 0.0025157 secs] [Times: user=0.00 sys=0.00, real=0.00 secs] 
Heap after GC invocations=805 (full 95):
 par new generation   total 6144K, used 0K [0x00000000fec00000, 0x00000000ff2a0000, 0x00000000ff2a0000)
  eden space 5504K,   0% used [0x00000000fec00000, 0x00000000fec00000, 0x00000000ff160000)
  from space 640K,   0% used [0x00000000ff200000, 0x00000000ff200000, 0x00000000ff2a0000)
  to   space 640K,   0% used [0x00000000ff160000, 0x00000000ff160000, 0x00000000ff200000)
 concurrent mark-sweep generation total 13696K, used 2220K [0x00000000ff2a0000, 0x0000000100000000, 0x0000000100000000)
 Metaspace       used 5078K, capacity 5258K, committed 5504K, reserved 1056768K
  class space    used 557K, capacity 597K, committed 640K, reserved 1048576K
}
{Heap before GC invocations=805 (full 95):
 par new generation   total 6144K, used 5229K [0x00000000fec00000, 0x00000000ff2a0000, 0x00000000ff2a0000)
  eden space 5504K,  95% used [0x00000000fec00000, 0x00000000ff11b780, 0x00000000ff160000)
  from space 640K,   0% used [0x00000000ff200000, 0x00000000ff200000, 0x00000000ff2a0000)
  to   space 640K,   0% used [0x00000000ff160000, 0x00000000ff160000, 0x00000000ff200000)
 concurrent mark-sweep generation total 13696K, used 2220K [0x00000000ff2a0000, 0x0000000100000000, 0x0000000100000000)
 Metaspace       used 5078K, capacity 5258K, committed 5504K, reserved 1056768K
  class space    used 557K, capacity 597K, committed 640K, reserved 1048576K
2024-07-16T17:10:19.674+0800: 6.343: [GC (Allocation Failure) 2024-07-16T17:10:19.674+0800: 6.343: [ParNew: 5229K->8K(6144K), 0.0003424 secs] 7450K->3255K(19840K), 0.0003680 secs] [Times: user=0.00 sys=0.00, real=0.00 secs] 
Heap after GC invocations=806 (full 95):
 par new generation   total 6144K, used 8K [0x00000000fec00000, 0x00000000ff2a0000, 0x00000000ff2a0000)
  eden space 5504K,   0% used [0x00000000fec00000, 0x00000000fec00000, 0x00000000ff160000)
  from space 640K,   1% used [0x00000000ff160000, 0x00000000ff162040, 0x00000000ff200000)
  to   space 640K,   0% used [0x00000000ff200000, 0x00000000ff200000, 0x00000000ff2a0000)
 concurrent mark-sweep generation total 13696K, used 3246K [0x00000000ff2a0000, 0x0000000100000000, 0x0000000100000000)
 Metaspace       used 5078K, capacity 5258K, committed 5504K, reserved 1056768K
  class space    used 557K, capacity 597K, committed 640K, reserved 1048576K
}
{Heap before GC invocations=806 (full 95):
 par new generation   total 6144K, used 5237K [0x00000000fec00000, 0x00000000ff2a0000, 0x00000000ff2a0000)
  eden space 5504K,  95% used [0x00000000fec00000, 0x00000000ff11b780, 0x00000000ff160000)
  from space 640K,   1% used [0x00000000ff160000, 0x00000000ff162040, 0x00000000ff200000)
  to   space 640K,   0% used [0x00000000ff200000, 0x00000000ff200000, 0x00000000ff2a0000)
 concurrent mark-sweep generation total 13696K, used 3246K [0x00000000ff2a0000, 0x0000000100000000, 0x0000000100000000)
 Metaspace       used 5078K, capacity 5258K, committed 5504K, reserved 1056768K
  class space    used 557K, capacity 597K, committed 640K, reserved 1048576K
2024-07-16T17:10:19.681+0800: 6.350: [GC (Allocation Failure) 2024-07-16T17:10:19.681+0800: 6.350: [ParNew: 5237K->4K(6144K), 0.0002670 secs] 8484K->3250K(19840K), 0.0003016 secs] [Times: user=0.00 sys=0.00, real=0.00 secs] 
Heap after GC invocations=807 (full 95):
 par new generation   total 6144K, used 4K [0x00000000fec00000, 0x00000000ff2a0000, 0x00000000ff2a0000)
  eden space 5504K,   0% used [0x00000000fec00000, 0x00000000fec00000, 0x00000000ff160000)
  from space 640K,   0% used [0x00000000ff200000, 0x00000000ff201020, 0x00000000ff2a0000)
  to   space 640K,   0% used [0x00000000ff160000, 0x00000000ff160000, 0x00000000ff200000)
 concurrent mark-sweep generation total 13696K, used 3246K [0x00000000ff2a0000, 0x0000000100000000, 0x0000000100000000)
 Metaspace       used 5078K, capacity 5258K, committed 5504K, reserved 1056768K
  class space    used 557K, capacity 597K, committed 640K, reserved 1048576K
}
{Heap before GC invocations=807 (full 95):
 par new generation   total 6144K, used 5233K [0x00000000fec00000, 0x00000000ff2a0000, 0x00000000ff2a0000)
  eden space 5504K,  95% used [0x00000000fec00000, 0x00000000ff11b780, 0x00000000ff160000)
  from space 640K,   0% used [0x00000000ff200000, 0x00000000ff201020, 0x00000000ff2a0000)
  to   space 640K,   0% used [0x00000000ff160000, 0x00000000ff160000, 0x00000000ff200000)
 concurrent mark-sweep generation total 13696K, used 3246K [0x00000000ff2a0000, 0x0000000100000000, 0x0000000100000000)
 Metaspace       used 5078K, capacity 5258K, committed 5504K, reserved 1056768K
  class space    used 557K, capacity 597K, committed 640K, reserved 1048576K
2024-07-16T17:10:19.688+0800: 6.357: [GC (Allocation Failure) 2024-07-16T17:10:19.688+0800: 6.357: [ParNew: 5233K->8K(6144K), 0.0003244 secs] 8480K->4281K(19840K), 0.0003549 secs] [Times: user=0.00 sys=0.00, real=0.00 secs] 
Heap after GC invocations=808 (full 95):
 par new generation   total 6144K, used 8K [0x00000000fec00000, 0x00000000ff2a0000, 0x00000000ff2a0000)
  eden space 5504K,   0% used [0x00000000fec00000, 0x00000000fec00000, 0x00000000ff160000)
  from space 640K,   1% used [0x00000000ff160000, 0x00000000ff162040, 0x00000000ff200000)
  to   space 640K,   0% used [0x00000000ff200000, 0x00000000ff200000, 0x00000000ff2a0000)
 concurrent mark-sweep generation total 13696K, used 4273K [0x00000000ff2a0000, 0x0000000100000000, 0x0000000100000000)
 Metaspace       used 5078K, capacity 5258K, committed 5504K, reserved 1056768K
  class space    used 557K, capacity 597K, committed 640K, reserved 1048576K
}
{Heap before GC invocations=808 (full 95):
 par new generation   total 6144K, used 5237K [0x00000000fec00000, 0x00000000ff2a0000, 0x00000000ff2a0000)
  eden space 5504K,  95% used [0x00000000fec00000, 0x00000000ff11b780, 0x00000000ff160000)
  from space 640K,   1% used [0x00000000ff160000, 0x00000000ff162040, 0x00000000ff200000)
  to   space 640K,   0% used [0x00000000ff200000, 0x00000000ff200000, 0x00000000ff2a0000)
 concurrent mark-sweep generation total 13696K, used 4273K [0x00000000ff2a0000, 0x0000000100000000, 0x0000000100000000)
 Metaspace       used 5078K, capacity 5258K, committed 5504K, reserved 1056768K
  class space    used 557K, capacity 597K, committed 640K, reserved 1048576K
2024-07-16T17:10:19.695+0800: 6.364: [GC (Allocation Failure) 2024-07-16T17:10:19.695+0800: 6.364: [ParNew: 5237K->4K(6144K), 0.0002189 secs] 9510K->4277K(19840K), 0.0002408 secs] [Times: user=0.00 sys=0.00, real=0.00 secs] 
Heap after GC invocations=809 (full 95):
 par new generation   total 6144K, used 4K [0x00000000fec00000, 0x00000000ff2a0000, 0x00000000ff2a0000)
  eden space 5504K,   0% used [0x00000000fec00000, 0x00000000fec00000, 0x00000000ff160000)
  from space 640K,   0% used [0x00000000ff200000, 0x00000000ff201020, 0x00000000ff2a0000)
  to   space 640K,   0% used [0x00000000ff160000, 0x00000000ff160000, 0x00000000ff200000)
 concurrent mark-sweep generation total 13696K, used 4273K [0x00000000ff2a0000, 0x0000000100000000, 0x0000000100000000)
 Metaspace       used 5078K, capacity 5258K, committed 5504K, reserved 1056768K
  class space    used 557K, capacity 597K, committed 640K, reserved 1048576K
}
{Heap before GC invocations=809 (full 95):
 par new generation   total 6144K, used 5233K [0x00000000fec00000, 0x00000000ff2a0000, 0x00000000ff2a0000)
  eden space 5504K,  95% used [0x00000000fec00000, 0x00000000ff11b780, 0x00000000ff160000)
  from space 640K,   0% used [0x00000000ff200000, 0x00000000ff201020, 0x00000000ff2a0000)
  to   space 640K,   0% used [0x00000000ff160000, 0x00000000ff160000, 0x00000000ff200000)
 concurrent mark-sweep generation total 13696K, used 4273K [0x00000000ff2a0000, 0x0000000100000000, 0x0000000100000000)
 Metaspace       used 5078K, capacity 5258K, committed 5504K, reserved 1056768K
  class space    used 557K, capacity 597K, committed 640K, reserved 1048576K
2024-07-16T17:10:19.701+0800: 6.370: [GC (Allocation Failure) 2024-07-16T17:10:19.701+0800: 6.370: [ParNew: 5233K->4K(6144K), 0.0006401 secs] 9506K->5301K(19840K), 0.0006969 secs] [Times: user=0.00 sys=0.00, real=0.00 secs] 
Heap after GC invocations=810 (full 95):
 par new generation   total 6144K, used 4K [0x00000000fec00000, 0x00000000ff2a0000, 0x00000000ff2a0000)
  eden space 5504K,   0% used [0x00000000fec00000, 0x00000000fec00000, 0x00000000ff160000)
  from space 640K,   0% used [0x00000000ff160000, 0x00000000ff161020, 0x00000000ff200000)
  to   space 640K,   0% used [0x00000000ff200000, 0x00000000ff200000, 0x00000000ff2a0000)
 concurrent mark-sweep generation total 13696K, used 5297K [0x00000000ff2a0000, 0x0000000100000000, 0x0000000100000000)
 Metaspace       used 5078K, capacity 5258K, committed 5504K, reserved 1056768K
  class space    used 557K, capacity 597K, committed 640K, reserved 1048576K
}
{Heap before GC invocations=810 (full 95):
 par new generation   total 6144K, used 5233K [0x00000000fec00000, 0x00000000ff2a0000, 0x00000000ff2a0000)
  eden space 5504K,  95% used [0x00000000fec00000, 0x00000000ff11b780, 0x00000000ff160000)
  from space 640K,   0% used [0x00000000ff160000, 0x00000000ff161020, 0x00000000ff200000)
  to   space 640K,   0% used [0x00000000ff200000, 0x00000000ff200000, 0x00000000ff2a0000)
 concurrent mark-sweep generation total 13696K, used 5297K [0x00000000ff2a0000, 0x0000000100000000, 0x0000000100000000)
 Metaspace       used 5078K, capacity 5258K, committed 5504K, reserved 1056768K
  class space    used 557K, capacity 597K, committed 640K, reserved 1048576K
2024-07-16T17:10:19.709+0800: 6.378: [GC (Allocation Failure) 2024-07-16T17:10:19.709+0800: 6.378: [ParNew: 5233K->4K(6144K), 0.0005046 secs] 10530K->5301K(19840K), 0.0005667 secs] [Times: user=0.00 sys=0.00, real=0.00 secs] 
Heap after GC invocations=811 (full 95):
 par new generation   total 6144K, used 4K [0x00000000fec00000, 0x00000000ff2a0000, 0x00000000ff2a0000)
  eden space 5504K,   0% used [0x00000000fec00000, 0x00000000fec00000, 0x00000000ff160000)
  from space 640K,   0% used [0x00000000ff200000, 0x00000000ff201020, 0x00000000ff2a0000)
  to   space 640K,   0% used [0x00000000ff160000, 0x00000000ff160000, 0x00000000ff200000)
 concurrent mark-sweep generation total 13696K, used 5297K [0x00000000ff2a0000, 0x0000000100000000, 0x0000000100000000)
 Metaspace       used 5078K, capacity 5258K, committed 5504K, reserved 1056768K
  class space    used 557K, capacity 597K, committed 640K, reserved 1048576K
}
{Heap before GC invocations=811 (full 95):
 par new generation   total 6144K, used 5233K [0x00000000fec00000, 0x00000000ff2a0000, 0x00000000ff2a0000)
  eden space 5504K,  95% used [0x00000000fec00000, 0x00000000ff11b780, 0x00000000ff160000)
  from space 640K,   0% used [0x00000000ff200000, 0x00000000ff201020, 0x00000000ff2a0000)
  to   space 640K,   0% used [0x00000000ff160000, 0x00000000ff160000, 0x00000000ff200000)
 concurrent mark-sweep generation total 13696K, used 5297K [0x00000000ff2a0000, 0x0000000100000000, 0x0000000100000000)
 Metaspace       used 5078K, capacity 5258K, committed 5504K, reserved 1056768K
  class space    used 557K, capacity 597K, committed 640K, reserved 1048576K
2024-07-16T17:10:19.716+0800: 6.385: [GC (Allocation Failure) 2024-07-16T17:10:19.716+0800: 6.385: [ParNew: 5233K->8K(6144K), 0.0008894 secs] 10530K->6331K(19840K), 0.0009950 secs] [Times: user=0.00 sys=0.00, real=0.00 secs] 
Heap after GC invocations=812 (full 95):
 par new generation   total 6144K, used 8K [0x00000000fec00000, 0x00000000ff2a0000, 0x00000000ff2a0000)
  eden space 5504K,   0% used [0x00000000fec00000, 0x00000000fec00000, 0x00000000ff160000)
  from space 640K,   1% used [0x00000000ff160000, 0x00000000ff162040, 0x00000000ff200000)
  to   space 640K,   0% used [0x00000000ff200000, 0x00000000ff200000, 0x00000000ff2a0000)
 concurrent mark-sweep generation total 13696K, used 6323K [0x00000000ff2a0000, 0x0000000100000000, 0x0000000100000000)
 Metaspace       used 5078K, capacity 5258K, committed 5504K, reserved 1056768K
  class space    used 557K, capacity 597K, committed 640K, reserved 1048576K
}
{Heap before GC invocations=812 (full 95):
 par new generation   total 6144K, used 5237K [0x00000000fec00000, 0x00000000ff2a0000, 0x00000000ff2a0000)
  eden space 5504K,  95% used [0x00000000fec00000, 0x00000000ff11b780, 0x00000000ff160000)
  from space 640K,   1% used [0x00000000ff160000, 0x00000000ff162040, 0x00000000ff200000)
  to   space 640K,   0% used [0x00000000ff200000, 0x00000000ff200000, 0x00000000ff2a0000)
 concurrent mark-sweep generation total 13696K, used 6323K [0x00000000ff2a0000, 0x0000000100000000, 0x0000000100000000)
 Metaspace       used 5078K, capacity 5258K, committed 5504K, reserved 1056768K
  class space    used 557K, capacity 597K, committed 640K, reserved 1048576K
2024-07-16T17:10:19.726+0800: 6.395: [GC (Allocation Failure) 2024-07-16T17:10:19.726+0800: 6.395: [ParNew: 5237K->4K(6144K), 0.0003151 secs] 11561K->6327K(19840K), 0.0003595 secs] [Times: user=0.00 sys=0.00, real=0.00 secs] 
Heap after GC invocations=813 (full 95):
 par new generation   total 6144K, used 4K [0x00000000fec00000, 0x00000000ff2a0000, 0x00000000ff2a0000)
  eden space 5504K,   0% used [0x00000000fec00000, 0x00000000fec00000, 0x00000000ff160000)
  from space 640K,   0% used [0x00000000ff200000, 0x00000000ff201020, 0x00000000ff2a0000)
  to   space 640K,   0% used [0x00000000ff160000, 0x00000000ff160000, 0x00000000ff200000)
 concurrent mark-sweep generation total 13696K, used 6323K [0x00000000ff2a0000, 0x0000000100000000, 0x0000000100000000)
 Metaspace       used 5078K, capacity 5258K, committed 5504K, reserved 1056768K
  class space    used 557K, capacity 597K, committed 640K, reserved 1048576K
}
{Heap before GC invocations=813 (full 95):
 par new generation   total 6144K, used 5233K [0x00000000fec00000, 0x00000000ff2a0000, 0x00000000ff2a0000)
  eden space 5504K,  95% used [0x00000000fec00000, 0x00000000ff11b780, 0x00000000ff160000)
  from space 640K,   0% used [0x00000000ff200000, 0x00000000ff201020, 0x00000000ff2a0000)
  to   space 640K,   0% used [0x00000000ff160000, 0x00000000ff160000, 0x00000000ff200000)
 concurrent mark-sweep generation total 13696K, used 6323K [0x00000000ff2a0000, 0x0000000100000000, 0x0000000100000000)
 Metaspace       used 5078K, capacity 5258K, committed 5504K, reserved 1056768K
  class space    used 557K, capacity 597K, committed 640K, reserved 1048576K
2024-07-16T17:10:19.732+0800: 6.401: [GC (Allocation Failure) 2024-07-16T17:10:19.732+0800: 6.401: [ParNew: 5233K->6K(6144K), 0.0004909 secs] 11557K->7353K(19840K), 0.0005622 secs] [Times: user=0.00 sys=0.00, real=0.00 secs] 
Heap after GC invocations=814 (full 95):
 par new generation   total 6144K, used 6K [0x00000000fec00000, 0x00000000ff2a0000, 0x00000000ff2a0000)
  eden space 5504K,   0% used [0x00000000fec00000, 0x00000000fec00000, 0x00000000ff160000)
  from space 640K,   0% used [0x00000000ff160000, 0x00000000ff161830, 0x00000000ff200000)
  to   space 640K,   0% used [0x00000000ff200000, 0x00000000ff200000, 0x00000000ff2a0000)
 concurrent mark-sweep generation total 13696K, used 7347K [0x00000000ff2a0000, 0x0000000100000000, 0x0000000100000000)
 Metaspace       used 5078K, capacity 5258K, committed 5504K, reserved 1056768K
  class space    used 557K, capacity 597K, committed 640K, reserved 1048576K
}
{Heap before GC invocations=814 (full 95):
 par new generation   total 6144K, used 5235K [0x00000000fec00000, 0x00000000ff2a0000, 0x00000000ff2a0000)
  eden space 5504K,  95% used [0x00000000fec00000, 0x00000000ff11b780, 0x00000000ff160000)
  from space 640K,   0% used [0x00000000ff160000, 0x00000000ff161830, 0x00000000ff200000)
  to   space 640K,   0% used [0x00000000ff200000, 0x00000000ff200000, 0x00000000ff2a0000)
 concurrent mark-sweep generation total 13696K, used 7347K [0x00000000ff2a0000, 0x0000000100000000, 0x0000000100000000)
 Metaspace       used 5078K, capacity 5258K, committed 5504K, reserved 1056768K
  class space    used 557K, capacity 597K, committed 640K, reserved 1048576K
2024-07-16T17:10:19.740+0800: 6.409: [GC (Allocation Failure) 2024-07-16T17:10:19.740+0800: 6.409: [ParNew: 5235K->2K(6144K), 0.0020335 secs] 12583K->10423K(19840K), 0.0021665 secs] [Times: user=0.00 sys=0.00, real=0.00 secs] 
Heap after GC invocations=815 (full 95):
 par new generation   total 6144K, used 2K [0x00000000fec00000, 0x00000000ff2a0000, 0x00000000ff2a0000)
  eden space 5504K,   0% used [0x00000000fec00000, 0x00000000fec00000, 0x00000000ff160000)
  from space 640K,   0% used [0x00000000ff200000, 0x00000000ff200810, 0x00000000ff2a0000)
  to   space 640K,   0% used [0x00000000ff160000, 0x00000000ff160000, 0x00000000ff200000)
 concurrent mark-sweep generation total 13696K, used 10421K [0x00000000ff2a0000, 0x0000000100000000, 0x0000000100000000)
 Metaspace       used 5078K, capacity 5258K, committed 5504K, reserved 1056768K
  class space    used 557K, capacity 597K, committed 640K, reserved 1048576K
}
2024-07-16T17:10:19.743+0800: 6.412: [GC (CMS Initial Mark) [1 CMS-initial-mark: 10421K(13696K)] 11449K(19840K), 0.0002404 secs] [Times: user=0.00 sys=0.00, real=0.00 secs] 
2024-07-16T17:10:19.743+0800: 6.412: [CMS-concurrent-mark-start]
2024-07-16T17:10:19.746+0800: 6.415: [CMS-concurrent-mark: 0.003/0.003 secs] [Times: user=0.00 sys=0.00, real=0.00 secs] 
2024-07-16T17:10:19.746+0800: 6.415: [CMS-concurrent-preclean-start]
2024-07-16T17:10:19.746+0800: 6.415: [CMS-concurrent-preclean: 0.000/0.000 secs] [Times: user=0.00 sys=0.00, real=0.00 secs] 
2024-07-16T17:10:19.746+0800: 6.415: [CMS-concurrent-abortable-preclean-start]
{Heap before GC invocations=815 (full 96):
 par new generation   total 6144K, used 5231K [0x00000000fec00000, 0x00000000ff2a0000, 0x00000000ff2a0000)
  eden space 5504K,  95% used [0x00000000fec00000, 0x00000000ff11b780, 0x00000000ff160000)
  from space 640K,   0% used [0x00000000ff200000, 0x00000000ff200810, 0x00000000ff2a0000)
  to   space 640K,   0% used [0x00000000ff160000, 0x00000000ff160000, 0x00000000ff200000)
 concurrent mark-sweep generation total 13696K, used 10421K [0x00000000ff2a0000, 0x0000000100000000, 0x0000000100000000)
 Metaspace       used 5078K, capacity 5258K, committed 5504K, reserved 1056768K
  class space    used 557K, capacity 597K, committed 640K, reserved 1048576K
2024-07-16T17:10:19.751+0800: 6.420: [GC (Allocation Failure) 2024-07-16T17:10:19.751+0800: 6.420: [ParNew: 5231K->5231K(6144K), 0.0000119 secs]2024-07-16T17:10:19.751+0800: 6.420: [CMS2024-07-16T17:10:19.751+0800: 6.420: [CMS-concurrent-abortable-preclean: 0.000/0.004 secs] [Times: user=0.00 sys=0.00, real=0.00 secs] 
 (concurrent mode failure): 10421K->1196K(13696K), 0.0022032 secs] 15653K->1196K(19840K), [Metaspace: 5078K->5078K(1056768K)], 0.0022627 secs] [Times: user=0.02 sys=0.00, real=0.00 secs] 
Heap after GC invocations=816 (full 97):
 par new generation   total 6144K, used 0K [0x00000000fec00000, 0x00000000ff2a0000, 0x00000000ff2a0000)
  eden space 5504K,   0% used [0x00000000fec00000, 0x00000000fec00000, 0x00000000ff160000)
  from space 640K,   0% used [0x00000000ff200000, 0x00000000ff200000, 0x00000000ff2a0000)
  to   space 640K,   0% used [0x00000000ff160000, 0x00000000ff160000, 0x00000000ff200000)
 concurrent mark-sweep generation total 13696K, used 1196K [0x00000000ff2a0000, 0x0000000100000000, 0x0000000100000000)
 Metaspace       used 5078K, capacity 5258K, committed 5504K, reserved 1056768K
  class space    used 557K, capacity 597K, committed 640K, reserved 1048576K
}
{Heap before GC invocations=816 (full 97):
 par new generation   total 6144K, used 5229K [0x00000000fec00000, 0x00000000ff2a0000, 0x00000000ff2a0000)
  eden space 5504K,  95% used [0x00000000fec00000, 0x00000000ff11b780, 0x00000000ff160000)
  from space 640K,   0% used [0x00000000ff200000, 0x00000000ff200000, 0x00000000ff2a0000)
  to   space 640K,   0% used [0x00000000ff160000, 0x00000000ff160000, 0x00000000ff200000)
 concurrent mark-sweep generation total 13696K, used 1196K [0x00000000ff2a0000, 0x0000000100000000, 0x0000000100000000)
 Metaspace       used 5078K, capacity 5258K, committed 5504K, reserved 1056768K
  class space    used 557K, capacity 597K, committed 640K, reserved 1048576K
2024-07-16T17:10:19.761+0800: 6.430: [GC (Allocation Failure) 2024-07-16T17:10:19.761+0800: 6.430: [ParNew: 5229K->4K(6144K), 0.0003521 secs] 6426K->2226K(19840K), 0.0003910 secs] [Times: user=0.00 sys=0.00, real=0.00 secs] 
Heap after GC invocations=817 (full 97):
 par new generation   total 6144K, used 4K [0x00000000fec00000, 0x00000000ff2a0000, 0x00000000ff2a0000)
  eden space 5504K,   0% used [0x00000000fec00000, 0x00000000fec00000, 0x00000000ff160000)
  from space 640K,   0% used [0x00000000ff160000, 0x00000000ff161020, 0x00000000ff200000)
  to   space 640K,   0% used [0x00000000ff200000, 0x00000000ff200000, 0x00000000ff2a0000)
 concurrent mark-sweep generation total 13696K, used 2222K [0x00000000ff2a0000, 0x0000000100000000, 0x0000000100000000)
 Metaspace       used 5078K, capacity 5258K, committed 5504K, reserved 1056768K
  class space    used 557K, capacity 597K, committed 640K, reserved 1048576K
}
{Heap before GC invocations=817 (full 97):
 par new generation   total 6144K, used 5233K [0x00000000fec00000, 0x00000000ff2a0000, 0x00000000ff2a0000)
  eden space 5504K,  95% used [0x00000000fec00000, 0x00000000ff11b780, 0x00000000ff160000)
  from space 640K,   0% used [0x00000000ff160000, 0x00000000ff161020, 0x00000000ff200000)
  to   space 640K,   0% used [0x00000000ff200000, 0x00000000ff200000, 0x00000000ff2a0000)
 concurrent mark-sweep generation total 13696K, used 2222K [0x00000000ff2a0000, 0x0000000100000000, 0x0000000100000000)
 Metaspace       used 5078K, capacity 5258K, committed 5504K, reserved 1056768K
  class space    used 557K, capacity 597K, committed 640K, reserved 1048576K
2024-07-16T17:10:19.768+0800: 6.437: [GC (Allocation Failure) 2024-07-16T17:10:19.768+0800: 6.437: [ParNew: 5233K->8K(6144K), 0.0006251 secs] 7456K->3256K(19840K), 0.0006950 secs] [Times: user=0.00 sys=0.00, real=0.00 secs] 
Heap after GC invocations=818 (full 97):
 par new generation   total 6144K, used 8K [0x00000000fec00000, 0x00000000ff2a0000, 0x00000000ff2a0000)
  eden space 5504K,   0% used [0x00000000fec00000, 0x00000000fec00000, 0x00000000ff160000)
  from space 640K,   1% used [0x00000000ff200000, 0x00000000ff202040, 0x00000000ff2a0000)
  to   space 640K,   0% used [0x00000000ff160000, 0x00000000ff160000, 0x00000000ff200000)
 concurrent mark-sweep generation total 13696K, used 3248K [0x00000000ff2a0000, 0x0000000100000000, 0x0000000100000000)
 Metaspace       used 5078K, capacity 5258K, committed 5504K, reserved 1056768K
  class space    used 557K, capacity 597K, committed 640K, reserved 1048576K
}
{Heap before GC invocations=818 (full 97):
 par new generation   total 6144K, used 5237K [0x00000000fec00000, 0x00000000ff2a0000, 0x00000000ff2a0000)
  eden space 5504K,  95% used [0x00000000fec00000, 0x00000000ff11b780, 0x00000000ff160000)
  from space 640K,   1% used [0x00000000ff200000, 0x00000000ff202040, 0x00000000ff2a0000)
  to   space 640K,   0% used [0x00000000ff160000, 0x00000000ff160000, 0x00000000ff200000)
 concurrent mark-sweep generation total 13696K, used 3248K [0x00000000ff2a0000, 0x0000000100000000, 0x0000000100000000)
 Metaspace       used 5078K, capacity 5258K, committed 5504K, reserved 1056768K
  class space    used 557K, capacity 597K, committed 640K, reserved 1048576K
2024-07-16T17:10:19.777+0800: 6.446: [GC (Allocation Failure) 2024-07-16T17:10:19.777+0800: 6.446: [ParNew: 5237K->10K(6144K), 0.0004623 secs] 8486K->4285K(19840K), 0.0005304 secs] [Times: user=0.00 sys=0.00, real=0.00 secs] 
Heap after GC invocations=819 (full 97):
 par new generation   total 6144K, used 10K [0x00000000fec00000, 0x00000000ff2a0000, 0x00000000ff2a0000)
  eden space 5504K,   0% used [0x00000000fec00000, 0x00000000fec00000, 0x00000000ff160000)
  from space 640K,   1% used [0x00000000ff160000, 0x00000000ff162850, 0x00000000ff200000)
  to   space 640K,   0% used [0x00000000ff200000, 0x00000000ff200000, 0x00000000ff2a0000)
 concurrent mark-sweep generation total 13696K, used 4274K [0x00000000ff2a0000, 0x0000000100000000, 0x0000000100000000)
 Metaspace       used 5078K, capacity 5258K, committed 5504K, reserved 1056768K
  class space    used 557K, capacity 597K, committed 640K, reserved 1048576K
}
{Heap before GC invocations=819 (full 97):
 par new generation   total 6144K, used 5239K [0x00000000fec00000, 0x00000000ff2a0000, 0x00000000ff2a0000)
  eden space 5504K,  95% used [0x00000000fec00000, 0x00000000ff11b780, 0x00000000ff160000)
  from space 640K,   1% used [0x00000000ff160000, 0x00000000ff162850, 0x00000000ff200000)
  to   space 640K,   0% used [0x00000000ff200000, 0x00000000ff200000, 0x00000000ff2a0000)
 concurrent mark-sweep generation total 13696K, used 4274K [0x00000000ff2a0000, 0x0000000100000000, 0x0000000100000000)
 Metaspace       used 5078K, capacity 5258K, committed 5504K, reserved 1056768K
  class space    used 557K, capacity 597K, committed 640K, reserved 1048576K
2024-07-16T17:10:19.784+0800: 6.453: [GC (Allocation Failure) 2024-07-16T17:10:19.784+0800: 6.453: [ParNew: 5239K->6K(6144K), 0.0003646 secs] 9514K->5305K(19840K), 0.0003949 secs] [Times: user=0.00 sys=0.00, real=0.00 secs] 
Heap after GC invocations=820 (full 97):
 par new generation   total 6144K, used 6K [0x00000000fec00000, 0x00000000ff2a0000, 0x00000000ff2a0000)
  eden space 5504K,   0% used [0x00000000fec00000, 0x00000000fec00000, 0x00000000ff160000)
  from space 640K,   0% used [0x00000000ff200000, 0x00000000ff201830, 0x00000000ff2a0000)
  to   space 640K,   0% used [0x00000000ff160000, 0x00000000ff160000, 0x00000000ff200000)
 concurrent mark-sweep generation total 13696K, used 5298K [0x00000000ff2a0000, 0x0000000100000000, 0x0000000100000000)
 Metaspace       used 5078K, capacity 5258K, committed 5504K, reserved 1056768K
  class space    used 557K, capacity 597K, committed 640K, reserved 1048576K
}
{Heap before GC invocations=820 (full 97):
 par new generation   total 6144K, used 5235K [0x00000000fec00000, 0x00000000ff2a0000, 0x00000000ff2a0000)
  eden space 5504K,  95% used [0x00000000fec00000, 0x00000000ff11b780, 0x00000000ff160000)
  from space 640K,   0% used [0x00000000ff200000, 0x00000000ff201830, 0x00000000ff2a0000)
  to   space 640K,   0% used [0x00000000ff160000, 0x00000000ff160000, 0x00000000ff200000)
 concurrent mark-sweep generation total 13696K, used 5298K [0x00000000ff2a0000, 0x0000000100000000, 0x0000000100000000)
 Metaspace       used 5078K, capacity 5258K, committed 5504K, reserved 1056768K
  class space    used 557K, capacity 597K, committed 640K, reserved 1048576K
2024-07-16T17:10:19.790+0800: 6.459: [GC (Allocation Failure) 2024-07-16T17:10:19.790+0800: 6.459: [ParNew: 5235K->2K(6144K), 0.0003529 secs] 10534K->5300K(19840K), 0.0004293 secs] [Times: user=0.00 sys=0.00, real=0.00 secs] 
Heap after GC invocations=821 (full 97):
 par new generation   total 6144K, used 2K [0x00000000fec00000, 0x00000000ff2a0000, 0x00000000ff2a0000)
  eden space 5504K,   0% used [0x00000000fec00000, 0x00000000fec00000, 0x00000000ff160000)
  from space 640K,   0% used [0x00000000ff160000, 0x00000000ff160810, 0x00000000ff200000)
  to   space 640K,   0% used [0x00000000ff200000, 0x00000000ff200000, 0x00000000ff2a0000)
 concurrent mark-sweep generation total 13696K, used 5298K [0x00000000ff2a0000, 0x0000000100000000, 0x0000000100000000)
 Metaspace       used 5078K, capacity 5258K, committed 5504K, reserved 1056768K
  class space    used 557K, capacity 597K, committed 640K, reserved 1048576K
}
{Heap before GC invocations=821 (full 97):
 par new generation   total 6144K, used 5231K [0x00000000fec00000, 0x00000000ff2a0000, 0x00000000ff2a0000)
  eden space 5504K,  95% used [0x00000000fec00000, 0x00000000ff11b780, 0x00000000ff160000)
  from space 640K,   0% used [0x00000000ff160000, 0x00000000ff160810, 0x00000000ff200000)
  to   space 640K,   0% used [0x00000000ff200000, 0x00000000ff200000, 0x00000000ff2a0000)
 concurrent mark-sweep generation total 13696K, used 5298K [0x00000000ff2a0000, 0x0000000100000000, 0x0000000100000000)
 Metaspace       used 5078K, capacity 5258K, committed 5504K, reserved 1056768K
  class space    used 557K, capacity 597K, committed 640K, reserved 1048576K
2024-07-16T17:10:19.799+0800: 6.468: [GC (Allocation Failure) 2024-07-16T17:10:19.799+0800: 6.468: [ParNew: 5231K->6K(6144K), 0.0003803 secs] 10530K->6331K(19840K), 0.0004215 secs] [Times: user=0.00 sys=0.00, real=0.00 secs] 
Heap after GC invocations=822 (full 97):
 par new generation   total 6144K, used 6K [0x00000000fec00000, 0x00000000ff2a0000, 0x00000000ff2a0000)
  eden space 5504K,   0% used [0x00000000fec00000, 0x00000000fec00000, 0x00000000ff160000)
  from space 640K,   0% used [0x00000000ff200000, 0x00000000ff201830, 0x00000000ff2a0000)
  to   space 640K,   0% used [0x00000000ff160000, 0x00000000ff160000, 0x00000000ff200000)
 concurrent mark-sweep generation total 13696K, used 6325K [0x00000000ff2a0000, 0x0000000100000000, 0x0000000100000000)
 Metaspace       used 5078K, capacity 5258K, committed 5504K, reserved 1056768K
  class space    used 557K, capacity 597K, committed 640K, reserved 1048576K
}
{Heap before GC invocations=822 (full 97):
 par new generation   total 6144K, used 5235K [0x00000000fec00000, 0x00000000ff2a0000, 0x00000000ff2a0000)
  eden space 5504K,  95% used [0x00000000fec00000, 0x00000000ff11b780, 0x00000000ff160000)
  from space 640K,   0% used [0x00000000ff200000, 0x00000000ff201830, 0x00000000ff2a0000)
  to   space 640K,   0% used [0x00000000ff160000, 0x00000000ff160000, 0x00000000ff200000)
 concurrent mark-sweep generation total 13696K, used 6325K [0x00000000ff2a0000, 0x0000000100000000, 0x0000000100000000)
 Metaspace       used 5078K, capacity 5258K, committed 5504K, reserved 1056768K
  class space    used 557K, capacity 597K, committed 640K, reserved 1048576K
2024-07-16T17:10:19.806+0800: 6.475: [GC (Allocation Failure) 2024-07-16T17:10:19.806+0800: 6.475: [ParNew: 5235K->6K(6144K), 0.0003446 secs] 11560K->7357K(19840K), 0.0003769 secs] [Times: user=0.00 sys=0.00, real=0.00 secs] 
Heap after GC invocations=823 (full 97):
 par new generation   total 6144K, used 6K [0x00000000fec00000, 0x00000000ff2a0000, 0x00000000ff2a0000)
  eden space 5504K,   0% used [0x00000000fec00000, 0x00000000fec00000, 0x00000000ff160000)
  from space 640K,   0% used [0x00000000ff160000, 0x00000000ff161830, 0x00000000ff200000)
  to   space 640K,   0% used [0x00000000ff200000, 0x00000000ff200000, 0x00000000ff2a0000)
 concurrent mark-sweep generation total 13696K, used 7351K [0x00000000ff2a0000, 0x0000000100000000, 0x0000000100000000)
 Metaspace       used 5078K, capacity 5258K, committed 5504K, reserved 1056768K
  class space    used 557K, capacity 597K, committed 640K, reserved 1048576K
}
2024-07-16T17:10:19.806+0800: 6.475: [GC (CMS Initial Mark) [1 CMS-initial-mark: 7351K(13696K)] 8381K(19840K), 0.0004363 secs] [Times: user=0.00 sys=0.00, real=0.00 secs] 
2024-07-16T17:10:19.807+0800: 6.476: [CMS-concurrent-mark-start]
2024-07-16T17:10:19.811+0800: 6.480: [CMS-concurrent-mark: 0.004/0.004 secs] [Times: user=0.00 sys=0.00, real=0.00 secs] 
2024-07-16T17:10:19.811+0800: 6.480: [CMS-concurrent-preclean-start]
2024-07-16T17:10:19.811+0800: 6.480: [CMS-concurrent-preclean: 0.000/0.000 secs] [Times: user=0.00 sys=0.00, real=0.00 secs] 
2024-07-16T17:10:19.811+0800: 6.480: [CMS-concurrent-abortable-preclean-start]
{Heap before GC invocations=823 (full 98):
 par new generation   total 6144K, used 5235K [0x00000000fec00000, 0x00000000ff2a0000, 0x00000000ff2a0000)
  eden space 5504K,  95% used [0x00000000fec00000, 0x00000000ff11b780, 0x00000000ff160000)
  from space 640K,   0% used [0x00000000ff160000, 0x00000000ff161830, 0x00000000ff200000)
  to   space 640K,   0% used [0x00000000ff200000, 0x00000000ff200000, 0x00000000ff2a0000)
 concurrent mark-sweep generation total 13696K, used 7351K [0x00000000ff2a0000, 0x0000000100000000, 0x0000000100000000)
 Metaspace       used 5078K, capacity 5258K, committed 5504K, reserved 1056768K
  class space    used 557K, capacity 597K, committed 640K, reserved 1048576K
2024-07-16T17:10:19.816+0800: 6.485: [GC (Allocation Failure) 2024-07-16T17:10:19.816+0800: 6.485: [ParNew: 5235K->4K(6144K), 0.0002630 secs] 12587K->7355K(19840K), 0.0002976 secs] [Times: user=0.00 sys=0.00, real=0.00 secs] 
Heap after GC invocations=824 (full 98):
 par new generation   total 6144K, used 4K [0x00000000fec00000, 0x00000000ff2a0000, 0x00000000ff2a0000)
  eden space 5504K,   0% used [0x00000000fec00000, 0x00000000fec00000, 0x00000000ff160000)
  from space 640K,   0% used [0x00000000ff200000, 0x00000000ff201020, 0x00000000ff2a0000)
  to   space 640K,   0% used [0x00000000ff160000, 0x00000000ff160000, 0x00000000ff200000)
 concurrent mark-sweep generation total 13696K, used 7351K [0x00000000ff2a0000, 0x0000000100000000, 0x0000000100000000)
 Metaspace       used 5078K, capacity 5258K, committed 5504K, reserved 1056768K
  class space    used 557K, capacity 597K, committed 640K, reserved 1048576K
}
{Heap before GC invocations=824 (full 98):
 par new generation   total 6144K, used 5233K [0x00000000fec00000, 0x00000000ff2a0000, 0x00000000ff2a0000)
  eden space 5504K,  95% used [0x00000000fec00000, 0x00000000ff11b780, 0x00000000ff160000)
  from space 640K,   0% used [0x00000000ff200000, 0x00000000ff201020, 0x00000000ff2a0000)
  to   space 640K,   0% used [0x00000000ff160000, 0x00000000ff160000, 0x00000000ff200000)
 concurrent mark-sweep generation total 13696K, used 7351K [0x00000000ff2a0000, 0x0000000100000000, 0x0000000100000000)
 Metaspace       used 5078K, capacity 5258K, committed 5504K, reserved 1056768K
  class space    used 557K, capacity 597K, committed 640K, reserved 1048576K
2024-07-16T17:10:19.823+0800: 6.492: [GC (Allocation Failure) 2024-07-16T17:10:19.823+0800: 6.492: [ParNew: 5233K->4K(6144K), 0.0002560 secs] 12584K->7355K(19840K), 0.0002990 secs] [Times: user=0.00 sys=0.00, real=0.00 secs] 
Heap after GC invocations=825 (full 98):
 par new generation   total 6144K, used 4K [0x00000000fec00000, 0x00000000ff2a0000, 0x00000000ff2a0000)
  eden space 5504K,   0% used [0x00000000fec00000, 0x00000000fec00000, 0x00000000ff160000)
  from space 640K,   0% used [0x00000000ff160000, 0x00000000ff161020, 0x00000000ff200000)
  to   space 640K,   0% used [0x00000000ff200000, 0x00000000ff200000, 0x00000000ff2a0000)
 concurrent mark-sweep generation total 13696K, used 7351K [0x00000000ff2a0000, 0x0000000100000000, 0x0000000100000000)
 Metaspace       used 5078K, capacity 5258K, committed 5504K, reserved 1056768K
  class space    used 557K, capacity 597K, committed 640K, reserved 1048576K
}
{Heap before GC invocations=825 (full 98):
 par new generation   total 6144K, used 5233K [0x00000000fec00000, 0x00000000ff2a0000, 0x00000000ff2a0000)
  eden space 5504K,  95% used [0x00000000fec00000, 0x00000000ff11b780, 0x00000000ff160000)
  from space 640K,   0% used [0x00000000ff160000, 0x00000000ff161020, 0x00000000ff200000)
  to   space 640K,   0% used [0x00000000ff200000, 0x00000000ff200000, 0x00000000ff2a0000)
 concurrent mark-sweep generation total 13696K, used 7351K [0x00000000ff2a0000, 0x0000000100000000, 0x0000000100000000)
 Metaspace       used 5078K, capacity 5258K, committed 5504K, reserved 1056768K
  class space    used 557K, capacity 597K, committed 640K, reserved 1048576K
2024-07-16T17:10:19.829+0800: 6.498: [GC (Allocation Failure) 2024-07-16T17:10:19.829+0800: 6.498: [ParNew: 5233K->8K(6144K), 0.0005399 secs] 12584K->8385K(19840K), 0.0005987 secs] [Times: user=0.00 sys=0.00, real=0.00 secs] 
Heap after GC invocations=826 (full 98):
 par new generation   total 6144K, used 8K [0x00000000fec00000, 0x00000000ff2a0000, 0x00000000ff2a0000)
  eden space 5504K,   0% used [0x00000000fec00000, 0x00000000fec00000, 0x00000000ff160000)
  from space 640K,   1% used [0x00000000ff200000, 0x00000000ff202040, 0x00000000ff2a0000)
  to   space 640K,   0% used [0x00000000ff160000, 0x00000000ff160000, 0x00000000ff200000)
 concurrent mark-sweep generation total 13696K, used 8377K [0x00000000ff2a0000, 0x0000000100000000, 0x0000000100000000)
 Metaspace       used 5078K, capacity 5258K, committed 5504K, reserved 1056768K
  class space    used 557K, capacity 597K, committed 640K, reserved 1048576K
}
{Heap before GC invocations=826 (full 98):
 par new generation   total 6144K, used 5237K [0x00000000fec00000, 0x00000000ff2a0000, 0x00000000ff2a0000)
  eden space 5504K,  95% used [0x00000000fec00000, 0x00000000ff11b780, 0x00000000ff160000)
  from space 640K,   1% used [0x00000000ff200000, 0x00000000ff202040, 0x00000000ff2a0000)
  to   space 640K,   0% used [0x00000000ff160000, 0x00000000ff160000, 0x00000000ff200000)
 concurrent mark-sweep generation total 13696K, used 8377K [0x00000000ff2a0000, 0x0000000100000000, 0x0000000100000000)
 Metaspace       used 5078K, capacity 5258K, committed 5504K, reserved 1056768K
  class space    used 557K, capacity 597K, committed 640K, reserved 1048576K
2024-07-16T17:10:19.837+0800: 6.506: [GC (Allocation Failure) 2024-07-16T17:10:19.837+0800: 6.506: [ParNew: 5237K->4K(6144K), 0.0002603 secs] 13615K->8381K(19840K), 0.0003008 secs] [Times: user=0.00 sys=0.00, real=0.00 secs] 
Heap after GC invocations=827 (full 98):
 par new generation   total 6144K, used 4K [0x00000000fec00000, 0x00000000ff2a0000, 0x00000000ff2a0000)
  eden space 5504K,   0% used [0x00000000fec00000, 0x00000000fec00000, 0x00000000ff160000)
  from space 640K,   0% used [0x00000000ff160000, 0x00000000ff161020, 0x00000000ff200000)
  to   space 640K,   0% used [0x00000000ff200000, 0x00000000ff200000, 0x00000000ff2a0000)
 concurrent mark-sweep generation total 13696K, used 8377K [0x00000000ff2a0000, 0x0000000100000000, 0x0000000100000000)
 Metaspace       used 5078K, capacity 5258K, committed 5504K, reserved 1056768K
  class space    used 557K, capacity 597K, committed 640K, reserved 1048576K
}
{Heap before GC invocations=827 (full 98):
 par new generation   total 6144K, used 5233K [0x00000000fec00000, 0x00000000ff2a0000, 0x00000000ff2a0000)
  eden space 5504K,  95% used [0x00000000fec00000, 0x00000000ff11b780, 0x00000000ff160000)
  from space 640K,   0% used [0x00000000ff160000, 0x00000000ff161020, 0x00000000ff200000)
  to   space 640K,   0% used [0x00000000ff200000, 0x00000000ff200000, 0x00000000ff2a0000)
 concurrent mark-sweep generation total 13696K, used 8377K [0x00000000ff2a0000, 0x0000000100000000, 0x0000000100000000)
 Metaspace       used 5078K, capacity 5258K, committed 5504K, reserved 1056768K
  class space    used 557K, capacity 597K, committed 640K, reserved 1048576K
2024-07-16T17:10:19.844+0800: 6.513: [GC (Allocation Failure) 2024-07-16T17:10:19.844+0800: 6.513: [ParNew: 5233K->2K(6144K), 0.0004023 secs] 13611K->8379K(19840K), 0.0004596 secs] [Times: user=0.00 sys=0.00, real=0.00 secs] 
Heap after GC invocations=828 (full 98):
 par new generation   total 6144K, used 2K [0x00000000fec00000, 0x00000000ff2a0000, 0x00000000ff2a0000)
  eden space 5504K,   0% used [0x00000000fec00000, 0x00000000fec00000, 0x00000000ff160000)
  from space 640K,   0% used [0x00000000ff200000, 0x00000000ff200810, 0x00000000ff2a0000)
  to   space 640K,   0% used [0x00000000ff160000, 0x00000000ff160000, 0x00000000ff200000)
 concurrent mark-sweep generation total 13696K, used 8377K [0x00000000ff2a0000, 0x0000000100000000, 0x0000000100000000)
 Metaspace       used 5078K, capacity 5258K, committed 5504K, reserved 1056768K
  class space    used 557K, capacity 597K, committed 640K, reserved 1048576K
}
{Heap before GC invocations=828 (full 98):
 par new generation   total 6144K, used 5231K [0x00000000fec00000, 0x00000000ff2a0000, 0x00000000ff2a0000)
  eden space 5504K,  95% used [0x00000000fec00000, 0x00000000ff11b780, 0x00000000ff160000)
  from space 640K,   0% used [0x00000000ff200000, 0x00000000ff200810, 0x00000000ff2a0000)
  to   space 640K,   0% used [0x00000000ff160000, 0x00000000ff160000, 0x00000000ff200000)
 concurrent mark-sweep generation total 13696K, used 8377K [0x00000000ff2a0000, 0x0000000100000000, 0x0000000100000000)
 Metaspace       used 5078K, capacity 5258K, committed 5504K, reserved 1056768K
  class space    used 557K, capacity 597K, committed 640K, reserved 1048576K
2024-07-16T17:10:19.851+0800: 6.520: [GC (Allocation Failure) 2024-07-16T17:10:19.851+0800: 6.520: [ParNew: 5231K->8K(6144K), 0.0003535 secs] 13609K->9409K(19840K), 0.0003973 secs] [Times: user=0.00 sys=0.00, real=0.00 secs] 
Heap after GC invocations=829 (full 98):
 par new generation   total 6144K, used 8K [0x00000000fec00000, 0x00000000ff2a0000, 0x00000000ff2a0000)
  eden space 5504K,   0% used [0x00000000fec00000, 0x00000000fec00000, 0x00000000ff160000)
  from space 640K,   1% used [0x00000000ff160000, 0x00000000ff162040, 0x00000000ff200000)
  to   space 640K,   0% used [0x00000000ff200000, 0x00000000ff200000, 0x00000000ff2a0000)
 concurrent mark-sweep generation total 13696K, used 9401K [0x00000000ff2a0000, 0x0000000100000000, 0x0000000100000000)
 Metaspace       used 5078K, capacity 5258K, committed 5504K, reserved 1056768K
  class space    used 557K, capacity 597K, committed 640K, reserved 1048576K
}
{Heap before GC invocations=829 (full 98):
 par new generation   total 6144K, used 5237K [0x00000000fec00000, 0x00000000ff2a0000, 0x00000000ff2a0000)
  eden space 5504K,  95% used [0x00000000fec00000, 0x00000000ff11b780, 0x00000000ff160000)
  from space 640K,   1% used [0x00000000ff160000, 0x00000000ff162040, 0x00000000ff200000)
  to   space 640K,   0% used [0x00000000ff200000, 0x00000000ff200000, 0x00000000ff2a0000)
 concurrent mark-sweep generation total 13696K, used 9401K [0x00000000ff2a0000, 0x0000000100000000, 0x0000000100000000)
 Metaspace       used 5078K, capacity 5258K, committed 5504K, reserved 1056768K
  class space    used 557K, capacity 597K, committed 640K, reserved 1048576K
2024-07-16T17:10:19.858+0800: 6.527: [GC (Allocation Failure) 2024-07-16T17:10:19.858+0800: 6.527: [ParNew: 5237K->8K(6144K), 0.0003604 secs] 14639K->10435K(19840K), 0.0004022 secs] [Times: user=0.00 sys=0.00, real=0.00 secs] 
Heap after GC invocations=830 (full 98):
 par new generation   total 6144K, used 8K [0x00000000fec00000, 0x00000000ff2a0000, 0x00000000ff2a0000)
  eden space 5504K,   0% used [0x00000000fec00000, 0x00000000fec00000, 0x00000000ff160000)
  from space 640K,   1% used [0x00000000ff200000, 0x00000000ff202040, 0x00000000ff2a0000)
  to   space 640K,   0% used [0x00000000ff160000, 0x00000000ff160000, 0x00000000ff200000)
 concurrent mark-sweep generation total 13696K, used 10427K [0x00000000ff2a0000, 0x0000000100000000, 0x0000000100000000)
 Metaspace       used 5078K, capacity 5258K, committed 5504K, reserved 1056768K
  class space    used 557K, capacity 597K, committed 640K, reserved 1048576K
}
{Heap before GC invocations=830 (full 98):
 par new generation   total 6144K, used 5237K [0x00000000fec00000, 0x00000000ff2a0000, 0x00000000ff2a0000)
  eden space 5504K,  95% used [0x00000000fec00000, 0x00000000ff11b780, 0x00000000ff160000)
  from space 640K,   1% used [0x00000000ff200000, 0x00000000ff202040, 0x00000000ff2a0000)
  to   space 640K,   0% used [0x00000000ff160000, 0x00000000ff160000, 0x00000000ff200000)
 concurrent mark-sweep generation total 13696K, used 10427K [0x00000000ff2a0000, 0x0000000100000000, 0x0000000100000000)
 Metaspace       used 5078K, capacity 5258K, committed 5504K, reserved 1056768K
  class space    used 557K, capacity 597K, committed 640K, reserved 1048576K
2024-07-16T17:10:19.865+0800: 6.534: [GC (Allocation Failure) 2024-07-16T17:10:19.865+0800: 6.534: [ParNew: 5237K->4K(6144K), 0.0002993 secs] 15665K->10431K(19840K), 0.0003437 secs] [Times: user=0.00 sys=0.00, real=0.00 secs] 
Heap after GC invocations=831 (full 98):
 par new generation   total 6144K, used 4K [0x00000000fec00000, 0x00000000ff2a0000, 0x00000000ff2a0000)
  eden space 5504K,   0% used [0x00000000fec00000, 0x00000000fec00000, 0x00000000ff160000)
  from space 640K,   0% used [0x00000000ff160000, 0x00000000ff161020, 0x00000000ff200000)
  to   space 640K,   0% used [0x00000000ff200000, 0x00000000ff200000, 0x00000000ff2a0000)
 concurrent mark-sweep generation total 13696K, used 10427K [0x00000000ff2a0000, 0x0000000100000000, 0x0000000100000000)
 Metaspace       used 5078K, capacity 5258K, committed 5504K, reserved 1056768K
  class space    used 557K, capacity 597K, committed 640K, reserved 1048576K
}
{Heap before GC invocations=831 (full 98):
 par new generation   total 6144K, used 5233K [0x00000000fec00000, 0x00000000ff2a0000, 0x00000000ff2a0000)
  eden space 5504K,  95% used [0x00000000fec00000, 0x00000000ff11b780, 0x00000000ff160000)
  from space 640K,   0% used [0x00000000ff160000, 0x00000000ff161020, 0x00000000ff200000)
  to   space 640K,   0% used [0x00000000ff200000, 0x00000000ff200000, 0x00000000ff2a0000)
 concurrent mark-sweep generation total 13696K, used 10427K [0x00000000ff2a0000, 0x0000000100000000, 0x0000000100000000)
 Metaspace       used 5078K, capacity 5258K, committed 5504K, reserved 1056768K
  class space    used 557K, capacity 597K, committed 640K, reserved 1048576K
2024-07-16T17:10:19.873+0800: 6.542: [GC (Allocation Failure) 2024-07-16T17:10:19.873+0800: 6.542: [ParNew: 5233K->4K(6144K), 0.0002594 secs] 15661K->10431K(19840K), 0.0003068 secs] [Times: user=0.00 sys=0.00, real=0.00 secs] 
Heap after GC invocations=832 (full 98):
 par new generation   total 6144K, used 4K [0x00000000fec00000, 0x00000000ff2a0000, 0x00000000ff2a0000)
  eden space 5504K,   0% used [0x00000000fec00000, 0x00000000fec00000, 0x00000000ff160000)
  from space 640K,   0% used [0x00000000ff200000, 0x00000000ff201020, 0x00000000ff2a0000)
  to   space 640K,   0% used [0x00000000ff160000, 0x00000000ff160000, 0x00000000ff200000)
 concurrent mark-sweep generation total 13696K, used 10427K [0x00000000ff2a0000, 0x0000000100000000, 0x0000000100000000)
 Metaspace       used 5078K, capacity 5258K, committed 5504K, reserved 1056768K
  class space    used 557K, capacity 597K, committed 640K, reserved 1048576K
}
{Heap before GC invocations=832 (full 98):
 par new generation   total 6144K, used 5233K [0x00000000fec00000, 0x00000000ff2a0000, 0x00000000ff2a0000)
  eden space 5504K,  95% used [0x00000000fec00000, 0x00000000ff11b780, 0x00000000ff160000)
  from space 640K,   0% used [0x00000000ff200000, 0x00000000ff201020, 0x00000000ff2a0000)
  to   space 640K,   0% used [0x00000000ff160000, 0x00000000ff160000, 0x00000000ff200000)
 concurrent mark-sweep generation total 13696K, used 10427K [0x00000000ff2a0000, 0x0000000100000000, 0x0000000100000000)
 Metaspace       used 5078K, capacity 5258K, committed 5504K, reserved 1056768K
  class space    used 557K, capacity 597K, committed 640K, reserved 1048576K
2024-07-16T17:10:19.881+0800: 6.550: [GC (Allocation Failure) 2024-07-16T17:10:19.881+0800: 6.550: [ParNew: 5233K->4K(6144K), 0.0002932 secs] 15661K->10431K(19840K), 0.0003216 secs] [Times: user=0.00 sys=0.00, real=0.00 secs] 
Heap after GC invocations=833 (full 98):
 par new generation   total 6144K, used 4K [0x00000000fec00000, 0x00000000ff2a0000, 0x00000000ff2a0000)
  eden space 5504K,   0% used [0x00000000fec00000, 0x00000000fec00000, 0x00000000ff160000)
  from space 640K,   0% used [0x00000000ff160000, 0x00000000ff161020, 0x00000000ff200000)
  to   space 640K,   0% used [0x00000000ff200000, 0x00000000ff200000, 0x00000000ff2a0000)
 concurrent mark-sweep generation total 13696K, used 10427K [0x00000000ff2a0000, 0x0000000100000000, 0x0000000100000000)
 Metaspace       used 5078K, capacity 5258K, committed 5504K, reserved 1056768K
  class space    used 557K, capacity 597K, committed 640K, reserved 1048576K
}
{Heap before GC invocations=833 (full 98):
 par new generation   total 6144K, used 5233K [0x00000000fec00000, 0x00000000ff2a0000, 0x00000000ff2a0000)
  eden space 5504K,  95% used [0x00000000fec00000, 0x00000000ff11b780, 0x00000000ff160000)
  from space 640K,   0% used [0x00000000ff160000, 0x00000000ff161020, 0x00000000ff200000)
  to   space 640K,   0% used [0x00000000ff200000, 0x00000000ff200000, 0x00000000ff2a0000)
 concurrent mark-sweep generation total 13696K, used 10427K [0x00000000ff2a0000, 0x0000000100000000, 0x0000000100000000)
 Metaspace       used 5078K, capacity 5258K, committed 5504K, reserved 1056768K
  class space    used 557K, capacity 597K, committed 640K, reserved 1048576K
2024-07-16T17:10:19.888+0800: 6.557: [GC (Allocation Failure) 2024-07-16T17:10:19.888+0800: 6.557: [ParNew: 5233K->4K(6144K), 0.0002857 secs] 15661K->10431K(19840K), 0.0003217 secs] [Times: user=0.00 sys=0.00, real=0.00 secs] 
Heap after GC invocations=834 (full 98):
 par new generation   total 6144K, used 4K [0x00000000fec00000, 0x00000000ff2a0000, 0x00000000ff2a0000)
  eden space 5504K,   0% used [0x00000000fec00000, 0x00000000fec00000, 0x00000000ff160000)
  from space 640K,   0% used [0x00000000ff200000, 0x00000000ff201020, 0x00000000ff2a0000)
  to   space 640K,   0% used [0x00000000ff160000, 0x00000000ff160000, 0x00000000ff200000)
 concurrent mark-sweep generation total 13696K, used 10427K [0x00000000ff2a0000, 0x0000000100000000, 0x0000000100000000)
 Metaspace       used 5078K, capacity 5258K, committed 5504K, reserved 1056768K
  class space    used 557K, capacity 597K, committed 640K, reserved 1048576K
}
{Heap before GC invocations=834 (full 98):
 par new generation   total 6144K, used 5233K [0x00000000fec00000, 0x00000000ff2a0000, 0x00000000ff2a0000)
  eden space 5504K,  95% used [0x00000000fec00000, 0x00000000ff11b780, 0x00000000ff160000)
  from space 640K,   0% used [0x00000000ff200000, 0x00000000ff201020, 0x00000000ff2a0000)
  to   space 640K,   0% used [0x00000000ff160000, 0x00000000ff160000, 0x00000000ff200000)
 concurrent mark-sweep generation total 13696K, used 10427K [0x00000000ff2a0000, 0x0000000100000000, 0x0000000100000000)
 Metaspace       used 5078K, capacity 5258K, committed 5504K, reserved 1056768K
  class space    used 557K, capacity 597K, committed 640K, reserved 1048576K
2024-07-16T17:10:19.895+0800: 6.564: [GC (Allocation Failure) 2024-07-16T17:10:19.895+0800: 6.564: [ParNew: 5233K->4K(6144K), 0.0002871 secs] 15661K->10431K(19840K), 0.0003265 secs] [Times: user=0.00 sys=0.00, real=0.00 secs] 
Heap after GC invocations=835 (full 98):
 par new generation   total 6144K, used 4K [0x00000000fec00000, 0x00000000ff2a0000, 0x00000000ff2a0000)
  eden space 5504K,   0% used [0x00000000fec00000, 0x00000000fec00000, 0x00000000ff160000)
  from space 640K,   0% used [0x00000000ff160000, 0x00000000ff161020, 0x00000000ff200000)
  to   space 640K,   0% used [0x00000000ff200000, 0x00000000ff200000, 0x00000000ff2a0000)
 concurrent mark-sweep generation total 13696K, used 10427K [0x00000000ff2a0000, 0x0000000100000000, 0x0000000100000000)
 Metaspace       used 5078K, capacity 5258K, committed 5504K, reserved 1056768K
  class space    used 557K, capacity 597K, committed 640K, reserved 1048576K
}
{Heap before GC invocations=835 (full 98):
 par new generation   total 6144K, used 5233K [0x00000000fec00000, 0x00000000ff2a0000, 0x00000000ff2a0000)
  eden space 5504K,  95% used [0x00000000fec00000, 0x00000000ff11b780, 0x00000000ff160000)
  from space 640K,   0% used [0x00000000ff160000, 0x00000000ff161020, 0x00000000ff200000)
  to   space 640K,   0% used [0x00000000ff200000, 0x00000000ff200000, 0x00000000ff2a0000)
 concurrent mark-sweep generation total 13696K, used 10427K [0x00000000ff2a0000, 0x0000000100000000, 0x0000000100000000)
 Metaspace       used 5078K, capacity 5258K, committed 5504K, reserved 1056768K
  class space    used 557K, capacity 597K, committed 640K, reserved 1048576K
2024-07-16T17:10:19.903+0800: 6.572: [GC (Allocation Failure) 2024-07-16T17:10:19.903+0800: 6.572: [ParNew: 5233K->4K(6144K), 0.0002763 secs] 15661K->10431K(19840K), 0.0003040 secs] [Times: user=0.00 sys=0.00, real=0.00 secs] 
Heap after GC invocations=836 (full 98):
 par new generation   total 6144K, used 4K [0x00000000fec00000, 0x00000000ff2a0000, 0x00000000ff2a0000)
  eden space 5504K,   0% used [0x00000000fec00000, 0x00000000fec00000, 0x00000000ff160000)
  from space 640K,   0% used [0x00000000ff200000, 0x00000000ff201020, 0x00000000ff2a0000)
  to   space 640K,   0% used [0x00000000ff160000, 0x00000000ff160000, 0x00000000ff200000)
 concurrent mark-sweep generation total 13696K, used 10427K [0x00000000ff2a0000, 0x0000000100000000, 0x0000000100000000)
 Metaspace       used 5078K, capacity 5258K, committed 5504K, reserved 1056768K
  class space    used 557K, capacity 597K, committed 640K, reserved 1048576K
}
{Heap before GC invocations=836 (full 98):
 par new generation   total 6144K, used 5233K [0x00000000fec00000, 0x00000000ff2a0000, 0x00000000ff2a0000)
  eden space 5504K,  95% used [0x00000000fec00000, 0x00000000ff11b780, 0x00000000ff160000)
  from space 640K,   0% used [0x00000000ff200000, 0x00000000ff201020, 0x00000000ff2a0000)
  to   space 640K,   0% used [0x00000000ff160000, 0x00000000ff160000, 0x00000000ff200000)
 concurrent mark-sweep generation total 13696K, used 10427K [0x00000000ff2a0000, 0x0000000100000000, 0x0000000100000000)
 Metaspace       used 5078K, capacity 5258K, committed 5504K, reserved 1056768K
  class space    used 557K, capacity 597K, committed 640K, reserved 1048576K
2024-07-16T17:10:19.910+0800: 6.579: [GC (Allocation Failure) 2024-07-16T17:10:19.910+0800: 6.579: [ParNew: 5233K->8K(6144K), 0.0003788 secs] 15661K->11459K(19840K), 0.0004166 secs] [Times: user=0.00 sys=0.00, real=0.00 secs] 
Heap after GC invocations=837 (full 98):
 par new generation   total 6144K, used 8K [0x00000000fec00000, 0x00000000ff2a0000, 0x00000000ff2a0000)
  eden space 5504K,   0% used [0x00000000fec00000, 0x00000000fec00000, 0x00000000ff160000)
  from space 640K,   1% used [0x00000000ff160000, 0x00000000ff162040, 0x00000000ff200000)
  to   space 640K,   0% used [0x00000000ff200000, 0x00000000ff200000, 0x00000000ff2a0000)
 concurrent mark-sweep generation total 13696K, used 11451K [0x00000000ff2a0000, 0x0000000100000000, 0x0000000100000000)
 Metaspace       used 5078K, capacity 5258K, committed 5504K, reserved 1056768K
  class space    used 557K, capacity 597K, committed 640K, reserved 1048576K
}
{Heap before GC invocations=837 (full 98):
 par new generation   total 6144K, used 5237K [0x00000000fec00000, 0x00000000ff2a0000, 0x00000000ff2a0000)
  eden space 5504K,  95% used [0x00000000fec00000, 0x00000000ff11b780, 0x00000000ff160000)
  from space 640K,   1% used [0x00000000ff160000, 0x00000000ff162040, 0x00000000ff200000)
  to   space 640K,   0% used [0x00000000ff200000, 0x00000000ff200000, 0x00000000ff2a0000)
 concurrent mark-sweep generation total 13696K, used 11451K [0x00000000ff2a0000, 0x0000000100000000, 0x0000000100000000)
 Metaspace       used 5078K, capacity 5258K, committed 5504K, reserved 1056768K
  class space    used 557K, capacity 597K, committed 640K, reserved 1048576K
2024-07-16T17:10:19.917+0800: 6.586: [GC (Allocation Failure) 2024-07-16T17:10:19.917+0800: 6.586: [ParNew: 5237K->10K(6144K), 0.0007742 secs] 16689K->12485K(19840K), 0.0008640 secs] [Times: user=0.00 sys=0.00, real=0.00 secs] 
Heap after GC invocations=838 (full 98):
 par new generation   total 6144K, used 10K [0x00000000fec00000, 0x00000000ff2a0000, 0x00000000ff2a0000)
  eden space 5504K,   0% used [0x00000000fec00000, 0x00000000fec00000, 0x00000000ff160000)
  from space 640K,   1% used [0x00000000ff200000, 0x00000000ff202850, 0x00000000ff2a0000)
  to   space 640K,   0% used [0x00000000ff160000, 0x00000000ff160000, 0x00000000ff200000)
 concurrent mark-sweep generation total 13696K, used 12475K [0x00000000ff2a0000, 0x0000000100000000, 0x0000000100000000)
 Metaspace       used 5078K, capacity 5258K, committed 5504K, reserved 1056768K
  class space    used 557K, capacity 597K, committed 640K, reserved 1048576K
}
{Heap before GC invocations=838 (full 98):
 par new generation   total 6144K, used 5239K [0x00000000fec00000, 0x00000000ff2a0000, 0x00000000ff2a0000)
  eden space 5504K,  95% used [0x00000000fec00000, 0x00000000ff11b780, 0x00000000ff160000)
  from space 640K,   1% used [0x00000000ff200000, 0x00000000ff202850, 0x00000000ff2a0000)
  to   space 640K,   0% used [0x00000000ff160000, 0x00000000ff160000, 0x00000000ff200000)
 concurrent mark-sweep generation total 13696K, used 12475K [0x00000000ff2a0000, 0x0000000100000000, 0x0000000100000000)
 Metaspace       used 5078K, capacity 5258K, committed 5504K, reserved 1056768K
  class space    used 557K, capacity 597K, committed 640K, reserved 1048576K
2024-07-16T17:10:19.925+0800: 6.594: [GC (Allocation Failure) 2024-07-16T17:10:19.925+0800: 6.594: [ParNew: 5239K->5239K(6144K), 0.0000202 secs]2024-07-16T17:10:19.925+0800: 6.594: [CMS2024-07-16T17:10:19.925+0800: 6.594: [CMS-concurrent-abortable-preclean: 0.001/0.113 secs] [Times: user=0.00 sys=0.00, real=0.11 secs] 
 (concurrent mode failure): 12475K->2220K(13696K), 0.0049643 secs] 17715K->2220K(19840K), [Metaspace: 5078K->5078K(1056768K)], 0.0050571 secs] [Times: user=0.00 sys=0.00, real=0.01 secs] 
Heap after GC invocations=839 (full 99):
 par new generation   total 6144K, used 0K [0x00000000fec00000, 0x00000000ff2a0000, 0x00000000ff2a0000)
  eden space 5504K,   0% used [0x00000000fec00000, 0x00000000fec00000, 0x00000000ff160000)
  from space 640K,   0% used [0x00000000ff200000, 0x00000000ff200000, 0x00000000ff2a0000)
  to   space 640K,   0% used [0x00000000ff160000, 0x00000000ff160000, 0x00000000ff200000)
 concurrent mark-sweep generation total 13696K, used 2220K [0x00000000ff2a0000, 0x0000000100000000, 0x0000000100000000)
 Metaspace       used 5078K, capacity 5258K, committed 5504K, reserved 1056768K
  class space    used 557K, capacity 597K, committed 640K, reserved 1048576K
}
{Heap before GC invocations=839 (full 99):
 par new generation   total 6144K, used 5229K [0x00000000fec00000, 0x00000000ff2a0000, 0x00000000ff2a0000)
  eden space 5504K,  95% used [0x00000000fec00000, 0x00000000ff11b780, 0x00000000ff160000)
  from space 640K,   0% used [0x00000000ff200000, 0x00000000ff200000, 0x00000000ff2a0000)
  to   space 640K,   0% used [0x00000000ff160000, 0x00000000ff160000, 0x00000000ff200000)
 concurrent mark-sweep generation total 13696K, used 2220K [0x00000000ff2a0000, 0x0000000100000000, 0x0000000100000000)
 Metaspace       used 5078K, capacity 5258K, committed 5504K, reserved 1056768K
  class space    used 557K, capacity 597K, committed 640K, reserved 1048576K
2024-07-16T17:10:19.938+0800: 6.607: [GC (Allocation Failure) 2024-07-16T17:10:19.938+0800: 6.607: [ParNew: 5229K->2K(6144K), 0.0002930 secs] 7450K->2222K(19840K), 0.0003471 secs] [Times: user=0.00 sys=0.00, real=0.00 secs] 
Heap after GC invocations=840 (full 99):
 par new generation   total 6144K, used 2K [0x00000000fec00000, 0x00000000ff2a0000, 0x00000000ff2a0000)
  eden space 5504K,   0% used [0x00000000fec00000, 0x00000000fec00000, 0x00000000ff160000)
  from space 640K,   0% used [0x00000000ff160000, 0x00000000ff160810, 0x00000000ff200000)
  to   space 640K,   0% used [0x00000000ff200000, 0x00000000ff200000, 0x00000000ff2a0000)
 concurrent mark-sweep generation total 13696K, used 2220K [0x00000000ff2a0000, 0x0000000100000000, 0x0000000100000000)
 Metaspace       used 5078K, capacity 5258K, committed 5504K, reserved 1056768K
  class space    used 557K, capacity 597K, committed 640K, reserved 1048576K
}
{Heap before GC invocations=840 (full 99):
 par new generation   total 6144K, used 5231K [0x00000000fec00000, 0x00000000ff2a0000, 0x00000000ff2a0000)
  eden space 5504K,  95% used [0x00000000fec00000, 0x00000000ff11b780, 0x00000000ff160000)
  from space 640K,   0% used [0x00000000ff160000, 0x00000000ff160810, 0x00000000ff200000)
  to   space 640K,   0% used [0x00000000ff200000, 0x00000000ff200000, 0x00000000ff2a0000)
 concurrent mark-sweep generation total 13696K, used 2220K [0x00000000ff2a0000, 0x0000000100000000, 0x0000000100000000)
 Metaspace       used 5078K, capacity 5258K, committed 5504K, reserved 1056768K
  class space    used 557K, capacity 597K, committed 640K, reserved 1048576K
2024-07-16T17:10:19.947+0800: 6.616: [GC (Allocation Failure) 2024-07-16T17:10:19.947+0800: 6.616: [ParNew: 5231K->4K(6144K), 0.0003325 secs] 7452K->2224K(19840K), 0.0003814 secs] [Times: user=0.00 sys=0.00, real=0.00 secs] 
Heap after GC invocations=841 (full 99):
 par new generation   total 6144K, used 4K [0x00000000fec00000, 0x00000000ff2a0000, 0x00000000ff2a0000)
  eden space 5504K,   0% used [0x00000000fec00000, 0x00000000fec00000, 0x00000000ff160000)
  from space 640K,   0% used [0x00000000ff200000, 0x00000000ff201020, 0x00000000ff2a0000)
  to   space 640K,   0% used [0x00000000ff160000, 0x00000000ff160000, 0x00000000ff200000)
 concurrent mark-sweep generation total 13696K, used 2220K [0x00000000ff2a0000, 0x0000000100000000, 0x0000000100000000)
 Metaspace       used 5078K, capacity 5258K, committed 5504K, reserved 1056768K
  class space    used 557K, capacity 597K, committed 640K, reserved 1048576K
}
{Heap before GC invocations=841 (full 99):
 par new generation   total 6144K, used 5233K [0x00000000fec00000, 0x00000000ff2a0000, 0x00000000ff2a0000)
  eden space 5504K,  95% used [0x00000000fec00000, 0x00000000ff11b780, 0x00000000ff160000)
  from space 640K,   0% used [0x00000000ff200000, 0x00000000ff201020, 0x00000000ff2a0000)
  to   space 640K,   0% used [0x00000000ff160000, 0x00000000ff160000, 0x00000000ff200000)
 concurrent mark-sweep generation total 13696K, used 2220K [0x00000000ff2a0000, 0x0000000100000000, 0x0000000100000000)
 Metaspace       used 5078K, capacity 5258K, committed 5504K, reserved 1056768K
  class space    used 557K, capacity 597K, committed 640K, reserved 1048576K
2024-07-16T17:10:19.952+0800: 6.621: [GC (Allocation Failure) 2024-07-16T17:10:19.952+0800: 6.621: [ParNew: 5233K->8K(6144K), 0.0004270 secs] 7454K->3255K(19840K), 0.0005228 secs] [Times: user=0.00 sys=0.00, real=0.00 secs] 
Heap after GC invocations=842 (full 99):
 par new generation   total 6144K, used 8K [0x00000000fec00000, 0x00000000ff2a0000, 0x00000000ff2a0000)
  eden space 5504K,   0% used [0x00000000fec00000, 0x00000000fec00000, 0x00000000ff160000)
  from space 640K,   1% used [0x00000000ff160000, 0x00000000ff162040, 0x00000000ff200000)
  to   space 640K,   0% used [0x00000000ff200000, 0x00000000ff200000, 0x00000000ff2a0000)
 concurrent mark-sweep generation total 13696K, used 3246K [0x00000000ff2a0000, 0x0000000100000000, 0x0000000100000000)
 Metaspace       used 5078K, capacity 5258K, committed 5504K, reserved 1056768K
  class space    used 557K, capacity 597K, committed 640K, reserved 1048576K
}
{Heap before GC invocations=842 (full 99):
 par new generation   total 6144K, used 5237K [0x00000000fec00000, 0x00000000ff2a0000, 0x00000000ff2a0000)
  eden space 5504K,  95% used [0x00000000fec00000, 0x00000000ff11b780, 0x00000000ff160000)
  from space 640K,   1% used [0x00000000ff160000, 0x00000000ff162040, 0x00000000ff200000)
  to   space 640K,   0% used [0x00000000ff200000, 0x00000000ff200000, 0x00000000ff2a0000)
 concurrent mark-sweep generation total 13696K, used 3246K [0x00000000ff2a0000, 0x0000000100000000, 0x0000000100000000)
 Metaspace       used 5078K, capacity 5258K, committed 5504K, reserved 1056768K
  class space    used 557K, capacity 597K, committed 640K, reserved 1048576K
2024-07-16T17:10:19.959+0800: 6.628: [GC (Allocation Failure) 2024-07-16T17:10:19.959+0800: 6.628: [ParNew: 5237K->4K(6144K), 0.0002813 secs] 8484K->3250K(19840K), 0.0003401 secs] [Times: user=0.00 sys=0.00, real=0.00 secs] 
Heap after GC invocations=843 (full 99):
 par new generation   total 6144K, used 4K [0x00000000fec00000, 0x00000000ff2a0000, 0x00000000ff2a0000)
  eden space 5504K,   0% used [0x00000000fec00000, 0x00000000fec00000, 0x00000000ff160000)
  from space 640K,   0% used [0x00000000ff200000, 0x00000000ff201020, 0x00000000ff2a0000)
  to   space 640K,   0% used [0x00000000ff160000, 0x00000000ff160000, 0x00000000ff200000)
 concurrent mark-sweep generation total 13696K, used 3246K [0x00000000ff2a0000, 0x0000000100000000, 0x0000000100000000)
 Metaspace       used 5078K, capacity 5258K, committed 5504K, reserved 1056768K
  class space    used 557K, capacity 597K, committed 640K, reserved 1048576K
}
{Heap before GC invocations=843 (full 99):
 par new generation   total 6144K, used 5233K [0x00000000fec00000, 0x00000000ff2a0000, 0x00000000ff2a0000)
  eden space 5504K,  95% used [0x00000000fec00000, 0x00000000ff11b780, 0x00000000ff160000)
  from space 640K,   0% used [0x00000000ff200000, 0x00000000ff201020, 0x00000000ff2a0000)
  to   space 640K,   0% used [0x00000000ff160000, 0x00000000ff160000, 0x00000000ff200000)
 concurrent mark-sweep generation total 13696K, used 3246K [0x00000000ff2a0000, 0x0000000100000000, 0x0000000100000000)
 Metaspace       used 5078K, capacity 5258K, committed 5504K, reserved 1056768K
  class space    used 557K, capacity 597K, committed 640K, reserved 1048576K
2024-07-16T17:10:19.967+0800: 6.636: [GC (Allocation Failure) 2024-07-16T17:10:19.967+0800: 6.636: [ParNew: 5233K->2K(6144K), 0.0003457 secs] 8480K->3248K(19840K), 0.0004424 secs] [Times: user=0.00 sys=0.00, real=0.00 secs] 
Heap after GC invocations=844 (full 99):
 par new generation   total 6144K, used 2K [0x00000000fec00000, 0x00000000ff2a0000, 0x00000000ff2a0000)
  eden space 5504K,   0% used [0x00000000fec00000, 0x00000000fec00000, 0x00000000ff160000)
  from space 640K,   0% used [0x00000000ff160000, 0x00000000ff160810, 0x00000000ff200000)
  to   space 640K,   0% used [0x00000000ff200000, 0x00000000ff200000, 0x00000000ff2a0000)
 concurrent mark-sweep generation total 13696K, used 3246K [0x00000000ff2a0000, 0x0000000100000000, 0x0000000100000000)
 Metaspace       used 5078K, capacity 5258K, committed 5504K, reserved 1056768K
  class space    used 557K, capacity 597K, committed 640K, reserved 1048576K
}
{Heap before GC invocations=844 (full 99):
 par new generation   total 6144K, used 5231K [0x00000000fec00000, 0x00000000ff2a0000, 0x00000000ff2a0000)
  eden space 5504K,  95% used [0x00000000fec00000, 0x00000000ff11b780, 0x00000000ff160000)
  from space 640K,   0% used [0x00000000ff160000, 0x00000000ff160810, 0x00000000ff200000)
  to   space 640K,   0% used [0x00000000ff200000, 0x00000000ff200000, 0x00000000ff2a0000)
 concurrent mark-sweep generation total 13696K, used 3246K [0x00000000ff2a0000, 0x0000000100000000, 0x0000000100000000)
 Metaspace       used 5078K, capacity 5258K, committed 5504K, reserved 1056768K
  class space    used 557K, capacity 597K, committed 640K, reserved 1048576K
2024-07-16T17:10:19.976+0800: 6.645: [GC (Allocation Failure) 2024-07-16T17:10:19.976+0800: 6.645: [ParNew: 5231K->2K(6144K), 0.0003282 secs] 8478K->3248K(19840K), 0.0003727 secs] [Times: user=0.00 sys=0.00, real=0.00 secs] 
Heap after GC invocations=845 (full 99):
 par new generation   total 6144K, used 2K [0x00000000fec00000, 0x00000000ff2a0000, 0x00000000ff2a0000)
  eden space 5504K,   0% used [0x00000000fec00000, 0x00000000fec00000, 0x00000000ff160000)
  from space 640K,   0% used [0x00000000ff200000, 0x00000000ff200810, 0x00000000ff2a0000)
  to   space 640K,   0% used [0x00000000ff160000, 0x00000000ff160000, 0x00000000ff200000)
 concurrent mark-sweep generation total 13696K, used 3246K [0x00000000ff2a0000, 0x0000000100000000, 0x0000000100000000)
 Metaspace       used 5078K, capacity 5258K, committed 5504K, reserved 1056768K
  class space    used 557K, capacity 597K, committed 640K, reserved 1048576K
}
{Heap before GC invocations=845 (full 99):
 par new generation   total 6144K, used 5231K [0x00000000fec00000, 0x00000000ff2a0000, 0x00000000ff2a0000)
  eden space 5504K,  95% used [0x00000000fec00000, 0x00000000ff11b780, 0x00000000ff160000)
  from space 640K,   0% used [0x00000000ff200000, 0x00000000ff200810, 0x00000000ff2a0000)
  to   space 640K,   0% used [0x00000000ff160000, 0x00000000ff160000, 0x00000000ff200000)
 concurrent mark-sweep generation total 13696K, used 3246K [0x00000000ff2a0000, 0x0000000100000000, 0x0000000100000000)
 Metaspace       used 5078K, capacity 5258K, committed 5504K, reserved 1056768K
  class space    used 557K, capacity 597K, committed 640K, reserved 1048576K
2024-07-16T17:10:19.984+0800: 6.653: [GC (Allocation Failure) 2024-07-16T17:10:19.984+0800: 6.653: [ParNew: 5231K->4K(6144K), 0.0003168 secs] 8478K->3250K(19840K), 0.0003674 secs] [Times: user=0.00 sys=0.00, real=0.00 secs] 
Heap after GC invocations=846 (full 99):
 par new generation   total 6144K, used 4K [0x00000000fec00000, 0x00000000ff2a0000, 0x00000000ff2a0000)
  eden space 5504K,   0% used [0x00000000fec00000, 0x00000000fec00000, 0x00000000ff160000)
  from space 640K,   0% used [0x00000000ff160000, 0x00000000ff161020, 0x00000000ff200000)
  to   space 640K,   0% used [0x00000000ff200000, 0x00000000ff200000, 0x00000000ff2a0000)
 concurrent mark-sweep generation total 13696K, used 3246K [0x00000000ff2a0000, 0x0000000100000000, 0x0000000100000000)
 Metaspace       used 5078K, capacity 5258K, committed 5504K, reserved 1056768K
  class space    used 557K, capacity 597K, committed 640K, reserved 1048576K
}
{Heap before GC invocations=846 (full 99):
 par new generation   total 6144K, used 5233K [0x00000000fec00000, 0x00000000ff2a0000, 0x00000000ff2a0000)
  eden space 5504K,  95% used [0x00000000fec00000, 0x00000000ff11b780, 0x00000000ff160000)
  from space 640K,   0% used [0x00000000ff160000, 0x00000000ff161020, 0x00000000ff200000)
  to   space 640K,   0% used [0x00000000ff200000, 0x00000000ff200000, 0x00000000ff2a0000)
 concurrent mark-sweep generation total 13696K, used 3246K [0x00000000ff2a0000, 0x0000000100000000, 0x0000000100000000)
 Metaspace       used 5078K, capacity 5258K, committed 5504K, reserved 1056768K
  class space    used 557K, capacity 597K, committed 640K, reserved 1048576K
2024-07-16T17:10:19.991+0800: 6.660: [GC (Allocation Failure) 2024-07-16T17:10:19.991+0800: 6.660: [ParNew: 5233K->4K(6144K), 0.0002766 secs] 8480K->3250K(19840K), 0.0003704 secs] [Times: user=0.00 sys=0.00, real=0.00 secs] 
Heap after GC invocations=847 (full 99):
 par new generation   total 6144K, used 4K [0x00000000fec00000, 0x00000000ff2a0000, 0x00000000ff2a0000)
  eden space 5504K,   0% used [0x00000000fec00000, 0x00000000fec00000, 0x00000000ff160000)
  from space 640K,   0% used [0x00000000ff200000, 0x00000000ff201020, 0x00000000ff2a0000)
  to   space 640K,   0% used [0x00000000ff160000, 0x00000000ff160000, 0x00000000ff200000)
 concurrent mark-sweep generation total 13696K, used 3246K [0x00000000ff2a0000, 0x0000000100000000, 0x0000000100000000)
 Metaspace       used 5078K, capacity 5258K, committed 5504K, reserved 1056768K
  class space    used 557K, capacity 597K, committed 640K, reserved 1048576K
}
{Heap before GC invocations=847 (full 99):
 par new generation   total 6144K, used 5233K [0x00000000fec00000, 0x00000000ff2a0000, 0x00000000ff2a0000)
  eden space 5504K,  95% used [0x00000000fec00000, 0x00000000ff11b780, 0x00000000ff160000)
  from space 640K,   0% used [0x00000000ff200000, 0x00000000ff201020, 0x00000000ff2a0000)
  to   space 640K,   0% used [0x00000000ff160000, 0x00000000ff160000, 0x00000000ff200000)
 concurrent mark-sweep generation total 13696K, used 3246K [0x00000000ff2a0000, 0x0000000100000000, 0x0000000100000000)
 Metaspace       used 5078K, capacity 5258K, committed 5504K, reserved 1056768K
  class space    used 557K, capacity 597K, committed 640K, reserved 1048576K
2024-07-16T17:10:19.998+0800: 6.667: [GC (Allocation Failure) 2024-07-16T17:10:19.998+0800: 6.667: [ParNew: 5233K->4K(6144K), 0.0005115 secs] 8480K->4275K(19840K), 0.0005582 secs] [Times: user=0.00 sys=0.00, real=0.00 secs] 
Heap after GC invocations=848 (full 99):
 par new generation   total 6144K, used 4K [0x00000000fec00000, 0x00000000ff2a0000, 0x00000000ff2a0000)
  eden space 5504K,   0% used [0x00000000fec00000, 0x00000000fec00000, 0x00000000ff160000)
  from space 640K,   0% used [0x00000000ff160000, 0x00000000ff161020, 0x00000000ff200000)
  to   space 640K,   0% used [0x00000000ff200000, 0x00000000ff200000, 0x00000000ff2a0000)
 concurrent mark-sweep generation total 13696K, used 4270K [0x00000000ff2a0000, 0x0000000100000000, 0x0000000100000000)
 Metaspace       used 5078K, capacity 5258K, committed 5504K, reserved 1056768K
  class space    used 557K, capacity 597K, committed 640K, reserved 1048576K
}
{Heap before GC invocations=848 (full 99):
 par new generation   total 6144K, used 5233K [0x00000000fec00000, 0x00000000ff2a0000, 0x00000000ff2a0000)
  eden space 5504K,  95% used [0x00000000fec00000, 0x00000000ff11b780, 0x00000000ff160000)
  from space 640K,   0% used [0x00000000ff160000, 0x00000000ff161020, 0x00000000ff200000)
  to   space 640K,   0% used [0x00000000ff200000, 0x00000000ff200000, 0x00000000ff2a0000)
 concurrent mark-sweep generation total 13696K, used 4270K [0x00000000ff2a0000, 0x0000000100000000, 0x0000000100000000)
 Metaspace       used 5078K, capacity 5258K, committed 5504K, reserved 1056768K
  class space    used 557K, capacity 597K, committed 640K, reserved 1048576K
2024-07-16T17:10:20.006+0800: 6.675: [GC (Allocation Failure) 2024-07-16T17:10:20.006+0800: 6.675: [ParNew: 5233K->32K(6144K), 0.0004178 secs] 9504K->5329K(19840K), 0.0005081 secs] [Times: user=0.00 sys=0.00, real=0.00 secs] 
Heap after GC invocations=849 (full 99):
 par new generation   total 6144K, used 32K [0x00000000fec00000, 0x00000000ff2a0000, 0x00000000ff2a0000)
  eden space 5504K,   0% used [0x00000000fec00000, 0x00000000fec00000, 0x00000000ff160000)
  from space 640K,   5% used [0x00000000ff200000, 0x00000000ff2081e8, 0x00000000ff2a0000)
  to   space 640K,   0% used [0x00000000ff160000, 0x00000000ff160000, 0x00000000ff200000)
 concurrent mark-sweep generation total 13696K, used 5297K [0x00000000ff2a0000, 0x0000000100000000, 0x0000000100000000)
 Metaspace       used 5078K, capacity 5258K, committed 5504K, reserved 1056768K
  class space    used 557K, capacity 597K, committed 640K, reserved 1048576K
}
{Heap before GC invocations=849 (full 99):
 par new generation   total 6144K, used 5262K [0x00000000fec00000, 0x00000000ff2a0000, 0x00000000ff2a0000)
  eden space 5504K,  95% used [0x00000000fec00000, 0x00000000ff11b780, 0x00000000ff160000)
  from space 640K,   5% used [0x00000000ff200000, 0x00000000ff2081e8, 0x00000000ff2a0000)
  to   space 640K,   0% used [0x00000000ff160000, 0x00000000ff160000, 0x00000000ff200000)
 concurrent mark-sweep generation total 13696K, used 5297K [0x00000000ff2a0000, 0x0000000100000000, 0x0000000100000000)
 Metaspace       used 5078K, capacity 5258K, committed 5504K, reserved 1056768K
  class space    used 557K, capacity 597K, committed 640K, reserved 1048576K
2024-07-16T17:10:20.012+0800: 6.681: [GC (Allocation Failure) 2024-07-16T17:10:20.012+0800: 6.681: [ParNew: 5262K->30K(6144K), 0.0003997 secs] 10559K->6351K(19840K), 0.0004292 secs] [Times: user=0.00 sys=0.00, real=0.00 secs] 
Heap after GC invocations=850 (full 99):
 par new generation   total 6144K, used 30K [0x00000000fec00000, 0x00000000ff2a0000, 0x00000000ff2a0000)
  eden space 5504K,   0% used [0x00000000fec00000, 0x00000000fec00000, 0x00000000ff160000)
  from space 640K,   4% used [0x00000000ff160000, 0x00000000ff1679d8, 0x00000000ff200000)
  to   space 640K,   0% used [0x00000000ff200000, 0x00000000ff200000, 0x00000000ff2a0000)
 concurrent mark-sweep generation total 13696K, used 6321K [0x00000000ff2a0000, 0x0000000100000000, 0x0000000100000000)
 Metaspace       used 5078K, capacity 5258K, committed 5504K, reserved 1056768K
  class space    used 557K, capacity 597K, committed 640K, reserved 1048576K
}
2024-07-16T17:10:20.012+0800: 6.681: [GC (CMS Initial Mark) [1 CMS-initial-mark: 6321K(13696K)] 7375K(19840K), 0.0001241 secs] [Times: user=0.00 sys=0.00, real=0.00 secs] 
2024-07-16T17:10:20.012+0800: 6.681: [CMS-concurrent-mark-start]
2024-07-16T17:10:20.014+0800: 6.683: [CMS-concurrent-mark: 0.001/0.001 secs] [Times: user=0.00 sys=0.00, real=0.00 secs] 
2024-07-16T17:10:20.014+0800: 6.683: [CMS-concurrent-preclean-start]
2024-07-16T17:10:20.014+0800: 6.683: [CMS-concurrent-preclean: 0.000/0.000 secs] [Times: user=0.00 sys=0.00, real=0.00 secs] 
2024-07-16T17:10:20.014+0800: 6.683: [CMS-concurrent-abortable-preclean-start]
{Heap before GC invocations=850 (full 100):
 par new generation   total 6144K, used 5260K [0x00000000fec00000, 0x00000000ff2a0000, 0x00000000ff2a0000)
  eden space 5504K,  95% used [0x00000000fec00000, 0x00000000ff11b838, 0x00000000ff160000)
  from space 640K,   4% used [0x00000000ff160000, 0x00000000ff1679d8, 0x00000000ff200000)
  to   space 640K,   0% used [0x00000000ff200000, 0x00000000ff200000, 0x00000000ff2a0000)
 concurrent mark-sweep generation total 13696K, used 6321K [0x00000000ff2a0000, 0x0000000100000000, 0x0000000100000000)
 Metaspace       used 5078K, capacity 5258K, committed 5504K, reserved 1056768K
  class space    used 557K, capacity 597K, committed 640K, reserved 1048576K
2024-07-16T17:10:20.019+0800: 6.688: [GC (Allocation Failure) 2024-07-16T17:10:20.019+0800: 6.688: [ParNew: 5260K->32K(6144K), 0.0005005 secs] 11581K->7379K(19840K), 0.0005819 secs] [Times: user=0.00 sys=0.00, real=0.00 secs] 
Heap after GC invocations=851 (full 100):
 par new generation   total 6144K, used 32K [0x00000000fec00000, 0x00000000ff2a0000, 0x00000000ff2a0000)
  eden space 5504K,   0% used [0x00000000fec00000, 0x00000000fec00000, 0x00000000ff160000)
  from space 640K,   5% used [0x00000000ff200000, 0x00000000ff2081e8, 0x00000000ff2a0000)
  to   space 640K,   0% used [0x00000000ff160000, 0x00000000ff160000, 0x00000000ff200000)
 concurrent mark-sweep generation total 13696K, used 7347K [0x00000000ff2a0000, 0x0000000100000000, 0x0000000100000000)
 Metaspace       used 5078K, capacity 5258K, committed 5504K, reserved 1056768K
  class space    used 557K, capacity 597K, committed 640K, reserved 1048576K
}
{Heap before GC invocations=851 (full 100):
 par new generation   total 6144K, used 5262K [0x00000000fec00000, 0x00000000ff2a0000, 0x00000000ff2a0000)
  eden space 5504K,  95% used [0x00000000fec00000, 0x00000000ff11b7f0, 0x00000000ff160000)
  from space 640K,   5% used [0x00000000ff200000, 0x00000000ff2081e8, 0x00000000ff2a0000)
  to   space 640K,   0% used [0x00000000ff160000, 0x00000000ff160000, 0x00000000ff200000)
 concurrent mark-sweep generation total 13696K, used 7347K [0x00000000ff2a0000, 0x0000000100000000, 0x0000000100000000)
 Metaspace       used 5078K, capacity 5258K, committed 5504K, reserved 1056768K
  class space    used 557K, capacity 597K, committed 640K, reserved 1048576K
2024-07-16T17:10:20.026+0800: 6.695: [GC (Allocation Failure) 2024-07-16T17:10:20.026+0800: 6.695: [ParNew: 5262K->28K(6144K), 0.0002913 secs] 12609K->7375K(19840K), 0.0003444 secs] [Times: user=0.00 sys=0.00, real=0.00 secs] 
Heap after GC invocations=852 (full 100):
 par new generation   total 6144K, used 28K [0x00000000fec00000, 0x00000000ff2a0000, 0x00000000ff2a0000)
  eden space 5504K,   0% used [0x00000000fec00000, 0x00000000fec00000, 0x00000000ff160000)
  from space 640K,   4% used [0x00000000ff160000, 0x00000000ff1671c8, 0x00000000ff200000)
  to   space 640K,   0% used [0x00000000ff200000, 0x00000000ff200000, 0x00000000ff2a0000)
 concurrent mark-sweep generation total 13696K, used 7347K [0x00000000ff2a0000, 0x0000000100000000, 0x0000000100000000)
 Metaspace       used 5078K, capacity 5258K, committed 5504K, reserved 1056768K
  class space    used 557K, capacity 597K, committed 640K, reserved 1048576K
}
{Heap before GC invocations=852 (full 100):
 par new generation   total 6144K, used 5258K [0x00000000fec00000, 0x00000000ff2a0000, 0x00000000ff2a0000)
  eden space 5504K,  95% used [0x00000000fec00000, 0x00000000ff11b7c8, 0x00000000ff160000)
  from space 640K,   4% used [0x00000000ff160000, 0x00000000ff1671c8, 0x00000000ff200000)
  to   space 640K,   0% used [0x00000000ff200000, 0x00000000ff200000, 0x00000000ff2a0000)
 concurrent mark-sweep generation total 13696K, used 7347K [0x00000000ff2a0000, 0x0000000100000000, 0x0000000100000000)
 Metaspace       used 5078K, capacity 5258K, committed 5504K, reserved 1056768K
  class space    used 557K, capacity 597K, committed 640K, reserved 1048576K
2024-07-16T17:10:20.033+0800: 6.701: [GC (Allocation Failure) 2024-07-16T17:10:20.033+0800: 6.701: [ParNew: 5258K->30K(6144K), 0.0005891 secs] 12605K->8403K(19840K), 0.0006616 secs] [Times: user=0.00 sys=0.00, real=0.00 secs] 
Heap after GC invocations=853 (full 100):
 par new generation   total 6144K, used 30K [0x00000000fec00000, 0x00000000ff2a0000, 0x00000000ff2a0000)
  eden space 5504K,   0% used [0x00000000fec00000, 0x00000000fec00000, 0x00000000ff160000)
  from space 640K,   4% used [0x00000000ff200000, 0x00000000ff2079d8, 0x00000000ff2a0000)
  to   space 640K,   0% used [0x00000000ff160000, 0x00000000ff160000, 0x00000000ff200000)
 concurrent mark-sweep generation total 13696K, used 8373K [0x00000000ff2a0000, 0x0000000100000000, 0x0000000100000000)
 Metaspace       used 5078K, capacity 5258K, committed 5504K, reserved 1056768K
  class space    used 557K, capacity 597K, committed 640K, reserved 1048576K
}
{Heap before GC invocations=853 (full 100):
 par new generation   total 6144K, used 5260K [0x00000000fec00000, 0x00000000ff2a0000, 0x00000000ff2a0000)
  eden space 5504K,  95% used [0x00000000fec00000, 0x00000000ff11b7b0, 0x00000000ff160000)
  from space 640K,   4% used [0x00000000ff200000, 0x00000000ff2079d8, 0x00000000ff2a0000)
  to   space 640K,   0% used [0x00000000ff160000, 0x00000000ff160000, 0x00000000ff200000)
 concurrent mark-sweep generation total 13696K, used 8373K [0x00000000ff2a0000, 0x0000000100000000, 0x0000000100000000)
 Metaspace       used 5078K, capacity 5258K, committed 5504K, reserved 1056768K
  class space    used 557K, capacity 597K, committed 640K, reserved 1048576K
2024-07-16T17:10:20.041+0800: 6.710: [GC (Allocation Failure) 2024-07-16T17:10:20.041+0800: 6.710: [ParNew: 5260K->28K(6144K), 0.0003182 secs] 13633K->8401K(19840K), 0.0004008 secs] [Times: user=0.00 sys=0.00, real=0.00 secs] 
Heap after GC invocations=854 (full 100):
 par new generation   total 6144K, used 28K [0x00000000fec00000, 0x00000000ff2a0000, 0x00000000ff2a0000)
  eden space 5504K,   0% used [0x00000000fec00000, 0x00000000fec00000, 0x00000000ff160000)
  from space 640K,   4% used [0x00000000ff160000, 0x00000000ff1671c8, 0x00000000ff200000)
  to   space 640K,   0% used [0x00000000ff200000, 0x00000000ff200000, 0x00000000ff2a0000)
 concurrent mark-sweep generation total 13696K, used 8373K [0x00000000ff2a0000, 0x0000000100000000, 0x0000000100000000)
 Metaspace       used 5078K, capacity 5258K, committed 5504K, reserved 1056768K
  class space    used 557K, capacity 597K, committed 640K, reserved 1048576K
}
{Heap before GC invocations=854 (full 100):
 par new generation   total 6144K, used 5258K [0x00000000fec00000, 0x00000000ff2a0000, 0x00000000ff2a0000)
  eden space 5504K,  95% used [0x00000000fec00000, 0x00000000ff11b798, 0x00000000ff160000)
  from space 640K,   4% used [0x00000000ff160000, 0x00000000ff1671c8, 0x00000000ff200000)
  to   space 640K,   0% used [0x00000000ff200000, 0x00000000ff200000, 0x00000000ff2a0000)
 concurrent mark-sweep generation total 13696K, used 8373K [0x00000000ff2a0000, 0x0000000100000000, 0x0000000100000000)
 Metaspace       used 5078K, capacity 5258K, committed 5504K, reserved 1056768K
  class space    used 557K, capacity 597K, committed 640K, reserved 1048576K
2024-07-16T17:10:20.047+0800: 6.716: [GC (Allocation Failure) 2024-07-16T17:10:20.047+0800: 6.716: [ParNew: 5258K->8K(6144K), 0.0008286 secs] 13631K->9431K(19840K), 0.0008559 secs] [Times: user=0.00 sys=0.00, real=0.00 secs] 
Heap after GC invocations=855 (full 100):
 par new generation   total 6144K, used 8K [0x00000000fec00000, 0x00000000ff2a0000, 0x00000000ff2a0000)
  eden space 5504K,   0% used [0x00000000fec00000, 0x00000000fec00000, 0x00000000ff160000)
  from space 640K,   1% used [0x00000000ff200000, 0x00000000ff202040, 0x00000000ff2a0000)
  to   space 640K,   0% used [0x00000000ff160000, 0x00000000ff160000, 0x00000000ff200000)
 concurrent mark-sweep generation total 13696K, used 9423K [0x00000000ff2a0000, 0x0000000100000000, 0x0000000100000000)
 Metaspace       used 5078K, capacity 5258K, committed 5504K, reserved 1056768K
  class space    used 557K, capacity 597K, committed 640K, reserved 1048576K
}
{Heap before GC invocations=855 (full 100):
 par new generation   total 6144K, used 5237K [0x00000000fec00000, 0x00000000ff2a0000, 0x00000000ff2a0000)
  eden space 5504K,  95% used [0x00000000fec00000, 0x00000000ff11b790, 0x00000000ff160000)
  from space 640K,   1% used [0x00000000ff200000, 0x00000000ff202040, 0x00000000ff2a0000)
  to   space 640K,   0% used [0x00000000ff160000, 0x00000000ff160000, 0x00000000ff200000)
 concurrent mark-sweep generation total 13696K, used 9423K [0x00000000ff2a0000, 0x0000000100000000, 0x0000000100000000)
 Metaspace       used 5078K, capacity 5258K, committed 5504K, reserved 1056768K
  class space    used 557K, capacity 597K, committed 640K, reserved 1048576K
2024-07-16T17:10:20.055+0800: 6.724: [GC (Allocation Failure) 2024-07-16T17:10:20.055+0800: 6.724: [ParNew: 5237K->10K(6144K), 0.0007146 secs] 14661K->10459K(19840K), 0.0008241 secs] [Times: user=0.00 sys=0.00, real=0.00 secs] 
Heap after GC invocations=856 (full 100):
 par new generation   total 6144K, used 10K [0x00000000fec00000, 0x00000000ff2a0000, 0x00000000ff2a0000)
  eden space 5504K,   0% used [0x00000000fec00000, 0x00000000fec00000, 0x00000000ff160000)
  from space 640K,   1% used [0x00000000ff160000, 0x00000000ff162850, 0x00000000ff200000)
  to   space 640K,   0% used [0x00000000ff200000, 0x00000000ff200000, 0x00000000ff2a0000)
 concurrent mark-sweep generation total 13696K, used 10449K [0x00000000ff2a0000, 0x0000000100000000, 0x0000000100000000)
 Metaspace       used 5078K, capacity 5258K, committed 5504K, reserved 1056768K
  class space    used 557K, capacity 597K, committed 640K, reserved 1048576K
}
{Heap before GC invocations=856 (full 100):
 par new generation   total 6144K, used 5239K [0x00000000fec00000, 0x00000000ff2a0000, 0x00000000ff2a0000)
  eden space 5504K,  95% used [0x00000000fec00000, 0x00000000ff11b788, 0x00000000ff160000)
  from space 640K,   1% used [0x00000000ff160000, 0x00000000ff162850, 0x00000000ff200000)
  to   space 640K,   0% used [0x00000000ff200000, 0x00000000ff200000, 0x00000000ff2a0000)
 concurrent mark-sweep generation total 13696K, used 10449K [0x00000000ff2a0000, 0x0000000100000000, 0x0000000100000000)
 Metaspace       used 5078K, capacity 5258K, committed 5504K, reserved 1056768K
  class space    used 557K, capacity 597K, committed 640K, reserved 1048576K
2024-07-16T17:10:20.064+0800: 6.733: [GC (Allocation Failure) 2024-07-16T17:10:20.064+0800: 6.733: [ParNew: 5239K->6K(6144K), 0.0004654 secs] 15689K->11481K(19840K), 0.0005133 secs] [Times: user=0.00 sys=0.00, real=0.00 secs] 
Heap after GC invocations=857 (full 100):
 par new generation   total 6144K, used 6K [0x00000000fec00000, 0x00000000ff2a0000, 0x00000000ff2a0000)
  eden space 5504K,   0% used [0x00000000fec00000, 0x00000000fec00000, 0x00000000ff160000)
  from space 640K,   0% used [0x00000000ff200000, 0x00000000ff201830, 0x00000000ff2a0000)
  to   space 640K,   0% used [0x00000000ff160000, 0x00000000ff160000, 0x00000000ff200000)
 concurrent mark-sweep generation total 13696K, used 11475K [0x00000000ff2a0000, 0x0000000100000000, 0x0000000100000000)
 Metaspace       used 5078K, capacity 5258K, committed 5504K, reserved 1056768K
  class space    used 557K, capacity 597K, committed 640K, reserved 1048576K
}
{Heap before GC invocations=857 (full 100):
 par new generation   total 6144K, used 5235K [0x00000000fec00000, 0x00000000ff2a0000, 0x00000000ff2a0000)
  eden space 5504K,  95% used [0x00000000fec00000, 0x00000000ff11b788, 0x00000000ff160000)
  from space 640K,   0% used [0x00000000ff200000, 0x00000000ff201830, 0x00000000ff2a0000)
  to   space 640K,   0% used [0x00000000ff160000, 0x00000000ff160000, 0x00000000ff200000)
 concurrent mark-sweep generation total 13696K, used 11475K [0x00000000ff2a0000, 0x0000000100000000, 0x0000000100000000)
 Metaspace       used 5078K, capacity 5258K, committed 5504K, reserved 1056768K
  class space    used 557K, capacity 597K, committed 640K, reserved 1048576K
2024-07-16T17:10:20.071+0800: 6.740: [GC (Allocation Failure) 2024-07-16T17:10:20.071+0800: 6.740: [ParNew: 5235K->4K(6144K), 0.0002833 secs] 16711K->11479K(19840K), 0.0003159 secs] [Times: user=0.00 sys=0.00, real=0.00 secs] 
Heap after GC invocations=858 (full 100):
 par new generation   total 6144K, used 4K [0x00000000fec00000, 0x00000000ff2a0000, 0x00000000ff2a0000)
  eden space 5504K,   0% used [0x00000000fec00000, 0x00000000fec00000, 0x00000000ff160000)
  from space 640K,   0% used [0x00000000ff160000, 0x00000000ff161020, 0x00000000ff200000)
  to   space 640K,   0% used [0x00000000ff200000, 0x00000000ff200000, 0x00000000ff2a0000)
 concurrent mark-sweep generation total 13696K, used 11475K [0x00000000ff2a0000, 0x0000000100000000, 0x0000000100000000)
 Metaspace       used 5078K, capacity 5258K, committed 5504K, reserved 1056768K
  class space    used 557K, capacity 597K, committed 640K, reserved 1048576K
}
{Heap before GC invocations=858 (full 100):
 par new generation   total 6144K, used 5233K [0x00000000fec00000, 0x00000000ff2a0000, 0x00000000ff2a0000)
  eden space 5504K,  95% used [0x00000000fec00000, 0x00000000ff11b780, 0x00000000ff160000)
  from space 640K,   0% used [0x00000000ff160000, 0x00000000ff161020, 0x00000000ff200000)
  to   space 640K,   0% used [0x00000000ff200000, 0x00000000ff200000, 0x00000000ff2a0000)
 concurrent mark-sweep generation total 13696K, used 11475K [0x00000000ff2a0000, 0x0000000100000000, 0x0000000100000000)
 Metaspace       used 5078K, capacity 5258K, committed 5504K, reserved 1056768K
  class space    used 557K, capacity 597K, committed 640K, reserved 1048576K
2024-07-16T17:10:20.078+0800: 6.747: [GC (Allocation Failure) 2024-07-16T17:10:20.078+0800: 6.747: [ParNew: 5233K->8K(6144K), 0.0009319 secs] 16709K->12507K(19840K), 0.0011191 secs] [Times: user=0.00 sys=0.00, real=0.00 secs] 
Heap after GC invocations=859 (full 100):
 par new generation   total 6144K, used 8K [0x00000000fec00000, 0x00000000ff2a0000, 0x00000000ff2a0000)
  eden space 5504K,   0% used [0x00000000fec00000, 0x00000000fec00000, 0x00000000ff160000)
  from space 640K,   1% used [0x00000000ff200000, 0x00000000ff202040, 0x00000000ff2a0000)
  to   space 640K,   0% used [0x00000000ff160000, 0x00000000ff160000, 0x00000000ff200000)
 concurrent mark-sweep generation total 13696K, used 12499K [0x00000000ff2a0000, 0x0000000100000000, 0x0000000100000000)
 Metaspace       used 5078K, capacity 5258K, committed 5504K, reserved 1056768K
  class space    used 557K, capacity 597K, committed 640K, reserved 1048576K
}
{Heap before GC invocations=859 (full 100):
 par new generation   total 6144K, used 5237K [0x00000000fec00000, 0x00000000ff2a0000, 0x00000000ff2a0000)
  eden space 5504K,  95% used [0x00000000fec00000, 0x00000000ff11b780, 0x00000000ff160000)
  from space 640K,   1% used [0x00000000ff200000, 0x00000000ff202040, 0x00000000ff2a0000)
  to   space 640K,   0% used [0x00000000ff160000, 0x00000000ff160000, 0x00000000ff200000)
 concurrent mark-sweep generation total 13696K, used 12499K [0x00000000ff2a0000, 0x0000000100000000, 0x0000000100000000)
 Metaspace       used 5078K, capacity 5258K, committed 5504K, reserved 1056768K
  class space    used 557K, capacity 597K, committed 640K, reserved 1048576K
2024-07-16T17:10:20.087+0800: 6.756: [GC (Allocation Failure) 2024-07-16T17:10:20.087+0800: 6.756: [ParNew: 5237K->5237K(6144K), 0.0000124 secs]2024-07-16T17:10:20.087+0800: 6.756: [CMS2024-07-16T17:10:20.087+0800: 6.756: [CMS-concurrent-abortable-preclean: 0.001/0.073 secs] [Times: user=0.00 sys=0.00, real=0.07 secs] 
 (concurrent mode failure): 12499K->1204K(13696K), 0.0022679 secs] 17737K->1204K(19840K), [Metaspace: 5078K->5078K(1056768K)], 0.0023312 secs] [Times: user=0.00 sys=0.00, real=0.00 secs] 
Heap after GC invocations=860 (full 101):
 par new generation   total 6144K, used 0K [0x00000000fec00000, 0x00000000ff2a0000, 0x00000000ff2a0000)
  eden space 5504K,   0% used [0x00000000fec00000, 0x00000000fec00000, 0x00000000ff160000)
  from space 640K,   0% used [0x00000000ff200000, 0x00000000ff200000, 0x00000000ff2a0000)
  to   space 640K,   0% used [0x00000000ff160000, 0x00000000ff160000, 0x00000000ff200000)
 concurrent mark-sweep generation total 13696K, used 1204K [0x00000000ff2a0000, 0x0000000100000000, 0x0000000100000000)
 Metaspace       used 5078K, capacity 5258K, committed 5504K, reserved 1056768K
  class space    used 557K, capacity 597K, committed 640K, reserved 1048576K
}
{Heap before GC invocations=860 (full 101):
 par new generation   total 6144K, used 5229K [0x00000000fec00000, 0x00000000ff2a0000, 0x00000000ff2a0000)
  eden space 5504K,  95% used [0x00000000fec00000, 0x00000000ff11b780, 0x00000000ff160000)
  from space 640K,   0% used [0x00000000ff200000, 0x00000000ff200000, 0x00000000ff2a0000)
  to   space 640K,   0% used [0x00000000ff160000, 0x00000000ff160000, 0x00000000ff200000)
 concurrent mark-sweep generation total 13696K, used 1204K [0x00000000ff2a0000, 0x0000000100000000, 0x0000000100000000)
 Metaspace       used 5078K, capacity 5258K, committed 5504K, reserved 1056768K
  class space    used 557K, capacity 597K, committed 640K, reserved 1048576K
2024-07-16T17:10:20.097+0800: 6.766: [GC (Allocation Failure) 2024-07-16T17:10:20.097+0800: 6.766: [ParNew: 5229K->8K(6144K), 0.0004407 secs] 6434K->2239K(19840K), 0.0005369 secs] [Times: user=0.00 sys=0.00, real=0.00 secs] 
Heap after GC invocations=861 (full 101):
 par new generation   total 6144K, used 8K [0x00000000fec00000, 0x00000000ff2a0000, 0x00000000ff2a0000)
  eden space 5504K,   0% used [0x00000000fec00000, 0x00000000fec00000, 0x00000000ff160000)
  from space 640K,   1% used [0x00000000ff160000, 0x00000000ff162040, 0x00000000ff200000)
  to   space 640K,   0% used [0x00000000ff200000, 0x00000000ff200000, 0x00000000ff2a0000)
 concurrent mark-sweep generation total 13696K, used 2230K [0x00000000ff2a0000, 0x0000000100000000, 0x0000000100000000)
 Metaspace       used 5078K, capacity 5258K, committed 5504K, reserved 1056768K
  class space    used 557K, capacity 597K, committed 640K, reserved 1048576K
}
{Heap before GC invocations=861 (full 101):
 par new generation   total 6144K, used 5237K [0x00000000fec00000, 0x00000000ff2a0000, 0x00000000ff2a0000)
  eden space 5504K,  95% used [0x00000000fec00000, 0x00000000ff11b780, 0x00000000ff160000)
  from space 640K,   1% used [0x00000000ff160000, 0x00000000ff162040, 0x00000000ff200000)
  to   space 640K,   0% used [0x00000000ff200000, 0x00000000ff200000, 0x00000000ff2a0000)
 concurrent mark-sweep generation total 13696K, used 2230K [0x00000000ff2a0000, 0x0000000100000000, 0x0000000100000000)
 Metaspace       used 5078K, capacity 5258K, committed 5504K, reserved 1056768K
  class space    used 557K, capacity 597K, committed 640K, reserved 1048576K
2024-07-16T17:10:20.103+0800: 6.772: [GC (Allocation Failure) 2024-07-16T17:10:20.103+0800: 6.772: [ParNew: 5237K->8K(6144K), 0.0003664 secs] 7468K->3265K(19840K), 0.0004111 secs] [Times: user=0.00 sys=0.00, real=0.00 secs] 
Heap after GC invocations=862 (full 101):
 par new generation   total 6144K, used 8K [0x00000000fec00000, 0x00000000ff2a0000, 0x00000000ff2a0000)
  eden space 5504K,   0% used [0x00000000fec00000, 0x00000000fec00000, 0x00000000ff160000)
  from space 640K,   1% used [0x00000000ff200000, 0x00000000ff202040, 0x00000000ff2a0000)
  to   space 640K,   0% used [0x00000000ff160000, 0x00000000ff160000, 0x00000000ff200000)
 concurrent mark-sweep generation total 13696K, used 3257K [0x00000000ff2a0000, 0x0000000100000000, 0x0000000100000000)
 Metaspace       used 5078K, capacity 5258K, committed 5504K, reserved 1056768K
  class space    used 557K, capacity 597K, committed 640K, reserved 1048576K
}
{Heap before GC invocations=862 (full 101):
 par new generation   total 6144K, used 5237K [0x00000000fec00000, 0x00000000ff2a0000, 0x00000000ff2a0000)
  eden space 5504K,  95% used [0x00000000fec00000, 0x00000000ff11b780, 0x00000000ff160000)
  from space 640K,   1% used [0x00000000ff200000, 0x00000000ff202040, 0x00000000ff2a0000)
  to   space 640K,   0% used [0x00000000ff160000, 0x00000000ff160000, 0x00000000ff200000)
 concurrent mark-sweep generation total 13696K, used 3257K [0x00000000ff2a0000, 0x0000000100000000, 0x0000000100000000)
 Metaspace       used 5078K, capacity 5258K, committed 5504K, reserved 1056768K
  class space    used 557K, capacity 597K, committed 640K, reserved 1048576K
2024-07-16T17:10:20.110+0800: 6.779: [GC (Allocation Failure) 2024-07-16T17:10:20.110+0800: 6.779: [ParNew: 5237K->8K(6144K), 0.0009368 secs] 8494K->4291K(19840K), 0.0010251 secs] [Times: user=0.00 sys=0.00, real=0.00 secs] 
Heap after GC invocations=863 (full 101):
 par new generation   total 6144K, used 8K [0x00000000fec00000, 0x00000000ff2a0000, 0x00000000ff2a0000)
  eden space 5504K,   0% used [0x00000000fec00000, 0x00000000fec00000, 0x00000000ff160000)
  from space 640K,   1% used [0x00000000ff160000, 0x00000000ff162040, 0x00000000ff200000)
  to   space 640K,   0% used [0x00000000ff200000, 0x00000000ff200000, 0x00000000ff2a0000)
 concurrent mark-sweep generation total 13696K, used 4283K [0x00000000ff2a0000, 0x0000000100000000, 0x0000000100000000)
 Metaspace       used 5078K, capacity 5258K, committed 5504K, reserved 1056768K
  class space    used 557K, capacity 597K, committed 640K, reserved 1048576K
}
{Heap before GC invocations=863 (full 101):
 par new generation   total 6144K, used 5237K [0x00000000fec00000, 0x00000000ff2a0000, 0x00000000ff2a0000)
  eden space 5504K,  95% used [0x00000000fec00000, 0x00000000ff11b780, 0x00000000ff160000)
  from space 640K,   1% used [0x00000000ff160000, 0x00000000ff162040, 0x00000000ff200000)
  to   space 640K,   0% used [0x00000000ff200000, 0x00000000ff200000, 0x00000000ff2a0000)
 concurrent mark-sweep generation total 13696K, used 4283K [0x00000000ff2a0000, 0x0000000100000000, 0x0000000100000000)
 Metaspace       used 5078K, capacity 5258K, committed 5504K, reserved 1056768K
  class space    used 557K, capacity 597K, committed 640K, reserved 1048576K
2024-07-16T17:10:20.117+0800: 6.786: [GC (Allocation Failure) 2024-07-16T17:10:20.117+0800: 6.786: [ParNew: 5237K->6K(6144K), 0.0004212 secs] 9521K->5315K(19840K), 0.0005152 secs] [Times: user=0.00 sys=0.00, real=0.00 secs] 
Heap after GC invocations=864 (full 101):
 par new generation   total 6144K, used 6K [0x00000000fec00000, 0x00000000ff2a0000, 0x00000000ff2a0000)
  eden space 5504K,   0% used [0x00000000fec00000, 0x00000000fec00000, 0x00000000ff160000)
  from space 640K,   0% used [0x00000000ff200000, 0x00000000ff201830, 0x00000000ff2a0000)
  to   space 640K,   0% used [0x00000000ff160000, 0x00000000ff160000, 0x00000000ff200000)
 concurrent mark-sweep generation total 13696K, used 5309K [0x00000000ff2a0000, 0x0000000100000000, 0x0000000100000000)
 Metaspace       used 5078K, capacity 5258K, committed 5504K, reserved 1056768K
  class space    used 557K, capacity 597K, committed 640K, reserved 1048576K
}
{Heap before GC invocations=864 (full 101):
 par new generation   total 6144K, used 5235K [0x00000000fec00000, 0x00000000ff2a0000, 0x00000000ff2a0000)
  eden space 5504K,  95% used [0x00000000fec00000, 0x00000000ff11b780, 0x00000000ff160000)
  from space 640K,   0% used [0x00000000ff200000, 0x00000000ff201830, 0x00000000ff2a0000)
  to   space 640K,   0% used [0x00000000ff160000, 0x00000000ff160000, 0x00000000ff200000)
 concurrent mark-sweep generation total 13696K, used 5309K [0x00000000ff2a0000, 0x0000000100000000, 0x0000000100000000)
 Metaspace       used 5078K, capacity 5258K, committed 5504K, reserved 1056768K
  class space    used 557K, capacity 597K, committed 640K, reserved 1048576K
2024-07-16T17:10:20.124+0800: 6.793: [GC (Allocation Failure) 2024-07-16T17:10:20.124+0800: 6.793: [ParNew: 5235K->8K(6144K), 0.0004264 secs] 10545K->6341K(19840K), 0.0004773 secs] [Times: user=0.00 sys=0.00, real=0.00 secs] 
Heap after GC invocations=865 (full 101):
 par new generation   total 6144K, used 8K [0x00000000fec00000, 0x00000000ff2a0000, 0x00000000ff2a0000)
  eden space 5504K,   0% used [0x00000000fec00000, 0x00000000fec00000, 0x00000000ff160000)
  from space 640K,   1% used [0x00000000ff160000, 0x00000000ff162040, 0x00000000ff200000)
  to   space 640K,   0% used [0x00000000ff200000, 0x00000000ff200000, 0x00000000ff2a0000)
 concurrent mark-sweep generation total 13696K, used 6333K [0x00000000ff2a0000, 0x0000000100000000, 0x0000000100000000)
 Metaspace       used 5078K, capacity 5258K, committed 5504K, reserved 1056768K
  class space    used 557K, capacity 597K, committed 640K, reserved 1048576K
}
2024-07-16T17:10:20.124+0800: 6.794: [GC (CMS Initial Mark) [1 CMS-initial-mark: 6333K(13696K)] 7365K(19840K), 0.0001326 secs] [Times: user=0.00 sys=0.00, real=0.00 secs] 
2024-07-16T17:10:20.124+0800: 6.794: [CMS-concurrent-mark-start]
2024-07-16T17:10:20.126+0800: 6.796: [CMS-concurrent-mark: 0.002/0.002 secs] [Times: user=0.00 sys=0.00, real=0.00 secs] 
2024-07-16T17:10:20.126+0800: 6.796: [CMS-concurrent-preclean-start]
2024-07-16T17:10:20.126+0800: 6.796: [CMS-concurrent-preclean: 0.000/0.000 secs] [Times: user=0.00 sys=0.00, real=0.00 secs] 
2024-07-16T17:10:20.126+0800: 6.796: [CMS-concurrent-abortable-preclean-start]
{Heap before GC invocations=865 (full 102):
 par new generation   total 6144K, used 5237K [0x00000000fec00000, 0x00000000ff2a0000, 0x00000000ff2a0000)
  eden space 5504K,  95% used [0x00000000fec00000, 0x00000000ff11b780, 0x00000000ff160000)
  from space 640K,   1% used [0x00000000ff160000, 0x00000000ff162040, 0x00000000ff200000)
  to   space 640K,   0% used [0x00000000ff200000, 0x00000000ff200000, 0x00000000ff2a0000)
 concurrent mark-sweep generation total 13696K, used 6333K [0x00000000ff2a0000, 0x0000000100000000, 0x0000000100000000)
 Metaspace       used 5078K, capacity 5258K, committed 5504K, reserved 1056768K
  class space    used 557K, capacity 597K, committed 640K, reserved 1048576K
2024-07-16T17:10:20.133+0800: 6.802: [GC (Allocation Failure) 2024-07-16T17:10:20.133+0800: 6.802: [ParNew: 5237K->4K(6144K), 0.0003823 secs] 11571K->6337K(19840K), 0.0004278 secs] [Times: user=0.00 sys=0.00, real=0.00 secs] 
Heap after GC invocations=866 (full 102):
 par new generation   total 6144K, used 4K [0x00000000fec00000, 0x00000000ff2a0000, 0x00000000ff2a0000)
  eden space 5504K,   0% used [0x00000000fec00000, 0x00000000fec00000, 0x00000000ff160000)
  from space 640K,   0% used [0x00000000ff200000, 0x00000000ff201020, 0x00000000ff2a0000)
  to   space 640K,   0% used [0x00000000ff160000, 0x00000000ff160000, 0x00000000ff200000)
 concurrent mark-sweep generation total 13696K, used 6333K [0x00000000ff2a0000, 0x0000000100000000, 0x0000000100000000)
 Metaspace       used 5078K, capacity 5258K, committed 5504K, reserved 1056768K
  class space    used 557K, capacity 597K, committed 640K, reserved 1048576K
}
{Heap before GC invocations=866 (full 102):
 par new generation   total 6144K, used 5233K [0x00000000fec00000, 0x00000000ff2a0000, 0x00000000ff2a0000)
  eden space 5504K,  95% used [0x00000000fec00000, 0x00000000ff11b780, 0x00000000ff160000)
  from space 640K,   0% used [0x00000000ff200000, 0x00000000ff201020, 0x00000000ff2a0000)
  to   space 640K,   0% used [0x00000000ff160000, 0x00000000ff160000, 0x00000000ff200000)
 concurrent mark-sweep generation total 13696K, used 6333K [0x00000000ff2a0000, 0x0000000100000000, 0x0000000100000000)
 Metaspace       used 5078K, capacity 5258K, committed 5504K, reserved 1056768K
  class space    used 557K, capacity 597K, committed 640K, reserved 1048576K
2024-07-16T17:10:20.140+0800: 6.809: [GC (Allocation Failure) 2024-07-16T17:10:20.140+0800: 6.809: [ParNew: 5233K->8K(6144K), 0.0004346 secs] 11567K->7367K(19840K), 0.0004868 secs] [Times: user=0.00 sys=0.00, real=0.00 secs] 
Heap after GC invocations=867 (full 102):
 par new generation   total 6144K, used 8K [0x00000000fec00000, 0x00000000ff2a0000, 0x00000000ff2a0000)
  eden space 5504K,   0% used [0x00000000fec00000, 0x00000000fec00000, 0x00000000ff160000)
  from space 640K,   1% used [0x00000000ff160000, 0x00000000ff162040, 0x00000000ff200000)
  to   space 640K,   0% used [0x00000000ff200000, 0x00000000ff200000, 0x00000000ff2a0000)
 concurrent mark-sweep generation total 13696K, used 7359K [0x00000000ff2a0000, 0x0000000100000000, 0x0000000100000000)
 Metaspace       used 5078K, capacity 5258K, committed 5504K, reserved 1056768K
  class space    used 557K, capacity 597K, committed 640K, reserved 1048576K
}
{Heap before GC invocations=867 (full 102):
 par new generation   total 6144K, used 5237K [0x00000000fec00000, 0x00000000ff2a0000, 0x00000000ff2a0000)
  eden space 5504K,  95% used [0x00000000fec00000, 0x00000000ff11b780, 0x00000000ff160000)
  from space 640K,   1% used [0x00000000ff160000, 0x00000000ff162040, 0x00000000ff200000)
  to   space 640K,   0% used [0x00000000ff200000, 0x00000000ff200000, 0x00000000ff2a0000)
 concurrent mark-sweep generation total 13696K, used 7359K [0x00000000ff2a0000, 0x0000000100000000, 0x0000000100000000)
 Metaspace       used 5078K, capacity 5258K, committed 5504K, reserved 1056768K
  class space    used 557K, capacity 597K, committed 640K, reserved 1048576K
2024-07-16T17:10:20.149+0800: 6.818: [GC (Allocation Failure) 2024-07-16T17:10:20.149+0800: 6.818: [ParNew: 5237K->2K(6144K), 0.0002704 secs] 12597K->7361K(19840K), 0.0003595 secs] [Times: user=0.00 sys=0.00, real=0.00 secs] 
Heap after GC invocations=868 (full 102):
 par new generation   total 6144K, used 2K [0x00000000fec00000, 0x00000000ff2a0000, 0x00000000ff2a0000)
  eden space 5504K,   0% used [0x00000000fec00000, 0x00000000fec00000, 0x00000000ff160000)
  from space 640K,   0% used [0x00000000ff200000, 0x00000000ff200810, 0x00000000ff2a0000)
  to   space 640K,   0% used [0x00000000ff160000, 0x00000000ff160000, 0x00000000ff200000)
 concurrent mark-sweep generation total 13696K, used 7359K [0x00000000ff2a0000, 0x0000000100000000, 0x0000000100000000)
 Metaspace       used 5078K, capacity 5258K, committed 5504K, reserved 1056768K
  class space    used 557K, capacity 597K, committed 640K, reserved 1048576K
}
{Heap before GC invocations=868 (full 102):
 par new generation   total 6144K, used 5231K [0x00000000fec00000, 0x00000000ff2a0000, 0x00000000ff2a0000)
  eden space 5504K,  95% used [0x00000000fec00000, 0x00000000ff11b780, 0x00000000ff160000)
  from space 640K,   0% used [0x00000000ff200000, 0x00000000ff200810, 0x00000000ff2a0000)
  to   space 640K,   0% used [0x00000000ff160000, 0x00000000ff160000, 0x00000000ff200000)
 concurrent mark-sweep generation total 13696K, used 7359K [0x00000000ff2a0000, 0x0000000100000000, 0x0000000100000000)
 Metaspace       used 5078K, capacity 5258K, committed 5504K, reserved 1056768K
  class space    used 557K, capacity 597K, committed 640K, reserved 1048576K
2024-07-16T17:10:20.156+0800: 6.825: [GC (Allocation Failure) 2024-07-16T17:10:20.156+0800: 6.825: [ParNew: 5231K->8K(6144K), 0.0005316 secs] 12591K->8391K(19840K), 0.0005886 secs] [Times: user=0.00 sys=0.00, real=0.00 secs] 
Heap after GC invocations=869 (full 102):
 par new generation   total 6144K, used 8K [0x00000000fec00000, 0x00000000ff2a0000, 0x00000000ff2a0000)
  eden space 5504K,   0% used [0x00000000fec00000, 0x00000000fec00000, 0x00000000ff160000)
  from space 640K,   1% used [0x00000000ff160000, 0x00000000ff162040, 0x00000000ff200000)
  to   space 640K,   0% used [0x00000000ff200000, 0x00000000ff200000, 0x00000000ff2a0000)
 concurrent mark-sweep generation total 13696K, used 8383K [0x00000000ff2a0000, 0x0000000100000000, 0x0000000100000000)
 Metaspace       used 5078K, capacity 5258K, committed 5504K, reserved 1056768K
  class space    used 557K, capacity 597K, committed 640K, reserved 1048576K
}
{Heap before GC invocations=869 (full 102):
 par new generation   total 6144K, used 5237K [0x00000000fec00000, 0x00000000ff2a0000, 0x00000000ff2a0000)
  eden space 5504K,  95% used [0x00000000fec00000, 0x00000000ff11b780, 0x00000000ff160000)
  from space 640K,   1% used [0x00000000ff160000, 0x00000000ff162040, 0x00000000ff200000)
  to   space 640K,   0% used [0x00000000ff200000, 0x00000000ff200000, 0x00000000ff2a0000)
 concurrent mark-sweep generation total 13696K, used 8383K [0x00000000ff2a0000, 0x0000000100000000, 0x0000000100000000)
 Metaspace       used 5078K, capacity 5258K, committed 5504K, reserved 1056768K
  class space    used 557K, capacity 597K, committed 640K, reserved 1048576K
2024-07-16T17:10:20.163+0800: 6.832: [GC (Allocation Failure) 2024-07-16T17:10:20.163+0800: 6.832: [ParNew: 5237K->4K(6144K), 0.0002911 secs] 13621K->8387K(19840K), 0.0003296 secs] [Times: user=0.00 sys=0.00, real=0.00 secs] 
Heap after GC invocations=870 (full 102):
 par new generation   total 6144K, used 4K [0x00000000fec00000, 0x00000000ff2a0000, 0x00000000ff2a0000)
  eden space 5504K,   0% used [0x00000000fec00000, 0x00000000fec00000, 0x00000000ff160000)
  from space 640K,   0% used [0x00000000ff200000, 0x00000000ff201020, 0x00000000ff2a0000)
  to   space 640K,   0% used [0x00000000ff160000, 0x00000000ff160000, 0x00000000ff200000)
 concurrent mark-sweep generation total 13696K, used 8383K [0x00000000ff2a0000, 0x0000000100000000, 0x0000000100000000)
 Metaspace       used 5078K, capacity 5258K, committed 5504K, reserved 1056768K
  class space    used 557K, capacity 597K, committed 640K, reserved 1048576K
}
{Heap before GC invocations=870 (full 102):
 par new generation   total 6144K, used 5233K [0x00000000fec00000, 0x00000000ff2a0000, 0x00000000ff2a0000)
  eden space 5504K,  95% used [0x00000000fec00000, 0x00000000ff11b780, 0x00000000ff160000)
  from space 640K,   0% used [0x00000000ff200000, 0x00000000ff201020, 0x00000000ff2a0000)
  to   space 640K,   0% used [0x00000000ff160000, 0x00000000ff160000, 0x00000000ff200000)
 concurrent mark-sweep generation total 13696K, used 8383K [0x00000000ff2a0000, 0x0000000100000000, 0x0000000100000000)
 Metaspace       used 5078K, capacity 5258K, committed 5504K, reserved 1056768K
  class space    used 557K, capacity 597K, committed 640K, reserved 1048576K
2024-07-16T17:10:20.170+0800: 6.839: [GC (Allocation Failure) 2024-07-16T17:10:20.170+0800: 6.839: [ParNew: 5233K->6K(6144K), 0.0006330 secs] 13617K->9415K(19840K), 0.0007709 secs] [Times: user=0.00 sys=0.00, real=0.00 secs] 
Heap after GC invocations=871 (full 102):
 par new generation   total 6144K, used 6K [0x00000000fec00000, 0x00000000ff2a0000, 0x00000000ff2a0000)
  eden space 5504K,   0% used [0x00000000fec00000, 0x00000000fec00000, 0x00000000ff160000)
  from space 640K,   0% used [0x00000000ff160000, 0x00000000ff161830, 0x00000000ff200000)
  to   space 640K,   0% used [0x00000000ff200000, 0x00000000ff200000, 0x00000000ff2a0000)
 concurrent mark-sweep generation total 13696K, used 9409K [0x00000000ff2a0000, 0x0000000100000000, 0x0000000100000000)
 Metaspace       used 5078K, capacity 5258K, committed 5504K, reserved 1056768K
  class space    used 557K, capacity 597K, committed 640K, reserved 1048576K
}
{Heap before GC invocations=871 (full 102):
 par new generation   total 6144K, used 5235K [0x00000000fec00000, 0x00000000ff2a0000, 0x00000000ff2a0000)
  eden space 5504K,  95% used [0x00000000fec00000, 0x00000000ff11b780, 0x00000000ff160000)
  from space 640K,   0% used [0x00000000ff160000, 0x00000000ff161830, 0x00000000ff200000)
  to   space 640K,   0% used [0x00000000ff200000, 0x00000000ff200000, 0x00000000ff2a0000)
 concurrent mark-sweep generation total 13696K, used 9409K [0x00000000ff2a0000, 0x0000000100000000, 0x0000000100000000)
 Metaspace       used 5078K, capacity 5258K, committed 5504K, reserved 1056768K
  class space    used 557K, capacity 597K, committed 640K, reserved 1048576K
2024-07-16T17:10:20.179+0800: 6.848: [GC (Allocation Failure) 2024-07-16T17:10:20.179+0800: 6.848: [ParNew: 5235K->4K(6144K), 0.0002681 secs] 14645K->9413K(19840K), 0.0003065 secs] [Times: user=0.00 sys=0.00, real=0.00 secs] 
Heap after GC invocations=872 (full 102):
 par new generation   total 6144K, used 4K [0x00000000fec00000, 0x00000000ff2a0000, 0x00000000ff2a0000)
  eden space 5504K,   0% used [0x00000000fec00000, 0x00000000fec00000, 0x00000000ff160000)
  from space 640K,   0% used [0x00000000ff200000, 0x00000000ff201020, 0x00000000ff2a0000)
  to   space 640K,   0% used [0x00000000ff160000, 0x00000000ff160000, 0x00000000ff200000)
 concurrent mark-sweep generation total 13696K, used 9409K [0x00000000ff2a0000, 0x0000000100000000, 0x0000000100000000)
 Metaspace       used 5078K, capacity 5258K, committed 5504K, reserved 1056768K
  class space    used 557K, capacity 597K, committed 640K, reserved 1048576K
}
{Heap before GC invocations=872 (full 102):
 par new generation   total 6144K, used 5233K [0x00000000fec00000, 0x00000000ff2a0000, 0x00000000ff2a0000)
  eden space 5504K,  95% used [0x00000000fec00000, 0x00000000ff11b780, 0x00000000ff160000)
  from space 640K,   0% used [0x00000000ff200000, 0x00000000ff201020, 0x00000000ff2a0000)
  to   space 640K,   0% used [0x00000000ff160000, 0x00000000ff160000, 0x00000000ff200000)
 concurrent mark-sweep generation total 13696K, used 9409K [0x00000000ff2a0000, 0x0000000100000000, 0x0000000100000000)
 Metaspace       used 5078K, capacity 5258K, committed 5504K, reserved 1056768K
  class space    used 557K, capacity 597K, committed 640K, reserved 1048576K
2024-07-16T17:10:20.187+0800: 6.856: [GC (Allocation Failure) 2024-07-16T17:10:20.187+0800: 6.856: [ParNew: 5233K->4K(6144K), 0.0002920 secs] 14643K->9413K(19840K), 0.0003336 secs] [Times: user=0.00 sys=0.00, real=0.00 secs] 
Heap after GC invocations=873 (full 102):
 par new generation   total 6144K, used 4K [0x00000000fec00000, 0x00000000ff2a0000, 0x00000000ff2a0000)
  eden space 5504K,   0% used [0x00000000fec00000, 0x00000000fec00000, 0x00000000ff160000)
  from space 640K,   0% used [0x00000000ff160000, 0x00000000ff161020, 0x00000000ff200000)
  to   space 640K,   0% used [0x00000000ff200000, 0x00000000ff200000, 0x00000000ff2a0000)
 concurrent mark-sweep generation total 13696K, used 9409K [0x00000000ff2a0000, 0x0000000100000000, 0x0000000100000000)
 Metaspace       used 5078K, capacity 5258K, committed 5504K, reserved 1056768K
  class space    used 557K, capacity 597K, committed 640K, reserved 1048576K
}
{Heap before GC invocations=873 (full 102):
 par new generation   total 6144K, used 5233K [0x00000000fec00000, 0x00000000ff2a0000, 0x00000000ff2a0000)
  eden space 5504K,  95% used [0x00000000fec00000, 0x00000000ff11b780, 0x00000000ff160000)
  from space 640K,   0% used [0x00000000ff160000, 0x00000000ff161020, 0x00000000ff200000)
  to   space 640K,   0% used [0x00000000ff200000, 0x00000000ff200000, 0x00000000ff2a0000)
 concurrent mark-sweep generation total 13696K, used 9409K [0x00000000ff2a0000, 0x0000000100000000, 0x0000000100000000)
 Metaspace       used 5078K, capacity 5258K, committed 5504K, reserved 1056768K
  class space    used 557K, capacity 597K, committed 640K, reserved 1048576K
2024-07-16T17:10:20.193+0800: 6.862: [GC (Allocation Failure) 2024-07-16T17:10:20.193+0800: 6.862: [ParNew: 5233K->8K(6144K), 0.0003345 secs] 14643K->10441K(19840K), 0.0003743 secs] [Times: user=0.00 sys=0.00, real=0.00 secs] 
Heap after GC invocations=874 (full 102):
 par new generation   total 6144K, used 8K [0x00000000fec00000, 0x00000000ff2a0000, 0x00000000ff2a0000)
  eden space 5504K,   0% used [0x00000000fec00000, 0x00000000fec00000, 0x00000000ff160000)
  from space 640K,   1% used [0x00000000ff200000, 0x00000000ff202040, 0x00000000ff2a0000)
  to   space 640K,   0% used [0x00000000ff160000, 0x00000000ff160000, 0x00000000ff200000)
 concurrent mark-sweep generation total 13696K, used 10433K [0x00000000ff2a0000, 0x0000000100000000, 0x0000000100000000)
 Metaspace       used 5078K, capacity 5258K, committed 5504K, reserved 1056768K
  class space    used 557K, capacity 597K, committed 640K, reserved 1048576K
}
{Heap before GC invocations=874 (full 102):
 par new generation   total 6144K, used 5237K [0x00000000fec00000, 0x00000000ff2a0000, 0x00000000ff2a0000)
  eden space 5504K,  95% used [0x00000000fec00000, 0x00000000ff11b780, 0x00000000ff160000)
  from space 640K,   1% used [0x00000000ff200000, 0x00000000ff202040, 0x00000000ff2a0000)
  to   space 640K,   0% used [0x00000000ff160000, 0x00000000ff160000, 0x00000000ff200000)
 concurrent mark-sweep generation total 13696K, used 10433K [0x00000000ff2a0000, 0x0000000100000000, 0x0000000100000000)
 Metaspace       used 5078K, capacity 5258K, committed 5504K, reserved 1056768K
  class space    used 557K, capacity 597K, committed 640K, reserved 1048576K
2024-07-16T17:10:20.200+0800: 6.869: [GC (Allocation Failure) 2024-07-16T17:10:20.200+0800: 6.869: [ParNew: 5237K->8K(6144K), 0.0003798 secs] 15671K->11467K(19840K), 0.0004305 secs] [Times: user=0.00 sys=0.00, real=0.00 secs] 
Heap after GC invocations=875 (full 102):
 par new generation   total 6144K, used 8K [0x00000000fec00000, 0x00000000ff2a0000, 0x00000000ff2a0000)
  eden space 5504K,   0% used [0x00000000fec00000, 0x00000000fec00000, 0x00000000ff160000)
  from space 640K,   1% used [0x00000000ff160000, 0x00000000ff162040, 0x00000000ff200000)
  to   space 640K,   0% used [0x00000000ff200000, 0x00000000ff200000, 0x00000000ff2a0000)
 concurrent mark-sweep generation total 13696K, used 11459K [0x00000000ff2a0000, 0x0000000100000000, 0x0000000100000000)
 Metaspace       used 5078K, capacity 5258K, committed 5504K, reserved 1056768K
  class space    used 557K, capacity 597K, committed 640K, reserved 1048576K
}
{Heap before GC invocations=875 (full 102):
 par new generation   total 6144K, used 5237K [0x00000000fec00000, 0x00000000ff2a0000, 0x00000000ff2a0000)
  eden space 5504K,  95% used [0x00000000fec00000, 0x00000000ff11b780, 0x00000000ff160000)
  from space 640K,   1% used [0x00000000ff160000, 0x00000000ff162040, 0x00000000ff200000)
  to   space 640K,   0% used [0x00000000ff200000, 0x00000000ff200000, 0x00000000ff2a0000)
 concurrent mark-sweep generation total 13696K, used 11459K [0x00000000ff2a0000, 0x0000000100000000, 0x0000000100000000)
 Metaspace       used 5078K, capacity 5258K, committed 5504K, reserved 1056768K
  class space    used 557K, capacity 597K, committed 640K, reserved 1048576K
2024-07-16T17:10:20.208+0800: 6.877: [GC (Allocation Failure) 2024-07-16T17:10:20.208+0800: 6.877: [ParNew: 5237K->4K(6144K), 0.0002422 secs] 16697K->11463K(19840K), 0.0002742 secs] [Times: user=0.00 sys=0.00, real=0.00 secs] 
Heap after GC invocations=876 (full 102):
 par new generation   total 6144K, used 4K [0x00000000fec00000, 0x00000000ff2a0000, 0x00000000ff2a0000)
  eden space 5504K,   0% used [0x00000000fec00000, 0x00000000fec00000, 0x00000000ff160000)
  from space 640K,   0% used [0x00000000ff200000, 0x00000000ff201020, 0x00000000ff2a0000)
  to   space 640K,   0% used [0x00000000ff160000, 0x00000000ff160000, 0x00000000ff200000)
 concurrent mark-sweep generation total 13696K, used 11459K [0x00000000ff2a0000, 0x0000000100000000, 0x0000000100000000)
 Metaspace       used 5078K, capacity 5258K, committed 5504K, reserved 1056768K
  class space    used 557K, capacity 597K, committed 640K, reserved 1048576K
}
{Heap before GC invocations=876 (full 102):
 par new generation   total 6144K, used 5233K [0x00000000fec00000, 0x00000000ff2a0000, 0x00000000ff2a0000)
  eden space 5504K,  95% used [0x00000000fec00000, 0x00000000ff11b780, 0x00000000ff160000)
  from space 640K,   0% used [0x00000000ff200000, 0x00000000ff201020, 0x00000000ff2a0000)
  to   space 640K,   0% used [0x00000000ff160000, 0x00000000ff160000, 0x00000000ff200000)
 concurrent mark-sweep generation total 13696K, used 11459K [0x00000000ff2a0000, 0x0000000100000000, 0x0000000100000000)
 Metaspace       used 5078K, capacity 5258K, committed 5504K, reserved 1056768K
  class space    used 557K, capacity 597K, committed 640K, reserved 1048576K
2024-07-16T17:10:20.215+0800: 6.884: [GC (Allocation Failure) 2024-07-16T17:10:20.215+0800: 6.884: [ParNew: 5233K->8K(6144K), 0.0003431 secs] 16693K->12491K(19840K), 0.0003707 secs] [Times: user=0.00 sys=0.00, real=0.00 secs] 
Heap after GC invocations=877 (full 102):
 par new generation   total 6144K, used 8K [0x00000000fec00000, 0x00000000ff2a0000, 0x00000000ff2a0000)
  eden space 5504K,   0% used [0x00000000fec00000, 0x00000000fec00000, 0x00000000ff160000)
  from space 640K,   1% used [0x00000000ff160000, 0x00000000ff162040, 0x00000000ff200000)
  to   space 640K,   0% used [0x00000000ff200000, 0x00000000ff200000, 0x00000000ff2a0000)
 concurrent mark-sweep generation total 13696K, used 12483K [0x00000000ff2a0000, 0x0000000100000000, 0x0000000100000000)
 Metaspace       used 5078K, capacity 5258K, committed 5504K, reserved 1056768K
  class space    used 557K, capacity 597K, committed 640K, reserved 1048576K
}
{Heap before GC invocations=877 (full 102):
 par new generation   total 6144K, used 5237K [0x00000000fec00000, 0x00000000ff2a0000, 0x00000000ff2a0000)
  eden space 5504K,  95% used [0x00000000fec00000, 0x00000000ff11b780, 0x00000000ff160000)
  from space 640K,   1% used [0x00000000ff160000, 0x00000000ff162040, 0x00000000ff200000)
  to   space 640K,   0% used [0x00000000ff200000, 0x00000000ff200000, 0x00000000ff2a0000)
 concurrent mark-sweep generation total 13696K, used 12483K [0x00000000ff2a0000, 0x0000000100000000, 0x0000000100000000)
 Metaspace       used 5078K, capacity 5258K, committed 5504K, reserved 1056768K
  class space    used 557K, capacity 597K, committed 640K, reserved 1048576K
2024-07-16T17:10:20.221+0800: 6.890: [GC (Allocation Failure) 2024-07-16T17:10:20.221+0800: 6.890: [ParNew: 5237K->5237K(6144K), 0.0000111 secs]2024-07-16T17:10:20.221+0800: 6.890: [CMS2024-07-16T17:10:20.221+0800: 6.890: [CMS-concurrent-abortable-preclean: 0.001/0.094 secs] [Times: user=0.01 sys=0.00, real=0.10 secs] 
 (concurrent mode failure): 12483K->2229K(13696K), 0.0023620 secs] 17721K->2229K(19840K), [Metaspace: 5078K->5078K(1056768K)], 0.0024135 secs] [Times: user=0.00 sys=0.00, real=0.00 secs] 
Heap after GC invocations=878 (full 103):
 par new generation   total 6144K, used 0K [0x00000000fec00000, 0x00000000ff2a0000, 0x00000000ff2a0000)
  eden space 5504K,   0% used [0x00000000fec00000, 0x00000000fec00000, 0x00000000ff160000)
  from space 640K,   0% used [0x00000000ff160000, 0x00000000ff160000, 0x00000000ff200000)
  to   space 640K,   0% used [0x00000000ff200000, 0x00000000ff200000, 0x00000000ff2a0000)
 concurrent mark-sweep generation total 13696K, used 2229K [0x00000000ff2a0000, 0x0000000100000000, 0x0000000100000000)
 Metaspace       used 5078K, capacity 5258K, committed 5504K, reserved 1056768K
  class space    used 557K, capacity 597K, committed 640K, reserved 1048576K
}
{Heap before GC invocations=878 (full 103):
 par new generation   total 6144K, used 5229K [0x00000000fec00000, 0x00000000ff2a0000, 0x00000000ff2a0000)
  eden space 5504K,  95% used [0x00000000fec00000, 0x00000000ff11b780, 0x00000000ff160000)
  from space 640K,   0% used [0x00000000ff160000, 0x00000000ff160000, 0x00000000ff200000)
  to   space 640K,   0% used [0x00000000ff200000, 0x00000000ff200000, 0x00000000ff2a0000)
 concurrent mark-sweep generation total 13696K, used 2229K [0x00000000ff2a0000, 0x0000000100000000, 0x0000000100000000)
 Metaspace       used 5078K, capacity 5258K, committed 5504K, reserved 1056768K
  class space    used 557K, capacity 597K, committed 640K, reserved 1048576K
2024-07-16T17:10:20.229+0800: 6.898: [GC (Allocation Failure) 2024-07-16T17:10:20.229+0800: 6.898: [ParNew: 5229K->4K(6144K), 0.0003389 secs] 7458K->2233K(19840K), 0.0003868 secs] [Times: user=0.00 sys=0.00, real=0.00 secs] 
Heap after GC invocations=879 (full 103):
 par new generation   total 6144K, used 4K [0x00000000fec00000, 0x00000000ff2a0000, 0x00000000ff2a0000)
  eden space 5504K,   0% used [0x00000000fec00000, 0x00000000fec00000, 0x00000000ff160000)
  from space 640K,   0% used [0x00000000ff200000, 0x00000000ff201020, 0x00000000ff2a0000)
  to   space 640K,   0% used [0x00000000ff160000, 0x00000000ff160000, 0x00000000ff200000)
 concurrent mark-sweep generation total 13696K, used 2229K [0x00000000ff2a0000, 0x0000000100000000, 0x0000000100000000)
 Metaspace       used 5078K, capacity 5258K, committed 5504K, reserved 1056768K
  class space    used 557K, capacity 597K, committed 640K, reserved 1048576K
}
{Heap before GC invocations=879 (full 103):
 par new generation   total 6144K, used 5233K [0x00000000fec00000, 0x00000000ff2a0000, 0x00000000ff2a0000)
  eden space 5504K,  95% used [0x00000000fec00000, 0x00000000ff11b780, 0x00000000ff160000)
  from space 640K,   0% used [0x00000000ff200000, 0x00000000ff201020, 0x00000000ff2a0000)
  to   space 640K,   0% used [0x00000000ff160000, 0x00000000ff160000, 0x00000000ff200000)
 concurrent mark-sweep generation total 13696K, used 2229K [0x00000000ff2a0000, 0x0000000100000000, 0x0000000100000000)
 Metaspace       used 5078K, capacity 5258K, committed 5504K, reserved 1056768K
  class space    used 557K, capacity 597K, committed 640K, reserved 1048576K
2024-07-16T17:10:20.236+0800: 6.905: [GC (Allocation Failure) 2024-07-16T17:10:20.236+0800: 6.905: [ParNew: 5233K->4K(6144K), 0.0007497 secs] 7462K->2233K(19840K), 0.0008446 secs] [Times: user=0.00 sys=0.00, real=0.00 secs] 
Heap after GC invocations=880 (full 103):
 par new generation   total 6144K, used 4K [0x00000000fec00000, 0x00000000ff2a0000, 0x00000000ff2a0000)
  eden space 5504K,   0% used [0x00000000fec00000, 0x00000000fec00000, 0x00000000ff160000)
  from space 640K,   0% used [0x00000000ff160000, 0x00000000ff161020, 0x00000000ff200000)
  to   space 640K,   0% used [0x00000000ff200000, 0x00000000ff200000, 0x00000000ff2a0000)
 concurrent mark-sweep generation total 13696K, used 2229K [0x00000000ff2a0000, 0x0000000100000000, 0x0000000100000000)
 Metaspace       used 5078K, capacity 5258K, committed 5504K, reserved 1056768K
  class space    used 557K, capacity 597K, committed 640K, reserved 1048576K
}
{Heap before GC invocations=880 (full 103):
 par new generation   total 6144K, used 5233K [0x00000000fec00000, 0x00000000ff2a0000, 0x00000000ff2a0000)
  eden space 5504K,  95% used [0x00000000fec00000, 0x00000000ff11b780, 0x00000000ff160000)
  from space 640K,   0% used [0x00000000ff160000, 0x00000000ff161020, 0x00000000ff200000)
  to   space 640K,   0% used [0x00000000ff200000, 0x00000000ff200000, 0x00000000ff2a0000)
 concurrent mark-sweep generation total 13696K, used 2229K [0x00000000ff2a0000, 0x0000000100000000, 0x0000000100000000)
 Metaspace       used 5078K, capacity 5258K, committed 5504K, reserved 1056768K
  class space    used 557K, capacity 597K, committed 640K, reserved 1048576K
2024-07-16T17:10:20.243+0800: 6.912: [GC (Allocation Failure) 2024-07-16T17:10:20.243+0800: 6.912: [ParNew: 5233K->6K(6144K), 0.0010320 secs] 7462K->3261K(19840K), 0.0011374 secs] [Times: user=0.00 sys=0.00, real=0.00 secs] 
Heap after GC invocations=881 (full 103):
 par new generation   total 6144K, used 6K [0x00000000fec00000, 0x00000000ff2a0000, 0x00000000ff2a0000)
  eden space 5504K,   0% used [0x00000000fec00000, 0x00000000fec00000, 0x00000000ff160000)
  from space 640K,   0% used [0x00000000ff200000, 0x00000000ff201830, 0x00000000ff2a0000)
  to   space 640K,   0% used [0x00000000ff160000, 0x00000000ff160000, 0x00000000ff200000)
 concurrent mark-sweep generation total 13696K, used 3255K [0x00000000ff2a0000, 0x0000000100000000, 0x0000000100000000)
 Metaspace       used 5078K, capacity 5258K, committed 5504K, reserved 1056768K
  class space    used 557K, capacity 597K, committed 640K, reserved 1048576K
}
{Heap before GC invocations=881 (full 103):
 par new generation   total 6144K, used 5235K [0x00000000fec00000, 0x00000000ff2a0000, 0x00000000ff2a0000)
  eden space 5504K,  95% used [0x00000000fec00000, 0x00000000ff11b780, 0x00000000ff160000)
  from space 640K,   0% used [0x00000000ff200000, 0x00000000ff201830, 0x00000000ff2a0000)
  to   space 640K,   0% used [0x00000000ff160000, 0x00000000ff160000, 0x00000000ff200000)
 concurrent mark-sweep generation total 13696K, used 3255K [0x00000000ff2a0000, 0x0000000100000000, 0x0000000100000000)
 Metaspace       used 5078K, capacity 5258K, committed 5504K, reserved 1056768K
  class space    used 557K, capacity 597K, committed 640K, reserved 1048576K
2024-07-16T17:10:20.251+0800: 6.920: [GC (Allocation Failure) 2024-07-16T17:10:20.251+0800: 6.920: [ParNew: 5235K->6K(6144K), 0.0010970 secs] 8491K->4287K(19840K), 0.0011865 secs] [Times: user=0.00 sys=0.01, real=0.00 secs] 
Heap after GC invocations=882 (full 103):
 par new generation   total 6144K, used 6K [0x00000000fec00000, 0x00000000ff2a0000, 0x00000000ff2a0000)
  eden space 5504K,   0% used [0x00000000fec00000, 0x00000000fec00000, 0x00000000ff160000)
  from space 640K,   0% used [0x00000000ff160000, 0x00000000ff161830, 0x00000000ff200000)
  to   space 640K,   0% used [0x00000000ff200000, 0x00000000ff200000, 0x00000000ff2a0000)
 concurrent mark-sweep generation total 13696K, used 4281K [0x00000000ff2a0000, 0x0000000100000000, 0x0000000100000000)
 Metaspace       used 5078K, capacity 5258K, committed 5504K, reserved 1056768K
  class space    used 557K, capacity 597K, committed 640K, reserved 1048576K
}
{Heap before GC invocations=882 (full 103):
 par new generation   total 6144K, used 5235K [0x00000000fec00000, 0x00000000ff2a0000, 0x00000000ff2a0000)
  eden space 5504K,  95% used [0x00000000fec00000, 0x00000000ff11b780, 0x00000000ff160000)
  from space 640K,   0% used [0x00000000ff160000, 0x00000000ff161830, 0x00000000ff200000)
  to   space 640K,   0% used [0x00000000ff200000, 0x00000000ff200000, 0x00000000ff2a0000)
 concurrent mark-sweep generation total 13696K, used 4281K [0x00000000ff2a0000, 0x0000000100000000, 0x0000000100000000)
 Metaspace       used 5078K, capacity 5258K, committed 5504K, reserved 1056768K
  class space    used 557K, capacity 597K, committed 640K, reserved 1048576K
2024-07-16T17:10:20.259+0800: 6.928: [GC (Allocation Failure) 2024-07-16T17:10:20.259+0800: 6.928: [ParNew: 5235K->8K(6144K), 0.0009853 secs] 9517K->5315K(19840K), 0.0010616 secs] [Times: user=0.00 sys=0.00, real=0.00 secs] 
Heap after GC invocations=883 (full 103):
 par new generation   total 6144K, used 8K [0x00000000fec00000, 0x00000000ff2a0000, 0x00000000ff2a0000)
  eden space 5504K,   0% used [0x00000000fec00000, 0x00000000fec00000, 0x00000000ff160000)
  from space 640K,   1% used [0x00000000ff200000, 0x00000000ff202040, 0x00000000ff2a0000)
  to   space 640K,   0% used [0x00000000ff160000, 0x00000000ff160000, 0x00000000ff200000)
 concurrent mark-sweep generation total 13696K, used 5307K [0x00000000ff2a0000, 0x0000000100000000, 0x0000000100000000)
 Metaspace       used 5078K, capacity 5258K, committed 5504K, reserved 1056768K
  class space    used 557K, capacity 597K, committed 640K, reserved 1048576K
}
{Heap before GC invocations=883 (full 103):
 par new generation   total 6144K, used 5237K [0x00000000fec00000, 0x00000000ff2a0000, 0x00000000ff2a0000)
  eden space 5504K,  95% used [0x00000000fec00000, 0x00000000ff11b780, 0x00000000ff160000)
  from space 640K,   1% used [0x00000000ff200000, 0x00000000ff202040, 0x00000000ff2a0000)
  to   space 640K,   0% used [0x00000000ff160000, 0x00000000ff160000, 0x00000000ff200000)
 concurrent mark-sweep generation total 13696K, used 5307K [0x00000000ff2a0000, 0x0000000100000000, 0x0000000100000000)
 Metaspace       used 5078K, capacity 5258K, committed 5504K, reserved 1056768K
  class space    used 557K, capacity 597K, committed 640K, reserved 1048576K
2024-07-16T17:10:20.267+0800: 6.936: [GC (Allocation Failure) 2024-07-16T17:10:20.267+0800: 6.936: [ParNew: 5237K->4K(6144K), 0.0011506 secs] 10545K->5311K(19840K), 0.0012456 secs] [Times: user=0.02 sys=0.00, real=0.00 secs] 
Heap after GC invocations=884 (full 103):
 par new generation   total 6144K, used 4K [0x00000000fec00000, 0x00000000ff2a0000, 0x00000000ff2a0000)
  eden space 5504K,   0% used [0x00000000fec00000, 0x00000000fec00000, 0x00000000ff160000)
  from space 640K,   0% used [0x00000000ff160000, 0x00000000ff161020, 0x00000000ff200000)
  to   space 640K,   0% used [0x00000000ff200000, 0x00000000ff200000, 0x00000000ff2a0000)
 concurrent mark-sweep generation total 13696K, used 5307K [0x00000000ff2a0000, 0x0000000100000000, 0x0000000100000000)
 Metaspace       used 5078K, capacity 5258K, committed 5504K, reserved 1056768K
  class space    used 557K, capacity 597K, committed 640K, reserved 1048576K
}
{Heap before GC invocations=884 (full 103):
 par new generation   total 6144K, used 5233K [0x00000000fec00000, 0x00000000ff2a0000, 0x00000000ff2a0000)
  eden space 5504K,  95% used [0x00000000fec00000, 0x00000000ff11b780, 0x00000000ff160000)
  from space 640K,   0% used [0x00000000ff160000, 0x00000000ff161020, 0x00000000ff200000)
  to   space 640K,   0% used [0x00000000ff200000, 0x00000000ff200000, 0x00000000ff2a0000)
 concurrent mark-sweep generation total 13696K, used 5307K [0x00000000ff2a0000, 0x0000000100000000, 0x0000000100000000)
 Metaspace       used 5078K, capacity 5258K, committed 5504K, reserved 1056768K
  class space    used 557K, capacity 597K, committed 640K, reserved 1048576K
2024-07-16T17:10:20.275+0800: 6.944: [GC (Allocation Failure) 2024-07-16T17:10:20.275+0800: 6.944: [ParNew: 5233K->10K(6144K), 0.0013413 secs] 10541K->6343K(19840K), 0.0014443 secs] [Times: user=0.00 sys=0.00, real=0.00 secs] 
Heap after GC invocations=885 (full 103):
 par new generation   total 6144K, used 10K [0x00000000fec00000, 0x00000000ff2a0000, 0x00000000ff2a0000)
  eden space 5504K,   0% used [0x00000000fec00000, 0x00000000fec00000, 0x00000000ff160000)
  from space 640K,   1% used [0x00000000ff200000, 0x00000000ff202850, 0x00000000ff2a0000)
  to   space 640K,   0% used [0x00000000ff160000, 0x00000000ff160000, 0x00000000ff200000)
 concurrent mark-sweep generation total 13696K, used 6333K [0x00000000ff2a0000, 0x0000000100000000, 0x0000000100000000)
 Metaspace       used 5078K, capacity 5258K, committed 5504K, reserved 1056768K
  class space    used 557K, capacity 597K, committed 640K, reserved 1048576K
}
{Heap before GC invocations=885 (full 103):
 par new generation   total 6144K, used 5239K [0x00000000fec00000, 0x00000000ff2a0000, 0x00000000ff2a0000)
  eden space 5504K,  95% used [0x00000000fec00000, 0x00000000ff11b780, 0x00000000ff160000)
  from space 640K,   1% used [0x00000000ff200000, 0x00000000ff202850, 0x00000000ff2a0000)
  to   space 640K,   0% used [0x00000000ff160000, 0x00000000ff160000, 0x00000000ff200000)
 concurrent mark-sweep generation total 13696K, used 6333K [0x00000000ff2a0000, 0x0000000100000000, 0x0000000100000000)
 Metaspace       used 5078K, capacity 5258K, committed 5504K, reserved 1056768K
  class space    used 557K, capacity 597K, committed 640K, reserved 1048576K
2024-07-16T17:10:20.283+0800: 6.952: [GC (Allocation Failure) 2024-07-16T17:10:20.283+0800: 6.952: [ParNew: 5239K->10K(6144K), 0.0011659 secs] 11573K->7369K(19840K), 0.0012508 secs] [Times: user=0.00 sys=0.00, real=0.00 secs] 
Heap after GC invocations=886 (full 103):
 par new generation   total 6144K, used 10K [0x00000000fec00000, 0x00000000ff2a0000, 0x00000000ff2a0000)
  eden space 5504K,   0% used [0x00000000fec00000, 0x00000000fec00000, 0x00000000ff160000)
  from space 640K,   1% used [0x00000000ff160000, 0x00000000ff162850, 0x00000000ff200000)
  to   space 640K,   0% used [0x00000000ff200000, 0x00000000ff200000, 0x00000000ff2a0000)
 concurrent mark-sweep generation total 13696K, used 7359K [0x00000000ff2a0000, 0x0000000100000000, 0x0000000100000000)
 Metaspace       used 5078K, capacity 5258K, committed 5504K, reserved 1056768K
  class space    used 557K, capacity 597K, committed 640K, reserved 1048576K
}
2024-07-16T17:10:20.284+0800: 6.954: [GC (CMS Initial Mark) [1 CMS-initial-mark: 7359K(13696K)] 8395K(19840K), 0.0003102 secs] [Times: user=0.00 sys=0.00, real=0.00 secs] 
2024-07-16T17:10:20.285+0800: 6.954: [CMS-concurrent-mark-start]
2024-07-16T17:10:20.290+0800: 6.959: [CMS-concurrent-mark: 0.005/0.005 secs] [Times: user=0.00 sys=0.00, real=0.00 secs] 
2024-07-16T17:10:20.290+0800: 6.960: [CMS-concurrent-preclean-start]
2024-07-16T17:10:20.290+0800: 6.960: [CMS-concurrent-preclean: 0.000/0.000 secs] [Times: user=0.00 sys=0.00, real=0.00 secs] 
2024-07-16T17:10:20.290+0800: 6.960: [CMS-concurrent-abortable-preclean-start]
{Heap before GC invocations=886 (full 104):
 par new generation   total 6144K, used 5239K [0x00000000fec00000, 0x00000000ff2a0000, 0x00000000ff2a0000)
  eden space 5504K,  95% used [0x00000000fec00000, 0x00000000ff11b780, 0x00000000ff160000)
  from space 640K,   1% used [0x00000000ff160000, 0x00000000ff162850, 0x00000000ff200000)
  to   space 640K,   0% used [0x00000000ff200000, 0x00000000ff200000, 0x00000000ff2a0000)
 concurrent mark-sweep generation total 13696K, used 7359K [0x00000000ff2a0000, 0x0000000100000000, 0x0000000100000000)
 Metaspace       used 5078K, capacity 5258K, committed 5504K, reserved 1056768K
  class space    used 557K, capacity 597K, committed 640K, reserved 1048576K
2024-07-16T17:10:20.293+0800: 6.962: [GC (Allocation Failure) 2024-07-16T17:10:20.293+0800: 6.962: [ParNew: 5239K->4K(6144K), 0.0004253 secs] 12599K->7363K(19840K), 0.0004801 secs] [Times: user=0.00 sys=0.00, real=0.00 secs] 
Heap after GC invocations=887 (full 104):
 par new generation   total 6144K, used 4K [0x00000000fec00000, 0x00000000ff2a0000, 0x00000000ff2a0000)
  eden space 5504K,   0% used [0x00000000fec00000, 0x00000000fec00000, 0x00000000ff160000)
  from space 640K,   0% used [0x00000000ff200000, 0x00000000ff201020, 0x00000000ff2a0000)
  to   space 640K,   0% used [0x00000000ff160000, 0x00000000ff160000, 0x00000000ff200000)
 concurrent mark-sweep generation total 13696K, used 7359K [0x00000000ff2a0000, 0x0000000100000000, 0x0000000100000000)
 Metaspace       used 5078K, capacity 5258K, committed 5504K, reserved 1056768K
  class space    used 557K, capacity 597K, committed 640K, reserved 1048576K
}
{Heap before GC invocations=887 (full 104):
 par new generation   total 6144K, used 5233K [0x00000000fec00000, 0x00000000ff2a0000, 0x00000000ff2a0000)
  eden space 5504K,  95% used [0x00000000fec00000, 0x00000000ff11b780, 0x00000000ff160000)
  from space 640K,   0% used [0x00000000ff200000, 0x00000000ff201020, 0x00000000ff2a0000)
  to   space 640K,   0% used [0x00000000ff160000, 0x00000000ff160000, 0x00000000ff200000)
 concurrent mark-sweep generation total 13696K, used 7359K [0x00000000ff2a0000, 0x0000000100000000, 0x0000000100000000)
 Metaspace       used 5078K, capacity 5258K, committed 5504K, reserved 1056768K
  class space    used 557K, capacity 597K, committed 640K, reserved 1048576K
2024-07-16T17:10:20.300+0800: 6.969: [GC (Allocation Failure) 2024-07-16T17:10:20.300+0800: 6.969: [ParNew: 5233K->4K(6144K), 0.0005348 secs] 12593K->7363K(19840K), 0.0006161 secs] [Times: user=0.00 sys=0.00, real=0.00 secs] 
Heap after GC invocations=888 (full 104):
 par new generation   total 6144K, used 4K [0x00000000fec00000, 0x00000000ff2a0000, 0x00000000ff2a0000)
  eden space 5504K,   0% used [0x00000000fec00000, 0x00000000fec00000, 0x00000000ff160000)
  from space 640K,   0% used [0x00000000ff160000, 0x00000000ff161020, 0x00000000ff200000)
  to   space 640K,   0% used [0x00000000ff200000, 0x00000000ff200000, 0x00000000ff2a0000)
 concurrent mark-sweep generation total 13696K, used 7359K [0x00000000ff2a0000, 0x0000000100000000, 0x0000000100000000)
 Metaspace       used 5078K, capacity 5258K, committed 5504K, reserved 1056768K
  class space    used 557K, capacity 597K, committed 640K, reserved 1048576K
}
{Heap before GC invocations=888 (full 104):
 par new generation   total 6144K, used 5233K [0x00000000fec00000, 0x00000000ff2a0000, 0x00000000ff2a0000)
  eden space 5504K,  95% used [0x00000000fec00000, 0x00000000ff11b780, 0x00000000ff160000)
  from space 640K,   0% used [0x00000000ff160000, 0x00000000ff161020, 0x00000000ff200000)
  to   space 640K,   0% used [0x00000000ff200000, 0x00000000ff200000, 0x00000000ff2a0000)
 concurrent mark-sweep generation total 13696K, used 7359K [0x00000000ff2a0000, 0x0000000100000000, 0x0000000100000000)
 Metaspace       used 5078K, capacity 5258K, committed 5504K, reserved 1056768K
  class space    used 557K, capacity 597K, committed 640K, reserved 1048576K
2024-07-16T17:10:20.308+0800: 6.977: [GC (Allocation Failure) 2024-07-16T17:10:20.308+0800: 6.977: [ParNew: 5233K->4K(6144K), 0.0008869 secs] 12593K->7363K(19840K), 0.0009837 secs] [Times: user=0.00 sys=0.00, real=0.00 secs] 
Heap after GC invocations=889 (full 104):
 par new generation   total 6144K, used 4K [0x00000000fec00000, 0x00000000ff2a0000, 0x00000000ff2a0000)
  eden space 5504K,   0% used [0x00000000fec00000, 0x00000000fec00000, 0x00000000ff160000)
  from space 640K,   0% used [0x00000000ff200000, 0x00000000ff201020, 0x00000000ff2a0000)
  to   space 640K,   0% used [0x00000000ff160000, 0x00000000ff160000, 0x00000000ff200000)
 concurrent mark-sweep generation total 13696K, used 7359K [0x00000000ff2a0000, 0x0000000100000000, 0x0000000100000000)
 Metaspace       used 5078K, capacity 5258K, committed 5504K, reserved 1056768K
  class space    used 557K, capacity 597K, committed 640K, reserved 1048576K
}
{Heap before GC invocations=889 (full 104):
 par new generation   total 6144K, used 5233K [0x00000000fec00000, 0x00000000ff2a0000, 0x00000000ff2a0000)
  eden space 5504K,  95% used [0x00000000fec00000, 0x00000000ff11b780, 0x00000000ff160000)
  from space 640K,   0% used [0x00000000ff200000, 0x00000000ff201020, 0x00000000ff2a0000)
  to   space 640K,   0% used [0x00000000ff160000, 0x00000000ff160000, 0x00000000ff200000)
 concurrent mark-sweep generation total 13696K, used 7359K [0x00000000ff2a0000, 0x0000000100000000, 0x0000000100000000)
 Metaspace       used 5078K, capacity 5258K, committed 5504K, reserved 1056768K
  class space    used 557K, capacity 597K, committed 640K, reserved 1048576K
2024-07-16T17:10:20.317+0800: 6.986: [GC (Allocation Failure) 2024-07-16T17:10:20.317+0800: 6.986: [ParNew: 5233K->4K(6144K), 0.0003195 secs] 12593K->7363K(19840K), 0.0003584 secs] [Times: user=0.00 sys=0.00, real=0.00 secs] 
Heap after GC invocations=890 (full 104):
 par new generation   total 6144K, used 4K [0x00000000fec00000, 0x00000000ff2a0000, 0x00000000ff2a0000)
  eden space 5504K,   0% used [0x00000000fec00000, 0x00000000fec00000, 0x00000000ff160000)
  from space 640K,   0% used [0x00000000ff160000, 0x00000000ff161020, 0x00000000ff200000)
  to   space 640K,   0% used [0x00000000ff200000, 0x00000000ff200000, 0x00000000ff2a0000)
 concurrent mark-sweep generation total 13696K, used 7359K [0x00000000ff2a0000, 0x0000000100000000, 0x0000000100000000)
 Metaspace       used 5078K, capacity 5258K, committed 5504K, reserved 1056768K
  class space    used 557K, capacity 597K, committed 640K, reserved 1048576K
}
{Heap before GC invocations=890 (full 104):
 par new generation   total 6144K, used 5233K [0x00000000fec00000, 0x00000000ff2a0000, 0x00000000ff2a0000)
  eden space 5504K,  95% used [0x00000000fec00000, 0x00000000ff11b780, 0x00000000ff160000)
  from space 640K,   0% used [0x00000000ff160000, 0x00000000ff161020, 0x00000000ff200000)
  to   space 640K,   0% used [0x00000000ff200000, 0x00000000ff200000, 0x00000000ff2a0000)
 concurrent mark-sweep generation total 13696K, used 7359K [0x00000000ff2a0000, 0x0000000100000000, 0x0000000100000000)
 Metaspace       used 5078K, capacity 5258K, committed 5504K, reserved 1056768K
  class space    used 557K, capacity 597K, committed 640K, reserved 1048576K
2024-07-16T17:10:20.324+0800: 6.993: [GC (Allocation Failure) 2024-07-16T17:10:20.324+0800: 6.993: [ParNew: 5233K->8K(6144K), 0.0003764 secs] 12593K->8393K(19840K), 0.0004078 secs] [Times: user=0.00 sys=0.00, real=0.00 secs] 
Heap after GC invocations=891 (full 104):
 par new generation   total 6144K, used 8K [0x00000000fec00000, 0x00000000ff2a0000, 0x00000000ff2a0000)
  eden space 5504K,   0% used [0x00000000fec00000, 0x00000000fec00000, 0x00000000ff160000)
  from space 640K,   1% used [0x00000000ff200000, 0x00000000ff202040, 0x00000000ff2a0000)
  to   space 640K,   0% used [0x00000000ff160000, 0x00000000ff160000, 0x00000000ff200000)
 concurrent mark-sweep generation total 13696K, used 8385K [0x00000000ff2a0000, 0x0000000100000000, 0x0000000100000000)
 Metaspace       used 5078K, capacity 5258K, committed 5504K, reserved 1056768K
  class space    used 557K, capacity 597K, committed 640K, reserved 1048576K
}
{Heap before GC invocations=891 (full 104):
 par new generation   total 6144K, used 5237K [0x00000000fec00000, 0x00000000ff2a0000, 0x00000000ff2a0000)
  eden space 5504K,  95% used [0x00000000fec00000, 0x00000000ff11b780, 0x00000000ff160000)
  from space 640K,   1% used [0x00000000ff200000, 0x00000000ff202040, 0x00000000ff2a0000)
  to   space 640K,   0% used [0x00000000ff160000, 0x00000000ff160000, 0x00000000ff200000)
 concurrent mark-sweep generation total 13696K, used 8385K [0x00000000ff2a0000, 0x0000000100000000, 0x0000000100000000)
 Metaspace       used 5078K, capacity 5258K, committed 5504K, reserved 1056768K
  class space    used 557K, capacity 597K, committed 640K, reserved 1048576K
2024-07-16T17:10:20.332+0800: 7.001: [GC (Allocation Failure) 2024-07-16T17:10:20.332+0800: 7.001: [ParNew: 5237K->8K(6144K), 0.0003530 secs] 13623K->9419K(19840K), 0.0003768 secs] [Times: user=0.00 sys=0.00, real=0.00 secs] 
Heap after GC invocations=892 (full 104):
 par new generation   total 6144K, used 8K [0x00000000fec00000, 0x00000000ff2a0000, 0x00000000ff2a0000)
  eden space 5504K,   0% used [0x00000000fec00000, 0x00000000fec00000, 0x00000000ff160000)
  from space 640K,   1% used [0x00000000ff160000, 0x00000000ff162040, 0x00000000ff200000)
  to   space 640K,   0% used [0x00000000ff200000, 0x00000000ff200000, 0x00000000ff2a0000)
 concurrent mark-sweep generation total 13696K, used 9411K [0x00000000ff2a0000, 0x0000000100000000, 0x0000000100000000)
 Metaspace       used 5078K, capacity 5258K, committed 5504K, reserved 1056768K
  class space    used 557K, capacity 597K, committed 640K, reserved 1048576K
}
{Heap before GC invocations=892 (full 104):
 par new generation   total 6144K, used 5237K [0x00000000fec00000, 0x00000000ff2a0000, 0x00000000ff2a0000)
  eden space 5504K,  95% used [0x00000000fec00000, 0x00000000ff11b780, 0x00000000ff160000)
  from space 640K,   1% used [0x00000000ff160000, 0x00000000ff162040, 0x00000000ff200000)
  to   space 640K,   0% used [0x00000000ff200000, 0x00000000ff200000, 0x00000000ff2a0000)
 concurrent mark-sweep generation total 13696K, used 9411K [0x00000000ff2a0000, 0x0000000100000000, 0x0000000100000000)
 Metaspace       used 5078K, capacity 5258K, committed 5504K, reserved 1056768K
  class space    used 557K, capacity 597K, committed 640K, reserved 1048576K
2024-07-16T17:10:20.338+0800: 7.007: [GC (Allocation Failure) 2024-07-16T17:10:20.338+0800: 7.007: [ParNew: 5237K->8K(6144K), 0.0004157 secs] 14649K->10445K(19840K), 0.0004569 secs] [Times: user=0.00 sys=0.00, real=0.00 secs] 
Heap after GC invocations=893 (full 104):
 par new generation   total 6144K, used 8K [0x00000000fec00000, 0x00000000ff2a0000, 0x00000000ff2a0000)
  eden space 5504K,   0% used [0x00000000fec00000, 0x00000000fec00000, 0x00000000ff160000)
  from space 640K,   1% used [0x00000000ff200000, 0x00000000ff202040, 0x00000000ff2a0000)
  to   space 640K,   0% used [0x00000000ff160000, 0x00000000ff160000, 0x00000000ff200000)
 concurrent mark-sweep generation total 13696K, used 10437K [0x00000000ff2a0000, 0x0000000100000000, 0x0000000100000000)
 Metaspace       used 5078K, capacity 5258K, committed 5504K, reserved 1056768K
  class space    used 557K, capacity 597K, committed 640K, reserved 1048576K
}
{Heap before GC invocations=893 (full 104):
 par new generation   total 6144K, used 5237K [0x00000000fec00000, 0x00000000ff2a0000, 0x00000000ff2a0000)
  eden space 5504K,  95% used [0x00000000fec00000, 0x00000000ff11b780, 0x00000000ff160000)
  from space 640K,   1% used [0x00000000ff200000, 0x00000000ff202040, 0x00000000ff2a0000)
  to   space 640K,   0% used [0x00000000ff160000, 0x00000000ff160000, 0x00000000ff200000)
 concurrent mark-sweep generation total 13696K, used 10437K [0x00000000ff2a0000, 0x0000000100000000, 0x0000000100000000)
 Metaspace       used 5078K, capacity 5258K, committed 5504K, reserved 1056768K
  class space    used 557K, capacity 597K, committed 640K, reserved 1048576K
2024-07-16T17:10:20.345+0800: 7.014: [GC (Allocation Failure) 2024-07-16T17:10:20.345+0800: 7.014: [ParNew: 5237K->10K(6144K), 0.0006602 secs] 15675K->11473K(19840K), 0.0007174 secs] [Times: user=0.00 sys=0.00, real=0.00 secs] 
Heap after GC invocations=894 (full 104):
 par new generation   total 6144K, used 10K [0x00000000fec00000, 0x00000000ff2a0000, 0x00000000ff2a0000)
  eden space 5504K,   0% used [0x00000000fec00000, 0x00000000fec00000, 0x00000000ff160000)
  from space 640K,   1% used [0x00000000ff160000, 0x00000000ff162850, 0x00000000ff200000)
  to   space 640K,   0% used [0x00000000ff200000, 0x00000000ff200000, 0x00000000ff2a0000)
 concurrent mark-sweep generation total 13696K, used 11463K [0x00000000ff2a0000, 0x0000000100000000, 0x0000000100000000)
 Metaspace       used 5078K, capacity 5258K, committed 5504K, reserved 1056768K
  class space    used 557K, capacity 597K, committed 640K, reserved 1048576K
}
{Heap before GC invocations=894 (full 104):
 par new generation   total 6144K, used 5239K [0x00000000fec00000, 0x00000000ff2a0000, 0x00000000ff2a0000)
  eden space 5504K,  95% used [0x00000000fec00000, 0x00000000ff11b780, 0x00000000ff160000)
  from space 640K,   1% used [0x00000000ff160000, 0x00000000ff162850, 0x00000000ff200000)
  to   space 640K,   0% used [0x00000000ff200000, 0x00000000ff200000, 0x00000000ff2a0000)
 concurrent mark-sweep generation total 13696K, used 11463K [0x00000000ff2a0000, 0x0000000100000000, 0x0000000100000000)
 Metaspace       used 5078K, capacity 5258K, committed 5504K, reserved 1056768K
  class space    used 557K, capacity 597K, committed 640K, reserved 1048576K
2024-07-16T17:10:20.353+0800: 7.022: [GC (Allocation Failure) 2024-07-16T17:10:20.353+0800: 7.022: [ParNew: 5239K->4K(6144K), 0.0004927 secs] 16703K->11467K(19840K), 0.0005556 secs] [Times: user=0.00 sys=0.00, real=0.00 secs] 
Heap after GC invocations=895 (full 104):
 par new generation   total 6144K, used 4K [0x00000000fec00000, 0x00000000ff2a0000, 0x00000000ff2a0000)
  eden space 5504K,   0% used [0x00000000fec00000, 0x00000000fec00000, 0x00000000ff160000)
  from space 640K,   0% used [0x00000000ff200000, 0x00000000ff201020, 0x00000000ff2a0000)
  to   space 640K,   0% used [0x00000000ff160000, 0x00000000ff160000, 0x00000000ff200000)
 concurrent mark-sweep generation total 13696K, used 11463K [0x00000000ff2a0000, 0x0000000100000000, 0x0000000100000000)
 Metaspace       used 5078K, capacity 5258K, committed 5504K, reserved 1056768K
  class space    used 557K, capacity 597K, committed 640K, reserved 1048576K
}
{Heap before GC invocations=895 (full 104):
 par new generation   total 6144K, used 5233K [0x00000000fec00000, 0x00000000ff2a0000, 0x00000000ff2a0000)
  eden space 5504K,  95% used [0x00000000fec00000, 0x00000000ff11b780, 0x00000000ff160000)
  from space 640K,   0% used [0x00000000ff200000, 0x00000000ff201020, 0x00000000ff2a0000)
  to   space 640K,   0% used [0x00000000ff160000, 0x00000000ff160000, 0x00000000ff200000)
 concurrent mark-sweep generation total 13696K, used 11463K [0x00000000ff2a0000, 0x0000000100000000, 0x0000000100000000)
 Metaspace       used 5078K, capacity 5258K, committed 5504K, reserved 1056768K
  class space    used 557K, capacity 597K, committed 640K, reserved 1048576K
2024-07-16T17:10:20.360+0800: 7.029: [GC (Allocation Failure) 2024-07-16T17:10:20.360+0800: 7.029: [ParNew: 5233K->4K(6144K), 0.0003865 secs] 16697K->11467K(19840K), 0.0004394 secs] [Times: user=0.00 sys=0.00, real=0.00 secs] 
Heap after GC invocations=896 (full 104):
 par new generation   total 6144K, used 4K [0x00000000fec00000, 0x00000000ff2a0000, 0x00000000ff2a0000)
  eden space 5504K,   0% used [0x00000000fec00000, 0x00000000fec00000, 0x00000000ff160000)
  from space 640K,   0% used [0x00000000ff160000, 0x00000000ff161020, 0x00000000ff200000)
  to   space 640K,   0% used [0x00000000ff200000, 0x00000000ff200000, 0x00000000ff2a0000)
 concurrent mark-sweep generation total 13696K, used 11463K [0x00000000ff2a0000, 0x0000000100000000, 0x0000000100000000)
 Metaspace       used 5078K, capacity 5258K, committed 5504K, reserved 1056768K
  class space    used 557K, capacity 597K, committed 640K, reserved 1048576K
}
{Heap before GC invocations=896 (full 104):
 par new generation   total 6144K, used 5233K [0x00000000fec00000, 0x00000000ff2a0000, 0x00000000ff2a0000)
  eden space 5504K,  95% used [0x00000000fec00000, 0x00000000ff11b780, 0x00000000ff160000)
  from space 640K,   0% used [0x00000000ff160000, 0x00000000ff161020, 0x00000000ff200000)
  to   space 640K,   0% used [0x00000000ff200000, 0x00000000ff200000, 0x00000000ff2a0000)
 concurrent mark-sweep generation total 13696K, used 11463K [0x00000000ff2a0000, 0x0000000100000000, 0x0000000100000000)
 Metaspace       used 5078K, capacity 5258K, committed 5504K, reserved 1056768K
  class space    used 557K, capacity 597K, committed 640K, reserved 1048576K
2024-07-16T17:10:20.369+0800: 7.038: [GC (Allocation Failure) 2024-07-16T17:10:20.369+0800: 7.038: [ParNew: 5233K->8K(6144K), 0.0004583 secs] 16697K->12495K(19840K), 0.0004995 secs] [Times: user=0.00 sys=0.00, real=0.00 secs] 
Heap after GC invocations=897 (full 104):
 par new generation   total 6144K, used 8K [0x00000000fec00000, 0x00000000ff2a0000, 0x00000000ff2a0000)
  eden space 5504K,   0% used [0x00000000fec00000, 0x00000000fec00000, 0x00000000ff160000)
  from space 640K,   1% used [0x00000000ff200000, 0x00000000ff202040, 0x00000000ff2a0000)
  to   space 640K,   0% used [0x00000000ff160000, 0x00000000ff160000, 0x00000000ff200000)
 concurrent mark-sweep generation total 13696K, used 12487K [0x00000000ff2a0000, 0x0000000100000000, 0x0000000100000000)
 Metaspace       used 5078K, capacity 5258K, committed 5504K, reserved 1056768K
  class space    used 557K, capacity 597K, committed 640K, reserved 1048576K
}
{Heap before GC invocations=897 (full 104):
 par new generation   total 6144K, used 5237K [0x00000000fec00000, 0x00000000ff2a0000, 0x00000000ff2a0000)
  eden space 5504K,  95% used [0x00000000fec00000, 0x00000000ff11b780, 0x00000000ff160000)
  from space 640K,   1% used [0x00000000ff200000, 0x00000000ff202040, 0x00000000ff2a0000)
  to   space 640K,   0% used [0x00000000ff160000, 0x00000000ff160000, 0x00000000ff200000)
 concurrent mark-sweep generation total 13696K, used 12487K [0x00000000ff2a0000, 0x0000000100000000, 0x0000000100000000)
 Metaspace       used 5078K, capacity 5258K, committed 5504K, reserved 1056768K
  class space    used 557K, capacity 597K, committed 640K, reserved 1048576K
2024-07-16T17:10:20.377+0800: 7.046: [GC (Allocation Failure) 2024-07-16T17:10:20.377+0800: 7.046: [ParNew: 5237K->5237K(6144K), 0.0000131 secs]2024-07-16T17:10:20.377+0800: 7.046: [CMS2024-07-16T17:10:20.377+0800: 7.046: [CMS-concurrent-abortable-preclean: 0.001/0.086 secs] [Times: user=0.01 sys=0.00, real=0.09 secs] 
 (concurrent mode failure): 12487K->2229K(13696K), 0.0023952 secs] 17725K->2229K(19840K), [Metaspace: 5078K->5078K(1056768K)], 0.0024659 secs] [Times: user=0.00 sys=0.00, real=0.00 secs] 
Heap after GC invocations=898 (full 105):
 par new generation   total 6144K, used 0K [0x00000000fec00000, 0x00000000ff2a0000, 0x00000000ff2a0000)
  eden space 5504K,   0% used [0x00000000fec00000, 0x00000000fec00000, 0x00000000ff160000)
  from space 640K,   0% used [0x00000000ff200000, 0x00000000ff200000, 0x00000000ff2a0000)
  to   space 640K,   0% used [0x00000000ff160000, 0x00000000ff160000, 0x00000000ff200000)
 concurrent mark-sweep generation total 13696K, used 2229K [0x00000000ff2a0000, 0x0000000100000000, 0x0000000100000000)
 Metaspace       used 5078K, capacity 5258K, committed 5504K, reserved 1056768K
  class space    used 557K, capacity 597K, committed 640K, reserved 1048576K
}
{Heap before GC invocations=898 (full 105):
 par new generation   total 6144K, used 5229K [0x00000000fec00000, 0x00000000ff2a0000, 0x00000000ff2a0000)
  eden space 5504K,  95% used [0x00000000fec00000, 0x00000000ff11b780, 0x00000000ff160000)
  from space 640K,   0% used [0x00000000ff200000, 0x00000000ff200000, 0x00000000ff2a0000)
  to   space 640K,   0% used [0x00000000ff160000, 0x00000000ff160000, 0x00000000ff200000)
 concurrent mark-sweep generation total 13696K, used 2229K [0x00000000ff2a0000, 0x0000000100000000, 0x0000000100000000)
 Metaspace       used 5078K, capacity 5258K, committed 5504K, reserved 1056768K
  class space    used 557K, capacity 597K, committed 640K, reserved 1048576K
2024-07-16T17:10:20.386+0800: 7.055: [GC (Allocation Failure) 2024-07-16T17:10:20.386+0800: 7.055: [ParNew: 5229K->4K(6144K), 0.0002688 secs] 7458K->2233K(19840K), 0.0003111 secs] [Times: user=0.00 sys=0.00, real=0.00 secs] 
Heap after GC invocations=899 (full 105):
 par new generation   total 6144K, used 4K [0x00000000fec00000, 0x00000000ff2a0000, 0x00000000ff2a0000)
  eden space 5504K,   0% used [0x00000000fec00000, 0x00000000fec00000, 0x00000000ff160000)
  from space 640K,   0% used [0x00000000ff160000, 0x00000000ff161020, 0x00000000ff200000)
  to   space 640K,   0% used [0x00000000ff200000, 0x00000000ff200000, 0x00000000ff2a0000)
 concurrent mark-sweep generation total 13696K, used 2229K [0x00000000ff2a0000, 0x0000000100000000, 0x0000000100000000)
 Metaspace       used 5078K, capacity 5258K, committed 5504K, reserved 1056768K
  class space    used 557K, capacity 597K, committed 640K, reserved 1048576K
}
{Heap before GC invocations=899 (full 105):
 par new generation   total 6144K, used 5233K [0x00000000fec00000, 0x00000000ff2a0000, 0x00000000ff2a0000)
  eden space 5504K,  95% used [0x00000000fec00000, 0x00000000ff11b780, 0x00000000ff160000)
  from space 640K,   0% used [0x00000000ff160000, 0x00000000ff161020, 0x00000000ff200000)
  to   space 640K,   0% used [0x00000000ff200000, 0x00000000ff200000, 0x00000000ff2a0000)
 concurrent mark-sweep generation total 13696K, used 2229K [0x00000000ff2a0000, 0x0000000100000000, 0x0000000100000000)
 Metaspace       used 5078K, capacity 5258K, committed 5504K, reserved 1056768K
  class space    used 557K, capacity 597K, committed 640K, reserved 1048576K
2024-07-16T17:10:20.393+0800: 7.062: [GC (Allocation Failure) 2024-07-16T17:10:20.393+0800: 7.062: [ParNew: 5233K->4K(6144K), 0.0002763 secs] 7462K->2233K(19840K), 0.0003255 secs] [Times: user=0.00 sys=0.00, real=0.00 secs] 
Heap after GC invocations=900 (full 105):
 par new generation   total 6144K, used 4K [0x00000000fec00000, 0x00000000ff2a0000, 0x00000000ff2a0000)
  eden space 5504K,   0% used [0x00000000fec00000, 0x00000000fec00000, 0x00000000ff160000)
  from space 640K,   0% used [0x00000000ff200000, 0x00000000ff201020, 0x00000000ff2a0000)
  to   space 640K,   0% used [0x00000000ff160000, 0x00000000ff160000, 0x00000000ff200000)
 concurrent mark-sweep generation total 13696K, used 2229K [0x00000000ff2a0000, 0x0000000100000000, 0x0000000100000000)
 Metaspace       used 5078K, capacity 5258K, committed 5504K, reserved 1056768K
  class space    used 557K, capacity 597K, committed 640K, reserved 1048576K
}
{Heap before GC invocations=900 (full 105):
 par new generation   total 6144K, used 5233K [0x00000000fec00000, 0x00000000ff2a0000, 0x00000000ff2a0000)
  eden space 5504K,  95% used [0x00000000fec00000, 0x00000000ff11b780, 0x00000000ff160000)
  from space 640K,   0% used [0x00000000ff200000, 0x00000000ff201020, 0x00000000ff2a0000)
  to   space 640K,   0% used [0x00000000ff160000, 0x00000000ff160000, 0x00000000ff200000)
 concurrent mark-sweep generation total 13696K, used 2229K [0x00000000ff2a0000, 0x0000000100000000, 0x0000000100000000)
 Metaspace       used 5078K, capacity 5258K, committed 5504K, reserved 1056768K
  class space    used 557K, capacity 597K, committed 640K, reserved 1048576K
2024-07-16T17:10:20.401+0800: 7.070: [GC (Allocation Failure) 2024-07-16T17:10:20.401+0800: 7.070: [ParNew: 5233K->6K(6144K), 0.0004159 secs] 7462K->3261K(19840K), 0.0004641 secs] [Times: user=0.00 sys=0.00, real=0.00 secs] 
Heap after GC invocations=901 (full 105):
 par new generation   total 6144K, used 6K [0x00000000fec00000, 0x00000000ff2a0000, 0x00000000ff2a0000)
  eden space 5504K,   0% used [0x00000000fec00000, 0x00000000fec00000, 0x00000000ff160000)
  from space 640K,   0% used [0x00000000ff160000, 0x00000000ff161830, 0x00000000ff200000)
  to   space 640K,   0% used [0x00000000ff200000, 0x00000000ff200000, 0x00000000ff2a0000)
 concurrent mark-sweep generation total 13696K, used 3255K [0x00000000ff2a0000, 0x0000000100000000, 0x0000000100000000)
 Metaspace       used 5078K, capacity 5258K, committed 5504K, reserved 1056768K
  class space    used 557K, capacity 597K, committed 640K, reserved 1048576K
}
{Heap before GC invocations=901 (full 105):
 par new generation   total 6144K, used 5235K [0x00000000fec00000, 0x00000000ff2a0000, 0x00000000ff2a0000)
  eden space 5504K,  95% used [0x00000000fec00000, 0x00000000ff11b780, 0x00000000ff160000)
  from space 640K,   0% used [0x00000000ff160000, 0x00000000ff161830, 0x00000000ff200000)
  to   space 640K,   0% used [0x00000000ff200000, 0x00000000ff200000, 0x00000000ff2a0000)
 concurrent mark-sweep generation total 13696K, used 3255K [0x00000000ff2a0000, 0x0000000100000000, 0x0000000100000000)
 Metaspace       used 5078K, capacity 5258K, committed 5504K, reserved 1056768K
  class space    used 557K, capacity 597K, committed 640K, reserved 1048576K
2024-07-16T17:10:20.409+0800: 7.078: [GC (Allocation Failure) 2024-07-16T17:10:20.409+0800: 7.078: [ParNew: 5235K->4K(6144K), 0.0004894 secs] 8491K->3259K(19840K), 0.0005288 secs] [Times: user=0.00 sys=0.00, real=0.00 secs] 
Heap after GC invocations=902 (full 105):
 par new generation   total 6144K, used 4K [0x00000000fec00000, 0x00000000ff2a0000, 0x00000000ff2a0000)
  eden space 5504K,   0% used [0x00000000fec00000, 0x00000000fec00000, 0x00000000ff160000)
  from space 640K,   0% used [0x00000000ff200000, 0x00000000ff201020, 0x00000000ff2a0000)
  to   space 640K,   0% used [0x00000000ff160000, 0x00000000ff160000, 0x00000000ff200000)
 concurrent mark-sweep generation total 13696K, used 3255K [0x00000000ff2a0000, 0x0000000100000000, 0x0000000100000000)
 Metaspace       used 5078K, capacity 5258K, committed 5504K, reserved 1056768K
  class space    used 557K, capacity 597K, committed 640K, reserved 1048576K
}
{Heap before GC invocations=902 (full 105):
 par new generation   total 6144K, used 5233K [0x00000000fec00000, 0x00000000ff2a0000, 0x00000000ff2a0000)
  eden space 5504K,  95% used [0x00000000fec00000, 0x00000000ff11b780, 0x00000000ff160000)
  from space 640K,   0% used [0x00000000ff200000, 0x00000000ff201020, 0x00000000ff2a0000)
  to   space 640K,   0% used [0x00000000ff160000, 0x00000000ff160000, 0x00000000ff200000)
 concurrent mark-sweep generation total 13696K, used 3255K [0x00000000ff2a0000, 0x0000000100000000, 0x0000000100000000)
 Metaspace       used 5078K, capacity 5258K, committed 5504K, reserved 1056768K
  class space    used 557K, capacity 597K, committed 640K, reserved 1048576K
2024-07-16T17:10:20.416+0800: 7.085: [GC (Allocation Failure) 2024-07-16T17:10:20.416+0800: 7.085: [ParNew: 5233K->6K(6144K), 0.0003002 secs] 8488K->4287K(19840K), 0.0003379 secs] [Times: user=0.00 sys=0.00, real=0.00 secs] 
Heap after GC invocations=903 (full 105):
 par new generation   total 6144K, used 6K [0x00000000fec00000, 0x00000000ff2a0000, 0x00000000ff2a0000)
  eden space 5504K,   0% used [0x00000000fec00000, 0x00000000fec00000, 0x00000000ff160000)
  from space 640K,   0% used [0x00000000ff160000, 0x00000000ff161830, 0x00000000ff200000)
  to   space 640K,   0% used [0x00000000ff200000, 0x00000000ff200000, 0x00000000ff2a0000)
 concurrent mark-sweep generation total 13696K, used 4281K [0x00000000ff2a0000, 0x0000000100000000, 0x0000000100000000)
 Metaspace       used 5078K, capacity 5258K, committed 5504K, reserved 1056768K
  class space    used 557K, capacity 597K, committed 640K, reserved 1048576K
}
{Heap before GC invocations=903 (full 105):
 par new generation   total 6144K, used 5235K [0x00000000fec00000, 0x00000000ff2a0000, 0x00000000ff2a0000)
  eden space 5504K,  95% used [0x00000000fec00000, 0x00000000ff11b780, 0x00000000ff160000)
  from space 640K,   0% used [0x00000000ff160000, 0x00000000ff161830, 0x00000000ff200000)
  to   space 640K,   0% used [0x00000000ff200000, 0x00000000ff200000, 0x00000000ff2a0000)
 concurrent mark-sweep generation total 13696K, used 4281K [0x00000000ff2a0000, 0x0000000100000000, 0x0000000100000000)
 Metaspace       used 5078K, capacity 5258K, committed 5504K, reserved 1056768K
  class space    used 557K, capacity 597K, committed 640K, reserved 1048576K
2024-07-16T17:10:20.422+0800: 7.091: [GC (Allocation Failure) 2024-07-16T17:10:20.422+0800: 7.091: [ParNew: 5235K->8K(6144K), 0.0003538 secs] 9517K->5315K(19840K), 0.0003843 secs] [Times: user=0.00 sys=0.00, real=0.00 secs] 
Heap after GC invocations=904 (full 105):
 par new generation   total 6144K, used 8K [0x00000000fec00000, 0x00000000ff2a0000, 0x00000000ff2a0000)
  eden space 5504K,   0% used [0x00000000fec00000, 0x00000000fec00000, 0x00000000ff160000)
  from space 640K,   1% used [0x00000000ff200000, 0x00000000ff202040, 0x00000000ff2a0000)
  to   space 640K,   0% used [0x00000000ff160000, 0x00000000ff160000, 0x00000000ff200000)
 concurrent mark-sweep generation total 13696K, used 5307K [0x00000000ff2a0000, 0x0000000100000000, 0x0000000100000000)
 Metaspace       used 5078K, capacity 5258K, committed 5504K, reserved 1056768K
  class space    used 557K, capacity 597K, committed 640K, reserved 1048576K
}
{Heap before GC invocations=904 (full 105):
 par new generation   total 6144K, used 5237K [0x00000000fec00000, 0x00000000ff2a0000, 0x00000000ff2a0000)
  eden space 5504K,  95% used [0x00000000fec00000, 0x00000000ff11b780, 0x00000000ff160000)
  from space 640K,   1% used [0x00000000ff200000, 0x00000000ff202040, 0x00000000ff2a0000)
  to   space 640K,   0% used [0x00000000ff160000, 0x00000000ff160000, 0x00000000ff200000)
 concurrent mark-sweep generation total 13696K, used 5307K [0x00000000ff2a0000, 0x0000000100000000, 0x0000000100000000)
 Metaspace       used 5078K, capacity 5258K, committed 5504K, reserved 1056768K
  class space    used 557K, capacity 597K, committed 640K, reserved 1048576K
2024-07-16T17:10:20.430+0800: 7.099: [GC (Allocation Failure) 2024-07-16T17:10:20.430+0800: 7.099: [ParNew: 5237K->4K(6144K), 0.0002968 secs] 10545K->5311K(19840K), 0.0003363 secs] [Times: user=0.00 sys=0.00, real=0.00 secs] 
Heap after GC invocations=905 (full 105):
 par new generation   total 6144K, used 4K [0x00000000fec00000, 0x00000000ff2a0000, 0x00000000ff2a0000)
  eden space 5504K,   0% used [0x00000000fec00000, 0x00000000fec00000, 0x00000000ff160000)
  from space 640K,   0% used [0x00000000ff160000, 0x00000000ff161020, 0x00000000ff200000)
  to   space 640K,   0% used [0x00000000ff200000, 0x00000000ff200000, 0x00000000ff2a0000)
 concurrent mark-sweep generation total 13696K, used 5307K [0x00000000ff2a0000, 0x0000000100000000, 0x0000000100000000)
 Metaspace       used 5078K, capacity 5258K, committed 5504K, reserved 1056768K
  class space    used 557K, capacity 597K, committed 640K, reserved 1048576K
}
{Heap before GC invocations=905 (full 105):
 par new generation   total 6144K, used 5233K [0x00000000fec00000, 0x00000000ff2a0000, 0x00000000ff2a0000)
  eden space 5504K,  95% used [0x00000000fec00000, 0x00000000ff11b780, 0x00000000ff160000)
  from space 640K,   0% used [0x00000000ff160000, 0x00000000ff161020, 0x00000000ff200000)
  to   space 640K,   0% used [0x00000000ff200000, 0x00000000ff200000, 0x00000000ff2a0000)
 concurrent mark-sweep generation total 13696K, used 5307K [0x00000000ff2a0000, 0x0000000100000000, 0x0000000100000000)
 Metaspace       used 5078K, capacity 5258K, committed 5504K, reserved 1056768K
  class space    used 557K, capacity 597K, committed 640K, reserved 1048576K
2024-07-16T17:10:20.437+0800: 7.106: [GC (Allocation Failure) 2024-07-16T17:10:20.437+0800: 7.106: [ParNew: 5233K->6K(6144K), 0.0004743 secs] 10541K->6339K(19840K), 0.0005047 secs] [Times: user=0.00 sys=0.00, real=0.00 secs] 
Heap after GC invocations=906 (full 105):
 par new generation   total 6144K, used 6K [0x00000000fec00000, 0x00000000ff2a0000, 0x00000000ff2a0000)
  eden space 5504K,   0% used [0x00000000fec00000, 0x00000000fec00000, 0x00000000ff160000)
  from space 640K,   0% used [0x00000000ff200000, 0x00000000ff201830, 0x00000000ff2a0000)
  to   space 640K,   0% used [0x00000000ff160000, 0x00000000ff160000, 0x00000000ff200000)
 concurrent mark-sweep generation total 13696K, used 6333K [0x00000000ff2a0000, 0x0000000100000000, 0x0000000100000000)
 Metaspace       used 5078K, capacity 5258K, committed 5504K, reserved 1056768K
  class space    used 557K, capacity 597K, committed 640K, reserved 1048576K
}
{Heap before GC invocations=906 (full 105):
 par new generation   total 6144K, used 5235K [0x00000000fec00000, 0x00000000ff2a0000, 0x00000000ff2a0000)
  eden space 5504K,  95% used [0x00000000fec00000, 0x00000000ff11b780, 0x00000000ff160000)
  from space 640K,   0% used [0x00000000ff200000, 0x00000000ff201830, 0x00000000ff2a0000)
  to   space 640K,   0% used [0x00000000ff160000, 0x00000000ff160000, 0x00000000ff200000)
 concurrent mark-sweep generation total 13696K, used 6333K [0x00000000ff2a0000, 0x0000000100000000, 0x0000000100000000)
 Metaspace       used 5078K, capacity 5258K, committed 5504K, reserved 1056768K
  class space    used 557K, capacity 597K, committed 640K, reserved 1048576K
2024-07-16T17:10:20.444+0800: 7.113: [GC (Allocation Failure) 2024-07-16T17:10:20.444+0800: 7.113: [ParNew: 5235K->8K(6144K), 0.0003391 secs] 11569K->7365K(19840K), 0.0003751 secs] [Times: user=0.00 sys=0.00, real=0.00 secs] 
Heap after GC invocations=907 (full 105):
 par new generation   total 6144K, used 8K [0x00000000fec00000, 0x00000000ff2a0000, 0x00000000ff2a0000)
  eden space 5504K,   0% used [0x00000000fec00000, 0x00000000fec00000, 0x00000000ff160000)
  from space 640K,   1% used [0x00000000ff160000, 0x00000000ff162040, 0x00000000ff200000)
  to   space 640K,   0% used [0x00000000ff200000, 0x00000000ff200000, 0x00000000ff2a0000)
 concurrent mark-sweep generation total 13696K, used 7357K [0x00000000ff2a0000, 0x0000000100000000, 0x0000000100000000)
 Metaspace       used 5078K, capacity 5258K, committed 5504K, reserved 1056768K
  class space    used 557K, capacity 597K, committed 640K, reserved 1048576K
}
2024-07-16T17:10:20.444+0800: 7.113: [GC (CMS Initial Mark) [1 CMS-initial-mark: 7357K(13696K)] 8389K(19840K), 0.0001001 secs] [Times: user=0.00 sys=0.00, real=0.00 secs] 
2024-07-16T17:10:20.444+0800: 7.114: [CMS-concurrent-mark-start]
2024-07-16T17:10:20.445+0800: 7.115: [CMS-concurrent-mark: 0.001/0.001 secs] [Times: user=0.00 sys=0.00, real=0.00 secs] 
2024-07-16T17:10:20.445+0800: 7.115: [CMS-concurrent-preclean-start]
2024-07-16T17:10:20.446+0800: 7.115: [CMS-concurrent-preclean: 0.000/0.000 secs] [Times: user=0.00 sys=0.00, real=0.00 secs] 
2024-07-16T17:10:20.446+0800: 7.115: [CMS-concurrent-abortable-preclean-start]
{Heap before GC invocations=907 (full 106):
 par new generation   total 6144K, used 5237K [0x00000000fec00000, 0x00000000ff2a0000, 0x00000000ff2a0000)
  eden space 5504K,  95% used [0x00000000fec00000, 0x00000000ff11b780, 0x00000000ff160000)
  from space 640K,   1% used [0x00000000ff160000, 0x00000000ff162040, 0x00000000ff200000)
  to   space 640K,   0% used [0x00000000ff200000, 0x00000000ff200000, 0x00000000ff2a0000)
 concurrent mark-sweep generation total 13696K, used 7357K [0x00000000ff2a0000, 0x0000000100000000, 0x0000000100000000)
 Metaspace       used 5078K, capacity 5258K, committed 5504K, reserved 1056768K
  class space    used 557K, capacity 597K, committed 640K, reserved 1048576K
2024-07-16T17:10:20.452+0800: 7.121: [GC (Allocation Failure) 2024-07-16T17:10:20.452+0800: 7.121: [ParNew: 5237K->6K(6144K), 0.0003666 secs] 12595K->8389K(19840K), 0.0003992 secs] [Times: user=0.00 sys=0.00, real=0.00 secs] 
Heap after GC invocations=908 (full 106):
 par new generation   total 6144K, used 6K [0x00000000fec00000, 0x00000000ff2a0000, 0x00000000ff2a0000)
  eden space 5504K,   0% used [0x00000000fec00000, 0x00000000fec00000, 0x00000000ff160000)
  from space 640K,   0% used [0x00000000ff200000, 0x00000000ff201830, 0x00000000ff2a0000)
  to   space 640K,   0% used [0x00000000ff160000, 0x00000000ff160000, 0x00000000ff200000)
 concurrent mark-sweep generation total 13696K, used 8383K [0x00000000ff2a0000, 0x0000000100000000, 0x0000000100000000)
 Metaspace       used 5078K, capacity 5258K, committed 5504K, reserved 1056768K
  class space    used 557K, capacity 597K, committed 640K, reserved 1048576K
}
{Heap before GC invocations=908 (full 106):
 par new generation   total 6144K, used 5235K [0x00000000fec00000, 0x00000000ff2a0000, 0x00000000ff2a0000)
  eden space 5504K,  95% used [0x00000000fec00000, 0x00000000ff11b780, 0x00000000ff160000)
  from space 640K,   0% used [0x00000000ff200000, 0x00000000ff201830, 0x00000000ff2a0000)
  to   space 640K,   0% used [0x00000000ff160000, 0x00000000ff160000, 0x00000000ff200000)
 concurrent mark-sweep generation total 13696K, used 8383K [0x00000000ff2a0000, 0x0000000100000000, 0x0000000100000000)
 Metaspace       used 5078K, capacity 5258K, committed 5504K, reserved 1056768K
  class space    used 557K, capacity 597K, committed 640K, reserved 1048576K
2024-07-16T17:10:20.459+0800: 7.128: [GC (Allocation Failure) 2024-07-16T17:10:20.459+0800: 7.128: [ParNew: 5235K->10K(6144K), 0.0003915 secs] 13619K->9419K(19840K), 0.0004373 secs] [Times: user=0.00 sys=0.00, real=0.00 secs] 
Heap after GC invocations=909 (full 106):
 par new generation   total 6144K, used 10K [0x00000000fec00000, 0x00000000ff2a0000, 0x00000000ff2a0000)
  eden space 5504K,   0% used [0x00000000fec00000, 0x00000000fec00000, 0x00000000ff160000)
  from space 640K,   1% used [0x00000000ff160000, 0x00000000ff162850, 0x00000000ff200000)
  to   space 640K,   0% used [0x00000000ff200000, 0x00000000ff200000, 0x00000000ff2a0000)
 concurrent mark-sweep generation total 13696K, used 9409K [0x00000000ff2a0000, 0x0000000100000000, 0x0000000100000000)
 Metaspace       used 5078K, capacity 5258K, committed 5504K, reserved 1056768K
  class space    used 557K, capacity 597K, committed 640K, reserved 1048576K
}
{Heap before GC invocations=909 (full 106):
 par new generation   total 6144K, used 5239K [0x00000000fec00000, 0x00000000ff2a0000, 0x00000000ff2a0000)
  eden space 5504K,  95% used [0x00000000fec00000, 0x00000000ff11b780, 0x00000000ff160000)
  from space 640K,   1% used [0x00000000ff160000, 0x00000000ff162850, 0x00000000ff200000)
  to   space 640K,   0% used [0x00000000ff200000, 0x00000000ff200000, 0x00000000ff2a0000)
 concurrent mark-sweep generation total 13696K, used 9409K [0x00000000ff2a0000, 0x0000000100000000, 0x0000000100000000)
 Metaspace       used 5078K, capacity 5258K, committed 5504K, reserved 1056768K
  class space    used 557K, capacity 597K, committed 640K, reserved 1048576K
2024-07-16T17:10:20.466+0800: 7.135: [GC (Allocation Failure) 2024-07-16T17:10:20.466+0800: 7.135: [ParNew: 5239K->8K(6144K), 0.0004489 secs] 14649K->10441K(19840K), 0.0004996 secs] [Times: user=0.00 sys=0.00, real=0.00 secs] 
Heap after GC invocations=910 (full 106):
 par new generation   total 6144K, used 8K [0x00000000fec00000, 0x00000000ff2a0000, 0x00000000ff2a0000)
  eden space 5504K,   0% used [0x00000000fec00000, 0x00000000fec00000, 0x00000000ff160000)
  from space 640K,   1% used [0x00000000ff200000, 0x00000000ff202040, 0x00000000ff2a0000)
  to   space 640K,   0% used [0x00000000ff160000, 0x00000000ff160000, 0x00000000ff200000)
 concurrent mark-sweep generation total 13696K, used 10433K [0x00000000ff2a0000, 0x0000000100000000, 0x0000000100000000)
 Metaspace       used 5078K, capacity 5258K, committed 5504K, reserved 1056768K
  class space    used 557K, capacity 597K, committed 640K, reserved 1048576K
}
{Heap before GC invocations=910 (full 106):
 par new generation   total 6144K, used 5237K [0x00000000fec00000, 0x00000000ff2a0000, 0x00000000ff2a0000)
  eden space 5504K,  95% used [0x00000000fec00000, 0x00000000ff11b780, 0x00000000ff160000)
  from space 640K,   1% used [0x00000000ff200000, 0x00000000ff202040, 0x00000000ff2a0000)
  to   space 640K,   0% used [0x00000000ff160000, 0x00000000ff160000, 0x00000000ff200000)
 concurrent mark-sweep generation total 13696K, used 10433K [0x00000000ff2a0000, 0x0000000100000000, 0x0000000100000000)
 Metaspace       used 5078K, capacity 5258K, committed 5504K, reserved 1056768K
  class space    used 557K, capacity 597K, committed 640K, reserved 1048576K
2024-07-16T17:10:20.474+0800: 7.143: [GC (Allocation Failure) 2024-07-16T17:10:20.474+0800: 7.143: [ParNew: 5237K->4K(6144K), 0.0003102 secs] 15671K->10437K(19840K), 0.0003592 secs] [Times: user=0.00 sys=0.00, real=0.00 secs] 
Heap after GC invocations=911 (full 106):
 par new generation   total 6144K, used 4K [0x00000000fec00000, 0x00000000ff2a0000, 0x00000000ff2a0000)
  eden space 5504K,   0% used [0x00000000fec00000, 0x00000000fec00000, 0x00000000ff160000)
  from space 640K,   0% used [0x00000000ff160000, 0x00000000ff161020, 0x00000000ff200000)
  to   space 640K,   0% used [0x00000000ff200000, 0x00000000ff200000, 0x00000000ff2a0000)
 concurrent mark-sweep generation total 13696K, used 10433K [0x00000000ff2a0000, 0x0000000100000000, 0x0000000100000000)
 Metaspace       used 5078K, capacity 5258K, committed 5504K, reserved 1056768K
  class space    used 557K, capacity 597K, committed 640K, reserved 1048576K
}
{Heap before GC invocations=911 (full 106):
 par new generation   total 6144K, used 5233K [0x00000000fec00000, 0x00000000ff2a0000, 0x00000000ff2a0000)
  eden space 5504K,  95% used [0x00000000fec00000, 0x00000000ff11b780, 0x00000000ff160000)
  from space 640K,   0% used [0x00000000ff160000, 0x00000000ff161020, 0x00000000ff200000)
  to   space 640K,   0% used [0x00000000ff200000, 0x00000000ff200000, 0x00000000ff2a0000)
 concurrent mark-sweep generation total 13696K, used 10433K [0x00000000ff2a0000, 0x0000000100000000, 0x0000000100000000)
 Metaspace       used 5078K, capacity 5258K, committed 5504K, reserved 1056768K
  class space    used 557K, capacity 597K, committed 640K, reserved 1048576K
2024-07-16T17:10:20.483+0800: 7.152: [GC (Allocation Failure) 2024-07-16T17:10:20.483+0800: 7.152: [ParNew: 5233K->4K(6144K), 0.0003032 secs] 15667K->10437K(19840K), 0.0003563 secs] [Times: user=0.00 sys=0.00, real=0.00 secs] 
Heap after GC invocations=912 (full 106):
 par new generation   total 6144K, used 4K [0x00000000fec00000, 0x00000000ff2a0000, 0x00000000ff2a0000)
  eden space 5504K,   0% used [0x00000000fec00000, 0x00000000fec00000, 0x00000000ff160000)
  from space 640K,   0% used [0x00000000ff200000, 0x00000000ff201020, 0x00000000ff2a0000)
  to   space 640K,   0% used [0x00000000ff160000, 0x00000000ff160000, 0x00000000ff200000)
 concurrent mark-sweep generation total 13696K, used 10433K [0x00000000ff2a0000, 0x0000000100000000, 0x0000000100000000)
 Metaspace       used 5078K, capacity 5258K, committed 5504K, reserved 1056768K
  class space    used 557K, capacity 597K, committed 640K, reserved 1048576K
}
{Heap before GC invocations=912 (full 106):
 par new generation   total 6144K, used 5233K [0x00000000fec00000, 0x00000000ff2a0000, 0x00000000ff2a0000)
  eden space 5504K,  95% used [0x00000000fec00000, 0x00000000ff11b780, 0x00000000ff160000)
  from space 640K,   0% used [0x00000000ff200000, 0x00000000ff201020, 0x00000000ff2a0000)
  to   space 640K,   0% used [0x00000000ff160000, 0x00000000ff160000, 0x00000000ff200000)
 concurrent mark-sweep generation total 13696K, used 10433K [0x00000000ff2a0000, 0x0000000100000000, 0x0000000100000000)
 Metaspace       used 5078K, capacity 5258K, committed 5504K, reserved 1056768K
  class space    used 557K, capacity 597K, committed 640K, reserved 1048576K
2024-07-16T17:10:20.490+0800: 7.159: [GC (Allocation Failure) 2024-07-16T17:10:20.490+0800: 7.159: [ParNew: 5233K->8K(6144K), 0.0003632 secs] 15667K->11465K(19840K), 0.0003955 secs] [Times: user=0.00 sys=0.00, real=0.00 secs] 
Heap after GC invocations=913 (full 106):
 par new generation   total 6144K, used 8K [0x00000000fec00000, 0x00000000ff2a0000, 0x00000000ff2a0000)
  eden space 5504K,   0% used [0x00000000fec00000, 0x00000000fec00000, 0x00000000ff160000)
  from space 640K,   1% used [0x00000000ff160000, 0x00000000ff162040, 0x00000000ff200000)
  to   space 640K,   0% used [0x00000000ff200000, 0x00000000ff200000, 0x00000000ff2a0000)
 concurrent mark-sweep generation total 13696K, used 11457K [0x00000000ff2a0000, 0x0000000100000000, 0x0000000100000000)
 Metaspace       used 5078K, capacity 5258K, committed 5504K, reserved 1056768K
  class space    used 557K, capacity 597K, committed 640K, reserved 1048576K
}
{Heap before GC invocations=913 (full 106):
 par new generation   total 6144K, used 5237K [0x00000000fec00000, 0x00000000ff2a0000, 0x00000000ff2a0000)
  eden space 5504K,  95% used [0x00000000fec00000, 0x00000000ff11b780, 0x00000000ff160000)
  from space 640K,   1% used [0x00000000ff160000, 0x00000000ff162040, 0x00000000ff200000)
  to   space 640K,   0% used [0x00000000ff200000, 0x00000000ff200000, 0x00000000ff2a0000)
 concurrent mark-sweep generation total 13696K, used 11457K [0x00000000ff2a0000, 0x0000000100000000, 0x0000000100000000)
 Metaspace       used 5078K, capacity 5258K, committed 5504K, reserved 1056768K
  class space    used 557K, capacity 597K, committed 640K, reserved 1048576K
2024-07-16T17:10:20.497+0800: 7.166: [GC (Allocation Failure) 2024-07-16T17:10:20.497+0800: 7.166: [ParNew: 5237K->4K(6144K), 0.0003192 secs] 16695K->11461K(19840K), 0.0003625 secs] [Times: user=0.00 sys=0.00, real=0.00 secs] 
Heap after GC invocations=914 (full 106):
 par new generation   total 6144K, used 4K [0x00000000fec00000, 0x00000000ff2a0000, 0x00000000ff2a0000)
  eden space 5504K,   0% used [0x00000000fec00000, 0x00000000fec00000, 0x00000000ff160000)
  from space 640K,   0% used [0x00000000ff200000, 0x00000000ff201020, 0x00000000ff2a0000)
  to   space 640K,   0% used [0x00000000ff160000, 0x00000000ff160000, 0x00000000ff200000)
 concurrent mark-sweep generation total 13696K, used 11457K [0x00000000ff2a0000, 0x0000000100000000, 0x0000000100000000)
 Metaspace       used 5078K, capacity 5258K, committed 5504K, reserved 1056768K
  class space    used 557K, capacity 597K, committed 640K, reserved 1048576K
}
{Heap before GC invocations=914 (full 106):
 par new generation   total 6144K, used 5233K [0x00000000fec00000, 0x00000000ff2a0000, 0x00000000ff2a0000)
  eden space 5504K,  95% used [0x00000000fec00000, 0x00000000ff11b780, 0x00000000ff160000)
  from space 640K,   0% used [0x00000000ff200000, 0x00000000ff201020, 0x00000000ff2a0000)
  to   space 640K,   0% used [0x00000000ff160000, 0x00000000ff160000, 0x00000000ff200000)
 concurrent mark-sweep generation total 13696K, used 11457K [0x00000000ff2a0000, 0x0000000100000000, 0x0000000100000000)
 Metaspace       used 5078K, capacity 5258K, committed 5504K, reserved 1056768K
  class space    used 557K, capacity 597K, committed 640K, reserved 1048576K
2024-07-16T17:10:20.505+0800: 7.174: [GC (Allocation Failure) 2024-07-16T17:10:20.505+0800: 7.174: [ParNew: 5233K->4K(6144K), 0.0002795 secs] 16691K->11461K(19840K), 0.0003156 secs] [Times: user=0.00 sys=0.00, real=0.00 secs] 
Heap after GC invocations=915 (full 106):
 par new generation   total 6144K, used 4K [0x00000000fec00000, 0x00000000ff2a0000, 0x00000000ff2a0000)
  eden space 5504K,   0% used [0x00000000fec00000, 0x00000000fec00000, 0x00000000ff160000)
  from space 640K,   0% used [0x00000000ff160000, 0x00000000ff161020, 0x00000000ff200000)
  to   space 640K,   0% used [0x00000000ff200000, 0x00000000ff200000, 0x00000000ff2a0000)
 concurrent mark-sweep generation total 13696K, used 11457K [0x00000000ff2a0000, 0x0000000100000000, 0x0000000100000000)
 Metaspace       used 5078K, capacity 5258K, committed 5504K, reserved 1056768K
  class space    used 557K, capacity 597K, committed 640K, reserved 1048576K
}
{Heap before GC invocations=915 (full 106):
 par new generation   total 6144K, used 5233K [0x00000000fec00000, 0x00000000ff2a0000, 0x00000000ff2a0000)
  eden space 5504K,  95% used [0x00000000fec00000, 0x00000000ff11b780, 0x00000000ff160000)
  from space 640K,   0% used [0x00000000ff160000, 0x00000000ff161020, 0x00000000ff200000)
  to   space 640K,   0% used [0x00000000ff200000, 0x00000000ff200000, 0x00000000ff2a0000)
 concurrent mark-sweep generation total 13696K, used 11457K [0x00000000ff2a0000, 0x0000000100000000, 0x0000000100000000)
 Metaspace       used 5078K, capacity 5258K, committed 5504K, reserved 1056768K
  class space    used 557K, capacity 597K, committed 640K, reserved 1048576K
2024-07-16T17:10:20.511+0800: 7.180: [GC (Allocation Failure) 2024-07-16T17:10:20.511+0800: 7.180: [ParNew: 5233K->8K(6144K), 0.0003687 secs] 16691K->12489K(19840K), 0.0004000 secs] [Times: user=0.00 sys=0.00, real=0.00 secs] 
Heap after GC invocations=916 (full 106):
 par new generation   total 6144K, used 8K [0x00000000fec00000, 0x00000000ff2a0000, 0x00000000ff2a0000)
  eden space 5504K,   0% used [0x00000000fec00000, 0x00000000fec00000, 0x00000000ff160000)
  from space 640K,   1% used [0x00000000ff200000, 0x00000000ff202040, 0x00000000ff2a0000)
  to   space 640K,   0% used [0x00000000ff160000, 0x00000000ff160000, 0x00000000ff200000)
 concurrent mark-sweep generation total 13696K, used 12481K [0x00000000ff2a0000, 0x0000000100000000, 0x0000000100000000)
 Metaspace       used 5078K, capacity 5258K, committed 5504K, reserved 1056768K
  class space    used 557K, capacity 597K, committed 640K, reserved 1048576K
}
{Heap before GC invocations=916 (full 106):
 par new generation   total 6144K, used 5237K [0x00000000fec00000, 0x00000000ff2a0000, 0x00000000ff2a0000)
  eden space 5504K,  95% used [0x00000000fec00000, 0x00000000ff11b780, 0x00000000ff160000)
  from space 640K,   1% used [0x00000000ff200000, 0x00000000ff202040, 0x00000000ff2a0000)
  to   space 640K,   0% used [0x00000000ff160000, 0x00000000ff160000, 0x00000000ff200000)
 concurrent mark-sweep generation total 13696K, used 12481K [0x00000000ff2a0000, 0x0000000100000000, 0x0000000100000000)
 Metaspace       used 5078K, capacity 5258K, committed 5504K, reserved 1056768K
  class space    used 557K, capacity 597K, committed 640K, reserved 1048576K
2024-07-16T17:10:20.517+0800: 7.186: [GC (Allocation Failure) 2024-07-16T17:10:20.517+0800: 7.186: [ParNew: 5237K->5237K(6144K), 0.0000113 secs]2024-07-16T17:10:20.517+0800: 7.186: [CMS2024-07-16T17:10:20.517+0800: 7.186: [CMS-concurrent-abortable-preclean: 0.000/0.071 secs] [Times: user=0.00 sys=0.00, real=0.07 secs] 
 (concurrent mode failure): 12481K->2229K(13696K), 0.0023298 secs] 17719K->2229K(19840K), [Metaspace: 5078K->5078K(1056768K)], 0.0023834 secs] [Times: user=0.02 sys=0.00, real=0.00 secs] 
Heap after GC invocations=917 (full 107):
 par new generation   total 6144K, used 0K [0x00000000fec00000, 0x00000000ff2a0000, 0x00000000ff2a0000)
  eden space 5504K,   0% used [0x00000000fec00000, 0x00000000fec00000, 0x00000000ff160000)
  from space 640K,   0% used [0x00000000ff200000, 0x00000000ff200000, 0x00000000ff2a0000)
  to   space 640K,   0% used [0x00000000ff160000, 0x00000000ff160000, 0x00000000ff200000)
 concurrent mark-sweep generation total 13696K, used 2229K [0x00000000ff2a0000, 0x0000000100000000, 0x0000000100000000)
 Metaspace       used 5078K, capacity 5258K, committed 5504K, reserved 1056768K
  class space    used 557K, capacity 597K, committed 640K, reserved 1048576K
}
{Heap before GC invocations=917 (full 107):
 par new generation   total 6144K, used 5229K [0x00000000fec00000, 0x00000000ff2a0000, 0x00000000ff2a0000)
  eden space 5504K,  95% used [0x00000000fec00000, 0x00000000ff11b780, 0x00000000ff160000)
  from space 640K,   0% used [0x00000000ff200000, 0x00000000ff200000, 0x00000000ff2a0000)
  to   space 640K,   0% used [0x00000000ff160000, 0x00000000ff160000, 0x00000000ff200000)
 concurrent mark-sweep generation total 13696K, used 2229K [0x00000000ff2a0000, 0x0000000100000000, 0x0000000100000000)
 Metaspace       used 5078K, capacity 5258K, committed 5504K, reserved 1056768K
  class space    used 557K, capacity 597K, committed 640K, reserved 1048576K
2024-07-16T17:10:20.527+0800: 7.196: [GC (Allocation Failure) 2024-07-16T17:10:20.527+0800: 7.196: [ParNew: 5229K->4K(6144K), 0.0003138 secs] 7458K->2233K(19840K), 0.0003481 secs] [Times: user=0.00 sys=0.00, real=0.00 secs] 
Heap after GC invocations=918 (full 107):
 par new generation   total 6144K, used 4K [0x00000000fec00000, 0x00000000ff2a0000, 0x00000000ff2a0000)
  eden space 5504K,   0% used [0x00000000fec00000, 0x00000000fec00000, 0x00000000ff160000)
  from space 640K,   0% used [0x00000000ff160000, 0x00000000ff161020, 0x00000000ff200000)
  to   space 640K,   0% used [0x00000000ff200000, 0x00000000ff200000, 0x00000000ff2a0000)
 concurrent mark-sweep generation total 13696K, used 2229K [0x00000000ff2a0000, 0x0000000100000000, 0x0000000100000000)
 Metaspace       used 5078K, capacity 5258K, committed 5504K, reserved 1056768K
  class space    used 557K, capacity 597K, committed 640K, reserved 1048576K
}
{Heap before GC invocations=918 (full 107):
 par new generation   total 6144K, used 5233K [0x00000000fec00000, 0x00000000ff2a0000, 0x00000000ff2a0000)
  eden space 5504K,  95% used [0x00000000fec00000, 0x00000000ff11b780, 0x00000000ff160000)
  from space 640K,   0% used [0x00000000ff160000, 0x00000000ff161020, 0x00000000ff200000)
  to   space 640K,   0% used [0x00000000ff200000, 0x00000000ff200000, 0x00000000ff2a0000)
 concurrent mark-sweep generation total 13696K, used 2229K [0x00000000ff2a0000, 0x0000000100000000, 0x0000000100000000)
 Metaspace       used 5078K, capacity 5258K, committed 5504K, reserved 1056768K
  class space    used 557K, capacity 597K, committed 640K, reserved 1048576K
2024-07-16T17:10:20.533+0800: 7.202: [GC (Allocation Failure) 2024-07-16T17:10:20.533+0800: 7.202: [ParNew: 5233K->8K(6144K), 0.0004470 secs] 7462K->3263K(19840K), 0.0004771 secs] [Times: user=0.00 sys=0.00, real=0.00 secs] 
Heap after GC invocations=919 (full 107):
 par new generation   total 6144K, used 8K [0x00000000fec00000, 0x00000000ff2a0000, 0x00000000ff2a0000)
  eden space 5504K,   0% used [0x00000000fec00000, 0x00000000fec00000, 0x00000000ff160000)
  from space 640K,   1% used [0x00000000ff200000, 0x00000000ff202040, 0x00000000ff2a0000)
  to   space 640K,   0% used [0x00000000ff160000, 0x00000000ff160000, 0x00000000ff200000)
 concurrent mark-sweep generation total 13696K, used 3255K [0x00000000ff2a0000, 0x0000000100000000, 0x0000000100000000)
 Metaspace       used 5078K, capacity 5258K, committed 5504K, reserved 1056768K
  class space    used 557K, capacity 597K, committed 640K, reserved 1048576K
}
{Heap before GC invocations=919 (full 107):
 par new generation   total 6144K, used 5237K [0x00000000fec00000, 0x00000000ff2a0000, 0x00000000ff2a0000)
  eden space 5504K,  95% used [0x00000000fec00000, 0x00000000ff11b780, 0x00000000ff160000)
  from space 640K,   1% used [0x00000000ff200000, 0x00000000ff202040, 0x00000000ff2a0000)
  to   space 640K,   0% used [0x00000000ff160000, 0x00000000ff160000, 0x00000000ff200000)
 concurrent mark-sweep generation total 13696K, used 3255K [0x00000000ff2a0000, 0x0000000100000000, 0x0000000100000000)
 Metaspace       used 5078K, capacity 5258K, committed 5504K, reserved 1056768K
  class space    used 557K, capacity 597K, committed 640K, reserved 1048576K
2024-07-16T17:10:20.540+0800: 7.209: [GC (Allocation Failure) 2024-07-16T17:10:20.540+0800: 7.209: [ParNew: 5237K->8K(6144K), 0.0003675 secs] 8493K->4289K(19840K), 0.0004107 secs] [Times: user=0.00 sys=0.00, real=0.00 secs] 
Heap after GC invocations=920 (full 107):
 par new generation   total 6144K, used 8K [0x00000000fec00000, 0x00000000ff2a0000, 0x00000000ff2a0000)
  eden space 5504K,   0% used [0x00000000fec00000, 0x00000000fec00000, 0x00000000ff160000)
  from space 640K,   1% used [0x00000000ff160000, 0x00000000ff162040, 0x00000000ff200000)
  to   space 640K,   0% used [0x00000000ff200000, 0x00000000ff200000, 0x00000000ff2a0000)
 concurrent mark-sweep generation total 13696K, used 4281K [0x00000000ff2a0000, 0x0000000100000000, 0x0000000100000000)
 Metaspace       used 5078K, capacity 5258K, committed 5504K, reserved 1056768K
  class space    used 557K, capacity 597K, committed 640K, reserved 1048576K
}
{Heap before GC invocations=920 (full 107):
 par new generation   total 6144K, used 5237K [0x00000000fec00000, 0x00000000ff2a0000, 0x00000000ff2a0000)
  eden space 5504K,  95% used [0x00000000fec00000, 0x00000000ff11b780, 0x00000000ff160000)
  from space 640K,   1% used [0x00000000ff160000, 0x00000000ff162040, 0x00000000ff200000)
  to   space 640K,   0% used [0x00000000ff200000, 0x00000000ff200000, 0x00000000ff2a0000)
 concurrent mark-sweep generation total 13696K, used 4281K [0x00000000ff2a0000, 0x0000000100000000, 0x0000000100000000)
 Metaspace       used 5078K, capacity 5258K, committed 5504K, reserved 1056768K
  class space    used 557K, capacity 597K, committed 640K, reserved 1048576K
2024-07-16T17:10:20.547+0800: 7.216: [GC (Allocation Failure) 2024-07-16T17:10:20.547+0800: 7.216: [ParNew: 5237K->8K(6144K), 0.0003474 secs] 9519K->5315K(19840K), 0.0003926 secs] [Times: user=0.00 sys=0.00, real=0.00 secs] 
Heap after GC invocations=921 (full 107):
 par new generation   total 6144K, used 8K [0x00000000fec00000, 0x00000000ff2a0000, 0x00000000ff2a0000)
  eden space 5504K,   0% used [0x00000000fec00000, 0x00000000fec00000, 0x00000000ff160000)
  from space 640K,   1% used [0x00000000ff200000, 0x00000000ff202040, 0x00000000ff2a0000)
  to   space 640K,   0% used [0x00000000ff160000, 0x00000000ff160000, 0x00000000ff200000)
 concurrent mark-sweep generation total 13696K, used 5307K [0x00000000ff2a0000, 0x0000000100000000, 0x0000000100000000)
 Metaspace       used 5078K, capacity 5258K, committed 5504K, reserved 1056768K
  class space    used 557K, capacity 597K, committed 640K, reserved 1048576K
}
{Heap before GC invocations=921 (full 107):
 par new generation   total 6144K, used 5237K [0x00000000fec00000, 0x00000000ff2a0000, 0x00000000ff2a0000)
  eden space 5504K,  95% used [0x00000000fec00000, 0x00000000ff11b780, 0x00000000ff160000)
  from space 640K,   1% used [0x00000000ff200000, 0x00000000ff202040, 0x00000000ff2a0000)
  to   space 640K,   0% used [0x00000000ff160000, 0x00000000ff160000, 0x00000000ff200000)
 concurrent mark-sweep generation total 13696K, used 5307K [0x00000000ff2a0000, 0x0000000100000000, 0x0000000100000000)
 Metaspace       used 5078K, capacity 5258K, committed 5504K, reserved 1056768K
  class space    used 557K, capacity 597K, committed 640K, reserved 1048576K
2024-07-16T17:10:20.554+0800: 7.223: [GC (Allocation Failure) 2024-07-16T17:10:20.554+0800: 7.223: [ParNew: 5237K->4K(6144K), 0.0003238 secs] 10545K->6335K(19840K), 0.0003874 secs] [Times: user=0.00 sys=0.00, real=0.00 secs] 
Heap after GC invocations=922 (full 107):
 par new generation   total 6144K, used 4K [0x00000000fec00000, 0x00000000ff2a0000, 0x00000000ff2a0000)
  eden space 5504K,   0% used [0x00000000fec00000, 0x00000000fec00000, 0x00000000ff160000)
  from space 640K,   0% used [0x00000000ff160000, 0x00000000ff161020, 0x00000000ff200000)
  to   space 640K,   0% used [0x00000000ff200000, 0x00000000ff200000, 0x00000000ff2a0000)
 concurrent mark-sweep generation total 13696K, used 6331K [0x00000000ff2a0000, 0x0000000100000000, 0x0000000100000000)
 Metaspace       used 5078K, capacity 5258K, committed 5504K, reserved 1056768K
  class space    used 557K, capacity 597K, committed 640K, reserved 1048576K
}
2024-07-16T17:10:20.554+0800: 7.223: [GC (CMS Initial Mark) [1 CMS-initial-mark: 6331K(13696K)] 7359K(19840K), 0.0001079 secs] [Times: user=0.00 sys=0.00, real=0.00 secs] 
2024-07-16T17:10:20.554+0800: 7.224: [CMS-concurrent-mark-start]
2024-07-16T17:10:20.557+0800: 7.226: [CMS-concurrent-mark: 0.003/0.003 secs] [Times: user=0.00 sys=0.00, real=0.00 secs] 
2024-07-16T17:10:20.557+0800: 7.226: [CMS-concurrent-preclean-start]
2024-07-16T17:10:20.557+0800: 7.226: [CMS-concurrent-preclean: 0.000/0.000 secs] [Times: user=0.00 sys=0.00, real=0.00 secs] 
2024-07-16T17:10:20.557+0800: 7.226: [CMS-concurrent-abortable-preclean-start]
{Heap before GC invocations=922 (full 108):
 par new generation   total 6144K, used 5233K [0x00000000fec00000, 0x00000000ff2a0000, 0x00000000ff2a0000)
  eden space 5504K,  95% used [0x00000000fec00000, 0x00000000ff11b780, 0x00000000ff160000)
  from space 640K,   0% used [0x00000000ff160000, 0x00000000ff161020, 0x00000000ff200000)
  to   space 640K,   0% used [0x00000000ff200000, 0x00000000ff200000, 0x00000000ff2a0000)
 concurrent mark-sweep generation total 13696K, used 6331K [0x00000000ff2a0000, 0x0000000100000000, 0x0000000100000000)
 Metaspace       used 5078K, capacity 5258K, committed 5504K, reserved 1056768K
  class space    used 557K, capacity 597K, committed 640K, reserved 1048576K
2024-07-16T17:10:20.561+0800: 7.230: [GC (Allocation Failure) 2024-07-16T17:10:20.561+0800: 7.230: [ParNew: 5233K->8K(6144K), 0.0004436 secs] 11565K->7363K(19840K), 0.0005221 secs] [Times: user=0.00 sys=0.00, real=0.00 secs] 
Heap after GC invocations=923 (full 108):
 par new generation   total 6144K, used 8K [0x00000000fec00000, 0x00000000ff2a0000, 0x00000000ff2a0000)
  eden space 5504K,   0% used [0x00000000fec00000, 0x00000000fec00000, 0x00000000ff160000)
  from space 640K,   1% used [0x00000000ff200000, 0x00000000ff202040, 0x00000000ff2a0000)
  to   space 640K,   0% used [0x00000000ff160000, 0x00000000ff160000, 0x00000000ff200000)
 concurrent mark-sweep generation total 13696K, used 7355K [0x00000000ff2a0000, 0x0000000100000000, 0x0000000100000000)
 Metaspace       used 5078K, capacity 5258K, committed 5504K, reserved 1056768K
  class space    used 557K, capacity 597K, committed 640K, reserved 1048576K
}
{Heap before GC invocations=923 (full 108):
 par new generation   total 6144K, used 5237K [0x00000000fec00000, 0x00000000ff2a0000, 0x00000000ff2a0000)
  eden space 5504K,  95% used [0x00000000fec00000, 0x00000000ff11b780, 0x00000000ff160000)
  from space 640K,   1% used [0x00000000ff200000, 0x00000000ff202040, 0x00000000ff2a0000)
  to   space 640K,   0% used [0x00000000ff160000, 0x00000000ff160000, 0x00000000ff200000)
 concurrent mark-sweep generation total 13696K, used 7355K [0x00000000ff2a0000, 0x0000000100000000, 0x0000000100000000)
 Metaspace       used 5078K, capacity 5258K, committed 5504K, reserved 1056768K
  class space    used 557K, capacity 597K, committed 640K, reserved 1048576K
2024-07-16T17:10:20.568+0800: 7.237: [GC (Allocation Failure) 2024-07-16T17:10:20.568+0800: 7.237: [ParNew: 5237K->10K(6144K), 0.0004913 secs] 12593K->8391K(19840K), 0.0005798 secs] [Times: user=0.00 sys=0.00, real=0.00 secs] 
Heap after GC invocations=924 (full 108):
 par new generation   total 6144K, used 10K [0x00000000fec00000, 0x00000000ff2a0000, 0x00000000ff2a0000)
  eden space 5504K,   0% used [0x00000000fec00000, 0x00000000fec00000, 0x00000000ff160000)
  from space 640K,   1% used [0x00000000ff160000, 0x00000000ff162850, 0x00000000ff200000)
  to   space 640K,   0% used [0x00000000ff200000, 0x00000000ff200000, 0x00000000ff2a0000)
 concurrent mark-sweep generation total 13696K, used 8381K [0x00000000ff2a0000, 0x0000000100000000, 0x0000000100000000)
 Metaspace       used 5078K, capacity 5258K, committed 5504K, reserved 1056768K
  class space    used 557K, capacity 597K, committed 640K, reserved 1048576K
}
{Heap before GC invocations=924 (full 108):
 par new generation   total 6144K, used 5239K [0x00000000fec00000, 0x00000000ff2a0000, 0x00000000ff2a0000)
  eden space 5504K,  95% used [0x00000000fec00000, 0x00000000ff11b780, 0x00000000ff160000)
  from space 640K,   1% used [0x00000000ff160000, 0x00000000ff162850, 0x00000000ff200000)
  to   space 640K,   0% used [0x00000000ff200000, 0x00000000ff200000, 0x00000000ff2a0000)
 concurrent mark-sweep generation total 13696K, used 8381K [0x00000000ff2a0000, 0x0000000100000000, 0x0000000100000000)
 Metaspace       used 5078K, capacity 5258K, committed 5504K, reserved 1056768K
  class space    used 557K, capacity 597K, committed 640K, reserved 1048576K
2024-07-16T17:10:20.574+0800: 7.243: [GC (Allocation Failure) 2024-07-16T17:10:20.574+0800: 7.243: [ParNew: 5239K->6K(6144K), 0.0011500 secs] 13621K->9413K(19840K), 0.0012190 secs] [Times: user=0.00 sys=0.00, real=0.00 secs] 
Heap after GC invocations=925 (full 108):
 par new generation   total 6144K, used 6K [0x00000000fec00000, 0x00000000ff2a0000, 0x00000000ff2a0000)
  eden space 5504K,   0% used [0x00000000fec00000, 0x00000000fec00000, 0x00000000ff160000)
  from space 640K,   0% used [0x00000000ff200000, 0x00000000ff201830, 0x00000000ff2a0000)
  to   space 640K,   0% used [0x00000000ff160000, 0x00000000ff160000, 0x00000000ff200000)
 concurrent mark-sweep generation total 13696K, used 9407K [0x00000000ff2a0000, 0x0000000100000000, 0x0000000100000000)
 Metaspace       used 5078K, capacity 5258K, committed 5504K, reserved 1056768K
  class space    used 557K, capacity 597K, committed 640K, reserved 1048576K
}
{Heap before GC invocations=925 (full 108):
 par new generation   total 6144K, used 5235K [0x00000000fec00000, 0x00000000ff2a0000, 0x00000000ff2a0000)
  eden space 5504K,  95% used [0x00000000fec00000, 0x00000000ff11b780, 0x00000000ff160000)
  from space 640K,   0% used [0x00000000ff200000, 0x00000000ff201830, 0x00000000ff2a0000)
  to   space 640K,   0% used [0x00000000ff160000, 0x00000000ff160000, 0x00000000ff200000)
 concurrent mark-sweep generation total 13696K, used 9407K [0x00000000ff2a0000, 0x0000000100000000, 0x0000000100000000)
 Metaspace       used 5078K, capacity 5258K, committed 5504K, reserved 1056768K
  class space    used 557K, capacity 597K, committed 640K, reserved 1048576K
2024-07-16T17:10:20.582+0800: 7.251: [GC (Allocation Failure) 2024-07-16T17:10:20.582+0800: 7.251: [ParNew: 5235K->10K(6144K), 0.0008190 secs] 14643K->10441K(19840K), 0.0009022 secs] [Times: user=0.00 sys=0.00, real=0.00 secs] 
Heap after GC invocations=926 (full 108):
 par new generation   total 6144K, used 10K [0x00000000fec00000, 0x00000000ff2a0000, 0x00000000ff2a0000)
  eden space 5504K,   0% used [0x00000000fec00000, 0x00000000fec00000, 0x00000000ff160000)
  from space 640K,   1% used [0x00000000ff160000, 0x00000000ff162850, 0x00000000ff200000)
  to   space 640K,   0% used [0x00000000ff200000, 0x00000000ff200000, 0x00000000ff2a0000)
 concurrent mark-sweep generation total 13696K, used 10431K [0x00000000ff2a0000, 0x0000000100000000, 0x0000000100000000)
 Metaspace       used 5078K, capacity 5258K, committed 5504K, reserved 1056768K
  class space    used 557K, capacity 597K, committed 640K, reserved 1048576K
}
{Heap before GC invocations=926 (full 108):
 par new generation   total 6144K, used 5239K [0x00000000fec00000, 0x00000000ff2a0000, 0x00000000ff2a0000)
  eden space 5504K,  95% used [0x00000000fec00000, 0x00000000ff11b780, 0x00000000ff160000)
  from space 640K,   1% used [0x00000000ff160000, 0x00000000ff162850, 0x00000000ff200000)
  to   space 640K,   0% used [0x00000000ff200000, 0x00000000ff200000, 0x00000000ff2a0000)
 concurrent mark-sweep generation total 13696K, used 10431K [0x00000000ff2a0000, 0x0000000100000000, 0x0000000100000000)
 Metaspace       used 5078K, capacity 5258K, committed 5504K, reserved 1056768K
  class space    used 557K, capacity 597K, committed 640K, reserved 1048576K
2024-07-16T17:10:20.591+0800: 7.260: [GC (Allocation Failure) 2024-07-16T17:10:20.591+0800: 7.260: [ParNew: 5239K->8K(6144K), 0.0011680 secs] 15671K->11463K(19840K), 0.0013250 secs] [Times: user=0.00 sys=0.00, real=0.00 secs] 
Heap after GC invocations=927 (full 108):
 par new generation   total 6144K, used 8K [0x00000000fec00000, 0x00000000ff2a0000, 0x00000000ff2a0000)
  eden space 5504K,   0% used [0x00000000fec00000, 0x00000000fec00000, 0x00000000ff160000)
  from space 640K,   1% used [0x00000000ff200000, 0x00000000ff202040, 0x00000000ff2a0000)
  to   space 640K,   0% used [0x00000000ff160000, 0x00000000ff160000, 0x00000000ff200000)
 concurrent mark-sweep generation total 13696K, used 11455K [0x00000000ff2a0000, 0x0000000100000000, 0x0000000100000000)
 Metaspace       used 5078K, capacity 5258K, committed 5504K, reserved 1056768K
  class space    used 557K, capacity 597K, committed 640K, reserved 1048576K
}
{Heap before GC invocations=927 (full 108):
 par new generation   total 6144K, used 5237K [0x00000000fec00000, 0x00000000ff2a0000, 0x00000000ff2a0000)
  eden space 5504K,  95% used [0x00000000fec00000, 0x00000000ff11b780, 0x00000000ff160000)
  from space 640K,   1% used [0x00000000ff200000, 0x00000000ff202040, 0x00000000ff2a0000)
  to   space 640K,   0% used [0x00000000ff160000, 0x00000000ff160000, 0x00000000ff200000)
 concurrent mark-sweep generation total 13696K, used 11455K [0x00000000ff2a0000, 0x0000000100000000, 0x0000000100000000)
 Metaspace       used 5078K, capacity 5258K, committed 5504K, reserved 1056768K
  class space    used 557K, capacity 597K, committed 640K, reserved 1048576K
2024-07-16T17:10:20.600+0800: 7.269: [GC (Allocation Failure) 2024-07-16T17:10:20.600+0800: 7.269: [ParNew: 5237K->6K(6144K), 0.0011248 secs] 16693K->12485K(19840K), 0.0012303 secs] [Times: user=0.00 sys=0.00, real=0.00 secs] 
Heap after GC invocations=928 (full 108):
 par new generation   total 6144K, used 6K [0x00000000fec00000, 0x00000000ff2a0000, 0x00000000ff2a0000)
  eden space 5504K,   0% used [0x00000000fec00000, 0x00000000fec00000, 0x00000000ff160000)
  from space 640K,   0% used [0x00000000ff160000, 0x00000000ff161830, 0x00000000ff200000)
  to   space 640K,   0% used [0x00000000ff200000, 0x00000000ff200000, 0x00000000ff2a0000)
 concurrent mark-sweep generation total 13696K, used 12479K [0x00000000ff2a0000, 0x0000000100000000, 0x0000000100000000)
 Metaspace       used 5078K, capacity 5258K, committed 5504K, reserved 1056768K
  class space    used 557K, capacity 597K, committed 640K, reserved 1048576K
}
{Heap before GC invocations=928 (full 108):
 par new generation   total 6144K, used 5235K [0x00000000fec00000, 0x00000000ff2a0000, 0x00000000ff2a0000)
  eden space 5504K,  95% used [0x00000000fec00000, 0x00000000ff11b780, 0x00000000ff160000)
  from space 640K,   0% used [0x00000000ff160000, 0x00000000ff161830, 0x00000000ff200000)
  to   space 640K,   0% used [0x00000000ff200000, 0x00000000ff200000, 0x00000000ff2a0000)
 concurrent mark-sweep generation total 13696K, used 12479K [0x00000000ff2a0000, 0x0000000100000000, 0x0000000100000000)
 Metaspace       used 5078K, capacity 5258K, committed 5504K, reserved 1056768K
  class space    used 557K, capacity 597K, committed 640K, reserved 1048576K
2024-07-16T17:10:20.607+0800: 7.276: [GC (Allocation Failure) 2024-07-16T17:10:20.607+0800: 7.276: [ParNew: 5235K->8K(6144K), 0.0014433 secs] 17715K->13513K(19840K), 0.0016058 secs] [Times: user=0.00 sys=0.00, real=0.00 secs] 
Heap after GC invocations=929 (full 108):
 par new generation   total 6144K, used 8K [0x00000000fec00000, 0x00000000ff2a0000, 0x00000000ff2a0000)
  eden space 5504K,   0% used [0x00000000fec00000, 0x00000000fec00000, 0x00000000ff160000)
  from space 640K,   1% used [0x00000000ff200000, 0x00000000ff202040, 0x00000000ff2a0000)
  to   space 640K,   0% used [0x00000000ff160000, 0x00000000ff160000, 0x00000000ff200000)
 concurrent mark-sweep generation total 13696K, used 13505K [0x00000000ff2a0000, 0x0000000100000000, 0x0000000100000000)
 Metaspace       used 5078K, capacity 5258K, committed 5504K, reserved 1056768K
  class space    used 557K, capacity 597K, committed 640K, reserved 1048576K
}
2024-07-16T17:10:20.608+0800: 7.278: [CMS-concurrent-abortable-preclean: 0.001/0.051 secs] [Times: user=0.00 sys=0.00, real=0.05 secs] 
2024-07-16T17:10:20.608+0800: 7.278: [GC (CMS Final Remark) [YG occupancy: 1141 K (6144 K)]{Heap before GC invocations=929 (full 108):
 par new generation   total 6144K, used 1141K [0x00000000fec00000, 0x00000000ff2a0000, 0x00000000ff2a0000)
  eden space 5504K,  20% used [0x00000000fec00000, 0x00000000fed1b740, 0x00000000ff160000)
  from space 640K,   1% used [0x00000000ff200000, 0x00000000ff202040, 0x00000000ff2a0000)
  to   space 640K,   0% used [0x00000000ff160000, 0x00000000ff160000, 0x00000000ff200000)
 concurrent mark-sweep generation total 13696K, used 13505K [0x00000000ff2a0000, 0x0000000100000000, 0x0000000100000000)
 Metaspace       used 5078K, capacity 5258K, committed 5504K, reserved 1056768K
  class space    used 557K, capacity 597K, committed 640K, reserved 1048576K
2024-07-16T17:10:20.609+0800: 7.278: [GC (CMS Final Remark) 2024-07-16T17:10:20.609+0800: 7.278: [ParNew: 1141K->1141K(6144K), 0.0000116 secs] 14647K->14647K(19840K), 0.0000306 secs] [Times: user=0.00 sys=0.00, real=0.00 secs] 
Heap after GC invocations=930 (full 108):
 par new generation   total 6144K, used 1141K [0x00000000fec00000, 0x00000000ff2a0000, 0x00000000ff2a0000)
  eden space 5504K,  20% used [0x00000000fec00000, 0x00000000fed1b740, 0x00000000ff160000)
  from space 640K,   1% used [0x00000000ff200000, 0x00000000ff202040, 0x00000000ff2a0000)
  to   space 640K,   0% used [0x00000000ff160000, 0x00000000ff160000, 0x00000000ff200000)
 concurrent mark-sweep generation total 13696K, used 13505K [0x00000000ff2a0000, 0x0000000100000000, 0x0000000100000000)
 Metaspace       used 5078K, capacity 5258K, committed 5504K, reserved 1056768K
  class space    used 557K, capacity 597K, committed 640K, reserved 1048576K
}
2024-07-16T17:10:20.609+0800: 7.278: [Rescan (parallel) , 0.0002643 secs]2024-07-16T17:10:20.609+0800: 7.278: [weak refs processing, 0.0000183 secs]2024-07-16T17:10:20.609+0800: 7.278: [class unloading, 0.0004258 secs]2024-07-16T17:10:20.609+0800: 7.279: [scrub symbol table, 0.0005040 secs]2024-07-16T17:10:20.610+0800: 7.279: [scrub string table, 0.0001510 secs][1 CMS-remark: 13505K(13696K)] 14647K(19840K), 0.0015242 secs] [Times: user=0.00 sys=0.00, real=0.00 secs] 
2024-07-16T17:10:20.610+0800: 7.280: [CMS-concurrent-sweep-start]
2024-07-16T17:10:20.610+0800: 7.280: [CMS-concurrent-sweep: 0.000/0.000 secs] [Times: user=0.00 sys=0.00, real=0.00 secs] 
2024-07-16T17:10:20.610+0800: 7.280: [CMS-concurrent-reset-start]
2024-07-16T17:10:20.610+0800: 7.280: [CMS-concurrent-reset: 0.000/0.000 secs] [Times: user=0.00 sys=0.00, real=0.00 secs] 
{Heap before GC invocations=930 (full 108):
 par new generation   total 6144K, used 5347K [0x00000000fec00000, 0x00000000ff2a0000, 0x00000000ff2a0000)
  eden space 5504K,  97% used [0x00000000fec00000, 0x00000000ff136eb0, 0x00000000ff160000)
  from space 640K,   1% used [0x00000000ff200000, 0x00000000ff202040, 0x00000000ff2a0000)
  to   space 640K,   0% used [0x00000000ff160000, 0x00000000ff160000, 0x00000000ff200000)
 concurrent mark-sweep generation total 13696K, used 8385K [0x00000000ff2a0000, 0x0000000100000000, 0x0000000100000000)
 Metaspace       used 5078K, capacity 5258K, committed 5504K, reserved 1056768K
  class space    used 557K, capacity 597K, committed 640K, reserved 1048576K
2024-07-16T17:10:20.615+0800: 7.284: [GC (Allocation Failure) 2024-07-16T17:10:20.615+0800: 7.284: [ParNew: 5347K->10K(6144K), 0.0003533 secs] 13732K->9421K(19840K), 0.0003776 secs] [Times: user=0.00 sys=0.00, real=0.00 secs] 
Heap after GC invocations=931 (full 108):
 par new generation   total 6144K, used 10K [0x00000000fec00000, 0x00000000ff2a0000, 0x00000000ff2a0000)
  eden space 5504K,   0% used [0x00000000fec00000, 0x00000000fec00000, 0x00000000ff160000)
  from space 640K,   1% used [0x00000000ff160000, 0x00000000ff162850, 0x00000000ff200000)
  to   space 640K,   0% used [0x00000000ff200000, 0x00000000ff200000, 0x00000000ff2a0000)
 concurrent mark-sweep generation total 13696K, used 9411K [0x00000000ff2a0000, 0x0000000100000000, 0x0000000100000000)
 Metaspace       used 5078K, capacity 5258K, committed 5504K, reserved 1056768K
  class space    used 557K, capacity 597K, committed 640K, reserved 1048576K
}
2024-07-16T17:10:20.615+0800: 7.284: [GC (CMS Initial Mark) [1 CMS-initial-mark: 9411K(13696K)] 10445K(19840K), 0.0001097 secs] [Times: user=0.00 sys=0.00, real=0.00 secs] 
2024-07-16T17:10:20.615+0800: 7.285: [CMS-concurrent-mark-start]
2024-07-16T17:10:20.618+0800: 7.287: [CMS-concurrent-mark: 0.003/0.003 secs] [Times: user=0.00 sys=0.00, real=0.00 secs] 
2024-07-16T17:10:20.618+0800: 7.287: [CMS-concurrent-preclean-start]
2024-07-16T17:10:20.618+0800: 7.287: [CMS-concurrent-preclean: 0.000/0.000 secs] [Times: user=0.00 sys=0.00, real=0.00 secs] 
2024-07-16T17:10:20.618+0800: 7.287: [CMS-concurrent-abortable-preclean-start]
{Heap before GC invocations=931 (full 109):
 par new generation   total 6144K, used 5224K [0x00000000fec00000, 0x00000000ff2a0000, 0x00000000ff2a0000)
  eden space 5504K,  94% used [0x00000000fec00000, 0x00000000ff117940, 0x00000000ff160000)
  from space 640K,   1% used [0x00000000ff160000, 0x00000000ff162850, 0x00000000ff200000)
  to   space 640K,   0% used [0x00000000ff200000, 0x00000000ff200000, 0x00000000ff2a0000)
 concurrent mark-sweep generation total 13696K, used 9411K [0x00000000ff2a0000, 0x0000000100000000, 0x0000000100000000)
 Metaspace       used 5078K, capacity 5258K, committed 5504K, reserved 1056768K
  class space    used 557K, capacity 597K, committed 640K, reserved 1048576K
2024-07-16T17:10:20.623+0800: 7.292: [GC (Allocation Failure) 2024-07-16T17:10:20.623+0800: 7.292: [ParNew: 5224K->2K(6144K), 0.0005280 secs] 14635K->9413K(19840K), 0.0006028 secs] [Times: user=0.00 sys=0.00, real=0.00 secs] 
Heap after GC invocations=932 (full 109):
 par new generation   total 6144K, used 2K [0x00000000fec00000, 0x00000000ff2a0000, 0x00000000ff2a0000)
  eden space 5504K,   0% used [0x00000000fec00000, 0x00000000fec00000, 0x00000000ff160000)
  from space 640K,   0% used [0x00000000ff200000, 0x00000000ff200810, 0x00000000ff2a0000)
  to   space 640K,   0% used [0x00000000ff160000, 0x00000000ff160000, 0x00000000ff200000)
 concurrent mark-sweep generation total 13696K, used 9411K [0x00000000ff2a0000, 0x0000000100000000, 0x0000000100000000)
 Metaspace       used 5078K, capacity 5258K, committed 5504K, reserved 1056768K
  class space    used 557K, capacity 597K, committed 640K, reserved 1048576K
}
{Heap before GC invocations=932 (full 109):
 par new generation   total 6144K, used 5222K [0x00000000fec00000, 0x00000000ff2a0000, 0x00000000ff2a0000)
  eden space 5504K,  94% used [0x00000000fec00000, 0x00000000ff119240, 0x00000000ff160000)
  from space 640K,   0% used [0x00000000ff200000, 0x00000000ff200810, 0x00000000ff2a0000)
  to   space 640K,   0% used [0x00000000ff160000, 0x00000000ff160000, 0x00000000ff200000)
 concurrent mark-sweep generation total 13696K, used 9411K [0x00000000ff2a0000, 0x0000000100000000, 0x0000000100000000)
 Metaspace       used 5078K, capacity 5258K, committed 5504K, reserved 1056768K
  class space    used 557K, capacity 597K, committed 640K, reserved 1048576K
2024-07-16T17:10:20.632+0800: 7.301: [GC (Allocation Failure) 2024-07-16T17:10:20.632+0800: 7.301: [ParNew: 5222K->10K(6144K), 0.0005641 secs] 14633K->10447K(19840K), 0.0006843 secs] [Times: user=0.00 sys=0.00, real=0.00 secs] 
Heap after GC invocations=933 (full 109):
 par new generation   total 6144K, used 10K [0x00000000fec00000, 0x00000000ff2a0000, 0x00000000ff2a0000)
  eden space 5504K,   0% used [0x00000000fec00000, 0x00000000fec00000, 0x00000000ff160000)
  from space 640K,   1% used [0x00000000ff160000, 0x00000000ff162850, 0x00000000ff200000)
  to   space 640K,   0% used [0x00000000ff200000, 0x00000000ff200000, 0x00000000ff2a0000)
 concurrent mark-sweep generation total 13696K, used 10437K [0x00000000ff2a0000, 0x0000000100000000, 0x0000000100000000)
 Metaspace       used 5078K, capacity 5258K, committed 5504K, reserved 1056768K
  class space    used 557K, capacity 597K, committed 640K, reserved 1048576K
}
{Heap before GC invocations=933 (full 109):
 par new generation   total 6144K, used 5233K [0x00000000fec00000, 0x00000000ff2a0000, 0x00000000ff2a0000)
  eden space 5504K,  94% used [0x00000000fec00000, 0x00000000ff119f90, 0x00000000ff160000)
  from space 640K,   1% used [0x00000000ff160000, 0x00000000ff162850, 0x00000000ff200000)
  to   space 640K,   0% used [0x00000000ff200000, 0x00000000ff200000, 0x00000000ff2a0000)
 concurrent mark-sweep generation total 13696K, used 10437K [0x00000000ff2a0000, 0x0000000100000000, 0x0000000100000000)
 Metaspace       used 5078K, capacity 5258K, committed 5504K, reserved 1056768K
  class space    used 557K, capacity 597K, committed 640K, reserved 1048576K
2024-07-16T17:10:20.643+0800: 7.312: [GC (Allocation Failure) 2024-07-16T17:10:20.643+0800: 7.312: [ParNew: 5233K->4K(6144K), 0.0003367 secs] 15671K->10441K(19840K), 0.0003948 secs] [Times: user=0.00 sys=0.00, real=0.00 secs] 
Heap after GC invocations=934 (full 109):
 par new generation   total 6144K, used 4K [0x00000000fec00000, 0x00000000ff2a0000, 0x00000000ff2a0000)
  eden space 5504K,   0% used [0x00000000fec00000, 0x00000000fec00000, 0x00000000ff160000)
  from space 640K,   0% used [0x00000000ff200000, 0x00000000ff201020, 0x00000000ff2a0000)
  to   space 640K,   0% used [0x00000000ff160000, 0x00000000ff160000, 0x00000000ff200000)
 concurrent mark-sweep generation total 13696K, used 10437K [0x00000000ff2a0000, 0x0000000100000000, 0x0000000100000000)
 Metaspace       used 5078K, capacity 5258K, committed 5504K, reserved 1056768K
  class space    used 557K, capacity 597K, committed 640K, reserved 1048576K
}
{Heap before GC invocations=934 (full 109):
 par new generation   total 6144K, used 5230K [0x00000000fec00000, 0x00000000ff2a0000, 0x00000000ff2a0000)
  eden space 5504K,  94% used [0x00000000fec00000, 0x00000000ff11a818, 0x00000000ff160000)
  from space 640K,   0% used [0x00000000ff200000, 0x00000000ff201020, 0x00000000ff2a0000)
  to   space 640K,   0% used [0x00000000ff160000, 0x00000000ff160000, 0x00000000ff200000)
 concurrent mark-sweep generation total 13696K, used 10437K [0x00000000ff2a0000, 0x0000000100000000, 0x0000000100000000)
 Metaspace       used 5078K, capacity 5258K, committed 5504K, reserved 1056768K
  class space    used 557K, capacity 597K, committed 640K, reserved 1048576K
2024-07-16T17:10:20.651+0800: 7.320: [GC (Allocation Failure) 2024-07-16T17:10:20.651+0800: 7.320: [ParNew: 5230K->4K(6144K), 0.0002783 secs] 15667K->10441K(19840K), 0.0003770 secs] [Times: user=0.00 sys=0.00, real=0.00 secs] 
Heap after GC invocations=935 (full 109):
 par new generation   total 6144K, used 4K [0x00000000fec00000, 0x00000000ff2a0000, 0x00000000ff2a0000)
  eden space 5504K,   0% used [0x00000000fec00000, 0x00000000fec00000, 0x00000000ff160000)
  from space 640K,   0% used [0x00000000ff160000, 0x00000000ff161020, 0x00000000ff200000)
  to   space 640K,   0% used [0x00000000ff200000, 0x00000000ff200000, 0x00000000ff2a0000)
 concurrent mark-sweep generation total 13696K, used 10437K [0x00000000ff2a0000, 0x0000000100000000, 0x0000000100000000)
 Metaspace       used 5078K, capacity 5258K, committed 5504K, reserved 1056768K
  class space    used 557K, capacity 597K, committed 640K, reserved 1048576K
}
{Heap before GC invocations=935 (full 109):
 par new generation   total 6144K, used 5231K [0x00000000fec00000, 0x00000000ff2a0000, 0x00000000ff2a0000)
  eden space 5504K,  94% used [0x00000000fec00000, 0x00000000ff11ad98, 0x00000000ff160000)
  from space 640K,   0% used [0x00000000ff160000, 0x00000000ff161020, 0x00000000ff200000)
  to   space 640K,   0% used [0x00000000ff200000, 0x00000000ff200000, 0x00000000ff2a0000)
 concurrent mark-sweep generation total 13696K, used 10437K [0x00000000ff2a0000, 0x0000000100000000, 0x0000000100000000)
 Metaspace       used 5078K, capacity 5258K, committed 5504K, reserved 1056768K
  class space    used 557K, capacity 597K, committed 640K, reserved 1048576K
2024-07-16T17:10:20.659+0800: 7.328: [GC (Allocation Failure) 2024-07-16T17:10:20.659+0800: 7.328: [ParNew (promotion failed): 5231K->5233K(6144K), 0.0003307 secs]2024-07-16T17:10:20.659+0800: 7.328: [CMS2024-07-16T17:10:20.659+0800: 7.328: [CMS-concurrent-abortable-preclean: 0.000/0.041 secs] [Times: user=0.00 sys=0.00, real=0.04 secs] 
 (concurrent mode failure): 10439K->2228K(13696K), 0.0033741 secs] 15668K->2228K(19840K), [Metaspace: 5078K->5078K(1056768K)], 0.0038183 secs] [Times: user=0.00 sys=0.00, real=0.00 secs] 
Heap after GC invocations=936 (full 110):
 par new generation   total 6144K, used 0K [0x00000000fec00000, 0x00000000ff2a0000, 0x00000000ff2a0000)
  eden space 5504K,   0% used [0x00000000fec00000, 0x00000000fec00000, 0x00000000ff160000)
  from space 640K,   0% used [0x00000000ff200000, 0x00000000ff200000, 0x00000000ff2a0000)
  to   space 640K,   0% used [0x00000000ff160000, 0x00000000ff160000, 0x00000000ff200000)
 concurrent mark-sweep generation total 13696K, used 2228K [0x00000000ff2a0000, 0x0000000100000000, 0x0000000100000000)
 Metaspace       used 5078K, capacity 5258K, committed 5504K, reserved 1056768K
  class space    used 557K, capacity 597K, committed 640K, reserved 1048576K
}
{Heap before GC invocations=936 (full 110):
 par new generation   total 6144K, used 5228K [0x00000000fec00000, 0x00000000ff2a0000, 0x00000000ff2a0000)
  eden space 5504K,  94% used [0x00000000fec00000, 0x00000000ff11b120, 0x00000000ff160000)
  from space 640K,   0% used [0x00000000ff200000, 0x00000000ff200000, 0x00000000ff2a0000)
  to   space 640K,   0% used [0x00000000ff160000, 0x00000000ff160000, 0x00000000ff200000)
 concurrent mark-sweep generation total 13696K, used 2228K [0x00000000ff2a0000, 0x0000000100000000, 0x0000000100000000)
 Metaspace       used 5078K, capacity 5258K, committed 5504K, reserved 1056768K
  class space    used 557K, capacity 597K, committed 640K, reserved 1048576K
2024-07-16T17:10:20.671+0800: 7.340: [GC (Allocation Failure) 2024-07-16T17:10:20.671+0800: 7.340: [ParNew: 5228K->6K(6144K), 0.0004984 secs] 7457K->3261K(19840K), 0.0005591 secs] [Times: user=0.00 sys=0.00, real=0.00 secs] 
Heap after GC invocations=937 (full 110):
 par new generation   total 6144K, used 6K [0x00000000fec00000, 0x00000000ff2a0000, 0x00000000ff2a0000)
  eden space 5504K,   0% used [0x00000000fec00000, 0x00000000fec00000, 0x00000000ff160000)
  from space 640K,   0% used [0x00000000ff160000, 0x00000000ff161830, 0x00000000ff200000)
  to   space 640K,   0% used [0x00000000ff200000, 0x00000000ff200000, 0x00000000ff2a0000)
 concurrent mark-sweep generation total 13696K, used 3255K [0x00000000ff2a0000, 0x0000000100000000, 0x0000000100000000)
 Metaspace       used 5078K, capacity 5258K, committed 5504K, reserved 1056768K
  class space    used 557K, capacity 597K, committed 640K, reserved 1048576K
}
{Heap before GC invocations=937 (full 110):
 par new generation   total 6144K, used 5234K [0x00000000fec00000, 0x00000000ff2a0000, 0x00000000ff2a0000)
  eden space 5504K,  95% used [0x00000000fec00000, 0x00000000ff11b368, 0x00000000ff160000)
  from space 640K,   0% used [0x00000000ff160000, 0x00000000ff161830, 0x00000000ff200000)
  to   space 640K,   0% used [0x00000000ff200000, 0x00000000ff200000, 0x00000000ff2a0000)
 concurrent mark-sweep generation total 13696K, used 3255K [0x00000000ff2a0000, 0x0000000100000000, 0x0000000100000000)
 Metaspace       used 5078K, capacity 5258K, committed 5504K, reserved 1056768K
  class space    used 557K, capacity 597K, committed 640K, reserved 1048576K
2024-07-16T17:10:20.679+0800: 7.348: [GC (Allocation Failure) 2024-07-16T17:10:20.679+0800: 7.348: [ParNew: 5234K->6K(6144K), 0.0004300 secs] 8489K->4287K(19840K), 0.0005275 secs] [Times: user=0.00 sys=0.00, real=0.00 secs] 
Heap after GC invocations=938 (full 110):
 par new generation   total 6144K, used 6K [0x00000000fec00000, 0x00000000ff2a0000, 0x00000000ff2a0000)
  eden space 5504K,   0% used [0x00000000fec00000, 0x00000000fec00000, 0x00000000ff160000)
  from space 640K,   0% used [0x00000000ff200000, 0x00000000ff201830, 0x00000000ff2a0000)
  to   space 640K,   0% used [0x00000000ff160000, 0x00000000ff160000, 0x00000000ff200000)
 concurrent mark-sweep generation total 13696K, used 4281K [0x00000000ff2a0000, 0x0000000100000000, 0x0000000100000000)
 Metaspace       used 5078K, capacity 5258K, committed 5504K, reserved 1056768K
  class space    used 557K, capacity 597K, committed 640K, reserved 1048576K
}
{Heap before GC invocations=938 (full 110):
 par new generation   total 6144K, used 5235K [0x00000000fec00000, 0x00000000ff2a0000, 0x00000000ff2a0000)
  eden space 5504K,  95% used [0x00000000fec00000, 0x00000000ff11b4d8, 0x00000000ff160000)
  from space 640K,   0% used [0x00000000ff200000, 0x00000000ff201830, 0x00000000ff2a0000)
  to   space 640K,   0% used [0x00000000ff160000, 0x00000000ff160000, 0x00000000ff200000)
 concurrent mark-sweep generation total 13696K, used 4281K [0x00000000ff2a0000, 0x0000000100000000, 0x0000000100000000)
 Metaspace       used 5078K, capacity 5258K, committed 5504K, reserved 1056768K
  class space    used 557K, capacity 597K, committed 640K, reserved 1048576K
2024-07-16T17:10:20.686+0800: 7.355: [GC (Allocation Failure) 2024-07-16T17:10:20.686+0800: 7.355: [ParNew: 5235K->8K(6144K), 0.0004084 secs] 9516K->5315K(19840K), 0.0004555 secs] [Times: user=0.00 sys=0.00, real=0.00 secs] 
Heap after GC invocations=939 (full 110):
 par new generation   total 6144K, used 8K [0x00000000fec00000, 0x00000000ff2a0000, 0x00000000ff2a0000)
  eden space 5504K,   0% used [0x00000000fec00000, 0x00000000fec00000, 0x00000000ff160000)
  from space 640K,   1% used [0x00000000ff160000, 0x00000000ff162040, 0x00000000ff200000)
  to   space 640K,   0% used [0x00000000ff200000, 0x00000000ff200000, 0x00000000ff2a0000)
 concurrent mark-sweep generation total 13696K, used 5307K [0x00000000ff2a0000, 0x0000000100000000, 0x0000000100000000)
 Metaspace       used 5078K, capacity 5258K, committed 5504K, reserved 1056768K
  class space    used 557K, capacity 597K, committed 640K, reserved 1048576K
}
{Heap before GC invocations=939 (full 110):
 par new generation   total 6144K, used 5237K [0x00000000fec00000, 0x00000000ff2a0000, 0x00000000ff2a0000)
  eden space 5504K,  95% used [0x00000000fec00000, 0x00000000ff11b5d0, 0x00000000ff160000)
  from space 640K,   1% used [0x00000000ff160000, 0x00000000ff162040, 0x00000000ff200000)
  to   space 640K,   0% used [0x00000000ff200000, 0x00000000ff200000, 0x00000000ff2a0000)
 concurrent mark-sweep generation total 13696K, used 5307K [0x00000000ff2a0000, 0x0000000100000000, 0x0000000100000000)
 Metaspace       used 5078K, capacity 5258K, committed 5504K, reserved 1056768K
  class space    used 557K, capacity 597K, committed 640K, reserved 1048576K
2024-07-16T17:10:20.694+0800: 7.363: [GC (Allocation Failure) 2024-07-16T17:10:20.694+0800: 7.363: [ParNew: 5237K->6K(6144K), 0.0004096 secs] 10544K->6339K(19840K), 0.0005060 secs] [Times: user=0.00 sys=0.00, real=0.00 secs] 
Heap after GC invocations=940 (full 110):
 par new generation   total 6144K, used 6K [0x00000000fec00000, 0x00000000ff2a0000, 0x00000000ff2a0000)
  eden space 5504K,   0% used [0x00000000fec00000, 0x00000000fec00000, 0x00000000ff160000)
  from space 640K,   0% used [0x00000000ff200000, 0x00000000ff201830, 0x00000000ff2a0000)
  to   space 640K,   0% used [0x00000000ff160000, 0x00000000ff160000, 0x00000000ff200000)
 concurrent mark-sweep generation total 13696K, used 6333K [0x00000000ff2a0000, 0x0000000100000000, 0x0000000100000000)
 Metaspace       used 5078K, capacity 5258K, committed 5504K, reserved 1056768K
  class space    used 557K, capacity 597K, committed 640K, reserved 1048576K
}
2024-07-16T17:10:20.694+0800: 7.364: [GC (CMS Initial Mark) [1 CMS-initial-mark: 6333K(13696K)] 7363K(19840K), 0.0001306 secs] [Times: user=0.00 sys=0.00, real=0.00 secs] 
2024-07-16T17:10:20.694+0800: 7.364: [CMS-concurrent-mark-start]
2024-07-16T17:10:20.696+0800: 7.365: [CMS-concurrent-mark: 0.002/0.002 secs] [Times: user=0.00 sys=0.00, real=0.00 secs] 
2024-07-16T17:10:20.696+0800: 7.365: [CMS-concurrent-preclean-start]
2024-07-16T17:10:20.696+0800: 7.365: [CMS-concurrent-preclean: 0.000/0.000 secs] [Times: user=0.00 sys=0.00, real=0.00 secs] 
2024-07-16T17:10:20.696+0800: 7.365: [CMS-concurrent-abortable-preclean-start]
{Heap before GC invocations=940 (full 111):
 par new generation   total 6144K, used 5235K [0x00000000fec00000, 0x00000000ff2a0000, 0x00000000ff2a0000)
  eden space 5504K,  95% used [0x00000000fec00000, 0x00000000ff11b668, 0x00000000ff160000)
  from space 640K,   0% used [0x00000000ff200000, 0x00000000ff201830, 0x00000000ff2a0000)
  to   space 640K,   0% used [0x00000000ff160000, 0x00000000ff160000, 0x00000000ff200000)
 concurrent mark-sweep generation total 13696K, used 6333K [0x00000000ff2a0000, 0x0000000100000000, 0x0000000100000000)
 Metaspace       used 5078K, capacity 5258K, committed 5504K, reserved 1056768K
  class space    used 557K, capacity 597K, committed 640K, reserved 1048576K
2024-07-16T17:10:20.703+0800: 7.372: [GC (Allocation Failure) 2024-07-16T17:10:20.703+0800: 7.372: [ParNew: 5235K->2K(6144K), 0.0002818 secs] 11568K->6335K(19840K), 0.0003215 secs] [Times: user=0.00 sys=0.00, real=0.00 secs] 
Heap after GC invocations=941 (full 111):
 par new generation   total 6144K, used 2K [0x00000000fec00000, 0x00000000ff2a0000, 0x00000000ff2a0000)
  eden space 5504K,   0% used [0x00000000fec00000, 0x00000000fec00000, 0x00000000ff160000)
  from space 640K,   0% used [0x00000000ff160000, 0x00000000ff160810, 0x00000000ff200000)
  to   space 640K,   0% used [0x00000000ff200000, 0x00000000ff200000, 0x00000000ff2a0000)
 concurrent mark-sweep generation total 13696K, used 6333K [0x00000000ff2a0000, 0x0000000100000000, 0x0000000100000000)
 Metaspace       used 5078K, capacity 5258K, committed 5504K, reserved 1056768K
  class space    used 557K, capacity 597K, committed 640K, reserved 1048576K
}
{Heap before GC invocations=941 (full 111):
 par new generation   total 6144K, used 5231K [0x00000000fec00000, 0x00000000ff2a0000, 0x00000000ff2a0000)
  eden space 5504K,  95% used [0x00000000fec00000, 0x00000000ff11b6c8, 0x00000000ff160000)
  from space 640K,   0% used [0x00000000ff160000, 0x00000000ff160810, 0x00000000ff200000)
  to   space 640K,   0% used [0x00000000ff200000, 0x00000000ff200000, 0x00000000ff2a0000)
 concurrent mark-sweep generation total 13696K, used 6333K [0x00000000ff2a0000, 0x0000000100000000, 0x0000000100000000)
 Metaspace       used 5078K, capacity 5258K, committed 5504K, reserved 1056768K
  class space    used 557K, capacity 597K, committed 640K, reserved 1048576K
2024-07-16T17:10:20.710+0800: 7.379: [GC (Allocation Failure) 2024-07-16T17:10:20.710+0800: 7.379: [ParNew: 5231K->4K(6144K), 0.0003019 secs] 11564K->6337K(19840K), 0.0004030 secs] [Times: user=0.00 sys=0.00, real=0.00 secs] 
Heap after GC invocations=942 (full 111):
 par new generation   total 6144K, used 4K [0x00000000fec00000, 0x00000000ff2a0000, 0x00000000ff2a0000)
  eden space 5504K,   0% used [0x00000000fec00000, 0x00000000fec00000, 0x00000000ff160000)
  from space 640K,   0% used [0x00000000ff200000, 0x00000000ff201020, 0x00000000ff2a0000)
  to   space 640K,   0% used [0x00000000ff160000, 0x00000000ff160000, 0x00000000ff200000)
 concurrent mark-sweep generation total 13696K, used 6333K [0x00000000ff2a0000, 0x0000000100000000, 0x0000000100000000)
 Metaspace       used 5078K, capacity 5258K, committed 5504K, reserved 1056768K
  class space    used 557K, capacity 597K, committed 640K, reserved 1048576K
}
{Heap before GC invocations=942 (full 111):
 par new generation   total 6144K, used 5233K [0x00000000fec00000, 0x00000000ff2a0000, 0x00000000ff2a0000)
  eden space 5504K,  95% used [0x00000000fec00000, 0x00000000ff11b708, 0x00000000ff160000)
  from space 640K,   0% used [0x00000000ff200000, 0x00000000ff201020, 0x00000000ff2a0000)
  to   space 640K,   0% used [0x00000000ff160000, 0x00000000ff160000, 0x00000000ff200000)
 concurrent mark-sweep generation total 13696K, used 6333K [0x00000000ff2a0000, 0x0000000100000000, 0x0000000100000000)
 Metaspace       used 5078K, capacity 5258K, committed 5504K, reserved 1056768K
  class space    used 557K, capacity 597K, committed 640K, reserved 1048576K
2024-07-16T17:10:20.717+0800: 7.386: [GC (Allocation Failure) 2024-07-16T17:10:20.717+0800: 7.386: [ParNew: 5233K->8K(6144K), 0.0003965 secs] 11567K->7367K(19840K), 0.0004331 secs] [Times: user=0.00 sys=0.00, real=0.00 secs] 
Heap after GC invocations=943 (full 111):
 par new generation   total 6144K, used 8K [0x00000000fec00000, 0x00000000ff2a0000, 0x00000000ff2a0000)
  eden space 5504K,   0% used [0x00000000fec00000, 0x00000000fec00000, 0x00000000ff160000)
  from space 640K,   1% used [0x00000000ff160000, 0x00000000ff162040, 0x00000000ff200000)
  to   space 640K,   0% used [0x00000000ff200000, 0x00000000ff200000, 0x00000000ff2a0000)
 concurrent mark-sweep generation total 13696K, used 7359K [0x00000000ff2a0000, 0x0000000100000000, 0x0000000100000000)
 Metaspace       used 5078K, capacity 5258K, committed 5504K, reserved 1056768K
  class space    used 557K, capacity 597K, committed 640K, reserved 1048576K
}
{Heap before GC invocations=943 (full 111):
 par new generation   total 6144K, used 5237K [0x00000000fec00000, 0x00000000ff2a0000, 0x00000000ff2a0000)
  eden space 5504K,  95% used [0x00000000fec00000, 0x00000000ff11b730, 0x00000000ff160000)
  from space 640K,   1% used [0x00000000ff160000, 0x00000000ff162040, 0x00000000ff200000)
  to   space 640K,   0% used [0x00000000ff200000, 0x00000000ff200000, 0x00000000ff2a0000)
 concurrent mark-sweep generation total 13696K, used 7359K [0x00000000ff2a0000, 0x0000000100000000, 0x0000000100000000)
 Metaspace       used 5078K, capacity 5258K, committed 5504K, reserved 1056768K
  class space    used 557K, capacity 597K, committed 640K, reserved 1048576K
2024-07-16T17:10:20.724+0800: 7.393: [GC (Allocation Failure) 2024-07-16T17:10:20.724+0800: 7.393: [ParNew: 5237K->4K(6144K), 0.0002983 secs] 12597K->7363K(19840K), 0.0003406 secs] [Times: user=0.00 sys=0.00, real=0.00 secs] 
Heap after GC invocations=944 (full 111):
 par new generation   total 6144K, used 4K [0x00000000fec00000, 0x00000000ff2a0000, 0x00000000ff2a0000)
  eden space 5504K,   0% used [0x00000000fec00000, 0x00000000fec00000, 0x00000000ff160000)
  from space 640K,   0% used [0x00000000ff200000, 0x00000000ff201020, 0x00000000ff2a0000)
  to   space 640K,   0% used [0x00000000ff160000, 0x00000000ff160000, 0x00000000ff200000)
 concurrent mark-sweep generation total 13696K, used 7359K [0x00000000ff2a0000, 0x0000000100000000, 0x0000000100000000)
 Metaspace       used 5078K, capacity 5258K, committed 5504K, reserved 1056768K
  class space    used 557K, capacity 597K, committed 640K, reserved 1048576K
}
{Heap before GC invocations=944 (full 111):
 par new generation   total 6144K, used 5233K [0x00000000fec00000, 0x00000000ff2a0000, 0x00000000ff2a0000)
  eden space 5504K,  95% used [0x00000000fec00000, 0x00000000ff11b750, 0x00000000ff160000)
  from space 640K,   0% used [0x00000000ff200000, 0x00000000ff201020, 0x00000000ff2a0000)
  to   space 640K,   0% used [0x00000000ff160000, 0x00000000ff160000, 0x00000000ff200000)
 concurrent mark-sweep generation total 13696K, used 7359K [0x00000000ff2a0000, 0x0000000100000000, 0x0000000100000000)
 Metaspace       used 5078K, capacity 5258K, committed 5504K, reserved 1056768K
  class space    used 557K, capacity 597K, committed 640K, reserved 1048576K
2024-07-16T17:10:20.732+0800: 7.401: [GC (Allocation Failure) 2024-07-16T17:10:20.732+0800: 7.401: [ParNew: 5233K->10K(6144K), 0.0003600 secs] 12593K->8395K(19840K), 0.0004661 secs] [Times: user=0.00 sys=0.00, real=0.00 secs] 
Heap after GC invocations=945 (full 111):
 par new generation   total 6144K, used 10K [0x00000000fec00000, 0x00000000ff2a0000, 0x00000000ff2a0000)
  eden space 5504K,   0% used [0x00000000fec00000, 0x00000000fec00000, 0x00000000ff160000)
  from space 640K,   1% used [0x00000000ff160000, 0x00000000ff162850, 0x00000000ff200000)
  to   space 640K,   0% used [0x00000000ff200000, 0x00000000ff200000, 0x00000000ff2a0000)
 concurrent mark-sweep generation total 13696K, used 8385K [0x00000000ff2a0000, 0x0000000100000000, 0x0000000100000000)
 Metaspace       used 5078K, capacity 5258K, committed 5504K, reserved 1056768K
  class space    used 557K, capacity 597K, committed 640K, reserved 1048576K
}
{Heap before GC invocations=945 (full 111):
 par new generation   total 6144K, used 5239K [0x00000000fec00000, 0x00000000ff2a0000, 0x00000000ff2a0000)
  eden space 5504K,  95% used [0x00000000fec00000, 0x00000000ff11b760, 0x00000000ff160000)
  from space 640K,   1% used [0x00000000ff160000, 0x00000000ff162850, 0x00000000ff200000)
  to   space 640K,   0% used [0x00000000ff200000, 0x00000000ff200000, 0x00000000ff2a0000)
 concurrent mark-sweep generation total 13696K, used 8385K [0x00000000ff2a0000, 0x0000000100000000, 0x0000000100000000)
 Metaspace       used 5078K, capacity 5258K, committed 5504K, reserved 1056768K
  class space    used 557K, capacity 597K, committed 640K, reserved 1048576K
2024-07-16T17:10:20.740+0800: 7.409: [GC (Allocation Failure) 2024-07-16T17:10:20.740+0800: 7.409: [ParNew: 5239K->4K(6144K), 0.0002687 secs] 13625K->8389K(19840K), 0.0003127 secs] [Times: user=0.00 sys=0.00, real=0.00 secs] 
Heap after GC invocations=946 (full 111):
 par new generation   total 6144K, used 4K [0x00000000fec00000, 0x00000000ff2a0000, 0x00000000ff2a0000)
  eden space 5504K,   0% used [0x00000000fec00000, 0x00000000fec00000, 0x00000000ff160000)
  from space 640K,   0% used [0x00000000ff200000, 0x00000000ff201020, 0x00000000ff2a0000)
  to   space 640K,   0% used [0x00000000ff160000, 0x00000000ff160000, 0x00000000ff200000)
 concurrent mark-sweep generation total 13696K, used 8385K [0x00000000ff2a0000, 0x0000000100000000, 0x0000000100000000)
 Metaspace       used 5078K, capacity 5258K, committed 5504K, reserved 1056768K
  class space    used 557K, capacity 597K, committed 640K, reserved 1048576K
}
{Heap before GC invocations=946 (full 111):
 par new generation   total 6144K, used 5233K [0x00000000fec00000, 0x00000000ff2a0000, 0x00000000ff2a0000)
  eden space 5504K,  95% used [0x00000000fec00000, 0x00000000ff11b768, 0x00000000ff160000)
  from space 640K,   0% used [0x00000000ff200000, 0x00000000ff201020, 0x00000000ff2a0000)
  to   space 640K,   0% used [0x00000000ff160000, 0x00000000ff160000, 0x00000000ff200000)
 concurrent mark-sweep generation total 13696K, used 8385K [0x00000000ff2a0000, 0x0000000100000000, 0x0000000100000000)
 Metaspace       used 5078K, capacity 5258K, committed 5504K, reserved 1056768K
  class space    used 557K, capacity 597K, committed 640K, reserved 1048576K
2024-07-16T17:10:20.747+0800: 7.416: [GC (Allocation Failure) 2024-07-16T17:10:20.747+0800: 7.416: [ParNew: 5233K->4K(6144K), 0.0002607 secs] 13619K->8389K(19840K), 0.0002957 secs] [Times: user=0.00 sys=0.00, real=0.00 secs] 
Heap after GC invocations=947 (full 111):
 par new generation   total 6144K, used 4K [0x00000000fec00000, 0x00000000ff2a0000, 0x00000000ff2a0000)
  eden space 5504K,   0% used [0x00000000fec00000, 0x00000000fec00000, 0x00000000ff160000)
  from space 640K,   0% used [0x00000000ff160000, 0x00000000ff161020, 0x00000000ff200000)
  to   space 640K,   0% used [0x00000000ff200000, 0x00000000ff200000, 0x00000000ff2a0000)
 concurrent mark-sweep generation total 13696K, used 8385K [0x00000000ff2a0000, 0x0000000100000000, 0x0000000100000000)
 Metaspace       used 5078K, capacity 5258K, committed 5504K, reserved 1056768K
  class space    used 557K, capacity 597K, committed 640K, reserved 1048576K
}
{Heap before GC invocations=947 (full 111):
 par new generation   total 6144K, used 5233K [0x00000000fec00000, 0x00000000ff2a0000, 0x00000000ff2a0000)
  eden space 5504K,  95% used [0x00000000fec00000, 0x00000000ff11b770, 0x00000000ff160000)
  from space 640K,   0% used [0x00000000ff160000, 0x00000000ff161020, 0x00000000ff200000)
  to   space 640K,   0% used [0x00000000ff200000, 0x00000000ff200000, 0x00000000ff2a0000)
 concurrent mark-sweep generation total 13696K, used 8385K [0x00000000ff2a0000, 0x0000000100000000, 0x0000000100000000)
 Metaspace       used 5078K, capacity 5258K, committed 5504K, reserved 1056768K
  class space    used 557K, capacity 597K, committed 640K, reserved 1048576K
2024-07-16T17:10:20.753+0800: 7.422: [GC (Allocation Failure) 2024-07-16T17:10:20.753+0800: 7.422: [ParNew: 5233K->10K(6144K), 0.0003827 secs] 13619K->9419K(19840K), 0.0004230 secs] [Times: user=0.00 sys=0.00, real=0.00 secs] 
Heap after GC invocations=948 (full 111):
 par new generation   total 6144K, used 10K [0x00000000fec00000, 0x00000000ff2a0000, 0x00000000ff2a0000)
  eden space 5504K,   0% used [0x00000000fec00000, 0x00000000fec00000, 0x00000000ff160000)
  from space 640K,   1% used [0x00000000ff200000, 0x00000000ff202850, 0x00000000ff2a0000)
  to   space 640K,   0% used [0x00000000ff160000, 0x00000000ff160000, 0x00000000ff200000)
 concurrent mark-sweep generation total 13696K, used 9409K [0x00000000ff2a0000, 0x0000000100000000, 0x0000000100000000)
 Metaspace       used 5078K, capacity 5258K, committed 5504K, reserved 1056768K
  class space    used 557K, capacity 597K, committed 640K, reserved 1048576K
}
{Heap before GC invocations=948 (full 111):
 par new generation   total 6144K, used 5239K [0x00000000fec00000, 0x00000000ff2a0000, 0x00000000ff2a0000)
  eden space 5504K,  95% used [0x00000000fec00000, 0x00000000ff11b778, 0x00000000ff160000)
  from space 640K,   1% used [0x00000000ff200000, 0x00000000ff202850, 0x00000000ff2a0000)
  to   space 640K,   0% used [0x00000000ff160000, 0x00000000ff160000, 0x00000000ff200000)
 concurrent mark-sweep generation total 13696K, used 9409K [0x00000000ff2a0000, 0x0000000100000000, 0x0000000100000000)
 Metaspace       used 5078K, capacity 5258K, committed 5504K, reserved 1056768K
  class space    used 557K, capacity 597K, committed 640K, reserved 1048576K
2024-07-16T17:10:20.760+0800: 7.429: [GC (Allocation Failure) 2024-07-16T17:10:20.760+0800: 7.429: [ParNew: 5239K->8K(6144K), 0.0004093 secs] 14649K->10441K(19840K), 0.0004474 secs] [Times: user=0.00 sys=0.00, real=0.00 secs] 
Heap after GC invocations=949 (full 111):
 par new generation   total 6144K, used 8K [0x00000000fec00000, 0x00000000ff2a0000, 0x00000000ff2a0000)
  eden space 5504K,   0% used [0x00000000fec00000, 0x00000000fec00000, 0x00000000ff160000)
  from space 640K,   1% used [0x00000000ff160000, 0x00000000ff162040, 0x00000000ff200000)
  to   space 640K,   0% used [0x00000000ff200000, 0x00000000ff200000, 0x00000000ff2a0000)
 concurrent mark-sweep generation total 13696K, used 10433K [0x00000000ff2a0000, 0x0000000100000000, 0x0000000100000000)
 Metaspace       used 5078K, capacity 5258K, committed 5504K, reserved 1056768K
  class space    used 557K, capacity 597K, committed 640K, reserved 1048576K
}
{Heap before GC invocations=949 (full 111):
 par new generation   total 6144K, used 5237K [0x00000000fec00000, 0x00000000ff2a0000, 0x00000000ff2a0000)
  eden space 5504K,  95% used [0x00000000fec00000, 0x00000000ff11b778, 0x00000000ff160000)
  from space 640K,   1% used [0x00000000ff160000, 0x00000000ff162040, 0x00000000ff200000)
  to   space 640K,   0% used [0x00000000ff200000, 0x00000000ff200000, 0x00000000ff2a0000)
 concurrent mark-sweep generation total 13696K, used 10433K [0x00000000ff2a0000, 0x0000000100000000, 0x0000000100000000)
 Metaspace       used 5078K, capacity 5258K, committed 5504K, reserved 1056768K
  class space    used 557K, capacity 597K, committed 640K, reserved 1048576K
2024-07-16T17:10:20.767+0800: 7.436: [GC (Allocation Failure) 2024-07-16T17:10:20.767+0800: 7.436: [ParNew: 5237K->2K(6144K), 0.0003517 secs] 15671K->10435K(19840K), 0.0004286 secs] [Times: user=0.00 sys=0.00, real=0.00 secs] 
Heap after GC invocations=950 (full 111):
 par new generation   total 6144K, used 2K [0x00000000fec00000, 0x00000000ff2a0000, 0x00000000ff2a0000)
  eden space 5504K,   0% used [0x00000000fec00000, 0x00000000fec00000, 0x00000000ff160000)
  from space 640K,   0% used [0x00000000ff200000, 0x00000000ff200810, 0x00000000ff2a0000)
  to   space 640K,   0% used [0x00000000ff160000, 0x00000000ff160000, 0x00000000ff200000)
 concurrent mark-sweep generation total 13696K, used 10433K [0x00000000ff2a0000, 0x0000000100000000, 0x0000000100000000)
 Metaspace       used 5078K, capacity 5258K, committed 5504K, reserved 1056768K
  class space    used 557K, capacity 597K, committed 640K, reserved 1048576K
}
{Heap before GC invocations=950 (full 111):
 par new generation   total 6144K, used 5231K [0x00000000fec00000, 0x00000000ff2a0000, 0x00000000ff2a0000)
  eden space 5504K,  95% used [0x00000000fec00000, 0x00000000ff11b778, 0x00000000ff160000)
  from space 640K,   0% used [0x00000000ff200000, 0x00000000ff200810, 0x00000000ff2a0000)
  to   space 640K,   0% used [0x00000000ff160000, 0x00000000ff160000, 0x00000000ff200000)
 concurrent mark-sweep generation total 13696K, used 10433K [0x00000000ff2a0000, 0x0000000100000000, 0x0000000100000000)
 Metaspace       used 5078K, capacity 5258K, committed 5504K, reserved 1056768K
  class space    used 557K, capacity 597K, committed 640K, reserved 1048576K
2024-07-16T17:10:20.774+0800: 7.443: [GC (Allocation Failure) 2024-07-16T17:10:20.774+0800: 7.443: [ParNew: 5231K->4K(6144K), 0.0004323 secs] 15665K->10437K(19840K), 0.0005172 secs] [Times: user=0.00 sys=0.00, real=0.00 secs] 
Heap after GC invocations=951 (full 111):
 par new generation   total 6144K, used 4K [0x00000000fec00000, 0x00000000ff2a0000, 0x00000000ff2a0000)
  eden space 5504K,   0% used [0x00000000fec00000, 0x00000000fec00000, 0x00000000ff160000)
  from space 640K,   0% used [0x00000000ff160000, 0x00000000ff161020, 0x00000000ff200000)
  to   space 640K,   0% used [0x00000000ff200000, 0x00000000ff200000, 0x00000000ff2a0000)
 concurrent mark-sweep generation total 13696K, used 10433K [0x00000000ff2a0000, 0x0000000100000000, 0x0000000100000000)
 Metaspace       used 5078K, capacity 5258K, committed 5504K, reserved 1056768K
  class space    used 557K, capacity 597K, committed 640K, reserved 1048576K
}
{Heap before GC invocations=951 (full 111):
 par new generation   total 6144K, used 5233K [0x00000000fec00000, 0x00000000ff2a0000, 0x00000000ff2a0000)
  eden space 5504K,  95% used [0x00000000fec00000, 0x00000000ff11b778, 0x00000000ff160000)
  from space 640K,   0% used [0x00000000ff160000, 0x00000000ff161020, 0x00000000ff200000)
  to   space 640K,   0% used [0x00000000ff200000, 0x00000000ff200000, 0x00000000ff2a0000)
 concurrent mark-sweep generation total 13696K, used 10433K [0x00000000ff2a0000, 0x0000000100000000, 0x0000000100000000)
 Metaspace       used 5078K, capacity 5258K, committed 5504K, reserved 1056768K
  class space    used 557K, capacity 597K, committed 640K, reserved 1048576K
2024-07-16T17:10:20.782+0800: 7.451: [GC (Allocation Failure) 2024-07-16T17:10:20.782+0800: 7.451: [ParNew: 5233K->4K(6144K), 0.0002810 secs] 15667K->10437K(19840K), 0.0003192 secs] [Times: user=0.00 sys=0.00, real=0.00 secs] 
Heap after GC invocations=952 (full 111):
 par new generation   total 6144K, used 4K [0x00000000fec00000, 0x00000000ff2a0000, 0x00000000ff2a0000)
  eden space 5504K,   0% used [0x00000000fec00000, 0x00000000fec00000, 0x00000000ff160000)
  from space 640K,   0% used [0x00000000ff200000, 0x00000000ff201020, 0x00000000ff2a0000)
  to   space 640K,   0% used [0x00000000ff160000, 0x00000000ff160000, 0x00000000ff200000)
 concurrent mark-sweep generation total 13696K, used 10433K [0x00000000ff2a0000, 0x0000000100000000, 0x0000000100000000)
 Metaspace       used 5078K, capacity 5258K, committed 5504K, reserved 1056768K
  class space    used 557K, capacity 597K, committed 640K, reserved 1048576K
}
{Heap before GC invocations=952 (full 111):
 par new generation   total 6144K, used 5233K [0x00000000fec00000, 0x00000000ff2a0000, 0x00000000ff2a0000)
  eden space 5504K,  95% used [0x00000000fec00000, 0x00000000ff11b778, 0x00000000ff160000)
  from space 640K,   0% used [0x00000000ff200000, 0x00000000ff201020, 0x00000000ff2a0000)
  to   space 640K,   0% used [0x00000000ff160000, 0x00000000ff160000, 0x00000000ff200000)
 concurrent mark-sweep generation total 13696K, used 10433K [0x00000000ff2a0000, 0x0000000100000000, 0x0000000100000000)
 Metaspace       used 5078K, capacity 5258K, committed 5504K, reserved 1056768K
  class space    used 557K, capacity 597K, committed 640K, reserved 1048576K
2024-07-16T17:10:20.788+0800: 7.457: [GC (Allocation Failure) 2024-07-16T17:10:20.788+0800: 7.457: [ParNew: 5233K->10K(6144K), 0.0007871 secs] 15667K->11467K(19840K), 0.0008575 secs] [Times: user=0.00 sys=0.00, real=0.00 secs] 
Heap after GC invocations=953 (full 111):
 par new generation   total 6144K, used 10K [0x00000000fec00000, 0x00000000ff2a0000, 0x00000000ff2a0000)
  eden space 5504K,   0% used [0x00000000fec00000, 0x00000000fec00000, 0x00000000ff160000)
  from space 640K,   1% used [0x00000000ff160000, 0x00000000ff162850, 0x00000000ff200000)
  to   space 640K,   0% used [0x00000000ff200000, 0x00000000ff200000, 0x00000000ff2a0000)
 concurrent mark-sweep generation total 13696K, used 11457K [0x00000000ff2a0000, 0x0000000100000000, 0x0000000100000000)
 Metaspace       used 5078K, capacity 5258K, committed 5504K, reserved 1056768K
  class space    used 557K, capacity 597K, committed 640K, reserved 1048576K
}
{Heap before GC invocations=953 (full 111):
 par new generation   total 6144K, used 5239K [0x00000000fec00000, 0x00000000ff2a0000, 0x00000000ff2a0000)
  eden space 5504K,  95% used [0x00000000fec00000, 0x00000000ff11b778, 0x00000000ff160000)
  from space 640K,   1% used [0x00000000ff160000, 0x00000000ff162850, 0x00000000ff200000)
  to   space 640K,   0% used [0x00000000ff200000, 0x00000000ff200000, 0x00000000ff2a0000)
 concurrent mark-sweep generation total 13696K, used 11457K [0x00000000ff2a0000, 0x0000000100000000, 0x0000000100000000)
 Metaspace       used 5078K, capacity 5258K, committed 5504K, reserved 1056768K
  class space    used 557K, capacity 597K, committed 640K, reserved 1048576K
2024-07-16T17:10:20.796+0800: 7.465: [GC (Allocation Failure) 2024-07-16T17:10:20.796+0800: 7.465: [ParNew: 5239K->8K(6144K), 0.0003452 secs] 16697K->12489K(19840K), 0.0003855 secs] [Times: user=0.00 sys=0.00, real=0.00 secs] 
Heap after GC invocations=954 (full 111):
 par new generation   total 6144K, used 8K [0x00000000fec00000, 0x00000000ff2a0000, 0x00000000ff2a0000)
  eden space 5504K,   0% used [0x00000000fec00000, 0x00000000fec00000, 0x00000000ff160000)
  from space 640K,   1% used [0x00000000ff200000, 0x00000000ff202040, 0x00000000ff2a0000)
  to   space 640K,   0% used [0x00000000ff160000, 0x00000000ff160000, 0x00000000ff200000)
 concurrent mark-sweep generation total 13696K, used 12481K [0x00000000ff2a0000, 0x0000000100000000, 0x0000000100000000)
 Metaspace       used 5078K, capacity 5258K, committed 5504K, reserved 1056768K
  class space    used 557K, capacity 597K, committed 640K, reserved 1048576K
}
{Heap before GC invocations=954 (full 111):
 par new generation   total 6144K, used 5237K [0x00000000fec00000, 0x00000000ff2a0000, 0x00000000ff2a0000)
  eden space 5504K,  95% used [0x00000000fec00000, 0x00000000ff11b778, 0x00000000ff160000)
  from space 640K,   1% used [0x00000000ff200000, 0x00000000ff202040, 0x00000000ff2a0000)
  to   space 640K,   0% used [0x00000000ff160000, 0x00000000ff160000, 0x00000000ff200000)
 concurrent mark-sweep generation total 13696K, used 12481K [0x00000000ff2a0000, 0x0000000100000000, 0x0000000100000000)
 Metaspace       used 5078K, capacity 5258K, committed 5504K, reserved 1056768K
  class space    used 557K, capacity 597K, committed 640K, reserved 1048576K
2024-07-16T17:10:20.802+0800: 7.471: [GC (Allocation Failure) 2024-07-16T17:10:20.802+0800: 7.471: [ParNew: 5237K->5237K(6144K), 0.0000134 secs]2024-07-16T17:10:20.802+0800: 7.471: [CMS2024-07-16T17:10:20.802+0800: 7.471: [CMS-concurrent-abortable-preclean: 0.001/0.105 secs] [Times: user=0.00 sys=0.00, real=0.11 secs] 
 (concurrent mode failure): 12481K->2229K(13696K), 0.0023215 secs] 17719K->2229K(19840K), [Metaspace: 5078K->5078K(1056768K)], 0.0023890 secs] [Times: user=0.00 sys=0.00, real=0.00 secs] 
Heap after GC invocations=955 (full 112):
 par new generation   total 6144K, used 0K [0x00000000fec00000, 0x00000000ff2a0000, 0x00000000ff2a0000)
  eden space 5504K,   0% used [0x00000000fec00000, 0x00000000fec00000, 0x00000000ff160000)
  from space 640K,   0% used [0x00000000ff200000, 0x00000000ff200000, 0x00000000ff2a0000)
  to   space 640K,   0% used [0x00000000ff160000, 0x00000000ff160000, 0x00000000ff200000)
 concurrent mark-sweep generation total 13696K, used 2229K [0x00000000ff2a0000, 0x0000000100000000, 0x0000000100000000)
 Metaspace       used 5078K, capacity 5258K, committed 5504K, reserved 1056768K
  class space    used 557K, capacity 597K, committed 640K, reserved 1048576K
}
{Heap before GC invocations=955 (full 112):
 par new generation   total 6144K, used 5229K [0x00000000fec00000, 0x00000000ff2a0000, 0x00000000ff2a0000)
  eden space 5504K,  95% used [0x00000000fec00000, 0x00000000ff11b778, 0x00000000ff160000)
  from space 640K,   0% used [0x00000000ff200000, 0x00000000ff200000, 0x00000000ff2a0000)
  to   space 640K,   0% used [0x00000000ff160000, 0x00000000ff160000, 0x00000000ff200000)
 concurrent mark-sweep generation total 13696K, used 2229K [0x00000000ff2a0000, 0x0000000100000000, 0x0000000100000000)
 Metaspace       used 5078K, capacity 5258K, committed 5504K, reserved 1056768K
  class space    used 557K, capacity 597K, committed 640K, reserved 1048576K
2024-07-16T17:10:20.812+0800: 7.481: [GC (Allocation Failure) 2024-07-16T17:10:20.812+0800: 7.481: [ParNew: 5229K->4K(6144K), 0.0003592 secs] 7458K->2233K(19840K), 0.0003987 secs] [Times: user=0.00 sys=0.00, real=0.00 secs] 
Heap after GC invocations=956 (full 112):
 par new generation   total 6144K, used 4K [0x00000000fec00000, 0x00000000ff2a0000, 0x00000000ff2a0000)
  eden space 5504K,   0% used [0x00000000fec00000, 0x00000000fec00000, 0x00000000ff160000)
  from space 640K,   0% used [0x00000000ff160000, 0x00000000ff161020, 0x00000000ff200000)
  to   space 640K,   0% used [0x00000000ff200000, 0x00000000ff200000, 0x00000000ff2a0000)
 concurrent mark-sweep generation total 13696K, used 2229K [0x00000000ff2a0000, 0x0000000100000000, 0x0000000100000000)
 Metaspace       used 5078K, capacity 5258K, committed 5504K, reserved 1056768K
  class space    used 557K, capacity 597K, committed 640K, reserved 1048576K
}
{Heap before GC invocations=956 (full 112):
 par new generation   total 6144K, used 5233K [0x00000000fec00000, 0x00000000ff2a0000, 0x00000000ff2a0000)
  eden space 5504K,  95% used [0x00000000fec00000, 0x00000000ff11b778, 0x00000000ff160000)
  from space 640K,   0% used [0x00000000ff160000, 0x00000000ff161020, 0x00000000ff200000)
  to   space 640K,   0% used [0x00000000ff200000, 0x00000000ff200000, 0x00000000ff2a0000)
 concurrent mark-sweep generation total 13696K, used 2229K [0x00000000ff2a0000, 0x0000000100000000, 0x0000000100000000)
 Metaspace       used 5078K, capacity 5258K, committed 5504K, reserved 1056768K
  class space    used 557K, capacity 597K, committed 640K, reserved 1048576K
2024-07-16T17:10:20.820+0800: 7.489: [GC (Allocation Failure) 2024-07-16T17:10:20.820+0800: 7.489: [ParNew: 5233K->4K(6144K), 0.0002996 secs] 7462K->2233K(19840K), 0.0003427 secs] [Times: user=0.00 sys=0.00, real=0.00 secs] 
Heap after GC invocations=957 (full 112):
 par new generation   total 6144K, used 4K [0x00000000fec00000, 0x00000000ff2a0000, 0x00000000ff2a0000)
  eden space 5504K,   0% used [0x00000000fec00000, 0x00000000fec00000, 0x00000000ff160000)
  from space 640K,   0% used [0x00000000ff200000, 0x00000000ff201020, 0x00000000ff2a0000)
  to   space 640K,   0% used [0x00000000ff160000, 0x00000000ff160000, 0x00000000ff200000)
 concurrent mark-sweep generation total 13696K, used 2229K [0x00000000ff2a0000, 0x0000000100000000, 0x0000000100000000)
 Metaspace       used 5078K, capacity 5258K, committed 5504K, reserved 1056768K
  class space    used 557K, capacity 597K, committed 640K, reserved 1048576K
}
{Heap before GC invocations=957 (full 112):
 par new generation   total 6144K, used 5233K [0x00000000fec00000, 0x00000000ff2a0000, 0x00000000ff2a0000)
  eden space 5504K,  95% used [0x00000000fec00000, 0x00000000ff11b780, 0x00000000ff160000)
  from space 640K,   0% used [0x00000000ff200000, 0x00000000ff201020, 0x00000000ff2a0000)
  to   space 640K,   0% used [0x00000000ff160000, 0x00000000ff160000, 0x00000000ff200000)
 concurrent mark-sweep generation total 13696K, used 2229K [0x00000000ff2a0000, 0x0000000100000000, 0x0000000100000000)
 Metaspace       used 5078K, capacity 5258K, committed 5504K, reserved 1056768K
  class space    used 557K, capacity 597K, committed 640K, reserved 1048576K
2024-07-16T17:10:20.827+0800: 7.496: [GC (Allocation Failure) 2024-07-16T17:10:20.827+0800: 7.496: [ParNew: 5233K->4K(6144K), 0.0004885 secs] 7462K->2233K(19840K), 0.0005528 secs] [Times: user=0.00 sys=0.00, real=0.00 secs] 
Heap after GC invocations=958 (full 112):
 par new generation   total 6144K, used 4K [0x00000000fec00000, 0x00000000ff2a0000, 0x00000000ff2a0000)
  eden space 5504K,   0% used [0x00000000fec00000, 0x00000000fec00000, 0x00000000ff160000)
  from space 640K,   0% used [0x00000000ff160000, 0x00000000ff161020, 0x00000000ff200000)
  to   space 640K,   0% used [0x00000000ff200000, 0x00000000ff200000, 0x00000000ff2a0000)
 concurrent mark-sweep generation total 13696K, used 2229K [0x00000000ff2a0000, 0x0000000100000000, 0x0000000100000000)
 Metaspace       used 5078K, capacity 5258K, committed 5504K, reserved 1056768K
  class space    used 557K, capacity 597K, committed 640K, reserved 1048576K
}
{Heap before GC invocations=958 (full 112):
 par new generation   total 6144K, used 5233K [0x00000000fec00000, 0x00000000ff2a0000, 0x00000000ff2a0000)
  eden space 5504K,  95% used [0x00000000fec00000, 0x00000000ff11b780, 0x00000000ff160000)
  from space 640K,   0% used [0x00000000ff160000, 0x00000000ff161020, 0x00000000ff200000)
  to   space 640K,   0% used [0x00000000ff200000, 0x00000000ff200000, 0x00000000ff2a0000)
 concurrent mark-sweep generation total 13696K, used 2229K [0x00000000ff2a0000, 0x0000000100000000, 0x0000000100000000)
 Metaspace       used 5078K, capacity 5258K, committed 5504K, reserved 1056768K
  class space    used 557K, capacity 597K, committed 640K, reserved 1048576K
2024-07-16T17:10:20.834+0800: 7.503: [GC (Allocation Failure) 2024-07-16T17:10:20.834+0800: 7.503: [ParNew: 5233K->4K(6144K), 0.0002999 secs] 7462K->2233K(19840K), 0.0003377 secs] [Times: user=0.00 sys=0.00, real=0.00 secs] 
Heap after GC invocations=959 (full 112):
 par new generation   total 6144K, used 4K [0x00000000fec00000, 0x00000000ff2a0000, 0x00000000ff2a0000)
  eden space 5504K,   0% used [0x00000000fec00000, 0x00000000fec00000, 0x00000000ff160000)
  from space 640K,   0% used [0x00000000ff200000, 0x00000000ff201020, 0x00000000ff2a0000)
  to   space 640K,   0% used [0x00000000ff160000, 0x00000000ff160000, 0x00000000ff200000)
 concurrent mark-sweep generation total 13696K, used 2229K [0x00000000ff2a0000, 0x0000000100000000, 0x0000000100000000)
 Metaspace       used 5078K, capacity 5258K, committed 5504K, reserved 1056768K
  class space    used 557K, capacity 597K, committed 640K, reserved 1048576K
}
{Heap before GC invocations=959 (full 112):
 par new generation   total 6144K, used 5233K [0x00000000fec00000, 0x00000000ff2a0000, 0x00000000ff2a0000)
  eden space 5504K,  95% used [0x00000000fec00000, 0x00000000ff11b780, 0x00000000ff160000)
  from space 640K,   0% used [0x00000000ff200000, 0x00000000ff201020, 0x00000000ff2a0000)
  to   space 640K,   0% used [0x00000000ff160000, 0x00000000ff160000, 0x00000000ff200000)
 concurrent mark-sweep generation total 13696K, used 2229K [0x00000000ff2a0000, 0x0000000100000000, 0x0000000100000000)
 Metaspace       used 5078K, capacity 5258K, committed 5504K, reserved 1056768K
  class space    used 557K, capacity 597K, committed 640K, reserved 1048576K
2024-07-16T17:10:20.842+0800: 7.511: [GC (Allocation Failure) 2024-07-16T17:10:20.842+0800: 7.511: [ParNew: 5233K->4K(6144K), 0.0002953 secs] 7462K->2233K(19840K), 0.0003425 secs] [Times: user=0.00 sys=0.00, real=0.00 secs] 
Heap after GC invocations=960 (full 112):
 par new generation   total 6144K, used 4K [0x00000000fec00000, 0x00000000ff2a0000, 0x00000000ff2a0000)
  eden space 5504K,   0% used [0x00000000fec00000, 0x00000000fec00000, 0x00000000ff160000)
  from space 640K,   0% used [0x00000000ff160000, 0x00000000ff161020, 0x00000000ff200000)
  to   space 640K,   0% used [0x00000000ff200000, 0x00000000ff200000, 0x00000000ff2a0000)
 concurrent mark-sweep generation total 13696K, used 2229K [0x00000000ff2a0000, 0x0000000100000000, 0x0000000100000000)
 Metaspace       used 5078K, capacity 5258K, committed 5504K, reserved 1056768K
  class space    used 557K, capacity 597K, committed 640K, reserved 1048576K
}
{Heap before GC invocations=960 (full 112):
 par new generation   total 6144K, used 5233K [0x00000000fec00000, 0x00000000ff2a0000, 0x00000000ff2a0000)
  eden space 5504K,  95% used [0x00000000fec00000, 0x00000000ff11b780, 0x00000000ff160000)
  from space 640K,   0% used [0x00000000ff160000, 0x00000000ff161020, 0x00000000ff200000)
  to   space 640K,   0% used [0x00000000ff200000, 0x00000000ff200000, 0x00000000ff2a0000)
 concurrent mark-sweep generation total 13696K, used 2229K [0x00000000ff2a0000, 0x0000000100000000, 0x0000000100000000)
 Metaspace       used 5078K, capacity 5258K, committed 5504K, reserved 1056768K
  class space    used 557K, capacity 597K, committed 640K, reserved 1048576K
2024-07-16T17:10:20.850+0800: 7.519: [GC (Allocation Failure) 2024-07-16T17:10:20.850+0800: 7.519: [ParNew: 5233K->8K(6144K), 0.0004840 secs] 7462K->3263K(19840K), 0.0005589 secs] [Times: user=0.00 sys=0.00, real=0.00 secs] 
Heap after GC invocations=961 (full 112):
 par new generation   total 6144K, used 8K [0x00000000fec00000, 0x00000000ff2a0000, 0x00000000ff2a0000)
  eden space 5504K,   0% used [0x00000000fec00000, 0x00000000fec00000, 0x00000000ff160000)
  from space 640K,   1% used [0x00000000ff200000, 0x00000000ff202040, 0x00000000ff2a0000)
  to   space 640K,   0% used [0x00000000ff160000, 0x00000000ff160000, 0x00000000ff200000)
 concurrent mark-sweep generation total 13696K, used 3255K [0x00000000ff2a0000, 0x0000000100000000, 0x0000000100000000)
 Metaspace       used 5078K, capacity 5258K, committed 5504K, reserved 1056768K
  class space    used 557K, capacity 597K, committed 640K, reserved 1048576K
}
{Heap before GC invocations=961 (full 112):
 par new generation   total 6144K, used 5237K [0x00000000fec00000, 0x00000000ff2a0000, 0x00000000ff2a0000)
  eden space 5504K,  95% used [0x00000000fec00000, 0x00000000ff11b780, 0x00000000ff160000)
  from space 640K,   1% used [0x00000000ff200000, 0x00000000ff202040, 0x00000000ff2a0000)
  to   space 640K,   0% used [0x00000000ff160000, 0x00000000ff160000, 0x00000000ff200000)
 concurrent mark-sweep generation total 13696K, used 3255K [0x00000000ff2a0000, 0x0000000100000000, 0x0000000100000000)
 Metaspace       used 5078K, capacity 5258K, committed 5504K, reserved 1056768K
  class space    used 557K, capacity 597K, committed 640K, reserved 1048576K
2024-07-16T17:10:20.857+0800: 7.526: [GC (Allocation Failure) 2024-07-16T17:10:20.857+0800: 7.526: [ParNew: 5237K->6K(6144K), 0.0004589 secs] 8493K->4287K(19840K), 0.0005182 secs] [Times: user=0.00 sys=0.00, real=0.00 secs] 
Heap after GC invocations=962 (full 112):
 par new generation   total 6144K, used 6K [0x00000000fec00000, 0x00000000ff2a0000, 0x00000000ff2a0000)
  eden space 5504K,   0% used [0x00000000fec00000, 0x00000000fec00000, 0x00000000ff160000)
  from space 640K,   0% used [0x00000000ff160000, 0x00000000ff161830, 0x00000000ff200000)
  to   space 640K,   0% used [0x00000000ff200000, 0x00000000ff200000, 0x00000000ff2a0000)
 concurrent mark-sweep generation total 13696K, used 4281K [0x00000000ff2a0000, 0x0000000100000000, 0x0000000100000000)
 Metaspace       used 5078K, capacity 5258K, committed 5504K, reserved 1056768K
  class space    used 557K, capacity 597K, committed 640K, reserved 1048576K
}
{Heap before GC invocations=962 (full 112):
 par new generation   total 6144K, used 5235K [0x00000000fec00000, 0x00000000ff2a0000, 0x00000000ff2a0000)
  eden space 5504K,  95% used [0x00000000fec00000, 0x00000000ff11b780, 0x00000000ff160000)
  from space 640K,   0% used [0x00000000ff160000, 0x00000000ff161830, 0x00000000ff200000)
  to   space 640K,   0% used [0x00000000ff200000, 0x00000000ff200000, 0x00000000ff2a0000)
 concurrent mark-sweep generation total 13696K, used 4281K [0x00000000ff2a0000, 0x0000000100000000, 0x0000000100000000)
 Metaspace       used 5078K, capacity 5258K, committed 5504K, reserved 1056768K
  class space    used 557K, capacity 597K, committed 640K, reserved 1048576K
2024-07-16T17:10:20.864+0800: 7.533: [GC (Allocation Failure) 2024-07-16T17:10:20.864+0800: 7.533: [ParNew: 5235K->4K(6144K), 0.0002722 secs] 9517K->4285K(19840K), 0.0003225 secs] [Times: user=0.00 sys=0.00, real=0.00 secs] 
Heap after GC invocations=963 (full 112):
 par new generation   total 6144K, used 4K [0x00000000fec00000, 0x00000000ff2a0000, 0x00000000ff2a0000)
  eden space 5504K,   0% used [0x00000000fec00000, 0x00000000fec00000, 0x00000000ff160000)
  from space 640K,   0% used [0x00000000ff200000, 0x00000000ff201020, 0x00000000ff2a0000)
  to   space 640K,   0% used [0x00000000ff160000, 0x00000000ff160000, 0x00000000ff200000)
 concurrent mark-sweep generation total 13696K, used 4281K [0x00000000ff2a0000, 0x0000000100000000, 0x0000000100000000)
 Metaspace       used 5078K, capacity 5258K, committed 5504K, reserved 1056768K
  class space    used 557K, capacity 597K, committed 640K, reserved 1048576K
}
{Heap before GC invocations=963 (full 112):
 par new generation   total 6144K, used 5233K [0x00000000fec00000, 0x00000000ff2a0000, 0x00000000ff2a0000)
  eden space 5504K,  95% used [0x00000000fec00000, 0x00000000ff11b780, 0x00000000ff160000)
  from space 640K,   0% used [0x00000000ff200000, 0x00000000ff201020, 0x00000000ff2a0000)
  to   space 640K,   0% used [0x00000000ff160000, 0x00000000ff160000, 0x00000000ff200000)
 concurrent mark-sweep generation total 13696K, used 4281K [0x00000000ff2a0000, 0x0000000100000000, 0x0000000100000000)
 Metaspace       used 5078K, capacity 5258K, committed 5504K, reserved 1056768K
  class space    used 557K, capacity 597K, committed 640K, reserved 1048576K
2024-07-16T17:10:20.871+0800: 7.540: [GC (Allocation Failure) 2024-07-16T17:10:20.871+0800: 7.540: [ParNew: 5233K->6K(6144K), 0.0003636 secs] 9515K->5313K(19840K), 0.0004148 secs] [Times: user=0.00 sys=0.00, real=0.00 secs] 
Heap after GC invocations=964 (full 112):
 par new generation   total 6144K, used 6K [0x00000000fec00000, 0x00000000ff2a0000, 0x00000000ff2a0000)
  eden space 5504K,   0% used [0x00000000fec00000, 0x00000000fec00000, 0x00000000ff160000)
  from space 640K,   0% used [0x00000000ff160000, 0x00000000ff161830, 0x00000000ff200000)
  to   space 640K,   0% used [0x00000000ff200000, 0x00000000ff200000, 0x00000000ff2a0000)
 concurrent mark-sweep generation total 13696K, used 5307K [0x00000000ff2a0000, 0x0000000100000000, 0x0000000100000000)
 Metaspace       used 5078K, capacity 5258K, committed 5504K, reserved 1056768K
  class space    used 557K, capacity 597K, committed 640K, reserved 1048576K
}
{Heap before GC invocations=964 (full 112):
 par new generation   total 6144K, used 5235K [0x00000000fec00000, 0x00000000ff2a0000, 0x00000000ff2a0000)
  eden space 5504K,  95% used [0x00000000fec00000, 0x00000000ff11b780, 0x00000000ff160000)
  from space 640K,   0% used [0x00000000ff160000, 0x00000000ff161830, 0x00000000ff200000)
  to   space 640K,   0% used [0x00000000ff200000, 0x00000000ff200000, 0x00000000ff2a0000)
 concurrent mark-sweep generation total 13696K, used 5307K [0x00000000ff2a0000, 0x0000000100000000, 0x0000000100000000)
 Metaspace       used 5078K, capacity 5258K, committed 5504K, reserved 1056768K
  class space    used 557K, capacity 597K, committed 640K, reserved 1048576K
2024-07-16T17:10:20.878+0800: 7.547: [GC (Allocation Failure) 2024-07-16T17:10:20.878+0800: 7.547: [ParNew: 5235K->6K(6144K), 0.0003582 secs] 10543K->6339K(19840K), 0.0004072 secs] [Times: user=0.00 sys=0.00, real=0.00 secs] 
Heap after GC invocations=965 (full 112):
 par new generation   total 6144K, used 6K [0x00000000fec00000, 0x00000000ff2a0000, 0x00000000ff2a0000)
  eden space 5504K,   0% used [0x00000000fec00000, 0x00000000fec00000, 0x00000000ff160000)
  from space 640K,   0% used [0x00000000ff200000, 0x00000000ff201830, 0x00000000ff2a0000)
  to   space 640K,   0% used [0x00000000ff160000, 0x00000000ff160000, 0x00000000ff200000)
 concurrent mark-sweep generation total 13696K, used 6333K [0x00000000ff2a0000, 0x0000000100000000, 0x0000000100000000)
 Metaspace       used 5078K, capacity 5258K, committed 5504K, reserved 1056768K
  class space    used 557K, capacity 597K, committed 640K, reserved 1048576K
}
2024-07-16T17:10:20.878+0800: 7.547: [GC (CMS Initial Mark) [1 CMS-initial-mark: 6333K(13696K)] 7363K(19840K), 0.0001118 secs] [Times: user=0.00 sys=0.00, real=0.00 secs] 
2024-07-16T17:10:20.878+0800: 7.547: [CMS-concurrent-mark-start]
2024-07-16T17:10:20.880+0800: 7.549: [CMS-concurrent-mark: 0.002/0.002 secs] [Times: user=0.00 sys=0.00, real=0.00 secs] 
2024-07-16T17:10:20.880+0800: 7.549: [CMS-concurrent-preclean-start]
2024-07-16T17:10:20.880+0800: 7.549: [CMS-concurrent-preclean: 0.000/0.000 secs] [Times: user=0.00 sys=0.00, real=0.00 secs] 
2024-07-16T17:10:20.880+0800: 7.549: [CMS-concurrent-abortable-preclean-start]
{Heap before GC invocations=965 (full 113):
 par new generation   total 6144K, used 5235K [0x00000000fec00000, 0x00000000ff2a0000, 0x00000000ff2a0000)
  eden space 5504K,  95% used [0x00000000fec00000, 0x00000000ff11b780, 0x00000000ff160000)
  from space 640K,   0% used [0x00000000ff200000, 0x00000000ff201830, 0x00000000ff2a0000)
  to   space 640K,   0% used [0x00000000ff160000, 0x00000000ff160000, 0x00000000ff200000)
 concurrent mark-sweep generation total 13696K, used 6333K [0x00000000ff2a0000, 0x0000000100000000, 0x0000000100000000)
 Metaspace       used 5078K, capacity 5258K, committed 5504K, reserved 1056768K
  class space    used 557K, capacity 597K, committed 640K, reserved 1048576K
2024-07-16T17:10:20.886+0800: 7.555: [GC (Allocation Failure) 2024-07-16T17:10:20.886+0800: 7.555: [ParNew: 5235K->4K(6144K), 0.0002809 secs] 11569K->6337K(19840K), 0.0003154 secs] [Times: user=0.00 sys=0.00, real=0.00 secs] 
Heap after GC invocations=966 (full 113):
 par new generation   total 6144K, used 4K [0x00000000fec00000, 0x00000000ff2a0000, 0x00000000ff2a0000)
  eden space 5504K,   0% used [0x00000000fec00000, 0x00000000fec00000, 0x00000000ff160000)
  from space 640K,   0% used [0x00000000ff160000, 0x00000000ff161020, 0x00000000ff200000)
  to   space 640K,   0% used [0x00000000ff200000, 0x00000000ff200000, 0x00000000ff2a0000)
 concurrent mark-sweep generation total 13696K, used 6333K [0x00000000ff2a0000, 0x0000000100000000, 0x0000000100000000)
 Metaspace       used 5078K, capacity 5258K, committed 5504K, reserved 1056768K
  class space    used 557K, capacity 597K, committed 640K, reserved 1048576K
}
{Heap before GC invocations=966 (full 113):
 par new generation   total 6144K, used 5233K [0x00000000fec00000, 0x00000000ff2a0000, 0x00000000ff2a0000)
  eden space 5504K,  95% used [0x00000000fec00000, 0x00000000ff11b780, 0x00000000ff160000)
  from space 640K,   0% used [0x00000000ff160000, 0x00000000ff161020, 0x00000000ff200000)
  to   space 640K,   0% used [0x00000000ff200000, 0x00000000ff200000, 0x00000000ff2a0000)
 concurrent mark-sweep generation total 13696K, used 6333K [0x00000000ff2a0000, 0x0000000100000000, 0x0000000100000000)
 Metaspace       used 5078K, capacity 5258K, committed 5504K, reserved 1056768K
  class space    used 557K, capacity 597K, committed 640K, reserved 1048576K
2024-07-16T17:10:20.893+0800: 7.562: [GC (Allocation Failure) 2024-07-16T17:10:20.893+0800: 7.562: [ParNew: 5233K->6K(6144K), 0.0003680 secs] 11567K->7365K(19840K), 0.0004095 secs] [Times: user=0.00 sys=0.00, real=0.00 secs] 
Heap after GC invocations=967 (full 113):
 par new generation   total 6144K, used 6K [0x00000000fec00000, 0x00000000ff2a0000, 0x00000000ff2a0000)
  eden space 5504K,   0% used [0x00000000fec00000, 0x00000000fec00000, 0x00000000ff160000)
  from space 640K,   0% used [0x00000000ff200000, 0x00000000ff201830, 0x00000000ff2a0000)
  to   space 640K,   0% used [0x00000000ff160000, 0x00000000ff160000, 0x00000000ff200000)
 concurrent mark-sweep generation total 13696K, used 7359K [0x00000000ff2a0000, 0x0000000100000000, 0x0000000100000000)
 Metaspace       used 5078K, capacity 5258K, committed 5504K, reserved 1056768K
  class space    used 557K, capacity 597K, committed 640K, reserved 1048576K
}
{Heap before GC invocations=967 (full 113):
 par new generation   total 6144K, used 5235K [0x00000000fec00000, 0x00000000ff2a0000, 0x00000000ff2a0000)
  eden space 5504K,  95% used [0x00000000fec00000, 0x00000000ff11b780, 0x00000000ff160000)
  from space 640K,   0% used [0x00000000ff200000, 0x00000000ff201830, 0x00000000ff2a0000)
  to   space 640K,   0% used [0x00000000ff160000, 0x00000000ff160000, 0x00000000ff200000)
 concurrent mark-sweep generation total 13696K, used 7359K [0x00000000ff2a0000, 0x0000000100000000, 0x0000000100000000)
 Metaspace       used 5078K, capacity 5258K, committed 5504K, reserved 1056768K
  class space    used 557K, capacity 597K, committed 640K, reserved 1048576K
2024-07-16T17:10:20.901+0800: 7.570: [GC (Allocation Failure) 2024-07-16T17:10:20.901+0800: 7.570: [ParNew: 5235K->4K(6144K), 0.0002869 secs] 12595K->7363K(19840K), 0.0003192 secs] [Times: user=0.00 sys=0.00, real=0.00 secs] 
Heap after GC invocations=968 (full 113):
 par new generation   total 6144K, used 4K [0x00000000fec00000, 0x00000000ff2a0000, 0x00000000ff2a0000)
  eden space 5504K,   0% used [0x00000000fec00000, 0x00000000fec00000, 0x00000000ff160000)
  from space 640K,   0% used [0x00000000ff160000, 0x00000000ff161020, 0x00000000ff200000)
  to   space 640K,   0% used [0x00000000ff200000, 0x00000000ff200000, 0x00000000ff2a0000)
 concurrent mark-sweep generation total 13696K, used 7359K [0x00000000ff2a0000, 0x0000000100000000, 0x0000000100000000)
 Metaspace       used 5078K, capacity 5258K, committed 5504K, reserved 1056768K
  class space    used 557K, capacity 597K, committed 640K, reserved 1048576K
}
{Heap before GC invocations=968 (full 113):
 par new generation   total 6144K, used 5233K [0x00000000fec00000, 0x00000000ff2a0000, 0x00000000ff2a0000)
  eden space 5504K,  95% used [0x00000000fec00000, 0x00000000ff11b780, 0x00000000ff160000)
  from space 640K,   0% used [0x00000000ff160000, 0x00000000ff161020, 0x00000000ff200000)
  to   space 640K,   0% used [0x00000000ff200000, 0x00000000ff200000, 0x00000000ff2a0000)
 concurrent mark-sweep generation total 13696K, used 7359K [0x00000000ff2a0000, 0x0000000100000000, 0x0000000100000000)
 Metaspace       used 5078K, capacity 5258K, committed 5504K, reserved 1056768K
  class space    used 557K, capacity 597K, committed 640K, reserved 1048576K
2024-07-16T17:10:20.909+0800: 7.578: [GC (Allocation Failure) 2024-07-16T17:10:20.909+0800: 7.578: [ParNew: 5233K->10K(6144K), 0.0006649 secs] 12593K->8393K(19840K), 0.0007097 secs] [Times: user=0.00 sys=0.00, real=0.00 secs] 
Heap after GC invocations=969 (full 113):
 par new generation   total 6144K, used 10K [0x00000000fec00000, 0x00000000ff2a0000, 0x00000000ff2a0000)
  eden space 5504K,   0% used [0x00000000fec00000, 0x00000000fec00000, 0x00000000ff160000)
  from space 640K,   1% used [0x00000000ff200000, 0x00000000ff202850, 0x00000000ff2a0000)
  to   space 640K,   0% used [0x00000000ff160000, 0x00000000ff160000, 0x00000000ff200000)
 concurrent mark-sweep generation total 13696K, used 8383K [0x00000000ff2a0000, 0x0000000100000000, 0x0000000100000000)
 Metaspace       used 5078K, capacity 5258K, committed 5504K, reserved 1056768K
  class space    used 557K, capacity 597K, committed 640K, reserved 1048576K
}
{Heap before GC invocations=969 (full 113):
 par new generation   total 6144K, used 5239K [0x00000000fec00000, 0x00000000ff2a0000, 0x00000000ff2a0000)
  eden space 5504K,  95% used [0x00000000fec00000, 0x00000000ff11b780, 0x00000000ff160000)
  from space 640K,   1% used [0x00000000ff200000, 0x00000000ff202850, 0x00000000ff2a0000)
  to   space 640K,   0% used [0x00000000ff160000, 0x00000000ff160000, 0x00000000ff200000)
 concurrent mark-sweep generation total 13696K, used 8383K [0x00000000ff2a0000, 0x0000000100000000, 0x0000000100000000)
 Metaspace       used 5078K, capacity 5258K, committed 5504K, reserved 1056768K
  class space    used 557K, capacity 597K, committed 640K, reserved 1048576K
2024-07-16T17:10:20.916+0800: 7.585: [GC (Allocation Failure) 2024-07-16T17:10:20.916+0800: 7.585: [ParNew: 5239K->10K(6144K), 0.0006830 secs] 13623K->9419K(19840K), 0.0007363 secs] [Times: user=0.00 sys=0.00, real=0.00 secs] 
Heap after GC invocations=970 (full 113):
 par new generation   total 6144K, used 10K [0x00000000fec00000, 0x00000000ff2a0000, 0x00000000ff2a0000)
  eden space 5504K,   0% used [0x00000000fec00000, 0x00000000fec00000, 0x00000000ff160000)
  from space 640K,   1% used [0x00000000ff160000, 0x00000000ff162850, 0x00000000ff200000)
  to   space 640K,   0% used [0x00000000ff200000, 0x00000000ff200000, 0x00000000ff2a0000)
 concurrent mark-sweep generation total 13696K, used 9409K [0x00000000ff2a0000, 0x0000000100000000, 0x0000000100000000)
 Metaspace       used 5078K, capacity 5258K, committed 5504K, reserved 1056768K
  class space    used 557K, capacity 597K, committed 640K, reserved 1048576K
}
{Heap before GC invocations=970 (full 113):
 par new generation   total 6144K, used 5239K [0x00000000fec00000, 0x00000000ff2a0000, 0x00000000ff2a0000)
  eden space 5504K,  95% used [0x00000000fec00000, 0x00000000ff11b780, 0x00000000ff160000)
  from space 640K,   1% used [0x00000000ff160000, 0x00000000ff162850, 0x00000000ff200000)
  to   space 640K,   0% used [0x00000000ff200000, 0x00000000ff200000, 0x00000000ff2a0000)
 concurrent mark-sweep generation total 13696K, used 9409K [0x00000000ff2a0000, 0x0000000100000000, 0x0000000100000000)
 Metaspace       used 5078K, capacity 5258K, committed 5504K, reserved 1056768K
  class space    used 557K, capacity 597K, committed 640K, reserved 1048576K
2024-07-16T17:10:20.925+0800: 7.594: [GC (Allocation Failure) 2024-07-16T17:10:20.925+0800: 7.594: [ParNew: 5239K->4K(6144K), 0.0003044 secs] 14649K->9413K(19840K), 0.0003464 secs] [Times: user=0.00 sys=0.00, real=0.00 secs] 
Heap after GC invocations=971 (full 113):
 par new generation   total 6144K, used 4K [0x00000000fec00000, 0x00000000ff2a0000, 0x00000000ff2a0000)
  eden space 5504K,   0% used [0x00000000fec00000, 0x00000000fec00000, 0x00000000ff160000)
  from space 640K,   0% used [0x00000000ff200000, 0x00000000ff201020, 0x00000000ff2a0000)
  to   space 640K,   0% used [0x00000000ff160000, 0x00000000ff160000, 0x00000000ff200000)
 concurrent mark-sweep generation total 13696K, used 9409K [0x00000000ff2a0000, 0x0000000100000000, 0x0000000100000000)
 Metaspace       used 5078K, capacity 5258K, committed 5504K, reserved 1056768K
  class space    used 557K, capacity 597K, committed 640K, reserved 1048576K
}
{Heap before GC invocations=971 (full 113):
 par new generation   total 6144K, used 5233K [0x00000000fec00000, 0x00000000ff2a0000, 0x00000000ff2a0000)
  eden space 5504K,  95% used [0x00000000fec00000, 0x00000000ff11b780, 0x00000000ff160000)
  from space 640K,   0% used [0x00000000ff200000, 0x00000000ff201020, 0x00000000ff2a0000)
  to   space 640K,   0% used [0x00000000ff160000, 0x00000000ff160000, 0x00000000ff200000)
 concurrent mark-sweep generation total 13696K, used 9409K [0x00000000ff2a0000, 0x0000000100000000, 0x0000000100000000)
 Metaspace       used 5078K, capacity 5258K, committed 5504K, reserved 1056768K
  class space    used 557K, capacity 597K, committed 640K, reserved 1048576K
2024-07-16T17:10:20.934+0800: 7.603: [GC (Allocation Failure) 2024-07-16T17:10:20.934+0800: 7.603: [ParNew: 5233K->4K(6144K), 0.0003496 secs] 14643K->9413K(19840K), 0.0004108 secs] [Times: user=0.00 sys=0.00, real=0.00 secs] 
Heap after GC invocations=972 (full 113):
 par new generation   total 6144K, used 4K [0x00000000fec00000, 0x00000000ff2a0000, 0x00000000ff2a0000)
  eden space 5504K,   0% used [0x00000000fec00000, 0x00000000fec00000, 0x00000000ff160000)
  from space 640K,   0% used [0x00000000ff160000, 0x00000000ff161020, 0x00000000ff200000)
  to   space 640K,   0% used [0x00000000ff200000, 0x00000000ff200000, 0x00000000ff2a0000)
 concurrent mark-sweep generation total 13696K, used 9409K [0x00000000ff2a0000, 0x0000000100000000, 0x0000000100000000)
 Metaspace       used 5078K, capacity 5258K, committed 5504K, reserved 1056768K
  class space    used 557K, capacity 597K, committed 640K, reserved 1048576K
}
{Heap before GC invocations=972 (full 113):
 par new generation   total 6144K, used 5233K [0x00000000fec00000, 0x00000000ff2a0000, 0x00000000ff2a0000)
  eden space 5504K,  95% used [0x00000000fec00000, 0x00000000ff11b780, 0x00000000ff160000)
  from space 640K,   0% used [0x00000000ff160000, 0x00000000ff161020, 0x00000000ff200000)
  to   space 640K,   0% used [0x00000000ff200000, 0x00000000ff200000, 0x00000000ff2a0000)
 concurrent mark-sweep generation total 13696K, used 9409K [0x00000000ff2a0000, 0x0000000100000000, 0x0000000100000000)
 Metaspace       used 5078K, capacity 5258K, committed 5504K, reserved 1056768K
  class space    used 557K, capacity 597K, committed 640K, reserved 1048576K
2024-07-16T17:10:20.941+0800: 7.610: [GC (Allocation Failure) 2024-07-16T17:10:20.941+0800: 7.610: [ParNew: 5233K->10K(6144K), 0.0004130 secs] 14643K->10445K(19840K), 0.0004611 secs] [Times: user=0.00 sys=0.00, real=0.00 secs] 
Heap after GC invocations=973 (full 113):
 par new generation   total 6144K, used 10K [0x00000000fec00000, 0x00000000ff2a0000, 0x00000000ff2a0000)
  eden space 5504K,   0% used [0x00000000fec00000, 0x00000000fec00000, 0x00000000ff160000)
  from space 640K,   1% used [0x00000000ff200000, 0x00000000ff202850, 0x00000000ff2a0000)
  to   space 640K,   0% used [0x00000000ff160000, 0x00000000ff160000, 0x00000000ff200000)
 concurrent mark-sweep generation total 13696K, used 10435K [0x00000000ff2a0000, 0x0000000100000000, 0x0000000100000000)
 Metaspace       used 5078K, capacity 5258K, committed 5504K, reserved 1056768K
  class space    used 557K, capacity 597K, committed 640K, reserved 1048576K
}
{Heap before GC invocations=973 (full 113):
 par new generation   total 6144K, used 5239K [0x00000000fec00000, 0x00000000ff2a0000, 0x00000000ff2a0000)
  eden space 5504K,  95% used [0x00000000fec00000, 0x00000000ff11b780, 0x00000000ff160000)
  from space 640K,   1% used [0x00000000ff200000, 0x00000000ff202850, 0x00000000ff2a0000)
  to   space 640K,   0% used [0x00000000ff160000, 0x00000000ff160000, 0x00000000ff200000)
 concurrent mark-sweep generation total 13696K, used 10435K [0x00000000ff2a0000, 0x0000000100000000, 0x0000000100000000)
 Metaspace       used 5078K, capacity 5258K, committed 5504K, reserved 1056768K
  class space    used 557K, capacity 597K, committed 640K, reserved 1048576K
2024-07-16T17:10:20.949+0800: 7.618: [GC (Allocation Failure) 2024-07-16T17:10:20.949+0800: 7.618: [ParNew: 5239K->4K(6144K), 0.0002996 secs] 15675K->10439K(19840K), 0.0003491 secs] [Times: user=0.00 sys=0.00, real=0.00 secs] 
Heap after GC invocations=974 (full 113):
 par new generation   total 6144K, used 4K [0x00000000fec00000, 0x00000000ff2a0000, 0x00000000ff2a0000)
  eden space 5504K,   0% used [0x00000000fec00000, 0x00000000fec00000, 0x00000000ff160000)
  from space 640K,   0% used [0x00000000ff160000, 0x00000000ff161020, 0x00000000ff200000)
  to   space 640K,   0% used [0x00000000ff200000, 0x00000000ff200000, 0x00000000ff2a0000)
 concurrent mark-sweep generation total 13696K, used 10435K [0x00000000ff2a0000, 0x0000000100000000, 0x0000000100000000)
 Metaspace       used 5078K, capacity 5258K, committed 5504K, reserved 1056768K
  class space    used 557K, capacity 597K, committed 640K, reserved 1048576K
}
{Heap before GC invocations=974 (full 113):
 par new generation   total 6144K, used 5233K [0x00000000fec00000, 0x00000000ff2a0000, 0x00000000ff2a0000)
  eden space 5504K,  95% used [0x00000000fec00000, 0x00000000ff11b780, 0x00000000ff160000)
  from space 640K,   0% used [0x00000000ff160000, 0x00000000ff161020, 0x00000000ff200000)
  to   space 640K,   0% used [0x00000000ff200000, 0x00000000ff200000, 0x00000000ff2a0000)
 concurrent mark-sweep generation total 13696K, used 10435K [0x00000000ff2a0000, 0x0000000100000000, 0x0000000100000000)
 Metaspace       used 5078K, capacity 5258K, committed 5504K, reserved 1056768K
  class space    used 557K, capacity 597K, committed 640K, reserved 1048576K
2024-07-16T17:10:20.957+0800: 7.626: [GC (Allocation Failure) 2024-07-16T17:10:20.957+0800: 7.626: [ParNew: 5233K->10K(6144K), 0.0004286 secs] 15669K->11469K(19840K), 0.0004804 secs] [Times: user=0.00 sys=0.00, real=0.00 secs] 
Heap after GC invocations=975 (full 113):
 par new generation   total 6144K, used 10K [0x00000000fec00000, 0x00000000ff2a0000, 0x00000000ff2a0000)
  eden space 5504K,   0% used [0x00000000fec00000, 0x00000000fec00000, 0x00000000ff160000)
  from space 640K,   1% used [0x00000000ff200000, 0x00000000ff202850, 0x00000000ff2a0000)
  to   space 640K,   0% used [0x00000000ff160000, 0x00000000ff160000, 0x00000000ff200000)
 concurrent mark-sweep generation total 13696K, used 11459K [0x00000000ff2a0000, 0x0000000100000000, 0x0000000100000000)
 Metaspace       used 5078K, capacity 5258K, committed 5504K, reserved 1056768K
  class space    used 557K, capacity 597K, committed 640K, reserved 1048576K
}
{Heap before GC invocations=975 (full 113):
 par new generation   total 6144K, used 5239K [0x00000000fec00000, 0x00000000ff2a0000, 0x00000000ff2a0000)
  eden space 5504K,  95% used [0x00000000fec00000, 0x00000000ff11b780, 0x00000000ff160000)
  from space 640K,   1% used [0x00000000ff200000, 0x00000000ff202850, 0x00000000ff2a0000)
  to   space 640K,   0% used [0x00000000ff160000, 0x00000000ff160000, 0x00000000ff200000)
 concurrent mark-sweep generation total 13696K, used 11459K [0x00000000ff2a0000, 0x0000000100000000, 0x0000000100000000)
 Metaspace       used 5078K, capacity 5258K, committed 5504K, reserved 1056768K
  class space    used 557K, capacity 597K, committed 640K, reserved 1048576K
2024-07-16T17:10:20.964+0800: 7.633: [GC (Allocation Failure) 2024-07-16T17:10:20.964+0800: 7.633: [ParNew: 5239K->6K(6144K), 0.0003740 secs] 16699K->12489K(19840K), 0.0004207 secs] [Times: user=0.00 sys=0.00, real=0.00 secs] 
Heap after GC invocations=976 (full 113):
 par new generation   total 6144K, used 6K [0x00000000fec00000, 0x00000000ff2a0000, 0x00000000ff2a0000)
  eden space 5504K,   0% used [0x00000000fec00000, 0x00000000fec00000, 0x00000000ff160000)
  from space 640K,   0% used [0x00000000ff160000, 0x00000000ff161830, 0x00000000ff200000)
  to   space 640K,   0% used [0x00000000ff200000, 0x00000000ff200000, 0x00000000ff2a0000)
 concurrent mark-sweep generation total 13696K, used 12483K [0x00000000ff2a0000, 0x0000000100000000, 0x0000000100000000)
 Metaspace       used 5078K, capacity 5258K, committed 5504K, reserved 1056768K
  class space    used 557K, capacity 597K, committed 640K, reserved 1048576K
}
{Heap before GC invocations=976 (full 113):
 par new generation   total 6144K, used 5235K [0x00000000fec00000, 0x00000000ff2a0000, 0x00000000ff2a0000)
  eden space 5504K,  95% used [0x00000000fec00000, 0x00000000ff11b780, 0x00000000ff160000)
  from space 640K,   0% used [0x00000000ff160000, 0x00000000ff161830, 0x00000000ff200000)
  to   space 640K,   0% used [0x00000000ff200000, 0x00000000ff200000, 0x00000000ff2a0000)
 concurrent mark-sweep generation total 13696K, used 12483K [0x00000000ff2a0000, 0x0000000100000000, 0x0000000100000000)
 Metaspace       used 5078K, capacity 5258K, committed 5504K, reserved 1056768K
  class space    used 557K, capacity 597K, committed 640K, reserved 1048576K
2024-07-16T17:10:20.971+0800: 7.640: [GC (Allocation Failure) 2024-07-16T17:10:20.971+0800: 7.640: [ParNew: 5235K->5235K(6144K), 0.0000144 secs]2024-07-16T17:10:20.971+0800: 7.640: [CMS2024-07-16T17:10:20.971+0800: 7.640: [CMS-concurrent-abortable-preclean: 0.001/0.090 secs] [Times: user=0.00 sys=0.00, real=0.09 secs] 
 (concurrent mode failure): 12483K->2229K(13696K), 0.0024560 secs] 17719K->2229K(19840K), [Metaspace: 5078K->5078K(1056768K)], 0.0025351 secs] [Times: user=0.00 sys=0.00, real=0.00 secs] 
Heap after GC invocations=977 (full 114):
 par new generation   total 6144K, used 0K [0x00000000fec00000, 0x00000000ff2a0000, 0x00000000ff2a0000)
  eden space 5504K,   0% used [0x00000000fec00000, 0x00000000fec00000, 0x00000000ff160000)
  from space 640K,   0% used [0x00000000ff160000, 0x00000000ff160000, 0x00000000ff200000)
  to   space 640K,   0% used [0x00000000ff200000, 0x00000000ff200000, 0x00000000ff2a0000)
 concurrent mark-sweep generation total 13696K, used 2229K [0x00000000ff2a0000, 0x0000000100000000, 0x0000000100000000)
 Metaspace       used 5078K, capacity 5258K, committed 5504K, reserved 1056768K
  class space    used 557K, capacity 597K, committed 640K, reserved 1048576K
}
{Heap before GC invocations=977 (full 114):
 par new generation   total 6144K, used 5229K [0x00000000fec00000, 0x00000000ff2a0000, 0x00000000ff2a0000)
  eden space 5504K,  95% used [0x00000000fec00000, 0x00000000ff11b780, 0x00000000ff160000)
  from space 640K,   0% used [0x00000000ff160000, 0x00000000ff160000, 0x00000000ff200000)
  to   space 640K,   0% used [0x00000000ff200000, 0x00000000ff200000, 0x00000000ff2a0000)
 concurrent mark-sweep generation total 13696K, used 2229K [0x00000000ff2a0000, 0x0000000100000000, 0x0000000100000000)
 Metaspace       used 5078K, capacity 5258K, committed 5504K, reserved 1056768K
  class space    used 557K, capacity 597K, committed 640K, reserved 1048576K
2024-07-16T17:10:20.980+0800: 7.649: [GC (Allocation Failure) 2024-07-16T17:10:20.980+0800: 7.649: [ParNew: 5229K->4K(6144K), 0.0003312 secs] 7458K->2233K(19840K), 0.0003667 secs] [Times: user=0.00 sys=0.00, real=0.00 secs] 
Heap after GC invocations=978 (full 114):
 par new generation   total 6144K, used 4K [0x00000000fec00000, 0x00000000ff2a0000, 0x00000000ff2a0000)
  eden space 5504K,   0% used [0x00000000fec00000, 0x00000000fec00000, 0x00000000ff160000)
  from space 640K,   0% used [0x00000000ff200000, 0x00000000ff201020, 0x00000000ff2a0000)
  to   space 640K,   0% used [0x00000000ff160000, 0x00000000ff160000, 0x00000000ff200000)
 concurrent mark-sweep generation total 13696K, used 2229K [0x00000000ff2a0000, 0x0000000100000000, 0x0000000100000000)
 Metaspace       used 5078K, capacity 5258K, committed 5504K, reserved 1056768K
  class space    used 557K, capacity 597K, committed 640K, reserved 1048576K
}
{Heap before GC invocations=978 (full 114):
 par new generation   total 6144K, used 5233K [0x00000000fec00000, 0x00000000ff2a0000, 0x00000000ff2a0000)
  eden space 5504K,  95% used [0x00000000fec00000, 0x00000000ff11b780, 0x00000000ff160000)
  from space 640K,   0% used [0x00000000ff200000, 0x00000000ff201020, 0x00000000ff2a0000)
  to   space 640K,   0% used [0x00000000ff160000, 0x00000000ff160000, 0x00000000ff200000)
 concurrent mark-sweep generation total 13696K, used 2229K [0x00000000ff2a0000, 0x0000000100000000, 0x0000000100000000)
 Metaspace       used 5078K, capacity 5258K, committed 5504K, reserved 1056768K
  class space    used 557K, capacity 597K, committed 640K, reserved 1048576K
2024-07-16T17:10:20.988+0800: 7.657: [GC (Allocation Failure) 2024-07-16T17:10:20.988+0800: 7.657: [ParNew: 5233K->4K(6144K), 0.0002998 secs] 7462K->2233K(19840K), 0.0003514 secs] [Times: user=0.00 sys=0.00, real=0.00 secs] 
Heap after GC invocations=979 (full 114):
 par new generation   total 6144K, used 4K [0x00000000fec00000, 0x00000000ff2a0000, 0x00000000ff2a0000)
  eden space 5504K,   0% used [0x00000000fec00000, 0x00000000fec00000, 0x00000000ff160000)
  from space 640K,   0% used [0x00000000ff160000, 0x00000000ff161020, 0x00000000ff200000)
  to   space 640K,   0% used [0x00000000ff200000, 0x00000000ff200000, 0x00000000ff2a0000)
 concurrent mark-sweep generation total 13696K, used 2229K [0x00000000ff2a0000, 0x0000000100000000, 0x0000000100000000)
 Metaspace       used 5078K, capacity 5258K, committed 5504K, reserved 1056768K
  class space    used 557K, capacity 597K, committed 640K, reserved 1048576K
}
{Heap before GC invocations=979 (full 114):
 par new generation   total 6144K, used 5233K [0x00000000fec00000, 0x00000000ff2a0000, 0x00000000ff2a0000)
  eden space 5504K,  95% used [0x00000000fec00000, 0x00000000ff11b780, 0x00000000ff160000)
  from space 640K,   0% used [0x00000000ff160000, 0x00000000ff161020, 0x00000000ff200000)
  to   space 640K,   0% used [0x00000000ff200000, 0x00000000ff200000, 0x00000000ff2a0000)
 concurrent mark-sweep generation total 13696K, used 2229K [0x00000000ff2a0000, 0x0000000100000000, 0x0000000100000000)
 Metaspace       used 5078K, capacity 5258K, committed 5504K, reserved 1056768K
  class space    used 557K, capacity 597K, committed 640K, reserved 1048576K
2024-07-16T17:10:20.994+0800: 7.663: [GC (Allocation Failure) 2024-07-16T17:10:20.994+0800: 7.663: [ParNew: 5233K->6K(6144K), 0.0003926 secs] 7462K->3261K(19840K), 0.0004257 secs] [Times: user=0.00 sys=0.00, real=0.00 secs] 
Heap after GC invocations=980 (full 114):
 par new generation   total 6144K, used 6K [0x00000000fec00000, 0x00000000ff2a0000, 0x00000000ff2a0000)
  eden space 5504K,   0% used [0x00000000fec00000, 0x00000000fec00000, 0x00000000ff160000)
  from space 640K,   0% used [0x00000000ff200000, 0x00000000ff201830, 0x00000000ff2a0000)
  to   space 640K,   0% used [0x00000000ff160000, 0x00000000ff160000, 0x00000000ff200000)
 concurrent mark-sweep generation total 13696K, used 3255K [0x00000000ff2a0000, 0x0000000100000000, 0x0000000100000000)
 Metaspace       used 5078K, capacity 5258K, committed 5504K, reserved 1056768K
  class space    used 557K, capacity 597K, committed 640K, reserved 1048576K
}
{Heap before GC invocations=980 (full 114):
 par new generation   total 6144K, used 5235K [0x00000000fec00000, 0x00000000ff2a0000, 0x00000000ff2a0000)
  eden space 5504K,  95% used [0x00000000fec00000, 0x00000000ff11b780, 0x00000000ff160000)
  from space 640K,   0% used [0x00000000ff200000, 0x00000000ff201830, 0x00000000ff2a0000)
  to   space 640K,   0% used [0x00000000ff160000, 0x00000000ff160000, 0x00000000ff200000)
 concurrent mark-sweep generation total 13696K, used 3255K [0x00000000ff2a0000, 0x0000000100000000, 0x0000000100000000)
 Metaspace       used 5078K, capacity 5258K, committed 5504K, reserved 1056768K
  class space    used 557K, capacity 597K, committed 640K, reserved 1048576K
2024-07-16T17:10:21.002+0800: 7.671: [GC (Allocation Failure) 2024-07-16T17:10:21.002+0800: 7.671: [ParNew: 5235K->4K(6144K), 0.0002570 secs] 8491K->3259K(19840K), 0.0002915 secs] [Times: user=0.00 sys=0.00, real=0.00 secs] 
Heap after GC invocations=981 (full 114):
 par new generation   total 6144K, used 4K [0x00000000fec00000, 0x00000000ff2a0000, 0x00000000ff2a0000)
  eden space 5504K,   0% used [0x00000000fec00000, 0x00000000fec00000, 0x00000000ff160000)
  from space 640K,   0% used [0x00000000ff160000, 0x00000000ff161020, 0x00000000ff200000)
  to   space 640K,   0% used [0x00000000ff200000, 0x00000000ff200000, 0x00000000ff2a0000)
 concurrent mark-sweep generation total 13696K, used 3255K [0x00000000ff2a0000, 0x0000000100000000, 0x0000000100000000)
 Metaspace       used 5078K, capacity 5258K, committed 5504K, reserved 1056768K
  class space    used 557K, capacity 597K, committed 640K, reserved 1048576K
}
{Heap before GC invocations=981 (full 114):
 par new generation   total 6144K, used 5233K [0x00000000fec00000, 0x00000000ff2a0000, 0x00000000ff2a0000)
  eden space 5504K,  95% used [0x00000000fec00000, 0x00000000ff11b780, 0x00000000ff160000)
  from space 640K,   0% used [0x00000000ff160000, 0x00000000ff161020, 0x00000000ff200000)
  to   space 640K,   0% used [0x00000000ff200000, 0x00000000ff200000, 0x00000000ff2a0000)
 concurrent mark-sweep generation total 13696K, used 3255K [0x00000000ff2a0000, 0x0000000100000000, 0x0000000100000000)
 Metaspace       used 5078K, capacity 5258K, committed 5504K, reserved 1056768K
  class space    used 557K, capacity 597K, committed 640K, reserved 1048576K
2024-07-16T17:10:21.009+0800: 7.678: [GC (Allocation Failure) 2024-07-16T17:10:21.009+0800: 7.678: [ParNew: 5233K->10K(6144K), 0.0003626 secs] 8488K->4291K(19840K), 0.0004085 secs] [Times: user=0.00 sys=0.00, real=0.00 secs] 
Heap after GC invocations=982 (full 114):
 par new generation   total 6144K, used 10K [0x00000000fec00000, 0x00000000ff2a0000, 0x00000000ff2a0000)
  eden space 5504K,   0% used [0x00000000fec00000, 0x00000000fec00000, 0x00000000ff160000)
  from space 640K,   1% used [0x00000000ff200000, 0x00000000ff202850, 0x00000000ff2a0000)
  to   space 640K,   0% used [0x00000000ff160000, 0x00000000ff160000, 0x00000000ff200000)
 concurrent mark-sweep generation total 13696K, used 4281K [0x00000000ff2a0000, 0x0000000100000000, 0x0000000100000000)
 Metaspace       used 5078K, capacity 5258K, committed 5504K, reserved 1056768K
  class space    used 557K, capacity 597K, committed 640K, reserved 1048576K
}
{Heap before GC invocations=982 (full 114):
 par new generation   total 6144K, used 5239K [0x00000000fec00000, 0x00000000ff2a0000, 0x00000000ff2a0000)
  eden space 5504K,  95% used [0x00000000fec00000, 0x00000000ff11b780, 0x00000000ff160000)
  from space 640K,   1% used [0x00000000ff200000, 0x00000000ff202850, 0x00000000ff2a0000)
  to   space 640K,   0% used [0x00000000ff160000, 0x00000000ff160000, 0x00000000ff200000)
 concurrent mark-sweep generation total 13696K, used 4281K [0x00000000ff2a0000, 0x0000000100000000, 0x0000000100000000)
 Metaspace       used 5078K, capacity 5258K, committed 5504K, reserved 1056768K
  class space    used 557K, capacity 597K, committed 640K, reserved 1048576K
2024-07-16T17:10:21.016+0800: 7.685: [GC (Allocation Failure) 2024-07-16T17:10:21.016+0800: 7.685: [ParNew: 5239K->4K(6144K), 0.0002749 secs] 9521K->4285K(19840K), 0.0003087 secs] [Times: user=0.00 sys=0.00, real=0.00 secs] 
Heap after GC invocations=983 (full 114):
 par new generation   total 6144K, used 4K [0x00000000fec00000, 0x00000000ff2a0000, 0x00000000ff2a0000)
  eden space 5504K,   0% used [0x00000000fec00000, 0x00000000fec00000, 0x00000000ff160000)
  from space 640K,   0% used [0x00000000ff160000, 0x00000000ff161020, 0x00000000ff200000)
  to   space 640K,   0% used [0x00000000ff200000, 0x00000000ff200000, 0x00000000ff2a0000)
 concurrent mark-sweep generation total 13696K, used 4281K [0x00000000ff2a0000, 0x0000000100000000, 0x0000000100000000)
 Metaspace       used 5078K, capacity 5258K, committed 5504K, reserved 1056768K
  class space    used 557K, capacity 597K, committed 640K, reserved 1048576K
}
{Heap before GC invocations=983 (full 114):
 par new generation   total 6144K, used 5233K [0x00000000fec00000, 0x00000000ff2a0000, 0x00000000ff2a0000)
  eden space 5504K,  95% used [0x00000000fec00000, 0x00000000ff11b780, 0x00000000ff160000)
  from space 640K,   0% used [0x00000000ff160000, 0x00000000ff161020, 0x00000000ff200000)
  to   space 640K,   0% used [0x00000000ff200000, 0x00000000ff200000, 0x00000000ff2a0000)
 concurrent mark-sweep generation total 13696K, used 4281K [0x00000000ff2a0000, 0x0000000100000000, 0x0000000100000000)
 Metaspace       used 5078K, capacity 5258K, committed 5504K, reserved 1056768K
  class space    used 557K, capacity 597K, committed 640K, reserved 1048576K
2024-07-16T17:10:21.022+0800: 7.691: [GC (Allocation Failure) 2024-07-16T17:10:21.022+0800: 7.691: [ParNew: 5233K->8K(6144K), 0.0005133 secs] 9515K->5315K(19840K), 0.0005544 secs] [Times: user=0.00 sys=0.00, real=0.00 secs] 
Heap after GC invocations=984 (full 114):
 par new generation   total 6144K, used 8K [0x00000000fec00000, 0x00000000ff2a0000, 0x00000000ff2a0000)
  eden space 5504K,   0% used [0x00000000fec00000, 0x00000000fec00000, 0x00000000ff160000)
  from space 640K,   1% used [0x00000000ff200000, 0x00000000ff202040, 0x00000000ff2a0000)
  to   space 640K,   0% used [0x00000000ff160000, 0x00000000ff160000, 0x00000000ff200000)
 concurrent mark-sweep generation total 13696K, used 5307K [0x00000000ff2a0000, 0x0000000100000000, 0x0000000100000000)
 Metaspace       used 5078K, capacity 5258K, committed 5504K, reserved 1056768K
  class space    used 557K, capacity 597K, committed 640K, reserved 1048576K
}
{Heap before GC invocations=984 (full 114):
 par new generation   total 6144K, used 5237K [0x00000000fec00000, 0x00000000ff2a0000, 0x00000000ff2a0000)
  eden space 5504K,  95% used [0x00000000fec00000, 0x00000000ff11b780, 0x00000000ff160000)
  from space 640K,   1% used [0x00000000ff200000, 0x00000000ff202040, 0x00000000ff2a0000)
  to   space 640K,   0% used [0x00000000ff160000, 0x00000000ff160000, 0x00000000ff200000)
 concurrent mark-sweep generation total 13696K, used 5307K [0x00000000ff2a0000, 0x0000000100000000, 0x0000000100000000)
 Metaspace       used 5078K, capacity 5258K, committed 5504K, reserved 1056768K
  class space    used 557K, capacity 597K, committed 640K, reserved 1048576K
2024-07-16T17:10:21.029+0800: 7.698: [GC (Allocation Failure) 2024-07-16T17:10:21.029+0800: 7.698: [ParNew: 5237K->4K(6144K), 0.0004384 secs] 10545K->5311K(19840K), 0.0006582 secs] [Times: user=0.00 sys=0.00, real=0.00 secs] 
Heap after GC invocations=985 (full 114):
 par new generation   total 6144K, used 4K [0x00000000fec00000, 0x00000000ff2a0000, 0x00000000ff2a0000)
  eden space 5504K,   0% used [0x00000000fec00000, 0x00000000fec00000, 0x00000000ff160000)
  from space 640K,   0% used [0x00000000ff160000, 0x00000000ff161020, 0x00000000ff200000)
  to   space 640K,   0% used [0x00000000ff200000, 0x00000000ff200000, 0x00000000ff2a0000)
 concurrent mark-sweep generation total 13696K, used 5307K [0x00000000ff2a0000, 0x0000000100000000, 0x0000000100000000)
 Metaspace       used 5078K, capacity 5258K, committed 5504K, reserved 1056768K
  class space    used 557K, capacity 597K, committed 640K, reserved 1048576K
}
{Heap before GC invocations=985 (full 114):
 par new generation   total 6144K, used 5233K [0x00000000fec00000, 0x00000000ff2a0000, 0x00000000ff2a0000)
  eden space 5504K,  95% used [0x00000000fec00000, 0x00000000ff11b780, 0x00000000ff160000)
  from space 640K,   0% used [0x00000000ff160000, 0x00000000ff161020, 0x00000000ff200000)
  to   space 640K,   0% used [0x00000000ff200000, 0x00000000ff200000, 0x00000000ff2a0000)
 concurrent mark-sweep generation total 13696K, used 5307K [0x00000000ff2a0000, 0x0000000100000000, 0x0000000100000000)
 Metaspace       used 5078K, capacity 5258K, committed 5504K, reserved 1056768K
  class space    used 557K, capacity 597K, committed 640K, reserved 1048576K
2024-07-16T17:10:21.037+0800: 7.706: [GC (Allocation Failure) 2024-07-16T17:10:21.037+0800: 7.706: [ParNew: 5233K->4K(6144K), 0.0061534 secs] 10541K->6337K(19840K), 0.0062438 secs] [Times: user=0.00 sys=0.00, real=0.01 secs] 
Heap after GC invocations=986 (full 114):
 par new generation   total 6144K, used 4K [0x00000000fec00000, 0x00000000ff2a0000, 0x00000000ff2a0000)
  eden space 5504K,   0% used [0x00000000fec00000, 0x00000000fec00000, 0x00000000ff160000)
  from space 640K,   0% used [0x00000000ff200000, 0x00000000ff201020, 0x00000000ff2a0000)
  to   space 640K,   0% used [0x00000000ff160000, 0x00000000ff160000, 0x00000000ff200000)
 concurrent mark-sweep generation total 13696K, used 6333K [0x00000000ff2a0000, 0x0000000100000000, 0x0000000100000000)
 Metaspace       used 5078K, capacity 5258K, committed 5504K, reserved 1056768K
  class space    used 557K, capacity 597K, committed 640K, reserved 1048576K
}
{Heap before GC invocations=986 (full 114):
 par new generation   total 6144K, used 5233K [0x00000000fec00000, 0x00000000ff2a0000, 0x00000000ff2a0000)
  eden space 5504K,  95% used [0x00000000fec00000, 0x00000000ff11b780, 0x00000000ff160000)
  from space 640K,   0% used [0x00000000ff200000, 0x00000000ff201020, 0x00000000ff2a0000)
  to   space 640K,   0% used [0x00000000ff160000, 0x00000000ff160000, 0x00000000ff200000)
 concurrent mark-sweep generation total 13696K, used 6333K [0x00000000ff2a0000, 0x0000000100000000, 0x0000000100000000)
 Metaspace       used 5078K, capacity 5258K, committed 5504K, reserved 1056768K
  class space    used 557K, capacity 597K, committed 640K, reserved 1048576K
2024-07-16T17:10:21.050+0800: 7.719: [GC (Allocation Failure) 2024-07-16T17:10:21.050+0800: 7.719: [ParNew: 5233K->4K(6144K), 0.0003242 secs] 11567K->6337K(19840K), 0.0003756 secs] [Times: user=0.00 sys=0.00, real=0.00 secs] 
Heap after GC invocations=987 (full 114):
 par new generation   total 6144K, used 4K [0x00000000fec00000, 0x00000000ff2a0000, 0x00000000ff2a0000)
  eden space 5504K,   0% used [0x00000000fec00000, 0x00000000fec00000, 0x00000000ff160000)
  from space 640K,   0% used [0x00000000ff160000, 0x00000000ff161020, 0x00000000ff200000)
  to   space 640K,   0% used [0x00000000ff200000, 0x00000000ff200000, 0x00000000ff2a0000)
 concurrent mark-sweep generation total 13696K, used 6333K [0x00000000ff2a0000, 0x0000000100000000, 0x0000000100000000)
 Metaspace       used 5078K, capacity 5258K, committed 5504K, reserved 1056768K
  class space    used 557K, capacity 597K, committed 640K, reserved 1048576K
}
{Heap before GC invocations=987 (full 114):
 par new generation   total 6144K, used 5233K [0x00000000fec00000, 0x00000000ff2a0000, 0x00000000ff2a0000)
  eden space 5504K,  95% used [0x00000000fec00000, 0x00000000ff11b780, 0x00000000ff160000)
  from space 640K,   0% used [0x00000000ff160000, 0x00000000ff161020, 0x00000000ff200000)
  to   space 640K,   0% used [0x00000000ff200000, 0x00000000ff200000, 0x00000000ff2a0000)
 concurrent mark-sweep generation total 13696K, used 6333K [0x00000000ff2a0000, 0x0000000100000000, 0x0000000100000000)
 Metaspace       used 5078K, capacity 5258K, committed 5504K, reserved 1056768K
  class space    used 557K, capacity 597K, committed 640K, reserved 1048576K
2024-07-16T17:10:21.057+0800: 7.726: [GC (Allocation Failure) 2024-07-16T17:10:21.057+0800: 7.726: [ParNew: 5233K->8K(6144K), 0.0005587 secs] 11567K->7367K(19840K), 0.0006008 secs] [Times: user=0.00 sys=0.00, real=0.00 secs] 
Heap after GC invocations=988 (full 114):
 par new generation   total 6144K, used 8K [0x00000000fec00000, 0x00000000ff2a0000, 0x00000000ff2a0000)
  eden space 5504K,   0% used [0x00000000fec00000, 0x00000000fec00000, 0x00000000ff160000)
  from space 640K,   1% used [0x00000000ff200000, 0x00000000ff202040, 0x00000000ff2a0000)
  to   space 640K,   0% used [0x00000000ff160000, 0x00000000ff160000, 0x00000000ff200000)
 concurrent mark-sweep generation total 13696K, used 7359K [0x00000000ff2a0000, 0x0000000100000000, 0x0000000100000000)
 Metaspace       used 5078K, capacity 5258K, committed 5504K, reserved 1056768K
  class space    used 557K, capacity 597K, committed 640K, reserved 1048576K
}
2024-07-16T17:10:21.057+0800: 7.726: [GC (CMS Initial Mark) [1 CMS-initial-mark: 7359K(13696K)] 8499K(19840K), 0.0001230 secs] [Times: user=0.00 sys=0.00, real=0.00 secs] 
2024-07-16T17:10:21.057+0800: 7.726: [CMS-concurrent-mark-start]
2024-07-16T17:10:21.059+0800: 7.728: [CMS-concurrent-mark: 0.001/0.001 secs] [Times: user=0.00 sys=0.00, real=0.00 secs] 
2024-07-16T17:10:21.059+0800: 7.728: [CMS-concurrent-preclean-start]
2024-07-16T17:10:21.059+0800: 7.728: [CMS-concurrent-preclean: 0.000/0.000 secs] [Times: user=0.00 sys=0.00, real=0.00 secs] 
2024-07-16T17:10:21.059+0800: 7.728: [CMS-concurrent-abortable-preclean-start]
{Heap before GC invocations=988 (full 115):
 par new generation   total 6144K, used 5237K [0x00000000fec00000, 0x00000000ff2a0000, 0x00000000ff2a0000)
  eden space 5504K,  95% used [0x00000000fec00000, 0x00000000ff11b780, 0x00000000ff160000)
  from space 640K,   1% used [0x00000000ff200000, 0x00000000ff202040, 0x00000000ff2a0000)
  to   space 640K,   0% used [0x00000000ff160000, 0x00000000ff160000, 0x00000000ff200000)
 concurrent mark-sweep generation total 13696K, used 7359K [0x00000000ff2a0000, 0x0000000100000000, 0x0000000100000000)
 Metaspace       used 5078K, capacity 5258K, committed 5504K, reserved 1056768K
  class space    used 557K, capacity 597K, committed 640K, reserved 1048576K
2024-07-16T17:10:21.066+0800: 7.735: [GC (Allocation Failure) 2024-07-16T17:10:21.066+0800: 7.735: [ParNew: 5237K->4K(6144K), 0.0003199 secs] 12597K->7363K(19840K), 0.0003578 secs] [Times: user=0.00 sys=0.00, real=0.00 secs] 
Heap after GC invocations=989 (full 115):
 par new generation   total 6144K, used 4K [0x00000000fec00000, 0x00000000ff2a0000, 0x00000000ff2a0000)
  eden space 5504K,   0% used [0x00000000fec00000, 0x00000000fec00000, 0x00000000ff160000)
  from space 640K,   0% used [0x00000000ff160000, 0x00000000ff161020, 0x00000000ff200000)
  to   space 640K,   0% used [0x00000000ff200000, 0x00000000ff200000, 0x00000000ff2a0000)
 concurrent mark-sweep generation total 13696K, used 7359K [0x00000000ff2a0000, 0x0000000100000000, 0x0000000100000000)
 Metaspace       used 5078K, capacity 5258K, committed 5504K, reserved 1056768K
  class space    used 557K, capacity 597K, committed 640K, reserved 1048576K
}
{Heap before GC invocations=989 (full 115):
 par new generation   total 6144K, used 5233K [0x00000000fec00000, 0x00000000ff2a0000, 0x00000000ff2a0000)
  eden space 5504K,  95% used [0x00000000fec00000, 0x00000000ff11b780, 0x00000000ff160000)
  from space 640K,   0% used [0x00000000ff160000, 0x00000000ff161020, 0x00000000ff200000)
  to   space 640K,   0% used [0x00000000ff200000, 0x00000000ff200000, 0x00000000ff2a0000)
 concurrent mark-sweep generation total 13696K, used 7359K [0x00000000ff2a0000, 0x0000000100000000, 0x0000000100000000)
 Metaspace       used 5078K, capacity 5258K, committed 5504K, reserved 1056768K
  class space    used 557K, capacity 597K, committed 640K, reserved 1048576K
2024-07-16T17:10:21.073+0800: 7.742: [GC (Allocation Failure) 2024-07-16T17:10:21.073+0800: 7.742: [ParNew: 5233K->10K(6144K), 0.0003941 secs] 12593K->8393K(19840K), 0.0004385 secs] [Times: user=0.00 sys=0.00, real=0.00 secs] 
Heap after GC invocations=990 (full 115):
 par new generation   total 6144K, used 10K [0x00000000fec00000, 0x00000000ff2a0000, 0x00000000ff2a0000)
  eden space 5504K,   0% used [0x00000000fec00000, 0x00000000fec00000, 0x00000000ff160000)
  from space 640K,   1% used [0x00000000ff200000, 0x00000000ff202850, 0x00000000ff2a0000)
  to   space 640K,   0% used [0x00000000ff160000, 0x00000000ff160000, 0x00000000ff200000)
 concurrent mark-sweep generation total 13696K, used 8383K [0x00000000ff2a0000, 0x0000000100000000, 0x0000000100000000)
 Metaspace       used 5078K, capacity 5258K, committed 5504K, reserved 1056768K
  class space    used 557K, capacity 597K, committed 640K, reserved 1048576K
}
{Heap before GC invocations=990 (full 115):
 par new generation   total 6144K, used 5239K [0x00000000fec00000, 0x00000000ff2a0000, 0x00000000ff2a0000)
  eden space 5504K,  95% used [0x00000000fec00000, 0x00000000ff11b780, 0x00000000ff160000)
  from space 640K,   1% used [0x00000000ff200000, 0x00000000ff202850, 0x00000000ff2a0000)
  to   space 640K,   0% used [0x00000000ff160000, 0x00000000ff160000, 0x00000000ff200000)
 concurrent mark-sweep generation total 13696K, used 8383K [0x00000000ff2a0000, 0x0000000100000000, 0x0000000100000000)
 Metaspace       used 5078K, capacity 5258K, committed 5504K, reserved 1056768K
  class space    used 557K, capacity 597K, committed 640K, reserved 1048576K
2024-07-16T17:10:21.081+0800: 7.750: [GC (Allocation Failure) 2024-07-16T17:10:21.081+0800: 7.750: [ParNew: 5239K->4K(6144K), 0.0003933 secs] 13623K->8387K(19840K), 0.0004768 secs] [Times: user=0.00 sys=0.00, real=0.00 secs] 
Heap after GC invocations=991 (full 115):
 par new generation   total 6144K, used 4K [0x00000000fec00000, 0x00000000ff2a0000, 0x00000000ff2a0000)
  eden space 5504K,   0% used [0x00000000fec00000, 0x00000000fec00000, 0x00000000ff160000)
  from space 640K,   0% used [0x00000000ff160000, 0x00000000ff161020, 0x00000000ff200000)
  to   space 640K,   0% used [0x00000000ff200000, 0x00000000ff200000, 0x00000000ff2a0000)
 concurrent mark-sweep generation total 13696K, used 8383K [0x00000000ff2a0000, 0x0000000100000000, 0x0000000100000000)
 Metaspace       used 5078K, capacity 5258K, committed 5504K, reserved 1056768K
  class space    used 557K, capacity 597K, committed 640K, reserved 1048576K
}
{Heap before GC invocations=991 (full 115):
 par new generation   total 6144K, used 5233K [0x00000000fec00000, 0x00000000ff2a0000, 0x00000000ff2a0000)
  eden space 5504K,  95% used [0x00000000fec00000, 0x00000000ff11b780, 0x00000000ff160000)
  from space 640K,   0% used [0x00000000ff160000, 0x00000000ff161020, 0x00000000ff200000)
  to   space 640K,   0% used [0x00000000ff200000, 0x00000000ff200000, 0x00000000ff2a0000)
 concurrent mark-sweep generation total 13696K, used 8383K [0x00000000ff2a0000, 0x0000000100000000, 0x0000000100000000)
 Metaspace       used 5078K, capacity 5258K, committed 5504K, reserved 1056768K
  class space    used 557K, capacity 597K, committed 640K, reserved 1048576K
2024-07-16T17:10:21.088+0800: 7.757: [GC (Allocation Failure) 2024-07-16T17:10:21.088+0800: 7.757: [ParNew: 5233K->6K(6144K), 0.0004286 secs] 13617K->9415K(19840K), 0.0004839 secs] [Times: user=0.00 sys=0.00, real=0.00 secs] 
Heap after GC invocations=992 (full 115):
 par new generation   total 6144K, used 6K [0x00000000fec00000, 0x00000000ff2a0000, 0x00000000ff2a0000)
  eden space 5504K,   0% used [0x00000000fec00000, 0x00000000fec00000, 0x00000000ff160000)
  from space 640K,   0% used [0x00000000ff200000, 0x00000000ff201830, 0x00000000ff2a0000)
  to   space 640K,   0% used [0x00000000ff160000, 0x00000000ff160000, 0x00000000ff200000)
 concurrent mark-sweep generation total 13696K, used 9409K [0x00000000ff2a0000, 0x0000000100000000, 0x0000000100000000)
 Metaspace       used 5078K, capacity 5258K, committed 5504K, reserved 1056768K
  class space    used 557K, capacity 597K, committed 640K, reserved 1048576K
}
{Heap before GC invocations=992 (full 115):
 par new generation   total 6144K, used 5235K [0x00000000fec00000, 0x00000000ff2a0000, 0x00000000ff2a0000)
  eden space 5504K,  95% used [0x00000000fec00000, 0x00000000ff11b780, 0x00000000ff160000)
  from space 640K,   0% used [0x00000000ff200000, 0x00000000ff201830, 0x00000000ff2a0000)
  to   space 640K,   0% used [0x00000000ff160000, 0x00000000ff160000, 0x00000000ff200000)
 concurrent mark-sweep generation total 13696K, used 9409K [0x00000000ff2a0000, 0x0000000100000000, 0x0000000100000000)
 Metaspace       used 5078K, capacity 5258K, committed 5504K, reserved 1056768K
  class space    used 557K, capacity 597K, committed 640K, reserved 1048576K
2024-07-16T17:10:21.095+0800: 7.764: [GC (Allocation Failure) 2024-07-16T17:10:21.095+0800: 7.764: [ParNew: 5235K->8K(6144K), 0.0003969 secs] 14645K->10443K(19840K), 0.0004456 secs] [Times: user=0.00 sys=0.00, real=0.00 secs] 
Heap after GC invocations=993 (full 115):
 par new generation   total 6144K, used 8K [0x00000000fec00000, 0x00000000ff2a0000, 0x00000000ff2a0000)
  eden space 5504K,   0% used [0x00000000fec00000, 0x00000000fec00000, 0x00000000ff160000)
  from space 640K,   1% used [0x00000000ff160000, 0x00000000ff162040, 0x00000000ff200000)
  to   space 640K,   0% used [0x00000000ff200000, 0x00000000ff200000, 0x00000000ff2a0000)
 concurrent mark-sweep generation total 13696K, used 10435K [0x00000000ff2a0000, 0x0000000100000000, 0x0000000100000000)
 Metaspace       used 5078K, capacity 5258K, committed 5504K, reserved 1056768K
  class space    used 557K, capacity 597K, committed 640K, reserved 1048576K
}
{Heap before GC invocations=993 (full 115):
 par new generation   total 6144K, used 5237K [0x00000000fec00000, 0x00000000ff2a0000, 0x00000000ff2a0000)
  eden space 5504K,  95% used [0x00000000fec00000, 0x00000000ff11b780, 0x00000000ff160000)
  from space 640K,   1% used [0x00000000ff160000, 0x00000000ff162040, 0x00000000ff200000)
  to   space 640K,   0% used [0x00000000ff200000, 0x00000000ff200000, 0x00000000ff2a0000)
 concurrent mark-sweep generation total 13696K, used 10435K [0x00000000ff2a0000, 0x0000000100000000, 0x0000000100000000)
 Metaspace       used 5078K, capacity 5258K, committed 5504K, reserved 1056768K
  class space    used 557K, capacity 597K, committed 640K, reserved 1048576K
2024-07-16T17:10:21.104+0800: 7.773: [GC (Allocation Failure) 2024-07-16T17:10:21.104+0800: 7.773: [ParNew: 5237K->2K(6144K), 0.0003487 secs] 15673K->10437K(19840K), 0.0004178 secs] [Times: user=0.00 sys=0.00, real=0.00 secs] 
Heap after GC invocations=994 (full 115):
 par new generation   total 6144K, used 2K [0x00000000fec00000, 0x00000000ff2a0000, 0x00000000ff2a0000)
  eden space 5504K,   0% used [0x00000000fec00000, 0x00000000fec00000, 0x00000000ff160000)
  from space 640K,   0% used [0x00000000ff200000, 0x00000000ff200810, 0x00000000ff2a0000)
  to   space 640K,   0% used [0x00000000ff160000, 0x00000000ff160000, 0x00000000ff200000)
 concurrent mark-sweep generation total 13696K, used 10435K [0x00000000ff2a0000, 0x0000000100000000, 0x0000000100000000)
 Metaspace       used 5078K, capacity 5258K, committed 5504K, reserved 1056768K
  class space    used 557K, capacity 597K, committed 640K, reserved 1048576K
}
{Heap before GC invocations=994 (full 115):
 par new generation   total 6144K, used 5231K [0x00000000fec00000, 0x00000000ff2a0000, 0x00000000ff2a0000)
  eden space 5504K,  95% used [0x00000000fec00000, 0x00000000ff11b780, 0x00000000ff160000)
  from space 640K,   0% used [0x00000000ff200000, 0x00000000ff200810, 0x00000000ff2a0000)
  to   space 640K,   0% used [0x00000000ff160000, 0x00000000ff160000, 0x00000000ff200000)
 concurrent mark-sweep generation total 13696K, used 10435K [0x00000000ff2a0000, 0x0000000100000000, 0x0000000100000000)
 Metaspace       used 5078K, capacity 5258K, committed 5504K, reserved 1056768K
  class space    used 557K, capacity 597K, committed 640K, reserved 1048576K
2024-07-16T17:10:21.111+0800: 7.780: [GC (Allocation Failure) 2024-07-16T17:10:21.111+0800: 7.780: [ParNew: 5231K->8K(6144K), 0.0003803 secs] 15667K->11467K(19840K), 0.0004305 secs] [Times: user=0.00 sys=0.00, real=0.00 secs] 
Heap after GC invocations=995 (full 115):
 par new generation   total 6144K, used 8K [0x00000000fec00000, 0x00000000ff2a0000, 0x00000000ff2a0000)
  eden space 5504K,   0% used [0x00000000fec00000, 0x00000000fec00000, 0x00000000ff160000)
  from space 640K,   1% used [0x00000000ff160000, 0x00000000ff162040, 0x00000000ff200000)
  to   space 640K,   0% used [0x00000000ff200000, 0x00000000ff200000, 0x00000000ff2a0000)
 concurrent mark-sweep generation total 13696K, used 11459K [0x00000000ff2a0000, 0x0000000100000000, 0x0000000100000000)
 Metaspace       used 5078K, capacity 5258K, committed 5504K, reserved 1056768K
  class space    used 557K, capacity 597K, committed 640K, reserved 1048576K
}
{Heap before GC invocations=995 (full 115):
 par new generation   total 6144K, used 5237K [0x00000000fec00000, 0x00000000ff2a0000, 0x00000000ff2a0000)
  eden space 5504K,  95% used [0x00000000fec00000, 0x00000000ff11b780, 0x00000000ff160000)
  from space 640K,   1% used [0x00000000ff160000, 0x00000000ff162040, 0x00000000ff200000)
  to   space 640K,   0% used [0x00000000ff200000, 0x00000000ff200000, 0x00000000ff2a0000)
 concurrent mark-sweep generation total 13696K, used 11459K [0x00000000ff2a0000, 0x0000000100000000, 0x0000000100000000)
 Metaspace       used 5078K, capacity 5258K, committed 5504K, reserved 1056768K
  class space    used 557K, capacity 597K, committed 640K, reserved 1048576K
2024-07-16T17:10:21.117+0800: 7.786: [GC (Allocation Failure) 2024-07-16T17:10:21.117+0800: 7.786: [ParNew: 5237K->6K(6144K), 0.0004407 secs] 16697K->12489K(19840K), 0.0005370 secs] [Times: user=0.00 sys=0.00, real=0.00 secs] 
Heap after GC invocations=996 (full 115):
 par new generation   total 6144K, used 6K [0x00000000fec00000, 0x00000000ff2a0000, 0x00000000ff2a0000)
  eden space 5504K,   0% used [0x00000000fec00000, 0x00000000fec00000, 0x00000000ff160000)
  from space 640K,   0% used [0x00000000ff200000, 0x00000000ff201830, 0x00000000ff2a0000)
  to   space 640K,   0% used [0x00000000ff160000, 0x00000000ff160000, 0x00000000ff200000)
 concurrent mark-sweep generation total 13696K, used 12483K [0x00000000ff2a0000, 0x0000000100000000, 0x0000000100000000)
 Metaspace       used 5078K, capacity 5258K, committed 5504K, reserved 1056768K
  class space    used 557K, capacity 597K, committed 640K, reserved 1048576K
}
{Heap before GC invocations=996 (full 115):
 par new generation   total 6144K, used 5235K [0x00000000fec00000, 0x00000000ff2a0000, 0x00000000ff2a0000)
  eden space 5504K,  95% used [0x00000000fec00000, 0x00000000ff11b780, 0x00000000ff160000)
  from space 640K,   0% used [0x00000000ff200000, 0x00000000ff201830, 0x00000000ff2a0000)
  to   space 640K,   0% used [0x00000000ff160000, 0x00000000ff160000, 0x00000000ff200000)
 concurrent mark-sweep generation total 13696K, used 12483K [0x00000000ff2a0000, 0x0000000100000000, 0x0000000100000000)
 Metaspace       used 5078K, capacity 5258K, committed 5504K, reserved 1056768K
  class space    used 557K, capacity 597K, committed 640K, reserved 1048576K
2024-07-16T17:10:21.124+0800: 7.793: [GC (Allocation Failure) 2024-07-16T17:10:21.124+0800: 7.793: [ParNew: 5235K->5235K(6144K), 0.0000172 secs]2024-07-16T17:10:21.124+0800: 7.793: [CMS2024-07-16T17:10:21.124+0800: 7.793: [CMS-concurrent-abortable-preclean: 0.001/0.065 secs] [Times: user=0.00 sys=0.00, real=0.07 secs] 
 (concurrent mode failure): 12483K->2229K(13696K), 0.0026072 secs] 17719K->2229K(19840K), [Metaspace: 5078K->5078K(1056768K)], 0.0027010 secs] [Times: user=0.00 sys=0.00, real=0.00 secs] 
Heap after GC invocations=997 (full 116):
 par new generation   total 6144K, used 0K [0x00000000fec00000, 0x00000000ff2a0000, 0x00000000ff2a0000)
  eden space 5504K,   0% used [0x00000000fec00000, 0x00000000fec00000, 0x00000000ff160000)
  from space 640K,   0% used [0x00000000ff200000, 0x00000000ff200000, 0x00000000ff2a0000)
  to   space 640K,   0% used [0x00000000ff160000, 0x00000000ff160000, 0x00000000ff200000)
 concurrent mark-sweep generation total 13696K, used 2229K [0x00000000ff2a0000, 0x0000000100000000, 0x0000000100000000)
 Metaspace       used 5078K, capacity 5258K, committed 5504K, reserved 1056768K
  class space    used 557K, capacity 597K, committed 640K, reserved 1048576K
}
{Heap before GC invocations=997 (full 116):
 par new generation   total 6144K, used 5229K [0x00000000fec00000, 0x00000000ff2a0000, 0x00000000ff2a0000)
  eden space 5504K,  95% used [0x00000000fec00000, 0x00000000ff11b780, 0x00000000ff160000)
  from space 640K,   0% used [0x00000000ff200000, 0x00000000ff200000, 0x00000000ff2a0000)
  to   space 640K,   0% used [0x00000000ff160000, 0x00000000ff160000, 0x00000000ff200000)
 concurrent mark-sweep generation total 13696K, used 2229K [0x00000000ff2a0000, 0x0000000100000000, 0x0000000100000000)
 Metaspace       used 5078K, capacity 5258K, committed 5504K, reserved 1056768K
  class space    used 557K, capacity 597K, committed 640K, reserved 1048576K
2024-07-16T17:10:21.133+0800: 7.802: [GC (Allocation Failure) 2024-07-16T17:10:21.133+0800: 7.802: [ParNew: 5229K->8K(6144K), 0.0004778 secs] 7458K->3263K(19840K), 0.0005225 secs] [Times: user=0.00 sys=0.00, real=0.00 secs] 
Heap after GC invocations=998 (full 116):
 par new generation   total 6144K, used 8K [0x00000000fec00000, 0x00000000ff2a0000, 0x00000000ff2a0000)
  eden space 5504K,   0% used [0x00000000fec00000, 0x00000000fec00000, 0x00000000ff160000)
  from space 640K,   1% used [0x00000000ff160000, 0x00000000ff162040, 0x00000000ff200000)
  to   space 640K,   0% used [0x00000000ff200000, 0x00000000ff200000, 0x00000000ff2a0000)
 concurrent mark-sweep generation total 13696K, used 3255K [0x00000000ff2a0000, 0x0000000100000000, 0x0000000100000000)
 Metaspace       used 5078K, capacity 5258K, committed 5504K, reserved 1056768K
  class space    used 557K, capacity 597K, committed 640K, reserved 1048576K
}
{Heap before GC invocations=998 (full 116):
 par new generation   total 6144K, used 5237K [0x00000000fec00000, 0x00000000ff2a0000, 0x00000000ff2a0000)
  eden space 5504K,  95% used [0x00000000fec00000, 0x00000000ff11b780, 0x00000000ff160000)
  from space 640K,   1% used [0x00000000ff160000, 0x00000000ff162040, 0x00000000ff200000)
  to   space 640K,   0% used [0x00000000ff200000, 0x00000000ff200000, 0x00000000ff2a0000)
 concurrent mark-sweep generation total 13696K, used 3255K [0x00000000ff2a0000, 0x0000000100000000, 0x0000000100000000)
 Metaspace       used 5078K, capacity 5258K, committed 5504K, reserved 1056768K
  class space    used 557K, capacity 597K, committed 640K, reserved 1048576K
2024-07-16T17:10:21.139+0800: 7.808: [GC (Allocation Failure) 2024-07-16T17:10:21.139+0800: 7.808: [ParNew: 5237K->6K(6144K), 0.0004317 secs] 8493K->4287K(19840K), 0.0005467 secs] [Times: user=0.00 sys=0.00, real=0.00 secs] 
Heap after GC invocations=999 (full 116):
 par new generation   total 6144K, used 6K [0x00000000fec00000, 0x00000000ff2a0000, 0x00000000ff2a0000)
  eden space 5504K,   0% used [0x00000000fec00000, 0x00000000fec00000, 0x00000000ff160000)
  from space 640K,   0% used [0x00000000ff200000, 0x00000000ff201830, 0x00000000ff2a0000)
  to   space 640K,   0% used [0x00000000ff160000, 0x00000000ff160000, 0x00000000ff200000)
 concurrent mark-sweep generation total 13696K, used 4281K [0x00000000ff2a0000, 0x0000000100000000, 0x0000000100000000)
 Metaspace       used 5078K, capacity 5258K, committed 5504K, reserved 1056768K
  class space    used 557K, capacity 597K, committed 640K, reserved 1048576K
}
{Heap before GC invocations=999 (full 116):
 par new generation   total 6144K, used 5235K [0x00000000fec00000, 0x00000000ff2a0000, 0x00000000ff2a0000)
  eden space 5504K,  95% used [0x00000000fec00000, 0x00000000ff11b780, 0x00000000ff160000)
  from space 640K,   0% used [0x00000000ff200000, 0x00000000ff201830, 0x00000000ff2a0000)
  to   space 640K,   0% used [0x00000000ff160000, 0x00000000ff160000, 0x00000000ff200000)
 concurrent mark-sweep generation total 13696K, used 4281K [0x00000000ff2a0000, 0x0000000100000000, 0x0000000100000000)
 Metaspace       used 5078K, capacity 5258K, committed 5504K, reserved 1056768K
  class space    used 557K, capacity 597K, committed 640K, reserved 1048576K
2024-07-16T17:10:21.146+0800: 7.815: [GC (Allocation Failure) 2024-07-16T17:10:21.146+0800: 7.815: [ParNew: 5235K->2K(6144K), 0.0003035 secs] 9517K->4283K(19840K), 0.0003614 secs] [Times: user=0.00 sys=0.00, real=0.00 secs] 
Heap after GC invocations=1000 (full 116):
 par new generation   total 6144K, used 2K [0x00000000fec00000, 0x00000000ff2a0000, 0x00000000ff2a0000)
  eden space 5504K,   0% used [0x00000000fec00000, 0x00000000fec00000, 0x00000000ff160000)
  from space 640K,   0% used [0x00000000ff160000, 0x00000000ff160810, 0x00000000ff200000)
  to   space 640K,   0% used [0x00000000ff200000, 0x00000000ff200000, 0x00000000ff2a0000)
 concurrent mark-sweep generation total 13696K, used 4281K [0x00000000ff2a0000, 0x0000000100000000, 0x0000000100000000)
 Metaspace       used 5078K, capacity 5258K, committed 5504K, reserved 1056768K
  class space    used 557K, capacity 597K, committed 640K, reserved 1048576K
}
{Heap before GC invocations=1000 (full 116):
 par new generation   total 6144K, used 5231K [0x00000000fec00000, 0x00000000ff2a0000, 0x00000000ff2a0000)
  eden space 5504K,  95% used [0x00000000fec00000, 0x00000000ff11b780, 0x00000000ff160000)
  from space 640K,   0% used [0x00000000ff160000, 0x00000000ff160810, 0x00000000ff200000)
  to   space 640K,   0% used [0x00000000ff200000, 0x00000000ff200000, 0x00000000ff2a0000)
 concurrent mark-sweep generation total 13696K, used 4281K [0x00000000ff2a0000, 0x0000000100000000, 0x0000000100000000)
 Metaspace       used 5078K, capacity 5258K, committed 5504K, reserved 1056768K
  class space    used 557K, capacity 597K, committed 640K, reserved 1048576K
2024-07-16T17:10:21.153+0800: 7.822: [GC (Allocation Failure) 2024-07-16T17:10:21.153+0800: 7.822: [ParNew: 5231K->4K(6144K), 0.0003125 secs] 9513K->4285K(19840K), 0.0004343 secs] [Times: user=0.00 sys=0.00, real=0.00 secs] 
Heap after GC invocations=1001 (full 116):
 par new generation   total 6144K, used 4K [0x00000000fec00000, 0x00000000ff2a0000, 0x00000000ff2a0000)
  eden space 5504K,   0% used [0x00000000fec00000, 0x00000000fec00000, 0x00000000ff160000)
  from space 640K,   0% used [0x00000000ff200000, 0x00000000ff201020, 0x00000000ff2a0000)
  to   space 640K,   0% used [0x00000000ff160000, 0x00000000ff160000, 0x00000000ff200000)
 concurrent mark-sweep generation total 13696K, used 4281K [0x00000000ff2a0000, 0x0000000100000000, 0x0000000100000000)
 Metaspace       used 5078K, capacity 5258K, committed 5504K, reserved 1056768K
  class space    used 557K, capacity 597K, committed 640K, reserved 1048576K
}
{Heap before GC invocations=1001 (full 116):
 par new generation   total 6144K, used 5233K [0x00000000fec00000, 0x00000000ff2a0000, 0x00000000ff2a0000)
  eden space 5504K,  95% used [0x00000000fec00000, 0x00000000ff11b780, 0x00000000ff160000)
  from space 640K,   0% used [0x00000000ff200000, 0x00000000ff201020, 0x00000000ff2a0000)
  to   space 640K,   0% used [0x00000000ff160000, 0x00000000ff160000, 0x00000000ff200000)
 concurrent mark-sweep generation total 13696K, used 4281K [0x00000000ff2a0000, 0x0000000100000000, 0x0000000100000000)
 Metaspace       used 5078K, capacity 5258K, committed 5504K, reserved 1056768K
  class space    used 557K, capacity 597K, committed 640K, reserved 1048576K
2024-07-16T17:10:21.160+0800: 7.829: [GC (Allocation Failure) 2024-07-16T17:10:21.160+0800: 7.829: [ParNew: 5233K->4K(6144K), 0.0004297 secs] 9515K->4285K(19840K), 0.0004911 secs] [Times: user=0.00 sys=0.00, real=0.00 secs] 
Heap after GC invocations=1002 (full 116):
 par new generation   total 6144K, used 4K [0x00000000fec00000, 0x00000000ff2a0000, 0x00000000ff2a0000)
  eden space 5504K,   0% used [0x00000000fec00000, 0x00000000fec00000, 0x00000000ff160000)
  from space 640K,   0% used [0x00000000ff160000, 0x00000000ff161020, 0x00000000ff200000)
  to   space 640K,   0% used [0x00000000ff200000, 0x00000000ff200000, 0x00000000ff2a0000)
 concurrent mark-sweep generation total 13696K, used 4281K [0x00000000ff2a0000, 0x0000000100000000, 0x0000000100000000)
 Metaspace       used 5078K, capacity 5258K, committed 5504K, reserved 1056768K
  class space    used 557K, capacity 597K, committed 640K, reserved 1048576K
}
{Heap before GC invocations=1002 (full 116):
 par new generation   total 6144K, used 5233K [0x00000000fec00000, 0x00000000ff2a0000, 0x00000000ff2a0000)
  eden space 5504K,  95% used [0x00000000fec00000, 0x00000000ff11b780, 0x00000000ff160000)
  from space 640K,   0% used [0x00000000ff160000, 0x00000000ff161020, 0x00000000ff200000)
  to   space 640K,   0% used [0x00000000ff200000, 0x00000000ff200000, 0x00000000ff2a0000)
 concurrent mark-sweep generation total 13696K, used 4281K [0x00000000ff2a0000, 0x0000000100000000, 0x0000000100000000)
 Metaspace       used 5078K, capacity 5258K, committed 5504K, reserved 1056768K
  class space    used 557K, capacity 597K, committed 640K, reserved 1048576K
2024-07-16T17:10:21.168+0800: 7.837: [GC (Allocation Failure) 2024-07-16T17:10:21.168+0800: 7.837: [ParNew: 5233K->4K(6144K), 0.0002960 secs] 9515K->4285K(19840K), 0.0003529 secs] [Times: user=0.00 sys=0.00, real=0.00 secs] 
Heap after GC invocations=1003 (full 116):
 par new generation   total 6144K, used 4K [0x00000000fec00000, 0x00000000ff2a0000, 0x00000000ff2a0000)
  eden space 5504K,   0% used [0x00000000fec00000, 0x00000000fec00000, 0x00000000ff160000)
  from space 640K,   0% used [0x00000000ff200000, 0x00000000ff201020, 0x00000000ff2a0000)
  to   space 640K,   0% used [0x00000000ff160000, 0x00000000ff160000, 0x00000000ff200000)
 concurrent mark-sweep generation total 13696K, used 4281K [0x00000000ff2a0000, 0x0000000100000000, 0x0000000100000000)
 Metaspace       used 5078K, capacity 5258K, committed 5504K, reserved 1056768K
  class space    used 557K, capacity 597K, committed 640K, reserved 1048576K
}
{Heap before GC invocations=1003 (full 116):
 par new generation   total 6144K, used 5233K [0x00000000fec00000, 0x00000000ff2a0000, 0x00000000ff2a0000)
  eden space 5504K,  95% used [0x00000000fec00000, 0x00000000ff11b780, 0x00000000ff160000)
  from space 640K,   0% used [0x00000000ff200000, 0x00000000ff201020, 0x00000000ff2a0000)
  to   space 640K,   0% used [0x00000000ff160000, 0x00000000ff160000, 0x00000000ff200000)
 concurrent mark-sweep generation total 13696K, used 4281K [0x00000000ff2a0000, 0x0000000100000000, 0x0000000100000000)
 Metaspace       used 5078K, capacity 5258K, committed 5504K, reserved 1056768K
  class space    used 557K, capacity 597K, committed 640K, reserved 1048576K
2024-07-16T17:10:21.174+0800: 7.843: [GC (Allocation Failure) 2024-07-16T17:10:21.174+0800: 7.843: [ParNew: 5233K->6K(6144K), 0.0004335 secs] 9515K->5313K(19840K), 0.0005424 secs] [Times: user=0.00 sys=0.00, real=0.00 secs] 
Heap after GC invocations=1004 (full 116):
 par new generation   total 6144K, used 6K [0x00000000fec00000, 0x00000000ff2a0000, 0x00000000ff2a0000)
  eden space 5504K,   0% used [0x00000000fec00000, 0x00000000fec00000, 0x00000000ff160000)
  from space 640K,   0% used [0x00000000ff160000, 0x00000000ff161830, 0x00000000ff200000)
  to   space 640K,   0% used [0x00000000ff200000, 0x00000000ff200000, 0x00000000ff2a0000)
 concurrent mark-sweep generation total 13696K, used 5307K [0x00000000ff2a0000, 0x0000000100000000, 0x0000000100000000)
 Metaspace       used 5078K, capacity 5258K, committed 5504K, reserved 1056768K
  class space    used 557K, capacity 597K, committed 640K, reserved 1048576K
}
{Heap before GC invocations=1004 (full 116):
 par new generation   total 6144K, used 5235K [0x00000000fec00000, 0x00000000ff2a0000, 0x00000000ff2a0000)
  eden space 5504K,  95% used [0x00000000fec00000, 0x00000000ff11b780, 0x00000000ff160000)
  from space 640K,   0% used [0x00000000ff160000, 0x00000000ff161830, 0x00000000ff200000)
  to   space 640K,   0% used [0x00000000ff200000, 0x00000000ff200000, 0x00000000ff2a0000)
 concurrent mark-sweep generation total 13696K, used 5307K [0x00000000ff2a0000, 0x0000000100000000, 0x0000000100000000)
 Metaspace       used 5078K, capacity 5258K, committed 5504K, reserved 1056768K
  class space    used 557K, capacity 597K, committed 640K, reserved 1048576K
2024-07-16T17:10:21.183+0800: 7.852: [GC (Allocation Failure) 2024-07-16T17:10:21.183+0800: 7.852: [ParNew: 5235K->4K(6144K), 0.0003282 secs] 10543K->5311K(19840K), 0.0003775 secs] [Times: user=0.00 sys=0.00, real=0.00 secs] 
Heap after GC invocations=1005 (full 116):
 par new generation   total 6144K, used 4K [0x00000000fec00000, 0x00000000ff2a0000, 0x00000000ff2a0000)
  eden space 5504K,   0% used [0x00000000fec00000, 0x00000000fec00000, 0x00000000ff160000)
  from space 640K,   0% used [0x00000000ff200000, 0x00000000ff201020, 0x00000000ff2a0000)
  to   space 640K,   0% used [0x00000000ff160000, 0x00000000ff160000, 0x00000000ff200000)
 concurrent mark-sweep generation total 13696K, used 5307K [0x00000000ff2a0000, 0x0000000100000000, 0x0000000100000000)
 Metaspace       used 5078K, capacity 5258K, committed 5504K, reserved 1056768K
  class space    used 557K, capacity 597K, committed 640K, reserved 1048576K
}
{Heap before GC invocations=1005 (full 116):
 par new generation   total 6144K, used 5233K [0x00000000fec00000, 0x00000000ff2a0000, 0x00000000ff2a0000)
  eden space 5504K,  95% used [0x00000000fec00000, 0x00000000ff11b780, 0x00000000ff160000)
  from space 640K,   0% used [0x00000000ff200000, 0x00000000ff201020, 0x00000000ff2a0000)
  to   space 640K,   0% used [0x00000000ff160000, 0x00000000ff160000, 0x00000000ff200000)
 concurrent mark-sweep generation total 13696K, used 5307K [0x00000000ff2a0000, 0x0000000100000000, 0x0000000100000000)
 Metaspace       used 5078K, capacity 5258K, committed 5504K, reserved 1056768K
  class space    used 557K, capacity 597K, committed 640K, reserved 1048576K
2024-07-16T17:10:21.189+0800: 7.858: [GC (Allocation Failure) 2024-07-16T17:10:21.189+0800: 7.858: [ParNew: 5233K->8K(6144K), 0.0004160 secs] 10541K->6339K(19840K), 0.0005086 secs] [Times: user=0.00 sys=0.00, real=0.00 secs] 
Heap after GC invocations=1006 (full 116):
 par new generation   total 6144K, used 8K [0x00000000fec00000, 0x00000000ff2a0000, 0x00000000ff2a0000)
  eden space 5504K,   0% used [0x00000000fec00000, 0x00000000fec00000, 0x00000000ff160000)
  from space 640K,   1% used [0x00000000ff160000, 0x00000000ff162040, 0x00000000ff200000)
  to   space 640K,   0% used [0x00000000ff200000, 0x00000000ff200000, 0x00000000ff2a0000)
 concurrent mark-sweep generation total 13696K, used 6331K [0x00000000ff2a0000, 0x0000000100000000, 0x0000000100000000)
 Metaspace       used 5078K, capacity 5258K, committed 5504K, reserved 1056768K
  class space    used 557K, capacity 597K, committed 640K, reserved 1048576K
}
{Heap before GC invocations=1006 (full 116):
 par new generation   total 6144K, used 5237K [0x00000000fec00000, 0x00000000ff2a0000, 0x00000000ff2a0000)
  eden space 5504K,  95% used [0x00000000fec00000, 0x00000000ff11b780, 0x00000000ff160000)
  from space 640K,   1% used [0x00000000ff160000, 0x00000000ff162040, 0x00000000ff200000)
  to   space 640K,   0% used [0x00000000ff200000, 0x00000000ff200000, 0x00000000ff2a0000)
 concurrent mark-sweep generation total 13696K, used 6331K [0x00000000ff2a0000, 0x0000000100000000, 0x0000000100000000)
 Metaspace       used 5078K, capacity 5258K, committed 5504K, reserved 1056768K
  class space    used 557K, capacity 597K, committed 640K, reserved 1048576K
2024-07-16T17:10:21.198+0800: 7.867: [GC (Allocation Failure) 2024-07-16T17:10:21.198+0800: 7.867: [ParNew: 5237K->4K(6144K), 0.0003957 secs] 11569K->6335K(19840K), 0.0007278 secs] [Times: user=0.00 sys=0.00, real=0.00 secs] 
Heap after GC invocations=1007 (full 116):
 par new generation   total 6144K, used 4K [0x00000000fec00000, 0x00000000ff2a0000, 0x00000000ff2a0000)
  eden space 5504K,   0% used [0x00000000fec00000, 0x00000000fec00000, 0x00000000ff160000)
  from space 640K,   0% used [0x00000000ff200000, 0x00000000ff201020, 0x00000000ff2a0000)
  to   space 640K,   0% used [0x00000000ff160000, 0x00000000ff160000, 0x00000000ff200000)
 concurrent mark-sweep generation total 13696K, used 6331K [0x00000000ff2a0000, 0x0000000100000000, 0x0000000100000000)
 Metaspace       used 5078K, capacity 5258K, committed 5504K, reserved 1056768K
  class space    used 557K, capacity 597K, committed 640K, reserved 1048576K
}
{Heap before GC invocations=1007 (full 116):
 par new generation   total 6144K, used 5233K [0x00000000fec00000, 0x00000000ff2a0000, 0x00000000ff2a0000)
  eden space 5504K,  95% used [0x00000000fec00000, 0x00000000ff11b780, 0x00000000ff160000)
  from space 640K,   0% used [0x00000000ff200000, 0x00000000ff201020, 0x00000000ff2a0000)
  to   space 640K,   0% used [0x00000000ff160000, 0x00000000ff160000, 0x00000000ff200000)
 concurrent mark-sweep generation total 13696K, used 6331K [0x00000000ff2a0000, 0x0000000100000000, 0x0000000100000000)
 Metaspace       used 5078K, capacity 5258K, committed 5504K, reserved 1056768K
  class space    used 557K, capacity 597K, committed 640K, reserved 1048576K
2024-07-16T17:10:21.207+0800: 7.876: [GC (Allocation Failure) 2024-07-16T17:10:21.207+0800: 7.876: [ParNew: 5233K->6K(6144K), 0.0008067 secs] 11565K->7363K(19840K), 0.0008936 secs] [Times: user=0.00 sys=0.00, real=0.00 secs] 
Heap after GC invocations=1008 (full 116):
 par new generation   total 6144K, used 6K [0x00000000fec00000, 0x00000000ff2a0000, 0x00000000ff2a0000)
  eden space 5504K,   0% used [0x00000000fec00000, 0x00000000fec00000, 0x00000000ff160000)
  from space 640K,   0% used [0x00000000ff160000, 0x00000000ff161830, 0x00000000ff200000)
  to   space 640K,   0% used [0x00000000ff200000, 0x00000000ff200000, 0x00000000ff2a0000)
 concurrent mark-sweep generation total 13696K, used 7357K [0x00000000ff2a0000, 0x0000000100000000, 0x0000000100000000)
 Metaspace       used 5078K, capacity 5258K, committed 5504K, reserved 1056768K
  class space    used 557K, capacity 597K, committed 640K, reserved 1048576K
}
2024-07-16T17:10:21.208+0800: 7.877: [GC (CMS Initial Mark) [1 CMS-initial-mark: 7357K(13696K)] 8389K(19840K), 0.0003298 secs] [Times: user=0.00 sys=0.00, real=0.00 secs] 
2024-07-16T17:10:21.208+0800: 7.877: [CMS-concurrent-mark-start]
2024-07-16T17:10:21.210+0800: 7.879: [CMS-concurrent-mark: 0.002/0.002 secs] [Times: user=0.00 sys=0.00, real=0.00 secs] 
2024-07-16T17:10:21.210+0800: 7.879: [CMS-concurrent-preclean-start]
2024-07-16T17:10:21.210+0800: 7.879: [CMS-concurrent-preclean: 0.000/0.000 secs] [Times: user=0.00 sys=0.00, real=0.00 secs] 
2024-07-16T17:10:21.210+0800: 7.879: [CMS-concurrent-abortable-preclean-start]
{Heap before GC invocations=1008 (full 117):
 par new generation   total 6144K, used 5235K [0x00000000fec00000, 0x00000000ff2a0000, 0x00000000ff2a0000)
  eden space 5504K,  95% used [0x00000000fec00000, 0x00000000ff11b780, 0x00000000ff160000)
  from space 640K,   0% used [0x00000000ff160000, 0x00000000ff161830, 0x00000000ff200000)
  to   space 640K,   0% used [0x00000000ff200000, 0x00000000ff200000, 0x00000000ff2a0000)
 concurrent mark-sweep generation total 13696K, used 7357K [0x00000000ff2a0000, 0x0000000100000000, 0x0000000100000000)
 Metaspace       used 5078K, capacity 5258K, committed 5504K, reserved 1056768K
  class space    used 557K, capacity 597K, committed 640K, reserved 1048576K
2024-07-16T17:10:21.215+0800: 7.884: [GC (Allocation Failure) 2024-07-16T17:10:21.215+0800: 7.884: [ParNew: 5235K->8K(6144K), 0.0005108 secs] 12593K->8389K(19840K), 0.0005847 secs] [Times: user=0.00 sys=0.00, real=0.00 secs] 
Heap after GC invocations=1009 (full 117):
 par new generation   total 6144K, used 8K [0x00000000fec00000, 0x00000000ff2a0000, 0x00000000ff2a0000)
  eden space 5504K,   0% used [0x00000000fec00000, 0x00000000fec00000, 0x00000000ff160000)
  from space 640K,   1% used [0x00000000ff200000, 0x00000000ff202040, 0x00000000ff2a0000)
  to   space 640K,   0% used [0x00000000ff160000, 0x00000000ff160000, 0x00000000ff200000)
 concurrent mark-sweep generation total 13696K, used 8381K [0x00000000ff2a0000, 0x0000000100000000, 0x0000000100000000)
 Metaspace       used 5078K, capacity 5258K, committed 5504K, reserved 1056768K
  class space    used 557K, capacity 597K, committed 640K, reserved 1048576K
}
{Heap before GC invocations=1009 (full 117):
 par new generation   total 6144K, used 5237K [0x00000000fec00000, 0x00000000ff2a0000, 0x00000000ff2a0000)
  eden space 5504K,  95% used [0x00000000fec00000, 0x00000000ff11b780, 0x00000000ff160000)
  from space 640K,   1% used [0x00000000ff200000, 0x00000000ff202040, 0x00000000ff2a0000)
  to   space 640K,   0% used [0x00000000ff160000, 0x00000000ff160000, 0x00000000ff200000)
 concurrent mark-sweep generation total 13696K, used 8381K [0x00000000ff2a0000, 0x0000000100000000, 0x0000000100000000)
 Metaspace       used 5078K, capacity 5258K, committed 5504K, reserved 1056768K
  class space    used 557K, capacity 597K, committed 640K, reserved 1048576K
2024-07-16T17:10:21.223+0800: 7.892: [GC (Allocation Failure) 2024-07-16T17:10:21.223+0800: 7.892: [ParNew: 5237K->4K(6144K), 0.0003041 secs] 13619K->8385K(19840K), 0.0003704 secs] [Times: user=0.00 sys=0.00, real=0.00 secs] 
Heap after GC invocations=1010 (full 117):
 par new generation   total 6144K, used 4K [0x00000000fec00000, 0x00000000ff2a0000, 0x00000000ff2a0000)
  eden space 5504K,   0% used [0x00000000fec00000, 0x00000000fec00000, 0x00000000ff160000)
  from space 640K,   0% used [0x00000000ff160000, 0x00000000ff161020, 0x00000000ff200000)
  to   space 640K,   0% used [0x00000000ff200000, 0x00000000ff200000, 0x00000000ff2a0000)
 concurrent mark-sweep generation total 13696K, used 8381K [0x00000000ff2a0000, 0x0000000100000000, 0x0000000100000000)
 Metaspace       used 5078K, capacity 5258K, committed 5504K, reserved 1056768K
  class space    used 557K, capacity 597K, committed 640K, reserved 1048576K
}
{Heap before GC invocations=1010 (full 117):
 par new generation   total 6144K, used 5233K [0x00000000fec00000, 0x00000000ff2a0000, 0x00000000ff2a0000)
  eden space 5504K,  95% used [0x00000000fec00000, 0x00000000ff11b780, 0x00000000ff160000)
  from space 640K,   0% used [0x00000000ff160000, 0x00000000ff161020, 0x00000000ff200000)
  to   space 640K,   0% used [0x00000000ff200000, 0x00000000ff200000, 0x00000000ff2a0000)
 concurrent mark-sweep generation total 13696K, used 8381K [0x00000000ff2a0000, 0x0000000100000000, 0x0000000100000000)
 Metaspace       used 5078K, capacity 5258K, committed 5504K, reserved 1056768K
  class space    used 557K, capacity 597K, committed 640K, reserved 1048576K
2024-07-16T17:10:21.230+0800: 7.899: [GC (Allocation Failure) 2024-07-16T17:10:21.230+0800: 7.899: [ParNew: 5233K->4K(6144K), 0.0003508 secs] 13615K->8385K(19840K), 0.0004665 secs] [Times: user=0.00 sys=0.00, real=0.00 secs] 
Heap after GC invocations=1011 (full 117):
 par new generation   total 6144K, used 4K [0x00000000fec00000, 0x00000000ff2a0000, 0x00000000ff2a0000)
  eden space 5504K,   0% used [0x00000000fec00000, 0x00000000fec00000, 0x00000000ff160000)
  from space 640K,   0% used [0x00000000ff200000, 0x00000000ff201020, 0x00000000ff2a0000)
  to   space 640K,   0% used [0x00000000ff160000, 0x00000000ff160000, 0x00000000ff200000)
 concurrent mark-sweep generation total 13696K, used 8381K [0x00000000ff2a0000, 0x0000000100000000, 0x0000000100000000)
 Metaspace       used 5078K, capacity 5258K, committed 5504K, reserved 1056768K
  class space    used 557K, capacity 597K, committed 640K, reserved 1048576K
}
{Heap before GC invocations=1011 (full 117):
 par new generation   total 6144K, used 5233K [0x00000000fec00000, 0x00000000ff2a0000, 0x00000000ff2a0000)
  eden space 5504K,  95% used [0x00000000fec00000, 0x00000000ff11b780, 0x00000000ff160000)
  from space 640K,   0% used [0x00000000ff200000, 0x00000000ff201020, 0x00000000ff2a0000)
  to   space 640K,   0% used [0x00000000ff160000, 0x00000000ff160000, 0x00000000ff200000)
 concurrent mark-sweep generation total 13696K, used 8381K [0x00000000ff2a0000, 0x0000000100000000, 0x0000000100000000)
 Metaspace       used 5078K, capacity 5258K, committed 5504K, reserved 1056768K
  class space    used 557K, capacity 597K, committed 640K, reserved 1048576K
2024-07-16T17:10:21.237+0800: 7.906: [GC (Allocation Failure) 2024-07-16T17:10:21.237+0800: 7.906: [ParNew: 5233K->6K(6144K), 0.0004374 secs] 13615K->9413K(19840K), 0.0004915 secs] [Times: user=0.00 sys=0.00, real=0.00 secs] 
Heap after GC invocations=1012 (full 117):
 par new generation   total 6144K, used 6K [0x00000000fec00000, 0x00000000ff2a0000, 0x00000000ff2a0000)
  eden space 5504K,   0% used [0x00000000fec00000, 0x00000000fec00000, 0x00000000ff160000)
  from space 640K,   0% used [0x00000000ff160000, 0x00000000ff161830, 0x00000000ff200000)
  to   space 640K,   0% used [0x00000000ff200000, 0x00000000ff200000, 0x00000000ff2a0000)
 concurrent mark-sweep generation total 13696K, used 9407K [0x00000000ff2a0000, 0x0000000100000000, 0x0000000100000000)
 Metaspace       used 5078K, capacity 5258K, committed 5504K, reserved 1056768K
  class space    used 557K, capacity 597K, committed 640K, reserved 1048576K
}
{Heap before GC invocations=1012 (full 117):
 par new generation   total 6144K, used 5235K [0x00000000fec00000, 0x00000000ff2a0000, 0x00000000ff2a0000)
  eden space 5504K,  95% used [0x00000000fec00000, 0x00000000ff11b780, 0x00000000ff160000)
  from space 640K,   0% used [0x00000000ff160000, 0x00000000ff161830, 0x00000000ff200000)
  to   space 640K,   0% used [0x00000000ff200000, 0x00000000ff200000, 0x00000000ff2a0000)
 concurrent mark-sweep generation total 13696K, used 9407K [0x00000000ff2a0000, 0x0000000100000000, 0x0000000100000000)
 Metaspace       used 5078K, capacity 5258K, committed 5504K, reserved 1056768K
  class space    used 557K, capacity 597K, committed 640K, reserved 1048576K
2024-07-16T17:10:21.244+0800: 7.913: [GC (Allocation Failure) 2024-07-16T17:10:21.244+0800: 7.913: [ParNew: 5235K->4K(6144K), 0.0004238 secs] 14643K->9411K(19840K), 0.0004847 secs] [Times: user=0.00 sys=0.00, real=0.00 secs] 
Heap after GC invocations=1013 (full 117):
 par new generation   total 6144K, used 4K [0x00000000fec00000, 0x00000000ff2a0000, 0x00000000ff2a0000)
  eden space 5504K,   0% used [0x00000000fec00000, 0x00000000fec00000, 0x00000000ff160000)
  from space 640K,   0% used [0x00000000ff200000, 0x00000000ff201020, 0x00000000ff2a0000)
  to   space 640K,   0% used [0x00000000ff160000, 0x00000000ff160000, 0x00000000ff200000)
 concurrent mark-sweep generation total 13696K, used 9407K [0x00000000ff2a0000, 0x0000000100000000, 0x0000000100000000)
 Metaspace       used 5078K, capacity 5258K, committed 5504K, reserved 1056768K
  class space    used 557K, capacity 597K, committed 640K, reserved 1048576K
}
{Heap before GC invocations=1013 (full 117):
 par new generation   total 6144K, used 5233K [0x00000000fec00000, 0x00000000ff2a0000, 0x00000000ff2a0000)
  eden space 5504K,  95% used [0x00000000fec00000, 0x00000000ff11b780, 0x00000000ff160000)
  from space 640K,   0% used [0x00000000ff200000, 0x00000000ff201020, 0x00000000ff2a0000)
  to   space 640K,   0% used [0x00000000ff160000, 0x00000000ff160000, 0x00000000ff200000)
 concurrent mark-sweep generation total 13696K, used 9407K [0x00000000ff2a0000, 0x0000000100000000, 0x0000000100000000)
 Metaspace       used 5078K, capacity 5258K, committed 5504K, reserved 1056768K
  class space    used 557K, capacity 597K, committed 640K, reserved 1048576K
2024-07-16T17:10:21.251+0800: 7.920: [GC (Allocation Failure) 2024-07-16T17:10:21.251+0800: 7.920: [ParNew: 5233K->4K(6144K), 0.0002992 secs] 14641K->9411K(19840K), 0.0003575 secs] [Times: user=0.00 sys=0.00, real=0.00 secs] 
Heap after GC invocations=1014 (full 117):
 par new generation   total 6144K, used 4K [0x00000000fec00000, 0x00000000ff2a0000, 0x00000000ff2a0000)
  eden space 5504K,   0% used [0x00000000fec00000, 0x00000000fec00000, 0x00000000ff160000)
  from space 640K,   0% used [0x00000000ff160000, 0x00000000ff161020, 0x00000000ff200000)
  to   space 640K,   0% used [0x00000000ff200000, 0x00000000ff200000, 0x00000000ff2a0000)
 concurrent mark-sweep generation total 13696K, used 9407K [0x00000000ff2a0000, 0x0000000100000000, 0x0000000100000000)
 Metaspace       used 5078K, capacity 5258K, committed 5504K, reserved 1056768K
  class space    used 557K, capacity 597K, committed 640K, reserved 1048576K
}
{Heap before GC invocations=1014 (full 117):
 par new generation   total 6144K, used 5233K [0x00000000fec00000, 0x00000000ff2a0000, 0x00000000ff2a0000)
  eden space 5504K,  95% used [0x00000000fec00000, 0x00000000ff11b780, 0x00000000ff160000)
  from space 640K,   0% used [0x00000000ff160000, 0x00000000ff161020, 0x00000000ff200000)
  to   space 640K,   0% used [0x00000000ff200000, 0x00000000ff200000, 0x00000000ff2a0000)
 concurrent mark-sweep generation total 13696K, used 9407K [0x00000000ff2a0000, 0x0000000100000000, 0x0000000100000000)
 Metaspace       used 5078K, capacity 5258K, committed 5504K, reserved 1056768K
  class space    used 557K, capacity 597K, committed 640K, reserved 1048576K
2024-07-16T17:10:21.258+0800: 7.926: [GC (Allocation Failure) 2024-07-16T17:10:21.258+0800: 7.926: [ParNew: 5233K->6K(6144K), 0.0004906 secs] 14641K->10439K(19840K), 0.0005486 secs] [Times: user=0.00 sys=0.00, real=0.00 secs] 
Heap after GC invocations=1015 (full 117):
 par new generation   total 6144K, used 6K [0x00000000fec00000, 0x00000000ff2a0000, 0x00000000ff2a0000)
  eden space 5504K,   0% used [0x00000000fec00000, 0x00000000fec00000, 0x00000000ff160000)
  from space 640K,   0% used [0x00000000ff200000, 0x00000000ff201830, 0x00000000ff2a0000)
  to   space 640K,   0% used [0x00000000ff160000, 0x00000000ff160000, 0x00000000ff200000)
 concurrent mark-sweep generation total 13696K, used 10433K [0x00000000ff2a0000, 0x0000000100000000, 0x0000000100000000)
 Metaspace       used 5078K, capacity 5258K, committed 5504K, reserved 1056768K
  class space    used 557K, capacity 597K, committed 640K, reserved 1048576K
}
{Heap before GC invocations=1015 (full 117):
 par new generation   total 6144K, used 5235K [0x00000000fec00000, 0x00000000ff2a0000, 0x00000000ff2a0000)
  eden space 5504K,  95% used [0x00000000fec00000, 0x00000000ff11b780, 0x00000000ff160000)
  from space 640K,   0% used [0x00000000ff200000, 0x00000000ff201830, 0x00000000ff2a0000)
  to   space 640K,   0% used [0x00000000ff160000, 0x00000000ff160000, 0x00000000ff200000)
 concurrent mark-sweep generation total 13696K, used 10433K [0x00000000ff2a0000, 0x0000000100000000, 0x0000000100000000)
 Metaspace       used 5078K, capacity 5258K, committed 5504K, reserved 1056768K
  class space    used 557K, capacity 597K, committed 640K, reserved 1048576K
2024-07-16T17:10:21.265+0800: 7.933: [GC (Allocation Failure) 2024-07-16T17:10:21.265+0800: 7.933: [ParNew: 5235K->6K(6144K), 0.0004249 secs] 15669K->11463K(19840K), 0.0004991 secs] [Times: user=0.00 sys=0.00, real=0.00 secs] 
Heap after GC invocations=1016 (full 117):
 par new generation   total 6144K, used 6K [0x00000000fec00000, 0x00000000ff2a0000, 0x00000000ff2a0000)
  eden space 5504K,   0% used [0x00000000fec00000, 0x00000000fec00000, 0x00000000ff160000)
  from space 640K,   0% used [0x00000000ff160000, 0x00000000ff161830, 0x00000000ff200000)
  to   space 640K,   0% used [0x00000000ff200000, 0x00000000ff200000, 0x00000000ff2a0000)
 concurrent mark-sweep generation total 13696K, used 11457K [0x00000000ff2a0000, 0x0000000100000000, 0x0000000100000000)
 Metaspace       used 5078K, capacity 5258K, committed 5504K, reserved 1056768K
  class space    used 557K, capacity 597K, committed 640K, reserved 1048576K
}
{Heap before GC invocations=1016 (full 117):
 par new generation   total 6144K, used 5235K [0x00000000fec00000, 0x00000000ff2a0000, 0x00000000ff2a0000)
  eden space 5504K,  95% used [0x00000000fec00000, 0x00000000ff11b780, 0x00000000ff160000)
  from space 640K,   0% used [0x00000000ff160000, 0x00000000ff161830, 0x00000000ff200000)
  to   space 640K,   0% used [0x00000000ff200000, 0x00000000ff200000, 0x00000000ff2a0000)
 concurrent mark-sweep generation total 13696K, used 11457K [0x00000000ff2a0000, 0x0000000100000000, 0x0000000100000000)
 Metaspace       used 5078K, capacity 5258K, committed 5504K, reserved 1056768K
  class space    used 557K, capacity 597K, committed 640K, reserved 1048576K
2024-07-16T17:10:21.274+0800: 7.942: [GC (Allocation Failure) 2024-07-16T17:10:21.274+0800: 7.942: [ParNew: 5235K->4K(6144K), 0.0003420 secs] 16693K->11461K(19840K), 0.0003978 secs] [Times: user=0.00 sys=0.00, real=0.00 secs] 
Heap after GC invocations=1017 (full 117):
 par new generation   total 6144K, used 4K [0x00000000fec00000, 0x00000000ff2a0000, 0x00000000ff2a0000)
  eden space 5504K,   0% used [0x00000000fec00000, 0x00000000fec00000, 0x00000000ff160000)
  from space 640K,   0% used [0x00000000ff200000, 0x00000000ff201020, 0x00000000ff2a0000)
  to   space 640K,   0% used [0x00000000ff160000, 0x00000000ff160000, 0x00000000ff200000)
 concurrent mark-sweep generation total 13696K, used 11457K [0x00000000ff2a0000, 0x0000000100000000, 0x0000000100000000)
 Metaspace       used 5078K, capacity 5258K, committed 5504K, reserved 1056768K
  class space    used 557K, capacity 597K, committed 640K, reserved 1048576K
}
{Heap before GC invocations=1017 (full 117):
 par new generation   total 6144K, used 5233K [0x00000000fec00000, 0x00000000ff2a0000, 0x00000000ff2a0000)
  eden space 5504K,  95% used [0x00000000fec00000, 0x00000000ff11b780, 0x00000000ff160000)
  from space 640K,   0% used [0x00000000ff200000, 0x00000000ff201020, 0x00000000ff2a0000)
  to   space 640K,   0% used [0x00000000ff160000, 0x00000000ff160000, 0x00000000ff200000)
 concurrent mark-sweep generation total 13696K, used 11457K [0x00000000ff2a0000, 0x0000000100000000, 0x0000000100000000)
 Metaspace       used 5078K, capacity 5258K, committed 5504K, reserved 1056768K
  class space    used 557K, capacity 597K, committed 640K, reserved 1048576K
2024-07-16T17:10:21.281+0800: 7.949: [GC (Allocation Failure) 2024-07-16T17:10:21.281+0800: 7.949: [ParNew: 5233K->10K(6144K), 0.0004534 secs] 16691K->12493K(19840K), 0.0005244 secs] [Times: user=0.00 sys=0.00, real=0.00 secs] 
Heap after GC invocations=1018 (full 117):
 par new generation   total 6144K, used 10K [0x00000000fec00000, 0x00000000ff2a0000, 0x00000000ff2a0000)
  eden space 5504K,   0% used [0x00000000fec00000, 0x00000000fec00000, 0x00000000ff160000)
  from space 640K,   1% used [0x00000000ff160000, 0x00000000ff162850, 0x00000000ff200000)
  to   space 640K,   0% used [0x00000000ff200000, 0x00000000ff200000, 0x00000000ff2a0000)
 concurrent mark-sweep generation total 13696K, used 12483K [0x00000000ff2a0000, 0x0000000100000000, 0x0000000100000000)
 Metaspace       used 5078K, capacity 5258K, committed 5504K, reserved 1056768K
  class space    used 557K, capacity 597K, committed 640K, reserved 1048576K
}
{Heap before GC invocations=1018 (full 117):
 par new generation   total 6144K, used 5239K [0x00000000fec00000, 0x00000000ff2a0000, 0x00000000ff2a0000)
  eden space 5504K,  95% used [0x00000000fec00000, 0x00000000ff11b780, 0x00000000ff160000)
  from space 640K,   1% used [0x00000000ff160000, 0x00000000ff162850, 0x00000000ff200000)
  to   space 640K,   0% used [0x00000000ff200000, 0x00000000ff200000, 0x00000000ff2a0000)
 concurrent mark-sweep generation total 13696K, used 12483K [0x00000000ff2a0000, 0x0000000100000000, 0x0000000100000000)
 Metaspace       used 5078K, capacity 5258K, committed 5504K, reserved 1056768K
  class space    used 557K, capacity 597K, committed 640K, reserved 1048576K
2024-07-16T17:10:21.289+0800: 7.957: [GC (Allocation Failure) 2024-07-16T17:10:21.289+0800: 7.957: [ParNew: 5239K->5239K(6144K), 0.0000189 secs]2024-07-16T17:10:21.289+0800: 7.957: [CMS2024-07-16T17:10:21.289+0800: 7.957: [CMS-concurrent-abortable-preclean: 0.001/0.078 secs] [Times: user=0.00 sys=0.00, real=0.08 secs] 
 (concurrent mode failure): 12483K->1204K(13696K), 0.0026211 secs] 17723K->1204K(19840K), [Metaspace: 5078K->5078K(1056768K)], 0.0027135 secs] [Times: user=0.00 sys=0.00, real=0.00 secs] 
Heap after GC invocations=1019 (full 118):
 par new generation   total 6144K, used 0K [0x00000000fec00000, 0x00000000ff2a0000, 0x00000000ff2a0000)
  eden space 5504K,   0% used [0x00000000fec00000, 0x00000000fec00000, 0x00000000ff160000)
  from space 640K,   0% used [0x00000000ff160000, 0x00000000ff160000, 0x00000000ff200000)
  to   space 640K,   0% used [0x00000000ff200000, 0x00000000ff200000, 0x00000000ff2a0000)
 concurrent mark-sweep generation total 13696K, used 1204K [0x00000000ff2a0000, 0x0000000100000000, 0x0000000100000000)
 Metaspace       used 5078K, capacity 5258K, committed 5504K, reserved 1056768K
  class space    used 557K, capacity 597K, committed 640K, reserved 1048576K
}
{Heap before GC invocations=1019 (full 118):
 par new generation   total 6144K, used 5229K [0x00000000fec00000, 0x00000000ff2a0000, 0x00000000ff2a0000)
  eden space 5504K,  95% used [0x00000000fec00000, 0x00000000ff11b780, 0x00000000ff160000)
  from space 640K,   0% used [0x00000000ff160000, 0x00000000ff160000, 0x00000000ff200000)
  to   space 640K,   0% used [0x00000000ff200000, 0x00000000ff200000, 0x00000000ff2a0000)
 concurrent mark-sweep generation total 13696K, used 1204K [0x00000000ff2a0000, 0x0000000100000000, 0x0000000100000000)
 Metaspace       used 5078K, capacity 5258K, committed 5504K, reserved 1056768K
  class space    used 557K, capacity 597K, committed 640K, reserved 1048576K
2024-07-16T17:10:21.299+0800: 7.967: [GC (Allocation Failure) 2024-07-16T17:10:21.299+0800: 7.967: [ParNew: 5229K->6K(6144K), 0.0004298 secs] 6434K->2237K(19840K), 0.0004764 secs] [Times: user=0.00 sys=0.00, real=0.00 secs] 
Heap after GC invocations=1020 (full 118):
 par new generation   total 6144K, used 6K [0x00000000fec00000, 0x00000000ff2a0000, 0x00000000ff2a0000)
  eden space 5504K,   0% used [0x00000000fec00000, 0x00000000fec00000, 0x00000000ff160000)
  from space 640K,   0% used [0x00000000ff200000, 0x00000000ff201830, 0x00000000ff2a0000)
  to   space 640K,   0% used [0x00000000ff160000, 0x00000000ff160000, 0x00000000ff200000)
 concurrent mark-sweep generation total 13696K, used 2230K [0x00000000ff2a0000, 0x0000000100000000, 0x0000000100000000)
 Metaspace       used 5078K, capacity 5258K, committed 5504K, reserved 1056768K
  class space    used 557K, capacity 597K, committed 640K, reserved 1048576K
}
{Heap before GC invocations=1020 (full 118):
 par new generation   total 6144K, used 5235K [0x00000000fec00000, 0x00000000ff2a0000, 0x00000000ff2a0000)
  eden space 5504K,  95% used [0x00000000fec00000, 0x00000000ff11b780, 0x00000000ff160000)
  from space 640K,   0% used [0x00000000ff200000, 0x00000000ff201830, 0x00000000ff2a0000)
  to   space 640K,   0% used [0x00000000ff160000, 0x00000000ff160000, 0x00000000ff200000)
 concurrent mark-sweep generation total 13696K, used 2230K [0x00000000ff2a0000, 0x0000000100000000, 0x0000000100000000)
 Metaspace       used 5078K, capacity 5258K, committed 5504K, reserved 1056768K
  class space    used 557K, capacity 597K, committed 640K, reserved 1048576K
2024-07-16T17:10:21.306+0800: 7.974: [GC (Allocation Failure) 2024-07-16T17:10:21.306+0800: 7.974: [ParNew: 5235K->8K(6144K), 0.0003974 secs] 7466K->3265K(19840K), 0.0004420 secs] [Times: user=0.00 sys=0.00, real=0.00 secs] 
Heap after GC invocations=1021 (full 118):
 par new generation   total 6144K, used 8K [0x00000000fec00000, 0x00000000ff2a0000, 0x00000000ff2a0000)
  eden space 5504K,   0% used [0x00000000fec00000, 0x00000000fec00000, 0x00000000ff160000)
  from space 640K,   1% used [0x00000000ff160000, 0x00000000ff162040, 0x00000000ff200000)
  to   space 640K,   0% used [0x00000000ff200000, 0x00000000ff200000, 0x00000000ff2a0000)
 concurrent mark-sweep generation total 13696K, used 3257K [0x00000000ff2a0000, 0x0000000100000000, 0x0000000100000000)
 Metaspace       used 5078K, capacity 5258K, committed 5504K, reserved 1056768K
  class space    used 557K, capacity 597K, committed 640K, reserved 1048576K
}
{Heap before GC invocations=1021 (full 118):
 par new generation   total 6144K, used 5237K [0x00000000fec00000, 0x00000000ff2a0000, 0x00000000ff2a0000)
  eden space 5504K,  95% used [0x00000000fec00000, 0x00000000ff11b780, 0x00000000ff160000)
  from space 640K,   1% used [0x00000000ff160000, 0x00000000ff162040, 0x00000000ff200000)
  to   space 640K,   0% used [0x00000000ff200000, 0x00000000ff200000, 0x00000000ff2a0000)
 concurrent mark-sweep generation total 13696K, used 3257K [0x00000000ff2a0000, 0x0000000100000000, 0x0000000100000000)
 Metaspace       used 5078K, capacity 5258K, committed 5504K, reserved 1056768K
  class space    used 557K, capacity 597K, committed 640K, reserved 1048576K
2024-07-16T17:10:21.314+0800: 7.982: [GC (Allocation Failure) 2024-07-16T17:10:21.314+0800: 7.982: [ParNew: 5237K->4K(6144K), 0.0003372 secs] 8494K->3261K(19840K), 0.0003737 secs] [Times: user=0.00 sys=0.00, real=0.00 secs] 
Heap after GC invocations=1022 (full 118):
 par new generation   total 6144K, used 4K [0x00000000fec00000, 0x00000000ff2a0000, 0x00000000ff2a0000)
  eden space 5504K,   0% used [0x00000000fec00000, 0x00000000fec00000, 0x00000000ff160000)
  from space 640K,   0% used [0x00000000ff200000, 0x00000000ff201020, 0x00000000ff2a0000)
  to   space 640K,   0% used [0x00000000ff160000, 0x00000000ff160000, 0x00000000ff200000)
 concurrent mark-sweep generation total 13696K, used 3257K [0x00000000ff2a0000, 0x0000000100000000, 0x0000000100000000)
 Metaspace       used 5078K, capacity 5258K, committed 5504K, reserved 1056768K
  class space    used 557K, capacity 597K, committed 640K, reserved 1048576K
}
{Heap before GC invocations=1022 (full 118):
 par new generation   total 6144K, used 5233K [0x00000000fec00000, 0x00000000ff2a0000, 0x00000000ff2a0000)
  eden space 5504K,  95% used [0x00000000fec00000, 0x00000000ff11b780, 0x00000000ff160000)
  from space 640K,   0% used [0x00000000ff200000, 0x00000000ff201020, 0x00000000ff2a0000)
  to   space 640K,   0% used [0x00000000ff160000, 0x00000000ff160000, 0x00000000ff200000)
 concurrent mark-sweep generation total 13696K, used 3257K [0x00000000ff2a0000, 0x0000000100000000, 0x0000000100000000)
 Metaspace       used 5078K, capacity 5258K, committed 5504K, reserved 1056768K
  class space    used 557K, capacity 597K, committed 640K, reserved 1048576K
2024-07-16T17:10:21.320+0800: 7.988: [GC (Allocation Failure) 2024-07-16T17:10:21.320+0800: 7.988: [ParNew: 5233K->8K(6144K), 0.0004629 secs] 8490K->4291K(19840K), 0.0005223 secs] [Times: user=0.00 sys=0.00, real=0.00 secs] 
Heap after GC invocations=1023 (full 118):
 par new generation   total 6144K, used 8K [0x00000000fec00000, 0x00000000ff2a0000, 0x00000000ff2a0000)
  eden space 5504K,   0% used [0x00000000fec00000, 0x00000000fec00000, 0x00000000ff160000)
  from space 640K,   1% used [0x00000000ff160000, 0x00000000ff162040, 0x00000000ff200000)
  to   space 640K,   0% used [0x00000000ff200000, 0x00000000ff200000, 0x00000000ff2a0000)
 concurrent mark-sweep generation total 13696K, used 4283K [0x00000000ff2a0000, 0x0000000100000000, 0x0000000100000000)
 Metaspace       used 5078K, capacity 5258K, committed 5504K, reserved 1056768K
  class space    used 557K, capacity 597K, committed 640K, reserved 1048576K
}
{Heap before GC invocations=1023 (full 118):
 par new generation   total 6144K, used 5237K [0x00000000fec00000, 0x00000000ff2a0000, 0x00000000ff2a0000)
  eden space 5504K,  95% used [0x00000000fec00000, 0x00000000ff11b780, 0x00000000ff160000)
  from space 640K,   1% used [0x00000000ff160000, 0x00000000ff162040, 0x00000000ff200000)
  to   space 640K,   0% used [0x00000000ff200000, 0x00000000ff200000, 0x00000000ff2a0000)
 concurrent mark-sweep generation total 13696K, used 4283K [0x00000000ff2a0000, 0x0000000100000000, 0x0000000100000000)
 Metaspace       used 5078K, capacity 5258K, committed 5504K, reserved 1056768K
  class space    used 557K, capacity 597K, committed 640K, reserved 1048576K
2024-07-16T17:10:21.325+0800: 7.993: [GC (Allocation Failure) 2024-07-16T17:10:21.325+0800: 7.993: [ParNew: 5237K->4K(6144K), 0.0008137 secs] 9521K->5313K(19840K), 0.0008595 secs] [Times: user=0.00 sys=0.00, real=0.00 secs] 
Heap after GC invocations=1024 (full 118):
 par new generation   total 6144K, used 4K [0x00000000fec00000, 0x00000000ff2a0000, 0x00000000ff2a0000)
  eden space 5504K,   0% used [0x00000000fec00000, 0x00000000fec00000, 0x00000000ff160000)
  from space 640K,   0% used [0x00000000ff200000, 0x00000000ff201020, 0x00000000ff2a0000)
  to   space 640K,   0% used [0x00000000ff160000, 0x00000000ff160000, 0x00000000ff200000)
 concurrent mark-sweep generation total 13696K, used 5309K [0x00000000ff2a0000, 0x0000000100000000, 0x0000000100000000)
 Metaspace       used 5078K, capacity 5258K, committed 5504K, reserved 1056768K
  class space    used 557K, capacity 597K, committed 640K, reserved 1048576K
}
2024-07-16T17:10:21.326+0800: 7.994: [GC (CMS Initial Mark) [1 CMS-initial-mark: 5309K(13696K)] 6337K(19840K), 0.0001151 secs] [Times: user=0.00 sys=0.00, real=0.00 secs] 
2024-07-16T17:10:21.326+0800: 7.995: [CMS-concurrent-mark-start]
2024-07-16T17:10:21.327+0800: 7.996: [CMS-concurrent-mark: 0.001/0.001 secs] [Times: user=0.00 sys=0.00, real=0.00 secs] 
2024-07-16T17:10:21.327+0800: 7.996: [CMS-concurrent-preclean-start]
2024-07-16T17:10:21.327+0800: 7.996: [CMS-concurrent-preclean: 0.000/0.000 secs] [Times: user=0.00 sys=0.00, real=0.00 secs] 
2024-07-16T17:10:21.327+0800: 7.996: [CMS-concurrent-abortable-preclean-start]
{Heap before GC invocations=1024 (full 119):
 par new generation   total 6144K, used 5233K [0x00000000fec00000, 0x00000000ff2a0000, 0x00000000ff2a0000)
  eden space 5504K,  95% used [0x00000000fec00000, 0x00000000ff11b780, 0x00000000ff160000)
  from space 640K,   0% used [0x00000000ff200000, 0x00000000ff201020, 0x00000000ff2a0000)
  to   space 640K,   0% used [0x00000000ff160000, 0x00000000ff160000, 0x00000000ff200000)
 concurrent mark-sweep generation total 13696K, used 5309K [0x00000000ff2a0000, 0x0000000100000000, 0x0000000100000000)
 Metaspace       used 5078K, capacity 5258K, committed 5504K, reserved 1056768K
  class space    used 557K, capacity 597K, committed 640K, reserved 1048576K
2024-07-16T17:10:21.333+0800: 8.001: [GC (Allocation Failure) 2024-07-16T17:10:21.333+0800: 8.001: [ParNew: 5233K->6K(6144K), 0.0003888 secs] 10543K->6341K(19840K), 0.0004323 secs] [Times: user=0.00 sys=0.00, real=0.00 secs] 
Heap after GC invocations=1025 (full 119):
 par new generation   total 6144K, used 6K [0x00000000fec00000, 0x00000000ff2a0000, 0x00000000ff2a0000)
  eden space 5504K,   0% used [0x00000000fec00000, 0x00000000fec00000, 0x00000000ff160000)
  from space 640K,   0% used [0x00000000ff160000, 0x00000000ff161830, 0x00000000ff200000)
  to   space 640K,   0% used [0x00000000ff200000, 0x00000000ff200000, 0x00000000ff2a0000)
 concurrent mark-sweep generation total 13696K, used 6335K [0x00000000ff2a0000, 0x0000000100000000, 0x0000000100000000)
 Metaspace       used 5078K, capacity 5258K, committed 5504K, reserved 1056768K
  class space    used 557K, capacity 597K, committed 640K, reserved 1048576K
}
{Heap before GC invocations=1025 (full 119):
 par new generation   total 6144K, used 5235K [0x00000000fec00000, 0x00000000ff2a0000, 0x00000000ff2a0000)
  eden space 5504K,  95% used [0x00000000fec00000, 0x00000000ff11b780, 0x00000000ff160000)
  from space 640K,   0% used [0x00000000ff160000, 0x00000000ff161830, 0x00000000ff200000)
  to   space 640K,   0% used [0x00000000ff200000, 0x00000000ff200000, 0x00000000ff2a0000)
 concurrent mark-sweep generation total 13696K, used 6335K [0x00000000ff2a0000, 0x0000000100000000, 0x0000000100000000)
 Metaspace       used 5078K, capacity 5258K, committed 5504K, reserved 1056768K
  class space    used 557K, capacity 597K, committed 640K, reserved 1048576K
2024-07-16T17:10:21.340+0800: 8.008: [GC (Allocation Failure) 2024-07-16T17:10:21.340+0800: 8.008: [ParNew: 5235K->8K(6144K), 0.0004158 secs] 11571K->7367K(19840K), 0.0004654 secs] [Times: user=0.00 sys=0.00, real=0.00 secs] 
Heap after GC invocations=1026 (full 119):
 par new generation   total 6144K, used 8K [0x00000000fec00000, 0x00000000ff2a0000, 0x00000000ff2a0000)
  eden space 5504K,   0% used [0x00000000fec00000, 0x00000000fec00000, 0x00000000ff160000)
  from space 640K,   1% used [0x00000000ff200000, 0x00000000ff202040, 0x00000000ff2a0000)
  to   space 640K,   0% used [0x00000000ff160000, 0x00000000ff160000, 0x00000000ff200000)
 concurrent mark-sweep generation total 13696K, used 7359K [0x00000000ff2a0000, 0x0000000100000000, 0x0000000100000000)
 Metaspace       used 5078K, capacity 5258K, committed 5504K, reserved 1056768K
  class space    used 557K, capacity 597K, committed 640K, reserved 1048576K
}
{Heap before GC invocations=1026 (full 119):
 par new generation   total 6144K, used 5237K [0x00000000fec00000, 0x00000000ff2a0000, 0x00000000ff2a0000)
  eden space 5504K,  95% used [0x00000000fec00000, 0x00000000ff11b780, 0x00000000ff160000)
  from space 640K,   1% used [0x00000000ff200000, 0x00000000ff202040, 0x00000000ff2a0000)
  to   space 640K,   0% used [0x00000000ff160000, 0x00000000ff160000, 0x00000000ff200000)
 concurrent mark-sweep generation total 13696K, used 7359K [0x00000000ff2a0000, 0x0000000100000000, 0x0000000100000000)
 Metaspace       used 5078K, capacity 5258K, committed 5504K, reserved 1056768K
  class space    used 557K, capacity 597K, committed 640K, reserved 1048576K
2024-07-16T17:10:21.347+0800: 8.015: [GC (Allocation Failure) 2024-07-16T17:10:21.347+0800: 8.015: [ParNew: 5237K->8K(6144K), 0.0003802 secs] 12597K->8391K(19840K), 0.0004332 secs] [Times: user=0.00 sys=0.00, real=0.00 secs] 
Heap after GC invocations=1027 (full 119):
 par new generation   total 6144K, used 8K [0x00000000fec00000, 0x00000000ff2a0000, 0x00000000ff2a0000)
  eden space 5504K,   0% used [0x00000000fec00000, 0x00000000fec00000, 0x00000000ff160000)
  from space 640K,   1% used [0x00000000ff160000, 0x00000000ff162040, 0x00000000ff200000)
  to   space 640K,   0% used [0x00000000ff200000, 0x00000000ff200000, 0x00000000ff2a0000)
 concurrent mark-sweep generation total 13696K, used 8383K [0x00000000ff2a0000, 0x0000000100000000, 0x0000000100000000)
 Metaspace       used 5078K, capacity 5258K, committed 5504K, reserved 1056768K
  class space    used 557K, capacity 597K, committed 640K, reserved 1048576K
}
{Heap before GC invocations=1027 (full 119):
 par new generation   total 6144K, used 5237K [0x00000000fec00000, 0x00000000ff2a0000, 0x00000000ff2a0000)
  eden space 5504K,  95% used [0x00000000fec00000, 0x00000000ff11b780, 0x00000000ff160000)
  from space 640K,   1% used [0x00000000ff160000, 0x00000000ff162040, 0x00000000ff200000)
  to   space 640K,   0% used [0x00000000ff200000, 0x00000000ff200000, 0x00000000ff2a0000)
 concurrent mark-sweep generation total 13696K, used 8383K [0x00000000ff2a0000, 0x0000000100000000, 0x0000000100000000)
 Metaspace       used 5078K, capacity 5258K, committed 5504K, reserved 1056768K
  class space    used 557K, capacity 597K, committed 640K, reserved 1048576K
2024-07-16T17:10:21.354+0800: 8.022: [GC (Allocation Failure) 2024-07-16T17:10:21.354+0800: 8.022: [ParNew: 5237K->4K(6144K), 0.0002973 secs] 13621K->8387K(19840K), 0.0003444 secs] [Times: user=0.00 sys=0.00, real=0.00 secs] 
Heap after GC invocations=1028 (full 119):
 par new generation   total 6144K, used 4K [0x00000000fec00000, 0x00000000ff2a0000, 0x00000000ff2a0000)
  eden space 5504K,   0% used [0x00000000fec00000, 0x00000000fec00000, 0x00000000ff160000)
  from space 640K,   0% used [0x00000000ff200000, 0x00000000ff201020, 0x00000000ff2a0000)
  to   space 640K,   0% used [0x00000000ff160000, 0x00000000ff160000, 0x00000000ff200000)
 concurrent mark-sweep generation total 13696K, used 8383K [0x00000000ff2a0000, 0x0000000100000000, 0x0000000100000000)
 Metaspace       used 5078K, capacity 5258K, committed 5504K, reserved 1056768K
  class space    used 557K, capacity 597K, committed 640K, reserved 1048576K
}
{Heap before GC invocations=1028 (full 119):
 par new generation   total 6144K, used 5233K [0x00000000fec00000, 0x00000000ff2a0000, 0x00000000ff2a0000)
  eden space 5504K,  95% used [0x00000000fec00000, 0x00000000ff11b780, 0x00000000ff160000)
  from space 640K,   0% used [0x00000000ff200000, 0x00000000ff201020, 0x00000000ff2a0000)
  to   space 640K,   0% used [0x00000000ff160000, 0x00000000ff160000, 0x00000000ff200000)
 concurrent mark-sweep generation total 13696K, used 8383K [0x00000000ff2a0000, 0x0000000100000000, 0x0000000100000000)
 Metaspace       used 5078K, capacity 5258K, committed 5504K, reserved 1056768K
  class space    used 557K, capacity 597K, committed 640K, reserved 1048576K
2024-07-16T17:10:21.360+0800: 8.028: [GC (Allocation Failure) 2024-07-16T17:10:21.360+0800: 8.028: [ParNew: 5233K->10K(6144K), 0.0004147 secs] 13617K->9417K(19840K), 0.0004574 secs] [Times: user=0.00 sys=0.00, real=0.00 secs] 
Heap after GC invocations=1029 (full 119):
 par new generation   total 6144K, used 10K [0x00000000fec00000, 0x00000000ff2a0000, 0x00000000ff2a0000)
  eden space 5504K,   0% used [0x00000000fec00000, 0x00000000fec00000, 0x00000000ff160000)
  from space 640K,   1% used [0x00000000ff160000, 0x00000000ff162850, 0x00000000ff200000)
  to   space 640K,   0% used [0x00000000ff200000, 0x00000000ff200000, 0x00000000ff2a0000)
 concurrent mark-sweep generation total 13696K, used 9407K [0x00000000ff2a0000, 0x0000000100000000, 0x0000000100000000)
 Metaspace       used 5078K, capacity 5258K, committed 5504K, reserved 1056768K
  class space    used 557K, capacity 597K, committed 640K, reserved 1048576K
}
{Heap before GC invocations=1029 (full 119):
 par new generation   total 6144K, used 5239K [0x00000000fec00000, 0x00000000ff2a0000, 0x00000000ff2a0000)
  eden space 5504K,  95% used [0x00000000fec00000, 0x00000000ff11b780, 0x00000000ff160000)
  from space 640K,   1% used [0x00000000ff160000, 0x00000000ff162850, 0x00000000ff200000)
  to   space 640K,   0% used [0x00000000ff200000, 0x00000000ff200000, 0x00000000ff2a0000)
 concurrent mark-sweep generation total 13696K, used 9407K [0x00000000ff2a0000, 0x0000000100000000, 0x0000000100000000)
 Metaspace       used 5078K, capacity 5258K, committed 5504K, reserved 1056768K
  class space    used 557K, capacity 597K, committed 640K, reserved 1048576K
2024-07-16T17:10:21.367+0800: 8.035: [GC (Allocation Failure) 2024-07-16T17:10:21.367+0800: 8.035: [ParNew: 5239K->6K(6144K), 0.0004083 secs] 14647K->10439K(19840K), 0.0004574 secs] [Times: user=0.00 sys=0.00, real=0.00 secs] 
Heap after GC invocations=1030 (full 119):
 par new generation   total 6144K, used 6K [0x00000000fec00000, 0x00000000ff2a0000, 0x00000000ff2a0000)
  eden space 5504K,   0% used [0x00000000fec00000, 0x00000000fec00000, 0x00000000ff160000)
  from space 640K,   0% used [0x00000000ff200000, 0x00000000ff201830, 0x00000000ff2a0000)
  to   space 640K,   0% used [0x00000000ff160000, 0x00000000ff160000, 0x00000000ff200000)
 concurrent mark-sweep generation total 13696K, used 10433K [0x00000000ff2a0000, 0x0000000100000000, 0x0000000100000000)
 Metaspace       used 5078K, capacity 5258K, committed 5504K, reserved 1056768K
  class space    used 557K, capacity 597K, committed 640K, reserved 1048576K
}
{Heap before GC invocations=1030 (full 119):
 par new generation   total 6144K, used 5235K [0x00000000fec00000, 0x00000000ff2a0000, 0x00000000ff2a0000)
  eden space 5504K,  95% used [0x00000000fec00000, 0x00000000ff11b780, 0x00000000ff160000)
  from space 640K,   0% used [0x00000000ff200000, 0x00000000ff201830, 0x00000000ff2a0000)
  to   space 640K,   0% used [0x00000000ff160000, 0x00000000ff160000, 0x00000000ff200000)
 concurrent mark-sweep generation total 13696K, used 10433K [0x00000000ff2a0000, 0x0000000100000000, 0x0000000100000000)
 Metaspace       used 5078K, capacity 5258K, committed 5504K, reserved 1056768K
  class space    used 557K, capacity 597K, committed 640K, reserved 1048576K
2024-07-16T17:10:21.373+0800: 8.041: [GC (Allocation Failure) 2024-07-16T17:10:21.373+0800: 8.041: [ParNew: 5235K->8K(6144K), 0.0003901 secs] 15669K->11465K(19840K), 0.0004262 secs] [Times: user=0.00 sys=0.00, real=0.00 secs] 
Heap after GC invocations=1031 (full 119):
 par new generation   total 6144K, used 8K [0x00000000fec00000, 0x00000000ff2a0000, 0x00000000ff2a0000)
  eden space 5504K,   0% used [0x00000000fec00000, 0x00000000fec00000, 0x00000000ff160000)
  from space 640K,   1% used [0x00000000ff160000, 0x00000000ff162040, 0x00000000ff200000)
  to   space 640K,   0% used [0x00000000ff200000, 0x00000000ff200000, 0x00000000ff2a0000)
 concurrent mark-sweep generation total 13696K, used 11457K [0x00000000ff2a0000, 0x0000000100000000, 0x0000000100000000)
 Metaspace       used 5078K, capacity 5258K, committed 5504K, reserved 1056768K
  class space    used 557K, capacity 597K, committed 640K, reserved 1048576K
}
{Heap before GC invocations=1031 (full 119):
 par new generation   total 6144K, used 5237K [0x00000000fec00000, 0x00000000ff2a0000, 0x00000000ff2a0000)
  eden space 5504K,  95% used [0x00000000fec00000, 0x00000000ff11b780, 0x00000000ff160000)
  from space 640K,   1% used [0x00000000ff160000, 0x00000000ff162040, 0x00000000ff200000)
  to   space 640K,   0% used [0x00000000ff200000, 0x00000000ff200000, 0x00000000ff2a0000)
 concurrent mark-sweep generation total 13696K, used 11457K [0x00000000ff2a0000, 0x0000000100000000, 0x0000000100000000)
 Metaspace       used 5078K, capacity 5258K, committed 5504K, reserved 1056768K
  class space    used 557K, capacity 597K, committed 640K, reserved 1048576K
2024-07-16T17:10:21.380+0800: 8.048: [GC (Allocation Failure) 2024-07-16T17:10:21.380+0800: 8.048: [ParNew: 5237K->6K(6144K), 0.0004006 secs] 16695K->12487K(19840K), 0.0004435 secs] [Times: user=0.00 sys=0.00, real=0.00 secs] 
Heap after GC invocations=1032 (full 119):
 par new generation   total 6144K, used 6K [0x00000000fec00000, 0x00000000ff2a0000, 0x00000000ff2a0000)
  eden space 5504K,   0% used [0x00000000fec00000, 0x00000000fec00000, 0x00000000ff160000)
  from space 640K,   0% used [0x00000000ff200000, 0x00000000ff201830, 0x00000000ff2a0000)
  to   space 640K,   0% used [0x00000000ff160000, 0x00000000ff160000, 0x00000000ff200000)
 concurrent mark-sweep generation total 13696K, used 12481K [0x00000000ff2a0000, 0x0000000100000000, 0x0000000100000000)
 Metaspace       used 5078K, capacity 5258K, committed 5504K, reserved 1056768K
  class space    used 557K, capacity 597K, committed 640K, reserved 1048576K
}
{Heap before GC invocations=1032 (full 119):
 par new generation   total 6144K, used 5235K [0x00000000fec00000, 0x00000000ff2a0000, 0x00000000ff2a0000)
  eden space 5504K,  95% used [0x00000000fec00000, 0x00000000ff11b780, 0x00000000ff160000)
  from space 640K,   0% used [0x00000000ff200000, 0x00000000ff201830, 0x00000000ff2a0000)
  to   space 640K,   0% used [0x00000000ff160000, 0x00000000ff160000, 0x00000000ff200000)
 concurrent mark-sweep generation total 13696K, used 12481K [0x00000000ff2a0000, 0x0000000100000000, 0x0000000100000000)
 Metaspace       used 5078K, capacity 5258K, committed 5504K, reserved 1056768K
  class space    used 557K, capacity 597K, committed 640K, reserved 1048576K
2024-07-16T17:10:21.387+0800: 8.055: [GC (Allocation Failure) 2024-07-16T17:10:21.387+0800: 8.055: [ParNew: 5235K->6K(6144K), 0.0003672 secs] 17717K->13511K(19840K), 0.0004120 secs] [Times: user=0.00 sys=0.00, real=0.00 secs] 
Heap after GC invocations=1033 (full 119):
 par new generation   total 6144K, used 6K [0x00000000fec00000, 0x00000000ff2a0000, 0x00000000ff2a0000)
  eden space 5504K,   0% used [0x00000000fec00000, 0x00000000fec00000, 0x00000000ff160000)
  from space 640K,   0% used [0x00000000ff160000, 0x00000000ff161830, 0x00000000ff200000)
  to   space 640K,   0% used [0x00000000ff200000, 0x00000000ff200000, 0x00000000ff2a0000)
 concurrent mark-sweep generation total 13696K, used 13505K [0x00000000ff2a0000, 0x0000000100000000, 0x0000000100000000)
 Metaspace       used 5078K, capacity 5258K, committed 5504K, reserved 1056768K
  class space    used 557K, capacity 597K, committed 640K, reserved 1048576K
}
2024-07-16T17:10:21.387+0800: 8.056: [CMS-concurrent-abortable-preclean: 0.001/0.060 secs] [Times: user=0.00 sys=0.00, real=0.06 secs] 
2024-07-16T17:10:21.387+0800: 8.056: [GC (CMS Final Remark) [YG occupancy: 1030 K (6144 K)]{Heap before GC invocations=1033 (full 119):
 par new generation   total 6144K, used 1030K [0x00000000fec00000, 0x00000000ff2a0000, 0x00000000ff2a0000)
  eden space 5504K,  18% used [0x00000000fec00000, 0x00000000fed00010, 0x00000000ff160000)
  from space 640K,   0% used [0x00000000ff160000, 0x00000000ff161830, 0x00000000ff200000)
  to   space 640K,   0% used [0x00000000ff200000, 0x00000000ff200000, 0x00000000ff2a0000)
 concurrent mark-sweep generation total 13696K, used 13505K [0x00000000ff2a0000, 0x0000000100000000, 0x0000000100000000)
 Metaspace       used 5078K, capacity 5258K, committed 5504K, reserved 1056768K
  class space    used 557K, capacity 597K, committed 640K, reserved 1048576K
2024-07-16T17:10:21.387+0800: 8.056: [GC (CMS Final Remark) 2024-07-16T17:10:21.387+0800: 8.056: [ParNew: 1030K->1030K(6144K), 0.0000067 secs] 14535K->14535K(19840K), 0.0000172 secs] [Times: user=0.00 sys=0.00, real=0.00 secs] 
Heap after GC invocations=1034 (full 119):
 par new generation   total 6144K, used 1030K [0x00000000fec00000, 0x00000000ff2a0000, 0x00000000ff2a0000)
  eden space 5504K,  18% used [0x00000000fec00000, 0x00000000fed00010, 0x00000000ff160000)
  from space 640K,   0% used [0x00000000ff160000, 0x00000000ff161830, 0x00000000ff200000)
  to   space 640K,   0% used [0x00000000ff200000, 0x00000000ff200000, 0x00000000ff2a0000)
 concurrent mark-sweep generation total 13696K, used 13505K [0x00000000ff2a0000, 0x0000000100000000, 0x0000000100000000)
 Metaspace       used 5078K, capacity 5258K, committed 5504K, reserved 1056768K
  class space    used 557K, capacity 597K, committed 640K, reserved 1048576K
}
2024-07-16T17:10:21.387+0800: 8.056: [Rescan (parallel) , 0.0001382 secs]2024-07-16T17:10:21.387+0800: 8.056: [weak refs processing, 0.0000092 secs]2024-07-16T17:10:21.387+0800: 8.056: [class unloading, 0.0003104 secs]2024-07-16T17:10:21.388+0800: 8.056: [scrub symbol table, 0.0003282 secs]2024-07-16T17:10:21.388+0800: 8.057: [scrub string table, 0.0000837 secs][1 CMS-remark: 13505K(13696K)] 14535K(19840K), 0.0009520 secs] [Times: user=0.00 sys=0.00, real=0.00 secs] 
2024-07-16T17:10:21.388+0800: 8.057: [CMS-concurrent-sweep-start]
2024-07-16T17:10:21.388+0800: 8.057: [CMS-concurrent-sweep: 0.000/0.000 secs] [Times: user=0.00 sys=0.00, real=0.00 secs] 
2024-07-16T17:10:21.388+0800: 8.057: [CMS-concurrent-reset-start]
2024-07-16T17:10:21.388+0800: 8.057: [CMS-concurrent-reset: 0.000/0.000 secs] [Times: user=0.00 sys=0.00, real=0.00 secs] 
{Heap before GC invocations=1034 (full 119):
 par new generation   total 6144K, used 5235K [0x00000000fec00000, 0x00000000ff2a0000, 0x00000000ff2a0000)
  eden space 5504K,  95% used [0x00000000fec00000, 0x00000000ff11b780, 0x00000000ff160000)
  from space 640K,   0% used [0x00000000ff160000, 0x00000000ff161830, 0x00000000ff200000)
  to   space 640K,   0% used [0x00000000ff200000, 0x00000000ff200000, 0x00000000ff2a0000)
 concurrent mark-sweep generation total 13696K, used 10433K [0x00000000ff2a0000, 0x0000000100000000, 0x0000000100000000)
 Metaspace       used 5078K, capacity 5258K, committed 5504K, reserved 1056768K
  class space    used 557K, capacity 597K, committed 640K, reserved 1048576K
2024-07-16T17:10:21.396+0800: 8.064: [GC (Allocation Failure) 2024-07-16T17:10:21.396+0800: 8.064: [ParNew: 5235K->8K(6144K), 0.0003700 secs] 15669K->11467K(19840K), 0.0005057 secs] [Times: user=0.00 sys=0.00, real=0.00 secs] 
Heap after GC invocations=1035 (full 119):
 par new generation   total 6144K, used 8K [0x00000000fec00000, 0x00000000ff2a0000, 0x00000000ff2a0000)
  eden space 5504K,   0% used [0x00000000fec00000, 0x00000000fec00000, 0x00000000ff160000)
  from space 640K,   1% used [0x00000000ff200000, 0x00000000ff202040, 0x00000000ff2a0000)
  to   space 640K,   0% used [0x00000000ff160000, 0x00000000ff160000, 0x00000000ff200000)
 concurrent mark-sweep generation total 13696K, used 11459K [0x00000000ff2a0000, 0x0000000100000000, 0x0000000100000000)
 Metaspace       used 5078K, capacity 5258K, committed 5504K, reserved 1056768K
  class space    used 557K, capacity 597K, committed 640K, reserved 1048576K
}
2024-07-16T17:10:21.396+0800: 8.065: [GC (CMS Initial Mark) [1 CMS-initial-mark: 11459K(13696K)] 12491K(19840K), 0.0001146 secs] [Times: user=0.00 sys=0.00, real=0.00 secs] 
2024-07-16T17:10:21.396+0800: 8.065: [CMS-concurrent-mark-start]
2024-07-16T17:10:21.398+0800: 8.066: [CMS-concurrent-mark: 0.001/0.001 secs] [Times: user=0.00 sys=0.00, real=0.00 secs] 
2024-07-16T17:10:21.398+0800: 8.066: [CMS-concurrent-preclean-start]
2024-07-16T17:10:21.398+0800: 8.066: [CMS-concurrent-preclean: 0.000/0.000 secs] [Times: user=0.00 sys=0.00, real=0.00 secs] 
2024-07-16T17:10:21.398+0800: 8.066: [CMS-concurrent-abortable-preclean-start]
{Heap before GC invocations=1035 (full 120):
 par new generation   total 6144K, used 5230K [0x00000000fec00000, 0x00000000ff2a0000, 0x00000000ff2a0000)
  eden space 5504K,  94% used [0x00000000fec00000, 0x00000000ff119948, 0x00000000ff160000)
  from space 640K,   1% used [0x00000000ff200000, 0x00000000ff202040, 0x00000000ff2a0000)
  to   space 640K,   0% used [0x00000000ff160000, 0x00000000ff160000, 0x00000000ff200000)
 concurrent mark-sweep generation total 13696K, used 11459K [0x00000000ff2a0000, 0x0000000100000000, 0x0000000100000000)
 Metaspace       used 5078K, capacity 5258K, committed 5504K, reserved 1056768K
  class space    used 557K, capacity 597K, committed 640K, reserved 1048576K
2024-07-16T17:10:21.404+0800: 8.072: [GC (Allocation Failure) 2024-07-16T17:10:21.404+0800: 8.072: [ParNew: 5230K->6K(6144K), 0.0003229 secs] 16689K->12489K(19840K), 0.0003538 secs] [Times: user=0.00 sys=0.00, real=0.00 secs] 
Heap after GC invocations=1036 (full 120):
 par new generation   total 6144K, used 6K [0x00000000fec00000, 0x00000000ff2a0000, 0x00000000ff2a0000)
  eden space 5504K,   0% used [0x00000000fec00000, 0x00000000fec00000, 0x00000000ff160000)
  from space 640K,   0% used [0x00000000ff160000, 0x00000000ff161830, 0x00000000ff200000)
  to   space 640K,   0% used [0x00000000ff200000, 0x00000000ff200000, 0x00000000ff2a0000)
 concurrent mark-sweep generation total 13696K, used 12483K [0x00000000ff2a0000, 0x0000000100000000, 0x0000000100000000)
 Metaspace       used 5078K, capacity 5258K, committed 5504K, reserved 1056768K
  class space    used 557K, capacity 597K, committed 640K, reserved 1048576K
}
{Heap before GC invocations=1036 (full 120):
 par new generation   total 6144K, used 5231K [0x00000000fec00000, 0x00000000ff2a0000, 0x00000000ff2a0000)
  eden space 5504K,  94% used [0x00000000fec00000, 0x00000000ff11a410, 0x00000000ff160000)
  from space 640K,   0% used [0x00000000ff160000, 0x00000000ff161830, 0x00000000ff200000)
  to   space 640K,   0% used [0x00000000ff200000, 0x00000000ff200000, 0x00000000ff2a0000)
 concurrent mark-sweep generation total 13696K, used 12483K [0x00000000ff2a0000, 0x0000000100000000, 0x0000000100000000)
 Metaspace       used 5078K, capacity 5258K, committed 5504K, reserved 1056768K
  class space    used 557K, capacity 597K, committed 640K, reserved 1048576K
2024-07-16T17:10:21.410+0800: 8.078: [GC (Allocation Failure) 2024-07-16T17:10:21.410+0800: 8.078: [ParNew (promotion failed): 5231K->5235K(6144K), 0.0002513 secs]2024-07-16T17:10:21.410+0800: 8.079: [CMS2024-07-16T17:10:21.410+0800: 8.079: [CMS-concurrent-abortable-preclean: 0.000/0.012 secs] [Times: user=0.00 sys=0.00, real=0.01 secs] 
 (concurrent mode failure): 12483K->2164K(13696K), 0.0026206 secs] 17714K->2164K(19840K), [Metaspace: 5078K->5078K(1056768K)], 0.0029217 secs] [Times: user=0.00 sys=0.00, real=0.00 secs] 
Heap after GC invocations=1037 (full 121):
 par new generation   total 6144K, used 0K [0x00000000fec00000, 0x00000000ff2a0000, 0x00000000ff2a0000)
  eden space 5504K,   0% used [0x00000000fec00000, 0x00000000fec00000, 0x00000000ff160000)
  from space 640K,   0% used [0x00000000ff200000, 0x00000000ff200000, 0x00000000ff2a0000)
  to   space 640K,   0% used [0x00000000ff160000, 0x00000000ff160000, 0x00000000ff200000)
 concurrent mark-sweep generation total 13696K, used 2164K [0x00000000ff2a0000, 0x0000000100000000, 0x0000000100000000)
 Metaspace       used 5071K, capacity 5248K, committed 5504K, reserved 1056768K
  class space    used 554K, capacity 592K, committed 640K, reserved 1048576K
}
{Heap before GC invocations=1037 (full 121):
 par new generation   total 6144K, used 5226K [0x00000000fec00000, 0x00000000ff2a0000, 0x00000000ff2a0000)
  eden space 5504K,  94% used [0x00000000fec00000, 0x00000000ff11ab00, 0x00000000ff160000)
  from space 640K,   0% used [0x00000000ff200000, 0x00000000ff200000, 0x00000000ff2a0000)
  to   space 640K,   0% used [0x00000000ff160000, 0x00000000ff160000, 0x00000000ff200000)
 concurrent mark-sweep generation total 13696K, used 2164K [0x00000000ff2a0000, 0x0000000100000000, 0x0000000100000000)
 Metaspace       used 5071K, capacity 5248K, committed 5504K, reserved 1056768K
  class space    used 554K, capacity 592K, committed 640K, reserved 1048576K
2024-07-16T17:10:21.421+0800: 8.089: [GC (Allocation Failure) 2024-07-16T17:10:21.421+0800: 8.089: [ParNew: 5226K->4K(6144K), 0.0002898 secs] 7391K->2168K(19840K), 0.0003274 secs] [Times: user=0.00 sys=0.00, real=0.00 secs] 
Heap after GC invocations=1038 (full 121):
 par new generation   total 6144K, used 4K [0x00000000fec00000, 0x00000000ff2a0000, 0x00000000ff2a0000)
  eden space 5504K,   0% used [0x00000000fec00000, 0x00000000fec00000, 0x00000000ff160000)
  from space 640K,   0% used [0x00000000ff160000, 0x00000000ff161020, 0x00000000ff200000)
  to   space 640K,   0% used [0x00000000ff200000, 0x00000000ff200000, 0x00000000ff2a0000)
 concurrent mark-sweep generation total 13696K, used 2164K [0x00000000ff2a0000, 0x0000000100000000, 0x0000000100000000)
 Metaspace       used 5071K, capacity 5248K, committed 5504K, reserved 1056768K
  class space    used 554K, capacity 592K, committed 640K, reserved 1048576K
}
{Heap before GC invocations=1038 (full 121):
 par new generation   total 6144K, used 5231K [0x00000000fec00000, 0x00000000ff2a0000, 0x00000000ff2a0000)
  eden space 5504K,  94% used [0x00000000fec00000, 0x00000000ff11af78, 0x00000000ff160000)
  from space 640K,   0% used [0x00000000ff160000, 0x00000000ff161020, 0x00000000ff200000)
  to   space 640K,   0% used [0x00000000ff200000, 0x00000000ff200000, 0x00000000ff2a0000)
 concurrent mark-sweep generation total 13696K, used 2164K [0x00000000ff2a0000, 0x0000000100000000, 0x0000000100000000)
 Metaspace       used 5071K, capacity 5248K, committed 5504K, reserved 1056768K
  class space    used 554K, capacity 592K, committed 640K, reserved 1048576K
2024-07-16T17:10:21.428+0800: 8.096: [GC (Allocation Failure) 2024-07-16T17:10:21.428+0800: 8.096: [ParNew: 5231K->10K(6144K), 0.0003559 secs] 7396K->3200K(19840K), 0.0003988 secs] [Times: user=0.00 sys=0.00, real=0.00 secs] 
Heap after GC invocations=1039 (full 121):
 par new generation   total 6144K, used 10K [0x00000000fec00000, 0x00000000ff2a0000, 0x00000000ff2a0000)
  eden space 5504K,   0% used [0x00000000fec00000, 0x00000000fec00000, 0x00000000ff160000)
  from space 640K,   1% used [0x00000000ff200000, 0x00000000ff202850, 0x00000000ff2a0000)
  to   space 640K,   0% used [0x00000000ff160000, 0x00000000ff160000, 0x00000000ff200000)
 concurrent mark-sweep generation total 13696K, used 3190K [0x00000000ff2a0000, 0x0000000100000000, 0x0000000100000000)
 Metaspace       used 5071K, capacity 5248K, committed 5504K, reserved 1056768K
  class space    used 554K, capacity 592K, committed 640K, reserved 1048576K
}
{Heap before GC invocations=1039 (full 121):
 par new generation   total 6144K, used 5238K [0x00000000fec00000, 0x00000000ff2a0000, 0x00000000ff2a0000)
  eden space 5504K,  94% used [0x00000000fec00000, 0x00000000ff11b258, 0x00000000ff160000)
  from space 640K,   1% used [0x00000000ff200000, 0x00000000ff202850, 0x00000000ff2a0000)
  to   space 640K,   0% used [0x00000000ff160000, 0x00000000ff160000, 0x00000000ff200000)
 concurrent mark-sweep generation total 13696K, used 3190K [0x00000000ff2a0000, 0x0000000100000000, 0x0000000100000000)
 Metaspace       used 5071K, capacity 5248K, committed 5504K, reserved 1056768K
  class space    used 554K, capacity 592K, committed 640K, reserved 1048576K
2024-07-16T17:10:21.435+0800: 8.103: [GC (Allocation Failure) 2024-07-16T17:10:21.435+0800: 8.103: [ParNew: 5238K->6K(6144K), 0.0003282 secs] 8429K->4222K(19840K), 0.0003583 secs] [Times: user=0.00 sys=0.00, real=0.00 secs] 
Heap after GC invocations=1040 (full 121):
 par new generation   total 6144K, used 6K [0x00000000fec00000, 0x00000000ff2a0000, 0x00000000ff2a0000)
  eden space 5504K,   0% used [0x00000000fec00000, 0x00000000fec00000, 0x00000000ff160000)
  from space 640K,   0% used [0x00000000ff160000, 0x00000000ff161830, 0x00000000ff200000)
  to   space 640K,   0% used [0x00000000ff200000, 0x00000000ff200000, 0x00000000ff2a0000)
 concurrent mark-sweep generation total 13696K, used 4216K [0x00000000ff2a0000, 0x0000000100000000, 0x0000000100000000)
 Metaspace       used 5071K, capacity 5248K, committed 5504K, reserved 1056768K
  class space    used 554K, capacity 592K, committed 640K, reserved 1048576K
}
{Heap before GC invocations=1040 (full 121):
 par new generation   total 6144K, used 5235K [0x00000000fec00000, 0x00000000ff2a0000, 0x00000000ff2a0000)
  eden space 5504K,  95% used [0x00000000fec00000, 0x00000000ff11b428, 0x00000000ff160000)
  from space 640K,   0% used [0x00000000ff160000, 0x00000000ff161830, 0x00000000ff200000)
  to   space 640K,   0% used [0x00000000ff200000, 0x00000000ff200000, 0x00000000ff2a0000)
 concurrent mark-sweep generation total 13696K, used 4216K [0x00000000ff2a0000, 0x0000000100000000, 0x0000000100000000)
 Metaspace       used 5071K, capacity 5248K, committed 5504K, reserved 1056768K
  class space    used 554K, capacity 592K, committed 640K, reserved 1048576K
2024-07-16T17:10:21.442+0800: 8.110: [GC (Allocation Failure) 2024-07-16T17:10:21.442+0800: 8.110: [ParNew: 5235K->8K(6144K), 0.0003787 secs] 9452K->5251K(19840K), 0.0004108 secs] [Times: user=0.00 sys=0.00, real=0.00 secs] 
Heap after GC invocations=1041 (full 121):
 par new generation   total 6144K, used 8K [0x00000000fec00000, 0x00000000ff2a0000, 0x00000000ff2a0000)
  eden space 5504K,   0% used [0x00000000fec00000, 0x00000000fec00000, 0x00000000ff160000)
  from space 640K,   1% used [0x00000000ff200000, 0x00000000ff202040, 0x00000000ff2a0000)
  to   space 640K,   0% used [0x00000000ff160000, 0x00000000ff160000, 0x00000000ff200000)
 concurrent mark-sweep generation total 13696K, used 5242K [0x00000000ff2a0000, 0x0000000100000000, 0x0000000100000000)
 Metaspace       used 5071K, capacity 5248K, committed 5504K, reserved 1056768K
  class space    used 554K, capacity 592K, committed 640K, reserved 1048576K
}
2024-07-16T17:10:21.442+0800: 8.111: [GC (CMS Initial Mark) [1 CMS-initial-mark: 5242K(13696K)] 6275K(19840K), 0.0001112 secs] [Times: user=0.00 sys=0.00, real=0.00 secs] 
2024-07-16T17:10:21.442+0800: 8.111: [CMS-concurrent-mark-start]
2024-07-16T17:10:21.444+0800: 8.112: [CMS-concurrent-mark: 0.001/0.001 secs] [Times: user=0.00 sys=0.00, real=0.00 secs] 
2024-07-16T17:10:21.444+0800: 8.112: [CMS-concurrent-preclean-start]
2024-07-16T17:10:21.444+0800: 8.112: [CMS-concurrent-preclean: 0.000/0.000 secs] [Times: user=0.00 sys=0.00, real=0.00 secs] 
2024-07-16T17:10:21.444+0800: 8.112: [CMS-concurrent-abortable-preclean-start]
{Heap before GC invocations=1041 (full 122):
 par new generation   total 6144K, used 5237K [0x00000000fec00000, 0x00000000ff2a0000, 0x00000000ff2a0000)
  eden space 5504K,  95% used [0x00000000fec00000, 0x00000000ff11b558, 0x00000000ff160000)
  from space 640K,   1% used [0x00000000ff200000, 0x00000000ff202040, 0x00000000ff2a0000)
  to   space 640K,   0% used [0x00000000ff160000, 0x00000000ff160000, 0x00000000ff200000)
 concurrent mark-sweep generation total 13696K, used 5242K [0x00000000ff2a0000, 0x0000000100000000, 0x0000000100000000)
 Metaspace       used 5071K, capacity 5248K, committed 5504K, reserved 1056768K
  class space    used 554K, capacity 592K, committed 640K, reserved 1048576K
2024-07-16T17:10:21.450+0800: 8.118: [GC (Allocation Failure) 2024-07-16T17:10:21.450+0800: 8.118: [ParNew: 5237K->4K(6144K), 0.0002565 secs] 10480K->5247K(19840K), 0.0002847 secs] [Times: user=0.00 sys=0.00, real=0.00 secs] 
Heap after GC invocations=1042 (full 122):
 par new generation   total 6144K, used 4K [0x00000000fec00000, 0x00000000ff2a0000, 0x00000000ff2a0000)
  eden space 5504K,   0% used [0x00000000fec00000, 0x00000000fec00000, 0x00000000ff160000)
  from space 640K,   0% used [0x00000000ff160000, 0x00000000ff161020, 0x00000000ff200000)
  to   space 640K,   0% used [0x00000000ff200000, 0x00000000ff200000, 0x00000000ff2a0000)
 concurrent mark-sweep generation total 13696K, used 5242K [0x00000000ff2a0000, 0x0000000100000000, 0x0000000100000000)
 Metaspace       used 5071K, capacity 5248K, committed 5504K, reserved 1056768K
  class space    used 554K, capacity 592K, committed 640K, reserved 1048576K
}
{Heap before GC invocations=1042 (full 122):
 par new generation   total 6144K, used 5233K [0x00000000fec00000, 0x00000000ff2a0000, 0x00000000ff2a0000)
  eden space 5504K,  95% used [0x00000000fec00000, 0x00000000ff11b620, 0x00000000ff160000)
  from space 640K,   0% used [0x00000000ff160000, 0x00000000ff161020, 0x00000000ff200000)
  to   space 640K,   0% used [0x00000000ff200000, 0x00000000ff200000, 0x00000000ff2a0000)
 concurrent mark-sweep generation total 13696K, used 5242K [0x00000000ff2a0000, 0x0000000100000000, 0x0000000100000000)
 Metaspace       used 5071K, capacity 5248K, committed 5504K, reserved 1056768K
  class space    used 554K, capacity 592K, committed 640K, reserved 1048576K
2024-07-16T17:10:21.456+0800: 8.124: [GC (Allocation Failure) 2024-07-16T17:10:21.456+0800: 8.124: [ParNew: 5233K->6K(6144K), 0.0003483 secs] 10476K->6275K(19840K), 0.0003795 secs] [Times: user=0.00 sys=0.00, real=0.00 secs] 
Heap after GC invocations=1043 (full 122):
 par new generation   total 6144K, used 6K [0x00000000fec00000, 0x00000000ff2a0000, 0x00000000ff2a0000)
  eden space 5504K,   0% used [0x00000000fec00000, 0x00000000fec00000, 0x00000000ff160000)
  from space 640K,   0% used [0x00000000ff200000, 0x00000000ff201830, 0x00000000ff2a0000)
  to   space 640K,   0% used [0x00000000ff160000, 0x00000000ff160000, 0x00000000ff200000)
 concurrent mark-sweep generation total 13696K, used 6269K [0x00000000ff2a0000, 0x0000000100000000, 0x0000000100000000)
 Metaspace       used 5071K, capacity 5248K, committed 5504K, reserved 1056768K
  class space    used 554K, capacity 592K, committed 640K, reserved 1048576K
}
{Heap before GC invocations=1043 (full 122):
 par new generation   total 6144K, used 5235K [0x00000000fec00000, 0x00000000ff2a0000, 0x00000000ff2a0000)
  eden space 5504K,  95% used [0x00000000fec00000, 0x00000000ff11b698, 0x00000000ff160000)
  from space 640K,   0% used [0x00000000ff200000, 0x00000000ff201830, 0x00000000ff2a0000)
  to   space 640K,   0% used [0x00000000ff160000, 0x00000000ff160000, 0x00000000ff200000)
 concurrent mark-sweep generation total 13696K, used 6269K [0x00000000ff2a0000, 0x0000000100000000, 0x0000000100000000)
 Metaspace       used 5071K, capacity 5248K, committed 5504K, reserved 1056768K
  class space    used 554K, capacity 592K, committed 640K, reserved 1048576K
2024-07-16T17:10:21.462+0800: 8.130: [GC (Allocation Failure) 2024-07-16T17:10:21.462+0800: 8.130: [ParNew: 5235K->16K(6144K), 0.0003349 secs] 11504K->7311K(19840K), 0.0003696 secs] [Times: user=0.00 sys=0.00, real=0.00 secs] 
Heap after GC invocations=1044 (full 122):
 par new generation   total 6144K, used 16K [0x00000000fec00000, 0x00000000ff2a0000, 0x00000000ff2a0000)
  eden space 5504K,   0% used [0x00000000fec00000, 0x00000000fec00000, 0x00000000ff160000)
  from space 640K,   2% used [0x00000000ff160000, 0x00000000ff164080, 0x00000000ff200000)
  to   space 640K,   0% used [0x00000000ff200000, 0x00000000ff200000, 0x00000000ff2a0000)
 concurrent mark-sweep generation total 13696K, used 7295K [0x00000000ff2a0000, 0x0000000100000000, 0x0000000100000000)
 Metaspace       used 5071K, capacity 5248K, committed 5504K, reserved 1056768K
  class space    used 554K, capacity 592K, committed 640K, reserved 1048576K
}
{Heap before GC invocations=1044 (full 122):
 par new generation   total 6144K, used 5245K [0x00000000fec00000, 0x00000000ff2a0000, 0x00000000ff2a0000)
  eden space 5504K,  95% used [0x00000000fec00000, 0x00000000ff11b6e8, 0x00000000ff160000)
  from space 640K,   2% used [0x00000000ff160000, 0x00000000ff164080, 0x00000000ff200000)
  to   space 640K,   0% used [0x00000000ff200000, 0x00000000ff200000, 0x00000000ff2a0000)
 concurrent mark-sweep generation total 13696K, used 7295K [0x00000000ff2a0000, 0x0000000100000000, 0x0000000100000000)
 Metaspace       used 5071K, capacity 5248K, committed 5504K, reserved 1056768K
  class space    used 554K, capacity 592K, committed 640K, reserved 1048576K
2024-07-16T17:10:21.469+0800: 8.137: [GC (Allocation Failure) 2024-07-16T17:10:21.469+0800: 8.137: [ParNew: 5245K->12K(6144K), 0.0002711 secs] 12540K->7307K(19840K), 0.0003057 secs] [Times: user=0.00 sys=0.00, real=0.00 secs] 
Heap after GC invocations=1045 (full 122):
 par new generation   total 6144K, used 12K [0x00000000fec00000, 0x00000000ff2a0000, 0x00000000ff2a0000)
  eden space 5504K,   0% used [0x00000000fec00000, 0x00000000fec00000, 0x00000000ff160000)
  from space 640K,   1% used [0x00000000ff200000, 0x00000000ff203060, 0x00000000ff2a0000)
  to   space 640K,   0% used [0x00000000ff160000, 0x00000000ff160000, 0x00000000ff200000)
 concurrent mark-sweep generation total 13696K, used 7295K [0x00000000ff2a0000, 0x0000000100000000, 0x0000000100000000)
 Metaspace       used 5071K, capacity 5248K, committed 5504K, reserved 1056768K
  class space    used 554K, capacity 592K, committed 640K, reserved 1048576K
}
{Heap before GC invocations=1045 (full 122):
 par new generation   total 6144K, used 5241K [0x00000000fec00000, 0x00000000ff2a0000, 0x00000000ff2a0000)
  eden space 5504K,  95% used [0x00000000fec00000, 0x00000000ff11b720, 0x00000000ff160000)
  from space 640K,   1% used [0x00000000ff200000, 0x00000000ff203060, 0x00000000ff2a0000)
  to   space 640K,   0% used [0x00000000ff160000, 0x00000000ff160000, 0x00000000ff200000)
 concurrent mark-sweep generation total 13696K, used 7295K [0x00000000ff2a0000, 0x0000000100000000, 0x0000000100000000)
 Metaspace       used 5071K, capacity 5248K, committed 5504K, reserved 1056768K
  class space    used 554K, capacity 592K, committed 640K, reserved 1048576K
2024-07-16T17:10:21.477+0800: 8.145: [GC (Allocation Failure) 2024-07-16T17:10:21.477+0800: 8.145: [ParNew: 5241K->14K(6144K), 0.0002601 secs] 12536K->7309K(19840K), 0.0002919 secs] [Times: user=0.00 sys=0.00, real=0.00 secs] 
Heap after GC invocations=1046 (full 122):
 par new generation   total 6144K, used 14K [0x00000000fec00000, 0x00000000ff2a0000, 0x00000000ff2a0000)
  eden space 5504K,   0% used [0x00000000fec00000, 0x00000000fec00000, 0x00000000ff160000)
  from space 640K,   2% used [0x00000000ff160000, 0x00000000ff163870, 0x00000000ff200000)
  to   space 640K,   0% used [0x00000000ff200000, 0x00000000ff200000, 0x00000000ff2a0000)
 concurrent mark-sweep generation total 13696K, used 7295K [0x00000000ff2a0000, 0x0000000100000000, 0x0000000100000000)
 Metaspace       used 5071K, capacity 5248K, committed 5504K, reserved 1056768K
  class space    used 554K, capacity 592K, committed 640K, reserved 1048576K
}
{Heap before GC invocations=1046 (full 122):
 par new generation   total 6144K, used 5243K [0x00000000fec00000, 0x00000000ff2a0000, 0x00000000ff2a0000)
  eden space 5504K,  95% used [0x00000000fec00000, 0x00000000ff11b740, 0x00000000ff160000)
  from space 640K,   2% used [0x00000000ff160000, 0x00000000ff163870, 0x00000000ff200000)
  to   space 640K,   0% used [0x00000000ff200000, 0x00000000ff200000, 0x00000000ff2a0000)
 concurrent mark-sweep generation total 13696K, used 7295K [0x00000000ff2a0000, 0x0000000100000000, 0x0000000100000000)
 Metaspace       used 5071K, capacity 5248K, committed 5504K, reserved 1056768K
  class space    used 554K, capacity 592K, committed 640K, reserved 1048576K
2024-07-16T17:10:21.483+0800: 8.151: [GC (Allocation Failure) 2024-07-16T17:10:21.483+0800: 8.151: [ParNew: 5243K->18K(6144K), 0.0003331 secs] 12539K->8337K(19840K), 0.0003651 secs] [Times: user=0.00 sys=0.00, real=0.00 secs] 
Heap after GC invocations=1047 (full 122):
 par new generation   total 6144K, used 18K [0x00000000fec00000, 0x00000000ff2a0000, 0x00000000ff2a0000)
  eden space 5504K,   0% used [0x00000000fec00000, 0x00000000fec00000, 0x00000000ff160000)
  from space 640K,   2% used [0x00000000ff200000, 0x00000000ff204890, 0x00000000ff2a0000)
  to   space 640K,   0% used [0x00000000ff160000, 0x00000000ff160000, 0x00000000ff200000)
 concurrent mark-sweep generation total 13696K, used 8319K [0x00000000ff2a0000, 0x0000000100000000, 0x0000000100000000)
 Metaspace       used 5071K, capacity 5248K, committed 5504K, reserved 1056768K
  class space    used 554K, capacity 592K, committed 640K, reserved 1048576K
}
{Heap before GC invocations=1047 (full 122):
 par new generation   total 6144K, used 5248K [0x00000000fec00000, 0x00000000ff2a0000, 0x00000000ff2a0000)
  eden space 5504K,  95% used [0x00000000fec00000, 0x00000000ff11b778, 0x00000000ff160000)
  from space 640K,   2% used [0x00000000ff200000, 0x00000000ff204890, 0x00000000ff2a0000)
  to   space 640K,   0% used [0x00000000ff160000, 0x00000000ff160000, 0x00000000ff200000)
 concurrent mark-sweep generation total 13696K, used 8319K [0x00000000ff2a0000, 0x0000000100000000, 0x0000000100000000)
 Metaspace       used 5071K, capacity 5248K, committed 5504K, reserved 1056768K
  class space    used 554K, capacity 592K, committed 640K, reserved 1048576K
2024-07-16T17:10:21.489+0800: 8.157: [GC (Allocation Failure) 2024-07-16T17:10:21.489+0800: 8.157: [ParNew: 5248K->16K(6144K), 0.0004930 secs] 13567K->10385K(19840K), 0.0005304 secs] [Times: user=0.00 sys=0.00, real=0.00 secs] 
Heap after GC invocations=1048 (full 122):
 par new generation   total 6144K, used 16K [0x00000000fec00000, 0x00000000ff2a0000, 0x00000000ff2a0000)
  eden space 5504K,   0% used [0x00000000fec00000, 0x00000000fec00000, 0x00000000ff160000)
  from space 640K,   2% used [0x00000000ff160000, 0x00000000ff164080, 0x00000000ff200000)
  to   space 640K,   0% used [0x00000000ff200000, 0x00000000ff200000, 0x00000000ff2a0000)
 concurrent mark-sweep generation total 13696K, used 10369K [0x00000000ff2a0000, 0x0000000100000000, 0x0000000100000000)
 Metaspace       used 5071K, capacity 5248K, committed 5504K, reserved 1056768K
  class space    used 554K, capacity 592K, committed 640K, reserved 1048576K
}
{Heap before GC invocations=1048 (full 122):
 par new generation   total 6144K, used 5246K [0x00000000fec00000, 0x00000000ff2a0000, 0x00000000ff2a0000)
  eden space 5504K,  95% used [0x00000000fec00000, 0x00000000ff11b780, 0x00000000ff160000)
  from space 640K,   2% used [0x00000000ff160000, 0x00000000ff164080, 0x00000000ff200000)
  to   space 640K,   0% used [0x00000000ff200000, 0x00000000ff200000, 0x00000000ff2a0000)
 concurrent mark-sweep generation total 13696K, used 10369K [0x00000000ff2a0000, 0x0000000100000000, 0x0000000100000000)
 Metaspace       used 5071K, capacity 5248K, committed 5504K, reserved 1056768K
  class space    used 554K, capacity 592K, committed 640K, reserved 1048576K
2024-07-16T17:10:21.496+0800: 8.164: [GC (Allocation Failure) 2024-07-16T17:10:21.496+0800: 8.164: [ParNew: 5246K->14K(6144K), 0.0002395 secs] 15615K->10383K(19840K), 0.0002677 secs] [Times: user=0.00 sys=0.00, real=0.00 secs] 
Heap after GC invocations=1049 (full 122):
 par new generation   total 6144K, used 14K [0x00000000fec00000, 0x00000000ff2a0000, 0x00000000ff2a0000)
  eden space 5504K,   0% used [0x00000000fec00000, 0x00000000fec00000, 0x00000000ff160000)
  from space 640K,   2% used [0x00000000ff200000, 0x00000000ff203870, 0x00000000ff2a0000)
  to   space 640K,   0% used [0x00000000ff160000, 0x00000000ff160000, 0x00000000ff200000)
 concurrent mark-sweep generation total 13696K, used 10369K [0x00000000ff2a0000, 0x0000000100000000, 0x0000000100000000)
 Metaspace       used 5071K, capacity 5248K, committed 5504K, reserved 1056768K
  class space    used 554K, capacity 592K, committed 640K, reserved 1048576K
}
{Heap before GC invocations=1049 (full 122):
 par new generation   total 6144K, used 5244K [0x00000000fec00000, 0x00000000ff2a0000, 0x00000000ff2a0000)
  eden space 5504K,  95% used [0x00000000fec00000, 0x00000000ff11b790, 0x00000000ff160000)
  from space 640K,   2% used [0x00000000ff200000, 0x00000000ff203870, 0x00000000ff2a0000)
  to   space 640K,   0% used [0x00000000ff160000, 0x00000000ff160000, 0x00000000ff200000)
 concurrent mark-sweep generation total 13696K, used 10369K [0x00000000ff2a0000, 0x0000000100000000, 0x0000000100000000)
 Metaspace       used 5071K, capacity 5248K, committed 5504K, reserved 1056768K
  class space    used 554K, capacity 592K, committed 640K, reserved 1048576K
2024-07-16T17:10:21.503+0800: 8.171: [GC (Allocation Failure) 2024-07-16T17:10:21.503+0800: 8.171: [ParNew: 5244K->6K(6144K), 0.0003987 secs] 15613K->11405K(19840K), 0.0004397 secs] [Times: user=0.00 sys=0.00, real=0.00 secs] 
Heap after GC invocations=1050 (full 122):
 par new generation   total 6144K, used 6K [0x00000000fec00000, 0x00000000ff2a0000, 0x00000000ff2a0000)
  eden space 5504K,   0% used [0x00000000fec00000, 0x00000000fec00000, 0x00000000ff160000)
  from space 640K,   0% used [0x00000000ff160000, 0x00000000ff161830, 0x00000000ff200000)
  to   space 640K,   0% used [0x00000000ff200000, 0x00000000ff200000, 0x00000000ff2a0000)
 concurrent mark-sweep generation total 13696K, used 11399K [0x00000000ff2a0000, 0x0000000100000000, 0x0000000100000000)
 Metaspace       used 5071K, capacity 5248K, committed 5504K, reserved 1056768K
  class space    used 554K, capacity 592K, committed 640K, reserved 1048576K
}
{Heap before GC invocations=1050 (full 122):
 par new generation   total 6144K, used 5235K [0x00000000fec00000, 0x00000000ff2a0000, 0x00000000ff2a0000)
  eden space 5504K,  95% used [0x00000000fec00000, 0x00000000ff11b790, 0x00000000ff160000)
  from space 640K,   0% used [0x00000000ff160000, 0x00000000ff161830, 0x00000000ff200000)
  to   space 640K,   0% used [0x00000000ff200000, 0x00000000ff200000, 0x00000000ff2a0000)
 concurrent mark-sweep generation total 13696K, used 11399K [0x00000000ff2a0000, 0x0000000100000000, 0x0000000100000000)
 Metaspace       used 5071K, capacity 5248K, committed 5504K, reserved 1056768K
  class space    used 554K, capacity 592K, committed 640K, reserved 1048576K
2024-07-16T17:10:21.509+0800: 8.177: [GC (Allocation Failure) 2024-07-16T17:10:21.509+0800: 8.177: [ParNew: 5235K->8K(6144K), 0.0006234 secs] 16635K->13455K(19840K), 0.0006728 secs] [Times: user=0.00 sys=0.00, real=0.00 secs] 
Heap after GC invocations=1051 (full 122):
 par new generation   total 6144K, used 8K [0x00000000fec00000, 0x00000000ff2a0000, 0x00000000ff2a0000)
  eden space 5504K,   0% used [0x00000000fec00000, 0x00000000fec00000, 0x00000000ff160000)
  from space 640K,   1% used [0x00000000ff200000, 0x00000000ff202040, 0x00000000ff2a0000)
  to   space 640K,   0% used [0x00000000ff160000, 0x00000000ff160000, 0x00000000ff200000)
 concurrent mark-sweep generation total 13696K, used 13447K [0x00000000ff2a0000, 0x0000000100000000, 0x0000000100000000)
 Metaspace       used 5071K, capacity 5248K, committed 5504K, reserved 1056768K
  class space    used 554K, capacity 592K, committed 640K, reserved 1048576K
}
2024-07-16T17:10:21.509+0800: 8.178: [CMS-concurrent-abortable-preclean: 0.000/0.066 secs] [Times: user=0.00 sys=0.00, real=0.07 secs] 
2024-07-16T17:10:21.509+0800: 8.178: [GC (CMS Final Remark) [YG occupancy: 1034 K (6144 K)]{Heap before GC invocations=1051 (full 122):
 par new generation   total 6144K, used 1034K [0x00000000fec00000, 0x00000000ff2a0000, 0x00000000ff2a0000)
  eden space 5504K,  18% used [0x00000000fec00000, 0x00000000fed00840, 0x00000000ff160000)
  from space 640K,   1% used [0x00000000ff200000, 0x00000000ff202040, 0x00000000ff2a0000)
  to   space 640K,   0% used [0x00000000ff160000, 0x00000000ff160000, 0x00000000ff200000)
 concurrent mark-sweep generation total 13696K, used 13447K [0x00000000ff2a0000, 0x0000000100000000, 0x0000000100000000)
 Metaspace       used 5071K, capacity 5248K, committed 5504K, reserved 1056768K
  class space    used 554K, capacity 592K, committed 640K, reserved 1048576K
2024-07-16T17:10:21.509+0800: 8.178: [GC (CMS Final Remark) 2024-07-16T17:10:21.509+0800: 8.178: [ParNew: 1034K->1034K(6144K), 0.0000079 secs] 14481K->14481K(19840K), 0.0000211 secs] [Times: user=0.00 sys=0.00, real=0.00 secs] 
Heap after GC invocations=1052 (full 122):
 par new generation   total 6144K, used 1034K [0x00000000fec00000, 0x00000000ff2a0000, 0x00000000ff2a0000)
  eden space 5504K,  18% used [0x00000000fec00000, 0x00000000fed00840, 0x00000000ff160000)
  from space 640K,   1% used [0x00000000ff200000, 0x00000000ff202040, 0x00000000ff2a0000)
  to   space 640K,   0% used [0x00000000ff160000, 0x00000000ff160000, 0x00000000ff200000)
 concurrent mark-sweep generation total 13696K, used 13447K [0x00000000ff2a0000, 0x0000000100000000, 0x0000000100000000)
 Metaspace       used 5071K, capacity 5248K, committed 5504K, reserved 1056768K
  class space    used 554K, capacity 592K, committed 640K, reserved 1048576K
}
2024-07-16T17:10:21.509+0800: 8.178: [Rescan (parallel) , 0.0001806 secs]2024-07-16T17:10:21.510+0800: 8.178: [weak refs processing, 0.0000140 secs]2024-07-16T17:10:21.510+0800: 8.178: [class unloading, 0.0003905 secs]2024-07-16T17:10:21.510+0800: 8.179: [scrub symbol table, 0.0003693 secs]2024-07-16T17:10:21.510+0800: 8.179: [scrub string table, 0.0001045 secs][1 CMS-remark: 13447K(13696K)] 14481K(19840K), 0.0011706 secs] [Times: user=0.00 sys=0.00, real=0.00 secs] 
2024-07-16T17:10:21.511+0800: 8.179: [CMS-concurrent-sweep-start]
2024-07-16T17:10:21.511+0800: 8.180: [CMS-concurrent-sweep: 0.000/0.000 secs] [Times: user=0.00 sys=0.00, real=0.00 secs] 
2024-07-16T17:10:21.511+0800: 8.180: [CMS-concurrent-reset-start]
2024-07-16T17:10:21.511+0800: 8.180: [CMS-concurrent-reset: 0.000/0.000 secs] [Times: user=0.00 sys=0.00, real=0.00 secs] 
{Heap before GC invocations=1052 (full 122):
 par new generation   total 6144K, used 5240K [0x00000000fec00000, 0x00000000ff2a0000, 0x00000000ff2a0000)
  eden space 5504K,  95% used [0x00000000fec00000, 0x00000000ff11bfc8, 0x00000000ff160000)
  from space 640K,   1% used [0x00000000ff200000, 0x00000000ff202040, 0x00000000ff2a0000)
  to   space 640K,   0% used [0x00000000ff160000, 0x00000000ff160000, 0x00000000ff200000)
 concurrent mark-sweep generation total 13696K, used 9351K [0x00000000ff2a0000, 0x0000000100000000, 0x0000000100000000)
 Metaspace       used 5071K, capacity 5248K, committed 5504K, reserved 1056768K
  class space    used 554K, capacity 592K, committed 640K, reserved 1048576K
2024-07-16T17:10:21.518+0800: 8.186: [GC (Allocation Failure) 2024-07-16T17:10:21.518+0800: 8.186: [ParNew: 5240K->6K(6144K), 0.0003576 secs] 14591K->10381K(19840K), 0.0003928 secs] [Times: user=0.00 sys=0.00, real=0.00 secs] 
Heap after GC invocations=1053 (full 122):
 par new generation   total 6144K, used 6K [0x00000000fec00000, 0x00000000ff2a0000, 0x00000000ff2a0000)
  eden space 5504K,   0% used [0x00000000fec00000, 0x00000000fec00000, 0x00000000ff160000)
  from space 640K,   0% used [0x00000000ff160000, 0x00000000ff161830, 0x00000000ff200000)
  to   space 640K,   0% used [0x00000000ff200000, 0x00000000ff200000, 0x00000000ff2a0000)
 concurrent mark-sweep generation total 13696K, used 10375K [0x00000000ff2a0000, 0x0000000100000000, 0x0000000100000000)
 Metaspace       used 5071K, capacity 5248K, committed 5504K, reserved 1056768K
  class space    used 554K, capacity 592K, committed 640K, reserved 1048576K
}
2024-07-16T17:10:21.518+0800: 8.187: [GC (CMS Initial Mark) [1 CMS-initial-mark: 10375K(13696K)] 11405K(19840K), 0.0001113 secs] [Times: user=0.00 sys=0.00, real=0.00 secs] 
2024-07-16T17:10:21.518+0800: 8.187: [CMS-concurrent-mark-start]
2024-07-16T17:10:21.520+0800: 8.188: [CMS-concurrent-mark: 0.001/0.001 secs] [Times: user=0.00 sys=0.00, real=0.00 secs] 
2024-07-16T17:10:21.520+0800: 8.188: [CMS-concurrent-preclean-start]
2024-07-16T17:10:21.520+0800: 8.188: [CMS-concurrent-preclean: 0.000/0.000 secs] [Times: user=0.00 sys=0.00, real=0.00 secs] 
2024-07-16T17:10:21.520+0800: 8.188: [CMS-concurrent-abortable-preclean-start]
{Heap before GC invocations=1053 (full 123):
 par new generation   total 6144K, used 5228K [0x00000000fec00000, 0x00000000ff2a0000, 0x00000000ff2a0000)
  eden space 5504K,  94% used [0x00000000fec00000, 0x00000000ff119958, 0x00000000ff160000)
  from space 640K,   0% used [0x00000000ff160000, 0x00000000ff161830, 0x00000000ff200000)
  to   space 640K,   0% used [0x00000000ff200000, 0x00000000ff200000, 0x00000000ff2a0000)
 concurrent mark-sweep generation total 13696K, used 10375K [0x00000000ff2a0000, 0x0000000100000000, 0x0000000100000000)
 Metaspace       used 5071K, capacity 5248K, committed 5504K, reserved 1056768K
  class space    used 554K, capacity 592K, committed 640K, reserved 1048576K
2024-07-16T17:10:21.524+0800: 8.192: [GC (Allocation Failure) 2024-07-16T17:10:21.524+0800: 8.192: [ParNew: 5228K->4K(6144K), 0.0003456 secs] 15603K->11405K(19840K), 0.0003745 secs] [Times: user=0.00 sys=0.00, real=0.00 secs] 
Heap after GC invocations=1054 (full 123):
 par new generation   total 6144K, used 4K [0x00000000fec00000, 0x00000000ff2a0000, 0x00000000ff2a0000)
  eden space 5504K,   0% used [0x00000000fec00000, 0x00000000fec00000, 0x00000000ff160000)
  from space 640K,   0% used [0x00000000ff200000, 0x00000000ff201020, 0x00000000ff2a0000)
  to   space 640K,   0% used [0x00000000ff160000, 0x00000000ff160000, 0x00000000ff200000)
 concurrent mark-sweep generation total 13696K, used 11401K [0x00000000ff2a0000, 0x0000000100000000, 0x0000000100000000)
 Metaspace       used 5071K, capacity 5248K, committed 5504K, reserved 1056768K
  class space    used 554K, capacity 592K, committed 640K, reserved 1048576K
}
{Heap before GC invocations=1054 (full 123):
 par new generation   total 6144K, used 5229K [0x00000000fec00000, 0x00000000ff2a0000, 0x00000000ff2a0000)
  eden space 5504K,  94% used [0x00000000fec00000, 0x00000000ff11a428, 0x00000000ff160000)
  from space 640K,   0% used [0x00000000ff200000, 0x00000000ff201020, 0x00000000ff2a0000)
  to   space 640K,   0% used [0x00000000ff160000, 0x00000000ff160000, 0x00000000ff200000)
 concurrent mark-sweep generation total 13696K, used 11401K [0x00000000ff2a0000, 0x0000000100000000, 0x0000000100000000)
 Metaspace       used 5071K, capacity 5248K, committed 5504K, reserved 1056768K
  class space    used 554K, capacity 592K, committed 640K, reserved 1048576K
2024-07-16T17:10:21.530+0800: 8.198: [GC (Allocation Failure) 2024-07-16T17:10:21.530+0800: 8.198: [ParNew: 5229K->6K(6144K), 0.0004185 secs] 16630K->12431K(19840K), 0.0004688 secs] [Times: user=0.00 sys=0.00, real=0.00 secs] 
Heap after GC invocations=1055 (full 123):
 par new generation   total 6144K, used 6K [0x00000000fec00000, 0x00000000ff2a0000, 0x00000000ff2a0000)
  eden space 5504K,   0% used [0x00000000fec00000, 0x00000000fec00000, 0x00000000ff160000)
  from space 640K,   0% used [0x00000000ff160000, 0x00000000ff161830, 0x00000000ff200000)
  to   space 640K,   0% used [0x00000000ff200000, 0x00000000ff200000, 0x00000000ff2a0000)
 concurrent mark-sweep generation total 13696K, used 12425K [0x00000000ff2a0000, 0x0000000100000000, 0x0000000100000000)
 Metaspace       used 5071K, capacity 5248K, committed 5504K, reserved 1056768K
  class space    used 554K, capacity 592K, committed 640K, reserved 1048576K
}
{Heap before GC invocations=1055 (full 123):
 par new generation   total 6144K, used 5232K [0x00000000fec00000, 0x00000000ff2a0000, 0x00000000ff2a0000)
  eden space 5504K,  94% used [0x00000000fec00000, 0x00000000ff11ab18, 0x00000000ff160000)
  from space 640K,   0% used [0x00000000ff160000, 0x00000000ff161830, 0x00000000ff200000)
  to   space 640K,   0% used [0x00000000ff200000, 0x00000000ff200000, 0x00000000ff2a0000)
 concurrent mark-sweep generation total 13696K, used 12425K [0x00000000ff2a0000, 0x0000000100000000, 0x0000000100000000)
 Metaspace       used 5071K, capacity 5248K, committed 5504K, reserved 1056768K
  class space    used 554K, capacity 592K, committed 640K, reserved 1048576K
2024-07-16T17:10:21.538+0800: 8.206: [GC (Allocation Failure) 2024-07-16T17:10:21.538+0800: 8.206: [ParNew: 5232K->5232K(6144K), 0.0000097 secs]2024-07-16T17:10:21.538+0800: 8.206: [CMS2024-07-16T17:10:21.538+0800: 8.206: [CMS-concurrent-abortable-preclean: 0.000/0.018 secs] [Times: user=0.00 sys=0.00, real=0.02 secs] 
 (concurrent mode failure): 12425K->1141K(13696K), 0.0022820 secs] 17658K->1141K(19840K), [Metaspace: 5071K->5071K(1056768K)], 0.0023357 secs] [Times: user=0.00 sys=0.00, real=0.00 secs] 
Heap after GC invocations=1056 (full 124):
 par new generation   total 6144K, used 0K [0x00000000fec00000, 0x00000000ff2a0000, 0x00000000ff2a0000)
  eden space 5504K,   0% used [0x00000000fec00000, 0x00000000fec00000, 0x00000000ff160000)
  from space 640K,   0% used [0x00000000ff160000, 0x00000000ff160000, 0x00000000ff200000)
  to   space 640K,   0% used [0x00000000ff200000, 0x00000000ff200000, 0x00000000ff2a0000)
 concurrent mark-sweep generation total 13696K, used 1141K [0x00000000ff2a0000, 0x0000000100000000, 0x0000000100000000)
 Metaspace       used 5071K, capacity 5248K, committed 5504K, reserved 1056768K
  class space    used 554K, capacity 592K, committed 640K, reserved 1048576K
}
{Heap before GC invocations=1056 (full 124):
 par new generation   total 6144K, used 5227K [0x00000000fec00000, 0x00000000ff2a0000, 0x00000000ff2a0000)
  eden space 5504K,  94% used [0x00000000fec00000, 0x00000000ff11af90, 0x00000000ff160000)
  from space 640K,   0% used [0x00000000ff160000, 0x00000000ff160000, 0x00000000ff200000)
  to   space 640K,   0% used [0x00000000ff200000, 0x00000000ff200000, 0x00000000ff2a0000)
 concurrent mark-sweep generation total 13696K, used 1141K [0x00000000ff2a0000, 0x0000000100000000, 0x0000000100000000)
 Metaspace       used 5071K, capacity 5248K, committed 5504K, reserved 1056768K
  class space    used 554K, capacity 592K, committed 640K, reserved 1048576K
2024-07-16T17:10:21.548+0800: 8.216: [GC (Allocation Failure) 2024-07-16T17:10:21.548+0800: 8.216: [ParNew: 5227K->2K(6144K), 0.0002554 secs] 6368K->1143K(19840K), 0.0002908 secs] [Times: user=0.00 sys=0.00, real=0.00 secs] 
Heap after GC invocations=1057 (full 124):
 par new generation   total 6144K, used 2K [0x00000000fec00000, 0x00000000ff2a0000, 0x00000000ff2a0000)
  eden space 5504K,   0% used [0x00000000fec00000, 0x00000000fec00000, 0x00000000ff160000)
  from space 640K,   0% used [0x00000000ff200000, 0x00000000ff200810, 0x00000000ff2a0000)
  to   space 640K,   0% used [0x00000000ff160000, 0x00000000ff160000, 0x00000000ff200000)
 concurrent mark-sweep generation total 13696K, used 1141K [0x00000000ff2a0000, 0x0000000100000000, 0x0000000100000000)
 Metaspace       used 5071K, capacity 5248K, committed 5504K, reserved 1056768K
  class space    used 554K, capacity 592K, committed 640K, reserved 1048576K
}
{Heap before GC invocations=1057 (full 124):
 par new generation   total 6144K, used 5230K [0x00000000fec00000, 0x00000000ff2a0000, 0x00000000ff2a0000)
  eden space 5504K,  94% used [0x00000000fec00000, 0x00000000ff11b270, 0x00000000ff160000)
  from space 640K,   0% used [0x00000000ff200000, 0x00000000ff200810, 0x00000000ff2a0000)
  to   space 640K,   0% used [0x00000000ff160000, 0x00000000ff160000, 0x00000000ff200000)
 concurrent mark-sweep generation total 13696K, used 1141K [0x00000000ff2a0000, 0x0000000100000000, 0x0000000100000000)
 Metaspace       used 5071K, capacity 5248K, committed 5504K, reserved 1056768K
  class space    used 554K, capacity 592K, committed 640K, reserved 1048576K
2024-07-16T17:10:21.555+0800: 8.223: [GC (Allocation Failure) 2024-07-16T17:10:21.555+0800: 8.223: [ParNew: 5230K->4K(6144K), 0.0004000 secs] 6371K->2171K(19840K), 0.0004396 secs] [Times: user=0.00 sys=0.00, real=0.00 secs] 
Heap after GC invocations=1058 (full 124):
 par new generation   total 6144K, used 4K [0x00000000fec00000, 0x00000000ff2a0000, 0x00000000ff2a0000)
  eden space 5504K,   0% used [0x00000000fec00000, 0x00000000fec00000, 0x00000000ff160000)
  from space 640K,   0% used [0x00000000ff160000, 0x00000000ff161020, 0x00000000ff200000)
  to   space 640K,   0% used [0x00000000ff200000, 0x00000000ff200000, 0x00000000ff2a0000)
 concurrent mark-sweep generation total 13696K, used 2167K [0x00000000ff2a0000, 0x0000000100000000, 0x0000000100000000)
 Metaspace       used 5071K, capacity 5248K, committed 5504K, reserved 1056768K
  class space    used 554K, capacity 592K, committed 640K, reserved 1048576K
}
{Heap before GC invocations=1058 (full 124):
 par new generation   total 6144K, used 5233K [0x00000000fec00000, 0x00000000ff2a0000, 0x00000000ff2a0000)
  eden space 5504K,  95% used [0x00000000fec00000, 0x00000000ff11b448, 0x00000000ff160000)
  from space 640K,   0% used [0x00000000ff160000, 0x00000000ff161020, 0x00000000ff200000)
  to   space 640K,   0% used [0x00000000ff200000, 0x00000000ff200000, 0x00000000ff2a0000)
 concurrent mark-sweep generation total 13696K, used 2167K [0x00000000ff2a0000, 0x0000000100000000, 0x0000000100000000)
 Metaspace       used 5071K, capacity 5248K, committed 5504K, reserved 1056768K
  class space    used 554K, capacity 592K, committed 640K, reserved 1048576K
2024-07-16T17:10:21.562+0800: 8.230: [GC (Allocation Failure) 2024-07-16T17:10:21.562+0800: 8.230: [ParNew: 5233K->4K(6144K), 0.0002784 secs] 7400K->2171K(19840K), 0.0003098 secs] [Times: user=0.00 sys=0.00, real=0.00 secs] 
Heap after GC invocations=1059 (full 124):
 par new generation   total 6144K, used 4K [0x00000000fec00000, 0x00000000ff2a0000, 0x00000000ff2a0000)
  eden space 5504K,   0% used [0x00000000fec00000, 0x00000000fec00000, 0x00000000ff160000)
  from space 640K,   0% used [0x00000000ff200000, 0x00000000ff201020, 0x00000000ff2a0000)
  to   space 640K,   0% used [0x00000000ff160000, 0x00000000ff160000, 0x00000000ff200000)
 concurrent mark-sweep generation total 13696K, used 2167K [0x00000000ff2a0000, 0x0000000100000000, 0x0000000100000000)
 Metaspace       used 5071K, capacity 5248K, committed 5504K, reserved 1056768K
  class space    used 554K, capacity 592K, committed 640K, reserved 1048576K
}
{Heap before GC invocations=1059 (full 124):
 par new generation   total 6144K, used 5233K [0x00000000fec00000, 0x00000000ff2a0000, 0x00000000ff2a0000)
  eden space 5504K,  95% used [0x00000000fec00000, 0x00000000ff11b578, 0x00000000ff160000)
  from space 640K,   0% used [0x00000000ff200000, 0x00000000ff201020, 0x00000000ff2a0000)
  to   space 640K,   0% used [0x00000000ff160000, 0x00000000ff160000, 0x00000000ff200000)
 concurrent mark-sweep generation total 13696K, used 2167K [0x00000000ff2a0000, 0x0000000100000000, 0x0000000100000000)
 Metaspace       used 5071K, capacity 5248K, committed 5504K, reserved 1056768K
  class space    used 554K, capacity 592K, committed 640K, reserved 1048576K
2024-07-16T17:10:21.570+0800: 8.238: [GC (Allocation Failure) 2024-07-16T17:10:21.570+0800: 8.238: [ParNew: 5233K->4K(6144K), 0.0002998 secs] 7400K->2171K(19840K), 0.0003417 secs] [Times: user=0.00 sys=0.00, real=0.00 secs] 
Heap after GC invocations=1060 (full 124):
 par new generation   total 6144K, used 4K [0x00000000fec00000, 0x00000000ff2a0000, 0x00000000ff2a0000)
  eden space 5504K,   0% used [0x00000000fec00000, 0x00000000fec00000, 0x00000000ff160000)
  from space 640K,   0% used [0x00000000ff160000, 0x00000000ff161020, 0x00000000ff200000)
  to   space 640K,   0% used [0x00000000ff200000, 0x00000000ff200000, 0x00000000ff2a0000)
 concurrent mark-sweep generation total 13696K, used 2167K [0x00000000ff2a0000, 0x0000000100000000, 0x0000000100000000)
 Metaspace       used 5071K, capacity 5248K, committed 5504K, reserved 1056768K
  class space    used 554K, capacity 592K, committed 640K, reserved 1048576K
}
{Heap before GC invocations=1060 (full 124):
 par new generation   total 6144K, used 5233K [0x00000000fec00000, 0x00000000ff2a0000, 0x00000000ff2a0000)
  eden space 5504K,  95% used [0x00000000fec00000, 0x00000000ff11b640, 0x00000000ff160000)
  from space 640K,   0% used [0x00000000ff160000, 0x00000000ff161020, 0x00000000ff200000)
  to   space 640K,   0% used [0x00000000ff200000, 0x00000000ff200000, 0x00000000ff2a0000)
 concurrent mark-sweep generation total 13696K, used 2167K [0x00000000ff2a0000, 0x0000000100000000, 0x0000000100000000)
 Metaspace       used 5071K, capacity 5248K, committed 5504K, reserved 1056768K
  class space    used 554K, capacity 592K, committed 640K, reserved 1048576K
2024-07-16T17:10:21.576+0800: 8.244: [GC (Allocation Failure) 2024-07-16T17:10:21.576+0800: 8.244: [ParNew: 5233K->6K(6144K), 0.0004166 secs] 7400K->3199K(19840K), 0.0004644 secs] [Times: user=0.00 sys=0.00, real=0.00 secs] 
Heap after GC invocations=1061 (full 124):
 par new generation   total 6144K, used 6K [0x00000000fec00000, 0x00000000ff2a0000, 0x00000000ff2a0000)
  eden space 5504K,   0% used [0x00000000fec00000, 0x00000000fec00000, 0x00000000ff160000)
  from space 640K,   0% used [0x00000000ff200000, 0x00000000ff201830, 0x00000000ff2a0000)
  to   space 640K,   0% used [0x00000000ff160000, 0x00000000ff160000, 0x00000000ff200000)
 concurrent mark-sweep generation total 13696K, used 3193K [0x00000000ff2a0000, 0x0000000100000000, 0x0000000100000000)
 Metaspace       used 5071K, capacity 5248K, committed 5504K, reserved 1056768K
  class space    used 554K, capacity 592K, committed 640K, reserved 1048576K
}
{Heap before GC invocations=1061 (full 124):
 par new generation   total 6144K, used 5235K [0x00000000fec00000, 0x00000000ff2a0000, 0x00000000ff2a0000)
  eden space 5504K,  95% used [0x00000000fec00000, 0x00000000ff11b6b8, 0x00000000ff160000)
  from space 640K,   0% used [0x00000000ff200000, 0x00000000ff201830, 0x00000000ff2a0000)
  to   space 640K,   0% used [0x00000000ff160000, 0x00000000ff160000, 0x00000000ff200000)
 concurrent mark-sweep generation total 13696K, used 3193K [0x00000000ff2a0000, 0x0000000100000000, 0x0000000100000000)
 Metaspace       used 5071K, capacity 5248K, committed 5504K, reserved 1056768K
  class space    used 554K, capacity 592K, committed 640K, reserved 1048576K
2024-07-16T17:10:21.584+0800: 8.252: [GC (Allocation Failure) 2024-07-16T17:10:21.584+0800: 8.252: [ParNew: 5235K->10K(6144K), 0.0003513 secs] 8428K->4229K(19840K), 0.0003926 secs] [Times: user=0.00 sys=0.00, real=0.00 secs] 
Heap after GC invocations=1062 (full 124):
 par new generation   total 6144K, used 10K [0x00000000fec00000, 0x00000000ff2a0000, 0x00000000ff2a0000)
  eden space 5504K,   0% used [0x00000000fec00000, 0x00000000fec00000, 0x00000000ff160000)
  from space 640K,   1% used [0x00000000ff160000, 0x00000000ff162850, 0x00000000ff200000)
  to   space 640K,   0% used [0x00000000ff200000, 0x00000000ff200000, 0x00000000ff2a0000)
 concurrent mark-sweep generation total 13696K, used 4219K [0x00000000ff2a0000, 0x0000000100000000, 0x0000000100000000)
 Metaspace       used 5071K, capacity 5248K, committed 5504K, reserved 1056768K
  class space    used 554K, capacity 592K, committed 640K, reserved 1048576K
}
2024-07-16T17:10:21.584+0800: 8.253: [GC (CMS Initial Mark) [1 CMS-initial-mark: 4219K(13696K)] 5253K(19840K), 0.0001092 secs] [Times: user=0.00 sys=0.00, real=0.00 secs] 
2024-07-16T17:10:21.584+0800: 8.253: [CMS-concurrent-mark-start]
2024-07-16T17:10:21.585+0800: 8.254: [CMS-concurrent-mark: 0.001/0.001 secs] [Times: user=0.00 sys=0.00, real=0.00 secs] 
2024-07-16T17:10:21.585+0800: 8.254: [CMS-concurrent-preclean-start]
2024-07-16T17:10:21.585+0800: 8.254: [CMS-concurrent-preclean: 0.000/0.000 secs] [Times: user=0.00 sys=0.00, real=0.00 secs] 
2024-07-16T17:10:21.586+0800: 8.254: [GC (CMS Final Remark) [YG occupancy: 2165 K (6144 K)]{Heap before GC invocations=1062 (full 125):
 par new generation   total 6144K, used 2165K [0x00000000fec00000, 0x00000000ff2a0000, 0x00000000ff2a0000)
  eden space 5504K,  39% used [0x00000000fec00000, 0x00000000fee1aea8, 0x00000000ff160000)
  from space 640K,   1% used [0x00000000ff160000, 0x00000000ff162850, 0x00000000ff200000)
  to   space 640K,   0% used [0x00000000ff200000, 0x00000000ff200000, 0x00000000ff2a0000)
 concurrent mark-sweep generation total 13696K, used 4219K [0x00000000ff2a0000, 0x0000000100000000, 0x0000000100000000)
 Metaspace       used 5071K, capacity 5248K, committed 5504K, reserved 1056768K
  class space    used 554K, capacity 592K, committed 640K, reserved 1048576K
2024-07-16T17:10:21.586+0800: 8.254: [GC (CMS Final Remark) 2024-07-16T17:10:21.586+0800: 8.254: [ParNew: 2165K->6K(6144K), 0.0003492 secs] 6384K->6275K(19840K), 0.0003667 secs] [Times: user=0.00 sys=0.00, real=0.00 secs] 
Heap after GC invocations=1063 (full 125):
 par new generation   total 6144K, used 6K [0x00000000fec00000, 0x00000000ff2a0000, 0x00000000ff2a0000)
  eden space 5504K,   0% used [0x00000000fec00000, 0x00000000fec00000, 0x00000000ff160000)
  from space 640K,   0% used [0x00000000ff200000, 0x00000000ff201830, 0x00000000ff2a0000)
  to   space 640K,   0% used [0x00000000ff160000, 0x00000000ff160000, 0x00000000ff200000)
 concurrent mark-sweep generation total 13696K, used 6269K [0x00000000ff2a0000, 0x0000000100000000, 0x0000000100000000)
 Metaspace       used 5071K, capacity 5248K, committed 5504K, reserved 1056768K
  class space    used 554K, capacity 592K, committed 640K, reserved 1048576K
}
2024-07-16T17:10:21.586+0800: 8.255: [Rescan (parallel) , 0.0001151 secs]2024-07-16T17:10:21.586+0800: 8.255: [weak refs processing, 0.0000108 secs]2024-07-16T17:10:21.586+0800: 8.255: [class unloading, 0.0002927 secs]2024-07-16T17:10:21.586+0800: 8.255: [scrub symbol table, 0.0003413 secs]2024-07-16T17:10:21.587+0800: 8.256: [scrub string table, 0.0000785 secs][1 CMS-remark: 6269K(13696K)] 6275K(19840K), 0.0012878 secs] [Times: user=0.00 sys=0.00, real=0.00 secs] 
2024-07-16T17:10:21.587+0800: 8.256: [CMS-concurrent-sweep-start]
2024-07-16T17:10:21.587+0800: 8.256: [CMS-concurrent-sweep: 0.000/0.000 secs] [Times: user=0.00 sys=0.00, real=0.00 secs] 
2024-07-16T17:10:21.587+0800: 8.256: [CMS-concurrent-reset-start]
2024-07-16T17:10:21.587+0800: 8.256: [CMS-concurrent-reset: 0.000/0.000 secs] [Times: user=0.00 sys=0.00, real=0.00 secs] 
{Heap before GC invocations=1063 (full 125):
 par new generation   total 6144K, used 5235K [0x00000000fec00000, 0x00000000ff2a0000, 0x00000000ff2a0000)
  eden space 5504K,  95% used [0x00000000fec00000, 0x00000000ff11b708, 0x00000000ff160000)
  from space 640K,   0% used [0x00000000ff200000, 0x00000000ff201830, 0x00000000ff2a0000)
  to   space 640K,   0% used [0x00000000ff160000, 0x00000000ff160000, 0x00000000ff200000)
 concurrent mark-sweep generation total 13696K, used 4221K [0x00000000ff2a0000, 0x0000000100000000, 0x0000000100000000)
 Metaspace       used 5071K, capacity 5248K, committed 5504K, reserved 1056768K
  class space    used 554K, capacity 592K, committed 640K, reserved 1048576K
2024-07-16T17:10:21.596+0800: 8.264: [GC (Allocation Failure) 2024-07-16T17:10:21.596+0800: 8.264: [ParNew: 5235K->2K(6144K), 0.0002893 secs] 9456K->4223K(19840K), 0.0003229 secs] [Times: user=0.00 sys=0.00, real=0.00 secs] 
Heap after GC invocations=1064 (full 125):
 par new generation   total 6144K, used 2K [0x00000000fec00000, 0x00000000ff2a0000, 0x00000000ff2a0000)
  eden space 5504K,   0% used [0x00000000fec00000, 0x00000000fec00000, 0x00000000ff160000)
  from space 640K,   0% used [0x00000000ff160000, 0x00000000ff160810, 0x00000000ff200000)
  to   space 640K,   0% used [0x00000000ff200000, 0x00000000ff200000, 0x00000000ff2a0000)
 concurrent mark-sweep generation total 13696K, used 4221K [0x00000000ff2a0000, 0x0000000100000000, 0x0000000100000000)
 Metaspace       used 5071K, capacity 5248K, committed 5504K, reserved 1056768K
  class space    used 554K, capacity 592K, committed 640K, reserved 1048576K
}
{Heap before GC invocations=1064 (full 125):
 par new generation   total 6144K, used 5231K [0x00000000fec00000, 0x00000000ff2a0000, 0x00000000ff2a0000)
  eden space 5504K,  95% used [0x00000000fec00000, 0x00000000ff11b738, 0x00000000ff160000)
  from space 640K,   0% used [0x00000000ff160000, 0x00000000ff160810, 0x00000000ff200000)
  to   space 640K,   0% used [0x00000000ff200000, 0x00000000ff200000, 0x00000000ff2a0000)
 concurrent mark-sweep generation total 13696K, used 4221K [0x00000000ff2a0000, 0x0000000100000000, 0x0000000100000000)
 Metaspace       used 5071K, capacity 5248K, committed 5504K, reserved 1056768K
  class space    used 554K, capacity 592K, committed 640K, reserved 1048576K
2024-07-16T17:10:21.603+0800: 8.271: [GC (Allocation Failure) 2024-07-16T17:10:21.603+0800: 8.271: [ParNew: 5231K->4K(6144K), 0.0002978 secs] 9452K->4225K(19840K), 0.0003410 secs] [Times: user=0.00 sys=0.00, real=0.00 secs] 
Heap after GC invocations=1065 (full 125):
 par new generation   total 6144K, used 4K [0x00000000fec00000, 0x00000000ff2a0000, 0x00000000ff2a0000)
  eden space 5504K,   0% used [0x00000000fec00000, 0x00000000fec00000, 0x00000000ff160000)
  from space 640K,   0% used [0x00000000ff200000, 0x00000000ff201020, 0x00000000ff2a0000)
  to   space 640K,   0% used [0x00000000ff160000, 0x00000000ff160000, 0x00000000ff200000)
 concurrent mark-sweep generation total 13696K, used 4221K [0x00000000ff2a0000, 0x0000000100000000, 0x0000000100000000)
 Metaspace       used 5071K, capacity 5248K, committed 5504K, reserved 1056768K
  class space    used 554K, capacity 592K, committed 640K, reserved 1048576K
}
{Heap before GC invocations=1065 (full 125):
 par new generation   total 6144K, used 5233K [0x00000000fec00000, 0x00000000ff2a0000, 0x00000000ff2a0000)
  eden space 5504K,  95% used [0x00000000fec00000, 0x00000000ff11b760, 0x00000000ff160000)
  from space 640K,   0% used [0x00000000ff200000, 0x00000000ff201020, 0x00000000ff2a0000)
  to   space 640K,   0% used [0x00000000ff160000, 0x00000000ff160000, 0x00000000ff200000)
 concurrent mark-sweep generation total 13696K, used 4221K [0x00000000ff2a0000, 0x0000000100000000, 0x0000000100000000)
 Metaspace       used 5071K, capacity 5248K, committed 5504K, reserved 1056768K
  class space    used 554K, capacity 592K, committed 640K, reserved 1048576K
2024-07-16T17:10:21.609+0800: 8.277: [GC (Allocation Failure) 2024-07-16T17:10:21.609+0800: 8.277: [ParNew: 5233K->8K(6144K), 0.0003782 secs] 9455K->5255K(19840K), 0.0004103 secs] [Times: user=0.00 sys=0.00, real=0.00 secs] 
Heap after GC invocations=1066 (full 125):
 par new generation   total 6144K, used 8K [0x00000000fec00000, 0x00000000ff2a0000, 0x00000000ff2a0000)
  eden space 5504K,   0% used [0x00000000fec00000, 0x00000000fec00000, 0x00000000ff160000)
  from space 640K,   1% used [0x00000000ff160000, 0x00000000ff162040, 0x00000000ff200000)
  to   space 640K,   0% used [0x00000000ff200000, 0x00000000ff200000, 0x00000000ff2a0000)
 concurrent mark-sweep generation total 13696K, used 5247K [0x00000000ff2a0000, 0x0000000100000000, 0x0000000100000000)
 Metaspace       used 5071K, capacity 5248K, committed 5504K, reserved 1056768K
  class space    used 554K, capacity 592K, committed 640K, reserved 1048576K
}
{Heap before GC invocations=1066 (full 125):
 par new generation   total 6144K, used 5237K [0x00000000fec00000, 0x00000000ff2a0000, 0x00000000ff2a0000)
  eden space 5504K,  95% used [0x00000000fec00000, 0x00000000ff11b778, 0x00000000ff160000)
  from space 640K,   1% used [0x00000000ff160000, 0x00000000ff162040, 0x00000000ff200000)
  to   space 640K,   0% used [0x00000000ff200000, 0x00000000ff200000, 0x00000000ff2a0000)
 concurrent mark-sweep generation total 13696K, used 5247K [0x00000000ff2a0000, 0x0000000100000000, 0x0000000100000000)
 Metaspace       used 5071K, capacity 5248K, committed 5504K, reserved 1056768K
  class space    used 554K, capacity 592K, committed 640K, reserved 1048576K
2024-07-16T17:10:21.616+0800: 8.284: [GC (Allocation Failure) 2024-07-16T17:10:21.616+0800: 8.284: [ParNew: 5237K->4K(6144K), 0.0002650 secs] 10485K->5251K(19840K), 0.0002989 secs] [Times: user=0.00 sys=0.00, real=0.00 secs] 
Heap after GC invocations=1067 (full 125):
 par new generation   total 6144K, used 4K [0x00000000fec00000, 0x00000000ff2a0000, 0x00000000ff2a0000)
  eden space 5504K,   0% used [0x00000000fec00000, 0x00000000fec00000, 0x00000000ff160000)
  from space 640K,   0% used [0x00000000ff200000, 0x00000000ff201020, 0x00000000ff2a0000)
  to   space 640K,   0% used [0x00000000ff160000, 0x00000000ff160000, 0x00000000ff200000)
 concurrent mark-sweep generation total 13696K, used 5247K [0x00000000ff2a0000, 0x0000000100000000, 0x0000000100000000)
 Metaspace       used 5071K, capacity 5248K, committed 5504K, reserved 1056768K
  class space    used 554K, capacity 592K, committed 640K, reserved 1048576K
}
{Heap before GC invocations=1067 (full 125):
 par new generation   total 6144K, used 5233K [0x00000000fec00000, 0x00000000ff2a0000, 0x00000000ff2a0000)
  eden space 5504K,  95% used [0x00000000fec00000, 0x00000000ff11b780, 0x00000000ff160000)
  from space 640K,   0% used [0x00000000ff200000, 0x00000000ff201020, 0x00000000ff2a0000)
  to   space 640K,   0% used [0x00000000ff160000, 0x00000000ff160000, 0x00000000ff200000)
 concurrent mark-sweep generation total 13696K, used 5247K [0x00000000ff2a0000, 0x0000000100000000, 0x0000000100000000)
 Metaspace       used 5071K, capacity 5248K, committed 5504K, reserved 1056768K
  class space    used 554K, capacity 592K, committed 640K, reserved 1048576K
2024-07-16T17:10:21.625+0800: 8.293: [GC (Allocation Failure) 2024-07-16T17:10:21.625+0800: 8.293: [ParNew: 5233K->4K(6144K), 0.0002985 secs] 10481K->5251K(19840K), 0.0003463 secs] [Times: user=0.00 sys=0.00, real=0.00 secs] 
Heap after GC invocations=1068 (full 125):
 par new generation   total 6144K, used 4K [0x00000000fec00000, 0x00000000ff2a0000, 0x00000000ff2a0000)
  eden space 5504K,   0% used [0x00000000fec00000, 0x00000000fec00000, 0x00000000ff160000)
  from space 640K,   0% used [0x00000000ff160000, 0x00000000ff161020, 0x00000000ff200000)
  to   space 640K,   0% used [0x00000000ff200000, 0x00000000ff200000, 0x00000000ff2a0000)
 concurrent mark-sweep generation total 13696K, used 5247K [0x00000000ff2a0000, 0x0000000100000000, 0x0000000100000000)
 Metaspace       used 5071K, capacity 5248K, committed 5504K, reserved 1056768K
  class space    used 554K, capacity 592K, committed 640K, reserved 1048576K
}
{Heap before GC invocations=1068 (full 125):
 par new generation   total 6144K, used 5233K [0x00000000fec00000, 0x00000000ff2a0000, 0x00000000ff2a0000)
  eden space 5504K,  95% used [0x00000000fec00000, 0x00000000ff11b788, 0x00000000ff160000)
  from space 640K,   0% used [0x00000000ff160000, 0x00000000ff161020, 0x00000000ff200000)
  to   space 640K,   0% used [0x00000000ff200000, 0x00000000ff200000, 0x00000000ff2a0000)
 concurrent mark-sweep generation total 13696K, used 5247K [0x00000000ff2a0000, 0x0000000100000000, 0x0000000100000000)
 Metaspace       used 5071K, capacity 5248K, committed 5504K, reserved 1056768K
  class space    used 554K, capacity 592K, committed 640K, reserved 1048576K
2024-07-16T17:10:21.631+0800: 8.299: [GC (Allocation Failure) 2024-07-16T17:10:21.631+0800: 8.299: [ParNew: 5233K->10K(6144K), 0.0003498 secs] 10481K->6281K(19840K), 0.0003911 secs] [Times: user=0.00 sys=0.00, real=0.00 secs] 
Heap after GC invocations=1069 (full 125):
 par new generation   total 6144K, used 10K [0x00000000fec00000, 0x00000000ff2a0000, 0x00000000ff2a0000)
  eden space 5504K,   0% used [0x00000000fec00000, 0x00000000fec00000, 0x00000000ff160000)
  from space 640K,   1% used [0x00000000ff200000, 0x00000000ff202850, 0x00000000ff2a0000)
  to   space 640K,   0% used [0x00000000ff160000, 0x00000000ff160000, 0x00000000ff200000)
 concurrent mark-sweep generation total 13696K, used 6271K [0x00000000ff2a0000, 0x0000000100000000, 0x0000000100000000)
 Metaspace       used 5071K, capacity 5248K, committed 5504K, reserved 1056768K
  class space    used 554K, capacity 592K, committed 640K, reserved 1048576K
}
{Heap before GC invocations=1069 (full 125):
 par new generation   total 6144K, used 5239K [0x00000000fec00000, 0x00000000ff2a0000, 0x00000000ff2a0000)
  eden space 5504K,  95% used [0x00000000fec00000, 0x00000000ff11b790, 0x00000000ff160000)
  from space 640K,   1% used [0x00000000ff200000, 0x00000000ff202850, 0x00000000ff2a0000)
  to   space 640K,   0% used [0x00000000ff160000, 0x00000000ff160000, 0x00000000ff200000)
 concurrent mark-sweep generation total 13696K, used 6271K [0x00000000ff2a0000, 0x0000000100000000, 0x0000000100000000)
 Metaspace       used 5071K, capacity 5248K, committed 5504K, reserved 1056768K
  class space    used 554K, capacity 592K, committed 640K, reserved 1048576K
2024-07-16T17:10:21.640+0800: 8.308: [GC (Allocation Failure) 2024-07-16T17:10:21.640+0800: 8.308: [ParNew: 5239K->2K(6144K), 0.0002718 secs] 11511K->6273K(19840K), 0.0003120 secs] [Times: user=0.00 sys=0.00, real=0.00 secs] 
Heap after GC invocations=1070 (full 125):
 par new generation   total 6144K, used 2K [0x00000000fec00000, 0x00000000ff2a0000, 0x00000000ff2a0000)
  eden space 5504K,   0% used [0x00000000fec00000, 0x00000000fec00000, 0x00000000ff160000)
  from space 640K,   0% used [0x00000000ff160000, 0x00000000ff160810, 0x00000000ff200000)
  to   space 640K,   0% used [0x00000000ff200000, 0x00000000ff200000, 0x00000000ff2a0000)
 concurrent mark-sweep generation total 13696K, used 6271K [0x00000000ff2a0000, 0x0000000100000000, 0x0000000100000000)
 Metaspace       used 5071K, capacity 5248K, committed 5504K, reserved 1056768K
  class space    used 554K, capacity 592K, committed 640K, reserved 1048576K
}
{Heap before GC invocations=1070 (full 125):
 par new generation   total 6144K, used 5231K [0x00000000fec00000, 0x00000000ff2a0000, 0x00000000ff2a0000)
  eden space 5504K,  95% used [0x00000000fec00000, 0x00000000ff11b798, 0x00000000ff160000)
  from space 640K,   0% used [0x00000000ff160000, 0x00000000ff160810, 0x00000000ff200000)
  to   space 640K,   0% used [0x00000000ff200000, 0x00000000ff200000, 0x00000000ff2a0000)
 concurrent mark-sweep generation total 13696K, used 6271K [0x00000000ff2a0000, 0x0000000100000000, 0x0000000100000000)
 Metaspace       used 5071K, capacity 5248K, committed 5504K, reserved 1056768K
  class space    used 554K, capacity 592K, committed 640K, reserved 1048576K
2024-07-16T17:10:21.649+0800: 8.317: [GC (Allocation Failure) 2024-07-16T17:10:21.649+0800: 8.317: [ParNew: 5231K->4K(6144K), 0.0003371 secs] 11503K->6275K(19840K), 0.0004414 secs] [Times: user=0.00 sys=0.00, real=0.00 secs] 
Heap after GC invocations=1071 (full 125):
 par new generation   total 6144K, used 4K [0x00000000fec00000, 0x00000000ff2a0000, 0x00000000ff2a0000)
  eden space 5504K,   0% used [0x00000000fec00000, 0x00000000fec00000, 0x00000000ff160000)
  from space 640K,   0% used [0x00000000ff200000, 0x00000000ff201020, 0x00000000ff2a0000)
  to   space 640K,   0% used [0x00000000ff160000, 0x00000000ff160000, 0x00000000ff200000)
 concurrent mark-sweep generation total 13696K, used 6271K [0x00000000ff2a0000, 0x0000000100000000, 0x0000000100000000)
 Metaspace       used 5071K, capacity 5248K, committed 5504K, reserved 1056768K
  class space    used 554K, capacity 592K, committed 640K, reserved 1048576K
}
{Heap before GC invocations=1071 (full 125):
 par new generation   total 6144K, used 5233K [0x00000000fec00000, 0x00000000ff2a0000, 0x00000000ff2a0000)
  eden space 5504K,  95% used [0x00000000fec00000, 0x00000000ff11b798, 0x00000000ff160000)
  from space 640K,   0% used [0x00000000ff200000, 0x00000000ff201020, 0x00000000ff2a0000)
  to   space 640K,   0% used [0x00000000ff160000, 0x00000000ff160000, 0x00000000ff200000)
 concurrent mark-sweep generation total 13696K, used 6271K [0x00000000ff2a0000, 0x0000000100000000, 0x0000000100000000)
 Metaspace       used 5071K, capacity 5248K, committed 5504K, reserved 1056768K
  class space    used 554K, capacity 592K, committed 640K, reserved 1048576K
2024-07-16T17:10:21.657+0800: 8.325: [GC (Allocation Failure) 2024-07-16T17:10:21.657+0800: 8.325: [ParNew: 5233K->4K(6144K), 0.0002933 secs] 11505K->6275K(19840K), 0.0003332 secs] [Times: user=0.00 sys=0.00, real=0.00 secs] 
Heap after GC invocations=1072 (full 125):
 par new generation   total 6144K, used 4K [0x00000000fec00000, 0x00000000ff2a0000, 0x00000000ff2a0000)
  eden space 5504K,   0% used [0x00000000fec00000, 0x00000000fec00000, 0x00000000ff160000)
  from space 640K,   0% used [0x00000000ff160000, 0x00000000ff161020, 0x00000000ff200000)
  to   space 640K,   0% used [0x00000000ff200000, 0x00000000ff200000, 0x00000000ff2a0000)
 concurrent mark-sweep generation total 13696K, used 6271K [0x00000000ff2a0000, 0x0000000100000000, 0x0000000100000000)
 Metaspace       used 5071K, capacity 5248K, committed 5504K, reserved 1056768K
  class space    used 554K, capacity 592K, committed 640K, reserved 1048576K
}
{Heap before GC invocations=1072 (full 125):
 par new generation   total 6144K, used 5233K [0x00000000fec00000, 0x00000000ff2a0000, 0x00000000ff2a0000)
  eden space 5504K,  95% used [0x00000000fec00000, 0x00000000ff11b798, 0x00000000ff160000)
  from space 640K,   0% used [0x00000000ff160000, 0x00000000ff161020, 0x00000000ff200000)
  to   space 640K,   0% used [0x00000000ff200000, 0x00000000ff200000, 0x00000000ff2a0000)
 concurrent mark-sweep generation total 13696K, used 6271K [0x00000000ff2a0000, 0x0000000100000000, 0x0000000100000000)
 Metaspace       used 5071K, capacity 5248K, committed 5504K, reserved 1056768K
  class space    used 554K, capacity 592K, committed 640K, reserved 1048576K
2024-07-16T17:10:21.665+0800: 8.333: [GC (Allocation Failure) 2024-07-16T17:10:21.665+0800: 8.333: [ParNew: 5233K->4K(6144K), 0.0002806 secs] 11505K->6275K(19840K), 0.0003173 secs] [Times: user=0.00 sys=0.00, real=0.00 secs] 
Heap after GC invocations=1073 (full 125):
 par new generation   total 6144K, used 4K [0x00000000fec00000, 0x00000000ff2a0000, 0x00000000ff2a0000)
  eden space 5504K,   0% used [0x00000000fec00000, 0x00000000fec00000, 0x00000000ff160000)
  from space 640K,   0% used [0x00000000ff200000, 0x00000000ff201020, 0x00000000ff2a0000)
  to   space 640K,   0% used [0x00000000ff160000, 0x00000000ff160000, 0x00000000ff200000)
 concurrent mark-sweep generation total 13696K, used 6271K [0x00000000ff2a0000, 0x0000000100000000, 0x0000000100000000)
 Metaspace       used 5071K, capacity 5248K, committed 5504K, reserved 1056768K
  class space    used 554K, capacity 592K, committed 640K, reserved 1048576K
}
{Heap before GC invocations=1073 (full 125):
 par new generation   total 6144K, used 5233K [0x00000000fec00000, 0x00000000ff2a0000, 0x00000000ff2a0000)
  eden space 5504K,  95% used [0x00000000fec00000, 0x00000000ff11b798, 0x00000000ff160000)
  from space 640K,   0% used [0x00000000ff200000, 0x00000000ff201020, 0x00000000ff2a0000)
  to   space 640K,   0% used [0x00000000ff160000, 0x00000000ff160000, 0x00000000ff200000)
 concurrent mark-sweep generation total 13696K, used 6271K [0x00000000ff2a0000, 0x0000000100000000, 0x0000000100000000)
 Metaspace       used 5071K, capacity 5248K, committed 5504K, reserved 1056768K
  class space    used 554K, capacity 592K, committed 640K, reserved 1048576K
2024-07-16T17:10:21.671+0800: 8.339: [GC (Allocation Failure) 2024-07-16T17:10:21.671+0800: 8.339: [ParNew: 5233K->8K(6144K), 0.0003729 secs] 11505K->7303K(19840K), 0.0004587 secs] [Times: user=0.00 sys=0.00, real=0.00 secs] 
Heap after GC invocations=1074 (full 125):
 par new generation   total 6144K, used 8K [0x00000000fec00000, 0x00000000ff2a0000, 0x00000000ff2a0000)
  eden space 5504K,   0% used [0x00000000fec00000, 0x00000000fec00000, 0x00000000ff160000)
  from space 640K,   1% used [0x00000000ff160000, 0x00000000ff162040, 0x00000000ff200000)
  to   space 640K,   0% used [0x00000000ff200000, 0x00000000ff200000, 0x00000000ff2a0000)
 concurrent mark-sweep generation total 13696K, used 7295K [0x00000000ff2a0000, 0x0000000100000000, 0x0000000100000000)
 Metaspace       used 5071K, capacity 5248K, committed 5504K, reserved 1056768K
  class space    used 554K, capacity 592K, committed 640K, reserved 1048576K
}
{Heap before GC invocations=1074 (full 125):
 par new generation   total 6144K, used 5237K [0x00000000fec00000, 0x00000000ff2a0000, 0x00000000ff2a0000)
  eden space 5504K,  95% used [0x00000000fec00000, 0x00000000ff11b798, 0x00000000ff160000)
  from space 640K,   1% used [0x00000000ff160000, 0x00000000ff162040, 0x00000000ff200000)
  to   space 640K,   0% used [0x00000000ff200000, 0x00000000ff200000, 0x00000000ff2a0000)
 concurrent mark-sweep generation total 13696K, used 7295K [0x00000000ff2a0000, 0x0000000100000000, 0x0000000100000000)
 Metaspace       used 5071K, capacity 5248K, committed 5504K, reserved 1056768K
  class space    used 554K, capacity 592K, committed 640K, reserved 1048576K
2024-07-16T17:10:21.678+0800: 8.346: [GC (Allocation Failure) 2024-07-16T17:10:21.678+0800: 8.346: [ParNew: 5237K->10K(6144K), 0.0004343 secs] 12533K->8329K(19840K), 0.0004912 secs] [Times: user=0.00 sys=0.00, real=0.00 secs] 
Heap after GC invocations=1075 (full 125):
 par new generation   total 6144K, used 10K [0x00000000fec00000, 0x00000000ff2a0000, 0x00000000ff2a0000)
  eden space 5504K,   0% used [0x00000000fec00000, 0x00000000fec00000, 0x00000000ff160000)
  from space 640K,   1% used [0x00000000ff200000, 0x00000000ff202850, 0x00000000ff2a0000)
  to   space 640K,   0% used [0x00000000ff160000, 0x00000000ff160000, 0x00000000ff200000)
 concurrent mark-sweep generation total 13696K, used 8319K [0x00000000ff2a0000, 0x0000000100000000, 0x0000000100000000)
 Metaspace       used 5071K, capacity 5248K, committed 5504K, reserved 1056768K
  class space    used 554K, capacity 592K, committed 640K, reserved 1048576K
}
2024-07-16T17:10:21.678+0800: 8.347: [GC (CMS Initial Mark) [1 CMS-initial-mark: 8319K(13696K)] 9353K(19840K), 0.0001359 secs] [Times: user=0.00 sys=0.00, real=0.00 secs] 
2024-07-16T17:10:21.678+0800: 8.347: [CMS-concurrent-mark-start]
2024-07-16T17:10:21.680+0800: 8.349: [CMS-concurrent-mark: 0.001/0.001 secs] [Times: user=0.00 sys=0.00, real=0.00 secs] 
2024-07-16T17:10:21.680+0800: 8.349: [CMS-concurrent-preclean-start]
2024-07-16T17:10:21.680+0800: 8.349: [CMS-concurrent-preclean: 0.000/0.000 secs] [Times: user=0.00 sys=0.00, real=0.00 secs] 
2024-07-16T17:10:21.680+0800: 8.349: [CMS-concurrent-abortable-preclean-start]
{Heap before GC invocations=1075 (full 126):
 par new generation   total 6144K, used 5239K [0x00000000fec00000, 0x00000000ff2a0000, 0x00000000ff2a0000)
  eden space 5504K,  95% used [0x00000000fec00000, 0x00000000ff11b798, 0x00000000ff160000)
  from space 640K,   1% used [0x00000000ff200000, 0x00000000ff202850, 0x00000000ff2a0000)
  to   space 640K,   0% used [0x00000000ff160000, 0x00000000ff160000, 0x00000000ff200000)
 concurrent mark-sweep generation total 13696K, used 8319K [0x00000000ff2a0000, 0x0000000100000000, 0x0000000100000000)
 Metaspace       used 5071K, capacity 5248K, committed 5504K, reserved 1056768K
  class space    used 554K, capacity 592K, committed 640K, reserved 1048576K
2024-07-16T17:10:21.685+0800: 8.353: [GC (Allocation Failure) 2024-07-16T17:10:21.685+0800: 8.353: [ParNew: 5239K->8K(6144K), 0.0003884 secs] 13559K->9353K(19840K), 0.0004214 secs] [Times: user=0.00 sys=0.00, real=0.00 secs] 
Heap after GC invocations=1076 (full 126):
 par new generation   total 6144K, used 8K [0x00000000fec00000, 0x00000000ff2a0000, 0x00000000ff2a0000)
  eden space 5504K,   0% used [0x00000000fec00000, 0x00000000fec00000, 0x00000000ff160000)
  from space 640K,   1% used [0x00000000ff160000, 0x00000000ff162040, 0x00000000ff200000)
  to   space 640K,   0% used [0x00000000ff200000, 0x00000000ff200000, 0x00000000ff2a0000)
 concurrent mark-sweep generation total 13696K, used 9345K [0x00000000ff2a0000, 0x0000000100000000, 0x0000000100000000)
 Metaspace       used 5071K, capacity 5248K, committed 5504K, reserved 1056768K
  class space    used 554K, capacity 592K, committed 640K, reserved 1048576K
}
{Heap before GC invocations=1076 (full 126):
 par new generation   total 6144K, used 5237K [0x00000000fec00000, 0x00000000ff2a0000, 0x00000000ff2a0000)
  eden space 5504K,  95% used [0x00000000fec00000, 0x00000000ff11b798, 0x00000000ff160000)
  from space 640K,   1% used [0x00000000ff160000, 0x00000000ff162040, 0x00000000ff200000)
  to   space 640K,   0% used [0x00000000ff200000, 0x00000000ff200000, 0x00000000ff2a0000)
 concurrent mark-sweep generation total 13696K, used 9345K [0x00000000ff2a0000, 0x0000000100000000, 0x0000000100000000)
 Metaspace       used 5071K, capacity 5248K, committed 5504K, reserved 1056768K
  class space    used 554K, capacity 592K, committed 640K, reserved 1048576K
2024-07-16T17:10:21.692+0800: 8.360: [GC (Allocation Failure) 2024-07-16T17:10:21.692+0800: 8.360: [ParNew: 5237K->10K(6144K), 0.0004232 secs] 14583K->10379K(19840K), 0.0004583 secs] [Times: user=0.00 sys=0.00, real=0.00 secs] 
Heap after GC invocations=1077 (full 126):
 par new generation   total 6144K, used 10K [0x00000000fec00000, 0x00000000ff2a0000, 0x00000000ff2a0000)
  eden space 5504K,   0% used [0x00000000fec00000, 0x00000000fec00000, 0x00000000ff160000)
  from space 640K,   1% used [0x00000000ff200000, 0x00000000ff202850, 0x00000000ff2a0000)
  to   space 640K,   0% used [0x00000000ff160000, 0x00000000ff160000, 0x00000000ff200000)
 concurrent mark-sweep generation total 13696K, used 10369K [0x00000000ff2a0000, 0x0000000100000000, 0x0000000100000000)
 Metaspace       used 5071K, capacity 5248K, committed 5504K, reserved 1056768K
  class space    used 554K, capacity 592K, committed 640K, reserved 1048576K
}
{Heap before GC invocations=1077 (full 126):
 par new generation   total 6144K, used 5239K [0x00000000fec00000, 0x00000000ff2a0000, 0x00000000ff2a0000)
  eden space 5504K,  95% used [0x00000000fec00000, 0x00000000ff11b798, 0x00000000ff160000)
  from space 640K,   1% used [0x00000000ff200000, 0x00000000ff202850, 0x00000000ff2a0000)
  to   space 640K,   0% used [0x00000000ff160000, 0x00000000ff160000, 0x00000000ff200000)
 concurrent mark-sweep generation total 13696K, used 10369K [0x00000000ff2a0000, 0x0000000100000000, 0x0000000100000000)
 Metaspace       used 5071K, capacity 5248K, committed 5504K, reserved 1056768K
  class space    used 554K, capacity 592K, committed 640K, reserved 1048576K
2024-07-16T17:10:21.699+0800: 8.367: [GC (Allocation Failure) 2024-07-16T17:10:21.699+0800: 8.367: [ParNew: 5239K->4K(6144K), 0.0003128 secs] 15609K->10373K(19840K), 0.0003946 secs] [Times: user=0.00 sys=0.00, real=0.00 secs] 
Heap after GC invocations=1078 (full 126):
 par new generation   total 6144K, used 4K [0x00000000fec00000, 0x00000000ff2a0000, 0x00000000ff2a0000)
  eden space 5504K,   0% used [0x00000000fec00000, 0x00000000fec00000, 0x00000000ff160000)
  from space 640K,   0% used [0x00000000ff160000, 0x00000000ff161020, 0x00000000ff200000)
  to   space 640K,   0% used [0x00000000ff200000, 0x00000000ff200000, 0x00000000ff2a0000)
 concurrent mark-sweep generation total 13696K, used 10369K [0x00000000ff2a0000, 0x0000000100000000, 0x0000000100000000)
 Metaspace       used 5071K, capacity 5248K, committed 5504K, reserved 1056768K
  class space    used 554K, capacity 592K, committed 640K, reserved 1048576K
}
{Heap before GC invocations=1078 (full 126):
 par new generation   total 6144K, used 5233K [0x00000000fec00000, 0x00000000ff2a0000, 0x00000000ff2a0000)
  eden space 5504K,  95% used [0x00000000fec00000, 0x00000000ff11b798, 0x00000000ff160000)
  from space 640K,   0% used [0x00000000ff160000, 0x00000000ff161020, 0x00000000ff200000)
  to   space 640K,   0% used [0x00000000ff200000, 0x00000000ff200000, 0x00000000ff2a0000)
 concurrent mark-sweep generation total 13696K, used 10369K [0x00000000ff2a0000, 0x0000000100000000, 0x0000000100000000)
 Metaspace       used 5071K, capacity 5248K, committed 5504K, reserved 1056768K
  class space    used 554K, capacity 592K, committed 640K, reserved 1048576K
2024-07-16T17:10:21.705+0800: 8.373: [GC (Allocation Failure) 2024-07-16T17:10:21.705+0800: 8.373: [ParNew: 5233K->6K(6144K), 0.0003292 secs] 15603K->11399K(19840K), 0.0003574 secs] [Times: user=0.00 sys=0.00, real=0.00 secs] 
Heap after GC invocations=1079 (full 126):
 par new generation   total 6144K, used 6K [0x00000000fec00000, 0x00000000ff2a0000, 0x00000000ff2a0000)
  eden space 5504K,   0% used [0x00000000fec00000, 0x00000000fec00000, 0x00000000ff160000)
  from space 640K,   0% used [0x00000000ff200000, 0x00000000ff201830, 0x00000000ff2a0000)
  to   space 640K,   0% used [0x00000000ff160000, 0x00000000ff160000, 0x00000000ff200000)
 concurrent mark-sweep generation total 13696K, used 11393K [0x00000000ff2a0000, 0x0000000100000000, 0x0000000100000000)
 Metaspace       used 5071K, capacity 5248K, committed 5504K, reserved 1056768K
  class space    used 554K, capacity 592K, committed 640K, reserved 1048576K
}
{Heap before GC invocations=1079 (full 126):
 par new generation   total 6144K, used 5235K [0x00000000fec00000, 0x00000000ff2a0000, 0x00000000ff2a0000)
  eden space 5504K,  95% used [0x00000000fec00000, 0x00000000ff11b798, 0x00000000ff160000)
  from space 640K,   0% used [0x00000000ff200000, 0x00000000ff201830, 0x00000000ff2a0000)
  to   space 640K,   0% used [0x00000000ff160000, 0x00000000ff160000, 0x00000000ff200000)
 concurrent mark-sweep generation total 13696K, used 11393K [0x00000000ff2a0000, 0x0000000100000000, 0x0000000100000000)
 Metaspace       used 5071K, capacity 5248K, committed 5504K, reserved 1056768K
  class space    used 554K, capacity 592K, committed 640K, reserved 1048576K
2024-07-16T17:10:21.712+0800: 8.381: [GC (Allocation Failure) 2024-07-16T17:10:21.712+0800: 8.381: [ParNew: 5235K->8K(6144K), 0.0003775 secs] 16629K->12427K(19840K), 0.0004130 secs] [Times: user=0.00 sys=0.00, real=0.00 secs] 
Heap after GC invocations=1080 (full 126):
 par new generation   total 6144K, used 8K [0x00000000fec00000, 0x00000000ff2a0000, 0x00000000ff2a0000)
  eden space 5504K,   0% used [0x00000000fec00000, 0x00000000fec00000, 0x00000000ff160000)
  from space 640K,   1% used [0x00000000ff160000, 0x00000000ff162040, 0x00000000ff200000)
  to   space 640K,   0% used [0x00000000ff200000, 0x00000000ff200000, 0x00000000ff2a0000)
 concurrent mark-sweep generation total 13696K, used 12419K [0x00000000ff2a0000, 0x0000000100000000, 0x0000000100000000)
 Metaspace       used 5071K, capacity 5248K, committed 5504K, reserved 1056768K
  class space    used 554K, capacity 592K, committed 640K, reserved 1048576K
}
{Heap before GC invocations=1080 (full 126):
 par new generation   total 6144K, used 5237K [0x00000000fec00000, 0x00000000ff2a0000, 0x00000000ff2a0000)
  eden space 5504K,  95% used [0x00000000fec00000, 0x00000000ff11b798, 0x00000000ff160000)
  from space 640K,   1% used [0x00000000ff160000, 0x00000000ff162040, 0x00000000ff200000)
  to   space 640K,   0% used [0x00000000ff200000, 0x00000000ff200000, 0x00000000ff2a0000)
 concurrent mark-sweep generation total 13696K, used 12419K [0x00000000ff2a0000, 0x0000000100000000, 0x0000000100000000)
 Metaspace       used 5071K, capacity 5248K, committed 5504K, reserved 1056768K
  class space    used 554K, capacity 592K, committed 640K, reserved 1048576K
2024-07-16T17:10:21.719+0800: 8.388: [GC (Allocation Failure) 2024-07-16T17:10:21.719+0800: 8.388: [ParNew: 5237K->5237K(6144K), 0.0000097 secs]2024-07-16T17:10:21.719+0800: 8.388: [CMS2024-07-16T17:10:21.719+0800: 8.388: [CMS-concurrent-abortable-preclean: 0.000/0.039 secs] [Times: user=0.00 sys=0.00, real=0.04 secs] 
 (concurrent mode failure): 12419K->3189K(13696K), 0.0023250 secs] 17657K->3189K(19840K), [Metaspace: 5071K->5071K(1056768K)], 0.0024266 secs] [Times: user=0.02 sys=0.00, real=0.00 secs] 
Heap after GC invocations=1081 (full 127):
 par new generation   total 6144K, used 0K [0x00000000fec00000, 0x00000000ff2a0000, 0x00000000ff2a0000)
  eden space 5504K,   0% used [0x00000000fec00000, 0x00000000fec00000, 0x00000000ff160000)
  from space 640K,   0% used [0x00000000ff160000, 0x00000000ff160000, 0x00000000ff200000)
  to   space 640K,   0% used [0x00000000ff200000, 0x00000000ff200000, 0x00000000ff2a0000)
 concurrent mark-sweep generation total 13696K, used 3189K [0x00000000ff2a0000, 0x0000000100000000, 0x0000000100000000)
 Metaspace       used 5071K, capacity 5248K, committed 5504K, reserved 1056768K
  class space    used 554K, capacity 592K, committed 640K, reserved 1048576K
}
{Heap before GC invocations=1081 (full 127):
 par new generation   total 6144K, used 5229K [0x00000000fec00000, 0x00000000ff2a0000, 0x00000000ff2a0000)
  eden space 5504K,  95% used [0x00000000fec00000, 0x00000000ff11b798, 0x00000000ff160000)
  from space 640K,   0% used [0x00000000ff160000, 0x00000000ff160000, 0x00000000ff200000)
  to   space 640K,   0% used [0x00000000ff200000, 0x00000000ff200000, 0x00000000ff2a0000)
 concurrent mark-sweep generation total 13696K, used 3189K [0x00000000ff2a0000, 0x0000000100000000, 0x0000000100000000)
 Metaspace       used 5071K, capacity 5248K, committed 5504K, reserved 1056768K
  class space    used 554K, capacity 592K, committed 640K, reserved 1048576K
2024-07-16T17:10:21.730+0800: 8.399: [GC (Allocation Failure) 2024-07-16T17:10:21.730+0800: 8.399: [ParNew: 5229K->4K(6144K), 0.0002627 secs] 8419K->3193K(19840K), 0.0002932 secs] [Times: user=0.00 sys=0.00, real=0.00 secs] 
Heap after GC invocations=1082 (full 127):
 par new generation   total 6144K, used 4K [0x00000000fec00000, 0x00000000ff2a0000, 0x00000000ff2a0000)
  eden space 5504K,   0% used [0x00000000fec00000, 0x00000000fec00000, 0x00000000ff160000)
  from space 640K,   0% used [0x00000000ff200000, 0x00000000ff201020, 0x00000000ff2a0000)
  to   space 640K,   0% used [0x00000000ff160000, 0x00000000ff160000, 0x00000000ff200000)
 concurrent mark-sweep generation total 13696K, used 3189K [0x00000000ff2a0000, 0x0000000100000000, 0x0000000100000000)
 Metaspace       used 5071K, capacity 5248K, committed 5504K, reserved 1056768K
  class space    used 554K, capacity 592K, committed 640K, reserved 1048576K
}
{Heap before GC invocations=1082 (full 127):
 par new generation   total 6144K, used 5233K [0x00000000fec00000, 0x00000000ff2a0000, 0x00000000ff2a0000)
  eden space 5504K,  95% used [0x00000000fec00000, 0x00000000ff11b798, 0x00000000ff160000)
  from space 640K,   0% used [0x00000000ff200000, 0x00000000ff201020, 0x00000000ff2a0000)
  to   space 640K,   0% used [0x00000000ff160000, 0x00000000ff160000, 0x00000000ff200000)
 concurrent mark-sweep generation total 13696K, used 3189K [0x00000000ff2a0000, 0x0000000100000000, 0x0000000100000000)
 Metaspace       used 5071K, capacity 5248K, committed 5504K, reserved 1056768K
  class space    used 554K, capacity 592K, committed 640K, reserved 1048576K
2024-07-16T17:10:21.737+0800: 8.405: [GC (Allocation Failure) 2024-07-16T17:10:21.737+0800: 8.405: [ParNew: 5233K->4K(6144K), 0.0002872 secs] 8423K->3193K(19840K), 0.0003664 secs] [Times: user=0.00 sys=0.00, real=0.00 secs] 
Heap after GC invocations=1083 (full 127):
 par new generation   total 6144K, used 4K [0x00000000fec00000, 0x00000000ff2a0000, 0x00000000ff2a0000)
  eden space 5504K,   0% used [0x00000000fec00000, 0x00000000fec00000, 0x00000000ff160000)
  from space 640K,   0% used [0x00000000ff160000, 0x00000000ff161020, 0x00000000ff200000)
  to   space 640K,   0% used [0x00000000ff200000, 0x00000000ff200000, 0x00000000ff2a0000)
 concurrent mark-sweep generation total 13696K, used 3189K [0x00000000ff2a0000, 0x0000000100000000, 0x0000000100000000)
 Metaspace       used 5071K, capacity 5248K, committed 5504K, reserved 1056768K
  class space    used 554K, capacity 592K, committed 640K, reserved 1048576K
}
{Heap before GC invocations=1083 (full 127):
 par new generation   total 6144K, used 5233K [0x00000000fec00000, 0x00000000ff2a0000, 0x00000000ff2a0000)
  eden space 5504K,  95% used [0x00000000fec00000, 0x00000000ff11b798, 0x00000000ff160000)
  from space 640K,   0% used [0x00000000ff160000, 0x00000000ff161020, 0x00000000ff200000)
  to   space 640K,   0% used [0x00000000ff200000, 0x00000000ff200000, 0x00000000ff2a0000)
 concurrent mark-sweep generation total 13696K, used 3189K [0x00000000ff2a0000, 0x0000000100000000, 0x0000000100000000)
 Metaspace       used 5071K, capacity 5248K, committed 5504K, reserved 1056768K
  class space    used 554K, capacity 592K, committed 640K, reserved 1048576K
2024-07-16T17:10:21.744+0800: 8.412: [GC (Allocation Failure) 2024-07-16T17:10:21.744+0800: 8.412: [ParNew: 5233K->10K(6144K), 0.0003265 secs] 8423K->4225K(19840K), 0.0003533 secs] [Times: user=0.00 sys=0.00, real=0.00 secs] 
Heap after GC invocations=1084 (full 127):
 par new generation   total 6144K, used 10K [0x00000000fec00000, 0x00000000ff2a0000, 0x00000000ff2a0000)
  eden space 5504K,   0% used [0x00000000fec00000, 0x00000000fec00000, 0x00000000ff160000)
  from space 640K,   1% used [0x00000000ff200000, 0x00000000ff202850, 0x00000000ff2a0000)
  to   space 640K,   0% used [0x00000000ff160000, 0x00000000ff160000, 0x00000000ff200000)
 concurrent mark-sweep generation total 13696K, used 4215K [0x00000000ff2a0000, 0x0000000100000000, 0x0000000100000000)
 Metaspace       used 5071K, capacity 5248K, committed 5504K, reserved 1056768K
  class space    used 554K, capacity 592K, committed 640K, reserved 1048576K
}
{Heap before GC invocations=1084 (full 127):
 par new generation   total 6144K, used 5239K [0x00000000fec00000, 0x00000000ff2a0000, 0x00000000ff2a0000)
  eden space 5504K,  95% used [0x00000000fec00000, 0x00000000ff11b798, 0x00000000ff160000)
  from space 640K,   1% used [0x00000000ff200000, 0x00000000ff202850, 0x00000000ff2a0000)
  to   space 640K,   0% used [0x00000000ff160000, 0x00000000ff160000, 0x00000000ff200000)
 concurrent mark-sweep generation total 13696K, used 4215K [0x00000000ff2a0000, 0x0000000100000000, 0x0000000100000000)
 Metaspace       used 5071K, capacity 5248K, committed 5504K, reserved 1056768K
  class space    used 554K, capacity 592K, committed 640K, reserved 1048576K
2024-07-16T17:10:21.752+0800: 8.420: [GC (Allocation Failure) 2024-07-16T17:10:21.752+0800: 8.420: [ParNew: 5239K->4K(6144K), 0.0002439 secs] 9455K->4219K(19840K), 0.0002762 secs] [Times: user=0.00 sys=0.00, real=0.00 secs] 
Heap after GC invocations=1085 (full 127):
 par new generation   total 6144K, used 4K [0x00000000fec00000, 0x00000000ff2a0000, 0x00000000ff2a0000)
  eden space 5504K,   0% used [0x00000000fec00000, 0x00000000fec00000, 0x00000000ff160000)
  from space 640K,   0% used [0x00000000ff160000, 0x00000000ff161020, 0x00000000ff200000)
  to   space 640K,   0% used [0x00000000ff200000, 0x00000000ff200000, 0x00000000ff2a0000)
 concurrent mark-sweep generation total 13696K, used 4215K [0x00000000ff2a0000, 0x0000000100000000, 0x0000000100000000)
 Metaspace       used 5071K, capacity 5248K, committed 5504K, reserved 1056768K
  class space    used 554K, capacity 592K, committed 640K, reserved 1048576K
}
{Heap before GC invocations=1085 (full 127):
 par new generation   total 6144K, used 5233K [0x00000000fec00000, 0x00000000ff2a0000, 0x00000000ff2a0000)
  eden space 5504K,  95% used [0x00000000fec00000, 0x00000000ff11b798, 0x00000000ff160000)
  from space 640K,   0% used [0x00000000ff160000, 0x00000000ff161020, 0x00000000ff200000)
  to   space 640K,   0% used [0x00000000ff200000, 0x00000000ff200000, 0x00000000ff2a0000)
 concurrent mark-sweep generation total 13696K, used 4215K [0x00000000ff2a0000, 0x0000000100000000, 0x0000000100000000)
 Metaspace       used 5071K, capacity 5248K, committed 5504K, reserved 1056768K
  class space    used 554K, capacity 592K, committed 640K, reserved 1048576K
2024-07-16T17:10:21.759+0800: 8.427: [GC (Allocation Failure) 2024-07-16T17:10:21.759+0800: 8.427: [ParNew: 5233K->4K(6144K), 0.0003826 secs] 9449K->4219K(19840K), 0.0004649 secs] [Times: user=0.00 sys=0.00, real=0.00 secs] 
Heap after GC invocations=1086 (full 127):
 par new generation   total 6144K, used 4K [0x00000000fec00000, 0x00000000ff2a0000, 0x00000000ff2a0000)
  eden space 5504K,   0% used [0x00000000fec00000, 0x00000000fec00000, 0x00000000ff160000)
  from space 640K,   0% used [0x00000000ff200000, 0x00000000ff201020, 0x00000000ff2a0000)
  to   space 640K,   0% used [0x00000000ff160000, 0x00000000ff160000, 0x00000000ff200000)
 concurrent mark-sweep generation total 13696K, used 4215K [0x00000000ff2a0000, 0x0000000100000000, 0x0000000100000000)
 Metaspace       used 5071K, capacity 5248K, committed 5504K, reserved 1056768K
  class space    used 554K, capacity 592K, committed 640K, reserved 1048576K
}
{Heap before GC invocations=1086 (full 127):
 par new generation   total 6144K, used 5233K [0x00000000fec00000, 0x00000000ff2a0000, 0x00000000ff2a0000)
  eden space 5504K,  95% used [0x00000000fec00000, 0x00000000ff11b798, 0x00000000ff160000)
  from space 640K,   0% used [0x00000000ff200000, 0x00000000ff201020, 0x00000000ff2a0000)
  to   space 640K,   0% used [0x00000000ff160000, 0x00000000ff160000, 0x00000000ff200000)
 concurrent mark-sweep generation total 13696K, used 4215K [0x00000000ff2a0000, 0x0000000100000000, 0x0000000100000000)
 Metaspace       used 5071K, capacity 5248K, committed 5504K, reserved 1056768K
  class space    used 554K, capacity 592K, committed 640K, reserved 1048576K
2024-07-16T17:10:21.766+0800: 8.434: [GC (Allocation Failure) 2024-07-16T17:10:21.766+0800: 8.434: [ParNew: 5233K->8K(6144K), 0.0003549 secs] 9449K->5249K(19840K), 0.0003840 secs] [Times: user=0.00 sys=0.00, real=0.00 secs] 
Heap after GC invocations=1087 (full 127):
 par new generation   total 6144K, used 8K [0x00000000fec00000, 0x00000000ff2a0000, 0x00000000ff2a0000)
  eden space 5504K,   0% used [0x00000000fec00000, 0x00000000fec00000, 0x00000000ff160000)
  from space 640K,   1% used [0x00000000ff160000, 0x00000000ff162040, 0x00000000ff200000)
  to   space 640K,   0% used [0x00000000ff200000, 0x00000000ff200000, 0x00000000ff2a0000)
 concurrent mark-sweep generation total 13696K, used 5241K [0x00000000ff2a0000, 0x0000000100000000, 0x0000000100000000)
 Metaspace       used 5071K, capacity 5248K, committed 5504K, reserved 1056768K
  class space    used 554K, capacity 592K, committed 640K, reserved 1048576K
}
{Heap before GC invocations=1087 (full 127):
 par new generation   total 6144K, used 5237K [0x00000000fec00000, 0x00000000ff2a0000, 0x00000000ff2a0000)
  eden space 5504K,  95% used [0x00000000fec00000, 0x00000000ff11b798, 0x00000000ff160000)
  from space 640K,   1% used [0x00000000ff160000, 0x00000000ff162040, 0x00000000ff200000)
  to   space 640K,   0% used [0x00000000ff200000, 0x00000000ff200000, 0x00000000ff2a0000)
 concurrent mark-sweep generation total 13696K, used 5241K [0x00000000ff2a0000, 0x0000000100000000, 0x0000000100000000)
 Metaspace       used 5071K, capacity 5248K, committed 5504K, reserved 1056768K
  class space    used 554K, capacity 592K, committed 640K, reserved 1048576K
2024-07-16T17:10:21.774+0800: 8.442: [GC (Allocation Failure) 2024-07-16T17:10:21.774+0800: 8.442: [ParNew: 5237K->4K(6144K), 0.0002949 secs] 10479K->5245K(19840K), 0.0003919 secs] [Times: user=0.00 sys=0.00, real=0.00 secs] 
Heap after GC invocations=1088 (full 127):
 par new generation   total 6144K, used 4K [0x00000000fec00000, 0x00000000ff2a0000, 0x00000000ff2a0000)
  eden space 5504K,   0% used [0x00000000fec00000, 0x00000000fec00000, 0x00000000ff160000)
  from space 640K,   0% used [0x00000000ff200000, 0x00000000ff201020, 0x00000000ff2a0000)
  to   space 640K,   0% used [0x00000000ff160000, 0x00000000ff160000, 0x00000000ff200000)
 concurrent mark-sweep generation total 13696K, used 5241K [0x00000000ff2a0000, 0x0000000100000000, 0x0000000100000000)
 Metaspace       used 5071K, capacity 5248K, committed 5504K, reserved 1056768K
  class space    used 554K, capacity 592K, committed 640K, reserved 1048576K
}
{Heap before GC invocations=1088 (full 127):
 par new generation   total 6144K, used 5233K [0x00000000fec00000, 0x00000000ff2a0000, 0x00000000ff2a0000)
  eden space 5504K,  95% used [0x00000000fec00000, 0x00000000ff11b798, 0x00000000ff160000)
  from space 640K,   0% used [0x00000000ff200000, 0x00000000ff201020, 0x00000000ff2a0000)
  to   space 640K,   0% used [0x00000000ff160000, 0x00000000ff160000, 0x00000000ff200000)
 concurrent mark-sweep generation total 13696K, used 5241K [0x00000000ff2a0000, 0x0000000100000000, 0x0000000100000000)
 Metaspace       used 5071K, capacity 5248K, committed 5504K, reserved 1056768K
  class space    used 554K, capacity 592K, committed 640K, reserved 1048576K
2024-07-16T17:10:21.782+0800: 8.450: [GC (Allocation Failure) 2024-07-16T17:10:21.782+0800: 8.450: [ParNew: 5233K->2K(6144K), 0.0003632 secs] 10475K->5243K(19840K), 0.0003906 secs] [Times: user=0.00 sys=0.00, real=0.00 secs] 
Heap after GC invocations=1089 (full 127):
 par new generation   total 6144K, used 2K [0x00000000fec00000, 0x00000000ff2a0000, 0x00000000ff2a0000)
  eden space 5504K,   0% used [0x00000000fec00000, 0x00000000fec00000, 0x00000000ff160000)
  from space 640K,   0% used [0x00000000ff160000, 0x00000000ff160810, 0x00000000ff200000)
  to   space 640K,   0% used [0x00000000ff200000, 0x00000000ff200000, 0x00000000ff2a0000)
 concurrent mark-sweep generation total 13696K, used 5241K [0x00000000ff2a0000, 0x0000000100000000, 0x0000000100000000)
 Metaspace       used 5071K, capacity 5248K, committed 5504K, reserved 1056768K
  class space    used 554K, capacity 592K, committed 640K, reserved 1048576K
}
{Heap before GC invocations=1089 (full 127):
 par new generation   total 6144K, used 5231K [0x00000000fec00000, 0x00000000ff2a0000, 0x00000000ff2a0000)
  eden space 5504K,  95% used [0x00000000fec00000, 0x00000000ff11b798, 0x00000000ff160000)
  from space 640K,   0% used [0x00000000ff160000, 0x00000000ff160810, 0x00000000ff200000)
  to   space 640K,   0% used [0x00000000ff200000, 0x00000000ff200000, 0x00000000ff2a0000)
 concurrent mark-sweep generation total 13696K, used 5241K [0x00000000ff2a0000, 0x0000000100000000, 0x0000000100000000)
 Metaspace       used 5071K, capacity 5248K, committed 5504K, reserved 1056768K
  class space    used 554K, capacity 592K, committed 640K, reserved 1048576K
2024-07-16T17:10:21.789+0800: 8.457: [GC (Allocation Failure) 2024-07-16T17:10:21.789+0800: 8.457: [ParNew: 5231K->6K(6144K), 0.0003821 secs] 10473K->6273K(19840K), 0.0004083 secs] [Times: user=0.00 sys=0.00, real=0.00 secs] 
Heap after GC invocations=1090 (full 127):
 par new generation   total 6144K, used 6K [0x00000000fec00000, 0x00000000ff2a0000, 0x00000000ff2a0000)
  eden space 5504K,   0% used [0x00000000fec00000, 0x00000000fec00000, 0x00000000ff160000)
  from space 640K,   0% used [0x00000000ff200000, 0x00000000ff201830, 0x00000000ff2a0000)
  to   space 640K,   0% used [0x00000000ff160000, 0x00000000ff160000, 0x00000000ff200000)
 concurrent mark-sweep generation total 13696K, used 6267K [0x00000000ff2a0000, 0x0000000100000000, 0x0000000100000000)
 Metaspace       used 5071K, capacity 5248K, committed 5504K, reserved 1056768K
  class space    used 554K, capacity 592K, committed 640K, reserved 1048576K
}
{Heap before GC invocations=1090 (full 127):
 par new generation   total 6144K, used 5235K [0x00000000fec00000, 0x00000000ff2a0000, 0x00000000ff2a0000)
  eden space 5504K,  95% used [0x00000000fec00000, 0x00000000ff11b798, 0x00000000ff160000)
  from space 640K,   0% used [0x00000000ff200000, 0x00000000ff201830, 0x00000000ff2a0000)
  to   space 640K,   0% used [0x00000000ff160000, 0x00000000ff160000, 0x00000000ff200000)
 concurrent mark-sweep generation total 13696K, used 6267K [0x00000000ff2a0000, 0x0000000100000000, 0x0000000100000000)
 Metaspace       used 5071K, capacity 5248K, committed 5504K, reserved 1056768K
  class space    used 554K, capacity 592K, committed 640K, reserved 1048576K
2024-07-16T17:10:21.796+0800: 8.464: [GC (Allocation Failure) 2024-07-16T17:10:21.796+0800: 8.464: [ParNew: 5235K->4K(6144K), 0.0004140 secs] 11503K->6271K(19840K), 0.0004966 secs] [Times: user=0.00 sys=0.00, real=0.00 secs] 
Heap after GC invocations=1091 (full 127):
 par new generation   total 6144K, used 4K [0x00000000fec00000, 0x00000000ff2a0000, 0x00000000ff2a0000)
  eden space 5504K,   0% used [0x00000000fec00000, 0x00000000fec00000, 0x00000000ff160000)
  from space 640K,   0% used [0x00000000ff160000, 0x00000000ff161020, 0x00000000ff200000)
  to   space 640K,   0% used [0x00000000ff200000, 0x00000000ff200000, 0x00000000ff2a0000)
 concurrent mark-sweep generation total 13696K, used 6267K [0x00000000ff2a0000, 0x0000000100000000, 0x0000000100000000)
 Metaspace       used 5071K, capacity 5248K, committed 5504K, reserved 1056768K
  class space    used 554K, capacity 592K, committed 640K, reserved 1048576K
}
{Heap before GC invocations=1091 (full 127):
 par new generation   total 6144K, used 5233K [0x00000000fec00000, 0x00000000ff2a0000, 0x00000000ff2a0000)
  eden space 5504K,  95% used [0x00000000fec00000, 0x00000000ff11b798, 0x00000000ff160000)
  from space 640K,   0% used [0x00000000ff160000, 0x00000000ff161020, 0x00000000ff200000)
  to   space 640K,   0% used [0x00000000ff200000, 0x00000000ff200000, 0x00000000ff2a0000)
 concurrent mark-sweep generation total 13696K, used 6267K [0x00000000ff2a0000, 0x0000000100000000, 0x0000000100000000)
 Metaspace       used 5071K, capacity 5248K, committed 5504K, reserved 1056768K
  class space    used 554K, capacity 592K, committed 640K, reserved 1048576K
2024-07-16T17:10:21.803+0800: 8.471: [GC (Allocation Failure) 2024-07-16T17:10:21.803+0800: 8.471: [ParNew: 5233K->8K(6144K), 0.0003683 secs] 11501K->7299K(19840K), 0.0004021 secs] [Times: user=0.00 sys=0.00, real=0.00 secs] 
Heap after GC invocations=1092 (full 127):
 par new generation   total 6144K, used 8K [0x00000000fec00000, 0x00000000ff2a0000, 0x00000000ff2a0000)
  eden space 5504K,   0% used [0x00000000fec00000, 0x00000000fec00000, 0x00000000ff160000)
  from space 640K,   1% used [0x00000000ff200000, 0x00000000ff202040, 0x00000000ff2a0000)
  to   space 640K,   0% used [0x00000000ff160000, 0x00000000ff160000, 0x00000000ff200000)
 concurrent mark-sweep generation total 13696K, used 7291K [0x00000000ff2a0000, 0x0000000100000000, 0x0000000100000000)
 Metaspace       used 5071K, capacity 5248K, committed 5504K, reserved 1056768K
  class space    used 554K, capacity 592K, committed 640K, reserved 1048576K
}
{Heap before GC invocations=1092 (full 127):
 par new generation   total 6144K, used 5237K [0x00000000fec00000, 0x00000000ff2a0000, 0x00000000ff2a0000)
  eden space 5504K,  95% used [0x00000000fec00000, 0x00000000ff11b798, 0x00000000ff160000)
  from space 640K,   1% used [0x00000000ff200000, 0x00000000ff202040, 0x00000000ff2a0000)
  to   space 640K,   0% used [0x00000000ff160000, 0x00000000ff160000, 0x00000000ff200000)
 concurrent mark-sweep generation total 13696K, used 7291K [0x00000000ff2a0000, 0x0000000100000000, 0x0000000100000000)
 Metaspace       used 5071K, capacity 5248K, committed 5504K, reserved 1056768K
  class space    used 554K, capacity 592K, committed 640K, reserved 1048576K
2024-07-16T17:10:21.811+0800: 8.479: [GC (Allocation Failure) 2024-07-16T17:10:21.811+0800: 8.479: [ParNew: 5237K->10K(6144K), 0.0003693 secs] 12529K->8327K(19840K), 0.0004437 secs] [Times: user=0.00 sys=0.00, real=0.00 secs] 
Heap after GC invocations=1093 (full 127):
 par new generation   total 6144K, used 10K [0x00000000fec00000, 0x00000000ff2a0000, 0x00000000ff2a0000)
  eden space 5504K,   0% used [0x00000000fec00000, 0x00000000fec00000, 0x00000000ff160000)
  from space 640K,   1% used [0x00000000ff160000, 0x00000000ff162850, 0x00000000ff200000)
  to   space 640K,   0% used [0x00000000ff200000, 0x00000000ff200000, 0x00000000ff2a0000)
 concurrent mark-sweep generation total 13696K, used 8317K [0x00000000ff2a0000, 0x0000000100000000, 0x0000000100000000)
 Metaspace       used 5071K, capacity 5248K, committed 5504K, reserved 1056768K
  class space    used 554K, capacity 592K, committed 640K, reserved 1048576K
}
2024-07-16T17:10:21.811+0800: 8.480: [GC (CMS Initial Mark) [1 CMS-initial-mark: 8317K(13696K)] 9351K(19840K), 0.0001028 secs] [Times: user=0.00 sys=0.00, real=0.00 secs] 
2024-07-16T17:10:21.811+0800: 8.480: [CMS-concurrent-mark-start]
2024-07-16T17:10:21.813+0800: 8.481: [CMS-concurrent-mark: 0.001/0.001 secs] [Times: user=0.00 sys=0.00, real=0.00 secs] 
2024-07-16T17:10:21.813+0800: 8.481: [CMS-concurrent-preclean-start]
2024-07-16T17:10:21.813+0800: 8.481: [CMS-concurrent-preclean: 0.000/0.000 secs] [Times: user=0.00 sys=0.00, real=0.00 secs] 
2024-07-16T17:10:21.813+0800: 8.481: [CMS-concurrent-abortable-preclean-start]
{Heap before GC invocations=1093 (full 128):
 par new generation   total 6144K, used 5239K [0x00000000fec00000, 0x00000000ff2a0000, 0x00000000ff2a0000)
  eden space 5504K,  95% used [0x00000000fec00000, 0x00000000ff11b798, 0x00000000ff160000)
  from space 640K,   1% used [0x00000000ff160000, 0x00000000ff162850, 0x00000000ff200000)
  to   space 640K,   0% used [0x00000000ff200000, 0x00000000ff200000, 0x00000000ff2a0000)
 concurrent mark-sweep generation total 13696K, used 8317K [0x00000000ff2a0000, 0x0000000100000000, 0x0000000100000000)
 Metaspace       used 5071K, capacity 5248K, committed 5504K, reserved 1056768K
  class space    used 554K, capacity 592K, committed 640K, reserved 1048576K
2024-07-16T17:10:21.819+0800: 8.488: [GC (Allocation Failure) 2024-07-16T17:10:21.819+0800: 8.488: [ParNew: 5239K->4K(6144K), 0.0002513 secs] 13557K->8321K(19840K), 0.0002835 secs] [Times: user=0.00 sys=0.00, real=0.00 secs] 
Heap after GC invocations=1094 (full 128):
 par new generation   total 6144K, used 4K [0x00000000fec00000, 0x00000000ff2a0000, 0x00000000ff2a0000)
  eden space 5504K,   0% used [0x00000000fec00000, 0x00000000fec00000, 0x00000000ff160000)
  from space 640K,   0% used [0x00000000ff200000, 0x00000000ff201020, 0x00000000ff2a0000)
  to   space 640K,   0% used [0x00000000ff160000, 0x00000000ff160000, 0x00000000ff200000)
 concurrent mark-sweep generation total 13696K, used 8317K [0x00000000ff2a0000, 0x0000000100000000, 0x0000000100000000)
 Metaspace       used 5071K, capacity 5248K, committed 5504K, reserved 1056768K
  class space    used 554K, capacity 592K, committed 640K, reserved 1048576K
}
{Heap before GC invocations=1094 (full 128):
 par new generation   total 6144K, used 5233K [0x00000000fec00000, 0x00000000ff2a0000, 0x00000000ff2a0000)
  eden space 5504K,  95% used [0x00000000fec00000, 0x00000000ff11b798, 0x00000000ff160000)
  from space 640K,   0% used [0x00000000ff200000, 0x00000000ff201020, 0x00000000ff2a0000)
  to   space 640K,   0% used [0x00000000ff160000, 0x00000000ff160000, 0x00000000ff200000)
 concurrent mark-sweep generation total 13696K, used 8317K [0x00000000ff2a0000, 0x0000000100000000, 0x0000000100000000)
 Metaspace       used 5071K, capacity 5248K, committed 5504K, reserved 1056768K
  class space    used 554K, capacity 592K, committed 640K, reserved 1048576K
2024-07-16T17:10:21.827+0800: 8.496: [GC (Allocation Failure) 2024-07-16T17:10:21.827+0800: 8.496: [ParNew: 5233K->4K(6144K), 0.0002967 secs] 13551K->8321K(19840K), 0.0003819 secs] [Times: user=0.00 sys=0.00, real=0.00 secs] 
Heap after GC invocations=1095 (full 128):
 par new generation   total 6144K, used 4K [0x00000000fec00000, 0x00000000ff2a0000, 0x00000000ff2a0000)
  eden space 5504K,   0% used [0x00000000fec00000, 0x00000000fec00000, 0x00000000ff160000)
  from space 640K,   0% used [0x00000000ff160000, 0x00000000ff161020, 0x00000000ff200000)
  to   space 640K,   0% used [0x00000000ff200000, 0x00000000ff200000, 0x00000000ff2a0000)
 concurrent mark-sweep generation total 13696K, used 8317K [0x00000000ff2a0000, 0x0000000100000000, 0x0000000100000000)
 Metaspace       used 5071K, capacity 5248K, committed 5504K, reserved 1056768K
  class space    used 554K, capacity 592K, committed 640K, reserved 1048576K
}
{Heap before GC invocations=1095 (full 128):
 par new generation   total 6144K, used 5233K [0x00000000fec00000, 0x00000000ff2a0000, 0x00000000ff2a0000)
  eden space 5504K,  95% used [0x00000000fec00000, 0x00000000ff11b798, 0x00000000ff160000)
  from space 640K,   0% used [0x00000000ff160000, 0x00000000ff161020, 0x00000000ff200000)
  to   space 640K,   0% used [0x00000000ff200000, 0x00000000ff200000, 0x00000000ff2a0000)
 concurrent mark-sweep generation total 13696K, used 8317K [0x00000000ff2a0000, 0x0000000100000000, 0x0000000100000000)
 Metaspace       used 5071K, capacity 5248K, committed 5504K, reserved 1056768K
  class space    used 554K, capacity 592K, committed 640K, reserved 1048576K
2024-07-16T17:10:21.836+0800: 8.505: [GC (Allocation Failure) 2024-07-16T17:10:21.836+0800: 8.505: [ParNew: 5233K->4K(6144K), 0.0003559 secs] 13551K->8321K(19840K), 0.0003908 secs] [Times: user=0.00 sys=0.00, real=0.00 secs] 
Heap after GC invocations=1096 (full 128):
 par new generation   total 6144K, used 4K [0x00000000fec00000, 0x00000000ff2a0000, 0x00000000ff2a0000)
  eden space 5504K,   0% used [0x00000000fec00000, 0x00000000fec00000, 0x00000000ff160000)
  from space 640K,   0% used [0x00000000ff200000, 0x00000000ff201020, 0x00000000ff2a0000)
  to   space 640K,   0% used [0x00000000ff160000, 0x00000000ff160000, 0x00000000ff200000)
 concurrent mark-sweep generation total 13696K, used 8317K [0x00000000ff2a0000, 0x0000000100000000, 0x0000000100000000)
 Metaspace       used 5071K, capacity 5248K, committed 5504K, reserved 1056768K
  class space    used 554K, capacity 592K, committed 640K, reserved 1048576K
}
{Heap before GC invocations=1096 (full 128):
 par new generation   total 6144K, used 5233K [0x00000000fec00000, 0x00000000ff2a0000, 0x00000000ff2a0000)
  eden space 5504K,  95% used [0x00000000fec00000, 0x00000000ff11b798, 0x00000000ff160000)
  from space 640K,   0% used [0x00000000ff200000, 0x00000000ff201020, 0x00000000ff2a0000)
  to   space 640K,   0% used [0x00000000ff160000, 0x00000000ff160000, 0x00000000ff200000)
 concurrent mark-sweep generation total 13696K, used 8317K [0x00000000ff2a0000, 0x0000000100000000, 0x0000000100000000)
 Metaspace       used 5071K, capacity 5248K, committed 5504K, reserved 1056768K
  class space    used 554K, capacity 592K, committed 640K, reserved 1048576K
2024-07-16T17:10:21.842+0800: 8.511: [GC (Allocation Failure) 2024-07-16T17:10:21.842+0800: 8.511: [ParNew: 5233K->8K(6144K), 0.0003367 secs] 13551K->9351K(19840K), 0.0003707 secs] [Times: user=0.00 sys=0.00, real=0.00 secs] 
Heap after GC invocations=1097 (full 128):
 par new generation   total 6144K, used 8K [0x00000000fec00000, 0x00000000ff2a0000, 0x00000000ff2a0000)
  eden space 5504K,   0% used [0x00000000fec00000, 0x00000000fec00000, 0x00000000ff160000)
  from space 640K,   1% used [0x00000000ff160000, 0x00000000ff162040, 0x00000000ff200000)
  to   space 640K,   0% used [0x00000000ff200000, 0x00000000ff200000, 0x00000000ff2a0000)
 concurrent mark-sweep generation total 13696K, used 9343K [0x00000000ff2a0000, 0x0000000100000000, 0x0000000100000000)
 Metaspace       used 5071K, capacity 5248K, committed 5504K, reserved 1056768K
  class space    used 554K, capacity 592K, committed 640K, reserved 1048576K
}
{Heap before GC invocations=1097 (full 128):
 par new generation   total 6144K, used 5237K [0x00000000fec00000, 0x00000000ff2a0000, 0x00000000ff2a0000)
  eden space 5504K,  95% used [0x00000000fec00000, 0x00000000ff11b798, 0x00000000ff160000)
  from space 640K,   1% used [0x00000000ff160000, 0x00000000ff162040, 0x00000000ff200000)
  to   space 640K,   0% used [0x00000000ff200000, 0x00000000ff200000, 0x00000000ff2a0000)
 concurrent mark-sweep generation total 13696K, used 9343K [0x00000000ff2a0000, 0x0000000100000000, 0x0000000100000000)
 Metaspace       used 5071K, capacity 5248K, committed 5504K, reserved 1056768K
  class space    used 554K, capacity 592K, committed 640K, reserved 1048576K
2024-07-16T17:10:21.850+0800: 8.519: [GC (Allocation Failure) 2024-07-16T17:10:21.850+0800: 8.519: [ParNew: 5237K->4K(6144K), 0.0002489 secs] 14581K->9347K(19840K), 0.0003423 secs] [Times: user=0.00 sys=0.00, real=0.00 secs] 
Heap after GC invocations=1098 (full 128):
 par new generation   total 6144K, used 4K [0x00000000fec00000, 0x00000000ff2a0000, 0x00000000ff2a0000)
  eden space 5504K,   0% used [0x00000000fec00000, 0x00000000fec00000, 0x00000000ff160000)
  from space 640K,   0% used [0x00000000ff200000, 0x00000000ff201020, 0x00000000ff2a0000)
  to   space 640K,   0% used [0x00000000ff160000, 0x00000000ff160000, 0x00000000ff200000)
 concurrent mark-sweep generation total 13696K, used 9343K [0x00000000ff2a0000, 0x0000000100000000, 0x0000000100000000)
 Metaspace       used 5071K, capacity 5248K, committed 5504K, reserved 1056768K
  class space    used 554K, capacity 592K, committed 640K, reserved 1048576K
}
{Heap before GC invocations=1098 (full 128):
 par new generation   total 6144K, used 5233K [0x00000000fec00000, 0x00000000ff2a0000, 0x00000000ff2a0000)
  eden space 5504K,  95% used [0x00000000fec00000, 0x00000000ff11b798, 0x00000000ff160000)
  from space 640K,   0% used [0x00000000ff200000, 0x00000000ff201020, 0x00000000ff2a0000)
  to   space 640K,   0% used [0x00000000ff160000, 0x00000000ff160000, 0x00000000ff200000)
 concurrent mark-sweep generation total 13696K, used 9343K [0x00000000ff2a0000, 0x0000000100000000, 0x0000000100000000)
 Metaspace       used 5071K, capacity 5248K, committed 5504K, reserved 1056768K
  class space    used 554K, capacity 592K, committed 640K, reserved 1048576K
2024-07-16T17:10:21.855+0800: 8.524: [GC (Allocation Failure) 2024-07-16T17:10:21.855+0800: 8.524: [ParNew: 5233K->4K(6144K), 0.0015069 secs] 14577K->11397K(19840K), 0.0015768 secs] [Times: user=0.00 sys=0.00, real=0.00 secs] 
Heap after GC invocations=1099 (full 128):
 par new generation   total 6144K, used 4K [0x00000000fec00000, 0x00000000ff2a0000, 0x00000000ff2a0000)
  eden space 5504K,   0% used [0x00000000fec00000, 0x00000000fec00000, 0x00000000ff160000)
  from space 640K,   0% used [0x00000000ff160000, 0x00000000ff161020, 0x00000000ff200000)
  to   space 640K,   0% used [0x00000000ff200000, 0x00000000ff200000, 0x00000000ff2a0000)
 concurrent mark-sweep generation total 13696K, used 11393K [0x00000000ff2a0000, 0x0000000100000000, 0x0000000100000000)
 Metaspace       used 5071K, capacity 5248K, committed 5504K, reserved 1056768K
  class space    used 554K, capacity 592K, committed 640K, reserved 1048576K
}
{Heap before GC invocations=1099 (full 128):
 par new generation   total 6144K, used 5233K [0x00000000fec00000, 0x00000000ff2a0000, 0x00000000ff2a0000)
  eden space 5504K,  95% used [0x00000000fec00000, 0x00000000ff11b798, 0x00000000ff160000)
  from space 640K,   0% used [0x00000000ff160000, 0x00000000ff161020, 0x00000000ff200000)
  to   space 640K,   0% used [0x00000000ff200000, 0x00000000ff200000, 0x00000000ff2a0000)
 concurrent mark-sweep generation total 13696K, used 11393K [0x00000000ff2a0000, 0x0000000100000000, 0x0000000100000000)
 Metaspace       used 5071K, capacity 5248K, committed 5504K, reserved 1056768K
  class space    used 554K, capacity 592K, committed 640K, reserved 1048576K
2024-07-16T17:10:21.865+0800: 8.534: [GC (Allocation Failure) 2024-07-16T17:10:21.865+0800: 8.534: [ParNew: 5233K->5233K(6144K), 0.0000143 secs]2024-07-16T17:10:21.865+0800: 8.534: [CMS2024-07-16T17:10:21.865+0800: 8.534: [CMS-concurrent-abortable-preclean: 0.000/0.052 secs] [Times: user=0.00 sys=0.00, real=0.05 secs] 
 (concurrent mode failure): 11393K->1141K(13696K), 0.0021850 secs] 16627K->1141K(19840K), [Metaspace: 5071K->5071K(1056768K)], 0.0022529 secs] [Times: user=0.00 sys=0.00, real=0.00 secs] 
Heap after GC invocations=1100 (full 129):
 par new generation   total 6144K, used 0K [0x00000000fec00000, 0x00000000ff2a0000, 0x00000000ff2a0000)
  eden space 5504K,   0% used [0x00000000fec00000, 0x00000000fec00000, 0x00000000ff160000)
  from space 640K,   0% used [0x00000000ff160000, 0x00000000ff160000, 0x00000000ff200000)
  to   space 640K,   0% used [0x00000000ff200000, 0x00000000ff200000, 0x00000000ff2a0000)
 concurrent mark-sweep generation total 13696K, used 1141K [0x00000000ff2a0000, 0x0000000100000000, 0x0000000100000000)
 Metaspace       used 5071K, capacity 5248K, committed 5504K, reserved 1056768K
  class space    used 554K, capacity 592K, committed 640K, reserved 1048576K
}
{Heap before GC invocations=1100 (full 129):
 par new generation   total 6144K, used 5229K [0x00000000fec00000, 0x00000000ff2a0000, 0x00000000ff2a0000)
  eden space 5504K,  95% used [0x00000000fec00000, 0x00000000ff11b798, 0x00000000ff160000)
  from space 640K,   0% used [0x00000000ff160000, 0x00000000ff160000, 0x00000000ff200000)
  to   space 640K,   0% used [0x00000000ff200000, 0x00000000ff200000, 0x00000000ff2a0000)
 concurrent mark-sweep generation total 13696K, used 1141K [0x00000000ff2a0000, 0x0000000100000000, 0x0000000100000000)
 Metaspace       used 5071K, capacity 5248K, committed 5504K, reserved 1056768K
  class space    used 554K, capacity 592K, committed 640K, reserved 1048576K
2024-07-16T17:10:21.873+0800: 8.542: [GC (Allocation Failure) 2024-07-16T17:10:21.873+0800: 8.542: [ParNew: 5229K->10K(6144K), 0.0003806 secs] 6370K->2177K(19840K), 0.0004132 secs] [Times: user=0.00 sys=0.00, real=0.00 secs] 
Heap after GC invocations=1101 (full 129):
 par new generation   total 6144K, used 10K [0x00000000fec00000, 0x00000000ff2a0000, 0x00000000ff2a0000)
  eden space 5504K,   0% used [0x00000000fec00000, 0x00000000fec00000, 0x00000000ff160000)
  from space 640K,   1% used [0x00000000ff200000, 0x00000000ff202850, 0x00000000ff2a0000)
  to   space 640K,   0% used [0x00000000ff160000, 0x00000000ff160000, 0x00000000ff200000)
 concurrent mark-sweep generation total 13696K, used 2167K [0x00000000ff2a0000, 0x0000000100000000, 0x0000000100000000)
 Metaspace       used 5071K, capacity 5248K, committed 5504K, reserved 1056768K
  class space    used 554K, capacity 592K, committed 640K, reserved 1048576K
}
{Heap before GC invocations=1101 (full 129):
 par new generation   total 6144K, used 5239K [0x00000000fec00000, 0x00000000ff2a0000, 0x00000000ff2a0000)
  eden space 5504K,  95% used [0x00000000fec00000, 0x00000000ff11b798, 0x00000000ff160000)
  from space 640K,   1% used [0x00000000ff200000, 0x00000000ff202850, 0x00000000ff2a0000)
  to   space 640K,   0% used [0x00000000ff160000, 0x00000000ff160000, 0x00000000ff200000)
 concurrent mark-sweep generation total 13696K, used 2167K [0x00000000ff2a0000, 0x0000000100000000, 0x0000000100000000)
 Metaspace       used 5071K, capacity 5248K, committed 5504K, reserved 1056768K
  class space    used 554K, capacity 592K, committed 640K, reserved 1048576K
2024-07-16T17:10:21.881+0800: 8.550: [GC (Allocation Failure) 2024-07-16T17:10:21.881+0800: 8.550: [ParNew: 5239K->4K(6144K), 0.0002406 secs] 7407K->2171K(19840K), 0.0002743 secs] [Times: user=0.00 sys=0.00, real=0.00 secs] 
Heap after GC invocations=1102 (full 129):
 par new generation   total 6144K, used 4K [0x00000000fec00000, 0x00000000ff2a0000, 0x00000000ff2a0000)
  eden space 5504K,   0% used [0x00000000fec00000, 0x00000000fec00000, 0x00000000ff160000)
  from space 640K,   0% used [0x00000000ff160000, 0x00000000ff161020, 0x00000000ff200000)
  to   space 640K,   0% used [0x00000000ff200000, 0x00000000ff200000, 0x00000000ff2a0000)
 concurrent mark-sweep generation total 13696K, used 2167K [0x00000000ff2a0000, 0x0000000100000000, 0x0000000100000000)
 Metaspace       used 5071K, capacity 5248K, committed 5504K, reserved 1056768K
  class space    used 554K, capacity 592K, committed 640K, reserved 1048576K
}
{Heap before GC invocations=1102 (full 129):
 par new generation   total 6144K, used 5233K [0x00000000fec00000, 0x00000000ff2a0000, 0x00000000ff2a0000)
  eden space 5504K,  95% used [0x00000000fec00000, 0x00000000ff11b798, 0x00000000ff160000)
  from space 640K,   0% used [0x00000000ff160000, 0x00000000ff161020, 0x00000000ff200000)
  to   space 640K,   0% used [0x00000000ff200000, 0x00000000ff200000, 0x00000000ff2a0000)
 concurrent mark-sweep generation total 13696K, used 2167K [0x00000000ff2a0000, 0x0000000100000000, 0x0000000100000000)
 Metaspace       used 5071K, capacity 5248K, committed 5504K, reserved 1056768K
  class space    used 554K, capacity 592K, committed 640K, reserved 1048576K
2024-07-16T17:10:21.889+0800: 8.558: [GC (Allocation Failure) 2024-07-16T17:10:21.889+0800: 8.558: [ParNew: 5233K->4K(6144K), 0.0002986 secs] 7400K->2171K(19840K), 0.0003319 secs] [Times: user=0.00 sys=0.00, real=0.00 secs] 
Heap after GC invocations=1103 (full 129):
 par new generation   total 6144K, used 4K [0x00000000fec00000, 0x00000000ff2a0000, 0x00000000ff2a0000)
  eden space 5504K,   0% used [0x00000000fec00000, 0x00000000fec00000, 0x00000000ff160000)
  from space 640K,   0% used [0x00000000ff200000, 0x00000000ff201020, 0x00000000ff2a0000)
  to   space 640K,   0% used [0x00000000ff160000, 0x00000000ff160000, 0x00000000ff200000)
 concurrent mark-sweep generation total 13696K, used 2167K [0x00000000ff2a0000, 0x0000000100000000, 0x0000000100000000)
 Metaspace       used 5071K, capacity 5248K, committed 5504K, reserved 1056768K
  class space    used 554K, capacity 592K, committed 640K, reserved 1048576K
}
{Heap before GC invocations=1103 (full 129):
 par new generation   total 6144K, used 5233K [0x00000000fec00000, 0x00000000ff2a0000, 0x00000000ff2a0000)
  eden space 5504K,  95% used [0x00000000fec00000, 0x00000000ff11b798, 0x00000000ff160000)
  from space 640K,   0% used [0x00000000ff200000, 0x00000000ff201020, 0x00000000ff2a0000)
  to   space 640K,   0% used [0x00000000ff160000, 0x00000000ff160000, 0x00000000ff200000)
 concurrent mark-sweep generation total 13696K, used 2167K [0x00000000ff2a0000, 0x0000000100000000, 0x0000000100000000)
 Metaspace       used 5071K, capacity 5248K, committed 5504K, reserved 1056768K
  class space    used 554K, capacity 592K, committed 640K, reserved 1048576K
2024-07-16T17:10:21.896+0800: 8.565: [GC (Allocation Failure) 2024-07-16T17:10:21.896+0800: 8.565: [ParNew: 5233K->8K(6144K), 0.0003514 secs] 7400K->3201K(19840K), 0.0003877 secs] [Times: user=0.00 sys=0.00, real=0.00 secs] 
Heap after GC invocations=1104 (full 129):
 par new generation   total 6144K, used 8K [0x00000000fec00000, 0x00000000ff2a0000, 0x00000000ff2a0000)
  eden space 5504K,   0% used [0x00000000fec00000, 0x00000000fec00000, 0x00000000ff160000)
  from space 640K,   1% used [0x00000000ff160000, 0x00000000ff162040, 0x00000000ff200000)
  to   space 640K,   0% used [0x00000000ff200000, 0x00000000ff200000, 0x00000000ff2a0000)
 concurrent mark-sweep generation total 13696K, used 3193K [0x00000000ff2a0000, 0x0000000100000000, 0x0000000100000000)
 Metaspace       used 5071K, capacity 5248K, committed 5504K, reserved 1056768K
  class space    used 554K, capacity 592K, committed 640K, reserved 1048576K
}
{Heap before GC invocations=1104 (full 129):
 par new generation   total 6144K, used 5237K [0x00000000fec00000, 0x00000000ff2a0000, 0x00000000ff2a0000)
  eden space 5504K,  95% used [0x00000000fec00000, 0x00000000ff11b798, 0x00000000ff160000)
  from space 640K,   1% used [0x00000000ff160000, 0x00000000ff162040, 0x00000000ff200000)
  to   space 640K,   0% used [0x00000000ff200000, 0x00000000ff200000, 0x00000000ff2a0000)
 concurrent mark-sweep generation total 13696K, used 3193K [0x00000000ff2a0000, 0x0000000100000000, 0x0000000100000000)
 Metaspace       used 5071K, capacity 5248K, committed 5504K, reserved 1056768K
  class space    used 554K, capacity 592K, committed 640K, reserved 1048576K
2024-07-16T17:10:21.904+0800: 8.573: [GC (Allocation Failure) 2024-07-16T17:10:21.904+0800: 8.573: [ParNew: 5237K->8K(6144K), 0.0003503 secs] 8431K->4227K(19840K), 0.0003929 secs] [Times: user=0.00 sys=0.00, real=0.00 secs] 
Heap after GC invocations=1105 (full 129):
 par new generation   total 6144K, used 8K [0x00000000fec00000, 0x00000000ff2a0000, 0x00000000ff2a0000)
  eden space 5504K,   0% used [0x00000000fec00000, 0x00000000fec00000, 0x00000000ff160000)
  from space 640K,   1% used [0x00000000ff200000, 0x00000000ff202040, 0x00000000ff2a0000)
  to   space 640K,   0% used [0x00000000ff160000, 0x00000000ff160000, 0x00000000ff200000)
 concurrent mark-sweep generation total 13696K, used 4219K [0x00000000ff2a0000, 0x0000000100000000, 0x0000000100000000)
 Metaspace       used 5071K, capacity 5248K, committed 5504K, reserved 1056768K
  class space    used 554K, capacity 592K, committed 640K, reserved 1048576K
}
{Heap before GC invocations=1105 (full 129):
 par new generation   total 6144K, used 5237K [0x00000000fec00000, 0x00000000ff2a0000, 0x00000000ff2a0000)
  eden space 5504K,  95% used [0x00000000fec00000, 0x00000000ff11b798, 0x00000000ff160000)
  from space 640K,   1% used [0x00000000ff200000, 0x00000000ff202040, 0x00000000ff2a0000)
  to   space 640K,   0% used [0x00000000ff160000, 0x00000000ff160000, 0x00000000ff200000)
 concurrent mark-sweep generation total 13696K, used 4219K [0x00000000ff2a0000, 0x0000000100000000, 0x0000000100000000)
 Metaspace       used 5071K, capacity 5248K, committed 5504K, reserved 1056768K
  class space    used 554K, capacity 592K, committed 640K, reserved 1048576K
2024-07-16T17:10:21.910+0800: 8.579: [GC (Allocation Failure) 2024-07-16T17:10:21.910+0800: 8.579: [ParNew: 5237K->8K(6144K), 0.0003756 secs] 9457K->5251K(19840K), 0.0004044 secs] [Times: user=0.00 sys=0.00, real=0.00 secs] 
Heap after GC invocations=1106 (full 129):
 par new generation   total 6144K, used 8K [0x00000000fec00000, 0x00000000ff2a0000, 0x00000000ff2a0000)
  eden space 5504K,   0% used [0x00000000fec00000, 0x00000000fec00000, 0x00000000ff160000)
  from space 640K,   1% used [0x00000000ff160000, 0x00000000ff162040, 0x00000000ff200000)
  to   space 640K,   0% used [0x00000000ff200000, 0x00000000ff200000, 0x00000000ff2a0000)
 concurrent mark-sweep generation total 13696K, used 5243K [0x00000000ff2a0000, 0x0000000100000000, 0x0000000100000000)
 Metaspace       used 5071K, capacity 5248K, committed 5504K, reserved 1056768K
  class space    used 554K, capacity 592K, committed 640K, reserved 1048576K
}
{Heap before GC invocations=1106 (full 129):
 par new generation   total 6144K, used 5237K [0x00000000fec00000, 0x00000000ff2a0000, 0x00000000ff2a0000)
  eden space 5504K,  95% used [0x00000000fec00000, 0x00000000ff11b798, 0x00000000ff160000)
  from space 640K,   1% used [0x00000000ff160000, 0x00000000ff162040, 0x00000000ff200000)
  to   space 640K,   0% used [0x00000000ff200000, 0x00000000ff200000, 0x00000000ff2a0000)
 concurrent mark-sweep generation total 13696K, used 5243K [0x00000000ff2a0000, 0x0000000100000000, 0x0000000100000000)
 Metaspace       used 5071K, capacity 5248K, committed 5504K, reserved 1056768K
  class space    used 554K, capacity 592K, committed 640K, reserved 1048576K
2024-07-16T17:10:21.916+0800: 8.585: [GC (Allocation Failure) 2024-07-16T17:10:21.916+0800: 8.585: [ParNew: 5237K->12K(6144K), 0.0004074 secs] 10481K->7305K(19840K), 0.0004377 secs] [Times: user=0.00 sys=0.00, real=0.00 secs] 
Heap after GC invocations=1107 (full 129):
 par new generation   total 6144K, used 12K [0x00000000fec00000, 0x00000000ff2a0000, 0x00000000ff2a0000)
  eden space 5504K,   0% used [0x00000000fec00000, 0x00000000fec00000, 0x00000000ff160000)
  from space 640K,   1% used [0x00000000ff200000, 0x00000000ff203060, 0x00000000ff2a0000)
  to   space 640K,   0% used [0x00000000ff160000, 0x00000000ff160000, 0x00000000ff200000)
 concurrent mark-sweep generation total 13696K, used 7293K [0x00000000ff2a0000, 0x0000000100000000, 0x0000000100000000)
 Metaspace       used 5071K, capacity 5248K, committed 5504K, reserved 1056768K
  class space    used 554K, capacity 592K, committed 640K, reserved 1048576K
}
2024-07-16T17:10:21.916+0800: 8.585: [GC (CMS Initial Mark) [1 CMS-initial-mark: 7293K(13696K)] 8331K(19840K), 0.0001153 secs] [Times: user=0.00 sys=0.00, real=0.00 secs] 
2024-07-16T17:10:21.916+0800: 8.586: [CMS-concurrent-mark-start]
2024-07-16T17:10:21.917+0800: 8.587: [CMS-concurrent-mark: 0.001/0.001 secs] [Times: user=0.00 sys=0.00, real=0.00 secs] 
2024-07-16T17:10:21.918+0800: 8.587: [CMS-concurrent-preclean-start]
2024-07-16T17:10:21.918+0800: 8.587: [CMS-concurrent-preclean: 0.000/0.000 secs] [Times: user=0.00 sys=0.00, real=0.00 secs] 
2024-07-16T17:10:21.918+0800: 8.587: [CMS-concurrent-abortable-preclean-start]
{Heap before GC invocations=1107 (full 130):
 par new generation   total 6144K, used 5241K [0x00000000fec00000, 0x00000000ff2a0000, 0x00000000ff2a0000)
  eden space 5504K,  95% used [0x00000000fec00000, 0x00000000ff11b798, 0x00000000ff160000)
  from space 640K,   1% used [0x00000000ff200000, 0x00000000ff203060, 0x00000000ff2a0000)
  to   space 640K,   0% used [0x00000000ff160000, 0x00000000ff160000, 0x00000000ff200000)
 concurrent mark-sweep generation total 13696K, used 7293K [0x00000000ff2a0000, 0x0000000100000000, 0x0000000100000000)
 Metaspace       used 5071K, capacity 5248K, committed 5504K, reserved 1056768K
  class space    used 554K, capacity 592K, committed 640K, reserved 1048576K
2024-07-16T17:10:21.922+0800: 8.591: [GC (Allocation Failure) 2024-07-16T17:10:21.922+0800: 8.591: [ParNew: 5241K->10K(6144K), 0.0003529 secs] 12535K->8327K(19840K), 0.0003777 secs] [Times: user=0.00 sys=0.00, real=0.00 secs] 
Heap after GC invocations=1108 (full 130):
 par new generation   total 6144K, used 10K [0x00000000fec00000, 0x00000000ff2a0000, 0x00000000ff2a0000)
  eden space 5504K,   0% used [0x00000000fec00000, 0x00000000fec00000, 0x00000000ff160000)
  from space 640K,   1% used [0x00000000ff160000, 0x00000000ff162850, 0x00000000ff200000)
  to   space 640K,   0% used [0x00000000ff200000, 0x00000000ff200000, 0x00000000ff2a0000)
 concurrent mark-sweep generation total 13696K, used 8317K [0x00000000ff2a0000, 0x0000000100000000, 0x0000000100000000)
 Metaspace       used 5071K, capacity 5248K, committed 5504K, reserved 1056768K
  class space    used 554K, capacity 592K, committed 640K, reserved 1048576K
}
{Heap before GC invocations=1108 (full 130):
 par new generation   total 6144K, used 5239K [0x00000000fec00000, 0x00000000ff2a0000, 0x00000000ff2a0000)
  eden space 5504K,  95% used [0x00000000fec00000, 0x00000000ff11b798, 0x00000000ff160000)
  from space 640K,   1% used [0x00000000ff160000, 0x00000000ff162850, 0x00000000ff200000)
  to   space 640K,   0% used [0x00000000ff200000, 0x00000000ff200000, 0x00000000ff2a0000)
 concurrent mark-sweep generation total 13696K, used 8317K [0x00000000ff2a0000, 0x0000000100000000, 0x0000000100000000)
 Metaspace       used 5071K, capacity 5248K, committed 5504K, reserved 1056768K
  class space    used 554K, capacity 592K, committed 640K, reserved 1048576K
2024-07-16T17:10:21.929+0800: 8.598: [GC (Allocation Failure) 2024-07-16T17:10:21.929+0800: 8.598: [ParNew: 5239K->4K(6144K), 0.0002693 secs] 13557K->8321K(19840K), 0.0003019 secs] [Times: user=0.00 sys=0.00, real=0.00 secs] 
Heap after GC invocations=1109 (full 130):
 par new generation   total 6144K, used 4K [0x00000000fec00000, 0x00000000ff2a0000, 0x00000000ff2a0000)
  eden space 5504K,   0% used [0x00000000fec00000, 0x00000000fec00000, 0x00000000ff160000)
  from space 640K,   0% used [0x00000000ff200000, 0x00000000ff201020, 0x00000000ff2a0000)
  to   space 640K,   0% used [0x00000000ff160000, 0x00000000ff160000, 0x00000000ff200000)
 concurrent mark-sweep generation total 13696K, used 8317K [0x00000000ff2a0000, 0x0000000100000000, 0x0000000100000000)
 Metaspace       used 5071K, capacity 5248K, committed 5504K, reserved 1056768K
  class space    used 554K, capacity 592K, committed 640K, reserved 1048576K
}
{Heap before GC invocations=1109 (full 130):
 par new generation   total 6144K, used 5233K [0x00000000fec00000, 0x00000000ff2a0000, 0x00000000ff2a0000)
  eden space 5504K,  95% used [0x00000000fec00000, 0x00000000ff11b798, 0x00000000ff160000)
  from space 640K,   0% used [0x00000000ff200000, 0x00000000ff201020, 0x00000000ff2a0000)
  to   space 640K,   0% used [0x00000000ff160000, 0x00000000ff160000, 0x00000000ff200000)
 concurrent mark-sweep generation total 13696K, used 8317K [0x00000000ff2a0000, 0x0000000100000000, 0x0000000100000000)
 Metaspace       used 5071K, capacity 5248K, committed 5504K, reserved 1056768K
  class space    used 554K, capacity 592K, committed 640K, reserved 1048576K
2024-07-16T17:10:21.936+0800: 8.605: [GC (Allocation Failure) 2024-07-16T17:10:21.936+0800: 8.605: [ParNew: 5233K->10K(6144K), 0.0003393 secs] 13551K->9351K(19840K), 0.0003725 secs] [Times: user=0.00 sys=0.00, real=0.00 secs] 
Heap after GC invocations=1110 (full 130):
 par new generation   total 6144K, used 10K [0x00000000fec00000, 0x00000000ff2a0000, 0x00000000ff2a0000)
  eden space 5504K,   0% used [0x00000000fec00000, 0x00000000fec00000, 0x00000000ff160000)
  from space 640K,   1% used [0x00000000ff160000, 0x00000000ff162850, 0x00000000ff200000)
  to   space 640K,   0% used [0x00000000ff200000, 0x00000000ff200000, 0x00000000ff2a0000)
 concurrent mark-sweep generation total 13696K, used 9341K [0x00000000ff2a0000, 0x0000000100000000, 0x0000000100000000)
 Metaspace       used 5071K, capacity 5248K, committed 5504K, reserved 1056768K
  class space    used 554K, capacity 592K, committed 640K, reserved 1048576K
}
{Heap before GC invocations=1110 (full 130):
 par new generation   total 6144K, used 5239K [0x00000000fec00000, 0x00000000ff2a0000, 0x00000000ff2a0000)
  eden space 5504K,  95% used [0x00000000fec00000, 0x00000000ff11b798, 0x00000000ff160000)
  from space 640K,   1% used [0x00000000ff160000, 0x00000000ff162850, 0x00000000ff200000)
  to   space 640K,   0% used [0x00000000ff200000, 0x00000000ff200000, 0x00000000ff2a0000)
 concurrent mark-sweep generation total 13696K, used 9341K [0x00000000ff2a0000, 0x0000000100000000, 0x0000000100000000)
 Metaspace       used 5071K, capacity 5248K, committed 5504K, reserved 1056768K
  class space    used 554K, capacity 592K, committed 640K, reserved 1048576K
2024-07-16T17:10:21.944+0800: 8.613: [GC (Allocation Failure) 2024-07-16T17:10:21.944+0800: 8.613: [ParNew: 5239K->4K(6144K), 0.0002751 secs] 14581K->9345K(19840K), 0.0003046 secs] [Times: user=0.00 sys=0.00, real=0.00 secs] 
Heap after GC invocations=1111 (full 130):
 par new generation   total 6144K, used 4K [0x00000000fec00000, 0x00000000ff2a0000, 0x00000000ff2a0000)
  eden space 5504K,   0% used [0x00000000fec00000, 0x00000000fec00000, 0x00000000ff160000)
  from space 640K,   0% used [0x00000000ff200000, 0x00000000ff201020, 0x00000000ff2a0000)
  to   space 640K,   0% used [0x00000000ff160000, 0x00000000ff160000, 0x00000000ff200000)
 concurrent mark-sweep generation total 13696K, used 9341K [0x00000000ff2a0000, 0x0000000100000000, 0x0000000100000000)
 Metaspace       used 5071K, capacity 5248K, committed 5504K, reserved 1056768K
  class space    used 554K, capacity 592K, committed 640K, reserved 1048576K
}
{Heap before GC invocations=1111 (full 130):
 par new generation   total 6144K, used 5233K [0x00000000fec00000, 0x00000000ff2a0000, 0x00000000ff2a0000)
  eden space 5504K,  95% used [0x00000000fec00000, 0x00000000ff11b798, 0x00000000ff160000)
  from space 640K,   0% used [0x00000000ff200000, 0x00000000ff201020, 0x00000000ff2a0000)
  to   space 640K,   0% used [0x00000000ff160000, 0x00000000ff160000, 0x00000000ff200000)
 concurrent mark-sweep generation total 13696K, used 9341K [0x00000000ff2a0000, 0x0000000100000000, 0x0000000100000000)
 Metaspace       used 5071K, capacity 5248K, committed 5504K, reserved 1056768K
  class space    used 554K, capacity 592K, committed 640K, reserved 1048576K
2024-07-16T17:10:21.951+0800: 8.620: [GC (Allocation Failure) 2024-07-16T17:10:21.951+0800: 8.620: [ParNew: 5233K->4K(6144K), 0.0002448 secs] 14575K->9345K(19840K), 0.0002811 secs] [Times: user=0.00 sys=0.00, real=0.00 secs] 
Heap after GC invocations=1112 (full 130):
 par new generation   total 6144K, used 4K [0x00000000fec00000, 0x00000000ff2a0000, 0x00000000ff2a0000)
  eden space 5504K,   0% used [0x00000000fec00000, 0x00000000fec00000, 0x00000000ff160000)
  from space 640K,   0% used [0x00000000ff160000, 0x00000000ff161020, 0x00000000ff200000)
  to   space 640K,   0% used [0x00000000ff200000, 0x00000000ff200000, 0x00000000ff2a0000)
 concurrent mark-sweep generation total 13696K, used 9341K [0x00000000ff2a0000, 0x0000000100000000, 0x0000000100000000)
 Metaspace       used 5071K, capacity 5248K, committed 5504K, reserved 1056768K
  class space    used 554K, capacity 592K, committed 640K, reserved 1048576K
}
{Heap before GC invocations=1112 (full 130):
 par new generation   total 6144K, used 5233K [0x00000000fec00000, 0x00000000ff2a0000, 0x00000000ff2a0000)
  eden space 5504K,  95% used [0x00000000fec00000, 0x00000000ff11b798, 0x00000000ff160000)
  from space 640K,   0% used [0x00000000ff160000, 0x00000000ff161020, 0x00000000ff200000)
  to   space 640K,   0% used [0x00000000ff200000, 0x00000000ff200000, 0x00000000ff2a0000)
 concurrent mark-sweep generation total 13696K, used 9341K [0x00000000ff2a0000, 0x0000000100000000, 0x0000000100000000)
 Metaspace       used 5071K, capacity 5248K, committed 5504K, reserved 1056768K
  class space    used 554K, capacity 592K, committed 640K, reserved 1048576K
2024-07-16T17:10:21.958+0800: 8.627: [GC (Allocation Failure) 2024-07-16T17:10:21.958+0800: 8.627: [ParNew: 5233K->10K(6144K), 0.0003367 secs] 14575K->10375K(19840K), 0.0003670 secs] [Times: user=0.00 sys=0.00, real=0.00 secs] 
Heap after GC invocations=1113 (full 130):
 par new generation   total 6144K, used 10K [0x00000000fec00000, 0x00000000ff2a0000, 0x00000000ff2a0000)
  eden space 5504K,   0% used [0x00000000fec00000, 0x00000000fec00000, 0x00000000ff160000)
  from space 640K,   1% used [0x00000000ff200000, 0x00000000ff202850, 0x00000000ff2a0000)
  to   space 640K,   0% used [0x00000000ff160000, 0x00000000ff160000, 0x00000000ff200000)
 concurrent mark-sweep generation total 13696K, used 10365K [0x00000000ff2a0000, 0x0000000100000000, 0x0000000100000000)
 Metaspace       used 5071K, capacity 5248K, committed 5504K, reserved 1056768K
  class space    used 554K, capacity 592K, committed 640K, reserved 1048576K
}
{Heap before GC invocations=1113 (full 130):
 par new generation   total 6144K, used 5239K [0x00000000fec00000, 0x00000000ff2a0000, 0x00000000ff2a0000)
  eden space 5504K,  95% used [0x00000000fec00000, 0x00000000ff11b798, 0x00000000ff160000)
  from space 640K,   1% used [0x00000000ff200000, 0x00000000ff202850, 0x00000000ff2a0000)
  to   space 640K,   0% used [0x00000000ff160000, 0x00000000ff160000, 0x00000000ff200000)
 concurrent mark-sweep generation total 13696K, used 10365K [0x00000000ff2a0000, 0x0000000100000000, 0x0000000100000000)
 Metaspace       used 5071K, capacity 5248K, committed 5504K, reserved 1056768K
  class space    used 554K, capacity 592K, committed 640K, reserved 1048576K
2024-07-16T17:10:21.965+0800: 8.634: [GC (Allocation Failure) 2024-07-16T17:10:21.965+0800: 8.634: [ParNew: 5239K->10K(6144K), 0.0003604 secs] 15605K->11401K(19840K), 0.0003869 secs] [Times: user=0.00 sys=0.00, real=0.00 secs] 
Heap after GC invocations=1114 (full 130):
 par new generation   total 6144K, used 10K [0x00000000fec00000, 0x00000000ff2a0000, 0x00000000ff2a0000)
  eden space 5504K,   0% used [0x00000000fec00000, 0x00000000fec00000, 0x00000000ff160000)
  from space 640K,   1% used [0x00000000ff160000, 0x00000000ff162850, 0x00000000ff200000)
  to   space 640K,   0% used [0x00000000ff200000, 0x00000000ff200000, 0x00000000ff2a0000)
 concurrent mark-sweep generation total 13696K, used 11391K [0x00000000ff2a0000, 0x0000000100000000, 0x0000000100000000)
 Metaspace       used 5071K, capacity 5248K, committed 5504K, reserved 1056768K
  class space    used 554K, capacity 592K, committed 640K, reserved 1048576K
}
{Heap before GC invocations=1114 (full 130):
 par new generation   total 6144K, used 5239K [0x00000000fec00000, 0x00000000ff2a0000, 0x00000000ff2a0000)
  eden space 5504K,  95% used [0x00000000fec00000, 0x00000000ff11b798, 0x00000000ff160000)
  from space 640K,   1% used [0x00000000ff160000, 0x00000000ff162850, 0x00000000ff200000)
  to   space 640K,   0% used [0x00000000ff200000, 0x00000000ff200000, 0x00000000ff2a0000)
 concurrent mark-sweep generation total 13696K, used 11391K [0x00000000ff2a0000, 0x0000000100000000, 0x0000000100000000)
 Metaspace       used 5071K, capacity 5248K, committed 5504K, reserved 1056768K
  class space    used 554K, capacity 592K, committed 640K, reserved 1048576K
2024-07-16T17:10:21.973+0800: 8.642: [GC (Allocation Failure) 2024-07-16T17:10:21.973+0800: 8.642: [ParNew: 5239K->8K(6144K), 0.0003624 secs] 16631K->12425K(19840K), 0.0003989 secs] [Times: user=0.00 sys=0.00, real=0.00 secs] 
Heap after GC invocations=1115 (full 130):
 par new generation   total 6144K, used 8K [0x00000000fec00000, 0x00000000ff2a0000, 0x00000000ff2a0000)
  eden space 5504K,   0% used [0x00000000fec00000, 0x00000000fec00000, 0x00000000ff160000)
  from space 640K,   1% used [0x00000000ff200000, 0x00000000ff202040, 0x00000000ff2a0000)
  to   space 640K,   0% used [0x00000000ff160000, 0x00000000ff160000, 0x00000000ff200000)
 concurrent mark-sweep generation total 13696K, used 12417K [0x00000000ff2a0000, 0x0000000100000000, 0x0000000100000000)
 Metaspace       used 5071K, capacity 5248K, committed 5504K, reserved 1056768K
  class space    used 554K, capacity 592K, committed 640K, reserved 1048576K
}
{Heap before GC invocations=1115 (full 130):
 par new generation   total 6144K, used 5237K [0x00000000fec00000, 0x00000000ff2a0000, 0x00000000ff2a0000)
  eden space 5504K,  95% used [0x00000000fec00000, 0x00000000ff11b798, 0x00000000ff160000)
  from space 640K,   1% used [0x00000000ff200000, 0x00000000ff202040, 0x00000000ff2a0000)
  to   space 640K,   0% used [0x00000000ff160000, 0x00000000ff160000, 0x00000000ff200000)
 concurrent mark-sweep generation total 13696K, used 12417K [0x00000000ff2a0000, 0x0000000100000000, 0x0000000100000000)
 Metaspace       used 5071K, capacity 5248K, committed 5504K, reserved 1056768K
  class space    used 554K, capacity 592K, committed 640K, reserved 1048576K
2024-07-16T17:10:21.981+0800: 8.650: [GC (Allocation Failure) 2024-07-16T17:10:21.981+0800: 8.650: [ParNew: 5237K->5237K(6144K), 0.0000099 secs]2024-07-16T17:10:21.981+0800: 8.650: [CMS2024-07-16T17:10:21.981+0800: 8.650: [CMS-concurrent-abortable-preclean: 0.000/0.063 secs] [Times: user=0.00 sys=0.00, real=0.06 secs] 
 (concurrent mode failure): 12417K->2165K(13696K), 0.0022275 secs] 17655K->2165K(19840K), [Metaspace: 5071K->5071K(1056768K)], 0.0022775 secs] [Times: user=0.00 sys=0.00, real=0.00 secs] 
Heap after GC invocations=1116 (full 131):
 par new generation   total 6144K, used 0K [0x00000000fec00000, 0x00000000ff2a0000, 0x00000000ff2a0000)
  eden space 5504K,   0% used [0x00000000fec00000, 0x00000000fec00000, 0x00000000ff160000)
  from space 640K,   0% used [0x00000000ff200000, 0x00000000ff200000, 0x00000000ff2a0000)
  to   space 640K,   0% used [0x00000000ff160000, 0x00000000ff160000, 0x00000000ff200000)
 concurrent mark-sweep generation total 13696K, used 2165K [0x00000000ff2a0000, 0x0000000100000000, 0x0000000100000000)
 Metaspace       used 5071K, capacity 5248K, committed 5504K, reserved 1056768K
  class space    used 554K, capacity 592K, committed 640K, reserved 1048576K
}
{Heap before GC invocations=1116 (full 131):
 par new generation   total 6144K, used 5229K [0x00000000fec00000, 0x00000000ff2a0000, 0x00000000ff2a0000)
  eden space 5504K,  95% used [0x00000000fec00000, 0x00000000ff11b798, 0x00000000ff160000)
  from space 640K,   0% used [0x00000000ff200000, 0x00000000ff200000, 0x00000000ff2a0000)
  to   space 640K,   0% used [0x00000000ff160000, 0x00000000ff160000, 0x00000000ff200000)
 concurrent mark-sweep generation total 13696K, used 2165K [0x00000000ff2a0000, 0x0000000100000000, 0x0000000100000000)
 Metaspace       used 5071K, capacity 5248K, committed 5504K, reserved 1056768K
  class space    used 554K, capacity 592K, committed 640K, reserved 1048576K
2024-07-16T17:10:21.990+0800: 8.659: [GC (Allocation Failure) 2024-07-16T17:10:21.990+0800: 8.659: [ParNew: 5229K->8K(6144K), 0.0003729 secs] 7395K->3199K(19840K), 0.0004081 secs] [Times: user=0.00 sys=0.00, real=0.00 secs] 
Heap after GC invocations=1117 (full 131):
 par new generation   total 6144K, used 8K [0x00000000fec00000, 0x00000000ff2a0000, 0x00000000ff2a0000)
  eden space 5504K,   0% used [0x00000000fec00000, 0x00000000fec00000, 0x00000000ff160000)
  from space 640K,   1% used [0x00000000ff160000, 0x00000000ff162040, 0x00000000ff200000)
  to   space 640K,   0% used [0x00000000ff200000, 0x00000000ff200000, 0x00000000ff2a0000)
 concurrent mark-sweep generation total 13696K, used 3191K [0x00000000ff2a0000, 0x0000000100000000, 0x0000000100000000)
 Metaspace       used 5071K, capacity 5248K, committed 5504K, reserved 1056768K
  class space    used 554K, capacity 592K, committed 640K, reserved 1048576K
}
{Heap before GC invocations=1117 (full 131):
 par new generation   total 6144K, used 5237K [0x00000000fec00000, 0x00000000ff2a0000, 0x00000000ff2a0000)
  eden space 5504K,  95% used [0x00000000fec00000, 0x00000000ff11b798, 0x00000000ff160000)
  from space 640K,   1% used [0x00000000ff160000, 0x00000000ff162040, 0x00000000ff200000)
  to   space 640K,   0% used [0x00000000ff200000, 0x00000000ff200000, 0x00000000ff2a0000)
 concurrent mark-sweep generation total 13696K, used 3191K [0x00000000ff2a0000, 0x0000000100000000, 0x0000000100000000)
 Metaspace       used 5071K, capacity 5248K, committed 5504K, reserved 1056768K
  class space    used 554K, capacity 592K, committed 640K, reserved 1048576K
2024-07-16T17:10:21.997+0800: 8.666: [GC (Allocation Failure) 2024-07-16T17:10:21.997+0800: 8.666: [ParNew: 5237K->2K(6144K), 0.0002661 secs] 8429K->3193K(19840K), 0.0002961 secs] [Times: user=0.00 sys=0.00, real=0.00 secs] 
Heap after GC invocations=1118 (full 131):
 par new generation   total 6144K, used 2K [0x00000000fec00000, 0x00000000ff2a0000, 0x00000000ff2a0000)
  eden space 5504K,   0% used [0x00000000fec00000, 0x00000000fec00000, 0x00000000ff160000)
  from space 640K,   0% used [0x00000000ff200000, 0x00000000ff200810, 0x00000000ff2a0000)
  to   space 640K,   0% used [0x00000000ff160000, 0x00000000ff160000, 0x00000000ff200000)
 concurrent mark-sweep generation total 13696K, used 3191K [0x00000000ff2a0000, 0x0000000100000000, 0x0000000100000000)
 Metaspace       used 5071K, capacity 5248K, committed 5504K, reserved 1056768K
  class space    used 554K, capacity 592K, committed 640K, reserved 1048576K
}
{Heap before GC invocations=1118 (full 131):
 par new generation   total 6144K, used 5231K [0x00000000fec00000, 0x00000000ff2a0000, 0x00000000ff2a0000)
  eden space 5504K,  95% used [0x00000000fec00000, 0x00000000ff11b798, 0x00000000ff160000)
  from space 640K,   0% used [0x00000000ff200000, 0x00000000ff200810, 0x00000000ff2a0000)
  to   space 640K,   0% used [0x00000000ff160000, 0x00000000ff160000, 0x00000000ff200000)
 concurrent mark-sweep generation total 13696K, used 3191K [0x00000000ff2a0000, 0x0000000100000000, 0x0000000100000000)
 Metaspace       used 5071K, capacity 5248K, committed 5504K, reserved 1056768K
  class space    used 554K, capacity 592K, committed 640K, reserved 1048576K
2024-07-16T17:10:22.006+0800: 8.675: [GC (Allocation Failure) 2024-07-16T17:10:22.006+0800: 8.675: [ParNew: 5231K->8K(6144K), 0.0004036 secs] 8423K->5249K(19840K), 0.0004349 secs] [Times: user=0.00 sys=0.00, real=0.00 secs] 
Heap after GC invocations=1119 (full 131):
 par new generation   total 6144K, used 8K [0x00000000fec00000, 0x00000000ff2a0000, 0x00000000ff2a0000)
  eden space 5504K,   0% used [0x00000000fec00000, 0x00000000fec00000, 0x00000000ff160000)
  from space 640K,   1% used [0x00000000ff160000, 0x00000000ff162040, 0x00000000ff200000)
  to   space 640K,   0% used [0x00000000ff200000, 0x00000000ff200000, 0x00000000ff2a0000)
 concurrent mark-sweep generation total 13696K, used 5241K [0x00000000ff2a0000, 0x0000000100000000, 0x0000000100000000)
 Metaspace       used 5071K, capacity 5248K, committed 5504K, reserved 1056768K
  class space    used 554K, capacity 592K, committed 640K, reserved 1048576K
}
2024-07-16T17:10:22.006+0800: 8.675: [GC (CMS Initial Mark) [1 CMS-initial-mark: 5241K(13696K)] 6275K(19840K), 0.0001040 secs] [Times: user=0.00 sys=0.00, real=0.00 secs] 
2024-07-16T17:10:22.006+0800: 8.676: [CMS-concurrent-mark-start]
2024-07-16T17:10:22.008+0800: 8.677: [CMS-concurrent-mark: 0.001/0.001 secs] [Times: user=0.00 sys=0.00, real=0.00 secs] 
2024-07-16T17:10:22.008+0800: 8.677: [CMS-concurrent-preclean-start]
2024-07-16T17:10:22.008+0800: 8.677: [CMS-concurrent-preclean: 0.000/0.000 secs] [Times: user=0.00 sys=0.00, real=0.00 secs] 
2024-07-16T17:10:22.008+0800: 8.677: [CMS-concurrent-abortable-preclean-start]
{Heap before GC invocations=1119 (full 132):
 par new generation   total 6144K, used 5237K [0x00000000fec00000, 0x00000000ff2a0000, 0x00000000ff2a0000)
  eden space 5504K,  95% used [0x00000000fec00000, 0x00000000ff11b798, 0x00000000ff160000)
  from space 640K,   1% used [0x00000000ff160000, 0x00000000ff162040, 0x00000000ff200000)
  to   space 640K,   0% used [0x00000000ff200000, 0x00000000ff200000, 0x00000000ff2a0000)
 concurrent mark-sweep generation total 13696K, used 5241K [0x00000000ff2a0000, 0x0000000100000000, 0x0000000100000000)
 Metaspace       used 5071K, capacity 5248K, committed 5504K, reserved 1056768K
  class space    used 554K, capacity 592K, committed 640K, reserved 1048576K
2024-07-16T17:10:22.013+0800: 8.682: [GC (Allocation Failure) 2024-07-16T17:10:22.013+0800: 8.682: [ParNew: 5237K->8K(6144K), 0.0003264 secs] 10479K->6275K(19840K), 0.0003512 secs] [Times: user=0.00 sys=0.00, real=0.00 secs] 
Heap after GC invocations=1120 (full 132):
 par new generation   total 6144K, used 8K [0x00000000fec00000, 0x00000000ff2a0000, 0x00000000ff2a0000)
  eden space 5504K,   0% used [0x00000000fec00000, 0x00000000fec00000, 0x00000000ff160000)
  from space 640K,   1% used [0x00000000ff200000, 0x00000000ff202040, 0x00000000ff2a0000)
  to   space 640K,   0% used [0x00000000ff160000, 0x00000000ff160000, 0x00000000ff200000)
 concurrent mark-sweep generation total 13696K, used 6267K [0x00000000ff2a0000, 0x0000000100000000, 0x0000000100000000)
 Metaspace       used 5071K, capacity 5248K, committed 5504K, reserved 1056768K
  class space    used 554K, capacity 592K, committed 640K, reserved 1048576K
}
{Heap before GC invocations=1120 (full 132):
 par new generation   total 6144K, used 5237K [0x00000000fec00000, 0x00000000ff2a0000, 0x00000000ff2a0000)
  eden space 5504K,  95% used [0x00000000fec00000, 0x00000000ff11b798, 0x00000000ff160000)
  from space 640K,   1% used [0x00000000ff200000, 0x00000000ff202040, 0x00000000ff2a0000)
  to   space 640K,   0% used [0x00000000ff160000, 0x00000000ff160000, 0x00000000ff200000)
 concurrent mark-sweep generation total 13696K, used 6267K [0x00000000ff2a0000, 0x0000000100000000, 0x0000000100000000)
 Metaspace       used 5071K, capacity 5248K, committed 5504K, reserved 1056768K
  class space    used 554K, capacity 592K, committed 640K, reserved 1048576K
2024-07-16T17:10:22.020+0800: 8.689: [GC (Allocation Failure) 2024-07-16T17:10:22.020+0800: 8.689: [ParNew: 5237K->8K(6144K), 0.0003973 secs] 11505K->7301K(19840K), 0.0004433 secs] [Times: user=0.00 sys=0.00, real=0.00 secs] 
Heap after GC invocations=1121 (full 132):
 par new generation   total 6144K, used 8K [0x00000000fec00000, 0x00000000ff2a0000, 0x00000000ff2a0000)
  eden space 5504K,   0% used [0x00000000fec00000, 0x00000000fec00000, 0x00000000ff160000)
  from space 640K,   1% used [0x00000000ff160000, 0x00000000ff162040, 0x00000000ff200000)
  to   space 640K,   0% used [0x00000000ff200000, 0x00000000ff200000, 0x00000000ff2a0000)
 concurrent mark-sweep generation total 13696K, used 7293K [0x00000000ff2a0000, 0x0000000100000000, 0x0000000100000000)
 Metaspace       used 5071K, capacity 5248K, committed 5504K, reserved 1056768K
  class space    used 554K, capacity 592K, committed 640K, reserved 1048576K
}
{Heap before GC invocations=1121 (full 132):
 par new generation   total 6144K, used 5237K [0x00000000fec00000, 0x00000000ff2a0000, 0x00000000ff2a0000)
  eden space 5504K,  95% used [0x00000000fec00000, 0x00000000ff11b7b0, 0x00000000ff160000)
  from space 640K,   1% used [0x00000000ff160000, 0x00000000ff162040, 0x00000000ff200000)
  to   space 640K,   0% used [0x00000000ff200000, 0x00000000ff200000, 0x00000000ff2a0000)
 concurrent mark-sweep generation total 13696K, used 7293K [0x00000000ff2a0000, 0x0000000100000000, 0x0000000100000000)
 Metaspace       used 5071K, capacity 5248K, committed 5504K, reserved 1056768K
  class space    used 554K, capacity 592K, committed 640K, reserved 1048576K
2024-07-16T17:10:22.026+0800: 8.695: [GC (Allocation Failure) 2024-07-16T17:10:22.026+0800: 8.695: [ParNew: 5237K->8K(6144K), 0.0005650 secs] 12531K->9351K(19840K), 0.0006302 secs] [Times: user=0.00 sys=0.00, real=0.00 secs] 
Heap after GC invocations=1122 (full 132):
 par new generation   total 6144K, used 8K [0x00000000fec00000, 0x00000000ff2a0000, 0x00000000ff2a0000)
  eden space 5504K,   0% used [0x00000000fec00000, 0x00000000fec00000, 0x00000000ff160000)
  from space 640K,   1% used [0x00000000ff200000, 0x00000000ff202040, 0x00000000ff2a0000)
  to   space 640K,   0% used [0x00000000ff160000, 0x00000000ff160000, 0x00000000ff200000)
 concurrent mark-sweep generation total 13696K, used 9343K [0x00000000ff2a0000, 0x0000000100000000, 0x0000000100000000)
 Metaspace       used 5071K, capacity 5248K, committed 5504K, reserved 1056768K
  class space    used 554K, capacity 592K, committed 640K, reserved 1048576K
}
{Heap before GC invocations=1122 (full 132):
 par new generation   total 6144K, used 5237K [0x00000000fec00000, 0x00000000ff2a0000, 0x00000000ff2a0000)
  eden space 5504K,  95% used [0x00000000fec00000, 0x00000000ff11b7b0, 0x00000000ff160000)
  from space 640K,   1% used [0x00000000ff200000, 0x00000000ff202040, 0x00000000ff2a0000)
  to   space 640K,   0% used [0x00000000ff160000, 0x00000000ff160000, 0x00000000ff200000)
 concurrent mark-sweep generation total 13696K, used 9343K [0x00000000ff2a0000, 0x0000000100000000, 0x0000000100000000)
 Metaspace       used 5071K, capacity 5248K, committed 5504K, reserved 1056768K
  class space    used 554K, capacity 592K, committed 640K, reserved 1048576K
2024-07-16T17:10:22.034+0800: 8.703: [GC (Allocation Failure) 2024-07-16T17:10:22.034+0800: 8.703: [ParNew: 5237K->4K(6144K), 0.0004171 secs] 14581K->9347K(19840K), 0.0004914 secs] [Times: user=0.00 sys=0.00, real=0.00 secs] 
Heap after GC invocations=1123 (full 132):
 par new generation   total 6144K, used 4K [0x00000000fec00000, 0x00000000ff2a0000, 0x00000000ff2a0000)
  eden space 5504K,   0% used [0x00000000fec00000, 0x00000000fec00000, 0x00000000ff160000)
  from space 640K,   0% used [0x00000000ff160000, 0x00000000ff161020, 0x00000000ff200000)
  to   space 640K,   0% used [0x00000000ff200000, 0x00000000ff200000, 0x00000000ff2a0000)
 concurrent mark-sweep generation total 13696K, used 9343K [0x00000000ff2a0000, 0x0000000100000000, 0x0000000100000000)
 Metaspace       used 5071K, capacity 5248K, committed 5504K, reserved 1056768K
  class space    used 554K, capacity 592K, committed 640K, reserved 1048576K
}
{Heap before GC invocations=1123 (full 132):
 par new generation   total 6144K, used 5233K [0x00000000fec00000, 0x00000000ff2a0000, 0x00000000ff2a0000)
  eden space 5504K,  95% used [0x00000000fec00000, 0x00000000ff11b7b0, 0x00000000ff160000)
  from space 640K,   0% used [0x00000000ff160000, 0x00000000ff161020, 0x00000000ff200000)
  to   space 640K,   0% used [0x00000000ff200000, 0x00000000ff200000, 0x00000000ff2a0000)
 concurrent mark-sweep generation total 13696K, used 9343K [0x00000000ff2a0000, 0x0000000100000000, 0x0000000100000000)
 Metaspace       used 5071K, capacity 5248K, committed 5504K, reserved 1056768K
  class space    used 554K, capacity 592K, committed 640K, reserved 1048576K
2024-07-16T17:10:22.044+0800: 8.712: [GC (Allocation Failure) 2024-07-16T17:10:22.044+0800: 8.712: [ParNew: 5233K->8K(6144K), 0.0004301 secs] 14577K->10377K(19840K), 0.0005070 secs] [Times: user=0.00 sys=0.00, real=0.00 secs] 
Heap after GC invocations=1124 (full 132):
 par new generation   total 6144K, used 8K [0x00000000fec00000, 0x00000000ff2a0000, 0x00000000ff2a0000)
  eden space 5504K,   0% used [0x00000000fec00000, 0x00000000fec00000, 0x00000000ff160000)
  from space 640K,   1% used [0x00000000ff200000, 0x00000000ff202040, 0x00000000ff2a0000)
  to   space 640K,   0% used [0x00000000ff160000, 0x00000000ff160000, 0x00000000ff200000)
 concurrent mark-sweep generation total 13696K, used 10369K [0x00000000ff2a0000, 0x0000000100000000, 0x0000000100000000)
 Metaspace       used 5071K, capacity 5248K, committed 5504K, reserved 1056768K
  class space    used 554K, capacity 592K, committed 640K, reserved 1048576K
}
{Heap before GC invocations=1124 (full 132):
 par new generation   total 6144K, used 5237K [0x00000000fec00000, 0x00000000ff2a0000, 0x00000000ff2a0000)
  eden space 5504K,  95% used [0x00000000fec00000, 0x00000000ff11b7b0, 0x00000000ff160000)
  from space 640K,   1% used [0x00000000ff200000, 0x00000000ff202040, 0x00000000ff2a0000)
  to   space 640K,   0% used [0x00000000ff160000, 0x00000000ff160000, 0x00000000ff200000)
 concurrent mark-sweep generation total 13696K, used 10369K [0x00000000ff2a0000, 0x0000000100000000, 0x0000000100000000)
 Metaspace       used 5071K, capacity 5248K, committed 5504K, reserved 1056768K
  class space    used 554K, capacity 592K, committed 640K, reserved 1048576K
2024-07-16T17:10:22.052+0800: 8.720: [GC (Allocation Failure) 2024-07-16T17:10:22.052+0800: 8.720: [ParNew: 5237K->10K(6144K), 0.0004170 secs] 15607K->11403K(19840K), 0.0004838 secs] [Times: user=0.00 sys=0.00, real=0.00 secs] 
Heap after GC invocations=1125 (full 132):
 par new generation   total 6144K, used 10K [0x00000000fec00000, 0x00000000ff2a0000, 0x00000000ff2a0000)
  eden space 5504K,   0% used [0x00000000fec00000, 0x00000000fec00000, 0x00000000ff160000)
  from space 640K,   1% used [0x00000000ff160000, 0x00000000ff162850, 0x00000000ff200000)
  to   space 640K,   0% used [0x00000000ff200000, 0x00000000ff200000, 0x00000000ff2a0000)
 concurrent mark-sweep generation total 13696K, used 11393K [0x00000000ff2a0000, 0x0000000100000000, 0x0000000100000000)
 Metaspace       used 5071K, capacity 5248K, committed 5504K, reserved 1056768K
  class space    used 554K, capacity 592K, committed 640K, reserved 1048576K
}
{Heap before GC invocations=1125 (full 132):
 par new generation   total 6144K, used 5240K [0x00000000fec00000, 0x00000000ff2a0000, 0x00000000ff2a0000)
  eden space 5504K,  95% used [0x00000000fec00000, 0x00000000ff11b7b0, 0x00000000ff160000)
  from space 640K,   1% used [0x00000000ff160000, 0x00000000ff162850, 0x00000000ff200000)
  to   space 640K,   0% used [0x00000000ff200000, 0x00000000ff200000, 0x00000000ff2a0000)
 concurrent mark-sweep generation total 13696K, used 11393K [0x00000000ff2a0000, 0x0000000100000000, 0x0000000100000000)
 Metaspace       used 5071K, capacity 5248K, committed 5504K, reserved 1056768K
  class space    used 554K, capacity 592K, committed 640K, reserved 1048576K
2024-07-16T17:10:22.060+0800: 8.728: [GC (Allocation Failure) 2024-07-16T17:10:22.060+0800: 8.728: [ParNew: 5240K->4K(6144K), 0.0004150 secs] 16633K->11397K(19840K), 0.0004641 secs] [Times: user=0.00 sys=0.00, real=0.00 secs] 
Heap after GC invocations=1126 (full 132):
 par new generation   total 6144K, used 4K [0x00000000fec00000, 0x00000000ff2a0000, 0x00000000ff2a0000)
  eden space 5504K,   0% used [0x00000000fec00000, 0x00000000fec00000, 0x00000000ff160000)
  from space 640K,   0% used [0x00000000ff200000, 0x00000000ff201020, 0x00000000ff2a0000)
  to   space 640K,   0% used [0x00000000ff160000, 0x00000000ff160000, 0x00000000ff200000)
 concurrent mark-sweep generation total 13696K, used 11393K [0x00000000ff2a0000, 0x0000000100000000, 0x0000000100000000)
 Metaspace       used 5071K, capacity 5248K, committed 5504K, reserved 1056768K
  class space    used 554K, capacity 592K, committed 640K, reserved 1048576K
}
{Heap before GC invocations=1126 (full 132):
 par new generation   total 6144K, used 5233K [0x00000000fec00000, 0x00000000ff2a0000, 0x00000000ff2a0000)
  eden space 5504K,  95% used [0x00000000fec00000, 0x00000000ff11b7b0, 0x00000000ff160000)
  from space 640K,   0% used [0x00000000ff200000, 0x00000000ff201020, 0x00000000ff2a0000)
  to   space 640K,   0% used [0x00000000ff160000, 0x00000000ff160000, 0x00000000ff200000)
 concurrent mark-sweep generation total 13696K, used 11393K [0x00000000ff2a0000, 0x0000000100000000, 0x0000000100000000)
 Metaspace       used 5071K, capacity 5248K, committed 5504K, reserved 1056768K
  class space    used 554K, capacity 592K, committed 640K, reserved 1048576K
2024-07-16T17:10:22.068+0800: 8.736: [GC (Allocation Failure) 2024-07-16T17:10:22.068+0800: 8.736: [ParNew: 5233K->4K(6144K), 0.0003452 secs] 16627K->11397K(19840K), 0.0004097 secs] [Times: user=0.00 sys=0.00, real=0.00 secs] 
Heap after GC invocations=1127 (full 132):
 par new generation   total 6144K, used 4K [0x00000000fec00000, 0x00000000ff2a0000, 0x00000000ff2a0000)
  eden space 5504K,   0% used [0x00000000fec00000, 0x00000000fec00000, 0x00000000ff160000)
  from space 640K,   0% used [0x00000000ff160000, 0x00000000ff161020, 0x00000000ff200000)
  to   space 640K,   0% used [0x00000000ff200000, 0x00000000ff200000, 0x00000000ff2a0000)
 concurrent mark-sweep generation total 13696K, used 11393K [0x00000000ff2a0000, 0x0000000100000000, 0x0000000100000000)
 Metaspace       used 5071K, capacity 5248K, committed 5504K, reserved 1056768K
  class space    used 554K, capacity 592K, committed 640K, reserved 1048576K
}
{Heap before GC invocations=1127 (full 132):
 par new generation   total 6144K, used 5233K [0x00000000fec00000, 0x00000000ff2a0000, 0x00000000ff2a0000)
  eden space 5504K,  95% used [0x00000000fec00000, 0x00000000ff11b7b0, 0x00000000ff160000)
  from space 640K,   0% used [0x00000000ff160000, 0x00000000ff161020, 0x00000000ff200000)
  to   space 640K,   0% used [0x00000000ff200000, 0x00000000ff200000, 0x00000000ff2a0000)
 concurrent mark-sweep generation total 13696K, used 11393K [0x00000000ff2a0000, 0x0000000100000000, 0x0000000100000000)
 Metaspace       used 5071K, capacity 5248K, committed 5504K, reserved 1056768K
  class space    used 554K, capacity 592K, committed 640K, reserved 1048576K
2024-07-16T17:10:22.074+0800: 8.742: [GC (Allocation Failure) 2024-07-16T17:10:22.074+0800: 8.742: [ParNew: 5233K->4K(6144K), 0.0003502 secs] 16627K->11397K(19840K), 0.0004112 secs] [Times: user=0.00 sys=0.00, real=0.00 secs] 
Heap after GC invocations=1128 (full 132):
 par new generation   total 6144K, used 4K [0x00000000fec00000, 0x00000000ff2a0000, 0x00000000ff2a0000)
  eden space 5504K,   0% used [0x00000000fec00000, 0x00000000fec00000, 0x00000000ff160000)
  from space 640K,   0% used [0x00000000ff200000, 0x00000000ff201020, 0x00000000ff2a0000)
  to   space 640K,   0% used [0x00000000ff160000, 0x00000000ff160000, 0x00000000ff200000)
 concurrent mark-sweep generation total 13696K, used 11393K [0x00000000ff2a0000, 0x0000000100000000, 0x0000000100000000)
 Metaspace       used 5071K, capacity 5248K, committed 5504K, reserved 1056768K
  class space    used 554K, capacity 592K, committed 640K, reserved 1048576K
}
{Heap before GC invocations=1128 (full 132):
 par new generation   total 6144K, used 5233K [0x00000000fec00000, 0x00000000ff2a0000, 0x00000000ff2a0000)
  eden space 5504K,  95% used [0x00000000fec00000, 0x00000000ff11b7b0, 0x00000000ff160000)
  from space 640K,   0% used [0x00000000ff200000, 0x00000000ff201020, 0x00000000ff2a0000)
  to   space 640K,   0% used [0x00000000ff160000, 0x00000000ff160000, 0x00000000ff200000)
 concurrent mark-sweep generation total 13696K, used 11393K [0x00000000ff2a0000, 0x0000000100000000, 0x0000000100000000)
 Metaspace       used 5071K, capacity 5248K, committed 5504K, reserved 1056768K
  class space    used 554K, capacity 592K, committed 640K, reserved 1048576K
2024-07-16T17:10:22.081+0800: 8.749: [GC (Allocation Failure) 2024-07-16T17:10:22.081+0800: 8.749: [ParNew: 5233K->8K(6144K), 0.0004669 secs] 16627K->12425K(19840K), 0.0005416 secs] [Times: user=0.00 sys=0.00, real=0.00 secs] 
Heap after GC invocations=1129 (full 132):
 par new generation   total 6144K, used 8K [0x00000000fec00000, 0x00000000ff2a0000, 0x00000000ff2a0000)
  eden space 5504K,   0% used [0x00000000fec00000, 0x00000000fec00000, 0x00000000ff160000)
  from space 640K,   1% used [0x00000000ff160000, 0x00000000ff162040, 0x00000000ff200000)
  to   space 640K,   0% used [0x00000000ff200000, 0x00000000ff200000, 0x00000000ff2a0000)
 concurrent mark-sweep generation total 13696K, used 12417K [0x00000000ff2a0000, 0x0000000100000000, 0x0000000100000000)
 Metaspace       used 5071K, capacity 5248K, committed 5504K, reserved 1056768K
  class space    used 554K, capacity 592K, committed 640K, reserved 1048576K
}
{Heap before GC invocations=1129 (full 132):
 par new generation   total 6144K, used 5237K [0x00000000fec00000, 0x00000000ff2a0000, 0x00000000ff2a0000)
  eden space 5504K,  95% used [0x00000000fec00000, 0x00000000ff11b7b0, 0x00000000ff160000)
  from space 640K,   1% used [0x00000000ff160000, 0x00000000ff162040, 0x00000000ff200000)
  to   space 640K,   0% used [0x00000000ff200000, 0x00000000ff200000, 0x00000000ff2a0000)
 concurrent mark-sweep generation total 13696K, used 12417K [0x00000000ff2a0000, 0x0000000100000000, 0x0000000100000000)
 Metaspace       used 5071K, capacity 5248K, committed 5504K, reserved 1056768K
  class space    used 554K, capacity 592K, committed 640K, reserved 1048576K
2024-07-16T17:10:22.090+0800: 8.758: [GC (Allocation Failure) 2024-07-16T17:10:22.090+0800: 8.758: [ParNew: 5237K->5237K(6144K), 0.0000172 secs]2024-07-16T17:10:22.090+0800: 8.758: [CMS2024-07-16T17:10:22.090+0800: 8.758: [CMS-concurrent-abortable-preclean: 0.001/0.082 secs] [Times: user=0.02 sys=0.00, real=0.08 secs] 
 (concurrent mode failure): 12417K->1141K(13696K), 0.0024808 secs] 17655K->1141K(19840K), [Metaspace: 5071K->5071K(1056768K)], 0.0025716 secs] [Times: user=0.00 sys=0.00, real=0.00 secs] 
Heap after GC invocations=1130 (full 133):
 par new generation   total 6144K, used 0K [0x00000000fec00000, 0x00000000ff2a0000, 0x00000000ff2a0000)
  eden space 5504K,   0% used [0x00000000fec00000, 0x00000000fec00000, 0x00000000ff160000)
  from space 640K,   0% used [0x00000000ff160000, 0x00000000ff160000, 0x00000000ff200000)
  to   space 640K,   0% used [0x00000000ff200000, 0x00000000ff200000, 0x00000000ff2a0000)
 concurrent mark-sweep generation total 13696K, used 1141K [0x00000000ff2a0000, 0x0000000100000000, 0x0000000100000000)
 Metaspace       used 5071K, capacity 5248K, committed 5504K, reserved 1056768K
  class space    used 554K, capacity 592K, committed 640K, reserved 1048576K
}
{Heap before GC invocations=1130 (full 133):
 par new generation   total 6144K, used 5229K [0x00000000fec00000, 0x00000000ff2a0000, 0x00000000ff2a0000)
  eden space 5504K,  95% used [0x00000000fec00000, 0x00000000ff11b7b0, 0x00000000ff160000)
  from space 640K,   0% used [0x00000000ff160000, 0x00000000ff160000, 0x00000000ff200000)
  to   space 640K,   0% used [0x00000000ff200000, 0x00000000ff200000, 0x00000000ff2a0000)
 concurrent mark-sweep generation total 13696K, used 1141K [0x00000000ff2a0000, 0x0000000100000000, 0x0000000100000000)
 Metaspace       used 5071K, capacity 5248K, committed 5504K, reserved 1056768K
  class space    used 554K, capacity 592K, committed 640K, reserved 1048576K
2024-07-16T17:10:22.100+0800: 8.768: [GC (Allocation Failure) 2024-07-16T17:10:22.100+0800: 8.768: [ParNew: 5229K->6K(6144K), 0.0004588 secs] 6370K->2173K(19840K), 0.0005366 secs] [Times: user=0.00 sys=0.00, real=0.00 secs] 
Heap after GC invocations=1131 (full 133):
 par new generation   total 6144K, used 6K [0x00000000fec00000, 0x00000000ff2a0000, 0x00000000ff2a0000)
  eden space 5504K,   0% used [0x00000000fec00000, 0x00000000fec00000, 0x00000000ff160000)
  from space 640K,   0% used [0x00000000ff200000, 0x00000000ff201830, 0x00000000ff2a0000)
  to   space 640K,   0% used [0x00000000ff160000, 0x00000000ff160000, 0x00000000ff200000)
 concurrent mark-sweep generation total 13696K, used 2167K [0x00000000ff2a0000, 0x0000000100000000, 0x0000000100000000)
 Metaspace       used 5071K, capacity 5248K, committed 5504K, reserved 1056768K
  class space    used 554K, capacity 592K, committed 640K, reserved 1048576K
}
{Heap before GC invocations=1131 (full 133):
 par new generation   total 6144K, used 5235K [0x00000000fec00000, 0x00000000ff2a0000, 0x00000000ff2a0000)
  eden space 5504K,  95% used [0x00000000fec00000, 0x00000000ff11b7b0, 0x00000000ff160000)
  from space 640K,   0% used [0x00000000ff200000, 0x00000000ff201830, 0x00000000ff2a0000)
  to   space 640K,   0% used [0x00000000ff160000, 0x00000000ff160000, 0x00000000ff200000)
 concurrent mark-sweep generation total 13696K, used 2167K [0x00000000ff2a0000, 0x0000000100000000, 0x0000000100000000)
 Metaspace       used 5071K, capacity 5248K, committed 5504K, reserved 1056768K
  class space    used 554K, capacity 592K, committed 640K, reserved 1048576K
2024-07-16T17:10:22.106+0800: 8.774: [GC (Allocation Failure) 2024-07-16T17:10:22.106+0800: 8.774: [ParNew: 5235K->8K(6144K), 0.0005730 secs] 7403K->4225K(19840K), 0.0006276 secs] [Times: user=0.00 sys=0.00, real=0.00 secs] 
Heap after GC invocations=1132 (full 133):
 par new generation   total 6144K, used 8K [0x00000000fec00000, 0x00000000ff2a0000, 0x00000000ff2a0000)
  eden space 5504K,   0% used [0x00000000fec00000, 0x00000000fec00000, 0x00000000ff160000)
  from space 640K,   1% used [0x00000000ff160000, 0x00000000ff162040, 0x00000000ff200000)
  to   space 640K,   0% used [0x00000000ff200000, 0x00000000ff200000, 0x00000000ff2a0000)
 concurrent mark-sweep generation total 13696K, used 4217K [0x00000000ff2a0000, 0x0000000100000000, 0x0000000100000000)
 Metaspace       used 5071K, capacity 5248K, committed 5504K, reserved 1056768K
  class space    used 554K, capacity 592K, committed 640K, reserved 1048576K
}
2024-07-16T17:10:22.106+0800: 8.775: [GC (CMS Initial Mark) [1 CMS-initial-mark: 4217K(13696K)] 5251K(19840K), 0.0001252 secs] [Times: user=0.00 sys=0.00, real=0.00 secs] 
2024-07-16T17:10:22.107+0800: 8.775: [CMS-concurrent-mark-start]
2024-07-16T17:10:22.108+0800: 8.777: [CMS-concurrent-mark: 0.001/0.001 secs] [Times: user=0.00 sys=0.00, real=0.00 secs] 
2024-07-16T17:10:22.108+0800: 8.777: [CMS-concurrent-preclean-start]
2024-07-16T17:10:22.108+0800: 8.777: [CMS-concurrent-preclean: 0.000/0.000 secs] [Times: user=0.00 sys=0.00, real=0.00 secs] 
2024-07-16T17:10:22.108+0800: 8.777: [CMS-concurrent-abortable-preclean-start]
{Heap before GC invocations=1132 (full 134):
 par new generation   total 6144K, used 5237K [0x00000000fec00000, 0x00000000ff2a0000, 0x00000000ff2a0000)
  eden space 5504K,  95% used [0x00000000fec00000, 0x00000000ff11b7b0, 0x00000000ff160000)
  from space 640K,   1% used [0x00000000ff160000, 0x00000000ff162040, 0x00000000ff200000)
  to   space 640K,   0% used [0x00000000ff200000, 0x00000000ff200000, 0x00000000ff2a0000)
 concurrent mark-sweep generation total 13696K, used 4217K [0x00000000ff2a0000, 0x0000000100000000, 0x0000000100000000)
 Metaspace       used 5071K, capacity 5248K, committed 5504K, reserved 1056768K
  class space    used 554K, capacity 592K, committed 640K, reserved 1048576K
2024-07-16T17:10:22.115+0800: 8.783: [GC (Allocation Failure) 2024-07-16T17:10:22.115+0800: 8.783: [ParNew: 5237K->4K(6144K), 0.0003187 secs] 9455K->4221K(19840K), 0.0003811 secs] [Times: user=0.00 sys=0.00, real=0.00 secs] 
Heap after GC invocations=1133 (full 134):
 par new generation   total 6144K, used 4K [0x00000000fec00000, 0x00000000ff2a0000, 0x00000000ff2a0000)
  eden space 5504K,   0% used [0x00000000fec00000, 0x00000000fec00000, 0x00000000ff160000)
  from space 640K,   0% used [0x00000000ff200000, 0x00000000ff201020, 0x00000000ff2a0000)
  to   space 640K,   0% used [0x00000000ff160000, 0x00000000ff160000, 0x00000000ff200000)
 concurrent mark-sweep generation total 13696K, used 4217K [0x00000000ff2a0000, 0x0000000100000000, 0x0000000100000000)
 Metaspace       used 5071K, capacity 5248K, committed 5504K, reserved 1056768K
  class space    used 554K, capacity 592K, committed 640K, reserved 1048576K
}
{Heap before GC invocations=1133 (full 134):
 par new generation   total 6144K, used 5233K [0x00000000fec00000, 0x00000000ff2a0000, 0x00000000ff2a0000)
  eden space 5504K,  95% used [0x00000000fec00000, 0x00000000ff11b7b0, 0x00000000ff160000)
  from space 640K,   0% used [0x00000000ff200000, 0x00000000ff201020, 0x00000000ff2a0000)
  to   space 640K,   0% used [0x00000000ff160000, 0x00000000ff160000, 0x00000000ff200000)
 concurrent mark-sweep generation total 13696K, used 4217K [0x00000000ff2a0000, 0x0000000100000000, 0x0000000100000000)
 Metaspace       used 5071K, capacity 5248K, committed 5504K, reserved 1056768K
  class space    used 554K, capacity 592K, committed 640K, reserved 1048576K
2024-07-16T17:10:22.121+0800: 8.789: [GC (Allocation Failure) 2024-07-16T17:10:22.121+0800: 8.789: [ParNew: 5233K->8K(6144K), 0.0004817 secs] 9451K->5251K(19840K), 0.0005356 secs] [Times: user=0.00 sys=0.00, real=0.00 secs] 
Heap after GC invocations=1134 (full 134):
 par new generation   total 6144K, used 8K [0x00000000fec00000, 0x00000000ff2a0000, 0x00000000ff2a0000)
  eden space 5504K,   0% used [0x00000000fec00000, 0x00000000fec00000, 0x00000000ff160000)
  from space 640K,   1% used [0x00000000ff160000, 0x00000000ff162040, 0x00000000ff200000)
  to   space 640K,   0% used [0x00000000ff200000, 0x00000000ff200000, 0x00000000ff2a0000)
 concurrent mark-sweep generation total 13696K, used 5243K [0x00000000ff2a0000, 0x0000000100000000, 0x0000000100000000)
 Metaspace       used 5071K, capacity 5248K, committed 5504K, reserved 1056768K
  class space    used 554K, capacity 592K, committed 640K, reserved 1048576K
}
{Heap before GC invocations=1134 (full 134):
 par new generation   total 6144K, used 5237K [0x00000000fec00000, 0x00000000ff2a0000, 0x00000000ff2a0000)
  eden space 5504K,  95% used [0x00000000fec00000, 0x00000000ff11b7b0, 0x00000000ff160000)
  from space 640K,   1% used [0x00000000ff160000, 0x00000000ff162040, 0x00000000ff200000)
  to   space 640K,   0% used [0x00000000ff200000, 0x00000000ff200000, 0x00000000ff2a0000)
 concurrent mark-sweep generation total 13696K, used 5243K [0x00000000ff2a0000, 0x0000000100000000, 0x0000000100000000)
 Metaspace       used 5071K, capacity 5248K, committed 5504K, reserved 1056768K
  class space    used 554K, capacity 592K, committed 640K, reserved 1048576K
2024-07-16T17:10:22.128+0800: 8.796: [GC (Allocation Failure) 2024-07-16T17:10:22.128+0800: 8.796: [ParNew: 5237K->8K(6144K), 0.0003995 secs] 10481K->6275K(19840K), 0.0004597 secs] [Times: user=0.00 sys=0.00, real=0.00 secs] 
Heap after GC invocations=1135 (full 134):
 par new generation   total 6144K, used 8K [0x00000000fec00000, 0x00000000ff2a0000, 0x00000000ff2a0000)
  eden space 5504K,   0% used [0x00000000fec00000, 0x00000000fec00000, 0x00000000ff160000)
  from space 640K,   1% used [0x00000000ff200000, 0x00000000ff202040, 0x00000000ff2a0000)
  to   space 640K,   0% used [0x00000000ff160000, 0x00000000ff160000, 0x00000000ff200000)
 concurrent mark-sweep generation total 13696K, used 6267K [0x00000000ff2a0000, 0x0000000100000000, 0x0000000100000000)
 Metaspace       used 5071K, capacity 5248K, committed 5504K, reserved 1056768K
  class space    used 554K, capacity 592K, committed 640K, reserved 1048576K
}
{Heap before GC invocations=1135 (full 134):
 par new generation   total 6144K, used 5237K [0x00000000fec00000, 0x00000000ff2a0000, 0x00000000ff2a0000)
  eden space 5504K,  95% used [0x00000000fec00000, 0x00000000ff11b7b0, 0x00000000ff160000)
  from space 640K,   1% used [0x00000000ff200000, 0x00000000ff202040, 0x00000000ff2a0000)
  to   space 640K,   0% used [0x00000000ff160000, 0x00000000ff160000, 0x00000000ff200000)
 concurrent mark-sweep generation total 13696K, used 6267K [0x00000000ff2a0000, 0x0000000100000000, 0x0000000100000000)
 Metaspace       used 5071K, capacity 5248K, committed 5504K, reserved 1056768K
  class space    used 554K, capacity 592K, committed 640K, reserved 1048576K
2024-07-16T17:10:22.135+0800: 8.804: [GC (Allocation Failure) 2024-07-16T17:10:22.135+0800: 8.804: [ParNew: 5237K->4K(6144K), 0.0005569 secs] 11505K->7297K(19840K), 0.0006269 secs] [Times: user=0.00 sys=0.00, real=0.00 secs] 
Heap after GC invocations=1136 (full 134):
 par new generation   total 6144K, used 4K [0x00000000fec00000, 0x00000000ff2a0000, 0x00000000ff2a0000)
  eden space 5504K,   0% used [0x00000000fec00000, 0x00000000fec00000, 0x00000000ff160000)
  from space 640K,   0% used [0x00000000ff160000, 0x00000000ff161020, 0x00000000ff200000)
  to   space 640K,   0% used [0x00000000ff200000, 0x00000000ff200000, 0x00000000ff2a0000)
 concurrent mark-sweep generation total 13696K, used 7293K [0x00000000ff2a0000, 0x0000000100000000, 0x0000000100000000)
 Metaspace       used 5071K, capacity 5248K, committed 5504K, reserved 1056768K
  class space    used 554K, capacity 592K, committed 640K, reserved 1048576K
}
{Heap before GC invocations=1136 (full 134):
 par new generation   total 6144K, used 5233K [0x00000000fec00000, 0x00000000ff2a0000, 0x00000000ff2a0000)
  eden space 5504K,  95% used [0x00000000fec00000, 0x00000000ff11b7b0, 0x00000000ff160000)
  from space 640K,   0% used [0x00000000ff160000, 0x00000000ff161020, 0x00000000ff200000)
  to   space 640K,   0% used [0x00000000ff200000, 0x00000000ff200000, 0x00000000ff2a0000)
 concurrent mark-sweep generation total 13696K, used 7293K [0x00000000ff2a0000, 0x0000000100000000, 0x0000000100000000)
 Metaspace       used 5071K, capacity 5248K, committed 5504K, reserved 1056768K
  class space    used 554K, capacity 592K, committed 640K, reserved 1048576K
2024-07-16T17:10:22.143+0800: 8.811: [GC (Allocation Failure) 2024-07-16T17:10:22.143+0800: 8.811: [ParNew: 5233K->8K(6144K), 0.0004822 secs] 12527K->8327K(19840K), 0.0005450 secs] [Times: user=0.00 sys=0.00, real=0.00 secs] 
Heap after GC invocations=1137 (full 134):
 par new generation   total 6144K, used 8K [0x00000000fec00000, 0x00000000ff2a0000, 0x00000000ff2a0000)
  eden space 5504K,   0% used [0x00000000fec00000, 0x00000000fec00000, 0x00000000ff160000)
  from space 640K,   1% used [0x00000000ff200000, 0x00000000ff202040, 0x00000000ff2a0000)
  to   space 640K,   0% used [0x00000000ff160000, 0x00000000ff160000, 0x00000000ff200000)
 concurrent mark-sweep generation total 13696K, used 8319K [0x00000000ff2a0000, 0x0000000100000000, 0x0000000100000000)
 Metaspace       used 5071K, capacity 5248K, committed 5504K, reserved 1056768K
  class space    used 554K, capacity 592K, committed 640K, reserved 1048576K
}
{Heap before GC invocations=1137 (full 134):
 par new generation   total 6144K, used 5237K [0x00000000fec00000, 0x00000000ff2a0000, 0x00000000ff2a0000)
  eden space 5504K,  95% used [0x00000000fec00000, 0x00000000ff11b7b0, 0x00000000ff160000)
  from space 640K,   1% used [0x00000000ff200000, 0x00000000ff202040, 0x00000000ff2a0000)
  to   space 640K,   0% used [0x00000000ff160000, 0x00000000ff160000, 0x00000000ff200000)
 concurrent mark-sweep generation total 13696K, used 8319K [0x00000000ff2a0000, 0x0000000100000000, 0x0000000100000000)
 Metaspace       used 5071K, capacity 5248K, committed 5504K, reserved 1056768K
  class space    used 554K, capacity 592K, committed 640K, reserved 1048576K
2024-07-16T17:10:22.152+0800: 8.820: [GC (Allocation Failure) 2024-07-16T17:10:22.152+0800: 8.820: [ParNew: 5237K->4K(6144K), 0.0004001 secs] 13557K->8323K(19840K), 0.0004715 secs] [Times: user=0.00 sys=0.00, real=0.00 secs] 
Heap after GC invocations=1138 (full 134):
 par new generation   total 6144K, used 4K [0x00000000fec00000, 0x00000000ff2a0000, 0x00000000ff2a0000)
  eden space 5504K,   0% used [0x00000000fec00000, 0x00000000fec00000, 0x00000000ff160000)
  from space 640K,   0% used [0x00000000ff160000, 0x00000000ff161020, 0x00000000ff200000)
  to   space 640K,   0% used [0x00000000ff200000, 0x00000000ff200000, 0x00000000ff2a0000)
 concurrent mark-sweep generation total 13696K, used 8319K [0x00000000ff2a0000, 0x0000000100000000, 0x0000000100000000)
 Metaspace       used 5071K, capacity 5248K, committed 5504K, reserved 1056768K
  class space    used 554K, capacity 592K, committed 640K, reserved 1048576K
}
{Heap before GC invocations=1138 (full 134):
 par new generation   total 6144K, used 5233K [0x00000000fec00000, 0x00000000ff2a0000, 0x00000000ff2a0000)
  eden space 5504K,  95% used [0x00000000fec00000, 0x00000000ff11b7b0, 0x00000000ff160000)
  from space 640K,   0% used [0x00000000ff160000, 0x00000000ff161020, 0x00000000ff200000)
  to   space 640K,   0% used [0x00000000ff200000, 0x00000000ff200000, 0x00000000ff2a0000)
 concurrent mark-sweep generation total 13696K, used 8319K [0x00000000ff2a0000, 0x0000000100000000, 0x0000000100000000)
 Metaspace       used 5071K, capacity 5248K, committed 5504K, reserved 1056768K
  class space    used 554K, capacity 592K, committed 640K, reserved 1048576K
2024-07-16T17:10:22.158+0800: 8.826: [GC (Allocation Failure) 2024-07-16T17:10:22.158+0800: 8.827: [ParNew: 5233K->4K(6144K), 0.0003956 secs] 13553K->8323K(19840K), 0.0004624 secs] [Times: user=0.00 sys=0.00, real=0.00 secs] 
Heap after GC invocations=1139 (full 134):
 par new generation   total 6144K, used 4K [0x00000000fec00000, 0x00000000ff2a0000, 0x00000000ff2a0000)
  eden space 5504K,   0% used [0x00000000fec00000, 0x00000000fec00000, 0x00000000ff160000)
  from space 640K,   0% used [0x00000000ff200000, 0x00000000ff201020, 0x00000000ff2a0000)
  to   space 640K,   0% used [0x00000000ff160000, 0x00000000ff160000, 0x00000000ff200000)
 concurrent mark-sweep generation total 13696K, used 8319K [0x00000000ff2a0000, 0x0000000100000000, 0x0000000100000000)
 Metaspace       used 5071K, capacity 5248K, committed 5504K, reserved 1056768K
  class space    used 554K, capacity 592K, committed 640K, reserved 1048576K
}
{Heap before GC invocations=1139 (full 134):
 par new generation   total 6144K, used 5233K [0x00000000fec00000, 0x00000000ff2a0000, 0x00000000ff2a0000)
  eden space 5504K,  95% used [0x00000000fec00000, 0x00000000ff11b7b0, 0x00000000ff160000)
  from space 640K,   0% used [0x00000000ff200000, 0x00000000ff201020, 0x00000000ff2a0000)
  to   space 640K,   0% used [0x00000000ff160000, 0x00000000ff160000, 0x00000000ff200000)
 concurrent mark-sweep generation total 13696K, used 8319K [0x00000000ff2a0000, 0x0000000100000000, 0x0000000100000000)
 Metaspace       used 5071K, capacity 5248K, committed 5504K, reserved 1056768K
  class space    used 554K, capacity 592K, committed 640K, reserved 1048576K
2024-07-16T17:10:22.166+0800: 8.834: [GC (Allocation Failure) 2024-07-16T17:10:22.166+0800: 8.834: [ParNew: 5233K->4K(6144K), 0.0003890 secs] 13553K->8323K(19840K), 0.0004499 secs] [Times: user=0.00 sys=0.00, real=0.00 secs] 
Heap after GC invocations=1140 (full 134):
 par new generation   total 6144K, used 4K [0x00000000fec00000, 0x00000000ff2a0000, 0x00000000ff2a0000)
  eden space 5504K,   0% used [0x00000000fec00000, 0x00000000fec00000, 0x00000000ff160000)
  from space 640K,   0% used [0x00000000ff160000, 0x00000000ff161020, 0x00000000ff200000)
  to   space 640K,   0% used [0x00000000ff200000, 0x00000000ff200000, 0x00000000ff2a0000)
 concurrent mark-sweep generation total 13696K, used 8319K [0x00000000ff2a0000, 0x0000000100000000, 0x0000000100000000)
 Metaspace       used 5071K, capacity 5248K, committed 5504K, reserved 1056768K
  class space    used 554K, capacity 592K, committed 640K, reserved 1048576K
}
{Heap before GC invocations=1140 (full 134):
 par new generation   total 6144K, used 5233K [0x00000000fec00000, 0x00000000ff2a0000, 0x00000000ff2a0000)
  eden space 5504K,  95% used [0x00000000fec00000, 0x00000000ff11b7b0, 0x00000000ff160000)
  from space 640K,   0% used [0x00000000ff160000, 0x00000000ff161020, 0x00000000ff200000)
  to   space 640K,   0% used [0x00000000ff200000, 0x00000000ff200000, 0x00000000ff2a0000)
 concurrent mark-sweep generation total 13696K, used 8319K [0x00000000ff2a0000, 0x0000000100000000, 0x0000000100000000)
 Metaspace       used 5071K, capacity 5248K, committed 5504K, reserved 1056768K
  class space    used 554K, capacity 592K, committed 640K, reserved 1048576K
2024-07-16T17:10:22.173+0800: 8.841: [GC (Allocation Failure) 2024-07-16T17:10:22.173+0800: 8.841: [ParNew: 5233K->4K(6144K), 0.0003424 secs] 13553K->8323K(19840K), 0.0004027 secs] [Times: user=0.00 sys=0.00, real=0.00 secs] 
Heap after GC invocations=1141 (full 134):
 par new generation   total 6144K, used 4K [0x00000000fec00000, 0x00000000ff2a0000, 0x00000000ff2a0000)
  eden space 5504K,   0% used [0x00000000fec00000, 0x00000000fec00000, 0x00000000ff160000)
  from space 640K,   0% used [0x00000000ff200000, 0x00000000ff201020, 0x00000000ff2a0000)
  to   space 640K,   0% used [0x00000000ff160000, 0x00000000ff160000, 0x00000000ff200000)
 concurrent mark-sweep generation total 13696K, used 8319K [0x00000000ff2a0000, 0x0000000100000000, 0x0000000100000000)
 Metaspace       used 5071K, capacity 5248K, committed 5504K, reserved 1056768K
  class space    used 554K, capacity 592K, committed 640K, reserved 1048576K
}
{Heap before GC invocations=1141 (full 134):
 par new generation   total 6144K, used 5233K [0x00000000fec00000, 0x00000000ff2a0000, 0x00000000ff2a0000)
  eden space 5504K,  95% used [0x00000000fec00000, 0x00000000ff11b7b0, 0x00000000ff160000)
  from space 640K,   0% used [0x00000000ff200000, 0x00000000ff201020, 0x00000000ff2a0000)
  to   space 640K,   0% used [0x00000000ff160000, 0x00000000ff160000, 0x00000000ff200000)
 concurrent mark-sweep generation total 13696K, used 8319K [0x00000000ff2a0000, 0x0000000100000000, 0x0000000100000000)
 Metaspace       used 5071K, capacity 5248K, committed 5504K, reserved 1056768K
  class space    used 554K, capacity 592K, committed 640K, reserved 1048576K
2024-07-16T17:10:22.180+0800: 8.848: [GC (Allocation Failure) 2024-07-16T17:10:22.180+0800: 8.848: [ParNew: 5233K->8K(6144K), 0.0004226 secs] 13553K->9351K(19840K), 0.0004751 secs] [Times: user=0.00 sys=0.00, real=0.00 secs] 
Heap after GC invocations=1142 (full 134):
 par new generation   total 6144K, used 8K [0x00000000fec00000, 0x00000000ff2a0000, 0x00000000ff2a0000)
  eden space 5504K,   0% used [0x00000000fec00000, 0x00000000fec00000, 0x00000000ff160000)
  from space 640K,   1% used [0x00000000ff160000, 0x00000000ff162040, 0x00000000ff200000)
  to   space 640K,   0% used [0x00000000ff200000, 0x00000000ff200000, 0x00000000ff2a0000)
 concurrent mark-sweep generation total 13696K, used 9343K [0x00000000ff2a0000, 0x0000000100000000, 0x0000000100000000)
 Metaspace       used 5071K, capacity 5248K, committed 5504K, reserved 1056768K
  class space    used 554K, capacity 592K, committed 640K, reserved 1048576K
}
{Heap before GC invocations=1142 (full 134):
 par new generation   total 6144K, used 5237K [0x00000000fec00000, 0x00000000ff2a0000, 0x00000000ff2a0000)
  eden space 5504K,  95% used [0x00000000fec00000, 0x00000000ff11b7b0, 0x00000000ff160000)
  from space 640K,   1% used [0x00000000ff160000, 0x00000000ff162040, 0x00000000ff200000)
  to   space 640K,   0% used [0x00000000ff200000, 0x00000000ff200000, 0x00000000ff2a0000)
 concurrent mark-sweep generation total 13696K, used 9343K [0x00000000ff2a0000, 0x0000000100000000, 0x0000000100000000)
 Metaspace       used 5071K, capacity 5248K, committed 5504K, reserved 1056768K
  class space    used 554K, capacity 592K, committed 640K, reserved 1048576K
2024-07-16T17:10:22.187+0800: 8.855: [GC (Allocation Failure) 2024-07-16T17:10:22.187+0800: 8.855: [ParNew: 5237K->4K(6144K), 0.0003191 secs] 14581K->9347K(19840K), 0.0003758 secs] [Times: user=0.00 sys=0.00, real=0.00 secs] 
Heap after GC invocations=1143 (full 134):
 par new generation   total 6144K, used 4K [0x00000000fec00000, 0x00000000ff2a0000, 0x00000000ff2a0000)
  eden space 5504K,   0% used [0x00000000fec00000, 0x00000000fec00000, 0x00000000ff160000)
  from space 640K,   0% used [0x00000000ff200000, 0x00000000ff201020, 0x00000000ff2a0000)
  to   space 640K,   0% used [0x00000000ff160000, 0x00000000ff160000, 0x00000000ff200000)
 concurrent mark-sweep generation total 13696K, used 9343K [0x00000000ff2a0000, 0x0000000100000000, 0x0000000100000000)
 Metaspace       used 5071K, capacity 5248K, committed 5504K, reserved 1056768K
  class space    used 554K, capacity 592K, committed 640K, reserved 1048576K
}
{Heap before GC invocations=1143 (full 134):
 par new generation   total 6144K, used 5233K [0x00000000fec00000, 0x00000000ff2a0000, 0x00000000ff2a0000)
  eden space 5504K,  95% used [0x00000000fec00000, 0x00000000ff11b7b0, 0x00000000ff160000)
  from space 640K,   0% used [0x00000000ff200000, 0x00000000ff201020, 0x00000000ff2a0000)
  to   space 640K,   0% used [0x00000000ff160000, 0x00000000ff160000, 0x00000000ff200000)
 concurrent mark-sweep generation total 13696K, used 9343K [0x00000000ff2a0000, 0x0000000100000000, 0x0000000100000000)
 Metaspace       used 5071K, capacity 5248K, committed 5504K, reserved 1056768K
  class space    used 554K, capacity 592K, committed 640K, reserved 1048576K
2024-07-16T17:10:22.194+0800: 8.862: [GC (Allocation Failure) 2024-07-16T17:10:22.194+0800: 8.862: [ParNew: 5233K->8K(6144K), 0.0005676 secs] 14577K->10375K(19840K), 0.0006371 secs] [Times: user=0.00 sys=0.00, real=0.00 secs] 
Heap after GC invocations=1144 (full 134):
 par new generation   total 6144K, used 8K [0x00000000fec00000, 0x00000000ff2a0000, 0x00000000ff2a0000)
  eden space 5504K,   0% used [0x00000000fec00000, 0x00000000fec00000, 0x00000000ff160000)
  from space 640K,   1% used [0x00000000ff160000, 0x00000000ff162040, 0x00000000ff200000)
  to   space 640K,   0% used [0x00000000ff200000, 0x00000000ff200000, 0x00000000ff2a0000)
 concurrent mark-sweep generation total 13696K, used 10367K [0x00000000ff2a0000, 0x0000000100000000, 0x0000000100000000)
 Metaspace       used 5071K, capacity 5248K, committed 5504K, reserved 1056768K
  class space    used 554K, capacity 592K, committed 640K, reserved 1048576K
}
{Heap before GC invocations=1144 (full 134):
 par new generation   total 6144K, used 5237K [0x00000000fec00000, 0x00000000ff2a0000, 0x00000000ff2a0000)
  eden space 5504K,  95% used [0x00000000fec00000, 0x00000000ff11b7b0, 0x00000000ff160000)
  from space 640K,   1% used [0x00000000ff160000, 0x00000000ff162040, 0x00000000ff200000)
  to   space 640K,   0% used [0x00000000ff200000, 0x00000000ff200000, 0x00000000ff2a0000)
 concurrent mark-sweep generation total 13696K, used 10367K [0x00000000ff2a0000, 0x0000000100000000, 0x0000000100000000)
 Metaspace       used 5071K, capacity 5248K, committed 5504K, reserved 1056768K
  class space    used 554K, capacity 592K, committed 640K, reserved 1048576K
2024-07-16T17:10:22.202+0800: 8.870: [GC (Allocation Failure) 2024-07-16T17:10:22.202+0800: 8.870: [ParNew: 5237K->4K(6144K), 0.0003122 secs] 15605K->10371K(19840K), 0.0003743 secs] [Times: user=0.00 sys=0.00, real=0.00 secs] 
Heap after GC invocations=1145 (full 134):
 par new generation   total 6144K, used 4K [0x00000000fec00000, 0x00000000ff2a0000, 0x00000000ff2a0000)
  eden space 5504K,   0% used [0x00000000fec00000, 0x00000000fec00000, 0x00000000ff160000)
  from space 640K,   0% used [0x00000000ff200000, 0x00000000ff201020, 0x00000000ff2a0000)
  to   space 640K,   0% used [0x00000000ff160000, 0x00000000ff160000, 0x00000000ff200000)
 concurrent mark-sweep generation total 13696K, used 10367K [0x00000000ff2a0000, 0x0000000100000000, 0x0000000100000000)
 Metaspace       used 5071K, capacity 5248K, committed 5504K, reserved 1056768K
  class space    used 554K, capacity 592K, committed 640K, reserved 1048576K
}
{Heap before GC invocations=1145 (full 134):
 par new generation   total 6144K, used 5233K [0x00000000fec00000, 0x00000000ff2a0000, 0x00000000ff2a0000)
  eden space 5504K,  95% used [0x00000000fec00000, 0x00000000ff11b7b0, 0x00000000ff160000)
  from space 640K,   0% used [0x00000000ff200000, 0x00000000ff201020, 0x00000000ff2a0000)
  to   space 640K,   0% used [0x00000000ff160000, 0x00000000ff160000, 0x00000000ff200000)
 concurrent mark-sweep generation total 13696K, used 10367K [0x00000000ff2a0000, 0x0000000100000000, 0x0000000100000000)
 Metaspace       used 5071K, capacity 5248K, committed 5504K, reserved 1056768K
  class space    used 554K, capacity 592K, committed 640K, reserved 1048576K
2024-07-16T17:10:22.210+0800: 8.878: [GC (Allocation Failure) 2024-07-16T17:10:22.210+0800: 8.878: [ParNew: 5233K->16K(6144K), 0.0002755 secs] 15601K->10383K(19840K), 0.0003360 secs] [Times: user=0.00 sys=0.00, real=0.00 secs] 
Heap after GC invocations=1146 (full 134):
 par new generation   total 6144K, used 16K [0x00000000fec00000, 0x00000000ff2a0000, 0x00000000ff2a0000)
  eden space 5504K,   0% used [0x00000000fec00000, 0x00000000fec00000, 0x00000000ff160000)
  from space 640K,   2% used [0x00000000ff160000, 0x00000000ff164080, 0x00000000ff200000)
  to   space 640K,   0% used [0x00000000ff200000, 0x00000000ff200000, 0x00000000ff2a0000)
 concurrent mark-sweep generation total 13696K, used 10367K [0x00000000ff2a0000, 0x0000000100000000, 0x0000000100000000)
 Metaspace       used 5071K, capacity 5248K, committed 5504K, reserved 1056768K
  class space    used 554K, capacity 592K, committed 640K, reserved 1048576K
}
{Heap before GC invocations=1146 (full 134):
 par new generation   total 6144K, used 5246K [0x00000000fec00000, 0x00000000ff2a0000, 0x00000000ff2a0000)
  eden space 5504K,  95% used [0x00000000fec00000, 0x00000000ff11b7b0, 0x00000000ff160000)
  from space 640K,   2% used [0x00000000ff160000, 0x00000000ff164080, 0x00000000ff200000)
  to   space 640K,   0% used [0x00000000ff200000, 0x00000000ff200000, 0x00000000ff2a0000)
 concurrent mark-sweep generation total 13696K, used 10367K [0x00000000ff2a0000, 0x0000000100000000, 0x0000000100000000)
 Metaspace       used 5071K, capacity 5248K, committed 5504K, reserved 1056768K
  class space    used 554K, capacity 592K, committed 640K, reserved 1048576K
2024-07-16T17:10:22.217+0800: 8.885: [GC (Allocation Failure) 2024-07-16T17:10:22.217+0800: 8.885: [ParNew: 5246K->8K(6144K), 0.0002944 secs] 15613K->10375K(19840K), 0.0003643 secs] [Times: user=0.00 sys=0.00, real=0.00 secs] 
Heap after GC invocations=1147 (full 134):
 par new generation   total 6144K, used 8K [0x00000000fec00000, 0x00000000ff2a0000, 0x00000000ff2a0000)
  eden space 5504K,   0% used [0x00000000fec00000, 0x00000000fec00000, 0x00000000ff160000)
  from space 640K,   1% used [0x00000000ff200000, 0x00000000ff202040, 0x00000000ff2a0000)
  to   space 640K,   0% used [0x00000000ff160000, 0x00000000ff160000, 0x00000000ff200000)
 concurrent mark-sweep generation total 13696K, used 10367K [0x00000000ff2a0000, 0x0000000100000000, 0x0000000100000000)
 Metaspace       used 5071K, capacity 5248K, committed 5504K, reserved 1056768K
  class space    used 554K, capacity 592K, committed 640K, reserved 1048576K
}
{Heap before GC invocations=1147 (full 134):
 par new generation   total 6144K, used 5237K [0x00000000fec00000, 0x00000000ff2a0000, 0x00000000ff2a0000)
  eden space 5504K,  95% used [0x00000000fec00000, 0x00000000ff11b7b0, 0x00000000ff160000)
  from space 640K,   1% used [0x00000000ff200000, 0x00000000ff202040, 0x00000000ff2a0000)
  to   space 640K,   0% used [0x00000000ff160000, 0x00000000ff160000, 0x00000000ff200000)
 concurrent mark-sweep generation total 13696K, used 10367K [0x00000000ff2a0000, 0x0000000100000000, 0x0000000100000000)
 Metaspace       used 5071K, capacity 5248K, committed 5504K, reserved 1056768K
  class space    used 554K, capacity 592K, committed 640K, reserved 1048576K
2024-07-16T17:10:22.224+0800: 8.892: [GC (Allocation Failure) 2024-07-16T17:10:22.224+0800: 8.892: [ParNew: 5237K->8K(6144K), 0.0003770 secs] 15605K->10375K(19840K), 0.0004990 secs] [Times: user=0.00 sys=0.00, real=0.00 secs] 
Heap after GC invocations=1148 (full 134):
 par new generation   total 6144K, used 8K [0x00000000fec00000, 0x00000000ff2a0000, 0x00000000ff2a0000)
  eden space 5504K,   0% used [0x00000000fec00000, 0x00000000fec00000, 0x00000000ff160000)
  from space 640K,   1% used [0x00000000ff160000, 0x00000000ff162040, 0x00000000ff200000)
  to   space 640K,   0% used [0x00000000ff200000, 0x00000000ff200000, 0x00000000ff2a0000)
 concurrent mark-sweep generation total 13696K, used 10367K [0x00000000ff2a0000, 0x0000000100000000, 0x0000000100000000)
 Metaspace       used 5071K, capacity 5248K, committed 5504K, reserved 1056768K
  class space    used 554K, capacity 592K, committed 640K, reserved 1048576K
}
{Heap before GC invocations=1148 (full 134):
 par new generation   total 6144K, used 5237K [0x00000000fec00000, 0x00000000ff2a0000, 0x00000000ff2a0000)
  eden space 5504K,  95% used [0x00000000fec00000, 0x00000000ff11b7b0, 0x00000000ff160000)
  from space 640K,   1% used [0x00000000ff160000, 0x00000000ff162040, 0x00000000ff200000)
  to   space 640K,   0% used [0x00000000ff200000, 0x00000000ff200000, 0x00000000ff2a0000)
 concurrent mark-sweep generation total 13696K, used 10367K [0x00000000ff2a0000, 0x0000000100000000, 0x0000000100000000)
 Metaspace       used 5071K, capacity 5248K, committed 5504K, reserved 1056768K
  class space    used 554K, capacity 592K, committed 640K, reserved 1048576K
2024-07-16T17:10:22.232+0800: 8.900: [GC (Allocation Failure) 2024-07-16T17:10:22.232+0800: 8.900: [ParNew: 5237K->14K(6144K), 0.0003258 secs] 15605K->10381K(19840K), 0.0003814 secs] [Times: user=0.00 sys=0.00, real=0.00 secs] 
Heap after GC invocations=1149 (full 134):
 par new generation   total 6144K, used 14K [0x00000000fec00000, 0x00000000ff2a0000, 0x00000000ff2a0000)
  eden space 5504K,   0% used [0x00000000fec00000, 0x00000000fec00000, 0x00000000ff160000)
  from space 640K,   2% used [0x00000000ff200000, 0x00000000ff203870, 0x00000000ff2a0000)
  to   space 640K,   0% used [0x00000000ff160000, 0x00000000ff160000, 0x00000000ff200000)
 concurrent mark-sweep generation total 13696K, used 10367K [0x00000000ff2a0000, 0x0000000100000000, 0x0000000100000000)
 Metaspace       used 5071K, capacity 5248K, committed 5504K, reserved 1056768K
  class space    used 554K, capacity 592K, committed 640K, reserved 1048576K
}
{Heap before GC invocations=1149 (full 134):
 par new generation   total 6144K, used 5244K [0x00000000fec00000, 0x00000000ff2a0000, 0x00000000ff2a0000)
  eden space 5504K,  95% used [0x00000000fec00000, 0x00000000ff11b7b0, 0x00000000ff160000)
  from space 640K,   2% used [0x00000000ff200000, 0x00000000ff203870, 0x00000000ff2a0000)
  to   space 640K,   0% used [0x00000000ff160000, 0x00000000ff160000, 0x00000000ff200000)
 concurrent mark-sweep generation total 13696K, used 10367K [0x00000000ff2a0000, 0x0000000100000000, 0x0000000100000000)
 Metaspace       used 5071K, capacity 5248K, committed 5504K, reserved 1056768K
  class space    used 554K, capacity 592K, committed 640K, reserved 1048576K
2024-07-16T17:10:22.239+0800: 8.907: [GC (Allocation Failure) 2024-07-16T17:10:22.239+0800: 8.907: [ParNew: 5244K->16K(6144K), 0.0003701 secs] 15611K->11409K(19840K), 0.0004128 secs] [Times: user=0.00 sys=0.00, real=0.00 secs] 
Heap after GC invocations=1150 (full 134):
 par new generation   total 6144K, used 16K [0x00000000fec00000, 0x00000000ff2a0000, 0x00000000ff2a0000)
  eden space 5504K,   0% used [0x00000000fec00000, 0x00000000fec00000, 0x00000000ff160000)
  from space 640K,   2% used [0x00000000ff160000, 0x00000000ff164080, 0x00000000ff200000)
  to   space 640K,   0% used [0x00000000ff200000, 0x00000000ff200000, 0x00000000ff2a0000)
 concurrent mark-sweep generation total 13696K, used 11393K [0x00000000ff2a0000, 0x0000000100000000, 0x0000000100000000)
 Metaspace       used 5071K, capacity 5248K, committed 5504K, reserved 1056768K
  class space    used 554K, capacity 592K, committed 640K, reserved 1048576K
}
{Heap before GC invocations=1150 (full 134):
 par new generation   total 6144K, used 5246K [0x00000000fec00000, 0x00000000ff2a0000, 0x00000000ff2a0000)
  eden space 5504K,  95% used [0x00000000fec00000, 0x00000000ff11b7b0, 0x00000000ff160000)
  from space 640K,   2% used [0x00000000ff160000, 0x00000000ff164080, 0x00000000ff200000)
  to   space 640K,   0% used [0x00000000ff200000, 0x00000000ff200000, 0x00000000ff2a0000)
 concurrent mark-sweep generation total 13696K, used 11393K [0x00000000ff2a0000, 0x0000000100000000, 0x0000000100000000)
 Metaspace       used 5071K, capacity 5248K, committed 5504K, reserved 1056768K
  class space    used 554K, capacity 592K, committed 640K, reserved 1048576K
2024-07-16T17:10:22.247+0800: 8.915: [GC (Allocation Failure) 2024-07-16T17:10:22.247+0800: 8.915: [ParNew: 5246K->16K(6144K), 0.0003415 secs] 16639K->12435K(19840K), 0.0004169 secs] [Times: user=0.00 sys=0.00, real=0.00 secs] 
Heap after GC invocations=1151 (full 134):
 par new generation   total 6144K, used 16K [0x00000000fec00000, 0x00000000ff2a0000, 0x00000000ff2a0000)
  eden space 5504K,   0% used [0x00000000fec00000, 0x00000000fec00000, 0x00000000ff160000)
  from space 640K,   2% used [0x00000000ff200000, 0x00000000ff204080, 0x00000000ff2a0000)
  to   space 640K,   0% used [0x00000000ff160000, 0x00000000ff160000, 0x00000000ff200000)
 concurrent mark-sweep generation total 13696K, used 12419K [0x00000000ff2a0000, 0x0000000100000000, 0x0000000100000000)
 Metaspace       used 5071K, capacity 5248K, committed 5504K, reserved 1056768K
  class space    used 554K, capacity 592K, committed 640K, reserved 1048576K
}
{Heap before GC invocations=1151 (full 134):
 par new generation   total 6144K, used 5246K [0x00000000fec00000, 0x00000000ff2a0000, 0x00000000ff2a0000)
  eden space 5504K,  95% used [0x00000000fec00000, 0x00000000ff11b7b0, 0x00000000ff160000)
  from space 640K,   2% used [0x00000000ff200000, 0x00000000ff204080, 0x00000000ff2a0000)
  to   space 640K,   0% used [0x00000000ff160000, 0x00000000ff160000, 0x00000000ff200000)
 concurrent mark-sweep generation total 13696K, used 12419K [0x00000000ff2a0000, 0x0000000100000000, 0x0000000100000000)
 Metaspace       used 5071K, capacity 5248K, committed 5504K, reserved 1056768K
  class space    used 554K, capacity 592K, committed 640K, reserved 1048576K
2024-07-16T17:10:22.256+0800: 8.924: [GC (Allocation Failure) 2024-07-16T17:10:22.256+0800: 8.924: [ParNew: 5246K->5246K(6144K), 0.0000098 secs]2024-07-16T17:10:22.256+0800: 8.924: [CMS2024-07-16T17:10:22.256+0800: 8.924: [CMS-concurrent-abortable-preclean: 0.001/0.148 secs] [Times: user=0.03 sys=0.00, real=0.15 secs] 
 (concurrent mode failure): 12419K->1141K(13696K), 0.0022371 secs] 17665K->1141K(19840K), [Metaspace: 5071K->5071K(1056768K)], 0.0022923 secs] [Times: user=0.00 sys=0.00, real=0.00 secs] 
Heap after GC invocations=1152 (full 135):
 par new generation   total 6144K, used 0K [0x00000000fec00000, 0x00000000ff2a0000, 0x00000000ff2a0000)
  eden space 5504K,   0% used [0x00000000fec00000, 0x00000000fec00000, 0x00000000ff160000)
  from space 640K,   0% used [0x00000000ff200000, 0x00000000ff200000, 0x00000000ff2a0000)
  to   space 640K,   0% used [0x00000000ff160000, 0x00000000ff160000, 0x00000000ff200000)
 concurrent mark-sweep generation total 13696K, used 1141K [0x00000000ff2a0000, 0x0000000100000000, 0x0000000100000000)
 Metaspace       used 5071K, capacity 5248K, committed 5504K, reserved 1056768K
  class space    used 554K, capacity 592K, committed 640K, reserved 1048576K
}
{Heap before GC invocations=1152 (full 135):
 par new generation   total 6144K, used 5229K [0x00000000fec00000, 0x00000000ff2a0000, 0x00000000ff2a0000)
  eden space 5504K,  95% used [0x00000000fec00000, 0x00000000ff11b7b0, 0x00000000ff160000)
  from space 640K,   0% used [0x00000000ff200000, 0x00000000ff200000, 0x00000000ff2a0000)
  to   space 640K,   0% used [0x00000000ff160000, 0x00000000ff160000, 0x00000000ff200000)
 concurrent mark-sweep generation total 13696K, used 1141K [0x00000000ff2a0000, 0x0000000100000000, 0x0000000100000000)
 Metaspace       used 5071K, capacity 5248K, committed 5504K, reserved 1056768K
  class space    used 554K, capacity 592K, committed 640K, reserved 1048576K
2024-07-16T17:10:22.265+0800: 8.933: [GC (Allocation Failure) 2024-07-16T17:10:22.265+0800: 8.933: [ParNew: 5229K->10K(6144K), 0.0003772 secs] 6371K->2177K(19840K), 0.0004826 secs] [Times: user=0.00 sys=0.00, real=0.00 secs] 
Heap after GC invocations=1153 (full 135):
 par new generation   total 6144K, used 10K [0x00000000fec00000, 0x00000000ff2a0000, 0x00000000ff2a0000)
  eden space 5504K,   0% used [0x00000000fec00000, 0x00000000fec00000, 0x00000000ff160000)
  from space 640K,   1% used [0x00000000ff160000, 0x00000000ff162850, 0x00000000ff200000)
  to   space 640K,   0% used [0x00000000ff200000, 0x00000000ff200000, 0x00000000ff2a0000)
 concurrent mark-sweep generation total 13696K, used 2167K [0x00000000ff2a0000, 0x0000000100000000, 0x0000000100000000)
 Metaspace       used 5071K, capacity 5248K, committed 5504K, reserved 1056768K
  class space    used 554K, capacity 592K, committed 640K, reserved 1048576K
}
{Heap before GC invocations=1153 (full 135):
 par new generation   total 6144K, used 5240K [0x00000000fec00000, 0x00000000ff2a0000, 0x00000000ff2a0000)
  eden space 5504K,  95% used [0x00000000fec00000, 0x00000000ff11b7b0, 0x00000000ff160000)
  from space 640K,   1% used [0x00000000ff160000, 0x00000000ff162850, 0x00000000ff200000)
  to   space 640K,   0% used [0x00000000ff200000, 0x00000000ff200000, 0x00000000ff2a0000)
 concurrent mark-sweep generation total 13696K, used 2167K [0x00000000ff2a0000, 0x0000000100000000, 0x0000000100000000)
 Metaspace       used 5071K, capacity 5248K, committed 5504K, reserved 1056768K
  class space    used 554K, capacity 592K, committed 640K, reserved 1048576K
2024-07-16T17:10:22.273+0800: 8.941: [GC (Allocation Failure) 2024-07-16T17:10:22.273+0800: 8.941: [ParNew: 5240K->6K(6144K), 0.0003563 secs] 7407K->3199K(19840K), 0.0003945 secs] [Times: user=0.00 sys=0.00, real=0.00 secs] 
Heap after GC invocations=1154 (full 135):
 par new generation   total 6144K, used 6K [0x00000000fec00000, 0x00000000ff2a0000, 0x00000000ff2a0000)
  eden space 5504K,   0% used [0x00000000fec00000, 0x00000000fec00000, 0x00000000ff160000)
  from space 640K,   0% used [0x00000000ff200000, 0x00000000ff201830, 0x00000000ff2a0000)
  to   space 640K,   0% used [0x00000000ff160000, 0x00000000ff160000, 0x00000000ff200000)
 concurrent mark-sweep generation total 13696K, used 3193K [0x00000000ff2a0000, 0x0000000100000000, 0x0000000100000000)
 Metaspace       used 5071K, capacity 5248K, committed 5504K, reserved 1056768K
  class space    used 554K, capacity 592K, committed 640K, reserved 1048576K
}
{Heap before GC invocations=1154 (full 135):
 par new generation   total 6144K, used 5235K [0x00000000fec00000, 0x00000000ff2a0000, 0x00000000ff2a0000)
  eden space 5504K,  95% used [0x00000000fec00000, 0x00000000ff11b7b0, 0x00000000ff160000)
  from space 640K,   0% used [0x00000000ff200000, 0x00000000ff201830, 0x00000000ff2a0000)
  to   space 640K,   0% used [0x00000000ff160000, 0x00000000ff160000, 0x00000000ff200000)
 concurrent mark-sweep generation total 13696K, used 3193K [0x00000000ff2a0000, 0x0000000100000000, 0x0000000100000000)
 Metaspace       used 5071K, capacity 5248K, committed 5504K, reserved 1056768K
  class space    used 554K, capacity 592K, committed 640K, reserved 1048576K
2024-07-16T17:10:22.280+0800: 8.948: [GC (Allocation Failure) 2024-07-16T17:10:22.280+0800: 8.948: [ParNew: 5235K->8K(6144K), 0.0003560 secs] 8429K->4227K(19840K), 0.0004022 secs] [Times: user=0.00 sys=0.00, real=0.00 secs] 
Heap after GC invocations=1155 (full 135):
 par new generation   total 6144K, used 8K [0x00000000fec00000, 0x00000000ff2a0000, 0x00000000ff2a0000)
  eden space 5504K,   0% used [0x00000000fec00000, 0x00000000fec00000, 0x00000000ff160000)
  from space 640K,   1% used [0x00000000ff160000, 0x00000000ff162040, 0x00000000ff200000)
  to   space 640K,   0% used [0x00000000ff200000, 0x00000000ff200000, 0x00000000ff2a0000)
 concurrent mark-sweep generation total 13696K, used 4219K [0x00000000ff2a0000, 0x0000000100000000, 0x0000000100000000)
 Metaspace       used 5071K, capacity 5248K, committed 5504K, reserved 1056768K
  class space    used 554K, capacity 592K, committed 640K, reserved 1048576K
}
{Heap before GC invocations=1155 (full 135):
 par new generation   total 6144K, used 5237K [0x00000000fec00000, 0x00000000ff2a0000, 0x00000000ff2a0000)
  eden space 5504K,  95% used [0x00000000fec00000, 0x00000000ff11b7b0, 0x00000000ff160000)
  from space 640K,   1% used [0x00000000ff160000, 0x00000000ff162040, 0x00000000ff200000)
  to   space 640K,   0% used [0x00000000ff200000, 0x00000000ff200000, 0x00000000ff2a0000)
 concurrent mark-sweep generation total 13696K, used 4219K [0x00000000ff2a0000, 0x0000000100000000, 0x0000000100000000)
 Metaspace       used 5071K, capacity 5248K, committed 5504K, reserved 1056768K
  class space    used 554K, capacity 592K, committed 640K, reserved 1048576K
2024-07-16T17:10:22.287+0800: 8.955: [GC (Allocation Failure) 2024-07-16T17:10:22.287+0800: 8.955: [ParNew: 5237K->4K(6144K), 0.0003105 secs] 9457K->4223K(19840K), 0.0003986 secs] [Times: user=0.00 sys=0.00, real=0.00 secs] 
Heap after GC invocations=1156 (full 135):
 par new generation   total 6144K, used 4K [0x00000000fec00000, 0x00000000ff2a0000, 0x00000000ff2a0000)
  eden space 5504K,   0% used [0x00000000fec00000, 0x00000000fec00000, 0x00000000ff160000)
  from space 640K,   0% used [0x00000000ff200000, 0x00000000ff201020, 0x00000000ff2a0000)
  to   space 640K,   0% used [0x00000000ff160000, 0x00000000ff160000, 0x00000000ff200000)
 concurrent mark-sweep generation total 13696K, used 4219K [0x00000000ff2a0000, 0x0000000100000000, 0x0000000100000000)
 Metaspace       used 5071K, capacity 5248K, committed 5504K, reserved 1056768K
  class space    used 554K, capacity 592K, committed 640K, reserved 1048576K
}
{Heap before GC invocations=1156 (full 135):
 par new generation   total 6144K, used 5233K [0x00000000fec00000, 0x00000000ff2a0000, 0x00000000ff2a0000)
  eden space 5504K,  95% used [0x00000000fec00000, 0x00000000ff11b7b0, 0x00000000ff160000)
  from space 640K,   0% used [0x00000000ff200000, 0x00000000ff201020, 0x00000000ff2a0000)
  to   space 640K,   0% used [0x00000000ff160000, 0x00000000ff160000, 0x00000000ff200000)
 concurrent mark-sweep generation total 13696K, used 4219K [0x00000000ff2a0000, 0x0000000100000000, 0x0000000100000000)
 Metaspace       used 5071K, capacity 5248K, committed 5504K, reserved 1056768K
  class space    used 554K, capacity 592K, committed 640K, reserved 1048576K
2024-07-16T17:10:22.294+0800: 8.962: [GC (Allocation Failure) 2024-07-16T17:10:22.294+0800: 8.962: [ParNew: 5233K->4K(6144K), 0.0002772 secs] 9453K->4223K(19840K), 0.0003195 secs] [Times: user=0.00 sys=0.00, real=0.00 secs] 
Heap after GC invocations=1157 (full 135):
 par new generation   total 6144K, used 4K [0x00000000fec00000, 0x00000000ff2a0000, 0x00000000ff2a0000)
  eden space 5504K,   0% used [0x00000000fec00000, 0x00000000fec00000, 0x00000000ff160000)
  from space 640K,   0% used [0x00000000ff160000, 0x00000000ff161020, 0x00000000ff200000)
  to   space 640K,   0% used [0x00000000ff200000, 0x00000000ff200000, 0x00000000ff2a0000)
 concurrent mark-sweep generation total 13696K, used 4219K [0x00000000ff2a0000, 0x0000000100000000, 0x0000000100000000)
 Metaspace       used 5071K, capacity 5248K, committed 5504K, reserved 1056768K
  class space    used 554K, capacity 592K, committed 640K, reserved 1048576K
}
{Heap before GC invocations=1157 (full 135):
 par new generation   total 6144K, used 5233K [0x00000000fec00000, 0x00000000ff2a0000, 0x00000000ff2a0000)
  eden space 5504K,  95% used [0x00000000fec00000, 0x00000000ff11b7b0, 0x00000000ff160000)
  from space 640K,   0% used [0x00000000ff160000, 0x00000000ff161020, 0x00000000ff200000)
  to   space 640K,   0% used [0x00000000ff200000, 0x00000000ff200000, 0x00000000ff2a0000)
 concurrent mark-sweep generation total 13696K, used 4219K [0x00000000ff2a0000, 0x0000000100000000, 0x0000000100000000)
 Metaspace       used 5071K, capacity 5248K, committed 5504K, reserved 1056768K
  class space    used 554K, capacity 592K, committed 640K, reserved 1048576K
2024-07-16T17:10:22.301+0800: 8.969: [GC (Allocation Failure) 2024-07-16T17:10:22.301+0800: 8.969: [ParNew: 5233K->8K(6144K), 0.0003846 secs] 9453K->5251K(19840K), 0.0004889 secs] [Times: user=0.00 sys=0.00, real=0.00 secs] 
Heap after GC invocations=1158 (full 135):
 par new generation   total 6144K, used 8K [0x00000000fec00000, 0x00000000ff2a0000, 0x00000000ff2a0000)
  eden space 5504K,   0% used [0x00000000fec00000, 0x00000000fec00000, 0x00000000ff160000)
  from space 640K,   1% used [0x00000000ff200000, 0x00000000ff202040, 0x00000000ff2a0000)
  to   space 640K,   0% used [0x00000000ff160000, 0x00000000ff160000, 0x00000000ff200000)
 concurrent mark-sweep generation total 13696K, used 5243K [0x00000000ff2a0000, 0x0000000100000000, 0x0000000100000000)
 Metaspace       used 5071K, capacity 5248K, committed 5504K, reserved 1056768K
  class space    used 554K, capacity 592K, committed 640K, reserved 1048576K
}
{Heap before GC invocations=1158 (full 135):
 par new generation   total 6144K, used 5237K [0x00000000fec00000, 0x00000000ff2a0000, 0x00000000ff2a0000)
  eden space 5504K,  95% used [0x00000000fec00000, 0x00000000ff11b7b0, 0x00000000ff160000)
  from space 640K,   1% used [0x00000000ff200000, 0x00000000ff202040, 0x00000000ff2a0000)
  to   space 640K,   0% used [0x00000000ff160000, 0x00000000ff160000, 0x00000000ff200000)
 concurrent mark-sweep generation total 13696K, used 5243K [0x00000000ff2a0000, 0x0000000100000000, 0x0000000100000000)
 Metaspace       used 5071K, capacity 5248K, committed 5504K, reserved 1056768K
  class space    used 554K, capacity 592K, committed 640K, reserved 1048576K
2024-07-16T17:10:22.308+0800: 8.976: [GC (Allocation Failure) 2024-07-16T17:10:22.308+0800: 8.976: [ParNew: 5237K->6K(6144K), 0.0004630 secs] 10481K->6275K(19840K), 0.0005175 secs] [Times: user=0.00 sys=0.00, real=0.00 secs] 
Heap after GC invocations=1159 (full 135):
 par new generation   total 6144K, used 6K [0x00000000fec00000, 0x00000000ff2a0000, 0x00000000ff2a0000)
  eden space 5504K,   0% used [0x00000000fec00000, 0x00000000fec00000, 0x00000000ff160000)
  from space 640K,   0% used [0x00000000ff160000, 0x00000000ff161830, 0x00000000ff200000)
  to   space 640K,   0% used [0x00000000ff200000, 0x00000000ff200000, 0x00000000ff2a0000)
 concurrent mark-sweep generation total 13696K, used 6269K [0x00000000ff2a0000, 0x0000000100000000, 0x0000000100000000)
 Metaspace       used 5071K, capacity 5248K, committed 5504K, reserved 1056768K
  class space    used 554K, capacity 592K, committed 640K, reserved 1048576K
}
{Heap before GC invocations=1159 (full 135):
 par new generation   total 6144K, used 5235K [0x00000000fec00000, 0x00000000ff2a0000, 0x00000000ff2a0000)
  eden space 5504K,  95% used [0x00000000fec00000, 0x00000000ff11b7b0, 0x00000000ff160000)
  from space 640K,   0% used [0x00000000ff160000, 0x00000000ff161830, 0x00000000ff200000)
  to   space 640K,   0% used [0x00000000ff200000, 0x00000000ff200000, 0x00000000ff2a0000)
 concurrent mark-sweep generation total 13696K, used 6269K [0x00000000ff2a0000, 0x0000000100000000, 0x0000000100000000)
 Metaspace       used 5071K, capacity 5248K, committed 5504K, reserved 1056768K
  class space    used 554K, capacity 592K, committed 640K, reserved 1048576K
2024-07-16T17:10:22.315+0800: 8.983: [GC (Allocation Failure) 2024-07-16T17:10:22.315+0800: 8.983: [ParNew: 5235K->4K(6144K), 0.0003066 secs] 11505K->6273K(19840K), 0.0003598 secs] [Times: user=0.00 sys=0.00, real=0.00 secs] 
Heap after GC invocations=1160 (full 135):
 par new generation   total 6144K, used 4K [0x00000000fec00000, 0x00000000ff2a0000, 0x00000000ff2a0000)
  eden space 5504K,   0% used [0x00000000fec00000, 0x00000000fec00000, 0x00000000ff160000)
  from space 640K,   0% used [0x00000000ff200000, 0x00000000ff201020, 0x00000000ff2a0000)
  to   space 640K,   0% used [0x00000000ff160000, 0x00000000ff160000, 0x00000000ff200000)
 concurrent mark-sweep generation total 13696K, used 6269K [0x00000000ff2a0000, 0x0000000100000000, 0x0000000100000000)
 Metaspace       used 5071K, capacity 5248K, committed 5504K, reserved 1056768K
  class space    used 554K, capacity 592K, committed 640K, reserved 1048576K
}
{Heap before GC invocations=1160 (full 135):
 par new generation   total 6144K, used 5233K [0x00000000fec00000, 0x00000000ff2a0000, 0x00000000ff2a0000)
  eden space 5504K,  95% used [0x00000000fec00000, 0x00000000ff11b7b0, 0x00000000ff160000)
  from space 640K,   0% used [0x00000000ff200000, 0x00000000ff201020, 0x00000000ff2a0000)
  to   space 640K,   0% used [0x00000000ff160000, 0x00000000ff160000, 0x00000000ff200000)
 concurrent mark-sweep generation total 13696K, used 6269K [0x00000000ff2a0000, 0x0000000100000000, 0x0000000100000000)
 Metaspace       used 5071K, capacity 5248K, committed 5504K, reserved 1056768K
  class space    used 554K, capacity 592K, committed 640K, reserved 1048576K
2024-07-16T17:10:22.322+0800: 8.990: [GC (Allocation Failure) 2024-07-16T17:10:22.322+0800: 8.990: [ParNew: 5233K->6K(6144K), 0.0005241 secs] 11503K->7302K(19840K), 0.0005792 secs] [Times: user=0.00 sys=0.00, real=0.00 secs] 
Heap after GC invocations=1161 (full 135):
 par new generation   total 6144K, used 6K [0x00000000fec00000, 0x00000000ff2a0000, 0x00000000ff2a0000)
  eden space 5504K,   0% used [0x00000000fec00000, 0x00000000fec00000, 0x00000000ff160000)
  from space 640K,   0% used [0x00000000ff160000, 0x00000000ff161830, 0x00000000ff200000)
  to   space 640K,   0% used [0x00000000ff200000, 0x00000000ff200000, 0x00000000ff2a0000)
 concurrent mark-sweep generation total 13696K, used 7295K [0x00000000ff2a0000, 0x0000000100000000, 0x0000000100000000)
 Metaspace       used 5071K, capacity 5248K, committed 5504K, reserved 1056768K
  class space    used 554K, capacity 592K, committed 640K, reserved 1048576K
}
{Heap before GC invocations=1161 (full 135):
 par new generation   total 6144K, used 5235K [0x00000000fec00000, 0x00000000ff2a0000, 0x00000000ff2a0000)
  eden space 5504K,  95% used [0x00000000fec00000, 0x00000000ff11b7b0, 0x00000000ff160000)
  from space 640K,   0% used [0x00000000ff160000, 0x00000000ff161830, 0x00000000ff200000)
  to   space 640K,   0% used [0x00000000ff200000, 0x00000000ff200000, 0x00000000ff2a0000)
 concurrent mark-sweep generation total 13696K, used 7295K [0x00000000ff2a0000, 0x0000000100000000, 0x0000000100000000)
 Metaspace       used 5071K, capacity 5248K, committed 5504K, reserved 1056768K
  class space    used 554K, capacity 592K, committed 640K, reserved 1048576K
2024-07-16T17:10:22.329+0800: 8.997: [GC (Allocation Failure) 2024-07-16T17:10:22.329+0800: 8.997: [ParNew: 5235K->10K(6144K), 0.0004011 secs] 12531K->8332K(19840K), 0.0004462 secs] [Times: user=0.00 sys=0.00, real=0.00 secs] 
Heap after GC invocations=1162 (full 135):
 par new generation   total 6144K, used 10K [0x00000000fec00000, 0x00000000ff2a0000, 0x00000000ff2a0000)
  eden space 5504K,   0% used [0x00000000fec00000, 0x00000000fec00000, 0x00000000ff160000)
  from space 640K,   1% used [0x00000000ff200000, 0x00000000ff202850, 0x00000000ff2a0000)
  to   space 640K,   0% used [0x00000000ff160000, 0x00000000ff160000, 0x00000000ff200000)
 concurrent mark-sweep generation total 13696K, used 8322K [0x00000000ff2a0000, 0x0000000100000000, 0x0000000100000000)
 Metaspace       used 5071K, capacity 5248K, committed 5504K, reserved 1056768K
  class space    used 554K, capacity 592K, committed 640K, reserved 1048576K
}
2024-07-16T17:10:22.329+0800: 8.998: [GC (CMS Initial Mark) [1 CMS-initial-mark: 8322K(13696K)] 9356K(19840K), 0.0001050 secs] [Times: user=0.00 sys=0.00, real=0.00 secs] 
2024-07-16T17:10:22.329+0800: 8.998: [CMS-concurrent-mark-start]
2024-07-16T17:10:22.330+0800: 8.999: [CMS-concurrent-mark: 0.001/0.001 secs] [Times: user=0.00 sys=0.00, real=0.00 secs] 
2024-07-16T17:10:22.331+0800: 8.999: [CMS-concurrent-preclean-start]
2024-07-16T17:10:22.331+0800: 8.999: [CMS-concurrent-preclean: 0.000/0.000 secs] [Times: user=0.00 sys=0.00, real=0.00 secs] 
2024-07-16T17:10:22.331+0800: 8.999: [CMS-concurrent-abortable-preclean-start]
{Heap before GC invocations=1162 (full 136):
 par new generation   total 6144K, used 5240K [0x00000000fec00000, 0x00000000ff2a0000, 0x00000000ff2a0000)
  eden space 5504K,  95% used [0x00000000fec00000, 0x00000000ff11b7b0, 0x00000000ff160000)
  from space 640K,   1% used [0x00000000ff200000, 0x00000000ff202850, 0x00000000ff2a0000)
  to   space 640K,   0% used [0x00000000ff160000, 0x00000000ff160000, 0x00000000ff200000)
 concurrent mark-sweep generation total 13696K, used 8322K [0x00000000ff2a0000, 0x0000000100000000, 0x0000000100000000)
 Metaspace       used 5071K, capacity 5248K, committed 5504K, reserved 1056768K
  class space    used 554K, capacity 592K, committed 640K, reserved 1048576K
2024-07-16T17:10:22.337+0800: 9.006: [GC (Allocation Failure) 2024-07-16T17:10:22.337+0800: 9.006: [ParNew: 5240K->4K(6144K), 0.0003063 secs] 13562K->8326K(19840K), 0.0003492 secs] [Times: user=0.00 sys=0.00, real=0.00 secs] 
Heap after GC invocations=1163 (full 136):
 par new generation   total 6144K, used 4K [0x00000000fec00000, 0x00000000ff2a0000, 0x00000000ff2a0000)
  eden space 5504K,   0% used [0x00000000fec00000, 0x00000000fec00000, 0x00000000ff160000)
  from space 640K,   0% used [0x00000000ff160000, 0x00000000ff161020, 0x00000000ff200000)
  to   space 640K,   0% used [0x00000000ff200000, 0x00000000ff200000, 0x00000000ff2a0000)
 concurrent mark-sweep generation total 13696K, used 8322K [0x00000000ff2a0000, 0x0000000100000000, 0x0000000100000000)
 Metaspace       used 5071K, capacity 5248K, committed 5504K, reserved 1056768K
  class space    used 554K, capacity 592K, committed 640K, reserved 1048576K
}
{Heap before GC invocations=1163 (full 136):
 par new generation   total 6144K, used 5233K [0x00000000fec00000, 0x00000000ff2a0000, 0x00000000ff2a0000)
  eden space 5504K,  95% used [0x00000000fec00000, 0x00000000ff11b7b0, 0x00000000ff160000)
  from space 640K,   0% used [0x00000000ff160000, 0x00000000ff161020, 0x00000000ff200000)
  to   space 640K,   0% used [0x00000000ff200000, 0x00000000ff200000, 0x00000000ff2a0000)
 concurrent mark-sweep generation total 13696K, used 8322K [0x00000000ff2a0000, 0x0000000100000000, 0x0000000100000000)
 Metaspace       used 5071K, capacity 5248K, committed 5504K, reserved 1056768K
  class space    used 554K, capacity 592K, committed 640K, reserved 1048576K
2024-07-16T17:10:22.345+0800: 9.014: [GC (Allocation Failure) 2024-07-16T17:10:22.345+0800: 9.014: [ParNew: 5233K->4K(6144K), 0.0002508 secs] 13555K->8326K(19840K), 0.0002914 secs] [Times: user=0.00 sys=0.00, real=0.00 secs] 
Heap after GC invocations=1164 (full 136):
 par new generation   total 6144K, used 4K [0x00000000fec00000, 0x00000000ff2a0000, 0x00000000ff2a0000)
  eden space 5504K,   0% used [0x00000000fec00000, 0x00000000fec00000, 0x00000000ff160000)
  from space 640K,   0% used [0x00000000ff200000, 0x00000000ff201020, 0x00000000ff2a0000)
  to   space 640K,   0% used [0x00000000ff160000, 0x00000000ff160000, 0x00000000ff200000)
 concurrent mark-sweep generation total 13696K, used 8322K [0x00000000ff2a0000, 0x0000000100000000, 0x0000000100000000)
 Metaspace       used 5071K, capacity 5248K, committed 5504K, reserved 1056768K
  class space    used 554K, capacity 592K, committed 640K, reserved 1048576K
}
{Heap before GC invocations=1164 (full 136):
 par new generation   total 6144K, used 5233K [0x00000000fec00000, 0x00000000ff2a0000, 0x00000000ff2a0000)
  eden space 5504K,  95% used [0x00000000fec00000, 0x00000000ff11b7b0, 0x00000000ff160000)
  from space 640K,   0% used [0x00000000ff200000, 0x00000000ff201020, 0x00000000ff2a0000)
  to   space 640K,   0% used [0x00000000ff160000, 0x00000000ff160000, 0x00000000ff200000)
 concurrent mark-sweep generation total 13696K, used 8322K [0x00000000ff2a0000, 0x0000000100000000, 0x0000000100000000)
 Metaspace       used 5071K, capacity 5248K, committed 5504K, reserved 1056768K
  class space    used 554K, capacity 592K, committed 640K, reserved 1048576K
2024-07-16T17:10:22.353+0800: 9.022: [GC (Allocation Failure) 2024-07-16T17:10:22.353+0800: 9.022: [ParNew: 5233K->8K(6144K), 0.0004510 secs] 13555K->9354K(19840K), 0.0004921 secs] [Times: user=0.00 sys=0.00, real=0.00 secs] 
Heap after GC invocations=1165 (full 136):
 par new generation   total 6144K, used 8K [0x00000000fec00000, 0x00000000ff2a0000, 0x00000000ff2a0000)
  eden space 5504K,   0% used [0x00000000fec00000, 0x00000000fec00000, 0x00000000ff160000)
  from space 640K,   1% used [0x00000000ff160000, 0x00000000ff162040, 0x00000000ff200000)
  to   space 640K,   0% used [0x00000000ff200000, 0x00000000ff200000, 0x00000000ff2a0000)
 concurrent mark-sweep generation total 13696K, used 9346K [0x00000000ff2a0000, 0x0000000100000000, 0x0000000100000000)
 Metaspace       used 5071K, capacity 5248K, committed 5504K, reserved 1056768K
  class space    used 554K, capacity 592K, committed 640K, reserved 1048576K
}
{Heap before GC invocations=1165 (full 136):
 par new generation   total 6144K, used 5237K [0x00000000fec00000, 0x00000000ff2a0000, 0x00000000ff2a0000)
  eden space 5504K,  95% used [0x00000000fec00000, 0x00000000ff11b7b0, 0x00000000ff160000)
  from space 640K,   1% used [0x00000000ff160000, 0x00000000ff162040, 0x00000000ff200000)
  to   space 640K,   0% used [0x00000000ff200000, 0x00000000ff200000, 0x00000000ff2a0000)
 concurrent mark-sweep generation total 13696K, used 9346K [0x00000000ff2a0000, 0x0000000100000000, 0x0000000100000000)
 Metaspace       used 5071K, capacity 5248K, committed 5504K, reserved 1056768K
  class space    used 554K, capacity 592K, committed 640K, reserved 1048576K
2024-07-16T17:10:22.360+0800: 9.029: [GC (Allocation Failure) 2024-07-16T17:10:22.360+0800: 9.029: [ParNew: 5237K->8K(6144K), 0.0003533 secs] 14584K->10378K(19840K), 0.0004013 secs] [Times: user=0.00 sys=0.00, real=0.00 secs] 
Heap after GC invocations=1166 (full 136):
 par new generation   total 6144K, used 8K [0x00000000fec00000, 0x00000000ff2a0000, 0x00000000ff2a0000)
  eden space 5504K,   0% used [0x00000000fec00000, 0x00000000fec00000, 0x00000000ff160000)
  from space 640K,   1% used [0x00000000ff200000, 0x00000000ff202040, 0x00000000ff2a0000)
  to   space 640K,   0% used [0x00000000ff160000, 0x00000000ff160000, 0x00000000ff200000)
 concurrent mark-sweep generation total 13696K, used 10370K [0x00000000ff2a0000, 0x0000000100000000, 0x0000000100000000)
 Metaspace       used 5071K, capacity 5248K, committed 5504K, reserved 1056768K
  class space    used 554K, capacity 592K, committed 640K, reserved 1048576K
}
{Heap before GC invocations=1166 (full 136):
 par new generation   total 6144K, used 5237K [0x00000000fec00000, 0x00000000ff2a0000, 0x00000000ff2a0000)
  eden space 5504K,  95% used [0x00000000fec00000, 0x00000000ff11b7b0, 0x00000000ff160000)
  from space 640K,   1% used [0x00000000ff200000, 0x00000000ff202040, 0x00000000ff2a0000)
  to   space 640K,   0% used [0x00000000ff160000, 0x00000000ff160000, 0x00000000ff200000)
 concurrent mark-sweep generation total 13696K, used 10370K [0x00000000ff2a0000, 0x0000000100000000, 0x0000000100000000)
 Metaspace       used 5071K, capacity 5248K, committed 5504K, reserved 1056768K
  class space    used 554K, capacity 592K, committed 640K, reserved 1048576K
2024-07-16T17:10:22.367+0800: 9.036: [GC (Allocation Failure) 2024-07-16T17:10:22.367+0800: 9.036: [ParNew: 5237K->10K(6144K), 0.0004182 secs] 15608K->11404K(19840K), 0.0004652 secs] [Times: user=0.00 sys=0.00, real=0.00 secs] 
Heap after GC invocations=1167 (full 136):
 par new generation   total 6144K, used 10K [0x00000000fec00000, 0x00000000ff2a0000, 0x00000000ff2a0000)
  eden space 5504K,   0% used [0x00000000fec00000, 0x00000000fec00000, 0x00000000ff160000)
  from space 640K,   1% used [0x00000000ff160000, 0x00000000ff162850, 0x00000000ff200000)
  to   space 640K,   0% used [0x00000000ff200000, 0x00000000ff200000, 0x00000000ff2a0000)
 concurrent mark-sweep generation total 13696K, used 11394K [0x00000000ff2a0000, 0x0000000100000000, 0x0000000100000000)
 Metaspace       used 5071K, capacity 5248K, committed 5504K, reserved 1056768K
  class space    used 554K, capacity 592K, committed 640K, reserved 1048576K
}
{Heap before GC invocations=1167 (full 136):
 par new generation   total 6144K, used 5240K [0x00000000fec00000, 0x00000000ff2a0000, 0x00000000ff2a0000)
  eden space 5504K,  95% used [0x00000000fec00000, 0x00000000ff11b7b0, 0x00000000ff160000)
  from space 640K,   1% used [0x00000000ff160000, 0x00000000ff162850, 0x00000000ff200000)
  to   space 640K,   0% used [0x00000000ff200000, 0x00000000ff200000, 0x00000000ff2a0000)
 concurrent mark-sweep generation total 13696K, used 11394K [0x00000000ff2a0000, 0x0000000100000000, 0x0000000100000000)
 Metaspace       used 5071K, capacity 5248K, committed 5504K, reserved 1056768K
  class space    used 554K, capacity 592K, committed 640K, reserved 1048576K
2024-07-16T17:10:22.375+0800: 9.044: [GC (Allocation Failure) 2024-07-16T17:10:22.375+0800: 9.044: [ParNew: 5240K->4K(6144K), 0.0002992 secs] 16634K->11398K(19840K), 0.0003522 secs] [Times: user=0.00 sys=0.00, real=0.00 secs] 
Heap after GC invocations=1168 (full 136):
 par new generation   total 6144K, used 4K [0x00000000fec00000, 0x00000000ff2a0000, 0x00000000ff2a0000)
  eden space 5504K,   0% used [0x00000000fec00000, 0x00000000fec00000, 0x00000000ff160000)
  from space 640K,   0% used [0x00000000ff200000, 0x00000000ff201020, 0x00000000ff2a0000)
  to   space 640K,   0% used [0x00000000ff160000, 0x00000000ff160000, 0x00000000ff200000)
 concurrent mark-sweep generation total 13696K, used 11394K [0x00000000ff2a0000, 0x0000000100000000, 0x0000000100000000)
 Metaspace       used 5071K, capacity 5248K, committed 5504K, reserved 1056768K
  class space    used 554K, capacity 592K, committed 640K, reserved 1048576K
}
{Heap before GC invocations=1168 (full 136):
 par new generation   total 6144K, used 5233K [0x00000000fec00000, 0x00000000ff2a0000, 0x00000000ff2a0000)
  eden space 5504K,  95% used [0x00000000fec00000, 0x00000000ff11b7b0, 0x00000000ff160000)
  from space 640K,   0% used [0x00000000ff200000, 0x00000000ff201020, 0x00000000ff2a0000)
  to   space 640K,   0% used [0x00000000ff160000, 0x00000000ff160000, 0x00000000ff200000)
 concurrent mark-sweep generation total 13696K, used 11394K [0x00000000ff2a0000, 0x0000000100000000, 0x0000000100000000)
 Metaspace       used 5071K, capacity 5248K, committed 5504K, reserved 1056768K
  class space    used 554K, capacity 592K, committed 640K, reserved 1048576K
2024-07-16T17:10:22.382+0800: 9.051: [GC (Allocation Failure) 2024-07-16T17:10:22.382+0800: 9.051: [ParNew: 5233K->4K(6144K), 0.0004339 secs] 16628K->11398K(19840K), 0.0004826 secs] [Times: user=0.00 sys=0.00, real=0.00 secs] 
Heap after GC invocations=1169 (full 136):
 par new generation   total 6144K, used 4K [0x00000000fec00000, 0x00000000ff2a0000, 0x00000000ff2a0000)
  eden space 5504K,   0% used [0x00000000fec00000, 0x00000000fec00000, 0x00000000ff160000)
  from space 640K,   0% used [0x00000000ff160000, 0x00000000ff161020, 0x00000000ff200000)
  to   space 640K,   0% used [0x00000000ff200000, 0x00000000ff200000, 0x00000000ff2a0000)
 concurrent mark-sweep generation total 13696K, used 11394K [0x00000000ff2a0000, 0x0000000100000000, 0x0000000100000000)
 Metaspace       used 5071K, capacity 5248K, committed 5504K, reserved 1056768K
  class space    used 554K, capacity 592K, committed 640K, reserved 1048576K
}
{Heap before GC invocations=1169 (full 136):
 par new generation   total 6144K, used 5233K [0x00000000fec00000, 0x00000000ff2a0000, 0x00000000ff2a0000)
  eden space 5504K,  95% used [0x00000000fec00000, 0x00000000ff11b7b0, 0x00000000ff160000)
  from space 640K,   0% used [0x00000000ff160000, 0x00000000ff161020, 0x00000000ff200000)
  to   space 640K,   0% used [0x00000000ff200000, 0x00000000ff200000, 0x00000000ff2a0000)
 concurrent mark-sweep generation total 13696K, used 11394K [0x00000000ff2a0000, 0x0000000100000000, 0x0000000100000000)
 Metaspace       used 5071K, capacity 5248K, committed 5504K, reserved 1056768K
  class space    used 554K, capacity 592K, committed 640K, reserved 1048576K
2024-07-16T17:10:22.391+0800: 9.060: [GC (Allocation Failure) 2024-07-16T17:10:22.391+0800: 9.060: [ParNew: 5233K->4K(6144K), 0.0003158 secs] 16628K->11398K(19840K), 0.0003681 secs] [Times: user=0.00 sys=0.00, real=0.00 secs] 
Heap after GC invocations=1170 (full 136):
 par new generation   total 6144K, used 4K [0x00000000fec00000, 0x00000000ff2a0000, 0x00000000ff2a0000)
  eden space 5504K,   0% used [0x00000000fec00000, 0x00000000fec00000, 0x00000000ff160000)
  from space 640K,   0% used [0x00000000ff200000, 0x00000000ff201020, 0x00000000ff2a0000)
  to   space 640K,   0% used [0x00000000ff160000, 0x00000000ff160000, 0x00000000ff200000)
 concurrent mark-sweep generation total 13696K, used 11394K [0x00000000ff2a0000, 0x0000000100000000, 0x0000000100000000)
 Metaspace       used 5071K, capacity 5248K, committed 5504K, reserved 1056768K
  class space    used 554K, capacity 592K, committed 640K, reserved 1048576K
}
{Heap before GC invocations=1170 (full 136):
 par new generation   total 6144K, used 5233K [0x00000000fec00000, 0x00000000ff2a0000, 0x00000000ff2a0000)
  eden space 5504K,  95% used [0x00000000fec00000, 0x00000000ff11b7b0, 0x00000000ff160000)
  from space 640K,   0% used [0x00000000ff200000, 0x00000000ff201020, 0x00000000ff2a0000)
  to   space 640K,   0% used [0x00000000ff160000, 0x00000000ff160000, 0x00000000ff200000)
 concurrent mark-sweep generation total 13696K, used 11394K [0x00000000ff2a0000, 0x0000000100000000, 0x0000000100000000)
 Metaspace       used 5071K, capacity 5248K, committed 5504K, reserved 1056768K
  class space    used 554K, capacity 592K, committed 640K, reserved 1048576K
2024-07-16T17:10:22.399+0800: 9.068: [GC (Allocation Failure) 2024-07-16T17:10:22.399+0800: 9.068: [ParNew: 5233K->10K(6144K), 0.0003535 secs] 16628K->12430K(19840K), 0.0003908 secs] [Times: user=0.00 sys=0.00, real=0.00 secs] 
Heap after GC invocations=1171 (full 136):
 par new generation   total 6144K, used 10K [0x00000000fec00000, 0x00000000ff2a0000, 0x00000000ff2a0000)
  eden space 5504K,   0% used [0x00000000fec00000, 0x00000000fec00000, 0x00000000ff160000)
  from space 640K,   1% used [0x00000000ff160000, 0x00000000ff162850, 0x00000000ff200000)
  to   space 640K,   0% used [0x00000000ff200000, 0x00000000ff200000, 0x00000000ff2a0000)
 concurrent mark-sweep generation total 13696K, used 12420K [0x00000000ff2a0000, 0x0000000100000000, 0x0000000100000000)
 Metaspace       used 5071K, capacity 5248K, committed 5504K, reserved 1056768K
  class space    used 554K, capacity 592K, committed 640K, reserved 1048576K
}
{Heap before GC invocations=1171 (full 136):
 par new generation   total 6144K, used 5240K [0x00000000fec00000, 0x00000000ff2a0000, 0x00000000ff2a0000)
  eden space 5504K,  95% used [0x00000000fec00000, 0x00000000ff11b7b0, 0x00000000ff160000)
  from space 640K,   1% used [0x00000000ff160000, 0x00000000ff162850, 0x00000000ff200000)
  to   space 640K,   0% used [0x00000000ff200000, 0x00000000ff200000, 0x00000000ff2a0000)
 concurrent mark-sweep generation total 13696K, used 12420K [0x00000000ff2a0000, 0x0000000100000000, 0x0000000100000000)
 Metaspace       used 5071K, capacity 5248K, committed 5504K, reserved 1056768K
  class space    used 554K, capacity 592K, committed 640K, reserved 1048576K
2024-07-16T17:10:22.407+0800: 9.076: [GC (Allocation Failure) 2024-07-16T17:10:22.407+0800: 9.076: [ParNew: 5240K->5240K(6144K), 0.0000101 secs]2024-07-16T17:10:22.407+0800: 9.076: [CMS2024-07-16T17:10:22.407+0800: 9.076: [CMS-concurrent-abortable-preclean: 0.001/0.076 secs] [Times: user=0.00 sys=0.00, real=0.08 secs] 
 (concurrent mode failure): 12420K->2165K(13696K), 0.0023314 secs] 17660K->2165K(19840K), [Metaspace: 5071K->5071K(1056768K)], 0.0023877 secs] [Times: user=0.01 sys=0.00, real=0.00 secs] 
Heap after GC invocations=1172 (full 137):
 par new generation   total 6144K, used 0K [0x00000000fec00000, 0x00000000ff2a0000, 0x00000000ff2a0000)
  eden space 5504K,   0% used [0x00000000fec00000, 0x00000000fec00000, 0x00000000ff160000)
  from space 640K,   0% used [0x00000000ff160000, 0x00000000ff160000, 0x00000000ff200000)
  to   space 640K,   0% used [0x00000000ff200000, 0x00000000ff200000, 0x00000000ff2a0000)
 concurrent mark-sweep generation total 13696K, used 2165K [0x00000000ff2a0000, 0x0000000100000000, 0x0000000100000000)
 Metaspace       used 5071K, capacity 5248K, committed 5504K, reserved 1056768K
  class space    used 554K, capacity 592K, committed 640K, reserved 1048576K
}
{Heap before GC invocations=1172 (full 137):
 par new generation   total 6144K, used 5229K [0x00000000fec00000, 0x00000000ff2a0000, 0x00000000ff2a0000)
  eden space 5504K,  95% used [0x00000000fec00000, 0x00000000ff11b7b0, 0x00000000ff160000)
  from space 640K,   0% used [0x00000000ff160000, 0x00000000ff160000, 0x00000000ff200000)
  to   space 640K,   0% used [0x00000000ff200000, 0x00000000ff200000, 0x00000000ff2a0000)
 concurrent mark-sweep generation total 13696K, used 2165K [0x00000000ff2a0000, 0x0000000100000000, 0x0000000100000000)
 Metaspace       used 5071K, capacity 5248K, committed 5504K, reserved 1056768K
  class space    used 554K, capacity 592K, committed 640K, reserved 1048576K
2024-07-16T17:10:22.418+0800: 9.087: [GC (Allocation Failure) 2024-07-16T17:10:22.418+0800: 9.087: [ParNew: 5229K->2K(6144K), 0.0003358 secs] 7395K->2167K(19840K), 0.0003874 secs] [Times: user=0.00 sys=0.00, real=0.00 secs] 
Heap after GC invocations=1173 (full 137):
 par new generation   total 6144K, used 2K [0x00000000fec00000, 0x00000000ff2a0000, 0x00000000ff2a0000)
  eden space 5504K,   0% used [0x00000000fec00000, 0x00000000fec00000, 0x00000000ff160000)
  from space 640K,   0% used [0x00000000ff200000, 0x00000000ff200810, 0x00000000ff2a0000)
  to   space 640K,   0% used [0x00000000ff160000, 0x00000000ff160000, 0x00000000ff200000)
 concurrent mark-sweep generation total 13696K, used 2165K [0x00000000ff2a0000, 0x0000000100000000, 0x0000000100000000)
 Metaspace       used 5071K, capacity 5248K, committed 5504K, reserved 1056768K
  class space    used 554K, capacity 592K, committed 640K, reserved 1048576K
}
{Heap before GC invocations=1173 (full 137):
 par new generation   total 6144K, used 5231K [0x00000000fec00000, 0x00000000ff2a0000, 0x00000000ff2a0000)
  eden space 5504K,  95% used [0x00000000fec00000, 0x00000000ff11b7b0, 0x00000000ff160000)
  from space 640K,   0% used [0x00000000ff200000, 0x00000000ff200810, 0x00000000ff2a0000)
  to   space 640K,   0% used [0x00000000ff160000, 0x00000000ff160000, 0x00000000ff200000)
 concurrent mark-sweep generation total 13696K, used 2165K [0x00000000ff2a0000, 0x0000000100000000, 0x0000000100000000)
 Metaspace       used 5071K, capacity 5248K, committed 5504K, reserved 1056768K
  class space    used 554K, capacity 592K, committed 640K, reserved 1048576K
2024-07-16T17:10:22.425+0800: 9.094: [GC (Allocation Failure) 2024-07-16T17:10:22.425+0800: 9.094: [ParNew: 5231K->6K(6144K), 0.0004205 secs] 7397K->3197K(19840K), 0.0004702 secs] [Times: user=0.00 sys=0.00, real=0.00 secs] 
Heap after GC invocations=1174 (full 137):
 par new generation   total 6144K, used 6K [0x00000000fec00000, 0x00000000ff2a0000, 0x00000000ff2a0000)
  eden space 5504K,   0% used [0x00000000fec00000, 0x00000000fec00000, 0x00000000ff160000)
  from space 640K,   0% used [0x00000000ff160000, 0x00000000ff161830, 0x00000000ff200000)
  to   space 640K,   0% used [0x00000000ff200000, 0x00000000ff200000, 0x00000000ff2a0000)
 concurrent mark-sweep generation total 13696K, used 3191K [0x00000000ff2a0000, 0x0000000100000000, 0x0000000100000000)
 Metaspace       used 5071K, capacity 5248K, committed 5504K, reserved 1056768K
  class space    used 554K, capacity 592K, committed 640K, reserved 1048576K
}
{Heap before GC invocations=1174 (full 137):
 par new generation   total 6144K, used 5235K [0x00000000fec00000, 0x00000000ff2a0000, 0x00000000ff2a0000)
  eden space 5504K,  95% used [0x00000000fec00000, 0x00000000ff11b7b0, 0x00000000ff160000)
  from space 640K,   0% used [0x00000000ff160000, 0x00000000ff161830, 0x00000000ff200000)
  to   space 640K,   0% used [0x00000000ff200000, 0x00000000ff200000, 0x00000000ff2a0000)
 concurrent mark-sweep generation total 13696K, used 3191K [0x00000000ff2a0000, 0x0000000100000000, 0x0000000100000000)
 Metaspace       used 5071K, capacity 5248K, committed 5504K, reserved 1056768K
  class space    used 554K, capacity 592K, committed 640K, reserved 1048576K
2024-07-16T17:10:22.432+0800: 9.101: [GC (Allocation Failure) 2024-07-16T17:10:22.432+0800: 9.101: [ParNew: 5235K->4K(6144K), 0.0003274 secs] 8427K->3195K(19840K), 0.0003730 secs] [Times: user=0.00 sys=0.00, real=0.00 secs] 
Heap after GC invocations=1175 (full 137):
 par new generation   total 6144K, used 4K [0x00000000fec00000, 0x00000000ff2a0000, 0x00000000ff2a0000)
  eden space 5504K,   0% used [0x00000000fec00000, 0x00000000fec00000, 0x00000000ff160000)
  from space 640K,   0% used [0x00000000ff200000, 0x00000000ff201020, 0x00000000ff2a0000)
  to   space 640K,   0% used [0x00000000ff160000, 0x00000000ff160000, 0x00000000ff200000)
 concurrent mark-sweep generation total 13696K, used 3191K [0x00000000ff2a0000, 0x0000000100000000, 0x0000000100000000)
 Metaspace       used 5071K, capacity 5248K, committed 5504K, reserved 1056768K
  class space    used 554K, capacity 592K, committed 640K, reserved 1048576K
}
{Heap before GC invocations=1175 (full 137):
 par new generation   total 6144K, used 5233K [0x00000000fec00000, 0x00000000ff2a0000, 0x00000000ff2a0000)
  eden space 5504K,  95% used [0x00000000fec00000, 0x00000000ff11b7b0, 0x00000000ff160000)
  from space 640K,   0% used [0x00000000ff200000, 0x00000000ff201020, 0x00000000ff2a0000)
  to   space 640K,   0% used [0x00000000ff160000, 0x00000000ff160000, 0x00000000ff200000)
 concurrent mark-sweep generation total 13696K, used 3191K [0x00000000ff2a0000, 0x0000000100000000, 0x0000000100000000)
 Metaspace       used 5071K, capacity 5248K, committed 5504K, reserved 1056768K
  class space    used 554K, capacity 592K, committed 640K, reserved 1048576K
2024-07-16T17:10:22.440+0800: 9.109: [GC (Allocation Failure) 2024-07-16T17:10:22.440+0800: 9.109: [ParNew: 5233K->4K(6144K), 0.0003193 secs] 8425K->3195K(19840K), 0.0003633 secs] [Times: user=0.00 sys=0.00, real=0.00 secs] 
Heap after GC invocations=1176 (full 137):
 par new generation   total 6144K, used 4K [0x00000000fec00000, 0x00000000ff2a0000, 0x00000000ff2a0000)
  eden space 5504K,   0% used [0x00000000fec00000, 0x00000000fec00000, 0x00000000ff160000)
  from space 640K,   0% used [0x00000000ff160000, 0x00000000ff161020, 0x00000000ff200000)
  to   space 640K,   0% used [0x00000000ff200000, 0x00000000ff200000, 0x00000000ff2a0000)
 concurrent mark-sweep generation total 13696K, used 3191K [0x00000000ff2a0000, 0x0000000100000000, 0x0000000100000000)
 Metaspace       used 5071K, capacity 5248K, committed 5504K, reserved 1056768K
  class space    used 554K, capacity 592K, committed 640K, reserved 1048576K
}
{Heap before GC invocations=1176 (full 137):
 par new generation   total 6144K, used 5233K [0x00000000fec00000, 0x00000000ff2a0000, 0x00000000ff2a0000)
  eden space 5504K,  95% used [0x00000000fec00000, 0x00000000ff11b7b0, 0x00000000ff160000)
  from space 640K,   0% used [0x00000000ff160000, 0x00000000ff161020, 0x00000000ff200000)
  to   space 640K,   0% used [0x00000000ff200000, 0x00000000ff200000, 0x00000000ff2a0000)
 concurrent mark-sweep generation total 13696K, used 3191K [0x00000000ff2a0000, 0x0000000100000000, 0x0000000100000000)
 Metaspace       used 5071K, capacity 5248K, committed 5504K, reserved 1056768K
  class space    used 554K, capacity 592K, committed 640K, reserved 1048576K
2024-07-16T17:10:22.446+0800: 9.115: [GC (Allocation Failure) 2024-07-16T17:10:22.446+0800: 9.115: [ParNew: 5233K->10K(6144K), 0.0005568 secs] 8425K->5251K(19840K), 0.0005938 secs] [Times: user=0.00 sys=0.00, real=0.00 secs] 
Heap after GC invocations=1177 (full 137):
 par new generation   total 6144K, used 10K [0x00000000fec00000, 0x00000000ff2a0000, 0x00000000ff2a0000)
  eden space 5504K,   0% used [0x00000000fec00000, 0x00000000fec00000, 0x00000000ff160000)
  from space 640K,   1% used [0x00000000ff200000, 0x00000000ff202850, 0x00000000ff2a0000)
  to   space 640K,   0% used [0x00000000ff160000, 0x00000000ff160000, 0x00000000ff200000)
 concurrent mark-sweep generation total 13696K, used 5241K [0x00000000ff2a0000, 0x0000000100000000, 0x0000000100000000)
 Metaspace       used 5071K, capacity 5248K, committed 5504K, reserved 1056768K
  class space    used 554K, capacity 592K, committed 640K, reserved 1048576K
}
2024-07-16T17:10:22.446+0800: 9.115: [GC (CMS Initial Mark) [1 CMS-initial-mark: 5241K(13696K)] 6278K(19840K), 0.0001094 secs] [Times: user=0.00 sys=0.00, real=0.00 secs] 
2024-07-16T17:10:22.446+0800: 9.115: [CMS-concurrent-mark-start]
2024-07-16T17:10:22.448+0800: 9.117: [CMS-concurrent-mark: 0.001/0.001 secs] [Times: user=0.00 sys=0.00, real=0.00 secs] 
2024-07-16T17:10:22.448+0800: 9.117: [CMS-concurrent-preclean-start]
2024-07-16T17:10:22.448+0800: 9.117: [CMS-concurrent-preclean: 0.000/0.000 secs] [Times: user=0.00 sys=0.00, real=0.00 secs] 
2024-07-16T17:10:22.448+0800: 9.117: [CMS-concurrent-abortable-preclean-start]
{Heap before GC invocations=1177 (full 138):
 par new generation   total 6144K, used 5240K [0x00000000fec00000, 0x00000000ff2a0000, 0x00000000ff2a0000)
  eden space 5504K,  95% used [0x00000000fec00000, 0x00000000ff11b7b0, 0x00000000ff160000)
  from space 640K,   1% used [0x00000000ff200000, 0x00000000ff202850, 0x00000000ff2a0000)
  to   space 640K,   0% used [0x00000000ff160000, 0x00000000ff160000, 0x00000000ff200000)
 concurrent mark-sweep generation total 13696K, used 5241K [0x00000000ff2a0000, 0x0000000100000000, 0x0000000100000000)
 Metaspace       used 5071K, capacity 5248K, committed 5504K, reserved 1056768K
  class space    used 554K, capacity 592K, committed 640K, reserved 1048576K
2024-07-16T17:10:22.454+0800: 9.123: [GC (Allocation Failure) 2024-07-16T17:10:22.454+0800: 9.123: [ParNew: 5240K->2K(6144K), 0.0002671 secs] 10481K->5243K(19840K), 0.0002956 secs] [Times: user=0.00 sys=0.00, real=0.00 secs] 
Heap after GC invocations=1178 (full 138):
 par new generation   total 6144K, used 2K [0x00000000fec00000, 0x00000000ff2a0000, 0x00000000ff2a0000)
  eden space 5504K,   0% used [0x00000000fec00000, 0x00000000fec00000, 0x00000000ff160000)
  from space 640K,   0% used [0x00000000ff160000, 0x00000000ff160810, 0x00000000ff200000)
  to   space 640K,   0% used [0x00000000ff200000, 0x00000000ff200000, 0x00000000ff2a0000)
 concurrent mark-sweep generation total 13696K, used 5241K [0x00000000ff2a0000, 0x0000000100000000, 0x0000000100000000)
 Metaspace       used 5071K, capacity 5248K, committed 5504K, reserved 1056768K
  class space    used 554K, capacity 592K, committed 640K, reserved 1048576K
}
{Heap before GC invocations=1178 (full 138):
 par new generation   total 6144K, used 5231K [0x00000000fec00000, 0x00000000ff2a0000, 0x00000000ff2a0000)
  eden space 5504K,  95% used [0x00000000fec00000, 0x00000000ff11b7b0, 0x00000000ff160000)
  from space 640K,   0% used [0x00000000ff160000, 0x00000000ff160810, 0x00000000ff200000)
  to   space 640K,   0% used [0x00000000ff200000, 0x00000000ff200000, 0x00000000ff2a0000)
 concurrent mark-sweep generation total 13696K, used 5241K [0x00000000ff2a0000, 0x0000000100000000, 0x0000000100000000)
 Metaspace       used 5071K, capacity 5248K, committed 5504K, reserved 1056768K
  class space    used 554K, capacity 592K, committed 640K, reserved 1048576K
2024-07-16T17:10:22.461+0800: 9.130: [GC (Allocation Failure) 2024-07-16T17:10:22.461+0800: 9.130: [ParNew: 5231K->4K(6144K), 0.0003039 secs] 10473K->5245K(19840K), 0.0003407 secs] [Times: user=0.00 sys=0.00, real=0.00 secs] 
Heap after GC invocations=1179 (full 138):
 par new generation   total 6144K, used 4K [0x00000000fec00000, 0x00000000ff2a0000, 0x00000000ff2a0000)
  eden space 5504K,   0% used [0x00000000fec00000, 0x00000000fec00000, 0x00000000ff160000)
  from space 640K,   0% used [0x00000000ff200000, 0x00000000ff201020, 0x00000000ff2a0000)
  to   space 640K,   0% used [0x00000000ff160000, 0x00000000ff160000, 0x00000000ff200000)
 concurrent mark-sweep generation total 13696K, used 5241K [0x00000000ff2a0000, 0x0000000100000000, 0x0000000100000000)
 Metaspace       used 5071K, capacity 5248K, committed 5504K, reserved 1056768K
  class space    used 554K, capacity 592K, committed 640K, reserved 1048576K
}
{Heap before GC invocations=1179 (full 138):
 par new generation   total 6144K, used 5233K [0x00000000fec00000, 0x00000000ff2a0000, 0x00000000ff2a0000)
  eden space 5504K,  95% used [0x00000000fec00000, 0x00000000ff11b7b0, 0x00000000ff160000)
  from space 640K,   0% used [0x00000000ff200000, 0x00000000ff201020, 0x00000000ff2a0000)
  to   space 640K,   0% used [0x00000000ff160000, 0x00000000ff160000, 0x00000000ff200000)
 concurrent mark-sweep generation total 13696K, used 5241K [0x00000000ff2a0000, 0x0000000100000000, 0x0000000100000000)
 Metaspace       used 5071K, capacity 5248K, committed 5504K, reserved 1056768K
  class space    used 554K, capacity 592K, committed 640K, reserved 1048576K
2024-07-16T17:10:22.469+0800: 9.138: [GC (Allocation Failure) 2024-07-16T17:10:22.469+0800: 9.138: [ParNew: 5233K->4K(6144K), 0.0005010 secs] 10475K->5245K(19840K), 0.0005516 secs] [Times: user=0.00 sys=0.00, real=0.00 secs] 
Heap after GC invocations=1180 (full 138):
 par new generation   total 6144K, used 4K [0x00000000fec00000, 0x00000000ff2a0000, 0x00000000ff2a0000)
  eden space 5504K,   0% used [0x00000000fec00000, 0x00000000fec00000, 0x00000000ff160000)
  from space 640K,   0% used [0x00000000ff160000, 0x00000000ff161020, 0x00000000ff200000)
  to   space 640K,   0% used [0x00000000ff200000, 0x00000000ff200000, 0x00000000ff2a0000)
 concurrent mark-sweep generation total 13696K, used 5241K [0x00000000ff2a0000, 0x0000000100000000, 0x0000000100000000)
 Metaspace       used 5071K, capacity 5248K, committed 5504K, reserved 1056768K
  class space    used 554K, capacity 592K, committed 640K, reserved 1048576K
}
{Heap before GC invocations=1180 (full 138):
 par new generation   total 6144K, used 5233K [0x00000000fec00000, 0x00000000ff2a0000, 0x00000000ff2a0000)
  eden space 5504K,  95% used [0x00000000fec00000, 0x00000000ff11b7b0, 0x00000000ff160000)
  from space 640K,   0% used [0x00000000ff160000, 0x00000000ff161020, 0x00000000ff200000)
  to   space 640K,   0% used [0x00000000ff200000, 0x00000000ff200000, 0x00000000ff2a0000)
